{
  "Entries": [
    {
      "RequestUri": "https://sanitized.communication.azure.net/routing/distributionPolicies/test_update_job_w_cp_w_kwargs_tst_dp?api-version=2022-07-18-preview",
      "RequestMethod": "PATCH",
      "RequestHeaders": {
        "Accept": "application/json",
        "Accept-Encoding": "gzip, deflate",
        "Authorization": "Sanitized",
        "Connection": "keep-alive",
        "Content-Length": "167",
        "Content-Type": "application/merge-patch\u002Bjson",
        "User-Agent": "azsdk-python-communication-jobrouter/1.0.0b1 Python/3.9.13 (Windows-10-10.0.22621-SP0)",
        "x-ms-client-request-id": "1f417ee7-2028-11ee-95f1-046c590f95d2",
        "x-ms-content-sha256": "Sanitized",
        "x-ms-date": "Tue, 11 Jul 2023 20:18:39 GMT",
        "x-ms-return-client-request-id": "true"
      },
      "RequestBody": {
        "name": "test_update_job_w_cp_w_kwargs_tst_dp",
        "offerExpiresAfterSeconds": 10.0,
        "mode": {
          "kind": "round-robin",
          "minConcurrentOffers": 1,
          "maxConcurrentOffers": 1
        }
      },
      "StatusCode": 201,
      "ResponseHeaders": {
        "api-supported-versions": "2021-04-07-preview1, 2022-07-18-preview",
        "Connection": "keep-alive",
        "Content-Type": "application/json; charset=utf-8",
        "Date": "Tue, 11 Jul 2023 20:18:39 GMT",
        "ETag": "Sanitized",
        "Last-Modified": "Tue, 11 Jul 2023 20:18:39 GMT",
        "trace-id": "7521e415-4aca-2fd3-d026-ed8c085807fc",
        "Transfer-Encoding": "chunked",
        "x-azure-ref": "20230711T201839Z-vtx77f6w9h5gx68a8v8ckm5ren00000003s0000000008ae1",
        "X-Cache": "CONFIG_NOCACHE"
      },
      "ResponseBody": {
        "id": "test_update_job_w_cp_w_kwargs_tst_dp",
        "name": "test_update_job_w_cp_w_kwargs_tst_dp",
        "offerExpiresAfterSeconds": 10,
        "mode": {
          "kind": "round-robin",
          "minConcurrentOffers": 1,
          "maxConcurrentOffers": 1,
          "bypassSelectors": false
        }
      }
    },
    {
      "RequestUri": "https://sanitized.communication.azure.net/routing/queues/test_update_job_w_cp_w_kwargs_tst_q?api-version=2022-07-18-preview",
      "RequestMethod": "PATCH",
      "RequestHeaders": {
        "Accept": "application/json",
        "Accept-Encoding": "gzip, deflate",
        "Authorization": "Sanitized",
        "Connection": "keep-alive",
        "Content-Length": "167",
        "Content-Type": "application/merge-patch\u002Bjson",
        "User-Agent": "azsdk-python-communication-jobrouter/1.0.0b1 Python/3.9.13 (Windows-10-10.0.22621-SP0)",
        "x-ms-client-request-id": "1f5bc637-2028-11ee-aded-046c590f95d2",
        "x-ms-content-sha256": "Sanitized",
        "x-ms-date": "Tue, 11 Jul 2023 20:18:39 GMT",
        "x-ms-return-client-request-id": "true"
      },
      "RequestBody": {
        "name": "test_update_job_w_cp_w_kwargs_tst_q",
        "distributionPolicyId": "test_update_job_w_cp_w_kwargs_tst_dp",
        "labels": {
          "key1": "JobKey",
          "key2": 10,
          "key3": true
        }
      },
      "StatusCode": 200,
      "ResponseHeaders": {
        "api-supported-versions": "2021-04-07-preview1, 2022-07-18-preview",
        "Connection": "keep-alive",
        "Content-Type": "application/json; charset=utf-8",
        "Date": "Tue, 11 Jul 2023 20:18:39 GMT",
        "ETag": "Sanitized",
        "Last-Modified": "Tue, 11 Jul 2023 20:18:39 GMT",
        "trace-id": "243a7b88-cf7a-c9f3-a20d-d83e7b4e8cb9",
        "Transfer-Encoding": "chunked",
        "x-azure-ref": "20230711T201839Z-vtx77f6w9h5gx68a8v8ckm5ren00000003s0000000008aeh",
        "X-Cache": "CONFIG_NOCACHE"
      },
      "ResponseBody": {
        "id": "test_update_job_w_cp_w_kwargs_tst_q",
        "name": "test_update_job_w_cp_w_kwargs_tst_q",
        "distributionPolicyId": "test_update_job_w_cp_w_kwargs_tst_dp",
        "labels": {
          "key1": "JobKey",
          "key2": 10,
          "key3": true,
          "Id": "test_update_job_w_cp_w_kwargs_tst_q"
        }
      }
    },
    {
      "RequestUri": "https://sanitized.communication.azure.net/routing/queues/test_update_job_w_cp_w_kwargs_tst_flbk_q?api-version=2022-07-18-preview",
      "RequestMethod": "PATCH",
      "RequestHeaders": {
        "Accept": "application/json",
        "Accept-Encoding": "gzip, deflate",
        "Authorization": "Sanitized",
        "Connection": "keep-alive",
        "Content-Length": "172",
        "Content-Type": "application/merge-patch\u002Bjson",
        "User-Agent": "azsdk-python-communication-jobrouter/1.0.0b1 Python/3.9.13 (Windows-10-10.0.22621-SP0)",
        "x-ms-client-request-id": "1f73e8eb-2028-11ee-a5b3-046c590f95d2",
        "x-ms-content-sha256": "Sanitized",
        "x-ms-date": "Tue, 11 Jul 2023 20:18:39 GMT",
        "x-ms-return-client-request-id": "true"
      },
      "RequestBody": {
        "name": "test_update_job_w_cp_w_kwargs_tst_flbk_q",
        "distributionPolicyId": "test_update_job_w_cp_w_kwargs_tst_dp",
        "labels": {
          "key1": "JobKey",
          "key2": 10,
          "key3": true
        }
      },
      "StatusCode": 200,
      "ResponseHeaders": {
        "api-supported-versions": "2021-04-07-preview1, 2022-07-18-preview",
        "Connection": "keep-alive",
        "Content-Type": "application/json; charset=utf-8",
        "Date": "Tue, 11 Jul 2023 20:18:39 GMT",
        "ETag": "Sanitized",
        "Last-Modified": "Tue, 11 Jul 2023 20:18:39 GMT",
        "trace-id": "2c4b8d81-e350-6d2b-7243-043b8fa46214",
        "Transfer-Encoding": "chunked",
        "x-azure-ref": "20230711T201839Z-vtx77f6w9h5gx68a8v8ckm5ren00000003s0000000008afb",
        "X-Cache": "CONFIG_NOCACHE"
      },
      "ResponseBody": {
        "id": "test_update_job_w_cp_w_kwargs_tst_flbk_q",
        "name": "test_update_job_w_cp_w_kwargs_tst_flbk_q",
        "distributionPolicyId": "test_update_job_w_cp_w_kwargs_tst_dp",
        "labels": {
          "key1": "JobKey",
          "key2": 10,
          "key3": true,
          "Id": "test_update_job_w_cp_w_kwargs_tst_flbk_q"
        }
      }
    },
    {
      "RequestUri": "https://sanitized.communication.azure.net/routing/classificationPolicies/test_update_job_w_cp_w_kwargs_tst_cp?api-version=2022-07-18-preview",
      "RequestMethod": "PATCH",
      "RequestHeaders": {
        "Accept": "application/json",
        "Accept-Encoding": "gzip, deflate",
        "Authorization": "Sanitized",
        "Connection": "keep-alive",
        "Content-Length": "450",
        "Content-Type": "application/merge-patch\u002Bjson",
        "User-Agent": "azsdk-python-communication-jobrouter/1.0.0b1 Python/3.9.13 (Windows-10-10.0.22621-SP0)",
        "x-ms-client-request-id": "1f91ecc5-2028-11ee-89ce-046c590f95d2",
        "x-ms-content-sha256": "Sanitized",
        "x-ms-date": "Tue, 11 Jul 2023 20:18:39 GMT",
        "x-ms-return-client-request-id": "true"
      },
      "RequestBody": {
        "name": "test_update_job_w_cp_w_kwargs_tst_cp",
        "fallbackQueueId": "test_update_job_w_cp_w_kwargs_tst_flbk_q",
        "queueSelectors": [
          {
            "kind": "static",
            "queueSelector": {
              "key": "Id",
              "labelOperator": "equal",
              "value": "test_update_job_w_cp_w_kwargs_tst_q"
            }
          }
        ],
        "prioritizationRule": {
          "kind": "static-rule",
          "value": 10
        },
        "workerSelectors": [
          {
            "kind": "static",
            "workerSelector": {
              "key": "FakeKeyFromCp",
              "labelOperator": "equal",
              "value": "FakeValue"
            }
          }
        ]
      },
      "StatusCode": 201,
      "ResponseHeaders": {
        "api-supported-versions": "2021-04-07-preview1, 2022-07-18-preview",
        "Connection": "keep-alive",
        "Content-Type": "application/json; charset=utf-8",
        "Date": "Tue, 11 Jul 2023 20:18:39 GMT",
        "ETag": "Sanitized",
        "Last-Modified": "Tue, 11 Jul 2023 20:18:39 GMT",
        "trace-id": "8cd5e88c-2890-a601-2be4-217fbea81e21",
        "Transfer-Encoding": "chunked",
        "x-azure-ref": "20230711T201839Z-vtx77f6w9h5gx68a8v8ckm5ren00000003s0000000008ag2",
        "X-Cache": "CONFIG_NOCACHE"
      },
      "ResponseBody": {
        "id": "test_update_job_w_cp_w_kwargs_tst_cp",
        "name": "test_update_job_w_cp_w_kwargs_tst_cp",
        "fallbackQueueId": "test_update_job_w_cp_w_kwargs_tst_flbk_q",
        "queueSelectors": [
          {
            "kind": "static",
            "queueSelector": {
              "key": "Id",
              "labelOperator": "equal",
              "value": "test_update_job_w_cp_w_kwargs_tst_q"
            }
          }
        ],
        "prioritizationRule": {
          "kind": "static-rule",
          "value": 10
        },
        "workerSelectors": [
          {
            "kind": "static",
            "workerSelector": {
              "expedite": false,
              "status": "active",
              "key": "FakeKeyFromCp",
              "labelOperator": "equal",
              "value": "FakeValue"
            }
          }
        ]
      }
    },
    {
      "RequestUri": "https://sanitized.communication.azure.net/routing/jobs/tst_update_job_cp_w_kwargs?api-version=2022-07-18-preview",
      "RequestMethod": "PATCH",
      "RequestHeaders": {
        "Accept": "application/json",
        "Accept-Encoding": "gzip, deflate",
        "Authorization": "Sanitized",
        "Connection": "keep-alive",
        "Content-Length": "732",
        "Content-Type": "application/merge-patch\u002Bjson",
        "User-Agent": "azsdk-python-communication-jobrouter/1.0.0b1 Python/3.9.13 (Windows-10-10.0.22621-SP0)",
        "x-ms-client-request-id": "1fafb58c-2028-11ee-91bf-046c590f95d2",
        "x-ms-content-sha256": "Sanitized",
        "x-ms-date": "Tue, 11 Jul 2023 20:18:39 GMT",
        "x-ms-return-client-request-id": "true"
      },
      "RequestBody": {
        "channelReference": "fakeChannelRef1",
        "channelId": "fakeChannelId1",
        "classificationPolicyId": "test_update_job_w_cp_w_kwargs_tst_cp",
        "requestedWorkerSelectors": [
          {
            "key": "FakeKey1",
            "labelOperator": "equal",
            "value": true
          },
          {
            "key": "FakeKey2",
            "labelOperator": "notEqual",
            "value": false
          },
          {
            "key": "FakeKey3",
            "labelOperator": "lessThan",
            "value": 10
          },
          {
            "key": "FakeKey4",
            "labelOperator": "lessThanEqual",
            "value": 10.01
          },
          {
            "key": "FakeKey5",
            "labelOperator": "greaterThan",
            "value": 10
          },
          {
            "key": "FakeKey6",
            "labelOperator": "greaterThanEqual",
            "value": 10
          }
        ],
        "labels": {
          "key1": "JobKey",
          "key2": 10,
          "key3": true
        },
        "tags": {
          "tag1": "WorkerGenericInfo"
        },
        "notes": {
          "2022-05-13T16:59:04.531199Z": "Fake notes attached to job"
        }
      },
      "StatusCode": 201,
      "ResponseHeaders": {
        "api-supported-versions": "2021-04-07-preview1, 2022-07-18-preview",
        "Connection": "keep-alive",
        "Content-Type": "application/json; charset=utf-8",
        "Date": "Tue, 11 Jul 2023 20:18:40 GMT",
        "ETag": "Sanitized",
        "Last-Modified": "Tue, 11 Jul 2023 20:18:39 GMT",
        "trace-id": "e984ad68-74c5-9afc-7820-bef623b2bd8f",
        "Transfer-Encoding": "chunked",
        "x-azure-ref": "20230711T201839Z-vtx77f6w9h5gx68a8v8ckm5ren00000003s0000000008agy",
        "X-Cache": "CONFIG_NOCACHE"
      },
      "ResponseBody": {
        "id": "tst_update_job_cp_w_kwargs",
        "channelReference": "fakeChannelRef1",
        "status": "pendingClassification",
        "channelId": "fakeChannelId1",
        "classificationPolicyId": "test_update_job_w_cp_w_kwargs_tst_cp",
        "priority": 1,
        "requestedWorkerSelectors": [
          {
            "expedite": false,
            "status": "active",
            "key": "FakeKey1",
            "labelOperator": "equal",
            "value": true
          },
          {
            "expedite": false,
            "status": "active",
            "key": "FakeKey2",
            "labelOperator": "notEqual",
            "value": false
          },
          {
            "expedite": false,
            "status": "active",
            "key": "FakeKey3",
            "labelOperator": "lessThan",
            "value": 10
          },
          {
            "expedite": false,
            "status": "active",
            "key": "FakeKey4",
            "labelOperator": "lessThanEqual",
            "value": 10.01
          },
          {
            "expedite": false,
            "status": "active",
            "key": "FakeKey5",
            "labelOperator": "greaterThan",
            "value": 10
          },
          {
            "expedite": false,
            "status": "active",
            "key": "FakeKey6",
            "labelOperator": "greaterThanEqual",
            "value": 10
          }
        ],
        "attachedWorkerSelectors": [],
        "labels": {
          "key1": "JobKey",
          "key2": 10,
          "key3": true
        },
        "assignments": {},
        "tags": {
          "tag1": "WorkerGenericInfo"
        },
        "notes": {
          "2022-05-13T16:59:04.531199\u002B00:00": "Fake notes attached to job"
        },
        "matchingMode": {
          "modeType": "queueAndMatchMode",
          "queueAndMatchMode": {}
        }
      }
    },
    {
      "RequestUri": "https://sanitized.communication.azure.net/routing/jobs/tst_update_job_cp_w_kwargs?api-version=2022-07-18-preview",
      "RequestMethod": "GET",
      "RequestHeaders": {
        "Accept": "application/json",
        "Accept-Encoding": "gzip, deflate",
        "Authorization": "Sanitized",
        "Connection": "keep-alive",
        "User-Agent": "azsdk-python-communication-jobrouter/1.0.0b1 Python/3.9.13 (Windows-10-10.0.22621-SP0)",
        "x-ms-client-request-id": "1fd45154-2028-11ee-b0d1-046c590f95d2",
        "x-ms-content-sha256": "Sanitized",
        "x-ms-date": "Tue, 11 Jul 2023 20:18:39 GMT",
        "x-ms-return-client-request-id": "true"
      },
      "RequestBody": null,
      "StatusCode": 200,
      "ResponseHeaders": {
        "api-supported-versions": "2021-04-07-preview1, 2022-07-18-preview",
        "Connection": "keep-alive",
        "Content-Type": "application/json; charset=utf-8",
        "Date": "Tue, 11 Jul 2023 20:18:40 GMT",
        "ETag": "Sanitized",
        "Last-Modified": "Tue, 11 Jul 2023 20:18:39 GMT",
        "trace-id": "297c3d31-ae2d-8256-c5a3-7eaf3c148b50",
        "Transfer-Encoding": "chunked",
        "x-azure-ref": "20230711T201840Z-vtx77f6w9h5gx68a8v8ckm5ren00000003s0000000008ahr",
        "X-Cache": "CONFIG_NOCACHE"
      },
      "ResponseBody": {
        "id": "tst_update_job_cp_w_kwargs",
        "channelReference": "fakeChannelRef1",
        "status": "pendingClassification",
        "channelId": "fakeChannelId1",
        "classificationPolicyId": "test_update_job_w_cp_w_kwargs_tst_cp",
        "priority": 1,
        "requestedWorkerSelectors": [
          {
            "expedite": false,
            "status": "active",
            "key": "FakeKey1",
            "labelOperator": "equal",
            "value": true
          },
          {
            "expedite": false,
            "status": "active",
            "key": "FakeKey2",
            "labelOperator": "notEqual",
            "value": false
          },
          {
            "expedite": false,
            "status": "active",
            "key": "FakeKey3",
            "labelOperator": "lessThan",
            "value": 10
          },
          {
            "expedite": false,
            "status": "active",
            "key": "FakeKey4",
            "labelOperator": "lessThanEqual",
            "value": 10.01
          },
          {
            "expedite": false,
            "status": "active",
            "key": "FakeKey5",
            "labelOperator": "greaterThan",
            "value": 10
          },
          {
            "expedite": false,
            "status": "active",
            "key": "FakeKey6",
            "labelOperator": "greaterThanEqual",
            "value": 10
          }
        ],
        "attachedWorkerSelectors": [],
        "labels": {
          "key1": "JobKey",
          "key2": 10,
          "key3": true
        },
        "assignments": {},
        "tags": {
          "tag1": "WorkerGenericInfo"
        },
        "notes": {
          "2022-05-13T16:59:04.531199\u002B00:00": "Fake notes attached to job"
        },
        "matchingMode": {
          "modeType": "queueAndMatchMode",
          "queueAndMatchMode": {}
        }
      }
    },
    {
      "RequestUri": "https://sanitized.communication.azure.net/routing/jobs/tst_update_job_cp_w_kwargs?api-version=2022-07-18-preview",
      "RequestMethod": "GET",
      "RequestHeaders": {
        "Accept": "application/json",
        "Accept-Encoding": "gzip, deflate",
        "Authorization": "Sanitized",
        "Connection": "keep-alive",
        "User-Agent": "azsdk-python-communication-jobrouter/1.0.0b1 Python/3.9.13 (Windows-10-10.0.22621-SP0)",
        "x-ms-client-request-id": "21ad2477-2028-11ee-b605-046c590f95d2",
        "x-ms-content-sha256": "Sanitized",
        "x-ms-date": "Tue, 11 Jul 2023 20:18:43 GMT",
        "x-ms-return-client-request-id": "true"
      },
      "RequestBody": null,
      "StatusCode": 200,
      "ResponseHeaders": {
        "api-supported-versions": "2021-04-07-preview1, 2022-07-18-preview",
        "Connection": "keep-alive",
        "Content-Type": "application/json; charset=utf-8",
        "Date": "Tue, 11 Jul 2023 20:18:43 GMT",
        "ETag": "Sanitized",
        "Last-Modified": "Tue, 11 Jul 2023 20:18:40 GMT",
        "trace-id": "31df6d44-14b7-b29c-091f-309239603b2e",
        "Transfer-Encoding": "chunked",
        "x-azure-ref": "20230711T201843Z-vtx77f6w9h5gx68a8v8ckm5ren00000003s0000000008ay7",
        "X-Cache": "CONFIG_NOCACHE"
      },
      "ResponseBody": {
        "id": "tst_update_job_cp_w_kwargs",
        "channelReference": "fakeChannelRef1",
        "status": "queued",
        "enqueuedAt": "2023-07-11T20:18:40.3518424\u002B00:00",
        "channelId": "fakeChannelId1",
        "classificationPolicyId": "test_update_job_w_cp_w_kwargs_tst_cp",
        "queueId": "test_update_job_w_cp_w_kwargs_tst_q",
        "priority": 10,
        "requestedWorkerSelectors": [
          {
            "expedite": false,
            "status": "active",
            "key": "FakeKey1",
            "labelOperator": "equal",
            "value": true
          },
          {
            "expedite": false,
            "status": "active",
            "key": "FakeKey2",
            "labelOperator": "notEqual",
            "value": false
          },
          {
            "expedite": false,
            "status": "active",
            "key": "FakeKey3",
            "labelOperator": "lessThan",
            "value": 10
          },
          {
            "expedite": false,
            "status": "active",
            "key": "FakeKey4",
            "labelOperator": "lessThanEqual",
            "value": 10.01
          },
          {
            "expedite": false,
            "status": "active",
            "key": "FakeKey5",
            "labelOperator": "greaterThan",
            "value": 10
          },
          {
            "expedite": false,
            "status": "active",
            "key": "FakeKey6",
            "labelOperator": "greaterThanEqual",
            "value": 10
          }
        ],
        "attachedWorkerSelectors": [
          {
            "expedite": false,
            "status": "active",
            "key": "FakeKeyFromCp",
            "labelOperator": "equal",
            "value": "FakeValue"
          }
        ],
        "labels": {
          "key1": "JobKey",
          "key2": 10,
          "key3": true
        },
        "assignments": {},
        "tags": {
          "tag1": "WorkerGenericInfo"
        },
        "notes": {
          "2022-05-13T16:59:04.531199\u002B00:00": "Fake notes attached to job"
        },
        "matchingMode": {
          "modeType": "queueAndMatchMode",
          "queueAndMatchMode": {}
        }
      }
    },
    {
      "RequestUri": "https://sanitized.communication.azure.net/routing/jobs/tst_update_job_cp_w_kwargs?api-version=2022-07-18-preview",
      "RequestMethod": "PATCH",
      "RequestHeaders": {
        "Accept": "application/json",
        "Accept-Encoding": "gzip, deflate",
        "Authorization": "Sanitized",
        "Connection": "keep-alive",
        "Content-Length": "86",
        "Content-Type": "application/merge-patch\u002Bjson",
        "User-Agent": "azsdk-python-communication-jobrouter/1.0.0b1 Python/3.9.13 (Windows-10-10.0.22621-SP0)",
        "x-ms-client-request-id": "21b9fb21-2028-11ee-9b00-046c590f95d2",
        "x-ms-content-sha256": "Sanitized",
        "x-ms-date": "Tue, 11 Jul 2023 20:18:43 GMT",
        "x-ms-return-client-request-id": "true"
      },
      "RequestBody": {
        "labels": {
          "key1": "JobKey",
          "key2": 10,
          "key3": true,
          "FakeKey": "FakeWorkerValue"
        }
      },
      "StatusCode": 200,
      "ResponseHeaders": {
        "api-supported-versions": "2021-04-07-preview1, 2022-07-18-preview",
        "Connection": "keep-alive",
        "Content-Type": "application/json; charset=utf-8",
        "Date": "Tue, 11 Jul 2023 20:18:43 GMT",
        "ETag": "Sanitized",
        "Last-Modified": "Tue, 11 Jul 2023 20:18:43 GMT",
        "trace-id": "bb85b253-53d6-d605-4491-e44053904c67",
        "Transfer-Encoding": "chunked",
        "x-azure-ref": "20230711T201843Z-vtx77f6w9h5gx68a8v8ckm5ren00000003s0000000008ayf",
        "X-Cache": "CONFIG_NOCACHE"
      },
      "ResponseBody": {
        "id": "tst_update_job_cp_w_kwargs",
        "channelReference": "fakeChannelRef1",
        "status": "pendingClassification",
        "enqueuedAt": "2023-07-11T20:18:40.3518424\u002B00:00",
        "channelId": "fakeChannelId1",
        "classificationPolicyId": "test_update_job_w_cp_w_kwargs_tst_cp",
        "queueId": "test_update_job_w_cp_w_kwargs_tst_q",
        "priority": 10,
        "requestedWorkerSelectors": [
          {
            "expedite": false,
            "status": "active",
            "key": "FakeKey1",
            "labelOperator": "equal",
            "value": true
          },
          {
            "expedite": false,
            "status": "active",
            "key": "FakeKey2",
            "labelOperator": "notEqual",
            "value": false
          },
          {
            "expedite": false,
            "status": "active",
            "key": "FakeKey3",
            "labelOperator": "lessThan",
            "value": 10
          },
          {
            "expedite": false,
            "status": "active",
            "key": "FakeKey4",
            "labelOperator": "lessThanEqual",
            "value": 10.01
          },
          {
            "expedite": false,
            "status": "active",
            "key": "FakeKey5",
            "labelOperator": "greaterThan",
            "value": 10
          },
          {
            "expedite": false,
            "status": "active",
            "key": "FakeKey6",
            "labelOperator": "greaterThanEqual",
            "value": 10
          }
        ],
        "attachedWorkerSelectors": [
          {
            "expedite": false,
            "status": "active",
            "key": "FakeKeyFromCp",
            "labelOperator": "equal",
            "value": "FakeValue"
          }
        ],
        "labels": {
          "key1": "JobKey",
          "key2": 10,
          "key3": true,
          "FakeKey": "FakeWorkerValue"
        },
        "assignments": {},
        "tags": {
          "tag1": "WorkerGenericInfo"
        },
        "notes": {
          "2022-05-13T16:59:04.531199\u002B00:00": "Fake notes attached to job"
        },
        "matchingMode": {
          "modeType": "queueAndMatchMode",
          "queueAndMatchMode": {}
        }
      }
    },
    {
      "RequestUri": "https://sanitized.communication.azure.net/routing/jobs/tst_update_job_cp_w_kwargs?api-version=2022-07-18-preview",
      "RequestMethod": "GET",
      "RequestHeaders": {
        "Accept": "application/json",
        "Accept-Encoding": "gzip, deflate",
        "Authorization": "Sanitized",
        "Connection": "keep-alive",
        "User-Agent": "azsdk-python-communication-jobrouter/1.0.0b1 Python/3.9.13 (Windows-10-10.0.22621-SP0)",
        "x-ms-client-request-id": "21ed7df4-2028-11ee-856a-046c590f95d2",
        "x-ms-content-sha256": "Sanitized",
        "x-ms-date": "Tue, 11 Jul 2023 20:18:43 GMT",
        "x-ms-return-client-request-id": "true"
      },
      "RequestBody": null,
      "StatusCode": 200,
      "ResponseHeaders": {
        "api-supported-versions": "2021-04-07-preview1, 2022-07-18-preview",
        "Connection": "keep-alive",
        "Content-Type": "application/json; charset=utf-8",
        "Date": "Tue, 11 Jul 2023 20:18:43 GMT",
        "ETag": "Sanitized",
        "Last-Modified": "Tue, 11 Jul 2023 20:18:43 GMT",
        "trace-id": "0e93c031-a11e-4ffa-6c17-4215098ad836",
        "Transfer-Encoding": "chunked",
        "x-azure-ref": "20230711T201843Z-vtx77f6w9h5gx68a8v8ckm5ren00000003s0000000008b0e",
        "X-Cache": "CONFIG_NOCACHE"
      },
      "ResponseBody": {
        "id": "tst_update_job_cp_w_kwargs",
        "channelReference": "fakeChannelRef1",
        "status": "pendingClassification",
        "enqueuedAt": "2023-07-11T20:18:40.3518424\u002B00:00",
        "channelId": "fakeChannelId1",
        "classificationPolicyId": "test_update_job_w_cp_w_kwargs_tst_cp",
        "queueId": "test_update_job_w_cp_w_kwargs_tst_q",
        "priority": 10,
        "requestedWorkerSelectors": [
          {
            "expedite": false,
            "status": "active",
            "key": "FakeKey1",
            "labelOperator": "equal",
            "value": true
          },
          {
            "expedite": false,
            "status": "active",
            "key": "FakeKey2",
            "labelOperator": "notEqual",
            "value": false
          },
          {
            "expedite": false,
            "status": "active",
            "key": "FakeKey3",
            "labelOperator": "lessThan",
            "value": 10
          },
          {
            "expedite": false,
            "status": "active",
            "key": "FakeKey4",
            "labelOperator": "lessThanEqual",
            "value": 10.01
          },
          {
            "expedite": false,
            "status": "active",
            "key": "FakeKey5",
            "labelOperator": "greaterThan",
            "value": 10
          },
          {
            "expedite": false,
            "status": "active",
            "key": "FakeKey6",
            "labelOperator": "greaterThanEqual",
            "value": 10
          }
        ],
        "attachedWorkerSelectors": [
          {
            "expedite": false,
            "status": "active",
            "key": "FakeKeyFromCp",
            "labelOperator": "equal",
            "value": "FakeValue"
          }
        ],
        "labels": {
          "key1": "JobKey",
          "key2": 10,
          "key3": true,
          "FakeKey": "FakeWorkerValue"
        },
        "assignments": {},
        "tags": {
          "tag1": "WorkerGenericInfo"
        },
        "notes": {
          "2022-05-13T16:59:04.531199\u002B00:00": "Fake notes attached to job"
        },
        "matchingMode": {
          "modeType": "queueAndMatchMode",
          "queueAndMatchMode": {}
        }
      }
    },
    {
      "RequestUri": "https://sanitized.communication.azure.net/routing/jobs/tst_update_job_cp_w_kwargs?api-version=2022-07-18-preview",
      "RequestMethod": "GET",
      "RequestHeaders": {
        "Accept": "application/json",
        "Accept-Encoding": "gzip, deflate",
        "Authorization": "Sanitized",
        "Connection": "keep-alive",
        "User-Agent": "azsdk-python-communication-jobrouter/1.0.0b1 Python/3.9.13 (Windows-10-10.0.22621-SP0)",
        "x-ms-client-request-id": "23d2c195-2028-11ee-b5e2-046c590f95d2",
        "x-ms-content-sha256": "Sanitized",
        "x-ms-date": "Tue, 11 Jul 2023 20:18:46 GMT",
        "x-ms-return-client-request-id": "true"
      },
      "RequestBody": null,
      "StatusCode": 200,
      "ResponseHeaders": {
        "api-supported-versions": "2021-04-07-preview1, 2022-07-18-preview",
        "Connection": "keep-alive",
        "Content-Type": "application/json; charset=utf-8",
        "Date": "Tue, 11 Jul 2023 20:18:46 GMT",
        "ETag": "Sanitized",
        "Last-Modified": "Tue, 11 Jul 2023 20:18:43 GMT",
        "trace-id": "48fce5a2-47ba-d676-0cb3-d555620d8997",
        "Transfer-Encoding": "chunked",
        "x-azure-ref": "20230711T201846Z-vtx77f6w9h5gx68a8v8ckm5ren00000003s0000000008bge",
        "X-Cache": "CONFIG_NOCACHE"
      },
      "ResponseBody": {
        "id": "tst_update_job_cp_w_kwargs",
        "channelReference": "fakeChannelRef1",
        "status": "queued",
        "enqueuedAt": "2023-07-11T20:18:40.3518424\u002B00:00",
        "channelId": "fakeChannelId1",
        "classificationPolicyId": "test_update_job_w_cp_w_kwargs_tst_cp",
        "queueId": "test_update_job_w_cp_w_kwargs_tst_q",
        "priority": 10,
        "requestedWorkerSelectors": [
          {
            "expedite": false,
            "status": "active",
            "key": "FakeKey1",
            "labelOperator": "equal",
            "value": true
          },
          {
            "expedite": false,
            "status": "active",
            "key": "FakeKey2",
            "labelOperator": "notEqual",
            "value": false
          },
          {
            "expedite": false,
            "status": "active",
            "key": "FakeKey3",
            "labelOperator": "lessThan",
            "value": 10
          },
          {
            "expedite": false,
            "status": "active",
            "key": "FakeKey4",
            "labelOperator": "lessThanEqual",
            "value": 10.01
          },
          {
            "expedite": false,
            "status": "active",
            "key": "FakeKey5",
            "labelOperator": "greaterThan",
            "value": 10
          },
          {
            "expedite": false,
            "status": "active",
            "key": "FakeKey6",
            "labelOperator": "greaterThanEqual",
            "value": 10
          }
        ],
        "attachedWorkerSelectors": [
          {
            "expedite": false,
            "status": "active",
            "key": "FakeKeyFromCp",
            "labelOperator": "equal",
            "value": "FakeValue"
          }
        ],
        "labels": {
          "key1": "JobKey",
          "key2": 10,
          "key3": true,
          "FakeKey": "FakeWorkerValue"
        },
        "assignments": {},
        "tags": {
          "tag1": "WorkerGenericInfo"
        },
        "notes": {
          "2022-05-13T16:59:04.531199\u002B00:00": "Fake notes attached to job"
        },
        "matchingMode": {
          "modeType": "queueAndMatchMode",
          "queueAndMatchMode": {}
        }
      }
    },
    {
      "RequestUri": "https://sanitized.communication.azure.net/routing/jobs/tst_update_job_cp_w_kwargs?api-version=2022-07-18-preview",
      "RequestMethod": "GET",
      "RequestHeaders": {
        "Accept": "application/json",
        "Accept-Encoding": "gzip, deflate",
        "Authorization": "Sanitized",
        "Connection": "keep-alive",
        "User-Agent": "azsdk-python-communication-jobrouter/1.0.0b1 Python/3.9.13 (Windows-10-10.0.22621-SP0)",
        "x-ms-client-request-id": "23e7cbef-2028-11ee-94e1-046c590f95d2",
        "x-ms-content-sha256": "Sanitized",
        "x-ms-date": "Tue, 11 Jul 2023 20:18:46 GMT",
        "x-ms-return-client-request-id": "true"
      },
      "RequestBody": null,
      "StatusCode": 200,
      "ResponseHeaders": {
        "api-supported-versions": "2021-04-07-preview1, 2022-07-18-preview",
        "Connection": "keep-alive",
        "Content-Type": "application/json; charset=utf-8",
        "Date": "Tue, 11 Jul 2023 20:18:46 GMT",
        "ETag": "Sanitized",
        "Last-Modified": "Tue, 11 Jul 2023 20:18:43 GMT",
        "trace-id": "23c9e34a-e4cb-75fb-9fb1-137d03e8004b",
        "Transfer-Encoding": "chunked",
        "x-azure-ref": "20230711T201846Z-vtx77f6w9h5gx68a8v8ckm5ren00000003s0000000008bgx",
        "X-Cache": "CONFIG_NOCACHE"
      },
      "ResponseBody": {
        "id": "tst_update_job_cp_w_kwargs",
        "channelReference": "fakeChannelRef1",
        "status": "queued",
        "enqueuedAt": "2023-07-11T20:18:40.3518424\u002B00:00",
        "channelId": "fakeChannelId1",
        "classificationPolicyId": "test_update_job_w_cp_w_kwargs_tst_cp",
        "queueId": "test_update_job_w_cp_w_kwargs_tst_q",
        "priority": 10,
        "requestedWorkerSelectors": [
          {
            "expedite": false,
            "status": "active",
            "key": "FakeKey1",
            "labelOperator": "equal",
            "value": true
          },
          {
            "expedite": false,
            "status": "active",
            "key": "FakeKey2",
            "labelOperator": "notEqual",
            "value": false
          },
          {
            "expedite": false,
            "status": "active",
            "key": "FakeKey3",
            "labelOperator": "lessThan",
            "value": 10
          },
          {
            "expedite": false,
            "status": "active",
            "key": "FakeKey4",
            "labelOperator": "lessThanEqual",
            "value": 10.01
          },
          {
            "expedite": false,
            "status": "active",
            "key": "FakeKey5",
            "labelOperator": "greaterThan",
            "value": 10
          },
          {
            "expedite": false,
            "status": "active",
            "key": "FakeKey6",
            "labelOperator": "greaterThanEqual",
            "value": 10
          }
        ],
        "attachedWorkerSelectors": [
          {
            "expedite": false,
            "status": "active",
            "key": "FakeKeyFromCp",
            "labelOperator": "equal",
            "value": "FakeValue"
          }
        ],
        "labels": {
          "key1": "JobKey",
          "key2": 10,
          "key3": true,
          "FakeKey": "FakeWorkerValue"
        },
        "assignments": {},
        "tags": {
          "tag1": "WorkerGenericInfo"
        },
        "notes": {
          "2022-05-13T16:59:04.531199\u002B00:00": "Fake notes attached to job"
        },
        "matchingMode": {
          "modeType": "queueAndMatchMode",
          "queueAndMatchMode": {}
        }
      }
    },
    {
      "RequestUri": "https://sanitized.communication.azure.net/routing/jobs/tst_update_job_cp_w_kwargs:cancel?api-version=2022-07-18-preview",
      "RequestMethod": "POST",
      "RequestHeaders": {
        "Accept": "application/json",
        "Accept-Encoding": "gzip, deflate",
        "Authorization": "Sanitized",
        "Connection": "keep-alive",
        "Content-Length": "54",
        "Content-Type": "application/json",
        "User-Agent": "azsdk-python-communication-jobrouter/1.0.0b1 Python/3.9.13 (Windows-10-10.0.22621-SP0)",
        "x-ms-client-request-id": "23f61b32-2028-11ee-8436-046c590f95d2",
        "x-ms-content-sha256": "Sanitized",
        "x-ms-date": "Tue, 11 Jul 2023 20:18:46 GMT",
        "x-ms-return-client-request-id": "true"
      },
      "RequestBody": {
        "dispositionCode": "JobCancelledAsPartOfTestCleanUp"
      },
      "StatusCode": 200,
      "ResponseHeaders": {
        "api-supported-versions": "2021-04-07-preview1, 2022-07-18-preview",
        "Connection": "keep-alive",
        "Content-Type": "application/json; charset=utf-8",
        "Date": "Tue, 11 Jul 2023 20:18:47 GMT",
        "trace-id": "007ee16b-5e27-eff4-afb4-fc709496e05a",
        "Transfer-Encoding": "chunked",
        "x-azure-ref": "20230711T201846Z-vtx77f6w9h5gx68a8v8ckm5ren00000003s0000000008bh8",
        "X-Cache": "CONFIG_NOCACHE"
      },
      "ResponseBody": {}
    },
    {
      "RequestUri": "https://sanitized.communication.azure.net/routing/jobs/tst_update_job_cp_w_kwargs?api-version=2022-07-18-preview",
      "RequestMethod": "DELETE",
      "RequestHeaders": {
        "Accept": "application/json",
        "Accept-Encoding": "gzip, deflate",
        "Authorization": "Sanitized",
        "Connection": "keep-alive",
        "Content-Length": "0",
        "User-Agent": "azsdk-python-communication-jobrouter/1.0.0b1 Python/3.9.13 (Windows-10-10.0.22621-SP0)",
        "x-ms-client-request-id": "24174d04-2028-11ee-990e-046c590f95d2",
        "x-ms-content-sha256": "Sanitized",
        "x-ms-date": "Tue, 11 Jul 2023 20:18:47 GMT",
        "x-ms-return-client-request-id": "true"
      },
      "RequestBody": null,
      "StatusCode": 204,
      "ResponseHeaders": {
        "api-supported-versions": "2021-04-07-preview1, 2022-07-18-preview",
        "Connection": "keep-alive",
        "Date": "Tue, 11 Jul 2023 20:18:47 GMT",
        "trace-id": "7933a4c0-353f-7a7e-6b32-08e88461d4fa",
        "x-azure-ref": "20230711T201847Z-vtx77f6w9h5gx68a8v8ckm5ren00000003s0000000008bk9",
        "X-Cache": "CONFIG_NOCACHE"
      },
      "ResponseBody": null
    },
    {
      "RequestUri": "https://sanitized.communication.azure.net/routing/classificationPolicies/test_update_job_w_cp_w_kwargs_tst_cp?api-version=2022-07-18-preview",
      "RequestMethod": "DELETE",
      "RequestHeaders": {
        "Accept": "application/json",
        "Accept-Encoding": "gzip, deflate",
        "Authorization": "Sanitized",
        "Connection": "keep-alive",
        "Content-Length": "0",
        "User-Agent": "azsdk-python-communication-jobrouter/1.0.0b1 Python/3.9.13 (Windows-10-10.0.22621-SP0)",
        "x-ms-client-request-id": "243a37e2-2028-11ee-9727-046c590f95d2",
        "x-ms-content-sha256": "Sanitized",
        "x-ms-date": "Tue, 11 Jul 2023 20:18:47 GMT",
        "x-ms-return-client-request-id": "true"
      },
      "RequestBody": null,
      "StatusCode": 204,
      "ResponseHeaders": {
        "api-supported-versions": "2021-04-07-preview1, 2022-07-18-preview",
        "Connection": "keep-alive",
        "Date": "Tue, 11 Jul 2023 20:18:47 GMT",
        "trace-id": "7cfa6dce-6fb1-eca3-86eb-68d857d5d47f",
        "x-azure-ref": "20230711T201847Z-vtx77f6w9h5gx68a8v8ckm5ren00000003s0000000008bmv",
        "X-Cache": "CONFIG_NOCACHE"
      },
      "ResponseBody": null
    },
    {
      "RequestUri": "https://sanitized.communication.azure.net/routing/queues/test_update_job_w_cp_w_kwargs_tst_flbk_q?api-version=2022-07-18-preview",
      "RequestMethod": "DELETE",
      "RequestHeaders": {
        "Accept": "application/json",
        "Accept-Encoding": "gzip, deflate",
        "Authorization": "Sanitized",
        "Connection": "keep-alive",
        "Content-Length": "0",
        "User-Agent": "azsdk-python-communication-jobrouter/1.0.0b1 Python/3.9.13 (Windows-10-10.0.22621-SP0)",
        "x-ms-client-request-id": "2450ddcb-2028-11ee-824c-046c590f95d2",
        "x-ms-content-sha256": "Sanitized",
        "x-ms-date": "Tue, 11 Jul 2023 20:18:47 GMT",
        "x-ms-return-client-request-id": "true"
      },
      "RequestBody": null,
      "StatusCode": 204,
      "ResponseHeaders": {
        "api-supported-versions": "2021-04-07-preview1, 2022-07-18-preview",
        "Connection": "keep-alive",
        "Date": "Tue, 11 Jul 2023 20:18:47 GMT",
        "trace-id": "7b084aa0-77db-4717-5f89-8bac093e2364",
        "x-azure-ref": "20230711T201847Z-vtx77f6w9h5gx68a8v8ckm5ren00000003s0000000008bnn",
        "X-Cache": "CONFIG_NOCACHE"
      },
      "ResponseBody": null
    },
    {
      "RequestUri": "https://sanitized.communication.azure.net/routing/queues/test_update_job_w_cp_w_kwargs_tst_q?api-version=2022-07-18-preview",
      "RequestMethod": "DELETE",
      "RequestHeaders": {
        "Accept": "application/json",
        "Accept-Encoding": "gzip, deflate",
        "Authorization": "Sanitized",
        "Connection": "keep-alive",
        "Content-Length": "0",
        "User-Agent": "azsdk-python-communication-jobrouter/1.0.0b1 Python/3.9.13 (Windows-10-10.0.22621-SP0)",
        "x-ms-client-request-id": "246dbc64-2028-11ee-a344-046c590f95d2",
        "x-ms-content-sha256": "Sanitized",
        "x-ms-date": "Tue, 11 Jul 2023 20:18:47 GMT",
        "x-ms-return-client-request-id": "true"
      },
      "RequestBody": null,
      "StatusCode": 204,
      "ResponseHeaders": {
        "api-supported-versions": "2021-04-07-preview1, 2022-07-18-preview",
        "Connection": "keep-alive",
        "Date": "Tue, 11 Jul 2023 20:18:47 GMT",
        "trace-id": "70620daf-af01-46a3-2f0d-f42b0f62319c",
        "x-azure-ref": "20230711T201847Z-vtx77f6w9h5gx68a8v8ckm5ren00000003s0000000008bpu",
        "X-Cache": "CONFIG_NOCACHE"
      },
      "ResponseBody": null
    },
    {
      "RequestUri": "https://sanitized.communication.azure.net/routing/distributionPolicies/test_update_job_w_cp_w_kwargs_tst_dp?api-version=2022-07-18-preview",
      "RequestMethod": "DELETE",
      "RequestHeaders": {
        "Accept": "application/json",
        "Accept-Encoding": "gzip, deflate",
        "Authorization": "Sanitized",
        "Connection": "keep-alive",
        "Content-Length": "0",
        "User-Agent": "azsdk-python-communication-jobrouter/1.0.0b1 Python/3.9.13 (Windows-10-10.0.22621-SP0)",
        "x-ms-client-request-id": "2485a921-2028-11ee-b19f-046c590f95d2",
        "x-ms-content-sha256": "Sanitized",
        "x-ms-date": "Tue, 11 Jul 2023 20:18:47 GMT",
        "x-ms-return-client-request-id": "true"
      },
      "RequestBody": null,
      "StatusCode": 204,
      "ResponseHeaders": {
        "api-supported-versions": "2021-04-07-preview1, 2022-07-18-preview",
        "Connection": "keep-alive",
        "Date": "Tue, 11 Jul 2023 20:18:48 GMT",
        "trace-id": "873e427d-f000-d901-5f91-8714e752b0e2",
        "x-azure-ref": "20230711T201847Z-vtx77f6w9h5gx68a8v8ckm5ren00000003s0000000008bqa",
        "X-Cache": "CONFIG_NOCACHE"
      },
      "ResponseBody": null
    }
  ],
  "Variables": {}
}
