interactions:
- request:
    body: '{"name": "test_create_queue_tst_dp_async", "offerTtlSeconds": 10.0, "mode":
      {"kind": "round-robin", "minConcurrentOffers": 1, "maxConcurrentOffers": 1}}'
    headers:
      Accept:
      - application/json
      Content-Length:
      - '152'
      Content-Type:
      - application/merge-patch+json
      User-Agent:
      - azsdk-python-communication-jobrouter/1.0.0 Python/3.9.12 (Windows-10-10.0.22000-SP0)
      x-ms-date:
      - Mon, 16 May 2022 07:35:14 GMT
      x-ms-return-client-request-id:
      - 'true'
    method: PATCH
    uri: https://sanitized.int.communication.azure.net/routing/distributionPolicies/sanitized?api-version=2021-10-20-preview2
  response:
    body: '{"id": "sanitized", "name": "test_create_queue_tst_dp_async", "offerTtlSeconds":
      10, "mode": {"kind": "round-robin", "minConcurrentOffers": 1, "maxConcurrentOffers":
      1, "bypassSelectors": false}}'
    headers:
      api-supported-versions: 2021-04-07-preview1, 2021-10-20-preview2
      content-type: application/json; charset=utf-8
      date: Mon, 16 May 2022 07:35:14 GMT
      etag: REDACTED
      last-modified: Mon, 16 May 2022 07:35:15 GMT
      request-context: appId=
      trace-id: aeb681cecdd2eb04eca2c2507706a217
      transfer-encoding: chunked
      x-cache: CONFIG_NOCACHE
    status:
      code: 200
      message: OK
    url: https://sanitized.int.communication.azure.net/routing/distributionPolicies/sanitized?api-version=2021-10-20-preview2
- request:
    body: '{"name": "test_create_q_async", "distributionPolicyId": "sanitized", "labels":
      {"key1": "QueueKey", "key2": 10, "key3": true, "key4": false, "key5": 10.1}}'
    headers:
      Accept:
      - application/json
      Content-Length:
      - '176'
      Content-Type:
      - application/merge-patch+json
      User-Agent:
      - azsdk-python-communication-jobrouter/1.0.0 Python/3.9.12 (Windows-10-10.0.22000-SP0)
      x-ms-date:
      - Mon, 16 May 2022 07:35:14 GMT
      x-ms-return-client-request-id:
      - 'true'
    method: PATCH
    uri: https://sanitized.int.communication.azure.net/routing/queues/sanitized?api-version=2021-10-20-preview2
  response:
    body: '{"id": "sanitized", "name": "test_create_q_async", "distributionPolicyId":
      "sanitized", "labels": {"key1": "QueueKey", "key2": 10, "key3": true, "key4":
      false, "key5": 10.1, "Id": "sanitized"}}'
    headers:
      api-supported-versions: 2021-04-07-preview1, 2021-10-20-preview2
      content-type: application/json; charset=utf-8
      date: Mon, 16 May 2022 07:35:15 GMT
      etag: REDACTED
      last-modified: Mon, 16 May 2022 07:35:15 GMT
      request-context: appId=
      trace-id: 0a95078ed08fe42aa5da71c8084ab128
      transfer-encoding: chunked
      x-cache: CONFIG_NOCACHE
    status:
      code: 200
      message: OK
    url: https://sanitized.int.communication.azure.net/routing/queues/sanitized?api-version=2021-10-20-preview2
- request:
    body: ''
    headers:
      Accept:
      - application/json
      User-Agent:
      - azsdk-python-communication-jobrouter/1.0.0 Python/3.9.12 (Windows-10-10.0.22000-SP0)
      x-ms-date:
      - Mon, 16 May 2022 07:35:15 GMT
      x-ms-return-client-request-id:
      - 'true'
    method: DELETE
    uri: https://sanitized.int.communication.azure.net/routing/queues/sanitized?api-version=2021-10-20-preview2
  response:
    body:
      string: ''
    headers:
      api-supported-versions: 2021-04-07-preview1, 2021-10-20-preview2
      date: Mon, 16 May 2022 07:35:16 GMT
      request-context: appId=
      trace-id: 3a39107d65cf9f1316ab78d1988bc761
      x-cache: CONFIG_NOCACHE
    status:
      code: 204
      message: No Content
    url: https://sanitized.int.communication.azure.net/routing/queues/sanitized?api-version=2021-10-20-preview2
- request:
    body: ''
    headers:
      Accept:
      - application/json
      User-Agent:
      - azsdk-python-communication-jobrouter/1.0.0 Python/3.9.12 (Windows-10-10.0.22000-SP0)
      x-ms-date:
      - Mon, 16 May 2022 07:35:15 GMT
      x-ms-return-client-request-id:
      - 'true'
    method: DELETE
    uri: https://sanitized.int.communication.azure.net/routing/distributionPolicies/sanitized?api-version=2021-10-20-preview2
  response:
    body:
      string: ''
    headers:
      api-supported-versions: 2021-04-07-preview1, 2021-10-20-preview2
      date: Mon, 16 May 2022 07:35:16 GMT
      request-context: appId=
      trace-id: 18dbeb99611fae6698cf0d434512fa8c
      x-cache: CONFIG_NOCACHE
    status:
      code: 204
      message: No Content
    url: https://sanitized.int.communication.azure.net/routing/distributionPolicies/sanitized?api-version=2021-10-20-preview2
version: 1
