{
  "Entries": [
    {
      "RequestUri": "https://sanitized.communication.azure.net/routing/distributionPolicies/test_delete_exception_policy_tst_dp_async?api-version=2022-07-18-preview",
      "RequestMethod": "PATCH",
      "RequestHeaders": {
        "Accept": "application/json",
        "Accept-Encoding": "gzip, deflate",
        "Authorization": "Sanitized",
        "Content-Length": "163",
        "Content-Type": "application/merge-patch\u002Bjson",
        "User-Agent": "azsdk-python-communication-jobrouter/1.0.0b1 Python/3.9.0 (Windows-10-10.0.22621-SP0)",
        "x-ms-client-request-id": "d07442b9-e393-11ed-a6d5-046c590fec67",
        "x-ms-content-sha256": "Sanitized",
        "x-ms-date": "Tue, 25 Apr 2023 18:05:51 GMT",
        "x-ms-return-client-request-id": "true"
      },
      "RequestBody": {
        "name": "test_delete_exception_policy_tst_dp_async",
        "offerTtlSeconds": 10.0,
        "mode": {
          "kind": "round-robin",
          "minConcurrentOffers": 1,
          "maxConcurrentOffers": 1
        }
      },
      "StatusCode": 200,
      "ResponseHeaders": {
        "api-supported-versions": "2021-04-07-preview1, 2022-07-18-preview",
        "Content-Type": "application/json; charset=utf-8",
        "Date": "Tue, 25 Apr 2023 18:05:49 GMT",
        "ETag": "Sanitized",
        "Last-Modified": "Tue, 25 Apr 2023 18:05:49 GMT",
        "trace-id": "322dabd7-e2b3-1476-a3e4-e7beeb5c24fa",
        "Transfer-Encoding": "chunked",
        "X-Azure-Ref": "0fRZIZAAAAABNWagfS2TyTLynseQvgA4zWVRPMjIxMDkwODIwMDM5ADlmYzdiNTE5LWE4Y2MtNGY4OS05MzVlLWM5MTQ4YWUwOWU4MQ==",
        "X-Cache": "CONFIG_NOCACHE"
      },
      "ResponseBody": {
        "id": "test_delete_exception_policy_tst_dp_async",
        "name": "test_delete_exception_policy_tst_dp_async",
        "offerTtlSeconds": 10,
        "mode": {
          "kind": "round-robin",
          "minConcurrentOffers": 1,
          "maxConcurrentOffers": 1,
          "bypassSelectors": false
        }
      }
    },
    {
      "RequestUri": "https://sanitized.communication.azure.net/routing/queues/test_delete_exception_policy_tst_q_async?api-version=2022-07-18-preview",
      "RequestMethod": "PATCH",
      "RequestHeaders": {
        "Accept": "application/json",
        "Accept-Encoding": "gzip, deflate",
        "Authorization": "Sanitized",
        "Content-Length": "208",
        "Content-Type": "application/merge-patch\u002Bjson",
        "User-Agent": "azsdk-python-communication-jobrouter/1.0.0b1 Python/3.9.0 (Windows-10-10.0.22621-SP0)",
        "x-ms-client-request-id": "d0b440fd-e393-11ed-a675-046c590fec67",
        "x-ms-content-sha256": "Sanitized",
        "x-ms-date": "Tue, 25 Apr 2023 18:05:51 GMT",
        "x-ms-return-client-request-id": "true"
      },
      "RequestBody": {
        "name": "test_delete_exception_policy_tst_q_async",
        "distributionPolicyId": "test_delete_exception_policy_tst_dp_async",
        "labels": {
          "key1": "QueueKey",
          "key2": 10,
          "key3": true,
          "key4": false,
          "key5": 10.1
        }
      },
      "StatusCode": 200,
      "ResponseHeaders": {
        "api-supported-versions": "2021-04-07-preview1, 2022-07-18-preview",
        "Content-Type": "application/json; charset=utf-8",
        "Date": "Tue, 25 Apr 2023 18:05:49 GMT",
        "ETag": "Sanitized",
        "Last-Modified": "Tue, 25 Apr 2023 18:05:50 GMT",
        "trace-id": "016f1cb6-2fc7-b9b7-94d2-f25de6798fb7",
        "Transfer-Encoding": "chunked",
        "X-Azure-Ref": "0fRZIZAAAAADD0ka\u002Brb9JSb2OZSPTLnEMWVRPMjIxMDkwODIwMDM5ADlmYzdiNTE5LWE4Y2MtNGY4OS05MzVlLWM5MTQ4YWUwOWU4MQ==",
        "X-Cache": "CONFIG_NOCACHE"
      },
      "ResponseBody": {
        "id": "test_delete_exception_policy_tst_q_async",
        "name": "test_delete_exception_policy_tst_q_async",
        "distributionPolicyId": "test_delete_exception_policy_tst_dp_async",
        "labels": {
          "key1": "QueueKey",
          "key2": 10,
          "key3": true,
          "key4": false,
          "key5": 10.1,
          "Id": "test_delete_exception_policy_tst_q_async"
        }
      }
    },
    {
      "RequestUri": "https://sanitized.communication.azure.net/routing/classificationPolicies/test_delete_exception_policy_tst_cp_async?api-version=2022-07-18-preview",
      "RequestMethod": "PATCH",
      "RequestHeaders": {
        "Accept": "application/json",
        "Accept-Encoding": "gzip, deflate",
        "Authorization": "Sanitized",
        "Content-Length": "116",
        "Content-Type": "application/merge-patch\u002Bjson",
        "User-Agent": "azsdk-python-communication-jobrouter/1.0.0b1 Python/3.9.0 (Windows-10-10.0.22621-SP0)",
        "x-ms-client-request-id": "d0eeb5af-e393-11ed-ab7f-046c590fec67",
        "x-ms-content-sha256": "Sanitized",
        "x-ms-date": "Tue, 25 Apr 2023 18:05:52 GMT",
        "x-ms-return-client-request-id": "true"
      },
      "RequestBody": {
        "name": "test_delete_exception_policy_tst_cp_async",
        "fallbackQueueId": "test_delete_exception_policy_tst_q_async"
      },
      "StatusCode": 200,
      "ResponseHeaders": {
        "api-supported-versions": "2021-04-07-preview1, 2022-07-18-preview",
        "Content-Type": "application/json; charset=utf-8",
        "Date": "Tue, 25 Apr 2023 18:05:49 GMT",
        "ETag": "Sanitized",
        "Last-Modified": "Tue, 25 Apr 2023 18:05:50 GMT",
        "trace-id": "8ca62c2c-8f8e-1271-5ac4-060dbde2dc9a",
        "Transfer-Encoding": "chunked",
        "X-Azure-Ref": "0fhZIZAAAAAD6l\u002BANTCnsS7NqfO2ASBnrWVRPMjIxMDkwODIwMDM5ADlmYzdiNTE5LWE4Y2MtNGY4OS05MzVlLWM5MTQ4YWUwOWU4MQ==",
        "X-Cache": "CONFIG_NOCACHE"
      },
      "ResponseBody": {
        "id": "test_delete_exception_policy_tst_cp_async",
        "name": "test_delete_exception_policy_tst_cp_async",
        "fallbackQueueId": "test_delete_exception_policy_tst_q_async",
        "queueSelectors": [],
        "workerSelectors": []
      }
    },
    {
      "RequestUri": "https://sanitized.communication.azure.net/routing/exceptionPolicies/tst_delete_ep_async?api-version=2022-07-18-preview",
      "RequestMethod": "PATCH",
      "RequestHeaders": {
        "Accept": "application/json",
        "Accept-Encoding": "gzip, deflate",
        "Authorization": "Sanitized",
        "Content-Length": "187",
        "Content-Type": "application/merge-patch\u002Bjson",
        "User-Agent": "azsdk-python-communication-jobrouter/1.0.0b1 Python/3.9.0 (Windows-10-10.0.22621-SP0)",
        "x-ms-client-request-id": "d13168a2-e393-11ed-838c-046c590fec67",
        "x-ms-content-sha256": "Sanitized",
        "x-ms-date": "Tue, 25 Apr 2023 18:05:52 GMT",
        "x-ms-return-client-request-id": "true"
      },
      "RequestBody": {
        "name": "tst_delete_ep_async",
        "exceptionRules": {
          "fakeExceptionRuleId": {
            "trigger": {
              "kind": "queue-length",
              "threshold": 1
            },
            "actions": {
              "fakeExceptionActionId": {
                "kind": "cancel"
              }
            }
          }
        }
      },
      "StatusCode": 200,
      "ResponseHeaders": {
        "api-supported-versions": "2021-04-07-preview1, 2022-07-18-preview",
        "Content-Type": "application/json; charset=utf-8",
        "Date": "Tue, 25 Apr 2023 18:05:50 GMT",
        "ETag": "Sanitized",
        "Last-Modified": "Tue, 25 Apr 2023 18:05:50 GMT",
        "trace-id": "49c4bb80-57c3-8599-716e-0d89312da8d5",
        "Transfer-Encoding": "chunked",
        "X-Azure-Ref": "0fhZIZAAAAADBEALY6RVGSpe1GyBJ/PF4WVRPMjIxMDkwODIwMDM5ADlmYzdiNTE5LWE4Y2MtNGY4OS05MzVlLWM5MTQ4YWUwOWU4MQ==",
        "X-Cache": "CONFIG_NOCACHE"
      },
      "ResponseBody": {
        "id": "tst_delete_ep_async",
        "name": "tst_delete_ep_async",
        "exceptionRules": {
          "fakeExceptionRuleId": {
            "trigger": {
              "kind": "queue-length",
              "threshold": 1
            },
            "actions": {
              "fakeExceptionActionId": {
                "kind": "cancel"
              }
            }
          }
        }
      }
    },
    {
      "RequestUri": "https://sanitized.communication.azure.net/routing/exceptionPolicies/tst_delete_ep_async?api-version=2022-07-18-preview",
      "RequestMethod": "DELETE",
      "RequestHeaders": {
        "Accept": "application/json",
        "Accept-Encoding": "gzip, deflate",
        "Authorization": "Sanitized",
        "Content-Length": "0",
        "User-Agent": "azsdk-python-communication-jobrouter/1.0.0b1 Python/3.9.0 (Windows-10-10.0.22621-SP0)",
        "x-ms-client-request-id": "d1662e12-e393-11ed-a41e-046c590fec67",
        "x-ms-content-sha256": "Sanitized",
        "x-ms-date": "Tue, 25 Apr 2023 18:05:53 GMT",
        "x-ms-return-client-request-id": "true"
      },
      "RequestBody": null,
      "StatusCode": 204,
      "ResponseHeaders": {
        "api-supported-versions": "2021-04-07-preview1, 2022-07-18-preview",
        "Date": "Tue, 25 Apr 2023 18:05:50 GMT",
        "trace-id": "d4fed020-2be7-ff40-bca6-2bba43882aa9",
        "X-Azure-Ref": "0fxZIZAAAAAD4abq6/6lWTJr5ted6fC8qWVRPMjIxMDkwODIwMDM5ADlmYzdiNTE5LWE4Y2MtNGY4OS05MzVlLWM5MTQ4YWUwOWU4MQ==",
        "X-Cache": "CONFIG_NOCACHE"
      },
      "ResponseBody": null
    },
    {
      "RequestUri": "https://sanitized.communication.azure.net/routing/exceptionPolicies/tst_delete_ep_async?api-version=2022-07-18-preview",
      "RequestMethod": "GET",
      "RequestHeaders": {
        "Accept": "application/json",
        "Accept-Encoding": "gzip, deflate",
        "Authorization": "Sanitized",
        "Content-Length": "0",
        "User-Agent": "azsdk-python-communication-jobrouter/1.0.0b1 Python/3.9.0 (Windows-10-10.0.22621-SP0)",
        "x-ms-client-request-id": "d190dd02-e393-11ed-862e-046c590fec67",
        "x-ms-content-sha256": "Sanitized",
        "x-ms-date": "Tue, 25 Apr 2023 18:05:53 GMT",
        "x-ms-return-client-request-id": "true"
      },
      "RequestBody": null,
      "StatusCode": 404,
      "ResponseHeaders": {
        "api-supported-versions": "2021-04-07-preview1, 2022-07-18-preview",
        "Content-Type": "application/json; charset=utf-8",
        "Date": "Tue, 25 Apr 2023 18:05:50 GMT",
        "trace-id": "b2edcfb0-7b92-22e5-a6dc-853700e73241",
        "Transfer-Encoding": "chunked",
        "X-Azure-Ref": "0fxZIZAAAAADs8ehIw52JSq5gHWITDl9FWVRPMjIxMDkwODIwMDM5ADlmYzdiNTE5LWE4Y2MtNGY4OS05MzVlLWM5MTQ4YWUwOWU4MQ==",
        "X-Cache": "CONFIG_NOCACHE"
      },
      "ResponseBody": {
        "communicationError": {
          "code": "NotFound",
          "message": "The item was not found.",
          "target": "/routing/exceptionPolicies/tst_delete_ep_async"
        }
      }
    },
    {
      "RequestUri": "https://sanitized.communication.azure.net/routing/exceptionPolicies/tst_delete_ep_async?api-version=2022-07-18-preview",
      "RequestMethod": "PATCH",
      "RequestHeaders": {
        "Accept": "application/json",
        "Accept-Encoding": "gzip, deflate",
        "Authorization": "Sanitized",
        "Content-Length": "268",
        "Content-Type": "application/merge-patch\u002Bjson",
        "User-Agent": "azsdk-python-communication-jobrouter/1.0.0b1 Python/3.9.0 (Windows-10-10.0.22621-SP0)",
        "x-ms-client-request-id": "d1a2f1f8-e393-11ed-bf2e-046c590fec67",
        "x-ms-content-sha256": "Sanitized",
        "x-ms-date": "Tue, 25 Apr 2023 18:05:53 GMT",
        "x-ms-return-client-request-id": "true"
      },
      "RequestBody": {
        "name": "tst_delete_ep_async",
        "exceptionRules": {
          "fakeExceptionRuleId": {
            "trigger": {
              "kind": "queue-length",
              "threshold": 1
            },
            "actions": {
              "fakeExceptionActionId": {
                "kind": "manual-reclassify",
                "queueId": "test_delete_exception_policy_tst_q_async",
                "priority": 1
              }
            }
          }
        }
      },
      "StatusCode": 200,
      "ResponseHeaders": {
        "api-supported-versions": "2021-04-07-preview1, 2022-07-18-preview",
        "Content-Type": "application/json; charset=utf-8",
        "Date": "Tue, 25 Apr 2023 18:05:51 GMT",
        "ETag": "Sanitized",
        "Last-Modified": "Tue, 25 Apr 2023 18:05:51 GMT",
        "trace-id": "a4458b0a-874a-7eee-966e-9d7acf71bb95",
        "Transfer-Encoding": "chunked",
        "X-Azure-Ref": "0fxZIZAAAAACBr2SU\u002BOLCQKCmpObl8GCHWVRPMjIxMDkwODIwMDM5ADlmYzdiNTE5LWE4Y2MtNGY4OS05MzVlLWM5MTQ4YWUwOWU4MQ==",
        "X-Cache": "CONFIG_NOCACHE"
      },
      "ResponseBody": {
        "id": "tst_delete_ep_async",
        "name": "tst_delete_ep_async",
        "exceptionRules": {
          "fakeExceptionRuleId": {
            "trigger": {
              "kind": "queue-length",
              "threshold": 1
            },
            "actions": {
              "fakeExceptionActionId": {
                "kind": "manual-reclassify",
                "queueId": "test_delete_exception_policy_tst_q_async",
                "priority": 1,
                "workerSelectors": []
              }
            }
          }
        }
      }
    },
    {
      "RequestUri": "https://sanitized.communication.azure.net/routing/exceptionPolicies/tst_delete_ep_async?api-version=2022-07-18-preview",
      "RequestMethod": "DELETE",
      "RequestHeaders": {
        "Accept": "application/json",
        "Accept-Encoding": "gzip, deflate",
        "Authorization": "Sanitized",
        "Content-Length": "0",
        "User-Agent": "azsdk-python-communication-jobrouter/1.0.0b1 Python/3.9.0 (Windows-10-10.0.22621-SP0)",
        "x-ms-client-request-id": "d1e15519-e393-11ed-90c4-046c590fec67",
        "x-ms-content-sha256": "Sanitized",
        "x-ms-date": "Tue, 25 Apr 2023 18:05:53 GMT",
        "x-ms-return-client-request-id": "true"
      },
      "RequestBody": null,
      "StatusCode": 204,
      "ResponseHeaders": {
        "api-supported-versions": "2021-04-07-preview1, 2022-07-18-preview",
        "Date": "Tue, 25 Apr 2023 18:05:51 GMT",
        "trace-id": "65f043d5-64e7-c04d-5a8d-7246b6eff753",
        "X-Azure-Ref": "0fxZIZAAAAADigB3cVlhwQoyiVVbnFPZ6WVRPMjIxMDkwODIwMDM5ADlmYzdiNTE5LWE4Y2MtNGY4OS05MzVlLWM5MTQ4YWUwOWU4MQ==",
        "X-Cache": "CONFIG_NOCACHE"
      },
      "ResponseBody": null
    },
    {
      "RequestUri": "https://sanitized.communication.azure.net/routing/exceptionPolicies/tst_delete_ep_async?api-version=2022-07-18-preview",
      "RequestMethod": "GET",
      "RequestHeaders": {
        "Accept": "application/json",
        "Accept-Encoding": "gzip, deflate",
        "Authorization": "Sanitized",
        "Content-Length": "0",
        "User-Agent": "azsdk-python-communication-jobrouter/1.0.0b1 Python/3.9.0 (Windows-10-10.0.22621-SP0)",
        "x-ms-client-request-id": "d20dcde7-e393-11ed-afeb-046c590fec67",
        "x-ms-content-sha256": "Sanitized",
        "x-ms-date": "Tue, 25 Apr 2023 18:05:54 GMT",
        "x-ms-return-client-request-id": "true"
      },
      "RequestBody": null,
      "StatusCode": 404,
      "ResponseHeaders": {
        "api-supported-versions": "2021-04-07-preview1, 2022-07-18-preview",
        "Content-Type": "application/json; charset=utf-8",
        "Date": "Tue, 25 Apr 2023 18:05:51 GMT",
        "trace-id": "78579c6c-4723-1ecd-f606-99233a1343d7",
        "Transfer-Encoding": "chunked",
        "X-Azure-Ref": "0gBZIZAAAAACzBc\u002BwtkLDRI6//11qF6tmWVRPMjIxMDkwODIwMDM5ADlmYzdiNTE5LWE4Y2MtNGY4OS05MzVlLWM5MTQ4YWUwOWU4MQ==",
        "X-Cache": "CONFIG_NOCACHE"
      },
      "ResponseBody": {
        "communicationError": {
          "code": "NotFound",
          "message": "The item was not found.",
          "target": "/routing/exceptionPolicies/tst_delete_ep_async"
        }
      }
    },
    {
      "RequestUri": "https://sanitized.communication.azure.net/routing/exceptionPolicies/tst_delete_ep_async?api-version=2022-07-18-preview",
      "RequestMethod": "PATCH",
      "RequestHeaders": {
        "Accept": "application/json",
        "Accept-Encoding": "gzip, deflate",
        "Authorization": "Sanitized",
        "Content-Length": "262",
        "Content-Type": "application/merge-patch\u002Bjson",
        "User-Agent": "azsdk-python-communication-jobrouter/1.0.0b1 Python/3.9.0 (Windows-10-10.0.22621-SP0)",
        "x-ms-client-request-id": "d21fe106-e393-11ed-ad75-046c590fec67",
        "x-ms-content-sha256": "Sanitized",
        "x-ms-date": "Tue, 25 Apr 2023 18:05:54 GMT",
        "x-ms-return-client-request-id": "true"
      },
      "RequestBody": {
        "name": "tst_delete_ep_async",
        "exceptionRules": {
          "fakeExceptionRuleId": {
            "trigger": {
              "kind": "queue-length",
              "threshold": 1
            },
            "actions": {
              "fakeExceptionActionId": {
                "kind": "reclassify",
                "classificationPolicyId": "test_delete_exception_policy_tst_cp_async"
              }
            }
          }
        }
      },
      "StatusCode": 200,
      "ResponseHeaders": {
        "api-supported-versions": "2021-04-07-preview1, 2022-07-18-preview",
        "Content-Type": "application/json; charset=utf-8",
        "Date": "Tue, 25 Apr 2023 18:05:51 GMT",
        "ETag": "Sanitized",
        "Last-Modified": "Tue, 25 Apr 2023 18:05:52 GMT",
        "trace-id": "d622e7c1-af4e-c47d-0285-e68d75b3d14d",
        "Transfer-Encoding": "chunked",
        "X-Azure-Ref": "0gBZIZAAAAADi8mLIxJuSQ7KVyBBVp1cMWVRPMjIxMDkwODIwMDM5ADlmYzdiNTE5LWE4Y2MtNGY4OS05MzVlLWM5MTQ4YWUwOWU4MQ==",
        "X-Cache": "CONFIG_NOCACHE"
      },
      "ResponseBody": {
        "id": "tst_delete_ep_async",
        "name": "tst_delete_ep_async",
        "exceptionRules": {
          "fakeExceptionRuleId": {
            "trigger": {
              "kind": "queue-length",
              "threshold": 1
            },
            "actions": {
              "fakeExceptionActionId": {
                "kind": "reclassify",
                "classificationPolicyId": "test_delete_exception_policy_tst_cp_async",
                "labelsToUpsert": {}
              }
            }
          }
        }
      }
    },
    {
      "RequestUri": "https://sanitized.communication.azure.net/routing/exceptionPolicies/tst_delete_ep_async?api-version=2022-07-18-preview",
      "RequestMethod": "DELETE",
      "RequestHeaders": {
        "Accept": "application/json",
        "Accept-Encoding": "gzip, deflate",
        "Authorization": "Sanitized",
        "Content-Length": "0",
        "User-Agent": "azsdk-python-communication-jobrouter/1.0.0b1 Python/3.9.0 (Windows-10-10.0.22621-SP0)",
        "x-ms-client-request-id": "d25eb03d-e393-11ed-8d0d-046c590fec67",
        "x-ms-content-sha256": "Sanitized",
        "x-ms-date": "Tue, 25 Apr 2023 18:05:54 GMT",
        "x-ms-return-client-request-id": "true"
      },
      "RequestBody": null,
      "StatusCode": 204,
      "ResponseHeaders": {
        "api-supported-versions": "2021-04-07-preview1, 2022-07-18-preview",
        "Date": "Tue, 25 Apr 2023 18:05:52 GMT",
        "trace-id": "162bf965-3e3f-8f39-a83e-2c2b066074ba",
        "X-Azure-Ref": "0gBZIZAAAAACQ0akFXyDVQbNcA0keYi7oWVRPMjIxMDkwODIwMDM5ADlmYzdiNTE5LWE4Y2MtNGY4OS05MzVlLWM5MTQ4YWUwOWU4MQ==",
        "X-Cache": "CONFIG_NOCACHE"
      },
      "ResponseBody": null
    },
    {
      "RequestUri": "https://sanitized.communication.azure.net/routing/exceptionPolicies/tst_delete_ep_async?api-version=2022-07-18-preview",
      "RequestMethod": "GET",
      "RequestHeaders": {
        "Accept": "application/json",
        "Accept-Encoding": "gzip, deflate",
        "Authorization": "Sanitized",
        "Content-Length": "0",
        "User-Agent": "azsdk-python-communication-jobrouter/1.0.0b1 Python/3.9.0 (Windows-10-10.0.22621-SP0)",
        "x-ms-client-request-id": "d2897475-e393-11ed-a53a-046c590fec67",
        "x-ms-content-sha256": "Sanitized",
        "x-ms-date": "Tue, 25 Apr 2023 18:05:55 GMT",
        "x-ms-return-client-request-id": "true"
      },
      "RequestBody": null,
      "StatusCode": 404,
      "ResponseHeaders": {
        "api-supported-versions": "2021-04-07-preview1, 2022-07-18-preview",
        "Content-Type": "application/json; charset=utf-8",
        "Date": "Tue, 25 Apr 2023 18:05:52 GMT",
        "trace-id": "5ba1f4bf-62da-a9bc-4cda-7cca67b41013",
        "Transfer-Encoding": "chunked",
        "X-Azure-Ref": "0gBZIZAAAAADixUrCH3MlQogDYPNUG8N/WVRPMjIxMDkwODIwMDM5ADlmYzdiNTE5LWE4Y2MtNGY4OS05MzVlLWM5MTQ4YWUwOWU4MQ==",
        "X-Cache": "CONFIG_NOCACHE"
      },
      "ResponseBody": {
        "communicationError": {
          "code": "NotFound",
          "message": "The item was not found.",
          "target": "/routing/exceptionPolicies/tst_delete_ep_async"
        }
      }
    },
    {
      "RequestUri": "https://sanitized.communication.azure.net/routing/exceptionPolicies/tst_delete_ep_async?api-version=2022-07-18-preview",
      "RequestMethod": "PATCH",
      "RequestHeaders": {
        "Accept": "application/json",
        "Accept-Encoding": "gzip, deflate",
        "Authorization": "Sanitized",
        "Content-Length": "196",
        "Content-Type": "application/merge-patch\u002Bjson",
        "User-Agent": "azsdk-python-communication-jobrouter/1.0.0b1 Python/3.9.0 (Windows-10-10.0.22621-SP0)",
        "x-ms-client-request-id": "d29b5617-e393-11ed-94a3-046c590fec67",
        "x-ms-content-sha256": "Sanitized",
        "x-ms-date": "Tue, 25 Apr 2023 18:05:55 GMT",
        "x-ms-return-client-request-id": "true"
      },
      "RequestBody": {
        "name": "tst_delete_ep_async",
        "exceptionRules": {
          "fakeExceptionRuleId": {
            "trigger": {
              "kind": "wait-time",
              "thresholdSeconds": 3600.0
            },
            "actions": {
              "fakeExceptionActionId": {
                "kind": "cancel"
              }
            }
          }
        }
      },
      "StatusCode": 200,
      "ResponseHeaders": {
        "api-supported-versions": "2021-04-07-preview1, 2022-07-18-preview",
        "Content-Type": "application/json; charset=utf-8",
        "Date": "Tue, 25 Apr 2023 18:05:52 GMT",
        "ETag": "Sanitized",
        "Last-Modified": "Tue, 25 Apr 2023 18:05:53 GMT",
        "trace-id": "45bef4b5-e175-b664-e7e3-dcda26db8ba7",
        "Transfer-Encoding": "chunked",
        "X-Azure-Ref": "0gRZIZAAAAAB68q9k88tJQ4b10yfJ1F97WVRPMjIxMDkwODIwMDM5ADlmYzdiNTE5LWE4Y2MtNGY4OS05MzVlLWM5MTQ4YWUwOWU4MQ==",
        "X-Cache": "CONFIG_NOCACHE"
      },
      "ResponseBody": {
        "id": "tst_delete_ep_async",
        "name": "tst_delete_ep_async",
        "exceptionRules": {
          "fakeExceptionRuleId": {
            "trigger": {
              "kind": "wait-time",
              "thresholdSeconds": 3600
            },
            "actions": {
              "fakeExceptionActionId": {
                "kind": "cancel"
              }
            }
          }
        }
      }
    },
    {
      "RequestUri": "https://sanitized.communication.azure.net/routing/exceptionPolicies/tst_delete_ep_async?api-version=2022-07-18-preview",
      "RequestMethod": "DELETE",
      "RequestHeaders": {
        "Accept": "application/json",
        "Accept-Encoding": "gzip, deflate",
        "Authorization": "Sanitized",
        "Content-Length": "0",
        "User-Agent": "azsdk-python-communication-jobrouter/1.0.0b1 Python/3.9.0 (Windows-10-10.0.22621-SP0)",
        "x-ms-client-request-id": "d2cf9f59-e393-11ed-8a57-046c590fec67",
        "x-ms-content-sha256": "Sanitized",
        "x-ms-date": "Tue, 25 Apr 2023 18:05:55 GMT",
        "x-ms-return-client-request-id": "true"
      },
      "RequestBody": null,
      "StatusCode": 204,
      "ResponseHeaders": {
        "api-supported-versions": "2021-04-07-preview1, 2022-07-18-preview",
        "Date": "Tue, 25 Apr 2023 18:05:52 GMT",
        "trace-id": "ac34f080-aeb8-b2b2-ed59-8dd3dfe500b5",
        "X-Azure-Ref": "0gRZIZAAAAAAmOb0moPVQSqygxBtbszB5WVRPMjIxMDkwODIwMDM5ADlmYzdiNTE5LWE4Y2MtNGY4OS05MzVlLWM5MTQ4YWUwOWU4MQ==",
        "X-Cache": "CONFIG_NOCACHE"
      },
      "ResponseBody": null
    },
    {
      "RequestUri": "https://sanitized.communication.azure.net/routing/exceptionPolicies/tst_delete_ep_async?api-version=2022-07-18-preview",
      "RequestMethod": "GET",
      "RequestHeaders": {
        "Accept": "application/json",
        "Accept-Encoding": "gzip, deflate",
        "Authorization": "Sanitized",
        "Content-Length": "0",
        "User-Agent": "azsdk-python-communication-jobrouter/1.0.0b1 Python/3.9.0 (Windows-10-10.0.22621-SP0)",
        "x-ms-client-request-id": "d2fe548e-e393-11ed-9fbe-046c590fec67",
        "x-ms-content-sha256": "Sanitized",
        "x-ms-date": "Tue, 25 Apr 2023 18:05:55 GMT",
        "x-ms-return-client-request-id": "true"
      },
      "RequestBody": null,
      "StatusCode": 404,
      "ResponseHeaders": {
        "api-supported-versions": "2021-04-07-preview1, 2022-07-18-preview",
        "Content-Type": "application/json; charset=utf-8",
        "Date": "Tue, 25 Apr 2023 18:05:53 GMT",
        "trace-id": "a11be97d-4e85-c5cf-2b46-b7990f254675",
        "Transfer-Encoding": "chunked",
        "X-Azure-Ref": "0gRZIZAAAAABi2fvunBkoTaeRnz6ulo0yWVRPMjIxMDkwODIwMDM5ADlmYzdiNTE5LWE4Y2MtNGY4OS05MzVlLWM5MTQ4YWUwOWU4MQ==",
        "X-Cache": "CONFIG_NOCACHE"
      },
      "ResponseBody": {
        "communicationError": {
          "code": "NotFound",
          "message": "The item was not found.",
          "target": "/routing/exceptionPolicies/tst_delete_ep_async"
        }
      }
    },
    {
      "RequestUri": "https://sanitized.communication.azure.net/routing/exceptionPolicies/tst_delete_ep_async?api-version=2022-07-18-preview",
      "RequestMethod": "PATCH",
      "RequestHeaders": {
        "Accept": "application/json",
        "Accept-Encoding": "gzip, deflate",
        "Authorization": "Sanitized",
        "Content-Length": "277",
        "Content-Type": "application/merge-patch\u002Bjson",
        "User-Agent": "azsdk-python-communication-jobrouter/1.0.0b1 Python/3.9.0 (Windows-10-10.0.22621-SP0)",
        "x-ms-client-request-id": "d3111dac-e393-11ed-b6dc-046c590fec67",
        "x-ms-content-sha256": "Sanitized",
        "x-ms-date": "Tue, 25 Apr 2023 18:05:55 GMT",
        "x-ms-return-client-request-id": "true"
      },
      "RequestBody": {
        "name": "tst_delete_ep_async",
        "exceptionRules": {
          "fakeExceptionRuleId": {
            "trigger": {
              "kind": "wait-time",
              "thresholdSeconds": 3600.0
            },
            "actions": {
              "fakeExceptionActionId": {
                "kind": "manual-reclassify",
                "queueId": "test_delete_exception_policy_tst_q_async",
                "priority": 1
              }
            }
          }
        }
      },
      "StatusCode": 200,
      "ResponseHeaders": {
        "api-supported-versions": "2021-04-07-preview1, 2022-07-18-preview",
        "Content-Type": "application/json; charset=utf-8",
        "Date": "Tue, 25 Apr 2023 18:05:53 GMT",
        "ETag": "Sanitized",
        "Last-Modified": "Tue, 25 Apr 2023 18:05:54 GMT",
        "trace-id": "4af8bd5f-36a6-1cd9-68bf-10d41d1f851c",
        "Transfer-Encoding": "chunked",
        "X-Azure-Ref": "0gRZIZAAAAABhRvVxBU2XR436gIUFfXIgWVRPMjIxMDkwODIwMDM5ADlmYzdiNTE5LWE4Y2MtNGY4OS05MzVlLWM5MTQ4YWUwOWU4MQ==",
        "X-Cache": "CONFIG_NOCACHE"
      },
      "ResponseBody": {
        "id": "tst_delete_ep_async",
        "name": "tst_delete_ep_async",
        "exceptionRules": {
          "fakeExceptionRuleId": {
            "trigger": {
              "kind": "wait-time",
              "thresholdSeconds": 3600
            },
            "actions": {
              "fakeExceptionActionId": {
                "kind": "manual-reclassify",
                "queueId": "test_delete_exception_policy_tst_q_async",
                "priority": 1,
                "workerSelectors": []
              }
            }
          }
        }
      }
    },
    {
      "RequestUri": "https://sanitized.communication.azure.net/routing/exceptionPolicies/tst_delete_ep_async?api-version=2022-07-18-preview",
      "RequestMethod": "DELETE",
      "RequestHeaders": {
        "Accept": "application/json",
        "Accept-Encoding": "gzip, deflate",
        "Authorization": "Sanitized",
        "Content-Length": "0",
        "User-Agent": "azsdk-python-communication-jobrouter/1.0.0b1 Python/3.9.0 (Windows-10-10.0.22621-SP0)",
        "x-ms-client-request-id": "d3571e29-e393-11ed-9d04-046c590fec67",
        "x-ms-content-sha256": "Sanitized",
        "x-ms-date": "Tue, 25 Apr 2023 18:05:56 GMT",
        "x-ms-return-client-request-id": "true"
      },
      "RequestBody": null,
      "StatusCode": 204,
      "ResponseHeaders": {
        "api-supported-versions": "2021-04-07-preview1, 2022-07-18-preview",
        "Date": "Tue, 25 Apr 2023 18:05:53 GMT",
        "trace-id": "3a733ce4-670d-e6cc-3fb0-b8364524ea19",
        "X-Azure-Ref": "0ghZIZAAAAAClDH3P5ebuTqBTEZoLZJERWVRPMjIxMDkwODIwMDM5ADlmYzdiNTE5LWE4Y2MtNGY4OS05MzVlLWM5MTQ4YWUwOWU4MQ==",
        "X-Cache": "CONFIG_NOCACHE"
      },
      "ResponseBody": null
    },
    {
      "RequestUri": "https://sanitized.communication.azure.net/routing/exceptionPolicies/tst_delete_ep_async?api-version=2022-07-18-preview",
      "RequestMethod": "GET",
      "RequestHeaders": {
        "Accept": "application/json",
        "Accept-Encoding": "gzip, deflate",
        "Authorization": "Sanitized",
        "Content-Length": "0",
        "User-Agent": "azsdk-python-communication-jobrouter/1.0.0b1 Python/3.9.0 (Windows-10-10.0.22621-SP0)",
        "x-ms-client-request-id": "d3835c7d-e393-11ed-8052-046c590fec67",
        "x-ms-content-sha256": "Sanitized",
        "x-ms-date": "Tue, 25 Apr 2023 18:05:56 GMT",
        "x-ms-return-client-request-id": "true"
      },
      "RequestBody": null,
      "StatusCode": 404,
      "ResponseHeaders": {
        "api-supported-versions": "2021-04-07-preview1, 2022-07-18-preview",
        "Content-Type": "application/json; charset=utf-8",
        "Date": "Tue, 25 Apr 2023 18:05:53 GMT",
        "trace-id": "216baab0-1777-7009-1356-c6235909c4ce",
        "Transfer-Encoding": "chunked",
        "X-Azure-Ref": "0ghZIZAAAAABONPAfc6BYQJ82E5puId0bWVRPMjIxMDkwODIwMDM5ADlmYzdiNTE5LWE4Y2MtNGY4OS05MzVlLWM5MTQ4YWUwOWU4MQ==",
        "X-Cache": "CONFIG_NOCACHE"
      },
      "ResponseBody": {
        "communicationError": {
          "code": "NotFound",
          "message": "The item was not found.",
          "target": "/routing/exceptionPolicies/tst_delete_ep_async"
        }
      }
    },
    {
      "RequestUri": "https://sanitized.communication.azure.net/routing/exceptionPolicies/tst_delete_ep_async?api-version=2022-07-18-preview",
      "RequestMethod": "PATCH",
      "RequestHeaders": {
        "Accept": "application/json",
        "Accept-Encoding": "gzip, deflate",
        "Authorization": "Sanitized",
        "Content-Length": "271",
        "Content-Type": "application/merge-patch\u002Bjson",
        "User-Agent": "azsdk-python-communication-jobrouter/1.0.0b1 Python/3.9.0 (Windows-10-10.0.22621-SP0)",
        "x-ms-client-request-id": "d3950308-e393-11ed-9fff-046c590fec67",
        "x-ms-content-sha256": "Sanitized",
        "x-ms-date": "Tue, 25 Apr 2023 18:05:56 GMT",
        "x-ms-return-client-request-id": "true"
      },
      "RequestBody": {
        "name": "tst_delete_ep_async",
        "exceptionRules": {
          "fakeExceptionRuleId": {
            "trigger": {
              "kind": "wait-time",
              "thresholdSeconds": 3600.0
            },
            "actions": {
              "fakeExceptionActionId": {
                "kind": "reclassify",
                "classificationPolicyId": "test_delete_exception_policy_tst_cp_async"
              }
            }
          }
        }
      },
      "StatusCode": 200,
      "ResponseHeaders": {
        "api-supported-versions": "2021-04-07-preview1, 2022-07-18-preview",
        "Content-Type": "application/json; charset=utf-8",
        "Date": "Tue, 25 Apr 2023 18:05:54 GMT",
        "ETag": "Sanitized",
        "Last-Modified": "Tue, 25 Apr 2023 18:05:55 GMT",
        "trace-id": "bc9988ee-9940-f59d-d5d2-82d2be915e92",
        "Transfer-Encoding": "chunked",
        "X-Azure-Ref": "0ghZIZAAAAABTy8PEh2CHRqpSfXsQH8ZOWVRPMjIxMDkwODIwMDM5ADlmYzdiNTE5LWE4Y2MtNGY4OS05MzVlLWM5MTQ4YWUwOWU4MQ==",
        "X-Cache": "CONFIG_NOCACHE"
      },
      "ResponseBody": {
        "id": "tst_delete_ep_async",
        "name": "tst_delete_ep_async",
        "exceptionRules": {
          "fakeExceptionRuleId": {
            "trigger": {
              "kind": "wait-time",
              "thresholdSeconds": 3600
            },
            "actions": {
              "fakeExceptionActionId": {
                "kind": "reclassify",
                "classificationPolicyId": "test_delete_exception_policy_tst_cp_async",
                "labelsToUpsert": {}
              }
            }
          }
        }
      }
    },
    {
      "RequestUri": "https://sanitized.communication.azure.net/routing/exceptionPolicies/tst_delete_ep_async?api-version=2022-07-18-preview",
      "RequestMethod": "DELETE",
      "RequestHeaders": {
        "Accept": "application/json",
        "Accept-Encoding": "gzip, deflate",
        "Authorization": "Sanitized",
        "Content-Length": "0",
        "User-Agent": "azsdk-python-communication-jobrouter/1.0.0b1 Python/3.9.0 (Windows-10-10.0.22621-SP0)",
        "x-ms-client-request-id": "d3d81a4a-e393-11ed-8c53-046c590fec67",
        "x-ms-content-sha256": "Sanitized",
        "x-ms-date": "Tue, 25 Apr 2023 18:05:57 GMT",
        "x-ms-return-client-request-id": "true"
      },
      "RequestBody": null,
      "StatusCode": 204,
      "ResponseHeaders": {
        "api-supported-versions": "2021-04-07-preview1, 2022-07-18-preview",
        "Date": "Tue, 25 Apr 2023 18:05:54 GMT",
        "trace-id": "bc8ca199-98bd-28fd-b5b5-8d7133f84b1f",
        "X-Azure-Ref": "0gxZIZAAAAACJFY9NK8MkQrdSYnZRAhkjWVRPMjIxMDkwODIwMDM5ADlmYzdiNTE5LWE4Y2MtNGY4OS05MzVlLWM5MTQ4YWUwOWU4MQ==",
        "X-Cache": "CONFIG_NOCACHE"
      },
      "ResponseBody": null
    },
    {
      "RequestUri": "https://sanitized.communication.azure.net/routing/exceptionPolicies/tst_delete_ep_async?api-version=2022-07-18-preview",
      "RequestMethod": "GET",
      "RequestHeaders": {
        "Accept": "application/json",
        "Accept-Encoding": "gzip, deflate",
        "Authorization": "Sanitized",
        "Content-Length": "0",
        "User-Agent": "azsdk-python-communication-jobrouter/1.0.0b1 Python/3.9.0 (Windows-10-10.0.22621-SP0)",
        "x-ms-client-request-id": "d403c0a4-e393-11ed-b56a-046c590fec67",
        "x-ms-content-sha256": "Sanitized",
        "x-ms-date": "Tue, 25 Apr 2023 18:05:57 GMT",
        "x-ms-return-client-request-id": "true"
      },
      "RequestBody": null,
      "StatusCode": 404,
      "ResponseHeaders": {
        "api-supported-versions": "2021-04-07-preview1, 2022-07-18-preview",
        "Content-Type": "application/json; charset=utf-8",
        "Date": "Tue, 25 Apr 2023 18:05:54 GMT",
        "trace-id": "f6586390-968f-4c54-b2bd-595747906616",
        "Transfer-Encoding": "chunked",
        "X-Azure-Ref": "0gxZIZAAAAADDvFJbddY6Q7nZ/JY6\u002Bj8fWVRPMjIxMDkwODIwMDM5ADlmYzdiNTE5LWE4Y2MtNGY4OS05MzVlLWM5MTQ4YWUwOWU4MQ==",
        "X-Cache": "CONFIG_NOCACHE"
      },
      "ResponseBody": {
        "communicationError": {
          "code": "NotFound",
          "message": "The item was not found.",
          "target": "/routing/exceptionPolicies/tst_delete_ep_async"
        }
      }
    },
    {
      "RequestUri": "https://sanitized.communication.azure.net/routing/classificationPolicies/test_delete_exception_policy_tst_cp_async?api-version=2022-07-18-preview",
      "RequestMethod": "DELETE",
      "RequestHeaders": {
        "Accept": "application/json",
        "Accept-Encoding": "gzip, deflate",
        "Authorization": "Sanitized",
        "Content-Length": "0",
        "User-Agent": "azsdk-python-communication-jobrouter/1.0.0b1 Python/3.9.0 (Windows-10-10.0.22621-SP0)",
        "x-ms-client-request-id": "d416bc40-e393-11ed-af49-046c590fec67",
        "x-ms-content-sha256": "Sanitized",
        "x-ms-date": "Tue, 25 Apr 2023 18:05:57 GMT",
        "x-ms-return-client-request-id": "true"
      },
      "RequestBody": null,
      "StatusCode": 204,
      "ResponseHeaders": {
        "api-supported-versions": "2021-04-07-preview1, 2022-07-18-preview",
        "Date": "Tue, 25 Apr 2023 18:05:55 GMT",
        "trace-id": "4370cbc6-75cc-e26d-842e-1149375fcd49",
        "X-Azure-Ref": "0gxZIZAAAAABZBeEilyD0SpYXik3cYk0oWVRPMjIxMDkwODIwMDM5ADlmYzdiNTE5LWE4Y2MtNGY4OS05MzVlLWM5MTQ4YWUwOWU4MQ==",
        "X-Cache": "CONFIG_NOCACHE"
      },
      "ResponseBody": null
    },
    {
      "RequestUri": "https://sanitized.communication.azure.net/routing/queues/test_delete_exception_policy_tst_q_async?api-version=2022-07-18-preview",
      "RequestMethod": "DELETE",
      "RequestHeaders": {
        "Accept": "application/json",
        "Accept-Encoding": "gzip, deflate",
        "Authorization": "Sanitized",
        "Content-Length": "0",
        "User-Agent": "azsdk-python-communication-jobrouter/1.0.0b1 Python/3.9.0 (Windows-10-10.0.22621-SP0)",
        "x-ms-client-request-id": "d443901f-e393-11ed-99e5-046c590fec67",
        "x-ms-content-sha256": "Sanitized",
        "x-ms-date": "Tue, 25 Apr 2023 18:05:57 GMT",
        "x-ms-return-client-request-id": "true"
      },
      "RequestBody": null,
      "StatusCode": 204,
      "ResponseHeaders": {
        "api-supported-versions": "2021-04-07-preview1, 2022-07-18-preview",
        "Date": "Tue, 25 Apr 2023 18:05:55 GMT",
        "trace-id": "7be0ce74-fdb7-8c5e-9f13-a3139d618ee3",
        "X-Azure-Ref": "0gxZIZAAAAAAE/PDFxRKoTZuvHW2OVCXPWVRPMjIxMDkwODIwMDM5ADlmYzdiNTE5LWE4Y2MtNGY4OS05MzVlLWM5MTQ4YWUwOWU4MQ==",
        "X-Cache": "CONFIG_NOCACHE"
      },
      "ResponseBody": null
    },
    {
      "RequestUri": "https://sanitized.communication.azure.net/routing/distributionPolicies/test_delete_exception_policy_tst_dp_async?api-version=2022-07-18-preview",
      "RequestMethod": "DELETE",
      "RequestHeaders": {
        "Accept": "application/json",
        "Accept-Encoding": "gzip, deflate",
        "Authorization": "Sanitized",
        "Content-Length": "0",
        "User-Agent": "azsdk-python-communication-jobrouter/1.0.0b1 Python/3.9.0 (Windows-10-10.0.22621-SP0)",
        "x-ms-client-request-id": "d4866bcf-e393-11ed-914e-046c590fec67",
        "x-ms-content-sha256": "Sanitized",
        "x-ms-date": "Tue, 25 Apr 2023 18:05:58 GMT",
        "x-ms-return-client-request-id": "true"
      },
      "RequestBody": null,
      "StatusCode": 204,
      "ResponseHeaders": {
        "api-supported-versions": "2021-04-07-preview1, 2022-07-18-preview",
        "Date": "Tue, 25 Apr 2023 18:05:55 GMT",
        "trace-id": "1856fe91-0c34-70dd-7dd7-50312cc44810",
        "X-Azure-Ref": "0hBZIZAAAAACG\u002B/vNm9ylTYNBkggPh7MCWVRPMjIxMDkwODIwMDM5ADlmYzdiNTE5LWE4Y2MtNGY4OS05MzVlLWM5MTQ4YWUwOWU4MQ==",
        "X-Cache": "CONFIG_NOCACHE"
      },
      "ResponseBody": null
    },
    {
      "RequestUri": "https://sanitized.communication.azure.net/routing/exceptionPolicies/tst_delete_ep_async?api-version=2022-07-18-preview",
      "RequestMethod": "DELETE",
      "RequestHeaders": {
        "Accept": "application/json",
        "Accept-Encoding": "gzip, deflate",
        "Authorization": "Sanitized",
        "Content-Length": "0",
        "User-Agent": "azsdk-python-communication-jobrouter/1.0.0b1 Python/3.9.0 (Windows-10-10.0.22621-SP0)",
        "x-ms-client-request-id": "d4acccd2-e393-11ed-b86a-046c590fec67",
        "x-ms-content-sha256": "Sanitized",
        "x-ms-date": "Tue, 25 Apr 2023 18:05:58 GMT",
        "x-ms-return-client-request-id": "true"
      },
      "RequestBody": null,
      "StatusCode": 204,
      "ResponseHeaders": {
        "api-supported-versions": "2021-04-07-preview1, 2022-07-18-preview",
        "Date": "Tue, 25 Apr 2023 18:05:55 GMT",
        "trace-id": "7478894c-c503-2caf-8085-e43d8ce78195",
        "X-Azure-Ref": "0hBZIZAAAAAB4g0fy5aBzRJ3sM7z7R7rrWVRPMjIxMDkwODIwMDM5ADlmYzdiNTE5LWE4Y2MtNGY4OS05MzVlLWM5MTQ4YWUwOWU4MQ==",
        "X-Cache": "CONFIG_NOCACHE"
      },
      "ResponseBody": null
    }
  ],
  "Variables": {}
}
