{
  "Entries": [
    {
      "RequestUri": "https://sanitized.communication.azure.net/routing/distributionPolicies/test_update_job_w_cp_w_kwargs_tst_dp?api-version=2022-07-18-preview",
      "RequestMethod": "PATCH",
      "RequestHeaders": {
        "Accept": "application/json",
        "Accept-Encoding": "gzip, deflate",
        "Authorization": "Sanitized",
        "Connection": "keep-alive",
        "Content-Length": "158",
        "Content-Type": "application/merge-patch\u002Bjson",
        "User-Agent": "azsdk-python-communication-jobrouter/1.0.0b1 Python/3.9.0 (Windows-10-10.0.22621-SP0)",
        "x-ms-client-request-id": "0a5fb71d-e394-11ed-88db-046c590fec67",
        "x-ms-content-sha256": "Sanitized",
        "x-ms-date": "Tue, 25 Apr 2023 18:07:28 GMT",
        "x-ms-return-client-request-id": "true"
      },
      "RequestBody": {
        "name": "test_update_job_w_cp_w_kwargs_tst_dp",
        "offerTtlSeconds": 10.0,
        "mode": {
          "kind": "round-robin",
          "minConcurrentOffers": 1,
          "maxConcurrentOffers": 1
        }
      },
      "StatusCode": 200,
      "ResponseHeaders": {
        "api-supported-versions": "2021-04-07-preview1, 2022-07-18-preview",
        "Content-Type": "application/json; charset=utf-8",
        "Date": "Tue, 25 Apr 2023 18:07:26 GMT",
        "ETag": "Sanitized",
        "Last-Modified": "Tue, 25 Apr 2023 18:07:26 GMT",
        "trace-id": "c453b196-34d0-15ba-11e3-7fff0fe79dd4",
        "Transfer-Encoding": "chunked",
        "X-Azure-Ref": "03hZIZAAAAAB3jZ\u002Bnv2xTSYA4HvTeqU\u002BvWVRPMjIxMDkwODIwMDM5ADlmYzdiNTE5LWE4Y2MtNGY4OS05MzVlLWM5MTQ4YWUwOWU4MQ==",
        "X-Cache": "CONFIG_NOCACHE"
      },
      "ResponseBody": {
        "id": "test_update_job_w_cp_w_kwargs_tst_dp",
        "name": "test_update_job_w_cp_w_kwargs_tst_dp",
        "offerTtlSeconds": 10,
        "mode": {
          "kind": "round-robin",
          "minConcurrentOffers": 1,
          "maxConcurrentOffers": 1,
          "bypassSelectors": false
        }
      }
    },
    {
      "RequestUri": "https://sanitized.communication.azure.net/routing/queues/test_update_job_w_cp_w_kwargs_tst_q?api-version=2022-07-18-preview",
      "RequestMethod": "PATCH",
      "RequestHeaders": {
        "Accept": "application/json",
        "Accept-Encoding": "gzip, deflate",
        "Authorization": "Sanitized",
        "Connection": "keep-alive",
        "Content-Length": "167",
        "Content-Type": "application/merge-patch\u002Bjson",
        "User-Agent": "azsdk-python-communication-jobrouter/1.0.0b1 Python/3.9.0 (Windows-10-10.0.22621-SP0)",
        "x-ms-client-request-id": "0a9facad-e394-11ed-a371-046c590fec67",
        "x-ms-content-sha256": "Sanitized",
        "x-ms-date": "Tue, 25 Apr 2023 18:07:29 GMT",
        "x-ms-return-client-request-id": "true"
      },
      "RequestBody": {
        "name": "test_update_job_w_cp_w_kwargs_tst_q",
        "distributionPolicyId": "test_update_job_w_cp_w_kwargs_tst_dp",
        "labels": {
          "key1": "JobKey",
          "key2": 10,
          "key3": true
        }
      },
      "StatusCode": 200,
      "ResponseHeaders": {
        "api-supported-versions": "2021-04-07-preview1, 2022-07-18-preview",
        "Content-Type": "application/json; charset=utf-8",
        "Date": "Tue, 25 Apr 2023 18:07:27 GMT",
        "ETag": "Sanitized",
        "Last-Modified": "Tue, 25 Apr 2023 18:07:27 GMT",
        "trace-id": "8de45d95-00cf-6277-0dfc-d31361acc502",
        "Transfer-Encoding": "chunked",
        "X-Azure-Ref": "03xZIZAAAAADlfp1TRvs7TqOIdElWfgL2WVRPMjIxMDkwODIwMDM5ADlmYzdiNTE5LWE4Y2MtNGY4OS05MzVlLWM5MTQ4YWUwOWU4MQ==",
        "X-Cache": "CONFIG_NOCACHE"
      },
      "ResponseBody": {
        "id": "test_update_job_w_cp_w_kwargs_tst_q",
        "name": "test_update_job_w_cp_w_kwargs_tst_q",
        "distributionPolicyId": "test_update_job_w_cp_w_kwargs_tst_dp",
        "labels": {
          "key1": "JobKey",
          "key2": 10,
          "key3": true,
          "Id": "test_update_job_w_cp_w_kwargs_tst_q"
        }
      }
    },
    {
      "RequestUri": "https://sanitized.communication.azure.net/routing/queues/test_update_job_w_cp_w_kwargs_tst_flbk_q?api-version=2022-07-18-preview",
      "RequestMethod": "PATCH",
      "RequestHeaders": {
        "Accept": "application/json",
        "Accept-Encoding": "gzip, deflate",
        "Authorization": "Sanitized",
        "Connection": "keep-alive",
        "Content-Length": "172",
        "Content-Type": "application/merge-patch\u002Bjson",
        "User-Agent": "azsdk-python-communication-jobrouter/1.0.0b1 Python/3.9.0 (Windows-10-10.0.22621-SP0)",
        "x-ms-client-request-id": "0ae87f78-e394-11ed-8c80-046c590fec67",
        "x-ms-content-sha256": "Sanitized",
        "x-ms-date": "Tue, 25 Apr 2023 18:07:29 GMT",
        "x-ms-return-client-request-id": "true"
      },
      "RequestBody": {
        "name": "test_update_job_w_cp_w_kwargs_tst_flbk_q",
        "distributionPolicyId": "test_update_job_w_cp_w_kwargs_tst_dp",
        "labels": {
          "key1": "JobKey",
          "key2": 10,
          "key3": true
        }
      },
      "StatusCode": 200,
      "ResponseHeaders": {
        "api-supported-versions": "2021-04-07-preview1, 2022-07-18-preview",
        "Content-Type": "application/json; charset=utf-8",
        "Date": "Tue, 25 Apr 2023 18:07:27 GMT",
        "ETag": "Sanitized",
        "Last-Modified": "Tue, 25 Apr 2023 18:07:27 GMT",
        "trace-id": "d85c6bc0-23ee-9870-0043-83116d5f49fd",
        "Transfer-Encoding": "chunked",
        "X-Azure-Ref": "03xZIZAAAAAAJ1JFO9WI2Sr5deYVxpa76WVRPMjIxMDkwODIwMDM5ADlmYzdiNTE5LWE4Y2MtNGY4OS05MzVlLWM5MTQ4YWUwOWU4MQ==",
        "X-Cache": "CONFIG_NOCACHE"
      },
      "ResponseBody": {
        "id": "test_update_job_w_cp_w_kwargs_tst_flbk_q",
        "name": "test_update_job_w_cp_w_kwargs_tst_flbk_q",
        "distributionPolicyId": "test_update_job_w_cp_w_kwargs_tst_dp",
        "labels": {
          "key1": "JobKey",
          "key2": 10,
          "key3": true,
          "Id": "test_update_job_w_cp_w_kwargs_tst_flbk_q"
        }
      }
    },
    {
      "RequestUri": "https://sanitized.communication.azure.net/routing/classificationPolicies/test_update_job_w_cp_w_kwargs_tst_cp?api-version=2022-07-18-preview",
      "RequestMethod": "PATCH",
      "RequestHeaders": {
        "Accept": "application/json",
        "Accept-Encoding": "gzip, deflate",
        "Authorization": "Sanitized",
        "Connection": "keep-alive",
        "Content-Length": "449",
        "Content-Type": "application/merge-patch\u002Bjson",
        "User-Agent": "azsdk-python-communication-jobrouter/1.0.0b1 Python/3.9.0 (Windows-10-10.0.22621-SP0)",
        "x-ms-client-request-id": "0b2e13dc-e394-11ed-ae5c-046c590fec67",
        "x-ms-content-sha256": "Sanitized",
        "x-ms-date": "Tue, 25 Apr 2023 18:07:30 GMT",
        "x-ms-return-client-request-id": "true"
      },
      "RequestBody": {
        "name": "test_update_job_w_cp_w_kwargs_tst_cp",
        "fallbackQueueId": "test_update_job_w_cp_w_kwargs_tst_flbk_q",
        "queueSelectors": [
          {
            "kind": "static",
            "labelSelector": {
              "key": "Id",
              "labelOperator": "equal",
              "value": "test_update_job_w_cp_w_kwargs_tst_q"
            }
          }
        ],
        "prioritizationRule": {
          "kind": "static-rule",
          "value": 10
        },
        "workerSelectors": [
          {
            "kind": "static",
            "labelSelector": {
              "key": "FakeKeyFromCp",
              "labelOperator": "equal",
              "value": "FakeValue"
            }
          }
        ]
      },
      "StatusCode": 200,
      "ResponseHeaders": {
        "api-supported-versions": "2021-04-07-preview1, 2022-07-18-preview",
        "Content-Type": "application/json; charset=utf-8",
        "Date": "Tue, 25 Apr 2023 18:07:28 GMT",
        "ETag": "Sanitized",
        "Last-Modified": "Tue, 25 Apr 2023 18:07:28 GMT",
        "trace-id": "3e89a8a7-b1bc-59ac-1c07-74dfb1935f6f",
        "Transfer-Encoding": "chunked",
        "X-Azure-Ref": "04BZIZAAAAAAGLm1\u002BwgWrQptJu34v1kYyWVRPMjIxMDkwODIwMDM5ADlmYzdiNTE5LWE4Y2MtNGY4OS05MzVlLWM5MTQ4YWUwOWU4MQ==",
        "X-Cache": "CONFIG_NOCACHE"
      },
      "ResponseBody": {
        "id": "test_update_job_w_cp_w_kwargs_tst_cp",
        "name": "test_update_job_w_cp_w_kwargs_tst_cp",
        "fallbackQueueId": "test_update_job_w_cp_w_kwargs_tst_flbk_q",
        "queueSelectors": [
          {
            "kind": "static",
            "labelSelector": {
              "key": "Id",
              "labelOperator": "equal",
              "value": "test_update_job_w_cp_w_kwargs_tst_q"
            }
          }
        ],
        "prioritizationRule": {
          "kind": "static-rule",
          "value": 10
        },
        "workerSelectors": [
          {
            "kind": "static",
            "labelSelector": {
              "expedite": false,
              "state": "active",
              "key": "FakeKeyFromCp",
              "labelOperator": "equal",
              "value": "FakeValue"
            }
          }
        ]
      }
    },
    {
      "RequestUri": "https://sanitized.communication.azure.net/routing/jobs/tst_update_job_cp_w_kwargs?api-version=2022-07-18-preview",
      "RequestMethod": "PATCH",
      "RequestHeaders": {
        "Accept": "application/json",
        "Accept-Encoding": "gzip, deflate",
        "Authorization": "Sanitized",
        "Connection": "keep-alive",
        "Content-Length": "732",
        "Content-Type": "application/merge-patch\u002Bjson",
        "User-Agent": "azsdk-python-communication-jobrouter/1.0.0b1 Python/3.9.0 (Windows-10-10.0.22621-SP0)",
        "x-ms-client-request-id": "0b89d5e9-e394-11ed-8e28-046c590fec67",
        "x-ms-content-sha256": "Sanitized",
        "x-ms-date": "Tue, 25 Apr 2023 18:07:30 GMT",
        "x-ms-return-client-request-id": "true"
      },
      "RequestBody": {
        "channelReference": "fakeChannelRef1",
        "channelId": "fakeChannelId1",
        "classificationPolicyId": "test_update_job_w_cp_w_kwargs_tst_cp",
        "requestedWorkerSelectors": [
          {
            "key": "FakeKey1",
            "labelOperator": "equal",
            "value": true
          },
          {
            "key": "FakeKey2",
            "labelOperator": "notEqual",
            "value": false
          },
          {
            "key": "FakeKey3",
            "labelOperator": "lessThan",
            "value": 10
          },
          {
            "key": "FakeKey4",
            "labelOperator": "lessThanEqual",
            "value": 10.01
          },
          {
            "key": "FakeKey5",
            "labelOperator": "greaterThan",
            "value": 10
          },
          {
            "key": "FakeKey6",
            "labelOperator": "greaterThanEqual",
            "value": 10
          }
        ],
        "labels": {
          "key1": "JobKey",
          "key2": 10,
          "key3": true
        },
        "tags": {
          "tag1": "WorkerGenericInfo"
        },
        "notes": {
          "2022-05-13T16:59:04.531199Z": "Fake notes attached to job"
        }
      },
      "StatusCode": 200,
      "ResponseHeaders": {
        "api-supported-versions": "2021-04-07-preview1, 2022-07-18-preview",
        "Content-Type": "application/json; charset=utf-8",
        "Date": "Tue, 25 Apr 2023 18:07:29 GMT",
        "ETag": "Sanitized",
        "Last-Modified": "Tue, 25 Apr 2023 18:07:28 GMT",
        "trace-id": "48bf3d26-a446-b983-bc02-606c64881576",
        "Transfer-Encoding": "chunked",
        "X-Azure-Ref": "04BZIZAAAAACndSHCXhfTTJFSWgN83EnWWVRPMjIxMDkwODIwMDM5ADlmYzdiNTE5LWE4Y2MtNGY4OS05MzVlLWM5MTQ4YWUwOWU4MQ==",
        "X-Cache": "CONFIG_NOCACHE"
      },
      "ResponseBody": {
        "id": "tst_update_job_cp_w_kwargs",
        "channelReference": "fakeChannelRef1",
        "jobStatus": "pendingClassification",
        "channelId": "fakeChannelId1",
        "classificationPolicyId": "test_update_job_w_cp_w_kwargs_tst_cp",
        "priority": 1,
        "requestedWorkerSelectors": [
          {
            "expedite": false,
            "state": "active",
            "key": "FakeKey1",
            "labelOperator": "equal",
            "value": true
          },
          {
            "expedite": false,
            "state": "active",
            "key": "FakeKey2",
            "labelOperator": "notEqual",
            "value": false
          },
          {
            "expedite": false,
            "state": "active",
            "key": "FakeKey3",
            "labelOperator": "lessThan",
            "value": 10
          },
          {
            "expedite": false,
            "state": "active",
            "key": "FakeKey4",
            "labelOperator": "lessThanEqual",
            "value": 10.01
          },
          {
            "expedite": false,
            "state": "active",
            "key": "FakeKey5",
            "labelOperator": "greaterThan",
            "value": 10
          },
          {
            "expedite": false,
            "state": "active",
            "key": "FakeKey6",
            "labelOperator": "greaterThanEqual",
            "value": 10
          }
        ],
        "attachedWorkerSelectors": [],
        "labels": {
          "key1": "JobKey",
          "key2": 10,
          "key3": true
        },
        "assignments": {},
        "tags": {
          "tag1": "WorkerGenericInfo"
        },
        "notes": {
          "2022-05-13T16:59:04.531199\u002B00:00": "Fake notes attached to job"
        }
      }
    },
    {
      "RequestUri": "https://sanitized.communication.azure.net/routing/jobs/tst_update_job_cp_w_kwargs?api-version=2022-07-18-preview",
      "RequestMethod": "GET",
      "RequestHeaders": {
        "Accept": "application/json",
        "Accept-Encoding": "gzip, deflate",
        "Authorization": "Sanitized",
        "Connection": "keep-alive",
        "User-Agent": "azsdk-python-communication-jobrouter/1.0.0b1 Python/3.9.0 (Windows-10-10.0.22621-SP0)",
        "x-ms-client-request-id": "0be545d4-e394-11ed-903a-046c590fec67",
        "x-ms-content-sha256": "Sanitized",
        "x-ms-date": "Tue, 25 Apr 2023 18:07:31 GMT",
        "x-ms-return-client-request-id": "true"
      },
      "RequestBody": null,
      "StatusCode": 200,
      "ResponseHeaders": {
        "api-supported-versions": "2021-04-07-preview1, 2022-07-18-preview",
        "Content-Type": "application/json; charset=utf-8",
        "Date": "Tue, 25 Apr 2023 18:07:29 GMT",
        "ETag": "Sanitized",
        "Last-Modified": "Tue, 25 Apr 2023 18:07:28 GMT",
        "trace-id": "2b96dbd4-8a43-5711-a258-0047b3ec3c46",
        "Transfer-Encoding": "chunked",
        "X-Azure-Ref": "04RZIZAAAAAAqnVpXEfmjRKyaTYjpwUZeWVRPMjIxMDkwODIwMDM5ADlmYzdiNTE5LWE4Y2MtNGY4OS05MzVlLWM5MTQ4YWUwOWU4MQ==",
        "X-Cache": "CONFIG_NOCACHE"
      },
      "ResponseBody": {
        "id": "tst_update_job_cp_w_kwargs",
        "channelReference": "fakeChannelRef1",
        "jobStatus": "pendingClassification",
        "channelId": "fakeChannelId1",
        "classificationPolicyId": "test_update_job_w_cp_w_kwargs_tst_cp",
        "priority": 1,
        "requestedWorkerSelectors": [
          {
            "expedite": false,
            "state": "active",
            "key": "FakeKey1",
            "labelOperator": "equal",
            "value": true
          },
          {
            "expedite": false,
            "state": "active",
            "key": "FakeKey2",
            "labelOperator": "notEqual",
            "value": false
          },
          {
            "expedite": false,
            "state": "active",
            "key": "FakeKey3",
            "labelOperator": "lessThan",
            "value": 10
          },
          {
            "expedite": false,
            "state": "active",
            "key": "FakeKey4",
            "labelOperator": "lessThanEqual",
            "value": 10.01
          },
          {
            "expedite": false,
            "state": "active",
            "key": "FakeKey5",
            "labelOperator": "greaterThan",
            "value": 10
          },
          {
            "expedite": false,
            "state": "active",
            "key": "FakeKey6",
            "labelOperator": "greaterThanEqual",
            "value": 10
          }
        ],
        "attachedWorkerSelectors": [],
        "labels": {
          "key1": "JobKey",
          "key2": 10,
          "key3": true
        },
        "assignments": {},
        "tags": {
          "tag1": "WorkerGenericInfo"
        },
        "notes": {
          "2022-05-13T16:59:04.531199\u002B00:00": "Fake notes attached to job"
        }
      }
    },
    {
      "RequestUri": "https://sanitized.communication.azure.net/routing/jobs/tst_update_job_cp_w_kwargs?api-version=2022-07-18-preview",
      "RequestMethod": "GET",
      "RequestHeaders": {
        "Accept": "application/json",
        "Accept-Encoding": "gzip, deflate",
        "Authorization": "Sanitized",
        "Connection": "keep-alive",
        "User-Agent": "azsdk-python-communication-jobrouter/1.0.0b1 Python/3.9.0 (Windows-10-10.0.22621-SP0)",
        "x-ms-client-request-id": "0dc3c6ef-e394-11ed-8678-046c590fec67",
        "x-ms-content-sha256": "Sanitized",
        "x-ms-date": "Tue, 25 Apr 2023 18:07:34 GMT",
        "x-ms-return-client-request-id": "true"
      },
      "RequestBody": null,
      "StatusCode": 200,
      "ResponseHeaders": {
        "api-supported-versions": "2021-04-07-preview1, 2022-07-18-preview",
        "Content-Type": "application/json; charset=utf-8",
        "Date": "Tue, 25 Apr 2023 18:07:32 GMT",
        "ETag": "Sanitized",
        "Last-Modified": "Tue, 25 Apr 2023 18:07:30 GMT",
        "trace-id": "bcffd7a8-dd77-6ceb-8981-a732b71aa0f4",
        "Transfer-Encoding": "chunked",
        "X-Azure-Ref": "05BZIZAAAAACDm3hG39sMSqhdQZ2eeMmAWVRPMjIxMDkwODIwMDM5ADlmYzdiNTE5LWE4Y2MtNGY4OS05MzVlLWM5MTQ4YWUwOWU4MQ==",
        "X-Cache": "CONFIG_NOCACHE"
      },
      "ResponseBody": {
        "id": "tst_update_job_cp_w_kwargs",
        "channelReference": "fakeChannelRef1",
        "jobStatus": "queued",
        "enqueueTimeUtc": "2023-04-25T18:07:30.6544012\u002B00:00",
        "channelId": "fakeChannelId1",
        "classificationPolicyId": "test_update_job_w_cp_w_kwargs_tst_cp",
        "queueId": "test_update_job_w_cp_w_kwargs_tst_q",
        "priority": 10,
        "requestedWorkerSelectors": [
          {
            "expedite": false,
            "state": "active",
            "key": "FakeKey1",
            "labelOperator": "equal",
            "value": true
          },
          {
            "expedite": false,
            "state": "active",
            "key": "FakeKey2",
            "labelOperator": "notEqual",
            "value": false
          },
          {
            "expedite": false,
            "state": "active",
            "key": "FakeKey3",
            "labelOperator": "lessThan",
            "value": 10
          },
          {
            "expedite": false,
            "state": "active",
            "key": "FakeKey4",
            "labelOperator": "lessThanEqual",
            "value": 10.01
          },
          {
            "expedite": false,
            "state": "active",
            "key": "FakeKey5",
            "labelOperator": "greaterThan",
            "value": 10
          },
          {
            "expedite": false,
            "state": "active",
            "key": "FakeKey6",
            "labelOperator": "greaterThanEqual",
            "value": 10
          }
        ],
        "attachedWorkerSelectors": [
          {
            "expedite": false,
            "state": "active",
            "key": "FakeKeyFromCp",
            "labelOperator": "equal",
            "value": "FakeValue"
          }
        ],
        "labels": {
          "key1": "JobKey",
          "key2": 10,
          "key3": true
        },
        "assignments": {},
        "tags": {
          "tag1": "WorkerGenericInfo"
        },
        "notes": {
          "2022-05-13T16:59:04.531199\u002B00:00": "Fake notes attached to job"
        }
      }
    },
    {
      "RequestUri": "https://sanitized.communication.azure.net/routing/jobs/tst_update_job_cp_w_kwargs?api-version=2022-07-18-preview",
      "RequestMethod": "PATCH",
      "RequestHeaders": {
        "Accept": "application/json",
        "Accept-Encoding": "gzip, deflate",
        "Authorization": "Sanitized",
        "Connection": "keep-alive",
        "Content-Length": "86",
        "Content-Type": "application/merge-patch\u002Bjson",
        "User-Agent": "azsdk-python-communication-jobrouter/1.0.0b1 Python/3.9.0 (Windows-10-10.0.22621-SP0)",
        "x-ms-client-request-id": "0dd84214-e394-11ed-a2c2-046c590fec67",
        "x-ms-content-sha256": "Sanitized",
        "x-ms-date": "Tue, 25 Apr 2023 18:07:34 GMT",
        "x-ms-return-client-request-id": "true"
      },
      "RequestBody": {
        "labels": {
          "key1": "JobKey",
          "key2": 10,
          "key3": true,
          "FakeKey": "FakeWorkerValue"
        }
      },
      "StatusCode": 200,
      "ResponseHeaders": {
        "api-supported-versions": "2021-04-07-preview1, 2022-07-18-preview",
        "Content-Type": "application/json; charset=utf-8",
        "Date": "Tue, 25 Apr 2023 18:07:34 GMT",
        "ETag": "Sanitized",
        "Last-Modified": "Tue, 25 Apr 2023 18:07:33 GMT",
        "trace-id": "17ddced6-1670-7f0b-4651-e417454c1b5f",
        "Transfer-Encoding": "chunked",
        "X-Azure-Ref": "05BZIZAAAAACMblInjQ7zQKFtbR6EdiCeWVRPMjIxMDkwODIwMDM5ADlmYzdiNTE5LWE4Y2MtNGY4OS05MzVlLWM5MTQ4YWUwOWU4MQ==",
        "X-Cache": "CONFIG_NOCACHE"
      },
      "ResponseBody": {
        "id": "tst_update_job_cp_w_kwargs",
        "channelReference": "fakeChannelRef1",
        "jobStatus": "pendingClassification",
        "enqueueTimeUtc": "2023-04-25T18:07:30.6544012\u002B00:00",
        "channelId": "fakeChannelId1",
        "classificationPolicyId": "test_update_job_w_cp_w_kwargs_tst_cp",
        "queueId": "test_update_job_w_cp_w_kwargs_tst_q",
        "priority": 10,
        "requestedWorkerSelectors": [
          {
            "expedite": false,
            "state": "active",
            "key": "FakeKey1",
            "labelOperator": "equal",
            "value": true
          },
          {
            "expedite": false,
            "state": "active",
            "key": "FakeKey2",
            "labelOperator": "notEqual",
            "value": false
          },
          {
            "expedite": false,
            "state": "active",
            "key": "FakeKey3",
            "labelOperator": "lessThan",
            "value": 10
          },
          {
            "expedite": false,
            "state": "active",
            "key": "FakeKey4",
            "labelOperator": "lessThanEqual",
            "value": 10.01
          },
          {
            "expedite": false,
            "state": "active",
            "key": "FakeKey5",
            "labelOperator": "greaterThan",
            "value": 10
          },
          {
            "expedite": false,
            "state": "active",
            "key": "FakeKey6",
            "labelOperator": "greaterThanEqual",
            "value": 10
          }
        ],
        "attachedWorkerSelectors": [
          {
            "expedite": false,
            "state": "active",
            "key": "FakeKeyFromCp",
            "labelOperator": "equal",
            "value": "FakeValue"
          }
        ],
        "labels": {
          "key1": "JobKey",
          "key2": 10,
          "key3": true,
          "FakeKey": "FakeWorkerValue"
        },
        "assignments": {},
        "tags": {
          "tag1": "WorkerGenericInfo"
        },
        "notes": {
          "2022-05-13T16:59:04.531199\u002B00:00": "Fake notes attached to job"
        }
      }
    },
    {
      "RequestUri": "https://sanitized.communication.azure.net/routing/jobs/tst_update_job_cp_w_kwargs?api-version=2022-07-18-preview",
      "RequestMethod": "GET",
      "RequestHeaders": {
        "Accept": "application/json",
        "Accept-Encoding": "gzip, deflate",
        "Authorization": "Sanitized",
        "Connection": "keep-alive",
        "User-Agent": "azsdk-python-communication-jobrouter/1.0.0b1 Python/3.9.0 (Windows-10-10.0.22621-SP0)",
        "x-ms-client-request-id": "0f0ccca4-e394-11ed-b3d1-046c590fec67",
        "x-ms-content-sha256": "Sanitized",
        "x-ms-date": "Tue, 25 Apr 2023 18:07:36 GMT",
        "x-ms-return-client-request-id": "true"
      },
      "RequestBody": null,
      "StatusCode": 200,
      "ResponseHeaders": {
        "api-supported-versions": "2021-04-07-preview1, 2022-07-18-preview",
        "Content-Type": "application/json; charset=utf-8",
        "Date": "Tue, 25 Apr 2023 18:07:34 GMT",
        "ETag": "Sanitized",
        "Last-Modified": "Tue, 25 Apr 2023 18:07:34 GMT",
        "trace-id": "2f0f53ee-f670-ac8f-a8a2-a96795e09bda",
        "Transfer-Encoding": "chunked",
        "X-Azure-Ref": "05hZIZAAAAAAXLRkcHadWR60MYlDxJjXgWVRPMjIxMDkwODIwMDM5ADlmYzdiNTE5LWE4Y2MtNGY4OS05MzVlLWM5MTQ4YWUwOWU4MQ==",
        "X-Cache": "CONFIG_NOCACHE"
      },
      "ResponseBody": {
        "id": "tst_update_job_cp_w_kwargs",
        "channelReference": "fakeChannelRef1",
        "jobStatus": "pendingClassification",
        "enqueueTimeUtc": "2023-04-25T18:07:30.6544012\u002B00:00",
        "channelId": "fakeChannelId1",
        "classificationPolicyId": "test_update_job_w_cp_w_kwargs_tst_cp",
        "queueId": "test_update_job_w_cp_w_kwargs_tst_q",
        "priority": 10,
        "requestedWorkerSelectors": [
          {
            "expedite": false,
            "state": "active",
            "key": "FakeKey1",
            "labelOperator": "equal",
            "value": true
          },
          {
            "expedite": false,
            "state": "active",
            "key": "FakeKey2",
            "labelOperator": "notEqual",
            "value": false
          },
          {
            "expedite": false,
            "state": "active",
            "key": "FakeKey3",
            "labelOperator": "lessThan",
            "value": 10
          },
          {
            "expedite": false,
            "state": "active",
            "key": "FakeKey4",
            "labelOperator": "lessThanEqual",
            "value": 10.01
          },
          {
            "expedite": false,
            "state": "active",
            "key": "FakeKey5",
            "labelOperator": "greaterThan",
            "value": 10
          },
          {
            "expedite": false,
            "state": "active",
            "key": "FakeKey6",
            "labelOperator": "greaterThanEqual",
            "value": 10
          }
        ],
        "attachedWorkerSelectors": [
          {
            "expedite": false,
            "state": "active",
            "key": "FakeKeyFromCp",
            "labelOperator": "equal",
            "value": "FakeValue"
          }
        ],
        "labels": {
          "key1": "JobKey",
          "key2": 10,
          "key3": true,
          "FakeKey": "FakeWorkerValue"
        },
        "assignments": {},
        "tags": {
          "tag1": "WorkerGenericInfo"
        },
        "notes": {
          "2022-05-13T16:59:04.531199\u002B00:00": "Fake notes attached to job"
        }
      }
    },
    {
      "RequestUri": "https://sanitized.communication.azure.net/routing/jobs/tst_update_job_cp_w_kwargs?api-version=2022-07-18-preview",
      "RequestMethod": "GET",
      "RequestHeaders": {
        "Accept": "application/json",
        "Accept-Encoding": "gzip, deflate",
        "Authorization": "Sanitized",
        "Connection": "keep-alive",
        "User-Agent": "azsdk-python-communication-jobrouter/1.0.0b1 Python/3.9.0 (Windows-10-10.0.22621-SP0)",
        "x-ms-client-request-id": "10eec52c-e394-11ed-87bd-046c590fec67",
        "x-ms-content-sha256": "Sanitized",
        "x-ms-date": "Tue, 25 Apr 2023 18:07:39 GMT",
        "x-ms-return-client-request-id": "true"
      },
      "RequestBody": null,
      "StatusCode": 200,
      "ResponseHeaders": {
        "api-supported-versions": "2021-04-07-preview1, 2022-07-18-preview",
        "Content-Type": "application/json; charset=utf-8",
        "Date": "Tue, 25 Apr 2023 18:07:37 GMT",
        "ETag": "Sanitized",
        "Last-Modified": "Tue, 25 Apr 2023 18:07:34 GMT",
        "trace-id": "2f7d61ad-b897-dd33-ee69-d273f2d276a1",
        "Transfer-Encoding": "chunked",
        "X-Azure-Ref": "06RZIZAAAAACHxtzkwR74R71YVECzDFVrWVRPMjIxMDkwODIwMDM5ADlmYzdiNTE5LWE4Y2MtNGY4OS05MzVlLWM5MTQ4YWUwOWU4MQ==",
        "X-Cache": "CONFIG_NOCACHE"
      },
      "ResponseBody": {
        "id": "tst_update_job_cp_w_kwargs",
        "channelReference": "fakeChannelRef1",
        "jobStatus": "queued",
        "enqueueTimeUtc": "2023-04-25T18:07:30.6544012\u002B00:00",
        "channelId": "fakeChannelId1",
        "classificationPolicyId": "test_update_job_w_cp_w_kwargs_tst_cp",
        "queueId": "test_update_job_w_cp_w_kwargs_tst_q",
        "priority": 10,
        "requestedWorkerSelectors": [
          {
            "expedite": false,
            "state": "active",
            "key": "FakeKey1",
            "labelOperator": "equal",
            "value": true
          },
          {
            "expedite": false,
            "state": "active",
            "key": "FakeKey2",
            "labelOperator": "notEqual",
            "value": false
          },
          {
            "expedite": false,
            "state": "active",
            "key": "FakeKey3",
            "labelOperator": "lessThan",
            "value": 10
          },
          {
            "expedite": false,
            "state": "active",
            "key": "FakeKey4",
            "labelOperator": "lessThanEqual",
            "value": 10.01
          },
          {
            "expedite": false,
            "state": "active",
            "key": "FakeKey5",
            "labelOperator": "greaterThan",
            "value": 10
          },
          {
            "expedite": false,
            "state": "active",
            "key": "FakeKey6",
            "labelOperator": "greaterThanEqual",
            "value": 10
          }
        ],
        "attachedWorkerSelectors": [
          {
            "expedite": false,
            "state": "active",
            "key": "FakeKeyFromCp",
            "labelOperator": "equal",
            "value": "FakeValue"
          }
        ],
        "labels": {
          "key1": "JobKey",
          "key2": 10,
          "key3": true,
          "FakeKey": "FakeWorkerValue"
        },
        "assignments": {},
        "tags": {
          "tag1": "WorkerGenericInfo"
        },
        "notes": {
          "2022-05-13T16:59:04.531199\u002B00:00": "Fake notes attached to job"
        }
      }
    },
    {
      "RequestUri": "https://sanitized.communication.azure.net/routing/jobs/tst_update_job_cp_w_kwargs?api-version=2022-07-18-preview",
      "RequestMethod": "GET",
      "RequestHeaders": {
        "Accept": "application/json",
        "Accept-Encoding": "gzip, deflate",
        "Authorization": "Sanitized",
        "Connection": "keep-alive",
        "User-Agent": "azsdk-python-communication-jobrouter/1.0.0b1 Python/3.9.0 (Windows-10-10.0.22621-SP0)",
        "x-ms-client-request-id": "11030cf5-e394-11ed-89c3-046c590fec67",
        "x-ms-content-sha256": "Sanitized",
        "x-ms-date": "Tue, 25 Apr 2023 18:07:39 GMT",
        "x-ms-return-client-request-id": "true"
      },
      "RequestBody": null,
      "StatusCode": 200,
      "ResponseHeaders": {
        "api-supported-versions": "2021-04-07-preview1, 2022-07-18-preview",
        "Content-Type": "application/json; charset=utf-8",
        "Date": "Tue, 25 Apr 2023 18:07:37 GMT",
        "ETag": "Sanitized",
        "Last-Modified": "Tue, 25 Apr 2023 18:07:34 GMT",
        "trace-id": "f4ba712f-0225-1636-3a3e-a893a0ce72e8",
        "Transfer-Encoding": "chunked",
        "X-Azure-Ref": "06RZIZAAAAABmL6vz1P70SJknIslpklDtWVRPMjIxMDkwODIwMDM5ADlmYzdiNTE5LWE4Y2MtNGY4OS05MzVlLWM5MTQ4YWUwOWU4MQ==",
        "X-Cache": "CONFIG_NOCACHE"
      },
      "ResponseBody": {
        "id": "tst_update_job_cp_w_kwargs",
        "channelReference": "fakeChannelRef1",
        "jobStatus": "queued",
        "enqueueTimeUtc": "2023-04-25T18:07:30.6544012\u002B00:00",
        "channelId": "fakeChannelId1",
        "classificationPolicyId": "test_update_job_w_cp_w_kwargs_tst_cp",
        "queueId": "test_update_job_w_cp_w_kwargs_tst_q",
        "priority": 10,
        "requestedWorkerSelectors": [
          {
            "expedite": false,
            "state": "active",
            "key": "FakeKey1",
            "labelOperator": "equal",
            "value": true
          },
          {
            "expedite": false,
            "state": "active",
            "key": "FakeKey2",
            "labelOperator": "notEqual",
            "value": false
          },
          {
            "expedite": false,
            "state": "active",
            "key": "FakeKey3",
            "labelOperator": "lessThan",
            "value": 10
          },
          {
            "expedite": false,
            "state": "active",
            "key": "FakeKey4",
            "labelOperator": "lessThanEqual",
            "value": 10.01
          },
          {
            "expedite": false,
            "state": "active",
            "key": "FakeKey5",
            "labelOperator": "greaterThan",
            "value": 10
          },
          {
            "expedite": false,
            "state": "active",
            "key": "FakeKey6",
            "labelOperator": "greaterThanEqual",
            "value": 10
          }
        ],
        "attachedWorkerSelectors": [
          {
            "expedite": false,
            "state": "active",
            "key": "FakeKeyFromCp",
            "labelOperator": "equal",
            "value": "FakeValue"
          }
        ],
        "labels": {
          "key1": "JobKey",
          "key2": 10,
          "key3": true,
          "FakeKey": "FakeWorkerValue"
        },
        "assignments": {},
        "tags": {
          "tag1": "WorkerGenericInfo"
        },
        "notes": {
          "2022-05-13T16:59:04.531199\u002B00:00": "Fake notes attached to job"
        }
      }
    },
    {
      "RequestUri": "https://sanitized.communication.azure.net/routing/jobs/tst_update_job_cp_w_kwargs:cancel?api-version=2022-07-18-preview",
      "RequestMethod": "POST",
      "RequestHeaders": {
        "Accept": "application/json",
        "Accept-Encoding": "gzip, deflate",
        "Authorization": "Sanitized",
        "Connection": "keep-alive",
        "Content-Length": "54",
        "Content-Type": "application/json",
        "User-Agent": "azsdk-python-communication-jobrouter/1.0.0b1 Python/3.9.0 (Windows-10-10.0.22621-SP0)",
        "x-ms-client-request-id": "1117390d-e394-11ed-b6aa-046c590fec67",
        "x-ms-content-sha256": "Sanitized",
        "x-ms-date": "Tue, 25 Apr 2023 18:07:39 GMT",
        "x-ms-return-client-request-id": "true"
      },
      "RequestBody": {
        "dispositionCode": "JobCancelledAsPartOfTestCleanUp"
      },
      "StatusCode": 200,
      "ResponseHeaders": {
        "api-supported-versions": "2021-04-07-preview1, 2022-07-18-preview",
        "Content-Type": "application/json; charset=utf-8",
        "Date": "Tue, 25 Apr 2023 18:07:38 GMT",
        "trace-id": "3cded83e-5da0-3c31-c531-e01245468fa8",
        "Transfer-Encoding": "chunked",
        "X-Azure-Ref": "06RZIZAAAAAD4KDPlLFo4T7Qh2BF4vT/wWVRPMjIxMDkwODIwMDM5ADlmYzdiNTE5LWE4Y2MtNGY4OS05MzVlLWM5MTQ4YWUwOWU4MQ==",
        "X-Cache": "CONFIG_NOCACHE"
      },
      "ResponseBody": {}
    },
    {
      "RequestUri": "https://sanitized.communication.azure.net/routing/jobs/tst_update_job_cp_w_kwargs?api-version=2022-07-18-preview",
      "RequestMethod": "DELETE",
      "RequestHeaders": {
        "Accept": "application/json",
        "Accept-Encoding": "gzip, deflate",
        "Authorization": "Sanitized",
        "Connection": "keep-alive",
        "Content-Length": "0",
        "User-Agent": "azsdk-python-communication-jobrouter/1.0.0b1 Python/3.9.0 (Windows-10-10.0.22621-SP0)",
        "x-ms-client-request-id": "116fda3f-e394-11ed-a35b-046c590fec67",
        "x-ms-content-sha256": "Sanitized",
        "x-ms-date": "Tue, 25 Apr 2023 18:07:40 GMT",
        "x-ms-return-client-request-id": "true"
      },
      "RequestBody": null,
      "StatusCode": 204,
      "ResponseHeaders": {
        "api-supported-versions": "2021-04-07-preview1, 2022-07-18-preview",
        "Date": "Tue, 25 Apr 2023 18:07:39 GMT",
        "trace-id": "8e5e4f2f-3d64-9aa1-84c5-6cfa58fa7560",
        "X-Azure-Ref": "06hZIZAAAAAAdI0qak9\u002B5Tr4NlftkXYHeWVRPMjIxMDkwODIwMDM5ADlmYzdiNTE5LWE4Y2MtNGY4OS05MzVlLWM5MTQ4YWUwOWU4MQ==",
        "X-Cache": "CONFIG_NOCACHE"
      },
      "ResponseBody": null
    },
    {
      "RequestUri": "https://sanitized.communication.azure.net/routing/classificationPolicies/test_update_job_w_cp_w_kwargs_tst_cp?api-version=2022-07-18-preview",
      "RequestMethod": "DELETE",
      "RequestHeaders": {
        "Accept": "application/json",
        "Accept-Encoding": "gzip, deflate",
        "Authorization": "Sanitized",
        "Connection": "keep-alive",
        "Content-Length": "0",
        "User-Agent": "azsdk-python-communication-jobrouter/1.0.0b1 Python/3.9.0 (Windows-10-10.0.22621-SP0)",
        "x-ms-client-request-id": "11ea40aa-e394-11ed-b868-046c590fec67",
        "x-ms-content-sha256": "Sanitized",
        "x-ms-date": "Tue, 25 Apr 2023 18:07:41 GMT",
        "x-ms-return-client-request-id": "true"
      },
      "RequestBody": null,
      "StatusCode": 204,
      "ResponseHeaders": {
        "api-supported-versions": "2021-04-07-preview1, 2022-07-18-preview",
        "Date": "Tue, 25 Apr 2023 18:07:39 GMT",
        "trace-id": "893774b9-5e2c-daed-2b43-66c17060ac3d",
        "X-Azure-Ref": "06xZIZAAAAADOW9ND00sRRo/tvOUWw7GsWVRPMjIxMDkwODIwMDM5ADlmYzdiNTE5LWE4Y2MtNGY4OS05MzVlLWM5MTQ4YWUwOWU4MQ==",
        "X-Cache": "CONFIG_NOCACHE"
      },
      "ResponseBody": null
    },
    {
      "RequestUri": "https://sanitized.communication.azure.net/routing/queues/test_update_job_w_cp_w_kwargs_tst_flbk_q?api-version=2022-07-18-preview",
      "RequestMethod": "DELETE",
      "RequestHeaders": {
        "Accept": "application/json",
        "Accept-Encoding": "gzip, deflate",
        "Authorization": "Sanitized",
        "Connection": "keep-alive",
        "Content-Length": "0",
        "User-Agent": "azsdk-python-communication-jobrouter/1.0.0b1 Python/3.9.0 (Windows-10-10.0.22621-SP0)",
        "x-ms-client-request-id": "1227336a-e394-11ed-8ea2-046c590fec67",
        "x-ms-content-sha256": "Sanitized",
        "x-ms-date": "Tue, 25 Apr 2023 18:07:41 GMT",
        "x-ms-return-client-request-id": "true"
      },
      "RequestBody": null,
      "StatusCode": 204,
      "ResponseHeaders": {
        "api-supported-versions": "2021-04-07-preview1, 2022-07-18-preview",
        "Date": "Tue, 25 Apr 2023 18:07:39 GMT",
        "trace-id": "be805a9c-6f9f-b835-c16d-85c4aca58c28",
        "X-Azure-Ref": "06xZIZAAAAAACKE8DkYKiSZoH13PPT57YWVRPMjIxMDkwODIwMDM5ADlmYzdiNTE5LWE4Y2MtNGY4OS05MzVlLWM5MTQ4YWUwOWU4MQ==",
        "X-Cache": "CONFIG_NOCACHE"
      },
      "ResponseBody": null
    },
    {
      "RequestUri": "https://sanitized.communication.azure.net/routing/queues/test_update_job_w_cp_w_kwargs_tst_q?api-version=2022-07-18-preview",
      "RequestMethod": "DELETE",
      "RequestHeaders": {
        "Accept": "application/json",
        "Accept-Encoding": "gzip, deflate",
        "Authorization": "Sanitized",
        "Connection": "keep-alive",
        "Content-Length": "0",
        "User-Agent": "azsdk-python-communication-jobrouter/1.0.0b1 Python/3.9.0 (Windows-10-10.0.22621-SP0)",
        "x-ms-client-request-id": "1274658a-e394-11ed-8264-046c590fec67",
        "x-ms-content-sha256": "Sanitized",
        "x-ms-date": "Tue, 25 Apr 2023 18:07:42 GMT",
        "x-ms-return-client-request-id": "true"
      },
      "RequestBody": null,
      "StatusCode": 204,
      "ResponseHeaders": {
        "api-supported-versions": "2021-04-07-preview1, 2022-07-18-preview",
        "Date": "Tue, 25 Apr 2023 18:07:40 GMT",
        "trace-id": "b18f657c-049b-bcb4-a68c-a288df1db4f7",
        "X-Azure-Ref": "07BZIZAAAAAB9BKHnlkKeQLlyY4xmH1NzWVRPMjIxMDkwODIwMDM5ADlmYzdiNTE5LWE4Y2MtNGY4OS05MzVlLWM5MTQ4YWUwOWU4MQ==",
        "X-Cache": "CONFIG_NOCACHE"
      },
      "ResponseBody": null
    },
    {
      "RequestUri": "https://sanitized.communication.azure.net/routing/distributionPolicies/test_update_job_w_cp_w_kwargs_tst_dp?api-version=2022-07-18-preview",
      "RequestMethod": "DELETE",
      "RequestHeaders": {
        "Accept": "application/json",
        "Accept-Encoding": "gzip, deflate",
        "Authorization": "Sanitized",
        "Connection": "keep-alive",
        "Content-Length": "0",
        "User-Agent": "azsdk-python-communication-jobrouter/1.0.0b1 Python/3.9.0 (Windows-10-10.0.22621-SP0)",
        "x-ms-client-request-id": "12bfa54c-e394-11ed-b26d-046c590fec67",
        "x-ms-content-sha256": "Sanitized",
        "x-ms-date": "Tue, 25 Apr 2023 18:07:42 GMT",
        "x-ms-return-client-request-id": "true"
      },
      "RequestBody": null,
      "StatusCode": 204,
      "ResponseHeaders": {
        "api-supported-versions": "2021-04-07-preview1, 2022-07-18-preview",
        "Date": "Tue, 25 Apr 2023 18:07:40 GMT",
        "trace-id": "60d4b914-fe67-1b41-066e-5161afa6c7f0",
        "X-Azure-Ref": "07BZIZAAAAACD7ZU7KMoCQJTOZz\u002Bjz5GvWVRPMjIxMDkwODIwMDM5ADlmYzdiNTE5LWE4Y2MtNGY4OS05MzVlLWM5MTQ4YWUwOWU4MQ==",
        "X-Cache": "CONFIG_NOCACHE"
      },
      "ResponseBody": null
    }
  ],
  "Variables": {}
}
