{
  "Entries": [
    {
      "RequestUri": "https://sanitized.communication.azure.net/routing/distributionPolicies/test_get_queue_tst_dp?api-version=2022-07-18-preview",
      "RequestMethod": "PATCH",
      "RequestHeaders": {
        "Accept": "application/json",
        "Accept-Encoding": "gzip, deflate",
        "Authorization": "Sanitized",
        "Connection": "keep-alive",
        "Content-Length": "152",
        "Content-Type": "application/merge-patch\u002Bjson",
        "User-Agent": "azsdk-python-communication-jobrouter/1.0.0b1 Python/3.9.13 (Windows-10-10.0.22621-SP0)",
        "x-ms-client-request-id": "de6f3d7c-2024-11ee-9f19-046c590f95d2",
        "x-ms-content-sha256": "Sanitized",
        "x-ms-date": "Tue, 11 Jul 2023 19:55:21 GMT",
        "x-ms-return-client-request-id": "true"
      },
      "RequestBody": {
        "name": "test_get_queue_tst_dp",
        "offerExpiresAfterSeconds": 10.0,
        "mode": {
          "kind": "round-robin",
          "minConcurrentOffers": 1,
          "maxConcurrentOffers": 1
        }
      },
      "StatusCode": 201,
      "ResponseHeaders": {
        "api-supported-versions": "2021-04-07-preview1, 2022-07-18-preview",
        "Content-Type": "application/json; charset=utf-8",
        "Date": "Tue, 11 Jul 2023 19:55:21 GMT",
        "ETag": "Sanitized",
        "Last-Modified": "Tue, 11 Jul 2023 19:55:21 GMT",
        "trace-id": "654d0b1c-c8fe-5c20-ffc3-2e229cf7b697",
        "Transfer-Encoding": "chunked",
        "X-Azure-Ref": "0qbOtZAAAAAChJEH/V6XQSr5ZCD8UCXFpWVZSMzExMDAwMTE1MDIxAGNjOTI3NThkLTA1ZjctNGFkNi1hYTVlLTBmYTk3MThkODk4NQ==",
        "X-Cache": "CONFIG_NOCACHE"
      },
      "ResponseBody": {
        "id": "test_get_queue_tst_dp",
        "name": "test_get_queue_tst_dp",
        "offerExpiresAfterSeconds": 10,
        "mode": {
          "kind": "round-robin",
          "minConcurrentOffers": 1,
          "maxConcurrentOffers": 1,
          "bypassSelectors": false
        }
      }
    },
    {
      "RequestUri": "https://sanitized.communication.azure.net/routing/queues/tst_get_q?api-version=2022-07-18-preview",
      "RequestMethod": "PATCH",
      "RequestHeaders": {
        "Accept": "application/json",
        "Accept-Encoding": "gzip, deflate",
        "Authorization": "Sanitized",
        "Connection": "keep-alive",
        "Content-Length": "157",
        "Content-Type": "application/merge-patch\u002Bjson",
        "User-Agent": "azsdk-python-communication-jobrouter/1.0.0b1 Python/3.9.13 (Windows-10-10.0.22621-SP0)",
        "x-ms-client-request-id": "de89a462-2024-11ee-8326-046c590f95d2",
        "x-ms-content-sha256": "Sanitized",
        "x-ms-date": "Tue, 11 Jul 2023 19:55:21 GMT",
        "x-ms-return-client-request-id": "true"
      },
      "RequestBody": {
        "name": "tst_get_q",
        "distributionPolicyId": "test_get_queue_tst_dp",
        "labels": {
          "key1": "QueueKey",
          "key2": 10,
          "key3": true,
          "key4": false,
          "key5": 10.1
        }
      },
      "StatusCode": 200,
      "ResponseHeaders": {
        "api-supported-versions": "2021-04-07-preview1, 2022-07-18-preview",
        "Content-Type": "application/json; charset=utf-8",
        "Date": "Tue, 11 Jul 2023 19:55:21 GMT",
        "ETag": "Sanitized",
        "Last-Modified": "Tue, 11 Jul 2023 19:55:22 GMT",
        "trace-id": "81f1b7cc-4205-6aa1-a591-528a7be647e3",
        "Transfer-Encoding": "chunked",
        "X-Azure-Ref": "0qrOtZAAAAADw6PY1IGPUQblh/VSfNL0IWVZSMzExMDAwMTE1MDIxAGNjOTI3NThkLTA1ZjctNGFkNi1hYTVlLTBmYTk3MThkODk4NQ==",
        "X-Cache": "CONFIG_NOCACHE"
      },
      "ResponseBody": {
        "id": "tst_get_q",
        "name": "tst_get_q",
        "distributionPolicyId": "test_get_queue_tst_dp",
        "labels": {
          "key1": "QueueKey",
          "key2": 10,
          "key3": true,
          "key4": false,
          "key5": 10.1,
          "Id": "tst_get_q"
        }
      }
    },
    {
      "RequestUri": "https://sanitized.communication.azure.net/routing/queues/tst_get_q?api-version=2022-07-18-preview",
      "RequestMethod": "GET",
      "RequestHeaders": {
        "Accept": "application/json",
        "Accept-Encoding": "gzip, deflate",
        "Authorization": "Sanitized",
        "Connection": "keep-alive",
        "User-Agent": "azsdk-python-communication-jobrouter/1.0.0b1 Python/3.9.13 (Windows-10-10.0.22621-SP0)",
        "x-ms-client-request-id": "dea2b396-2024-11ee-8e49-046c590f95d2",
        "x-ms-content-sha256": "Sanitized",
        "x-ms-date": "Tue, 11 Jul 2023 19:55:22 GMT",
        "x-ms-return-client-request-id": "true"
      },
      "RequestBody": null,
      "StatusCode": 200,
      "ResponseHeaders": {
        "api-supported-versions": "2021-04-07-preview1, 2022-07-18-preview",
        "Content-Type": "application/json; charset=utf-8",
        "Date": "Tue, 11 Jul 2023 19:55:21 GMT",
        "ETag": "Sanitized",
        "Last-Modified": "Tue, 11 Jul 2023 19:55:22 GMT",
        "trace-id": "8b032282-aef6-ae3c-763e-dad59316bd0d",
        "Transfer-Encoding": "chunked",
        "X-Azure-Ref": "0qrOtZAAAAABN31N2pTpNRI4pEIQtD\u002BDVWVZSMzExMDAwMTE1MDIxAGNjOTI3NThkLTA1ZjctNGFkNi1hYTVlLTBmYTk3MThkODk4NQ==",
        "X-Cache": "CONFIG_NOCACHE"
      },
      "ResponseBody": {
        "id": "tst_get_q",
        "name": "tst_get_q",
        "distributionPolicyId": "test_get_queue_tst_dp",
        "labels": {
          "key1": "QueueKey",
          "key2": 10,
          "key3": true,
          "key4": false,
          "key5": 10.1,
          "Id": "tst_get_q"
        }
      }
    },
    {
      "RequestUri": "https://sanitized.communication.azure.net/routing/queues/tst_get_q?api-version=2022-07-18-preview",
      "RequestMethod": "DELETE",
      "RequestHeaders": {
        "Accept": "application/json",
        "Accept-Encoding": "gzip, deflate",
        "Authorization": "Sanitized",
        "Connection": "keep-alive",
        "Content-Length": "0",
        "User-Agent": "azsdk-python-communication-jobrouter/1.0.0b1 Python/3.9.13 (Windows-10-10.0.22621-SP0)",
        "x-ms-client-request-id": "deaf0317-2024-11ee-af4a-046c590f95d2",
        "x-ms-content-sha256": "Sanitized",
        "x-ms-date": "Tue, 11 Jul 2023 19:55:22 GMT",
        "x-ms-return-client-request-id": "true"
      },
      "RequestBody": null,
      "StatusCode": 204,
      "ResponseHeaders": {
        "api-supported-versions": "2021-04-07-preview1, 2022-07-18-preview",
        "Date": "Tue, 11 Jul 2023 19:55:21 GMT",
        "trace-id": "0f23c78f-564b-0698-5ac3-846853d36dd7",
        "X-Azure-Ref": "0qrOtZAAAAAC\u002BkuVpWNVyRankPyerCnGXWVZSMzExMDAwMTE1MDIxAGNjOTI3NThkLTA1ZjctNGFkNi1hYTVlLTBmYTk3MThkODk4NQ==",
        "X-Cache": "CONFIG_NOCACHE"
      },
      "ResponseBody": null
    },
    {
      "RequestUri": "https://sanitized.communication.azure.net/routing/distributionPolicies/test_get_queue_tst_dp?api-version=2022-07-18-preview",
      "RequestMethod": "DELETE",
      "RequestHeaders": {
        "Accept": "application/json",
        "Accept-Encoding": "gzip, deflate",
        "Authorization": "Sanitized",
        "Connection": "keep-alive",
        "Content-Length": "0",
        "User-Agent": "azsdk-python-communication-jobrouter/1.0.0b1 Python/3.9.13 (Windows-10-10.0.22621-SP0)",
        "x-ms-client-request-id": "decd8aea-2024-11ee-9df4-046c590f95d2",
        "x-ms-content-sha256": "Sanitized",
        "x-ms-date": "Tue, 11 Jul 2023 19:55:22 GMT",
        "x-ms-return-client-request-id": "true"
      },
      "RequestBody": null,
      "StatusCode": 204,
      "ResponseHeaders": {
        "api-supported-versions": "2021-04-07-preview1, 2022-07-18-preview",
        "Date": "Tue, 11 Jul 2023 19:55:21 GMT",
        "trace-id": "5f92818e-7ecf-f98c-0f55-6167c0308ca9",
        "X-Azure-Ref": "0qrOtZAAAAACh6z5ojnlmRoQ0NaeS/rXwWVZSMzExMDAwMTE1MDIxAGNjOTI3NThkLTA1ZjctNGFkNi1hYTVlLTBmYTk3MThkODk4NQ==",
        "X-Cache": "CONFIG_NOCACHE"
      },
      "ResponseBody": null
    }
  ],
  "Variables": {}
}
