{
  "Entries": [
    {
      "RequestUri": "https://sanitized.communication.azure.net/routing/distributionPolicies/test_list_classification_policies_tst_dp_async?api-version=2022-07-18-preview",
      "RequestMethod": "PATCH",
      "RequestHeaders": {
        "Accept": "application/json",
        "Accept-Encoding": "gzip, deflate",
        "Authorization": "Sanitized",
        "Content-Length": "177",
        "Content-Type": "application/merge-patch\u002Bjson",
        "User-Agent": "azsdk-python-communication-jobrouter/1.0.0b1 Python/3.9.7 (Windows-10-10.0.22621-SP0)",
        "x-ms-client-request-id": "ff954784-106f-11ee-be4a-046c590f95d2",
        "x-ms-content-sha256": "Sanitized",
        "x-ms-date": "Wed, 21 Jun 2023 20:12:51 GMT",
        "x-ms-return-client-request-id": "true"
      },
      "RequestBody": {
        "name": "test_list_classification_policies_tst_dp_async",
        "offerExpiresAfterSeconds": 10.0,
        "mode": {
          "kind": "round-robin",
          "minConcurrentOffers": 1,
          "maxConcurrentOffers": 1
        }
      },
      "StatusCode": 201,
      "ResponseHeaders": {
        "api-supported-versions": "2021-04-07-preview1, 2022-07-18-preview",
        "Content-Type": "application/json; charset=utf-8",
        "Date": "Wed, 21 Jun 2023 20:12:50 GMT",
        "ETag": "Sanitized",
        "Last-Modified": "Wed, 21 Jun 2023 20:12:50 GMT",
        "trace-id": "516d14fd-4133-b689-d7c6-b9c6a09210ca",
        "Transfer-Encoding": "chunked",
        "X-Azure-Ref": "0wlmTZAAAAAC72KqFev8fQ4NbWryHo1b0WVZSMzExMDAwMTE1MDA5AGNjOTI3NThkLTA1ZjctNGFkNi1hYTVlLTBmYTk3MThkODk4NQ==",
        "X-Cache": "CONFIG_NOCACHE"
      },
      "ResponseBody": {
        "id": "test_list_classification_policies_tst_dp_async",
        "name": "test_list_classification_policies_tst_dp_async",
        "offerExpiresAfterSeconds": 10,
        "mode": {
          "kind": "round-robin",
          "minConcurrentOffers": 1,
          "maxConcurrentOffers": 1,
          "bypassSelectors": false
        }
      }
    },
    {
      "RequestUri": "https://sanitized.communication.azure.net/routing/queues/test_list_classification_policies_tst_q_async?api-version=2022-07-18-preview",
      "RequestMethod": "PATCH",
      "RequestHeaders": {
        "Accept": "application/json",
        "Accept-Encoding": "gzip, deflate",
        "Authorization": "Sanitized",
        "Content-Length": "218",
        "Content-Type": "application/merge-patch\u002Bjson",
        "User-Agent": "azsdk-python-communication-jobrouter/1.0.0b1 Python/3.9.7 (Windows-10-10.0.22621-SP0)",
        "x-ms-client-request-id": "ffab2353-106f-11ee-a9e9-046c590f95d2",
        "x-ms-content-sha256": "Sanitized",
        "x-ms-date": "Wed, 21 Jun 2023 20:12:51 GMT",
        "x-ms-return-client-request-id": "true"
      },
      "RequestBody": {
        "name": "test_list_classification_policies_tst_q_async",
        "distributionPolicyId": "test_list_classification_policies_tst_dp_async",
        "labels": {
          "key1": "QueueKey",
          "key2": 10,
          "key3": true,
          "key4": false,
          "key5": 10.1
        }
      },
      "StatusCode": 200,
      "ResponseHeaders": {
        "api-supported-versions": "2021-04-07-preview1, 2022-07-18-preview",
        "Content-Type": "application/json; charset=utf-8",
        "Date": "Wed, 21 Jun 2023 20:12:51 GMT",
        "ETag": "Sanitized",
        "Last-Modified": "Wed, 21 Jun 2023 20:12:51 GMT",
        "trace-id": "94744dc3-e6cd-2822-2252-d2b07aa2c219",
        "Transfer-Encoding": "chunked",
        "X-Azure-Ref": "0wlmTZAAAAAAUf5n7BICEQaspKvULKLS5WVZSMzExMDAwMTE1MDA5AGNjOTI3NThkLTA1ZjctNGFkNi1hYTVlLTBmYTk3MThkODk4NQ==",
        "X-Cache": "CONFIG_NOCACHE"
      },
      "ResponseBody": {
        "id": "test_list_classification_policies_tst_q_async",
        "name": "test_list_classification_policies_tst_q_async",
        "distributionPolicyId": "test_list_classification_policies_tst_dp_async",
        "labels": {
          "key1": "QueueKey",
          "key2": 10,
          "key3": true,
          "key4": false,
          "key5": 10.1,
          "Id": "test_list_classification_policies_tst_q_async"
        }
      }
    },
    {
      "RequestUri": "https://sanitized.communication.azure.net/routing/classificationPolicies/tst_list_cp_1_async?api-version=2022-07-18-preview",
      "RequestMethod": "PATCH",
      "RequestHeaders": {
        "Accept": "application/json",
        "Accept-Encoding": "gzip, deflate",
        "Authorization": "Sanitized",
        "Content-Length": "1591",
        "Content-Type": "application/merge-patch\u002Bjson",
        "User-Agent": "azsdk-python-communication-jobrouter/1.0.0b1 Python/3.9.7 (Windows-10-10.0.22621-SP0)",
        "x-ms-client-request-id": "ffc23c4e-106f-11ee-93f0-046c590f95d2",
        "x-ms-content-sha256": "Sanitized",
        "x-ms-date": "Wed, 21 Jun 2023 20:12:51 GMT",
        "x-ms-return-client-request-id": "true"
      },
      "RequestBody": {
        "name": "tst_list_cp_1_async",
        "fallbackQueueId": "test_list_classification_policies_tst_q_async",
        "queueSelectors": [
          {
            "kind": "static",
            "queueSelector": {
              "key": "test_key",
              "labelOperator": "equal",
              "value": "test_value"
            }
          },
          {
            "kind": "conditional",
            "condition": {
              "kind": "static-rule",
              "value": true
            },
            "queueSelectors": [
              {
                "key": "test_key",
                "labelOperator": "equal",
                "value": "test_value"
              }
            ]
          },
          {
            "kind": "rule-engine",
            "rule": {
              "kind": "static-rule",
              "value": [
                {
                  "key": "test_key",
                  "labelOperator": "equal",
                  "value": "test_value"
                }
              ]
            }
          },
          {
            "kind": "pass-through",
            "key": "testKey",
            "labelOperator": "equal"
          },
          {
            "kind": "weighted-allocation-queue-selector",
            "allocations": [
              {
                "weight": 1.0,
                "queueSelectors": [
                  {
                    "key": "test_key",
                    "labelOperator": "equal",
                    "value": "test_value"
                  }
                ]
              }
            ]
          }
        ],
        "prioritizationRule": {
          "kind": "static-rule",
          "value": 1
        },
        "workerSelectors": [
          {
            "kind": "static",
            "workerSelector": {
              "key": "test_key",
              "labelOperator": "equal",
              "value": "test_value",
              "expedite": false
            }
          },
          {
            "kind": "conditional",
            "condition": {
              "kind": "static-rule",
              "value": true
            },
            "workerSelectors": [
              {
                "key": "test_key",
                "labelOperator": "equal",
                "value": "test_value",
                "expedite": false
              }
            ]
          },
          {
            "kind": "rule-engine",
            "rule": {
              "kind": "static-rule",
              "value": [
                {
                  "key": "test_key",
                  "labelOperator": "equal",
                  "value": "test_value",
                  "expedite": false
                }
              ]
            }
          },
          {
            "kind": "pass-through",
            "key": "testKey",
            "labelOperator": "equal"
          },
          {
            "kind": "weighted-allocation-worker-selector",
            "allocations": [
              {
                "weight": 1.0,
                "workerSelectors": [
                  {
                    "key": "test_key",
                    "labelOperator": "equal",
                    "value": "test_value",
                    "expedite": false
                  }
                ]
              }
            ]
          }
        ]
      },
      "StatusCode": 201,
      "ResponseHeaders": {
        "api-supported-versions": "2021-04-07-preview1, 2022-07-18-preview",
        "Content-Type": "application/json; charset=utf-8",
        "Date": "Wed, 21 Jun 2023 20:12:51 GMT",
        "ETag": "Sanitized",
        "Last-Modified": "Wed, 21 Jun 2023 20:12:51 GMT",
        "trace-id": "46d51f34-ee3b-78d0-ac04-62761bd5dcaf",
        "Transfer-Encoding": "chunked",
        "X-Azure-Ref": "0w1mTZAAAAADLm0Aq5CSeTKE9V3yVroPUWVZSMzExMDAwMTE1MDA5AGNjOTI3NThkLTA1ZjctNGFkNi1hYTVlLTBmYTk3MThkODk4NQ==",
        "X-Cache": "CONFIG_NOCACHE"
      },
      "ResponseBody": {
        "id": "tst_list_cp_1_async",
        "name": "tst_list_cp_1_async",
        "fallbackQueueId": "test_list_classification_policies_tst_q_async",
        "queueSelectors": [
          {
            "kind": "static",
            "queueSelector": {
              "key": "test_key",
              "labelOperator": "equal",
              "value": "test_value"
            }
          },
          {
            "kind": "conditional",
            "condition": {
              "kind": "static-rule",
              "value": true
            },
            "queueSelectors": [
              {
                "key": "test_key",
                "labelOperator": "equal",
                "value": "test_value"
              }
            ]
          },
          {
            "kind": "rule-engine",
            "rule": {
              "kind": "static-rule",
              "value": [
                {
                  "key": "test_key",
                  "labelOperator": "equal",
                  "value": "test_value"
                }
              ]
            }
          },
          {
            "kind": "pass-through",
            "key": "testKey",
            "labelOperator": "equal"
          },
          {
            "kind": "weighted-allocation-queue-selector",
            "allocations": [
              {
                "weight": 1,
                "queueSelectors": [
                  {
                    "key": "test_key",
                    "labelOperator": "equal",
                    "value": "test_value"
                  }
                ]
              }
            ]
          }
        ],
        "prioritizationRule": {
          "kind": "static-rule",
          "value": 1
        },
        "workerSelectors": [
          {
            "kind": "static",
            "workerSelector": {
              "expedite": false,
              "status": "active",
              "key": "test_key",
              "labelOperator": "equal",
              "value": "test_value"
            }
          },
          {
            "kind": "conditional",
            "condition": {
              "kind": "static-rule",
              "value": true
            },
            "workerSelectors": [
              {
                "expedite": false,
                "status": "active",
                "key": "test_key",
                "labelOperator": "equal",
                "value": "test_value"
              }
            ]
          },
          {
            "kind": "rule-engine",
            "rule": {
              "kind": "static-rule",
              "value": [
                {
                  "key": "test_key",
                  "labelOperator": "equal",
                  "value": "test_value",
                  "expedite": false
                }
              ]
            }
          },
          {
            "kind": "pass-through",
            "key": "testKey",
            "labelOperator": "equal"
          },
          {
            "kind": "weighted-allocation-worker-selector",
            "allocations": [
              {
                "weight": 1,
                "workerSelectors": [
                  {
                    "expedite": false,
                    "status": "active",
                    "key": "test_key",
                    "labelOperator": "equal",
                    "value": "test_value"
                  }
                ]
              }
            ]
          }
        ]
      }
    },
    {
      "RequestUri": "https://sanitized.communication.azure.net/routing/classificationPolicies/tst_list_cp_2_async?api-version=2022-07-18-preview",
      "RequestMethod": "PATCH",
      "RequestHeaders": {
        "Accept": "application/json",
        "Accept-Encoding": "gzip, deflate",
        "Authorization": "Sanitized",
        "Content-Length": "1591",
        "Content-Type": "application/merge-patch\u002Bjson",
        "User-Agent": "azsdk-python-communication-jobrouter/1.0.0b1 Python/3.9.7 (Windows-10-10.0.22621-SP0)",
        "x-ms-client-request-id": "ffe0e20d-106f-11ee-b50f-046c590f95d2",
        "x-ms-content-sha256": "Sanitized",
        "x-ms-date": "Wed, 21 Jun 2023 20:12:51 GMT",
        "x-ms-return-client-request-id": "true"
      },
      "RequestBody": {
        "name": "tst_list_cp_2_async",
        "fallbackQueueId": "test_list_classification_policies_tst_q_async",
        "queueSelectors": [
          {
            "kind": "static",
            "queueSelector": {
              "key": "test_key",
              "labelOperator": "equal",
              "value": "test_value"
            }
          },
          {
            "kind": "conditional",
            "condition": {
              "kind": "static-rule",
              "value": true
            },
            "queueSelectors": [
              {
                "key": "test_key",
                "labelOperator": "equal",
                "value": "test_value"
              }
            ]
          },
          {
            "kind": "rule-engine",
            "rule": {
              "kind": "static-rule",
              "value": [
                {
                  "key": "test_key",
                  "labelOperator": "equal",
                  "value": "test_value"
                }
              ]
            }
          },
          {
            "kind": "pass-through",
            "key": "testKey",
            "labelOperator": "equal"
          },
          {
            "kind": "weighted-allocation-queue-selector",
            "allocations": [
              {
                "weight": 1.0,
                "queueSelectors": [
                  {
                    "key": "test_key",
                    "labelOperator": "equal",
                    "value": "test_value"
                  }
                ]
              }
            ]
          }
        ],
        "prioritizationRule": {
          "kind": "static-rule",
          "value": 1
        },
        "workerSelectors": [
          {
            "kind": "static",
            "workerSelector": {
              "key": "test_key",
              "labelOperator": "equal",
              "value": "test_value",
              "expedite": false
            }
          },
          {
            "kind": "conditional",
            "condition": {
              "kind": "static-rule",
              "value": true
            },
            "workerSelectors": [
              {
                "key": "test_key",
                "labelOperator": "equal",
                "value": "test_value",
                "expedite": false
              }
            ]
          },
          {
            "kind": "rule-engine",
            "rule": {
              "kind": "static-rule",
              "value": [
                {
                  "key": "test_key",
                  "labelOperator": "equal",
                  "value": "test_value",
                  "expedite": false
                }
              ]
            }
          },
          {
            "kind": "pass-through",
            "key": "testKey",
            "labelOperator": "equal"
          },
          {
            "kind": "weighted-allocation-worker-selector",
            "allocations": [
              {
                "weight": 1.0,
                "workerSelectors": [
                  {
                    "key": "test_key",
                    "labelOperator": "equal",
                    "value": "test_value",
                    "expedite": false
                  }
                ]
              }
            ]
          }
        ]
      },
      "StatusCode": 201,
      "ResponseHeaders": {
        "api-supported-versions": "2021-04-07-preview1, 2022-07-18-preview",
        "Content-Type": "application/json; charset=utf-8",
        "Date": "Wed, 21 Jun 2023 20:12:51 GMT",
        "ETag": "Sanitized",
        "Last-Modified": "Wed, 21 Jun 2023 20:12:51 GMT",
        "trace-id": "943b4e7b-5f10-2c80-d4fd-cb3a7322ab66",
        "Transfer-Encoding": "chunked",
        "X-Azure-Ref": "0w1mTZAAAAAA335uybKaSS7nB7rrsjjwTWVZSMzExMDAwMTE1MDA5AGNjOTI3NThkLTA1ZjctNGFkNi1hYTVlLTBmYTk3MThkODk4NQ==",
        "X-Cache": "CONFIG_NOCACHE"
      },
      "ResponseBody": {
        "id": "tst_list_cp_2_async",
        "name": "tst_list_cp_2_async",
        "fallbackQueueId": "test_list_classification_policies_tst_q_async",
        "queueSelectors": [
          {
            "kind": "static",
            "queueSelector": {
              "key": "test_key",
              "labelOperator": "equal",
              "value": "test_value"
            }
          },
          {
            "kind": "conditional",
            "condition": {
              "kind": "static-rule",
              "value": true
            },
            "queueSelectors": [
              {
                "key": "test_key",
                "labelOperator": "equal",
                "value": "test_value"
              }
            ]
          },
          {
            "kind": "rule-engine",
            "rule": {
              "kind": "static-rule",
              "value": [
                {
                  "key": "test_key",
                  "labelOperator": "equal",
                  "value": "test_value"
                }
              ]
            }
          },
          {
            "kind": "pass-through",
            "key": "testKey",
            "labelOperator": "equal"
          },
          {
            "kind": "weighted-allocation-queue-selector",
            "allocations": [
              {
                "weight": 1,
                "queueSelectors": [
                  {
                    "key": "test_key",
                    "labelOperator": "equal",
                    "value": "test_value"
                  }
                ]
              }
            ]
          }
        ],
        "prioritizationRule": {
          "kind": "static-rule",
          "value": 1
        },
        "workerSelectors": [
          {
            "kind": "static",
            "workerSelector": {
              "expedite": false,
              "status": "active",
              "key": "test_key",
              "labelOperator": "equal",
              "value": "test_value"
            }
          },
          {
            "kind": "conditional",
            "condition": {
              "kind": "static-rule",
              "value": true
            },
            "workerSelectors": [
              {
                "expedite": false,
                "status": "active",
                "key": "test_key",
                "labelOperator": "equal",
                "value": "test_value"
              }
            ]
          },
          {
            "kind": "rule-engine",
            "rule": {
              "kind": "static-rule",
              "value": [
                {
                  "key": "test_key",
                  "labelOperator": "equal",
                  "value": "test_value",
                  "expedite": false
                }
              ]
            }
          },
          {
            "kind": "pass-through",
            "key": "testKey",
            "labelOperator": "equal"
          },
          {
            "kind": "weighted-allocation-worker-selector",
            "allocations": [
              {
                "weight": 1,
                "workerSelectors": [
                  {
                    "expedite": false,
                    "status": "active",
                    "key": "test_key",
                    "labelOperator": "equal",
                    "value": "test_value"
                  }
                ]
              }
            ]
          }
        ]
      }
    },
    {
      "RequestUri": "https://sanitized.communication.azure.net/routing/classificationPolicies?maxpagesize=1\u0026api-version=2022-07-18-preview",
      "RequestMethod": "GET",
      "RequestHeaders": {
        "Accept": "application/json",
        "Accept-Encoding": "gzip, deflate",
        "Authorization": "Sanitized",
        "Content-Length": "0",
        "User-Agent": "azsdk-python-communication-jobrouter/1.0.0b1 Python/3.9.7 (Windows-10-10.0.22621-SP0)",
        "x-ms-client-request-id": "fffb70e5-106f-11ee-8f7d-046c590f95d2",
        "x-ms-content-sha256": "Sanitized",
        "x-ms-date": "Wed, 21 Jun 2023 20:12:51 GMT",
        "x-ms-return-client-request-id": "true"
      },
      "RequestBody": null,
      "StatusCode": 200,
      "ResponseHeaders": {
        "api-supported-versions": "2021-04-07-preview1, 2022-07-18-preview",
        "Content-Type": "application/json; charset=utf-8",
        "Date": "Wed, 21 Jun 2023 20:12:51 GMT",
        "trace-id": "9e2e9744-bfe0-fbc1-7048-b50f61279794",
        "Transfer-Encoding": "chunked",
        "X-Azure-Ref": "0w1mTZAAAAACPUqKU8DbyQJaLjNaj98k4WVZSMzExMDAwMTE1MDA5AGNjOTI3NThkLTA1ZjctNGFkNi1hYTVlLTBmYTk3MThkODk4NQ==",
        "X-Cache": "CONFIG_NOCACHE"
      },
      "ResponseBody": {
        "value": [
          {
            "classificationPolicy": {
              "id": "tst_list_cp_2_async",
              "name": "tst_list_cp_2_async",
              "fallbackQueueId": "test_list_classification_policies_tst_q_async",
              "queueSelectors": [
                {
                  "kind": "static",
                  "queueSelector": {
                    "key": "test_key",
                    "labelOperator": "equal",
                    "value": "test_value"
                  }
                },
                {
                  "kind": "conditional",
                  "condition": {
                    "kind": "static-rule",
                    "value": true
                  },
                  "queueSelectors": [
                    {
                      "key": "test_key",
                      "labelOperator": "equal",
                      "value": "test_value"
                    }
                  ]
                },
                {
                  "kind": "rule-engine",
                  "rule": {
                    "kind": "static-rule",
                    "value": [
                      {
                        "key": "test_key",
                        "labelOperator": "equal",
                        "value": "test_value"
                      }
                    ]
                  }
                },
                {
                  "kind": "pass-through",
                  "key": "testKey",
                  "labelOperator": "equal"
                },
                {
                  "kind": "weighted-allocation-queue-selector",
                  "allocations": [
                    {
                      "weight": 1,
                      "queueSelectors": [
                        {
                          "key": "test_key",
                          "labelOperator": "equal",
                          "value": "test_value"
                        }
                      ]
                    }
                  ]
                }
              ],
              "prioritizationRule": {
                "kind": "static-rule",
                "value": 1
              },
              "workerSelectors": [
                {
                  "kind": "static",
                  "workerSelector": {
                    "expedite": false,
                    "status": "active",
                    "key": "test_key",
                    "labelOperator": "equal",
                    "value": "test_value"
                  }
                },
                {
                  "kind": "conditional",
                  "condition": {
                    "kind": "static-rule",
                    "value": true
                  },
                  "workerSelectors": [
                    {
                      "expedite": false,
                      "status": "active",
                      "key": "test_key",
                      "labelOperator": "equal",
                      "value": "test_value"
                    }
                  ]
                },
                {
                  "kind": "rule-engine",
                  "rule": {
                    "kind": "static-rule",
                    "value": [
                      {
                        "key": "test_key",
                        "labelOperator": "equal",
                        "value": "test_value",
                        "expedite": false
                      }
                    ]
                  }
                },
                {
                  "kind": "pass-through",
                  "key": "testKey",
                  "labelOperator": "equal"
                },
                {
                  "kind": "weighted-allocation-worker-selector",
                  "allocations": [
                    {
                      "weight": 1,
                      "workerSelectors": [
                        {
                          "expedite": false,
                          "status": "active",
                          "key": "test_key",
                          "labelOperator": "equal",
                          "value": "test_value"
                        }
                      ]
                    }
                  ]
                }
              ]
            },
            "etag": "Sanitized"
          }
        ],
        "nextLink": "/routing/classificationPolicies?continuationToken=bWF4cGFnZXNpemU9MSZjb250aW51YXRpb25Ub2tlbj1XM3NpZEc5clpXNGlPaUlyVWtsRU9uNHJWVFZFUVV4Q2NYQkRWa3d5VVZWQlFVRkJRVUZCUFQwalVsUTZNU05VVWtNNk1TTlNWRVE2UVVFOVBTTkpVMVk2TWlOSlJVODZOalUxTmpjalVVTkdPamdqUmxCRE9rRm5SVmRHZUZsRFFVTkRTVVo0U1VGMFFtcDZkak15WWk5UFpTOTNVMFpCSzBJNGFFRkJRVTBpTENKeVlXNW5aU0k2ZXlKdGFXNGlPaUlpTENKdFlYZ2lPaUpHUmlKOWZWMD0%3D"
      }
    },
    {
      "RequestUri": "https://sanitized.communication.azure.net/routing/classificationPolicies?continuationToken=bWF4cGFnZXNpemU9MSZjb250aW51YXRpb25Ub2tlbj1XM3NpZEc5clpXNGlPaUlyVWtsRU9uNHJWVFZFUVV4Q2NYQkRWa3d5VVZWQlFVRkJRVUZCUFQwalVsUTZNU05VVWtNNk1TTlNWRVE2UVVFOVBTTkpVMVk2TWlOSlJVODZOalUxTmpjalVVTkdPamdqUmxCRE9rRm5SVmRHZUZsRFFVTkRTVVo0U1VGMFFtcDZkak15WWk5UFpTOTNVMFpCSzBJNGFFRkJRVTBpTENKeVlXNW5aU0k2ZXlKdGFXNGlPaUlpTENKdFlYZ2lPaUpHUmlKOWZWMD0%3D\u0026api-version=2022-07-18-preview",
      "RequestMethod": "GET",
      "RequestHeaders": {
        "Accept": "*/*",
        "Accept-Encoding": "gzip, deflate",
        "Authorization": "Sanitized",
        "Content-Length": "0",
        "User-Agent": "azsdk-python-communication-jobrouter/1.0.0b1 Python/3.9.7 (Windows-10-10.0.22621-SP0)",
        "x-ms-client-request-id": "0007c1cf-1070-11ee-99d8-046c590f95d2",
        "x-ms-content-sha256": "Sanitized",
        "x-ms-date": "Wed, 21 Jun 2023 20:12:51 GMT",
        "x-ms-return-client-request-id": "true"
      },
      "RequestBody": null,
      "StatusCode": 200,
      "ResponseHeaders": {
        "api-supported-versions": "2021-04-07-preview1, 2022-07-18-preview",
        "Content-Type": "application/json; charset=utf-8",
        "Date": "Wed, 21 Jun 2023 20:12:51 GMT",
        "trace-id": "1ccf477f-7b4b-dc00-5ddd-9651d833a766",
        "Transfer-Encoding": "chunked",
        "X-Azure-Ref": "0w1mTZAAAAAA7ztokclfkSoj8TBm4moD2WVZSMzExMDAwMTE1MDA5AGNjOTI3NThkLTA1ZjctNGFkNi1hYTVlLTBmYTk3MThkODk4NQ==",
        "X-Cache": "CONFIG_NOCACHE"
      },
      "ResponseBody": {
        "value": [
          {
            "classificationPolicy": {
              "id": "tst_list_cp_1_async",
              "name": "tst_list_cp_1_async",
              "fallbackQueueId": "test_list_classification_policies_tst_q_async",
              "queueSelectors": [
                {
                  "kind": "static",
                  "queueSelector": {
                    "key": "test_key",
                    "labelOperator": "equal",
                    "value": "test_value"
                  }
                },
                {
                  "kind": "conditional",
                  "condition": {
                    "kind": "static-rule",
                    "value": true
                  },
                  "queueSelectors": [
                    {
                      "key": "test_key",
                      "labelOperator": "equal",
                      "value": "test_value"
                    }
                  ]
                },
                {
                  "kind": "rule-engine",
                  "rule": {
                    "kind": "static-rule",
                    "value": [
                      {
                        "key": "test_key",
                        "labelOperator": "equal",
                        "value": "test_value"
                      }
                    ]
                  }
                },
                {
                  "kind": "pass-through",
                  "key": "testKey",
                  "labelOperator": "equal"
                },
                {
                  "kind": "weighted-allocation-queue-selector",
                  "allocations": [
                    {
                      "weight": 1,
                      "queueSelectors": [
                        {
                          "key": "test_key",
                          "labelOperator": "equal",
                          "value": "test_value"
                        }
                      ]
                    }
                  ]
                }
              ],
              "prioritizationRule": {
                "kind": "static-rule",
                "value": 1
              },
              "workerSelectors": [
                {
                  "kind": "static",
                  "workerSelector": {
                    "expedite": false,
                    "status": "active",
                    "key": "test_key",
                    "labelOperator": "equal",
                    "value": "test_value"
                  }
                },
                {
                  "kind": "conditional",
                  "condition": {
                    "kind": "static-rule",
                    "value": true
                  },
                  "workerSelectors": [
                    {
                      "expedite": false,
                      "status": "active",
                      "key": "test_key",
                      "labelOperator": "equal",
                      "value": "test_value"
                    }
                  ]
                },
                {
                  "kind": "rule-engine",
                  "rule": {
                    "kind": "static-rule",
                    "value": [
                      {
                        "key": "test_key",
                        "labelOperator": "equal",
                        "value": "test_value",
                        "expedite": false
                      }
                    ]
                  }
                },
                {
                  "kind": "pass-through",
                  "key": "testKey",
                  "labelOperator": "equal"
                },
                {
                  "kind": "weighted-allocation-worker-selector",
                  "allocations": [
                    {
                      "weight": 1,
                      "workerSelectors": [
                        {
                          "expedite": false,
                          "status": "active",
                          "key": "test_key",
                          "labelOperator": "equal",
                          "value": "test_value"
                        }
                      ]
                    }
                  ]
                }
              ]
            },
            "etag": "Sanitized"
          }
        ],
        "nextLink": "/routing/classificationPolicies?continuationToken=bWF4cGFnZXNpemU9MSZjb250aW51YXRpb25Ub2tlbj1XM3NpZEc5clpXNGlPaUlyVWtsRU9uNHJWVFZFUVV4Q2NYQkRWa3N5VVZWQlFVRkJRVUZCUFQwalVsUTZNaU5VVWtNNk1pTlNWRVE2UVVFOVBTTkpVMVk2TWlOSlJVODZOalUxTmpjalVVTkdPamdqUmxCRE9rRm5SVmRHZUZsRFFVTkRTVVo0U1VGMFFtcDZkak15WWk5UFpTOTNVMFpCSzBJNGFFRkJRVTBpTENKeVlXNW5aU0k2ZXlKdGFXNGlPaUlpTENKdFlYZ2lPaUpHUmlKOWZWMD0%3D"
      }
    },
    {
      "RequestUri": "https://sanitized.communication.azure.net/routing/classificationPolicies?continuationToken=bWF4cGFnZXNpemU9MSZjb250aW51YXRpb25Ub2tlbj1XM3NpZEc5clpXNGlPaUlyVWtsRU9uNHJWVFZFUVV4Q2NYQkRWa3N5VVZWQlFVRkJRVUZCUFQwalVsUTZNaU5VVWtNNk1pTlNWRVE2UVVFOVBTTkpVMVk2TWlOSlJVODZOalUxTmpjalVVTkdPamdqUmxCRE9rRm5SVmRHZUZsRFFVTkRTVVo0U1VGMFFtcDZkak15WWk5UFpTOTNVMFpCSzBJNGFFRkJRVTBpTENKeVlXNW5aU0k2ZXlKdGFXNGlPaUlpTENKdFlYZ2lPaUpHUmlKOWZWMD0%3D\u0026api-version=2022-07-18-preview",
      "RequestMethod": "GET",
      "RequestHeaders": {
        "Accept": "*/*",
        "Accept-Encoding": "gzip, deflate",
        "Authorization": "Sanitized",
        "Content-Length": "0",
        "User-Agent": "azsdk-python-communication-jobrouter/1.0.0b1 Python/3.9.7 (Windows-10-10.0.22621-SP0)",
        "x-ms-client-request-id": "001410e1-1070-11ee-a547-046c590f95d2",
        "x-ms-content-sha256": "Sanitized",
        "x-ms-date": "Wed, 21 Jun 2023 20:12:51 GMT",
        "x-ms-return-client-request-id": "true"
      },
      "RequestBody": null,
      "StatusCode": 200,
      "ResponseHeaders": {
        "api-supported-versions": "2021-04-07-preview1, 2022-07-18-preview",
        "Content-Type": "application/json; charset=utf-8",
        "Date": "Wed, 21 Jun 2023 20:12:51 GMT",
        "trace-id": "ab145a49-4d43-ee63-ec69-1a9bded4048d",
        "Transfer-Encoding": "chunked",
        "X-Azure-Ref": "0w1mTZAAAAAAQTkHfVraJT4U\u002BNGUUN0SZWVZSMzExMDAwMTE1MDA5AGNjOTI3NThkLTA1ZjctNGFkNi1hYTVlLTBmYTk3MThkODk4NQ==",
        "X-Cache": "CONFIG_NOCACHE"
      },
      "ResponseBody": {
        "value": [
          {
            "classificationPolicy": {
              "id": "E2D26768096D29B01DDDDF2665B182307973E86127468C2079",
              "queueSelectors": [
                {
                  "kind": "static",
                  "queueSelector": {
                    "key": "Id",
                    "labelOperator": "equal",
                    "value": "99A26CBB051F5A567CAC1726EA334F91C1A773D43235C2234B"
                  }
                }
              ],
              "workerSelectors": []
            },
            "etag": "Sanitized"
          }
        ],
        "nextLink": "/routing/classificationPolicies?continuationToken=bWF4cGFnZXNpemU9MSZjb250aW51YXRpb25Ub2tlbj1XM3NpZEc5clpXNGlPaUlyVWtsRU9uNHJWVFZFUVV4Q2NYQkRWV015VVZWQlFVRkJRVUZCUFQwalVsUTZNeU5VVWtNNk15TlNWRVE2UVVFOVBTTkpVMVk2TWlOSlJVODZOalUxTmpjalVVTkdPamdqUmxCRE9rRm5SVmRHZUZsRFFVTkRTVVo0U1VGMFFtcDZkak15WWk5UFpTOTNVMFpCSzBJNGFFRkJRVTBpTENKeVlXNW5aU0k2ZXlKdGFXNGlPaUlpTENKdFlYZ2lPaUpHUmlKOWZWMD0%3D"
      }
    },
    {
      "RequestUri": "https://sanitized.communication.azure.net/routing/classificationPolicies/tst_list_cp_1_async?api-version=2022-07-18-preview",
      "RequestMethod": "PATCH",
      "RequestHeaders": {
        "Accept": "application/json",
        "Accept-Encoding": "gzip, deflate",
        "Authorization": "Sanitized",
        "Content-Length": "1602",
        "Content-Type": "application/merge-patch\u002Bjson",
        "User-Agent": "azsdk-python-communication-jobrouter/1.0.0b1 Python/3.9.7 (Windows-10-10.0.22621-SP0)",
        "x-ms-client-request-id": "0020534c-1070-11ee-a9e6-046c590f95d2",
        "x-ms-content-sha256": "Sanitized",
        "x-ms-date": "Wed, 21 Jun 2023 20:12:51 GMT",
        "x-ms-return-client-request-id": "true"
      },
      "RequestBody": {
        "name": "tst_list_cp_1_async",
        "fallbackQueueId": "test_list_classification_policies_tst_q_async",
        "queueSelectors": [
          {
            "kind": "static",
            "queueSelector": {
              "key": "test_key",
              "labelOperator": "equal",
              "value": "test_value"
            }
          },
          {
            "kind": "conditional",
            "condition": {
              "kind": "static-rule",
              "value": true
            },
            "queueSelectors": [
              {
                "key": "test_key",
                "labelOperator": "equal",
                "value": "test_value"
              }
            ]
          },
          {
            "kind": "rule-engine",
            "rule": {
              "kind": "static-rule",
              "value": [
                {
                  "key": "test_key",
                  "labelOperator": "equal",
                  "value": "test_value"
                }
              ]
            }
          },
          {
            "kind": "pass-through",
            "key": "testKey",
            "labelOperator": "equal"
          },
          {
            "kind": "weighted-allocation-queue-selector",
            "allocations": [
              {
                "weight": 1.0,
                "queueSelectors": [
                  {
                    "key": "test_key",
                    "labelOperator": "equal",
                    "value": "test_value"
                  }
                ]
              }
            ]
          }
        ],
        "prioritizationRule": {
          "kind": "expression-rule",
          "expression": "1"
        },
        "workerSelectors": [
          {
            "kind": "static",
            "workerSelector": {
              "key": "test_key",
              "labelOperator": "equal",
              "value": "test_value",
              "expedite": false
            }
          },
          {
            "kind": "conditional",
            "condition": {
              "kind": "static-rule",
              "value": true
            },
            "workerSelectors": [
              {
                "key": "test_key",
                "labelOperator": "equal",
                "value": "test_value",
                "expedite": false
              }
            ]
          },
          {
            "kind": "rule-engine",
            "rule": {
              "kind": "static-rule",
              "value": [
                {
                  "key": "test_key",
                  "labelOperator": "equal",
                  "value": "test_value",
                  "expedite": false
                }
              ]
            }
          },
          {
            "kind": "pass-through",
            "key": "testKey",
            "labelOperator": "equal"
          },
          {
            "kind": "weighted-allocation-worker-selector",
            "allocations": [
              {
                "weight": 1.0,
                "workerSelectors": [
                  {
                    "key": "test_key",
                    "labelOperator": "equal",
                    "value": "test_value",
                    "expedite": false
                  }
                ]
              }
            ]
          }
        ]
      },
      "StatusCode": 200,
      "ResponseHeaders": {
        "api-supported-versions": "2021-04-07-preview1, 2022-07-18-preview",
        "Content-Type": "application/json; charset=utf-8",
        "Date": "Wed, 21 Jun 2023 20:12:51 GMT",
        "ETag": "Sanitized",
        "Last-Modified": "Wed, 21 Jun 2023 20:12:51 GMT",
        "trace-id": "b96c9412-6b19-1845-4fde-30ddf2f5def1",
        "Transfer-Encoding": "chunked",
        "X-Azure-Ref": "0w1mTZAAAAAAJVIwn\u002B\u002B7YSpmd/7gN5AzHWVZSMzExMDAwMTE1MDA5AGNjOTI3NThkLTA1ZjctNGFkNi1hYTVlLTBmYTk3MThkODk4NQ==",
        "X-Cache": "CONFIG_NOCACHE"
      },
      "ResponseBody": {
        "id": "tst_list_cp_1_async",
        "name": "tst_list_cp_1_async",
        "fallbackQueueId": "test_list_classification_policies_tst_q_async",
        "queueSelectors": [
          {
            "kind": "static",
            "queueSelector": {
              "key": "test_key",
              "labelOperator": "equal",
              "value": "test_value"
            }
          },
          {
            "kind": "conditional",
            "condition": {
              "kind": "static-rule",
              "value": true
            },
            "queueSelectors": [
              {
                "key": "test_key",
                "labelOperator": "equal",
                "value": "test_value"
              }
            ]
          },
          {
            "kind": "rule-engine",
            "rule": {
              "kind": "static-rule",
              "value": [
                {
                  "key": "test_key",
                  "labelOperator": "equal",
                  "value": "test_value"
                }
              ]
            }
          },
          {
            "kind": "pass-through",
            "key": "testKey",
            "labelOperator": "equal"
          },
          {
            "kind": "weighted-allocation-queue-selector",
            "allocations": [
              {
                "weight": 1,
                "queueSelectors": [
                  {
                    "key": "test_key",
                    "labelOperator": "equal",
                    "value": "test_value"
                  }
                ]
              }
            ]
          }
        ],
        "prioritizationRule": {
          "kind": "expression-rule",
          "language": "powerFx",
          "expression": "1"
        },
        "workerSelectors": [
          {
            "kind": "static",
            "workerSelector": {
              "expedite": false,
              "status": "active",
              "key": "test_key",
              "labelOperator": "equal",
              "value": "test_value"
            }
          },
          {
            "kind": "conditional",
            "condition": {
              "kind": "static-rule",
              "value": true
            },
            "workerSelectors": [
              {
                "expedite": false,
                "status": "active",
                "key": "test_key",
                "labelOperator": "equal",
                "value": "test_value"
              }
            ]
          },
          {
            "kind": "rule-engine",
            "rule": {
              "kind": "static-rule",
              "value": [
                {
                  "key": "test_key",
                  "labelOperator": "equal",
                  "value": "test_value",
                  "expedite": false
                }
              ]
            }
          },
          {
            "kind": "pass-through",
            "key": "testKey",
            "labelOperator": "equal"
          },
          {
            "kind": "weighted-allocation-worker-selector",
            "allocations": [
              {
                "weight": 1,
                "workerSelectors": [
                  {
                    "expedite": false,
                    "status": "active",
                    "key": "test_key",
                    "labelOperator": "equal",
                    "value": "test_value"
                  }
                ]
              }
            ]
          }
        ]
      }
    },
    {
      "RequestUri": "https://sanitized.communication.azure.net/routing/classificationPolicies/tst_list_cp_2_async?api-version=2022-07-18-preview",
      "RequestMethod": "PATCH",
      "RequestHeaders": {
        "Accept": "application/json",
        "Accept-Encoding": "gzip, deflate",
        "Authorization": "Sanitized",
        "Content-Length": "1602",
        "Content-Type": "application/merge-patch\u002Bjson",
        "User-Agent": "azsdk-python-communication-jobrouter/1.0.0b1 Python/3.9.7 (Windows-10-10.0.22621-SP0)",
        "x-ms-client-request-id": "00459e9b-1070-11ee-ad2c-046c590f95d2",
        "x-ms-content-sha256": "Sanitized",
        "x-ms-date": "Wed, 21 Jun 2023 20:12:52 GMT",
        "x-ms-return-client-request-id": "true"
      },
      "RequestBody": {
        "name": "tst_list_cp_2_async",
        "fallbackQueueId": "test_list_classification_policies_tst_q_async",
        "queueSelectors": [
          {
            "kind": "static",
            "queueSelector": {
              "key": "test_key",
              "labelOperator": "equal",
              "value": "test_value"
            }
          },
          {
            "kind": "conditional",
            "condition": {
              "kind": "static-rule",
              "value": true
            },
            "queueSelectors": [
              {
                "key": "test_key",
                "labelOperator": "equal",
                "value": "test_value"
              }
            ]
          },
          {
            "kind": "rule-engine",
            "rule": {
              "kind": "static-rule",
              "value": [
                {
                  "key": "test_key",
                  "labelOperator": "equal",
                  "value": "test_value"
                }
              ]
            }
          },
          {
            "kind": "pass-through",
            "key": "testKey",
            "labelOperator": "equal"
          },
          {
            "kind": "weighted-allocation-queue-selector",
            "allocations": [
              {
                "weight": 1.0,
                "queueSelectors": [
                  {
                    "key": "test_key",
                    "labelOperator": "equal",
                    "value": "test_value"
                  }
                ]
              }
            ]
          }
        ],
        "prioritizationRule": {
          "kind": "expression-rule",
          "expression": "1"
        },
        "workerSelectors": [
          {
            "kind": "static",
            "workerSelector": {
              "key": "test_key",
              "labelOperator": "equal",
              "value": "test_value",
              "expedite": false
            }
          },
          {
            "kind": "conditional",
            "condition": {
              "kind": "static-rule",
              "value": true
            },
            "workerSelectors": [
              {
                "key": "test_key",
                "labelOperator": "equal",
                "value": "test_value",
                "expedite": false
              }
            ]
          },
          {
            "kind": "rule-engine",
            "rule": {
              "kind": "static-rule",
              "value": [
                {
                  "key": "test_key",
                  "labelOperator": "equal",
                  "value": "test_value",
                  "expedite": false
                }
              ]
            }
          },
          {
            "kind": "pass-through",
            "key": "testKey",
            "labelOperator": "equal"
          },
          {
            "kind": "weighted-allocation-worker-selector",
            "allocations": [
              {
                "weight": 1.0,
                "workerSelectors": [
                  {
                    "key": "test_key",
                    "labelOperator": "equal",
                    "value": "test_value",
                    "expedite": false
                  }
                ]
              }
            ]
          }
        ]
      },
      "StatusCode": 200,
      "ResponseHeaders": {
        "api-supported-versions": "2021-04-07-preview1, 2022-07-18-preview",
        "Content-Type": "application/json; charset=utf-8",
        "Date": "Wed, 21 Jun 2023 20:12:52 GMT",
        "ETag": "Sanitized",
        "Last-Modified": "Wed, 21 Jun 2023 20:12:52 GMT",
        "trace-id": "b62d6514-77f8-cec2-b603-d85625f48990",
        "Transfer-Encoding": "chunked",
        "X-Azure-Ref": "0xFmTZAAAAAA7n3q9XP9jR6MxNPyVbJc4WVZSMzExMDAwMTE1MDA5AGNjOTI3NThkLTA1ZjctNGFkNi1hYTVlLTBmYTk3MThkODk4NQ==",
        "X-Cache": "CONFIG_NOCACHE"
      },
      "ResponseBody": {
        "id": "tst_list_cp_2_async",
        "name": "tst_list_cp_2_async",
        "fallbackQueueId": "test_list_classification_policies_tst_q_async",
        "queueSelectors": [
          {
            "kind": "static",
            "queueSelector": {
              "key": "test_key",
              "labelOperator": "equal",
              "value": "test_value"
            }
          },
          {
            "kind": "conditional",
            "condition": {
              "kind": "static-rule",
              "value": true
            },
            "queueSelectors": [
              {
                "key": "test_key",
                "labelOperator": "equal",
                "value": "test_value"
              }
            ]
          },
          {
            "kind": "rule-engine",
            "rule": {
              "kind": "static-rule",
              "value": [
                {
                  "key": "test_key",
                  "labelOperator": "equal",
                  "value": "test_value"
                }
              ]
            }
          },
          {
            "kind": "pass-through",
            "key": "testKey",
            "labelOperator": "equal"
          },
          {
            "kind": "weighted-allocation-queue-selector",
            "allocations": [
              {
                "weight": 1,
                "queueSelectors": [
                  {
                    "key": "test_key",
                    "labelOperator": "equal",
                    "value": "test_value"
                  }
                ]
              }
            ]
          }
        ],
        "prioritizationRule": {
          "kind": "expression-rule",
          "language": "powerFx",
          "expression": "1"
        },
        "workerSelectors": [
          {
            "kind": "static",
            "workerSelector": {
              "expedite": false,
              "status": "active",
              "key": "test_key",
              "labelOperator": "equal",
              "value": "test_value"
            }
          },
          {
            "kind": "conditional",
            "condition": {
              "kind": "static-rule",
              "value": true
            },
            "workerSelectors": [
              {
                "expedite": false,
                "status": "active",
                "key": "test_key",
                "labelOperator": "equal",
                "value": "test_value"
              }
            ]
          },
          {
            "kind": "rule-engine",
            "rule": {
              "kind": "static-rule",
              "value": [
                {
                  "key": "test_key",
                  "labelOperator": "equal",
                  "value": "test_value",
                  "expedite": false
                }
              ]
            }
          },
          {
            "kind": "pass-through",
            "key": "testKey",
            "labelOperator": "equal"
          },
          {
            "kind": "weighted-allocation-worker-selector",
            "allocations": [
              {
                "weight": 1,
                "workerSelectors": [
                  {
                    "expedite": false,
                    "status": "active",
                    "key": "test_key",
                    "labelOperator": "equal",
                    "value": "test_value"
                  }
                ]
              }
            ]
          }
        ]
      }
    },
    {
      "RequestUri": "https://sanitized.communication.azure.net/routing/classificationPolicies?maxpagesize=1\u0026api-version=2022-07-18-preview",
      "RequestMethod": "GET",
      "RequestHeaders": {
        "Accept": "application/json",
        "Accept-Encoding": "gzip, deflate",
        "Authorization": "Sanitized",
        "Content-Length": "0",
        "User-Agent": "azsdk-python-communication-jobrouter/1.0.0b1 Python/3.9.7 (Windows-10-10.0.22621-SP0)",
        "x-ms-client-request-id": "006a1734-1070-11ee-8a40-046c590f95d2",
        "x-ms-content-sha256": "Sanitized",
        "x-ms-date": "Wed, 21 Jun 2023 20:12:52 GMT",
        "x-ms-return-client-request-id": "true"
      },
      "RequestBody": null,
      "StatusCode": 200,
      "ResponseHeaders": {
        "api-supported-versions": "2021-04-07-preview1, 2022-07-18-preview",
        "Content-Type": "application/json; charset=utf-8",
        "Date": "Wed, 21 Jun 2023 20:12:52 GMT",
        "trace-id": "91192501-7662-193d-4089-c7c7de8e7da7",
        "Transfer-Encoding": "chunked",
        "X-Azure-Ref": "0xFmTZAAAAADeaxKBjAsAS5ZBFaNjpVYgWVZSMzExMDAwMTE1MDA5AGNjOTI3NThkLTA1ZjctNGFkNi1hYTVlLTBmYTk3MThkODk4NQ==",
        "X-Cache": "CONFIG_NOCACHE"
      },
      "ResponseBody": {
        "value": [
          {
            "classificationPolicy": {
              "id": "tst_list_cp_2_async",
              "name": "tst_list_cp_2_async",
              "fallbackQueueId": "test_list_classification_policies_tst_q_async",
              "queueSelectors": [
                {
                  "kind": "static",
                  "queueSelector": {
                    "key": "test_key",
                    "labelOperator": "equal",
                    "value": "test_value"
                  }
                },
                {
                  "kind": "conditional",
                  "condition": {
                    "kind": "static-rule",
                    "value": true
                  },
                  "queueSelectors": [
                    {
                      "key": "test_key",
                      "labelOperator": "equal",
                      "value": "test_value"
                    }
                  ]
                },
                {
                  "kind": "rule-engine",
                  "rule": {
                    "kind": "static-rule",
                    "value": [
                      {
                        "key": "test_key",
                        "labelOperator": "equal",
                        "value": "test_value"
                      }
                    ]
                  }
                },
                {
                  "kind": "pass-through",
                  "key": "testKey",
                  "labelOperator": "equal"
                },
                {
                  "kind": "weighted-allocation-queue-selector",
                  "allocations": [
                    {
                      "weight": 1,
                      "queueSelectors": [
                        {
                          "key": "test_key",
                          "labelOperator": "equal",
                          "value": "test_value"
                        }
                      ]
                    }
                  ]
                }
              ],
              "prioritizationRule": {
                "kind": "expression-rule",
                "language": "powerFx",
                "expression": "1"
              },
              "workerSelectors": [
                {
                  "kind": "static",
                  "workerSelector": {
                    "expedite": false,
                    "status": "active",
                    "key": "test_key",
                    "labelOperator": "equal",
                    "value": "test_value"
                  }
                },
                {
                  "kind": "conditional",
                  "condition": {
                    "kind": "static-rule",
                    "value": true
                  },
                  "workerSelectors": [
                    {
                      "expedite": false,
                      "status": "active",
                      "key": "test_key",
                      "labelOperator": "equal",
                      "value": "test_value"
                    }
                  ]
                },
                {
                  "kind": "rule-engine",
                  "rule": {
                    "kind": "static-rule",
                    "value": [
                      {
                        "key": "test_key",
                        "labelOperator": "equal",
                        "value": "test_value",
                        "expedite": false
                      }
                    ]
                  }
                },
                {
                  "kind": "pass-through",
                  "key": "testKey",
                  "labelOperator": "equal"
                },
                {
                  "kind": "weighted-allocation-worker-selector",
                  "allocations": [
                    {
                      "weight": 1,
                      "workerSelectors": [
                        {
                          "expedite": false,
                          "status": "active",
                          "key": "test_key",
                          "labelOperator": "equal",
                          "value": "test_value"
                        }
                      ]
                    }
                  ]
                }
              ]
            },
            "etag": "Sanitized"
          }
        ],
        "nextLink": "/routing/classificationPolicies?continuationToken=bWF4cGFnZXNpemU9MSZjb250aW51YXRpb25Ub2tlbj1XM3NpZEc5clpXNGlPaUlyVWtsRU9uNHJWVFZFUVV4Q2NYQkRWa3d5VVZWQlFVRkJRVUZCUFQwalVsUTZNU05VVWtNNk1TTlNWRVE2UVVFOVBTTkpVMVk2TWlOSlJVODZOalUxTmpjalVVTkdPamdqUmxCRE9rRm5SVmRHZUZsRFFVTkRTVVo0U1VGMFFtcDZkak15WWk5UFpTOTNVMFpCSzBJNGFFRkJRVTBpTENKeVlXNW5aU0k2ZXlKdGFXNGlPaUlpTENKdFlYZ2lPaUpHUmlKOWZWMD0%3D"
      }
    },
    {
      "RequestUri": "https://sanitized.communication.azure.net/routing/classificationPolicies?continuationToken=bWF4cGFnZXNpemU9MSZjb250aW51YXRpb25Ub2tlbj1XM3NpZEc5clpXNGlPaUlyVWtsRU9uNHJWVFZFUVV4Q2NYQkRWa3d5VVZWQlFVRkJRVUZCUFQwalVsUTZNU05VVWtNNk1TTlNWRVE2UVVFOVBTTkpVMVk2TWlOSlJVODZOalUxTmpjalVVTkdPamdqUmxCRE9rRm5SVmRHZUZsRFFVTkRTVVo0U1VGMFFtcDZkak15WWk5UFpTOTNVMFpCSzBJNGFFRkJRVTBpTENKeVlXNW5aU0k2ZXlKdGFXNGlPaUlpTENKdFlYZ2lPaUpHUmlKOWZWMD0%3D\u0026api-version=2022-07-18-preview",
      "RequestMethod": "GET",
      "RequestHeaders": {
        "Accept": "*/*",
        "Accept-Encoding": "gzip, deflate",
        "Authorization": "Sanitized",
        "Content-Length": "0",
        "User-Agent": "azsdk-python-communication-jobrouter/1.0.0b1 Python/3.9.7 (Windows-10-10.0.22621-SP0)",
        "x-ms-client-request-id": "00744548-1070-11ee-8c0d-046c590f95d2",
        "x-ms-content-sha256": "Sanitized",
        "x-ms-date": "Wed, 21 Jun 2023 20:12:52 GMT",
        "x-ms-return-client-request-id": "true"
      },
      "RequestBody": null,
      "StatusCode": 200,
      "ResponseHeaders": {
        "api-supported-versions": "2021-04-07-preview1, 2022-07-18-preview",
        "Content-Type": "application/json; charset=utf-8",
        "Date": "Wed, 21 Jun 2023 20:12:52 GMT",
        "trace-id": "d448920d-e712-3a11-b1aa-d7aa211f72df",
        "Transfer-Encoding": "chunked",
        "X-Azure-Ref": "0xFmTZAAAAAAJPBUhx/AtQYOBzmlggO7aWVZSMzExMDAwMTE1MDA5AGNjOTI3NThkLTA1ZjctNGFkNi1hYTVlLTBmYTk3MThkODk4NQ==",
        "X-Cache": "CONFIG_NOCACHE"
      },
      "ResponseBody": {
        "value": [
          {
            "classificationPolicy": {
              "id": "tst_list_cp_1_async",
              "name": "tst_list_cp_1_async",
              "fallbackQueueId": "test_list_classification_policies_tst_q_async",
              "queueSelectors": [
                {
                  "kind": "static",
                  "queueSelector": {
                    "key": "test_key",
                    "labelOperator": "equal",
                    "value": "test_value"
                  }
                },
                {
                  "kind": "conditional",
                  "condition": {
                    "kind": "static-rule",
                    "value": true
                  },
                  "queueSelectors": [
                    {
                      "key": "test_key",
                      "labelOperator": "equal",
                      "value": "test_value"
                    }
                  ]
                },
                {
                  "kind": "rule-engine",
                  "rule": {
                    "kind": "static-rule",
                    "value": [
                      {
                        "key": "test_key",
                        "labelOperator": "equal",
                        "value": "test_value"
                      }
                    ]
                  }
                },
                {
                  "kind": "pass-through",
                  "key": "testKey",
                  "labelOperator": "equal"
                },
                {
                  "kind": "weighted-allocation-queue-selector",
                  "allocations": [
                    {
                      "weight": 1,
                      "queueSelectors": [
                        {
                          "key": "test_key",
                          "labelOperator": "equal",
                          "value": "test_value"
                        }
                      ]
                    }
                  ]
                }
              ],
              "prioritizationRule": {
                "kind": "expression-rule",
                "language": "powerFx",
                "expression": "1"
              },
              "workerSelectors": [
                {
                  "kind": "static",
                  "workerSelector": {
                    "expedite": false,
                    "status": "active",
                    "key": "test_key",
                    "labelOperator": "equal",
                    "value": "test_value"
                  }
                },
                {
                  "kind": "conditional",
                  "condition": {
                    "kind": "static-rule",
                    "value": true
                  },
                  "workerSelectors": [
                    {
                      "expedite": false,
                      "status": "active",
                      "key": "test_key",
                      "labelOperator": "equal",
                      "value": "test_value"
                    }
                  ]
                },
                {
                  "kind": "rule-engine",
                  "rule": {
                    "kind": "static-rule",
                    "value": [
                      {
                        "key": "test_key",
                        "labelOperator": "equal",
                        "value": "test_value",
                        "expedite": false
                      }
                    ]
                  }
                },
                {
                  "kind": "pass-through",
                  "key": "testKey",
                  "labelOperator": "equal"
                },
                {
                  "kind": "weighted-allocation-worker-selector",
                  "allocations": [
                    {
                      "weight": 1,
                      "workerSelectors": [
                        {
                          "expedite": false,
                          "status": "active",
                          "key": "test_key",
                          "labelOperator": "equal",
                          "value": "test_value"
                        }
                      ]
                    }
                  ]
                }
              ]
            },
            "etag": "Sanitized"
          }
        ],
        "nextLink": "/routing/classificationPolicies?continuationToken=bWF4cGFnZXNpemU9MSZjb250aW51YXRpb25Ub2tlbj1XM3NpZEc5clpXNGlPaUlyVWtsRU9uNHJWVFZFUVV4Q2NYQkRWa3N5VVZWQlFVRkJRVUZCUFQwalVsUTZNaU5VVWtNNk1pTlNWRVE2UVVFOVBTTkpVMVk2TWlOSlJVODZOalUxTmpjalVVTkdPamdqUmxCRE9rRm5SVmRHZUZsRFFVTkRTVVo0U1VGMFFtcDZkak15WWk5UFpTOTNVMFpCSzBJNGFFRkJRVTBpTENKeVlXNW5aU0k2ZXlKdGFXNGlPaUlpTENKdFlYZ2lPaUpHUmlKOWZWMD0%3D"
      }
    },
    {
      "RequestUri": "https://sanitized.communication.azure.net/routing/classificationPolicies?continuationToken=bWF4cGFnZXNpemU9MSZjb250aW51YXRpb25Ub2tlbj1XM3NpZEc5clpXNGlPaUlyVWtsRU9uNHJWVFZFUVV4Q2NYQkRWa3N5VVZWQlFVRkJRVUZCUFQwalVsUTZNaU5VVWtNNk1pTlNWRVE2UVVFOVBTTkpVMVk2TWlOSlJVODZOalUxTmpjalVVTkdPamdqUmxCRE9rRm5SVmRHZUZsRFFVTkRTVVo0U1VGMFFtcDZkak15WWk5UFpTOTNVMFpCSzBJNGFFRkJRVTBpTENKeVlXNW5aU0k2ZXlKdGFXNGlPaUlpTENKdFlYZ2lPaUpHUmlKOWZWMD0%3D\u0026api-version=2022-07-18-preview",
      "RequestMethod": "GET",
      "RequestHeaders": {
        "Accept": "*/*",
        "Accept-Encoding": "gzip, deflate",
        "Authorization": "Sanitized",
        "Content-Length": "0",
        "User-Agent": "azsdk-python-communication-jobrouter/1.0.0b1 Python/3.9.7 (Windows-10-10.0.22621-SP0)",
        "x-ms-client-request-id": "00857c1b-1070-11ee-8143-046c590f95d2",
        "x-ms-content-sha256": "Sanitized",
        "x-ms-date": "Wed, 21 Jun 2023 20:12:52 GMT",
        "x-ms-return-client-request-id": "true"
      },
      "RequestBody": null,
      "StatusCode": 200,
      "ResponseHeaders": {
        "api-supported-versions": "2021-04-07-preview1, 2022-07-18-preview",
        "Content-Type": "application/json; charset=utf-8",
        "Date": "Wed, 21 Jun 2023 20:12:52 GMT",
        "trace-id": "426a5552-677e-fb54-61c0-67f8c81b9783",
        "Transfer-Encoding": "chunked",
        "X-Azure-Ref": "0xFmTZAAAAACTEooxhlhhQbNAuFAxuV6rWVZSMzExMDAwMTE1MDA5AGNjOTI3NThkLTA1ZjctNGFkNi1hYTVlLTBmYTk3MThkODk4NQ==",
        "X-Cache": "CONFIG_NOCACHE"
      },
      "ResponseBody": {
        "value": [
          {
            "classificationPolicy": {
              "id": "E2D26768096D29B01DDDDF2665B182307973E86127468C2079",
              "queueSelectors": [
                {
                  "kind": "static",
                  "queueSelector": {
                    "key": "Id",
                    "labelOperator": "equal",
                    "value": "99A26CBB051F5A567CAC1726EA334F91C1A773D43235C2234B"
                  }
                }
              ],
              "workerSelectors": []
            },
            "etag": "Sanitized"
          }
        ],
        "nextLink": "/routing/classificationPolicies?continuationToken=bWF4cGFnZXNpemU9MSZjb250aW51YXRpb25Ub2tlbj1XM3NpZEc5clpXNGlPaUlyVWtsRU9uNHJWVFZFUVV4Q2NYQkRWV015VVZWQlFVRkJRVUZCUFQwalVsUTZNeU5VVWtNNk15TlNWRVE2UVVFOVBTTkpVMVk2TWlOSlJVODZOalUxTmpjalVVTkdPamdqUmxCRE9rRm5SVmRHZUZsRFFVTkRTVVo0U1VGMFFtcDZkak15WWk5UFpTOTNVMFpCSzBJNGFFRkJRVTBpTENKeVlXNW5aU0k2ZXlKdGFXNGlPaUlpTENKdFlYZ2lPaUpHUmlKOWZWMD0%3D"
      }
    },
    {
      "RequestUri": "https://sanitized.communication.azure.net/routing/classificationPolicies/tst_list_cp_1_async?api-version=2022-07-18-preview",
      "RequestMethod": "PATCH",
      "RequestHeaders": {
        "Accept": "application/json",
        "Accept-Encoding": "gzip, deflate",
        "Authorization": "Sanitized",
        "Content-Length": "1549",
        "Content-Type": "application/merge-patch\u002Bjson",
        "User-Agent": "azsdk-python-communication-jobrouter/1.0.0b1 Python/3.9.7 (Windows-10-10.0.22621-SP0)",
        "x-ms-client-request-id": "0090e35b-1070-11ee-aba5-046c590f95d2",
        "x-ms-content-sha256": "Sanitized",
        "x-ms-date": "Wed, 21 Jun 2023 20:12:52 GMT",
        "x-ms-return-client-request-id": "true"
      },
      "RequestBody": {
        "name": "tst_list_cp_1_async",
        "fallbackQueueId": "test_list_classification_policies_tst_q_async",
        "queueSelectors": [
          {
            "kind": "static",
            "queueSelector": {
              "key": "test_key",
              "labelOperator": "equal",
              "value": "test_value"
            }
          },
          {
            "kind": "conditional",
            "condition": {
              "kind": "static-rule",
              "value": true
            },
            "queueSelectors": [
              {
                "key": "test_key",
                "labelOperator": "equal",
                "value": "test_value"
              }
            ]
          },
          {
            "kind": "rule-engine",
            "rule": {
              "kind": "static-rule",
              "value": [
                {
                  "key": "test_key",
                  "labelOperator": "equal",
                  "value": "test_value"
                }
              ]
            }
          },
          {
            "kind": "pass-through",
            "key": "testKey",
            "labelOperator": "equal"
          },
          {
            "kind": "weighted-allocation-queue-selector",
            "allocations": [
              {
                "weight": 1.0,
                "queueSelectors": [
                  {
                    "key": "test_key",
                    "labelOperator": "equal",
                    "value": "test_value"
                  }
                ]
              }
            ]
          }
        ],
        "prioritizationRule": {
          "kind": "azure-function-rule",
          "functionUri": "https://dummy.endpoint.net",
          "credential": {
            "functionKey": "Sanitized"
          }
        },
        "workerSelectors": [
          {
            "kind": "static",
            "workerSelector": {
              "key": "test_key",
              "labelOperator": "equal",
              "value": "test_value",
              "expedite": false
            }
          },
          {
            "kind": "conditional",
            "condition": {
              "kind": "static-rule",
              "value": true
            },
            "workerSelectors": [
              {
                "key": "test_key",
                "labelOperator": "equal",
                "value": "test_value",
                "expedite": false
              }
            ]
          },
          {
            "kind": "rule-engine",
            "rule": {
              "kind": "static-rule",
              "value": [
                {
                  "key": "test_key",
                  "labelOperator": "equal",
                  "value": "test_value",
                  "expedite": false
                }
              ]
            }
          },
          {
            "kind": "pass-through",
            "key": "testKey",
            "labelOperator": "equal"
          },
          {
            "kind": "weighted-allocation-worker-selector",
            "allocations": [
              {
                "weight": 1.0,
                "workerSelectors": [
                  {
                    "key": "test_key",
                    "labelOperator": "equal",
                    "value": "test_value",
                    "expedite": false
                  }
                ]
              }
            ]
          }
        ]
      },
      "StatusCode": 200,
      "ResponseHeaders": {
        "api-supported-versions": "2021-04-07-preview1, 2022-07-18-preview",
        "Content-Type": "application/json; charset=utf-8",
        "Date": "Wed, 21 Jun 2023 20:12:52 GMT",
        "ETag": "Sanitized",
        "Last-Modified": "Wed, 21 Jun 2023 20:12:52 GMT",
        "trace-id": "fab983ad-93db-f980-e58c-330208bcea1a",
        "Transfer-Encoding": "chunked",
        "X-Azure-Ref": "0xFmTZAAAAADkkBVs1flcRKvHneR3lIHyWVZSMzExMDAwMTE1MDA5AGNjOTI3NThkLTA1ZjctNGFkNi1hYTVlLTBmYTk3MThkODk4NQ==",
        "X-Cache": "CONFIG_NOCACHE"
      },
      "ResponseBody": {
        "id": "tst_list_cp_1_async",
        "name": "tst_list_cp_1_async",
        "fallbackQueueId": "test_list_classification_policies_tst_q_async",
        "queueSelectors": [
          {
            "kind": "static",
            "queueSelector": {
              "key": "test_key",
              "labelOperator": "equal",
              "value": "test_value"
            }
          },
          {
            "kind": "conditional",
            "condition": {
              "kind": "static-rule",
              "value": true
            },
            "queueSelectors": [
              {
                "key": "test_key",
                "labelOperator": "equal",
                "value": "test_value"
              }
            ]
          },
          {
            "kind": "rule-engine",
            "rule": {
              "kind": "static-rule",
              "value": [
                {
                  "key": "test_key",
                  "labelOperator": "equal",
                  "value": "test_value"
                }
              ]
            }
          },
          {
            "kind": "pass-through",
            "key": "testKey",
            "labelOperator": "equal"
          },
          {
            "kind": "weighted-allocation-queue-selector",
            "allocations": [
              {
                "weight": 1,
                "queueSelectors": [
                  {
                    "key": "test_key",
                    "labelOperator": "equal",
                    "value": "test_value"
                  }
                ]
              }
            ]
          }
        ],
        "prioritizationRule": {
          "kind": "azure-function-rule",
          "functionUri": "https://dummy.endpoint.net",
          "credential": {
            "functionKey": "Sanitized"
          }
        },
        "workerSelectors": [
          {
            "kind": "static",
            "workerSelector": {
              "expedite": false,
              "status": "active",
              "key": "test_key",
              "labelOperator": "equal",
              "value": "test_value"
            }
          },
          {
            "kind": "conditional",
            "condition": {
              "kind": "static-rule",
              "value": true
            },
            "workerSelectors": [
              {
                "expedite": false,
                "status": "active",
                "key": "test_key",
                "labelOperator": "equal",
                "value": "test_value"
              }
            ]
          },
          {
            "kind": "rule-engine",
            "rule": {
              "kind": "static-rule",
              "value": [
                {
                  "key": "test_key",
                  "labelOperator": "equal",
                  "value": "test_value",
                  "expedite": false
                }
              ]
            }
          },
          {
            "kind": "pass-through",
            "key": "testKey",
            "labelOperator": "equal"
          },
          {
            "kind": "weighted-allocation-worker-selector",
            "allocations": [
              {
                "weight": 1,
                "workerSelectors": [
                  {
                    "expedite": false,
                    "status": "active",
                    "key": "test_key",
                    "labelOperator": "equal",
                    "value": "test_value"
                  }
                ]
              }
            ]
          }
        ]
      }
    },
    {
      "RequestUri": "https://sanitized.communication.azure.net/routing/classificationPolicies/tst_list_cp_2_async?api-version=2022-07-18-preview",
      "RequestMethod": "PATCH",
      "RequestHeaders": {
        "Accept": "application/json",
        "Accept-Encoding": "gzip, deflate",
        "Authorization": "Sanitized",
        "Content-Length": "1549",
        "Content-Type": "application/merge-patch\u002Bjson",
        "User-Agent": "azsdk-python-communication-jobrouter/1.0.0b1 Python/3.9.7 (Windows-10-10.0.22621-SP0)",
        "x-ms-client-request-id": "00b299b5-1070-11ee-8b43-046c590f95d2",
        "x-ms-content-sha256": "Sanitized",
        "x-ms-date": "Wed, 21 Jun 2023 20:12:52 GMT",
        "x-ms-return-client-request-id": "true"
      },
      "RequestBody": {
        "name": "tst_list_cp_2_async",
        "fallbackQueueId": "test_list_classification_policies_tst_q_async",
        "queueSelectors": [
          {
            "kind": "static",
            "queueSelector": {
              "key": "test_key",
              "labelOperator": "equal",
              "value": "test_value"
            }
          },
          {
            "kind": "conditional",
            "condition": {
              "kind": "static-rule",
              "value": true
            },
            "queueSelectors": [
              {
                "key": "test_key",
                "labelOperator": "equal",
                "value": "test_value"
              }
            ]
          },
          {
            "kind": "rule-engine",
            "rule": {
              "kind": "static-rule",
              "value": [
                {
                  "key": "test_key",
                  "labelOperator": "equal",
                  "value": "test_value"
                }
              ]
            }
          },
          {
            "kind": "pass-through",
            "key": "testKey",
            "labelOperator": "equal"
          },
          {
            "kind": "weighted-allocation-queue-selector",
            "allocations": [
              {
                "weight": 1.0,
                "queueSelectors": [
                  {
                    "key": "test_key",
                    "labelOperator": "equal",
                    "value": "test_value"
                  }
                ]
              }
            ]
          }
        ],
        "prioritizationRule": {
          "kind": "azure-function-rule",
          "functionUri": "https://dummy.endpoint.net",
          "credential": {
            "functionKey": "Sanitized"
          }
        },
        "workerSelectors": [
          {
            "kind": "static",
            "workerSelector": {
              "key": "test_key",
              "labelOperator": "equal",
              "value": "test_value",
              "expedite": false
            }
          },
          {
            "kind": "conditional",
            "condition": {
              "kind": "static-rule",
              "value": true
            },
            "workerSelectors": [
              {
                "key": "test_key",
                "labelOperator": "equal",
                "value": "test_value",
                "expedite": false
              }
            ]
          },
          {
            "kind": "rule-engine",
            "rule": {
              "kind": "static-rule",
              "value": [
                {
                  "key": "test_key",
                  "labelOperator": "equal",
                  "value": "test_value",
                  "expedite": false
                }
              ]
            }
          },
          {
            "kind": "pass-through",
            "key": "testKey",
            "labelOperator": "equal"
          },
          {
            "kind": "weighted-allocation-worker-selector",
            "allocations": [
              {
                "weight": 1.0,
                "workerSelectors": [
                  {
                    "key": "test_key",
                    "labelOperator": "equal",
                    "value": "test_value",
                    "expedite": false
                  }
                ]
              }
            ]
          }
        ]
      },
      "StatusCode": 200,
      "ResponseHeaders": {
        "api-supported-versions": "2021-04-07-preview1, 2022-07-18-preview",
        "Content-Type": "application/json; charset=utf-8",
        "Date": "Wed, 21 Jun 2023 20:12:52 GMT",
        "ETag": "Sanitized",
        "Last-Modified": "Wed, 21 Jun 2023 20:12:52 GMT",
        "trace-id": "2192f97b-065a-e42b-07f4-48bd74229e2a",
        "Transfer-Encoding": "chunked",
        "X-Azure-Ref": "0xFmTZAAAAACFzXzPMF8MQa2NI4/UPjcTWVZSMzExMDAwMTE1MDA5AGNjOTI3NThkLTA1ZjctNGFkNi1hYTVlLTBmYTk3MThkODk4NQ==",
        "X-Cache": "CONFIG_NOCACHE"
      },
      "ResponseBody": {
        "id": "tst_list_cp_2_async",
        "name": "tst_list_cp_2_async",
        "fallbackQueueId": "test_list_classification_policies_tst_q_async",
        "queueSelectors": [
          {
            "kind": "static",
            "queueSelector": {
              "key": "test_key",
              "labelOperator": "equal",
              "value": "test_value"
            }
          },
          {
            "kind": "conditional",
            "condition": {
              "kind": "static-rule",
              "value": true
            },
            "queueSelectors": [
              {
                "key": "test_key",
                "labelOperator": "equal",
                "value": "test_value"
              }
            ]
          },
          {
            "kind": "rule-engine",
            "rule": {
              "kind": "static-rule",
              "value": [
                {
                  "key": "test_key",
                  "labelOperator": "equal",
                  "value": "test_value"
                }
              ]
            }
          },
          {
            "kind": "pass-through",
            "key": "testKey",
            "labelOperator": "equal"
          },
          {
            "kind": "weighted-allocation-queue-selector",
            "allocations": [
              {
                "weight": 1,
                "queueSelectors": [
                  {
                    "key": "test_key",
                    "labelOperator": "equal",
                    "value": "test_value"
                  }
                ]
              }
            ]
          }
        ],
        "prioritizationRule": {
          "kind": "azure-function-rule",
          "functionUri": "https://dummy.endpoint.net",
          "credential": {
            "functionKey": "Sanitized"
          }
        },
        "workerSelectors": [
          {
            "kind": "static",
            "workerSelector": {
              "expedite": false,
              "status": "active",
              "key": "test_key",
              "labelOperator": "equal",
              "value": "test_value"
            }
          },
          {
            "kind": "conditional",
            "condition": {
              "kind": "static-rule",
              "value": true
            },
            "workerSelectors": [
              {
                "expedite": false,
                "status": "active",
                "key": "test_key",
                "labelOperator": "equal",
                "value": "test_value"
              }
            ]
          },
          {
            "kind": "rule-engine",
            "rule": {
              "kind": "static-rule",
              "value": [
                {
                  "key": "test_key",
                  "labelOperator": "equal",
                  "value": "test_value",
                  "expedite": false
                }
              ]
            }
          },
          {
            "kind": "pass-through",
            "key": "testKey",
            "labelOperator": "equal"
          },
          {
            "kind": "weighted-allocation-worker-selector",
            "allocations": [
              {
                "weight": 1,
                "workerSelectors": [
                  {
                    "expedite": false,
                    "status": "active",
                    "key": "test_key",
                    "labelOperator": "equal",
                    "value": "test_value"
                  }
                ]
              }
            ]
          }
        ]
      }
    },
    {
      "RequestUri": "https://sanitized.communication.azure.net/routing/classificationPolicies?maxpagesize=1\u0026api-version=2022-07-18-preview",
      "RequestMethod": "GET",
      "RequestHeaders": {
        "Accept": "application/json",
        "Accept-Encoding": "gzip, deflate",
        "Authorization": "Sanitized",
        "Content-Length": "0",
        "User-Agent": "azsdk-python-communication-jobrouter/1.0.0b1 Python/3.9.7 (Windows-10-10.0.22621-SP0)",
        "x-ms-client-request-id": "00e5a2f0-1070-11ee-b633-046c590f95d2",
        "x-ms-content-sha256": "Sanitized",
        "x-ms-date": "Wed, 21 Jun 2023 20:12:53 GMT",
        "x-ms-return-client-request-id": "true"
      },
      "RequestBody": null,
      "StatusCode": 200,
      "ResponseHeaders": {
        "api-supported-versions": "2021-04-07-preview1, 2022-07-18-preview",
        "Content-Type": "application/json; charset=utf-8",
        "Date": "Wed, 21 Jun 2023 20:12:52 GMT",
        "trace-id": "1f479d6e-c710-6fed-1101-4c90c5ac4ab9",
        "Transfer-Encoding": "chunked",
        "X-Azure-Ref": "0xVmTZAAAAADdp6QCqe\u002BnSq4DP2nsAxmlWVZSMzExMDAwMTE1MDA5AGNjOTI3NThkLTA1ZjctNGFkNi1hYTVlLTBmYTk3MThkODk4NQ==",
        "X-Cache": "CONFIG_NOCACHE"
      },
      "ResponseBody": {
        "value": [
          {
            "classificationPolicy": {
              "id": "tst_list_cp_2_async",
              "name": "tst_list_cp_2_async",
              "fallbackQueueId": "test_list_classification_policies_tst_q_async",
              "queueSelectors": [
                {
                  "kind": "static",
                  "queueSelector": {
                    "key": "test_key",
                    "labelOperator": "equal",
                    "value": "test_value"
                  }
                },
                {
                  "kind": "conditional",
                  "condition": {
                    "kind": "static-rule",
                    "value": true
                  },
                  "queueSelectors": [
                    {
                      "key": "test_key",
                      "labelOperator": "equal",
                      "value": "test_value"
                    }
                  ]
                },
                {
                  "kind": "rule-engine",
                  "rule": {
                    "kind": "static-rule",
                    "value": [
                      {
                        "key": "test_key",
                        "labelOperator": "equal",
                        "value": "test_value"
                      }
                    ]
                  }
                },
                {
                  "kind": "pass-through",
                  "key": "testKey",
                  "labelOperator": "equal"
                },
                {
                  "kind": "weighted-allocation-queue-selector",
                  "allocations": [
                    {
                      "weight": 1,
                      "queueSelectors": [
                        {
                          "key": "test_key",
                          "labelOperator": "equal",
                          "value": "test_value"
                        }
                      ]
                    }
                  ]
                }
              ],
              "prioritizationRule": {
                "kind": "azure-function-rule",
                "functionUri": "https://dummy.endpoint.net",
                "credential": {
                  "functionKey": "Sanitized"
                }
              },
              "workerSelectors": [
                {
                  "kind": "static",
                  "workerSelector": {
                    "expedite": false,
                    "status": "active",
                    "key": "test_key",
                    "labelOperator": "equal",
                    "value": "test_value"
                  }
                },
                {
                  "kind": "conditional",
                  "condition": {
                    "kind": "static-rule",
                    "value": true
                  },
                  "workerSelectors": [
                    {
                      "expedite": false,
                      "status": "active",
                      "key": "test_key",
                      "labelOperator": "equal",
                      "value": "test_value"
                    }
                  ]
                },
                {
                  "kind": "rule-engine",
                  "rule": {
                    "kind": "static-rule",
                    "value": [
                      {
                        "key": "test_key",
                        "labelOperator": "equal",
                        "value": "test_value",
                        "expedite": false
                      }
                    ]
                  }
                },
                {
                  "kind": "pass-through",
                  "key": "testKey",
                  "labelOperator": "equal"
                },
                {
                  "kind": "weighted-allocation-worker-selector",
                  "allocations": [
                    {
                      "weight": 1,
                      "workerSelectors": [
                        {
                          "expedite": false,
                          "status": "active",
                          "key": "test_key",
                          "labelOperator": "equal",
                          "value": "test_value"
                        }
                      ]
                    }
                  ]
                }
              ]
            },
            "etag": "Sanitized"
          }
        ],
        "nextLink": "/routing/classificationPolicies?continuationToken=bWF4cGFnZXNpemU9MSZjb250aW51YXRpb25Ub2tlbj1XM3NpZEc5clpXNGlPaUlyVWtsRU9uNHJWVFZFUVV4Q2NYQkRWa3d5VVZWQlFVRkJRVUZCUFQwalVsUTZNU05VVWtNNk1TTlNWRVE2UVVFOVBTTkpVMVk2TWlOSlJVODZOalUxTmpjalVVTkdPamdqUmxCRE9rRm5SVmRHZUZsRFFVTkRTVVo0U1VGMFFtcDZkak15WWk5UFpTOTNVMFpCSzBJNGFFRkJRVTBpTENKeVlXNW5aU0k2ZXlKdGFXNGlPaUlpTENKdFlYZ2lPaUpHUmlKOWZWMD0%3D"
      }
    },
    {
      "RequestUri": "https://sanitized.communication.azure.net/routing/classificationPolicies?continuationToken=bWF4cGFnZXNpemU9MSZjb250aW51YXRpb25Ub2tlbj1XM3NpZEc5clpXNGlPaUlyVWtsRU9uNHJWVFZFUVV4Q2NYQkRWa3d5VVZWQlFVRkJRVUZCUFQwalVsUTZNU05VVWtNNk1TTlNWRVE2UVVFOVBTTkpVMVk2TWlOSlJVODZOalUxTmpjalVVTkdPamdqUmxCRE9rRm5SVmRHZUZsRFFVTkRTVVo0U1VGMFFtcDZkak15WWk5UFpTOTNVMFpCSzBJNGFFRkJRVTBpTENKeVlXNW5aU0k2ZXlKdGFXNGlPaUlpTENKdFlYZ2lPaUpHUmlKOWZWMD0%3D\u0026api-version=2022-07-18-preview",
      "RequestMethod": "GET",
      "RequestHeaders": {
        "Accept": "*/*",
        "Accept-Encoding": "gzip, deflate",
        "Authorization": "Sanitized",
        "Content-Length": "0",
        "User-Agent": "azsdk-python-communication-jobrouter/1.0.0b1 Python/3.9.7 (Windows-10-10.0.22621-SP0)",
        "x-ms-client-request-id": "00f19572-1070-11ee-88e3-046c590f95d2",
        "x-ms-content-sha256": "Sanitized",
        "x-ms-date": "Wed, 21 Jun 2023 20:12:53 GMT",
        "x-ms-return-client-request-id": "true"
      },
      "RequestBody": null,
      "StatusCode": 200,
      "ResponseHeaders": {
        "api-supported-versions": "2021-04-07-preview1, 2022-07-18-preview",
        "Content-Type": "application/json; charset=utf-8",
        "Date": "Wed, 21 Jun 2023 20:12:53 GMT",
        "trace-id": "82836859-3fe9-4ead-fe5c-4caf7367f133",
        "Transfer-Encoding": "chunked",
        "X-Azure-Ref": "0xVmTZAAAAAAsNJEyYznGQ6LDMCSo9VRSWVZSMzExMDAwMTE1MDA5AGNjOTI3NThkLTA1ZjctNGFkNi1hYTVlLTBmYTk3MThkODk4NQ==",
        "X-Cache": "CONFIG_NOCACHE"
      },
      "ResponseBody": {
        "value": [
          {
            "classificationPolicy": {
              "id": "tst_list_cp_1_async",
              "name": "tst_list_cp_1_async",
              "fallbackQueueId": "test_list_classification_policies_tst_q_async",
              "queueSelectors": [
                {
                  "kind": "static",
                  "queueSelector": {
                    "key": "test_key",
                    "labelOperator": "equal",
                    "value": "test_value"
                  }
                },
                {
                  "kind": "conditional",
                  "condition": {
                    "kind": "static-rule",
                    "value": true
                  },
                  "queueSelectors": [
                    {
                      "key": "test_key",
                      "labelOperator": "equal",
                      "value": "test_value"
                    }
                  ]
                },
                {
                  "kind": "rule-engine",
                  "rule": {
                    "kind": "static-rule",
                    "value": [
                      {
                        "key": "test_key",
                        "labelOperator": "equal",
                        "value": "test_value"
                      }
                    ]
                  }
                },
                {
                  "kind": "pass-through",
                  "key": "testKey",
                  "labelOperator": "equal"
                },
                {
                  "kind": "weighted-allocation-queue-selector",
                  "allocations": [
                    {
                      "weight": 1,
                      "queueSelectors": [
                        {
                          "key": "test_key",
                          "labelOperator": "equal",
                          "value": "test_value"
                        }
                      ]
                    }
                  ]
                }
              ],
              "prioritizationRule": {
                "kind": "azure-function-rule",
                "functionUri": "https://dummy.endpoint.net",
                "credential": {
                  "functionKey": "Sanitized"
                }
              },
              "workerSelectors": [
                {
                  "kind": "static",
                  "workerSelector": {
                    "expedite": false,
                    "status": "active",
                    "key": "test_key",
                    "labelOperator": "equal",
                    "value": "test_value"
                  }
                },
                {
                  "kind": "conditional",
                  "condition": {
                    "kind": "static-rule",
                    "value": true
                  },
                  "workerSelectors": [
                    {
                      "expedite": false,
                      "status": "active",
                      "key": "test_key",
                      "labelOperator": "equal",
                      "value": "test_value"
                    }
                  ]
                },
                {
                  "kind": "rule-engine",
                  "rule": {
                    "kind": "static-rule",
                    "value": [
                      {
                        "key": "test_key",
                        "labelOperator": "equal",
                        "value": "test_value",
                        "expedite": false
                      }
                    ]
                  }
                },
                {
                  "kind": "pass-through",
                  "key": "testKey",
                  "labelOperator": "equal"
                },
                {
                  "kind": "weighted-allocation-worker-selector",
                  "allocations": [
                    {
                      "weight": 1,
                      "workerSelectors": [
                        {
                          "expedite": false,
                          "status": "active",
                          "key": "test_key",
                          "labelOperator": "equal",
                          "value": "test_value"
                        }
                      ]
                    }
                  ]
                }
              ]
            },
            "etag": "Sanitized"
          }
        ],
        "nextLink": "/routing/classificationPolicies?continuationToken=bWF4cGFnZXNpemU9MSZjb250aW51YXRpb25Ub2tlbj1XM3NpZEc5clpXNGlPaUlyVWtsRU9uNHJWVFZFUVV4Q2NYQkRWa3N5VVZWQlFVRkJRVUZCUFQwalVsUTZNaU5VVWtNNk1pTlNWRVE2UVVFOVBTTkpVMVk2TWlOSlJVODZOalUxTmpjalVVTkdPamdqUmxCRE9rRm5SVmRHZUZsRFFVTkRTVVo0U1VGMFFtcDZkak15WWk5UFpTOTNVMFpCSzBJNGFFRkJRVTBpTENKeVlXNW5aU0k2ZXlKdGFXNGlPaUlpTENKdFlYZ2lPaUpHUmlKOWZWMD0%3D"
      }
    },
    {
      "RequestUri": "https://sanitized.communication.azure.net/routing/classificationPolicies?continuationToken=bWF4cGFnZXNpemU9MSZjb250aW51YXRpb25Ub2tlbj1XM3NpZEc5clpXNGlPaUlyVWtsRU9uNHJWVFZFUVV4Q2NYQkRWa3N5VVZWQlFVRkJRVUZCUFQwalVsUTZNaU5VVWtNNk1pTlNWRVE2UVVFOVBTTkpVMVk2TWlOSlJVODZOalUxTmpjalVVTkdPamdqUmxCRE9rRm5SVmRHZUZsRFFVTkRTVVo0U1VGMFFtcDZkak15WWk5UFpTOTNVMFpCSzBJNGFFRkJRVTBpTENKeVlXNW5aU0k2ZXlKdGFXNGlPaUlpTENKdFlYZ2lPaUpHUmlKOWZWMD0%3D\u0026api-version=2022-07-18-preview",
      "RequestMethod": "GET",
      "RequestHeaders": {
        "Accept": "*/*",
        "Accept-Encoding": "gzip, deflate",
        "Authorization": "Sanitized",
        "Content-Length": "0",
        "User-Agent": "azsdk-python-communication-jobrouter/1.0.0b1 Python/3.9.7 (Windows-10-10.0.22621-SP0)",
        "x-ms-client-request-id": "00fff804-1070-11ee-90ce-046c590f95d2",
        "x-ms-content-sha256": "Sanitized",
        "x-ms-date": "Wed, 21 Jun 2023 20:12:53 GMT",
        "x-ms-return-client-request-id": "true"
      },
      "RequestBody": null,
      "StatusCode": 200,
      "ResponseHeaders": {
        "api-supported-versions": "2021-04-07-preview1, 2022-07-18-preview",
        "Content-Type": "application/json; charset=utf-8",
        "Date": "Wed, 21 Jun 2023 20:12:53 GMT",
        "trace-id": "87cae870-0426-d081-d6ad-49d5aff19563",
        "Transfer-Encoding": "chunked",
        "X-Azure-Ref": "0xVmTZAAAAAB450LKNUzzRoXE4YAsyFC3WVZSMzExMDAwMTE1MDA5AGNjOTI3NThkLTA1ZjctNGFkNi1hYTVlLTBmYTk3MThkODk4NQ==",
        "X-Cache": "CONFIG_NOCACHE"
      },
      "ResponseBody": {
        "value": [
          {
            "classificationPolicy": {
              "id": "E2D26768096D29B01DDDDF2665B182307973E86127468C2079",
              "queueSelectors": [
                {
                  "kind": "static",
                  "queueSelector": {
                    "key": "Id",
                    "labelOperator": "equal",
                    "value": "99A26CBB051F5A567CAC1726EA334F91C1A773D43235C2234B"
                  }
                }
              ],
              "workerSelectors": []
            },
            "etag": "Sanitized"
          }
        ],
        "nextLink": "/routing/classificationPolicies?continuationToken=bWF4cGFnZXNpemU9MSZjb250aW51YXRpb25Ub2tlbj1XM3NpZEc5clpXNGlPaUlyVWtsRU9uNHJWVFZFUVV4Q2NYQkRWV015VVZWQlFVRkJRVUZCUFQwalVsUTZNeU5VVWtNNk15TlNWRVE2UVVFOVBTTkpVMVk2TWlOSlJVODZOalUxTmpjalVVTkdPamdqUmxCRE9rRm5SVmRHZUZsRFFVTkRTVVo0U1VGMFFtcDZkak15WWk5UFpTOTNVMFpCSzBJNGFFRkJRVTBpTENKeVlXNW5aU0k2ZXlKdGFXNGlPaUlpTENKdFlYZ2lPaUpHUmlKOWZWMD0%3D"
      }
    },
    {
      "RequestUri": "https://sanitized.communication.azure.net/routing/classificationPolicies/tst_list_cp_2_async?api-version=2022-07-18-preview",
      "RequestMethod": "DELETE",
      "RequestHeaders": {
        "Accept": "application/json",
        "Accept-Encoding": "gzip, deflate",
        "Authorization": "Sanitized",
        "Content-Length": "0",
        "User-Agent": "azsdk-python-communication-jobrouter/1.0.0b1 Python/3.9.7 (Windows-10-10.0.22621-SP0)",
        "x-ms-client-request-id": "012be756-1070-11ee-a1ca-046c590f95d2",
        "x-ms-content-sha256": "Sanitized",
        "x-ms-date": "Wed, 21 Jun 2023 20:12:53 GMT",
        "x-ms-return-client-request-id": "true"
      },
      "RequestBody": null,
      "StatusCode": 204,
      "ResponseHeaders": {
        "api-supported-versions": "2021-04-07-preview1, 2022-07-18-preview",
        "Date": "Wed, 21 Jun 2023 20:12:53 GMT",
        "trace-id": "ec53669b-3728-5d75-9a9d-22714e9135e6",
        "X-Azure-Ref": "0xVmTZAAAAABA9FqEkpM\u002BRai\u002B5/Nlw\u002BQGWVZSMzExMDAwMTE1MDA5AGNjOTI3NThkLTA1ZjctNGFkNi1hYTVlLTBmYTk3MThkODk4NQ==",
        "X-Cache": "CONFIG_NOCACHE"
      },
      "ResponseBody": null
    },
    {
      "RequestUri": "https://sanitized.communication.azure.net/routing/classificationPolicies/tst_list_cp_1_async?api-version=2022-07-18-preview",
      "RequestMethod": "DELETE",
      "RequestHeaders": {
        "Accept": "application/json",
        "Accept-Encoding": "gzip, deflate",
        "Authorization": "Sanitized",
        "Content-Length": "0",
        "User-Agent": "azsdk-python-communication-jobrouter/1.0.0b1 Python/3.9.7 (Windows-10-10.0.22621-SP0)",
        "x-ms-client-request-id": "013f5e75-1070-11ee-8184-046c590f95d2",
        "x-ms-content-sha256": "Sanitized",
        "x-ms-date": "Wed, 21 Jun 2023 20:12:53 GMT",
        "x-ms-return-client-request-id": "true"
      },
      "RequestBody": null,
      "StatusCode": 204,
      "ResponseHeaders": {
        "api-supported-versions": "2021-04-07-preview1, 2022-07-18-preview",
        "Date": "Wed, 21 Jun 2023 20:12:53 GMT",
        "trace-id": "e3478036-28d1-a1e7-67b4-2fedeba7f9b4",
        "X-Azure-Ref": "0xVmTZAAAAABTA8R3mU6bQ4\u002BFTP3FDcwcWVZSMzExMDAwMTE1MDA5AGNjOTI3NThkLTA1ZjctNGFkNi1hYTVlLTBmYTk3MThkODk4NQ==",
        "X-Cache": "CONFIG_NOCACHE"
      },
      "ResponseBody": null
    },
    {
      "RequestUri": "https://sanitized.communication.azure.net/routing/queues/test_list_classification_policies_tst_q_async?api-version=2022-07-18-preview",
      "RequestMethod": "DELETE",
      "RequestHeaders": {
        "Accept": "application/json",
        "Accept-Encoding": "gzip, deflate",
        "Authorization": "Sanitized",
        "Content-Length": "0",
        "User-Agent": "azsdk-python-communication-jobrouter/1.0.0b1 Python/3.9.7 (Windows-10-10.0.22621-SP0)",
        "x-ms-client-request-id": "01528e0e-1070-11ee-b0c2-046c590f95d2",
        "x-ms-content-sha256": "Sanitized",
        "x-ms-date": "Wed, 21 Jun 2023 20:12:53 GMT",
        "x-ms-return-client-request-id": "true"
      },
      "RequestBody": null,
      "StatusCode": 204,
      "ResponseHeaders": {
        "api-supported-versions": "2021-04-07-preview1, 2022-07-18-preview",
        "Date": "Wed, 21 Jun 2023 20:12:53 GMT",
        "trace-id": "5c0b0df4-c7dc-9494-d1af-f789d9068699",
        "X-Azure-Ref": "0xVmTZAAAAAAzYPr/CkIcSpbwDkzxkzluWVZSMzExMDAwMTE1MDA5AGNjOTI3NThkLTA1ZjctNGFkNi1hYTVlLTBmYTk3MThkODk4NQ==",
        "X-Cache": "CONFIG_NOCACHE"
      },
      "ResponseBody": null
    },
    {
      "RequestUri": "https://sanitized.communication.azure.net/routing/distributionPolicies/test_list_classification_policies_tst_dp_async?api-version=2022-07-18-preview",
      "RequestMethod": "DELETE",
      "RequestHeaders": {
        "Accept": "application/json",
        "Accept-Encoding": "gzip, deflate",
        "Authorization": "Sanitized",
        "Content-Length": "0",
        "User-Agent": "azsdk-python-communication-jobrouter/1.0.0b1 Python/3.9.7 (Windows-10-10.0.22621-SP0)",
        "x-ms-client-request-id": "016ff685-1070-11ee-9515-046c590f95d2",
        "x-ms-content-sha256": "Sanitized",
        "x-ms-date": "Wed, 21 Jun 2023 20:12:54 GMT",
        "x-ms-return-client-request-id": "true"
      },
      "RequestBody": null,
      "StatusCode": 204,
      "ResponseHeaders": {
        "api-supported-versions": "2021-04-07-preview1, 2022-07-18-preview",
        "Date": "Wed, 21 Jun 2023 20:12:53 GMT",
        "trace-id": "0013ea2d-f15f-c957-8c33-855d9e132509",
        "X-Azure-Ref": "0xVmTZAAAAAA9tRJBZZs/SLHJZyr4ELC2WVZSMzExMDAwMTE1MDA5AGNjOTI3NThkLTA1ZjctNGFkNi1hYTVlLTBmYTk3MThkODk4NQ==",
        "X-Cache": "CONFIG_NOCACHE"
      },
      "ResponseBody": null
    }
  ],
  "Variables": {}
}
