interactions:
- request:
    body: '{"name": "test_delete_queue_tst_dp", "offerTTLSeconds": 10.0, "mode": {"kind":
      "round-robin", "minConcurrentOffers": 1, "maxConcurrentOffers": 1}}'
    headers:
      Accept:
      - application/json
      Accept-Encoding:
      - gzip, deflate
      Connection:
      - keep-alive
      Content-Length:
      - '146'
      Content-Type:
      - application/merge-patch+json
      User-Agent:
      - azsdk-python-communication-jobrouter/1.0.0 Python/3.9.12 (Windows-10-10.0.22000-SP0)
      x-ms-date:
      - Fri, 06 May 2022 01:37:51 GMT
      x-ms-return-client-request-id:
      - 'true'
    method: PATCH
    uri: https://sanitized.int.communication.azure.net/routing/distributionPolicies/sanitized?api-version=2021-10-20-preview2
  response:
    body: '{"id": "sanitized", "name": "test_delete_queue_tst_dp", "offerTTLSeconds":
      10, "mode": {"kind": "round-robin", "minConcurrentOffers": 1, "maxConcurrentOffers":
      1, "bypassSelectors": false}}'
    headers:
      api-supported-versions:
      - 2021-04-07-preview1, 2021-10-20-preview2
      connection:
      - keep-alive
      content-type:
      - application/json; charset=utf-8
      date:
      - Fri, 06 May 2022 01:37:50 GMT
      etag:
      - REDACTED
      last-modified:
      - Fri, 06 May 2022 01:37:42 GMT
      request-context:
      - appId=
      trace-id:
      - 2bb6fc1ede9962c248c9792d768febba
      transfer-encoding:
      - chunked
      x-cache:
      - CONFIG_NOCACHE
    status:
      code: 200
      message: OK
- request:
    body: '{"name": "tst_delete_q", "distributionPolicyId": "sanitized", "labels":
      {"key1": "QueueKey", "key2": 10, "key3": true, "key4": false, "key5": 10.1}}'
    headers:
      Accept:
      - application/json
      Accept-Encoding:
      - gzip, deflate
      Connection:
      - keep-alive
      Content-Length:
      - '163'
      Content-Type:
      - application/merge-patch+json
      User-Agent:
      - azsdk-python-communication-jobrouter/1.0.0 Python/3.9.12 (Windows-10-10.0.22000-SP0)
      x-ms-date:
      - Fri, 06 May 2022 01:37:51 GMT
      x-ms-return-client-request-id:
      - 'true'
    method: PATCH
    uri: https://sanitized.int.communication.azure.net/routing/queues/sanitized?api-version=2021-10-20-preview2
  response:
    body: '{"id": "sanitized", "name": "tst_delete_q", "distributionPolicyId": "sanitized",
      "labels": {"key1": "QueueKey", "key2": 10, "key3": true, "key4": false, "key5":
      10.1, "Id": "sanitized"}}'
    headers:
      api-supported-versions:
      - 2021-04-07-preview1, 2021-10-20-preview2
      connection:
      - keep-alive
      content-type:
      - application/json; charset=utf-8
      date:
      - Fri, 06 May 2022 01:37:50 GMT
      etag:
      - REDACTED
      last-modified:
      - Fri, 06 May 2022 01:37:43 GMT
      request-context:
      - appId=
      trace-id:
      - b36c1f2a928cf04a4da6586f53f091e9
      transfer-encoding:
      - chunked
      x-cache:
      - CONFIG_NOCACHE
    status:
      code: 200
      message: OK
- request:
    body: null
    headers:
      Accept:
      - application/json
      Accept-Encoding:
      - gzip, deflate
      Connection:
      - keep-alive
      Content-Length:
      - '0'
      User-Agent:
      - azsdk-python-communication-jobrouter/1.0.0 Python/3.9.12 (Windows-10-10.0.22000-SP0)
      x-ms-date:
      - Fri, 06 May 2022 01:37:51 GMT
      x-ms-return-client-request-id:
      - 'true'
    method: DELETE
    uri: https://sanitized.int.communication.azure.net/routing/queues/sanitized?api-version=2021-10-20-preview2
  response:
    body:
      string: ''
    headers:
      api-supported-versions:
      - 2021-04-07-preview1, 2021-10-20-preview2
      connection:
      - keep-alive
      date:
      - Fri, 06 May 2022 01:37:50 GMT
      request-context:
      - appId=
      trace-id:
      - 01cf7b11af71a93541ed90c041733916
      x-cache:
      - CONFIG_NOCACHE
    status:
      code: 204
      message: No Content
- request:
    body: null
    headers:
      Accept:
      - application/json
      Accept-Encoding:
      - gzip, deflate
      Connection:
      - keep-alive
      User-Agent:
      - azsdk-python-communication-jobrouter/1.0.0 Python/3.9.12 (Windows-10-10.0.22000-SP0)
      x-ms-date:
      - Fri, 06 May 2022 01:37:51 GMT
      x-ms-return-client-request-id:
      - 'true'
    method: GET
    uri: https://sanitized.int.communication.azure.net/routing/queues/sanitized?api-version=2021-10-20-preview2
  response:
    body: '{"communicationError": {"code": "NotFound", "message": "The item was not
      found.", "target": "/routing/queues/tst_delete_q"}}'
    headers:
      api-supported-versions:
      - 2021-04-07-preview1, 2021-10-20-preview2
      connection:
      - keep-alive
      content-type:
      - application/json; charset=utf-8
      date:
      - Fri, 06 May 2022 01:37:50 GMT
      request-context:
      - appId=
      trace-id:
      - a2e9a508a1fdeb7432c740bea243aeff
      transfer-encoding:
      - chunked
      x-cache:
      - CONFIG_NOCACHE
    status:
      code: 404
      message: Not Found
version: 1
