{
  "Entries": [
    {
      "RequestUri": "https://fake_resource.servicebus.windows.net/$schemaGroups/fakegroup/schemas/test-schema-basic-async54a738e0?api-version=2021-10",
      "RequestMethod": "PUT",
      "RequestHeaders": {
        "Accept": "application/json",
        "Accept-Encoding": "gzip, deflate",
        "Authorization": "Sanitized",
        "Content-Length": "201",
        "Content-Type": "application/json; serialization=Avro",
        "User-Agent": "azsdk-python-azureschemaregistry/1.0.0 Python/3.9.0 (Windows-10-10.0.22000-SP0)",
        "x-ms-client-request-id": "306b2db9-9f28-11ec-b1e1-f01dbca229e9"
      },
      "RequestBody": {
        "namespace": "example.avro",
        "type": "record",
        "name": "User",
        "fields": [
          {
            "name": "name",
            "type": "string"
          },
          {
            "name": "favorite_number",
            "type": [
              "int",
              "null"
            ]
          },
          {
            "name": "favorite_color",
            "type": [
              "string",
              "null"
            ]
          }
        ]
      },
      "StatusCode": 204,
      "ResponseHeaders": {
        "Content-Length": "0",
        "Date": "Tue, 08 Mar 2022 21:39:10 GMT",
        "Location": "https://fake_resource.servicebus.windows.net/$schemagroups/fakegroup/schemas/test-schema-basic-async54a738e0/versions/1?api-version=2021-10",
        "Schema-Group-Name": "fakegroup",
        "Schema-Id": "d4dd5b0869b84ac29c377d1db9163ced",
        "Schema-Id-Location": "https://fake_resource.servicebus.windows.net:443/$schemagroups/$schemas/d4dd5b0869b84ac29c377d1db9163ced?api-version=2021-10",
        "Schema-Name": "test-schema-basic-async54a738e0",
        "Schema-Version": "1",
        "Schema-Versions-Location": "https://fake_resource.servicebus.windows.net:443/$schemagroups/fakegroup/schemas/test-schema-basic-async54a738e0/versions?api-version=2021-10",
        "Server": "Microsoft-HTTPAPI/2.0",
        "Strict-Transport-Security": "max-age=31536000"
      },
      "ResponseBody": null
    },
    {
      "RequestUri": "https://fake_resource.servicebus.windows.net/$schemaGroups/$schemas/d4dd5b0869b84ac29c377d1db9163ced?api-version=2021-10",
      "RequestMethod": "GET",
      "RequestHeaders": {
        "Accept": "application/json; serialization=Avro",
        "Accept-Encoding": "gzip, deflate",
        "Authorization": "Sanitized",
        "User-Agent": "azsdk-python-azureschemaregistry/1.0.0 Python/3.9.0 (Windows-10-10.0.22000-SP0)",
        "x-ms-client-request-id": "30d8230c-9f28-11ec-8f8c-f01dbca229e9"
      },
      "RequestBody": null,
      "StatusCode": 200,
      "ResponseHeaders": {
        "Content-Type": "application/json; serialization=Avro",
        "Date": "Tue, 08 Mar 2022 21:39:11 GMT",
        "Location": "https://fake_resource.servicebus.windows.net/$schemagroups/fakegroup/schemas/test-schema-basic-async54a738e0/versions/1?api-version=2021-10",
        "Schema-Group-Name": "fakegroup",
        "Schema-Id": "d4dd5b0869b84ac29c377d1db9163ced",
        "Schema-Id-Location": "https://fake_resource.servicebus.windows.net:443/$schemagroups/$schemas/d4dd5b0869b84ac29c377d1db9163ced?api-version=2021-10",
        "Schema-Name": "test-schema-basic-async54a738e0",
        "Schema-Version": "1",
        "Schema-Versions-Location": "https://fake_resource.servicebus.windows.net:443/$schemagroups/fakegroup/schemas/test-schema-basic-async54a738e0/versions?api-version=2021-10",
        "Server": "Microsoft-HTTPAPI/2.0",
        "Strict-Transport-Security": "max-age=31536000",
        "Transfer-Encoding": "chunked"
      },
      "ResponseBody": {
        "namespace": "example.avro",
        "type": "record",
        "name": "User",
        "fields": [
          {
            "name": "name",
            "type": "string"
          },
          {
            "name": "favorite_number",
            "type": [
              "int",
              "null"
            ]
          },
          {
            "name": "favorite_color",
            "type": [
              "string",
              "null"
            ]
          }
        ]
      }
    },
    {
      "RequestUri": "https://fake_resource.servicebus.windows.net/$schemaGroups/fakegroup/schemas/test-schema-basic-async54a738e0:get-id?api-version=2021-10",
      "RequestMethod": "POST",
      "RequestHeaders": {
        "Accept": "application/json",
        "Accept-Encoding": "gzip, deflate",
        "Authorization": "Sanitized",
        "Content-Length": "201",
        "Content-Type": "application/json; serialization=Avro",
        "User-Agent": "azsdk-python-azureschemaregistry/1.0.0 Python/3.9.0 (Windows-10-10.0.22000-SP0)",
        "x-ms-client-request-id": "312d4f26-9f28-11ec-9b09-f01dbca229e9"
      },
      "RequestBody": {
        "namespace": "example.avro",
        "type": "record",
        "name": "User",
        "fields": [
          {
            "name": "name",
            "type": "string"
          },
          {
            "name": "favorite_number",
            "type": [
              "int",
              "null"
            ]
          },
          {
            "name": "favorite_color",
            "type": [
              "string",
              "null"
            ]
          }
        ]
      },
      "StatusCode": 204,
      "ResponseHeaders": {
        "Content-Length": "0",
        "Date": "Tue, 08 Mar 2022 21:39:11 GMT",
        "Location": "https://fake_resource.servicebus.windows.net/$schemagroups/fakegroup/schemas/test-schema-basic-async54a738e0/versions/1?api-version=2021-10",
        "Schema-Group-Name": "fakegroup",
        "Schema-Id": "d4dd5b0869b84ac29c377d1db9163ced",
        "Schema-Id-Location": "https://fake_resource.servicebus.windows.net:443/$schemagroups/$schemas/d4dd5b0869b84ac29c377d1db9163ced?api-version=2021-10",
        "Schema-Name": "test-schema-basic-async54a738e0",
        "Schema-Version": "1",
        "Schema-Versions-Location": "https://fake_resource.servicebus.windows.net:443/$schemagroups/fakegroup/schemas/test-schema-basic-async54a738e0/versions?api-version=2021-10",
        "Server": "Microsoft-HTTPAPI/2.0",
        "Strict-Transport-Security": "max-age=31536000"
      },
      "ResponseBody": null
    }
  ],
  "Variables": {}
}
