{
  "Entries": [
    {
      "RequestUri": "https://fake_resource.servicebus.windows.net/$schemaGroups/fakegroup/schemas/test-schema-update-async907a3961?api-version=2021-10",
      "RequestMethod": "PUT",
      "RequestHeaders": {
        "Accept": "application/json",
        "Accept-Encoding": "gzip, deflate",
        "Authorization": "Sanitized",
        "Content-Length": "201",
        "Content-Type": "application/json; serialization=Avro",
        "User-Agent": "azsdk-python-azureschemaregistry/1.0.0 Python/3.9.0 (Windows-10-10.0.22000-SP0)",
        "x-ms-client-request-id": "2c58d91f-a159-11ec-b079-9c2976df0bde"
      },
      "RequestBody": {
        "namespace": "example.avro",
        "type": "record",
        "name": "User",
        "fields": [
          {
            "name": "name",
            "type": "string"
          },
          {
            "name": "favorite_number",
            "type": [
              "int",
              "null"
            ]
          },
          {
            "name": "favorite_color",
            "type": [
              "string",
              "null"
            ]
          }
        ]
      },
      "StatusCode": 204,
      "ResponseHeaders": {
        "Content-Length": "0",
        "Date": "Fri, 11 Mar 2022 16:34:50 GMT",
        "Location": "https://fake_resource.servicebus.windows.net/$schemagroups/fakegroup/schemas/test-schema-update-async907a3961/versions/1?api-version=2021-10",
        "Schema-Group-Name": "fakegroup",
        "Schema-Id": "bcb07c8021514e9bbb47faaee48a0718",
        "Schema-Id-Location": "https://fake_resource.servicebus.windows.net:443/$schemagroups/$schemas/bcb07c8021514e9bbb47faaee48a0718?api-version=2021-10",
        "Schema-Name": "test-schema-update-async907a3961",
        "Schema-Version": "1",
        "Schema-Versions-Location": "https://fake_resource.servicebus.windows.net:443/$schemagroups/fakegroup/schemas/test-schema-update-async907a3961/versions?api-version=2021-10",
        "Server": "Microsoft-HTTPAPI/2.0",
        "Strict-Transport-Security": "max-age=31536000"
      },
      "ResponseBody": null
    },
    {
      "RequestUri": "https://fake_resource.servicebus.windows.net/$schemaGroups/fakegroup/schemas/test-schema-update-async907a3961?api-version=2021-10",
      "RequestMethod": "PUT",
      "RequestHeaders": {
        "Accept": "application/json",
        "Accept-Encoding": "gzip, deflate",
        "Authorization": "Sanitized",
        "Content-Length": "200",
        "Content-Type": "application/json; serialization=Avro",
        "User-Agent": "azsdk-python-azureschemaregistry/1.0.0 Python/3.9.0 (Windows-10-10.0.22000-SP0)",
        "x-ms-client-request-id": "2cfdc214-a159-11ec-bd26-9c2976df0bde"
      },
      "RequestBody": {
        "namespace": "example.avro",
        "type": "record",
        "name": "User",
        "fields": [
          {
            "name": "name",
            "type": "string"
          },
          {
            "name": "favorite_number",
            "type": [
              "int",
              "null"
            ]
          },
          {
            "name": "favorite_food",
            "type": [
              "string",
              "null"
            ]
          }
        ]
      },
      "StatusCode": 204,
      "ResponseHeaders": {
        "Content-Length": "0",
        "Date": "Fri, 11 Mar 2022 16:34:51 GMT",
        "Location": "https://fake_resource.servicebus.windows.net/$schemagroups/fakegroup/schemas/test-schema-update-async907a3961/versions/2?api-version=2021-10",
        "Schema-Group-Name": "fakegroup",
        "Schema-Id": "d00c880797074a1b9e8c5ffdba2aeb92",
        "Schema-Id-Location": "https://fake_resource.servicebus.windows.net:443/$schemagroups/$schemas/d00c880797074a1b9e8c5ffdba2aeb92?api-version=2021-10",
        "Schema-Name": "test-schema-update-async907a3961",
        "Schema-Version": "2",
        "Schema-Versions-Location": "https://fake_resource.servicebus.windows.net:443/$schemagroups/fakegroup/schemas/test-schema-update-async907a3961/versions?api-version=2021-10",
        "Server": "Microsoft-HTTPAPI/2.0",
        "Strict-Transport-Security": "max-age=31536000"
      },
      "ResponseBody": null
    },
    {
      "RequestUri": "https://fake_resource.servicebus.windows.net/$schemaGroups/$schemas/d00c880797074a1b9e8c5ffdba2aeb92?api-version=2021-10",
      "RequestMethod": "GET",
      "RequestHeaders": {
        "Accept": "application/json; serialization=Avro",
        "Accept-Encoding": "gzip, deflate",
        "Authorization": "Sanitized",
        "User-Agent": "azsdk-python-azureschemaregistry/1.0.0 Python/3.9.0 (Windows-10-10.0.22000-SP0)",
        "x-ms-client-request-id": "2d5ab6e3-a159-11ec-a4f8-9c2976df0bde"
      },
      "RequestBody": null,
      "StatusCode": 200,
      "ResponseHeaders": {
        "Content-Type": "application/json; serialization=Avro",
        "Date": "Fri, 11 Mar 2022 16:34:51 GMT",
        "Location": "https://fake_resource.servicebus.windows.net/$schemagroups/fakegroup/schemas/test-schema-update-async907a3961/versions/2?api-version=2021-10",
        "Schema-Group-Name": "fakegroup",
        "Schema-Id": "d00c880797074a1b9e8c5ffdba2aeb92",
        "Schema-Id-Location": "https://fake_resource.servicebus.windows.net:443/$schemagroups/$schemas/d00c880797074a1b9e8c5ffdba2aeb92?api-version=2021-10",
        "Schema-Name": "test-schema-update-async907a3961",
        "Schema-Version": "2",
        "Schema-Versions-Location": "https://fake_resource.servicebus.windows.net:443/$schemagroups/fakegroup/schemas/test-schema-update-async907a3961/versions?api-version=2021-10",
        "Server": "Microsoft-HTTPAPI/2.0",
        "Strict-Transport-Security": "max-age=31536000",
        "Transfer-Encoding": "chunked"
      },
      "ResponseBody": {
        "namespace": "example.avro",
        "type": "record",
        "name": "User",
        "fields": [
          {
            "name": "name",
            "type": "string"
          },
          {
            "name": "favorite_number",
            "type": [
              "int",
              "null"
            ]
          },
          {
            "name": "favorite_food",
            "type": [
              "string",
              "null"
            ]
          }
        ]
      }
    }
  ],
  "Variables": {}
}
