interactions:
- request:
    body: '{"location": "eastus", "tags": {"tag1": "val1"}, "properties": {"sku":
      {"name": "PerNode"}, "retentionInDays": 30}}'
    headers:
      Accept:
      - application/json
      Accept-Encoding:
      - gzip, deflate
      Connection:
      - keep-alive
      Content-Length:
      - '115'
      Content-Type:
      - application/json; charset=utf-8
      User-Agent:
      - python/3.6.9 (Linux-4.9.184-linuxkit-x86_64-with-Ubuntu-18.04-bionic) msrest/0.6.10
        msrest_azure/0.6.2 azure-mgmt-loganalytics/0.2.0 Azure-SDK-For-Python
      accept-language:
      - en-US
    method: PUT
    uri: https://management.azure.com/subscriptions/00000000-0000-0000-0000-000000000000/resourcegroups/rgname/providers/Microsoft.OperationalInsights/workspaces/workspacexe69613f0?api-version=2015-11-01-preview
  response:
    body:
      string: "{\r\n  \"properties\": {\r\n    \"source\": \"Azure\",\r\n    \"customerId\"\
        : \"e962cfda-35b0-4887-8500-77755ce6efde\",\r\n    \"provisioningState\":\
        \ \"Succeeded\",\r\n    \"sku\": {\r\n      \"name\": \"pergb2018\",\r\n \
        \     \"maxCapacityReservationLevel\": 1000,\r\n      \"lastSkuUpdate\": \"\
        Tue, 19 May 2020 15:07:32 GMT\"\r\n    },\r\n    \"retentionInDays\": 30,\r\
        \n    \"features\": {\r\n      \"legacy\": 0,\r\n      \"searchVersion\":\
        \ 1,\r\n      \"enableLogAccessUsingOnlyResourcePermissions\": true\r\n  \
        \  },\r\n    \"workspaceCapping\": {\r\n      \"dailyQuotaGb\": -1.0,\r\n\
        \      \"quotaNextResetTime\": \"Wed, 20 May 2020 10:00:00 GMT\",\r\n    \
        \  \"dataIngestionStatus\": \"RespectQuota\"\r\n    },\r\n    \"publicNetworkAccessForIngestion\"\
        : \"Enabled\",\r\n    \"publicNetworkAccessForQuery\": \"Enabled\"\r\n  },\r\
        \n  \"id\": \"/subscriptions/00000000-0000-0000-0000-000000000000/resourcegroups/rgname/providers/microsoft.operationalinsights/workspaces/workspacexe69613f0\"\
        ,\r\n  \"name\": \"workspacexe69613f0\",\r\n  \"type\": \"Microsoft.OperationalInsights/workspaces\"\
        ,\r\n  \"location\": \"eastus\",\r\n  \"tags\": {\r\n    \"tag1\": \"val1\"\
        \r\n  }\r\n}"
    headers:
      cache-control:
      - no-cache
      content-length:
      - '1087'
      content-type:
      - application/json
      date:
      - Tue, 19 May 2020 16:39:06 GMT
      pragma:
      - no-cache
      server:
      - Microsoft-IIS/10.0
      - Microsoft-IIS/10.0
      strict-transport-security:
      - max-age=31536000; includeSubDomains
      transfer-encoding:
      - chunked
      vary:
      - Accept-Encoding
      x-content-type-options:
      - nosniff
      x-ms-ratelimit-remaining-subscription-writes:
      - '1199'
      x-powered-by:
      - ASP.NET
      - ASP.NET
    status:
      code: 200
      message: OK
- request:
    body: 'b''{"location": "eastus", "properties": {"description": "log alert description",
      "enabled": "true", "source": {"query": "Heartbeat | summarize AggregatedValue
      = count() by bin(TimeGenerated, 5m)", "dataSourceId": "/subscriptions/00000000-0000-0000-0000-000000000000/resourcegroups/rgname/providers/microsoft.operationalinsights/workspaces/workspacexe69613f0",
      "queryType": "ResultCount"}, "schedule": {"frequencyInMinutes": 15, "timeWindowInMinutes":
      15}, "action": {"odata.type": "Microsoft.WindowsAzure.Management.Monitoring.Alerts.Models.Microsoft.AppInsights.Nexus.DataContracts.Resources.ScheduledQueryRules.AlertingAction",
      "severity": "1", "aznsAction": {"actionGroup": [], "emailSubject": "Email Header",
      "customWebhookPayload": "{}"}, "trigger": {"thresholdOperator": "GreaterThan",
      "threshold": 3.0, "metricTrigger": {"thresholdOperator": "GreaterThan", "threshold":
      5.0, "metricTriggerType": "Consecutive", "metricColumn": "Computer"}}}}}'''
    headers:
      Accept:
      - application/json
      Accept-Encoding:
      - gzip, deflate
      Connection:
      - keep-alive
      Content-Length:
      - '996'
      Content-Type:
      - application/json
      User-Agent:
      - azsdk-python-azure-mgmt-eventhub/0.1.0 Python/3.6.9 (Linux-4.9.184-linuxkit-x86_64-with-Ubuntu-18.04-bionic)
    method: PUT
    uri: https://management.azure.com/subscriptions/00000000-0000-0000-0000-000000000000/resourcegroups/rgname/providers/microsoft.insights/scheduledQueryRules/scheduledqueryrulee69613f0?api-version=2018-04-16
  response:
    body:
      string: "{\r\n  \"id\": \"/subscriptions/00000000-0000-0000-0000-000000000000/resourceGroups/rgname/providers/microsoft.insights/scheduledqueryrules/scheduledqueryrulee69613f0\"\
        ,\r\n  \"name\": \"scheduledqueryrulee69613f0\",\r\n  \"type\": \"microsoft.insights/scheduledqueryrules\"\
        ,\r\n  \"location\": \"eastus\",\r\n  \"tags\": null,\r\n  \"kind\": null,\r\
        \n  \"etag\": \"\\\"3300e952-0000-0100-0000-5ec40bb40000\\\"\",\r\n  \"properties\"\
        : {\r\n    \"description\": \"log alert description\",\r\n    \"displayName\"\
        : \"scheduledqueryrulee69613f0\",\r\n    \"enabled\": \"true\",\r\n    \"\
        lastUpdatedTime\": \"2020-05-19T16:39:16.0488284Z\",\r\n    \"provisioningState\"\
        : \"Succeeded\",\r\n    \"source\": {\r\n      \"query\": \"Heartbeat | summarize\
        \ AggregatedValue = count() by bin(TimeGenerated, 5m)\",\r\n      \"dataSourceId\"\
        : \"/subscriptions/00000000-0000-0000-0000-000000000000/resourcegroups/rgname/providers/microsoft.operationalinsights/workspaces/workspacexe69613f0\"\
        ,\r\n      \"queryType\": \"ResultCount\"\r\n    },\r\n    \"schedule\": {\r\
        \n      \"frequencyInMinutes\": 15,\r\n      \"timeWindowInMinutes\": 15\r\
        \n    },\r\n    \"action\": {\r\n      \"severity\": \"1\",\r\n      \"aznsAction\"\
        : {\r\n        \"actionGroup\": [],\r\n        \"emailSubject\": \"Email Header\"\
        ,\r\n        \"customWebhookPayload\": \"{}\"\r\n      },\r\n      \"trigger\"\
        : {\r\n        \"thresholdOperator\": \"GreaterThan\",\r\n        \"threshold\"\
        : 3,\r\n        \"metricTrigger\": {\r\n          \"thresholdOperator\": \"\
        GreaterThan\",\r\n          \"threshold\": 5,\r\n          \"metricTriggerType\"\
        : \"Consecutive\",\r\n          \"metricColumn\": \"Computer\"\r\n       \
        \ }\r\n      },\r\n      \"odata.type\": \"Microsoft.WindowsAzure.Management.Monitoring.Alerts.Models.Microsoft.AppInsights.Nexus.DataContracts.Resources.ScheduledQueryRules.AlertingAction\"\
        \r\n    }\r\n  }\r\n}"
    headers:
      cache-control:
      - no-cache
      content-length:
      - '1782'
      content-type:
      - application/json; charset=utf-8
      date:
      - Tue, 19 May 2020 16:39:16 GMT
      expires:
      - '-1'
      pragma:
      - no-cache
      request-context:
      - appId=cid-v1:c13a1a07-630f-4f42-b89b-f5aedd031684
      server:
      - Microsoft-IIS/10.0
      strict-transport-security:
      - max-age=31536000; includeSubDomains
      x-content-type-options:
      - nosniff
      x-ms-ratelimit-remaining-subscription-writes:
      - '1198'
      x-powered-by:
      - ASP.NET
    status:
      code: 201
      message: Created
- request:
    body: null
    headers:
      Accept:
      - application/json
      Accept-Encoding:
      - gzip, deflate
      Connection:
      - keep-alive
      User-Agent:
      - azsdk-python-azure-mgmt-eventhub/0.1.0 Python/3.6.9 (Linux-4.9.184-linuxkit-x86_64-with-Ubuntu-18.04-bionic)
    method: GET
    uri: https://management.azure.com/subscriptions/00000000-0000-0000-0000-000000000000/resourcegroups/rgname/providers/microsoft.insights/scheduledQueryRules/scheduledqueryrulee69613f0?api-version=2018-04-16
  response:
    body:
      string: "{\r\n  \"id\": \"/subscriptions/00000000-0000-0000-0000-000000000000/resourceGroups/rgname/providers/microsoft.insights/scheduledqueryrules/scheduledqueryrulee69613f0\"\
        ,\r\n  \"name\": \"scheduledqueryrulee69613f0\",\r\n  \"type\": \"microsoft.insights/scheduledqueryrules\"\
        ,\r\n  \"location\": \"eastus\",\r\n  \"tags\": null,\r\n  \"kind\": null,\r\
        \n  \"etag\": \"\\\"3300e952-0000-0100-0000-5ec40bb40000\\\"\",\r\n  \"properties\"\
        : {\r\n    \"description\": \"log alert description\",\r\n    \"displayName\"\
        : \"scheduledqueryrulee69613f0\",\r\n    \"enabled\": \"true\",\r\n    \"\
        lastUpdatedTime\": \"2020-05-19T16:39:16.0488284Z\",\r\n    \"provisioningState\"\
        : \"Succeeded\",\r\n    \"source\": {\r\n      \"query\": \"Heartbeat | summarize\
        \ AggregatedValue = count() by bin(TimeGenerated, 5m)\",\r\n      \"dataSourceId\"\
        : \"/subscriptions/00000000-0000-0000-0000-000000000000/resourcegroups/rgname/providers/microsoft.operationalinsights/workspaces/workspacexe69613f0\"\
        ,\r\n      \"queryType\": \"ResultCount\"\r\n    },\r\n    \"schedule\": {\r\
        \n      \"frequencyInMinutes\": 15,\r\n      \"timeWindowInMinutes\": 15\r\
        \n    },\r\n    \"action\": {\r\n      \"severity\": \"1\",\r\n      \"aznsAction\"\
        : {\r\n        \"actionGroup\": [],\r\n        \"emailSubject\": \"Email Header\"\
        ,\r\n        \"customWebhookPayload\": \"{}\"\r\n      },\r\n      \"trigger\"\
        : {\r\n        \"thresholdOperator\": \"GreaterThan\",\r\n        \"threshold\"\
        : 3,\r\n        \"metricTrigger\": {\r\n          \"thresholdOperator\": \"\
        GreaterThan\",\r\n          \"threshold\": 5,\r\n          \"metricTriggerType\"\
        : \"Consecutive\",\r\n          \"metricColumn\": \"Computer\"\r\n       \
        \ }\r\n      },\r\n      \"odata.type\": \"Microsoft.WindowsAzure.Management.Monitoring.Alerts.Models.Microsoft.AppInsights.Nexus.DataContracts.Resources.ScheduledQueryRules.AlertingAction\"\
        \r\n    }\r\n  }\r\n}"
    headers:
      cache-control:
      - no-cache
      content-length:
      - '1782'
      content-type:
      - application/json; charset=utf-8
      date:
      - Tue, 19 May 2020 16:39:17 GMT
      expires:
      - '-1'
      pragma:
      - no-cache
      request-context:
      - appId=cid-v1:c13a1a07-630f-4f42-b89b-f5aedd031684
      server:
      - Microsoft-IIS/10.0
      strict-transport-security:
      - max-age=31536000; includeSubDomains
      transfer-encoding:
      - chunked
      vary:
      - Accept-Encoding
      x-content-type-options:
      - nosniff
      x-powered-by:
      - ASP.NET
    status:
      code: 200
      message: OK
- request:
    body: '{"properties": {"enabled": "true"}}'
    headers:
      Accept:
      - application/json
      Accept-Encoding:
      - gzip, deflate
      Connection:
      - keep-alive
      Content-Length:
      - '35'
      Content-Type:
      - application/json
      User-Agent:
      - azsdk-python-azure-mgmt-eventhub/0.1.0 Python/3.6.9 (Linux-4.9.184-linuxkit-x86_64-with-Ubuntu-18.04-bionic)
    method: PATCH
    uri: https://management.azure.com/subscriptions/00000000-0000-0000-0000-000000000000/resourcegroups/rgname/providers/microsoft.insights/scheduledQueryRules/scheduledqueryrulee69613f0?api-version=2018-04-16
  response:
    body:
      string: "{\r\n  \"id\": \"/subscriptions/00000000-0000-0000-0000-000000000000/resourceGroups/rgname/providers/microsoft.insights/scheduledqueryrules/scheduledqueryrulee69613f0\"\
        ,\r\n  \"name\": \"scheduledqueryrulee69613f0\",\r\n  \"type\": \"microsoft.insights/scheduledqueryrules\"\
        ,\r\n  \"location\": \"eastus\",\r\n  \"tags\": null,\r\n  \"kind\": null,\r\
        \n  \"etag\": \"\\\"3300ea52-0000-0100-0000-5ec40bb60000\\\"\",\r\n  \"properties\"\
        : {\r\n    \"description\": \"log alert description\",\r\n    \"displayName\"\
        : \"scheduledqueryrulee69613f0\",\r\n    \"enabled\": \"true\",\r\n    \"\
        lastUpdatedTime\": \"2020-05-19T16:39:18.6964034Z\",\r\n    \"provisioningState\"\
        : \"Succeeded\",\r\n    \"source\": {\r\n      \"query\": \"Heartbeat | summarize\
        \ AggregatedValue = count() by bin(TimeGenerated, 5m)\",\r\n      \"dataSourceId\"\
        : \"/subscriptions/00000000-0000-0000-0000-000000000000/resourcegroups/rgname/providers/microsoft.operationalinsights/workspaces/workspacexe69613f0\"\
        ,\r\n      \"queryType\": \"ResultCount\"\r\n    },\r\n    \"schedule\": {\r\
        \n      \"frequencyInMinutes\": 15,\r\n      \"timeWindowInMinutes\": 15\r\
        \n    },\r\n    \"action\": {\r\n      \"severity\": \"1\",\r\n      \"aznsAction\"\
        : {\r\n        \"actionGroup\": [],\r\n        \"emailSubject\": \"Email Header\"\
        ,\r\n        \"customWebhookPayload\": \"{}\"\r\n      },\r\n      \"trigger\"\
        : {\r\n        \"thresholdOperator\": \"GreaterThan\",\r\n        \"threshold\"\
        : 3,\r\n        \"metricTrigger\": {\r\n          \"thresholdOperator\": \"\
        GreaterThan\",\r\n          \"threshold\": 5,\r\n          \"metricTriggerType\"\
        : \"Consecutive\",\r\n          \"metricColumn\": \"Computer\"\r\n       \
        \ }\r\n      },\r\n      \"odata.type\": \"Microsoft.WindowsAzure.Management.Monitoring.Alerts.Models.Microsoft.AppInsights.Nexus.DataContracts.Resources.ScheduledQueryRules.AlertingAction\"\
        \r\n    }\r\n  }\r\n}"
    headers:
      cache-control:
      - no-cache
      content-length:
      - '1782'
      content-type:
      - application/json; charset=utf-8
      date:
      - Tue, 19 May 2020 16:39:18 GMT
      expires:
      - '-1'
      pragma:
      - no-cache
      request-context:
      - appId=cid-v1:c13a1a07-630f-4f42-b89b-f5aedd031684
      server:
      - Microsoft-IIS/10.0
      strict-transport-security:
      - max-age=31536000; includeSubDomains
      transfer-encoding:
      - chunked
      vary:
      - Accept-Encoding
      x-content-type-options:
      - nosniff
      x-ms-ratelimit-remaining-subscription-writes:
      - '1197'
      x-powered-by:
      - ASP.NET
    status:
      code: 200
      message: OK
- request:
    body: null
    headers:
      Accept:
      - '*/*'
      Accept-Encoding:
      - gzip, deflate
      Connection:
      - keep-alive
      Content-Length:
      - '0'
      User-Agent:
      - azsdk-python-azure-mgmt-eventhub/0.1.0 Python/3.6.9 (Linux-4.9.184-linuxkit-x86_64-with-Ubuntu-18.04-bionic)
    method: DELETE
    uri: https://management.azure.com/subscriptions/00000000-0000-0000-0000-000000000000/resourcegroups/rgname/providers/microsoft.insights/scheduledQueryRules/scheduledqueryrulee69613f0?api-version=2018-04-16
  response:
    body:
      string: ''
    headers:
      cache-control:
      - no-cache
      content-length:
      - '0'
      date:
      - Tue, 19 May 2020 16:39:20 GMT
      expires:
      - '-1'
      pragma:
      - no-cache
      request-context:
      - appId=cid-v1:c13a1a07-630f-4f42-b89b-f5aedd031684
      server:
      - Microsoft-IIS/10.0
      strict-transport-security:
      - max-age=31536000; includeSubDomains
      x-content-type-options:
      - nosniff
      x-ms-ratelimit-remaining-subscription-deletes:
      - '14999'
      x-powered-by:
      - ASP.NET
    status:
      code: 200
      message: OK
version: 1
