{
  "Entries": [
    {
      "RequestUri": "https://login.microsoftonline.com/00000000-0000-0000-0000-000000000000/v2.0/.well-known/openid-configuration",
      "RequestMethod": "GET",
      "RequestHeaders": {
        "Accept": "*/*",
        "Accept-Encoding": "gzip, deflate",
        "Connection": "keep-alive",
        "User-Agent": "azsdk-python-identity/1.9.0b2 Python/3.8.12 (Linux-5.13.0-1014-azure-x86_64-with-glibc2.2.5) VSTS_0fb41ef4-5012-48a9-bf39-4ee3de03ee35_build_2500_0"
      },
      "RequestBody": null,
      "StatusCode": 200,
      "ResponseHeaders": {
        "Access-Control-Allow-Methods": "GET, OPTIONS",
        "Access-Control-Allow-Origin": "*",
        "Cache-Control": "max-age=86400, private",
        "Content-Length": "1753",
        "Content-Type": "application/json; charset=utf-8",
        "Date": "Thu, 10 Mar 2022 06:08:56 GMT",
        "P3P": "CP=\u0022DSP CUR OTPi IND OTRi ONL FIN\u0022",
        "Set-Cookie": "[set-cookie;]",
        "Strict-Transport-Security": "max-age=31536000; includeSubDomains",
        "X-Content-Type-Options": "nosniff",
        "x-ms-ests-server": "2.1.12529.17 - NCUS ProdSlices",
        "x-ms-request-id": "fd3c0d01-edd5-48fb-9753-698a011bf200"
      },
      "ResponseBody": {
        "token_endpoint": "https://login.microsoftonline.com/00000000-0000-0000-0000-000000000000/oauth2/v2.0/token",
        "token_endpoint_auth_methods_supported": [
          "client_secret_post",
          "private_key_jwt",
          "client_secret_basic"
        ],
        "jwks_uri": "https://login.microsoftonline.com/00000000-0000-0000-0000-000000000000/discovery/v2.0/keys",
        "response_modes_supported": [
          "query",
          "fragment",
          "form_post"
        ],
        "subject_types_supported": [
          "pairwise"
        ],
        "id_token_signing_alg_values_supported": [
          "RS256"
        ],
        "response_types_supported": [
          "code",
          "id_token",
          "code id_token",
          "id_token token"
        ],
        "scopes_supported": [
          "openid",
          "profile",
          "email",
          "offline_access"
        ],
        "issuer": "https://login.microsoftonline.com/00000000-0000-0000-0000-000000000000/v2.0",
        "request_uri_parameter_supported": false,
        "userinfo_endpoint": "https://graph.microsoft.com/oidc/userinfo",
        "authorization_endpoint": "https://login.microsoftonline.com/00000000-0000-0000-0000-000000000000/oauth2/v2.0/authorize",
        "device_authorization_endpoint": "https://login.microsoftonline.com/00000000-0000-0000-0000-000000000000/oauth2/v2.0/devicecode",
        "http_logout_supported": true,
        "frontchannel_logout_supported": true,
        "end_session_endpoint": "https://login.microsoftonline.com/00000000-0000-0000-0000-000000000000/oauth2/v2.0/logout",
        "claims_supported": [
          "sub",
          "iss",
          "cloud_instance_name",
          "cloud_instance_host_name",
          "cloud_graph_host_name",
          "msgraph_host",
          "aud",
          "exp",
          "iat",
          "auth_time",
          "acr",
          "nonce",
          "preferred_username",
          "name",
          "tid",
          "ver",
          "at_hash",
          "c_hash",
          "email"
        ],
        "kerberos_endpoint": "https://login.microsoftonline.com/00000000-0000-0000-0000-000000000000/kerberos",
        "tenant_region_scope": "NA",
        "cloud_instance_name": "microsoftonline.com",
        "cloud_graph_host_name": "graph.windows.net",
        "msgraph_host": "graph.microsoft.com",
        "rbac_url": "https://pas.windows.net"
      }
    },
    {
      "RequestUri": "https://login.microsoftonline.com/common/discovery/instance?api-version=1.1\u0026authorization_endpoint=https://login.microsoftonline.com/common/oauth2/authorize",
      "RequestMethod": "GET",
      "RequestHeaders": {
        "Accept": "application/json",
        "Accept-Encoding": "gzip, deflate",
        "Connection": "keep-alive",
        "Cookie": "cookie;",
        "User-Agent": "azsdk-python-identity/1.9.0b2 Python/3.8.12 (Linux-5.13.0-1014-azure-x86_64-with-glibc2.2.5) VSTS_0fb41ef4-5012-48a9-bf39-4ee3de03ee35_build_2500_0"
      },
      "RequestBody": null,
      "StatusCode": 200,
      "ResponseHeaders": {
        "Access-Control-Allow-Methods": "GET, OPTIONS",
        "Access-Control-Allow-Origin": "*",
        "Cache-Control": "max-age=86400, private",
        "Content-Length": "945",
        "Content-Type": "application/json; charset=utf-8",
        "Date": "Thu, 10 Mar 2022 06:08:56 GMT",
        "P3P": "CP=\u0022DSP CUR OTPi IND OTRi ONL FIN\u0022",
        "Set-Cookie": "[set-cookie;]",
        "Strict-Transport-Security": "max-age=31536000; includeSubDomains",
        "X-Content-Type-Options": "nosniff",
        "x-ms-ests-server": "2.1.12529.17 - EUS ProdSlices",
        "x-ms-request-id": "52fff8c1-5089-4579-adc7-32703a8fb200"
      },
      "ResponseBody": {
        "tenant_discovery_endpoint": "https://login.microsoftonline.com/common/.well-known/openid-configuration",
        "api-version": "1.1",
        "metadata": [
          {
            "preferred_network": "login.microsoftonline.com",
            "preferred_cache": "login.windows.net",
            "aliases": [
              "login.microsoftonline.com",
              "login.windows.net",
              "login.microsoft.com",
              "sts.windows.net"
            ]
          },
          {
            "preferred_network": "login.partner.microsoftonline.cn",
            "preferred_cache": "login.partner.microsoftonline.cn",
            "aliases": [
              "login.partner.microsoftonline.cn",
              "login.chinacloudapi.cn"
            ]
          },
          {
            "preferred_network": "login.microsoftonline.de",
            "preferred_cache": "login.microsoftonline.de",
            "aliases": [
              "login.microsoftonline.de"
            ]
          },
          {
            "preferred_network": "login.microsoftonline.us",
            "preferred_cache": "login.microsoftonline.us",
            "aliases": [
              "login.microsoftonline.us",
              "login.usgovcloudapi.net"
            ]
          },
          {
            "preferred_network": "login-us.microsoftonline.com",
            "preferred_cache": "login-us.microsoftonline.com",
            "aliases": [
              "login-us.microsoftonline.com"
            ]
          }
        ]
      }
    },
    {
      "RequestUri": "https://login.microsoftonline.com/00000000-0000-0000-0000-000000000000/oauth2/v2.0/token",
      "RequestMethod": "POST",
      "RequestHeaders": {
        "Accept": "application/json",
        "Accept-Encoding": "gzip, deflate",
        "client-request-id": "31292ddb-d408-4322-9653-2025bcb9779f",
        "Connection": "keep-alive",
        "Content-Length": "286",
        "Content-Type": "application/x-www-form-urlencoded",
        "Cookie": "cookie;",
        "User-Agent": "azsdk-python-identity/1.9.0b2 Python/3.8.12 (Linux-5.13.0-1014-azure-x86_64-with-glibc2.2.5) VSTS_0fb41ef4-5012-48a9-bf39-4ee3de03ee35_build_2500_0",
        "x-client-cpu": "x64",
        "x-client-current-telemetry": "4|730,0|",
        "x-client-last-telemetry": "4|0|||",
        "x-client-os": "linux",
        "x-client-sku": "MSAL.Python",
        "x-client-ver": "1.17.0",
        "x-ms-lib-capability": "retry-after, h429"
      },
      "RequestBody": "client_id=00000000-0000-0000-0000-000000000000\u0026grant_type=client_credentials\u0026client_info=1\u0026client_secret=o0XWF_siD-FhI.5AE83-u0GaQHW_GP7cjy\u0026claims=%7B%22access_token%22%3A\u002B%7B%22xms_cc%22%3A\u002B%7B%22values%22%3A\u002B%5B%22CP1%22%5D%7D%7D%7D\u0026scope=https%3A%2F%2Fmanagement.azure.com%2F.default",
      "StatusCode": 200,
      "ResponseHeaders": {
        "Cache-Control": "no-store, no-cache",
        "client-request-id": "31292ddb-d408-4322-9653-2025bcb9779f",
        "Content-Length": "93",
        "Content-Type": "application/json; charset=utf-8",
        "Date": "Thu, 10 Mar 2022 06:08:56 GMT",
        "Expires": "-1",
        "P3P": "CP=\u0022DSP CUR OTPi IND OTRi ONL FIN\u0022",
        "Pragma": "no-cache",
        "Set-Cookie": "[set-cookie;]",
        "Strict-Transport-Security": "max-age=31536000; includeSubDomains",
        "X-Content-Type-Options": "nosniff",
        "x-ms-clitelem": "1,0,0,,",
        "x-ms-ests-server": "2.1.12529.17 - NCUS ProdSlices",
        "x-ms-request-id": "f512d5e9-6ff5-4af6-9ff9-6703b15c0700"
      },
      "ResponseBody": {
        "token_type": "Bearer",
        "expires_in": 3599,
        "ext_expires_in": 3599,
        "access_token": "access_token"
      }
    },
    {
      "RequestUri": "https://management.azure.com/subscriptions/00000000-0000-0000-0000-000000000000/resourcegroups/rgname/providers/Microsoft.OperationalInsights/workspaces/workspacex8b92ec1?api-version=2021-12-01-preview",
      "RequestMethod": "PUT",
      "RequestHeaders": {
        "Accept": "application/json",
        "Accept-Encoding": "gzip, deflate",
        "Authorization": "Sanitized",
        "Connection": "keep-alive",
        "Content-Length": "115",
        "Content-Type": "application/json",
        "User-Agent": "azsdk-python-mgmt-loganalytics/13.0.0b2 Python/3.8.12 (Linux-5.13.0-1014-azure-x86_64-with-glibc2.2.5) VSTS_0fb41ef4-5012-48a9-bf39-4ee3de03ee35_build_2500_0",
        "x-ms-client-request-id": "91702d1f-a038-11ec-9dd6-19f0924ea7a3"
      },
      "RequestBody": {
        "tags": {
          "tag1": "val1"
        },
        "location": "eastus",
        "properties": {
          "sku": {
            "name": "PerNode"
          },
          "retentionInDays": 30
        }
      },
      "StatusCode": 201,
      "ResponseHeaders": {
        "Cache-Control": "no-cache",
        "Content-Length": "1097",
        "Content-Type": "application/json",
        "Date": "Thu, 10 Mar 2022 06:08:57 GMT",
        "Pragma": "no-cache",
        "Server": [
          "Microsoft-IIS/10.0",
          "Microsoft-IIS/10.0"
        ],
        "Strict-Transport-Security": "max-age=31536000; includeSubDomains",
        "X-Content-Type-Options": "nosniff",
        "x-ms-correlation-request-id": "14fb01c5-774f-4e34-8b5b-ea3f47dac3e7",
        "x-ms-ratelimit-remaining-subscription-writes": "1197",
        "x-ms-request-id": "dc6fd882-9427-4323-8032-5f123f61feea",
        "x-ms-routing-request-id": "EASTUS2:20220310T060858Z:14fb01c5-774f-4e34-8b5b-ea3f47dac3e7",
        "X-Powered-By": [
          "ASP.NET",
          "ASP.NET"
        ]
      },
      "ResponseBody": {
        "properties": {
          "source": "Azure",
          "customerId": "268a410e-abcf-40e6-abfd-141dad58086a",
          "provisioningState": "Creating",
          "sku": {
            "name": "pergb2018",
            "lastSkuUpdate": "Thu, 10 Mar 2022 06:08:58 GMT"
          },
          "retentionInDays": 30,
          "features": {
            "legacy": 0,
            "searchVersion": 1,
            "enableLogAccessUsingOnlyResourcePermissions": true
          },
          "workspaceCapping": {
            "dailyQuotaGb": -1.0,
            "quotaNextResetTime": "Fri, 11 Mar 2022 02:00:00 GMT",
            "dataIngestionStatus": "RespectQuota"
          },
          "publicNetworkAccessForIngestion": "Enabled",
          "publicNetworkAccessForQuery": "Enabled",
          "createdDate": "Thu, 10 Mar 2022 06:08:58 GMT",
          "modifiedDate": "Thu, 10 Mar 2022 06:08:58 GMT"
        },
        "id": "/subscriptions/00000000-0000-0000-0000-000000000000/resourcegroups/rgname/providers/microsoft.operationalinsights/workspaces/workspacex8b92ec1",
        "name": "workspacex8b92ec1",
        "type": "Microsoft.OperationalInsights/workspaces",
        "location": "eastus",
        "tags": {
          "tag1": "val1"
        }
      }
    },
    {
      "RequestUri": "https://management.azure.com/subscriptions/00000000-0000-0000-0000-000000000000/resourcegroups/rgname/providers/Microsoft.OperationalInsights/workspaces/workspacex8b92ec1?api-version=2021-12-01-preview",
      "RequestMethod": "GET",
      "RequestHeaders": {
        "Accept": "*/*",
        "Accept-Encoding": "gzip, deflate",
        "Authorization": "Sanitized",
        "Connection": "keep-alive",
        "User-Agent": "azsdk-python-mgmt-loganalytics/13.0.0b2 Python/3.8.12 (Linux-5.13.0-1014-azure-x86_64-with-glibc2.2.5) VSTS_0fb41ef4-5012-48a9-bf39-4ee3de03ee35_build_2500_0",
        "x-ms-client-request-id": "91702d1f-a038-11ec-9dd6-19f0924ea7a3"
      },
      "RequestBody": null,
      "StatusCode": 200,
      "ResponseHeaders": {
        "Cache-Control": "no-cache",
        "Content-Encoding": "gzip",
        "Content-Type": "application/json",
        "Date": "Thu, 10 Mar 2022 06:09:28 GMT",
        "Pragma": "no-cache",
        "Server": [
          "Microsoft-IIS/10.0",
          "Microsoft-IIS/10.0"
        ],
        "Strict-Transport-Security": "max-age=31536000; includeSubDomains",
        "Transfer-Encoding": "chunked",
        "Vary": "Accept-Encoding",
        "X-Content-Type-Options": "nosniff",
        "x-ms-correlation-request-id": "0c833970-d3e8-445c-a27a-5c61285fcb67",
        "x-ms-ratelimit-remaining-subscription-reads": "11998",
        "x-ms-request-id": "4435e38f-fc5d-4049-969e-3320fe542c5d",
        "x-ms-routing-request-id": "EASTUS2:20220310T060928Z:0c833970-d3e8-445c-a27a-5c61285fcb67",
        "X-Powered-By": [
          "ASP.NET",
          "ASP.NET"
        ]
      },
      "ResponseBody": {
        "properties": {
          "source": "Azure",
          "customerId": "268a410e-abcf-40e6-abfd-141dad58086a",
          "provisioningState": "Succeeded",
          "sku": {
            "name": "pergb2018",
            "lastSkuUpdate": "Thu, 10 Mar 2022 06:08:58 GMT"
          },
          "retentionInDays": 30,
          "features": {
            "legacy": 0,
            "searchVersion": 1,
            "enableLogAccessUsingOnlyResourcePermissions": true
          },
          "workspaceCapping": {
            "dailyQuotaGb": -1.0,
            "quotaNextResetTime": "Fri, 11 Mar 2022 02:00:00 GMT",
            "dataIngestionStatus": "RespectQuota"
          },
          "publicNetworkAccessForIngestion": "Enabled",
          "publicNetworkAccessForQuery": "Enabled",
          "createdDate": "Thu, 10 Mar 2022 06:08:58 GMT",
          "modifiedDate": "Thu, 10 Mar 2022 06:08:59 GMT"
        },
        "id": "/subscriptions/00000000-0000-0000-0000-000000000000/resourcegroups/rgname/providers/microsoft.operationalinsights/workspaces/workspacex8b92ec1",
        "name": "workspacex8b92ec1",
        "type": "Microsoft.OperationalInsights/workspaces",
        "location": "eastus",
        "tags": {
          "tag1": "val1"
        }
      }
    },
    {
      "RequestUri": "https://login.microsoftonline.com/00000000-0000-0000-0000-000000000000/v2.0/.well-known/openid-configuration",
      "RequestMethod": "GET",
      "RequestHeaders": {
        "Accept": "*/*",
        "Accept-Encoding": "gzip, deflate",
        "Connection": "keep-alive",
        "User-Agent": "azsdk-python-identity/1.9.0b2 Python/3.8.12 (Linux-5.13.0-1014-azure-x86_64-with-glibc2.2.5) VSTS_0fb41ef4-5012-48a9-bf39-4ee3de03ee35_build_2500_0"
      },
      "RequestBody": null,
      "StatusCode": 200,
      "ResponseHeaders": {
        "Access-Control-Allow-Methods": "GET, OPTIONS",
        "Access-Control-Allow-Origin": "*",
        "Cache-Control": "max-age=86400, private",
        "Content-Length": "1753",
        "Content-Type": "application/json; charset=utf-8",
        "Date": "Thu, 10 Mar 2022 06:09:28 GMT",
        "P3P": "CP=\u0022DSP CUR OTPi IND OTRi ONL FIN\u0022",
        "Set-Cookie": "[set-cookie;]",
        "Strict-Transport-Security": "max-age=31536000; includeSubDomains",
        "X-Content-Type-Options": "nosniff",
        "x-ms-ests-server": "2.1.12559.4 - WUS2 ProdSlices",
        "x-ms-request-id": "5b6e400d-b530-401b-a2a7-811be3692700"
      },
      "ResponseBody": {
        "token_endpoint": "https://login.microsoftonline.com/00000000-0000-0000-0000-000000000000/oauth2/v2.0/token",
        "token_endpoint_auth_methods_supported": [
          "client_secret_post",
          "private_key_jwt",
          "client_secret_basic"
        ],
        "jwks_uri": "https://login.microsoftonline.com/00000000-0000-0000-0000-000000000000/discovery/v2.0/keys",
        "response_modes_supported": [
          "query",
          "fragment",
          "form_post"
        ],
        "subject_types_supported": [
          "pairwise"
        ],
        "id_token_signing_alg_values_supported": [
          "RS256"
        ],
        "response_types_supported": [
          "code",
          "id_token",
          "code id_token",
          "id_token token"
        ],
        "scopes_supported": [
          "openid",
          "profile",
          "email",
          "offline_access"
        ],
        "issuer": "https://login.microsoftonline.com/00000000-0000-0000-0000-000000000000/v2.0",
        "request_uri_parameter_supported": false,
        "userinfo_endpoint": "https://graph.microsoft.com/oidc/userinfo",
        "authorization_endpoint": "https://login.microsoftonline.com/00000000-0000-0000-0000-000000000000/oauth2/v2.0/authorize",
        "device_authorization_endpoint": "https://login.microsoftonline.com/00000000-0000-0000-0000-000000000000/oauth2/v2.0/devicecode",
        "http_logout_supported": true,
        "frontchannel_logout_supported": true,
        "end_session_endpoint": "https://login.microsoftonline.com/00000000-0000-0000-0000-000000000000/oauth2/v2.0/logout",
        "claims_supported": [
          "sub",
          "iss",
          "cloud_instance_name",
          "cloud_instance_host_name",
          "cloud_graph_host_name",
          "msgraph_host",
          "aud",
          "exp",
          "iat",
          "auth_time",
          "acr",
          "nonce",
          "preferred_username",
          "name",
          "tid",
          "ver",
          "at_hash",
          "c_hash",
          "email"
        ],
        "kerberos_endpoint": "https://login.microsoftonline.com/00000000-0000-0000-0000-000000000000/kerberos",
        "tenant_region_scope": "NA",
        "cloud_instance_name": "microsoftonline.com",
        "cloud_graph_host_name": "graph.windows.net",
        "msgraph_host": "graph.microsoft.com",
        "rbac_url": "https://pas.windows.net"
      }
    },
    {
      "RequestUri": "https://login.microsoftonline.com/common/discovery/instance?api-version=1.1\u0026authorization_endpoint=https://login.microsoftonline.com/common/oauth2/authorize",
      "RequestMethod": "GET",
      "RequestHeaders": {
        "Accept": "application/json",
        "Accept-Encoding": "gzip, deflate",
        "Connection": "keep-alive",
        "Cookie": "cookie;",
        "User-Agent": "azsdk-python-identity/1.9.0b2 Python/3.8.12 (Linux-5.13.0-1014-azure-x86_64-with-glibc2.2.5) VSTS_0fb41ef4-5012-48a9-bf39-4ee3de03ee35_build_2500_0"
      },
      "RequestBody": null,
      "StatusCode": 200,
      "ResponseHeaders": {
        "Access-Control-Allow-Methods": "GET, OPTIONS",
        "Access-Control-Allow-Origin": "*",
        "Cache-Control": "max-age=86400, private",
        "Content-Length": "945",
        "Content-Type": "application/json; charset=utf-8",
        "Date": "Thu, 10 Mar 2022 06:09:28 GMT",
        "P3P": "CP=\u0022DSP CUR OTPi IND OTRi ONL FIN\u0022",
        "Set-Cookie": "[set-cookie;]",
        "Strict-Transport-Security": "max-age=31536000; includeSubDomains",
        "X-Content-Type-Options": "nosniff",
        "x-ms-ests-server": "2.1.12559.4 - WUS2 ProdSlices",
        "x-ms-request-id": "ea8e0f46-8174-4fa7-89bd-df31021a2b00"
      },
      "ResponseBody": {
        "tenant_discovery_endpoint": "https://login.microsoftonline.com/common/.well-known/openid-configuration",
        "api-version": "1.1",
        "metadata": [
          {
            "preferred_network": "login.microsoftonline.com",
            "preferred_cache": "login.windows.net",
            "aliases": [
              "login.microsoftonline.com",
              "login.windows.net",
              "login.microsoft.com",
              "sts.windows.net"
            ]
          },
          {
            "preferred_network": "login.partner.microsoftonline.cn",
            "preferred_cache": "login.partner.microsoftonline.cn",
            "aliases": [
              "login.partner.microsoftonline.cn",
              "login.chinacloudapi.cn"
            ]
          },
          {
            "preferred_network": "login.microsoftonline.de",
            "preferred_cache": "login.microsoftonline.de",
            "aliases": [
              "login.microsoftonline.de"
            ]
          },
          {
            "preferred_network": "login.microsoftonline.us",
            "preferred_cache": "login.microsoftonline.us",
            "aliases": [
              "login.microsoftonline.us",
              "login.usgovcloudapi.net"
            ]
          },
          {
            "preferred_network": "login-us.microsoftonline.com",
            "preferred_cache": "login-us.microsoftonline.com",
            "aliases": [
              "login-us.microsoftonline.com"
            ]
          }
        ]
      }
    },
    {
      "RequestUri": "https://login.microsoftonline.com/00000000-0000-0000-0000-000000000000/oauth2/v2.0/token",
      "RequestMethod": "POST",
      "RequestHeaders": {
        "Accept": "application/json",
        "Accept-Encoding": "gzip, deflate",
        "client-request-id": "ed098f4e-00d7-4b4f-9944-c984df4ea504",
        "Connection": "keep-alive",
        "Content-Length": "286",
        "Content-Type": "application/x-www-form-urlencoded",
        "Cookie": "cookie;",
        "User-Agent": "azsdk-python-identity/1.9.0b2 Python/3.8.12 (Linux-5.13.0-1014-azure-x86_64-with-glibc2.2.5) VSTS_0fb41ef4-5012-48a9-bf39-4ee3de03ee35_build_2500_0",
        "x-client-cpu": "x64",
        "x-client-current-telemetry": "4|730,0|",
        "x-client-last-telemetry": "4|0|||",
        "x-client-os": "linux",
        "x-client-sku": "MSAL.Python",
        "x-client-ver": "1.17.0",
        "x-ms-lib-capability": "retry-after, h429"
      },
      "RequestBody": "client_id=00000000-0000-0000-0000-000000000000\u0026grant_type=client_credentials\u0026client_info=1\u0026client_secret=o0XWF_siD-FhI.5AE83-u0GaQHW_GP7cjy\u0026claims=%7B%22access_token%22%3A\u002B%7B%22xms_cc%22%3A\u002B%7B%22values%22%3A\u002B%5B%22CP1%22%5D%7D%7D%7D\u0026scope=https%3A%2F%2Fmanagement.azure.com%2F.default",
      "StatusCode": 200,
      "ResponseHeaders": {
        "Cache-Control": "no-store, no-cache",
        "client-request-id": "ed098f4e-00d7-4b4f-9944-c984df4ea504",
        "Content-Length": "93",
        "Content-Type": "application/json; charset=utf-8",
        "Date": "Thu, 10 Mar 2022 06:09:29 GMT",
        "Expires": "-1",
        "P3P": "CP=\u0022DSP CUR OTPi IND OTRi ONL FIN\u0022",
        "Pragma": "no-cache",
        "Set-Cookie": "[set-cookie;]",
        "Strict-Transport-Security": "max-age=31536000; includeSubDomains",
        "X-Content-Type-Options": "nosniff",
        "x-ms-clitelem": "1,0,0,,",
        "x-ms-ests-server": "2.1.12529.17 - SCUS ProdSlices",
        "x-ms-request-id": "13b7aa26-7cb1-4016-a1d6-25f4cb3e3c01"
      },
      "ResponseBody": {
        "token_type": "Bearer",
        "expires_in": 3599,
        "ext_expires_in": 3599,
        "access_token": "access_token"
      }
    },
    {
      "RequestUri": "https://management.azure.com/subscriptions/00000000-0000-0000-0000-000000000000/resourcegroups/rgname/providers/Microsoft.Insights/scheduledQueryRules/scheduledqueryrule8b92ec1?api-version=2018-04-16",
      "RequestMethod": "PUT",
      "RequestHeaders": {
        "Accept": "application/json",
        "Accept-Encoding": "gzip, deflate",
        "Authorization": "Sanitized",
        "Connection": "keep-alive",
        "Content-Length": "945",
        "Content-Type": "application/json",
        "User-Agent": "azsdk-python-azure-mgmt-monitor/3.1.0 Python/3.8.12 (Linux-5.13.0-1014-azure-x86_64-with-glibc2.2.5) VSTS_0fb41ef4-5012-48a9-bf39-4ee3de03ee35_build_2500_0",
        "x-ms-client-request-id": "a50cd232-a038-11ec-9dd6-19f0924ea7a3"
      },
      "RequestBody": {
        "location": "eastus",
        "properties": {
          "description": "log alert description",
          "enabled": "true",
          "source": {
            "query": "Heartbeat | summarize AggregatedValue = count() by bin(TimeGenerated, 5m)",
            "dataSourceId": "/subscriptions/00000000-0000-0000-0000-000000000000/resourcegroups/rgname/providers/microsoft.operationalinsights/workspaces/workspacex8b92ec1",
            "queryType": "ResultCount"
          },
          "schedule": {
            "frequencyInMinutes": 15,
            "timeWindowInMinutes": 15
          },
          "action": {
            "odata.type": "Microsoft.WindowsAzure.Management.Monitoring.Alerts.Models.Microsoft.AppInsights.Nexus.DataContracts.Resources.ScheduledQueryRules.AlertingAction",
            "severity": "1",
            "aznsAction": {
              "actionGroup": [],
              "emailSubject": "Email Header",
              "customWebhookPayload": "{}"
            },
            "trigger": {
              "thresholdOperator": "GreaterThan",
              "threshold": 3.0,
              "metricTrigger": {
                "thresholdOperator": "GreaterThan",
                "threshold": 5.0,
                "metricTriggerType": "Consecutive",
                "metricColumn": "Computer"
              }
            }
          }
        }
      },
      "StatusCode": 201,
      "ResponseHeaders": {
        "Cache-Control": "no-cache",
        "Content-Length": "1301",
        "Content-Type": "application/json; charset=utf-8",
        "Date": "Thu, 10 Mar 2022 06:09:31 GMT",
        "Expires": "-1",
        "Pragma": "no-cache",
        "Server": "Kestrel",
        "Strict-Transport-Security": "max-age=31536000; includeSubDomains",
        "X-Content-Type-Options": "nosniff",
        "x-ms-correlation-request-id": "90ca299e-8a90-43d4-84a9-f3e2934b1493",
        "x-ms-ratelimit-remaining-subscription-writes": "1196",
        "x-ms-request-id": "90ca299e-8a90-43d4-84a9-f3e2934b1493",
        "x-ms-routing-request-id": "EASTUS2:20220310T060931Z:90ca299e-8a90-43d4-84a9-f3e2934b1493",
        "X-Rate-Limit-Limit": "1m",
        "X-Rate-Limit-Remaining": "14",
        "X-Rate-Limit-Reset": "2022-03-10T06:10:29.4020256Z"
      },
      "ResponseBody": {
        "id": "/subscriptions/00000000-0000-0000-0000-000000000000/resourceGroups/rgname/providers/microsoft.insights/scheduledqueryrules/scheduledqueryrule8b92ec1",
        "name": "scheduledqueryrule8b92ec1",
        "type": "microsoft.insights/scheduledqueryrules",
        "location": "eastus",
        "etag": "\u00220100a11f-0000-0d00-0000-6229961b0000\u0022",
        "properties": {
          "description": "log alert description",
          "displayName": "scheduledqueryrule8b92ec1",
          "enabled": "true",
          "lastUpdatedTime": "2022-03-10T06:09:31Z",
          "provisioningState": "Succeeded",
          "source": {
            "query": "Heartbeat | summarize AggregatedValue = count() by bin(TimeGenerated, 5m)",
            "dataSourceId": "/subscriptions/00000000-0000-0000-0000-000000000000/resourcegroups/rgname/providers/microsoft.operationalinsights/workspaces/workspacex8b92ec1",
            "queryType": "ResultCount"
          },
          "schedule": {
            "frequencyInMinutes": 15,
            "timeWindowInMinutes": 15
          },
          "action": {
            "severity": "1",
            "aznsAction": {
              "actionGroup": [],
              "emailSubject": "Email Header",
              "customWebhookPayload": "{}"
            },
            "trigger": {
              "thresholdOperator": "GreaterThan",
              "threshold": 3,
              "metricTrigger": {
                "thresholdOperator": "GreaterThan",
                "threshold": 5,
                "metricTriggerType": "Consecutive",
                "metricColumn": "Computer"
              }
            },
            "odata.type": "Microsoft.WindowsAzure.Management.Monitoring.Alerts.Models.Microsoft.AppInsights.Nexus.DataContracts.Resources.ScheduledQueryRules.AlertingAction"
          }
        }
      }
    },
    {
      "RequestUri": "https://management.azure.com/subscriptions/00000000-0000-0000-0000-000000000000/resourcegroups/rgname/providers/Microsoft.Insights/scheduledQueryRules/scheduledqueryrule8b92ec1?api-version=2018-04-16",
      "RequestMethod": "GET",
      "RequestHeaders": {
        "Accept": "application/json",
        "Accept-Encoding": "gzip, deflate",
        "Authorization": "Sanitized",
        "Connection": "keep-alive",
        "User-Agent": "azsdk-python-azure-mgmt-monitor/3.1.0 Python/3.8.12 (Linux-5.13.0-1014-azure-x86_64-with-glibc2.2.5) VSTS_0fb41ef4-5012-48a9-bf39-4ee3de03ee35_build_2500_0",
        "x-ms-client-request-id": "a6b7568e-a038-11ec-9dd6-19f0924ea7a3"
      },
      "RequestBody": null,
      "StatusCode": 200,
      "ResponseHeaders": {
        "Cache-Control": "no-cache",
        "Content-Encoding": "gzip",
        "Content-Type": "application/json; charset=utf-8",
        "Date": "Thu, 10 Mar 2022 06:09:31 GMT",
        "Expires": "-1",
        "Pragma": "no-cache",
        "Server": "Kestrel",
        "Strict-Transport-Security": "max-age=31536000; includeSubDomains",
        "Transfer-Encoding": "chunked",
        "Vary": "Accept-Encoding",
        "X-Content-Type-Options": "nosniff",
        "x-ms-correlation-request-id": "005ff0c7-eb22-46e6-b331-48fb99465009",
        "x-ms-ratelimit-remaining-subscription-reads": "11997",
        "x-ms-request-id": "005ff0c7-eb22-46e6-b331-48fb99465009",
        "x-ms-routing-request-id": "EASTUS2:20220310T060931Z:005ff0c7-eb22-46e6-b331-48fb99465009",
        "X-Rate-Limit-Limit": "1m",
        "X-Rate-Limit-Remaining": "49",
        "X-Rate-Limit-Reset": "2022-03-10T06:10:31.7526708Z"
      },
      "ResponseBody": {
        "id": "/subscriptions/00000000-0000-0000-0000-000000000000/resourceGroups/rgname/providers/microsoft.insights/scheduledqueryrules/scheduledqueryrule8b92ec1",
        "name": "scheduledqueryrule8b92ec1",
        "type": "microsoft.insights/scheduledqueryrules",
        "location": "eastus",
        "etag": "\u00220100a11f-0000-0d00-0000-6229961b0000\u0022",
        "properties": {
          "description": "log alert description",
          "displayName": "scheduledqueryrule8b92ec1",
          "enabled": "true",
          "lastUpdatedTime": "2022-03-10T06:09:31Z",
          "provisioningState": "Succeeded",
          "source": {
            "query": "Heartbeat | summarize AggregatedValue = count() by bin(TimeGenerated, 5m)",
            "dataSourceId": "/subscriptions/00000000-0000-0000-0000-000000000000/resourcegroups/rgname/providers/microsoft.operationalinsights/workspaces/workspacex8b92ec1",
            "queryType": "ResultCount"
          },
          "schedule": {
            "frequencyInMinutes": 15,
            "timeWindowInMinutes": 15
          },
          "action": {
            "severity": "1",
            "aznsAction": {
              "actionGroup": [],
              "emailSubject": "Email Header",
              "customWebhookPayload": "{}"
            },
            "trigger": {
              "thresholdOperator": "GreaterThan",
              "threshold": 3,
              "metricTrigger": {
                "thresholdOperator": "GreaterThan",
                "threshold": 5,
                "metricTriggerType": "Consecutive",
                "metricColumn": "Computer"
              }
            },
            "odata.type": "Microsoft.WindowsAzure.Management.Monitoring.Alerts.Models.Microsoft.AppInsights.Nexus.DataContracts.Resources.ScheduledQueryRules.AlertingAction"
          }
        }
      }
    },
    {
      "RequestUri": "https://management.azure.com/subscriptions/00000000-0000-0000-0000-000000000000/resourcegroups/rgname/providers/Microsoft.Insights/scheduledQueryRules/scheduledqueryrule8b92ec1?api-version=2018-04-16",
      "RequestMethod": "PATCH",
      "RequestHeaders": {
        "Accept": "application/json",
        "Accept-Encoding": "gzip, deflate",
        "Authorization": "Sanitized",
        "Connection": "keep-alive",
        "Content-Length": "35",
        "Content-Type": "application/json",
        "User-Agent": "azsdk-python-azure-mgmt-monitor/3.1.0 Python/3.8.12 (Linux-5.13.0-1014-azure-x86_64-with-glibc2.2.5) VSTS_0fb41ef4-5012-48a9-bf39-4ee3de03ee35_build_2500_0",
        "x-ms-client-request-id": "a6b7568f-a038-11ec-9dd6-19f0924ea7a3"
      },
      "RequestBody": {
        "properties": {
          "enabled": "true"
        }
      },
      "StatusCode": 200,
      "ResponseHeaders": {
        "Cache-Control": "no-cache",
        "Content-Encoding": "gzip",
        "Content-Type": "application/json; charset=utf-8",
        "Date": "Thu, 10 Mar 2022 06:09:32 GMT",
        "Expires": "-1",
        "Pragma": "no-cache",
        "Server": "Kestrel",
        "Strict-Transport-Security": "max-age=31536000; includeSubDomains",
        "Transfer-Encoding": "chunked",
        "Vary": "Accept-Encoding",
        "X-Content-Type-Options": "nosniff",
        "x-ms-correlation-request-id": "356aaf15-4ba7-4e26-9bc0-3db5933ddee4",
        "x-ms-ratelimit-remaining-subscription-writes": "1195",
        "x-ms-request-id": "356aaf15-4ba7-4e26-9bc0-3db5933ddee4",
        "x-ms-routing-request-id": "EASTUS2:20220310T060932Z:356aaf15-4ba7-4e26-9bc0-3db5933ddee4"
      },
      "ResponseBody": {
        "id": "/subscriptions/00000000-0000-0000-0000-000000000000/resourceGroups/rgname/providers/microsoft.insights/scheduledqueryrules/scheduledqueryrule8b92ec1",
        "name": "scheduledqueryrule8b92ec1",
        "type": "microsoft.insights/scheduledqueryrules",
        "location": "eastus",
        "etag": "\u00220100a71f-0000-0d00-0000-6229961c0000\u0022",
        "properties": {
          "description": "log alert description",
          "displayName": "scheduledqueryrule8b92ec1",
          "enabled": "true",
          "lastUpdatedTime": "2022-03-10T06:09:32Z",
          "provisioningState": "Succeeded",
          "source": {
            "query": "Heartbeat | summarize AggregatedValue = count() by bin(TimeGenerated, 5m)",
            "dataSourceId": "/subscriptions/00000000-0000-0000-0000-000000000000/resourcegroups/rgname/providers/microsoft.operationalinsights/workspaces/workspacex8b92ec1",
            "queryType": "ResultCount"
          },
          "schedule": {
            "frequencyInMinutes": 15,
            "timeWindowInMinutes": 15
          },
          "action": {
            "severity": "1",
            "aznsAction": {
              "actionGroup": [],
              "emailSubject": "Email Header",
              "customWebhookPayload": "{}"
            },
            "trigger": {
              "thresholdOperator": "GreaterThan",
              "threshold": 3,
              "metricTrigger": {
                "thresholdOperator": "GreaterThan",
                "threshold": 5,
                "metricTriggerType": "Consecutive",
                "metricColumn": "Computer"
              }
            },
            "odata.type": "Microsoft.WindowsAzure.Management.Monitoring.Alerts.Models.Microsoft.AppInsights.Nexus.DataContracts.Resources.ScheduledQueryRules.AlertingAction"
          }
        }
      }
    },
    {
      "RequestUri": "https://management.azure.com/subscriptions/00000000-0000-0000-0000-000000000000/resourcegroups/rgname/providers/Microsoft.Insights/scheduledQueryRules/scheduledqueryrule8b92ec1?api-version=2018-04-16",
      "RequestMethod": "DELETE",
      "RequestHeaders": {
        "Accept": "application/json",
        "Accept-Encoding": "gzip, deflate",
        "Authorization": "Sanitized",
        "Connection": "keep-alive",
        "Content-Length": "0",
        "User-Agent": "azsdk-python-azure-mgmt-monitor/3.1.0 Python/3.8.12 (Linux-5.13.0-1014-azure-x86_64-with-glibc2.2.5) VSTS_0fb41ef4-5012-48a9-bf39-4ee3de03ee35_build_2500_0",
        "x-ms-client-request-id": "a6b75690-a038-11ec-9dd6-19f0924ea7a3"
      },
      "RequestBody": null,
      "StatusCode": 200,
      "ResponseHeaders": {
        "Cache-Control": "no-cache",
        "Content-Length": "0",
        "Date": "Thu, 10 Mar 2022 06:09:34 GMT",
        "Expires": "-1",
        "Pragma": "no-cache",
        "Server": "Kestrel",
        "Strict-Transport-Security": "max-age=31536000; includeSubDomains",
        "X-Content-Type-Options": "nosniff",
        "x-ms-correlation-request-id": "06e1b675-32fb-4e63-914a-8352a08517b4",
        "x-ms-ratelimit-remaining-subscription-deletes": "14998",
        "x-ms-request-id": "06e1b675-32fb-4e63-914a-8352a08517b4",
        "x-ms-routing-request-id": "EASTUS2:20220310T060934Z:06e1b675-32fb-4e63-914a-8352a08517b4"
      },
      "ResponseBody": null
    }
  ],
  "Variables": {}
}
