interactions:
- request:
    body: '{"sku": {"name": "Standard_LRS"}, "kind": "Storage", "location": "eastus"}'
    headers:
      Accept:
      - application/json
      Accept-Encoding:
      - gzip, deflate
      Connection:
      - keep-alive
      Content-Length:
      - '74'
      Content-Type:
      - application/json; charset=utf-8
      User-Agent:
      - python/3.6.9 (Linux-4.9.184-linuxkit-x86_64-with-Ubuntu-18.04-bionic) msrest/0.6.10
        msrest_azure/0.6.2 azure-mgmt-storage/5.0.0 Azure-SDK-For-Python
      accept-language:
      - en-US
    method: PUT
    uri: https://management.azure.com/subscriptions/00000000-0000-0000-0000-000000000000/resourceGroups/rgname/providers/Microsoft.Storage/storageAccounts/storageaccountxf7e318f9?api-version=2019-04-01
  response:
    body:
      string: ''
    headers:
      cache-control:
      - no-cache
      content-length:
      - '0'
      content-type:
      - text/plain; charset=utf-8
      date:
      - Wed, 16 Sep 2020 03:32:22 GMT
      expires:
      - '-1'
      location:
      - https://management.azure.com/subscriptions/00000000-0000-0000-0000-000000000000/providers/Microsoft.Storage/locations/eastus/asyncoperations/c7d2644c-2d52-41d4-9d7d-0ac14a8f542f?monitor=true&api-version=2019-04-01
      pragma:
      - no-cache
      server:
      - Microsoft-Azure-Storage-Resource-Provider/1.0,Microsoft-HTTPAPI/2.0 Microsoft-HTTPAPI/2.0
      strict-transport-security:
      - max-age=31536000; includeSubDomains
      x-content-type-options:
      - nosniff
      x-ms-ratelimit-remaining-subscription-writes:
      - '1195'
    status:
      code: 202
      message: Accepted
- request:
    body: null
    headers:
      Accept:
      - application/json
      Accept-Encoding:
      - gzip, deflate
      Connection:
      - keep-alive
      User-Agent:
      - python/3.6.9 (Linux-4.9.184-linuxkit-x86_64-with-Ubuntu-18.04-bionic) msrest/0.6.10
        msrest_azure/0.6.2 azure-mgmt-storage/5.0.0 Azure-SDK-For-Python
    method: GET
    uri: https://management.azure.com/subscriptions/00000000-0000-0000-0000-000000000000/providers/Microsoft.Storage/locations/eastus/asyncoperations/c7d2644c-2d52-41d4-9d7d-0ac14a8f542f?monitor=true&api-version=2019-04-01
  response:
    body:
      string: '{"sku":{"name":"Standard_LRS","tier":"Standard"},"kind":"Storage","id":"/subscriptions/00000000-0000-0000-0000-000000000000/resourceGroups/rgname/providers/Microsoft.Storage/storageAccounts/storageaccountxf7e318f9","name":"storageaccountxf7e318f9","type":"Microsoft.Storage/storageAccounts","location":"eastus","tags":{},"properties":{"networkAcls":{"bypass":"AzureServices","virtualNetworkRules":[],"ipRules":[],"defaultAction":"Allow"},"supportsHttpsTrafficOnly":true,"encryption":{"services":{"file":{"enabled":true,"lastEnabledTime":"2020-09-16T03:32:22.0927868Z"},"blob":{"enabled":true,"lastEnabledTime":"2020-09-16T03:32:22.0927868Z"}},"keySource":"Microsoft.Storage"},"provisioningState":"Succeeded","creationTime":"2020-09-16T03:32:21.9990807Z","primaryEndpoints":{"blob":"https://storageaccountxf7e318f9.blob.core.windows.net/","queue":"https://storageaccountxf7e318f9.queue.core.windows.net/","table":"https://storageaccountxf7e318f9.table.core.windows.net/","file":"https://storageaccountxf7e318f9.file.core.windows.net/"},"primaryLocation":"eastus","statusOfPrimary":"available"}}'
    headers:
      cache-control:
      - no-cache
      content-length:
      - '1162'
      content-type:
      - application/json
      date:
      - Wed, 16 Sep 2020 03:32:40 GMT
      expires:
      - '-1'
      pragma:
      - no-cache
      server:
      - Microsoft-Azure-Storage-Resource-Provider/1.0,Microsoft-HTTPAPI/2.0 Microsoft-HTTPAPI/2.0
      strict-transport-security:
      - max-age=31536000; includeSubDomains
      transfer-encoding:
      - chunked
      vary:
      - Accept-Encoding
      x-content-type-options:
      - nosniff
    status:
      code: 200
      message: OK
- request:
    body: '{"location": "eastus", "tags": {"tag1": "value1", "tag2": "value2"}, "sku":
      {"name": "Standard", "tier": "Standard"}}'
    headers:
      Accept:
      - application/json
      Accept-Encoding:
      - gzip, deflate
      Connection:
      - keep-alive
      Content-Length:
      - '117'
      Content-Type:
      - application/json; charset=utf-8
      User-Agent:
      - python/3.6.9 (Linux-4.9.184-linuxkit-x86_64-with-Ubuntu-18.04-bionic) msrest/0.6.10
        msrest_azure/0.6.2 azure-mgmt-eventhub/2.6.0 Azure-SDK-For-Python
      accept-language:
      - en-US
    method: PUT
    uri: https://management.azure.com/subscriptions/00000000-0000-0000-0000-000000000000/resourceGroups/rgname/providers/Microsoft.EventHub/namespaces/namespacexf7e318f9?api-version=2017-04-01
  response:
    body:
      string: '{"sku":{"name":"Standard","tier":"Standard","capacity":1},"id":"/subscriptions/00000000-0000-0000-0000-000000000000/resourceGroups/rgname/providers/Microsoft.EventHub/namespaces/namespacexf7e318f9","name":"namespacexf7e318f9","type":"Microsoft.EventHub/Namespaces","location":"East
        US","tags":{"tag1":"value1","tag2":"value2"},"properties":{"isAutoInflateEnabled":false,"maximumThroughputUnits":0,"kafkaEnabled":true,"provisioningState":"Created","metricId":"00000000-0000-0000-0000-000000000000:namespacexf7e318f9","createdAt":"2020-09-16T03:32:46.977Z","updatedAt":"2020-09-16T03:32:46.977Z","serviceBusEndpoint":"https://namespacexf7e318f9.servicebus.windows.net:443/","status":"Activating"}}'
    headers:
      cache-control:
      - no-cache
      content-length:
      - '764'
      content-type:
      - application/json; charset=utf-8
      date:
      - Wed, 16 Sep 2020 03:32:48 GMT
      expires:
      - '-1'
      pragma:
      - no-cache
      server:
      - Service-Bus-Resource-Provider/CH3
      - Microsoft-HTTPAPI/2.0
      server-sb:
      - Service-Bus-Resource-Provider/CH3
      strict-transport-security:
      - max-age=31536000; includeSubDomains
      transfer-encoding:
      - chunked
      vary:
      - Accept-Encoding
      x-content-type-options:
      - nosniff
      x-ms-ratelimit-remaining-subscription-resource-requests:
      - '47'
    status:
      code: 200
      message: OK
- request:
    body: null
    headers:
      Accept:
      - application/json
      Accept-Encoding:
      - gzip, deflate
      Connection:
      - keep-alive
      User-Agent:
      - python/3.6.9 (Linux-4.9.184-linuxkit-x86_64-with-Ubuntu-18.04-bionic) msrest/0.6.10
        msrest_azure/0.6.2 azure-mgmt-eventhub/2.6.0 Azure-SDK-For-Python
    method: GET
    uri: https://management.azure.com/subscriptions/00000000-0000-0000-0000-000000000000/resourceGroups/rgname/providers/Microsoft.EventHub/namespaces/namespacexf7e318f9?api-version=2017-04-01
  response:
    body:
      string: '{"sku":{"name":"Standard","tier":"Standard","capacity":1},"id":"/subscriptions/00000000-0000-0000-0000-000000000000/resourceGroups/rgname/providers/Microsoft.EventHub/namespaces/namespacexf7e318f9","name":"namespacexf7e318f9","type":"Microsoft.EventHub/Namespaces","location":"East
        US","tags":{"tag1":"value1","tag2":"value2"},"properties":{"isAutoInflateEnabled":false,"maximumThroughputUnits":0,"kafkaEnabled":true,"provisioningState":"Created","metricId":"00000000-0000-0000-0000-000000000000:namespacexf7e318f9","createdAt":"2020-09-16T03:32:46.977Z","updatedAt":"2020-09-16T03:32:46.977Z","serviceBusEndpoint":"https://namespacexf7e318f9.servicebus.windows.net:443/","status":"Activating"}}'
    headers:
      cache-control:
      - no-cache
      content-length:
      - '764'
      content-type:
      - application/json; charset=utf-8
      date:
      - Wed, 16 Sep 2020 03:33:19 GMT
      expires:
      - '-1'
      pragma:
      - no-cache
      server:
      - Service-Bus-Resource-Provider/CH3
      - Microsoft-HTTPAPI/2.0
      server-sb:
      - Service-Bus-Resource-Provider/CH3
      strict-transport-security:
      - max-age=31536000; includeSubDomains
      transfer-encoding:
      - chunked
      vary:
      - Accept-Encoding
      x-content-type-options:
      - nosniff
    status:
      code: 200
      message: OK
- request:
    body: null
    headers:
      Accept:
      - application/json
      Accept-Encoding:
      - gzip, deflate
      Connection:
      - keep-alive
      User-Agent:
      - python/3.6.9 (Linux-4.9.184-linuxkit-x86_64-with-Ubuntu-18.04-bionic) msrest/0.6.10
        msrest_azure/0.6.2 azure-mgmt-eventhub/2.6.0 Azure-SDK-For-Python
    method: GET
    uri: https://management.azure.com/subscriptions/00000000-0000-0000-0000-000000000000/resourceGroups/rgname/providers/Microsoft.EventHub/namespaces/namespacexf7e318f9?api-version=2017-04-01
  response:
    body:
      string: '{"sku":{"name":"Standard","tier":"Standard","capacity":1},"id":"/subscriptions/00000000-0000-0000-0000-000000000000/resourceGroups/rgname/providers/Microsoft.EventHub/namespaces/namespacexf7e318f9","name":"namespacexf7e318f9","type":"Microsoft.EventHub/Namespaces","location":"East
        US","tags":{"tag1":"value1","tag2":"value2"},"properties":{"isAutoInflateEnabled":false,"maximumThroughputUnits":0,"kafkaEnabled":true,"provisioningState":"Succeeded","metricId":"00000000-0000-0000-0000-000000000000:namespacexf7e318f9","createdAt":"2020-09-16T03:32:46.977Z","updatedAt":"2020-09-16T03:33:36.487Z","serviceBusEndpoint":"https://namespacexf7e318f9.servicebus.windows.net:443/","status":"Active"}}'
    headers:
      cache-control:
      - no-cache
      content-length:
      - '762'
      content-type:
      - application/json; charset=utf-8
      date:
      - Wed, 16 Sep 2020 03:33:50 GMT
      expires:
      - '-1'
      pragma:
      - no-cache
      server:
      - Service-Bus-Resource-Provider/CH3
      - Microsoft-HTTPAPI/2.0
      server-sb:
      - Service-Bus-Resource-Provider/CH3
      strict-transport-security:
      - max-age=31536000; includeSubDomains
      transfer-encoding:
      - chunked
      vary:
      - Accept-Encoding
      x-content-type-options:
      - nosniff
    status:
      code: 200
      message: OK
- request:
    body: '{"properties": {"rights": ["Listen", "Send", "Manage"]}}'
    headers:
      Accept:
      - application/json
      Accept-Encoding:
      - gzip, deflate
      Connection:
      - keep-alive
      Content-Length:
      - '56'
      Content-Type:
      - application/json; charset=utf-8
      User-Agent:
      - python/3.6.9 (Linux-4.9.184-linuxkit-x86_64-with-Ubuntu-18.04-bionic) msrest/0.6.10
        msrest_azure/0.6.2 azure-mgmt-eventhub/2.6.0 Azure-SDK-For-Python
      accept-language:
      - en-US
    method: PUT
    uri: https://management.azure.com/subscriptions/00000000-0000-0000-0000-000000000000/resourceGroups/rgname/providers/Microsoft.EventHub/namespaces/namespacexf7e318f9/AuthorizationRules/authorizationrulexf7e318f9?api-version=2017-04-01
  response:
    body:
      string: '{"id":"/subscriptions/00000000-0000-0000-0000-000000000000/resourceGroups/rgname/providers/Microsoft.EventHub/namespaces/namespacexf7e318f9/AuthorizationRules/authorizationrulexf7e318f9","name":"authorizationrulexf7e318f9","type":"Microsoft.EventHub/Namespaces/AuthorizationRules","location":"East
        US","properties":{"rights":["Listen","Send","Manage"]}}'
    headers:
      cache-control:
      - no-cache
      content-length:
      - '422'
      content-type:
      - application/json; charset=utf-8
      date:
      - Wed, 16 Sep 2020 03:33:58 GMT
      expires:
      - '-1'
      pragma:
      - no-cache
      server:
      - Service-Bus-Resource-Provider/CH3
      - Microsoft-HTTPAPI/2.0
      server-sb:
      - Service-Bus-Resource-Provider/CH3
      strict-transport-security:
      - max-age=31536000; includeSubDomains
      transfer-encoding:
      - chunked
      vary:
      - Accept-Encoding
      x-content-type-options:
      - nosniff
      x-ms-ratelimit-remaining-subscription-writes:
      - '1196'
    status:
      code: 200
      message: OK
- request:
    body: 'b''b\''{"properties": {"messageRetentionInDays": 4, "partitionCount": 4,
      "status": "Active", "captureDescription": {"enabled": true, "encoding": "Avro",
      "intervalInSeconds": 120, "sizeLimitInBytes": 10485763, "destination": {"name":
      "EventHubArchive.AzureBlockBlob", "properties": {"storageAccountResourceId":
      "/subscriptions/00000000-0000-0000-0000-000000000000/resourceGroups/rgname/providers/Microsoft.Storage/storageAccounts/storageaccountxf7e318f9",
      "blobContainer": "container", "archiveNameFormat": "{Namespace}/{EventHub}/{PartitionId}/{Year}/{Month}/{Day}/{Hour}/{Minute}/{Second}"}}}}}\'''''
    headers:
      Accept:
      - application/json
      Accept-Encoding:
      - gzip, deflate
      Connection:
      - keep-alive
      Content-Length:
      - '657'
      Content-Type:
      - application/json; charset=utf-8
      User-Agent:
      - python/3.6.9 (Linux-4.9.184-linuxkit-x86_64-with-Ubuntu-18.04-bionic) msrest/0.6.10
        msrest_azure/0.6.2 azure-mgmt-eventhub/2.6.0 Azure-SDK-For-Python
      accept-language:
      - en-US
    method: PUT
    uri: https://management.azure.com/subscriptions/00000000-0000-0000-0000-000000000000/resourceGroups/rgname/providers/Microsoft.EventHub/namespaces/namespacexf7e318f9/eventhubs/eventhubxf7e318f9?api-version=2017-04-01
  response:
    body:
      string: '{"id":"/subscriptions/00000000-0000-0000-0000-000000000000/resourceGroups/rgname/providers/Microsoft.EventHub/namespaces/namespacexf7e318f9/eventhubs/eventhubxf7e318f9","name":"eventhubxf7e318f9","type":"Microsoft.EventHub/Namespaces/EventHubs","location":"East
        US","properties":{"messageRetentionInDays":4,"partitionCount":4,"status":"Active","createdAt":"2020-09-16T03:34:11.863Z","updatedAt":"2020-09-16T03:34:12.86Z","partitionIds":["0","1","2","3"],"captureDescription":{"enabled":true,"encoding":"Avro","destination":{"name":"EventHubArchive.AzureBlockBlob","properties":{"storageAccountResourceId":"/subscriptions/00000000-0000-0000-0000-000000000000/resourceGroups/rgname/providers/Microsoft.Storage/storageAccounts/storageaccountxf7e318f9","blobContainer":"container","archiveNameFormat":"{Namespace}/{EventHub}/{PartitionId}/{Year}/{Month}/{Day}/{Hour}/{Minute}/{Second}"}},"intervalInSeconds":120,"sizeLimitInBytes":10485763}}}'
    headers:
      cache-control:
      - no-cache
      content-length:
      - '1076'
      content-type:
      - application/json; charset=utf-8
      date:
      - Wed, 16 Sep 2020 03:34:13 GMT
      expires:
      - '-1'
      pragma:
      - no-cache
      server:
      - Service-Bus-Resource-Provider/CH3
      - Microsoft-HTTPAPI/2.0
      server-sb:
      - Service-Bus-Resource-Provider/CH3
      strict-transport-security:
      - max-age=31536000; includeSubDomains
      transfer-encoding:
      - chunked
      vary:
      - Accept-Encoding
      x-content-type-options:
      - nosniff
      x-ms-ratelimit-remaining-subscription-writes:
      - '1198'
    status:
      code: 200
      message: OK
- request:
    body: '{"properties": {"rights": ["Listen", "Send", "Manage"]}}'
    headers:
      Accept:
      - application/json
      Accept-Encoding:
      - gzip, deflate
      Connection:
      - keep-alive
      Content-Length:
      - '56'
      Content-Type:
      - application/json; charset=utf-8
      User-Agent:
      - python/3.6.9 (Linux-4.9.184-linuxkit-x86_64-with-Ubuntu-18.04-bionic) msrest/0.6.10
        msrest_azure/0.6.2 azure-mgmt-eventhub/2.6.0 Azure-SDK-For-Python
      accept-language:
      - en-US
    method: PUT
    uri: https://management.azure.com/subscriptions/00000000-0000-0000-0000-000000000000/resourceGroups/rgname/providers/Microsoft.EventHub/namespaces/namespacexf7e318f9/eventhubs/eventhubxf7e318f9/authorizationRules/authorizationrulexf7e318f9?api-version=2017-04-01
  response:
    body:
      string: '{"id":"/subscriptions/00000000-0000-0000-0000-000000000000/resourceGroups/rgname/providers/Microsoft.EventHub/namespaces/namespacexf7e318f9/eventhubs/eventhubxf7e318f9/authorizationRules/authorizationrulexf7e318f9","name":"authorizationrulexf7e318f9","type":"Microsoft.EventHub/Namespaces/EventHubs/AuthorizationRules","location":"East
        US","properties":{"rights":["Listen","Send","Manage"]}}'
    headers:
      cache-control:
      - no-cache
      content-length:
      - '460'
      content-type:
      - application/json; charset=utf-8
      date:
      - Wed, 16 Sep 2020 03:34:15 GMT
      expires:
      - '-1'
      pragma:
      - no-cache
      server:
      - Service-Bus-Resource-Provider/CH3
      - Microsoft-HTTPAPI/2.0
      server-sb:
      - Service-Bus-Resource-Provider/CH3
      strict-transport-security:
      - max-age=31536000; includeSubDomains
      transfer-encoding:
      - chunked
      vary:
      - Accept-Encoding
      x-content-type-options:
      - nosniff
      x-ms-ratelimit-remaining-subscription-writes:
      - '1195'
    status:
      code: 200
      message: OK
- request:
    body: '{"location": "eastus", "tags": {"tag1": "val1"}, "properties": {"sku":
      {"name": "PerNode"}, "retentionInDays": 30}}'
    headers:
      Accept:
      - application/json
      Accept-Encoding:
      - gzip, deflate
      Connection:
      - keep-alive
      Content-Length:
      - '115'
      Content-Type:
      - application/json; charset=utf-8
      User-Agent:
      - python/3.6.9 (Linux-4.9.184-linuxkit-x86_64-with-Ubuntu-18.04-bionic) msrest/0.6.10
        msrest_azure/0.6.2 azure-mgmt-loganalytics/0.2.0 Azure-SDK-For-Python
      accept-language:
      - en-US
    method: PUT
    uri: https://management.azure.com/subscriptions/00000000-0000-0000-0000-000000000000/resourcegroups/rgname/providers/Microsoft.OperationalInsights/workspaces/workspacexf7e318f9?api-version=2015-11-01-preview
  response:
    body:
      string: "{\r\n  \"properties\": {\r\n    \"source\": \"Azure\",\r\n    \"customerId\"\
        : \"e7e831de-c457-40ae-a801-0340b76252f1\",\r\n    \"provisioningState\":\
        \ \"Creating\",\r\n    \"sku\": {\r\n      \"name\": \"pergb2018\",\r\n  \
        \    \"maxCapacityReservationLevel\": 3000,\r\n      \"lastSkuUpdate\": \"\
        Wed, 16 Sep 2020 03:34:22 GMT\"\r\n    },\r\n    \"retentionInDays\": 30,\r\
        \n    \"features\": {\r\n      \"legacy\": 0,\r\n      \"searchVersion\":\
        \ 1,\r\n      \"enableLogAccessUsingOnlyResourcePermissions\": true\r\n  \
        \  },\r\n    \"workspaceCapping\": {\r\n      \"dailyQuotaGb\": -1.0,\r\n\
        \      \"quotaNextResetTime\": \"Wed, 16 Sep 2020 16:00:00 GMT\",\r\n    \
        \  \"dataIngestionStatus\": \"RespectQuota\"\r\n    },\r\n    \"publicNetworkAccessForIngestion\"\
        : \"Enabled\",\r\n    \"publicNetworkAccessForQuery\": \"Enabled\",\r\n  \
        \  \"createdDate\": \"Wed, 16 Sep 2020 03:34:22 GMT\",\r\n    \"modifiedDate\"\
        : \"Wed, 16 Sep 2020 03:34:22 GMT\"\r\n  },\r\n  \"id\": \"/subscriptions/00000000-0000-0000-0000-000000000000/resourcegroups/rgname/providers/microsoft.operationalinsights/workspaces/workspacexf7e318f9\"\
        ,\r\n  \"name\": \"workspacexf7e318f9\",\r\n  \"type\": \"Microsoft.OperationalInsights/workspaces\"\
        ,\r\n  \"location\": \"eastus\",\r\n  \"tags\": {\r\n    \"tag1\": \"val1\"\
        \r\n  }\r\n}"
    headers:
      cache-control:
      - no-cache
      content-length:
      - '1212'
      content-type:
      - application/json
      date:
      - Wed, 16 Sep 2020 03:34:25 GMT
      pragma:
      - no-cache
      server:
      - Microsoft-IIS/10.0
      - Microsoft-IIS/10.0
      strict-transport-security:
      - max-age=31536000; includeSubDomains
      x-content-type-options:
      - nosniff
      x-ms-ratelimit-remaining-subscription-writes:
      - '1197'
      x-powered-by:
      - ASP.NET
      - ASP.NET
    status:
      code: 201
      message: Created
- request:
    body: null
    headers:
      Accept:
      - application/json
      Accept-Encoding:
      - gzip, deflate
      Connection:
      - keep-alive
      User-Agent:
      - python/3.6.9 (Linux-4.9.184-linuxkit-x86_64-with-Ubuntu-18.04-bionic) msrest/0.6.10
        msrest_azure/0.6.2 azure-mgmt-loganalytics/0.2.0 Azure-SDK-For-Python
    method: GET
    uri: https://management.azure.com/subscriptions/00000000-0000-0000-0000-000000000000/resourcegroups/rgname/providers/Microsoft.OperationalInsights/workspaces/workspacexf7e318f9?api-version=2015-11-01-preview
  response:
    body:
      string: "{\r\n  \"properties\": {\r\n    \"source\": \"Azure\",\r\n    \"customerId\"\
        : \"e7e831de-c457-40ae-a801-0340b76252f1\",\r\n    \"provisioningState\":\
        \ \"Succeeded\",\r\n    \"sku\": {\r\n      \"name\": \"pergb2018\",\r\n \
        \     \"maxCapacityReservationLevel\": 3000,\r\n      \"lastSkuUpdate\": \"\
        Wed, 16 Sep 2020 03:34:22 GMT\"\r\n    },\r\n    \"retentionInDays\": 30,\r\
        \n    \"features\": {\r\n      \"legacy\": 0,\r\n      \"searchVersion\":\
        \ 1,\r\n      \"enableLogAccessUsingOnlyResourcePermissions\": true\r\n  \
        \  },\r\n    \"workspaceCapping\": {\r\n      \"dailyQuotaGb\": -1.0,\r\n\
        \      \"quotaNextResetTime\": \"Wed, 16 Sep 2020 16:00:00 GMT\",\r\n    \
        \  \"dataIngestionStatus\": \"RespectQuota\"\r\n    },\r\n    \"publicNetworkAccessForIngestion\"\
        : \"Enabled\",\r\n    \"publicNetworkAccessForQuery\": \"Enabled\",\r\n  \
        \  \"createdDate\": \"Wed, 16 Sep 2020 03:34:22 GMT\",\r\n    \"modifiedDate\"\
        : \"Wed, 16 Sep 2020 03:34:23 GMT\"\r\n  },\r\n  \"id\": \"/subscriptions/00000000-0000-0000-0000-000000000000/resourcegroups/rgname/providers/microsoft.operationalinsights/workspaces/workspacexf7e318f9\"\
        ,\r\n  \"name\": \"workspacexf7e318f9\",\r\n  \"type\": \"Microsoft.OperationalInsights/workspaces\"\
        ,\r\n  \"location\": \"eastus\",\r\n  \"tags\": {\r\n    \"tag1\": \"val1\"\
        \r\n  }\r\n}"
    headers:
      cache-control:
      - no-cache
      content-length:
      - '1213'
      content-type:
      - application/json
      date:
      - Wed, 16 Sep 2020 03:34:55 GMT
      pragma:
      - no-cache
      server:
      - Microsoft-IIS/10.0
      - Microsoft-IIS/10.0
      strict-transport-security:
      - max-age=31536000; includeSubDomains
      transfer-encoding:
      - chunked
      vary:
      - Accept-Encoding
      x-content-type-options:
      - nosniff
      x-powered-by:
      - ASP.NET
      - ASP.NET
    status:
      code: 200
      message: OK
- request:
    body: '{"location": "eastus", "properties": {"definition": {"$schema": "https://schema.management.azure.com/providers/Microsoft.Logic/schemas/2016-06-01/workflowdefinition.json#",
      "contentVersion": "1.0.0.0", "parameters": {}, "triggers": {}, "actions": {},
      "outputs": {}}}}'
    headers:
      Accept:
      - application/json
      Accept-Encoding:
      - gzip, deflate
      Connection:
      - keep-alive
      Content-Length:
      - '267'
      Content-Type:
      - application/json; charset=utf-8
      User-Agent:
      - python/3.6.9 (Linux-4.9.184-linuxkit-x86_64-with-Ubuntu-18.04-bionic) msrest/0.6.10
        msrest_azure/0.6.2 azure-mgmt-logic/3.0.0 Azure-SDK-For-Python
      accept-language:
      - en-US
    method: PUT
    uri: https://management.azure.com/subscriptions/00000000-0000-0000-0000-000000000000/resourceGroups/rgname/providers/Microsoft.Logic/workflows/workflowf7e318f9?api-version=2016-06-01
  response:
    body:
      string: '{"properties":{"provisioningState":"Succeeded","createdTime":"2020-09-16T03:35:00.8522178Z","changedTime":"2020-09-16T03:35:00.845895Z","state":"Enabled","version":"08586013795847441261","accessEndpoint":"https://prod-94.eastus.logic.azure.com:443/workflows/358c66b445744e4f8207436f2a024d9c","definition":{"$schema":"https://schema.management.azure.com/providers/Microsoft.Logic/schemas/2016-06-01/workflowdefinition.json#","contentVersion":"1.0.0.0","parameters":{},"triggers":{},"actions":{},"outputs":{}},"parameters":{},"endpointsConfiguration":{"workflow":{"outgoingIpAddresses":[{"address":"13.92.98.111"},{"address":"40.121.91.41"},{"address":"40.114.82.191"},{"address":"23.101.139.153"},{"address":"23.100.29.190"},{"address":"23.101.136.201"},{"address":"104.45.153.81"},{"address":"23.101.132.208"}],"accessEndpointIpAddresses":[{"address":"137.135.106.54"},{"address":"40.117.99.79"},{"address":"40.117.100.228"},{"address":"137.116.126.165"}]},"connector":{"outgoingIpAddresses":[{"address":"40.71.11.80/28"},{"address":"40.71.249.205"},{"address":"40.114.40.132"},{"address":"40.71.249.139"}]}}},"id":"/subscriptions/00000000-0000-0000-0000-000000000000/resourceGroups/rgname/providers/Microsoft.Logic/workflows/workflowf7e318f9","name":"workflowf7e318f9","type":"Microsoft.Logic/workflows","location":"eastus"}'
    headers:
      cache-control:
      - no-cache
      content-length:
      - '1394'
      content-type:
      - application/json; charset=utf-8
      date:
      - Wed, 16 Sep 2020 03:35:01 GMT
      expires:
      - '-1'
      pragma:
      - no-cache
      strict-transport-security:
      - max-age=31536000; includeSubDomains
      x-content-type-options:
      - nosniff
      x-ms-ratelimit-remaining-subscription-writes:
      - '1196'
    status:
      code: 201
      message: Created
- request:
    body: 'b''b\''{"properties": {"storageAccountId": "/subscriptions/00000000-0000-0000-0000-000000000000/resourceGroups/rgname/providers/Microsoft.Storage/storageAccounts/storageaccountxf7e318f9",
      "eventHubAuthorizationRuleId": "/subscriptions/00000000-0000-0000-0000-000000000000/resourceGroups/rgname/providers/microsoft.eventhub/namespaces/namespacexf7e318f9/authorizationrules/authorizationrulexf7e318f9",
      "eventHubName": "eventhubxf7e318f9", "metrics": [], "logs": [{"category": "WorkflowRuntime",
      "enabled": true, "retentionPolicy": {"enabled": false, "days": 0}}], "workspaceId":
      "/subscriptions/00000000-0000-0000-0000-000000000000/resourcegroups/rgname/providers/microsoft.operationalinsights/workspaces/workspacexf7e318f9"}}\'''''
    headers:
      Accept:
      - application/json
      Content-Length:
      - '925'
      Content-Type:
      - application/json
      User-Agent:
      - azsdk-python-azure-mgmt-eventhub/1.0.0 Python/3.6.9 (Linux-4.9.184-linuxkit-x86_64-with-Ubuntu-18.04-bionic)
    method: PUT
    uri: https://management.azure.com/subscriptions/00000000-0000-0000-0000-000000000000/resourceGroups/rgname/providers/Microsoft.Logic/workflows/workflowf7e318f9/providers/microsoft.insights/diagnosticSettings/insightxf7e318f9?api-version=2017-05-01-preview
  response:
    body:
      string: '{"id":"/subscriptions/00000000-0000-0000-0000-000000000000/resourcegroups/rgname/providers/microsoft.logic/workflows/workflowf7e318f9/providers/microsoft.insights/diagnosticSettings/insightxf7e318f9","type":null,"name":"insightxf7e318f9","location":null,"kind":null,"tags":null,"properties":{"storageAccountId":"/subscriptions/00000000-0000-0000-0000-000000000000/resourceGroups/rgname/providers/Microsoft.Storage/storageAccounts/storageaccountxf7e318f9","serviceBusRuleId":null,"workspaceId":"/subscriptions/00000000-0000-0000-0000-000000000000/resourcegroups/rgname/providers/microsoft.operationalinsights/workspaces/workspacexf7e318f9","eventHubAuthorizationRuleId":"/subscriptions/00000000-0000-0000-0000-000000000000/resourceGroups/rgname/providers/microsoft.eventhub/namespaces/namespacexf7e318f9/authorizationrules/authorizationrulexf7e318f9","eventHubName":"eventhubxf7e318f9","metrics":[],"logs":[{"category":"WorkflowRuntime","enabled":true,"retentionPolicy":{"enabled":false,"days":0}}],"logAnalyticsDestinationType":null},"identity":null}'
    headers:
      cache-control: no-cache
      content-encoding: gzip
      content-type: application/json; charset=utf-8
      date: Wed, 16 Sep 2020 03:35:10 GMT
      expires: '-1'
      pragma: no-cache
      server: Microsoft-IIS/10.0
      strict-transport-security: max-age=31536000; includeSubDomains
      transfer-encoding: chunked
      vary: Accept-Encoding
      x-content-type-options: nosniff
      x-ms-ratelimit-remaining-subscription-resource-requests: '149'
    status:
      code: 200
      message: OK
    url: https://management.azure.com/subscriptions/92f95d8f-3c67-4124-91c7-8cf07cdbf241/resourceGroups/pddr3wg3pl4rkkpm72j4ktc36kvz76yhaqpylpakpnoe4zmekffxzdvaq2cpddpf67uj6yfqaqh/providers/Microsoft.Logic/workflows/workflowf7e318f9/providers/microsoft.insights/diagnosticSettings/insightxf7e318f9?api-version=2017-05-01-preview
- request:
    body: null
    headers:
      Accept:
      - application/json
      User-Agent:
      - azsdk-python-azure-mgmt-eventhub/1.0.0 Python/3.6.9 (Linux-4.9.184-linuxkit-x86_64-with-Ubuntu-18.04-bionic)
    method: GET
    uri: https://management.azure.com/subscriptions/00000000-0000-0000-0000-000000000000/resourcegroups/rgname/providers/microsoft.logic/workflows/workflowf7e318f9/providers/microsoft.insights/diagnosticSettingsCategories?api-version=2017-05-01-preview
  response:
    body:
      string: '{"value":[{"id":"/subscriptions/00000000-0000-0000-0000-000000000000/resourcegroups/rgname/providers/microsoft.logic/workflows/workflowf7e318f9/providers/microsoft.insights/diagnosticSettingsCategories/WorkflowRuntime","type":"microsoft.insights/diagnosticSettingsCategories","name":"WorkflowRuntime","location":null,"kind":null,"tags":null,"properties":{"categoryType":"Logs"},"identity":null},{"id":"/subscriptions/00000000-0000-0000-0000-000000000000/resourcegroups/rgname/providers/microsoft.logic/workflows/workflowf7e318f9/providers/microsoft.insights/diagnosticSettingsCategories/AllMetrics","type":"microsoft.insights/diagnosticSettingsCategories","name":"AllMetrics","location":null,"kind":null,"tags":null,"properties":{"categoryType":"Metrics"},"identity":null}]}'
    headers:
      cache-control: no-cache
      content-encoding: gzip
      content-type: application/json; charset=utf-8
      date: Wed, 16 Sep 2020 03:35:11 GMT
      expires: '-1'
      pragma: no-cache
      server: Microsoft-IIS/10.0
      strict-transport-security: max-age=31536000; includeSubDomains
      transfer-encoding: chunked
      vary: Accept-Encoding
      x-content-type-options: nosniff
    status:
      code: 200
      message: OK
    url: https://management.azure.com/subscriptions/92f95d8f-3c67-4124-91c7-8cf07cdbf241/resourcegroups/pddr3wg3pl4rkkpm72j4ktc36kvz76yhaqpylpakpnoe4zmekffxzdvaq2cpddpf67uj6yfqaqh/providers/microsoft.logic/workflows/workflowf7e318f9/providers/microsoft.insights/diagnosticSettingsCategories?api-version=2017-05-01-preview
- request:
    body: null
    headers:
      Accept:
      - application/json
      User-Agent:
      - azsdk-python-azure-mgmt-eventhub/1.0.0 Python/3.6.9 (Linux-4.9.184-linuxkit-x86_64-with-Ubuntu-18.04-bionic)
    method: GET
    uri: https://management.azure.com/subscriptions/00000000-0000-0000-0000-000000000000/resourcegroups/rgname/providers/microsoft.logic/workflows/workflowf7e318f9/providers/microsoft.insights/diagnosticSettings?api-version=2017-05-01-preview
  response:
    body:
      string: '{"value":[{"id":"/subscriptions/00000000-0000-0000-0000-000000000000/resourcegroups/rgname/providers/microsoft.logic/workflows/workflowf7e318f9/providers/microsoft.insights/diagnosticSettings/insightxf7e318f9","type":null,"name":"insightxf7e318f9","location":null,"kind":null,"tags":null,"properties":{"storageAccountId":"/subscriptions/00000000-0000-0000-0000-000000000000/resourceGroups/rgname/providers/Microsoft.Storage/storageAccounts/storageaccountxf7e318f9","serviceBusRuleId":null,"workspaceId":"/subscriptions/00000000-0000-0000-0000-000000000000/resourcegroups/rgname/providers/microsoft.operationalinsights/workspaces/workspacexf7e318f9","eventHubAuthorizationRuleId":"/subscriptions/00000000-0000-0000-0000-000000000000/resourceGroups/rgname/providers/microsoft.eventhub/namespaces/namespacexf7e318f9/authorizationrules/authorizationrulexf7e318f9","eventHubName":"eventhubxf7e318f9","metrics":[],"logs":[{"category":"WorkflowRuntime","enabled":true,"retentionPolicy":{"enabled":false,"days":0}}],"logAnalyticsDestinationType":null},"identity":null}]}'
    headers:
      cache-control: no-cache
      content-encoding: gzip
      content-type: application/json; charset=utf-8
      date: Wed, 16 Sep 2020 03:35:11 GMT
      expires: '-1'
      pragma: no-cache
      server: Microsoft-IIS/10.0
      strict-transport-security: max-age=31536000; includeSubDomains
      transfer-encoding: chunked
      vary: Accept-Encoding
      x-content-type-options: nosniff
    status:
      code: 200
      message: OK
    url: https://management.azure.com/subscriptions/92f95d8f-3c67-4124-91c7-8cf07cdbf241/resourcegroups/pddr3wg3pl4rkkpm72j4ktc36kvz76yhaqpylpakpnoe4zmekffxzdvaq2cpddpf67uj6yfqaqh/providers/microsoft.logic/workflows/workflowf7e318f9/providers/microsoft.insights/diagnosticSettings?api-version=2017-05-01-preview
- request:
    body: null
    headers:
      Accept:
      - application/json
      User-Agent:
      - azsdk-python-azure-mgmt-eventhub/1.0.0 Python/3.6.9 (Linux-4.9.184-linuxkit-x86_64-with-Ubuntu-18.04-bionic)
    method: GET
    uri: https://management.azure.com/subscriptions/00000000-0000-0000-0000-000000000000/resourcegroups/rgname/providers/microsoft.logic/workflows/workflowf7e318f9/providers/microsoft.insights/diagnosticSettings/insightxf7e318f9?api-version=2017-05-01-preview
  response:
    body:
      string: '{"id":"/subscriptions/00000000-0000-0000-0000-000000000000/resourcegroups/rgname/providers/microsoft.logic/workflows/workflowf7e318f9/providers/microsoft.insights/diagnosticSettings/insightxf7e318f9","type":null,"name":"insightxf7e318f9","location":null,"kind":null,"tags":null,"properties":{"storageAccountId":"/subscriptions/00000000-0000-0000-0000-000000000000/resourceGroups/rgname/providers/Microsoft.Storage/storageAccounts/storageaccountxf7e318f9","serviceBusRuleId":null,"workspaceId":"/subscriptions/00000000-0000-0000-0000-000000000000/resourcegroups/rgname/providers/microsoft.operationalinsights/workspaces/workspacexf7e318f9","eventHubAuthorizationRuleId":"/subscriptions/00000000-0000-0000-0000-000000000000/resourceGroups/rgname/providers/microsoft.eventhub/namespaces/namespacexf7e318f9/authorizationrules/authorizationrulexf7e318f9","eventHubName":"eventhubxf7e318f9","metrics":[{"category":"AllMetrics","enabled":false,"retentionPolicy":{"enabled":false,"days":0}}],"logs":[{"category":"WorkflowRuntime","enabled":true,"retentionPolicy":{"enabled":false,"days":0}}],"logAnalyticsDestinationType":null},"identity":null}'
    headers:
      cache-control: no-cache
      content-encoding: gzip
      content-type: application/json; charset=utf-8
      date: Wed, 16 Sep 2020 03:35:12 GMT
      expires: '-1'
      pragma: no-cache
      server: Microsoft-IIS/10.0
      strict-transport-security: max-age=31536000; includeSubDomains
      transfer-encoding: chunked
      vary: Accept-Encoding
      x-content-type-options: nosniff
    status:
      code: 200
      message: OK
    url: https://management.azure.com/subscriptions/92f95d8f-3c67-4124-91c7-8cf07cdbf241/resourcegroups/pddr3wg3pl4rkkpm72j4ktc36kvz76yhaqpylpakpnoe4zmekffxzdvaq2cpddpf67uj6yfqaqh/providers/microsoft.logic/workflows/workflowf7e318f9/providers/microsoft.insights/diagnosticSettings/insightxf7e318f9?api-version=2017-05-01-preview
- request:
    body: null
    headers:
      Accept:
      - application/json
      User-Agent:
      - azsdk-python-azure-mgmt-eventhub/1.0.0 Python/3.6.9 (Linux-4.9.184-linuxkit-x86_64-with-Ubuntu-18.04-bionic)
    method: GET
    uri: https://management.azure.com/subscriptions/00000000-0000-0000-0000-000000000000/resourcegroups/rgname/providers/microsoft.logic/workflows/workflowf7e318f9/providers/microsoft.insights/diagnosticSettingsCategories/WorkflowRuntime?api-version=2017-05-01-preview
  response:
    body:
      string: '{"id":"/subscriptions/00000000-0000-0000-0000-000000000000/resourcegroups/rgname/providers/microsoft.logic/workflows/workflowf7e318f9/providers/microsoft.insights/diagnosticSettingsCategories/WorkflowRuntime","type":"microsoft.insights/diagnosticSettingsCategories","name":"WorkflowRuntime","location":null,"kind":null,"tags":null,"properties":{"categoryType":"Logs"},"identity":null}'
    headers:
      cache-control: no-cache
      content-encoding: gzip
      content-type: application/json; charset=utf-8
      date: Wed, 16 Sep 2020 03:35:12 GMT
      expires: '-1'
      pragma: no-cache
      server: Microsoft-IIS/10.0
      strict-transport-security: max-age=31536000; includeSubDomains
      transfer-encoding: chunked
      vary: Accept-Encoding
      x-content-type-options: nosniff
    status:
      code: 200
      message: OK
    url: https://management.azure.com/subscriptions/92f95d8f-3c67-4124-91c7-8cf07cdbf241/resourcegroups/pddr3wg3pl4rkkpm72j4ktc36kvz76yhaqpylpakpnoe4zmekffxzdvaq2cpddpf67uj6yfqaqh/providers/microsoft.logic/workflows/workflowf7e318f9/providers/microsoft.insights/diagnosticSettingsCategories/WorkflowRuntime?api-version=2017-05-01-preview
- request:
    body: null
    headers:
      Accept:
      - application/json
      User-Agent:
      - azsdk-python-azure-mgmt-eventhub/1.0.0 Python/3.6.9 (Linux-4.9.184-linuxkit-x86_64-with-Ubuntu-18.04-bionic)
    method: DELETE
    uri: https://management.azure.com/subscriptions/00000000-0000-0000-0000-000000000000/resourcegroups/rgname/providers/microsoft.logic/workflows/workflowf7e318f9/providers/microsoft.insights/diagnosticSettings/insightxf7e318f9?api-version=2017-05-01-preview
  response:
    body:
      string: ''
    headers:
      cache-control: no-cache
      content-length: '0'
      date: Wed, 16 Sep 2020 03:35:14 GMT
      expires: '-1'
      pragma: no-cache
      server: Microsoft-IIS/10.0
      strict-transport-security: max-age=31536000; includeSubDomains
      x-content-type-options: nosniff
      x-ms-ratelimit-remaining-subscription-deletes: '14999'
    status:
      code: 200
      message: OK
    url: https://management.azure.com/subscriptions/92f95d8f-3c67-4124-91c7-8cf07cdbf241/resourcegroups/pddr3wg3pl4rkkpm72j4ktc36kvz76yhaqpylpakpnoe4zmekffxzdvaq2cpddpf67uj6yfqaqh/providers/microsoft.logic/workflows/workflowf7e318f9/providers/microsoft.insights/diagnosticSettings/insightxf7e318f9?api-version=2017-05-01-preview
version: 1
