interactions:
- request:
    body: '{"sku": {"name": "Standard_LRS"}, "kind": "Storage", "location": "eastus"}'
    headers:
      Accept:
      - application/json
      Accept-Encoding:
      - gzip, deflate
      Connection:
      - keep-alive
      Content-Length:
      - '74'
      Content-Type:
      - application/json; charset=utf-8
      User-Agent:
      - python/3.6.9 (Linux-4.19.76-linuxkit-x86_64-with-Ubuntu-18.04-bionic) msrest/0.6.10
        msrest_azure/0.6.2 azure-mgmt-storage/5.0.0 Azure-SDK-For-Python
      accept-language:
      - en-US
    method: PUT
    uri: https://management.azure.com/subscriptions/00000000-0000-0000-0000-000000000000/resourceGroups/rgname/providers/Microsoft.Storage/storageAccounts/storageaccountx683f167c?api-version=2019-04-01
  response:
    body:
      string: ''
    headers:
      cache-control:
      - no-cache
      content-length:
      - '0'
      content-type:
      - text/plain; charset=utf-8
      date:
      - Fri, 13 Nov 2020 10:14:45 GMT
      expires:
      - '-1'
      location:
      - https://management.azure.com/subscriptions/00000000-0000-0000-0000-000000000000/providers/Microsoft.Storage/locations/eastus/asyncoperations/76855793-93f1-415c-8a2d-95a33ca813e0?monitor=true&api-version=2019-04-01
      pragma:
      - no-cache
      server:
      - Microsoft-Azure-Storage-Resource-Provider/1.0,Microsoft-HTTPAPI/2.0 Microsoft-HTTPAPI/2.0
      strict-transport-security:
      - max-age=31536000; includeSubDomains
      x-content-type-options:
      - nosniff
      x-ms-ratelimit-remaining-subscription-writes:
      - '1190'
    status:
      code: 202
      message: Accepted
- request:
    body: null
    headers:
      Accept:
      - application/json
      Accept-Encoding:
      - gzip, deflate
      Connection:
      - keep-alive
      User-Agent:
      - python/3.6.9 (Linux-4.19.76-linuxkit-x86_64-with-Ubuntu-18.04-bionic) msrest/0.6.10
        msrest_azure/0.6.2 azure-mgmt-storage/5.0.0 Azure-SDK-For-Python
    method: GET
    uri: https://management.azure.com/subscriptions/00000000-0000-0000-0000-000000000000/providers/Microsoft.Storage/locations/eastus/asyncoperations/76855793-93f1-415c-8a2d-95a33ca813e0?monitor=true&api-version=2019-04-01
  response:
    body:
      string: '{"sku":{"name":"Standard_LRS","tier":"Standard"},"kind":"Storage","id":"/subscriptions/00000000-0000-0000-0000-000000000000/resourceGroups/rgname/providers/Microsoft.Storage/storageAccounts/storageaccountx683f167c","name":"storageaccountx683f167c","type":"Microsoft.Storage/storageAccounts","location":"eastus","tags":{},"properties":{"networkAcls":{"bypass":"AzureServices","virtualNetworkRules":[],"ipRules":[],"defaultAction":"Allow"},"supportsHttpsTrafficOnly":true,"encryption":{"services":{"file":{"enabled":true,"lastEnabledTime":"2020-11-13T10:14:45.2016605Z"},"blob":{"enabled":true,"lastEnabledTime":"2020-11-13T10:14:45.2016605Z"}},"keySource":"Microsoft.Storage"},"provisioningState":"Succeeded","creationTime":"2020-11-13T10:14:45.0923151Z","primaryEndpoints":{"blob":"https://storageaccountx683f167c.blob.core.windows.net/","queue":"https://storageaccountx683f167c.queue.core.windows.net/","table":"https://storageaccountx683f167c.table.core.windows.net/","file":"https://storageaccountx683f167c.file.core.windows.net/"},"primaryLocation":"eastus","statusOfPrimary":"available"}}'
    headers:
      cache-control:
      - no-cache
      content-length:
      - '1162'
      content-type:
      - application/json
      date:
      - Fri, 13 Nov 2020 10:15:03 GMT
      expires:
      - '-1'
      pragma:
      - no-cache
      server:
      - Microsoft-Azure-Storage-Resource-Provider/1.0,Microsoft-HTTPAPI/2.0 Microsoft-HTTPAPI/2.0
      strict-transport-security:
      - max-age=31536000; includeSubDomains
      transfer-encoding:
      - chunked
      vary:
      - Accept-Encoding
      x-content-type-options:
      - nosniff
    status:
      code: 200
      message: OK
- request:
    body: '{"location": "eastus", "tags": {"tag1": "value1", "tag2": "value2"}, "sku":
      {"name": "Standard", "tier": "Standard"}}'
    headers:
      Accept:
      - application/json
      Accept-Encoding:
      - gzip, deflate
      Connection:
      - keep-alive
      Content-Length:
      - '117'
      Content-Type:
      - application/json; charset=utf-8
      User-Agent:
      - python/3.6.9 (Linux-4.19.76-linuxkit-x86_64-with-Ubuntu-18.04-bionic) msrest/0.6.10
        msrest_azure/0.6.2 azure-mgmt-eventhub/2.6.0 Azure-SDK-For-Python
      accept-language:
      - en-US
    method: PUT
    uri: https://management.azure.com/subscriptions/00000000-0000-0000-0000-000000000000/resourceGroups/rgname/providers/Microsoft.EventHub/namespaces/namespacex683f167c?api-version=2017-04-01
  response:
    body:
      string: '{"sku":{"name":"Standard","tier":"Standard","capacity":1},"id":"/subscriptions/00000000-0000-0000-0000-000000000000/resourceGroups/rgname/providers/Microsoft.EventHub/namespaces/namespacex683f167c","name":"namespacex683f167c","type":"Microsoft.EventHub/Namespaces","location":"East
        US","tags":{"tag1":"value1","tag2":"value2"},"properties":{"isAutoInflateEnabled":false,"maximumThroughputUnits":0,"kafkaEnabled":true,"provisioningState":"Created","metricId":"00000000-0000-0000-0000-000000000000:namespacex683f167c","createdAt":"2020-11-13T10:15:08.693Z","updatedAt":"2020-11-13T10:15:08.693Z","serviceBusEndpoint":"https://namespacex683f167c.servicebus.windows.net:443/","status":"Activating"}}'
    headers:
      cache-control:
      - no-cache
      content-length:
      - '764'
      content-type:
      - application/json; charset=utf-8
      date:
      - Fri, 13 Nov 2020 10:15:10 GMT
      expires:
      - '-1'
      pragma:
      - no-cache
      server:
      - Service-Bus-Resource-Provider/CH3
      - Microsoft-HTTPAPI/2.0
      server-sb:
      - Service-Bus-Resource-Provider/CH3
      strict-transport-security:
      - max-age=31536000; includeSubDomains
      transfer-encoding:
      - chunked
      vary:
      - Accept-Encoding
      x-content-type-options:
      - nosniff
      x-ms-ratelimit-remaining-subscription-resource-requests:
      - '49'
    status:
      code: 200
      message: OK
- request:
    body: null
    headers:
      Accept:
      - application/json
      Accept-Encoding:
      - gzip, deflate
      Connection:
      - keep-alive
      User-Agent:
      - python/3.6.9 (Linux-4.19.76-linuxkit-x86_64-with-Ubuntu-18.04-bionic) msrest/0.6.10
        msrest_azure/0.6.2 azure-mgmt-eventhub/2.6.0 Azure-SDK-For-Python
    method: GET
    uri: https://management.azure.com/subscriptions/00000000-0000-0000-0000-000000000000/resourceGroups/rgname/providers/Microsoft.EventHub/namespaces/namespacex683f167c?api-version=2017-04-01
  response:
    body:
      string: '{"sku":{"name":"Standard","tier":"Standard","capacity":1},"id":"/subscriptions/00000000-0000-0000-0000-000000000000/resourceGroups/rgname/providers/Microsoft.EventHub/namespaces/namespacex683f167c","name":"namespacex683f167c","type":"Microsoft.EventHub/Namespaces","location":"East
        US","tags":{"tag1":"value1","tag2":"value2"},"properties":{"isAutoInflateEnabled":false,"maximumThroughputUnits":0,"kafkaEnabled":true,"provisioningState":"Created","metricId":"00000000-0000-0000-0000-000000000000:namespacex683f167c","createdAt":"2020-11-13T10:15:08.693Z","updatedAt":"2020-11-13T10:15:08.693Z","serviceBusEndpoint":"https://namespacex683f167c.servicebus.windows.net:443/","status":"Activating"}}'
    headers:
      cache-control:
      - no-cache
      content-length:
      - '764'
      content-type:
      - application/json; charset=utf-8
      date:
      - Fri, 13 Nov 2020 10:15:42 GMT
      expires:
      - '-1'
      pragma:
      - no-cache
      server:
      - Service-Bus-Resource-Provider/CH3
      - Microsoft-HTTPAPI/2.0
      server-sb:
      - Service-Bus-Resource-Provider/CH3
      strict-transport-security:
      - max-age=31536000; includeSubDomains
      transfer-encoding:
      - chunked
      vary:
      - Accept-Encoding
      x-content-type-options:
      - nosniff
    status:
      code: 200
      message: OK
- request:
    body: null
    headers:
      Accept:
      - application/json
      Accept-Encoding:
      - gzip, deflate
      Connection:
      - keep-alive
      User-Agent:
      - python/3.6.9 (Linux-4.19.76-linuxkit-x86_64-with-Ubuntu-18.04-bionic) msrest/0.6.10
        msrest_azure/0.6.2 azure-mgmt-eventhub/2.6.0 Azure-SDK-For-Python
    method: GET
    uri: https://management.azure.com/subscriptions/00000000-0000-0000-0000-000000000000/resourceGroups/rgname/providers/Microsoft.EventHub/namespaces/namespacex683f167c?api-version=2017-04-01
  response:
    body:
      string: '{"sku":{"name":"Standard","tier":"Standard","capacity":1},"id":"/subscriptions/00000000-0000-0000-0000-000000000000/resourceGroups/rgname/providers/Microsoft.EventHub/namespaces/namespacex683f167c","name":"namespacex683f167c","type":"Microsoft.EventHub/Namespaces","location":"East
        US","tags":{"tag1":"value1","tag2":"value2"},"properties":{"isAutoInflateEnabled":false,"maximumThroughputUnits":0,"kafkaEnabled":true,"provisioningState":"Succeeded","metricId":"00000000-0000-0000-0000-000000000000:namespacex683f167c","createdAt":"2020-11-13T10:15:08.693Z","updatedAt":"2020-11-13T10:15:57.933Z","serviceBusEndpoint":"https://namespacex683f167c.servicebus.windows.net:443/","status":"Active"}}'
    headers:
      cache-control:
      - no-cache
      content-length:
      - '762'
      content-type:
      - application/json; charset=utf-8
      date:
      - Fri, 13 Nov 2020 10:16:12 GMT
      expires:
      - '-1'
      pragma:
      - no-cache
      server:
      - Service-Bus-Resource-Provider/SN1
      - Microsoft-HTTPAPI/2.0
      server-sb:
      - Service-Bus-Resource-Provider/SN1
      strict-transport-security:
      - max-age=31536000; includeSubDomains
      transfer-encoding:
      - chunked
      vary:
      - Accept-Encoding
      x-content-type-options:
      - nosniff
    status:
      code: 200
      message: OK
- request:
    body: '{"properties": {"rights": ["Listen", "Send", "Manage"]}}'
    headers:
      Accept:
      - application/json
      Accept-Encoding:
      - gzip, deflate
      Connection:
      - keep-alive
      Content-Length:
      - '56'
      Content-Type:
      - application/json; charset=utf-8
      User-Agent:
      - python/3.6.9 (Linux-4.19.76-linuxkit-x86_64-with-Ubuntu-18.04-bionic) msrest/0.6.10
        msrest_azure/0.6.2 azure-mgmt-eventhub/2.6.0 Azure-SDK-For-Python
      accept-language:
      - en-US
    method: PUT
    uri: https://management.azure.com/subscriptions/00000000-0000-0000-0000-000000000000/resourceGroups/rgname/providers/Microsoft.EventHub/namespaces/namespacex683f167c/AuthorizationRules/authorizationrulex683f167c?api-version=2017-04-01
  response:
    body:
      string: '{"id":"/subscriptions/00000000-0000-0000-0000-000000000000/resourceGroups/rgname/providers/Microsoft.EventHub/namespaces/namespacex683f167c/AuthorizationRules/authorizationrulex683f167c","name":"authorizationrulex683f167c","type":"Microsoft.EventHub/Namespaces/AuthorizationRules","location":"East
        US","properties":{"rights":["Listen","Send","Manage"]}}'
    headers:
      cache-control:
      - no-cache
      content-length:
      - '422'
      content-type:
      - application/json; charset=utf-8
      date:
      - Fri, 13 Nov 2020 10:16:19 GMT
      expires:
      - '-1'
      pragma:
      - no-cache
      server:
      - Service-Bus-Resource-Provider/SN1
      - Microsoft-HTTPAPI/2.0
      server-sb:
      - Service-Bus-Resource-Provider/SN1
      strict-transport-security:
      - max-age=31536000; includeSubDomains
      transfer-encoding:
      - chunked
      vary:
      - Accept-Encoding
      x-content-type-options:
      - nosniff
      x-ms-ratelimit-remaining-subscription-writes:
      - '1197'
    status:
      code: 200
      message: OK
- request:
    body: '{"properties": {"messageRetentionInDays": 4, "partitionCount": 4, "status":
      "Active", "captureDescription": {"enabled": true, "encoding": "Avro", "intervalInSeconds":
      120, "sizeLimitInBytes": 10485763, "destination": {"name": "EventHubArchive.AzureBlockBlob",
      "properties": {"storageAccountResourceId": "/subscriptions/00000000-0000-0000-0000-000000000000/resourceGroups/rgname/providers/Microsoft.Storage/storageAccounts/storageaccountx683f167c",
      "blobContainer": "container", "archiveNameFormat": "{Namespace}/{EventHub}/{PartitionId}/{Year}/{Month}/{Day}/{Hour}/{Minute}/{Second}"}}}}}'
    headers:
      Accept:
      - application/json
      Accept-Encoding:
      - gzip, deflate
      Connection:
      - keep-alive
      Content-Length:
      - '657'
      Content-Type:
      - application/json; charset=utf-8
      User-Agent:
      - python/3.6.9 (Linux-4.19.76-linuxkit-x86_64-with-Ubuntu-18.04-bionic) msrest/0.6.10
        msrest_azure/0.6.2 azure-mgmt-eventhub/2.6.0 Azure-SDK-For-Python
      accept-language:
      - en-US
    method: PUT
    uri: https://management.azure.com/subscriptions/00000000-0000-0000-0000-000000000000/resourceGroups/rgname/providers/Microsoft.EventHub/namespaces/namespacex683f167c/eventhubs/eventhubx683f167c?api-version=2017-04-01
  response:
    body:
      string: '{"id":"/subscriptions/00000000-0000-0000-0000-000000000000/resourceGroups/rgname/providers/Microsoft.EventHub/namespaces/namespacex683f167c/eventhubs/eventhubx683f167c","name":"eventhubx683f167c","type":"Microsoft.EventHub/Namespaces/EventHubs","location":"East
        US","properties":{"messageRetentionInDays":4,"partitionCount":4,"status":"Active","createdAt":"2020-11-13T10:16:22.46Z","updatedAt":"2020-11-13T10:16:22.88Z","partitionIds":["0","1","2","3"],"captureDescription":{"enabled":true,"encoding":"Avro","destination":{"name":"EventHubArchive.AzureBlockBlob","properties":{"storageAccountResourceId":"/subscriptions/00000000-0000-0000-0000-000000000000/resourceGroups/rgname/providers/Microsoft.Storage/storageAccounts/storageaccountx683f167c","blobContainer":"container","archiveNameFormat":"{Namespace}/{EventHub}/{PartitionId}/{Year}/{Month}/{Day}/{Hour}/{Minute}/{Second}"}},"intervalInSeconds":120,"sizeLimitInBytes":10485763}}}'
    headers:
      cache-control:
      - no-cache
      content-length:
      - '1075'
      content-type:
      - application/json; charset=utf-8
      date:
      - Fri, 13 Nov 2020 10:16:22 GMT
      expires:
      - '-1'
      pragma:
      - no-cache
      server:
      - Service-Bus-Resource-Provider/CH3
      - Microsoft-HTTPAPI/2.0
      server-sb:
      - Service-Bus-Resource-Provider/CH3
      strict-transport-security:
      - max-age=31536000; includeSubDomains
      transfer-encoding:
      - chunked
      vary:
      - Accept-Encoding
      x-content-type-options:
      - nosniff
      x-ms-ratelimit-remaining-subscription-writes:
      - '1189'
    status:
      code: 200
      message: OK
- request:
    body: '{"properties": {"rights": ["Listen", "Send", "Manage"]}}'
    headers:
      Accept:
      - application/json
      Accept-Encoding:
      - gzip, deflate
      Connection:
      - keep-alive
      Content-Length:
      - '56'
      Content-Type:
      - application/json; charset=utf-8
      User-Agent:
      - python/3.6.9 (Linux-4.19.76-linuxkit-x86_64-with-Ubuntu-18.04-bionic) msrest/0.6.10
        msrest_azure/0.6.2 azure-mgmt-eventhub/2.6.0 Azure-SDK-For-Python
      accept-language:
      - en-US
    method: PUT
    uri: https://management.azure.com/subscriptions/00000000-0000-0000-0000-000000000000/resourceGroups/rgname/providers/Microsoft.EventHub/namespaces/namespacex683f167c/eventhubs/eventhubx683f167c/authorizationRules/authorizationrulex683f167c?api-version=2017-04-01
  response:
    body:
      string: '{"id":"/subscriptions/00000000-0000-0000-0000-000000000000/resourceGroups/rgname/providers/Microsoft.EventHub/namespaces/namespacex683f167c/eventhubs/eventhubx683f167c/authorizationRules/authorizationrulex683f167c","name":"authorizationrulex683f167c","type":"Microsoft.EventHub/Namespaces/EventHubs/AuthorizationRules","location":"East
        US","properties":{"rights":["Listen","Send","Manage"]}}'
    headers:
      cache-control:
      - no-cache
      content-length:
      - '460'
      content-type:
      - application/json; charset=utf-8
      date:
      - Fri, 13 Nov 2020 10:16:25 GMT
      expires:
      - '-1'
      pragma:
      - no-cache
      server:
      - Service-Bus-Resource-Provider/CH3
      - Microsoft-HTTPAPI/2.0
      server-sb:
      - Service-Bus-Resource-Provider/CH3
      strict-transport-security:
      - max-age=31536000; includeSubDomains
      transfer-encoding:
      - chunked
      vary:
      - Accept-Encoding
      x-content-type-options:
      - nosniff
      x-ms-ratelimit-remaining-subscription-writes:
      - '1196'
    status:
      code: 200
      message: OK
- request:
    body: '{"location": "eastus", "tags": {"tag1": "val1"}, "properties": {"sku":
      {"name": "PerNode"}, "retentionInDays": 30}}'
    headers:
      Accept:
      - application/json
      Accept-Encoding:
      - gzip, deflate
      Connection:
      - keep-alive
      Content-Length:
      - '115'
      Content-Type:
      - application/json; charset=utf-8
      User-Agent:
      - python/3.6.9 (Linux-4.19.76-linuxkit-x86_64-with-Ubuntu-18.04-bionic) msrest/0.6.10
        msrest_azure/0.6.2 azure-mgmt-loganalytics/0.2.0 Azure-SDK-For-Python
      accept-language:
      - en-US
    method: PUT
    uri: https://management.azure.com/subscriptions/00000000-0000-0000-0000-000000000000/resourcegroups/rgname/providers/Microsoft.OperationalInsights/workspaces/workspacex8672683f167c?api-version=2015-11-01-preview
  response:
    body:
      string: "{\r\n  \"properties\": {\r\n    \"source\": \"Azure\",\r\n    \"customerId\"\
        : \"db6d46ff-ef8b-416e-a306-e7df280d8f70\",\r\n    \"provisioningState\":\
        \ \"Creating\",\r\n    \"sku\": {\r\n      \"name\": \"pergb2018\",\r\n  \
        \    \"maxCapacityReservationLevel\": 3000,\r\n      \"lastSkuUpdate\": \"\
        Fri, 13 Nov 2020 10:16:33 GMT\"\r\n    },\r\n    \"retentionInDays\": 30,\r\
        \n    \"features\": {\r\n      \"legacy\": 0,\r\n      \"searchVersion\":\
        \ 1,\r\n      \"enableLogAccessUsingOnlyResourcePermissions\": true\r\n  \
        \  },\r\n    \"workspaceCapping\": {\r\n      \"dailyQuotaGb\": -1.0,\r\n\
        \      \"quotaNextResetTime\": \"Fri, 13 Nov 2020 13:00:00 GMT\",\r\n    \
        \  \"dataIngestionStatus\": \"RespectQuota\"\r\n    },\r\n    \"publicNetworkAccessForIngestion\"\
        : \"Enabled\",\r\n    \"publicNetworkAccessForQuery\": \"Enabled\",\r\n  \
        \  \"createdDate\": \"Fri, 13 Nov 2020 10:16:33 GMT\",\r\n    \"modifiedDate\"\
        : \"Fri, 13 Nov 2020 10:16:33 GMT\"\r\n  },\r\n  \"id\": \"/subscriptions/00000000-0000-0000-0000-000000000000/resourcegroups/rgname/providers/microsoft.operationalinsights/workspaces/workspacex8672683f167c\"\
        ,\r\n  \"name\": \"workspacex8672683f167c\",\r\n  \"type\": \"Microsoft.OperationalInsights/workspaces\"\
        ,\r\n  \"location\": \"eastus\",\r\n  \"tags\": {\r\n    \"tag1\": \"val1\"\
        \r\n  }\r\n}"
    headers:
      cache-control:
      - no-cache
      content-length:
      - '1220'
      content-type:
      - application/json
      date:
      - Fri, 13 Nov 2020 10:16:33 GMT
      pragma:
      - no-cache
      server:
      - Microsoft-IIS/10.0
      - Microsoft-IIS/10.0
      strict-transport-security:
      - max-age=31536000; includeSubDomains
      x-content-type-options:
      - nosniff
      x-ms-ratelimit-remaining-subscription-writes:
      - '1197'
      x-powered-by:
      - ASP.NET
      - ASP.NET
    status:
      code: 201
      message: Created
- request:
    body: null
    headers:
      Accept:
      - application/json
      Accept-Encoding:
      - gzip, deflate
      Connection:
      - keep-alive
      User-Agent:
      - python/3.6.9 (Linux-4.19.76-linuxkit-x86_64-with-Ubuntu-18.04-bionic) msrest/0.6.10
        msrest_azure/0.6.2 azure-mgmt-loganalytics/0.2.0 Azure-SDK-For-Python
    method: GET
    uri: https://management.azure.com/subscriptions/00000000-0000-0000-0000-000000000000/resourcegroups/rgname/providers/Microsoft.OperationalInsights/workspaces/workspacex8672683f167c?api-version=2015-11-01-preview
  response:
    body:
      string: "{\r\n  \"properties\": {\r\n    \"source\": \"Azure\",\r\n    \"customerId\"\
        : \"db6d46ff-ef8b-416e-a306-e7df280d8f70\",\r\n    \"provisioningState\":\
        \ \"Succeeded\",\r\n    \"sku\": {\r\n      \"name\": \"pergb2018\",\r\n \
        \     \"maxCapacityReservationLevel\": 3000,\r\n      \"lastSkuUpdate\": \"\
        Fri, 13 Nov 2020 10:16:33 GMT\"\r\n    },\r\n    \"retentionInDays\": 30,\r\
        \n    \"features\": {\r\n      \"legacy\": 0,\r\n      \"searchVersion\":\
        \ 1,\r\n      \"enableLogAccessUsingOnlyResourcePermissions\": true\r\n  \
        \  },\r\n    \"workspaceCapping\": {\r\n      \"dailyQuotaGb\": -1.0,\r\n\
        \      \"quotaNextResetTime\": \"Fri, 13 Nov 2020 13:00:00 GMT\",\r\n    \
        \  \"dataIngestionStatus\": \"RespectQuota\"\r\n    },\r\n    \"publicNetworkAccessForIngestion\"\
        : \"Enabled\",\r\n    \"publicNetworkAccessForQuery\": \"Enabled\",\r\n  \
        \  \"createdDate\": \"Fri, 13 Nov 2020 10:16:33 GMT\",\r\n    \"modifiedDate\"\
        : \"Fri, 13 Nov 2020 10:16:34 GMT\"\r\n  },\r\n  \"id\": \"/subscriptions/00000000-0000-0000-0000-000000000000/resourcegroups/rgname/providers/microsoft.operationalinsights/workspaces/workspacex8672683f167c\"\
        ,\r\n  \"name\": \"workspacex8672683f167c\",\r\n  \"type\": \"Microsoft.OperationalInsights/workspaces\"\
        ,\r\n  \"location\": \"eastus\",\r\n  \"tags\": {\r\n    \"tag1\": \"val1\"\
        \r\n  }\r\n}"
    headers:
      cache-control:
      - no-cache
      content-length:
      - '1221'
      content-type:
      - application/json
      date:
      - Fri, 13 Nov 2020 10:17:05 GMT
      pragma:
      - no-cache
      server:
      - Microsoft-IIS/10.0
      - Microsoft-IIS/10.0
      strict-transport-security:
      - max-age=31536000; includeSubDomains
      transfer-encoding:
      - chunked
      vary:
      - Accept-Encoding
      x-content-type-options:
      - nosniff
      x-powered-by:
      - ASP.NET
      - ASP.NET
    status:
      code: 200
      message: OK
- request:
    body: '{"location": "eastus", "properties": {"definition": {"$schema": "https://schema.management.azure.com/providers/Microsoft.Logic/schemas/2016-06-01/workflowdefinition.json#",
      "contentVersion": "1.0.0.0", "parameters": {}, "triggers": {}, "actions": {},
      "outputs": {}}}}'
    headers:
      Accept:
      - application/json
      Accept-Encoding:
      - gzip, deflate
      Connection:
      - keep-alive
      Content-Length:
      - '267'
      Content-Type:
      - application/json; charset=utf-8
      User-Agent:
      - python/3.6.9 (Linux-4.19.76-linuxkit-x86_64-with-Ubuntu-18.04-bionic) msrest/0.6.10
        msrest_azure/0.6.2 azure-mgmt-logic/3.0.0 Azure-SDK-For-Python
      accept-language:
      - en-US
    method: PUT
    uri: https://management.azure.com/subscriptions/00000000-0000-0000-0000-000000000000/resourceGroups/rgname/providers/Microsoft.Logic/workflows/workflow683f167c?api-version=2016-06-01
  response:
    body:
      string: '{"properties":{"provisioningState":"Succeeded","createdTime":"2020-11-13T10:17:10.8509302Z","changedTime":"2020-11-13T10:17:10.839001Z","state":"Enabled","version":"08585963442546798098","accessEndpoint":"https://prod-18.eastus.logic.azure.com:443/workflows/b0dbdac3969243079d147ed75bbdab59","definition":{"$schema":"https://schema.management.azure.com/providers/Microsoft.Logic/schemas/2016-06-01/workflowdefinition.json#","contentVersion":"1.0.0.0","parameters":{},"triggers":{},"actions":{},"outputs":{}},"parameters":{},"endpointsConfiguration":{"workflow":{"outgoingIpAddresses":[{"address":"13.92.98.111"},{"address":"40.121.91.41"},{"address":"40.114.82.191"},{"address":"23.101.139.153"},{"address":"23.100.29.190"},{"address":"23.101.136.201"},{"address":"104.45.153.81"},{"address":"23.101.132.208"}],"accessEndpointIpAddresses":[{"address":"137.135.106.54"},{"address":"40.117.99.79"},{"address":"40.117.100.228"},{"address":"137.116.126.165"}]},"connector":{"outgoingIpAddresses":[{"address":"40.71.11.80/28"},{"address":"40.71.249.205"},{"address":"40.114.40.132"},{"address":"40.71.249.139"}]}}},"id":"/subscriptions/00000000-0000-0000-0000-000000000000/resourceGroups/rgname/providers/Microsoft.Logic/workflows/workflow683f167c","name":"workflow683f167c","type":"Microsoft.Logic/workflows","location":"eastus"}'
    headers:
      cache-control:
      - no-cache
      content-length:
      - '1394'
      content-type:
      - application/json; charset=utf-8
      date:
      - Fri, 13 Nov 2020 10:17:13 GMT
      expires:
      - '-1'
      pragma:
      - no-cache
      strict-transport-security:
      - max-age=31536000; includeSubDomains
      x-content-type-options:
      - nosniff
      x-ms-ratelimit-remaining-subscription-writes:
      - '1195'
    status:
      code: 201
      message: Created
- request:
    body: '{"properties": {"storageAccountId": "/subscriptions/00000000-0000-0000-0000-000000000000/resourceGroups/rgname/providers/Microsoft.Storage/storageAccounts/storageaccountx683f167c",
      "eventHubAuthorizationRuleId": "/subscriptions/00000000-0000-0000-0000-000000000000/resourceGroups/rgname/providers/microsoft.eventhub/namespaces/namespacex683f167c/authorizationrules/authorizationrulex683f167c",
      "eventHubName": "eventhubx683f167c", "metrics": [], "logs": [{"category": "WorkflowRuntime",
      "enabled": true, "retentionPolicy": {"enabled": false, "days": 0}}], "workspaceId":
      "/subscriptions/00000000-0000-0000-0000-000000000000/resourcegroups/rgname/providers/microsoft.operationalinsights/workspaces/workspacex8672683f167c"}}'
    headers:
      Accept:
      - application/json
      Accept-Encoding:
      - gzip, deflate
      Connection:
      - keep-alive
      Content-Length:
      - '929'
      Content-Type:
      - application/json
      User-Agent:
      - azsdk-python-azure-mgmt-eventhub/2.0.0 Python/3.6.9 (Linux-4.19.76-linuxkit-x86_64-with-Ubuntu-18.04-bionic)
    method: PUT
    uri: https://management.azure.com/subscriptions/00000000-0000-0000-0000-000000000000/resourceGroups/rgname/providers/Microsoft.Logic/workflows/workflow683f167c/providers/microsoft.insights/diagnosticSettings/insightx683f167c?api-version=2017-05-01-preview
  response:
    body:
      string: '{"id":"/subscriptions/00000000-0000-0000-0000-000000000000/resourcegroups/rgname/providers/microsoft.logic/workflows/workflow683f167c/providers/microsoft.insights/diagnosticSettings/insightx683f167c","type":null,"name":"insightx683f167c","location":null,"kind":null,"tags":null,"properties":{"storageAccountId":"/subscriptions/00000000-0000-0000-0000-000000000000/resourceGroups/rgname/providers/Microsoft.Storage/storageAccounts/storageaccountx683f167c","serviceBusRuleId":null,"workspaceId":"/subscriptions/00000000-0000-0000-0000-000000000000/resourcegroups/rgname/providers/microsoft.operationalinsights/workspaces/workspacex8672683f167c","eventHubAuthorizationRuleId":"/subscriptions/00000000-0000-0000-0000-000000000000/resourceGroups/rgname/providers/microsoft.eventhub/namespaces/namespacex683f167c/authorizationrules/authorizationrulex683f167c","eventHubName":"eventhubx683f167c","metrics":[],"logs":[{"category":"WorkflowRuntime","enabled":true,"retentionPolicy":{"enabled":false,"days":0}}],"logAnalyticsDestinationType":null},"identity":null}'
    headers:
      cache-control:
      - no-cache
      content-length:
      - '1330'
      content-type:
      - application/json; charset=utf-8
      date:
      - Fri, 13 Nov 2020 10:17:22 GMT
      expires:
      - '-1'
      pragma:
      - no-cache
      server:
      - Microsoft-IIS/10.0
      strict-transport-security:
      - max-age=31536000; includeSubDomains
      transfer-encoding:
      - chunked
      vary:
      - Accept-Encoding
      x-content-type-options:
      - nosniff
      x-ms-ratelimit-remaining-subscription-resource-requests:
      - '149'
    status:
      code: 200
      message: OK
- request:
    body: null
    headers:
      Accept:
      - application/json
      Accept-Encoding:
      - gzip, deflate
      Connection:
      - keep-alive
      User-Agent:
      - azsdk-python-azure-mgmt-eventhub/2.0.0 Python/3.6.9 (Linux-4.19.76-linuxkit-x86_64-with-Ubuntu-18.04-bionic)
    method: GET
    uri: https://management.azure.com/subscriptions/00000000-0000-0000-0000-000000000000/resourcegroups/rgname/providers/microsoft.logic/workflows/workflow683f167c/providers/microsoft.insights/diagnosticSettingsCategories?api-version=2017-05-01-preview
  response:
    body:
      string: '{"value":[{"id":"/subscriptions/00000000-0000-0000-0000-000000000000/resourcegroups/rgname/providers/microsoft.logic/workflows/workflow683f167c/providers/microsoft.insights/diagnosticSettingsCategories/WorkflowRuntime","type":"microsoft.insights/diagnosticSettingsCategories","name":"WorkflowRuntime","location":null,"kind":null,"tags":null,"properties":{"categoryType":"Logs"},"identity":null},{"id":"/subscriptions/00000000-0000-0000-0000-000000000000/resourcegroups/rgname/providers/microsoft.logic/workflows/workflow683f167c/providers/microsoft.insights/diagnosticSettingsCategories/AllMetrics","type":"microsoft.insights/diagnosticSettingsCategories","name":"AllMetrics","location":null,"kind":null,"tags":null,"properties":{"categoryType":"Metrics"},"identity":null}]}'
    headers:
      cache-control:
      - no-cache
      content-length:
      - '912'
      content-type:
      - application/json; charset=utf-8
      date:
      - Fri, 13 Nov 2020 10:17:22 GMT
      expires:
      - '-1'
      pragma:
      - no-cache
      server:
      - Microsoft-IIS/10.0
      strict-transport-security:
      - max-age=31536000; includeSubDomains
      transfer-encoding:
      - chunked
      vary:
      - Accept-Encoding
      x-content-type-options:
      - nosniff
    status:
      code: 200
      message: OK
- request:
    body: null
    headers:
      Accept:
      - application/json
      Accept-Encoding:
      - gzip, deflate
      Connection:
      - keep-alive
      User-Agent:
      - azsdk-python-azure-mgmt-eventhub/2.0.0 Python/3.6.9 (Linux-4.19.76-linuxkit-x86_64-with-Ubuntu-18.04-bionic)
    method: GET
    uri: https://management.azure.com/subscriptions/00000000-0000-0000-0000-000000000000/resourcegroups/rgname/providers/microsoft.logic/workflows/workflow683f167c/providers/microsoft.insights/diagnosticSettings?api-version=2017-05-01-preview
  response:
    body:
      string: '{"value":[{"id":"/subscriptions/00000000-0000-0000-0000-000000000000/resourcegroups/rgname/providers/microsoft.logic/workflows/workflow683f167c/providers/microsoft.insights/diagnosticSettings/insightx683f167c","type":null,"name":"insightx683f167c","location":null,"kind":null,"tags":null,"properties":{"storageAccountId":"/subscriptions/00000000-0000-0000-0000-000000000000/resourceGroups/rgname/providers/Microsoft.Storage/storageAccounts/storageaccountx683f167c","serviceBusRuleId":null,"workspaceId":"/subscriptions/00000000-0000-0000-0000-000000000000/resourcegroups/rgname/providers/microsoft.operationalinsights/workspaces/workspacex8672683f167c","eventHubAuthorizationRuleId":"/subscriptions/00000000-0000-0000-0000-000000000000/resourceGroups/rgname/providers/microsoft.eventhub/namespaces/namespacex683f167c/authorizationrules/authorizationrulex683f167c","eventHubName":"eventhubx683f167c","metrics":[],"logs":[{"category":"WorkflowRuntime","enabled":true,"retentionPolicy":{"enabled":false,"days":0}}],"logAnalyticsDestinationType":null},"identity":null}]}'
    headers:
      cache-control:
      - no-cache
      content-length:
      - '1342'
      content-type:
      - application/json; charset=utf-8
      date:
      - Fri, 13 Nov 2020 10:17:23 GMT
      expires:
      - '-1'
      pragma:
      - no-cache
      server:
      - Microsoft-IIS/10.0
      strict-transport-security:
      - max-age=31536000; includeSubDomains
      transfer-encoding:
      - chunked
      vary:
      - Accept-Encoding
      x-content-type-options:
      - nosniff
    status:
      code: 200
      message: OK
- request:
    body: null
    headers:
      Accept:
      - application/json
      Accept-Encoding:
      - gzip, deflate
      Connection:
      - keep-alive
      User-Agent:
      - azsdk-python-azure-mgmt-eventhub/2.0.0 Python/3.6.9 (Linux-4.19.76-linuxkit-x86_64-with-Ubuntu-18.04-bionic)
    method: GET
    uri: https://management.azure.com/subscriptions/00000000-0000-0000-0000-000000000000/resourcegroups/rgname/providers/microsoft.logic/workflows/workflow683f167c/providers/microsoft.insights/diagnosticSettings/insightx683f167c?api-version=2017-05-01-preview
  response:
    body:
      string: '{"id":"/subscriptions/00000000-0000-0000-0000-000000000000/resourcegroups/rgname/providers/microsoft.logic/workflows/workflow683f167c/providers/microsoft.insights/diagnosticSettings/insightx683f167c","type":null,"name":"insightx683f167c","location":null,"kind":null,"tags":null,"properties":{"storageAccountId":"/subscriptions/00000000-0000-0000-0000-000000000000/resourceGroups/rgname/providers/Microsoft.Storage/storageAccounts/storageaccountx683f167c","serviceBusRuleId":null,"workspaceId":"/subscriptions/00000000-0000-0000-0000-000000000000/resourcegroups/rgname/providers/microsoft.operationalinsights/workspaces/workspacex8672683f167c","eventHubAuthorizationRuleId":"/subscriptions/00000000-0000-0000-0000-000000000000/resourceGroups/rgname/providers/microsoft.eventhub/namespaces/namespacex683f167c/authorizationrules/authorizationrulex683f167c","eventHubName":"eventhubx683f167c","metrics":[{"category":"AllMetrics","enabled":false,"retentionPolicy":{"enabled":false,"days":0}}],"logs":[{"category":"WorkflowRuntime","enabled":true,"retentionPolicy":{"enabled":false,"days":0}}],"logAnalyticsDestinationType":null},"identity":null}'
    headers:
      cache-control:
      - no-cache
      content-length:
      - '1416'
      content-type:
      - application/json; charset=utf-8
      date:
      - Fri, 13 Nov 2020 10:17:23 GMT
      expires:
      - '-1'
      pragma:
      - no-cache
      server:
      - Microsoft-IIS/10.0
      strict-transport-security:
      - max-age=31536000; includeSubDomains
      transfer-encoding:
      - chunked
      vary:
      - Accept-Encoding
      x-content-type-options:
      - nosniff
    status:
      code: 200
      message: OK
- request:
    body: null
    headers:
      Accept:
      - application/json
      Accept-Encoding:
      - gzip, deflate
      Connection:
      - keep-alive
      User-Agent:
      - azsdk-python-azure-mgmt-eventhub/2.0.0 Python/3.6.9 (Linux-4.19.76-linuxkit-x86_64-with-Ubuntu-18.04-bionic)
    method: GET
    uri: https://management.azure.com/subscriptions/00000000-0000-0000-0000-000000000000/resourcegroups/rgname/providers/microsoft.logic/workflows/workflow683f167c/providers/microsoft.insights/diagnosticSettingsCategories/WorkflowRuntime?api-version=2017-05-01-preview
  response:
    body:
      string: '{"id":"/subscriptions/00000000-0000-0000-0000-000000000000/resourcegroups/rgname/providers/microsoft.logic/workflows/workflow683f167c/providers/microsoft.insights/diagnosticSettingsCategories/WorkflowRuntime","type":"microsoft.insights/diagnosticSettingsCategories","name":"WorkflowRuntime","location":null,"kind":null,"tags":null,"properties":{"categoryType":"Logs"},"identity":null}'
    headers:
      cache-control:
      - no-cache
      content-length:
      - '453'
      content-type:
      - application/json; charset=utf-8
      date:
      - Fri, 13 Nov 2020 10:17:24 GMT
      expires:
      - '-1'
      pragma:
      - no-cache
      server:
      - Microsoft-IIS/10.0
      strict-transport-security:
      - max-age=31536000; includeSubDomains
      transfer-encoding:
      - chunked
      vary:
      - Accept-Encoding
      x-content-type-options:
      - nosniff
    status:
      code: 200
      message: OK
- request:
    body: null
    headers:
      Accept:
      - application/json
      Accept-Encoding:
      - gzip, deflate
      Connection:
      - keep-alive
      Content-Length:
      - '0'
      User-Agent:
      - azsdk-python-azure-mgmt-eventhub/2.0.0 Python/3.6.9 (Linux-4.19.76-linuxkit-x86_64-with-Ubuntu-18.04-bionic)
    method: DELETE
    uri: https://management.azure.com/subscriptions/00000000-0000-0000-0000-000000000000/resourcegroups/rgname/providers/microsoft.logic/workflows/workflow683f167c/providers/microsoft.insights/diagnosticSettings/insightx683f167c?api-version=2017-05-01-preview
  response:
    body:
      string: ''
    headers:
      cache-control:
      - no-cache
      content-length:
      - '0'
      date:
      - Fri, 13 Nov 2020 10:17:26 GMT
      expires:
      - '-1'
      pragma:
      - no-cache
      server:
      - Microsoft-IIS/10.0
      strict-transport-security:
      - max-age=31536000; includeSubDomains
      x-content-type-options:
      - nosniff
      x-ms-ratelimit-remaining-subscription-deletes:
      - '14998'
    status:
      code: 200
      message: OK
version: 1
