{
  "Entries": [
    {
      "RequestUri": "https://login.microsoftonline.com/00000000-0000-0000-0000-000000000000/v2.0/.well-known/openid-configuration",
      "RequestMethod": "GET",
      "RequestHeaders": {
        "Accept": "*/*",
        "Accept-Encoding": "gzip, deflate",
        "Connection": "keep-alive",
        "User-Agent": "azsdk-python-identity/1.13.0b4 Python/3.11.2 (Windows-10-10.0.22621-SP0)"
      },
      "RequestBody": null,
      "StatusCode": 200,
      "ResponseHeaders": {
        "Access-Control-Allow-Methods": "GET, OPTIONS",
        "Access-Control-Allow-Origin": "*",
        "Cache-Control": "max-age=86400, private",
        "Content-Length": "1753",
        "Content-Type": "application/json; charset=utf-8",
        "Date": "Fri, 19 May 2023 23:10:36 GMT",
        "P3P": "CP=\u0022DSP CUR OTPi IND OTRi ONL FIN\u0022",
        "Set-Cookie": "[set-cookie;]",
        "Strict-Transport-Security": "max-age=31536000; includeSubDomains",
        "X-Content-Type-Options": "nosniff",
        "x-ms-ests-server": "2.1.15427.9 - EUS ProdSlices",
        "X-XSS-Protection": "0"
      },
      "ResponseBody": {
        "token_endpoint": "https://login.microsoftonline.com/00000000-0000-0000-0000-000000000000/oauth2/v2.0/token",
        "token_endpoint_auth_methods_supported": [
          "client_secret_post",
          "private_key_jwt",
          "client_secret_basic"
        ],
        "jwks_uri": "https://login.microsoftonline.com/00000000-0000-0000-0000-000000000000/discovery/v2.0/keys",
        "response_modes_supported": [
          "query",
          "fragment",
          "form_post"
        ],
        "subject_types_supported": [
          "pairwise"
        ],
        "id_token_signing_alg_values_supported": [
          "RS256"
        ],
        "response_types_supported": [
          "code",
          "id_token",
          "code id_token",
          "id_token token"
        ],
        "scopes_supported": [
          "openid",
          "profile",
          "email",
          "offline_access"
        ],
        "issuer": "https://login.microsoftonline.com/00000000-0000-0000-0000-000000000000/v2.0",
        "request_uri_parameter_supported": false,
        "userinfo_endpoint": "https://graph.microsoft.com/oidc/userinfo",
        "authorization_endpoint": "https://login.microsoftonline.com/00000000-0000-0000-0000-000000000000/oauth2/v2.0/authorize",
        "device_authorization_endpoint": "https://login.microsoftonline.com/00000000-0000-0000-0000-000000000000/oauth2/v2.0/devicecode",
        "http_logout_supported": true,
        "frontchannel_logout_supported": true,
        "end_session_endpoint": "https://login.microsoftonline.com/00000000-0000-0000-0000-000000000000/oauth2/v2.0/logout",
        "claims_supported": [
          "sub",
          "iss",
          "cloud_instance_name",
          "cloud_instance_host_name",
          "cloud_graph_host_name",
          "msgraph_host",
          "aud",
          "exp",
          "iat",
          "auth_time",
          "acr",
          "nonce",
          "preferred_username",
          "name",
          "tid",
          "ver",
          "at_hash",
          "c_hash",
          "email"
        ],
        "kerberos_endpoint": "https://login.microsoftonline.com/00000000-0000-0000-0000-000000000000/kerberos",
        "tenant_region_scope": "WW",
        "cloud_instance_name": "microsoftonline.com",
        "cloud_graph_host_name": "graph.windows.net",
        "msgraph_host": "graph.microsoft.com",
        "rbac_url": "https://pas.windows.net"
      }
    },
    {
      "RequestUri": "https://login.microsoftonline.com/common/discovery/instance?api-version=1.1\u0026authorization_endpoint=https://login.microsoftonline.com/common/oauth2/authorize",
      "RequestMethod": "GET",
      "RequestHeaders": {
        "Accept": "application/json",
        "Accept-Encoding": "gzip, deflate",
        "Connection": "keep-alive",
        "Cookie": "cookie;",
        "User-Agent": "azsdk-python-identity/1.13.0b4 Python/3.11.2 (Windows-10-10.0.22621-SP0)"
      },
      "RequestBody": null,
      "StatusCode": 200,
      "ResponseHeaders": {
        "Access-Control-Allow-Methods": "GET, OPTIONS",
        "Access-Control-Allow-Origin": "*",
        "Cache-Control": "max-age=86400, private",
        "Content-Length": "945",
        "Content-Security-Policy-Report-Only": "script-src \u0027self\u0027 \u0027nonce-Sm2vJcy1-MNOUCU5aYdj8w\u0027 \u0027unsafe-eval\u0027 \u0027unsafe-inline\u0027 \u0027report-sample\u0027; object-src \u0027none\u0027; base-uri \u0027self\u0027; report-uri https://csp.microsoft.com/report/ESTS-UX-All",
        "Content-Type": "application/json; charset=utf-8",
        "Date": "Fri, 19 May 2023 23:10:36 GMT",
        "P3P": "CP=\u0022DSP CUR OTPi IND OTRi ONL FIN\u0022",
        "Set-Cookie": "[set-cookie;]",
        "Strict-Transport-Security": "max-age=31536000; includeSubDomains",
        "X-Content-Type-Options": "nosniff",
        "x-ms-ests-server": "2.1.15427.11 - WUS2 ProdSlices",
        "X-XSS-Protection": "0"
      },
      "ResponseBody": {
        "tenant_discovery_endpoint": "https://login.microsoftonline.com/common/.well-known/openid-configuration",
        "api-version": "1.1",
        "metadata": [
          {
            "preferred_network": "login.microsoftonline.com",
            "preferred_cache": "login.windows.net",
            "aliases": [
              "login.microsoftonline.com",
              "login.windows.net",
              "login.microsoft.com",
              "sts.windows.net"
            ]
          },
          {
            "preferred_network": "login.partner.microsoftonline.cn",
            "preferred_cache": "login.partner.microsoftonline.cn",
            "aliases": [
              "login.partner.microsoftonline.cn",
              "login.chinacloudapi.cn"
            ]
          },
          {
            "preferred_network": "login.microsoftonline.de",
            "preferred_cache": "login.microsoftonline.de",
            "aliases": [
              "login.microsoftonline.de"
            ]
          },
          {
            "preferred_network": "login.microsoftonline.us",
            "preferred_cache": "login.microsoftonline.us",
            "aliases": [
              "login.microsoftonline.us",
              "login.usgovcloudapi.net"
            ]
          },
          {
            "preferred_network": "login-us.microsoftonline.com",
            "preferred_cache": "login-us.microsoftonline.com",
            "aliases": [
              "login-us.microsoftonline.com"
            ]
          }
        ]
      }
    },
    {
      "RequestUri": "https://login.microsoftonline.com/00000000-0000-0000-0000-000000000000/oauth2/v2.0/token",
      "RequestMethod": "POST",
      "RequestHeaders": {
        "Accept": "application/json",
        "Accept-Encoding": "gzip, deflate",
        "client-request-id": "0fd9ce99-4b93-4149-b5e0-795733ca96f7",
        "Connection": "keep-alive",
        "Content-Length": "298",
        "Content-Type": "application/x-www-form-urlencoded",
        "Cookie": "cookie;",
        "User-Agent": "azsdk-python-identity/1.13.0b4 Python/3.11.2 (Windows-10-10.0.22621-SP0)",
        "x-client-cpu": "x64",
        "x-client-current-telemetry": "4|730,0|",
        "x-client-last-telemetry": "4|0|||",
        "x-client-os": "win32",
        "x-client-sku": "MSAL.Python",
        "x-client-ver": "1.22.0",
        "x-ms-lib-capability": "retry-after, h429"
      },
      "RequestBody": "client_id=00000000-0000-0000-0000-000000000000\u0026grant_type=client_credentials\u0026client_info=1\u0026client_secret=00000000-0000-0000-0000-000000000000\u0026claims=%7B%22access_token%22%3A\u002B%7B%22xms_cc%22%3A\u002B%7B%22values%22%3A\u002B%5B%22CP1%22%5D%7D%7D%7D\u0026scope=https%3A%2F%2Fazure-devices-provisioning.net%2F.default",
      "StatusCode": 200,
      "ResponseHeaders": {
        "Cache-Control": "no-store, no-cache",
        "client-request-id": "0fd9ce99-4b93-4149-b5e0-795733ca96f7",
        "Content-Length": "114",
        "Content-Security-Policy-Report-Only": "script-src \u0027self\u0027 \u0027nonce-ajHcvGXyHh3bY4yveC1y6A\u0027 \u0027unsafe-eval\u0027 \u0027unsafe-inline\u0027 \u0027report-sample\u0027; object-src \u0027none\u0027; base-uri \u0027self\u0027; report-uri https://csp.microsoft.com/report/ESTS-UX-All",
        "Content-Type": "application/json; charset=utf-8",
        "Date": "Fri, 19 May 2023 23:10:36 GMT",
        "Expires": "-1",
        "P3P": "CP=\u0022DSP CUR OTPi IND OTRi ONL FIN\u0022",
        "Pragma": "no-cache",
        "Set-Cookie": "[set-cookie;]",
        "Strict-Transport-Security": "max-age=31536000; includeSubDomains",
        "X-Content-Type-Options": "nosniff",
        "x-ms-clitelem": "1,0,0,,",
        "x-ms-ests-server": "2.1.15427.11 - WUS2 ProdSlices",
        "X-XSS-Protection": "0"
      },
      "ResponseBody": {
        "token_type": "Bearer",
        "expires_in": 86399,
        "ext_expires_in": 86399,
        "refresh_in": 43199,
        "access_token": "access_token"
      }
    },
    {
      "RequestUri": "https://fake-resource.azure-devices-provisioning.net/enrollmentGroups/sym_enroll_grp_c6f13a4a?api-version=2021-10-01",
      "RequestMethod": "PUT",
      "RequestHeaders": {
        "Accept": "application/json",
        "Accept-Encoding": "gzip, deflate",
        "Connection": "keep-alive",
        "Content-Length": "400",
        "Content-Type": "application/json",
        "User-Agent": "azsdk-python-az-iot-dps-python/1.0.0b1 Python/3.11.2 (Windows-10-10.0.22621-SP0)"
      },
      "RequestBody": {
        "enrollmentGroupId": "sym_enroll_grp_c6f13a4a",
        "attestation": {
          "type": "symmetricKey",
          "symmetricKey": {
            "primaryKey": "primaryKey",
            "secondaryKey": "secondaryKey"
          }
        },
        "allocationPolicy": "geoLatency",
        "capabilities": null,
        "provisioningStatus": null,
        "reprovisionPolicy": {
          "migrateDeviceData": true,
          "updateHubAssignment": true
        },
        "iotHubs": null,
        "iotHubHostName": null,
        "initialTwin": null,
        "customAllocationDefinition": null
      },
      "StatusCode": 200,
      "ResponseHeaders": {
        "Content-Type": "application/json; charset=utf-8",
        "Date": "Fri, 19 May 2023 23:10:37 GMT",
        "Strict-Transport-Security": "max-age=31536000; includeSubDomains",
        "Transfer-Encoding": "chunked"
      },
      "ResponseBody": {
        "enrollmentGroupId": "sym_enroll_grp_c6f13a4a",
        "attestation": {
          "type": "symmetricKey",
          "symmetricKey": {
            "primaryKey": "primaryKey",
            "secondaryKey": "secondaryKey"
          }
        },
        "etag": "IjBhMDAxZjQyLTAwMDAtMDgwMC0wMDAwLTY0NjgwMWVkMDAwMCI=",
        "provisioningStatus": null,
        "reprovisionPolicy": {
          "updateHubAssignment": true,
          "migrateDeviceData": true
        },
        "createdDateTimeUtc": "2023-05-19T23:10:37.1406829Z",
        "lastUpdatedDateTimeUtc": "2023-05-19T23:10:37.1406829Z",
        "allocationPolicy": "geoLatency"
      }
    },
    {
      "RequestUri": "https://fake-resource.azure-devices-provisioning.net/enrollmentGroups/query?api-version=2021-10-01",
      "RequestMethod": "POST",
      "RequestHeaders": {
        "Accept": "application/json",
        "Accept-Encoding": "gzip, deflate",
        "Connection": "keep-alive",
        "Content-Length": "21",
        "Content-Type": "application/json",
        "User-Agent": "azsdk-python-az-iot-dps-python/1.0.0b1 Python/3.11.2 (Windows-10-10.0.22621-SP0)"
      },
      "RequestBody": {
        "query": "SELECT *"
      },
      "StatusCode": 200,
      "ResponseHeaders": {
        "Content-Type": "application/json; charset=utf-8",
        "Date": "Fri, 19 May 2023 23:10:37 GMT",
        "Strict-Transport-Security": "max-age=31536000; includeSubDomains",
        "Transfer-Encoding": "chunked",
        "X-Content-Type-Options": "nosniff",
        "x-ms-item-type": "EnrollmentGroup"
      },
      "ResponseBody": "[{\u0022enrollmentGroupId\u0022:\u0022sym_enroll_grp_c6f13a4a\u0022,\u0022attestation\u0022:{\u0022type\u0022:\u0022symmetricKey\u0022},\u0022etag\u0022:\u0022IjBhMDAxZjQyLTAwMDAtMDgwMC0wMDAwLTY0NjgwMWVkMDAwMCI=\u0022,\u0022provisioningStatus\u0022:null,\u0022reprovisionPolicy\u0022:{\u0022updateHubAssignment\u0022:true,\u0022migrateDeviceData\u0022:true},\u0022createdDateTimeUtc\u0022:\u00222023-05-19T23:10:37.1406829Z\u0022,\u0022lastUpdatedDateTimeUtc\u0022:\u00222023-05-19T23:10:37.1406829Z\u0022,\u0022allocationPolicy\u0022:\u0022geoLatency\u0022}]"
    },
    {
      "RequestUri": "https://fake-resource.azure-devices-provisioning.net/enrollmentGroups/sym_enroll_grp_c6f13a4a?api-version=2021-10-01",
      "RequestMethod": "GET",
      "RequestHeaders": {
        "Accept": "application/json",
        "Accept-Encoding": "gzip, deflate",
        "Connection": "keep-alive",
        "User-Agent": "azsdk-python-az-iot-dps-python/1.0.0b1 Python/3.11.2 (Windows-10-10.0.22621-SP0)"
      },
      "RequestBody": null,
      "StatusCode": 200,
      "ResponseHeaders": {
        "Content-Type": "application/json; charset=utf-8",
        "Date": "Fri, 19 May 2023 23:10:37 GMT",
        "Strict-Transport-Security": "max-age=31536000; includeSubDomains",
        "Transfer-Encoding": "chunked"
      },
      "ResponseBody": {
        "enrollmentGroupId": "sym_enroll_grp_c6f13a4a",
        "attestation": {
          "type": "symmetricKey"
        },
        "etag": "IjBhMDAxZjQyLTAwMDAtMDgwMC0wMDAwLTY0NjgwMWVkMDAwMCI=",
        "provisioningStatus": null,
        "reprovisionPolicy": {
          "updateHubAssignment": true,
          "migrateDeviceData": true
        },
        "createdDateTimeUtc": "2023-05-19T23:10:37.1406829Z",
        "lastUpdatedDateTimeUtc": "2023-05-19T23:10:37.1406829Z",
        "allocationPolicy": "geoLatency"
      }
    },
    {
      "RequestUri": "https://fake-resource.azure-devices-provisioning.net/enrollmentGroups/sym_enroll_grp_c6f13a4a/attestationmechanism?api-version=2021-10-01",
      "RequestMethod": "POST",
      "RequestHeaders": {
        "Accept": "application/json",
        "Accept-Encoding": "gzip, deflate",
        "Connection": "keep-alive",
        "Content-Length": "0",
        "User-Agent": "azsdk-python-az-iot-dps-python/1.0.0b1 Python/3.11.2 (Windows-10-10.0.22621-SP0)"
      },
      "RequestBody": null,
      "StatusCode": 200,
      "ResponseHeaders": {
        "Content-Type": "application/json; charset=utf-8",
        "Date": "Fri, 19 May 2023 23:10:37 GMT",
        "Strict-Transport-Security": "max-age=31536000; includeSubDomains",
        "Transfer-Encoding": "chunked"
      },
      "ResponseBody": {
        "type": "symmetricKey",
        "symmetricKey": {
          "primaryKey": "primaryKey",
          "secondaryKey": "secondaryKey"
        }
      }
    },
    {
      "RequestUri": "https://fake-resource.azure-devices-provisioning.net/enrollmentGroups/sym_enroll_grp_c6f13a4a?api-version=2021-10-01",
      "RequestMethod": "PUT",
      "RequestHeaders": {
        "Accept": "application/json",
        "Accept-Encoding": "gzip, deflate",
        "Connection": "keep-alive",
        "Content-Length": "462",
        "Content-Type": "application/json",
        "If-Match": "IjBhMDAxZjQyLTAwMDAtMDgwMC0wMDAwLTY0NjgwMWVkMDAwMCI=",
        "User-Agent": "azsdk-python-az-iot-dps-python/1.0.0b1 Python/3.11.2 (Windows-10-10.0.22621-SP0)"
      },
      "RequestBody": {
        "enrollmentGroupId": "sym_enroll_grp_c6f13a4a",
        "attestation": {
          "type": "symmetricKey",
          "symmetricKey": {
            "primaryKey": "primaryKey",
            "secondaryKey": "secondaryKey"
          }
        },
        "allocationPolicy": "custom",
        "capabilities": null,
        "provisioningStatus": "disabled",
        "reprovisionPolicy": {
          "migrateDeviceData": true,
          "updateHubAssignment": true
        },
        "iotHubs": null,
        "iotHubHostName": null,
        "initialTwin": null,
        "customAllocationDefinition": {
          "webhookUrl": "https://www.test.test",
          "apiVersion": "2019-03-31"
        }
      },
      "StatusCode": 200,
      "ResponseHeaders": {
        "Content-Type": "application/json; charset=utf-8",
        "Date": "Fri, 19 May 2023 23:10:37 GMT",
        "Strict-Transport-Security": "max-age=31536000; includeSubDomains",
        "Transfer-Encoding": "chunked"
      },
      "ResponseBody": {
        "enrollmentGroupId": "sym_enroll_grp_c6f13a4a",
        "attestation": {
          "type": "symmetricKey",
          "symmetricKey": {
            "primaryKey": "primaryKey",
            "secondaryKey": "secondaryKey"
          }
        },
        "etag": "IjBhMDAyMTQyLTAwMDAtMDgwMC0wMDAwLTY0NjgwMWVkMDAwMCI=",
        "provisioningStatus": "disabled",
        "reprovisionPolicy": {
          "updateHubAssignment": true,
          "migrateDeviceData": true
        },
        "createdDateTimeUtc": "2023-05-19T23:10:37.1406829Z",
        "lastUpdatedDateTimeUtc": "2023-05-19T23:10:37.4651868Z",
        "allocationPolicy": "custom",
        "customAllocationDefinition": {
          "webhookUrl": "https://www.test.test",
          "apiVersion": "2019-03-31"
        }
      }
    },
    {
      "RequestUri": "https://fake-resource.azure-devices-provisioning.net/enrollmentGroups/sym_enroll_grp2_c6f13a4a?api-version=2021-10-01",
      "RequestMethod": "PUT",
      "RequestHeaders": {
        "Accept": "application/json",
        "Accept-Encoding": "gzip, deflate",
        "Connection": "keep-alive",
        "Content-Length": "418",
        "Content-Type": "application/json",
        "User-Agent": "azsdk-python-az-iot-dps-python/1.0.0b1 Python/3.11.2 (Windows-10-10.0.22621-SP0)"
      },
      "RequestBody": {
        "enrollmentGroupId": "sym_enroll_grp2_c6f13a4a",
        "attestation": {
          "type": "symmetricKey",
          "symmetricKey": {
            "primaryKey": null,
            "secondaryKey": null
          }
        },
        "allocationPolicy": "custom",
        "capabilities": null,
        "provisioningStatus": null,
        "reprovisionPolicy": null,
        "iotHubs": null,
        "iotHubHostName": null,
        "initialTwin": null,
        "customAllocationDefinition": {
          "webhookUrl": "https://www.test.test",
          "apiVersion": "2019-03-31"
        }
      },
      "StatusCode": 200,
      "ResponseHeaders": {
        "Content-Type": "application/json; charset=utf-8",
        "Date": "Fri, 19 May 2023 23:10:37 GMT",
        "Strict-Transport-Security": "max-age=31536000; includeSubDomains",
        "Transfer-Encoding": "chunked"
      },
      "ResponseBody": {
        "enrollmentGroupId": "sym_enroll_grp2_c6f13a4a",
        "attestation": {
          "type": "symmetricKey",
          "symmetricKey": {
            "primaryKey": "primaryKey",
            "secondaryKey": "secondaryKey"
          }
        },
        "etag": "IjBhMDAyNDQyLTAwMDAtMDgwMC0wMDAwLTY0NjgwMWVkMDAwMCI=",
        "provisioningStatus": null,
        "createdDateTimeUtc": "2023-05-19T23:10:37.5264387Z",
        "lastUpdatedDateTimeUtc": "2023-05-19T23:10:37.5264387Z",
        "allocationPolicy": "custom",
        "customAllocationDefinition": {
          "webhookUrl": "https://www.test.test",
          "apiVersion": "2019-03-31"
        }
      }
    },
    {
      "RequestUri": "https://fake-resource.azure-devices-provisioning.net/enrollmentGroups/query?api-version=2021-10-01",
      "RequestMethod": "POST",
      "RequestHeaders": {
        "Accept": "application/json",
        "Accept-Encoding": "gzip, deflate",
        "Connection": "keep-alive",
        "Content-Length": "21",
        "Content-Type": "application/json",
        "User-Agent": "azsdk-python-az-iot-dps-python/1.0.0b1 Python/3.11.2 (Windows-10-10.0.22621-SP0)"
      },
      "RequestBody": {
        "query": "SELECT *"
      },
      "StatusCode": 200,
      "ResponseHeaders": {
        "Content-Type": "application/json; charset=utf-8",
        "Date": "Fri, 19 May 2023 23:10:37 GMT",
        "Strict-Transport-Security": "max-age=31536000; includeSubDomains",
        "Transfer-Encoding": "chunked",
        "X-Content-Type-Options": "nosniff",
        "x-ms-item-type": "EnrollmentGroup"
      },
      "ResponseBody": "[{\u0022enrollmentGroupId\u0022:\u0022sym_enroll_grp_c6f13a4a\u0022,\u0022attestation\u0022:{\u0022type\u0022:\u0022symmetricKey\u0022},\u0022etag\u0022:\u0022IjBhMDAyMTQyLTAwMDAtMDgwMC0wMDAwLTY0NjgwMWVkMDAwMCI=\u0022,\u0022provisioningStatus\u0022:\u0022disabled\u0022,\u0022reprovisionPolicy\u0022:{\u0022updateHubAssignment\u0022:true,\u0022migrateDeviceData\u0022:true},\u0022createdDateTimeUtc\u0022:\u00222023-05-19T23:10:37.1406829Z\u0022,\u0022lastUpdatedDateTimeUtc\u0022:\u00222023-05-19T23:10:37.4651868Z\u0022,\u0022allocationPolicy\u0022:\u0022custom\u0022,\u0022customAllocationDefinition\u0022:{\u0022webhookUrl\u0022:\u0022https://www.test.test\u0022,\u0022apiVersion\u0022:\u00222019-03-31\u0022}},{\u0022enrollmentGroupId\u0022:\u0022sym_enroll_grp2_c6f13a4a\u0022,\u0022attestation\u0022:{\u0022type\u0022:\u0022symmetricKey\u0022},\u0022etag\u0022:\u0022IjBhMDAyNDQyLTAwMDAtMDgwMC0wMDAwLTY0NjgwMWVkMDAwMCI=\u0022,\u0022provisioningStatus\u0022:null,\u0022createdDateTimeUtc\u0022:\u00222023-05-19T23:10:37.5264387Z\u0022,\u0022lastUpdatedDateTimeUtc\u0022:\u00222023-05-19T23:10:37.5264387Z\u0022,\u0022allocationPolicy\u0022:\u0022custom\u0022,\u0022customAllocationDefinition\u0022:{\u0022webhookUrl\u0022:\u0022https://www.test.test\u0022,\u0022apiVersion\u0022:\u00222019-03-31\u0022}}]"
    },
    {
      "RequestUri": "https://fake-resource.azure-devices-provisioning.net/enrollmentGroups/sym_enroll_grp_c6f13a4a?api-version=2021-10-01",
      "RequestMethod": "DELETE",
      "RequestHeaders": {
        "Accept": "application/json",
        "Accept-Encoding": "gzip, deflate",
        "Connection": "keep-alive",
        "Content-Length": "0",
        "User-Agent": "azsdk-python-az-iot-dps-python/1.0.0b1 Python/3.11.2 (Windows-10-10.0.22621-SP0)"
      },
      "RequestBody": null,
      "StatusCode": 204,
      "ResponseHeaders": {
        "Date": "Fri, 19 May 2023 23:10:37 GMT",
        "Strict-Transport-Security": "max-age=31536000; includeSubDomains"
      },
      "ResponseBody": null
    },
    {
      "RequestUri": "https://fake-resource.azure-devices-provisioning.net/enrollmentGroups/sym_enroll_grp2_c6f13a4a?api-version=2021-10-01",
      "RequestMethod": "DELETE",
      "RequestHeaders": {
        "Accept": "application/json",
        "Accept-Encoding": "gzip, deflate",
        "Connection": "keep-alive",
        "Content-Length": "0",
        "User-Agent": "azsdk-python-az-iot-dps-python/1.0.0b1 Python/3.11.2 (Windows-10-10.0.22621-SP0)"
      },
      "RequestBody": null,
      "StatusCode": 204,
      "ResponseHeaders": {
        "Date": "Fri, 19 May 2023 23:10:37 GMT",
        "Strict-Transport-Security": "max-age=31536000; includeSubDomains"
      },
      "ResponseBody": null
    },
    {
      "RequestUri": "https://fake-resource.azure-devices-provisioning.net/enrollmentGroups/query?api-version=2021-10-01",
      "RequestMethod": "POST",
      "RequestHeaders": {
        "Accept": "application/json",
        "Accept-Encoding": "gzip, deflate",
        "Connection": "keep-alive",
        "Content-Length": "21",
        "Content-Type": "application/json",
        "User-Agent": "azsdk-python-az-iot-dps-python/1.0.0b1 Python/3.11.2 (Windows-10-10.0.22621-SP0)"
      },
      "RequestBody": {
        "query": "SELECT *"
      },
      "StatusCode": 200,
      "ResponseHeaders": {
        "Content-Type": "application/json; charset=utf-8",
        "Date": "Fri, 19 May 2023 23:10:37 GMT",
        "Strict-Transport-Security": "max-age=31536000; includeSubDomains",
        "Transfer-Encoding": "chunked",
        "X-Content-Type-Options": "nosniff",
        "x-ms-item-type": "EnrollmentGroup"
      },
      "ResponseBody": "[]"
    }
  ],
  "Variables": {}
}
