interactions:
- request:
    body: 'b''{"name": "sample-datasource", "type": "azureblob", "credentials": {"connectionString":
      "connection_string"}, "container": {"name": "searchcontainer"}}'''
    headers:
      Accept:
      - application/json;odata.metadata=minimal
      Content-Length:
      - '321'
      Content-Type:
      - application/json
      User-Agent:
      - azsdk-python-search-documents/1.0.0b3 Python/3.7.3 (Windows-10-10.0.17763-SP0)
      api-key:
      - 7249924270B36D2B8D2CB30BD19258AA
    method: POST
    uri: https://search545d108d.search.windows.net/datasources?api-version=2019-05-06-Preview
  response:
    body:
      string: '{"@odata.context":"https://search545d108d.search.windows.net/$metadata#datasources/$entity","@odata.etag":"\"0x8D7ED5284CBEA3F\"","name":"sample-datasource","description":null,"type":"azureblob","subtype":null,"credentials":{"connectionString":null},"container":{"name":"searchcontainer","query":null},"dataChangeDetectionPolicy":null,"dataDeletionDetectionPolicy":null}'
    headers:
      cache-control: no-cache
      content-length: '370'
      content-type: application/json; odata.metadata=minimal
      date: Thu, 30 Apr 2020 22:04:56 GMT
      elapsed-time: '34'
      etag: W/"0x8D7ED5284CBEA3F"
      expires: '-1'
      location: https://search545d108d.search.windows.net/datasources('sample-datasource')?api-version=2019-05-06-Preview
      odata-version: '4.0'
      pragma: no-cache
      preference-applied: odata.include-annotations="*"
      request-id: a0b44d68-8b2e-11ea-8600-2816a845e8c6
      strict-transport-security: max-age=15724800; includeSubDomains
    status:
      code: 201
      message: Created
    url: !!python/object/new:yarl.URL
      state: !!python/tuple
      - !!python/object/new:urllib.parse.SplitResult
        - https
        - search545d108d.search.windows.net
        - /datasources
        - api-version=2019-05-06-Preview
        - ''
- request:
    body: '{"name": "hotels", "fields": [{"name": "hotelId", "type": "Edm.String",
      "key": true, "searchable": false}]}'
    headers:
      Accept:
      - application/json;odata.metadata=minimal
      Content-Length:
      - '107'
      Content-Type:
      - application/json
      User-Agent:
      - azsdk-python-search-documents/1.0.0b3 Python/3.7.3 (Windows-10-10.0.17763-SP0)
      api-key:
      - 7249924270B36D2B8D2CB30BD19258AA
    method: POST
    uri: https://search545d108d.search.windows.net/indexes?api-version=2019-05-06-Preview
  response:
    body:
      string: '{"@odata.context":"https://search545d108d.search.windows.net/$metadata#indexes/$entity","@odata.etag":"\"0x8D7ED5285782812\"","name":"hotels","defaultScoringProfile":null,"fields":[{"name":"hotelId","type":"Edm.String","searchable":false,"filterable":true,"retrievable":true,"sortable":true,"facetable":true,"key":true,"indexAnalyzer":null,"searchAnalyzer":null,"analyzer":null,"synonymMaps":[]}],"scoringProfiles":[],"corsOptions":null,"suggesters":[],"analyzers":[],"tokenizers":[],"tokenFilters":[],"charFilters":[],"encryptionKey":null,"similarity":null}'
    headers:
      cache-control: no-cache
      content-length: '558'
      content-type: application/json; odata.metadata=minimal
      date: Thu, 30 Apr 2020 22:04:57 GMT
      elapsed-time: '893'
      etag: W/"0x8D7ED5285782812"
      expires: '-1'
      location: https://search545d108d.search.windows.net/indexes('hotels')?api-version=2019-05-06-Preview
      odata-version: '4.0'
      pragma: no-cache
      preference-applied: odata.include-annotations="*"
      request-id: a0d1fa50-8b2e-11ea-b768-2816a845e8c6
      strict-transport-security: max-age=15724800; includeSubDomains
    status:
      code: 201
      message: Created
    url: !!python/object/new:yarl.URL
      state: !!python/tuple
      - !!python/object/new:urllib.parse.SplitResult
        - https
        - search545d108d.search.windows.net
        - /indexes
        - api-version=2019-05-06-Preview
        - ''
- request:
    body: '{"name": "sample-indexer", "dataSourceName": "sample-datasource", "targetIndexName":
      "hotels", "disabled": false}'
    headers:
      Accept:
      - application/json;odata.metadata=minimal
      Content-Length:
      - '113'
      Content-Type:
      - application/json
      User-Agent:
      - azsdk-python-search-documents/1.0.0b3 Python/3.7.3 (Windows-10-10.0.17763-SP0)
      api-key:
      - 7249924270B36D2B8D2CB30BD19258AA
    method: POST
    uri: https://search545d108d.search.windows.net/indexers?api-version=2019-05-06-Preview
  response:
    body:
      string: '{"@odata.context":"https://search545d108d.search.windows.net/$metadata#indexers/$entity","@odata.etag":"\"0x8D7ED5285A6937E\"","name":"sample-indexer","description":null,"dataSourceName":"sample-datasource","skillsetName":null,"targetIndexName":"hotels","disabled":false,"schedule":null,"parameters":null,"fieldMappings":[],"outputFieldMappings":[],"cache":null}'
    headers:
      cache-control: no-cache
      content-length: '362'
      content-type: application/json; odata.metadata=minimal
      date: Thu, 30 Apr 2020 22:04:58 GMT
      elapsed-time: '168'
      etag: W/"0x8D7ED5285A6937E"
      expires: '-1'
      location: https://search545d108d.search.windows.net/indexers('sample-indexer')?api-version=2019-05-06-Preview
      odata-version: '4.0'
      pragma: no-cache
      preference-applied: odata.include-annotations="*"
      request-id: a181bf40-8b2e-11ea-a6b1-2816a845e8c6
      strict-transport-security: max-age=15724800; includeSubDomains
    status:
      code: 201
      message: Created
    url: !!python/object/new:yarl.URL
      state: !!python/tuple
      - !!python/object/new:urllib.parse.SplitResult
        - https
        - search545d108d.search.windows.net
        - /indexers
        - api-version=2019-05-06-Preview
        - ''
- request:
    body: null
    headers:
      Accept:
      - application/json;odata.metadata=minimal
      User-Agent:
      - azsdk-python-search-documents/1.0.0b3 Python/3.7.3 (Windows-10-10.0.17763-SP0)
      api-key:
      - 7249924270B36D2B8D2CB30BD19258AA
    method: GET
    uri: https://search545d108d.search.windows.net/indexers?api-version=2019-05-06-Preview
  response:
    body:
      string: '{"@odata.context":"https://search545d108d.search.windows.net/$metadata#indexers","value":[{"@odata.etag":"\"0x8D7ED5285A6937E\"","name":"sample-indexer","description":null,"dataSourceName":"sample-datasource","skillsetName":null,"targetIndexName":"hotels","disabled":false,"schedule":null,"parameters":null,"fieldMappings":[],"outputFieldMappings":[],"cache":null}]}'
    headers:
      cache-control: no-cache
      content-encoding: gzip
      content-length: '368'
      content-type: application/json; odata.metadata=minimal
      date: Thu, 30 Apr 2020 22:04:58 GMT
      elapsed-time: '8'
      expires: '-1'
      odata-version: '4.0'
      pragma: no-cache
      preference-applied: odata.include-annotations="*"
      request-id: a1b2c330-8b2e-11ea-a4d0-2816a845e8c6
      strict-transport-security: max-age=15724800; includeSubDomains
      vary: Accept-Encoding
    status:
      code: 200
      message: OK
    url: !!python/object/new:yarl.URL
      state: !!python/tuple
      - !!python/object/new:urllib.parse.SplitResult
        - https
        - search545d108d.search.windows.net
        - /indexers
        - api-version=2019-05-06-Preview
        - ''
- request:
    body: null
    headers:
      Accept:
      - application/json;odata.metadata=minimal
      User-Agent:
      - azsdk-python-search-documents/1.0.0b3 Python/3.7.3 (Windows-10-10.0.17763-SP0)
      api-key:
      - 7249924270B36D2B8D2CB30BD19258AA
    method: POST
    uri: https://search545d108d.search.windows.net/indexers('sample-indexer')/search.run?api-version=2019-05-06-Preview
  response:
    body:
      string: ''
    headers:
      cache-control: no-cache
      content-length: '0'
      date: Thu, 30 Apr 2020 22:04:58 GMT
      elapsed-time: '30'
      expires: '-1'
      pragma: no-cache
      request-id: a1bb955e-8b2e-11ea-832b-2816a845e8c6
      strict-transport-security: max-age=15724800; includeSubDomains
    status:
      code: 202
      message: Accepted
    url: !!python/object/new:yarl.URL
      state: !!python/tuple
      - !!python/object/new:urllib.parse.SplitResult
        - https
        - search545d108d.search.windows.net
        - /indexers('sample-indexer')/search.run
        - api-version=2019-05-06-Preview
        - ''
- request:
    body: null
    headers:
      Accept:
      - application/json;odata.metadata=minimal
      User-Agent:
      - azsdk-python-search-documents/1.0.0b3 Python/3.7.3 (Windows-10-10.0.17763-SP0)
      api-key:
      - 7249924270B36D2B8D2CB30BD19258AA
    method: GET
    uri: https://search545d108d.search.windows.net/indexers('sample-indexer')/search.status?api-version=2019-05-06-Preview
  response:
    body:
      string: '{"@odata.context":"https://search545d108d.search.windows.net/$metadata#Microsoft.Azure.Search.V2019_05_06_Preview.IndexerExecutionInfo","name":"sample-indexer","status":"running","lastResult":null,"executionHistory":[],"limits":{"maxRunTime":"PT0S","maxDocumentExtractionSize":0,"maxDocumentContentCharactersToExtract":0}}'
    headers:
      cache-control: no-cache
      content-encoding: gzip
      content-length: '365'
      content-type: application/json; odata.metadata=minimal
      date: Thu, 30 Apr 2020 22:04:58 GMT
      elapsed-time: '12'
      expires: '-1'
      odata-version: '4.0'
      pragma: no-cache
      preference-applied: odata.include-annotations="*"
      request-id: a1c616b4-8b2e-11ea-8513-2816a845e8c6
      strict-transport-security: max-age=15724800; includeSubDomains
      vary: Accept-Encoding
    status:
      code: 200
      message: OK
    url: !!python/object/new:yarl.URL
      state: !!python/tuple
      - !!python/object/new:urllib.parse.SplitResult
        - https
        - search545d108d.search.windows.net
        - /indexers('sample-indexer')/search.status
        - api-version=2019-05-06-Preview
        - ''
version: 1
