interactions:
- request:
    body: null
    headers:
      Accept:
      - application/json;odata.metadata=minimal
      User-Agent:
      - azsdk-python-search-documents/11.1.0b2 Python/3.8.5 (Windows-10-10.0.19041-SP0)
      api-key:
      - BB14E6881849CAC82DB32284793F0904
    method: GET
    uri: https://search8f411ed5.search.windows.net/indexes('drgqefsg')?api-version=2020-06-30
  response:
    body:
      string: '{"@odata.context":"https://search8f411ed5.search.windows.net/$metadata#indexes/$entity","@odata.etag":"\"0x8D8487443083C9C\"","name":"drgqefsg","defaultScoringProfile":null,"fields":[{"name":"hotelId","type":"Edm.String","searchable":false,"filterable":true,"retrievable":true,"sortable":true,"facetable":true,"key":true,"indexAnalyzer":null,"searchAnalyzer":null,"analyzer":null,"synonymMaps":[]},{"name":"hotelName","type":"Edm.String","searchable":true,"filterable":true,"retrievable":true,"sortable":true,"facetable":false,"key":false,"indexAnalyzer":null,"searchAnalyzer":null,"analyzer":null,"synonymMaps":[]},{"name":"description","type":"Edm.String","searchable":true,"filterable":false,"retrievable":true,"sortable":false,"facetable":false,"key":false,"indexAnalyzer":null,"searchAnalyzer":null,"analyzer":"en.lucene","synonymMaps":[]},{"name":"descriptionFr","type":"Edm.String","searchable":true,"filterable":false,"retrievable":true,"sortable":false,"facetable":false,"key":false,"indexAnalyzer":null,"searchAnalyzer":null,"analyzer":"fr.lucene","synonymMaps":[]},{"name":"category","type":"Edm.String","searchable":true,"filterable":true,"retrievable":true,"sortable":true,"facetable":true,"key":false,"indexAnalyzer":null,"searchAnalyzer":null,"analyzer":null,"synonymMaps":[]},{"name":"tags","type":"Collection(Edm.String)","searchable":true,"filterable":true,"retrievable":true,"sortable":false,"facetable":true,"key":false,"indexAnalyzer":null,"searchAnalyzer":null,"analyzer":null,"synonymMaps":[]},{"name":"parkingIncluded","type":"Edm.Boolean","searchable":false,"filterable":true,"retrievable":true,"sortable":true,"facetable":true,"key":false,"indexAnalyzer":null,"searchAnalyzer":null,"analyzer":null,"synonymMaps":[]},{"name":"smokingAllowed","type":"Edm.Boolean","searchable":false,"filterable":true,"retrievable":true,"sortable":true,"facetable":true,"key":false,"indexAnalyzer":null,"searchAnalyzer":null,"analyzer":null,"synonymMaps":[]},{"name":"lastRenovationDate","type":"Edm.DateTimeOffset","searchable":false,"filterable":true,"retrievable":true,"sortable":true,"facetable":true,"key":false,"indexAnalyzer":null,"searchAnalyzer":null,"analyzer":null,"synonymMaps":[]},{"name":"rating","type":"Edm.Int32","searchable":false,"filterable":true,"retrievable":true,"sortable":true,"facetable":true,"key":false,"indexAnalyzer":null,"searchAnalyzer":null,"analyzer":null,"synonymMaps":[]},{"name":"location","type":"Edm.GeographyPoint","searchable":false,"filterable":true,"retrievable":true,"sortable":true,"facetable":false,"key":false,"indexAnalyzer":null,"searchAnalyzer":null,"analyzer":null,"synonymMaps":[]},{"name":"address","type":"Edm.ComplexType","fields":[{"name":"streetAddress","type":"Edm.String","searchable":true,"filterable":false,"retrievable":true,"sortable":false,"facetable":false,"key":false,"indexAnalyzer":null,"searchAnalyzer":null,"analyzer":null,"synonymMaps":[]},{"name":"city","type":"Edm.String","searchable":true,"filterable":true,"retrievable":true,"sortable":true,"facetable":true,"key":false,"indexAnalyzer":null,"searchAnalyzer":null,"analyzer":null,"synonymMaps":[]},{"name":"stateProvince","type":"Edm.String","searchable":true,"filterable":true,"retrievable":true,"sortable":true,"facetable":true,"key":false,"indexAnalyzer":null,"searchAnalyzer":null,"analyzer":null,"synonymMaps":[]},{"name":"country","type":"Edm.String","searchable":true,"filterable":true,"retrievable":true,"sortable":true,"facetable":true,"key":false,"indexAnalyzer":null,"searchAnalyzer":null,"analyzer":null,"synonymMaps":[]},{"name":"postalCode","type":"Edm.String","searchable":true,"filterable":true,"retrievable":true,"sortable":true,"facetable":true,"key":false,"indexAnalyzer":null,"searchAnalyzer":null,"analyzer":null,"synonymMaps":[]}]},{"name":"rooms","type":"Collection(Edm.ComplexType)","fields":[{"name":"description","type":"Edm.String","searchable":true,"filterable":false,"retrievable":true,"sortable":false,"facetable":false,"key":false,"indexAnalyzer":null,"searchAnalyzer":null,"analyzer":"en.lucene","synonymMaps":[]},{"name":"descriptionFr","type":"Edm.String","searchable":true,"filterable":false,"retrievable":true,"sortable":false,"facetable":false,"key":false,"indexAnalyzer":null,"searchAnalyzer":null,"analyzer":"fr.lucene","synonymMaps":[]},{"name":"type","type":"Edm.String","searchable":true,"filterable":true,"retrievable":true,"sortable":false,"facetable":true,"key":false,"indexAnalyzer":null,"searchAnalyzer":null,"analyzer":null,"synonymMaps":[]},{"name":"baseRate","type":"Edm.Double","searchable":false,"filterable":true,"retrievable":true,"sortable":false,"facetable":true,"key":false,"indexAnalyzer":null,"searchAnalyzer":null,"analyzer":null,"synonymMaps":[]},{"name":"bedOptions","type":"Edm.String","searchable":true,"filterable":true,"retrievable":true,"sortable":false,"facetable":true,"key":false,"indexAnalyzer":null,"searchAnalyzer":null,"analyzer":null,"synonymMaps":[]},{"name":"sleepsCount","type":"Edm.Int32","searchable":false,"filterable":true,"retrievable":true,"sortable":false,"facetable":true,"key":false,"indexAnalyzer":null,"searchAnalyzer":null,"analyzer":null,"synonymMaps":[]},{"name":"smokingAllowed","type":"Edm.Boolean","searchable":false,"filterable":true,"retrievable":true,"sortable":false,"facetable":true,"key":false,"indexAnalyzer":null,"searchAnalyzer":null,"analyzer":null,"synonymMaps":[]},{"name":"tags","type":"Collection(Edm.String)","searchable":true,"filterable":true,"retrievable":true,"sortable":false,"facetable":true,"key":false,"indexAnalyzer":null,"searchAnalyzer":null,"analyzer":null,"synonymMaps":[]}]}],"scoringProfiles":[{"name":"nearest","functionAggregation":"sum","text":null,"functions":[{"fieldName":"location","interpolation":"linear","type":"distance","boost":2.0,"freshness":null,"magnitude":null,"distance":{"referencePointParameter":"myloc","boostingDistance":100.0},"tag":null}]}],"corsOptions":null,"suggesters":[{"name":"sg","searchMode":"analyzingInfixMatching","sourceFields":["description","hotelName"]}],"analyzers":[],"tokenizers":[],"tokenFilters":[],"charFilters":[],"encryptionKey":null,"similarity":{"@odata.type":"#Microsoft.Azure.Search.BM25Similarity","k1":null,"b":null}}'
    headers:
      cache-control: no-cache
      content-encoding: gzip
      content-length: '1165'
      content-type: application/json; odata.metadata=minimal
      date: Mon, 24 Aug 2020 21:25:48 GMT
      elapsed-time: '36'
      etag: W/"0x8D8487443083C9C"
      expires: '-1'
      odata-version: '4.0'
      pragma: no-cache
      preference-applied: odata.include-annotations="*"
      request-id: 61a3e095-e650-11ea-afd4-5cf37071153c
      strict-transport-security: max-age=15724800; includeSubDomains
      vary: Accept-Encoding
    status:
      code: 200
      message: OK
    url: https://search8f411ed5.search.windows.net/indexes('drgqefsg')?api-version=2020-06-30
- request:
    body: '{"value": [{"hotelId": "3", "rating": 1, "@search.action": "merge"}, {"hotelId":
      "4", "rating": 2, "@search.action": "merge"}]}'
    headers:
      Accept:
      - application/json;odata.metadata=none
      Content-Length:
      - '127'
      Content-Type:
      - application/json
      User-Agent:
      - azsdk-python-search-documents/11.1.0b2 Python/3.8.5 (Windows-10-10.0.19041-SP0)
      api-key:
      - BB14E6881849CAC82DB32284793F0904
    method: POST
    uri: https://search8f411ed5.search.windows.net/indexes('drgqefsg')/docs/search.index?api-version=2020-06-30
  response:
    body:
      string: '{"value":[{"key":"3","status":true,"errorMessage":null,"statusCode":200},{"key":"4","status":true,"errorMessage":null,"statusCode":200}]}'
    headers:
      cache-control: no-cache
      content-encoding: gzip
      content-length: '190'
      content-type: application/json; odata.metadata=none
      date: Mon, 24 Aug 2020 21:25:49 GMT
      elapsed-time: '69'
      expires: '-1'
      odata-version: '4.0'
      pragma: no-cache
      preference-applied: odata.include-annotations="*"
      request-id: 61c75cc7-e650-11ea-9946-5cf37071153c
      strict-transport-security: max-age=15724800; includeSubDomains
      vary: Accept-Encoding
    status:
      code: 200
      message: OK
    url: https://search8f411ed5.search.windows.net/indexes('drgqefsg')/docs/search.index?api-version=2020-06-30
- request:
    body: null
    headers:
      Accept:
      - application/json;odata.metadata=none
      User-Agent:
      - azsdk-python-search-documents/11.1.0b2 Python/3.8.5 (Windows-10-10.0.19041-SP0)
      api-key:
      - BB14E6881849CAC82DB32284793F0904
    method: GET
    uri: https://search8f411ed5.search.windows.net/indexes('drgqefsg')/docs/$count?api-version=2020-06-30
  response:
    body:
      string: "\uFEFF10"
    headers:
      cache-control: no-cache
      content-encoding: gzip
      content-length: '127'
      content-type: text/plain
      date: Mon, 24 Aug 2020 21:25:52 GMT
      elapsed-time: '4'
      expires: '-1'
      odata-version: '4.0'
      pragma: no-cache
      preference-applied: odata.include-annotations="*"
      request-id: 63b5af1e-e650-11ea-a60b-5cf37071153c
      strict-transport-security: max-age=15724800; includeSubDomains
      vary: Accept-Encoding
    status:
      code: 200
      message: OK
    url: https://search8f411ed5.search.windows.net/indexes('drgqefsg')/docs/$count?api-version=2020-06-30
- request:
    body: null
    headers:
      Accept:
      - application/json;odata.metadata=none
      User-Agent:
      - azsdk-python-search-documents/11.1.0b2 Python/3.8.5 (Windows-10-10.0.19041-SP0)
      api-key:
      - BB14E6881849CAC82DB32284793F0904
    method: GET
    uri: https://search8f411ed5.search.windows.net/indexes('drgqefsg')/docs('3')?api-version=2020-06-30
  response:
    body:
      string: '{"hotelId":"3","hotelName":"EconoStay","description":"Very popular
        hotel in town","descriptionFr":"H\u00f4tel le plus populaire en ville","category":"Budget","tags":["wifi","budget"],"parkingIncluded":true,"smokingAllowed":false,"lastRenovationDate":"1995-07-01T00:00:00Z","rating":1,"location":{"type":"Point","coordinates":[-122.131577,46.678581],"crs":{"type":"name","properties":{"name":"EPSG:4326"}}},"address":null,"rooms":[]}'
    headers:
      cache-control: no-cache
      content-encoding: gzip
      content-length: '438'
      content-type: application/json; odata.metadata=none
      date: Mon, 24 Aug 2020 21:25:52 GMT
      elapsed-time: '26'
      expires: '-1'
      odata-version: '4.0'
      pragma: no-cache
      preference-applied: odata.include-annotations="*"
      request-id: 63cead87-e650-11ea-ac26-5cf37071153c
      strict-transport-security: max-age=15724800; includeSubDomains
      vary: Accept-Encoding
    status:
      code: 200
      message: OK
    url: https://search8f411ed5.search.windows.net/indexes('drgqefsg')/docs('3')?api-version=2020-06-30
- request:
    body: null
    headers:
      Accept:
      - application/json;odata.metadata=none
      User-Agent:
      - azsdk-python-search-documents/11.1.0b2 Python/3.8.5 (Windows-10-10.0.19041-SP0)
      api-key:
      - BB14E6881849CAC82DB32284793F0904
    method: GET
    uri: https://search8f411ed5.search.windows.net/indexes('drgqefsg')/docs('4')?api-version=2020-06-30
  response:
    body:
      string: '{"hotelId":"4","hotelName":"Express Rooms","description":"Pretty good
        hotel","descriptionFr":"Assez bon h\u00f4tel","category":"Budget","tags":["wifi","budget"],"parkingIncluded":true,"smokingAllowed":false,"lastRenovationDate":"1995-07-01T00:00:00Z","rating":2,"location":{"type":"Point","coordinates":[-122.131577,48.678581],"crs":{"type":"name","properties":{"name":"EPSG:4326"}}},"address":null,"rooms":[]}'
    headers:
      cache-control: no-cache
      content-encoding: gzip
      content-length: '422'
      content-type: application/json; odata.metadata=none
      date: Mon, 24 Aug 2020 21:25:52 GMT
      elapsed-time: '4'
      expires: '-1'
      odata-version: '4.0'
      pragma: no-cache
      preference-applied: odata.include-annotations="*"
      request-id: 63dc08b2-e650-11ea-9876-5cf37071153c
      strict-transport-security: max-age=15724800; includeSubDomains
      vary: Accept-Encoding
    status:
      code: 200
      message: OK
    url: https://search8f411ed5.search.windows.net/indexes('drgqefsg')/docs('4')?api-version=2020-06-30
version: 1
