interactions:
- request:
    body: 'b''{"name": "sample-datasource", "type": "azureblob", "credentials": {"connectionString":
      "connection_string"}, "container": {"name": "searchcontainer"}}'''
    headers:
      Accept:
      - application/json;odata.metadata=minimal
      Content-Length:
      - '319'
      Content-Type:
      - application/json
      User-Agent:
      - azsdk-python-search-documents/11.1.0b2 Python/3.8.5 (Windows-10-10.0.19041-SP0)
    method: POST
    uri: https://searchc1b61bbf.search.windows.net/datasources?api-version=2020-06-30-Preview
  response:
    body:
      string: '{"@odata.context":"https://searchc1b61bbf.search.windows.net/$metadata#datasources/$entity","@odata.etag":"\"0x8D83F2497101B38\"","name":"sample-datasource","description":null,"type":"azureblob","subtype":null,"credentials":{"connectionString":null},"container":{"name":"searchcontainer","query":null},"dataChangeDetectionPolicy":null,"dataDeletionDetectionPolicy":null,"encryptionKey":null}'
    headers:
      cache-control: no-cache
      content-length: '391'
      content-type: application/json; odata.metadata=minimal
      date: Thu, 13 Aug 2020 01:02:45 GMT
      elapsed-time: '50'
      etag: W/"0x8D83F2497101B38"
      expires: '-1'
      location: https://searchc1b61bbf.search.windows.net/datasources('sample-datasource')?api-version=2020-06-30-Preview
      odata-version: '4.0'
      pragma: no-cache
      preference-applied: odata.include-annotations="*"
      request-id: b2bad13f-dd00-11ea-9183-5cf37071153c
      strict-transport-security: max-age=15724800; includeSubDomains
    status:
      code: 201
      message: Created
    url: https://searchc1b61bbf.search.windows.net/datasources?api-version=2020-06-30-Preview
- request:
    body: '{"name": "hotels", "fields": [{"name": "hotelId", "type": "Edm.String",
      "key": true, "retrievable": true, "searchable": false}]}'
    headers:
      Accept:
      - application/json;odata.metadata=minimal
      Content-Length:
      - '128'
      Content-Type:
      - application/json
      User-Agent:
      - azsdk-python-search-documents/11.1.0b2 Python/3.8.5 (Windows-10-10.0.19041-SP0)
    method: POST
    uri: https://searchc1b61bbf.search.windows.net/indexes?api-version=2020-06-30-Preview
  response:
    body:
      string: '{"@odata.context":"https://searchc1b61bbf.search.windows.net/$metadata#indexes/$entity","@odata.etag":"\"0x8D83F24979541F6\"","name":"hotels","defaultScoringProfile":null,"fields":[{"name":"hotelId","type":"Edm.String","searchable":false,"filterable":true,"retrievable":true,"sortable":true,"facetable":true,"key":true,"indexAnalyzer":null,"searchAnalyzer":null,"analyzer":null,"synonymMaps":[]}],"scoringProfiles":[],"corsOptions":null,"suggesters":[],"analyzers":[],"tokenizers":[],"tokenFilters":[],"charFilters":[],"encryptionKey":null,"similarity":{"@odata.type":"#Microsoft.Azure.Search.BM25Similarity","k1":null,"b":null}}'
    headers:
      cache-control: no-cache
      content-length: '629'
      content-type: application/json; odata.metadata=minimal
      date: Thu, 13 Aug 2020 01:02:46 GMT
      elapsed-time: '735'
      etag: W/"0x8D83F24979541F6"
      expires: '-1'
      location: https://searchc1b61bbf.search.windows.net/indexes('hotels')?api-version=2020-06-30-Preview
      odata-version: '4.0'
      pragma: no-cache
      preference-applied: odata.include-annotations="*"
      request-id: b2de6013-dd00-11ea-9ee5-5cf37071153c
      strict-transport-security: max-age=15724800; includeSubDomains
    status:
      code: 201
      message: Created
    url: https://searchc1b61bbf.search.windows.net/indexes?api-version=2020-06-30-Preview
- request:
    body: '{"name": "sample-indexer", "dataSourceName": "sample-datasource", "targetIndexName":
      "hotels", "disabled": false}'
    headers:
      Accept:
      - application/json;odata.metadata=minimal
      Content-Length:
      - '113'
      Content-Type:
      - application/json
      User-Agent:
      - azsdk-python-search-documents/11.1.0b2 Python/3.8.5 (Windows-10-10.0.19041-SP0)
    method: POST
    uri: https://searchc1b61bbf.search.windows.net/indexers?api-version=2020-06-30-Preview
  response:
    body:
      string: '{"error":{"code":"","message":"Error with data source: Credentials
        provided in the connection string are invalid or have expired.\r\nAs a result
        of a one-time maintenance activity, your search service went through a change
        of the IP address for its API endpoint. This caused indexers that depend on
        network access rules on the data source to stop working. In order to address
        this issue, please update the network access rules in your data source to
        use the new IP address. We apologize for the inconvenience.\r\nFor more information
        on troubleshooting connection issues to Azure Storage accounts, please see
        https://go.microsoft.com/fwlink/?linkid=2049388  Please adjust your data source
        definition in order to proceed."}}'
    headers:
      cache-control: no-cache
      content-language: en
      content-length: '723'
      content-type: application/json; odata.metadata=minimal
      date: Thu, 13 Aug 2020 01:02:47 GMT
      elapsed-time: '142'
      expires: '-1'
      odata-version: '4.0'
      pragma: no-cache
      preference-applied: odata.include-annotations="*"
      request-id: b369c50b-dd00-11ea-a554-5cf37071153c
      strict-transport-security: max-age=15724800; includeSubDomains
    status:
      code: 400
      message: Bad Request
    url: https://searchc1b61bbf.search.windows.net/indexers?api-version=2020-06-30-Preview
version: 1
