interactions:
- request:
    body: '{"name": "test-ss", "description": "desc1", "skills": [{"@odata.type":
      "#Microsoft.Skills.Text.EntityRecognitionSkill", "inputs": [{"name": "text",
      "source": "/document/content"}], "outputs": [{"name": "organizations", "targetName":
      "organizations"}]}]}'
    headers:
      Accept:
      - application/json;odata.metadata=minimal
      Content-Length:
      - '253'
      Content-Type:
      - application/json
      Prefer:
      - return=representation
      User-Agent:
      - azsdk-python-search-documents/1.0.0b3 Python/3.7.3 (Darwin-19.3.0-x86_64-i386-64bit)
      api-key:
      - B1B1D09F8F6DD926768829455A6A5FD5
    method: PUT
    uri: https://search6512164a.search.windows.net/skillsets('test-ss')?api-version=2020-06-30
  response:
    body:
      string: '{"@odata.context":"https://search6512164a.search.windows.net/$metadata#skillsets/$entity","@odata.etag":"\"0x8D7E24A4BEF9EC0\"","name":"test-ss","description":"desc1","skills":[{"@odata.type":"#Microsoft.Skills.Text.EntityRecognitionSkill","name":null,"description":null,"context":null,"categories":[],"defaultLanguageCode":null,"minimumPrecision":null,"includeTypelessEntities":null,"inputs":[{"name":"text","source":"/document/content","sourceContext":null,"inputs":[]}],"outputs":[{"name":"organizations","targetName":"organizations"}]}],"cognitiveServices":null,"knowledgeStore":null}'
    headers:
      cache-control: no-cache
      content-length: '588'
      content-type: application/json; odata.metadata=minimal
      date: Thu, 16 Apr 2020 21:08:22 GMT
      elapsed-time: '59'
      etag: W/"0x8D7E24A4BEF9EC0"
      expires: '-1'
      location:
      - h
      - t
      - t
      - p
      - s
      - ':'
      - /
      - /
      - s
      - e
      - a
      - r
      - c
      - h
      - '6'
      - '5'
      - '1'
      - '2'
      - '1'
      - '6'
      - '4'
      - a
      - .
      - s
      - e
      - a
      - r
      - c
      - h
      - .
      - w
      - i
      - n
      - d
      - o
      - w
      - s
      - .
      - n
      - e
      - t
      - /
      - s
      - k
      - i
      - l
      - l
      - s
      - e
      - t
      - s
      - (
      - ''''
      - t
      - e
      - s
      - t
      - '-'
      - s
      - s
      - ''''
      - )
      - '?'
      - a
      - p
      - i
      - '-'
      - v
      - e
      - r
      - s
      - i
      - o
      - n
      - '='
      - '2'
      - '0'
      - '1'
      - '9'
      - '-'
      - '0'
      - '5'
      - '-'
      - '0'
      - '6'
      - '-'
      - P
      - r
      - e
      - v
      - i
      - e
      - w
      odata-version: '4.0'
      pragma: no-cache
      preference-applied: odata.include-annotations="*"
      request-id: 66d397be-8026-11ea-96cc-8c8590507855
      strict-transport-security: max-age=15724800; includeSubDomains
    status:
      code: 201
      message: Created
    url: https://search6512164a.search.windows.net/skillsets('test-ss')?api-version=2020-06-30
- request:
    body: '{"name": "test-ss", "description": "desc2", "skills": [{"@odata.type":
      "#Microsoft.Skills.Text.EntityRecognitionSkill", "inputs": [{"name": "text",
      "source": "/document/content"}], "outputs": [{"name": "organizations", "targetName":
      "organizations"}]}]}'
    headers:
      Accept:
      - application/json;odata.metadata=minimal
      Content-Length:
      - '253'
      Content-Type:
      - application/json
      Prefer:
      - return=representation
      User-Agent:
      - azsdk-python-search-documents/1.0.0b3 Python/3.7.3 (Darwin-19.3.0-x86_64-i386-64bit)
      api-key:
      - B1B1D09F8F6DD926768829455A6A5FD5
    method: PUT
    uri: https://search6512164a.search.windows.net/skillsets('test-ss')?api-version=2020-06-30
  response:
    body:
      string: '{"@odata.context":"https://search6512164a.search.windows.net/$metadata#skillsets/$entity","@odata.etag":"\"0x8D7E24A4BFDD235\"","name":"test-ss","description":"desc2","skills":[{"@odata.type":"#Microsoft.Skills.Text.EntityRecognitionSkill","name":null,"description":null,"context":null,"categories":[],"defaultLanguageCode":null,"minimumPrecision":null,"includeTypelessEntities":null,"inputs":[{"name":"text","source":"/document/content","sourceContext":null,"inputs":[]}],"outputs":[{"name":"organizations","targetName":"organizations"}]}],"cognitiveServices":null,"knowledgeStore":null}'
    headers:
      cache-control: no-cache
      content-encoding: gzip
      content-length: '465'
      content-type: application/json; odata.metadata=minimal
      date: Thu, 16 Apr 2020 21:08:22 GMT
      elapsed-time: '67'
      etag: W/"0x8D7E24A4BFDD235"
      expires: '-1'
      odata-version: '4.0'
      pragma: no-cache
      preference-applied: odata.include-annotations="*"
      request-id: 66ed4ea2-8026-11ea-96cc-8c8590507855
      strict-transport-security: max-age=15724800; includeSubDomains
      vary: Accept-Encoding
    status:
      code: 200
      message: OK
    url: https://search6512164a.search.windows.net/skillsets('test-ss')?api-version=2020-06-30
- request:
    body: null
    headers:
      Accept:
      - application/json;odata.metadata=minimal
      User-Agent:
      - azsdk-python-search-documents/1.0.0b3 Python/3.7.3 (Darwin-19.3.0-x86_64-i386-64bit)
      api-key:
      - B1B1D09F8F6DD926768829455A6A5FD5
    method: GET
    uri: https://search6512164a.search.windows.net/skillsets?api-version=2020-06-30
  response:
    body:
      string: '{"@odata.context":"https://search6512164a.search.windows.net/$metadata#skillsets","value":[{"@odata.etag":"\"0x8D7E24A4BFDD235\"","name":"test-ss","description":"desc2","skills":[{"@odata.type":"#Microsoft.Skills.Text.EntityRecognitionSkill","name":"#1","description":null,"context":"/document","categories":["Person","Quantity","Organization","URL","Email","Location","DateTime"],"defaultLanguageCode":"en","minimumPrecision":null,"includeTypelessEntities":null,"inputs":[{"name":"text","source":"/document/content","sourceContext":null,"inputs":[]}],"outputs":[{"name":"organizations","targetName":"organizations"}]}],"cognitiveServices":null,"knowledgeStore":null}]}'
    headers:
      cache-control: no-cache
      content-encoding: gzip
      content-length: '522'
      content-type: application/json; odata.metadata=minimal
      date: Thu, 16 Apr 2020 21:08:22 GMT
      elapsed-time: '48'
      expires: '-1'
      odata-version: '4.0'
      pragma: no-cache
      preference-applied: odata.include-annotations="*"
      request-id: 66fc4a06-8026-11ea-96cc-8c8590507855
      strict-transport-security: max-age=15724800; includeSubDomains
      vary: Accept-Encoding
    status:
      code: 200
      message: OK
    url: https://search6512164a.search.windows.net/skillsets?api-version=2020-06-30
- request:
    body: null
    headers:
      Accept:
      - application/json;odata.metadata=minimal
      User-Agent:
      - azsdk-python-search-documents/1.0.0b3 Python/3.7.3 (Darwin-19.3.0-x86_64-i386-64bit)
      api-key:
      - B1B1D09F8F6DD926768829455A6A5FD5
    method: GET
    uri: https://search6512164a.search.windows.net/skillsets('test-ss')?api-version=2020-06-30
  response:
    body:
      string: '{"@odata.context":"https://search6512164a.search.windows.net/$metadata#skillsets/$entity","@odata.etag":"\"0x8D7E24A4BFDD235\"","name":"test-ss","description":"desc2","skills":[{"@odata.type":"#Microsoft.Skills.Text.EntityRecognitionSkill","name":"#1","description":null,"context":"/document","categories":["Person","Quantity","Organization","URL","Email","Location","DateTime"],"defaultLanguageCode":"en","minimumPrecision":null,"includeTypelessEntities":null,"inputs":[{"name":"text","source":"/document/content","sourceContext":null,"inputs":[]}],"outputs":[{"name":"organizations","targetName":"organizations"}]}],"cognitiveServices":null,"knowledgeStore":null}'
    headers:
      cache-control: no-cache
      content-encoding: gzip
      content-length: '519'
      content-type: application/json; odata.metadata=minimal
      date: Thu, 16 Apr 2020 21:08:22 GMT
      elapsed-time: '17'
      etag: W/"0x8D7E24A4BFDD235"
      expires: '-1'
      odata-version: '4.0'
      pragma: no-cache
      preference-applied: odata.include-annotations="*"
      request-id: 6707d362-8026-11ea-96cc-8c8590507855
      strict-transport-security: max-age=15724800; includeSubDomains
      vary: Accept-Encoding
    status:
      code: 200
      message: OK
    url: https://search6512164a.search.windows.net/skillsets('test-ss')?api-version=2020-06-30
version: 1
