interactions:
- request:
    body: null
    headers:
      Accept:
      - application/json;odata.metadata=minimal
      User-Agent:
      - azsdk-python-search-documents/11.1.0b3 Python/3.8.5 (Windows-10-10.0.19041-SP0)
    method: GET
    uri: https://search8fba1ecc.search.windows.net/indexes('drgqefsg')?api-version=2020-06-30
  response:
    body:
      string: '{"@odata.context":"https://search8fba1ecc.search.windows.net/$metadata#indexes/$entity","@odata.etag":"\"0x8D864075C356ED0\"","name":"drgqefsg","defaultScoringProfile":null,"fields":[{"name":"hotelId","type":"Edm.String","searchable":false,"filterable":true,"retrievable":true,"sortable":true,"facetable":true,"key":true,"indexAnalyzer":null,"searchAnalyzer":null,"analyzer":null,"synonymMaps":[]},{"name":"hotelName","type":"Edm.String","searchable":true,"filterable":true,"retrievable":true,"sortable":true,"facetable":false,"key":false,"indexAnalyzer":null,"searchAnalyzer":null,"analyzer":null,"synonymMaps":[]},{"name":"description","type":"Edm.String","searchable":true,"filterable":false,"retrievable":true,"sortable":false,"facetable":false,"key":false,"indexAnalyzer":null,"searchAnalyzer":null,"analyzer":"en.lucene","synonymMaps":[]},{"name":"descriptionFr","type":"Edm.String","searchable":true,"filterable":false,"retrievable":true,"sortable":false,"facetable":false,"key":false,"indexAnalyzer":null,"searchAnalyzer":null,"analyzer":"fr.lucene","synonymMaps":[]},{"name":"category","type":"Edm.String","searchable":true,"filterable":true,"retrievable":true,"sortable":true,"facetable":true,"key":false,"indexAnalyzer":null,"searchAnalyzer":null,"analyzer":null,"synonymMaps":[]},{"name":"tags","type":"Collection(Edm.String)","searchable":true,"filterable":true,"retrievable":true,"sortable":false,"facetable":true,"key":false,"indexAnalyzer":null,"searchAnalyzer":null,"analyzer":null,"synonymMaps":[]},{"name":"parkingIncluded","type":"Edm.Boolean","searchable":false,"filterable":true,"retrievable":true,"sortable":true,"facetable":true,"key":false,"indexAnalyzer":null,"searchAnalyzer":null,"analyzer":null,"synonymMaps":[]},{"name":"smokingAllowed","type":"Edm.Boolean","searchable":false,"filterable":true,"retrievable":true,"sortable":true,"facetable":true,"key":false,"indexAnalyzer":null,"searchAnalyzer":null,"analyzer":null,"synonymMaps":[]},{"name":"lastRenovationDate","type":"Edm.DateTimeOffset","searchable":false,"filterable":true,"retrievable":true,"sortable":true,"facetable":true,"key":false,"indexAnalyzer":null,"searchAnalyzer":null,"analyzer":null,"synonymMaps":[]},{"name":"rating","type":"Edm.Int32","searchable":false,"filterable":true,"retrievable":true,"sortable":true,"facetable":true,"key":false,"indexAnalyzer":null,"searchAnalyzer":null,"analyzer":null,"synonymMaps":[]},{"name":"location","type":"Edm.GeographyPoint","searchable":false,"filterable":true,"retrievable":true,"sortable":true,"facetable":false,"key":false,"indexAnalyzer":null,"searchAnalyzer":null,"analyzer":null,"synonymMaps":[]},{"name":"address","type":"Edm.ComplexType","fields":[{"name":"streetAddress","type":"Edm.String","searchable":true,"filterable":false,"retrievable":true,"sortable":false,"facetable":false,"key":false,"indexAnalyzer":null,"searchAnalyzer":null,"analyzer":null,"synonymMaps":[]},{"name":"city","type":"Edm.String","searchable":true,"filterable":true,"retrievable":true,"sortable":true,"facetable":true,"key":false,"indexAnalyzer":null,"searchAnalyzer":null,"analyzer":null,"synonymMaps":[]},{"name":"stateProvince","type":"Edm.String","searchable":true,"filterable":true,"retrievable":true,"sortable":true,"facetable":true,"key":false,"indexAnalyzer":null,"searchAnalyzer":null,"analyzer":null,"synonymMaps":[]},{"name":"country","type":"Edm.String","searchable":true,"filterable":true,"retrievable":true,"sortable":true,"facetable":true,"key":false,"indexAnalyzer":null,"searchAnalyzer":null,"analyzer":null,"synonymMaps":[]},{"name":"postalCode","type":"Edm.String","searchable":true,"filterable":true,"retrievable":true,"sortable":true,"facetable":true,"key":false,"indexAnalyzer":null,"searchAnalyzer":null,"analyzer":null,"synonymMaps":[]}]},{"name":"rooms","type":"Collection(Edm.ComplexType)","fields":[{"name":"description","type":"Edm.String","searchable":true,"filterable":false,"retrievable":true,"sortable":false,"facetable":false,"key":false,"indexAnalyzer":null,"searchAnalyzer":null,"analyzer":"en.lucene","synonymMaps":[]},{"name":"descriptionFr","type":"Edm.String","searchable":true,"filterable":false,"retrievable":true,"sortable":false,"facetable":false,"key":false,"indexAnalyzer":null,"searchAnalyzer":null,"analyzer":"fr.lucene","synonymMaps":[]},{"name":"type","type":"Edm.String","searchable":true,"filterable":true,"retrievable":true,"sortable":false,"facetable":true,"key":false,"indexAnalyzer":null,"searchAnalyzer":null,"analyzer":null,"synonymMaps":[]},{"name":"baseRate","type":"Edm.Double","searchable":false,"filterable":true,"retrievable":true,"sortable":false,"facetable":true,"key":false,"indexAnalyzer":null,"searchAnalyzer":null,"analyzer":null,"synonymMaps":[]},{"name":"bedOptions","type":"Edm.String","searchable":true,"filterable":true,"retrievable":true,"sortable":false,"facetable":true,"key":false,"indexAnalyzer":null,"searchAnalyzer":null,"analyzer":null,"synonymMaps":[]},{"name":"sleepsCount","type":"Edm.Int32","searchable":false,"filterable":true,"retrievable":true,"sortable":false,"facetable":true,"key":false,"indexAnalyzer":null,"searchAnalyzer":null,"analyzer":null,"synonymMaps":[]},{"name":"smokingAllowed","type":"Edm.Boolean","searchable":false,"filterable":true,"retrievable":true,"sortable":false,"facetable":true,"key":false,"indexAnalyzer":null,"searchAnalyzer":null,"analyzer":null,"synonymMaps":[]},{"name":"tags","type":"Collection(Edm.String)","searchable":true,"filterable":true,"retrievable":true,"sortable":false,"facetable":true,"key":false,"indexAnalyzer":null,"searchAnalyzer":null,"analyzer":null,"synonymMaps":[]}]}],"scoringProfiles":[{"name":"nearest","functionAggregation":"sum","text":null,"functions":[{"fieldName":"location","interpolation":"linear","type":"distance","boost":2.0,"freshness":null,"magnitude":null,"distance":{"referencePointParameter":"myloc","boostingDistance":100.0},"tag":null}]}],"corsOptions":null,"suggesters":[{"name":"sg","searchMode":"analyzingInfixMatching","sourceFields":["description","hotelName"]}],"analyzers":[],"tokenizers":[],"tokenFilters":[],"charFilters":[],"encryptionKey":null,"similarity":{"@odata.type":"#Microsoft.Azure.Search.BM25Similarity","k1":null,"b":null}}'
    headers:
      cache-control: no-cache
      content-encoding: gzip
      content-length: '1165'
      content-type: application/json; odata.metadata=minimal
      date: Mon, 28 Sep 2020 23:36:48 GMT
      elapsed-time: '40'
      etag: W/"0x8D864075C356ED0"
      expires: '-1'
      odata-version: '4.0'
      pragma: no-cache
      preference-applied: odata.include-annotations="*"
      request-id: 7a32519b-01e3-11eb-a533-cc52af3ebf0d
      strict-transport-security: max-age=15724800; includeSubDomains
      vary: Accept-Encoding
    status:
      code: 200
      message: OK
    url: https://search8fba1ecc.search.windows.net/indexes('drgqefsg')?api-version=2020-06-30
- request:
    body: '{"value": [{"hotelId": "1000", "@search.action": "delete"}, {"hotelId":
      "4", "@search.action": "delete"}]}'
    headers:
      Accept:
      - application/json;odata.metadata=none
      Content-Length:
      - '106'
      Content-Type:
      - application/json
      User-Agent:
      - azsdk-python-search-documents/11.1.0b3 Python/3.8.5 (Windows-10-10.0.19041-SP0)
    method: POST
    uri: https://search8fba1ecc.search.windows.net/indexes('drgqefsg')/docs/search.index?api-version=2020-06-30
  response:
    body:
      string: '{"value":[{"key":"1000","status":true,"errorMessage":null,"statusCode":200},{"key":"4","status":true,"errorMessage":null,"statusCode":200}]}'
    headers:
      cache-control: no-cache
      content-encoding: gzip
      content-length: '193'
      content-type: application/json; odata.metadata=none
      date: Mon, 28 Sep 2020 23:36:48 GMT
      elapsed-time: '17'
      expires: '-1'
      odata-version: '4.0'
      pragma: no-cache
      preference-applied: odata.include-annotations="*"
      request-id: 7a53e25d-01e3-11eb-b71f-cc52af3ebf0d
      strict-transport-security: max-age=15724800; includeSubDomains
      vary: Accept-Encoding
    status:
      code: 200
      message: OK
    url: https://search8fba1ecc.search.windows.net/indexes('drgqefsg')/docs/search.index?api-version=2020-06-30
- request:
    body: null
    headers:
      Accept:
      - application/json;odata.metadata=none
      User-Agent:
      - azsdk-python-search-documents/11.1.0b3 Python/3.8.5 (Windows-10-10.0.19041-SP0)
    method: GET
    uri: https://search8fba1ecc.search.windows.net/indexes('drgqefsg')/docs/$count?api-version=2020-06-30
  response:
    body:
      string: "\uFEFF9"
    headers:
      cache-control: no-cache
      content-encoding: gzip
      content-length: '126'
      content-type: text/plain
      date: Mon, 28 Sep 2020 23:36:52 GMT
      elapsed-time: '4'
      expires: '-1'
      odata-version: '4.0'
      pragma: no-cache
      preference-applied: odata.include-annotations="*"
      request-id: 7c3c97fc-01e3-11eb-aa9b-cc52af3ebf0d
      strict-transport-security: max-age=15724800; includeSubDomains
      vary: Accept-Encoding
    status:
      code: 200
      message: OK
    url: https://search8fba1ecc.search.windows.net/indexes('drgqefsg')/docs/$count?api-version=2020-06-30
- request:
    body: null
    headers:
      Accept:
      - application/json;odata.metadata=none
      User-Agent:
      - azsdk-python-search-documents/11.1.0b3 Python/3.8.5 (Windows-10-10.0.19041-SP0)
    method: GET
    uri: https://search8fba1ecc.search.windows.net/indexes('drgqefsg')/docs('1000')?api-version=2020-06-30
  response:
    body:
      string: ''
    headers:
      cache-control: no-cache
      content-length: '0'
      date: Mon, 28 Sep 2020 23:36:52 GMT
      elapsed-time: '4'
      expires: '-1'
      pragma: no-cache
      request-id: 7c59af9f-01e3-11eb-bcdc-cc52af3ebf0d
      strict-transport-security: max-age=15724800; includeSubDomains
    status:
      code: 404
      message: Not Found
    url: https://search8fba1ecc.search.windows.net/indexes('drgqefsg')/docs('1000')?api-version=2020-06-30
- request:
    body: null
    headers:
      Accept:
      - application/json;odata.metadata=none
      User-Agent:
      - azsdk-python-search-documents/11.1.0b3 Python/3.8.5 (Windows-10-10.0.19041-SP0)
    method: GET
    uri: https://search8fba1ecc.search.windows.net/indexes('drgqefsg')/docs('4')?api-version=2020-06-30
  response:
    body:
      string: ''
    headers:
      cache-control: no-cache
      content-length: '0'
      date: Mon, 28 Sep 2020 23:36:52 GMT
      elapsed-time: '3'
      expires: '-1'
      pragma: no-cache
      request-id: 7c6279e0-01e3-11eb-bb03-cc52af3ebf0d
      strict-transport-security: max-age=15724800; includeSubDomains
    status:
      code: 404
      message: Not Found
    url: https://search8fba1ecc.search.windows.net/indexes('drgqefsg')/docs('4')?api-version=2020-06-30
version: 1
