interactions:
- request:
    body: '{"name": "test-syn-map-1", "format": "solr", "synonyms": "USA, United States,
      United States of America"}'
    headers:
      Accept:
      - application/json;odata.metadata=minimal
      Content-Length:
      - '104'
      Content-Type:
      - application/json
      User-Agent:
      - azsdk-python-search-documents/1.0.0b3 Python/3.7.3 (Darwin-19.3.0-x86_64-i386-64bit)
      api-key:
      - 49925E98B4E6A6E7BB8023C66DCE85A0
    method: POST
    uri: https://searchada412b6.search.windows.net/synonymmaps?api-version=2019-05-06-Preview
  response:
    body:
      string: '{"@odata.context":"https://searchada412b6.search.windows.net/$metadata#synonymmaps/$entity","@odata.etag":"\"0x8D7EC959CF79C3E\"","name":"test-syn-map-1","format":"solr","synonyms":"USA,
        United States, United States of America","encryptionKey":null}'
    headers:
      cache-control: no-cache
      content-length: '249'
      content-type: application/json; odata.metadata=minimal
      date: Wed, 29 Apr 2020 23:32:42 GMT
      elapsed-time: '35'
      etag: W/"0x8D7EC959CF79C3E"
      expires: '-1'
      location: https://searchada412b6.search.windows.net/synonymmaps('test-syn-map-1')?api-version=2019-05-06-Preview
      odata-version: '4.0'
      pragma: no-cache
      preference-applied: odata.include-annotations="*"
      request-id: b8907658-8a71-11ea-889b-8c8590507855
      strict-transport-security: max-age=15724800; includeSubDomains
    status:
      code: 201
      message: Created
    url: https://searchada412b6.search.windows.net/synonymmaps?api-version=2019-05-06-Preview
- request:
    body: '{"name": "test-syn-map-2", "format": "solr", "synonyms": "Washington, Wash.
      => WA"}'
    headers:
      Accept:
      - application/json;odata.metadata=minimal
      Content-Length:
      - '83'
      Content-Type:
      - application/json
      User-Agent:
      - azsdk-python-search-documents/1.0.0b3 Python/3.7.3 (Darwin-19.3.0-x86_64-i386-64bit)
      api-key:
      - 49925E98B4E6A6E7BB8023C66DCE85A0
    method: POST
    uri: https://searchada412b6.search.windows.net/synonymmaps?api-version=2019-05-06-Preview
  response:
    body:
      string: '{"@odata.context":"https://searchada412b6.search.windows.net/$metadata#synonymmaps/$entity","@odata.etag":"\"0x8D7EC959CFF17A5\"","name":"test-syn-map-2","format":"solr","synonyms":"Washington,
        Wash. => WA","encryptionKey":null}'
    headers:
      cache-control: no-cache
      content-length: '228'
      content-type: application/json; odata.metadata=minimal
      date: Wed, 29 Apr 2020 23:32:42 GMT
      elapsed-time: '24'
      etag: W/"0x8D7EC959CFF17A5"
      expires: '-1'
      location: https://searchada412b6.search.windows.net/synonymmaps('test-syn-map-2')?api-version=2019-05-06-Preview
      odata-version: '4.0'
      pragma: no-cache
      preference-applied: odata.include-annotations="*"
      request-id: b8a40fc4-8a71-11ea-889b-8c8590507855
      strict-transport-security: max-age=15724800; includeSubDomains
    status:
      code: 201
      message: Created
    url: https://searchada412b6.search.windows.net/synonymmaps?api-version=2019-05-06-Preview
- request:
    body: null
    headers:
      Accept:
      - application/json;odata.metadata=minimal
      User-Agent:
      - azsdk-python-search-documents/1.0.0b3 Python/3.7.3 (Darwin-19.3.0-x86_64-i386-64bit)
      api-key:
      - 49925E98B4E6A6E7BB8023C66DCE85A0
    method: GET
    uri: https://searchada412b6.search.windows.net/synonymmaps?api-version=2019-05-06-Preview
  response:
    body:
      string: '{"@odata.context":"https://searchada412b6.search.windows.net/$metadata#synonymmaps","value":[{"@odata.etag":"\"0x8D7EC959CF79C3E\"","name":"test-syn-map-1","format":"solr","synonyms":"USA,
        United States, United States of America","encryptionKey":null},{"@odata.etag":"\"0x8D7EC959CFF17A5\"","name":"test-syn-map-2","format":"solr","synonyms":"Washington,
        Wash. => WA","encryptionKey":null}]}'
    headers:
      cache-control: no-cache
      content-encoding: gzip
      content-length: '356'
      content-type: application/json; odata.metadata=minimal
      date: Wed, 29 Apr 2020 23:32:42 GMT
      elapsed-time: '13'
      expires: '-1'
      odata-version: '4.0'
      pragma: no-cache
      preference-applied: odata.include-annotations="*"
      request-id: b8abc174-8a71-11ea-889b-8c8590507855
      strict-transport-security: max-age=15724800; includeSubDomains
      vary: Accept-Encoding
    status:
      code: 200
      message: OK
    url: https://searchada412b6.search.windows.net/synonymmaps?api-version=2019-05-06-Preview
version: 1
