interactions:
- request:
    body: null
    headers:
      Accept:
      - application/json;odata.metadata=minimal
      User-Agent:
      - azsdk-python-search-documents/11.3.0b1 Python/3.8.6 (Windows-10-10.0.19041-SP0)
    method: GET
    uri: https://searchaf051f3d.search.windows.net/indexes('drgqefsg')?api-version=2021-04-30-Preview
  response:
    body:
      string: '{"@odata.context":"https://searchaf051f3d.search.windows.net/$metadata#indexes/$entity","@odata.etag":"\"0x8D93C2543D87600\"","name":"drgqefsg","defaultScoringProfile":null,"fields":[{"name":"hotelId","type":"Edm.String","searchable":false,"filterable":true,"retrievable":true,"sortable":true,"facetable":true,"key":true,"indexAnalyzer":null,"searchAnalyzer":null,"analyzer":null,"normalizer":null,"synonymMaps":[]},{"name":"hotelName","type":"Edm.String","searchable":true,"filterable":true,"retrievable":true,"sortable":true,"facetable":false,"key":false,"indexAnalyzer":null,"searchAnalyzer":null,"analyzer":null,"normalizer":null,"synonymMaps":[]},{"name":"description","type":"Edm.String","searchable":true,"filterable":false,"retrievable":true,"sortable":false,"facetable":false,"key":false,"indexAnalyzer":null,"searchAnalyzer":null,"analyzer":"en.lucene","normalizer":null,"synonymMaps":[]},{"name":"descriptionFr","type":"Edm.String","searchable":true,"filterable":false,"retrievable":true,"sortable":false,"facetable":false,"key":false,"indexAnalyzer":null,"searchAnalyzer":null,"analyzer":"fr.lucene","normalizer":null,"synonymMaps":[]},{"name":"category","type":"Edm.String","searchable":true,"filterable":true,"retrievable":true,"sortable":true,"facetable":true,"key":false,"indexAnalyzer":null,"searchAnalyzer":null,"analyzer":null,"normalizer":null,"synonymMaps":[]},{"name":"tags","type":"Collection(Edm.String)","searchable":true,"filterable":true,"retrievable":true,"sortable":false,"facetable":true,"key":false,"indexAnalyzer":null,"searchAnalyzer":null,"analyzer":null,"normalizer":null,"synonymMaps":[]},{"name":"parkingIncluded","type":"Edm.Boolean","searchable":false,"filterable":true,"retrievable":true,"sortable":true,"facetable":true,"key":false,"indexAnalyzer":null,"searchAnalyzer":null,"analyzer":null,"normalizer":null,"synonymMaps":[]},{"name":"smokingAllowed","type":"Edm.Boolean","searchable":false,"filterable":true,"retrievable":true,"sortable":true,"facetable":true,"key":false,"indexAnalyzer":null,"searchAnalyzer":null,"analyzer":null,"normalizer":null,"synonymMaps":[]},{"name":"lastRenovationDate","type":"Edm.DateTimeOffset","searchable":false,"filterable":true,"retrievable":true,"sortable":true,"facetable":true,"key":false,"indexAnalyzer":null,"searchAnalyzer":null,"analyzer":null,"normalizer":null,"synonymMaps":[]},{"name":"rating","type":"Edm.Int32","searchable":false,"filterable":true,"retrievable":true,"sortable":true,"facetable":true,"key":false,"indexAnalyzer":null,"searchAnalyzer":null,"analyzer":null,"normalizer":null,"synonymMaps":[]},{"name":"location","type":"Edm.GeographyPoint","searchable":false,"filterable":true,"retrievable":true,"sortable":true,"facetable":false,"key":false,"indexAnalyzer":null,"searchAnalyzer":null,"analyzer":null,"normalizer":null,"synonymMaps":[]},{"name":"address","type":"Edm.ComplexType","fields":[{"name":"streetAddress","type":"Edm.String","searchable":true,"filterable":false,"retrievable":true,"sortable":false,"facetable":false,"key":false,"indexAnalyzer":null,"searchAnalyzer":null,"analyzer":null,"normalizer":null,"synonymMaps":[]},{"name":"city","type":"Edm.String","searchable":true,"filterable":true,"retrievable":true,"sortable":true,"facetable":true,"key":false,"indexAnalyzer":null,"searchAnalyzer":null,"analyzer":null,"normalizer":null,"synonymMaps":[]},{"name":"stateProvince","type":"Edm.String","searchable":true,"filterable":true,"retrievable":true,"sortable":true,"facetable":true,"key":false,"indexAnalyzer":null,"searchAnalyzer":null,"analyzer":null,"normalizer":null,"synonymMaps":[]},{"name":"country","type":"Edm.String","searchable":true,"filterable":true,"retrievable":true,"sortable":true,"facetable":true,"key":false,"indexAnalyzer":null,"searchAnalyzer":null,"analyzer":null,"normalizer":null,"synonymMaps":[]},{"name":"postalCode","type":"Edm.String","searchable":true,"filterable":true,"retrievable":true,"sortable":true,"facetable":true,"key":false,"indexAnalyzer":null,"searchAnalyzer":null,"analyzer":null,"normalizer":null,"synonymMaps":[]}]},{"name":"rooms","type":"Collection(Edm.ComplexType)","fields":[{"name":"description","type":"Edm.String","searchable":true,"filterable":false,"retrievable":true,"sortable":false,"facetable":false,"key":false,"indexAnalyzer":null,"searchAnalyzer":null,"analyzer":"en.lucene","normalizer":null,"synonymMaps":[]},{"name":"descriptionFr","type":"Edm.String","searchable":true,"filterable":false,"retrievable":true,"sortable":false,"facetable":false,"key":false,"indexAnalyzer":null,"searchAnalyzer":null,"analyzer":"fr.lucene","normalizer":null,"synonymMaps":[]},{"name":"type","type":"Edm.String","searchable":true,"filterable":true,"retrievable":true,"sortable":false,"facetable":true,"key":false,"indexAnalyzer":null,"searchAnalyzer":null,"analyzer":null,"normalizer":null,"synonymMaps":[]},{"name":"baseRate","type":"Edm.Double","searchable":false,"filterable":true,"retrievable":true,"sortable":false,"facetable":true,"key":false,"indexAnalyzer":null,"searchAnalyzer":null,"analyzer":null,"normalizer":null,"synonymMaps":[]},{"name":"bedOptions","type":"Edm.String","searchable":true,"filterable":true,"retrievable":true,"sortable":false,"facetable":true,"key":false,"indexAnalyzer":null,"searchAnalyzer":null,"analyzer":null,"normalizer":null,"synonymMaps":[]},{"name":"sleepsCount","type":"Edm.Int32","searchable":false,"filterable":true,"retrievable":true,"sortable":false,"facetable":true,"key":false,"indexAnalyzer":null,"searchAnalyzer":null,"analyzer":null,"normalizer":null,"synonymMaps":[]},{"name":"smokingAllowed","type":"Edm.Boolean","searchable":false,"filterable":true,"retrievable":true,"sortable":false,"facetable":true,"key":false,"indexAnalyzer":null,"searchAnalyzer":null,"analyzer":null,"normalizer":null,"synonymMaps":[]},{"name":"tags","type":"Collection(Edm.String)","searchable":true,"filterable":true,"retrievable":true,"sortable":false,"facetable":true,"key":false,"indexAnalyzer":null,"searchAnalyzer":null,"analyzer":null,"normalizer":null,"synonymMaps":[]}]}],"scoringProfiles":[{"name":"nearest","functionAggregation":"sum","text":null,"functions":[{"fieldName":"location","interpolation":"linear","type":"distance","boost":2.0,"freshness":null,"magnitude":null,"distance":{"referencePointParameter":"myloc","boostingDistance":100.0},"tag":null}]}],"corsOptions":null,"suggesters":[{"name":"sg","searchMode":"analyzingInfixMatching","sourceFields":["description","hotelName"]}],"analyzers":[],"normalizers":[],"tokenizers":[],"tokenFilters":[],"charFilters":[],"encryptionKey":null,"similarity":{"@odata.type":"#Microsoft.Azure.Search.BM25Similarity","k1":null,"b":null}}'
    headers:
      cache-control: no-cache
      content-length: '1182'
      content-type: application/json; odata.metadata=minimal
      date: Thu, 01 Jul 2021 00:15:03 GMT
      elapsed-time: '40'
      etag: W/"0x8D93C2543D87600"
      expires: '-1'
      odata-version: '4.0'
      pragma: no-cache
      preference-applied: odata.include-annotations="*"
      request-id: 61dd1f84-da01-11eb-b16e-a0481ca055a9
      strict-transport-security: max-age=15724800; includeSubDomains
      vary: Accept-Encoding
    status:
      code: 200
      message: OK
    url: https://searchaf051f3d.search.windows.net/indexes('drgqefsg')?api-version=2021-04-30-Preview
- request:
    body: '{"value": [{"hotelId": "3", "@search.action": "delete"}, {"hotelId": "4",
      "@search.action": "delete"}]}'
    headers:
      Accept:
      - application/json;odata.metadata=none
      Content-Length:
      - '103'
      Content-Type:
      - application/json
      User-Agent:
      - azsdk-python-search-documents/11.3.0b1 Python/3.8.6 (Windows-10-10.0.19041-SP0)
    method: POST
    uri: https://searchaf051f3d.search.windows.net/indexes('drgqefsg')/docs/search.index?api-version=2021-04-30-Preview
  response:
    body:
      string: '{"value":[{"key":"3","status":true,"errorMessage":null,"statusCode":200},{"key":"4","status":true,"errorMessage":null,"statusCode":200}]}'
    headers:
      cache-control: no-cache
      content-length: '190'
      content-type: application/json; odata.metadata=none
      date: Thu, 01 Jul 2021 00:15:04 GMT
      elapsed-time: '119'
      expires: '-1'
      odata-version: '4.0'
      pragma: no-cache
      preference-applied: odata.include-annotations="*"
      request-id: 6202278b-da01-11eb-a655-a0481ca055a9
      strict-transport-security: max-age=15724800; includeSubDomains
      vary: Accept-Encoding
    status:
      code: 200
      message: OK
    url: https://searchaf051f3d.search.windows.net/indexes('drgqefsg')/docs/search.index?api-version=2021-04-30-Preview
- request:
    body: null
    headers:
      Accept:
      - application/json;odata.metadata=none
      User-Agent:
      - azsdk-python-search-documents/11.3.0b1 Python/3.8.6 (Windows-10-10.0.19041-SP0)
    method: GET
    uri: https://searchaf051f3d.search.windows.net/indexes('drgqefsg')/docs/$count?api-version=2021-04-30-Preview
  response:
    body:
      string: "\uFEFF8"
    headers:
      cache-control: no-cache
      content-length: '126'
      content-type: text/plain
      date: Thu, 01 Jul 2021 00:15:06 GMT
      elapsed-time: '21'
      expires: '-1'
      odata-version: '4.0'
      pragma: no-cache
      preference-applied: odata.include-annotations="*"
      request-id: 63fd9131-da01-11eb-92d3-a0481ca055a9
      strict-transport-security: max-age=15724800; includeSubDomains
      vary: Accept-Encoding
    status:
      code: 200
      message: OK
    url: https://searchaf051f3d.search.windows.net/indexes('drgqefsg')/docs/$count?api-version=2021-04-30-Preview
- request:
    body: null
    headers:
      Accept:
      - application/json;odata.metadata=none
      User-Agent:
      - azsdk-python-search-documents/11.3.0b1 Python/3.8.6 (Windows-10-10.0.19041-SP0)
    method: GET
    uri: https://searchaf051f3d.search.windows.net/indexes('drgqefsg')/docs('3')?api-version=2021-04-30-Preview
  response:
    body:
      string: ''
    headers:
      cache-control: no-cache
      content-length: '0'
      date: Thu, 01 Jul 2021 00:15:06 GMT
      elapsed-time: '24'
      expires: '-1'
      pragma: no-cache
      request-id: 641f8232-da01-11eb-9602-a0481ca055a9
      strict-transport-security: max-age=15724800; includeSubDomains
    status:
      code: 404
      message: Not Found
    url: https://searchaf051f3d.search.windows.net/indexes('drgqefsg')/docs('3')?api-version=2021-04-30-Preview
- request:
    body: null
    headers:
      Accept:
      - application/json;odata.metadata=none
      User-Agent:
      - azsdk-python-search-documents/11.3.0b1 Python/3.8.6 (Windows-10-10.0.19041-SP0)
    method: GET
    uri: https://searchaf051f3d.search.windows.net/indexes('drgqefsg')/docs('4')?api-version=2021-04-30-Preview
  response:
    body:
      string: ''
    headers:
      cache-control: no-cache
      content-length: '0'
      date: Thu, 01 Jul 2021 00:15:06 GMT
      elapsed-time: '5'
      expires: '-1'
      pragma: no-cache
      request-id: 642b7624-da01-11eb-b244-a0481ca055a9
      strict-transport-security: max-age=15724800; includeSubDomains
    status:
      code: 404
      message: Not Found
    url: https://searchaf051f3d.search.windows.net/indexes('drgqefsg')/docs('4')?api-version=2021-04-30-Preview
version: 1
