interactions:
- request:
    body: '{"name": "test-ss", "description": "desc", "skills": [{"@odata.type": "#Microsoft.Skills.Text.EntityRecognitionSkill",
      "inputs": [{"name": "text", "source": "/document/content"}], "outputs": [{"name":
      "organizations", "targetName": "organizations"}]}]}'
    headers:
      Accept:
      - application/json;odata.metadata=minimal
      Content-Length:
      - '252'
      Content-Type:
      - application/json
      User-Agent:
      - azsdk-python-search-documents/11.3.0b3 Python/3.9.2 (Windows-10-10.0.19041-SP0)
    method: POST
    uri: https://search74f91acb.search.windows.net/skillsets?api-version=2021-04-30-Preview
  response:
    body:
      string: '{"@odata.context":"https://search74f91acb.search.windows.net/$metadata#skillsets/$entity","@odata.etag":"\"0x8D96E68FF489F23\"","name":"test-ss","description":"desc","skills":[{"@odata.type":"#Microsoft.Skills.Text.EntityRecognitionSkill","name":null,"description":null,"context":null,"categories":[],"defaultLanguageCode":null,"minimumPrecision":null,"includeTypelessEntities":null,"inputs":[{"name":"text","source":"/document/content","sourceContext":null,"inputs":[]}],"outputs":[{"name":"organizations","targetName":"organizations"}]}],"cognitiveServices":null,"knowledgeStore":null,"encryptionKey":null}'
    headers:
      cache-control: no-cache
      content-length: '608'
      content-type: application/json; odata.metadata=minimal
      date: Thu, 02 Sep 2021 23:25:47 GMT
      elapsed-time: '46'
      etag: W/"0x8D96E68FF489F23"
      expires: '-1'
      location: https://search74f91acb.search.windows.net/skillsets('test-ss')?api-version=2021-04-30-Preview
      odata-version: '4.0'
      pragma: no-cache
      preference-applied: odata.include-annotations="*"
      request-id: 1c4385ac-0c45-11ec-874c-74c63bed1137
      strict-transport-security: max-age=15724800; includeSubDomains
    status:
      code: 201
      message: Created
    url: https://search74f91acb.search.windows.net/skillsets?api-version=2021-04-30-Preview
- request:
    body: null
    headers:
      Accept:
      - application/json;odata.metadata=minimal
      User-Agent:
      - azsdk-python-search-documents/11.3.0b3 Python/3.9.2 (Windows-10-10.0.19041-SP0)
    method: GET
    uri: https://search74f91acb.search.windows.net/skillsets?api-version=2021-04-30-Preview
  response:
    body:
      string: '{"@odata.context":"https://search74f91acb.search.windows.net/$metadata#skillsets","value":[{"@odata.etag":"\"0x8D96E68FF489F23\"","name":"test-ss","description":"desc","skills":[{"@odata.type":"#Microsoft.Skills.Text.EntityRecognitionSkill","name":"#1","description":null,"context":"/document","categories":["Person","Quantity","Organization","URL","Email","Location","DateTime"],"defaultLanguageCode":"en","minimumPrecision":null,"includeTypelessEntities":null,"inputs":[{"name":"text","source":"/document/content","sourceContext":null,"inputs":[]}],"outputs":[{"name":"organizations","targetName":"organizations"}]}],"cognitiveServices":null,"knowledgeStore":null,"encryptionKey":null}]}'
    headers:
      cache-control: no-cache
      content-length: '532'
      content-type: application/json; odata.metadata=minimal
      date: Thu, 02 Sep 2021 23:25:48 GMT
      elapsed-time: '18'
      expires: '-1'
      odata-version: '4.0'
      pragma: no-cache
      preference-applied: odata.include-annotations="*"
      request-id: 1c7173b2-0c45-11ec-ae8f-74c63bed1137
      strict-transport-security: max-age=15724800; includeSubDomains
      vary: Accept-Encoding
    status:
      code: 200
      message: OK
    url: https://search74f91acb.search.windows.net/skillsets?api-version=2021-04-30-Preview
- request:
    body: null
    headers:
      Accept:
      - application/json;odata.metadata=minimal
      User-Agent:
      - azsdk-python-search-documents/11.3.0b3 Python/3.9.2 (Windows-10-10.0.19041-SP0)
    method: DELETE
    uri: https://search74f91acb.search.windows.net/skillsets('test-ss')?api-version=2021-04-30-Preview
  response:
    body:
      string: ''
    headers:
      cache-control: no-cache
      date: Thu, 02 Sep 2021 23:25:48 GMT
      elapsed-time: '25'
      expires: '-1'
      pragma: no-cache
      request-id: 1c7a1871-0c45-11ec-98f2-74c63bed1137
      strict-transport-security: max-age=15724800; includeSubDomains
    status:
      code: 204
      message: No Content
    url: https://search74f91acb.search.windows.net/skillsets('test-ss')?api-version=2021-04-30-Preview
- request:
    body: null
    headers:
      Accept:
      - application/json;odata.metadata=minimal
      User-Agent:
      - azsdk-python-search-documents/11.3.0b3 Python/3.9.2 (Windows-10-10.0.19041-SP0)
    method: GET
    uri: https://search74f91acb.search.windows.net/skillsets?api-version=2021-04-30-Preview
  response:
    body:
      string: '{"@odata.context":"https://search74f91acb.search.windows.net/$metadata#skillsets","value":[]}'
    headers:
      cache-control: no-cache
      content-length: '201'
      content-type: application/json; odata.metadata=minimal
      date: Thu, 02 Sep 2021 23:25:53 GMT
      elapsed-time: '7'
      expires: '-1'
      odata-version: '4.0'
      pragma: no-cache
      preference-applied: odata.include-annotations="*"
      request-id: 1f800e80-0c45-11ec-bf10-74c63bed1137
      strict-transport-security: max-age=15724800; includeSubDomains
      vary: Accept-Encoding
    status:
      code: 200
      message: OK
    url: https://search74f91acb.search.windows.net/skillsets?api-version=2021-04-30-Preview
version: 1
