interactions:
- request:
    body: '{"name": "hotels", "fields": [{"name": "hotelId", "type": "Edm.String",
      "key": true, "retrievable": true, "searchable": false}, {"name": "baseRate",
      "type": "Edm.Double", "retrievable": true}], "scoringProfiles": [{"name": "MyProfile"}],
      "corsOptions": {"allowedOrigins": ["*"], "maxAgeInSeconds": 60}}'
    headers:
      Accept:
      - application/json;odata.metadata=minimal
      Content-Length:
      - '302'
      Content-Type:
      - application/json
      User-Agent:
      - azsdk-python-search-documents/11.3.0b3 Python/3.9.2 (Windows-10-10.0.19041-SP0)
    method: POST
    uri: https://searchefa91fe3.search.windows.net/indexes?api-version=2021-04-30-Preview
  response:
    body:
      string: '{"@odata.context":"https://searchefa91fe3.search.windows.net/$metadata#indexes/$entity","@odata.etag":"\"0x8D96CA57E761144\"","name":"hotels","defaultScoringProfile":null,"fields":[{"name":"hotelId","type":"Edm.String","searchable":false,"filterable":true,"retrievable":true,"sortable":true,"facetable":true,"key":true,"indexAnalyzer":null,"searchAnalyzer":null,"analyzer":null,"normalizer":null,"synonymMaps":[]},{"name":"baseRate","type":"Edm.Double","searchable":false,"filterable":true,"retrievable":true,"sortable":true,"facetable":true,"key":false,"indexAnalyzer":null,"searchAnalyzer":null,"analyzer":null,"normalizer":null,"synonymMaps":[]}],"scoringProfiles":[{"name":"MyProfile","functionAggregation":null,"text":null,"functions":[]}],"corsOptions":{"allowedOrigins":["*"],"maxAgeInSeconds":60},"suggesters":[],"analyzers":[],"normalizers":[],"tokenizers":[],"tokenFilters":[],"charFilters":[],"encryptionKey":null,"similarity":{"@odata.type":"#Microsoft.Azure.Search.BM25Similarity","k1":null,"b":null}}'
    headers:
      cache-control: no-cache
      content-length: '1014'
      content-type: application/json; odata.metadata=minimal
      date: Tue, 31 Aug 2021 17:33:49 GMT
      elapsed-time: '1711'
      etag: W/"0x8D96CA57E761144"
      expires: '-1'
      location: https://searchefa91fe3.search.windows.net/indexes('hotels')?api-version=2021-04-30-Preview
      odata-version: '4.0'
      pragma: no-cache
      preference-applied: odata.include-annotations="*"
      request-id: 9a49477a-0a81-11ec-91c1-74c63bed1137
      strict-transport-security: max-age=15724800; includeSubDomains
    status:
      code: 201
      message: Created
    url: https://searchefa91fe3.search.windows.net/indexes?api-version=2021-04-30-Preview
- request:
    body: '{"name": "hotels", "fields": [{"name": "hotelId", "type": "Edm.String",
      "key": true, "retrievable": true, "searchable": false}, {"name": "baseRate",
      "type": "Edm.Double", "retrievable": true}], "scoringProfiles": [], "corsOptions":
      {"allowedOrigins": ["*"], "maxAgeInSeconds": 60}}'
    headers:
      Accept:
      - application/json;odata.metadata=minimal
      Content-Length:
      - '281'
      Content-Type:
      - application/json
      Prefer:
      - return=representation
      User-Agent:
      - azsdk-python-search-documents/11.3.0b3 Python/3.9.2 (Windows-10-10.0.19041-SP0)
    method: PUT
    uri: https://searchefa91fe3.search.windows.net/indexes('hotels')?api-version=2021-04-30-Preview
  response:
    body:
      string: '{"@odata.context":"https://searchefa91fe3.search.windows.net/$metadata#indexes/$entity","@odata.etag":"\"0x8D96CA57EB1F07B\"","name":"hotels","defaultScoringProfile":null,"fields":[{"name":"hotelId","type":"Edm.String","searchable":false,"filterable":true,"retrievable":true,"sortable":true,"facetable":true,"key":true,"indexAnalyzer":null,"searchAnalyzer":null,"analyzer":null,"normalizer":null,"synonymMaps":[]},{"name":"baseRate","type":"Edm.Double","searchable":false,"filterable":true,"retrievable":true,"sortable":true,"facetable":true,"key":false,"indexAnalyzer":null,"searchAnalyzer":null,"analyzer":null,"normalizer":null,"synonymMaps":[]}],"scoringProfiles":[],"corsOptions":{"allowedOrigins":["*"],"maxAgeInSeconds":60},"suggesters":[],"analyzers":[],"normalizers":[],"tokenizers":[],"tokenFilters":[],"charFilters":[],"encryptionKey":null,"similarity":{"@odata.type":"#Microsoft.Azure.Search.BM25Similarity","k1":null,"b":null}}'
    headers:
      cache-control: no-cache
      content-length: '555'
      content-type: application/json; odata.metadata=minimal
      date: Tue, 31 Aug 2021 17:33:49 GMT
      elapsed-time: '313'
      etag: W/"0x8D96CA57EB1F07B"
      expires: '-1'
      odata-version: '4.0'
      pragma: no-cache
      preference-applied: odata.include-annotations="*"
      request-id: 9b753929-0a81-11ec-9e46-74c63bed1137
      strict-transport-security: max-age=15724800; includeSubDomains
      vary: Accept-Encoding
    status:
      code: 200
      message: OK
    url: https://searchefa91fe3.search.windows.net/indexes('hotels')?api-version=2021-04-30-Preview
- request:
    body: '{"name": "hotels", "fields": [{"name": "hotelId", "type": "Edm.String",
      "key": true, "retrievable": true, "searchable": false}, {"name": "baseRate",
      "type": "Edm.Double", "retrievable": true}], "scoringProfiles": [], "corsOptions":
      {"allowedOrigins": ["*"], "maxAgeInSeconds": 60}, "@odata.etag": "\"0x8D96CA57E761144\""}'
    headers:
      Accept:
      - application/json;odata.metadata=minimal
      Content-Length:
      - '321'
      Content-Type:
      - application/json
      If-Match:
      - '"0x8D96CA57E761144"'
      Prefer:
      - return=representation
      User-Agent:
      - azsdk-python-search-documents/11.3.0b3 Python/3.9.2 (Windows-10-10.0.19041-SP0)
    method: PUT
    uri: https://searchefa91fe3.search.windows.net/indexes('hotels')?api-version=2021-04-30-Preview
  response:
    body:
      string: '{"error":{"code":"","message":"The precondition given in one of the
        request headers evaluated to false. No change was made to the resource from
        this request."}}'
    headers:
      cache-control: no-cache
      content-language: en
      content-length: '160'
      content-type: application/json; odata.metadata=minimal
      date: Tue, 31 Aug 2021 17:33:49 GMT
      elapsed-time: '62'
      expires: '-1'
      odata-version: '4.0'
      pragma: no-cache
      preference-applied: odata.include-annotations="*"
      request-id: 9bac40f7-0a81-11ec-a40a-74c63bed1137
      strict-transport-security: max-age=15724800; includeSubDomains
    status:
      code: 412
      message: Precondition Failed
    url: https://searchefa91fe3.search.windows.net/indexes('hotels')?api-version=2021-04-30-Preview
version: 1
