interactions:
- request:
    body: '{"name": "sample-datasource", "type": "azureblob", "credentials": {"connectionString":
      "connection_string"}, "container": {"name": "searchcontainer"}}'
    headers:
      Accept:
      - application/json;odata.metadata=minimal
      Content-Length:
      - '325'
      Content-Type:
      - application/json
      User-Agent:
      - azsdk-python-search-documents/11.3.0b1 Python/3.8.6 (Windows-10-10.0.19041-SP0)
    method: POST
    uri: https://searcha7b8175d.search.windows.net/datasources?api-version=2021-04-30-Preview
  response:
    body:
      string: '{"@odata.context":"https://searcha7b8175d.search.windows.net/$metadata#datasources/$entity","@odata.etag":"\"0x8D93C24C959CC61\"","name":"sample-datasource","description":null,"type":"azureblob","subtype":null,"credentials":{"connectionString":null},"container":{"name":"searchcontainer","query":null},"dataChangeDetectionPolicy":null,"dataDeletionDetectionPolicy":null,"encryptionKey":null,"identity":null}'
    headers:
      cache-control: no-cache
      content-length: '407'
      content-type: application/json; odata.metadata=minimal
      date: Thu, 01 Jul 2021 00:11:34 GMT
      elapsed-time: '33'
      etag: W/"0x8D93C24C959CC61"
      expires: '-1'
      location: https://searcha7b8175d.search.windows.net/datasources('sample-datasource')?api-version=2021-04-30-Preview
      odata-version: '4.0'
      pragma: no-cache
      preference-applied: odata.include-annotations="*"
      request-id: e512e287-da00-11eb-9386-a0481ca055a9
      strict-transport-security: max-age=15724800; includeSubDomains
    status:
      code: 201
      message: Created
    url: https://searcha7b8175d.search.windows.net/datasources?api-version=2021-04-30-Preview
- request:
    body: '{"name": "hotels", "fields": [{"name": "hotelId", "type": "Edm.String",
      "key": true, "retrievable": true, "searchable": false}]}'
    headers:
      Accept:
      - application/json;odata.metadata=minimal
      Content-Length:
      - '128'
      Content-Type:
      - application/json
      User-Agent:
      - azsdk-python-search-documents/11.3.0b1 Python/3.8.6 (Windows-10-10.0.19041-SP0)
    method: POST
    uri: https://searcha7b8175d.search.windows.net/indexes?api-version=2021-04-30-Preview
  response:
    body:
      string: '{"@odata.context":"https://searcha7b8175d.search.windows.net/$metadata#indexes/$entity","@odata.etag":"\"0x8D93C24C9BE24FB\"","name":"hotels","defaultScoringProfile":null,"fields":[{"name":"hotelId","type":"Edm.String","searchable":false,"filterable":true,"retrievable":true,"sortable":true,"facetable":true,"key":true,"indexAnalyzer":null,"searchAnalyzer":null,"analyzer":null,"normalizer":null,"synonymMaps":[]}],"scoringProfiles":[],"corsOptions":null,"suggesters":[],"analyzers":[],"normalizers":[],"tokenizers":[],"tokenFilters":[],"charFilters":[],"encryptionKey":null,"similarity":{"@odata.type":"#Microsoft.Azure.Search.BM25Similarity","k1":null,"b":null}}'
    headers:
      cache-control: no-cache
      content-length: '664'
      content-type: application/json; odata.metadata=minimal
      date: Thu, 01 Jul 2021 00:11:34 GMT
      elapsed-time: '466'
      etag: W/"0x8D93C24C9BE24FB"
      expires: '-1'
      location: https://searcha7b8175d.search.windows.net/indexes('hotels')?api-version=2021-04-30-Preview
      odata-version: '4.0'
      pragma: no-cache
      preference-applied: odata.include-annotations="*"
      request-id: e536b9c6-da00-11eb-8f4b-a0481ca055a9
      strict-transport-security: max-age=15724800; includeSubDomains
    status:
      code: 201
      message: Created
    url: https://searcha7b8175d.search.windows.net/indexes?api-version=2021-04-30-Preview
- request:
    body: '{"name": "sample-indexer", "dataSourceName": "sample-datasource", "targetIndexName":
      "hotels", "disabled": false}'
    headers:
      Accept:
      - application/json;odata.metadata=minimal
      Content-Length:
      - '113'
      Content-Type:
      - application/json
      User-Agent:
      - azsdk-python-search-documents/11.3.0b1 Python/3.8.6 (Windows-10-10.0.19041-SP0)
    method: POST
    uri: https://searcha7b8175d.search.windows.net/indexers?api-version=2021-04-30-Preview
  response:
    body:
      string: '{"@odata.context":"https://searcha7b8175d.search.windows.net/$metadata#indexers/$entity","@odata.etag":"\"0x8D93C24CAD09B37\"","name":"sample-indexer","description":null,"dataSourceName":"sample-datasource","skillsetName":null,"targetIndexName":"hotels","disabled":false,"schedule":null,"parameters":null,"fieldMappings":[],"outputFieldMappings":[],"cache":null,"encryptionKey":null}'
    headers:
      cache-control: no-cache
      content-length: '383'
      content-type: application/json; odata.metadata=minimal
      date: Thu, 01 Jul 2021 00:11:37 GMT
      elapsed-time: '1718'
      etag: W/"0x8D93C24CAD09B37"
      expires: '-1'
      location: https://searcha7b8175d.search.windows.net/indexers('sample-indexer')?api-version=2021-04-30-Preview
      odata-version: '4.0'
      pragma: no-cache
      preference-applied: odata.include-annotations="*"
      request-id: e59b7e88-da00-11eb-85f2-a0481ca055a9
      strict-transport-security: max-age=15724800; includeSubDomains
    status:
      code: 201
      message: Created
    url: https://searcha7b8175d.search.windows.net/indexers?api-version=2021-04-30-Preview
version: 1
