interactions:
- request:
    body: '{"name": "sample-datasource", "type": "azureblob", "credentials": {"connectionString":
      "connection_string"},
      "container": {"name": "searchcontainer"}}'
    headers:
      Accept:
      - application/json;odata.metadata=minimal
      Content-Length:
      - '319'
      Content-Type:
      - application/json
      User-Agent:
      - azsdk-python-search-documents/11.1.0b2 Python/3.8.5 (Windows-10-10.0.19041-SP0)
    method: POST
    uri: https://search55741a3e.search.windows.net/datasources?api-version=2020-06-30-Preview
  response:
    body:
      string: '{"@odata.context":"https://search55741a3e.search.windows.net/$metadata#datasources/$entity","@odata.etag":"\"0x8D83F24442234B1\"","name":"sample-datasource","description":null,"type":"azureblob","subtype":null,"credentials":{"connectionString":null},"container":{"name":"searchcontainer","query":null},"dataChangeDetectionPolicy":null,"dataDeletionDetectionPolicy":null,"encryptionKey":null}'
    headers:
      cache-control: no-cache
      content-length: '391'
      content-type: application/json; odata.metadata=minimal
      date: Thu, 13 Aug 2020 01:00:25 GMT
      elapsed-time: '59'
      etag: W/"0x8D83F24442234B1"
      expires: '-1'
      location: https://search55741a3e.search.windows.net/datasources('sample-datasource')?api-version=2020-06-30-Preview
      odata-version: '4.0'
      pragma: no-cache
      preference-applied: odata.include-annotations="*"
      request-id: 5fd16b75-dd00-11ea-9283-5cf37071153c
      strict-transport-security: max-age=15724800; includeSubDomains
    status:
      code: 201
      message: Created
    url: https://search55741a3e.search.windows.net/datasources?api-version=2020-06-30-Preview
- request:
    body: null
    headers:
      Accept:
      - application/json;odata.metadata=minimal
      User-Agent:
      - azsdk-python-search-documents/11.1.0b2 Python/3.8.5 (Windows-10-10.0.19041-SP0)
    method: GET
    uri: https://search55741a3e.search.windows.net/datasources?api-version=2020-06-30-Preview
  response:
    body:
      string: '{"@odata.context":"https://search55741a3e.search.windows.net/$metadata#datasources","value":[{"@odata.etag":"\"0x8D83F24442234B1\"","name":"sample-datasource","description":null,"type":"azureblob","subtype":null,"credentials":{"connectionString":null},"container":{"name":"searchcontainer","query":null},"dataChangeDetectionPolicy":null,"dataDeletionDetectionPolicy":null,"encryptionKey":null}]}'
    headers:
      cache-control: no-cache
      content-encoding: gzip
      content-length: '375'
      content-type: application/json; odata.metadata=minimal
      date: Thu, 13 Aug 2020 01:00:26 GMT
      elapsed-time: '31'
      expires: '-1'
      odata-version: '4.0'
      pragma: no-cache
      preference-applied: odata.include-annotations="*"
      request-id: 5ff1ed2c-dd00-11ea-a76f-5cf37071153c
      strict-transport-security: max-age=15724800; includeSubDomains
      vary: Accept-Encoding
    status:
      code: 200
      message: OK
    url: https://search55741a3e.search.windows.net/datasources?api-version=2020-06-30-Preview
- request:
    body: null
    headers:
      Accept:
      - application/json;odata.metadata=minimal
      User-Agent:
      - azsdk-python-search-documents/11.1.0b2 Python/3.8.5 (Windows-10-10.0.19041-SP0)
    method: DELETE
    uri: https://search55741a3e.search.windows.net/datasources('sample-datasource')?api-version=2020-06-30-Preview
  response:
    body:
      string: ''
    headers:
      cache-control: no-cache
      date: Thu, 13 Aug 2020 01:00:26 GMT
      elapsed-time: '34'
      expires: '-1'
      pragma: no-cache
      request-id: 5fff1776-dd00-11ea-b656-5cf37071153c
      strict-transport-security: max-age=15724800; includeSubDomains
    status:
      code: 204
      message: No Content
    url: https://search55741a3e.search.windows.net/datasources('sample-datasource')?api-version=2020-06-30-Preview
- request:
    body: null
    headers:
      Accept:
      - application/json;odata.metadata=minimal
      User-Agent:
      - azsdk-python-search-documents/11.1.0b2 Python/3.8.5 (Windows-10-10.0.19041-SP0)
    method: GET
    uri: https://search55741a3e.search.windows.net/datasources?api-version=2020-06-30-Preview
  response:
    body:
      string: '{"@odata.context":"https://search55741a3e.search.windows.net/$metadata#datasources","value":[]}'
    headers:
      cache-control: no-cache
      content-encoding: gzip
      content-length: '202'
      content-type: application/json; odata.metadata=minimal
      date: Thu, 13 Aug 2020 01:00:27 GMT
      elapsed-time: '7'
      expires: '-1'
      odata-version: '4.0'
      pragma: no-cache
      preference-applied: odata.include-annotations="*"
      request-id: 600abdaa-dd00-11ea-a881-5cf37071153c
      strict-transport-security: max-age=15724800; includeSubDomains
      vary: Accept-Encoding
    status:
      code: 200
      message: OK
    url: https://search55741a3e.search.windows.net/datasources?api-version=2020-06-30-Preview
version: 1
