interactions:
- request:
    body: '{"name": "test-ss", "description": "desc", "skills": [{"@odata.type": "#Microsoft.Skills.Text.EntityRecognitionSkill",
      "inputs": [{"name": "text", "source": "/document/content"}], "outputs": [{"name":
      "organizations", "targetName": "organizations"}]}]}'
    headers:
      Accept:
      - application/json;odata.metadata=minimal
      Content-Length:
      - '252'
      Content-Type:
      - application/json
      User-Agent:
      - azsdk-python-search-documents/11.1.0b2 Python/3.8.5 (Windows-10-10.0.19041-SP0)
    method: POST
    uri: https://searchdf571c3b.search.windows.net/skillsets?api-version=2020-06-30-Preview
  response:
    body:
      string: '{"@odata.context":"https://searchdf571c3b.search.windows.net/$metadata#skillsets/$entity","@odata.etag":"\"0x8D83F24104BA111\"","name":"test-ss","description":"desc","skills":[{"@odata.type":"#Microsoft.Skills.Text.EntityRecognitionSkill","name":null,"description":null,"context":null,"categories":[],"defaultLanguageCode":null,"minimumPrecision":null,"includeTypelessEntities":null,"inputs":[{"name":"text","source":"/document/content","sourceContext":null,"inputs":[]}],"outputs":[{"name":"organizations","targetName":"organizations"}]}],"cognitiveServices":null,"knowledgeStore":null,"encryptionKey":null}'
    headers:
      cache-control: no-cache
      content-length: '608'
      content-type: application/json; odata.metadata=minimal
      date: Thu, 13 Aug 2020 00:58:59 GMT
      elapsed-time: '65'
      etag: W/"0x8D83F24104BA111"
      expires: '-1'
      location: https://searchdf571c3b.search.windows.net/skillsets('test-ss')?api-version=2020-06-30-Preview
      odata-version: '4.0'
      pragma: no-cache
      preference-applied: odata.include-annotations="*"
      request-id: 2bf4d9a7-dd00-11ea-8393-5cf37071153c
      strict-transport-security: max-age=15724800; includeSubDomains
    status:
      code: 201
      message: Created
    url: https://searchdf571c3b.search.windows.net/skillsets?api-version=2020-06-30-Preview
- request:
    body: '{"name": "test-ss", "description": "updated", "skills": [{"@odata.type":
      "#Microsoft.Skills.Text.EntityRecognitionSkill", "inputs": [{"name": "text",
      "source": "/document/content"}], "outputs": [{"name": "organizations", "targetName":
      "organizations"}]}]}'
    headers:
      Accept:
      - application/json;odata.metadata=minimal
      Content-Length:
      - '255'
      Content-Type:
      - application/json
      Prefer:
      - return=representation
      User-Agent:
      - azsdk-python-search-documents/11.1.0b2 Python/3.8.5 (Windows-10-10.0.19041-SP0)
    method: PUT
    uri: https://searchdf571c3b.search.windows.net/skillsets('test-ss')?api-version=2020-06-30-Preview
  response:
    body:
      string: '{"@odata.context":"https://searchdf571c3b.search.windows.net/$metadata#skillsets/$entity","@odata.etag":"\"0x8D83F24105D3073\"","name":"test-ss","description":"updated","skills":[{"@odata.type":"#Microsoft.Skills.Text.EntityRecognitionSkill","name":null,"description":null,"context":null,"categories":[],"defaultLanguageCode":null,"minimumPrecision":null,"includeTypelessEntities":null,"inputs":[{"name":"text","source":"/document/content","sourceContext":null,"inputs":[]}],"outputs":[{"name":"organizations","targetName":"organizations"}]}],"cognitiveServices":null,"knowledgeStore":null,"encryptionKey":null}'
    headers:
      cache-control: no-cache
      content-encoding: gzip
      content-length: '478'
      content-type: application/json; odata.metadata=minimal
      date: Thu, 13 Aug 2020 00:58:59 GMT
      elapsed-time: '64'
      etag: W/"0x8D83F24105D3073"
      expires: '-1'
      odata-version: '4.0'
      pragma: no-cache
      preference-applied: odata.include-annotations="*"
      request-id: 2c19bb70-dd00-11ea-a8fd-5cf37071153c
      strict-transport-security: max-age=15724800; includeSubDomains
      vary: Accept-Encoding
    status:
      code: 200
      message: OK
    url: https://searchdf571c3b.search.windows.net/skillsets('test-ss')?api-version=2020-06-30-Preview
- request:
    body: null
    headers:
      Accept:
      - application/json;odata.metadata=minimal
      If-Match:
      - '"0x8D83F24104BA111"'
      User-Agent:
      - azsdk-python-search-documents/11.1.0b2 Python/3.8.5 (Windows-10-10.0.19041-SP0)
    method: DELETE
    uri: https://searchdf571c3b.search.windows.net/skillsets('test-ss')?api-version=2020-06-30-Preview
  response:
    body:
      string: '{"error":{"code":"","message":"The precondition given in one of the
        request headers evaluated to false. No change was made to the resource from
        this request."}}'
    headers:
      cache-control: no-cache
      content-language: en
      content-length: '160'
      content-type: application/json; odata.metadata=minimal
      date: Thu, 13 Aug 2020 00:58:59 GMT
      elapsed-time: '17'
      expires: '-1'
      odata-version: '4.0'
      pragma: no-cache
      preference-applied: odata.include-annotations="*"
      request-id: 2c2b65e7-dd00-11ea-8555-5cf37071153c
      strict-transport-security: max-age=15724800; includeSubDomains
    status:
      code: 412
      message: Precondition Failed
    url: https://searchdf571c3b.search.windows.net/skillsets('test-ss')?api-version=2020-06-30-Preview
version: 1
