interactions:
- request:
    body: null
    headers:
      Accept:
      - application/json;odata.metadata=minimal
      User-Agent:
      - azsdk-python-search-documents/11.3.0b1 Python/3.8.6 (Windows-10-10.0.19041-SP0)
    method: GET
    uri: https://searchb0ef1f4f.search.windows.net/indexes('drgqefsg')?api-version=2021-04-30-Preview
  response:
    body:
      string: '{"@odata.context":"https://searchb0ef1f4f.search.windows.net/$metadata#indexes/$entity","@odata.etag":"\"0x8D93C1D9BDC45B7\"","name":"drgqefsg","defaultScoringProfile":null,"fields":[{"name":"hotelId","type":"Edm.String","searchable":false,"filterable":true,"retrievable":true,"sortable":true,"facetable":true,"key":true,"indexAnalyzer":null,"searchAnalyzer":null,"analyzer":null,"normalizer":null,"synonymMaps":[]},{"name":"hotelName","type":"Edm.String","searchable":true,"filterable":true,"retrievable":true,"sortable":true,"facetable":false,"key":false,"indexAnalyzer":null,"searchAnalyzer":null,"analyzer":null,"normalizer":null,"synonymMaps":[]},{"name":"description","type":"Edm.String","searchable":true,"filterable":false,"retrievable":true,"sortable":false,"facetable":false,"key":false,"indexAnalyzer":null,"searchAnalyzer":null,"analyzer":"en.lucene","normalizer":null,"synonymMaps":[]},{"name":"descriptionFr","type":"Edm.String","searchable":true,"filterable":false,"retrievable":true,"sortable":false,"facetable":false,"key":false,"indexAnalyzer":null,"searchAnalyzer":null,"analyzer":"fr.lucene","normalizer":null,"synonymMaps":[]},{"name":"category","type":"Edm.String","searchable":true,"filterable":true,"retrievable":true,"sortable":true,"facetable":true,"key":false,"indexAnalyzer":null,"searchAnalyzer":null,"analyzer":null,"normalizer":null,"synonymMaps":[]},{"name":"tags","type":"Collection(Edm.String)","searchable":true,"filterable":true,"retrievable":true,"sortable":false,"facetable":true,"key":false,"indexAnalyzer":null,"searchAnalyzer":null,"analyzer":null,"normalizer":null,"synonymMaps":[]},{"name":"parkingIncluded","type":"Edm.Boolean","searchable":false,"filterable":true,"retrievable":true,"sortable":true,"facetable":true,"key":false,"indexAnalyzer":null,"searchAnalyzer":null,"analyzer":null,"normalizer":null,"synonymMaps":[]},{"name":"smokingAllowed","type":"Edm.Boolean","searchable":false,"filterable":true,"retrievable":true,"sortable":true,"facetable":true,"key":false,"indexAnalyzer":null,"searchAnalyzer":null,"analyzer":null,"normalizer":null,"synonymMaps":[]},{"name":"lastRenovationDate","type":"Edm.DateTimeOffset","searchable":false,"filterable":true,"retrievable":true,"sortable":true,"facetable":true,"key":false,"indexAnalyzer":null,"searchAnalyzer":null,"analyzer":null,"normalizer":null,"synonymMaps":[]},{"name":"rating","type":"Edm.Int32","searchable":false,"filterable":true,"retrievable":true,"sortable":true,"facetable":true,"key":false,"indexAnalyzer":null,"searchAnalyzer":null,"analyzer":null,"normalizer":null,"synonymMaps":[]},{"name":"location","type":"Edm.GeographyPoint","searchable":false,"filterable":true,"retrievable":true,"sortable":true,"facetable":false,"key":false,"indexAnalyzer":null,"searchAnalyzer":null,"analyzer":null,"normalizer":null,"synonymMaps":[]},{"name":"address","type":"Edm.ComplexType","fields":[{"name":"streetAddress","type":"Edm.String","searchable":true,"filterable":false,"retrievable":true,"sortable":false,"facetable":false,"key":false,"indexAnalyzer":null,"searchAnalyzer":null,"analyzer":null,"normalizer":null,"synonymMaps":[]},{"name":"city","type":"Edm.String","searchable":true,"filterable":true,"retrievable":true,"sortable":true,"facetable":true,"key":false,"indexAnalyzer":null,"searchAnalyzer":null,"analyzer":null,"normalizer":null,"synonymMaps":[]},{"name":"stateProvince","type":"Edm.String","searchable":true,"filterable":true,"retrievable":true,"sortable":true,"facetable":true,"key":false,"indexAnalyzer":null,"searchAnalyzer":null,"analyzer":null,"normalizer":null,"synonymMaps":[]},{"name":"country","type":"Edm.String","searchable":true,"filterable":true,"retrievable":true,"sortable":true,"facetable":true,"key":false,"indexAnalyzer":null,"searchAnalyzer":null,"analyzer":null,"normalizer":null,"synonymMaps":[]},{"name":"postalCode","type":"Edm.String","searchable":true,"filterable":true,"retrievable":true,"sortable":true,"facetable":true,"key":false,"indexAnalyzer":null,"searchAnalyzer":null,"analyzer":null,"normalizer":null,"synonymMaps":[]}]},{"name":"rooms","type":"Collection(Edm.ComplexType)","fields":[{"name":"description","type":"Edm.String","searchable":true,"filterable":false,"retrievable":true,"sortable":false,"facetable":false,"key":false,"indexAnalyzer":null,"searchAnalyzer":null,"analyzer":"en.lucene","normalizer":null,"synonymMaps":[]},{"name":"descriptionFr","type":"Edm.String","searchable":true,"filterable":false,"retrievable":true,"sortable":false,"facetable":false,"key":false,"indexAnalyzer":null,"searchAnalyzer":null,"analyzer":"fr.lucene","normalizer":null,"synonymMaps":[]},{"name":"type","type":"Edm.String","searchable":true,"filterable":true,"retrievable":true,"sortable":false,"facetable":true,"key":false,"indexAnalyzer":null,"searchAnalyzer":null,"analyzer":null,"normalizer":null,"synonymMaps":[]},{"name":"baseRate","type":"Edm.Double","searchable":false,"filterable":true,"retrievable":true,"sortable":false,"facetable":true,"key":false,"indexAnalyzer":null,"searchAnalyzer":null,"analyzer":null,"normalizer":null,"synonymMaps":[]},{"name":"bedOptions","type":"Edm.String","searchable":true,"filterable":true,"retrievable":true,"sortable":false,"facetable":true,"key":false,"indexAnalyzer":null,"searchAnalyzer":null,"analyzer":null,"normalizer":null,"synonymMaps":[]},{"name":"sleepsCount","type":"Edm.Int32","searchable":false,"filterable":true,"retrievable":true,"sortable":false,"facetable":true,"key":false,"indexAnalyzer":null,"searchAnalyzer":null,"analyzer":null,"normalizer":null,"synonymMaps":[]},{"name":"smokingAllowed","type":"Edm.Boolean","searchable":false,"filterable":true,"retrievable":true,"sortable":false,"facetable":true,"key":false,"indexAnalyzer":null,"searchAnalyzer":null,"analyzer":null,"normalizer":null,"synonymMaps":[]},{"name":"tags","type":"Collection(Edm.String)","searchable":true,"filterable":true,"retrievable":true,"sortable":false,"facetable":true,"key":false,"indexAnalyzer":null,"searchAnalyzer":null,"analyzer":null,"normalizer":null,"synonymMaps":[]}]}],"scoringProfiles":[{"name":"nearest","functionAggregation":"sum","text":null,"functions":[{"fieldName":"location","interpolation":"linear","type":"distance","boost":2.0,"freshness":null,"magnitude":null,"distance":{"referencePointParameter":"myloc","boostingDistance":100.0},"tag":null}]}],"corsOptions":null,"suggesters":[{"name":"sg","searchMode":"analyzingInfixMatching","sourceFields":["description","hotelName"]}],"analyzers":[],"normalizers":[],"tokenizers":[],"tokenFilters":[],"charFilters":[],"encryptionKey":null,"similarity":{"@odata.type":"#Microsoft.Azure.Search.BM25Similarity","k1":null,"b":null}}'
    headers:
      cache-control: no-cache
      content-length: '1182'
      content-type: application/json; odata.metadata=minimal
      date: Wed, 30 Jun 2021 23:20:15 GMT
      elapsed-time: '32'
      etag: W/"0x8D93C1D9BDC45B7"
      expires: '-1'
      odata-version: '4.0'
      pragma: no-cache
      preference-applied: odata.include-annotations="*"
      request-id: b9d124db-d9f9-11eb-a027-a0481ca055a9
      strict-transport-security: max-age=15724800; includeSubDomains
      vary: Accept-Encoding
    status:
      code: 200
      message: OK
    url: https://searchb0ef1f4f.search.windows.net/indexes('drgqefsg')?api-version=2021-04-30-Preview
- request:
    body: '{"value": [{"hotelId": "1000", "rating": 5, "rooms": [], "hotelName": "Azure
      Inn", "@search.action": "upload"}, {"hotelId": "3", "rating": 4, "rooms": [],
      "hotelName": "Redmond Hotel", "@search.action": "upload"}]}'
    headers:
      Accept:
      - application/json;odata.metadata=none
      Content-Length:
      - '214'
      Content-Type:
      - application/json
      User-Agent:
      - azsdk-python-search-documents/11.3.0b1 Python/3.8.6 (Windows-10-10.0.19041-SP0)
    method: POST
    uri: https://searchb0ef1f4f.search.windows.net/indexes('drgqefsg')/docs/search.index?api-version=2021-04-30-Preview
  response:
    body:
      string: '{"value":[{"key":"1000","status":true,"errorMessage":null,"statusCode":201},{"key":"3","status":true,"errorMessage":null,"statusCode":200}]}'
    headers:
      cache-control: no-cache
      content-length: '196'
      content-type: application/json; odata.metadata=none
      date: Wed, 30 Jun 2021 23:20:14 GMT
      elapsed-time: '181'
      expires: '-1'
      odata-version: '4.0'
      pragma: no-cache
      preference-applied: odata.include-annotations="*"
      request-id: b9ef33fe-d9f9-11eb-bc75-a0481ca055a9
      strict-transport-security: max-age=15724800; includeSubDomains
      vary: Accept-Encoding
    status:
      code: 200
      message: OK
    url: https://searchb0ef1f4f.search.windows.net/indexes('drgqefsg')/docs/search.index?api-version=2021-04-30-Preview
- request:
    body: null
    headers:
      Accept:
      - application/json;odata.metadata=none
      User-Agent:
      - azsdk-python-search-documents/11.3.0b1 Python/3.8.6 (Windows-10-10.0.19041-SP0)
    method: GET
    uri: https://searchb0ef1f4f.search.windows.net/indexes('drgqefsg')/docs/$count?api-version=2021-04-30-Preview
  response:
    body:
      string: "\uFEFF11"
    headers:
      cache-control: no-cache
      content-length: '127'
      content-type: text/plain
      date: Wed, 30 Jun 2021 23:20:18 GMT
      elapsed-time: '4'
      expires: '-1'
      odata-version: '4.0'
      pragma: no-cache
      preference-applied: odata.include-annotations="*"
      request-id: bbf038ce-d9f9-11eb-a251-a0481ca055a9
      strict-transport-security: max-age=15724800; includeSubDomains
      vary: Accept-Encoding
    status:
      code: 200
      message: OK
    url: https://searchb0ef1f4f.search.windows.net/indexes('drgqefsg')/docs/$count?api-version=2021-04-30-Preview
version: 1
