interactions:
- request:
    body: '{"name": "test-ss-1", "description": "desc1", "skills": [{"@odata.type":
      "#Microsoft.Skills.Text.EntityRecognitionSkill", "inputs": [{"name": "text",
      "source": "/document/content"}], "outputs": [{"name": "organizations", "targetName":
      "organizations"}]}]}'
    headers:
      Accept:
      - application/json;odata.metadata=minimal
      Content-Length:
      - '255'
      Content-Type:
      - application/json
      User-Agent:
      - azsdk-python-search-documents/11.1.0b2 Python/3.8.5 (Windows-10-10.0.19041-SP0)
    method: POST
    uri: https://search40851a0b.search.windows.net/skillsets?api-version=2020-06-30-Preview
  response:
    body:
      string: '{"@odata.context":"https://search40851a0b.search.windows.net/$metadata#skillsets/$entity","@odata.etag":"\"0x8D84B9D03B1F2E9\"","name":"test-ss-1","description":"desc1","skills":[{"@odata.type":"#Microsoft.Skills.Text.EntityRecognitionSkill","name":null,"description":null,"context":null,"categories":[],"defaultLanguageCode":null,"minimumPrecision":null,"includeTypelessEntities":null,"inputs":[{"name":"text","source":"/document/content","sourceContext":null,"inputs":[]}],"outputs":[{"name":"organizations","targetName":"organizations"}]}],"cognitiveServices":null,"knowledgeStore":null,"encryptionKey":null}'
    headers:
      cache-control: no-cache
      content-length: '611'
      content-type: application/json; odata.metadata=minimal
      date: Fri, 28 Aug 2020 21:55:01 GMT
      elapsed-time: '237'
      etag: W/"0x8D84B9D03B1F2E9"
      expires: '-1'
      location: https://search40851a0b.search.windows.net/skillsets('test-ss-1')?api-version=2020-06-30-Preview
      odata-version: '4.0'
      pragma: no-cache
      preference-applied: odata.include-annotations="*"
      request-id: 1f044a90-e979-11ea-a0e2-5cf37071153c
      strict-transport-security: max-age=15724800; includeSubDomains
    status:
      code: 201
      message: Created
    url: https://search40851a0b.search.windows.net/skillsets?api-version=2020-06-30-Preview
- request:
    body: '{"name": "test-ss-2", "description": "desc2", "skills": [{"@odata.type":
      "#Microsoft.Skills.Text.EntityRecognitionSkill", "inputs": [{"name": "text",
      "source": "/document/content"}], "outputs": [{"name": "organizations", "targetName":
      "organizations"}]}]}'
    headers:
      Accept:
      - application/json;odata.metadata=minimal
      Content-Length:
      - '255'
      Content-Type:
      - application/json
      User-Agent:
      - azsdk-python-search-documents/11.1.0b2 Python/3.8.5 (Windows-10-10.0.19041-SP0)
    method: POST
    uri: https://search40851a0b.search.windows.net/skillsets?api-version=2020-06-30-Preview
  response:
    body:
      string: '{"@odata.context":"https://search40851a0b.search.windows.net/$metadata#skillsets/$entity","@odata.etag":"\"0x8D84B9D03CDE639\"","name":"test-ss-2","description":"desc2","skills":[{"@odata.type":"#Microsoft.Skills.Text.EntityRecognitionSkill","name":null,"description":null,"context":null,"categories":[],"defaultLanguageCode":null,"minimumPrecision":null,"includeTypelessEntities":null,"inputs":[{"name":"text","source":"/document/content","sourceContext":null,"inputs":[]}],"outputs":[{"name":"organizations","targetName":"organizations"}]}],"cognitiveServices":null,"knowledgeStore":null,"encryptionKey":null}'
    headers:
      cache-control: no-cache
      content-length: '611'
      content-type: application/json; odata.metadata=minimal
      date: Fri, 28 Aug 2020 21:55:01 GMT
      elapsed-time: '74'
      etag: W/"0x8D84B9D03CDE639"
      expires: '-1'
      location: https://search40851a0b.search.windows.net/skillsets('test-ss-2')?api-version=2020-06-30-Preview
      odata-version: '4.0'
      pragma: no-cache
      preference-applied: odata.include-annotations="*"
      request-id: 1fbfb2c6-e979-11ea-ada8-5cf37071153c
      strict-transport-security: max-age=15724800; includeSubDomains
    status:
      code: 201
      message: Created
    url: https://search40851a0b.search.windows.net/skillsets?api-version=2020-06-30-Preview
- request:
    body: null
    headers:
      Accept:
      - application/json;odata.metadata=minimal
      User-Agent:
      - azsdk-python-search-documents/11.1.0b2 Python/3.8.5 (Windows-10-10.0.19041-SP0)
    method: GET
    uri: https://search40851a0b.search.windows.net/skillsets?api-version=2020-06-30-Preview
  response:
    body:
      string: '{"@odata.context":"https://search40851a0b.search.windows.net/$metadata#skillsets","value":[{"@odata.etag":"\"0x8D84B9D03B1F2E9\"","name":"test-ss-1","description":"desc1","skills":[{"@odata.type":"#Microsoft.Skills.Text.EntityRecognitionSkill","name":"#1","description":null,"context":"/document","categories":["Person","Quantity","Organization","URL","Email","Location","DateTime"],"defaultLanguageCode":"en","minimumPrecision":null,"includeTypelessEntities":null,"inputs":[{"name":"text","source":"/document/content","sourceContext":null,"inputs":[]}],"outputs":[{"name":"organizations","targetName":"organizations"}]}],"cognitiveServices":null,"knowledgeStore":null,"encryptionKey":null},{"@odata.etag":"\"0x8D84B9D03CDE639\"","name":"test-ss-2","description":"desc2","skills":[{"@odata.type":"#Microsoft.Skills.Text.EntityRecognitionSkill","name":"#1","description":null,"context":"/document","categories":["Person","Quantity","Organization","URL","Email","Location","DateTime"],"defaultLanguageCode":"en","minimumPrecision":null,"includeTypelessEntities":null,"inputs":[{"name":"text","source":"/document/content","sourceContext":null,"inputs":[]}],"outputs":[{"name":"organizations","targetName":"organizations"}]}],"cognitiveServices":null,"knowledgeStore":null,"encryptionKey":null}]}'
    headers:
      cache-control: no-cache
      content-encoding: gzip
      content-length: '563'
      content-type: application/json; odata.metadata=minimal
      date: Fri, 28 Aug 2020 21:55:01 GMT
      elapsed-time: '81'
      expires: '-1'
      odata-version: '4.0'
      pragma: no-cache
      preference-applied: odata.include-annotations="*"
      request-id: 1fd89128-e979-11ea-b4c2-5cf37071153c
      strict-transport-security: max-age=15724800; includeSubDomains
      vary: Accept-Encoding
    status:
      code: 200
      message: OK
    url: https://search40851a0b.search.windows.net/skillsets?api-version=2020-06-30-Preview
version: 1
