interactions:
- request:
    body: '{"name": "test-syn-map", "format": "solr", "synonyms": "USA, United States,
      United States of America\nWashington, Wash. => WA"}'
    headers:
      Accept:
      - application/json;odata.metadata=minimal
      Content-Length:
      - '127'
      Content-Type:
      - application/json
      User-Agent:
      - azsdk-python-search-documents/1.0.0b3 Python/3.7.3 (Windows-10-10.0.17763-SP0)
      api-key:
      - 379F6C259E39EFF08F01F8D2429FF657
    method: POST
    uri: https://searchf4b018b0.search.windows.net/synonymmaps?api-version=2019-05-06-Preview
  response:
    body:
      string: '{"@odata.context":"https://searchf4b018b0.search.windows.net/$metadata#synonymmaps/$entity","@odata.etag":"\"0x8D7ED71BA2FE792\"","name":"test-syn-map","format":"solr","synonyms":"USA,
        United States, United States of America\nWashington, Wash. => WA","encryptionKey":null}'
    headers:
      cache-control: no-cache
      content-length: '272'
      content-type: application/json; odata.metadata=minimal
      date: Fri, 01 May 2020 01:48:20 GMT
      elapsed-time: '23'
      etag: W/"0x8D7ED71BA2FE792"
      expires: '-1'
      location: https://searchf4b018b0.search.windows.net/synonymmaps('test-syn-map')?api-version=2019-05-06-Preview
      odata-version: '4.0'
      pragma: no-cache
      preference-applied: odata.include-annotations="*"
      request-id: d62a27a6-8b4d-11ea-b123-2816a845e8c6
      strict-transport-security: max-age=15724800; includeSubDomains
    status:
      code: 201
      message: Created
    url: !!python/object/new:yarl.URL
      state: !!python/tuple
      - !!python/object/new:urllib.parse.SplitResult
        - https
        - searchf4b018b0.search.windows.net
        - /synonymmaps
        - api-version=2019-05-06-Preview
        - ''
- request:
    body: '{"name": "test-syn-map", "format": "solr", "synonyms": "Washington, Wash.
      => WA"}'
    headers:
      Accept:
      - application/json;odata.metadata=minimal
      Content-Length:
      - '81'
      Content-Type:
      - application/json
      Prefer:
      - return=representation
      User-Agent:
      - azsdk-python-search-documents/1.0.0b3 Python/3.7.3 (Windows-10-10.0.17763-SP0)
      api-key:
      - 379F6C259E39EFF08F01F8D2429FF657
    method: PUT
    uri: https://searchf4b018b0.search.windows.net/synonymmaps('test-syn-map')?api-version=2019-05-06-Preview
  response:
    body:
      string: '{"@odata.context":"https://searchf4b018b0.search.windows.net/$metadata#synonymmaps/$entity","@odata.etag":"\"0x8D7ED71BA3AE613\"","name":"test-syn-map","format":"solr","synonyms":"Washington,
        Wash. => WA","encryptionKey":null}'
    headers:
      cache-control: no-cache
      content-encoding: gzip
      content-length: '302'
      content-type: application/json; odata.metadata=minimal
      date: Fri, 01 May 2020 01:48:20 GMT
      elapsed-time: '17'
      etag: W/"0x8D7ED71BA3AE613"
      expires: '-1'
      odata-version: '4.0'
      pragma: no-cache
      preference-applied: odata.include-annotations="*"
      request-id: d6493314-8b4d-11ea-90af-2816a845e8c6
      strict-transport-security: max-age=15724800; includeSubDomains
      vary: Accept-Encoding
    status:
      code: 200
      message: OK
    url: !!python/object/new:yarl.URL
      state: !!python/tuple
      - !!python/object/new:urllib.parse.SplitResult
        - https
        - searchf4b018b0.search.windows.net
        - /synonymmaps('test-syn-map')
        - api-version=2019-05-06-Preview
        - ''
- request:
    body: null
    headers:
      Accept:
      - application/json;odata.metadata=minimal
      If-Match:
      - '"0x8D7ED71BA2FE792"'
      User-Agent:
      - azsdk-python-search-documents/1.0.0b3 Python/3.7.3 (Windows-10-10.0.17763-SP0)
      api-key:
      - 379F6C259E39EFF08F01F8D2429FF657
    method: DELETE
    uri: https://searchf4b018b0.search.windows.net/synonymmaps('test-syn-map')?api-version=2019-05-06-Preview
  response:
    body:
      string: '{"error":{"code":"","message":"The precondition given in one of the
        request headers evaluated to false. No change was made to the resource from
        this request."}}'
    headers:
      cache-control: no-cache
      content-language: en
      content-length: '160'
      content-type: application/json; odata.metadata=minimal
      date: Fri, 01 May 2020 01:48:20 GMT
      elapsed-time: '140'
      expires: '-1'
      odata-version: '4.0'
      pragma: no-cache
      preference-applied: odata.include-annotations="*"
      request-id: d653da30-8b4d-11ea-95d5-2816a845e8c6
      strict-transport-security: max-age=15724800; includeSubDomains
    status:
      code: 412
      message: Precondition Failed
    url: !!python/object/new:yarl.URL
      state: !!python/tuple
      - !!python/object/new:urllib.parse.SplitResult
        - https
        - searchf4b018b0.search.windows.net
        - /synonymmaps('test-syn-map')
        - api-version=2019-05-06-Preview
        - ''
version: 1
