interactions:
- request:
    body: '{"value": [{"hotelId": "1000", "rating": 1, "@search.action": "mergeOrUpload"},
      {"hotelId": "4", "rating": 2, "@search.action": "mergeOrUpload"}]}'
    headers:
      Accept:
      - application/json;odata.metadata=none
      Content-Length:
      - '146'
      Content-Type:
      - application/json
      User-Agent:
      - azsdk-python-search-documents/11.3.0b3 Python/3.9.2 (Windows-10-10.0.19041-SP0)
    method: POST
    uri: https://search95271ee7.search.windows.net/indexes('drgqefsg')/docs/search.index?api-version=2021-04-30-Preview
  response:
    body:
      string: '{"value":[{"key":"1000","status":true,"errorMessage":null,"statusCode":201},{"key":"4","status":true,"errorMessage":null,"statusCode":200}]}'
    headers:
      cache-control: no-cache
      content-length: '196'
      content-type: application/json; odata.metadata=none
      date: Mon, 30 Aug 2021 20:30:41 GMT
      elapsed-time: '43'
      expires: '-1'
      odata-version: '4.0'
      pragma: no-cache
      preference-applied: odata.include-annotations="*"
      request-id: 25117279-09d1-11ec-a1c1-74c63bed1137
      strict-transport-security: max-age=15724800; includeSubDomains
      vary: Accept-Encoding
    status:
      code: 200
      message: OK
    url: https://search95271ee7.search.windows.net/indexes('drgqefsg')/docs/search.index?api-version=2021-04-30-Preview
- request:
    body: null
    headers:
      Accept:
      - application/json;odata.metadata=none
      User-Agent:
      - azsdk-python-search-documents/11.3.0b3 Python/3.9.2 (Windows-10-10.0.19041-SP0)
    method: GET
    uri: https://search95271ee7.search.windows.net/indexes('drgqefsg')/docs/$count?api-version=2021-04-30-Preview
  response:
    body:
      string: "\uFEFF11"
    headers:
      cache-control: no-cache
      content-length: '127'
      content-type: text/plain
      date: Mon, 30 Aug 2021 20:30:44 GMT
      elapsed-time: '14'
      expires: '-1'
      odata-version: '4.0'
      pragma: no-cache
      preference-applied: odata.include-annotations="*"
      request-id: 270837ba-09d1-11ec-9d29-74c63bed1137
      strict-transport-security: max-age=15724800; includeSubDomains
      vary: Accept-Encoding
    status:
      code: 200
      message: OK
    url: https://search95271ee7.search.windows.net/indexes('drgqefsg')/docs/$count?api-version=2021-04-30-Preview
- request:
    body: null
    headers:
      Accept:
      - application/json;odata.metadata=none
      User-Agent:
      - azsdk-python-search-documents/11.3.0b3 Python/3.9.2 (Windows-10-10.0.19041-SP0)
    method: GET
    uri: https://search95271ee7.search.windows.net/indexes('drgqefsg')/docs('1000')?api-version=2021-04-30-Preview
  response:
    body:
      string: '{"hotelId":"1000","hotelName":null,"description":null,"descriptionFr":null,"category":null,"tags":[],"parkingIncluded":null,"smokingAllowed":null,"lastRenovationDate":null,"rating":1,"location":null,"address":null,"rooms":[]}'
    headers:
      cache-control: no-cache
      content-length: '257'
      content-type: application/json; odata.metadata=none
      date: Mon, 30 Aug 2021 20:30:44 GMT
      elapsed-time: '21'
      expires: '-1'
      odata-version: '4.0'
      pragma: no-cache
      preference-applied: odata.include-annotations="*"
      request-id: 27106eae-09d1-11ec-912c-74c63bed1137
      strict-transport-security: max-age=15724800; includeSubDomains
      vary: Accept-Encoding
    status:
      code: 200
      message: OK
    url: https://search95271ee7.search.windows.net/indexes('drgqefsg')/docs('1000')?api-version=2021-04-30-Preview
- request:
    body: null
    headers:
      Accept:
      - application/json;odata.metadata=none
      User-Agent:
      - azsdk-python-search-documents/11.3.0b3 Python/3.9.2 (Windows-10-10.0.19041-SP0)
    method: GET
    uri: https://search95271ee7.search.windows.net/indexes('drgqefsg')/docs('4')?api-version=2021-04-30-Preview
  response:
    body:
      string: '{"hotelId":"4","hotelName":"Express Rooms","description":"Pretty good
        hotel","descriptionFr":"Assez bon h\u00f4tel","category":"Budget","tags":["wifi","budget"],"parkingIncluded":true,"smokingAllowed":false,"lastRenovationDate":"1995-07-01T00:00:00Z","rating":2,"location":{"type":"Point","coordinates":[-122.131577,48.678581],"crs":{"type":"name","properties":{"name":"EPSG:4326"}}},"address":null,"rooms":[]}'
    headers:
      cache-control: no-cache
      content-length: '422'
      content-type: application/json; odata.metadata=none
      date: Mon, 30 Aug 2021 20:30:44 GMT
      elapsed-time: '11'
      expires: '-1'
      odata-version: '4.0'
      pragma: no-cache
      preference-applied: odata.include-annotations="*"
      request-id: 271a1366-09d1-11ec-89f0-74c63bed1137
      strict-transport-security: max-age=15724800; includeSubDomains
      vary: Accept-Encoding
    status:
      code: 200
      message: OK
    url: https://search95271ee7.search.windows.net/indexes('drgqefsg')/docs('4')?api-version=2021-04-30-Preview
version: 1
