interactions:
- request:
    body: '{"name": "hotels", "fields": [{"name": "hotelId", "type": "Edm.String",
      "key": true, "searchable": false}, {"name": "baseRate", "type": "Edm.Double"}],
      "scoringProfiles": [], "corsOptions": {"allowedOrigins": ["*"], "maxAgeInSeconds":
      60}}'
    headers:
      Accept:
      - application/json;odata.metadata=minimal
      Content-Length:
      - '239'
      Content-Type:
      - application/json
      Prefer:
      - return=representation
      User-Agent:
      - azsdk-python-search-documents/1.0.0b3 Python/3.7.3 (Darwin-19.3.0-x86_64-i386-64bit)
      api-key:
      - F078F6A85D2ED703E08FBF8A5960F28F
    method: PUT
    uri: https://searche7b20da6.search.windows.net/indexes('hotels')?api-version=2019-05-06-Preview
  response:
    body:
      string: '{"@odata.context":"https://searche7b20da6.search.windows.net/$metadata#indexes/$entity","@odata.etag":"\"0x8D7E7B6CD32AF06\"","name":"hotels","defaultScoringProfile":null,"fields":[{"name":"hotelId","type":"Edm.String","searchable":false,"filterable":true,"retrievable":true,"sortable":true,"facetable":true,"key":true,"indexAnalyzer":null,"searchAnalyzer":null,"analyzer":null,"synonymMaps":[]},{"name":"baseRate","type":"Edm.Double","searchable":false,"filterable":true,"retrievable":true,"sortable":true,"facetable":true,"key":false,"indexAnalyzer":null,"searchAnalyzer":null,"analyzer":null,"synonymMaps":[]}],"scoringProfiles":[],"corsOptions":{"allowedOrigins":["*"],"maxAgeInSeconds":60},"suggesters":[],"analyzers":[],"tokenizers":[],"tokenFilters":[],"charFilters":[],"encryptionKey":null,"similarity":null}'
    headers:
      cache-control: no-cache
      content-length: '816'
      content-type: application/json; odata.metadata=minimal
      date: Thu, 23 Apr 2020 18:47:40 GMT
      elapsed-time: '787'
      etag: W/"0x8D7E7B6CD32AF06"
      expires: '-1'
      location: https://searche7b20da6.search.windows.net/indexes('hotels')?api-version=2019-05-06-Preview
      odata-version: '4.0'
      pragma: no-cache
      preference-applied: odata.include-annotations="*"
      request-id: e7f36a60-8592-11ea-8d82-8c8590507855
      strict-transport-security: max-age=15724800; includeSubDomains
    status:
      code: 201
      message: Created
    url: https://searche7b20da6.search.windows.net/indexes('hotels')?api-version=2019-05-06-Preview
- request:
    body: '{"name": "hotels", "fields": [{"name": "hotelId", "type": "Edm.String",
      "key": true, "searchable": false}, {"name": "baseRate", "type": "Edm.Double"}],
      "scoringProfiles": [{"name": "MyProfile"}], "corsOptions": {"allowedOrigins":
      ["*"], "maxAgeInSeconds": 60}}'
    headers:
      Accept:
      - application/json;odata.metadata=minimal
      Content-Length:
      - '260'
      Content-Type:
      - application/json
      Prefer:
      - return=representation
      User-Agent:
      - azsdk-python-search-documents/1.0.0b3 Python/3.7.3 (Darwin-19.3.0-x86_64-i386-64bit)
      api-key:
      - F078F6A85D2ED703E08FBF8A5960F28F
    method: PUT
    uri: https://searche7b20da6.search.windows.net/indexes('hotels')?api-version=2019-05-06-Preview
  response:
    body:
      string: '{"@odata.context":"https://searche7b20da6.search.windows.net/$metadata#indexes/$entity","@odata.etag":"\"0x8D7E7B6CD5D4BD6\"","name":"hotels","defaultScoringProfile":null,"fields":[{"name":"hotelId","type":"Edm.String","searchable":false,"filterable":true,"retrievable":true,"sortable":true,"facetable":true,"key":true,"indexAnalyzer":null,"searchAnalyzer":null,"analyzer":null,"synonymMaps":[]},{"name":"baseRate","type":"Edm.Double","searchable":false,"filterable":true,"retrievable":true,"sortable":true,"facetable":true,"key":false,"indexAnalyzer":null,"searchAnalyzer":null,"analyzer":null,"synonymMaps":[]}],"scoringProfiles":[{"name":"MyProfile","functionAggregation":null,"text":null,"functions":[]}],"corsOptions":{"allowedOrigins":["*"],"maxAgeInSeconds":60},"suggesters":[],"analyzers":[],"tokenizers":[],"tokenFilters":[],"charFilters":[],"encryptionKey":null,"similarity":null}'
    headers:
      cache-control: no-cache
      content-encoding: gzip
      content-length: '536'
      content-type: application/json; odata.metadata=minimal
      date: Thu, 23 Apr 2020 18:47:40 GMT
      elapsed-time: '153'
      etag: W/"0x8D7E7B6CD5D4BD6"
      expires: '-1'
      odata-version: '4.0'
      pragma: no-cache
      preference-applied: odata.include-annotations="*"
      request-id: e88a6b68-8592-11ea-8d82-8c8590507855
      strict-transport-security: max-age=15724800; includeSubDomains
      vary: Accept-Encoding
    status:
      code: 200
      message: OK
    url: https://searche7b20da6.search.windows.net/indexes('hotels')?api-version=2019-05-06-Preview
- request:
    body: null
    headers:
      Accept:
      - application/json;odata.metadata=minimal
      User-Agent:
      - azsdk-python-search-documents/1.0.0b3 Python/3.7.3 (Darwin-19.3.0-x86_64-i386-64bit)
      api-key:
      - F078F6A85D2ED703E08FBF8A5960F28F
    method: DELETE
    uri: https://searche7b20da6.search.windows.net/indexes('hotels')?api-version=2019-05-06-Preview
  response:
    body:
      string: ''
    headers:
      cache-control: no-cache
      date: Thu, 23 Apr 2020 18:47:40 GMT
      elapsed-time: '224'
      expires: '-1'
      pragma: no-cache
      request-id: e8a5ed16-8592-11ea-8d82-8c8590507855
      strict-transport-security: max-age=15724800; includeSubDomains
    status:
      code: 204
      message: No Content
    url: https://searche7b20da6.search.windows.net/indexes('hotels')?api-version=2019-05-06-Preview
version: 1
