interactions:
- request:
    body: '{"name": "test-ss", "description": "desc", "skills": [{"@odata.type": "#Microsoft.Skills.Text.EntityRecognitionSkill",
      "inputs": [{"name": "text", "source": "/document/content"}], "outputs": [{"name":
      "organizations", "targetName": "organizations"}]}]}'
    headers:
      Accept:
      - application/json;odata.metadata=minimal
      Content-Length:
      - '252'
      Content-Type:
      - application/json
      User-Agent:
      - azsdk-python-search-documents/11.3.0b1 Python/3.8.6 (Windows-10-10.0.19041-SP0)
    method: POST
    uri: https://searchf5e02005.search.windows.net/skillsets?api-version=2021-04-30-Preview
  response:
    body:
      string: '{"@odata.context":"https://searchf5e02005.search.windows.net/$metadata#skillsets/$entity","@odata.etag":"\"0x8D93C21A84853D9\"","name":"test-ss","description":"desc","skills":[{"@odata.type":"#Microsoft.Skills.Text.EntityRecognitionSkill","name":null,"description":null,"context":null,"categories":[],"defaultLanguageCode":null,"minimumPrecision":null,"includeTypelessEntities":null,"inputs":[{"name":"text","source":"/document/content","sourceContext":null,"inputs":[]}],"outputs":[{"name":"organizations","targetName":"organizations"}]}],"cognitiveServices":null,"knowledgeStore":null,"encryptionKey":null}'
    headers:
      cache-control: no-cache
      content-length: '608'
      content-type: application/json; odata.metadata=minimal
      date: Wed, 30 Jun 2021 23:49:10 GMT
      elapsed-time: '56'
      etag: W/"0x8D93C21A84853D9"
      expires: '-1'
      location: https://searchf5e02005.search.windows.net/skillsets('test-ss')?api-version=2021-04-30-Preview
      odata-version: '4.0'
      pragma: no-cache
      preference-applied: odata.include-annotations="*"
      request-id: c3fd5256-d9fd-11eb-b291-a0481ca055a9
      strict-transport-security: max-age=15724800; includeSubDomains
    status:
      code: 201
      message: Created
    url: https://searchf5e02005.search.windows.net/skillsets?api-version=2021-04-30-Preview
- request:
    body: '{"name": "test-ss", "description": "updated", "skills": [{"@odata.type":
      "#Microsoft.Skills.Text.EntityRecognitionSkill", "inputs": [{"name": "text",
      "source": "/document/content"}], "outputs": [{"name": "organizations", "targetName":
      "organizations"}]}]}'
    headers:
      Accept:
      - application/json;odata.metadata=minimal
      Content-Length:
      - '255'
      Content-Type:
      - application/json
      Prefer:
      - return=representation
      User-Agent:
      - azsdk-python-search-documents/11.3.0b1 Python/3.8.6 (Windows-10-10.0.19041-SP0)
    method: PUT
    uri: https://searchf5e02005.search.windows.net/skillsets('test-ss')?api-version=2021-04-30-Preview
  response:
    body:
      string: '{"@odata.context":"https://searchf5e02005.search.windows.net/$metadata#skillsets/$entity","@odata.etag":"\"0x8D93C21A857E806\"","name":"test-ss","description":"updated","skills":[{"@odata.type":"#Microsoft.Skills.Text.EntityRecognitionSkill","name":null,"description":null,"context":null,"categories":[],"defaultLanguageCode":null,"minimumPrecision":null,"includeTypelessEntities":null,"inputs":[{"name":"text","source":"/document/content","sourceContext":null,"inputs":[]}],"outputs":[{"name":"organizations","targetName":"organizations"}]}],"cognitiveServices":null,"knowledgeStore":null,"encryptionKey":null}'
    headers:
      cache-control: no-cache
      content-length: '478'
      content-type: application/json; odata.metadata=minimal
      date: Wed, 30 Jun 2021 23:49:10 GMT
      elapsed-time: '48'
      etag: W/"0x8D93C21A857E806"
      expires: '-1'
      odata-version: '4.0'
      pragma: no-cache
      preference-applied: odata.include-annotations="*"
      request-id: c423fd1b-d9fd-11eb-9b18-a0481ca055a9
      strict-transport-security: max-age=15724800; includeSubDomains
      vary: Accept-Encoding
    status:
      code: 200
      message: OK
    url: https://searchf5e02005.search.windows.net/skillsets('test-ss')?api-version=2021-04-30-Preview
- request:
    body: null
    headers:
      Accept:
      - application/json;odata.metadata=minimal
      If-Match:
      - '"0x8D93C21A84853D9"'
      User-Agent:
      - azsdk-python-search-documents/11.3.0b1 Python/3.8.6 (Windows-10-10.0.19041-SP0)
    method: DELETE
    uri: https://searchf5e02005.search.windows.net/skillsets('test-ss')?api-version=2021-04-30-Preview
  response:
    body:
      string: '{"error":{"code":"","message":"The precondition given in one of the
        request headers evaluated to false. No change was made to the resource from
        this request."}}'
    headers:
      cache-control: no-cache
      content-language: en
      content-length: '160'
      content-type: application/json; odata.metadata=minimal
      date: Wed, 30 Jun 2021 23:49:10 GMT
      elapsed-time: '11'
      expires: '-1'
      odata-version: '4.0'
      pragma: no-cache
      preference-applied: odata.include-annotations="*"
      request-id: c4339657-d9fd-11eb-87c6-a0481ca055a9
      strict-transport-security: max-age=15724800; includeSubDomains
    status:
      code: 412
      message: Precondition Failed
    url: https://searchf5e02005.search.windows.net/skillsets('test-ss')?api-version=2021-04-30-Preview
version: 1
