interactions:
- request:
    body: '{"name": "sample-datasource", "type": "azureblob", "credentials": {"connectionString":
      "DefaultEndpointsProtocol=https;AccountName=storagename;AccountKey=NzhL3hKZbJBuJ2484dPTR+xF30kYaWSSCbs2BzLgVVI1woqeST/1IgqaLm6QAOTxtGvxctSNbIR/1hW8yH+bJg==;EndpointSuffix=core.windows.net"},
      "container": {"name": "searchcontainer"}}'
    headers:
      Accept:
      - application/json;odata.metadata=minimal
      Content-Length:
      - '319'
      Content-Type:
      - application/json
      User-Agent:
      - azsdk-python-search-documents/11.1.0b2 Python/3.8.5 (Windows-10-10.0.19041-SP0)
      api-key:
      - 906C2AB6265E1FF77E55BB5F3363D162
    method: POST
    uri: https://search72cd1e61.search.windows.net/datasources?api-version=2020-06-30
  response:
    body:
      string: '{"@odata.context":"https://search72cd1e61.search.windows.net/$metadata#datasources/$entity","@odata.etag":"\"0x8D83F243204F4B1\"","name":"sample-datasource","description":null,"type":"azureblob","subtype":null,"credentials":{"connectionString":null},"container":{"name":"searchcontainer","query":null},"dataChangeDetectionPolicy":null,"dataDeletionDetectionPolicy":null,"encryptionKey":null}'
    headers:
      cache-control: no-cache
      content-length: '391'
      content-type: application/json; odata.metadata=minimal
      date: Thu, 13 Aug 2020 00:59:56 GMT
      elapsed-time: '50'
      etag: W/"0x8D83F243204F4B1"
      expires: '-1'
      location: https://search72cd1e61.search.windows.net/datasources('sample-datasource')?api-version=2020-06-30
      odata-version: '4.0'
      pragma: no-cache
      preference-applied: odata.include-annotations="*"
      request-id: 4db168ca-dd00-11ea-b0d8-5cf37071153c
      strict-transport-security: max-age=15724800; includeSubDomains
    status:
      code: 201
      message: Created
    url: https://search72cd1e61.search.windows.net/datasources?api-version=2020-06-30
- request:
    body: null
    headers:
      Accept:
      - application/json;odata.metadata=minimal
      User-Agent:
      - azsdk-python-search-documents/11.1.0b2 Python/3.8.5 (Windows-10-10.0.19041-SP0)
      api-key:
      - 906C2AB6265E1FF77E55BB5F3363D162
    method: GET
    uri: https://search72cd1e61.search.windows.net/datasources?api-version=2020-06-30
  response:
    body:
      string: '{"@odata.context":"https://search72cd1e61.search.windows.net/$metadata#datasources","value":[{"@odata.etag":"\"0x8D83F243204F4B1\"","name":"sample-datasource","description":null,"type":"azureblob","subtype":null,"credentials":{"connectionString":null},"container":{"name":"searchcontainer","query":null},"dataChangeDetectionPolicy":null,"dataDeletionDetectionPolicy":null,"encryptionKey":null}]}'
    headers:
      cache-control: no-cache
      content-encoding: gzip
      content-length: '375'
      content-type: application/json; odata.metadata=minimal
      date: Thu, 13 Aug 2020 00:59:56 GMT
      elapsed-time: '11'
      expires: '-1'
      odata-version: '4.0'
      pragma: no-cache
      preference-applied: odata.include-annotations="*"
      request-id: 4dd296e3-dd00-11ea-8784-5cf37071153c
      strict-transport-security: max-age=15724800; includeSubDomains
      vary: Accept-Encoding
    status:
      code: 200
      message: OK
    url: https://search72cd1e61.search.windows.net/datasources?api-version=2020-06-30
- request:
    body: '{"name": "sample-datasource", "description": "updated", "type": "azureblob",
      "credentials": {"connectionString": "DefaultEndpointsProtocol=https;AccountName=storagename;AccountKey=NzhL3hKZbJBuJ2484dPTR+xF30kYaWSSCbs2BzLgVVI1woqeST/1IgqaLm6QAOTxtGvxctSNbIR/1hW8yH+bJg==;EndpointSuffix=core.windows.net"},
      "container": {"name": "searchcontainer"}}'
    headers:
      Accept:
      - application/json;odata.metadata=minimal
      Content-Length:
      - '345'
      Content-Type:
      - application/json
      Prefer:
      - return=representation
      User-Agent:
      - azsdk-python-search-documents/11.1.0b2 Python/3.8.5 (Windows-10-10.0.19041-SP0)
      api-key:
      - 906C2AB6265E1FF77E55BB5F3363D162
    method: PUT
    uri: https://search72cd1e61.search.windows.net/datasources('sample-datasource')?api-version=2020-06-30
  response:
    body:
      string: '{"@odata.context":"https://search72cd1e61.search.windows.net/$metadata#datasources/$entity","@odata.etag":"\"0x8D83F2432191C9C\"","name":"sample-datasource","description":"updated","type":"azureblob","subtype":null,"credentials":{"connectionString":null},"container":{"name":"searchcontainer","query":null},"dataChangeDetectionPolicy":null,"dataDeletionDetectionPolicy":null,"encryptionKey":null}'
    headers:
      cache-control: no-cache
      content-encoding: gzip
      content-length: '375'
      content-type: application/json; odata.metadata=minimal
      date: Thu, 13 Aug 2020 00:59:56 GMT
      elapsed-time: '37'
      etag: W/"0x8D83F2432191C9C"
      expires: '-1'
      odata-version: '4.0'
      pragma: no-cache
      preference-applied: odata.include-annotations="*"
      request-id: 4ddab5ec-dd00-11ea-ace6-5cf37071153c
      strict-transport-security: max-age=15724800; includeSubDomains
      vary: Accept-Encoding
    status:
      code: 200
      message: OK
    url: https://search72cd1e61.search.windows.net/datasources('sample-datasource')?api-version=2020-06-30
- request:
    body: null
    headers:
      Accept:
      - application/json;odata.metadata=minimal
      User-Agent:
      - azsdk-python-search-documents/11.1.0b2 Python/3.8.5 (Windows-10-10.0.19041-SP0)
      api-key:
      - 906C2AB6265E1FF77E55BB5F3363D162
    method: GET
    uri: https://search72cd1e61.search.windows.net/datasources?api-version=2020-06-30
  response:
    body:
      string: '{"@odata.context":"https://search72cd1e61.search.windows.net/$metadata#datasources","value":[{"@odata.etag":"\"0x8D83F2432191C9C\"","name":"sample-datasource","description":"updated","type":"azureblob","subtype":null,"credentials":{"connectionString":null},"container":{"name":"searchcontainer","query":null},"dataChangeDetectionPolicy":null,"dataDeletionDetectionPolicy":null,"encryptionKey":null}]}'
    headers:
      cache-control: no-cache
      content-encoding: gzip
      content-length: '381'
      content-type: application/json; odata.metadata=minimal
      date: Thu, 13 Aug 2020 00:59:56 GMT
      elapsed-time: '27'
      expires: '-1'
      odata-version: '4.0'
      pragma: no-cache
      preference-applied: odata.include-annotations="*"
      request-id: 4de7d8a2-dd00-11ea-889a-5cf37071153c
      strict-transport-security: max-age=15724800; includeSubDomains
      vary: Accept-Encoding
    status:
      code: 200
      message: OK
    url: https://search72cd1e61.search.windows.net/datasources?api-version=2020-06-30
- request:
    body: null
    headers:
      Accept:
      - application/json;odata.metadata=minimal
      User-Agent:
      - azsdk-python-search-documents/11.1.0b2 Python/3.8.5 (Windows-10-10.0.19041-SP0)
      api-key:
      - 906C2AB6265E1FF77E55BB5F3363D162
    method: GET
    uri: https://search72cd1e61.search.windows.net/datasources('sample-datasource')?api-version=2020-06-30
  response:
    body:
      string: '{"@odata.context":"https://search72cd1e61.search.windows.net/$metadata#datasources/$entity","@odata.etag":"\"0x8D83F2432191C9C\"","name":"sample-datasource","description":"updated","type":"azureblob","subtype":null,"credentials":{"connectionString":null},"container":{"name":"searchcontainer","query":null},"dataChangeDetectionPolicy":null,"dataDeletionDetectionPolicy":null,"encryptionKey":null}'
    headers:
      cache-control: no-cache
      content-encoding: gzip
      content-length: '375'
      content-type: application/json; odata.metadata=minimal
      date: Thu, 13 Aug 2020 00:59:56 GMT
      elapsed-time: '7'
      etag: W/"0x8D83F2432191C9C"
      expires: '-1'
      odata-version: '4.0'
      pragma: no-cache
      preference-applied: odata.include-annotations="*"
      request-id: 4df26691-dd00-11ea-a189-5cf37071153c
      strict-transport-security: max-age=15724800; includeSubDomains
      vary: Accept-Encoding
    status:
      code: 200
      message: OK
    url: https://search72cd1e61.search.windows.net/datasources('sample-datasource')?api-version=2020-06-30
version: 1
