interactions:
- request:
    body: '{"name": "test-syn-map-1", "format": "solr", "synonyms": "USA, United States,
      United States of America"}'
    headers:
      Accept:
      - application/json;odata.metadata=minimal
      Content-Length:
      - '104'
      Content-Type:
      - application/json
      User-Agent:
      - azsdk-python-search-documents/1.0.0b3 Python/3.7.3 (Darwin-19.3.0-x86_64-i386-64bit)
      api-key:
      - F078F6A85D2ED703E08FBF8A5960F28F
    method: POST
    uri: https://searche7b20da6.search.windows.net/synonymmaps?api-version=2019-05-06-Preview
  response:
    body:
      string: '{"@odata.context":"https://searche7b20da6.search.windows.net/$metadata#synonymmaps/$entity","@odata.etag":"\"0x8D7E7B7250910B7\"","name":"test-syn-map-1","format":"solr","synonyms":"USA,
        United States, United States of America","encryptionKey":null}'
    headers:
      cache-control: no-cache
      content-length: '249'
      content-type: application/json; odata.metadata=minimal
      date: Thu, 23 Apr 2020 18:50:07 GMT
      elapsed-time: '29'
      etag: W/"0x8D7E7B7250910B7"
      expires: '-1'
      location: https://searche7b20da6.search.windows.net/synonymmaps('test-syn-map-1')?api-version=2019-05-06-Preview
      odata-version: '4.0'
      pragma: no-cache
      preference-applied: odata.include-annotations="*"
      request-id: 4037045c-8593-11ea-8d82-8c8590507855
      strict-transport-security: max-age=15724800; includeSubDomains
    status:
      code: 201
      message: Created
    url: https://searche7b20da6.search.windows.net/synonymmaps?api-version=2019-05-06-Preview
- request:
    body: '{"name": "test-syn-map-2", "format": "solr", "synonyms": "Washington, Wash.
      => WA"}'
    headers:
      Accept:
      - application/json;odata.metadata=minimal
      Content-Length:
      - '83'
      Content-Type:
      - application/json
      User-Agent:
      - azsdk-python-search-documents/1.0.0b3 Python/3.7.3 (Darwin-19.3.0-x86_64-i386-64bit)
      api-key:
      - F078F6A85D2ED703E08FBF8A5960F28F
    method: POST
    uri: https://searche7b20da6.search.windows.net/synonymmaps?api-version=2019-05-06-Preview
  response:
    body:
      string: '{"@odata.context":"https://searche7b20da6.search.windows.net/$metadata#synonymmaps/$entity","@odata.etag":"\"0x8D7E7B725139A97\"","name":"test-syn-map-2","format":"solr","synonyms":"Washington,
        Wash. => WA","encryptionKey":null}'
    headers:
      cache-control: no-cache
      content-length: '228'
      content-type: application/json; odata.metadata=minimal
      date: Thu, 23 Apr 2020 18:50:07 GMT
      elapsed-time: '36'
      etag: W/"0x8D7E7B725139A97"
      expires: '-1'
      location: https://searche7b20da6.search.windows.net/synonymmaps('test-syn-map-2')?api-version=2019-05-06-Preview
      odata-version: '4.0'
      pragma: no-cache
      preference-applied: odata.include-annotations="*"
      request-id: 404c4b8c-8593-11ea-8d82-8c8590507855
      strict-transport-security: max-age=15724800; includeSubDomains
    status:
      code: 201
      message: Created
    url: https://searche7b20da6.search.windows.net/synonymmaps?api-version=2019-05-06-Preview
- request:
    body: null
    headers:
      Accept:
      - application/json;odata.metadata=minimal
      User-Agent:
      - azsdk-python-search-documents/1.0.0b3 Python/3.7.3 (Darwin-19.3.0-x86_64-i386-64bit)
      api-key:
      - F078F6A85D2ED703E08FBF8A5960F28F
    method: GET
    uri: https://searche7b20da6.search.windows.net/synonymmaps?api-version=2019-05-06-Preview
  response:
    body:
      string: '{"@odata.context":"https://searche7b20da6.search.windows.net/$metadata#synonymmaps","value":[{"@odata.etag":"\"0x8D7E7B7250910B7\"","name":"test-syn-map-1","format":"solr","synonyms":"USA,
        United States, United States of America","encryptionKey":null},{"@odata.etag":"\"0x8D7E7B725139A97\"","name":"test-syn-map-2","format":"solr","synonyms":"Washington,
        Wash. => WA","encryptionKey":null}]}'
    headers:
      cache-control: no-cache
      content-encoding: gzip
      content-length: '355'
      content-type: application/json; odata.metadata=minimal
      date: Thu, 23 Apr 2020 18:50:07 GMT
      elapsed-time: '17'
      expires: '-1'
      odata-version: '4.0'
      pragma: no-cache
      preference-applied: odata.include-annotations="*"
      request-id: 4056fdac-8593-11ea-8d82-8c8590507855
      strict-transport-security: max-age=15724800; includeSubDomains
      vary: Accept-Encoding
    status:
      code: 200
      message: OK
    url: https://searche7b20da6.search.windows.net/synonymmaps?api-version=2019-05-06-Preview
- request:
    body: null
    headers:
      Accept:
      - application/json;odata.metadata=minimal
      User-Agent:
      - azsdk-python-search-documents/1.0.0b3 Python/3.7.3 (Darwin-19.3.0-x86_64-i386-64bit)
      api-key:
      - F078F6A85D2ED703E08FBF8A5960F28F
    method: DELETE
    uri: https://searche7b20da6.search.windows.net/synonymmaps('test-syn-map-1')?api-version=2019-05-06-Preview
  response:
    body:
      string: ''
    headers:
      cache-control: no-cache
      date: Thu, 23 Apr 2020 18:50:07 GMT
      elapsed-time: '45'
      expires: '-1'
      pragma: no-cache
      request-id: 405e052a-8593-11ea-8d82-8c8590507855
      strict-transport-security: max-age=15724800; includeSubDomains
    status:
      code: 204
      message: No Content
    url: https://searche7b20da6.search.windows.net/synonymmaps('test-syn-map-1')?api-version=2019-05-06-Preview
- request:
    body: null
    headers:
      Accept:
      - application/json;odata.metadata=minimal
      User-Agent:
      - azsdk-python-search-documents/1.0.0b3 Python/3.7.3 (Darwin-19.3.0-x86_64-i386-64bit)
      api-key:
      - F078F6A85D2ED703E08FBF8A5960F28F
    method: DELETE
    uri: https://searche7b20da6.search.windows.net/synonymmaps('test-syn-map-2')?api-version=2019-05-06-Preview
  response:
    body:
      string: ''
    headers:
      cache-control: no-cache
      date: Thu, 23 Apr 2020 18:50:07 GMT
      elapsed-time: '13'
      expires: '-1'
      pragma: no-cache
      request-id: 40691fe6-8593-11ea-8d82-8c8590507855
      strict-transport-security: max-age=15724800; includeSubDomains
    status:
      code: 204
      message: No Content
    url: https://searche7b20da6.search.windows.net/synonymmaps('test-syn-map-2')?api-version=2019-05-06-Preview
version: 1
