interactions:
- request:
    body: 'b''b\''{"source": "containersasurl", "sourceFilter": {"prefix": "", "includeSubFolders":
      true}, "useLabelFile": false}\'''''
    headers:
      Content-Length:
      - '287'
      Content-Type:
      - application/json
      User-Agent:
      - azsdk-python-ai-formrecognizer/1.0.0b5 Python/3.7.3 (Windows-10-10.0.18362-SP0)
    method: POST
    uri: https://formrecognizeraccount.cognitiveservices.azure.com/formrecognizer/v2.0/custom/models
  response:
    body:
      string: ''
    headers:
      apim-request-id: d9dcc634-db0d-4d08-b0b1-20a1acaccd6d
      content-length: '0'
      date: Fri, 07 Aug 2020 21:46:26 GMT
      location: https://formrecognizeraccount.cognitiveservices.azure.com/formrecognizer/v2.0/custom/models/c50e74de-0dd2-4ed8-a503-5e03f02371f0
      strict-transport-security: max-age=31536000; includeSubDomains; preload
      x-content-type-options: nosniff
      x-envoy-upstream-service-time: '70'
    status:
      code: 201
      message: Created
    url: https://formrecognizeraccount.cognitiveservices.azure.com//formrecognizer/v2.0/custom/models
- request:
    body: null
    headers:
      User-Agent:
      - azsdk-python-ai-formrecognizer/1.0.0b5 Python/3.7.3 (Windows-10-10.0.18362-SP0)
    method: GET
    uri: https://formrecognizeraccount.cognitiveservices.azure.com/formrecognizer/v2.0/custom/models/c50e74de-0dd2-4ed8-a503-5e03f02371f0?includeKeys=true
  response:
    body:
      string: '{"modelInfo": {"modelId": "c50e74de-0dd2-4ed8-a503-5e03f02371f0", "status":
        "creating", "createdDateTime": "2020-08-07T21:46:26Z", "lastUpdatedDateTime":
        "2020-08-07T21:46:26Z"}}'
    headers:
      apim-request-id: 33dd0bba-4d1f-49fc-b0d9-55da33e9bec4
      content-type: application/json; charset=utf-8
      date: Fri, 07 Aug 2020 21:46:31 GMT
      strict-transport-security: max-age=31536000; includeSubDomains; preload
      transfer-encoding: chunked
      x-content-type-options: nosniff
      x-envoy-upstream-service-time: '22'
    status:
      code: 200
      message: OK
    url: https://formrecognizeraccount.cognitiveservices.azure.com/formrecognizer/v2.0/custom/models/c50e74de-0dd2-4ed8-a503-5e03f02371f0?includeKeys=true
- request:
    body: null
    headers:
      User-Agent:
      - azsdk-python-ai-formrecognizer/1.0.0b5 Python/3.7.3 (Windows-10-10.0.18362-SP0)
    method: GET
    uri: https://formrecognizeraccount.cognitiveservices.azure.com/formrecognizer/v2.0/custom/models/c50e74de-0dd2-4ed8-a503-5e03f02371f0?includeKeys=true
  response:
    body:
      string: '{"modelInfo": {"modelId": "c50e74de-0dd2-4ed8-a503-5e03f02371f0", "status":
        "creating", "createdDateTime": "2020-08-07T21:46:26Z", "lastUpdatedDateTime":
        "2020-08-07T21:46:26Z"}}'
    headers:
      apim-request-id: d6d62dd4-1079-48e2-bd5d-cd091c542b96
      content-type: application/json; charset=utf-8
      date: Fri, 07 Aug 2020 21:46:36 GMT
      strict-transport-security: max-age=31536000; includeSubDomains; preload
      transfer-encoding: chunked
      x-content-type-options: nosniff
      x-envoy-upstream-service-time: '79'
    status:
      code: 200
      message: OK
    url: https://formrecognizeraccount.cognitiveservices.azure.com/formrecognizer/v2.0/custom/models/c50e74de-0dd2-4ed8-a503-5e03f02371f0?includeKeys=true
- request:
    body: null
    headers:
      User-Agent:
      - azsdk-python-ai-formrecognizer/1.0.0b5 Python/3.7.3 (Windows-10-10.0.18362-SP0)
    method: GET
    uri: https://formrecognizeraccount.cognitiveservices.azure.com/formrecognizer/v2.0/custom/models/c50e74de-0dd2-4ed8-a503-5e03f02371f0?includeKeys=true
  response:
    body:
      string: '{"modelInfo": {"modelId": "c50e74de-0dd2-4ed8-a503-5e03f02371f0", "status":
        "ready", "createdDateTime": "2020-08-07T21:46:26Z", "lastUpdatedDateTime":
        "2020-08-07T21:46:41Z"}, "keys": {"clusters": {"0": ["Additional Notes:",
        "Address:", "Company Name:", "Company Phone:", "Dated As:", "Details", "Email:",
        "Hero Limited", "Name:", "Phone:", "Purchase Order", "Purchase Order #:",
        "Quantity", "SUBTOTAL", "Seattle, WA 93849 Phone:", "Shipped From", "Shipped
        To", "TAX", "TOTAL", "Total", "Unit Price", "Vendor Name:", "Website:"]}},
        "trainResult": {"trainingDocuments": [{"documentName": "Form_1.jpg", "pages":
        1, "errors": [], "status": "succeeded"}, {"documentName": "Form_2.jpg", "pages":
        1, "errors": [], "status": "succeeded"}, {"documentName": "Form_3.jpg", "pages":
        1, "errors": [], "status": "succeeded"}, {"documentName": "Form_4.jpg", "pages":
        1, "errors": [], "status": "succeeded"}, {"documentName": "Form_5.jpg", "pages":
        1, "errors": [], "status": "succeeded"}, {"documentName": "subfolder/Form_6.jpg",
        "pages": 1, "errors": [], "status": "succeeded"}], "errors": []}}'
    headers:
      apim-request-id: 0e0c96c5-5d55-4c87-b92e-cd2740b66017
      content-type: application/json; charset=utf-8
      date: Fri, 07 Aug 2020 21:46:41 GMT
      strict-transport-security: max-age=31536000; includeSubDomains; preload
      transfer-encoding: chunked
      x-content-type-options: nosniff
      x-envoy-upstream-service-time: '21'
    status:
      code: 200
      message: OK
    url: https://formrecognizeraccount.cognitiveservices.azure.com/formrecognizer/v2.0/custom/models/c50e74de-0dd2-4ed8-a503-5e03f02371f0?includeKeys=true
- request:
    body: 'b''b\''{"source": "containersasurl", "sourceFilter": {"prefix": "subfolder",
      "includeSubFolders": true}, "useLabelFile": false}\'''''
    headers:
      Content-Length:
      - '296'
      Content-Type:
      - application/json
      User-Agent:
      - azsdk-python-ai-formrecognizer/1.0.0b5 Python/3.7.3 (Windows-10-10.0.18362-SP0)
    method: POST
    uri: https://formrecognizeraccount.cognitiveservices.azure.com/formrecognizer/v2.0/custom/models
  response:
    body:
      string: ''
    headers:
      apim-request-id: 9c125267-8a0a-4ef7-94e1-48f4ee0f0e8a
      content-length: '0'
      date: Fri, 07 Aug 2020 21:46:42 GMT
      location: https://formrecognizeraccount.cognitiveservices.azure.com/formrecognizer/v2.0/custom/models/ac6792ce-74cf-4d9b-8f93-dcfdedb86796
      strict-transport-security: max-age=31536000; includeSubDomains; preload
      x-content-type-options: nosniff
      x-envoy-upstream-service-time: '60'
    status:
      code: 201
      message: Created
    url: https://formrecognizeraccount.cognitiveservices.azure.com//formrecognizer/v2.0/custom/models
- request:
    body: null
    headers:
      User-Agent:
      - azsdk-python-ai-formrecognizer/1.0.0b5 Python/3.7.3 (Windows-10-10.0.18362-SP0)
    method: GET
    uri: https://formrecognizeraccount.cognitiveservices.azure.com/formrecognizer/v2.0/custom/models/ac6792ce-74cf-4d9b-8f93-dcfdedb86796?includeKeys=true
  response:
    body:
      string: '{"modelInfo": {"modelId": "ac6792ce-74cf-4d9b-8f93-dcfdedb86796", "status":
        "ready", "createdDateTime": "2020-08-07T21:46:42Z", "lastUpdatedDateTime":
        "2020-08-07T21:46:46Z"}, "keys": {"clusters": {"0": ["Address:", "Company
        Name:", "Company Phone:", "Dated As:", "Details", "Name:", "Phone:", "Purchase
        Order #:", "Quantity", "Total", "Unit Price", "Vendor Name:", "Website:"]}},
        "trainResult": {"trainingDocuments": [{"documentName": "subfolder/Form_6.jpg",
        "pages": 1, "errors": [], "status": "succeeded"}], "errors": []}}'
    headers:
      apim-request-id: 3fa78919-db8b-4cc4-8759-c7db05ca5e98
      content-type: application/json; charset=utf-8
      date: Fri, 07 Aug 2020 21:46:46 GMT
      strict-transport-security: max-age=31536000; includeSubDomains; preload
      transfer-encoding: chunked
      x-content-type-options: nosniff
      x-envoy-upstream-service-time: '26'
    status:
      code: 200
      message: OK
    url: https://formrecognizeraccount.cognitiveservices.azure.com/formrecognizer/v2.0/custom/models/ac6792ce-74cf-4d9b-8f93-dcfdedb86796?includeKeys=true
- request:
    body: 'b''b\''{"source": "containersasurl", "sourceFilter": {"prefix": "xxx",
      "includeSubFolders": false}, "useLabelFile": false}\'''''
    headers:
      Content-Length:
      - '291'
      Content-Type:
      - application/json
      User-Agent:
      - azsdk-python-ai-formrecognizer/1.0.0b5 Python/3.7.3 (Windows-10-10.0.18362-SP0)
    method: POST
    uri: https://formrecognizeraccount.cognitiveservices.azure.com/formrecognizer/v2.0/custom/models
  response:
    body:
      string: ''
    headers:
      apim-request-id: a478dd25-1498-4510-b9a8-19c1730cbf38
      content-length: '0'
      date: Fri, 07 Aug 2020 21:46:46 GMT
      location: https://formrecognizeraccount.cognitiveservices.azure.com/formrecognizer/v2.0/custom/models/73c0fbd0-53b4-4341-b0b6-68aef2ed8284
      strict-transport-security: max-age=31536000; includeSubDomains; preload
      x-content-type-options: nosniff
      x-envoy-upstream-service-time: '64'
    status:
      code: 201
      message: Created
    url: https://formrecognizeraccount.cognitiveservices.azure.com//formrecognizer/v2.0/custom/models
- request:
    body: null
    headers:
      User-Agent:
      - azsdk-python-ai-formrecognizer/1.0.0b5 Python/3.7.3 (Windows-10-10.0.18362-SP0)
    method: GET
    uri: https://formrecognizeraccount.cognitiveservices.azure.com/formrecognizer/v2.0/custom/models/73c0fbd0-53b4-4341-b0b6-68aef2ed8284?includeKeys=true
  response:
    body:
      string: '{"modelInfo": {"modelId": "73c0fbd0-53b4-4341-b0b6-68aef2ed8284", "status":
        "invalid", "createdDateTime": "2020-08-07T21:46:47Z", "lastUpdatedDateTime":
        "2020-08-07T21:46:48Z"}, "keys": {"clusters": {}}, "trainResult": {"trainingDocuments":
        [], "errors": [{"code": "2014", "message": "No valid blobs found in the specified
        Azure blob container. Please conform to the document format/size/page/dimensions
        requirements."}]}}'
    headers:
      apim-request-id: 35d95f28-740c-4b24-a047-a3b012932447
      content-type: application/json; charset=utf-8
      date: Fri, 07 Aug 2020 21:46:52 GMT
      strict-transport-security: max-age=31536000; includeSubDomains; preload
      transfer-encoding: chunked
      x-content-type-options: nosniff
      x-envoy-upstream-service-time: '25'
      x-ms-cs-error-code: '2014'
    status:
      code: 200
      message: OK
    url: https://formrecognizeraccount.cognitiveservices.azure.com/formrecognizer/v2.0/custom/models/73c0fbd0-53b4-4341-b0b6-68aef2ed8284?includeKeys=true
version: 1
