interactions:
- request:
    body: 'b''{"source": "container_sas_url", "sourceFilter": {"prefix": "", "includeSubFolders":
      false}, "useLabelFile": true, "modelName": "labeled"}'''
    headers:
      Accept:
      - application/json
      Accept-Encoding:
      - gzip, deflate
      Connection:
      - keep-alive
      Content-Length:
      - '315'
      Content-Type:
      - application/json
      User-Agent:
      - azsdk-python-ai-formrecognizer/3.1.0 Python/3.9.0 (Windows-10-10.0.19041-SP0)
    method: POST
    uri: https://region.api.cognitive.microsoft.com/formrecognizer/v2.1/custom/models
  response:
    body:
      string: ''
    headers:
      apim-request-id:
      - 879e3322-d0b7-43f4-a897-f89fe9735cce
      content-length:
      - '0'
      date:
      - Tue, 11 May 2021 01:57:50 GMT
      location:
      - https://region.api.cognitive.microsoft.com/formrecognizer/v2.1/custom/models/d85e99c3-79ce-4995-b0b2-c0f77965b3d3
      strict-transport-security:
      - max-age=31536000; includeSubDomains; preload
      x-content-type-options:
      - nosniff
      x-envoy-upstream-service-time:
      - '74'
    status:
      code: 201
      message: Created
- request:
    body: null
    headers:
      Accept:
      - '*/*'
      Accept-Encoding:
      - gzip, deflate
      Connection:
      - keep-alive
      User-Agent:
      - azsdk-python-ai-formrecognizer/3.1.0 Python/3.9.0 (Windows-10-10.0.19041-SP0)
    method: GET
    uri: https://region.api.cognitive.microsoft.com/formrecognizer/v2.1/custom/models/d85e99c3-79ce-4995-b0b2-c0f77965b3d3?includeKeys=true
  response:
    body:
      string: '{"modelInfo": {"modelId": "d85e99c3-79ce-4995-b0b2-c0f77965b3d3", "modelName":
        "labeled", "attributes": {"isComposed": false}, "status": "ready", "createdDateTime":
        "2021-05-11T01:57:49Z", "lastUpdatedDateTime": "2021-05-11T01:57:53Z"}, "trainResult":
        {"averageModelAccuracy": 0.96, "trainingDocuments": [{"documentName": "Form_1.jpg",
        "pages": 1, "status": "succeeded"}, {"documentName": "Form_2.jpg", "pages":
        1, "status": "succeeded"}, {"documentName": "Form_3.jpg", "pages": 1, "status":
        "succeeded"}, {"documentName": "Form_4.jpg", "pages": 1, "status": "succeeded"},
        {"documentName": "Form_5.jpg", "pages": 1, "status": "succeeded"}], "fields":
        [{"fieldName": "CompanyAddress", "accuracy": 0.8}, {"fieldName": "CompanyName",
        "accuracy": 0.995}, {"fieldName": "CompanyPhoneNumber", "accuracy": 0.995},
        {"fieldName": "DatedAs", "accuracy": 0.995}, {"fieldName": "Email", "accuracy":
        0.8}, {"fieldName": "Merchant", "accuracy": 0.995}, {"fieldName": "PhoneNumber",
        "accuracy": 0.995}, {"fieldName": "PurchaseOrderNumber", "accuracy": 0.995},
        {"fieldName": "Quantity", "accuracy": 0.995}, {"fieldName": "Signature", "accuracy":
        0.8}, {"fieldName": "Subtotal", "accuracy": 0.995}, {"fieldName": "Tax", "accuracy":
        0.995}, {"fieldName": "Total", "accuracy": 0.995}, {"fieldName": "VendorName",
        "accuracy": 0.995}, {"fieldName": "Website", "accuracy": 0.995}], "errors":
        []}}'
    headers:
      apim-request-id:
      - ba35ed94-83a4-4967-95d7-acc6eafcbb73
      content-length:
      - '1264'
      content-type:
      - application/json; charset=utf-8
      date:
      - Tue, 11 May 2021 01:57:54 GMT
      strict-transport-security:
      - max-age=31536000; includeSubDomains; preload
      x-content-type-options:
      - nosniff
      x-envoy-upstream-service-time:
      - '33'
    status:
      code: 200
      message: OK
- request:
    body: 'b''{"source": "blob_sas_url"}'''
    headers:
      Accept:
      - application/json
      Accept-Encoding:
      - gzip, deflate
      Connection:
      - keep-alive
      Content-Length:
      - '211'
      Content-Type:
      - application/json
      User-Agent:
      - azsdk-python-ai-formrecognizer/3.1.0 Python/3.9.0 (Windows-10-10.0.19041-SP0)
    method: POST
    uri: https://region.api.cognitive.microsoft.com/formrecognizer/v2.1/custom/models/d85e99c3-79ce-4995-b0b2-c0f77965b3d3/analyze?includeTextDetails=false
  response:
    body:
      string: ''
    headers:
      apim-request-id:
      - 7587d10e-d7d6-4fa2-b403-02bf02364ba6
      content-length:
      - '0'
      date:
      - Tue, 11 May 2021 01:57:55 GMT
      operation-location:
      - https://region.api.cognitive.microsoft.com/formrecognizer/v2.1/custom/models/d85e99c3-79ce-4995-b0b2-c0f77965b3d3/analyzeresults/2fe167a3-123a-4e8a-a784-0e3c7082a18d
      strict-transport-security:
      - max-age=31536000; includeSubDomains; preload
      x-content-type-options:
      - nosniff
      x-envoy-upstream-service-time:
      - '83'
    status:
      code: 202
      message: Accepted
- request:
    body: null
    headers:
      Accept:
      - '*/*'
      Accept-Encoding:
      - gzip, deflate
      Connection:
      - keep-alive
      User-Agent:
      - azsdk-python-ai-formrecognizer/3.1.0 Python/3.9.0 (Windows-10-10.0.19041-SP0)
    method: GET
    uri: https://region.api.cognitive.microsoft.com/formrecognizer/v2.1/custom/models/d85e99c3-79ce-4995-b0b2-c0f77965b3d3/analyzeresults/2fe167a3-123a-4e8a-a784-0e3c7082a18d
  response:
    body:
      string: '{"status": "succeeded", "createdDateTime": "2021-05-11T01:57:55Z",
        "lastUpdatedDateTime": "2021-05-11T01:58:00Z", "analyzeResult": {"version":
        "2.1.0", "readResults": [{"page": 1, "angle": 0, "width": 1700, "height":
        2200, "unit": "pixel"}], "pageResults": [{"page": 1, "tables": [{"rows": 5,
        "columns": 4, "cells": [{"rowIndex": 0, "columnIndex": 0, "text": "Details",
        "boundingBox": [156, 1037, 847, 1037, 847, 1086, 156, 1086], "isHeader": true},
        {"rowIndex": 0, "columnIndex": 1, "text": "Quantity", "boundingBox": [847,
        1037, 1071, 1038, 1071, 1086, 847, 1086], "isHeader": true}, {"rowIndex":
        0, "columnIndex": 2, "text": "Unit Price", "boundingBox": [1071, 1038, 1309,
        1038, 1309, 1086, 1071, 1086], "isHeader": true}, {"rowIndex": 0, "columnIndex":
        3, "text": "Total", "boundingBox": [1309, 1038, 1543, 1038, 1543, 1086, 1309,
        1086], "isHeader": true}, {"rowIndex": 1, "columnIndex": 0, "text": "Bindings",
        "boundingBox": [156, 1086, 847, 1086, 847, 1127, 156, 1127], "isHeader": false},
        {"rowIndex": 1, "columnIndex": 1, "text": "20", "boundingBox": [847, 1086,
        1071, 1086, 1071, 1127, 847, 1127], "isHeader": false}, {"rowIndex": 1, "columnIndex":
        2, "text": "1.00", "boundingBox": [1071, 1086, 1309, 1086, 1309, 1127, 1071,
        1127], "isHeader": false}, {"rowIndex": 1, "columnIndex": 3, "text": "20.00",
        "boundingBox": [1309, 1086, 1543, 1086, 1543, 1127, 1309, 1127], "isHeader":
        false}, {"rowIndex": 2, "columnIndex": 0, "text": "Covers Small", "boundingBox":
        [156, 1127, 847, 1127, 847, 1171, 156, 1171], "isHeader": false}, {"rowIndex":
        2, "columnIndex": 1, "text": "20", "boundingBox": [847, 1127, 1071, 1127,
        1071, 1171, 847, 1171], "isHeader": false}, {"rowIndex": 2, "columnIndex":
        2, "text": "1.00", "boundingBox": [1071, 1127, 1309, 1127, 1309, 1171, 1071,
        1171], "isHeader": false}, {"rowIndex": 2, "columnIndex": 3, "text": "20.00",
        "boundingBox": [1309, 1127, 1543, 1127, 1543, 1171, 1309, 1171], "isHeader":
        false}, {"rowIndex": 3, "columnIndex": 0, "text": "Feather Bookmark", "boundingBox":
        [156, 1171, 847, 1171, 847, 1214, 156, 1214], "isHeader": false}, {"rowIndex":
        3, "columnIndex": 1, "text": "20", "boundingBox": [847, 1171, 1071, 1171,
        1071, 1214, 847, 1214], "isHeader": false}, {"rowIndex": 3, "columnIndex":
        2, "text": "5.00", "boundingBox": [1071, 1171, 1309, 1171, 1309, 1214, 1071,
        1214], "isHeader": false}, {"rowIndex": 3, "columnIndex": 3, "text": "100.00",
        "boundingBox": [1309, 1171, 1543, 1171, 1543, 1215, 1309, 1214], "isHeader":
        false}, {"rowIndex": 4, "columnIndex": 0, "text": "Copper Swirl Marker", "boundingBox":
        [156, 1214, 847, 1214, 847, 1258, 156, 1258], "isHeader": false}, {"rowIndex":
        4, "columnIndex": 1, "text": "20", "boundingBox": [847, 1214, 1071, 1214,
        1071, 1258, 847, 1258], "isHeader": false}, {"rowIndex": 4, "columnIndex":
        2, "text": "5.00", "boundingBox": [1071, 1214, 1309, 1214, 1309, 1258, 1071,
        1258], "isHeader": false}, {"rowIndex": 4, "columnIndex": 3, "text": "100.00",
        "boundingBox": [1309, 1214, 1543, 1215, 1543, 1260, 1309, 1258], "isHeader":
        false}], "boundingBox": [153, 1036, 1547, 1037, 1547, 1265, 153, 1265]}, {"rows":
        4, "columns": 2, "cells": [{"rowIndex": 0, "columnIndex": 0, "text": "SUBTOTAL",
        "boundingBox": [1070, 1564, 1307, 1564, 1308, 1609, 1071, 1608], "isHeader":
        true}, {"rowIndex": 0, "columnIndex": 1, "text": "$140.00", "boundingBox":
        [1307, 1564, 1544, 1564, 1544, 1609, 1308, 1609], "isHeader": true}, {"rowIndex":
        1, "columnIndex": 0, "text": "TAX", "boundingBox": [1071, 1608, 1308, 1609,
        1308, 1652, 1071, 1653], "isHeader": false}, {"rowIndex": 1, "columnIndex":
        1, "text": "$4.00", "boundingBox": [1308, 1609, 1544, 1609, 1544, 1652, 1308,
        1652], "isHeader": false}, {"rowIndex": 2, "columnIndex": 0, "text": "", "boundingBox":
        [1071, 1653, 1308, 1652, 1308, 1664, 1071, 1664], "isHeader": false}, {"rowIndex":
        2, "columnIndex": 1, "text": "", "boundingBox": [1308, 1652, 1544, 1652, 1544,
        1665, 1308, 1664], "isHeader": false}, {"rowIndex": 3, "columnIndex": 0, "text":
        "TOTAL", "boundingBox": [1071, 1664, 1308, 1664, 1308, 1707, 1071, 1707],
        "isHeader": false}, {"rowIndex": 3, "columnIndex": 1, "text": "$144.00", "boundingBox":
        [1308, 1664, 1544, 1665, 1544, 1707, 1308, 1707], "isHeader": false}], "boundingBox":
        [1058, 1563, 1555, 1563, 1555, 1707, 1058, 1707]}]}], "documentResults": [{"docType":
        "custom:labeled", "modelId": "d85e99c3-79ce-4995-b0b2-c0f77965b3d3", "pageRange":
        [1, 1], "fields": {"CompanyPhoneNumber": {"type": "string", "valueString":
        "938-294-2949", "text": "938-294-2949", "page": 1, "boundingBox": [709.0,
        722.0, 882.0, 722.0, 882.0, 749.0, 709.0, 749.0], "confidence": 0.995}, "PhoneNumber":
        {"type": "string", "valueString": "555-348-6512", "text": "555-348-6512",
        "page": 1, "boundingBox": [365.0, 351.0, 525.0, 351.0, 525.0, 378.0, 365.0,
        378.0], "confidence": 0.992}, "Quantity": {"type": "number", "valueNumber":
        20.0, "text": "20", "page": 1, "boundingBox": [860.0, 1094.0, 888.0, 1094.0,
        888.0, 1119.0, 860.0, 1119.0], "confidence": 0.99}, "CompanyAddress": {"type":
        "string", "valueString": "938 NE Burner Road Boulder City, CO 92848", "text":
        "938 NE Burner Road Boulder City, CO 92848", "page": 1, "boundingBox": [275.0,
        685.0, 561.0, 685.0, 561.0, 751.0, 275.0, 751.0], "confidence": 0.622}, "Signature":
        {"type": "string", "valueString": "Bernie Sanders", "text": "Bernie Sanders",
        "page": 1, "boundingBox": [484.0, 1670.0, 762.0, 1670.0, 762.0, 1708.0, 484.0,
        1708.0], "confidence": 0.437}, "PurchaseOrderNumber": {"type": "string", "valueString":
        "948284", "text": "948284", "page": 1, "boundingBox": [1278.0, 461.0, 1372.0,
        461.0, 1372.0, 489.0, 1278.0, 489.0], "confidence": 0.994}, "Merchant": {"type":
        "string", "valueString": "Hero Limited", "text": "Hero Limited", "page": 1,
        "boundingBox": [620.0, 205.0, 1062.0, 205.0, 1062.0, 266.0, 620.0, 266.0],
        "confidence": 0.99}, "Total": {"type": "string", "valueString": "$144.00",
        "text": "$144.00", "page": 1, "boundingBox": [1427.0, 1669.0, 1527.0, 1669.0,
        1527.0, 1698.0, 1427.0, 1698.0], "confidence": 0.995}, "Tax": {"type": "string",
        "valueString": "$4.00", "text": "$4.00", "page": 1, "boundingBox": [1458.0,
        1615.0, 1529.0, 1615.0, 1529.0, 1643.0, 1458.0, 1643.0], "confidence": 0.994},
        "Email": {"type": "string", "valueString": "accounts@herolimited.com", "text":
        "accounts@herolimited.com", "page": 1, "boundingBox": [164.0, 479.0, 471.0,
        479.0, 471.0, 503.0, 164.0, 503.0], "confidence": 0.953}, "VendorName": {"type":
        "string", "valueString": "Hillary Swank", "text": "Hillary Swank", "page":
        1, "boundingBox": [349.0, 609.0, 520.0, 609.0, 520.0, 639.0, 349.0, 639.0],
        "confidence": 0.991}, "CompanyName": {"type": "string", "valueString": "Higgly
        Wiggly Books", "text": "Higgly Wiggly Books", "page": 1, "boundingBox": [375.0,
        646.0, 629.0, 646.0, 629.0, 679.0, 375.0, 679.0], "confidence": 0.993}, "Subtotal":
        {"type": "string", "valueString": "$140.00", "text": "$140.00", "page": 1,
        "boundingBox": [1428.0, 1572.0, 1528.0, 1572.0, 1528.0, 1599.0, 1428.0, 1599.0],
        "confidence": 0.994}, "Website": {"type": "string", "valueString": "www.herolimited.com",
        "text": "www.herolimited.com", "page": 1, "boundingBox": [273.0, 393.0, 524.0,
        393.0, 524.0, 418.0, 273.0, 418.0], "confidence": 0.992}, "DatedAs": {"type":
        "string", "valueString": "12/20/2020", "text": "12/20/2020", "page": 1, "boundingBox":
        [1163.0, 420.0, 1310.0, 420.0, 1310.0, 449.0, 1163.0, 449.0], "confidence":
        0.994}}, "docTypeConfidence": 0.92}], "errors": []}}'
    headers:
      apim-request-id:
      - beddf1d2-56fd-4214-b03b-0723965c76b7
      content-length:
      - '6612'
      content-type:
      - application/json; charset=utf-8
      date:
      - Tue, 11 May 2021 01:57:59 GMT
      strict-transport-security:
      - max-age=31536000; includeSubDomains; preload
      x-content-type-options:
      - nosniff
      x-envoy-upstream-service-time:
      - '47'
    status:
      code: 200
      message: OK
version: 1
