interactions:
- request:
    body: 'b''{"source": "container_sas_url", "sourceFilter": {"prefix": "", "includeSubFolders":
      false}, "useLabelFile": false}'''
    headers:
      Accept:
      - application/json
      Accept-Encoding:
      - gzip, deflate
      Connection:
      - keep-alive
      Content-Length:
      - '276'
      Content-Type:
      - application/json
      User-Agent:
      - azsdk-python-ai-formrecognizer/3.1.0b4 Python/3.9.0 (Windows-10-10.0.19041-SP0)
    method: POST
    uri: https://region.api.cognitive.microsoft.com/formrecognizer/v2.1-preview.3/custom/models
  response:
    body:
      string: ''
    headers:
      apim-request-id:
      - fd13d748-0fb2-43ff-a8fc-8898dc996d98
      content-length:
      - '0'
      date:
      - Fri, 19 Mar 2021 19:36:52 GMT
      location:
      - https://region.api.cognitive.microsoft.com/formrecognizer/v2.1-preview.3/custom/models/fcd7b298-59b2-4b41-ae36-03191a2e1524
      strict-transport-security:
      - max-age=31536000; includeSubDomains; preload
      x-content-type-options:
      - nosniff
      x-envoy-upstream-service-time:
      - '68'
    status:
      code: 201
      message: Created
- request:
    body: null
    headers:
      Accept:
      - '*/*'
      Accept-Encoding:
      - gzip, deflate
      Connection:
      - keep-alive
      User-Agent:
      - azsdk-python-ai-formrecognizer/3.1.0b4 Python/3.9.0 (Windows-10-10.0.19041-SP0)
    method: GET
    uri: https://region.api.cognitive.microsoft.com/formrecognizer/v2.1-preview.3/custom/models/fcd7b298-59b2-4b41-ae36-03191a2e1524?includeKeys=true
  response:
    body:
      string: '{"modelInfo": {"modelId": "fcd7b298-59b2-4b41-ae36-03191a2e1524", "status":
        "creating", "createdDateTime": "2021-03-19T19:36:52Z", "lastUpdatedDateTime":
        "2021-03-19T19:36:52Z"}}'
    headers:
      apim-request-id:
      - 0caff1b3-2b9b-4da9-b8af-14812f3569e1
      content-length:
      - '170'
      content-type:
      - application/json; charset=utf-8
      date:
      - Fri, 19 Mar 2021 19:36:57 GMT
      strict-transport-security:
      - max-age=31536000; includeSubDomains; preload
      x-content-type-options:
      - nosniff
      x-envoy-upstream-service-time:
      - '18'
    status:
      code: 200
      message: OK
- request:
    body: null
    headers:
      Accept:
      - '*/*'
      Accept-Encoding:
      - gzip, deflate
      Connection:
      - keep-alive
      User-Agent:
      - azsdk-python-ai-formrecognizer/3.1.0b4 Python/3.9.0 (Windows-10-10.0.19041-SP0)
    method: GET
    uri: https://region.api.cognitive.microsoft.com/formrecognizer/v2.1-preview.3/custom/models/fcd7b298-59b2-4b41-ae36-03191a2e1524?includeKeys=true
  response:
    body:
      string: '{"modelInfo": {"modelId": "fcd7b298-59b2-4b41-ae36-03191a2e1524", "status":
        "creating", "createdDateTime": "2021-03-19T19:36:52Z", "lastUpdatedDateTime":
        "2021-03-19T19:36:52Z"}}'
    headers:
      apim-request-id:
      - a34f320b-22e5-4da9-b485-68cbfccec839
      content-length:
      - '170'
      content-type:
      - application/json; charset=utf-8
      date:
      - Fri, 19 Mar 2021 19:37:02 GMT
      strict-transport-security:
      - max-age=31536000; includeSubDomains; preload
      x-content-type-options:
      - nosniff
      x-envoy-upstream-service-time:
      - '20'
    status:
      code: 200
      message: OK
- request:
    body: null
    headers:
      Accept:
      - '*/*'
      Accept-Encoding:
      - gzip, deflate
      Connection:
      - keep-alive
      User-Agent:
      - azsdk-python-ai-formrecognizer/3.1.0b4 Python/3.9.0 (Windows-10-10.0.19041-SP0)
    method: GET
    uri: https://region.api.cognitive.microsoft.com/formrecognizer/v2.1-preview.3/custom/models/fcd7b298-59b2-4b41-ae36-03191a2e1524?includeKeys=true
  response:
    body:
      string: '{"modelInfo": {"modelId": "fcd7b298-59b2-4b41-ae36-03191a2e1524", "status":
        "creating", "createdDateTime": "2021-03-19T19:36:52Z", "lastUpdatedDateTime":
        "2021-03-19T19:36:52Z"}}'
    headers:
      apim-request-id:
      - 6fe0ea33-2ac5-436a-839b-897434e973af
      content-length:
      - '170'
      content-type:
      - application/json; charset=utf-8
      date:
      - Fri, 19 Mar 2021 19:37:08 GMT
      strict-transport-security:
      - max-age=31536000; includeSubDomains; preload
      x-content-type-options:
      - nosniff
      x-envoy-upstream-service-time:
      - '19'
    status:
      code: 200
      message: OK
- request:
    body: null
    headers:
      Accept:
      - '*/*'
      Accept-Encoding:
      - gzip, deflate
      Connection:
      - keep-alive
      User-Agent:
      - azsdk-python-ai-formrecognizer/3.1.0b4 Python/3.9.0 (Windows-10-10.0.19041-SP0)
    method: GET
    uri: https://region.api.cognitive.microsoft.com/formrecognizer/v2.1-preview.3/custom/models/fcd7b298-59b2-4b41-ae36-03191a2e1524?includeKeys=true
  response:
    body:
      string: '{"modelInfo": {"modelId": "fcd7b298-59b2-4b41-ae36-03191a2e1524", "status":
        "ready", "createdDateTime": "2021-03-19T19:36:52Z", "lastUpdatedDateTime":
        "2021-03-19T19:37:10Z"}, "keys": {"clusters": {"0": ["Additional Notes:",
        "Address:", "Company Name:", "Company Phone:", "Dated As:", "Details", "Email:",
        "Hero Limited", "Name:", "Phone:", "Purchase Order", "Purchase Order #:",
        "Quantity", "SUBTOTAL", "Seattle, WA 93849 Phone:", "Shipped From", "Shipped
        To", "TAX", "TOTAL", "Total", "Unit Price", "Vendor Name:", "Website:"]}},
        "trainResult": {"trainingDocuments": [{"documentName": "Form_1.jpg", "pages":
        1, "errors": [], "status": "succeeded"}, {"documentName": "Form_2.jpg", "pages":
        1, "errors": [], "status": "succeeded"}, {"documentName": "Form_3.jpg", "pages":
        1, "errors": [], "status": "succeeded"}, {"documentName": "Form_4.jpg", "pages":
        1, "errors": [], "status": "succeeded"}, {"documentName": "Form_5.jpg", "pages":
        1, "errors": [], "status": "succeeded"}], "errors": []}}'
    headers:
      apim-request-id:
      - ee66f041-97b0-4fb9-9f96-3e3ed3a983e4
      content-length:
      - '912'
      content-type:
      - application/json; charset=utf-8
      date:
      - Fri, 19 Mar 2021 19:37:13 GMT
      strict-transport-security:
      - max-age=31536000; includeSubDomains; preload
      x-content-type-options:
      - nosniff
      x-envoy-upstream-service-time:
      - '17'
    status:
      code: 200
      message: OK
- request:
    body: 'b''{"source": "blob_sas_url"}'''
    headers:
      Accept:
      - application/json
      Accept-Encoding:
      - gzip, deflate
      Connection:
      - keep-alive
      Content-Length:
      - '201'
      Content-Type:
      - application/json
      User-Agent:
      - azsdk-python-ai-formrecognizer/3.1.0b4 Python/3.9.0 (Windows-10-10.0.19041-SP0)
    method: POST
    uri: https://region.api.cognitive.microsoft.com/formrecognizer/v2.1-preview.3/custom/models/fcd7b298-59b2-4b41-ae36-03191a2e1524/analyze?includeTextDetails=true
  response:
    body:
      string: ''
    headers:
      apim-request-id:
      - af22a911-b7b5-4a14-9f7e-1205fdf4aa0d
      content-length:
      - '0'
      date:
      - Fri, 19 Mar 2021 19:37:13 GMT
      operation-location:
      - https://region.api.cognitive.microsoft.com/formrecognizer/v2.1-preview.3/custom/models/fcd7b298-59b2-4b41-ae36-03191a2e1524/analyzeresults/576c167b-1ca0-4332-b0ec-b42b3ed042ab
      strict-transport-security:
      - max-age=31536000; includeSubDomains; preload
      x-content-type-options:
      - nosniff
      x-envoy-upstream-service-time:
      - '74'
    status:
      code: 202
      message: Accepted
- request:
    body: null
    headers:
      Accept:
      - '*/*'
      Accept-Encoding:
      - gzip, deflate
      Connection:
      - keep-alive
      User-Agent:
      - azsdk-python-ai-formrecognizer/3.1.0b4 Python/3.9.0 (Windows-10-10.0.19041-SP0)
    method: GET
    uri: https://region.api.cognitive.microsoft.com/formrecognizer/v2.1-preview.3/custom/models/fcd7b298-59b2-4b41-ae36-03191a2e1524/analyzeresults/576c167b-1ca0-4332-b0ec-b42b3ed042ab
  response:
    body:
      string: '{"status": "running", "createdDateTime": "2021-03-19T19:37:13Z", "lastUpdatedDateTime":
        "2021-03-19T19:37:15Z", "analyzeResult": null}'
    headers:
      apim-request-id:
      - bd20a385-c364-4147-80d7-ebbc1dd76f06
      content-length:
      - '134'
      content-type:
      - application/json; charset=utf-8
      date:
      - Fri, 19 Mar 2021 19:37:18 GMT
      strict-transport-security:
      - max-age=31536000; includeSubDomains; preload
      x-content-type-options:
      - nosniff
      x-envoy-upstream-service-time:
      - '430'
    status:
      code: 200
      message: OK
- request:
    body: null
    headers:
      Accept:
      - '*/*'
      Accept-Encoding:
      - gzip, deflate
      Connection:
      - keep-alive
      User-Agent:
      - azsdk-python-ai-formrecognizer/3.1.0b4 Python/3.9.0 (Windows-10-10.0.19041-SP0)
    method: GET
    uri: https://region.api.cognitive.microsoft.com/formrecognizer/v2.1-preview.3/custom/models/fcd7b298-59b2-4b41-ae36-03191a2e1524/analyzeresults/576c167b-1ca0-4332-b0ec-b42b3ed042ab
  response:
    body:
      string: '{"status": "running", "createdDateTime": "2021-03-19T19:37:13Z", "lastUpdatedDateTime":
        "2021-03-19T19:37:15Z", "analyzeResult": null}'
    headers:
      apim-request-id:
      - 9e07c2d6-5014-447e-b7bf-efbc04d9f9e3
      content-length:
      - '134'
      content-type:
      - application/json; charset=utf-8
      date:
      - Fri, 19 Mar 2021 19:37:24 GMT
      strict-transport-security:
      - max-age=31536000; includeSubDomains; preload
      x-content-type-options:
      - nosniff
      x-envoy-upstream-service-time:
      - '22'
    status:
      code: 200
      message: OK
- request:
    body: null
    headers:
      Accept:
      - '*/*'
      Accept-Encoding:
      - gzip, deflate
      Connection:
      - keep-alive
      User-Agent:
      - azsdk-python-ai-formrecognizer/3.1.0b4 Python/3.9.0 (Windows-10-10.0.19041-SP0)
    method: GET
    uri: https://region.api.cognitive.microsoft.com/formrecognizer/v2.1-preview.3/custom/models/fcd7b298-59b2-4b41-ae36-03191a2e1524/analyzeresults/576c167b-1ca0-4332-b0ec-b42b3ed042ab
  response:
    body:
      string: '{"status": "succeeded", "createdDateTime": "2021-03-19T19:37:13Z",
        "lastUpdatedDateTime": "2021-03-19T19:37:24Z", "analyzeResult": {"version":
        "2.1.0", "readResults": [{"page": 1, "angle": 0, "width": 1700, "height":
        2200, "unit": "pixel", "lines": [{"text": "Purchase Order", "boundingBox":
        [137, 140, 350, 140, 350, 167, 137, 167], "words": [{"text": "Purchase", "boundingBox":
        [137, 140, 259, 140, 259, 167, 137, 167], "confidence": 0.995}, {"text": "Order",
        "boundingBox": [265, 139, 350, 139, 350, 167, 265, 167], "confidence": 0.996}]},
        {"text": "Hero Limited", "boundingBox": [621, 206, 1062, 206, 1062, 266, 621,
        266], "words": [{"text": "Hero", "boundingBox": [621, 208, 773, 208, 773,
        266, 621, 266], "confidence": 0.994}, {"text": "Limited", "boundingBox": [797,
        205, 1062, 205, 1062, 266, 797, 266], "confidence": 0.996}]}, {"text": "Purchase
        Order", "boundingBox": [1113, 322, 1550, 322, 1550, 369, 1113, 369], "words":
        [{"text": "Purchase", "boundingBox": [1113, 322, 1367, 322, 1367, 368, 1113,
        368], "confidence": 0.995}, {"text": "Order", "boundingBox": [1386, 321, 1550,
        321, 1550, 370, 1386, 370], "confidence": 0.996}]}, {"text": "Company Phone:",
        "boundingBox": [163, 352, 361, 352, 361, 378, 163, 378], "words": [{"text":
        "Company", "boundingBox": [163, 353, 272, 353, 272, 378, 163, 378], "confidence":
        0.996}, {"text": "Phone:", "boundingBox": [277, 351, 361, 351, 361, 379, 277,
        379], "confidence": 0.992}]}, {"text": "555-348-6512", "boundingBox": [365,
        351, 525, 351, 525, 378, 365, 378], "words": [{"text": "555-348-6512", "boundingBox":
        [365, 351, 525, 351, 525, 378, 365, 378], "confidence": 0.994}]}, {"text":
        "Website:", "boundingBox": [167, 394, 268, 394, 268, 417, 167, 417], "words":
        [{"text": "Website:", "boundingBox": [167, 394, 268, 394, 268, 417, 167, 417],
        "confidence": 0.995}]}, {"text": "www.herolimited.com", "boundingBox": [273,
        393, 524, 393, 524, 418, 273, 418], "words": [{"text": "www.herolimited.com",
        "boundingBox": [273, 393, 524, 393, 524, 418, 273, 418], "confidence": 0.983}]},
        {"text": "Email:", "boundingBox": [165, 435, 237, 435, 237, 460, 165, 460],
        "words": [{"text": "Email:", "boundingBox": [165, 435, 237, 435, 237, 460,
        165, 460], "confidence": 0.994}]}, {"text": "Dated As:", "boundingBox": [1025,
        421, 1158, 421, 1158, 448, 1025, 448], "words": [{"text": "Dated", "boundingBox":
        [1025, 421, 1104, 421, 1104, 448, 1025, 448], "confidence": 0.994}, {"text":
        "As:", "boundingBox": [1112, 420, 1158, 420, 1158, 448, 1112, 448], "confidence":
        0.998}]}, {"text": "12/20/2020", "boundingBox": [1163, 420, 1310, 420, 1310,
        448, 1163, 448], "words": [{"text": "12/20/2020", "boundingBox": [1163, 420,
        1310, 420, 1310, 448, 1163, 448], "confidence": 0.988}]}, {"text": "Purchase
        Order #:", "boundingBox": [1023, 461, 1273, 461, 1273, 488, 1023, 488], "words":
        [{"text": "Purchase", "boundingBox": [1023, 461, 1149, 461, 1149, 488, 1023,
        488], "confidence": 0.995}, {"text": "Order", "boundingBox": [1155, 461, 1238,
        461, 1238, 489, 1155, 489], "confidence": 0.996}, {"text": "#:", "boundingBox":
        [1243, 461, 1273, 461, 1273, 489, 1243, 489], "confidence": 0.966}]}, {"text":
        "948284", "boundingBox": [1278, 461, 1371, 461, 1371, 489, 1278, 489], "words":
        [{"text": "948284", "boundingBox": [1278, 461, 1371, 461, 1371, 489, 1278,
        489], "confidence": 0.994}]}, {"text": "accounts@herolimited.com", "boundingBox":
        [164, 481, 471, 481, 471, 503, 164, 503], "words": [{"text": "accounts@herolimited.com",
        "boundingBox": [164, 481, 471, 481, 471, 503, 164, 503], "confidence": 0.949}]},
        {"text": "Shipped To", "boundingBox": [167, 547, 392, 547, 392, 592, 167,
        592], "words": [{"text": "Shipped", "boundingBox": [167, 547, 328, 547, 328,
        592, 167, 592], "confidence": 0.996}, {"text": "To", "boundingBox": [341,
        547, 392, 547, 392, 592, 341, 592], "confidence": 0.994}]}, {"text": "Vendor
        Name:", "boundingBox": [160, 611, 344, 611, 344, 637, 160, 637], "words":
        [{"text": "Vendor", "boundingBox": [160, 611, 252, 611, 252, 637, 160, 637],
        "confidence": 0.996}, {"text": "Name:", "boundingBox": [257, 610, 344, 610,
        344, 638, 257, 638], "confidence": 0.996}]}, {"text": "Hillary Swank", "boundingBox":
        [349, 609, 520, 609, 520, 639, 349, 639], "words": [{"text": "Hillary", "boundingBox":
        [349, 609, 431, 609, 431, 639, 349, 639], "confidence": 0.996}, {"text": "Swank",
        "boundingBox": [436, 609, 520, 609, 520, 639, 436, 639], "confidence": 0.996}]},
        {"text": "Company Name:", "boundingBox": [160, 648, 371, 648, 371, 677, 160,
        677], "words": [{"text": "Company", "boundingBox": [160, 649, 278, 649, 278,
        676, 160, 676], "confidence": 0.996}, {"text": "Name:", "boundingBox": [283,
        647, 371, 647, 371, 678, 283, 678], "confidence": 0.996}]}, {"text": "Higgly
        Wiggly Books", "boundingBox": [376, 646, 629, 646, 629, 679, 376, 679], "words":
        [{"text": "Higgly", "boundingBox": [376, 647, 453, 647, 453, 679, 376, 679],
        "confidence": 0.996}, {"text": "Wiggly", "boundingBox": [458, 646, 544, 646,
        544, 679, 458, 679], "confidence": 0.996}, {"text": "Books", "boundingBox":
        [549, 646, 629, 646, 629, 678, 549, 678], "confidence": 0.994}]}, {"text":
        "Address:", "boundingBox": [161, 685, 268, 685, 268, 711, 161, 711], "words":
        [{"text": "Address:", "boundingBox": [161, 685, 268, 685, 268, 711, 161, 711],
        "confidence": 0.994}]}, {"text": "938 NE Burner Road", "boundingBox": [274,
        685, 523, 685, 523, 713, 274, 713], "words": [{"text": "938", "boundingBox":
        [274, 685, 321, 685, 321, 712, 274, 712], "confidence": 0.994}, {"text": "NE",
        "boundingBox": [326, 685, 362, 685, 362, 713, 326, 713], "confidence": 0.997},
        {"text": "Burner", "boundingBox": [367, 685, 453, 685, 453, 713, 367, 713],
        "confidence": 0.996}, {"text": "Road", "boundingBox": [458, 685, 523, 685,
        523, 713, 458, 713], "confidence": 0.994}]}, {"text": "Boulder City, CO 92848",
        "boundingBox": [279, 722, 561, 722, 561, 751, 279, 751], "words": [{"text":
        "Boulder", "boundingBox": [279, 722, 371, 722, 371, 750, 279, 750], "confidence":
        0.996}, {"text": "City,", "boundingBox": [376, 722, 433, 722, 433, 751, 376,
        751], "confidence": 0.996}, {"text": "CO", "boundingBox": [438, 722, 474,
        722, 474, 751, 438, 751], "confidence": 0.997}, {"text": "92848", "boundingBox":
        [483, 722, 561, 722, 561, 751, 483, 751], "confidence": 0.996}]}, {"text":
        "Phone:", "boundingBox": [613, 722, 704, 722, 704, 749, 613, 749], "words":
        [{"text": "Phone:", "boundingBox": [613, 722, 704, 722, 704, 749, 613, 749],
        "confidence": 0.994}]}, {"text": "938-294-2949", "boundingBox": [709, 722,
        882, 722, 882, 749, 709, 749], "words": [{"text": "938-294-2949", "boundingBox":
        [709, 722, 882, 722, 882, 749, 709, 749], "confidence": 0.982}]}, {"text":
        "Shipped From", "boundingBox": [167, 784, 432, 784, 432, 830, 167, 830], "words":
        [{"text": "Shipped", "boundingBox": [167, 784, 326, 784, 326, 830, 167, 830],
        "confidence": 0.996}, {"text": "From", "boundingBox": [335, 785, 432, 785,
        432, 830, 335, 830], "confidence": 0.985}]}, {"text": "Name:", "boundingBox":
        [166, 853, 248, 853, 248, 879, 166, 879], "words": [{"text": "Name:", "boundingBox":
        [166, 853, 248, 853, 248, 879, 166, 879], "confidence": 0.996}]}, {"text":
        "Bernie Sanders", "boundingBox": [253, 852, 445, 852, 445, 880, 253, 880],
        "words": [{"text": "Bernie", "boundingBox": [253, 852, 337, 852, 337, 879,
        253, 879], "confidence": 0.996}, {"text": "Sanders", "boundingBox": [343,
        852, 445, 852, 445, 880, 343, 880], "confidence": 0.996}]}, {"text": "Company
        Name:", "boundingBox": [164, 890, 373, 890, 373, 919, 164, 919], "words":
        [{"text": "Company", "boundingBox": [164, 890, 282, 890, 282, 919, 164, 919],
        "confidence": 0.996}, {"text": "Name:", "boundingBox": [288, 890, 373, 890,
        373, 919, 288, 919], "confidence": 0.996}]}, {"text": "Jupiter Book Supply",
        "boundingBox": [379, 889, 629, 889, 629, 919, 379, 919], "words": [{"text":
        "Jupiter", "boundingBox": [379, 889, 467, 889, 467, 919, 379, 919], "confidence":
        0.996}, {"text": "Book", "boundingBox": [473, 889, 537, 889, 537, 919, 473,
        919], "confidence": 0.994}, {"text": "Supply", "boundingBox": [543, 889, 629,
        889, 629, 920, 543, 920], "confidence": 0.996}]}, {"text": "Address:", "boundingBox":
        [166, 926, 275, 926, 275, 953, 166, 953], "words": [{"text": "Address:", "boundingBox":
        [166, 926, 275, 926, 275, 953, 166, 953], "confidence": 0.994}]}, {"text":
        "383 N Kinnick Road", "boundingBox": [280, 926, 516, 926, 516, 953, 280, 953],
        "words": [{"text": "383", "boundingBox": [280, 925, 325, 925, 325, 953, 280,
        953], "confidence": 0.998}, {"text": "N", "boundingBox": [330, 925, 345, 925,
        345, 953, 330, 953], "confidence": 0.995}, {"text": "Kinnick", "boundingBox":
        [358, 926, 448, 926, 448, 953, 358, 953], "confidence": 0.995}, {"text": "Road",
        "boundingBox": [453, 926, 516, 926, 516, 954, 453, 954], "confidence": 0.994}]},
        {"text": "Seattle, WA 38383", "boundingBox": [282, 965, 513, 965, 513, 991,
        282, 991], "words": [{"text": "Seattle,", "boundingBox": [282, 965, 376, 965,
        376, 991, 282, 991], "confidence": 0.994}, {"text": "WA", "boundingBox": [382,
        964, 425, 964, 425, 991, 382, 991], "confidence": 0.997}, {"text": "38383",
        "boundingBox": [435, 964, 513, 964, 513, 991, 435, 991], "confidence": 0.996}]},
        {"text": "Phone:", "boundingBox": [760, 964, 849, 964, 849, 990, 760, 990],
        "words": [{"text": "Phone:", "boundingBox": [760, 964, 849, 964, 849, 990,
        760, 990], "confidence": 0.996}]}, {"text": "932-299-0292", "boundingBox":
        [854, 964, 1028, 964, 1028, 990, 854, 990], "words": [{"text": "932-299-0292",
        "boundingBox": [854, 964, 1028, 964, 1028, 990, 854, 990], "confidence": 0.994}]},
        {"text": "Details", "boundingBox": [447, 1048, 557, 1048, 557, 1078, 447,
        1078], "words": [{"text": "Details", "boundingBox": [447, 1048, 557, 1048,
        557, 1078, 447, 1078], "confidence": 0.994}]}, {"text": "Quantity", "boundingBox":
        [886, 1048, 1033, 1048, 1033, 1084, 886, 1084], "words": [{"text": "Quantity",
        "boundingBox": [886, 1048, 1033, 1048, 1033, 1084, 886, 1084], "confidence":
        0.994}]}, {"text": "Unit Price", "boundingBox": [1111, 1047, 1266, 1047, 1266,
        1078, 1111, 1078], "words": [{"text": "Unit", "boundingBox": [1111, 1047,
        1179, 1047, 1179, 1078, 1111, 1078], "confidence": 0.994}, {"text": "Price",
        "boundingBox": [1185, 1047, 1266, 1047, 1266, 1078, 1185, 1078], "confidence":
        0.996}]}, {"text": "Total", "boundingBox": [1382, 1047, 1467, 1047, 1467,
        1076, 1382, 1076], "words": [{"text": "Total", "boundingBox": [1382, 1047,
        1467, 1047, 1467, 1076, 1382, 1076], "confidence": 0.994}]}, {"text": "Bindings",
        "boundingBox": [172, 1094, 280, 1094, 280, 1122, 172, 1122], "words": [{"text":
        "Bindings", "boundingBox": [172, 1094, 280, 1094, 280, 1122, 172, 1122], "confidence":
        0.994}]}, {"text": "20", "boundingBox": [860, 1094, 888, 1094, 888, 1119,
        860, 1119], "words": [{"text": "20", "boundingBox": [860, 1094, 888, 1094,
        888, 1119, 860, 1119], "confidence": 0.999}]}, {"text": "1.00", "boundingBox":
        [1240, 1095, 1291, 1095, 1291, 1118, 1240, 1118], "words": [{"text": "1.00",
        "boundingBox": [1240, 1095, 1291, 1095, 1291, 1118, 1240, 1118], "confidence":
        0.994}]}, {"text": "20.00", "boundingBox": [1459, 1096, 1527, 1096, 1527,
        1119, 1459, 1119], "words": [{"text": "20.00", "boundingBox": [1459, 1096,
        1527, 1096, 1527, 1119, 1459, 1119], "confidence": 0.996}]}, {"text": "Covers
        Small", "boundingBox": [170, 1136, 333, 1136, 333, 1161, 170, 1161], "words":
        [{"text": "Covers", "boundingBox": [170, 1136, 255, 1136, 255, 1161, 170,
        1161], "confidence": 0.994}, {"text": "Small", "boundingBox": [260, 1136,
        333, 1136, 333, 1161, 260, 1161], "confidence": 0.996}]}, {"text": "20", "boundingBox":
        [860, 1135, 888, 1135, 888, 1160, 860, 1160], "words": [{"text": "20", "boundingBox":
        [860, 1135, 888, 1135, 888, 1160, 860, 1160], "confidence": 0.999}]}, {"text":
        "1.00", "boundingBox": [1240, 1135, 1291, 1135, 1291, 1160, 1240, 1160], "words":
        [{"text": "1.00", "boundingBox": [1240, 1135, 1291, 1135, 1291, 1160, 1240,
        1160], "confidence": 0.993}]}, {"text": "20.00", "boundingBox": [1459, 1135,
        1527, 1135, 1527, 1160, 1459, 1160], "words": [{"text": "20.00", "boundingBox":
        [1459, 1135, 1527, 1135, 1527, 1160, 1459, 1160], "confidence": 0.996}]},
        {"text": "Feather Bookmark", "boundingBox": [173, 1179, 399, 1179, 399, 1206,
        173, 1206], "words": [{"text": "Feather", "boundingBox": [173, 1180, 266,
        1180, 266, 1206, 173, 1206], "confidence": 0.996}, {"text": "Bookmark", "boundingBox":
        [271, 1179, 399, 1179, 399, 1206, 271, 1206], "confidence": 0.995}]}, {"text":
        "20", "boundingBox": [861, 1179, 889, 1179, 889, 1203, 861, 1203], "words":
        [{"text": "20", "boundingBox": [861, 1179, 889, 1179, 889, 1203, 861, 1203],
        "confidence": 0.999}]}, {"text": "5.00", "boundingBox": [1240, 1179, 1291,
        1179, 1291, 1204, 1240, 1204], "words": [{"text": "5.00", "boundingBox": [1240,
        1179, 1291, 1179, 1291, 1204, 1240, 1204], "confidence": 0.993}]}, {"text":
        "100.00", "boundingBox": [1443, 1181, 1525, 1181, 1525, 1205, 1443, 1205],
        "words": [{"text": "100.00", "boundingBox": [1443, 1181, 1525, 1181, 1525,
        1205, 1443, 1205], "confidence": 0.994}]}, {"text": "Copper Swirl Marker",
        "boundingBox": [170, 1222, 429, 1222, 429, 1252, 170, 1252], "words": [{"text":
        "Copper", "boundingBox": [170, 1223, 259, 1223, 259, 1253, 170, 1253], "confidence":
        0.996}, {"text": "Swirl", "boundingBox": [265, 1222, 328, 1222, 328, 1252,
        265, 1252], "confidence": 0.996}, {"text": "Marker", "boundingBox": [334,
        1222, 429, 1222, 429, 1251, 334, 1251], "confidence": 0.996}]}, {"text": "20",
        "boundingBox": [861, 1223, 888, 1223, 888, 1247, 861, 1247], "words": [{"text":
        "20", "boundingBox": [861, 1223, 888, 1223, 888, 1247, 861, 1247], "confidence":
        0.999}]}, {"text": "5.00", "boundingBox": [1240, 1221, 1292, 1221, 1292, 1247,
        1240, 1247], "words": [{"text": "5.00", "boundingBox": [1240, 1221, 1292,
        1221, 1292, 1247, 1240, 1247], "confidence": 0.986}]}, {"text": "100.00",
        "boundingBox": [1444, 1224, 1526, 1224, 1526, 1248, 1444, 1248], "words":
        [{"text": "100.00", "boundingBox": [1444, 1224, 1526, 1224, 1526, 1248, 1444,
        1248], "confidence": 0.074}]}, {"text": "SUBTOTAL", "boundingBox": [1148,
        1575, 1294, 1575, 1294, 1600, 1148, 1600], "words": [{"text": "SUBTOTAL",
        "boundingBox": [1148, 1575, 1294, 1575, 1294, 1600, 1148, 1600], "confidence":
        0.995}]}, {"text": "$140.00", "boundingBox": [1426, 1571, 1526, 1571, 1526,
        1599, 1426, 1599], "words": [{"text": "$140.00", "boundingBox": [1426, 1571,
        1526, 1571, 1526, 1599, 1426, 1599], "confidence": 0.995}]}, {"text": "TAX",
        "boundingBox": [1237, 1618, 1290, 1618, 1290, 1643, 1237, 1643], "words":
        [{"text": "TAX", "boundingBox": [1237, 1618, 1290, 1618, 1290, 1643, 1237,
        1643], "confidence": 0.997}]}, {"text": "$4.00", "boundingBox": [1458, 1615,
        1529, 1615, 1529, 1643, 1458, 1643], "words": [{"text": "$4.00", "boundingBox":
        [1458, 1615, 1529, 1615, 1529, 1643, 1458, 1643], "confidence": 0.992}]},
        {"text": "Bernie Sanders", "boundingBox": [484, 1671, 761, 1671, 761, 1706,
        484, 1706], "words": [{"text": "Bernie", "boundingBox": [484, 1671, 595, 1671,
        595, 1706, 484, 1706], "confidence": 0.994}, {"text": "Sanders", "boundingBox":
        [602, 1671, 761, 1671, 761, 1706, 602, 1706], "confidence": 0.997}]}, {"text":
        "TOTAL", "boundingBox": [1204, 1674, 1293, 1674, 1293, 1699, 1204, 1699],
        "words": [{"text": "TOTAL", "boundingBox": [1204, 1674, 1293, 1674, 1293,
        1699, 1204, 1699], "confidence": 0.994}]}, {"text": "$144.00", "boundingBox":
        [1427, 1671, 1526, 1671, 1526, 1698, 1427, 1698], "words": [{"text": "$144.00",
        "boundingBox": [1427, 1671, 1526, 1671, 1526, 1698, 1427, 1698], "confidence":
        0.986}]}, {"text": "Bernie Sanders", "boundingBox": [542, 1719, 716, 1719,
        716, 1742, 542, 1742], "words": [{"text": "Bernie", "boundingBox": [542, 1719,
        616, 1719, 616, 1742, 542, 1742], "confidence": 0.994}, {"text": "Sanders",
        "boundingBox": [621, 1719, 716, 1719, 716, 1742, 621, 1742], "confidence":
        0.996}]}, {"text": "Manager", "boundingBox": [577, 1754, 681, 1754, 681, 1776,
        577, 1776], "words": [{"text": "Manager", "boundingBox": [577, 1754, 681,
        1754, 681, 1776, 577, 1776], "confidence": 0.994}]}, {"text": "Additional
        Notes:", "boundingBox": [173, 1796, 479, 1796, 479, 1831, 173, 1831], "words":
        [{"text": "Additional", "boundingBox": [173, 1796, 354, 1796, 354, 1831, 173,
        1831], "confidence": 0.993}, {"text": "Notes:", "boundingBox": [361, 1796,
        479, 1796, 479, 1832, 361, 1832], "confidence": 0.996}]}, {"text": "Do not
        Jostle Box. Unpack carefully. Enjoy.", "boundingBox": [175, 1880, 707, 1880,
        707, 1909, 175, 1909], "words": [{"text": "Do", "boundingBox": [175, 1881,
        204, 1881, 204, 1907, 175, 1907], "confidence": 0.994}, {"text": "not", "boundingBox":
        [209, 1881, 254, 1881, 254, 1907, 209, 1907], "confidence": 0.997}, {"text":
        "Jostle", "boundingBox": [259, 1880, 332, 1880, 332, 1908, 259, 1908], "confidence":
        0.996}, {"text": "Box.", "boundingBox": [338, 1880, 401, 1880, 401, 1909,
        338, 1909], "confidence": 0.994}, {"text": "Unpack", "boundingBox": [406,
        1880, 499, 1880, 499, 1909, 406, 1909], "confidence": 0.996}, {"text": "carefully.",
        "boundingBox": [504, 1880, 623, 1880, 623, 1910, 504, 1910], "confidence":
        0.994}, {"text": "Enjoy.", "boundingBox": [628, 1880, 707, 1880, 707, 1911,
        628, 1911], "confidence": 0.996}]}, {"text": "Jupiter Book Supply will refund
        you 50% per book if returned within 60 days of reading and", "boundingBox":
        [169, 1924, 1509, 1924, 1509, 1958, 169, 1958], "words": [{"text": "Jupiter",
        "boundingBox": [169, 1924, 269, 1924, 269, 1959, 169, 1959], "confidence":
        0.994}, {"text": "Book", "boundingBox": [276, 1924, 354, 1924, 354, 1959,
        276, 1959], "confidence": 0.994}, {"text": "Supply", "boundingBox": [361,
        1924, 464, 1924, 464, 1958, 361, 1958], "confidence": 0.994}, {"text": "will",
        "boundingBox": [471, 1924, 519, 1924, 519, 1958, 471, 1958], "confidence":
        0.991}, {"text": "refund", "boundingBox": [526, 1924, 625, 1924, 625, 1958,
        526, 1958], "confidence": 0.996}, {"text": "you", "boundingBox": [632, 1924,
        688, 1924, 688, 1958, 632, 1958], "confidence": 0.997}, {"text": "50%", "boundingBox":
        [696, 1924, 762, 1924, 762, 1958, 696, 1958], "confidence": 0.986}, {"text":
        "per", "boundingBox": [769, 1924, 822, 1924, 822, 1958, 769, 1958], "confidence":
        0.998}, {"text": "book", "boundingBox": [829, 1924, 902, 1924, 902, 1958,
        829, 1958], "confidence": 0.994}, {"text": "if", "boundingBox": [909, 1924,
        930, 1924, 930, 1958, 909, 1958], "confidence": 0.997}, {"text": "returned",
        "boundingBox": [937, 1924, 1063, 1924, 1063, 1958, 937, 1958], "confidence":
        0.994}, {"text": "within", "boundingBox": [1070, 1924, 1157, 1924, 1157, 1958,
        1070, 1958], "confidence": 0.995}, {"text": "60", "boundingBox": [1164, 1924,
        1203, 1924, 1203, 1958, 1164, 1958], "confidence": 0.999}, {"text": "days",
        "boundingBox": [1210, 1924, 1283, 1924, 1283, 1958, 1210, 1958], "confidence":
        0.994}, {"text": "of", "boundingBox": [1290, 1924, 1322, 1924, 1322, 1958,
        1290, 1958], "confidence": 0.999}, {"text": "reading", "boundingBox": [1329,
        1924, 1441, 1924, 1441, 1958, 1329, 1958], "confidence": 0.996}, {"text":
        "and", "boundingBox": [1448, 1924, 1509, 1924, 1509, 1958, 1448, 1958], "confidence":
        0.997}]}, {"text": "offer you 25% off you next total purchase.", "boundingBox":
        [169, 1958, 786, 1958, 786, 1992, 169, 1992], "words": [{"text": "offer",
        "boundingBox": [169, 1958, 235, 1958, 235, 1991, 169, 1991], "confidence":
        0.991}, {"text": "you", "boundingBox": [241, 1958, 296, 1958, 296, 1991, 241,
        1991], "confidence": 0.994}, {"text": "25%", "boundingBox": [307, 1958, 373,
        1958, 373, 1992, 307, 1992], "confidence": 0.997}, {"text": "off", "boundingBox":
        [380, 1958, 420, 1958, 420, 1992, 380, 1992], "confidence": 0.997}, {"text":
        "you", "boundingBox": [427, 1958, 482, 1958, 482, 1992, 427, 1992], "confidence":
        0.997}, {"text": "next", "boundingBox": [489, 1958, 555, 1958, 555, 1992,
        489, 1992], "confidence": 0.994}, {"text": "total", "boundingBox": [561, 1959,
        630, 1959, 630, 1992, 561, 1992], "confidence": 0.996}, {"text": "purchase.",
        "boundingBox": [636, 1959, 786, 1959, 786, 1991, 636, 1991], "confidence":
        0.994}]}], "selectionMarks": null}], "pageResults": [{"page": 1, "keyValuePairs":
        [{"key": {"text": "Company Phone:", "boundingBox": [163, 352, 361, 352, 361,
        378, 163, 378], "elements": ["#/readResults/0/lines/3/words/0", "#/readResults/0/lines/3/words/1"]},
        "value": {"text": "555-348-6512", "boundingBox": [365, 351, 525, 351, 525,
        378, 365, 378], "elements": ["#/readResults/0/lines/4/words/0"]}, "confidence":
        1.0}, {"key": {"text": "Website:", "boundingBox": [167, 394, 268, 394, 268,
        417, 167, 417], "elements": ["#/readResults/0/lines/5/words/0"]}, "value":
        {"text": "www.herolimited.com", "boundingBox": [273, 393, 524, 393, 524, 418,
        273, 418], "elements": ["#/readResults/0/lines/6/words/0"]}, "confidence":
        1.0}, {"key": {"text": "Email:", "boundingBox": [165, 435, 237, 435, 237,
        460, 165, 460], "elements": ["#/readResults/0/lines/7/words/0"]}, "value":
        {"text": "accounts@herolimited.com", "boundingBox": [164, 481, 471, 481, 471,
        503, 164, 503], "elements": ["#/readResults/0/lines/12/words/0"]}, "confidence":
        1.0}, {"key": {"text": "Dated As:", "boundingBox": [1025, 421, 1158, 421,
        1158, 448, 1025, 448], "elements": ["#/readResults/0/lines/8/words/0", "#/readResults/0/lines/8/words/1"]},
        "value": {"text": "12/20/2020", "boundingBox": [1163, 420, 1310, 420, 1310,
        448, 1163, 448], "elements": ["#/readResults/0/lines/9/words/0"]}, "confidence":
        1.0}, {"key": {"text": "Purchase Order #:", "boundingBox": [1023, 461, 1273,
        461, 1273, 488, 1023, 488], "elements": ["#/readResults/0/lines/10/words/0",
        "#/readResults/0/lines/10/words/1", "#/readResults/0/lines/10/words/2"]},
        "value": {"text": "948284", "boundingBox": [1278, 461, 1371, 461, 1371, 489,
        1278, 489], "elements": ["#/readResults/0/lines/11/words/0"]}, "confidence":
        1.0}, {"key": {"text": "Vendor Name:", "boundingBox": [160, 611, 344, 611,
        344, 637, 160, 637], "elements": ["#/readResults/0/lines/14/words/0", "#/readResults/0/lines/14/words/1"]},
        "value": {"text": "Hillary Swank", "boundingBox": [349, 609, 520, 609, 520,
        639, 349, 639], "elements": ["#/readResults/0/lines/15/words/0", "#/readResults/0/lines/15/words/1"]},
        "confidence": 0.7}, {"key": {"text": "Company Name:", "boundingBox": [160,
        648, 371, 648, 371, 677, 160, 677], "elements": ["#/readResults/0/lines/16/words/0",
        "#/readResults/0/lines/16/words/1"]}, "value": {"text": "Higgly Wiggly Books",
        "boundingBox": [376, 646, 629, 646, 629, 679, 376, 679], "elements": ["#/readResults/0/lines/17/words/0",
        "#/readResults/0/lines/17/words/1", "#/readResults/0/lines/17/words/2"]},
        "confidence": 1.0}, {"key": {"text": "Address:", "boundingBox": [161, 685,
        268, 685, 268, 711, 161, 711], "elements": ["#/readResults/0/lines/18/words/0"]},
        "value": {"text": "938 NE Burner Road Boulder City, CO 92848", "boundingBox":
        [274, 685, 561, 685, 561, 751, 274, 751], "elements": ["#/readResults/0/lines/19/words/0",
        "#/readResults/0/lines/19/words/1", "#/readResults/0/lines/19/words/2", "#/readResults/0/lines/19/words/3",
        "#/readResults/0/lines/20/words/0", "#/readResults/0/lines/20/words/1", "#/readResults/0/lines/20/words/2",
        "#/readResults/0/lines/20/words/3"]}, "confidence": 1.0}, {"key": {"text":
        "Phone:", "boundingBox": [613, 722, 704, 722, 704, 749, 613, 749], "elements":
        ["#/readResults/0/lines/21/words/0"]}, "value": {"text": "938-294-2949", "boundingBox":
        [709, 722, 882, 722, 882, 749, 709, 749], "elements": ["#/readResults/0/lines/22/words/0"]},
        "confidence": 1.0}, {"key": {"text": "Name:", "boundingBox": [166, 853, 248,
        853, 248, 879, 166, 879], "elements": ["#/readResults/0/lines/24/words/0"]},
        "value": {"text": "Bernie Sanders", "boundingBox": [253, 852, 445, 852, 445,
        880, 253, 880], "elements": ["#/readResults/0/lines/25/words/0", "#/readResults/0/lines/25/words/1"]},
        "confidence": 0.53}, {"key": {"text": "Company Name:", "boundingBox": [164,
        890, 373, 890, 373, 919, 164, 919], "elements": ["#/readResults/0/lines/26/words/0",
        "#/readResults/0/lines/26/words/1"]}, "value": {"text": "Jupiter Book Supply",
        "boundingBox": [379, 889, 629, 889, 629, 919, 379, 919], "elements": ["#/readResults/0/lines/27/words/0",
        "#/readResults/0/lines/27/words/1", "#/readResults/0/lines/27/words/2"]},
        "confidence": 0.53}, {"key": {"text": "Address:", "boundingBox": [166, 926,
        275, 926, 275, 953, 166, 953], "elements": ["#/readResults/0/lines/28/words/0"]},
        "value": {"text": "383 N Kinnick Road Seattle, WA 38383", "boundingBox": [280,
        926, 516, 926, 516, 991, 280, 991], "elements": ["#/readResults/0/lines/29/words/0",
        "#/readResults/0/lines/29/words/1", "#/readResults/0/lines/29/words/2", "#/readResults/0/lines/29/words/3",
        "#/readResults/0/lines/30/words/0", "#/readResults/0/lines/30/words/1", "#/readResults/0/lines/30/words/2"]},
        "confidence": 1.0}, {"key": {"text": "Phone:", "boundingBox": [760, 964, 849,
        964, 849, 990, 760, 990], "elements": ["#/readResults/0/lines/31/words/0"]},
        "value": {"text": "932-299-0292", "boundingBox": [854, 964, 1028, 964, 1028,
        990, 854, 990], "elements": ["#/readResults/0/lines/32/words/0"]}, "confidence":
        1.0}, {"key": {"text": "SUBTOTAL", "boundingBox": [1148, 1575, 1294, 1575,
        1294, 1600, 1148, 1600], "elements": ["#/readResults/0/lines/53/words/0"]},
        "value": {"text": "$140.00", "boundingBox": [1426, 1571, 1526, 1571, 1526,
        1599, 1426, 1599], "elements": ["#/readResults/0/lines/54/words/0"]}, "confidence":
        1.0}, {"key": {"text": "TAX", "boundingBox": [1237, 1618, 1290, 1618, 1290,
        1643, 1237, 1643], "elements": ["#/readResults/0/lines/55/words/0"]}, "value":
        {"text": "$4.00", "boundingBox": [1458, 1615, 1529, 1615, 1529, 1643, 1458,
        1643], "elements": ["#/readResults/0/lines/56/words/0"]}, "confidence": 1.0},
        {"key": {"text": "TOTAL", "boundingBox": [1204, 1674, 1293, 1674, 1293, 1699,
        1204, 1699], "elements": ["#/readResults/0/lines/58/words/0"]}, "value": {"text":
        "$144.00", "boundingBox": [1427, 1671, 1526, 1671, 1526, 1698, 1427, 1698],
        "elements": ["#/readResults/0/lines/59/words/0"]}, "confidence": 1.0}, {"key":
        {"text": "Additional Notes:", "boundingBox": [173, 1796, 479, 1796, 479, 1831,
        173, 1831], "elements": ["#/readResults/0/lines/62/words/0", "#/readResults/0/lines/62/words/1"]},
        "value": {"text": "Do not Jostle Box. Unpack carefully. Enjoy. Jupiter Book
        Supply will refund you 50% per book if returned within 60 days of reading
        and offer you 25% off you next total purchase.", "boundingBox": [169, 1880,
        1509, 1880, 1509, 1992, 169, 1992], "elements": ["#/readResults/0/lines/63/words/0",
        "#/readResults/0/lines/63/words/1", "#/readResults/0/lines/63/words/2", "#/readResults/0/lines/63/words/3",
        "#/readResults/0/lines/63/words/4", "#/readResults/0/lines/63/words/5", "#/readResults/0/lines/63/words/6",
        "#/readResults/0/lines/64/words/0", "#/readResults/0/lines/64/words/1", "#/readResults/0/lines/64/words/2",
        "#/readResults/0/lines/64/words/3", "#/readResults/0/lines/64/words/4", "#/readResults/0/lines/64/words/5",
        "#/readResults/0/lines/64/words/6", "#/readResults/0/lines/64/words/7", "#/readResults/0/lines/64/words/8",
        "#/readResults/0/lines/64/words/9", "#/readResults/0/lines/64/words/10", "#/readResults/0/lines/64/words/11",
        "#/readResults/0/lines/64/words/12", "#/readResults/0/lines/64/words/13",
        "#/readResults/0/lines/64/words/14", "#/readResults/0/lines/64/words/15",
        "#/readResults/0/lines/64/words/16", "#/readResults/0/lines/65/words/0", "#/readResults/0/lines/65/words/1",
        "#/readResults/0/lines/65/words/2", "#/readResults/0/lines/65/words/3", "#/readResults/0/lines/65/words/4",
        "#/readResults/0/lines/65/words/5", "#/readResults/0/lines/65/words/6", "#/readResults/0/lines/65/words/7"]},
        "confidence": 0.53}], "tables": [{"rows": 5, "columns": 4, "boundingBox":
        [170, 1047, 1527, 1047, 1527, 1252, 170, 1252], "cells": [{"text": "Details",
        "rowIndex": 0, "columnIndex": 0, "boundingBox": [447, 1048, 557, 1048, 557,
        1078, 447, 1078], "confidence": 1.0, "rowSpan": 1, "columnSpan": 1, "elements":
        ["#/readResults/0/lines/33/words/0"], "isHeader": true, "isFooter": false},
        {"text": "Quantity", "rowIndex": 0, "columnIndex": 1, "boundingBox": [886,
        1048, 1033, 1048, 1033, 1084, 886, 1084], "confidence": 1.0, "rowSpan": 1,
        "columnSpan": 1, "elements": ["#/readResults/0/lines/34/words/0"], "isHeader":
        true, "isFooter": false}, {"text": "Unit Price", "rowIndex": 0, "columnIndex":
        2, "boundingBox": [1111, 1047, 1266, 1047, 1266, 1078, 1111, 1078], "confidence":
        1.0, "rowSpan": 1, "columnSpan": 1, "elements": ["#/readResults/0/lines/35/words/0",
        "#/readResults/0/lines/35/words/1"], "isHeader": true, "isFooter": false},
        {"text": "Total", "rowIndex": 0, "columnIndex": 3, "boundingBox": [1382, 1047,
        1467, 1047, 1467, 1076, 1382, 1076], "confidence": 1.0, "rowSpan": 1, "columnSpan":
        1, "elements": ["#/readResults/0/lines/36/words/0"], "isHeader": true, "isFooter":
        false}, {"text": "Bindings", "rowIndex": 1, "columnIndex": 0, "boundingBox":
        [172, 1094, 280, 1094, 280, 1122, 172, 1122], "confidence": 1.0, "rowSpan":
        1, "columnSpan": 1, "elements": ["#/readResults/0/lines/37/words/0"], "isHeader":
        false, "isFooter": false}, {"text": "20", "rowIndex": 1, "columnIndex": 1,
        "boundingBox": [860, 1094, 888, 1094, 888, 1119, 860, 1119], "confidence":
        1.0, "rowSpan": 1, "columnSpan": 1, "elements": ["#/readResults/0/lines/38/words/0"],
        "isHeader": false, "isFooter": false}, {"text": "1.00", "rowIndex": 1, "columnIndex":
        2, "boundingBox": [1240, 1095, 1291, 1095, 1291, 1118, 1240, 1118], "confidence":
        1.0, "rowSpan": 1, "columnSpan": 1, "elements": ["#/readResults/0/lines/39/words/0"],
        "isHeader": false, "isFooter": false}, {"text": "20.00", "rowIndex": 1, "columnIndex":
        3, "boundingBox": [1459, 1096, 1527, 1096, 1527, 1119, 1459, 1119], "confidence":
        1.0, "rowSpan": 1, "columnSpan": 1, "elements": ["#/readResults/0/lines/40/words/0"],
        "isHeader": false, "isFooter": false}, {"text": "Covers Small", "rowIndex":
        2, "columnIndex": 0, "boundingBox": [170, 1136, 333, 1136, 333, 1161, 170,
        1161], "confidence": 1.0, "rowSpan": 1, "columnSpan": 1, "elements": ["#/readResults/0/lines/41/words/0",
        "#/readResults/0/lines/41/words/1"], "isHeader": false, "isFooter": false},
        {"text": "20", "rowIndex": 2, "columnIndex": 1, "boundingBox": [860, 1135,
        888, 1135, 888, 1160, 860, 1160], "confidence": 1.0, "rowSpan": 1, "columnSpan":
        1, "elements": ["#/readResults/0/lines/42/words/0"], "isHeader": false, "isFooter":
        false}, {"text": "1.00", "rowIndex": 2, "columnIndex": 2, "boundingBox": [1240,
        1135, 1291, 1135, 1291, 1160, 1240, 1160], "confidence": 1.0, "rowSpan": 1,
        "columnSpan": 1, "elements": ["#/readResults/0/lines/43/words/0"], "isHeader":
        false, "isFooter": false}, {"text": "20.00", "rowIndex": 2, "columnIndex":
        3, "boundingBox": [1459, 1135, 1527, 1135, 1527, 1160, 1459, 1160], "confidence":
        1.0, "rowSpan": 1, "columnSpan": 1, "elements": ["#/readResults/0/lines/44/words/0"],
        "isHeader": false, "isFooter": false}, {"text": "Feather Bookmark", "rowIndex":
        3, "columnIndex": 0, "boundingBox": [173, 1179, 399, 1179, 399, 1206, 173,
        1206], "confidence": 1.0, "rowSpan": 1, "columnSpan": 1, "elements": ["#/readResults/0/lines/45/words/0",
        "#/readResults/0/lines/45/words/1"], "isHeader": false, "isFooter": false},
        {"text": "20", "rowIndex": 3, "columnIndex": 1, "boundingBox": [861, 1179,
        889, 1179, 889, 1203, 861, 1203], "confidence": 1.0, "rowSpan": 1, "columnSpan":
        1, "elements": ["#/readResults/0/lines/46/words/0"], "isHeader": false, "isFooter":
        false}, {"text": "5.00", "rowIndex": 3, "columnIndex": 2, "boundingBox": [1240,
        1179, 1291, 1179, 1291, 1204, 1240, 1204], "confidence": 1.0, "rowSpan": 1,
        "columnSpan": 1, "elements": ["#/readResults/0/lines/47/words/0"], "isHeader":
        false, "isFooter": false}, {"text": "100.00", "rowIndex": 3, "columnIndex":
        3, "boundingBox": [1443, 1181, 1525, 1181, 1525, 1205, 1443, 1205], "confidence":
        1.0, "rowSpan": 1, "columnSpan": 1, "elements": ["#/readResults/0/lines/48/words/0"],
        "isHeader": false, "isFooter": false}, {"text": "Copper Swirl Marker", "rowIndex":
        4, "columnIndex": 0, "boundingBox": [170, 1222, 429, 1222, 429, 1252, 170,
        1252], "confidence": 1.0, "rowSpan": 1, "columnSpan": 1, "elements": ["#/readResults/0/lines/49/words/0",
        "#/readResults/0/lines/49/words/1", "#/readResults/0/lines/49/words/2"], "isHeader":
        false, "isFooter": false}, {"text": "20", "rowIndex": 4, "columnIndex": 1,
        "boundingBox": [861, 1223, 888, 1223, 888, 1247, 861, 1247], "confidence":
        1.0, "rowSpan": 1, "columnSpan": 1, "elements": ["#/readResults/0/lines/50/words/0"],
        "isHeader": false, "isFooter": false}, {"text": "5.00", "rowIndex": 4, "columnIndex":
        2, "boundingBox": [1240, 1221, 1292, 1221, 1292, 1247, 1240, 1247], "confidence":
        1.0, "rowSpan": 1, "columnSpan": 1, "elements": ["#/readResults/0/lines/51/words/0"],
        "isHeader": false, "isFooter": false}, {"text": "100.00", "rowIndex": 4, "columnIndex":
        3, "boundingBox": [1444, 1224, 1526, 1224, 1526, 1248, 1444, 1248], "confidence":
        1.0, "rowSpan": 1, "columnSpan": 1, "elements": ["#/readResults/0/lines/52/words/0"],
        "isHeader": false, "isFooter": false}]}], "clusterId": 0}], "documentResults":
        [], "errors": []}}'
    headers:
      apim-request-id:
      - 2b2dae7c-d46f-4caf-986c-3487e16b6a2d
      content-length:
      - '33020'
      content-type:
      - application/json; charset=utf-8
      date:
      - Fri, 19 Mar 2021 19:37:29 GMT
      strict-transport-security:
      - max-age=31536000; includeSubDomains; preload
      x-content-type-options:
      - nosniff
      x-envoy-upstream-service-time:
      - '61'
    status:
      code: 200
      message: OK
version: 1
