{
  "Entries": [
    {
      "RequestUri": "https://fakeendpoint.cognitiveservices.azure.com/formrecognizer/v2.1/custom/models",
      "RequestMethod": "POST",
      "RequestHeaders": {
        "Accept": "application/json",
        "Accept-Encoding": "gzip, deflate",
        "Connection": "keep-alive",
        "Content-Length": "131",
        "Content-Type": "application/json",
        "User-Agent": "azsdk-python-ai-formrecognizer/3.2.0b6 Python/3.8.5 (Windows-10-10.0.19041-SP0)"
      },
      "RequestBody": {
        "source": "https://blob_sas_url",
        "sourceFilter": {
          "prefix": "",
          "includeSubFolders": false
        },
        "useLabelFile": false,
        "modelName": "mymodel"
      },
      "StatusCode": 201,
      "ResponseHeaders": {
        "apim-request-id": "d6257936-e85e-45b8-bd70-fbaa91d6fae7",
        "Content-Length": "0",
        "Date": "Fri, 24 Jun 2022 01:27:43 GMT",
        "Location": "https://fakeendpoint.cognitiveservices.azure.com/formrecognizer/v2.1/custom/models/2636496b-5408-47f4-9e6a-ea2a0e62abcf",
        "Strict-Transport-Security": "max-age=31536000; includeSubDomains; preload",
        "X-Content-Type-Options": "nosniff",
        "x-envoy-upstream-service-time": "328"
      },
      "ResponseBody": null
    },
    {
      "RequestUri": "https://fakeendpoint.cognitiveservices.azure.com/formrecognizer/v2.1/custom/models/2636496b-5408-47f4-9e6a-ea2a0e62abcf?includeKeys=true",
      "RequestMethod": "GET",
      "RequestHeaders": {
        "Accept": "*/*",
        "Accept-Encoding": "gzip, deflate",
        "Connection": "keep-alive",
        "User-Agent": "azsdk-python-ai-formrecognizer/3.2.0b6 Python/3.8.5 (Windows-10-10.0.19041-SP0)"
      },
      "RequestBody": null,
      "StatusCode": 200,
      "ResponseHeaders": {
        "apim-request-id": "c8d6e67d-98e2-4d04-8c12-a1b7ff04f9ad",
        "Content-Length": "192",
        "Content-Type": "application/json; charset=utf-8",
        "Date": "Fri, 24 Jun 2022 01:27:48 GMT",
        "Strict-Transport-Security": "max-age=31536000; includeSubDomains; preload",
        "X-Content-Type-Options": "nosniff",
        "x-envoy-upstream-service-time": "64"
      },
      "ResponseBody": {
        "modelInfo": {
          "modelId": "2636496b-5408-47f4-9e6a-ea2a0e62abcf",
          "modelName": "mymodel",
          "status": "creating",
          "createdDateTime": "2022-06-24T01:27:43Z",
          "lastUpdatedDateTime": "2022-06-24T01:27:43Z"
        }
      }
    },
    {
      "RequestUri": "https://fakeendpoint.cognitiveservices.azure.com/formrecognizer/v2.1/custom/models/2636496b-5408-47f4-9e6a-ea2a0e62abcf?includeKeys=true",
      "RequestMethod": "GET",
      "RequestHeaders": {
        "Accept": "*/*",
        "Accept-Encoding": "gzip, deflate",
        "Connection": "keep-alive",
        "User-Agent": "azsdk-python-ai-formrecognizer/3.2.0b6 Python/3.8.5 (Windows-10-10.0.19041-SP0)"
      },
      "RequestBody": null,
      "StatusCode": 200,
      "ResponseHeaders": {
        "apim-request-id": "08e96b60-9ebc-4566-bdf9-67c1bb2ab7b2",
        "Content-Length": "192",
        "Content-Type": "application/json; charset=utf-8",
        "Date": "Fri, 24 Jun 2022 01:27:53 GMT",
        "Strict-Transport-Security": "max-age=31536000; includeSubDomains; preload",
        "X-Content-Type-Options": "nosniff",
        "x-envoy-upstream-service-time": "18"
      },
      "ResponseBody": {
        "modelInfo": {
          "modelId": "2636496b-5408-47f4-9e6a-ea2a0e62abcf",
          "modelName": "mymodel",
          "status": "creating",
          "createdDateTime": "2022-06-24T01:27:43Z",
          "lastUpdatedDateTime": "2022-06-24T01:27:43Z"
        }
      }
    },
    {
      "RequestUri": "https://fakeendpoint.cognitiveservices.azure.com/formrecognizer/v2.1/custom/models/2636496b-5408-47f4-9e6a-ea2a0e62abcf?includeKeys=true",
      "RequestMethod": "GET",
      "RequestHeaders": {
        "Accept": "*/*",
        "Accept-Encoding": "gzip, deflate",
        "Connection": "keep-alive",
        "User-Agent": "azsdk-python-ai-formrecognizer/3.2.0b6 Python/3.8.5 (Windows-10-10.0.19041-SP0)"
      },
      "RequestBody": null,
      "StatusCode": 200,
      "ResponseHeaders": {
        "apim-request-id": "17686ec4-7c80-43cc-9f42-280b73bf7369",
        "Content-Length": "934",
        "Content-Type": "application/json; charset=utf-8",
        "Date": "Fri, 24 Jun 2022 01:27:59 GMT",
        "Strict-Transport-Security": "max-age=31536000; includeSubDomains; preload",
        "X-Content-Type-Options": "nosniff",
        "x-envoy-upstream-service-time": "101"
      },
      "ResponseBody": {
        "modelInfo": {
          "modelId": "2636496b-5408-47f4-9e6a-ea2a0e62abcf",
          "modelName": "mymodel",
          "status": "ready",
          "createdDateTime": "2022-06-24T01:27:43Z",
          "lastUpdatedDateTime": "2022-06-24T01:27:55Z"
        },
        "keys": {
          "clusters": {
            "0": [
              "Additional Notes:",
              "Address:",
              "Company Name:",
              "Company Phone:",
              "Dated As:",
              "Details",
              "Email:",
              "Hero Limited",
              "Name:",
              "Phone:",
              "Purchase Order",
              "Purchase Order #:",
              "Quantity",
              "SUBTOTAL",
              "Seattle, WA 93849 Phone:",
              "Shipped From",
              "Shipped To",
              "TAX",
              "TOTAL",
              "Total",
              "Unit Price",
              "Vendor Name:",
              "Website:"
            ]
          }
        },
        "trainResult": {
          "trainingDocuments": [
            {
              "documentName": "Form_1.jpg",
              "pages": 1,
              "errors": [],
              "status": "succeeded"
            },
            {
              "documentName": "Form_2.jpg",
              "pages": 1,
              "errors": [],
              "status": "succeeded"
            },
            {
              "documentName": "Form_3.jpg",
              "pages": 1,
              "errors": [],
              "status": "succeeded"
            },
            {
              "documentName": "Form_4.jpg",
              "pages": 1,
              "errors": [],
              "status": "succeeded"
            },
            {
              "documentName": "Form_5.jpg",
              "pages": 1,
              "errors": [],
              "status": "succeeded"
            }
          ],
          "errors": []
        }
      }
    },
    {
      "RequestUri": "https://fakeendpoint.cognitiveservices.azure.com/formrecognizer/v2.1/custom/models/copyAuthorization",
      "RequestMethod": "POST",
      "RequestHeaders": {
        "Accept": "application/json",
        "Accept-Encoding": "gzip, deflate",
        "Connection": "keep-alive",
        "Content-Length": "0",
        "User-Agent": "azsdk-python-ai-formrecognizer/3.2.0b6 Python/3.8.5 (Windows-10-10.0.19041-SP0)"
      },
      "RequestBody": null,
      "StatusCode": 201,
      "ResponseHeaders": {
        "apim-request-id": "281f4868-9f9e-4692-aa44-e703106543f7",
        "Content-Length": "112",
        "Content-Type": "application/json; charset=utf-8",
        "Date": "Fri, 24 Jun 2022 01:27:59 GMT",
        "Location": "https://fakeendpoint.cognitiveservices.azure.com/formrecognizer/v2.1/custom/models/3aeb33d4-f169-43ae-822f-df69de7ecb73",
        "Strict-Transport-Security": "max-age=31536000; includeSubDomains; preload",
        "X-Content-Type-Options": "nosniff",
        "x-envoy-upstream-service-time": "85"
      },
      "ResponseBody": {
        "modelId": "3aeb33d4-f169-43ae-822f-df69de7ecb73",
        "accessToken": "redacted",
        "expirationDateTimeTicks": 1656120479
      }
    },
    {
      "RequestUri": "https://fakeendpoint.cognitiveservices.azure.com/formrecognizer/v2.1/custom/models/2636496b-5408-47f4-9e6a-ea2a0e62abcf/copy",
      "RequestMethod": "POST",
      "RequestHeaders": {
        "Accept": "application/json",
        "Accept-Encoding": "gzip, deflate",
        "Connection": "keep-alive",
        "Content-Length": "208",
        "Content-Type": "application/json",
        "User-Agent": "azsdk-python-ai-formrecognizer/3.2.0b6 Python/3.8.5 (Windows-10-10.0.19041-SP0)"
      },
      "RequestBody": {
        "targetResourceId": "/path/to/resource/id",
        "targetResourceRegion": "region",
        "copyAuthorization": {
          "modelId": "3aeb33d4-f169-43ae-822f-df69de7ecb73",
          "accessToken": "redacted",
          "expirationDateTimeTicks": 1656120479
        }
      },
      "StatusCode": 429,
      "ResponseHeaders": {
        "apim-request-id": "fa28fd6b-c2e8-4948-8203-f9a68850931c",
        "Content-Length": "348",
        "Content-Type": "application/json",
        "Date": "Fri, 24 Jun 2022 01:27:59 GMT",
        "policy-id": "ResourceRateLimitBy60s",
        "Retry-After": "33",
        "Strict-Transport-Security": "max-age=31536000; includeSubDomains; preload",
        "X-Content-Type-Options": "nosniff"
      },
      "ResponseBody": {
        "error": {
          "code": "429",
          "message": "Requests to the Custom Form Model Management - Copy Custom Model Operation under Form Recognizer API (v2.1) have exceeded rate limit of your current FormRecognizer S0 pricing tier. Please retry after 33 seconds. Please contact Azure support service if you would like to further increase the default rate limit."
        }
      }
    },
    {
      "RequestUri": "https://fakeendpoint.cognitiveservices.azure.com/formrecognizer/v2.1/custom/models/2636496b-5408-47f4-9e6a-ea2a0e62abcf/copy",
      "RequestMethod": "POST",
      "RequestHeaders": {
        "Accept": "application/json",
        "Accept-Encoding": "gzip, deflate",
        "Connection": "keep-alive",
        "Content-Length": "208",
        "Content-Type": "application/json",
        "User-Agent": "azsdk-python-ai-formrecognizer/3.2.0b6 Python/3.8.5 (Windows-10-10.0.19041-SP0)"
      },
      "RequestBody": {
        "targetResourceId": "/path/to/resource/id",
        "targetResourceRegion": "region",
        "copyAuthorization": {
          "modelId": "3aeb33d4-f169-43ae-822f-df69de7ecb73",
          "accessToken": "redacted",
          "expirationDateTimeTicks": 1656120479
        }
      },
      "StatusCode": 202,
      "ResponseHeaders": {
        "apim-request-id": "0938c69a-6e7c-419c-85d5-332b9545437c",
        "Content-Length": "0",
        "Date": "Fri, 24 Jun 2022 01:28:31 GMT",
        "Operation-Location": "https://fakeendpoint.cognitiveservices.azure.com/formrecognizer/v2.1/custom/models/2636496b-5408-47f4-9e6a-ea2a0e62abcf/copyresults/936a2955-1674-441a-8f9d-b90da153170e",
        "Strict-Transport-Security": "max-age=31536000; includeSubDomains; preload",
        "X-Content-Type-Options": "nosniff",
        "x-envoy-upstream-service-time": "168"
      },
      "ResponseBody": null
    },
    {
      "RequestUri": "https://fakeendpoint.cognitiveservices.azure.com/formrecognizer/v2.1/custom/models/2636496b-5408-47f4-9e6a-ea2a0e62abcf/copyresults/936a2955-1674-441a-8f9d-b90da153170e",
      "RequestMethod": "GET",
      "RequestHeaders": {
        "Accept": "*/*",
        "Accept-Encoding": "gzip, deflate",
        "Connection": "keep-alive",
        "User-Agent": "azsdk-python-ai-formrecognizer/3.2.0b6 Python/3.8.5 (Windows-10-10.0.19041-SP0)"
      },
      "RequestBody": null,
      "StatusCode": 200,
      "ResponseHeaders": {
        "apim-request-id": "3358f69d-bb7b-4026-b062-ed9889eb982e",
        "Content-Length": "173",
        "Content-Type": "application/json; charset=utf-8",
        "Date": "Fri, 24 Jun 2022 01:28:37 GMT",
        "Strict-Transport-Security": "max-age=31536000; includeSubDomains; preload",
        "X-Content-Type-Options": "nosniff",
        "x-envoy-upstream-service-time": "18"
      },
      "ResponseBody": {
        "status": "notStarted",
        "createdDateTime": "2022-06-24T01:28:32Z",
        "lastUpdatedDateTime": "2022-06-24T01:28:32Z",
        "copyResult": {
          "modelId": "3aeb33d4-f169-43ae-822f-df69de7ecb73"
        }
      }
    },
    {
      "RequestUri": "https://fakeendpoint.cognitiveservices.azure.com/formrecognizer/v2.1/custom/models/2636496b-5408-47f4-9e6a-ea2a0e62abcf/copyresults/936a2955-1674-441a-8f9d-b90da153170e",
      "RequestMethod": "GET",
      "RequestHeaders": {
        "Accept": "*/*",
        "Accept-Encoding": "gzip, deflate",
        "Connection": "keep-alive",
        "User-Agent": "azsdk-python-ai-formrecognizer/3.2.0b6 Python/3.8.5 (Windows-10-10.0.19041-SP0)"
      },
      "RequestBody": null,
      "StatusCode": 200,
      "ResponseHeaders": {
        "apim-request-id": "8d806324-6513-4a69-8406-9d7a1bacdbf1",
        "Content-Length": "187",
        "Content-Type": "application/json; charset=utf-8",
        "Date": "Fri, 24 Jun 2022 01:28:42 GMT",
        "Strict-Transport-Security": "max-age=31536000; includeSubDomains; preload",
        "X-Content-Type-Options": "nosniff",
        "x-envoy-upstream-service-time": "19"
      },
      "ResponseBody": {
        "status": "succeeded",
        "createdDateTime": "2022-06-24T01:28:38.7270716Z",
        "lastUpdatedDateTime": "2022-06-24T01:28:38.727075Z",
        "copyResult": {
          "modelId": "3aeb33d4-f169-43ae-822f-df69de7ecb73"
        }
      }
    },
    {
      "RequestUri": "https://fakeendpoint.cognitiveservices.azure.com/formrecognizer/v2.1/custom/models/3aeb33d4-f169-43ae-822f-df69de7ecb73?includeKeys=true",
      "RequestMethod": "GET",
      "RequestHeaders": {
        "Accept": "application/json",
        "Accept-Encoding": "gzip, deflate",
        "Connection": "keep-alive",
        "User-Agent": "azsdk-python-ai-formrecognizer/3.2.0b6 Python/3.8.5 (Windows-10-10.0.19041-SP0)"
      },
      "RequestBody": null,
      "StatusCode": 200,
      "ResponseHeaders": {
        "apim-request-id": "3f1ee8fd-33c8-4e58-befb-763d9dc74d0f",
        "Content-Length": "934",
        "Content-Type": "application/json; charset=utf-8",
        "Date": "Fri, 24 Jun 2022 01:28:42 GMT",
        "Strict-Transport-Security": "max-age=31536000; includeSubDomains; preload",
        "X-Content-Type-Options": "nosniff",
        "x-envoy-upstream-service-time": "110"
      },
      "ResponseBody": {
        "modelInfo": {
          "modelId": "3aeb33d4-f169-43ae-822f-df69de7ecb73",
          "modelName": "mymodel",
          "status": "ready",
          "createdDateTime": "2022-06-24T01:27:43Z",
          "lastUpdatedDateTime": "2022-06-24T01:27:55Z"
        },
        "keys": {
          "clusters": {
            "0": [
              "Additional Notes:",
              "Address:",
              "Company Name:",
              "Company Phone:",
              "Dated As:",
              "Details",
              "Email:",
              "Hero Limited",
              "Name:",
              "Phone:",
              "Purchase Order",
              "Purchase Order #:",
              "Quantity",
              "SUBTOTAL",
              "Seattle, WA 93849 Phone:",
              "Shipped From",
              "Shipped To",
              "TAX",
              "TOTAL",
              "Total",
              "Unit Price",
              "Vendor Name:",
              "Website:"
            ]
          }
        },
        "trainResult": {
          "trainingDocuments": [
            {
              "documentName": "Form_1.jpg",
              "pages": 1,
              "errors": [],
              "status": "succeeded"
            },
            {
              "documentName": "Form_2.jpg",
              "pages": 1,
              "errors": [],
              "status": "succeeded"
            },
            {
              "documentName": "Form_3.jpg",
              "pages": 1,
              "errors": [],
              "status": "succeeded"
            },
            {
              "documentName": "Form_4.jpg",
              "pages": 1,
              "errors": [],
              "status": "succeeded"
            },
            {
              "documentName": "Form_5.jpg",
              "pages": 1,
              "errors": [],
              "status": "succeeded"
            }
          ],
          "errors": []
        }
      }
    }
  ],
  "Variables": {}
}
