interactions:
- request:
    body: 'b''{"source": "containersasurl", "sourceFilter": {"prefix": "", "includeSubFolders":
      false}, "useLabelFile": false}'''
    headers:
      Accept:
      - application/json
      Accept-Encoding:
      - gzip, deflate
      Connection:
      - keep-alive
      Content-Length:
      - '288'
      Content-Type:
      - application/json
      User-Agent:
      - azsdk-python-ai-formrecognizer/3.1.0b1 Python/3.9.0 (Windows-10-10.0.19041-SP0)
    method: POST
    uri: https://centraluseuap.api.cognitive.microsoft.com/formrecognizer/v2.1-preview.2/custom/models
  response:
    body:
      string: ''
    headers:
      apim-request-id:
      - 06baddde-cd03-4aad-9acc-8a67bd0443fd
      content-length:
      - '0'
      date:
      - Fri, 30 Oct 2020 00:24:11 GMT
      location:
      - https://centraluseuap.api.cognitive.microsoft.com/formrecognizer/v2.1-preview.1/custom/models/7d43e16d-ca74-4066-abde-f8fcc8e89790
      strict-transport-security:
      - max-age=31536000; includeSubDomains; preload
      x-content-type-options:
      - nosniff
      x-envoy-upstream-service-time:
      - '42'
    status:
      code: 201
      message: Created
- request:
    body: null
    headers:
      Accept:
      - '*/*'
      Accept-Encoding:
      - gzip, deflate
      Connection:
      - keep-alive
      User-Agent:
      - azsdk-python-ai-formrecognizer/3.1.0b1 Python/3.9.0 (Windows-10-10.0.19041-SP0)
    method: GET
    uri: https://centraluseuap.api.cognitive.microsoft.com/formrecognizer/v2.1-preview.1/custom/models/7d43e16d-ca74-4066-abde-f8fcc8e89790?includeKeys=true
  response:
    body:
      string: '{"modelInfo": {"modelId": "7d43e16d-ca74-4066-abde-f8fcc8e89790", "status":
        "creating", "createdDateTime": "2020-10-30T00:24:11Z", "lastUpdatedDateTime":
        "2020-10-30T00:24:11Z"}}'
    headers:
      apim-request-id:
      - e3df5bfe-fa63-4550-857d-7dc2bed76894
      content-type:
      - application/json; charset=utf-8
      date:
      - Fri, 30 Oct 2020 00:24:16 GMT
      strict-transport-security:
      - max-age=31536000; includeSubDomains; preload
      transfer-encoding:
      - chunked
      x-content-type-options:
      - nosniff
      x-envoy-upstream-service-time:
      - '18'
    status:
      code: 200
      message: OK
- request:
    body: null
    headers:
      Accept:
      - '*/*'
      Accept-Encoding:
      - gzip, deflate
      Connection:
      - keep-alive
      User-Agent:
      - azsdk-python-ai-formrecognizer/3.1.0b1 Python/3.9.0 (Windows-10-10.0.19041-SP0)
    method: GET
    uri: https://centraluseuap.api.cognitive.microsoft.com/formrecognizer/v2.1-preview.1/custom/models/7d43e16d-ca74-4066-abde-f8fcc8e89790?includeKeys=true
  response:
    body:
      string: '{"modelInfo": {"modelId": "7d43e16d-ca74-4066-abde-f8fcc8e89790", "status":
        "creating", "createdDateTime": "2020-10-30T00:24:11Z", "lastUpdatedDateTime":
        "2020-10-30T00:24:11Z"}}'
    headers:
      apim-request-id:
      - 89c1a00f-b1b6-430d-b4af-d61cb12fe41f
      content-type:
      - application/json; charset=utf-8
      date:
      - Fri, 30 Oct 2020 00:24:21 GMT
      strict-transport-security:
      - max-age=31536000; includeSubDomains; preload
      transfer-encoding:
      - chunked
      x-content-type-options:
      - nosniff
      x-envoy-upstream-service-time:
      - '17'
    status:
      code: 200
      message: OK
- request:
    body: null
    headers:
      Accept:
      - '*/*'
      Accept-Encoding:
      - gzip, deflate
      Connection:
      - keep-alive
      User-Agent:
      - azsdk-python-ai-formrecognizer/3.1.0b1 Python/3.9.0 (Windows-10-10.0.19041-SP0)
    method: GET
    uri: https://centraluseuap.api.cognitive.microsoft.com/formrecognizer/v2.1-preview.1/custom/models/7d43e16d-ca74-4066-abde-f8fcc8e89790?includeKeys=true
  response:
    body:
      string: '{"modelInfo": {"modelId": "7d43e16d-ca74-4066-abde-f8fcc8e89790", "status":
        "ready", "createdDateTime": "2020-10-30T00:24:11Z", "lastUpdatedDateTime":
        "2020-10-30T00:24:24Z"}, "keys": {"clusters": {"0": ["Additional Notes:",
        "Address:", "Company Name:", "Company Phone:", "Dated As:", "Details", "Email:",
        "Ft Lauderdale, FL Phone:", "Hero Limited", "Name:", "Phone:", "Purchase Order",
        "Purchase Order #:", "Quantity", "SUBTOTAL", "Seattle, WA 93849 Phone:", "Shipped
        From", "Shipped To", "TAX", "TOTAL", "Total", "Unit Price", "Vendor Name:",
        "Website:"]}}, "trainResult": {"trainingDocuments": [{"documentName": "Form_1.jpg",
        "pages": 1, "errors": [], "status": "succeeded"}, {"documentName": "Form_2.jpg",
        "pages": 1, "errors": [], "status": "succeeded"}, {"documentName": "Form_3.jpg",
        "pages": 1, "errors": [], "status": "succeeded"}, {"documentName": "Form_4.jpg",
        "pages": 1, "errors": [], "status": "succeeded"}, {"documentName": "Form_5.jpg",
        "pages": 1, "errors": [], "status": "succeeded"}], "errors": []}}'
    headers:
      apim-request-id:
      - 1fb2965f-0351-4f08-8b7a-61c4eaa0340d
      content-type:
      - application/json; charset=utf-8
      date:
      - Fri, 30 Oct 2020 00:24:26 GMT
      strict-transport-security:
      - max-age=31536000; includeSubDomains; preload
      transfer-encoding:
      - chunked
      x-content-type-options:
      - nosniff
      x-envoy-upstream-service-time:
      - '16'
    status:
      code: 200
      message: OK
- request:
    body: null
    headers:
      Accept:
      - application/json
      Accept-Encoding:
      - gzip, deflate
      Connection:
      - keep-alive
      Content-Length:
      - '0'
      User-Agent:
      - azsdk-python-ai-formrecognizer/3.1.0b1 Python/3.9.0 (Windows-10-10.0.19041-SP0)
    method: POST
    uri: https://centraluseuap.api.cognitive.microsoft.com/formrecognizer/v2.1-preview.2/custom/models/copyAuthorization
  response:
    body:
      string: '{"modelId": "5afd32a5-da94-439e-9ec4-7ce1b7e445cb", "accessToken":
        "redacted", "expirationDateTimeTicks": 1604103867}'
    headers:
      apim-request-id:
      - a26e3fb5-4ab5-4e48-b6a1-10369dc961a4
      content-type:
      - application/json; charset=utf-8
      date:
      - Fri, 30 Oct 2020 00:24:27 GMT
      location:
      - https://centraluseuap.api.cognitive.microsoft.com/formrecognizer/v2.1-preview.1/custom/models/5afd32a5-da94-439e-9ec4-7ce1b7e445cb
      strict-transport-security:
      - max-age=31536000; includeSubDomains; preload
      transfer-encoding:
      - chunked
      x-content-type-options:
      - nosniff
      x-envoy-upstream-service-time:
      - '26'
    status:
      code: 201
      message: Created
- request:
    body: 'b''{"targetResourceId": "resource_id", "targetResourceRegion": "eastus",
      "copyAuthorization": {"modelId": "5afd32a5-da94-439e-9ec4-7ce1b7e445cb", "accessToken":
      00000000-0000-0000-0000-000000000000, "expirationDateTimeTicks": 1604103867}}'''
    headers:
      Accept:
      - application/json
      Accept-Encoding:
      - gzip, deflate
      Connection:
      - keep-alive
      Content-Length:
      - '440'
      Content-Type:
      - application/json
      User-Agent:
      - azsdk-python-ai-formrecognizer/3.1.0b1 Python/3.9.0 (Windows-10-10.0.19041-SP0)
    method: POST
    uri: https://centraluseuap.api.cognitive.microsoft.com/formrecognizer/v2.1-preview.2/custom/models/7d43e16d-ca74-4066-abde-f8fcc8e89790/copy
  response:
    body:
      string: ''
    headers:
      apim-request-id:
      - 210f8468-1e94-4436-a8a6-98335f27a9e4
      content-length:
      - '0'
      date:
      - Fri, 30 Oct 2020 00:24:27 GMT
      operation-location:
      - https://centraluseuap.api.cognitive.microsoft.com/formrecognizer/v2.1-preview.1/custom/models/7d43e16d-ca74-4066-abde-f8fcc8e89790/copyresults/621fa5e5-66f0-49f2-902b-f62357329ba8
      strict-transport-security:
      - max-age=31536000; includeSubDomains; preload
      x-content-type-options:
      - nosniff
      x-envoy-upstream-service-time:
      - '33'
    status:
      code: 202
      message: Accepted
- request:
    body: null
    headers:
      Accept:
      - '*/*'
      Accept-Encoding:
      - gzip, deflate
      Connection:
      - keep-alive
      User-Agent:
      - azsdk-python-ai-formrecognizer/3.1.0b1 Python/3.9.0 (Windows-10-10.0.19041-SP0)
    method: GET
    uri: https://centraluseuap.api.cognitive.microsoft.com/formrecognizer/v2.1-preview.1/custom/models/7d43e16d-ca74-4066-abde-f8fcc8e89790/copyresults/621fa5e5-66f0-49f2-902b-f62357329ba8
  response:
    body:
      string: '{"status": "notStarted", "createdDateTime": "2020-10-30T00:24:27Z",
        "lastUpdatedDateTime": "2020-10-30T00:24:27Z", "copyResult": {"modelId": "5afd32a5-da94-439e-9ec4-7ce1b7e445cb"}}'
    headers:
      apim-request-id:
      - 4b8ad246-5300-4ee8-bc06-efa0a9d2f654
      content-type:
      - application/json; charset=utf-8
      date:
      - Fri, 30 Oct 2020 00:24:32 GMT
      strict-transport-security:
      - max-age=31536000; includeSubDomains; preload
      transfer-encoding:
      - chunked
      x-content-type-options:
      - nosniff
      x-envoy-upstream-service-time:
      - '13'
    status:
      code: 200
      message: OK
- request:
    body: null
    headers:
      Accept:
      - '*/*'
      Accept-Encoding:
      - gzip, deflate
      Connection:
      - keep-alive
      User-Agent:
      - azsdk-python-ai-formrecognizer/3.1.0b1 Python/3.9.0 (Windows-10-10.0.19041-SP0)
    method: GET
    uri: https://centraluseuap.api.cognitive.microsoft.com/formrecognizer/v2.1-preview.1/custom/models/7d43e16d-ca74-4066-abde-f8fcc8e89790/copyresults/621fa5e5-66f0-49f2-902b-f62357329ba8
  response:
    body:
      string: '{"status": "notStarted", "createdDateTime": "2020-10-30T00:24:27Z",
        "lastUpdatedDateTime": "2020-10-30T00:24:27Z", "copyResult": {"modelId": "5afd32a5-da94-439e-9ec4-7ce1b7e445cb"}}'
    headers:
      apim-request-id:
      - 254fbdde-6d39-42e4-967e-d146f9661c14
      content-type:
      - application/json; charset=utf-8
      date:
      - Fri, 30 Oct 2020 00:24:37 GMT
      strict-transport-security:
      - max-age=31536000; includeSubDomains; preload
      transfer-encoding:
      - chunked
      x-content-type-options:
      - nosniff
      x-envoy-upstream-service-time:
      - '13'
    status:
      code: 200
      message: OK
- request:
    body: null
    headers:
      Accept:
      - '*/*'
      Accept-Encoding:
      - gzip, deflate
      Connection:
      - keep-alive
      User-Agent:
      - azsdk-python-ai-formrecognizer/3.1.0b1 Python/3.9.0 (Windows-10-10.0.19041-SP0)
    method: GET
    uri: https://centraluseuap.api.cognitive.microsoft.com/formrecognizer/v2.1-preview.1/custom/models/7d43e16d-ca74-4066-abde-f8fcc8e89790/copyresults/621fa5e5-66f0-49f2-902b-f62357329ba8
  response:
    body:
      string: '{"status": "failed", "createdDateTime": "2020-10-30T00:24:38.1567288Z",
        "lastUpdatedDateTime": "2020-10-30T00:24:38.1567292Z", "copyResult": {"modelId":
        "5afd32a5-da94-439e-9ec4-7ce1b7e445cb", "errors": [{"code": "AuthorizationError",
        "message": "Could not retrieve authorization metadata. If this issue persists
        use a different target model to copy into."}]}}'
    headers:
      apim-request-id:
      - ed8f736a-0602-4d35-99ef-48e397007e7c
      content-type:
      - application/json; charset=utf-8
      date:
      - Fri, 30 Oct 2020 00:24:42 GMT
      strict-transport-security:
      - max-age=31536000; includeSubDomains; preload
      transfer-encoding:
      - chunked
      x-content-type-options:
      - nosniff
      x-envoy-upstream-service-time:
      - '13'
      x-ms-cs-error-code:
      - AuthorizationError
    status:
      code: 200
      message: OK
version: 1
