{
  "Entries": [
    {
      "RequestUri": "https://fakeendpoint.cognitiveservices.azure.com/formrecognizer/documentModels:build?api-version=2022-06-30-preview",
      "RequestMethod": "POST",
      "RequestHeaders": {
        "Accept": "application/json",
        "Accept-Encoding": "gzip, deflate",
        "Content-Length": "131",
        "Content-Type": "application/json",
        "User-Agent": "azsdk-python-ai-formrecognizer/3.2.0b6 Python/3.8.5 (Windows-10-10.0.19041-SP0)"
      },
      "RequestBody": {
        "modelId": "a04d9b5b-938a-4332-9c7c-29e4892b0c30",
        "buildMode": "template",
        "azureBlobSource": {
          "containerUrl": "https://blob_sas_url"
        }
      },
      "StatusCode": 202,
      "ResponseHeaders": {
        "apim-request-id": "a59a954d-5458-4b97-8e6c-e6ac5caa3131",
        "Content-Length": "0",
        "Date": "Tue, 21 Jun 2022 01:32:51 GMT",
        "operation-location": "https://fakeendpoint.cognitiveservices.azure.com/formrecognizer/operations/31510592830_a59a954d-5458-4b97-8e6c-e6ac5caa3131?api-version=2022-06-30-preview",
        "Strict-Transport-Security": "max-age=31536000; includeSubDomains; preload",
        "X-Content-Type-Options": "nosniff",
        "x-envoy-upstream-service-time": "1710"
      },
      "ResponseBody": null
    },
    {
      "RequestUri": "https://fakeendpoint.cognitiveservices.azure.com/formrecognizer/operations/31510592830_a59a954d-5458-4b97-8e6c-e6ac5caa3131?api-version=2022-06-30-preview",
      "RequestMethod": "GET",
      "RequestHeaders": {
        "Accept": "*/*",
        "Accept-Encoding": "gzip, deflate",
        "User-Agent": "azsdk-python-ai-formrecognizer/3.2.0b6 Python/3.8.5 (Windows-10-10.0.19041-SP0)"
      },
      "RequestBody": null,
      "StatusCode": 200,
      "ResponseHeaders": {
        "apim-request-id": "07aef2a7-357c-4ec5-abbd-28298624bae3",
        "Content-Type": "application/json; charset=utf-8",
        "Date": "Tue, 21 Jun 2022 01:32:56 GMT",
        "Strict-Transport-Security": "max-age=31536000; includeSubDomains; preload",
        "Transfer-Encoding": "chunked",
        "X-Content-Type-Options": "nosniff",
        "x-envoy-upstream-service-time": "16"
      },
      "ResponseBody": {
        "operationId": "31510592830_a59a954d-5458-4b97-8e6c-e6ac5caa3131",
        "kind": "documentModelBuild",
        "status": "succeeded",
        "createdDateTime": "2022-06-21T01:32:49Z",
        "lastUpdatedDateTime": "2022-06-21T01:32:53Z",
        "resourceLocation": "https://fakeendpoint.cognitiveservices.azure.com/formrecognizer/documentModels/a04d9b5b-938a-4332-9c7c-29e4892b0c30?api-version=2022-06-30-preview",
        "percentCompleted": 100,
        "result": {
          "docTypes": {
            "a04d9b5b-938a-4332-9c7c-29e4892b0c30": {
              "fieldSchema": {
                "Merchant": {
                  "type": "string"
                },
                "PhoneNumber": {
                  "type": "string"
                },
                "Website": {
                  "type": "string"
                },
                "Email": {
                  "type": "string"
                },
                "PurchaseOrderNumber": {
                  "type": "string"
                },
                "DatedAs": {
                  "type": "string"
                },
                "VendorName": {
                  "type": "string"
                },
                "CompanyName": {
                  "type": "string"
                },
                "CompanyAddress": {
                  "type": "string"
                },
                "CompanyPhoneNumber": {
                  "type": "string"
                },
                "Subtotal": {
                  "type": "string"
                },
                "Tax": {
                  "type": "string"
                },
                "Total": {
                  "type": "string"
                },
                "Signature": {
                  "type": "string"
                },
                "Quantity": {
                  "type": "number"
                },
                "FullSignature": {
                  "type": "signature"
                }
              },
              "buildMode": "template",
              "fieldConfidence": {
                "CompanyAddress": 0.8,
                "CompanyName": 0.995,
                "CompanyPhoneNumber": 0.995,
                "DatedAs": 0.995,
                "Email": 0.8,
                "FullSignature": 0.6,
                "Merchant": 0.995,
                "PhoneNumber": 0.995,
                "PurchaseOrderNumber": 0.995,
                "Quantity": 0.995,
                "Signature": 0.995,
                "Subtotal": 0.995,
                "Tax": 0.995,
                "Total": 0.995,
                "VendorName": 0.995,
                "Website": 0.995
              }
            }
          },
          "modelId": "a04d9b5b-938a-4332-9c7c-29e4892b0c30",
          "createdDateTime": "2022-06-21T01:32:53Z",
          "apiVersion": "2022-06-30-preview"
        }
      }
    },
    {
      "RequestUri": "https://fakeendpoint.cognitiveservices.azure.com/formrecognizer/documentModels:authorizeCopy?api-version=2022-06-30-preview",
      "RequestMethod": "POST",
      "RequestHeaders": {
        "Accept": "application/json",
        "Accept-Encoding": "gzip, deflate",
        "Content-Length": "51",
        "Content-Type": "application/json",
        "User-Agent": "azsdk-python-ai-formrecognizer/3.2.0b6 Python/3.8.5 (Windows-10-10.0.19041-SP0)"
      },
      "RequestBody": {
        "modelId": "59500409-7bf1-4d50-857d-bbcb7b85cde6"
      },
      "StatusCode": 200,
      "ResponseHeaders": {
        "apim-request-id": "018d1224-6e0a-4d1c-9314-cf3b985cc3e8",
        "Content-Type": "application/json; charset=utf-8",
        "Date": "Tue, 21 Jun 2022 01:32:56 GMT",
        "Strict-Transport-Security": "max-age=31536000; includeSubDomains; preload",
        "Transfer-Encoding": "chunked",
        "X-Content-Type-Options": "nosniff",
        "x-envoy-upstream-service-time": "116"
      },
      "ResponseBody": {
        "targetResourceId": "/subscriptions/faa080af-c1d8-40ad-9cce-e1a450ca5b57/resourceGroups/caperal-dev/providers/Microsoft.CognitiveServices/accounts/caperalfrwestus2",
        "targetResourceRegion": "westus2",
        "targetModelId": "59500409-7bf1-4d50-857d-bbcb7b85cde6",
        "targetModelLocation": "https://fakeendpoint.cognitiveservices.azure.com/formrecognizer/documentModels/59500409-7bf1-4d50-857d-bbcb7b85cde6?api-version=2022-06-30-preview",
        "accessToken": "redacted",
        "expirationDateTime": "2022-06-21T02:32:56Z"
      }
    },
    {
      "RequestUri": "https://fakeendpoint.cognitiveservices.azure.com/formrecognizer/documentModels/a04d9b5b-938a-4332-9c7c-29e4892b0c30:copyTo?api-version=2022-06-30-preview",
      "RequestMethod": "POST",
      "RequestHeaders": {
        "Accept": "application/json",
        "Accept-Encoding": "gzip, deflate",
        "Content-Length": "497",
        "Content-Type": "application/json",
        "User-Agent": "azsdk-python-ai-formrecognizer/3.2.0b6 Python/3.8.5 (Windows-10-10.0.19041-SP0)"
      },
      "RequestBody": {
        "targetResourceId": "/subscriptions/faa080af-c1d8-40ad-9cce-e1a450ca5b57/resourceGroups/caperal-dev/providers/Microsoft.CognitiveServices/accounts/caperalfrwestus2",
        "targetResourceRegion": "westus2",
        "targetModelId": "59500409-7bf1-4d50-857d-bbcb7b85cde6",
        "targetModelLocation": "https://fakeendpoint.cognitiveservices.azure.com/formrecognizer/documentModels/59500409-7bf1-4d50-857d-bbcb7b85cde6?api-version=2022-06-30-preview",
        "accessToken": "redacted",
        "expirationDateTime": "2022-06-21T02:32:56.000Z"
      },
      "StatusCode": 202,
      "ResponseHeaders": {
        "apim-request-id": "ac6ec6db-c1bc-443b-85ac-5de2fcea7fd6",
        "Content-Length": "0",
        "Date": "Tue, 21 Jun 2022 01:32:56 GMT",
        "Operation-Location": "https://fakeendpoint.cognitiveservices.azure.com/formrecognizer/operations/31510592823_ac6ec6db-c1bc-443b-85ac-5de2fcea7fd6?api-version=2022-06-30-preview",
        "Strict-Transport-Security": "max-age=31536000; includeSubDomains; preload",
        "X-Content-Type-Options": "nosniff",
        "x-envoy-upstream-service-time": "139"
      },
      "ResponseBody": null
    },
    {
      "RequestUri": "https://fakeendpoint.cognitiveservices.azure.com/formrecognizer/operations/31510592823_ac6ec6db-c1bc-443b-85ac-5de2fcea7fd6?api-version=2022-06-30-preview",
      "RequestMethod": "GET",
      "RequestHeaders": {
        "Accept": "*/*",
        "Accept-Encoding": "gzip, deflate",
        "User-Agent": "azsdk-python-ai-formrecognizer/3.2.0b6 Python/3.8.5 (Windows-10-10.0.19041-SP0)"
      },
      "RequestBody": null,
      "StatusCode": 200,
      "ResponseHeaders": {
        "apim-request-id": "3ef8a2af-960e-410b-895d-06dca08ac944",
        "Content-Type": "application/json; charset=utf-8",
        "Date": "Tue, 21 Jun 2022 01:33:02 GMT",
        "Strict-Transport-Security": "max-age=31536000; includeSubDomains; preload",
        "Transfer-Encoding": "chunked",
        "X-Content-Type-Options": "nosniff",
        "x-envoy-upstream-service-time": "16"
      },
      "ResponseBody": {
        "operationId": "31510592823_ac6ec6db-c1bc-443b-85ac-5de2fcea7fd6",
        "kind": "documentModelCopyTo",
        "status": "succeeded",
        "createdDateTime": "2022-06-21T01:32:56Z",
        "lastUpdatedDateTime": "2022-06-21T01:32:57Z",
        "resourceLocation": "https://fakeendpoint.cognitiveservices.azure.com/formrecognizer/documentModels/59500409-7bf1-4d50-857d-bbcb7b85cde6?api-version=2022-06-30-preview",
        "percentCompleted": 100,
        "result": {
          "docTypes": {
            "a04d9b5b-938a-4332-9c7c-29e4892b0c30": {
              "fieldSchema": {
                "Merchant": {
                  "type": "string"
                },
                "PhoneNumber": {
                  "type": "string"
                },
                "Website": {
                  "type": "string"
                },
                "Email": {
                  "type": "string"
                },
                "PurchaseOrderNumber": {
                  "type": "string"
                },
                "DatedAs": {
                  "type": "string"
                },
                "VendorName": {
                  "type": "string"
                },
                "CompanyName": {
                  "type": "string"
                },
                "CompanyAddress": {
                  "type": "string"
                },
                "CompanyPhoneNumber": {
                  "type": "string"
                },
                "Subtotal": {
                  "type": "string"
                },
                "Tax": {
                  "type": "string"
                },
                "Total": {
                  "type": "string"
                },
                "Signature": {
                  "type": "string"
                },
                "Quantity": {
                  "type": "number"
                },
                "FullSignature": {
                  "type": "signature"
                }
              },
              "buildMode": "template",
              "fieldConfidence": {
                "CompanyAddress": 0.8,
                "CompanyName": 0.995,
                "CompanyPhoneNumber": 0.995,
                "DatedAs": 0.995,
                "Email": 0.8,
                "FullSignature": 0.6,
                "Merchant": 0.995,
                "PhoneNumber": 0.995,
                "PurchaseOrderNumber": 0.995,
                "Quantity": 0.995,
                "Signature": 0.995,
                "Subtotal": 0.995,
                "Tax": 0.995,
                "Total": 0.995,
                "VendorName": 0.995,
                "Website": 0.995
              }
            }
          },
          "modelId": "59500409-7bf1-4d50-857d-bbcb7b85cde6",
          "createdDateTime": "2022-06-21T01:32:53Z",
          "apiVersion": "2022-06-30-preview"
        }
      }
    }
  ],
  "Variables": {}
}
