interactions:
- request:
    body: null
    headers:
      Accept:
      - application/json
      User-Agent:
      - azsdk-python-ai-formrecognizer/1.0.0b3 Python/3.7.7 (Darwin-17.7.0-x86_64-i386-64bit)
        Python/3.7.7 (Darwin-17.7.0-x86_64-i386-64bit)
    method: GET
    uri: https://westus.api.cognitive.microsoft.com/formrecognizer/v2.0-preview/custom/models?op=summary
  response:
    body:
      string: '{"summary":{"count":0,"limit":5000,"lastUpdatedDateTime":"2020-05-13T16:13:48Z"}}'
    headers:
      apim-request-id: 7bd4ca53-2060-4abd-b1ab-67a10a603095
      content-type: application/json; charset=utf-8
      date: Wed, 13 May 2020 16:13:48 GMT
      strict-transport-security: max-age=31536000; includeSubDomains; preload
      transfer-encoding: chunked
      x-content-type-options: nosniff
      x-envoy-upstream-service-time: '9'
    status:
      code: 200
      message: OK
    url: https://westus.api.cognitive.microsoft.com//formrecognizer/v2.0-preview/custom/models?op=summary
- request:
    body: '{"source": "https://raw.githubusercontent.com/Azure/azure-sdk-for-python/master/sdk/formrecognizer/azure-ai-formrecognizer/tests/sample_forms/receipt/contoso-allinone.jpg"}'
    headers:
      Content-Length:
      - '172'
      Content-Type:
      - application/json
      User-Agent:
      - azsdk-python-ai-formrecognizer/1.0.0b3 Python/3.7.7 (Darwin-17.7.0-x86_64-i386-64bit)
        Python/3.7.7 (Darwin-17.7.0-x86_64-i386-64bit)
    method: POST
    uri: https://westus.api.cognitive.microsoft.com/formrecognizer/v2.0-preview/prebuilt/receipt/analyze?includeTextDetails=false
  response:
    body:
      string: ''
    headers:
      apim-request-id: 4164c2e3-437a-46f3-a880-316414895e40
      content-length: '0'
      date: Wed, 13 May 2020 16:13:49 GMT
      operation-location: https://westus.api.cognitive.microsoft.com/formrecognizer/v2.0-preview/prebuilt/receipt/analyzeResults/4164c2e3-437a-46f3-a880-316414895e40
      strict-transport-security: max-age=31536000; includeSubDomains; preload
      x-content-type-options: nosniff
      x-envoy-upstream-service-time: '701'
    status:
      code: 202
      message: Accepted
    url: https://westus.api.cognitive.microsoft.com//formrecognizer/v2.0-preview/prebuilt/receipt/analyze?includeTextDetails=false
- request:
    body: null
    headers:
      User-Agent:
      - azsdk-python-ai-formrecognizer/1.0.0b3 Python/3.7.7 (Darwin-17.7.0-x86_64-i386-64bit)
        Python/3.7.7 (Darwin-17.7.0-x86_64-i386-64bit)
    method: GET
    uri: https://westus.api.cognitive.microsoft.com/formrecognizer/v2.0-preview/prebuilt/receipt/analyzeResults/4164c2e3-437a-46f3-a880-316414895e40
  response:
    body:
      string: '{"status":"succeeded","createdDateTime":"2020-05-13T16:13:49Z","lastUpdatedDateTime":"2020-05-13T16:13:52Z","analyzeResult":{"version":"2.0.0","readResults":[{"page":1,"angle":0.6893,"width":1688,"height":3000,"unit":"pixel","language":"en"}],"documentResults":[{"docType":"prebuilt:receipt","pageRange":[1,1],"fields":{"ReceiptType":{"type":"string","valueString":"Itemized","confidence":0.692},"MerchantName":{"type":"string","valueString":"Contoso
        Contoso","text":"Contoso Contoso","boundingBox":[378.2,292.4,1117.7,468.3,1035.7,812.7,296.3,636.8],"page":1,"confidence":0.613},"MerchantAddress":{"type":"string","valueString":"123
        Main Street Redmond, WA 98052","text":"123 Main Street Redmond, WA 98052","boundingBox":[302,675.8,848.1,793.7,809.9,970.4,263.9,852.5],"page":1,"confidence":0.99},"MerchantPhoneNumber":{"type":"phoneNumber","valuePhoneNumber":"+19876543210","text":"987-654-3210","boundingBox":[278,1004,656.3,1054.7,646.8,1125.3,268.5,1074.7],"page":1,"confidence":0.99},"TransactionDate":{"type":"date","valueDate":"2019-06-10","text":"6/10/2019","boundingBox":[265.1,1228.4,525,1247,518.9,1332.1,259,1313.5],"page":1,"confidence":0.99},"TransactionTime":{"type":"time","valueTime":"13:59:00","text":"13:59","boundingBox":[541,1248,677.3,1261.5,668.9,1346.5,532.6,1333],"page":1,"confidence":0.977},"Items":{"type":"array","valueArray":[{"type":"object","valueObject":{"Quantity":{"type":"number","text":"1","boundingBox":[245.1,1581.5,300.9,1585.1,295,1676,239.2,1672.4],"page":1,"confidence":0.92},"Name":{"type":"string","valueString":"Cappuccino","text":"Cappuccino","boundingBox":[322,1586,654.2,1601.1,650,1693,317.8,1678],"page":1,"confidence":0.923},"TotalPrice":{"type":"number","valueNumber":2.2,"text":"$2.20","boundingBox":[1107.7,1584,1263,1574,1268.3,1656,1113,1666],"page":1,"confidence":0.918}}},{"type":"object","valueObject":{"Quantity":{"type":"number","text":"1","boundingBox":[232,1834,286.6,1835,285,1921,230.4,1920],"page":1,"confidence":0.858},"Name":{"type":"string","valueString":"BACON
        & EGGS","text":"BACON & EGGS","boundingBox":[308,1836,746,1841.4,745,1925.4,307,1920],"page":1,"confidence":0.916},"TotalPrice":{"type":"number","text":"$9.5","boundingBox":[1133.9,1955,1257,1952,1259.1,2036,1136,2039],"page":1,"confidence":0.916}}}]},"Subtotal":{"type":"number","valueNumber":11.7,"text":"11.70","boundingBox":[1146,2221,1297.3,2223,1296,2319,1144.7,2317],"page":1,"confidence":0.955},"Tax":{"type":"number","valueNumber":1.17,"text":"1.17","boundingBox":[1190,2359,1304,2359,1304,2456,1190,2456],"page":1,"confidence":0.979},"Tip":{"type":"number","valueNumber":1.63,"text":"1.63","boundingBox":[1094,2479,1267.7,2485,1264,2591,1090.3,2585],"page":1,"confidence":0.941},"Total":{"type":"number","valueNumber":14.5,"text":"$14.50","boundingBox":[1034.2,2617,1387.5,2638.2,1380,2763,1026.7,2741.8],"page":1,"confidence":0.985}}}]}}'
    headers:
      apim-request-id: 7be2b8dc-1d16-4fc6-8f20-a66a121787cd
      content-type: application/json; charset=utf-8
      date: Wed, 13 May 2020 16:13:54 GMT
      strict-transport-security: max-age=31536000; includeSubDomains; preload
      transfer-encoding: chunked
      x-content-type-options: nosniff
      x-envoy-upstream-service-time: '16'
    status:
      code: 200
      message: OK
    url: https://westus.api.cognitive.microsoft.com/formrecognizer/v2.0-preview/prebuilt/receipt/analyzeResults/4164c2e3-437a-46f3-a880-316414895e40
- request:
    body: null
    headers:
      Accept:
      - application/json
      User-Agent:
      - azsdk-python-ai-formrecognizer/1.0.0b3 Python/3.7.7 (Darwin-17.7.0-x86_64-i386-64bit)
        Python/3.7.7 (Darwin-17.7.0-x86_64-i386-64bit)
    method: GET
    uri: https://westus.api.cognitive.microsoft.com/formrecognizer/v2.0-preview/custom/models?op=summary
  response:
    body:
      string: '{"summary":{"count":0,"limit":5000,"lastUpdatedDateTime":"2020-05-13T16:13:55Z"}}'
    headers:
      apim-request-id: 15cd571c-a214-4c66-8563-2279b34755a5
      content-type: application/json; charset=utf-8
      date: Wed, 13 May 2020 16:13:54 GMT
      strict-transport-security: max-age=31536000; includeSubDomains; preload
      transfer-encoding: chunked
      x-content-type-options: nosniff
      x-envoy-upstream-service-time: '10'
    status:
      code: 200
      message: OK
    url: https://westus.api.cognitive.microsoft.com//formrecognizer/v2.0-preview/custom/models?op=summary
version: 1
