interactions:
- request:
    body: 'b''{"source": "containersasurl", "sourceFilter": {"prefix": "", "includeSubFolders":
      true}, "useLabelFile": false}'''
    headers:
      Content-Length:
      - '314'
      Content-Type:
      - application/json
      User-Agent:
      - azsdk-python-ai-formrecognizer/1.0.0b1 Python/3.7.3 (Windows-10-10.0.18362-SP0)
        Python/3.7.3 (Windows-10-10.0.18362-SP0)
    method: POST
    uri: https://centraluseuap.api.cognitive.microsoft.com/formrecognizer/v2.0-preview/custom/models
  response:
    body:
      string: ''
    headers:
      apim-request-id: 7b425a7f-63e3-4878-afdc-210c49b7a400
      content-length: '0'
      date: Tue, 14 Apr 2020 22:29:42 GMT
      location: https://centraluseuap.api.cognitive.microsoft.com/formrecognizer/v2.0-preview/custom/models/af0e5295-2d45-4218-bb51-c19747c8fad9
      strict-transport-security: max-age=31536000; includeSubDomains; preload
      x-content-type-options: nosniff
      x-envoy-upstream-service-time: '31'
    status:
      code: 201
      message: Created
    url: https://centraluseuap.api.cognitive.microsoft.com//formrecognizer/v2.0-preview/custom/models
- request:
    body: null
    headers:
      User-Agent:
      - azsdk-python-ai-formrecognizer/1.0.0b1 Python/3.7.3 (Windows-10-10.0.18362-SP0)
        Python/3.7.3 (Windows-10-10.0.18362-SP0)
    method: GET
    uri: https://centraluseuap.api.cognitive.microsoft.com/formrecognizer/v2.0-preview/custom/models/af0e5295-2d45-4218-bb51-c19747c8fad9?includeKeys=true
  response:
    body:
      string: '{"modelInfo":{"modelId":"af0e5295-2d45-4218-bb51-c19747c8fad9","status":"creating","createdDateTime":"2020-04-14T22:29:43Z","lastUpdatedDateTime":"2020-04-14T22:29:43Z"}}'
    headers:
      apim-request-id: 24b298f7-901e-4643-8eb7-f6a483792283
      content-type: application/json; charset=utf-8
      date: Tue, 14 Apr 2020 22:29:48 GMT
      strict-transport-security: max-age=31536000; includeSubDomains; preload
      transfer-encoding: chunked
      x-content-type-options: nosniff
      x-envoy-upstream-service-time: '29'
    status:
      code: 200
      message: OK
    url: https://centraluseuap.api.cognitive.microsoft.com/formrecognizer/v2.0-preview/custom/models/af0e5295-2d45-4218-bb51-c19747c8fad9?includeKeys=true
- request:
    body: null
    headers:
      User-Agent:
      - azsdk-python-ai-formrecognizer/1.0.0b1 Python/3.7.3 (Windows-10-10.0.18362-SP0)
        Python/3.7.3 (Windows-10-10.0.18362-SP0)
    method: GET
    uri: https://centraluseuap.api.cognitive.microsoft.com/formrecognizer/v2.0-preview/custom/models/af0e5295-2d45-4218-bb51-c19747c8fad9?includeKeys=true
  response:
    body:
      string: '{"modelInfo":{"modelId":"af0e5295-2d45-4218-bb51-c19747c8fad9","status":"ready","createdDateTime":"2020-04-14T22:29:43Z","lastUpdatedDateTime":"2020-04-14T22:29:52Z"},"keys":{"clusters":{"0":["Additional
        Notes:","Address:","Address:","Company Name:","Company Phone:","Dated As:","Email:","Hero
        Limited","Name:","Phone:","Phone:","Purchase Order","Purchase Order","Purchase
        Order #:","SUBTOTAL","Seattle, WA 93849 Phone:","Shipped From","Shipped To","TAX","TOTAL","Vendor
        Name:","Website:"]}},"trainResult":{"trainingDocuments":[{"documentName":"Form_1.jpg","pages":1,"errors":[],"status":"succeeded"},{"documentName":"Form_2.jpg","pages":1,"errors":[],"status":"succeeded"},{"documentName":"Form_3.jpg","pages":1,"errors":[],"status":"succeeded"},{"documentName":"Form_4.jpg","pages":1,"errors":[],"status":"succeeded"},{"documentName":"Form_5.jpg","pages":1,"errors":[],"status":"succeeded"},{"documentName":"subfolder/Form_6.jpg","pages":1,"errors":[],"status":"succeeded"}],"errors":[]}}'
    headers:
      apim-request-id: 438b6b1a-59ef-47f2-b06d-ee4da40a6776
      content-type: application/json; charset=utf-8
      date: Tue, 14 Apr 2020 22:29:53 GMT
      strict-transport-security: max-age=31536000; includeSubDomains; preload
      transfer-encoding: chunked
      x-content-type-options: nosniff
      x-envoy-upstream-service-time: '46'
    status:
      code: 200
      message: OK
    url: https://centraluseuap.api.cognitive.microsoft.com/formrecognizer/v2.0-preview/custom/models/af0e5295-2d45-4218-bb51-c19747c8fad9?includeKeys=true
- request:
    body: 'b''{"source": "containersasurl", "sourceFilter": {"prefix": "subfolder",
      "includeSubFolders": true}, "useLabelFile": false}'''
    headers:
      Content-Length:
      - '323'
      Content-Type:
      - application/json
      User-Agent:
      - azsdk-python-ai-formrecognizer/1.0.0b1 Python/3.7.3 (Windows-10-10.0.18362-SP0)
        Python/3.7.3 (Windows-10-10.0.18362-SP0)
    method: POST
    uri: https://centraluseuap.api.cognitive.microsoft.com/formrecognizer/v2.0-preview/custom/models
  response:
    body:
      string: ''
    headers:
      apim-request-id: 1f11ad41-c678-4cb8-9e62-7cd5f2edd0b4
      content-length: '0'
      date: Tue, 14 Apr 2020 22:29:53 GMT
      location: https://centraluseuap.api.cognitive.microsoft.com/formrecognizer/v2.0-preview/custom/models/8d5cb134-49bb-4da4-970b-033642c9080c
      strict-transport-security: max-age=31536000; includeSubDomains; preload
      x-content-type-options: nosniff
      x-envoy-upstream-service-time: '48'
    status:
      code: 201
      message: Created
    url: https://centraluseuap.api.cognitive.microsoft.com//formrecognizer/v2.0-preview/custom/models
- request:
    body: null
    headers:
      User-Agent:
      - azsdk-python-ai-formrecognizer/1.0.0b1 Python/3.7.3 (Windows-10-10.0.18362-SP0)
        Python/3.7.3 (Windows-10-10.0.18362-SP0)
    method: GET
    uri: https://centraluseuap.api.cognitive.microsoft.com/formrecognizer/v2.0-preview/custom/models/8d5cb134-49bb-4da4-970b-033642c9080c?includeKeys=true
  response:
    body:
      string: '{"modelInfo":{"modelId":"8d5cb134-49bb-4da4-970b-033642c9080c","status":"ready","createdDateTime":"2020-04-14T22:29:53Z","lastUpdatedDateTime":"2020-04-14T22:29:57Z"},"keys":{"clusters":{"0":["Address:","Company
        Name:","Company Phone:","Dated As:","Name:","Phone:","Purchase Order #:","Vendor
        Name:","Website:"]}},"trainResult":{"trainingDocuments":[{"documentName":"subfolder/Form_6.jpg","pages":1,"errors":[],"status":"succeeded"}],"errors":[]}}'
    headers:
      apim-request-id: 73cb4d49-1a5d-4ab5-b168-7c36d799749c
      content-type: application/json; charset=utf-8
      date: Tue, 14 Apr 2020 22:29:58 GMT
      strict-transport-security: max-age=31536000; includeSubDomains; preload
      transfer-encoding: chunked
      x-content-type-options: nosniff
      x-envoy-upstream-service-time: '62'
    status:
      code: 200
      message: OK
    url: https://centraluseuap.api.cognitive.microsoft.com/formrecognizer/v2.0-preview/custom/models/8d5cb134-49bb-4da4-970b-033642c9080c?includeKeys=true
- request:
    body: 'b''{"source": "containersasurl", "sourceFilter": {"prefix": "xxx", "includeSubFolders":
      false}, "useLabelFile": false}'''
    headers:
      Content-Length:
      - '318'
      Content-Type:
      - application/json
      User-Agent:
      - azsdk-python-ai-formrecognizer/1.0.0b1 Python/3.7.3 (Windows-10-10.0.18362-SP0)
        Python/3.7.3 (Windows-10-10.0.18362-SP0)
    method: POST
    uri: https://centraluseuap.api.cognitive.microsoft.com/formrecognizer/v2.0-preview/custom/models
  response:
    body:
      string: ''
    headers:
      apim-request-id: 22ba9d51-340d-408f-9666-7d8210be29ad
      content-length: '0'
      date: Tue, 14 Apr 2020 22:30:03 GMT
      location: https://centraluseuap.api.cognitive.microsoft.com/formrecognizer/v2.0-preview/custom/models/30210ae3-4427-4fbc-a5b0-94c4704a87fc
      strict-transport-security: max-age=31536000; includeSubDomains; preload
      x-content-type-options: nosniff
      x-envoy-upstream-service-time: '5062'
    status:
      code: 201
      message: Created
    url: https://centraluseuap.api.cognitive.microsoft.com//formrecognizer/v2.0-preview/custom/models
- request:
    body: null
    headers:
      User-Agent:
      - azsdk-python-ai-formrecognizer/1.0.0b1 Python/3.7.3 (Windows-10-10.0.18362-SP0)
        Python/3.7.3 (Windows-10-10.0.18362-SP0)
    method: GET
    uri: https://centraluseuap.api.cognitive.microsoft.com/formrecognizer/v2.0-preview/custom/models/30210ae3-4427-4fbc-a5b0-94c4704a87fc?includeKeys=true
  response:
    body:
      string: '{"modelInfo":{"modelId":"30210ae3-4427-4fbc-a5b0-94c4704a87fc","status":"invalid","createdDateTime":"2020-04-14T22:30:03Z","lastUpdatedDateTime":"2020-04-14T22:30:04Z"},"keys":{"clusters":{}},"trainResult":{"trainingDocuments":[],"errors":[{"code":"2014","message":"No
        valid blobs found in the specified Azure blob container. Please conform to
        the document format/size/page/dimensions requirements."}]}}'
    headers:
      apim-request-id: 1e688737-a962-4f75-bca7-5b6cd7a3ec9f
      content-type: application/json; charset=utf-8
      date: Tue, 14 Apr 2020 22:30:08 GMT
      strict-transport-security: max-age=31536000; includeSubDomains; preload
      transfer-encoding: chunked
      x-content-type-options: nosniff
      x-envoy-upstream-service-time: '62'
    status:
      code: 200
      message: OK
    url: https://centraluseuap.api.cognitive.microsoft.com/formrecognizer/v2.0-preview/custom/models/30210ae3-4427-4fbc-a5b0-94c4704a87fc?includeKeys=true
version: 1
