interactions:
- request:
    body: null
    headers:
      Accept:
      - application/json
      User-Agent:
      - azsdk-python-ai-formrecognizer/1.0.0b4 Python/3.7.3 (Windows-10-10.0.18362-SP0)
        Python/3.7.3 (Windows-10-10.0.18362-SP0)
    method: GET
    uri: https://centraluseuap.api.cognitive.microsoft.com/formrecognizer/v2.0-preview/custom/models?op=summary
  response:
    body:
      string: '{"summary": {"count": 5, "limit": 5000, "lastUpdatedDateTime": "2020-06-11T15:43:29Z"}}'
    headers:
      apim-request-id: 50775465-94cb-4fa8-b875-33ae7ba4f3bc
      content-type: application/json; charset=utf-8
      date: Thu, 11 Jun 2020 15:43:28 GMT
      strict-transport-security: max-age=31536000; includeSubDomains; preload
      transfer-encoding: chunked
      x-content-type-options: nosniff
      x-envoy-upstream-service-time: '9'
    status:
      code: 200
      message: OK
    url: https://centraluseuap.api.cognitive.microsoft.com//formrecognizer/v2.0-preview/custom/models?op=summary
- request:
    body: 'b''{"source": "https://raw.githubusercontent.com/Azure/azure-sdk-for-python/master/sdk/formrecognizer/azure-ai-formrecognizer/tests/sample_forms/receipt/contoso-allinone.jpg"}'''
    headers:
      Content-Length:
      - '172'
      Content-Type:
      - application/json
      User-Agent:
      - azsdk-python-ai-formrecognizer/1.0.0b4 Python/3.7.3 (Windows-10-10.0.18362-SP0)
        Python/3.7.3 (Windows-10-10.0.18362-SP0)
    method: POST
    uri: https://centraluseuap.api.cognitive.microsoft.com/formrecognizer/v2.0-preview/prebuilt/receipt/analyze?includeTextDetails=false
  response:
    body:
      string: ''
    headers:
      apim-request-id: cd29ff2c-4ac7-4f82-b3f0-2c17b49b6d62
      content-length: '0'
      date: Thu, 11 Jun 2020 15:43:30 GMT
      operation-location: https://centraluseuap.api.cognitive.microsoft.com/formrecognizer/v2.0-preview/prebuilt/receipt/analyzeResults/cd29ff2c-4ac7-4f82-b3f0-2c17b49b6d62
      strict-transport-security: max-age=31536000; includeSubDomains; preload
      x-content-type-options: nosniff
      x-envoy-upstream-service-time: '1208'
    status:
      code: 202
      message: Accepted
    url: https://centraluseuap.api.cognitive.microsoft.com//formrecognizer/v2.0-preview/prebuilt/receipt/analyze?includeTextDetails=false
- request:
    body: null
    headers:
      Accept:
      - application/json
      User-Agent:
      - azsdk-python-ai-formrecognizer/1.0.0b4 Python/3.7.3 (Windows-10-10.0.18362-SP0)
        Python/3.7.3 (Windows-10-10.0.18362-SP0)
    method: GET
    uri: https://centraluseuap.api.cognitive.microsoft.com/formrecognizer/v2.0-preview/custom/models?op=summary
  response:
    body:
      string: '{"summary": {"count": 5, "limit": 5000, "lastUpdatedDateTime": "2020-06-11T15:43:31Z"}}'
    headers:
      apim-request-id: b34b7cda-cc3b-47e4-a981-058d7e45c89e
      content-type: application/json; charset=utf-8
      date: Thu, 11 Jun 2020 15:43:30 GMT
      strict-transport-security: max-age=31536000; includeSubDomains; preload
      transfer-encoding: chunked
      x-content-type-options: nosniff
      x-envoy-upstream-service-time: '10'
    status:
      code: 200
      message: OK
    url: https://centraluseuap.api.cognitive.microsoft.com//formrecognizer/v2.0-preview/custom/models?op=summary
version: 1
