interactions:
- request:
    body: 'b''{"source": "container_sas_url", "sourceFilter": {"prefix": "", "includeSubFolders":
      false}, "useLabelFile": false}'''
    headers:
      Accept:
      - application/json
      Accept-Encoding:
      - gzip, deflate
      Connection:
      - keep-alive
      Content-Length:
      - '276'
      Content-Type:
      - application/json
      User-Agent:
      - azsdk-python-ai-formrecognizer/3.1.0b4 Python/3.9.0 (Windows-10-10.0.19041-SP0)
    method: POST
    uri: https://region.api.cognitive.microsoft.com/formrecognizer/v2.1-preview.3/custom/models
  response:
    body:
      string: ''
    headers:
      apim-request-id:
      - 8c10de62-4d7e-4809-83e9-037b9af0f5f5
      content-length:
      - '0'
      date:
      - Fri, 19 Mar 2021 18:41:41 GMT
      location:
      - https://region.api.cognitive.microsoft.com/formrecognizer/v2.1-preview.3/custom/models/34ba8969-3c56-4c99-906c-2cd1825fbdd7
      strict-transport-security:
      - max-age=31536000; includeSubDomains; preload
      x-content-type-options:
      - nosniff
      x-envoy-upstream-service-time:
      - '289'
    status:
      code: 201
      message: Created
- request:
    body: null
    headers:
      Accept:
      - '*/*'
      Accept-Encoding:
      - gzip, deflate
      Connection:
      - keep-alive
      User-Agent:
      - azsdk-python-ai-formrecognizer/3.1.0b4 Python/3.9.0 (Windows-10-10.0.19041-SP0)
    method: GET
    uri: https://region.api.cognitive.microsoft.com/formrecognizer/v2.1-preview.3/custom/models/34ba8969-3c56-4c99-906c-2cd1825fbdd7?includeKeys=true
  response:
    body:
      string: '{"modelInfo": {"modelId": "34ba8969-3c56-4c99-906c-2cd1825fbdd7", "status":
        "creating", "createdDateTime": "2021-03-19T18:41:41Z", "lastUpdatedDateTime":
        "2021-03-19T18:41:41Z"}}'
    headers:
      apim-request-id:
      - f082c9c0-72b9-40e3-ba81-fc97c187daec
      content-length:
      - '170'
      content-type:
      - application/json; charset=utf-8
      date:
      - Fri, 19 Mar 2021 18:41:46 GMT
      strict-transport-security:
      - max-age=31536000; includeSubDomains; preload
      x-content-type-options:
      - nosniff
      x-envoy-upstream-service-time:
      - '22'
    status:
      code: 200
      message: OK
- request:
    body: null
    headers:
      Accept:
      - '*/*'
      Accept-Encoding:
      - gzip, deflate
      Connection:
      - keep-alive
      User-Agent:
      - azsdk-python-ai-formrecognizer/3.1.0b4 Python/3.9.0 (Windows-10-10.0.19041-SP0)
    method: GET
    uri: https://region.api.cognitive.microsoft.com/formrecognizer/v2.1-preview.3/custom/models/34ba8969-3c56-4c99-906c-2cd1825fbdd7?includeKeys=true
  response:
    body:
      string: '{"modelInfo": {"modelId": "34ba8969-3c56-4c99-906c-2cd1825fbdd7", "status":
        "creating", "createdDateTime": "2021-03-19T18:41:41Z", "lastUpdatedDateTime":
        "2021-03-19T18:41:41Z"}}'
    headers:
      apim-request-id:
      - b05554ff-0506-48a0-9ac4-9a8978f9bea4
      content-length:
      - '170'
      content-type:
      - application/json; charset=utf-8
      date:
      - Fri, 19 Mar 2021 18:41:51 GMT
      strict-transport-security:
      - max-age=31536000; includeSubDomains; preload
      x-content-type-options:
      - nosniff
      x-envoy-upstream-service-time:
      - '20'
    status:
      code: 200
      message: OK
- request:
    body: null
    headers:
      Accept:
      - '*/*'
      Accept-Encoding:
      - gzip, deflate
      Connection:
      - keep-alive
      User-Agent:
      - azsdk-python-ai-formrecognizer/3.1.0b4 Python/3.9.0 (Windows-10-10.0.19041-SP0)
    method: GET
    uri: https://region.api.cognitive.microsoft.com/formrecognizer/v2.1-preview.3/custom/models/34ba8969-3c56-4c99-906c-2cd1825fbdd7?includeKeys=true
  response:
    body:
      string: '{"modelInfo": {"modelId": "34ba8969-3c56-4c99-906c-2cd1825fbdd7", "status":
        "creating", "createdDateTime": "2021-03-19T18:41:41Z", "lastUpdatedDateTime":
        "2021-03-19T18:41:41Z"}}'
    headers:
      apim-request-id:
      - 19f1e96f-8f77-44ce-a11f-1426a32ce9c3
      content-length:
      - '170'
      content-type:
      - application/json; charset=utf-8
      date:
      - Fri, 19 Mar 2021 18:41:57 GMT
      strict-transport-security:
      - max-age=31536000; includeSubDomains; preload
      x-content-type-options:
      - nosniff
      x-envoy-upstream-service-time:
      - '23'
    status:
      code: 200
      message: OK
- request:
    body: null
    headers:
      Accept:
      - '*/*'
      Accept-Encoding:
      - gzip, deflate
      Connection:
      - keep-alive
      User-Agent:
      - azsdk-python-ai-formrecognizer/3.1.0b4 Python/3.9.0 (Windows-10-10.0.19041-SP0)
    method: GET
    uri: https://region.api.cognitive.microsoft.com/formrecognizer/v2.1-preview.3/custom/models/34ba8969-3c56-4c99-906c-2cd1825fbdd7?includeKeys=true
  response:
    body:
      string: '{"modelInfo": {"modelId": "34ba8969-3c56-4c99-906c-2cd1825fbdd7", "status":
        "ready", "createdDateTime": "2021-03-19T18:41:41Z", "lastUpdatedDateTime":
        "2021-03-19T18:41:57Z"}, "keys": {"clusters": {"0": ["Additional Notes:",
        "Address:", "Company Name:", "Company Phone:", "Dated As:", "Details", "Email:",
        "Hero Limited", "Name:", "Phone:", "Purchase Order", "Purchase Order #:",
        "Quantity", "SUBTOTAL", "Seattle, WA 93849 Phone:", "Shipped From", "Shipped
        To", "TAX", "TOTAL", "Total", "Unit Price", "Vendor Name:", "Website:"]}},
        "trainResult": {"trainingDocuments": [{"documentName": "Form_1.jpg", "pages":
        1, "errors": [], "status": "succeeded"}, {"documentName": "Form_2.jpg", "pages":
        1, "errors": [], "status": "succeeded"}, {"documentName": "Form_3.jpg", "pages":
        1, "errors": [], "status": "succeeded"}, {"documentName": "Form_4.jpg", "pages":
        1, "errors": [], "status": "succeeded"}, {"documentName": "Form_5.jpg", "pages":
        1, "errors": [], "status": "succeeded"}], "errors": []}}'
    headers:
      apim-request-id:
      - 60c69423-05aa-46c3-931e-cdbe90f512ce
      content-length:
      - '912'
      content-type:
      - application/json; charset=utf-8
      date:
      - Fri, 19 Mar 2021 18:42:01 GMT
      strict-transport-security:
      - max-age=31536000; includeSubDomains; preload
      x-content-type-options:
      - nosniff
      x-envoy-upstream-service-time:
      - '16'
    status:
      code: 200
      message: OK
- request:
    body: null
    headers:
      Accept:
      - application/json
      Accept-Encoding:
      - gzip, deflate
      Connection:
      - keep-alive
      Content-Length:
      - '0'
      User-Agent:
      - azsdk-python-ai-formrecognizer/3.1.0b4 Python/3.9.0 (Windows-10-10.0.19041-SP0)
    method: POST
    uri: https://region.api.cognitive.microsoft.com/formrecognizer/v2.1-preview.3/custom/models/copyAuthorization
  response:
    body:
      string: '{"modelId": "b293de0b-b71c-4778-9fce-212134b01fe7", "accessToken":
        "redacted", "expirationDateTimeTicks": 1616265722}'
    headers:
      apim-request-id:
      - e9c49da0-98d0-4edc-b9e2-8c46fba58cc4
      content-length:
      - '140'
      content-type:
      - application/json; charset=utf-8
      date:
      - Fri, 19 Mar 2021 18:42:01 GMT
      location:
      - https://region.api.cognitive.microsoft.com/formrecognizer/v2.1-preview.3/custom/models/b293de0b-b71c-4778-9fce-212134b01fe7
      strict-transport-security:
      - max-age=31536000; includeSubDomains; preload
      x-content-type-options:
      - nosniff
      x-envoy-upstream-service-time:
      - '33'
    status:
      code: 201
      message: Created
- request:
    body: 'b''{"targetResourceId": "/subscriptions/00000000-0000-0000-0000-000000000000/resourceGroups/rgname/providers/Microsoft.CognitiveServices/accounts/frname",
      "targetResourceRegion": "eastus", "copyAuthorization": {"modelId": "b293de0b-b71c-4778-9fce-212134b01fe7",
      "accessToken": 00000000-0000-0000-0000-000000000000, "expirationDateTimeTicks":
      1616265722}}'''
    headers:
      Accept:
      - application/json
      Accept-Encoding:
      - gzip, deflate
      Connection:
      - keep-alive
      Content-Length:
      - '402'
      Content-Type:
      - application/json
      User-Agent:
      - azsdk-python-ai-formrecognizer/3.1.0b4 Python/3.9.0 (Windows-10-10.0.19041-SP0)
    method: POST
    uri: https://region.api.cognitive.microsoft.com/formrecognizer/v2.1-preview.3/custom/models/34ba8969-3c56-4c99-906c-2cd1825fbdd7/copy
  response:
    body:
      string: ''
    headers:
      apim-request-id:
      - 01063c87-4a91-48bb-9bb5-2f2d08da468a
      content-length:
      - '0'
      date:
      - Fri, 19 Mar 2021 18:42:02 GMT
      operation-location:
      - https://region.api.cognitive.microsoft.com/formrecognizer/v2.1-preview.3/custom/models/34ba8969-3c56-4c99-906c-2cd1825fbdd7/copyresults/7865aea7-f9f5-4ea1-8dc4-efd27c6555d6
      strict-transport-security:
      - max-age=31536000; includeSubDomains; preload
      x-content-type-options:
      - nosniff
      x-envoy-upstream-service-time:
      - '45'
    status:
      code: 202
      message: Accepted
- request:
    body: null
    headers:
      Accept:
      - '*/*'
      Accept-Encoding:
      - gzip, deflate
      Connection:
      - keep-alive
      User-Agent:
      - azsdk-python-ai-formrecognizer/3.1.0b4 Python/3.9.0 (Windows-10-10.0.19041-SP0)
    method: GET
    uri: https://region.api.cognitive.microsoft.com/formrecognizer/v2.1-preview.3/custom/models/34ba8969-3c56-4c99-906c-2cd1825fbdd7/copyresults/7865aea7-f9f5-4ea1-8dc4-efd27c6555d6
  response:
    body:
      string: '{"status": "notStarted", "createdDateTime": "2021-03-19T18:42:02Z",
        "lastUpdatedDateTime": "2021-03-19T18:42:02Z", "copyResult": {"modelId": "b293de0b-b71c-4778-9fce-212134b01fe7"}}'
    headers:
      apim-request-id:
      - 78cdda51-ae79-4acf-804f-d7860d69b78a
      content-length:
      - '173'
      content-type:
      - application/json; charset=utf-8
      date:
      - Fri, 19 Mar 2021 18:42:07 GMT
      strict-transport-security:
      - max-age=31536000; includeSubDomains; preload
      x-content-type-options:
      - nosniff
      x-envoy-upstream-service-time:
      - '14'
    status:
      code: 200
      message: OK
- request:
    body: null
    headers:
      Accept:
      - '*/*'
      Accept-Encoding:
      - gzip, deflate
      Connection:
      - keep-alive
      User-Agent:
      - azsdk-python-ai-formrecognizer/3.1.0b4 Python/3.9.0 (Windows-10-10.0.19041-SP0)
    method: GET
    uri: https://region.api.cognitive.microsoft.com/formrecognizer/v2.1-preview.3/custom/models/34ba8969-3c56-4c99-906c-2cd1825fbdd7/copyresults/7865aea7-f9f5-4ea1-8dc4-efd27c6555d6
  response:
    body:
      string: '{"status": "notStarted", "createdDateTime": "2021-03-19T18:42:02Z",
        "lastUpdatedDateTime": "2021-03-19T18:42:02Z", "copyResult": {"modelId": "b293de0b-b71c-4778-9fce-212134b01fe7"}}'
    headers:
      apim-request-id:
      - 423ba089-38ef-4002-80b1-1831295e8754
      content-length:
      - '173'
      content-type:
      - application/json; charset=utf-8
      date:
      - Fri, 19 Mar 2021 18:42:12 GMT
      strict-transport-security:
      - max-age=31536000; includeSubDomains; preload
      x-content-type-options:
      - nosniff
      x-envoy-upstream-service-time:
      - '15'
    status:
      code: 200
      message: OK
- request:
    body: null
    headers:
      Accept:
      - '*/*'
      Accept-Encoding:
      - gzip, deflate
      Connection:
      - keep-alive
      User-Agent:
      - azsdk-python-ai-formrecognizer/3.1.0b4 Python/3.9.0 (Windows-10-10.0.19041-SP0)
    method: GET
    uri: https://region.api.cognitive.microsoft.com/formrecognizer/v2.1-preview.3/custom/models/34ba8969-3c56-4c99-906c-2cd1825fbdd7/copyresults/7865aea7-f9f5-4ea1-8dc4-efd27c6555d6
  response:
    body:
      string: '{"status": "notStarted", "createdDateTime": "2021-03-19T18:42:02Z",
        "lastUpdatedDateTime": "2021-03-19T18:42:02Z", "copyResult": {"modelId": "b293de0b-b71c-4778-9fce-212134b01fe7"}}'
    headers:
      apim-request-id:
      - bd259679-c04d-4393-9ac9-6ece73f63705
      content-length:
      - '173'
      content-type:
      - application/json; charset=utf-8
      date:
      - Fri, 19 Mar 2021 18:42:18 GMT
      strict-transport-security:
      - max-age=31536000; includeSubDomains; preload
      x-content-type-options:
      - nosniff
      x-envoy-upstream-service-time:
      - '15'
    status:
      code: 200
      message: OK
- request:
    body: null
    headers:
      Accept:
      - '*/*'
      Accept-Encoding:
      - gzip, deflate
      Connection:
      - keep-alive
      User-Agent:
      - azsdk-python-ai-formrecognizer/3.1.0b4 Python/3.9.0 (Windows-10-10.0.19041-SP0)
    method: GET
    uri: https://region.api.cognitive.microsoft.com/formrecognizer/v2.1-preview.3/custom/models/34ba8969-3c56-4c99-906c-2cd1825fbdd7/copyresults/7865aea7-f9f5-4ea1-8dc4-efd27c6555d6
  response:
    body:
      string: '{"status": "notStarted", "createdDateTime": "2021-03-19T18:42:02Z",
        "lastUpdatedDateTime": "2021-03-19T18:42:02Z", "copyResult": {"modelId": "b293de0b-b71c-4778-9fce-212134b01fe7"}}'
    headers:
      apim-request-id:
      - 7d28abd1-debe-4d88-aea9-1f6ab348004e
      content-length:
      - '173'
      content-type:
      - application/json; charset=utf-8
      date:
      - Fri, 19 Mar 2021 18:42:23 GMT
      strict-transport-security:
      - max-age=31536000; includeSubDomains; preload
      x-content-type-options:
      - nosniff
      x-envoy-upstream-service-time:
      - '15'
    status:
      code: 200
      message: OK
- request:
    body: null
    headers:
      Accept:
      - '*/*'
      Accept-Encoding:
      - gzip, deflate
      Connection:
      - keep-alive
      User-Agent:
      - azsdk-python-ai-formrecognizer/3.1.0b4 Python/3.9.0 (Windows-10-10.0.19041-SP0)
    method: GET
    uri: https://region.api.cognitive.microsoft.com/formrecognizer/v2.1-preview.3/custom/models/34ba8969-3c56-4c99-906c-2cd1825fbdd7/copyresults/7865aea7-f9f5-4ea1-8dc4-efd27c6555d6
  response:
    body:
      string: '{"status": "notStarted", "createdDateTime": "2021-03-19T18:42:02Z",
        "lastUpdatedDateTime": "2021-03-19T18:42:02Z", "copyResult": {"modelId": "b293de0b-b71c-4778-9fce-212134b01fe7"}}'
    headers:
      apim-request-id:
      - 485df7f3-fe29-4160-8eeb-ebdf53803f7d
      content-length:
      - '173'
      content-type:
      - application/json; charset=utf-8
      date:
      - Fri, 19 Mar 2021 18:42:27 GMT
      strict-transport-security:
      - max-age=31536000; includeSubDomains; preload
      x-content-type-options:
      - nosniff
      x-envoy-upstream-service-time:
      - '16'
    status:
      code: 200
      message: OK
- request:
    body: null
    headers:
      Accept:
      - '*/*'
      Accept-Encoding:
      - gzip, deflate
      Connection:
      - keep-alive
      User-Agent:
      - azsdk-python-ai-formrecognizer/3.1.0b4 Python/3.9.0 (Windows-10-10.0.19041-SP0)
    method: GET
    uri: https://region.api.cognitive.microsoft.com/formrecognizer/v2.1-preview.3/custom/models/34ba8969-3c56-4c99-906c-2cd1825fbdd7/copyresults/7865aea7-f9f5-4ea1-8dc4-efd27c6555d6
  response:
    body:
      string: '{"status": "failed", "createdDateTime": "2021-03-19T18:42:29.4417553Z",
        "lastUpdatedDateTime": "2021-03-19T18:42:29.4417556Z", "copyResult": {"modelId":
        "b293de0b-b71c-4778-9fce-212134b01fe7", "errors": [{"code": "2024", "innerError":
        {"requestId": "352a7774-124f-4842-a522-9e43fd01235a"}, "message": "Could not
        retrieve authorization metadata. If this issue persists use a different target
        model to copy into."}]}}'
    headers:
      apim-request-id:
      - 352a7774-124f-4842-a522-9e43fd01235a
      content-length:
      - '399'
      content-type:
      - application/json; charset=utf-8
      date:
      - Fri, 19 Mar 2021 18:42:33 GMT
      ms-azure-ai-errorcode:
      - '2024'
      strict-transport-security:
      - max-age=31536000; includeSubDomains; preload
      x-content-type-options:
      - nosniff
      x-envoy-upstream-service-time:
      - '16'
    status:
      code: 200
      message: OK
version: 1
