interactions:
- request:
    body: 'b''{"source": "container_sas_url", "sourceFilter": {"prefix": "", "includeSubFolders":
      false}, "useLabelFile": true}'''
    headers:
      Accept:
      - application/json
      Accept-Encoding:
      - gzip, deflate
      Connection:
      - keep-alive
      Content-Length:
      - '291'
      Content-Type:
      - application/json
      User-Agent:
      - azsdk-python-ai-formrecognizer/3.1.0 Python/3.9.0 (Windows-10-10.0.19041-SP0)
    method: POST
    uri: https://region.api.cognitive.microsoft.com/formrecognizer/v2.1/custom/models
  response:
    body:
      string: ''
    headers:
      apim-request-id:
      - b74b3f2b-4a3e-4359-9057-bf7168a2c566
      content-length:
      - '0'
      date:
      - Tue, 11 May 2021 00:20:59 GMT
      location:
      - https://region.api.cognitive.microsoft.com/formrecognizer/v2.1/custom/models/9935c1fb-d90d-4c76-b1a2-f0c50f06997c
      strict-transport-security:
      - max-age=31536000; includeSubDomains; preload
      x-content-type-options:
      - nosniff
      x-envoy-upstream-service-time:
      - '65'
    status:
      code: 201
      message: Created
- request:
    body: null
    headers:
      Accept:
      - '*/*'
      Accept-Encoding:
      - gzip, deflate
      Connection:
      - keep-alive
      User-Agent:
      - azsdk-python-ai-formrecognizer/3.1.0 Python/3.9.0 (Windows-10-10.0.19041-SP0)
    method: GET
    uri: https://region.api.cognitive.microsoft.com/formrecognizer/v2.1/custom/models/9935c1fb-d90d-4c76-b1a2-f0c50f06997c?includeKeys=true
  response:
    body:
      string: '{"modelInfo": {"modelId": "9935c1fb-d90d-4c76-b1a2-f0c50f06997c", "attributes":
        {"isComposed": false}, "status": "ready", "createdDateTime": "2021-05-11T00:21:00Z",
        "lastUpdatedDateTime": "2021-05-11T00:21:04Z"}, "trainResult": {"averageModelAccuracy":
        0.96, "trainingDocuments": [{"documentName": "Form_1.jpg", "pages": 1, "status":
        "succeeded"}, {"documentName": "Form_2.jpg", "pages": 1, "status": "succeeded"},
        {"documentName": "Form_3.jpg", "pages": 1, "status": "succeeded"}, {"documentName":
        "Form_4.jpg", "pages": 1, "status": "succeeded"}, {"documentName": "Form_5.jpg",
        "pages": 1, "status": "succeeded"}], "fields": [{"fieldName": "CompanyAddress",
        "accuracy": 0.8}, {"fieldName": "CompanyName", "accuracy": 0.995}, {"fieldName":
        "CompanyPhoneNumber", "accuracy": 0.995}, {"fieldName": "DatedAs", "accuracy":
        0.995}, {"fieldName": "Email", "accuracy": 0.8}, {"fieldName": "Merchant",
        "accuracy": 0.995}, {"fieldName": "PhoneNumber", "accuracy": 0.995}, {"fieldName":
        "PurchaseOrderNumber", "accuracy": 0.995}, {"fieldName": "Quantity", "accuracy":
        0.995}, {"fieldName": "Signature", "accuracy": 0.8}, {"fieldName": "Subtotal",
        "accuracy": 0.995}, {"fieldName": "Tax", "accuracy": 0.995}, {"fieldName":
        "Total", "accuracy": 0.995}, {"fieldName": "VendorName", "accuracy": 0.995},
        {"fieldName": "Website", "accuracy": 0.995}], "errors": []}}'
    headers:
      apim-request-id:
      - 3f8404d2-d5ff-41b8-9d5c-c65821d4e1e4
      content-length:
      - '1242'
      content-type:
      - application/json; charset=utf-8
      date:
      - Tue, 11 May 2021 00:21:05 GMT
      strict-transport-security:
      - max-age=31536000; includeSubDomains; preload
      x-content-type-options:
      - nosniff
      x-envoy-upstream-service-time:
      - '19'
    status:
      code: 200
      message: OK
- request:
    body: 'b''{"source": "container_sas_url", "sourceFilter": {"prefix": "", "includeSubFolders":
      false}, "useLabelFile": true}'''
    headers:
      Accept:
      - application/json
      Accept-Encoding:
      - gzip, deflate
      Connection:
      - keep-alive
      Content-Length:
      - '291'
      Content-Type:
      - application/json
      User-Agent:
      - azsdk-python-ai-formrecognizer/3.1.0 Python/3.9.0 (Windows-10-10.0.19041-SP0)
    method: POST
    uri: https://region.api.cognitive.microsoft.com/formrecognizer/v2.1/custom/models
  response:
    body:
      string: ''
    headers:
      apim-request-id:
      - 1de98f7e-7a85-483e-b776-e2276f818f44
      content-length:
      - '0'
      date:
      - Tue, 11 May 2021 00:21:05 GMT
      location:
      - https://region.api.cognitive.microsoft.com/formrecognizer/v2.1/custom/models/547be027-547d-4209-87eb-65ea116b71b8
      strict-transport-security:
      - max-age=31536000; includeSubDomains; preload
      x-content-type-options:
      - nosniff
      x-envoy-upstream-service-time:
      - '75'
    status:
      code: 201
      message: Created
- request:
    body: null
    headers:
      Accept:
      - '*/*'
      Accept-Encoding:
      - gzip, deflate
      Connection:
      - keep-alive
      User-Agent:
      - azsdk-python-ai-formrecognizer/3.1.0 Python/3.9.0 (Windows-10-10.0.19041-SP0)
    method: GET
    uri: https://region.api.cognitive.microsoft.com/formrecognizer/v2.1/custom/models/547be027-547d-4209-87eb-65ea116b71b8?includeKeys=true
  response:
    body:
      string: '{"modelInfo": {"modelId": "547be027-547d-4209-87eb-65ea116b71b8", "attributes":
        {"isComposed": false}, "status": "ready", "createdDateTime": "2021-05-11T00:21:05Z",
        "lastUpdatedDateTime": "2021-05-11T00:21:09Z"}, "trainResult": {"averageModelAccuracy":
        0.96, "trainingDocuments": [{"documentName": "Form_1.jpg", "pages": 1, "status":
        "succeeded"}, {"documentName": "Form_2.jpg", "pages": 1, "status": "succeeded"},
        {"documentName": "Form_3.jpg", "pages": 1, "status": "succeeded"}, {"documentName":
        "Form_4.jpg", "pages": 1, "status": "succeeded"}, {"documentName": "Form_5.jpg",
        "pages": 1, "status": "succeeded"}], "fields": [{"fieldName": "CompanyAddress",
        "accuracy": 0.8}, {"fieldName": "CompanyName", "accuracy": 0.995}, {"fieldName":
        "CompanyPhoneNumber", "accuracy": 0.995}, {"fieldName": "DatedAs", "accuracy":
        0.995}, {"fieldName": "Email", "accuracy": 0.8}, {"fieldName": "Merchant",
        "accuracy": 0.995}, {"fieldName": "PhoneNumber", "accuracy": 0.995}, {"fieldName":
        "PurchaseOrderNumber", "accuracy": 0.995}, {"fieldName": "Quantity", "accuracy":
        0.995}, {"fieldName": "Signature", "accuracy": 0.8}, {"fieldName": "Subtotal",
        "accuracy": 0.995}, {"fieldName": "Tax", "accuracy": 0.995}, {"fieldName":
        "Total", "accuracy": 0.995}, {"fieldName": "VendorName", "accuracy": 0.995},
        {"fieldName": "Website", "accuracy": 0.995}], "errors": []}}'
    headers:
      apim-request-id:
      - 44edc849-1c09-43a3-8230-36684a8407ec
      content-length:
      - '1242'
      content-type:
      - application/json; charset=utf-8
      date:
      - Tue, 11 May 2021 00:21:10 GMT
      strict-transport-security:
      - max-age=31536000; includeSubDomains; preload
      x-content-type-options:
      - nosniff
      x-envoy-upstream-service-time:
      - '19'
    status:
      code: 200
      message: OK
- request:
    body: 'b''{"modelIds": ["9935c1fb-d90d-4c76-b1a2-f0c50f06997c", "547be027-547d-4209-87eb-65ea116b71b8"]}'''
    headers:
      Accept:
      - application/json, text/json
      Accept-Encoding:
      - gzip, deflate
      Connection:
      - keep-alive
      Content-Length:
      - '94'
      Content-Type:
      - application/json
      User-Agent:
      - azsdk-python-ai-formrecognizer/3.1.0 Python/3.9.0 (Windows-10-10.0.19041-SP0)
    method: POST
    uri: https://region.api.cognitive.microsoft.com/formrecognizer/v2.1/custom/models/compose
  response:
    body:
      string: ''
    headers:
      apim-request-id:
      - a9952ed6-fa79-4415-b6bf-7fad418cec03
      content-length:
      - '0'
      date:
      - Tue, 11 May 2021 00:21:10 GMT
      location:
      - https://region.api.cognitive.microsoft.com/formrecognizer/v2.1/custom/models/5e9a99a2-e8cc-4d5e-90d6-f4e80244cd57
      strict-transport-security:
      - max-age=31536000; includeSubDomains; preload
      x-content-type-options:
      - nosniff
      x-envoy-upstream-service-time:
      - '87'
    status:
      code: 201
      message: Created
- request:
    body: null
    headers:
      Accept:
      - '*/*'
      Accept-Encoding:
      - gzip, deflate
      Connection:
      - keep-alive
      User-Agent:
      - azsdk-python-ai-formrecognizer/3.1.0 Python/3.9.0 (Windows-10-10.0.19041-SP0)
    method: GET
    uri: https://region.api.cognitive.microsoft.com/formrecognizer/v2.1/custom/models/5e9a99a2-e8cc-4d5e-90d6-f4e80244cd57?includeKeys=true
  response:
    body:
      string: '{"modelInfo": {"modelId": "5e9a99a2-e8cc-4d5e-90d6-f4e80244cd57", "attributes":
        {"isComposed": true}, "status": "ready", "createdDateTime": "2021-05-11T00:21:11Z",
        "lastUpdatedDateTime": "2021-05-11T00:21:12Z"}, "composedTrainResults": [{"averageModelAccuracy":
        0.96, "trainingDocuments": [{"documentName": "Form_1.jpg", "pages": 1, "status":
        "succeeded"}, {"documentName": "Form_2.jpg", "pages": 1, "status": "succeeded"},
        {"documentName": "Form_3.jpg", "pages": 1, "status": "succeeded"}, {"documentName":
        "Form_4.jpg", "pages": 1, "status": "succeeded"}, {"documentName": "Form_5.jpg",
        "pages": 1, "status": "succeeded"}], "fields": [{"fieldName": "CompanyAddress",
        "accuracy": 0.8}, {"fieldName": "CompanyName", "accuracy": 0.995}, {"fieldName":
        "CompanyPhoneNumber", "accuracy": 0.995}, {"fieldName": "DatedAs", "accuracy":
        0.995}, {"fieldName": "Email", "accuracy": 0.8}, {"fieldName": "Merchant",
        "accuracy": 0.995}, {"fieldName": "PhoneNumber", "accuracy": 0.995}, {"fieldName":
        "PurchaseOrderNumber", "accuracy": 0.995}, {"fieldName": "Quantity", "accuracy":
        0.995}, {"fieldName": "Signature", "accuracy": 0.8}, {"fieldName": "Subtotal",
        "accuracy": 0.995}, {"fieldName": "Tax", "accuracy": 0.995}, {"fieldName":
        "Total", "accuracy": 0.995}, {"fieldName": "VendorName", "accuracy": 0.995},
        {"fieldName": "Website", "accuracy": 0.995}], "modelId": "9935c1fb-d90d-4c76-b1a2-f0c50f06997c",
        "errors": []}, {"averageModelAccuracy": 0.96, "trainingDocuments": [{"documentName":
        "Form_1.jpg", "pages": 1, "status": "succeeded"}, {"documentName": "Form_2.jpg",
        "pages": 1, "status": "succeeded"}, {"documentName": "Form_3.jpg", "pages":
        1, "status": "succeeded"}, {"documentName": "Form_4.jpg", "pages": 1, "status":
        "succeeded"}, {"documentName": "Form_5.jpg", "pages": 1, "status": "succeeded"}],
        "fields": [{"fieldName": "CompanyAddress", "accuracy": 0.8}, {"fieldName":
        "CompanyName", "accuracy": 0.995}, {"fieldName": "CompanyPhoneNumber", "accuracy":
        0.995}, {"fieldName": "DatedAs", "accuracy": 0.995}, {"fieldName": "Email",
        "accuracy": 0.8}, {"fieldName": "Merchant", "accuracy": 0.995}, {"fieldName":
        "PhoneNumber", "accuracy": 0.995}, {"fieldName": "PurchaseOrderNumber", "accuracy":
        0.995}, {"fieldName": "Quantity", "accuracy": 0.995}, {"fieldName": "Signature",
        "accuracy": 0.8}, {"fieldName": "Subtotal", "accuracy": 0.995}, {"fieldName":
        "Tax", "accuracy": 0.995}, {"fieldName": "Total", "accuracy": 0.995}, {"fieldName":
        "VendorName", "accuracy": 0.995}, {"fieldName": "Website", "accuracy": 0.995}],
        "modelId": "547be027-547d-4209-87eb-65ea116b71b8", "errors": []}]}'
    headers:
      apim-request-id:
      - eb9fd691-006a-46cf-aee9-eb1223e390ee
      content-length:
      - '2377'
      content-type:
      - application/json; charset=utf-8
      date:
      - Tue, 11 May 2021 00:21:16 GMT
      strict-transport-security:
      - max-age=31536000; includeSubDomains; preload
      x-content-type-options:
      - nosniff
      x-envoy-upstream-service-time:
      - '24'
    status:
      code: 200
      message: OK
version: 1
