{
  "Entries": [
    {
      "RequestUri": "https://fakeendpoint.cognitiveservices.azure.com/formrecognizer/documentModels:build?api-version=2021-09-30-preview",
      "RequestMethod": "POST",
      "RequestHeaders": {
        "Accept": "application/json",
        "Accept-Encoding": "gzip, deflate",
        "Content-Length": "131",
        "Content-Type": "application/json",
        "User-Agent": "azsdk-python-ai-formrecognizer/3.2.0b3 Python/3.8.5 (Windows-10-10.0.19041-SP0)",
        "x-ms-client-request-id": "9d8ddcdc-5edd-11ec-9ced-c8348e073d30"
      },
      "RequestBody": {
        "modelId": "1845fe1e-aa59-4643-a312-40a1b619f53b",
        "description": "model1",
        "azureBlobSource": {
          "containerUrl": "https://blob_sas_url"
        }
      },
      "StatusCode": 202,
      "ResponseHeaders": {
        "apim-request-id": "bc365b8a-e020-4d61-bca4-02a3254fe2ec",
        "Content-Length": "0",
        "Date": "Fri, 17 Dec 2021 02:04:09 GMT",
        "operation-location": "https://fakeendpoint.cognitiveservices.azure.com/formrecognizer/operations/31526661353_bc365b8a-e020-4d61-bca4-02a3254fe2ec?api-version=2021-09-30-preview",
        "Strict-Transport-Security": "max-age=31536000; includeSubDomains; preload",
        "X-Content-Type-Options": "nosniff",
        "x-envoy-upstream-service-time": "2696"
      },
      "ResponseBody": null
    },
    {
      "RequestUri": "https://fakeendpoint.cognitiveservices.azure.com/formrecognizer/operations/31526661353_bc365b8a-e020-4d61-bca4-02a3254fe2ec?api-version=2021-09-30-preview",
      "RequestMethod": "GET",
      "RequestHeaders": {
        "Accept": "*/*",
        "Accept-Encoding": "gzip, deflate",
        "User-Agent": "azsdk-python-ai-formrecognizer/3.2.0b3 Python/3.8.5 (Windows-10-10.0.19041-SP0)",
        "x-ms-client-request-id": "9d8ddcdc-5edd-11ec-9ced-c8348e073d30"
      },
      "RequestBody": null,
      "StatusCode": 200,
      "ResponseHeaders": {
        "apim-request-id": "4c14d5f1-0936-48b1-a2b6-dc360c57eb1b",
        "Content-Type": "application/json; charset=utf-8",
        "Date": "Fri, 17 Dec 2021 02:04:14 GMT",
        "Strict-Transport-Security": "max-age=31536000; includeSubDomains; preload",
        "Transfer-Encoding": "chunked",
        "X-Content-Type-Options": "nosniff",
        "x-envoy-upstream-service-time": "45"
      },
      "ResponseBody": [
        "{\n",
        "  \u0022operationId\u0022: \u002231526661353_bc365b8a-e020-4d61-bca4-02a3254fe2ec\u0022,\n",
        "  \u0022kind\u0022: \u0022documentModelBuild\u0022,\n",
        "  \u0022status\u0022: \u0022succeeded\u0022,\n",
        "  \u0022createdDateTime\u0022: \u00222021-12-17T02:04:06Z\u0022,\n",
        "  \u0022lastUpdatedDateTime\u0022: \u00222021-12-17T02:04:12Z\u0022,\n",
        "  \u0022resourceLocation\u0022: \u0022https://fakeendpoint.cognitiveservices.azure.com/formrecognizer/documentModels/1845fe1e-aa59-4643-a312-40a1b619f53b?api-version=2021-09-30-preview\u0022,\n",
        "  \u0022percentCompleted\u0022: 100,\n",
        "  \u0022result\u0022: {\n",
        "    \u0022docTypes\u0022: {\n",
        "      \u00221845fe1e-aa59-4643-a312-40a1b619f53b\u0022: {\n",
        "        \u0022fieldSchema\u0022: {\n",
        "          \u0022Merchant\u0022: {\n",
        "            \u0022type\u0022: \u0022string\u0022\n",
        "          },\n",
        "          \u0022PhoneNumber\u0022: {\n",
        "            \u0022type\u0022: \u0022string\u0022\n",
        "          },\n",
        "          \u0022Website\u0022: {\n",
        "            \u0022type\u0022: \u0022string\u0022\n",
        "          },\n",
        "          \u0022Email\u0022: {\n",
        "            \u0022type\u0022: \u0022string\u0022\n",
        "          },\n",
        "          \u0022PurchaseOrderNumber\u0022: {\n",
        "            \u0022type\u0022: \u0022string\u0022\n",
        "          },\n",
        "          \u0022DatedAs\u0022: {\n",
        "            \u0022type\u0022: \u0022string\u0022\n",
        "          },\n",
        "          \u0022VendorName\u0022: {\n",
        "            \u0022type\u0022: \u0022string\u0022\n",
        "          },\n",
        "          \u0022CompanyName\u0022: {\n",
        "            \u0022type\u0022: \u0022string\u0022\n",
        "          },\n",
        "          \u0022CompanyAddress\u0022: {\n",
        "            \u0022type\u0022: \u0022string\u0022\n",
        "          },\n",
        "          \u0022CompanyPhoneNumber\u0022: {\n",
        "            \u0022type\u0022: \u0022string\u0022\n",
        "          },\n",
        "          \u0022Subtotal\u0022: {\n",
        "            \u0022type\u0022: \u0022string\u0022\n",
        "          },\n",
        "          \u0022Tax\u0022: {\n",
        "            \u0022type\u0022: \u0022string\u0022\n",
        "          },\n",
        "          \u0022Total\u0022: {\n",
        "            \u0022type\u0022: \u0022string\u0022\n",
        "          },\n",
        "          \u0022Signature\u0022: {\n",
        "            \u0022type\u0022: \u0022string\u0022\n",
        "          },\n",
        "          \u0022Quantity\u0022: {\n",
        "            \u0022type\u0022: \u0022number\u0022\n",
        "          },\n",
        "          \u0022FullSignature\u0022: {\n",
        "            \u0022type\u0022: \u0022signature\u0022\n",
        "          }\n",
        "        },\n",
        "        \u0022technique\u0022: \u0022fixedTemplate-2021-07-30\u0022,\n",
        "        \u0022modelType\u0022: \u0022form\u0022,\n",
        "        \u0022fieldConfidence\u0022: {\n",
        "          \u0022CompanyAddress\u0022: 0.8,\n",
        "          \u0022CompanyName\u0022: 0.95,\n",
        "          \u0022CompanyPhoneNumber\u0022: 0.95,\n",
        "          \u0022DatedAs\u0022: 0.95,\n",
        "          \u0022Email\u0022: 0.8,\n",
        "          \u0022FullSignature\u0022: 0.6,\n",
        "          \u0022Merchant\u0022: 0.95,\n",
        "          \u0022PhoneNumber\u0022: 0.95,\n",
        "          \u0022PurchaseOrderNumber\u0022: 0.95,\n",
        "          \u0022Quantity\u0022: 0.95,\n",
        "          \u0022Signature\u0022: 0.95,\n",
        "          \u0022Subtotal\u0022: 0.95,\n",
        "          \u0022Tax\u0022: 0.95,\n",
        "          \u0022Total\u0022: 0.95,\n",
        "          \u0022VendorName\u0022: 0.95,\n",
        "          \u0022Website\u0022: 0.95\n",
        "        }\n",
        "      }\n",
        "    },\n",
        "    \u0022modelId\u0022: \u00221845fe1e-aa59-4643-a312-40a1b619f53b\u0022,\n",
        "    \u0022createdDateTime\u0022: \u00222021-12-17T02:04:12Z\u0022,\n",
        "    \u0022description\u0022: \u0022model1\u0022\n",
        "  }\n",
        "}"
      ]
    },
    {
      "RequestUri": "https://fakeendpoint.cognitiveservices.azure.com/formrecognizer/documentModels:build?api-version=2021-09-30-preview",
      "RequestMethod": "POST",
      "RequestHeaders": {
        "Accept": "application/json",
        "Accept-Encoding": "gzip, deflate",
        "Content-Length": "131",
        "Content-Type": "application/json",
        "User-Agent": "azsdk-python-ai-formrecognizer/3.2.0b3 Python/3.8.5 (Windows-10-10.0.19041-SP0)",
        "x-ms-client-request-id": "a26405ed-5edd-11ec-9b44-c8348e073d30"
      },
      "RequestBody": {
        "modelId": "48402186-72d3-4a4e-a43a-71d2a909ff5d",
        "description": "model2",
        "azureBlobSource": {
          "containerUrl": "https://blob_sas_url"
        }
      },
      "StatusCode": 202,
      "ResponseHeaders": {
        "apim-request-id": "de5c4742-b8d0-45b1-b48b-5f2fc976a887",
        "Content-Length": "0",
        "Date": "Fri, 17 Dec 2021 02:04:17 GMT",
        "operation-location": "https://fakeendpoint.cognitiveservices.azure.com/formrecognizer/operations/31526661345_de5c4742-b8d0-45b1-b48b-5f2fc976a887?api-version=2021-09-30-preview",
        "Strict-Transport-Security": "max-age=31536000; includeSubDomains; preload",
        "X-Content-Type-Options": "nosniff",
        "x-envoy-upstream-service-time": "2919"
      },
      "ResponseBody": null
    },
    {
      "RequestUri": "https://fakeendpoint.cognitiveservices.azure.com/formrecognizer/operations/31526661345_de5c4742-b8d0-45b1-b48b-5f2fc976a887?api-version=2021-09-30-preview",
      "RequestMethod": "GET",
      "RequestHeaders": {
        "Accept": "*/*",
        "Accept-Encoding": "gzip, deflate",
        "User-Agent": "azsdk-python-ai-formrecognizer/3.2.0b3 Python/3.8.5 (Windows-10-10.0.19041-SP0)",
        "x-ms-client-request-id": "a26405ed-5edd-11ec-9b44-c8348e073d30"
      },
      "RequestBody": null,
      "StatusCode": 200,
      "ResponseHeaders": {
        "apim-request-id": "46cf9ee1-dcf8-4c42-8328-c9dd3231baa4",
        "Content-Type": "application/json; charset=utf-8",
        "Date": "Fri, 17 Dec 2021 02:04:21 GMT",
        "Strict-Transport-Security": "max-age=31536000; includeSubDomains; preload",
        "Transfer-Encoding": "chunked",
        "X-Content-Type-Options": "nosniff",
        "x-envoy-upstream-service-time": "38"
      },
      "ResponseBody": [
        "{\n",
        "  \u0022operationId\u0022: \u002231526661345_de5c4742-b8d0-45b1-b48b-5f2fc976a887\u0022,\n",
        "  \u0022kind\u0022: \u0022documentModelBuild\u0022,\n",
        "  \u0022status\u0022: \u0022succeeded\u0022,\n",
        "  \u0022createdDateTime\u0022: \u00222021-12-17T02:04:14Z\u0022,\n",
        "  \u0022lastUpdatedDateTime\u0022: \u00222021-12-17T02:04:20Z\u0022,\n",
        "  \u0022resourceLocation\u0022: \u0022https://fakeendpoint.cognitiveservices.azure.com/formrecognizer/documentModels/48402186-72d3-4a4e-a43a-71d2a909ff5d?api-version=2021-09-30-preview\u0022,\n",
        "  \u0022percentCompleted\u0022: 100,\n",
        "  \u0022result\u0022: {\n",
        "    \u0022docTypes\u0022: {\n",
        "      \u002248402186-72d3-4a4e-a43a-71d2a909ff5d\u0022: {\n",
        "        \u0022fieldSchema\u0022: {\n",
        "          \u0022Merchant\u0022: {\n",
        "            \u0022type\u0022: \u0022string\u0022\n",
        "          },\n",
        "          \u0022PhoneNumber\u0022: {\n",
        "            \u0022type\u0022: \u0022string\u0022\n",
        "          },\n",
        "          \u0022Website\u0022: {\n",
        "            \u0022type\u0022: \u0022string\u0022\n",
        "          },\n",
        "          \u0022Email\u0022: {\n",
        "            \u0022type\u0022: \u0022string\u0022\n",
        "          },\n",
        "          \u0022PurchaseOrderNumber\u0022: {\n",
        "            \u0022type\u0022: \u0022string\u0022\n",
        "          },\n",
        "          \u0022DatedAs\u0022: {\n",
        "            \u0022type\u0022: \u0022string\u0022\n",
        "          },\n",
        "          \u0022VendorName\u0022: {\n",
        "            \u0022type\u0022: \u0022string\u0022\n",
        "          },\n",
        "          \u0022CompanyName\u0022: {\n",
        "            \u0022type\u0022: \u0022string\u0022\n",
        "          },\n",
        "          \u0022CompanyAddress\u0022: {\n",
        "            \u0022type\u0022: \u0022string\u0022\n",
        "          },\n",
        "          \u0022CompanyPhoneNumber\u0022: {\n",
        "            \u0022type\u0022: \u0022string\u0022\n",
        "          },\n",
        "          \u0022Subtotal\u0022: {\n",
        "            \u0022type\u0022: \u0022string\u0022\n",
        "          },\n",
        "          \u0022Tax\u0022: {\n",
        "            \u0022type\u0022: \u0022string\u0022\n",
        "          },\n",
        "          \u0022Total\u0022: {\n",
        "            \u0022type\u0022: \u0022string\u0022\n",
        "          },\n",
        "          \u0022Signature\u0022: {\n",
        "            \u0022type\u0022: \u0022string\u0022\n",
        "          },\n",
        "          \u0022Quantity\u0022: {\n",
        "            \u0022type\u0022: \u0022number\u0022\n",
        "          },\n",
        "          \u0022FullSignature\u0022: {\n",
        "            \u0022type\u0022: \u0022signature\u0022\n",
        "          }\n",
        "        },\n",
        "        \u0022technique\u0022: \u0022fixedTemplate-2021-07-30\u0022,\n",
        "        \u0022modelType\u0022: \u0022form\u0022,\n",
        "        \u0022fieldConfidence\u0022: {\n",
        "          \u0022CompanyAddress\u0022: 0.8,\n",
        "          \u0022CompanyName\u0022: 0.95,\n",
        "          \u0022CompanyPhoneNumber\u0022: 0.95,\n",
        "          \u0022DatedAs\u0022: 0.95,\n",
        "          \u0022Email\u0022: 0.8,\n",
        "          \u0022FullSignature\u0022: 0.6,\n",
        "          \u0022Merchant\u0022: 0.95,\n",
        "          \u0022PhoneNumber\u0022: 0.95,\n",
        "          \u0022PurchaseOrderNumber\u0022: 0.95,\n",
        "          \u0022Quantity\u0022: 0.95,\n",
        "          \u0022Signature\u0022: 0.95,\n",
        "          \u0022Subtotal\u0022: 0.95,\n",
        "          \u0022Tax\u0022: 0.95,\n",
        "          \u0022Total\u0022: 0.95,\n",
        "          \u0022VendorName\u0022: 0.95,\n",
        "          \u0022Website\u0022: 0.95\n",
        "        }\n",
        "      }\n",
        "    },\n",
        "    \u0022modelId\u0022: \u002248402186-72d3-4a4e-a43a-71d2a909ff5d\u0022,\n",
        "    \u0022createdDateTime\u0022: \u00222021-12-17T02:04:19Z\u0022,\n",
        "    \u0022description\u0022: \u0022model2\u0022\n",
        "  }\n",
        "}"
      ]
    },
    {
      "RequestUri": "https://fakeendpoint.cognitiveservices.azure.com/formrecognizer/documentModels:compose?api-version=2021-09-30-preview",
      "RequestMethod": "POST",
      "RequestHeaders": {
        "Accept": "application/json",
        "Accept-Encoding": "gzip, deflate",
        "Content-Length": "214",
        "Content-Type": "application/json",
        "User-Agent": "azsdk-python-ai-formrecognizer/3.2.0b3 Python/3.8.5 (Windows-10-10.0.19041-SP0)",
        "x-ms-client-request-id": "a7495fb3-5edd-11ec-80a4-c8348e073d30"
      },
      "RequestBody": "{\u0022modelId\u0022: \u00220bfc0571-6965-4eba-a04c-6bdd93e7ce0b\u0022, \u0022description\u0022: \u0022my composed model\u0022, \u0022componentModels\u0022: [{\u0022modelId\u0022: \u00221845fe1e-aa59-4643-a312-40a1b619f53b\u0022}, {\u0022modelId\u0022: \u002248402186-72d3-4a4e-a43a-71d2a909ff5d\u0022}]}",
      "StatusCode": 202,
      "ResponseHeaders": {
        "apim-request-id": "9ee15486-1a5a-489d-ba4e-9cd572af1fcc",
        "Content-Length": "0",
        "Date": "Fri, 17 Dec 2021 02:04:23 GMT",
        "operation-location": "https://fakeendpoint.cognitiveservices.azure.com/formrecognizer/operations/31526661337_9ee15486-1a5a-489d-ba4e-9cd572af1fcc?api-version=2021-09-30-preview",
        "Strict-Transport-Security": "max-age=31536000; includeSubDomains; preload",
        "X-Content-Type-Options": "nosniff",
        "x-envoy-upstream-service-time": "784"
      },
      "ResponseBody": null
    },
    {
      "RequestUri": "https://fakeendpoint.cognitiveservices.azure.com/formrecognizer/operations/31526661337_9ee15486-1a5a-489d-ba4e-9cd572af1fcc?api-version=2021-09-30-preview",
      "RequestMethod": "GET",
      "RequestHeaders": {
        "Accept": "*/*",
        "Accept-Encoding": "gzip, deflate",
        "User-Agent": "azsdk-python-ai-formrecognizer/3.2.0b3 Python/3.8.5 (Windows-10-10.0.19041-SP0)",
        "x-ms-client-request-id": "a7495fb3-5edd-11ec-80a4-c8348e073d30"
      },
      "RequestBody": null,
      "StatusCode": 200,
      "ResponseHeaders": {
        "apim-request-id": "7c93f179-abee-4ab1-94fa-e11d3e94b121",
        "Content-Type": "application/json; charset=utf-8",
        "Date": "Fri, 17 Dec 2021 02:04:28 GMT",
        "Strict-Transport-Security": "max-age=31536000; includeSubDomains; preload",
        "Transfer-Encoding": "chunked",
        "X-Content-Type-Options": "nosniff",
        "x-envoy-upstream-service-time": "38"
      },
      "ResponseBody": [
        "{\n",
        "  \u0022operationId\u0022: \u002231526661337_9ee15486-1a5a-489d-ba4e-9cd572af1fcc\u0022,\n",
        "  \u0022kind\u0022: \u0022documentModelCompose\u0022,\n",
        "  \u0022status\u0022: \u0022succeeded\u0022,\n",
        "  \u0022createdDateTime\u0022: \u00222021-12-17T02:04:23Z\u0022,\n",
        "  \u0022lastUpdatedDateTime\u0022: \u00222021-12-17T02:04:24Z\u0022,\n",
        "  \u0022resourceLocation\u0022: \u0022https://fakeendpoint.cognitiveservices.azure.com/formrecognizer/documentModels/0bfc0571-6965-4eba-a04c-6bdd93e7ce0b?api-version=2021-09-30-preview\u0022,\n",
        "  \u0022percentCompleted\u0022: 100,\n",
        "  \u0022result\u0022: {\n",
        "    \u0022docTypes\u0022: {\n",
        "      \u00221845fe1e-aa59-4643-a312-40a1b619f53b\u0022: {\n",
        "        \u0022fieldSchema\u0022: {\n",
        "          \u0022Merchant\u0022: {\n",
        "            \u0022type\u0022: \u0022string\u0022\n",
        "          },\n",
        "          \u0022PhoneNumber\u0022: {\n",
        "            \u0022type\u0022: \u0022string\u0022\n",
        "          },\n",
        "          \u0022Website\u0022: {\n",
        "            \u0022type\u0022: \u0022string\u0022\n",
        "          },\n",
        "          \u0022Email\u0022: {\n",
        "            \u0022type\u0022: \u0022string\u0022\n",
        "          },\n",
        "          \u0022PurchaseOrderNumber\u0022: {\n",
        "            \u0022type\u0022: \u0022string\u0022\n",
        "          },\n",
        "          \u0022DatedAs\u0022: {\n",
        "            \u0022type\u0022: \u0022string\u0022\n",
        "          },\n",
        "          \u0022VendorName\u0022: {\n",
        "            \u0022type\u0022: \u0022string\u0022\n",
        "          },\n",
        "          \u0022CompanyName\u0022: {\n",
        "            \u0022type\u0022: \u0022string\u0022\n",
        "          },\n",
        "          \u0022CompanyAddress\u0022: {\n",
        "            \u0022type\u0022: \u0022string\u0022\n",
        "          },\n",
        "          \u0022CompanyPhoneNumber\u0022: {\n",
        "            \u0022type\u0022: \u0022string\u0022\n",
        "          },\n",
        "          \u0022Subtotal\u0022: {\n",
        "            \u0022type\u0022: \u0022string\u0022\n",
        "          },\n",
        "          \u0022Tax\u0022: {\n",
        "            \u0022type\u0022: \u0022string\u0022\n",
        "          },\n",
        "          \u0022Total\u0022: {\n",
        "            \u0022type\u0022: \u0022string\u0022\n",
        "          },\n",
        "          \u0022Signature\u0022: {\n",
        "            \u0022type\u0022: \u0022string\u0022\n",
        "          },\n",
        "          \u0022Quantity\u0022: {\n",
        "            \u0022type\u0022: \u0022number\u0022\n",
        "          },\n",
        "          \u0022FullSignature\u0022: {\n",
        "            \u0022type\u0022: \u0022signature\u0022\n",
        "          }\n",
        "        },\n",
        "        \u0022technique\u0022: \u0022fixedTemplate-2021-07-30\u0022,\n",
        "        \u0022modelType\u0022: \u0022form\u0022,\n",
        "        \u0022fieldConfidence\u0022: {\n",
        "          \u0022CompanyAddress\u0022: 0.8,\n",
        "          \u0022CompanyName\u0022: 0.95,\n",
        "          \u0022CompanyPhoneNumber\u0022: 0.95,\n",
        "          \u0022DatedAs\u0022: 0.95,\n",
        "          \u0022Email\u0022: 0.8,\n",
        "          \u0022FullSignature\u0022: 0.6,\n",
        "          \u0022Merchant\u0022: 0.95,\n",
        "          \u0022PhoneNumber\u0022: 0.95,\n",
        "          \u0022PurchaseOrderNumber\u0022: 0.95,\n",
        "          \u0022Quantity\u0022: 0.95,\n",
        "          \u0022Signature\u0022: 0.95,\n",
        "          \u0022Subtotal\u0022: 0.95,\n",
        "          \u0022Tax\u0022: 0.95,\n",
        "          \u0022Total\u0022: 0.95,\n",
        "          \u0022VendorName\u0022: 0.95,\n",
        "          \u0022Website\u0022: 0.95\n",
        "        }\n",
        "      },\n",
        "      \u002248402186-72d3-4a4e-a43a-71d2a909ff5d\u0022: {\n",
        "        \u0022fieldSchema\u0022: {\n",
        "          \u0022Merchant\u0022: {\n",
        "            \u0022type\u0022: \u0022string\u0022\n",
        "          },\n",
        "          \u0022PhoneNumber\u0022: {\n",
        "            \u0022type\u0022: \u0022string\u0022\n",
        "          },\n",
        "          \u0022Website\u0022: {\n",
        "            \u0022type\u0022: \u0022string\u0022\n",
        "          },\n",
        "          \u0022Email\u0022: {\n",
        "            \u0022type\u0022: \u0022string\u0022\n",
        "          },\n",
        "          \u0022PurchaseOrderNumber\u0022: {\n",
        "            \u0022type\u0022: \u0022string\u0022\n",
        "          },\n",
        "          \u0022DatedAs\u0022: {\n",
        "            \u0022type\u0022: \u0022string\u0022\n",
        "          },\n",
        "          \u0022VendorName\u0022: {\n",
        "            \u0022type\u0022: \u0022string\u0022\n",
        "          },\n",
        "          \u0022CompanyName\u0022: {\n",
        "            \u0022type\u0022: \u0022string\u0022\n",
        "          },\n",
        "          \u0022CompanyAddress\u0022: {\n",
        "            \u0022type\u0022: \u0022string\u0022\n",
        "          },\n",
        "          \u0022CompanyPhoneNumber\u0022: {\n",
        "            \u0022type\u0022: \u0022string\u0022\n",
        "          },\n",
        "          \u0022Subtotal\u0022: {\n",
        "            \u0022type\u0022: \u0022string\u0022\n",
        "          },\n",
        "          \u0022Tax\u0022: {\n",
        "            \u0022type\u0022: \u0022string\u0022\n",
        "          },\n",
        "          \u0022Total\u0022: {\n",
        "            \u0022type\u0022: \u0022string\u0022\n",
        "          },\n",
        "          \u0022Signature\u0022: {\n",
        "            \u0022type\u0022: \u0022string\u0022\n",
        "          },\n",
        "          \u0022Quantity\u0022: {\n",
        "            \u0022type\u0022: \u0022number\u0022\n",
        "          },\n",
        "          \u0022FullSignature\u0022: {\n",
        "            \u0022type\u0022: \u0022signature\u0022\n",
        "          }\n",
        "        },\n",
        "        \u0022technique\u0022: \u0022fixedTemplate-2021-07-30\u0022,\n",
        "        \u0022modelType\u0022: \u0022form\u0022,\n",
        "        \u0022fieldConfidence\u0022: {\n",
        "          \u0022CompanyAddress\u0022: 0.8,\n",
        "          \u0022CompanyName\u0022: 0.95,\n",
        "          \u0022CompanyPhoneNumber\u0022: 0.95,\n",
        "          \u0022DatedAs\u0022: 0.95,\n",
        "          \u0022Email\u0022: 0.8,\n",
        "          \u0022FullSignature\u0022: 0.6,\n",
        "          \u0022Merchant\u0022: 0.95,\n",
        "          \u0022PhoneNumber\u0022: 0.95,\n",
        "          \u0022PurchaseOrderNumber\u0022: 0.95,\n",
        "          \u0022Quantity\u0022: 0.95,\n",
        "          \u0022Signature\u0022: 0.95,\n",
        "          \u0022Subtotal\u0022: 0.95,\n",
        "          \u0022Tax\u0022: 0.95,\n",
        "          \u0022Total\u0022: 0.95,\n",
        "          \u0022VendorName\u0022: 0.95,\n",
        "          \u0022Website\u0022: 0.95\n",
        "        }\n",
        "      }\n",
        "    },\n",
        "    \u0022modelId\u0022: \u00220bfc0571-6965-4eba-a04c-6bdd93e7ce0b\u0022,\n",
        "    \u0022createdDateTime\u0022: \u00222021-12-17T02:04:24Z\u0022,\n",
        "    \u0022description\u0022: \u0022my composed model\u0022\n",
        "  }\n",
        "}"
      ]
    }
  ],
  "Variables": {}
}
