interactions:
- request:
    body: 'b''{"source": "container_sas_url", "sourceFilter": {"prefix": "", "includeSubFolders":
      true}, "useLabelFile": false}'''
    headers:
      Accept:
      - application/json
      Accept-Encoding:
      - gzip, deflate
      Connection:
      - keep-alive
      Content-Length:
      - '283'
      Content-Type:
      - application/json
      User-Agent:
      - azsdk-python-ai-formrecognizer/3.2.0b1 Python/3.9.0 (Windows-10-10.0.19041-SP0)
    method: POST
    uri: https://region.api.cognitive.microsoft.com/formrecognizer/v2.1/custom/models
  response:
    body:
      string: ''
    headers:
      apim-request-id:
      - b5f32d76-35f2-4cdc-a998-3f0dde0242a6
      content-length:
      - '0'
      date:
      - Tue, 07 Sep 2021 21:21:41 GMT
      location:
      - https://region.api.cognitive.microsoft.com/formrecognizer/v2.1/custom/models/4f252d24-59ad-4ff6-ba77-3b3893a4da81
      strict-transport-security:
      - max-age=31536000; includeSubDomains; preload
      x-content-type-options:
      - nosniff
      x-envoy-upstream-service-time:
      - '483'
    status:
      code: 201
      message: Created
- request:
    body: null
    headers:
      Accept:
      - '*/*'
      Accept-Encoding:
      - gzip, deflate
      Connection:
      - keep-alive
      User-Agent:
      - azsdk-python-ai-formrecognizer/3.2.0b1 Python/3.9.0 (Windows-10-10.0.19041-SP0)
    method: GET
    uri: https://region.api.cognitive.microsoft.com/formrecognizer/v2.1/custom/models/4f252d24-59ad-4ff6-ba77-3b3893a4da81?includeKeys=true
  response:
    body:
      string: '{"modelInfo": {"modelId": "4f252d24-59ad-4ff6-ba77-3b3893a4da81", "status":
        "creating", "createdDateTime": "2021-09-07T21:21:42Z", "lastUpdatedDateTime":
        "2021-09-07T21:21:42Z"}}'
    headers:
      apim-request-id:
      - 6fdec763-df55-457d-ad0c-5a2b4b93ec89
      content-length:
      - '170'
      content-type:
      - application/json; charset=utf-8
      date:
      - Tue, 07 Sep 2021 21:21:47 GMT
      strict-transport-security:
      - max-age=31536000; includeSubDomains; preload
      x-content-type-options:
      - nosniff
      x-envoy-upstream-service-time:
      - '15'
    status:
      code: 200
      message: OK
- request:
    body: null
    headers:
      Accept:
      - '*/*'
      Accept-Encoding:
      - gzip, deflate
      Connection:
      - keep-alive
      User-Agent:
      - azsdk-python-ai-formrecognizer/3.2.0b1 Python/3.9.0 (Windows-10-10.0.19041-SP0)
    method: GET
    uri: https://region.api.cognitive.microsoft.com/formrecognizer/v2.1/custom/models/4f252d24-59ad-4ff6-ba77-3b3893a4da81?includeKeys=true
  response:
    body:
      string: '{"modelInfo": {"modelId": "4f252d24-59ad-4ff6-ba77-3b3893a4da81", "status":
        "creating", "createdDateTime": "2021-09-07T21:21:42Z", "lastUpdatedDateTime":
        "2021-09-07T21:21:42Z"}}'
    headers:
      apim-request-id:
      - 534d6641-fb61-4c3f-ac97-d3cff3a5e182
      content-length:
      - '170'
      content-type:
      - application/json; charset=utf-8
      date:
      - Tue, 07 Sep 2021 21:21:52 GMT
      strict-transport-security:
      - max-age=31536000; includeSubDomains; preload
      x-content-type-options:
      - nosniff
      x-envoy-upstream-service-time:
      - '18'
    status:
      code: 200
      message: OK
- request:
    body: null
    headers:
      Accept:
      - '*/*'
      Accept-Encoding:
      - gzip, deflate
      Connection:
      - keep-alive
      User-Agent:
      - azsdk-python-ai-formrecognizer/3.2.0b1 Python/3.9.0 (Windows-10-10.0.19041-SP0)
    method: GET
    uri: https://region.api.cognitive.microsoft.com/formrecognizer/v2.1/custom/models/4f252d24-59ad-4ff6-ba77-3b3893a4da81?includeKeys=true
  response:
    body:
      string: '{"modelInfo": {"modelId": "4f252d24-59ad-4ff6-ba77-3b3893a4da81", "status":
        "ready", "createdDateTime": "2021-09-07T21:21:42Z", "lastUpdatedDateTime":
        "2021-09-07T21:21:57Z"}, "keys": {"clusters": {"0": ["Additional Notes:",
        "Address:", "Company Name:", "Company Phone:", "Dated As:", "Details", "Email:",
        "Hero Limited", "Name:", "Phone:", "Purchase Order", "Purchase Order #:",
        "Quantity", "SUBTOTAL", "Seattle, WA 93849 Phone:", "Shipped From", "Shipped
        To", "TAX", "TOTAL", "Total", "Unit Price", "Vendor Name:", "Website:"]}},
        "trainResult": {"trainingDocuments": [{"documentName": "Form_1.jpg", "pages":
        1, "errors": [], "status": "succeeded"}, {"documentName": "Form_2.jpg", "pages":
        1, "errors": [], "status": "succeeded"}, {"documentName": "Form_3.jpg", "pages":
        1, "errors": [], "status": "succeeded"}, {"documentName": "Form_4.jpg", "pages":
        1, "errors": [], "status": "succeeded"}, {"documentName": "Form_5.jpg", "pages":
        1, "errors": [], "status": "succeeded"}, {"documentName": "subfolder/Form_6.jpg",
        "pages": 1, "errors": [], "status": "succeeded"}], "errors": []}}'
    headers:
      apim-request-id:
      - 18ffc805-fb3e-4153-84b7-b34d9c2ee6ae
      content-length:
      - '995'
      content-type:
      - application/json; charset=utf-8
      date:
      - Tue, 07 Sep 2021 21:21:58 GMT
      strict-transport-security:
      - max-age=31536000; includeSubDomains; preload
      x-content-type-options:
      - nosniff
      x-envoy-upstream-service-time:
      - '17'
    status:
      code: 200
      message: OK
- request:
    body: 'b''{"source": "container_sas_url", "sourceFilter": {"prefix": "subfolder",
      "includeSubFolders": true}, "useLabelFile": false}'''
    headers:
      Accept:
      - application/json
      Accept-Encoding:
      - gzip, deflate
      Connection:
      - keep-alive
      Content-Length:
      - '292'
      Content-Type:
      - application/json
      User-Agent:
      - azsdk-python-ai-formrecognizer/3.2.0b1 Python/3.9.0 (Windows-10-10.0.19041-SP0)
    method: POST
    uri: https://region.api.cognitive.microsoft.com/formrecognizer/v2.1/custom/models
  response:
    body:
      string: ''
    headers:
      apim-request-id:
      - aa763e6f-0b3d-49e5-a44a-6b0c04c74c28
      content-length:
      - '0'
      date:
      - Tue, 07 Sep 2021 21:21:58 GMT
      location:
      - https://region.api.cognitive.microsoft.com/formrecognizer/v2.1/custom/models/fb278ead-f1b2-4295-a581-1f23a2f9b7e7
      strict-transport-security:
      - max-age=31536000; includeSubDomains; preload
      x-content-type-options:
      - nosniff
      x-envoy-upstream-service-time:
      - '220'
    status:
      code: 201
      message: Created
- request:
    body: null
    headers:
      Accept:
      - '*/*'
      Accept-Encoding:
      - gzip, deflate
      Connection:
      - keep-alive
      User-Agent:
      - azsdk-python-ai-formrecognizer/3.2.0b1 Python/3.9.0 (Windows-10-10.0.19041-SP0)
    method: GET
    uri: https://region.api.cognitive.microsoft.com/formrecognizer/v2.1/custom/models/fb278ead-f1b2-4295-a581-1f23a2f9b7e7?includeKeys=true
  response:
    body:
      string: '{"modelInfo": {"modelId": "fb278ead-f1b2-4295-a581-1f23a2f9b7e7", "status":
        "creating", "createdDateTime": "2021-09-07T21:21:58Z", "lastUpdatedDateTime":
        "2021-09-07T21:21:58Z"}}'
    headers:
      apim-request-id:
      - 1bd5d26d-f1c3-4e16-8cec-38ab1163a2a6
      content-length:
      - '170'
      content-type:
      - application/json; charset=utf-8
      date:
      - Tue, 07 Sep 2021 21:22:03 GMT
      strict-transport-security:
      - max-age=31536000; includeSubDomains; preload
      x-content-type-options:
      - nosniff
      x-envoy-upstream-service-time:
      - '14'
    status:
      code: 200
      message: OK
- request:
    body: null
    headers:
      Accept:
      - '*/*'
      Accept-Encoding:
      - gzip, deflate
      Connection:
      - keep-alive
      User-Agent:
      - azsdk-python-ai-formrecognizer/3.2.0b1 Python/3.9.0 (Windows-10-10.0.19041-SP0)
    method: GET
    uri: https://region.api.cognitive.microsoft.com/formrecognizer/v2.1/custom/models/fb278ead-f1b2-4295-a581-1f23a2f9b7e7?includeKeys=true
  response:
    body:
      string: '{"modelInfo": {"modelId": "fb278ead-f1b2-4295-a581-1f23a2f9b7e7", "status":
        "ready", "createdDateTime": "2021-09-07T21:21:58Z", "lastUpdatedDateTime":
        "2021-09-07T21:22:06Z"}, "keys": {"clusters": {"0": ["Address:", "Company
        Name:", "Company Phone:", "Dated As:", "Details", "Name:", "Phone:", "Purchase
        Order #:", "Quantity", "Total", "Unit Price", "Vendor Name:", "Website:"]}},
        "trainResult": {"trainingDocuments": [{"documentName": "subfolder/Form_6.jpg",
        "pages": 1, "errors": [], "status": "succeeded"}], "errors": []}}'
    headers:
      apim-request-id:
      - 3a63cfb0-1eda-4d85-b1d6-e29d10b6a3c0
      content-length:
      - '489'
      content-type:
      - application/json; charset=utf-8
      date:
      - Tue, 07 Sep 2021 21:22:08 GMT
      strict-transport-security:
      - max-age=31536000; includeSubDomains; preload
      x-content-type-options:
      - nosniff
      x-envoy-upstream-service-time:
      - '15'
    status:
      code: 200
      message: OK
- request:
    body: 'b''{"source": "container_sas_url", "sourceFilter": {"prefix": "xxx", "includeSubFolders":
      false}, "useLabelFile": false}'''
    headers:
      Accept:
      - application/json
      Accept-Encoding:
      - gzip, deflate
      Connection:
      - keep-alive
      Content-Length:
      - '287'
      Content-Type:
      - application/json
      User-Agent:
      - azsdk-python-ai-formrecognizer/3.2.0b1 Python/3.9.0 (Windows-10-10.0.19041-SP0)
    method: POST
    uri: https://region.api.cognitive.microsoft.com/formrecognizer/v2.1/custom/models
  response:
    body:
      string: ''
    headers:
      apim-request-id:
      - 27cf3c76-08c7-4c9e-8c08-a787003e0004
      content-length:
      - '0'
      date:
      - Tue, 07 Sep 2021 21:22:09 GMT
      location:
      - https://region.api.cognitive.microsoft.com/formrecognizer/v2.1/custom/models/fa2fadff-617a-4dc5-a43e-b933b377d3a2
      strict-transport-security:
      - max-age=31536000; includeSubDomains; preload
      x-content-type-options:
      - nosniff
      x-envoy-upstream-service-time:
      - '487'
    status:
      code: 201
      message: Created
- request:
    body: null
    headers:
      Accept:
      - '*/*'
      Accept-Encoding:
      - gzip, deflate
      Connection:
      - keep-alive
      User-Agent:
      - azsdk-python-ai-formrecognizer/3.2.0b1 Python/3.9.0 (Windows-10-10.0.19041-SP0)
    method: GET
    uri: https://region.api.cognitive.microsoft.com/formrecognizer/v2.1/custom/models/fa2fadff-617a-4dc5-a43e-b933b377d3a2?includeKeys=true
  response:
    body:
      string: '{"modelInfo": {"modelId": "fa2fadff-617a-4dc5-a43e-b933b377d3a2", "status":
        "invalid", "createdDateTime": "2021-09-07T21:22:09Z", "lastUpdatedDateTime":
        "2021-09-07T21:22:10Z"}, "keys": {"clusters": {}}, "trainResult": {"trainingDocuments":
        [], "errors": [{"code": "2014", "message": "No valid blobs found in the specified
        Azure blob container. Please conform to the document format/size/page/dimensions
        requirements."}]}}'
    headers:
      apim-request-id:
      - 54885ade-138a-4180-a320-4b7a860296e2
      content-length:
      - '403'
      content-type:
      - application/json; charset=utf-8
      date:
      - Tue, 07 Sep 2021 21:22:14 GMT
      ms-azure-ai-errorcode:
      - '2014'
      strict-transport-security:
      - max-age=31536000; includeSubDomains; preload
      x-content-type-options:
      - nosniff
      x-envoy-upstream-service-time:
      - '16'
    status:
      code: 200
      message: OK
version: 1
