interactions:
- request:
    body: 'b''b\''{"source": "containersasurl", "sourceFilter": {"prefix": "", "includeSubFolders":
      false}, "useLabelFile": false}\'''''
    headers:
      Accept:
      - '*/*'
      Accept-Encoding:
      - gzip, deflate
      Connection:
      - keep-alive
      Content-Length:
      - '288'
      Content-Type:
      - application/json
      User-Agent:
      - azsdk-python-ai-formrecognizer/1.0.0b3 Python/3.7.3 (Windows-10-10.0.18362-SP0)
        Python/3.7.3 (Windows-10-10.0.18362-SP0)
    method: POST
    uri: https://westcentralus.api.cognitive.microsoft.com/formrecognizer/v2.0-preview/custom/models
  response:
    body:
      string: ''
    headers:
      apim-request-id:
      - 216e5ae7-184a-4ca5-857c-21d4a6e523d2
      content-length:
      - '0'
      date:
      - Tue, 09 Jun 2020 21:12:18 GMT
      location:
      - https://westcentralus.api.cognitive.microsoft.com/formrecognizer/v2.0-preview/custom/models/27f8be4d-9c7b-487c-8f00-5a9b502e1dd8
      strict-transport-security:
      - max-age=31536000; includeSubDomains; preload
      x-content-type-options:
      - nosniff
      x-envoy-upstream-service-time:
      - '97'
    status:
      code: 201
      message: Created
- request:
    body: null
    headers:
      Accept:
      - '*/*'
      Accept-Encoding:
      - gzip, deflate
      Connection:
      - keep-alive
      User-Agent:
      - azsdk-python-ai-formrecognizer/1.0.0b3 Python/3.7.3 (Windows-10-10.0.18362-SP0)
        Python/3.7.3 (Windows-10-10.0.18362-SP0)
    method: GET
    uri: https://westcentralus.api.cognitive.microsoft.com/formrecognizer/v2.0-preview/custom/models/27f8be4d-9c7b-487c-8f00-5a9b502e1dd8?includeKeys=true
  response:
    body:
      string: '{"modelInfo": {"modelId": "27f8be4d-9c7b-487c-8f00-5a9b502e1dd8", "status":
        "creating", "createdDateTime": "2020-06-09T21:12:18Z", "lastUpdatedDateTime":
        "2020-06-09T21:12:18Z"}}'
    headers:
      apim-request-id:
      - a60567fd-0120-4bcb-ae11-ea24680c0401
      content-type:
      - application/json; charset=utf-8
      date:
      - Tue, 09 Jun 2020 21:12:22 GMT
      strict-transport-security:
      - max-age=31536000; includeSubDomains; preload
      transfer-encoding:
      - chunked
      x-content-type-options:
      - nosniff
      x-envoy-upstream-service-time:
      - '35'
    status:
      code: 200
      message: OK
- request:
    body: null
    headers:
      Accept:
      - '*/*'
      Accept-Encoding:
      - gzip, deflate
      Connection:
      - keep-alive
      User-Agent:
      - azsdk-python-ai-formrecognizer/1.0.0b3 Python/3.7.3 (Windows-10-10.0.18362-SP0)
        Python/3.7.3 (Windows-10-10.0.18362-SP0)
    method: GET
    uri: https://westcentralus.api.cognitive.microsoft.com/formrecognizer/v2.0-preview/custom/models/27f8be4d-9c7b-487c-8f00-5a9b502e1dd8?includeKeys=true
  response:
    body:
      string: '{"modelInfo": {"modelId": "27f8be4d-9c7b-487c-8f00-5a9b502e1dd8", "status":
        "ready", "createdDateTime": "2020-06-09T21:12:18Z", "lastUpdatedDateTime":
        "2020-06-09T21:12:26Z"}, "keys": {"clusters": {"0": ["Additional Notes:",
        "Address:", "Company Name:", "Company Phone:", "Dated As:", "Details", "Email:",
        "Hero Limited", "Name:", "Phone:", "Purchase Order", "Purchase Order #:",
        "Quantity", "SUBTOTAL", "Seattle, WA 93849 Phone:", "Shipped From", "Shipped
        To", "TAX", "TOTAL", "Total", "Unit Price", "Vendor Name:", "Website:"]}},
        "trainResult": {"trainingDocuments": [{"documentName": "Form_1.jpg", "pages":
        1, "errors": [], "status": "succeeded"}, {"documentName": "Form_2.jpg", "pages":
        1, "errors": [], "status": "succeeded"}, {"documentName": "Form_3.jpg", "pages":
        1, "errors": [], "status": "succeeded"}, {"documentName": "Form_4.jpg", "pages":
        1, "errors": [], "status": "succeeded"}, {"documentName": "Form_5.jpg", "pages":
        1, "errors": [], "status": "succeeded"}], "errors": []}}'
    headers:
      apim-request-id:
      - f023fabc-faee-46eb-8c2e-24c06bf7a4b4
      content-type:
      - application/json; charset=utf-8
      date:
      - Tue, 09 Jun 2020 21:12:27 GMT
      strict-transport-security:
      - max-age=31536000; includeSubDomains; preload
      transfer-encoding:
      - chunked
      x-content-type-options:
      - nosniff
      x-envoy-upstream-service-time:
      - '18'
    status:
      code: 200
      message: OK
- request:
    body: null
    headers:
      Accept:
      - application/json
      Accept-Encoding:
      - gzip, deflate
      Connection:
      - keep-alive
      Content-Length:
      - '0'
      User-Agent:
      - azsdk-python-ai-formrecognizer/1.0.0b3 Python/3.7.3 (Windows-10-10.0.18362-SP0)
        Python/3.7.3 (Windows-10-10.0.18362-SP0)
    method: POST
    uri: https://westcentralus.api.cognitive.microsoft.com/formrecognizer/v2.0-preview/custom/models/copyAuthorization
  response:
    body:
      string: '{"modelId": "afb01b5b-3c12-473d-9df8-e4cad43b316d", "accessToken":
        "redacted", "expirationDateTimeTicks": 1591823548}'
    headers:
      apim-request-id:
      - e8f0f68a-2c6c-44dc-8313-a68305113dea
      content-type:
      - application/json; charset=utf-8
      date:
      - Tue, 09 Jun 2020 21:12:27 GMT
      location:
      - https://westcentralus.api.cognitive.microsoft.com/formrecognizer/v2.0-preview/custom/models/afb01b5b-3c12-473d-9df8-e4cad43b316d
      strict-transport-security:
      - max-age=31536000; includeSubDomains; preload
      transfer-encoding:
      - chunked
      x-content-type-options:
      - nosniff
      x-envoy-upstream-service-time:
      - '30'
    status:
      code: 201
      message: Created
- request:
    body: 'b''b\''{"targetResourceId": "resource_id", "targetResourceRegion": "eastus",
      "copyAuthorization": {"modelId": "afb01b5b-3c12-473d-9df8-e4cad43b316d", "accessToken":
      00000000-0000-0000-0000-000000000000, "expirationDateTimeTicks": 1591823548}}\'''''
    headers:
      Accept:
      - '*/*'
      Accept-Encoding:
      - gzip, deflate
      Connection:
      - keep-alive
      Content-Length:
      - '440'
      Content-Type:
      - application/json
      User-Agent:
      - azsdk-python-ai-formrecognizer/1.0.0b3 Python/3.7.3 (Windows-10-10.0.18362-SP0)
        Python/3.7.3 (Windows-10-10.0.18362-SP0)
    method: POST
    uri: https://westcentralus.api.cognitive.microsoft.com/formrecognizer/v2.0-preview/custom/models/27f8be4d-9c7b-487c-8f00-5a9b502e1dd8/copy
  response:
    body:
      string: ''
    headers:
      apim-request-id:
      - 19de93e0-f571-400a-b0bd-8e338fa86a66
      content-length:
      - '0'
      date:
      - Tue, 09 Jun 2020 21:12:27 GMT
      operation-location:
      - https://westcentralus.api.cognitive.microsoft.com/formrecognizer/v2.0-preview/custom/models/27f8be4d-9c7b-487c-8f00-5a9b502e1dd8/copyresults/aa202f35-15b3-49d3-b31f-de7bb570e90a
      strict-transport-security:
      - max-age=31536000; includeSubDomains; preload
      x-content-type-options:
      - nosniff
      x-envoy-upstream-service-time:
      - '54'
    status:
      code: 202
      message: Accepted
- request:
    body: null
    headers:
      Accept:
      - '*/*'
      Accept-Encoding:
      - gzip, deflate
      Connection:
      - keep-alive
      User-Agent:
      - azsdk-python-ai-formrecognizer/1.0.0b3 Python/3.7.3 (Windows-10-10.0.18362-SP0)
        Python/3.7.3 (Windows-10-10.0.18362-SP0)
    method: GET
    uri: https://westcentralus.api.cognitive.microsoft.com/formrecognizer/v2.0-preview/custom/models/27f8be4d-9c7b-487c-8f00-5a9b502e1dd8/copyresults/aa202f35-15b3-49d3-b31f-de7bb570e90a
  response:
    body:
      string: '{"status": "notStarted", "createdDateTime": "2020-06-09T21:12:28Z",
        "lastUpdatedDateTime": "2020-06-09T21:12:28Z", "copyResult": {"modelId": "afb01b5b-3c12-473d-9df8-e4cad43b316d"}}'
    headers:
      apim-request-id:
      - 63b83277-f84c-4ecf-b566-4538d82e802a
      content-type:
      - application/json; charset=utf-8
      date:
      - Tue, 09 Jun 2020 21:12:33 GMT
      strict-transport-security:
      - max-age=31536000; includeSubDomains; preload
      transfer-encoding:
      - chunked
      x-content-type-options:
      - nosniff
      x-envoy-upstream-service-time:
      - '60'
    status:
      code: 200
      message: OK
- request:
    body: null
    headers:
      Accept:
      - '*/*'
      Accept-Encoding:
      - gzip, deflate
      Connection:
      - keep-alive
      User-Agent:
      - azsdk-python-ai-formrecognizer/1.0.0b3 Python/3.7.3 (Windows-10-10.0.18362-SP0)
        Python/3.7.3 (Windows-10-10.0.18362-SP0)
    method: GET
    uri: https://westcentralus.api.cognitive.microsoft.com/formrecognizer/v2.0-preview/custom/models/27f8be4d-9c7b-487c-8f00-5a9b502e1dd8/copyresults/aa202f35-15b3-49d3-b31f-de7bb570e90a
  response:
    body:
      string: '{"status": "notStarted", "createdDateTime": "2020-06-09T21:12:28Z",
        "lastUpdatedDateTime": "2020-06-09T21:12:28Z", "copyResult": {"modelId": "afb01b5b-3c12-473d-9df8-e4cad43b316d"}}'
    headers:
      apim-request-id:
      - 127d85d2-d273-4d72-8651-38c2d9630504
      content-type:
      - application/json; charset=utf-8
      date:
      - Tue, 09 Jun 2020 21:12:38 GMT
      strict-transport-security:
      - max-age=31536000; includeSubDomains; preload
      transfer-encoding:
      - chunked
      x-content-type-options:
      - nosniff
      x-envoy-upstream-service-time:
      - '20'
    status:
      code: 200
      message: OK
- request:
    body: null
    headers:
      Accept:
      - '*/*'
      Accept-Encoding:
      - gzip, deflate
      Connection:
      - keep-alive
      User-Agent:
      - azsdk-python-ai-formrecognizer/1.0.0b3 Python/3.7.3 (Windows-10-10.0.18362-SP0)
        Python/3.7.3 (Windows-10-10.0.18362-SP0)
    method: GET
    uri: https://westcentralus.api.cognitive.microsoft.com/formrecognizer/v2.0-preview/custom/models/27f8be4d-9c7b-487c-8f00-5a9b502e1dd8/copyresults/aa202f35-15b3-49d3-b31f-de7bb570e90a
  response:
    body:
      string: '{"status": "notStarted", "createdDateTime": "2020-06-09T21:12:28Z",
        "lastUpdatedDateTime": "2020-06-09T21:12:28Z", "copyResult": {"modelId": "afb01b5b-3c12-473d-9df8-e4cad43b316d"}}'
    headers:
      apim-request-id:
      - d4b7db90-759a-4708-886a-b64bd35be928
      content-type:
      - application/json; charset=utf-8
      date:
      - Tue, 09 Jun 2020 21:12:44 GMT
      strict-transport-security:
      - max-age=31536000; includeSubDomains; preload
      transfer-encoding:
      - chunked
      x-content-type-options:
      - nosniff
      x-envoy-upstream-service-time:
      - '11'
    status:
      code: 200
      message: OK
- request:
    body: null
    headers:
      Accept:
      - '*/*'
      Accept-Encoding:
      - gzip, deflate
      Connection:
      - keep-alive
      User-Agent:
      - azsdk-python-ai-formrecognizer/1.0.0b3 Python/3.7.3 (Windows-10-10.0.18362-SP0)
        Python/3.7.3 (Windows-10-10.0.18362-SP0)
    method: GET
    uri: https://westcentralus.api.cognitive.microsoft.com/formrecognizer/v2.0-preview/custom/models/27f8be4d-9c7b-487c-8f00-5a9b502e1dd8/copyresults/aa202f35-15b3-49d3-b31f-de7bb570e90a
  response:
    body:
      string: '{"status": "failed", "createdDateTime": "2020-06-09T21:12:46.1673744Z",
        "lastUpdatedDateTime": "2020-06-09T21:12:46.1673748Z", "copyResult": {"modelId":
        "afb01b5b-3c12-473d-9df8-e4cad43b316d", "errors": [{"code": "AuthorizationError",
        "message": "Could not retrieve authorization metadata. If this issue persists
        use a different target model to copy into."}]}}'
    headers:
      apim-request-id:
      - f508efcf-5b70-4c04-bcd1-caa7817776e9
      content-type:
      - application/json; charset=utf-8
      date:
      - Tue, 09 Jun 2020 21:12:48 GMT
      strict-transport-security:
      - max-age=31536000; includeSubDomains; preload
      transfer-encoding:
      - chunked
      x-content-type-options:
      - nosniff
      x-envoy-upstream-service-time:
      - '12'
      x-ms-cs-error-code:
      - AuthorizationError
    status:
      code: 200
      message: OK
version: 1
