interactions:
- request:
    body: 'b''{"source": "containersasurl", "sourceFilter": {"prefix": "", "includeSubFolders":
      false}, "useLabelFile": true}'''
    headers:
      Accept:
      - application/json
      Content-Length:
      - '287'
      Content-Type:
      - application/json
      User-Agent:
      - azsdk-python-ai-formrecognizer/3.1.0b1 Python/3.9.0 (Windows-10-10.0.19041-SP0)
    method: POST
    uri: https://centraluseuap.api.cognitive.microsoft.com/formrecognizer/v2.0/custom/models
  response:
    body:
      string: ''
    headers:
      apim-request-id: 6007e766-5831-4c17-8e56-16a5548b52d7
      content-length: '0'
      date: Fri, 30 Oct 2020 15:45:25 GMT
      location: https://centraluseuap.api.cognitive.microsoft.com/formrecognizer/v2.0/custom/models/4d1d2e49-f478-4b17-949a-5024356be742
      strict-transport-security: max-age=31536000; includeSubDomains; preload
      x-content-type-options: nosniff
      x-envoy-upstream-service-time: '69'
    status:
      code: 201
      message: Created
    url: https://centraluseuap.api.cognitive.microsoft.com//formrecognizer/v2.0/custom/models
- request:
    body: null
    headers:
      User-Agent:
      - azsdk-python-ai-formrecognizer/3.1.0b1 Python/3.9.0 (Windows-10-10.0.19041-SP0)
    method: GET
    uri: https://centraluseuap.api.cognitive.microsoft.com/formrecognizer/v2.0/custom/models/4d1d2e49-f478-4b17-949a-5024356be742?includeKeys=true
  response:
    body:
      string: '{"modelInfo": {"modelId": "4d1d2e49-f478-4b17-949a-5024356be742", "status":
        "ready", "createdDateTime": "2020-10-30T15:45:25Z", "lastUpdatedDateTime":
        "2020-10-30T15:45:27Z"}, "trainResult": {"averageModelAccuracy": 0.96, "trainingDocuments":
        [{"documentName": "Form_1.jpg", "pages": 1, "status": "succeeded"}, {"documentName":
        "Form_2.jpg", "pages": 1, "status": "succeeded"}, {"documentName": "Form_3.jpg",
        "pages": 1, "status": "succeeded"}, {"documentName": "Form_4.jpg", "pages":
        1, "status": "succeeded"}, {"documentName": "Form_5.jpg", "pages": 1, "status":
        "succeeded"}], "fields": [{"fieldName": "CompanyAddress", "accuracy": 0.8},
        {"fieldName": "CompanyName", "accuracy": 1.0}, {"fieldName": "CompanyPhoneNumber",
        "accuracy": 1.0}, {"fieldName": "DatedAs", "accuracy": 1.0}, {"fieldName":
        "Email", "accuracy": 0.8}, {"fieldName": "Merchant", "accuracy": 1.0}, {"fieldName":
        "PhoneNumber", "accuracy": 1.0}, {"fieldName": "PurchaseOrderNumber", "accuracy":
        1.0}, {"fieldName": "Quantity", "accuracy": 1.0}, {"fieldName": "Signature",
        "accuracy": 0.8}, {"fieldName": "Subtotal", "accuracy": 1.0}, {"fieldName":
        "Tax", "accuracy": 1.0}, {"fieldName": "Total", "accuracy": 1.0}, {"fieldName":
        "VendorName", "accuracy": 1.0}, {"fieldName": "Website", "accuracy": 1.0}],
        "errors": []}}'
    headers:
      apim-request-id: 9851c7b8-3bbe-4d19-9e58-3d5683fe0795
      content-type: application/json; charset=utf-8
      date: Fri, 30 Oct 2020 15:45:30 GMT
      strict-transport-security: max-age=31536000; includeSubDomains; preload
      transfer-encoding: chunked
      x-content-type-options: nosniff
      x-envoy-upstream-service-time: '16'
    status:
      code: 200
      message: OK
    url: https://centraluseuap.api.cognitive.microsoft.com/formrecognizer/v2.0/custom/models/4d1d2e49-f478-4b17-949a-5024356be742?includeKeys=true
- request:
    body: 'b''{"source": "containersasurl", "sourceFilter": {"prefix": "", "includeSubFolders":
      false}, "useLabelFile": false}'''
    headers:
      Accept:
      - application/json
      Content-Length:
      - '288'
      Content-Type:
      - application/json
      User-Agent:
      - azsdk-python-ai-formrecognizer/3.1.0b1 Python/3.9.0 (Windows-10-10.0.19041-SP0)
    method: POST
    uri: https://centraluseuap.api.cognitive.microsoft.com/formrecognizer/v2.0/custom/models
  response:
    body:
      string: ''
    headers:
      apim-request-id: 2fba5466-2e00-42d3-bd18-1ff3616719ae
      content-length: '0'
      date: Fri, 30 Oct 2020 15:45:30 GMT
      location: https://centraluseuap.api.cognitive.microsoft.com/formrecognizer/v2.0/custom/models/5cb547f7-6c1f-4c60-bd96-76b4d36357f7
      strict-transport-security: max-age=31536000; includeSubDomains; preload
      x-content-type-options: nosniff
      x-envoy-upstream-service-time: '45'
    status:
      code: 201
      message: Created
    url: https://centraluseuap.api.cognitive.microsoft.com//formrecognizer/v2.0/custom/models
- request:
    body: null
    headers:
      User-Agent:
      - azsdk-python-ai-formrecognizer/3.1.0b1 Python/3.9.0 (Windows-10-10.0.19041-SP0)
    method: GET
    uri: https://centraluseuap.api.cognitive.microsoft.com/formrecognizer/v2.0/custom/models/5cb547f7-6c1f-4c60-bd96-76b4d36357f7?includeKeys=true
  response:
    body:
      string: '{"modelInfo": {"modelId": "5cb547f7-6c1f-4c60-bd96-76b4d36357f7", "status":
        "creating", "createdDateTime": "2020-10-30T15:45:30Z", "lastUpdatedDateTime":
        "2020-10-30T15:45:30Z"}}'
    headers:
      apim-request-id: b21b390a-f728-4dd2-87cd-84d61cb0ed3d
      content-type: application/json; charset=utf-8
      date: Fri, 30 Oct 2020 15:45:35 GMT
      strict-transport-security: max-age=31536000; includeSubDomains; preload
      transfer-encoding: chunked
      x-content-type-options: nosniff
      x-envoy-upstream-service-time: '17'
    status:
      code: 200
      message: OK
    url: https://centraluseuap.api.cognitive.microsoft.com/formrecognizer/v2.0/custom/models/5cb547f7-6c1f-4c60-bd96-76b4d36357f7?includeKeys=true
- request:
    body: null
    headers:
      User-Agent:
      - azsdk-python-ai-formrecognizer/3.1.0b1 Python/3.9.0 (Windows-10-10.0.19041-SP0)
    method: GET
    uri: https://centraluseuap.api.cognitive.microsoft.com/formrecognizer/v2.0/custom/models/5cb547f7-6c1f-4c60-bd96-76b4d36357f7?includeKeys=true
  response:
    body:
      string: '{"modelInfo": {"modelId": "5cb547f7-6c1f-4c60-bd96-76b4d36357f7", "status":
        "ready", "createdDateTime": "2020-10-30T15:45:30Z", "lastUpdatedDateTime":
        "2020-10-30T15:45:39Z"}, "keys": {"clusters": {"0": ["Additional Notes:",
        "Address:", "Company Name:", "Company Phone:", "Dated As:", "Details", "Email:",
        "Hero Limited", "Name:", "Phone:", "Purchase Order", "Purchase Order #:",
        "Quantity", "SUBTOTAL", "Seattle, WA 93849 Phone:", "Shipped From", "Shipped
        To", "TAX", "TOTAL", "Total", "Unit Price", "Vendor Name:", "Website:"]}},
        "trainResult": {"trainingDocuments": [{"documentName": "Form_1.jpg", "pages":
        1, "errors": [], "status": "succeeded"}, {"documentName": "Form_2.jpg", "pages":
        1, "errors": [], "status": "succeeded"}, {"documentName": "Form_3.jpg", "pages":
        1, "errors": [], "status": "succeeded"}, {"documentName": "Form_4.jpg", "pages":
        1, "errors": [], "status": "succeeded"}, {"documentName": "Form_5.jpg", "pages":
        1, "errors": [], "status": "succeeded"}], "errors": []}}'
    headers:
      apim-request-id: c13c907e-d974-40af-8c7d-b50bf5cc310c
      content-type: application/json; charset=utf-8
      date: Fri, 30 Oct 2020 15:45:41 GMT
      strict-transport-security: max-age=31536000; includeSubDomains; preload
      transfer-encoding: chunked
      x-content-type-options: nosniff
      x-envoy-upstream-service-time: '15'
    status:
      code: 200
      message: OK
    url: https://centraluseuap.api.cognitive.microsoft.com/formrecognizer/v2.0/custom/models/5cb547f7-6c1f-4c60-bd96-76b4d36357f7?includeKeys=true
- request:
    body: 'b''{"source": "https://raw.githubusercontent.com/Azure/azure-sdk-for-python/master/sdk/formrecognizer/azure-ai-formrecognizer/tests/sample_forms/forms/Form_1.jpg"}'''
    headers:
      Accept:
      - application/json
      Content-Length:
      - '160'
      Content-Type:
      - application/json
      User-Agent:
      - azsdk-python-ai-formrecognizer/3.1.0b1 Python/3.9.0 (Windows-10-10.0.19041-SP0)
    method: POST
    uri: https://centraluseuap.api.cognitive.microsoft.com/formrecognizer/v2.0/custom/models/4d1d2e49-f478-4b17-949a-5024356be742/analyze?includeTextDetails=true
  response:
    body:
      string: ''
    headers:
      apim-request-id: 838e5fdb-bac8-45f0-b179-93a5d606e6f4
      content-length: '0'
      date: Fri, 30 Oct 2020 15:45:41 GMT
      operation-location: https://centraluseuap.api.cognitive.microsoft.com/formrecognizer/v2.0/custom/models/4d1d2e49-f478-4b17-949a-5024356be742/analyzeresults/d95bb2d3-6fbf-4d2e-bb93-e680d7449e53
      strict-transport-security: max-age=31536000; includeSubDomains; preload
      x-content-type-options: nosniff
      x-envoy-upstream-service-time: '51'
    status:
      code: 202
      message: Accepted
    url: https://centraluseuap.api.cognitive.microsoft.com//formrecognizer/v2.0/custom/models/4d1d2e49-f478-4b17-949a-5024356be742/analyze?includeTextDetails=true
- request:
    body: 'b''{"source": "https://raw.githubusercontent.com/Azure/azure-sdk-for-python/master/sdk/formrecognizer/azure-ai-formrecognizer/tests/sample_forms/forms/Form_1.jpg"}'''
    headers:
      Accept:
      - application/json
      Content-Length:
      - '160'
      Content-Type:
      - application/json
      User-Agent:
      - azsdk-python-ai-formrecognizer/3.1.0b1 Python/3.9.0 (Windows-10-10.0.19041-SP0)
    method: POST
    uri: https://centraluseuap.api.cognitive.microsoft.com/formrecognizer/v2.0/custom/models/5cb547f7-6c1f-4c60-bd96-76b4d36357f7/analyze?includeTextDetails=true
  response:
    body:
      string: ''
    headers:
      apim-request-id: eca8b1fd-e0d9-498b-8661-cbe4ed88aa74
      content-length: '0'
      date: Fri, 30 Oct 2020 15:45:41 GMT
      operation-location: https://centraluseuap.api.cognitive.microsoft.com/formrecognizer/v2.0/custom/models/5cb547f7-6c1f-4c60-bd96-76b4d36357f7/analyzeresults/440f979d-6ea8-4b18-8ffb-d1bea904eb42
      strict-transport-security: max-age=31536000; includeSubDomains; preload
      x-content-type-options: nosniff
      x-envoy-upstream-service-time: '50'
    status:
      code: 202
      message: Accepted
    url: https://centraluseuap.api.cognitive.microsoft.com//formrecognizer/v2.0/custom/models/5cb547f7-6c1f-4c60-bd96-76b4d36357f7/analyze?includeTextDetails=true
- request:
    body: null
    headers:
      User-Agent:
      - azsdk-python-ai-formrecognizer/3.1.0b1 Python/3.9.0 (Windows-10-10.0.19041-SP0)
    method: GET
    uri: https://centraluseuap.api.cognitive.microsoft.com/formrecognizer/v2.0/custom/models/4d1d2e49-f478-4b17-949a-5024356be742/analyzeresults/d95bb2d3-6fbf-4d2e-bb93-e680d7449e53
  response:
    body:
      string: '{"status": "succeeded", "createdDateTime": "2020-10-30T15:45:41Z",
        "lastUpdatedDateTime": "2020-10-30T15:45:45Z", "analyzeResult": {"version":
        "2.0.0", "readResults": [{"page": 1, "language": "en", "angle": 0, "width":
        1700, "height": 2200, "unit": "pixel", "lines": [{"boundingBox": [137, 140,
        351, 140, 351, 167, 137, 166], "text": "Purchase Order", "words": [{"boundingBox":
        [137, 140, 263, 140, 263, 168, 138, 166], "text": "Purchase", "confidence":
        0.959}, {"boundingBox": [271, 140, 351, 140, 351, 168, 272, 168], "text":
        "Order", "confidence": 0.959}]}, {"boundingBox": [620, 204, 1073, 201, 1074,
        264, 620, 266], "text": "Hero Limited", "words": [{"boundingBox": [622, 207,
        788, 204, 787, 266, 621, 266], "text": "Hero", "confidence": 0.959}, {"boundingBox":
        [811, 204, 1075, 202, 1075, 266, 811, 266], "text": "Limited", "confidence":
        0.959}]}, {"boundingBox": [165, 351, 529, 350, 530, 377, 165, 379], "text":
        "Company Phone: 555-348-6512", "words": [{"boundingBox": [167, 352, 275, 351,
        275, 379, 167, 379], "text": "Company", "confidence": 0.959}, {"boundingBox":
        [281, 351, 362, 351, 362, 378, 280, 379], "text": "Phone:", "confidence":
        0.958}, {"boundingBox": [367, 351, 529, 352, 529, 374, 367, 378], "text":
        "555-348-6512", "confidence": 0.946}]}, {"boundingBox": [1114, 320, 1551,
        320, 1551, 370, 1114, 370], "text": "Purchase Order", "words": [{"boundingBox":
        [1115, 322, 1377, 320, 1377, 371, 1117, 371], "text": "Purchase", "confidence":
        0.959}, {"boundingBox": [1396, 321, 1550, 321, 1549, 371, 1396, 371], "text":
        "Order", "confidence": 0.959}]}, {"boundingBox": [167, 392, 534, 392, 534,
        419, 167, 418], "text": "Website: www.herolimited.com", "words": [{"boundingBox":
        [168, 392, 270, 393, 269, 419, 167, 418], "text": "Website:", "confidence":
        0.957}, {"boundingBox": [275, 393, 528, 393, 529, 418, 274, 419], "text":
        "www.herolimited.com", "confidence": 0.872}]}, {"boundingBox": [164, 437,
        236, 437, 236, 459, 164, 459], "text": "Email:", "words": [{"boundingBox":
        [165, 437, 236, 437, 237, 460, 165, 459], "text": "Email:", "confidence":
        0.959}]}, {"boundingBox": [1025, 420, 1317, 419, 1317, 449, 1025, 449], "text":
        "Dated As: 12/20/2020", "words": [{"boundingBox": [1026, 420, 1112, 421, 1112,
        450, 1025, 449], "text": "Dated", "confidence": 0.959}, {"boundingBox": [1118,
        421, 1163, 421, 1163, 450, 1117, 450], "text": "As:", "confidence": 0.957},
        {"boundingBox": [1169, 421, 1317, 420, 1317, 450, 1168, 450], "text": "12/20/2020",
        "confidence": 0.958}]}, {"boundingBox": [166, 480, 482, 479, 482, 502, 166,
        503], "text": "accounts@herolimited.com", "words": [{"boundingBox": [166,
        484, 475, 480, 473, 503, 166, 503], "text": "accounts@herolimited.com", "confidence":
        0.856}]}, {"boundingBox": [1025, 461, 1376, 461, 1376, 488, 1025, 490], "text":
        "Purchase Order #: 948284", "words": [{"boundingBox": [1027, 463, 1154, 461,
        1153, 490, 1026, 489], "text": "Purchase", "confidence": 0.959}, {"boundingBox":
        [1161, 461, 1241, 461, 1240, 490, 1160, 490], "text": "Order", "confidence":
        0.959}, {"boundingBox": [1246, 461, 1278, 461, 1277, 489, 1246, 489], "text":
        "#:", "confidence": 0.959}, {"boundingBox": [1283, 461, 1377, 462, 1376, 488,
        1282, 489], "text": "948284", "confidence": 0.959}]}, {"boundingBox": [166,
        546, 397, 546, 397, 594, 166, 594], "text": "Shipped To", "words": [{"boundingBox":
        [167, 546, 336, 548, 337, 593, 168, 595], "text": "Shipped", "confidence":
        0.959}, {"boundingBox": [346, 548, 396, 548, 397, 593, 347, 593], "text":
        "To", "confidence": 0.959}]}, {"boundingBox": [160, 608, 518, 608, 518, 640,
        160, 640], "text": "Vendor Name: Hillary Swank", "words": [{"boundingBox":
        [162, 610, 257, 610, 255, 640, 160, 637], "text": "Vendor", "confidence":
        0.959}, {"boundingBox": [262, 610, 347, 610, 346, 641, 261, 640], "text":
        "Name:", "confidence": 0.959}, {"boundingBox": [352, 610, 434, 609, 433, 641,
        351, 641], "text": "Hillary", "confidence": 0.959}, {"boundingBox": [439,
        609, 518, 609, 517, 640, 438, 641], "text": "Swank", "confidence": 0.954}]},
        {"boundingBox": [160, 648, 628, 645, 629, 680, 160, 682], "text": "Company
        Name: Higgly Wiggly Books", "words": [{"boundingBox": [162, 648, 282, 647,
        281, 681, 161, 678], "text": "Company", "confidence": 0.959}, {"boundingBox":
        [288, 647, 373, 647, 372, 682, 287, 682], "text": "Name:", "confidence": 0.911},
        {"boundingBox": [379, 647, 456, 647, 455, 682, 378, 682], "text": "Higgly",
        "confidence": 0.959}, {"boundingBox": [462, 647, 549, 646, 548, 679, 461,
        682], "text": "Wiggly", "confidence": 0.959}, {"boundingBox": [555, 646, 629,
        646, 628, 676, 554, 679], "text": "Books", "confidence": 0.959}]}, {"boundingBox":
        [161, 684, 526, 684, 526, 712, 161, 712], "text": "Address: 938 NE Burner
        Road", "words": [{"boundingBox": [162, 685, 271, 685, 271, 713, 162, 712],
        "text": "Address:", "confidence": 0.958}, {"boundingBox": [277, 685, 324,
        685, 324, 713, 277, 713], "text": "938", "confidence": 0.947}, {"boundingBox":
        [330, 685, 365, 685, 365, 713, 329, 713], "text": "NE", "confidence": 0.958},
        {"boundingBox": [370, 685, 456, 685, 456, 713, 370, 713], "text": "Burner",
        "confidence": 0.958}, {"boundingBox": [462, 685, 526, 686, 526, 713, 461,
        713], "text": "Road", "confidence": 0.958}]}, {"boundingBox": [274, 722, 603,
        720, 604, 751, 274, 754], "text": "Boulder City, CO 92848", "words": [{"boundingBox":
        [279, 723, 375, 721, 374, 754, 278, 754], "text": "Boulder", "confidence":
        0.959}, {"boundingBox": [381, 721, 437, 721, 436, 753, 380, 754], "text":
        "City,", "confidence": 0.959}, {"boundingBox": [443, 721, 479, 721, 478, 753,
        442, 753], "text": "CO", "confidence": 0.886}, {"boundingBox": [485, 721,
        568, 721, 568, 751, 484, 753], "text": "92848", "confidence": 0.937}]}, {"boundingBox":
        [612, 721, 884, 721, 884, 749, 612, 749], "text": "Phone: 938-294-2949", "words":
        [{"boundingBox": [614, 722, 707, 722, 707, 750, 614, 750], "text": "Phone:",
        "confidence": 0.952}, {"boundingBox": [713, 722, 884, 722, 884, 749, 713,
        750], "text": "938-294-2949", "confidence": 0.956}]}, {"boundingBox": [165,
        783, 451, 783, 451, 827, 166, 830], "text": "Shipped From", "words": [{"boundingBox":
        [167, 784, 336, 784, 335, 829, 166, 830], "text": "Shipped", "confidence":
        0.867}, {"boundingBox": [345, 784, 441, 783, 440, 825, 344, 829], "text":
        "From", "confidence": 0.918}]}, {"boundingBox": [165, 851, 446, 851, 446,
        881, 165, 880], "text": "Name: Bernie Sanders", "words": [{"boundingBox":
        [166, 851, 252, 853, 251, 880, 165, 881], "text": "Name:", "confidence": 0.956},
        {"boundingBox": [258, 853, 339, 854, 337, 880, 257, 880], "text": "Bernie",
        "confidence": 0.958}, {"boundingBox": [345, 854, 447, 853, 445, 881, 343,
        880], "text": "Sanders", "confidence": 0.959}]}, {"boundingBox": [164, 889,
        629, 889, 629, 920, 164, 920], "text": "Company Name: Jupiter Book Supply",
        "words": [{"boundingBox": [167, 891, 287, 890, 287, 920, 166, 920], "text":
        "Company", "confidence": 0.958}, {"boundingBox": [293, 890, 376, 890, 375,
        921, 292, 920], "text": "Name:", "confidence": 0.958}, {"boundingBox": [382,
        890, 470, 890, 469, 921, 381, 921], "text": "Jupiter", "confidence": 0.958},
        {"boundingBox": [476, 890, 540, 890, 539, 921, 475, 921], "text": "Book",
        "confidence": 0.959}, {"boundingBox": [546, 890, 629, 890, 629, 921, 545,
        921], "text": "Supply", "confidence": 0.947}]}, {"boundingBox": [164, 926,
        520, 926, 520, 953, 164, 953], "text": "Address: 383 N Kinnick Road", "words":
        [{"boundingBox": [166, 927, 277, 927, 277, 953, 165, 954], "text": "Address:",
        "confidence": 0.958}, {"boundingBox": [283, 927, 330, 927, 329, 953, 282,
        953], "text": "383", "confidence": 0.958}, {"boundingBox": [335, 927, 353,
        927, 352, 953, 334, 953], "text": "N", "confidence": 0.888}, {"boundingBox":
        [362, 927, 452, 927, 451, 954, 361, 953], "text": "Kinnick", "confidence":
        0.958}, {"boundingBox": [457, 927, 521, 927, 521, 954, 457, 954], "text":
        "Road", "confidence": 0.959}]}, {"boundingBox": [280, 964, 516, 964, 516,
        991, 280, 991], "text": "Seattle, WA 38383", "words": [{"boundingBox": [284,
        965, 381, 965, 380, 992, 283, 992], "text": "Seattle,", "confidence": 0.959},
        {"boundingBox": [386, 965, 432, 965, 431, 992, 385, 992], "text": "WA", "confidence":
        0.944}, {"boundingBox": [438, 965, 516, 964, 515, 991, 437, 992], "text":
        "38383", "confidence": 0.959}]}, {"boundingBox": [759, 963, 1036, 963, 1036,
        991, 759, 991], "text": "Phone: 932-299-0292", "words": [{"boundingBox": [761,
        964, 854, 963, 852, 991, 760, 990], "text": "Phone:", "confidence": 0.959},
        {"boundingBox": [859, 963, 1034, 964, 1032, 991, 857, 991], "text": "932-299-0292",
        "confidence": 0.953}]}, {"boundingBox": [447, 1045, 557, 1045, 557, 1079,
        447, 1079], "text": "Details", "words": [{"boundingBox": [448, 1048, 555,
        1046, 556, 1080, 449, 1079], "text": "Details", "confidence": 0.959}]}, {"boundingBox":
        [889, 1045, 1030, 1046, 1030, 1084, 889, 1084], "text": "Quantity", "words":
        [{"boundingBox": [889, 1046, 1029, 1046, 1027, 1084, 890, 1083], "text": "Quantity",
        "confidence": 0.959}]}, {"boundingBox": [1114, 1046, 1271, 1047, 1271, 1078,
        1114, 1077], "text": "Unit Price", "words": [{"boundingBox": [1114, 1048,
        1184, 1047, 1184, 1078, 1114, 1078], "text": "Unit", "confidence": 0.959},
        {"boundingBox": [1190, 1047, 1271, 1047, 1271, 1079, 1190, 1078], "text":
        "Price", "confidence": 0.958}]}, {"boundingBox": [1384, 1047, 1469, 1046,
        1470, 1076, 1385, 1077], "text": "Total", "words": [{"boundingBox": [1387,
        1047, 1470, 1046, 1470, 1076, 1387, 1077], "text": "Total", "confidence":
        0.858}]}, {"boundingBox": [172, 1094, 280, 1096, 279, 1124, 172, 1121], "text":
        "Bindings", "words": [{"boundingBox": [172, 1094, 278, 1097, 278, 1124, 172,
        1121], "text": "Bindings", "confidence": 0.959}]}, {"boundingBox": [859, 1091,
        894, 1089, 895, 1118, 860, 1120], "text": "20", "words": [{"boundingBox":
        [861, 1091, 893, 1089, 895, 1118, 863, 1120], "text": "20", "confidence":
        0.958}]}, {"boundingBox": [1241, 1095, 1296, 1094, 1296, 1118, 1241, 1118],
        "text": "1.00", "words": [{"boundingBox": [1242, 1094, 1295, 1094, 1295, 1118,
        1242, 1118], "text": "1.00", "confidence": 0.958}]}, {"boundingBox": [1459,
        1095, 1531, 1093, 1531, 1118, 1459, 1119], "text": "20.00", "words": [{"boundingBox":
        [1459, 1094, 1530, 1093, 1531, 1118, 1460, 1119], "text": "20.00", "confidence":
        0.957}]}, {"boundingBox": [169, 1135, 329, 1134, 329, 1162, 169, 1163], "text":
        "Covers Small", "words": [{"boundingBox": [173, 1135, 257, 1135, 256, 1163,
        172, 1163], "text": "Covers", "confidence": 0.959}, {"boundingBox": [262,
        1135, 329, 1134, 328, 1163, 262, 1163], "text": "Small", "confidence": 0.958}]},
        {"boundingBox": [860, 1137, 893, 1135, 893, 1158, 861, 1160], "text": "20",
        "words": [{"boundingBox": [862, 1137, 892, 1135, 893, 1158, 863, 1160], "text":
        "20", "confidence": 0.958}]}, {"boundingBox": [1239, 1136, 1294, 1135, 1294,
        1159, 1239, 1159], "text": "1.00", "words": [{"boundingBox": [1243, 1135,
        1293, 1135, 1293, 1159, 1243, 1159], "text": "1.00", "confidence": 0.908}]},
        {"boundingBox": [1457, 1136, 1532, 1135, 1532, 1159, 1457, 1160], "text":
        "20.00", "words": [{"boundingBox": [1459, 1136, 1529, 1135, 1530, 1160, 1459,
        1160], "text": "20.00", "confidence": 0.958}]}, {"boundingBox": [170, 1179,
        400, 1178, 400, 1205, 170, 1206], "text": "Feather Bookmark", "words": [{"boundingBox":
        [172, 1180, 271, 1180, 270, 1206, 171, 1206], "text": "Feather", "confidence":
        0.959}, {"boundingBox": [276, 1180, 401, 1179, 400, 1206, 275, 1206], "text":
        "Bookmark", "confidence": 0.949}]}, {"boundingBox": [863, 1181, 893, 1180,
        893, 1202, 863, 1203], "text": "20", "words": [{"boundingBox": [863, 1181,
        892, 1180, 892, 1202, 863, 1203], "text": "20", "confidence": 0.958}]}, {"boundingBox":
        [1239, 1179, 1295, 1179, 1295, 1202, 1239, 1202], "text": "5,00", "words":
        [{"boundingBox": [1241, 1179, 1294, 1179, 1294, 1202, 1241, 1202], "text":
        "5,00", "confidence": 0.423}]}, {"boundingBox": [1443, 1180, 1531, 1179, 1532,
        1203, 1443, 1204], "text": "100.00", "words": [{"boundingBox": [1446, 1181,
        1530, 1180, 1529, 1203, 1446, 1204], "text": "100.00", "confidence": 0.959}]},
        {"boundingBox": [168, 1222, 429, 1221, 429, 1250, 168, 1252], "text": "Copper
        Swirl Marker", "words": [{"boundingBox": [173, 1223, 263, 1222, 263, 1252,
        172, 1253], "text": "Copper", "confidence": 0.959}, {"boundingBox": [269,
        1222, 332, 1222, 332, 1251, 269, 1252], "text": "Swirl", "confidence": 0.954},
        {"boundingBox": [338, 1222, 430, 1222, 430, 1249, 338, 1251], "text": "Marker",
        "confidence": 0.956}]}, {"boundingBox": [861, 1223, 893, 1222, 893, 1246,
        861, 1248], "text": "20", "words": [{"boundingBox": [861, 1223, 892, 1222,
        893, 1246, 862, 1247], "text": "20", "confidence": 0.958}]}, {"boundingBox":
        [1240, 1222, 1295, 1223, 1295, 1246, 1240, 1245], "text": "5,00", "words":
        [{"boundingBox": [1241, 1222, 1294, 1223, 1293, 1246, 1240, 1245], "text":
        "5,00", "confidence": 0.424}]}, {"boundingBox": [1443, 1222, 1531, 1222, 1531,
        1247, 1443, 1247], "text": "100.00", "words": [{"boundingBox": [1445, 1223,
        1529, 1222, 1529, 1248, 1444, 1248], "text": "100.00", "confidence": 0.959}]},
        {"boundingBox": [1148, 1574, 1296, 1574, 1296, 1599, 1148, 1599], "text":
        "SUBTOTAL", "words": [{"boundingBox": [1149, 1574, 1295, 1575, 1295, 1600,
        1149, 1600], "text": "SUBTOTAL", "confidence": 0.959}]}, {"boundingBox": [1428,
        1571, 1530, 1570, 1531, 1598, 1428, 1599], "text": "$140.00", "words": [{"boundingBox":
        [1429, 1572, 1530, 1570, 1529, 1599, 1429, 1599], "text": "$140.00", "confidence":
        0.957}]}, {"boundingBox": [1238, 1619, 1295, 1618, 1295, 1642, 1237, 1642],
        "text": "TAX", "words": [{"boundingBox": [1241, 1618, 1294, 1618, 1294, 1641,
        1241, 1642], "text": "TAX", "confidence": 0.958}]}, {"boundingBox": [1460,
        1616, 1531, 1614, 1531, 1641, 1460, 1641], "text": "$4.00", "words": [{"boundingBox":
        [1461, 1615, 1530, 1614, 1530, 1641, 1461, 1642], "text": "$4.00", "confidence":
        0.939}]}, {"boundingBox": [481, 1670, 764, 1670, 764, 1708, 481, 1708], "text":
        "Bernie Sanders", "words": [{"boundingBox": [483, 1672, 603, 1671, 602, 1707,
        482, 1707], "text": "Bernie", "confidence": 0.909}, {"boundingBox": [614,
        1671, 764, 1670, 763, 1709, 613, 1708], "text": "Sanders", "confidence": 0.958}]},
        {"boundingBox": [1204, 1672, 1296, 1672, 1296, 1699, 1204, 1699], "text":
        "TOTAL", "words": [{"boundingBox": [1207, 1674, 1295, 1672, 1296, 1700, 1207,
        1699], "text": "TOTAL", "confidence": 0.959}]}, {"boundingBox": [1426, 1670,
        1530, 1669, 1530, 1695, 1426, 1697], "text": "$144.00", "words": [{"boundingBox":
        [1429, 1671, 1529, 1669, 1530, 1696, 1429, 1697], "text": "$144.00", "confidence":
        0.949}]}, {"boundingBox": [543, 1718, 716, 1719, 716, 1743, 543, 1742], "text":
        "Bernie Sanders", "words": [{"boundingBox": [544, 1719, 621, 1719, 621, 1743,
        544, 1743], "text": "Bernie", "confidence": 0.959}, {"boundingBox": [626,
        1719, 717, 1720, 716, 1744, 626, 1743], "text": "Sanders", "confidence": 0.959}]},
        {"boundingBox": [581, 1754, 681, 1756, 680, 1777, 581, 1776], "text": "Manager",
        "words": [{"boundingBox": [582, 1755, 681, 1756, 680, 1778, 581, 1776], "text":
        "Manager", "confidence": 0.957}]}, {"boundingBox": [173, 1796, 480, 1797,
        480, 1832, 173, 1830], "text": "Additional Notes:", "words": [{"boundingBox":
        [175, 1798, 360, 1797, 360, 1833, 174, 1830], "text": "Additional", "confidence":
        0.959}, {"boundingBox": [366, 1797, 481, 1800, 481, 1832, 366, 1833], "text":
        "Notes:", "confidence": 0.944}]}, {"boundingBox": [173, 1879, 705, 1880, 705,
        1912, 173, 1910], "text": "Do not Jostle Box. Unpack carefully. Enjoy.", "words":
        [{"boundingBox": [176, 1883, 209, 1882, 208, 1907, 174, 1906], "text": "Do",
        "confidence": 0.959}, {"boundingBox": [215, 1882, 261, 1881, 260, 1908, 214,
        1907], "text": "not", "confidence": 0.951}, {"boundingBox": [266, 1881, 336,
        1881, 335, 1909, 265, 1908], "text": "Jostle", "confidence": 0.958}, {"boundingBox":
        [342, 1881, 403, 1880, 402, 1910, 341, 1909], "text": "Box.", "confidence":
        0.892}, {"boundingBox": [410, 1880, 504, 1880, 503, 1912, 408, 1911], "text":
        "Unpack", "confidence": 0.959}, {"boundingBox": [510, 1880, 628, 1880, 627,
        1913, 509, 1912], "text": "carefully.", "confidence": 0.958}, {"boundingBox":
        [633, 1880, 705, 1881, 704, 1913, 632, 1913], "text": "Enjoy.", "confidence":
        0.959}]}, {"boundingBox": [172, 1923, 1508, 1924, 1508, 1959, 172, 1959],
        "text": "Jupiter Book Supply will refund you 50% per book if returned within
        60 days of reading and", "words": [{"boundingBox": [172, 1925, 273, 1925,
        273, 1959, 172, 1959], "text": "Jupiter", "confidence": 0.955}, {"boundingBox":
        [280, 1924, 359, 1924, 359, 1959, 280, 1959], "text": "Book", "confidence":
        0.959}, {"boundingBox": [366, 1924, 468, 1924, 467, 1959, 366, 1959], "text":
        "Supply", "confidence": 0.959}, {"boundingBox": [474, 1924, 522, 1924, 521,
        1959, 474, 1959], "text": "will", "confidence": 0.959}, {"boundingBox": [529,
        1924, 628, 1924, 628, 1959, 528, 1959], "text": "refund", "confidence": 0.958},
        {"boundingBox": [635, 1924, 692, 1924, 691, 1959, 634, 1959], "text": "you",
        "confidence": 0.958}, {"boundingBox": [698, 1924, 762, 1924, 761, 1959, 698,
        1959], "text": "50%", "confidence": 0.955}, {"boundingBox": [773, 1924, 823,
        1924, 822, 1959, 772, 1959], "text": "per", "confidence": 0.958}, {"boundingBox":
        [830, 1924, 904, 1924, 903, 1959, 829, 1959], "text": "book", "confidence":
        0.959}, {"boundingBox": [911, 1924, 932, 1924, 931, 1959, 910, 1959], "text":
        "if", "confidence": 0.909}, {"boundingBox": [938, 1924, 1065, 1924, 1064,
        1959, 937, 1959], "text": "returned", "confidence": 0.959}, {"boundingBox":
        [1072, 1924, 1160, 1924, 1159, 1959, 1071, 1959], "text": "within", "confidence":
        0.959}, {"boundingBox": [1167, 1924, 1208, 1924, 1206, 1960, 1166, 1959],
        "text": "60", "confidence": 0.929}, {"boundingBox": [1215, 1924, 1287, 1924,
        1285, 1960, 1213, 1960], "text": "days", "confidence": 0.959}, {"boundingBox":
        [1294, 1924, 1323, 1924, 1322, 1960, 1292, 1960], "text": "of", "confidence":
        0.958}, {"boundingBox": [1330, 1924, 1443, 1924, 1441, 1960, 1328, 1960],
        "text": "reading", "confidence": 0.959}, {"boundingBox": [1450, 1924, 1508,
        1924, 1506, 1960, 1448, 1960], "text": "and", "confidence": 0.958}]}, {"boundingBox":
        [169, 1957, 786, 1957, 786, 1993, 169, 1993], "text": "offer you 25% off you
        next total purchase.", "words": [{"boundingBox": [171, 1959, 239, 1958, 238,
        1992, 170, 1991], "text": "offer", "confidence": 0.959}, {"boundingBox": [245,
        1958, 302, 1958, 300, 1993, 244, 1992], "text": "you", "confidence": 0.959},
        {"boundingBox": [308, 1958, 371, 1958, 369, 1994, 307, 1993], "text": "25%",
        "confidence": 0.934}, {"boundingBox": [385, 1958, 425, 1958, 424, 1994, 384,
        1994], "text": "off", "confidence": 0.958}, {"boundingBox": [431, 1958, 488,
        1958, 487, 1994, 430, 1994], "text": "you", "confidence": 0.959}, {"boundingBox":
        [494, 1958, 559, 1958, 558, 1994, 493, 1994], "text": "next", "confidence":
        0.959}, {"boundingBox": [565, 1958, 632, 1959, 631, 1993, 564, 1994], "text":
        "total", "confidence": 0.959}, {"boundingBox": [638, 1959, 785, 1960, 785,
        1990, 637, 1993], "text": "purchase.", "confidence": 0.959}]}]}], "pageResults":
        [{"page": 1, "tables": [{"rows": 4, "columns": 3, "cells": [{"rowIndex": 1,
        "columnIndex": 1, "text": "SUBTOTAL", "boundingBox": [1072, 1566, 1309, 1566,
        1309, 1610, 1072, 1610], "elements": ["#/readResults/0/lines/41/words/0"]},
        {"rowIndex": 1, "columnIndex": 2, "text": "$140.00", "boundingBox": [1309,
        1566, 1544, 1566, 1544, 1610, 1309, 1610], "elements": ["#/readResults/0/lines/42/words/0"]},
        {"rowIndex": 2, "columnIndex": 1, "text": "TAX", "boundingBox": [1072, 1610,
        1309, 1610, 1309, 1658, 1072, 1658], "elements": ["#/readResults/0/lines/43/words/0"]},
        {"rowIndex": 2, "columnIndex": 2, "text": "$4.00", "boundingBox": [1309, 1610,
        1544, 1610, 1544, 1658, 1309, 1658], "elements": ["#/readResults/0/lines/44/words/0"]},
        {"rowIndex": 3, "columnIndex": 0, "text": "Bernie Sanders", "boundingBox":
        [482, 1658, 1072, 1658, 1072, 1708, 482, 1708], "elements": ["#/readResults/0/lines/45/words/0",
        "#/readResults/0/lines/45/words/1"]}, {"rowIndex": 3, "columnIndex": 1, "text":
        "TOTAL", "boundingBox": [1072, 1658, 1309, 1658, 1309, 1708, 1072, 1708],
        "elements": ["#/readResults/0/lines/46/words/0"]}, {"rowIndex": 3, "columnIndex":
        2, "text": "$144.00", "boundingBox": [1309, 1658, 1544, 1658, 1544, 1708,
        1309, 1708], "elements": ["#/readResults/0/lines/47/words/0"]}]}, {"rows":
        6, "columns": 4, "cells": [{"rowIndex": 0, "columnIndex": 0, "text": "Details",
        "boundingBox": [156, 1038, 847, 1038, 847, 1087, 156, 1087], "elements": ["#/readResults/0/lines/21/words/0"]},
        {"rowIndex": 0, "columnIndex": 1, "text": "Quantity", "boundingBox": [847,
        1038, 1072, 1038, 1072, 1087, 847, 1087], "elements": ["#/readResults/0/lines/22/words/0"]},
        {"rowIndex": 0, "columnIndex": 2, "text": "Unit Price", "boundingBox": [1072,
        1038, 1309, 1038, 1309, 1087, 1072, 1087], "elements": ["#/readResults/0/lines/23/words/0",
        "#/readResults/0/lines/23/words/1"]}, {"rowIndex": 0, "columnIndex": 3, "text":
        "Total", "boundingBox": [1309, 1038, 1544, 1038, 1544, 1087, 1309, 1087],
        "elements": ["#/readResults/0/lines/24/words/0"]}, {"rowIndex": 1, "columnIndex":
        0, "text": "Bindings", "boundingBox": [156, 1087, 847, 1087, 847, 1128, 156,
        1128], "elements": ["#/readResults/0/lines/25/words/0"]}, {"rowIndex": 1,
        "columnIndex": 1, "text": "20", "boundingBox": [847, 1087, 1072, 1087, 1072,
        1128, 847, 1128], "elements": ["#/readResults/0/lines/26/words/0"]}, {"rowIndex":
        1, "columnIndex": 2, "text": "1.00", "boundingBox": [1072, 1087, 1309, 1087,
        1309, 1128, 1072, 1128], "elements": ["#/readResults/0/lines/27/words/0"]},
        {"rowIndex": 1, "columnIndex": 3, "text": "20.00", "boundingBox": [1309, 1087,
        1544, 1087, 1544, 1128, 1309, 1128], "elements": ["#/readResults/0/lines/28/words/0"]},
        {"rowIndex": 2, "columnIndex": 0, "text": "Covers Small", "boundingBox": [156,
        1128, 847, 1128, 847, 1172, 156, 1172], "elements": ["#/readResults/0/lines/29/words/0",
        "#/readResults/0/lines/29/words/1"]}, {"rowIndex": 2, "columnIndex": 1, "text":
        "20", "boundingBox": [847, 1128, 1072, 1128, 1072, 1172, 847, 1172], "elements":
        ["#/readResults/0/lines/30/words/0"]}, {"rowIndex": 2, "columnIndex": 2, "text":
        "1.00", "boundingBox": [1072, 1128, 1309, 1128, 1309, 1172, 1072, 1172], "elements":
        ["#/readResults/0/lines/31/words/0"]}, {"rowIndex": 2, "columnIndex": 3, "text":
        "20.00", "boundingBox": [1309, 1128, 1544, 1128, 1544, 1172, 1309, 1172],
        "elements": ["#/readResults/0/lines/32/words/0"]}, {"rowIndex": 3, "columnIndex":
        0, "text": "Feather Bookmark", "boundingBox": [156, 1172, 847, 1172, 847,
        1216, 156, 1216], "elements": ["#/readResults/0/lines/33/words/0", "#/readResults/0/lines/33/words/1"]},
        {"rowIndex": 3, "columnIndex": 1, "text": "20", "boundingBox": [847, 1172,
        1072, 1172, 1072, 1216, 847, 1216], "elements": ["#/readResults/0/lines/34/words/0"]},
        {"rowIndex": 3, "columnIndex": 2, "text": "5,00", "boundingBox": [1072, 1172,
        1309, 1172, 1309, 1216, 1072, 1216], "elements": ["#/readResults/0/lines/35/words/0"]},
        {"rowIndex": 3, "columnIndex": 3, "text": "100.00", "boundingBox": [1309,
        1172, 1544, 1172, 1544, 1216, 1309, 1216], "elements": ["#/readResults/0/lines/36/words/0"]},
        {"rowIndex": 4, "columnIndex": 0, "text": "Copper Swirl Marker", "boundingBox":
        [156, 1216, 847, 1216, 847, 1260, 156, 1260], "elements": ["#/readResults/0/lines/37/words/0",
        "#/readResults/0/lines/37/words/1", "#/readResults/0/lines/37/words/2"]},
        {"rowIndex": 4, "columnIndex": 1, "text": "20", "boundingBox": [847, 1216,
        1072, 1216, 1072, 1260, 847, 1260], "elements": ["#/readResults/0/lines/38/words/0"]},
        {"rowIndex": 4, "columnIndex": 2, "text": "5,00", "boundingBox": [1072, 1216,
        1309, 1216, 1309, 1260, 1072, 1260], "elements": ["#/readResults/0/lines/39/words/0"]},
        {"rowIndex": 4, "columnIndex": 3, "text": "100.00", "boundingBox": [1309,
        1216, 1544, 1216, 1544, 1260, 1309, 1260], "elements": ["#/readResults/0/lines/40/words/0"]}]}]}],
        "documentResults": [{"docType": "custom:form", "pageRange": [1, 1], "fields":
        {"PhoneNumber": {"type": "string", "valueString": "555-348-6512", "text":
        "555-348-6512", "page": 1, "boundingBox": [367.0, 351.0, 529.0, 351.0, 529.0,
        378.0, 367.0, 378.0], "confidence": 1.0, "elements": ["#/readResults/0/lines/2/words/2"]},
        "DatedAs": {"type": "string", "valueString": "12/20/2020", "text": "12/20/2020",
        "page": 1, "boundingBox": [1168.0, 420.0, 1317.0, 420.0, 1317.0, 450.0, 1168.0,
        450.0], "confidence": 1.0, "elements": ["#/readResults/0/lines/6/words/2"]},
        "VendorName": {"type": "string", "valueString": "Hillary Swank", "text": "Hillary
        Swank", "page": 1, "boundingBox": [351.0, 609.0, 518.0, 609.0, 518.0, 641.0,
        351.0, 641.0], "confidence": 1.0, "elements": ["#/readResults/0/lines/10/words/2",
        "#/readResults/0/lines/10/words/3"]}, "PurchaseOrderNumber": {"type": "string",
        "valueString": "948284", "text": "948284", "page": 1, "boundingBox": [1282.0,
        461.0, 1377.0, 461.0, 1377.0, 489.0, 1282.0, 489.0], "confidence": 1.0, "elements":
        ["#/readResults/0/lines/8/words/3"]}, "Email": {"type": "string", "valueString":
        "accounts@herolimited.com", "text": "accounts@herolimited.com", "page": 1,
        "boundingBox": [166.0, 480.0, 475.0, 480.0, 475.0, 503.0, 166.0, 503.0], "confidence":
        1.0, "elements": ["#/readResults/0/lines/7/words/0"]}, "Signature": {"type":
        "string", "valueString": "Bernie Sanders", "text": "Bernie Sanders", "page":
        1, "boundingBox": [482.0, 1670.0, 764.0, 1670.0, 764.0, 1709.0, 482.0, 1709.0],
        "confidence": 1.0, "elements": ["#/readResults/0/lines/45/words/0", "#/readResults/0/lines/45/words/1"]},
        "Total": {"type": "string", "valueString": "$144.00", "text": "$144.00", "page":
        1, "boundingBox": [1429.0, 1669.0, 1530.0, 1669.0, 1530.0, 1697.0, 1429.0,
        1697.0], "confidence": 1.0, "elements": ["#/readResults/0/lines/47/words/0"]},
        "Quantity": {"type": "number", "text": "20", "page": 1, "boundingBox": [861.0,
        1089.0, 895.0, 1089.0, 895.0, 1120.0, 861.0, 1120.0], "confidence": 1.0, "elements":
        ["#/readResults/0/lines/26/words/0"]}, "Merchant": {"type": "string", "valueString":
        "Hero Limited", "text": "Hero Limited", "page": 1, "boundingBox": [621.0,
        202.0, 1075.0, 202.0, 1075.0, 266.0, 621.0, 266.0], "confidence": 1.0, "elements":
        ["#/readResults/0/lines/1/words/0", "#/readResults/0/lines/1/words/1"]}, "CompanyAddress":
        {"type": "string", "valueString": "938 NE Burner Road Boulder City, CO 92848",
        "text": "938 NE Burner Road Boulder City, CO 92848", "page": 1, "boundingBox":
        [277.0, 685.0, 568.0, 685.0, 568.0, 754.0, 277.0, 754.0], "confidence": 1.0,
        "elements": ["#/readResults/0/lines/12/words/1", "#/readResults/0/lines/12/words/2",
        "#/readResults/0/lines/12/words/3", "#/readResults/0/lines/12/words/4", "#/readResults/0/lines/13/words/0",
        "#/readResults/0/lines/13/words/1", "#/readResults/0/lines/13/words/2", "#/readResults/0/lines/13/words/3"]},
        "Website": {"type": "string", "valueString": "www.herolimited.com", "text":
        "www.herolimited.com", "page": 1, "boundingBox": [274.0, 393.0, 529.0, 393.0,
        529.0, 419.0, 274.0, 419.0], "confidence": 1.0, "elements": ["#/readResults/0/lines/4/words/1"]},
        "Subtotal": {"type": "string", "valueString": "$140.00", "text": "$140.00",
        "page": 1, "boundingBox": [1429.0, 1570.0, 1530.0, 1570.0, 1530.0, 1599.0,
        1429.0, 1599.0], "confidence": 1.0, "elements": ["#/readResults/0/lines/42/words/0"]},
        "CompanyName": {"type": "string", "valueString": "Higgly Wiggly Books", "text":
        "Higgly Wiggly Books", "page": 1, "boundingBox": [378.0, 646.0, 629.0, 646.0,
        629.0, 682.0, 378.0, 682.0], "confidence": 1.0, "elements": ["#/readResults/0/lines/11/words/2",
        "#/readResults/0/lines/11/words/3", "#/readResults/0/lines/11/words/4"]},
        "Tax": {"type": "string", "valueString": "$4.00", "text": "$4.00", "page":
        1, "boundingBox": [1461.0, 1614.0, 1530.0, 1614.0, 1530.0, 1642.0, 1461.0,
        1642.0], "confidence": 1.0, "elements": ["#/readResults/0/lines/44/words/0"]},
        "CompanyPhoneNumber": {"type": "string", "valueString": "938-294-2949", "text":
        "938-294-2949", "page": 1, "boundingBox": [713.0, 722.0, 884.0, 722.0, 884.0,
        750.0, 713.0, 750.0], "confidence": 1.0, "elements": ["#/readResults/0/lines/14/words/1"]}}}],
        "errors": []}}'
    headers:
      apim-request-id: a511379c-7226-4491-b7c1-658d33ef1c43
      content-length: '24904'
      content-type: application/json; charset=utf-8
      date: Fri, 30 Oct 2020 15:45:46 GMT
      strict-transport-security: max-age=31536000; includeSubDomains; preload
      x-content-type-options: nosniff
      x-envoy-upstream-service-time: '24'
    status:
      code: 200
      message: OK
    url: https://centraluseuap.api.cognitive.microsoft.com/formrecognizer/v2.0/custom/models/4d1d2e49-f478-4b17-949a-5024356be742/analyzeresults/d95bb2d3-6fbf-4d2e-bb93-e680d7449e53
- request:
    body: null
    headers:
      User-Agent:
      - azsdk-python-ai-formrecognizer/3.1.0b1 Python/3.9.0 (Windows-10-10.0.19041-SP0)
    method: GET
    uri: https://centraluseuap.api.cognitive.microsoft.com/formrecognizer/v2.0/custom/models/5cb547f7-6c1f-4c60-bd96-76b4d36357f7/analyzeresults/440f979d-6ea8-4b18-8ffb-d1bea904eb42
  response:
    body:
      string: '{"status": "succeeded", "createdDateTime": "2020-10-30T15:45:41Z",
        "lastUpdatedDateTime": "2020-10-30T15:45:44Z", "analyzeResult": {"version":
        "2.0.0", "readResults": [{"page": 1, "angle": 0.08, "width": 1700, "height":
        2200, "unit": "pixel", "lines": [{"text": "Purchase Order", "boundingBox":
        [141, 140, 348, 140, 348, 168, 141, 168], "words": [{"text": "Purchase", "boundingBox":
        [141, 139, 268, 139, 268, 167, 141, 167]}, {"text": "Order", "boundingBox":
        [273, 142, 348, 142, 348, 169, 273, 169]}]}, {"text": "Hero Limited", "boundingBox":
        [621, 204, 1078, 204, 1078, 271, 621, 271], "words": [{"text": "Hero", "boundingBox":
        [621, 204, 793, 204, 793, 273, 621, 273]}, {"text": "Limited", "boundingBox":
        [811, 204, 1078, 204, 1078, 270, 811, 270]}]}, {"text": "Purchase Order",
        "boundingBox": [1117, 319, 1551, 319, 1551, 373, 1117, 373], "words": [{"text":
        "Purchase", "boundingBox": [1117, 319, 1381, 319, 1381, 372, 1117, 372]},
        {"text": "Order", "boundingBox": [1398, 319, 1551, 319, 1551, 374, 1398, 374]}]},
        {"text": "Company Phone:", "boundingBox": [167, 351, 366, 351, 366, 382, 167,
        382], "words": [{"text": "Company", "boundingBox": [167, 351, 277, 351, 277,
        383, 167, 383]}, {"text": "Phone:", "boundingBox": [283, 352, 366, 352, 366,
        381, 283, 381]}]}, {"text": "555-348-6512", "boundingBox": [372, 352, 528,
        352, 528, 381, 372, 381], "words": [{"text": "555-348-6512", "boundingBox":
        [372, 352, 528, 352, 528, 381, 372, 381]}]}, {"text": "Website:", "boundingBox":
        [167, 392, 270, 392, 270, 420, 167, 420], "words": [{"text": "Website:", "boundingBox":
        [167, 392, 270, 392, 270, 420, 167, 420]}]}, {"text": "www.herolimited.com",
        "boundingBox": [275, 393, 529, 393, 529, 421, 275, 421], "words": [{"text":
        "www.herolimited.com", "boundingBox": [275, 393, 529, 393, 529, 421, 275,
        421]}]}, {"text": "Dated As:", "boundingBox": [1025, 419, 1162, 419, 1162,
        452, 1025, 452], "words": [{"text": "Dated", "boundingBox": [1025, 419, 1111,
        419, 1111, 453, 1025, 453]}, {"text": "As:", "boundingBox": [1118, 418, 1162,
        418, 1162, 451, 1118, 451]}]}, {"text": "12/20/2020", "boundingBox": [1168,
        418, 1320, 418, 1320, 451, 1168, 451], "words": [{"text": "12/20/2020", "boundingBox":
        [1168, 418, 1320, 418, 1320, 451, 1168, 451]}]}, {"text": "Email:", "boundingBox":
        [167, 432, 243, 432, 243, 459, 167, 459], "words": [{"text": "Email:", "boundingBox":
        [167, 432, 243, 432, 243, 459, 167, 459]}]}, {"text": "Purchase Order #:",
        "boundingBox": [1028, 460, 1276, 460, 1276, 492, 1028, 492], "words": [{"text":
        "Purchase", "boundingBox": [1028, 459, 1154, 459, 1154, 492, 1028, 492]},
        {"text": "Order", "boundingBox": [1160, 461, 1242, 461, 1242, 492, 1160, 492]},
        {"text": "#:", "boundingBox": [1248, 461, 1276, 461, 1276, 492, 1248, 492]}]},
        {"text": "948284", "boundingBox": [1282, 461, 1377, 461, 1377, 493, 1282,
        493], "words": [{"text": "948284", "boundingBox": [1282, 461, 1377, 461, 1377,
        493, 1282, 493]}]}, {"text": "accounts@herolimited.com", "boundingBox": [169,
        481, 477, 481, 477, 505, 169, 505], "words": [{"text": "accounts@herolimited.com",
        "boundingBox": [169, 481, 477, 481, 477, 505, 169, 505]}]}, {"text": "Shipped
        To", "boundingBox": [170, 547, 399, 547, 399, 594, 170, 594], "words": [{"text":
        "Shipped", "boundingBox": [170, 547, 340, 547, 340, 594, 170, 594]}, {"text":
        "To", "boundingBox": [349, 548, 399, 548, 399, 592, 349, 592]}]}, {"text":
        "Vendor Name:", "boundingBox": [162, 610, 347, 610, 347, 640, 162, 640], "words":
        [{"text": "Vendor", "boundingBox": [162, 610, 256, 610, 256, 640, 162, 640]},
        {"text": "Name:", "boundingBox": [262, 610, 347, 610, 347, 640, 262, 640]}]},
        {"text": "Hillary Swank", "boundingBox": [353, 611, 520, 611, 520, 641, 353,
        641], "words": [{"text": "Hillary", "boundingBox": [353, 611, 435, 611, 435,
        641, 353, 641]}, {"text": "Swank", "boundingBox": [441, 611, 520, 611, 520,
        641, 441, 641]}]}, {"text": "Company Name:", "boundingBox": [163, 646, 373,
        646, 373, 678, 163, 678], "words": [{"text": "Company", "boundingBox": [163,
        645, 283, 645, 283, 678, 163, 678]}, {"text": "Name:", "boundingBox": [290,
        647, 373, 647, 373, 679, 290, 679]}]}, {"text": "Higgly Wiggly Books", "boundingBox":
        [380, 648, 629, 648, 629, 679, 380, 679], "words": [{"text": "Higgly", "boundingBox":
        [380, 648, 457, 648, 457, 679, 380, 679]}, {"text": "Wiggly", "boundingBox":
        [463, 648, 549, 648, 549, 679, 463, 679]}, {"text": "Books", "boundingBox":
        [556, 647, 629, 647, 629, 679, 556, 679]}]}, {"text": "Address:", "boundingBox":
        [163, 684, 273, 684, 273, 715, 163, 715], "words": [{"text": "Address:", "boundingBox":
        [163, 684, 273, 684, 273, 715, 163, 715]}]}, {"text": "938 NE Burner Road",
        "boundingBox": [279, 685, 526, 685, 526, 715, 279, 715], "words": [{"text":
        "938", "boundingBox": [279, 684, 326, 684, 326, 715, 279, 715]}, {"text":
        "NE", "boundingBox": [332, 684, 367, 684, 367, 715, 332, 715]}, {"text": "Burner",
        "boundingBox": [373, 685, 459, 685, 459, 715, 373, 715]}, {"text": "Road",
        "boundingBox": [465, 687, 526, 687, 526, 716, 465, 716]}]}, {"text": "Boulder
        City, CO 92848", "boundingBox": [283, 721, 569, 721, 569, 753, 283, 753],
        "words": [{"text": "Boulder", "boundingBox": [283, 721, 378, 721, 378, 753,
        283, 753]}, {"text": "City,", "boundingBox": [384, 721, 438, 721, 438, 753,
        384, 753]}, {"text": "CO", "boundingBox": [444, 721, 483, 721, 483, 753, 444,
        753]}, {"text": "92848", "boundingBox": [489, 721, 569, 721, 569, 753, 489,
        753]}]}, {"text": "Phone:", "boundingBox": [616, 721, 708, 721, 708, 751,
        616, 751], "words": [{"text": "Phone:", "boundingBox": [616, 721, 708, 721,
        708, 751, 616, 751]}]}, {"text": "938-294-2949", "boundingBox": [714, 722,
        884, 722, 884, 750, 714, 750], "words": [{"text": "938-294-2949", "boundingBox":
        [714, 722, 884, 722, 884, 750, 714, 750]}]}, {"text": "Shipped From", "boundingBox":
        [170, 785, 445, 785, 445, 832, 170, 832], "words": [{"text": "Shipped", "boundingBox":
        [170, 785, 336, 785, 336, 832, 170, 832]}, {"text": "From", "boundingBox":
        [345, 785, 445, 785, 445, 831, 345, 831]}]}, {"text": "Name:", "boundingBox":
        [167, 852, 253, 852, 253, 882, 167, 882], "words": [{"text": "Name:", "boundingBox":
        [167, 852, 253, 852, 253, 882, 167, 882]}]}, {"text": "Bernie Sanders", "boundingBox":
        [259, 853, 446, 853, 446, 882, 259, 882], "words": [{"text": "Bernie", "boundingBox":
        [259, 853, 342, 853, 342, 882, 259, 882]}, {"text": "Sanders", "boundingBox":
        [347, 854, 446, 854, 446, 882, 347, 882]}]}, {"text": "Company Name:", "boundingBox":
        [170, 888, 379, 888, 379, 920, 170, 920], "words": [{"text": "Company", "boundingBox":
        [170, 887, 286, 887, 286, 920, 170, 920]}, {"text": "Name:", "boundingBox":
        [293, 889, 379, 889, 379, 920, 293, 920]}]}, {"text": "Jupiter Book Supply",
        "boundingBox": [385, 889, 625, 889, 625, 921, 385, 921], "words": [{"text":
        "Jupiter", "boundingBox": [385, 890, 471, 890, 471, 920, 385, 920]}, {"text":
        "Book", "boundingBox": [478, 889, 541, 889, 541, 921, 478, 921]}, {"text":
        "Supply", "boundingBox": [548, 889, 625, 889, 625, 922, 548, 922]}]}, {"text":
        "Address:", "boundingBox": [169, 925, 277, 925, 277, 956, 169, 956], "words":
        [{"text": "Address:", "boundingBox": [169, 925, 277, 925, 277, 956, 169, 956]}]},
        {"text": "383 N Kinnick Road", "boundingBox": [283, 925, 524, 925, 524, 954,
        283, 954], "words": [{"text": "383", "boundingBox": [283, 925, 329, 925, 329,
        955, 283, 955]}, {"text": "N", "boundingBox": [335, 925, 356, 925, 356, 954,
        335, 954]}, {"text": "Kinnick", "boundingBox": [362, 925, 451, 925, 451, 954,
        362, 954]}, {"text": "Road", "boundingBox": [458, 925, 524, 925, 524, 955,
        458, 955]}]}, {"text": "Seattle, WA 38383", "boundingBox": [285, 962, 515,
        962, 515, 993, 285, 993], "words": [{"text": "Seattle,", "boundingBox": [285,
        961, 380, 961, 380, 993, 285, 993]}, {"text": "WA", "boundingBox": [387, 963,
        432, 963, 432, 992, 387, 992]}, {"text": "38383", "boundingBox": [438, 963,
        515, 963, 515, 993, 438, 993]}]}, {"text": "Phone:", "boundingBox": [761,
        963, 852, 963, 852, 992, 761, 992], "words": [{"text": "Phone:", "boundingBox":
        [761, 963, 852, 963, 852, 992, 761, 992]}]}, {"text": "932-299-0292", "boundingBox":
        [858, 964, 1033, 964, 1033, 991, 858, 991], "words": [{"text": "932-299-0292",
        "boundingBox": [858, 964, 1033, 964, 1033, 991, 858, 991]}]}, {"text": "Details",
        "boundingBox": [448, 1045, 552, 1045, 552, 1079, 448, 1079], "words": [{"text":
        "Details", "boundingBox": [448, 1045, 552, 1045, 552, 1079, 448, 1079]}]},
        {"text": "Quantity", "boundingBox": [890, 1047, 1028, 1047, 1028, 1079, 890,
        1079], "words": [{"text": "Quantity", "boundingBox": [890, 1047, 1028, 1047,
        1028, 1079, 890, 1079]}]}, {"text": "Unit Price", "boundingBox": [1113, 1046,
        1267, 1046, 1267, 1081, 1113, 1081], "words": [{"text": "Unit", "boundingBox":
        [1113, 1045, 1185, 1045, 1185, 1080, 1113, 1080]}, {"text": "Price", "boundingBox":
        [1191, 1046, 1267, 1046, 1267, 1081, 1191, 1081]}]}, {"text": "Total", "boundingBox":
        [1389, 1044, 1466, 1044, 1466, 1078, 1389, 1078], "words": [{"text": "Total",
        "boundingBox": [1389, 1044, 1466, 1044, 1466, 1078, 1389, 1078]}]}, {"text":
        "Bindings", "boundingBox": [174, 1094, 282, 1094, 282, 1122, 174, 1122], "words":
        [{"text": "Bindings", "boundingBox": [174, 1094, 282, 1094, 282, 1122, 174,
        1122]}]}, {"text": "20", "boundingBox": [864, 1096, 889, 1096, 889, 1120,
        864, 1120], "words": [{"text": "20", "boundingBox": [864, 1096, 889, 1096,
        889, 1120, 864, 1120]}]}, {"text": "1.00", "boundingBox": [1244, 1097, 1297,
        1097, 1297, 1123, 1244, 1123], "words": [{"text": "1.00", "boundingBox": [1244,
        1097, 1297, 1097, 1297, 1123, 1244, 1123]}]}, {"text": "20.00", "boundingBox":
        [1466, 1096, 1532, 1096, 1532, 1120, 1466, 1120], "words": [{"text": "20.00",
        "boundingBox": [1466, 1096, 1532, 1096, 1532, 1120, 1466, 1120]}]}, {"text":
        "Covers Small", "boundingBox": [172, 1136, 331, 1136, 331, 1162, 172, 1162],
        "words": [{"text": "Covers", "boundingBox": [172, 1136, 258, 1136, 258, 1161,
        172, 1161]}, {"text": "Small", "boundingBox": [263, 1137, 331, 1137, 331,
        1164, 263, 1164]}]}, {"text": "20", "boundingBox": [863, 1133, 890, 1133,
        890, 1158, 863, 1158], "words": [{"text": "20", "boundingBox": [863, 1133,
        890, 1133, 890, 1158, 863, 1158]}]}, {"text": "1.00", "boundingBox": [1244,
        1133, 1292, 1133, 1292, 1161, 1244, 1161], "words": [{"text": "1.00", "boundingBox":
        [1244, 1133, 1292, 1133, 1292, 1161, 1244, 1161]}]}, {"text": "20.00", "boundingBox":
        [1465, 1135, 1532, 1135, 1532, 1159, 1465, 1159], "words": [{"text": "20.00",
        "boundingBox": [1465, 1135, 1532, 1135, 1532, 1159, 1465, 1159]}]}, {"text":
        "Feather Bookmark", "boundingBox": [172, 1181, 404, 1181, 404, 1206, 172,
        1206], "words": [{"text": "Feather", "boundingBox": [172, 1179, 272, 1179,
        272, 1205, 172, 1205]}, {"text": "Bookmark", "boundingBox": [277, 1182, 404,
        1182, 404, 1207, 277, 1207]}]}, {"text": "20", "boundingBox": [864, 1178,
        889, 1178, 889, 1199, 864, 1199], "words": [{"text": "20", "boundingBox":
        [864, 1178, 889, 1178, 889, 1199, 864, 1199]}]}, {"text": "5.00", "boundingBox":
        [1243, 1178, 1299, 1178, 1299, 1204, 1243, 1204], "words": [{"text": "5.00",
        "boundingBox": [1243, 1178, 1299, 1178, 1299, 1204, 1243, 1204]}]}, {"text":
        "100.00", "boundingBox": [1448, 1180, 1531, 1180, 1531, 1205, 1448, 1205],
        "words": [{"text": "100.00", "boundingBox": [1448, 1180, 1531, 1180, 1531,
        1205, 1448, 1205]}]}, {"text": "Copper Swirl Marker", "boundingBox": [172,
        1225, 427, 1225, 427, 1249, 172, 1249], "words": [{"text": "Copper", "boundingBox":
        [172, 1224, 266, 1224, 266, 1248, 172, 1248]}, {"text": "Swirl", "boundingBox":
        [270, 1226, 335, 1226, 335, 1249, 270, 1249]}, {"text": "Marker", "boundingBox":
        [339, 1226, 427, 1226, 427, 1249, 339, 1249]}]}, {"text": "20", "boundingBox":
        [864, 1222, 888, 1222, 888, 1245, 864, 1245], "words": [{"text": "20", "boundingBox":
        [864, 1222, 888, 1222, 888, 1245, 864, 1245]}]}, {"text": "5.00", "boundingBox":
        [1243, 1222, 1291, 1222, 1291, 1248, 1243, 1248], "words": [{"text": "5.00",
        "boundingBox": [1243, 1222, 1291, 1222, 1291, 1248, 1243, 1248]}]}, {"text":
        "100.00", "boundingBox": [1449, 1225, 1530, 1225, 1530, 1247, 1449, 1247],
        "words": [{"text": "100.00", "boundingBox": [1449, 1225, 1530, 1225, 1530,
        1247, 1449, 1247]}]}, {"text": "SUBTOTAL", "boundingBox": [1156, 1571, 1298,
        1571, 1298, 1599, 1156, 1599], "words": [{"text": "SUBTOTAL", "boundingBox":
        [1156, 1571, 1298, 1571, 1298, 1599, 1156, 1599]}]}, {"text": "$140.00", "boundingBox":
        [1434, 1575, 1531, 1575, 1531, 1600, 1434, 1600], "words": [{"text": "$140.00",
        "boundingBox": [1434, 1575, 1531, 1575, 1531, 1600, 1434, 1600]}]}, {"text":
        "TAX", "boundingBox": [1243, 1619, 1294, 1619, 1294, 1643, 1243, 1643], "words":
        [{"text": "TAX", "boundingBox": [1243, 1619, 1294, 1619, 1294, 1643, 1243,
        1643]}]}, {"text": "$4.00", "boundingBox": [1463, 1616, 1533, 1616, 1533,
        1641, 1463, 1641], "words": [{"text": "$4.00", "boundingBox": [1463, 1616,
        1533, 1616, 1533, 1641, 1463, 1641]}]}, {"text": "Bernie Sanders", "boundingBox":
        [485, 1670, 766, 1670, 766, 1709, 485, 1709], "words": [{"text": "Bernie",
        "boundingBox": [485, 1669, 606, 1669, 606, 1708, 485, 1708]}, {"text": "Sanders",
        "boundingBox": [613, 1671, 766, 1671, 766, 1710, 613, 1710]}]}, {"text": "TOTAL",
        "boundingBox": [1207, 1675, 1299, 1675, 1299, 1700, 1207, 1700], "words":
        [{"text": "TOTAL", "boundingBox": [1207, 1675, 1299, 1675, 1299, 1700, 1207,
        1700]}]}, {"text": "$144.00", "boundingBox": [1434, 1671, 1532, 1671, 1532,
        1698, 1434, 1698], "words": [{"text": "$144.00", "boundingBox": [1434, 1671,
        1532, 1671, 1532, 1698, 1434, 1698]}]}, {"text": "Bernie Sanders", "boundingBox":
        [545, 1719, 719, 1719, 719, 1744, 545, 1744], "words": [{"text": "Bernie",
        "boundingBox": [545, 1718, 622, 1718, 622, 1743, 545, 1743]}, {"text": "Sanders",
        "boundingBox": [627, 1719, 719, 1719, 719, 1745, 627, 1745]}]}, {"text": "Manager",
        "boundingBox": [579, 1752, 688, 1752, 688, 1777, 579, 1777], "words": [{"text":
        "Manager", "boundingBox": [579, 1752, 688, 1752, 688, 1777, 579, 1777]}]},
        {"text": "Additional Notes:", "boundingBox": [175, 1797, 479, 1797, 479, 1835,
        175, 1835], "words": [{"text": "Additional", "boundingBox": [175, 1796, 359,
        1796, 359, 1835, 175, 1835]}, {"text": "Notes:", "boundingBox": [366, 1799,
        479, 1799, 479, 1835, 366, 1835]}]}, {"text": "Do not Jostle Box. Unpack carefully.
        Enjoy.", "boundingBox": [176, 1881, 707, 1881, 707, 1911, 176, 1911], "words":
        [{"text": "Do", "boundingBox": [176, 1881, 209, 1881, 209, 1908, 176, 1908]},
        {"text": "not", "boundingBox": [214, 1881, 259, 1881, 259, 1909, 214, 1909]},
        {"text": "Jostle", "boundingBox": [264, 1881, 338, 1881, 338, 1910, 264, 1910]},
        {"text": "Box.", "boundingBox": [344, 1881, 405, 1881, 405, 1911, 344, 1911]},
        {"text": "Unpack", "boundingBox": [410, 1881, 504, 1881, 504, 1912, 410, 1912]},
        {"text": "carefully.", "boundingBox": [509, 1881, 626, 1881, 626, 1912, 509,
        1912]}, {"text": "Enjoy.", "boundingBox": [632, 1881, 707, 1881, 707, 1913,
        632, 1913]}]}, {"text": "Jupiter Book Supply will refund you 50% per book
        if returned within 60 days of reading and", "boundingBox": [174, 1926, 1512,
        1926, 1512, 1960, 174, 1960], "words": [{"text": "Jupiter", "boundingBox":
        [174, 1926, 274, 1926, 274, 1960, 174, 1960]}, {"text": "Book", "boundingBox":
        [281, 1926, 361, 1926, 361, 1960, 281, 1960]}, {"text": "Supply", "boundingBox":
        [368, 1926, 470, 1926, 470, 1960, 368, 1960]}, {"text": "will", "boundingBox":
        [477, 1926, 524, 1926, 524, 1960, 477, 1960]}, {"text": "refund", "boundingBox":
        [531, 1926, 629, 1926, 629, 1960, 531, 1960]}, {"text": "you", "boundingBox":
        [635, 1927, 693, 1927, 693, 1960, 635, 1960]}, {"text": "50%", "boundingBox":
        [700, 1927, 767, 1927, 767, 1960, 700, 1960]}, {"text": "per", "boundingBox":
        [774, 1926, 827, 1926, 827, 1960, 774, 1960]}, {"text": "book", "boundingBox":
        [834, 1926, 907, 1926, 907, 1960, 834, 1960]}, {"text": "if", "boundingBox":
        [914, 1926, 934, 1926, 934, 1960, 914, 1960]}, {"text": "returned", "boundingBox":
        [941, 1926, 1068, 1926, 1068, 1960, 941, 1960]}, {"text": "within", "boundingBox":
        [1075, 1926, 1162, 1926, 1162, 1960, 1075, 1960]}, {"text": "60", "boundingBox":
        [1168, 1926, 1211, 1926, 1211, 1960, 1168, 1960]}, {"text": "days", "boundingBox":
        [1220, 1925, 1289, 1925, 1289, 1960, 1220, 1960]}, {"text": "of", "boundingBox":
        [1295, 1925, 1324, 1925, 1324, 1960, 1295, 1960]}, {"text": "reading", "boundingBox":
        [1331, 1925, 1447, 1925, 1447, 1960, 1331, 1960]}, {"text": "and", "boundingBox":
        [1454, 1924, 1512, 1924, 1512, 1960, 1454, 1960]}]}, {"text": "offer you 25%
        off you next total purchase.", "boundingBox": [171, 1960, 781, 1960, 781,
        1993, 171, 1993], "words": [{"text": "offer", "boundingBox": [171, 1959, 240,
        1959, 240, 1992, 171, 1992]}, {"text": "you", "boundingBox": [246, 1959, 304,
        1959, 304, 1993, 246, 1993]}, {"text": "25%", "boundingBox": [311, 1959, 379,
        1959, 379, 1993, 311, 1993]}, {"text": "off", "boundingBox": [386, 1960, 426,
        1960, 426, 1993, 386, 1993]}, {"text": "you", "boundingBox": [433, 1960, 488,
        1960, 488, 1993, 433, 1993]}, {"text": "next", "boundingBox": [495, 1960,
        561, 1960, 561, 1994, 495, 1994]}, {"text": "total", "boundingBox": [568,
        1961, 632, 1961, 632, 1994, 568, 1994]}, {"text": "purchase.", "boundingBox":
        [639, 1961, 781, 1961, 781, 1994, 639, 1994]}]}]}], "pageResults": [{"page":
        1, "keyValuePairs": [{"key": {"text": "Hero Limited", "boundingBox": [621,
        204, 1078, 204, 1078, 271, 621, 271], "elements": ["#/readResults/0/lines/1/words/0",
        "#/readResults/0/lines/1/words/1"]}, "value": {"text": "", "boundingBox":
        null, "elements": null}, "confidence": 0.5}, {"key": {"text": "Company Phone:",
        "boundingBox": [167, 351, 366, 351, 366, 382, 167, 382], "elements": ["#/readResults/0/lines/3/words/0",
        "#/readResults/0/lines/3/words/1"]}, "value": {"text": "555-348-6512", "boundingBox":
        [372, 352, 528, 352, 528, 381, 372, 381], "elements": ["#/readResults/0/lines/4/words/0"]},
        "confidence": 1.0}, {"key": {"text": "Website:", "boundingBox": [167, 392,
        270, 392, 270, 420, 167, 420], "elements": ["#/readResults/0/lines/5/words/0"]},
        "value": {"text": "www.herolimited.com", "boundingBox": [275, 393, 529, 393,
        529, 421, 275, 421], "elements": ["#/readResults/0/lines/6/words/0"]}, "confidence":
        1.0}, {"key": {"text": "Dated As:", "boundingBox": [1025, 419, 1162, 419,
        1162, 452, 1025, 452], "elements": ["#/readResults/0/lines/7/words/0", "#/readResults/0/lines/7/words/1"]},
        "value": {"text": "12/20/2020", "boundingBox": [1168, 418, 1320, 418, 1320,
        451, 1168, 451], "elements": ["#/readResults/0/lines/8/words/0"]}, "confidence":
        1.0}, {"key": {"text": "Email:", "boundingBox": [167, 432, 243, 432, 243,
        459, 167, 459], "elements": ["#/readResults/0/lines/9/words/0"]}, "value":
        {"text": "accounts@herolimited.com", "boundingBox": [169, 481, 477, 481, 477,
        505, 169, 505], "elements": ["#/readResults/0/lines/12/words/0"]}, "confidence":
        1.0}, {"key": {"text": "Purchase Order #:", "boundingBox": [1028, 460, 1276,
        460, 1276, 492, 1028, 492], "elements": ["#/readResults/0/lines/10/words/0",
        "#/readResults/0/lines/10/words/1", "#/readResults/0/lines/10/words/2"]},
        "value": {"text": "948284", "boundingBox": [1282, 461, 1377, 461, 1377, 493,
        1282, 493], "elements": ["#/readResults/0/lines/11/words/0"]}, "confidence":
        1.0}, {"key": {"text": "Vendor Name:", "boundingBox": [162, 610, 347, 610,
        347, 640, 162, 640], "elements": ["#/readResults/0/lines/14/words/0", "#/readResults/0/lines/14/words/1"]},
        "value": {"text": "Hillary Swank", "boundingBox": [353, 611, 520, 611, 520,
        641, 353, 641], "elements": ["#/readResults/0/lines/15/words/0", "#/readResults/0/lines/15/words/1"]},
        "confidence": 0.7}, {"key": {"text": "Company Name:", "boundingBox": [163,
        646, 373, 646, 373, 678, 163, 678], "elements": ["#/readResults/0/lines/16/words/0",
        "#/readResults/0/lines/16/words/1"]}, "value": {"text": "Higgly Wiggly Books",
        "boundingBox": [380, 648, 629, 648, 629, 679, 380, 679], "elements": ["#/readResults/0/lines/17/words/0",
        "#/readResults/0/lines/17/words/1", "#/readResults/0/lines/17/words/2"]},
        "confidence": 1.0}, {"key": {"text": "Address:", "boundingBox": [163, 684,
        273, 684, 273, 715, 163, 715], "elements": ["#/readResults/0/lines/18/words/0"]},
        "value": {"text": "938 NE Burner Road Boulder City, CO 92848", "boundingBox":
        [279, 685, 569, 685, 569, 753, 279, 753], "elements": ["#/readResults/0/lines/19/words/0",
        "#/readResults/0/lines/19/words/1", "#/readResults/0/lines/19/words/2", "#/readResults/0/lines/19/words/3",
        "#/readResults/0/lines/20/words/0", "#/readResults/0/lines/20/words/1", "#/readResults/0/lines/20/words/2",
        "#/readResults/0/lines/20/words/3"]}, "confidence": 1.0}, {"key": {"text":
        "Phone:", "boundingBox": [616, 721, 708, 721, 708, 751, 616, 751], "elements":
        ["#/readResults/0/lines/21/words/0"]}, "value": {"text": "938-294-2949", "boundingBox":
        [714, 722, 884, 722, 884, 750, 714, 750], "elements": ["#/readResults/0/lines/22/words/0"]},
        "confidence": 1.0}, {"key": {"text": "Name:", "boundingBox": [167, 852, 253,
        852, 253, 882, 167, 882], "elements": ["#/readResults/0/lines/24/words/0"]},
        "value": {"text": "Bernie Sanders", "boundingBox": [259, 853, 446, 853, 446,
        882, 259, 882], "elements": ["#/readResults/0/lines/25/words/0", "#/readResults/0/lines/25/words/1"]},
        "confidence": 0.53}, {"key": {"text": "Company Name:", "boundingBox": [170,
        888, 379, 888, 379, 920, 170, 920], "elements": ["#/readResults/0/lines/26/words/0",
        "#/readResults/0/lines/26/words/1"]}, "value": {"text": "Jupiter Book Supply",
        "boundingBox": [385, 889, 625, 889, 625, 921, 385, 921], "elements": ["#/readResults/0/lines/27/words/0",
        "#/readResults/0/lines/27/words/1", "#/readResults/0/lines/27/words/2"]},
        "confidence": 0.53}, {"key": {"text": "Address:", "boundingBox": [169, 925,
        277, 925, 277, 956, 169, 956], "elements": ["#/readResults/0/lines/28/words/0"]},
        "value": {"text": "383 N Kinnick Road Seattle, WA 38383", "boundingBox": [283,
        925, 524, 925, 524, 993, 283, 993], "elements": ["#/readResults/0/lines/29/words/0",
        "#/readResults/0/lines/29/words/1", "#/readResults/0/lines/29/words/2", "#/readResults/0/lines/29/words/3",
        "#/readResults/0/lines/30/words/0", "#/readResults/0/lines/30/words/1", "#/readResults/0/lines/30/words/2"]},
        "confidence": 1.0}, {"key": {"text": "Phone:", "boundingBox": [761, 963, 852,
        963, 852, 992, 761, 992], "elements": ["#/readResults/0/lines/31/words/0"]},
        "value": {"text": "932-299-0292", "boundingBox": [858, 964, 1033, 964, 1033,
        991, 858, 991], "elements": ["#/readResults/0/lines/32/words/0"]}, "confidence":
        1.0}, {"key": {"text": "SUBTOTAL", "boundingBox": [1156, 1571, 1298, 1571,
        1298, 1599, 1156, 1599], "elements": ["#/readResults/0/lines/53/words/0"]},
        "value": {"text": "$140.00", "boundingBox": [1434, 1575, 1531, 1575, 1531,
        1600, 1434, 1600], "elements": ["#/readResults/0/lines/54/words/0"]}, "confidence":
        1.0}, {"key": {"text": "TAX", "boundingBox": [1243, 1619, 1294, 1619, 1294,
        1643, 1243, 1643], "elements": ["#/readResults/0/lines/55/words/0"]}, "value":
        {"text": "$4.00", "boundingBox": [1463, 1616, 1533, 1616, 1533, 1641, 1463,
        1641], "elements": ["#/readResults/0/lines/56/words/0"]}, "confidence": 1.0},
        {"key": {"text": "TOTAL", "boundingBox": [1207, 1675, 1299, 1675, 1299, 1700,
        1207, 1700], "elements": ["#/readResults/0/lines/58/words/0"]}, "value": {"text":
        "$144.00", "boundingBox": [1434, 1671, 1532, 1671, 1532, 1698, 1434, 1698],
        "elements": ["#/readResults/0/lines/59/words/0"]}, "confidence": 1.0}, {"key":
        {"text": "Additional Notes:", "boundingBox": [175, 1797, 479, 1797, 479, 1835,
        175, 1835], "elements": ["#/readResults/0/lines/62/words/0", "#/readResults/0/lines/62/words/1"]},
        "value": {"text": "Do not Jostle Box. Unpack carefully. Enjoy. Jupiter Book
        Supply will refund you 50% per book if returned within 60 days of reading
        and offer you 25% off you next total purchase.", "boundingBox": [171, 1881,
        1512, 1881, 1512, 1993, 171, 1993], "elements": ["#/readResults/0/lines/63/words/0",
        "#/readResults/0/lines/63/words/1", "#/readResults/0/lines/63/words/2", "#/readResults/0/lines/63/words/3",
        "#/readResults/0/lines/63/words/4", "#/readResults/0/lines/63/words/5", "#/readResults/0/lines/63/words/6",
        "#/readResults/0/lines/64/words/0", "#/readResults/0/lines/64/words/1", "#/readResults/0/lines/64/words/2",
        "#/readResults/0/lines/64/words/3", "#/readResults/0/lines/64/words/4", "#/readResults/0/lines/64/words/5",
        "#/readResults/0/lines/64/words/6", "#/readResults/0/lines/64/words/7", "#/readResults/0/lines/64/words/8",
        "#/readResults/0/lines/64/words/9", "#/readResults/0/lines/64/words/10", "#/readResults/0/lines/64/words/11",
        "#/readResults/0/lines/64/words/12", "#/readResults/0/lines/64/words/13",
        "#/readResults/0/lines/64/words/14", "#/readResults/0/lines/64/words/15",
        "#/readResults/0/lines/64/words/16", "#/readResults/0/lines/65/words/0", "#/readResults/0/lines/65/words/1",
        "#/readResults/0/lines/65/words/2", "#/readResults/0/lines/65/words/3", "#/readResults/0/lines/65/words/4",
        "#/readResults/0/lines/65/words/5", "#/readResults/0/lines/65/words/6", "#/readResults/0/lines/65/words/7"]},
        "confidence": 0.53}], "tables": [{"rows": 5, "columns": 4, "cells": [{"text":
        "Details", "rowIndex": 0, "columnIndex": 0, "boundingBox": [448, 1045, 552,
        1045, 552, 1079, 448, 1079], "confidence": 1.0, "rowSpan": 1, "columnSpan":
        1, "elements": ["#/readResults/0/lines/33/words/0"], "isHeader": true, "isFooter":
        false}, {"text": "Quantity", "rowIndex": 0, "columnIndex": 1, "boundingBox":
        [890, 1047, 1028, 1047, 1028, 1079, 890, 1079], "confidence": 1.0, "rowSpan":
        1, "columnSpan": 1, "elements": ["#/readResults/0/lines/34/words/0"], "isHeader":
        true, "isFooter": false}, {"text": "Unit Price", "rowIndex": 0, "columnIndex":
        2, "boundingBox": [1113, 1046, 1267, 1046, 1267, 1081, 1113, 1081], "confidence":
        1.0, "rowSpan": 1, "columnSpan": 1, "elements": ["#/readResults/0/lines/35/words/0",
        "#/readResults/0/lines/35/words/1"], "isHeader": true, "isFooter": false},
        {"text": "Total", "rowIndex": 0, "columnIndex": 3, "boundingBox": [1389, 1044,
        1466, 1044, 1466, 1078, 1389, 1078], "confidence": 1.0, "rowSpan": 1, "columnSpan":
        1, "elements": ["#/readResults/0/lines/36/words/0"], "isHeader": true, "isFooter":
        false}, {"text": "Bindings", "rowIndex": 1, "columnIndex": 0, "boundingBox":
        [174, 1094, 282, 1094, 282, 1122, 174, 1122], "confidence": 1.0, "rowSpan":
        1, "columnSpan": 1, "elements": ["#/readResults/0/lines/37/words/0"], "isHeader":
        false, "isFooter": false}, {"text": "20", "rowIndex": 1, "columnIndex": 1,
        "boundingBox": [864, 1096, 889, 1096, 889, 1120, 864, 1120], "confidence":
        1.0, "rowSpan": 1, "columnSpan": 1, "elements": ["#/readResults/0/lines/38/words/0"],
        "isHeader": false, "isFooter": false}, {"text": "1.00", "rowIndex": 1, "columnIndex":
        2, "boundingBox": [1244, 1097, 1297, 1097, 1297, 1123, 1244, 1123], "confidence":
        1.0, "rowSpan": 1, "columnSpan": 1, "elements": ["#/readResults/0/lines/39/words/0"],
        "isHeader": false, "isFooter": false}, {"text": "20.00", "rowIndex": 1, "columnIndex":
        3, "boundingBox": [1466, 1096, 1532, 1096, 1532, 1120, 1466, 1120], "confidence":
        1.0, "rowSpan": 1, "columnSpan": 1, "elements": ["#/readResults/0/lines/40/words/0"],
        "isHeader": false, "isFooter": false}, {"text": "Covers Small", "rowIndex":
        2, "columnIndex": 0, "boundingBox": [172, 1136, 331, 1136, 331, 1162, 172,
        1162], "confidence": 1.0, "rowSpan": 1, "columnSpan": 1, "elements": ["#/readResults/0/lines/41/words/0",
        "#/readResults/0/lines/41/words/1"], "isHeader": false, "isFooter": false},
        {"text": "20", "rowIndex": 2, "columnIndex": 1, "boundingBox": [863, 1133,
        890, 1133, 890, 1158, 863, 1158], "confidence": 1.0, "rowSpan": 1, "columnSpan":
        1, "elements": ["#/readResults/0/lines/42/words/0"], "isHeader": false, "isFooter":
        false}, {"text": "1.00", "rowIndex": 2, "columnIndex": 2, "boundingBox": [1244,
        1133, 1292, 1133, 1292, 1161, 1244, 1161], "confidence": 1.0, "rowSpan": 1,
        "columnSpan": 1, "elements": ["#/readResults/0/lines/43/words/0"], "isHeader":
        false, "isFooter": false}, {"text": "20.00", "rowIndex": 2, "columnIndex":
        3, "boundingBox": [1465, 1135, 1532, 1135, 1532, 1159, 1465, 1159], "confidence":
        1.0, "rowSpan": 1, "columnSpan": 1, "elements": ["#/readResults/0/lines/44/words/0"],
        "isHeader": false, "isFooter": false}, {"text": "Feather Bookmark", "rowIndex":
        3, "columnIndex": 0, "boundingBox": [172, 1181, 404, 1181, 404, 1206, 172,
        1206], "confidence": 1.0, "rowSpan": 1, "columnSpan": 1, "elements": ["#/readResults/0/lines/45/words/0",
        "#/readResults/0/lines/45/words/1"], "isHeader": false, "isFooter": false},
        {"text": "20", "rowIndex": 3, "columnIndex": 1, "boundingBox": [864, 1178,
        889, 1178, 889, 1199, 864, 1199], "confidence": 1.0, "rowSpan": 1, "columnSpan":
        1, "elements": ["#/readResults/0/lines/46/words/0"], "isHeader": false, "isFooter":
        false}, {"text": "5.00", "rowIndex": 3, "columnIndex": 2, "boundingBox": [1243,
        1178, 1299, 1178, 1299, 1204, 1243, 1204], "confidence": 1.0, "rowSpan": 1,
        "columnSpan": 1, "elements": ["#/readResults/0/lines/47/words/0"], "isHeader":
        false, "isFooter": false}, {"text": "100.00", "rowIndex": 3, "columnIndex":
        3, "boundingBox": [1448, 1180, 1531, 1180, 1531, 1205, 1448, 1205], "confidence":
        1.0, "rowSpan": 1, "columnSpan": 1, "elements": ["#/readResults/0/lines/48/words/0"],
        "isHeader": false, "isFooter": false}, {"text": "Copper Swirl Marker", "rowIndex":
        4, "columnIndex": 0, "boundingBox": [172, 1225, 427, 1225, 427, 1249, 172,
        1249], "confidence": 1.0, "rowSpan": 1, "columnSpan": 1, "elements": ["#/readResults/0/lines/49/words/0",
        "#/readResults/0/lines/49/words/1", "#/readResults/0/lines/49/words/2"], "isHeader":
        false, "isFooter": false}, {"text": "20", "rowIndex": 4, "columnIndex": 1,
        "boundingBox": [864, 1222, 888, 1222, 888, 1245, 864, 1245], "confidence":
        1.0, "rowSpan": 1, "columnSpan": 1, "elements": ["#/readResults/0/lines/50/words/0"],
        "isHeader": false, "isFooter": false}, {"text": "5.00", "rowIndex": 4, "columnIndex":
        2, "boundingBox": [1243, 1222, 1291, 1222, 1291, 1248, 1243, 1248], "confidence":
        1.0, "rowSpan": 1, "columnSpan": 1, "elements": ["#/readResults/0/lines/51/words/0"],
        "isHeader": false, "isFooter": false}, {"text": "100.00", "rowIndex": 4, "columnIndex":
        3, "boundingBox": [1449, 1225, 1530, 1225, 1530, 1247, 1449, 1247], "confidence":
        1.0, "rowSpan": 1, "columnSpan": 1, "elements": ["#/readResults/0/lines/52/words/0"],
        "isHeader": false, "isFooter": false}]}], "clusterId": 0}], "documentResults":
        [], "errors": []}}'
    headers:
      apim-request-id: e518d6dc-3aa6-45a3-8cce-e13271cd09e9
      content-length: '30423'
      content-type: application/json; charset=utf-8
      date: Fri, 30 Oct 2020 15:45:51 GMT
      strict-transport-security: max-age=31536000; includeSubDomains; preload
      x-content-type-options: nosniff
      x-envoy-upstream-service-time: '26'
    status:
      code: 200
      message: OK
    url: https://centraluseuap.api.cognitive.microsoft.com/formrecognizer/v2.0/custom/models/5cb547f7-6c1f-4c60-bd96-76b4d36357f7/analyzeresults/440f979d-6ea8-4b18-8ffb-d1bea904eb42
- request:
    body: null
    headers:
      Accept:
      - application/json
      User-Agent:
      - azsdk-python-ai-formrecognizer/3.1.0b1 Python/3.9.0 (Windows-10-10.0.19041-SP0)
    method: GET
    uri: https://centraluseuap.api.cognitive.microsoft.com/formrecognizer/v2.0/custom/models?op=full
  response:
    body:
      string: '{"modelList": [{"modelId": "4d1d2e49-f478-4b17-949a-5024356be742",
        "status": "ready", "createdDateTime": "2020-10-30T15:45:25Z", "lastUpdatedDateTime":
        "2020-10-30T15:45:27Z"}, {"modelId": "5cb547f7-6c1f-4c60-bd96-76b4d36357f7",
        "status": "ready", "createdDateTime": "2020-10-30T15:45:30Z", "lastUpdatedDateTime":
        "2020-10-30T15:45:39Z"}], "nextLink": ""}'
    headers:
      apim-request-id: cbc71eb0-91cf-47e0-8c1c-a23d396071a1
      content-type: application/json; charset=utf-8
      date: Fri, 30 Oct 2020 15:45:51 GMT
      strict-transport-security: max-age=31536000; includeSubDomains; preload
      transfer-encoding: chunked
      x-content-type-options: nosniff
      x-envoy-upstream-service-time: '21'
    status:
      code: 200
      message: OK
    url: https://centraluseuap.api.cognitive.microsoft.com//formrecognizer/v2.0/custom/models?op=full
version: 1
