{
  "Entries": [
    {
      "RequestUri": "https://fakeendpoint.cognitiveservices.azure.com/formrecognizer/documentModels:build?api-version=2021-09-30-preview",
      "RequestMethod": "POST",
      "RequestHeaders": {
        "Accept": "application/json",
        "Accept-Encoding": "gzip, deflate",
        "Connection": "keep-alive",
        "Content-Length": "108",
        "Content-Type": "application/json",
        "User-Agent": "azsdk-python-ai-formrecognizer/3.2.0b3 Python/3.8.5 (Windows-10-10.0.19041-SP0)",
        "x-ms-client-request-id": "4c9ed60a-5ede-11ec-acf4-c8348e073d30"
      },
      "RequestBody": {
        "modelId": "8f622fe9-2729-493f-a1e9-6f2cbc7404c8",
        "azureBlobSource": {
          "containerUrl": "https://blob_sas_url"
        }
      },
      "StatusCode": 202,
      "ResponseHeaders": {
        "apim-request-id": "6005726d-15d4-47c0-b1c0-7de53f80d55a",
        "Content-Length": "0",
        "Date": "Fri, 17 Dec 2021 02:09:02 GMT",
        "operation-location": "https://fakeendpoint.cognitiveservices.azure.com/formrecognizer/operations/31526661060_6005726d-15d4-47c0-b1c0-7de53f80d55a?api-version=2021-09-30-preview",
        "Strict-Transport-Security": "max-age=31536000; includeSubDomains; preload",
        "X-Content-Type-Options": "nosniff",
        "x-envoy-upstream-service-time": "2363"
      },
      "ResponseBody": null
    },
    {
      "RequestUri": "https://fakeendpoint.cognitiveservices.azure.com/formrecognizer/operations/31526661060_6005726d-15d4-47c0-b1c0-7de53f80d55a?api-version=2021-09-30-preview",
      "RequestMethod": "GET",
      "RequestHeaders": {
        "Accept": "*/*",
        "Accept-Encoding": "gzip, deflate",
        "Connection": "keep-alive",
        "User-Agent": "azsdk-python-ai-formrecognizer/3.2.0b3 Python/3.8.5 (Windows-10-10.0.19041-SP0)",
        "x-ms-client-request-id": "4c9ed60a-5ede-11ec-acf4-c8348e073d30"
      },
      "RequestBody": null,
      "StatusCode": 200,
      "ResponseHeaders": {
        "apim-request-id": "36194e92-f2e3-4875-9e4e-41e629d21af2",
        "Content-Type": "application/json; charset=utf-8",
        "Date": "Fri, 17 Dec 2021 02:09:07 GMT",
        "Strict-Transport-Security": "max-age=31536000; includeSubDomains; preload",
        "Transfer-Encoding": "chunked",
        "X-Content-Type-Options": "nosniff",
        "x-envoy-upstream-service-time": "40"
      },
      "ResponseBody": [
        "{\n",
        "  \u0022operationId\u0022: \u002231526661060_6005726d-15d4-47c0-b1c0-7de53f80d55a\u0022,\n",
        "  \u0022kind\u0022: \u0022documentModelBuild\u0022,\n",
        "  \u0022status\u0022: \u0022succeeded\u0022,\n",
        "  \u0022createdDateTime\u0022: \u00222021-12-17T02:09:00Z\u0022,\n",
        "  \u0022lastUpdatedDateTime\u0022: \u00222021-12-17T02:09:05Z\u0022,\n",
        "  \u0022resourceLocation\u0022: \u0022https://fakeendpoint.cognitiveservices.azure.com/formrecognizer/documentModels/8f622fe9-2729-493f-a1e9-6f2cbc7404c8?api-version=2021-09-30-preview\u0022,\n",
        "  \u0022percentCompleted\u0022: 100,\n",
        "  \u0022result\u0022: {\n",
        "    \u0022docTypes\u0022: {\n",
        "      \u00228f622fe9-2729-493f-a1e9-6f2cbc7404c8\u0022: {\n",
        "        \u0022fieldSchema\u0022: {\n",
        "          \u0022Merchant\u0022: {\n",
        "            \u0022type\u0022: \u0022string\u0022\n",
        "          },\n",
        "          \u0022PhoneNumber\u0022: {\n",
        "            \u0022type\u0022: \u0022string\u0022\n",
        "          },\n",
        "          \u0022Website\u0022: {\n",
        "            \u0022type\u0022: \u0022string\u0022\n",
        "          },\n",
        "          \u0022Email\u0022: {\n",
        "            \u0022type\u0022: \u0022string\u0022\n",
        "          },\n",
        "          \u0022PurchaseOrderNumber\u0022: {\n",
        "            \u0022type\u0022: \u0022string\u0022\n",
        "          },\n",
        "          \u0022DatedAs\u0022: {\n",
        "            \u0022type\u0022: \u0022string\u0022\n",
        "          },\n",
        "          \u0022VendorName\u0022: {\n",
        "            \u0022type\u0022: \u0022string\u0022\n",
        "          },\n",
        "          \u0022CompanyName\u0022: {\n",
        "            \u0022type\u0022: \u0022string\u0022\n",
        "          },\n",
        "          \u0022CompanyAddress\u0022: {\n",
        "            \u0022type\u0022: \u0022string\u0022\n",
        "          },\n",
        "          \u0022CompanyPhoneNumber\u0022: {\n",
        "            \u0022type\u0022: \u0022string\u0022\n",
        "          },\n",
        "          \u0022Subtotal\u0022: {\n",
        "            \u0022type\u0022: \u0022string\u0022\n",
        "          },\n",
        "          \u0022Tax\u0022: {\n",
        "            \u0022type\u0022: \u0022string\u0022\n",
        "          },\n",
        "          \u0022Total\u0022: {\n",
        "            \u0022type\u0022: \u0022string\u0022\n",
        "          },\n",
        "          \u0022Signature\u0022: {\n",
        "            \u0022type\u0022: \u0022string\u0022\n",
        "          },\n",
        "          \u0022Quantity\u0022: {\n",
        "            \u0022type\u0022: \u0022number\u0022\n",
        "          },\n",
        "          \u0022FullSignature\u0022: {\n",
        "            \u0022type\u0022: \u0022signature\u0022\n",
        "          }\n",
        "        },\n",
        "        \u0022technique\u0022: \u0022fixedTemplate-2021-07-30\u0022,\n",
        "        \u0022modelType\u0022: \u0022form\u0022,\n",
        "        \u0022fieldConfidence\u0022: {\n",
        "          \u0022CompanyAddress\u0022: 0.8,\n",
        "          \u0022CompanyName\u0022: 0.95,\n",
        "          \u0022CompanyPhoneNumber\u0022: 0.95,\n",
        "          \u0022DatedAs\u0022: 0.95,\n",
        "          \u0022Email\u0022: 0.8,\n",
        "          \u0022FullSignature\u0022: 0.6,\n",
        "          \u0022Merchant\u0022: 0.95,\n",
        "          \u0022PhoneNumber\u0022: 0.95,\n",
        "          \u0022PurchaseOrderNumber\u0022: 0.95,\n",
        "          \u0022Quantity\u0022: 0.95,\n",
        "          \u0022Signature\u0022: 0.95,\n",
        "          \u0022Subtotal\u0022: 0.95,\n",
        "          \u0022Tax\u0022: 0.95,\n",
        "          \u0022Total\u0022: 0.95,\n",
        "          \u0022VendorName\u0022: 0.95,\n",
        "          \u0022Website\u0022: 0.95\n",
        "        }\n",
        "      }\n",
        "    },\n",
        "    \u0022modelId\u0022: \u00228f622fe9-2729-493f-a1e9-6f2cbc7404c8\u0022,\n",
        "    \u0022createdDateTime\u0022: \u00222021-12-17T02:09:04Z\u0022\n",
        "  }\n",
        "}"
      ]
    },
    {
      "RequestUri": "https://fakeendpoint.cognitiveservices.azure.com/formrecognizer/documentModels:build?api-version=2021-09-30-preview",
      "RequestMethod": "POST",
      "RequestHeaders": {
        "Accept": "application/json",
        "Accept-Encoding": "gzip, deflate",
        "Connection": "keep-alive",
        "Content-Length": "108",
        "Content-Type": "application/json",
        "User-Agent": "azsdk-python-ai-formrecognizer/3.2.0b3 Python/3.8.5 (Windows-10-10.0.19041-SP0)",
        "x-ms-client-request-id": "513221fa-5ede-11ec-a76d-c8348e073d30"
      },
      "RequestBody": {
        "modelId": "a22ed241-f131-4320-a7b6-b03afb88f4eb",
        "azureBlobSource": {
          "containerUrl": "https://blob_sas_url"
        }
      },
      "StatusCode": 202,
      "ResponseHeaders": {
        "apim-request-id": "20dc3364-8659-4603-a2d1-1461c3ce5b30",
        "Content-Length": "0",
        "Date": "Fri, 17 Dec 2021 02:09:10 GMT",
        "operation-location": "https://fakeendpoint.cognitiveservices.azure.com/formrecognizer/operations/31526661052_20dc3364-8659-4603-a2d1-1461c3ce5b30?api-version=2021-09-30-preview",
        "Strict-Transport-Security": "max-age=31536000; includeSubDomains; preload",
        "X-Content-Type-Options": "nosniff",
        "x-envoy-upstream-service-time": "2454"
      },
      "ResponseBody": null
    },
    {
      "RequestUri": "https://fakeendpoint.cognitiveservices.azure.com/formrecognizer/operations/31526661052_20dc3364-8659-4603-a2d1-1461c3ce5b30?api-version=2021-09-30-preview",
      "RequestMethod": "GET",
      "RequestHeaders": {
        "Accept": "*/*",
        "Accept-Encoding": "gzip, deflate",
        "Connection": "keep-alive",
        "User-Agent": "azsdk-python-ai-formrecognizer/3.2.0b3 Python/3.8.5 (Windows-10-10.0.19041-SP0)",
        "x-ms-client-request-id": "513221fa-5ede-11ec-a76d-c8348e073d30"
      },
      "RequestBody": null,
      "StatusCode": 200,
      "ResponseHeaders": {
        "apim-request-id": "685c6bb3-1f6f-49ea-b1ef-bdb04e55943c",
        "Content-Type": "application/json; charset=utf-8",
        "Date": "Fri, 17 Dec 2021 02:09:14 GMT",
        "Strict-Transport-Security": "max-age=31536000; includeSubDomains; preload",
        "Transfer-Encoding": "chunked",
        "X-Content-Type-Options": "nosniff",
        "x-envoy-upstream-service-time": "36"
      },
      "ResponseBody": [
        "{\n",
        "  \u0022operationId\u0022: \u002231526661052_20dc3364-8659-4603-a2d1-1461c3ce5b30\u0022,\n",
        "  \u0022kind\u0022: \u0022documentModelBuild\u0022,\n",
        "  \u0022status\u0022: \u0022succeeded\u0022,\n",
        "  \u0022createdDateTime\u0022: \u00222021-12-17T02:09:08Z\u0022,\n",
        "  \u0022lastUpdatedDateTime\u0022: \u00222021-12-17T02:09:12Z\u0022,\n",
        "  \u0022resourceLocation\u0022: \u0022https://fakeendpoint.cognitiveservices.azure.com/formrecognizer/documentModels/a22ed241-f131-4320-a7b6-b03afb88f4eb?api-version=2021-09-30-preview\u0022,\n",
        "  \u0022percentCompleted\u0022: 100,\n",
        "  \u0022result\u0022: {\n",
        "    \u0022docTypes\u0022: {\n",
        "      \u0022a22ed241-f131-4320-a7b6-b03afb88f4eb\u0022: {\n",
        "        \u0022fieldSchema\u0022: {\n",
        "          \u0022Merchant\u0022: {\n",
        "            \u0022type\u0022: \u0022string\u0022\n",
        "          },\n",
        "          \u0022PhoneNumber\u0022: {\n",
        "            \u0022type\u0022: \u0022string\u0022\n",
        "          },\n",
        "          \u0022Website\u0022: {\n",
        "            \u0022type\u0022: \u0022string\u0022\n",
        "          },\n",
        "          \u0022Email\u0022: {\n",
        "            \u0022type\u0022: \u0022string\u0022\n",
        "          },\n",
        "          \u0022PurchaseOrderNumber\u0022: {\n",
        "            \u0022type\u0022: \u0022string\u0022\n",
        "          },\n",
        "          \u0022DatedAs\u0022: {\n",
        "            \u0022type\u0022: \u0022string\u0022\n",
        "          },\n",
        "          \u0022VendorName\u0022: {\n",
        "            \u0022type\u0022: \u0022string\u0022\n",
        "          },\n",
        "          \u0022CompanyName\u0022: {\n",
        "            \u0022type\u0022: \u0022string\u0022\n",
        "          },\n",
        "          \u0022CompanyAddress\u0022: {\n",
        "            \u0022type\u0022: \u0022string\u0022\n",
        "          },\n",
        "          \u0022CompanyPhoneNumber\u0022: {\n",
        "            \u0022type\u0022: \u0022string\u0022\n",
        "          },\n",
        "          \u0022Subtotal\u0022: {\n",
        "            \u0022type\u0022: \u0022string\u0022\n",
        "          },\n",
        "          \u0022Tax\u0022: {\n",
        "            \u0022type\u0022: \u0022string\u0022\n",
        "          },\n",
        "          \u0022Total\u0022: {\n",
        "            \u0022type\u0022: \u0022string\u0022\n",
        "          },\n",
        "          \u0022Signature\u0022: {\n",
        "            \u0022type\u0022: \u0022string\u0022\n",
        "          },\n",
        "          \u0022Quantity\u0022: {\n",
        "            \u0022type\u0022: \u0022number\u0022\n",
        "          },\n",
        "          \u0022FullSignature\u0022: {\n",
        "            \u0022type\u0022: \u0022signature\u0022\n",
        "          }\n",
        "        },\n",
        "        \u0022technique\u0022: \u0022fixedTemplate-2021-07-30\u0022,\n",
        "        \u0022modelType\u0022: \u0022form\u0022,\n",
        "        \u0022fieldConfidence\u0022: {\n",
        "          \u0022CompanyAddress\u0022: 0.8,\n",
        "          \u0022CompanyName\u0022: 0.95,\n",
        "          \u0022CompanyPhoneNumber\u0022: 0.95,\n",
        "          \u0022DatedAs\u0022: 0.95,\n",
        "          \u0022Email\u0022: 0.8,\n",
        "          \u0022FullSignature\u0022: 0.6,\n",
        "          \u0022Merchant\u0022: 0.95,\n",
        "          \u0022PhoneNumber\u0022: 0.95,\n",
        "          \u0022PurchaseOrderNumber\u0022: 0.95,\n",
        "          \u0022Quantity\u0022: 0.95,\n",
        "          \u0022Signature\u0022: 0.95,\n",
        "          \u0022Subtotal\u0022: 0.95,\n",
        "          \u0022Tax\u0022: 0.95,\n",
        "          \u0022Total\u0022: 0.95,\n",
        "          \u0022VendorName\u0022: 0.95,\n",
        "          \u0022Website\u0022: 0.95\n",
        "        }\n",
        "      }\n",
        "    },\n",
        "    \u0022modelId\u0022: \u0022a22ed241-f131-4320-a7b6-b03afb88f4eb\u0022,\n",
        "    \u0022createdDateTime\u0022: \u00222021-12-17T02:09:12Z\u0022\n",
        "  }\n",
        "}"
      ]
    },
    {
      "RequestUri": "https://fakeendpoint.cognitiveservices.azure.com/formrecognizer/documentModels:compose?api-version=2021-09-30-preview",
      "RequestMethod": "POST",
      "RequestHeaders": {
        "Accept": "application/json",
        "Accept-Encoding": "gzip, deflate",
        "Connection": "keep-alive",
        "Content-Length": "178",
        "Content-Type": "application/json",
        "User-Agent": "azsdk-python-ai-formrecognizer/3.2.0b3 Python/3.8.5 (Windows-10-10.0.19041-SP0)",
        "x-ms-client-request-id": "564576c5-5ede-11ec-9901-c8348e073d30"
      },
      "RequestBody": "{\u0022modelId\u0022: \u0022df6a958c-3c89-4f83-b736-493387f1f455\u0022, \u0022componentModels\u0022: [{\u0022modelId\u0022: \u00228f622fe9-2729-493f-a1e9-6f2cbc7404c8\u0022}, {\u0022modelId\u0022: \u0022a22ed241-f131-4320-a7b6-b03afb88f4eb\u0022}]}",
      "StatusCode": 202,
      "ResponseHeaders": {
        "apim-request-id": "892694ba-fade-41c1-87ce-21c4782dd26e",
        "Content-Length": "0",
        "Date": "Fri, 17 Dec 2021 02:09:17 GMT",
        "operation-location": "https://fakeendpoint.cognitiveservices.azure.com/formrecognizer/operations/31526661043_892694ba-fade-41c1-87ce-21c4782dd26e?api-version=2021-09-30-preview",
        "Strict-Transport-Security": "max-age=31536000; includeSubDomains; preload",
        "X-Content-Type-Options": "nosniff",
        "x-envoy-upstream-service-time": "828"
      },
      "ResponseBody": null
    },
    {
      "RequestUri": "https://fakeendpoint.cognitiveservices.azure.com/formrecognizer/operations/31526661043_892694ba-fade-41c1-87ce-21c4782dd26e?api-version=2021-09-30-preview",
      "RequestMethod": "GET",
      "RequestHeaders": {
        "Accept": "*/*",
        "Accept-Encoding": "gzip, deflate",
        "Connection": "keep-alive",
        "User-Agent": "azsdk-python-ai-formrecognizer/3.2.0b3 Python/3.8.5 (Windows-10-10.0.19041-SP0)",
        "x-ms-client-request-id": "564576c5-5ede-11ec-9901-c8348e073d30"
      },
      "RequestBody": null,
      "StatusCode": 200,
      "ResponseHeaders": {
        "apim-request-id": "5345c1f6-407c-43a9-a8d1-ad67d850280e",
        "Content-Type": "application/json; charset=utf-8",
        "Date": "Fri, 17 Dec 2021 02:09:22 GMT",
        "Strict-Transport-Security": "max-age=31536000; includeSubDomains; preload",
        "Transfer-Encoding": "chunked",
        "X-Content-Type-Options": "nosniff",
        "x-envoy-upstream-service-time": "36"
      },
      "ResponseBody": [
        "{\n",
        "  \u0022operationId\u0022: \u002231526661043_892694ba-fade-41c1-87ce-21c4782dd26e\u0022,\n",
        "  \u0022kind\u0022: \u0022documentModelCompose\u0022,\n",
        "  \u0022status\u0022: \u0022succeeded\u0022,\n",
        "  \u0022createdDateTime\u0022: \u00222021-12-17T02:09:16Z\u0022,\n",
        "  \u0022lastUpdatedDateTime\u0022: \u00222021-12-17T02:09:18Z\u0022,\n",
        "  \u0022resourceLocation\u0022: \u0022https://fakeendpoint.cognitiveservices.azure.com/formrecognizer/documentModels/df6a958c-3c89-4f83-b736-493387f1f455?api-version=2021-09-30-preview\u0022,\n",
        "  \u0022percentCompleted\u0022: 100,\n",
        "  \u0022result\u0022: {\n",
        "    \u0022docTypes\u0022: {\n",
        "      \u0022a22ed241-f131-4320-a7b6-b03afb88f4eb\u0022: {\n",
        "        \u0022fieldSchema\u0022: {\n",
        "          \u0022Merchant\u0022: {\n",
        "            \u0022type\u0022: \u0022string\u0022\n",
        "          },\n",
        "          \u0022PhoneNumber\u0022: {\n",
        "            \u0022type\u0022: \u0022string\u0022\n",
        "          },\n",
        "          \u0022Website\u0022: {\n",
        "            \u0022type\u0022: \u0022string\u0022\n",
        "          },\n",
        "          \u0022Email\u0022: {\n",
        "            \u0022type\u0022: \u0022string\u0022\n",
        "          },\n",
        "          \u0022PurchaseOrderNumber\u0022: {\n",
        "            \u0022type\u0022: \u0022string\u0022\n",
        "          },\n",
        "          \u0022DatedAs\u0022: {\n",
        "            \u0022type\u0022: \u0022string\u0022\n",
        "          },\n",
        "          \u0022VendorName\u0022: {\n",
        "            \u0022type\u0022: \u0022string\u0022\n",
        "          },\n",
        "          \u0022CompanyName\u0022: {\n",
        "            \u0022type\u0022: \u0022string\u0022\n",
        "          },\n",
        "          \u0022CompanyAddress\u0022: {\n",
        "            \u0022type\u0022: \u0022string\u0022\n",
        "          },\n",
        "          \u0022CompanyPhoneNumber\u0022: {\n",
        "            \u0022type\u0022: \u0022string\u0022\n",
        "          },\n",
        "          \u0022Subtotal\u0022: {\n",
        "            \u0022type\u0022: \u0022string\u0022\n",
        "          },\n",
        "          \u0022Tax\u0022: {\n",
        "            \u0022type\u0022: \u0022string\u0022\n",
        "          },\n",
        "          \u0022Total\u0022: {\n",
        "            \u0022type\u0022: \u0022string\u0022\n",
        "          },\n",
        "          \u0022Signature\u0022: {\n",
        "            \u0022type\u0022: \u0022string\u0022\n",
        "          },\n",
        "          \u0022Quantity\u0022: {\n",
        "            \u0022type\u0022: \u0022number\u0022\n",
        "          },\n",
        "          \u0022FullSignature\u0022: {\n",
        "            \u0022type\u0022: \u0022signature\u0022\n",
        "          }\n",
        "        },\n",
        "        \u0022technique\u0022: \u0022fixedTemplate-2021-07-30\u0022,\n",
        "        \u0022modelType\u0022: \u0022form\u0022,\n",
        "        \u0022fieldConfidence\u0022: {\n",
        "          \u0022CompanyAddress\u0022: 0.8,\n",
        "          \u0022CompanyName\u0022: 0.95,\n",
        "          \u0022CompanyPhoneNumber\u0022: 0.95,\n",
        "          \u0022DatedAs\u0022: 0.95,\n",
        "          \u0022Email\u0022: 0.8,\n",
        "          \u0022FullSignature\u0022: 0.6,\n",
        "          \u0022Merchant\u0022: 0.95,\n",
        "          \u0022PhoneNumber\u0022: 0.95,\n",
        "          \u0022PurchaseOrderNumber\u0022: 0.95,\n",
        "          \u0022Quantity\u0022: 0.95,\n",
        "          \u0022Signature\u0022: 0.95,\n",
        "          \u0022Subtotal\u0022: 0.95,\n",
        "          \u0022Tax\u0022: 0.95,\n",
        "          \u0022Total\u0022: 0.95,\n",
        "          \u0022VendorName\u0022: 0.95,\n",
        "          \u0022Website\u0022: 0.95\n",
        "        }\n",
        "      },\n",
        "      \u00228f622fe9-2729-493f-a1e9-6f2cbc7404c8\u0022: {\n",
        "        \u0022fieldSchema\u0022: {\n",
        "          \u0022Merchant\u0022: {\n",
        "            \u0022type\u0022: \u0022string\u0022\n",
        "          },\n",
        "          \u0022PhoneNumber\u0022: {\n",
        "            \u0022type\u0022: \u0022string\u0022\n",
        "          },\n",
        "          \u0022Website\u0022: {\n",
        "            \u0022type\u0022: \u0022string\u0022\n",
        "          },\n",
        "          \u0022Email\u0022: {\n",
        "            \u0022type\u0022: \u0022string\u0022\n",
        "          },\n",
        "          \u0022PurchaseOrderNumber\u0022: {\n",
        "            \u0022type\u0022: \u0022string\u0022\n",
        "          },\n",
        "          \u0022DatedAs\u0022: {\n",
        "            \u0022type\u0022: \u0022string\u0022\n",
        "          },\n",
        "          \u0022VendorName\u0022: {\n",
        "            \u0022type\u0022: \u0022string\u0022\n",
        "          },\n",
        "          \u0022CompanyName\u0022: {\n",
        "            \u0022type\u0022: \u0022string\u0022\n",
        "          },\n",
        "          \u0022CompanyAddress\u0022: {\n",
        "            \u0022type\u0022: \u0022string\u0022\n",
        "          },\n",
        "          \u0022CompanyPhoneNumber\u0022: {\n",
        "            \u0022type\u0022: \u0022string\u0022\n",
        "          },\n",
        "          \u0022Subtotal\u0022: {\n",
        "            \u0022type\u0022: \u0022string\u0022\n",
        "          },\n",
        "          \u0022Tax\u0022: {\n",
        "            \u0022type\u0022: \u0022string\u0022\n",
        "          },\n",
        "          \u0022Total\u0022: {\n",
        "            \u0022type\u0022: \u0022string\u0022\n",
        "          },\n",
        "          \u0022Signature\u0022: {\n",
        "            \u0022type\u0022: \u0022string\u0022\n",
        "          },\n",
        "          \u0022Quantity\u0022: {\n",
        "            \u0022type\u0022: \u0022number\u0022\n",
        "          },\n",
        "          \u0022FullSignature\u0022: {\n",
        "            \u0022type\u0022: \u0022signature\u0022\n",
        "          }\n",
        "        },\n",
        "        \u0022technique\u0022: \u0022fixedTemplate-2021-07-30\u0022,\n",
        "        \u0022modelType\u0022: \u0022form\u0022,\n",
        "        \u0022fieldConfidence\u0022: {\n",
        "          \u0022CompanyAddress\u0022: 0.8,\n",
        "          \u0022CompanyName\u0022: 0.95,\n",
        "          \u0022CompanyPhoneNumber\u0022: 0.95,\n",
        "          \u0022DatedAs\u0022: 0.95,\n",
        "          \u0022Email\u0022: 0.8,\n",
        "          \u0022FullSignature\u0022: 0.6,\n",
        "          \u0022Merchant\u0022: 0.95,\n",
        "          \u0022PhoneNumber\u0022: 0.95,\n",
        "          \u0022PurchaseOrderNumber\u0022: 0.95,\n",
        "          \u0022Quantity\u0022: 0.95,\n",
        "          \u0022Signature\u0022: 0.95,\n",
        "          \u0022Subtotal\u0022: 0.95,\n",
        "          \u0022Tax\u0022: 0.95,\n",
        "          \u0022Total\u0022: 0.95,\n",
        "          \u0022VendorName\u0022: 0.95,\n",
        "          \u0022Website\u0022: 0.95\n",
        "        }\n",
        "      }\n",
        "    },\n",
        "    \u0022modelId\u0022: \u0022df6a958c-3c89-4f83-b736-493387f1f455\u0022,\n",
        "    \u0022createdDateTime\u0022: \u00222021-12-17T02:09:17Z\u0022\n",
        "  }\n",
        "}"
      ]
    }
  ],
  "Variables": {}
}
