{
  "Entries": [
    {
      "RequestUri": "https://fakeendpoint.cognitiveservices.azure.com/formrecognizer/documentModels:build?api-version=2022-01-30-preview",
      "RequestMethod": "POST",
      "RequestHeaders": {
        "Accept": "application/json",
        "Accept-Encoding": "gzip, deflate",
        "Content-Length": "131",
        "Content-Type": "application/json",
        "User-Agent": "azsdk-python-ai-formrecognizer/3.2.0b3 Python/3.9.1 (Windows-10-10.0.19041-SP0)",
        "x-ms-client-request-id": "34be2221-7f2b-11ec-87f4-c8348e073d30"
      },
      "RequestBody": {
        "modelId": "13042cf6-6383-48e3-8390-2840f540c670",
        "buildMode": "template",
        "azureBlobSource": {
          "containerUrl": "https://blob_sas_url"
        }
      },
      "StatusCode": 202,
      "ResponseHeaders": {
        "apim-request-id": "32c4a2b0-b54b-43dd-ba3e-d2e5b6a919ea",
        "Content-Length": "0",
        "Date": "Thu, 27 Jan 2022 04:40:11 GMT",
        "operation-location": "https://fakeendpoint.cognitiveservices.azure.com/formrecognizer/operations/31523109591_32c4a2b0-b54b-43dd-ba3e-d2e5b6a919ea?api-version=2022-01-30-preview",
        "Strict-Transport-Security": "max-age=31536000; includeSubDomains; preload",
        "X-Content-Type-Options": "nosniff",
        "x-envoy-upstream-service-time": "2788"
      },
      "ResponseBody": null
    },
    {
      "RequestUri": "https://fakeendpoint.cognitiveservices.azure.com/formrecognizer/operations/31523109591_32c4a2b0-b54b-43dd-ba3e-d2e5b6a919ea?api-version=2022-01-30-preview",
      "RequestMethod": "GET",
      "RequestHeaders": {
        "Accept": "*/*",
        "Accept-Encoding": "gzip, deflate",
        "User-Agent": "azsdk-python-ai-formrecognizer/3.2.0b3 Python/3.9.1 (Windows-10-10.0.19041-SP0)",
        "x-ms-client-request-id": "34be2221-7f2b-11ec-87f4-c8348e073d30"
      },
      "RequestBody": null,
      "StatusCode": 200,
      "ResponseHeaders": {
        "apim-request-id": "39fc8551-472f-4e13-8c31-a379fa0894e1",
        "Content-Type": "application/json; charset=utf-8",
        "Date": "Thu, 27 Jan 2022 04:40:17 GMT",
        "Strict-Transport-Security": "max-age=31536000; includeSubDomains; preload",
        "Transfer-Encoding": "chunked",
        "X-Content-Type-Options": "nosniff",
        "x-envoy-upstream-service-time": "94"
      },
      "ResponseBody": {
        "operationId": "31523109591_32c4a2b0-b54b-43dd-ba3e-d2e5b6a919ea",
        "kind": "documentModelBuild",
        "status": "succeeded",
        "createdDateTime": "2022-01-27T04:40:08Z",
        "lastUpdatedDateTime": "2022-01-27T04:40:14Z",
        "resourceLocation": "https://fakeendpoint.cognitiveservices.azure.com/formrecognizer/documentModels/13042cf6-6383-48e3-8390-2840f540c670?api-version=2022-01-30-preview",
        "percentCompleted": 100,
        "result": {
          "docTypes": {
            "13042cf6-6383-48e3-8390-2840f540c670": {
              "fieldSchema": {
                "Merchant": {
                  "type": "string"
                },
                "PhoneNumber": {
                  "type": "string"
                },
                "Website": {
                  "type": "string"
                },
                "Email": {
                  "type": "string"
                },
                "PurchaseOrderNumber": {
                  "type": "string"
                },
                "DatedAs": {
                  "type": "string"
                },
                "VendorName": {
                  "type": "string"
                },
                "CompanyName": {
                  "type": "string"
                },
                "CompanyAddress": {
                  "type": "string"
                },
                "CompanyPhoneNumber": {
                  "type": "string"
                },
                "Subtotal": {
                  "type": "string"
                },
                "Tax": {
                  "type": "string"
                },
                "Total": {
                  "type": "string"
                },
                "Signature": {
                  "type": "string"
                },
                "Quantity": {
                  "type": "number"
                },
                "FullSignature": {
                  "type": "signature"
                }
              },
              "buildMode": "template",
              "fieldConfidence": {
                "CompanyAddress": 0.8,
                "CompanyName": 0.95,
                "CompanyPhoneNumber": 0.95,
                "DatedAs": 0.95,
                "Email": 0.8,
                "FullSignature": 0.6,
                "Merchant": 0.95,
                "PhoneNumber": 0.95,
                "PurchaseOrderNumber": 0.95,
                "Quantity": 0.95,
                "Signature": 0.95,
                "Subtotal": 0.95,
                "Tax": 0.95,
                "Total": 0.95,
                "VendorName": 0.95,
                "Website": 0.95
              }
            }
          },
          "modelId": "13042cf6-6383-48e3-8390-2840f540c670",
          "createdDateTime": "2022-01-27T04:40:13Z",
          "apiVersion": "2022-01-30-preview"
        }
      }
    },
    {
      "RequestUri": "https://fakeendpoint.cognitiveservices.azure.com/formrecognizer/documentModels:build?api-version=2022-01-30-preview",
      "RequestMethod": "POST",
      "RequestHeaders": {
        "Accept": "application/json",
        "Accept-Encoding": "gzip, deflate",
        "Content-Length": "131",
        "Content-Type": "application/json",
        "User-Agent": "azsdk-python-ai-formrecognizer/3.2.0b3 Python/3.9.1 (Windows-10-10.0.19041-SP0)",
        "x-ms-client-request-id": "3a90dcba-7f2b-11ec-9f7a-c8348e073d30"
      },
      "RequestBody": {
        "modelId": "3c668308-6986-4247-8289-2cfb2f481fa3",
        "buildMode": "template",
        "azureBlobSource": {
          "containerUrl": "https://blob_sas_url"
        }
      },
      "StatusCode": 202,
      "ResponseHeaders": {
        "apim-request-id": "82b96a58-7bf9-46a3-a052-e955568104a4",
        "Content-Length": "0",
        "Date": "Thu, 27 Jan 2022 04:40:20 GMT",
        "operation-location": "https://fakeendpoint.cognitiveservices.azure.com/formrecognizer/operations/31523109582_82b96a58-7bf9-46a3-a052-e955568104a4?api-version=2022-01-30-preview",
        "Strict-Transport-Security": "max-age=31536000; includeSubDomains; preload",
        "X-Content-Type-Options": "nosniff",
        "x-envoy-upstream-service-time": "3201"
      },
      "ResponseBody": null
    },
    {
      "RequestUri": "https://fakeendpoint.cognitiveservices.azure.com/formrecognizer/operations/31523109582_82b96a58-7bf9-46a3-a052-e955568104a4?api-version=2022-01-30-preview",
      "RequestMethod": "GET",
      "RequestHeaders": {
        "Accept": "*/*",
        "Accept-Encoding": "gzip, deflate",
        "User-Agent": "azsdk-python-ai-formrecognizer/3.2.0b3 Python/3.9.1 (Windows-10-10.0.19041-SP0)",
        "x-ms-client-request-id": "3a90dcba-7f2b-11ec-9f7a-c8348e073d30"
      },
      "RequestBody": null,
      "StatusCode": 200,
      "ResponseHeaders": {
        "apim-request-id": "66b56372-7961-4d45-8062-883cc95ae897",
        "Content-Type": "application/json; charset=utf-8",
        "Date": "Thu, 27 Jan 2022 04:40:26 GMT",
        "Strict-Transport-Security": "max-age=31536000; includeSubDomains; preload",
        "Transfer-Encoding": "chunked",
        "X-Content-Type-Options": "nosniff",
        "x-envoy-upstream-service-time": "87"
      },
      "ResponseBody": {
        "operationId": "31523109582_82b96a58-7bf9-46a3-a052-e955568104a4",
        "kind": "documentModelBuild",
        "status": "succeeded",
        "createdDateTime": "2022-01-27T04:40:18Z",
        "lastUpdatedDateTime": "2022-01-27T04:40:23Z",
        "resourceLocation": "https://fakeendpoint.cognitiveservices.azure.com/formrecognizer/documentModels/3c668308-6986-4247-8289-2cfb2f481fa3?api-version=2022-01-30-preview",
        "percentCompleted": 100,
        "result": {
          "docTypes": {
            "3c668308-6986-4247-8289-2cfb2f481fa3": {
              "fieldSchema": {
                "Merchant": {
                  "type": "string"
                },
                "PhoneNumber": {
                  "type": "string"
                },
                "Website": {
                  "type": "string"
                },
                "Email": {
                  "type": "string"
                },
                "PurchaseOrderNumber": {
                  "type": "string"
                },
                "DatedAs": {
                  "type": "string"
                },
                "VendorName": {
                  "type": "string"
                },
                "CompanyName": {
                  "type": "string"
                },
                "CompanyAddress": {
                  "type": "string"
                },
                "CompanyPhoneNumber": {
                  "type": "string"
                },
                "Subtotal": {
                  "type": "string"
                },
                "Tax": {
                  "type": "string"
                },
                "Total": {
                  "type": "string"
                },
                "Signature": {
                  "type": "string"
                },
                "Quantity": {
                  "type": "number"
                },
                "FullSignature": {
                  "type": "signature"
                }
              },
              "buildMode": "template",
              "fieldConfidence": {
                "CompanyAddress": 0.8,
                "CompanyName": 0.95,
                "CompanyPhoneNumber": 0.95,
                "DatedAs": 0.95,
                "Email": 0.8,
                "FullSignature": 0.6,
                "Merchant": 0.95,
                "PhoneNumber": 0.95,
                "PurchaseOrderNumber": 0.95,
                "Quantity": 0.95,
                "Signature": 0.95,
                "Subtotal": 0.95,
                "Tax": 0.95,
                "Total": 0.95,
                "VendorName": 0.95,
                "Website": 0.95
              }
            }
          },
          "modelId": "3c668308-6986-4247-8289-2cfb2f481fa3",
          "createdDateTime": "2022-01-27T04:40:23Z",
          "apiVersion": "2022-01-30-preview"
        }
      }
    }
  ],
  "Variables": {}
}
