interactions:
- request:
    body: 'b''b\''{"source": "containersasurl", "sourceFilter": {"prefix": "", "includeSubFolders":
      false}, "useLabelFile": false}\'''''
    headers:
      Content-Length:
      - '288'
      Content-Type:
      - application/json
      User-Agent:
      - azsdk-python-ai-formrecognizer/1.0.0b5 Python/3.7.3 (Windows-10-10.0.18362-SP0)
    method: POST
    uri: https://centraluseuap.api.cognitive.microsoft.com/formrecognizer/v2.0/custom/models
  response:
    body:
      string: ''
    headers:
      apim-request-id: 06435be2-1329-4aab-b2b7-7dbe63e2e041
      content-length: '0'
      date: Fri, 10 Jul 2020 18:44:42 GMT
      location: https://centraluseuap.api.cognitive.microsoft.com/formrecognizer/v2.0/custom/models/cfccdc29-a189-4470-bd1f-8bc31a58b1df
      strict-transport-security: max-age=31536000; includeSubDomains; preload
      x-content-type-options: nosniff
      x-envoy-upstream-service-time: '39'
    status:
      code: 201
      message: Created
    url: https://centraluseuap.api.cognitive.microsoft.com//formrecognizer/v2.0/custom/models
- request:
    body: null
    headers:
      User-Agent:
      - azsdk-python-ai-formrecognizer/1.0.0b5 Python/3.7.3 (Windows-10-10.0.18362-SP0)
    method: GET
    uri: https://centraluseuap.api.cognitive.microsoft.com/formrecognizer/v2.0/custom/models/cfccdc29-a189-4470-bd1f-8bc31a58b1df?includeKeys=true
  response:
    body:
      string: '{"modelInfo": {"modelId": "cfccdc29-a189-4470-bd1f-8bc31a58b1df", "status":
        "creating", "createdDateTime": "2020-07-10T18:44:42Z", "lastUpdatedDateTime":
        "2020-07-10T18:44:42Z"}}'
    headers:
      apim-request-id: 90b558e2-1f31-4e9d-b89a-a000351de8de
      content-type: application/json; charset=utf-8
      date: Fri, 10 Jul 2020 18:44:47 GMT
      strict-transport-security: max-age=31536000; includeSubDomains; preload
      transfer-encoding: chunked
      x-content-type-options: nosniff
      x-envoy-upstream-service-time: '15'
    status:
      code: 200
      message: OK
    url: https://centraluseuap.api.cognitive.microsoft.com/formrecognizer/v2.0/custom/models/cfccdc29-a189-4470-bd1f-8bc31a58b1df?includeKeys=true
- request:
    body: null
    headers:
      User-Agent:
      - azsdk-python-ai-formrecognizer/1.0.0b5 Python/3.7.3 (Windows-10-10.0.18362-SP0)
    method: GET
    uri: https://centraluseuap.api.cognitive.microsoft.com/formrecognizer/v2.0/custom/models/cfccdc29-a189-4470-bd1f-8bc31a58b1df?includeKeys=true
  response:
    body:
      string: '{"modelInfo": {"modelId": "cfccdc29-a189-4470-bd1f-8bc31a58b1df", "status":
        "creating", "createdDateTime": "2020-07-10T18:44:42Z", "lastUpdatedDateTime":
        "2020-07-10T18:44:42Z"}}'
    headers:
      apim-request-id: a87ed7b6-6075-4bba-999a-32b078d7d091
      content-type: application/json; charset=utf-8
      date: Fri, 10 Jul 2020 18:44:52 GMT
      strict-transport-security: max-age=31536000; includeSubDomains; preload
      transfer-encoding: chunked
      x-content-type-options: nosniff
      x-envoy-upstream-service-time: '49'
    status:
      code: 200
      message: OK
    url: https://centraluseuap.api.cognitive.microsoft.com/formrecognizer/v2.0/custom/models/cfccdc29-a189-4470-bd1f-8bc31a58b1df?includeKeys=true
- request:
    body: null
    headers:
      User-Agent:
      - azsdk-python-ai-formrecognizer/1.0.0b5 Python/3.7.3 (Windows-10-10.0.18362-SP0)
    method: GET
    uri: https://centraluseuap.api.cognitive.microsoft.com/formrecognizer/v2.0/custom/models/cfccdc29-a189-4470-bd1f-8bc31a58b1df?includeKeys=true
  response:
    body:
      string: '{"modelInfo": {"modelId": "cfccdc29-a189-4470-bd1f-8bc31a58b1df", "status":
        "ready", "createdDateTime": "2020-07-10T18:44:42Z", "lastUpdatedDateTime":
        "2020-07-10T18:44:53Z"}, "keys": {"clusters": {"0": ["Additional Notes:",
        "Address:", "Company Name:", "Company Phone:", "Dated As:", "Details", "Email:",
        "Hero Limited", "Name:", "Phone:", "Purchase Order", "Purchase Order #:",
        "Quantity", "SUBTOTAL", "Seattle, WA 93849 Phone:", "Shipped From", "Shipped
        To", "TAX", "TOTAL", "Total", "Unit Price", "Vendor Name:", "Website:"]}},
        "trainResult": {"trainingDocuments": [{"documentName": "Form_1.jpg", "pages":
        1, "errors": [], "status": "succeeded"}, {"documentName": "Form_2.jpg", "pages":
        1, "errors": [], "status": "succeeded"}, {"documentName": "Form_3.jpg", "pages":
        1, "errors": [], "status": "succeeded"}, {"documentName": "Form_4.jpg", "pages":
        1, "errors": [], "status": "succeeded"}, {"documentName": "Form_5.jpg", "pages":
        1, "errors": [], "status": "succeeded"}], "errors": []}}'
    headers:
      apim-request-id: e0415357-08e3-4979-b7a0-8df50324d966
      content-type: application/json; charset=utf-8
      date: Fri, 10 Jul 2020 18:44:58 GMT
      strict-transport-security: max-age=31536000; includeSubDomains; preload
      transfer-encoding: chunked
      x-content-type-options: nosniff
      x-envoy-upstream-service-time: '52'
    status:
      code: 200
      message: OK
    url: https://centraluseuap.api.cognitive.microsoft.com/formrecognizer/v2.0/custom/models/cfccdc29-a189-4470-bd1f-8bc31a58b1df?includeKeys=true
- request:
    body: null
    headers:
      Accept:
      - application/json
      User-Agent:
      - azsdk-python-ai-formrecognizer/1.0.0b5 Python/3.7.3 (Windows-10-10.0.18362-SP0)
    method: POST
    uri: https://centraluseuap.api.cognitive.microsoft.com/formrecognizer/v2.0/custom/models/copyAuthorization
  response:
    body:
      string: '{"modelId": "b77cd47f-bc9e-4a64-bc90-928de19461c5", "accessToken":
        "redacted", "expirationDateTimeTicks": 1594493098}'
    headers:
      apim-request-id: 721ad26d-2e6b-41aa-b1d8-84a641822665
      content-type: application/json; charset=utf-8
      date: Fri, 10 Jul 2020 18:44:58 GMT
      location: https://centraluseuap.api.cognitive.microsoft.com/formrecognizer/v2.0/custom/models/b77cd47f-bc9e-4a64-bc90-928de19461c5
      strict-transport-security: max-age=31536000; includeSubDomains; preload
      transfer-encoding: chunked
      x-content-type-options: nosniff
      x-envoy-upstream-service-time: '55'
    status:
      code: 201
      message: Created
    url: https://centraluseuap.api.cognitive.microsoft.com//formrecognizer/v2.0/custom/models/copyAuthorization
- request:
    body: 'b''b\''{"targetResourceId": "resource_id", "targetResourceRegion": "centraluseuap",
      "copyAuthorization": {"modelId": "b77cd47f-bc9e-4a64-bc90-928de19461c5", "accessToken":
      00000000-0000-0000-0000-000000000000, "expirationDateTimeTicks": 1594493098}}\'''''
    headers:
      Content-Length:
      - '447'
      Content-Type:
      - application/json
      User-Agent:
      - azsdk-python-ai-formrecognizer/1.0.0b5 Python/3.7.3 (Windows-10-10.0.18362-SP0)
    method: POST
    uri: https://centraluseuap.api.cognitive.microsoft.com/formrecognizer/v2.0/custom/models/cfccdc29-a189-4470-bd1f-8bc31a58b1df/copy
  response:
    body:
      string: ''
    headers:
      apim-request-id: 087be649-1926-441e-b2e8-4f6bc7a48772
      content-length: '0'
      date: Fri, 10 Jul 2020 18:44:58 GMT
      operation-location: https://centraluseuap.api.cognitive.microsoft.com/formrecognizer/v2.0/custom/models/cfccdc29-a189-4470-bd1f-8bc31a58b1df/copyresults/9c693e86-eaec-41b2-abff-482ef397cf58
      strict-transport-security: max-age=31536000; includeSubDomains; preload
      x-content-type-options: nosniff
      x-envoy-upstream-service-time: '197'
    status:
      code: 202
      message: Accepted
    url: https://centraluseuap.api.cognitive.microsoft.com//formrecognizer/v2.0/custom/models/cfccdc29-a189-4470-bd1f-8bc31a58b1df/copy
- request:
    body: null
    headers:
      User-Agent:
      - azsdk-python-ai-formrecognizer/1.0.0b5 Python/3.7.3 (Windows-10-10.0.18362-SP0)
    method: GET
    uri: https://centraluseuap.api.cognitive.microsoft.com/formrecognizer/v2.0/custom/models/cfccdc29-a189-4470-bd1f-8bc31a58b1df/copyresults/9c693e86-eaec-41b2-abff-482ef397cf58
  response:
    body:
      string: '{"status": "notStarted", "createdDateTime": "2020-07-10T18:44:58Z",
        "lastUpdatedDateTime": "2020-07-10T18:44:58Z", "copyResult": {"modelId": "b77cd47f-bc9e-4a64-bc90-928de19461c5"}}'
    headers:
      apim-request-id: b2148cb5-04ca-4fb7-ad2d-28052abc9108
      content-type: application/json; charset=utf-8
      date: Fri, 10 Jul 2020 18:45:03 GMT
      strict-transport-security: max-age=31536000; includeSubDomains; preload
      transfer-encoding: chunked
      x-content-type-options: nosniff
      x-envoy-upstream-service-time: '12'
    status:
      code: 200
      message: OK
    url: https://centraluseuap.api.cognitive.microsoft.com/formrecognizer/v2.0/custom/models/cfccdc29-a189-4470-bd1f-8bc31a58b1df/copyresults/9c693e86-eaec-41b2-abff-482ef397cf58
- request:
    body: null
    headers:
      User-Agent:
      - azsdk-python-ai-formrecognizer/1.0.0b5 Python/3.7.3 (Windows-10-10.0.18362-SP0)
    method: GET
    uri: https://centraluseuap.api.cognitive.microsoft.com/formrecognizer/v2.0/custom/models/cfccdc29-a189-4470-bd1f-8bc31a58b1df/copyresults/9c693e86-eaec-41b2-abff-482ef397cf58
  response:
    body:
      string: '{"status": "succeeded", "createdDateTime": "2020-07-10T18:45:08.5389575Z",
        "lastUpdatedDateTime": "2020-07-10T18:45:08.5389579Z", "copyResult": {"modelId":
        "b77cd47f-bc9e-4a64-bc90-928de19461c5"}}'
    headers:
      apim-request-id: 9d20126e-ac8e-4f2d-8b26-4e3b036d2f3e
      content-type: application/json; charset=utf-8
      date: Fri, 10 Jul 2020 18:45:08 GMT
      strict-transport-security: max-age=31536000; includeSubDomains; preload
      transfer-encoding: chunked
      x-content-type-options: nosniff
      x-envoy-upstream-service-time: '10'
    status:
      code: 200
      message: OK
    url: https://centraluseuap.api.cognitive.microsoft.com/formrecognizer/v2.0/custom/models/cfccdc29-a189-4470-bd1f-8bc31a58b1df/copyresults/9c693e86-eaec-41b2-abff-482ef397cf58
- request:
    body: null
    headers:
      Accept:
      - application/json
      User-Agent:
      - azsdk-python-ai-formrecognizer/1.0.0b5 Python/3.7.3 (Windows-10-10.0.18362-SP0)
    method: GET
    uri: https://centraluseuap.api.cognitive.microsoft.com/formrecognizer/v2.0/custom/models/b77cd47f-bc9e-4a64-bc90-928de19461c5?includeKeys=true
  response:
    body:
      string: '{"modelInfo": {"modelId": "b77cd47f-bc9e-4a64-bc90-928de19461c5", "status":
        "ready", "createdDateTime": "2020-07-10T18:44:42Z", "lastUpdatedDateTime":
        "2020-07-10T18:44:53Z"}, "keys": {"clusters": {"0": ["Additional Notes:",
        "Address:", "Company Name:", "Company Phone:", "Dated As:", "Details", "Email:",
        "Hero Limited", "Name:", "Phone:", "Purchase Order", "Purchase Order #:",
        "Quantity", "SUBTOTAL", "Seattle, WA 93849 Phone:", "Shipped From", "Shipped
        To", "TAX", "TOTAL", "Total", "Unit Price", "Vendor Name:", "Website:"]}},
        "trainResult": {"trainingDocuments": [{"documentName": "Form_1.jpg", "pages":
        1, "errors": [], "status": "succeeded"}, {"documentName": "Form_2.jpg", "pages":
        1, "errors": [], "status": "succeeded"}, {"documentName": "Form_3.jpg", "pages":
        1, "errors": [], "status": "succeeded"}, {"documentName": "Form_4.jpg", "pages":
        1, "errors": [], "status": "succeeded"}, {"documentName": "Form_5.jpg", "pages":
        1, "errors": [], "status": "succeeded"}], "errors": []}}'
    headers:
      apim-request-id: 0bbfc592-9665-4a0b-97c2-fbef80c7a48f
      content-type: application/json; charset=utf-8
      date: Fri, 10 Jul 2020 18:45:08 GMT
      strict-transport-security: max-age=31536000; includeSubDomains; preload
      transfer-encoding: chunked
      x-content-type-options: nosniff
      x-envoy-upstream-service-time: '18'
    status:
      code: 200
      message: OK
    url: https://centraluseuap.api.cognitive.microsoft.com//formrecognizer/v2.0/custom/models/b77cd47f-bc9e-4a64-bc90-928de19461c5?includeKeys=true
version: 1
