{
  "Entries": [
    {
      "RequestUri": "https://fakeendpoint.cognitiveservices.azure.com/formrecognizer/v2.1/custom/models",
      "RequestMethod": "POST",
      "RequestHeaders": {
        "Accept": "application/json",
        "Accept-Encoding": "gzip, deflate",
        "Connection": "keep-alive",
        "Content-Length": "109",
        "Content-Type": "application/json",
        "User-Agent": "azsdk-python-ai-formrecognizer/3.2.0b3 Python/3.8.5 (Windows-10-10.0.19041-SP0)",
        "x-ms-client-request-id": "3eb06ac3-5f04-11ec-a3a6-c8348e073d30"
      },
      "RequestBody": {
        "source": "https://blob_sas_url",
        "sourceFilter": {
          "prefix": "",
          "includeSubFolders": false
        },
        "useLabelFile": false
      },
      "StatusCode": 201,
      "ResponseHeaders": {
        "apim-request-id": "91aeb4d1-e060-4f99-bf7d-e22a882c7b97",
        "Content-Length": "0",
        "Date": "Fri, 17 Dec 2021 06:40:39 GMT",
        "Location": "https://fakeendpoint.cognitiveservices.azure.com/formrecognizer/v2.1/custom/models/5181f4d8-1215-4ccd-9236-005f4f3ab266",
        "Strict-Transport-Security": "max-age=31536000; includeSubDomains; preload",
        "X-Content-Type-Options": "nosniff",
        "x-envoy-upstream-service-time": "789"
      },
      "ResponseBody": null
    },
    {
      "RequestUri": "https://fakeendpoint.cognitiveservices.azure.com/formrecognizer/v2.1/custom/models/5181f4d8-1215-4ccd-9236-005f4f3ab266?includeKeys=true",
      "RequestMethod": "GET",
      "RequestHeaders": {
        "Accept": "*/*",
        "Accept-Encoding": "gzip, deflate",
        "Connection": "keep-alive",
        "User-Agent": "azsdk-python-ai-formrecognizer/3.2.0b3 Python/3.8.5 (Windows-10-10.0.19041-SP0)",
        "x-ms-client-request-id": "3eb06ac3-5f04-11ec-a3a6-c8348e073d30"
      },
      "RequestBody": null,
      "StatusCode": 200,
      "ResponseHeaders": {
        "apim-request-id": "cdecbcbf-0abd-4ec9-8bbd-bef9fd840838",
        "Content-Length": "170",
        "Content-Type": "application/json; charset=utf-8",
        "Date": "Fri, 17 Dec 2021 06:40:44 GMT",
        "Strict-Transport-Security": "max-age=31536000; includeSubDomains; preload",
        "X-Content-Type-Options": "nosniff",
        "x-envoy-upstream-service-time": "15"
      },
      "ResponseBody": {
        "modelInfo": {
          "modelId": "5181f4d8-1215-4ccd-9236-005f4f3ab266",
          "status": "creating",
          "createdDateTime": "2021-12-17T06:40:39Z",
          "lastUpdatedDateTime": "2021-12-17T06:40:39Z"
        }
      }
    },
    {
      "RequestUri": "https://fakeendpoint.cognitiveservices.azure.com/formrecognizer/v2.1/custom/models/5181f4d8-1215-4ccd-9236-005f4f3ab266?includeKeys=true",
      "RequestMethod": "GET",
      "RequestHeaders": {
        "Accept": "*/*",
        "Accept-Encoding": "gzip, deflate",
        "Connection": "keep-alive",
        "User-Agent": "azsdk-python-ai-formrecognizer/3.2.0b3 Python/3.8.5 (Windows-10-10.0.19041-SP0)",
        "x-ms-client-request-id": "3eb06ac3-5f04-11ec-a3a6-c8348e073d30"
      },
      "RequestBody": null,
      "StatusCode": 200,
      "ResponseHeaders": {
        "apim-request-id": "6a363388-e536-4aed-b37e-fda8b9158569",
        "Content-Length": "170",
        "Content-Type": "application/json; charset=utf-8",
        "Date": "Fri, 17 Dec 2021 06:40:50 GMT",
        "Strict-Transport-Security": "max-age=31536000; includeSubDomains; preload",
        "X-Content-Type-Options": "nosniff",
        "x-envoy-upstream-service-time": "14"
      },
      "ResponseBody": {
        "modelInfo": {
          "modelId": "5181f4d8-1215-4ccd-9236-005f4f3ab266",
          "status": "creating",
          "createdDateTime": "2021-12-17T06:40:39Z",
          "lastUpdatedDateTime": "2021-12-17T06:40:39Z"
        }
      }
    },
    {
      "RequestUri": "https://fakeendpoint.cognitiveservices.azure.com/formrecognizer/v2.1/custom/models/5181f4d8-1215-4ccd-9236-005f4f3ab266?includeKeys=true",
      "RequestMethod": "GET",
      "RequestHeaders": {
        "Accept": "*/*",
        "Accept-Encoding": "gzip, deflate",
        "Connection": "keep-alive",
        "User-Agent": "azsdk-python-ai-formrecognizer/3.2.0b3 Python/3.8.5 (Windows-10-10.0.19041-SP0)",
        "x-ms-client-request-id": "3eb06ac3-5f04-11ec-a3a6-c8348e073d30"
      },
      "RequestBody": null,
      "StatusCode": 200,
      "ResponseHeaders": {
        "apim-request-id": "e422463d-85ee-48fc-8097-8e99b4c78055",
        "Content-Length": "912",
        "Content-Type": "application/json; charset=utf-8",
        "Date": "Fri, 17 Dec 2021 06:40:55 GMT",
        "Strict-Transport-Security": "max-age=31536000; includeSubDomains; preload",
        "X-Content-Type-Options": "nosniff",
        "x-envoy-upstream-service-time": "17"
      },
      "ResponseBody": {
        "modelInfo": {
          "modelId": "5181f4d8-1215-4ccd-9236-005f4f3ab266",
          "status": "ready",
          "createdDateTime": "2021-12-17T06:40:39Z",
          "lastUpdatedDateTime": "2021-12-17T06:40:54Z"
        },
        "keys": {
          "clusters": {
            "0": [
              "Additional Notes:",
              "Address:",
              "Company Name:",
              "Company Phone:",
              "Dated As:",
              "Details",
              "Email:",
              "Hero Limited",
              "Name:",
              "Phone:",
              "Purchase Order",
              "Purchase Order #:",
              "Quantity",
              "SUBTOTAL",
              "Seattle, WA 93849 Phone:",
              "Shipped From",
              "Shipped To",
              "TAX",
              "TOTAL",
              "Total",
              "Unit Price",
              "Vendor Name:",
              "Website:"
            ]
          }
        },
        "trainResult": {
          "trainingDocuments": [
            {
              "documentName": "Form_1.jpg",
              "pages": 1,
              "errors": [],
              "status": "succeeded"
            },
            {
              "documentName": "Form_2.jpg",
              "pages": 1,
              "errors": [],
              "status": "succeeded"
            },
            {
              "documentName": "Form_3.jpg",
              "pages": 1,
              "errors": [],
              "status": "succeeded"
            },
            {
              "documentName": "Form_4.jpg",
              "pages": 1,
              "errors": [],
              "status": "succeeded"
            },
            {
              "documentName": "Form_5.jpg",
              "pages": 1,
              "errors": [],
              "status": "succeeded"
            }
          ],
          "errors": []
        }
      }
    },
    {
      "RequestUri": "https://fakeendpoint.cognitiveservices.azure.com/formrecognizer/v2.1/custom/models/copyAuthorization",
      "RequestMethod": "POST",
      "RequestHeaders": {
        "Accept": "application/json",
        "Accept-Encoding": "gzip, deflate",
        "Connection": "keep-alive",
        "Content-Length": "0",
        "User-Agent": "azsdk-python-ai-formrecognizer/3.2.0b3 Python/3.8.5 (Windows-10-10.0.19041-SP0)",
        "x-ms-client-request-id": "49697ce1-5f04-11ec-89a9-c8348e073d30"
      },
      "RequestBody": null,
      "StatusCode": 201,
      "ResponseHeaders": {
        "apim-request-id": "ca48d3f2-9425-46f1-8fd5-1f53a22b9ca0",
        "Content-Length": "112",
        "Content-Type": "application/json; charset=utf-8",
        "Date": "Fri, 17 Dec 2021 06:40:55 GMT",
        "Location": "https://fakeendpoint.cognitiveservices.azure.com/formrecognizer/v2.1/custom/models/3cb15fec-f606-400d-95ef-fc58ffbd3065",
        "Strict-Transport-Security": "max-age=31536000; includeSubDomains; preload",
        "X-Content-Type-Options": "nosniff",
        "x-envoy-upstream-service-time": "155"
      },
      "ResponseBody": {
        "modelId": "3cb15fec-f606-400d-95ef-fc58ffbd3065",
        "accessToken": "redacted",
        "expirationDateTimeTicks": 1639809655
      }
    },
    {
      "RequestUri": "https://fakeendpoint.cognitiveservices.azure.com/formrecognizer/v2.1/custom/models/5181f4d8-1215-4ccd-9236-005f4f3ab266/copy",
      "RequestMethod": "POST",
      "RequestHeaders": {
        "Accept": "application/json",
        "Accept-Encoding": "gzip, deflate",
        "Connection": "keep-alive",
        "Content-Length": "315",
        "Content-Type": "application/json",
        "User-Agent": "azsdk-python-ai-formrecognizer/3.2.0b3 Python/3.8.5 (Windows-10-10.0.19041-SP0)",
        "x-ms-client-request-id": "499123df-5f04-11ec-ae30-c8348e073d30"
      },
      "RequestBody": {
        "targetResourceId": "/subscriptions/00000000-0000-0000-0000-000000000000/resourceGroups/rgname/providers/Microsoft.CognitiveServices/accounts/frname",
        "targetResourceRegion": "eastus",
        "copyAuthorization": {
          "modelId": "3cb15fec-f606-400d-95ef-fc58ffbd3065",
          "accessToken": "redacted",
          "expirationDateTimeTicks": 1639809655
        }
      },
      "StatusCode": 202,
      "ResponseHeaders": {
        "apim-request-id": "f95ad211-70bf-47c2-bc01-3d1491aad4fd",
        "Content-Length": "0",
        "Date": "Fri, 17 Dec 2021 06:40:55 GMT",
        "Operation-Location": "https://fakeendpoint.cognitiveservices.azure.com/formrecognizer/v2.1/custom/models/5181f4d8-1215-4ccd-9236-005f4f3ab266/copyresults/3de13c79-4189-498f-9b04-51d1615ce9e2",
        "Strict-Transport-Security": "max-age=31536000; includeSubDomains; preload",
        "X-Content-Type-Options": "nosniff",
        "x-envoy-upstream-service-time": "34"
      },
      "ResponseBody": null
    },
    {
      "RequestUri": "https://fakeendpoint.cognitiveservices.azure.com/formrecognizer/v2.1/custom/models/5181f4d8-1215-4ccd-9236-005f4f3ab266/copyresults/3de13c79-4189-498f-9b04-51d1615ce9e2",
      "RequestMethod": "GET",
      "RequestHeaders": {
        "Accept": "*/*",
        "Accept-Encoding": "gzip, deflate",
        "Connection": "keep-alive",
        "User-Agent": "azsdk-python-ai-formrecognizer/3.2.0b3 Python/3.8.5 (Windows-10-10.0.19041-SP0)",
        "x-ms-client-request-id": "499123df-5f04-11ec-ae30-c8348e073d30"
      },
      "RequestBody": null,
      "StatusCode": 200,
      "ResponseHeaders": {
        "apim-request-id": "032a2ba2-b9cf-4724-8fe5-c626e1219f31",
        "Content-Length": "173",
        "Content-Type": "application/json; charset=utf-8",
        "Date": "Fri, 17 Dec 2021 06:41:00 GMT",
        "Strict-Transport-Security": "max-age=31536000; includeSubDomains; preload",
        "X-Content-Type-Options": "nosniff",
        "x-envoy-upstream-service-time": "10"
      },
      "ResponseBody": {
        "status": "notStarted",
        "createdDateTime": "2021-12-17T06:40:56Z",
        "lastUpdatedDateTime": "2021-12-17T06:40:56Z",
        "copyResult": {
          "modelId": "3cb15fec-f606-400d-95ef-fc58ffbd3065"
        }
      }
    },
    {
      "RequestUri": "https://fakeendpoint.cognitiveservices.azure.com/formrecognizer/v2.1/custom/models/5181f4d8-1215-4ccd-9236-005f4f3ab266/copyresults/3de13c79-4189-498f-9b04-51d1615ce9e2",
      "RequestMethod": "GET",
      "RequestHeaders": {
        "Accept": "*/*",
        "Accept-Encoding": "gzip, deflate",
        "Connection": "keep-alive",
        "User-Agent": "azsdk-python-ai-formrecognizer/3.2.0b3 Python/3.8.5 (Windows-10-10.0.19041-SP0)",
        "x-ms-client-request-id": "499123df-5f04-11ec-ae30-c8348e073d30"
      },
      "RequestBody": null,
      "StatusCode": 200,
      "ResponseHeaders": {
        "apim-request-id": "e81ca833-3254-401c-b0ac-75ad1c5491d0",
        "Content-Length": "173",
        "Content-Type": "application/json; charset=utf-8",
        "Date": "Fri, 17 Dec 2021 06:41:05 GMT",
        "Strict-Transport-Security": "max-age=31536000; includeSubDomains; preload",
        "X-Content-Type-Options": "nosniff",
        "x-envoy-upstream-service-time": "9"
      },
      "ResponseBody": {
        "status": "notStarted",
        "createdDateTime": "2021-12-17T06:40:56Z",
        "lastUpdatedDateTime": "2021-12-17T06:40:56Z",
        "copyResult": {
          "modelId": "3cb15fec-f606-400d-95ef-fc58ffbd3065"
        }
      }
    },
    {
      "RequestUri": "https://fakeendpoint.cognitiveservices.azure.com/formrecognizer/v2.1/custom/models/5181f4d8-1215-4ccd-9236-005f4f3ab266/copyresults/3de13c79-4189-498f-9b04-51d1615ce9e2",
      "RequestMethod": "GET",
      "RequestHeaders": {
        "Accept": "*/*",
        "Accept-Encoding": "gzip, deflate",
        "Connection": "keep-alive",
        "User-Agent": "azsdk-python-ai-formrecognizer/3.2.0b3 Python/3.8.5 (Windows-10-10.0.19041-SP0)",
        "x-ms-client-request-id": "499123df-5f04-11ec-ae30-c8348e073d30"
      },
      "RequestBody": null,
      "StatusCode": 200,
      "ResponseHeaders": {
        "apim-request-id": "ef976e76-4229-493b-9d73-a7963a0af500",
        "Content-Length": "173",
        "Content-Type": "application/json; charset=utf-8",
        "Date": "Fri, 17 Dec 2021 06:41:11 GMT",
        "Strict-Transport-Security": "max-age=31536000; includeSubDomains; preload",
        "X-Content-Type-Options": "nosniff",
        "x-envoy-upstream-service-time": "15"
      },
      "ResponseBody": {
        "status": "notStarted",
        "createdDateTime": "2021-12-17T06:40:56Z",
        "lastUpdatedDateTime": "2021-12-17T06:40:56Z",
        "copyResult": {
          "modelId": "3cb15fec-f606-400d-95ef-fc58ffbd3065"
        }
      }
    },
    {
      "RequestUri": "https://fakeendpoint.cognitiveservices.azure.com/formrecognizer/v2.1/custom/models/5181f4d8-1215-4ccd-9236-005f4f3ab266/copyresults/3de13c79-4189-498f-9b04-51d1615ce9e2",
      "RequestMethod": "GET",
      "RequestHeaders": {
        "Accept": "*/*",
        "Accept-Encoding": "gzip, deflate",
        "Connection": "keep-alive",
        "User-Agent": "azsdk-python-ai-formrecognizer/3.2.0b3 Python/3.8.5 (Windows-10-10.0.19041-SP0)",
        "x-ms-client-request-id": "499123df-5f04-11ec-ae30-c8348e073d30"
      },
      "RequestBody": null,
      "StatusCode": 200,
      "ResponseHeaders": {
        "apim-request-id": "a9b14ef1-3478-41e4-aaa8-3d3c28f1c20d",
        "Content-Length": "173",
        "Content-Type": "application/json; charset=utf-8",
        "Date": "Fri, 17 Dec 2021 06:41:16 GMT",
        "Strict-Transport-Security": "max-age=31536000; includeSubDomains; preload",
        "X-Content-Type-Options": "nosniff",
        "x-envoy-upstream-service-time": "11"
      },
      "ResponseBody": {
        "status": "notStarted",
        "createdDateTime": "2021-12-17T06:40:56Z",
        "lastUpdatedDateTime": "2021-12-17T06:40:56Z",
        "copyResult": {
          "modelId": "3cb15fec-f606-400d-95ef-fc58ffbd3065"
        }
      }
    },
    {
      "RequestUri": "https://fakeendpoint.cognitiveservices.azure.com/formrecognizer/v2.1/custom/models/5181f4d8-1215-4ccd-9236-005f4f3ab266/copyresults/3de13c79-4189-498f-9b04-51d1615ce9e2",
      "RequestMethod": "GET",
      "RequestHeaders": {
        "Accept": "*/*",
        "Accept-Encoding": "gzip, deflate",
        "Connection": "keep-alive",
        "User-Agent": "azsdk-python-ai-formrecognizer/3.2.0b3 Python/3.8.5 (Windows-10-10.0.19041-SP0)",
        "x-ms-client-request-id": "499123df-5f04-11ec-ae30-c8348e073d30"
      },
      "RequestBody": null,
      "StatusCode": 200,
      "ResponseHeaders": {
        "apim-request-id": "a0081c18-138d-462b-add3-404654f14358",
        "Content-Length": "399",
        "Content-Type": "application/json; charset=utf-8",
        "Date": "Fri, 17 Dec 2021 06:41:21 GMT",
        "ms-azure-ai-errorcode": "2024",
        "Strict-Transport-Security": "max-age=31536000; includeSubDomains; preload",
        "X-Content-Type-Options": "nosniff",
        "x-envoy-upstream-service-time": "14"
      },
      "ResponseBody": {
        "status": "failed",
        "createdDateTime": "2021-12-17T06:41:20.0935354Z",
        "lastUpdatedDateTime": "2021-12-17T06:41:20.0935357Z",
        "copyResult": {
          "modelId": "3cb15fec-f606-400d-95ef-fc58ffbd3065",
          "errors": [
            {
              "code": "2024",
              "innerError": {
                "requestId": "a0081c18-138d-462b-add3-404654f14358"
              },
              "message": "Could not retrieve authorization metadata. If this issue persists use a different target model to copy into."
            }
          ]
        }
      }
    }
  ],
  "Variables": {}
}
