{
  "Entries": [
    {
      "RequestUri": "https://fakeendpoint.cognitiveservices.azure.com/formrecognizer/v2.1/custom/models",
      "RequestMethod": "POST",
      "RequestHeaders": {
        "Accept": "application/json",
        "Accept-Encoding": "gzip, deflate",
        "Content-Length": "131",
        "Content-Type": "application/json",
        "User-Agent": "azsdk-python-ai-formrecognizer/3.2.0b6 Python/3.8.5 (Windows-10-10.0.19041-SP0)"
      },
      "RequestBody": {
        "source": "https://blob_sas_url",
        "sourceFilter": {
          "prefix": "",
          "includeSubFolders": false
        },
        "useLabelFile": false,
        "modelName": "mymodel"
      },
      "StatusCode": 201,
      "ResponseHeaders": {
        "apim-request-id": "93183d59-d1a6-4bb0-b8c7-5ecf4afc60e6",
        "Content-Length": "0",
        "Date": "Fri, 24 Jun 2022 01:21:36 GMT",
        "Location": "https://fakeendpoint.cognitiveservices.azure.com/formrecognizer/v2.1/custom/models/dca479eb-4b35-42c1-a1e2-67fd308ea1f4",
        "Strict-Transport-Security": "max-age=31536000; includeSubDomains; preload",
        "X-Content-Type-Options": "nosniff",
        "x-envoy-upstream-service-time": "343"
      },
      "ResponseBody": null
    },
    {
      "RequestUri": "https://fakeendpoint.cognitiveservices.azure.com/formrecognizer/v2.1/custom/models/dca479eb-4b35-42c1-a1e2-67fd308ea1f4?includeKeys=true",
      "RequestMethod": "GET",
      "RequestHeaders": {
        "Accept": "*/*",
        "Accept-Encoding": "gzip, deflate",
        "User-Agent": "azsdk-python-ai-formrecognizer/3.2.0b6 Python/3.8.5 (Windows-10-10.0.19041-SP0)"
      },
      "RequestBody": null,
      "StatusCode": 200,
      "ResponseHeaders": {
        "apim-request-id": "e2e01ce9-9788-49df-bb30-77f74afaa17c",
        "Content-Length": "192",
        "Content-Type": "application/json; charset=utf-8",
        "Date": "Fri, 24 Jun 2022 01:21:41 GMT",
        "Strict-Transport-Security": "max-age=31536000; includeSubDomains; preload",
        "X-Content-Type-Options": "nosniff",
        "x-envoy-upstream-service-time": "77"
      },
      "ResponseBody": {
        "modelInfo": {
          "modelId": "dca479eb-4b35-42c1-a1e2-67fd308ea1f4",
          "modelName": "mymodel",
          "status": "creating",
          "createdDateTime": "2022-06-24T01:21:36Z",
          "lastUpdatedDateTime": "2022-06-24T01:21:36Z"
        }
      }
    },
    {
      "RequestUri": "https://fakeendpoint.cognitiveservices.azure.com/formrecognizer/v2.1/custom/models/dca479eb-4b35-42c1-a1e2-67fd308ea1f4?includeKeys=true",
      "RequestMethod": "GET",
      "RequestHeaders": {
        "Accept": "*/*",
        "Accept-Encoding": "gzip, deflate",
        "User-Agent": "azsdk-python-ai-formrecognizer/3.2.0b6 Python/3.8.5 (Windows-10-10.0.19041-SP0)"
      },
      "RequestBody": null,
      "StatusCode": 200,
      "ResponseHeaders": {
        "apim-request-id": "b155ef86-354f-4ff4-97ae-5298fee0d640",
        "Content-Length": "192",
        "Content-Type": "application/json; charset=utf-8",
        "Date": "Fri, 24 Jun 2022 01:21:46 GMT",
        "Strict-Transport-Security": "max-age=31536000; includeSubDomains; preload",
        "X-Content-Type-Options": "nosniff",
        "x-envoy-upstream-service-time": "144"
      },
      "ResponseBody": {
        "modelInfo": {
          "modelId": "dca479eb-4b35-42c1-a1e2-67fd308ea1f4",
          "modelName": "mymodel",
          "status": "creating",
          "createdDateTime": "2022-06-24T01:21:36Z",
          "lastUpdatedDateTime": "2022-06-24T01:21:36Z"
        }
      }
    },
    {
      "RequestUri": "https://fakeendpoint.cognitiveservices.azure.com/formrecognizer/v2.1/custom/models/dca479eb-4b35-42c1-a1e2-67fd308ea1f4?includeKeys=true",
      "RequestMethod": "GET",
      "RequestHeaders": {
        "Accept": "*/*",
        "Accept-Encoding": "gzip, deflate",
        "User-Agent": "azsdk-python-ai-formrecognizer/3.2.0b6 Python/3.8.5 (Windows-10-10.0.19041-SP0)"
      },
      "RequestBody": null,
      "StatusCode": 200,
      "ResponseHeaders": {
        "apim-request-id": "0d575fa7-e09a-4454-9a96-acb1dfd6c522",
        "Content-Length": "934",
        "Content-Type": "application/json; charset=utf-8",
        "Date": "Fri, 24 Jun 2022 01:21:51 GMT",
        "Strict-Transport-Security": "max-age=31536000; includeSubDomains; preload",
        "X-Content-Type-Options": "nosniff",
        "x-envoy-upstream-service-time": "60"
      },
      "ResponseBody": {
        "modelInfo": {
          "modelId": "dca479eb-4b35-42c1-a1e2-67fd308ea1f4",
          "modelName": "mymodel",
          "status": "ready",
          "createdDateTime": "2022-06-24T01:21:36Z",
          "lastUpdatedDateTime": "2022-06-24T01:21:47Z"
        },
        "keys": {
          "clusters": {
            "0": [
              "Additional Notes:",
              "Address:",
              "Company Name:",
              "Company Phone:",
              "Dated As:",
              "Details",
              "Email:",
              "Hero Limited",
              "Name:",
              "Phone:",
              "Purchase Order",
              "Purchase Order #:",
              "Quantity",
              "SUBTOTAL",
              "Seattle, WA 93849 Phone:",
              "Shipped From",
              "Shipped To",
              "TAX",
              "TOTAL",
              "Total",
              "Unit Price",
              "Vendor Name:",
              "Website:"
            ]
          }
        },
        "trainResult": {
          "trainingDocuments": [
            {
              "documentName": "Form_1.jpg",
              "pages": 1,
              "errors": [],
              "status": "succeeded"
            },
            {
              "documentName": "Form_2.jpg",
              "pages": 1,
              "errors": [],
              "status": "succeeded"
            },
            {
              "documentName": "Form_3.jpg",
              "pages": 1,
              "errors": [],
              "status": "succeeded"
            },
            {
              "documentName": "Form_4.jpg",
              "pages": 1,
              "errors": [],
              "status": "succeeded"
            },
            {
              "documentName": "Form_5.jpg",
              "pages": 1,
              "errors": [],
              "status": "succeeded"
            }
          ],
          "errors": []
        }
      }
    },
    {
      "RequestUri": "https://fakeendpoint.cognitiveservices.azure.com/formrecognizer/v2.1/custom/models/copyAuthorization",
      "RequestMethod": "POST",
      "RequestHeaders": {
        "Accept": "application/json",
        "Accept-Encoding": "gzip, deflate",
        "Content-Length": "0",
        "User-Agent": "azsdk-python-ai-formrecognizer/3.2.0b6 Python/3.8.5 (Windows-10-10.0.19041-SP0)"
      },
      "RequestBody": null,
      "StatusCode": 201,
      "ResponseHeaders": {
        "apim-request-id": "1f4e4886-692a-4453-81c1-20b0906a245c",
        "Content-Length": "112",
        "Content-Type": "application/json; charset=utf-8",
        "Date": "Fri, 24 Jun 2022 01:21:51 GMT",
        "Location": "https://fakeendpoint.cognitiveservices.azure.com/formrecognizer/v2.1/custom/models/8fe38521-6288-424d-ab45-6719c06ffe2a",
        "Strict-Transport-Security": "max-age=31536000; includeSubDomains; preload",
        "X-Content-Type-Options": "nosniff",
        "x-envoy-upstream-service-time": "58"
      },
      "ResponseBody": {
        "modelId": "8fe38521-6288-424d-ab45-6719c06ffe2a",
        "accessToken": "redacted",
        "expirationDateTimeTicks": 1656120112
      }
    },
    {
      "RequestUri": "https://fakeendpoint.cognitiveservices.azure.com/formrecognizer/v2.1/custom/models/dca479eb-4b35-42c1-a1e2-67fd308ea1f4/copy",
      "RequestMethod": "POST",
      "RequestHeaders": {
        "Accept": "application/json",
        "Accept-Encoding": "gzip, deflate",
        "Content-Length": "208",
        "Content-Type": "application/json",
        "User-Agent": "azsdk-python-ai-formrecognizer/3.2.0b6 Python/3.8.5 (Windows-10-10.0.19041-SP0)"
      },
      "RequestBody": {
        "targetResourceId": "/path/to/resource/id",
        "targetResourceRegion": "region",
        "copyAuthorization": {
          "modelId": "8fe38521-6288-424d-ab45-6719c06ffe2a",
          "accessToken": "redacted",
          "expirationDateTimeTicks": 1656120112
        }
      },
      "StatusCode": 429,
      "ResponseHeaders": {
        "apim-request-id": "94d8e997-553b-406f-9afe-45fa556a2d7d",
        "Content-Length": "348",
        "Content-Type": "application/json",
        "Date": "Fri, 24 Jun 2022 01:21:51 GMT",
        "policy-id": "ResourceRateLimitBy60s",
        "Retry-After": "38",
        "Strict-Transport-Security": "max-age=31536000; includeSubDomains; preload",
        "X-Content-Type-Options": "nosniff"
      },
      "ResponseBody": {
        "error": {
          "code": "429",
          "message": "Requests to the Custom Form Model Management - Copy Custom Model Operation under Form Recognizer API (v2.1) have exceeded rate limit of your current FormRecognizer S0 pricing tier. Please retry after 38 seconds. Please contact Azure support service if you would like to further increase the default rate limit."
        }
      }
    },
    {
      "RequestUri": "https://fakeendpoint.cognitiveservices.azure.com/formrecognizer/v2.1/custom/models/dca479eb-4b35-42c1-a1e2-67fd308ea1f4/copy",
      "RequestMethod": "POST",
      "RequestHeaders": {
        "Accept": "application/json",
        "Accept-Encoding": "gzip, deflate",
        "Content-Length": "208",
        "Content-Type": "application/json",
        "User-Agent": "azsdk-python-ai-formrecognizer/3.2.0b6 Python/3.8.5 (Windows-10-10.0.19041-SP0)"
      },
      "RequestBody": {
        "targetResourceId": "/path/to/resource/id",
        "targetResourceRegion": "region",
        "copyAuthorization": {
          "modelId": "8fe38521-6288-424d-ab45-6719c06ffe2a",
          "accessToken": "redacted",
          "expirationDateTimeTicks": 1656120112
        }
      },
      "StatusCode": 202,
      "ResponseHeaders": {
        "apim-request-id": "8255540c-609c-4175-a037-f6a1035d56f8",
        "Content-Length": "0",
        "Date": "Fri, 24 Jun 2022 01:22:30 GMT",
        "Operation-Location": "https://fakeendpoint.cognitiveservices.azure.com/formrecognizer/v2.1/custom/models/dca479eb-4b35-42c1-a1e2-67fd308ea1f4/copyresults/0f535e06-2f94-46da-90b1-02428f851776",
        "Strict-Transport-Security": "max-age=31536000; includeSubDomains; preload",
        "X-Content-Type-Options": "nosniff",
        "x-envoy-upstream-service-time": "121"
      },
      "ResponseBody": null
    },
    {
      "RequestUri": "https://fakeendpoint.cognitiveservices.azure.com/formrecognizer/v2.1/custom/models/dca479eb-4b35-42c1-a1e2-67fd308ea1f4/copyresults/0f535e06-2f94-46da-90b1-02428f851776",
      "RequestMethod": "GET",
      "RequestHeaders": {
        "Accept": "*/*",
        "Accept-Encoding": "gzip, deflate",
        "User-Agent": "azsdk-python-ai-formrecognizer/3.2.0b6 Python/3.8.5 (Windows-10-10.0.19041-SP0)"
      },
      "RequestBody": null,
      "StatusCode": 200,
      "ResponseHeaders": {
        "apim-request-id": "d362a316-487b-467e-b6ff-ce23e294ca45",
        "Content-Length": "188",
        "Content-Type": "application/json; charset=utf-8",
        "Date": "Fri, 24 Jun 2022 01:22:35 GMT",
        "Strict-Transport-Security": "max-age=31536000; includeSubDomains; preload",
        "X-Content-Type-Options": "nosniff",
        "x-envoy-upstream-service-time": "18"
      },
      "ResponseBody": {
        "status": "succeeded",
        "createdDateTime": "2022-06-24T01:22:30.6871827Z",
        "lastUpdatedDateTime": "2022-06-24T01:22:30.6871847Z",
        "copyResult": {
          "modelId": "8fe38521-6288-424d-ab45-6719c06ffe2a"
        }
      }
    },
    {
      "RequestUri": "https://fakeendpoint.cognitiveservices.azure.com/formrecognizer/v2.1/custom/models/8fe38521-6288-424d-ab45-6719c06ffe2a?includeKeys=true",
      "RequestMethod": "GET",
      "RequestHeaders": {
        "Accept": "application/json",
        "Accept-Encoding": "gzip, deflate",
        "User-Agent": "azsdk-python-ai-formrecognizer/3.2.0b6 Python/3.8.5 (Windows-10-10.0.19041-SP0)"
      },
      "RequestBody": null,
      "StatusCode": 200,
      "ResponseHeaders": {
        "apim-request-id": "5a4caf34-75b3-44d3-8d17-e132340692e5",
        "Content-Length": "934",
        "Content-Type": "application/json; charset=utf-8",
        "Date": "Fri, 24 Jun 2022 01:22:35 GMT",
        "Strict-Transport-Security": "max-age=31536000; includeSubDomains; preload",
        "X-Content-Type-Options": "nosniff",
        "x-envoy-upstream-service-time": "98"
      },
      "ResponseBody": {
        "modelInfo": {
          "modelId": "8fe38521-6288-424d-ab45-6719c06ffe2a",
          "modelName": "mymodel",
          "status": "ready",
          "createdDateTime": "2022-06-24T01:21:36Z",
          "lastUpdatedDateTime": "2022-06-24T01:21:47Z"
        },
        "keys": {
          "clusters": {
            "0": [
              "Additional Notes:",
              "Address:",
              "Company Name:",
              "Company Phone:",
              "Dated As:",
              "Details",
              "Email:",
              "Hero Limited",
              "Name:",
              "Phone:",
              "Purchase Order",
              "Purchase Order #:",
              "Quantity",
              "SUBTOTAL",
              "Seattle, WA 93849 Phone:",
              "Shipped From",
              "Shipped To",
              "TAX",
              "TOTAL",
              "Total",
              "Unit Price",
              "Vendor Name:",
              "Website:"
            ]
          }
        },
        "trainResult": {
          "trainingDocuments": [
            {
              "documentName": "Form_1.jpg",
              "pages": 1,
              "errors": [],
              "status": "succeeded"
            },
            {
              "documentName": "Form_2.jpg",
              "pages": 1,
              "errors": [],
              "status": "succeeded"
            },
            {
              "documentName": "Form_3.jpg",
              "pages": 1,
              "errors": [],
              "status": "succeeded"
            },
            {
              "documentName": "Form_4.jpg",
              "pages": 1,
              "errors": [],
              "status": "succeeded"
            },
            {
              "documentName": "Form_5.jpg",
              "pages": 1,
              "errors": [],
              "status": "succeeded"
            }
          ],
          "errors": []
        }
      }
    }
  ],
  "Variables": {}
}
