{
  "Entries": [
    {
      "RequestUri": "https://fakeendpoint.cognitiveservices.azure.com/formrecognizer/v2.1/prebuilt/invoice/analyze?includeTextDetails=false\u0026pages=1",
      "RequestMethod": "POST",
      "RequestHeaders": {
        "Accept": "application/json",
        "Accept-Encoding": "gzip, deflate",
        "Connection": "keep-alive",
        "Content-Length": "33",
        "Content-Type": "application/json",
        "User-Agent": "azsdk-python-ai-formrecognizer/3.2.0b3 Python/3.8.5 (Windows-10-10.0.19041-SP0)",
        "x-ms-client-request-id": "1b1ef38f-5ef4-11ec-8437-c8348e073d30"
      },
      "RequestBody": {
        "source": "https://blob_sas_url"
      },
      "StatusCode": 202,
      "ResponseHeaders": {
        "apim-request-id": "aa5db221-e3db-43d8-bdde-076819125b7e",
        "Content-Length": "0",
        "Date": "Fri, 17 Dec 2021 04:45:06 GMT",
        "Operation-Location": "https://fakeendpoint.cognitiveservices.azure.com/formrecognizer/v2.1/prebuilt/invoice/analyzeResults/aa5db221-e3db-43d8-bdde-076819125b7e",
        "Strict-Transport-Security": "max-age=31536000; includeSubDomains; preload",
        "X-Content-Type-Options": "nosniff",
        "x-envoy-upstream-service-time": "264"
      },
      "ResponseBody": null
    },
    {
      "RequestUri": "https://fakeendpoint.cognitiveservices.azure.com/formrecognizer/v2.1/prebuilt/invoice/analyzeResults/aa5db221-e3db-43d8-bdde-076819125b7e",
      "RequestMethod": "GET",
      "RequestHeaders": {
        "Accept": "*/*",
        "Accept-Encoding": "gzip, deflate",
        "Connection": "keep-alive",
        "User-Agent": "azsdk-python-ai-formrecognizer/3.2.0b3 Python/3.8.5 (Windows-10-10.0.19041-SP0)",
        "x-ms-client-request-id": "1b1ef38f-5ef4-11ec-8437-c8348e073d30"
      },
      "RequestBody": null,
      "StatusCode": 200,
      "ResponseHeaders": {
        "apim-request-id": "a05c140c-487f-45f7-a70d-dc5985b3ebda",
        "Content-Length": "109",
        "Content-Type": "application/json; charset=utf-8",
        "Date": "Fri, 17 Dec 2021 04:45:11 GMT",
        "Strict-Transport-Security": "max-age=31536000; includeSubDomains; preload",
        "X-Content-Type-Options": "nosniff",
        "x-envoy-upstream-service-time": "77"
      },
      "ResponseBody": {
        "status": "notStarted",
        "createdDateTime": "2021-12-17T04:45:06Z",
        "lastUpdatedDateTime": "2021-12-17T04:45:06Z"
      }
    },
    {
      "RequestUri": "https://fakeendpoint.cognitiveservices.azure.com/formrecognizer/v2.1/prebuilt/invoice/analyzeResults/aa5db221-e3db-43d8-bdde-076819125b7e",
      "RequestMethod": "GET",
      "RequestHeaders": {
        "Accept": "*/*",
        "Accept-Encoding": "gzip, deflate",
        "Connection": "keep-alive",
        "User-Agent": "azsdk-python-ai-formrecognizer/3.2.0b3 Python/3.8.5 (Windows-10-10.0.19041-SP0)",
        "x-ms-client-request-id": "1b1ef38f-5ef4-11ec-8437-c8348e073d30"
      },
      "RequestBody": null,
      "StatusCode": 200,
      "ResponseHeaders": {
        "apim-request-id": "eb867de4-41df-4e30-b867-0b1f2c734a4d",
        "Content-Length": "109",
        "Content-Type": "application/json; charset=utf-8",
        "Date": "Fri, 17 Dec 2021 04:45:16 GMT",
        "Strict-Transport-Security": "max-age=31536000; includeSubDomains; preload",
        "X-Content-Type-Options": "nosniff",
        "x-envoy-upstream-service-time": "11"
      },
      "ResponseBody": {
        "status": "notStarted",
        "createdDateTime": "2021-12-17T04:45:06Z",
        "lastUpdatedDateTime": "2021-12-17T04:45:06Z"
      }
    },
    {
      "RequestUri": "https://fakeendpoint.cognitiveservices.azure.com/formrecognizer/v2.1/prebuilt/invoice/analyzeResults/aa5db221-e3db-43d8-bdde-076819125b7e",
      "RequestMethod": "GET",
      "RequestHeaders": {
        "Accept": "*/*",
        "Accept-Encoding": "gzip, deflate",
        "Connection": "keep-alive",
        "User-Agent": "azsdk-python-ai-formrecognizer/3.2.0b3 Python/3.8.5 (Windows-10-10.0.19041-SP0)",
        "x-ms-client-request-id": "1b1ef38f-5ef4-11ec-8437-c8348e073d30"
      },
      "RequestBody": null,
      "StatusCode": 200,
      "ResponseHeaders": {
        "apim-request-id": "ab530a9a-c16c-48d1-a155-16bddc17678f",
        "Content-Length": "109",
        "Content-Type": "application/json; charset=utf-8",
        "Date": "Fri, 17 Dec 2021 04:45:22 GMT",
        "Strict-Transport-Security": "max-age=31536000; includeSubDomains; preload",
        "X-Content-Type-Options": "nosniff",
        "x-envoy-upstream-service-time": "11"
      },
      "ResponseBody": {
        "status": "notStarted",
        "createdDateTime": "2021-12-17T04:45:06Z",
        "lastUpdatedDateTime": "2021-12-17T04:45:06Z"
      }
    },
    {
      "RequestUri": "https://fakeendpoint.cognitiveservices.azure.com/formrecognizer/v2.1/prebuilt/invoice/analyzeResults/aa5db221-e3db-43d8-bdde-076819125b7e",
      "RequestMethod": "GET",
      "RequestHeaders": {
        "Accept": "*/*",
        "Accept-Encoding": "gzip, deflate",
        "Connection": "keep-alive",
        "User-Agent": "azsdk-python-ai-formrecognizer/3.2.0b3 Python/3.8.5 (Windows-10-10.0.19041-SP0)",
        "x-ms-client-request-id": "1b1ef38f-5ef4-11ec-8437-c8348e073d30"
      },
      "RequestBody": null,
      "StatusCode": 200,
      "ResponseHeaders": {
        "apim-request-id": "07a1be1c-4c46-43a9-a881-2f123cf9d593",
        "Content-Length": "109",
        "Content-Type": "application/json; charset=utf-8",
        "Date": "Fri, 17 Dec 2021 04:45:26 GMT",
        "Strict-Transport-Security": "max-age=31536000; includeSubDomains; preload",
        "X-Content-Type-Options": "nosniff",
        "x-envoy-upstream-service-time": "14"
      },
      "ResponseBody": {
        "status": "notStarted",
        "createdDateTime": "2021-12-17T04:45:06Z",
        "lastUpdatedDateTime": "2021-12-17T04:45:06Z"
      }
    },
    {
      "RequestUri": "https://fakeendpoint.cognitiveservices.azure.com/formrecognizer/v2.1/prebuilt/invoice/analyzeResults/aa5db221-e3db-43d8-bdde-076819125b7e",
      "RequestMethod": "GET",
      "RequestHeaders": {
        "Accept": "*/*",
        "Accept-Encoding": "gzip, deflate",
        "Connection": "keep-alive",
        "User-Agent": "azsdk-python-ai-formrecognizer/3.2.0b3 Python/3.8.5 (Windows-10-10.0.19041-SP0)",
        "x-ms-client-request-id": "1b1ef38f-5ef4-11ec-8437-c8348e073d30"
      },
      "RequestBody": null,
      "StatusCode": 200,
      "ResponseHeaders": {
        "apim-request-id": "2c54fe9d-72bb-4246-8016-221343dc4174",
        "Content-Length": "109",
        "Content-Type": "application/json; charset=utf-8",
        "Date": "Fri, 17 Dec 2021 04:45:32 GMT",
        "Strict-Transport-Security": "max-age=31536000; includeSubDomains; preload",
        "X-Content-Type-Options": "nosniff",
        "x-envoy-upstream-service-time": "14"
      },
      "ResponseBody": {
        "status": "notStarted",
        "createdDateTime": "2021-12-17T04:45:06Z",
        "lastUpdatedDateTime": "2021-12-17T04:45:06Z"
      }
    },
    {
      "RequestUri": "https://fakeendpoint.cognitiveservices.azure.com/formrecognizer/v2.1/prebuilt/invoice/analyzeResults/aa5db221-e3db-43d8-bdde-076819125b7e",
      "RequestMethod": "GET",
      "RequestHeaders": {
        "Accept": "*/*",
        "Accept-Encoding": "gzip, deflate",
        "Connection": "keep-alive",
        "User-Agent": "azsdk-python-ai-formrecognizer/3.2.0b3 Python/3.8.5 (Windows-10-10.0.19041-SP0)",
        "x-ms-client-request-id": "1b1ef38f-5ef4-11ec-8437-c8348e073d30"
      },
      "RequestBody": null,
      "StatusCode": 200,
      "ResponseHeaders": {
        "apim-request-id": "cb647d9f-e65f-4219-9cf0-264605fadc9d",
        "Content-Length": "109",
        "Content-Type": "application/json; charset=utf-8",
        "Date": "Fri, 17 Dec 2021 04:45:36 GMT",
        "Strict-Transport-Security": "max-age=31536000; includeSubDomains; preload",
        "X-Content-Type-Options": "nosniff",
        "x-envoy-upstream-service-time": "15"
      },
      "ResponseBody": {
        "status": "notStarted",
        "createdDateTime": "2021-12-17T04:45:06Z",
        "lastUpdatedDateTime": "2021-12-17T04:45:06Z"
      }
    },
    {
      "RequestUri": "https://fakeendpoint.cognitiveservices.azure.com/formrecognizer/v2.1/prebuilt/invoice/analyzeResults/aa5db221-e3db-43d8-bdde-076819125b7e",
      "RequestMethod": "GET",
      "RequestHeaders": {
        "Accept": "*/*",
        "Accept-Encoding": "gzip, deflate",
        "Connection": "keep-alive",
        "User-Agent": "azsdk-python-ai-formrecognizer/3.2.0b3 Python/3.8.5 (Windows-10-10.0.19041-SP0)",
        "x-ms-client-request-id": "1b1ef38f-5ef4-11ec-8437-c8348e073d30"
      },
      "RequestBody": null,
      "StatusCode": 200,
      "ResponseHeaders": {
        "apim-request-id": "aed80053-4b8c-4fa4-b8c5-c1985b6557ff",
        "Content-Length": "109",
        "Content-Type": "application/json; charset=utf-8",
        "Date": "Fri, 17 Dec 2021 04:45:42 GMT",
        "Strict-Transport-Security": "max-age=31536000; includeSubDomains; preload",
        "X-Content-Type-Options": "nosniff",
        "x-envoy-upstream-service-time": "14"
      },
      "ResponseBody": {
        "status": "notStarted",
        "createdDateTime": "2021-12-17T04:45:06Z",
        "lastUpdatedDateTime": "2021-12-17T04:45:06Z"
      }
    },
    {
      "RequestUri": "https://fakeendpoint.cognitiveservices.azure.com/formrecognizer/v2.1/prebuilt/invoice/analyzeResults/aa5db221-e3db-43d8-bdde-076819125b7e",
      "RequestMethod": "GET",
      "RequestHeaders": {
        "Accept": "*/*",
        "Accept-Encoding": "gzip, deflate",
        "Connection": "keep-alive",
        "User-Agent": "azsdk-python-ai-formrecognizer/3.2.0b3 Python/3.8.5 (Windows-10-10.0.19041-SP0)",
        "x-ms-client-request-id": "1b1ef38f-5ef4-11ec-8437-c8348e073d30"
      },
      "RequestBody": null,
      "StatusCode": 200,
      "ResponseHeaders": {
        "apim-request-id": "f9563d41-665d-4ce0-8724-6084e5e8095e",
        "Content-Length": "109",
        "Content-Type": "application/json; charset=utf-8",
        "Date": "Fri, 17 Dec 2021 04:45:47 GMT",
        "Strict-Transport-Security": "max-age=31536000; includeSubDomains; preload",
        "X-Content-Type-Options": "nosniff",
        "x-envoy-upstream-service-time": "14"
      },
      "ResponseBody": {
        "status": "notStarted",
        "createdDateTime": "2021-12-17T04:45:06Z",
        "lastUpdatedDateTime": "2021-12-17T04:45:06Z"
      }
    },
    {
      "RequestUri": "https://fakeendpoint.cognitiveservices.azure.com/formrecognizer/v2.1/prebuilt/invoice/analyzeResults/aa5db221-e3db-43d8-bdde-076819125b7e",
      "RequestMethod": "GET",
      "RequestHeaders": {
        "Accept": "*/*",
        "Accept-Encoding": "gzip, deflate",
        "Connection": "keep-alive",
        "User-Agent": "azsdk-python-ai-formrecognizer/3.2.0b3 Python/3.8.5 (Windows-10-10.0.19041-SP0)",
        "x-ms-client-request-id": "1b1ef38f-5ef4-11ec-8437-c8348e073d30"
      },
      "RequestBody": null,
      "StatusCode": 200,
      "ResponseHeaders": {
        "apim-request-id": "836344db-316e-42e5-8fb9-6bceaac0b5a8",
        "Content-Length": "109",
        "Content-Type": "application/json; charset=utf-8",
        "Date": "Fri, 17 Dec 2021 04:45:52 GMT",
        "Strict-Transport-Security": "max-age=31536000; includeSubDomains; preload",
        "X-Content-Type-Options": "nosniff",
        "x-envoy-upstream-service-time": "11"
      },
      "ResponseBody": {
        "status": "notStarted",
        "createdDateTime": "2021-12-17T04:45:06Z",
        "lastUpdatedDateTime": "2021-12-17T04:45:06Z"
      }
    },
    {
      "RequestUri": "https://fakeendpoint.cognitiveservices.azure.com/formrecognizer/v2.1/prebuilt/invoice/analyzeResults/aa5db221-e3db-43d8-bdde-076819125b7e",
      "RequestMethod": "GET",
      "RequestHeaders": {
        "Accept": "*/*",
        "Accept-Encoding": "gzip, deflate",
        "Connection": "keep-alive",
        "User-Agent": "azsdk-python-ai-formrecognizer/3.2.0b3 Python/3.8.5 (Windows-10-10.0.19041-SP0)",
        "x-ms-client-request-id": "1b1ef38f-5ef4-11ec-8437-c8348e073d30"
      },
      "RequestBody": null,
      "StatusCode": 200,
      "ResponseHeaders": {
        "apim-request-id": "f7833634-5dd6-4180-978a-5ec4e77ce92d",
        "Content-Length": "109",
        "Content-Type": "application/json; charset=utf-8",
        "Date": "Fri, 17 Dec 2021 04:45:57 GMT",
        "Strict-Transport-Security": "max-age=31536000; includeSubDomains; preload",
        "X-Content-Type-Options": "nosniff",
        "x-envoy-upstream-service-time": "16"
      },
      "ResponseBody": {
        "status": "notStarted",
        "createdDateTime": "2021-12-17T04:45:06Z",
        "lastUpdatedDateTime": "2021-12-17T04:45:06Z"
      }
    },
    {
      "RequestUri": "https://fakeendpoint.cognitiveservices.azure.com/formrecognizer/v2.1/prebuilt/invoice/analyzeResults/aa5db221-e3db-43d8-bdde-076819125b7e",
      "RequestMethod": "GET",
      "RequestHeaders": {
        "Accept": "*/*",
        "Accept-Encoding": "gzip, deflate",
        "Connection": "keep-alive",
        "User-Agent": "azsdk-python-ai-formrecognizer/3.2.0b3 Python/3.8.5 (Windows-10-10.0.19041-SP0)",
        "x-ms-client-request-id": "1b1ef38f-5ef4-11ec-8437-c8348e073d30"
      },
      "RequestBody": null,
      "StatusCode": 200,
      "ResponseHeaders": {
        "apim-request-id": "8219ba04-d424-4193-8652-7ad488c8413a",
        "Content-Length": "109",
        "Content-Type": "application/json; charset=utf-8",
        "Date": "Fri, 17 Dec 2021 04:46:02 GMT",
        "Strict-Transport-Security": "max-age=31536000; includeSubDomains; preload",
        "X-Content-Type-Options": "nosniff",
        "x-envoy-upstream-service-time": "13"
      },
      "ResponseBody": {
        "status": "notStarted",
        "createdDateTime": "2021-12-17T04:45:06Z",
        "lastUpdatedDateTime": "2021-12-17T04:45:06Z"
      }
    },
    {
      "RequestUri": "https://fakeendpoint.cognitiveservices.azure.com/formrecognizer/v2.1/prebuilt/invoice/analyzeResults/aa5db221-e3db-43d8-bdde-076819125b7e",
      "RequestMethod": "GET",
      "RequestHeaders": {
        "Accept": "*/*",
        "Accept-Encoding": "gzip, deflate",
        "Connection": "keep-alive",
        "User-Agent": "azsdk-python-ai-formrecognizer/3.2.0b3 Python/3.8.5 (Windows-10-10.0.19041-SP0)",
        "x-ms-client-request-id": "1b1ef38f-5ef4-11ec-8437-c8348e073d30"
      },
      "RequestBody": null,
      "StatusCode": 200,
      "ResponseHeaders": {
        "apim-request-id": "c3ad112f-62fc-43d4-ac65-c9b01f53ae23",
        "Content-Length": "109",
        "Content-Type": "application/json; charset=utf-8",
        "Date": "Fri, 17 Dec 2021 04:46:08 GMT",
        "Strict-Transport-Security": "max-age=31536000; includeSubDomains; preload",
        "X-Content-Type-Options": "nosniff",
        "x-envoy-upstream-service-time": "22"
      },
      "ResponseBody": {
        "status": "notStarted",
        "createdDateTime": "2021-12-17T04:45:06Z",
        "lastUpdatedDateTime": "2021-12-17T04:45:06Z"
      }
    },
    {
      "RequestUri": "https://fakeendpoint.cognitiveservices.azure.com/formrecognizer/v2.1/prebuilt/invoice/analyzeResults/aa5db221-e3db-43d8-bdde-076819125b7e",
      "RequestMethod": "GET",
      "RequestHeaders": {
        "Accept": "*/*",
        "Accept-Encoding": "gzip, deflate",
        "Connection": "keep-alive",
        "User-Agent": "azsdk-python-ai-formrecognizer/3.2.0b3 Python/3.8.5 (Windows-10-10.0.19041-SP0)",
        "x-ms-client-request-id": "1b1ef38f-5ef4-11ec-8437-c8348e073d30"
      },
      "RequestBody": null,
      "StatusCode": 200,
      "ResponseHeaders": {
        "apim-request-id": "5b823642-cf4c-4081-96ed-e51f7ecb57ab",
        "Content-Length": "109",
        "Content-Type": "application/json; charset=utf-8",
        "Date": "Fri, 17 Dec 2021 04:46:13 GMT",
        "Strict-Transport-Security": "max-age=31536000; includeSubDomains; preload",
        "X-Content-Type-Options": "nosniff",
        "x-envoy-upstream-service-time": "13"
      },
      "ResponseBody": {
        "status": "notStarted",
        "createdDateTime": "2021-12-17T04:45:06Z",
        "lastUpdatedDateTime": "2021-12-17T04:45:06Z"
      }
    },
    {
      "RequestUri": "https://fakeendpoint.cognitiveservices.azure.com/formrecognizer/v2.1/prebuilt/invoice/analyzeResults/aa5db221-e3db-43d8-bdde-076819125b7e",
      "RequestMethod": "GET",
      "RequestHeaders": {
        "Accept": "*/*",
        "Accept-Encoding": "gzip, deflate",
        "Connection": "keep-alive",
        "User-Agent": "azsdk-python-ai-formrecognizer/3.2.0b3 Python/3.8.5 (Windows-10-10.0.19041-SP0)",
        "x-ms-client-request-id": "1b1ef38f-5ef4-11ec-8437-c8348e073d30"
      },
      "RequestBody": null,
      "StatusCode": 200,
      "ResponseHeaders": {
        "apim-request-id": "a65a85ba-e126-4b9e-9e00-4f333c6860f9",
        "Content-Length": "109",
        "Content-Type": "application/json; charset=utf-8",
        "Date": "Fri, 17 Dec 2021 04:46:18 GMT",
        "Strict-Transport-Security": "max-age=31536000; includeSubDomains; preload",
        "X-Content-Type-Options": "nosniff",
        "x-envoy-upstream-service-time": "13"
      },
      "ResponseBody": {
        "status": "notStarted",
        "createdDateTime": "2021-12-17T04:45:06Z",
        "lastUpdatedDateTime": "2021-12-17T04:45:06Z"
      }
    },
    {
      "RequestUri": "https://fakeendpoint.cognitiveservices.azure.com/formrecognizer/v2.1/prebuilt/invoice/analyzeResults/aa5db221-e3db-43d8-bdde-076819125b7e",
      "RequestMethod": "GET",
      "RequestHeaders": {
        "Accept": "*/*",
        "Accept-Encoding": "gzip, deflate",
        "Connection": "keep-alive",
        "User-Agent": "azsdk-python-ai-formrecognizer/3.2.0b3 Python/3.8.5 (Windows-10-10.0.19041-SP0)",
        "x-ms-client-request-id": "1b1ef38f-5ef4-11ec-8437-c8348e073d30"
      },
      "RequestBody": null,
      "StatusCode": 200,
      "ResponseHeaders": {
        "apim-request-id": "5602db0e-92f2-41cf-9a6a-c73d18281878",
        "Content-Length": "109",
        "Content-Type": "application/json; charset=utf-8",
        "Date": "Fri, 17 Dec 2021 04:46:23 GMT",
        "Strict-Transport-Security": "max-age=31536000; includeSubDomains; preload",
        "X-Content-Type-Options": "nosniff",
        "x-envoy-upstream-service-time": "12"
      },
      "ResponseBody": {
        "status": "notStarted",
        "createdDateTime": "2021-12-17T04:45:06Z",
        "lastUpdatedDateTime": "2021-12-17T04:45:06Z"
      }
    },
    {
      "RequestUri": "https://fakeendpoint.cognitiveservices.azure.com/formrecognizer/v2.1/prebuilt/invoice/analyzeResults/aa5db221-e3db-43d8-bdde-076819125b7e",
      "RequestMethod": "GET",
      "RequestHeaders": {
        "Accept": "*/*",
        "Accept-Encoding": "gzip, deflate",
        "Connection": "keep-alive",
        "User-Agent": "azsdk-python-ai-formrecognizer/3.2.0b3 Python/3.8.5 (Windows-10-10.0.19041-SP0)",
        "x-ms-client-request-id": "1b1ef38f-5ef4-11ec-8437-c8348e073d30"
      },
      "RequestBody": null,
      "StatusCode": 200,
      "ResponseHeaders": {
        "apim-request-id": "b8e5c1d2-2504-4cd0-8523-3c3878ef6011",
        "Content-Length": "109",
        "Content-Type": "application/json; charset=utf-8",
        "Date": "Fri, 17 Dec 2021 04:46:29 GMT",
        "Strict-Transport-Security": "max-age=31536000; includeSubDomains; preload",
        "X-Content-Type-Options": "nosniff",
        "x-envoy-upstream-service-time": "13"
      },
      "ResponseBody": {
        "status": "notStarted",
        "createdDateTime": "2021-12-17T04:45:06Z",
        "lastUpdatedDateTime": "2021-12-17T04:45:06Z"
      }
    },
    {
      "RequestUri": "https://fakeendpoint.cognitiveservices.azure.com/formrecognizer/v2.1/prebuilt/invoice/analyzeResults/aa5db221-e3db-43d8-bdde-076819125b7e",
      "RequestMethod": "GET",
      "RequestHeaders": {
        "Accept": "*/*",
        "Accept-Encoding": "gzip, deflate",
        "Connection": "keep-alive",
        "User-Agent": "azsdk-python-ai-formrecognizer/3.2.0b3 Python/3.8.5 (Windows-10-10.0.19041-SP0)",
        "x-ms-client-request-id": "1b1ef38f-5ef4-11ec-8437-c8348e073d30"
      },
      "RequestBody": null,
      "StatusCode": 200,
      "ResponseHeaders": {
        "apim-request-id": "63f54d6b-67f3-4d8d-aa5c-fa8692f38c93",
        "Content-Length": "109",
        "Content-Type": "application/json; charset=utf-8",
        "Date": "Fri, 17 Dec 2021 04:46:34 GMT",
        "Strict-Transport-Security": "max-age=31536000; includeSubDomains; preload",
        "X-Content-Type-Options": "nosniff",
        "x-envoy-upstream-service-time": "13"
      },
      "ResponseBody": {
        "status": "notStarted",
        "createdDateTime": "2021-12-17T04:45:06Z",
        "lastUpdatedDateTime": "2021-12-17T04:45:06Z"
      }
    },
    {
      "RequestUri": "https://fakeendpoint.cognitiveservices.azure.com/formrecognizer/v2.1/prebuilt/invoice/analyzeResults/aa5db221-e3db-43d8-bdde-076819125b7e",
      "RequestMethod": "GET",
      "RequestHeaders": {
        "Accept": "*/*",
        "Accept-Encoding": "gzip, deflate",
        "Connection": "keep-alive",
        "User-Agent": "azsdk-python-ai-formrecognizer/3.2.0b3 Python/3.8.5 (Windows-10-10.0.19041-SP0)",
        "x-ms-client-request-id": "1b1ef38f-5ef4-11ec-8437-c8348e073d30"
      },
      "RequestBody": null,
      "StatusCode": 200,
      "ResponseHeaders": {
        "apim-request-id": "b7f02f43-999e-4e79-987e-4437941d9dbf",
        "Content-Length": "109",
        "Content-Type": "application/json; charset=utf-8",
        "Date": "Fri, 17 Dec 2021 04:46:39 GMT",
        "Strict-Transport-Security": "max-age=31536000; includeSubDomains; preload",
        "X-Content-Type-Options": "nosniff",
        "x-envoy-upstream-service-time": "14"
      },
      "ResponseBody": {
        "status": "notStarted",
        "createdDateTime": "2021-12-17T04:45:06Z",
        "lastUpdatedDateTime": "2021-12-17T04:45:06Z"
      }
    },
    {
      "RequestUri": "https://fakeendpoint.cognitiveservices.azure.com/formrecognizer/v2.1/prebuilt/invoice/analyzeResults/aa5db221-e3db-43d8-bdde-076819125b7e",
      "RequestMethod": "GET",
      "RequestHeaders": {
        "Accept": "*/*",
        "Accept-Encoding": "gzip, deflate",
        "Connection": "keep-alive",
        "User-Agent": "azsdk-python-ai-formrecognizer/3.2.0b3 Python/3.8.5 (Windows-10-10.0.19041-SP0)",
        "x-ms-client-request-id": "1b1ef38f-5ef4-11ec-8437-c8348e073d30"
      },
      "RequestBody": null,
      "StatusCode": 200,
      "ResponseHeaders": {
        "apim-request-id": "a6e285d8-185f-445b-a7de-756c9df98a40",
        "Content-Length": "109",
        "Content-Type": "application/json; charset=utf-8",
        "Date": "Fri, 17 Dec 2021 04:46:43 GMT",
        "Strict-Transport-Security": "max-age=31536000; includeSubDomains; preload",
        "X-Content-Type-Options": "nosniff",
        "x-envoy-upstream-service-time": "11"
      },
      "ResponseBody": {
        "status": "notStarted",
        "createdDateTime": "2021-12-17T04:45:06Z",
        "lastUpdatedDateTime": "2021-12-17T04:45:06Z"
      }
    },
    {
      "RequestUri": "https://fakeendpoint.cognitiveservices.azure.com/formrecognizer/v2.1/prebuilt/invoice/analyzeResults/aa5db221-e3db-43d8-bdde-076819125b7e",
      "RequestMethod": "GET",
      "RequestHeaders": {
        "Accept": "*/*",
        "Accept-Encoding": "gzip, deflate",
        "Connection": "keep-alive",
        "User-Agent": "azsdk-python-ai-formrecognizer/3.2.0b3 Python/3.8.5 (Windows-10-10.0.19041-SP0)",
        "x-ms-client-request-id": "1b1ef38f-5ef4-11ec-8437-c8348e073d30"
      },
      "RequestBody": null,
      "StatusCode": 200,
      "ResponseHeaders": {
        "apim-request-id": "1e9a329f-53fc-4bb5-8ee7-30d07a131d55",
        "Content-Length": "106",
        "Content-Type": "application/json; charset=utf-8",
        "Date": "Fri, 17 Dec 2021 04:46:49 GMT",
        "Strict-Transport-Security": "max-age=31536000; includeSubDomains; preload",
        "X-Content-Type-Options": "nosniff",
        "x-envoy-upstream-service-time": "98"
      },
      "ResponseBody": {
        "status": "running",
        "createdDateTime": "2021-12-17T04:45:06Z",
        "lastUpdatedDateTime": "2021-12-17T04:46:47Z"
      }
    },
    {
      "RequestUri": "https://fakeendpoint.cognitiveservices.azure.com/formrecognizer/v2.1/prebuilt/invoice/analyzeResults/aa5db221-e3db-43d8-bdde-076819125b7e",
      "RequestMethod": "GET",
      "RequestHeaders": {
        "Accept": "*/*",
        "Accept-Encoding": "gzip, deflate",
        "Connection": "keep-alive",
        "User-Agent": "azsdk-python-ai-formrecognizer/3.2.0b3 Python/3.8.5 (Windows-10-10.0.19041-SP0)",
        "x-ms-client-request-id": "1b1ef38f-5ef4-11ec-8437-c8348e073d30"
      },
      "RequestBody": null,
      "StatusCode": 200,
      "ResponseHeaders": {
        "apim-request-id": "17a61ed1-6858-4b3e-8479-7caa17dff3a8",
        "Content-Length": "4180",
        "Content-Type": "application/json; charset=utf-8",
        "Date": "Fri, 17 Dec 2021 04:46:54 GMT",
        "Strict-Transport-Security": "max-age=31536000; includeSubDomains; preload",
        "X-Content-Type-Options": "nosniff",
        "x-envoy-upstream-service-time": "18"
      },
      "ResponseBody": {
        "status": "succeeded",
        "createdDateTime": "2021-12-17T04:45:06Z",
        "lastUpdatedDateTime": "2021-12-17T04:46:52Z",
        "analyzeResult": {
          "version": "2.1.0",
          "readResults": [
            {
              "page": 1,
              "angle": 0,
              "width": 8.5,
              "height": 11,
              "unit": "inch"
            }
          ],
          "pageResults": [
            {
              "page": 1,
              "tables": [
                {
                  "rows": 3,
                  "columns": 5,
                  "cells": [
                    {
                      "rowIndex": 0,
                      "columnIndex": 0,
                      "text": "Invoice Number",
                      "boundingBox": [
                        0.4992,
                        2.7829,
                        1.8978,
                        2.79,
                        1.8978,
                        3.3181,
                        0.5064,
                        3.3181
                      ],
                      "isHeader": true
                    },
                    {
                      "rowIndex": 0,
                      "columnIndex": 1,
                      "text": "Invoice Date",
                      "boundingBox": [
                        1.8978,
                        2.79,
                        3.3036,
                        2.79,
                        3.3036,
                        3.3181,
                        1.8978,
                        3.3181
                      ],
                      "isHeader": true
                    },
                    {
                      "rowIndex": 0,
                      "columnIndex": 2,
                      "text": "Invoice Due Date",
                      "boundingBox": [
                        3.3036,
                        2.79,
                        4.7022,
                        2.79,
                        4.7022,
                        3.3181,
                        3.3036,
                        3.3181
                      ],
                      "isHeader": true
                    },
                    {
                      "rowIndex": 0,
                      "columnIndex": 3,
                      "text": "Charges",
                      "boundingBox": [
                        4.7022,
                        2.79,
                        6.1008,
                        2.79,
                        6.1008,
                        3.3181,
                        4.7022,
                        3.3181
                      ],
                      "isHeader": true
                    },
                    {
                      "rowIndex": 0,
                      "columnIndex": 4,
                      "text": "VAT ID",
                      "boundingBox": [
                        6.1008,
                        2.79,
                        7.4994,
                        2.79,
                        7.4994,
                        3.3181,
                        6.1008,
                        3.3181
                      ],
                      "isHeader": true
                    },
                    {
                      "rowIndex": 1,
                      "columnIndex": 0,
                      "rowSpan": 2,
                      "text": "34278587",
                      "boundingBox": [
                        0.5064,
                        3.3181,
                        1.8978,
                        3.3181,
                        1.8978,
                        3.8534,
                        0.5064,
                        3.8534
                      ]
                    },
                    {
                      "rowIndex": 1,
                      "columnIndex": 1,
                      "rowSpan": 2,
                      "text": "6/18/2017",
                      "boundingBox": [
                        1.8978,
                        3.3181,
                        3.3036,
                        3.3181,
                        3.3036,
                        3.8534,
                        1.8978,
                        3.8534
                      ]
                    },
                    {
                      "rowIndex": 1,
                      "columnIndex": 2,
                      "rowSpan": 2,
                      "text": "6/24/2017",
                      "boundingBox": [
                        3.3036,
                        3.3181,
                        4.7022,
                        3.3181,
                        4.7022,
                        3.8534,
                        3.3036,
                        3.8534
                      ]
                    },
                    {
                      "rowIndex": 1,
                      "columnIndex": 3,
                      "rowSpan": 2,
                      "text": "$56,651.49",
                      "boundingBox": [
                        4.7022,
                        3.3181,
                        6.1008,
                        3.3181,
                        6.1008,
                        3.8534,
                        4.7022,
                        3.8534
                      ]
                    },
                    {
                      "rowIndex": 1,
                      "columnIndex": 4,
                      "rowSpan": 2,
                      "text": "PT",
                      "boundingBox": [
                        6.1008,
                        3.3181,
                        7.4994,
                        3.3181,
                        7.4994,
                        3.8534,
                        6.1008,
                        3.8534
                      ]
                    }
                  ],
                  "boundingBox": [
                    0.4985,
                    2.7802,
                    7.4933,
                    2.7816,
                    7.4913,
                    3.8459,
                    0.4966,
                    3.8447
                  ]
                }
              ]
            }
          ],
          "documentResults": [
            {
              "docType": "prebuilt:invoice",
              "pageRange": [
                1,
                1
              ],
              "fields": {
                "CustomerAddress": {
                  "type": "string",
                  "valueString": "1020 Enterprise Way Sunnayvale, CA 87659",
                  "text": "1020 Enterprise Way Sunnayvale, CA 87659",
                  "boundingBox": [
                    5.196,
                    1.716,
                    6.6526,
                    1.716,
                    6.6526,
                    2.0359,
                    5.196,
                    2.0359
                  ],
                  "page": 1,
                  "confidence": 0.954
                },
                "CustomerAddressRecipient": {
                  "type": "string",
                  "valueString": "Microsoft",
                  "text": "Microsoft",
                  "boundingBox": [
                    5.2045,
                    1.5114,
                    5.8155,
                    1.5114,
                    5.8155,
                    1.6151,
                    5.2045,
                    1.6151
                  ],
                  "page": 1,
                  "confidence": 0.981
                },
                "CustomerName": {
                  "type": "string",
                  "valueString": "Microsoft",
                  "text": "Microsoft",
                  "boundingBox": [
                    5.2045,
                    1.5114,
                    5.8155,
                    1.5114,
                    5.8155,
                    1.6151,
                    5.2045,
                    1.6151
                  ],
                  "page": 1,
                  "confidence": 0.981
                },
                "DueDate": {
                  "type": "date",
                  "valueDate": "2017-06-24",
                  "text": "6/24/2017",
                  "boundingBox": [
                    3.346,
                    3.41,
                    3.9514,
                    3.41,
                    3.9514,
                    3.5144,
                    3.346,
                    3.5144
                  ],
                  "page": 1,
                  "confidence": 0.981
                },
                "InvoiceDate": {
                  "type": "date",
                  "valueDate": "2017-06-18",
                  "text": "6/18/2017",
                  "boundingBox": [
                    1.9455,
                    3.41,
                    2.551,
                    3.41,
                    2.551,
                    3.5144,
                    1.9455,
                    3.5144
                  ],
                  "page": 1,
                  "confidence": 0.967
                },
                "InvoiceId": {
                  "type": "string",
                  "valueString": "34278587",
                  "text": "34278587",
                  "boundingBox": [
                    0.5397,
                    3.411,
                    1.1457,
                    3.411,
                    1.1457,
                    3.5144,
                    0.5397,
                    3.5144
                  ],
                  "page": 1,
                  "confidence": 0.973
                },
                "Items": {
                  "type": "array",
                  "valueArray": [
                    {
                      "type": "object",
                      "valueObject": {
                        "Amount": {
                          "type": "number",
                          "valueNumber": 56651.49,
                          "text": "$56,651.49",
                          "boundingBox": [
                            5.3871,
                            3.4047,
                            6.0702,
                            3.4047,
                            6.0702,
                            3.5321,
                            5.3871,
                            3.5321
                          ],
                          "page": 1,
                          "confidence": 0.783
                        },
                        "Date": {
                          "type": "date",
                          "valueDate": "2017-06-18",
                          "text": "6/18/2017",
                          "boundingBox": [
                            1.9455,
                            3.41,
                            2.551,
                            3.41,
                            2.551,
                            3.5144,
                            1.9455,
                            3.5144
                          ],
                          "page": 1,
                          "confidence": 0.287
                        },
                        "ProductCode": {
                          "type": "string",
                          "valueString": "34278587",
                          "text": "34278587",
                          "boundingBox": [
                            0.5397,
                            3.411,
                            1.1457,
                            3.411,
                            1.1457,
                            3.5144,
                            0.5397,
                            3.5144
                          ],
                          "page": 1,
                          "confidence": 0.646
                        },
                        "Tax": {
                          "type": "number",
                          "text": "PT",
                          "boundingBox": [
                            6.2285,
                            3.4114,
                            6.3919,
                            3.4114,
                            6.3919,
                            3.5119,
                            6.2285,
                            3.5119
                          ],
                          "page": 1,
                          "confidence": 0.692
                        }
                      },
                      "text": "34278587 6/18/2017 6/24/2017 $56,651.49 PT",
                      "boundingBox": [
                        0.5397,
                        3.4047,
                        6.3919,
                        3.4047,
                        6.3919,
                        3.5321,
                        0.5397,
                        3.5321
                      ],
                      "page": 1,
                      "confidence": 0.399
                    }
                  ]
                },
                "VendorAddress": {
                  "type": "string",
                  "valueString": "1 Redmond way Suite 6000 Redmond, WA 99243",
                  "text": "1 Redmond way Suite 6000 Redmond, WA 99243",
                  "boundingBox": [
                    0.8019,
                    1.7033,
                    2.1445,
                    1.7033,
                    2.1445,
                    2.1911,
                    0.8019,
                    2.1911
                  ],
                  "page": 1,
                  "confidence": 0.953
                },
                "VendorName": {
                  "type": "string",
                  "valueString": "Contoso",
                  "text": "Contoso",
                  "boundingBox": [
                    0.5384,
                    1.1583,
                    1.4466,
                    1.1583,
                    1.4466,
                    1.3534,
                    0.5384,
                    1.3534
                  ],
                  "page": 1,
                  "confidence": 0.981
                }
              }
            }
          ]
        }
      }
    }
  ],
  "Variables": {}
}
