{
  "Entries": [
    {
      "RequestUri": "https://fakeendpoint.cognitiveservices.azure.com/formrecognizer/documentModels:build?api-version=2022-06-30-preview",
      "RequestMethod": "POST",
      "RequestHeaders": {
        "Accept": "application/json",
        "Accept-Encoding": "gzip, deflate",
        "Connection": "keep-alive",
        "Content-Length": "131",
        "Content-Type": "application/json",
        "User-Agent": "azsdk-python-ai-formrecognizer/3.2.0b6 Python/3.8.5 (Windows-10-10.0.19041-SP0)"
      },
      "RequestBody": {
        "modelId": "4a377ab0-a0bc-4363-b1c0-0e830c407053",
        "buildMode": "template",
        "azureBlobSource": {
          "containerUrl": "https://blob_sas_url"
        }
      },
      "StatusCode": 202,
      "ResponseHeaders": {
        "apim-request-id": "3f80070c-c90d-4c58-8047-0201453abcfb",
        "Content-Length": "0",
        "Date": "Tue, 21 Jun 2022 00:28:58 GMT",
        "operation-location": "https://fakeendpoint.cognitiveservices.azure.com/formrecognizer/operations/31510596663_3f80070c-c90d-4c58-8047-0201453abcfb?api-version=2022-06-30-preview",
        "Strict-Transport-Security": "max-age=31536000; includeSubDomains; preload",
        "X-Content-Type-Options": "nosniff",
        "x-envoy-upstream-service-time": "1613"
      },
      "ResponseBody": null
    },
    {
      "RequestUri": "https://fakeendpoint.cognitiveservices.azure.com/formrecognizer/operations/31510596663_3f80070c-c90d-4c58-8047-0201453abcfb?api-version=2022-06-30-preview",
      "RequestMethod": "GET",
      "RequestHeaders": {
        "Accept": "*/*",
        "Accept-Encoding": "gzip, deflate",
        "Connection": "keep-alive",
        "User-Agent": "azsdk-python-ai-formrecognizer/3.2.0b6 Python/3.8.5 (Windows-10-10.0.19041-SP0)"
      },
      "RequestBody": null,
      "StatusCode": 200,
      "ResponseHeaders": {
        "apim-request-id": "49491819-1dce-40ae-9764-a5ea398e2a3a",
        "Content-Type": "application/json; charset=utf-8",
        "Date": "Tue, 21 Jun 2022 00:29:03 GMT",
        "Strict-Transport-Security": "max-age=31536000; includeSubDomains; preload",
        "Transfer-Encoding": "chunked",
        "X-Content-Type-Options": "nosniff",
        "x-envoy-upstream-service-time": "61"
      },
      "ResponseBody": {
        "operationId": "31510596663_3f80070c-c90d-4c58-8047-0201453abcfb",
        "kind": "documentModelBuild",
        "status": "succeeded",
        "createdDateTime": "2022-06-21T00:28:57Z",
        "lastUpdatedDateTime": "2022-06-21T00:29:01Z",
        "resourceLocation": "https://fakeendpoint.cognitiveservices.azure.com/formrecognizer/documentModels/4a377ab0-a0bc-4363-b1c0-0e830c407053?api-version=2022-06-30-preview",
        "percentCompleted": 100,
        "result": {
          "docTypes": {
            "4a377ab0-a0bc-4363-b1c0-0e830c407053": {
              "fieldSchema": {
                "Merchant": {
                  "type": "string"
                },
                "PhoneNumber": {
                  "type": "string"
                },
                "Website": {
                  "type": "string"
                },
                "Email": {
                  "type": "string"
                },
                "PurchaseOrderNumber": {
                  "type": "string"
                },
                "DatedAs": {
                  "type": "string"
                },
                "VendorName": {
                  "type": "string"
                },
                "CompanyName": {
                  "type": "string"
                },
                "CompanyAddress": {
                  "type": "string"
                },
                "CompanyPhoneNumber": {
                  "type": "string"
                },
                "Subtotal": {
                  "type": "string"
                },
                "Tax": {
                  "type": "string"
                },
                "Total": {
                  "type": "string"
                },
                "Signature": {
                  "type": "string"
                },
                "Quantity": {
                  "type": "number"
                },
                "FullSignature": {
                  "type": "signature"
                }
              },
              "buildMode": "template",
              "fieldConfidence": {
                "CompanyAddress": 0.8,
                "CompanyName": 0.995,
                "CompanyPhoneNumber": 0.995,
                "DatedAs": 0.995,
                "Email": 0.8,
                "FullSignature": 0.6,
                "Merchant": 0.995,
                "PhoneNumber": 0.995,
                "PurchaseOrderNumber": 0.995,
                "Quantity": 0.995,
                "Signature": 0.995,
                "Subtotal": 0.995,
                "Tax": 0.995,
                "Total": 0.995,
                "VendorName": 0.995,
                "Website": 0.995
              }
            }
          },
          "modelId": "4a377ab0-a0bc-4363-b1c0-0e830c407053",
          "createdDateTime": "2022-06-21T00:29:01Z",
          "apiVersion": "2022-06-30-preview"
        }
      }
    },
    {
      "RequestUri": "https://fakeendpoint.cognitiveservices.azure.com/formrecognizer/documentModels:authorizeCopy?api-version=2022-06-30-preview",
      "RequestMethod": "POST",
      "RequestHeaders": {
        "Accept": "application/json",
        "Accept-Encoding": "gzip, deflate",
        "Connection": "keep-alive",
        "Content-Length": "51",
        "Content-Type": "application/json",
        "User-Agent": "azsdk-python-ai-formrecognizer/3.2.0b6 Python/3.8.5 (Windows-10-10.0.19041-SP0)"
      },
      "RequestBody": {
        "modelId": "7832df8b-c358-4a01-baae-2d12e178949b"
      },
      "StatusCode": 200,
      "ResponseHeaders": {
        "apim-request-id": "9cb8ff0c-da14-4ca3-b4ea-1b45ab6c886e",
        "Content-Type": "application/json; charset=utf-8",
        "Date": "Tue, 21 Jun 2022 00:29:03 GMT",
        "Strict-Transport-Security": "max-age=31536000; includeSubDomains; preload",
        "Transfer-Encoding": "chunked",
        "X-Content-Type-Options": "nosniff",
        "x-envoy-upstream-service-time": "86"
      },
      "ResponseBody": {
        "targetResourceId": "/subscriptions/faa080af-c1d8-40ad-9cce-e1a450ca5b57/resourceGroups/caperal-dev/providers/Microsoft.CognitiveServices/accounts/caperalfrwestus2",
        "targetResourceRegion": "westus2",
        "targetModelId": "7832df8b-c358-4a01-baae-2d12e178949b",
        "targetModelLocation": "https://fakeendpoint.cognitiveservices.azure.com/formrecognizer/documentModels/7832df8b-c358-4a01-baae-2d12e178949b?api-version=2022-06-30-preview",
        "accessToken": "redacted",
        "expirationDateTime": "2022-06-21T01:29:03Z"
      }
    },
    {
      "RequestUri": "https://fakeendpoint.cognitiveservices.azure.com/formrecognizer/documentModels/4a377ab0-a0bc-4363-b1c0-0e830c407053:copyTo?api-version=2022-06-30-preview",
      "RequestMethod": "POST",
      "RequestHeaders": {
        "Accept": "application/json",
        "Accept-Encoding": "gzip, deflate",
        "Connection": "keep-alive",
        "Content-Length": "497",
        "Content-Type": "application/json",
        "User-Agent": "azsdk-python-ai-formrecognizer/3.2.0b6 Python/3.8.5 (Windows-10-10.0.19041-SP0)"
      },
      "RequestBody": {
        "targetResourceId": "/subscriptions/faa080af-c1d8-40ad-9cce-e1a450ca5b57/resourceGroups/caperal-dev/providers/Microsoft.CognitiveServices/accounts/caperalfrwestus2",
        "targetResourceRegion": "westus2",
        "targetModelId": "7832df8b-c358-4a01-baae-2d12e178949b",
        "targetModelLocation": "https://fakeendpoint.cognitiveservices.azure.com/formrecognizer/documentModels/7832df8b-c358-4a01-baae-2d12e178949b?api-version=2022-06-30-preview",
        "accessToken": "redacted",
        "expirationDateTime": "2022-06-21T01:29:03.000Z"
      },
      "StatusCode": 202,
      "ResponseHeaders": {
        "apim-request-id": "f4fa6b0d-52d1-4b1c-b215-c38c6e70b47f",
        "Content-Length": "0",
        "Date": "Tue, 21 Jun 2022 00:29:03 GMT",
        "Operation-Location": "https://fakeendpoint.cognitiveservices.azure.com/formrecognizer/operations/31510596656_f4fa6b0d-52d1-4b1c-b215-c38c6e70b47f?api-version=2022-06-30-preview",
        "Strict-Transport-Security": "max-age=31536000; includeSubDomains; preload",
        "X-Content-Type-Options": "nosniff",
        "x-envoy-upstream-service-time": "146"
      },
      "ResponseBody": null
    },
    {
      "RequestUri": "https://fakeendpoint.cognitiveservices.azure.com/formrecognizer/operations/31510596656_f4fa6b0d-52d1-4b1c-b215-c38c6e70b47f?api-version=2022-06-30-preview",
      "RequestMethod": "GET",
      "RequestHeaders": {
        "Accept": "*/*",
        "Accept-Encoding": "gzip, deflate",
        "Connection": "keep-alive",
        "User-Agent": "azsdk-python-ai-formrecognizer/3.2.0b6 Python/3.8.5 (Windows-10-10.0.19041-SP0)"
      },
      "RequestBody": null,
      "StatusCode": 200,
      "ResponseHeaders": {
        "apim-request-id": "fdf1fad6-badd-4ed6-80a7-4c2a88a3d19f",
        "Content-Type": "application/json; charset=utf-8",
        "Date": "Tue, 21 Jun 2022 00:29:08 GMT",
        "Strict-Transport-Security": "max-age=31536000; includeSubDomains; preload",
        "Transfer-Encoding": "chunked",
        "X-Content-Type-Options": "nosniff",
        "x-envoy-upstream-service-time": "16"
      },
      "ResponseBody": {
        "operationId": "31510596656_f4fa6b0d-52d1-4b1c-b215-c38c6e70b47f",
        "kind": "documentModelCopyTo",
        "status": "succeeded",
        "createdDateTime": "2022-06-21T00:29:04Z",
        "lastUpdatedDateTime": "2022-06-21T00:29:04Z",
        "resourceLocation": "https://fakeendpoint.cognitiveservices.azure.com/formrecognizer/documentModels/7832df8b-c358-4a01-baae-2d12e178949b?api-version=2022-06-30-preview",
        "percentCompleted": 100,
        "result": {
          "docTypes": {
            "4a377ab0-a0bc-4363-b1c0-0e830c407053": {
              "fieldSchema": {
                "Merchant": {
                  "type": "string"
                },
                "PhoneNumber": {
                  "type": "string"
                },
                "Website": {
                  "type": "string"
                },
                "Email": {
                  "type": "string"
                },
                "PurchaseOrderNumber": {
                  "type": "string"
                },
                "DatedAs": {
                  "type": "string"
                },
                "VendorName": {
                  "type": "string"
                },
                "CompanyName": {
                  "type": "string"
                },
                "CompanyAddress": {
                  "type": "string"
                },
                "CompanyPhoneNumber": {
                  "type": "string"
                },
                "Subtotal": {
                  "type": "string"
                },
                "Tax": {
                  "type": "string"
                },
                "Total": {
                  "type": "string"
                },
                "Signature": {
                  "type": "string"
                },
                "Quantity": {
                  "type": "number"
                },
                "FullSignature": {
                  "type": "signature"
                }
              },
              "buildMode": "template",
              "fieldConfidence": {
                "CompanyAddress": 0.8,
                "CompanyName": 0.995,
                "CompanyPhoneNumber": 0.995,
                "DatedAs": 0.995,
                "Email": 0.8,
                "FullSignature": 0.6,
                "Merchant": 0.995,
                "PhoneNumber": 0.995,
                "PurchaseOrderNumber": 0.995,
                "Quantity": 0.995,
                "Signature": 0.995,
                "Subtotal": 0.995,
                "Tax": 0.995,
                "Total": 0.995,
                "VendorName": 0.995,
                "Website": 0.995
              }
            }
          },
          "modelId": "7832df8b-c358-4a01-baae-2d12e178949b",
          "createdDateTime": "2022-06-21T00:29:01Z",
          "apiVersion": "2022-06-30-preview"
        }
      }
    }
  ],
  "Variables": {}
}
