{
  "Entries": [
    {
      "RequestUri": "https://fakeendpoint.cognitiveservices.azure.com/formrecognizer/documentModels:build?api-version=2021-09-30-preview",
      "RequestMethod": "POST",
      "RequestHeaders": {
        "Accept": "application/json",
        "Accept-Encoding": "gzip, deflate",
        "Content-Length": "108",
        "Content-Type": "application/json",
        "User-Agent": "azsdk-python-ai-formrecognizer/3.2.0b3 Python/3.8.5 (Windows-10-10.0.19041-SP0)",
        "x-ms-client-request-id": "bc93ff52-5edd-11ec-93b6-c8348e073d30"
      },
      "RequestBody": {
        "modelId": "eed13821-5501-4b4b-ae28-ed4ee5218a74",
        "azureBlobSource": {
          "containerUrl": "https://blob_sas_url"
        }
      },
      "StatusCode": 202,
      "ResponseHeaders": {
        "apim-request-id": "24149b01-184f-4b7a-a81a-63d1c901cef8",
        "Content-Length": "0",
        "Date": "Fri, 17 Dec 2021 02:05:00 GMT",
        "operation-location": "https://fakeendpoint.cognitiveservices.azure.com/formrecognizer/operations/31526661301_24149b01-184f-4b7a-a81a-63d1c901cef8?api-version=2021-09-30-preview",
        "Strict-Transport-Security": "max-age=31536000; includeSubDomains; preload",
        "X-Content-Type-Options": "nosniff",
        "x-envoy-upstream-service-time": "2604"
      },
      "ResponseBody": null
    },
    {
      "RequestUri": "https://fakeendpoint.cognitiveservices.azure.com/formrecognizer/operations/31526661301_24149b01-184f-4b7a-a81a-63d1c901cef8?api-version=2021-09-30-preview",
      "RequestMethod": "GET",
      "RequestHeaders": {
        "Accept": "*/*",
        "Accept-Encoding": "gzip, deflate",
        "User-Agent": "azsdk-python-ai-formrecognizer/3.2.0b3 Python/3.8.5 (Windows-10-10.0.19041-SP0)",
        "x-ms-client-request-id": "bc93ff52-5edd-11ec-93b6-c8348e073d30"
      },
      "RequestBody": null,
      "StatusCode": 200,
      "ResponseHeaders": {
        "apim-request-id": "79103d01-791a-4afd-abf1-4b75ffbc9923",
        "Content-Type": "application/json; charset=utf-8",
        "Date": "Fri, 17 Dec 2021 02:05:06 GMT",
        "Strict-Transport-Security": "max-age=31536000; includeSubDomains; preload",
        "Transfer-Encoding": "chunked",
        "X-Content-Type-Options": "nosniff",
        "x-envoy-upstream-service-time": "33"
      },
      "ResponseBody": [
        "{\n",
        "  \u0022operationId\u0022: \u002231526661301_24149b01-184f-4b7a-a81a-63d1c901cef8\u0022,\n",
        "  \u0022kind\u0022: \u0022documentModelBuild\u0022,\n",
        "  \u0022status\u0022: \u0022succeeded\u0022,\n",
        "  \u0022createdDateTime\u0022: \u00222021-12-17T02:04:58Z\u0022,\n",
        "  \u0022lastUpdatedDateTime\u0022: \u00222021-12-17T02:05:03Z\u0022,\n",
        "  \u0022resourceLocation\u0022: \u0022https://fakeendpoint.cognitiveservices.azure.com/formrecognizer/documentModels/eed13821-5501-4b4b-ae28-ed4ee5218a74?api-version=2021-09-30-preview\u0022,\n",
        "  \u0022percentCompleted\u0022: 100,\n",
        "  \u0022result\u0022: {\n",
        "    \u0022docTypes\u0022: {\n",
        "      \u0022eed13821-5501-4b4b-ae28-ed4ee5218a74\u0022: {\n",
        "        \u0022fieldSchema\u0022: {\n",
        "          \u0022Merchant\u0022: {\n",
        "            \u0022type\u0022: \u0022string\u0022\n",
        "          },\n",
        "          \u0022PhoneNumber\u0022: {\n",
        "            \u0022type\u0022: \u0022string\u0022\n",
        "          },\n",
        "          \u0022Website\u0022: {\n",
        "            \u0022type\u0022: \u0022string\u0022\n",
        "          },\n",
        "          \u0022Email\u0022: {\n",
        "            \u0022type\u0022: \u0022string\u0022\n",
        "          },\n",
        "          \u0022PurchaseOrderNumber\u0022: {\n",
        "            \u0022type\u0022: \u0022string\u0022\n",
        "          },\n",
        "          \u0022DatedAs\u0022: {\n",
        "            \u0022type\u0022: \u0022string\u0022\n",
        "          },\n",
        "          \u0022VendorName\u0022: {\n",
        "            \u0022type\u0022: \u0022string\u0022\n",
        "          },\n",
        "          \u0022CompanyName\u0022: {\n",
        "            \u0022type\u0022: \u0022string\u0022\n",
        "          },\n",
        "          \u0022CompanyAddress\u0022: {\n",
        "            \u0022type\u0022: \u0022string\u0022\n",
        "          },\n",
        "          \u0022CompanyPhoneNumber\u0022: {\n",
        "            \u0022type\u0022: \u0022string\u0022\n",
        "          },\n",
        "          \u0022Subtotal\u0022: {\n",
        "            \u0022type\u0022: \u0022string\u0022\n",
        "          },\n",
        "          \u0022Tax\u0022: {\n",
        "            \u0022type\u0022: \u0022string\u0022\n",
        "          },\n",
        "          \u0022Total\u0022: {\n",
        "            \u0022type\u0022: \u0022string\u0022\n",
        "          },\n",
        "          \u0022Signature\u0022: {\n",
        "            \u0022type\u0022: \u0022string\u0022\n",
        "          },\n",
        "          \u0022Quantity\u0022: {\n",
        "            \u0022type\u0022: \u0022number\u0022\n",
        "          },\n",
        "          \u0022FullSignature\u0022: {\n",
        "            \u0022type\u0022: \u0022signature\u0022\n",
        "          }\n",
        "        },\n",
        "        \u0022technique\u0022: \u0022fixedTemplate-2021-07-30\u0022,\n",
        "        \u0022modelType\u0022: \u0022form\u0022,\n",
        "        \u0022fieldConfidence\u0022: {\n",
        "          \u0022CompanyAddress\u0022: 0.8,\n",
        "          \u0022CompanyName\u0022: 0.95,\n",
        "          \u0022CompanyPhoneNumber\u0022: 0.95,\n",
        "          \u0022DatedAs\u0022: 0.95,\n",
        "          \u0022Email\u0022: 0.8,\n",
        "          \u0022FullSignature\u0022: 0.6,\n",
        "          \u0022Merchant\u0022: 0.95,\n",
        "          \u0022PhoneNumber\u0022: 0.95,\n",
        "          \u0022PurchaseOrderNumber\u0022: 0.95,\n",
        "          \u0022Quantity\u0022: 0.95,\n",
        "          \u0022Signature\u0022: 0.95,\n",
        "          \u0022Subtotal\u0022: 0.95,\n",
        "          \u0022Tax\u0022: 0.95,\n",
        "          \u0022Total\u0022: 0.95,\n",
        "          \u0022VendorName\u0022: 0.95,\n",
        "          \u0022Website\u0022: 0.95\n",
        "        }\n",
        "      }\n",
        "    },\n",
        "    \u0022modelId\u0022: \u0022eed13821-5501-4b4b-ae28-ed4ee5218a74\u0022,\n",
        "    \u0022createdDateTime\u0022: \u00222021-12-17T02:05:03Z\u0022\n",
        "  }\n",
        "}"
      ]
    },
    {
      "RequestUri": "https://fakeendpoint.cognitiveservices.azure.com/formrecognizer/documentModels:build?api-version=2021-09-30-preview",
      "RequestMethod": "POST",
      "RequestHeaders": {
        "Accept": "application/json",
        "Accept-Encoding": "gzip, deflate",
        "Content-Length": "108",
        "Content-Type": "application/json",
        "User-Agent": "azsdk-python-ai-formrecognizer/3.2.0b3 Python/3.8.5 (Windows-10-10.0.19041-SP0)",
        "x-ms-client-request-id": "c1862e46-5edd-11ec-b06b-c8348e073d30"
      },
      "RequestBody": {
        "modelId": "19fd9ff8-106d-4468-a284-7e287aacb505",
        "azureBlobSource": {
          "containerUrl": "https://blob_sas_url"
        }
      },
      "StatusCode": 202,
      "ResponseHeaders": {
        "apim-request-id": "b41f1cb9-10cd-45cb-bd88-2da594243f58",
        "Content-Length": "0",
        "Date": "Fri, 17 Dec 2021 02:05:09 GMT",
        "operation-location": "https://fakeendpoint.cognitiveservices.azure.com/formrecognizer/operations/31526661293_b41f1cb9-10cd-45cb-bd88-2da594243f58?api-version=2021-09-30-preview",
        "Strict-Transport-Security": "max-age=31536000; includeSubDomains; preload",
        "X-Content-Type-Options": "nosniff",
        "x-envoy-upstream-service-time": "2925"
      },
      "ResponseBody": null
    },
    {
      "RequestUri": "https://fakeendpoint.cognitiveservices.azure.com/formrecognizer/operations/31526661293_b41f1cb9-10cd-45cb-bd88-2da594243f58?api-version=2021-09-30-preview",
      "RequestMethod": "GET",
      "RequestHeaders": {
        "Accept": "*/*",
        "Accept-Encoding": "gzip, deflate",
        "User-Agent": "azsdk-python-ai-formrecognizer/3.2.0b3 Python/3.8.5 (Windows-10-10.0.19041-SP0)",
        "x-ms-client-request-id": "c1862e46-5edd-11ec-b06b-c8348e073d30"
      },
      "RequestBody": null,
      "StatusCode": 200,
      "ResponseHeaders": {
        "apim-request-id": "14e3b08b-2224-4743-9cc3-cecf0891baab",
        "Content-Type": "application/json; charset=utf-8",
        "Date": "Fri, 17 Dec 2021 02:05:15 GMT",
        "Strict-Transport-Security": "max-age=31536000; includeSubDomains; preload",
        "Transfer-Encoding": "chunked",
        "X-Content-Type-Options": "nosniff",
        "x-envoy-upstream-service-time": "41"
      },
      "ResponseBody": [
        "{\n",
        "  \u0022operationId\u0022: \u002231526661293_b41f1cb9-10cd-45cb-bd88-2da594243f58\u0022,\n",
        "  \u0022kind\u0022: \u0022documentModelBuild\u0022,\n",
        "  \u0022status\u0022: \u0022succeeded\u0022,\n",
        "  \u0022createdDateTime\u0022: \u00222021-12-17T02:05:07Z\u0022,\n",
        "  \u0022lastUpdatedDateTime\u0022: \u00222021-12-17T02:05:12Z\u0022,\n",
        "  \u0022resourceLocation\u0022: \u0022https://fakeendpoint.cognitiveservices.azure.com/formrecognizer/documentModels/19fd9ff8-106d-4468-a284-7e287aacb505?api-version=2021-09-30-preview\u0022,\n",
        "  \u0022percentCompleted\u0022: 100,\n",
        "  \u0022result\u0022: {\n",
        "    \u0022docTypes\u0022: {\n",
        "      \u002219fd9ff8-106d-4468-a284-7e287aacb505\u0022: {\n",
        "        \u0022fieldSchema\u0022: {\n",
        "          \u0022Merchant\u0022: {\n",
        "            \u0022type\u0022: \u0022string\u0022\n",
        "          },\n",
        "          \u0022PhoneNumber\u0022: {\n",
        "            \u0022type\u0022: \u0022string\u0022\n",
        "          },\n",
        "          \u0022Website\u0022: {\n",
        "            \u0022type\u0022: \u0022string\u0022\n",
        "          },\n",
        "          \u0022Email\u0022: {\n",
        "            \u0022type\u0022: \u0022string\u0022\n",
        "          },\n",
        "          \u0022PurchaseOrderNumber\u0022: {\n",
        "            \u0022type\u0022: \u0022string\u0022\n",
        "          },\n",
        "          \u0022DatedAs\u0022: {\n",
        "            \u0022type\u0022: \u0022string\u0022\n",
        "          },\n",
        "          \u0022VendorName\u0022: {\n",
        "            \u0022type\u0022: \u0022string\u0022\n",
        "          },\n",
        "          \u0022CompanyName\u0022: {\n",
        "            \u0022type\u0022: \u0022string\u0022\n",
        "          },\n",
        "          \u0022CompanyAddress\u0022: {\n",
        "            \u0022type\u0022: \u0022string\u0022\n",
        "          },\n",
        "          \u0022CompanyPhoneNumber\u0022: {\n",
        "            \u0022type\u0022: \u0022string\u0022\n",
        "          },\n",
        "          \u0022Subtotal\u0022: {\n",
        "            \u0022type\u0022: \u0022string\u0022\n",
        "          },\n",
        "          \u0022Tax\u0022: {\n",
        "            \u0022type\u0022: \u0022string\u0022\n",
        "          },\n",
        "          \u0022Total\u0022: {\n",
        "            \u0022type\u0022: \u0022string\u0022\n",
        "          },\n",
        "          \u0022Signature\u0022: {\n",
        "            \u0022type\u0022: \u0022string\u0022\n",
        "          },\n",
        "          \u0022Quantity\u0022: {\n",
        "            \u0022type\u0022: \u0022number\u0022\n",
        "          },\n",
        "          \u0022FullSignature\u0022: {\n",
        "            \u0022type\u0022: \u0022signature\u0022\n",
        "          }\n",
        "        },\n",
        "        \u0022technique\u0022: \u0022fixedTemplate-2021-07-30\u0022,\n",
        "        \u0022modelType\u0022: \u0022form\u0022,\n",
        "        \u0022fieldConfidence\u0022: {\n",
        "          \u0022CompanyAddress\u0022: 0.8,\n",
        "          \u0022CompanyName\u0022: 0.95,\n",
        "          \u0022CompanyPhoneNumber\u0022: 0.95,\n",
        "          \u0022DatedAs\u0022: 0.95,\n",
        "          \u0022Email\u0022: 0.8,\n",
        "          \u0022FullSignature\u0022: 0.6,\n",
        "          \u0022Merchant\u0022: 0.95,\n",
        "          \u0022PhoneNumber\u0022: 0.95,\n",
        "          \u0022PurchaseOrderNumber\u0022: 0.95,\n",
        "          \u0022Quantity\u0022: 0.95,\n",
        "          \u0022Signature\u0022: 0.95,\n",
        "          \u0022Subtotal\u0022: 0.95,\n",
        "          \u0022Tax\u0022: 0.95,\n",
        "          \u0022Total\u0022: 0.95,\n",
        "          \u0022VendorName\u0022: 0.95,\n",
        "          \u0022Website\u0022: 0.95\n",
        "        }\n",
        "      }\n",
        "    },\n",
        "    \u0022modelId\u0022: \u002219fd9ff8-106d-4468-a284-7e287aacb505\u0022,\n",
        "    \u0022createdDateTime\u0022: \u00222021-12-17T02:05:12Z\u0022\n",
        "  }\n",
        "}"
      ]
    },
    {
      "RequestUri": "https://fakeendpoint.cognitiveservices.azure.com/formrecognizer/documentModels:compose?api-version=2021-09-30-preview",
      "RequestMethod": "POST",
      "RequestHeaders": {
        "Accept": "application/json",
        "Accept-Encoding": "gzip, deflate",
        "Content-Length": "178",
        "Content-Type": "application/json",
        "User-Agent": "azsdk-python-ai-formrecognizer/3.2.0b3 Python/3.8.5 (Windows-10-10.0.19041-SP0)",
        "x-ms-client-request-id": "c67a5545-5edd-11ec-a4b6-c8348e073d30"
      },
      "RequestBody": "{\u0022modelId\u0022: \u0022649a73d2-b92a-4f5e-86ed-858d07f70eeb\u0022, \u0022componentModels\u0022: [{\u0022modelId\u0022: \u0022eed13821-5501-4b4b-ae28-ed4ee5218a74\u0022}, {\u0022modelId\u0022: \u002219fd9ff8-106d-4468-a284-7e287aacb505\u0022}]}",
      "StatusCode": 202,
      "ResponseHeaders": {
        "apim-request-id": "e0aeccf6-f9a3-45f0-bc93-e2e573d70776",
        "Content-Length": "0",
        "Date": "Fri, 17 Dec 2021 02:05:15 GMT",
        "operation-location": "https://fakeendpoint.cognitiveservices.azure.com/formrecognizer/operations/31526661285_e0aeccf6-f9a3-45f0-bc93-e2e573d70776?api-version=2021-09-30-preview",
        "Strict-Transport-Security": "max-age=31536000; includeSubDomains; preload",
        "X-Content-Type-Options": "nosniff",
        "x-envoy-upstream-service-time": "748"
      },
      "ResponseBody": null
    },
    {
      "RequestUri": "https://fakeendpoint.cognitiveservices.azure.com/formrecognizer/operations/31526661285_e0aeccf6-f9a3-45f0-bc93-e2e573d70776?api-version=2021-09-30-preview",
      "RequestMethod": "GET",
      "RequestHeaders": {
        "Accept": "*/*",
        "Accept-Encoding": "gzip, deflate",
        "User-Agent": "azsdk-python-ai-formrecognizer/3.2.0b3 Python/3.8.5 (Windows-10-10.0.19041-SP0)",
        "x-ms-client-request-id": "c67a5545-5edd-11ec-a4b6-c8348e073d30"
      },
      "RequestBody": null,
      "StatusCode": 200,
      "ResponseHeaders": {
        "apim-request-id": "9b7d36a5-4713-4556-8850-87ded1f84498",
        "Content-Type": "application/json; charset=utf-8",
        "Date": "Fri, 17 Dec 2021 02:05:21 GMT",
        "Strict-Transport-Security": "max-age=31536000; includeSubDomains; preload",
        "Transfer-Encoding": "chunked",
        "X-Content-Type-Options": "nosniff",
        "x-envoy-upstream-service-time": "36"
      },
      "ResponseBody": [
        "{\n",
        "  \u0022operationId\u0022: \u002231526661285_e0aeccf6-f9a3-45f0-bc93-e2e573d70776\u0022,\n",
        "  \u0022kind\u0022: \u0022documentModelCompose\u0022,\n",
        "  \u0022status\u0022: \u0022succeeded\u0022,\n",
        "  \u0022createdDateTime\u0022: \u00222021-12-17T02:05:15Z\u0022,\n",
        "  \u0022lastUpdatedDateTime\u0022: \u00222021-12-17T02:05:16Z\u0022,\n",
        "  \u0022resourceLocation\u0022: \u0022https://fakeendpoint.cognitiveservices.azure.com/formrecognizer/documentModels/649a73d2-b92a-4f5e-86ed-858d07f70eeb?api-version=2021-09-30-preview\u0022,\n",
        "  \u0022percentCompleted\u0022: 100,\n",
        "  \u0022result\u0022: {\n",
        "    \u0022docTypes\u0022: {\n",
        "      \u0022eed13821-5501-4b4b-ae28-ed4ee5218a74\u0022: {\n",
        "        \u0022fieldSchema\u0022: {\n",
        "          \u0022Merchant\u0022: {\n",
        "            \u0022type\u0022: \u0022string\u0022\n",
        "          },\n",
        "          \u0022PhoneNumber\u0022: {\n",
        "            \u0022type\u0022: \u0022string\u0022\n",
        "          },\n",
        "          \u0022Website\u0022: {\n",
        "            \u0022type\u0022: \u0022string\u0022\n",
        "          },\n",
        "          \u0022Email\u0022: {\n",
        "            \u0022type\u0022: \u0022string\u0022\n",
        "          },\n",
        "          \u0022PurchaseOrderNumber\u0022: {\n",
        "            \u0022type\u0022: \u0022string\u0022\n",
        "          },\n",
        "          \u0022DatedAs\u0022: {\n",
        "            \u0022type\u0022: \u0022string\u0022\n",
        "          },\n",
        "          \u0022VendorName\u0022: {\n",
        "            \u0022type\u0022: \u0022string\u0022\n",
        "          },\n",
        "          \u0022CompanyName\u0022: {\n",
        "            \u0022type\u0022: \u0022string\u0022\n",
        "          },\n",
        "          \u0022CompanyAddress\u0022: {\n",
        "            \u0022type\u0022: \u0022string\u0022\n",
        "          },\n",
        "          \u0022CompanyPhoneNumber\u0022: {\n",
        "            \u0022type\u0022: \u0022string\u0022\n",
        "          },\n",
        "          \u0022Subtotal\u0022: {\n",
        "            \u0022type\u0022: \u0022string\u0022\n",
        "          },\n",
        "          \u0022Tax\u0022: {\n",
        "            \u0022type\u0022: \u0022string\u0022\n",
        "          },\n",
        "          \u0022Total\u0022: {\n",
        "            \u0022type\u0022: \u0022string\u0022\n",
        "          },\n",
        "          \u0022Signature\u0022: {\n",
        "            \u0022type\u0022: \u0022string\u0022\n",
        "          },\n",
        "          \u0022Quantity\u0022: {\n",
        "            \u0022type\u0022: \u0022number\u0022\n",
        "          },\n",
        "          \u0022FullSignature\u0022: {\n",
        "            \u0022type\u0022: \u0022signature\u0022\n",
        "          }\n",
        "        },\n",
        "        \u0022technique\u0022: \u0022fixedTemplate-2021-07-30\u0022,\n",
        "        \u0022modelType\u0022: \u0022form\u0022,\n",
        "        \u0022fieldConfidence\u0022: {\n",
        "          \u0022CompanyAddress\u0022: 0.8,\n",
        "          \u0022CompanyName\u0022: 0.95,\n",
        "          \u0022CompanyPhoneNumber\u0022: 0.95,\n",
        "          \u0022DatedAs\u0022: 0.95,\n",
        "          \u0022Email\u0022: 0.8,\n",
        "          \u0022FullSignature\u0022: 0.6,\n",
        "          \u0022Merchant\u0022: 0.95,\n",
        "          \u0022PhoneNumber\u0022: 0.95,\n",
        "          \u0022PurchaseOrderNumber\u0022: 0.95,\n",
        "          \u0022Quantity\u0022: 0.95,\n",
        "          \u0022Signature\u0022: 0.95,\n",
        "          \u0022Subtotal\u0022: 0.95,\n",
        "          \u0022Tax\u0022: 0.95,\n",
        "          \u0022Total\u0022: 0.95,\n",
        "          \u0022VendorName\u0022: 0.95,\n",
        "          \u0022Website\u0022: 0.95\n",
        "        }\n",
        "      },\n",
        "      \u002219fd9ff8-106d-4468-a284-7e287aacb505\u0022: {\n",
        "        \u0022fieldSchema\u0022: {\n",
        "          \u0022Merchant\u0022: {\n",
        "            \u0022type\u0022: \u0022string\u0022\n",
        "          },\n",
        "          \u0022PhoneNumber\u0022: {\n",
        "            \u0022type\u0022: \u0022string\u0022\n",
        "          },\n",
        "          \u0022Website\u0022: {\n",
        "            \u0022type\u0022: \u0022string\u0022\n",
        "          },\n",
        "          \u0022Email\u0022: {\n",
        "            \u0022type\u0022: \u0022string\u0022\n",
        "          },\n",
        "          \u0022PurchaseOrderNumber\u0022: {\n",
        "            \u0022type\u0022: \u0022string\u0022\n",
        "          },\n",
        "          \u0022DatedAs\u0022: {\n",
        "            \u0022type\u0022: \u0022string\u0022\n",
        "          },\n",
        "          \u0022VendorName\u0022: {\n",
        "            \u0022type\u0022: \u0022string\u0022\n",
        "          },\n",
        "          \u0022CompanyName\u0022: {\n",
        "            \u0022type\u0022: \u0022string\u0022\n",
        "          },\n",
        "          \u0022CompanyAddress\u0022: {\n",
        "            \u0022type\u0022: \u0022string\u0022\n",
        "          },\n",
        "          \u0022CompanyPhoneNumber\u0022: {\n",
        "            \u0022type\u0022: \u0022string\u0022\n",
        "          },\n",
        "          \u0022Subtotal\u0022: {\n",
        "            \u0022type\u0022: \u0022string\u0022\n",
        "          },\n",
        "          \u0022Tax\u0022: {\n",
        "            \u0022type\u0022: \u0022string\u0022\n",
        "          },\n",
        "          \u0022Total\u0022: {\n",
        "            \u0022type\u0022: \u0022string\u0022\n",
        "          },\n",
        "          \u0022Signature\u0022: {\n",
        "            \u0022type\u0022: \u0022string\u0022\n",
        "          },\n",
        "          \u0022Quantity\u0022: {\n",
        "            \u0022type\u0022: \u0022number\u0022\n",
        "          },\n",
        "          \u0022FullSignature\u0022: {\n",
        "            \u0022type\u0022: \u0022signature\u0022\n",
        "          }\n",
        "        },\n",
        "        \u0022technique\u0022: \u0022fixedTemplate-2021-07-30\u0022,\n",
        "        \u0022modelType\u0022: \u0022form\u0022,\n",
        "        \u0022fieldConfidence\u0022: {\n",
        "          \u0022CompanyAddress\u0022: 0.8,\n",
        "          \u0022CompanyName\u0022: 0.95,\n",
        "          \u0022CompanyPhoneNumber\u0022: 0.95,\n",
        "          \u0022DatedAs\u0022: 0.95,\n",
        "          \u0022Email\u0022: 0.8,\n",
        "          \u0022FullSignature\u0022: 0.6,\n",
        "          \u0022Merchant\u0022: 0.95,\n",
        "          \u0022PhoneNumber\u0022: 0.95,\n",
        "          \u0022PurchaseOrderNumber\u0022: 0.95,\n",
        "          \u0022Quantity\u0022: 0.95,\n",
        "          \u0022Signature\u0022: 0.95,\n",
        "          \u0022Subtotal\u0022: 0.95,\n",
        "          \u0022Tax\u0022: 0.95,\n",
        "          \u0022Total\u0022: 0.95,\n",
        "          \u0022VendorName\u0022: 0.95,\n",
        "          \u0022Website\u0022: 0.95\n",
        "        }\n",
        "      }\n",
        "    },\n",
        "    \u0022modelId\u0022: \u0022649a73d2-b92a-4f5e-86ed-858d07f70eeb\u0022,\n",
        "    \u0022createdDateTime\u0022: \u00222021-12-17T02:05:16Z\u0022\n",
        "  }\n",
        "}"
      ]
    }
  ],
  "Variables": {}
}
