interactions:
- request:
    body: 'b''{"source": "containersasurl", "sourceFilter": {"prefix": "", "includeSubFolders":
      false}, "useLabelFile": false}'''
    headers:
      Accept:
      - application/json
      Content-Length:
      - '288'
      Content-Type:
      - application/json
      User-Agent:
      - azsdk-python-ai-formrecognizer/3.1.0b1 Python/3.9.0 (Windows-10-10.0.19041-SP0)
    method: POST
    uri: https://centraluseuap.api.cognitive.microsoft.com/formrecognizer/v2.1-preview.2/custom/models
  response:
    body:
      string: ''
    headers:
      apim-request-id: 5e3b38fe-7498-4cc2-841f-f72b74d2d599
      content-length: '0'
      date: Fri, 30 Oct 2020 00:59:12 GMT
      location: https://centraluseuap.api.cognitive.microsoft.com/formrecognizer/v2.1-preview.1/custom/models/4dbd71a2-7b70-48e4-a4fd-41190a0313c9
      strict-transport-security: max-age=31536000; includeSubDomains; preload
      x-content-type-options: nosniff
      x-envoy-upstream-service-time: '39'
    status:
      code: 201
      message: Created
    url: https://centraluseuap.api.cognitive.microsoft.com//formrecognizer/v2.1-preview.2/custom/models
- request:
    body: null
    headers:
      User-Agent:
      - azsdk-python-ai-formrecognizer/3.1.0b1 Python/3.9.0 (Windows-10-10.0.19041-SP0)
    method: GET
    uri: https://centraluseuap.api.cognitive.microsoft.com/formrecognizer/v2.1-preview.1/custom/models/4dbd71a2-7b70-48e4-a4fd-41190a0313c9?includeKeys=true
  response:
    body:
      string: '{"modelInfo": {"modelId": "4dbd71a2-7b70-48e4-a4fd-41190a0313c9", "status":
        "creating", "createdDateTime": "2020-10-30T00:59:12Z", "lastUpdatedDateTime":
        "2020-10-30T00:59:12Z"}}'
    headers:
      apim-request-id: ab166eba-da53-4eca-af45-7885a8862f19
      content-type: application/json; charset=utf-8
      date: Fri, 30 Oct 2020 00:59:16 GMT
      strict-transport-security: max-age=31536000; includeSubDomains; preload
      transfer-encoding: chunked
      x-content-type-options: nosniff
      x-envoy-upstream-service-time: '16'
    status:
      code: 200
      message: OK
    url: https://centraluseuap.api.cognitive.microsoft.com/formrecognizer/v2.1-preview.1/custom/models/4dbd71a2-7b70-48e4-a4fd-41190a0313c9?includeKeys=true
- request:
    body: null
    headers:
      User-Agent:
      - azsdk-python-ai-formrecognizer/3.1.0b1 Python/3.9.0 (Windows-10-10.0.19041-SP0)
    method: GET
    uri: https://centraluseuap.api.cognitive.microsoft.com/formrecognizer/v2.1-preview.1/custom/models/4dbd71a2-7b70-48e4-a4fd-41190a0313c9?includeKeys=true
  response:
    body:
      string: '{"modelInfo": {"modelId": "4dbd71a2-7b70-48e4-a4fd-41190a0313c9", "status":
        "creating", "createdDateTime": "2020-10-30T00:59:12Z", "lastUpdatedDateTime":
        "2020-10-30T00:59:12Z"}}'
    headers:
      apim-request-id: 066fdaee-7a27-4bb7-9682-514f0accd136
      content-type: application/json; charset=utf-8
      date: Fri, 30 Oct 2020 00:59:21 GMT
      strict-transport-security: max-age=31536000; includeSubDomains; preload
      transfer-encoding: chunked
      x-content-type-options: nosniff
      x-envoy-upstream-service-time: '29'
    status:
      code: 200
      message: OK
    url: https://centraluseuap.api.cognitive.microsoft.com/formrecognizer/v2.1-preview.1/custom/models/4dbd71a2-7b70-48e4-a4fd-41190a0313c9?includeKeys=true
- request:
    body: null
    headers:
      User-Agent:
      - azsdk-python-ai-formrecognizer/3.1.0b1 Python/3.9.0 (Windows-10-10.0.19041-SP0)
    method: GET
    uri: https://centraluseuap.api.cognitive.microsoft.com/formrecognizer/v2.1-preview.1/custom/models/4dbd71a2-7b70-48e4-a4fd-41190a0313c9?includeKeys=true
  response:
    body:
      string: '{"modelInfo": {"modelId": "4dbd71a2-7b70-48e4-a4fd-41190a0313c9", "status":
        "ready", "createdDateTime": "2020-10-30T00:59:12Z", "lastUpdatedDateTime":
        "2020-10-30T00:59:24Z"}, "keys": {"clusters": {"0": ["Additional Notes:",
        "Address:", "Company Name:", "Company Phone:", "Dated As:", "Details", "Email:",
        "Ft Lauderdale, FL Phone:", "Hero Limited", "Name:", "Phone:", "Purchase Order",
        "Purchase Order #:", "Quantity", "SUBTOTAL", "Seattle, WA 93849 Phone:", "Shipped
        From", "Shipped To", "TAX", "TOTAL", "Total", "Unit Price", "Vendor Name:",
        "Website:"]}}, "trainResult": {"trainingDocuments": [{"documentName": "Form_1.jpg",
        "pages": 1, "errors": [], "status": "succeeded"}, {"documentName": "Form_2.jpg",
        "pages": 1, "errors": [], "status": "succeeded"}, {"documentName": "Form_3.jpg",
        "pages": 1, "errors": [], "status": "succeeded"}, {"documentName": "Form_4.jpg",
        "pages": 1, "errors": [], "status": "succeeded"}, {"documentName": "Form_5.jpg",
        "pages": 1, "errors": [], "status": "succeeded"}], "errors": []}}'
    headers:
      apim-request-id: 67751079-e0d6-452e-a7cb-2dd5e918f315
      content-type: application/json; charset=utf-8
      date: Fri, 30 Oct 2020 00:59:26 GMT
      strict-transport-security: max-age=31536000; includeSubDomains; preload
      transfer-encoding: chunked
      x-content-type-options: nosniff
      x-envoy-upstream-service-time: '16'
    status:
      code: 200
      message: OK
    url: https://centraluseuap.api.cognitive.microsoft.com/formrecognizer/v2.1-preview.1/custom/models/4dbd71a2-7b70-48e4-a4fd-41190a0313c9?includeKeys=true
- request:
    body: 'b''{"source": "https://raw.githubusercontent.com/Azure/azure-sdk-for-python/master/sdk/formrecognizer/azure-ai-formrecognizer/tests/sample_forms/forms/Form_1.jpg"}'''
    headers:
      Accept:
      - application/json
      Content-Length:
      - '160'
      Content-Type:
      - application/json
      User-Agent:
      - azsdk-python-ai-formrecognizer/3.1.0b1 Python/3.9.0 (Windows-10-10.0.19041-SP0)
    method: POST
    uri: https://centraluseuap.api.cognitive.microsoft.com/formrecognizer/v2.1-preview.2/custom/models/4dbd71a2-7b70-48e4-a4fd-41190a0313c9/analyze?includeTextDetails=true
  response:
    body:
      string: ''
    headers:
      apim-request-id: 71dadc2e-5d44-4f37-b719-42cd9b7172b3
      content-length: '0'
      date: Fri, 30 Oct 2020 00:59:26 GMT
      operation-location: https://centraluseuap.api.cognitive.microsoft.com/formrecognizer/v2.1-preview.1/custom/models/4dbd71a2-7b70-48e4-a4fd-41190a0313c9/analyzeresults/27f64af5-26a3-46f9-8421-90cfd083ffb8
      strict-transport-security: max-age=31536000; includeSubDomains; preload
      x-content-type-options: nosniff
      x-envoy-upstream-service-time: '48'
    status:
      code: 202
      message: Accepted
    url: https://centraluseuap.api.cognitive.microsoft.com//formrecognizer/v2.1-preview.2/custom/models/4dbd71a2-7b70-48e4-a4fd-41190a0313c9/analyze?includeTextDetails=true
- request:
    body: null
    headers:
      User-Agent:
      - azsdk-python-ai-formrecognizer/3.1.0b1 Python/3.9.0 (Windows-10-10.0.19041-SP0)
    method: GET
    uri: https://centraluseuap.api.cognitive.microsoft.com/formrecognizer/v2.1-preview.1/custom/models/4dbd71a2-7b70-48e4-a4fd-41190a0313c9/analyzeresults/27f64af5-26a3-46f9-8421-90cfd083ffb8
  response:
    body:
      string: '{"status": "running", "createdDateTime": "2020-10-30T00:59:27Z", "lastUpdatedDateTime":
        "2020-10-30T00:59:28Z", "analyzeResult": null}'
    headers:
      apim-request-id: 877aa61c-a4b3-468f-84b3-8ae995335569
      content-length: '134'
      content-type: application/json; charset=utf-8
      date: Fri, 30 Oct 2020 00:59:32 GMT
      strict-transport-security: max-age=31536000; includeSubDomains; preload
      x-content-type-options: nosniff
      x-envoy-upstream-service-time: '20'
    status:
      code: 200
      message: OK
    url: https://centraluseuap.api.cognitive.microsoft.com/formrecognizer/v2.1-preview.1/custom/models/4dbd71a2-7b70-48e4-a4fd-41190a0313c9/analyzeresults/27f64af5-26a3-46f9-8421-90cfd083ffb8
- request:
    body: null
    headers:
      User-Agent:
      - azsdk-python-ai-formrecognizer/3.1.0b1 Python/3.9.0 (Windows-10-10.0.19041-SP0)
    method: GET
    uri: https://centraluseuap.api.cognitive.microsoft.com/formrecognizer/v2.1-preview.1/custom/models/4dbd71a2-7b70-48e4-a4fd-41190a0313c9/analyzeresults/27f64af5-26a3-46f9-8421-90cfd083ffb8
  response:
    body:
      string: '{"status": "succeeded", "createdDateTime": "2020-10-30T00:59:27Z",
        "lastUpdatedDateTime": "2020-10-30T00:59:33Z", "analyzeResult": {"version":
        "2.1.0", "readResults": [{"page": 1, "angle": 0, "width": 1700, "height":
        2200, "unit": "pixel", "lines": [{"text": "Purchase Order", "boundingBox":
        [137, 140, 351, 140, 351, 167, 137, 167], "words": [{"text": "Purchase", "boundingBox":
        [137, 140, 264, 140, 264, 167, 137, 167]}, {"text": "Order", "boundingBox":
        [269, 139, 351, 139, 351, 167, 269, 167]}]}, {"text": "Hero Limited", "boundingBox":
        [621, 206, 1075, 206, 1075, 266, 621, 266], "words": [{"text": "Hero", "boundingBox":
        [621, 208, 794, 208, 794, 266, 621, 266]}, {"text": "Limited", "boundingBox":
        [806, 205, 1075, 205, 1075, 266, 806, 266]}]}, {"text": "Purchase Order",
        "boundingBox": [1113, 322, 1554, 322, 1554, 369, 1113, 369], "words": [{"text":
        "Purchase", "boundingBox": [1113, 322, 1381, 322, 1381, 368, 1113, 368]},
        {"text": "Order", "boundingBox": [1390, 321, 1554, 321, 1554, 370, 1390, 370]}]},
        {"text": "Company Phone:", "boundingBox": [163, 352, 359, 352, 359, 378, 163,
        378], "words": [{"text": "Company", "boundingBox": [163, 353, 274, 353, 274,
        378, 163, 378]}, {"text": "Phone:", "boundingBox": [279, 351, 359, 351, 359,
        378, 279, 378]}]}, {"text": "555-348-6512", "boundingBox": [364, 351, 528,
        351, 528, 378, 364, 378], "words": [{"text": "555-348-6512", "boundingBox":
        [364, 351, 528, 351, 528, 378, 364, 378]}]}, {"text": "Website:", "boundingBox":
        [167, 394, 269, 394, 269, 417, 167, 417], "words": [{"text": "Website:", "boundingBox":
        [167, 394, 269, 394, 269, 417, 167, 417]}]}, {"text": "www.herolimited.com",
        "boundingBox": [273, 393, 531, 393, 531, 418, 273, 418], "words": [{"text":
        "www.herolimited.com", "boundingBox": [273, 393, 531, 393, 531, 418, 273,
        418]}]}, {"text": "Email:", "boundingBox": [165, 435, 237, 435, 237, 460,
        165, 460], "words": [{"text": "Email:", "boundingBox": [165, 435, 237, 435,
        237, 460, 165, 460]}]}, {"text": "Dated As:", "boundingBox": [1025, 421, 1160,
        421, 1160, 448, 1025, 448], "words": [{"text": "Dated", "boundingBox": [1025,
        421, 1108, 421, 1108, 448, 1025, 448]}, {"text": "As:", "boundingBox": [1114,
        420, 1160, 420, 1160, 448, 1114, 448]}]}, {"text": "12/20/2020", "boundingBox":
        [1165, 420, 1317, 420, 1317, 448, 1165, 448], "words": [{"text": "12/20/2020",
        "boundingBox": [1165, 420, 1317, 420, 1317, 448, 1165, 448]}]}, {"text": "Purchase
        Order #:", "boundingBox": [1023, 461, 1272, 461, 1272, 488, 1023, 488], "words":
        [{"text": "Purchase", "boundingBox": [1023, 461, 1152, 461, 1152, 488, 1023,
        488]}, {"text": "Order", "boundingBox": [1157, 461, 1238, 461, 1238, 489,
        1157, 489]}, {"text": "#:", "boundingBox": [1244, 461, 1272, 461, 1272, 489,
        1244, 489]}]}, {"text": "948284", "boundingBox": [1277, 461, 1376, 461, 1376,
        489, 1277, 489], "words": [{"text": "948284", "boundingBox": [1277, 461, 1376,
        461, 1376, 489, 1277, 489]}]}, {"text": "accounts@herolimited.com", "boundingBox":
        [164, 481, 479, 481, 479, 503, 164, 503], "words": [{"text": "accounts@herolimited.com",
        "boundingBox": [164, 481, 479, 481, 479, 503, 164, 503]}]}, {"text": "Shipped
        To", "boundingBox": [167, 547, 397, 547, 397, 592, 167, 592], "words": [{"text":
        "Shipped", "boundingBox": [167, 547, 333, 547, 333, 592, 167, 592]}, {"text":
        "To", "boundingBox": [342, 547, 397, 547, 397, 592, 342, 592]}]}, {"text":
        "Vendor Name:", "boundingBox": [160, 611, 344, 611, 344, 637, 160, 637], "words":
        [{"text": "Vendor", "boundingBox": [160, 611, 254, 611, 254, 637, 160, 637]},
        {"text": "Name:", "boundingBox": [259, 610, 344, 610, 344, 638, 259, 638]}]},
        {"text": "Hillary Swank", "boundingBox": [350, 609, 521, 609, 521, 639, 350,
        639], "words": [{"text": "Hillary", "boundingBox": [350, 609, 430, 609, 430,
        639, 350, 639]}, {"text": "Swank", "boundingBox": [435, 609, 521, 609, 521,
        639, 435, 639]}]}, {"text": "Company Name:", "boundingBox": [160, 648, 370,
        648, 370, 677, 160, 677], "words": [{"text": "Company", "boundingBox": [160,
        649, 280, 649, 280, 676, 160, 676]}, {"text": "Name:", "boundingBox": [286,
        647, 370, 647, 370, 678, 286, 678]}]}, {"text": "Higgly Wiggly Books", "boundingBox":
        [375, 646, 630, 646, 630, 679, 375, 679], "words": [{"text": "Higgly", "boundingBox":
        [375, 647, 455, 647, 455, 679, 375, 679]}, {"text": "Wiggly", "boundingBox":
        [461, 646, 546, 646, 546, 679, 461, 679]}, {"text": "Books", "boundingBox":
        [552, 646, 630, 646, 630, 678, 552, 678]}]}, {"text": "Address:", "boundingBox":
        [161, 685, 269, 685, 269, 711, 161, 711], "words": [{"text": "Address:", "boundingBox":
        [161, 685, 269, 685, 269, 711, 161, 711]}]}, {"text": "938 NE Burner Road",
        "boundingBox": [274, 685, 527, 685, 527, 713, 274, 713], "words": [{"text":
        "938", "boundingBox": [274, 685, 323, 685, 323, 712, 274, 712]}, {"text":
        "NE", "boundingBox": [329, 685, 364, 685, 364, 713, 329, 713]}, {"text": "Burner",
        "boundingBox": [370, 685, 455, 685, 455, 713, 370, 713]}, {"text": "Road",
        "boundingBox": [460, 685, 527, 685, 527, 713, 460, 713]}]}, {"text": "Boulder
        City, CO 92848", "boundingBox": [279, 722, 565, 722, 565, 751, 279, 751],
        "words": [{"text": "Boulder", "boundingBox": [279, 722, 371, 722, 371, 750,
        279, 750]}, {"text": "City,", "boundingBox": [377, 722, 433, 722, 433, 751,
        377, 751]}, {"text": "CO", "boundingBox": [439, 722, 477, 722, 477, 751, 439,
        751]}, {"text": "92848", "boundingBox": [482, 722, 565, 722, 565, 751, 482,
        751]}]}, {"text": "Phone:", "boundingBox": [613, 722, 702, 722, 702, 749,
        613, 749], "words": [{"text": "Phone:", "boundingBox": [613, 722, 702, 722,
        702, 749, 613, 749]}]}, {"text": "938-294-2949", "boundingBox": [708, 722,
        885, 722, 885, 749, 708, 749], "words": [{"text": "938-294-2949", "boundingBox":
        [708, 722, 885, 722, 885, 749, 708, 749]}]}, {"text": "Shipped From", "boundingBox":
        [167, 784, 448, 784, 448, 830, 167, 830], "words": [{"text": "Shipped", "boundingBox":
        [167, 784, 327, 784, 327, 830, 167, 830]}, {"text": "From", "boundingBox":
        [336, 785, 448, 785, 448, 830, 336, 830]}]}, {"text": "Name:", "boundingBox":
        [166, 853, 250, 853, 250, 879, 166, 879], "words": [{"text": "Name:", "boundingBox":
        [166, 853, 250, 853, 250, 879, 166, 879]}]}, {"text": "Bernie Sanders", "boundingBox":
        [255, 852, 446, 852, 446, 880, 255, 880], "words": [{"text": "Bernie", "boundingBox":
        [255, 852, 336, 852, 336, 879, 255, 879]}, {"text": "Sanders", "boundingBox":
        [341, 852, 446, 852, 446, 880, 341, 880]}]}, {"text": "Company Name:", "boundingBox":
        [164, 890, 374, 890, 374, 919, 164, 919], "words": [{"text": "Company", "boundingBox":
        [164, 890, 282, 890, 282, 919, 164, 919]}, {"text": "Name:", "boundingBox":
        [288, 890, 374, 890, 374, 919, 288, 919]}]}, {"text": "Jupiter Book Supply",
        "boundingBox": [380, 889, 629, 889, 629, 919, 380, 919], "words": [{"text":
        "Jupiter", "boundingBox": [380, 889, 467, 889, 467, 919, 380, 919]}, {"text":
        "Book", "boundingBox": [473, 889, 536, 889, 536, 919, 473, 919]}, {"text":
        "Supply", "boundingBox": [542, 889, 629, 889, 629, 920, 542, 920]}]}, {"text":
        "Address:", "boundingBox": [166, 926, 273, 926, 273, 953, 166, 953], "words":
        [{"text": "Address:", "boundingBox": [166, 926, 273, 926, 273, 953, 166, 953]}]},
        {"text": "383 N Kinnick Road", "boundingBox": [279, 926, 521, 926, 521, 953,
        279, 953], "words": [{"text": "383", "boundingBox": [279, 925, 327, 925, 327,
        953, 279, 953]}, {"text": "N", "boundingBox": [332, 926, 353, 926, 353, 953,
        332, 953]}, {"text": "Kinnick", "boundingBox": [358, 926, 448, 926, 448, 953,
        358, 953]}, {"text": "Road", "boundingBox": [453, 926, 521, 926, 521, 954,
        453, 954]}]}, {"text": "Seattle, WA 38383", "boundingBox": [281, 965, 514,
        965, 514, 991, 281, 991], "words": [{"text": "Seattle,", "boundingBox": [281,
        965, 377, 965, 377, 991, 281, 991]}, {"text": "WA", "boundingBox": [382, 964,
        429, 964, 429, 991, 382, 991]}, {"text": "38383", "boundingBox": [434, 964,
        514, 964, 514, 991, 434, 991]}]}, {"text": "Phone:", "boundingBox": [760,
        964, 849, 964, 849, 990, 760, 990], "words": [{"text": "Phone:", "boundingBox":
        [760, 964, 849, 964, 849, 990, 760, 990]}]}, {"text": "932-299-0292", "boundingBox":
        [855, 964, 1033, 964, 1033, 990, 855, 990], "words": [{"text": "932-299-0292",
        "boundingBox": [855, 964, 1033, 964, 1033, 990, 855, 990]}]}, {"text": "Details",
        "boundingBox": [447, 1048, 558, 1048, 558, 1078, 447, 1078], "words": [{"text":
        "Details", "boundingBox": [447, 1048, 558, 1048, 558, 1078, 447, 1078]}]},
        {"text": "Quantity", "boundingBox": [886, 1048, 1034, 1048, 1034, 1084, 886,
        1084], "words": [{"text": "Quantity", "boundingBox": [886, 1048, 1034, 1048,
        1034, 1084, 886, 1084]}]}, {"text": "Unit Price", "boundingBox": [1111, 1047,
        1269, 1047, 1269, 1078, 1111, 1078], "words": [{"text": "Unit", "boundingBox":
        [1111, 1047, 1181, 1047, 1181, 1078, 1111, 1078]}, {"text": "Price", "boundingBox":
        [1187, 1047, 1269, 1047, 1269, 1078, 1187, 1078]}]}, {"text": "Total", "boundingBox":
        [1383, 1047, 1467, 1047, 1467, 1077, 1383, 1077], "words": [{"text": "Total",
        "boundingBox": [1383, 1047, 1467, 1047, 1467, 1077, 1383, 1077]}]}, {"text":
        "Bindings", "boundingBox": [172, 1094, 280, 1094, 280, 1122, 172, 1122], "words":
        [{"text": "Bindings", "boundingBox": [172, 1094, 280, 1094, 280, 1122, 172,
        1122]}]}, {"text": "20", "boundingBox": [861, 1094, 892, 1094, 892, 1119,
        861, 1119], "words": [{"text": "20", "boundingBox": [861, 1094, 892, 1094,
        892, 1119, 861, 1119]}]}, {"text": "1.00", "boundingBox": [1241, 1095, 1293,
        1095, 1293, 1118, 1241, 1118], "words": [{"text": "1.00", "boundingBox": [1241,
        1095, 1293, 1095, 1293, 1118, 1241, 1118]}]}, {"text": "20.00", "boundingBox":
        [1458, 1096, 1531, 1096, 1531, 1119, 1458, 1119], "words": [{"text": "20.00",
        "boundingBox": [1458, 1096, 1531, 1096, 1531, 1119, 1458, 1119]}]}, {"text":
        "Covers Small", "boundingBox": [170, 1136, 333, 1136, 333, 1161, 170, 1161],
        "words": [{"text": "Covers", "boundingBox": [170, 1136, 254, 1136, 254, 1161,
        170, 1161]}, {"text": "Small", "boundingBox": [259, 1136, 333, 1136, 333,
        1161, 259, 1161]}]}, {"text": "20", "boundingBox": [861, 1135, 892, 1135,
        892, 1160, 861, 1160], "words": [{"text": "20", "boundingBox": [861, 1135,
        892, 1135, 892, 1160, 861, 1160]}]}, {"text": "1.00", "boundingBox": [1240,
        1135, 1294, 1135, 1294, 1160, 1240, 1160], "words": [{"text": "1.00", "boundingBox":
        [1240, 1135, 1294, 1135, 1294, 1160, 1240, 1160]}]}, {"text": "20.00", "boundingBox":
        [1458, 1135, 1529, 1135, 1529, 1160, 1458, 1160], "words": [{"text": "20.00",
        "boundingBox": [1458, 1135, 1529, 1135, 1529, 1160, 1458, 1160]}]}, {"text":
        "Feather Bookmark", "boundingBox": [173, 1179, 402, 1179, 402, 1206, 173,
        1206], "words": [{"text": "Feather", "boundingBox": [173, 1180, 266, 1180,
        266, 1206, 173, 1206]}, {"text": "Bookmark", "boundingBox": [271, 1179, 402,
        1179, 402, 1206, 271, 1206]}]}, {"text": "20", "boundingBox": [863, 1179,
        892, 1179, 892, 1204, 863, 1204], "words": [{"text": "20", "boundingBox":
        [863, 1179, 892, 1179, 892, 1204, 863, 1204]}]}, {"text": "5.00", "boundingBox":
        [1239, 1179, 1294, 1179, 1294, 1204, 1239, 1204], "words": [{"text": "5.00",
        "boundingBox": [1239, 1179, 1294, 1179, 1294, 1204, 1239, 1204]}]}, {"text":
        "100.00", "boundingBox": [1443, 1181, 1529, 1181, 1529, 1205, 1443, 1205],
        "words": [{"text": "100.00", "boundingBox": [1443, 1181, 1529, 1181, 1529,
        1205, 1443, 1205]}]}, {"text": "Copper Swirl Marker", "boundingBox": [170,
        1222, 429, 1222, 429, 1252, 170, 1252], "words": [{"text": "Copper", "boundingBox":
        [170, 1223, 259, 1223, 259, 1253, 170, 1253]}, {"text": "Swirl", "boundingBox":
        [265, 1222, 328, 1222, 328, 1252, 265, 1252]}, {"text": "Marker", "boundingBox":
        [334, 1222, 429, 1222, 429, 1251, 334, 1251]}]}, {"text": "20", "boundingBox":
        [860, 1223, 892, 1223, 892, 1247, 860, 1247], "words": [{"text": "20", "boundingBox":
        [860, 1223, 892, 1223, 892, 1247, 860, 1247]}]}, {"text": "5.00", "boundingBox":
        [1239, 1221, 1293, 1221, 1293, 1247, 1239, 1247], "words": [{"text": "5.00",
        "boundingBox": [1239, 1221, 1293, 1221, 1293, 1247, 1239, 1247]}]}, {"text":
        "100.00", "boundingBox": [1444, 1224, 1530, 1224, 1530, 1248, 1444, 1248],
        "words": [{"text": "100.00", "boundingBox": [1444, 1224, 1530, 1224, 1530,
        1248, 1444, 1248]}]}, {"text": "SUBTOTAL", "boundingBox": [1147, 1575, 1296,
        1575, 1296, 1600, 1147, 1600], "words": [{"text": "SUBTOTAL", "boundingBox":
        [1147, 1575, 1296, 1575, 1296, 1600, 1147, 1600]}]}, {"text": "$140.00", "boundingBox":
        [1426, 1571, 1529, 1571, 1529, 1599, 1426, 1599], "words": [{"text": "$140.00",
        "boundingBox": [1426, 1571, 1529, 1571, 1529, 1599, 1426, 1599]}]}, {"text":
        "TAX", "boundingBox": [1238, 1618, 1296, 1618, 1296, 1643, 1238, 1643], "words":
        [{"text": "TAX", "boundingBox": [1238, 1618, 1296, 1618, 1296, 1643, 1238,
        1643]}]}, {"text": "$4.00", "boundingBox": [1458, 1615, 1529, 1615, 1529,
        1643, 1458, 1643], "words": [{"text": "$4.00", "boundingBox": [1458, 1615,
        1529, 1615, 1529, 1643, 1458, 1643]}]}, {"text": "Bernie Sanders", "boundingBox":
        [489, 1671, 764, 1671, 764, 1706, 489, 1706], "words": [{"text": "Bernie",
        "boundingBox": [489, 1671, 609, 1671, 609, 1706, 489, 1706]}, {"text": "Sanders",
        "boundingBox": [616, 1671, 764, 1671, 764, 1706, 616, 1706]}]}, {"text": "TOTAL",
        "boundingBox": [1204, 1674, 1297, 1674, 1297, 1699, 1204, 1699], "words":
        [{"text": "TOTAL", "boundingBox": [1204, 1674, 1297, 1674, 1297, 1699, 1204,
        1699]}]}, {"text": "$144.00", "boundingBox": [1427, 1671, 1529, 1671, 1529,
        1698, 1427, 1698], "words": [{"text": "$144.00", "boundingBox": [1427, 1671,
        1529, 1671, 1529, 1698, 1427, 1698]}]}, {"text": "Bernie Sanders", "boundingBox":
        [542, 1719, 717, 1719, 717, 1742, 542, 1742], "words": [{"text": "Bernie",
        "boundingBox": [542, 1719, 617, 1719, 617, 1742, 542, 1742]}, {"text": "Sanders",
        "boundingBox": [621, 1719, 717, 1719, 717, 1742, 621, 1742]}]}, {"text": "Manager",
        "boundingBox": [577, 1754, 681, 1754, 681, 1776, 577, 1776], "words": [{"text":
        "Manager", "boundingBox": [577, 1754, 681, 1754, 681, 1776, 577, 1776]}]},
        {"text": "Additional Notes:", "boundingBox": [173, 1796, 479, 1796, 479, 1831,
        173, 1831], "words": [{"text": "Additional", "boundingBox": [173, 1796, 355,
        1796, 355, 1831, 173, 1831]}, {"text": "Notes:", "boundingBox": [361, 1796,
        479, 1796, 479, 1832, 361, 1832]}]}, {"text": "Do not Jostle Box. Unpack carefully.
        Enjoy.", "boundingBox": [175, 1880, 707, 1880, 707, 1909, 175, 1909], "words":
        [{"text": "Do", "boundingBox": [175, 1881, 205, 1881, 205, 1907, 175, 1907]},
        {"text": "not", "boundingBox": [210, 1881, 256, 1881, 256, 1907, 210, 1907]},
        {"text": "Jostle", "boundingBox": [261, 1880, 335, 1880, 335, 1908, 261, 1908]},
        {"text": "Box.", "boundingBox": [340, 1880, 401, 1880, 401, 1909, 340, 1909]},
        {"text": "Unpack", "boundingBox": [406, 1880, 500, 1880, 500, 1909, 406, 1909]},
        {"text": "carefully.", "boundingBox": [505, 1880, 623, 1880, 623, 1910, 505,
        1910]}, {"text": "Enjoy.", "boundingBox": [628, 1880, 707, 1880, 707, 1911,
        628, 1911]}]}, {"text": "Jupiter Book Supply will refund you 50% per book
        if returned within 60 days of reading and", "boundingBox": [169, 1924, 1511,
        1924, 1511, 1958, 169, 1958], "words": [{"text": "Jupiter", "boundingBox":
        [169, 1924, 270, 1924, 270, 1959, 169, 1959]}, {"text": "Book", "boundingBox":
        [277, 1924, 355, 1924, 355, 1959, 277, 1959]}, {"text": "Supply", "boundingBox":
        [361, 1924, 465, 1924, 465, 1958, 361, 1958]}, {"text": "will", "boundingBox":
        [472, 1924, 517, 1924, 517, 1958, 472, 1958]}, {"text": "refund", "boundingBox":
        [524, 1924, 625, 1924, 625, 1958, 524, 1958]}, {"text": "you", "boundingBox":
        [632, 1924, 687, 1924, 687, 1958, 632, 1958]}, {"text": "50%", "boundingBox":
        [694, 1924, 763, 1924, 763, 1958, 694, 1958]}, {"text": "per", "boundingBox":
        [770, 1924, 820, 1924, 820, 1958, 770, 1958]}, {"text": "book", "boundingBox":
        [827, 1924, 900, 1924, 900, 1958, 827, 1958]}, {"text": "if", "boundingBox":
        [907, 1924, 928, 1924, 928, 1958, 907, 1958]}, {"text": "returned", "boundingBox":
        [935, 1924, 1063, 1924, 1063, 1958, 935, 1958]}, {"text": "within", "boundingBox":
        [1070, 1924, 1157, 1924, 1157, 1958, 1070, 1958]}, {"text": "60", "boundingBox":
        [1164, 1924, 1203, 1924, 1203, 1958, 1164, 1958]}, {"text": "days", "boundingBox":
        [1210, 1924, 1284, 1924, 1284, 1958, 1210, 1958]}, {"text": "of", "boundingBox":
        [1290, 1924, 1318, 1924, 1318, 1958, 1290, 1958]}, {"text": "reading", "boundingBox":
        [1325, 1924, 1439, 1924, 1439, 1958, 1325, 1958]}, {"text": "and", "boundingBox":
        [1446, 1924, 1511, 1924, 1511, 1958, 1446, 1958]}]}, {"text": "offer you 25%
        off you next total purchase.", "boundingBox": [169, 1958, 786, 1958, 786,
        1992, 169, 1992], "words": [{"text": "offer", "boundingBox": [169, 1958, 235,
        1958, 235, 1991, 169, 1991]}, {"text": "you", "boundingBox": [242, 1958, 299,
        1958, 299, 1991, 242, 1991]}, {"text": "25%", "boundingBox": [306, 1958, 374,
        1958, 374, 1992, 306, 1992]}, {"text": "off", "boundingBox": [380, 1958, 421,
        1958, 421, 1992, 380, 1992]}, {"text": "you", "boundingBox": [427, 1958, 483,
        1958, 483, 1992, 427, 1992]}, {"text": "next", "boundingBox": [489, 1958,
        556, 1958, 556, 1992, 489, 1992]}, {"text": "total", "boundingBox": [562,
        1959, 628, 1959, 628, 1992, 562, 1992]}, {"text": "purchase.", "boundingBox":
        [635, 1959, 786, 1959, 786, 1991, 635, 1991]}]}]}], "pageResults": [{"page":
        1, "keyValuePairs": [{"key": {"text": "Company Phone:", "boundingBox": [163,
        352, 359, 352, 359, 378, 163, 378], "elements": ["#/readResults/0/lines/3/words/0",
        "#/readResults/0/lines/3/words/1"]}, "value": {"text": "555-348-6512", "boundingBox":
        [364, 351, 528, 351, 528, 378, 364, 378], "elements": ["#/readResults/0/lines/4/words/0"]},
        "confidence": 1.0}, {"key": {"text": "Website:", "boundingBox": [167, 394,
        269, 394, 269, 417, 167, 417], "elements": ["#/readResults/0/lines/5/words/0"]},
        "value": {"text": "www.herolimited.com", "boundingBox": [273, 393, 531, 393,
        531, 418, 273, 418], "elements": ["#/readResults/0/lines/6/words/0"]}, "confidence":
        1.0}, {"key": {"text": "Email:", "boundingBox": [165, 435, 237, 435, 237,
        460, 165, 460], "elements": ["#/readResults/0/lines/7/words/0"]}, "value":
        {"text": "accounts@herolimited.com", "boundingBox": [164, 481, 479, 481, 479,
        503, 164, 503], "elements": ["#/readResults/0/lines/12/words/0"]}, "confidence":
        1.0}, {"key": {"text": "Dated As:", "boundingBox": [1025, 421, 1160, 421,
        1160, 448, 1025, 448], "elements": ["#/readResults/0/lines/8/words/0", "#/readResults/0/lines/8/words/1"]},
        "value": {"text": "12/20/2020", "boundingBox": [1165, 420, 1317, 420, 1317,
        448, 1165, 448], "elements": ["#/readResults/0/lines/9/words/0"]}, "confidence":
        1.0}, {"key": {"text": "Purchase Order #:", "boundingBox": [1023, 461, 1272,
        461, 1272, 488, 1023, 488], "elements": ["#/readResults/0/lines/10/words/0",
        "#/readResults/0/lines/10/words/1", "#/readResults/0/lines/10/words/2"]},
        "value": {"text": "948284", "boundingBox": [1277, 461, 1376, 461, 1376, 489,
        1277, 489], "elements": ["#/readResults/0/lines/11/words/0"]}, "confidence":
        1.0}, {"key": {"text": "Vendor Name:", "boundingBox": [160, 611, 344, 611,
        344, 637, 160, 637], "elements": ["#/readResults/0/lines/14/words/0", "#/readResults/0/lines/14/words/1"]},
        "value": {"text": "Hillary Swank", "boundingBox": [350, 609, 521, 609, 521,
        639, 350, 639], "elements": ["#/readResults/0/lines/15/words/0", "#/readResults/0/lines/15/words/1"]},
        "confidence": 0.7}, {"key": {"text": "Company Name:", "boundingBox": [160,
        648, 370, 648, 370, 677, 160, 677], "elements": ["#/readResults/0/lines/16/words/0",
        "#/readResults/0/lines/16/words/1"]}, "value": {"text": "Higgly Wiggly Books",
        "boundingBox": [375, 646, 630, 646, 630, 679, 375, 679], "elements": ["#/readResults/0/lines/17/words/0",
        "#/readResults/0/lines/17/words/1", "#/readResults/0/lines/17/words/2"]},
        "confidence": 1.0}, {"key": {"text": "Address:", "boundingBox": [161, 685,
        269, 685, 269, 711, 161, 711], "elements": ["#/readResults/0/lines/18/words/0"]},
        "value": {"text": "938 NE Burner Road Boulder City, CO 92848", "boundingBox":
        [274, 685, 565, 685, 565, 751, 274, 751], "elements": ["#/readResults/0/lines/19/words/0",
        "#/readResults/0/lines/19/words/1", "#/readResults/0/lines/19/words/2", "#/readResults/0/lines/19/words/3",
        "#/readResults/0/lines/20/words/0", "#/readResults/0/lines/20/words/1", "#/readResults/0/lines/20/words/2",
        "#/readResults/0/lines/20/words/3"]}, "confidence": 1.0}, {"key": {"text":
        "Phone:", "boundingBox": [613, 722, 702, 722, 702, 749, 613, 749], "elements":
        ["#/readResults/0/lines/21/words/0"]}, "value": {"text": "938-294-2949", "boundingBox":
        [708, 722, 885, 722, 885, 749, 708, 749], "elements": ["#/readResults/0/lines/22/words/0"]},
        "confidence": 1.0}, {"key": {"text": "Name:", "boundingBox": [166, 853, 250,
        853, 250, 879, 166, 879], "elements": ["#/readResults/0/lines/24/words/0"]},
        "value": {"text": "Bernie Sanders", "boundingBox": [255, 852, 446, 852, 446,
        880, 255, 880], "elements": ["#/readResults/0/lines/25/words/0", "#/readResults/0/lines/25/words/1"]},
        "confidence": 0.53}, {"key": {"text": "Company Name:", "boundingBox": [164,
        890, 374, 890, 374, 919, 164, 919], "elements": ["#/readResults/0/lines/26/words/0",
        "#/readResults/0/lines/26/words/1"]}, "value": {"text": "Jupiter Book Supply",
        "boundingBox": [380, 889, 629, 889, 629, 919, 380, 919], "elements": ["#/readResults/0/lines/27/words/0",
        "#/readResults/0/lines/27/words/1", "#/readResults/0/lines/27/words/2"]},
        "confidence": 0.53}, {"key": {"text": "Address:", "boundingBox": [166, 926,
        273, 926, 273, 953, 166, 953], "elements": ["#/readResults/0/lines/28/words/0"]},
        "value": {"text": "383 N Kinnick Road Seattle, WA 38383", "boundingBox": [279,
        926, 521, 926, 521, 991, 279, 991], "elements": ["#/readResults/0/lines/29/words/0",
        "#/readResults/0/lines/29/words/1", "#/readResults/0/lines/29/words/2", "#/readResults/0/lines/29/words/3",
        "#/readResults/0/lines/30/words/0", "#/readResults/0/lines/30/words/1", "#/readResults/0/lines/30/words/2"]},
        "confidence": 1.0}, {"key": {"text": "Phone:", "boundingBox": [760, 964, 849,
        964, 849, 990, 760, 990], "elements": ["#/readResults/0/lines/31/words/0"]},
        "value": {"text": "932-299-0292", "boundingBox": [855, 964, 1033, 964, 1033,
        990, 855, 990], "elements": ["#/readResults/0/lines/32/words/0"]}, "confidence":
        1.0}, {"key": {"text": "SUBTOTAL", "boundingBox": [1147, 1575, 1296, 1575,
        1296, 1600, 1147, 1600], "elements": ["#/readResults/0/lines/53/words/0"]},
        "value": {"text": "$140.00", "boundingBox": [1426, 1571, 1529, 1571, 1529,
        1599, 1426, 1599], "elements": ["#/readResults/0/lines/54/words/0"]}, "confidence":
        1.0}, {"key": {"text": "TAX", "boundingBox": [1238, 1618, 1296, 1618, 1296,
        1643, 1238, 1643], "elements": ["#/readResults/0/lines/55/words/0"]}, "value":
        {"text": "$4.00", "boundingBox": [1458, 1615, 1529, 1615, 1529, 1643, 1458,
        1643], "elements": ["#/readResults/0/lines/56/words/0"]}, "confidence": 1.0},
        {"key": {"text": "TOTAL", "boundingBox": [1204, 1674, 1297, 1674, 1297, 1699,
        1204, 1699], "elements": ["#/readResults/0/lines/58/words/0"]}, "value": {"text":
        "$144.00", "boundingBox": [1427, 1671, 1529, 1671, 1529, 1698, 1427, 1698],
        "elements": ["#/readResults/0/lines/59/words/0"]}, "confidence": 1.0}, {"key":
        {"text": "Additional Notes:", "boundingBox": [173, 1796, 479, 1796, 479, 1831,
        173, 1831], "elements": ["#/readResults/0/lines/62/words/0", "#/readResults/0/lines/62/words/1"]},
        "value": {"text": "Do not Jostle Box. Unpack carefully. Enjoy. Jupiter Book
        Supply will refund you 50% per book if returned within 60 days of reading
        and offer you 25% off you next total purchase.", "boundingBox": [169, 1880,
        1511, 1880, 1511, 1992, 169, 1992], "elements": ["#/readResults/0/lines/63/words/0",
        "#/readResults/0/lines/63/words/1", "#/readResults/0/lines/63/words/2", "#/readResults/0/lines/63/words/3",
        "#/readResults/0/lines/63/words/4", "#/readResults/0/lines/63/words/5", "#/readResults/0/lines/63/words/6",
        "#/readResults/0/lines/64/words/0", "#/readResults/0/lines/64/words/1", "#/readResults/0/lines/64/words/2",
        "#/readResults/0/lines/64/words/3", "#/readResults/0/lines/64/words/4", "#/readResults/0/lines/64/words/5",
        "#/readResults/0/lines/64/words/6", "#/readResults/0/lines/64/words/7", "#/readResults/0/lines/64/words/8",
        "#/readResults/0/lines/64/words/9", "#/readResults/0/lines/64/words/10", "#/readResults/0/lines/64/words/11",
        "#/readResults/0/lines/64/words/12", "#/readResults/0/lines/64/words/13",
        "#/readResults/0/lines/64/words/14", "#/readResults/0/lines/64/words/15",
        "#/readResults/0/lines/64/words/16", "#/readResults/0/lines/65/words/0", "#/readResults/0/lines/65/words/1",
        "#/readResults/0/lines/65/words/2", "#/readResults/0/lines/65/words/3", "#/readResults/0/lines/65/words/4",
        "#/readResults/0/lines/65/words/5", "#/readResults/0/lines/65/words/6", "#/readResults/0/lines/65/words/7"]},
        "confidence": 0.53}], "tables": [{"rows": 5, "columns": 4, "cells": [{"text":
        "Details", "rowIndex": 0, "columnIndex": 0, "boundingBox": [447, 1048, 558,
        1048, 558, 1078, 447, 1078], "confidence": 1.0, "rowSpan": 1, "columnSpan":
        1, "elements": ["#/readResults/0/lines/33/words/0"], "isHeader": true, "isFooter":
        false}, {"text": "Quantity", "rowIndex": 0, "columnIndex": 1, "boundingBox":
        [886, 1048, 1034, 1048, 1034, 1084, 886, 1084], "confidence": 1.0, "rowSpan":
        1, "columnSpan": 1, "elements": ["#/readResults/0/lines/34/words/0"], "isHeader":
        true, "isFooter": false}, {"text": "Unit Price", "rowIndex": 0, "columnIndex":
        2, "boundingBox": [1111, 1047, 1269, 1047, 1269, 1078, 1111, 1078], "confidence":
        1.0, "rowSpan": 1, "columnSpan": 1, "elements": ["#/readResults/0/lines/35/words/0",
        "#/readResults/0/lines/35/words/1"], "isHeader": true, "isFooter": false},
        {"text": "Total", "rowIndex": 0, "columnIndex": 3, "boundingBox": [1383, 1047,
        1467, 1047, 1467, 1077, 1383, 1077], "confidence": 1.0, "rowSpan": 1, "columnSpan":
        1, "elements": ["#/readResults/0/lines/36/words/0"], "isHeader": true, "isFooter":
        false}, {"text": "Bindings", "rowIndex": 1, "columnIndex": 0, "boundingBox":
        [172, 1094, 280, 1094, 280, 1122, 172, 1122], "confidence": 1.0, "rowSpan":
        1, "columnSpan": 1, "elements": ["#/readResults/0/lines/37/words/0"], "isHeader":
        false, "isFooter": false}, {"text": "20", "rowIndex": 1, "columnIndex": 1,
        "boundingBox": [861, 1094, 892, 1094, 892, 1119, 861, 1119], "confidence":
        1.0, "rowSpan": 1, "columnSpan": 1, "elements": ["#/readResults/0/lines/38/words/0"],
        "isHeader": false, "isFooter": false}, {"text": "1.00", "rowIndex": 1, "columnIndex":
        2, "boundingBox": [1241, 1095, 1293, 1095, 1293, 1118, 1241, 1118], "confidence":
        1.0, "rowSpan": 1, "columnSpan": 1, "elements": ["#/readResults/0/lines/39/words/0"],
        "isHeader": false, "isFooter": false}, {"text": "20.00", "rowIndex": 1, "columnIndex":
        3, "boundingBox": [1458, 1096, 1531, 1096, 1531, 1119, 1458, 1119], "confidence":
        1.0, "rowSpan": 1, "columnSpan": 1, "elements": ["#/readResults/0/lines/40/words/0"],
        "isHeader": false, "isFooter": false}, {"text": "Covers Small", "rowIndex":
        2, "columnIndex": 0, "boundingBox": [170, 1136, 333, 1136, 333, 1161, 170,
        1161], "confidence": 1.0, "rowSpan": 1, "columnSpan": 1, "elements": ["#/readResults/0/lines/41/words/0",
        "#/readResults/0/lines/41/words/1"], "isHeader": false, "isFooter": false},
        {"text": "20", "rowIndex": 2, "columnIndex": 1, "boundingBox": [861, 1135,
        892, 1135, 892, 1160, 861, 1160], "confidence": 1.0, "rowSpan": 1, "columnSpan":
        1, "elements": ["#/readResults/0/lines/42/words/0"], "isHeader": false, "isFooter":
        false}, {"text": "1.00", "rowIndex": 2, "columnIndex": 2, "boundingBox": [1240,
        1135, 1294, 1135, 1294, 1160, 1240, 1160], "confidence": 1.0, "rowSpan": 1,
        "columnSpan": 1, "elements": ["#/readResults/0/lines/43/words/0"], "isHeader":
        false, "isFooter": false}, {"text": "20.00", "rowIndex": 2, "columnIndex":
        3, "boundingBox": [1458, 1135, 1529, 1135, 1529, 1160, 1458, 1160], "confidence":
        1.0, "rowSpan": 1, "columnSpan": 1, "elements": ["#/readResults/0/lines/44/words/0"],
        "isHeader": false, "isFooter": false}, {"text": "Feather Bookmark", "rowIndex":
        3, "columnIndex": 0, "boundingBox": [173, 1179, 402, 1179, 402, 1206, 173,
        1206], "confidence": 1.0, "rowSpan": 1, "columnSpan": 1, "elements": ["#/readResults/0/lines/45/words/0",
        "#/readResults/0/lines/45/words/1"], "isHeader": false, "isFooter": false},
        {"text": "20", "rowIndex": 3, "columnIndex": 1, "boundingBox": [863, 1179,
        892, 1179, 892, 1204, 863, 1204], "confidence": 1.0, "rowSpan": 1, "columnSpan":
        1, "elements": ["#/readResults/0/lines/46/words/0"], "isHeader": false, "isFooter":
        false}, {"text": "5.00", "rowIndex": 3, "columnIndex": 2, "boundingBox": [1239,
        1179, 1294, 1179, 1294, 1204, 1239, 1204], "confidence": 1.0, "rowSpan": 1,
        "columnSpan": 1, "elements": ["#/readResults/0/lines/47/words/0"], "isHeader":
        false, "isFooter": false}, {"text": "100.00", "rowIndex": 3, "columnIndex":
        3, "boundingBox": [1443, 1181, 1529, 1181, 1529, 1205, 1443, 1205], "confidence":
        1.0, "rowSpan": 1, "columnSpan": 1, "elements": ["#/readResults/0/lines/48/words/0"],
        "isHeader": false, "isFooter": false}, {"text": "Copper Swirl Marker", "rowIndex":
        4, "columnIndex": 0, "boundingBox": [170, 1222, 429, 1222, 429, 1252, 170,
        1252], "confidence": 1.0, "rowSpan": 1, "columnSpan": 1, "elements": ["#/readResults/0/lines/49/words/0",
        "#/readResults/0/lines/49/words/1", "#/readResults/0/lines/49/words/2"], "isHeader":
        false, "isFooter": false}, {"text": "20", "rowIndex": 4, "columnIndex": 1,
        "boundingBox": [860, 1223, 892, 1223, 892, 1247, 860, 1247], "confidence":
        1.0, "rowSpan": 1, "columnSpan": 1, "elements": ["#/readResults/0/lines/50/words/0"],
        "isHeader": false, "isFooter": false}, {"text": "5.00", "rowIndex": 4, "columnIndex":
        2, "boundingBox": [1239, 1221, 1293, 1221, 1293, 1247, 1239, 1247], "confidence":
        1.0, "rowSpan": 1, "columnSpan": 1, "elements": ["#/readResults/0/lines/51/words/0"],
        "isHeader": false, "isFooter": false}, {"text": "100.00", "rowIndex": 4, "columnIndex":
        3, "boundingBox": [1444, 1224, 1530, 1224, 1530, 1248, 1444, 1248], "confidence":
        1.0, "rowSpan": 1, "columnSpan": 1, "elements": ["#/readResults/0/lines/52/words/0"],
        "isHeader": false, "isFooter": false}]}], "clusterId": 0}], "documentResults":
        [], "errors": []}}'
    headers:
      apim-request-id: 522415ee-5fb8-4bf3-ae59-0369b5f25f95
      content-length: '30161'
      content-type: application/json; charset=utf-8
      date: Fri, 30 Oct 2020 00:59:37 GMT
      strict-transport-security: max-age=31536000; includeSubDomains; preload
      x-content-type-options: nosniff
      x-envoy-upstream-service-time: '23'
    status:
      code: 200
      message: OK
    url: https://centraluseuap.api.cognitive.microsoft.com/formrecognizer/v2.1-preview.1/custom/models/4dbd71a2-7b70-48e4-a4fd-41190a0313c9/analyzeresults/27f64af5-26a3-46f9-8421-90cfd083ffb8
version: 1
