interactions:
- request:
    body: 'b''b\''{"source": "containersasurl", "sourceFilter": {"prefix": "", "includeSubFolders":
      false}, "useLabelFile": false}\'''''
    headers:
      Accept:
      - '*/*'
      Accept-Encoding:
      - gzip, deflate
      Connection:
      - keep-alive
      Content-Length:
      - '301'
      Content-Type:
      - application/json
      User-Agent:
      - azsdk-python-ai-formrecognizer/1.0.0b5 Python/3.7.3 (Windows-10-10.0.18362-SP0)
    method: POST
    uri: https://centraluseuap.api.cognitive.microsoft.com/formrecognizer/v2.0/custom/models
  response:
    body:
      string: ''
    headers:
      apim-request-id:
      - 1f3df006-29ce-4e84-b4d2-fc55d1cddaa5
      content-length:
      - '0'
      date:
      - Fri, 10 Jul 2020 18:47:49 GMT
      location:
      - https://centraluseuap.api.cognitive.microsoft.com/formrecognizer/v2.0/custom/models/c9482a24-63fa-43ee-b8f5-15bc49cdabf7
      strict-transport-security:
      - max-age=31536000; includeSubDomains; preload
      x-content-type-options:
      - nosniff
      x-envoy-upstream-service-time:
      - '64'
    status:
      code: 201
      message: Created
- request:
    body: null
    headers:
      Accept:
      - '*/*'
      Accept-Encoding:
      - gzip, deflate
      Connection:
      - keep-alive
      User-Agent:
      - azsdk-python-ai-formrecognizer/1.0.0b5 Python/3.7.3 (Windows-10-10.0.18362-SP0)
    method: GET
    uri: https://centraluseuap.api.cognitive.microsoft.com/formrecognizer/v2.0/custom/models/c9482a24-63fa-43ee-b8f5-15bc49cdabf7?includeKeys=true
  response:
    body:
      string: '{"modelInfo": {"modelId": "c9482a24-63fa-43ee-b8f5-15bc49cdabf7", "status":
        "creating", "createdDateTime": "2020-07-10T18:47:50Z", "lastUpdatedDateTime":
        "2020-07-10T18:47:50Z"}}'
    headers:
      apim-request-id:
      - 4711a71d-7ebf-4115-ad36-97274de35fdb
      content-type:
      - application/json; charset=utf-8
      date:
      - Fri, 10 Jul 2020 18:47:57 GMT
      strict-transport-security:
      - max-age=31536000; includeSubDomains; preload
      transfer-encoding:
      - chunked
      x-content-type-options:
      - nosniff
      x-envoy-upstream-service-time:
      - '1708'
    status:
      code: 200
      message: OK
- request:
    body: null
    headers:
      Accept:
      - '*/*'
      Accept-Encoding:
      - gzip, deflate
      Connection:
      - keep-alive
      User-Agent:
      - azsdk-python-ai-formrecognizer/1.0.0b5 Python/3.7.3 (Windows-10-10.0.18362-SP0)
    method: GET
    uri: https://centraluseuap.api.cognitive.microsoft.com/formrecognizer/v2.0/custom/models/c9482a24-63fa-43ee-b8f5-15bc49cdabf7?includeKeys=true
  response:
    body:
      string: '{"modelInfo": {"modelId": "c9482a24-63fa-43ee-b8f5-15bc49cdabf7", "status":
        "creating", "createdDateTime": "2020-07-10T18:47:50Z", "lastUpdatedDateTime":
        "2020-07-10T18:47:50Z"}}'
    headers:
      apim-request-id:
      - 5f7f922f-6f24-46d7-ac61-ac9c4da435d1
      content-type:
      - application/json; charset=utf-8
      date:
      - Fri, 10 Jul 2020 18:48:01 GMT
      strict-transport-security:
      - max-age=31536000; includeSubDomains; preload
      transfer-encoding:
      - chunked
      x-content-type-options:
      - nosniff
      x-envoy-upstream-service-time:
      - '20'
    status:
      code: 200
      message: OK
- request:
    body: null
    headers:
      Accept:
      - '*/*'
      Accept-Encoding:
      - gzip, deflate
      Connection:
      - keep-alive
      User-Agent:
      - azsdk-python-ai-formrecognizer/1.0.0b5 Python/3.7.3 (Windows-10-10.0.18362-SP0)
    method: GET
    uri: https://centraluseuap.api.cognitive.microsoft.com/formrecognizer/v2.0/custom/models/c9482a24-63fa-43ee-b8f5-15bc49cdabf7?includeKeys=true
  response:
    body:
      string: '{"modelInfo": {"modelId": "c9482a24-63fa-43ee-b8f5-15bc49cdabf7", "status":
        "ready", "createdDateTime": "2020-07-10T18:47:50Z", "lastUpdatedDateTime":
        "2020-07-10T18:48:04Z"}, "keys": {"clusters": {"0": ["Address:", "Invoice
        For:", "Item", "Price", "Quantity", "Redmond, WA", "Signature:", "Subtotal:",
        "Tax:", "Tip:", "Total:"]}}, "trainResult": {"trainingDocuments": [{"documentName":
        "multipage_invoice1.pdf", "pages": 3, "errors": [], "status": "succeeded"},
        {"documentName": "multipage_invoice2.pdf", "pages": 3, "errors": [], "status":
        "succeeded"}, {"documentName": "multipage_invoice3.pdf", "pages": 3, "errors":
        [], "status": "succeeded"}, {"documentName": "multipage_invoice4.pdf", "pages":
        3, "errors": [], "status": "succeeded"}, {"documentName": "multipage_invoice5.pdf",
        "pages": 3, "errors": [], "status": "succeeded"}], "errors": []}}'
    headers:
      apim-request-id:
      - f35a4d3a-7cfc-4f8c-8af7-8066569a4afc
      content-type:
      - application/json; charset=utf-8
      date:
      - Fri, 10 Jul 2020 18:48:07 GMT
      strict-transport-security:
      - max-age=31536000; includeSubDomains; preload
      transfer-encoding:
      - chunked
      x-content-type-options:
      - nosniff
      x-envoy-upstream-service-time:
      - '18'
    status:
      code: 200
      message: OK
- request:
    body: 'b''b\''{"source": "blob_sas_url"}\'''''
    headers:
      Accept:
      - '*/*'
      Accept-Encoding:
      - gzip, deflate
      Connection:
      - keep-alive
      Content-Length:
      - '241'
      Content-Type:
      - application/json
      User-Agent:
      - azsdk-python-ai-formrecognizer/1.0.0b5 Python/3.7.3 (Windows-10-10.0.18362-SP0)
    method: POST
    uri: https://centraluseuap.api.cognitive.microsoft.com/formrecognizer/v2.0/custom/models/c9482a24-63fa-43ee-b8f5-15bc49cdabf7/analyze?includeTextDetails=false
  response:
    body:
      string: ''
    headers:
      apim-request-id:
      - f91849b7-49ac-49c4-8a16-279966598a53
      content-length:
      - '0'
      date:
      - Fri, 10 Jul 2020 18:48:07 GMT
      operation-location:
      - https://centraluseuap.api.cognitive.microsoft.com/formrecognizer/v2.0/custom/models/c9482a24-63fa-43ee-b8f5-15bc49cdabf7/analyzeresults/aa4c0783-80b4-411d-a5ce-9c8f32b6ec09
      strict-transport-security:
      - max-age=31536000; includeSubDomains; preload
      x-content-type-options:
      - nosniff
      x-envoy-upstream-service-time:
      - '187'
    status:
      code: 202
      message: Accepted
- request:
    body: null
    headers:
      Accept:
      - '*/*'
      Accept-Encoding:
      - gzip, deflate
      Connection:
      - keep-alive
      User-Agent:
      - azsdk-python-ai-formrecognizer/1.0.0b5 Python/3.7.3 (Windows-10-10.0.18362-SP0)
    method: GET
    uri: https://centraluseuap.api.cognitive.microsoft.com/formrecognizer/v2.0/custom/models/c9482a24-63fa-43ee-b8f5-15bc49cdabf7/analyzeresults/aa4c0783-80b4-411d-a5ce-9c8f32b6ec09
  response:
    body:
      string: '{"status": "running", "createdDateTime": "2020-07-10T18:48:07Z", "lastUpdatedDateTime":
        "2020-07-10T18:48:10Z", "analyzeResult": null}'
    headers:
      apim-request-id:
      - f49e9519-ad79-45bc-ad4a-1c7e98d5990e
      content-length:
      - '134'
      content-type:
      - application/json; charset=utf-8
      date:
      - Fri, 10 Jul 2020 18:48:12 GMT
      strict-transport-security:
      - max-age=31536000; includeSubDomains; preload
      x-content-type-options:
      - nosniff
      x-envoy-upstream-service-time:
      - '21'
    status:
      code: 200
      message: OK
- request:
    body: null
    headers:
      Accept:
      - '*/*'
      Accept-Encoding:
      - gzip, deflate
      Connection:
      - keep-alive
      User-Agent:
      - azsdk-python-ai-formrecognizer/1.0.0b5 Python/3.7.3 (Windows-10-10.0.18362-SP0)
    method: GET
    uri: https://centraluseuap.api.cognitive.microsoft.com/formrecognizer/v2.0/custom/models/c9482a24-63fa-43ee-b8f5-15bc49cdabf7/analyzeresults/aa4c0783-80b4-411d-a5ce-9c8f32b6ec09
  response:
    body:
      string: '{"status": "running", "createdDateTime": "2020-07-10T18:48:07Z", "lastUpdatedDateTime":
        "2020-07-10T18:48:10Z", "analyzeResult": null}'
    headers:
      apim-request-id:
      - 2a2cfabf-6e97-4ec4-beaa-cb4677fc1263
      content-length:
      - '134'
      content-type:
      - application/json; charset=utf-8
      date:
      - Fri, 10 Jul 2020 18:48:17 GMT
      strict-transport-security:
      - max-age=31536000; includeSubDomains; preload
      x-content-type-options:
      - nosniff
      x-envoy-upstream-service-time:
      - '19'
    status:
      code: 200
      message: OK
- request:
    body: null
    headers:
      Accept:
      - '*/*'
      Accept-Encoding:
      - gzip, deflate
      Connection:
      - keep-alive
      User-Agent:
      - azsdk-python-ai-formrecognizer/1.0.0b5 Python/3.7.3 (Windows-10-10.0.18362-SP0)
    method: GET
    uri: https://centraluseuap.api.cognitive.microsoft.com/formrecognizer/v2.0/custom/models/c9482a24-63fa-43ee-b8f5-15bc49cdabf7/analyzeresults/aa4c0783-80b4-411d-a5ce-9c8f32b6ec09
  response:
    body:
      string: '{"status": "running", "createdDateTime": "2020-07-10T18:48:07Z", "lastUpdatedDateTime":
        "2020-07-10T18:48:10Z", "analyzeResult": null}'
    headers:
      apim-request-id:
      - bf4c3b48-72fb-4791-8a84-87dbba698b57
      content-length:
      - '134'
      content-type:
      - application/json; charset=utf-8
      date:
      - Fri, 10 Jul 2020 18:48:23 GMT
      strict-transport-security:
      - max-age=31536000; includeSubDomains; preload
      x-content-type-options:
      - nosniff
      x-envoy-upstream-service-time:
      - '19'
    status:
      code: 200
      message: OK
- request:
    body: null
    headers:
      Accept:
      - '*/*'
      Accept-Encoding:
      - gzip, deflate
      Connection:
      - keep-alive
      User-Agent:
      - azsdk-python-ai-formrecognizer/1.0.0b5 Python/3.7.3 (Windows-10-10.0.18362-SP0)
    method: GET
    uri: https://centraluseuap.api.cognitive.microsoft.com/formrecognizer/v2.0/custom/models/c9482a24-63fa-43ee-b8f5-15bc49cdabf7/analyzeresults/aa4c0783-80b4-411d-a5ce-9c8f32b6ec09
  response:
    body:
      string: '{"status": "running", "createdDateTime": "2020-07-10T18:48:07Z", "lastUpdatedDateTime":
        "2020-07-10T18:48:10Z", "analyzeResult": null}'
    headers:
      apim-request-id:
      - 3334b77a-91b3-414d-8037-8854807fbad7
      content-length:
      - '134'
      content-type:
      - application/json; charset=utf-8
      date:
      - Fri, 10 Jul 2020 18:48:28 GMT
      strict-transport-security:
      - max-age=31536000; includeSubDomains; preload
      x-content-type-options:
      - nosniff
      x-envoy-upstream-service-time:
      - '18'
    status:
      code: 200
      message: OK
- request:
    body: null
    headers:
      Accept:
      - '*/*'
      Accept-Encoding:
      - gzip, deflate
      Connection:
      - keep-alive
      User-Agent:
      - azsdk-python-ai-formrecognizer/1.0.0b5 Python/3.7.3 (Windows-10-10.0.18362-SP0)
    method: GET
    uri: https://centraluseuap.api.cognitive.microsoft.com/formrecognizer/v2.0/custom/models/c9482a24-63fa-43ee-b8f5-15bc49cdabf7/analyzeresults/aa4c0783-80b4-411d-a5ce-9c8f32b6ec09
  response:
    body:
      string: '{"status": "succeeded", "createdDateTime": "2020-07-10T18:48:07Z",
        "lastUpdatedDateTime": "2020-07-10T18:48:14Z", "analyzeResult": {"version":
        "2.0.0", "readResults": [{"page": 1, "angle": 0, "width": 8.5, "height": 11.0,
        "unit": "inch", "lines": []}, {"page": 2, "angle": 0, "width": 8.5, "height":
        11.0, "unit": "inch", "lines": []}, {"page": 3, "angle": 0, "width": 8.5,
        "height": 11.0, "unit": "inch", "lines": []}], "pageResults": [{"page": 1,
        "keyValuePairs": [{"key": {"text": "Invoice For:", "boundingBox": [6.0028,
        1.0431, 7.0528, 1.0431, 7.0528, 1.2667, 6.0028, 1.2667], "elements": null},
        "value": {"text": "Bilbo Baggins 123 Hobbit Lane", "boundingBox": [6.0028,
        1.4389, 7.1083, 1.4389, 7.1083, 1.8264, 6.0028, 1.8264], "elements": null},
        "confidence": 1.0}, {"key": {"text": "Address:", "boundingBox": [0.8764, 1.4681,
        1.5778, 1.4681, 1.5778, 1.6625, 0.8764, 1.6625], "elements": null}, "value":
        {"text": "567 Main St.", "boundingBox": [0.8764, 1.8292, 1.725, 1.8292, 1.725,
        1.9958, 0.8764, 1.9958], "elements": null}, "confidence": 1.0}, {"key": {"text":
        "Redmond, WA", "boundingBox": [6.0028, 1.8792, 6.9819, 1.8792, 6.9819, 2.0458,
        6.0028, 2.0458], "elements": null}, "value": {"text": "555-555-5555", "boundingBox":
        [6.0028, 2.0986, 6.9472, 2.0986, 6.9472, 2.2653, 6.0028, 2.2653], "elements":
        null}, "confidence": 1.0}, {"key": {"text": "Redmond, WA", "boundingBox":
        [0.8764, 2.0486, 1.8569, 2.0486, 1.8569, 2.2153, 0.8764, 2.2153], "elements":
        null}, "value": {"text": "555-555-5555", "boundingBox": [0.8764, 2.2694, 1.8222,
        2.2694, 1.8222, 2.4361, 0.8764, 2.4361], "elements": null}, "confidence":
        0.29}, {"key": {"text": "Subtotal:", "boundingBox": [5.5028, 4.8861, 6.1347,
        4.8861, 6.1347, 5.0528, 5.5028, 5.0528], "elements": null}, "value": {"text":
        "300.00", "boundingBox": [6.1722, 4.8861, 6.6361, 4.8861, 6.6361, 5.0528,
        6.1722, 5.0528], "elements": null}, "confidence": 1.0}, {"key": {"text": "Tax:",
        "boundingBox": [5.5028, 5.1069, 5.7917, 5.1069, 5.7917, 5.2736, 5.5028, 5.2736],
        "elements": null}, "value": {"text": "30.00", "boundingBox": [5.8292, 5.1069,
        6.2069, 5.1069, 6.2069, 5.2736, 5.8292, 5.2736], "elements": null}, "confidence":
        1.0}, {"key": {"text": "Tip:", "boundingBox": [5.5028, 5.3264, 5.7611, 5.3264,
        5.7611, 5.4931, 5.5028, 5.4931], "elements": null}, "value": {"text": "100.00",
        "boundingBox": [5.7986, 5.3264, 6.2639, 5.3264, 6.2639, 5.4931, 5.7986, 5.4931],
        "elements": null}, "confidence": 1.0}, {"key": {"text": "Total:", "boundingBox":
        [5.5028, 5.5472, 5.9014, 5.5472, 5.9014, 5.7139, 5.5028, 5.7139], "elements":
        null}, "value": {"text": "430.00", "boundingBox": [5.9389, 5.5472, 6.4028,
        5.5472, 6.4028, 5.7139, 5.9389, 5.7139], "elements": null}, "confidence":
        1.0}, {"key": {"text": "Signature:", "boundingBox": [1.0, 6.6431, 1.7083,
        6.6431, 1.7083, 6.8097, 1.0, 6.8097], "elements": null}, "value": {"text":
        "____Bilbo Baggins__________", "boundingBox": [1.7472, 6.6431, 3.8333, 6.6431,
        3.8333, 6.8097, 1.7472, 6.8097], "elements": null}, "confidence": 1.0}, {"key":
        {"text": "__Tokens__1", "boundingBox": null, "elements": null}, "value": {"text":
        "Company A Invoice", "boundingBox": [0.8764, 1.1014, 2.3875, 1.1014, 2.3875,
        1.2958, 0.8764, 1.2958], "elements": null}, "confidence": 1.0}], "tables":
        [{"rows": 8, "columns": 3, "cells": [{"text": "Item", "rowIndex": 0, "columnIndex":
        0, "boundingBox": [1.0806, 2.9833, 1.3958, 2.9833, 1.3958, 3.15, 1.0806, 3.15],
        "confidence": 1.0, "rowSpan": 1, "columnSpan": 1, "elements": null, "isHeader":
        true, "isFooter": false}, {"text": "Quantity", "rowIndex": 0, "columnIndex":
        1, "boundingBox": [3.2444, 2.9833, 3.8389, 2.9833, 3.8389, 3.15, 3.2444, 3.15],
        "confidence": 1.0, "rowSpan": 1, "columnSpan": 1, "elements": null, "isHeader":
        true, "isFooter": false}, {"text": "Price", "rowIndex": 0, "columnIndex":
        2, "boundingBox": [5.4083, 2.9833, 5.7458, 2.9833, 5.7458, 3.15, 5.4083, 3.15],
        "confidence": 1.0, "rowSpan": 1, "columnSpan": 1, "elements": null, "isHeader":
        true, "isFooter": false}, {"text": "A", "rowIndex": 1, "columnIndex": 0, "boundingBox":
        [1.0806, 3.1931, 1.1764, 3.1931, 1.1764, 3.3597, 1.0806, 3.3597], "confidence":
        1.0, "rowSpan": 1, "columnSpan": 1, "elements": null, "isHeader": false, "isFooter":
        false}, {"text": "1", "rowIndex": 1, "columnIndex": 1, "boundingBox": [3.2444,
        3.1931, 3.3292, 3.1931, 3.3292, 3.3597, 3.2444, 3.3597], "confidence": 1.0,
        "rowSpan": 1, "columnSpan": 1, "elements": null, "isHeader": false, "isFooter":
        false}, {"text": "10.99", "rowIndex": 1, "columnIndex": 2, "boundingBox":
        [5.4083, 3.1931, 5.7875, 3.1931, 5.7875, 3.3597, 5.4083, 3.3597], "confidence":
        1.0, "rowSpan": 1, "columnSpan": 1, "elements": null, "isHeader": false, "isFooter":
        false}, {"text": "B", "rowIndex": 2, "columnIndex": 0, "boundingBox": [1.0806,
        3.4056, 1.1708, 3.4056, 1.1708, 3.5722, 1.0806, 3.5722], "confidence": 1.0,
        "rowSpan": 1, "columnSpan": 1, "elements": null, "isHeader": false, "isFooter":
        false}, {"text": "2", "rowIndex": 2, "columnIndex": 1, "boundingBox": [3.2444,
        3.4056, 3.3292, 3.4056, 3.3292, 3.5722, 3.2444, 3.5722], "confidence": 1.0,
        "rowSpan": 1, "columnSpan": 1, "elements": null, "isHeader": false, "isFooter":
        false}, {"text": "14.67", "rowIndex": 2, "columnIndex": 2, "boundingBox":
        [5.4083, 3.4056, 5.7861, 3.4056, 5.7861, 3.5722, 5.4083, 3.5722], "confidence":
        1.0, "rowSpan": 1, "columnSpan": 1, "elements": null, "isHeader": false, "isFooter":
        false}, {"text": "C", "rowIndex": 3, "columnIndex": 0, "boundingBox": [1.0806,
        3.6167, 1.1694, 3.6167, 1.1694, 3.7833, 1.0806, 3.7833], "confidence": 1.0,
        "rowSpan": 1, "columnSpan": 1, "elements": null, "isHeader": false, "isFooter":
        false}, {"text": "4", "rowIndex": 3, "columnIndex": 1, "boundingBox": [3.2444,
        3.6167, 3.3292, 3.6167, 3.3292, 3.7833, 3.2444, 3.7833], "confidence": 1.0,
        "rowSpan": 1, "columnSpan": 1, "elements": null, "isHeader": false, "isFooter":
        false}, {"text": "15.66", "rowIndex": 3, "columnIndex": 2, "boundingBox":
        [5.4083, 3.6167, 5.7861, 3.6167, 5.7861, 3.7833, 5.4083, 3.7833], "confidence":
        1.0, "rowSpan": 1, "columnSpan": 1, "elements": null, "isHeader": false, "isFooter":
        false}, {"text": "D", "rowIndex": 4, "columnIndex": 0, "boundingBox": [1.0806,
        3.8264, 1.1833, 3.8264, 1.1833, 3.9931, 1.0806, 3.9931], "confidence": 1.0,
        "rowSpan": 1, "columnSpan": 1, "elements": null, "isHeader": false, "isFooter":
        false}, {"text": "1", "rowIndex": 4, "columnIndex": 1, "boundingBox": [3.2444,
        3.8264, 3.3292, 3.8264, 3.3292, 3.9931, 3.2444, 3.9931], "confidence": 1.0,
        "rowSpan": 1, "columnSpan": 1, "elements": null, "isHeader": false, "isFooter":
        false}, {"text": "12.00", "rowIndex": 4, "columnIndex": 2, "boundingBox":
        [5.4083, 3.8264, 5.7861, 3.8264, 5.7861, 3.9931, 5.4083, 3.9931], "confidence":
        1.0, "rowSpan": 1, "columnSpan": 1, "elements": null, "isHeader": false, "isFooter":
        false}, {"text": "E", "rowIndex": 5, "columnIndex": 0, "boundingBox": [1.0806,
        4.0361, 1.1611, 4.0361, 1.1611, 4.2028, 1.0806, 4.2028], "confidence": 1.0,
        "rowSpan": 1, "columnSpan": 1, "elements": null, "isHeader": false, "isFooter":
        false}, {"text": "4", "rowIndex": 5, "columnIndex": 1, "boundingBox": [3.2444,
        4.0361, 3.3292, 4.0361, 3.3292, 4.2028, 3.2444, 4.2028], "confidence": 1.0,
        "rowSpan": 1, "columnSpan": 1, "elements": null, "isHeader": false, "isFooter":
        false}, {"text": "10.00", "rowIndex": 5, "columnIndex": 2, "boundingBox":
        [5.4083, 4.0361, 5.7875, 4.0361, 5.7875, 4.2028, 5.4083, 4.2028], "confidence":
        1.0, "rowSpan": 1, "columnSpan": 1, "elements": null, "isHeader": false, "isFooter":
        false}, {"text": "F", "rowIndex": 6, "columnIndex": 0, "boundingBox": [1.0806,
        4.2458, 1.1569, 4.2458, 1.1569, 4.4125, 1.0806, 4.4125], "confidence": 1.0,
        "rowSpan": 1, "columnSpan": 1, "elements": null, "isHeader": false, "isFooter":
        false}, {"text": "6", "rowIndex": 6, "columnIndex": 1, "boundingBox": [3.2444,
        4.2458, 3.3292, 4.2458, 3.3292, 4.4125, 3.2444, 4.4125], "confidence": 1.0,
        "rowSpan": 1, "columnSpan": 1, "elements": null, "isHeader": false, "isFooter":
        false}, {"text": "12.00", "rowIndex": 6, "columnIndex": 2, "boundingBox":
        [5.4083, 4.2458, 5.7861, 4.2458, 5.7861, 4.4125, 5.4083, 4.4125], "confidence":
        1.0, "rowSpan": 1, "columnSpan": 1, "elements": null, "isHeader": false, "isFooter":
        false}, {"text": "G", "rowIndex": 7, "columnIndex": 0, "boundingBox": [1.0806,
        4.4569, 1.1861, 4.4569, 1.1861, 4.6236, 1.0806, 4.6236], "confidence": 1.0,
        "rowSpan": 1, "columnSpan": 1, "elements": null, "isHeader": false, "isFooter":
        false}, {"text": "8", "rowIndex": 7, "columnIndex": 1, "boundingBox": [3.2444,
        4.4569, 3.3292, 4.4569, 3.3292, 4.6236, 3.2444, 4.6236], "confidence": 1.0,
        "rowSpan": 1, "columnSpan": 1, "elements": null, "isHeader": false, "isFooter":
        false}, {"text": "22.00", "rowIndex": 7, "columnIndex": 2, "boundingBox":
        [5.4083, 4.4569, 5.7875, 4.4569, 5.7875, 4.6236, 5.4083, 4.6236], "confidence":
        1.0, "rowSpan": 1, "columnSpan": 1, "elements": null, "isHeader": false, "isFooter":
        false}]}], "clusterId": 0}, {"page": 2, "keyValuePairs": [], "tables": [],
        "clusterId": null}, {"page": 3, "keyValuePairs": [{"key": {"text": "Invoice
        For:", "boundingBox": [6.0028, 1.0431, 7.0528, 1.0431, 7.0528, 1.2667, 6.0028,
        1.2667], "elements": null}, "value": {"text": "Frodo Baggins 123 Hobbit Lane",
        "boundingBox": [6.0028, 1.4389, 7.1083, 1.4389, 7.1083, 1.8264, 6.0028, 1.8264],
        "elements": null}, "confidence": 1.0}, {"key": {"text": "Address:", "boundingBox":
        [0.8764, 1.4681, 1.5778, 1.4681, 1.5778, 1.6625, 0.8764, 1.6625], "elements":
        null}, "value": {"text": "567 Main St.", "boundingBox": [0.8764, 1.8292, 1.725,
        1.8292, 1.725, 1.9958, 0.8764, 1.9958], "elements": null}, "confidence": 1.0},
        {"key": {"text": "Redmond, WA", "boundingBox": [6.0028, 1.8792, 6.9819, 1.8792,
        6.9819, 2.0458, 6.0028, 2.0458], "elements": null}, "value": {"text": "555-555-5555",
        "boundingBox": [6.0028, 2.0986, 6.9472, 2.0986, 6.9472, 2.2653, 6.0028, 2.2653],
        "elements": null}, "confidence": 1.0}, {"key": {"text": "Redmond, WA", "boundingBox":
        [0.8764, 2.0486, 1.8569, 2.0486, 1.8569, 2.2153, 0.8764, 2.2153], "elements":
        null}, "value": {"text": "555-555-5555", "boundingBox": [0.8764, 2.2694, 1.8222,
        2.2694, 1.8222, 2.4361, 0.8764, 2.4361], "elements": null}, "confidence":
        0.29}, {"key": {"text": "Subtotal:", "boundingBox": [5.5028, 4.8861, 6.1347,
        4.8861, 6.1347, 5.0528, 5.5028, 5.0528], "elements": null}, "value": {"text":
        "3000.00", "boundingBox": [6.1722, 4.8861, 6.7208, 4.8861, 6.7208, 5.0528,
        6.1722, 5.0528], "elements": null}, "confidence": 1.0}, {"key": {"text": "Tax:",
        "boundingBox": [5.5028, 5.1069, 5.7917, 5.1069, 5.7917, 5.2736, 5.5028, 5.2736],
        "elements": null}, "value": {"text": "300.00", "boundingBox": [5.8292, 5.1069,
        6.2931, 5.1069, 6.2931, 5.2736, 5.8292, 5.2736], "elements": null}, "confidence":
        1.0}, {"key": {"text": "Tip:", "boundingBox": [5.5028, 5.3264, 5.7611, 5.3264,
        5.7611, 5.4931, 5.5028, 5.4931], "elements": null}, "value": {"text": "1000.00",
        "boundingBox": [5.7986, 5.3264, 6.3472, 5.3264, 6.3472, 5.4931, 5.7986, 5.4931],
        "elements": null}, "confidence": 1.0}, {"key": {"text": "Total:", "boundingBox":
        [5.5028, 5.5472, 5.9014, 5.5472, 5.9014, 5.7139, 5.5028, 5.7139], "elements":
        null}, "value": {"text": "4300.00", "boundingBox": [5.9389, 5.5472, 6.4875,
        5.5472, 6.4875, 5.7139, 5.9389, 5.7139], "elements": null}, "confidence":
        1.0}, {"key": {"text": "Signature:", "boundingBox": [1.0, 6.6431, 1.7083,
        6.6431, 1.7083, 6.8097, 1.0, 6.8097], "elements": null}, "value": {"text":
        "____Frodo Baggins__________", "boundingBox": [1.7472, 6.6431, 3.8833, 6.6431,
        3.8833, 6.8097, 1.7472, 6.8097], "elements": null}, "confidence": 1.0}, {"key":
        {"text": "__Tokens__1", "boundingBox": null, "elements": null}, "value": {"text":
        "Company B Invoice", "boundingBox": [0.8764, 1.1014, 2.3833, 1.1014, 2.3833,
        1.2958, 0.8764, 1.2958], "elements": null}, "confidence": 1.0}], "tables":
        [{"rows": 8, "columns": 3, "cells": [{"text": "Item", "rowIndex": 0, "columnIndex":
        0, "boundingBox": [1.0806, 2.9833, 1.3958, 2.9833, 1.3958, 3.15, 1.0806, 3.15],
        "confidence": 1.0, "rowSpan": 1, "columnSpan": 1, "elements": null, "isHeader":
        true, "isFooter": false}, {"text": "Quantity", "rowIndex": 0, "columnIndex":
        1, "boundingBox": [3.2444, 2.9833, 3.8389, 2.9833, 3.8389, 3.15, 3.2444, 3.15],
        "confidence": 1.0, "rowSpan": 1, "columnSpan": 1, "elements": null, "isHeader":
        true, "isFooter": false}, {"text": "Price", "rowIndex": 0, "columnIndex":
        2, "boundingBox": [5.4083, 2.9833, 5.7458, 2.9833, 5.7458, 3.15, 5.4083, 3.15],
        "confidence": 1.0, "rowSpan": 1, "columnSpan": 1, "elements": null, "isHeader":
        true, "isFooter": false}, {"text": "A", "rowIndex": 1, "columnIndex": 0, "boundingBox":
        [1.0806, 3.1931, 1.1764, 3.1931, 1.1764, 3.3597, 1.0806, 3.3597], "confidence":
        1.0, "rowSpan": 1, "columnSpan": 1, "elements": null, "isHeader": false, "isFooter":
        false}, {"text": "10", "rowIndex": 1, "columnIndex": 1, "boundingBox": [3.2444,
        3.1931, 3.4125, 3.1931, 3.4125, 3.3597, 3.2444, 3.3597], "confidence": 1.0,
        "rowSpan": 1, "columnSpan": 1, "elements": null, "isHeader": false, "isFooter":
        false}, {"text": "100.99", "rowIndex": 1, "columnIndex": 2, "boundingBox":
        [5.4083, 3.1931, 5.8708, 3.1931, 5.8708, 3.3597, 5.4083, 3.3597], "confidence":
        1.0, "rowSpan": 1, "columnSpan": 1, "elements": null, "isHeader": false, "isFooter":
        false}, {"text": "B", "rowIndex": 2, "columnIndex": 0, "boundingBox": [1.0806,
        3.4056, 1.1708, 3.4056, 1.1708, 3.5722, 1.0806, 3.5722], "confidence": 1.0,
        "rowSpan": 1, "columnSpan": 1, "elements": null, "isHeader": false, "isFooter":
        false}, {"text": "20", "rowIndex": 2, "columnIndex": 1, "boundingBox": [3.2444,
        3.4056, 3.4125, 3.4056, 3.4125, 3.5722, 3.2444, 3.5722], "confidence": 1.0,
        "rowSpan": 1, "columnSpan": 1, "elements": null, "isHeader": false, "isFooter":
        false}, {"text": "140.67", "rowIndex": 2, "columnIndex": 2, "boundingBox":
        [5.4083, 3.4056, 5.8694, 3.4056, 5.8694, 3.5722, 5.4083, 3.5722], "confidence":
        1.0, "rowSpan": 1, "columnSpan": 1, "elements": null, "isHeader": false, "isFooter":
        false}, {"text": "C", "rowIndex": 3, "columnIndex": 0, "boundingBox": [1.0806,
        3.6167, 1.1694, 3.6167, 1.1694, 3.7833, 1.0806, 3.7833], "confidence": 1.0,
        "rowSpan": 1, "columnSpan": 1, "elements": null, "isHeader": false, "isFooter":
        false}, {"text": "40", "rowIndex": 3, "columnIndex": 1, "boundingBox": [3.2444,
        3.6167, 3.4125, 3.6167, 3.4125, 3.7833, 3.2444, 3.7833], "confidence": 1.0,
        "rowSpan": 1, "columnSpan": 1, "elements": null, "isHeader": false, "isFooter":
        false}, {"text": "150.66", "rowIndex": 3, "columnIndex": 2, "boundingBox":
        [5.4083, 3.6167, 5.8694, 3.6167, 5.8694, 3.7833, 5.4083, 3.7833], "confidence":
        1.0, "rowSpan": 1, "columnSpan": 1, "elements": null, "isHeader": false, "isFooter":
        false}, {"text": "D", "rowIndex": 4, "columnIndex": 0, "boundingBox": [1.0806,
        3.8264, 1.1833, 3.8264, 1.1833, 3.9931, 1.0806, 3.9931], "confidence": 1.0,
        "rowSpan": 1, "columnSpan": 1, "elements": null, "isHeader": false, "isFooter":
        false}, {"text": "10", "rowIndex": 4, "columnIndex": 1, "boundingBox": [3.2444,
        3.8264, 3.4125, 3.8264, 3.4125, 3.9931, 3.2444, 3.9931], "confidence": 1.0,
        "rowSpan": 1, "columnSpan": 1, "elements": null, "isHeader": false, "isFooter":
        false}, {"text": "120.00", "rowIndex": 4, "columnIndex": 2, "boundingBox":
        [5.4083, 3.8264, 5.8694, 3.8264, 5.8694, 3.9931, 5.4083, 3.9931], "confidence":
        1.0, "rowSpan": 1, "columnSpan": 1, "elements": null, "isHeader": false, "isFooter":
        false}, {"text": "E", "rowIndex": 5, "columnIndex": 0, "boundingBox": [1.0806,
        4.0361, 1.1611, 4.0361, 1.1611, 4.2028, 1.0806, 4.2028], "confidence": 1.0,
        "rowSpan": 1, "columnSpan": 1, "elements": null, "isHeader": false, "isFooter":
        false}, {"text": "40", "rowIndex": 5, "columnIndex": 1, "boundingBox": [3.2444,
        4.0361, 3.4125, 4.0361, 3.4125, 4.2028, 3.2444, 4.2028], "confidence": 1.0,
        "rowSpan": 1, "columnSpan": 1, "elements": null, "isHeader": false, "isFooter":
        false}, {"text": "100.00", "rowIndex": 5, "columnIndex": 2, "boundingBox":
        [5.4083, 4.0361, 5.8708, 4.0361, 5.8708, 4.2028, 5.4083, 4.2028], "confidence":
        1.0, "rowSpan": 1, "columnSpan": 1, "elements": null, "isHeader": false, "isFooter":
        false}, {"text": "F", "rowIndex": 6, "columnIndex": 0, "boundingBox": [1.0806,
        4.2458, 1.1569, 4.2458, 1.1569, 4.4125, 1.0806, 4.4125], "confidence": 1.0,
        "rowSpan": 1, "columnSpan": 1, "elements": null, "isHeader": false, "isFooter":
        false}, {"text": "60", "rowIndex": 6, "columnIndex": 1, "boundingBox": [3.2444,
        4.2458, 3.4125, 4.2458, 3.4125, 4.4125, 3.2444, 4.4125], "confidence": 1.0,
        "rowSpan": 1, "columnSpan": 1, "elements": null, "isHeader": false, "isFooter":
        false}, {"text": "120.00", "rowIndex": 6, "columnIndex": 2, "boundingBox":
        [5.4083, 4.2458, 5.8694, 4.2458, 5.8694, 4.4125, 5.4083, 4.4125], "confidence":
        1.0, "rowSpan": 1, "columnSpan": 1, "elements": null, "isHeader": false, "isFooter":
        false}, {"text": "G", "rowIndex": 7, "columnIndex": 0, "boundingBox": [1.0806,
        4.4569, 1.1861, 4.4569, 1.1861, 4.6236, 1.0806, 4.6236], "confidence": 1.0,
        "rowSpan": 1, "columnSpan": 1, "elements": null, "isHeader": false, "isFooter":
        false}, {"text": "80", "rowIndex": 7, "columnIndex": 1, "boundingBox": [3.2444,
        4.4569, 3.4125, 4.4569, 3.4125, 4.6236, 3.2444, 4.6236], "confidence": 1.0,
        "rowSpan": 1, "columnSpan": 1, "elements": null, "isHeader": false, "isFooter":
        false}, {"text": "220.00", "rowIndex": 7, "columnIndex": 2, "boundingBox":
        [5.4083, 4.4569, 5.8708, 4.4569, 5.8708, 4.6236, 5.4083, 4.6236], "confidence":
        1.0, "rowSpan": 1, "columnSpan": 1, "elements": null, "isHeader": false, "isFooter":
        false}]}], "clusterId": 0}], "documentResults": [], "errors": []}}'
    headers:
      apim-request-id:
      - c23140ce-af57-4d61-93b1-e719b1c2f8a3
      content-length:
      - '17652'
      content-type:
      - application/json; charset=utf-8
      date:
      - Fri, 10 Jul 2020 18:48:34 GMT
      strict-transport-security:
      - max-age=31536000; includeSubDomains; preload
      x-content-type-options:
      - nosniff
      x-envoy-upstream-service-time:
      - '822'
    status:
      code: 200
      message: OK
version: 1
