interactions:
- request:
    body: 'b''{"source": "container_sas_url", "sourceFilter": {"prefix": "", "includeSubFolders":
      true}, "useLabelFile": false}'''
    headers:
      Accept:
      - application/json
      Accept-Encoding:
      - gzip, deflate
      Connection:
      - keep-alive
      Content-Length:
      - '295'
      Content-Type:
      - application/json
      User-Agent:
      - azsdk-python-ai-formrecognizer/3.1.0b4 Python/3.8.5 (Windows-10-10.0.19041-SP0)
    method: POST
    uri: https://region.api.cognitive.microsoft.com/formrecognizer/v2.1-preview.3/custom/models
  response:
    body:
      string: ''
    headers:
      apim-request-id:
      - 6abc6bed-9f45-4140-a859-0e048531aa14
      content-length:
      - '0'
      date:
      - Thu, 18 Mar 2021 16:05:15 GMT
      location:
      - https://region.api.cognitive.microsoft.com/formrecognizer/v2.1-preview.3/custom/models/e3f769d4-b7f7-4c59-a797-1368f66fc016
      strict-transport-security:
      - max-age=31536000; includeSubDomains; preload
      x-content-type-options:
      - nosniff
      x-envoy-upstream-service-time:
      - '220'
    status:
      code: 201
      message: Created
- request:
    body: null
    headers:
      Accept:
      - '*/*'
      Accept-Encoding:
      - gzip, deflate
      Connection:
      - keep-alive
      User-Agent:
      - azsdk-python-ai-formrecognizer/3.1.0b4 Python/3.8.5 (Windows-10-10.0.19041-SP0)
    method: GET
    uri: https://region.api.cognitive.microsoft.com/formrecognizer/v2.1-preview.3/custom/models/e3f769d4-b7f7-4c59-a797-1368f66fc016?includeKeys=true
  response:
    body:
      string: '{"modelInfo": {"modelId": "e3f769d4-b7f7-4c59-a797-1368f66fc016", "status":
        "creating", "createdDateTime": "2021-03-18T16:05:15Z", "lastUpdatedDateTime":
        "2021-03-18T16:05:15Z"}}'
    headers:
      apim-request-id:
      - 7e61d31d-2b6d-4c55-bb73-19826522e74b
      content-length:
      - '170'
      content-type:
      - application/json; charset=utf-8
      date:
      - Thu, 18 Mar 2021 16:05:20 GMT
      strict-transport-security:
      - max-age=31536000; includeSubDomains; preload
      x-content-type-options:
      - nosniff
      x-envoy-upstream-service-time:
      - '14'
    status:
      code: 200
      message: OK
- request:
    body: null
    headers:
      Accept:
      - '*/*'
      Accept-Encoding:
      - gzip, deflate
      Connection:
      - keep-alive
      User-Agent:
      - azsdk-python-ai-formrecognizer/3.1.0b4 Python/3.8.5 (Windows-10-10.0.19041-SP0)
    method: GET
    uri: https://region.api.cognitive.microsoft.com/formrecognizer/v2.1-preview.3/custom/models/e3f769d4-b7f7-4c59-a797-1368f66fc016?includeKeys=true
  response:
    body:
      string: '{"modelInfo": {"modelId": "e3f769d4-b7f7-4c59-a797-1368f66fc016", "status":
        "creating", "createdDateTime": "2021-03-18T16:05:15Z", "lastUpdatedDateTime":
        "2021-03-18T16:05:15Z"}}'
    headers:
      apim-request-id:
      - 7171d2e4-98a9-45ac-a550-14051845a524
      content-length:
      - '170'
      content-type:
      - application/json; charset=utf-8
      date:
      - Thu, 18 Mar 2021 16:05:25 GMT
      strict-transport-security:
      - max-age=31536000; includeSubDomains; preload
      x-content-type-options:
      - nosniff
      x-envoy-upstream-service-time:
      - '13'
    status:
      code: 200
      message: OK
- request:
    body: null
    headers:
      Accept:
      - '*/*'
      Accept-Encoding:
      - gzip, deflate
      Connection:
      - keep-alive
      User-Agent:
      - azsdk-python-ai-formrecognizer/3.1.0b4 Python/3.8.5 (Windows-10-10.0.19041-SP0)
    method: GET
    uri: https://region.api.cognitive.microsoft.com/formrecognizer/v2.1-preview.3/custom/models/e3f769d4-b7f7-4c59-a797-1368f66fc016?includeKeys=true
  response:
    body:
      string: '{"modelInfo": {"modelId": "e3f769d4-b7f7-4c59-a797-1368f66fc016", "status":
        "creating", "createdDateTime": "2021-03-18T16:05:15Z", "lastUpdatedDateTime":
        "2021-03-18T16:05:15Z"}}'
    headers:
      apim-request-id:
      - 09848b52-d599-43c8-90bd-151361dce0ff
      content-length:
      - '170'
      content-type:
      - application/json; charset=utf-8
      date:
      - Thu, 18 Mar 2021 16:05:30 GMT
      strict-transport-security:
      - max-age=31536000; includeSubDomains; preload
      x-content-type-options:
      - nosniff
      x-envoy-upstream-service-time:
      - '17'
    status:
      code: 200
      message: OK
- request:
    body: null
    headers:
      Accept:
      - '*/*'
      Accept-Encoding:
      - gzip, deflate
      Connection:
      - keep-alive
      User-Agent:
      - azsdk-python-ai-formrecognizer/3.1.0b4 Python/3.8.5 (Windows-10-10.0.19041-SP0)
    method: GET
    uri: https://region.api.cognitive.microsoft.com/formrecognizer/v2.1-preview.3/custom/models/e3f769d4-b7f7-4c59-a797-1368f66fc016?includeKeys=true
  response:
    body:
      string: '{"modelInfo": {"modelId": "e3f769d4-b7f7-4c59-a797-1368f66fc016", "status":
        "creating", "createdDateTime": "2021-03-18T16:05:15Z", "lastUpdatedDateTime":
        "2021-03-18T16:05:15Z"}}'
    headers:
      apim-request-id:
      - 5c77719c-94c4-4c13-87fb-81645837233c
      content-length:
      - '170'
      content-type:
      - application/json; charset=utf-8
      date:
      - Thu, 18 Mar 2021 16:05:35 GMT
      strict-transport-security:
      - max-age=31536000; includeSubDomains; preload
      x-content-type-options:
      - nosniff
      x-envoy-upstream-service-time:
      - '14'
    status:
      code: 200
      message: OK
- request:
    body: null
    headers:
      Accept:
      - '*/*'
      Accept-Encoding:
      - gzip, deflate
      Connection:
      - keep-alive
      User-Agent:
      - azsdk-python-ai-formrecognizer/3.1.0b4 Python/3.8.5 (Windows-10-10.0.19041-SP0)
    method: GET
    uri: https://region.api.cognitive.microsoft.com/formrecognizer/v2.1-preview.3/custom/models/e3f769d4-b7f7-4c59-a797-1368f66fc016?includeKeys=true
  response:
    body:
      string: '{"modelInfo": {"modelId": "e3f769d4-b7f7-4c59-a797-1368f66fc016", "status":
        "ready", "createdDateTime": "2021-03-18T16:05:15Z", "lastUpdatedDateTime":
        "2021-03-18T16:05:36Z"}, "keys": {"clusters": {"0": ["Additional Notes:",
        "Address:", "Company Name:", "Company Phone:", "Dated As:", "Details", "Email:",
        "Hero Limited", "Name:", "Phone:", "Purchase Order", "Purchase Order #:",
        "Quantity", "SUBTOTAL", "Seattle, WA 93849 Phone:", "Shipped From", "Shipped
        To", "TAX", "TOTAL", "Total", "Unit Price", "Vendor Name:", "Website:"]}},
        "trainResult": {"trainingDocuments": [{"documentName": "Form_1.jpg", "pages":
        1, "errors": [], "status": "succeeded"}, {"documentName": "Form_2.jpg", "pages":
        1, "errors": [], "status": "succeeded"}, {"documentName": "Form_3.jpg", "pages":
        1, "errors": [], "status": "succeeded"}, {"documentName": "Form_4.jpg", "pages":
        1, "errors": [], "status": "succeeded"}, {"documentName": "Form_5.jpg", "pages":
        1, "errors": [], "status": "succeeded"}, {"documentName": "subfolder/Form_6.jpg",
        "pages": 1, "errors": [], "status": "succeeded"}], "errors": []}}'
    headers:
      apim-request-id:
      - 80b325cd-2d9e-493a-bbf7-883002f24238
      content-length:
      - '995'
      content-type:
      - application/json; charset=utf-8
      date:
      - Thu, 18 Mar 2021 16:05:40 GMT
      strict-transport-security:
      - max-age=31536000; includeSubDomains; preload
      x-content-type-options:
      - nosniff
      x-envoy-upstream-service-time:
      - '23'
    status:
      code: 200
      message: OK
- request:
    body: 'b''{"source": "container_sas_url", "sourceFilter": {"prefix": "subfolder",
      "includeSubFolders": true}, "useLabelFile": false}'''
    headers:
      Accept:
      - application/json
      Accept-Encoding:
      - gzip, deflate
      Connection:
      - keep-alive
      Content-Length:
      - '304'
      Content-Type:
      - application/json
      User-Agent:
      - azsdk-python-ai-formrecognizer/3.1.0b4 Python/3.8.5 (Windows-10-10.0.19041-SP0)
    method: POST
    uri: https://region.api.cognitive.microsoft.com/formrecognizer/v2.1-preview.3/custom/models
  response:
    body:
      string: ''
    headers:
      apim-request-id:
      - 84c02efb-311c-46ff-ade1-a1069f0892e9
      content-length:
      - '0'
      date:
      - Thu, 18 Mar 2021 16:05:40 GMT
      location:
      - https://region.api.cognitive.microsoft.com/formrecognizer/v2.1-preview.3/custom/models/387b1f48-e2f6-42a6-8494-e9cb6d16eef4
      strict-transport-security:
      - max-age=31536000; includeSubDomains; preload
      x-content-type-options:
      - nosniff
      x-envoy-upstream-service-time:
      - '215'
    status:
      code: 201
      message: Created
- request:
    body: null
    headers:
      Accept:
      - '*/*'
      Accept-Encoding:
      - gzip, deflate
      Connection:
      - keep-alive
      User-Agent:
      - azsdk-python-ai-formrecognizer/3.1.0b4 Python/3.8.5 (Windows-10-10.0.19041-SP0)
    method: GET
    uri: https://region.api.cognitive.microsoft.com/formrecognizer/v2.1-preview.3/custom/models/387b1f48-e2f6-42a6-8494-e9cb6d16eef4?includeKeys=true
  response:
    body:
      string: '{"modelInfo": {"modelId": "387b1f48-e2f6-42a6-8494-e9cb6d16eef4", "status":
        "creating", "createdDateTime": "2021-03-18T16:05:41Z", "lastUpdatedDateTime":
        "2021-03-18T16:05:41Z"}}'
    headers:
      apim-request-id:
      - 8a538dc7-262c-4844-b984-1080491e6291
      content-length:
      - '170'
      content-type:
      - application/json; charset=utf-8
      date:
      - Thu, 18 Mar 2021 16:05:46 GMT
      strict-transport-security:
      - max-age=31536000; includeSubDomains; preload
      x-content-type-options:
      - nosniff
      x-envoy-upstream-service-time:
      - '15'
    status:
      code: 200
      message: OK
- request:
    body: null
    headers:
      Accept:
      - '*/*'
      Accept-Encoding:
      - gzip, deflate
      Connection:
      - keep-alive
      User-Agent:
      - azsdk-python-ai-formrecognizer/3.1.0b4 Python/3.8.5 (Windows-10-10.0.19041-SP0)
    method: GET
    uri: https://region.api.cognitive.microsoft.com/formrecognizer/v2.1-preview.3/custom/models/387b1f48-e2f6-42a6-8494-e9cb6d16eef4?includeKeys=true
  response:
    body:
      string: '{"modelInfo": {"modelId": "387b1f48-e2f6-42a6-8494-e9cb6d16eef4", "status":
        "creating", "createdDateTime": "2021-03-18T16:05:41Z", "lastUpdatedDateTime":
        "2021-03-18T16:05:41Z"}}'
    headers:
      apim-request-id:
      - a748eb5f-4e13-4546-afa8-bb70bb72054c
      content-length:
      - '170'
      content-type:
      - application/json; charset=utf-8
      date:
      - Thu, 18 Mar 2021 16:05:51 GMT
      strict-transport-security:
      - max-age=31536000; includeSubDomains; preload
      x-content-type-options:
      - nosniff
      x-envoy-upstream-service-time:
      - '16'
    status:
      code: 200
      message: OK
- request:
    body: null
    headers:
      Accept:
      - '*/*'
      Accept-Encoding:
      - gzip, deflate
      Connection:
      - keep-alive
      User-Agent:
      - azsdk-python-ai-formrecognizer/3.1.0b4 Python/3.8.5 (Windows-10-10.0.19041-SP0)
    method: GET
    uri: https://region.api.cognitive.microsoft.com/formrecognizer/v2.1-preview.3/custom/models/387b1f48-e2f6-42a6-8494-e9cb6d16eef4?includeKeys=true
  response:
    body:
      string: '{"modelInfo": {"modelId": "387b1f48-e2f6-42a6-8494-e9cb6d16eef4", "status":
        "ready", "createdDateTime": "2021-03-18T16:05:41Z", "lastUpdatedDateTime":
        "2021-03-18T16:05:54Z"}, "keys": {"clusters": {"0": ["Address:", "Company
        Name:", "Company Phone:", "Dated As:", "Details", "Name:", "Phone:", "Purchase
        Order #:", "Quantity", "Total", "Unit Price", "Vendor Name:", "Website:"]}},
        "trainResult": {"trainingDocuments": [{"documentName": "subfolder/Form_6.jpg",
        "pages": 1, "errors": [], "status": "succeeded"}], "errors": []}}'
    headers:
      apim-request-id:
      - 8371d6c9-884e-44b6-a7fe-c7622d0f173b
      content-length:
      - '489'
      content-type:
      - application/json; charset=utf-8
      date:
      - Thu, 18 Mar 2021 16:05:57 GMT
      strict-transport-security:
      - max-age=31536000; includeSubDomains; preload
      x-content-type-options:
      - nosniff
      x-envoy-upstream-service-time:
      - '13'
    status:
      code: 200
      message: OK
- request:
    body: 'b''{"source": "container_sas_url", "sourceFilter": {"prefix": "xxx", "includeSubFolders":
      false}, "useLabelFile": false}'''
    headers:
      Accept:
      - application/json
      Accept-Encoding:
      - gzip, deflate
      Connection:
      - keep-alive
      Content-Length:
      - '299'
      Content-Type:
      - application/json
      User-Agent:
      - azsdk-python-ai-formrecognizer/3.1.0b4 Python/3.8.5 (Windows-10-10.0.19041-SP0)
    method: POST
    uri: https://region.api.cognitive.microsoft.com/formrecognizer/v2.1-preview.3/custom/models
  response:
    body:
      string: ''
    headers:
      apim-request-id:
      - 07a1dcd4-d3cb-4624-bfd3-8550188ac363
      content-length:
      - '0'
      date:
      - Thu, 18 Mar 2021 16:05:57 GMT
      location:
      - https://region.api.cognitive.microsoft.com/formrecognizer/v2.1-preview.3/custom/models/7af41469-74a5-4eea-ac96-0e3bc54c9e8b
      strict-transport-security:
      - max-age=31536000; includeSubDomains; preload
      x-content-type-options:
      - nosniff
      x-envoy-upstream-service-time:
      - '216'
    status:
      code: 201
      message: Created
- request:
    body: null
    headers:
      Accept:
      - '*/*'
      Accept-Encoding:
      - gzip, deflate
      Connection:
      - keep-alive
      User-Agent:
      - azsdk-python-ai-formrecognizer/3.1.0b4 Python/3.8.5 (Windows-10-10.0.19041-SP0)
    method: GET
    uri: https://region.api.cognitive.microsoft.com/formrecognizer/v2.1-preview.3/custom/models/7af41469-74a5-4eea-ac96-0e3bc54c9e8b?includeKeys=true
  response:
    body:
      string: '{"modelInfo": {"modelId": "7af41469-74a5-4eea-ac96-0e3bc54c9e8b", "status":
        "invalid", "createdDateTime": "2021-03-18T16:05:57Z", "lastUpdatedDateTime":
        "2021-03-18T16:05:58Z"}, "keys": {"clusters": {}}, "trainResult": {"trainingDocuments":
        [], "errors": [{"code": "2014", "message": "No valid blobs found in the specified
        Azure blob container. Please conform to the document format/size/page/dimensions
        requirements."}]}}'
    headers:
      apim-request-id:
      - 6095da61-0310-484c-b8ef-5c2bfeeb20e3
      content-length:
      - '403'
      content-type:
      - application/json; charset=utf-8
      date:
      - Thu, 18 Mar 2021 16:06:02 GMT
      ms-azure-ai-errorcode:
      - '2014'
      strict-transport-security:
      - max-age=31536000; includeSubDomains; preload
      x-content-type-options:
      - nosniff
      x-envoy-upstream-service-time:
      - '13'
    status:
      code: 200
      message: OK
version: 1
