{
  "Entries": [
    {
      "RequestUri": "https://fakeendpoint.cognitiveservices.azure.com/formrecognizer/v2.1/custom/models",
      "RequestMethod": "POST",
      "RequestHeaders": {
        "Accept": "application/json",
        "Accept-Encoding": "gzip, deflate",
        "Content-Length": "109",
        "Content-Type": "application/json",
        "User-Agent": "azsdk-python-ai-formrecognizer/3.2.0b6 Python/3.8.5 (Windows-10-10.0.19041-SP0)"
      },
      "RequestBody": {
        "source": "https://blob_sas_url",
        "sourceFilter": {
          "prefix": "",
          "includeSubFolders": false
        },
        "useLabelFile": false
      },
      "StatusCode": 201,
      "ResponseHeaders": {
        "apim-request-id": "0d031e29-bc4f-4e55-89ee-59d7ccb906f5",
        "Content-Length": "0",
        "Date": "Fri, 24 Jun 2022 01:23:36 GMT",
        "Location": "https://fakeendpoint.cognitiveservices.azure.com/formrecognizer/v2.1/custom/models/7bb2571a-6448-4cce-9c35-a51650bd0276",
        "Strict-Transport-Security": "max-age=31536000; includeSubDomains; preload",
        "X-Content-Type-Options": "nosniff",
        "x-envoy-upstream-service-time": "527"
      },
      "ResponseBody": null
    },
    {
      "RequestUri": "https://fakeendpoint.cognitiveservices.azure.com/formrecognizer/v2.1/custom/models/7bb2571a-6448-4cce-9c35-a51650bd0276?includeKeys=true",
      "RequestMethod": "GET",
      "RequestHeaders": {
        "Accept": "*/*",
        "Accept-Encoding": "gzip, deflate",
        "User-Agent": "azsdk-python-ai-formrecognizer/3.2.0b6 Python/3.8.5 (Windows-10-10.0.19041-SP0)"
      },
      "RequestBody": null,
      "StatusCode": 200,
      "ResponseHeaders": {
        "apim-request-id": "2f601747-f6eb-4aff-afd3-d5a35a770ba2",
        "Content-Length": "170",
        "Content-Type": "application/json; charset=utf-8",
        "Date": "Fri, 24 Jun 2022 01:23:42 GMT",
        "Strict-Transport-Security": "max-age=31536000; includeSubDomains; preload",
        "X-Content-Type-Options": "nosniff",
        "x-envoy-upstream-service-time": "67"
      },
      "ResponseBody": {
        "modelInfo": {
          "modelId": "7bb2571a-6448-4cce-9c35-a51650bd0276",
          "status": "creating",
          "createdDateTime": "2022-06-24T01:23:37Z",
          "lastUpdatedDateTime": "2022-06-24T01:23:37Z"
        }
      }
    },
    {
      "RequestUri": "https://fakeendpoint.cognitiveservices.azure.com/formrecognizer/v2.1/custom/models/7bb2571a-6448-4cce-9c35-a51650bd0276?includeKeys=true",
      "RequestMethod": "GET",
      "RequestHeaders": {
        "Accept": "*/*",
        "Accept-Encoding": "gzip, deflate",
        "User-Agent": "azsdk-python-ai-formrecognizer/3.2.0b6 Python/3.8.5 (Windows-10-10.0.19041-SP0)"
      },
      "RequestBody": null,
      "StatusCode": 200,
      "ResponseHeaders": {
        "apim-request-id": "898ff4bf-6b93-43ac-adab-cf7b016e319d",
        "Content-Length": "170",
        "Content-Type": "application/json; charset=utf-8",
        "Date": "Fri, 24 Jun 2022 01:23:48 GMT",
        "Strict-Transport-Security": "max-age=31536000; includeSubDomains; preload",
        "X-Content-Type-Options": "nosniff",
        "x-envoy-upstream-service-time": "21"
      },
      "ResponseBody": {
        "modelInfo": {
          "modelId": "7bb2571a-6448-4cce-9c35-a51650bd0276",
          "status": "creating",
          "createdDateTime": "2022-06-24T01:23:37Z",
          "lastUpdatedDateTime": "2022-06-24T01:23:37Z"
        }
      }
    },
    {
      "RequestUri": "https://fakeendpoint.cognitiveservices.azure.com/formrecognizer/v2.1/custom/models/7bb2571a-6448-4cce-9c35-a51650bd0276?includeKeys=true",
      "RequestMethod": "GET",
      "RequestHeaders": {
        "Accept": "*/*",
        "Accept-Encoding": "gzip, deflate",
        "User-Agent": "azsdk-python-ai-formrecognizer/3.2.0b6 Python/3.8.5 (Windows-10-10.0.19041-SP0)"
      },
      "RequestBody": null,
      "StatusCode": 200,
      "ResponseHeaders": {
        "apim-request-id": "72ee0c65-31b1-4dbe-8cec-fcf2bb20f2cd",
        "Content-Length": "912",
        "Content-Type": "application/json; charset=utf-8",
        "Date": "Fri, 24 Jun 2022 01:23:52 GMT",
        "Strict-Transport-Security": "max-age=31536000; includeSubDomains; preload",
        "X-Content-Type-Options": "nosniff",
        "x-envoy-upstream-service-time": "25"
      },
      "ResponseBody": {
        "modelInfo": {
          "modelId": "7bb2571a-6448-4cce-9c35-a51650bd0276",
          "status": "ready",
          "createdDateTime": "2022-06-24T01:23:37Z",
          "lastUpdatedDateTime": "2022-06-24T01:23:49Z"
        },
        "keys": {
          "clusters": {
            "0": [
              "Additional Notes:",
              "Address:",
              "Company Name:",
              "Company Phone:",
              "Dated As:",
              "Details",
              "Email:",
              "Hero Limited",
              "Name:",
              "Phone:",
              "Purchase Order",
              "Purchase Order #:",
              "Quantity",
              "SUBTOTAL",
              "Seattle, WA 93849 Phone:",
              "Shipped From",
              "Shipped To",
              "TAX",
              "TOTAL",
              "Total",
              "Unit Price",
              "Vendor Name:",
              "Website:"
            ]
          }
        },
        "trainResult": {
          "trainingDocuments": [
            {
              "documentName": "Form_1.jpg",
              "pages": 1,
              "errors": [],
              "status": "succeeded"
            },
            {
              "documentName": "Form_2.jpg",
              "pages": 1,
              "errors": [],
              "status": "succeeded"
            },
            {
              "documentName": "Form_3.jpg",
              "pages": 1,
              "errors": [],
              "status": "succeeded"
            },
            {
              "documentName": "Form_4.jpg",
              "pages": 1,
              "errors": [],
              "status": "succeeded"
            },
            {
              "documentName": "Form_5.jpg",
              "pages": 1,
              "errors": [],
              "status": "succeeded"
            }
          ],
          "errors": []
        }
      }
    },
    {
      "RequestUri": "https://fakeendpoint.cognitiveservices.azure.com/formrecognizer/v2.1/custom/models/copyAuthorization",
      "RequestMethod": "POST",
      "RequestHeaders": {
        "Accept": "application/json",
        "Accept-Encoding": "gzip, deflate",
        "Content-Length": "0",
        "User-Agent": "azsdk-python-ai-formrecognizer/3.2.0b6 Python/3.8.5 (Windows-10-10.0.19041-SP0)"
      },
      "RequestBody": null,
      "StatusCode": 201,
      "ResponseHeaders": {
        "apim-request-id": "db24104d-46c9-48b0-aaad-ce872ea902ec",
        "Content-Length": "112",
        "Content-Type": "application/json; charset=utf-8",
        "Date": "Fri, 24 Jun 2022 01:23:53 GMT",
        "Location": "https://fakeendpoint.cognitiveservices.azure.com/formrecognizer/v2.1/custom/models/d1f1209c-73b2-417f-b0a2-02238c17f3c8",
        "Strict-Transport-Security": "max-age=31536000; includeSubDomains; preload",
        "X-Content-Type-Options": "nosniff",
        "x-envoy-upstream-service-time": "195"
      },
      "ResponseBody": {
        "modelId": "d1f1209c-73b2-417f-b0a2-02238c17f3c8",
        "accessToken": "redacted",
        "expirationDateTimeTicks": 1656120233
      }
    },
    {
      "RequestUri": "https://fakeendpoint.cognitiveservices.azure.com/formrecognizer/v2.1/custom/models/7bb2571a-6448-4cce-9c35-a51650bd0276/copy",
      "RequestMethod": "POST",
      "RequestHeaders": {
        "Accept": "application/json",
        "Accept-Encoding": "gzip, deflate",
        "Content-Length": "209",
        "Content-Type": "application/json",
        "User-Agent": "azsdk-python-ai-formrecognizer/3.2.0b6 Python/3.8.5 (Windows-10-10.0.19041-SP0)"
      },
      "RequestBody": {
        "targetResourceId": "/path/to/resource/id",
        "targetResourceRegion": "WESTUS2",
        "copyAuthorization": {
          "modelId": "d1f1209c-73b2-417f-b0a2-02238c17f3c8",
          "accessToken": "redacted",
          "expirationDateTimeTicks": 1656120233
        }
      },
      "StatusCode": 429,
      "ResponseHeaders": {
        "apim-request-id": "2266e388-1774-48b4-86da-20cfad681302",
        "Content-Length": "348",
        "Content-Type": "application/json",
        "Date": "Fri, 24 Jun 2022 01:23:53 GMT",
        "policy-id": "ResourceRateLimitBy60s",
        "Retry-After": "37",
        "Strict-Transport-Security": "max-age=31536000; includeSubDomains; preload",
        "X-Content-Type-Options": "nosniff"
      },
      "ResponseBody": {
        "error": {
          "code": "429",
          "message": "Requests to the Custom Form Model Management - Copy Custom Model Operation under Form Recognizer API (v2.1) have exceeded rate limit of your current FormRecognizer S0 pricing tier. Please retry after 37 seconds. Please contact Azure support service if you would like to further increase the default rate limit."
        }
      }
    },
    {
      "RequestUri": "https://fakeendpoint.cognitiveservices.azure.com/formrecognizer/v2.1/custom/models/7bb2571a-6448-4cce-9c35-a51650bd0276/copy",
      "RequestMethod": "POST",
      "RequestHeaders": {
        "Accept": "application/json",
        "Accept-Encoding": "gzip, deflate",
        "Content-Length": "209",
        "Content-Type": "application/json",
        "User-Agent": "azsdk-python-ai-formrecognizer/3.2.0b6 Python/3.8.5 (Windows-10-10.0.19041-SP0)"
      },
      "RequestBody": {
        "targetResourceId": "/path/to/resource/id",
        "targetResourceRegion": "WESTUS2",
        "copyAuthorization": {
          "modelId": "d1f1209c-73b2-417f-b0a2-02238c17f3c8",
          "accessToken": "redacted",
          "expirationDateTimeTicks": 1656120233
        }
      },
      "StatusCode": 202,
      "ResponseHeaders": {
        "apim-request-id": "f73e2b8b-f317-4116-9a66-e749fa0fe06d",
        "Content-Length": "0",
        "Date": "Fri, 24 Jun 2022 01:24:30 GMT",
        "Operation-Location": "https://fakeendpoint.cognitiveservices.azure.com/formrecognizer/v2.1/custom/models/7bb2571a-6448-4cce-9c35-a51650bd0276/copyresults/861a60d2-3bb6-4066-aa13-f71b4fcca239",
        "Strict-Transport-Security": "max-age=31536000; includeSubDomains; preload",
        "X-Content-Type-Options": "nosniff",
        "x-envoy-upstream-service-time": "140"
      },
      "ResponseBody": null
    },
    {
      "RequestUri": "https://fakeendpoint.cognitiveservices.azure.com/formrecognizer/v2.1/custom/models/7bb2571a-6448-4cce-9c35-a51650bd0276/copyresults/861a60d2-3bb6-4066-aa13-f71b4fcca239",
      "RequestMethod": "GET",
      "RequestHeaders": {
        "Accept": "*/*",
        "Accept-Encoding": "gzip, deflate",
        "User-Agent": "azsdk-python-ai-formrecognizer/3.2.0b6 Python/3.8.5 (Windows-10-10.0.19041-SP0)"
      },
      "RequestBody": null,
      "StatusCode": 200,
      "ResponseHeaders": {
        "apim-request-id": "71764bac-71cb-4c78-a7de-ba391466215f",
        "Content-Length": "188",
        "Content-Type": "application/json; charset=utf-8",
        "Date": "Fri, 24 Jun 2022 01:24:35 GMT",
        "Strict-Transport-Security": "max-age=31536000; includeSubDomains; preload",
        "X-Content-Type-Options": "nosniff",
        "x-envoy-upstream-service-time": "15"
      },
      "ResponseBody": {
        "status": "succeeded",
        "createdDateTime": "2022-06-24T01:24:31.0308675Z",
        "lastUpdatedDateTime": "2022-06-24T01:24:31.0308689Z",
        "copyResult": {
          "modelId": "d1f1209c-73b2-417f-b0a2-02238c17f3c8"
        }
      }
    }
  ],
  "Variables": {}
}
