interactions:
- request:
    body: '{"description": "biography of Sir Issac Newton", "language": "en", "multilingualResource":
      true, "settings": {"defaultAnswer": "no answer"}}'
    headers:
      Accept:
      - application/json
      Accept-Encoding:
      - gzip, deflate
      Connection:
      - keep-alive
      Content-Length:
      - '140'
      Content-Type:
      - application/json
      User-Agent:
      - azsdk-python-ai-language-questionanswering/1.1.0b2 Python/3.10.0 (Windows-10-10.0.22000-SP0)
    method: PATCH
    uri: https://test-resource.api.cognitive.microsoft.com/language/query-knowledgebases/projects/IssacNewton?api-version=2021-10-01
  response:
    body:
      string: "{\n  \"projectName\": \"IssacNewton\",\n  \"description\": \"biography
        of Sir Issac Newton\",\n  \"language\": \"en\",\n  \"multilingualResource\":
        false,\n  \"createdDateTime\": \"2022-08-02T22:07:25Z\",\n  \"lastModifiedDateTime\":
        \"2022-08-02T22:31:40Z\",\n  \"lastDeployedDateTime\": \"2022-08-02T22:29:41Z\",\n
        \ \"settings\": {\n    \"defaultAnswer\": \"no answer\"\n  }\n}"
    headers:
      apim-request-id:
      - 84ba4960-fc22-4534-ba04-5cca6d8e5bc3
      content-length:
      - '336'
      content-type:
      - application/json; charset=utf-8
      date:
      - Tue, 02 Aug 2022 22:31:40 GMT
      strict-transport-security:
      - max-age=31536000; includeSubDomains; preload
      x-content-type-options:
      - nosniff
      x-envoy-upstream-service-time:
      - '26'
    status:
      code: 200
      message: OK
- request:
    body: null
    headers:
      Accept:
      - application/json
      Accept-Encoding:
      - gzip, deflate
      Connection:
      - keep-alive
      Content-Length:
      - '0'
      User-Agent:
      - azsdk-python-ai-language-questionanswering/1.1.0b2 Python/3.10.0 (Windows-10-10.0.22000-SP0)
    method: POST
    uri: https://test-resource.api.cognitive.microsoft.com/language/query-knowledgebases/projects/IssacNewton/:export?api-version=2021-10-01&format=json
  response:
    body:
      string: ''
    headers:
      apim-request-id:
      - 76257353-9acd-474f-b529-9733b29667f3
      content-length:
      - '0'
      date:
      - Tue, 02 Aug 2022 22:31:40 GMT
      operation-location:
      - https://languagesdkresource.cognitiveservices.azure.com:443/language/query-knowledgebases/projects/IssacNewton/export/jobs/fbea7c0b-7603-4a9e-b500-bf59ea2590a5?api-version=2021-10-01
      strict-transport-security:
      - max-age=31536000; includeSubDomains; preload
      x-content-type-options:
      - nosniff
      x-envoy-upstream-service-time:
      - '30'
    status:
      code: 202
      message: Accepted
- request:
    body: null
    headers:
      Accept:
      - '*/*'
      Accept-Encoding:
      - gzip, deflate
      Connection:
      - keep-alive
      User-Agent:
      - azsdk-python-ai-language-questionanswering/1.1.0b2 Python/3.10.0 (Windows-10-10.0.22000-SP0)
    method: GET
    uri: https://test-resource.api.cognitive.microsoft.com/language/query-knowledgebases/projects/IssacNewton/export/jobs/fbea7c0b-7603-4a9e-b500-bf59ea2590a5?api-version=2021-10-01
  response:
    body:
      string: "{\n  \"createdDateTime\": \"2022-08-02T22:31:40+00:00\",\n  \"expirationDateTime\":
        \"2022-08-03T04:31:40+00:00\",\n  \"jobId\": \"fbea7c0b-7603-4a9e-b500-bf59ea2590a5\",\n
        \ \"lastUpdatedDateTime\": \"2022-08-02T22:31:40+00:00\",\n  \"status\": \"notStarted\"\n}"
    headers:
      apim-request-id:
      - 8a049664-4932-4446-a4cd-0d7966c79e26
      content-length:
      - '236'
      content-type:
      - application/json; charset=utf-8
      date:
      - Tue, 02 Aug 2022 22:31:40 GMT
      strict-transport-security:
      - max-age=31536000; includeSubDomains; preload
      x-content-type-options:
      - nosniff
      x-envoy-upstream-service-time:
      - '13'
    status:
      code: 200
      message: OK
- request:
    body: null
    headers:
      Accept:
      - '*/*'
      Accept-Encoding:
      - gzip, deflate
      Connection:
      - keep-alive
      User-Agent:
      - azsdk-python-ai-language-questionanswering/1.1.0b2 Python/3.10.0 (Windows-10-10.0.22000-SP0)
    method: GET
    uri: https://test-resource.api.cognitive.microsoft.com/language/query-knowledgebases/projects/IssacNewton/export/jobs/fbea7c0b-7603-4a9e-b500-bf59ea2590a5?api-version=2021-10-01
  response:
    body:
      string: "{\n  \"createdDateTime\": \"2022-08-02T22:31:40+00:00\",\n  \"expirationDateTime\":
        \"2022-08-03T04:31:40+00:00\",\n  \"jobId\": \"fbea7c0b-7603-4a9e-b500-bf59ea2590a5\",\n
        \ \"lastUpdatedDateTime\": \"2022-08-02T22:31:43+00:00\",\n  \"status\": \"succeeded\",\n
        \ \"resultUrl\": \"https://languagesdkresource.cognitiveservices.azure.com:443/language/query-knowledgebases/projects/IssacNewton/export/jobs/fbea7c0b-7603-4a9e-b500-bf59ea2590a5/result?api-version=2021-10-01\"\n}"
    headers:
      apim-request-id:
      - 1acd190b-8844-46f9-9f4d-d3d81aaf6d82
      content-length:
      - '443'
      content-type:
      - application/json; charset=utf-8
      date:
      - Tue, 02 Aug 2022 22:32:11 GMT
      strict-transport-security:
      - max-age=31536000; includeSubDomains; preload
      x-content-type-options:
      - nosniff
      x-envoy-upstream-service-time:
      - '11'
    status:
      code: 200
      message: OK
- request:
    body: null
    headers:
      Accept:
      - application/json
      Accept-Encoding:
      - gzip, deflate
      Connection:
      - keep-alive
      Content-Length:
      - '0'
      User-Agent:
      - azsdk-python-ai-language-questionanswering/1.1.0b2 Python/3.10.0 (Windows-10-10.0.22000-SP0)
    method: DELETE
    uri: https://test-resource.api.cognitive.microsoft.com/language/query-knowledgebases/projects/IssacNewton?api-version=2021-10-01
  response:
    body:
      string: ''
    headers:
      apim-request-id:
      - 7f032ef1-8a43-40b4-80f7-3821e4d8737b
      content-length:
      - '0'
      date:
      - Tue, 02 Aug 2022 22:32:15 GMT
      operation-location:
      - https://languagesdkresource.cognitiveservices.azure.com:443/language/query-knowledgebases/projects/deletion-jobs/7e875af8-2235-4d75-940a-c032fc0a4ee1?api-version=2021-10-01
      strict-transport-security:
      - max-age=31536000; includeSubDomains; preload
      x-content-type-options:
      - nosniff
      x-envoy-upstream-service-time:
      - '4700'
    status:
      code: 202
      message: Accepted
- request:
    body: null
    headers:
      Accept:
      - '*/*'
      Accept-Encoding:
      - gzip, deflate
      Connection:
      - keep-alive
      User-Agent:
      - azsdk-python-ai-language-questionanswering/1.1.0b2 Python/3.10.0 (Windows-10-10.0.22000-SP0)
    method: GET
    uri: https://test-resource.api.cognitive.microsoft.com/language/query-knowledgebases/projects/deletion-jobs/7e875af8-2235-4d75-940a-c032fc0a4ee1?api-version=2021-10-01
  response:
    body:
      string: "{\n  \"createdDateTime\": \"2022-08-02T22:32:16+00:00\",\n  \"expirationDateTime\":
        \"2022-08-03T04:32:16+00:00\",\n  \"jobId\": \"7e875af8-2235-4d75-940a-c032fc0a4ee1\",\n
        \ \"lastUpdatedDateTime\": \"2022-08-02T22:32:16+00:00\",\n  \"status\": \"succeeded\"\n}"
    headers:
      apim-request-id:
      - 0b53d843-703b-48b3-8e19-846aa677573e
      content-length:
      - '235'
      content-type:
      - application/json; charset=utf-8
      date:
      - Tue, 02 Aug 2022 22:32:15 GMT
      strict-transport-security:
      - max-age=31536000; includeSubDomains; preload
      x-content-type-options:
      - nosniff
      x-envoy-upstream-service-time:
      - '11'
    status:
      code: 200
      message: OK
- request:
    body: '{"Metadata": {"ProjectName": "IssacNewton", "Description": "biography of
      Sir Issac Newton", "Language": "en", "MultilingualResource": false, "Settings":
      {"DefaultAnswer": "no answer"}}}'
    headers:
      Accept:
      - application/json
      Accept-Encoding:
      - gzip, deflate
      Connection:
      - keep-alive
      Content-Length:
      - '185'
      Content-Type:
      - application/json
      User-Agent:
      - azsdk-python-ai-language-questionanswering/1.1.0b2 Python/3.10.0 (Windows-10-10.0.22000-SP0)
    method: POST
    uri: https://test-resource.api.cognitive.microsoft.com/language/query-knowledgebases/projects/IssacNewton/:import?api-version=2021-10-01&format=json
  response:
    body:
      string: ''
    headers:
      apim-request-id:
      - a878846e-efc9-4c0a-b993-2d5a4b049c7e
      content-length:
      - '0'
      date:
      - Tue, 02 Aug 2022 22:32:16 GMT
      operation-location:
      - https://languagesdkresource.cognitiveservices.azure.com:443/language/query-knowledgebases/projects/IssacNewton/import/jobs/fa4e8f48-5fdd-45b5-aab9-e49dfd2906db?api-version=2021-10-01
      strict-transport-security:
      - max-age=31536000; includeSubDomains; preload
      x-content-type-options:
      - nosniff
      x-envoy-upstream-service-time:
      - '35'
    status:
      code: 202
      message: Accepted
- request:
    body: null
    headers:
      Accept:
      - '*/*'
      Accept-Encoding:
      - gzip, deflate
      Connection:
      - keep-alive
      User-Agent:
      - azsdk-python-ai-language-questionanswering/1.1.0b2 Python/3.10.0 (Windows-10-10.0.22000-SP0)
    method: GET
    uri: https://test-resource.api.cognitive.microsoft.com/language/query-knowledgebases/projects/IssacNewton/import/jobs/fa4e8f48-5fdd-45b5-aab9-e49dfd2906db?api-version=2021-10-01
  response:
    body:
      string: "{\n  \"createdDateTime\": \"2022-08-02T22:32:16+00:00\",\n  \"expirationDateTime\":
        \"2022-08-03T04:32:16+00:00\",\n  \"jobId\": \"fa4e8f48-5fdd-45b5-aab9-e49dfd2906db\",\n
        \ \"lastUpdatedDateTime\": \"2022-08-02T22:32:16+00:00\",\n  \"status\": \"notStarted\"\n}"
    headers:
      apim-request-id:
      - 24ad09bc-5931-4eec-bb74-22fc57c64cff
      content-length:
      - '236'
      content-type:
      - application/json; charset=utf-8
      date:
      - Tue, 02 Aug 2022 22:32:16 GMT
      strict-transport-security:
      - max-age=31536000; includeSubDomains; preload
      x-content-type-options:
      - nosniff
      x-envoy-upstream-service-time:
      - '7'
    status:
      code: 200
      message: OK
- request:
    body: null
    headers:
      Accept:
      - '*/*'
      Accept-Encoding:
      - gzip, deflate
      Connection:
      - keep-alive
      User-Agent:
      - azsdk-python-ai-language-questionanswering/1.1.0b2 Python/3.10.0 (Windows-10-10.0.22000-SP0)
    method: GET
    uri: https://test-resource.api.cognitive.microsoft.com/language/query-knowledgebases/projects/IssacNewton/import/jobs/fa4e8f48-5fdd-45b5-aab9-e49dfd2906db?api-version=2021-10-01
  response:
    body:
      string: "{\n  \"createdDateTime\": \"2022-08-02T22:32:16+00:00\",\n  \"expirationDateTime\":
        \"2022-08-03T04:32:16+00:00\",\n  \"jobId\": \"fa4e8f48-5fdd-45b5-aab9-e49dfd2906db\",\n
        \ \"lastUpdatedDateTime\": \"2022-08-02T22:32:21+00:00\",\n  \"status\": \"succeeded\"\n}"
    headers:
      apim-request-id:
      - c47f2d38-19b3-45e0-9ff6-c3b6671ab23f
      content-length:
      - '235'
      content-type:
      - application/json; charset=utf-8
      date:
      - Tue, 02 Aug 2022 22:32:46 GMT
      strict-transport-security:
      - max-age=31536000; includeSubDomains; preload
      x-content-type-options:
      - nosniff
      x-envoy-upstream-service-time:
      - '11'
    status:
      code: 200
      message: OK
- request:
    body: null
    headers:
      Accept:
      - application/json
      Accept-Encoding:
      - gzip, deflate
      Connection:
      - keep-alive
      User-Agent:
      - azsdk-python-ai-language-questionanswering/1.1.0b2 Python/3.10.0 (Windows-10-10.0.22000-SP0)
    method: GET
    uri: https://test-resource.api.cognitive.microsoft.com/language/query-knowledgebases/projects?api-version=2021-10-01
  response:
    body:
      string: "{\n  \"value\": [\n    {\n      \"projectName\": \"IssacNewton\",\n
        \     \"description\": \"biography of Sir Issac Newton\",\n      \"language\":
        \"en\",\n      \"multilingualResource\": false,\n      \"createdDateTime\":
        \"2022-08-02T22:32:19Z\",\n      \"lastModifiedDateTime\": \"2022-08-02T22:32:19Z\",\n
        \     \"settings\": {\n        \"defaultAnswer\": \"no answer\"\n      }\n
        \   },\n    {\n      \"projectName\": \"QnaScriptDeployed\",\n      \"description\":
        \"magdytest\",\n      \"language\": \"en\",\n      \"multilingualResource\":
        false,\n      \"createdDateTime\": \"2022-06-05T12:32:12Z\",\n      \"lastModifiedDateTime\":
        \"2022-06-05T12:32:19Z\",\n      \"lastDeployedDateTime\": \"2022-06-05T12:32:52Z\",\n
        \     \"settings\": {\n        \"defaultAnswer\": \"No good match found in
        KB\"\n      }\n    },\n    {\n      \"projectName\": \"TestProject1005386714\",\n
        \     \"description\": \"This is the description for a test project\",\n      \"language\":
        \"en\",\n      \"multilingualResource\": false,\n      \"createdDateTime\":
        \"2022-07-31T13:49:28Z\",\n      \"lastModifiedDateTime\": \"2022-07-31T13:49:28Z\",\n
        \     \"settings\": {\n        \"defaultAnswer\": \"No answer found for your
        question.\"\n      }\n    },\n    {\n      \"projectName\": \"TestProject1010534792\",\n
        \     \"description\": \"This is the description for a test project\",\n      \"language\":
        \"en\",\n      \"multilingualResource\": false,\n      \"createdDateTime\":
        \"2022-07-31T13:49:32Z\",\n      \"lastModifiedDateTime\": \"2022-07-31T13:49:32Z\",\n
        \     \"settings\": {\n        \"defaultAnswer\": \"No answer found for your
        question.\"\n      }\n    },\n    {\n      \"projectName\": \"TestProject1011091028\",\n
        \     \"description\": \"This is the description for a test project\",\n      \"language\":
        \"en\",\n      \"multilingualResource\": false,\n      \"createdDateTime\":
        \"2022-07-31T13:47:06Z\",\n      \"lastModifiedDateTime\": \"2022-07-31T13:47:06Z\",\n
        \     \"settings\": {\n        \"defaultAnswer\": \"No answer found for your
        question.\"\n      }\n    },\n    {\n      \"projectName\": \"TestProject1014415802\",\n
        \     \"description\": \"This is the description for a test project\",\n      \"language\":
        \"en\",\n      \"multilingualResource\": false,\n      \"createdDateTime\":
        \"2022-07-31T13:43:43Z\",\n      \"lastModifiedDateTime\": \"2022-07-31T13:43:43Z\",\n
        \     \"settings\": {\n        \"defaultAnswer\": \"No answer found for your
        question.\"\n      }\n    },\n    {\n      \"projectName\": \"TestProject1014540973\",\n
        \     \"description\": \"This is the description for a test project\",\n      \"language\":
        \"en\",\n      \"multilingualResource\": false,\n      \"createdDateTime\":
        \"2022-06-17T13:23:26Z\",\n      \"lastModifiedDateTime\": \"2022-06-17T13:23:26Z\",\n
        \     \"settings\": {\n        \"defaultAnswer\": \"No answer found for your
        question.\"\n      }\n    },\n    {\n      \"projectName\": \"TestProject1015716663\",\n
        \     \"description\": \"This is the description for a test project\",\n      \"language\":
        \"en\",\n      \"multilingualResource\": false,\n      \"createdDateTime\":
        \"2022-06-07T13:33:13Z\",\n      \"lastModifiedDateTime\": \"2022-06-07T13:33:13Z\",\n
        \     \"settings\": {\n        \"defaultAnswer\": \"No answer found for your
        question.\"\n      }\n    },\n    {\n      \"projectName\": \"TestProject102439132\",\n
        \     \"description\": \"This is the description for a test project\",\n      \"language\":
        \"en\",\n      \"multilingualResource\": false,\n      \"createdDateTime\":
        \"2022-06-10T13:29:23Z\",\n      \"lastModifiedDateTime\": \"2022-06-10T13:29:23Z\",\n
        \     \"settings\": {\n        \"defaultAnswer\": \"No answer found for your
        question.\"\n      }\n    },\n    {\n      \"projectName\": \"TestProject1038445251\",\n
        \     \"description\": \"This is the description for a test project\",\n      \"language\":
        \"en\",\n      \"multilingualResource\": false,\n      \"createdDateTime\":
        \"2022-06-07T13:33:20Z\",\n      \"lastModifiedDateTime\": \"2022-06-07T13:33:20Z\",\n
        \     \"settings\": {\n        \"defaultAnswer\": \"No answer found for your
        question.\"\n      }\n    },\n    {\n      \"projectName\": \"TestProject1041702323\",\n
        \     \"description\": \"This is the description for a test project\",\n      \"language\":
        \"en\",\n      \"multilingualResource\": false,\n      \"createdDateTime\":
        \"2022-06-19T13:42:25Z\",\n      \"lastModifiedDateTime\": \"2022-06-19T13:42:25Z\",\n
        \     \"settings\": {\n        \"defaultAnswer\": \"No answer found for your
        question.\"\n      }\n    },\n    {\n      \"projectName\": \"TestProject1042459035\",\n
        \     \"description\": \"This is the description for a test project\",\n      \"language\":
        \"en\",\n      \"multilingualResource\": false,\n      \"createdDateTime\":
        \"2022-07-20T13:29:59Z\",\n      \"lastModifiedDateTime\": \"2022-07-20T13:29:59Z\",\n
        \     \"settings\": {\n        \"defaultAnswer\": \"No answer found for your
        question.\"\n      }\n    },\n    {\n      \"projectName\": \"TestProject1042616810\",\n
        \     \"description\": \"This is the description for a test project\",\n      \"language\":
        \"en\",\n      \"multilingualResource\": false,\n      \"createdDateTime\":
        \"2022-06-09T13:29:43Z\",\n      \"lastModifiedDateTime\": \"2022-06-09T13:29:43Z\",\n
        \     \"settings\": {\n        \"defaultAnswer\": \"No answer found for your
        question.\"\n      }\n    },\n    {\n      \"projectName\": \"TestProject105922703\",\n
        \     \"description\": \"This is the description for a test project\",\n      \"language\":
        \"en\",\n      \"multilingualResource\": false,\n      \"createdDateTime\":
        \"2022-06-16T13:30:28Z\",\n      \"lastModifiedDateTime\": \"2022-06-16T13:30:28Z\",\n
        \     \"settings\": {\n        \"defaultAnswer\": \"No answer found for your
        question.\"\n      }\n    },\n    {\n      \"projectName\": \"TestProject1061522420\",\n
        \     \"description\": \"This is the description for a test project\",\n      \"language\":
        \"en\",\n      \"multilingualResource\": false,\n      \"createdDateTime\":
        \"2022-06-13T14:20:13Z\",\n      \"lastModifiedDateTime\": \"2022-06-13T14:20:13Z\",\n
        \     \"settings\": {\n        \"defaultAnswer\": \"No answer found for your
        question.\"\n      }\n    },\n    {\n      \"projectName\": \"TestProject1074185204\",\n
        \     \"description\": \"This is the description for a test project\",\n      \"language\":
        \"en\",\n      \"multilingualResource\": false,\n      \"createdDateTime\":
        \"2022-06-07T13:34:02Z\",\n      \"lastModifiedDateTime\": \"2022-06-07T13:34:02Z\",\n
        \     \"settings\": {\n        \"defaultAnswer\": \"No answer found for your
        question.\"\n      }\n    },\n    {\n      \"projectName\": \"TestProject1074882401\",\n
        \     \"description\": \"This is the description for a test project\",\n      \"language\":
        \"en\",\n      \"multilingualResource\": false,\n      \"createdDateTime\":
        \"2022-06-11T13:39:57Z\",\n      \"lastModifiedDateTime\": \"2022-06-11T13:39:57Z\",\n
        \     \"settings\": {\n        \"defaultAnswer\": \"No answer found for your
        question.\"\n      }\n    },\n    {\n      \"projectName\": \"TestProject1076471656\",\n
        \     \"description\": \"This is the description for a test project\",\n      \"language\":
        \"en\",\n      \"multilingualResource\": false,\n      \"createdDateTime\":
        \"2022-07-31T13:45:26Z\",\n      \"lastModifiedDateTime\": \"2022-07-31T13:45:26Z\",\n
        \     \"settings\": {\n        \"defaultAnswer\": \"No answer found for your
        question.\"\n      }\n    },\n    {\n      \"projectName\": \"TestProject10781810\",\n
        \     \"description\": \"This is the description for a test project\",\n      \"language\":
        \"en\",\n      \"multilingualResource\": false,\n      \"createdDateTime\":
        \"2022-07-21T13:30:07Z\",\n      \"lastModifiedDateTime\": \"2022-07-21T13:30:07Z\",\n
        \     \"settings\": {\n        \"defaultAnswer\": \"No answer found for your
        question.\"\n      }\n    },\n    {\n      \"projectName\": \"TestProject10816809\",\n
        \     \"description\": \"This is the description for a test project\",\n      \"language\":
        \"en\",\n      \"multilingualResource\": false,\n      \"createdDateTime\":
        \"2022-07-20T13:26:30Z\",\n      \"lastModifiedDateTime\": \"2022-07-20T13:26:30Z\",\n
        \     \"settings\": {\n        \"defaultAnswer\": \"No answer found for your
        question.\"\n      }\n    },\n    {\n      \"projectName\": \"TestProject1082796392\",\n
        \     \"description\": \"This is the description for a test project\",\n      \"language\":
        \"en\",\n      \"multilingualResource\": false,\n      \"createdDateTime\":
        \"2022-07-22T13:26:49Z\",\n      \"lastModifiedDateTime\": \"2022-07-22T13:26:49Z\",\n
        \     \"settings\": {\n        \"defaultAnswer\": \"No answer found for your
        question.\"\n      }\n    },\n    {\n      \"projectName\": \"TestProject1093842223\",\n
        \     \"description\": \"This is the description for a test project\",\n      \"language\":
        \"en\",\n      \"multilingualResource\": false,\n      \"createdDateTime\":
        \"2022-07-29T13:35:07Z\",\n      \"lastModifiedDateTime\": \"2022-07-29T13:35:07Z\",\n
        \     \"settings\": {\n        \"defaultAnswer\": \"No answer found for your
        question.\"\n      }\n    },\n    {\n      \"projectName\": \"TestProject1093946886\",\n
        \     \"description\": \"This is the description for a test project\",\n      \"language\":
        \"en\",\n      \"multilingualResource\": false,\n      \"createdDateTime\":
        \"2022-06-12T13:43:08Z\",\n      \"lastModifiedDateTime\": \"2022-06-12T13:43:08Z\",\n
        \     \"settings\": {\n        \"defaultAnswer\": \"No answer found for your
        question.\"\n      }\n    },\n    {\n      \"projectName\": \"TestProject1097483306\",\n
        \     \"description\": \"This is the description for a test project\",\n      \"language\":
        \"en\",\n      \"multilingualResource\": false,\n      \"createdDateTime\":
        \"2022-07-31T13:46:39Z\",\n      \"lastModifiedDateTime\": \"2022-07-31T13:46:39Z\",\n
        \     \"settings\": {\n        \"defaultAnswer\": \"No answer found for your
        question.\"\n      }\n    },\n    {\n      \"projectName\": \"TestProject1108911307\",\n
        \     \"description\": \"This is the description for a test project\",\n      \"language\":
        \"en\",\n      \"multilingualResource\": false,\n      \"createdDateTime\":
        \"2022-07-29T13:32:38Z\",\n      \"lastModifiedDateTime\": \"2022-07-29T13:32:38Z\",\n
        \     \"settings\": {\n        \"defaultAnswer\": \"No answer found for your
        question.\"\n      }\n    },\n    {\n      \"projectName\": \"TestProject111741939\",\n
        \     \"description\": \"This is the description for a test project\",\n      \"language\":
        \"en\",\n      \"multilingualResource\": false,\n      \"createdDateTime\":
        \"2022-06-08T13:31:06Z\",\n      \"lastModifiedDateTime\": \"2022-06-08T13:31:06Z\",\n
        \     \"settings\": {\n        \"defaultAnswer\": \"No answer found for your
        question.\"\n      }\n    },\n    {\n      \"projectName\": \"TestProject1118120580\",\n
        \     \"description\": \"This is the description for a test project\",\n      \"language\":
        \"en\",\n      \"multilingualResource\": false,\n      \"createdDateTime\":
        \"2022-07-26T13:35:40Z\",\n      \"lastModifiedDateTime\": \"2022-07-26T13:35:40Z\",\n
        \     \"settings\": {\n        \"defaultAnswer\": \"No answer found for your
        question.\"\n      }\n    },\n    {\n      \"projectName\": \"TestProject1123696900\",\n
        \     \"description\": \"This is the description for a test project\",\n      \"language\":
        \"en\",\n      \"multilingualResource\": false,\n      \"createdDateTime\":
        \"2022-07-25T13:32:05Z\",\n      \"lastModifiedDateTime\": \"2022-07-25T13:32:05Z\",\n
        \     \"settings\": {\n        \"defaultAnswer\": \"No answer found for your
        question.\"\n      }\n    },\n    {\n      \"projectName\": \"TestProject1123817843\",\n
        \     \"description\": \"This is the description for a test project\",\n      \"language\":
        \"en\",\n      \"multilingualResource\": false,\n      \"createdDateTime\":
        \"2022-06-17T13:29:18Z\",\n      \"lastModifiedDateTime\": \"2022-06-17T13:29:18Z\",\n
        \     \"settings\": {\n        \"defaultAnswer\": \"No answer found for your
        question.\"\n      }\n    },\n    {\n      \"projectName\": \"TestProject1124835331\",\n
        \     \"description\": \"This is the description for a test project\",\n      \"language\":
        \"en\",\n      \"multilingualResource\": false,\n      \"createdDateTime\":
        \"2022-07-25T13:33:34Z\",\n      \"lastModifiedDateTime\": \"2022-07-25T13:33:34Z\",\n
        \     \"settings\": {\n        \"defaultAnswer\": \"No answer found for your
        question.\"\n      }\n    },\n    {\n      \"projectName\": \"TestProject1129142504\",\n
        \     \"description\": \"This is the description for a test project\",\n      \"language\":
        \"en\",\n      \"multilingualResource\": false,\n      \"createdDateTime\":
        \"2022-06-11T13:37:03Z\",\n      \"lastModifiedDateTime\": \"2022-06-11T13:37:03Z\",\n
        \     \"settings\": {\n        \"defaultAnswer\": \"No answer found for your
        question.\"\n      }\n    },\n    {\n      \"projectName\": \"TestProject1138231069\",\n
        \     \"description\": \"This is the description for a test project\",\n      \"language\":
        \"en\",\n      \"multilingualResource\": false,\n      \"createdDateTime\":
        \"2022-06-14T13:30:27Z\",\n      \"lastModifiedDateTime\": \"2022-06-14T13:30:27Z\",\n
        \     \"settings\": {\n        \"defaultAnswer\": \"No answer found for your
        question.\"\n      }\n    },\n    {\n      \"projectName\": \"TestProject1141538652\",\n
        \     \"description\": \"This is the description for a test project\",\n      \"language\":
        \"en\",\n      \"multilingualResource\": false,\n      \"createdDateTime\":
        \"2022-07-23T13:40:45Z\",\n      \"lastModifiedDateTime\": \"2022-07-23T13:40:45Z\",\n
        \     \"settings\": {\n        \"defaultAnswer\": \"No answer found for your
        question.\"\n      }\n    },\n    {\n      \"projectName\": \"TestProject1143032818\",\n
        \     \"description\": \"This is the description for a test project\",\n      \"language\":
        \"en\",\n      \"multilingualResource\": false,\n      \"createdDateTime\":
        \"2022-06-12T13:42:01Z\",\n      \"lastModifiedDateTime\": \"2022-06-12T13:42:01Z\",\n
        \     \"settings\": {\n        \"defaultAnswer\": \"No answer found for your
        question.\"\n      }\n    },\n    {\n      \"projectName\": \"TestProject1146155897\",\n
        \     \"description\": \"This is the description for a test project\",\n      \"language\":
        \"en\",\n      \"multilingualResource\": false,\n      \"createdDateTime\":
        \"2022-07-20T13:28:48Z\",\n      \"lastModifiedDateTime\": \"2022-07-20T13:28:48Z\",\n
        \     \"settings\": {\n        \"defaultAnswer\": \"No answer found for your
        question.\"\n      }\n    },\n    {\n      \"projectName\": \"TestProject1165271657\",\n
        \     \"description\": \"This is the description for a test project\",\n      \"language\":
        \"en\",\n      \"multilingualResource\": false,\n      \"createdDateTime\":
        \"2022-06-16T13:23:46Z\",\n      \"lastModifiedDateTime\": \"2022-06-16T13:23:46Z\",\n
        \     \"settings\": {\n        \"defaultAnswer\": \"No answer found for your
        question.\"\n      }\n    },\n    {\n      \"projectName\": \"TestProject1165311611\",\n
        \     \"description\": \"This is the description for a test project\",\n      \"language\":
        \"en\",\n      \"multilingualResource\": false,\n      \"createdDateTime\":
        \"2022-07-27T13:32:06Z\",\n      \"lastModifiedDateTime\": \"2022-07-27T13:32:06Z\",\n
        \     \"settings\": {\n        \"defaultAnswer\": \"No answer found for your
        question.\"\n      }\n    },\n    {\n      \"projectName\": \"TestProject1171840845\",\n
        \     \"description\": \"This is the description for a test project\",\n      \"language\":
        \"en\",\n      \"multilingualResource\": false,\n      \"createdDateTime\":
        \"2022-07-30T13:50:17Z\",\n      \"lastModifiedDateTime\": \"2022-07-30T13:50:17Z\",\n
        \     \"settings\": {\n        \"defaultAnswer\": \"No answer found for your
        question.\"\n      }\n    },\n    {\n      \"projectName\": \"TestProject1171949097\",\n
        \     \"description\": \"This is the description for a test project\",\n      \"language\":
        \"en\",\n      \"multilingualResource\": false,\n      \"createdDateTime\":
        \"2022-06-19T13:37:41Z\",\n      \"lastModifiedDateTime\": \"2022-06-19T13:37:41Z\",\n
        \     \"settings\": {\n        \"defaultAnswer\": \"No answer found for your
        question.\"\n      }\n    },\n    {\n      \"projectName\": \"TestProject1173680956\",\n
        \     \"description\": \"This is the description for a test project\",\n      \"language\":
        \"en\",\n      \"multilingualResource\": false,\n      \"createdDateTime\":
        \"2022-06-18T13:37:43Z\",\n      \"lastModifiedDateTime\": \"2022-06-18T13:37:43Z\",\n
        \     \"settings\": {\n        \"defaultAnswer\": \"No answer found for your
        question.\"\n      }\n    },\n    {\n      \"projectName\": \"TestProject1175958976\",\n
        \     \"description\": \"This is the description for a test project\",\n      \"language\":
        \"en\",\n      \"multilingualResource\": false,\n      \"createdDateTime\":
        \"2022-07-21T13:28:14Z\",\n      \"lastModifiedDateTime\": \"2022-07-21T13:28:14Z\",\n
        \     \"settings\": {\n        \"defaultAnswer\": \"No answer found for your
        question.\"\n      }\n    },\n    {\n      \"projectName\": \"TestProject1181191113\",\n
        \     \"description\": \"This is the description for a test project\",\n      \"language\":
        \"en\",\n      \"multilingualResource\": false,\n      \"createdDateTime\":
        \"2022-06-18T13:40:18Z\",\n      \"lastModifiedDateTime\": \"2022-06-18T13:40:18Z\",\n
        \     \"settings\": {\n        \"defaultAnswer\": \"No answer found for your
        question.\"\n      }\n    },\n    {\n      \"projectName\": \"TestProject118210956\",\n
        \     \"description\": \"This is the description for a test project\",\n      \"language\":
        \"en\",\n      \"multilingualResource\": false,\n      \"createdDateTime\":
        \"2022-07-29T13:29:18Z\",\n      \"lastModifiedDateTime\": \"2022-07-29T13:29:18Z\",\n
        \     \"settings\": {\n        \"defaultAnswer\": \"No answer found for your
        question.\"\n      }\n    },\n    {\n      \"projectName\": \"TestProject118585635\",\n
        \     \"description\": \"This is the description for a test project\",\n      \"language\":
        \"en\",\n      \"multilingualResource\": false,\n      \"createdDateTime\":
        \"2022-07-23T13:39:36Z\",\n      \"lastModifiedDateTime\": \"2022-07-23T13:39:36Z\",\n
        \     \"settings\": {\n        \"defaultAnswer\": \"No answer found for your
        question.\"\n      }\n    },\n    {\n      \"projectName\": \"TestProject1188147917\",\n
        \     \"description\": \"This is the description for a test project\",\n      \"language\":
        \"en\",\n      \"multilingualResource\": false,\n      \"createdDateTime\":
        \"2022-06-16T13:28:02Z\",\n      \"lastModifiedDateTime\": \"2022-06-16T13:28:02Z\",\n
        \     \"settings\": {\n        \"defaultAnswer\": \"No answer found for your
        question.\"\n      }\n    },\n    {\n      \"projectName\": \"TestProject119477917\",\n
        \     \"description\": \"This is the description for a test project\",\n      \"language\":
        \"en\",\n      \"multilingualResource\": false,\n      \"createdDateTime\":
        \"2022-06-13T14:17:42Z\",\n      \"lastModifiedDateTime\": \"2022-06-13T14:17:42Z\",\n
        \     \"settings\": {\n        \"defaultAnswer\": \"No answer found for your
        question.\"\n      }\n    },\n    {\n      \"projectName\": \"TestProject1216054843\",\n
        \     \"description\": \"This is the description for a test project\",\n      \"language\":
        \"en\",\n      \"multilingualResource\": false,\n      \"createdDateTime\":
        \"2022-07-30T13:46:22Z\",\n      \"lastModifiedDateTime\": \"2022-07-30T13:46:22Z\",\n
        \     \"settings\": {\n        \"defaultAnswer\": \"No answer found for your
        question.\"\n      }\n    },\n    {\n      \"projectName\": \"TestProject1216283373\",\n
        \     \"description\": \"This is the description for a test project\",\n      \"language\":
        \"en\",\n      \"multilingualResource\": false,\n      \"createdDateTime\":
        \"2022-07-30T13:43:22Z\",\n      \"lastModifiedDateTime\": \"2022-07-30T13:43:22Z\",\n
        \     \"settings\": {\n        \"defaultAnswer\": \"No answer found for your
        question.\"\n      }\n    },\n    {\n      \"projectName\": \"TestProject1226979092\",\n
        \     \"description\": \"This is the description for a test project\",\n      \"language\":
        \"en\",\n      \"multilingualResource\": false,\n      \"createdDateTime\":
        \"2022-07-25T13:35:29Z\",\n      \"lastModifiedDateTime\": \"2022-07-25T13:35:29Z\",\n
        \     \"settings\": {\n        \"defaultAnswer\": \"No answer found for your
        question.\"\n      }\n    },\n    {\n      \"projectName\": \"TestProject1233499146\",\n
        \     \"description\": \"This is the description for a test project\",\n      \"language\":
        \"en\",\n      \"multilingualResource\": false,\n      \"createdDateTime\":
        \"2022-07-29T13:35:14Z\",\n      \"lastModifiedDateTime\": \"2022-07-29T13:35:14Z\",\n
        \     \"settings\": {\n        \"defaultAnswer\": \"No answer found for your
        question.\"\n      }\n    },\n    {\n      \"projectName\": \"TestProject1234200189\",\n
        \     \"description\": \"This is the description for a test project\",\n      \"language\":
        \"en\",\n      \"multilingualResource\": false,\n      \"createdDateTime\":
        \"2022-07-28T13:28:05Z\",\n      \"lastModifiedDateTime\": \"2022-07-28T13:28:05Z\",\n
        \     \"settings\": {\n        \"defaultAnswer\": \"No answer found for your
        question.\"\n      }\n    },\n    {\n      \"projectName\": \"TestProject1234811907\",\n
        \     \"description\": \"This is the description for a test project\",\n      \"language\":
        \"en\",\n      \"multilingualResource\": false,\n      \"createdDateTime\":
        \"2022-07-28T13:35:33Z\",\n      \"lastModifiedDateTime\": \"2022-07-28T13:35:33Z\",\n
        \     \"settings\": {\n        \"defaultAnswer\": \"No answer found for your
        question.\"\n      }\n    },\n    {\n      \"projectName\": \"TestProject1236162516\",\n
        \     \"description\": \"This is the description for a test project\",\n      \"language\":
        \"en\",\n      \"multilingualResource\": false,\n      \"createdDateTime\":
        \"2022-07-26T13:33:06Z\",\n      \"lastModifiedDateTime\": \"2022-07-26T13:33:06Z\",\n
        \     \"settings\": {\n        \"defaultAnswer\": \"No answer found for your
        question.\"\n      }\n    },\n    {\n      \"projectName\": \"TestProject1247711187\",\n
        \     \"description\": \"This is the description for a test project\",\n      \"language\":
        \"en\",\n      \"multilingualResource\": false,\n      \"createdDateTime\":
        \"2022-07-29T13:29:19Z\",\n      \"lastModifiedDateTime\": \"2022-07-29T13:29:19Z\",\n
        \     \"settings\": {\n        \"defaultAnswer\": \"No answer found for your
        question.\"\n      }\n    },\n    {\n      \"projectName\": \"TestProject1248771847\",\n
        \     \"description\": \"This is the description for a test project\",\n      \"language\":
        \"en\",\n      \"multilingualResource\": false,\n      \"createdDateTime\":
        \"2022-07-31T13:46:09Z\",\n      \"lastModifiedDateTime\": \"2022-07-31T13:46:09Z\",\n
        \     \"settings\": {\n        \"defaultAnswer\": \"No answer found for your
        question.\"\n      }\n    },\n    {\n      \"projectName\": \"TestProject1251388013\",\n
        \     \"description\": \"This is the description for a test project\",\n      \"language\":
        \"en\",\n      \"multilingualResource\": false,\n      \"createdDateTime\":
        \"2022-06-19T13:40:45Z\",\n      \"lastModifiedDateTime\": \"2022-06-19T13:40:45Z\",\n
        \     \"settings\": {\n        \"defaultAnswer\": \"No answer found for your
        question.\"\n      }\n    },\n    {\n      \"projectName\": \"TestProject1257869414\",\n
        \     \"description\": \"This is the description for a test project\",\n      \"language\":
        \"en\",\n      \"multilingualResource\": false,\n      \"createdDateTime\":
        \"2022-06-10T13:29:14Z\",\n      \"lastModifiedDateTime\": \"2022-06-10T13:29:14Z\",\n
        \     \"settings\": {\n        \"defaultAnswer\": \"No answer found for your
        question.\"\n      }\n    },\n    {\n      \"projectName\": \"TestProject1258899705\",\n
        \     \"description\": \"This is the description for a test project\",\n      \"language\":
        \"en\",\n      \"multilingualResource\": false,\n      \"createdDateTime\":
        \"2022-06-12T13:41:08Z\",\n      \"lastModifiedDateTime\": \"2022-06-12T13:41:08Z\",\n
        \     \"settings\": {\n        \"defaultAnswer\": \"No answer found for your
        question.\"\n      }\n    },\n    {\n      \"projectName\": \"TestProject1263585716\",\n
        \     \"description\": \"This is the description for a test project\",\n      \"language\":
        \"en\",\n      \"multilingualResource\": false,\n      \"createdDateTime\":
        \"2022-07-30T13:45:39Z\",\n      \"lastModifiedDateTime\": \"2022-07-30T13:45:39Z\",\n
        \     \"settings\": {\n        \"defaultAnswer\": \"No answer found for your
        question.\"\n      }\n    },\n    {\n      \"projectName\": \"TestProject1271678884\",\n
        \     \"description\": \"This is the description for a test project\",\n      \"language\":
        \"en\",\n      \"multilingualResource\": false,\n      \"createdDateTime\":
        \"2022-06-15T13:23:28Z\",\n      \"lastModifiedDateTime\": \"2022-06-15T13:23:28Z\",\n
        \     \"settings\": {\n        \"defaultAnswer\": \"No answer found for your
        question.\"\n      }\n    },\n    {\n      \"projectName\": \"TestProject1285350951\",\n
        \     \"description\": \"This is the description for a test project\",\n      \"language\":
        \"en\",\n      \"multilingualResource\": false,\n      \"createdDateTime\":
        \"2022-07-23T13:41:25Z\",\n      \"lastModifiedDateTime\": \"2022-07-23T13:41:25Z\",\n
        \     \"settings\": {\n        \"defaultAnswer\": \"No answer found for your
        question.\"\n      }\n    },\n    {\n      \"projectName\": \"TestProject1285412136\",\n
        \     \"description\": \"This is the description for a test project\",\n      \"language\":
        \"en\",\n      \"multilingualResource\": false,\n      \"createdDateTime\":
        \"2022-08-01T13:32:24Z\",\n      \"lastModifiedDateTime\": \"2022-08-01T13:32:24Z\",\n
        \     \"settings\": {\n        \"defaultAnswer\": \"No answer found for your
        question.\"\n      }\n    },\n    {\n      \"projectName\": \"TestProject1298299360\",\n
        \     \"description\": \"This is the description for a test project\",\n      \"language\":
        \"en\",\n      \"multilingualResource\": false,\n      \"createdDateTime\":
        \"2022-08-01T13:35:17Z\",\n      \"lastModifiedDateTime\": \"2022-08-01T13:35:17Z\",\n
        \     \"settings\": {\n        \"defaultAnswer\": \"No answer found for your
        question.\"\n      }\n    },\n    {\n      \"projectName\": \"TestProject1306614338\",\n
        \     \"description\": \"This is the description for a test project\",\n      \"language\":
        \"en\",\n      \"multilingualResource\": false,\n      \"createdDateTime\":
        \"2022-06-16T13:29:22Z\",\n      \"lastModifiedDateTime\": \"2022-06-16T13:29:22Z\",\n
        \     \"settings\": {\n        \"defaultAnswer\": \"No answer found for your
        question.\"\n      }\n    },\n    {\n      \"projectName\": \"TestProject1319389615\",\n
        \     \"description\": \"This is the description for a test project\",\n      \"language\":
        \"en\",\n      \"multilingualResource\": false,\n      \"createdDateTime\":
        \"2022-07-23T13:42:37Z\",\n      \"lastModifiedDateTime\": \"2022-07-23T13:42:37Z\",\n
        \     \"settings\": {\n        \"defaultAnswer\": \"No answer found for your
        question.\"\n      }\n    },\n    {\n      \"projectName\": \"TestProject1328223888\",\n
        \     \"description\": \"This is the description for a test project\",\n      \"language\":
        \"en\",\n      \"multilingualResource\": false,\n      \"createdDateTime\":
        \"2022-07-26T13:32:07Z\",\n      \"lastModifiedDateTime\": \"2022-07-26T13:32:07Z\",\n
        \     \"settings\": {\n        \"defaultAnswer\": \"No answer found for your
        question.\"\n      }\n    },\n    {\n      \"projectName\": \"TestProject1336693442\",\n
        \     \"description\": \"This is the description for a test project\",\n      \"language\":
        \"en\",\n      \"multilingualResource\": false,\n      \"createdDateTime\":
        \"2022-06-12T13:37:41Z\",\n      \"lastModifiedDateTime\": \"2022-06-12T13:37:41Z\",\n
        \     \"settings\": {\n        \"defaultAnswer\": \"No answer found for your
        question.\"\n      }\n    },\n    {\n      \"projectName\": \"TestProject1368318033\",\n
        \     \"description\": \"This is the description for a test project\",\n      \"language\":
        \"en\",\n      \"multilingualResource\": false,\n      \"createdDateTime\":
        \"2022-07-20T13:28:24Z\",\n      \"lastModifiedDateTime\": \"2022-07-20T13:28:24Z\",\n
        \     \"settings\": {\n        \"defaultAnswer\": \"No answer found for your
        question.\"\n      }\n    },\n    {\n      \"projectName\": \"TestProject1374903561\",\n
        \     \"description\": \"This is the description for a test project\",\n      \"language\":
        \"en\",\n      \"multilingualResource\": false,\n      \"createdDateTime\":
        \"2022-06-12T13:42:02Z\",\n      \"lastModifiedDateTime\": \"2022-06-12T13:42:02Z\",\n
        \     \"settings\": {\n        \"defaultAnswer\": \"No answer found for your
        question.\"\n      }\n    },\n    {\n      \"projectName\": \"TestProject1376296824\",\n
        \     \"description\": \"This is the description for a test project\",\n      \"language\":
        \"en\",\n      \"multilingualResource\": false,\n      \"createdDateTime\":
        \"2022-07-30T13:50:01Z\",\n      \"lastModifiedDateTime\": \"2022-07-30T13:50:01Z\",\n
        \     \"settings\": {\n        \"defaultAnswer\": \"No answer found for your
        question.\"\n      }\n    },\n    {\n      \"projectName\": \"TestProject1377418478\",\n
        \     \"description\": \"This is the description for a test project\",\n      \"language\":
        \"en\",\n      \"multilingualResource\": false,\n      \"createdDateTime\":
        \"2022-06-09T13:23:40Z\",\n      \"lastModifiedDateTime\": \"2022-06-09T13:23:40Z\",\n
        \     \"settings\": {\n        \"defaultAnswer\": \"No answer found for your
        question.\"\n      }\n    },\n    {\n      \"projectName\": \"TestProject1379938478\",\n
        \     \"description\": \"This is the description for a test project\",\n      \"language\":
        \"en\",\n      \"multilingualResource\": false,\n      \"createdDateTime\":
        \"2022-07-20T13:26:34Z\",\n      \"lastModifiedDateTime\": \"2022-07-20T13:26:34Z\",\n
        \     \"settings\": {\n        \"defaultAnswer\": \"No answer found for your
        question.\"\n      }\n    },\n    {\n      \"projectName\": \"TestProject1383320844\",\n
        \     \"description\": \"This is the description for a test project\",\n      \"language\":
        \"en\",\n      \"multilingualResource\": false,\n      \"createdDateTime\":
        \"2022-06-18T13:42:40Z\",\n      \"lastModifiedDateTime\": \"2022-06-18T13:42:40Z\",\n
        \     \"settings\": {\n        \"defaultAnswer\": \"No answer found for your
        question.\"\n      }\n    },\n    {\n      \"projectName\": \"TestProject1384524355\",\n
        \     \"description\": \"This is the description for a test project\",\n      \"language\":
        \"en\",\n      \"multilingualResource\": false,\n      \"createdDateTime\":
        \"2022-06-11T13:38:56Z\",\n      \"lastModifiedDateTime\": \"2022-06-11T13:38:56Z\",\n
        \     \"settings\": {\n        \"defaultAnswer\": \"No answer found for your
        question.\"\n      }\n    },\n    {\n      \"projectName\": \"TestProject1395885332\",\n
        \     \"description\": \"This is the description for a test project\",\n      \"language\":
        \"en\",\n      \"multilingualResource\": false,\n      \"createdDateTime\":
        \"2022-07-31T13:43:17Z\",\n      \"lastModifiedDateTime\": \"2022-07-31T13:43:17Z\",\n
        \     \"settings\": {\n        \"defaultAnswer\": \"No answer found for your
        question.\"\n      }\n    },\n    {\n      \"projectName\": \"TestProject139605965\",\n
        \     \"description\": \"This is the description for a test project\",\n      \"language\":
        \"en\",\n      \"multilingualResource\": false,\n      \"createdDateTime\":
        \"2022-07-24T13:45:17Z\",\n      \"lastModifiedDateTime\": \"2022-07-24T13:45:17Z\",\n
        \     \"settings\": {\n        \"defaultAnswer\": \"No answer found for your
        question.\"\n      }\n    },\n    {\n      \"projectName\": \"TestProject1396276820\",\n
        \     \"description\": \"This is the description for a test project\",\n      \"language\":
        \"en\",\n      \"multilingualResource\": false,\n      \"createdDateTime\":
        \"2022-07-29T13:36:18Z\",\n      \"lastModifiedDateTime\": \"2022-07-29T13:36:18Z\",\n
        \     \"settings\": {\n        \"defaultAnswer\": \"No answer found for your
        question.\"\n      }\n    },\n    {\n      \"projectName\": \"TestProject140291843\",\n
        \     \"description\": \"This is the description for a test project\",\n      \"language\":
        \"en\",\n      \"multilingualResource\": false,\n      \"createdDateTime\":
        \"2022-08-02T22:11:30Z\",\n      \"lastModifiedDateTime\": \"2022-08-02T22:11:30Z\",\n
        \     \"settings\": {\n        \"defaultAnswer\": \"No answer found for your
        question.\"\n      }\n    },\n    {\n      \"projectName\": \"TestProject1408899474\",\n
        \     \"description\": \"This is the description for a test project\",\n      \"language\":
        \"en\",\n      \"multilingualResource\": false,\n      \"createdDateTime\":
        \"2022-06-18T13:37:28Z\",\n      \"lastModifiedDateTime\": \"2022-06-18T13:37:28Z\",\n
        \     \"settings\": {\n        \"defaultAnswer\": \"No answer found for your
        question.\"\n      }\n    },\n    {\n      \"projectName\": \"TestProject1415256085\",\n
        \     \"description\": \"This is the description for a test project\",\n      \"language\":
        \"en\",\n      \"multilingualResource\": false,\n      \"createdDateTime\":
        \"2022-06-09T13:28:06Z\",\n      \"lastModifiedDateTime\": \"2022-06-09T13:28:06Z\",\n
        \     \"settings\": {\n        \"defaultAnswer\": \"No answer found for your
        question.\"\n      }\n    },\n    {\n      \"projectName\": \"TestProject1418316959\",\n
        \     \"description\": \"This is the description for a test project\",\n      \"language\":
        \"en\",\n      \"multilingualResource\": false,\n      \"createdDateTime\":
        \"2022-07-27T13:35:53Z\",\n      \"lastModifiedDateTime\": \"2022-07-27T13:35:53Z\",\n
        \     \"settings\": {\n        \"defaultAnswer\": \"No answer found for your
        question.\"\n      }\n    },\n    {\n      \"projectName\": \"TestProject1420191363\",\n
        \     \"description\": \"This is the description for a test project\",\n      \"language\":
        \"en\",\n      \"multilingualResource\": false,\n      \"createdDateTime\":
        \"2022-06-14T13:29:06Z\",\n      \"lastModifiedDateTime\": \"2022-06-14T13:29:06Z\",\n
        \     \"settings\": {\n        \"defaultAnswer\": \"No answer found for your
        question.\"\n      }\n    },\n    {\n      \"projectName\": \"TestProject1427496103\",\n
        \     \"description\": \"This is the description for a test project\",\n      \"language\":
        \"en\",\n      \"multilingualResource\": false,\n      \"createdDateTime\":
        \"2022-06-11T13:37:28Z\",\n      \"lastModifiedDateTime\": \"2022-06-11T13:37:28Z\",\n
        \     \"settings\": {\n        \"defaultAnswer\": \"No answer found for your
        question.\"\n      }\n    },\n    {\n      \"projectName\": \"TestProject1431457028\",\n
        \     \"description\": \"This is the description for a test project\",\n      \"language\":
        \"en\",\n      \"multilingualResource\": false,\n      \"createdDateTime\":
        \"2022-06-10T13:25:02Z\",\n      \"lastModifiedDateTime\": \"2022-06-10T13:25:02Z\",\n
        \     \"settings\": {\n        \"defaultAnswer\": \"No answer found for your
        question.\"\n      }\n    },\n    {\n      \"projectName\": \"TestProject1434861616\",\n
        \     \"description\": \"This is the description for a test project\",\n      \"language\":
        \"en\",\n      \"multilingualResource\": false,\n      \"createdDateTime\":
        \"2022-07-21T13:25:25Z\",\n      \"lastModifiedDateTime\": \"2022-07-21T13:25:25Z\",\n
        \     \"settings\": {\n        \"defaultAnswer\": \"No answer found for your
        question.\"\n      }\n    },\n    {\n      \"projectName\": \"TestProject1440429619\",\n
        \     \"description\": \"This is the description for a test project\",\n      \"language\":
        \"en\",\n      \"multilingualResource\": false,\n      \"createdDateTime\":
        \"2022-07-29T13:31:46Z\",\n      \"lastModifiedDateTime\": \"2022-07-29T13:31:46Z\",\n
        \     \"settings\": {\n        \"defaultAnswer\": \"No answer found for your
        question.\"\n      }\n    },\n    {\n      \"projectName\": \"TestProject1440615403\",\n
        \     \"description\": \"This is the description for a test project\",\n      \"language\":
        \"en\",\n      \"multilingualResource\": false,\n      \"createdDateTime\":
        \"2022-06-11T13:41:37Z\",\n      \"lastModifiedDateTime\": \"2022-06-11T13:41:37Z\",\n
        \     \"settings\": {\n        \"defaultAnswer\": \"No answer found for your
        question.\"\n      }\n    },\n    {\n      \"projectName\": \"TestProject144300166\",\n
        \     \"description\": \"This is the description for a test project\",\n      \"language\":
        \"en\",\n      \"multilingualResource\": false,\n      \"createdDateTime\":
        \"2022-07-24T13:48:54Z\",\n      \"lastModifiedDateTime\": \"2022-07-24T13:48:54Z\",\n
        \     \"settings\": {\n        \"defaultAnswer\": \"No answer found for your
        question.\"\n      }\n    },\n    {\n      \"projectName\": \"TestProject1443936870\",\n
        \     \"description\": \"This is the description for a test project\",\n      \"language\":
        \"en\",\n      \"multilingualResource\": false,\n      \"createdDateTime\":
        \"2022-07-22T13:24:28Z\",\n      \"lastModifiedDateTime\": \"2022-07-22T13:24:28Z\",\n
        \     \"settings\": {\n        \"defaultAnswer\": \"No answer found for your
        question.\"\n      }\n    },\n    {\n      \"projectName\": \"TestProject1450510575\",\n
        \     \"description\": \"This is the description for a test project\",\n      \"language\":
        \"en\",\n      \"multilingualResource\": false,\n      \"createdDateTime\":
        \"2022-07-25T13:36:46Z\",\n      \"lastModifiedDateTime\": \"2022-07-25T13:36:46Z\",\n
        \     \"settings\": {\n        \"defaultAnswer\": \"No answer found for your
        question.\"\n      }\n    },\n    {\n      \"projectName\": \"TestProject1453372827\",\n
        \     \"description\": \"This is the description for a test project\",\n      \"language\":
        \"en\",\n      \"multilingualResource\": false,\n      \"createdDateTime\":
        \"2022-08-02T13:39:26Z\",\n      \"lastModifiedDateTime\": \"2022-08-02T13:39:26Z\",\n
        \     \"settings\": {\n        \"defaultAnswer\": \"No answer found for your
        question.\"\n      }\n    },\n    {\n      \"projectName\": \"TestProject1455458224\",\n
        \     \"description\": \"This is the description for a test project\",\n      \"language\":
        \"en\",\n      \"multilingualResource\": false,\n      \"createdDateTime\":
        \"2022-07-20T13:27:16Z\",\n      \"lastModifiedDateTime\": \"2022-07-20T13:27:16Z\",\n
        \     \"settings\": {\n        \"defaultAnswer\": \"No answer found for your
        question.\"\n      }\n    },\n    {\n      \"projectName\": \"TestProject145630704\",\n
        \     \"description\": \"This is the description for a test project\",\n      \"language\":
        \"en\",\n      \"multilingualResource\": false,\n      \"createdDateTime\":
        \"2022-08-02T13:37:39Z\",\n      \"lastModifiedDateTime\": \"2022-08-02T13:37:39Z\",\n
        \     \"settings\": {\n        \"defaultAnswer\": \"No answer found for your
        question.\"\n      }\n    },\n    {\n      \"projectName\": \"TestProject1457810670\",\n
        \     \"description\": \"This is the description for a test project\",\n      \"language\":
        \"en\",\n      \"multilingualResource\": false,\n      \"createdDateTime\":
        \"2022-07-26T13:34:57Z\",\n      \"lastModifiedDateTime\": \"2022-07-26T13:34:57Z\",\n
        \     \"settings\": {\n        \"defaultAnswer\": \"No answer found for your
        question.\"\n      }\n    },\n    {\n      \"projectName\": \"TestProject1474192184\",\n
        \     \"description\": \"This is the description for a test project\",\n      \"language\":
        \"en\",\n      \"multilingualResource\": false,\n      \"createdDateTime\":
        \"2022-06-14T13:24:39Z\",\n      \"lastModifiedDateTime\": \"2022-06-14T13:24:39Z\",\n
        \     \"settings\": {\n        \"defaultAnswer\": \"No answer found for your
        question.\"\n      }\n    },\n    {\n      \"projectName\": \"TestProject1475654914\",\n
        \     \"description\": \"This is the description for a test project\",\n      \"language\":
        \"en\",\n      \"multilingualResource\": false,\n      \"createdDateTime\":
        \"2022-07-23T13:38:00Z\",\n      \"lastModifiedDateTime\": \"2022-07-23T13:38:00Z\",\n
        \     \"settings\": {\n        \"defaultAnswer\": \"No answer found for your
        question.\"\n      }\n    },\n    {\n      \"projectName\": \"TestProject1481693484\",\n
        \     \"description\": \"This is the description for a test project\",\n      \"language\":
        \"en\",\n      \"multilingualResource\": false,\n      \"createdDateTime\":
        \"2022-06-08T13:29:54Z\",\n      \"lastModifiedDateTime\": \"2022-06-08T13:29:54Z\",\n
        \     \"settings\": {\n        \"defaultAnswer\": \"No answer found for your
        question.\"\n      }\n    },\n    {\n      \"projectName\": \"TestProject1484165402\",\n
        \     \"description\": \"This is the description for a test project\",\n      \"language\":
        \"en\",\n      \"multilingualResource\": false,\n      \"createdDateTime\":
        \"2022-06-09T13:24:32Z\",\n      \"lastModifiedDateTime\": \"2022-06-09T13:24:32Z\",\n
        \     \"settings\": {\n        \"defaultAnswer\": \"No answer found for your
        question.\"\n      }\n    },\n    {\n      \"projectName\": \"TestProject1487426397\",\n
        \     \"description\": \"This is the description for a test project\",\n      \"language\":
        \"en\",\n      \"multilingualResource\": false,\n      \"createdDateTime\":
        \"2022-06-08T13:29:40Z\",\n      \"lastModifiedDateTime\": \"2022-06-08T13:29:40Z\",\n
        \     \"settings\": {\n        \"defaultAnswer\": \"No answer found for your
        question.\"\n      }\n    },\n    {\n      \"projectName\": \"TestProject1496696952\",\n
        \     \"description\": \"This is the description for a test project\",\n      \"language\":
        \"en\",\n      \"multilingualResource\": false,\n      \"createdDateTime\":
        \"2022-08-01T13:35:24Z\",\n      \"lastModifiedDateTime\": \"2022-08-01T13:35:24Z\",\n
        \     \"settings\": {\n        \"defaultAnswer\": \"No answer found for your
        question.\"\n      }\n    },\n    {\n      \"projectName\": \"TestProject1502149574\",\n
        \     \"description\": \"This is the description for a test project\",\n      \"language\":
        \"en\",\n      \"multilingualResource\": false,\n      \"createdDateTime\":
        \"2022-07-24T13:42:04Z\",\n      \"lastModifiedDateTime\": \"2022-07-24T13:42:04Z\",\n
        \     \"settings\": {\n        \"defaultAnswer\": \"No answer found for your
        question.\"\n      }\n    },\n    {\n      \"projectName\": \"TestProject1503278295\",\n
        \     \"description\": \"This is the description for a test project\",\n      \"language\":
        \"en\",\n      \"multilingualResource\": false,\n      \"createdDateTime\":
        \"2022-07-22T13:23:20Z\",\n      \"lastModifiedDateTime\": \"2022-07-22T13:23:20Z\",\n
        \     \"settings\": {\n        \"defaultAnswer\": \"No answer found for your
        question.\"\n      }\n    },\n    {\n      \"projectName\": \"TestProject1512017970\",\n
        \     \"description\": \"This is the description for a test project\",\n      \"language\":
        \"en\",\n      \"multilingualResource\": false,\n      \"createdDateTime\":
        \"2022-06-15T13:32:25Z\",\n      \"lastModifiedDateTime\": \"2022-06-15T13:32:25Z\",\n
        \     \"settings\": {\n        \"defaultAnswer\": \"No answer found for your
        question.\"\n      }\n    },\n    {\n      \"projectName\": \"TestProject1524023935\",\n
        \     \"description\": \"This is the description for a test project\",\n      \"language\":
        \"en\",\n      \"multilingualResource\": false,\n      \"createdDateTime\":
        \"2022-06-13T13:24:05Z\",\n      \"lastModifiedDateTime\": \"2022-06-13T13:24:05Z\",\n
        \     \"settings\": {\n        \"defaultAnswer\": \"No answer found for your
        question.\"\n      }\n    },\n    {\n      \"projectName\": \"TestProject1525322283\",\n
        \     \"description\": \"This is the description for a test project\",\n      \"language\":
        \"en\",\n      \"multilingualResource\": false,\n      \"createdDateTime\":
        \"2022-07-28T13:31:29Z\",\n      \"lastModifiedDateTime\": \"2022-07-28T13:31:29Z\",\n
        \     \"settings\": {\n        \"defaultAnswer\": \"No answer found for your
        question.\"\n      }\n    },\n    {\n      \"projectName\": \"TestProject1547536896\",\n
        \     \"description\": \"This is the description for a test project\",\n      \"language\":
        \"en\",\n      \"multilingualResource\": false,\n      \"createdDateTime\":
        \"2022-07-28T13:32:08Z\",\n      \"lastModifiedDateTime\": \"2022-07-28T13:32:08Z\",\n
        \     \"settings\": {\n        \"defaultAnswer\": \"No answer found for your
        question.\"\n      }\n    },\n    {\n      \"projectName\": \"TestProject1560448058\",\n
        \     \"description\": \"This is the description for a test project\",\n      \"language\":
        \"en\",\n      \"multilingualResource\": false,\n      \"createdDateTime\":
        \"2022-06-10T13:28:18Z\",\n      \"lastModifiedDateTime\": \"2022-06-10T13:28:18Z\",\n
        \     \"settings\": {\n        \"defaultAnswer\": \"No answer found for your
        question.\"\n      }\n    },\n    {\n      \"projectName\": \"TestProject1564528955\",\n
        \     \"description\": \"This is the description for a test project\",\n      \"language\":
        \"en\",\n      \"multilingualResource\": false,\n      \"createdDateTime\":
        \"2022-07-21T13:28:39Z\",\n      \"lastModifiedDateTime\": \"2022-07-21T13:28:39Z\",\n
        \     \"settings\": {\n        \"defaultAnswer\": \"No answer found for your
        question.\"\n      }\n    },\n    {\n      \"projectName\": \"TestProject1570484352\",\n
        \     \"description\": \"This is the description for a test project\",\n      \"language\":
        \"en\",\n      \"multilingualResource\": false,\n      \"createdDateTime\":
        \"2022-06-17T13:30:18Z\",\n      \"lastModifiedDateTime\": \"2022-06-17T13:30:18Z\",\n
        \     \"settings\": {\n        \"defaultAnswer\": \"No answer found for your
        question.\"\n      }\n    },\n    {\n      \"projectName\": \"TestProject1574407927\",\n
        \     \"description\": \"This is the description for a test project\",\n      \"language\":
        \"en\",\n      \"multilingualResource\": false,\n      \"createdDateTime\":
        \"2022-06-14T13:28:36Z\",\n      \"lastModifiedDateTime\": \"2022-06-14T13:28:36Z\",\n
        \     \"settings\": {\n        \"defaultAnswer\": \"No answer found for your
        question.\"\n      }\n    },\n    {\n      \"projectName\": \"TestProject1575977083\",\n
        \     \"description\": \"This is the description for a test project\",\n      \"language\":
        \"en\",\n      \"multilingualResource\": false,\n      \"createdDateTime\":
        \"2022-06-14T13:27:18Z\",\n      \"lastModifiedDateTime\": \"2022-06-14T13:27:18Z\",\n
        \     \"settings\": {\n        \"defaultAnswer\": \"No answer found for your
        question.\"\n      }\n    },\n    {\n      \"projectName\": \"TestProject1580256361\",\n
        \     \"description\": \"This is the description for a test project\",\n      \"language\":
        \"en\",\n      \"multilingualResource\": false,\n      \"createdDateTime\":
        \"2022-07-24T13:44:55Z\",\n      \"lastModifiedDateTime\": \"2022-07-24T13:44:55Z\",\n
        \     \"settings\": {\n        \"defaultAnswer\": \"No answer found for your
        question.\"\n      }\n    },\n    {\n      \"projectName\": \"TestProject158515858\",\n
        \     \"description\": \"This is the description for a test project\",\n      \"language\":
        \"en\",\n      \"multilingualResource\": false,\n      \"createdDateTime\":
        \"2022-06-17T13:28:56Z\",\n      \"lastModifiedDateTime\": \"2022-06-17T13:28:56Z\",\n
        \     \"settings\": {\n        \"defaultAnswer\": \"No answer found for your
        question.\"\n      }\n    },\n    {\n      \"projectName\": \"TestProject1587460638\",\n
        \     \"description\": \"This is the description for a test project\",\n      \"language\":
        \"en\",\n      \"multilingualResource\": false,\n      \"createdDateTime\":
        \"2022-07-26T13:34:40Z\",\n      \"lastModifiedDateTime\": \"2022-07-26T13:34:40Z\",\n
        \     \"settings\": {\n        \"defaultAnswer\": \"No answer found for your
        question.\"\n      }\n    },\n    {\n      \"projectName\": \"TestProject1589853313\",\n
        \     \"description\": \"This is the description for a test project\",\n      \"language\":
        \"en\",\n      \"multilingualResource\": false,\n      \"createdDateTime\":
        \"2022-08-02T13:32:02Z\",\n      \"lastModifiedDateTime\": \"2022-08-02T13:32:02Z\",\n
        \     \"settings\": {\n        \"defaultAnswer\": \"No answer found for your
        question.\"\n      }\n    },\n    {\n      \"projectName\": \"TestProject1590966415\",\n
        \     \"description\": \"This is the description for a test project\",\n      \"language\":
        \"en\",\n      \"multilingualResource\": false,\n      \"createdDateTime\":
        \"2022-06-09T13:25:07Z\",\n      \"lastModifiedDateTime\": \"2022-06-09T13:25:07Z\",\n
        \     \"settings\": {\n        \"defaultAnswer\": \"No answer found for your
        question.\"\n      }\n    },\n    {\n      \"projectName\": \"TestProject1604506108\",\n
        \     \"description\": \"This is the description for a test project\",\n      \"language\":
        \"en\",\n      \"multilingualResource\": false,\n      \"createdDateTime\":
        \"2022-07-31T13:46:05Z\",\n      \"lastModifiedDateTime\": \"2022-07-31T13:46:05Z\",\n
        \     \"settings\": {\n        \"defaultAnswer\": \"No answer found for your
        question.\"\n      }\n    },\n    {\n      \"projectName\": \"TestProject1609752712\",\n
        \     \"description\": \"This is the description for a test project\",\n      \"language\":
        \"en\",\n      \"multilingualResource\": false,\n      \"createdDateTime\":
        \"2022-07-20T13:32:23Z\",\n      \"lastModifiedDateTime\": \"2022-07-20T13:32:23Z\",\n
        \     \"settings\": {\n        \"defaultAnswer\": \"No answer found for your
        question.\"\n      }\n    },\n    {\n      \"projectName\": \"TestProject1612600649\",\n
        \     \"description\": \"This is the description for a test project\",\n      \"language\":
        \"en\",\n      \"multilingualResource\": false,\n      \"createdDateTime\":
        \"2022-06-19T13:42:58Z\",\n      \"lastModifiedDateTime\": \"2022-06-19T13:42:58Z\",\n
        \     \"settings\": {\n        \"defaultAnswer\": \"No answer found for your
        question.\"\n      }\n    },\n    {\n      \"projectName\": \"TestProject1614636257\",\n
        \     \"description\": \"This is the description for a test project\",\n      \"language\":
        \"en\",\n      \"multilingualResource\": false,\n      \"createdDateTime\":
        \"2022-07-25T13:29:53Z\",\n      \"lastModifiedDateTime\": \"2022-07-25T13:29:53Z\",\n
        \     \"settings\": {\n        \"defaultAnswer\": \"No answer found for your
        question.\"\n      }\n    },\n    {\n      \"projectName\": \"TestProject1618604333\",\n
        \     \"description\": \"This is the description for a test project\",\n      \"language\":
        \"en\",\n      \"multilingualResource\": false,\n      \"createdDateTime\":
        \"2022-07-27T13:32:25Z\",\n      \"lastModifiedDateTime\": \"2022-07-27T13:32:25Z\",\n
        \     \"settings\": {\n        \"defaultAnswer\": \"No answer found for your
        question.\"\n      }\n    },\n    {\n      \"projectName\": \"TestProject1620653426\",\n
        \     \"description\": \"This is the description for a test project\",\n      \"language\":
        \"en\",\n      \"multilingualResource\": false,\n      \"createdDateTime\":
        \"2022-06-17T13:24:39Z\",\n      \"lastModifiedDateTime\": \"2022-06-17T13:24:39Z\",\n
        \     \"settings\": {\n        \"defaultAnswer\": \"No answer found for your
        question.\"\n      }\n    },\n    {\n      \"projectName\": \"TestProject1637583946\",\n
        \     \"description\": \"This is the description for a test project\",\n      \"language\":
        \"en\",\n      \"multilingualResource\": false,\n      \"createdDateTime\":
        \"2022-06-14T13:29:42Z\",\n      \"lastModifiedDateTime\": \"2022-06-14T13:29:42Z\",\n
        \     \"settings\": {\n        \"defaultAnswer\": \"No answer found for your
        question.\"\n      }\n    },\n    {\n      \"projectName\": \"TestProject1637857945\",\n
        \     \"description\": \"This is the description for a test project\",\n      \"language\":
        \"en\",\n      \"multilingualResource\": false,\n      \"createdDateTime\":
        \"2022-06-09T13:27:25Z\",\n      \"lastModifiedDateTime\": \"2022-06-09T13:27:25Z\",\n
        \     \"settings\": {\n        \"defaultAnswer\": \"No answer found for your
        question.\"\n      }\n    },\n    {\n      \"projectName\": \"TestProject1638412250\",\n
        \     \"description\": \"This is the description for a test project\",\n      \"language\":
        \"en\",\n      \"multilingualResource\": false,\n      \"createdDateTime\":
        \"2022-06-12T13:38:45Z\",\n      \"lastModifiedDateTime\": \"2022-06-12T13:38:45Z\",\n
        \     \"settings\": {\n        \"defaultAnswer\": \"No answer found for your
        question.\"\n      }\n    },\n    {\n      \"projectName\": \"TestProject1638614185\",\n
        \     \"description\": \"This is the description for a test project\",\n      \"language\":
        \"en\",\n      \"multilingualResource\": false,\n      \"createdDateTime\":
        \"2022-06-09T13:28:42Z\",\n      \"lastModifiedDateTime\": \"2022-06-09T13:28:42Z\",\n
        \     \"settings\": {\n        \"defaultAnswer\": \"No answer found for your
        question.\"\n      }\n    },\n    {\n      \"projectName\": \"TestProject1650635907\",\n
        \     \"description\": \"This is the description for a test project\",\n      \"language\":
        \"en\",\n      \"multilingualResource\": false,\n      \"createdDateTime\":
        \"2022-06-18T13:38:40Z\",\n      \"lastModifiedDateTime\": \"2022-06-18T13:38:40Z\",\n
        \     \"settings\": {\n        \"defaultAnswer\": \"No answer found for your
        question.\"\n      }\n    },\n    {\n      \"projectName\": \"TestProject1658101076\",\n
        \     \"description\": \"This is the description for a test project\",\n      \"language\":
        \"en\",\n      \"multilingualResource\": false,\n      \"createdDateTime\":
        \"2022-07-29T13:32:40Z\",\n      \"lastModifiedDateTime\": \"2022-07-29T13:32:40Z\",\n
        \     \"settings\": {\n        \"defaultAnswer\": \"No answer found for your
        question.\"\n      }\n    },\n    {\n      \"projectName\": \"TestProject1660992766\",\n
        \     \"description\": \"This is the description for a test project\",\n      \"language\":
        \"en\",\n      \"multilingualResource\": false,\n      \"createdDateTime\":
        \"2022-06-08T13:28:44Z\",\n      \"lastModifiedDateTime\": \"2022-06-08T13:28:44Z\",\n
        \     \"settings\": {\n        \"defaultAnswer\": \"No answer found for your
        question.\"\n      }\n    },\n    {\n      \"projectName\": \"TestProject1671777619\",\n
        \     \"description\": \"This is the description for a test project\",\n      \"language\":
        \"en\",\n      \"multilingualResource\": false,\n      \"createdDateTime\":
        \"2022-06-17T13:31:25Z\",\n      \"lastModifiedDateTime\": \"2022-06-17T13:31:25Z\",\n
        \     \"settings\": {\n        \"defaultAnswer\": \"No answer found for your
        question.\"\n      }\n    },\n    {\n      \"projectName\": \"TestProject169338787\",\n
        \     \"description\": \"This is the description for a test project\",\n      \"language\":
        \"en\",\n      \"multilingualResource\": false,\n      \"createdDateTime\":
        \"2022-06-16T13:24:42Z\",\n      \"lastModifiedDateTime\": \"2022-06-16T13:24:42Z\",\n
        \     \"settings\": {\n        \"defaultAnswer\": \"No answer found for your
        question.\"\n      }\n    },\n    {\n      \"projectName\": \"TestProject1694448215\",\n
        \     \"description\": \"This is the description for a test project\",\n      \"language\":
        \"en\",\n      \"multilingualResource\": false,\n      \"createdDateTime\":
        \"2022-06-14T13:28:41Z\",\n      \"lastModifiedDateTime\": \"2022-06-14T13:29:05Z\",\n
        \     \"settings\": {\n        \"defaultAnswer\": \"No answer found for your
        question.\"\n      }\n    },\n    {\n      \"projectName\": \"TestProject1698323668\",\n
        \     \"description\": \"This is the description for a test project\",\n      \"language\":
        \"en\",\n      \"multilingualResource\": false,\n      \"createdDateTime\":
        \"2022-06-15T13:30:25Z\",\n      \"lastModifiedDateTime\": \"2022-06-15T13:30:25Z\",\n
        \     \"settings\": {\n        \"defaultAnswer\": \"No answer found for your
        question.\"\n      }\n    },\n    {\n      \"projectName\": \"TestProject1705027614\",\n
        \     \"description\": \"This is the description for a test project\",\n      \"language\":
        \"en\",\n      \"multilingualResource\": false,\n      \"createdDateTime\":
        \"2022-07-29T13:31:45Z\",\n      \"lastModifiedDateTime\": \"2022-07-29T13:31:45Z\",\n
        \     \"settings\": {\n        \"defaultAnswer\": \"No answer found for your
        question.\"\n      }\n    },\n    {\n      \"projectName\": \"TestProject1718285531\",\n
        \     \"description\": \"This is the description for a test project\",\n      \"language\":
        \"en\",\n      \"multilingualResource\": false,\n      \"createdDateTime\":
        \"2022-08-02T13:35:58Z\",\n      \"lastModifiedDateTime\": \"2022-08-02T13:35:58Z\",\n
        \     \"settings\": {\n        \"defaultAnswer\": \"No answer found for your
        question.\"\n      }\n    },\n    {\n      \"projectName\": \"TestProject1721423735\",\n
        \     \"description\": \"This is the description for a test project\",\n      \"language\":
        \"en\",\n      \"multilingualResource\": false,\n      \"createdDateTime\":
        \"2022-06-19T13:39:20Z\",\n      \"lastModifiedDateTime\": \"2022-06-19T13:39:20Z\",\n
        \     \"settings\": {\n        \"defaultAnswer\": \"No answer found for your
        question.\"\n      }\n    },\n    {\n      \"projectName\": \"TestProject1725251180\",\n
        \     \"description\": \"This is the description for a test project\",\n      \"language\":
        \"en\",\n      \"multilingualResource\": false,\n      \"createdDateTime\":
        \"2022-07-24T13:48:09Z\",\n      \"lastModifiedDateTime\": \"2022-07-24T13:48:09Z\",\n
        \     \"settings\": {\n        \"defaultAnswer\": \"No answer found for your
        question.\"\n      }\n    },\n    {\n      \"projectName\": \"TestProject1726908035\",\n
        \     \"description\": \"This is the description for a test project\",\n      \"language\":
        \"en\",\n      \"multilingualResource\": false,\n      \"createdDateTime\":
        \"2022-06-19T13:39:21Z\",\n      \"lastModifiedDateTime\": \"2022-06-19T13:39:21Z\",\n
        \     \"settings\": {\n        \"defaultAnswer\": \"No answer found for your
        question.\"\n      }\n    },\n    {\n      \"projectName\": \"TestProject1729541032\",\n
        \     \"description\": \"This is the description for a test project\",\n      \"language\":
        \"en\",\n      \"multilingualResource\": false,\n      \"createdDateTime\":
        \"2022-07-24T13:45:31Z\",\n      \"lastModifiedDateTime\": \"2022-07-24T13:45:31Z\",\n
        \     \"settings\": {\n        \"defaultAnswer\": \"No answer found for your
        question.\"\n      }\n    },\n    {\n      \"projectName\": \"TestProject1741024889\",\n
        \     \"description\": \"This is the description for a test project\",\n      \"language\":
        \"en\",\n      \"multilingualResource\": false,\n      \"createdDateTime\":
        \"2022-06-14T13:23:37Z\",\n      \"lastModifiedDateTime\": \"2022-06-14T13:23:37Z\",\n
        \     \"settings\": {\n        \"defaultAnswer\": \"No answer found for your
        question.\"\n      }\n    },\n    {\n      \"projectName\": \"TestProject174724440\",\n
        \     \"description\": \"This is the description for a test project\",\n      \"language\":
        \"en\",\n      \"multilingualResource\": false,\n      \"createdDateTime\":
        \"2022-07-22T13:24:48Z\",\n      \"lastModifiedDateTime\": \"2022-07-22T13:24:48Z\",\n
        \     \"settings\": {\n        \"defaultAnswer\": \"No answer found for your
        question.\"\n      }\n    },\n    {\n      \"projectName\": \"TestProject1748272060\",\n
        \     \"description\": \"This is the description for a test project\",\n      \"language\":
        \"en\",\n      \"multilingualResource\": false,\n      \"createdDateTime\":
        \"2022-06-13T13:24:23Z\",\n      \"lastModifiedDateTime\": \"2022-06-13T13:24:23Z\",\n
        \     \"settings\": {\n        \"defaultAnswer\": \"No answer found for your
        question.\"\n      }\n    },\n    {\n      \"projectName\": \"TestProject1752603862\",\n
        \     \"description\": \"This is the description for a test project\",\n      \"language\":
        \"en\",\n      \"multilingualResource\": false,\n      \"createdDateTime\":
        \"2022-06-17T13:30:00Z\",\n      \"lastModifiedDateTime\": \"2022-06-17T13:30:00Z\",\n
        \     \"settings\": {\n        \"defaultAnswer\": \"No answer found for your
        question.\"\n      }\n    },\n    {\n      \"projectName\": \"TestProject1755672945\",\n
        \     \"description\": \"This is the description for a test project\",\n      \"language\":
        \"en\",\n      \"multilingualResource\": false,\n      \"createdDateTime\":
        \"2022-06-08T13:23:33Z\",\n      \"lastModifiedDateTime\": \"2022-06-08T13:23:33Z\",\n
        \     \"settings\": {\n        \"defaultAnswer\": \"No answer found for your
        question.\"\n      }\n    },\n    {\n      \"projectName\": \"TestProject1758116837\",\n
        \     \"description\": \"This is the description for a test project\",\n      \"language\":
        \"en\",\n      \"multilingualResource\": false,\n      \"createdDateTime\":
        \"2022-06-18T13:42:57Z\",\n      \"lastModifiedDateTime\": \"2022-06-18T13:42:57Z\",\n
        \     \"settings\": {\n        \"defaultAnswer\": \"No answer found for your
        question.\"\n      }\n    },\n    {\n      \"projectName\": \"TestProject175910735\",\n
        \     \"description\": \"This is the description for a test project\",\n      \"language\":
        \"en\",\n      \"multilingualResource\": false,\n      \"createdDateTime\":
        \"2022-07-23T13:42:35Z\",\n      \"lastModifiedDateTime\": \"2022-07-23T13:42:35Z\",\n
        \     \"settings\": {\n        \"defaultAnswer\": \"No answer found for your
        question.\"\n      }\n    },\n    {\n      \"projectName\": \"TestProject1759996559\",\n
        \     \"description\": \"This is the description for a test project\",\n      \"language\":
        \"en\",\n      \"multilingualResource\": false,\n      \"createdDateTime\":
        \"2022-06-09T13:31:08Z\",\n      \"lastModifiedDateTime\": \"2022-06-09T13:31:08Z\",\n
        \     \"settings\": {\n        \"defaultAnswer\": \"No answer found for your
        question.\"\n      }\n    },\n    {\n      \"projectName\": \"TestProject1762505495\",\n
        \     \"description\": \"This is the description for a test project\",\n      \"language\":
        \"en\",\n      \"multilingualResource\": false,\n      \"createdDateTime\":
        \"2022-06-17T13:29:41Z\",\n      \"lastModifiedDateTime\": \"2022-06-17T13:29:41Z\",\n
        \     \"settings\": {\n        \"defaultAnswer\": \"No answer found for your
        question.\"\n      }\n    },\n    {\n      \"projectName\": \"TestProject1770123879\",\n
        \     \"description\": \"This is the description for a test project\",\n      \"language\":
        \"en\",\n      \"multilingualResource\": false,\n      \"createdDateTime\":
        \"2022-07-29T13:32:56Z\",\n      \"lastModifiedDateTime\": \"2022-07-29T13:32:56Z\",\n
        \     \"settings\": {\n        \"defaultAnswer\": \"No answer found for your
        question.\"\n      }\n    },\n    {\n      \"projectName\": \"TestProject1775097070\",\n
        \     \"description\": \"This is the description for a test project\",\n      \"language\":
        \"en\",\n      \"multilingualResource\": false,\n      \"createdDateTime\":
        \"2022-06-11T13:38:06Z\",\n      \"lastModifiedDateTime\": \"2022-06-11T13:38:06Z\",\n
        \     \"settings\": {\n        \"defaultAnswer\": \"No answer found for your
        question.\"\n      }\n    },\n    {\n      \"projectName\": \"TestProject1775826661\",\n
        \     \"description\": \"This is the description for a test project\",\n      \"language\":
        \"en\",\n      \"multilingualResource\": false,\n      \"createdDateTime\":
        \"2022-07-24T13:48:23Z\",\n      \"lastModifiedDateTime\": \"2022-07-24T13:48:23Z\",\n
        \     \"settings\": {\n        \"defaultAnswer\": \"No answer found for your
        question.\"\n      }\n    },\n    {\n      \"projectName\": \"TestProject1777463741\",\n
        \     \"description\": \"This is the description for a test project\",\n      \"language\":
        \"en\",\n      \"multilingualResource\": false,\n      \"createdDateTime\":
        \"2022-08-01T13:32:03Z\",\n      \"lastModifiedDateTime\": \"2022-08-01T13:32:03Z\",\n
        \     \"settings\": {\n        \"defaultAnswer\": \"No answer found for your
        question.\"\n      }\n    },\n    {\n      \"projectName\": \"TestProject1777868764\",\n
        \     \"description\": \"This is the description for a test project\",\n      \"language\":
        \"en\",\n      \"multilingualResource\": false,\n      \"createdDateTime\":
        \"2022-07-24T13:44:47Z\",\n      \"lastModifiedDateTime\": \"2022-07-24T13:44:47Z\",\n
        \     \"settings\": {\n        \"defaultAnswer\": \"No answer found for your
        question.\"\n      }\n    },\n    {\n      \"projectName\": \"TestProject1779437872\",\n
        \     \"description\": \"This is the description for a test project\",\n      \"language\":
        \"en\",\n      \"multilingualResource\": false,\n      \"createdDateTime\":
        \"2022-07-23T13:38:23Z\",\n      \"lastModifiedDateTime\": \"2022-07-23T13:38:23Z\",\n
        \     \"settings\": {\n        \"defaultAnswer\": \"No answer found for your
        question.\"\n      }\n    },\n    {\n      \"projectName\": \"TestProject1783395841\",\n
        \     \"description\": \"This is the description for a test project\",\n      \"language\":
        \"en\",\n      \"multilingualResource\": false,\n      \"createdDateTime\":
        \"2022-06-11T13:41:32Z\",\n      \"lastModifiedDateTime\": \"2022-06-11T13:41:32Z\",\n
        \     \"settings\": {\n        \"defaultAnswer\": \"No answer found for your
        question.\"\n      }\n    },\n    {\n      \"projectName\": \"TestProject1785024476\",\n
        \     \"description\": \"This is the description for a test project\",\n      \"language\":
        \"en\",\n      \"multilingualResource\": false,\n      \"createdDateTime\":
        \"2022-06-12T13:42:34Z\",\n      \"lastModifiedDateTime\": \"2022-06-12T13:42:34Z\",\n
        \     \"settings\": {\n        \"defaultAnswer\": \"No answer found for your
        question.\"\n      }\n    },\n    {\n      \"projectName\": \"TestProject1786848524\",\n
        \     \"description\": \"This is the description for a test project\",\n      \"language\":
        \"en\",\n      \"multilingualResource\": false,\n      \"createdDateTime\":
        \"2022-06-09T13:29:17Z\",\n      \"lastModifiedDateTime\": \"2022-06-09T13:29:17Z\",\n
        \     \"settings\": {\n        \"defaultAnswer\": \"No answer found for your
        question.\"\n      }\n    },\n    {\n      \"projectName\": \"TestProject1787257097\",\n
        \     \"description\": \"This is the description for a test project\",\n      \"language\":
        \"en\",\n      \"multilingualResource\": false,\n      \"createdDateTime\":
        \"2022-07-22T13:24:46Z\",\n      \"lastModifiedDateTime\": \"2022-07-22T13:24:46Z\",\n
        \     \"settings\": {\n        \"defaultAnswer\": \"No answer found for your
        question.\"\n      }\n    },\n    {\n      \"projectName\": \"TestProject1788253290\",\n
        \     \"description\": \"This is the description for a test project\",\n      \"language\":
        \"en\",\n      \"multilingualResource\": false,\n      \"createdDateTime\":
        \"2022-07-28T13:31:51Z\",\n      \"lastModifiedDateTime\": \"2022-07-28T13:31:51Z\",\n
        \     \"settings\": {\n        \"defaultAnswer\": \"No answer found for your
        question.\"\n      }\n    },\n    {\n      \"projectName\": \"TestProject1792076718\",\n
        \     \"description\": \"This is the description for a test project\",\n      \"language\":
        \"en\",\n      \"multilingualResource\": false,\n      \"createdDateTime\":
        \"2022-07-24T13:44:30Z\",\n      \"lastModifiedDateTime\": \"2022-07-24T13:44:30Z\",\n
        \     \"settings\": {\n        \"defaultAnswer\": \"No answer found for your
        question.\"\n      }\n    },\n    {\n      \"projectName\": \"TestProject1803654833\",\n
        \     \"description\": \"This is the description for a test project\",\n      \"language\":
        \"en\",\n      \"multilingualResource\": false,\n      \"createdDateTime\":
        \"2022-07-28T13:28:29Z\",\n      \"lastModifiedDateTime\": \"2022-07-28T13:28:29Z\",\n
        \     \"settings\": {\n        \"defaultAnswer\": \"No answer found for your
        question.\"\n      }\n    },\n    {\n      \"projectName\": \"TestProject1806722541\",\n
        \     \"description\": \"This is the description for a test project\",\n      \"language\":
        \"en\",\n      \"multilingualResource\": false,\n      \"createdDateTime\":
        \"2022-06-13T13:23:01Z\",\n      \"lastModifiedDateTime\": \"2022-06-13T13:23:01Z\",\n
        \     \"settings\": {\n        \"defaultAnswer\": \"No answer found for your
        question.\"\n      }\n    },\n    {\n      \"projectName\": \"TestProject1808655329\",\n
        \     \"description\": \"This is the description for a test project\",\n      \"language\":
        \"en\",\n      \"multilingualResource\": false,\n      \"createdDateTime\":
        \"2022-06-13T13:28:40Z\",\n      \"lastModifiedDateTime\": \"2022-06-13T13:28:40Z\",\n
        \     \"settings\": {\n        \"defaultAnswer\": \"No answer found for your
        question.\"\n      }\n    },\n    {\n      \"projectName\": \"TestProject181619510\",\n
        \     \"description\": \"This is the description for a test project\",\n      \"language\":
        \"en\",\n      \"multilingualResource\": false,\n      \"createdDateTime\":
        \"2022-06-14T13:24:23Z\",\n      \"lastModifiedDateTime\": \"2022-06-14T13:24:23Z\",\n
        \     \"settings\": {\n        \"defaultAnswer\": \"No answer found for your
        question.\"\n      }\n    },\n    {\n      \"projectName\": \"TestProject1828625798\",\n
        \     \"description\": \"This is the description for a test project\",\n      \"language\":
        \"en\",\n      \"multilingualResource\": false,\n      \"createdDateTime\":
        \"2022-06-18T13:39:17Z\",\n      \"lastModifiedDateTime\": \"2022-06-18T13:39:17Z\",\n
        \     \"settings\": {\n        \"defaultAnswer\": \"No answer found for your
        question.\"\n      }\n    },\n    {\n      \"projectName\": \"TestProject183437132\",\n
        \     \"description\": \"This is the description for a test project\",\n      \"language\":
        \"en\",\n      \"multilingualResource\": false,\n      \"createdDateTime\":
        \"2022-07-22T13:27:57Z\",\n      \"lastModifiedDateTime\": \"2022-07-22T13:27:57Z\",\n
        \     \"settings\": {\n        \"defaultAnswer\": \"No answer found for your
        question.\"\n      }\n    },\n    {\n      \"projectName\": \"TestProject1837361454\",\n
        \     \"description\": \"This is the description for a test project\",\n      \"language\":
        \"en\",\n      \"multilingualResource\": false,\n      \"createdDateTime\":
        \"2022-08-02T13:37:08Z\",\n      \"lastModifiedDateTime\": \"2022-08-02T13:37:08Z\",\n
        \     \"settings\": {\n        \"defaultAnswer\": \"No answer found for your
        question.\"\n      }\n    },\n    {\n      \"projectName\": \"TestProject1840750297\",\n
        \     \"description\": \"This is the description for a test project\",\n      \"language\":
        \"en\",\n      \"multilingualResource\": false,\n      \"createdDateTime\":
        \"2022-07-27T13:32:33Z\",\n      \"lastModifiedDateTime\": \"2022-07-27T13:32:33Z\",\n
        \     \"settings\": {\n        \"defaultAnswer\": \"No answer found for your
        question.\"\n      }\n    },\n    {\n      \"projectName\": \"TestProject1842212587\",\n
        \     \"description\": \"This is the description for a test project\",\n      \"language\":
        \"en\",\n      \"multilingualResource\": false,\n      \"createdDateTime\":
        \"2022-08-02T13:36:03Z\",\n      \"lastModifiedDateTime\": \"2022-08-02T13:36:03Z\",\n
        \     \"settings\": {\n        \"defaultAnswer\": \"No answer found for your
        question.\"\n      }\n    },\n    {\n      \"projectName\": \"TestProject1844576578\",\n
        \     \"description\": \"This is the description for a test project\",\n      \"language\":
        \"en\",\n      \"multilingualResource\": false,\n      \"createdDateTime\":
        \"2022-06-08T13:31:02Z\",\n      \"lastModifiedDateTime\": \"2022-06-08T13:31:02Z\",\n
        \     \"settings\": {\n        \"defaultAnswer\": \"No answer found for your
        question.\"\n      }\n    },\n    {\n      \"projectName\": \"TestProject184479002\",\n
        \     \"description\": \"This is the description for a test project\",\n      \"language\":
        \"en\",\n      \"multilingualResource\": false,\n      \"createdDateTime\":
        \"2022-08-02T13:32:12Z\",\n      \"lastModifiedDateTime\": \"2022-08-02T13:32:12Z\",\n
        \     \"settings\": {\n        \"defaultAnswer\": \"No answer found for your
        question.\"\n      }\n    },\n    {\n      \"projectName\": \"TestProject1845978272\",\n
        \     \"description\": \"This is the description for a test project\",\n      \"language\":
        \"en\",\n      \"multilingualResource\": false,\n      \"createdDateTime\":
        \"2022-07-26T13:27:56Z\",\n      \"lastModifiedDateTime\": \"2022-07-26T13:27:56Z\",\n
        \     \"settings\": {\n        \"defaultAnswer\": \"No answer found for your
        question.\"\n      }\n    },\n    {\n      \"projectName\": \"TestProject184915701\",\n
        \     \"description\": \"This is the description for a test project\",\n      \"language\":
        \"en\",\n      \"multilingualResource\": false,\n      \"createdDateTime\":
        \"2022-07-27T13:35:48Z\",\n      \"lastModifiedDateTime\": \"2022-07-27T13:35:48Z\",\n
        \     \"settings\": {\n        \"defaultAnswer\": \"No answer found for your
        question.\"\n      }\n    },\n    {\n      \"projectName\": \"TestProject1850162416\",\n
        \     \"description\": \"This is the description for a test project\",\n      \"language\":
        \"en\",\n      \"multilingualResource\": false,\n      \"createdDateTime\":
        \"2022-07-25T13:31:41Z\",\n      \"lastModifiedDateTime\": \"2022-07-25T13:31:41Z\",\n
        \     \"settings\": {\n        \"defaultAnswer\": \"No answer found for your
        question.\"\n      }\n    },\n    {\n      \"projectName\": \"TestProject1852338896\",\n
        \     \"description\": \"This is the description for a test project\",\n      \"language\":
        \"en\",\n      \"multilingualResource\": false,\n      \"createdDateTime\":
        \"2022-06-16T13:29:21Z\",\n      \"lastModifiedDateTime\": \"2022-06-16T13:29:21Z\",\n
        \     \"settings\": {\n        \"defaultAnswer\": \"No answer found for your
        question.\"\n      }\n    },\n    {\n      \"projectName\": \"TestProject1866998551\",\n
        \     \"description\": \"This is the description for a test project\",\n      \"language\":
        \"en\",\n      \"multilingualResource\": false,\n      \"createdDateTime\":
        \"2022-06-15T13:25:03Z\",\n      \"lastModifiedDateTime\": \"2022-06-15T13:25:03Z\",\n
        \     \"settings\": {\n        \"defaultAnswer\": \"No answer found for your
        question.\"\n      }\n    },\n    {\n      \"projectName\": \"TestProject1868201722\",\n
        \     \"description\": \"This is the description for a test project\",\n      \"language\":
        \"en\",\n      \"multilingualResource\": false,\n      \"createdDateTime\":
        \"2022-06-07T13:30:41Z\",\n      \"lastModifiedDateTime\": \"2022-06-07T13:30:41Z\",\n
        \     \"settings\": {\n        \"defaultAnswer\": \"No answer found for your
        question.\"\n      }\n    },\n    {\n      \"projectName\": \"TestProject1868536034\",\n
        \     \"description\": \"This is the description for a test project\",\n      \"language\":
        \"en\",\n      \"multilingualResource\": false,\n      \"createdDateTime\":
        \"2022-07-20T13:30:04Z\",\n      \"lastModifiedDateTime\": \"2022-07-20T13:30:04Z\",\n
        \     \"settings\": {\n        \"defaultAnswer\": \"No answer found for your
        question.\"\n      }\n    },\n    {\n      \"projectName\": \"TestProject1880559772\",\n
        \     \"description\": \"This is the description for a test project\",\n      \"language\":
        \"en\",\n      \"multilingualResource\": false,\n      \"createdDateTime\":
        \"2022-06-15T13:28:44Z\",\n      \"lastModifiedDateTime\": \"2022-06-15T13:28:44Z\",\n
        \     \"settings\": {\n        \"defaultAnswer\": \"No answer found for your
        question.\"\n      }\n    },\n    {\n      \"projectName\": \"TestProject1889216125\",\n
        \     \"description\": \"This is the description for a test project\",\n      \"language\":
        \"en\",\n      \"multilingualResource\": false,\n      \"createdDateTime\":
        \"2022-08-02T13:40:30Z\",\n      \"lastModifiedDateTime\": \"2022-08-02T13:40:30Z\",\n
        \     \"settings\": {\n        \"defaultAnswer\": \"No answer found for your
        question.\"\n      }\n    },\n    {\n      \"projectName\": \"TestProject1895162810\",\n
        \     \"description\": \"This is the description for a test project\",\n      \"language\":
        \"en\",\n      \"multilingualResource\": false,\n      \"createdDateTime\":
        \"2022-07-28T13:31:21Z\",\n      \"lastModifiedDateTime\": \"2022-07-28T13:31:21Z\",\n
        \     \"settings\": {\n        \"defaultAnswer\": \"No answer found for your
        question.\"\n      }\n    },\n    {\n      \"projectName\": \"TestProject1895188214\",\n
        \     \"description\": \"This is the description for a test project\",\n      \"language\":
        \"en\",\n      \"multilingualResource\": false,\n      \"createdDateTime\":
        \"2022-07-23T13:39:06Z\",\n      \"lastModifiedDateTime\": \"2022-07-23T13:39:06Z\",\n
        \     \"settings\": {\n        \"defaultAnswer\": \"No answer found for your
        question.\"\n      }\n    },\n    {\n      \"projectName\": \"TestProject1899432624\",\n
        \     \"description\": \"This is the description for a test project\",\n      \"language\":
        \"en\",\n      \"multilingualResource\": false,\n      \"createdDateTime\":
        \"2022-07-22T13:28:04Z\",\n      \"lastModifiedDateTime\": \"2022-07-22T13:28:04Z\",\n
        \     \"settings\": {\n        \"defaultAnswer\": \"No answer found for your
        question.\"\n      }\n    },\n    {\n      \"projectName\": \"TestProject1901881000\",\n
        \     \"description\": \"This is the description for a test project\",\n      \"language\":
        \"en\",\n      \"multilingualResource\": false,\n      \"createdDateTime\":
        \"2022-07-23T13:40:35Z\",\n      \"lastModifiedDateTime\": \"2022-07-23T13:40:35Z\",\n
        \     \"settings\": {\n        \"defaultAnswer\": \"No answer found for your
        question.\"\n      }\n    },\n    {\n      \"projectName\": \"TestProject19067974\",\n
        \     \"description\": \"This is the description for a test project\",\n      \"language\":
        \"en\",\n      \"multilingualResource\": false,\n      \"createdDateTime\":
        \"2022-06-14T13:28:40Z\",\n      \"lastModifiedDateTime\": \"2022-06-14T13:28:40Z\",\n
        \     \"settings\": {\n        \"defaultAnswer\": \"No answer found for your
        question.\"\n      }\n    },\n    {\n      \"projectName\": \"TestProject1911489104\",\n
        \     \"description\": \"This is the description for a test project\",\n      \"language\":
        \"en\",\n      \"multilingualResource\": false,\n      \"createdDateTime\":
        \"2022-06-14T13:28:25Z\",\n      \"lastModifiedDateTime\": \"2022-06-14T13:28:25Z\",\n
        \     \"settings\": {\n        \"defaultAnswer\": \"No answer found for your
        question.\"\n      }\n    },\n    {\n      \"projectName\": \"TestProject1913873089\",\n
        \     \"description\": \"This is the description for a test project\",\n      \"language\":
        \"en\",\n      \"multilingualResource\": false,\n      \"createdDateTime\":
        \"2022-07-29T13:32:41Z\",\n      \"lastModifiedDateTime\": \"2022-07-29T13:32:41Z\",\n
        \     \"settings\": {\n        \"defaultAnswer\": \"No answer found for your
        question.\"\n      }\n    },\n    {\n      \"projectName\": \"TestProject1916917343\",\n
        \     \"description\": \"This is the description for a test project\",\n      \"language\":
        \"en\",\n      \"multilingualResource\": false,\n      \"createdDateTime\":
        \"2022-07-28T13:33:24Z\",\n      \"lastModifiedDateTime\": \"2022-07-28T13:33:24Z\",\n
        \     \"settings\": {\n        \"defaultAnswer\": \"No answer found for your
        question.\"\n      }\n    },\n    {\n      \"projectName\": \"TestProject1919782383\",\n
        \     \"description\": \"This is the description for a test project\",\n      \"language\":
        \"en\",\n      \"multilingualResource\": false,\n      \"createdDateTime\":
        \"2022-07-24T13:42:25Z\",\n      \"lastModifiedDateTime\": \"2022-07-24T13:42:25Z\",\n
        \     \"settings\": {\n        \"defaultAnswer\": \"No answer found for your
        question.\"\n      }\n    },\n    {\n      \"projectName\": \"TestProject1922154756\",\n
        \     \"description\": \"This is the description for a test project\",\n      \"language\":
        \"en\",\n      \"multilingualResource\": false,\n      \"createdDateTime\":
        \"2022-07-21T13:31:16Z\",\n      \"lastModifiedDateTime\": \"2022-07-21T13:31:16Z\",\n
        \     \"settings\": {\n        \"defaultAnswer\": \"No answer found for your
        question.\"\n      }\n    },\n    {\n      \"projectName\": \"TestProject1927504107\",\n
        \     \"description\": \"This is the description for a test project\",\n      \"language\":
        \"en\",\n      \"multilingualResource\": false,\n      \"createdDateTime\":
        \"2022-07-31T13:45:48Z\",\n      \"lastModifiedDateTime\": \"2022-07-31T13:45:48Z\",\n
        \     \"settings\": {\n        \"defaultAnswer\": \"No answer found for your
        question.\"\n      }\n    },\n    {\n      \"projectName\": \"TestProject1927718382\",\n
        \     \"description\": \"This is the description for a test project\",\n      \"language\":
        \"en\",\n      \"multilingualResource\": false,\n      \"createdDateTime\":
        \"2022-06-11T13:43:01Z\",\n      \"lastModifiedDateTime\": \"2022-06-11T13:43:01Z\",\n
        \     \"settings\": {\n        \"defaultAnswer\": \"No answer found for your
        question.\"\n      }\n    },\n    {\n      \"projectName\": \"TestProject192805671\",\n
        \     \"description\": \"This is the description for a test project\",\n      \"language\":
        \"en\",\n      \"multilingualResource\": false,\n      \"createdDateTime\":
        \"2022-07-30T13:46:15Z\",\n      \"lastModifiedDateTime\": \"2022-07-30T13:46:15Z\",\n
        \     \"settings\": {\n        \"defaultAnswer\": \"No answer found for your
        question.\"\n      }\n    },\n    {\n      \"projectName\": \"TestProject193575718\",\n
        \     \"description\": \"This is the description for a test project\",\n      \"language\":
        \"en\",\n      \"multilingualResource\": false,\n      \"createdDateTime\":
        \"2022-07-28T13:33:29Z\",\n      \"lastModifiedDateTime\": \"2022-07-28T13:33:29Z\",\n
        \     \"settings\": {\n        \"defaultAnswer\": \"No answer found for your
        question.\"\n      }\n    },\n    {\n      \"projectName\": \"TestProject1937223444\",\n
        \     \"description\": \"This is the description for a test project\",\n      \"language\":
        \"en\",\n      \"multilingualResource\": false,\n      \"createdDateTime\":
        \"2022-06-10T13:27:39Z\",\n      \"lastModifiedDateTime\": \"2022-06-10T13:27:39Z\",\n
        \     \"settings\": {\n        \"defaultAnswer\": \"No answer found for your
        question.\"\n      }\n    },\n    {\n      \"projectName\": \"TestProject1939147022\",\n
        \     \"description\": \"This is the description for a test project\",\n      \"language\":
        \"en\",\n      \"multilingualResource\": false,\n      \"createdDateTime\":
        \"2022-06-08T13:30:46Z\",\n      \"lastModifiedDateTime\": \"2022-06-08T13:30:46Z\",\n
        \     \"settings\": {\n        \"defaultAnswer\": \"No answer found for your
        question.\"\n      }\n    },\n    {\n      \"projectName\": \"TestProject1941025019\",\n
        \     \"description\": \"This is the description for a test project\",\n      \"language\":
        \"en\",\n      \"multilingualResource\": false,\n      \"createdDateTime\":
        \"2022-06-16T13:28:51Z\",\n      \"lastModifiedDateTime\": \"2022-06-16T13:28:51Z\",\n
        \     \"settings\": {\n        \"defaultAnswer\": \"No answer found for your
        question.\"\n      }\n    },\n    {\n      \"projectName\": \"TestProject1944581609\",\n
        \     \"description\": \"This is the description for a test project\",\n      \"language\":
        \"en\",\n      \"multilingualResource\": false,\n      \"createdDateTime\":
        \"2022-06-14T13:29:25Z\",\n      \"lastModifiedDateTime\": \"2022-06-14T13:29:25Z\",\n
        \     \"settings\": {\n        \"defaultAnswer\": \"No answer found for your
        question.\"\n      }\n    },\n    {\n      \"projectName\": \"TestProject1947921809\",\n
        \     \"description\": \"This is the description for a test project\",\n      \"language\":
        \"en\",\n      \"multilingualResource\": false,\n      \"createdDateTime\":
        \"2022-07-20T13:29:20Z\",\n      \"lastModifiedDateTime\": \"2022-07-20T13:29:20Z\",\n
        \     \"settings\": {\n        \"defaultAnswer\": \"No answer found for your
        question.\"\n      }\n    },\n    {\n      \"projectName\": \"TestProject1958076470\",\n
        \     \"description\": \"This is the description for a test project\",\n      \"language\":
        \"en\",\n      \"multilingualResource\": false,\n      \"createdDateTime\":
        \"2022-07-22T13:26:21Z\",\n      \"lastModifiedDateTime\": \"2022-07-22T13:26:21Z\",\n
        \     \"settings\": {\n        \"defaultAnswer\": \"No answer found for your
        question.\"\n      }\n    },\n    {\n      \"projectName\": \"TestProject1965347859\",\n
        \     \"description\": \"This is the description for a test project\",\n      \"language\":
        \"en\",\n      \"multilingualResource\": false,\n      \"createdDateTime\":
        \"2022-07-31T13:48:48Z\",\n      \"lastModifiedDateTime\": \"2022-07-31T13:48:48Z\",\n
        \     \"settings\": {\n        \"defaultAnswer\": \"No answer found for your
        question.\"\n      }\n    },\n    {\n      \"projectName\": \"TestProject1977271349\",\n
        \     \"description\": \"This is the description for a test project\",\n      \"language\":
        \"en\",\n      \"multilingualResource\": false,\n      \"createdDateTime\":
        \"2022-07-30T13:46:44Z\",\n      \"lastModifiedDateTime\": \"2022-07-30T13:46:44Z\",\n
        \     \"settings\": {\n        \"defaultAnswer\": \"No answer found for your
        question.\"\n      }\n    },\n    {\n      \"projectName\": \"TestProject1978036743\",\n
        \     \"description\": \"This is the description for a test project\",\n      \"language\":
        \"en\",\n      \"multilingualResource\": false,\n      \"createdDateTime\":
        \"2022-06-07T13:28:11Z\",\n      \"lastModifiedDateTime\": \"2022-06-07T13:28:11Z\",\n
        \     \"settings\": {\n        \"defaultAnswer\": \"No answer found for your
        question.\"\n      }\n    },\n    {\n      \"projectName\": \"TestProject198694252\",\n
        \     \"description\": \"This is the description for a test project\",\n      \"language\":
        \"en\",\n      \"multilingualResource\": false,\n      \"createdDateTime\":
        \"2022-06-16T13:24:19Z\",\n      \"lastModifiedDateTime\": \"2022-06-16T13:24:19Z\",\n
        \     \"settings\": {\n        \"defaultAnswer\": \"No answer found for your
        question.\"\n      }\n    },\n    {\n      \"projectName\": \"TestProject1987878776\",\n
        \     \"description\": \"This is the description for a test project\",\n      \"language\":
        \"en\",\n      \"multilingualResource\": false,\n      \"createdDateTime\":
        \"2022-06-15T13:28:18Z\",\n      \"lastModifiedDateTime\": \"2022-06-15T13:28:18Z\",\n
        \     \"settings\": {\n        \"defaultAnswer\": \"No answer found for your
        question.\"\n      }\n    },\n    {\n      \"projectName\": \"TestProject1994560998\",\n
        \     \"description\": \"This is the description for a test project\",\n      \"language\":
        \"en\",\n      \"multilingualResource\": false,\n      \"createdDateTime\":
        \"2022-06-11T13:38:11Z\",\n      \"lastModifiedDateTime\": \"2022-06-11T13:38:11Z\",\n
        \     \"settings\": {\n        \"defaultAnswer\": \"No answer found for your
        question.\"\n      }\n    },\n    {\n      \"projectName\": \"TestProject2007506588\",\n
        \     \"description\": \"This is the description for a test project\",\n      \"language\":
        \"en\",\n      \"multilingualResource\": false,\n      \"createdDateTime\":
        \"2022-06-18T13:41:35Z\",\n      \"lastModifiedDateTime\": \"2022-06-18T13:41:35Z\",\n
        \     \"settings\": {\n        \"defaultAnswer\": \"No answer found for your
        question.\"\n      }\n    },\n    {\n      \"projectName\": \"TestProject2013364598\",\n
        \     \"description\": \"This is the description for a test project\",\n      \"language\":
        \"en\",\n      \"multilingualResource\": false,\n      \"createdDateTime\":
        \"2022-07-27T13:35:47Z\",\n      \"lastModifiedDateTime\": \"2022-07-27T13:35:47Z\",\n
        \     \"settings\": {\n        \"defaultAnswer\": \"No answer found for your
        question.\"\n      }\n    },\n    {\n      \"projectName\": \"TestProject2017298894\",\n
        \     \"description\": \"This is the description for a test project\",\n      \"language\":
        \"en\",\n      \"multilingualResource\": false,\n      \"createdDateTime\":
        \"2022-06-10T13:23:56Z\",\n      \"lastModifiedDateTime\": \"2022-06-10T13:23:56Z\",\n
        \     \"settings\": {\n        \"defaultAnswer\": \"No answer found for your
        question.\"\n      }\n    },\n    {\n      \"projectName\": \"TestProject2021573739\",\n
        \     \"description\": \"This is the description for a test project\",\n      \"language\":
        \"en\",\n      \"multilingualResource\": false,\n      \"createdDateTime\":
        \"2022-06-11T13:39:15Z\",\n      \"lastModifiedDateTime\": \"2022-06-11T13:39:15Z\",\n
        \     \"settings\": {\n        \"defaultAnswer\": \"No answer found for your
        question.\"\n      }\n    },\n    {\n      \"projectName\": \"TestProject2027404370\",\n
        \     \"description\": \"This is the description for a test project\",\n      \"language\":
        \"en\",\n      \"multilingualResource\": false,\n      \"createdDateTime\":
        \"2022-07-28T13:36:50Z\",\n      \"lastModifiedDateTime\": \"2022-07-28T13:36:50Z\",\n
        \     \"settings\": {\n        \"defaultAnswer\": \"No answer found for your
        question.\"\n      }\n    },\n    {\n      \"projectName\": \"TestProject2031319009\",\n
        \     \"description\": \"This is the description for a test project\",\n      \"language\":
        \"en\",\n      \"multilingualResource\": false,\n      \"createdDateTime\":
        \"2022-06-13T13:26:53Z\",\n      \"lastModifiedDateTime\": \"2022-06-13T13:26:53Z\",\n
        \     \"settings\": {\n        \"defaultAnswer\": \"No answer found for your
        question.\"\n      }\n    },\n    {\n      \"projectName\": \"TestProject2038048777\",\n
        \     \"description\": \"This is the description for a test project\",\n      \"language\":
        \"en\",\n      \"multilingualResource\": false,\n      \"createdDateTime\":
        \"2022-07-23T13:41:50Z\",\n      \"lastModifiedDateTime\": \"2022-07-23T13:41:50Z\",\n
        \     \"settings\": {\n        \"defaultAnswer\": \"No answer found for your
        question.\"\n      }\n    },\n    {\n      \"projectName\": \"TestProject2040320146\",\n
        \     \"description\": \"This is the description for a test project\",\n      \"language\":
        \"en\",\n      \"multilingualResource\": false,\n      \"createdDateTime\":
        \"2022-06-12T13:39:49Z\",\n      \"lastModifiedDateTime\": \"2022-06-12T13:39:49Z\",\n
        \     \"settings\": {\n        \"defaultAnswer\": \"No answer found for your
        question.\"\n      }\n    },\n    {\n      \"projectName\": \"TestProject2043908728\",\n
        \     \"description\": \"This is the description for a test project\",\n      \"language\":
        \"en\",\n      \"multilingualResource\": false,\n      \"createdDateTime\":
        \"2022-07-29T13:36:04Z\",\n      \"lastModifiedDateTime\": \"2022-07-29T13:36:04Z\",\n
        \     \"settings\": {\n        \"defaultAnswer\": \"No answer found for your
        question.\"\n      }\n    },\n    {\n      \"projectName\": \"TestProject2062691691\",\n
        \     \"description\": \"This is the description for a test project\",\n      \"language\":
        \"en\",\n      \"multilingualResource\": false,\n      \"createdDateTime\":
        \"2022-06-19T13:41:50Z\",\n      \"lastModifiedDateTime\": \"2022-06-19T13:41:50Z\",\n
        \     \"settings\": {\n        \"defaultAnswer\": \"No answer found for your
        question.\"\n      }\n    },\n    {\n      \"projectName\": \"TestProject2064658791\",\n
        \     \"description\": \"This is the description for a test project\",\n      \"language\":
        \"en\",\n      \"multilingualResource\": false,\n      \"createdDateTime\":
        \"2022-07-22T13:25:51Z\",\n      \"lastModifiedDateTime\": \"2022-07-22T13:25:51Z\",\n
        \     \"settings\": {\n        \"defaultAnswer\": \"No answer found for your
        question.\"\n      }\n    },\n    {\n      \"projectName\": \"TestProject2066471993\",\n
        \     \"description\": \"This is the description for a test project\",\n      \"language\":
        \"en\",\n      \"multilingualResource\": false,\n      \"createdDateTime\":
        \"2022-07-23T13:41:58Z\",\n      \"lastModifiedDateTime\": \"2022-07-23T13:41:58Z\",\n
        \     \"settings\": {\n        \"defaultAnswer\": \"No answer found for your
        question.\"\n      }\n    },\n    {\n      \"projectName\": \"TestProject2073423245\",\n
        \     \"description\": \"This is the description for a test project\",\n      \"language\":
        \"en\",\n      \"multilingualResource\": false,\n      \"createdDateTime\":
        \"2022-06-08T13:27:52Z\",\n      \"lastModifiedDateTime\": \"2022-06-08T13:27:52Z\",\n
        \     \"settings\": {\n        \"defaultAnswer\": \"No answer found for your
        question.\"\n      }\n    },\n    {\n      \"projectName\": \"TestProject2076345949\",\n
        \     \"description\": \"This is the description for a test project\",\n      \"language\":
        \"en\",\n      \"multilingualResource\": false,\n      \"createdDateTime\":
        \"2022-08-02T21:46:22Z\",\n      \"lastModifiedDateTime\": \"2022-08-02T21:46:22Z\",\n
        \     \"settings\": {\n        \"defaultAnswer\": \"No answer found for your
        question.\"\n      }\n    },\n    {\n      \"projectName\": \"TestProject2077514405\",\n
        \     \"description\": \"This is the description for a test project\",\n      \"language\":
        \"en\",\n      \"multilingualResource\": false,\n      \"createdDateTime\":
        \"2022-06-12T13:38:45Z\",\n      \"lastModifiedDateTime\": \"2022-06-12T13:38:45Z\",\n
        \     \"settings\": {\n        \"defaultAnswer\": \"No answer found for your
        question.\"\n      }\n    },\n    {\n      \"projectName\": \"TestProject2080597974\",\n
        \     \"description\": \"This is the description for a test project\",\n      \"language\":
        \"en\",\n      \"multilingualResource\": false,\n      \"createdDateTime\":
        \"2022-07-27T13:28:38Z\",\n      \"lastModifiedDateTime\": \"2022-07-27T13:28:38Z\",\n
        \     \"settings\": {\n        \"defaultAnswer\": \"No answer found for your
        question.\"\n      }\n    },\n    {\n      \"projectName\": \"TestProject2082235340\",\n
        \     \"description\": \"This is the description for a test project\",\n      \"language\":
        \"en\",\n      \"multilingualResource\": false,\n      \"createdDateTime\":
        \"2022-07-21T13:28:06Z\",\n      \"lastModifiedDateTime\": \"2022-07-21T13:28:06Z\",\n
        \     \"settings\": {\n        \"defaultAnswer\": \"No answer found for your
        question.\"\n      }\n    },\n    {\n      \"projectName\": \"TestProject2085332938\",\n
        \     \"description\": \"This is the description for a test project\",\n      \"language\":
        \"en\",\n      \"multilingualResource\": false,\n      \"createdDateTime\":
        \"2022-06-16T13:30:00Z\",\n      \"lastModifiedDateTime\": \"2022-06-16T13:30:00Z\",\n
        \     \"settings\": {\n        \"defaultAnswer\": \"No answer found for your
        question.\"\n      }\n    },\n    {\n      \"projectName\": \"TestProject208620115\",\n
        \     \"description\": \"This is the description for a test project\",\n      \"language\":
        \"en\",\n      \"multilingualResource\": false,\n      \"createdDateTime\":
        \"2022-08-01T13:32:02Z\",\n      \"lastModifiedDateTime\": \"2022-08-01T13:32:02Z\",\n
        \     \"settings\": {\n        \"defaultAnswer\": \"No answer found for your
        question.\"\n      }\n    },\n    {\n      \"projectName\": \"TestProject2091269071\",\n
        \     \"description\": \"This is the description for a test project\",\n      \"language\":
        \"en\",\n      \"multilingualResource\": false,\n      \"createdDateTime\":
        \"2022-06-08T13:24:36Z\",\n      \"lastModifiedDateTime\": \"2022-06-08T13:24:36Z\",\n
        \     \"settings\": {\n        \"defaultAnswer\": \"No answer found for your
        question.\"\n      }\n    },\n    {\n      \"projectName\": \"TestProject209430398\",\n
        \     \"description\": \"This is the description for a test project\",\n      \"language\":
        \"en\",\n      \"multilingualResource\": false,\n      \"createdDateTime\":
        \"2022-06-19T13:40:28Z\",\n      \"lastModifiedDateTime\": \"2022-06-19T13:40:28Z\",\n
        \     \"settings\": {\n        \"defaultAnswer\": \"No answer found for your
        question.\"\n      }\n    },\n    {\n      \"projectName\": \"TestProject2096653202\",\n
        \     \"description\": \"This is the description for a test project\",\n      \"language\":
        \"en\",\n      \"multilingualResource\": false,\n      \"createdDateTime\":
        \"2022-07-30T13:46:37Z\",\n      \"lastModifiedDateTime\": \"2022-07-30T13:46:37Z\",\n
        \     \"settings\": {\n        \"defaultAnswer\": \"No answer found for your
        question.\"\n      }\n    },\n    {\n      \"projectName\": \"TestProject2097818424\",\n
        \     \"description\": \"This is the description for a test project\",\n      \"language\":
        \"en\",\n      \"multilingualResource\": false,\n      \"createdDateTime\":
        \"2022-06-10T13:24:25Z\",\n      \"lastModifiedDateTime\": \"2022-06-10T13:24:25Z\",\n
        \     \"settings\": {\n        \"defaultAnswer\": \"No answer found for your
        question.\"\n      }\n    },\n    {\n      \"projectName\": \"TestProject2102491722\",\n
        \     \"description\": \"This is the description for a test project\",\n      \"language\":
        \"en\",\n      \"multilingualResource\": false,\n      \"createdDateTime\":
        \"2022-07-27T13:35:26Z\",\n      \"lastModifiedDateTime\": \"2022-07-27T13:35:26Z\",\n
        \     \"settings\": {\n        \"defaultAnswer\": \"No answer found for your
        question.\"\n      }\n    },\n    {\n      \"projectName\": \"TestProject2104766113\",\n
        \     \"description\": \"This is the description for a test project\",\n      \"language\":
        \"en\",\n      \"multilingualResource\": false,\n      \"createdDateTime\":
        \"2022-07-25T13:32:09Z\",\n      \"lastModifiedDateTime\": \"2022-07-25T13:32:09Z\",\n
        \     \"settings\": {\n        \"defaultAnswer\": \"No answer found for your
        question.\"\n      }\n    },\n    {\n      \"projectName\": \"TestProject2106853973\",\n
        \     \"description\": \"This is the description for a test project\",\n      \"language\":
        \"en\",\n      \"multilingualResource\": false,\n      \"createdDateTime\":
        \"2022-07-21T13:26:57Z\",\n      \"lastModifiedDateTime\": \"2022-07-21T13:26:57Z\",\n
        \     \"settings\": {\n        \"defaultAnswer\": \"No answer found for your
        question.\"\n      }\n    },\n    {\n      \"projectName\": \"TestProject2125606073\",\n
        \     \"description\": \"This is the description for a test project\",\n      \"language\":
        \"en\",\n      \"multilingualResource\": false,\n      \"createdDateTime\":
        \"2022-06-15T13:31:17Z\",\n      \"lastModifiedDateTime\": \"2022-06-15T13:31:17Z\",\n
        \     \"settings\": {\n        \"defaultAnswer\": \"No answer found for your
        question.\"\n      }\n    },\n    {\n      \"projectName\": \"TestProject2132592787\",\n
        \     \"description\": \"This is the description for a test project\",\n      \"language\":
        \"en\",\n      \"multilingualResource\": false,\n      \"createdDateTime\":
        \"2022-06-10T13:25:37Z\",\n      \"lastModifiedDateTime\": \"2022-06-10T13:25:37Z\",\n
        \     \"settings\": {\n        \"defaultAnswer\": \"No answer found for your
        question.\"\n      }\n    },\n    {\n      \"projectName\": \"TestProject2145576670\",\n
        \     \"description\": \"This is the description for a test project\",\n      \"language\":
        \"en\",\n      \"multilingualResource\": false,\n      \"createdDateTime\":
        \"2022-07-31T13:49:09Z\",\n      \"lastModifiedDateTime\": \"2022-07-31T13:49:09Z\",\n
        \     \"settings\": {\n        \"defaultAnswer\": \"No answer found for your
        question.\"\n      }\n    },\n    {\n      \"projectName\": \"TestProject2145700348\",\n
        \     \"description\": \"This is the description for a test project\",\n      \"language\":
        \"en\",\n      \"multilingualResource\": false,\n      \"createdDateTime\":
        \"2022-06-09T13:24:43Z\",\n      \"lastModifiedDateTime\": \"2022-06-09T13:24:43Z\",\n
        \     \"settings\": {\n        \"defaultAnswer\": \"No answer found for your
        question.\"\n      }\n    },\n    {\n      \"projectName\": \"TestProject2145967555\",\n
        \     \"description\": \"This is the description for a test project\",\n      \"language\":
        \"en\",\n      \"multilingualResource\": false,\n      \"createdDateTime\":
        \"2022-06-07T13:35:11Z\",\n      \"lastModifiedDateTime\": \"2022-06-07T13:35:11Z\",\n
        \     \"settings\": {\n        \"defaultAnswer\": \"No answer found for your
        question.\"\n      }\n    },\n    {\n      \"projectName\": \"TestProject225210919\",\n
        \     \"description\": \"This is the description for a test project\",\n      \"language\":
        \"en\",\n      \"multilingualResource\": false,\n      \"createdDateTime\":
        \"2022-06-11T13:38:28Z\",\n      \"lastModifiedDateTime\": \"2022-06-11T13:38:28Z\",\n
        \     \"settings\": {\n        \"defaultAnswer\": \"No answer found for your
        question.\"\n      }\n    },\n    {\n      \"projectName\": \"TestProject229483793\",\n
        \     \"description\": \"This is the description for a test project\",\n      \"language\":
        \"en\",\n      \"multilingualResource\": false,\n      \"createdDateTime\":
        \"2022-08-01T13:31:33Z\",\n      \"lastModifiedDateTime\": \"2022-08-01T13:31:33Z\",\n
        \     \"settings\": {\n        \"defaultAnswer\": \"No answer found for your
        question.\"\n      }\n    },\n    {\n      \"projectName\": \"TestProject248139682\",\n
        \     \"description\": \"This is the description for a test project\",\n      \"language\":
        \"en\",\n      \"multilingualResource\": false,\n      \"createdDateTime\":
        \"2022-07-26T13:36:29Z\",\n      \"lastModifiedDateTime\": \"2022-07-26T13:36:29Z\",\n
        \     \"settings\": {\n        \"defaultAnswer\": \"No answer found for your
        question.\"\n      }\n    },\n    {\n      \"projectName\": \"TestProject258238699\",\n
        \     \"description\": \"This is the description for a test project\",\n      \"language\":
        \"en\",\n      \"multilingualResource\": false,\n      \"createdDateTime\":
        \"2022-06-11T13:42:42Z\",\n      \"lastModifiedDateTime\": \"2022-06-11T13:42:42Z\",\n
        \     \"settings\": {\n        \"defaultAnswer\": \"No answer found for your
        question.\"\n      }\n    },\n    {\n      \"projectName\": \"TestProject259238702\",\n
        \     \"description\": \"This is the description for a test project\",\n      \"language\":
        \"en\",\n      \"multilingualResource\": false,\n      \"createdDateTime\":
        \"2022-08-02T13:39:42Z\",\n      \"lastModifiedDateTime\": \"2022-08-02T13:39:42Z\",\n
        \     \"settings\": {\n        \"defaultAnswer\": \"No answer found for your
        question.\"\n      }\n    },\n    {\n      \"projectName\": \"TestProject26979028\",\n
        \     \"description\": \"This is the description for a test project\",\n      \"language\":
        \"en\",\n      \"multilingualResource\": false,\n      \"createdDateTime\":
        \"2022-06-19T13:43:35Z\",\n      \"lastModifiedDateTime\": \"2022-06-19T13:43:35Z\",\n
        \     \"settings\": {\n        \"defaultAnswer\": \"No answer found for your
        question.\"\n      }\n    },\n    {\n      \"projectName\": \"TestProject270316134\",\n
        \     \"description\": \"This is the description for a test project\",\n      \"language\":
        \"en\",\n      \"multilingualResource\": false,\n      \"createdDateTime\":
        \"2022-08-01T13:37:46Z\",\n      \"lastModifiedDateTime\": \"2022-08-01T13:37:46Z\",\n
        \     \"settings\": {\n        \"defaultAnswer\": \"No answer found for your
        question.\"\n      }\n    },\n    {\n      \"projectName\": \"TestProject271392171\",\n
        \     \"description\": \"This is the description for a test project\",\n      \"language\":
        \"en\",\n      \"multilingualResource\": false,\n      \"createdDateTime\":
        \"2022-07-28T13:30:00Z\",\n      \"lastModifiedDateTime\": \"2022-07-28T13:30:00Z\",\n
        \     \"settings\": {\n        \"defaultAnswer\": \"No answer found for your
        question.\"\n      }\n    },\n    {\n      \"projectName\": \"TestProject278825796\",\n
        \     \"description\": \"This is the description for a test project\",\n      \"language\":
        \"en\",\n      \"multilingualResource\": false,\n      \"createdDateTime\":
        \"2022-08-02T13:28:50Z\",\n      \"lastModifiedDateTime\": \"2022-08-02T13:28:50Z\",\n
        \     \"settings\": {\n        \"defaultAnswer\": \"No answer found for your
        question.\"\n      }\n    },\n    {\n      \"projectName\": \"TestProject285950571\",\n
        \     \"description\": \"This is the description for a test project\",\n      \"language\":
        \"en\",\n      \"multilingualResource\": false,\n      \"createdDateTime\":
        \"2022-07-27T13:32:00Z\",\n      \"lastModifiedDateTime\": \"2022-07-27T13:32:00Z\",\n
        \     \"settings\": {\n        \"defaultAnswer\": \"No answer found for your
        question.\"\n      }\n    },\n    {\n      \"projectName\": \"TestProject287395631\",\n
        \     \"description\": \"This is the description for a test project\",\n      \"language\":
        \"en\",\n      \"multilingualResource\": false,\n      \"createdDateTime\":
        \"2022-06-17T13:28:12Z\",\n      \"lastModifiedDateTime\": \"2022-06-17T13:28:12Z\",\n
        \     \"settings\": {\n        \"defaultAnswer\": \"No answer found for your
        question.\"\n      }\n    },\n    {\n      \"projectName\": \"TestProject295578419\",\n
        \     \"description\": \"This is the description for a test project\",\n      \"language\":
        \"en\",\n      \"multilingualResource\": false,\n      \"createdDateTime\":
        \"2022-06-07T13:34:16Z\",\n      \"lastModifiedDateTime\": \"2022-06-07T13:34:16Z\",\n
        \     \"settings\": {\n        \"defaultAnswer\": \"No answer found for your
        question.\"\n      }\n    },\n    {\n      \"projectName\": \"TestProject295897669\",\n
        \     \"description\": \"This is the description for a test project\",\n      \"language\":
        \"en\",\n      \"multilingualResource\": false,\n      \"createdDateTime\":
        \"2022-06-10T13:27:36Z\",\n      \"lastModifiedDateTime\": \"2022-06-10T13:27:36Z\",\n
        \     \"settings\": {\n        \"defaultAnswer\": \"No answer found for your
        question.\"\n      }\n    },\n    {\n      \"projectName\": \"TestProject296227713\",\n
        \     \"description\": \"This is the description for a test project\",\n      \"language\":
        \"en\",\n      \"multilingualResource\": false,\n      \"createdDateTime\":
        \"2022-06-14T13:28:01Z\",\n      \"lastModifiedDateTime\": \"2022-06-14T13:28:01Z\",\n
        \     \"settings\": {\n        \"defaultAnswer\": \"No answer found for your
        question.\"\n      }\n    },\n    {\n      \"projectName\": \"TestProject30353205\",\n
        \     \"description\": \"This is the description for a test project\",\n      \"language\":
        \"en\",\n      \"multilingualResource\": false,\n      \"createdDateTime\":
        \"2022-06-09T13:24:06Z\",\n      \"lastModifiedDateTime\": \"2022-06-09T13:24:06Z\",\n
        \     \"settings\": {\n        \"defaultAnswer\": \"No answer found for your
        question.\"\n      }\n    },\n    {\n      \"projectName\": \"TestProject308803249\",\n
        \     \"description\": \"This is the description for a test project\",\n      \"language\":
        \"en\",\n      \"multilingualResource\": false,\n      \"createdDateTime\":
        \"2022-07-20T13:31:15Z\",\n      \"lastModifiedDateTime\": \"2022-07-20T13:31:15Z\",\n
        \     \"settings\": {\n        \"defaultAnswer\": \"No answer found for your
        question.\"\n      }\n    },\n    {\n      \"projectName\": \"TestProject327410609\",\n
        \     \"description\": \"This is the description for a test project\",\n      \"language\":
        \"en\",\n      \"multilingualResource\": false,\n      \"createdDateTime\":
        \"2022-07-22T13:23:57Z\",\n      \"lastModifiedDateTime\": \"2022-07-22T13:23:57Z\",\n
        \     \"settings\": {\n        \"defaultAnswer\": \"No answer found for your
        question.\"\n      }\n    },\n    {\n      \"projectName\": \"TestProject34275343\",\n
        \     \"description\": \"This is the description for a test project\",\n      \"language\":
        \"en\",\n      \"multilingualResource\": false,\n      \"createdDateTime\":
        \"2022-07-24T13:52:15Z\",\n      \"lastModifiedDateTime\": \"2022-07-24T13:52:15Z\",\n
        \     \"settings\": {\n        \"defaultAnswer\": \"No answer found for your
        question.\"\n      }\n    },\n    {\n      \"projectName\": \"TestProject346809503\",\n
        \     \"description\": \"This is the description for a test project\",\n      \"language\":
        \"en\",\n      \"multilingualResource\": false,\n      \"createdDateTime\":
        \"2022-07-29T13:31:53Z\",\n      \"lastModifiedDateTime\": \"2022-07-29T13:31:53Z\",\n
        \     \"settings\": {\n        \"defaultAnswer\": \"No answer found for your
        question.\"\n      }\n    },\n    {\n      \"projectName\": \"TestProject347443091\",\n
        \     \"description\": \"This is the description for a test project\",\n      \"language\":
        \"en\",\n      \"multilingualResource\": false,\n      \"createdDateTime\":
        \"2022-06-17T13:30:31Z\",\n      \"lastModifiedDateTime\": \"2022-06-17T13:30:31Z\",\n
        \     \"settings\": {\n        \"defaultAnswer\": \"No answer found for your
        question.\"\n      }\n    },\n    {\n      \"projectName\": \"TestProject350959876\",\n
        \     \"description\": \"This is the description for a test project\",\n      \"language\":
        \"en\",\n      \"multilingualResource\": false,\n      \"createdDateTime\":
        \"2022-07-26T13:31:36Z\",\n      \"lastModifiedDateTime\": \"2022-07-26T13:31:36Z\",\n
        \     \"settings\": {\n        \"defaultAnswer\": \"No answer found for your
        question.\"\n      }\n    },\n    {\n      \"projectName\": \"TestProject352745695\",\n
        \     \"description\": \"This is the description for a test project\",\n      \"language\":
        \"en\",\n      \"multilingualResource\": false,\n      \"createdDateTime\":
        \"2022-06-07T13:32:55Z\",\n      \"lastModifiedDateTime\": \"2022-06-07T13:32:55Z\",\n
        \     \"settings\": {\n        \"defaultAnswer\": \"No answer found for your
        question.\"\n      }\n    },\n    {\n      \"projectName\": \"TestProject360403580\",\n
        \     \"description\": \"This is the description for a test project\",\n      \"language\":
        \"en\",\n      \"multilingualResource\": false,\n      \"createdDateTime\":
        \"2022-06-19T13:41:45Z\",\n      \"lastModifiedDateTime\": \"2022-06-19T13:41:45Z\",\n
        \     \"settings\": {\n        \"defaultAnswer\": \"No answer found for your
        question.\"\n      }\n    },\n    {\n      \"projectName\": \"TestProject366395807\",\n
        \     \"description\": \"This is the description for a test project\",\n      \"language\":
        \"en\",\n      \"multilingualResource\": false,\n      \"createdDateTime\":
        \"2022-07-30T13:46:54Z\",\n      \"lastModifiedDateTime\": \"2022-07-30T13:46:54Z\",\n
        \     \"settings\": {\n        \"defaultAnswer\": \"No answer found for your
        question.\"\n      }\n    },\n    {\n      \"projectName\": \"TestProject376747179\",\n
        \     \"description\": \"This is the description for a test project\",\n      \"language\":
        \"en\",\n      \"multilingualResource\": false,\n      \"createdDateTime\":
        \"2022-06-17T13:29:18Z\",\n      \"lastModifiedDateTime\": \"2022-06-17T13:29:18Z\",\n
        \     \"settings\": {\n        \"defaultAnswer\": \"No answer found for your
        question.\"\n      }\n    },\n    {\n      \"projectName\": \"TestProject381727435\",\n
        \     \"description\": \"This is the description for a test project\",\n      \"language\":
        \"en\",\n      \"multilingualResource\": false,\n      \"createdDateTime\":
        \"2022-07-21T13:28:33Z\",\n      \"lastModifiedDateTime\": \"2022-07-21T13:28:33Z\",\n
        \     \"settings\": {\n        \"defaultAnswer\": \"No answer found for your
        question.\"\n      }\n    },\n    {\n      \"projectName\": \"TestProject390068778\",\n
        \     \"description\": \"This is the description for a test project\",\n      \"language\":
        \"en\",\n      \"multilingualResource\": false,\n      \"createdDateTime\":
        \"2022-06-13T13:23:20Z\",\n      \"lastModifiedDateTime\": \"2022-06-13T13:23:20Z\",\n
        \     \"settings\": {\n        \"defaultAnswer\": \"No answer found for your
        question.\"\n      }\n    },\n    {\n      \"projectName\": \"TestProject416342432\",\n
        \     \"description\": \"This is the description for a test project\",\n      \"language\":
        \"en\",\n      \"multilingualResource\": false,\n      \"createdDateTime\":
        \"2022-07-22T13:25:05Z\",\n      \"lastModifiedDateTime\": \"2022-07-22T13:25:05Z\",\n
        \     \"settings\": {\n        \"defaultAnswer\": \"No answer found for your
        question.\"\n      }\n    },\n    {\n      \"projectName\": \"TestProject423918927\",\n
        \     \"description\": \"This is the description for a test project\",\n      \"language\":
        \"en\",\n      \"multilingualResource\": false,\n      \"createdDateTime\":
        \"2022-07-31T13:49:54Z\",\n      \"lastModifiedDateTime\": \"2022-07-31T13:49:54Z\",\n
        \     \"settings\": {\n        \"defaultAnswer\": \"No answer found for your
        question.\"\n      }\n    },\n    {\n      \"projectName\": \"TestProject425045906\",\n
        \     \"description\": \"This is the description for a test project\",\n      \"language\":
        \"en\",\n      \"multilingualResource\": false,\n      \"createdDateTime\":
        \"2022-07-30T13:49:01Z\",\n      \"lastModifiedDateTime\": \"2022-07-30T13:49:01Z\",\n
        \     \"settings\": {\n        \"defaultAnswer\": \"No answer found for your
        question.\"\n      }\n    },\n    {\n      \"projectName\": \"TestProject425271206\",\n
        \     \"description\": \"This is the description for a test project\",\n      \"language\":
        \"en\",\n      \"multilingualResource\": false,\n      \"createdDateTime\":
        \"2022-08-02T13:32:35Z\",\n      \"lastModifiedDateTime\": \"2022-08-02T13:32:35Z\",\n
        \     \"settings\": {\n        \"defaultAnswer\": \"No answer found for your
        question.\"\n      }\n    },\n    {\n      \"projectName\": \"TestProject426224598\",\n
        \     \"description\": \"This is the description for a test project\",\n      \"language\":
        \"en\",\n      \"multilingualResource\": false,\n      \"createdDateTime\":
        \"2022-06-19T13:39:37Z\",\n      \"lastModifiedDateTime\": \"2022-06-19T13:39:37Z\",\n
        \     \"settings\": {\n        \"defaultAnswer\": \"No answer found for your
        question.\"\n      }\n    },\n    {\n      \"projectName\": \"TestProject426848973\",\n
        \     \"description\": \"This is the description for a test project\",\n      \"language\":
        \"en\",\n      \"multilingualResource\": false,\n      \"createdDateTime\":
        \"2022-06-15T13:27:59Z\",\n      \"lastModifiedDateTime\": \"2022-06-15T13:27:59Z\",\n
        \     \"settings\": {\n        \"defaultAnswer\": \"No answer found for your
        question.\"\n      }\n    },\n    {\n      \"projectName\": \"TestProject434061498\",\n
        \     \"description\": \"This is the description for a test project\",\n      \"language\":
        \"en\",\n      \"multilingualResource\": false,\n      \"createdDateTime\":
        \"2022-07-25T13:31:52Z\",\n      \"lastModifiedDateTime\": \"2022-07-25T13:31:52Z\",\n
        \     \"settings\": {\n        \"defaultAnswer\": \"No answer found for your
        question.\"\n      }\n    },\n    {\n      \"projectName\": \"TestProject454403537\",\n
        \     \"description\": \"This is the description for a test project\",\n      \"language\":
        \"en\",\n      \"multilingualResource\": false,\n      \"createdDateTime\":
        \"2022-06-19T13:38:47Z\",\n      \"lastModifiedDateTime\": \"2022-06-19T13:38:47Z\",\n
        \     \"settings\": {\n        \"defaultAnswer\": \"No answer found for your
        question.\"\n      }\n    },\n    {\n      \"projectName\": \"TestProject455148151\",\n
        \     \"description\": \"This is the description for a test project\",\n      \"language\":
        \"en\",\n      \"multilingualResource\": false,\n      \"createdDateTime\":
        \"2022-07-21T13:26:51Z\",\n      \"lastModifiedDateTime\": \"2022-07-21T13:26:51Z\",\n
        \     \"settings\": {\n        \"defaultAnswer\": \"No answer found for your
        question.\"\n      }\n    },\n    {\n      \"projectName\": \"TestProject457329279\",\n
        \     \"description\": \"This is the description for a test project\",\n      \"language\":
        \"en\",\n      \"multilingualResource\": false,\n      \"createdDateTime\":
        \"2022-08-01T13:34:55Z\",\n      \"lastModifiedDateTime\": \"2022-08-01T13:34:55Z\",\n
        \     \"settings\": {\n        \"defaultAnswer\": \"No answer found for your
        question.\"\n      }\n    },\n    {\n      \"projectName\": \"TestProject461977893\",\n
        \     \"description\": \"This is the description for a test project\",\n      \"language\":
        \"en\",\n      \"multilingualResource\": false,\n      \"createdDateTime\":
        \"2022-06-12T13:43:42Z\",\n      \"lastModifiedDateTime\": \"2022-06-12T13:43:42Z\",\n
        \     \"settings\": {\n        \"defaultAnswer\": \"No answer found for your
        question.\"\n      }\n    },\n    {\n      \"projectName\": \"TestProject463497505\",\n
        \     \"description\": \"This is the description for a test project\",\n      \"language\":
        \"en\",\n      \"multilingualResource\": false,\n      \"createdDateTime\":
        \"2022-06-15T13:29:56Z\",\n      \"lastModifiedDateTime\": \"2022-06-15T13:29:56Z\",\n
        \     \"settings\": {\n        \"defaultAnswer\": \"No answer found for your
        question.\"\n      }\n    },\n    {\n      \"projectName\": \"TestProject464720632\",\n
        \     \"description\": \"This is the description for a test project\",\n      \"language\":
        \"en\",\n      \"multilingualResource\": false,\n      \"createdDateTime\":
        \"2022-07-26T13:28:14Z\",\n      \"lastModifiedDateTime\": \"2022-07-26T13:28:14Z\",\n
        \     \"settings\": {\n        \"defaultAnswer\": \"No answer found for your
        question.\"\n      }\n    },\n    {\n      \"projectName\": \"TestProject46982710\",\n
        \     \"description\": \"This is the description for a test project\",\n      \"language\":
        \"en\",\n      \"multilingualResource\": false,\n      \"createdDateTime\":
        \"2022-06-08T13:25:27Z\",\n      \"lastModifiedDateTime\": \"2022-06-08T13:25:27Z\",\n
        \     \"settings\": {\n        \"defaultAnswer\": \"No answer found for your
        question.\"\n      }\n    },\n    {\n      \"projectName\": \"TestProject473970666\",\n
        \     \"description\": \"This is the description for a test project\",\n      \"language\":
        \"en\",\n      \"multilingualResource\": false,\n      \"createdDateTime\":
        \"2022-06-14T13:23:21Z\",\n      \"lastModifiedDateTime\": \"2022-06-14T13:23:21Z\",\n
        \     \"settings\": {\n        \"defaultAnswer\": \"No answer found for your
        question.\"\n      }\n    },\n    {\n      \"projectName\": \"TestProject475764091\",\n
        \     \"description\": \"This is the description for a test project\",\n      \"language\":
        \"en\",\n      \"multilingualResource\": false,\n      \"createdDateTime\":
        \"2022-06-17T13:23:30Z\",\n      \"lastModifiedDateTime\": \"2022-06-17T13:23:30Z\",\n
        \     \"settings\": {\n        \"defaultAnswer\": \"No answer found for your
        question.\"\n      }\n    },\n    {\n      \"projectName\": \"TestProject479829964\",\n
        \     \"description\": \"This is the description for a test project\",\n      \"language\":
        \"en\",\n      \"multilingualResource\": false,\n      \"createdDateTime\":
        \"2022-07-31T13:44:31Z\",\n      \"lastModifiedDateTime\": \"2022-07-31T13:44:31Z\",\n
        \     \"settings\": {\n        \"defaultAnswer\": \"No answer found for your
        question.\"\n      }\n    },\n    {\n      \"projectName\": \"TestProject481053172\",\n
        \     \"description\": \"This is the description for a test project\",\n      \"language\":
        \"en\",\n      \"multilingualResource\": false,\n      \"createdDateTime\":
        \"2022-06-16T13:23:36Z\",\n      \"lastModifiedDateTime\": \"2022-06-16T13:23:36Z\",\n
        \     \"settings\": {\n        \"defaultAnswer\": \"No answer found for your
        question.\"\n      }\n    },\n    {\n      \"projectName\": \"TestProject483361975\",\n
        \     \"description\": \"This is the description for a test project\",\n      \"language\":
        \"en\",\n      \"multilingualResource\": false,\n      \"createdDateTime\":
        \"2022-07-24T13:44:47Z\",\n      \"lastModifiedDateTime\": \"2022-07-24T13:44:47Z\",\n
        \     \"settings\": {\n        \"defaultAnswer\": \"No answer found for your
        question.\"\n      }\n    },\n    {\n      \"projectName\": \"TestProject499673262\",\n
        \     \"description\": \"This is the description for a test project\",\n      \"language\":
        \"en\",\n      \"multilingualResource\": false,\n      \"createdDateTime\":
        \"2022-07-25T13:28:30Z\",\n      \"lastModifiedDateTime\": \"2022-07-25T13:28:30Z\",\n
        \     \"settings\": {\n        \"defaultAnswer\": \"No answer found for your
        question.\"\n      }\n    },\n    {\n      \"projectName\": \"TestProject509535143\",\n
        \     \"description\": \"This is the description for a test project\",\n      \"language\":
        \"en\",\n      \"multilingualResource\": false,\n      \"createdDateTime\":
        \"2022-07-22T13:26:56Z\",\n      \"lastModifiedDateTime\": \"2022-07-22T13:26:56Z\",\n
        \     \"settings\": {\n        \"defaultAnswer\": \"No answer found for your
        question.\"\n      }\n    },\n    {\n      \"projectName\": \"TestProject515928878\",\n
        \     \"description\": \"This is the description for a test project\",\n      \"language\":
        \"en\",\n      \"multilingualResource\": false,\n      \"createdDateTime\":
        \"2022-06-07T13:32:05Z\",\n      \"lastModifiedDateTime\": \"2022-06-07T13:32:05Z\",\n
        \     \"settings\": {\n        \"defaultAnswer\": \"No answer found for your
        question.\"\n      }\n    },\n    {\n      \"projectName\": \"TestProject519604669\",\n
        \     \"description\": \"This is the description for a test project\",\n      \"language\":
        \"en\",\n      \"multilingualResource\": false,\n      \"createdDateTime\":
        \"2022-06-18T13:39:15Z\",\n      \"lastModifiedDateTime\": \"2022-06-18T13:39:15Z\",\n
        \     \"settings\": {\n        \"defaultAnswer\": \"No answer found for your
        question.\"\n      }\n    },\n    {\n      \"projectName\": \"TestProject521062639\",\n
        \     \"description\": \"This is the description for a test project\",\n      \"language\":
        \"en\",\n      \"multilingualResource\": false,\n      \"createdDateTime\":
        \"2022-07-27T13:31:33Z\",\n      \"lastModifiedDateTime\": \"2022-07-27T13:31:33Z\",\n
        \     \"settings\": {\n        \"defaultAnswer\": \"No answer found for your
        question.\"\n      }\n    },\n    {\n      \"projectName\": \"TestProject532194899\",\n
        \     \"description\": \"This is the description for a test project\",\n      \"language\":
        \"en\",\n      \"multilingualResource\": false,\n      \"createdDateTime\":
        \"2022-07-27T13:34:55Z\",\n      \"lastModifiedDateTime\": \"2022-07-27T13:34:55Z\",\n
        \     \"settings\": {\n        \"defaultAnswer\": \"No answer found for your
        question.\"\n      }\n    },\n    {\n      \"projectName\": \"TestProject533312324\",\n
        \     \"description\": \"This is the description for a test project\",\n      \"language\":
        \"en\",\n      \"multilingualResource\": false,\n      \"createdDateTime\":
        \"2022-07-26T13:34:47Z\",\n      \"lastModifiedDateTime\": \"2022-07-26T13:34:47Z\",\n
        \     \"settings\": {\n        \"defaultAnswer\": \"No answer found for your
        question.\"\n      }\n    },\n    {\n      \"projectName\": \"TestProject538621540\",\n
        \     \"description\": \"This is the description for a test project\",\n      \"language\":
        \"en\",\n      \"multilingualResource\": false,\n      \"createdDateTime\":
        \"2022-06-11T13:41:53Z\",\n      \"lastModifiedDateTime\": \"2022-06-11T13:41:53Z\",\n
        \     \"settings\": {\n        \"defaultAnswer\": \"No answer found for your
        question.\"\n      }\n    },\n    {\n      \"projectName\": \"TestProject539479270\",\n
        \     \"description\": \"This is the description for a test project\",\n      \"language\":
        \"en\",\n      \"multilingualResource\": false,\n      \"createdDateTime\":
        \"2022-06-13T13:27:55Z\",\n      \"lastModifiedDateTime\": \"2022-06-13T13:27:55Z\",\n
        \     \"settings\": {\n        \"defaultAnswer\": \"No answer found for your
        question.\"\n      }\n    },\n    {\n      \"projectName\": \"TestProject540567307\",\n
        \     \"description\": \"This is the description for a test project\",\n      \"language\":
        \"en\",\n      \"multilingualResource\": false,\n      \"createdDateTime\":
        \"2022-06-07T13:27:06Z\",\n      \"lastModifiedDateTime\": \"2022-06-07T13:27:06Z\",\n
        \     \"settings\": {\n        \"defaultAnswer\": \"No answer found for your
        question.\"\n      }\n    },\n    {\n      \"projectName\": \"TestProject552809427\",\n
        \     \"description\": \"This is the description for a test project\",\n      \"language\":
        \"en\",\n      \"multilingualResource\": false,\n      \"createdDateTime\":
        \"2022-06-17T13:28:38Z\",\n      \"lastModifiedDateTime\": \"2022-06-17T13:28:38Z\",\n
        \     \"settings\": {\n        \"defaultAnswer\": \"No answer found for your
        question.\"\n      }\n    },\n    {\n      \"projectName\": \"TestProject554998597\",\n
        \     \"description\": \"This is the description for a test project\",\n      \"language\":
        \"en\",\n      \"multilingualResource\": false,\n      \"createdDateTime\":
        \"2022-08-02T13:36:18Z\",\n      \"lastModifiedDateTime\": \"2022-08-02T13:36:18Z\",\n
        \     \"settings\": {\n        \"defaultAnswer\": \"No answer found for your
        question.\"\n      }\n    },\n    {\n      \"projectName\": \"TestProject555076037\",\n
        \     \"description\": \"This is the description for a test project\",\n      \"language\":
        \"en\",\n      \"multilingualResource\": false,\n      \"createdDateTime\":
        \"2022-06-13T14:19:08Z\",\n      \"lastModifiedDateTime\": \"2022-06-13T14:19:08Z\",\n
        \     \"settings\": {\n        \"defaultAnswer\": \"No answer found for your
        question.\"\n      }\n    },\n    {\n      \"projectName\": \"TestProject558872576\",\n
        \     \"description\": \"This is the description for a test project\",\n      \"language\":
        \"en\",\n      \"multilingualResource\": false,\n      \"createdDateTime\":
        \"2022-06-09T13:23:23Z\",\n      \"lastModifiedDateTime\": \"2022-06-09T13:23:23Z\",\n
        \     \"settings\": {\n        \"defaultAnswer\": \"No answer found for your
        question.\"\n      }\n    },\n    {\n      \"projectName\": \"TestProject561975559\",\n
        \     \"description\": \"This is the description for a test project\",\n      \"language\":
        \"en\",\n      \"multilingualResource\": false,\n      \"createdDateTime\":
        \"2022-07-21T13:26:32Z\",\n      \"lastModifiedDateTime\": \"2022-07-21T13:26:32Z\",\n
        \     \"settings\": {\n        \"defaultAnswer\": \"No answer found for your
        question.\"\n      }\n    },\n    {\n      \"projectName\": \"TestProject562135322\",\n
        \     \"description\": \"This is the description for a test project\",\n      \"language\":
        \"en\",\n      \"multilingualResource\": false,\n      \"createdDateTime\":
        \"2022-08-01T13:32:34Z\",\n      \"lastModifiedDateTime\": \"2022-08-01T13:32:34Z\",\n
        \     \"settings\": {\n        \"defaultAnswer\": \"No answer found for your
        question.\"\n      }\n    },\n    {\n      \"projectName\": \"TestProject5695756\",\n
        \     \"description\": \"This is the description for a test project\",\n      \"language\":
        \"en\",\n      \"multilingualResource\": false,\n      \"createdDateTime\":
        \"2022-06-15T13:23:56Z\",\n      \"lastModifiedDateTime\": \"2022-06-15T13:23:56Z\",\n
        \     \"settings\": {\n        \"defaultAnswer\": \"No answer found for your
        question.\"\n      }\n    },\n    {\n      \"projectName\": \"TestProject570098219\",\n
        \     \"description\": \"This is the description for a test project\",\n      \"language\":
        \"en\",\n      \"multilingualResource\": false,\n      \"createdDateTime\":
        \"2022-06-08T13:29:55Z\",\n      \"lastModifiedDateTime\": \"2022-06-08T13:29:55Z\",\n
        \     \"settings\": {\n        \"defaultAnswer\": \"No answer found for your
        question.\"\n      }\n    },\n    {\n      \"projectName\": \"TestProject579906355\",\n
        \     \"description\": \"This is the description for a test project\",\n      \"language\":
        \"en\",\n      \"multilingualResource\": false,\n      \"createdDateTime\":
        \"2022-06-19T13:42:52Z\",\n      \"lastModifiedDateTime\": \"2022-06-19T13:42:52Z\",\n
        \     \"settings\": {\n        \"defaultAnswer\": \"No answer found for your
        question.\"\n      }\n    },\n    {\n      \"projectName\": \"TestProject582030361\",\n
        \     \"description\": \"This is the description for a test project\",\n      \"language\":
        \"en\",\n      \"multilingualResource\": false,\n      \"createdDateTime\":
        \"2022-06-18T13:43:26Z\",\n      \"lastModifiedDateTime\": \"2022-06-18T13:43:26Z\",\n
        \     \"settings\": {\n        \"defaultAnswer\": \"No answer found for your
        question.\"\n      }\n    },\n    {\n      \"projectName\": \"TestProject598492354\",\n
        \     \"description\": \"This is the description for a test project\",\n      \"language\":
        \"en\",\n      \"multilingualResource\": false,\n      \"createdDateTime\":
        \"2022-07-23T13:43:39Z\",\n      \"lastModifiedDateTime\": \"2022-07-23T13:43:39Z\",\n
        \     \"settings\": {\n        \"defaultAnswer\": \"No answer found for your
        question.\"\n      }\n    },\n    {\n      \"projectName\": \"TestProject600318175\",\n
        \     \"description\": \"This is the description for a test project\",\n      \"language\":
        \"en\",\n      \"multilingualResource\": false,\n      \"createdDateTime\":
        \"2022-07-28T13:34:45Z\",\n      \"lastModifiedDateTime\": \"2022-07-28T13:34:45Z\",\n
        \     \"settings\": {\n        \"defaultAnswer\": \"No answer found for your
        question.\"\n      }\n    },\n    {\n      \"projectName\": \"TestProject600622927\",\n
        \     \"description\": \"This is the description for a test project\",\n      \"language\":
        \"en\",\n      \"multilingualResource\": false,\n      \"createdDateTime\":
        \"2022-08-01T13:31:55Z\",\n      \"lastModifiedDateTime\": \"2022-08-01T13:31:55Z\",\n
        \     \"settings\": {\n        \"defaultAnswer\": \"No answer found for your
        question.\"\n      }\n    },\n    {\n      \"projectName\": \"TestProject600940334\",\n
        \     \"description\": \"This is the description for a test project\",\n      \"language\":
        \"en\",\n      \"multilingualResource\": false,\n      \"createdDateTime\":
        \"2022-07-28T13:32:34Z\",\n      \"lastModifiedDateTime\": \"2022-07-28T13:32:34Z\",\n
        \     \"settings\": {\n        \"defaultAnswer\": \"No answer found for your
        question.\"\n      }\n    },\n    {\n      \"projectName\": \"TestProject605354606\",\n
        \     \"description\": \"This is the description for a test project\",\n      \"language\":
        \"en\",\n      \"multilingualResource\": false,\n      \"createdDateTime\":
        \"2022-07-27T13:32:25Z\",\n      \"lastModifiedDateTime\": \"2022-07-27T13:32:25Z\",\n
        \     \"settings\": {\n        \"defaultAnswer\": \"No answer found for your
        question.\"\n      }\n    },\n    {\n      \"projectName\": \"TestProject608869886\",\n
        \     \"description\": \"This is the description for a test project\",\n      \"language\":
        \"en\",\n      \"multilingualResource\": false,\n      \"createdDateTime\":
        \"2022-08-01T13:34:26Z\",\n      \"lastModifiedDateTime\": \"2022-08-01T13:34:26Z\",\n
        \     \"settings\": {\n        \"defaultAnswer\": \"No answer found for your
        question.\"\n      }\n    },\n    {\n      \"projectName\": \"TestProject609840246\",\n
        \     \"description\": \"This is the description for a test project\",\n      \"language\":
        \"en\",\n      \"multilingualResource\": false,\n      \"createdDateTime\":
        \"2022-06-10T13:30:19Z\",\n      \"lastModifiedDateTime\": \"2022-06-10T13:30:19Z\",\n
        \     \"settings\": {\n        \"defaultAnswer\": \"No answer found for your
        question.\"\n      }\n    },\n    {\n      \"projectName\": \"TestProject624153844\",\n
        \     \"description\": \"This is the description for a test project\",\n      \"language\":
        \"en\",\n      \"multilingualResource\": false,\n      \"createdDateTime\":
        \"2022-06-09T13:27:39Z\",\n      \"lastModifiedDateTime\": \"2022-06-09T13:27:39Z\",\n
        \     \"settings\": {\n        \"defaultAnswer\": \"No answer found for your
        question.\"\n      }\n    },\n    {\n      \"projectName\": \"TestProject629175902\",\n
        \     \"description\": \"This is the description for a test project\",\n      \"language\":
        \"en\",\n      \"multilingualResource\": false,\n      \"createdDateTime\":
        \"2022-08-01T13:29:11Z\",\n      \"lastModifiedDateTime\": \"2022-08-01T13:29:11Z\",\n
        \     \"settings\": {\n        \"defaultAnswer\": \"No answer found for your
        question.\"\n      }\n    },\n    {\n      \"projectName\": \"TestProject632503255\",\n
        \     \"description\": \"This is the description for a test project\",\n      \"language\":
        \"en\",\n      \"multilingualResource\": false,\n      \"createdDateTime\":
        \"2022-07-20T13:28:11Z\",\n      \"lastModifiedDateTime\": \"2022-07-20T13:28:11Z\",\n
        \     \"settings\": {\n        \"defaultAnswer\": \"No answer found for your
        question.\"\n      }\n    },\n    {\n      \"projectName\": \"TestProject638279262\",\n
        \     \"description\": \"This is the description for a test project\",\n      \"language\":
        \"en\",\n      \"multilingualResource\": false,\n      \"createdDateTime\":
        \"2022-07-27T13:31:29Z\",\n      \"lastModifiedDateTime\": \"2022-07-27T13:31:29Z\",\n
        \     \"settings\": {\n        \"defaultAnswer\": \"No answer found for your
        question.\"\n      }\n    },\n    {\n      \"projectName\": \"TestProject638872362\",\n
        \     \"description\": \"This is the description for a test project\",\n      \"language\":
        \"en\",\n      \"multilingualResource\": false,\n      \"createdDateTime\":
        \"2022-06-08T13:24:19Z\",\n      \"lastModifiedDateTime\": \"2022-06-08T13:24:19Z\",\n
        \     \"settings\": {\n        \"defaultAnswer\": \"No answer found for your
        question.\"\n      }\n    },\n    {\n      \"projectName\": \"TestProject6422257\",\n
        \     \"description\": \"This is the description for a test project\",\n      \"language\":
        \"en\",\n      \"multilingualResource\": false,\n      \"createdDateTime\":
        \"2022-07-21T13:29:39Z\",\n      \"lastModifiedDateTime\": \"2022-07-21T13:29:39Z\",\n
        \     \"settings\": {\n        \"defaultAnswer\": \"No answer found for your
        question.\"\n      }\n    },\n    {\n      \"projectName\": \"TestProject658361515\",\n
        \     \"description\": \"This is the description for a test project\",\n      \"language\":
        \"en\",\n      \"multilingualResource\": false,\n      \"createdDateTime\":
        \"2022-08-02T22:06:54Z\",\n      \"lastModifiedDateTime\": \"2022-08-02T22:06:54Z\",\n
        \     \"settings\": {\n        \"defaultAnswer\": \"No answer found for your
        question.\"\n      }\n    },\n    {\n      \"projectName\": \"TestProject659570291\",\n
        \     \"description\": \"This is the description for a test project\",\n      \"language\":
        \"en\",\n      \"multilingualResource\": false,\n      \"createdDateTime\":
        \"2022-07-25T13:35:03Z\",\n      \"lastModifiedDateTime\": \"2022-07-25T13:35:03Z\",\n
        \     \"settings\": {\n        \"defaultAnswer\": \"No answer found for your
        question.\"\n      }\n    },\n    {\n      \"projectName\": \"TestProject660078719\",\n
        \     \"description\": \"This is the description for a test project\",\n      \"language\":
        \"en\",\n      \"multilingualResource\": false,\n      \"createdDateTime\":
        \"2022-07-22T13:23:39Z\",\n      \"lastModifiedDateTime\": \"2022-07-22T13:23:39Z\",\n
        \     \"settings\": {\n        \"defaultAnswer\": \"No answer found for your
        question.\"\n      }\n    },\n    {\n      \"projectName\": \"TestProject670590075\",\n
        \     \"description\": \"This is the description for a test project\",\n      \"language\":
        \"en\",\n      \"multilingualResource\": false,\n      \"createdDateTime\":
        \"2022-07-20T13:27:40Z\",\n      \"lastModifiedDateTime\": \"2022-07-20T13:27:40Z\",\n
        \     \"settings\": {\n        \"defaultAnswer\": \"No answer found for your
        question.\"\n      }\n    },\n    {\n      \"projectName\": \"TestProject674041553\",\n
        \     \"description\": \"This is the description for a test project\",\n      \"language\":
        \"en\",\n      \"multilingualResource\": false,\n      \"createdDateTime\":
        \"2022-06-10T13:24:32Z\",\n      \"lastModifiedDateTime\": \"2022-06-10T13:24:32Z\",\n
        \     \"settings\": {\n        \"defaultAnswer\": \"No answer found for your
        question.\"\n      }\n    },\n    {\n      \"projectName\": \"TestProject676783447\",\n
        \     \"description\": \"This is the description for a test project\",\n      \"language\":
        \"en\",\n      \"multilingualResource\": false,\n      \"createdDateTime\":
        \"2022-06-16T13:28:46Z\",\n      \"lastModifiedDateTime\": \"2022-06-16T13:28:46Z\",\n
        \     \"settings\": {\n        \"defaultAnswer\": \"No answer found for your
        question.\"\n      }\n    },\n    {\n      \"projectName\": \"TestProject68007021\",\n
        \     \"description\": \"This is the description for a test project\",\n      \"language\":
        \"en\",\n      \"multilingualResource\": false,\n      \"createdDateTime\":
        \"2022-07-27T13:27:24Z\",\n      \"lastModifiedDateTime\": \"2022-07-27T13:27:24Z\",\n
        \     \"settings\": {\n        \"defaultAnswer\": \"No answer found for your
        question.\"\n      }\n    },\n    {\n      \"projectName\": \"TestProject684996488\",\n
        \     \"description\": \"This is the description for a test project\",\n      \"language\":
        \"en\",\n      \"multilingualResource\": false,\n      \"createdDateTime\":
        \"2022-06-18T13:40:21Z\",\n      \"lastModifiedDateTime\": \"2022-06-18T13:40:21Z\",\n
        \     \"settings\": {\n        \"defaultAnswer\": \"No answer found for your
        question.\"\n      }\n    },\n    {\n      \"projectName\": \"TestProject686459416\",\n
        \     \"description\": \"This is the description for a test project\",\n      \"language\":
        \"en\",\n      \"multilingualResource\": false,\n      \"createdDateTime\":
        \"2022-06-12T13:40:02Z\",\n      \"lastModifiedDateTime\": \"2022-06-12T13:40:02Z\",\n
        \     \"settings\": {\n        \"defaultAnswer\": \"No answer found for your
        question.\"\n      }\n    },\n    {\n      \"projectName\": \"TestProject694426905\",\n
        \     \"description\": \"This is the description for a test project\",\n      \"language\":
        \"en\",\n      \"multilingualResource\": false,\n      \"createdDateTime\":
        \"2022-07-25T13:33:25Z\",\n      \"lastModifiedDateTime\": \"2022-07-25T13:33:25Z\",\n
        \     \"settings\": {\n        \"defaultAnswer\": \"No answer found for your
        question.\"\n      }\n    },\n    {\n      \"projectName\": \"TestProject708962320\",\n
        \     \"description\": \"This is the description for a test project\",\n      \"language\":
        \"en\",\n      \"multilingualResource\": false,\n      \"createdDateTime\":
        \"2022-06-16T13:24:51Z\",\n      \"lastModifiedDateTime\": \"2022-06-16T13:24:51Z\",\n
        \     \"settings\": {\n        \"defaultAnswer\": \"No answer found for your
        question.\"\n      }\n    },\n    {\n      \"projectName\": \"TestProject709152530\",\n
        \     \"description\": \"This is the description for a test project\",\n      \"language\":
        \"en\",\n      \"multilingualResource\": false,\n      \"createdDateTime\":
        \"2022-06-14T13:27:33Z\",\n      \"lastModifiedDateTime\": \"2022-06-14T13:27:33Z\",\n
        \     \"settings\": {\n        \"defaultAnswer\": \"No answer found for your
        question.\"\n      }\n    },\n    {\n      \"projectName\": \"TestProject712555707\",\n
        \     \"description\": \"This is the description for a test project\",\n      \"language\":
        \"en\",\n      \"multilingualResource\": false,\n      \"createdDateTime\":
        \"2022-06-15T13:31:29Z\",\n      \"lastModifiedDateTime\": \"2022-06-15T13:31:29Z\",\n
        \     \"settings\": {\n        \"defaultAnswer\": \"No answer found for your
        question.\"\n      }\n    },\n    {\n      \"projectName\": \"TestProject718612227\",\n
        \     \"description\": \"This is the description for a test project\",\n      \"language\":
        \"en\",\n      \"multilingualResource\": false,\n      \"createdDateTime\":
        \"2022-07-21T13:27:27Z\",\n      \"lastModifiedDateTime\": \"2022-07-21T13:27:27Z\",\n
        \     \"settings\": {\n        \"defaultAnswer\": \"No answer found for your
        question.\"\n      }\n    },\n    {\n      \"projectName\": \"TestProject732752256\",\n
        \     \"description\": \"This is the description for a test project\",\n      \"language\":
        \"en\",\n      \"multilingualResource\": false,\n      \"createdDateTime\":
        \"2022-07-26T13:31:18Z\",\n      \"lastModifiedDateTime\": \"2022-07-26T13:31:18Z\",\n
        \     \"settings\": {\n        \"defaultAnswer\": \"No answer found for your
        question.\"\n      }\n    },\n    {\n      \"projectName\": \"TestProject74420245\",\n
        \     \"description\": \"This is the description for a test project\",\n      \"language\":
        \"en\",\n      \"multilingualResource\": false,\n      \"createdDateTime\":
        \"2022-08-01T13:35:27Z\",\n      \"lastModifiedDateTime\": \"2022-08-01T13:35:27Z\",\n
        \     \"settings\": {\n        \"defaultAnswer\": \"No answer found for your
        question.\"\n      }\n    },\n    {\n      \"projectName\": \"TestProject765266705\",\n
        \     \"description\": \"This is the description for a test project\",\n      \"language\":
        \"en\",\n      \"multilingualResource\": false,\n      \"createdDateTime\":
        \"2022-06-16T13:27:39Z\",\n      \"lastModifiedDateTime\": \"2022-06-16T13:27:39Z\",\n
        \     \"settings\": {\n        \"defaultAnswer\": \"No answer found for your
        question.\"\n      }\n    },\n    {\n      \"projectName\": \"TestProject770875616\",\n
        \     \"description\": \"This is the description for a test project\",\n      \"language\":
        \"en\",\n      \"multilingualResource\": false,\n      \"createdDateTime\":
        \"2022-07-20T13:25:19Z\",\n      \"lastModifiedDateTime\": \"2022-07-20T13:25:19Z\",\n
        \     \"settings\": {\n        \"defaultAnswer\": \"No answer found for your
        question.\"\n      }\n    },\n    {\n      \"projectName\": \"TestProject772413835\",\n
        \     \"description\": \"This is the description for a test project\",\n      \"language\":
        \"en\",\n      \"multilingualResource\": false,\n      \"createdDateTime\":
        \"2022-06-11T13:42:39Z\",\n      \"lastModifiedDateTime\": \"2022-06-11T13:42:39Z\",\n
        \     \"settings\": {\n        \"defaultAnswer\": \"No answer found for your
        question.\"\n      }\n    },\n    {\n      \"projectName\": \"TestProject776656913\",\n
        \     \"description\": \"This is the description for a test project\",\n      \"language\":
        \"en\",\n      \"multilingualResource\": false,\n      \"createdDateTime\":
        \"2022-06-13T13:26:50Z\",\n      \"lastModifiedDateTime\": \"2022-06-13T13:26:50Z\",\n
        \     \"settings\": {\n        \"defaultAnswer\": \"No answer found for your
        question.\"\n      }\n    },\n    {\n      \"projectName\": \"TestProject780155648\",\n
        \     \"description\": \"This is the description for a test project\",\n      \"language\":
        \"en\",\n      \"multilingualResource\": false,\n      \"createdDateTime\":
        \"2022-07-23T13:39:26Z\",\n      \"lastModifiedDateTime\": \"2022-07-23T13:39:26Z\",\n
        \     \"settings\": {\n        \"defaultAnswer\": \"No answer found for your
        question.\"\n      }\n    },\n    {\n      \"projectName\": \"TestProject782102503\",\n
        \     \"description\": \"This is the description for a test project\",\n      \"language\":
        \"en\",\n      \"multilingualResource\": false,\n      \"createdDateTime\":
        \"2022-06-08T13:31:06Z\",\n      \"lastModifiedDateTime\": \"2022-06-08T13:31:06Z\",\n
        \     \"settings\": {\n        \"defaultAnswer\": \"No answer found for your
        question.\"\n      }\n    },\n    {\n      \"projectName\": \"TestProject790368940\",\n
        \     \"description\": \"This is the description for a test project\",\n      \"language\":
        \"en\",\n      \"multilingualResource\": false,\n      \"createdDateTime\":
        \"2022-07-30T13:45:46Z\",\n      \"lastModifiedDateTime\": \"2022-07-30T13:45:46Z\",\n
        \     \"settings\": {\n        \"defaultAnswer\": \"No answer found for your
        question.\"\n      }\n    },\n    {\n      \"projectName\": \"TestProject794417096\",\n
        \     \"description\": \"This is the description for a test project\",\n      \"language\":
        \"en\",\n      \"multilingualResource\": false,\n      \"createdDateTime\":
        \"2022-06-12T13:37:52Z\",\n      \"lastModifiedDateTime\": \"2022-06-12T13:37:52Z\",\n
        \     \"settings\": {\n        \"defaultAnswer\": \"No answer found for your
        question.\"\n      }\n    },\n    {\n      \"projectName\": \"TestProject797651124\",\n
        \     \"description\": \"This is the description for a test project\",\n      \"language\":
        \"en\",\n      \"multilingualResource\": false,\n      \"createdDateTime\":
        \"2022-06-12T13:43:08Z\",\n      \"lastModifiedDateTime\": \"2022-06-12T13:43:08Z\",\n
        \     \"settings\": {\n        \"defaultAnswer\": \"No answer found for your
        question.\"\n      }\n    },\n    {\n      \"projectName\": \"TestProject79842721\",\n
        \     \"description\": \"This is the description for a test project\",\n      \"language\":
        \"en\",\n      \"multilingualResource\": false,\n      \"createdDateTime\":
        \"2022-07-21T13:26:41Z\",\n      \"lastModifiedDateTime\": \"2022-07-21T13:26:41Z\",\n
        \     \"settings\": {\n        \"defaultAnswer\": \"No answer found for your
        question.\"\n      }\n    },\n    {\n      \"projectName\": \"TestProject799180232\",\n
        \     \"description\": \"This is the description for a test project\",\n      \"language\":
        \"en\",\n      \"multilingualResource\": false,\n      \"createdDateTime\":
        \"2022-08-01T13:28:56Z\",\n      \"lastModifiedDateTime\": \"2022-08-01T13:28:56Z\",\n
        \     \"settings\": {\n        \"defaultAnswer\": \"No answer found for your
        question.\"\n      }\n    },\n    {\n      \"projectName\": \"TestProject79926352\",\n
        \     \"description\": \"This is the description for a test project\",\n      \"language\":
        \"en\",\n      \"multilingualResource\": false,\n      \"createdDateTime\":
        \"2022-07-30T13:49:07Z\",\n      \"lastModifiedDateTime\": \"2022-07-30T13:49:07Z\",\n
        \     \"settings\": {\n        \"defaultAnswer\": \"No answer found for your
        question.\"\n      }\n    },\n    {\n      \"projectName\": \"TestProject805043404\",\n
        \     \"description\": \"This is the description for a test project\",\n      \"language\":
        \"en\",\n      \"multilingualResource\": false,\n      \"createdDateTime\":
        \"2022-07-29T13:35:08Z\",\n      \"lastModifiedDateTime\": \"2022-07-29T13:35:08Z\",\n
        \     \"settings\": {\n        \"defaultAnswer\": \"No answer found for your
        question.\"\n      }\n    },\n    {\n      \"projectName\": \"TestProject825045601\",\n
        \     \"description\": \"This is the description for a test project\",\n      \"language\":
        \"en\",\n      \"multilingualResource\": false,\n      \"createdDateTime\":
        \"2022-06-13T13:27:58Z\",\n      \"lastModifiedDateTime\": \"2022-06-13T13:27:58Z\",\n
        \     \"settings\": {\n        \"defaultAnswer\": \"No answer found for your
        question.\"\n      }\n    },\n    {\n      \"projectName\": \"TestProject826740709\",\n
        \     \"description\": \"This is the description for a test project\",\n      \"language\":
        \"en\",\n      \"multilingualResource\": false,\n      \"createdDateTime\":
        \"2022-07-30T13:43:00Z\",\n      \"lastModifiedDateTime\": \"2022-07-30T13:43:00Z\",\n
        \     \"settings\": {\n        \"defaultAnswer\": \"No answer found for your
        question.\"\n      }\n    },\n    {\n      \"projectName\": \"TestProject828945374\",\n
        \     \"description\": \"This is the description for a test project\",\n      \"language\":
        \"en\",\n      \"multilingualResource\": false,\n      \"createdDateTime\":
        \"2022-06-16T13:25:24Z\",\n      \"lastModifiedDateTime\": \"2022-06-16T13:25:24Z\",\n
        \     \"settings\": {\n        \"defaultAnswer\": \"No answer found for your
        question.\"\n      }\n    },\n    {\n      \"projectName\": \"TestProject830476181\",\n
        \     \"description\": \"This is the description for a test project\",\n      \"language\":
        \"en\",\n      \"multilingualResource\": false,\n      \"createdDateTime\":
        \"2022-07-22T13:27:29Z\",\n      \"lastModifiedDateTime\": \"2022-07-22T13:27:29Z\",\n
        \     \"settings\": {\n        \"defaultAnswer\": \"No answer found for your
        question.\"\n      }\n    },\n    {\n      \"projectName\": \"TestProject831948715\",\n
        \     \"description\": \"This is the description for a test project\",\n      \"language\":
        \"en\",\n      \"multilingualResource\": false,\n      \"createdDateTime\":
        \"2022-06-13T14:16:35Z\",\n      \"lastModifiedDateTime\": \"2022-06-13T14:16:35Z\",\n
        \     \"settings\": {\n        \"defaultAnswer\": \"No answer found for your
        question.\"\n      }\n    },\n    {\n      \"projectName\": \"TestProject841019220\",\n
        \     \"description\": \"This is the description for a test project\",\n      \"language\":
        \"en\",\n      \"multilingualResource\": false,\n      \"createdDateTime\":
        \"2022-06-12T13:38:57Z\",\n      \"lastModifiedDateTime\": \"2022-06-12T13:38:57Z\",\n
        \     \"settings\": {\n        \"defaultAnswer\": \"No answer found for your
        question.\"\n      }\n    },\n    {\n      \"projectName\": \"TestProject841892597\",\n
        \     \"description\": \"This is the description for a test project\",\n      \"language\":
        \"en\",\n      \"multilingualResource\": false,\n      \"createdDateTime\":
        \"2022-06-15T13:24:32Z\",\n      \"lastModifiedDateTime\": \"2022-06-15T13:24:32Z\",\n
        \     \"settings\": {\n        \"defaultAnswer\": \"No answer found for your
        question.\"\n      }\n    },\n    {\n      \"projectName\": \"TestProject843741342\",\n
        \     \"description\": \"This is the description for a test project\",\n      \"language\":
        \"en\",\n      \"multilingualResource\": false,\n      \"createdDateTime\":
        \"2022-06-17T13:24:33Z\",\n      \"lastModifiedDateTime\": \"2022-06-17T13:24:33Z\",\n
        \     \"settings\": {\n        \"defaultAnswer\": \"No answer found for your
        question.\"\n      }\n    },\n    {\n      \"projectName\": \"TestProject84662795\",\n
        \     \"description\": \"This is the description for a test project\",\n      \"language\":
        \"en\",\n      \"multilingualResource\": false,\n      \"createdDateTime\":
        \"2022-07-26T13:31:25Z\",\n      \"lastModifiedDateTime\": \"2022-07-26T13:31:25Z\",\n
        \     \"settings\": {\n        \"defaultAnswer\": \"No answer found for your
        question.\"\n      }\n    },\n    {\n      \"projectName\": \"TestProject847593677\",\n
        \     \"description\": \"This is the description for a test project\",\n      \"language\":
        \"en\",\n      \"multilingualResource\": false,\n      \"createdDateTime\":
        \"2022-06-10T13:23:18Z\",\n      \"lastModifiedDateTime\": \"2022-06-10T13:23:18Z\",\n
        \     \"settings\": {\n        \"defaultAnswer\": \"No answer found for your
        question.\"\n      }\n    },\n    {\n      \"projectName\": \"TestProject847668001\",\n
        \     \"description\": \"This is the description for a test project\",\n      \"language\":
        \"en\",\n      \"multilingualResource\": false,\n      \"createdDateTime\":
        \"2022-06-07T13:29:38Z\",\n      \"lastModifiedDateTime\": \"2022-06-07T13:29:38Z\",\n
        \     \"settings\": {\n        \"defaultAnswer\": \"No answer found for your
        question.\"\n      }\n    },\n    {\n      \"projectName\": \"TestProject852368771\",\n
        \     \"description\": \"This is the description for a test project\",\n      \"language\":
        \"en\",\n      \"multilingualResource\": false,\n      \"createdDateTime\":
        \"2022-06-08T13:29:54Z\",\n      \"lastModifiedDateTime\": \"2022-06-08T13:29:54Z\",\n
        \     \"settings\": {\n        \"defaultAnswer\": \"No answer found for your
        question.\"\n      }\n    },\n    {\n      \"projectName\": \"TestProject855544982\",\n
        \     \"description\": \"This is the description for a test project\",\n      \"language\":
        \"en\",\n      \"multilingualResource\": false,\n      \"createdDateTime\":
        \"2022-07-24T13:47:51Z\",\n      \"lastModifiedDateTime\": \"2022-07-24T13:47:51Z\",\n
        \     \"settings\": {\n        \"defaultAnswer\": \"No answer found for your
        question.\"\n      }\n    },\n    {\n      \"projectName\": \"TestProject859447371\",\n
        \     \"description\": \"This is the description for a test project\",\n      \"language\":
        \"en\",\n      \"multilingualResource\": false,\n      \"createdDateTime\":
        \"2022-06-19T13:38:16Z\",\n      \"lastModifiedDateTime\": \"2022-06-19T13:38:16Z\",\n
        \     \"settings\": {\n        \"defaultAnswer\": \"No answer found for your
        question.\"\n      }\n    },\n    {\n      \"projectName\": \"TestProject865468165\",\n
        \     \"description\": \"This is the description for a test project\",\n      \"language\":
        \"en\",\n      \"multilingualResource\": false,\n      \"createdDateTime\":
        \"2022-07-25T13:33:13Z\",\n      \"lastModifiedDateTime\": \"2022-07-25T13:33:13Z\",\n
        \     \"settings\": {\n        \"defaultAnswer\": \"No answer found for your
        question.\"\n      }\n    },\n    {\n      \"projectName\": \"TestProject877511761\",\n
        \     \"description\": \"This is the description for a test project\",\n      \"language\":
        \"en\",\n      \"multilingualResource\": false,\n      \"createdDateTime\":
        \"2022-07-20T13:28:57Z\",\n      \"lastModifiedDateTime\": \"2022-07-20T13:28:57Z\",\n
        \     \"settings\": {\n        \"defaultAnswer\": \"No answer found for your
        question.\"\n      }\n    },\n    {\n      \"projectName\": \"TestProject878719034\",\n
        \     \"description\": \"This is the description for a test project\",\n      \"language\":
        \"en\",\n      \"multilingualResource\": false,\n      \"createdDateTime\":
        \"2022-06-09T13:28:28Z\",\n      \"lastModifiedDateTime\": \"2022-06-09T13:28:28Z\",\n
        \     \"settings\": {\n        \"defaultAnswer\": \"No answer found for your
        question.\"\n      }\n    },\n    {\n      \"projectName\": \"TestProject883910189\",\n
        \     \"description\": \"This is the description for a test project\",\n      \"language\":
        \"en\",\n      \"multilingualResource\": false,\n      \"createdDateTime\":
        \"2022-06-15T13:29:22Z\",\n      \"lastModifiedDateTime\": \"2022-06-15T13:29:22Z\",\n
        \     \"settings\": {\n        \"defaultAnswer\": \"No answer found for your
        question.\"\n      }\n    },\n    {\n      \"projectName\": \"TestProject890344901\",\n
        \     \"description\": \"This is the description for a test project\",\n      \"language\":
        \"en\",\n      \"multilingualResource\": false,\n      \"createdDateTime\":
        \"2022-06-07T13:34:05Z\",\n      \"lastModifiedDateTime\": \"2022-06-07T13:34:05Z\",\n
        \     \"settings\": {\n        \"defaultAnswer\": \"No answer found for your
        question.\"\n      }\n    },\n    {\n      \"projectName\": \"TestProject892603040\",\n
        \     \"description\": \"This is the description for a test project\",\n      \"language\":
        \"en\",\n      \"multilingualResource\": false,\n      \"createdDateTime\":
        \"2022-06-08T13:25:26Z\",\n      \"lastModifiedDateTime\": \"2022-06-08T13:25:26Z\",\n
        \     \"settings\": {\n        \"defaultAnswer\": \"No answer found for your
        question.\"\n      }\n    },\n    {\n      \"projectName\": \"TestProject893084763\",\n
        \     \"description\": \"This is the description for a test project\",\n      \"language\":
        \"en\",\n      \"multilingualResource\": false,\n      \"createdDateTime\":
        \"2022-06-10T13:28:44Z\",\n      \"lastModifiedDateTime\": \"2022-06-10T13:28:44Z\",\n
        \     \"settings\": {\n        \"defaultAnswer\": \"No answer found for your
        question.\"\n      }\n    },\n    {\n      \"projectName\": \"TestProject930218916\",\n
        \     \"description\": \"This is the description for a test project\",\n      \"language\":
        \"en\",\n      \"multilingualResource\": false,\n      \"createdDateTime\":
        \"2022-06-18T13:41:52Z\",\n      \"lastModifiedDateTime\": \"2022-06-18T13:41:52Z\",\n
        \     \"settings\": {\n        \"defaultAnswer\": \"No answer found for your
        question.\"\n      }\n    },\n    {\n      \"projectName\": \"TestProject93119206\",\n
        \     \"description\": \"This is the description for a test project\",\n      \"language\":
        \"en\",\n      \"multilingualResource\": false,\n      \"createdDateTime\":
        \"2022-07-21T13:25:11Z\",\n      \"lastModifiedDateTime\": \"2022-07-21T13:25:11Z\",\n
        \     \"settings\": {\n        \"defaultAnswer\": \"No answer found for your
        question.\"\n      }\n    },\n    {\n      \"projectName\": \"TestProject936417830\",\n
        \     \"description\": \"This is the description for a test project\",\n      \"language\":
        \"en\",\n      \"multilingualResource\": false,\n      \"createdDateTime\":
        \"2022-07-26T13:38:03Z\",\n      \"lastModifiedDateTime\": \"2022-07-26T13:38:03Z\",\n
        \     \"settings\": {\n        \"defaultAnswer\": \"No answer found for your
        question.\"\n      }\n    },\n    {\n      \"projectName\": \"TestProject937920510\",\n
        \     \"description\": \"This is the description for a test project\",\n      \"language\":
        \"en\",\n      \"multilingualResource\": false,\n      \"createdDateTime\":
        \"2022-06-07T13:28:11Z\",\n      \"lastModifiedDateTime\": \"2022-06-07T13:28:11Z\",\n
        \     \"settings\": {\n        \"defaultAnswer\": \"No answer found for your
        question.\"\n      }\n    },\n    {\n      \"projectName\": \"TestProject941133166\",\n
        \     \"description\": \"This is the description for a test project\",\n      \"language\":
        \"en\",\n      \"multilingualResource\": false,\n      \"createdDateTime\":
        \"2022-07-30T13:49:33Z\",\n      \"lastModifiedDateTime\": \"2022-07-30T13:49:33Z\",\n
        \     \"settings\": {\n        \"defaultAnswer\": \"No answer found for your
        question.\"\n      }\n    },\n    {\n      \"projectName\": \"TestProject944607979\",\n
        \     \"description\": \"This is the description for a test project\",\n      \"language\":
        \"en\",\n      \"multilingualResource\": false,\n      \"createdDateTime\":
        \"2022-08-02T13:28:40Z\",\n      \"lastModifiedDateTime\": \"2022-08-02T13:28:40Z\",\n
        \     \"settings\": {\n        \"defaultAnswer\": \"No answer found for your
        question.\"\n      }\n    },\n    {\n      \"projectName\": \"TestProject947997047\",\n
        \     \"description\": \"This is the description for a test project\",\n      \"language\":
        \"en\",\n      \"multilingualResource\": false,\n      \"createdDateTime\":
        \"2022-07-27T13:28:07Z\",\n      \"lastModifiedDateTime\": \"2022-07-27T13:28:07Z\",\n
        \     \"settings\": {\n        \"defaultAnswer\": \"No answer found for your
        question.\"\n      }\n    },\n    {\n      \"projectName\": \"TestProject95225428\",\n
        \     \"description\": \"This is the description for a test project\",\n      \"language\":
        \"en\",\n      \"multilingualResource\": false,\n      \"createdDateTime\":
        \"2022-06-15T13:29:05Z\",\n      \"lastModifiedDateTime\": \"2022-06-15T13:29:05Z\",\n
        \     \"settings\": {\n        \"defaultAnswer\": \"No answer found for your
        question.\"\n      }\n    },\n    {\n      \"projectName\": \"TestProject954988611\",\n
        \     \"description\": \"This is the description for a test project\",\n      \"language\":
        \"en\",\n      \"multilingualResource\": false,\n      \"createdDateTime\":
        \"2022-06-07T13:27:07Z\",\n      \"lastModifiedDateTime\": \"2022-06-07T13:27:07Z\",\n
        \     \"settings\": {\n        \"defaultAnswer\": \"No answer found for your
        question.\"\n      }\n    },\n    {\n      \"projectName\": \"TestProject959984056\",\n
        \     \"description\": \"This is the description for a test project\",\n      \"language\":
        \"en\",\n      \"multilingualResource\": false,\n      \"createdDateTime\":
        \"2022-07-25T13:36:54Z\",\n      \"lastModifiedDateTime\": \"2022-07-25T13:36:54Z\",\n
        \     \"settings\": {\n        \"defaultAnswer\": \"No answer found for your
        question.\"\n      }\n    },\n    {\n      \"projectName\": \"TestProject97470886\",\n
        \     \"description\": \"This is the description for a test project\",\n      \"language\":
        \"en\",\n      \"multilingualResource\": false,\n      \"createdDateTime\":
        \"2022-06-13T13:27:31Z\",\n      \"lastModifiedDateTime\": \"2022-06-13T13:27:31Z\",\n
        \     \"settings\": {\n        \"defaultAnswer\": \"No answer found for your
        question.\"\n      }\n    },\n    {\n      \"projectName\": \"TestProject975713011\",\n
        \     \"description\": \"This is the description for a test project\",\n      \"language\":
        \"en\",\n      \"multilingualResource\": false,\n      \"createdDateTime\":
        \"2022-06-10T13:28:43Z\",\n      \"lastModifiedDateTime\": \"2022-06-10T13:28:43Z\",\n
        \     \"settings\": {\n        \"defaultAnswer\": \"No answer found for your
        question.\"\n      }\n    },\n    {\n      \"projectName\": \"TestProject977507192\",\n
        \     \"description\": \"This is the description for a test project\",\n      \"language\":
        \"en\",\n      \"multilingualResource\": false,\n      \"createdDateTime\":
        \"2022-06-18T13:42:20Z\",\n      \"lastModifiedDateTime\": \"2022-06-18T13:42:20Z\",\n
        \     \"settings\": {\n        \"defaultAnswer\": \"No answer found for your
        question.\"\n      }\n    },\n    {\n      \"projectName\": \"TestProject983672823\",\n
        \     \"description\": \"This is the description for a test project\",\n      \"language\":
        \"en\",\n      \"multilingualResource\": false,\n      \"createdDateTime\":
        \"2022-07-28T13:35:59Z\",\n      \"lastModifiedDateTime\": \"2022-07-28T13:35:59Z\",\n
        \     \"settings\": {\n        \"defaultAnswer\": \"No answer found for your
        question.\"\n      }\n    },\n    {\n      \"projectName\": \"TestProject99200025\",\n
        \     \"description\": \"This is the description for a test project\",\n      \"language\":
        \"en\",\n      \"multilingualResource\": false,\n      \"createdDateTime\":
        \"2022-08-02T13:34:17Z\",\n      \"lastModifiedDateTime\": \"2022-08-02T13:34:17Z\",\n
        \     \"settings\": {\n        \"defaultAnswer\": \"No answer found for your
        question.\"\n      }\n    },\n    {\n      \"projectName\": \"TestProject993509469\",\n
        \     \"description\": \"This is the description for a test project\",\n      \"language\":
        \"en\",\n      \"multilingualResource\": false,\n      \"createdDateTime\":
        \"2022-07-23T13:40:54Z\",\n      \"lastModifiedDateTime\": \"2022-07-23T13:40:54Z\",\n
        \     \"settings\": {\n        \"defaultAnswer\": \"No answer found for your
        question.\"\n      }\n    },\n    {\n      \"projectName\": \"TestProject99479553\",\n
        \     \"description\": \"This is the description for a test project\",\n      \"language\":
        \"en\",\n      \"multilingualResource\": false,\n      \"createdDateTime\":
        \"2022-07-26T13:31:32Z\",\n      \"lastModifiedDateTime\": \"2022-07-26T13:31:32Z\",\n
        \     \"settings\": {\n        \"defaultAnswer\": \"No answer found for your
        question.\"\n      }\n    },\n    {\n      \"projectName\": \"TestProject996510253\",\n
        \     \"description\": \"This is the description for a test project\",\n      \"language\":
        \"en\",\n      \"multilingualResource\": false,\n      \"createdDateTime\":
        \"2022-07-24T13:47:38Z\",\n      \"lastModifiedDateTime\": \"2022-07-24T13:47:38Z\",\n
        \     \"settings\": {\n        \"defaultAnswer\": \"No answer found for your
        question.\"\n      }\n    },\n    {\n      \"projectName\": \"TestProject997586333\",\n
        \     \"description\": \"This is the description for a test project\",\n      \"language\":
        \"en\",\n      \"multilingualResource\": false,\n      \"createdDateTime\":
        \"2022-06-18T13:38:50Z\",\n      \"lastModifiedDateTime\": \"2022-06-18T13:38:50Z\",\n
        \     \"settings\": {\n        \"defaultAnswer\": \"No answer found for your
        question.\"\n      }\n    },\n    {\n      \"projectName\": \"TestProject997877837\",\n
        \     \"description\": \"This is the description for a test project\",\n      \"language\":
        \"en\",\n      \"multilingualResource\": false,\n      \"createdDateTime\":
        \"2022-07-25T13:28:47Z\",\n      \"lastModifiedDateTime\": \"2022-07-25T13:28:47Z\",\n
        \     \"settings\": {\n        \"defaultAnswer\": \"No answer found for your
        question.\"\n      }\n    },\n    {\n      \"projectName\": \"importedProject\",\n
        \     \"description\": \"This is the description for a test project\",\n      \"language\":
        \"en\",\n      \"multilingualResource\": false,\n      \"createdDateTime\":
        \"2022-08-02T20:22:24Z\",\n      \"lastModifiedDateTime\": \"2022-08-02T22:15:00Z\",\n
        \     \"settings\": {\n        \"defaultAnswer\": \"No answer found for your
        question.\"\n      }\n    },\n    {\n      \"projectName\": \"test-project\",\n
        \     \"description\": \"\",\n      \"language\": \"en\",\n      \"multilingualResource\":
        false,\n      \"createdDateTime\": \"2022-08-02T16:32:05Z\",\n      \"lastModifiedDateTime\":
        \"2022-08-02T21:55:35Z\",\n      \"lastDeployedDateTime\": \"2022-08-02T21:57:25Z\",\n
        \     \"settings\": {\n        \"defaultAnswer\": \"No answer found\"\n      }\n
        \   }\n  ]\n}"
    headers:
      apim-request-id:
      - 765d1226-1cf2-43a4-be60-38cdfc42efb1
      content-length:
      - '147195'
      content-type:
      - application/json; charset=utf-8
      date:
      - Tue, 02 Aug 2022 22:32:46 GMT
      strict-transport-security:
      - max-age=31536000; includeSubDomains; preload
      x-content-type-options:
      - nosniff
      x-envoy-upstream-service-time:
      - '122'
    status:
      code: 200
      message: OK
version: 1
