{
  "Entries": [
    {
      "RequestUri": "https://login.microsoftonline.com/00000000-0000-0000-0000-000000000000/v2.0/.well-known/openid-configuration",
      "RequestMethod": "GET",
      "RequestHeaders": {
        "Accept": "*/*",
        "Accept-Encoding": "gzip, deflate",
        "Connection": "keep-alive",
        "User-Agent": "azsdk-python-identity/1.11.0b4 Python/3.10.6 (Linux-5.10.102.1-microsoft-standard-WSL2-x86_64-with-glibc2.31)"
      },
      "RequestBody": null,
      "StatusCode": 200,
      "ResponseHeaders": {
        "Access-Control-Allow-Methods": "GET, OPTIONS",
        "Access-Control-Allow-Origin": "*",
        "Cache-Control": "max-age=86400, private",
        "Content-Length": "1753",
        "Content-Type": "application/json; charset=utf-8",
        "Date": "Tue, 06 Sep 2022 20:49:31 GMT",
        "P3P": "CP=\u0022DSP CUR OTPi IND OTRi ONL FIN\u0022",
        "Set-Cookie": "[set-cookie;]",
        "Strict-Transport-Security": "max-age=31536000; includeSubDomains",
        "X-Content-Type-Options": "nosniff",
        "x-ms-ests-server": "2.1.13622.4 - NCUS ProdSlices",
        "X-XSS-Protection": "0"
      },
      "ResponseBody": {
        "token_endpoint": "https://login.microsoftonline.com/00000000-0000-0000-0000-000000000000/oauth2/v2.0/token",
        "token_endpoint_auth_methods_supported": [
          "client_secret_post",
          "private_key_jwt",
          "client_secret_basic"
        ],
        "jwks_uri": "https://login.microsoftonline.com/00000000-0000-0000-0000-000000000000/discovery/v2.0/keys",
        "response_modes_supported": [
          "query",
          "fragment",
          "form_post"
        ],
        "subject_types_supported": [
          "pairwise"
        ],
        "id_token_signing_alg_values_supported": [
          "RS256"
        ],
        "response_types_supported": [
          "code",
          "id_token",
          "code id_token",
          "id_token token"
        ],
        "scopes_supported": [
          "openid",
          "profile",
          "email",
          "offline_access"
        ],
        "issuer": "https://login.microsoftonline.com/00000000-0000-0000-0000-000000000000/v2.0",
        "request_uri_parameter_supported": false,
        "userinfo_endpoint": "https://graph.microsoft.com/oidc/userinfo",
        "authorization_endpoint": "https://login.microsoftonline.com/00000000-0000-0000-0000-000000000000/oauth2/v2.0/authorize",
        "device_authorization_endpoint": "https://login.microsoftonline.com/00000000-0000-0000-0000-000000000000/oauth2/v2.0/devicecode",
        "http_logout_supported": true,
        "frontchannel_logout_supported": true,
        "end_session_endpoint": "https://login.microsoftonline.com/00000000-0000-0000-0000-000000000000/oauth2/v2.0/logout",
        "claims_supported": [
          "sub",
          "iss",
          "cloud_instance_name",
          "cloud_instance_host_name",
          "cloud_graph_host_name",
          "msgraph_host",
          "aud",
          "exp",
          "iat",
          "auth_time",
          "acr",
          "nonce",
          "preferred_username",
          "name",
          "tid",
          "ver",
          "at_hash",
          "c_hash",
          "email"
        ],
        "kerberos_endpoint": "https://login.microsoftonline.com/00000000-0000-0000-0000-000000000000/kerberos",
        "tenant_region_scope": "WW",
        "cloud_instance_name": "microsoftonline.com",
        "cloud_graph_host_name": "graph.windows.net",
        "msgraph_host": "graph.microsoft.com",
        "rbac_url": "https://pas.windows.net"
      }
    },
    {
      "RequestUri": "https://login.microsoftonline.com/common/discovery/instance?api-version=1.1\u0026authorization_endpoint=https://login.microsoftonline.com/common/oauth2/authorize",
      "RequestMethod": "GET",
      "RequestHeaders": {
        "Accept": "application/json",
        "Accept-Encoding": "gzip, deflate",
        "Connection": "keep-alive",
        "User-Agent": "azsdk-python-identity/1.11.0b4 Python/3.10.6 (Linux-5.10.102.1-microsoft-standard-WSL2-x86_64-with-glibc2.31)"
      },
      "RequestBody": null,
      "StatusCode": 200,
      "ResponseHeaders": {
        "Access-Control-Allow-Methods": "GET, OPTIONS",
        "Access-Control-Allow-Origin": "*",
        "Cache-Control": "max-age=86400, private",
        "Content-Length": "945",
        "Content-Type": "application/json; charset=utf-8",
        "Date": "Tue, 06 Sep 2022 20:49:31 GMT",
        "P3P": "CP=\u0022DSP CUR OTPi IND OTRi ONL FIN\u0022",
        "Set-Cookie": "[set-cookie;]",
        "Strict-Transport-Security": "max-age=31536000; includeSubDomains",
        "X-Content-Type-Options": "nosniff",
        "x-ms-ests-server": "2.1.13562.12 - WUS2 ProdSlices",
        "X-XSS-Protection": "0"
      },
      "ResponseBody": {
        "tenant_discovery_endpoint": "https://login.microsoftonline.com/common/.well-known/openid-configuration",
        "api-version": "1.1",
        "metadata": [
          {
            "preferred_network": "login.microsoftonline.com",
            "preferred_cache": "login.windows.net",
            "aliases": [
              "login.microsoftonline.com",
              "login.windows.net",
              "login.microsoft.com",
              "sts.windows.net"
            ]
          },
          {
            "preferred_network": "login.partner.microsoftonline.cn",
            "preferred_cache": "login.partner.microsoftonline.cn",
            "aliases": [
              "login.partner.microsoftonline.cn",
              "login.chinacloudapi.cn"
            ]
          },
          {
            "preferred_network": "login.microsoftonline.de",
            "preferred_cache": "login.microsoftonline.de",
            "aliases": [
              "login.microsoftonline.de"
            ]
          },
          {
            "preferred_network": "login.microsoftonline.us",
            "preferred_cache": "login.microsoftonline.us",
            "aliases": [
              "login.microsoftonline.us",
              "login.usgovcloudapi.net"
            ]
          },
          {
            "preferred_network": "login-us.microsoftonline.com",
            "preferred_cache": "login-us.microsoftonline.com",
            "aliases": [
              "login-us.microsoftonline.com"
            ]
          }
        ]
      }
    },
    {
      "RequestUri": "https://test-resource.api.cognitive.microsoft.com/language/query-knowledgebases/projects/IssacNewton?api-version=2021-10-01",
      "RequestMethod": "PATCH",
      "RequestHeaders": {
        "Accept": "application/json",
        "Accept-Encoding": "gzip, deflate",
        "Connection": "keep-alive",
        "Content-Length": "140",
        "Content-Type": "application/json",
        "User-Agent": "azsdk-python-ai-language-questionanswering/1.1.0b2 Python/3.10.6 (Linux-5.10.102.1-microsoft-standard-WSL2-x86_64-with-glibc2.31)"
      },
      "RequestBody": {
        "description": "biography of Sir Issac Newton",
        "language": "en",
        "multilingualResource": true,
        "settings": {
          "defaultAnswer": "no answer"
        }
      },
      "StatusCode": 200,
      "ResponseHeaders": {
        "apim-request-id": "ee8a25df-aecd-4a56-bfb6-e97cb54f8d99",
        "Content-Length": "286",
        "Content-Type": "application/json; charset=utf-8",
        "Date": "Tue, 06 Sep 2022 20:49:33 GMT",
        "Strict-Transport-Security": "max-age=31536000; includeSubDomains; preload",
        "X-Content-Type-Options": "nosniff",
        "x-envoy-upstream-service-time": "42"
      },
      "ResponseBody": {
        "projectName": "IssacNewton",
        "description": "biography of Sir Issac Newton",
        "language": "en",
        "multilingualResource": false,
        "createdDateTime": "2022-09-06T20:44:34Z",
        "lastModifiedDateTime": "2022-09-06T20:49:33Z",
        "settings": {
          "defaultAnswer": "no answer"
        }
      }
    },
    {
      "RequestUri": "https://test-resource.api.cognitive.microsoft.com/language/query-knowledgebases/projects?api-version=2021-10-01",
      "RequestMethod": "GET",
      "RequestHeaders": {
        "Accept": "application/json",
        "Accept-Encoding": "gzip, deflate",
        "Connection": "keep-alive",
        "User-Agent": "azsdk-python-ai-language-questionanswering/1.1.0b2 Python/3.10.6 (Linux-5.10.102.1-microsoft-standard-WSL2-x86_64-with-glibc2.31)"
      },
      "RequestBody": null,
      "StatusCode": 200,
      "ResponseHeaders": {
        "apim-request-id": "f99047a8-57fd-4149-bd7b-be0254cc15f2",
        "Content-Length": "1814",
        "Content-Type": "application/json; charset=utf-8",
        "Date": "Tue, 06 Sep 2022 20:49:33 GMT",
        "Strict-Transport-Security": "max-age=31536000; includeSubDomains; preload",
        "X-Content-Type-Options": "nosniff",
        "x-envoy-upstream-service-time": "57"
      },
      "ResponseBody": {
        "value": [
          {
            "projectName": "IssacNewton",
            "description": "biography of Sir Issac Newton",
            "language": "en",
            "multilingualResource": false,
            "createdDateTime": "2022-09-06T20:44:34Z",
            "lastModifiedDateTime": "2022-09-06T20:49:33Z",
            "settings": {
              "defaultAnswer": "no answer"
            }
          },
          {
            "projectName": "Microsoft",
            "description": "test project for some Microsoft QnAs",
            "language": "en",
            "multilingualResource": false,
            "createdDateTime": "2022-08-03T00:17:01Z",
            "lastModifiedDateTime": "2022-09-06T13:33:18Z",
            "settings": {
              "defaultAnswer": "no answer"
            }
          },
          {
            "projectName": "QnaScriptDeployed",
            "description": "magdytest",
            "language": "en",
            "multilingualResource": false,
            "createdDateTime": "2022-06-05T12:32:12Z",
            "lastModifiedDateTime": "2022-06-05T12:32:19Z",
            "lastDeployedDateTime": "2022-06-05T12:32:52Z",
            "settings": {
              "defaultAnswer": "No good match found in KB"
            }
          },
          {
            "projectName": "importedProject",
            "description": "This is the description for a test project",
            "language": "en",
            "multilingualResource": false,
            "createdDateTime": "2022-08-02T20:22:24Z",
            "lastModifiedDateTime": "2022-08-02T22:15:00Z",
            "settings": {
              "defaultAnswer": "No answer found for your question."
            }
          },
          {
            "projectName": "test-project",
            "description": "",
            "language": "en",
            "multilingualResource": false,
            "createdDateTime": "2022-08-02T16:32:05Z",
            "lastModifiedDateTime": "2022-08-02T21:55:35Z",
            "lastDeployedDateTime": "2022-08-02T21:57:25Z",
            "settings": {
              "defaultAnswer": "No answer found"
            }
          }
        ]
      }
    }
  ],
  "Variables": {}
}
