interactions:
- request:
    body: null
    headers:
      Accept:
      - application/json
      Accept-Encoding:
      - gzip, deflate
      Connection:
      - keep-alive
      Date:
      - Wed, 20 Apr 2022 12:07:36 GMT
      User-Agent:
      - azsdk-python-communication-phonenumbers/1.0.1 Python/3.10.0 (Windows-10-10.0.22000-SP0)
      x-ms-return-client-request-id:
      - 'true'
    method: GET
    uri: https://sanitized.communication.azure.com/sip?api-version=2021-05-01-preview
  response:
    body:
      string: '{"trunks":{"sbs1.sipconfigtest.com":{"sipSignalingPort":1122},"sbs2.sipconfigtest.com":{"sipSignalingPort":1123}},"routes":[{"description":"Handle
        numbers starting with ''+999''","name":"Alternative rule","numberPattern":"\\+999[0-9]+","trunks":["sbs2.sipconfigtest.com"]}]}'
    headers:
      content-type:
      - application/json; charset=utf-8
      date:
      - Wed, 20 Apr 2022 12:07:37 GMT
      ms-cv:
      - ujyRthA0GEaUU+S9eOR2nw.0
      strict-transport-security:
      - max-age=2592000
      transfer-encoding:
      - chunked
      x-cache:
      - CONFIG_NOCACHE
      x-processing-time:
      - 284ms
    status:
      code: 200
      message: OK
- request:
    body: '{"routes": []}'
    headers:
      Accept:
      - application/json
      Accept-Encoding:
      - gzip, deflate
      Connection:
      - keep-alive
      Content-Length:
      - '14'
      Content-Type:
      - application/merge-patch+json
      Date:
      - Wed, 20 Apr 2022 12:07:37 GMT
      User-Agent:
      - azsdk-python-communication-phonenumbers/1.0.1 Python/3.10.0 (Windows-10-10.0.22000-SP0)
      x-ms-return-client-request-id:
      - 'true'
    method: PATCH
    uri: https://sanitized.communication.azure.com/sip?api-version=2021-05-01-preview
  response:
    body:
      string: '{"trunks":{"sbs1.sipconfigtest.com":{"sipSignalingPort":1122},"sbs2.sipconfigtest.com":{"sipSignalingPort":1123}},"routes":[]}'
    headers:
      content-type:
      - application/json; charset=utf-8
      date:
      - Wed, 20 Apr 2022 12:07:38 GMT
      ms-cv:
      - ZZZDDt7d9UCjzV2KEgGWbQ.0
      strict-transport-security:
      - max-age=2592000
      transfer-encoding:
      - chunked
      x-cache:
      - CONFIG_NOCACHE
      x-processing-time:
      - 332ms
    status:
      code: 200
      message: OK
- request:
    body: null
    headers:
      Accept:
      - application/json
      Accept-Encoding:
      - gzip, deflate
      Connection:
      - keep-alive
      Date:
      - Wed, 20 Apr 2022 12:07:38 GMT
      User-Agent:
      - azsdk-python-communication-phonenumbers/1.0.1 Python/3.10.0 (Windows-10-10.0.22000-SP0)
      x-ms-return-client-request-id:
      - 'true'
    method: GET
    uri: https://sanitized.communication.azure.com/sip?api-version=2021-05-01-preview
  response:
    body:
      string: '{"trunks":{"sbs1.sipconfigtest.com":{"sipSignalingPort":1122},"sbs2.sipconfigtest.com":{"sipSignalingPort":1123}},"routes":[]}'
    headers:
      content-type:
      - application/json; charset=utf-8
      date:
      - Wed, 20 Apr 2022 12:07:38 GMT
      ms-cv:
      - NTP/tR3sp0eufJHdliK0Kg.0
      strict-transport-security:
      - max-age=2592000
      transfer-encoding:
      - chunked
      x-cache:
      - CONFIG_NOCACHE
      x-processing-time:
      - 289ms
    status:
      code: 200
      message: OK
- request:
    body: '{"trunks": {"sbs1.sipconfigtest.com": null, "sbs2.sipconfigtest.com": null}}'
    headers:
      Accept:
      - application/json
      Accept-Encoding:
      - gzip, deflate
      Connection:
      - keep-alive
      Content-Length:
      - '76'
      Content-Type:
      - application/merge-patch+json
      Date:
      - Wed, 20 Apr 2022 12:07:38 GMT
      User-Agent:
      - azsdk-python-communication-phonenumbers/1.0.1 Python/3.10.0 (Windows-10-10.0.22000-SP0)
      x-ms-return-client-request-id:
      - 'true'
    method: PATCH
    uri: https://sanitized.communication.azure.com/sip?api-version=2021-05-01-preview
  response:
    body:
      string: '{"trunks":{},"routes":[]}'
    headers:
      content-type:
      - application/json; charset=utf-8
      date:
      - Wed, 20 Apr 2022 12:07:39 GMT
      ms-cv:
      - YLrFrLXsf0606ULQA8jFGA.0
      strict-transport-security:
      - max-age=2592000
      transfer-encoding:
      - chunked
      x-cache:
      - CONFIG_NOCACHE
      x-processing-time:
      - 649ms
    status:
      code: 200
      message: OK
- request:
    body: '{"trunks": {"sbs1.sipconfigtest.com": {"sipSignalingPort": 1122}, "sbs2.sipconfigtest.com":
      {"sipSignalingPort": 1123}}}'
    headers:
      Accept:
      - application/json
      Accept-Encoding:
      - gzip, deflate
      Connection:
      - keep-alive
      Content-Length:
      - '120'
      Content-Type:
      - application/merge-patch+json
      Date:
      - Wed, 20 Apr 2022 12:07:39 GMT
      User-Agent:
      - azsdk-python-communication-phonenumbers/1.0.1 Python/3.10.0 (Windows-10-10.0.22000-SP0)
      x-ms-return-client-request-id:
      - 'true'
    method: PATCH
    uri: https://sanitized.communication.azure.com/sip?api-version=2021-05-01-preview
  response:
    body:
      string: '{"trunks":{"sbs1.sipconfigtest.com":{"sipSignalingPort":1122},"sbs2.sipconfigtest.com":{"sipSignalingPort":1123}},"routes":[]}'
    headers:
      content-type:
      - application/json; charset=utf-8
      date:
      - Wed, 20 Apr 2022 12:07:41 GMT
      ms-cv:
      - 43JQVfXqhkO4ffMoqR4wtA.0
      strict-transport-security:
      - max-age=2592000
      transfer-encoding:
      - chunked
      x-cache:
      - CONFIG_NOCACHE
      x-processing-time:
      - 1307ms
    status:
      code: 200
      message: OK
- request:
    body: null
    headers:
      Accept:
      - application/json
      Accept-Encoding:
      - gzip, deflate
      Connection:
      - keep-alive
      Date:
      - Wed, 20 Apr 2022 12:07:41 GMT
      User-Agent:
      - azsdk-python-communication-phonenumbers/1.0.1 Python/3.10.0 (Windows-10-10.0.22000-SP0)
      x-ms-return-client-request-id:
      - 'true'
    method: GET
    uri: https://sanitized.communication.azure.com/sip?api-version=2021-05-01-preview
  response:
    body:
      string: '{"trunks":{"sbs1.sipconfigtest.com":{"sipSignalingPort":1122},"sbs2.sipconfigtest.com":{"sipSignalingPort":1123}},"routes":[]}'
    headers:
      content-type:
      - application/json; charset=utf-8
      date:
      - Wed, 20 Apr 2022 12:07:41 GMT
      ms-cv:
      - 3byg4Ptb9Uaili5iaSXvnQ.0
      strict-transport-security:
      - max-age=2592000
      transfer-encoding:
      - chunked
      x-cache:
      - CONFIG_NOCACHE
      x-processing-time:
      - 224ms
    status:
      code: 200
      message: OK
- request:
    body: '{"trunks": {"sbs1.sipconfigtest.com": null, "sbs2.sipconfigtest.com": null}}'
    headers:
      Accept:
      - application/json
      Accept-Encoding:
      - gzip, deflate
      Connection:
      - keep-alive
      Content-Length:
      - '76'
      Content-Type:
      - application/merge-patch+json
      Date:
      - Wed, 20 Apr 2022 12:07:41 GMT
      User-Agent:
      - azsdk-python-communication-phonenumbers/1.0.1 Python/3.10.0 (Windows-10-10.0.22000-SP0)
      x-ms-return-client-request-id:
      - 'true'
    method: PATCH
    uri: https://sanitized.communication.azure.com/sip?api-version=2021-05-01-preview
  response:
    body:
      string: '{"trunks":{},"routes":[]}'
    headers:
      content-type:
      - application/json; charset=utf-8
      date:
      - Wed, 20 Apr 2022 12:07:42 GMT
      ms-cv:
      - psL/tYJVlEG6Sn+q+BRDNw.0
      strict-transport-security:
      - max-age=2592000
      transfer-encoding:
      - chunked
      x-cache:
      - CONFIG_NOCACHE
      x-processing-time:
      - 498ms
    status:
      code: 200
      message: OK
- request:
    body: '{"trunks": {"sbs3.sipconfigtest.com": {"sipSignalingPort": 2222}}}'
    headers:
      Accept:
      - application/json
      Accept-Encoding:
      - gzip, deflate
      Connection:
      - keep-alive
      Content-Length:
      - '66'
      Content-Type:
      - application/merge-patch+json
      Date:
      - Wed, 20 Apr 2022 12:07:42 GMT
      User-Agent:
      - azsdk-python-communication-phonenumbers/1.0.1 Python/3.10.0 (Windows-10-10.0.22000-SP0)
      x-ms-return-client-request-id:
      - 'true'
    method: PATCH
    uri: https://sanitized.communication.azure.com/sip?api-version=2021-05-01-preview
  response:
    body:
      string: '{"trunks":{"sbs3.sipconfigtest.com":{"sipSignalingPort":2222}},"routes":[]}'
    headers:
      content-type:
      - application/json; charset=utf-8
      date:
      - Wed, 20 Apr 2022 12:07:43 GMT
      ms-cv:
      - QZp+6wQnZ0Szf9pKNGxrfA.0
      strict-transport-security:
      - max-age=2592000
      transfer-encoding:
      - chunked
      x-cache:
      - CONFIG_NOCACHE
      x-processing-time:
      - 1028ms
    status:
      code: 200
      message: OK
- request:
    body: null
    headers:
      Accept:
      - application/json
      Accept-Encoding:
      - gzip, deflate
      Connection:
      - keep-alive
      Date:
      - Wed, 20 Apr 2022 12:07:43 GMT
      User-Agent:
      - azsdk-python-communication-phonenumbers/1.0.1 Python/3.10.0 (Windows-10-10.0.22000-SP0)
      x-ms-return-client-request-id:
      - 'true'
    method: GET
    uri: https://sanitized.communication.azure.com/sip?api-version=2021-05-01-preview
  response:
    body:
      string: '{"trunks":{"sbs3.sipconfigtest.com":{"sipSignalingPort":2222}},"routes":[]}'
    headers:
      content-type:
      - application/json; charset=utf-8
      date:
      - Wed, 20 Apr 2022 12:07:44 GMT
      ms-cv:
      - Se5WNqpTJEeodDaHAarEsA.0
      strict-transport-security:
      - max-age=2592000
      transfer-encoding:
      - chunked
      x-cache:
      - CONFIG_NOCACHE
      x-processing-time:
      - 249ms
    status:
      code: 200
      message: OK
version: 1
