{
  "Entries": [
    {
      "RequestUri": "https://management.azure.com/subscriptions/00000000-0000-0000-0000-000000000/resourceGroups/00000/providers/Microsoft.MachineLearningServices/workspaces/00000?api-version=2022-10-01",
      "RequestMethod": "GET",
      "RequestHeaders": {
        "Accept": "application/json",
        "Accept-Encoding": "gzip, deflate",
        "Connection": "keep-alive",
        "User-Agent": "azure-ai-ml/1.4.0 azsdk-python-mgmt-machinelearningservices/0.1.0 Python/3.7.9 (Windows-10-10.0.22621-SP0)"
      },
      "RequestBody": null,
      "StatusCode": 200,
      "ResponseHeaders": {
        "Cache-Control": "no-cache",
        "Content-Encoding": "gzip",
        "Content-Type": "application/json; charset=utf-8",
        "Date": "Wed, 18 Jan 2023 00:25:23 GMT",
        "Expires": "-1",
        "Pragma": "no-cache",
        "Request-Context": "appId=cid-v1:2d2e8e63-272e-4b3c-8598-4ee570a0e70d",
        "Server-Timing": "traceparent;desc=\u002200-7588ace5e5e868833779e05855c3b256-292a8b9cfd4fd9e0-00\u0022",
        "Strict-Transport-Security": "max-age=31536000; includeSubDomains",
        "Transfer-Encoding": "chunked",
        "Vary": [
          "Accept-Encoding",
          "Accept-Encoding"
        ],
        "x-aml-cluster": "vienna-eastus2-02",
        "X-Content-Type-Options": "nosniff",
        "x-ms-correlation-request-id": "a40e8e80-1374-46ab-80bc-b950089da30b",
        "x-ms-ratelimit-remaining-subscription-reads": "11997",
        "x-ms-response-type": "standard",
        "x-ms-routing-request-id": "WESTUS2:20230118T002524Z:a40e8e80-1374-46ab-80bc-b950089da30b",
        "x-request-time": "0.018"
      },
      "ResponseBody": {
        "id": "/subscriptions/00000000-0000-0000-0000-000000000/resourceGroups/00000/providers/Microsoft.MachineLearningServices/workspaces/00000",
        "name": "00000",
        "type": "Microsoft.MachineLearningServices/workspaces",
        "location": "eastus2",
        "tags": {},
        "etag": null,
        "properties": {
          "friendlyName": "00000",
          "description": "",
          "storageAccount": "/subscriptions/00000000-0000-0000-0000-000000000/resourceGroups/00000/providers/Microsoft.Storage/storageAccounts/sadnuammrwdeilc",
          "keyVault": "/subscriptions/00000000-0000-0000-0000-000000000/resourceGroups/00000/providers/Microsoft.Keyvault/vaults/kvtesthhy5m5pqcjec6",
          "applicationInsights": "/subscriptions/00000000-0000-0000-0000-000000000/resourceGroups/00000/providers/Microsoft.insights/components/aidnuammrwdeilc",
          "hbiWorkspace": false,
          "tenantId": "72f988bf-86f1-41af-91ab-2d7cd011db47",
          "imageBuildCompute": null,
          "provisioningState": "Succeeded",
          "v1LegacyMode": false,
          "softDeleteEnabled": false,
          "containerRegistry": "/subscriptions/00000000-0000-0000-0000-000000000/resourceGroups/00000/providers/Microsoft.ContainerRegistry/registries/crdnuammrwdeilc",
          "notebookInfo": {
            "resourceId": "493ca697a7f447848820635d6ef3a5f0",
            "fqdn": "ml-sdkvnextcli-eastus2-c33afa53-cead-40f1-8d1d-ac5976604612.eastus2.notebooks.azure.net",
            "isPrivateLinkEnabled": false,
            "notebookPreparationError": null
          },
          "storageHnsEnabled": false,
          "workspaceId": "c33afa53-cead-40f1-8d1d-ac5976604612",
          "linkedModelInventoryArmId": null,
          "privateLinkCount": 0,
          "publicNetworkAccess": "Enabled",
          "discoveryUrl": "https://eastus2.api.azureml.ms/discovery",
          "mlFlowTrackingUri": "azureml://eastus2.api.azureml.ms/mlflow/v1.0/subscriptions/00000000-0000-0000-0000-000000000/resourceGroups/00000/providers/Microsoft.MachineLearningServices/workspaces/00000",
          "sdkTelemetryAppInsightsKey": "066b0d89-53d2-4b58-8bc8-ac382527e4fb",
          "sasGetterUri": "",
          "enableDataIsolation": false
        },
        "identity": {
          "type": "SystemAssigned",
          "principalId": "ab3f5d04-98db-441d-97a8-f558ea82f4ef",
          "tenantId": "72f988bf-86f1-41af-91ab-2d7cd011db47"
        },
        "sku": {
          "name": "Basic",
          "tier": "Basic"
        },
        "systemData": {
          "createdAt": "2023-01-17T23:08:06.6643232Z",
          "createdBy": "dipeck@microsoft.com",
          "createdByType": "User",
          "lastModifiedAt": "2023-01-17T23:08:06.6643232Z",
          "lastModifiedBy": "dipeck@microsoft.com",
          "lastModifiedByType": "User"
        }
      }
    },
    {
      "RequestUri": "https://eastus2.api.azureml.ms/content/v2.0/subscriptions/00000000-0000-0000-0000-000000000/resourceGroups/00000/providers/Microsoft.MachineLearningServices/workspaces/00000/snapshots/getByHash?hash=9c72eef390cbdb339477f2dab44372d59f2066b37d63fe74e6d513a307d885c2\u0026hashVersion=202208",
      "RequestMethod": "POST",
      "RequestHeaders": {
        "Accept": "*/*",
        "Accept-Encoding": "gzip, deflate",
        "Connection": "keep-alive",
        "Content-Length": "0",
        "Content-Type": "application/json; charset=UTF-8",
        "User-Agent": "azure-ai-ml/1.4.0 azsdk-python-core/1.26.3 Python/3.7.9 (Windows-10-10.0.22621-SP0)"
      },
      "RequestBody": null,
      "StatusCode": 400,
      "ResponseHeaders": {
        "Connection": "keep-alive",
        "Content-Length": "557",
        "Content-Type": "application/json; charset=utf-8",
        "Date": "Wed, 18 Jan 2023 00:25:25 GMT",
        "Request-Context": "appId=cid-v1:2d2e8e63-272e-4b3c-8598-4ee570a0e70d",
        "Strict-Transport-Security": "max-age=15724800; includeSubDomains; preload",
        "x-aml-cluster": "vienna-eastus2-02",
        "X-Content-Type-Options": "nosniff",
        "x-ms-response-type": "standard",
        "x-request-time": "0.015"
      },
      "ResponseBody": {
        "error": {
          "code": "UserError",
          "severity": null,
          "message": "Request body could not be read. Ensure data was provided in the request body and that the content-type header is correct.",
          "messageFormat": null,
          "messageParameters": {},
          "referenceCode": null,
          "detailsUri": null,
          "target": null,
          "details": [],
          "innerError": null,
          "debugInfo": null,
          "additionalInfo": null
        },
        "correlation": null,
        "environment": null,
        "location": null,
        "time": "0001-01-01T00:00:00\u002B00:00",
        "componentName": null
      }
    },
    {
      "RequestUri": "https://eastus2.api.azureml.ms/assetstore/v1.0/temporaryDataReference/createOrGet",
      "RequestMethod": "POST",
      "RequestHeaders": {
        "Accept": "*/*",
        "Accept-Encoding": "gzip, deflate",
        "Connection": "keep-alive",
        "Content-Length": "253",
        "Content-Type": "application/json; charset=UTF-8",
        "User-Agent": "azure-ai-ml/1.4.0 azsdk-python-core/1.26.3 Python/3.7.9 (Windows-10-10.0.22621-SP0)"
      },
      "RequestBody": {
        "assetId": "azureml://locations/eastus2/workspaces/c33afa53-cead-40f1-8d1d-ac5976604612/codes/000000000000000000000/versions/1",
        "temporaryDataReferenceId": "ce90606a-c5ff-4100-baf6-a4fd20186e1a",
        "temporaryDataReferenceType": "TemporaryBlobReference"
      },
      "StatusCode": 200,
      "ResponseHeaders": {
        "Connection": "keep-alive",
        "Content-Encoding": "gzip",
        "Content-Type": "application/json; charset=utf-8",
        "Date": "Wed, 18 Jan 2023 00:25:27 GMT",
        "Request-Context": "appId=cid-v1:2d2e8e63-272e-4b3c-8598-4ee570a0e70d",
        "Strict-Transport-Security": "max-age=15724800; includeSubDomains; preload",
        "Transfer-Encoding": "chunked",
        "Vary": "Accept-Encoding",
        "x-aml-cluster": "vienna-eastus2-02",
        "X-Content-Type-Options": "nosniff",
        "x-ms-response-type": "standard",
        "x-request-time": "0.105"
      },
      "ResponseBody": {
        "blobReferenceForConsumption": {
          "blobUri": "https://sadnuammrwdeilc.blob.core.windows.net:443/c33afa53-c-a2a2475b-4021-5704-b85c-b2fcfc328bc3",
          "storageAccountArmId": "/subscriptions/00000000-0000-0000-0000-000000000/resourceGroups/00000/providers/Microsoft.Storage/storageAccounts/sadnuammrwdeilc",
          "credential": {
            "sasUri": "https://sadnuammrwdeilc.blob.core.windows.net/c33afa53-c-a2a2475b-4021-5704-b85c-b2fcfc328bc3?skoid=ab3f5d04-98db-441d-97a8-f558ea82f4ef\u0026sktid=72f988bf-86f1-41af-91ab-2d7cd011db47\u0026skt=2023-01-17T23%3A58%3A03Z\u0026ske=2023-01-19T08%3A08%3A03Z\u0026sks=b\u0026skv=2019-07-07\u0026sv=2021-08-06\u0026st=2023-01-18T00%3A15%3A27Z\u0026se=2023-01-18T08%3A25%3A27Z\u0026sr=c\u0026sp=rcwl\u0026sig=jWiSPNZ8OuEKoWQ%2BPS8Fg2wf1SfubKFDdn43Cm0NgBg%3D",
            "wasbsUri": null,
            "credentialType": "SAS"
          }
        },
        "imageReferenceForConsumption": null,
        "temporaryDataReferenceId": "ce90606a-c5ff-4100-baf6-a4fd20186e1a",
        "temporaryDataReferenceType": null
      }
    },
    {
      "RequestUri": "https://sadnuammrwdeilc.blob.core.windows.net/c33afa53-c-a2a2475b-4021-5704-b85c-b2fcfc328bc3/basic_src/sampleword.py?skoid=ab3f5d04-98db-441d-97a8-f558ea82f4ef\u0026sktid=72f988bf-86f1-41af-91ab-2d7cd011db47\u0026skt=2023-01-17T23%3A58%3A03Z\u0026ske=2023-01-19T08%3A08%3A03Z\u0026sks=b\u0026skv=2019-07-07\u0026sv=2021-08-06\u0026st=2023-01-18T00%3A15%3A27Z\u0026se=2023-01-18T08%3A25%3A27Z\u0026sr=c\u0026sp=rcwl\u0026sig=jWiSPNZ8OuEKoWQ%2BPS8Fg2wf1SfubKFDdn43Cm0NgBg%3D",
      "RequestMethod": "HEAD",
      "RequestHeaders": {
        "Accept": "application/xml",
        "Accept-Encoding": "gzip, deflate",
        "Connection": "keep-alive",
        "User-Agent": "azsdk-python-storage-blob/12.14.1 Python/3.7.9 (Windows-10-10.0.22621-SP0)",
        "x-ms-date": "Wed, 18 Jan 2023 00:25:27 GMT",
        "x-ms-version": "2021-08-06"
      },
      "RequestBody": null,
      "StatusCode": 404,
      "ResponseHeaders": {
        "Date": "Wed, 18 Jan 2023 00:25:27 GMT",
        "Server": [
          "Windows-Azure-Blob/1.0",
          "Microsoft-HTTPAPI/2.0"
        ],
        "Transfer-Encoding": "chunked",
        "Vary": "Origin",
        "x-ms-error-code": "BlobNotFound",
        "x-ms-version": "2021-08-06"
      },
      "ResponseBody": null
    },
    {
      "RequestUri": "https://sadnuammrwdeilc.blob.core.windows.net/c33afa53-c-a2a2475b-4021-5704-b85c-b2fcfc328bc3/basic_src/sampleword.py?skoid=ab3f5d04-98db-441d-97a8-f558ea82f4ef\u0026sktid=72f988bf-86f1-41af-91ab-2d7cd011db47\u0026skt=2023-01-17T23%3A58%3A03Z\u0026ske=2023-01-19T08%3A08%3A03Z\u0026sks=b\u0026skv=2019-07-07\u0026sv=2021-08-06\u0026st=2023-01-18T00%3A15%3A27Z\u0026se=2023-01-18T08%3A25%3A27Z\u0026sr=c\u0026sp=rcwl\u0026sig=jWiSPNZ8OuEKoWQ%2BPS8Fg2wf1SfubKFDdn43Cm0NgBg%3D",
      "RequestMethod": "PUT",
      "RequestHeaders": {
        "Accept": "application/xml",
        "Accept-Encoding": "gzip, deflate",
        "Connection": "keep-alive",
        "Content-Length": "776",
        "Content-MD5": "gPGq/xjm/IZWE1tewvHRjA==",
        "Content-Type": "application/octet-stream",
        "If-None-Match": "*",
        "User-Agent": "azsdk-python-storage-blob/12.14.1 Python/3.7.9 (Windows-10-10.0.22621-SP0)",
        "x-ms-blob-type": "BlockBlob",
        "x-ms-date": "Wed, 18 Jan 2023 00:25:27 GMT",
        "x-ms-version": "2021-08-06"
      },
      "RequestBody": "aW1wb3J0IGFyZ3BhcnNlCgpmcm9tIHB5c3Bhcmsuc3FsIGltcG9ydCBTcGFya1Nlc3Npb24KCnNwYXJrID0gU3BhcmtTZXNzaW9uLmJ1aWxkZXIuZ2V0T3JDcmVhdGUoKQoKIyByZWFkIGNvbW1hbmQgbGluZSBhcmd1bWVudHMKcGFyc2VyID0gYXJncGFyc2UuQXJndW1lbnRQYXJzZXIoKQpwYXJzZXIuYWRkX2FyZ3VtZW50KCItLWlucHV0MSIpCnBhcnNlci5hZGRfYXJndW1lbnQoIi0tb3V0cHV0MiIpCnBhcnNlci5hZGRfYXJndW1lbnQoIi0tbXlfc2FtcGxlX3JhdGUiLCB0eXBlPWZsb2F0KQphcmdzID0gcGFyc2VyLnBhcnNlX2FyZ3MoKQoKCmRmID0gc3BhcmsucmVhZC50ZXh0KGFyZ3MuaW5wdXQxKQoKIyBzYW1wbGUgZGYgd2l0aCBteV9zYW1wbGVfcmF0ZQpzYW1wbGVkX2RmID0gZGYuc2FtcGxlKGFyZ3MubXlfc2FtcGxlX3JhdGUpCnNhbXBsZWRfZGYud3JpdGUudGV4dChhcmdzLm91dHB1dDIpCgojIHNhbXBsZWRfZGYgPSBzYW1wbGVkX2RmLnRvUGFuZGFzKCkKIyBzYW1wbGVkX2RmLnRvX2NzdigiYXJncy5vdXRwdXQyIiwgc2VwPSJcdCIsIGluZGV4PUZhbHNlKQojIHNhbXBsZWRfZGYucmVwYXJ0aXRpb24oMSkud3JpdGUudGV4dChhcmdzLm91dHB1dDIpCgojIHNjID0gc3Bhcmsuc3BhcmtDb250ZXh0CiMgdGV4dFJERDEgPSBzYy50ZXh0RmlsZShhcmdzLmlucHV0MSkKIyBzYW1wbGVkX2RmID0gdGV4dFJERDEuc2FtcGxlKEZhbHNlLCBhcmdzLm15X3NhbXBsZV9yYXRlLCAxKQojIHNhbXBsZWRfZGYuc2F2ZUFzVGV4dEZpbGUoYXJncy5vdXRwdXQyKQo=",
      "StatusCode": 201,
      "ResponseHeaders": {
        "Content-Length": "0",
        "Content-MD5": "gPGq/xjm/IZWE1tewvHRjA==",
        "Date": "Wed, 18 Jan 2023 00:25:27 GMT",
        "ETag": "\u00220x8DAF8EA7FD59126\u0022",
        "Last-Modified": "Wed, 18 Jan 2023 00:25:27 GMT",
        "Server": [
          "Windows-Azure-Blob/1.0",
          "Microsoft-HTTPAPI/2.0"
        ],
        "x-ms-content-crc64": "fPfbV102\u002BmE=",
        "x-ms-request-server-encrypted": "true",
        "x-ms-version": "2021-08-06"
      },
      "ResponseBody": null
    },
    {
      "RequestUri": "https://sadnuammrwdeilc.blob.core.windows.net/c33afa53-c-a2a2475b-4021-5704-b85c-b2fcfc328bc3/basic_src/wordcount.py?skoid=ab3f5d04-98db-441d-97a8-f558ea82f4ef\u0026sktid=72f988bf-86f1-41af-91ab-2d7cd011db47\u0026skt=2023-01-17T23%3A58%3A03Z\u0026ske=2023-01-19T08%3A08%3A03Z\u0026sks=b\u0026skv=2019-07-07\u0026sv=2021-08-06\u0026st=2023-01-18T00%3A15%3A27Z\u0026se=2023-01-18T08%3A25%3A27Z\u0026sr=c\u0026sp=rcwl\u0026sig=jWiSPNZ8OuEKoWQ%2BPS8Fg2wf1SfubKFDdn43Cm0NgBg%3D",
      "RequestMethod": "PUT",
      "RequestHeaders": {
        "Accept": "application/xml",
        "Accept-Encoding": "gzip, deflate",
        "Connection": "keep-alive",
        "Content-Length": "530",
        "Content-MD5": "gMHWy296uOCrTnXsPNtb6A==",
        "Content-Type": "application/octet-stream",
        "If-None-Match": "*",
        "User-Agent": "azsdk-python-storage-blob/12.14.1 Python/3.7.9 (Windows-10-10.0.22621-SP0)",
        "x-ms-blob-type": "BlockBlob",
        "x-ms-date": "Wed, 18 Jan 2023 00:25:27 GMT",
        "x-ms-version": "2021-08-06"
      },
      "RequestBody": "aW1wb3J0IGFyZ3BhcnNlCmZyb20gb3BlcmF0b3IgaW1wb3J0IGFkZAoKIyBmcm9tIHB5c3BhcmsgaW1wb3J0IFNwYXJrQ29udGV4dCwgU3BhcmtDb25mCmZyb20gcHlzcGFyay5zcWwgaW1wb3J0IFNwYXJrU2Vzc2lvbgoKcGFyc2VyID0gYXJncGFyc2UuQXJndW1lbnRQYXJzZXIoKQpwYXJzZXIuYWRkX2FyZ3VtZW50KCItLWlucHV0MSIpCmFyZ3MgPSBwYXJzZXIucGFyc2VfYXJncygpCgpzcGFyayA9IFNwYXJrU2Vzc2lvbi5idWlsZGVyLmFwcE5hbWUoIlB5dGhvbldvcmRDb3VudCIpLmdldE9yQ3JlYXRlKCkKCmxpbmVzID0gc3BhcmsucmVhZC50ZXh0KGFyZ3MuaW5wdXQxKS5yZGQubWFwKGxhbWJkYSByOiByWzBdKQpjb3VudHMgPSBsaW5lcy5mbGF0TWFwKGxhbWJkYSB4OiB4LnNwbGl0KCIgIikpLm1hcChsYW1iZGEgeDogKHgsIDEpKS5yZWR1Y2VCeUtleShhZGQpCm91dHB1dCA9IGNvdW50cy5jb2xsZWN0KCkKZm9yICh3b3JkLCBjb3VudCkgaW4gb3V0cHV0OgogICAgcHJpbnQoIiVzOiAlaSIgJSAod29yZCwgY291bnQpKQo=",
      "StatusCode": 201,
      "ResponseHeaders": {
        "Content-Length": "0",
        "Content-MD5": "gMHWy296uOCrTnXsPNtb6A==",
        "Date": "Wed, 18 Jan 2023 00:25:27 GMT",
        "ETag": "\u00220x8DAF8EA7FD93A23\u0022",
        "Last-Modified": "Wed, 18 Jan 2023 00:25:27 GMT",
        "Server": [
          "Windows-Azure-Blob/1.0",
          "Microsoft-HTTPAPI/2.0"
        ],
        "x-ms-content-crc64": "\u002BHWSH8Cf3oo=",
        "x-ms-request-server-encrypted": "true",
        "x-ms-version": "2021-08-06"
      },
      "ResponseBody": null
    },
    {
      "RequestUri": "https://sadnuammrwdeilc.blob.core.windows.net/c33afa53-c-a2a2475b-4021-5704-b85c-b2fcfc328bc3/basic_src/sampleword_with_optional_input.py?skoid=ab3f5d04-98db-441d-97a8-f558ea82f4ef\u0026sktid=72f988bf-86f1-41af-91ab-2d7cd011db47\u0026skt=2023-01-17T23%3A58%3A03Z\u0026ske=2023-01-19T08%3A08%3A03Z\u0026sks=b\u0026skv=2019-07-07\u0026sv=2021-08-06\u0026st=2023-01-18T00%3A15%3A27Z\u0026se=2023-01-18T08%3A25%3A27Z\u0026sr=c\u0026sp=rcwl\u0026sig=jWiSPNZ8OuEKoWQ%2BPS8Fg2wf1SfubKFDdn43Cm0NgBg%3D",
      "RequestMethod": "PUT",
      "RequestHeaders": {
        "Accept": "application/xml",
        "Accept-Encoding": "gzip, deflate",
        "Connection": "keep-alive",
        "Content-Length": "497",
        "Content-MD5": "\u002BlcRE2yvZMmQKE0cAFrHKQ==",
        "Content-Type": "application/octet-stream",
        "If-None-Match": "*",
        "User-Agent": "azsdk-python-storage-blob/12.14.1 Python/3.7.9 (Windows-10-10.0.22621-SP0)",
        "x-ms-blob-type": "BlockBlob",
        "x-ms-date": "Wed, 18 Jan 2023 00:25:27 GMT",
        "x-ms-version": "2021-08-06"
      },
      "RequestBody": "aW1wb3J0IGFyZ3BhcnNlCgpmcm9tIHB5c3Bhcmsuc3FsIGltcG9ydCBTcGFya1Nlc3Npb24KCnNwYXJrID0gU3BhcmtTZXNzaW9uLmJ1aWxkZXIuZ2V0T3JDcmVhdGUoKQoKIyByZWFkIGNvbW1hbmQgbGluZSBhcmd1bWVudHMKcGFyc2VyID0gYXJncGFyc2UuQXJndW1lbnRQYXJzZXIoKQpwYXJzZXIuYWRkX2FyZ3VtZW50KCItLWlucHV0MSIpCnBhcnNlci5hZGRfYXJndW1lbnQoIi0tb3V0cHV0MiIpCnBhcnNlci5hZGRfYXJndW1lbnQoIi0tbXlfc2FtcGxlX3JhdGUiLCB0eXBlPWZsb2F0KQpwYXJzZXIuYWRkX2FyZ3VtZW50KCItLWlucHV0X29wdGlvbmFsIikKYXJncyA9IHBhcnNlci5wYXJzZV9hcmdzKCkKCgpkZiA9IHNwYXJrLnJlYWQudGV4dChhcmdzLmlucHV0MSkKCiMgc2FtcGxlIGRmIHdpdGggbXlfc2FtcGxlX3JhdGUKc2FtcGxlZF9kZiA9IGRmLnNhbXBsZShhcmdzLm15X3NhbXBsZV9yYXRlKQpzYW1wbGVkX2RmLndyaXRlLnRleHQoYXJncy5vdXRwdXQyKQo=",
      "StatusCode": 201,
      "ResponseHeaders": {
        "Content-Length": "0",
        "Content-MD5": "\u002BlcRE2yvZMmQKE0cAFrHKQ==",
        "Date": "Wed, 18 Jan 2023 00:25:27 GMT",
        "ETag": "\u00220x8DAF8EA7FEB86DA\u0022",
        "Last-Modified": "Wed, 18 Jan 2023 00:25:27 GMT",
        "Server": [
          "Windows-Azure-Blob/1.0",
          "Microsoft-HTTPAPI/2.0"
        ],
        "x-ms-content-crc64": "g3Y1eZQjivE=",
        "x-ms-request-server-encrypted": "true",
        "x-ms-version": "2021-08-06"
      },
      "ResponseBody": null
    },
    {
      "RequestUri": "https://sadnuammrwdeilc.blob.core.windows.net/c33afa53-c-a2a2475b-4021-5704-b85c-b2fcfc328bc3/basic_src/sampleword.py?comp=metadata\u0026skoid=ab3f5d04-98db-441d-97a8-f558ea82f4ef\u0026sktid=72f988bf-86f1-41af-91ab-2d7cd011db47\u0026skt=2023-01-17T23%3A58%3A03Z\u0026ske=2023-01-19T08%3A08%3A03Z\u0026sks=b\u0026skv=2019-07-07\u0026sv=2021-08-06\u0026st=2023-01-18T00%3A15%3A27Z\u0026se=2023-01-18T08%3A25%3A27Z\u0026sr=c\u0026sp=rcwl\u0026sig=jWiSPNZ8OuEKoWQ%2BPS8Fg2wf1SfubKFDdn43Cm0NgBg%3D",
      "RequestMethod": "PUT",
      "RequestHeaders": {
        "Accept": "application/xml",
        "Accept-Encoding": "gzip, deflate",
        "Connection": "keep-alive",
        "Content-Length": "0",
        "User-Agent": "azsdk-python-storage-blob/12.14.1 Python/3.7.9 (Windows-10-10.0.22621-SP0)",
        "x-ms-date": "Wed, 18 Jan 2023 00:25:28 GMT",
        "x-ms-meta-name": "000000000000000000000",
        "x-ms-meta-upload_status": "completed",
        "x-ms-meta-version": "1",
        "x-ms-version": "2021-08-06"
      },
      "RequestBody": null,
      "StatusCode": 200,
      "ResponseHeaders": {
        "Content-Length": "0",
        "Date": "Wed, 18 Jan 2023 00:25:27 GMT",
        "ETag": "\u00220x8DAF8EA8041897D\u0022",
        "Last-Modified": "Wed, 18 Jan 2023 00:25:28 GMT",
        "Server": [
          "Windows-Azure-Blob/1.0",
          "Microsoft-HTTPAPI/2.0"
        ],
        "x-ms-request-server-encrypted": "true",
        "x-ms-version": "2021-08-06"
      },
      "ResponseBody": null
    },
    {
      "RequestUri": "https://management.azure.com/subscriptions/00000000-0000-0000-0000-000000000/resourceGroups/00000/providers/Microsoft.MachineLearningServices/workspaces/00000/codes/000000000000000000000/versions/1?api-version=2022-05-01",
      "RequestMethod": "PUT",
      "RequestHeaders": {
        "Accept": "application/json",
        "Accept-Encoding": "gzip, deflate",
        "Connection": "keep-alive",
        "Content-Length": "250",
        "Content-Type": "application/json",
        "User-Agent": "azure-ai-ml/1.4.0 azsdk-python-mgmt-machinelearningservices/0.1.0 Python/3.7.9 (Windows-10-10.0.22621-SP0)"
      },
      "RequestBody": {
        "properties": {
          "properties": {
            "hash_sha256": "0000000000000",
            "hash_version": "0000000000000"
          },
          "isAnonymous": true,
          "isArchived": false,
          "codeUri": "https://sadnuammrwdeilc.blob.core.windows.net:443/c33afa53-c-a2a2475b-4021-5704-b85c-b2fcfc328bc3/basic_src"
        }
      },
      "StatusCode": 201,
      "ResponseHeaders": {
        "Cache-Control": "no-cache",
        "Content-Length": "763",
        "Content-Type": "application/json; charset=utf-8",
        "Date": "Wed, 18 Jan 2023 00:25:29 GMT",
        "Expires": "-1",
        "Location": "https://management.azure.com/subscriptions/00000000-0000-0000-0000-000000000/resourceGroups/00000/providers/Microsoft.MachineLearningServices/workspaces/00000/codes/000000000000000000000/versions/1?api-version=2022-05-01",
        "Pragma": "no-cache",
        "Request-Context": "appId=cid-v1:2d2e8e63-272e-4b3c-8598-4ee570a0e70d",
        "Server-Timing": "traceparent;desc=\u002200-7c7624fa1871a8dfca025bfe0b22049a-b32523e6b7b0809d-00\u0022",
        "Strict-Transport-Security": "max-age=31536000; includeSubDomains",
        "x-aml-cluster": "vienna-eastus2-02",
        "X-Content-Type-Options": "nosniff",
        "x-ms-correlation-request-id": "48c2673c-9e77-465f-adde-3b54d0c56f09",
        "x-ms-ratelimit-remaining-subscription-writes": "1193",
        "x-ms-response-type": "standard",
        "x-ms-routing-request-id": "WESTUS2:20230118T002530Z:48c2673c-9e77-465f-adde-3b54d0c56f09",
        "x-request-time": "0.568"
      },
      "ResponseBody": {
        "id": "/subscriptions/00000000-0000-0000-0000-000000000/resourceGroups/00000/providers/Microsoft.MachineLearningServices/workspaces/00000/codes/000000000000000000000/versions/1",
        "name": "1",
        "type": "Microsoft.MachineLearningServices/workspaces/codes/versions",
        "properties": {
          "description": null,
          "tags": {},
          "properties": {
            "hash_sha256": "0000000000000",
            "hash_version": "0000000000000"
          },
          "isArchived": false,
          "isAnonymous": false,
          "codeUri": "https://sadnuammrwdeilc.blob.core.windows.net:443/c33afa53-c-a2a2475b-4021-5704-b85c-b2fcfc328bc3/basic_src"
        },
        "systemData": {
          "createdAt": "2023-01-18T00:25:29.9915459\u002B00:00",
          "createdBy": "Diondra Peck",
          "createdByType": "User",
          "lastModifiedAt": "2023-01-18T00:25:29.9915459\u002B00:00",
          "lastModifiedBy": "Diondra Peck",
          "lastModifiedByType": "User"
        }
      }
    },
    {
      "RequestUri": "https://management.azure.com/subscriptions/00000000-0000-0000-0000-000000000/resourceGroups/00000/providers/Microsoft.MachineLearningServices/workspaces/00000/components/azureml_anonymous/versions/6090ace9-1cf5-4098-829b-4ae8c54f42f9?api-version=2022-10-01",
      "RequestMethod": "PUT",
      "RequestHeaders": {
        "Accept": "application/json",
        "Accept-Encoding": "gzip, deflate",
        "Connection": "keep-alive",
        "Content-Length": "1182",
        "Content-Type": "application/json",
        "User-Agent": "azure-ai-ml/1.4.0 azsdk-python-mgmt-machinelearningservices/0.1.0 Python/3.7.9 (Windows-10-10.0.22621-SP0)"
      },
      "RequestBody": {
        "properties": {
          "description": "Aml Spark sample test module",
          "properties": {},
          "tags": {},
          "isAnonymous": true,
          "isArchived": false,
          "componentSpec": {
            "code": "azureml:/subscriptions/00000000-0000-0000-0000-000000000/resourceGroups/00000/providers/Microsoft.MachineLearningServices/workspaces/00000/codes/000000000000000000000/versions/1",
            "entry": {
              "file": "sampleword.py"
            },
            "conf": {
              "spark.driver.cores": 1,
              "spark.driver.memory": "2g",
              "spark.executor.cores": 2,
              "spark.executor.memory": "2g",
              "spark.dynamicAllocation.enabled": true,
              "spark.dynamicAllocation.minExecutors": 1,
              "spark.dynamicAllocation.maxExecutors": 4
            },
            "args": "--input1 ${{inputs.input1}} --output2 ${{outputs.output1}} --my_sample_rate ${{inputs.sample_rate}}",
            "name": "azureml_anonymous",
            "description": "Aml Spark sample test module",
            "version": "1",
            "$schema": "http://azureml/sdk-2-0/SparkComponent.json",
            "display_name": "Aml Spark sample test module",
            "is_deterministic": true,
            "inputs": {
              "input1": {
                "type": "uri_file",
                "mode": "direct"
              },
              "sample_rate": {
                "type": "number",
                "default": "0.01"
              }
            },
            "outputs": {
              "output1": {
                "type": "uri_file",
                "mode": "direct"
              }
            },
            "type": "spark",
            "_source": "YAML.JOB"
          }
        }
      },
      "StatusCode": 201,
      "ResponseHeaders": {
        "Cache-Control": "no-cache",
        "Content-Length": "2126",
        "Content-Type": "application/json; charset=utf-8",
        "Date": "Wed, 18 Jan 2023 00:25:30 GMT",
        "Expires": "-1",
        "Location": "https://management.azure.com/subscriptions/00000000-0000-0000-0000-000000000/resourceGroups/00000/providers/Microsoft.MachineLearningServices/workspaces/00000/components/azureml_anonymous/versions/6090ace9-1cf5-4098-829b-4ae8c54f42f9?api-version=2022-10-01",
        "Pragma": "no-cache",
        "Request-Context": "appId=cid-v1:2d2e8e63-272e-4b3c-8598-4ee570a0e70d",
        "Server-Timing": "traceparent;desc=\u002200-164025f4f990ddb6111fe50317b6c7f9-25489c47bcd510b3-00\u0022",
        "Strict-Transport-Security": "max-age=31536000; includeSubDomains",
        "x-aml-cluster": "vienna-eastus2-02",
        "X-Content-Type-Options": "nosniff",
        "x-ms-correlation-request-id": "f8f62b00-367b-4da9-9539-152aa5e6c76b",
        "x-ms-ratelimit-remaining-subscription-writes": "1192",
        "x-ms-response-type": "standard",
        "x-ms-routing-request-id": "WESTUS2:20230118T002531Z:f8f62b00-367b-4da9-9539-152aa5e6c76b",
        "x-request-time": "0.270"
      },
      "ResponseBody": {
        "id": "/subscriptions/00000000-0000-0000-0000-000000000/resourceGroups/00000/providers/Microsoft.MachineLearningServices/workspaces/00000/components/azureml_anonymous/versions/32ad9d0c-883e-441c-8092-c8240284823a",
        "name": "32ad9d0c-883e-441c-8092-c8240284823a",
        "type": "Microsoft.MachineLearningServices/workspaces/components/versions",
        "properties": {
          "description": null,
          "tags": {},
          "properties": {},
          "isArchived": false,
          "isAnonymous": true,
          "componentSpec": {
            "name": "azureml_anonymous",
            "version": "32ad9d0c-883e-441c-8092-c8240284823a",
            "display_name": "Aml Spark sample test module",
            "is_deterministic": "True",
            "type": "spark",
            "description": "Aml Spark sample test module",
            "inputs": {
              "input1": {
                "type": "uri_file",
                "optional": "False"
              },
              "sample_rate": {
                "type": "number",
                "optional": "False",
                "default": "0.01"
              }
            },
            "outputs": {
              "output1": {
                "type": "uri_file"
              }
            },
            "code": "azureml:/subscriptions/00000000-0000-0000-0000-000000000/resourceGroups/00000/providers/Microsoft.MachineLearningServices/workspaces/00000/codes/000000000000000000000/versions/1",
            "args": "--input1 ${{inputs.input1}} --output2 ${{outputs.output1}} --my_sample_rate ${{inputs.sample_rate}}",
            "entry": {
              "file": "sampleword.py"
            },
            "conf": {
              "spark.driver.cores": "1",
              "spark.driver.memory": "2g",
              "spark.executor.cores": "2",
              "spark.executor.memory": "2g",
              "spark.dynamicAllocation.enabled": "true",
              "spark.dynamicAllocation.minExecutors": "1",
              "spark.dynamicAllocation.maxExecutors": "4"
            },
            "$schema": "http://azureml/sdk-2-0/SparkComponent.json"
          }
        },
        "systemData": {
          "createdAt": "2023-01-18T00:25:31.0413834\u002B00:00",
          "createdBy": "Diondra Peck",
          "createdByType": "User",
          "lastModifiedAt": "2023-01-18T00:25:31.0413834\u002B00:00",
          "lastModifiedBy": "Diondra Peck",
          "lastModifiedByType": "User"
        }
      }
    },
    {
      "RequestUri": "https://management.azure.com/subscriptions/00000000-0000-0000-0000-000000000/resourceGroups/00000/providers/Microsoft.MachineLearningServices/workspaces/00000/datastores/workspaceblobstore?api-version=2022-10-01",
      "RequestMethod": "GET",
      "RequestHeaders": {
        "Accept": "application/json",
        "Accept-Encoding": "gzip, deflate",
        "Connection": "keep-alive",
        "User-Agent": "azure-ai-ml/1.4.0 azsdk-python-mgmt-machinelearningservices/0.1.0 Python/3.7.9 (Windows-10-10.0.22621-SP0)"
      },
      "RequestBody": null,
      "StatusCode": 200,
      "ResponseHeaders": {
        "Cache-Control": "no-cache",
        "Content-Encoding": "gzip",
        "Content-Type": "application/json; charset=utf-8",
        "Date": "Wed, 18 Jan 2023 00:25:31 GMT",
        "Expires": "-1",
        "Pragma": "no-cache",
        "Request-Context": "appId=cid-v1:2d2e8e63-272e-4b3c-8598-4ee570a0e70d",
        "Server-Timing": "traceparent;desc=\u002200-4faaa1a545d5f4397103fecf41ce45b0-caa0c02b1ee1d1f2-00\u0022",
        "Strict-Transport-Security": "max-age=31536000; includeSubDomains",
        "Transfer-Encoding": "chunked",
        "Vary": [
          "Accept-Encoding",
          "Accept-Encoding"
        ],
        "x-aml-cluster": "vienna-eastus2-02",
        "X-Content-Type-Options": "nosniff",
        "x-ms-correlation-request-id": "a1ff37b4-cdb1-4cf6-a400-8605b8fc89e6",
        "x-ms-ratelimit-remaining-subscription-reads": "11996",
        "x-ms-response-type": "standard",
        "x-ms-routing-request-id": "WESTUS2:20230118T002532Z:a1ff37b4-cdb1-4cf6-a400-8605b8fc89e6",
        "x-request-time": "0.124"
      },
      "ResponseBody": {
        "id": "/subscriptions/00000000-0000-0000-0000-000000000/resourceGroups/00000/providers/Microsoft.MachineLearningServices/workspaces/00000/datastores/workspaceblobstore",
        "name": "workspaceblobstore",
        "type": "Microsoft.MachineLearningServices/workspaces/datastores",
        "properties": {
          "description": null,
          "tags": null,
          "properties": null,
          "isDefault": true,
          "credentials": {
            "credentialsType": "AccountKey"
          },
          "datastoreType": "AzureBlob",
          "accountName": "sadnuammrwdeilc",
          "containerName": "azureml-blobstore-c33afa53-cead-40f1-8d1d-ac5976604612",
          "endpoint": "core.windows.net",
          "protocol": "https",
          "serviceDataAccessAuthIdentity": "WorkspaceSystemAssignedIdentity"
        },
        "systemData": {
          "createdAt": "2023-01-17T23:08:21.8676998\u002B00:00",
          "createdBy": "779301c0-18b2-4cdc-801b-a0a3368fee0a",
          "createdByType": "Application",
          "lastModifiedAt": "2023-01-17T23:08:22.378308\u002B00:00",
          "lastModifiedBy": "779301c0-18b2-4cdc-801b-a0a3368fee0a",
          "lastModifiedByType": "Application"
        }
      }
    },
    {
      "RequestUri": "https://management.azure.com/subscriptions/00000000-0000-0000-0000-000000000/resourceGroups/00000/providers/Microsoft.MachineLearningServices/workspaces/00000/datastores/workspaceblobstore/listSecrets?api-version=2022-10-01",
      "RequestMethod": "POST",
      "RequestHeaders": {
        "Accept": "application/json",
        "Accept-Encoding": "gzip, deflate",
        "Connection": "keep-alive",
        "Content-Length": "0",
        "User-Agent": "azure-ai-ml/1.4.0 azsdk-python-mgmt-machinelearningservices/0.1.0 Python/3.7.9 (Windows-10-10.0.22621-SP0)"
      },
      "RequestBody": null,
      "StatusCode": 200,
      "ResponseHeaders": {
        "Cache-Control": "no-cache",
        "Content-Encoding": "gzip",
        "Content-Type": "application/json; charset=utf-8",
        "Date": "Wed, 18 Jan 2023 00:25:32 GMT",
        "Expires": "-1",
        "Pragma": "no-cache",
        "Request-Context": "appId=cid-v1:2d2e8e63-272e-4b3c-8598-4ee570a0e70d",
        "Server-Timing": "traceparent;desc=\u002200-15d2279b082d8c467716e72913f51260-5d6680c6b83be788-00\u0022",
        "Strict-Transport-Security": "max-age=31536000; includeSubDomains",
        "Transfer-Encoding": "chunked",
        "Vary": "Accept-Encoding",
        "x-aml-cluster": "vienna-eastus2-02",
        "X-Content-Type-Options": "nosniff",
        "x-ms-correlation-request-id": "37f12a07-f153-4f08-849c-dfb8a962f7ce",
        "x-ms-ratelimit-remaining-subscription-writes": "1198",
        "x-ms-response-type": "standard",
        "x-ms-routing-request-id": "WESTUS2:20230118T002532Z:37f12a07-f153-4f08-849c-dfb8a962f7ce",
        "x-request-time": "0.203"
      },
      "ResponseBody": {
        "secretsType": "AccountKey",
        "key": "dGhpcyBpcyBmYWtlIGtleQ=="
      }
    },
    {
      "RequestUri": "https://sadnuammrwdeilc.blob.core.windows.net/azureml-blobstore-c33afa53-cead-40f1-8d1d-ac5976604612/LocalUpload/00000000000000000000000000000000/shakespeare.txt",
      "RequestMethod": "HEAD",
      "RequestHeaders": {
        "Accept": "application/xml",
        "Accept-Encoding": "gzip, deflate",
        "Connection": "keep-alive",
        "User-Agent": "azsdk-python-storage-blob/12.14.1 Python/3.7.9 (Windows-10-10.0.22621-SP0)",
        "x-ms-date": "Wed, 18 Jan 2023 00:25:32 GMT",
        "x-ms-version": "2021-08-06"
      },
      "RequestBody": null,
      "StatusCode": 200,
      "ResponseHeaders": {
        "Accept-Ranges": "bytes",
        "Content-Length": "5447489",
        "Content-MD5": "Ihs7zXiRbN7nNAN5BxWrAw==",
        "Content-Type": "application/octet-stream",
        "Date": "Wed, 18 Jan 2023 00:25:32 GMT",
        "ETag": "\u00220x8DAF8EA797868E3\u0022",
        "Last-Modified": "Wed, 18 Jan 2023 00:25:17 GMT",
        "Server": [
          "Windows-Azure-Blob/1.0",
          "Microsoft-HTTPAPI/2.0"
        ],
        "Vary": "Origin",
        "x-ms-access-tier": "Hot",
        "x-ms-access-tier-inferred": "true",
        "x-ms-blob-type": "BlockBlob",
        "x-ms-creation-time": "Wed, 18 Jan 2023 00:25:16 GMT",
        "x-ms-lease-state": "available",
        "x-ms-lease-status": "unlocked",
        "x-ms-meta-name": "d64eb977-4d67-49fe-b39a-21ef2b4930f5",
        "x-ms-meta-upload_status": "completed",
        "x-ms-meta-version": "eba36972-5059-4f9b-a67b-1079967d6f1a",
        "x-ms-server-encrypted": "true",
        "x-ms-version": "2021-08-06"
      },
      "ResponseBody": null
    },
    {
      "RequestUri": "https://sadnuammrwdeilc.blob.core.windows.net/azureml-blobstore-c33afa53-cead-40f1-8d1d-ac5976604612/az-ml-artifacts/00000000000000000000000000000000/shakespeare.txt",
      "RequestMethod": "HEAD",
      "RequestHeaders": {
        "Accept": "application/xml",
        "Accept-Encoding": "gzip, deflate",
        "Connection": "keep-alive",
        "User-Agent": "azsdk-python-storage-blob/12.14.1 Python/3.7.9 (Windows-10-10.0.22621-SP0)",
        "x-ms-date": "Wed, 18 Jan 2023 00:25:33 GMT",
        "x-ms-version": "2021-08-06"
      },
      "RequestBody": null,
      "StatusCode": 404,
      "ResponseHeaders": {
        "Date": "Wed, 18 Jan 2023 00:25:32 GMT",
        "Server": [
          "Windows-Azure-Blob/1.0",
          "Microsoft-HTTPAPI/2.0"
        ],
        "Transfer-Encoding": "chunked",
        "Vary": "Origin",
        "x-ms-error-code": "BlobNotFound",
        "x-ms-version": "2021-08-06"
      },
      "ResponseBody": null
    },
    {
      "RequestUri": "https://management.azure.com/subscriptions/00000000-0000-0000-0000-000000000/resourceGroups/00000/providers/Microsoft.MachineLearningServices/workspaces/00000/jobs/test_367484804270?api-version=2022-10-01-preview",
      "RequestMethod": "PUT",
      "RequestHeaders": {
        "Accept": "application/json",
        "Accept-Encoding": "gzip, deflate",
        "Connection": "keep-alive",
        "Content-Length": "1752",
        "Content-Type": "application/json",
        "User-Agent": "azure-ai-ml/1.4.0 azsdk-python-mgmt-machinelearningservices/0.1.0 Python/3.7.9 (Windows-10-10.0.22621-SP0)"
      },
      "RequestBody": {
        "properties": {
          "description": "submit a basic spark hobo job in pipeline",
          "properties": {},
          "tags": {},
          "displayName": "test_367484804270",
          "experimentName": "azure-ai-ml",
          "isArchived": false,
          "jobType": "Pipeline",
          "inputs": {
            "input1": {
              "mode": "Direct",
              "uri": "azureml://datastores/workspaceblobstore/paths/LocalUpload/00000000000000000000000000000000/shakespeare.txt",
              "jobInputType": "uri_file"
            },
            "sample_rate": {
              "jobInputType": "literal",
              "value": "0.01"
            }
          },
          "jobs": {
            "spark_job": {
              "type": "spark",
              "resources": {
                "instance_type": "standard_e4s_v3",
                "runtime_version": "3.1.0"
              },
              "identity": {
                "identity_type": "UserIdentity"
              },
              "conf": {
                "spark.driver.cores": 1,
                "spark.driver.memory": "2g",
                "spark.executor.cores": 2,
                "spark.executor.memory": "2g",
                "spark.executor.instances": 1,
                "spark.dynamicAllocation.enabled": true,
                "spark.dynamicAllocation.minExecutors": 1,
                "spark.dynamicAllocation.maxExecutors": 4
              },
              "args": "--input1 ${{inputs.input1}} --output2 ${{outputs.output1}} --my_sample_rate ${{inputs.sample_rate}}",
              "name": "spark_job",
              "inputs": {
                "input1": {
                  "job_input_type": "literal",
                  "value": "${{parent.inputs.input1}}"
                },
                "sample_rate": {
                  "job_input_type": "literal",
                  "value": "${{parent.inputs.sample_rate}}"
                }
              },
              "outputs": {
                "output1": {
                  "value": "${{parent.outputs.output1}}",
                  "type": "literal"
                }
              },
              "_source": "YAML.JOB",
              "componentId": "/subscriptions/00000000-0000-0000-0000-000000000/resourceGroups/00000/providers/Microsoft.MachineLearningServices/workspaces/00000/components/azureml_anonymous/versions/32ad9d0c-883e-441c-8092-c8240284823a",
              "entry": {
                "spark_job_entry_type": "SparkJobPythonEntry",
                "file": "sampleword.py"
              }
            }
          },
          "outputs": {
            "output1": {
              "mode": "Direct",
              "jobOutputType": "uri_file"
            }
          },
          "settings": {
            "_source": "YAML.JOB"
          }
        }
      },
      "StatusCode": 201,
      "ResponseHeaders": {
        "Cache-Control": "no-cache",
        "Content-Length": "4171",
        "Content-Type": "application/json; charset=utf-8",
        "Date": "Wed, 18 Jan 2023 00:25:35 GMT",
        "Expires": "-1",
        "Location": "https://management.azure.com/subscriptions/00000000-0000-0000-0000-000000000/resourceGroups/00000/providers/Microsoft.MachineLearningServices/workspaces/00000/jobs/test_367484804270?api-version=2022-10-01-preview",
        "Pragma": "no-cache",
        "Request-Context": "appId=cid-v1:2d2e8e63-272e-4b3c-8598-4ee570a0e70d",
        "Server-Timing": "traceparent;desc=\u002200-7af55917a6ab8d4b9fef9beff6191532-077a6673b1281b14-00\u0022",
        "Strict-Transport-Security": "max-age=31536000; includeSubDomains",
        "x-aml-cluster": "vienna-eastus2-02",
        "X-Content-Type-Options": "nosniff",
        "x-ms-correlation-request-id": "b42e0ef5-06d6-4a96-9237-846cd56db5d5",
        "x-ms-ratelimit-remaining-subscription-writes": "1191",
        "x-ms-response-type": "standard",
        "x-ms-routing-request-id": "WESTUS2:20230118T002536Z:b42e0ef5-06d6-4a96-9237-846cd56db5d5",
        "x-request-time": "1.277"
      },
      "ResponseBody": {
        "id": "/subscriptions/00000000-0000-0000-0000-000000000/resourceGroups/00000/providers/Microsoft.MachineLearningServices/workspaces/00000/jobs/test_367484804270",
        "name": "test_367484804270",
        "type": "Microsoft.MachineLearningServices/workspaces/jobs",
        "properties": {
          "description": "submit a basic spark hobo job in pipeline",
          "tags": {},
          "properties": {
            "azureml.DevPlatv2": "true",
            "azureml.runsource": "azureml.PipelineRun",
            "runSource": "MFE",
            "runType": "HTTP",
            "azureml.parameters": "{\u0022sample_rate\u0022:\u00220.01\u0022}",
            "azureml.continue_on_step_failure": "False",
            "azureml.continue_on_failed_optional_input": "True",
            "azureml.defaultDataStoreName": "workspaceblobstore",
            "azureml.pipelineComponent": "pipelinerun"
          },
          "displayName": "test_367484804270",
          "status": "Preparing",
          "experimentName": "azure-ai-ml",
          "services": {
            "Tracking": {
              "jobServiceType": "Tracking",
              "port": null,
              "endpoint": "azureml://eastus2.api.azureml.ms/mlflow/v1.0/subscriptions/00000000-0000-0000-0000-000000000/resourceGroups/00000/providers/Microsoft.MachineLearningServices/workspaces/00000?",
              "status": null,
              "errorMessage": null,
              "properties": null,
              "nodes": null
            },
            "Studio": {
              "jobServiceType": "Studio",
              "port": null,
              "endpoint": "https://ml.azure.com/runs/test_367484804270?wsid=/subscriptions/00000000-0000-0000-0000-000000000/resourcegroups/00000/workspaces/00000",
              "status": null,
              "errorMessage": null,
              "properties": null,
              "nodes": null
            }
          },
          "computeId": null,
          "isArchived": false,
          "identity": null,
          "componentId": null,
          "jobType": "Pipeline",
          "settings": {
            "_source": "YAML.JOB"
          },
          "jobs": {
            "spark_job": {
              "type": "spark",
              "resources": {
                "instance_type": "standard_e4s_v3",
                "runtime_version": "3.1.0"
              },
              "identity": {
                "identity_type": "UserIdentity"
              },
              "conf": {
                "spark.driver.cores": 1,
                "spark.driver.memory": "2g",
                "spark.executor.cores": 2,
                "spark.executor.memory": "2g",
                "spark.executor.instances": 1,
                "spark.dynamicAllocation.enabled": true,
                "spark.dynamicAllocation.minExecutors": 1,
                "spark.dynamicAllocation.maxExecutors": 4
              },
              "args": "--input1 ${{inputs.input1}} --output2 ${{outputs.output1}} --my_sample_rate ${{inputs.sample_rate}}",
              "name": "spark_job",
              "inputs": {
                "input1": {
                  "job_input_type": "literal",
                  "value": "${{parent.inputs.input1}}"
                },
                "sample_rate": {
                  "job_input_type": "literal",
                  "value": "${{parent.inputs.sample_rate}}"
                }
              },
              "outputs": {
                "output1": {
                  "value": "${{parent.outputs.output1}}",
                  "type": "literal"
                }
              },
              "_source": "YAML.JOB",
              "componentId": "/subscriptions/00000000-0000-0000-0000-000000000/resourceGroups/00000/providers/Microsoft.MachineLearningServices/workspaces/00000/components/azureml_anonymous/versions/32ad9d0c-883e-441c-8092-c8240284823a",
              "entry": {
                "spark_job_entry_type": "SparkJobPythonEntry",
                "file": "sampleword.py"
              }
            }
          },
          "inputs": {
            "input1": {
              "description": null,
              "uri": "azureml://datastores/workspaceblobstore/paths/LocalUpload/00000000000000000000000000000000/shakespeare.txt",
              "mode": "Direct",
              "jobInputType": "uri_file"
            },
            "sample_rate": {
              "description": null,
              "jobInputType": "literal",
              "value": "0.01"
            }
          },
          "outputs": {
            "output1": {
              "description": null,
              "uri": null,
              "mode": "Direct",
              "jobOutputType": "uri_file"
            }
          },
          "sourceJobId": null
        },
        "systemData": {
          "createdAt": "2023-01-18T00:25:35.8558155\u002B00:00",
          "createdBy": "Diondra Peck",
          "createdByType": "User"
        }
      }
    }
  ],
  "Variables": {
    "name": "test_367484804270"
  }
}
