interactions:
- request:
    body: '{"resourceId": "/subscriptions/SUBSCRIPTION_ID/resourceGroups/yashika-rg/providers/Microsoft.LoadTestService/loadtests/loadtestsdk",
      "description": "", "displayName": "TestingResource", "loadTestConfig": {"engineSize":
      "m", "engineInstances": 1, "splitAllCSVs": false}, "secrets": {}, "environmentVariables":
      {}, "passFailCriteria": {"passFailMetrics": {}}, "keyvaultReferenceIdentityType":
      "SystemAssigned", "keyvaultReferenceIdentityId": null}'
    headers:
      Accept:
      - application/json
      Accept-Encoding:
      - gzip, deflate
      Connection:
      - keep-alive
      Content-Length:
      - '466'
      Content-Type:
      - application/merge-patch+json
      User-Agent:
      - azsdk-python-developer-loadtesting/1.0.0b1 Python/3.10.2 (Windows-10-10.0.22000-SP0)
    method: PATCH
    uri: https://myservice.azure.com/loadtests/some-unique-test-id?api-version=2022-06-01-preview
  response:
    body:
      string: '{"testId":"some-unique-test-id","description":"","displayName":"TestingResource","resourceId":"/subscriptions/SUBSCRIPTION_ID/resourcegroups/yashika-rg/providers/microsoft.loadtestservice/loadtests/loadtestsdk","loadTestConfig":{"engineInstances":1,"splitAllCSVs":false},"passFailCriteria":{"passFailMetrics":{}},"createdDateTime":"2022-08-01T11:43:59.118Z","createdBy":null,"lastModifiedDateTime":"2022-08-02T05:31:52.85Z","lastModifiedBy":"niveditjain@microsoft.com","inputArtifacts":{"configUrl":null,"testScriptUrl":{"url":"https://stcntproddataeus.blob.core.windows.net/7119bd1d-cd3f-40be-ab75-0fda8862f6d5/some-unique-file-id?sv=2020-04-08&se=2022-08-02T10%3A31%3A25Z&sr=b&sp=r&sig=N5ZIT2MuUutKG65wXa8le2CH75qZ00eq9I5hvLFI6is%3D","fileId":"some-unique-file-id","filename":"sample.jmx","fileType":0,"expireTime":"2022-08-02T09:41:25.5338947+00:00","validationStatus":"VALIDATION_INITIATED"},"userPropUrl":null,"inputArtifactsZipFileurl":null,"additionalUrls":[{"url":"https://stcntproddataeus.blob.core.windows.net/7119bd1d-cd3f-40be-ab75-0fda8862f6d5/unique-image-file-id?sv=2020-04-08&se=2022-08-02T10%3A31%3A25Z&sr=b&sp=r&sig=tGzJYR%2FJR7nsOAdosk8keM6aLeL%2FavcLVBYSk0ycKHw%3D","fileId":"unique-image-file-id","filename":"sample-image.jpg","fileType":2,"expireTime":"2022-08-02T09:41:25.5338947+00:00","validationStatus":""}]},"secrets":null,"environmentVariables":null,"subnetId":null,"keyvaultReferenceIdentityType":"SystemAssigned","keyvaultReferenceIdentityId":null}'
    headers:
      api-supported-versions:
      - 2021-07-01-preview, 2022-06-01-preview
      connection:
      - keep-alive
      content-length:
      - '1499'
      content-type:
      - application/json; charset=utf-8
      date:
      - Tue, 02 Aug 2022 09:31:25 GMT
      mise-correlation-id:
      - ea416a4c-9ba4-4cb6-a231-a953da266c41
      strict-transport-security:
      - max-age=15724800; includeSubDomains
      x-content-type-options:
      - nosniff
    status:
      code: 200
      message: OK
- request:
    body: "--0f45d903e6dbd69bbc04201761209a4d\r\nContent-Disposition: form-data; name=\"file\";
      filename=\"sample.jmx\"\r\nContent-Type: application/octet-stream\r\n\r\n<?xml
      version=\"1.0\" encoding=\"UTF-8\"?>\r\n<jmeterTestPlan version=\"1.2\" properties=\"5.0\"
      jmeter=\"5.4.3\">\r\n  <hashTree>\r\n    <TestPlan guiclass=\"TestPlanGui\"
      testclass=\"TestPlan\" testname=\"Test Plan\" enabled=\"true\">\r\n      <stringProp
      name=\"TestPlan.comments\"></stringProp>\r\n      <boolProp name=\"TestPlan.functional_mode\">false</boolProp>\r\n
      \     <boolProp name=\"TestPlan.tearDown_on_shutdown\">true</boolProp>\r\n      <boolProp
      name=\"TestPlan.serialize_threadgroups\">false</boolProp>\r\n      <elementProp
      name=\"TestPlan.user_defined_variables\" elementType=\"Arguments\" guiclass=\"ArgumentsPanel\"
      testclass=\"Arguments\" testname=\"User Defined Variables\" enabled=\"true\">\r\n
      \       <collectionProp name=\"Arguments.arguments\"/>\r\n      </elementProp>\r\n
      \     <stringProp name=\"TestPlan.user_define_classpath\"></stringProp>\r\n
      \   </TestPlan>\r\n    <hashTree>\r\n      <kg.apc.jmeter.threads.UltimateThreadGroup
      guiclass=\"kg.apc.jmeter.threads.UltimateThreadGroupGui\" testclass=\"kg.apc.jmeter.threads.UltimateThreadGroup\"
      testname=\"jp@gc - Ultimate Thread Group\" enabled=\"true\">\r\n        <collectionProp
      name=\"ultimatethreadgroupdata\">\r\n          <collectionProp name=\"-1108691518\">\r\n
      \           <stringProp name=\"1567\">10</stringProp>\r\n            <stringProp
      name=\"48\">0</stringProp>\r\n            <stringProp name=\"48873\">180</stringProp>\r\n
      \           <stringProp name=\"49710\">240</stringProp>\r\n            <stringProp
      name=\"10\">5</stringProp>\r\n          </collectionProp>\r\n        </collectionProp>\r\n
      \       <elementProp name=\"ThreadGroup.main_controller\" elementType=\"LoopController\"
      guiclass=\"LoopControlPanel\" testclass=\"LoopController\" testname=\"Loop Controller\"
      enabled=\"true\">\r\n          <boolProp name=\"LoopController.continue_forever\">false</boolProp>\r\n
      \         <intProp name=\"LoopController.loops\">-1</intProp>\r\n        </elementProp>\r\n
      \       <stringProp name=\"ThreadGroup.on_sample_error\">continue</stringProp>\r\n
      \     </kg.apc.jmeter.threads.UltimateThreadGroup>\r\n      <hashTree>\r\n        <HTTPSamplerProxy
      guiclass=\"HttpTestSampleGui\" testclass=\"HTTPSamplerProxy\" testname=\"GET\"
      enabled=\"true\">\r\n          <elementProp name=\"HTTPsampler.Arguments\" elementType=\"Arguments\"
      guiclass=\"HTTPArgumentsPanel\" testclass=\"Arguments\" testname=\"User Defined
      Variables\" enabled=\"true\">\r\n            <collectionProp name=\"Arguments.arguments\"/>\r\n
      \         </elementProp>\r\n          <stringProp name=\"HTTPSampler.domain\">app-service-sample-demo.azurewebsites.net</stringProp>\r\n
      \         <stringProp name=\"HTTPSampler.port\"></stringProp>\r\n          <stringProp
      name=\"HTTPSampler.protocol\">https</stringProp>\r\n          <stringProp name=\"HTTPSampler.contentEncoding\"></stringProp>\r\n
      \         <stringProp name=\"HTTPSampler.path\"></stringProp>\r\n          <stringProp
      name=\"HTTPSampler.method\">GET</stringProp>\r\n          <boolProp name=\"HTTPSampler.follow_redirects\">true</boolProp>\r\n
      \         <boolProp name=\"HTTPSampler.auto_redirects\">false</boolProp>\r\n
      \         <boolProp name=\"HTTPSampler.use_keepalive\">true</boolProp>\r\n          <boolProp
      name=\"HTTPSampler.DO_MULTIPART_POST\">false</boolProp>\r\n          <stringProp
      name=\"HTTPSampler.embedded_url_re\"></stringProp>\r\n          <stringProp
      name=\"HTTPSampler.implementation\">HttpClient4</stringProp>\r\n          <stringProp
      name=\"HTTPSampler.connect_timeout\">60000</stringProp>\r\n          <stringProp
      name=\"HTTPSampler.response_timeout\">60000</stringProp>\r\n        </HTTPSamplerProxy>\r\n
      \       <hashTree/>\r\n        <kg.apc.jmeter.timers.VariableThroughputTimer
      guiclass=\"kg.apc.jmeter.timers.VariableThroughputTimerGui\" testclass=\"kg.apc.jmeter.timers.VariableThroughputTimer\"
      testname=\"jp@gc - Throughput Shaping Timer\" enabled=\"true\">\r\n          <collectionProp
      name=\"load_profile\">\r\n            <collectionProp name=\"1543912173\">\r\n
      \             <stringProp name=\"1567\">10</stringProp>\r\n              <stringProp
      name=\"1691\">50</stringProp>\r\n              <stringProp name=\"48873\">180</stringProp>\r\n
      \           </collectionProp>\r\n            <collectionProp name=\"1582355627\">\r\n
      \             <stringProp name=\"1691\">50</stringProp>\r\n              <stringProp
      name=\"1691\">50</stringProp>\r\n              <stringProp name=\"49710\">240</stringProp>\r\n
      \           </collectionProp>\r\n          </collectionProp>\r\n        </kg.apc.jmeter.timers.VariableThroughputTimer>\r\n
      \       <hashTree/>\r\n        <ResultCollector guiclass=\"ViewResultsFullVisualizer\"
      testclass=\"ResultCollector\" testname=\"View Results Tree\" enabled=\"true\">\r\n
      \         <boolProp name=\"ResultCollector.error_logging\">false</boolProp>\r\n
      \         <objProp>\r\n            <name>saveConfig</name>\r\n            <value
      class=\"SampleSaveConfiguration\">\r\n              <time>true</time>\r\n              <latency>true</latency>\r\n
      \             <timestamp>true</timestamp>\r\n              <success>true</success>\r\n
      \             <label>true</label>\r\n              <code>true</code>\r\n              <message>true</message>\r\n
      \             <threadName>true</threadName>\r\n              <dataType>true</dataType>\r\n
      \             <encoding>false</encoding>\r\n              <assertions>true</assertions>\r\n
      \             <subresults>true</subresults>\r\n              <responseData>false</responseData>\r\n
      \             <samplerData>false</samplerData>\r\n              <xml>false</xml>\r\n
      \             <fieldNames>true</fieldNames>\r\n              <responseHeaders>false</responseHeaders>\r\n
      \             <requestHeaders>false</requestHeaders>\r\n              <responseDataOnError>false</responseDataOnError>\r\n
      \             <saveAssertionResultsFailureMessage>true</saveAssertionResultsFailureMessage>\r\n
      \             <assertionsResultsToSave>0</assertionsResultsToSave>\r\n              <bytes>true</bytes>\r\n
      \             <sentBytes>true</sentBytes>\r\n              <url>true</url>\r\n
      \             <threadCounts>true</threadCounts>\r\n              <idleTime>true</idleTime>\r\n
      \             <connectTime>true</connectTime>\r\n            </value>\r\n          </objProp>\r\n
      \         <stringProp name=\"filename\"></stringProp>\r\n        </ResultCollector>\r\n
      \       <hashTree/>\r\n        <ResultCollector guiclass=\"TableVisualizer\"
      testclass=\"ResultCollector\" testname=\"View Results in Table\" enabled=\"true\">\r\n
      \         <boolProp name=\"ResultCollector.error_logging\">false</boolProp>\r\n
      \         <objProp>\r\n            <name>saveConfig</name>\r\n            <value
      class=\"SampleSaveConfiguration\">\r\n              <time>true</time>\r\n              <latency>true</latency>\r\n
      \             <timestamp>true</timestamp>\r\n              <success>true</success>\r\n
      \             <label>true</label>\r\n              <code>true</code>\r\n              <message>true</message>\r\n
      \             <threadName>true</threadName>\r\n              <dataType>true</dataType>\r\n
      \             <encoding>false</encoding>\r\n              <assertions>true</assertions>\r\n
      \             <subresults>true</subresults>\r\n              <responseData>false</responseData>\r\n
      \             <samplerData>false</samplerData>\r\n              <xml>false</xml>\r\n
      \             <fieldNames>true</fieldNames>\r\n              <responseHeaders>false</responseHeaders>\r\n
      \             <requestHeaders>false</requestHeaders>\r\n              <responseDataOnError>false</responseDataOnError>\r\n
      \             <saveAssertionResultsFailureMessage>true</saveAssertionResultsFailureMessage>\r\n
      \             <assertionsResultsToSave>0</assertionsResultsToSave>\r\n              <bytes>true</bytes>\r\n
      \             <sentBytes>true</sentBytes>\r\n              <url>true</url>\r\n
      \             <threadCounts>true</threadCounts>\r\n              <idleTime>true</idleTime>\r\n
      \             <connectTime>true</connectTime>\r\n            </value>\r\n          </objProp>\r\n
      \         <stringProp name=\"filename\"></stringProp>\r\n        </ResultCollector>\r\n
      \       <hashTree/>\r\n        <ResultCollector guiclass=\"ViewResultsFullVisualizer\"
      testclass=\"ResultCollector\" testname=\"View Results Tree\" enabled=\"true\">\r\n
      \         <boolProp name=\"ResultCollector.error_logging\">false</boolProp>\r\n
      \         <objProp>\r\n            <name>saveConfig</name>\r\n            <value
      class=\"SampleSaveConfiguration\">\r\n              <time>true</time>\r\n              <latency>true</latency>\r\n
      \             <timestamp>true</timestamp>\r\n              <success>true</success>\r\n
      \             <label>true</label>\r\n              <code>true</code>\r\n              <message>true</message>\r\n
      \             <threadName>true</threadName>\r\n              <dataType>true</dataType>\r\n
      \             <encoding>false</encoding>\r\n              <assertions>true</assertions>\r\n
      \             <subresults>true</subresults>\r\n              <responseData>false</responseData>\r\n
      \             <samplerData>false</samplerData>\r\n              <xml>false</xml>\r\n
      \             <fieldNames>true</fieldNames>\r\n              <responseHeaders>false</responseHeaders>\r\n
      \             <requestHeaders>false</requestHeaders>\r\n              <responseDataOnError>false</responseDataOnError>\r\n
      \             <saveAssertionResultsFailureMessage>true</saveAssertionResultsFailureMessage>\r\n
      \             <assertionsResultsToSave>0</assertionsResultsToSave>\r\n              <bytes>true</bytes>\r\n
      \             <sentBytes>true</sentBytes>\r\n              <url>true</url>\r\n
      \             <threadCounts>true</threadCounts>\r\n              <idleTime>true</idleTime>\r\n
      \             <connectTime>true</connectTime>\r\n            </value>\r\n          </objProp>\r\n
      \         <stringProp name=\"filename\"></stringProp>\r\n        </ResultCollector>\r\n
      \       <hashTree/>\r\n      </hashTree>\r\n      <Arguments guiclass=\"ArgumentsPanel\"
      testclass=\"Arguments\" testname=\"User Defined Variables\" enabled=\"true\">\r\n
      \       <collectionProp name=\"Arguments.arguments\">\r\n          <elementProp
      name=\"udv_webapp\" elementType=\"Argument\">\r\n            <stringProp name=\"Argument.name\">udv_webapp</stringProp>\r\n
      \           <stringProp name=\"Argument.value\">${__BeanShell( System.getenv(&quot;webapp&quot;)
      )}</stringProp>\r\n            <stringProp name=\"Argument.desc\">Web App URL</stringProp>\r\n
      \           <stringProp name=\"Argument.metadata\">=</stringProp>\r\n          </elementProp>\r\n
      \       </collectionProp>\r\n      </Arguments>\r\n      <hashTree/>\r\n    </hashTree>\r\n
      \ </hashTree>\r\n</jmeterTestPlan>\r\n\r\n--0f45d903e6dbd69bbc04201761209a4d--\r\n"
    headers:
      Accept:
      - application/json
      Accept-Encoding:
      - gzip, deflate
      Connection:
      - keep-alive
      Content-Length:
      - '10320'
      Content-Type:
      - multipart/form-data; boundary=0f45d903e6dbd69bbc04201761209a4d
      User-Agent:
      - azsdk-python-developer-loadtesting/1.0.0b1 Python/3.10.2 (Windows-10-10.0.22000-SP0)
    method: PUT
    uri: https://myservice.azure.com/loadtests/some-unique-test-id/files/some-unique-file-id?api-version=2022-06-01-preview
  response:
    body:
      string: '{"url":"https://stcntproddataeus.blob.core.windows.net/7119bd1d-cd3f-40be-ab75-0fda8862f6d5/some-unique-file-id?sv=2020-04-08&se=2022-08-02T09%3A41%3A25Z&sr=b&sp=r&sig=CNQ3SWvFVaLxX%2B3KZRjahp17z4qRCezqJEKdtWe%2Fr0s%3D","fileId":"some-unique-file-id","filename":"sample.jmx","fileType":0,"expireTime":"2022-08-02T09:41:25.9274272","validationStatus":"VALIDATION_INITIATED"}'
    headers:
      api-supported-versions:
      - 2021-07-01-preview, 2022-06-01-preview
      connection:
      - keep-alive
      content-length:
      - '373'
      content-type:
      - application/json; charset=utf-8
      date:
      - Tue, 02 Aug 2022 09:31:25 GMT
      location:
      - https://myservice.azure.com/loadtests/some-unique-test-id/files/some-unique-file-id?resourceId=%2fsubscriptions%2fSUBSCRIPTION_ID%2fresourcegroups%2fyashika-rg%2fproviders%2fmicrosoft.loadtestservice%2floadtests%2floadtestsdk&api-version=2022-06-01-preview
      mise-correlation-id:
      - 0198edbd-ef31-4b83-89cd-41273daec685
      strict-transport-security:
      - max-age=15724800; includeSubDomains
      x-content-type-options:
      - nosniff
    status:
      code: 201
      message: Created
- request:
    body: '{"testId": "some-unique-test-id", "displayName": "TestingResource"}'
    headers:
      Accept:
      - application/json
      Accept-Encoding:
      - gzip, deflate
      Connection:
      - keep-alive
      Content-Length:
      - '67'
      Content-Type:
      - application/merge-patch+json
      User-Agent:
      - azsdk-python-developer-loadtesting/1.0.0b1 Python/3.10.2 (Windows-10-10.0.22000-SP0)
    method: PATCH
    uri: https://myservice.azure.com/testruns/some-unique-test-run-id?api-version=2022-06-01-preview
  response:
    body:
      string: '{"testRunId":"some-unique-test-run-id","displayName":"TestingResource","testId":"some-unique-test-id","resourceId":"/subscriptions/SUBSCRIPTION_ID/resourcegroups/yashika-rg/providers/microsoft.loadtestservice/loadtests/loadtestsdk","description":null,"status":"CANCELLED","startDateTime":"2022-08-02T07:40:53Z","endDateTime":"2022-08-02T07:41:02Z","loadTestConfig":{"engineInstances":1,"splitAllCSVs":false},"testResult":"NOT_APPLICABLE","passFailCriteria":{"passFailMetrics":{}},"testArtifacts":{"inputArtifacts":{"configUrl":{"url":"https://stcntproddataeus.blob.core.windows.net/7119bd1d-cd3f-40be-ab75-0fda8862f6d5/8849feb9-d723-4401-8c22-53570a4e0beb?sv=2020-04-08&se=2022-08-02T10%3A31%3A27Z&sr=b&sp=r&sig=qkY8Xowf50eYBkmISGWcWgyT33doyj74Kt1%2BlURyVdg%3D","fileId":"8849feb9-d723-4401-8c22-53570a4e0beb","filename":"config.yaml","fileType":2,"expireTime":"2022-08-02T09:41:27.4498609+00:00","validationStatus":""},"testScriptUrl":{"url":"https://stcntproddataeus.blob.core.windows.net/7119bd1d-cd3f-40be-ab75-0fda8862f6d5/some-unique-file-id?sv=2020-04-08&se=2022-08-02T10%3A31%3A27Z&sr=b&sp=r&sig=bBuEdgxFVCc%2Faym7wvrp9xHUaruYzdSP2c45WrKyB%2F4%3D","fileId":"some-unique-file-id","filename":"sample.jmx","fileType":0,"expireTime":"2022-08-02T09:41:27.4498609+00:00","validationStatus":"VALIDATION_INITIATED"},"userPropUrl":null,"inputArtifactsZipFileurl":{"url":"https://stcntproddataeus.blob.core.windows.net/7119bd1d-cd3f-40be-ab75-0fda8862f6d5/68e8cc5b-afb5-4e61-832a-27f962be81a9?sv=2020-04-08&se=2022-08-02T10%3A31%3A27Z&sr=b&sp=r&sig=plzCCAVk1I30rLpfSwR5kwxb1pV3uXQFxqr16kjbxHw%3D","fileId":"68e8cc5b-afb5-4e61-832a-27f962be81a9","filename":"inputartifacts.zip","fileType":2,"expireTime":"2022-08-02T09:41:27.4498609+00:00","validationStatus":""},"additionalUrls":[{"url":"https://stcntproddataeus.blob.core.windows.net/7119bd1d-cd3f-40be-ab75-0fda8862f6d5/unique-image-file-id?sv=2020-04-08&se=2022-08-02T10%3A31%3A27Z&sr=b&sp=r&sig=l8RbCQ2cJ7HkPiIVv9hpEqq3uANqZHM8tynEicUzJa8%3D","fileId":"unique-image-file-id","filename":"sample-image.jpg","fileType":2,"expireTime":"2022-08-02T09:41:27.4498609+00:00","validationStatus":""}]},"outputArtifacts":{"resultUrl":null,"logsUrl":{"url":"https://stcntproddataeus.blob.core.windows.net/7119bd1d-cd3f-40be-ab75-0fda8862f6d5/f03b041c-efbf-423c-b86f-5095cfa9d561_logs.zip?sv=2020-04-08&se=2022-08-02T10%3A31%3A27Z&sr=b&sp=r&sig=9TGo393TiWDLw8yTkjr8YpzFoAPm5fqhtc15fyee9Qc%3D","fileId":"76e73c92-02e5-4a3d-8819-4325bfbd9f34","filename":"logs.zip","fileType":2,"expireTime":"2022-08-02T09:41:27.4498609+00:00","validationStatus":""}}},"executedDateTime":"2022-08-02T07:40:00.411Z","vusers":1,"testRunStatistics":{"GET":{"transaction":"GET","sampleCount":101.0,"errorCount":0.0,"errorPct":0.0,"meanResTime":22.831683168316832,"medianResTime":20.0,"maxResTime":72.0,"minResTime":16.0,"pct1ResTime":34.0,"pct2ResTime":37.0,"pct3ResTime":53.0,"throughput":11.22,"receivedKBytesPerSec":0.0,"sentKBytesPerSec":0.0},"Total":{"transaction":"Total","sampleCount":101.0,"errorCount":0.0,"errorPct":0.0,"meanResTime":22.831683168316832,"medianResTime":20.0,"maxResTime":72.0,"minResTime":16.0,"pct1ResTime":34.0,"pct2ResTime":37.0,"pct3ResTime":53.0,"throughput":11.22,"receivedKBytesPerSec":0.0,"sentKBytesPerSec":0.0}},"createdDateTime":"2022-08-02T07:40:01.213Z","createdBy":null,"lastModifiedDateTime":"2022-08-02T07:40:01.213Z","lastModifiedBy":null,"portalUrl":"https://portal.azure.com/#blade/Microsoft_Azure_CloudNativeTesting/NewReport//resourceId/%2fsubscriptions%2fSUBSCRIPTION_ID%2fresourcegroups%2fyashika-rg%2fproviders%2fmicrosoft.loadtestservice%2floadtests%2floadtestsdk/testId/some-unique-test-id/testRunId/some-unique-test-run-id","secrets":null,"environmentVariables":null,"duration":9000,"subnetId":null,"errorDetails":null}'
    headers:
      api-supported-versions:
      - 2021-07-01-preview, 2022-06-01-preview
      connection:
      - keep-alive
      content-length:
      - '3830'
      content-type:
      - application/json; charset=utf-8
      date:
      - Tue, 02 Aug 2022 09:31:27 GMT
      mise-correlation-id:
      - 9b5a975f-08f8-41bf-9278-07a494caa147
      strict-transport-security:
      - max-age=15724800; includeSubDomains
      x-content-type-options:
      - nosniff
    status:
      code: 200
      message: OK
- request:
    body: null
    headers:
      Accept:
      - application/json
      Accept-Encoding:
      - gzip, deflate
      Connection:
      - keep-alive
      User-Agent:
      - azsdk-python-developer-loadtesting/1.0.0b1 Python/3.10.2 (Windows-10-10.0.22000-SP0)
    method: GET
    uri: https://myservice.azure.com/testruns/some-unique-test-run-id/clientMetricsFilters?api-version=2022-06-01-preview
  response:
    body:
      string: '{"testRunId":"some-unique-test-run-id","filters":{"requestSamplerValues":["GET"],"errorFiltersValues":[]},"timeRange":{"startTime":"2022-08-02T07:40:53Z","endTime":"2022-08-02T07:41:02Z"}}'
    headers:
      api-supported-versions:
      - 2021-07-01-preview, 2022-06-01-preview
      connection:
      - keep-alive
      content-length:
      - '188'
      content-type:
      - application/json; charset=utf-8
      date:
      - Tue, 02 Aug 2022 09:31:28 GMT
      mise-correlation-id:
      - 239decc4-1c88-4e51-8dcb-074b51cfe6c7
      strict-transport-security:
      - max-age=15724800; includeSubDomains
      x-content-type-options:
      - nosniff
    status:
      code: 200
      message: OK
- request:
    body: '{"requestSamplers": ["GET"], "startTime": "2022-08-02T07:40:53Z", "endTime":
      "2022-08-02T07:41:02Z"}'
    headers:
      Accept:
      - application/json
      Accept-Encoding:
      - gzip, deflate
      Connection:
      - keep-alive
      Content-Length:
      - '100'
      Content-Type:
      - application/json
      User-Agent:
      - azsdk-python-developer-loadtesting/1.0.0b1 Python/3.10.2 (Windows-10-10.0.22000-SP0)
    method: POST
    uri: https://myservice.azure.com/testruns/some-unique-test-run-id/clientMetrics?api-version=2022-06-01-preview
  response:
    body:
      string: '{"testRunId":"some-unique-test-run-id","timeSeries":{"activeUsers":{"GET":[{"timestamp":"2022-08-02T07:40:00Z","value":1.0},{"timestamp":"2022-08-02T07:41:00Z","value":1.0}]},"responseTime":{"GET
        Pct 90":[{"timestamp":"2022-08-02T07:40:00Z","value":36.0},{"timestamp":"2022-08-02T07:41:00Z","value":21.0}]},"throughput":{"GET":[{"timestamp":"2022-08-02T07:40:00Z","value":1.1333333333333333},{"timestamp":"2022-08-02T07:41:00Z","value":0.36666666666666664}]},"errors":{}}}'
    headers:
      api-supported-versions:
      - 2021-07-01-preview, 2022-06-01-preview
      connection:
      - keep-alive
      content-length:
      - '472'
      content-type:
      - application/json; charset=utf-8
      date:
      - Tue, 02 Aug 2022 09:31:29 GMT
      mise-correlation-id:
      - 8885c651-73ad-4b17-806e-dd25305a961c
      strict-transport-security:
      - max-age=15724800; includeSubDomains
      x-content-type-options:
      - nosniff
    status:
      code: 200
      message: OK
- request:
    body: null
    headers:
      Accept:
      - application/json
      Accept-Encoding:
      - gzip, deflate
      Connection:
      - keep-alive
      User-Agent:
      - azsdk-python-developer-loadtesting/1.0.0b1 Python/3.10.2 (Windows-10-10.0.22000-SP0)
    method: GET
    uri: https://myservice.azure.com/testruns/some-non-existing-test-run-id/clientMetricsFilters?api-version=2022-06-01-preview
  response:
    body:
      string: '{"error":{"code":"TestRunNotFound","message":"Test run not found with
        given identifier \"some-non-existing-test-run-id\".","target":null,"details":null}}'
    headers:
      api-supported-versions:
      - 2021-07-01-preview, 2022-06-01-preview
      connection:
      - keep-alive
      content-length:
      - '153'
      content-type:
      - application/json; charset=utf-8
      date:
      - Tue, 02 Aug 2022 09:31:29 GMT
      mise-correlation-id:
      - 0451e74b-891e-4127-aeb4-273a063374d6
      strict-transport-security:
      - max-age=15724800; includeSubDomains
      x-content-type-options:
      - nosniff
    status:
      code: 404
      message: Not Found
- request:
    body: '{"requestSamplers": ["GET"], "startTime": "2022-08-02T07:40:53Z", "endTime":
      "2022-08-02T07:41:02Z"}'
    headers:
      Accept:
      - application/json
      Accept-Encoding:
      - gzip, deflate
      Connection:
      - keep-alive
      Content-Length:
      - '100'
      Content-Type:
      - application/json
      User-Agent:
      - azsdk-python-developer-loadtesting/1.0.0b1 Python/3.10.2 (Windows-10-10.0.22000-SP0)
    method: POST
    uri: https://myservice.azure.com/testruns/some-non-existing-test-run-id/clientMetrics?api-version=2022-06-01-preview
  response:
    body:
      string: '{"error":{"code":"TestRunNotFound","message":"Test run not found with
        given identifier \"some-non-existing-test-run-id\".","target":null,"details":null}}'
    headers:
      api-supported-versions:
      - 2021-07-01-preview, 2022-06-01-preview
      connection:
      - keep-alive
      content-length:
      - '153'
      content-type:
      - application/json; charset=utf-8
      date:
      - Tue, 02 Aug 2022 09:31:29 GMT
      mise-correlation-id:
      - 2e194475-e6d0-4ff1-b7c7-13064bc712e0
      strict-transport-security:
      - max-age=15724800; includeSubDomains
      x-content-type-options:
      - nosniff
    status:
      code: 404
      message: Not Found
version: 1
