interactions:
- request:
    body: !!python/unicode '{"location": "eastus2"}'
    headers:
      Accept: [application/json]
      Accept-Encoding: ['gzip, deflate']
      Connection: [keep-alive]
      Content-Length: ['23']
      Content-Type: [application/json; charset=utf-8]
      User-Agent: [python/2.7.10 (Darwin-16.7.0-x86_64-i386-64bit) msrest/0.6.3 msrest_azure/0.4.34
          azure-mgmt-netapp/0.4.0 Azure-SDK-For-Python]
      accept-language: [en-US]
    method: PUT
    uri: https://management.azure.com/subscriptions/00000000-0000-0000-0000-000000000000/resourceGroups/sdk-net-tests-rg-eus2/providers/Microsoft.NetApp/netAppAccounts/sdk-py-tests-acc-1?api-version=2019-05-01
  response:
    body: {string: !!python/unicode '{"id":"/subscriptions/00000000-0000-0000-0000-000000000000/resourceGroups/sdk-net-tests-rg-eus2/providers/Microsoft.NetApp/netAppAccounts/sdk-py-tests-acc-1","name":"sdk-py-tests-acc-1","type":"Microsoft.NetApp/netAppAccounts","etag":"W/\"datetime''2019-05-07T16%3A53%3A14.3274327Z''\"","location":"eastus2","properties":{"provisioningState":"Succeeded","name":"sdk-py-tests-acc-1"}}'}
    headers:
      access-control-expose-headers: [Request-Context]
      azure-asyncoperation: ['https://management.azure.com/subscriptions/00000000-0000-0000-0000-000000000000/providers/Microsoft.NetApp/locations/eastus2/operationResults/7d265fa6-94a2-4734-89ac-835ea06312e9?api-version=2019-05-01']
      cache-control: [no-cache]
      content-length: ['381']
      content-type: [application/json; charset=utf-8]
      date: ['Tue, 07 May 2019 16:53:13 GMT']
      etag: [W/"datetime'2019-05-07T16%3A53%3A14.3274327Z'"]
      expires: ['-1']
      pragma: [no-cache]
      request-context: ['appId=cid-v1:2c4cb680-0a1f-424d-bb8d-8e650ba68d53']
      server: [Microsoft-IIS/10.0]
      strict-transport-security: [max-age=31536000; includeSubDomains]
      x-content-type-options: [nosniff]
      x-ms-ratelimit-remaining-subscription-writes: ['1199']
      x-powered-by: [ASP.NET]
    status: {code: 201, message: Created}
- request:
    body: null
    headers:
      Accept: [application/json]
      Accept-Encoding: ['gzip, deflate']
      Connection: [keep-alive]
      User-Agent: [python/2.7.10 (Darwin-16.7.0-x86_64-i386-64bit) msrest/0.6.3 msrest_azure/0.4.34
          azure-mgmt-netapp/0.4.0 Azure-SDK-For-Python]
    method: GET
    uri: https://management.azure.com/subscriptions/00000000-0000-0000-0000-000000000000/providers/Microsoft.NetApp/locations/eastus2/operationResults/7d265fa6-94a2-4734-89ac-835ea06312e9?api-version=2019-05-01
  response:
    body: {string: !!python/unicode '{"id":"/subscriptions/00000000-0000-0000-0000-000000000000/providers/Microsoft.NetApp/locations/eastus2/operationResults/7d265fa6-94a2-4734-89ac-835ea06312e9","name":"7d265fa6-94a2-4734-89ac-835ea06312e9","status":"Succeeded","startTime":"2019-05-07T16:53:14.1824133Z","endTime":"2019-05-07T16:53:14.3855404Z","percentComplete":100.0,"properties":{"resourceName":"/subscriptions/00000000-0000-0000-0000-000000000000/resourceGroups/sdk-net-tests-rg-eus2/providers/Microsoft.NetApp/netAppAccounts/sdk-py-tests-acc-1"}}'}
    headers:
      access-control-expose-headers: [Request-Context]
      cache-control: [no-cache]
      content-length: ['516']
      content-type: [application/json; charset=utf-8]
      date: ['Tue, 07 May 2019 16:53:45 GMT']
      expires: ['-1']
      pragma: [no-cache]
      request-context: ['appId=cid-v1:2c4cb680-0a1f-424d-bb8d-8e650ba68d53']
      server: [Microsoft-IIS/10.0]
      strict-transport-security: [max-age=31536000; includeSubDomains]
      transfer-encoding: [chunked]
      vary: [Accept-Encoding]
      x-content-type-options: [nosniff]
      x-powered-by: [ASP.NET]
    status: {code: 200, message: OK}
- request:
    body: null
    headers:
      Accept: [application/json]
      Accept-Encoding: ['gzip, deflate']
      Connection: [keep-alive]
      User-Agent: [python/2.7.10 (Darwin-16.7.0-x86_64-i386-64bit) msrest/0.6.3 msrest_azure/0.4.34
          azure-mgmt-netapp/0.4.0 Azure-SDK-For-Python]
    method: GET
    uri: https://management.azure.com/subscriptions/00000000-0000-0000-0000-000000000000/resourceGroups/sdk-net-tests-rg-eus2/providers/Microsoft.NetApp/netAppAccounts/sdk-py-tests-acc-1?api-version=2019-05-01
  response:
    body: {string: !!python/unicode '{"id":"/subscriptions/00000000-0000-0000-0000-000000000000/resourceGroups/sdk-net-tests-rg-eus2/providers/Microsoft.NetApp/netAppAccounts/sdk-py-tests-acc-1","name":"sdk-py-tests-acc-1","type":"Microsoft.NetApp/netAppAccounts","etag":"W/\"datetime''2019-05-07T16%3A53%3A14.5175659Z''\"","location":"eastus2","properties":{"provisioningState":"Succeeded","name":"sdk-py-tests-acc-1"}}'}
    headers:
      access-control-expose-headers: [Request-Context]
      cache-control: [no-cache]
      content-length: ['381']
      content-type: [application/json; charset=utf-8]
      date: ['Tue, 07 May 2019 16:53:45 GMT']
      etag: [W/"datetime'2019-05-07T16%3A53%3A14.5175659Z'"]
      expires: ['-1']
      pragma: [no-cache]
      request-context: ['appId=cid-v1:2c4cb680-0a1f-424d-bb8d-8e650ba68d53']
      server: [Microsoft-IIS/10.0]
      strict-transport-security: [max-age=31536000; includeSubDomains]
      transfer-encoding: [chunked]
      vary: [Accept-Encoding]
      x-content-type-options: [nosniff]
      x-powered-by: [ASP.NET]
    status: {code: 200, message: OK}
- request:
    body: null
    headers:
      Accept: [application/json]
      Accept-Encoding: ['gzip, deflate']
      Connection: [keep-alive]
      User-Agent: [python/2.7.10 (Darwin-16.7.0-x86_64-i386-64bit) msrest/0.6.3 msrest_azure/0.4.34
          azure-mgmt-netapp/0.4.0 Azure-SDK-For-Python]
      accept-language: [en-US]
    method: GET
    uri: https://management.azure.com/subscriptions/00000000-0000-0000-0000-000000000000/resourceGroups/sdk-net-tests-rg-eus2/providers/Microsoft.NetApp/netAppAccounts/sdk-py-tests-acc-1?api-version=2019-05-01
  response:
    body: {string: !!python/unicode '{"id":"/subscriptions/00000000-0000-0000-0000-000000000000/resourceGroups/sdk-net-tests-rg-eus2/providers/Microsoft.NetApp/netAppAccounts/sdk-py-tests-acc-1","name":"sdk-py-tests-acc-1","type":"Microsoft.NetApp/netAppAccounts","etag":"W/\"datetime''2019-05-07T16%3A53%3A14.5175659Z''\"","location":"eastus2","properties":{"provisioningState":"Succeeded","name":"sdk-py-tests-acc-1"}}'}
    headers:
      access-control-expose-headers: [Request-Context]
      cache-control: [no-cache]
      content-length: ['381']
      content-type: [application/json; charset=utf-8]
      date: ['Tue, 07 May 2019 16:53:46 GMT']
      etag: [W/"datetime'2019-05-07T16%3A53%3A14.5175659Z'"]
      expires: ['-1']
      pragma: [no-cache]
      request-context: ['appId=cid-v1:2c4cb680-0a1f-424d-bb8d-8e650ba68d53']
      server: [Microsoft-IIS/10.0]
      strict-transport-security: [max-age=31536000; includeSubDomains]
      transfer-encoding: [chunked]
      vary: [Accept-Encoding]
      x-content-type-options: [nosniff]
      x-powered-by: [ASP.NET]
    status: {code: 200, message: OK}
- request:
    body: null
    headers:
      Accept: [application/json]
      Accept-Encoding: ['gzip, deflate']
      Connection: [keep-alive]
      Content-Length: ['0']
      User-Agent: [python/2.7.10 (Darwin-16.7.0-x86_64-i386-64bit) msrest/0.6.3 msrest_azure/0.4.34
          azure-mgmt-netapp/0.4.0 Azure-SDK-For-Python]
      accept-language: [en-US]
    method: DELETE
    uri: https://management.azure.com/subscriptions/00000000-0000-0000-0000-000000000000/resourceGroups/sdk-net-tests-rg-eus2/providers/Microsoft.NetApp/netAppAccounts/sdk-py-tests-acc-1?api-version=2019-05-01
  response:
    body: {string: !!python/unicode ''}
    headers:
      access-control-expose-headers: [Request-Context]
      azure-asyncoperation: ['https://management.azure.com/subscriptions/00000000-0000-0000-0000-000000000000/providers/Microsoft.NetApp/locations/eastus2/operationResults/e814673d-265d-43be-a40a-d310904add5a?api-version=2019-05-01']
      cache-control: [no-cache]
      content-length: ['0']
      date: ['Tue, 07 May 2019 16:53:48 GMT']
      expires: ['-1']
      location: ['https://management.azure.com/subscriptions/00000000-0000-0000-0000-000000000000/providers/Microsoft.NetApp/locations/eastus2/operationResults/e814673d-265d-43be-a40a-d310904add5a?api-version=2019-05-01&operationResultResponseType=Location']
      pragma: [no-cache]
      request-context: ['appId=cid-v1:2c4cb680-0a1f-424d-bb8d-8e650ba68d53']
      server: [Microsoft-IIS/10.0]
      strict-transport-security: [max-age=31536000; includeSubDomains]
      x-content-type-options: [nosniff]
      x-ms-ratelimit-remaining-subscription-deletes: ['14999']
      x-powered-by: [ASP.NET]
    status: {code: 202, message: Accepted}
- request:
    body: null
    headers:
      Accept: [application/json]
      Accept-Encoding: ['gzip, deflate']
      Connection: [keep-alive]
      User-Agent: [python/2.7.10 (Darwin-16.7.0-x86_64-i386-64bit) msrest/0.6.3 msrest_azure/0.4.34
          azure-mgmt-netapp/0.4.0 Azure-SDK-For-Python]
    method: GET
    uri: https://management.azure.com/subscriptions/00000000-0000-0000-0000-000000000000/providers/Microsoft.NetApp/locations/eastus2/operationResults/e814673d-265d-43be-a40a-d310904add5a?api-version=2019-05-01
  response:
    body: {string: !!python/unicode '{"id":"/subscriptions/00000000-0000-0000-0000-000000000000/providers/Microsoft.NetApp/locations/eastus2/operationResults/e814673d-265d-43be-a40a-d310904add5a","name":"e814673d-265d-43be-a40a-d310904add5a","status":"Succeeded","startTime":"2019-05-07T16:53:48.3238198Z","endTime":"2019-05-07T16:53:48.4800748Z","percentComplete":100.0,"properties":{"resourceName":"/subscriptions/00000000-0000-0000-0000-000000000000/resourceGroups/sdk-net-tests-rg-eus2/providers/Microsoft.NetApp/netAppAccounts/sdk-py-tests-acc-1"}}'}
    headers:
      access-control-expose-headers: [Request-Context]
      cache-control: [no-cache]
      content-length: ['516']
      content-type: [application/json; charset=utf-8]
      date: ['Tue, 07 May 2019 16:54:19 GMT']
      expires: ['-1']
      pragma: [no-cache]
      request-context: ['appId=cid-v1:2c4cb680-0a1f-424d-bb8d-8e650ba68d53']
      server: [Microsoft-IIS/10.0]
      strict-transport-security: [max-age=31536000; includeSubDomains]
      transfer-encoding: [chunked]
      vary: [Accept-Encoding]
      x-content-type-options: [nosniff]
      x-powered-by: [ASP.NET]
    status: {code: 200, message: OK}
- request:
    body: null
    headers:
      Accept: [application/json]
      Accept-Encoding: ['gzip, deflate']
      Connection: [keep-alive]
      User-Agent: [python/2.7.10 (Darwin-16.7.0-x86_64-i386-64bit) msrest/0.6.3 msrest_azure/0.4.34
          azure-mgmt-netapp/0.4.0 Azure-SDK-For-Python]
      accept-language: [en-US]
    method: GET
    uri: https://management.azure.com/subscriptions/00000000-0000-0000-0000-000000000000/resourceGroups/sdk-net-tests-rg-eus2/providers/Microsoft.NetApp/netAppAccounts/sdk-py-tests-acc-1?api-version=2019-05-01
  response:
    body: {string: !!python/unicode '{"error":{"code":"ResourceNotFound","message":"The
        Resource ''Microsoft.NetApp/netAppAccounts/sdk-py-tests-acc-1'' under resource
        group ''sdk-net-tests-rg-eus2'' was not found."}}'}
    headers:
      cache-control: [no-cache]
      content-length: ['175']
      content-type: [application/json; charset=utf-8]
      date: ['Tue, 07 May 2019 16:54:21 GMT']
      expires: ['-1']
      pragma: [no-cache]
      strict-transport-security: [max-age=31536000; includeSubDomains]
      x-content-type-options: [nosniff]
      x-ms-failure-cause: [gateway]
    status: {code: 404, message: Not Found}
version: 1
