interactions:
- request:
    body: '{"dataSourceType": "SqlServer", "dataFeedName": "wholeseriesvfmzgvsbszgnt",
      "granularityName": "Daily", "metrics": [{"metricName": "cost"}, {"metricName":
      "revenue"}], "dimension": [{"dimensionName": "category"}, {"dimensionName":
      "city"}], "dataStartFrom": "2019-10-01T00:00:00.000Z", "startOffsetInSeconds":
      0, "maxConcurrency": -1, "minRetryIntervalInSeconds": -1, "stopRetryAfterInSeconds":
      -1, "dataSourceParameter": {"connectionString": "connectionstring", "query":
      "select\u202f*\u202ffrom\u202fadsample2\u202fwhere\u202fTimestamp\u202f=\u202f@StartTime"}}'
    headers:
      Accept:
      - application/json
      Content-Length:
      - '779'
      Content-Type:
      - application/json
      User-Agent:
      - azsdk-python-ai-metricsadvisor/1.0.0b3 Python/3.8.6 (Windows-10-10.0.19041-SP0)
    method: POST
    uri: https://js-metrics-advisor.cognitiveservices.azure.com/metricsadvisor/v1.0/dataFeeds
  response:
    body:
      string: ''
    headers:
      apim-request-id: bacc7773-9cf2-48d3-b4cc-478d4a546a46
      content-length: '0'
      date: Fri, 22 Jan 2021 01:04:15 GMT
      location: https://js-metrics-advisor.cognitiveservices.azure.com/metricsadvisor/v1.0/dataFeeds/cd7a184b-c753-44a6-bff9-b5f9a1270083
      strict-transport-security: max-age=31536000; includeSubDomains; preload
      x-content-type-options: nosniff
      x-envoy-upstream-service-time: '1758'
      x-request-id: bacc7773-9cf2-48d3-b4cc-478d4a546a46
    status:
      code: 201
      message: Created
    url: https://js-metrics-advisor.cognitiveservices.azure.com//metricsadvisor/v1.0/dataFeeds
- request:
    body: null
    headers:
      Accept:
      - application/json
      User-Agent:
      - azsdk-python-ai-metricsadvisor/1.0.0b3 Python/3.8.6 (Windows-10-10.0.19041-SP0)
    method: GET
    uri: https://js-metrics-advisor.cognitiveservices.azure.com/metricsadvisor/v1.0/dataFeeds/cd7a184b-c753-44a6-bff9-b5f9a1270083
  response:
    body:
      string: "{\"dataFeedId\":\"cd7a184b-c753-44a6-bff9-b5f9a1270083\",\"dataFeedName\":\"wholeseriesvfmzgvsbszgnt\",\"metrics\":[{\"metricId\":\"dd459ff8-fc0e-46e7-873d-67fa5c82f52d\",\"metricName\":\"cost\",\"metricDisplayName\":\"cost\",\"metricDescription\":\"\"},{\"metricId\":\"9d0ffbcd-d5f9-4594-9f9e-b1d6c88e857e\",\"metricName\":\"revenue\",\"metricDisplayName\":\"revenue\",\"metricDescription\":\"\"}],\"dimension\":[{\"dimensionName\":\"category\",\"dimensionDisplayName\":\"category\"},{\"dimensionName\":\"city\",\"dimensionDisplayName\":\"city\"}],\"dataStartFrom\":\"2019-10-01T00:00:00Z\",\"dataSourceType\":\"SqlServer\",\"timestampColumn\":\"\",\"startOffsetInSeconds\":0,\"maxQueryPerMinute\":30.0,\"granularityName\":\"Daily\",\"granularityAmount\":null,\"allUpIdentification\":null,\"needRollup\":\"NoRollup\",\"fillMissingPointType\":\"PreviousValue\",\"fillMissingPointValue\":0.0,\"rollUpMethod\":\"None\",\"rollUpColumns\":[],\"dataFeedDescription\":\"\",\"stopRetryAfterInSeconds\":-1,\"minRetryIntervalInSeconds\":-1,\"maxConcurrency\":-1,\"viewMode\":\"Private\",\"admins\":[\"f850650c-1fcf-4489-b46f-71af2e30d360\"],\"viewers\":[],\"creator\":\"f850650c-1fcf-4489-b46f-71af2e30d360\",\"status\":\"Active\",\"createdTime\":\"2021-01-22T01:04:15Z\",\"isAdmin\":true,\"actionLinkTemplate\":\"\",\"dataSourceParameter\":{\"connectionString\":\"connectionstring\",\"query\":\"select\u202F*\u202Ffrom\u202Fadsample2\u202Fwhere\u202FTimestamp\u202F=\u202F@StartTime\"}}"
    headers:
      apim-request-id: 3b1660ab-8053-41cc-ba19-902030ca5f3e
      content-length: '1525'
      content-type: application/json; charset=utf-8
      date: Fri, 22 Jan 2021 01:04:15 GMT
      strict-transport-security: max-age=31536000; includeSubDomains; preload
      x-content-type-options: nosniff
      x-envoy-upstream-service-time: '95'
      x-request-id: 3b1660ab-8053-41cc-ba19-902030ca5f3e
    status:
      code: 200
      message: OK
    url: https://js-metrics-advisor.cognitiveservices.azure.com//metricsadvisor/v1.0/dataFeeds/cd7a184b-c753-44a6-bff9-b5f9a1270083
- request:
    body: '{"name": "wholeseriesfugoruwy2zbjm", "description": "testing", "metricId":
      "dd459ff8-fc0e-46e7-873d-67fa5c82f52d", "wholeMetricConfiguration": {"smartDetectionCondition":
      {"sensitivity": 50.0, "anomalyDetectorDirection": "Both", "suppressCondition":
      {"minNumber": 50, "minRatio": 50.0}}}}'
    headers:
      Accept:
      - application/json
      Content-Length:
      - '288'
      Content-Type:
      - application/json
      User-Agent:
      - azsdk-python-ai-metricsadvisor/1.0.0b3 Python/3.8.6 (Windows-10-10.0.19041-SP0)
    method: POST
    uri: https://js-metrics-advisor.cognitiveservices.azure.com/metricsadvisor/v1.0/enrichment/anomalyDetection/configurations
  response:
    body:
      string: ''
    headers:
      apim-request-id: 6dbb5ee4-c437-4363-8a7f-265a37e2a0c4
      content-length: '0'
      date: Fri, 22 Jan 2021 01:04:15 GMT
      location: https://js-metrics-advisor.cognitiveservices.azure.com/metricsadvisor/v1.0/enrichment/anomalyDetection/configurations/c3ffd0c5-9d25-40ea-82ee-9da523236aba
      strict-transport-security: max-age=31536000; includeSubDomains; preload
      x-content-type-options: nosniff
      x-envoy-upstream-service-time: '49'
      x-request-id: 6dbb5ee4-c437-4363-8a7f-265a37e2a0c4
    status:
      code: 201
      message: Created
    url: https://js-metrics-advisor.cognitiveservices.azure.com//metricsadvisor/v1.0/enrichment/anomalyDetection/configurations
- request:
    body: null
    headers:
      Accept:
      - application/json
      User-Agent:
      - azsdk-python-ai-metricsadvisor/1.0.0b3 Python/3.8.6 (Windows-10-10.0.19041-SP0)
    method: GET
    uri: https://js-metrics-advisor.cognitiveservices.azure.com/metricsadvisor/v1.0/enrichment/anomalyDetection/configurations/c3ffd0c5-9d25-40ea-82ee-9da523236aba
  response:
    body:
      string: '{"anomalyDetectionConfigurationId":"c3ffd0c5-9d25-40ea-82ee-9da523236aba","name":"wholeseriesfugoruwy2zbjm","description":"testing","metricId":"dd459ff8-fc0e-46e7-873d-67fa5c82f52d","wholeMetricConfiguration":{"smartDetectionCondition":{"sensitivity":50.0,"anomalyDetectorDirection":"Both","suppressCondition":{"minNumber":50,"minRatio":50.0}}},"dimensionGroupOverrideConfigurations":[],"seriesOverrideConfigurations":[]}'
    headers:
      apim-request-id: 695f4000-3e99-49fa-b5ef-92b6885d84cc
      content-length: '421'
      content-type: application/json; charset=utf-8
      date: Fri, 22 Jan 2021 01:04:15 GMT
      strict-transport-security: max-age=31536000; includeSubDomains; preload
      x-content-type-options: nosniff
      x-envoy-upstream-service-time: '44'
      x-request-id: 695f4000-3e99-49fa-b5ef-92b6885d84cc
    status:
      code: 200
      message: OK
    url: https://js-metrics-advisor.cognitiveservices.azure.com//metricsadvisor/v1.0/enrichment/anomalyDetection/configurations/c3ffd0c5-9d25-40ea-82ee-9da523236aba
- request:
    body: '{"name": "testalertae9e225f", "hookIds": [], "metricAlertingConfigurations":
      [{"anomalyDetectionConfigurationId": "c3ffd0c5-9d25-40ea-82ee-9da523236aba",
      "anomalyScopeType": "All", "valueFilter": {"upper": 5.0, "direction": "Up",
      "metricId": "dd459ff8-fc0e-46e7-873d-67fa5c82f52d"}}]}'
    headers:
      Accept:
      - application/json
      Content-Length:
      - '284'
      Content-Type:
      - application/json
      User-Agent:
      - azsdk-python-ai-metricsadvisor/1.0.0b3 Python/3.8.6 (Windows-10-10.0.19041-SP0)
    method: POST
    uri: https://js-metrics-advisor.cognitiveservices.azure.com/metricsadvisor/v1.0/alert/anomaly/configurations
  response:
    body:
      string: ''
    headers:
      apim-request-id: a5dec906-c49c-478b-a2ff-e2847dc47b08
      content-length: '0'
      date: Fri, 22 Jan 2021 01:04:15 GMT
      location: https://js-metrics-advisor.cognitiveservices.azure.com/metricsadvisor/v1.0/alert/anomaly/configurations/43ac5e01-a395-4b86-b64c-47c16a684f8c
      strict-transport-security: max-age=31536000; includeSubDomains; preload
      x-content-type-options: nosniff
      x-envoy-upstream-service-time: '69'
      x-request-id: a5dec906-c49c-478b-a2ff-e2847dc47b08
    status:
      code: 201
      message: Created
    url: https://js-metrics-advisor.cognitiveservices.azure.com//metricsadvisor/v1.0/alert/anomaly/configurations
- request:
    body: null
    headers:
      Accept:
      - application/json
      User-Agent:
      - azsdk-python-ai-metricsadvisor/1.0.0b3 Python/3.8.6 (Windows-10-10.0.19041-SP0)
    method: GET
    uri: https://js-metrics-advisor.cognitiveservices.azure.com/metricsadvisor/v1.0/alert/anomaly/configurations/43ac5e01-a395-4b86-b64c-47c16a684f8c
  response:
    body:
      string: '{"anomalyAlertingConfigurationId":"43ac5e01-a395-4b86-b64c-47c16a684f8c","name":"testalertae9e225f","description":"","hookIds":[],"metricAlertingConfigurations":[{"anomalyDetectionConfigurationId":"c3ffd0c5-9d25-40ea-82ee-9da523236aba","anomalyScopeType":"All","negationOperation":false,"valueFilter":{"upper":5.0,"direction":"Up","metricId":"dd459ff8-fc0e-46e7-873d-67fa5c82f52d","triggerForMissing":false}}]}'
    headers:
      apim-request-id: d9afac1e-9cf6-4d21-a7e7-8154503378bb
      content-length: '410'
      content-type: application/json; charset=utf-8
      date: Fri, 22 Jan 2021 01:04:16 GMT
      strict-transport-security: max-age=31536000; includeSubDomains; preload
      x-content-type-options: nosniff
      x-envoy-upstream-service-time: '37'
      x-request-id: d9afac1e-9cf6-4d21-a7e7-8154503378bb
    status:
      code: 200
      message: OK
    url: https://js-metrics-advisor.cognitiveservices.azure.com//metricsadvisor/v1.0/alert/anomaly/configurations/43ac5e01-a395-4b86-b64c-47c16a684f8c
- request:
    body: null
    headers:
      Accept:
      - application/json
      User-Agent:
      - azsdk-python-ai-metricsadvisor/1.0.0b3 Python/3.8.6 (Windows-10-10.0.19041-SP0)
    method: DELETE
    uri: https://js-metrics-advisor.cognitiveservices.azure.com/metricsadvisor/v1.0/alert/anomaly/configurations/43ac5e01-a395-4b86-b64c-47c16a684f8c
  response:
    body:
      string: ''
    headers:
      apim-request-id: 65d3708f-9468-43d6-a241-001e705796b2
      content-length: '0'
      date: Fri, 22 Jan 2021 01:04:16 GMT
      strict-transport-security: max-age=31536000; includeSubDomains; preload
      x-content-type-options: nosniff
      x-envoy-upstream-service-time: '57'
      x-request-id: 65d3708f-9468-43d6-a241-001e705796b2
    status:
      code: 204
      message: No Content
    url: https://js-metrics-advisor.cognitiveservices.azure.com//metricsadvisor/v1.0/alert/anomaly/configurations/43ac5e01-a395-4b86-b64c-47c16a684f8c
- request:
    body: null
    headers:
      Accept:
      - application/json
      User-Agent:
      - azsdk-python-ai-metricsadvisor/1.0.0b3 Python/3.8.6 (Windows-10-10.0.19041-SP0)
    method: GET
    uri: https://js-metrics-advisor.cognitiveservices.azure.com/metricsadvisor/v1.0/alert/anomaly/configurations/43ac5e01-a395-4b86-b64c-47c16a684f8c
  response:
    body:
      string: '{"code":"Not Found","message":"Not found this AnomalyAlertingConfiguration.
        TraceId: 8fc12ce0-5d9c-4081-be8e-e4f4f1d9a58a"}'
    headers:
      apim-request-id: 26e50a59-2313-4248-8272-1442b0c7750a
      content-length: '123'
      content-type: application/json; charset=utf-8
      date: Fri, 22 Jan 2021 01:04:16 GMT
      strict-transport-security: max-age=31536000; includeSubDomains; preload
      x-content-type-options: nosniff
      x-envoy-upstream-service-time: '30'
      x-request-id: 26e50a59-2313-4248-8272-1442b0c7750a
    status:
      code: 404
      message: Not Found
    url: https://js-metrics-advisor.cognitiveservices.azure.com//metricsadvisor/v1.0/alert/anomaly/configurations/43ac5e01-a395-4b86-b64c-47c16a684f8c
- request:
    body: null
    headers:
      Accept:
      - application/json
      User-Agent:
      - azsdk-python-ai-metricsadvisor/1.0.0b3 Python/3.8.6 (Windows-10-10.0.19041-SP0)
    method: DELETE
    uri: https://js-metrics-advisor.cognitiveservices.azure.com/metricsadvisor/v1.0/enrichment/anomalyDetection/configurations/c3ffd0c5-9d25-40ea-82ee-9da523236aba
  response:
    body:
      string: ''
    headers:
      apim-request-id: 35b2c585-3c28-4b6e-a229-2a302d1af83a
      content-length: '0'
      date: Fri, 22 Jan 2021 01:04:16 GMT
      strict-transport-security: max-age=31536000; includeSubDomains; preload
      x-content-type-options: nosniff
      x-envoy-upstream-service-time: '38'
      x-request-id: 35b2c585-3c28-4b6e-a229-2a302d1af83a
    status:
      code: 204
      message: No Content
    url: https://js-metrics-advisor.cognitiveservices.azure.com//metricsadvisor/v1.0/enrichment/anomalyDetection/configurations/c3ffd0c5-9d25-40ea-82ee-9da523236aba
- request:
    body: null
    headers:
      Accept:
      - application/json
      User-Agent:
      - azsdk-python-ai-metricsadvisor/1.0.0b3 Python/3.8.6 (Windows-10-10.0.19041-SP0)
    method: DELETE
    uri: https://js-metrics-advisor.cognitiveservices.azure.com/metricsadvisor/v1.0/dataFeeds/cd7a184b-c753-44a6-bff9-b5f9a1270083
  response:
    body:
      string: ''
    headers:
      apim-request-id: 981b540d-bb6b-46f9-bbb1-720d3fd02a65
      content-length: '0'
      date: Fri, 22 Jan 2021 01:04:16 GMT
      strict-transport-security: max-age=31536000; includeSubDomains; preload
      x-content-type-options: nosniff
      x-envoy-upstream-service-time: '350'
      x-request-id: 981b540d-bb6b-46f9-bbb1-720d3fd02a65
    status:
      code: 204
      message: No Content
    url: https://js-metrics-advisor.cognitiveservices.azure.com//metricsadvisor/v1.0/dataFeeds/cd7a184b-c753-44a6-bff9-b5f9a1270083
version: 1
