interactions:
- request:
    body: '{"dataSourceType": "SqlServer", "dataFeedName": "updatedetectionscfjwjveq",
      "granularityName": "Daily", "metrics": [{"metricName": "cost"}, {"metricName":
      "revenue"}], "dimension": [{"dimensionName": "category"}, {"dimensionName":
      "city"}], "dataStartFrom": "2019-10-01T00:00:00.000Z", "startOffsetInSeconds":
      0, "maxConcurrency": -1, "minRetryIntervalInSeconds": -1, "stopRetryAfterInSeconds":
      -1, "dataSourceParameter": {"connectionString": "connectionstring", "query":
      "select\u202f*\u202ffrom\u202fadsample2\u202fwhere\u202fTimestamp\u202f=\u202f@StartTime"}}'
    headers:
      Accept:
      - application/json
      Content-Length:
      - '779'
      Content-Type:
      - application/json
      User-Agent:
      - azsdk-python-ai-metricsadvisor/1.0.0b3 Python/3.8.6 (Windows-10-10.0.19041-SP0)
    method: POST
    uri: https://js-metrics-advisor.cognitiveservices.azure.com/metricsadvisor/v1.0/dataFeeds
  response:
    body:
      string: ''
    headers:
      apim-request-id: 66fe91f9-a7f8-43dd-888a-3a1400b31935
      content-length: '0'
      date: Sat, 26 Dec 2020 19:39:52 GMT
      location: https://js-metrics-advisor.cognitiveservices.azure.com/metricsadvisor/v1.0/dataFeeds/e673a2bd-dff7-4e89-be68-87cf256632b2
      strict-transport-security: max-age=31536000; includeSubDomains; preload
      x-content-type-options: nosniff
      x-envoy-upstream-service-time: '711'
      x-request-id: 66fe91f9-a7f8-43dd-888a-3a1400b31935
    status:
      code: 201
      message: Created
    url: https://js-metrics-advisor.cognitiveservices.azure.com//metricsadvisor/v1.0/dataFeeds
- request:
    body: null
    headers:
      Accept:
      - application/json
      User-Agent:
      - azsdk-python-ai-metricsadvisor/1.0.0b3 Python/3.8.6 (Windows-10-10.0.19041-SP0)
    method: GET
    uri: https://js-metrics-advisor.cognitiveservices.azure.com/metricsadvisor/v1.0/dataFeeds/e673a2bd-dff7-4e89-be68-87cf256632b2
  response:
    body:
      string: "{\"dataFeedId\":\"e673a2bd-dff7-4e89-be68-87cf256632b2\",\"dataFeedName\":\"updatedetectionscfjwjveq\",\"metrics\":[{\"metricId\":\"c32c82fd-a2f2-4ac2-8a0c-117bd85e0c20\",\"metricName\":\"cost\",\"metricDisplayName\":\"cost\",\"metricDescription\":\"\"},{\"metricId\":\"1f1c46d0-bd7e-4a4d-adf2-b31c5a425b66\",\"metricName\":\"revenue\",\"metricDisplayName\":\"revenue\",\"metricDescription\":\"\"}],\"dimension\":[{\"dimensionName\":\"category\",\"dimensionDisplayName\":\"category\"},{\"dimensionName\":\"city\",\"dimensionDisplayName\":\"city\"}],\"dataStartFrom\":\"2019-10-01T00:00:00Z\",\"dataSourceType\":\"SqlServer\",\"timestampColumn\":\"\",\"startOffsetInSeconds\":0,\"maxQueryPerMinute\":30.0,\"granularityName\":\"Daily\",\"granularityAmount\":null,\"allUpIdentification\":null,\"needRollup\":\"NoRollup\",\"fillMissingPointType\":\"PreviousValue\",\"fillMissingPointValue\":0.0,\"rollUpMethod\":\"None\",\"rollUpColumns\":[],\"dataFeedDescription\":\"\",\"stopRetryAfterInSeconds\":-1,\"minRetryIntervalInSeconds\":-1,\"maxConcurrency\":-1,\"viewMode\":\"Private\",\"admins\":[\"krpratic@microsoft.com\"],\"viewers\":[],\"creator\":\"krpratic@microsoft.com\",\"status\":\"Active\",\"createdTime\":\"2020-12-26T19:39:53Z\",\"isAdmin\":true,\"actionLinkTemplate\":\"\",\"dataSourceParameter\":{\"connectionString\":\"connectionstring\",\"query\":\"select\u202F*\u202Ffrom\u202Fadsample2\u202Fwhere\u202FTimestamp\u202F=\u202F@StartTime\"}}"
    headers:
      apim-request-id: f86b6813-0af2-4903-8334-92a4ccf91fb2
      content-length: '1497'
      content-type: application/json; charset=utf-8
      date: Sat, 26 Dec 2020 19:39:52 GMT
      strict-transport-security: max-age=31536000; includeSubDomains; preload
      x-content-type-options: nosniff
      x-envoy-upstream-service-time: '292'
      x-request-id: f86b6813-0af2-4903-8334-92a4ccf91fb2
    status:
      code: 200
      message: OK
    url: https://js-metrics-advisor.cognitiveservices.azure.com//metricsadvisor/v1.0/dataFeeds/e673a2bd-dff7-4e89-be68-87cf256632b2
- request:
    body: '{"name": "testupdatedwqcu3rebjeyyk", "description": "My test metric anomaly
      detection configuration", "metricId": "c32c82fd-a2f2-4ac2-8a0c-117bd85e0c20",
      "wholeMetricConfiguration": {"conditionOperator": "AND", "smartDetectionCondition":
      {"sensitivity": 50.0, "anomalyDetectorDirection": "Both", "suppressCondition":
      {"minNumber": 50, "minRatio": 50.0}}, "hardThresholdCondition": {"lowerBound":
      0.0, "upperBound": 100.0, "anomalyDetectorDirection": "Both", "suppressCondition":
      {"minNumber": 5, "minRatio": 5.0}}, "changeThresholdCondition": {"changePercentage":
      50.0, "shiftPoint": 30, "withinRange": true, "anomalyDetectorDirection": "Both",
      "suppressCondition": {"minNumber": 2, "minRatio": 2.0}}}, "dimensionGroupOverrideConfigurations":
      [{"group": {"dimension": {"city": "Sao Paulo"}}, "smartDetectionCondition":
      {"sensitivity": 63.0, "anomalyDetectorDirection": "Both", "suppressCondition":
      {"minNumber": 1, "minRatio": 100.0}}}], "seriesOverrideConfigurations": [{"series":
      {"dimension": {"city": "Shenzhen", "category": "Jewelry"}}, "smartDetectionCondition":
      {"sensitivity": 63.0, "anomalyDetectorDirection": "Both", "suppressCondition":
      {"minNumber": 1, "minRatio": 100.0}}}]}'
    headers:
      Accept:
      - application/json
      Content-Length:
      - '1187'
      Content-Type:
      - application/json
      User-Agent:
      - azsdk-python-ai-metricsadvisor/1.0.0b3 Python/3.8.6 (Windows-10-10.0.19041-SP0)
    method: POST
    uri: https://js-metrics-advisor.cognitiveservices.azure.com/metricsadvisor/v1.0/enrichment/anomalyDetection/configurations
  response:
    body:
      string: ''
    headers:
      apim-request-id: f7a302a1-83c2-4ab0-b63b-99f64095d90e
      content-length: '0'
      date: Sat, 26 Dec 2020 19:39:53 GMT
      location: https://js-metrics-advisor.cognitiveservices.azure.com/metricsadvisor/v1.0/enrichment/anomalyDetection/configurations/24e3c615-21bd-4d59-bdb2-e7c1ae2f23cb
      strict-transport-security: max-age=31536000; includeSubDomains; preload
      x-content-type-options: nosniff
      x-envoy-upstream-service-time: '414'
      x-request-id: f7a302a1-83c2-4ab0-b63b-99f64095d90e
    status:
      code: 201
      message: Created
    url: https://js-metrics-advisor.cognitiveservices.azure.com//metricsadvisor/v1.0/enrichment/anomalyDetection/configurations
- request:
    body: null
    headers:
      Accept:
      - application/json
      User-Agent:
      - azsdk-python-ai-metricsadvisor/1.0.0b3 Python/3.8.6 (Windows-10-10.0.19041-SP0)
    method: GET
    uri: https://js-metrics-advisor.cognitiveservices.azure.com/metricsadvisor/v1.0/enrichment/anomalyDetection/configurations/24e3c615-21bd-4d59-bdb2-e7c1ae2f23cb
  response:
    body:
      string: '{"anomalyDetectionConfigurationId":"24e3c615-21bd-4d59-bdb2-e7c1ae2f23cb","name":"testupdatedwqcu3rebjeyyk","description":"My
        test metric anomaly detection configuration","metricId":"c32c82fd-a2f2-4ac2-8a0c-117bd85e0c20","wholeMetricConfiguration":{"conditionOperator":"AND","smartDetectionCondition":{"sensitivity":50.0,"anomalyDetectorDirection":"Both","suppressCondition":{"minNumber":50,"minRatio":50.0}},"hardThresholdCondition":{"lowerBound":0.0,"upperBound":100.0,"anomalyDetectorDirection":"Both","suppressCondition":{"minNumber":5,"minRatio":5.0}},"changeThresholdCondition":{"changePercentage":50.0,"shiftPoint":30,"anomalyDetectorDirection":"Both","withinRange":true,"suppressCondition":{"minNumber":2,"minRatio":2.0}}},"dimensionGroupOverrideConfigurations":[{"group":{"dimension":{"city":"Sao
        Paulo"}},"smartDetectionCondition":{"sensitivity":63.0,"anomalyDetectorDirection":"Both","suppressCondition":{"minNumber":1,"minRatio":100.0}}}],"seriesOverrideConfigurations":[{"series":{"dimension":{"city":"Shenzhen","category":"Jewelry"}},"smartDetectionCondition":{"sensitivity":63.0,"anomalyDetectorDirection":"Both","suppressCondition":{"minNumber":1,"minRatio":100.0}}}]}'
    headers:
      apim-request-id: ac1f9d37-3a6a-416d-b23d-93e6441d2075
      content-length: '1184'
      content-type: application/json; charset=utf-8
      date: Sat, 26 Dec 2020 19:39:53 GMT
      strict-transport-security: max-age=31536000; includeSubDomains; preload
      x-content-type-options: nosniff
      x-envoy-upstream-service-time: '198'
      x-request-id: ac1f9d37-3a6a-416d-b23d-93e6441d2075
    status:
      code: 200
      message: OK
    url: https://js-metrics-advisor.cognitiveservices.azure.com//metricsadvisor/v1.0/enrichment/anomalyDetection/configurations/24e3c615-21bd-4d59-bdb2-e7c1ae2f23cb
- request:
    body: '{"name": "updated", "wholeMetricConfiguration": {"conditionOperator": "OR",
      "smartDetectionCondition": {"sensitivity": 10.0, "anomalyDetectorDirection":
      "Up", "suppressCondition": {"minNumber": 5, "minRatio": 2.0}}, "hardThresholdCondition":
      {"upperBound": 100.0, "anomalyDetectorDirection": "Up", "suppressCondition":
      {"minNumber": 5, "minRatio": 2.0}}, "changeThresholdCondition": {"changePercentage":
      20.0, "shiftPoint": 10, "withinRange": true, "anomalyDetectorDirection": "Both",
      "suppressCondition": {"minNumber": 5, "minRatio": 2.0}}}, "dimensionGroupOverrideConfigurations":
      [{"group": {"dimension": {"city": "Shenzen"}}, "conditionOperator": "AND", "smartDetectionCondition":
      {"sensitivity": 10.0, "anomalyDetectorDirection": "Up", "suppressCondition":
      {"minNumber": 5, "minRatio": 2.0}}, "hardThresholdCondition": {"upperBound":
      100.0, "anomalyDetectorDirection": "Up", "suppressCondition": {"minNumber":
      5, "minRatio": 2.0}}, "changeThresholdCondition": {"changePercentage": 20.0,
      "shiftPoint": 10, "withinRange": true, "anomalyDetectorDirection": "Both", "suppressCondition":
      {"minNumber": 5, "minRatio": 2.0}}}], "seriesOverrideConfigurations": [{"series":
      {"dimension": {"city": "San Paulo", "category": "Jewelry"}}, "conditionOperator":
      "AND", "smartDetectionCondition": {"sensitivity": 10.0, "anomalyDetectorDirection":
      "Up", "suppressCondition": {"minNumber": 5, "minRatio": 2.0}}, "hardThresholdCondition":
      {"upperBound": 100.0, "anomalyDetectorDirection": "Up", "suppressCondition":
      {"minNumber": 5, "minRatio": 2.0}}, "changeThresholdCondition": {"changePercentage":
      20.0, "shiftPoint": 10, "withinRange": true, "anomalyDetectorDirection": "Both",
      "suppressCondition": {"minNumber": 5, "minRatio": 2.0}}}], "description": "updated"}'
    headers:
      Accept:
      - application/json
      Content-Length:
      - '1752'
      Content-Type:
      - application/merge-patch+json
      User-Agent:
      - azsdk-python-ai-metricsadvisor/1.0.0b3 Python/3.8.6 (Windows-10-10.0.19041-SP0)
    method: PATCH
    uri: https://js-metrics-advisor.cognitiveservices.azure.com/metricsadvisor/v1.0/enrichment/anomalyDetection/configurations/24e3c615-21bd-4d59-bdb2-e7c1ae2f23cb
  response:
    body:
      string: ''
    headers:
      apim-request-id: c1d74dc9-e80b-4c55-9c3f-9b6620c690ab
      content-length: '0'
      date: Sat, 26 Dec 2020 19:39:54 GMT
      strict-transport-security: max-age=31536000; includeSubDomains; preload
      x-content-type-options: nosniff
      x-envoy-upstream-service-time: '427'
      x-request-id: c1d74dc9-e80b-4c55-9c3f-9b6620c690ab
    status:
      code: 204
      message: No Content
    url: https://js-metrics-advisor.cognitiveservices.azure.com//metricsadvisor/v1.0/enrichment/anomalyDetection/configurations/24e3c615-21bd-4d59-bdb2-e7c1ae2f23cb
- request:
    body: null
    headers:
      Accept:
      - application/json
      User-Agent:
      - azsdk-python-ai-metricsadvisor/1.0.0b3 Python/3.8.6 (Windows-10-10.0.19041-SP0)
    method: GET
    uri: https://js-metrics-advisor.cognitiveservices.azure.com/metricsadvisor/v1.0/enrichment/anomalyDetection/configurations/24e3c615-21bd-4d59-bdb2-e7c1ae2f23cb
  response:
    body:
      string: '{"anomalyDetectionConfigurationId":"24e3c615-21bd-4d59-bdb2-e7c1ae2f23cb","name":"updated","description":"updated","metricId":"c32c82fd-a2f2-4ac2-8a0c-117bd85e0c20","wholeMetricConfiguration":{"conditionOperator":"OR","smartDetectionCondition":{"sensitivity":10.0,"anomalyDetectorDirection":"Up","suppressCondition":{"minNumber":5,"minRatio":2.0}},"hardThresholdCondition":{"upperBound":100.0,"anomalyDetectorDirection":"Up","suppressCondition":{"minNumber":5,"minRatio":2.0}},"changeThresholdCondition":{"changePercentage":20.0,"shiftPoint":10,"anomalyDetectorDirection":"Both","withinRange":true,"suppressCondition":{"minNumber":5,"minRatio":2.0}}},"dimensionGroupOverrideConfigurations":[{"group":{"dimension":{"city":"Shenzen"}},"conditionOperator":"AND","smartDetectionCondition":{"sensitivity":10.0,"anomalyDetectorDirection":"Up","suppressCondition":{"minNumber":5,"minRatio":2.0}},"hardThresholdCondition":{"upperBound":100.0,"anomalyDetectorDirection":"Up","suppressCondition":{"minNumber":5,"minRatio":2.0}},"changeThresholdCondition":{"changePercentage":20.0,"shiftPoint":10,"anomalyDetectorDirection":"Both","withinRange":true,"suppressCondition":{"minNumber":5,"minRatio":2.0}}}],"seriesOverrideConfigurations":[{"series":{"dimension":{"city":"San
        Paulo","category":"Jewelry"}},"conditionOperator":"AND","smartDetectionCondition":{"sensitivity":10.0,"anomalyDetectorDirection":"Up","suppressCondition":{"minNumber":5,"minRatio":2.0}},"hardThresholdCondition":{"upperBound":100.0,"anomalyDetectorDirection":"Up","suppressCondition":{"minNumber":5,"minRatio":2.0}},"changeThresholdCondition":{"changePercentage":20.0,"shiftPoint":10,"anomalyDetectorDirection":"Both","withinRange":true,"suppressCondition":{"minNumber":5,"minRatio":2.0}}}]}'
    headers:
      apim-request-id: 60d0c8b5-c2e1-46d8-bc5a-9887af07e5dd
      content-length: '1751'
      content-type: application/json; charset=utf-8
      date: Sat, 26 Dec 2020 19:39:54 GMT
      strict-transport-security: max-age=31536000; includeSubDomains; preload
      x-content-type-options: nosniff
      x-envoy-upstream-service-time: '216'
      x-request-id: 60d0c8b5-c2e1-46d8-bc5a-9887af07e5dd
    status:
      code: 200
      message: OK
    url: https://js-metrics-advisor.cognitiveservices.azure.com//metricsadvisor/v1.0/enrichment/anomalyDetection/configurations/24e3c615-21bd-4d59-bdb2-e7c1ae2f23cb
- request:
    body: null
    headers:
      Accept:
      - application/json
      User-Agent:
      - azsdk-python-ai-metricsadvisor/1.0.0b3 Python/3.8.6 (Windows-10-10.0.19041-SP0)
    method: DELETE
    uri: https://js-metrics-advisor.cognitiveservices.azure.com/metricsadvisor/v1.0/dataFeeds/e673a2bd-dff7-4e89-be68-87cf256632b2
  response:
    body:
      string: ''
    headers:
      apim-request-id: fe6957a9-648d-4bf7-9aef-7f67793904c9
      content-length: '0'
      date: Sat, 26 Dec 2020 19:39:56 GMT
      strict-transport-security: max-age=31536000; includeSubDomains; preload
      x-content-type-options: nosniff
      x-envoy-upstream-service-time: '839'
      x-request-id: fe6957a9-648d-4bf7-9aef-7f67793904c9
    status:
      code: 204
      message: No Content
    url: https://js-metrics-advisor.cognitiveservices.azure.com//metricsadvisor/v1.0/dataFeeds/e673a2bd-dff7-4e89-be68-87cf256632b2
version: 1
