interactions:
- request:
    body: '{"dataSourceCredentialType": "ServicePrincipalInKV", "dataSourceCredentialName":
      "testserviceprincipalcredentiald6471fc7", "dataSourceCredentialDescription":
      "my credential entity", "parameters": {"keyVaultEndpoint": "key_vault_endpoint",
      "keyVaultClientId": "key_vault_client_id", "keyVaultClientSecret": "key_vault_client_secret",
      "servicePrincipalIdNameInKV": "service_principal_id_name_in_kv", "servicePrincipalSecretNameInKV":
      "service_principal_secret_name_in_kv", "tenantId": "tenant_id"}}'
    headers:
      Accept:
      - application/json
      Content-Length:
      - '496'
      Content-Type:
      - application/json
      User-Agent:
      - azsdk-python-ai-metricsadvisor/1.0.0b4 Python/3.8.6 (Windows-10-10.0.19041-SP0)
    method: POST
    uri: https://js-metrics-advisor.cognitiveservices.azure.com/metricsadvisor/v1.0/credentials
  response:
    body:
      string: ''
    headers:
      apim-request-id: 517b9b69-b8e2-494f-9ad8-7ff7e448fadb
      content-length: '0'
      date: Tue, 25 May 2021 19:02:24 GMT
      location: https://js-metrics-advisor.cognitiveservices.azure.com/metricsadvisor/v1.0/credentials/40eaf24e-0cad-469c-9122-418a35bdfcea
      strict-transport-security: max-age=31536000; includeSubDomains; preload
      x-content-type-options: nosniff
      x-envoy-upstream-service-time: '430'
      x-request-id: 517b9b69-b8e2-494f-9ad8-7ff7e448fadb
    status:
      code: 201
      message: Created
    url: https://js-metrics-advisor.cognitiveservices.azure.com//metricsadvisor/v1.0/credentials
- request:
    body: null
    headers:
      Accept:
      - application/json
      User-Agent:
      - azsdk-python-ai-metricsadvisor/1.0.0b4 Python/3.8.6 (Windows-10-10.0.19041-SP0)
    method: GET
    uri: https://js-metrics-advisor.cognitiveservices.azure.com/metricsadvisor/v1.0/credentials/40eaf24e-0cad-469c-9122-418a35bdfcea
  response:
    body:
      string: '{"dataSourceCredentialId":"40eaf24e-0cad-469c-9122-418a35bdfcea","dataSourceCredentialName":"testserviceprincipalcredentiald6471fc7","dataSourceCredentialDescription":"my
        credential entity","dataSourceCredentialType":"ServicePrincipalInKV","parameters":{"servicePrincipalSecretNameInKV":"service_principal_secret_name_in_kv","servicePrincipalIdNameInKV":"service_principal_id_name_in_kv","tenantId":"tenant_id","keyVaultClientId":"key_vault_client_id","keyVaultEndpoint":"key_vault_endpoint"}}'
    headers:
      apim-request-id: 1f643aec-d1e8-4edd-bdce-14e0d9f4418f
      content-length: '493'
      content-type: application/json; charset=utf-8
      date: Tue, 25 May 2021 19:02:24 GMT
      strict-transport-security: max-age=31536000; includeSubDomains; preload
      x-content-type-options: nosniff
      x-envoy-upstream-service-time: '97'
      x-request-id: 1f643aec-d1e8-4edd-bdce-14e0d9f4418f
    status:
      code: 200
      message: OK
    url: https://js-metrics-advisor.cognitiveservices.azure.com//metricsadvisor/v1.0/credentials/40eaf24e-0cad-469c-9122-418a35bdfcea
- request:
    body: null
    headers:
      Accept:
      - application/json
      User-Agent:
      - azsdk-python-ai-metricsadvisor/1.0.0b4 Python/3.8.6 (Windows-10-10.0.19041-SP0)
    method: DELETE
    uri: https://js-metrics-advisor.cognitiveservices.azure.com/metricsadvisor/v1.0/credentials/40eaf24e-0cad-469c-9122-418a35bdfcea
  response:
    body:
      string: ''
    headers:
      apim-request-id: 4e9959aa-351c-46af-b094-e36dcd26d1e6
      content-length: '0'
      date: Tue, 25 May 2021 19:02:24 GMT
      strict-transport-security: max-age=31536000; includeSubDomains; preload
      x-content-type-options: nosniff
      x-envoy-upstream-service-time: '216'
      x-request-id: 4e9959aa-351c-46af-b094-e36dcd26d1e6
    status:
      code: 204
      message: No Content
    url: https://js-metrics-advisor.cognitiveservices.azure.com//metricsadvisor/v1.0/credentials/40eaf24e-0cad-469c-9122-418a35bdfcea
version: 1
