interactions:
- request:
    body: '{"dataSourceCredentialType": "ServicePrincipal", "dataSourceCredentialName":
      "testserviceprincipalcredential5aa81a65", "dataSourceCredentialDescription":
      "my credential", "parameters": {"clientId": "client_id", "clientSecret": "client_secret",
      "tenantId": "tenant_id"}}'
    headers:
      Accept:
      - application/json
      Content-Length:
      - '269'
      Content-Type:
      - application/json
      User-Agent:
      - azsdk-python-ai-metricsadvisor/1.0.0 Python/3.8.6 (Windows-10-10.0.19041-SP0)
    method: POST
    uri: https://js-metrics-advisor.cognitiveservices.azure.com/metricsadvisor/v1.0/credentials
  response:
    body:
      string: ''
    headers:
      apim-request-id: 1a94a58d-8666-49ed-9e27-87cd751c4d11
      content-length: '0'
      date: Fri, 28 May 2021 18:38:47 GMT
      location: https://js-metrics-advisor.cognitiveservices.azure.com/metricsadvisor/v1.0/credentials/c6b23b2b-5247-42a0-b7b8-830a83955263
      strict-transport-security: max-age=31536000; includeSubDomains; preload
      x-content-type-options: nosniff
      x-envoy-upstream-service-time: '311'
      x-request-id: 1a94a58d-8666-49ed-9e27-87cd751c4d11
    status:
      code: 201
      message: Created
    url: https://js-metrics-advisor.cognitiveservices.azure.com//metricsadvisor/v1.0/credentials
- request:
    body: null
    headers:
      Accept:
      - application/json
      User-Agent:
      - azsdk-python-ai-metricsadvisor/1.0.0 Python/3.8.6 (Windows-10-10.0.19041-SP0)
    method: GET
    uri: https://js-metrics-advisor.cognitiveservices.azure.com/metricsadvisor/v1.0/credentials/c6b23b2b-5247-42a0-b7b8-830a83955263
  response:
    body:
      string: '{"dataSourceCredentialId":"c6b23b2b-5247-42a0-b7b8-830a83955263","dataSourceCredentialName":"testserviceprincipalcredential5aa81a65","dataSourceCredentialDescription":"my
        credential","dataSourceCredentialType":"ServicePrincipal","parameters":{"clientId":"client_id","tenantId":"tenant_id"}}'
    headers:
      apim-request-id: 10635f5c-51d4-45b8-8cae-a4ef5a0b4844
      content-length: '290'
      content-type: application/json; charset=utf-8
      date: Fri, 28 May 2021 18:38:48 GMT
      strict-transport-security: max-age=31536000; includeSubDomains; preload
      x-content-type-options: nosniff
      x-envoy-upstream-service-time: '74'
      x-request-id: 10635f5c-51d4-45b8-8cae-a4ef5a0b4844
    status:
      code: 200
      message: OK
    url: https://js-metrics-advisor.cognitiveservices.azure.com//metricsadvisor/v1.0/credentials/c6b23b2b-5247-42a0-b7b8-830a83955263
- request:
    body: null
    headers:
      Accept:
      - application/json
      User-Agent:
      - azsdk-python-ai-metricsadvisor/1.0.0 Python/3.8.6 (Windows-10-10.0.19041-SP0)
    method: DELETE
    uri: https://js-metrics-advisor.cognitiveservices.azure.com/metricsadvisor/v1.0/credentials/c6b23b2b-5247-42a0-b7b8-830a83955263
  response:
    body:
      string: ''
    headers:
      apim-request-id: c85baff8-3860-4b6f-ace5-cecf6a453241
      content-length: '0'
      date: Fri, 28 May 2021 18:38:48 GMT
      strict-transport-security: max-age=31536000; includeSubDomains; preload
      x-content-type-options: nosniff
      x-envoy-upstream-service-time: '167'
      x-request-id: c85baff8-3860-4b6f-ace5-cecf6a453241
    status:
      code: 204
      message: No Content
    url: https://js-metrics-advisor.cognitiveservices.azure.com//metricsadvisor/v1.0/credentials/c6b23b2b-5247-42a0-b7b8-830a83955263
version: 1
