interactions:
- request:
    body: '{"hookType": "Email", "hookName": "testhook23951511", "description": "my
      email hook", "externalLink": "external link", "hookParameter": {"toList": ["yournamehere@microsoft.com"]}}'
    headers:
      Accept:
      - application/json
      Content-Length:
      - '179'
      Content-Type:
      - application/json
      User-Agent:
      - azsdk-python-ai-metricsadvisor/1.0.0b4 Python/3.8.6 (Windows-10-10.0.19041-SP0)
    method: POST
    uri: https://js-metrics-advisor.cognitiveservices.azure.com/metricsadvisor/v1.0/hooks
  response:
    body:
      string: ''
    headers:
      apim-request-id: d43b4375-9bc2-44a5-9aba-cc741dc2effc
      content-length: '0'
      date: Fri, 21 May 2021 21:24:44 GMT
      location: https://js-metrics-advisor.cognitiveservices.azure.com/metricsadvisor/v1.0/hooks/dc2152f6-bdbf-43a6-aae5-cbb1280e8dfb
      strict-transport-security: max-age=31536000; includeSubDomains; preload
      x-content-type-options: nosniff
      x-envoy-upstream-service-time: '487'
      x-request-id: d43b4375-9bc2-44a5-9aba-cc741dc2effc
    status:
      code: 201
      message: Created
    url: https://js-metrics-advisor.cognitiveservices.azure.com//metricsadvisor/v1.0/hooks
- request:
    body: null
    headers:
      Accept:
      - application/json
      User-Agent:
      - azsdk-python-ai-metricsadvisor/1.0.0b4 Python/3.8.6 (Windows-10-10.0.19041-SP0)
    method: GET
    uri: https://js-metrics-advisor.cognitiveservices.azure.com/metricsadvisor/v1.0/hooks/dc2152f6-bdbf-43a6-aae5-cbb1280e8dfb
  response:
    body:
      string: '{"hookId":"dc2152f6-bdbf-43a6-aae5-cbb1280e8dfb","hookName":"testhook23951511","hookType":"Email","externalLink":"external
        link","description":"my email hook","admins":["krpratic@microsoft.com"],"hookParameter":{"toList":["yournamehere@microsoft.com"]}}'
    headers:
      apim-request-id: 8fbd7f14-6ec0-4f6e-a109-4ecc52892f98
      content-length: '253'
      content-type: application/json; charset=utf-8
      date: Fri, 21 May 2021 21:24:44 GMT
      strict-transport-security: max-age=31536000; includeSubDomains; preload
      x-content-type-options: nosniff
      x-envoy-upstream-service-time: '178'
      x-request-id: 8fbd7f14-6ec0-4f6e-a109-4ecc52892f98
    status:
      code: 200
      message: OK
    url: https://js-metrics-advisor.cognitiveservices.azure.com//metricsadvisor/v1.0/hooks/dc2152f6-bdbf-43a6-aae5-cbb1280e8dfb
- request:
    body: '{"hookName": "update", "description": "update", "externalLink": "update",
      "hookType": "Email", "hookParameter": {"toList": ["myemail@m.com"]}}'
    headers:
      Accept:
      - application/json
      Content-Length:
      - '142'
      Content-Type:
      - application/merge-patch+json
      User-Agent:
      - azsdk-python-ai-metricsadvisor/1.0.0b4 Python/3.8.6 (Windows-10-10.0.19041-SP0)
    method: PATCH
    uri: https://js-metrics-advisor.cognitiveservices.azure.com/metricsadvisor/v1.0/hooks/dc2152f6-bdbf-43a6-aae5-cbb1280e8dfb
  response:
    body:
      string: '{"hookId":"dc2152f6-bdbf-43a6-aae5-cbb1280e8dfb","hookName":"update","hookType":"Email","externalLink":"update","description":"update","admins":["krpratic@microsoft.com"],"hookParameter":{"toList":["myemail@m.com"]}}'
    headers:
      apim-request-id: c5d39611-3c56-4955-a7a7-31e632241663
      content-length: '216'
      content-type: application/json; charset=utf-8
      date: Fri, 21 May 2021 21:24:45 GMT
      strict-transport-security: max-age=31536000; includeSubDomains; preload
      x-content-type-options: nosniff
      x-envoy-upstream-service-time: '809'
      x-request-id: c5d39611-3c56-4955-a7a7-31e632241663
    status:
      code: 200
      message: OK
    url: https://js-metrics-advisor.cognitiveservices.azure.com//metricsadvisor/v1.0/hooks/dc2152f6-bdbf-43a6-aae5-cbb1280e8dfb
- request:
    body: null
    headers:
      Accept:
      - application/json
      User-Agent:
      - azsdk-python-ai-metricsadvisor/1.0.0b4 Python/3.8.6 (Windows-10-10.0.19041-SP0)
    method: GET
    uri: https://js-metrics-advisor.cognitiveservices.azure.com/metricsadvisor/v1.0/hooks/dc2152f6-bdbf-43a6-aae5-cbb1280e8dfb
  response:
    body:
      string: '{"hookId":"dc2152f6-bdbf-43a6-aae5-cbb1280e8dfb","hookName":"update","hookType":"Email","externalLink":"update","description":"update","admins":["krpratic@microsoft.com"],"hookParameter":{"toList":["myemail@m.com"]}}'
    headers:
      apim-request-id: 27d2ca61-9dd0-4f1c-870d-509dc638ef19
      content-length: '216'
      content-type: application/json; charset=utf-8
      date: Fri, 21 May 2021 21:24:45 GMT
      strict-transport-security: max-age=31536000; includeSubDomains; preload
      x-content-type-options: nosniff
      x-envoy-upstream-service-time: '169'
      x-request-id: 27d2ca61-9dd0-4f1c-870d-509dc638ef19
    status:
      code: 200
      message: OK
    url: https://js-metrics-advisor.cognitiveservices.azure.com//metricsadvisor/v1.0/hooks/dc2152f6-bdbf-43a6-aae5-cbb1280e8dfb
- request:
    body: null
    headers:
      Accept:
      - application/json
      User-Agent:
      - azsdk-python-ai-metricsadvisor/1.0.0b4 Python/3.8.6 (Windows-10-10.0.19041-SP0)
    method: DELETE
    uri: https://js-metrics-advisor.cognitiveservices.azure.com/metricsadvisor/v1.0/hooks/dc2152f6-bdbf-43a6-aae5-cbb1280e8dfb
  response:
    body:
      string: ''
    headers:
      apim-request-id: abef8d44-105d-429f-a75e-7bb9bab444db
      content-length: '0'
      date: Fri, 21 May 2021 21:24:45 GMT
      strict-transport-security: max-age=31536000; includeSubDomains; preload
      x-content-type-options: nosniff
      x-envoy-upstream-service-time: '190'
      x-request-id: abef8d44-105d-429f-a75e-7bb9bab444db
    status:
      code: 204
      message: No Content
    url: https://js-metrics-advisor.cognitiveservices.azure.com//metricsadvisor/v1.0/hooks/dc2152f6-bdbf-43a6-aae5-cbb1280e8dfb
version: 1
