interactions:
- request:
    body: '{"dataSourceType": "SqlServer", "dataFeedName": "updatetrxhdjeqpgnqu3snd5",
      "dataFeedDescription": "my first data feed", "granularityName": "Daily", "metrics":
      [{"metricName": "cost", "metricDisplayName": "display cost", "metricDescription":
      "the cost"}, {"metricName": "revenue", "metricDisplayName": "display revenue",
      "metricDescription": "the revenue"}], "dimension": [{"dimensionName": "category",
      "dimensionDisplayName": "display category"}, {"dimensionName": "city", "dimensionDisplayName":
      "display city"}], "timestampColumn": "Timestamp", "dataStartFrom": "2019-10-01T00:00:00.000Z",
      "startOffsetInSeconds": -1, "maxConcurrency": 0, "minRetryIntervalInSeconds":
      -1, "stopRetryAfterInSeconds": -1, "needRollup": "NoRollup", "rollUpMethod":
      "None", "fillMissingPointType": "SmartFilling", "viewMode": "Private", "admins":
      ["yournamehere@microsoft.com"], "viewers": ["viewers"], "actionLinkTemplate":
      "action link template", "dataSourceParameter": {"connectionString": "connectionstring",
      "query": "select\u202f*\u202ffrom\u202fadsample2\u202fwhere\u202fTimestamp\u202f=\u202f@StartTime"}}'
    headers:
      Accept:
      - application/json
      Content-Length:
      - '1311'
      Content-Type:
      - application/json
      User-Agent:
      - azsdk-python-ai-metricsadvisor/1.0.0b4 Python/3.8.6 (Windows-10-10.0.19041-SP0)
    method: POST
    uri: https://js-metrics-advisor.cognitiveservices.azure.com/metricsadvisor/v1.0/dataFeeds
  response:
    body:
      string: ''
    headers:
      apim-request-id: fd0be5b2-e970-42e4-a0ba-afebafa8ec19
      content-length: '0'
      date: Fri, 21 May 2021 21:20:45 GMT
      location: https://js-metrics-advisor.cognitiveservices.azure.com/metricsadvisor/v1.0/dataFeeds/6e71429a-d9d3-4d9a-80e8-6436ee0deb82
      strict-transport-security: max-age=31536000; includeSubDomains; preload
      x-content-type-options: nosniff
      x-envoy-upstream-service-time: '457'
      x-request-id: fd0be5b2-e970-42e4-a0ba-afebafa8ec19
    status:
      code: 201
      message: Created
    url: https://js-metrics-advisor.cognitiveservices.azure.com//metricsadvisor/v1.0/dataFeeds
- request:
    body: null
    headers:
      Accept:
      - application/json
      User-Agent:
      - azsdk-python-ai-metricsadvisor/1.0.0b4 Python/3.8.6 (Windows-10-10.0.19041-SP0)
    method: GET
    uri: https://js-metrics-advisor.cognitiveservices.azure.com/metricsadvisor/v1.0/dataFeeds/6e71429a-d9d3-4d9a-80e8-6436ee0deb82
  response:
    body:
      string: "{\"dataFeedId\":\"6e71429a-d9d3-4d9a-80e8-6436ee0deb82\",\"dataFeedName\":\"updatetrxhdjeqpgnqu3snd5\",\"metrics\":[{\"metricId\":\"e57c38a5-a0ec-4264-ad54-64cdd2fb3230\",\"metricName\":\"cost\",\"metricDisplayName\":\"display
        cost\",\"metricDescription\":\"the cost\"},{\"metricId\":\"77586016-1ec5-4b45-8a43-96363b31c1c4\",\"metricName\":\"revenue\",\"metricDisplayName\":\"display
        revenue\",\"metricDescription\":\"the revenue\"}],\"dimension\":[{\"dimensionName\":\"category\",\"dimensionDisplayName\":\"display
        category\"},{\"dimensionName\":\"city\",\"dimensionDisplayName\":\"display
        city\"}],\"dataStartFrom\":\"2019-10-01T00:00:00Z\",\"dataSourceType\":\"SqlServer\",\"timestampColumn\":\"Timestamp\",\"startOffsetInSeconds\":-1,\"maxQueryPerMinute\":30.0,\"granularityName\":\"Daily\",\"needRollup\":\"NoRollup\",\"fillMissingPointType\":\"SmartFilling\",\"fillMissingPointValue\":0.0,\"rollUpMethod\":\"None\",\"dataFeedDescription\":\"my
        first data feed\",\"stopRetryAfterInSeconds\":-1,\"minRetryIntervalInSeconds\":-1,\"maxConcurrency\":0,\"viewMode\":\"Private\",\"admins\":[\"yournamehere@microsoft.com\",\"f850650c-1fcf-4489-b46f-71af2e30d360\"],\"viewers\":[\"viewers\"],\"creator\":\"f850650c-1fcf-4489-b46f-71af2e30d360\",\"status\":\"Active\",\"createdTime\":\"2021-05-21T21:20:46Z\",\"isAdmin\":true,\"actionLinkTemplate\":\"action
        link template\",\"dataSourceParameter\":{\"query\":\"select\u202F*\u202Ffrom\u202Fadsample2\u202Fwhere\u202FTimestamp\u202F=\u202F@StartTime\"},\"authenticationType\":\"Basic\"}"
    headers:
      apim-request-id: e9a671cd-a62b-4c97-abb5-36b33498f146
      content-length: '1364'
      content-type: application/json; charset=utf-8
      date: Fri, 21 May 2021 21:20:46 GMT
      strict-transport-security: max-age=31536000; includeSubDomains; preload
      x-content-type-options: nosniff
      x-envoy-upstream-service-time: '89'
      x-request-id: e9a671cd-a62b-4c97-abb5-36b33498f146
    status:
      code: 200
      message: OK
    url: https://js-metrics-advisor.cognitiveservices.azure.com//metricsadvisor/v1.0/dataFeeds/6e71429a-d9d3-4d9a-80e8-6436ee0deb82
- request:
    body: '{"dataSourceType": "SqlServer", "dataFeedName": "updateMe", "dataFeedDescription":
      "updateMe", "timestampColumn": "time", "dataStartFrom": "2020-12-10T00:00:00.000Z",
      "startOffsetInSeconds": 1, "maxConcurrency": 1, "minRetryIntervalInSeconds":
      1, "stopRetryAfterInSeconds": 1, "needRollup": "AlreadyRollup", "rollUpMethod":
      "Sum", "rollUpColumns": [], "allUpIdentification": "sumrollup", "fillMissingPointType":
      "CustomValue", "fillMissingPointValue": 2.0, "viewMode": "Public", "admins":
      ["yournamehere@microsoft.com", "f850650c-1fcf-4489-b46f-71af2e30d360"], "viewers":
      ["updated"], "status": "Paused", "actionLinkTemplate": "updated", "dataSourceParameter":
      {"connectionString": "updated", "query": "get data"}}'
    headers:
      Accept:
      - application/json
      Content-Length:
      - '714'
      Content-Type:
      - application/merge-patch+json
      User-Agent:
      - azsdk-python-ai-metricsadvisor/1.0.0b4 Python/3.8.6 (Windows-10-10.0.19041-SP0)
    method: PATCH
    uri: https://js-metrics-advisor.cognitiveservices.azure.com/metricsadvisor/v1.0/dataFeeds/6e71429a-d9d3-4d9a-80e8-6436ee0deb82
  response:
    body:
      string: '{"dataFeedId":"6e71429a-d9d3-4d9a-80e8-6436ee0deb82","dataFeedName":"updateMe","metrics":[{"metricId":"e57c38a5-a0ec-4264-ad54-64cdd2fb3230","metricName":"cost","metricDisplayName":"display
        cost","metricDescription":"the cost"},{"metricId":"77586016-1ec5-4b45-8a43-96363b31c1c4","metricName":"revenue","metricDisplayName":"display
        revenue","metricDescription":"the revenue"}],"dimension":[{"dimensionName":"category","dimensionDisplayName":"display
        category"},{"dimensionName":"city","dimensionDisplayName":"display city"}],"dataStartFrom":"2020-12-10T00:00:00Z","dataSourceType":"SqlServer","timestampColumn":"time","startOffsetInSeconds":1,"maxQueryPerMinute":30.0,"granularityName":"Daily","allUpIdentification":"sumrollup","needRollup":"AlreadyRollup","fillMissingPointType":"CustomValue","fillMissingPointValue":2.0,"rollUpMethod":"Sum","dataFeedDescription":"updateMe","stopRetryAfterInSeconds":1,"minRetryIntervalInSeconds":1,"maxConcurrency":1,"viewMode":"Public","admins":["yournamehere@microsoft.com","f850650c-1fcf-4489-b46f-71af2e30d360"],"viewers":["updated"],"creator":"f850650c-1fcf-4489-b46f-71af2e30d360","status":"Paused","createdTime":"2021-05-21T21:20:46Z","isAdmin":true,"actionLinkTemplate":"updated","dataSourceParameter":{"query":"get
        data"},"authenticationType":"Basic"}'
    headers:
      apim-request-id: d1ac5dcd-daaa-4b92-a04f-3c1c73d61a45
      content-length: '1295'
      content-type: application/json; charset=utf-8
      date: Fri, 21 May 2021 21:20:46 GMT
      strict-transport-security: max-age=31536000; includeSubDomains; preload
      x-content-type-options: nosniff
      x-envoy-upstream-service-time: '830'
      x-request-id: d1ac5dcd-daaa-4b92-a04f-3c1c73d61a45
    status:
      code: 200
      message: OK
    url: https://js-metrics-advisor.cognitiveservices.azure.com//metricsadvisor/v1.0/dataFeeds/6e71429a-d9d3-4d9a-80e8-6436ee0deb82
- request:
    body: null
    headers:
      Accept:
      - application/json
      User-Agent:
      - azsdk-python-ai-metricsadvisor/1.0.0b4 Python/3.8.6 (Windows-10-10.0.19041-SP0)
    method: GET
    uri: https://js-metrics-advisor.cognitiveservices.azure.com/metricsadvisor/v1.0/dataFeeds/6e71429a-d9d3-4d9a-80e8-6436ee0deb82
  response:
    body:
      string: '{"dataFeedId":"6e71429a-d9d3-4d9a-80e8-6436ee0deb82","dataFeedName":"updateMe","metrics":[{"metricId":"e57c38a5-a0ec-4264-ad54-64cdd2fb3230","metricName":"cost","metricDisplayName":"display
        cost","metricDescription":"the cost"},{"metricId":"77586016-1ec5-4b45-8a43-96363b31c1c4","metricName":"revenue","metricDisplayName":"display
        revenue","metricDescription":"the revenue"}],"dimension":[{"dimensionName":"category","dimensionDisplayName":"display
        category"},{"dimensionName":"city","dimensionDisplayName":"display city"}],"dataStartFrom":"2020-12-10T00:00:00Z","dataSourceType":"SqlServer","timestampColumn":"time","startOffsetInSeconds":1,"maxQueryPerMinute":30.0,"granularityName":"Daily","allUpIdentification":"sumrollup","needRollup":"AlreadyRollup","fillMissingPointType":"CustomValue","fillMissingPointValue":2.0,"rollUpMethod":"Sum","dataFeedDescription":"updateMe","stopRetryAfterInSeconds":1,"minRetryIntervalInSeconds":1,"maxConcurrency":1,"viewMode":"Public","admins":["yournamehere@microsoft.com","f850650c-1fcf-4489-b46f-71af2e30d360"],"viewers":["updated"],"creator":"f850650c-1fcf-4489-b46f-71af2e30d360","status":"Paused","createdTime":"2021-05-21T21:20:46Z","isAdmin":true,"actionLinkTemplate":"updated","dataSourceParameter":{"query":"get
        data"},"authenticationType":"Basic"}'
    headers:
      apim-request-id: f877ff81-9a80-4585-889f-55a65d075c72
      content-length: '1295'
      content-type: application/json; charset=utf-8
      date: Fri, 21 May 2021 21:20:47 GMT
      strict-transport-security: max-age=31536000; includeSubDomains; preload
      x-content-type-options: nosniff
      x-envoy-upstream-service-time: '91'
      x-request-id: f877ff81-9a80-4585-889f-55a65d075c72
    status:
      code: 200
      message: OK
    url: https://js-metrics-advisor.cognitiveservices.azure.com//metricsadvisor/v1.0/dataFeeds/6e71429a-d9d3-4d9a-80e8-6436ee0deb82
- request:
    body: null
    headers:
      Accept:
      - application/json
      User-Agent:
      - azsdk-python-ai-metricsadvisor/1.0.0b4 Python/3.8.6 (Windows-10-10.0.19041-SP0)
    method: DELETE
    uri: https://js-metrics-advisor.cognitiveservices.azure.com/metricsadvisor/v1.0/dataFeeds/6e71429a-d9d3-4d9a-80e8-6436ee0deb82
  response:
    body:
      string: ''
    headers:
      apim-request-id: 5f8b6965-8fbe-4563-b633-e9e816bd2c60
      content-length: '0'
      date: Fri, 21 May 2021 21:20:47 GMT
      strict-transport-security: max-age=31536000; includeSubDomains; preload
      x-content-type-options: nosniff
      x-envoy-upstream-service-time: '313'
      x-request-id: 5f8b6965-8fbe-4563-b633-e9e816bd2c60
    status:
      code: 204
      message: No Content
    url: https://js-metrics-advisor.cognitiveservices.azure.com//metricsadvisor/v1.0/dataFeeds/6e71429a-d9d3-4d9a-80e8-6436ee0deb82
version: 1
