interactions:
- request:
    body: '{"dataSourceType": "SqlServer", "dataFeedName": "wholeserieswxhrlvcigcjyl",
      "granularityName": "Daily", "metrics": [{"metricName": "cost"}, {"metricName":
      "revenue"}], "dimension": [{"dimensionName": "category"}, {"dimensionName":
      "region"}], "dataStartFrom": "2019-10-01T00:00:00.000Z", "startOffsetInSeconds":
      0, "maxConcurrency": -1, "minRetryIntervalInSeconds": -1, "stopRetryAfterInSeconds":
      -1, "viewMode": "Private", "authenticationType": "Basic", "dataSourceParameter":
      {"connectionString": "connectionstring", "query": "select * from adsample2 where
      Timestamp = @StartTime"}}'
    headers:
      Accept:
      - application/json
      Content-Length:
      - '800'
      Content-Type:
      - application/json
      User-Agent:
      - azsdk-python-ai-metricsadvisor/1.0.1 Python/3.8.6 (Windows-10-10.0.19041-SP0)
    method: POST
    uri: https://ga-metrics-advisor.cognitiveservices.azure.com/metricsadvisor/v1.0/dataFeeds
  response:
    body:
      string: ''
    headers:
      apim-request-id: 1c0cc935-7b85-424b-acf4-c9c825a19d4c
      content-length: '0'
      date: Wed, 29 Sep 2021 19:39:15 GMT
      location: https://ga-metrics-advisor.cognitiveservices.azure.com/metricsadvisor/v1.0/dataFeeds/d29a2d5d-a9b7-4b5c-ac72-651baf7454fa
      strict-transport-security: max-age=31536000; includeSubDomains; preload
      x-content-type-options: nosniff
      x-envoy-upstream-service-time: '398'
      x-request-id: 1c0cc935-7b85-424b-acf4-c9c825a19d4c
    status:
      code: 201
      message: Created
    url: https://ga-metrics-advisor.cognitiveservices.azure.com//metricsadvisor/v1.0/dataFeeds
- request:
    body: null
    headers:
      Accept:
      - application/json
      User-Agent:
      - azsdk-python-ai-metricsadvisor/1.0.1 Python/3.8.6 (Windows-10-10.0.19041-SP0)
    method: GET
    uri: https://ga-metrics-advisor.cognitiveservices.azure.com/metricsadvisor/v1.0/dataFeeds/d29a2d5d-a9b7-4b5c-ac72-651baf7454fa
  response:
    body:
      string: '{"dataFeedId":"d29a2d5d-a9b7-4b5c-ac72-651baf7454fa","dataFeedName":"wholeserieswxhrlvcigcjyl","metrics":[{"metricId":"310d2748-91c6-4db7-9b47-521ee7fa97ee","metricName":"cost","metricDisplayName":"cost","metricDescription":""},{"metricId":"079612c6-3cbf-4478-b7a4-edd3d95696ce","metricName":"revenue","metricDisplayName":"revenue","metricDescription":""}],"dimension":[{"dimensionName":"category","dimensionDisplayName":"category"},{"dimensionName":"region","dimensionDisplayName":"region"}],"dataStartFrom":"2019-10-01T00:00:00Z","dataSourceType":"SqlServer","timestampColumn":"","startOffsetInSeconds":0,"maxQueryPerMinute":30.0,"granularityName":"Daily","needRollup":"NoRollup","fillMissingPointType":"PreviousValue","fillMissingPointValue":0.0,"rollUpMethod":"None","dataFeedDescription":"","stopRetryAfterInSeconds":-1,"minRetryIntervalInSeconds":-1,"maxConcurrency":-1,"viewMode":"Private","admins":["f850650c-1fcf-4489-b46f-71af2e30d360"],"viewers":[],"creator":"f850650c-1fcf-4489-b46f-71af2e30d360","status":"Active","createdTime":"2021-09-29T19:39:16Z","isAdmin":true,"actionLinkTemplate":"","dataSourceParameter":{"query":"select
        * from adsample2 where Timestamp = @StartTime"},"authenticationType":"Basic"}'
    headers:
      apim-request-id: dcbf6c60-6613-44e6-a03e-3222e3248db6
      content-length: '1219'
      content-type: application/json; charset=utf-8
      date: Wed, 29 Sep 2021 19:39:15 GMT
      strict-transport-security: max-age=31536000; includeSubDomains; preload
      x-content-type-options: nosniff
      x-envoy-upstream-service-time: '122'
      x-request-id: dcbf6c60-6613-44e6-a03e-3222e3248db6
    status:
      code: 200
      message: OK
    url: https://ga-metrics-advisor.cognitiveservices.azure.com//metricsadvisor/v1.0/dataFeeds/d29a2d5d-a9b7-4b5c-ac72-651baf7454fa
- request:
    body: '{"name": "wholeseriesnmtlgms6yqsbe", "description": "testing", "metricId":
      "310d2748-91c6-4db7-9b47-521ee7fa97ee", "wholeMetricConfiguration": {"smartDetectionCondition":
      {"sensitivity": 50.0, "anomalyDetectorDirection": "Both", "suppressCondition":
      {"minNumber": 5, "minRatio": 5.0}}}}'
    headers:
      Accept:
      - application/json
      Content-Length:
      - '286'
      Content-Type:
      - application/json
      User-Agent:
      - azsdk-python-ai-metricsadvisor/1.0.1 Python/3.8.6 (Windows-10-10.0.19041-SP0)
    method: POST
    uri: https://ga-metrics-advisor.cognitiveservices.azure.com/metricsadvisor/v1.0/enrichment/anomalyDetection/configurations
  response:
    body:
      string: ''
    headers:
      apim-request-id: cd0ae67b-8d1a-46d8-935e-c67a9b400908
      content-length: '0'
      date: Wed, 29 Sep 2021 19:39:15 GMT
      location: https://ga-metrics-advisor.cognitiveservices.azure.com/metricsadvisor/v1.0/enrichment/anomalyDetection/configurations/235c899c-dc0a-4c6c-9d2d-878fb81c7144
      strict-transport-security: max-age=31536000; includeSubDomains; preload
      x-content-type-options: nosniff
      x-envoy-upstream-service-time: '124'
      x-request-id: cd0ae67b-8d1a-46d8-935e-c67a9b400908
    status:
      code: 201
      message: Created
    url: https://ga-metrics-advisor.cognitiveservices.azure.com//metricsadvisor/v1.0/enrichment/anomalyDetection/configurations
- request:
    body: null
    headers:
      Accept:
      - application/json
      User-Agent:
      - azsdk-python-ai-metricsadvisor/1.0.1 Python/3.8.6 (Windows-10-10.0.19041-SP0)
    method: GET
    uri: https://ga-metrics-advisor.cognitiveservices.azure.com/metricsadvisor/v1.0/enrichment/anomalyDetection/configurations/235c899c-dc0a-4c6c-9d2d-878fb81c7144
  response:
    body:
      string: '{"anomalyDetectionConfigurationId":"235c899c-dc0a-4c6c-9d2d-878fb81c7144","name":"wholeseriesnmtlgms6yqsbe","description":"testing","metricId":"310d2748-91c6-4db7-9b47-521ee7fa97ee","wholeMetricConfiguration":{"smartDetectionCondition":{"sensitivity":50.0,"anomalyDetectorDirection":"Both","suppressCondition":{"minNumber":5,"minRatio":5.0}}},"dimensionGroupOverrideConfigurations":[],"seriesOverrideConfigurations":[]}'
    headers:
      apim-request-id: a0991fb9-48ca-4844-8e91-9e4c573c5259
      content-length: '419'
      content-type: application/json; charset=utf-8
      date: Wed, 29 Sep 2021 19:39:15 GMT
      strict-transport-security: max-age=31536000; includeSubDomains; preload
      x-content-type-options: nosniff
      x-envoy-upstream-service-time: '44'
      x-request-id: a0991fb9-48ca-4844-8e91-9e4c573c5259
    status:
      code: 200
      message: OK
    url: https://ga-metrics-advisor.cognitiveservices.azure.com//metricsadvisor/v1.0/enrichment/anomalyDetection/configurations/235c899c-dc0a-4c6c-9d2d-878fb81c7144
- request:
    body: '{"name": "testalertae9e225f", "hookIds": [], "metricAlertingConfigurations":
      [{"anomalyDetectionConfigurationId": "235c899c-dc0a-4c6c-9d2d-878fb81c7144",
      "anomalyScopeType": "All", "valueFilter": {"upper": 5.0, "direction": "Up",
      "type": "Value", "metricId": "310d2748-91c6-4db7-9b47-521ee7fa97ee"}}]}'
    headers:
      Accept:
      - application/json
      Content-Length:
      - '301'
      Content-Type:
      - application/json
      User-Agent:
      - azsdk-python-ai-metricsadvisor/1.0.1 Python/3.8.6 (Windows-10-10.0.19041-SP0)
    method: POST
    uri: https://ga-metrics-advisor.cognitiveservices.azure.com/metricsadvisor/v1.0/alert/anomaly/configurations
  response:
    body:
      string: ''
    headers:
      apim-request-id: 8f2e28fd-c934-49a6-8666-1d2148a7bd98
      content-length: '0'
      date: Wed, 29 Sep 2021 19:39:15 GMT
      location: https://ga-metrics-advisor.cognitiveservices.azure.com/metricsadvisor/v1.0/alert/anomaly/configurations/0f7c7782-1035-408b-935e-2a264e9591e0
      strict-transport-security: max-age=31536000; includeSubDomains; preload
      x-content-type-options: nosniff
      x-envoy-upstream-service-time: '68'
      x-request-id: 8f2e28fd-c934-49a6-8666-1d2148a7bd98
    status:
      code: 201
      message: Created
    url: https://ga-metrics-advisor.cognitiveservices.azure.com//metricsadvisor/v1.0/alert/anomaly/configurations
- request:
    body: null
    headers:
      Accept:
      - application/json
      User-Agent:
      - azsdk-python-ai-metricsadvisor/1.0.1 Python/3.8.6 (Windows-10-10.0.19041-SP0)
    method: GET
    uri: https://ga-metrics-advisor.cognitiveservices.azure.com/metricsadvisor/v1.0/alert/anomaly/configurations/0f7c7782-1035-408b-935e-2a264e9591e0
  response:
    body:
      string: '{"anomalyAlertingConfigurationId":"0f7c7782-1035-408b-935e-2a264e9591e0","name":"testalertae9e225f","description":"","splitAlertByDimensions":[],"hookIds":[],"metricAlertingConfigurations":[{"anomalyDetectionConfigurationId":"235c899c-dc0a-4c6c-9d2d-878fb81c7144","anomalyScopeType":"All","negationOperation":false,"valueFilter":{"upper":5.0,"direction":"Up","metricId":"310d2748-91c6-4db7-9b47-521ee7fa97ee","triggerForMissing":false,"type":"Value"}}]}'
    headers:
      apim-request-id: fc576ee7-f60d-4a8e-865f-141f47b0e1ea
      content-length: '453'
      content-type: application/json; charset=utf-8
      date: Wed, 29 Sep 2021 19:39:16 GMT
      strict-transport-security: max-age=31536000; includeSubDomains; preload
      x-content-type-options: nosniff
      x-envoy-upstream-service-time: '44'
      x-request-id: fc576ee7-f60d-4a8e-865f-141f47b0e1ea
    status:
      code: 200
      message: OK
    url: https://ga-metrics-advisor.cognitiveservices.azure.com//metricsadvisor/v1.0/alert/anomaly/configurations/0f7c7782-1035-408b-935e-2a264e9591e0
- request:
    body: null
    headers:
      Accept:
      - application/json
      User-Agent:
      - azsdk-python-ai-metricsadvisor/1.0.1 Python/3.8.6 (Windows-10-10.0.19041-SP0)
    method: DELETE
    uri: https://ga-metrics-advisor.cognitiveservices.azure.com/metricsadvisor/v1.0/alert/anomaly/configurations/0f7c7782-1035-408b-935e-2a264e9591e0
  response:
    body:
      string: ''
    headers:
      apim-request-id: 0b4ac01f-dd71-4a56-8e06-3418d2b45496
      content-length: '0'
      date: Wed, 29 Sep 2021 19:39:16 GMT
      strict-transport-security: max-age=31536000; includeSubDomains; preload
      x-content-type-options: nosniff
      x-envoy-upstream-service-time: '62'
      x-request-id: 0b4ac01f-dd71-4a56-8e06-3418d2b45496
    status:
      code: 204
      message: No Content
    url: https://ga-metrics-advisor.cognitiveservices.azure.com//metricsadvisor/v1.0/alert/anomaly/configurations/0f7c7782-1035-408b-935e-2a264e9591e0
- request:
    body: null
    headers:
      Accept:
      - application/json
      User-Agent:
      - azsdk-python-ai-metricsadvisor/1.0.1 Python/3.8.6 (Windows-10-10.0.19041-SP0)
    method: GET
    uri: https://ga-metrics-advisor.cognitiveservices.azure.com/metricsadvisor/v1.0/alert/anomaly/configurations/0f7c7782-1035-408b-935e-2a264e9591e0
  response:
    body:
      string: '{"code":"Not Found","message":"Not found this AnomalyAlertingConfiguration.
        TraceId: fb0fbf11-1cf6-4040-a870-3f3681d2409e"}'
    headers:
      apim-request-id: fb0fbf11-1cf6-4040-a870-3f3681d2409e
      content-length: '123'
      content-type: application/json; charset=utf-8
      date: Wed, 29 Sep 2021 19:39:16 GMT
      strict-transport-security: max-age=31536000; includeSubDomains; preload
      x-content-type-options: nosniff
      x-envoy-upstream-service-time: '33'
      x-request-id: fb0fbf11-1cf6-4040-a870-3f3681d2409e
    status:
      code: 404
      message: Not Found
    url: https://ga-metrics-advisor.cognitiveservices.azure.com//metricsadvisor/v1.0/alert/anomaly/configurations/0f7c7782-1035-408b-935e-2a264e9591e0
- request:
    body: null
    headers:
      Accept:
      - application/json
      User-Agent:
      - azsdk-python-ai-metricsadvisor/1.0.1 Python/3.8.6 (Windows-10-10.0.19041-SP0)
    method: DELETE
    uri: https://ga-metrics-advisor.cognitiveservices.azure.com/metricsadvisor/v1.0/enrichment/anomalyDetection/configurations/235c899c-dc0a-4c6c-9d2d-878fb81c7144
  response:
    body:
      string: ''
    headers:
      apim-request-id: c416e1e2-c190-4fe0-a72f-483fce853135
      content-length: '0'
      date: Wed, 29 Sep 2021 19:39:16 GMT
      strict-transport-security: max-age=31536000; includeSubDomains; preload
      x-content-type-options: nosniff
      x-envoy-upstream-service-time: '75'
      x-request-id: c416e1e2-c190-4fe0-a72f-483fce853135
    status:
      code: 204
      message: No Content
    url: https://ga-metrics-advisor.cognitiveservices.azure.com//metricsadvisor/v1.0/enrichment/anomalyDetection/configurations/235c899c-dc0a-4c6c-9d2d-878fb81c7144
- request:
    body: null
    headers:
      Accept:
      - application/json
      User-Agent:
      - azsdk-python-ai-metricsadvisor/1.0.1 Python/3.8.6 (Windows-10-10.0.19041-SP0)
    method: DELETE
    uri: https://ga-metrics-advisor.cognitiveservices.azure.com/metricsadvisor/v1.0/dataFeeds/d29a2d5d-a9b7-4b5c-ac72-651baf7454fa
  response:
    body:
      string: ''
    headers:
      apim-request-id: 4e4cb7ef-c375-4ba8-ac6b-8f2802d488f8
      content-length: '0'
      date: Wed, 29 Sep 2021 19:39:16 GMT
      strict-transport-security: max-age=31536000; includeSubDomains; preload
      x-content-type-options: nosniff
      x-envoy-upstream-service-time: '270'
      x-request-id: 4e4cb7ef-c375-4ba8-ac6b-8f2802d488f8
    status:
      code: 204
      message: No Content
    url: https://ga-metrics-advisor.cognitiveservices.azure.com//metricsadvisor/v1.0/dataFeeds/d29a2d5d-a9b7-4b5c-ac72-651baf7454fa
version: 1
