interactions:
- request:
    body: '{"dataSourceType": "SqlServer", "dataFeedName": "topnupj3l5qmhhyk5embnonc",
      "granularityName": "Daily", "metrics": [{"metricName": "cost"}, {"metricName":
      "revenue"}], "dimension": [{"dimensionName": "category"}, {"dimensionName":
      "city"}], "dataStartFrom": "2019-10-01T00:00:00.000Z", "startOffsetInSeconds":
      0, "maxConcurrency": -1, "minRetryIntervalInSeconds": -1, "stopRetryAfterInSeconds":
      -1, "viewMode": "Private", "authenticationType": "Basic", "dataSourceParameter":
      {"connectionString": "connectionstring", "query": "select\u202f*\u202ffrom\u202fadsample2\u202fwhere\u202fTimestamp\u202f=\u202f@StartTime"}}'
    headers:
      Accept:
      - application/json
      Content-Length:
      - '833'
      Content-Type:
      - application/json
      User-Agent:
      - azsdk-python-ai-metricsadvisor/1.0.0b5 Python/3.8.6 (Windows-10-10.0.19041-SP0)
    method: POST
    uri: https://js-metrics-advisor.cognitiveservices.azure.com/metricsadvisor/v1.0/dataFeeds
  response:
    body:
      string: ''
    headers:
      apim-request-id: 170f208d-51a2-4452-93eb-a998dec366b7
      content-length: '0'
      date: Sat, 12 Jun 2021 00:04:12 GMT
      location: https://js-metrics-advisor.cognitiveservices.azure.com/metricsadvisor/v1.0/dataFeeds/71938f15-5b8f-4741-aa45-710d220098bc
      strict-transport-security: max-age=31536000; includeSubDomains; preload
      x-content-type-options: nosniff
      x-envoy-upstream-service-time: '504'
      x-request-id: 170f208d-51a2-4452-93eb-a998dec366b7
    status:
      code: 201
      message: Created
    url: https://js-metrics-advisor.cognitiveservices.azure.com//metricsadvisor/v1.0/dataFeeds
- request:
    body: null
    headers:
      Accept:
      - application/json
      User-Agent:
      - azsdk-python-ai-metricsadvisor/1.0.0b5 Python/3.8.6 (Windows-10-10.0.19041-SP0)
    method: GET
    uri: https://js-metrics-advisor.cognitiveservices.azure.com/metricsadvisor/v1.0/dataFeeds/71938f15-5b8f-4741-aa45-710d220098bc
  response:
    body:
      string: "{\"dataFeedId\":\"71938f15-5b8f-4741-aa45-710d220098bc\",\"dataFeedName\":\"topnupj3l5qmhhyk5embnonc\",\"metrics\":[{\"metricId\":\"eb3cb959-b14c-4354-934f-6940cc3f01ad\",\"metricName\":\"cost\",\"metricDisplayName\":\"cost\",\"metricDescription\":\"\"},{\"metricId\":\"ac47224d-6e02-45ee-8a79-d5b80ee02bc7\",\"metricName\":\"revenue\",\"metricDisplayName\":\"revenue\",\"metricDescription\":\"\"}],\"dimension\":[{\"dimensionName\":\"category\",\"dimensionDisplayName\":\"category\"},{\"dimensionName\":\"city\",\"dimensionDisplayName\":\"city\"}],\"dataStartFrom\":\"2019-10-01T00:00:00Z\",\"dataSourceType\":\"SqlServer\",\"timestampColumn\":\"\",\"startOffsetInSeconds\":0,\"maxQueryPerMinute\":30.0,\"granularityName\":\"Daily\",\"needRollup\":\"NoRollup\",\"fillMissingPointType\":\"PreviousValue\",\"fillMissingPointValue\":0.0,\"rollUpMethod\":\"None\",\"dataFeedDescription\":\"\",\"stopRetryAfterInSeconds\":-1,\"minRetryIntervalInSeconds\":-1,\"maxConcurrency\":-1,\"viewMode\":\"Private\",\"admins\":[\"krpratic@microsoft.com\"],\"viewers\":[],\"creator\":\"krpratic@microsoft.com\",\"status\":\"Active\",\"createdTime\":\"2021-06-12T00:04:13Z\",\"isAdmin\":true,\"actionLinkTemplate\":\"\",\"dataSourceParameter\":{\"query\":\"select\u202F*\u202Ffrom\u202Fadsample2\u202Fwhere\u202FTimestamp\u202F=\u202F@StartTime\"},\"authenticationType\":\"Basic\"}"
    headers:
      apim-request-id: edb10492-bcc8-48fa-b8c2-f094a067a326
      content-length: '1201'
      content-type: application/json; charset=utf-8
      date: Sat, 12 Jun 2021 00:04:12 GMT
      strict-transport-security: max-age=31536000; includeSubDomains; preload
      x-content-type-options: nosniff
      x-envoy-upstream-service-time: '177'
      x-request-id: edb10492-bcc8-48fa-b8c2-f094a067a326
    status:
      code: 200
      message: OK
    url: https://js-metrics-advisor.cognitiveservices.azure.com//metricsadvisor/v1.0/dataFeeds/71938f15-5b8f-4741-aa45-710d220098bc
- request:
    body: '{"name": "topnuplafpju6ebiqf3qb54j", "description": "testing", "metricId":
      "eb3cb959-b14c-4354-934f-6940cc3f01ad", "wholeMetricConfiguration": {"smartDetectionCondition":
      {"sensitivity": 50.0, "anomalyDetectorDirection": "Both", "suppressCondition":
      {"minNumber": 5, "minRatio": 5.0}}}}'
    headers:
      Accept:
      - application/json
      Content-Length:
      - '286'
      Content-Type:
      - application/json
      User-Agent:
      - azsdk-python-ai-metricsadvisor/1.0.0b5 Python/3.8.6 (Windows-10-10.0.19041-SP0)
    method: POST
    uri: https://js-metrics-advisor.cognitiveservices.azure.com/metricsadvisor/v1.0/enrichment/anomalyDetection/configurations
  response:
    body:
      string: ''
    headers:
      apim-request-id: d6c287d7-36a0-41a6-8a60-0690e6237bc6
      content-length: '0'
      date: Sat, 12 Jun 2021 00:04:12 GMT
      location: https://js-metrics-advisor.cognitiveservices.azure.com/metricsadvisor/v1.0/enrichment/anomalyDetection/configurations/3edc1649-8b97-4655-847d-69ee3f7550d5
      strict-transport-security: max-age=31536000; includeSubDomains; preload
      x-content-type-options: nosniff
      x-envoy-upstream-service-time: '168'
      x-request-id: d6c287d7-36a0-41a6-8a60-0690e6237bc6
    status:
      code: 201
      message: Created
    url: https://js-metrics-advisor.cognitiveservices.azure.com//metricsadvisor/v1.0/enrichment/anomalyDetection/configurations
- request:
    body: null
    headers:
      Accept:
      - application/json
      User-Agent:
      - azsdk-python-ai-metricsadvisor/1.0.0b5 Python/3.8.6 (Windows-10-10.0.19041-SP0)
    method: GET
    uri: https://js-metrics-advisor.cognitiveservices.azure.com/metricsadvisor/v1.0/enrichment/anomalyDetection/configurations/3edc1649-8b97-4655-847d-69ee3f7550d5
  response:
    body:
      string: '{"anomalyDetectionConfigurationId":"3edc1649-8b97-4655-847d-69ee3f7550d5","name":"topnuplafpju6ebiqf3qb54j","description":"testing","metricId":"eb3cb959-b14c-4354-934f-6940cc3f01ad","wholeMetricConfiguration":{"smartDetectionCondition":{"sensitivity":50.0,"anomalyDetectorDirection":"Both","suppressCondition":{"minNumber":5,"minRatio":5.0}}},"dimensionGroupOverrideConfigurations":[],"seriesOverrideConfigurations":[]}'
    headers:
      apim-request-id: b089e66b-52ce-4527-bb23-ded81f70c77a
      content-length: '419'
      content-type: application/json; charset=utf-8
      date: Sat, 12 Jun 2021 00:04:13 GMT
      strict-transport-security: max-age=31536000; includeSubDomains; preload
      x-content-type-options: nosniff
      x-envoy-upstream-service-time: '88'
      x-request-id: b089e66b-52ce-4527-bb23-ded81f70c77a
    status:
      code: 200
      message: OK
    url: https://js-metrics-advisor.cognitiveservices.azure.com//metricsadvisor/v1.0/enrichment/anomalyDetection/configurations/3edc1649-8b97-4655-847d-69ee3f7550d5
- request:
    body: '{"name": "testalert312c20ff", "hookIds": [], "metricAlertingConfigurations":
      [{"anomalyDetectionConfigurationId": "3edc1649-8b97-4655-847d-69ee3f7550d5",
      "anomalyScopeType": "All", "severityFilter": {"minAlertSeverity": "Low", "maxAlertSeverity":
      "High"}}]}'
    headers:
      Accept:
      - application/json
      Content-Length:
      - '257'
      Content-Type:
      - application/json
      User-Agent:
      - azsdk-python-ai-metricsadvisor/1.0.0b5 Python/3.8.6 (Windows-10-10.0.19041-SP0)
    method: POST
    uri: https://js-metrics-advisor.cognitiveservices.azure.com/metricsadvisor/v1.0/alert/anomaly/configurations
  response:
    body:
      string: ''
    headers:
      apim-request-id: e8a4249f-7f8b-4d2d-b177-be9e460c49cc
      content-length: '0'
      date: Sat, 12 Jun 2021 00:04:13 GMT
      location: https://js-metrics-advisor.cognitiveservices.azure.com/metricsadvisor/v1.0/alert/anomaly/configurations/34d8ce78-ae49-49ca-907e-2d111a4bd4d2
      strict-transport-security: max-age=31536000; includeSubDomains; preload
      x-content-type-options: nosniff
      x-envoy-upstream-service-time: '126'
      x-request-id: e8a4249f-7f8b-4d2d-b177-be9e460c49cc
    status:
      code: 201
      message: Created
    url: https://js-metrics-advisor.cognitiveservices.azure.com//metricsadvisor/v1.0/alert/anomaly/configurations
- request:
    body: null
    headers:
      Accept:
      - application/json
      User-Agent:
      - azsdk-python-ai-metricsadvisor/1.0.0b5 Python/3.8.6 (Windows-10-10.0.19041-SP0)
    method: GET
    uri: https://js-metrics-advisor.cognitiveservices.azure.com/metricsadvisor/v1.0/alert/anomaly/configurations/34d8ce78-ae49-49ca-907e-2d111a4bd4d2
  response:
    body:
      string: '{"anomalyAlertingConfigurationId":"34d8ce78-ae49-49ca-907e-2d111a4bd4d2","name":"testalert312c20ff","description":"","splitAlertByDimensions":[],"hookIds":[],"metricAlertingConfigurations":[{"anomalyDetectionConfigurationId":"3edc1649-8b97-4655-847d-69ee3f7550d5","anomalyScopeType":"All","negationOperation":false,"severityFilter":{"minAlertSeverity":"Low","maxAlertSeverity":"High"}}]}'
    headers:
      apim-request-id: 0bdf7164-f264-412e-8dc1-5716e26e7612
      content-length: '387'
      content-type: application/json; charset=utf-8
      date: Sat, 12 Jun 2021 00:04:13 GMT
      strict-transport-security: max-age=31536000; includeSubDomains; preload
      x-content-type-options: nosniff
      x-envoy-upstream-service-time: '87'
      x-request-id: 0bdf7164-f264-412e-8dc1-5716e26e7612
    status:
      code: 200
      message: OK
    url: https://js-metrics-advisor.cognitiveservices.azure.com//metricsadvisor/v1.0/alert/anomaly/configurations/34d8ce78-ae49-49ca-907e-2d111a4bd4d2
- request:
    body: null
    headers:
      Accept:
      - application/json
      User-Agent:
      - azsdk-python-ai-metricsadvisor/1.0.0b5 Python/3.8.6 (Windows-10-10.0.19041-SP0)
    method: DELETE
    uri: https://js-metrics-advisor.cognitiveservices.azure.com/metricsadvisor/v1.0/alert/anomaly/configurations/34d8ce78-ae49-49ca-907e-2d111a4bd4d2
  response:
    body:
      string: ''
    headers:
      apim-request-id: 94d3b84d-d531-4e2f-8c1d-e08c5b7d2584
      content-length: '0'
      date: Sat, 12 Jun 2021 00:04:13 GMT
      strict-transport-security: max-age=31536000; includeSubDomains; preload
      x-content-type-options: nosniff
      x-envoy-upstream-service-time: '115'
      x-request-id: 94d3b84d-d531-4e2f-8c1d-e08c5b7d2584
    status:
      code: 204
      message: No Content
    url: https://js-metrics-advisor.cognitiveservices.azure.com//metricsadvisor/v1.0/alert/anomaly/configurations/34d8ce78-ae49-49ca-907e-2d111a4bd4d2
- request:
    body: null
    headers:
      Accept:
      - application/json
      User-Agent:
      - azsdk-python-ai-metricsadvisor/1.0.0b5 Python/3.8.6 (Windows-10-10.0.19041-SP0)
    method: GET
    uri: https://js-metrics-advisor.cognitiveservices.azure.com/metricsadvisor/v1.0/alert/anomaly/configurations/34d8ce78-ae49-49ca-907e-2d111a4bd4d2
  response:
    body:
      string: '{"code":"Not Found","message":"Not found this AnomalyAlertingConfiguration.
        TraceId: acdb6d8b-6e39-475e-8667-bed458437828"}'
    headers:
      apim-request-id: 50aeade9-cd96-4184-84ff-1b118fdb7f56
      content-length: '123'
      content-type: application/json; charset=utf-8
      date: Sat, 12 Jun 2021 00:04:13 GMT
      strict-transport-security: max-age=31536000; includeSubDomains; preload
      x-content-type-options: nosniff
      x-envoy-upstream-service-time: '76'
      x-request-id: 50aeade9-cd96-4184-84ff-1b118fdb7f56
    status:
      code: 404
      message: Not Found
    url: https://js-metrics-advisor.cognitiveservices.azure.com//metricsadvisor/v1.0/alert/anomaly/configurations/34d8ce78-ae49-49ca-907e-2d111a4bd4d2
- request:
    body: null
    headers:
      Accept:
      - application/json
      User-Agent:
      - azsdk-python-ai-metricsadvisor/1.0.0b5 Python/3.8.6 (Windows-10-10.0.19041-SP0)
    method: DELETE
    uri: https://js-metrics-advisor.cognitiveservices.azure.com/metricsadvisor/v1.0/enrichment/anomalyDetection/configurations/3edc1649-8b97-4655-847d-69ee3f7550d5
  response:
    body:
      string: ''
    headers:
      apim-request-id: 3b611c39-bfa6-4d78-9285-fae28aad7938
      content-length: '0'
      date: Sat, 12 Jun 2021 00:04:13 GMT
      strict-transport-security: max-age=31536000; includeSubDomains; preload
      x-content-type-options: nosniff
      x-envoy-upstream-service-time: '91'
      x-request-id: 3b611c39-bfa6-4d78-9285-fae28aad7938
    status:
      code: 204
      message: No Content
    url: https://js-metrics-advisor.cognitiveservices.azure.com//metricsadvisor/v1.0/enrichment/anomalyDetection/configurations/3edc1649-8b97-4655-847d-69ee3f7550d5
- request:
    body: null
    headers:
      Accept:
      - application/json
      User-Agent:
      - azsdk-python-ai-metricsadvisor/1.0.0b5 Python/3.8.6 (Windows-10-10.0.19041-SP0)
    method: DELETE
    uri: https://js-metrics-advisor.cognitiveservices.azure.com/metricsadvisor/v1.0/dataFeeds/71938f15-5b8f-4741-aa45-710d220098bc
  response:
    body:
      string: ''
    headers:
      apim-request-id: 68a708f3-c01e-4bd3-8233-ace8aa376cd6
      content-length: '0'
      date: Sat, 12 Jun 2021 00:04:14 GMT
      strict-transport-security: max-age=31536000; includeSubDomains; preload
      x-content-type-options: nosniff
      x-envoy-upstream-service-time: '368'
      x-request-id: 68a708f3-c01e-4bd3-8233-ace8aa376cd6
    status:
      code: 204
      message: No Content
    url: https://js-metrics-advisor.cognitiveservices.azure.com//metricsadvisor/v1.0/dataFeeds/71938f15-5b8f-4741-aa45-710d220098bc
version: 1
