interactions:
- request:
    body: '{"dataSourceType": "SqlServer", "dataFeedName": "updatedetectionrul2yoqz6",
      "granularityName": "Daily", "metrics": [{"metricName": "cost"}, {"metricName":
      "revenue"}], "dimension": [{"dimensionName": "category"}, {"dimensionName":
      "city"}], "dataStartFrom": "2019-10-01T00:00:00.000Z", "startOffsetInSeconds":
      0, "maxConcurrency": -1, "minRetryIntervalInSeconds": -1, "stopRetryAfterInSeconds":
      -1, "dataSourceParameter": {"connectionString": "connectionstring", "query":
      "select\u202f*\u202ffrom\u202fadsample2\u202fwhere\u202fTimestamp\u202f=\u202f@StartTime"}}'
    headers:
      Accept:
      - application/json
      Content-Length:
      - '779'
      Content-Type:
      - application/json
      User-Agent:
      - azsdk-python-ai-metricsadvisor/1.0.0b4 Python/3.8.6 (Windows-10-10.0.19041-SP0)
    method: POST
    uri: https://js-metrics-advisor.cognitiveservices.azure.com/metricsadvisor/v1.0/dataFeeds
  response:
    body:
      string: ''
    headers:
      apim-request-id: 439b1097-f6cc-4824-962c-d7f5aad92136
      content-length: '0'
      date: Fri, 21 May 2021 21:22:37 GMT
      location: https://js-metrics-advisor.cognitiveservices.azure.com/metricsadvisor/v1.0/dataFeeds/3413e0d0-c4f2-4000-8725-277bfab2622b
      strict-transport-security: max-age=31536000; includeSubDomains; preload
      x-content-type-options: nosniff
      x-envoy-upstream-service-time: '6079'
      x-request-id: 439b1097-f6cc-4824-962c-d7f5aad92136
    status:
      code: 201
      message: Created
    url: https://js-metrics-advisor.cognitiveservices.azure.com//metricsadvisor/v1.0/dataFeeds
- request:
    body: null
    headers:
      Accept:
      - application/json
      User-Agent:
      - azsdk-python-ai-metricsadvisor/1.0.0b4 Python/3.8.6 (Windows-10-10.0.19041-SP0)
    method: GET
    uri: https://js-metrics-advisor.cognitiveservices.azure.com/metricsadvisor/v1.0/dataFeeds/3413e0d0-c4f2-4000-8725-277bfab2622b
  response:
    body:
      string: "{\"dataFeedId\":\"3413e0d0-c4f2-4000-8725-277bfab2622b\",\"dataFeedName\":\"updatedetectionrul2yoqz6\",\"metrics\":[{\"metricId\":\"44101364-379d-4b92-b38a-40fc9ab48f58\",\"metricName\":\"cost\",\"metricDisplayName\":\"cost\",\"metricDescription\":\"\"},{\"metricId\":\"b9003721-45a9-4d5a-ad2e-c7755e304bac\",\"metricName\":\"revenue\",\"metricDisplayName\":\"revenue\",\"metricDescription\":\"\"}],\"dimension\":[{\"dimensionName\":\"category\",\"dimensionDisplayName\":\"category\"},{\"dimensionName\":\"city\",\"dimensionDisplayName\":\"city\"}],\"dataStartFrom\":\"2019-10-01T00:00:00Z\",\"dataSourceType\":\"SqlServer\",\"timestampColumn\":\"\",\"startOffsetInSeconds\":0,\"maxQueryPerMinute\":30.0,\"granularityName\":\"Daily\",\"needRollup\":\"NoRollup\",\"fillMissingPointType\":\"PreviousValue\",\"fillMissingPointValue\":0.0,\"rollUpMethod\":\"None\",\"dataFeedDescription\":\"\",\"stopRetryAfterInSeconds\":-1,\"minRetryIntervalInSeconds\":-1,\"maxConcurrency\":-1,\"viewMode\":\"Private\",\"admins\":[\"f850650c-1fcf-4489-b46f-71af2e30d360\"],\"viewers\":[],\"creator\":\"f850650c-1fcf-4489-b46f-71af2e30d360\",\"status\":\"Active\",\"createdTime\":\"2021-05-21T21:22:38Z\",\"isAdmin\":true,\"actionLinkTemplate\":\"\",\"dataSourceParameter\":{\"query\":\"select\u202F*\u202Ffrom\u202Fadsample2\u202Fwhere\u202FTimestamp\u202F=\u202F@StartTime\"},\"authenticationType\":\"Basic\"}"
    headers:
      apim-request-id: fdec5a03-2543-43ce-b868-055b0fb60863
      content-length: '1229'
      content-type: application/json; charset=utf-8
      date: Fri, 21 May 2021 21:22:38 GMT
      strict-transport-security: max-age=31536000; includeSubDomains; preload
      x-content-type-options: nosniff
      x-envoy-upstream-service-time: '205'
      x-request-id: fdec5a03-2543-43ce-b868-055b0fb60863
    status:
      code: 200
      message: OK
    url: https://js-metrics-advisor.cognitiveservices.azure.com//metricsadvisor/v1.0/dataFeeds/3413e0d0-c4f2-4000-8725-277bfab2622b
- request:
    body: '{"name": "testupdated3uwv3uzs3yiwx", "description": "My test metric anomaly
      detection configuration", "metricId": "44101364-379d-4b92-b38a-40fc9ab48f58",
      "wholeMetricConfiguration": {"conditionOperator": "AND", "smartDetectionCondition":
      {"sensitivity": 50.0, "anomalyDetectorDirection": "Both", "suppressCondition":
      {"minNumber": 50, "minRatio": 50.0}}, "hardThresholdCondition": {"lowerBound":
      0.0, "upperBound": 100.0, "anomalyDetectorDirection": "Both", "suppressCondition":
      {"minNumber": 5, "minRatio": 5.0}}, "changeThresholdCondition": {"changePercentage":
      50.0, "shiftPoint": 30, "withinRange": true, "anomalyDetectorDirection": "Both",
      "suppressCondition": {"minNumber": 2, "minRatio": 2.0}}}, "dimensionGroupOverrideConfigurations":
      [{"group": {"dimension": {"city": "Sao Paulo"}}, "smartDetectionCondition":
      {"sensitivity": 63.0, "anomalyDetectorDirection": "Both", "suppressCondition":
      {"minNumber": 1, "minRatio": 100.0}}}], "seriesOverrideConfigurations": [{"series":
      {"dimension": {"city": "Shenzhen", "category": "Jewelry"}}, "smartDetectionCondition":
      {"sensitivity": 63.0, "anomalyDetectorDirection": "Both", "suppressCondition":
      {"minNumber": 1, "minRatio": 100.0}}}]}'
    headers:
      Accept:
      - application/json
      Content-Length:
      - '1187'
      Content-Type:
      - application/json
      User-Agent:
      - azsdk-python-ai-metricsadvisor/1.0.0b4 Python/3.8.6 (Windows-10-10.0.19041-SP0)
    method: POST
    uri: https://js-metrics-advisor.cognitiveservices.azure.com/metricsadvisor/v1.0/enrichment/anomalyDetection/configurations
  response:
    body:
      string: ''
    headers:
      apim-request-id: 9464f0e7-8363-4e0d-ab6a-aa44ab1aac06
      content-length: '0'
      date: Fri, 21 May 2021 21:22:44 GMT
      location: https://js-metrics-advisor.cognitiveservices.azure.com/metricsadvisor/v1.0/enrichment/anomalyDetection/configurations/a573426a-6722-4761-b7bc-8807892b3a1d
      strict-transport-security: max-age=31536000; includeSubDomains; preload
      x-content-type-options: nosniff
      x-envoy-upstream-service-time: '5326'
      x-request-id: 9464f0e7-8363-4e0d-ab6a-aa44ab1aac06
    status:
      code: 201
      message: Created
    url: https://js-metrics-advisor.cognitiveservices.azure.com//metricsadvisor/v1.0/enrichment/anomalyDetection/configurations
- request:
    body: null
    headers:
      Accept:
      - application/json
      User-Agent:
      - azsdk-python-ai-metricsadvisor/1.0.0b4 Python/3.8.6 (Windows-10-10.0.19041-SP0)
    method: GET
    uri: https://js-metrics-advisor.cognitiveservices.azure.com/metricsadvisor/v1.0/enrichment/anomalyDetection/configurations/a573426a-6722-4761-b7bc-8807892b3a1d
  response:
    body:
      string: '{"anomalyDetectionConfigurationId":"a573426a-6722-4761-b7bc-8807892b3a1d","name":"testupdated3uwv3uzs3yiwx","description":"My
        test metric anomaly detection configuration","metricId":"44101364-379d-4b92-b38a-40fc9ab48f58","wholeMetricConfiguration":{"conditionOperator":"AND","smartDetectionCondition":{"sensitivity":50.0,"anomalyDetectorDirection":"Both","suppressCondition":{"minNumber":50,"minRatio":50.0}},"hardThresholdCondition":{"lowerBound":0.0,"upperBound":100.0,"anomalyDetectorDirection":"Both","suppressCondition":{"minNumber":5,"minRatio":5.0}},"changeThresholdCondition":{"changePercentage":50.0,"shiftPoint":30,"anomalyDetectorDirection":"Both","withinRange":true,"suppressCondition":{"minNumber":2,"minRatio":2.0}}},"dimensionGroupOverrideConfigurations":[{"group":{"dimension":{"city":"Sao
        Paulo"}},"smartDetectionCondition":{"sensitivity":63.0,"anomalyDetectorDirection":"Both","suppressCondition":{"minNumber":1,"minRatio":100.0}}}],"seriesOverrideConfigurations":[{"series":{"dimension":{"city":"Shenzhen","category":"Jewelry"}},"smartDetectionCondition":{"sensitivity":63.0,"anomalyDetectorDirection":"Both","suppressCondition":{"minNumber":1,"minRatio":100.0}}}]}'
    headers:
      apim-request-id: 4bddc18d-4853-4e76-9485-4c14988bffe7
      content-length: '1184'
      content-type: application/json; charset=utf-8
      date: Fri, 21 May 2021 21:22:44 GMT
      strict-transport-security: max-age=31536000; includeSubDomains; preload
      x-content-type-options: nosniff
      x-envoy-upstream-service-time: '202'
      x-request-id: 4bddc18d-4853-4e76-9485-4c14988bffe7
    status:
      code: 200
      message: OK
    url: https://js-metrics-advisor.cognitiveservices.azure.com//metricsadvisor/v1.0/enrichment/anomalyDetection/configurations/a573426a-6722-4761-b7bc-8807892b3a1d
- request:
    body: '{"name": "updated", "wholeMetricConfiguration": {"conditionOperator": "OR",
      "smartDetectionCondition": {"sensitivity": 10.0, "anomalyDetectorDirection":
      "Up", "suppressCondition": {"minNumber": 5, "minRatio": 2.0}}, "hardThresholdCondition":
      {"upperBound": 100.0, "anomalyDetectorDirection": "Up", "suppressCondition":
      {"minNumber": 5, "minRatio": 2.0}}, "changeThresholdCondition": {"changePercentage":
      20.0, "shiftPoint": 10, "withinRange": true, "anomalyDetectorDirection": "Both",
      "suppressCondition": {"minNumber": 5, "minRatio": 2.0}}}, "dimensionGroupOverrideConfigurations":
      [{"group": {"dimension": {"city": "Shenzen"}}, "conditionOperator": "AND", "smartDetectionCondition":
      {"sensitivity": 10.0, "anomalyDetectorDirection": "Up", "suppressCondition":
      {"minNumber": 5, "minRatio": 2.0}}, "hardThresholdCondition": {"upperBound":
      100.0, "anomalyDetectorDirection": "Up", "suppressCondition": {"minNumber":
      5, "minRatio": 2.0}}, "changeThresholdCondition": {"changePercentage": 20.0,
      "shiftPoint": 10, "withinRange": true, "anomalyDetectorDirection": "Both", "suppressCondition":
      {"minNumber": 5, "minRatio": 2.0}}}], "seriesOverrideConfigurations": [{"series":
      {"dimension": {"city": "San Paulo", "category": "Jewelry"}}, "conditionOperator":
      "AND", "smartDetectionCondition": {"sensitivity": 10.0, "anomalyDetectorDirection":
      "Up", "suppressCondition": {"minNumber": 5, "minRatio": 2.0}}, "hardThresholdCondition":
      {"upperBound": 100.0, "anomalyDetectorDirection": "Up", "suppressCondition":
      {"minNumber": 5, "minRatio": 2.0}}, "changeThresholdCondition": {"changePercentage":
      20.0, "shiftPoint": 10, "withinRange": true, "anomalyDetectorDirection": "Both",
      "suppressCondition": {"minNumber": 5, "minRatio": 2.0}}}], "description": "updated"}'
    headers:
      Accept:
      - application/json
      Content-Length:
      - '1752'
      Content-Type:
      - application/merge-patch+json
      User-Agent:
      - azsdk-python-ai-metricsadvisor/1.0.0b4 Python/3.8.6 (Windows-10-10.0.19041-SP0)
    method: PATCH
    uri: https://js-metrics-advisor.cognitiveservices.azure.com/metricsadvisor/v1.0/enrichment/anomalyDetection/configurations/a573426a-6722-4761-b7bc-8807892b3a1d
  response:
    body:
      string: '{"anomalyDetectionConfigurationId":"a573426a-6722-4761-b7bc-8807892b3a1d","name":"updated","description":"updated","metricId":"44101364-379d-4b92-b38a-40fc9ab48f58","wholeMetricConfiguration":{"conditionOperator":"OR","smartDetectionCondition":{"sensitivity":10.0,"anomalyDetectorDirection":"Up","suppressCondition":{"minNumber":5,"minRatio":2.0}},"hardThresholdCondition":{"upperBound":100.0,"anomalyDetectorDirection":"Up","suppressCondition":{"minNumber":5,"minRatio":2.0}},"changeThresholdCondition":{"changePercentage":20.0,"shiftPoint":10,"anomalyDetectorDirection":"Both","withinRange":true,"suppressCondition":{"minNumber":5,"minRatio":2.0}}},"dimensionGroupOverrideConfigurations":[{"group":{"dimension":{"city":"Shenzen"}},"conditionOperator":"AND","smartDetectionCondition":{"sensitivity":10.0,"anomalyDetectorDirection":"Up","suppressCondition":{"minNumber":5,"minRatio":2.0}},"hardThresholdCondition":{"upperBound":100.0,"anomalyDetectorDirection":"Up","suppressCondition":{"minNumber":5,"minRatio":2.0}},"changeThresholdCondition":{"changePercentage":20.0,"shiftPoint":10,"anomalyDetectorDirection":"Both","withinRange":true,"suppressCondition":{"minNumber":5,"minRatio":2.0}}}],"seriesOverrideConfigurations":[{"series":{"dimension":{"city":"San
        Paulo","category":"Jewelry"}},"conditionOperator":"AND","smartDetectionCondition":{"sensitivity":10.0,"anomalyDetectorDirection":"Up","suppressCondition":{"minNumber":5,"minRatio":2.0}},"hardThresholdCondition":{"upperBound":100.0,"anomalyDetectorDirection":"Up","suppressCondition":{"minNumber":5,"minRatio":2.0}},"changeThresholdCondition":{"changePercentage":20.0,"shiftPoint":10,"anomalyDetectorDirection":"Both","withinRange":true,"suppressCondition":{"minNumber":5,"minRatio":2.0}}}]}'
    headers:
      apim-request-id: 58529cef-9233-4d5e-9475-165696425a4a
      content-length: '1751'
      content-type: application/json; charset=utf-8
      date: Fri, 21 May 2021 21:22:49 GMT
      strict-transport-security: max-age=31536000; includeSubDomains; preload
      x-content-type-options: nosniff
      x-envoy-upstream-service-time: '5363'
      x-request-id: 58529cef-9233-4d5e-9475-165696425a4a
    status:
      code: 200
      message: OK
    url: https://js-metrics-advisor.cognitiveservices.azure.com//metricsadvisor/v1.0/enrichment/anomalyDetection/configurations/a573426a-6722-4761-b7bc-8807892b3a1d
- request:
    body: null
    headers:
      Accept:
      - application/json
      User-Agent:
      - azsdk-python-ai-metricsadvisor/1.0.0b4 Python/3.8.6 (Windows-10-10.0.19041-SP0)
    method: GET
    uri: https://js-metrics-advisor.cognitiveservices.azure.com/metricsadvisor/v1.0/enrichment/anomalyDetection/configurations/a573426a-6722-4761-b7bc-8807892b3a1d
  response:
    body:
      string: '{"anomalyDetectionConfigurationId":"a573426a-6722-4761-b7bc-8807892b3a1d","name":"updated","description":"updated","metricId":"44101364-379d-4b92-b38a-40fc9ab48f58","wholeMetricConfiguration":{"conditionOperator":"OR","smartDetectionCondition":{"sensitivity":10.0,"anomalyDetectorDirection":"Up","suppressCondition":{"minNumber":5,"minRatio":2.0}},"hardThresholdCondition":{"upperBound":100.0,"anomalyDetectorDirection":"Up","suppressCondition":{"minNumber":5,"minRatio":2.0}},"changeThresholdCondition":{"changePercentage":20.0,"shiftPoint":10,"anomalyDetectorDirection":"Both","withinRange":true,"suppressCondition":{"minNumber":5,"minRatio":2.0}}},"dimensionGroupOverrideConfigurations":[{"group":{"dimension":{"city":"Shenzen"}},"conditionOperator":"AND","smartDetectionCondition":{"sensitivity":10.0,"anomalyDetectorDirection":"Up","suppressCondition":{"minNumber":5,"minRatio":2.0}},"hardThresholdCondition":{"upperBound":100.0,"anomalyDetectorDirection":"Up","suppressCondition":{"minNumber":5,"minRatio":2.0}},"changeThresholdCondition":{"changePercentage":20.0,"shiftPoint":10,"anomalyDetectorDirection":"Both","withinRange":true,"suppressCondition":{"minNumber":5,"minRatio":2.0}}}],"seriesOverrideConfigurations":[{"series":{"dimension":{"city":"San
        Paulo","category":"Jewelry"}},"conditionOperator":"AND","smartDetectionCondition":{"sensitivity":10.0,"anomalyDetectorDirection":"Up","suppressCondition":{"minNumber":5,"minRatio":2.0}},"hardThresholdCondition":{"upperBound":100.0,"anomalyDetectorDirection":"Up","suppressCondition":{"minNumber":5,"minRatio":2.0}},"changeThresholdCondition":{"changePercentage":20.0,"shiftPoint":10,"anomalyDetectorDirection":"Both","withinRange":true,"suppressCondition":{"minNumber":5,"minRatio":2.0}}}]}'
    headers:
      apim-request-id: c3d109b9-327c-47eb-a97d-2aee1fb3da89
      content-length: '1751'
      content-type: application/json; charset=utf-8
      date: Fri, 21 May 2021 21:22:49 GMT
      strict-transport-security: max-age=31536000; includeSubDomains; preload
      x-content-type-options: nosniff
      x-envoy-upstream-service-time: '225'
      x-request-id: c3d109b9-327c-47eb-a97d-2aee1fb3da89
    status:
      code: 200
      message: OK
    url: https://js-metrics-advisor.cognitiveservices.azure.com//metricsadvisor/v1.0/enrichment/anomalyDetection/configurations/a573426a-6722-4761-b7bc-8807892b3a1d
- request:
    body: null
    headers:
      Accept:
      - application/json
      User-Agent:
      - azsdk-python-ai-metricsadvisor/1.0.0b4 Python/3.8.6 (Windows-10-10.0.19041-SP0)
    method: DELETE
    uri: https://js-metrics-advisor.cognitiveservices.azure.com/metricsadvisor/v1.0/dataFeeds/3413e0d0-c4f2-4000-8725-277bfab2622b
  response:
    body:
      string: ''
    headers:
      apim-request-id: e91fef68-e97c-41b8-9b7f-773e06f173a6
      content-length: '0'
      date: Fri, 21 May 2021 21:22:49 GMT
      strict-transport-security: max-age=31536000; includeSubDomains; preload
      x-content-type-options: nosniff
      x-envoy-upstream-service-time: '299'
      x-request-id: e91fef68-e97c-41b8-9b7f-773e06f173a6
    status:
      code: 204
      message: No Content
    url: https://js-metrics-advisor.cognitiveservices.azure.com//metricsadvisor/v1.0/dataFeeds/3413e0d0-c4f2-4000-8725-277bfab2622b
version: 1
