interactions:
- request:
    body: '{"dataSourceCredentialType": "DataLakeGen2SharedKey", "dataSourceCredentialName":
      "testdatalakecredentiald40122a1", "dataSourceCredentialDescription": "my credential
      entity", "parameters": {"accountKey": "connectionstring"}}'
    headers:
      Accept:
      - application/json
      Content-Length:
      - '296'
      Content-Type:
      - application/json
      User-Agent:
      - azsdk-python-ai-metricsadvisor/1.0.0b4 Python/3.8.6 (Windows-10-10.0.19041-SP0)
    method: POST
    uri: https://js-metrics-advisor.cognitiveservices.azure.com/metricsadvisor/v1.0/credentials
  response:
    body:
      string: ''
    headers:
      apim-request-id: b3ff2009-9083-4e80-a68b-0b83338ce346
      content-length: '0'
      date: Tue, 25 May 2021 19:02:26 GMT
      location: https://js-metrics-advisor.cognitiveservices.azure.com/metricsadvisor/v1.0/credentials/8853d749-ae66-48ef-b4ae-90c8d19809fe
      strict-transport-security: max-age=31536000; includeSubDomains; preload
      x-content-type-options: nosniff
      x-envoy-upstream-service-time: '696'
      x-request-id: b3ff2009-9083-4e80-a68b-0b83338ce346
    status:
      code: 201
      message: Created
    url: https://js-metrics-advisor.cognitiveservices.azure.com//metricsadvisor/v1.0/credentials
- request:
    body: null
    headers:
      Accept:
      - application/json
      User-Agent:
      - azsdk-python-ai-metricsadvisor/1.0.0b4 Python/3.8.6 (Windows-10-10.0.19041-SP0)
    method: GET
    uri: https://js-metrics-advisor.cognitiveservices.azure.com/metricsadvisor/v1.0/credentials/8853d749-ae66-48ef-b4ae-90c8d19809fe
  response:
    body:
      string: '{"dataSourceCredentialId":"8853d749-ae66-48ef-b4ae-90c8d19809fe","dataSourceCredentialName":"testdatalakecredentiald40122a1","dataSourceCredentialDescription":"my
        credential entity","dataSourceCredentialType":"DataLakeGen2SharedKey","parameters":{}}'
    headers:
      apim-request-id: 54f1067d-e39b-4eaf-b9e6-168df85cf6aa
      content-length: '249'
      content-type: application/json; charset=utf-8
      date: Tue, 25 May 2021 19:02:26 GMT
      strict-transport-security: max-age=31536000; includeSubDomains; preload
      x-content-type-options: nosniff
      x-envoy-upstream-service-time: '69'
      x-request-id: 54f1067d-e39b-4eaf-b9e6-168df85cf6aa
    status:
      code: 200
      message: OK
    url: https://js-metrics-advisor.cognitiveservices.azure.com//metricsadvisor/v1.0/credentials/8853d749-ae66-48ef-b4ae-90c8d19809fe
- request:
    body: '{"dataSourceCredentialType": "DataLakeGen2SharedKey", "dataSourceCredentialName":
      "testdatalakecredentiald40122a1", "dataSourceCredentialDescription": "update",
      "parameters": {"accountKey": "update"}}'
    headers:
      Accept:
      - application/json
      Content-Length:
      - '200'
      Content-Type:
      - application/merge-patch+json
      User-Agent:
      - azsdk-python-ai-metricsadvisor/1.0.0b4 Python/3.8.6 (Windows-10-10.0.19041-SP0)
    method: PATCH
    uri: https://js-metrics-advisor.cognitiveservices.azure.com/metricsadvisor/v1.0/credentials/8853d749-ae66-48ef-b4ae-90c8d19809fe
  response:
    body:
      string: '{"dataSourceCredentialId":"8853d749-ae66-48ef-b4ae-90c8d19809fe","dataSourceCredentialName":"testdatalakecredentiald40122a1","dataSourceCredentialDescription":"update","dataSourceCredentialType":"DataLakeGen2SharedKey","parameters":{}}'
    headers:
      apim-request-id: a7253b01-ff6a-46d2-a344-a5e9e0ccb9a4
      content-length: '235'
      content-type: application/json; charset=utf-8
      date: Tue, 25 May 2021 19:02:26 GMT
      strict-transport-security: max-age=31536000; includeSubDomains; preload
      x-content-type-options: nosniff
      x-envoy-upstream-service-time: '577'
      x-request-id: a7253b01-ff6a-46d2-a344-a5e9e0ccb9a4
    status:
      code: 200
      message: OK
    url: https://js-metrics-advisor.cognitiveservices.azure.com//metricsadvisor/v1.0/credentials/8853d749-ae66-48ef-b4ae-90c8d19809fe
- request:
    body: null
    headers:
      Accept:
      - application/json
      User-Agent:
      - azsdk-python-ai-metricsadvisor/1.0.0b4 Python/3.8.6 (Windows-10-10.0.19041-SP0)
    method: DELETE
    uri: https://js-metrics-advisor.cognitiveservices.azure.com/metricsadvisor/v1.0/credentials/8853d749-ae66-48ef-b4ae-90c8d19809fe
  response:
    body:
      string: ''
    headers:
      apim-request-id: d02eba9c-8575-4f80-a0bd-d239f30ee47f
      content-length: '0'
      date: Tue, 25 May 2021 19:02:27 GMT
      strict-transport-security: max-age=31536000; includeSubDomains; preload
      x-content-type-options: nosniff
      x-envoy-upstream-service-time: '202'
      x-request-id: d02eba9c-8575-4f80-a0bd-d239f30ee47f
    status:
      code: 204
      message: No Content
    url: https://js-metrics-advisor.cognitiveservices.azure.com//metricsadvisor/v1.0/credentials/8853d749-ae66-48ef-b4ae-90c8d19809fe
version: 1
