interactions:
- request:
    body: '{"dataSourceType": "SqlServer", "dataFeedName": "wholeseries3kmxxfr6oig2q",
      "granularityName": "Daily", "metrics": [{"metricName": "cost"}, {"metricName":
      "revenue"}], "dimension": [{"dimensionName": "category"}, {"dimensionName":
      "region"}], "dataStartFrom": "2019-10-01T00:00:00.000Z", "startOffsetInSeconds":
      0, "maxConcurrency": -1, "minRetryIntervalInSeconds": -1, "stopRetryAfterInSeconds":
      -1, "viewMode": "Private", "authenticationType": "Basic", "dataSourceParameter":
      {"connectionString": "connectionstring", "query": "select * from adsample2 where
      Timestamp = @StartTime"}}'
    headers:
      Accept:
      - application/json
      Content-Length:
      - '800'
      Content-Type:
      - application/json
      User-Agent:
      - azsdk-python-ai-metricsadvisor/1.0.1 Python/3.8.6 (Windows-10-10.0.19041-SP0)
    method: POST
    uri: https://ga-metrics-advisor.cognitiveservices.azure.com/metricsadvisor/v1.0/dataFeeds
  response:
    body:
      string: ''
    headers:
      apim-request-id: 52316966-8df1-42fb-9fed-69f3525aac8b
      content-length: '0'
      date: Wed, 29 Sep 2021 19:40:17 GMT
      location: https://ga-metrics-advisor.cognitiveservices.azure.com/metricsadvisor/v1.0/dataFeeds/84158850-facc-4fe2-bf12-14d1b334ba23
      strict-transport-security: max-age=31536000; includeSubDomains; preload
      x-content-type-options: nosniff
      x-envoy-upstream-service-time: '428'
      x-request-id: 52316966-8df1-42fb-9fed-69f3525aac8b
    status:
      code: 201
      message: Created
    url: https://ga-metrics-advisor.cognitiveservices.azure.com//metricsadvisor/v1.0/dataFeeds
- request:
    body: null
    headers:
      Accept:
      - application/json
      User-Agent:
      - azsdk-python-ai-metricsadvisor/1.0.1 Python/3.8.6 (Windows-10-10.0.19041-SP0)
    method: GET
    uri: https://ga-metrics-advisor.cognitiveservices.azure.com/metricsadvisor/v1.0/dataFeeds/84158850-facc-4fe2-bf12-14d1b334ba23
  response:
    body:
      string: '{"dataFeedId":"84158850-facc-4fe2-bf12-14d1b334ba23","dataFeedName":"wholeseries3kmxxfr6oig2q","metrics":[{"metricId":"d8c2a7cf-085d-4bfd-a974-6dd272937592","metricName":"cost","metricDisplayName":"cost","metricDescription":""},{"metricId":"99dcbd77-c11a-4c51-a50e-116c9ef930f4","metricName":"revenue","metricDisplayName":"revenue","metricDescription":""}],"dimension":[{"dimensionName":"category","dimensionDisplayName":"category"},{"dimensionName":"region","dimensionDisplayName":"region"}],"dataStartFrom":"2019-10-01T00:00:00Z","dataSourceType":"SqlServer","timestampColumn":"","startOffsetInSeconds":0,"maxQueryPerMinute":30.0,"granularityName":"Daily","needRollup":"NoRollup","fillMissingPointType":"PreviousValue","fillMissingPointValue":0.0,"rollUpMethod":"None","dataFeedDescription":"","stopRetryAfterInSeconds":-1,"minRetryIntervalInSeconds":-1,"maxConcurrency":-1,"viewMode":"Private","admins":["xiangyan@microsoft.com"],"viewers":[],"creator":"xiangyan@microsoft.com","status":"Active","createdTime":"2021-09-29T19:40:17Z","isAdmin":true,"actionLinkTemplate":"","dataSourceParameter":{"query":"select
        * from adsample2 where Timestamp = @StartTime"},"authenticationType":"Basic"}'
    headers:
      apim-request-id: 6d284b71-c1c1-48db-bd94-37d3bc8c59e3
      content-length: '1191'
      content-type: application/json; charset=utf-8
      date: Wed, 29 Sep 2021 19:40:17 GMT
      strict-transport-security: max-age=31536000; includeSubDomains; preload
      x-content-type-options: nosniff
      x-envoy-upstream-service-time: '173'
      x-request-id: 6d284b71-c1c1-48db-bd94-37d3bc8c59e3
    status:
      code: 200
      message: OK
    url: https://ga-metrics-advisor.cognitiveservices.azure.com//metricsadvisor/v1.0/dataFeeds/84158850-facc-4fe2-bf12-14d1b334ba23
- request:
    body: '{"name": "wholeseries34z3ykui6hy64", "description": "testing", "metricId":
      "d8c2a7cf-085d-4bfd-a974-6dd272937592", "wholeMetricConfiguration": {"smartDetectionCondition":
      {"sensitivity": 50.0, "anomalyDetectorDirection": "Both", "suppressCondition":
      {"minNumber": 5, "minRatio": 5.0}}}}'
    headers:
      Accept:
      - application/json
      Content-Length:
      - '286'
      Content-Type:
      - application/json
      User-Agent:
      - azsdk-python-ai-metricsadvisor/1.0.1 Python/3.8.6 (Windows-10-10.0.19041-SP0)
    method: POST
    uri: https://ga-metrics-advisor.cognitiveservices.azure.com/metricsadvisor/v1.0/enrichment/anomalyDetection/configurations
  response:
    body:
      string: ''
    headers:
      apim-request-id: 24e663b6-8917-4feb-b80c-0bc1051e4df0
      content-length: '0'
      date: Wed, 29 Sep 2021 19:40:17 GMT
      location: https://ga-metrics-advisor.cognitiveservices.azure.com/metricsadvisor/v1.0/enrichment/anomalyDetection/configurations/8bca9d23-3139-4582-9365-c25f3a7b2772
      strict-transport-security: max-age=31536000; includeSubDomains; preload
      x-content-type-options: nosniff
      x-envoy-upstream-service-time: '189'
      x-request-id: 24e663b6-8917-4feb-b80c-0bc1051e4df0
    status:
      code: 201
      message: Created
    url: https://ga-metrics-advisor.cognitiveservices.azure.com//metricsadvisor/v1.0/enrichment/anomalyDetection/configurations
- request:
    body: null
    headers:
      Accept:
      - application/json
      User-Agent:
      - azsdk-python-ai-metricsadvisor/1.0.1 Python/3.8.6 (Windows-10-10.0.19041-SP0)
    method: GET
    uri: https://ga-metrics-advisor.cognitiveservices.azure.com/metricsadvisor/v1.0/enrichment/anomalyDetection/configurations/8bca9d23-3139-4582-9365-c25f3a7b2772
  response:
    body:
      string: '{"anomalyDetectionConfigurationId":"8bca9d23-3139-4582-9365-c25f3a7b2772","name":"wholeseries34z3ykui6hy64","description":"testing","metricId":"d8c2a7cf-085d-4bfd-a974-6dd272937592","wholeMetricConfiguration":{"smartDetectionCondition":{"sensitivity":50.0,"anomalyDetectorDirection":"Both","suppressCondition":{"minNumber":5,"minRatio":5.0}}},"dimensionGroupOverrideConfigurations":[],"seriesOverrideConfigurations":[]}'
    headers:
      apim-request-id: d8a59627-4fff-42be-918a-6f514a96f3b3
      content-length: '419'
      content-type: application/json; charset=utf-8
      date: Wed, 29 Sep 2021 19:40:17 GMT
      strict-transport-security: max-age=31536000; includeSubDomains; preload
      x-content-type-options: nosniff
      x-envoy-upstream-service-time: '94'
      x-request-id: d8a59627-4fff-42be-918a-6f514a96f3b3
    status:
      code: 200
      message: OK
    url: https://ga-metrics-advisor.cognitiveservices.azure.com//metricsadvisor/v1.0/enrichment/anomalyDetection/configurations/8bca9d23-3139-4582-9365-c25f3a7b2772
- request:
    body: '{"name": "testalert71b321ad", "hookIds": [], "metricAlertingConfigurations":
      [{"anomalyDetectionConfigurationId": "8bca9d23-3139-4582-9365-c25f3a7b2772",
      "anomalyScopeType": "All", "valueFilter": {"lower": 1.0, "direction": "Down",
      "type": "Value", "metricId": "d8c2a7cf-085d-4bfd-a974-6dd272937592"}}]}'
    headers:
      Accept:
      - application/json
      Content-Length:
      - '303'
      Content-Type:
      - application/json
      User-Agent:
      - azsdk-python-ai-metricsadvisor/1.0.1 Python/3.8.6 (Windows-10-10.0.19041-SP0)
    method: POST
    uri: https://ga-metrics-advisor.cognitiveservices.azure.com/metricsadvisor/v1.0/alert/anomaly/configurations
  response:
    body:
      string: ''
    headers:
      apim-request-id: 59c263a0-da7a-49ea-8b20-763624191f5d
      content-length: '0'
      date: Wed, 29 Sep 2021 19:40:18 GMT
      location: https://ga-metrics-advisor.cognitiveservices.azure.com/metricsadvisor/v1.0/alert/anomaly/configurations/6d1057fc-3e23-4a8c-8d18-f9b98bc51306
      strict-transport-security: max-age=31536000; includeSubDomains; preload
      x-content-type-options: nosniff
      x-envoy-upstream-service-time: '166'
      x-request-id: 59c263a0-da7a-49ea-8b20-763624191f5d
    status:
      code: 201
      message: Created
    url: https://ga-metrics-advisor.cognitiveservices.azure.com//metricsadvisor/v1.0/alert/anomaly/configurations
- request:
    body: null
    headers:
      Accept:
      - application/json
      User-Agent:
      - azsdk-python-ai-metricsadvisor/1.0.1 Python/3.8.6 (Windows-10-10.0.19041-SP0)
    method: GET
    uri: https://ga-metrics-advisor.cognitiveservices.azure.com/metricsadvisor/v1.0/alert/anomaly/configurations/6d1057fc-3e23-4a8c-8d18-f9b98bc51306
  response:
    body:
      string: '{"anomalyAlertingConfigurationId":"6d1057fc-3e23-4a8c-8d18-f9b98bc51306","name":"testalert71b321ad","description":"","splitAlertByDimensions":[],"hookIds":[],"metricAlertingConfigurations":[{"anomalyDetectionConfigurationId":"8bca9d23-3139-4582-9365-c25f3a7b2772","anomalyScopeType":"All","negationOperation":false,"valueFilter":{"lower":1.0,"direction":"Down","metricId":"d8c2a7cf-085d-4bfd-a974-6dd272937592","triggerForMissing":false,"type":"Value"}}]}'
    headers:
      apim-request-id: 447cda29-1c25-47f4-b9ed-3d6b510a585e
      content-length: '455'
      content-type: application/json; charset=utf-8
      date: Wed, 29 Sep 2021 19:40:18 GMT
      strict-transport-security: max-age=31536000; includeSubDomains; preload
      x-content-type-options: nosniff
      x-envoy-upstream-service-time: '117'
      x-request-id: 447cda29-1c25-47f4-b9ed-3d6b510a585e
    status:
      code: 200
      message: OK
    url: https://ga-metrics-advisor.cognitiveservices.azure.com//metricsadvisor/v1.0/alert/anomaly/configurations/6d1057fc-3e23-4a8c-8d18-f9b98bc51306
- request:
    body: null
    headers:
      Accept:
      - application/json
      User-Agent:
      - azsdk-python-ai-metricsadvisor/1.0.1 Python/3.8.6 (Windows-10-10.0.19041-SP0)
    method: DELETE
    uri: https://ga-metrics-advisor.cognitiveservices.azure.com/metricsadvisor/v1.0/alert/anomaly/configurations/6d1057fc-3e23-4a8c-8d18-f9b98bc51306
  response:
    body:
      string: ''
    headers:
      apim-request-id: f9f0472c-c938-404c-a4ff-5bfc18f47704
      content-length: '0'
      date: Wed, 29 Sep 2021 19:40:18 GMT
      strict-transport-security: max-age=31536000; includeSubDomains; preload
      x-content-type-options: nosniff
      x-envoy-upstream-service-time: '117'
      x-request-id: f9f0472c-c938-404c-a4ff-5bfc18f47704
    status:
      code: 204
      message: No Content
    url: https://ga-metrics-advisor.cognitiveservices.azure.com//metricsadvisor/v1.0/alert/anomaly/configurations/6d1057fc-3e23-4a8c-8d18-f9b98bc51306
- request:
    body: null
    headers:
      Accept:
      - application/json
      User-Agent:
      - azsdk-python-ai-metricsadvisor/1.0.1 Python/3.8.6 (Windows-10-10.0.19041-SP0)
    method: GET
    uri: https://ga-metrics-advisor.cognitiveservices.azure.com/metricsadvisor/v1.0/alert/anomaly/configurations/6d1057fc-3e23-4a8c-8d18-f9b98bc51306
  response:
    body:
      string: '{"code":"Not Found","message":"Not found this AnomalyAlertingConfiguration.
        TraceId: fab33188-1655-4a85-849d-840db962a188"}'
    headers:
      apim-request-id: fab33188-1655-4a85-849d-840db962a188
      content-length: '123'
      content-type: application/json; charset=utf-8
      date: Wed, 29 Sep 2021 19:40:18 GMT
      strict-transport-security: max-age=31536000; includeSubDomains; preload
      x-content-type-options: nosniff
      x-envoy-upstream-service-time: '79'
      x-request-id: fab33188-1655-4a85-849d-840db962a188
    status:
      code: 404
      message: Not Found
    url: https://ga-metrics-advisor.cognitiveservices.azure.com//metricsadvisor/v1.0/alert/anomaly/configurations/6d1057fc-3e23-4a8c-8d18-f9b98bc51306
- request:
    body: null
    headers:
      Accept:
      - application/json
      User-Agent:
      - azsdk-python-ai-metricsadvisor/1.0.1 Python/3.8.6 (Windows-10-10.0.19041-SP0)
    method: DELETE
    uri: https://ga-metrics-advisor.cognitiveservices.azure.com/metricsadvisor/v1.0/enrichment/anomalyDetection/configurations/8bca9d23-3139-4582-9365-c25f3a7b2772
  response:
    body:
      string: ''
    headers:
      apim-request-id: 5f9ca7b9-d75a-4474-9dc5-fd2b304f6b77
      content-length: '0'
      date: Wed, 29 Sep 2021 19:40:18 GMT
      strict-transport-security: max-age=31536000; includeSubDomains; preload
      x-content-type-options: nosniff
      x-envoy-upstream-service-time: '101'
      x-request-id: 5f9ca7b9-d75a-4474-9dc5-fd2b304f6b77
    status:
      code: 204
      message: No Content
    url: https://ga-metrics-advisor.cognitiveservices.azure.com//metricsadvisor/v1.0/enrichment/anomalyDetection/configurations/8bca9d23-3139-4582-9365-c25f3a7b2772
- request:
    body: null
    headers:
      Accept:
      - application/json
      User-Agent:
      - azsdk-python-ai-metricsadvisor/1.0.1 Python/3.8.6 (Windows-10-10.0.19041-SP0)
    method: DELETE
    uri: https://ga-metrics-advisor.cognitiveservices.azure.com/metricsadvisor/v1.0/dataFeeds/84158850-facc-4fe2-bf12-14d1b334ba23
  response:
    body:
      string: ''
    headers:
      apim-request-id: e6ea15ec-cc11-4e3c-b7ab-bd58f13c8133
      content-length: '0'
      date: Wed, 29 Sep 2021 19:40:18 GMT
      strict-transport-security: max-age=31536000; includeSubDomains; preload
      x-content-type-options: nosniff
      x-envoy-upstream-service-time: '330'
      x-request-id: e6ea15ec-cc11-4e3c-b7ab-bd58f13c8133
    status:
      code: 204
      message: No Content
    url: https://ga-metrics-advisor.cognitiveservices.azure.com//metricsadvisor/v1.0/dataFeeds/84158850-facc-4fe2-bf12-14d1b334ba23
version: 1
