interactions:
- request:
    body: '{"hookType": "Email", "hookName": "testhook23951511", "description": "my
      email hook", "externalLink": "external link", "hookParameter": {"toList": ["yournamehere@microsoft.com"]}}'
    headers:
      Accept:
      - application/json
      Content-Length:
      - '179'
      Content-Type:
      - application/json
      User-Agent:
      - azsdk-python-ai-metricsadvisor/1.0.0b5 Python/3.8.6 (Windows-10-10.0.19041-SP0)
    method: POST
    uri: https://js-metrics-advisor.cognitiveservices.azure.com/metricsadvisor/v1.0/hooks
  response:
    body:
      string: ''
    headers:
      apim-request-id: 646a438b-bc48-446e-8426-5588e6738ea9
      content-length: '0'
      date: Sat, 12 Jun 2021 00:09:03 GMT
      location: https://js-metrics-advisor.cognitiveservices.azure.com/metricsadvisor/v1.0/hooks/b58c0fab-04a2-4753-9d34-8cd341cec895
      strict-transport-security: max-age=31536000; includeSubDomains; preload
      x-content-type-options: nosniff
      x-envoy-upstream-service-time: '584'
      x-request-id: 646a438b-bc48-446e-8426-5588e6738ea9
    status:
      code: 201
      message: Created
    url: https://js-metrics-advisor.cognitiveservices.azure.com//metricsadvisor/v1.0/hooks
- request:
    body: null
    headers:
      Accept:
      - application/json
      User-Agent:
      - azsdk-python-ai-metricsadvisor/1.0.0b5 Python/3.8.6 (Windows-10-10.0.19041-SP0)
    method: GET
    uri: https://js-metrics-advisor.cognitiveservices.azure.com/metricsadvisor/v1.0/hooks/b58c0fab-04a2-4753-9d34-8cd341cec895
  response:
    body:
      string: '{"hookId":"b58c0fab-04a2-4753-9d34-8cd341cec895","hookName":"testhook23951511","hookType":"Email","externalLink":"external
        link","description":"my email hook","admins":["krpratic@microsoft.com"],"hookParameter":{"toList":["yournamehere@microsoft.com"]}}'
    headers:
      apim-request-id: fd5f0e85-fa55-4cfd-be37-5fcfa1ba999f
      content-length: '253'
      content-type: application/json; charset=utf-8
      date: Sat, 12 Jun 2021 00:09:03 GMT
      strict-transport-security: max-age=31536000; includeSubDomains; preload
      x-content-type-options: nosniff
      x-envoy-upstream-service-time: '161'
      x-request-id: fd5f0e85-fa55-4cfd-be37-5fcfa1ba999f
    status:
      code: 200
      message: OK
    url: https://js-metrics-advisor.cognitiveservices.azure.com//metricsadvisor/v1.0/hooks/b58c0fab-04a2-4753-9d34-8cd341cec895
- request:
    body: '{"hookName": "update", "description": "update", "externalLink": "update",
      "hookType": "Email", "hookParameter": {"toList": ["myemail@m.com"]}}'
    headers:
      Accept:
      - application/json
      Content-Length:
      - '142'
      Content-Type:
      - application/merge-patch+json
      User-Agent:
      - azsdk-python-ai-metricsadvisor/1.0.0b5 Python/3.8.6 (Windows-10-10.0.19041-SP0)
    method: PATCH
    uri: https://js-metrics-advisor.cognitiveservices.azure.com/metricsadvisor/v1.0/hooks/b58c0fab-04a2-4753-9d34-8cd341cec895
  response:
    body:
      string: '{"hookId":"b58c0fab-04a2-4753-9d34-8cd341cec895","hookName":"update","hookType":"Email","externalLink":"update","description":"update","admins":["krpratic@microsoft.com"],"hookParameter":{"toList":["myemail@m.com"]}}'
    headers:
      apim-request-id: 8bce73ba-f5b1-47b9-96ac-9621aadd8b3b
      content-length: '216'
      content-type: application/json; charset=utf-8
      date: Sat, 12 Jun 2021 00:09:04 GMT
      strict-transport-security: max-age=31536000; includeSubDomains; preload
      x-content-type-options: nosniff
      x-envoy-upstream-service-time: '615'
      x-request-id: 8bce73ba-f5b1-47b9-96ac-9621aadd8b3b
    status:
      code: 200
      message: OK
    url: https://js-metrics-advisor.cognitiveservices.azure.com//metricsadvisor/v1.0/hooks/b58c0fab-04a2-4753-9d34-8cd341cec895
- request:
    body: null
    headers:
      Accept:
      - application/json
      User-Agent:
      - azsdk-python-ai-metricsadvisor/1.0.0b5 Python/3.8.6 (Windows-10-10.0.19041-SP0)
    method: GET
    uri: https://js-metrics-advisor.cognitiveservices.azure.com/metricsadvisor/v1.0/hooks/b58c0fab-04a2-4753-9d34-8cd341cec895
  response:
    body:
      string: '{"hookId":"b58c0fab-04a2-4753-9d34-8cd341cec895","hookName":"update","hookType":"Email","externalLink":"update","description":"update","admins":["krpratic@microsoft.com"],"hookParameter":{"toList":["myemail@m.com"]}}'
    headers:
      apim-request-id: 0dc237b1-275d-4b5b-bac9-730c9daaed76
      content-length: '216'
      content-type: application/json; charset=utf-8
      date: Sat, 12 Jun 2021 00:09:04 GMT
      strict-transport-security: max-age=31536000; includeSubDomains; preload
      x-content-type-options: nosniff
      x-envoy-upstream-service-time: '161'
      x-request-id: 0dc237b1-275d-4b5b-bac9-730c9daaed76
    status:
      code: 200
      message: OK
    url: https://js-metrics-advisor.cognitiveservices.azure.com//metricsadvisor/v1.0/hooks/b58c0fab-04a2-4753-9d34-8cd341cec895
- request:
    body: null
    headers:
      Accept:
      - application/json
      User-Agent:
      - azsdk-python-ai-metricsadvisor/1.0.0b5 Python/3.8.6 (Windows-10-10.0.19041-SP0)
    method: DELETE
    uri: https://js-metrics-advisor.cognitiveservices.azure.com/metricsadvisor/v1.0/hooks/b58c0fab-04a2-4753-9d34-8cd341cec895
  response:
    body:
      string: ''
    headers:
      apim-request-id: 83b1ae50-40c4-475a-a7de-50b0faf13ce5
      content-length: '0'
      date: Sat, 12 Jun 2021 00:09:04 GMT
      strict-transport-security: max-age=31536000; includeSubDomains; preload
      x-content-type-options: nosniff
      x-envoy-upstream-service-time: '167'
      x-request-id: 83b1ae50-40c4-475a-a7de-50b0faf13ce5
    status:
      code: 204
      message: No Content
    url: https://js-metrics-advisor.cognitiveservices.azure.com//metricsadvisor/v1.0/hooks/b58c0fab-04a2-4753-9d34-8cd341cec895
version: 1
