interactions:
- request:
    body: '{"hookType": "Email", "hookName": "testhookb281913", "description": "my
      email hook", "externalLink": "external link", "hookParameter": {"toList": ["yournamehere@microsoft.com"]}}'
    headers:
      Accept:
      - application/json
      Content-Length:
      - '178'
      Content-Type:
      - application/json
      User-Agent:
      - azsdk-python-ai-metricsadvisor/1.0.0b3 Python/3.8.6 (Windows-10-10.0.19041-SP0)
    method: POST
    uri: https://js-metrics-advisor.cognitiveservices.azure.com/metricsadvisor/v1.0/hooks
  response:
    body:
      string: ''
    headers:
      apim-request-id: 06ac9aec-ffb4-46c6-8976-9a6c3d55aef7
      content-length: '0'
      date: Sat, 26 Dec 2020 19:40:36 GMT
      location: https://js-metrics-advisor.cognitiveservices.azure.com/metricsadvisor/v1.0/hooks/2cfa3d56-2d7c-4c2f-a4f2-7470e2c217f3
      strict-transport-security: max-age=31536000; includeSubDomains; preload
      x-content-type-options: nosniff
      x-envoy-upstream-service-time: '529'
      x-request-id: 06ac9aec-ffb4-46c6-8976-9a6c3d55aef7
    status:
      code: 201
      message: Created
    url: https://js-metrics-advisor.cognitiveservices.azure.com//metricsadvisor/v1.0/hooks
- request:
    body: null
    headers:
      Accept:
      - application/json
      User-Agent:
      - azsdk-python-ai-metricsadvisor/1.0.0b3 Python/3.8.6 (Windows-10-10.0.19041-SP0)
    method: GET
    uri: https://js-metrics-advisor.cognitiveservices.azure.com/metricsadvisor/v1.0/hooks/2cfa3d56-2d7c-4c2f-a4f2-7470e2c217f3
  response:
    body:
      string: '{"hookId":"2cfa3d56-2d7c-4c2f-a4f2-7470e2c217f3","hookName":"testhookb281913","hookType":"Email","externalLink":"external
        link","description":"my email hook","admins":["krpratic@microsoft.com"],"hookParameter":{"toList":["yournamehere@microsoft.com"]}}'
    headers:
      apim-request-id: fb1fe299-4dc2-4cae-b773-bbe59ae61163
      content-length: '252'
      content-type: application/json; charset=utf-8
      date: Sat, 26 Dec 2020 19:40:36 GMT
      strict-transport-security: max-age=31536000; includeSubDomains; preload
      x-content-type-options: nosniff
      x-envoy-upstream-service-time: '342'
      x-request-id: fb1fe299-4dc2-4cae-b773-bbe59ae61163
    status:
      code: 200
      message: OK
    url: https://js-metrics-advisor.cognitiveservices.azure.com//metricsadvisor/v1.0/hooks/2cfa3d56-2d7c-4c2f-a4f2-7470e2c217f3
- request:
    body: '{"hookType": "Email", "hookName": "update", "description": "update", "externalLink":
      "update", "hookParameter": {"toList": ["myemail@m.com"]}}'
    headers:
      Accept:
      - application/json
      Content-Length:
      - '142'
      Content-Type:
      - application/merge-patch+json
      User-Agent:
      - azsdk-python-ai-metricsadvisor/1.0.0b3 Python/3.8.6 (Windows-10-10.0.19041-SP0)
    method: PATCH
    uri: https://js-metrics-advisor.cognitiveservices.azure.com/metricsadvisor/v1.0/hooks/2cfa3d56-2d7c-4c2f-a4f2-7470e2c217f3
  response:
    body:
      string: ''
    headers:
      apim-request-id: 59888e7e-a3bf-486d-a5a0-a1867945acf5
      content-length: '0'
      date: Sat, 26 Dec 2020 19:40:37 GMT
      strict-transport-security: max-age=31536000; includeSubDomains; preload
      x-content-type-options: nosniff
      x-envoy-upstream-service-time: '596'
      x-request-id: 59888e7e-a3bf-486d-a5a0-a1867945acf5
    status:
      code: 204
      message: No Content
    url: https://js-metrics-advisor.cognitiveservices.azure.com//metricsadvisor/v1.0/hooks/2cfa3d56-2d7c-4c2f-a4f2-7470e2c217f3
- request:
    body: null
    headers:
      Accept:
      - application/json
      User-Agent:
      - azsdk-python-ai-metricsadvisor/1.0.0b3 Python/3.8.6 (Windows-10-10.0.19041-SP0)
    method: GET
    uri: https://js-metrics-advisor.cognitiveservices.azure.com/metricsadvisor/v1.0/hooks/2cfa3d56-2d7c-4c2f-a4f2-7470e2c217f3
  response:
    body:
      string: '{"hookId":"2cfa3d56-2d7c-4c2f-a4f2-7470e2c217f3","hookName":"update","hookType":"Email","externalLink":"update","description":"update","admins":["krpratic@microsoft.com"],"hookParameter":{"toList":["myemail@m.com"]}}'
    headers:
      apim-request-id: 7ef03192-77f9-4971-931d-ccb8e1c681c1
      content-length: '216'
      content-type: application/json; charset=utf-8
      date: Sat, 26 Dec 2020 19:40:37 GMT
      strict-transport-security: max-age=31536000; includeSubDomains; preload
      x-content-type-options: nosniff
      x-envoy-upstream-service-time: '396'
      x-request-id: 7ef03192-77f9-4971-931d-ccb8e1c681c1
    status:
      code: 200
      message: OK
    url: https://js-metrics-advisor.cognitiveservices.azure.com//metricsadvisor/v1.0/hooks/2cfa3d56-2d7c-4c2f-a4f2-7470e2c217f3
- request:
    body: null
    headers:
      Accept:
      - application/json
      User-Agent:
      - azsdk-python-ai-metricsadvisor/1.0.0b3 Python/3.8.6 (Windows-10-10.0.19041-SP0)
    method: DELETE
    uri: https://js-metrics-advisor.cognitiveservices.azure.com/metricsadvisor/v1.0/hooks/2cfa3d56-2d7c-4c2f-a4f2-7470e2c217f3
  response:
    body:
      string: ''
    headers:
      apim-request-id: eb52d497-7c53-4ee9-b9c4-ddd449c271d5
      content-length: '0'
      date: Sat, 26 Dec 2020 19:40:38 GMT
      strict-transport-security: max-age=31536000; includeSubDomains; preload
      x-content-type-options: nosniff
      x-envoy-upstream-service-time: '415'
      x-request-id: eb52d497-7c53-4ee9-b9c4-ddd449c271d5
    status:
      code: 204
      message: No Content
    url: https://js-metrics-advisor.cognitiveservices.azure.com//metricsadvisor/v1.0/hooks/2cfa3d56-2d7c-4c2f-a4f2-7470e2c217f3
version: 1
