interactions:
- request:
    body: '{"dimensionName": "dimension_name"}'
    headers:
      Accept:
      - application/json
      Content-Length:
      - '25'
      Content-Type:
      - application/json
      User-Agent:
      - azsdk-python-ai-metricsadvisor/1.0.0b4 Python/3.8.6 (Windows-10-10.0.19041-SP0)
    method: POST
    uri: https://js-metrics-advisor.cognitiveservices.azure.com/metricsadvisor/v1.0/metrics/metric_id/dimension/query
  response:
    body:
      string: '{"value":["Abidjan","Ahmadabad","Alexandria","Ankara","Atlanta","Baghdad","Bangkok","Barcelona","Beijing","Belo
        Horizonte","Bengaluru","Bogota","Boston","Brasilia","Buenos Aires","Cairo","Chengdu","Chennai","Chicago","Chittagong"],"@nextLink":"https://js-metrics-advisor.cognitiveservices.azure.com:443/metricsadvisor/v1.0/metrics/metric_id/dimension/query?$maxpagesize=20&$skip=20"}'
    headers:
      apim-request-id: 0215597a-40ef-4dbe-8f65-da14fce052d5
      content-length: '410'
      content-type: application/json; charset=utf-8
      date: Fri, 21 May 2021 22:03:36 GMT
      strict-transport-security: max-age=31536000; includeSubDomains; preload
      x-content-type-options: nosniff
      x-envoy-upstream-service-time: '5118'
      x-request-id: 0215597a-40ef-4dbe-8f65-da14fce052d5
    status:
      code: 200
      message: OK
    url: https://js-metrics-advisor.cognitiveservices.azure.com//metricsadvisor/v1.0/metrics/metric_id/dimension/query
- request:
    body: '{"dimensionName": "dimension_name"}'
    headers:
      Accept:
      - application/json
      Content-Length:
      - '25'
      Content-Type:
      - application/json
      User-Agent:
      - azsdk-python-ai-metricsadvisor/1.0.0b4 Python/3.8.6 (Windows-10-10.0.19041-SP0)
    method: POST
    uri: https://js-metrics-advisor.cognitiveservices.azure.com:443/metricsadvisor/v1.0/metrics/metric_id/dimension/query?$maxpagesize=20&$skip=20
  response:
    body:
      string: '{"value":["Chongqing","Dallas","Delhi","Dhaka","Dongguan","Guadalajara","Guangzhou","Hanoi","Haora","Hechi","Ho
        Chi Minh City","Hong Kong","Houston","Hyderabad","Istanbul","Jakarta","Karachi","Khartoum","Kinshasa","Kolkata"],"@nextLink":"https://js-metrics-advisor.cognitiveservices.azure.com:443/metricsadvisor/v1.0/metrics/metric_id/dimension/query?$maxpagesize=20&$skip=40"}'
    headers:
      apim-request-id: b432aaa9-63b2-449b-94cb-2cc214e3beb8
      content-length: '404'
      content-type: application/json; charset=utf-8
      date: Fri, 21 May 2021 22:03:36 GMT
      strict-transport-security: max-age=31536000; includeSubDomains; preload
      x-content-type-options: nosniff
      x-envoy-upstream-service-time: '113'
      x-request-id: b432aaa9-63b2-449b-94cb-2cc214e3beb8
    status:
      code: 200
      message: OK
    url: https://js-metrics-advisor.cognitiveservices.azure.com:443/metricsadvisor/v1.0/metrics/metric_id/dimension/query?$maxpagesize=20&$skip=20
- request:
    body: '{"dimensionName": "dimension_name"}'
    headers:
      Accept:
      - application/json
      Content-Length:
      - '25'
      Content-Type:
      - application/json
      User-Agent:
      - azsdk-python-ai-metricsadvisor/1.0.0b4 Python/3.8.6 (Windows-10-10.0.19041-SP0)
    method: POST
    uri: https://js-metrics-advisor.cognitiveservices.azure.com:443/metricsadvisor/v1.0/metrics/metric_id/dimension/query?$maxpagesize=20&$skip=40
  response:
    body:
      string: '{"value":["Lagos","Lahore","Lima","London","Los Angeles","Luanda","Madrid","Manila","Melbourne","Mexico
        City","Miami","Monterrey","Moscow","Mumbai","New York","Osaka","Paris","Philadelphia","Phoenix","Porto
        Alegre"],"@nextLink":"https://js-metrics-advisor.cognitiveservices.azure.com:443/metricsadvisor/v1.0/metrics/metric_id/dimension/query?$maxpagesize=20&$skip=60"}'
    headers:
      apim-request-id: 3212a984-62ae-423b-948c-b5fdc8ad9a28
      content-length: '395'
      content-type: application/json; charset=utf-8
      date: Fri, 21 May 2021 22:03:36 GMT
      strict-transport-security: max-age=31536000; includeSubDomains; preload
      x-content-type-options: nosniff
      x-envoy-upstream-service-time: '58'
      x-request-id: 3212a984-62ae-423b-948c-b5fdc8ad9a28
    status:
      code: 200
      message: OK
    url: https://js-metrics-advisor.cognitiveservices.azure.com:443/metricsadvisor/v1.0/metrics/metric_id/dimension/query?$maxpagesize=20&$skip=40
- request:
    body: '{"dimensionName": "dimension_name"}'
    headers:
      Accept:
      - application/json
      Content-Length:
      - '25'
      Content-Type:
      - application/json
      User-Agent:
      - azsdk-python-ai-metricsadvisor/1.0.0b4 Python/3.8.6 (Windows-10-10.0.19041-SP0)
    method: POST
    uri: https://js-metrics-advisor.cognitiveservices.azure.com:443/metricsadvisor/v1.0/metrics/metric_id/dimension/query?$maxpagesize=20&$skip=60
  response:
    body:
      string: '{"value":["Pune","Rangoon","Rio de Janeiro","Riyadh","Saint Petersburg","Santiago","Sao
        Paulo","Seoul","Shanghai","Shenyang","Shenzhen","Singapore","__SUM__","Surat","Sydney","Taipei","Tehran","Tianjin","Tokyo","Toronto"],"@nextLink":"https://js-metrics-advisor.cognitiveservices.azure.com:443/metricsadvisor/v1.0/metrics/metric_id/dimension/query?$maxpagesize=20&$skip=80"}'
    headers:
      apim-request-id: 4ca31211-9f5c-4dc1-8b24-0bd7b88827d4
      content-length: '401'
      content-type: application/json; charset=utf-8
      date: Fri, 21 May 2021 22:03:36 GMT
      strict-transport-security: max-age=31536000; includeSubDomains; preload
      x-content-type-options: nosniff
      x-envoy-upstream-service-time: '51'
      x-request-id: 4ca31211-9f5c-4dc1-8b24-0bd7b88827d4
    status:
      code: 200
      message: OK
    url: https://js-metrics-advisor.cognitiveservices.azure.com:443/metricsadvisor/v1.0/metrics/metric_id/dimension/query?$maxpagesize=20&$skip=60
- request:
    body: '{"dimensionName": "dimension_name"}'
    headers:
      Accept:
      - application/json
      Content-Length:
      - '25'
      Content-Type:
      - application/json
      User-Agent:
      - azsdk-python-ai-metricsadvisor/1.0.0b4 Python/3.8.6 (Windows-10-10.0.19041-SP0)
    method: POST
    uri: https://js-metrics-advisor.cognitiveservices.azure.com:443/metricsadvisor/v1.0/metrics/metric_id/dimension/query?$maxpagesize=20&$skip=80
  response:
    body:
      string: '{"value":["Washington","Wuhan","Xi''an","Yokohama"],"@nextLink":null}'
    headers:
      apim-request-id: 1b717395-46b7-44e9-a87b-170b0f80415a
      content-length: '68'
      content-type: application/json; charset=utf-8
      date: Fri, 21 May 2021 22:03:36 GMT
      strict-transport-security: max-age=31536000; includeSubDomains; preload
      x-content-type-options: nosniff
      x-envoy-upstream-service-time: '52'
      x-request-id: 1b717395-46b7-44e9-a87b-170b0f80415a
    status:
      code: 200
      message: OK
    url: https://js-metrics-advisor.cognitiveservices.azure.com:443/metricsadvisor/v1.0/metrics/metric_id/dimension/query?$maxpagesize=20&$skip=80
version: 1
