interactions:
- request:
    body: 'b''{"dataSourceType": "SqlServer", "dataFeedName": "update711c1662", "dataFeedDescription":
      "my first data feed", "granularityName": "Daily", "metrics": [{"metricName":
      "cost", "metricDisplayName": "display cost", "metricDescription": "the cost"},
      {"metricName": "revenue", "metricDisplayName": "display revenue", "metricDescription":
      "the revenue"}], "dimension": [{"dimensionName": "category", "dimensionDisplayName":
      "display category"}, {"dimensionName": "city", "dimensionDisplayName": "display
      city"}], "timestampColumn": "Timestamp", "dataStartFrom": "2019-10-01T00:00:00.000Z",
      "startOffsetInSeconds": -1, "maxConcurrency": 0, "minRetryIntervalInSeconds":
      -1, "stopRetryAfterInSeconds": -1, "needRollup": "NoRollup", "rollUpMethod":
      "None", "fillMissingPointType": "SmartFilling", "viewMode": "Private", "admins":
      ["yournamehere@microsoft.com"], "viewers": ["viewers"], "actionLinkTemplate":
      "action link template", "dataSourceParameter": {"connectionString": "connectionstring",
      "query": "select\\u202f*\\u202ffrom\\u202fadsample2\\u202fwhere\\u202fTimestamp\\u202f=\\u202f@StartTime"}}'''
    headers:
      Accept:
      - application/json
      Content-Length:
      - '1301'
      Content-Type:
      - application/json
      User-Agent:
      - azsdk-python-ai-metricsadvisor/1.0.0b1 Python/3.7.3 (Windows-10-10.0.19041-SP0)
    method: POST
    uri: https://anuchan-cg-metric-advisor.cognitiveservices.azure.com/metricsadvisor/v1.0/dataFeeds
  response:
    body:
      string: ''
    headers:
      apim-request-id: 5a2f2c8f-07c4-440a-8987-323d636337e2
      content-length: '0'
      date: Mon, 21 Sep 2020 23:40:24 GMT
      location: https://anuchan-cg-metric-advisor.cognitiveservices.azure.com/metricsadvisor/v1.0/dataFeeds/b68f770b-78f3-40d9-8baa-f6c4a2170948
      strict-transport-security: max-age=31536000; includeSubDomains; preload
      x-content-type-options: nosniff
      x-envoy-upstream-service-time: '362'
      x-request-id: 5a2f2c8f-07c4-440a-8987-323d636337e2
    status:
      code: 201
      message: Created
    url: https://anuchan-cg-metric-advisor.cognitiveservices.azure.com//metricsadvisor/v1.0/dataFeeds
- request:
    body: null
    headers:
      Accept:
      - application/json
      User-Agent:
      - azsdk-python-ai-metricsadvisor/1.0.0b1 Python/3.7.3 (Windows-10-10.0.19041-SP0)
    method: GET
    uri: https://anuchan-cg-metric-advisor.cognitiveservices.azure.com/metricsadvisor/v1.0/dataFeeds/b68f770b-78f3-40d9-8baa-f6c4a2170948
  response:
    body:
      string: "{\"dataFeedId\":\"b68f770b-78f3-40d9-8baa-f6c4a2170948\",\"dataFeedName\":\"update711c1662\",\"metrics\":[{\"metricId\":\"377a330f-c68d-4b11-a2a1-5bc9ca20e230\",\"metricName\":\"cost\",\"metricDisplayName\":\"display
        cost\",\"metricDescription\":\"the cost\"},{\"metricId\":\"1758b5c2-a59a-4820-ba72-309c37ee3b20\",\"metricName\":\"revenue\",\"metricDisplayName\":\"display
        revenue\",\"metricDescription\":\"the revenue\"}],\"dimension\":[{\"dimensionName\":\"category\",\"dimensionDisplayName\":\"display
        category\"},{\"dimensionName\":\"city\",\"dimensionDisplayName\":\"display
        city\"}],\"dataStartFrom\":\"2019-10-01T00:00:00Z\",\"dataSourceType\":\"SqlServer\",\"timestampColumn\":\"Timestamp\",\"startOffsetInSeconds\":-1,\"maxQueryPerMinute\":30.0,\"granularityName\":\"Daily\",\"granularityAmount\":null,\"allUpIdentification\":null,\"needRollup\":\"NoRollup\",\"fillMissingPointType\":\"SmartFilling\",\"fillMissingPointValue\":0.0,\"rollUpMethod\":\"None\",\"rollUpColumns\":[],\"dataFeedDescription\":\"my
        first data feed\",\"stopRetryAfterInSeconds\":-1,\"minRetryIntervalInSeconds\":-1,\"maxConcurrency\":0,\"viewMode\":\"Private\",\"admins\":[\"krpratic@microsoft.com\",\"yournamehere@microsoft.com\"],\"viewers\":[\"viewers\"],\"creator\":\"krpratic@microsoft.com\",\"status\":\"Active\",\"createdTime\":\"2020-09-21T23:40:24Z\",\"isAdmin\":true,\"actionLinkTemplate\":\"action
        link template\",\"dataSourceParameter\":{\"connectionString\":\"connectionstring\",\"query\":\"select\u202F*\u202Ffrom\u202Fadsample2\u202Fwhere\u202FTimestamp\u202F=\u202F@StartTime\"}}"
    headers:
      apim-request-id: b878baaf-91c5-44af-afaa-edd11395f408
      content-length: '1622'
      content-type: application/json; charset=utf-8
      date: Mon, 21 Sep 2020 23:40:24 GMT
      strict-transport-security: max-age=31536000; includeSubDomains; preload
      x-content-type-options: nosniff
      x-envoy-upstream-service-time: '148'
      x-request-id: b878baaf-91c5-44af-afaa-edd11395f408
    status:
      code: 200
      message: OK
    url: https://anuchan-cg-metric-advisor.cognitiveservices.azure.com//metricsadvisor/v1.0/dataFeeds/b68f770b-78f3-40d9-8baa-f6c4a2170948
- request:
    body: '{"dataFeedName": "update", "dataFeedDescription": "updated", "timestampColumn":
      "time", "dataStartFrom": "2020-12-10T00:00:00.000Z", "startOffsetInSeconds":
      1, "maxConcurrency": 1, "minRetryIntervalInSeconds": 1, "stopRetryAfterInSeconds":
      1, "needRollup": "AlreadyRollup", "rollUpMethod": "Sum", "rollUpColumns": [],
      "allUpIdentification": "sumrollup", "fillMissingPointType": "CustomValue", "fillMissingPointValue":
      2, "viewMode": "Public", "viewers": ["updated"], "status": "Paused", "actionLinkTemplate":
      "updated", "dataSourceParameter": {"connectionString": "updated", "query": "get
      data"}}'
    headers:
      Accept:
      - application/json
      Content-Length:
      - '596'
      Content-Type:
      - application/merge-patch+json
      User-Agent:
      - azsdk-python-ai-metricsadvisor/1.0.0b1 Python/3.7.3 (Windows-10-10.0.19041-SP0)
    method: PATCH
    uri: https://anuchan-cg-metric-advisor.cognitiveservices.azure.com/metricsadvisor/v1.0/dataFeeds/b68f770b-78f3-40d9-8baa-f6c4a2170948
  response:
    body:
      string: ''
    headers:
      apim-request-id: d3857b16-830a-4e18-8b3d-e757d24c64e0
      content-length: '0'
      date: Mon, 21 Sep 2020 23:40:25 GMT
      strict-transport-security: max-age=31536000; includeSubDomains; preload
      x-content-type-options: nosniff
      x-envoy-upstream-service-time: '554'
      x-request-id: d3857b16-830a-4e18-8b3d-e757d24c64e0
    status:
      code: 204
      message: No Content
    url: https://anuchan-cg-metric-advisor.cognitiveservices.azure.com//metricsadvisor/v1.0/dataFeeds/b68f770b-78f3-40d9-8baa-f6c4a2170948
- request:
    body: null
    headers:
      Accept:
      - application/json
      User-Agent:
      - azsdk-python-ai-metricsadvisor/1.0.0b1 Python/3.7.3 (Windows-10-10.0.19041-SP0)
    method: GET
    uri: https://anuchan-cg-metric-advisor.cognitiveservices.azure.com/metricsadvisor/v1.0/dataFeeds/b68f770b-78f3-40d9-8baa-f6c4a2170948
  response:
    body:
      string: '{"dataFeedId":"b68f770b-78f3-40d9-8baa-f6c4a2170948","dataFeedName":"update","metrics":[{"metricId":"377a330f-c68d-4b11-a2a1-5bc9ca20e230","metricName":"cost","metricDisplayName":"display
        cost","metricDescription":"the cost"},{"metricId":"1758b5c2-a59a-4820-ba72-309c37ee3b20","metricName":"revenue","metricDisplayName":"display
        revenue","metricDescription":"the revenue"}],"dimension":[{"dimensionName":"category","dimensionDisplayName":"display
        category"},{"dimensionName":"city","dimensionDisplayName":"display city"}],"dataStartFrom":"2020-12-10T00:00:00Z","dataSourceType":"SqlServer","timestampColumn":"time","startOffsetInSeconds":1,"maxQueryPerMinute":30.0,"granularityName":"Daily","granularityAmount":null,"allUpIdentification":"sumrollup","needRollup":"AlreadyRollup","fillMissingPointType":"CustomValue","fillMissingPointValue":2.0,"rollUpMethod":"Sum","rollUpColumns":[],"dataFeedDescription":"updated","stopRetryAfterInSeconds":1,"minRetryIntervalInSeconds":1,"maxConcurrency":1,"viewMode":"Public","admins":["krpratic@microsoft.com","yournamehere@microsoft.com"],"viewers":["updated"],"creator":"krpratic@microsoft.com","status":"Paused","createdTime":"2020-09-21T23:40:24Z","isAdmin":true,"actionLinkTemplate":"updated","dataSourceParameter":{"connectionString":"updated","query":"get
        data"}}'
    headers:
      apim-request-id: 44a83e1b-6e74-4bb0-8f4c-21c5e6233619
      content-length: '1308'
      content-type: application/json; charset=utf-8
      date: Mon, 21 Sep 2020 23:40:25 GMT
      strict-transport-security: max-age=31536000; includeSubDomains; preload
      x-content-type-options: nosniff
      x-envoy-upstream-service-time: '151'
      x-request-id: 44a83e1b-6e74-4bb0-8f4c-21c5e6233619
    status:
      code: 200
      message: OK
    url: https://anuchan-cg-metric-advisor.cognitiveservices.azure.com//metricsadvisor/v1.0/dataFeeds/b68f770b-78f3-40d9-8baa-f6c4a2170948
- request:
    body: null
    headers:
      Accept:
      - application/json
      User-Agent:
      - azsdk-python-ai-metricsadvisor/1.0.0b1 Python/3.7.3 (Windows-10-10.0.19041-SP0)
    method: DELETE
    uri: https://anuchan-cg-metric-advisor.cognitiveservices.azure.com/metricsadvisor/v1.0/dataFeeds/b68f770b-78f3-40d9-8baa-f6c4a2170948
  response:
    body:
      string: ''
    headers:
      apim-request-id: 8925fe0e-8736-4b7f-90fb-55c19cbecb61
      content-length: '0'
      date: Mon, 21 Sep 2020 23:40:25 GMT
      strict-transport-security: max-age=31536000; includeSubDomains; preload
      x-content-type-options: nosniff
      x-envoy-upstream-service-time: '273'
      x-request-id: 8925fe0e-8736-4b7f-90fb-55c19cbecb61
    status:
      code: 204
      message: No Content
    url: https://anuchan-cg-metric-advisor.cognitiveservices.azure.com//metricsadvisor/v1.0/dataFeeds/b68f770b-78f3-40d9-8baa-f6c4a2170948
version: 1
