interactions:
- request:
    body: '{"dataSourceCredentialType": "DataLakeGen2SharedKey", "dataSourceCredentialName":
      "testdatalakecredentialf0141fb5", "dataSourceCredentialDescription": "my credential",
      "parameters": {"accountKey": "connectionstring"}}'
    headers:
      Accept:
      - application/json
      Content-Length:
      - '289'
      Content-Type:
      - application/json
      User-Agent:
      - azsdk-python-ai-metricsadvisor/1.0.0 Python/3.8.6 (Windows-10-10.0.19041-SP0)
    method: POST
    uri: https://js-metrics-advisor.cognitiveservices.azure.com/metricsadvisor/v1.0/credentials
  response:
    body:
      string: ''
    headers:
      apim-request-id: f95d26b4-cf55-4870-9707-baa64ee1c8cf
      content-length: '0'
      date: Fri, 28 May 2021 18:38:51 GMT
      location: https://js-metrics-advisor.cognitiveservices.azure.com/metricsadvisor/v1.0/credentials/13261e87-21eb-4d8a-a12f-20f3842e89c1
      strict-transport-security: max-age=31536000; includeSubDomains; preload
      x-content-type-options: nosniff
      x-envoy-upstream-service-time: '263'
      x-request-id: f95d26b4-cf55-4870-9707-baa64ee1c8cf
    status:
      code: 201
      message: Created
    url: https://js-metrics-advisor.cognitiveservices.azure.com//metricsadvisor/v1.0/credentials
- request:
    body: null
    headers:
      Accept:
      - application/json
      User-Agent:
      - azsdk-python-ai-metricsadvisor/1.0.0 Python/3.8.6 (Windows-10-10.0.19041-SP0)
    method: GET
    uri: https://js-metrics-advisor.cognitiveservices.azure.com/metricsadvisor/v1.0/credentials/13261e87-21eb-4d8a-a12f-20f3842e89c1
  response:
    body:
      string: '{"dataSourceCredentialId":"13261e87-21eb-4d8a-a12f-20f3842e89c1","dataSourceCredentialName":"testdatalakecredentialf0141fb5","dataSourceCredentialDescription":"my
        credential","dataSourceCredentialType":"DataLakeGen2SharedKey","parameters":{}}'
    headers:
      apim-request-id: 3e389cdd-07bf-47ed-b4fc-2f8c669dd38a
      content-length: '242'
      content-type: application/json; charset=utf-8
      date: Fri, 28 May 2021 18:38:51 GMT
      strict-transport-security: max-age=31536000; includeSubDomains; preload
      x-content-type-options: nosniff
      x-envoy-upstream-service-time: '82'
      x-request-id: 3e389cdd-07bf-47ed-b4fc-2f8c669dd38a
    status:
      code: 200
      message: OK
    url: https://js-metrics-advisor.cognitiveservices.azure.com//metricsadvisor/v1.0/credentials/13261e87-21eb-4d8a-a12f-20f3842e89c1
- request:
    body: '{"dataSourceCredentialType": "DataLakeGen2SharedKey", "dataSourceCredentialName":
      "testdatalakecredentialf0141fb5", "dataSourceCredentialDescription": "update",
      "parameters": {"accountKey": "update"}}'
    headers:
      Accept:
      - application/json
      Content-Length:
      - '200'
      Content-Type:
      - application/merge-patch+json
      User-Agent:
      - azsdk-python-ai-metricsadvisor/1.0.0 Python/3.8.6 (Windows-10-10.0.19041-SP0)
    method: PATCH
    uri: https://js-metrics-advisor.cognitiveservices.azure.com/metricsadvisor/v1.0/credentials/13261e87-21eb-4d8a-a12f-20f3842e89c1
  response:
    body:
      string: '{"dataSourceCredentialId":"13261e87-21eb-4d8a-a12f-20f3842e89c1","dataSourceCredentialName":"testdatalakecredentialf0141fb5","dataSourceCredentialDescription":"update","dataSourceCredentialType":"DataLakeGen2SharedKey","parameters":{}}'
    headers:
      apim-request-id: 6321a5f2-d051-4df9-b4c4-5f1547ccf860
      content-length: '235'
      content-type: application/json; charset=utf-8
      date: Fri, 28 May 2021 18:38:51 GMT
      strict-transport-security: max-age=31536000; includeSubDomains; preload
      x-content-type-options: nosniff
      x-envoy-upstream-service-time: '473'
      x-request-id: 6321a5f2-d051-4df9-b4c4-5f1547ccf860
    status:
      code: 200
      message: OK
    url: https://js-metrics-advisor.cognitiveservices.azure.com//metricsadvisor/v1.0/credentials/13261e87-21eb-4d8a-a12f-20f3842e89c1
- request:
    body: null
    headers:
      Accept:
      - application/json
      User-Agent:
      - azsdk-python-ai-metricsadvisor/1.0.0 Python/3.8.6 (Windows-10-10.0.19041-SP0)
    method: DELETE
    uri: https://js-metrics-advisor.cognitiveservices.azure.com/metricsadvisor/v1.0/credentials/13261e87-21eb-4d8a-a12f-20f3842e89c1
  response:
    body:
      string: ''
    headers:
      apim-request-id: d7e012d3-ffa5-437c-bc10-177b29251ce1
      content-length: '0'
      date: Fri, 28 May 2021 18:38:51 GMT
      strict-transport-security: max-age=31536000; includeSubDomains; preload
      x-content-type-options: nosniff
      x-envoy-upstream-service-time: '180'
      x-request-id: d7e012d3-ffa5-437c-bc10-177b29251ce1
    status:
      code: 204
      message: No Content
    url: https://js-metrics-advisor.cognitiveservices.azure.com//metricsadvisor/v1.0/credentials/13261e87-21eb-4d8a-a12f-20f3842e89c1
version: 1
