interactions:
- request:
    body: '{"hookType": "Email", "hookName": "testwebhooke621493", "description":
      "my email hook", "externalLink": "external link", "hookParameter": {"toList":
      ["yournamehere@microsoft.com"]}}'
    headers:
      Accept:
      - application/json
      Content-Length:
      - '181'
      Content-Type:
      - application/json
      User-Agent:
      - azsdk-python-ai-metricsadvisor/1.0.1 Python/3.8.6 (Windows-10-10.0.19041-SP0)
    method: POST
    uri: https://ga-metrics-advisor.cognitiveservices.azure.com/metricsadvisor/v1.0/hooks
  response:
    body:
      string: ''
    headers:
      apim-request-id: 894b7f3e-4845-4602-9578-4b58db6f487e
      content-length: '0'
      date: Wed, 29 Sep 2021 19:42:57 GMT
      location: https://ga-metrics-advisor.cognitiveservices.azure.com/metricsadvisor/v1.0/hooks/c6abb402-d605-498a-b55d-8928517d8eda
      strict-transport-security: max-age=31536000; includeSubDomains; preload
      x-content-type-options: nosniff
      x-envoy-upstream-service-time: '249'
      x-request-id: 894b7f3e-4845-4602-9578-4b58db6f487e
    status:
      code: 201
      message: Created
    url: https://ga-metrics-advisor.cognitiveservices.azure.com//metricsadvisor/v1.0/hooks
- request:
    body: null
    headers:
      Accept:
      - application/json
      User-Agent:
      - azsdk-python-ai-metricsadvisor/1.0.1 Python/3.8.6 (Windows-10-10.0.19041-SP0)
    method: GET
    uri: https://ga-metrics-advisor.cognitiveservices.azure.com/metricsadvisor/v1.0/hooks/c6abb402-d605-498a-b55d-8928517d8eda
  response:
    body:
      string: '{"hookId":"c6abb402-d605-498a-b55d-8928517d8eda","hookName":"testwebhooke621493","hookType":"Email","externalLink":"external
        link","description":"my email hook","admins":["xiangyan@microsoft.com"],"hookParameter":{"toList":["yournamehere@microsoft.com"]}}'
    headers:
      apim-request-id: 4b779d17-a2a1-47bc-9d03-f099c861afa0
      content-length: '255'
      content-type: application/json; charset=utf-8
      date: Wed, 29 Sep 2021 19:42:57 GMT
      strict-transport-security: max-age=31536000; includeSubDomains; preload
      x-content-type-options: nosniff
      x-envoy-upstream-service-time: '158'
      x-request-id: 4b779d17-a2a1-47bc-9d03-f099c861afa0
    status:
      code: 200
      message: OK
    url: https://ga-metrics-advisor.cognitiveservices.azure.com//metricsadvisor/v1.0/hooks/c6abb402-d605-498a-b55d-8928517d8eda
- request:
    body: '{"hookType": "Email", "hookName": "update", "description": "update", "externalLink":
      "update", "admins": ["xiangyan@microsoft.com"], "hookParameter": {"toList":
      ["myemail@m.com"]}}'
    headers:
      Accept:
      - application/json
      Content-Length:
      - '180'
      Content-Type:
      - application/merge-patch+json
      User-Agent:
      - azsdk-python-ai-metricsadvisor/1.0.1 Python/3.8.6 (Windows-10-10.0.19041-SP0)
    method: PATCH
    uri: https://ga-metrics-advisor.cognitiveservices.azure.com/metricsadvisor/v1.0/hooks/c6abb402-d605-498a-b55d-8928517d8eda
  response:
    body:
      string: '{"hookId":"c6abb402-d605-498a-b55d-8928517d8eda","hookName":"update","hookType":"Email","externalLink":"update","description":"update","admins":["xiangyan@microsoft.com"],"hookParameter":{"toList":["myemail@m.com"]}}'
    headers:
      apim-request-id: 76c2b18c-cecf-4975-8fa5-f6ca89b9e897
      content-length: '216'
      content-type: application/json; charset=utf-8
      date: Wed, 29 Sep 2021 19:42:57 GMT
      strict-transport-security: max-age=31536000; includeSubDomains; preload
      x-content-type-options: nosniff
      x-envoy-upstream-service-time: '454'
      x-request-id: 76c2b18c-cecf-4975-8fa5-f6ca89b9e897
    status:
      code: 200
      message: OK
    url: https://ga-metrics-advisor.cognitiveservices.azure.com//metricsadvisor/v1.0/hooks/c6abb402-d605-498a-b55d-8928517d8eda
- request:
    body: null
    headers:
      Accept:
      - application/json
      User-Agent:
      - azsdk-python-ai-metricsadvisor/1.0.1 Python/3.8.6 (Windows-10-10.0.19041-SP0)
    method: GET
    uri: https://ga-metrics-advisor.cognitiveservices.azure.com/metricsadvisor/v1.0/hooks/c6abb402-d605-498a-b55d-8928517d8eda
  response:
    body:
      string: '{"hookId":"c6abb402-d605-498a-b55d-8928517d8eda","hookName":"update","hookType":"Email","externalLink":"update","description":"update","admins":["xiangyan@microsoft.com"],"hookParameter":{"toList":["myemail@m.com"]}}'
    headers:
      apim-request-id: d7f2f1ca-f017-4a04-8138-ebe02cf5403a
      content-length: '216'
      content-type: application/json; charset=utf-8
      date: Wed, 29 Sep 2021 19:42:58 GMT
      strict-transport-security: max-age=31536000; includeSubDomains; preload
      x-content-type-options: nosniff
      x-envoy-upstream-service-time: '157'
      x-request-id: d7f2f1ca-f017-4a04-8138-ebe02cf5403a
    status:
      code: 200
      message: OK
    url: https://ga-metrics-advisor.cognitiveservices.azure.com//metricsadvisor/v1.0/hooks/c6abb402-d605-498a-b55d-8928517d8eda
- request:
    body: null
    headers:
      Accept:
      - application/json
      User-Agent:
      - azsdk-python-ai-metricsadvisor/1.0.1 Python/3.8.6 (Windows-10-10.0.19041-SP0)
    method: DELETE
    uri: https://ga-metrics-advisor.cognitiveservices.azure.com/metricsadvisor/v1.0/hooks/c6abb402-d605-498a-b55d-8928517d8eda
  response:
    body:
      string: ''
    headers:
      apim-request-id: 1e99b5bb-ab34-44c0-b2ea-f426e4e50fb2
      content-length: '0'
      date: Wed, 29 Sep 2021 19:42:58 GMT
      strict-transport-security: max-age=31536000; includeSubDomains; preload
      x-content-type-options: nosniff
      x-envoy-upstream-service-time: '184'
      x-request-id: 1e99b5bb-ab34-44c0-b2ea-f426e4e50fb2
    status:
      code: 204
      message: No Content
    url: https://ga-metrics-advisor.cognitiveservices.azure.com//metricsadvisor/v1.0/hooks/c6abb402-d605-498a-b55d-8928517d8eda
version: 1
