interactions:
- request:
    body: '{"dataSourceType": "SqlServer", "dataFeedName": "topnupb6152559", "granularityName":
      "Daily", "metrics": [{"metricName": "cost"}, {"metricName": "revenue"}], "dimension":
      [{"dimensionName": "category"}, {"dimensionName": "city"}], "dataStartFrom":
      "2019-10-01T00:00:00.000Z", "startOffsetInSeconds": 0, "maxConcurrency": -1,
      "minRetryIntervalInSeconds": -1, "stopRetryAfterInSeconds": -1, "dataSourceParameter":
      {"connectionString": "connectionstring", "query": "select\u202f*\u202ffrom\u202fadsample2\u202fwhere\u202fTimestamp\u202f=\u202f@StartTime"}}'
    headers:
      Accept:
      - application/json
      Content-Length:
      - '769'
      Content-Type:
      - application/json
      User-Agent:
      - azsdk-python-ai-metricsadvisor/1.0.0b2 Python/3.9.0 (Windows-10-10.0.19041-SP0)
    method: POST
    uri: https://js-metrics-advisor.cognitiveservices.azure.com/metricsadvisor/v1.0/dataFeeds
  response:
    body:
      string: ''
    headers:
      apim-request-id: ac40ed8c-da48-47da-bf94-084b89b02701
      content-length: '0'
      date: Thu, 22 Oct 2020 15:51:54 GMT
      location: https://js-metrics-advisor.cognitiveservices.azure.com/metricsadvisor/v1.0/dataFeeds/e8790c1d-f88e-455c-b45a-746895e9112f
      strict-transport-security: max-age=31536000; includeSubDomains; preload
      x-content-type-options: nosniff
      x-envoy-upstream-service-time: '608'
      x-request-id: ac40ed8c-da48-47da-bf94-084b89b02701
    status:
      code: 201
      message: Created
    url: https://js-metrics-advisor.cognitiveservices.azure.com//metricsadvisor/v1.0/dataFeeds
- request:
    body: null
    headers:
      Accept:
      - application/json
      User-Agent:
      - azsdk-python-ai-metricsadvisor/1.0.0b2 Python/3.9.0 (Windows-10-10.0.19041-SP0)
    method: GET
    uri: https://js-metrics-advisor.cognitiveservices.azure.com/metricsadvisor/v1.0/dataFeeds/e8790c1d-f88e-455c-b45a-746895e9112f
  response:
    body:
      string: "{\"dataFeedId\":\"e8790c1d-f88e-455c-b45a-746895e9112f\",\"dataFeedName\"\
        :\"topnupb6152559\",\"metrics\":[{\"metricId\":\"b1b38a91-9b5e-432c-a002-11ccbbe1d339\"\
        ,\"metricName\":\"cost\",\"metricDisplayName\":\"cost\",\"metricDescription\"\
        :\"\"},{\"metricId\":\"9fc1787e-c8a0-4854-9b20-5b77bf9238cd\",\"metricName\"\
        :\"revenue\",\"metricDisplayName\":\"revenue\",\"metricDescription\":\"\"\
        }],\"dimension\":[{\"dimensionName\":\"category\",\"dimensionDisplayName\"\
        :\"category\"},{\"dimensionName\":\"city\",\"dimensionDisplayName\":\"city\"\
        }],\"dataStartFrom\":\"2019-10-01T00:00:00Z\",\"dataSourceType\":\"SqlServer\"\
        ,\"timestampColumn\":\"\",\"startOffsetInSeconds\":0,\"maxQueryPerMinute\"\
        :30.0,\"granularityName\":\"Daily\",\"granularityAmount\":null,\"allUpIdentification\"\
        :null,\"needRollup\":\"NoRollup\",\"fillMissingPointType\":\"PreviousValue\"\
        ,\"fillMissingPointValue\":0.0,\"rollUpMethod\":\"None\",\"rollUpColumns\"\
        :[],\"dataFeedDescription\":\"\",\"stopRetryAfterInSeconds\":-1,\"minRetryIntervalInSeconds\"\
        :-1,\"maxConcurrency\":-1,\"viewMode\":\"Private\",\"admins\":[\"krpratic@microsoft.com\"\
        ],\"viewers\":[],\"creator\":\"krpratic@microsoft.com\",\"status\":\"Active\"\
        ,\"createdTime\":\"2020-10-22T15:51:54Z\",\"isAdmin\":true,\"actionLinkTemplate\"\
        :\"\",\"dataSourceParameter\":{\"connectionString\":\"connectionstring\",\"\
        query\":\"select\u202F*\u202Ffrom\u202Fadsample2\u202Fwhere\u202FTimestamp\u202F\
        =\u202F@StartTime\"}}"
    headers:
      apim-request-id: a277e5dd-1454-4e36-92c3-1791b768fb93
      content-length: '1487'
      content-type: application/json; charset=utf-8
      date: Thu, 22 Oct 2020 15:51:54 GMT
      strict-transport-security: max-age=31536000; includeSubDomains; preload
      x-content-type-options: nosniff
      x-envoy-upstream-service-time: '262'
      x-request-id: a277e5dd-1454-4e36-92c3-1791b768fb93
    status:
      code: 200
      message: OK
    url: https://js-metrics-advisor.cognitiveservices.azure.com//metricsadvisor/v1.0/dataFeeds/e8790c1d-f88e-455c-b45a-746895e9112f
- request:
    body: '{"name": "topnupb6152559", "description": "testing", "metricId": "b1b38a91-9b5e-432c-a002-11ccbbe1d339",
      "wholeMetricConfiguration": {"smartDetectionCondition": {"sensitivity": 50.0,
      "anomalyDetectorDirection": "Both", "suppressCondition": {"minNumber": 50, "minRatio":
      50.0}}}}'
    headers:
      Accept:
      - application/json
      Content-Length:
      - '278'
      Content-Type:
      - application/json
      User-Agent:
      - azsdk-python-ai-metricsadvisor/1.0.0b2 Python/3.9.0 (Windows-10-10.0.19041-SP0)
    method: POST
    uri: https://js-metrics-advisor.cognitiveservices.azure.com/metricsadvisor/v1.0/enrichment/anomalyDetection/configurations
  response:
    body:
      string: ''
    headers:
      apim-request-id: f6f85a0c-2968-46e0-bd84-f536d59cdd58
      content-length: '0'
      date: Thu, 22 Oct 2020 15:51:54 GMT
      location: https://js-metrics-advisor.cognitiveservices.azure.com/metricsadvisor/v1.0/enrichment/anomalyDetection/configurations/4837d47c-da53-4035-acac-642894864e46
      strict-transport-security: max-age=31536000; includeSubDomains; preload
      x-content-type-options: nosniff
      x-envoy-upstream-service-time: '199'
      x-request-id: f6f85a0c-2968-46e0-bd84-f536d59cdd58
    status:
      code: 201
      message: Created
    url: https://js-metrics-advisor.cognitiveservices.azure.com//metricsadvisor/v1.0/enrichment/anomalyDetection/configurations
- request:
    body: null
    headers:
      Accept:
      - application/json
      User-Agent:
      - azsdk-python-ai-metricsadvisor/1.0.0b2 Python/3.9.0 (Windows-10-10.0.19041-SP0)
    method: GET
    uri: https://js-metrics-advisor.cognitiveservices.azure.com/metricsadvisor/v1.0/enrichment/anomalyDetection/configurations/4837d47c-da53-4035-acac-642894864e46
  response:
    body:
      string: '{"anomalyDetectionConfigurationId":"4837d47c-da53-4035-acac-642894864e46","name":"topnupb6152559","description":"testing","metricId":"b1b38a91-9b5e-432c-a002-11ccbbe1d339","wholeMetricConfiguration":{"smartDetectionCondition":{"sensitivity":50.0,"anomalyDetectorDirection":"Both","suppressCondition":{"minNumber":50,"minRatio":50.0}}},"dimensionGroupOverrideConfigurations":[],"seriesOverrideConfigurations":[]}'
    headers:
      apim-request-id: 61bfc748-cefb-4214-b739-8633294d98a9
      content-length: '411'
      content-type: application/json; charset=utf-8
      date: Thu, 22 Oct 2020 15:51:55 GMT
      strict-transport-security: max-age=31536000; includeSubDomains; preload
      x-content-type-options: nosniff
      x-envoy-upstream-service-time: '167'
      x-request-id: 61bfc748-cefb-4214-b739-8633294d98a9
    status:
      code: 200
      message: OK
    url: https://js-metrics-advisor.cognitiveservices.azure.com//metricsadvisor/v1.0/enrichment/anomalyDetection/configurations/4837d47c-da53-4035-acac-642894864e46
- request:
    body: '{"name": "testalertb6152559", "hookIds": [], "metricAlertingConfigurations":
      [{"anomalyDetectionConfigurationId": "4837d47c-da53-4035-acac-642894864e46",
      "anomalyScopeType": "TopN", "topNAnomalyScope": {"top": 5, "period": 10, "minTopCount":
      9}, "valueFilter": {"lower": 1.0, "upper": 5.0, "direction": "Both", "metricId":
      "b1b38a91-9b5e-432c-a002-11ccbbe1d339"}}]}'
    headers:
      Accept:
      - application/json
      Content-Length:
      - '365'
      Content-Type:
      - application/json
      User-Agent:
      - azsdk-python-ai-metricsadvisor/1.0.0b2 Python/3.9.0 (Windows-10-10.0.19041-SP0)
    method: POST
    uri: https://js-metrics-advisor.cognitiveservices.azure.com/metricsadvisor/v1.0/alert/anomaly/configurations
  response:
    body:
      string: ''
    headers:
      apim-request-id: 592bbab7-c7e6-48d1-8f39-75653336ee2a
      content-length: '0'
      date: Thu, 22 Oct 2020 15:51:55 GMT
      location: https://js-metrics-advisor.cognitiveservices.azure.com/metricsadvisor/v1.0/alert/anomaly/configurations/7c306770-8453-449c-a675-3693f6238141
      strict-transport-security: max-age=31536000; includeSubDomains; preload
      x-content-type-options: nosniff
      x-envoy-upstream-service-time: '232'
      x-request-id: 592bbab7-c7e6-48d1-8f39-75653336ee2a
    status:
      code: 201
      message: Created
    url: https://js-metrics-advisor.cognitiveservices.azure.com//metricsadvisor/v1.0/alert/anomaly/configurations
- request:
    body: null
    headers:
      Accept:
      - application/json
      User-Agent:
      - azsdk-python-ai-metricsadvisor/1.0.0b2 Python/3.9.0 (Windows-10-10.0.19041-SP0)
    method: GET
    uri: https://js-metrics-advisor.cognitiveservices.azure.com/metricsadvisor/v1.0/alert/anomaly/configurations/7c306770-8453-449c-a675-3693f6238141
  response:
    body:
      string: '{"anomalyAlertingConfigurationId":"7c306770-8453-449c-a675-3693f6238141","name":"testalertb6152559","description":"","hookIds":[],"metricAlertingConfigurations":[{"anomalyDetectionConfigurationId":"4837d47c-da53-4035-acac-642894864e46","anomalyScopeType":"TopN","negationOperation":false,"topNAnomalyScope":{"top":5,"period":10,"minTopCount":9},"valueFilter":{"lower":1.0,"upper":5.0,"direction":"Both","metricId":"b1b38a91-9b5e-432c-a002-11ccbbe1d339","triggerForMissing":false}}]}'
    headers:
      apim-request-id: 0a935302-3589-485f-9c43-4f99fb7d0e95
      content-length: '482'
      content-type: application/json; charset=utf-8
      date: Thu, 22 Oct 2020 15:51:55 GMT
      strict-transport-security: max-age=31536000; includeSubDomains; preload
      x-content-type-options: nosniff
      x-envoy-upstream-service-time: '164'
      x-request-id: 0a935302-3589-485f-9c43-4f99fb7d0e95
    status:
      code: 200
      message: OK
    url: https://js-metrics-advisor.cognitiveservices.azure.com//metricsadvisor/v1.0/alert/anomaly/configurations/7c306770-8453-449c-a675-3693f6238141
- request:
    body: null
    headers:
      Accept:
      - application/json
      User-Agent:
      - azsdk-python-ai-metricsadvisor/1.0.0b2 Python/3.9.0 (Windows-10-10.0.19041-SP0)
    method: DELETE
    uri: https://js-metrics-advisor.cognitiveservices.azure.com/metricsadvisor/v1.0/alert/anomaly/configurations/7c306770-8453-449c-a675-3693f6238141
  response:
    body:
      string: ''
    headers:
      apim-request-id: 8af0096c-3a60-4156-8a0b-8643520ff853
      content-length: '0'
      date: Thu, 22 Oct 2020 15:51:55 GMT
      strict-transport-security: max-age=31536000; includeSubDomains; preload
      x-content-type-options: nosniff
      x-envoy-upstream-service-time: '185'
      x-request-id: 8af0096c-3a60-4156-8a0b-8643520ff853
    status:
      code: 204
      message: No Content
    url: https://js-metrics-advisor.cognitiveservices.azure.com//metricsadvisor/v1.0/alert/anomaly/configurations/7c306770-8453-449c-a675-3693f6238141
- request:
    body: null
    headers:
      Accept:
      - application/json
      User-Agent:
      - azsdk-python-ai-metricsadvisor/1.0.0b2 Python/3.9.0 (Windows-10-10.0.19041-SP0)
    method: GET
    uri: https://js-metrics-advisor.cognitiveservices.azure.com/metricsadvisor/v1.0/alert/anomaly/configurations/7c306770-8453-449c-a675-3693f6238141
  response:
    body:
      string: '{"code":"Not Found","message":"Not found this AnomalyAlertingConfiguration.
        TraceId: ac1aa795-f3c8-41b4-881f-b82ba8f875ad"}'
    headers:
      apim-request-id: 4888895a-dd6b-4627-b0a0-a47b4a543b23
      content-length: '123'
      content-type: application/json; charset=utf-8
      date: Thu, 22 Oct 2020 15:51:55 GMT
      strict-transport-security: max-age=31536000; includeSubDomains; preload
      x-content-type-options: nosniff
      x-envoy-upstream-service-time: '152'
      x-request-id: 4888895a-dd6b-4627-b0a0-a47b4a543b23
    status:
      code: 404
      message: Not Found
    url: https://js-metrics-advisor.cognitiveservices.azure.com//metricsadvisor/v1.0/alert/anomaly/configurations/7c306770-8453-449c-a675-3693f6238141
- request:
    body: null
    headers:
      Accept:
      - application/json
      User-Agent:
      - azsdk-python-ai-metricsadvisor/1.0.0b2 Python/3.9.0 (Windows-10-10.0.19041-SP0)
    method: DELETE
    uri: https://js-metrics-advisor.cognitiveservices.azure.com/metricsadvisor/v1.0/enrichment/anomalyDetection/configurations/4837d47c-da53-4035-acac-642894864e46
  response:
    body:
      string: ''
    headers:
      apim-request-id: b91f400b-faa6-4712-8f32-2499761893fe
      content-length: '0'
      date: Thu, 22 Oct 2020 15:51:56 GMT
      strict-transport-security: max-age=31536000; includeSubDomains; preload
      x-content-type-options: nosniff
      x-envoy-upstream-service-time: '179'
      x-request-id: b91f400b-faa6-4712-8f32-2499761893fe
    status:
      code: 204
      message: No Content
    url: https://js-metrics-advisor.cognitiveservices.azure.com//metricsadvisor/v1.0/enrichment/anomalyDetection/configurations/4837d47c-da53-4035-acac-642894864e46
- request:
    body: null
    headers:
      Accept:
      - application/json
      User-Agent:
      - azsdk-python-ai-metricsadvisor/1.0.0b2 Python/3.9.0 (Windows-10-10.0.19041-SP0)
    method: DELETE
    uri: https://js-metrics-advisor.cognitiveservices.azure.com/metricsadvisor/v1.0/dataFeeds/e8790c1d-f88e-455c-b45a-746895e9112f
  response:
    body:
      string: ''
    headers:
      apim-request-id: 22e1752b-0f81-4185-aa6b-213f70fdfd68
      content-length: '0'
      date: Thu, 22 Oct 2020 15:51:56 GMT
      strict-transport-security: max-age=31536000; includeSubDomains; preload
      x-content-type-options: nosniff
      x-envoy-upstream-service-time: '691'
      x-request-id: 22e1752b-0f81-4185-aa6b-213f70fdfd68
    status:
      code: 204
      message: No Content
    url: https://js-metrics-advisor.cognitiveservices.azure.com//metricsadvisor/v1.0/dataFeeds/e8790c1d-f88e-455c-b45a-746895e9112f
version: 1
