interactions:
- request:
    body: '{"dataSourceType": "SqlServer", "dataFeedName": "update65d91a64", "dataFeedDescription":
      "my first data feed", "granularityName": "Daily", "metrics": [{"metricName":
      "cost", "metricDisplayName": "display cost", "metricDescription": "the cost"},
      {"metricName": "revenue", "metricDisplayName": "display revenue", "metricDescription":
      "the revenue"}], "dimension": [{"dimensionName": "category", "dimensionDisplayName":
      "display category"}, {"dimensionName": "city", "dimensionDisplayName": "display
      city"}], "timestampColumn": "Timestamp", "dataStartFrom": "2019-10-01T00:00:00.000Z",
      "startOffsetInSeconds": -1, "maxConcurrency": 0, "minRetryIntervalInSeconds":
      -1, "stopRetryAfterInSeconds": -1, "needRollup": "NoRollup", "rollUpMethod":
      "None", "fillMissingPointType": "SmartFilling", "viewMode": "Private", "admins":
      ["yournamehere@microsoft.com"], "viewers": ["viewers"], "actionLinkTemplate":
      "action link template", "dataSourceParameter": {"connectionString": "connectionstring",
      "query": "select * from adsample2 where Timestamp = @StartTime"}}'
    headers:
      Accept:
      - application/json
      Content-Length:
      - '1266'
      Content-Type:
      - application/json
      User-Agent:
      - azsdk-python-ai-metricsadvisor/1.0.0b2 Python/3.8.5 (Windows-10-10.0.19041-SP0)
    method: POST
    uri: https://js-metrics-advisor.cognitiveservices.azure.com/metricsadvisor/v1.0/dataFeeds
  response:
    body:
      string: ''
    headers:
      apim-request-id: 769b446b-9e58-465e-b1cd-72f3616d3346
      content-length: '0'
      date: Mon, 26 Oct 2020 17:47:17 GMT
      location: https://js-metrics-advisor.cognitiveservices.azure.com/metricsadvisor/v1.0/dataFeeds/eb672f42-d1f1-4635-8eff-d5f3afe322e7
      strict-transport-security: max-age=31536000; includeSubDomains; preload
      x-content-type-options: nosniff
      x-envoy-upstream-service-time: '381'
      x-request-id: 769b446b-9e58-465e-b1cd-72f3616d3346
    status:
      code: 201
      message: Created
    url: https://js-metrics-advisor.cognitiveservices.azure.com//metricsadvisor/v1.0/dataFeeds
- request:
    body: null
    headers:
      Accept:
      - application/json
      User-Agent:
      - azsdk-python-ai-metricsadvisor/1.0.0b2 Python/3.8.5 (Windows-10-10.0.19041-SP0)
    method: GET
    uri: https://js-metrics-advisor.cognitiveservices.azure.com/metricsadvisor/v1.0/dataFeeds/eb672f42-d1f1-4635-8eff-d5f3afe322e7
  response:
    body:
      string: '{"dataFeedId":"eb672f42-d1f1-4635-8eff-d5f3afe322e7","dataFeedName":"update65d91a64","metrics":[{"metricId":"15d97a4e-8c1c-49cf-b645-41632e6a7f76","metricName":"cost","metricDisplayName":"display
        cost","metricDescription":"the cost"},{"metricId":"180b9e1b-8995-467f-9331-b955e7567a38","metricName":"revenue","metricDisplayName":"display
        revenue","metricDescription":"the revenue"}],"dimension":[{"dimensionName":"category","dimensionDisplayName":"display
        category"},{"dimensionName":"city","dimensionDisplayName":"display city"}],"dataStartFrom":"2019-10-01T00:00:00Z","dataSourceType":"SqlServer","timestampColumn":"Timestamp","startOffsetInSeconds":-1,"maxQueryPerMinute":30.0,"granularityName":"Daily","granularityAmount":null,"allUpIdentification":null,"needRollup":"NoRollup","fillMissingPointType":"SmartFilling","fillMissingPointValue":0.0,"rollUpMethod":"None","rollUpColumns":[],"dataFeedDescription":"my
        first data feed","stopRetryAfterInSeconds":-1,"minRetryIntervalInSeconds":-1,"maxConcurrency":0,"viewMode":"Private","admins":["krpratic@microsoft.com","yournamehere@microsoft.com"],"viewers":["viewers"],"creator":"krpratic@microsoft.com","status":"Active","createdTime":"2020-10-26T17:47:17Z","isAdmin":true,"actionLinkTemplate":"action
        link template","dataSourceParameter":{"connectionString":"connectionstring","query":"select
        * from adsample2 where Timestamp = @StartTime"}}'
    headers:
      apim-request-id: 416d06c4-a938-4b98-bff9-ac5fb44cb6c5
      content-length: '1608'
      content-type: application/json; charset=utf-8
      date: Mon, 26 Oct 2020 17:47:18 GMT
      strict-transport-security: max-age=31536000; includeSubDomains; preload
      x-content-type-options: nosniff
      x-envoy-upstream-service-time: '158'
      x-request-id: 416d06c4-a938-4b98-bff9-ac5fb44cb6c5
    status:
      code: 200
      message: OK
    url: https://js-metrics-advisor.cognitiveservices.azure.com//metricsadvisor/v1.0/dataFeeds/eb672f42-d1f1-4635-8eff-d5f3afe322e7
- request:
    body: '{"dataSourceType": "SqlServer", "dataFeedName": "updateMe", "dataFeedDescription":
      "updateMe", "timestampColumn": "time", "dataStartFrom": "2020-12-10T00:00:00.000Z",
      "startOffsetInSeconds": 1, "maxConcurrency": 1, "minRetryIntervalInSeconds":
      1, "stopRetryAfterInSeconds": 1, "needRollup": "AlreadyRollup", "rollUpMethod":
      "Sum", "rollUpColumns": [], "allUpIdentification": "sumrollup", "fillMissingPointType":
      "CustomValue", "fillMissingPointValue": 2.0, "viewMode": "Public", "admins":
      ["krpratic@microsoft.com", "yournamehere@microsoft.com"], "viewers": ["updated"],
      "status": "Paused", "actionLinkTemplate": "updated", "dataSourceParameter":
      {"connectionString": "updated", "query": "get data"}}'
    headers:
      Accept:
      - application/json
      Content-Length:
      - '700'
      Content-Type:
      - application/merge-patch+json
      User-Agent:
      - azsdk-python-ai-metricsadvisor/1.0.0b2 Python/3.8.5 (Windows-10-10.0.19041-SP0)
    method: PATCH
    uri: https://js-metrics-advisor.cognitiveservices.azure.com/metricsadvisor/v1.0/dataFeeds/eb672f42-d1f1-4635-8eff-d5f3afe322e7
  response:
    body:
      string: ''
    headers:
      apim-request-id: 5a5e8bb0-d986-4366-830f-05dbac580309
      content-length: '0'
      date: Mon, 26 Oct 2020 17:47:18 GMT
      strict-transport-security: max-age=31536000; includeSubDomains; preload
      x-content-type-options: nosniff
      x-envoy-upstream-service-time: '558'
      x-request-id: 5a5e8bb0-d986-4366-830f-05dbac580309
    status:
      code: 204
      message: No Content
    url: https://js-metrics-advisor.cognitiveservices.azure.com//metricsadvisor/v1.0/dataFeeds/eb672f42-d1f1-4635-8eff-d5f3afe322e7
- request:
    body: null
    headers:
      Accept:
      - application/json
      User-Agent:
      - azsdk-python-ai-metricsadvisor/1.0.0b2 Python/3.8.5 (Windows-10-10.0.19041-SP0)
    method: GET
    uri: https://js-metrics-advisor.cognitiveservices.azure.com/metricsadvisor/v1.0/dataFeeds/eb672f42-d1f1-4635-8eff-d5f3afe322e7
  response:
    body:
      string: '{"dataFeedId":"eb672f42-d1f1-4635-8eff-d5f3afe322e7","dataFeedName":"updateMe","metrics":[{"metricId":"15d97a4e-8c1c-49cf-b645-41632e6a7f76","metricName":"cost","metricDisplayName":"display
        cost","metricDescription":"the cost"},{"metricId":"180b9e1b-8995-467f-9331-b955e7567a38","metricName":"revenue","metricDisplayName":"display
        revenue","metricDescription":"the revenue"}],"dimension":[{"dimensionName":"category","dimensionDisplayName":"display
        category"},{"dimensionName":"city","dimensionDisplayName":"display city"}],"dataStartFrom":"2020-12-10T00:00:00Z","dataSourceType":"SqlServer","timestampColumn":"time","startOffsetInSeconds":1,"maxQueryPerMinute":30.0,"granularityName":"Daily","granularityAmount":null,"allUpIdentification":"sumrollup","needRollup":"AlreadyRollup","fillMissingPointType":"CustomValue","fillMissingPointValue":2.0,"rollUpMethod":"Sum","rollUpColumns":[],"dataFeedDescription":"updateMe","stopRetryAfterInSeconds":1,"minRetryIntervalInSeconds":1,"maxConcurrency":1,"viewMode":"Public","admins":["krpratic@microsoft.com","yournamehere@microsoft.com"],"viewers":["updated"],"creator":"krpratic@microsoft.com","status":"Paused","createdTime":"2020-10-26T17:47:17Z","isAdmin":true,"actionLinkTemplate":"updated","dataSourceParameter":{"connectionString":"updated","query":"get
        data"}}'
    headers:
      apim-request-id: 016a797b-4f66-4007-a2bc-2f83f9aa5e69
      content-length: '1311'
      content-type: application/json; charset=utf-8
      date: Mon, 26 Oct 2020 17:47:18 GMT
      strict-transport-security: max-age=31536000; includeSubDomains; preload
      x-content-type-options: nosniff
      x-envoy-upstream-service-time: '228'
      x-request-id: 016a797b-4f66-4007-a2bc-2f83f9aa5e69
    status:
      code: 200
      message: OK
    url: https://js-metrics-advisor.cognitiveservices.azure.com//metricsadvisor/v1.0/dataFeeds/eb672f42-d1f1-4635-8eff-d5f3afe322e7
- request:
    body: null
    headers:
      Accept:
      - application/json
      User-Agent:
      - azsdk-python-ai-metricsadvisor/1.0.0b2 Python/3.8.5 (Windows-10-10.0.19041-SP0)
    method: DELETE
    uri: https://js-metrics-advisor.cognitiveservices.azure.com/metricsadvisor/v1.0/dataFeeds/eb672f42-d1f1-4635-8eff-d5f3afe322e7
  response:
    body:
      string: ''
    headers:
      apim-request-id: 2abd730a-1e36-44b5-bd2d-93a4d44f921c
      content-length: '0'
      date: Mon, 26 Oct 2020 17:47:19 GMT
      strict-transport-security: max-age=31536000; includeSubDomains; preload
      x-content-type-options: nosniff
      x-envoy-upstream-service-time: '696'
      x-request-id: 2abd730a-1e36-44b5-bd2d-93a4d44f921c
    status:
      code: 204
      message: No Content
    url: https://js-metrics-advisor.cognitiveservices.azure.com//metricsadvisor/v1.0/dataFeeds/eb672f42-d1f1-4635-8eff-d5f3afe322e7
version: 1
