interactions:
- request:
    body: null
    headers:
      Accept:
      - '*/*'
      Accept-Encoding:
      - gzip, deflate
      Connection:
      - keep-alive
      Content-Length:
      - '0'
      User-Agent:
      - azsdk-python-storage-file-share/12.2.0 Python/3.8.5 (Windows-10-10.0.19041-SP0)
      x-ms-date:
      - Thu, 24 Sep 2020 01:50:34 GMT
      x-ms-version:
      - '2020-02-10'
    method: PUT
    uri: https://storagename.file.core.windows.net/utsharecace0cb7?restype=share
  response:
    body:
      string: ''
    headers:
      content-length:
      - '0'
      date:
      - Thu, 24 Sep 2020 01:50:33 GMT
      etag:
      - '"0x8D8602C3A1B29C9"'
      last-modified:
      - Thu, 24 Sep 2020 01:50:34 GMT
      server:
      - Windows-Azure-File/1.0 Microsoft-HTTPAPI/2.0
      x-ms-version:
      - '2020-02-10'
    status:
      code: 201
      message: Created
- request:
    body: null
    headers:
      Accept:
      - '*/*'
      Accept-Encoding:
      - gzip, deflate
      Connection:
      - keep-alive
      Content-Length:
      - '0'
      User-Agent:
      - azsdk-python-storage-file-share/12.2.0 Python/3.8.5 (Windows-10-10.0.19041-SP0)
      x-ms-content-length:
      - '1024'
      x-ms-date:
      - Thu, 24 Sep 2020 01:50:34 GMT
      x-ms-file-attributes:
      - none
      x-ms-file-creation-time:
      - now
      x-ms-file-last-write-time:
      - now
      x-ms-file-permission:
      - Inherit
      x-ms-type:
      - file
      x-ms-version:
      - '2020-02-10'
    method: PUT
    uri: https://storagename.file.core.windows.net/utsharecace0cb7/filecace0cb7
  response:
    body:
      string: ''
    headers:
      content-length:
      - '0'
      date:
      - Thu, 24 Sep 2020 01:50:33 GMT
      etag:
      - '"0x8D8602C3A5A321E"'
      last-modified:
      - Thu, 24 Sep 2020 01:50:34 GMT
      server:
      - Windows-Azure-File/1.0 Microsoft-HTTPAPI/2.0
      x-ms-file-attributes:
      - Archive
      x-ms-file-change-time:
      - '2020-09-24T01:50:34.6742302Z'
      x-ms-file-creation-time:
      - '2020-09-24T01:50:34.6742302Z'
      x-ms-file-id:
      - '13835128424026341376'
      x-ms-file-last-write-time:
      - '2020-09-24T01:50:34.6742302Z'
      x-ms-file-parent-id:
      - '0'
      x-ms-file-permission-key:
      - 4010187179898695473*11459378189709739967
      x-ms-request-server-encrypted:
      - 'true'
      x-ms-version:
      - '2020-02-10'
    status:
      code: 201
      message: Created
- request:
    body: null
    headers:
      Accept:
      - application/xml
      Accept-Encoding:
      - gzip, deflate
      Connection:
      - keep-alive
      User-Agent:
      - azsdk-python-storage-file-share/12.2.0 Python/3.8.5 (Windows-10-10.0.19041-SP0)
      x-ms-date:
      - Thu, 24 Sep 2020 01:50:35 GMT
      x-ms-version:
      - '2020-02-10'
    method: GET
    uri: https://storagename.file.core.windows.net/utsharecace0cb7/filecace0cb7?comp=rangelist
  response:
    body:
      string: "\uFEFF<?xml version=\"1.0\" encoding=\"utf-8\"?><Ranges />"
    headers:
      content-type:
      - application/xml
      date:
      - Thu, 24 Sep 2020 01:50:34 GMT
      etag:
      - '"0x8D8602C3A5A321E"'
      last-modified:
      - Thu, 24 Sep 2020 01:50:34 GMT
      server:
      - Windows-Azure-File/1.0 Microsoft-HTTPAPI/2.0
      transfer-encoding:
      - chunked
      vary:
      - Origin
      x-ms-content-length:
      - '1024'
      x-ms-version:
      - '2020-02-10'
    status:
      code: 200
      message: OK
version: 1
