interactions:
- request:
    body: null
    headers:
      User-Agent:
      - azsdk-python-storage-file/12.0.0b3 Python/3.7.3 (Windows-10-10.0.18362-SP0)
      content-type:
      - application/xml; charset=utf-8
      x-ms-client-request-id:
      - 4ee6086e-d9a6-11e9-9efd-001a7dda7113
      x-ms-date:
      - Tue, 17 Sep 2019 23:53:12 GMT
      x-ms-version:
      - '2019-02-02'
    method: PUT
    uri: https://storagename.file.core.windows.net/utshareea0a1410?restype=share
  response:
    body:
      string: ''
    headers:
      ? !!python/object/new:multidict._istr.istr
      - Content-Length
      : '0'
      ? !!python/object/new:multidict._istr.istr
      - Date
      : Tue, 17 Sep 2019 23:53:12 GMT
      ? !!python/object/new:multidict._istr.istr
      - Etag
      : '"0x8D73BCA3312D500"'
      ? !!python/object/new:multidict._istr.istr
      - Last-Modified
      : Tue, 17 Sep 2019 23:53:12 GMT
      ? !!python/object/new:multidict._istr.istr
      - Server
      : Windows-Azure-File/1.0 Microsoft-HTTPAPI/2.0
      x-ms-request-id: 4fdba47f-001a-0027-6db3-6d4430000000
      x-ms-version: '2019-02-02'
    status:
      code: 201
      message: Created
    url: !!python/object/new:yarl.URL
      state: !!python/tuple
      - !!python/object/new:urllib.parse.SplitResult
        - https
        - emilydevtest.file.core.windows.net
        - /utshareea0a1410
        - restype=share
        - ''
- request:
    body: null
    headers:
      User-Agent:
      - azsdk-python-storage-file/12.0.0b3 Python/3.7.3 (Windows-10-10.0.18362-SP0)
      content-type:
      - application/xml; charset=utf-8
      x-ms-client-request-id:
      - 4ef0fc52-d9a6-11e9-a9f6-001a7dda7113
      x-ms-date:
      - Tue, 17 Sep 2019 23:53:12 GMT
      x-ms-file-attributes:
      - none
      x-ms-file-creation-time:
      - now
      x-ms-file-last-write-time:
      - now
      x-ms-file-permission:
      - inherit
      x-ms-version:
      - '2019-02-02'
    method: PUT
    uri: https://storagename.file.core.windows.net/utshareea0a1410/dir1?restype=directory
  response:
    body:
      string: ''
    headers:
      ? !!python/object/new:multidict._istr.istr
      - Content-Length
      : '0'
      ? !!python/object/new:multidict._istr.istr
      - Date
      : Tue, 17 Sep 2019 23:53:12 GMT
      ? !!python/object/new:multidict._istr.istr
      - Etag
      : '"0x8D73BCA331997EA"'
      ? !!python/object/new:multidict._istr.istr
      - Last-Modified
      : Tue, 17 Sep 2019 23:53:12 GMT
      ? !!python/object/new:multidict._istr.istr
      - Server
      : Windows-Azure-File/1.0 Microsoft-HTTPAPI/2.0
      x-ms-file-attributes: Directory
      x-ms-file-change-time: '2019-09-17T23:53:12.2962410Z'
      x-ms-file-creation-time: '2019-09-17T23:53:12.2962410Z'
      x-ms-file-id: '13835128424026341376'
      x-ms-file-last-write-time: '2019-09-17T23:53:12.2962410Z'
      x-ms-file-parent-id: '0'
      x-ms-file-permission-key: 17913408918638655783*10394889115079208622
      x-ms-request-id: 4fdba482-001a-0027-6eb3-6d4430000000
      x-ms-request-server-encrypted: 'true'
      x-ms-version: '2019-02-02'
    status:
      code: 201
      message: Created
    url: !!python/object/new:yarl.URL
      state: !!python/tuple
      - !!python/object/new:urllib.parse.SplitResult
        - https
        - emilydevtest.file.core.windows.net
        - /utshareea0a1410/dir1
        - restype=directory
        - ''
- request:
    body: null
    headers:
      User-Agent:
      - azsdk-python-storage-file/12.0.0b3 Python/3.7.3 (Windows-10-10.0.18362-SP0)
      content-type:
      - application/xml; charset=utf-8
      x-ms-client-request-id:
      - 4ef4a34c-d9a6-11e9-8e15-001a7dda7113
      x-ms-date:
      - Tue, 17 Sep 2019 23:53:12 GMT
      x-ms-version:
      - '2019-02-02'
    method: GET
    uri: https://storagename.file.core.windows.net/utshareea0a1410/dir1?restype=directory
  response:
    body:
      string: ''
    headers:
      ? !!python/object/new:multidict._istr.istr
      - Content-Length
      : '0'
      ? !!python/object/new:multidict._istr.istr
      - Date
      : Tue, 17 Sep 2019 23:53:12 GMT
      ? !!python/object/new:multidict._istr.istr
      - Etag
      : '"0x8D73BCA331997EA"'
      ? !!python/object/new:multidict._istr.istr
      - Last-Modified
      : Tue, 17 Sep 2019 23:53:12 GMT
      ? !!python/object/new:multidict._istr.istr
      - Server
      : Windows-Azure-File/1.0 Microsoft-HTTPAPI/2.0
      x-ms-file-attributes: Directory
      x-ms-file-change-time: '2019-09-17T23:53:12.2962410Z'
      x-ms-file-creation-time: '2019-09-17T23:53:12.2962410Z'
      x-ms-file-id: '13835128424026341376'
      x-ms-file-last-write-time: '2019-09-17T23:53:12.2962410Z'
      x-ms-file-parent-id: '0'
      x-ms-file-permission-key: 17913408918638655783*10394889115079208622
      x-ms-request-id: 4fdba483-001a-0027-6fb3-6d4430000000
      x-ms-server-encrypted: 'true'
      x-ms-version: '2019-02-02'
    status:
      code: 200
      message: OK
    url: !!python/object/new:yarl.URL
      state: !!python/tuple
      - !!python/object/new:urllib.parse.SplitResult
        - https
        - emilydevtest.file.core.windows.net
        - /utshareea0a1410/dir1
        - restype=directory
        - ''
version: 1
