interactions:
- request:
    body: null
    headers:
      User-Agent:
      - azsdk-python-storage-file-share/12.0.1 Python/3.7.3 (Windows-10-10.0.17763-SP0)
      x-ms-date:
      - Thu, 02 Jan 2020 23:03:03 GMT
      x-ms-version:
      - '2019-02-02'
    method: PUT
    uri: https://storagename.file.core.windows.net/utshareba11d46?restype=share
  response:
    body:
      string: ''
    headers:
      content-length: '0'
      date: Thu, 02 Jan 2020 23:03:02 GMT
      etag: '"0x8D78FD7EBCF6ED8"'
      last-modified: Thu, 02 Jan 2020 23:03:03 GMT
      server: Windows-Azure-File/1.0 Microsoft-HTTPAPI/2.0
      x-ms-version: '2019-02-02'
    status:
      code: 201
      message: Created
    url: !!python/object/new:yarl.URL
      state: !!python/tuple
      - !!python/object/new:urllib.parse.SplitResult
        - https
        - pyacrstorage3zie4sluzqpi.file.core.windows.net
        - /utshareba11d46
        - restype=share
        - ''
- request:
    body: null
    headers:
      User-Agent:
      - azsdk-python-storage-file-share/12.0.1 Python/3.7.3 (Windows-10-10.0.17763-SP0)
      x-ms-date:
      - Thu, 02 Jan 2020 23:03:03 GMT
      x-ms-file-attributes:
      - none
      x-ms-file-creation-time:
      - now
      x-ms-file-last-write-time:
      - now
      x-ms-file-permission:
      - inherit
      x-ms-meta-test1:
      - foo
      x-ms-meta-test2:
      - bar
      x-ms-version:
      - '2019-02-02'
    method: PUT
    uri: https://storagename.file.core.windows.net/utshareba11d46/dir1?restype=directory
  response:
    body:
      string: ''
    headers:
      content-length: '0'
      date: Thu, 02 Jan 2020 23:03:02 GMT
      etag: '"0x8D78FD7EBD5401B"'
      last-modified: Thu, 02 Jan 2020 23:03:03 GMT
      server: Windows-Azure-File/1.0 Microsoft-HTTPAPI/2.0
      x-ms-file-attributes: Directory
      x-ms-file-change-time: '2020-01-02T23:03:03.3576475Z'
      x-ms-file-creation-time: '2020-01-02T23:03:03.3576475Z'
      x-ms-file-id: '13835128424026341376'
      x-ms-file-last-write-time: '2020-01-02T23:03:03.3576475Z'
      x-ms-file-parent-id: '0'
      x-ms-file-permission-key: 10891720742259739725*18445631768368176068
      x-ms-request-server-encrypted: 'true'
      x-ms-version: '2019-02-02'
    status:
      code: 201
      message: Created
    url: !!python/object/new:yarl.URL
      state: !!python/tuple
      - !!python/object/new:urllib.parse.SplitResult
        - https
        - pyacrstorage3zie4sluzqpi.file.core.windows.net
        - /utshareba11d46/dir1
        - restype=directory
        - ''
- request:
    body: null
    headers:
      User-Agent:
      - azsdk-python-storage-file-share/12.0.1 Python/3.7.3 (Windows-10-10.0.17763-SP0)
      x-ms-date:
      - Thu, 02 Jan 2020 23:03:03 GMT
      x-ms-version:
      - '2019-02-02'
    method: PUT
    uri: https://storagename.file.core.windows.net/utshareba11d46?restype=share&comp=snapshot
  response:
    body:
      string: ''
    headers:
      content-length: '0'
      date: Thu, 02 Jan 2020 23:03:02 GMT
      etag: '"0x8D78FD7EBCF6ED8"'
      last-modified: Thu, 02 Jan 2020 23:03:03 GMT
      server: Windows-Azure-File/1.0 Microsoft-HTTPAPI/2.0
      x-ms-snapshot: '2020-01-02T23:03:03.0000000Z'
      x-ms-version: '2019-02-02'
    status:
      code: 201
      message: Created
    url: !!python/object/new:yarl.URL
      state: !!python/tuple
      - !!python/object/new:urllib.parse.SplitResult
        - https
        - pyacrstorage3zie4sluzqpi.file.core.windows.net
        - /utshareba11d46
        - restype=share&comp=snapshot
        - ''
- request:
    body: null
    headers:
      User-Agent:
      - azsdk-python-storage-file-share/12.0.1 Python/3.7.3 (Windows-10-10.0.17763-SP0)
      x-ms-date:
      - Thu, 02 Jan 2020 23:03:03 GMT
      x-ms-meta-test100:
      - foo100
      x-ms-meta-test200:
      - bar200
      x-ms-version:
      - '2019-02-02'
    method: PUT
    uri: https://storagename.file.core.windows.net/utshareba11d46/dir1?restype=directory&comp=metadata
  response:
    body:
      string: ''
    headers:
      content-length: '0'
      date: Thu, 02 Jan 2020 23:03:02 GMT
      etag: '"0x8D78FD7EBE65A27"'
      last-modified: Thu, 02 Jan 2020 23:03:03 GMT
      server: Windows-Azure-File/1.0 Microsoft-HTTPAPI/2.0
      x-ms-request-server-encrypted: 'true'
      x-ms-version: '2019-02-02'
    status:
      code: 200
      message: OK
    url: !!python/object/new:yarl.URL
      state: !!python/tuple
      - !!python/object/new:urllib.parse.SplitResult
        - https
        - pyacrstorage3zie4sluzqpi.file.core.windows.net
        - /utshareba11d46/dir1
        - restype=directory&comp=metadata
        - ''
- request:
    body: null
    headers:
      User-Agent:
      - azsdk-python-storage-file-share/12.0.1 Python/3.7.3 (Windows-10-10.0.17763-SP0)
      x-ms-date:
      - Thu, 02 Jan 2020 23:03:03 GMT
      x-ms-version:
      - '2019-02-02'
    method: GET
    uri: https://storagename.file.core.windows.net/utshareba11d46/dir1?restype=directory&sharesnapshot=2020-01-02T23:03:03.0000000Z
  response:
    body:
      string: ''
    headers:
      content-length: '0'
      date: Thu, 02 Jan 2020 23:03:02 GMT
      etag: '"0x8D78FD7EBD5401B"'
      last-modified: Thu, 02 Jan 2020 23:03:03 GMT
      server: Windows-Azure-File/1.0 Microsoft-HTTPAPI/2.0
      x-ms-file-attributes: Directory
      x-ms-file-change-time: '2020-01-02T23:03:03.3576475Z'
      x-ms-file-creation-time: '2020-01-02T23:03:03.3576475Z'
      x-ms-file-id: '13835128424026341376'
      x-ms-file-last-write-time: '2020-01-02T23:03:03.3576475Z'
      x-ms-file-parent-id: '0'
      x-ms-file-permission-key: 10891720742259739725*18445631768368176068
      x-ms-meta-test1: foo
      x-ms-meta-test2: bar
      x-ms-server-encrypted: 'true'
      x-ms-version: '2019-02-02'
    status:
      code: 200
      message: OK
    url: !!python/object/new:yarl.URL
      state: !!python/tuple
      - !!python/object/new:urllib.parse.SplitResult
        - https
        - pyacrstorage3zie4sluzqpi.file.core.windows.net
        - /utshareba11d46/dir1
        - restype=directory&sharesnapshot=2020-01-02T23:03:03.0000000Z
        - ''
version: 1
