{
  "Entries": [
    {
      "RequestUri": "https://storagename.file.core.windows.net/utsharea50c2b9a?restype=share",
      "RequestMethod": "PUT",
      "RequestHeaders": {
        "Accept": "application/xml",
        "Accept-Encoding": "gzip, deflate",
        "Connection": "keep-alive",
        "Content-Length": "0",
        "User-Agent": "azsdk-python-storage-file-share/12.10.0 Python/3.10.2 (Windows-10-10.0.19044-SP0)",
        "x-ms-date": "Wed, 28 Sep 2022 21:24:04 GMT",
        "x-ms-version": "2021-06-08"
      },
      "RequestBody": null,
      "StatusCode": 201,
      "ResponseHeaders": {
        "Content-Length": "0",
        "Date": "Wed, 28 Sep 2022 21:24:01 GMT",
        "ETag": "\u00220x8DAA197C4093E41\u0022",
        "Last-Modified": "Wed, 28 Sep 2022 21:24:02 GMT",
        "Server": [
          "Windows-Azure-File/1.0",
          "Microsoft-HTTPAPI/2.0"
        ],
        "x-ms-version": "2021-06-08"
      },
      "ResponseBody": null
    },
    {
      "RequestUri": "https://storagename.file.core.windows.net/utsharea50c2b9a/dir1?restype=directory",
      "RequestMethod": "PUT",
      "RequestHeaders": {
        "Accept": "application/xml",
        "Accept-Encoding": "gzip, deflate",
        "Connection": "keep-alive",
        "Content-Length": "0",
        "User-Agent": "azsdk-python-storage-file-share/12.10.0 Python/3.10.2 (Windows-10-10.0.19044-SP0)",
        "x-ms-date": "Wed, 28 Sep 2022 21:24:04 GMT",
        "x-ms-file-attributes": "none",
        "x-ms-file-creation-time": "now",
        "x-ms-file-last-write-time": "now",
        "x-ms-file-permission": "inherit",
        "x-ms-version": "2021-06-08"
      },
      "RequestBody": null,
      "StatusCode": 201,
      "ResponseHeaders": {
        "Content-Length": "0",
        "Date": "Wed, 28 Sep 2022 21:24:01 GMT",
        "ETag": "\u00220x8DAA197C41DFB7D\u0022",
        "Last-Modified": "Wed, 28 Sep 2022 21:24:02 GMT",
        "Server": [
          "Windows-Azure-File/1.0",
          "Microsoft-HTTPAPI/2.0"
        ],
        "x-ms-file-attributes": "Directory",
        "x-ms-file-change-time": "2022-09-28T21:24:02.8779389Z",
        "x-ms-file-creation-time": "2022-09-28T21:24:02.8779389Z",
        "x-ms-file-id": "13835128424026341376",
        "x-ms-file-last-write-time": "2022-09-28T21:24:02.8779389Z",
        "x-ms-file-parent-id": "0",
        "x-ms-file-permission-key": "17100207456270243504*9622787259914961209",
        "x-ms-request-server-encrypted": "true",
        "x-ms-version": "2021-06-08"
      },
      "ResponseBody": null
    },
    {
      "RequestUri": "https://storagename.file.core.windows.net/utsharea50c2b9a/dir1?restype=directory",
      "RequestMethod": "GET",
      "RequestHeaders": {
        "Accept": "application/xml",
        "Accept-Encoding": "gzip, deflate",
        "Connection": "keep-alive",
        "User-Agent": "azsdk-python-storage-file-share/12.10.0 Python/3.10.2 (Windows-10-10.0.19044-SP0)",
        "x-ms-date": "Wed, 28 Sep 2022 21:24:04 GMT",
        "x-ms-version": "2021-06-08"
      },
      "RequestBody": null,
      "StatusCode": 200,
      "ResponseHeaders": {
        "Content-Length": "0",
        "Date": "Wed, 28 Sep 2022 21:24:02 GMT",
        "ETag": "\u00220x8DAA197C41DFB7D\u0022",
        "Last-Modified": "Wed, 28 Sep 2022 21:24:02 GMT",
        "Server": [
          "Windows-Azure-File/1.0",
          "Microsoft-HTTPAPI/2.0"
        ],
        "x-ms-file-attributes": "Directory",
        "x-ms-file-change-time": "2022-09-28T21:24:02.8779389Z",
        "x-ms-file-creation-time": "2022-09-28T21:24:02.8779389Z",
        "x-ms-file-id": "13835128424026341376",
        "x-ms-file-last-write-time": "2022-09-28T21:24:02.8779389Z",
        "x-ms-file-parent-id": "0",
        "x-ms-file-permission-key": "17100207456270243504*9622787259914961209",
        "x-ms-server-encrypted": "true",
        "x-ms-version": "2021-06-08"
      },
      "ResponseBody": null
    }
  ],
  "Variables": {}
}
