interactions:
- request:
    body: null
    headers:
      Accept:
      - '*/*'
      Accept-Encoding:
      - gzip, deflate
      Connection:
      - keep-alive
      Content-Length:
      - '0'
      User-Agent:
      - azsdk-python-storage-file-share/12.0.1 Python/3.7.3 (Windows-10-10.0.17763-SP0)
      x-ms-date:
      - Wed, 15 Jan 2020 23:44:01 GMT
      x-ms-version:
      - '2019-02-02'
    method: PUT
    uri: https://storagename.file.core.windows.net/utsharefcf21448?restype=share
  response:
    body:
      string: ''
    headers:
      content-length:
      - '0'
      date:
      - Wed, 15 Jan 2020 23:44:02 GMT
      etag:
      - '"0x8D79A14CCDA72E1"'
      last-modified:
      - Wed, 15 Jan 2020 23:44:02 GMT
      server:
      - Windows-Azure-File/1.0 Microsoft-HTTPAPI/2.0
      x-ms-version:
      - '2019-02-02'
    status:
      code: 201
      message: Created
- request:
    body: null
    headers:
      Accept:
      - '*/*'
      Accept-Encoding:
      - gzip, deflate
      Connection:
      - keep-alive
      Content-Length:
      - '0'
      User-Agent:
      - azsdk-python-storage-file-share/12.0.1 Python/3.7.3 (Windows-10-10.0.17763-SP0)
      x-ms-date:
      - Wed, 15 Jan 2020 23:44:02 GMT
      x-ms-file-attributes:
      - none
      x-ms-file-creation-time:
      - now
      x-ms-file-last-write-time:
      - now
      x-ms-file-permission:
      - inherit
      x-ms-version:
      - '2019-02-02'
    method: PUT
    uri: https://storagename.file.core.windows.net/utsharefcf21448/dir1?restype=directory
  response:
    body:
      string: ''
    headers:
      content-length:
      - '0'
      date:
      - Wed, 15 Jan 2020 23:44:02 GMT
      etag:
      - '"0x8D79A14CCF1AE26"'
      last-modified:
      - Wed, 15 Jan 2020 23:44:02 GMT
      server:
      - Windows-Azure-File/1.0 Microsoft-HTTPAPI/2.0
      x-ms-file-attributes:
      - Directory
      x-ms-file-change-time:
      - '2020-01-15T23:44:02.4628774Z'
      x-ms-file-creation-time:
      - '2020-01-15T23:44:02.4628774Z'
      x-ms-file-id:
      - '13835128424026341376'
      x-ms-file-last-write-time:
      - '2020-01-15T23:44:02.4628774Z'
      x-ms-file-parent-id:
      - '0'
      x-ms-file-permission-key:
      - 10306785916763839378*16704459309046467611
      x-ms-request-server-encrypted:
      - 'true'
      x-ms-version:
      - '2019-02-02'
    status:
      code: 201
      message: Created
- request:
    body: null
    headers:
      Accept:
      - '*/*'
      Accept-Encoding:
      - gzip, deflate
      Connection:
      - keep-alive
      Content-Length:
      - '0'
      User-Agent:
      - azsdk-python-storage-file-share/12.0.1 Python/3.7.3 (Windows-10-10.0.17763-SP0)
      x-ms-date:
      - Wed, 15 Jan 2020 23:44:02 GMT
      x-ms-file-attributes:
      - none
      x-ms-file-creation-time:
      - now
      x-ms-file-last-write-time:
      - now
      x-ms-file-permission:
      - inherit
      x-ms-version:
      - '2019-02-02'
    method: PUT
    uri: https://storagename.file.core.windows.net/utsharefcf21448/dir1%2Fsubdir1?restype=directory
  response:
    body:
      string: ''
    headers:
      content-length:
      - '0'
      date:
      - Wed, 15 Jan 2020 23:44:02 GMT
      etag:
      - '"0x8D79A14CD03B2A0"'
      last-modified:
      - Wed, 15 Jan 2020 23:44:02 GMT
      server:
      - Windows-Azure-File/1.0 Microsoft-HTTPAPI/2.0
      x-ms-file-attributes:
      - Directory
      x-ms-file-change-time:
      - '2020-01-15T23:44:02.5809568Z'
      x-ms-file-creation-time:
      - '2020-01-15T23:44:02.5809568Z'
      x-ms-file-id:
      - '11529285414812647424'
      x-ms-file-last-write-time:
      - '2020-01-15T23:44:02.5809568Z'
      x-ms-file-parent-id:
      - '13835128424026341376'
      x-ms-file-permission-key:
      - 10306785916763839378*16704459309046467611
      x-ms-request-server-encrypted:
      - 'true'
      x-ms-version:
      - '2019-02-02'
    status:
      code: 201
      message: Created
- request:
    body: null
    headers:
      Accept:
      - '*/*'
      Accept-Encoding:
      - gzip, deflate
      Connection:
      - keep-alive
      Content-Length:
      - '0'
      User-Agent:
      - azsdk-python-storage-file-share/12.0.1 Python/3.7.3 (Windows-10-10.0.17763-SP0)
      x-ms-date:
      - Wed, 15 Jan 2020 23:44:02 GMT
      x-ms-file-attributes:
      - none
      x-ms-file-creation-time:
      - now
      x-ms-file-last-write-time:
      - now
      x-ms-file-permission:
      - inherit
      x-ms-version:
      - '2019-02-02'
    method: PUT
    uri: https://storagename.file.core.windows.net/utsharefcf21448/dir1%2Fsubdir2?restype=directory
  response:
    body:
      string: ''
    headers:
      content-length:
      - '0'
      date:
      - Wed, 15 Jan 2020 23:44:02 GMT
      etag:
      - '"0x8D79A14CD1170A2"'
      last-modified:
      - Wed, 15 Jan 2020 23:44:02 GMT
      server:
      - Windows-Azure-File/1.0 Microsoft-HTTPAPI/2.0
      x-ms-file-attributes:
      - Directory
      x-ms-file-change-time:
      - '2020-01-15T23:44:02.6710178Z'
      x-ms-file-creation-time:
      - '2020-01-15T23:44:02.6710178Z'
      x-ms-file-id:
      - '16140971433240035328'
      x-ms-file-last-write-time:
      - '2020-01-15T23:44:02.6710178Z'
      x-ms-file-parent-id:
      - '13835128424026341376'
      x-ms-file-permission-key:
      - 10306785916763839378*16704459309046467611
      x-ms-request-server-encrypted:
      - 'true'
      x-ms-version:
      - '2019-02-02'
    status:
      code: 201
      message: Created
- request:
    body: null
    headers:
      Accept:
      - '*/*'
      Accept-Encoding:
      - gzip, deflate
      Connection:
      - keep-alive
      Content-Length:
      - '0'
      User-Agent:
      - azsdk-python-storage-file-share/12.0.1 Python/3.7.3 (Windows-10-10.0.17763-SP0)
      x-ms-date:
      - Wed, 15 Jan 2020 23:44:02 GMT
      x-ms-file-attributes:
      - none
      x-ms-file-creation-time:
      - now
      x-ms-file-last-write-time:
      - now
      x-ms-file-permission:
      - inherit
      x-ms-version:
      - '2019-02-02'
    method: PUT
    uri: https://storagename.file.core.windows.net/utsharefcf21448/dir1%2Fsubdir3?restype=directory
  response:
    body:
      string: ''
    headers:
      content-length:
      - '0'
      date:
      - Wed, 15 Jan 2020 23:44:02 GMT
      etag:
      - '"0x8D79A14CD20DC97"'
      last-modified:
      - Wed, 15 Jan 2020 23:44:02 GMT
      server:
      - Windows-Azure-File/1.0 Microsoft-HTTPAPI/2.0
      x-ms-file-attributes:
      - Directory
      x-ms-file-change-time:
      - '2020-01-15T23:44:02.7720855Z'
      x-ms-file-creation-time:
      - '2020-01-15T23:44:02.7720855Z'
      x-ms-file-id:
      - '10376363910205800448'
      x-ms-file-last-write-time:
      - '2020-01-15T23:44:02.7720855Z'
      x-ms-file-parent-id:
      - '13835128424026341376'
      x-ms-file-permission-key:
      - 10306785916763839378*16704459309046467611
      x-ms-request-server-encrypted:
      - 'true'
      x-ms-version:
      - '2019-02-02'
    status:
      code: 201
      message: Created
- request:
    body: null
    headers:
      Accept:
      - '*/*'
      Accept-Encoding:
      - gzip, deflate
      Connection:
      - keep-alive
      Content-Length:
      - '0'
      User-Agent:
      - azsdk-python-storage-file-share/12.0.1 Python/3.7.3 (Windows-10-10.0.17763-SP0)
      x-ms-content-length:
      - '5'
      x-ms-date:
      - Wed, 15 Jan 2020 23:44:02 GMT
      x-ms-file-attributes:
      - none
      x-ms-file-creation-time:
      - now
      x-ms-file-last-write-time:
      - now
      x-ms-file-permission:
      - Inherit
      x-ms-type:
      - file
      x-ms-version:
      - '2019-02-02'
    method: PUT
    uri: https://storagename.file.core.windows.net/utsharefcf21448/dir1/file1
  response:
    body:
      string: ''
    headers:
      content-length:
      - '0'
      date:
      - Wed, 15 Jan 2020 23:44:02 GMT
      etag:
      - '"0x8D79A14CD2F851C"'
      last-modified:
      - Wed, 15 Jan 2020 23:44:02 GMT
      server:
      - Windows-Azure-File/1.0 Microsoft-HTTPAPI/2.0
      x-ms-file-attributes:
      - Archive
      x-ms-file-change-time:
      - '2020-01-15T23:44:02.8681500Z'
      x-ms-file-creation-time:
      - '2020-01-15T23:44:02.8681500Z'
      x-ms-file-id:
      - '14988049928633188352'
      x-ms-file-last-write-time:
      - '2020-01-15T23:44:02.8681500Z'
      x-ms-file-parent-id:
      - '13835128424026341376'
      x-ms-file-permission-key:
      - 5724850820508509333*16704459309046467611
      x-ms-request-server-encrypted:
      - 'true'
      x-ms-version:
      - '2019-02-02'
    status:
      code: 201
      message: Created
- request:
    body: data1
    headers:
      Accept:
      - '*/*'
      Accept-Encoding:
      - gzip, deflate
      Connection:
      - keep-alive
      Content-Length:
      - '5'
      Content-Type:
      - application/octet-stream
      User-Agent:
      - azsdk-python-storage-file-share/12.0.1 Python/3.7.3 (Windows-10-10.0.17763-SP0)
      x-ms-date:
      - Wed, 15 Jan 2020 23:44:02 GMT
      x-ms-range:
      - bytes=0-4
      x-ms-version:
      - '2019-02-02'
      x-ms-write:
      - update
    method: PUT
    uri: https://storagename.file.core.windows.net/utsharefcf21448/dir1/file1?comp=range
  response:
    body:
      string: ''
    headers:
      content-length:
      - '0'
      content-md5:
      - idkDvDXe3nJP1SxRQ3/1/Q==
      date:
      - Wed, 15 Jan 2020 23:44:02 GMT
      etag:
      - '"0x8D79A14CD3CA6BF"'
      last-modified:
      - Wed, 15 Jan 2020 23:44:02 GMT
      server:
      - Windows-Azure-File/1.0 Microsoft-HTTPAPI/2.0
      x-ms-request-server-encrypted:
      - 'true'
      x-ms-version:
      - '2019-02-02'
    status:
      code: 201
      message: Created
- request:
    body: null
    headers:
      Accept:
      - '*/*'
      Accept-Encoding:
      - gzip, deflate
      Connection:
      - keep-alive
      Content-Length:
      - '0'
      User-Agent:
      - azsdk-python-storage-file-share/12.0.1 Python/3.7.3 (Windows-10-10.0.17763-SP0)
      x-ms-content-length:
      - '5'
      x-ms-date:
      - Wed, 15 Jan 2020 23:44:02 GMT
      x-ms-file-attributes:
      - none
      x-ms-file-creation-time:
      - now
      x-ms-file-last-write-time:
      - now
      x-ms-file-permission:
      - Inherit
      x-ms-type:
      - file
      x-ms-version:
      - '2019-02-02'
    method: PUT
    uri: https://storagename.file.core.windows.net/utsharefcf21448/dir1/file2
  response:
    body:
      string: ''
    headers:
      content-length:
      - '0'
      date:
      - Wed, 15 Jan 2020 23:44:02 GMT
      etag:
      - '"0x8D79A14CD4FBCD5"'
      last-modified:
      - Wed, 15 Jan 2020 23:44:03 GMT
      server:
      - Windows-Azure-File/1.0 Microsoft-HTTPAPI/2.0
      x-ms-file-attributes:
      - Archive
      x-ms-file-change-time:
      - '2020-01-15T23:44:03.0792917Z'
      x-ms-file-creation-time:
      - '2020-01-15T23:44:03.0792917Z'
      x-ms-file-id:
      - '12682206919419494400'
      x-ms-file-last-write-time:
      - '2020-01-15T23:44:03.0792917Z'
      x-ms-file-parent-id:
      - '13835128424026341376'
      x-ms-file-permission-key:
      - 5724850820508509333*16704459309046467611
      x-ms-request-server-encrypted:
      - 'true'
      x-ms-version:
      - '2019-02-02'
    status:
      code: 201
      message: Created
- request:
    body: data2
    headers:
      Accept:
      - '*/*'
      Accept-Encoding:
      - gzip, deflate
      Connection:
      - keep-alive
      Content-Length:
      - '5'
      Content-Type:
      - application/octet-stream
      User-Agent:
      - azsdk-python-storage-file-share/12.0.1 Python/3.7.3 (Windows-10-10.0.17763-SP0)
      x-ms-date:
      - Wed, 15 Jan 2020 23:44:03 GMT
      x-ms-range:
      - bytes=0-4
      x-ms-version:
      - '2019-02-02'
      x-ms-write:
      - update
    method: PUT
    uri: https://storagename.file.core.windows.net/utsharefcf21448/dir1/file2?comp=range
  response:
    body:
      string: ''
    headers:
      content-length:
      - '0'
      content-md5:
      - /5zy1pDYiMszf2v0UmthMA==
      date:
      - Wed, 15 Jan 2020 23:44:03 GMT
      etag:
      - '"0x8D79A14CD606184"'
      last-modified:
      - Wed, 15 Jan 2020 23:44:03 GMT
      server:
      - Windows-Azure-File/1.0 Microsoft-HTTPAPI/2.0
      x-ms-request-server-encrypted:
      - 'true'
      x-ms-version:
      - '2019-02-02'
    status:
      code: 201
      message: Created
- request:
    body: null
    headers:
      Accept:
      - '*/*'
      Accept-Encoding:
      - gzip, deflate
      Connection:
      - keep-alive
      Content-Length:
      - '0'
      User-Agent:
      - azsdk-python-storage-file-share/12.0.1 Python/3.7.3 (Windows-10-10.0.17763-SP0)
      x-ms-content-length:
      - '5'
      x-ms-date:
      - Wed, 15 Jan 2020 23:44:03 GMT
      x-ms-file-attributes:
      - none
      x-ms-file-creation-time:
      - now
      x-ms-file-last-write-time:
      - now
      x-ms-file-permission:
      - Inherit
      x-ms-type:
      - file
      x-ms-version:
      - '2019-02-02'
    method: PUT
    uri: https://storagename.file.core.windows.net/utsharefcf21448/dir1/file3
  response:
    body:
      string: ''
    headers:
      content-length:
      - '0'
      date:
      - Wed, 15 Jan 2020 23:44:03 GMT
      etag:
      - '"0x8D79A14CD6FF496"'
      last-modified:
      - Wed, 15 Jan 2020 23:44:03 GMT
      server:
      - Windows-Azure-File/1.0 Microsoft-HTTPAPI/2.0
      x-ms-file-attributes:
      - Archive
      x-ms-file-change-time:
      - '2020-01-15T23:44:03.2904342Z'
      x-ms-file-creation-time:
      - '2020-01-15T23:44:03.2904342Z'
      x-ms-file-id:
      - '17293892937846882304'
      x-ms-file-last-write-time:
      - '2020-01-15T23:44:03.2904342Z'
      x-ms-file-parent-id:
      - '13835128424026341376'
      x-ms-file-permission-key:
      - 5724850820508509333*16704459309046467611
      x-ms-request-server-encrypted:
      - 'true'
      x-ms-version:
      - '2019-02-02'
    status:
      code: 201
      message: Created
- request:
    body: data3
    headers:
      Accept:
      - '*/*'
      Accept-Encoding:
      - gzip, deflate
      Connection:
      - keep-alive
      Content-Length:
      - '5'
      Content-Type:
      - application/octet-stream
      User-Agent:
      - azsdk-python-storage-file-share/12.0.1 Python/3.7.3 (Windows-10-10.0.17763-SP0)
      x-ms-date:
      - Wed, 15 Jan 2020 23:44:03 GMT
      x-ms-range:
      - bytes=0-4
      x-ms-version:
      - '2019-02-02'
      x-ms-write:
      - update
    method: PUT
    uri: https://storagename.file.core.windows.net/utsharefcf21448/dir1/file3?comp=range
  response:
    body:
      string: ''
    headers:
      content-length:
      - '0'
      content-md5:
      - eTafePeILBuqu8fUXcXaoA==
      date:
      - Wed, 15 Jan 2020 23:44:03 GMT
      etag:
      - '"0x8D79A14CD877842"'
      last-modified:
      - Wed, 15 Jan 2020 23:44:03 GMT
      server:
      - Windows-Azure-File/1.0 Microsoft-HTTPAPI/2.0
      x-ms-request-server-encrypted:
      - 'true'
      x-ms-version:
      - '2019-02-02'
    status:
      code: 201
      message: Created
- request:
    body: null
    headers:
      Accept:
      - application/xml
      Accept-Encoding:
      - gzip, deflate
      Connection:
      - keep-alive
      User-Agent:
      - azsdk-python-storage-file-share/12.0.1 Python/3.7.3 (Windows-10-10.0.17763-SP0)
      x-ms-date:
      - Wed, 15 Jan 2020 23:44:03 GMT
      x-ms-version:
      - '2019-02-02'
    method: GET
    uri: https://storagename.file.core.windows.net/utsharefcf21448/dir1?restype=directory&comp=list
  response:
    body:
      string: "\uFEFF<?xml version=\"1.0\" encoding=\"utf-8\"?><EnumerationResults
        ServiceEndpoint=\"https://storagename.file.core.windows.net/\" ShareName=\"utsharefcf21448\"
        DirectoryPath=\"dir1\"><Entries><File><Name>file1</Name><Properties><Content-Length>5</Content-Length></Properties></File><File><Name>file2</Name><Properties><Content-Length>5</Content-Length></Properties></File><File><Name>file3</Name><Properties><Content-Length>5</Content-Length></Properties></File><Directory><Name>subdir1</Name><Properties
        /></Directory><Directory><Name>subdir2</Name><Properties /></Directory><Directory><Name>subdir3</Name><Properties
        /></Directory></Entries><NextMarker /></EnumerationResults>"
    headers:
      content-type:
      - application/xml
      date:
      - Wed, 15 Jan 2020 23:44:03 GMT
      server:
      - Windows-Azure-File/1.0 Microsoft-HTTPAPI/2.0
      transfer-encoding:
      - chunked
      x-ms-version:
      - '2019-02-02'
    status:
      code: 200
      message: OK
version: 1
