interactions:
- request:
    body: null
    headers:
      User-Agent:
      - azsdk-python-storage-file-share/12.0.1 Python/3.7.3 (Windows-10-10.0.17763-SP0)
      x-ms-date:
      - Wed, 15 Jan 2020 23:55:11 GMT
      x-ms-version:
      - '2019-02-02'
    method: PUT
    uri: https://storagename.file.core.windows.net/share50061605?restype=share
  response:
    body:
      string: ''
    headers:
      content-length: '0'
      date: Wed, 15 Jan 2020 23:55:11 GMT
      etag: '"0x8D79A165BFB684C"'
      last-modified: Wed, 15 Jan 2020 23:55:11 GMT
      server: Windows-Azure-File/1.0 Microsoft-HTTPAPI/2.0
      x-ms-version: '2019-02-02'
    status:
      code: 201
      message: Created
    url: !!python/object/new:yarl.URL
      state: !!python/tuple
      - !!python/object/new:urllib.parse.SplitResult
        - https
        - pyacrstorage43x4qoc3y4bx.file.core.windows.net
        - /share50061605
        - restype=share
        - ''
- request:
    body: null
    headers:
      User-Agent:
      - azsdk-python-storage-file-share/12.0.1 Python/3.7.3 (Windows-10-10.0.17763-SP0)
      x-ms-date:
      - Wed, 15 Jan 2020 23:55:11 GMT
      x-ms-version:
      - '2019-02-02'
    method: PUT
    uri: https://storagename.file.core.windows.net/share50061605?restype=share&comp=snapshot
  response:
    body:
      string: ''
    headers:
      content-length: '0'
      date: Wed, 15 Jan 2020 23:55:11 GMT
      etag: '"0x8D79A165BFB684C"'
      last-modified: Wed, 15 Jan 2020 23:55:11 GMT
      server: Windows-Azure-File/1.0 Microsoft-HTTPAPI/2.0
      x-ms-snapshot: '2020-01-15T23:55:12.0000000Z'
      x-ms-version: '2019-02-02'
    status:
      code: 201
      message: Created
    url: !!python/object/new:yarl.URL
      state: !!python/tuple
      - !!python/object/new:urllib.parse.SplitResult
        - https
        - pyacrstorage43x4qoc3y4bx.file.core.windows.net
        - /share50061605
        - restype=share&comp=snapshot
        - ''
- request:
    body: null
    headers:
      User-Agent:
      - azsdk-python-storage-file-share/12.0.1 Python/3.7.3 (Windows-10-10.0.17763-SP0)
      x-ms-date:
      - Wed, 15 Jan 2020 23:55:12 GMT
      x-ms-version:
      - '2019-02-02'
    method: PUT
    uri: https://storagename.file.core.windows.net/share50061605?restype=share&comp=snapshot
  response:
    body:
      string: ''
    headers:
      content-length: '0'
      date: Wed, 15 Jan 2020 23:55:11 GMT
      etag: '"0x8D79A165BFB684C"'
      last-modified: Wed, 15 Jan 2020 23:55:11 GMT
      server: Windows-Azure-File/1.0 Microsoft-HTTPAPI/2.0
      x-ms-snapshot: '2020-01-15T23:55:13.0000000Z'
      x-ms-version: '2019-02-02'
    status:
      code: 201
      message: Created
    url: !!python/object/new:yarl.URL
      state: !!python/tuple
      - !!python/object/new:urllib.parse.SplitResult
        - https
        - pyacrstorage43x4qoc3y4bx.file.core.windows.net
        - /share50061605
        - restype=share&comp=snapshot
        - ''
- request:
    body: null
    headers:
      Accept:
      - application/xml
      User-Agent:
      - azsdk-python-storage-file-share/12.0.1 Python/3.7.3 (Windows-10-10.0.17763-SP0)
      x-ms-date:
      - Wed, 15 Jan 2020 23:55:12 GMT
      x-ms-version:
      - '2019-02-02'
    method: GET
    uri: https://storagename.file.core.windows.net/?include=snapshots&comp=list
  response:
    body:
      string: "\uFEFF<?xml version=\"1.0\" encoding=\"utf-8\"?><EnumerationResults
        ServiceEndpoint=\"https://storagename.file.core.windows.net/\"><Shares><Share><Name>share50061605</Name><Snapshot>2020-01-15T23:55:12.0000000Z</Snapshot><Properties><Last-Modified>Wed,
        15 Jan 2020 23:55:11 GMT</Last-Modified><Etag>\"0x8D79A165BFB684C\"</Etag><Quota>5120</Quota></Properties></Share><Share><Name>share50061605</Name><Snapshot>2020-01-15T23:55:13.0000000Z</Snapshot><Properties><Last-Modified>Wed,
        15 Jan 2020 23:55:11 GMT</Last-Modified><Etag>\"0x8D79A165BFB684C\"</Etag><Quota>5120</Quota></Properties></Share><Share><Name>share50061605</Name><Properties><Last-Modified>Wed,
        15 Jan 2020 23:55:11 GMT</Last-Modified><Etag>\"0x8D79A165BFB684C\"</Etag><Quota>5120</Quota></Properties></Share></Shares><NextMarker
        /></EnumerationResults>"
    headers:
      content-type: application/xml
      date: Wed, 15 Jan 2020 23:55:11 GMT
      server: Windows-Azure-File/1.0 Microsoft-HTTPAPI/2.0
      transfer-encoding: chunked
      vary: Origin
      x-ms-version: '2019-02-02'
    status:
      code: 200
      message: OK
    url: !!python/object/new:yarl.URL
      state: !!python/tuple
      - !!python/object/new:urllib.parse.SplitResult
        - https
        - pyacrstorage43x4qoc3y4bx.file.core.windows.net
        - /
        - include=snapshots&comp=list
        - ''
- request:
    body: null
    headers:
      Accept:
      - application/xml
      User-Agent:
      - azsdk-python-storage-file-share/12.0.1 Python/3.7.3 (Windows-10-10.0.17763-SP0)
      x-ms-date:
      - Wed, 15 Jan 2020 23:55:12 GMT
      x-ms-version:
      - '2019-02-02'
    method: GET
    uri: https://storagename.file.core.windows.net/?include=snapshots&comp=list
  response:
    body:
      string: "\uFEFF<?xml version=\"1.0\" encoding=\"utf-8\"?><EnumerationResults
        ServiceEndpoint=\"https://storagename.file.core.windows.net/\"><Shares><Share><Name>share50061605</Name><Snapshot>2020-01-15T23:55:12.0000000Z</Snapshot><Properties><Last-Modified>Wed,
        15 Jan 2020 23:55:11 GMT</Last-Modified><Etag>\"0x8D79A165BFB684C\"</Etag><Quota>5120</Quota></Properties></Share><Share><Name>share50061605</Name><Snapshot>2020-01-15T23:55:13.0000000Z</Snapshot><Properties><Last-Modified>Wed,
        15 Jan 2020 23:55:11 GMT</Last-Modified><Etag>\"0x8D79A165BFB684C\"</Etag><Quota>5120</Quota></Properties></Share><Share><Name>share50061605</Name><Properties><Last-Modified>Wed,
        15 Jan 2020 23:55:11 GMT</Last-Modified><Etag>\"0x8D79A165BFB684C\"</Etag><Quota>5120</Quota></Properties></Share></Shares><NextMarker
        /></EnumerationResults>"
    headers:
      content-type: application/xml
      date: Wed, 15 Jan 2020 23:55:11 GMT
      server: Windows-Azure-File/1.0 Microsoft-HTTPAPI/2.0
      transfer-encoding: chunked
      vary: Origin
      x-ms-version: '2019-02-02'
    status:
      code: 200
      message: OK
    url: !!python/object/new:yarl.URL
      state: !!python/tuple
      - !!python/object/new:urllib.parse.SplitResult
        - https
        - pyacrstorage43x4qoc3y4bx.file.core.windows.net
        - /
        - include=snapshots&comp=list
        - ''
- request:
    body: null
    headers:
      User-Agent:
      - azsdk-python-storage-file-share/12.0.1 Python/3.7.3 (Windows-10-10.0.17763-SP0)
      x-ms-date:
      - Wed, 15 Jan 2020 23:55:12 GMT
      x-ms-delete-snapshots:
      - include
      x-ms-version:
      - '2019-02-02'
    method: DELETE
    uri: https://storagename.file.core.windows.net/share50061605?restype=share
  response:
    body:
      string: ''
    headers:
      content-length: '0'
      date: Wed, 15 Jan 2020 23:55:11 GMT
      server: Windows-Azure-File/1.0 Microsoft-HTTPAPI/2.0
      x-ms-version: '2019-02-02'
    status:
      code: 202
      message: Accepted
    url: !!python/object/new:yarl.URL
      state: !!python/tuple
      - !!python/object/new:urllib.parse.SplitResult
        - https
        - pyacrstorage43x4qoc3y4bx.file.core.windows.net
        - /share50061605
        - restype=share
        - ''
- request:
    body: null
    headers:
      User-Agent:
      - azsdk-python-storage-file-share/12.0.1 Python/3.7.3 (Windows-10-10.0.17763-SP0)
      x-ms-date:
      - Wed, 15 Jan 2020 23:55:12 GMT
      x-ms-delete-snapshots:
      - include
      x-ms-version:
      - '2019-02-02'
    method: DELETE
    uri: https://storagename.file.core.windows.net/share50061605?restype=share
  response:
    body:
      string: ''
    headers:
      content-length: '0'
      date: Wed, 15 Jan 2020 23:55:11 GMT
      server: Windows-Azure-File/1.0 Microsoft-HTTPAPI/2.0
      x-ms-version: '2019-02-02'
    status:
      code: 202
      message: Accepted
    url: !!python/object/new:yarl.URL
      state: !!python/tuple
      - !!python/object/new:urllib.parse.SplitResult
        - https
        - pyacrstorage43x4qoc3y4bx.file.core.windows.net
        - /share50061605
        - restype=share
        - ''
- request:
    body: null
    headers:
      User-Agent:
      - azsdk-python-storage-file-share/12.0.1 Python/3.7.3 (Windows-10-10.0.17763-SP0)
      x-ms-date:
      - Wed, 15 Jan 2020 23:55:12 GMT
      x-ms-delete-snapshots:
      - include
      x-ms-version:
      - '2019-02-02'
    method: DELETE
    uri: https://storagename.file.core.windows.net/share50061605?restype=share
  response:
    body:
      string: ''
    headers:
      content-length: '0'
      date: Wed, 15 Jan 2020 23:55:12 GMT
      server: Windows-Azure-File/1.0 Microsoft-HTTPAPI/2.0
      x-ms-version: '2019-02-02'
    status:
      code: 202
      message: Accepted
    url: !!python/object/new:yarl.URL
      state: !!python/tuple
      - !!python/object/new:urllib.parse.SplitResult
        - https
        - pyacrstorage43x4qoc3y4bx.file.core.windows.net
        - /share50061605
        - restype=share
        - ''
version: 1
