{
  "Entries": [
    {
      "RequestUri": "https://storagename.file.core.windows.net/utshare431b2c9c?restype=share",
      "RequestMethod": "PUT",
      "RequestHeaders": {
        "Accept": "application/xml",
        "Accept-Encoding": "gzip, deflate",
        "Connection": "keep-alive",
        "Content-Length": "0",
        "User-Agent": "azsdk-python-storage-file-share/12.10.0 Python/3.10.2 (Windows-10-10.0.19044-SP0)",
        "x-ms-date": "Tue, 04 Oct 2022 21:06:33 GMT",
        "x-ms-version": "2021-06-08"
      },
      "RequestBody": null,
      "StatusCode": 201,
      "ResponseHeaders": {
        "Content-Length": "0",
        "Date": "Tue, 04 Oct 2022 21:06:32 GMT",
        "ETag": "\u00220x8DAA64C51432807\u0022",
        "Last-Modified": "Tue, 04 Oct 2022 21:06:33 GMT",
        "Server": [
          "Windows-Azure-File/1.0",
          "Microsoft-HTTPAPI/2.0"
        ],
        "x-ms-version": "2021-06-08"
      },
      "ResponseBody": null
    },
    {
      "RequestUri": "https://storagename.file.core.windows.net/utshare431b2c9c/file431b2c9c",
      "RequestMethod": "PUT",
      "RequestHeaders": {
        "Accept": "application/xml",
        "Accept-Encoding": "gzip, deflate",
        "Connection": "keep-alive",
        "Content-Length": "0",
        "User-Agent": "azsdk-python-storage-file-share/12.10.0 Python/3.10.2 (Windows-10-10.0.19044-SP0)",
        "x-ms-content-length": "1024",
        "x-ms-date": "Tue, 04 Oct 2022 21:06:33 GMT",
        "x-ms-file-attributes": "none",
        "x-ms-file-creation-time": "now",
        "x-ms-file-last-write-time": "now",
        "x-ms-file-permission": "Inherit",
        "x-ms-type": "file",
        "x-ms-version": "2021-06-08"
      },
      "RequestBody": null,
      "StatusCode": 201,
      "ResponseHeaders": {
        "Content-Length": "0",
        "Date": "Tue, 04 Oct 2022 21:06:32 GMT",
        "ETag": "\u00220x8DAA64C5152339A\u0022",
        "Last-Modified": "Tue, 04 Oct 2022 21:06:33 GMT",
        "Server": [
          "Windows-Azure-File/1.0",
          "Microsoft-HTTPAPI/2.0"
        ],
        "x-ms-file-attributes": "Archive",
        "x-ms-file-change-time": "2022-10-04T21:06:33.8413466Z",
        "x-ms-file-creation-time": "2022-10-04T21:06:33.8413466Z",
        "x-ms-file-id": "13835128424026341376",
        "x-ms-file-last-write-time": "2022-10-04T21:06:33.8413466Z",
        "x-ms-file-parent-id": "0",
        "x-ms-file-permission-key": "3254952746172754359*9622787259914961209",
        "x-ms-request-server-encrypted": "true",
        "x-ms-version": "2021-06-08"
      },
      "ResponseBody": null
    },
    {
      "RequestUri": "https://storagename.file.core.windows.net/utshare431b2c9c/file431b2c9c?comp=lease",
      "RequestMethod": "PUT",
      "RequestHeaders": {
        "Accept": "application/xml",
        "Accept-Encoding": "gzip, deflate",
        "Connection": "keep-alive",
        "Content-Length": "0",
        "User-Agent": "azsdk-python-storage-file-share/12.10.0 Python/3.10.2 (Windows-10-10.0.19044-SP0)",
        "x-ms-date": "Tue, 04 Oct 2022 21:06:33 GMT",
        "x-ms-lease-action": "acquire",
        "x-ms-lease-duration": "-1",
        "x-ms-proposed-lease-id": "00000000-1111-2222-3333-444444444444",
        "x-ms-version": "2021-06-08"
      },
      "RequestBody": null,
      "StatusCode": 201,
      "ResponseHeaders": {
        "Date": "Tue, 04 Oct 2022 21:06:33 GMT",
        "ETag": "\u00220x8DAA64C5152339A\u0022",
        "Last-Modified": "Tue, 04 Oct 2022 21:06:33 GMT",
        "Server": [
          "Windows-Azure-File/1.0",
          "Microsoft-HTTPAPI/2.0"
        ],
        "Transfer-Encoding": "chunked",
        "x-ms-lease-id": "00000000-1111-2222-3333-444444444444",
        "x-ms-version": "2021-06-08"
      },
      "ResponseBody": null
    },
    {
      "RequestUri": "https://storagename.file.core.windows.net/utshare431b2c9c/file431b2c9c?comp=lease",
      "RequestMethod": "PUT",
      "RequestHeaders": {
        "Accept": "application/xml",
        "Accept-Encoding": "gzip, deflate",
        "Connection": "keep-alive",
        "Content-Length": "0",
        "User-Agent": "azsdk-python-storage-file-share/12.10.0 Python/3.10.2 (Windows-10-10.0.19044-SP0)",
        "x-ms-date": "Tue, 04 Oct 2022 21:06:33 GMT",
        "x-ms-lease-action": "change",
        "x-ms-lease-id": "00000000-1111-2222-3333-444444444444",
        "x-ms-proposed-lease-id": "44444444-3333-2222-1111-000000000000",
        "x-ms-version": "2021-06-08"
      },
      "RequestBody": null,
      "StatusCode": 200,
      "ResponseHeaders": {
        "Date": "Tue, 04 Oct 2022 21:06:33 GMT",
        "ETag": "\u00220x8DAA64C5152339A\u0022",
        "Last-Modified": "Tue, 04 Oct 2022 21:06:33 GMT",
        "Server": [
          "Windows-Azure-File/1.0",
          "Microsoft-HTTPAPI/2.0"
        ],
        "Transfer-Encoding": "chunked",
        "x-ms-lease-id": "44444444-3333-2222-1111-000000000000",
        "x-ms-version": "2021-06-08"
      },
      "ResponseBody": null
    },
    {
      "RequestUri": "https://storagename.file.core.windows.net/utshare431b2c9c/file431b2c9c",
      "RequestMethod": "PUT",
      "RequestHeaders": {
        "Accept": "application/xml",
        "Accept-Encoding": "gzip, deflate",
        "Connection": "keep-alive",
        "Content-Length": "0",
        "User-Agent": "azsdk-python-storage-file-share/12.10.0 Python/3.10.2 (Windows-10-10.0.19044-SP0)",
        "x-ms-content-length": "1024",
        "x-ms-date": "Tue, 04 Oct 2022 21:06:33 GMT",
        "x-ms-file-attributes": "none",
        "x-ms-file-creation-time": "now",
        "x-ms-file-last-write-time": "now",
        "x-ms-file-permission": "Inherit",
        "x-ms-lease-id": "00000000-1111-2222-3333-444444444444",
        "x-ms-type": "file",
        "x-ms-version": "2021-06-08"
      },
      "RequestBody": null,
      "StatusCode": 412,
      "ResponseHeaders": {
        "Content-Length": "264",
        "Content-Type": "application/xml",
        "Date": "Tue, 04 Oct 2022 21:06:33 GMT",
        "Server": [
          "Windows-Azure-File/1.0",
          "Microsoft-HTTPAPI/2.0"
        ],
        "x-ms-error-code": "LeaseIdMismatchWithFileOperation",
        "x-ms-version": "2021-06-08"
      },
      "ResponseBody": [
        "\uFEFF\u003C?xml version=\u00221.0\u0022 encoding=\u0022utf-8\u0022?\u003E\u003CError\u003E\u003CCode\u003ELeaseIdMismatchWithFileOperation\u003C/Code\u003E\u003CMessage\u003EThe lease ID specified did not match the lease ID for the file.\n",
        "RequestId:35452cb3-a01a-0030-3035-d8f36f000000\n",
        "Time:2022-10-04T21:06:34.1205290Z\u003C/Message\u003E\u003C/Error\u003E"
      ]
    },
    {
      "RequestUri": "https://storagename.file.core.windows.net/utshare431b2c9c/file431b2c9c",
      "RequestMethod": "PUT",
      "RequestHeaders": {
        "Accept": "application/xml",
        "Accept-Encoding": "gzip, deflate",
        "Connection": "keep-alive",
        "Content-Length": "0",
        "User-Agent": "azsdk-python-storage-file-share/12.10.0 Python/3.10.2 (Windows-10-10.0.19044-SP0)",
        "x-ms-content-length": "1024",
        "x-ms-date": "Tue, 04 Oct 2022 21:06:34 GMT",
        "x-ms-file-attributes": "none",
        "x-ms-file-creation-time": "now",
        "x-ms-file-last-write-time": "now",
        "x-ms-file-permission": "Inherit",
        "x-ms-lease-id": "44444444-3333-2222-1111-000000000000",
        "x-ms-type": "file",
        "x-ms-version": "2021-06-08"
      },
      "RequestBody": null,
      "StatusCode": 201,
      "ResponseHeaders": {
        "Content-Length": "0",
        "Date": "Tue, 04 Oct 2022 21:06:33 GMT",
        "ETag": "\u00220x8DAA64C518A2B56\u0022",
        "Last-Modified": "Tue, 04 Oct 2022 21:06:34 GMT",
        "Server": [
          "Windows-Azure-File/1.0",
          "Microsoft-HTTPAPI/2.0"
        ],
        "x-ms-file-attributes": "Archive",
        "x-ms-file-change-time": "2022-10-04T21:06:34.2081366Z",
        "x-ms-file-creation-time": "2022-10-04T21:06:34.2081366Z",
        "x-ms-file-id": "13835128424026341376",
        "x-ms-file-last-write-time": "2022-10-04T21:06:34.2081366Z",
        "x-ms-file-parent-id": "0",
        "x-ms-file-permission-key": "3254952746172754359*9622787259914961209",
        "x-ms-request-server-encrypted": "true",
        "x-ms-version": "2021-06-08"
      },
      "ResponseBody": null
    }
  ],
  "Variables": {}
}
