interactions:
- request:
    body: null
    headers:
      User-Agent:
      - azsdk-python-storage-file-share/12.2.0 Python/3.8.5 (Windows-10-10.0.19041-SP0)
      x-ms-date:
      - Thu, 24 Sep 2020 01:47:20 GMT
      x-ms-version:
      - '2020-02-10'
    method: PUT
    uri: https://storagename.file.core.windows.net/utsharec36c1be9?restype=share
  response:
    body:
      string: ''
    headers:
      content-length: '0'
      date: Thu, 24 Sep 2020 01:47:20 GMT
      etag: '"0x8D8602BC6CDBD87"'
      last-modified: Thu, 24 Sep 2020 01:47:20 GMT
      server: Windows-Azure-File/1.0 Microsoft-HTTPAPI/2.0
      x-ms-version: '2020-02-10'
    status:
      code: 201
      message: Created
    url: https://seanmcccanary3.file.core.windows.net/utsharec36c1be9?restype=share
- request:
    body: null
    headers:
      User-Agent:
      - azsdk-python-storage-file-share/12.2.0 Python/3.8.5 (Windows-10-10.0.19041-SP0)
      x-ms-content-length:
      - '1024'
      x-ms-date:
      - Thu, 24 Sep 2020 01:47:21 GMT
      x-ms-file-attributes:
      - none
      x-ms-file-creation-time:
      - now
      x-ms-file-last-write-time:
      - now
      x-ms-file-permission:
      - Inherit
      x-ms-type:
      - file
      x-ms-version:
      - '2020-02-10'
    method: PUT
    uri: https://storagename.file.core.windows.net/utsharec36c1be9/filec36c1be9
  response:
    body:
      string: ''
    headers:
      content-length: '0'
      date: Thu, 24 Sep 2020 01:47:20 GMT
      etag: '"0x8D8602BC6EDDBDF"'
      last-modified: Thu, 24 Sep 2020 01:47:21 GMT
      server: Windows-Azure-File/1.0 Microsoft-HTTPAPI/2.0
      x-ms-file-attributes: Archive
      x-ms-file-change-time: '2020-09-24T01:47:21.0262495Z'
      x-ms-file-creation-time: '2020-09-24T01:47:21.0262495Z'
      x-ms-file-id: '13835128424026341376'
      x-ms-file-last-write-time: '2020-09-24T01:47:21.0262495Z'
      x-ms-file-parent-id: '0'
      x-ms-file-permission-key: 4010187179898695473*11459378189709739967
      x-ms-request-server-encrypted: 'true'
      x-ms-version: '2020-02-10'
    status:
      code: 201
      message: Created
    url: https://seanmcccanary3.file.core.windows.net/utsharec36c1be9/filec36c1be9
- request:
    body: null
    headers:
      User-Agent:
      - azsdk-python-storage-file-share/12.2.0 Python/3.8.5 (Windows-10-10.0.19041-SP0)
      x-ms-date:
      - Thu, 24 Sep 2020 01:47:21 GMT
      x-ms-lease-action:
      - acquire
      x-ms-lease-duration:
      - '-1'
      x-ms-proposed-lease-id:
      - 007577f1-caac-4203-9179-f1fc7eadc681
      x-ms-version:
      - '2020-02-10'
    method: PUT
    uri: https://storagename.file.core.windows.net/utsharec36c1be9/filec36c1be9?comp=lease
  response:
    body:
      string: ''
    headers:
      date: Thu, 24 Sep 2020 01:47:21 GMT
      etag: '"0x8D8602BC6EDDBDF"'
      last-modified: Thu, 24 Sep 2020 01:47:21 GMT
      server: Windows-Azure-File/1.0 Microsoft-HTTPAPI/2.0
      transfer-encoding: chunked
      x-ms-lease-id: 007577f1-caac-4203-9179-f1fc7eadc681
      x-ms-version: '2020-02-10'
    status:
      code: 201
      message: Created
    url: https://seanmcccanary3.file.core.windows.net/utsharec36c1be9/filec36c1be9?comp=lease
- request:
    body: null
    headers:
      Accept:
      - application/xml
      User-Agent:
      - azsdk-python-storage-file-share/12.2.0 Python/3.8.5 (Windows-10-10.0.19041-SP0)
      x-ms-date:
      - Thu, 24 Sep 2020 01:47:22 GMT
      x-ms-lease-id:
      - 4bc056eb-b305-4f5f-815f-ce3a6009e0c3
      x-ms-version:
      - '2020-02-10'
    method: GET
    uri: https://storagename.file.core.windows.net/utsharec36c1be9/filec36c1be9?comp=rangelist
  response:
    body:
      string: "\uFEFF<?xml version=\"1.0\" encoding=\"utf-8\"?><Error><Code>LeaseIdMismatchWithFileOperation</Code><Message>The
        lease ID specified did not match the lease ID for the file.\nRequestId:bb79e300-f01a-0089-7714-926017000000\nTime:2020-09-24T01:47:23.6869926Z</Message></Error>"
    headers:
      content-length: '264'
      content-type: application/xml
      date: Thu, 24 Sep 2020 01:47:22 GMT
      server: Windows-Azure-File/1.0 Microsoft-HTTPAPI/2.0
      vary: Origin
      x-ms-error-code: LeaseIdMismatchWithFileOperation
      x-ms-version: '2020-02-10'
    status:
      code: 412
      message: The lease ID specified did not match the lease ID for the file.
    url: https://seanmcccanary3.file.core.windows.net/utsharec36c1be9/filec36c1be9?comp=rangelist
- request:
    body: null
    headers:
      Accept:
      - application/xml
      User-Agent:
      - azsdk-python-storage-file-share/12.2.0 Python/3.8.5 (Windows-10-10.0.19041-SP0)
      x-ms-date:
      - Thu, 24 Sep 2020 01:47:24 GMT
      x-ms-version:
      - '2020-02-10'
    method: GET
    uri: https://storagename.file.core.windows.net/utsharec36c1be9/filec36c1be9?comp=rangelist
  response:
    body:
      string: "\uFEFF<?xml version=\"1.0\" encoding=\"utf-8\"?><Ranges />"
    headers:
      content-type: application/xml
      date: Thu, 24 Sep 2020 01:47:23 GMT
      etag: '"0x8D8602BC6EDDBDF"'
      last-modified: Thu, 24 Sep 2020 01:47:21 GMT
      server: Windows-Azure-File/1.0 Microsoft-HTTPAPI/2.0
      transfer-encoding: chunked
      vary: Origin
      x-ms-content-length: '1024'
      x-ms-version: '2020-02-10'
    status:
      code: 200
      message: OK
    url: https://seanmcccanary3.file.core.windows.net/utsharec36c1be9/filec36c1be9?comp=rangelist
version: 1
