interactions:
- request:
    body: null
    headers:
      Accept:
      - '*/*'
      Accept-Encoding:
      - gzip, deflate
      Connection:
      - keep-alive
      Content-Length:
      - '0'
      User-Agent:
      - azsdk-python-storage-file/12.0.0b3 Python/3.7.3 (Windows-10-10.0.18362-SP0)
      content-type:
      - application/xml; charset=utf-8
      x-ms-client-request-id:
      - 9ca80966-d9a9-11e9-a9b0-001a7dda7113
      x-ms-date:
      - Wed, 18 Sep 2019 00:16:51 GMT
      x-ms-meta:
      - '{''test1'': ''foo'', ''test2'': ''bar''}'
      x-ms-meta-test1:
      - foo
      x-ms-meta-test2:
      - bar
      x-ms-version:
      - '2019-02-02'
    method: PUT
    uri: https://storagename.file.core.windows.net/sharea910127e?restype=share
  response:
    body:
      string: ''
    headers:
      Content-Length:
      - '0'
      Date:
      - Wed, 18 Sep 2019 00:16:50 GMT
      ETag:
      - '"0x8D73BCD80E4C7CA"'
      Last-Modified:
      - Wed, 18 Sep 2019 00:16:51 GMT
      Server:
      - Windows-Azure-File/1.0 Microsoft-HTTPAPI/2.0
      x-ms-request-id:
      - 9b0a0f3a-901a-000a-48b6-6df743000000
      x-ms-version:
      - '2019-02-02'
    status:
      code: 201
      message: Created
- request:
    body: null
    headers:
      Accept:
      - '*/*'
      Accept-Encoding:
      - gzip, deflate
      Connection:
      - keep-alive
      Content-Length:
      - '0'
      User-Agent:
      - azsdk-python-storage-file/12.0.0b3 Python/3.7.3 (Windows-10-10.0.18362-SP0)
      content-type:
      - application/xml; charset=utf-8
      x-ms-client-request-id:
      - 9cc07b74-d9a9-11e9-8415-001a7dda7113
      x-ms-date:
      - Wed, 18 Sep 2019 00:16:51 GMT
      x-ms-meta-test100:
      - foo100
      x-ms-meta-test200:
      - bar200
      x-ms-version:
      - '2019-02-02'
    method: PUT
    uri: https://storagename.file.core.windows.net/sharea910127e?restype=share&comp=snapshot
  response:
    body:
      string: ''
    headers:
      Content-Length:
      - '0'
      Date:
      - Wed, 18 Sep 2019 00:16:50 GMT
      ETag:
      - '"0x8D73BCD80B69B80"'
      Last-Modified:
      - Wed, 18 Sep 2019 00:16:51 GMT
      Server:
      - Windows-Azure-File/1.0 Microsoft-HTTPAPI/2.0
      x-ms-request-id:
      - 9b0a0f3d-901a-000a-49b6-6df743000000
      x-ms-snapshot:
      - '2019-09-18T00:16:51.0000000Z'
      x-ms-version:
      - '2019-02-02'
    status:
      code: 201
      message: Created
- request:
    body: null
    headers:
      Accept:
      - '*/*'
      Accept-Encoding:
      - gzip, deflate
      Connection:
      - keep-alive
      User-Agent:
      - azsdk-python-storage-file/12.0.0b3 Python/3.7.3 (Windows-10-10.0.18362-SP0)
      content-type:
      - application/xml; charset=utf-8
      x-ms-client-request-id:
      - 9cc88b26-d9a9-11e9-b5bb-001a7dda7113
      x-ms-date:
      - Wed, 18 Sep 2019 00:16:51 GMT
      x-ms-version:
      - '2019-02-02'
    method: GET
    uri: https://storagename.file.core.windows.net/sharea910127e?restype=share
  response:
    body:
      string: ''
    headers:
      Content-Length:
      - '0'
      Date:
      - Wed, 18 Sep 2019 00:16:50 GMT
      ETag:
      - '"0x8D73BCD80E4C7CA"'
      Last-Modified:
      - Wed, 18 Sep 2019 00:16:51 GMT
      Server:
      - Windows-Azure-File/1.0 Microsoft-HTTPAPI/2.0
      x-ms-has-immutability-policy:
      - 'false'
      x-ms-has-legal-hold:
      - 'false'
      x-ms-meta-test1:
      - foo
      x-ms-meta-test2:
      - bar
      x-ms-request-id:
      - 9b0a0f3e-901a-000a-4ab6-6df743000000
      x-ms-share-quota:
      - '5120'
      x-ms-version:
      - '2019-02-02'
    status:
      code: 200
      message: OK
- request:
    body: null
    headers:
      Accept:
      - '*/*'
      Accept-Encoding:
      - gzip, deflate
      Connection:
      - keep-alive
      User-Agent:
      - azsdk-python-storage-file/12.0.0b3 Python/3.7.3 (Windows-10-10.0.18362-SP0)
      content-type:
      - application/xml; charset=utf-8
      x-ms-client-request-id:
      - 9ccf1664-d9a9-11e9-aef7-001a7dda7113
      x-ms-date:
      - Wed, 18 Sep 2019 00:16:51 GMT
      x-ms-version:
      - '2019-02-02'
    method: GET
    uri: https://storagename.file.core.windows.net/sharea910127e?sharesnapshot=2019-09-18T00:16:51.0000000Z&restype=share
  response:
    body:
      string: ''
    headers:
      Content-Length:
      - '0'
      Date:
      - Wed, 18 Sep 2019 00:16:51 GMT
      ETag:
      - '"0x8D73BCD80B69B80"'
      Last-Modified:
      - Wed, 18 Sep 2019 00:16:51 GMT
      Server:
      - Windows-Azure-File/1.0 Microsoft-HTTPAPI/2.0
      x-ms-has-immutability-policy:
      - 'false'
      x-ms-has-legal-hold:
      - 'false'
      x-ms-meta-test100:
      - foo100
      x-ms-meta-test200:
      - bar200
      x-ms-request-id:
      - 7dc1a1be-801a-00e2-03b6-6d6ed5000000
      x-ms-share-quota:
      - '5120'
      x-ms-version:
      - '2019-02-02'
    status:
      code: 200
      message: OK
- request:
    body: null
    headers:
      Accept:
      - application/xml
      Accept-Encoding:
      - gzip, deflate
      Connection:
      - keep-alive
      User-Agent:
      - azsdk-python-storage-file/12.0.0b3 Python/3.7.3 (Windows-10-10.0.18362-SP0)
      content-type:
      - application/xml; charset=utf-8
      x-ms-client-request-id:
      - 9ce57652-d9a9-11e9-adac-001a7dda7113
      x-ms-date:
      - Wed, 18 Sep 2019 00:16:51 GMT
      x-ms-version:
      - '2019-02-02'
    method: GET
    uri: https://storagename.file.core.windows.net/?include=snapshots&comp=list
  response:
    body:
      string: "\uFEFF<?xml version=\"1.0\" encoding=\"utf-8\"?><EnumerationResults
        ServiceEndpoint=\"https://storagename.file.core.windows.net/\"><Shares><Share><Name>sharea910127e</Name><Snapshot>2019-09-18T00:16:51.0000000Z</Snapshot><Properties><Last-Modified>Wed,
        18 Sep 2019 00:16:51 GMT</Last-Modified><Etag>\"0x8D73BCD80B69B80\"</Etag><Quota>5120</Quota></Properties></Share><Share><Name>sharea910127e</Name><Properties><Last-Modified>Wed,
        18 Sep 2019 00:16:51 GMT</Last-Modified><Etag>\"0x8D73BCD80E4C7CA\"</Etag><Quota>5120</Quota></Properties></Share></Shares><NextMarker
        /></EnumerationResults>"
    headers:
      Content-Type:
      - application/xml
      Date:
      - Wed, 18 Sep 2019 00:16:51 GMT
      Server:
      - Windows-Azure-File/1.0 Microsoft-HTTPAPI/2.0
      Transfer-Encoding:
      - chunked
      x-ms-request-id:
      - 9b0a0f3f-901a-000a-4bb6-6df743000000
      x-ms-version:
      - '2019-02-02'
    status:
      code: 200
      message: OK
- request:
    body: null
    headers:
      Accept:
      - '*/*'
      Accept-Encoding:
      - gzip, deflate
      Connection:
      - keep-alive
      Content-Length:
      - '0'
      User-Agent:
      - azsdk-python-storage-file/12.0.0b3 Python/3.7.3 (Windows-10-10.0.18362-SP0)
      content-type:
      - application/xml; charset=utf-8
      x-ms-client-request-id:
      - 9cec01ba-d9a9-11e9-87b9-001a7dda7113
      x-ms-date:
      - Wed, 18 Sep 2019 00:16:51 GMT
      x-ms-delete-snapshots:
      - include
      x-ms-version:
      - '2019-02-02'
    method: DELETE
    uri: https://storagename.file.core.windows.net/sharea910127e?restype=share
  response:
    body:
      string: ''
    headers:
      Content-Length:
      - '0'
      Date:
      - Wed, 18 Sep 2019 00:16:51 GMT
      Server:
      - Windows-Azure-File/1.0 Microsoft-HTTPAPI/2.0
      x-ms-request-id:
      - 9b0a0f44-901a-000a-50b6-6df743000000
      x-ms-version:
      - '2019-02-02'
    status:
      code: 202
      message: Accepted
- request:
    body: null
    headers:
      Accept:
      - '*/*'
      Accept-Encoding:
      - gzip, deflate
      Connection:
      - keep-alive
      Content-Length:
      - '0'
      User-Agent:
      - azsdk-python-storage-file/12.0.0b3 Python/3.7.3 (Windows-10-10.0.18362-SP0)
      content-type:
      - application/xml; charset=utf-8
      x-ms-client-request-id:
      - 9cf37678-d9a9-11e9-9bdc-001a7dda7113
      x-ms-date:
      - Wed, 18 Sep 2019 00:16:51 GMT
      x-ms-delete-snapshots:
      - include
      x-ms-version:
      - '2019-02-02'
    method: DELETE
    uri: https://storagename.file.core.windows.net/sharea910127e?restype=share
  response:
    body:
      string: "\uFEFF<?xml version=\"1.0\" encoding=\"utf-8\"?><Error><Code>ShareBeingDeleted</Code><Message>The
        specified share is being deleted. Try operation later.\nRequestId:9b0a0f45-901a-000a-51b6-6df743000000\nTime:2019-09-18T00:16:51.6808629Z</Message></Error>"
    headers:
      Content-Length:
      - '244'
      Content-Type:
      - application/xml
      Date:
      - Wed, 18 Sep 2019 00:16:51 GMT
      Server:
      - Windows-Azure-File/1.0 Microsoft-HTTPAPI/2.0
      x-ms-error-code:
      - ShareBeingDeleted
      x-ms-request-id:
      - 9b0a0f45-901a-000a-51b6-6df743000000
      x-ms-version:
      - '2019-02-02'
    status:
      code: 409
      message: The specified share is being deleted. Try operation later.
version: 1
