interactions:
- request:
    body: null
    headers:
      User-Agent:
      - azsdk-python-storage-file-share/12.0.0 Python/3.7.3 (Windows-10-10.0.17763-SP0)
      x-ms-client-request-id:
      - 23600308-1d1b-11ea-8323-2816a845e8c6
      x-ms-date:
      - Thu, 12 Dec 2019 20:08:18 GMT
      x-ms-version:
      - '2019-02-02'
    method: PUT
    uri: https://storagename.file.core.windows.net/share7a0316ae?restype=share
  response:
    body:
      string: ''
    headers:
      ? !!python/object/new:multidict._multidict.istr
      - Content-Length
      : '0'
      ? !!python/object/new:multidict._multidict.istr
      - Date
      : Thu, 12 Dec 2019 20:08:21 GMT
      ? !!python/object/new:multidict._multidict.istr
      - Etag
      : '"0x8D77F3F09E93C99"'
      ? !!python/object/new:multidict._multidict.istr
      - Last-Modified
      : Thu, 12 Dec 2019 20:08:22 GMT
      ? !!python/object/new:multidict._multidict.istr
      - Server
      : Windows-Azure-File/1.0 Microsoft-HTTPAPI/2.0
      x-ms-request-id: 0e719d7f-c01a-009f-2327-b11cba000000
      x-ms-version: '2019-02-02'
    status:
      code: 201
      message: Created
    url: !!python/object/new:yarl.URL
      state: !!python/tuple
      - !!python/object/new:urllib.parse.SplitResult
        - https
        - amqptest.file.core.windows.net
        - /share7a0316ae
        - restype=share
        - ''
- request:
    body: '{"permission": "O:S-1-5-21-2127521184-1604012920-1887927527-21560751G:S-1-5-21-2127521184-1604012920-1887927527-513D:AI(A;;FA;;;SY)(A;;FA;;;BA)(A;;0x1200a9;;;S-1-5-21-397955417-626881126-188441444-3053964)"}'
    headers:
      Content-Length:
      - '207'
      Content-Type:
      - application/json; charset=utf-8
      User-Agent:
      - azsdk-python-storage-file-share/12.0.0 Python/3.7.3 (Windows-10-10.0.17763-SP0)
      x-ms-client-request-id:
      - 23790bae-1d1b-11ea-af28-2816a845e8c6
      x-ms-date:
      - Thu, 12 Dec 2019 20:08:18 GMT
      x-ms-version:
      - '2019-02-02'
    method: PUT
    uri: https://storagename.file.core.windows.net/share7a0316ae?restype=share&comp=filepermission
  response:
    body:
      string: ''
    headers:
      ? !!python/object/new:multidict._multidict.istr
      - Date
      : Thu, 12 Dec 2019 20:08:21 GMT
      ? !!python/object/new:multidict._multidict.istr
      - Server
      : Windows-Azure-File/1.0 Microsoft-HTTPAPI/2.0
      ? !!python/object/new:multidict._multidict.istr
      - Transfer-Encoding
      : chunked
      x-ms-file-permission-key: 4607683888298418142*10967959146200238639
      x-ms-request-id: 0e719d82-c01a-009f-2427-b11cba000000
      x-ms-version: '2019-02-02'
    status:
      code: 201
      message: Created
    url: !!python/object/new:yarl.URL
      state: !!python/tuple
      - !!python/object/new:urllib.parse.SplitResult
        - https
        - amqptest.file.core.windows.net
        - /share7a0316ae
        - restype=share&comp=filepermission
        - ''
- request:
    body: null
    headers:
      Accept:
      - application/json
      User-Agent:
      - azsdk-python-storage-file-share/12.0.0 Python/3.7.3 (Windows-10-10.0.17763-SP0)
      x-ms-client-request-id:
      - 23851168-1d1b-11ea-a8e2-2816a845e8c6
      x-ms-date:
      - Thu, 12 Dec 2019 20:08:18 GMT
      x-ms-file-permission-key:
      - 4607683888298418142*10967959146200238639
      x-ms-version:
      - '2019-02-02'
    method: GET
    uri: https://storagename.file.core.windows.net/share7a0316ae?restype=share&comp=filepermission
  response:
    body:
      string: '{"permission":"O:S-1-5-21-2127521184-1604012920-1887927527-21560751G:S-1-5-21-2127521184-1604012920-1887927527-513D:AI(A;;FA;;;SY)(A;;FA;;;BA)(A;;0x1200a9;;;S-1-5-21-397955417-626881126-188441444-3053964)S:NO_ACCESS_CONTROL"}'
    headers:
      ? !!python/object/new:multidict._multidict.istr
      - Content-Length
      : '225'
      ? !!python/object/new:multidict._multidict.istr
      - Date
      : Thu, 12 Dec 2019 20:08:21 GMT
      ? !!python/object/new:multidict._multidict.istr
      - Server
      : Windows-Azure-File/1.0 Microsoft-HTTPAPI/2.0
      ? !!python/object/new:multidict._multidict.istr
      - Vary
      : Origin
      x-ms-request-id: 0e719d83-c01a-009f-2527-b11cba000000
      x-ms-version: '2019-02-02'
    status:
      code: 200
      message: OK
    url: !!python/object/new:yarl.URL
      state: !!python/tuple
      - !!python/object/new:urllib.parse.SplitResult
        - https
        - amqptest.file.core.windows.net
        - /share7a0316ae
        - restype=share&comp=filepermission
        - ''
- request:
    body: '{"permission": "O:S-1-5-21-2127521184-1604012920-1887927527-21560751G:S-1-5-21-2127521184-1604012920-1887927527-513D:AI(A;;FA;;;SY)(A;;FA;;;BA)(A;;0x1200a9;;;S-1-5-21-397955417-626881126-188441444-3053964)S:NO_ACCESS_CONTROL"}'
    headers:
      Content-Length:
      - '226'
      Content-Type:
      - application/json; charset=utf-8
      User-Agent:
      - azsdk-python-storage-file-share/12.0.0 Python/3.7.3 (Windows-10-10.0.17763-SP0)
      x-ms-client-request-id:
      - 238de4f0-1d1b-11ea-9bef-2816a845e8c6
      x-ms-date:
      - Thu, 12 Dec 2019 20:08:18 GMT
      x-ms-version:
      - '2019-02-02'
    method: PUT
    uri: https://storagename.file.core.windows.net/share7a0316ae?restype=share&comp=filepermission
  response:
    body:
      string: ''
    headers:
      ? !!python/object/new:multidict._multidict.istr
      - Date
      : Thu, 12 Dec 2019 20:08:21 GMT
      ? !!python/object/new:multidict._multidict.istr
      - Server
      : Windows-Azure-File/1.0 Microsoft-HTTPAPI/2.0
      ? !!python/object/new:multidict._multidict.istr
      - Transfer-Encoding
      : chunked
      x-ms-file-permission-key: 4607683888298418142*10967959146200238639
      x-ms-request-id: 0e719d85-c01a-009f-2627-b11cba000000
      x-ms-version: '2019-02-02'
    status:
      code: 201
      message: Created
    url: !!python/object/new:yarl.URL
      state: !!python/tuple
      - !!python/object/new:urllib.parse.SplitResult
        - https
        - amqptest.file.core.windows.net
        - /share7a0316ae
        - restype=share&comp=filepermission
        - ''
version: 1
