interactions:
- request:
    body: null
    headers:
      Accept:
      - '*/*'
      Accept-Encoding:
      - gzip, deflate
      Connection:
      - keep-alive
      Content-Length:
      - '0'
      User-Agent:
      - azsdk-python-storage-file-share/12.0.0 Python/3.7.3 (Windows-10-10.0.18362-SP0)
      x-ms-client-request-id:
      - a0c65c7a-1b06-11ea-ab1d-001a7dda7113
      x-ms-date:
      - Tue, 10 Dec 2019 04:36:26 GMT
      x-ms-version:
      - '2019-07-07'
    method: PUT
    uri: https://pyacrstoragestorname.file.core.windows.net/share9125172e?restype=share
  response:
    body:
      string: ''
    headers:
      Date:
      - Tue, 10 Dec 2019 04:36:26 GMT
      ETag:
      - '"0x8D77D2A851F8DC1"'
      Last-Modified:
      - Tue, 10 Dec 2019 04:36:27 GMT
      Server:
      - Windows-Azure-File/1.0 Microsoft-HTTPAPI/2.0
      Transfer-Encoding:
      - chunked
      x-ms-request-id:
      - a14e40ed-301a-0009-6a13-aff742000000
      x-ms-version:
      - '2019-07-07'
    status:
      code: 201
      message: Created
- request:
    body: null
    headers:
      Accept:
      - '*/*'
      Accept-Encoding:
      - gzip, deflate
      Connection:
      - keep-alive
      User-Agent:
      - azsdk-python-storage-file-share/12.0.0 Python/3.7.3 (Windows-10-10.0.18362-SP0)
      x-ms-client-request-id:
      - a0fc1242-1b06-11ea-a69d-001a7dda7113
      x-ms-date:
      - Tue, 10 Dec 2019 04:36:27 GMT
      x-ms-version:
      - '2019-07-07'
    method: GET
    uri: https://pyacrstoragestorname.file.core.windows.net/share9125172e?restype=share
  response:
    body:
      string: ''
    headers:
      Date:
      - Tue, 10 Dec 2019 04:36:26 GMT
      ETag:
      - '"0x8D77D2A851F8DC1"'
      Last-Modified:
      - Tue, 10 Dec 2019 04:36:27 GMT
      Server:
      - Windows-Azure-File/1.0 Microsoft-HTTPAPI/2.0
      Transfer-Encoding:
      - chunked
      x-ms-enabled-protocols:
      - SMB
      x-ms-has-immutability-policy:
      - 'false'
      x-ms-has-legal-hold:
      - 'false'
      x-ms-request-id:
      - a14e40f0-301a-0009-6b13-aff742000000
      x-ms-share-next-allowed-quota-downgrade-time:
      - Tue, 10 Dec 2019 04:36:27 GMT
      x-ms-share-provisioned-egress-mbps:
      - '66'
      x-ms-share-provisioned-ingress-mbps:
      - '44'
      x-ms-share-provisioned-iops:
      - '100'
      x-ms-share-provisioned-bandwidth-mibps:
      - '110'
      x-ms-share-quota:
      - '100'
      x-ms-version:
      - '2019-07-07'
    status:
      code: 200
      message: OK
- request:
    body: null
    headers:
      Accept:
      - application/xml
      Accept-Encoding:
      - gzip, deflate
      Connection:
      - keep-alive
      User-Agent:
      - azsdk-python-storage-file-share/12.0.0 Python/3.7.3 (Windows-10-10.0.18362-SP0)
      x-ms-client-request-id:
      - a10d77e6-1b06-11ea-83f9-001a7dda7113
      x-ms-date:
      - Tue, 10 Dec 2019 04:36:27 GMT
      x-ms-version:
      - '2019-07-07'
    method: GET
    uri: https://pyacrstoragestorname.file.core.windows.net/?include=snapshots&comp=list
  response:
    body:
      string: "\uFEFF<?xml version=\"1.0\" encoding=\"utf-8\"?><EnumerationResults
        ServiceEndpoint=\"https://pyacrstoragestorname.file.core.windows.net/\"><Shares><Share><Name>share9125172e</Name><Properties><Last-Modified>Tue,
        10 Dec 2019 04:36:27 GMT</Last-Modified><Etag>\"0x8D77D2A851F8DC1\"</Etag><Quota>100</Quota><EnabledProtocols>SMB</EnabledProtocols><ProvisionedIops>100</ProvisionedIops><ProvisionedIngressMBps>44</ProvisionedIngressMBps><ProvisionedEgressMBps>66</ProvisionedEgressMBps><NextAllowedQuotaDowngradeTime>Tue,
        10 Dec 2019 04:36:27 GMT</NextAllowedQuotaDowngradeTime></Properties></Share></Shares><NextMarker
        /></EnumerationResults>"
    headers:
      Content-Type:
      - application/xml
      Date:
      - Tue, 10 Dec 2019 04:36:27 GMT
      Server:
      - Windows-Azure-File/1.0 Microsoft-HTTPAPI/2.0
      Transfer-Encoding:
      - chunked
      x-ms-request-id:
      - a14e40f1-301a-0009-6c13-aff742000000
      x-ms-version:
      - '2019-07-07'
    status:
      code: 200
      message: OK
- request:
    body: null
    headers:
      Accept:
      - '*/*'
      Accept-Encoding:
      - gzip, deflate
      Connection:
      - keep-alive
      Content-Length:
      - '0'
      User-Agent:
      - azsdk-python-storage-file-share/12.0.0 Python/3.7.3 (Windows-10-10.0.18362-SP0)
      x-ms-client-request-id:
      - a1355d36-1b06-11ea-bfa6-001a7dda7113
      x-ms-date:
      - Tue, 10 Dec 2019 04:36:27 GMT
      x-ms-delete-snapshots:
      - include
      x-ms-version:
      - '2019-07-07'
    method: DELETE
    uri: https://pyacrstoragestorname.file.core.windows.net/share9125172e?restype=share
  response:
    body:
      string: ''
    headers:
      Date:
      - Tue, 10 Dec 2019 04:36:27 GMT
      Server:
      - Windows-Azure-File/1.0 Microsoft-HTTPAPI/2.0
      Transfer-Encoding:
      - chunked
      x-ms-request-id:
      - a14e40f2-301a-0009-6d13-aff742000000
      x-ms-version:
      - '2019-07-07'
    status:
      code: 202
      message: Accepted
version: 1
