interactions:
- request:
    body: null
    headers:
      User-Agent:
      - azsdk-python-storage-file-share/12.0.1 Python/3.7.3 (Windows-10-10.0.17763-SP0)
      x-ms-date:
      - Wed, 08 Jan 2020 00:53:55 GMT
      x-ms-version:
      - '2019-02-02'
    method: PUT
    uri: https://storagename.file.core.windows.net/listshare0af571bc9?restype=share
  response:
    body:
      string: ''
    headers:
      content-length: '0'
      date: Wed, 08 Jan 2020 00:53:54 GMT
      etag: '"0x8D793D53CB16847"'
      last-modified: Wed, 08 Jan 2020 00:53:55 GMT
      server: Windows-Azure-File/1.0 Microsoft-HTTPAPI/2.0
      x-ms-version: '2019-02-02'
    status:
      code: 201
      message: Created
    url: !!python/object/new:yarl.URL
      state: !!python/tuple
      - !!python/object/new:urllib.parse.SplitResult
        - https
        - pyacrstorageizsjv7wg4knd.file.core.windows.net
        - /listshare0af571bc9
        - restype=share
        - ''
- request:
    body: null
    headers:
      User-Agent:
      - azsdk-python-storage-file-share/12.0.1 Python/3.7.3 (Windows-10-10.0.17763-SP0)
      x-ms-date:
      - Wed, 08 Jan 2020 00:53:55 GMT
      x-ms-version:
      - '2019-02-02'
    method: PUT
    uri: https://storagename.file.core.windows.net/listshare1af571bc9?restype=share
  response:
    body:
      string: ''
    headers:
      content-length: '0'
      date: Wed, 08 Jan 2020 00:53:54 GMT
      etag: '"0x8D793D53CB9A720"'
      last-modified: Wed, 08 Jan 2020 00:53:55 GMT
      server: Windows-Azure-File/1.0 Microsoft-HTTPAPI/2.0
      x-ms-version: '2019-02-02'
    status:
      code: 201
      message: Created
    url: !!python/object/new:yarl.URL
      state: !!python/tuple
      - !!python/object/new:urllib.parse.SplitResult
        - https
        - pyacrstorageizsjv7wg4knd.file.core.windows.net
        - /listshare1af571bc9
        - restype=share
        - ''
- request:
    body: null
    headers:
      User-Agent:
      - azsdk-python-storage-file-share/12.0.1 Python/3.7.3 (Windows-10-10.0.17763-SP0)
      x-ms-date:
      - Wed, 08 Jan 2020 00:53:55 GMT
      x-ms-version:
      - '2019-02-02'
    method: PUT
    uri: https://storagename.file.core.windows.net/listshare2af571bc9?restype=share
  response:
    body:
      string: ''
    headers:
      content-length: '0'
      date: Wed, 08 Jan 2020 00:53:54 GMT
      etag: '"0x8D793D53CC0D458"'
      last-modified: Wed, 08 Jan 2020 00:53:55 GMT
      server: Windows-Azure-File/1.0 Microsoft-HTTPAPI/2.0
      x-ms-version: '2019-02-02'
    status:
      code: 201
      message: Created
    url: !!python/object/new:yarl.URL
      state: !!python/tuple
      - !!python/object/new:urllib.parse.SplitResult
        - https
        - pyacrstorageizsjv7wg4knd.file.core.windows.net
        - /listshare2af571bc9
        - restype=share
        - ''
- request:
    body: null
    headers:
      User-Agent:
      - azsdk-python-storage-file-share/12.0.1 Python/3.7.3 (Windows-10-10.0.17763-SP0)
      x-ms-date:
      - Wed, 08 Jan 2020 00:53:55 GMT
      x-ms-version:
      - '2019-02-02'
    method: PUT
    uri: https://storagename.file.core.windows.net/listshare3af571bc9?restype=share
  response:
    body:
      string: ''
    headers:
      content-length: '0'
      date: Wed, 08 Jan 2020 00:53:54 GMT
      etag: '"0x8D793D53CC828A8"'
      last-modified: Wed, 08 Jan 2020 00:53:55 GMT
      server: Windows-Azure-File/1.0 Microsoft-HTTPAPI/2.0
      x-ms-version: '2019-02-02'
    status:
      code: 201
      message: Created
    url: !!python/object/new:yarl.URL
      state: !!python/tuple
      - !!python/object/new:urllib.parse.SplitResult
        - https
        - pyacrstorageizsjv7wg4knd.file.core.windows.net
        - /listshare3af571bc9
        - restype=share
        - ''
- request:
    body: null
    headers:
      Accept:
      - application/xml
      User-Agent:
      - azsdk-python-storage-file-share/12.0.1 Python/3.7.3 (Windows-10-10.0.17763-SP0)
      x-ms-date:
      - Wed, 08 Jan 2020 00:53:55 GMT
      x-ms-version:
      - '2019-02-02'
    method: GET
    uri: https://storagename.file.core.windows.net/?maxresults=2&include=&comp=list
  response:
    body:
      string: "\uFEFF<?xml version=\"1.0\" encoding=\"utf-8\"?><EnumerationResults
        ServiceEndpoint=\"https://storagename.file.core.windows.net/\"><MaxResults>2</MaxResults><Shares><Share><Name>listshare0af571bc9</Name><Properties><Last-Modified>Wed,
        08 Jan 2020 00:53:55 GMT</Last-Modified><Etag>\"0x8D793D53CB16847\"</Etag><Quota>5120</Quota></Properties></Share><Share><Name>listshare1af571bc9</Name><Properties><Last-Modified>Wed,
        08 Jan 2020 00:53:55 GMT</Last-Modified><Etag>\"0x8D793D53CB9A720\"</Etag><Quota>5120</Quota></Properties></Share></Shares><NextMarker>/storagename/listshare2af571bc9</NextMarker></EnumerationResults>"
    headers:
      content-type: application/xml
      date: Wed, 08 Jan 2020 00:53:54 GMT
      server: Windows-Azure-File/1.0 Microsoft-HTTPAPI/2.0
      transfer-encoding: chunked
      x-ms-version: '2019-02-02'
    status:
      code: 200
      message: OK
    url: !!python/object/new:yarl.URL
      state: !!python/tuple
      - !!python/object/new:urllib.parse.SplitResult
        - https
        - pyacrstorageizsjv7wg4knd.file.core.windows.net
        - /
        - maxresults=2&include=&comp=list
        - ''
- request:
    body: null
    headers:
      Accept:
      - application/xml
      User-Agent:
      - azsdk-python-storage-file-share/12.0.1 Python/3.7.3 (Windows-10-10.0.17763-SP0)
      x-ms-date:
      - Wed, 08 Jan 2020 00:53:55 GMT
      x-ms-version:
      - '2019-02-02'
    method: GET
    uri: https://storagename.file.core.windows.net/?marker=/storagename/listshare2af571bc9&maxresults=2&include=&comp=list
  response:
    body:
      string: "\uFEFF<?xml version=\"1.0\" encoding=\"utf-8\"?><EnumerationResults
        ServiceEndpoint=\"https://storagename.file.core.windows.net/\"><Marker>/storagename/listshare2af571bc9</Marker><MaxResults>2</MaxResults><Shares><Share><Name>listshare2af571bc9</Name><Properties><Last-Modified>Wed,
        08 Jan 2020 00:53:55 GMT</Last-Modified><Etag>\"0x8D793D53CC0D458\"</Etag><Quota>5120</Quota></Properties></Share><Share><Name>listshare3af571bc9</Name><Properties><Last-Modified>Wed,
        08 Jan 2020 00:53:55 GMT</Last-Modified><Etag>\"0x8D793D53CC828A8\"</Etag><Quota>5120</Quota></Properties></Share></Shares><NextMarker>/storagename/share1e691d71</NextMarker></EnumerationResults>"
    headers:
      content-type: application/xml
      date: Wed, 08 Jan 2020 00:53:54 GMT
      server: Windows-Azure-File/1.0 Microsoft-HTTPAPI/2.0
      transfer-encoding: chunked
      x-ms-version: '2019-02-02'
    status:
      code: 200
      message: OK
    url: !!python/object/new:yarl.URL
      state: !!python/tuple
      - !!python/object/new:urllib.parse.SplitResult
        - https
        - pyacrstorageizsjv7wg4knd.file.core.windows.net
        - /
        - marker=/pyacrstorageizsjv7wg4knd/listshare2af571bc9&maxresults=2&include=&comp=list
        - ''
- request:
    body: null
    headers:
      Accept:
      - application/xml
      User-Agent:
      - azsdk-python-storage-file-share/12.0.1 Python/3.7.3 (Windows-10-10.0.17763-SP0)
      x-ms-date:
      - Wed, 08 Jan 2020 00:53:55 GMT
      x-ms-version:
      - '2019-02-02'
    method: GET
    uri: https://storagename.file.core.windows.net/?include=snapshots&comp=list
  response:
    body:
      string: "\uFEFF<?xml version=\"1.0\" encoding=\"utf-8\"?><EnumerationResults
        ServiceEndpoint=\"https://storagename.file.core.windows.net/\"><Shares><Share><Name>listshare0af571bc9</Name><Properties><Last-Modified>Wed,
        08 Jan 2020 00:53:55 GMT</Last-Modified><Etag>\"0x8D793D53CB16847\"</Etag><Quota>5120</Quota></Properties></Share><Share><Name>listshare1af571bc9</Name><Properties><Last-Modified>Wed,
        08 Jan 2020 00:53:55 GMT</Last-Modified><Etag>\"0x8D793D53CB9A720\"</Etag><Quota>5120</Quota></Properties></Share><Share><Name>listshare2af571bc9</Name><Properties><Last-Modified>Wed,
        08 Jan 2020 00:53:55 GMT</Last-Modified><Etag>\"0x8D793D53CC0D458\"</Etag><Quota>5120</Quota></Properties></Share><Share><Name>listshare3af571bc9</Name><Properties><Last-Modified>Wed,
        08 Jan 2020 00:53:55 GMT</Last-Modified><Etag>\"0x8D793D53CC828A8\"</Etag><Quota>5120</Quota></Properties></Share></Shares><NextMarker
        /></EnumerationResults>"
    headers:
      content-type: application/xml
      date: Wed, 08 Jan 2020 00:53:55 GMT
      server: Windows-Azure-File/1.0 Microsoft-HTTPAPI/2.0
      transfer-encoding: chunked
      x-ms-version: '2019-02-02'
    status:
      code: 200
      message: OK
    url: !!python/object/new:yarl.URL
      state: !!python/tuple
      - !!python/object/new:urllib.parse.SplitResult
        - https
        - pyacrstorageizsjv7wg4knd.file.core.windows.net
        - /
        - include=snapshots&comp=list
        - ''
- request:
    body: null
    headers:
      User-Agent:
      - azsdk-python-storage-file-share/12.0.1 Python/3.7.3 (Windows-10-10.0.17763-SP0)
      x-ms-date:
      - Wed, 08 Jan 2020 00:53:55 GMT
      x-ms-delete-snapshots:
      - include
      x-ms-version:
      - '2019-02-02'
    method: DELETE
    uri: https://storagename.file.core.windows.net/listshare0af571bc9?restype=share
  response:
    body:
      string: ''
    headers:
      content-length: '0'
      date: Wed, 08 Jan 2020 00:53:55 GMT
      server: Windows-Azure-File/1.0 Microsoft-HTTPAPI/2.0
      x-ms-version: '2019-02-02'
    status:
      code: 202
      message: Accepted
    url: !!python/object/new:yarl.URL
      state: !!python/tuple
      - !!python/object/new:urllib.parse.SplitResult
        - https
        - pyacrstorageizsjv7wg4knd.file.core.windows.net
        - /listshare0af571bc9
        - restype=share
        - ''
- request:
    body: null
    headers:
      User-Agent:
      - azsdk-python-storage-file-share/12.0.1 Python/3.7.3 (Windows-10-10.0.17763-SP0)
      x-ms-date:
      - Wed, 08 Jan 2020 00:53:56 GMT
      x-ms-delete-snapshots:
      - include
      x-ms-version:
      - '2019-02-02'
    method: DELETE
    uri: https://storagename.file.core.windows.net/listshare1af571bc9?restype=share
  response:
    body:
      string: ''
    headers:
      content-length: '0'
      date: Wed, 08 Jan 2020 00:53:55 GMT
      server: Windows-Azure-File/1.0 Microsoft-HTTPAPI/2.0
      x-ms-version: '2019-02-02'
    status:
      code: 202
      message: Accepted
    url: !!python/object/new:yarl.URL
      state: !!python/tuple
      - !!python/object/new:urllib.parse.SplitResult
        - https
        - pyacrstorageizsjv7wg4knd.file.core.windows.net
        - /listshare1af571bc9
        - restype=share
        - ''
- request:
    body: null
    headers:
      User-Agent:
      - azsdk-python-storage-file-share/12.0.1 Python/3.7.3 (Windows-10-10.0.17763-SP0)
      x-ms-date:
      - Wed, 08 Jan 2020 00:53:56 GMT
      x-ms-delete-snapshots:
      - include
      x-ms-version:
      - '2019-02-02'
    method: DELETE
    uri: https://storagename.file.core.windows.net/listshare2af571bc9?restype=share
  response:
    body:
      string: ''
    headers:
      content-length: '0'
      date: Wed, 08 Jan 2020 00:53:55 GMT
      server: Windows-Azure-File/1.0 Microsoft-HTTPAPI/2.0
      x-ms-version: '2019-02-02'
    status:
      code: 202
      message: Accepted
    url: !!python/object/new:yarl.URL
      state: !!python/tuple
      - !!python/object/new:urllib.parse.SplitResult
        - https
        - pyacrstorageizsjv7wg4knd.file.core.windows.net
        - /listshare2af571bc9
        - restype=share
        - ''
- request:
    body: null
    headers:
      User-Agent:
      - azsdk-python-storage-file-share/12.0.1 Python/3.7.3 (Windows-10-10.0.17763-SP0)
      x-ms-date:
      - Wed, 08 Jan 2020 00:53:56 GMT
      x-ms-delete-snapshots:
      - include
      x-ms-version:
      - '2019-02-02'
    method: DELETE
    uri: https://storagename.file.core.windows.net/listshare3af571bc9?restype=share
  response:
    body:
      string: ''
    headers:
      content-length: '0'
      date: Wed, 08 Jan 2020 00:53:55 GMT
      server: Windows-Azure-File/1.0 Microsoft-HTTPAPI/2.0
      x-ms-version: '2019-02-02'
    status:
      code: 202
      message: Accepted
    url: !!python/object/new:yarl.URL
      state: !!python/tuple
      - !!python/object/new:urllib.parse.SplitResult
        - https
        - pyacrstorageizsjv7wg4knd.file.core.windows.net
        - /listshare3af571bc9
        - restype=share
        - ''
version: 1
