interactions:
- request:
    body: null
    headers:
      User-Agent:
      - azsdk-python-storage-file-share/12.0.0 Python/3.7.3 (Windows-10-10.0.18362-SP0)
      x-ms-client-request-id:
      - 15544270-1d45-11ea-bf17-001a7dda7113
      x-ms-date:
      - Fri, 13 Dec 2019 01:08:33 GMT
      x-ms-version:
      - '2019-07-07'
    method: PUT
    uri: https://storagename.file.core.windows.net/utsharedf9b1c4e?restype=share
  response:
    body:
      string: ''
    headers:
      ? !!python/object/new:multidict._multidict.istr
      - Content-Length
      : '0'
      ? !!python/object/new:multidict._multidict.istr
      - Date
      : Fri, 13 Dec 2019 01:08:32 GMT
      ? !!python/object/new:multidict._multidict.istr
      - Etag
      : '"0x8D77F68F99A52B0"'
      ? !!python/object/new:multidict._multidict.istr
      - Last-Modified
      : Fri, 13 Dec 2019 01:08:33 GMT
      ? !!python/object/new:multidict._multidict.istr
      - Server
      : Windows-Azure-File/1.0 Microsoft-HTTPAPI/2.0
      x-ms-request-id: 90ef4931-201a-0001-1e51-b1cde7000000
      x-ms-version: '2019-07-07'
    status:
      code: 201
      message: Created
    url: !!python/object/new:yarl.URL
      state: !!python/tuple
      - !!python/object/new:urllib.parse.SplitResult
        - http
        - emilystageaccount.file.core.windows.net
        - /utsharedf9b1c4e
        - restype=share
        - ''
- request:
    body: null
    headers:
      User-Agent:
      - azsdk-python-storage-file-share/12.0.0 Python/3.7.3 (Windows-10-10.0.18362-SP0)
      x-ms-client-request-id:
      - 1571eb42-1d45-11ea-ad5f-001a7dda7113
      x-ms-content-length:
      - '1024'
      x-ms-date:
      - Fri, 13 Dec 2019 01:08:33 GMT
      x-ms-file-attributes:
      - none
      x-ms-file-creation-time:
      - now
      x-ms-file-last-write-time:
      - now
      x-ms-file-permission:
      - Inherit
      x-ms-type:
      - file
      x-ms-version:
      - '2019-07-07'
    method: PUT
    uri: https://storagename.file.core.windows.net/utsharedf9b1c4e/filedf9b1c4e
  response:
    body:
      string: ''
    headers:
      ? !!python/object/new:multidict._multidict.istr
      - Content-Length
      : '0'
      ? !!python/object/new:multidict._multidict.istr
      - Date
      : Fri, 13 Dec 2019 01:08:33 GMT
      ? !!python/object/new:multidict._multidict.istr
      - Etag
      : '"0x8D77F68F9B82065"'
      ? !!python/object/new:multidict._multidict.istr
      - Last-Modified
      : Fri, 13 Dec 2019 01:08:33 GMT
      ? !!python/object/new:multidict._multidict.istr
      - Server
      : Windows-Azure-File/1.0 Microsoft-HTTPAPI/2.0
      x-ms-file-attributes: Archive
      x-ms-file-change-time: '2019-12-13T01:08:33.9134565Z'
      x-ms-file-creation-time: '2019-12-13T01:08:33.9134565Z'
      x-ms-file-id: '13835128424026341376'
      x-ms-file-last-write-time: '2019-12-13T01:08:33.9134565Z'
      x-ms-file-parent-id: '0'
      x-ms-file-permission-key: 16864655153240182536*4804112389554988934
      x-ms-request-id: 6b3f36ff-201a-002e-5951-b1c02c000000
      x-ms-request-server-encrypted: 'true'
      x-ms-version: '2019-07-07'
    status:
      code: 201
      message: Created
    url: !!python/object/new:yarl.URL
      state: !!python/tuple
      - !!python/object/new:urllib.parse.SplitResult
        - http
        - emilystageaccount.file.core.windows.net
        - /utsharedf9b1c4e/filedf9b1c4e
        - ''
        - ''
- request:
    body: null
    headers:
      User-Agent:
      - azsdk-python-storage-file-share/12.0.0 Python/3.7.3 (Windows-10-10.0.18362-SP0)
      x-ms-client-request-id:
      - 158d1eda-1d45-11ea-a507-001a7dda7113
      x-ms-date:
      - Fri, 13 Dec 2019 01:08:33 GMT
      x-ms-lease-action:
      - acquire
      x-ms-lease-duration:
      - '-1'
      x-ms-proposed-lease-id:
      - 536b63e6-bb53-4d6d-9bdb-21f3ac4bfa45
      x-ms-version:
      - '2019-07-07'
    method: PUT
    uri: https://storagename.file.core.windows.net/utsharedf9b1c4e/filedf9b1c4e?comp=lease
  response:
    body:
      string: ''
    headers:
      ? !!python/object/new:multidict._multidict.istr
      - Date
      : Fri, 13 Dec 2019 01:08:33 GMT
      ? !!python/object/new:multidict._multidict.istr
      - Etag
      : '"0x8D77F68F9B82065"'
      ? !!python/object/new:multidict._multidict.istr
      - Last-Modified
      : Fri, 13 Dec 2019 01:08:33 GMT
      ? !!python/object/new:multidict._multidict.istr
      - Server
      : Windows-Azure-File/1.0 Microsoft-HTTPAPI/2.0
      ? !!python/object/new:multidict._multidict.istr
      - Transfer-Encoding
      : chunked
      x-ms-lease-id: 536b63e6-bb53-4d6d-9bdb-21f3ac4bfa45
      x-ms-request-id: 6b3f3702-201a-002e-5a51-b1c02c000000
      x-ms-version: '2019-07-07'
    status:
      code: 201
      message: Created
    url: !!python/object/new:yarl.URL
      state: !!python/tuple
      - !!python/object/new:urllib.parse.SplitResult
        - http
        - emilystageaccount.file.core.windows.net
        - /utsharedf9b1c4e/filedf9b1c4e
        - comp=lease
        - ''
- request:
    body: null
    headers:
      Accept:
      - application/xml
      User-Agent:
      - azsdk-python-storage-file-share/12.0.0 Python/3.7.3 (Windows-10-10.0.18362-SP0)
      x-ms-client-request-id:
      - 1599b34a-1d45-11ea-a931-001a7dda7113
      x-ms-date:
      - Fri, 13 Dec 2019 01:08:34 GMT
      x-ms-lease-id:
      - de1d80c7-590b-4e7d-82ed-5e18a371f8df
      x-ms-version:
      - '2019-07-07'
    method: GET
    uri: https://storagename.file.core.windows.net/utsharedf9b1c4e/filedf9b1c4e?comp=rangelist
  response:
    body:
      string: "\uFEFF<?xml version=\"1.0\" encoding=\"utf-8\"?><Error><Code>LeaseIdMismatchWithFileOperation</Code><Message>The
        lease ID specified did not match the lease ID for the file.\nRequestId:6b3f3703-201a-002e-5b51-b1c02c000000\nTime:2019-12-13T01:08:34.0836999Z</Message></Error>"
    headers:
      ? !!python/object/new:multidict._multidict.istr
      - Content-Length
      : '264'
      ? !!python/object/new:multidict._multidict.istr
      - Content-Type
      : application/xml
      ? !!python/object/new:multidict._multidict.istr
      - Date
      : Fri, 13 Dec 2019 01:08:33 GMT
      ? !!python/object/new:multidict._multidict.istr
      - Server
      : Windows-Azure-File/1.0 Microsoft-HTTPAPI/2.0
      x-ms-error-code: LeaseIdMismatchWithFileOperation
      x-ms-request-id: 6b3f3703-201a-002e-5b51-b1c02c000000
      x-ms-version: '2019-07-07'
    status:
      code: 412
      message: The lease ID specified did not match the lease ID for the file.
    url: !!python/object/new:yarl.URL
      state: !!python/tuple
      - !!python/object/new:urllib.parse.SplitResult
        - http
        - emilystageaccount.file.core.windows.net
        - /utsharedf9b1c4e/filedf9b1c4e
        - comp=rangelist
        - ''
- request:
    body: null
    headers:
      Accept:
      - application/xml
      User-Agent:
      - azsdk-python-storage-file-share/12.0.0 Python/3.7.3 (Windows-10-10.0.18362-SP0)
      x-ms-client-request-id:
      - 15a665fa-1d45-11ea-99f0-001a7dda7113
      x-ms-date:
      - Fri, 13 Dec 2019 01:08:34 GMT
      x-ms-version:
      - '2019-07-07'
    method: GET
    uri: https://storagename.file.core.windows.net/utsharedf9b1c4e/filedf9b1c4e?comp=rangelist
  response:
    body:
      string: "\uFEFF<?xml version=\"1.0\" encoding=\"utf-8\"?><Ranges />"
    headers:
      ? !!python/object/new:multidict._multidict.istr
      - Content-Type
      : application/xml
      ? !!python/object/new:multidict._multidict.istr
      - Date
      : Fri, 13 Dec 2019 01:08:33 GMT
      ? !!python/object/new:multidict._multidict.istr
      - Etag
      : '"0x8D77F68F9B82065"'
      ? !!python/object/new:multidict._multidict.istr
      - Last-Modified
      : Fri, 13 Dec 2019 01:08:33 GMT
      ? !!python/object/new:multidict._multidict.istr
      - Server
      : Windows-Azure-File/1.0 Microsoft-HTTPAPI/2.0
      ? !!python/object/new:multidict._multidict.istr
      - Transfer-Encoding
      : chunked
      x-ms-content-length: '1024'
      x-ms-request-id: 6b3f3704-201a-002e-5c51-b1c02c000000
      x-ms-version: '2019-07-07'
    status:
      code: 200
      message: OK
    url: !!python/object/new:yarl.URL
      state: !!python/tuple
      - !!python/object/new:urllib.parse.SplitResult
        - http
        - emilystageaccount.file.core.windows.net
        - /utsharedf9b1c4e/filedf9b1c4e
        - comp=rangelist
        - ''
version: 1
