interactions:
- request:
    body: null
    headers:
      Accept:
      - '*/*'
      Accept-Encoding:
      - gzip, deflate
      Connection:
      - keep-alive
      Content-Length:
      - '0'
      User-Agent:
      - azsdk-python-storage-file-share/12.0.1 Python/3.7.3 (Windows-10-10.0.17763-SP0)
      x-ms-date:
      - Wed, 15 Jan 2020 23:54:19 GMT
      x-ms-share-quota:
      - '1'
      x-ms-version:
      - '2019-02-02'
    method: PUT
    uri: https://storagename.file.core.windows.net/share3f21100a?restype=share
  response:
    body:
      string: ''
    headers:
      content-length:
      - '0'
      date:
      - Wed, 15 Jan 2020 23:54:18 GMT
      etag:
      - '"0x8D79A163CEC418F"'
      last-modified:
      - Wed, 15 Jan 2020 23:54:19 GMT
      server:
      - Windows-Azure-File/1.0 Microsoft-HTTPAPI/2.0
      x-ms-version:
      - '2019-02-02'
    status:
      code: 201
      message: Created
- request:
    body: null
    headers:
      Accept:
      - '*/*'
      Accept-Encoding:
      - gzip, deflate
      Connection:
      - keep-alive
      User-Agent:
      - azsdk-python-storage-file-share/12.0.1 Python/3.7.3 (Windows-10-10.0.17763-SP0)
      x-ms-date:
      - Wed, 15 Jan 2020 23:54:19 GMT
      x-ms-version:
      - '2019-02-02'
    method: GET
    uri: https://storagename.file.core.windows.net/share3f21100a?restype=share
  response:
    body:
      string: ''
    headers:
      content-length:
      - '0'
      date:
      - Wed, 15 Jan 2020 23:54:19 GMT
      etag:
      - '"0x8D79A163CEC418F"'
      last-modified:
      - Wed, 15 Jan 2020 23:54:19 GMT
      server:
      - Windows-Azure-File/1.0 Microsoft-HTTPAPI/2.0
      vary:
      - Origin
      x-ms-has-immutability-policy:
      - 'false'
      x-ms-has-legal-hold:
      - 'false'
      x-ms-share-quota:
      - '1'
      x-ms-version:
      - '2019-02-02'
    status:
      code: 200
      message: OK
- request:
    body: null
    headers:
      Accept:
      - application/xml
      Accept-Encoding:
      - gzip, deflate
      Connection:
      - keep-alive
      User-Agent:
      - azsdk-python-storage-file-share/12.0.1 Python/3.7.3 (Windows-10-10.0.17763-SP0)
      x-ms-date:
      - Wed, 15 Jan 2020 23:54:19 GMT
      x-ms-version:
      - '2019-02-02'
    method: GET
    uri: https://storagename.file.core.windows.net/?include=snapshots&comp=list
  response:
    body:
      string: "\uFEFF<?xml version=\"1.0\" encoding=\"utf-8\"?><EnumerationResults
        ServiceEndpoint=\"https://storagename.file.core.windows.net/\"><Shares><Share><Name>share3f21100a</Name><Properties><Last-Modified>Wed,
        15 Jan 2020 23:54:19 GMT</Last-Modified><Etag>\"0x8D79A163CEC418F\"</Etag><Quota>1</Quota></Properties></Share></Shares><NextMarker
        /></EnumerationResults>"
    headers:
      content-type:
      - application/xml
      date:
      - Wed, 15 Jan 2020 23:54:19 GMT
      server:
      - Windows-Azure-File/1.0 Microsoft-HTTPAPI/2.0
      transfer-encoding:
      - chunked
      vary:
      - Origin
      x-ms-version:
      - '2019-02-02'
    status:
      code: 200
      message: OK
- request:
    body: null
    headers:
      Accept:
      - '*/*'
      Accept-Encoding:
      - gzip, deflate
      Connection:
      - keep-alive
      Content-Length:
      - '0'
      User-Agent:
      - azsdk-python-storage-file-share/12.0.1 Python/3.7.3 (Windows-10-10.0.17763-SP0)
      x-ms-date:
      - Wed, 15 Jan 2020 23:54:20 GMT
      x-ms-delete-snapshots:
      - include
      x-ms-version:
      - '2019-02-02'
    method: DELETE
    uri: https://storagename.file.core.windows.net/share3f21100a?restype=share
  response:
    body:
      string: ''
    headers:
      content-length:
      - '0'
      date:
      - Wed, 15 Jan 2020 23:54:19 GMT
      server:
      - Windows-Azure-File/1.0 Microsoft-HTTPAPI/2.0
      x-ms-version:
      - '2019-02-02'
    status:
      code: 202
      message: Accepted
version: 1
