{
  "Entries": [
    {
      "RequestUri": "https://storagename.file.core.windows.net/utshare8b7731c1?restype=share",
      "RequestMethod": "PUT",
      "RequestHeaders": {
        "Accept": "application/xml",
        "Accept-Encoding": "gzip, deflate",
        "Content-Length": "0",
        "User-Agent": "azsdk-python-storage-file-share/12.10.0 Python/3.10.2 (Windows-10-10.0.19044-SP0)",
        "x-ms-date": "Wed, 05 Oct 2022 22:30:21 GMT",
        "x-ms-version": "2021-06-08"
      },
      "RequestBody": null,
      "StatusCode": 201,
      "ResponseHeaders": {
        "Content-Length": "0",
        "Date": "Wed, 05 Oct 2022 22:30:22 GMT",
        "ETag": "\u00220x8DAA72130E029B6\u0022",
        "Last-Modified": "Wed, 05 Oct 2022 22:30:22 GMT",
        "Server": [
          "Windows-Azure-File/1.0",
          "Microsoft-HTTPAPI/2.0"
        ],
        "x-ms-version": "2021-06-08"
      },
      "ResponseBody": null
    },
    {
      "RequestUri": "https://storagename.file.core.windows.net/utshare8b7731c1/file1",
      "RequestMethod": "PUT",
      "RequestHeaders": {
        "Accept": "application/xml",
        "Accept-Encoding": "gzip, deflate",
        "Content-Length": "0",
        "User-Agent": "azsdk-python-storage-file-share/12.10.0 Python/3.10.2 (Windows-10-10.0.19044-SP0)",
        "x-ms-content-length": "1024",
        "x-ms-date": "Wed, 05 Oct 2022 22:30:21 GMT",
        "x-ms-file-attributes": "none",
        "x-ms-file-creation-time": "now",
        "x-ms-file-last-write-time": "now",
        "x-ms-file-permission": "O:S-1-5-21-2127521184-1604012920-1887927527-21560751G:S-1-5-21-2127521184-1604012920-1887927527-513D:AI(A;;FA;;;SY)(A;;FA;;;BA)(A;;0x1200a9;;;S-1-5-21-397955417-626881126-188441444-3053964)",
        "x-ms-type": "file",
        "x-ms-version": "2021-06-08"
      },
      "RequestBody": null,
      "StatusCode": 201,
      "ResponseHeaders": {
        "Content-Length": "0",
        "Date": "Wed, 05 Oct 2022 22:30:22 GMT",
        "ETag": "\u00220x8DAA72130F55340\u0022",
        "Last-Modified": "Wed, 05 Oct 2022 22:30:22 GMT",
        "Server": [
          "Windows-Azure-File/1.0",
          "Microsoft-HTTPAPI/2.0"
        ],
        "x-ms-file-attributes": "Archive",
        "x-ms-file-change-time": "2022-10-05T22:30:22.3489856Z",
        "x-ms-file-creation-time": "2022-10-05T22:30:22.3489856Z",
        "x-ms-file-id": "13835128424026341376",
        "x-ms-file-last-write-time": "2022-10-05T22:30:22.3489856Z",
        "x-ms-file-parent-id": "0",
        "x-ms-file-permission-key": "7468832583480677772*9622787259914961209",
        "x-ms-request-server-encrypted": "true",
        "x-ms-version": "2021-06-08"
      },
      "ResponseBody": null
    },
    {
      "RequestUri": "https://storagename.file.core.windows.net/utshare8b7731c1/file1",
      "RequestMethod": "HEAD",
      "RequestHeaders": {
        "Accept": "application/xml",
        "Accept-Encoding": "gzip, deflate",
        "User-Agent": "azsdk-python-storage-file-share/12.10.0 Python/3.10.2 (Windows-10-10.0.19044-SP0)",
        "x-ms-date": "Wed, 05 Oct 2022 22:30:22 GMT",
        "x-ms-version": "2021-06-08"
      },
      "RequestBody": null,
      "StatusCode": 200,
      "ResponseHeaders": {
        "Content-Length": "1024",
        "Content-Type": "application/octet-stream",
        "Date": "Wed, 05 Oct 2022 22:30:22 GMT",
        "ETag": "\u00220x8DAA72130F55340\u0022",
        "Last-Modified": "Wed, 05 Oct 2022 22:30:22 GMT",
        "Server": [
          "Windows-Azure-File/1.0",
          "Microsoft-HTTPAPI/2.0"
        ],
        "x-ms-file-attributes": "Archive",
        "x-ms-file-change-time": "2022-10-05T22:30:22.3489856Z",
        "x-ms-file-creation-time": "2022-10-05T22:30:22.3489856Z",
        "x-ms-file-id": "13835128424026341376",
        "x-ms-file-last-write-time": "2022-10-05T22:30:22.3489856Z",
        "x-ms-file-parent-id": "0",
        "x-ms-file-permission-key": "7468832583480677772*9622787259914961209",
        "x-ms-lease-state": "available",
        "x-ms-lease-status": "unlocked",
        "x-ms-server-encrypted": "true",
        "x-ms-type": "File",
        "x-ms-version": "2021-06-08"
      },
      "ResponseBody": null
    },
    {
      "RequestUri": "https://storagename.file.core.windows.net/utshare8b7731c1/file2?comp=rename",
      "RequestMethod": "PUT",
      "RequestHeaders": {
        "Accept": "application/xml",
        "Accept-Encoding": "gzip, deflate",
        "Content-Length": "0",
        "User-Agent": "azsdk-python-storage-file-share/12.10.0 Python/3.10.2 (Windows-10-10.0.19044-SP0)",
        "x-ms-date": "Wed, 05 Oct 2022 22:30:22 GMT",
        "x-ms-file-permission": "preserve",
        "x-ms-file-rename-source": "https://storagename.file.core.windows.net/utshare8b7731c1/file1",
        "x-ms-version": "2021-06-08"
      },
      "RequestBody": null,
      "StatusCode": 200,
      "ResponseHeaders": {
        "Content-Length": "0",
        "Date": "Wed, 05 Oct 2022 22:30:22 GMT",
        "ETag": "\u00220x8DAA72131113B9B\u0022",
        "Last-Modified": "Wed, 05 Oct 2022 22:30:22 GMT",
        "Server": [
          "Windows-Azure-File/1.0",
          "Microsoft-HTTPAPI/2.0"
        ],
        "x-ms-file-attributes": "Archive",
        "x-ms-file-change-time": "2022-10-05T22:30:22.5318811Z",
        "x-ms-file-creation-time": "2022-10-05T22:30:22.3489856Z",
        "x-ms-file-id": "13835128424026341376",
        "x-ms-file-last-write-time": "2022-10-05T22:30:22.3489856Z",
        "x-ms-file-parent-id": "0",
        "x-ms-file-permission-key": "7468832583480677772*9622787259914961209",
        "x-ms-request-server-encrypted": "true",
        "x-ms-version": "2021-06-08"
      },
      "ResponseBody": null
    },
    {
      "RequestUri": "https://storagename.file.core.windows.net/utshare8b7731c1/file2",
      "RequestMethod": "HEAD",
      "RequestHeaders": {
        "Accept": "application/xml",
        "Accept-Encoding": "gzip, deflate",
        "User-Agent": "azsdk-python-storage-file-share/12.10.0 Python/3.10.2 (Windows-10-10.0.19044-SP0)",
        "x-ms-date": "Wed, 05 Oct 2022 22:30:22 GMT",
        "x-ms-version": "2021-06-08"
      },
      "RequestBody": null,
      "StatusCode": 200,
      "ResponseHeaders": {
        "Content-Length": "1024",
        "Content-Type": "application/octet-stream",
        "Date": "Wed, 05 Oct 2022 22:30:22 GMT",
        "ETag": "\u00220x8DAA72131113B9B\u0022",
        "Last-Modified": "Wed, 05 Oct 2022 22:30:22 GMT",
        "Server": [
          "Windows-Azure-File/1.0",
          "Microsoft-HTTPAPI/2.0"
        ],
        "x-ms-file-attributes": "Archive",
        "x-ms-file-change-time": "2022-10-05T22:30:22.5318811Z",
        "x-ms-file-creation-time": "2022-10-05T22:30:22.3489856Z",
        "x-ms-file-id": "13835128424026341376",
        "x-ms-file-last-write-time": "2022-10-05T22:30:22.3489856Z",
        "x-ms-file-parent-id": "0",
        "x-ms-file-permission-key": "7468832583480677772*9622787259914961209",
        "x-ms-lease-state": "available",
        "x-ms-lease-status": "unlocked",
        "x-ms-server-encrypted": "true",
        "x-ms-type": "File",
        "x-ms-version": "2021-06-08"
      },
      "ResponseBody": null
    }
  ],
  "Variables": {}
}
