interactions:
- request:
    body: null
    headers:
      Accept:
      - '*/*'
      Accept-Encoding:
      - gzip, deflate
      Connection:
      - keep-alive
      Content-Length:
      - '0'
      User-Agent:
      - azsdk-python-storage-file-share/12.0.1 Python/3.7.3 (Windows-10-10.0.17763-SP0)
      x-ms-date:
      - Tue, 31 Dec 2019 21:17:36 GMT
      x-ms-version:
      - '2019-02-02'
    method: PUT
    uri: https://storagename.file.core.windows.net/utshare954e1740?restype=share
  response:
    body:
      string: ''
    headers:
      content-length:
      - '0'
      date:
      - Tue, 31 Dec 2019 21:17:36 GMT
      etag:
      - '"0x8D78E36DBF1607E"'
      last-modified:
      - Tue, 31 Dec 2019 21:17:36 GMT
      server:
      - Windows-Azure-File/1.0 Microsoft-HTTPAPI/2.0
      x-ms-version:
      - '2019-02-02'
    status:
      code: 201
      message: Created
- request:
    body: null
    headers:
      Accept:
      - '*/*'
      Accept-Encoding:
      - gzip, deflate
      Connection:
      - keep-alive
      Content-Length:
      - '0'
      User-Agent:
      - azsdk-python-storage-file-share/12.0.1 Python/3.7.3 (Windows-10-10.0.17763-SP0)
      x-ms-date:
      - Tue, 31 Dec 2019 21:17:36 GMT
      x-ms-file-attributes:
      - none
      x-ms-file-creation-time:
      - now
      x-ms-file-last-write-time:
      - now
      x-ms-file-permission:
      - inherit
      x-ms-version:
      - '2019-02-02'
    method: PUT
    uri: https://storagename.file.core.windows.net/utshare954e1740/dir1?restype=directory
  response:
    body:
      string: ''
    headers:
      content-length:
      - '0'
      date:
      - Tue, 31 Dec 2019 21:17:36 GMT
      etag:
      - '"0x8D78E36DBFF2664"'
      last-modified:
      - Tue, 31 Dec 2019 21:17:36 GMT
      server:
      - Windows-Azure-File/1.0 Microsoft-HTTPAPI/2.0
      x-ms-file-attributes:
      - Directory
      x-ms-file-change-time:
      - '2019-12-31T21:17:36.6524516Z'
      x-ms-file-creation-time:
      - '2019-12-31T21:17:36.6524516Z'
      x-ms-file-id:
      - '13835128424026341376'
      x-ms-file-last-write-time:
      - '2019-12-31T21:17:36.6524516Z'
      x-ms-file-parent-id:
      - '0'
      x-ms-file-permission-key:
      - 7171191556614012562*819117102506551579
      x-ms-request-server-encrypted:
      - 'true'
      x-ms-version:
      - '2019-02-02'
    status:
      code: 201
      message: Created
- request:
    body: null
    headers:
      Accept:
      - '*/*'
      Accept-Encoding:
      - gzip, deflate
      Connection:
      - keep-alive
      Content-Length:
      - '0'
      User-Agent:
      - azsdk-python-storage-file-share/12.0.1 Python/3.7.3 (Windows-10-10.0.17763-SP0)
      x-ms-date:
      - Tue, 31 Dec 2019 21:17:36 GMT
      x-ms-version:
      - '2019-02-02'
    method: DELETE
    uri: https://storagename.file.core.windows.net/utshare954e1740/dir1?restype=directory
  response:
    body:
      string: ''
    headers:
      content-length:
      - '0'
      date:
      - Tue, 31 Dec 2019 21:17:36 GMT
      server:
      - Windows-Azure-File/1.0 Microsoft-HTTPAPI/2.0
      x-ms-version:
      - '2019-02-02'
    status:
      code: 202
      message: Accepted
- request:
    body: null
    headers:
      Accept:
      - '*/*'
      Accept-Encoding:
      - gzip, deflate
      Connection:
      - keep-alive
      User-Agent:
      - azsdk-python-storage-file-share/12.0.1 Python/3.7.3 (Windows-10-10.0.17763-SP0)
      x-ms-date:
      - Tue, 31 Dec 2019 21:17:36 GMT
      x-ms-version:
      - '2019-02-02'
    method: GET
    uri: https://storagename.file.core.windows.net/utshare954e1740/dir1?restype=directory
  response:
    body:
      string: "\uFEFF<?xml version=\"1.0\" encoding=\"utf-8\"?><Error><Code>ResourceNotFound</Code><Message>The
        specified resource does not exist.\nRequestId:b0495195-701a-000f-301f-c0e7fc000000\nTime:2019-12-31T21:17:36.7903473Z</Message></Error>"
    headers:
      content-length:
      - '223'
      content-type:
      - application/xml
      date:
      - Tue, 31 Dec 2019 21:17:36 GMT
      server:
      - Windows-Azure-File/1.0 Microsoft-HTTPAPI/2.0
      x-ms-error-code:
      - ResourceNotFound
      x-ms-version:
      - '2019-02-02'
    status:
      code: 404
      message: The specified resource does not exist.
version: 1
