interactions:
- request:
    body: null
    headers:
      Accept:
      - '*/*'
      Accept-Encoding:
      - gzip, deflate
      Connection:
      - keep-alive
      Content-Length:
      - '0'
      User-Agent:
      - azsdk-python-storage-file/12.0.0b3 Python/3.7.3 (Windows-10-10.0.18362-SP0)
      content-type:
      - application/xml; charset=utf-8
      x-ms-client-request-id:
      - 551cf988-d9a6-11e9-9cf3-001a7dda7113
      x-ms-date:
      - Tue, 17 Sep 2019 23:53:22 GMT
      x-ms-file-attributes:
      - none
      x-ms-file-creation-time:
      - now
      x-ms-file-last-write-time:
      - now
      x-ms-file-permission:
      - inherit
      x-ms-version:
      - '2019-02-02'
    method: PUT
    uri: https://storagename.file.core.windows.net/utshare9681172a/dir1?restype=directory
  response:
    body:
      string: ''
    headers:
      Content-Length:
      - '0'
      Date:
      - Tue, 17 Sep 2019 23:53:21 GMT
      ETag:
      - '"0x8D73BCA395C5D85"'
      Last-Modified:
      - Tue, 17 Sep 2019 23:53:22 GMT
      Server:
      - Windows-Azure-File/1.0 Microsoft-HTTPAPI/2.0
      x-ms-file-attributes:
      - Directory
      x-ms-file-change-time:
      - '2019-09-17T23:53:22.8001669Z'
      x-ms-file-creation-time:
      - '2019-09-17T23:53:22.8001669Z'
      x-ms-file-id:
      - '13835128424026341376'
      x-ms-file-last-write-time:
      - '2019-09-17T23:53:22.8001669Z'
      x-ms-file-parent-id:
      - '0'
      x-ms-file-permission-key:
      - 17913408918638655783*10394889115079208622
      x-ms-request-id:
      - 0efe8d78-101a-00ad-7bb3-6d1f81000000
      x-ms-request-server-encrypted:
      - 'true'
      x-ms-version:
      - '2019-02-02'
    status:
      code: 201
      message: Created
- request:
    body: null
    headers:
      Accept:
      - '*/*'
      Accept-Encoding:
      - gzip, deflate
      Connection:
      - keep-alive
      Content-Length:
      - '0'
      User-Agent:
      - azsdk-python-storage-file/12.0.0b3 Python/3.7.3 (Windows-10-10.0.18362-SP0)
      content-type:
      - application/xml; charset=utf-8
      x-ms-client-request-id:
      - 5537c228-d9a6-11e9-b97a-001a7dda7113
      x-ms-date:
      - Tue, 17 Sep 2019 23:53:22 GMT
      x-ms-file-attributes:
      - none
      x-ms-file-creation-time:
      - now
      x-ms-file-last-write-time:
      - now
      x-ms-file-permission:
      - inherit
      x-ms-version:
      - '2019-02-02'
    method: PUT
    uri: https://storagename.file.core.windows.net/utshare9681172a/dir1%2Fsubdir1?restype=directory
  response:
    body:
      string: ''
    headers:
      Content-Length:
      - '0'
      Date:
      - Tue, 17 Sep 2019 23:53:21 GMT
      ETag:
      - '"0x8D73BCA39642797"'
      Last-Modified:
      - Tue, 17 Sep 2019 23:53:22 GMT
      Server:
      - Windows-Azure-File/1.0 Microsoft-HTTPAPI/2.0
      x-ms-file-attributes:
      - Directory
      x-ms-file-change-time:
      - '2019-09-17T23:53:22.8512151Z'
      x-ms-file-creation-time:
      - '2019-09-17T23:53:22.8512151Z'
      x-ms-file-id:
      - '11529285414812647424'
      x-ms-file-last-write-time:
      - '2019-09-17T23:53:22.8512151Z'
      x-ms-file-parent-id:
      - '13835128424026341376'
      x-ms-file-permission-key:
      - 17913408918638655783*10394889115079208622
      x-ms-request-id:
      - 0efe8d7a-101a-00ad-7cb3-6d1f81000000
      x-ms-request-server-encrypted:
      - 'true'
      x-ms-version:
      - '2019-02-02'
    status:
      code: 201
      message: Created
- request:
    body: null
    headers:
      Accept:
      - '*/*'
      Accept-Encoding:
      - gzip, deflate
      Connection:
      - keep-alive
      Content-Length:
      - '0'
      User-Agent:
      - azsdk-python-storage-file/12.0.0b3 Python/3.7.3 (Windows-10-10.0.18362-SP0)
      content-type:
      - application/xml; charset=utf-8
      x-ms-client-request-id:
      - 553fd2ec-d9a6-11e9-a3f2-001a7dda7113
      x-ms-date:
      - Tue, 17 Sep 2019 23:53:22 GMT
      x-ms-file-attributes:
      - none
      x-ms-file-creation-time:
      - now
      x-ms-file-last-write-time:
      - now
      x-ms-file-permission:
      - inherit
      x-ms-version:
      - '2019-02-02'
    method: PUT
    uri: https://storagename.file.core.windows.net/utshare9681172a/dir1%2Fsubdir1%2Fsubdir2?restype=directory
  response:
    body:
      string: ''
    headers:
      Content-Length:
      - '0'
      Date:
      - Tue, 17 Sep 2019 23:53:22 GMT
      ETag:
      - '"0x8D73BCA396BCA90"'
      Last-Modified:
      - Tue, 17 Sep 2019 23:53:22 GMT
      Server:
      - Windows-Azure-File/1.0 Microsoft-HTTPAPI/2.0
      x-ms-file-attributes:
      - Directory
      x-ms-file-change-time:
      - '2019-09-17T23:53:22.9012624Z'
      x-ms-file-creation-time:
      - '2019-09-17T23:53:22.9012624Z'
      x-ms-file-id:
      - '16140971433240035328'
      x-ms-file-last-write-time:
      - '2019-09-17T23:53:22.9012624Z'
      x-ms-file-parent-id:
      - '11529285414812647424'
      x-ms-file-permission-key:
      - 17913408918638655783*10394889115079208622
      x-ms-request-id:
      - 0efe8d7b-101a-00ad-7db3-6d1f81000000
      x-ms-request-server-encrypted:
      - 'true'
      x-ms-version:
      - '2019-02-02'
    status:
      code: 201
      message: Created
- request:
    body: null
    headers:
      Accept:
      - '*/*'
      Accept-Encoding:
      - gzip, deflate
      Connection:
      - keep-alive
      Content-Length:
      - '0'
      User-Agent:
      - azsdk-python-storage-file/12.0.0b3 Python/3.7.3 (Windows-10-10.0.18362-SP0)
      content-type:
      - application/xml; charset=utf-8
      x-ms-client-request-id:
      - 554747e8-d9a6-11e9-91cc-001a7dda7113
      x-ms-date:
      - Tue, 17 Sep 2019 23:53:23 GMT
      x-ms-file-attributes:
      - none
      x-ms-file-creation-time:
      - now
      x-ms-file-last-write-time:
      - now
      x-ms-file-permission:
      - inherit
      x-ms-version:
      - '2019-02-02'
    method: PUT
    uri: https://storagename.file.core.windows.net/utshare9681172a/dir1%2Fsubdir1%2Fsubdir3?restype=directory
  response:
    body:
      string: ''
    headers:
      Content-Length:
      - '0'
      Date:
      - Tue, 17 Sep 2019 23:53:22 GMT
      ETag:
      - '"0x8D73BCA397409F3"'
      Last-Modified:
      - Tue, 17 Sep 2019 23:53:22 GMT
      Server:
      - Windows-Azure-File/1.0 Microsoft-HTTPAPI/2.0
      x-ms-file-attributes:
      - Directory
      x-ms-file-change-time:
      - '2019-09-17T23:53:22.9553139Z'
      x-ms-file-creation-time:
      - '2019-09-17T23:53:22.9553139Z'
      x-ms-file-id:
      - '10376363910205800448'
      x-ms-file-last-write-time:
      - '2019-09-17T23:53:22.9553139Z'
      x-ms-file-parent-id:
      - '11529285414812647424'
      x-ms-file-permission-key:
      - 17913408918638655783*10394889115079208622
      x-ms-request-id:
      - 0efe8d7c-101a-00ad-7eb3-6d1f81000000
      x-ms-request-server-encrypted:
      - 'true'
      x-ms-version:
      - '2019-02-02'
    status:
      code: 201
      message: Created
- request:
    body: null
    headers:
      Accept:
      - '*/*'
      Accept-Encoding:
      - gzip, deflate
      Connection:
      - keep-alive
      Content-Length:
      - '0'
      User-Agent:
      - azsdk-python-storage-file/12.0.0b3 Python/3.7.3 (Windows-10-10.0.18362-SP0)
      content-type:
      - application/xml; charset=utf-8
      x-ms-client-request-id:
      - 554f7fae-d9a6-11e9-9cbf-001a7dda7113
      x-ms-content-length:
      - '5'
      x-ms-date:
      - Tue, 17 Sep 2019 23:53:23 GMT
      x-ms-file-attributes:
      - none
      x-ms-file-creation-time:
      - now
      x-ms-file-last-write-time:
      - now
      x-ms-file-permission:
      - Inherit
      x-ms-type:
      - file
      x-ms-version:
      - '2019-02-02'
    method: PUT
    uri: https://storagename.file.core.windows.net/utshare9681172a/dir1/file1
  response:
    body:
      string: ''
    headers:
      Content-Length:
      - '0'
      Date:
      - Tue, 17 Sep 2019 23:53:22 GMT
      ETag:
      - '"0x8D73BCA397FF3B9"'
      Last-Modified:
      - Tue, 17 Sep 2019 23:53:23 GMT
      Server:
      - Windows-Azure-File/1.0 Microsoft-HTTPAPI/2.0
      x-ms-file-attributes:
      - Archive
      x-ms-file-change-time:
      - '2019-09-17T23:53:23.0333881Z'
      x-ms-file-creation-time:
      - '2019-09-17T23:53:23.0333881Z'
      x-ms-file-id:
      - '14988049928633188352'
      x-ms-file-last-write-time:
      - '2019-09-17T23:53:23.0333881Z'
      x-ms-file-parent-id:
      - '13835128424026341376'
      x-ms-file-permission-key:
      - 4099112195243312672*10394889115079208622
      x-ms-request-id:
      - 0efe8d7d-101a-00ad-7fb3-6d1f81000000
      x-ms-request-server-encrypted:
      - 'true'
      x-ms-version:
      - '2019-02-02'
    status:
      code: 201
      message: Created
- request:
    body: data1
    headers:
      Accept:
      - '*/*'
      Accept-Encoding:
      - gzip, deflate
      Connection:
      - keep-alive
      Content-Length:
      - '5'
      Content-Type:
      - application/octet-stream
      User-Agent:
      - azsdk-python-storage-file/12.0.0b3 Python/3.7.3 (Windows-10-10.0.18362-SP0)
      x-ms-client-request-id:
      - 555b3778-d9a6-11e9-bcb3-001a7dda7113
      x-ms-date:
      - Tue, 17 Sep 2019 23:53:23 GMT
      x-ms-range:
      - bytes=0-4
      x-ms-version:
      - '2019-02-02'
      x-ms-write:
      - update
    method: PUT
    uri: https://storagename.file.core.windows.net/utshare9681172a/dir1/file1?comp=range
  response:
    body:
      string: ''
    headers:
      Content-Length:
      - '0'
      Content-MD5:
      - idkDvDXe3nJP1SxRQ3/1/Q==
      Date:
      - Tue, 17 Sep 2019 23:53:22 GMT
      ETag:
      - '"0x8D73BCA3988CF76"'
      Last-Modified:
      - Tue, 17 Sep 2019 23:53:23 GMT
      Server:
      - Windows-Azure-File/1.0 Microsoft-HTTPAPI/2.0
      x-ms-request-id:
      - 0efe8d7e-101a-00ad-80b3-6d1f81000000
      x-ms-request-server-encrypted:
      - 'true'
      x-ms-version:
      - '2019-02-02'
    status:
      code: 201
      message: Created
- request:
    body: null
    headers:
      Accept:
      - '*/*'
      Accept-Encoding:
      - gzip, deflate
      Connection:
      - keep-alive
      Content-Length:
      - '0'
      User-Agent:
      - azsdk-python-storage-file/12.0.0b3 Python/3.7.3 (Windows-10-10.0.18362-SP0)
      content-type:
      - application/xml; charset=utf-8
      x-ms-client-request-id:
      - 55673d28-d9a6-11e9-833c-001a7dda7113
      x-ms-content-length:
      - '5'
      x-ms-date:
      - Tue, 17 Sep 2019 23:53:23 GMT
      x-ms-file-attributes:
      - none
      x-ms-file-creation-time:
      - now
      x-ms-file-last-write-time:
      - now
      x-ms-file-permission:
      - Inherit
      x-ms-type:
      - file
      x-ms-version:
      - '2019-02-02'
    method: PUT
    uri: https://storagename.file.core.windows.net/utshare9681172a/dir1/subdir1/file2
  response:
    body:
      string: ''
    headers:
      Content-Length:
      - '0'
      Date:
      - Tue, 17 Sep 2019 23:53:22 GMT
      ETag:
      - '"0x8D73BCA3995A3D4"'
      Last-Modified:
      - Tue, 17 Sep 2019 23:53:23 GMT
      Server:
      - Windows-Azure-File/1.0 Microsoft-HTTPAPI/2.0
      x-ms-file-attributes:
      - Archive
      x-ms-file-change-time:
      - '2019-09-17T23:53:23.1755220Z'
      x-ms-file-creation-time:
      - '2019-09-17T23:53:23.1755220Z'
      x-ms-file-id:
      - '12682206919419494400'
      x-ms-file-last-write-time:
      - '2019-09-17T23:53:23.1755220Z'
      x-ms-file-parent-id:
      - '11529285414812647424'
      x-ms-file-permission-key:
      - 4099112195243312672*10394889115079208622
      x-ms-request-id:
      - 0efe8d7f-101a-00ad-01b3-6d1f81000000
      x-ms-request-server-encrypted:
      - 'true'
      x-ms-version:
      - '2019-02-02'
    status:
      code: 201
      message: Created
- request:
    body: data2
    headers:
      Accept:
      - '*/*'
      Accept-Encoding:
      - gzip, deflate
      Connection:
      - keep-alive
      Content-Length:
      - '5'
      Content-Type:
      - application/octet-stream
      User-Agent:
      - azsdk-python-storage-file/12.0.0b3 Python/3.7.3 (Windows-10-10.0.18362-SP0)
      x-ms-client-request-id:
      - 55748e78-d9a6-11e9-b659-001a7dda7113
      x-ms-date:
      - Tue, 17 Sep 2019 23:53:23 GMT
      x-ms-range:
      - bytes=0-4
      x-ms-version:
      - '2019-02-02'
      x-ms-write:
      - update
    method: PUT
    uri: https://storagename.file.core.windows.net/utshare9681172a/dir1/subdir1/file2?comp=range
  response:
    body:
      string: ''
    headers:
      Content-Length:
      - '0'
      Content-MD5:
      - /5zy1pDYiMszf2v0UmthMA==
      Date:
      - Tue, 17 Sep 2019 23:53:22 GMT
      ETag:
      - '"0x8D73BCA39A362C8"'
      Last-Modified:
      - Tue, 17 Sep 2019 23:53:23 GMT
      Server:
      - Windows-Azure-File/1.0 Microsoft-HTTPAPI/2.0
      x-ms-request-id:
      - 0efe8d80-101a-00ad-02b3-6d1f81000000
      x-ms-request-server-encrypted:
      - 'true'
      x-ms-version:
      - '2019-02-02'
    status:
      code: 201
      message: Created
- request:
    body: null
    headers:
      Accept:
      - '*/*'
      Accept-Encoding:
      - gzip, deflate
      Connection:
      - keep-alive
      Content-Length:
      - '0'
      User-Agent:
      - azsdk-python-storage-file/12.0.0b3 Python/3.7.3 (Windows-10-10.0.18362-SP0)
      content-type:
      - application/xml; charset=utf-8
      x-ms-client-request-id:
      - 55801f4a-d9a6-11e9-98ea-001a7dda7113
      x-ms-content-length:
      - '5'
      x-ms-date:
      - Tue, 17 Sep 2019 23:53:23 GMT
      x-ms-file-attributes:
      - none
      x-ms-file-creation-time:
      - now
      x-ms-file-last-write-time:
      - now
      x-ms-file-permission:
      - Inherit
      x-ms-type:
      - file
      x-ms-version:
      - '2019-02-02'
    method: PUT
    uri: https://storagename.file.core.windows.net/utshare9681172a/dir1/subdir1/file3
  response:
    body:
      string: ''
    headers:
      Content-Length:
      - '0'
      Date:
      - Tue, 17 Sep 2019 23:53:22 GMT
      ETag:
      - '"0x8D73BCA39AED739"'
      Last-Modified:
      - Tue, 17 Sep 2019 23:53:23 GMT
      Server:
      - Windows-Azure-File/1.0 Microsoft-HTTPAPI/2.0
      x-ms-file-attributes:
      - Archive
      x-ms-file-change-time:
      - '2019-09-17T23:53:23.3406777Z'
      x-ms-file-creation-time:
      - '2019-09-17T23:53:23.3406777Z'
      x-ms-file-id:
      - '17293892937846882304'
      x-ms-file-last-write-time:
      - '2019-09-17T23:53:23.3406777Z'
      x-ms-file-parent-id:
      - '11529285414812647424'
      x-ms-file-permission-key:
      - 4099112195243312672*10394889115079208622
      x-ms-request-id:
      - 0efe8d81-101a-00ad-03b3-6d1f81000000
      x-ms-request-server-encrypted:
      - 'true'
      x-ms-version:
      - '2019-02-02'
    status:
      code: 201
      message: Created
- request:
    body: data3
    headers:
      Accept:
      - '*/*'
      Accept-Encoding:
      - gzip, deflate
      Connection:
      - keep-alive
      Content-Length:
      - '5'
      Content-Type:
      - application/octet-stream
      User-Agent:
      - azsdk-python-storage-file/12.0.0b3 Python/3.7.3 (Windows-10-10.0.18362-SP0)
      x-ms-client-request-id:
      - 558b891c-d9a6-11e9-b169-001a7dda7113
      x-ms-date:
      - Tue, 17 Sep 2019 23:53:23 GMT
      x-ms-range:
      - bytes=0-4
      x-ms-version:
      - '2019-02-02'
      x-ms-write:
      - update
    method: PUT
    uri: https://storagename.file.core.windows.net/utshare9681172a/dir1/subdir1/file3?comp=range
  response:
    body:
      string: ''
    headers:
      Content-Length:
      - '0'
      Content-MD5:
      - eTafePeILBuqu8fUXcXaoA==
      Date:
      - Tue, 17 Sep 2019 23:53:22 GMT
      ETag:
      - '"0x8D73BCA39B912E3"'
      Last-Modified:
      - Tue, 17 Sep 2019 23:53:23 GMT
      Server:
      - Windows-Azure-File/1.0 Microsoft-HTTPAPI/2.0
      x-ms-request-id:
      - 0efe8d82-101a-00ad-04b3-6d1f81000000
      x-ms-request-server-encrypted:
      - 'true'
      x-ms-version:
      - '2019-02-02'
    status:
      code: 201
      message: Created
- request:
    body: null
    headers:
      Accept:
      - application/xml
      Accept-Encoding:
      - gzip, deflate
      Connection:
      - keep-alive
      User-Agent:
      - azsdk-python-storage-file/12.0.0b3 Python/3.7.3 (Windows-10-10.0.18362-SP0)
      content-type:
      - application/xml; charset=utf-8
      x-ms-client-request-id:
      - 559435c6-d9a6-11e9-a264-001a7dda7113
      x-ms-date:
      - Tue, 17 Sep 2019 23:53:23 GMT
      x-ms-version:
      - '2019-02-02'
    method: GET
    uri: https://storagename.file.core.windows.net/utshare9681172a/dir1?restype=directory&comp=list
  response:
    body:
      string: "\uFEFF<?xml version=\"1.0\" encoding=\"utf-8\"?><EnumerationResults
        ServiceEndpoint=\"https://storagename.file.core.windows.net/\" ShareName=\"utshare9681172a\"
        DirectoryPath=\"dir1\"><Entries><File><Name>file1</Name><Properties><Content-Length>5</Content-Length></Properties></File><Directory><Name>subdir1</Name><Properties
        /></Directory></Entries><NextMarker /></EnumerationResults>"
    headers:
      Content-Type:
      - application/xml
      Date:
      - Tue, 17 Sep 2019 23:53:22 GMT
      Server:
      - Windows-Azure-File/1.0 Microsoft-HTTPAPI/2.0
      Transfer-Encoding:
      - chunked
      x-ms-request-id:
      - 0efe8d84-101a-00ad-05b3-6d1f81000000
      x-ms-version:
      - '2019-02-02'
    status:
      code: 200
      message: OK
version: 1
