interactions:
- request:
    body: null
    headers:
      User-Agent:
      - azsdk-python-storage-file-share/12.0.0 Python/3.7.3 (Windows-10-10.0.17763-SP0)
      x-ms-client-request-id:
      - b5cee862-1d1a-11ea-aca8-2816a845e8c6
      x-ms-date:
      - Thu, 12 Dec 2019 20:05:14 GMT
      x-ms-version:
      - '2019-02-02'
    method: PUT
    uri: https://storagename.file.core.windows.net/utshare4d901a1d?restype=share
  response:
    body:
      string: ''
    headers:
      ? !!python/object/new:multidict._multidict.istr
      - Content-Length
      : '0'
      ? !!python/object/new:multidict._multidict.istr
      - Date
      : Thu, 12 Dec 2019 20:05:18 GMT
      ? !!python/object/new:multidict._multidict.istr
      - Etag
      : '"0x8D77F3E9C5813B4"'
      ? !!python/object/new:multidict._multidict.istr
      - Last-Modified
      : Thu, 12 Dec 2019 20:05:18 GMT
      ? !!python/object/new:multidict._multidict.istr
      - Server
      : Windows-Azure-File/1.0 Microsoft-HTTPAPI/2.0
      x-ms-request-id: ba5fb526-d01a-008b-7927-b1dfde000000
      x-ms-version: '2019-02-02'
    status:
      code: 201
      message: Created
    url: !!python/object/new:yarl.URL
      state: !!python/tuple
      - !!python/object/new:urllib.parse.SplitResult
        - https
        - amqptest.file.core.windows.net
        - /utshare4d901a1d
        - restype=share
        - ''
- request:
    body: null
    headers:
      User-Agent:
      - azsdk-python-storage-file-share/12.0.0 Python/3.7.3 (Windows-10-10.0.17763-SP0)
      x-ms-client-request-id:
      - b5e8047a-1d1a-11ea-9ded-2816a845e8c6
      x-ms-content-length:
      - '26'
      x-ms-date:
      - Thu, 12 Dec 2019 20:05:14 GMT
      x-ms-file-attributes:
      - Temporary
      x-ms-file-creation-time:
      - now
      x-ms-file-last-write-time:
      - now
      x-ms-file-permission:
      - Inherit
      x-ms-type:
      - file
      x-ms-version:
      - '2019-02-02'
    method: PUT
    uri: https://storagename.file.core.windows.net/utshare4d901a1d/file4d901a1d
  response:
    body:
      string: ''
    headers:
      ? !!python/object/new:multidict._multidict.istr
      - Content-Length
      : '0'
      ? !!python/object/new:multidict._multidict.istr
      - Date
      : Thu, 12 Dec 2019 20:05:18 GMT
      ? !!python/object/new:multidict._multidict.istr
      - Etag
      : '"0x8D77F3E9C728E3A"'
      ? !!python/object/new:multidict._multidict.istr
      - Last-Modified
      : Thu, 12 Dec 2019 20:05:18 GMT
      ? !!python/object/new:multidict._multidict.istr
      - Server
      : Windows-Azure-File/1.0 Microsoft-HTTPAPI/2.0
      x-ms-file-attributes: Archive | Temporary
      x-ms-file-change-time: '2019-12-12T20:05:18.5667642Z'
      x-ms-file-creation-time: '2019-12-12T20:05:18.5667642Z'
      x-ms-file-id: '13835128424026341376'
      x-ms-file-last-write-time: '2019-12-12T20:05:18.5667642Z'
      x-ms-file-parent-id: '0'
      x-ms-file-permission-key: 3501246319223038625*10967959146200238639
      x-ms-request-id: b9e8be64-601a-0099-0727-b1ebc2000000
      x-ms-request-server-encrypted: 'true'
      x-ms-version: '2019-02-02'
    status:
      code: 201
      message: Created
    url: !!python/object/new:yarl.URL
      state: !!python/tuple
      - !!python/object/new:urllib.parse.SplitResult
        - https
        - amqptest.file.core.windows.net
        - /utshare4d901a1d/file4d901a1d
        - ''
        - ''
- request:
    body: "hello world\u554A\u9F44\u4E02\u72DB\u72DC"
    headers:
      Content-Length:
      - '26'
      Content-Type:
      - application/octet-stream
      User-Agent:
      - azsdk-python-storage-file-share/12.0.0 Python/3.7.3 (Windows-10-10.0.17763-SP0)
      x-ms-client-request-id:
      - b602a638-1d1a-11ea-a6aa-2816a845e8c6
      x-ms-date:
      - Thu, 12 Dec 2019 20:05:14 GMT
      x-ms-range:
      - bytes=0-25
      x-ms-version:
      - '2019-02-02'
      x-ms-write:
      - update
    method: PUT
    uri: https://storagename.file.core.windows.net/utshare4d901a1d/file4d901a1d?comp=range
  response:
    body:
      string: ''
    headers:
      ? !!python/object/new:multidict._multidict.istr
      - Content-Length
      : '0'
      ? !!python/object/new:multidict._multidict.istr
      - Content-MD5
      : aFkhSeVIRnJoB2MmKjC25w==
      ? !!python/object/new:multidict._multidict.istr
      - Date
      : Thu, 12 Dec 2019 20:05:18 GMT
      ? !!python/object/new:multidict._multidict.istr
      - Etag
      : '"0x8D77F3E9C799469"'
      ? !!python/object/new:multidict._multidict.istr
      - Last-Modified
      : Thu, 12 Dec 2019 20:05:18 GMT
      ? !!python/object/new:multidict._multidict.istr
      - Server
      : Windows-Azure-File/1.0 Microsoft-HTTPAPI/2.0
      x-ms-request-id: b9e8be66-601a-0099-0827-b1ebc2000000
      x-ms-request-server-encrypted: 'true'
      x-ms-version: '2019-02-02'
    status:
      code: 201
      message: Created
    url: !!python/object/new:yarl.URL
      state: !!python/tuple
      - !!python/object/new:urllib.parse.SplitResult
        - https
        - amqptest.file.core.windows.net
        - /utshare4d901a1d/file4d901a1d
        - comp=range
        - ''
- request:
    body: null
    headers:
      Accept:
      - application/xml
      User-Agent:
      - azsdk-python-storage-file-share/12.0.0 Python/3.7.3 (Windows-10-10.0.17763-SP0)
      x-ms-client-request-id:
      - b608f9a4-1d1a-11ea-8bd4-2816a845e8c6
      x-ms-date:
      - Thu, 12 Dec 2019 20:05:14 GMT
      x-ms-range:
      - bytes=0-33554431
      x-ms-version:
      - '2019-02-02'
    method: GET
    uri: https://storagename.file.core.windows.net/utshare4d901a1d/file4d901a1d
  response:
    body:
      string: "hello world\u554A\u9F44\u4E02\u72DB\u72DC"
    headers:
      ? !!python/object/new:multidict._multidict.istr
      - Accept-Ranges
      : bytes
      ? !!python/object/new:multidict._multidict.istr
      - Content-Length
      : '26'
      ? !!python/object/new:multidict._multidict.istr
      - Content-Range
      : bytes 0-25/26
      ? !!python/object/new:multidict._multidict.istr
      - Content-Type
      : application/octet-stream
      ? !!python/object/new:multidict._multidict.istr
      - Date
      : Thu, 12 Dec 2019 20:05:18 GMT
      ? !!python/object/new:multidict._multidict.istr
      - Etag
      : '"0x8D77F3E9C799469"'
      ? !!python/object/new:multidict._multidict.istr
      - Last-Modified
      : Thu, 12 Dec 2019 20:05:18 GMT
      ? !!python/object/new:multidict._multidict.istr
      - Server
      : Windows-Azure-File/1.0 Microsoft-HTTPAPI/2.0
      ? !!python/object/new:multidict._multidict.istr
      - Vary
      : Origin
      x-ms-file-attributes: Archive | Temporary
      x-ms-file-change-time: '2019-12-12T20:05:18.5667642Z'
      x-ms-file-creation-time: '2019-12-12T20:05:18.5667642Z'
      x-ms-file-id: '13835128424026341376'
      x-ms-file-last-write-time: '2019-12-12T20:05:18.5667642Z'
      x-ms-file-parent-id: '0'
      x-ms-file-permission-key: 3501246319223038625*10967959146200238639
      x-ms-lease-state: available
      x-ms-lease-status: unlocked
      x-ms-request-id: b9e8be67-601a-0099-0927-b1ebc2000000
      x-ms-server-encrypted: 'true'
      x-ms-type: File
      x-ms-version: '2019-02-02'
    status:
      code: 206
      message: Partial Content
    url: !!python/object/new:yarl.URL
      state: !!python/tuple
      - !!python/object/new:urllib.parse.SplitResult
        - https
        - amqptest.file.core.windows.net
        - /utshare4d901a1d/file4d901a1d
        - ''
        - ''
- request:
    body: null
    headers:
      User-Agent:
      - azsdk-python-storage-file-share/12.0.0 Python/3.7.3 (Windows-10-10.0.17763-SP0)
      x-ms-client-request-id:
      - b610e374-1d1a-11ea-8530-2816a845e8c6
      x-ms-date:
      - Thu, 12 Dec 2019 20:05:14 GMT
      x-ms-version:
      - '2019-02-02'
    method: HEAD
    uri: https://storagename.file.core.windows.net/utshare4d901a1d/file4d901a1d
  response:
    body:
      string: ''
    headers:
      ? !!python/object/new:multidict._multidict.istr
      - Content-Length
      : '26'
      ? !!python/object/new:multidict._multidict.istr
      - Content-Type
      : application/octet-stream
      ? !!python/object/new:multidict._multidict.istr
      - Date
      : Thu, 12 Dec 2019 20:05:18 GMT
      ? !!python/object/new:multidict._multidict.istr
      - Etag
      : '"0x8D77F3E9C799469"'
      ? !!python/object/new:multidict._multidict.istr
      - Last-Modified
      : Thu, 12 Dec 2019 20:05:18 GMT
      ? !!python/object/new:multidict._multidict.istr
      - Server
      : Windows-Azure-File/1.0 Microsoft-HTTPAPI/2.0
      ? !!python/object/new:multidict._multidict.istr
      - Vary
      : Origin
      x-ms-file-attributes: Archive | Temporary
      x-ms-file-change-time: '2019-12-12T20:05:18.5667642Z'
      x-ms-file-creation-time: '2019-12-12T20:05:18.5667642Z'
      x-ms-file-id: '13835128424026341376'
      x-ms-file-last-write-time: '2019-12-12T20:05:18.5667642Z'
      x-ms-file-parent-id: '0'
      x-ms-file-permission-key: 3501246319223038625*10967959146200238639
      x-ms-lease-state: available
      x-ms-lease-status: unlocked
      x-ms-request-id: b9e8be68-601a-0099-0a27-b1ebc2000000
      x-ms-server-encrypted: 'true'
      x-ms-type: File
      x-ms-version: '2019-02-02'
    status:
      code: 200
      message: OK
    url: !!python/object/new:yarl.URL
      state: !!python/tuple
      - !!python/object/new:urllib.parse.SplitResult
        - https
        - amqptest.file.core.windows.net
        - /utshare4d901a1d/file4d901a1d
        - ''
        - ''
version: 1
