{
  "Entries": [
    {
      "RequestUri": "https://storagename.file.core.windows.net/utshare145b275b?restype=share",
      "RequestMethod": "PUT",
      "RequestHeaders": {
        "Accept": "application/xml",
        "Accept-Encoding": "gzip, deflate",
        "Connection": "keep-alive",
        "Content-Length": "0",
        "User-Agent": "azsdk-python-storage-file-share/12.10.0 Python/3.10.2 (Windows-10-10.0.19044-SP0)",
        "x-ms-date": "Wed, 28 Sep 2022 22:51:50 GMT",
        "x-ms-version": "2021-06-08"
      },
      "RequestBody": null,
      "StatusCode": 201,
      "ResponseHeaders": {
        "Content-Length": "0",
        "Date": "Wed, 28 Sep 2022 22:51:49 GMT",
        "ETag": "\u00220x8DAA1A4070E6877\u0022",
        "Last-Modified": "Wed, 28 Sep 2022 22:51:49 GMT",
        "Server": [
          "Windows-Azure-File/1.0",
          "Microsoft-HTTPAPI/2.0"
        ],
        "x-ms-version": "2021-06-08"
      },
      "ResponseBody": null
    },
    {
      "RequestUri": "https://storagename.file.core.windows.net/utshare145b275b/file145b275b",
      "RequestMethod": "PUT",
      "RequestHeaders": {
        "Accept": "application/xml",
        "Accept-Encoding": "gzip, deflate",
        "Connection": "keep-alive",
        "Content-Length": "0",
        "User-Agent": "azsdk-python-storage-file-share/12.10.0 Python/3.10.2 (Windows-10-10.0.19044-SP0)",
        "x-ms-content-length": "26",
        "x-ms-date": "Wed, 28 Sep 2022 22:51:50 GMT",
        "x-ms-file-attributes": "none",
        "x-ms-file-creation-time": "now",
        "x-ms-file-last-write-time": "now",
        "x-ms-file-permission": "Inherit",
        "x-ms-type": "file",
        "x-ms-version": "2021-06-08"
      },
      "RequestBody": null,
      "StatusCode": 201,
      "ResponseHeaders": {
        "Content-Length": "0",
        "Date": "Wed, 28 Sep 2022 22:51:49 GMT",
        "ETag": "\u00220x8DAA1A4071F9E9F\u0022",
        "Last-Modified": "Wed, 28 Sep 2022 22:51:49 GMT",
        "Server": [
          "Windows-Azure-File/1.0",
          "Microsoft-HTTPAPI/2.0"
        ],
        "x-ms-file-attributes": "Archive",
        "x-ms-file-change-time": "2022-09-28T22:51:49.2567711Z",
        "x-ms-file-creation-time": "2022-09-28T22:51:49.2567711Z",
        "x-ms-file-id": "13835128424026341376",
        "x-ms-file-last-write-time": "2022-09-28T22:51:49.2567711Z",
        "x-ms-file-parent-id": "0",
        "x-ms-file-permission-key": "3254952746172754359*9622787259914961209",
        "x-ms-request-server-encrypted": "true",
        "x-ms-version": "2021-06-08"
      },
      "ResponseBody": null
    },
    {
      "RequestUri": "https://storagename.file.core.windows.net/utshare145b275b/file145b275b?comp=range",
      "RequestMethod": "PUT",
      "RequestHeaders": {
        "Accept": "application/xml",
        "Accept-Encoding": "gzip, deflate",
        "Connection": "keep-alive",
        "Content-Length": "26",
        "Content-Type": "application/octet-stream",
        "User-Agent": "azsdk-python-storage-file-share/12.10.0 Python/3.10.2 (Windows-10-10.0.19044-SP0)",
        "x-ms-date": "Wed, 28 Sep 2022 22:51:50 GMT",
        "x-ms-range": "bytes=0-25",
        "x-ms-version": "2021-06-08",
        "x-ms-write": "update"
      },
      "RequestBody": "aGVsbG8gd29ybGTllYrpvYTkuILni5vni5w=",
      "StatusCode": 201,
      "ResponseHeaders": {
        "Content-Length": "0",
        "Content-MD5": "aFkhSeVIRnJoB2MmKjC25w==",
        "Date": "Wed, 28 Sep 2022 22:51:49 GMT",
        "ETag": "\u00220x8DAA1A4072E426D\u0022",
        "Last-Modified": "Wed, 28 Sep 2022 22:51:49 GMT",
        "Server": [
          "Windows-Azure-File/1.0",
          "Microsoft-HTTPAPI/2.0"
        ],
        "x-ms-file-last-write-time": "2022-09-28T22:51:49.3527149Z",
        "x-ms-request-server-encrypted": "true",
        "x-ms-version": "2021-06-08"
      },
      "ResponseBody": null
    },
    {
      "RequestUri": "https://storagename.file.core.windows.net/utshare145b275b/file145b275b",
      "RequestMethod": "GET",
      "RequestHeaders": {
        "Accept": "application/xml",
        "Accept-Encoding": "gzip, deflate",
        "Connection": "keep-alive",
        "User-Agent": "azsdk-python-storage-file-share/12.10.0 Python/3.10.2 (Windows-10-10.0.19044-SP0)",
        "x-ms-date": "Wed, 28 Sep 2022 22:51:50 GMT",
        "x-ms-range": "bytes=0-33554431",
        "x-ms-version": "2021-06-08"
      },
      "RequestBody": null,
      "StatusCode": 206,
      "ResponseHeaders": {
        "Accept-Ranges": "bytes",
        "Content-Length": "26",
        "Content-Range": "bytes 0-25/26",
        "Content-Type": "application/octet-stream",
        "Date": "Wed, 28 Sep 2022 22:51:49 GMT",
        "ETag": "\u00220x8DAA1A4072E426D\u0022",
        "Last-Modified": "Wed, 28 Sep 2022 22:51:49 GMT",
        "Server": [
          "Windows-Azure-File/1.0",
          "Microsoft-HTTPAPI/2.0"
        ],
        "x-ms-file-attributes": "Archive",
        "x-ms-file-change-time": "2022-09-28T22:51:49.3527149Z",
        "x-ms-file-creation-time": "2022-09-28T22:51:49.2567711Z",
        "x-ms-file-id": "13835128424026341376",
        "x-ms-file-last-write-time": "2022-09-28T22:51:49.3527149Z",
        "x-ms-file-parent-id": "0",
        "x-ms-file-permission-key": "3254952746172754359*9622787259914961209",
        "x-ms-lease-state": "available",
        "x-ms-lease-status": "unlocked",
        "x-ms-server-encrypted": "true",
        "x-ms-type": "File",
        "x-ms-version": "2021-06-08"
      },
      "ResponseBody": "aGVsbG8gd29ybGTllYrpvYTkuILni5vni5w="
    }
  ],
  "Variables": {}
}
