{
  "Entries": [
    {
      "RequestUri": "https://storagename.file.core.windows.net/utshared085383f?restype=share",
      "RequestMethod": "PUT",
      "RequestHeaders": {
        "Accept": "application/xml",
        "Accept-Encoding": "gzip, deflate",
        "Content-Length": "0",
        "User-Agent": "azsdk-python-storage-file-share/12.10.0 Python/3.10.2 (Windows-10-10.0.19044-SP0)",
        "x-ms-date": "Wed, 28 Sep 2022 21:47:06 GMT",
        "x-ms-version": "2021-06-08"
      },
      "RequestBody": null,
      "StatusCode": 201,
      "ResponseHeaders": {
        "Content-Length": "0",
        "Date": "Wed, 28 Sep 2022 21:47:04 GMT",
        "ETag": "\u00220x8DAA19AFBE344F6\u0022",
        "Last-Modified": "Wed, 28 Sep 2022 21:47:04 GMT",
        "Server": [
          "Windows-Azure-File/1.0",
          "Microsoft-HTTPAPI/2.0"
        ],
        "x-ms-version": "2021-06-08"
      },
      "ResponseBody": null
    },
    {
      "RequestUri": "https://storagename.file.core.windows.net/utshared085383f/dir1?restype=directory",
      "RequestMethod": "PUT",
      "RequestHeaders": {
        "Accept": "application/xml",
        "Accept-Encoding": "gzip, deflate",
        "Content-Length": "0",
        "User-Agent": "azsdk-python-storage-file-share/12.10.0 Python/3.10.2 (Windows-10-10.0.19044-SP0)",
        "x-ms-date": "Wed, 28 Sep 2022 21:47:06 GMT",
        "x-ms-file-attributes": "none",
        "x-ms-file-creation-time": "now",
        "x-ms-file-last-write-time": "now",
        "x-ms-file-permission": "inherit",
        "x-ms-version": "2021-06-08"
      },
      "RequestBody": null,
      "StatusCode": 201,
      "ResponseHeaders": {
        "Content-Length": "0",
        "Date": "Wed, 28 Sep 2022 21:47:04 GMT",
        "ETag": "\u00220x8DAA19AFBF47596\u0022",
        "Last-Modified": "Wed, 28 Sep 2022 21:47:05 GMT",
        "Server": [
          "Windows-Azure-File/1.0",
          "Microsoft-HTTPAPI/2.0"
        ],
        "x-ms-file-attributes": "Directory",
        "x-ms-file-change-time": "2022-09-28T21:47:05.0484118Z",
        "x-ms-file-creation-time": "2022-09-28T21:47:05.0484118Z",
        "x-ms-file-id": "13835128424026341376",
        "x-ms-file-last-write-time": "2022-09-28T21:47:05.0484118Z",
        "x-ms-file-parent-id": "0",
        "x-ms-file-permission-key": "17100207456270243504*9622787259914961209",
        "x-ms-request-server-encrypted": "true",
        "x-ms-version": "2021-06-08"
      },
      "ResponseBody": null
    },
    {
      "RequestUri": "https://storagename.file.core.windows.net/utshared085383f/dir1?restype=directory",
      "RequestMethod": "DELETE",
      "RequestHeaders": {
        "Accept": "application/xml",
        "Accept-Encoding": "gzip, deflate",
        "Content-Length": "0",
        "User-Agent": "azsdk-python-storage-file-share/12.10.0 Python/3.10.2 (Windows-10-10.0.19044-SP0)",
        "x-ms-date": "Wed, 28 Sep 2022 21:47:06 GMT",
        "x-ms-version": "2021-06-08"
      },
      "RequestBody": null,
      "StatusCode": 202,
      "ResponseHeaders": {
        "Content-Length": "0",
        "Date": "Wed, 28 Sep 2022 21:47:04 GMT",
        "Server": [
          "Windows-Azure-File/1.0",
          "Microsoft-HTTPAPI/2.0"
        ],
        "x-ms-version": "2021-06-08"
      },
      "ResponseBody": null
    },
    {
      "RequestUri": "https://storagename.file.core.windows.net/utshared085383f/dir1?restype=directory",
      "RequestMethod": "GET",
      "RequestHeaders": {
        "Accept": "application/xml",
        "Accept-Encoding": "gzip, deflate",
        "User-Agent": "azsdk-python-storage-file-share/12.10.0 Python/3.10.2 (Windows-10-10.0.19044-SP0)",
        "x-ms-date": "Wed, 28 Sep 2022 21:47:06 GMT",
        "x-ms-version": "2021-06-08"
      },
      "RequestBody": null,
      "StatusCode": 404,
      "ResponseHeaders": {
        "Content-Length": "223",
        "Content-Type": "application/xml",
        "Date": "Wed, 28 Sep 2022 21:47:04 GMT",
        "Server": [
          "Windows-Azure-File/1.0",
          "Microsoft-HTTPAPI/2.0"
        ],
        "x-ms-error-code": "ResourceNotFound",
        "x-ms-version": "2021-06-08"
      },
      "ResponseBody": [
        "\uFEFF\u003C?xml version=\u00221.0\u0022 encoding=\u0022utf-8\u0022?\u003E\u003CError\u003E\u003CCode\u003EResourceNotFound\u003C/Code\u003E\u003CMessage\u003EThe specified resource does not exist.\n",
        "RequestId:aa645c98-c01a-006b-3f83-d3ca54000000\n",
        "Time:2022-09-28T21:47:05.2365843Z\u003C/Message\u003E\u003C/Error\u003E"
      ]
    }
  ],
  "Variables": {}
}
