interactions:
- request:
    body: null
    headers:
      Accept:
      - application/xml
      User-Agent:
      - azsdk-python-storage-file-share/12.7.0b1 Python/3.10.1 (Windows-10-10.0.17763-SP0)
      x-ms-date:
      - Fri, 28 Jan 2022 23:32:13 GMT
      x-ms-version:
      - '2021-04-10'
    method: PUT
    uri: https://storagename.file.core.windows.net/utsharedfc113a1?restype=share
  response:
    body:
      string: ''
    headers:
      content-length: '0'
      date: Fri, 28 Jan 2022 23:32:13 GMT
      etag: '"0x8D9E2B669C4B459"'
      last-modified: Fri, 28 Jan 2022 23:32:13 GMT
      server: Windows-Azure-File/1.0 Microsoft-HTTPAPI/2.0
      x-ms-version: '2021-04-10'
    status:
      code: 201
      message: Created
    url: https://jalauzoncanary.file.core.windows.net/utsharedfc113a1?restype=share
- request:
    body: null
    headers:
      Accept:
      - application/xml
      User-Agent:
      - azsdk-python-storage-file-share/12.7.0b1 Python/3.10.1 (Windows-10-10.0.17763-SP0)
      x-ms-content-length:
      - '1024'
      x-ms-date:
      - Fri, 28 Jan 2022 23:32:13 GMT
      x-ms-file-attributes:
      - none
      x-ms-file-creation-time:
      - now
      x-ms-file-last-write-time:
      - now
      x-ms-file-permission:
      - Inherit
      x-ms-type:
      - file
      x-ms-version:
      - '2021-04-10'
    method: PUT
    uri: https://storagename.file.core.windows.net/utsharedfc113a1/file1
  response:
    body:
      string: ''
    headers:
      content-length: '0'
      date: Fri, 28 Jan 2022 23:32:13 GMT
      etag: '"0x8D9E2B669E4C47E"'
      last-modified: Fri, 28 Jan 2022 23:32:13 GMT
      server: Windows-Azure-File/1.0 Microsoft-HTTPAPI/2.0
      x-ms-file-attributes: Archive
      x-ms-file-change-time: '2022-01-28T23:32:13.8161278Z'
      x-ms-file-creation-time: '2022-01-28T23:32:13.8161278Z'
      x-ms-file-id: '13835128424026341376'
      x-ms-file-last-write-time: '2022-01-28T23:32:13.8161278Z'
      x-ms-file-parent-id: '0'
      x-ms-file-permission-key: 8725144154719613152*15111010650564761710
      x-ms-request-server-encrypted: 'true'
      x-ms-version: '2021-04-10'
    status:
      code: 201
      message: Created
    url: https://jalauzoncanary.file.core.windows.net/utsharedfc113a1/file1
- request:
    body: null
    headers:
      Accept:
      - application/xml
      User-Agent:
      - azsdk-python-storage-file-share/12.7.0b1 Python/3.10.1 (Windows-10-10.0.17763-SP0)
      x-ms-content-length:
      - '1024'
      x-ms-date:
      - Fri, 28 Jan 2022 23:32:13 GMT
      x-ms-file-attributes:
      - ReadOnly
      x-ms-file-creation-time:
      - now
      x-ms-file-last-write-time:
      - now
      x-ms-file-permission:
      - Inherit
      x-ms-type:
      - file
      x-ms-version:
      - '2021-04-10'
    method: PUT
    uri: https://storagename.file.core.windows.net/utsharedfc113a1/file2
  response:
    body:
      string: ''
    headers:
      content-length: '0'
      date: Fri, 28 Jan 2022 23:32:13 GMT
      etag: '"0x8D9E2B669EDEAE0"'
      last-modified: Fri, 28 Jan 2022 23:32:13 GMT
      server: Windows-Azure-File/1.0 Microsoft-HTTPAPI/2.0
      x-ms-file-attributes: ReadOnly | Archive
      x-ms-file-change-time: '2022-01-28T23:32:13.8760928Z'
      x-ms-file-creation-time: '2022-01-28T23:32:13.8760928Z'
      x-ms-file-id: '11529285414812647424'
      x-ms-file-last-write-time: '2022-01-28T23:32:13.8760928Z'
      x-ms-file-parent-id: '0'
      x-ms-file-permission-key: 8725144154719613152*15111010650564761710
      x-ms-request-server-encrypted: 'true'
      x-ms-version: '2021-04-10'
    status:
      code: 201
      message: Created
    url: https://jalauzoncanary.file.core.windows.net/utsharedfc113a1/file2
- request:
    body: null
    headers:
      Accept:
      - application/xml
      User-Agent:
      - azsdk-python-storage-file-share/12.7.0b1 Python/3.10.1 (Windows-10-10.0.17763-SP0)
      x-ms-date:
      - Fri, 28 Jan 2022 23:32:13 GMT
      x-ms-file-rename-ignore-readonly:
      - 'true'
      x-ms-file-rename-replace-if-exists:
      - 'true'
      x-ms-file-rename-source:
      - https://storagename.file.core.windows.net/utsharedfc113a1/file1
      x-ms-version:
      - '2021-04-10'
    method: PUT
    uri: https://storagename.file.core.windows.net/utsharedfc113a1/file2?comp=rename
  response:
    body:
      string: ''
    headers:
      content-length: '0'
      date: Fri, 28 Jan 2022 23:32:13 GMT
      etag: '"0x8D9E2B669FA6C23"'
      last-modified: Fri, 28 Jan 2022 23:32:13 GMT
      server: Windows-Azure-File/1.0 Microsoft-HTTPAPI/2.0
      x-ms-file-attributes: Archive
      x-ms-file-change-time: '2022-01-28T23:32:13.9580451Z'
      x-ms-file-creation-time: '2022-01-28T23:32:13.8161278Z'
      x-ms-file-id: '13835128424026341376'
      x-ms-file-last-write-time: '2022-01-28T23:32:13.8161278Z'
      x-ms-file-parent-id: '0'
      x-ms-file-permission-key: 8725144154719613152*15111010650564761710
      x-ms-request-server-encrypted: 'true'
      x-ms-version: '2021-04-10'
    status:
      code: 200
      message: OK
    url: https://jalauzoncanary.file.core.windows.net/utsharedfc113a1/file2?comp=rename
- request:
    body: null
    headers:
      Accept:
      - application/xml
      User-Agent:
      - azsdk-python-storage-file-share/12.7.0b1 Python/3.10.1 (Windows-10-10.0.17763-SP0)
      x-ms-date:
      - Fri, 28 Jan 2022 23:32:14 GMT
      x-ms-version:
      - '2021-04-10'
    method: HEAD
    uri: https://storagename.file.core.windows.net/utsharedfc113a1/file2
  response:
    body:
      string: ''
    headers:
      content-length: '1024'
      content-type: application/octet-stream
      date: Fri, 28 Jan 2022 23:32:13 GMT
      etag: '"0x8D9E2B669FA6C23"'
      last-modified: Fri, 28 Jan 2022 23:32:13 GMT
      server: Windows-Azure-File/1.0 Microsoft-HTTPAPI/2.0
      x-ms-file-attributes: Archive
      x-ms-file-change-time: '2022-01-28T23:32:13.9580451Z'
      x-ms-file-creation-time: '2022-01-28T23:32:13.8161278Z'
      x-ms-file-id: '13835128424026341376'
      x-ms-file-last-write-time: '2022-01-28T23:32:13.8161278Z'
      x-ms-file-parent-id: '0'
      x-ms-file-permission-key: 8725144154719613152*15111010650564761710
      x-ms-lease-state: available
      x-ms-lease-status: unlocked
      x-ms-server-encrypted: 'true'
      x-ms-type: File
      x-ms-version: '2021-04-10'
    status:
      code: 200
      message: OK
    url: https://jalauzoncanary.file.core.windows.net/utsharedfc113a1/file2
version: 1
