{
  "Entries": [
    {
      "RequestUri": "https://storagename.blob.core.windows.net/sourcesharec21a3425?restype=container",
      "RequestMethod": "PUT",
      "RequestHeaders": {
        "Accept": "application/xml",
        "Accept-Encoding": "gzip, deflate",
        "Content-Length": "0",
        "User-Agent": "azsdk-python-storage-blob/12.14.0 Python/3.10.2 (Windows-10-10.0.19044-SP0)",
        "x-ms-date": "Wed, 05 Oct 2022 22:28:05 GMT",
        "x-ms-version": "2021-08-06"
      },
      "RequestBody": null,
      "StatusCode": 201,
      "ResponseHeaders": {
        "Content-Length": "0",
        "Date": "Wed, 05 Oct 2022 22:28:05 GMT",
        "ETag": "\u00220x8DAA720DFDC49A0\u0022",
        "Last-Modified": "Wed, 05 Oct 2022 22:28:06 GMT",
        "Server": [
          "Windows-Azure-Blob/1.0",
          "Microsoft-HTTPAPI/2.0"
        ],
        "x-ms-version": "2021-08-06"
      },
      "ResponseBody": null
    },
    {
      "RequestUri": "https://storagename.blob.core.windows.net/sourcesharec21a3425/blobc21a3425",
      "RequestMethod": "PUT",
      "RequestHeaders": {
        "Accept": "application/xml",
        "Accept-Encoding": "gzip, deflate",
        "Content-Length": "512",
        "Content-Type": "application/octet-stream",
        "User-Agent": "azsdk-python-storage-blob/12.14.0 Python/3.10.2 (Windows-10-10.0.19044-SP0)",
        "x-ms-blob-type": "BlockBlob",
        "x-ms-date": "Wed, 05 Oct 2022 22:28:06 GMT",
        "x-ms-version": "2021-08-06"
      },
      "RequestBody": "YWJjZGVmZ2hpamtsbW5vcGFiY2RlZmdoaWprbG1ub3BhYmNkZWZnaGlqa2xtbm9wYWJjZGVmZ2hpamtsbW5vcGFiY2RlZmdoaWprbG1ub3BhYmNkZWZnaGlqa2xtbm9wYWJjZGVmZ2hpamtsbW5vcGFiY2RlZmdoaWprbG1ub3BhYmNkZWZnaGlqa2xtbm9wYWJjZGVmZ2hpamtsbW5vcGFiY2RlZmdoaWprbG1ub3BhYmNkZWZnaGlqa2xtbm9wYWJjZGVmZ2hpamtsbW5vcGFiY2RlZmdoaWprbG1ub3BhYmNkZWZnaGlqa2xtbm9wYWJjZGVmZ2hpamtsbW5vcGFiY2RlZmdoaWprbG1ub3BhYmNkZWZnaGlqa2xtbm9wYWJjZGVmZ2hpamtsbW5vcGFiY2RlZmdoaWprbG1ub3BhYmNkZWZnaGlqa2xtbm9wYWJjZGVmZ2hpamtsbW5vcGFiY2RlZmdoaWprbG1ub3BhYmNkZWZnaGlqa2xtbm9wYWJjZGVmZ2hpamtsbW5vcGFiY2RlZmdoaWprbG1ub3BhYmNkZWZnaGlqa2xtbm9wYWJjZGVmZ2hpamtsbW5vcGFiY2RlZmdoaWprbG1ub3BhYmNkZWZnaGlqa2xtbm9wYWJjZGVmZ2hpamtsbW5vcGFiY2RlZmdoaWprbG1ub3A=",
      "StatusCode": 201,
      "ResponseHeaders": {
        "Content-Length": "0",
        "Content-MD5": "pTsTLZHyQ\u002Bet6NksJ1OHxg==",
        "Date": "Wed, 05 Oct 2022 22:28:05 GMT",
        "ETag": "\u00220x8DAA720DFECA9B8\u0022",
        "Last-Modified": "Wed, 05 Oct 2022 22:28:06 GMT",
        "Server": [
          "Windows-Azure-Blob/1.0",
          "Microsoft-HTTPAPI/2.0"
        ],
        "x-ms-content-crc64": "EZA9hgZaRrQ=",
        "x-ms-request-server-encrypted": "true",
        "x-ms-version": "2021-08-06"
      },
      "ResponseBody": null
    },
    {
      "RequestUri": "https://storagename.file.core.windows.net/utsharec21a3425?restype=share",
      "RequestMethod": "PUT",
      "RequestHeaders": {
        "Accept": "application/xml",
        "Accept-Encoding": "gzip, deflate",
        "Content-Length": "0",
        "User-Agent": "azsdk-python-storage-file-share/12.10.0 Python/3.10.2 (Windows-10-10.0.19044-SP0)",
        "x-ms-date": "Wed, 05 Oct 2022 22:28:07 GMT",
        "x-ms-version": "2021-06-08"
      },
      "RequestBody": null,
      "StatusCode": 201,
      "ResponseHeaders": {
        "Content-Length": "0",
        "Date": "Wed, 05 Oct 2022 22:28:06 GMT",
        "ETag": "\u00220x8DAA720E0C98D4A\u0022",
        "Last-Modified": "Wed, 05 Oct 2022 22:28:07 GMT",
        "Server": [
          "Windows-Azure-File/1.0",
          "Microsoft-HTTPAPI/2.0"
        ],
        "x-ms-version": "2021-06-08"
      },
      "ResponseBody": null
    },
    {
      "RequestUri": "https://storagename.file.core.windows.net/utsharec21a3425/filetoupdate",
      "RequestMethod": "PUT",
      "RequestHeaders": {
        "Accept": "application/xml",
        "Accept-Encoding": "gzip, deflate",
        "Content-Length": "0",
        "User-Agent": "azsdk-python-storage-file-share/12.10.0 Python/3.10.2 (Windows-10-10.0.19044-SP0)",
        "x-ms-content-length": "2048",
        "x-ms-date": "Wed, 05 Oct 2022 22:28:07 GMT",
        "x-ms-file-attributes": "none",
        "x-ms-file-creation-time": "now",
        "x-ms-file-last-write-time": "now",
        "x-ms-file-permission": "Inherit",
        "x-ms-type": "file",
        "x-ms-version": "2021-06-08"
      },
      "RequestBody": null,
      "StatusCode": 201,
      "ResponseHeaders": {
        "Content-Length": "0",
        "Date": "Wed, 05 Oct 2022 22:28:07 GMT",
        "ETag": "\u00220x8DAA720E0E00FB2\u0022",
        "Last-Modified": "Wed, 05 Oct 2022 22:28:07 GMT",
        "Server": [
          "Windows-Azure-File/1.0",
          "Microsoft-HTTPAPI/2.0"
        ],
        "x-ms-file-attributes": "Archive",
        "x-ms-file-change-time": "2022-10-05T22:28:07.9919026Z",
        "x-ms-file-creation-time": "2022-10-05T22:28:07.9919026Z",
        "x-ms-file-id": "13835128424026341376",
        "x-ms-file-last-write-time": "2022-10-05T22:28:07.9919026Z",
        "x-ms-file-parent-id": "0",
        "x-ms-file-permission-key": "3254952746172754359*9622787259914961209",
        "x-ms-request-server-encrypted": "true",
        "x-ms-version": "2021-06-08"
      },
      "ResponseBody": null
    },
    {
      "RequestUri": "https://storagename.file.core.windows.net/utsharec21a3425/filetoupdate?comp=range",
      "RequestMethod": "PUT",
      "RequestHeaders": {
        "Accept": "application/xml",
        "Accept-Encoding": "gzip, deflate",
        "Content-Length": "0",
        "User-Agent": "azsdk-python-storage-file-share/12.10.0 Python/3.10.2 (Windows-10-10.0.19044-SP0)",
        "x-ms-copy-source": "https://storagename.blob.core.windows.net/sourcesharec21a3425/blobc21a3425",
        "x-ms-date": "Wed, 05 Oct 2022 22:28:07 GMT",
        "x-ms-range": "bytes=0-511",
        "x-ms-source-range": "bytes=0-511",
        "x-ms-version": "2021-06-08",
        "x-ms-write": "update"
      },
      "RequestBody": null,
      "StatusCode": 401,
      "ResponseHeaders": {
        "Content-Length": "297",
        "Content-Type": "application/xml",
        "Date": "Wed, 05 Oct 2022 22:28:07 GMT",
        "Server": [
          "Windows-Azure-File/1.0",
          "Microsoft-HTTPAPI/2.0"
        ],
        "x-ms-error-code": "CannotVerifyCopySource",
        "x-ms-version": "2021-06-08"
      },
      "ResponseBody": [
        "\uFEFF\u003C?xml version=\u00221.0\u0022 encoding=\u0022utf-8\u0022?\u003E\u003CError\u003E\u003CCode\u003ECannotVerifyCopySource\u003C/Code\u003E\u003CMessage\u003EServer failed to authenticate the request. Please refer to the information in the www-authenticate header.\n",
        "RequestId:b3ed47f6-e01a-0031-0409-d9acb3000000\n",
        "Time:2022-10-05T22:28:08.1472117Z\u003C/Message\u003E\u003C/Error\u003E"
      ]
    },
    {
      "RequestUri": "https://storagename.file.core.windows.net/utsharec21a3425/filetoupdate?comp=range",
      "RequestMethod": "PUT",
      "RequestHeaders": {
        "Accept": "application/xml",
        "Accept-Encoding": "gzip, deflate",
        "Content-Length": "0",
        "User-Agent": "azsdk-python-storage-file-share/12.10.0 Python/3.10.2 (Windows-10-10.0.19044-SP0)",
        "x-ms-copy-source": "https://storagename.blob.core.windows.net/sourcesharec21a3425/blobc21a3425",
        "x-ms-copy-source-authorization": "Sanitized",
        "x-ms-date": "Wed, 05 Oct 2022 22:28:07 GMT",
        "x-ms-range": "bytes=0-511",
        "x-ms-source-range": "bytes=0-511",
        "x-ms-version": "2021-06-08",
        "x-ms-write": "update"
      },
      "RequestBody": null,
      "StatusCode": 201,
      "ResponseHeaders": {
        "Content-Length": "0",
        "Date": "Wed, 05 Oct 2022 22:28:07 GMT",
        "ETag": "\u00220x8DAA720E11178B7\u0022",
        "Last-Modified": "Wed, 05 Oct 2022 22:28:08 GMT",
        "Server": [
          "Windows-Azure-File/1.0",
          "Microsoft-HTTPAPI/2.0"
        ],
        "x-ms-content-crc64": "EZA9hgZaRrQ=",
        "x-ms-file-last-write-time": "2022-10-05T22:28:08.3157175Z",
        "x-ms-request-server-encrypted": "true",
        "x-ms-version": "2021-06-08"
      },
      "ResponseBody": null
    }
  ],
  "Variables": {}
}
