interactions:
- request:
    body: null
    headers:
      Accept:
      - '*/*'
      Accept-Encoding:
      - gzip, deflate
      Connection:
      - keep-alive
      Content-Length:
      - '0'
      User-Agent:
      - azsdk-python-storage-file/12.0.0b3 Python/3.7.3 (Windows-10-10.0.18362-SP0)
      content-type:
      - application/xml; charset=utf-8
      x-ms-client-request-id:
      - 9ffe155c-d9a9-11e9-9202-001a7dda7113
      x-ms-date:
      - Wed, 18 Sep 2019 00:16:56 GMT
      x-ms-version:
      - '2019-02-02'
    method: PUT
    uri: https://storagename.file.core.windows.net/shared84a1877?restype=share
  response:
    body:
      string: ''
    headers:
      Content-Length:
      - '0'
      Date:
      - Wed, 18 Sep 2019 00:16:56 GMT
      ETag:
      - '"0x8D73BCD84396032"'
      Last-Modified:
      - Wed, 18 Sep 2019 00:16:56 GMT
      Server:
      - Windows-Azure-File/1.0 Microsoft-HTTPAPI/2.0
      x-ms-request-id:
      - def74384-e01a-00db-02b6-6d95c9000000
      x-ms-version:
      - '2019-02-02'
    status:
      code: 201
      message: Created
- request:
    body: null
    headers:
      Accept:
      - '*/*'
      Accept-Encoding:
      - gzip, deflate
      Connection:
      - keep-alive
      Content-Length:
      - '0'
      User-Agent:
      - azsdk-python-storage-file/12.0.0b3 Python/3.7.3 (Windows-10-10.0.18362-SP0)
      content-type:
      - application/xml; charset=utf-8
      x-ms-client-request-id:
      - a016bcca-d9a9-11e9-aee2-001a7dda7113
      x-ms-date:
      - Wed, 18 Sep 2019 00:16:57 GMT
      x-ms-file-attributes:
      - none
      x-ms-file-creation-time:
      - now
      x-ms-file-last-write-time:
      - now
      x-ms-file-permission:
      - inherit
      x-ms-version:
      - '2019-02-02'
    method: PUT
    uri: https://storagename.file.core.windows.net/shared84a1877/dir1?restype=directory
  response:
    body:
      string: ''
    headers:
      Content-Length:
      - '0'
      Date:
      - Wed, 18 Sep 2019 00:16:56 GMT
      ETag:
      - '"0x8D73BCD84438E77"'
      Last-Modified:
      - Wed, 18 Sep 2019 00:16:56 GMT
      Server:
      - Windows-Azure-File/1.0 Microsoft-HTTPAPI/2.0
      x-ms-file-attributes:
      - Directory
      x-ms-file-change-time:
      - '2019-09-18T00:16:56.9568887Z'
      x-ms-file-creation-time:
      - '2019-09-18T00:16:56.9568887Z'
      x-ms-file-id:
      - '13835128424026341376'
      x-ms-file-last-write-time:
      - '2019-09-18T00:16:56.9568887Z'
      x-ms-file-parent-id:
      - '0'
      x-ms-file-permission-key:
      - 17913408918638655783*10394889115079208622
      x-ms-request-id:
      - def74387-e01a-00db-03b6-6d95c9000000
      x-ms-request-server-encrypted:
      - 'true'
      x-ms-version:
      - '2019-02-02'
    status:
      code: 201
      message: Created
- request:
    body: null
    headers:
      Accept:
      - '*/*'
      Accept-Encoding:
      - gzip, deflate
      Connection:
      - keep-alive
      Content-Length:
      - '0'
      User-Agent:
      - azsdk-python-storage-file/12.0.0b3 Python/3.7.3 (Windows-10-10.0.18362-SP0)
      content-type:
      - application/xml; charset=utf-8
      x-ms-client-request-id:
      - a0207a18-d9a9-11e9-a692-001a7dda7113
      x-ms-content-length:
      - '4'
      x-ms-date:
      - Wed, 18 Sep 2019 00:16:57 GMT
      x-ms-file-attributes:
      - none
      x-ms-file-creation-time:
      - now
      x-ms-file-last-write-time:
      - now
      x-ms-file-permission:
      - Inherit
      x-ms-type:
      - file
      x-ms-version:
      - '2019-02-02'
    method: PUT
    uri: https://storagename.file.core.windows.net/shared84a1877/filea1
  response:
    body:
      string: ''
    headers:
      Content-Length:
      - '0'
      Date:
      - Wed, 18 Sep 2019 00:16:56 GMT
      ETag:
      - '"0x8D73BCD844C1C0D"'
      Last-Modified:
      - Wed, 18 Sep 2019 00:16:57 GMT
      Server:
      - Windows-Azure-File/1.0 Microsoft-HTTPAPI/2.0
      x-ms-file-attributes:
      - Archive
      x-ms-file-change-time:
      - '2019-09-18T00:16:57.0129421Z'
      x-ms-file-creation-time:
      - '2019-09-18T00:16:57.0129421Z'
      x-ms-file-id:
      - '11529285414812647424'
      x-ms-file-last-write-time:
      - '2019-09-18T00:16:57.0129421Z'
      x-ms-file-parent-id:
      - '0'
      x-ms-file-permission-key:
      - 4099112195243312672*10394889115079208622
      x-ms-request-id:
      - def7438a-e01a-00db-06b6-6d95c9000000
      x-ms-request-server-encrypted:
      - 'true'
      x-ms-version:
      - '2019-02-02'
    status:
      code: 201
      message: Created
- request:
    body: '1024'
    headers:
      Accept:
      - '*/*'
      Accept-Encoding:
      - gzip, deflate
      Connection:
      - keep-alive
      Content-Length:
      - '4'
      Content-Type:
      - application/octet-stream
      User-Agent:
      - azsdk-python-storage-file/12.0.0b3 Python/3.7.3 (Windows-10-10.0.18362-SP0)
      x-ms-client-request-id:
      - a029cb06-d9a9-11e9-a96f-001a7dda7113
      x-ms-date:
      - Wed, 18 Sep 2019 00:16:57 GMT
      x-ms-range:
      - bytes=0-3
      x-ms-version:
      - '2019-02-02'
      x-ms-write:
      - update
    method: PUT
    uri: https://storagename.file.core.windows.net/shared84a1877/filea1?comp=range
  response:
    body:
      string: ''
    headers:
      Content-Length:
      - '0'
      Content-MD5:
      - Ahu8fuILcRNNU+ICBr1v6w==
      Date:
      - Wed, 18 Sep 2019 00:16:56 GMT
      ETag:
      - '"0x8D73BCD84551EE7"'
      Last-Modified:
      - Wed, 18 Sep 2019 00:16:57 GMT
      Server:
      - Windows-Azure-File/1.0 Microsoft-HTTPAPI/2.0
      x-ms-request-id:
      - def7438b-e01a-00db-07b6-6d95c9000000
      x-ms-request-server-encrypted:
      - 'true'
      x-ms-version:
      - '2019-02-02'
    status:
      code: 201
      message: Created
- request:
    body: null
    headers:
      Accept:
      - '*/*'
      Accept-Encoding:
      - gzip, deflate
      Connection:
      - keep-alive
      Content-Length:
      - '0'
      User-Agent:
      - azsdk-python-storage-file/12.0.0b3 Python/3.7.3 (Windows-10-10.0.18362-SP0)
      content-type:
      - application/xml; charset=utf-8
      x-ms-client-request-id:
      - a03d32de-d9a9-11e9-9d36-001a7dda7113
      x-ms-content-length:
      - '4'
      x-ms-date:
      - Wed, 18 Sep 2019 00:16:57 GMT
      x-ms-file-attributes:
      - none
      x-ms-file-creation-time:
      - now
      x-ms-file-last-write-time:
      - now
      x-ms-file-permission:
      - Inherit
      x-ms-type:
      - file
      x-ms-version:
      - '2019-02-02'
    method: PUT
    uri: https://storagename.file.core.windows.net/shared84a1877/filea2
  response:
    body:
      string: ''
    headers:
      Content-Length:
      - '0'
      Date:
      - Wed, 18 Sep 2019 00:16:56 GMT
      ETag:
      - '"0x8D73BCD846ACF06"'
      Last-Modified:
      - Wed, 18 Sep 2019 00:16:57 GMT
      Server:
      - Windows-Azure-File/1.0 Microsoft-HTTPAPI/2.0
      x-ms-file-attributes:
      - Archive
      x-ms-file-change-time:
      - '2019-09-18T00:16:57.2141318Z'
      x-ms-file-creation-time:
      - '2019-09-18T00:16:57.2141318Z'
      x-ms-file-id:
      - '16140971433240035328'
      x-ms-file-last-write-time:
      - '2019-09-18T00:16:57.2141318Z'
      x-ms-file-parent-id:
      - '0'
      x-ms-file-permission-key:
      - 4099112195243312672*10394889115079208622
      x-ms-request-id:
      - def7438c-e01a-00db-08b6-6d95c9000000
      x-ms-request-server-encrypted:
      - 'true'
      x-ms-version:
      - '2019-02-02'
    status:
      code: 201
      message: Created
- request:
    body: '1024'
    headers:
      Accept:
      - '*/*'
      Accept-Encoding:
      - gzip, deflate
      Connection:
      - keep-alive
      Content-Length:
      - '4'
      Content-Type:
      - application/octet-stream
      User-Agent:
      - azsdk-python-storage-file/12.0.0b3 Python/3.7.3 (Windows-10-10.0.18362-SP0)
      x-ms-client-request-id:
      - a0467d90-d9a9-11e9-b79d-001a7dda7113
      x-ms-date:
      - Wed, 18 Sep 2019 00:16:57 GMT
      x-ms-range:
      - bytes=0-3
      x-ms-version:
      - '2019-02-02'
      x-ms-write:
      - update
    method: PUT
    uri: https://storagename.file.core.windows.net/shared84a1877/filea2?comp=range
  response:
    body:
      string: ''
    headers:
      Content-Length:
      - '0'
      Content-MD5:
      - Ahu8fuILcRNNU+ICBr1v6w==
      Date:
      - Wed, 18 Sep 2019 00:16:56 GMT
      ETag:
      - '"0x8D73BCD8471AE84"'
      Last-Modified:
      - Wed, 18 Sep 2019 00:16:57 GMT
      Server:
      - Windows-Azure-File/1.0 Microsoft-HTTPAPI/2.0
      x-ms-request-id:
      - def7438d-e01a-00db-09b6-6d95c9000000
      x-ms-request-server-encrypted:
      - 'true'
      x-ms-version:
      - '2019-02-02'
    status:
      code: 201
      message: Created
- request:
    body: null
    headers:
      Accept:
      - '*/*'
      Accept-Encoding:
      - gzip, deflate
      Connection:
      - keep-alive
      Content-Length:
      - '0'
      User-Agent:
      - azsdk-python-storage-file/12.0.0b3 Python/3.7.3 (Windows-10-10.0.18362-SP0)
      content-type:
      - application/xml; charset=utf-8
      x-ms-client-request-id:
      - a04eefe6-d9a9-11e9-adb7-001a7dda7113
      x-ms-content-length:
      - '4'
      x-ms-date:
      - Wed, 18 Sep 2019 00:16:57 GMT
      x-ms-file-attributes:
      - none
      x-ms-file-creation-time:
      - now
      x-ms-file-last-write-time:
      - now
      x-ms-file-permission:
      - Inherit
      x-ms-type:
      - file
      x-ms-version:
      - '2019-02-02'
    method: PUT
    uri: https://storagename.file.core.windows.net/shared84a1877/filea3
  response:
    body:
      string: ''
    headers:
      Content-Length:
      - '0'
      Date:
      - Wed, 18 Sep 2019 00:16:56 GMT
      ETag:
      - '"0x8D73BCD8479EDDE"'
      Last-Modified:
      - Wed, 18 Sep 2019 00:16:57 GMT
      Server:
      - Windows-Azure-File/1.0 Microsoft-HTTPAPI/2.0
      x-ms-file-attributes:
      - Archive
      x-ms-file-change-time:
      - '2019-09-18T00:16:57.3132254Z'
      x-ms-file-creation-time:
      - '2019-09-18T00:16:57.3132254Z'
      x-ms-file-id:
      - '10376363910205800448'
      x-ms-file-last-write-time:
      - '2019-09-18T00:16:57.3132254Z'
      x-ms-file-parent-id:
      - '0'
      x-ms-file-permission-key:
      - 4099112195243312672*10394889115079208622
      x-ms-request-id:
      - def7438f-e01a-00db-0ab6-6d95c9000000
      x-ms-request-server-encrypted:
      - 'true'
      x-ms-version:
      - '2019-02-02'
    status:
      code: 201
      message: Created
- request:
    body: '1024'
    headers:
      Accept:
      - '*/*'
      Accept-Encoding:
      - gzip, deflate
      Connection:
      - keep-alive
      Content-Length:
      - '4'
      Content-Type:
      - application/octet-stream
      User-Agent:
      - azsdk-python-storage-file/12.0.0b3 Python/3.7.3 (Windows-10-10.0.18362-SP0)
      x-ms-client-request-id:
      - a0557482-d9a9-11e9-85b0-001a7dda7113
      x-ms-date:
      - Wed, 18 Sep 2019 00:16:57 GMT
      x-ms-range:
      - bytes=0-3
      x-ms-version:
      - '2019-02-02'
      x-ms-write:
      - update
    method: PUT
    uri: https://storagename.file.core.windows.net/shared84a1877/filea3?comp=range
  response:
    body:
      string: ''
    headers:
      Content-Length:
      - '0'
      Content-MD5:
      - Ahu8fuILcRNNU+ICBr1v6w==
      Date:
      - Wed, 18 Sep 2019 00:16:56 GMT
      ETag:
      - '"0x8D73BCD8480F471"'
      Last-Modified:
      - Wed, 18 Sep 2019 00:16:57 GMT
      Server:
      - Windows-Azure-File/1.0 Microsoft-HTTPAPI/2.0
      x-ms-request-id:
      - def74390-e01a-00db-0bb6-6d95c9000000
      x-ms-request-server-encrypted:
      - 'true'
      x-ms-version:
      - '2019-02-02'
    status:
      code: 201
      message: Created
- request:
    body: null
    headers:
      Accept:
      - '*/*'
      Accept-Encoding:
      - gzip, deflate
      Connection:
      - keep-alive
      Content-Length:
      - '0'
      User-Agent:
      - azsdk-python-storage-file/12.0.0b3 Python/3.7.3 (Windows-10-10.0.18362-SP0)
      content-type:
      - application/xml; charset=utf-8
      x-ms-client-request-id:
      - a05cc5d8-d9a9-11e9-94c7-001a7dda7113
      x-ms-content-length:
      - '4'
      x-ms-date:
      - Wed, 18 Sep 2019 00:16:57 GMT
      x-ms-file-attributes:
      - none
      x-ms-file-creation-time:
      - now
      x-ms-file-last-write-time:
      - now
      x-ms-file-permission:
      - Inherit
      x-ms-type:
      - file
      x-ms-version:
      - '2019-02-02'
    method: PUT
    uri: https://storagename.file.core.windows.net/shared84a1877/fileb1
  response:
    body:
      string: ''
    headers:
      Content-Length:
      - '0'
      Date:
      - Wed, 18 Sep 2019 00:16:56 GMT
      ETag:
      - '"0x8D73BCD84884933"'
      Last-Modified:
      - Wed, 18 Sep 2019 00:16:57 GMT
      Server:
      - Windows-Azure-File/1.0 Microsoft-HTTPAPI/2.0
      x-ms-file-attributes:
      - Archive
      x-ms-file-change-time:
      - '2019-09-18T00:16:57.4073139Z'
      x-ms-file-creation-time:
      - '2019-09-18T00:16:57.4073139Z'
      x-ms-file-id:
      - '14988049928633188352'
      x-ms-file-last-write-time:
      - '2019-09-18T00:16:57.4073139Z'
      x-ms-file-parent-id:
      - '0'
      x-ms-file-permission-key:
      - 4099112195243312672*10394889115079208622
      x-ms-request-id:
      - def74391-e01a-00db-0cb6-6d95c9000000
      x-ms-request-server-encrypted:
      - 'true'
      x-ms-version:
      - '2019-02-02'
    status:
      code: 201
      message: Created
- request:
    body: '1024'
    headers:
      Accept:
      - '*/*'
      Accept-Encoding:
      - gzip, deflate
      Connection:
      - keep-alive
      Content-Length:
      - '4'
      Content-Type:
      - application/octet-stream
      User-Agent:
      - azsdk-python-storage-file/12.0.0b3 Python/3.7.3 (Windows-10-10.0.18362-SP0)
      x-ms-client-request-id:
      - a0643a86-d9a9-11e9-bf4f-001a7dda7113
      x-ms-date:
      - Wed, 18 Sep 2019 00:16:57 GMT
      x-ms-range:
      - bytes=0-3
      x-ms-version:
      - '2019-02-02'
      x-ms-write:
      - update
    method: PUT
    uri: https://storagename.file.core.windows.net/shared84a1877/fileb1?comp=range
  response:
    body:
      string: ''
    headers:
      Content-Length:
      - '0'
      Content-MD5:
      - Ahu8fuILcRNNU+ICBr1v6w==
      Date:
      - Wed, 18 Sep 2019 00:16:56 GMT
      ETag:
      - '"0x8D73BCD848F76E4"'
      Last-Modified:
      - Wed, 18 Sep 2019 00:16:57 GMT
      Server:
      - Windows-Azure-File/1.0 Microsoft-HTTPAPI/2.0
      x-ms-request-id:
      - def74392-e01a-00db-0db6-6d95c9000000
      x-ms-request-server-encrypted:
      - 'true'
      x-ms-version:
      - '2019-02-02'
    status:
      code: 201
      message: Created
- request:
    body: null
    headers:
      Accept:
      - application/xml
      Accept-Encoding:
      - gzip, deflate
      Connection:
      - keep-alive
      User-Agent:
      - azsdk-python-storage-file/12.0.0b3 Python/3.7.3 (Windows-10-10.0.18362-SP0)
      content-type:
      - application/xml; charset=utf-8
      x-ms-client-request-id:
      - a06bd6b4-d9a9-11e9-a0e9-001a7dda7113
      x-ms-date:
      - Wed, 18 Sep 2019 00:16:57 GMT
      x-ms-version:
      - '2019-02-02'
    method: GET
    uri: https://storagename.file.core.windows.net/shared84a1877?maxresults=2&restype=directory&comp=list
  response:
    body:
      string: "\uFEFF<?xml version=\"1.0\" encoding=\"utf-8\"?><EnumerationResults
        ServiceEndpoint=\"https://storagename.file.core.windows.net/\" ShareName=\"shared84a1877\"
        DirectoryPath=\"\"><MaxResults>2</MaxResults><Entries><Directory><Name>dir1</Name><Properties
        /></Directory><File><Name>filea1</Name><Properties><Content-Length>4</Content-Length></Properties></File></Entries><NextMarker>1!8!ZmlsZWEy</NextMarker></EnumerationResults>"
    headers:
      Content-Type:
      - application/xml
      Date:
      - Wed, 18 Sep 2019 00:16:56 GMT
      Server:
      - Windows-Azure-File/1.0 Microsoft-HTTPAPI/2.0
      Transfer-Encoding:
      - chunked
      x-ms-request-id:
      - def74393-e01a-00db-0eb6-6d95c9000000
      x-ms-version:
      - '2019-02-02'
    status:
      code: 200
      message: OK
- request:
    body: null
    headers:
      Accept:
      - application/xml
      Accept-Encoding:
      - gzip, deflate
      Connection:
      - keep-alive
      User-Agent:
      - azsdk-python-storage-file/12.0.0b3 Python/3.7.3 (Windows-10-10.0.18362-SP0)
      content-type:
      - application/xml; charset=utf-8
      x-ms-client-request-id:
      - a07261f0-d9a9-11e9-880f-001a7dda7113
      x-ms-date:
      - Wed, 18 Sep 2019 00:16:57 GMT
      x-ms-version:
      - '2019-02-02'
    method: GET
    uri: https://storagename.file.core.windows.net/?include=snapshots&comp=list
  response:
    body:
      string: "\uFEFF<?xml version=\"1.0\" encoding=\"utf-8\"?><EnumerationResults
        ServiceEndpoint=\"https://storagename.file.core.windows.net/\"><Shares><Share><Name>shared84a1877</Name><Properties><Last-Modified>Wed,
        18 Sep 2019 00:16:56 GMT</Last-Modified><Etag>\"0x8D73BCD84396032\"</Etag><Quota>5120</Quota></Properties></Share></Shares><NextMarker
        /></EnumerationResults>"
    headers:
      Content-Type:
      - application/xml
      Date:
      - Wed, 18 Sep 2019 00:16:56 GMT
      Server:
      - Windows-Azure-File/1.0 Microsoft-HTTPAPI/2.0
      Transfer-Encoding:
      - chunked
      x-ms-request-id:
      - def74394-e01a-00db-0fb6-6d95c9000000
      x-ms-version:
      - '2019-02-02'
    status:
      code: 200
      message: OK
- request:
    body: null
    headers:
      Accept:
      - '*/*'
      Accept-Encoding:
      - gzip, deflate
      Connection:
      - keep-alive
      Content-Length:
      - '0'
      User-Agent:
      - azsdk-python-storage-file/12.0.0b3 Python/3.7.3 (Windows-10-10.0.18362-SP0)
      content-type:
      - application/xml; charset=utf-8
      x-ms-client-request-id:
      - a07939b6-d9a9-11e9-9844-001a7dda7113
      x-ms-date:
      - Wed, 18 Sep 2019 00:16:57 GMT
      x-ms-delete-snapshots:
      - include
      x-ms-version:
      - '2019-02-02'
    method: DELETE
    uri: https://storagename.file.core.windows.net/shared84a1877?restype=share
  response:
    body:
      string: ''
    headers:
      Content-Length:
      - '0'
      Date:
      - Wed, 18 Sep 2019 00:16:56 GMT
      Server:
      - Windows-Azure-File/1.0 Microsoft-HTTPAPI/2.0
      x-ms-request-id:
      - def74395-e01a-00db-10b6-6d95c9000000
      x-ms-version:
      - '2019-02-02'
    status:
      code: 202
      message: Accepted
version: 1
