interactions:
- request:
    body: null
    headers:
      Accept:
      - '*/*'
      Accept-Encoding:
      - gzip, deflate
      Connection:
      - keep-alive
      Content-Length:
      - '0'
      User-Agent:
      - azsdk-python-storage-file-share/12.2.0 Python/3.8.5 (Windows-10-10.0.18362-SP0)
      x-ms-date:
      - Fri, 11 Sep 2020 01:43:38 GMT
      x-ms-version:
      - '2020-02-10'
    method: PUT
    uri: https://storagename.file.core.windows.net/test801b1156?restype=share
  response:
    body:
      string: ''
    headers:
      content-length:
      - '0'
      date:
      - Fri, 11 Sep 2020 01:43:38 GMT
      etag:
      - '"0x8D855F41B7485A5"'
      last-modified:
      - Fri, 11 Sep 2020 01:43:39 GMT
      server:
      - Windows-Azure-File/1.0 Microsoft-HTTPAPI/2.0
      x-ms-version:
      - '2020-02-10'
    status:
      code: 201
      message: Created
- request:
    body: null
    headers:
      Accept:
      - '*/*'
      Accept-Encoding:
      - gzip, deflate
      Connection:
      - keep-alive
      Content-Length:
      - '0'
      User-Agent:
      - azsdk-python-storage-file-share/12.2.0 Python/3.8.5 (Windows-10-10.0.18362-SP0)
      x-ms-date:
      - Fri, 11 Sep 2020 01:43:38 GMT
      x-ms-lease-action:
      - acquire
      x-ms-lease-duration:
      - '-1'
      x-ms-proposed-lease-id:
      - e74a3972-4935-415c-808b-7e08ce3117d2
      x-ms-version:
      - '2020-02-10'
    method: PUT
    uri: https://storagename.file.core.windows.net/test801b1156?comp=lease&restype=share
  response:
    body:
      string: ''
    headers:
      content-length:
      - '0'
      date:
      - Fri, 11 Sep 2020 01:43:39 GMT
      etag:
      - '"0x8D855F41B7485A5"'
      last-modified:
      - Fri, 11 Sep 2020 01:43:39 GMT
      server:
      - Windows-Azure-File/1.0 Microsoft-HTTPAPI/2.0
      x-ms-lease-id:
      - e74a3972-4935-415c-808b-7e08ce3117d2
      x-ms-version:
      - '2020-02-10'
    status:
      code: 201
      message: Created
- request:
    body: null
    headers:
      Accept:
      - '*/*'
      Accept-Encoding:
      - gzip, deflate
      Connection:
      - keep-alive
      Content-Length:
      - '0'
      User-Agent:
      - azsdk-python-storage-file-share/12.2.0 Python/3.8.5 (Windows-10-10.0.18362-SP0)
      x-ms-date:
      - Fri, 11 Sep 2020 01:43:39 GMT
      x-ms-lease-action:
      - change
      x-ms-lease-id:
      - e74a3972-4935-415c-808b-7e08ce3117d2
      x-ms-proposed-lease-id:
      - 29e0b239-ecda-4f69-bfa3-95f6af91464c
      x-ms-version:
      - '2020-02-10'
    method: PUT
    uri: https://storagename.file.core.windows.net/test801b1156?comp=lease&restype=share
  response:
    body:
      string: ''
    headers:
      content-length:
      - '0'
      date:
      - Fri, 11 Sep 2020 01:43:39 GMT
      etag:
      - '"0x8D855F41B7485A5"'
      last-modified:
      - Fri, 11 Sep 2020 01:43:39 GMT
      server:
      - Windows-Azure-File/1.0 Microsoft-HTTPAPI/2.0
      x-ms-lease-id:
      - 29e0b239-ecda-4f69-bfa3-95f6af91464c
      x-ms-version:
      - '2020-02-10'
    status:
      code: 200
      message: OK
- request:
    body: null
    headers:
      Accept:
      - '*/*'
      Accept-Encoding:
      - gzip, deflate
      Connection:
      - keep-alive
      Content-Length:
      - '0'
      User-Agent:
      - azsdk-python-storage-file-share/12.2.0 Python/3.8.5 (Windows-10-10.0.18362-SP0)
      x-ms-date:
      - Fri, 11 Sep 2020 01:43:39 GMT
      x-ms-lease-action:
      - renew
      x-ms-lease-id:
      - 29e0b239-ecda-4f69-bfa3-95f6af91464c
      x-ms-version:
      - '2020-02-10'
    method: PUT
    uri: https://storagename.file.core.windows.net/test801b1156?comp=lease&restype=share
  response:
    body:
      string: ''
    headers:
      content-length:
      - '0'
      date:
      - Fri, 11 Sep 2020 01:43:39 GMT
      etag:
      - '"0x8D855F41B7485A5"'
      last-modified:
      - Fri, 11 Sep 2020 01:43:39 GMT
      server:
      - Windows-Azure-File/1.0 Microsoft-HTTPAPI/2.0
      x-ms-lease-id:
      - 29e0b239-ecda-4f69-bfa3-95f6af91464c
      x-ms-version:
      - '2020-02-10'
    status:
      code: 200
      message: OK
version: 1
