{
  "Entries": [
    {
      "RequestUri": "https://management.azure.com/subscriptions/00000000-0000-0000-0000-000000000/resourceGroups/00000/providers/Microsoft.MachineLearningServices/workspaces/00000/datastores/workspaceblobstore?api-version=2022-05-01",
      "RequestMethod": "GET",
      "RequestHeaders": {
        "Accept": "application/json",
        "Accept-Encoding": "gzip, deflate",
        "Connection": "keep-alive",
        "User-Agent": "azure-ai-ml/0.0.139 azsdk-python-mgmt-machinelearningservices/0.1.0 Python/3.8.6 (Windows-10-10.0.22000-SP0)"
      },
      "RequestBody": null,
      "StatusCode": 200,
      "ResponseHeaders": {
        "Cache-Control": "no-cache",
        "Content-Encoding": "gzip",
        "Content-Type": "application/json; charset=utf-8",
        "Date": "Fri, 16 Sep 2022 19:29:26 GMT",
        "Expires": "-1",
        "Pragma": "no-cache",
        "Request-Context": "appId=cid-v1:17d65b70-e9ce-4ed5-9347-1f660ec782e9",
        "Server-Timing": "traceparent;desc=\u002200-6a3e2073a8f318d6acb0e0e12776c882-0e2534eff3a226ed-01\u0022",
        "Strict-Transport-Security": "max-age=31536000; includeSubDomains",
        "Transfer-Encoding": "chunked",
        "Vary": [
          "Accept-Encoding",
          "Accept-Encoding"
        ],
        "x-aml-cluster": "vienna-eastus2euap-01",
        "X-Content-Type-Options": "nosniff",
        "x-ms-correlation-request-id": "1e07169c-3582-4853-bad7-d3f650011731",
        "x-ms-ratelimit-remaining-subscription-reads": "11995",
        "x-ms-response-type": "standard",
        "x-ms-routing-request-id": "CANADACENTRAL:20220916T192926Z:1e07169c-3582-4853-bad7-d3f650011731",
        "x-request-time": "0.086"
      },
      "ResponseBody": {
        "id": "/subscriptions/00000000-0000-0000-0000-000000000/resourceGroups/00000/providers/Microsoft.MachineLearningServices/workspaces/00000/datastores/workspaceblobstore",
        "name": "workspaceblobstore",
        "type": "Microsoft.MachineLearningServices/workspaces/datastores",
        "properties": {
          "description": null,
          "tags": null,
          "properties": null,
          "isDefault": true,
          "credentials": {
            "credentialsType": "AccountKey"
          },
          "datastoreType": "AzureBlob",
          "accountName": "sagh4dshas62md4",
          "containerName": "azureml-blobstore-a6d5a3b8-8717-4928-b8f7-4c9f36d21085",
          "endpoint": "core.windows.net",
          "protocol": "https",
          "serviceDataAccessAuthIdentity": "WorkspaceSystemAssignedIdentity"
        },
        "systemData": {
          "createdAt": "2022-09-15T03:11:44.0146435\u002B00:00",
          "createdBy": "779301c0-18b2-4cdc-801b-a0a3368fee0a",
          "createdByType": "Application",
          "lastModifiedAt": "2022-09-15T03:11:44.7999179\u002B00:00",
          "lastModifiedBy": "779301c0-18b2-4cdc-801b-a0a3368fee0a",
          "lastModifiedByType": "Application"
        }
      }
    },
    {
      "RequestUri": "https://management.azure.com/subscriptions/00000000-0000-0000-0000-000000000/resourceGroups/00000/providers/Microsoft.MachineLearningServices/workspaces/00000/datastores/workspaceblobstore/listSecrets?api-version=2022-05-01",
      "RequestMethod": "POST",
      "RequestHeaders": {
        "Accept": "application/json",
        "Accept-Encoding": "gzip, deflate",
        "Connection": "keep-alive",
        "Content-Length": "0",
        "User-Agent": "azure-ai-ml/0.0.139 azsdk-python-mgmt-machinelearningservices/0.1.0 Python/3.8.6 (Windows-10-10.0.22000-SP0)"
      },
      "RequestBody": null,
      "StatusCode": 200,
      "ResponseHeaders": {
        "Cache-Control": "no-cache",
        "Content-Encoding": "gzip",
        "Content-Type": "application/json; charset=utf-8",
        "Date": "Fri, 16 Sep 2022 19:29:26 GMT",
        "Expires": "-1",
        "Pragma": "no-cache",
        "Request-Context": "appId=cid-v1:17d65b70-e9ce-4ed5-9347-1f660ec782e9",
        "Server-Timing": "traceparent;desc=\u002200-e1d3be01809ac92cc44d3e39cba1f09e-1030a25f4f7b2afc-01\u0022",
        "Strict-Transport-Security": "max-age=31536000; includeSubDomains",
        "Transfer-Encoding": "chunked",
        "Vary": "Accept-Encoding",
        "x-aml-cluster": "vienna-eastus2euap-01",
        "X-Content-Type-Options": "nosniff",
        "x-ms-correlation-request-id": "10e626b3-f760-4f59-83fb-0391bf56074d",
        "x-ms-ratelimit-remaining-subscription-writes": "1197",
        "x-ms-response-type": "standard",
        "x-ms-routing-request-id": "CANADACENTRAL:20220916T192927Z:10e626b3-f760-4f59-83fb-0391bf56074d",
        "x-request-time": "0.110"
      },
      "ResponseBody": {
        "secretsType": "AccountKey",
        "key": "dGhpcyBpcyBmYWtlIGtleQ=="
      }
    },
    {
      "RequestUri": "https://sagh4dshas62md4.blob.core.windows.net/azureml-blobstore-a6d5a3b8-8717-4928-b8f7-4c9f36d21085/LocalUpload/00000000000000000000000000000000/python/sample1.csv",
      "RequestMethod": "HEAD",
      "RequestHeaders": {
        "Accept": "application/xml",
        "Accept-Encoding": "gzip, deflate",
        "Connection": "keep-alive",
        "User-Agent": "azsdk-python-storage-blob/12.12.0 Python/3.8.6 (Windows-10-10.0.22000-SP0)",
        "x-ms-date": "Fri, 16 Sep 2022 19:29:26 GMT",
        "x-ms-version": "2021-06-08"
      },
      "RequestBody": null,
      "StatusCode": 200,
      "ResponseHeaders": {
        "Accept-Ranges": "bytes",
        "Content-Length": "508",
        "Content-MD5": "dUQjYq1qrTeqLOaZ4N2AUQ==",
        "Content-Type": "application/octet-stream",
        "Date": "Fri, 16 Sep 2022 19:29:27 GMT",
        "ETag": "\u00220x8DA975B4CC57610\u0022",
        "Last-Modified": "Thu, 15 Sep 2022 20:46:01 GMT",
        "Server": [
          "Windows-Azure-Blob/1.0",
          "Microsoft-HTTPAPI/2.0"
        ],
        "Vary": "Origin",
        "x-ms-access-tier": "Hot",
        "x-ms-access-tier-inferred": "true",
        "x-ms-blob-type": "BlockBlob",
        "x-ms-creation-time": "Thu, 15 Sep 2022 20:46:01 GMT",
        "x-ms-lease-state": "available",
        "x-ms-lease-status": "unlocked",
        "x-ms-meta-name": "f0648f42-ca3c-4aee-9d9e-f2fe26dc4430",
        "x-ms-meta-upload_status": "completed",
        "x-ms-meta-version": "1",
        "x-ms-server-encrypted": "true",
        "x-ms-version": "2021-06-08"
      },
      "ResponseBody": null
    },
    {
      "RequestUri": "https://sagh4dshas62md4.blob.core.windows.net/azureml-blobstore-a6d5a3b8-8717-4928-b8f7-4c9f36d21085/az-ml-artifacts/00000000000000000000000000000000/python/sample1.csv",
      "RequestMethod": "HEAD",
      "RequestHeaders": {
        "Accept": "application/xml",
        "Accept-Encoding": "gzip, deflate",
        "Connection": "keep-alive",
        "User-Agent": "azsdk-python-storage-blob/12.12.0 Python/3.8.6 (Windows-10-10.0.22000-SP0)",
        "x-ms-date": "Fri, 16 Sep 2022 19:29:26 GMT",
        "x-ms-version": "2021-06-08"
      },
      "RequestBody": null,
      "StatusCode": 404,
      "ResponseHeaders": {
        "Date": "Fri, 16 Sep 2022 19:29:27 GMT",
        "Server": [
          "Windows-Azure-Blob/1.0",
          "Microsoft-HTTPAPI/2.0"
        ],
        "Transfer-Encoding": "chunked",
        "Vary": "Origin",
        "x-ms-error-code": "BlobNotFound",
        "x-ms-version": "2021-06-08"
      },
      "ResponseBody": null
    },
    {
      "RequestUri": "https://management.azure.com/subscriptions/00000000-0000-0000-0000-000000000/resourceGroups/00000/providers/Microsoft.MachineLearningServices/workspaces/00000/codes/f0648f42-ca3c-4aee-9d9e-f2fe26dc4430/versions/1?api-version=2022-05-01",
      "RequestMethod": "PUT",
      "RequestHeaders": {
        "Accept": "application/json",
        "Accept-Encoding": "gzip, deflate",
        "Connection": "keep-alive",
        "Content-Length": "295",
        "Content-Type": "application/json",
        "User-Agent": "azure-ai-ml/0.0.139 azsdk-python-mgmt-machinelearningservices/0.1.0 Python/3.8.6 (Windows-10-10.0.22000-SP0)"
      },
      "RequestBody": {
        "properties": {
          "properties": {
            "hash_sha256": "0000000000000",
            "hash_version": "0000000000000"
          },
          "isAnonymous": true,
          "isArchived": false,
          "codeUri": "https://sagh4dshas62md4.blob.core.windows.net/azureml-blobstore-a6d5a3b8-8717-4928-b8f7-4c9f36d21085/LocalUpload/00000000000000000000000000000000/python"
        }
      },
      "StatusCode": 200,
      "ResponseHeaders": {
        "Cache-Control": "no-cache",
        "Content-Encoding": "gzip",
        "Content-Type": "application/json; charset=utf-8",
        "Date": "Fri, 16 Sep 2022 19:29:27 GMT",
        "Expires": "-1",
        "Pragma": "no-cache",
        "Request-Context": "appId=cid-v1:17d65b70-e9ce-4ed5-9347-1f660ec782e9",
        "Server-Timing": "traceparent;desc=\u002200-e5e39e08e1f457cc5c8f7e322c7f206a-fe38b86e0fadf18f-01\u0022",
        "Strict-Transport-Security": "max-age=31536000; includeSubDomains",
        "Transfer-Encoding": "chunked",
        "Vary": [
          "Accept-Encoding",
          "Accept-Encoding"
        ],
        "x-aml-cluster": "vienna-eastus2euap-01",
        "X-Content-Type-Options": "nosniff",
        "x-ms-correlation-request-id": "693756ac-800a-4d9e-a616-1f70e3c78e5a",
        "x-ms-ratelimit-remaining-subscription-writes": "1195",
        "x-ms-response-type": "standard",
        "x-ms-routing-request-id": "CANADACENTRAL:20220916T192927Z:693756ac-800a-4d9e-a616-1f70e3c78e5a",
        "x-request-time": "0.098"
      },
      "ResponseBody": {
        "id": "/subscriptions/00000000-0000-0000-0000-000000000/resourceGroups/00000/providers/Microsoft.MachineLearningServices/workspaces/00000/codes/f0648f42-ca3c-4aee-9d9e-f2fe26dc4430/versions/1",
        "name": "1",
        "type": "Microsoft.MachineLearningServices/workspaces/codes/versions",
        "properties": {
          "description": null,
          "tags": {},
          "properties": {
            "hash_sha256": "0000000000000",
            "hash_version": "0000000000000"
          },
          "isArchived": false,
          "isAnonymous": false,
          "codeUri": "https://sagh4dshas62md4.blob.core.windows.net/azureml-blobstore-a6d5a3b8-8717-4928-b8f7-4c9f36d21085/LocalUpload/00000000000000000000000000000000/python"
        },
        "systemData": {
          "createdAt": "2022-09-15T20:46:01.4252338\u002B00:00",
          "createdBy": "Neehar Duvvuri",
          "createdByType": "User",
          "lastModifiedAt": "2022-09-16T19:29:27.5636372\u002B00:00",
          "lastModifiedBy": "Neehar Duvvuri",
          "lastModifiedByType": "User"
        }
      }
    },
    {
      "RequestUri": "https://management.azure.com/subscriptions/00000000-0000-0000-0000-000000000/resourceGroups/00000/providers/Microsoft.MachineLearningServices/workspaces/00000/jobs/test_367547987233?api-version=2022-06-01-preview",
      "RequestMethod": "PUT",
      "RequestHeaders": {
        "Accept": "application/json",
        "Accept-Encoding": "gzip, deflate",
        "Connection": "keep-alive",
        "Content-Length": "1314",
        "Content-Type": "application/json",
        "User-Agent": "azure-ai-ml/0.0.139 azsdk-python-mgmt-machinelearningservices/0.1.0 Python/3.8.6 (Windows-10-10.0.22000-SP0)"
      },
      "RequestBody": {
        "properties": {
          "properties": {},
          "tags": {},
          "computeId": "/subscriptions/00000000-0000-0000-0000-000000000/resourceGroups/00000/providers/Microsoft.MachineLearningServices/workspaces/00000/computes/testCompute",
          "displayName": "test_367547987233",
          "experimentName": "azure-ai-ml",
          "isArchived": false,
          "jobType": "Sweep",
          "inputs": {},
          "limits": {
            "jobLimitsType": "Sweep",
            "timeout": "PT5M",
            "maxConcurrentTrials": 10,
            "maxTotalTrials": 2
          },
          "objective": {
            "goal": "maximize",
            "primaryMetric": "accuracy"
          },
          "outputs": {},
          "samplingAlgorithm": {
            "samplingAlgorithmType": "Random"
          },
          "searchSpace": {
            "lr": [
              "uniform",
              [
                0.001,
                0.1
              ]
            ],
            "conv_size": [
              "choice",
              [
                [
                  2,
                  5,
                  7
                ]
              ]
            ],
            "dropout_rate": [
              "uniform",
              [
                0.1,
                0.5
              ]
            ]
          },
          "trial": {
            "codeId": "/subscriptions/00000000-0000-0000-0000-000000000/resourceGroups/00000/providers/Microsoft.MachineLearningServices/workspaces/00000/codes/f0648f42-ca3c-4aee-9d9e-f2fe26dc4430/versions/1",
            "command": "python ./sweep_script.py --lr ${{search_space.lr}} --conv_size ${{search_space.conv_size}} --dropout_rate ${{search_space.dropout_rate}}",
            "environmentId": "/subscriptions/00000000-0000-0000-0000-000000000/resourceGroups/00000/providers/Microsoft.MachineLearningServices/workspaces/00000/environments/AzureML-sklearn-0.24-ubuntu18.04-py37-cpu/versions/1",
            "environmentVariables": {}
          }
        }
      },
      "StatusCode": 201,
      "ResponseHeaders": {
        "Cache-Control": "no-cache",
        "Content-Length": "8631",
        "Content-Type": "application/json; charset=utf-8",
        "Date": "Fri, 16 Sep 2022 19:29:32 GMT",
        "Expires": "-1",
        "Location": "https://management.azure.com/subscriptions/00000000-0000-0000-0000-000000000/resourceGroups/00000/providers/Microsoft.MachineLearningServices/workspaces/00000/jobs/test_367547987233?api-version=2022-06-01-preview",
        "Pragma": "no-cache",
        "Request-Context": "appId=cid-v1:17d65b70-e9ce-4ed5-9347-1f660ec782e9",
        "Server-Timing": "traceparent;desc=\u002200-7d19cb05d4425e74942169c6cd5738b3-fbf3dcaba5535111-01\u0022",
        "Strict-Transport-Security": "max-age=31536000; includeSubDomains",
        "x-aml-cluster": "vienna-eastus2euap-01",
        "X-Content-Type-Options": "nosniff",
        "x-ms-correlation-request-id": "a9cac50a-4729-4a34-9714-95544b6974e0",
        "x-ms-ratelimit-remaining-subscription-writes": "1194",
        "x-ms-response-type": "standard",
        "x-ms-routing-request-id": "CANADACENTRAL:20220916T192933Z:a9cac50a-4729-4a34-9714-95544b6974e0",
        "x-request-time": "1.990"
      },
      "ResponseBody": {
        "id": "/subscriptions/00000000-0000-0000-0000-000000000/resourceGroups/00000/providers/Microsoft.MachineLearningServices/workspaces/00000/jobs/test_367547987233",
        "name": "test_367547987233",
        "type": "Microsoft.MachineLearningServices/workspaces/jobs",
        "properties": {
          "description": null,
          "tags": {
            "_aml_system_max_concurrent_jobs": "10",
            "_aml_system_max_total_jobs": "2",
            "_aml_system_max_duration_minutes": "5",
            "_aml_system_policy_config": "{\u0022name\u0022:\u0022Default\u0022,\u0022properties\u0022:{}}",
            "_aml_system_generator_config": "{\u0022name\u0022:\u0022RANDOM\u0022,\u0022parameter_space\u0022:{\u0022lr\u0022:[\u0022uniform\u0022,[0.001,0.1]],\u0022conv_size\u0022:[\u0022choice\u0022,[[2,5,7]]],\u0022dropout_rate\u0022:[\u0022uniform\u0022,[0.1,0.5]]},\u0022properties\u0022:{\u0022rule\u0022:\u0022Random\u0022,\u0022seed\u0022:null}}",
            "_aml_system_primary_metric_config": "{\u0022name\u0022:\u0022accuracy\u0022,\u0022goal\u0022:\u0022maximize\u0022}",
            "_aml_system_platform_config": "{\u0022ServiceAddress\u0022:\u0022https://eastus2euap.api.azureml.ms\u0022,\u0022SubscriptionId\u0022:\u002200000000-0000-0000-0000-000000000\u0022,\u0022ResourceGroupName\u0022:\u002200000\u0022,\u0022WorkspaceName\u0022:\u002200000\u0022,\u0022ExperimentName\u0022:\u0022azure-ai-ml\u0022,\u0022Definition\u0022:{\u0022Configuration\u0022:null,\u0022Attribution\u0022:null,\u0022TelemetryValues\u0022:null,\u0022Overrides\u0022:{\u0022Script\u0022:null,\u0022Command\u0022:\u0022python ./sweep_script.py --lr ${{search_space.lr}} --conv_size ${{search_space.conv_size}} --dropout_rate ${{search_space.dropout_rate}}\u0022,\u0022UseAbsolutePath\u0022:true,\u0022Arguments\u0022:[],\u0022SourceDirectoryDataStore\u0022:null,\u0022Framework\u0022:0,\u0022Target\u0022:\u0022testCompute\u0022,\u0022DataReferences\u0022:{},\u0022Data\u0022:{},\u0022OutputData\u0022:{},\u0022Datacaches\u0022:[],\u0022JobName\u0022:null,\u0022MaxRunDurationSeconds\u0022:null,\u0022NodeCount\u0022:1,\u0022InstanceTypes\u0022:[],\u0022Priority\u0022:null,\u0022CredentialPassthrough\u0022:false,\u0022Identity\u0022:null,\u0022Environment\u0022:{\u0022Name\u0022:\u0022AzureML-sklearn-0.24-ubuntu18.04-py37-cpu\u0022,\u0022Version\u0022:\u00221\u0022,\u0022AssetId\u0022:\u0022azureml://registries/CuratedRegistry/environments/AzureML-sklearn-0.24-ubuntu18.04-py37-cpu/versions/1\u0022,\u0022AutoRebuild\u0022:true,\u0022Python\u0022:{\u0022InterpreterPath\u0022:\u0022python\u0022,\u0022UserManagedDependencies\u0022:true,\u0022CondaDependencies\u0022:{\u0022name\u0022:\u0022project_environment\u0022,\u0022dependencies\u0022:[\u0022python=3.6.2\u0022,{\u0022pip\u0022:[\u0022azureml-defaults\u0022]}],\u0022channels\u0022:[\u0022anaconda\u0022,\u0022conda-forge\u0022]},\u0022BaseCondaEnvironment\u0022:null},\u0022EnvironmentVariables\u0022:{\u0022EXAMPLE_ENV_VAR\u0022:\u0022EXAMPLE_VALUE\u0022},\u0022Docker\u0022:{\u0022BaseImage\u0022:null,\u0022Platform\u0022:{\u0022Os\u0022:\u0022Linux\u0022,\u0022Architecture\u0022:\u0022amd64\u0022},\u0022BaseDockerfile\u0022:\u0022FROM mcr.microsoft.com/azureml/openmpi3.1.2-ubuntu18.04:20210701.v1\\n\\nENV AZUREML_CONDA_ENVIRONMENT_PATH /azureml-envs/sklearn-0.24.1\\n\\n# Create conda environment\\nRUN conda create -p $AZUREML_CONDA_ENVIRONMENT_PATH \\\\\\n    python=3.7 pip=20.2.4\\n\\n# Prepend path to AzureML conda environment\\nENV PATH $AZUREML_CONDA_ENVIRONMENT_PATH/bin:$PATH\\n\\n# Install pip dependencies\\nRUN pip install \u0027matplotlib\u003E=3.3,\u003C3.4\u0027 \\\\\\n                \u0027psutil\u003E=5.8,\u003C5.9\u0027 \\\\\\n                \u0027tqdm\u003E=4.59,\u003C4.60\u0027 \\\\\\n                \u0027pandas\u003E=1.1,\u003C1.2\u0027 \\\\\\n                \u0027scipy\u003E=1.5,\u003C1.6\u0027 \\\\\\n                \u0027numpy\u003E=1.10,\u003C1.20\u0027 \\\\\\n                \u0027azureml-core==1.32.0\u0027 \\\\\\n                \u0027azureml-defaults==1.32.0\u0027 \\\\\\n                \u0027azureml-mlflow==1.32.0\u0027 \\\\\\n                \u0027azureml-telemetry==1.32.0\u0027 \\\\\\n                \u0027scikit-learn==0.24.1\u0027\\n\\n# This is needed for mpi to locate libpython\\nENV LD_LIBRARY_PATH $AZUREML_CONDA_ENVIRONMENT_PATH/lib:$LD_LIBRARY_PATH\\n\u0022,\u0022BaseImageRegistry\u0022:{\u0022Address\u0022:null,\u0022Username\u0022:null,\u0022Password\u0022:null},\u0022Enabled\u0022:false,\u0022Arguments\u0022:[]},\u0022Spark\u0022:{\u0022Repositories\u0022:[],\u0022Packages\u0022:[],\u0022PrecachePackages\u0022:true},\u0022InferencingStackVersion\u0022:null},\u0022History\u0022:{\u0022OutputCollection\u0022:true,\u0022DirectoriesToWatch\u0022:[\u0022logs\u0022],\u0022EnableMLflowTracking\u0022:true},\u0022Spark\u0022:{\u0022Configuration\u0022:{}},\u0022ParallelTask\u0022:{\u0022MaxRetriesPerWorker\u0022:0,\u0022WorkerCountPerNode\u0022:1,\u0022TerminalExitCodes\u0022:null,\u0022Configuration\u0022:{}},\u0022BatchAi\u0022:{\u0022NodeCount\u0022:0},\u0022AmlCompute\u0022:{\u0022Name\u0022:null,\u0022VmSize\u0022:null,\u0022RetainCluster\u0022:false,\u0022ClusterMaxNodeCount\u0022:null},\u0022AISuperComputer\u0022:{\u0022InstanceType\u0022:\u0022D2\u0022,\u0022FrameworkImage\u0022:null,\u0022ImageVersion\u0022:\u0022pytorch-1.7.0\u0022,\u0022Location\u0022:null,\u0022AISuperComputerStorageData\u0022:null,\u0022Interactive\u0022:false,\u0022ScalePolicy\u0022:null,\u0022VirtualClusterArmId\u0022:null,\u0022TensorboardLogDirectory\u0022:null,\u0022SSHPublicKey\u0022:null,\u0022SSHPublicKeys\u0022:null,\u0022EnableAzmlInt\u0022:true,\u0022Priority\u0022:\u0022Medium\u0022,\u0022SLATier\u0022:\u0022Standard\u0022,\u0022UserAlias\u0022:null},\u0022KubernetesCompute\u0022:{\u0022InstanceType\u0022:null},\u0022Tensorflow\u0022:{\u0022WorkerCount\u0022:0,\u0022ParameterServerCount\u0022:0},\u0022Mpi\u0022:{\u0022ProcessCountPerNode\u0022:0},\u0022PyTorch\u0022:{\u0022CommunicationBackend\u0022:null,\u0022ProcessCount\u0022:null},\u0022Hdi\u0022:{\u0022YarnDeployMode\u0022:0},\u0022ContainerInstance\u0022:{\u0022Region\u0022:null,\u0022CpuCores\u0022:2.0,\u0022MemoryGb\u0022:3.5},\u0022ExposedPorts\u0022:null,\u0022Docker\u0022:{\u0022UseDocker\u0022:true,\u0022SharedVolumes\u0022:null,\u0022ShmSize\u0022:null,\u0022Arguments\u0022:null},\u0022Cmk8sCompute\u0022:{\u0022Configuration\u0022:{}},\u0022CommandReturnCodeConfig\u0022:{\u0022ReturnCode\u0022:0,\u0022SuccessfulReturnCodes\u0022:[]},\u0022EnvironmentVariables\u0022:{},\u0022ApplicationEndpoints\u0022:{},\u0022Parameters\u0022:[]},\u0022SnapshotId\u0022:\u0022b93cbeb6-925d-4239-b35c-9c6e0a4c6989\u0022,\u0022Snapshots\u0022:[],\u0022SourceCodeDataReference\u0022:null,\u0022ParentRunId\u0022:null,\u0022DataContainerId\u0022:null,\u0022RunType\u0022:null,\u0022DisplayName\u0022:\u0022test_367547987233\u0022,\u0022EnvironmentAssetId\u0022:null,\u0022Properties\u0022:{},\u0022Tags\u0022:{},\u0022AggregatedArtifactPath\u0022:null},\u0022ParentRunId\u0022:\u0022test_367547987233\u0022}",
            "_aml_system_resume_child_runs": "null",
            "_aml_system_all_jobs_generated": "false",
            "_aml_system_cancellation_requested": "false"
          },
          "properties": {
            "primary_metric_config": "{\u0022name\u0022:\u0022accuracy\u0022,\u0022goal\u0022:\u0022maximize\u0022}",
            "resume_from": "null",
            "runTemplate": "HyperDrive",
            "azureml.runsource": "hyperdrive",
            "platform": "AML",
            "ContentSnapshotId": "b93cbeb6-925d-4239-b35c-9c6e0a4c6989",
            "user_agent": "managementfrontend/5a5e09693fe9bff8ae7a2053218e30f2715396e5"
          },
          "displayName": "test_367547987233",
          "status": "Running",
          "experimentName": "azure-ai-ml",
          "services": {
            "Studio": {
              "jobServiceType": "Studio",
              "port": null,
              "endpoint": "https://ml.azure.com/runs/test_367547987233?wsid=/subscriptions/00000000-0000-0000-0000-000000000/resourcegroups/00000/workspaces/00000",
              "status": null,
              "errorMessage": null,
              "properties": null
            }
          },
          "computeId": "/subscriptions/00000000-0000-0000-0000-000000000/resourceGroups/00000/providers/Microsoft.MachineLearningServices/workspaces/00000/computes/testCompute",
          "isArchived": false,
          "identity": null,
          "componentId": null,
          "jobType": "Sweep",
          "searchSpace": {
            "lr": [
              "uniform",
              [
                0.001,
                0.1
              ]
            ],
            "conv_size": [
              "choice",
              [
                [
                  2,
                  5,
                  7
                ]
              ]
            ],
            "dropout_rate": [
              "uniform",
              [
                0.1,
                0.5
              ]
            ]
          },
          "samplingAlgorithm": {
            "samplingAlgorithmType": "Random",
            "seed": null,
            "rule": "Random"
          },
          "limits": {
            "timeout": "PT5M",
            "jobLimitsType": "Sweep",
            "maxTotalTrials": 2,
            "maxConcurrentTrials": 10,
            "trialTimeout": null
          },
          "earlyTermination": null,
          "objective": {
            "primaryMetric": "accuracy",
            "goal": "Maximize"
          },
          "trial": {
            "codeId": "/subscriptions/00000000-0000-0000-0000-000000000/resourceGroups/00000/providers/Microsoft.MachineLearningServices/workspaces/00000/codes/f0648f42-ca3c-4aee-9d9e-f2fe26dc4430/versions/1",
            "command": "python ./sweep_script.py --lr ${{search_space.lr}} --conv_size ${{search_space.conv_size}} --dropout_rate ${{search_space.dropout_rate}}",
            "environmentId": "/subscriptions/00000000-0000-0000-0000-000000000/resourceGroups/00000/providers/Microsoft.MachineLearningServices/workspaces/00000/environments/AzureML-sklearn-0.24-ubuntu18.04-py37-cpu/versions/1",
            "environmentVariables": {},
            "distribution": null,
            "resources": {
              "instanceCount": 1,
              "instanceType": null,
              "properties": null,
              "dockerArgs": null
            }
          },
          "inputs": {},
          "outputs": {
            "default": {
              "description": null,
              "uri": "azureml://datastores/workspaceartifactstore/ExperimentRun/dcid.test_367547987233",
              "mode": "ReadWriteMount",
              "jobOutputType": "uri_folder"
            }
          }
        },
        "systemData": {
          "createdAt": "2022-09-16T19:29:32.8403122\u002B00:00",
          "createdBy": "Neehar Duvvuri",
          "createdByType": "User"
        }
      }
    },
    {
      "RequestUri": "https://management.azure.com/subscriptions/00000000-0000-0000-0000-000000000/resourceGroups/00000/providers/Microsoft.MachineLearningServices/workspaces/00000/jobs/test_367547987233?api-version=2022-06-01-preview",
      "RequestMethod": "GET",
      "RequestHeaders": {
        "Accept": "application/json",
        "Accept-Encoding": "gzip, deflate",
        "Connection": "keep-alive",
        "User-Agent": "azure-ai-ml/0.0.139 azsdk-python-mgmt-machinelearningservices/0.1.0 Python/3.8.6 (Windows-10-10.0.22000-SP0)"
      },
      "RequestBody": null,
      "StatusCode": 200,
      "ResponseHeaders": {
        "Cache-Control": "no-cache",
        "Content-Encoding": "gzip",
        "Content-Type": "application/json; charset=utf-8",
        "Date": "Fri, 16 Sep 2022 19:29:33 GMT",
        "Expires": "-1",
        "Pragma": "no-cache",
        "Request-Context": "appId=cid-v1:17d65b70-e9ce-4ed5-9347-1f660ec782e9",
        "Server-Timing": "traceparent;desc=\u002200-362fc12c09174e1609992b81507f0923-83ec71e7011b254b-01\u0022",
        "Strict-Transport-Security": "max-age=31536000; includeSubDomains",
        "Transfer-Encoding": "chunked",
        "Vary": [
          "Accept-Encoding",
          "Accept-Encoding"
        ],
        "x-aml-cluster": "vienna-eastus2euap-01",
        "X-Content-Type-Options": "nosniff",
        "x-ms-correlation-request-id": "95b5785f-a84a-4875-a2f6-90593b0a2e85",
        "x-ms-ratelimit-remaining-subscription-reads": "11994",
        "x-ms-response-type": "standard",
        "x-ms-routing-request-id": "CANADACENTRAL:20220916T192934Z:95b5785f-a84a-4875-a2f6-90593b0a2e85",
        "x-request-time": "0.067"
      },
      "ResponseBody": {
        "id": "/subscriptions/00000000-0000-0000-0000-000000000/resourceGroups/00000/providers/Microsoft.MachineLearningServices/workspaces/00000/jobs/test_367547987233",
        "name": "test_367547987233",
        "type": "Microsoft.MachineLearningServices/workspaces/jobs",
        "properties": {
          "description": null,
          "tags": {
            "_aml_system_max_concurrent_jobs": "10",
            "_aml_system_max_total_jobs": "2",
            "_aml_system_max_duration_minutes": "5",
            "_aml_system_policy_config": "{\u0022name\u0022:\u0022Default\u0022,\u0022properties\u0022:{}}",
            "_aml_system_generator_config": "{\u0022name\u0022:\u0022RANDOM\u0022,\u0022parameter_space\u0022:{\u0022lr\u0022:[\u0022uniform\u0022,[0.001,0.1]],\u0022conv_size\u0022:[\u0022choice\u0022,[[2,5,7]]],\u0022dropout_rate\u0022:[\u0022uniform\u0022,[0.1,0.5]]},\u0022properties\u0022:{\u0022rule\u0022:\u0022Random\u0022,\u0022seed\u0022:null}}",
            "_aml_system_primary_metric_config": "{\u0022name\u0022:\u0022accuracy\u0022,\u0022goal\u0022:\u0022maximize\u0022}",
            "_aml_system_platform_config": "{\u0022ServiceAddress\u0022:\u0022https://eastus2euap.api.azureml.ms\u0022,\u0022SubscriptionId\u0022:\u002200000000-0000-0000-0000-000000000\u0022,\u0022ResourceGroupName\u0022:\u002200000\u0022,\u0022WorkspaceName\u0022:\u002200000\u0022,\u0022ExperimentName\u0022:\u0022azure-ai-ml\u0022,\u0022Definition\u0022:{\u0022Configuration\u0022:null,\u0022Attribution\u0022:null,\u0022TelemetryValues\u0022:null,\u0022Overrides\u0022:{\u0022Script\u0022:null,\u0022Command\u0022:\u0022python ./sweep_script.py --lr ${{search_space.lr}} --conv_size ${{search_space.conv_size}} --dropout_rate ${{search_space.dropout_rate}}\u0022,\u0022UseAbsolutePath\u0022:true,\u0022Arguments\u0022:[],\u0022SourceDirectoryDataStore\u0022:null,\u0022Framework\u0022:0,\u0022Target\u0022:\u0022testCompute\u0022,\u0022DataReferences\u0022:{},\u0022Data\u0022:{},\u0022OutputData\u0022:{},\u0022Datacaches\u0022:[],\u0022JobName\u0022:null,\u0022MaxRunDurationSeconds\u0022:null,\u0022NodeCount\u0022:1,\u0022InstanceTypes\u0022:[],\u0022Priority\u0022:null,\u0022CredentialPassthrough\u0022:false,\u0022Identity\u0022:null,\u0022Environment\u0022:{\u0022Name\u0022:\u0022AzureML-sklearn-0.24-ubuntu18.04-py37-cpu\u0022,\u0022Version\u0022:\u00221\u0022,\u0022AssetId\u0022:\u0022azureml://registries/CuratedRegistry/environments/AzureML-sklearn-0.24-ubuntu18.04-py37-cpu/versions/1\u0022,\u0022AutoRebuild\u0022:true,\u0022Python\u0022:{\u0022InterpreterPath\u0022:\u0022python\u0022,\u0022UserManagedDependencies\u0022:true,\u0022CondaDependencies\u0022:{\u0022name\u0022:\u0022project_environment\u0022,\u0022dependencies\u0022:[\u0022python=3.6.2\u0022,{\u0022pip\u0022:[\u0022azureml-defaults\u0022]}],\u0022channels\u0022:[\u0022anaconda\u0022,\u0022conda-forge\u0022]},\u0022BaseCondaEnvironment\u0022:null},\u0022EnvironmentVariables\u0022:{\u0022EXAMPLE_ENV_VAR\u0022:\u0022EXAMPLE_VALUE\u0022},\u0022Docker\u0022:{\u0022BaseImage\u0022:null,\u0022Platform\u0022:{\u0022Os\u0022:\u0022Linux\u0022,\u0022Architecture\u0022:\u0022amd64\u0022},\u0022BaseDockerfile\u0022:\u0022FROM mcr.microsoft.com/azureml/openmpi3.1.2-ubuntu18.04:20210701.v1\\n\\nENV AZUREML_CONDA_ENVIRONMENT_PATH /azureml-envs/sklearn-0.24.1\\n\\n# Create conda environment\\nRUN conda create -p $AZUREML_CONDA_ENVIRONMENT_PATH \\\\\\n    python=3.7 pip=20.2.4\\n\\n# Prepend path to AzureML conda environment\\nENV PATH $AZUREML_CONDA_ENVIRONMENT_PATH/bin:$PATH\\n\\n# Install pip dependencies\\nRUN pip install \u0027matplotlib\u003E=3.3,\u003C3.4\u0027 \\\\\\n                \u0027psutil\u003E=5.8,\u003C5.9\u0027 \\\\\\n                \u0027tqdm\u003E=4.59,\u003C4.60\u0027 \\\\\\n                \u0027pandas\u003E=1.1,\u003C1.2\u0027 \\\\\\n                \u0027scipy\u003E=1.5,\u003C1.6\u0027 \\\\\\n                \u0027numpy\u003E=1.10,\u003C1.20\u0027 \\\\\\n                \u0027azureml-core==1.32.0\u0027 \\\\\\n                \u0027azureml-defaults==1.32.0\u0027 \\\\\\n                \u0027azureml-mlflow==1.32.0\u0027 \\\\\\n                \u0027azureml-telemetry==1.32.0\u0027 \\\\\\n                \u0027scikit-learn==0.24.1\u0027\\n\\n# This is needed for mpi to locate libpython\\nENV LD_LIBRARY_PATH $AZUREML_CONDA_ENVIRONMENT_PATH/lib:$LD_LIBRARY_PATH\\n\u0022,\u0022BaseImageRegistry\u0022:{\u0022Address\u0022:null,\u0022Username\u0022:null,\u0022Password\u0022:null},\u0022Enabled\u0022:false,\u0022Arguments\u0022:[]},\u0022Spark\u0022:{\u0022Repositories\u0022:[],\u0022Packages\u0022:[],\u0022PrecachePackages\u0022:true},\u0022InferencingStackVersion\u0022:null},\u0022History\u0022:{\u0022OutputCollection\u0022:true,\u0022DirectoriesToWatch\u0022:[\u0022logs\u0022],\u0022EnableMLflowTracking\u0022:true},\u0022Spark\u0022:{\u0022Configuration\u0022:{}},\u0022ParallelTask\u0022:{\u0022MaxRetriesPerWorker\u0022:0,\u0022WorkerCountPerNode\u0022:1,\u0022TerminalExitCodes\u0022:null,\u0022Configuration\u0022:{}},\u0022BatchAi\u0022:{\u0022NodeCount\u0022:0},\u0022AmlCompute\u0022:{\u0022Name\u0022:null,\u0022VmSize\u0022:null,\u0022RetainCluster\u0022:false,\u0022ClusterMaxNodeCount\u0022:null},\u0022AISuperComputer\u0022:{\u0022InstanceType\u0022:\u0022D2\u0022,\u0022FrameworkImage\u0022:null,\u0022ImageVersion\u0022:\u0022pytorch-1.7.0\u0022,\u0022Location\u0022:null,\u0022AISuperComputerStorageData\u0022:null,\u0022Interactive\u0022:false,\u0022ScalePolicy\u0022:null,\u0022VirtualClusterArmId\u0022:null,\u0022TensorboardLogDirectory\u0022:null,\u0022SSHPublicKey\u0022:null,\u0022SSHPublicKeys\u0022:null,\u0022EnableAzmlInt\u0022:true,\u0022Priority\u0022:\u0022Medium\u0022,\u0022SLATier\u0022:\u0022Standard\u0022,\u0022UserAlias\u0022:null},\u0022KubernetesCompute\u0022:{\u0022InstanceType\u0022:null},\u0022Tensorflow\u0022:{\u0022WorkerCount\u0022:0,\u0022ParameterServerCount\u0022:0},\u0022Mpi\u0022:{\u0022ProcessCountPerNode\u0022:0},\u0022PyTorch\u0022:{\u0022CommunicationBackend\u0022:null,\u0022ProcessCount\u0022:null},\u0022Hdi\u0022:{\u0022YarnDeployMode\u0022:0},\u0022ContainerInstance\u0022:{\u0022Region\u0022:null,\u0022CpuCores\u0022:2.0,\u0022MemoryGb\u0022:3.5},\u0022ExposedPorts\u0022:null,\u0022Docker\u0022:{\u0022UseDocker\u0022:true,\u0022SharedVolumes\u0022:null,\u0022ShmSize\u0022:null,\u0022Arguments\u0022:null},\u0022Cmk8sCompute\u0022:{\u0022Configuration\u0022:{}},\u0022CommandReturnCodeConfig\u0022:{\u0022ReturnCode\u0022:0,\u0022SuccessfulReturnCodes\u0022:[]},\u0022EnvironmentVariables\u0022:{},\u0022ApplicationEndpoints\u0022:{},\u0022Parameters\u0022:[]},\u0022SnapshotId\u0022:\u0022b93cbeb6-925d-4239-b35c-9c6e0a4c6989\u0022,\u0022Snapshots\u0022:[],\u0022SourceCodeDataReference\u0022:null,\u0022ParentRunId\u0022:null,\u0022DataContainerId\u0022:null,\u0022RunType\u0022:null,\u0022DisplayName\u0022:\u0022test_367547987233\u0022,\u0022EnvironmentAssetId\u0022:null,\u0022Properties\u0022:{},\u0022Tags\u0022:{},\u0022AggregatedArtifactPath\u0022:null},\u0022ParentRunId\u0022:\u0022test_367547987233\u0022}",
            "_aml_system_resume_child_runs": "null",
            "_aml_system_all_jobs_generated": "false",
            "_aml_system_cancellation_requested": "false",
            "_aml_system_progress_metadata_evaluation_timestamp": "\u00222022-09-16T19:29:33.483309\u0022",
            "_aml_system_progress_metadata_digest": "\u0022f05c5c09898ea8ef38212fa9f66f744304c0a75123632d996450cf937e4a8dc2\u0022",
            "_aml_system_progress_metadata_active_timestamp": "\u00222022-09-16T19:29:33.483309\u0022"
          },
          "properties": {
            "primary_metric_config": "{\u0022name\u0022:\u0022accuracy\u0022,\u0022goal\u0022:\u0022maximize\u0022}",
            "resume_from": "null",
            "runTemplate": "HyperDrive",
            "azureml.runsource": "hyperdrive",
            "platform": "AML",
            "ContentSnapshotId": "b93cbeb6-925d-4239-b35c-9c6e0a4c6989",
            "user_agent": "managementfrontend/5a5e09693fe9bff8ae7a2053218e30f2715396e5",
            "space_size": "infinite_space_size"
          },
          "displayName": "test_367547987233",
          "status": "Running",
          "experimentName": "azure-ai-ml",
          "services": {
            "Studio": {
              "jobServiceType": "Studio",
              "port": null,
              "endpoint": "https://ml.azure.com/runs/test_367547987233?wsid=/subscriptions/00000000-0000-0000-0000-000000000/resourcegroups/00000/workspaces/00000",
              "status": null,
              "errorMessage": null,
              "properties": null
            }
          },
          "computeId": "/subscriptions/00000000-0000-0000-0000-000000000/resourceGroups/00000/providers/Microsoft.MachineLearningServices/workspaces/00000/computes/testCompute",
          "isArchived": false,
          "identity": null,
          "componentId": null,
          "jobType": "Sweep",
          "searchSpace": {
            "lr": [
              "uniform",
              [
                0.001,
                0.1
              ]
            ],
            "conv_size": [
              "choice",
              [
                [
                  2,
                  5,
                  7
                ]
              ]
            ],
            "dropout_rate": [
              "uniform",
              [
                0.1,
                0.5
              ]
            ]
          },
          "samplingAlgorithm": {
            "samplingAlgorithmType": "Random",
            "seed": null,
            "rule": "Random"
          },
          "limits": {
            "timeout": "PT5M",
            "jobLimitsType": "Sweep",
            "maxTotalTrials": 2,
            "maxConcurrentTrials": 10,
            "trialTimeout": null
          },
          "earlyTermination": null,
          "objective": {
            "primaryMetric": "accuracy",
            "goal": "Maximize"
          },
          "trial": {
            "codeId": "/subscriptions/00000000-0000-0000-0000-000000000/resourceGroups/00000/providers/Microsoft.MachineLearningServices/workspaces/00000/codes/f0648f42-ca3c-4aee-9d9e-f2fe26dc4430/versions/1",
            "command": "python ./sweep_script.py --lr ${{search_space.lr}} --conv_size ${{search_space.conv_size}} --dropout_rate ${{search_space.dropout_rate}}",
            "environmentId": "/subscriptions/00000000-0000-0000-0000-000000000/resourceGroups/00000/providers/Microsoft.MachineLearningServices/workspaces/00000/environments/AzureML-sklearn-0.24-ubuntu18.04-py37-cpu/versions/1",
            "environmentVariables": {},
            "distribution": null,
            "resources": {
              "instanceCount": 1,
              "instanceType": null,
              "properties": null,
              "dockerArgs": null
            }
          },
          "inputs": {},
          "outputs": {
            "default": {
              "description": null,
              "uri": "azureml://datastores/workspaceartifactstore/ExperimentRun/dcid.test_367547987233",
              "mode": "ReadWriteMount",
              "jobOutputType": "uri_folder"
            }
          }
        },
        "systemData": {
          "createdAt": "2022-09-16T19:29:32.8403122\u002B00:00",
          "createdBy": "Neehar Duvvuri",
          "createdByType": "User"
        }
      }
    }
  ],
  "Variables": {
    "job_name": "test_367547987233"
  }
}
