{
  "Entries": [
    {
      "RequestUri": "https://management.azure.com/subscriptions/00000000-0000-0000-0000-000000000/resourceGroups/00000/providers/Microsoft.MachineLearningServices/workspaces/00000/codes/000000000000000000000/versions?api-version=2023-04-01\u0026hash=4e52a86566310f35d5af74fd1150f3fff7cd3d8c689be98febd72151eed53fd7\u0026hashVersion=202208",
      "RequestMethod": "GET",
      "RequestHeaders": {
        "Accept": "application/json",
        "Accept-Encoding": "gzip, deflate",
        "Connection": "keep-alive",
        "User-Agent": "azure-ai-ml/1.6.0 azsdk-python-mgmt-machinelearningservices/0.1.0 Python/3.7.13 (Linux-5.15.90.1-microsoft-standard-WSL2-x86_64-with-debian-bookworm-sid)"
      },
      "RequestBody": null,
      "StatusCode": 200,
      "ResponseHeaders": {
        "Cache-Control": "no-cache",
        "Content-Encoding": "gzip",
        "Content-Type": "application/json; charset=utf-8",
        "Date": "Thu, 20 Apr 2023 23:10:41 GMT",
        "Expires": "-1",
        "Pragma": "no-cache",
        "request-context": "appId=cid-v1:512cc15a-13b5-415b-bfd0-dce7accb6bb1",
        "Server-Timing": "traceparent;desc=\u002200-6268cfe775abd100a5280966d881d4f5-30b5ffefb4e7ef21-01\u0022",
        "Strict-Transport-Security": "max-age=31536000; includeSubDomains",
        "Transfer-Encoding": "chunked",
        "Vary": [
          "Accept-Encoding",
          "Accept-Encoding"
        ],
        "x-aml-cluster": "vienna-test-westus2-01",
        "X-Content-Type-Options": "nosniff",
        "x-ms-correlation-request-id": "86ddc5eb-f521-49a1-9ff1-38133476d3c5",
        "x-ms-ratelimit-remaining-subscription-reads": "11990",
        "x-ms-response-type": "standard",
        "x-ms-routing-request-id": "WESTUS2:20230420T231042Z:86ddc5eb-f521-49a1-9ff1-38133476d3c5",
        "x-request-time": "0.080"
      },
      "ResponseBody": {
        "value": [
          {
            "id": "/subscriptions/00000000-0000-0000-0000-000000000/resourceGroups/00000/providers/Microsoft.MachineLearningServices/workspaces/00000/codes/df23fd1b-d431-4acf-a6bb-01691a26e13f/versions/1",
            "name": "1",
            "type": "Microsoft.MachineLearningServices/workspaces/codes/versions",
            "properties": {
              "description": null,
              "tags": {},
              "properties": {
                "hash_sha256": "4e52a86566310f35d5af74fd1150f3fff7cd3d8c689be98febd72151eed53fd7",
                "hash_version": "202208"
              },
              "isArchived": false,
              "isAnonymous": false,
              "codeUri": "https://sapcy5552emqcc6.blob.core.windows.net:443/2eef7b49-b-33d2ff7a-fdff-55f0-80a9-a32bc5b8c661/python",
              "provisioningState": "Succeeded"
            },
            "systemData": {
              "createdAt": "2023-04-20T18:25:48.0981875\u002B00:00",
              "createdBy": "Diondra Peck",
              "createdByType": "User",
              "lastModifiedAt": "2023-04-20T18:25:48.0981875\u002B00:00",
              "lastModifiedBy": "Diondra Peck",
              "lastModifiedByType": "User"
            }
          }
        ]
      }
    },
    {
      "RequestUri": "https://management.azure.com/subscriptions/00000000-0000-0000-0000-000000000/resourceGroups/00000/providers/Microsoft.MachineLearningServices/workspaces/00000/codes/df23fd1b-d431-4acf-a6bb-01691a26e13f/versions/1?api-version=2023-04-01",
      "RequestMethod": "GET",
      "RequestHeaders": {
        "Accept": "application/json",
        "Accept-Encoding": "gzip, deflate",
        "Connection": "keep-alive",
        "User-Agent": "azure-ai-ml/1.6.0 azsdk-python-mgmt-machinelearningservices/0.1.0 Python/3.7.13 (Linux-5.15.90.1-microsoft-standard-WSL2-x86_64-with-debian-bookworm-sid)"
      },
      "RequestBody": null,
      "StatusCode": 200,
      "ResponseHeaders": {
        "Cache-Control": "no-cache",
        "Content-Encoding": "gzip",
        "Content-Type": "application/json; charset=utf-8",
        "Date": "Thu, 20 Apr 2023 23:10:41 GMT",
        "Expires": "-1",
        "Pragma": "no-cache",
        "request-context": "appId=cid-v1:512cc15a-13b5-415b-bfd0-dce7accb6bb1",
        "Server-Timing": "traceparent;desc=\u002200-81af7fa5c2743f0b590955af0f65b824-e7990a20fd9d83e6-01\u0022",
        "Strict-Transport-Security": "max-age=31536000; includeSubDomains",
        "Transfer-Encoding": "chunked",
        "Vary": [
          "Accept-Encoding",
          "Accept-Encoding"
        ],
        "x-aml-cluster": "vienna-test-westus2-01",
        "X-Content-Type-Options": "nosniff",
        "x-ms-correlation-request-id": "aa7bb807-ab17-47b3-9973-a11d5e0e8a43",
        "x-ms-ratelimit-remaining-subscription-reads": "11989",
        "x-ms-response-type": "standard",
        "x-ms-routing-request-id": "WESTUS2:20230420T231042Z:aa7bb807-ab17-47b3-9973-a11d5e0e8a43",
        "x-request-time": "0.075"
      },
      "ResponseBody": {
        "id": "/subscriptions/00000000-0000-0000-0000-000000000/resourceGroups/00000/providers/Microsoft.MachineLearningServices/workspaces/00000/codes/df23fd1b-d431-4acf-a6bb-01691a26e13f/versions/1",
        "name": "1",
        "type": "Microsoft.MachineLearningServices/workspaces/codes/versions",
        "properties": {
          "description": null,
          "tags": {},
          "properties": {
            "hash_sha256": "0000000000000",
            "hash_version": "0000000000000"
          },
          "isArchived": false,
          "isAnonymous": false,
          "codeUri": "https://sapcy5552emqcc6.blob.core.windows.net:443/2eef7b49-b-33d2ff7a-fdff-55f0-80a9-a32bc5b8c661/python",
          "provisioningState": "Succeeded"
        },
        "systemData": {
          "createdAt": "2023-04-20T18:25:48.0981875\u002B00:00",
          "createdBy": "Diondra Peck",
          "createdByType": "User",
          "lastModifiedAt": "2023-04-20T18:25:48.0981875\u002B00:00",
          "lastModifiedBy": "Diondra Peck",
          "lastModifiedByType": "User"
        }
      }
    },
    {
      "RequestUri": "https://management.azure.com/subscriptions/00000000-0000-0000-0000-000000000/resourceGroups/00000/providers/Microsoft.MachineLearningServices/workspaces/00000/jobs/test_854940316737?api-version=2023-04-01-preview",
      "RequestMethod": "PUT",
      "RequestHeaders": {
        "Accept": "application/json",
        "Accept-Encoding": "gzip, deflate",
        "Connection": "keep-alive",
        "Content-Length": "1169",
        "Content-Type": "application/json",
        "User-Agent": "azure-ai-ml/1.6.0 azsdk-python-mgmt-machinelearningservices/0.1.0 Python/3.7.13 (Linux-5.15.90.1-microsoft-standard-WSL2-x86_64-with-debian-bookworm-sid)"
      },
      "RequestBody": {
        "properties": {
          "properties": {},
          "tags": {},
          "computeId": "/subscriptions/00000000-0000-0000-0000-000000000/resourceGroups/00000/providers/Microsoft.MachineLearningServices/workspaces/00000/computes/testCompute",
          "displayName": "test_854940316737",
          "experimentName": "azure-ai-ml",
          "isArchived": false,
          "jobType": "Sweep",
          "inputs": {},
          "limits": {
            "jobLimitsType": "Sweep",
            "timeout": "PT5M",
            "maxConcurrentTrials": 10,
            "maxTotalTrials": 2
          },
          "objective": {
            "goal": "maximize",
            "primaryMetric": "accuracy"
          },
          "outputs": {},
          "samplingAlgorithm": {
            "samplingAlgorithmType": "Random"
          },
          "searchSpace": {
            "lr": [
              "uniform",
              [
                0.001,
                0.1
              ]
            ],
            "conv_size": [
              "choice",
              [
                [
                  2,
                  5,
                  7
                ]
              ]
            ],
            "dropout_rate": [
              "uniform",
              [
                0.1,
                0.5
              ]
            ]
          },
          "trial": {
            "codeId": "/subscriptions/00000000-0000-0000-0000-000000000/resourceGroups/00000/providers/Microsoft.MachineLearningServices/workspaces/00000/codes/df23fd1b-d431-4acf-a6bb-01691a26e13f/versions/1",
            "command": "python ./sweep_script.py --lr ${{search_space.lr}} --conv_size ${{search_space.conv_size}} --dropout_rate ${{search_space.dropout_rate}}",
            "environmentId": "azureml:AzureML-sklearn-1.0-ubuntu20.04-py38-cpu:33",
            "environmentVariables": {}
          }
        }
      },
      "StatusCode": 201,
      "ResponseHeaders": {
        "Cache-Control": "no-cache",
        "Content-Length": "8872",
        "Content-Type": "application/json; charset=utf-8",
        "Date": "Thu, 20 Apr 2023 23:10:45 GMT",
        "Expires": "-1",
        "Location": "https://management.azure.com/subscriptions/00000000-0000-0000-0000-000000000/resourceGroups/00000/providers/Microsoft.MachineLearningServices/workspaces/00000/jobs/test_854940316737?api-version=2023-04-01-preview",
        "Pragma": "no-cache",
        "request-context": "appId=cid-v1:512cc15a-13b5-415b-bfd0-dce7accb6bb1",
        "Server-Timing": "traceparent;desc=\u002200-e285438bdaae3a60edc302ce13d65f4e-9a545be8c7e662a0-01\u0022",
        "Strict-Transport-Security": "max-age=31536000; includeSubDomains",
        "x-aml-cluster": "vienna-test-westus2-01",
        "X-Content-Type-Options": "nosniff",
        "x-ms-correlation-request-id": "bf16f94b-9f2f-4014-85ae-8cc1b38b0d96",
        "x-ms-ratelimit-remaining-subscription-writes": "1196",
        "x-ms-response-type": "standard",
        "x-ms-routing-request-id": "WESTUS2:20230420T231045Z:bf16f94b-9f2f-4014-85ae-8cc1b38b0d96",
        "x-request-time": "1.395"
      },
      "ResponseBody": {
        "id": "/subscriptions/00000000-0000-0000-0000-000000000/resourceGroups/00000/providers/Microsoft.MachineLearningServices/workspaces/00000/jobs/test_854940316737",
        "name": "test_854940316737",
        "type": "Microsoft.MachineLearningServices/workspaces/jobs",
        "properties": {
          "description": null,
          "tags": {
            "_aml_system_max_concurrent_jobs": "10",
            "_aml_system_max_total_jobs": "2",
            "_aml_system_max_duration_minutes": "5",
            "_aml_system_policy_config": "{\u0022name\u0022:\u0022Default\u0022,\u0022properties\u0022:{}}",
            "_aml_system_generator_config": "{\u0022name\u0022:\u0022RANDOM\u0022,\u0022parameter_space\u0022:{\u0022lr\u0022:[\u0022uniform\u0022,[0.001,0.1]],\u0022conv_size\u0022:[\u0022choice\u0022,[[2,5,7]]],\u0022dropout_rate\u0022:[\u0022uniform\u0022,[0.1,0.5]]},\u0022properties\u0022:{\u0022rule\u0022:\u0022Random\u0022,\u0022logbase\u0022:null,\u0022seed\u0022:null}}",
            "_aml_system_primary_metric_config": "{\u0022name\u0022:\u0022accuracy\u0022,\u0022goal\u0022:\u0022maximize\u0022}",
            "_aml_system_platform_config": "{\u0022ServiceAddress\u0022:\u0022https://master.api.azureml-test.ms\u0022,\u0022SubscriptionId\u0022:\u002200000000-0000-0000-0000-000000000\u0022,\u0022ResourceGroupName\u0022:\u002200000\u0022,\u0022WorkspaceName\u0022:\u002200000\u0022,\u0022ExperimentName\u0022:\u0022azure-ai-ml\u0022,\u0022Definition\u0022:{\u0022Configuration\u0022:null,\u0022Attribution\u0022:null,\u0022TelemetryValues\u0022:null,\u0022Overrides\u0022:{\u0022Script\u0022:null,\u0022Command\u0022:\u0022python ./sweep_script.py --lr ${{search_space.lr}} --conv_size ${{search_space.conv_size}} --dropout_rate ${{search_space.dropout_rate}}\u0022,\u0022UseAbsolutePath\u0022:true,\u0022Arguments\u0022:[],\u0022SourceDirectoryDataStore\u0022:null,\u0022Framework\u0022:0,\u0022Target\u0022:\u0022testCompute\u0022,\u0022DataReferences\u0022:{},\u0022Data\u0022:{},\u0022OutputData\u0022:{},\u0022Datacaches\u0022:[],\u0022JobName\u0022:null,\u0022MaxRunDurationSeconds\u0022:null,\u0022NodeCount\u0022:1,\u0022InstanceTypes\u0022:[],\u0022Priority\u0022:null,\u0022CredentialPassthrough\u0022:false,\u0022Identity\u0022:null,\u0022Environment\u0022:{\u0022Name\u0022:\u0022AzureML-sklearn-1.0-ubuntu20.04-py38-cpu\u0022,\u0022Version\u0022:\u002233\u0022,\u0022AssetId\u0022:\u0022azureml://registries/azureml-dev/environments/AzureML-sklearn-1.0-ubuntu20.04-py38-cpu/versions/33\u0022,\u0022AutoRebuild\u0022:true,\u0022Python\u0022:{\u0022InterpreterPath\u0022:\u0022python\u0022,\u0022UserManagedDependencies\u0022:true,\u0022CondaDependencies\u0022:null,\u0022BaseCondaEnvironment\u0022:null},\u0022EnvironmentVariables\u0022:{\u0022EXAMPLE_ENV_VAR\u0022:\u0022EXAMPLE_VALUE\u0022},\u0022Docker\u0022:{\u0022BaseImage\u0022:null,\u0022Platform\u0022:{\u0022Os\u0022:\u0022Linux\u0022,\u0022Architecture\u0022:\u0022amd64\u0022},\u0022BaseDockerfile\u0022:\u0022FROM mcr.microsoft.com/azureml/openmpi4.1.0-ubuntu20.04:20230103.v1\\n\\nENV AZUREML_CONDA_ENVIRONMENT_PATH /azureml-envs/sklearn-1.0\\n# Create conda environment\\nRUN conda create -p $AZUREML_CONDA_ENVIRONMENT_PATH \\\\\\n    python=3.8 pip=21.3.1 -c anaconda -c conda-forge\\n\\n# Prepend path to AzureML conda environment\\nENV PATH $AZUREML_CONDA_ENVIRONMENT_PATH/bin:$PATH\\n\\n# Install pip dependencies\\nRUN pip install \u0027matplotlib~=3.5.0\u0027 \\\\\\n                \u0027psutil~=5.8.0\u0027 \\\\\\n                \u0027tqdm~=4.62.0\u0027 \\\\\\n                \u0027pandas~=1.3.0\u0027 \\\\\\n                \u0027scipy~=1.7.0\u0027 \\\\\\n                \u0027numpy~=1.21.0\u0027 \\\\\\n                \u0027ipykernel~=6.0\u0027 \\\\\\n                \u0027azureml-core==1.48.0\u0027 \\\\\\n                \u0027azureml-defaults==1.48.0\u0027 \\\\\\n                \u0027azureml-mlflow==1.48.0\u0027 \\\\\\n                \u0027azureml-telemetry==1.48.0\u0027 \\\\\\n                \u0027scikit-learn~=1.0.0\u0027 \\\\\\n                \u0027debugpy~=1.6.3\u0027\\n\\n# This is needed for mpi to locate libpython\\nENV LD_LIBRARY_PATH $AZUREML_CONDA_ENVIRONMENT_PATH/lib:$LD_LIBRARY_PATH\\n\u0022,\u0022BaseImageRegistry\u0022:{\u0022Address\u0022:null,\u0022Username\u0022:null,\u0022Password\u0022:null},\u0022Enabled\u0022:false,\u0022Arguments\u0022:[]},\u0022Spark\u0022:{\u0022Repositories\u0022:[],\u0022Packages\u0022:[],\u0022PrecachePackages\u0022:true},\u0022InferencingStackVersion\u0022:null},\u0022History\u0022:{\u0022OutputCollection\u0022:true,\u0022DirectoriesToWatch\u0022:[\u0022logs\u0022],\u0022EnableMLflowTracking\u0022:true},\u0022Spark\u0022:{\u0022Configuration\u0022:{}},\u0022ParallelTask\u0022:{\u0022MaxRetriesPerWorker\u0022:0,\u0022WorkerCountPerNode\u0022:1,\u0022TerminalExitCodes\u0022:null,\u0022Configuration\u0022:{}},\u0022BatchAi\u0022:{\u0022NodeCount\u0022:0},\u0022AmlCompute\u0022:{\u0022Name\u0022:null,\u0022VmSize\u0022:null,\u0022RetainCluster\u0022:false,\u0022ClusterMaxNodeCount\u0022:null},\u0022AISuperComputer\u0022:{\u0022InstanceType\u0022:\u0022D2\u0022,\u0022FrameworkImage\u0022:null,\u0022ImageVersion\u0022:\u0022pytorch-1.7.0\u0022,\u0022Location\u0022:null,\u0022AISuperComputerStorageData\u0022:null,\u0022Interactive\u0022:false,\u0022ScalePolicy\u0022:null,\u0022VirtualClusterArmId\u0022:null,\u0022TensorboardLogDirectory\u0022:null,\u0022SSHPublicKey\u0022:null,\u0022SSHPublicKeys\u0022:null,\u0022EnableAzmlInt\u0022:true,\u0022Priority\u0022:\u0022Medium\u0022,\u0022SLATier\u0022:\u0022Standard\u0022,\u0022UserAlias\u0022:null},\u0022KubernetesCompute\u0022:{\u0022InstanceType\u0022:null},\u0022Tensorflow\u0022:{\u0022WorkerCount\u0022:0,\u0022ParameterServerCount\u0022:0},\u0022Mpi\u0022:{\u0022ProcessCountPerNode\u0022:0},\u0022PyTorch\u0022:{\u0022CommunicationBackend\u0022:null,\u0022ProcessCount\u0022:null},\u0022Hdi\u0022:{\u0022YarnDeployMode\u0022:0},\u0022ContainerInstance\u0022:{\u0022Region\u0022:null,\u0022CpuCores\u0022:2.0,\u0022MemoryGb\u0022:3.5},\u0022ExposedPorts\u0022:null,\u0022Docker\u0022:{\u0022UseDocker\u0022:true,\u0022SharedVolumes\u0022:null,\u0022ShmSize\u0022:null,\u0022Arguments\u0022:null},\u0022Cmk8sCompute\u0022:{\u0022Configuration\u0022:{}},\u0022CommandReturnCodeConfig\u0022:{\u0022ReturnCode\u0022:0,\u0022SuccessfulReturnCodes\u0022:[]},\u0022EnvironmentVariables\u0022:{},\u0022ApplicationEndpoints\u0022:{},\u0022Parameters\u0022:[]},\u0022SnapshotId\u0022:\u00221391ed05-aaac-4a63-9d9e-65c850ccdf8b\u0022,\u0022Snapshots\u0022:[],\u0022SourceCodeDataReference\u0022:null,\u0022ParentRunId\u0022:null,\u0022DataContainerId\u0022:null,\u0022RunType\u0022:null,\u0022DisplayName\u0022:\u0022test_854940316737\u0022,\u0022EnvironmentAssetId\u0022:null,\u0022Properties\u0022:{},\u0022Tags\u0022:{},\u0022AggregatedArtifactPath\u0022:null},\u0022ParentRunId\u0022:\u0022test_854940316737\u0022}",
            "_aml_system_resume_child_runs": "null",
            "_aml_system_all_jobs_generated": "false",
            "_aml_system_cancellation_requested": "false"
          },
          "properties": {
            "primary_metric_config": "{\u0022name\u0022:\u0022accuracy\u0022,\u0022goal\u0022:\u0022maximize\u0022}",
            "resume_from": "null",
            "runTemplate": "HyperDrive",
            "azureml.runsource": "hyperdrive",
            "platform": "AML",
            "ContentSnapshotId": "1391ed05-aaac-4a63-9d9e-65c850ccdf8b",
            "user_agent": "managementfrontend/291a8673bb67f24170ead198c2469ff7977b5bb0"
          },
          "displayName": "test_854940316737",
          "status": "Running",
          "experimentName": "azure-ai-ml",
          "services": {
            "Studio": {
              "jobServiceType": "Studio",
              "port": null,
              "endpoint": "https://ml.azure.com/runs/test_854940316737?wsid=/subscriptions/00000000-0000-0000-0000-000000000/resourcegroups/00000/workspaces/00000",
              "status": null,
              "errorMessage": null,
              "properties": null,
              "nodes": null
            }
          },
          "computeId": "/subscriptions/00000000-0000-0000-0000-000000000/resourceGroups/00000/providers/Microsoft.MachineLearningServices/workspaces/00000/computes/testCompute",
          "isArchived": false,
          "identity": null,
          "componentId": null,
          "notificationSetting": null,
          "secretsConfiguration": null,
          "jobType": "Sweep",
          "searchSpace": {
            "lr": [
              "uniform",
              [
                0.001,
                0.1
              ]
            ],
            "conv_size": [
              "choice",
              [
                [
                  2,
                  5,
                  7
                ]
              ]
            ],
            "dropout_rate": [
              "uniform",
              [
                0.1,
                0.5
              ]
            ]
          },
          "samplingAlgorithm": {
            "samplingAlgorithmType": "Random",
            "seed": null,
            "logbase": null,
            "rule": "Random"
          },
          "limits": {
            "timeout": "PT5M",
            "jobLimitsType": "Sweep",
            "maxTotalTrials": 2,
            "maxConcurrentTrials": 10,
            "trialTimeout": null
          },
          "earlyTermination": null,
          "objective": {
            "primaryMetric": "accuracy",
            "goal": "Maximize"
          },
          "trial": {
            "codeId": "/subscriptions/00000000-0000-0000-0000-000000000/resourceGroups/00000/providers/Microsoft.MachineLearningServices/workspaces/00000/codes/df23fd1b-d431-4acf-a6bb-01691a26e13f/versions/1",
            "command": "python ./sweep_script.py --lr ${{search_space.lr}} --conv_size ${{search_space.conv_size}} --dropout_rate ${{search_space.dropout_rate}}",
            "environmentId": "/subscriptions/00000000-0000-0000-0000-000000000/resourceGroups/00000/providers/Microsoft.MachineLearningServices/workspaces/00000/environments/AzureML-sklearn-1.0-ubuntu20.04-py38-cpu/versions/33",
            "environmentVariables": {},
            "distribution": null,
            "resources": {
              "instanceCount": 1,
              "maxInstanceCount": null,
              "instanceType": null,
              "locations": null,
              "properties": null,
              "dockerArgs": null
            }
          },
          "inputs": {},
          "outputs": {
            "default": {
              "description": null,
              "uri": "azureml://datastores/workspaceartifactstore/ExperimentRun/dcid.test_854940316737",
              "assetName": null,
              "assetVersion": null,
              "mode": "ReadWriteMount",
              "autoDeleteSetting": null,
              "jobOutputType": "uri_folder"
            }
          },
          "queueSettings": null
        },
        "systemData": {
          "createdAt": "2023-04-20T23:10:45.1673823\u002B00:00",
          "createdBy": "Diondra Peck",
          "createdByType": "User"
        }
      }
    },
    {
      "RequestUri": "https://management.azure.com/subscriptions/00000000-0000-0000-0000-000000000/resourceGroups/00000/providers/Microsoft.MachineLearningServices/workspaces/00000/jobs/test_854940316737?api-version=2023-04-01-preview",
      "RequestMethod": "GET",
      "RequestHeaders": {
        "Accept": "application/json",
        "Accept-Encoding": "gzip, deflate",
        "Connection": "keep-alive",
        "User-Agent": "azure-ai-ml/1.6.0 azsdk-python-mgmt-machinelearningservices/0.1.0 Python/3.7.13 (Linux-5.15.90.1-microsoft-standard-WSL2-x86_64-with-debian-bookworm-sid)"
      },
      "RequestBody": null,
      "StatusCode": 200,
      "ResponseHeaders": {
        "Cache-Control": "no-cache",
        "Content-Encoding": "gzip",
        "Content-Type": "application/json; charset=utf-8",
        "Date": "Thu, 20 Apr 2023 23:13:47 GMT",
        "Expires": "-1",
        "Pragma": "no-cache",
        "request-context": "appId=cid-v1:512cc15a-13b5-415b-bfd0-dce7accb6bb1",
        "Server-Timing": "traceparent;desc=\u002200-160b3066425dad4407873cb8980fdcd2-2686fc641c535566-01\u0022",
        "Strict-Transport-Security": "max-age=31536000; includeSubDomains",
        "Transfer-Encoding": "chunked",
        "Vary": [
          "Accept-Encoding",
          "Accept-Encoding"
        ],
        "x-aml-cluster": "vienna-test-westus2-01",
        "X-Content-Type-Options": "nosniff",
        "x-ms-correlation-request-id": "3bc01c71-8208-46d9-ad77-a57ba6d85210",
        "x-ms-ratelimit-remaining-subscription-reads": "11999",
        "x-ms-response-type": "standard",
        "x-ms-routing-request-id": "WESTUS2:20230420T231347Z:3bc01c71-8208-46d9-ad77-a57ba6d85210",
        "x-request-time": "0.291"
      },
      "ResponseBody": {
        "id": "/subscriptions/00000000-0000-0000-0000-000000000/resourceGroups/00000/providers/Microsoft.MachineLearningServices/workspaces/00000/jobs/test_854940316737",
        "name": "test_854940316737",
        "type": "Microsoft.MachineLearningServices/workspaces/jobs",
        "properties": {
          "description": null,
          "tags": {
            "_aml_system_max_concurrent_jobs": "10",
            "_aml_system_max_total_jobs": "2",
            "_aml_system_max_duration_minutes": "5",
            "_aml_system_policy_config": "{\u0022name\u0022:\u0022Default\u0022,\u0022properties\u0022:{}}",
            "_aml_system_generator_config": "{\u0022name\u0022:\u0022RANDOM\u0022,\u0022parameter_space\u0022:{\u0022lr\u0022:[\u0022uniform\u0022,[0.001,0.1]],\u0022conv_size\u0022:[\u0022choice\u0022,[[2,5,7]]],\u0022dropout_rate\u0022:[\u0022uniform\u0022,[0.1,0.5]]},\u0022properties\u0022:{\u0022rule\u0022:\u0022Random\u0022,\u0022logbase\u0022:null,\u0022seed\u0022:null}}",
            "_aml_system_primary_metric_config": "{\u0022name\u0022:\u0022accuracy\u0022,\u0022goal\u0022:\u0022maximize\u0022}",
            "_aml_system_platform_config": "{\u0022ServiceAddress\u0022:\u0022https://master.api.azureml-test.ms\u0022,\u0022SubscriptionId\u0022:\u002200000000-0000-0000-0000-000000000\u0022,\u0022ResourceGroupName\u0022:\u002200000\u0022,\u0022WorkspaceName\u0022:\u002200000\u0022,\u0022ExperimentName\u0022:\u0022azure-ai-ml\u0022,\u0022Definition\u0022:{\u0022Configuration\u0022:null,\u0022Attribution\u0022:null,\u0022TelemetryValues\u0022:null,\u0022Overrides\u0022:{\u0022Script\u0022:null,\u0022Command\u0022:\u0022python ./sweep_script.py --lr ${{search_space.lr}} --conv_size ${{search_space.conv_size}} --dropout_rate ${{search_space.dropout_rate}}\u0022,\u0022UseAbsolutePath\u0022:true,\u0022Arguments\u0022:[],\u0022SourceDirectoryDataStore\u0022:null,\u0022Framework\u0022:0,\u0022Target\u0022:\u0022testCompute\u0022,\u0022DataReferences\u0022:{},\u0022Data\u0022:{},\u0022OutputData\u0022:{},\u0022Datacaches\u0022:[],\u0022JobName\u0022:null,\u0022MaxRunDurationSeconds\u0022:null,\u0022NodeCount\u0022:1,\u0022InstanceTypes\u0022:[],\u0022Priority\u0022:null,\u0022CredentialPassthrough\u0022:false,\u0022Identity\u0022:null,\u0022Environment\u0022:{\u0022Name\u0022:\u0022AzureML-sklearn-1.0-ubuntu20.04-py38-cpu\u0022,\u0022Version\u0022:\u002233\u0022,\u0022AssetId\u0022:\u0022azureml://registries/azureml-dev/environments/AzureML-sklearn-1.0-ubuntu20.04-py38-cpu/versions/33\u0022,\u0022AutoRebuild\u0022:true,\u0022Python\u0022:{\u0022InterpreterPath\u0022:\u0022python\u0022,\u0022UserManagedDependencies\u0022:true,\u0022CondaDependencies\u0022:null,\u0022BaseCondaEnvironment\u0022:null},\u0022EnvironmentVariables\u0022:{\u0022EXAMPLE_ENV_VAR\u0022:\u0022EXAMPLE_VALUE\u0022},\u0022Docker\u0022:{\u0022BaseImage\u0022:null,\u0022Platform\u0022:{\u0022Os\u0022:\u0022Linux\u0022,\u0022Architecture\u0022:\u0022amd64\u0022},\u0022BaseDockerfile\u0022:\u0022FROM mcr.microsoft.com/azureml/openmpi4.1.0-ubuntu20.04:20230103.v1\\n\\nENV AZUREML_CONDA_ENVIRONMENT_PATH /azureml-envs/sklearn-1.0\\n# Create conda environment\\nRUN conda create -p $AZUREML_CONDA_ENVIRONMENT_PATH \\\\\\n    python=3.8 pip=21.3.1 -c anaconda -c conda-forge\\n\\n# Prepend path to AzureML conda environment\\nENV PATH $AZUREML_CONDA_ENVIRONMENT_PATH/bin:$PATH\\n\\n# Install pip dependencies\\nRUN pip install \u0027matplotlib~=3.5.0\u0027 \\\\\\n                \u0027psutil~=5.8.0\u0027 \\\\\\n                \u0027tqdm~=4.62.0\u0027 \\\\\\n                \u0027pandas~=1.3.0\u0027 \\\\\\n                \u0027scipy~=1.7.0\u0027 \\\\\\n                \u0027numpy~=1.21.0\u0027 \\\\\\n                \u0027ipykernel~=6.0\u0027 \\\\\\n                \u0027azureml-core==1.48.0\u0027 \\\\\\n                \u0027azureml-defaults==1.48.0\u0027 \\\\\\n                \u0027azureml-mlflow==1.48.0\u0027 \\\\\\n                \u0027azureml-telemetry==1.48.0\u0027 \\\\\\n                \u0027scikit-learn~=1.0.0\u0027 \\\\\\n                \u0027debugpy~=1.6.3\u0027\\n\\n# This is needed for mpi to locate libpython\\nENV LD_LIBRARY_PATH $AZUREML_CONDA_ENVIRONMENT_PATH/lib:$LD_LIBRARY_PATH\\n\u0022,\u0022BaseImageRegistry\u0022:{\u0022Address\u0022:null,\u0022Username\u0022:null,\u0022Password\u0022:null},\u0022Enabled\u0022:false,\u0022Arguments\u0022:[]},\u0022Spark\u0022:{\u0022Repositories\u0022:[],\u0022Packages\u0022:[],\u0022PrecachePackages\u0022:true},\u0022InferencingStackVersion\u0022:null},\u0022History\u0022:{\u0022OutputCollection\u0022:true,\u0022DirectoriesToWatch\u0022:[\u0022logs\u0022],\u0022EnableMLflowTracking\u0022:true},\u0022Spark\u0022:{\u0022Configuration\u0022:{}},\u0022ParallelTask\u0022:{\u0022MaxRetriesPerWorker\u0022:0,\u0022WorkerCountPerNode\u0022:1,\u0022TerminalExitCodes\u0022:null,\u0022Configuration\u0022:{}},\u0022BatchAi\u0022:{\u0022NodeCount\u0022:0},\u0022AmlCompute\u0022:{\u0022Name\u0022:null,\u0022VmSize\u0022:null,\u0022RetainCluster\u0022:false,\u0022ClusterMaxNodeCount\u0022:null},\u0022AISuperComputer\u0022:{\u0022InstanceType\u0022:\u0022D2\u0022,\u0022FrameworkImage\u0022:null,\u0022ImageVersion\u0022:\u0022pytorch-1.7.0\u0022,\u0022Location\u0022:null,\u0022AISuperComputerStorageData\u0022:null,\u0022Interactive\u0022:false,\u0022ScalePolicy\u0022:null,\u0022VirtualClusterArmId\u0022:null,\u0022TensorboardLogDirectory\u0022:null,\u0022SSHPublicKey\u0022:null,\u0022SSHPublicKeys\u0022:null,\u0022EnableAzmlInt\u0022:true,\u0022Priority\u0022:\u0022Medium\u0022,\u0022SLATier\u0022:\u0022Standard\u0022,\u0022UserAlias\u0022:null},\u0022KubernetesCompute\u0022:{\u0022InstanceType\u0022:null},\u0022Tensorflow\u0022:{\u0022WorkerCount\u0022:0,\u0022ParameterServerCount\u0022:0},\u0022Mpi\u0022:{\u0022ProcessCountPerNode\u0022:0},\u0022PyTorch\u0022:{\u0022CommunicationBackend\u0022:null,\u0022ProcessCount\u0022:null},\u0022Hdi\u0022:{\u0022YarnDeployMode\u0022:0},\u0022ContainerInstance\u0022:{\u0022Region\u0022:null,\u0022CpuCores\u0022:2.0,\u0022MemoryGb\u0022:3.5},\u0022ExposedPorts\u0022:null,\u0022Docker\u0022:{\u0022UseDocker\u0022:true,\u0022SharedVolumes\u0022:null,\u0022ShmSize\u0022:null,\u0022Arguments\u0022:null},\u0022Cmk8sCompute\u0022:{\u0022Configuration\u0022:{}},\u0022CommandReturnCodeConfig\u0022:{\u0022ReturnCode\u0022:0,\u0022SuccessfulReturnCodes\u0022:[]},\u0022EnvironmentVariables\u0022:{},\u0022ApplicationEndpoints\u0022:{},\u0022Parameters\u0022:[]},\u0022SnapshotId\u0022:\u00221391ed05-aaac-4a63-9d9e-65c850ccdf8b\u0022,\u0022Snapshots\u0022:[],\u0022SourceCodeDataReference\u0022:null,\u0022ParentRunId\u0022:null,\u0022DataContainerId\u0022:null,\u0022RunType\u0022:null,\u0022DisplayName\u0022:\u0022test_854940316737\u0022,\u0022EnvironmentAssetId\u0022:null,\u0022Properties\u0022:{},\u0022Tags\u0022:{},\u0022AggregatedArtifactPath\u0022:null},\u0022ParentRunId\u0022:\u0022test_854940316737\u0022}",
            "_aml_system_resume_child_runs": "null",
            "_aml_system_all_jobs_generated": "true",
            "_aml_system_cancellation_requested": "false",
            "_aml_system_progress_metadata_evaluation_timestamp": "\u00222023-04-20T23:11:15.221036\u0022",
            "_aml_system_progress_metadata_digest": "\u0022ec1db03fef284b73d002917d15eb0912dbde6699b37bc21029baab28ea7a78b6\u0022",
            "_aml_system_progress_metadata_active_timestamp": "\u00222023-04-20T23:11:15.221036\u0022",
            "_aml_system_optimizer_state_artifact": "null",
            "_aml_system_outdated_optimizer_state_artifacts": "\u0022[]\u0022",
            "_aml_system_test_854940316737_0": "{\u0022conv_size\u0022: 7, \u0022dropout_rate\u0022: 0.37096820448110557, \u0022lr\u0022: 0.06367460057470797}",
            "_aml_system_test_854940316737_1": "{\u0022conv_size\u0022: 2, \u0022dropout_rate\u0022: 0.2150539599712202, \u0022lr\u0022: 0.050043194120437805}"
          },
          "properties": {
            "primary_metric_config": "{\u0022name\u0022:\u0022accuracy\u0022,\u0022goal\u0022:\u0022maximize\u0022}",
            "resume_from": "null",
            "runTemplate": "HyperDrive",
            "azureml.runsource": "hyperdrive",
            "platform": "AML",
            "ContentSnapshotId": "1391ed05-aaac-4a63-9d9e-65c850ccdf8b",
            "user_agent": "managementfrontend/291a8673bb67f24170ead198c2469ff7977b5bb0",
            "space_size": "infinite_space_size"
          },
          "displayName": "test_854940316737",
          "status": "Running",
          "experimentName": "azure-ai-ml",
          "services": {
            "Studio": {
              "jobServiceType": "Studio",
              "port": null,
              "endpoint": "https://ml.azure.com/runs/test_854940316737?wsid=/subscriptions/00000000-0000-0000-0000-000000000/resourcegroups/00000/workspaces/00000",
              "status": null,
              "errorMessage": null,
              "properties": null,
              "nodes": null
            }
          },
          "computeId": "/subscriptions/00000000-0000-0000-0000-000000000/resourceGroups/00000/providers/Microsoft.MachineLearningServices/workspaces/00000/computes/testCompute",
          "isArchived": false,
          "identity": null,
          "componentId": null,
          "notificationSetting": null,
          "secretsConfiguration": null,
          "jobType": "Sweep",
          "searchSpace": {
            "lr": [
              "uniform",
              [
                0.001,
                0.1
              ]
            ],
            "conv_size": [
              "choice",
              [
                [
                  2,
                  5,
                  7
                ]
              ]
            ],
            "dropout_rate": [
              "uniform",
              [
                0.1,
                0.5
              ]
            ]
          },
          "samplingAlgorithm": {
            "samplingAlgorithmType": "Random",
            "seed": null,
            "logbase": null,
            "rule": "Random"
          },
          "limits": {
            "timeout": "PT5M",
            "jobLimitsType": "Sweep",
            "maxTotalTrials": 2,
            "maxConcurrentTrials": 10,
            "trialTimeout": null
          },
          "earlyTermination": null,
          "objective": {
            "primaryMetric": "accuracy",
            "goal": "Maximize"
          },
          "trial": {
            "codeId": "/subscriptions/00000000-0000-0000-0000-000000000/resourceGroups/00000/providers/Microsoft.MachineLearningServices/workspaces/00000/codes/df23fd1b-d431-4acf-a6bb-01691a26e13f/versions/1",
            "command": "python ./sweep_script.py --lr ${{search_space.lr}} --conv_size ${{search_space.conv_size}} --dropout_rate ${{search_space.dropout_rate}}",
            "environmentId": "/subscriptions/00000000-0000-0000-0000-000000000/resourceGroups/00000/providers/Microsoft.MachineLearningServices/workspaces/00000/environments/AzureML-sklearn-1.0-ubuntu20.04-py38-cpu/versions/33",
            "environmentVariables": {},
            "distribution": null,
            "resources": {
              "instanceCount": 1,
              "maxInstanceCount": null,
              "instanceType": null,
              "locations": null,
              "properties": null,
              "dockerArgs": null
            }
          },
          "inputs": {},
          "outputs": {
            "default": {
              "description": null,
              "uri": "azureml://datastores/workspaceartifactstore/ExperimentRun/dcid.test_854940316737",
              "assetName": null,
              "assetVersion": null,
              "mode": "ReadWriteMount",
              "autoDeleteSetting": null,
              "jobOutputType": "uri_folder"
            }
          },
          "queueSettings": null
        },
        "systemData": {
          "createdAt": "2023-04-20T23:10:45.1673823\u002B00:00",
          "createdBy": "Diondra Peck",
          "createdByType": "User"
        }
      }
    }
  ],
  "Variables": {
    "job_name": "test_854940316737"
  }
}
