{
  "Entries": [
    {
      "RequestUri": "https://management.azure.com/subscriptions/00000000-0000-0000-0000-000000000/resourceGroups/00000/providers/Microsoft.MachineLearningServices/workspaces/00000/datastores/workspaceblobstore?api-version=2022-05-01",
      "RequestMethod": "GET",
      "RequestHeaders": {
        "Accept": "application/json",
        "Accept-Encoding": "gzip, deflate",
        "Connection": "keep-alive",
        "User-Agent": "azure-ai-ml/1.1.0 azsdk-python-mgmt-machinelearningservices/0.1.0 Python/3.9.10 (Windows-10-10.0.22621-SP0)"
      },
      "RequestBody": null,
      "StatusCode": 200,
      "ResponseHeaders": {
        "Cache-Control": "no-cache",
        "Content-Encoding": "gzip",
        "Content-Type": "application/json; charset=utf-8",
        "Date": "Mon, 24 Oct 2022 13:52:11 GMT",
        "Expires": "-1",
        "Pragma": "no-cache",
        "Request-Context": "appId=cid-v1:512cc15a-13b5-415b-bfd0-dce7accb6bb1",
        "Server-Timing": "traceparent;desc=\u002200-df180efe1431986f3892831fd92bb1c0-27a4f9e810425c48-00\u0022",
        "Strict-Transport-Security": "max-age=31536000; includeSubDomains",
        "Transfer-Encoding": "chunked",
        "Vary": [
          "Accept-Encoding",
          "Accept-Encoding"
        ],
        "x-aml-cluster": "vienna-test-westus2-02",
        "X-Content-Type-Options": "nosniff",
        "x-ms-correlation-request-id": "e6973b8c-0346-4ed9-81f0-ad4ef5de1bd0",
        "x-ms-ratelimit-remaining-subscription-reads": "11965",
        "x-ms-response-type": "standard",
        "x-ms-routing-request-id": "JAPANEAST:20221024T135212Z:e6973b8c-0346-4ed9-81f0-ad4ef5de1bd0",
        "x-request-time": "0.085"
      },
      "ResponseBody": {
        "id": "/subscriptions/00000000-0000-0000-0000-000000000/resourceGroups/00000/providers/Microsoft.MachineLearningServices/workspaces/00000/datastores/workspaceblobstore",
        "name": "workspaceblobstore",
        "type": "Microsoft.MachineLearningServices/workspaces/datastores",
        "properties": {
          "description": null,
          "tags": null,
          "properties": null,
          "isDefault": true,
          "credentials": {
            "credentialsType": "AccountKey"
          },
          "datastoreType": "AzureBlob",
          "accountName": "sagvgsoim6nmhbq",
          "containerName": "azureml-blobstore-e61cd5e2-512f-475e-9842-5e2a973993b8",
          "endpoint": "core.windows.net",
          "protocol": "https",
          "serviceDataAccessAuthIdentity": "WorkspaceSystemAssignedIdentity"
        },
        "systemData": {
          "createdAt": "2022-09-22T09:02:03.2629568\u002B00:00",
          "createdBy": "779301c0-18b2-4cdc-801b-a0a3368fee0a",
          "createdByType": "Application",
          "lastModifiedAt": "2022-09-22T09:02:04.166989\u002B00:00",
          "lastModifiedBy": "779301c0-18b2-4cdc-801b-a0a3368fee0a",
          "lastModifiedByType": "Application"
        }
      }
    },
    {
      "RequestUri": "https://management.azure.com/subscriptions/00000000-0000-0000-0000-000000000/resourceGroups/00000/providers/Microsoft.MachineLearningServices/workspaces/00000/datastores/workspaceblobstore/listSecrets?api-version=2022-05-01",
      "RequestMethod": "POST",
      "RequestHeaders": {
        "Accept": "application/json",
        "Accept-Encoding": "gzip, deflate",
        "Connection": "keep-alive",
        "Content-Length": "0",
        "User-Agent": "azure-ai-ml/1.1.0 azsdk-python-mgmt-machinelearningservices/0.1.0 Python/3.9.10 (Windows-10-10.0.22621-SP0)"
      },
      "RequestBody": null,
      "StatusCode": 200,
      "ResponseHeaders": {
        "Cache-Control": "no-cache",
        "Content-Encoding": "gzip",
        "Content-Type": "application/json; charset=utf-8",
        "Date": "Mon, 24 Oct 2022 13:52:11 GMT",
        "Expires": "-1",
        "Pragma": "no-cache",
        "Request-Context": "appId=cid-v1:512cc15a-13b5-415b-bfd0-dce7accb6bb1",
        "Server-Timing": "traceparent;desc=\u002200-4f8f2575ddaf01e2871330d52d141c06-96faca162507208c-00\u0022",
        "Strict-Transport-Security": "max-age=31536000; includeSubDomains",
        "Transfer-Encoding": "chunked",
        "Vary": "Accept-Encoding",
        "x-aml-cluster": "vienna-test-westus2-02",
        "X-Content-Type-Options": "nosniff",
        "x-ms-correlation-request-id": "9d5d7a4e-0b05-410f-b6da-1b9ab248525c",
        "x-ms-ratelimit-remaining-subscription-writes": "1182",
        "x-ms-response-type": "standard",
        "x-ms-routing-request-id": "JAPANEAST:20221024T135212Z:9d5d7a4e-0b05-410f-b6da-1b9ab248525c",
        "x-request-time": "0.090"
      },
      "ResponseBody": {
        "secretsType": "AccountKey",
        "key": "dGhpcyBpcyBmYWtlIGtleQ=="
      }
    },
    {
      "RequestUri": "https://sagvgsoim6nmhbq.blob.core.windows.net/azureml-blobstore-e61cd5e2-512f-475e-9842-5e2a973993b8/LocalUpload/000000000000000000000000000000000000/ae365exepool-component/component_spec.yaml",
      "RequestMethod": "HEAD",
      "RequestHeaders": {
        "Accept": "application/xml",
        "Accept-Encoding": "gzip, deflate",
        "Connection": "keep-alive",
        "User-Agent": "azsdk-python-storage-blob/12.14.0 Python/3.9.10 (Windows-10-10.0.22621-SP0)",
        "x-ms-date": "Mon, 24 Oct 2022 13:52:12 GMT",
        "x-ms-version": "2021-08-06"
      },
      "RequestBody": null,
      "StatusCode": 200,
      "ResponseHeaders": {
        "Accept-Ranges": "bytes",
        "Content-Length": "2942",
        "Content-MD5": "NGgo7S55l6/n2jlmYPW0OQ==",
        "Content-Type": "application/octet-stream",
        "Date": "Mon, 24 Oct 2022 13:52:12 GMT",
        "ETag": "\u00220x8DAB5ADEAB2A7B8\u0022",
        "Last-Modified": "Mon, 24 Oct 2022 10:52:59 GMT",
        "Server": [
          "Windows-Azure-Blob/1.0",
          "Microsoft-HTTPAPI/2.0"
        ],
        "Vary": "Origin",
        "x-ms-access-tier": "Hot",
        "x-ms-access-tier-inferred": "true",
        "x-ms-blob-type": "BlockBlob",
        "x-ms-creation-time": "Mon, 24 Oct 2022 10:52:59 GMT",
        "x-ms-lease-state": "available",
        "x-ms-lease-status": "unlocked",
        "x-ms-meta-name": "d43326e1-8e93-ea60-9fb2-ebae4ed9e000",
        "x-ms-meta-upload_status": "completed",
        "x-ms-meta-version": "1",
        "x-ms-server-encrypted": "true",
        "x-ms-version": "2021-08-06"
      },
      "ResponseBody": null
    },
    {
      "RequestUri": "https://sagvgsoim6nmhbq.blob.core.windows.net/azureml-blobstore-e61cd5e2-512f-475e-9842-5e2a973993b8/az-ml-artifacts/000000000000000000000000000000000000/ae365exepool-component/component_spec.yaml",
      "RequestMethod": "HEAD",
      "RequestHeaders": {
        "Accept": "application/xml",
        "Accept-Encoding": "gzip, deflate",
        "Connection": "keep-alive",
        "User-Agent": "azsdk-python-storage-blob/12.14.0 Python/3.9.10 (Windows-10-10.0.22621-SP0)",
        "x-ms-date": "Mon, 24 Oct 2022 13:52:12 GMT",
        "x-ms-version": "2021-08-06"
      },
      "RequestBody": null,
      "StatusCode": 404,
      "ResponseHeaders": {
        "Date": "Mon, 24 Oct 2022 13:52:12 GMT",
        "Server": [
          "Windows-Azure-Blob/1.0",
          "Microsoft-HTTPAPI/2.0"
        ],
        "Transfer-Encoding": "chunked",
        "Vary": "Origin",
        "x-ms-error-code": "BlobNotFound",
        "x-ms-version": "2021-08-06"
      },
      "ResponseBody": null
    },
    {
      "RequestUri": "https://management.azure.com/subscriptions/00000000-0000-0000-0000-000000000/resourceGroups/00000/providers/Microsoft.MachineLearningServices/workspaces/00000/codes/d43326e1-8e93-ea60-9fb2-ebae4ed9e000/versions/1?api-version=2022-05-01",
      "RequestMethod": "PUT",
      "RequestHeaders": {
        "Accept": "application/json",
        "Accept-Encoding": "gzip, deflate",
        "Connection": "keep-alive",
        "Content-Length": "315",
        "Content-Type": "application/json",
        "User-Agent": "azure-ai-ml/1.1.0 azsdk-python-mgmt-machinelearningservices/0.1.0 Python/3.9.10 (Windows-10-10.0.22621-SP0)"
      },
      "RequestBody": {
        "properties": {
          "properties": {
            "hash_sha256": "0000000000000",
            "hash_version": "0000000000000"
          },
          "isAnonymous": true,
          "isArchived": false,
          "codeUri": "https://sagvgsoim6nmhbq.blob.core.windows.net/azureml-blobstore-e61cd5e2-512f-475e-9842-5e2a973993b8/LocalUpload/000000000000000000000000000000000000/ae365exepool-component"
        }
      },
      "StatusCode": 200,
      "ResponseHeaders": {
        "Cache-Control": "no-cache",
        "Content-Encoding": "gzip",
        "Content-Type": "application/json; charset=utf-8",
        "Date": "Mon, 24 Oct 2022 13:52:23 GMT",
        "Expires": "-1",
        "Pragma": "no-cache",
        "Request-Context": "appId=cid-v1:512cc15a-13b5-415b-bfd0-dce7accb6bb1",
        "Server-Timing": "traceparent;desc=\u002200-6ec2077ff17305022bb7f15fa0f32e5c-7cf520d5b1f70185-01\u0022",
        "Strict-Transport-Security": "max-age=31536000; includeSubDomains",
        "Transfer-Encoding": "chunked",
        "Vary": [
          "Accept-Encoding",
          "Accept-Encoding"
        ],
        "x-aml-cluster": "vienna-test-westus2-02",
        "X-Content-Type-Options": "nosniff",
        "x-ms-correlation-request-id": "977cabef-c7a6-4c3a-9533-662d77667210",
        "x-ms-ratelimit-remaining-subscription-writes": "1165",
        "x-ms-response-type": "standard",
        "x-ms-routing-request-id": "JAPANEAST:20221024T135224Z:977cabef-c7a6-4c3a-9533-662d77667210",
        "x-request-time": "11.370"
      },
      "ResponseBody": {
        "id": "/subscriptions/00000000-0000-0000-0000-000000000/resourceGroups/00000/providers/Microsoft.MachineLearningServices/workspaces/00000/codes/d43326e1-8e93-ea60-9fb2-ebae4ed9e000/versions/1",
        "name": "1",
        "type": "Microsoft.MachineLearningServices/workspaces/codes/versions",
        "properties": {
          "description": null,
          "tags": {},
          "properties": {
            "hash_sha256": "0000000000000",
            "hash_version": "0000000000000"
          },
          "isArchived": false,
          "isAnonymous": false,
          "codeUri": "https://sagvgsoim6nmhbq.blob.core.windows.net/azureml-blobstore-e61cd5e2-512f-475e-9842-5e2a973993b8/LocalUpload/000000000000000000000000000000000000/ae365exepool-component"
        },
        "systemData": {
          "createdAt": "2022-10-24T10:53:00.430058\u002B00:00",
          "createdBy": "Xingzhi Zhang",
          "createdByType": "User",
          "lastModifiedAt": "2022-10-24T13:52:24.4715795\u002B00:00",
          "lastModifiedBy": "Xingzhi Zhang",
          "lastModifiedByType": "User"
        }
      }
    },
    {
      "RequestUri": "https://management.azure.com/subscriptions/00000000-0000-0000-0000-000000000/resourceGroups/00000/providers/Microsoft.MachineLearningServices/workspaces/00000/components/test_127538660956/versions/0.0.1?api-version=2022-05-01",
      "RequestMethod": "PUT",
      "RequestHeaders": {
        "Accept": "application/json",
        "Accept-Encoding": "gzip, deflate",
        "Connection": "keep-alive",
        "Content-Length": "3431",
        "Content-Type": "application/json",
        "User-Agent": "azure-ai-ml/1.1.0 azsdk-python-mgmt-machinelearningservices/0.1.0 Python/3.9.10 (Windows-10-10.0.22621-SP0)"
      },
      "RequestBody": {
        "properties": {
          "description": "Use this auto-approved module to download data on EyesOn machine and interact with it for Compliant Annotation purpose.",
          "properties": {},
          "tags": {
            "category": "Component Tutorial",
            "contact": "amldesigner@microsoft.com"
          },
          "isAnonymous": false,
          "isArchived": false,
          "componentSpec": {
            "name": "test_127538660956",
            "description": "Use this auto-approved module to download data on EyesOn machine and interact with it for Compliant Annotation purpose.",
            "tags": {
              "category": "Component Tutorial",
              "contact": "amldesigner@microsoft.com"
            },
            "version": "0.0.1",
            "$schema": "https://componentsdk.azureedge.net/jsonschema/AE365ExePoolComponent.json",
            "display_name": "CAX EyesOn Module [ND] v1.6",
            "inputs": {
              "ComplianceCluster": {
                "type": "string",
                "default": "MsResearch-EyesOn-Annotation",
                "description": "compliance cluster name"
              },
              "HeronId": {
                "type": "string",
                "default": "",
                "description": "Heron ID"
              },
              "localoutputfolderEnc": {
                "type": "string",
                "optional": true,
                "default": "",
                "description": "local output folder for encrypted data"
              },
              "localoutputfolderDec": {
                "type": "string",
                "optional": true,
                "default": "",
                "description": "local output folder for decrypted data"
              },
              "TimeoutSeconds": {
                "type": "integer",
                "optional": true,
                "default": 500000,
                "description": "timeout in seconds"
              },
              "hitappid": {
                "type": "integer",
                "optional": true,
                "default": 31346,
                "description": "hitapp id"
              },
              "projectname": {
                "type": "string",
                "optional": true,
                "default": "LatestE2Etemplate",
                "description": "project name"
              },
              "judges": {
                "type": "string",
                "optional": true,
                "default": "juwang;bradwall",
                "description": "judges"
              },
              "annotationsMayIncludeCustomerContent": {
                "type": "string",
                "optional": true,
                "default": "1",
                "description": "annotations may include customer content"
              },
              "TaskGroupId": {
                "type": "integer",
                "optional": true,
                "default": 86891,
                "description": "task group id"
              },
              "GoldHitRTADataType": {
                "type": "enum",
                "optional": true,
                "default": "",
                "description": "gold hit rta data type",
                "enum": [
                  "Gold",
                  "RTA",
                  "Qualification",
                  "Preview"
                ]
              },
              "taskFileTimestamp": {
                "type": "string",
                "optional": true,
                "default": "2021.12.21.23.55.00",
                "description": "task file timestamp"
              },
              "DataToLookAt": {
                "type": "AnyFile"
              },
              "GoldHitRTAData": {
                "type": "AnyFile",
                "optional": true
              }
            },
            "outputs": {
              "outputfolderEnc": {
                "type": "AnyDirectory"
              },
              "outputfolderDec": {
                "type": "AnyDirectory"
              },
              "OriginalHitData": {
                "type": "AnyDirectory"
              }
            },
            "type": "AE365ExePoolComponent",
            "code": "azureml:/subscriptions/00000000-0000-0000-0000-000000000/resourceGroups/00000/providers/Microsoft.MachineLearningServices/workspaces/00000/codes/d43326e1-8e93-ea60-9fb2-ebae4ed9e000/versions/1",
            "command": "cax.eyesonmodule.exe input={inputs.DataToLookAt} inputGoldHitRta=[{inputs.GoldHitRTAData}] localoutputfolderEnc=[{inputs.localoutputfolderEnc}] localoutputfolderDec=[{inputs.localoutputfolderDec}] timeoutSeconds=[{inputs.TimeoutSeconds}] hitappid=[{inputs.hitappid}] projectname=[{inputs.projectname}] judges=[{inputs.judges}] outputfolderEnc={outputs.outputfolderEnc} outputfolderDec={outputs.outputfolderDec} annotationsMayIncludeCustomerContent=[{inputs.annotationsMayIncludeCustomerContent}] taskGroupId=[{inputs.TaskGroupId}] goldHitRTADataType=[{inputs.GoldHitRTADataType}] outputfolderForOriginalHitData={outputs.OriginalHitData} taskFileTimestamp=[{inputs.taskFileTimestamp}]",
            "ae365exepool": {
              "ref_id": "654ec0ba-bed3-48eb-a594-efd0e9275e0d"
            }
          }
        }
      },
      "StatusCode": 201,
      "ResponseHeaders": {
        "Cache-Control": "no-cache",
        "Content-Length": "5003",
        "Content-Type": "application/json; charset=utf-8",
        "Date": "Mon, 24 Oct 2022 13:52:26 GMT",
        "Expires": "-1",
        "Location": "https://management.azure.com/subscriptions/00000000-0000-0000-0000-000000000/resourceGroups/00000/providers/Microsoft.MachineLearningServices/workspaces/00000/components/test_127538660956/versions/0.0.1?api-version=2022-05-01",
        "Pragma": "no-cache",
        "Request-Context": "appId=cid-v1:512cc15a-13b5-415b-bfd0-dce7accb6bb1",
        "Server-Timing": "traceparent;desc=\u002200-28d23006d2e45b163a07879d3114f0ba-a404b47f4d6ffd30-00\u0022",
        "Strict-Transport-Security": "max-age=31536000; includeSubDomains",
        "x-aml-cluster": "vienna-test-westus2-02",
        "X-Content-Type-Options": "nosniff",
        "x-ms-correlation-request-id": "5bba08b0-1986-45fc-9f9d-e5b746272444",
        "x-ms-ratelimit-remaining-subscription-writes": "1164",
        "x-ms-response-type": "standard",
        "x-ms-routing-request-id": "JAPANEAST:20221024T135226Z:5bba08b0-1986-45fc-9f9d-e5b746272444",
        "x-request-time": "1.854"
      },
      "ResponseBody": {
        "id": "/subscriptions/00000000-0000-0000-0000-000000000/resourceGroups/00000/providers/Microsoft.MachineLearningServices/workspaces/00000/components/test_127538660956/versions/0.0.1",
        "name": "0.0.1",
        "type": "Microsoft.MachineLearningServices/workspaces/components/versions",
        "properties": {
          "description": null,
          "tags": {
            "category": "Component Tutorial",
            "contact": "amldesigner@microsoft.com"
          },
          "properties": {},
          "isArchived": false,
          "isAnonymous": false,
          "componentSpec": {
            "$schema": "https://componentsdk.azureedge.net/jsonschema/AE365ExePoolComponent.json",
            "name": "test_127538660956",
            "version": "0.0.1",
            "display_name": "CAX EyesOn Module [ND] v1.6",
            "is_deterministic": "True",
            "type": "AE365ExePoolComponent",
            "description": "Use this auto-approved module to download data on EyesOn machine and interact with it for Compliant Annotation purpose.",
            "tags": {
              "category": "Component Tutorial",
              "contact": "amldesigner@microsoft.com"
            },
            "inputs": {
              "DataToLookAt": {
                "type": "AnyFile",
                "optional": "False"
              },
              "GoldHitRTAData": {
                "type": "AnyFile",
                "optional": "True"
              },
              "ComplianceCluster": {
                "type": "String",
                "optional": "False",
                "default": "MsResearch-EyesOn-Annotation",
                "description": "compliance cluster name"
              },
              "HeronId": {
                "type": "String",
                "optional": "False",
                "description": "Heron ID"
              },
              "localoutputfolderEnc": {
                "type": "String",
                "optional": "True",
                "description": "local output folder for encrypted data"
              },
              "localoutputfolderDec": {
                "type": "String",
                "optional": "True",
                "description": "local output folder for decrypted data"
              },
              "TimeoutSeconds": {
                "type": "Integer",
                "optional": "True",
                "default": "500000",
                "description": "timeout in seconds"
              },
              "hitappid": {
                "type": "Integer",
                "optional": "True",
                "default": "31346",
                "description": "hitapp id"
              },
              "projectname": {
                "type": "String",
                "optional": "True",
                "default": "LatestE2Etemplate",
                "description": "project name"
              },
              "judges": {
                "type": "String",
                "optional": "True",
                "default": "juwang;bradwall",
                "description": "judges"
              },
              "annotationsMayIncludeCustomerContent": {
                "type": "String",
                "optional": "True",
                "default": "1",
                "description": "annotations may include customer content"
              },
              "TaskGroupId": {
                "type": "Integer",
                "optional": "True",
                "default": "86891",
                "description": "task group id"
              },
              "GoldHitRTADataType": {
                "type": "Enum",
                "optional": "True",
                "description": "gold hit rta data type",
                "enum": [
                  "Gold",
                  "RTA",
                  "Qualification",
                  "Preview"
                ]
              },
              "taskFileTimestamp": {
                "type": "String",
                "optional": "True",
                "default": "2021.12.21.23.55.00",
                "description": "task file timestamp"
              }
            },
            "outputs": {
              "outputfolderEnc": {
                "type": "AnyDirectory"
              },
              "outputfolderDec": {
                "type": "AnyDirectory"
              },
              "OriginalHitData": {
                "type": "AnyDirectory"
              }
            },
            "command": "cax.eyesonmodule.exe input={inputs.DataToLookAt} inputGoldHitRta=[{inputs.GoldHitRTAData}] localoutputfolderEnc=[{inputs.localoutputfolderEnc}] localoutputfolderDec=[{inputs.localoutputfolderDec}] timeoutSeconds=[{inputs.TimeoutSeconds}] hitappid=[{inputs.hitappid}] projectname=[{inputs.projectname}] judges=[{inputs.judges}] outputfolderEnc={outputs.outputfolderEnc} outputfolderDec={outputs.outputfolderDec} annotationsMayIncludeCustomerContent=[{inputs.annotationsMayIncludeCustomerContent}] taskGroupId=[{inputs.TaskGroupId}] goldHitRTADataType=[{inputs.GoldHitRTADataType}] outputfolderForOriginalHitData={outputs.OriginalHitData} taskFileTimestamp=[{inputs.taskFileTimestamp}]",
            "ae365exepool": {
              "ref_id": "654ec0ba-bed3-48eb-a594-efd0e9275e0d"
            },
            "code": "azureml:/subscriptions/00000000-0000-0000-0000-000000000/resourceGroups/00000/providers/Microsoft.MachineLearningServices/workspaces/00000/codes/d43326e1-8e93-ea60-9fb2-ebae4ed9e000/versions/1"
          }
        },
        "systemData": {
          "createdAt": "2022-10-24T13:52:25.6542755\u002B00:00",
          "createdBy": "Xingzhi Zhang",
          "createdByType": "User",
          "lastModifiedAt": "2022-10-24T13:52:26.3701328\u002B00:00",
          "lastModifiedBy": "Xingzhi Zhang",
          "lastModifiedByType": "User"
        }
      }
    },
    {
      "RequestUri": "https://management.azure.com/subscriptions/00000000-0000-0000-0000-000000000/resourceGroups/00000/providers/Microsoft.MachineLearningServices/workspaces/00000/components/test_127538660956/versions/0.0.1?api-version=2022-05-01",
      "RequestMethod": "GET",
      "RequestHeaders": {
        "Accept": "application/json",
        "Accept-Encoding": "gzip, deflate",
        "Connection": "keep-alive",
        "User-Agent": "azure-ai-ml/1.1.0 azsdk-python-mgmt-machinelearningservices/0.1.0 Python/3.9.10 (Windows-10-10.0.22621-SP0)"
      },
      "RequestBody": null,
      "StatusCode": 200,
      "ResponseHeaders": {
        "Cache-Control": "no-cache",
        "Content-Encoding": "gzip",
        "Content-Type": "application/json; charset=utf-8",
        "Date": "Mon, 24 Oct 2022 13:52:26 GMT",
        "Expires": "-1",
        "Pragma": "no-cache",
        "Request-Context": "appId=cid-v1:512cc15a-13b5-415b-bfd0-dce7accb6bb1",
        "Server-Timing": "traceparent;desc=\u002200-6be16873ac11321942545e9ab086aaf5-004eb761d4f008bb-00\u0022",
        "Strict-Transport-Security": "max-age=31536000; includeSubDomains",
        "Transfer-Encoding": "chunked",
        "Vary": [
          "Accept-Encoding",
          "Accept-Encoding"
        ],
        "x-aml-cluster": "vienna-test-westus2-02",
        "X-Content-Type-Options": "nosniff",
        "x-ms-correlation-request-id": "274a5706-37bd-4f83-aef7-ee706cf57523",
        "x-ms-ratelimit-remaining-subscription-reads": "11964",
        "x-ms-response-type": "standard",
        "x-ms-routing-request-id": "JAPANEAST:20221024T135227Z:274a5706-37bd-4f83-aef7-ee706cf57523",
        "x-request-time": "0.367"
      },
      "ResponseBody": {
        "id": "/subscriptions/00000000-0000-0000-0000-000000000/resourceGroups/00000/providers/Microsoft.MachineLearningServices/workspaces/00000/components/test_127538660956/versions/0.0.1",
        "name": "0.0.1",
        "type": "Microsoft.MachineLearningServices/workspaces/components/versions",
        "properties": {
          "description": null,
          "tags": {
            "category": "Component Tutorial",
            "contact": "amldesigner@microsoft.com"
          },
          "properties": {},
          "isArchived": false,
          "isAnonymous": false,
          "componentSpec": {
            "$schema": "https://componentsdk.azureedge.net/jsonschema/AE365ExePoolComponent.json",
            "name": "test_127538660956",
            "version": "0.0.1",
            "display_name": "CAX EyesOn Module [ND] v1.6",
            "is_deterministic": "True",
            "type": "AE365ExePoolComponent",
            "description": "Use this auto-approved module to download data on EyesOn machine and interact with it for Compliant Annotation purpose.",
            "tags": {
              "category": "Component Tutorial",
              "contact": "amldesigner@microsoft.com"
            },
            "inputs": {
              "DataToLookAt": {
                "type": "AnyFile",
                "optional": "False"
              },
              "GoldHitRTAData": {
                "type": "AnyFile",
                "optional": "True"
              },
              "ComplianceCluster": {
                "type": "String",
                "optional": "False",
                "default": "MsResearch-EyesOn-Annotation",
                "description": "compliance cluster name"
              },
              "HeronId": {
                "type": "String",
                "optional": "False",
                "description": "Heron ID"
              },
              "localoutputfolderEnc": {
                "type": "String",
                "optional": "True",
                "description": "local output folder for encrypted data"
              },
              "localoutputfolderDec": {
                "type": "String",
                "optional": "True",
                "description": "local output folder for decrypted data"
              },
              "TimeoutSeconds": {
                "type": "Integer",
                "optional": "True",
                "default": "500000",
                "description": "timeout in seconds"
              },
              "hitappid": {
                "type": "Integer",
                "optional": "True",
                "default": "31346",
                "description": "hitapp id"
              },
              "projectname": {
                "type": "String",
                "optional": "True",
                "default": "LatestE2Etemplate",
                "description": "project name"
              },
              "judges": {
                "type": "String",
                "optional": "True",
                "default": "juwang;bradwall",
                "description": "judges"
              },
              "annotationsMayIncludeCustomerContent": {
                "type": "String",
                "optional": "True",
                "default": "1",
                "description": "annotations may include customer content"
              },
              "TaskGroupId": {
                "type": "Integer",
                "optional": "True",
                "default": "86891",
                "description": "task group id"
              },
              "GoldHitRTADataType": {
                "type": "Enum",
                "optional": "True",
                "description": "gold hit rta data type",
                "enum": [
                  "Gold",
                  "RTA",
                  "Qualification",
                  "Preview"
                ]
              },
              "taskFileTimestamp": {
                "type": "String",
                "optional": "True",
                "default": "2021.12.21.23.55.00",
                "description": "task file timestamp"
              }
            },
            "outputs": {
              "outputfolderEnc": {
                "type": "AnyDirectory"
              },
              "outputfolderDec": {
                "type": "AnyDirectory"
              },
              "OriginalHitData": {
                "type": "AnyDirectory"
              }
            },
            "command": "cax.eyesonmodule.exe input={inputs.DataToLookAt} inputGoldHitRta=[{inputs.GoldHitRTAData}] localoutputfolderEnc=[{inputs.localoutputfolderEnc}] localoutputfolderDec=[{inputs.localoutputfolderDec}] timeoutSeconds=[{inputs.TimeoutSeconds}] hitappid=[{inputs.hitappid}] projectname=[{inputs.projectname}] judges=[{inputs.judges}] outputfolderEnc={outputs.outputfolderEnc} outputfolderDec={outputs.outputfolderDec} annotationsMayIncludeCustomerContent=[{inputs.annotationsMayIncludeCustomerContent}] taskGroupId=[{inputs.TaskGroupId}] goldHitRTADataType=[{inputs.GoldHitRTADataType}] outputfolderForOriginalHitData={outputs.OriginalHitData} taskFileTimestamp=[{inputs.taskFileTimestamp}]",
            "ae365exepool": {
              "ref_id": "654ec0ba-bed3-48eb-a594-efd0e9275e0d"
            },
            "code": "azureml:/subscriptions/00000000-0000-0000-0000-000000000/resourceGroups/00000/providers/Microsoft.MachineLearningServices/workspaces/00000/codes/d43326e1-8e93-ea60-9fb2-ebae4ed9e000/versions/1"
          }
        },
        "systemData": {
          "createdAt": "2022-10-24T13:52:25.6542755\u002B00:00",
          "createdBy": "Xingzhi Zhang",
          "createdByType": "User",
          "lastModifiedAt": "2022-10-24T13:52:26.3701328\u002B00:00",
          "lastModifiedBy": "Xingzhi Zhang",
          "lastModifiedByType": "User"
        }
      }
    }
  ],
  "Variables": {
    "component_name": "test_127538660956"
  }
}
