interactions:
- request:
    body: null
    headers:
      Accept:
      - application/xml
      Accept-Encoding:
      - gzip, deflate
      Connection:
      - keep-alive
      Content-Length:
      - '0'
      User-Agent:
      - azsdk-python-storage-blob/12.8.0 Python/3.9.0 (Windows-10-10.0.19041-SP0)
      x-ms-date:
      - Tue, 30 Mar 2021 01:15:37 GMT
      x-ms-version:
      - '2020-06-12'
    method: PUT
    uri: https://redacted.blob.core.windows.net/srcdbe04909-2978-452b-bf21-ea3c250c7ce6?restype=container
  response:
    body:
      string: ''
    headers:
      content-length:
      - '0'
      date:
      - Tue, 30 Mar 2021 01:15:38 GMT
      etag:
      - '"0x8D8F319544E88C4"'
      last-modified:
      - Tue, 30 Mar 2021 01:15:38 GMT
      server:
      - Windows-Azure-Blob/1.0 Microsoft-HTTPAPI/2.0
      x-ms-version:
      - '2020-06-12'
    status:
      code: 201
      message: Created
- request:
    body: This is some text
    headers:
      Accept:
      - application/xml
      Accept-Encoding:
      - gzip, deflate
      Connection:
      - keep-alive
      Content-Length:
      - '17'
      Content-Type:
      - application/octet-stream
      If-None-Match:
      - '*'
      User-Agent:
      - azsdk-python-storage-blob/12.8.0 Python/3.9.0 (Windows-10-10.0.19041-SP0)
      x-ms-blob-type:
      - BlockBlob
      x-ms-date:
      - Tue, 30 Mar 2021 01:15:38 GMT
      x-ms-encryption-algorithm:
      - AES256
      x-ms-version:
      - '2020-06-12'
    method: PUT
    uri: https://redacted.blob.core.windows.net/srcdbe04909-2978-452b-bf21-ea3c250c7ce6/c8aadeab-1f2a-48da-8cb5-784f40068520.txt
  response:
    body:
      string: ''
    headers:
      content-length:
      - '0'
      content-md5:
      - lyFPYyJLwenMTaN3qtznxw==
      date:
      - Tue, 30 Mar 2021 01:15:38 GMT
      etag:
      - '"0x8D8F3195476E86F"'
      last-modified:
      - Tue, 30 Mar 2021 01:15:38 GMT
      server:
      - Windows-Azure-Blob/1.0 Microsoft-HTTPAPI/2.0
      x-ms-content-crc64:
      - SqmNKeH10UQ=
      x-ms-request-server-encrypted:
      - 'true'
      x-ms-version:
      - '2020-06-12'
    status:
      code: 201
      message: Created
- request:
    body: null
    headers:
      Accept:
      - application/xml
      Accept-Encoding:
      - gzip, deflate
      Connection:
      - keep-alive
      Content-Length:
      - '0'
      User-Agent:
      - azsdk-python-storage-blob/12.8.0 Python/3.9.0 (Windows-10-10.0.19041-SP0)
      x-ms-date:
      - Tue, 30 Mar 2021 01:15:39 GMT
      x-ms-version:
      - '2020-06-12'
    method: PUT
    uri: https://redacted.blob.core.windows.net/srcaa17c407-053e-4963-a143-5039964847ab?restype=container
  response:
    body:
      string: ''
    headers:
      content-length:
      - '0'
      date:
      - Tue, 30 Mar 2021 01:15:39 GMT
      etag:
      - '"0x8D8F319550D6403"'
      last-modified:
      - Tue, 30 Mar 2021 01:15:39 GMT
      server:
      - Windows-Azure-Blob/1.0 Microsoft-HTTPAPI/2.0
      x-ms-version:
      - '2020-06-12'
    status:
      code: 201
      message: Created
- request:
    body: This is some text2
    headers:
      Accept:
      - application/xml
      Accept-Encoding:
      - gzip, deflate
      Connection:
      - keep-alive
      Content-Length:
      - '18'
      Content-Type:
      - application/octet-stream
      If-None-Match:
      - '*'
      User-Agent:
      - azsdk-python-storage-blob/12.8.0 Python/3.9.0 (Windows-10-10.0.19041-SP0)
      x-ms-blob-type:
      - BlockBlob
      x-ms-date:
      - Tue, 30 Mar 2021 01:15:40 GMT
      x-ms-encryption-algorithm:
      - AES256
      x-ms-version:
      - '2020-06-12'
    method: PUT
    uri: https://redacted.blob.core.windows.net/srcaa17c407-053e-4963-a143-5039964847ab/9d4d76cc-3cca-43f1-bd98-555c6101aa30.txt
  response:
    body:
      string: ''
    headers:
      content-length:
      - '0'
      content-md5:
      - fcJZDg3E50i3i55bsEwJZg==
      date:
      - Tue, 30 Mar 2021 01:15:40 GMT
      etag:
      - '"0x8D8F319553529BC"'
      last-modified:
      - Tue, 30 Mar 2021 01:15:40 GMT
      server:
      - Windows-Azure-Blob/1.0 Microsoft-HTTPAPI/2.0
      x-ms-content-crc64:
      - GGl9hfe2+S0=
      x-ms-request-server-encrypted:
      - 'true'
      x-ms-version:
      - '2020-06-12'
    status:
      code: 201
      message: Created
- request:
    body: null
    headers:
      Accept:
      - application/xml
      Accept-Encoding:
      - gzip, deflate
      Connection:
      - keep-alive
      Content-Length:
      - '0'
      User-Agent:
      - azsdk-python-storage-blob/12.8.0 Python/3.9.0 (Windows-10-10.0.19041-SP0)
      x-ms-date:
      - Tue, 30 Mar 2021 01:15:40 GMT
      x-ms-version:
      - '2020-06-12'
    method: PUT
    uri: https://redacted.blob.core.windows.net/target5709518a-97a3-4acd-959b-683e689ef1b2?restype=container
  response:
    body:
      string: ''
    headers:
      content-length:
      - '0'
      date:
      - Tue, 30 Mar 2021 01:15:41 GMT
      etag:
      - '"0x8D8F31955CE4C3E"'
      last-modified:
      - Tue, 30 Mar 2021 01:15:41 GMT
      server:
      - Windows-Azure-Blob/1.0 Microsoft-HTTPAPI/2.0
      x-ms-version:
      - '2020-06-12'
    status:
      code: 201
      message: Created
- request:
    body: '{"inputs": [{"source": {"sourceUrl": "https://redacted.blob.core.windows.net/srcdbe04909-2978-452b-bf21-ea3c250c7ce6?se=end&sp=rl&sv=2020-06-12&sr=c&sig=fake_token_value",
      "filter": {}}, "targets": [{"targetUrl": "https://redacted.blob.core.windows.net/target5709518a-97a3-4acd-959b-683e689ef1b2?se=end&sp=racwdl&sv=2020-06-12&sr=c&sig=fake_token_value",
      "language": "es"}]}, {"source": {"sourceUrl": "https://redacted.blob.core.windows.net/srcaa17c407-053e-4963-a143-5039964847ab?se=end&sp=rl&sv=2020-06-12&sr=c&sig=fake_token_value",
      "filter": {}}, "targets": [{"targetUrl": "https://redacted.blob.core.windows.net/target5709518a-97a3-4acd-959b-683e689ef1b2?se=end&sp=racwdl&sv=2020-06-12&sr=c&sig=fake_token_value",
      "language": "fr"}]}]}'
    headers:
      Accept:
      - application/json
      Content-Length:
      - '964'
      Content-Type:
      - application/json
      User-Agent:
      - azsdk-python-ai-translatortext/1.0.0b1 Python/3.9.0 (Windows-10-10.0.19041-SP0)
    method: POST
    uri: https://redacted.cognitiveservices.azure.com/translator/text/batch/v1.0-preview.1/batches
  response:
    body:
      string: ''
    headers:
      apim-request-id: f0195166-e71e-4396-8bd1-d87bf44f211d
      content-length: '0'
      date: Tue, 30 Mar 2021 01:15:41 GMT
      operation-location: https://redacted.cognitiveservices.azure.com/translatortext/batch/v1.0-preview.1/batches/9a64f8c4-e241-46bb-9baa-622bb966303f
      set-cookie: ARRAffinitySameSite=52534756bc24481c0848ee2def3c54a057fd0e51707d9dcf782aa603bbaa9f24;Path=/;HttpOnly;SameSite=None;Secure;Domain=doctrans.northeu.microsofttranslator.com
      strict-transport-security: max-age=31536000; includeSubDomains; preload
      x-content-type-options: nosniff
      x-powered-by: ASP.NET
      x-requestid: f0195166-e71e-4396-8bd1-d87bf44f211d
    status:
      code: 202
      message: Accepted
    url: https://redacted.cognitiveservices.azure.com/translatortext/batch/v1.0-preview.1/batches
- request:
    body: null
    headers:
      Accept:
      - application/json
      User-Agent:
      - azsdk-python-ai-translatortext/1.0.0b1 Python/3.9.0 (Windows-10-10.0.19041-SP0)
    method: GET
    uri: https://redacted.cognitiveservices.azure.com/translator/text/batch/v1.0-preview.1/batches/9a64f8c4-e241-46bb-9baa-622bb966303f
  response:
    body:
      string: '{"id":"9a64f8c4-e241-46bb-9baa-622bb966303f","createdDateTimeUtc":"2021-03-30T01:15:42.0479081Z","lastActionDateTimeUtc":"2021-03-30T01:15:42.0479085Z","status":"NotStarted","summary":{"total":0,"failed":0,"success":0,"inProgress":0,"notYetStarted":0,"cancelled":0,"totalCharacterCharged":0}}'
    headers:
      apim-request-id: c9635ba7-02c2-4e2d-8def-c123f2b2284a
      cache-control: public,max-age=1
      content-encoding: gzip
      content-type: application/json; charset=utf-8
      date: Tue, 30 Mar 2021 01:15:41 GMT
      etag: '"4F19F9B238546D010FA47640F21873F407254D8CDFEDD48B7D87F2312403DE7F"'
      set-cookie: ARRAffinitySameSite=36da0e643e19b219e9cc242244bbb17606f2f9cdc98871c377756b22cded58cb;Path=/;HttpOnly;SameSite=None;Secure;Domain=doctrans.northeu.microsofttranslator.com
      strict-transport-security: max-age=31536000; includeSubDomains; preload
      transfer-encoding: chunked
      vary: Accept-Encoding
      x-content-type-options: nosniff
      x-powered-by: ASP.NET
      x-requestid: c9635ba7-02c2-4e2d-8def-c123f2b2284a
    status:
      code: 200
      message: OK
    url: https://redacted.cognitiveservices.azure.com/translatortext/batch/v1.0-preview.1/batches/9a64f8c4-e241-46bb-9baa-622bb966303f
- request:
    body: null
    headers:
      Accept:
      - application/json
      User-Agent:
      - azsdk-python-ai-translatortext/1.0.0b1 Python/3.9.0 (Windows-10-10.0.19041-SP0)
    method: GET
    uri: https://redacted.cognitiveservices.azure.com/translator/text/batch/v1.0-preview.1/batches/9a64f8c4-e241-46bb-9baa-622bb966303f
  response:
    body:
      string: '{"id":"9a64f8c4-e241-46bb-9baa-622bb966303f","createdDateTimeUtc":"2021-03-30T01:15:42.0479081Z","lastActionDateTimeUtc":"2021-03-30T01:15:42.0479085Z","status":"NotStarted","summary":{"total":0,"failed":0,"success":0,"inProgress":0,"notYetStarted":0,"cancelled":0,"totalCharacterCharged":0}}'
    headers:
      apim-request-id: ee6a89d6-043b-48cf-957d-99e2836ff245
      cache-control: public,max-age=1
      content-encoding: gzip
      content-type: application/json; charset=utf-8
      date: Tue, 30 Mar 2021 01:15:41 GMT
      etag: '"4F19F9B238546D010FA47640F21873F407254D8CDFEDD48B7D87F2312403DE7F"'
      set-cookie: ARRAffinitySameSite=52534756bc24481c0848ee2def3c54a057fd0e51707d9dcf782aa603bbaa9f24;Path=/;HttpOnly;SameSite=None;Secure;Domain=doctrans.northeu.microsofttranslator.com
      strict-transport-security: max-age=31536000; includeSubDomains; preload
      transfer-encoding: chunked
      vary: Accept-Encoding
      x-content-type-options: nosniff
      x-powered-by: ASP.NET
      x-requestid: ee6a89d6-043b-48cf-957d-99e2836ff245
    status:
      code: 200
      message: OK
    url: https://redacted.cognitiveservices.azure.com/translatortext/batch/v1.0-preview.1/batches/9a64f8c4-e241-46bb-9baa-622bb966303f
- request:
    body: null
    headers:
      User-Agent:
      - azsdk-python-ai-translatortext/1.0.0b1 Python/3.9.0 (Windows-10-10.0.19041-SP0)
    method: GET
    uri: https://redacted.cognitiveservices.azure.com/translator/text/batch/v1.0-preview.1/batches/9a64f8c4-e241-46bb-9baa-622bb966303f
  response:
    body:
      string: '{"id":"9a64f8c4-e241-46bb-9baa-622bb966303f","createdDateTimeUtc":"2021-03-30T01:15:42.0479081Z","lastActionDateTimeUtc":"2021-03-30T01:15:42.0479085Z","status":"NotStarted","summary":{"total":0,"failed":0,"success":0,"inProgress":0,"notYetStarted":0,"cancelled":0,"totalCharacterCharged":0}}'
    headers:
      apim-request-id: 2bedd0a0-808f-4420-b1c3-0d5621008fbb
      cache-control: public,max-age=1
      content-encoding: gzip
      content-type: application/json; charset=utf-8
      date: Tue, 30 Mar 2021 01:15:43 GMT
      etag: '"4F19F9B238546D010FA47640F21873F407254D8CDFEDD48B7D87F2312403DE7F"'
      set-cookie: ARRAffinitySameSite=36da0e643e19b219e9cc242244bbb17606f2f9cdc98871c377756b22cded58cb;Path=/;HttpOnly;SameSite=None;Secure;Domain=doctrans.northeu.microsofttranslator.com
      strict-transport-security: max-age=31536000; includeSubDomains; preload
      transfer-encoding: chunked
      vary: Accept-Encoding
      x-content-type-options: nosniff
      x-powered-by: ASP.NET
      x-requestid: 2bedd0a0-808f-4420-b1c3-0d5621008fbb
    status:
      code: 200
      message: OK
    url: https://redacted.cognitiveservices.azure.com/translatortext/batch/v1.0-preview.1/batches/9a64f8c4-e241-46bb-9baa-622bb966303f
- request:
    body: null
    headers:
      User-Agent:
      - azsdk-python-ai-translatortext/1.0.0b1 Python/3.9.0 (Windows-10-10.0.19041-SP0)
    method: GET
    uri: https://redacted.cognitiveservices.azure.com/translator/text/batch/v1.0-preview.1/batches/9a64f8c4-e241-46bb-9baa-622bb966303f
  response:
    body:
      string: '{"id":"9a64f8c4-e241-46bb-9baa-622bb966303f","createdDateTimeUtc":"2021-03-30T01:15:42.0479081Z","lastActionDateTimeUtc":"2021-03-30T01:15:44.3717803Z","status":"NotStarted","summary":{"total":2,"failed":0,"success":0,"inProgress":0,"notYetStarted":2,"cancelled":0,"totalCharacterCharged":0}}'
    headers:
      apim-request-id: 0f76bc61-14e5-416a-b936-2e3e7a64d96f
      cache-control: public,max-age=1
      content-encoding: gzip
      content-type: application/json; charset=utf-8
      date: Tue, 30 Mar 2021 01:15:44 GMT
      etag: '"ED365D0BEE32B851B6A0A131DF4CC34866981E8E883A9D51E783A6DB5235AE09"'
      set-cookie: ARRAffinitySameSite=52534756bc24481c0848ee2def3c54a057fd0e51707d9dcf782aa603bbaa9f24;Path=/;HttpOnly;SameSite=None;Secure;Domain=doctrans.northeu.microsofttranslator.com
      strict-transport-security: max-age=31536000; includeSubDomains; preload
      transfer-encoding: chunked
      vary: Accept-Encoding
      x-content-type-options: nosniff
      x-powered-by: ASP.NET
      x-requestid: 0f76bc61-14e5-416a-b936-2e3e7a64d96f
    status:
      code: 200
      message: OK
    url: https://redacted.cognitiveservices.azure.com/translatortext/batch/v1.0-preview.1/batches/9a64f8c4-e241-46bb-9baa-622bb966303f
- request:
    body: null
    headers:
      User-Agent:
      - azsdk-python-ai-translatortext/1.0.0b1 Python/3.9.0 (Windows-10-10.0.19041-SP0)
    method: GET
    uri: https://redacted.cognitiveservices.azure.com/translator/text/batch/v1.0-preview.1/batches/9a64f8c4-e241-46bb-9baa-622bb966303f
  response:
    body:
      string: '{"id":"9a64f8c4-e241-46bb-9baa-622bb966303f","createdDateTimeUtc":"2021-03-30T01:15:42.0479081Z","lastActionDateTimeUtc":"2021-03-30T01:15:45.4048461Z","status":"Running","summary":{"total":2,"failed":0,"success":0,"inProgress":1,"notYetStarted":1,"cancelled":0,"totalCharacterCharged":0}}'
    headers:
      apim-request-id: d9160044-cea1-4d75-b947-375e7b140543
      cache-control: public,max-age=1
      content-encoding: gzip
      content-type: application/json; charset=utf-8
      date: Tue, 30 Mar 2021 01:15:45 GMT
      etag: '"6FB429EFEE47C26D911A475F64BCE1C45C93A5914D895EDD0E713D419406A95F"'
      set-cookie: ARRAffinitySameSite=36da0e643e19b219e9cc242244bbb17606f2f9cdc98871c377756b22cded58cb;Path=/;HttpOnly;SameSite=None;Secure;Domain=doctrans.northeu.microsofttranslator.com
      strict-transport-security: max-age=31536000; includeSubDomains; preload
      transfer-encoding: chunked
      vary: Accept-Encoding
      x-content-type-options: nosniff
      x-powered-by: ASP.NET
      x-requestid: d9160044-cea1-4d75-b947-375e7b140543
    status:
      code: 200
      message: OK
    url: https://redacted.cognitiveservices.azure.com/translatortext/batch/v1.0-preview.1/batches/9a64f8c4-e241-46bb-9baa-622bb966303f
- request:
    body: null
    headers:
      User-Agent:
      - azsdk-python-ai-translatortext/1.0.0b1 Python/3.9.0 (Windows-10-10.0.19041-SP0)
    method: GET
    uri: https://redacted.cognitiveservices.azure.com/translator/text/batch/v1.0-preview.1/batches/9a64f8c4-e241-46bb-9baa-622bb966303f
  response:
    body:
      string: '{"id":"9a64f8c4-e241-46bb-9baa-622bb966303f","createdDateTimeUtc":"2021-03-30T01:15:42.0479081Z","lastActionDateTimeUtc":"2021-03-30T01:15:45.8287168Z","status":"Running","summary":{"total":2,"failed":0,"success":0,"inProgress":2,"notYetStarted":0,"cancelled":0,"totalCharacterCharged":0}}'
    headers:
      apim-request-id: f6ece8d3-0eb0-420f-aa75-767e046a2a11
      cache-control: public,max-age=1
      content-encoding: gzip
      content-type: application/json; charset=utf-8
      date: Tue, 30 Mar 2021 01:15:46 GMT
      etag: '"804A0DE6E0A61C47ACEFCCF11D55AD0DD87DE54021E36BC7D55A2D3BCCDF1D8E"'
      set-cookie: ARRAffinitySameSite=52534756bc24481c0848ee2def3c54a057fd0e51707d9dcf782aa603bbaa9f24;Path=/;HttpOnly;SameSite=None;Secure;Domain=doctrans.northeu.microsofttranslator.com
      strict-transport-security: max-age=31536000; includeSubDomains; preload
      transfer-encoding: chunked
      vary: Accept-Encoding
      x-content-type-options: nosniff
      x-powered-by: ASP.NET
      x-requestid: f6ece8d3-0eb0-420f-aa75-767e046a2a11
    status:
      code: 200
      message: OK
    url: https://redacted.cognitiveservices.azure.com/translatortext/batch/v1.0-preview.1/batches/9a64f8c4-e241-46bb-9baa-622bb966303f
- request:
    body: null
    headers:
      User-Agent:
      - azsdk-python-ai-translatortext/1.0.0b1 Python/3.9.0 (Windows-10-10.0.19041-SP0)
    method: GET
    uri: https://redacted.cognitiveservices.azure.com/translator/text/batch/v1.0-preview.1/batches/9a64f8c4-e241-46bb-9baa-622bb966303f
  response:
    body:
      string: '{"id":"9a64f8c4-e241-46bb-9baa-622bb966303f","createdDateTimeUtc":"2021-03-30T01:15:42.0479081Z","lastActionDateTimeUtc":"2021-03-30T01:15:45.8287168Z","status":"Running","summary":{"total":2,"failed":0,"success":0,"inProgress":2,"notYetStarted":0,"cancelled":0,"totalCharacterCharged":0}}'
    headers:
      apim-request-id: 7dc2f507-010d-41e8-a860-b8f3a48a834c
      cache-control: public,max-age=1
      content-encoding: gzip
      content-type: application/json; charset=utf-8
      date: Tue, 30 Mar 2021 01:15:47 GMT
      etag: '"804A0DE6E0A61C47ACEFCCF11D55AD0DD87DE54021E36BC7D55A2D3BCCDF1D8E"'
      set-cookie: ARRAffinitySameSite=36da0e643e19b219e9cc242244bbb17606f2f9cdc98871c377756b22cded58cb;Path=/;HttpOnly;SameSite=None;Secure;Domain=doctrans.northeu.microsofttranslator.com
      strict-transport-security: max-age=31536000; includeSubDomains; preload
      transfer-encoding: chunked
      vary: Accept-Encoding
      x-content-type-options: nosniff
      x-powered-by: ASP.NET
      x-requestid: 7dc2f507-010d-41e8-a860-b8f3a48a834c
    status:
      code: 200
      message: OK
    url: https://redacted.cognitiveservices.azure.com/translatortext/batch/v1.0-preview.1/batches/9a64f8c4-e241-46bb-9baa-622bb966303f
- request:
    body: null
    headers:
      User-Agent:
      - azsdk-python-ai-translatortext/1.0.0b1 Python/3.9.0 (Windows-10-10.0.19041-SP0)
    method: GET
    uri: https://redacted.cognitiveservices.azure.com/translator/text/batch/v1.0-preview.1/batches/9a64f8c4-e241-46bb-9baa-622bb966303f
  response:
    body:
      string: '{"id":"9a64f8c4-e241-46bb-9baa-622bb966303f","createdDateTimeUtc":"2021-03-30T01:15:42.0479081Z","lastActionDateTimeUtc":"2021-03-30T01:15:45.8287168Z","status":"Running","summary":{"total":2,"failed":0,"success":0,"inProgress":2,"notYetStarted":0,"cancelled":0,"totalCharacterCharged":0}}'
    headers:
      apim-request-id: d5fcd4c5-f8d5-4875-9cc5-3b0258dd5d19
      cache-control: public,max-age=1
      content-encoding: gzip
      content-type: application/json; charset=utf-8
      date: Tue, 30 Mar 2021 01:15:48 GMT
      etag: '"804A0DE6E0A61C47ACEFCCF11D55AD0DD87DE54021E36BC7D55A2D3BCCDF1D8E"'
      set-cookie: ARRAffinitySameSite=52534756bc24481c0848ee2def3c54a057fd0e51707d9dcf782aa603bbaa9f24;Path=/;HttpOnly;SameSite=None;Secure;Domain=doctrans.northeu.microsofttranslator.com
      strict-transport-security: max-age=31536000; includeSubDomains; preload
      transfer-encoding: chunked
      vary: Accept-Encoding
      x-content-type-options: nosniff
      x-powered-by: ASP.NET
      x-requestid: d5fcd4c5-f8d5-4875-9cc5-3b0258dd5d19
    status:
      code: 200
      message: OK
    url: https://redacted.cognitiveservices.azure.com/translatortext/batch/v1.0-preview.1/batches/9a64f8c4-e241-46bb-9baa-622bb966303f
- request:
    body: null
    headers:
      User-Agent:
      - azsdk-python-ai-translatortext/1.0.0b1 Python/3.9.0 (Windows-10-10.0.19041-SP0)
    method: GET
    uri: https://redacted.cognitiveservices.azure.com/translator/text/batch/v1.0-preview.1/batches/9a64f8c4-e241-46bb-9baa-622bb966303f
  response:
    body:
      string: '{"id":"9a64f8c4-e241-46bb-9baa-622bb966303f","createdDateTimeUtc":"2021-03-30T01:15:42.0479081Z","lastActionDateTimeUtc":"2021-03-30T01:15:45.8287168Z","status":"Running","summary":{"total":2,"failed":0,"success":0,"inProgress":2,"notYetStarted":0,"cancelled":0,"totalCharacterCharged":0}}'
    headers:
      apim-request-id: ac6c6960-5f4e-4af7-aadc-7c4c7767994f
      cache-control: public,max-age=1
      content-encoding: gzip
      content-type: application/json; charset=utf-8
      date: Tue, 30 Mar 2021 01:15:49 GMT
      etag: '"804A0DE6E0A61C47ACEFCCF11D55AD0DD87DE54021E36BC7D55A2D3BCCDF1D8E"'
      set-cookie: ARRAffinitySameSite=36da0e643e19b219e9cc242244bbb17606f2f9cdc98871c377756b22cded58cb;Path=/;HttpOnly;SameSite=None;Secure;Domain=doctrans.northeu.microsofttranslator.com
      strict-transport-security: max-age=31536000; includeSubDomains; preload
      transfer-encoding: chunked
      vary: Accept-Encoding
      x-content-type-options: nosniff
      x-powered-by: ASP.NET
      x-requestid: ac6c6960-5f4e-4af7-aadc-7c4c7767994f
    status:
      code: 200
      message: OK
    url: https://redacted.cognitiveservices.azure.com/translatortext/batch/v1.0-preview.1/batches/9a64f8c4-e241-46bb-9baa-622bb966303f
- request:
    body: null
    headers:
      User-Agent:
      - azsdk-python-ai-translatortext/1.0.0b1 Python/3.9.0 (Windows-10-10.0.19041-SP0)
    method: GET
    uri: https://redacted.cognitiveservices.azure.com/translator/text/batch/v1.0-preview.1/batches/9a64f8c4-e241-46bb-9baa-622bb966303f
  response:
    body:
      string: '{"id":"9a64f8c4-e241-46bb-9baa-622bb966303f","createdDateTimeUtc":"2021-03-30T01:15:42.0479081Z","lastActionDateTimeUtc":"2021-03-30T01:15:45.8287168Z","status":"Running","summary":{"total":2,"failed":0,"success":0,"inProgress":2,"notYetStarted":0,"cancelled":0,"totalCharacterCharged":0}}'
    headers:
      apim-request-id: c0a0fc0c-e920-4b79-9313-ed6cf84964bb
      cache-control: public,max-age=1
      content-encoding: gzip
      content-type: application/json; charset=utf-8
      date: Tue, 30 Mar 2021 01:15:50 GMT
      etag: '"804A0DE6E0A61C47ACEFCCF11D55AD0DD87DE54021E36BC7D55A2D3BCCDF1D8E"'
      set-cookie: ARRAffinitySameSite=52534756bc24481c0848ee2def3c54a057fd0e51707d9dcf782aa603bbaa9f24;Path=/;HttpOnly;SameSite=None;Secure;Domain=doctrans.northeu.microsofttranslator.com
      strict-transport-security: max-age=31536000; includeSubDomains; preload
      transfer-encoding: chunked
      vary: Accept-Encoding
      x-content-type-options: nosniff
      x-powered-by: ASP.NET
      x-requestid: c0a0fc0c-e920-4b79-9313-ed6cf84964bb
    status:
      code: 200
      message: OK
    url: https://redacted.cognitiveservices.azure.com/translatortext/batch/v1.0-preview.1/batches/9a64f8c4-e241-46bb-9baa-622bb966303f
- request:
    body: null
    headers:
      User-Agent:
      - azsdk-python-ai-translatortext/1.0.0b1 Python/3.9.0 (Windows-10-10.0.19041-SP0)
    method: GET
    uri: https://redacted.cognitiveservices.azure.com/translator/text/batch/v1.0-preview.1/batches/9a64f8c4-e241-46bb-9baa-622bb966303f
  response:
    body:
      string: '{"id":"9a64f8c4-e241-46bb-9baa-622bb966303f","createdDateTimeUtc":"2021-03-30T01:15:42.0479081Z","lastActionDateTimeUtc":"2021-03-30T01:15:52.6301017Z","status":"Succeeded","summary":{"total":2,"failed":0,"success":2,"inProgress":0,"notYetStarted":0,"cancelled":0,"totalCharacterCharged":35}}'
    headers:
      apim-request-id: 3855d88e-394b-441f-a221-5954c40a0fc2
      cache-control: public,max-age=1
      content-encoding: gzip
      content-type: application/json; charset=utf-8
      date: Tue, 30 Mar 2021 01:15:51 GMT
      etag: '"34C3B1D2B43A0F4832F925105D8A2D505F208D0005934A69E9CEEF398726E4D5"'
      set-cookie: ARRAffinitySameSite=36da0e643e19b219e9cc242244bbb17606f2f9cdc98871c377756b22cded58cb;Path=/;HttpOnly;SameSite=None;Secure;Domain=doctrans.northeu.microsofttranslator.com
      strict-transport-security: max-age=31536000; includeSubDomains; preload
      transfer-encoding: chunked
      vary: Accept-Encoding
      x-content-type-options: nosniff
      x-powered-by: ASP.NET
      x-requestid: 3855d88e-394b-441f-a221-5954c40a0fc2
    status:
      code: 200
      message: OK
    url: https://redacted.cognitiveservices.azure.com/translatortext/batch/v1.0-preview.1/batches/9a64f8c4-e241-46bb-9baa-622bb966303f
version: 1
