interactions:
- request:
    body: '{"properties": {"displayName": "test_pool", "vmSize": "small", "deploymentConfiguration":
      {"cloudServiceConfiguration": {"osFamily": "5"}}, "scaleSettings": {"fixedScale":
      {"targetDedicatedNodes": 0, "targetLowPriorityNodes": 0}}, "userAccounts": [{"name":
      "UserName", "password": "p@55wOrd"}], "startTask": {"commandLine": "cmd.exe
      /c \"echo hello world\"", "resourceFiles": [{"httpUrl": "https://blobsource.com",
      "filePath": "filename.txt"}], "environmentSettings": [{"name": "ENV_VAR", "value":
      "env_value"}], "userIdentity": {"autoUser": {"elevationLevel": "Admin"}}}}}'
    headers:
      Accept:
      - application/json
      Accept-Encoding:
      - gzip, deflate
      Connection:
      - keep-alive
      Content-Length:
      - '573'
      Content-Type:
      - application/json; charset=utf-8
      User-Agent:
      - python/3.7.3 (Windows-10-10.0.18362-SP0) msrest/0.6.11 msrest_azure/0.6.2
        azure-mgmt-batch/2020-03-01 Azure-SDK-For-Python
      accept-language:
      - en-US
    method: PUT
    uri: https://management.azure.com/subscriptions/00000000-0000-0000-0000-000000000000/resourceGroups/test_mgmt_batch_test_mgmt_batch_pools1f5c0f25/providers/Microsoft.Batch/batchAccounts/batch1f5c0f25/pools/test_paas_pool?api-version=2020-03-01
  response:
    body:
      string: '{"id":"/subscriptions/00000000-0000-0000-0000-000000000000/resourceGroups/test_mgmt_batch_test_mgmt_batch_pools1f5c0f25/providers/Microsoft.Batch/batchAccounts/batch1f5c0f25/pools/test_paas_pool","name":"test_paas_pool","type":"Microsoft.Batch/batchAccounts/pools","etag":"W/\"0x8D7DD8285302DB0\"","properties":{"lastModified":"2020-04-10T19:08:14.6228656Z","creationTime":"2020-04-10T19:08:14.6228656Z","provisioningState":"Succeeded","provisioningStateTransitionTime":"2020-04-10T19:08:14.6228656Z","allocationState":"Resizing","allocationStateTransitionTime":"2020-04-10T19:08:14.6228656Z","vmSize":"Small","interNodeCommunication":"Disabled","maxTasksPerNode":1,"taskSchedulingPolicy":{"nodeFillType":"Spread"},"deploymentConfiguration":{"cloudServiceConfiguration":{"osFamily":"5","osVersion":"*"}},"scaleSettings":{"fixedScale":{"targetDedicatedNodes":0,"targetLowPriorityNodes":0,"resizeTimeout":"PT15M"}},"startTask":{"commandLine":"cmd.exe
        /c \"echo hello world\"","resourceFiles":[{"filePath":"filename.txt","httpUrl":"https://blobsource.com"}],"environmentSettings":[{"name":"ENV_VAR","value":"env_value"}],"userIdentity":{"autoUser":{"scope":"Pool","elevationLevel":"Admin"}},"maxTaskRetryCount":0,"waitForSuccess":true},"userAccounts":[{"name":"UserName","elevationLevel":"NonAdmin","windowsUserConfiguration":{"loginMode":"Interactive"}}],"resizeOperationStatus":{"targetDedicatedNodes":0,"nodeDeallocationOption":"Requeue","resizeTimeout":"PT15M","startTime":"2020-04-10T19:08:14.6228656Z"},"currentDedicatedNodes":0,"currentLowPriorityNodes":0}}'
    headers:
      cache-control:
      - no-cache
      content-length:
      - '1561'
      content-type:
      - application/json; charset=utf-8
      date:
      - Fri, 10 Apr 2020 19:08:14 GMT
      etag:
      - W/"0x8D7DD8285302DB0"
      expires:
      - '-1'
      last-modified:
      - Fri, 10 Apr 2020 19:08:14 GMT
      pragma:
      - no-cache
      server:
      - Microsoft-HTTPAPI/2.0
      strict-transport-security:
      - max-age=31536000; includeSubDomains
      transfer-encoding:
      - chunked
      vary:
      - Accept-Encoding
      x-content-type-options:
      - nosniff
      x-ms-ratelimit-remaining-subscription-writes:
      - '1199'
    status:
      code: 200
      message: OK
- request:
    body: '{"properties": {"displayName": "test_pool", "vmSize": "Standard_A1", "deploymentConfiguration":
      {"virtualMachineConfiguration": {"imageReference": {"publisher": "MicrosoftWindowsServer",
      "offer": "WindowsServer", "sku": "2016-Datacenter-smalldisk"}, "nodeAgentSkuId":
      "batch.node.windows amd64", "windowsConfiguration": {"enableAutomaticUpdates":
      true}}}, "scaleSettings": {"fixedScale": {"targetDedicatedNodes": 0, "targetLowPriorityNodes":
      0}}}}'
    headers:
      Accept:
      - application/json
      Accept-Encoding:
      - gzip, deflate
      Connection:
      - keep-alive
      Content-Length:
      - '447'
      Content-Type:
      - application/json; charset=utf-8
      User-Agent:
      - python/3.7.3 (Windows-10-10.0.18362-SP0) msrest/0.6.11 msrest_azure/0.6.2
        azure-mgmt-batch/2020-03-01 Azure-SDK-For-Python
      accept-language:
      - en-US
    method: PUT
    uri: https://management.azure.com/subscriptions/00000000-0000-0000-0000-000000000000/resourceGroups/test_mgmt_batch_test_mgmt_batch_pools1f5c0f25/providers/Microsoft.Batch/batchAccounts/batch1f5c0f25/pools/test_iaas_pool?api-version=2020-03-01
  response:
    body:
      string: '{"id":"/subscriptions/00000000-0000-0000-0000-000000000000/resourceGroups/test_mgmt_batch_test_mgmt_batch_pools1f5c0f25/providers/Microsoft.Batch/batchAccounts/batch1f5c0f25/pools/test_iaas_pool","name":"test_iaas_pool","type":"Microsoft.Batch/batchAccounts/pools","etag":"W/\"0x8D7DD828572E580\"","properties":{"lastModified":"2020-04-10T19:08:15.0601088Z","creationTime":"2020-04-10T19:08:15.0601088Z","provisioningState":"Succeeded","provisioningStateTransitionTime":"2020-04-10T19:08:15.0601088Z","allocationState":"Resizing","allocationStateTransitionTime":"2020-04-10T19:08:15.0601088Z","vmSize":"STANDARD_A1","interNodeCommunication":"Disabled","maxTasksPerNode":1,"taskSchedulingPolicy":{"nodeFillType":"Spread"},"deploymentConfiguration":{"virtualMachineConfiguration":{"imageReference":{"publisher":"MicrosoftWindowsServer","offer":"WindowsServer","sku":"2016-Datacenter-smalldisk","version":"latest"},"nodeAgentSkuId":"batch.node.windows
        amd64","windowsConfiguration":{"enableAutomaticUpdates":true}}},"scaleSettings":{"fixedScale":{"targetDedicatedNodes":0,"targetLowPriorityNodes":0,"resizeTimeout":"PT15M"}},"resizeOperationStatus":{"targetDedicatedNodes":0,"nodeDeallocationOption":"Requeue","resizeTimeout":"PT15M","startTime":"2020-04-10T19:08:15.0601088Z"},"currentDedicatedNodes":0,"currentLowPriorityNodes":0}}'
    headers:
      cache-control:
      - no-cache
      content-length:
      - '1330'
      content-type:
      - application/json; charset=utf-8
      date:
      - Fri, 10 Apr 2020 19:08:15 GMT
      etag:
      - W/"0x8D7DD828572E580"
      expires:
      - '-1'
      last-modified:
      - Fri, 10 Apr 2020 19:08:15 GMT
      pragma:
      - no-cache
      server:
      - Microsoft-HTTPAPI/2.0
      strict-transport-security:
      - max-age=31536000; includeSubDomains
      transfer-encoding:
      - chunked
      vary:
      - Accept-Encoding
      x-content-type-options:
      - nosniff
      x-ms-ratelimit-remaining-subscription-writes:
      - '1198'
    status:
      code: 200
      message: OK
- request:
    body: null
    headers:
      Accept:
      - application/json
      Accept-Encoding:
      - gzip, deflate
      Connection:
      - keep-alive
      User-Agent:
      - python/3.7.3 (Windows-10-10.0.18362-SP0) msrest/0.6.11 msrest_azure/0.6.2
        azure-mgmt-batch/2020-03-01 Azure-SDK-For-Python
      accept-language:
      - en-US
    method: GET
    uri: https://management.azure.com/subscriptions/00000000-0000-0000-0000-000000000000/resourceGroups/test_mgmt_batch_test_mgmt_batch_pools1f5c0f25/providers/Microsoft.Batch/batchAccounts/batch1f5c0f25/pools?api-version=2020-03-01
  response:
    body:
      string: '{"value":[{"id":"/subscriptions/00000000-0000-0000-0000-000000000000/resourceGroups/test_mgmt_batch_test_mgmt_batch_pools1f5c0f25/providers/Microsoft.Batch/batchAccounts/batch1f5c0f25/pools/test_iaas_pool","name":"test_iaas_pool","type":"Microsoft.Batch/batchAccounts/pools","etag":"W/\"0x8D7DD828572E580\"","properties":{"lastModified":"2020-04-10T19:08:15.0601088Z","creationTime":"2020-04-10T19:08:15.0601088Z","provisioningState":"Succeeded","provisioningStateTransitionTime":"2020-04-10T19:08:15.0601088Z","allocationState":"Resizing","allocationStateTransitionTime":"2020-04-10T19:08:15.0601088Z","vmSize":"STANDARD_A1","interNodeCommunication":"Disabled","maxTasksPerNode":1,"taskSchedulingPolicy":{"nodeFillType":"Spread"},"deploymentConfiguration":{"virtualMachineConfiguration":{"imageReference":{"publisher":"MicrosoftWindowsServer","offer":"WindowsServer","sku":"2016-Datacenter-smalldisk","version":"latest"},"nodeAgentSkuId":"batch.node.windows
        amd64","windowsConfiguration":{"enableAutomaticUpdates":true}}},"scaleSettings":{"fixedScale":{"targetDedicatedNodes":0,"targetLowPriorityNodes":0,"resizeTimeout":"PT15M"}},"resizeOperationStatus":{"targetDedicatedNodes":0,"nodeDeallocationOption":"Requeue","resizeTimeout":"PT15M","startTime":"2020-04-10T19:08:15.0601088Z"},"currentDedicatedNodes":0,"currentLowPriorityNodes":0}},{"id":"/subscriptions/00000000-0000-0000-0000-000000000000/resourceGroups/test_mgmt_batch_test_mgmt_batch_pools1f5c0f25/providers/Microsoft.Batch/batchAccounts/batch1f5c0f25/pools/test_paas_pool","name":"test_paas_pool","type":"Microsoft.Batch/batchAccounts/pools","etag":"W/\"0x8D7DD8285302DB0\"","properties":{"lastModified":"2020-04-10T19:08:14.6228656Z","creationTime":"2020-04-10T19:08:14.6228656Z","provisioningState":"Succeeded","provisioningStateTransitionTime":"2020-04-10T19:08:14.6228656Z","allocationState":"Steady","allocationStateTransitionTime":"2020-04-10T19:08:15.0458344Z","vmSize":"Small","interNodeCommunication":"Disabled","maxTasksPerNode":1,"taskSchedulingPolicy":{"nodeFillType":"Spread"},"deploymentConfiguration":{"cloudServiceConfiguration":{"osFamily":"5","osVersion":"*"}},"scaleSettings":{"fixedScale":{"targetDedicatedNodes":0,"targetLowPriorityNodes":0,"resizeTimeout":"PT15M"}},"startTask":{"commandLine":"cmd.exe
        /c \"echo hello world\"","resourceFiles":[{"filePath":"filename.txt","httpUrl":"https://blobsource.com"}],"environmentSettings":[{"name":"ENV_VAR","value":"env_value"}],"userIdentity":{"autoUser":{"scope":"Pool","elevationLevel":"Admin"}},"maxTaskRetryCount":0,"waitForSuccess":true},"userAccounts":[{"name":"UserName","elevationLevel":"NonAdmin","windowsUserConfiguration":{"loginMode":"Interactive"}}],"resizeOperationStatus":{"targetDedicatedNodes":0,"nodeDeallocationOption":"Requeue","resizeTimeout":"PT15M","startTime":"2020-04-10T19:08:14.6228656Z"},"currentDedicatedNodes":0,"currentLowPriorityNodes":0}}]}'
    headers:
      cache-control:
      - no-cache
      content-length:
      - '2902'
      content-type:
      - application/json; charset=utf-8
      date:
      - Fri, 10 Apr 2020 19:08:15 GMT
      expires:
      - '-1'
      pragma:
      - no-cache
      server:
      - Microsoft-HTTPAPI/2.0
      strict-transport-security:
      - max-age=31536000; includeSubDomains
      transfer-encoding:
      - chunked
      vary:
      - Accept-Encoding
      x-content-type-options:
      - nosniff
    status:
      code: 200
      message: OK
- request:
    body: '{"properties": {"scaleSettings": {"autoScale": {"formula": "$TargetDedicatedNodes=0"}}}}'
    headers:
      Accept:
      - application/json
      Accept-Encoding:
      - gzip, deflate
      Connection:
      - keep-alive
      Content-Length:
      - '88'
      Content-Type:
      - application/json; charset=utf-8
      User-Agent:
      - python/3.7.3 (Windows-10-10.0.18362-SP0) msrest/0.6.11 msrest_azure/0.6.2
        azure-mgmt-batch/2020-03-01 Azure-SDK-For-Python
      accept-language:
      - en-US
    method: PATCH
    uri: https://management.azure.com/subscriptions/00000000-0000-0000-0000-000000000000/resourceGroups/test_mgmt_batch_test_mgmt_batch_pools1f5c0f25/providers/Microsoft.Batch/batchAccounts/batch1f5c0f25/pools/test_iaas_pool?api-version=2020-03-01
  response:
    body:
      string: '{"id":"/subscriptions/00000000-0000-0000-0000-000000000000/resourceGroups/test_mgmt_batch_test_mgmt_batch_pools1f5c0f25/providers/Microsoft.Batch/batchAccounts/batch1f5c0f25/pools/test_iaas_pool","name":"test_iaas_pool","type":"Microsoft.Batch/batchAccounts/pools","etag":"W/\"0x8D7DD8285E1F311\"","properties":{"lastModified":"2020-04-10T19:08:15.7879057Z","creationTime":"2020-04-10T19:08:15.0601088Z","provisioningState":"Succeeded","provisioningStateTransitionTime":"2020-04-10T19:08:15.0601088Z","allocationState":"Resizing","allocationStateTransitionTime":"2020-04-10T19:08:15.7879057Z","vmSize":"STANDARD_A1","interNodeCommunication":"Disabled","maxTasksPerNode":1,"taskSchedulingPolicy":{"nodeFillType":"Spread"},"deploymentConfiguration":{"virtualMachineConfiguration":{"imageReference":{"publisher":"MicrosoftWindowsServer","offer":"WindowsServer","sku":"2016-Datacenter-smalldisk","version":"latest"},"nodeAgentSkuId":"batch.node.windows
        amd64","windowsConfiguration":{"enableAutomaticUpdates":true}}},"scaleSettings":{"autoScale":{"formula":"$TargetDedicatedNodes=0","evaluationInterval":"PT15M"}},"currentDedicatedNodes":0,"currentLowPriorityNodes":0,"autoScaleRun":{"evaluationTime":"2020-04-10T19:08:15.7879057Z","results":"$TargetDedicatedNodes=0;$TargetLowPriorityNodes=0;$NodeDeallocationOption=requeue"}}}'
    headers:
      cache-control:
      - no-cache
      content-length:
      - '1324'
      content-type:
      - application/json; charset=utf-8
      date:
      - Fri, 10 Apr 2020 19:08:15 GMT
      etag:
      - W/"0x8D7DD8285E1F311"
      expires:
      - '-1'
      last-modified:
      - Fri, 10 Apr 2020 19:08:15 GMT
      pragma:
      - no-cache
      server:
      - Microsoft-HTTPAPI/2.0
      strict-transport-security:
      - max-age=31536000; includeSubDomains
      transfer-encoding:
      - chunked
      vary:
      - Accept-Encoding
      x-content-type-options:
      - nosniff
      x-ms-ratelimit-remaining-subscription-writes:
      - '1197'
    status:
      code: 200
      message: OK
- request:
    body: null
    headers:
      Accept:
      - application/json
      Accept-Encoding:
      - gzip, deflate
      Connection:
      - keep-alive
      User-Agent:
      - python/3.7.3 (Windows-10-10.0.18362-SP0) msrest/0.6.11 msrest_azure/0.6.2
        azure-mgmt-batch/2020-03-01 Azure-SDK-For-Python
      accept-language:
      - en-US
    method: GET
    uri: https://management.azure.com/subscriptions/00000000-0000-0000-0000-000000000000/resourceGroups/test_mgmt_batch_test_mgmt_batch_pools1f5c0f25/providers/Microsoft.Batch/batchAccounts/batch1f5c0f25/pools/test_iaas_pool?api-version=2020-03-01
  response:
    body:
      string: '{"id":"/subscriptions/00000000-0000-0000-0000-000000000000/resourceGroups/test_mgmt_batch_test_mgmt_batch_pools1f5c0f25/providers/Microsoft.Batch/batchAccounts/batch1f5c0f25/pools/test_iaas_pool","name":"test_iaas_pool","type":"Microsoft.Batch/batchAccounts/pools","etag":"W/\"0x8D7DD8285E1F311\"","properties":{"lastModified":"2020-04-10T19:08:15.7879057Z","creationTime":"2020-04-10T19:08:15.0601088Z","provisioningState":"Succeeded","provisioningStateTransitionTime":"2020-04-10T19:08:15.0601088Z","allocationState":"Resizing","allocationStateTransitionTime":"2020-04-10T19:08:15.7879057Z","vmSize":"STANDARD_A1","interNodeCommunication":"Disabled","maxTasksPerNode":1,"taskSchedulingPolicy":{"nodeFillType":"Spread"},"deploymentConfiguration":{"virtualMachineConfiguration":{"imageReference":{"publisher":"MicrosoftWindowsServer","offer":"WindowsServer","sku":"2016-Datacenter-smalldisk","version":"latest"},"nodeAgentSkuId":"batch.node.windows
        amd64","windowsConfiguration":{"enableAutomaticUpdates":true}}},"scaleSettings":{"autoScale":{"formula":"$TargetDedicatedNodes=0","evaluationInterval":"PT15M"}},"currentDedicatedNodes":0,"currentLowPriorityNodes":0,"autoScaleRun":{"evaluationTime":"2020-04-10T19:08:15.7879057Z","results":"$TargetDedicatedNodes=0;$TargetLowPriorityNodes=0;$NodeDeallocationOption=requeue"}}}'
    headers:
      cache-control:
      - no-cache
      content-length:
      - '1324'
      content-type:
      - application/json; charset=utf-8
      date:
      - Fri, 10 Apr 2020 19:08:15 GMT
      etag:
      - W/"0x8D7DD8285E1F311"
      expires:
      - '-1'
      last-modified:
      - Fri, 10 Apr 2020 19:08:15 GMT
      pragma:
      - no-cache
      server:
      - Microsoft-HTTPAPI/2.0
      strict-transport-security:
      - max-age=31536000; includeSubDomains
      transfer-encoding:
      - chunked
      vary:
      - Accept-Encoding
      x-content-type-options:
      - nosniff
    status:
      code: 200
      message: OK
- request:
    body: null
    headers:
      Accept:
      - application/json
      Accept-Encoding:
      - gzip, deflate
      Connection:
      - keep-alive
      Content-Length:
      - '0'
      User-Agent:
      - python/3.7.3 (Windows-10-10.0.18362-SP0) msrest/0.6.11 msrest_azure/0.6.2
        azure-mgmt-batch/2020-03-01 Azure-SDK-For-Python
      accept-language:
      - en-US
    method: POST
    uri: https://management.azure.com/subscriptions/00000000-0000-0000-0000-000000000000/resourceGroups/test_mgmt_batch_test_mgmt_batch_pools1f5c0f25/providers/Microsoft.Batch/batchAccounts/batch1f5c0f25/pools/test_iaas_pool/stopResize?api-version=2020-03-01
  response:
    body:
      string: '{"error":{"code":"OperationInvalidForCurrentState","message":"The specified
        operation is not valid for the current state of the resource.\nRequestId:9780a820-83f0-40d7-83d0-a6dfc7c534a4\nTime:2020-04-10T19:08:16.1732721Z","target":"BatchAccount","details":[{"code":"Reason","message":"The
        specified pool has AutoScale enabled. AutoScale resize cannot be stopped"}]}}'
    headers:
      cache-control:
      - no-cache
      content-length:
      - '366'
      content-type:
      - application/json; charset=utf-8
      date:
      - Fri, 10 Apr 2020 19:08:16 GMT
      expires:
      - '-1'
      pragma:
      - no-cache
      server:
      - Microsoft-HTTPAPI/2.0
      strict-transport-security:
      - max-age=31536000; includeSubDomains
      x-content-type-options:
      - nosniff
      x-ms-ratelimit-remaining-subscription-writes:
      - '1199'
    status:
      code: 409
      message: The specified operation is not valid for the current state of the resource.
- request:
    body: null
    headers:
      Accept:
      - application/json
      Accept-Encoding:
      - gzip, deflate
      Connection:
      - keep-alive
      Content-Length:
      - '0'
      User-Agent:
      - python/3.7.3 (Windows-10-10.0.18362-SP0) msrest/0.6.11 msrest_azure/0.6.2
        azure-mgmt-batch/2020-03-01 Azure-SDK-For-Python
      accept-language:
      - en-US
    method: POST
    uri: https://management.azure.com/subscriptions/00000000-0000-0000-0000-000000000000/resourceGroups/test_mgmt_batch_test_mgmt_batch_pools1f5c0f25/providers/Microsoft.Batch/batchAccounts/batch1f5c0f25/pools/test_iaas_pool/disableAutoScale?api-version=2020-03-01
  response:
    body:
      string: '{"id":"/subscriptions/00000000-0000-0000-0000-000000000000/resourceGroups/test_mgmt_batch_test_mgmt_batch_pools1f5c0f25/providers/Microsoft.Batch/batchAccounts/batch1f5c0f25/pools/test_iaas_pool","name":"test_iaas_pool","type":"Microsoft.Batch/batchAccounts/pools","etag":"W/\"0x8D7DD833944235A\"","properties":{"lastModified":"2020-04-10T19:13:16.743561Z","creationTime":"2020-04-10T19:08:15.0601088Z","provisioningState":"Succeeded","provisioningStateTransitionTime":"2020-04-10T19:08:15.0601088Z","allocationState":"Resizing","allocationStateTransitionTime":"2020-04-10T19:13:16.743561Z","vmSize":"STANDARD_A1","interNodeCommunication":"Disabled","maxTasksPerNode":1,"taskSchedulingPolicy":{"nodeFillType":"Spread"},"deploymentConfiguration":{"virtualMachineConfiguration":{"imageReference":{"publisher":"MicrosoftWindowsServer","offer":"WindowsServer","sku":"2016-Datacenter-smalldisk","version":"latest"},"nodeAgentSkuId":"batch.node.windows
        amd64","windowsConfiguration":{"enableAutomaticUpdates":true}}},"scaleSettings":{"fixedScale":{"targetDedicatedNodes":0,"targetLowPriorityNodes":0,"resizeTimeout":"PT15M"}},"currentDedicatedNodes":0,"currentLowPriorityNodes":0}}'
    headers:
      cache-control:
      - no-cache
      content-length:
      - '1175'
      content-type:
      - application/json; charset=utf-8
      date:
      - Fri, 10 Apr 2020 19:13:16 GMT
      etag:
      - W/"0x8D7DD833944235A"
      expires:
      - '-1'
      last-modified:
      - Fri, 10 Apr 2020 19:13:16 GMT
      pragma:
      - no-cache
      server:
      - Microsoft-HTTPAPI/2.0
      strict-transport-security:
      - max-age=31536000; includeSubDomains
      transfer-encoding:
      - chunked
      vary:
      - Accept-Encoding
      x-content-type-options:
      - nosniff
      x-ms-ratelimit-remaining-subscription-writes:
      - '1199'
    status:
      code: 200
      message: OK
- request:
    body: null
    headers:
      Accept:
      - application/json
      Accept-Encoding:
      - gzip, deflate
      Connection:
      - keep-alive
      Content-Length:
      - '0'
      User-Agent:
      - python/3.7.3 (Windows-10-10.0.18362-SP0) msrest/0.6.11 msrest_azure/0.6.2
        azure-mgmt-batch/2020-03-01 Azure-SDK-For-Python
      accept-language:
      - en-US
    method: DELETE
    uri: https://management.azure.com/subscriptions/00000000-0000-0000-0000-000000000000/resourceGroups/test_mgmt_batch_test_mgmt_batch_pools1f5c0f25/providers/Microsoft.Batch/batchAccounts/batch1f5c0f25/pools/test_iaas_pool?api-version=2020-03-01
  response:
    body:
      string: ''
    headers:
      cache-control:
      - no-cache
      content-length:
      - '0'
      date:
      - Fri, 10 Apr 2020 19:13:16 GMT
      expires:
      - '-1'
      location:
      - https://management.azure.com/subscriptions/00000000-0000-0000-0000-000000000000/resourceGroups/test_mgmt_batch_test_mgmt_batch_pools1f5c0f25/providers/Microsoft.Batch/batchAccounts/batch1f5c0f25/poolOperationResults/delete-test_iaas_pool?api-version=2020-03-01
      pragma:
      - no-cache
      server:
      - Microsoft-HTTPAPI/2.0
      strict-transport-security:
      - max-age=31536000; includeSubDomains
      x-content-type-options:
      - nosniff
      x-ms-ratelimit-remaining-subscription-deletes:
      - '14999'
    status:
      code: 202
      message: Accepted
- request:
    body: null
    headers:
      Accept:
      - application/json
      Accept-Encoding:
      - gzip, deflate
      Connection:
      - keep-alive
      User-Agent:
      - python/3.7.3 (Windows-10-10.0.18362-SP0) msrest/0.6.11 msrest_azure/0.6.2
        azure-mgmt-batch/2020-03-01 Azure-SDK-For-Python
    method: GET
    uri: https://management.azure.com/subscriptions/00000000-0000-0000-0000-000000000000/resourceGroups/test_mgmt_batch_test_mgmt_batch_pools1f5c0f25/providers/Microsoft.Batch/batchAccounts/batch1f5c0f25/poolOperationResults/delete-test_iaas_pool?api-version=2020-03-01
  response:
    body:
      string: ''
    headers:
      cache-control:
      - no-cache
      content-length:
      - '0'
      date:
      - Fri, 10 Apr 2020 19:13:31 GMT
      expires:
      - '-1'
      pragma:
      - no-cache
      server:
      - Microsoft-HTTPAPI/2.0
      strict-transport-security:
      - max-age=31536000; includeSubDomains
      x-content-type-options:
      - nosniff
    status:
      code: 200
      message: OK
version: 1
