interactions:
- request:
    body: '{"location": "eastus", "properties": {"publicNetworkAccess": "Enabled"}}'
    headers:
      Accept:
      - application/json
      Accept-Encoding:
      - gzip, deflate
      Connection:
      - keep-alive
      Content-Length:
      - '72'
      Content-Type:
      - application/json
      User-Agent:
      - azsdk-python-mgmt-batch/16.0.0 Python/3.8.3 (macOS-10.15.7-x86_64-i386-64bit)
    method: PUT
    uri: https://centraluseuap.management.azure.com/subscriptions/00000000-0000-0000-0000-000000000000/resourceGroups/test_mgmt_batch_test_mgmt_batch_account3e1b0fe5/providers/Microsoft.Batch/batchAccounts/batch3e1b0fe5?api-version=2021-06-01
  response:
    body:
      string: ''
    headers:
      cache-control:
      - no-cache
      content-length:
      - '0'
      date:
      - Sat, 17 Jul 2021 22:22:34 GMT
      expires:
      - '-1'
      location:
      - https://centraluseuap.management.azure.com/subscriptions/00000000-0000-0000-0000-000000000000/resourceGroups/test_mgmt_batch_test_mgmt_batch_account3e1b0fe5/providers/Microsoft.Batch/batchAccounts/batch3e1b0fe5/operationResults/e07d5608-f5f9-4fb5-a8ed-3bef723c4ba2?api-version=2021-06-01
      pragma:
      - no-cache
      server:
      - Microsoft-HTTPAPI/2.0
      strict-transport-security:
      - max-age=31536000; includeSubDomains
      x-content-type-options:
      - nosniff
      x-ms-ratelimit-remaining-subscription-writes:
      - '1198'
    status:
      code: 202
      message: Accepted
- request:
    body: null
    headers:
      Accept:
      - '*/*'
      Accept-Encoding:
      - gzip, deflate
      Connection:
      - keep-alive
      User-Agent:
      - azsdk-python-mgmt-batch/16.0.0 Python/3.8.3 (macOS-10.15.7-x86_64-i386-64bit)
    method: GET
    uri: https://centraluseuap.management.azure.com/subscriptions/00000000-0000-0000-0000-000000000000/resourceGroups/test_mgmt_batch_test_mgmt_batch_account3e1b0fe5/providers/Microsoft.Batch/batchAccounts/batch3e1b0fe5/operationResults/e07d5608-f5f9-4fb5-a8ed-3bef723c4ba2?api-version=2021-06-01
  response:
    body:
      string: '{"id":"/subscriptions/00000000-0000-0000-0000-000000000000/resourceGroups/test_mgmt_batch_test_mgmt_batch_account3e1b0fe5/providers/Microsoft.Batch/batchAccounts/batch3e1b0fe5","name":"batch3e1b0fe5","type":"Microsoft.Batch/batchAccounts","location":"eastus","properties":{"accountEndpoint":"batch3e1b0fe5.pilotprod2.eastus.batch.azure.com","provisioningState":"Succeeded","dedicatedCoreQuota":500,"dedicatedCoreQuotaPerVMFamily":[{"name":"standardAv2Family","coreQuota":500},{"name":"standardDv2Family","coreQuota":250},{"name":"standardDv3Family","coreQuota":500},{"name":"standardEv3Family","coreQuota":500},{"name":"standardDSv2Family","coreQuota":250},{"name":"standardDSv3Family","coreQuota":500},{"name":"standardESv3Family","coreQuota":500},{"name":"standardFSv2Family","coreQuota":100},{"name":"standardNCFamily","coreQuota":24},{"name":"standardNVFamily","coreQuota":24},{"name":"standardDDv4Family","coreQuota":100},{"name":"standardDDSv4Family","coreQuota":100},{"name":"standardEDv4Family","coreQuota":100},{"name":"standardEDSv4Family","coreQuota":100},{"name":"standardA0_A7Family","coreQuota":0},{"name":"standardA8_A11Family","coreQuota":0},{"name":"standardDFamily","coreQuota":0},{"name":"standardGFamily","coreQuota":0},{"name":"basicAFamily","coreQuota":0},{"name":"standardFFamily","coreQuota":0},{"name":"standardNVPromoFamily","coreQuota":0},{"name":"standardNCPromoFamily","coreQuota":0},{"name":"standardHFamily","coreQuota":0},{"name":"standardHPromoFamily","coreQuota":0},{"name":"standardMSFamily","coreQuota":0},{"name":"standardDSFamily","coreQuota":0},{"name":"standardFSFamily","coreQuota":0},{"name":"standardGSFamily","coreQuota":0},{"name":"standardLSFamily","coreQuota":0},{"name":"standardLSv2Family","coreQuota":0},{"name":"standardNCSv2Family","coreQuota":0},{"name":"standardNDSFamily","coreQuota":0},{"name":"standardNCSv3Family","coreQuota":0},{"name":"standardHBSFamily","coreQuota":0},{"name":"standardHCSFamily","coreQuota":0},{"name":"standardNVSv3Family","coreQuota":0},{"name":"standardHBrsv2Family","coreQuota":0},{"name":"standardDAv4Family","coreQuota":0},{"name":"standardDASv4Family","coreQuota":0},{"name":"standardEAv4Family","coreQuota":0},{"name":"standardEASv4Family","coreQuota":0},{"name":"standardMSv2Family","coreQuota":0},{"name":"standardEIv3Family","coreQuota":0},{"name":"standardNVSv4Family","coreQuota":0},{"name":"Standard
        NCASv3_T4 Family","coreQuota":0},{"name":"standardXEIDSv4Family","coreQuota":0},{"name":"Standard
        NDASv4_A100 Family","coreQuota":0},{"name":"standardDCSv2Family","coreQuota":0},{"name":"standardHBv3Family","coreQuota":0},{"name":"standardNPSFamily","coreQuota":0}],"dedicatedCoreQuotaPerVMFamilyEnforced":true,"lowPriorityCoreQuota":500,"poolQuota":100,"activeJobAndJobScheduleQuota":300,"poolAllocationMode":"BatchService","publicNetworkAccess":"Enabled","encryption":{"keySource":"Microsoft.Batch"},"allowedAuthenticationModes":["SharedKey","AAD","TaskAuthenticationToken"]},"identity":{"type":"None"}}'
    headers:
      cache-control:
      - no-cache
      content-length:
      - '3003'
      content-type:
      - application/json; charset=utf-8
      date:
      - Sat, 17 Jul 2021 22:22:49 GMT
      etag:
      - '"0x8D94971696CB250"'
      expires:
      - '-1'
      last-modified:
      - Sat, 17 Jul 2021 22:22:49 GMT
      pragma:
      - no-cache
      server:
      - Microsoft-HTTPAPI/2.0
      strict-transport-security:
      - max-age=31536000; includeSubDomains
      transfer-encoding:
      - chunked
      vary:
      - Accept-Encoding
      x-content-type-options:
      - nosniff
    status:
      code: 200
      message: OK
- request:
    body: null
    headers:
      Accept:
      - application/json
      Accept-Encoding:
      - gzip, deflate
      Connection:
      - keep-alive
      User-Agent:
      - azsdk-python-mgmt-batch/16.0.0 Python/3.8.3 (macOS-10.15.7-x86_64-i386-64bit)
    method: GET
    uri: https://centraluseuap.management.azure.com/subscriptions/00000000-0000-0000-0000-000000000000/resourceGroups/test_mgmt_batch_test_mgmt_batch_account3e1b0fe5/providers/Microsoft.Batch/batchAccounts/batch3e1b0fe5?api-version=2021-06-01
  response:
    body:
      string: '{"id":"/subscriptions/00000000-0000-0000-0000-000000000000/resourceGroups/test_mgmt_batch_test_mgmt_batch_account3e1b0fe5/providers/Microsoft.Batch/batchAccounts/batch3e1b0fe5","name":"batch3e1b0fe5","type":"Microsoft.Batch/batchAccounts","location":"eastus","properties":{"accountEndpoint":"batch3e1b0fe5.pilotprod2.eastus.batch.azure.com","provisioningState":"Succeeded","dedicatedCoreQuota":500,"dedicatedCoreQuotaPerVMFamily":[{"name":"standardAv2Family","coreQuota":500},{"name":"standardDv2Family","coreQuota":250},{"name":"standardDv3Family","coreQuota":500},{"name":"standardEv3Family","coreQuota":500},{"name":"standardDSv2Family","coreQuota":250},{"name":"standardDSv3Family","coreQuota":500},{"name":"standardESv3Family","coreQuota":500},{"name":"standardFSv2Family","coreQuota":100},{"name":"standardNCFamily","coreQuota":24},{"name":"standardNVFamily","coreQuota":24},{"name":"standardDDv4Family","coreQuota":100},{"name":"standardDDSv4Family","coreQuota":100},{"name":"standardEDv4Family","coreQuota":100},{"name":"standardEDSv4Family","coreQuota":100},{"name":"standardA0_A7Family","coreQuota":0},{"name":"standardA8_A11Family","coreQuota":0},{"name":"standardDFamily","coreQuota":0},{"name":"standardGFamily","coreQuota":0},{"name":"basicAFamily","coreQuota":0},{"name":"standardFFamily","coreQuota":0},{"name":"standardNVPromoFamily","coreQuota":0},{"name":"standardNCPromoFamily","coreQuota":0},{"name":"standardHFamily","coreQuota":0},{"name":"standardHPromoFamily","coreQuota":0},{"name":"standardMSFamily","coreQuota":0},{"name":"standardDSFamily","coreQuota":0},{"name":"standardFSFamily","coreQuota":0},{"name":"standardGSFamily","coreQuota":0},{"name":"standardLSFamily","coreQuota":0},{"name":"standardLSv2Family","coreQuota":0},{"name":"standardNCSv2Family","coreQuota":0},{"name":"standardNDSFamily","coreQuota":0},{"name":"standardNCSv3Family","coreQuota":0},{"name":"standardHBSFamily","coreQuota":0},{"name":"standardHCSFamily","coreQuota":0},{"name":"standardNVSv3Family","coreQuota":0},{"name":"standardHBrsv2Family","coreQuota":0},{"name":"standardDAv4Family","coreQuota":0},{"name":"standardDASv4Family","coreQuota":0},{"name":"standardEAv4Family","coreQuota":0},{"name":"standardEASv4Family","coreQuota":0},{"name":"standardMSv2Family","coreQuota":0},{"name":"standardEIv3Family","coreQuota":0},{"name":"standardNVSv4Family","coreQuota":0},{"name":"Standard
        NCASv3_T4 Family","coreQuota":0},{"name":"standardXEIDSv4Family","coreQuota":0},{"name":"Standard
        NDASv4_A100 Family","coreQuota":0},{"name":"standardDCSv2Family","coreQuota":0},{"name":"standardHBv3Family","coreQuota":0},{"name":"standardNPSFamily","coreQuota":0}],"dedicatedCoreQuotaPerVMFamilyEnforced":true,"lowPriorityCoreQuota":500,"poolQuota":100,"activeJobAndJobScheduleQuota":300,"poolAllocationMode":"BatchService","publicNetworkAccess":"Enabled","encryption":{"keySource":"Microsoft.Batch"},"allowedAuthenticationModes":["SharedKey","AAD","TaskAuthenticationToken"]},"identity":{"type":"None"}}'
    headers:
      cache-control:
      - no-cache
      content-length:
      - '3003'
      content-type:
      - application/json; charset=utf-8
      date:
      - Sat, 17 Jul 2021 22:22:49 GMT
      etag:
      - '"0x8D9497162750036"'
      expires:
      - '-1'
      last-modified:
      - Sat, 17 Jul 2021 22:22:38 GMT
      pragma:
      - no-cache
      server:
      - Microsoft-HTTPAPI/2.0
      strict-transport-security:
      - max-age=31536000; includeSubDomains
      transfer-encoding:
      - chunked
      vary:
      - Accept-Encoding
      x-content-type-options:
      - nosniff
    status:
      code: 200
      message: OK
- request:
    body: null
    headers:
      Accept:
      - application/json
      Accept-Encoding:
      - gzip, deflate
      Connection:
      - keep-alive
      User-Agent:
      - azsdk-python-mgmt-batch/16.0.0 Python/3.8.3 (macOS-10.15.7-x86_64-i386-64bit)
    method: GET
    uri: https://centraluseuap.management.azure.com/subscriptions/00000000-0000-0000-0000-000000000000/resourceGroups/test_mgmt_batch_test_mgmt_batch_account3e1b0fe5/providers/Microsoft.Batch/batchAccounts?api-version=2021-06-01
  response:
    body:
      string: '{"value":[{"id":"/subscriptions/00000000-0000-0000-0000-000000000000/resourceGroups/test_mgmt_batch_test_mgmt_batch_account3e1b0fe5/providers/Microsoft.Batch/batchAccounts/batch3e1b0fe5","name":"batch3e1b0fe5","type":"Microsoft.Batch/batchAccounts","location":"eastus","properties":{"accountEndpoint":"batch3e1b0fe5.pilotprod2.eastus.batch.azure.com","provisioningState":"Succeeded","dedicatedCoreQuota":500,"dedicatedCoreQuotaPerVMFamily":[{"name":"standardAv2Family","coreQuota":500},{"name":"standardDv2Family","coreQuota":250},{"name":"standardDv3Family","coreQuota":500},{"name":"standardEv3Family","coreQuota":500},{"name":"standardDSv2Family","coreQuota":250},{"name":"standardDSv3Family","coreQuota":500},{"name":"standardESv3Family","coreQuota":500},{"name":"standardFSv2Family","coreQuota":100},{"name":"standardNCFamily","coreQuota":24},{"name":"standardNVFamily","coreQuota":24},{"name":"standardDDv4Family","coreQuota":100},{"name":"standardDDSv4Family","coreQuota":100},{"name":"standardEDv4Family","coreQuota":100},{"name":"standardEDSv4Family","coreQuota":100},{"name":"standardA0_A7Family","coreQuota":0},{"name":"standardA8_A11Family","coreQuota":0},{"name":"standardDFamily","coreQuota":0},{"name":"standardGFamily","coreQuota":0},{"name":"basicAFamily","coreQuota":0},{"name":"standardFFamily","coreQuota":0},{"name":"standardNVPromoFamily","coreQuota":0},{"name":"standardNCPromoFamily","coreQuota":0},{"name":"standardHFamily","coreQuota":0},{"name":"standardHPromoFamily","coreQuota":0},{"name":"standardMSFamily","coreQuota":0},{"name":"standardDSFamily","coreQuota":0},{"name":"standardFSFamily","coreQuota":0},{"name":"standardGSFamily","coreQuota":0},{"name":"standardLSFamily","coreQuota":0},{"name":"standardLSv2Family","coreQuota":0},{"name":"standardNCSv2Family","coreQuota":0},{"name":"standardNDSFamily","coreQuota":0},{"name":"standardNCSv3Family","coreQuota":0},{"name":"standardHBSFamily","coreQuota":0},{"name":"standardHCSFamily","coreQuota":0},{"name":"standardNVSv3Family","coreQuota":0},{"name":"standardHBrsv2Family","coreQuota":0},{"name":"standardDAv4Family","coreQuota":0},{"name":"standardDASv4Family","coreQuota":0},{"name":"standardEAv4Family","coreQuota":0},{"name":"standardEASv4Family","coreQuota":0},{"name":"standardMSv2Family","coreQuota":0},{"name":"standardEIv3Family","coreQuota":0},{"name":"standardNVSv4Family","coreQuota":0},{"name":"Standard
        NCASv3_T4 Family","coreQuota":0},{"name":"standardXEIDSv4Family","coreQuota":0},{"name":"Standard
        NDASv4_A100 Family","coreQuota":0},{"name":"standardDCSv2Family","coreQuota":0},{"name":"standardHBv3Family","coreQuota":0},{"name":"standardNPSFamily","coreQuota":0}],"dedicatedCoreQuotaPerVMFamilyEnforced":true,"lowPriorityCoreQuota":500,"poolQuota":100,"activeJobAndJobScheduleQuota":300,"poolAllocationMode":"BatchService","publicNetworkAccess":"Enabled","encryption":{"keySource":"Microsoft.Batch"},"allowedAuthenticationModes":["SharedKey","AAD","TaskAuthenticationToken"]},"identity":{"type":"None"}}]}'
    headers:
      cache-control:
      - no-cache
      content-length:
      - '3015'
      content-type:
      - application/json; charset=utf-8
      date:
      - Sat, 17 Jul 2021 22:22:49 GMT
      expires:
      - '-1'
      pragma:
      - no-cache
      server:
      - Microsoft-HTTPAPI/2.0
      strict-transport-security:
      - max-age=31536000; includeSubDomains
      transfer-encoding:
      - chunked
      vary:
      - Accept-Encoding
      x-content-type-options:
      - nosniff
    status:
      code: 200
      message: OK
- request:
    body: null
    headers:
      Accept:
      - application/json
      Accept-Encoding:
      - gzip, deflate
      Connection:
      - keep-alive
      Content-Length:
      - '0'
      User-Agent:
      - azsdk-python-mgmt-batch/16.0.0 Python/3.8.3 (macOS-10.15.7-x86_64-i386-64bit)
    method: POST
    uri: https://centraluseuap.management.azure.com/subscriptions/00000000-0000-0000-0000-000000000000/resourceGroups/test_mgmt_batch_test_mgmt_batch_account3e1b0fe5/providers/Microsoft.Batch/batchAccounts/batch3e1b0fe5/listKeys?api-version=2021-06-01
  response:
    body:
      string: '{"accountName":"batch3e1b0fe5","primary":"redacted6f7d7a","secondary":"redacted59d978"}'
    headers:
      cache-control:
      - no-cache
      content-length:
      - '235'
      content-type:
      - application/json; charset=utf-8
      date:
      - Sat, 17 Jul 2021 22:22:49 GMT
      expires:
      - '-1'
      pragma:
      - no-cache
      server:
      - Microsoft-HTTPAPI/2.0
      strict-transport-security:
      - max-age=31536000; includeSubDomains
      transfer-encoding:
      - chunked
      vary:
      - Accept-Encoding
      x-content-type-options:
      - nosniff
      x-ms-ratelimit-remaining-subscription-writes:
      - '1199'
    status:
      code: 200
      message: OK
- request:
    body: '{"keyName": "Secondary"}'
    headers:
      Accept:
      - application/json
      Accept-Encoding:
      - gzip, deflate
      Connection:
      - keep-alive
      Content-Length:
      - '24'
      Content-Type:
      - application/json
      User-Agent:
      - azsdk-python-mgmt-batch/16.0.0 Python/3.8.3 (macOS-10.15.7-x86_64-i386-64bit)
    method: POST
    uri: https://centraluseuap.management.azure.com/subscriptions/00000000-0000-0000-0000-000000000000/resourceGroups/test_mgmt_batch_test_mgmt_batch_account3e1b0fe5/providers/Microsoft.Batch/batchAccounts/batch3e1b0fe5/regenerateKeys?api-version=2021-06-01
  response:
    body:
      string: '{"accountName":"batch3e1b0fe5","primary":"redacted6f7d7a","secondary":"redactedebdb55"}'
    headers:
      cache-control:
      - no-cache
      content-length:
      - '235'
      content-type:
      - application/json; charset=utf-8
      date:
      - Sat, 17 Jul 2021 22:22:50 GMT
      expires:
      - '-1'
      pragma:
      - no-cache
      server:
      - Microsoft-HTTPAPI/2.0
      strict-transport-security:
      - max-age=31536000; includeSubDomains
      transfer-encoding:
      - chunked
      vary:
      - Accept-Encoding
      x-content-type-options:
      - nosniff
      x-ms-ratelimit-remaining-subscription-writes:
      - '1198'
    status:
      code: 200
      message: OK
- request:
    body: '{"tags": {"Name": "tagName", "Value": "tagValue"}}'
    headers:
      Accept:
      - application/json
      Accept-Encoding:
      - gzip, deflate
      Connection:
      - keep-alive
      Content-Length:
      - '50'
      Content-Type:
      - application/json
      User-Agent:
      - azsdk-python-mgmt-batch/16.0.0 Python/3.8.3 (macOS-10.15.7-x86_64-i386-64bit)
    method: PATCH
    uri: https://centraluseuap.management.azure.com/subscriptions/00000000-0000-0000-0000-000000000000/resourceGroups/test_mgmt_batch_test_mgmt_batch_account3e1b0fe5/providers/Microsoft.Batch/batchAccounts/batch3e1b0fe5?api-version=2021-06-01
  response:
    body:
      string: '{"id":"/subscriptions/00000000-0000-0000-0000-000000000000/resourceGroups/test_mgmt_batch_test_mgmt_batch_account3e1b0fe5/providers/Microsoft.Batch/batchAccounts/batch3e1b0fe5","name":"batch3e1b0fe5","type":"Microsoft.Batch/batchAccounts","location":"eastus","properties":{"accountEndpoint":"batch3e1b0fe5.pilotprod2.eastus.batch.azure.com","provisioningState":"Succeeded","dedicatedCoreQuota":500,"dedicatedCoreQuotaPerVMFamily":[{"name":"standardAv2Family","coreQuota":500},{"name":"standardDv2Family","coreQuota":250},{"name":"standardDv3Family","coreQuota":500},{"name":"standardEv3Family","coreQuota":500},{"name":"standardDSv2Family","coreQuota":250},{"name":"standardDSv3Family","coreQuota":500},{"name":"standardESv3Family","coreQuota":500},{"name":"standardFSv2Family","coreQuota":100},{"name":"standardNCFamily","coreQuota":24},{"name":"standardNVFamily","coreQuota":24},{"name":"standardDDv4Family","coreQuota":100},{"name":"standardDDSv4Family","coreQuota":100},{"name":"standardEDv4Family","coreQuota":100},{"name":"standardEDSv4Family","coreQuota":100},{"name":"standardA0_A7Family","coreQuota":0},{"name":"standardA8_A11Family","coreQuota":0},{"name":"standardDFamily","coreQuota":0},{"name":"standardGFamily","coreQuota":0},{"name":"basicAFamily","coreQuota":0},{"name":"standardFFamily","coreQuota":0},{"name":"standardNVPromoFamily","coreQuota":0},{"name":"standardNCPromoFamily","coreQuota":0},{"name":"standardHFamily","coreQuota":0},{"name":"standardHPromoFamily","coreQuota":0},{"name":"standardMSFamily","coreQuota":0},{"name":"standardDSFamily","coreQuota":0},{"name":"standardFSFamily","coreQuota":0},{"name":"standardGSFamily","coreQuota":0},{"name":"standardLSFamily","coreQuota":0},{"name":"standardLSv2Family","coreQuota":0},{"name":"standardNCSv2Family","coreQuota":0},{"name":"standardNDSFamily","coreQuota":0},{"name":"standardNCSv3Family","coreQuota":0},{"name":"standardHBSFamily","coreQuota":0},{"name":"standardHCSFamily","coreQuota":0},{"name":"standardNVSv3Family","coreQuota":0},{"name":"standardHBrsv2Family","coreQuota":0},{"name":"standardDAv4Family","coreQuota":0},{"name":"standardDASv4Family","coreQuota":0},{"name":"standardEAv4Family","coreQuota":0},{"name":"standardEASv4Family","coreQuota":0},{"name":"standardMSv2Family","coreQuota":0},{"name":"standardEIv3Family","coreQuota":0},{"name":"standardNVSv4Family","coreQuota":0},{"name":"Standard
        NCASv3_T4 Family","coreQuota":0},{"name":"standardXEIDSv4Family","coreQuota":0},{"name":"Standard
        NDASv4_A100 Family","coreQuota":0},{"name":"standardDCSv2Family","coreQuota":0},{"name":"standardHBv3Family","coreQuota":0},{"name":"standardNPSFamily","coreQuota":0}],"dedicatedCoreQuotaPerVMFamilyEnforced":true,"lowPriorityCoreQuota":500,"poolQuota":100,"activeJobAndJobScheduleQuota":300,"poolAllocationMode":"BatchService","publicNetworkAccess":"Enabled","encryption":{"keySource":"Microsoft.Batch"},"allowedAuthenticationModes":["SharedKey","AAD","TaskAuthenticationToken"]},"tags":{"Name":"tagName","Value":"tagValue"},"identity":{"type":"None"}}'
    headers:
      cache-control:
      - no-cache
      content-length:
      - '3048'
      content-type:
      - application/json; charset=utf-8
      date:
      - Sat, 17 Jul 2021 22:22:50 GMT
      etag:
      - '"0x8D949716A0EB98E"'
      expires:
      - '-1'
      last-modified:
      - Sat, 17 Jul 2021 22:22:50 GMT
      pragma:
      - no-cache
      server:
      - Microsoft-HTTPAPI/2.0
      strict-transport-security:
      - max-age=31536000; includeSubDomains
      transfer-encoding:
      - chunked
      vary:
      - Accept-Encoding
      x-content-type-options:
      - nosniff
      x-ms-ratelimit-remaining-subscription-writes:
      - '1197'
    status:
      code: 200
      message: OK
- request:
    body: null
    headers:
      Accept:
      - application/json
      Accept-Encoding:
      - gzip, deflate
      Connection:
      - keep-alive
      Content-Length:
      - '0'
      User-Agent:
      - azsdk-python-mgmt-batch/16.0.0 Python/3.8.3 (macOS-10.15.7-x86_64-i386-64bit)
    method: DELETE
    uri: https://centraluseuap.management.azure.com/subscriptions/00000000-0000-0000-0000-000000000000/resourceGroups/test_mgmt_batch_test_mgmt_batch_account3e1b0fe5/providers/Microsoft.Batch/batchAccounts/batch3e1b0fe5?api-version=2021-06-01
  response:
    body:
      string: ''
    headers:
      cache-control:
      - no-cache
      content-length:
      - '0'
      date:
      - Sat, 17 Jul 2021 22:22:50 GMT
      expires:
      - '-1'
      location:
      - https://centraluseuap.management.azure.com/subscriptions/00000000-0000-0000-0000-000000000000/providers/Microsoft.Batch/locations/eastus/accountOperationResults/batch3e1b0fe5-ab780b29-6706-4d89-903f-ae020bfed9c3?api-version=2021-06-01
      pragma:
      - no-cache
      server:
      - Microsoft-HTTPAPI/2.0
      strict-transport-security:
      - max-age=31536000; includeSubDomains
      x-content-type-options:
      - nosniff
      x-ms-ratelimit-remaining-subscription-deletes:
      - '14999'
    status:
      code: 202
      message: Accepted
- request:
    body: null
    headers:
      Accept:
      - '*/*'
      Accept-Encoding:
      - gzip, deflate
      Connection:
      - keep-alive
      User-Agent:
      - azsdk-python-mgmt-batch/16.0.0 Python/3.8.3 (macOS-10.15.7-x86_64-i386-64bit)
    method: GET
    uri: https://centraluseuap.management.azure.com/subscriptions/00000000-0000-0000-0000-000000000000/providers/Microsoft.Batch/locations/eastus/accountOperationResults/batch3e1b0fe5-ab780b29-6706-4d89-903f-ae020bfed9c3?api-version=2021-06-01
  response:
    body:
      string: ''
    headers:
      cache-control:
      - no-cache
      content-length:
      - '0'
      date:
      - Sat, 17 Jul 2021 22:23:06 GMT
      expires:
      - '-1'
      pragma:
      - no-cache
      server:
      - Microsoft-HTTPAPI/2.0
      strict-transport-security:
      - max-age=31536000; includeSubDomains
      x-content-type-options:
      - nosniff
    status:
      code: 200
      message: OK
version: 1
