{
  "Entries": [
    {
      "RequestUri": "https://login.microsoftonline.com/00000000-0000-0000-0000-000000000000/v2.0/.well-known/openid-configuration",
      "RequestMethod": "GET",
      "RequestHeaders": {
        "Accept": "*/*",
        "Accept-Encoding": "gzip, deflate",
        "Connection": "keep-alive",
        "User-Agent": "azsdk-python-identity/1.7.2 Python/3.8.8 (Windows-10-10.0.19041-SP0)"
      },
      "RequestBody": null,
      "StatusCode": 200,
      "ResponseHeaders": {
        "Access-Control-Allow-Methods": "GET, OPTIONS",
        "Access-Control-Allow-Origin": "*",
        "Cache-Control": "max-age=86400, private",
        "Content-Length": "1753",
        "Content-Type": "application/json; charset=utf-8",
        "Date": "Thu, 06 Jan 2022 05:57:32 GMT",
        "P3P": "CP=\u0022DSP CUR OTPi IND OTRi ONL FIN\u0022",
        "Set-Cookie": [
          "fpc=Aq8c1VqzK7NDsqW75lMvqUk; expires=Sat, 05-Feb-2022 05:57:33 GMT; path=/; secure; HttpOnly; SameSite=None",
          "esctx=AQABAAAAAAD--DLA3VO7QrddgJg7WevrMksyViljGYF0A1OU__XFh5wHI_97ltEr3zdiL5mccDvCnKlmUo4pBtqiuNT402hVQNb4l0vFYKO1maDNG-QEE6jxgWYRU1_9SrKftgTKRkIFDdglhLlUnA2IM-0lGAcEbp9nwz-xEbX_9_jlXIv5M70-SGdEmPtCzK5dybYZ4EwgAA; domain=.login.microsoftonline.com; path=/; secure; HttpOnly; SameSite=None",
          "x-ms-gateway-slice=estsfd; path=/; secure; samesite=none; httponly",
          "stsservicecookie=estsfd; path=/; secure; samesite=none; httponly"
        ],
        "Strict-Transport-Security": "max-age=31536000; includeSubDomains",
        "X-Content-Type-Options": "nosniff",
        "x-ms-ests-server": "2.1.12261.17 - WUS2 ProdSlices",
        "x-ms-request-id": "5f4da3e6-bf0c-4685-afeb-9519ec963e03"
      },
      "ResponseBody": {
        "token_endpoint": "https://login.microsoftonline.com/00000000-0000-0000-0000-000000000000/oauth2/v2.0/token",
        "token_endpoint_auth_methods_supported": [
          "client_secret_post",
          "private_key_jwt",
          "client_secret_basic"
        ],
        "jwks_uri": "https://login.microsoftonline.com/00000000-0000-0000-0000-000000000000/discovery/v2.0/keys",
        "response_modes_supported": [
          "query",
          "fragment",
          "form_post"
        ],
        "subject_types_supported": [
          "pairwise"
        ],
        "id_token_signing_alg_values_supported": [
          "RS256"
        ],
        "response_types_supported": [
          "code",
          "id_token",
          "code id_token",
          "id_token token"
        ],
        "scopes_supported": [
          "openid",
          "profile",
          "email",
          "offline_access"
        ],
        "issuer": "https://login.microsoftonline.com/00000000-0000-0000-0000-000000000000/v2.0",
        "request_uri_parameter_supported": false,
        "userinfo_endpoint": "https://graph.microsoft.com/oidc/userinfo",
        "authorization_endpoint": "https://login.microsoftonline.com/00000000-0000-0000-0000-000000000000/oauth2/v2.0/authorize",
        "device_authorization_endpoint": "https://login.microsoftonline.com/00000000-0000-0000-0000-000000000000/oauth2/v2.0/devicecode",
        "http_logout_supported": true,
        "frontchannel_logout_supported": true,
        "end_session_endpoint": "https://login.microsoftonline.com/00000000-0000-0000-0000-000000000000/oauth2/v2.0/logout",
        "claims_supported": [
          "sub",
          "iss",
          "cloud_instance_name",
          "cloud_instance_host_name",
          "cloud_graph_host_name",
          "msgraph_host",
          "aud",
          "exp",
          "iat",
          "auth_time",
          "acr",
          "nonce",
          "preferred_username",
          "name",
          "tid",
          "ver",
          "at_hash",
          "c_hash",
          "email"
        ],
        "kerberos_endpoint": "https://login.microsoftonline.com/00000000-0000-0000-0000-000000000000/kerberos",
        "tenant_region_scope": "NA",
        "cloud_instance_name": "microsoftonline.com",
        "cloud_graph_host_name": "graph.windows.net",
        "msgraph_host": "graph.microsoft.com",
        "rbac_url": "https://pas.windows.net"
      }
    },
    {
      "RequestUri": "https://login.microsoftonline.com/common/discovery/instance?api-version=1.1\u0026authorization_endpoint=https://login.microsoftonline.com/common/oauth2/authorize",
      "RequestMethod": "GET",
      "RequestHeaders": {
        "Accept": "application/json",
        "Accept-Encoding": "gzip, deflate",
        "Connection": "keep-alive",
        "Cookie": "fpc=Aq8c1VqzK7NDsqW75lMvqUk; stsservicecookie=estsfd; x-ms-gateway-slice=estsfd",
        "User-Agent": "azsdk-python-identity/1.7.2 Python/3.8.8 (Windows-10-10.0.19041-SP0)"
      },
      "RequestBody": null,
      "StatusCode": 200,
      "ResponseHeaders": {
        "Access-Control-Allow-Methods": "GET, OPTIONS",
        "Access-Control-Allow-Origin": "*",
        "Cache-Control": "max-age=86400, private",
        "Content-Length": "945",
        "Content-Type": "application/json; charset=utf-8",
        "Date": "Thu, 06 Jan 2022 05:57:32 GMT",
        "P3P": "CP=\u0022DSP CUR OTPi IND OTRi ONL FIN\u0022",
        "Set-Cookie": [
          "fpc=Aq8c1VqzK7NDsqW75lMvqUk; expires=Sat, 05-Feb-2022 05:57:33 GMT; path=/; secure; HttpOnly; SameSite=None",
          "x-ms-gateway-slice=estsfd; path=/; secure; samesite=none; httponly",
          "stsservicecookie=estsfd; path=/; secure; samesite=none; httponly"
        ],
        "Strict-Transport-Security": "max-age=31536000; includeSubDomains",
        "X-Content-Type-Options": "nosniff",
        "x-ms-ests-server": "2.1.12261.17 - KRSLR2 ProdSlices",
        "x-ms-request-id": "9dd0c33e-2a73-4b99-a0e0-506f5ce98400"
      },
      "ResponseBody": {
        "tenant_discovery_endpoint": "https://login.microsoftonline.com/common/.well-known/openid-configuration",
        "api-version": "1.1",
        "metadata": [
          {
            "preferred_network": "login.microsoftonline.com",
            "preferred_cache": "login.windows.net",
            "aliases": [
              "login.microsoftonline.com",
              "login.windows.net",
              "login.microsoft.com",
              "sts.windows.net"
            ]
          },
          {
            "preferred_network": "login.partner.microsoftonline.cn",
            "preferred_cache": "login.partner.microsoftonline.cn",
            "aliases": [
              "login.partner.microsoftonline.cn",
              "login.chinacloudapi.cn"
            ]
          },
          {
            "preferred_network": "login.microsoftonline.de",
            "preferred_cache": "login.microsoftonline.de",
            "aliases": [
              "login.microsoftonline.de"
            ]
          },
          {
            "preferred_network": "login.microsoftonline.us",
            "preferred_cache": "login.microsoftonline.us",
            "aliases": [
              "login.microsoftonline.us",
              "login.usgovcloudapi.net"
            ]
          },
          {
            "preferred_network": "login-us.microsoftonline.com",
            "preferred_cache": "login-us.microsoftonline.com",
            "aliases": [
              "login-us.microsoftonline.com"
            ]
          }
        ]
      }
    },
    {
      "RequestUri": "https://login.microsoftonline.com/00000000-0000-0000-0000-000000000000/oauth2/v2.0/token",
      "RequestMethod": "POST",
      "RequestHeaders": {
        "Accept": "application/json",
        "Accept-Encoding": "gzip, deflate",
        "client-request-id": "35df842b-b4d6-4305-8f2c-5a8797ad4620",
        "Connection": "keep-alive",
        "Content-Length": "289",
        "Content-Type": "application/x-www-form-urlencoded",
        "Cookie": "fpc=Aq8c1VqzK7NDsqW75lMvqUk; stsservicecookie=estsfd; x-ms-gateway-slice=estsfd",
        "User-Agent": "azsdk-python-identity/1.7.2 Python/3.8.8 (Windows-10-10.0.19041-SP0)",
        "x-client-cpu": "x64",
        "x-client-current-telemetry": "4|730,0|",
        "x-client-last-telemetry": "4|0|||",
        "x-client-os": "win32",
        "x-client-sku": "MSAL.Python",
        "x-client-ver": "1.16.0",
        "x-ms-lib-capability": "retry-after, h429"
      },
      "RequestBody": "client_id=a2df54d5-ab03-4725-9b80-9a00b3b1967f\u0026grant_type=client_credentials\u0026client_info=1\u0026client_secret=0vj7Q~IsFayrD0V_8oyOfygU-GE3ELOabq95a\u0026claims=%7B%22access_token%22%3A\u002B%7B%22xms_cc%22%3A\u002B%7B%22values%22%3A\u002B%5B%22CP1%22%5D%7D%7D%7D\u0026scope=https%3A%2F%2Fmanagement.azure.com%2F.default",
      "StatusCode": 200,
      "ResponseHeaders": {
        "Cache-Control": "no-store, no-cache",
        "client-request-id": "35df842b-b4d6-4305-8f2c-5a8797ad4620",
        "Content-Length": "1391",
        "Content-Type": "application/json; charset=utf-8",
        "Date": "Thu, 06 Jan 2022 05:57:33 GMT",
        "Expires": "-1",
        "P3P": "CP=\u0022DSP CUR OTPi IND OTRi ONL FIN\u0022",
        "Pragma": "no-cache",
        "Set-Cookie": [
          "fpc=Aq8c1VqzK7NDsqW75lMvqUmZHqKEAQAAAMx7aNkOAAAA; expires=Sat, 05-Feb-2022 05:57:33 GMT; path=/; secure; HttpOnly; SameSite=None",
          "x-ms-gateway-slice=estsfd; path=/; secure; samesite=none; httponly",
          "stsservicecookie=estsfd; path=/; secure; samesite=none; httponly"
        ],
        "Strict-Transport-Security": "max-age=31536000; includeSubDomains",
        "X-Content-Type-Options": "nosniff",
        "x-ms-clitelem": "1,0,0,,",
        "x-ms-ests-server": "2.1.12261.17 - SCUS ProdSlices",
        "x-ms-request-id": "94ffe035-19a4-48cf-9f49-feb7ebe2f402"
      },
      "ResponseBody": {
        "token_type": "Bearer",
        "expires_in": 3599,
        "ext_expires_in": 3599,
        "access_token": "eyJ0eXAiOiJKV1QiLCJhbGciOiJSUzI1NiIsIng1dCI6Ik1yNS1BVWliZkJpaTdOZDFqQmViYXhib1hXMCIsImtpZCI6Ik1yNS1BVWliZkJpaTdOZDFqQmViYXhib1hXMCJ9.eyJhdWQiOiJodHRwczovL21hbmFnZW1lbnQuYXp1cmUuY29tIiwiaXNzIjoiaHR0cHM6Ly9zdHMud2luZG93cy5uZXQvNTQ4MjZiMjItMzhkNi00ZmIyLWJhZDktYjdiOTNhM2U5YzVhLyIsImlhdCI6MTY0MTQ0ODM1MywibmJmIjoxNjQxNDQ4MzUzLCJleHAiOjE2NDE0NTIyNTMsImFpbyI6IkUyWmdZR0FMV2xIem1sbTY5OXdOQTBYclBadjhBQT09IiwiYXBwaWQiOiJhMmRmNTRkNS1hYjAzLTQ3MjUtOWI4MC05YTAwYjNiMTk2N2YiLCJhcHBpZGFjciI6IjEiLCJpZHAiOiJodHRwczovL3N0cy53aW5kb3dzLm5ldC81NDgyNmIyMi0zOGQ2LTRmYjItYmFkOS1iN2I5M2EzZTljNWEvIiwiaWR0eXAiOiJhcHAiLCJvaWQiOiI4ODdjNDJiMS03OTQ2LTRjMjItYmFhNi0xNTA0M2U0YjEzMjMiLCJyaCI6IjAuQVRjQUltdUNWTlk0c2stNjJiZTVPajZjV3RWVTM2SURxeVZIbTRDYUFMT3hsbjgzQUFBLiIsInN1YiI6Ijg4N2M0MmIxLTc5NDYtNGMyMi1iYWE2LTE1MDQzZTRiMTMyMyIsInRpZCI6IjU0ODI2YjIyLTM4ZDYtNGZiMi1iYWQ5LWI3YjkzYTNlOWM1YSIsInV0aSI6Ik5lRF9sS1FaejBpZlNmNjM2LUwwQWciLCJ2ZXIiOiIxLjAiLCJ4bXNfY2MiOlsiQ1AxIl0sInhtc190Y2R0IjoxNDEyMjA2ODQwfQ.ChujKer6Wpl5BqBd595DlnHJRLvHgMnO1scxs-7agl310lB98UjG9Mf84vF1V_BOhmYpaGjFkv-XEJzpNKey_K0pEPSa1SqaeJVoxW7aqqVxmIkovy8qq_hwhdVC1nnvh2xHdRMcUoU7hkY2nOBE9SzD7tYhQd7mW3kP9jXVr6R4gpeSzMSDM92BQyxHlKddZu84XGJB-UKNkUC1o5oASiqFpU2kKbmGQICSYDzt8vJob4dqNwRD4vwadnd_DSly0quiVO5Jjpcvnxdn9ZyQ-V5DJtes4usbMS5DNWk7xrwtGg-93uhTWH_dDRmDDGY_aOEdQMI_Bc5n9PvzB4k1UA"
      }
    },
    {
      "RequestUri": "https://centraluseuap.management.azure.com/subscriptions/00000000-0000-0000-0000-000000000000/providers/Microsoft.Batch/locations/eastus/checkNameAvailability?api-version=2021-06-01",
      "RequestMethod": "POST",
      "RequestHeaders": {
        "Accept": "application/json",
        "Accept-Encoding": "gzip, deflate",
        "Authorization": "Sanitized",
        "Connection": "keep-alive",
        "Content-Length": "86",
        "Content-Type": "application/json",
        "User-Agent": "azsdk-python-mgmt-batch/16.0.0 Python/3.8.8 (Windows-10-10.0.19041-SP0)",
        "x-ms-client-request-id": "89d197ab-6eb5-11ec-9e72-70b5e82527ff"
      },
      "RequestBody": "{\u0022name\u0022: \u0022randombatchaccount@5^$g9873495873\u0022, \u0022type\u0022: \u0022Microsoft.Batch/batchAccounts\u0022}",
      "StatusCode": 200,
      "ResponseHeaders": {
        "Cache-Control": "no-cache",
        "Content-Encoding": "gzip",
        "Content-Type": "application/json; charset=utf-8",
        "Date": "Thu, 06 Jan 2022 05:57:35 GMT",
        "Expires": "-1",
        "Pragma": "no-cache",
        "Server": "Microsoft-HTTPAPI/2.0",
        "Strict-Transport-Security": "max-age=31536000; includeSubDomains",
        "Transfer-Encoding": "chunked",
        "Vary": "Accept-Encoding",
        "X-Content-Type-Options": "nosniff",
        "x-ms-correlation-request-id": "38d1cf77-b585-4da2-95f0-41ec0f6969b6",
        "x-ms-ratelimit-remaining-subscription-writes": "1199",
        "x-ms-request-id": "8ae595f7-771b-4e32-99ce-76868e9b940a",
        "x-ms-routing-request-id": "CENTRALUSEUAP:20220106T055735Z:38d1cf77-b585-4da2-95f0-41ec0f6969b6"
      },
      "ResponseBody": {
        "nameAvailable": false,
        "reason": "Invalid",
        "message": "Account name must be at least 3 characters and at most 24 characters."
      }
    },
    {
      "RequestUri": "https://centraluseuap.management.azure.com/subscriptions/00000000-0000-0000-0000-000000000000/providers/Microsoft.Batch/locations/eastus/checkNameAvailability?api-version=2021-06-01",
      "RequestMethod": "POST",
      "RequestHeaders": {
        "Accept": "application/json",
        "Accept-Encoding": "gzip, deflate",
        "Authorization": "Sanitized",
        "Connection": "keep-alive",
        "Content-Length": "68",
        "Content-Type": "application/json",
        "User-Agent": "azsdk-python-mgmt-batch/16.0.0 Python/3.8.8 (Windows-10-10.0.19041-SP0)",
        "x-ms-client-request-id": "8b970eed-6eb5-11ec-a517-70b5e82527ff"
      },
      "RequestBody": "{\u0022name\u0022: \u0022dawatroupp2acct\u0022, \u0022type\u0022: \u0022Microsoft.Batch/batchAccounts\u0022}",
      "StatusCode": 200,
      "ResponseHeaders": {
        "Cache-Control": "no-cache",
        "Content-Encoding": "gzip",
        "Content-Type": "application/json; charset=utf-8",
        "Date": "Thu, 06 Jan 2022 05:57:35 GMT",
        "Expires": "-1",
        "Pragma": "no-cache",
        "Server": "Microsoft-HTTPAPI/2.0",
        "Strict-Transport-Security": "max-age=31536000; includeSubDomains",
        "Transfer-Encoding": "chunked",
        "Vary": "Accept-Encoding",
        "X-Content-Type-Options": "nosniff",
        "x-ms-correlation-request-id": "687b8136-86f2-40fd-a578-69f4f8624095",
        "x-ms-ratelimit-remaining-subscription-writes": "1198",
        "x-ms-request-id": "b30160d9-25b0-425f-a01b-283d60468f04",
        "x-ms-routing-request-id": "CENTRALUSEUAP:20220106T055735Z:687b8136-86f2-40fd-a578-69f4f8624095"
      },
      "ResponseBody": {
        "nameAvailable": false,
        "reason": "AlreadyExists",
        "message": "An account named \u0027dawatroupp2acct\u0027 is already in use."
      }
    },
    {
      "RequestUri": "https://centraluseuap.management.azure.com/subscriptions/00000000-0000-0000-0000-000000000000/providers/Microsoft.Batch/locations/eastus/checkNameAvailability?api-version=2021-06-01",
      "RequestMethod": "POST",
      "RequestHeaders": {
        "Accept": "application/json",
        "Accept-Encoding": "gzip, deflate",
        "Authorization": "Sanitized",
        "Connection": "keep-alive",
        "Content-Length": "65",
        "Content-Type": "application/json",
        "User-Agent": "azsdk-python-mgmt-batch/16.0.0 Python/3.8.8 (Windows-10-10.0.19041-SP0)",
        "x-ms-client-request-id": "8bcc4910-6eb5-11ec-8135-70b5e82527ff"
      },
      "RequestBody": "{\u0022name\u0022: \u0022batch3822745\u0022, \u0022type\u0022: \u0022Microsoft.Batch/batchAccounts\u0022}",
      "StatusCode": 200,
      "ResponseHeaders": {
        "Cache-Control": "no-cache",
        "Content-Encoding": "gzip",
        "Content-Type": "application/json; charset=utf-8",
        "Date": "Thu, 06 Jan 2022 05:57:35 GMT",
        "Expires": "-1",
        "Pragma": "no-cache",
        "Server": "Microsoft-HTTPAPI/2.0",
        "Strict-Transport-Security": "max-age=31536000; includeSubDomains",
        "Transfer-Encoding": "chunked",
        "Vary": "Accept-Encoding",
        "X-Content-Type-Options": "nosniff",
        "x-ms-correlation-request-id": "174e3c09-1787-4895-a4b6-be5eb1d49b04",
        "x-ms-ratelimit-remaining-subscription-writes": "1197",
        "x-ms-request-id": "e16ce4e7-a109-4d88-a38a-e12bc929561d",
        "x-ms-routing-request-id": "CENTRALUSEUAP:20220106T055736Z:174e3c09-1787-4895-a4b6-be5eb1d49b04"
      },
      "ResponseBody": {
        "nameAvailable": true
      }
    }
  ],
  "Variables": {}
}
