interactions:
- request:
    body: '{"properties": {"displayName": "test_pool", "vmSize": "small", "deploymentConfiguration":
      {"cloudServiceConfiguration": {"osFamily": "5"}}, "scaleSettings": {"fixedScale":
      {"targetDedicatedNodes": 0, "targetLowPriorityNodes": 0}}, "userAccounts": [{"name":
      "UserName", "password": "p@55wOrd"}], "startTask": {"commandLine": "cmd.exe
      /c \"echo hello world\"", "resourceFiles": [{"httpUrl": "https://blobsource.com",
      "filePath": "filename.txt"}], "environmentSettings": [{"name": "ENV_VAR", "value":
      "env_value"}], "userIdentity": {"autoUser": {"elevationLevel": "Admin"}}}}}'
    headers:
      Accept:
      - application/json
      Accept-Encoding:
      - gzip, deflate
      Connection:
      - keep-alive
      Content-Length:
      - '573'
      Content-Type:
      - application/json
      User-Agent:
      - azsdk-python-mgmt-batch/16.0.0 Python/3.8.3 (macOS-10.15.7-x86_64-i386-64bit)
    method: PUT
    uri: https://centraluseuap.management.azure.com/subscriptions/00000000-0000-0000-0000-000000000000/resourceGroups/test_mgmt_batch_test_mgmt_batch_pools1f5c0f25/providers/Microsoft.Batch/batchAccounts/batch1f5c0f25/pools/test_paas_pool?api-version=2021-06-01
  response:
    body:
      string: '{"id":"/subscriptions/00000000-0000-0000-0000-000000000000/resourceGroups/test_mgmt_batch_test_mgmt_batch_pools1f5c0f25/providers/Microsoft.Batch/batchAccounts/batch1f5c0f25/pools/test_paas_pool","name":"test_paas_pool","type":"Microsoft.Batch/batchAccounts/pools","etag":"W/\"0x8D94970416A79C2\"","properties":{"displayName":"test_pool","lastModified":"2021-07-17T22:14:33.2297666Z","creationTime":"2021-07-17T22:14:33.2297666Z","provisioningState":"Succeeded","provisioningStateTransitionTime":"2021-07-17T22:14:33.2297666Z","allocationState":"Resizing","allocationStateTransitionTime":"2021-07-17T22:14:33.2297666Z","vmSize":"Small","interNodeCommunication":"Disabled","taskSlotsPerNode":1,"taskSchedulingPolicy":{"nodeFillType":"Spread"},"deploymentConfiguration":{"cloudServiceConfiguration":{"osFamily":"5","osVersion":"*"}},"scaleSettings":{"fixedScale":{"targetDedicatedNodes":0,"targetLowPriorityNodes":0,"resizeTimeout":"PT15M"}},"startTask":{"commandLine":"cmd.exe
        /c \"echo hello world\"","resourceFiles":[{"filePath":"filename.txt","httpUrl":"https://blobsource.com"}],"environmentSettings":[{"name":"ENV_VAR","value":"env_value"}],"userIdentity":{"autoUser":{"scope":"Pool","elevationLevel":"Admin"}},"maxTaskRetryCount":0,"waitForSuccess":true},"userAccounts":[{"name":"UserName","elevationLevel":"NonAdmin","windowsUserConfiguration":{"loginMode":"Interactive"}}],"resizeOperationStatus":{"targetDedicatedNodes":0,"nodeDeallocationOption":"Requeue","resizeTimeout":"PT15M","startTime":"2021-07-17T22:14:33.2297666Z"},"currentDedicatedNodes":0,"currentLowPriorityNodes":0}}'
    headers:
      cache-control:
      - no-cache
      content-length:
      - '1593'
      content-type:
      - application/json; charset=utf-8
      date:
      - Sat, 17 Jul 2021 22:14:33 GMT
      etag:
      - W/"0x8D94970416A79C2"
      expires:
      - '-1'
      last-modified:
      - Sat, 17 Jul 2021 22:14:33 GMT
      pragma:
      - no-cache
      server:
      - Microsoft-HTTPAPI/2.0
      strict-transport-security:
      - max-age=31536000; includeSubDomains
      transfer-encoding:
      - chunked
      vary:
      - Accept-Encoding
      x-content-type-options:
      - nosniff
      x-ms-ratelimit-remaining-subscription-writes:
      - '1194'
    status:
      code: 200
      message: OK
- request:
    body: '{"properties": {"displayName": "test_pool", "vmSize": "Standard_A1", "deploymentConfiguration":
      {"virtualMachineConfiguration": {"imageReference": {"publisher": "MicrosoftWindowsServer",
      "offer": "WindowsServer", "sku": "2016-Datacenter-smalldisk"}, "nodeAgentSkuId":
      "batch.node.windows amd64", "windowsConfiguration": {"enableAutomaticUpdates":
      true}}}, "scaleSettings": {"fixedScale": {"targetDedicatedNodes": 0, "targetLowPriorityNodes":
      0}}}}'
    headers:
      Accept:
      - application/json
      Accept-Encoding:
      - gzip, deflate
      Connection:
      - keep-alive
      Content-Length:
      - '447'
      Content-Type:
      - application/json
      User-Agent:
      - azsdk-python-mgmt-batch/16.0.0 Python/3.8.3 (macOS-10.15.7-x86_64-i386-64bit)
    method: PUT
    uri: https://centraluseuap.management.azure.com/subscriptions/00000000-0000-0000-0000-000000000000/resourceGroups/test_mgmt_batch_test_mgmt_batch_pools1f5c0f25/providers/Microsoft.Batch/batchAccounts/batch1f5c0f25/pools/test_iaas_pool?api-version=2021-06-01
  response:
    body:
      string: '{"id":"/subscriptions/00000000-0000-0000-0000-000000000000/resourceGroups/test_mgmt_batch_test_mgmt_batch_pools1f5c0f25/providers/Microsoft.Batch/batchAccounts/batch1f5c0f25/pools/test_iaas_pool","name":"test_iaas_pool","type":"Microsoft.Batch/batchAccounts/pools","etag":"W/\"0x8D94970419381F9\"","properties":{"displayName":"test_pool","lastModified":"2021-07-17T22:14:33.4986745Z","creationTime":"2021-07-17T22:14:33.4986745Z","provisioningState":"Succeeded","provisioningStateTransitionTime":"2021-07-17T22:14:33.4986745Z","allocationState":"Resizing","allocationStateTransitionTime":"2021-07-17T22:14:33.4986745Z","vmSize":"STANDARD_A1","interNodeCommunication":"Disabled","taskSlotsPerNode":1,"taskSchedulingPolicy":{"nodeFillType":"Spread"},"deploymentConfiguration":{"virtualMachineConfiguration":{"imageReference":{"publisher":"MicrosoftWindowsServer","offer":"WindowsServer","sku":"2016-Datacenter-smalldisk","version":"latest"},"nodeAgentSkuId":"batch.node.windows
        amd64","windowsConfiguration":{"enableAutomaticUpdates":true}}},"scaleSettings":{"fixedScale":{"targetDedicatedNodes":0,"targetLowPriorityNodes":0,"resizeTimeout":"PT15M"}},"resizeOperationStatus":{"targetDedicatedNodes":0,"nodeDeallocationOption":"Requeue","resizeTimeout":"PT15M","startTime":"2021-07-17T22:14:33.4986745Z"},"currentDedicatedNodes":0,"currentLowPriorityNodes":0}}'
    headers:
      cache-control:
      - no-cache
      content-length:
      - '1362'
      content-type:
      - application/json; charset=utf-8
      date:
      - Sat, 17 Jul 2021 22:14:33 GMT
      etag:
      - W/"0x8D94970419381F9"
      expires:
      - '-1'
      last-modified:
      - Sat, 17 Jul 2021 22:14:33 GMT
      pragma:
      - no-cache
      server:
      - Microsoft-HTTPAPI/2.0
      strict-transport-security:
      - max-age=31536000; includeSubDomains
      transfer-encoding:
      - chunked
      vary:
      - Accept-Encoding
      x-content-type-options:
      - nosniff
      x-ms-ratelimit-remaining-subscription-writes:
      - '1193'
    status:
      code: 200
      message: OK
- request:
    body: null
    headers:
      Accept:
      - application/json
      Accept-Encoding:
      - gzip, deflate
      Connection:
      - keep-alive
      User-Agent:
      - azsdk-python-mgmt-batch/16.0.0 Python/3.8.3 (macOS-10.15.7-x86_64-i386-64bit)
    method: GET
    uri: https://centraluseuap.management.azure.com/subscriptions/00000000-0000-0000-0000-000000000000/resourceGroups/test_mgmt_batch_test_mgmt_batch_pools1f5c0f25/providers/Microsoft.Batch/batchAccounts/batch1f5c0f25/pools?api-version=2021-06-01
  response:
    body:
      string: '{"value":[{"id":"/subscriptions/00000000-0000-0000-0000-000000000000/resourceGroups/test_mgmt_batch_test_mgmt_batch_pools1f5c0f25/providers/Microsoft.Batch/batchAccounts/batch1f5c0f25/pools/test_iaas_pool","name":"test_iaas_pool","type":"Microsoft.Batch/batchAccounts/pools","etag":"W/\"0x8D94970419381F9\"","properties":{"displayName":"test_pool","lastModified":"2021-07-17T22:14:33.4986745Z","creationTime":"2021-07-17T22:14:33.4986745Z","provisioningState":"Succeeded","provisioningStateTransitionTime":"2021-07-17T22:14:33.4986745Z","allocationState":"Resizing","allocationStateTransitionTime":"2021-07-17T22:14:33.4986745Z","vmSize":"STANDARD_A1","interNodeCommunication":"Disabled","taskSlotsPerNode":1,"taskSchedulingPolicy":{"nodeFillType":"Spread"},"deploymentConfiguration":{"virtualMachineConfiguration":{"imageReference":{"publisher":"MicrosoftWindowsServer","offer":"WindowsServer","sku":"2016-Datacenter-smalldisk","version":"latest"},"nodeAgentSkuId":"batch.node.windows
        amd64","windowsConfiguration":{"enableAutomaticUpdates":true}}},"scaleSettings":{"fixedScale":{"targetDedicatedNodes":0,"targetLowPriorityNodes":0,"resizeTimeout":"PT15M"}},"resizeOperationStatus":{"targetDedicatedNodes":0,"nodeDeallocationOption":"Requeue","resizeTimeout":"PT15M","startTime":"2021-07-17T22:14:33.4986745Z"},"currentDedicatedNodes":0,"currentLowPriorityNodes":0}},{"id":"/subscriptions/00000000-0000-0000-0000-000000000000/resourceGroups/test_mgmt_batch_test_mgmt_batch_pools1f5c0f25/providers/Microsoft.Batch/batchAccounts/batch1f5c0f25/pools/test_paas_pool","name":"test_paas_pool","type":"Microsoft.Batch/batchAccounts/pools","etag":"W/\"0x8D94970416A79C2\"","properties":{"displayName":"test_pool","lastModified":"2021-07-17T22:14:33.2297666Z","creationTime":"2021-07-17T22:14:33.2297666Z","provisioningState":"Succeeded","provisioningStateTransitionTime":"2021-07-17T22:14:33.2297666Z","allocationState":"Resizing","allocationStateTransitionTime":"2021-07-17T22:14:33.2297666Z","vmSize":"Small","interNodeCommunication":"Disabled","taskSlotsPerNode":1,"taskSchedulingPolicy":{"nodeFillType":"Spread"},"deploymentConfiguration":{"cloudServiceConfiguration":{"osFamily":"5","osVersion":"*"}},"scaleSettings":{"fixedScale":{"targetDedicatedNodes":0,"targetLowPriorityNodes":0,"resizeTimeout":"PT15M"}},"startTask":{"commandLine":"cmd.exe
        /c \"echo hello world\"","resourceFiles":[{"filePath":"filename.txt","httpUrl":"https://blobsource.com"}],"environmentSettings":[{"name":"ENV_VAR","value":"env_value"}],"userIdentity":{"autoUser":{"scope":"Pool","elevationLevel":"Admin"}},"maxTaskRetryCount":0,"waitForSuccess":true},"userAccounts":[{"name":"UserName","elevationLevel":"NonAdmin","windowsUserConfiguration":{"loginMode":"Interactive"}}],"resizeOperationStatus":{"targetDedicatedNodes":0,"nodeDeallocationOption":"Requeue","resizeTimeout":"PT15M","startTime":"2021-07-17T22:14:33.2297666Z"},"currentDedicatedNodes":0,"currentLowPriorityNodes":0}}]}'
    headers:
      cache-control:
      - no-cache
      content-length:
      - '2968'
      content-type:
      - application/json; charset=utf-8
      date:
      - Sat, 17 Jul 2021 22:14:33 GMT
      expires:
      - '-1'
      pragma:
      - no-cache
      server:
      - Microsoft-HTTPAPI/2.0
      strict-transport-security:
      - max-age=31536000; includeSubDomains
      transfer-encoding:
      - chunked
      vary:
      - Accept-Encoding
      x-content-type-options:
      - nosniff
    status:
      code: 200
      message: OK
- request:
    body: '{"properties": {"scaleSettings": {"autoScale": {"formula": "$TargetDedicatedNodes=0"}}}}'
    headers:
      Accept:
      - application/json
      Accept-Encoding:
      - gzip, deflate
      Connection:
      - keep-alive
      Content-Length:
      - '88'
      Content-Type:
      - application/json
      User-Agent:
      - azsdk-python-mgmt-batch/16.0.0 Python/3.8.3 (macOS-10.15.7-x86_64-i386-64bit)
    method: PATCH
    uri: https://centraluseuap.management.azure.com/subscriptions/00000000-0000-0000-0000-000000000000/resourceGroups/test_mgmt_batch_test_mgmt_batch_pools1f5c0f25/providers/Microsoft.Batch/batchAccounts/batch1f5c0f25/pools/test_iaas_pool?api-version=2021-06-01
  response:
    body:
      string: '{"id":"/subscriptions/00000000-0000-0000-0000-000000000000/resourceGroups/test_mgmt_batch_test_mgmt_batch_pools1f5c0f25/providers/Microsoft.Batch/batchAccounts/batch1f5c0f25/pools/test_iaas_pool","name":"test_iaas_pool","type":"Microsoft.Batch/batchAccounts/pools","etag":"W/\"0x8D949704AC35F51\"","properties":{"displayName":"test_pool","lastModified":"2021-07-17T22:14:48.9118545Z","creationTime":"2021-07-17T22:14:33.4986745Z","provisioningState":"Succeeded","provisioningStateTransitionTime":"2021-07-17T22:14:33.4986745Z","allocationState":"Resizing","allocationStateTransitionTime":"2021-07-17T22:14:48.9118545Z","vmSize":"STANDARD_A1","interNodeCommunication":"Disabled","taskSlotsPerNode":1,"taskSchedulingPolicy":{"nodeFillType":"Spread"},"deploymentConfiguration":{"virtualMachineConfiguration":{"imageReference":{"publisher":"MicrosoftWindowsServer","offer":"WindowsServer","sku":"2016-Datacenter-smalldisk","version":"latest"},"nodeAgentSkuId":"batch.node.windows
        amd64","windowsConfiguration":{"enableAutomaticUpdates":true}}},"scaleSettings":{"autoScale":{"formula":"$TargetDedicatedNodes=0","evaluationInterval":"PT15M"}},"currentDedicatedNodes":0,"currentLowPriorityNodes":0,"autoScaleRun":{"evaluationTime":"2021-07-17T22:14:48.9118545Z","results":"$TargetDedicatedNodes=0;$TargetLowPriorityNodes=0;$NodeDeallocationOption=requeue"}}}'
    headers:
      cache-control:
      - no-cache
      content-length:
      - '1356'
      content-type:
      - application/json; charset=utf-8
      date:
      - Sat, 17 Jul 2021 22:14:48 GMT
      etag:
      - W/"0x8D949704AC35F51"
      expires:
      - '-1'
      last-modified:
      - Sat, 17 Jul 2021 22:14:48 GMT
      pragma:
      - no-cache
      server:
      - Microsoft-HTTPAPI/2.0
      strict-transport-security:
      - max-age=31536000; includeSubDomains
      transfer-encoding:
      - chunked
      vary:
      - Accept-Encoding
      x-content-type-options:
      - nosniff
      x-ms-ratelimit-remaining-subscription-writes:
      - '1192'
    status:
      code: 200
      message: OK
- request:
    body: null
    headers:
      Accept:
      - application/json
      Accept-Encoding:
      - gzip, deflate
      Connection:
      - keep-alive
      User-Agent:
      - azsdk-python-mgmt-batch/16.0.0 Python/3.8.3 (macOS-10.15.7-x86_64-i386-64bit)
    method: GET
    uri: https://centraluseuap.management.azure.com/subscriptions/00000000-0000-0000-0000-000000000000/resourceGroups/test_mgmt_batch_test_mgmt_batch_pools1f5c0f25/providers/Microsoft.Batch/batchAccounts/batch1f5c0f25/pools/test_iaas_pool?api-version=2021-06-01
  response:
    body:
      string: '{"id":"/subscriptions/00000000-0000-0000-0000-000000000000/resourceGroups/test_mgmt_batch_test_mgmt_batch_pools1f5c0f25/providers/Microsoft.Batch/batchAccounts/batch1f5c0f25/pools/test_iaas_pool","name":"test_iaas_pool","type":"Microsoft.Batch/batchAccounts/pools","etag":"W/\"0x8D949704AC35F51\"","properties":{"displayName":"test_pool","lastModified":"2021-07-17T22:14:48.9118545Z","creationTime":"2021-07-17T22:14:33.4986745Z","provisioningState":"Succeeded","provisioningStateTransitionTime":"2021-07-17T22:14:33.4986745Z","allocationState":"Steady","allocationStateTransitionTime":"2021-07-17T22:14:49.0845641Z","vmSize":"STANDARD_A1","interNodeCommunication":"Disabled","taskSlotsPerNode":1,"taskSchedulingPolicy":{"nodeFillType":"Spread"},"deploymentConfiguration":{"virtualMachineConfiguration":{"imageReference":{"publisher":"MicrosoftWindowsServer","offer":"WindowsServer","sku":"2016-Datacenter-smalldisk","version":"latest"},"nodeAgentSkuId":"batch.node.windows
        amd64","windowsConfiguration":{"enableAutomaticUpdates":true}}},"scaleSettings":{"autoScale":{"formula":"$TargetDedicatedNodes=0","evaluationInterval":"PT15M"}},"resizeOperationStatus":{"targetDedicatedNodes":0,"nodeDeallocationOption":"Requeue","resizeTimeout":"PT15M","startTime":"2021-07-17T22:14:33.4986745Z"},"currentDedicatedNodes":0,"currentLowPriorityNodes":0,"autoScaleRun":{"evaluationTime":"2021-07-17T22:14:48.9118545Z","results":"$TargetDedicatedNodes=0;$TargetLowPriorityNodes=0;$NodeDeallocationOption=requeue"}}}'
    headers:
      cache-control:
      - no-cache
      content-length:
      - '1507'
      content-type:
      - application/json; charset=utf-8
      date:
      - Sat, 17 Jul 2021 22:14:48 GMT
      etag:
      - W/"0x8D949704AC35F51"
      expires:
      - '-1'
      last-modified:
      - Sat, 17 Jul 2021 22:14:48 GMT
      pragma:
      - no-cache
      server:
      - Microsoft-HTTPAPI/2.0
      strict-transport-security:
      - max-age=31536000; includeSubDomains
      transfer-encoding:
      - chunked
      vary:
      - Accept-Encoding
      x-content-type-options:
      - nosniff
    status:
      code: 200
      message: OK
- request:
    body: null
    headers:
      Accept:
      - application/json
      Accept-Encoding:
      - gzip, deflate
      Connection:
      - keep-alive
      Content-Length:
      - '0'
      User-Agent:
      - azsdk-python-mgmt-batch/16.0.0 Python/3.8.3 (macOS-10.15.7-x86_64-i386-64bit)
    method: DELETE
    uri: https://centraluseuap.management.azure.com/subscriptions/00000000-0000-0000-0000-000000000000/resourceGroups/test_mgmt_batch_test_mgmt_batch_pools1f5c0f25/providers/Microsoft.Batch/batchAccounts/batch1f5c0f25/pools/test_iaas_pool?api-version=2021-06-01
  response:
    body:
      string: ''
    headers:
      cache-control:
      - no-cache
      content-length:
      - '0'
      date:
      - Sat, 17 Jul 2021 22:14:49 GMT
      expires:
      - '-1'
      location:
      - https://centraluseuap.management.azure.com/subscriptions/00000000-0000-0000-0000-000000000000/resourceGroups/test_mgmt_batch_test_mgmt_batch_pools1f5c0f25/providers/Microsoft.Batch/batchAccounts/batch1f5c0f25/poolOperationResults/delete-test_iaas_pool?api-version=2021-06-01
      pragma:
      - no-cache
      server:
      - Microsoft-HTTPAPI/2.0
      strict-transport-security:
      - max-age=31536000; includeSubDomains
      x-content-type-options:
      - nosniff
      x-ms-ratelimit-remaining-subscription-deletes:
      - '14999'
    status:
      code: 202
      message: Accepted
- request:
    body: null
    headers:
      Accept:
      - '*/*'
      Accept-Encoding:
      - gzip, deflate
      Connection:
      - keep-alive
      User-Agent:
      - azsdk-python-mgmt-batch/16.0.0 Python/3.8.3 (macOS-10.15.7-x86_64-i386-64bit)
    method: GET
    uri: https://centraluseuap.management.azure.com/subscriptions/00000000-0000-0000-0000-000000000000/resourceGroups/test_mgmt_batch_test_mgmt_batch_pools1f5c0f25/providers/Microsoft.Batch/batchAccounts/batch1f5c0f25/poolOperationResults/delete-test_iaas_pool?api-version=2021-06-01
  response:
    body:
      string: ''
    headers:
      cache-control:
      - no-cache
      content-length:
      - '0'
      date:
      - Sat, 17 Jul 2021 22:15:04 GMT
      expires:
      - '-1'
      pragma:
      - no-cache
      server:
      - Microsoft-HTTPAPI/2.0
      strict-transport-security:
      - max-age=31536000; includeSubDomains
      x-content-type-options:
      - nosniff
    status:
      code: 200
      message: OK
version: 1
