{
  "Entries": [
    {
      "RequestUri": "https://login.microsoftonline.com/00000000-0000-0000-0000-000000000000/v2.0/.well-known/openid-configuration",
      "RequestMethod": "GET",
      "RequestHeaders": {
        "Accept": "*/*",
        "Accept-Encoding": "gzip, deflate",
        "Connection": "keep-alive",
        "User-Agent": "azsdk-python-identity/1.7.2 Python/3.8.8 (Windows-10-10.0.19041-SP0)"
      },
      "RequestBody": null,
      "StatusCode": 200,
      "ResponseHeaders": {
        "Access-Control-Allow-Methods": "GET, OPTIONS",
        "Access-Control-Allow-Origin": "*",
        "Cache-Control": "max-age=86400, private",
        "Content-Length": "1753",
        "Content-Type": "application/json; charset=utf-8",
        "Date": "Thu, 06 Jan 2022 05:40:16 GMT",
        "P3P": "CP=\u0022DSP CUR OTPi IND OTRi ONL FIN\u0022",
        "Set-Cookie": [
          "fpc=AuEwZuuLxMNLuwQBII3IADM; expires=Sat, 05-Feb-2022 05:40:16 GMT; path=/; secure; HttpOnly; SameSite=None",
          "esctx=AQABAAAAAAD--DLA3VO7QrddgJg7WevrIGDDBaXIdFGN42XlZqsmKNcQLl1Yx7mBuPXBun2hd2R0SW9OrGEtBsbiLIn7TnaIak4EG27u6EvermUkbbvPoEGi50OnTDadbEzlYZ6G1KovNeilYpZRr9la-bBVf2NLgPCkQDw-RvYMlMhVRn9mC4Bl5WqAjtwq4ZgFY1QjfYkgAA; domain=.login.microsoftonline.com; path=/; secure; HttpOnly; SameSite=None",
          "x-ms-gateway-slice=estsfd; path=/; secure; samesite=none; httponly",
          "stsservicecookie=estsfd; path=/; secure; samesite=none; httponly"
        ],
        "Strict-Transport-Security": "max-age=31536000; includeSubDomains",
        "X-Content-Type-Options": "nosniff",
        "x-ms-ests-server": "2.1.12261.17 - NCUS ProdSlices",
        "x-ms-request-id": "d5acf8c5-2c4e-440a-80c4-1aeef6b63402"
      },
      "ResponseBody": {
        "token_endpoint": "https://login.microsoftonline.com/00000000-0000-0000-0000-000000000000/oauth2/v2.0/token",
        "token_endpoint_auth_methods_supported": [
          "client_secret_post",
          "private_key_jwt",
          "client_secret_basic"
        ],
        "jwks_uri": "https://login.microsoftonline.com/00000000-0000-0000-0000-000000000000/discovery/v2.0/keys",
        "response_modes_supported": [
          "query",
          "fragment",
          "form_post"
        ],
        "subject_types_supported": [
          "pairwise"
        ],
        "id_token_signing_alg_values_supported": [
          "RS256"
        ],
        "response_types_supported": [
          "code",
          "id_token",
          "code id_token",
          "id_token token"
        ],
        "scopes_supported": [
          "openid",
          "profile",
          "email",
          "offline_access"
        ],
        "issuer": "https://login.microsoftonline.com/00000000-0000-0000-0000-000000000000/v2.0",
        "request_uri_parameter_supported": false,
        "userinfo_endpoint": "https://graph.microsoft.com/oidc/userinfo",
        "authorization_endpoint": "https://login.microsoftonline.com/00000000-0000-0000-0000-000000000000/oauth2/v2.0/authorize",
        "device_authorization_endpoint": "https://login.microsoftonline.com/00000000-0000-0000-0000-000000000000/oauth2/v2.0/devicecode",
        "http_logout_supported": true,
        "frontchannel_logout_supported": true,
        "end_session_endpoint": "https://login.microsoftonline.com/00000000-0000-0000-0000-000000000000/oauth2/v2.0/logout",
        "claims_supported": [
          "sub",
          "iss",
          "cloud_instance_name",
          "cloud_instance_host_name",
          "cloud_graph_host_name",
          "msgraph_host",
          "aud",
          "exp",
          "iat",
          "auth_time",
          "acr",
          "nonce",
          "preferred_username",
          "name",
          "tid",
          "ver",
          "at_hash",
          "c_hash",
          "email"
        ],
        "kerberos_endpoint": "https://login.microsoftonline.com/00000000-0000-0000-0000-000000000000/kerberos",
        "tenant_region_scope": "NA",
        "cloud_instance_name": "microsoftonline.com",
        "cloud_graph_host_name": "graph.windows.net",
        "msgraph_host": "graph.microsoft.com",
        "rbac_url": "https://pas.windows.net"
      }
    },
    {
      "RequestUri": "https://login.microsoftonline.com/common/discovery/instance?api-version=1.1\u0026authorization_endpoint=https://login.microsoftonline.com/common/oauth2/authorize",
      "RequestMethod": "GET",
      "RequestHeaders": {
        "Accept": "application/json",
        "Accept-Encoding": "gzip, deflate",
        "Connection": "keep-alive",
        "Cookie": "fpc=AuEwZuuLxMNLuwQBII3IADM; stsservicecookie=estsfd; x-ms-gateway-slice=estsfd",
        "User-Agent": "azsdk-python-identity/1.7.2 Python/3.8.8 (Windows-10-10.0.19041-SP0)"
      },
      "RequestBody": null,
      "StatusCode": 200,
      "ResponseHeaders": {
        "Access-Control-Allow-Methods": "GET, OPTIONS",
        "Access-Control-Allow-Origin": "*",
        "Cache-Control": "max-age=86400, private",
        "Content-Length": "945",
        "Content-Type": "application/json; charset=utf-8",
        "Date": "Thu, 06 Jan 2022 05:40:16 GMT",
        "P3P": "CP=\u0022DSP CUR OTPi IND OTRi ONL FIN\u0022",
        "Set-Cookie": [
          "fpc=AuEwZuuLxMNLuwQBII3IADM; expires=Sat, 05-Feb-2022 05:40:16 GMT; path=/; secure; HttpOnly; SameSite=None",
          "x-ms-gateway-slice=estsfd; path=/; secure; samesite=none; httponly",
          "stsservicecookie=estsfd; path=/; secure; samesite=none; httponly"
        ],
        "Strict-Transport-Security": "max-age=31536000; includeSubDomains",
        "X-Content-Type-Options": "nosniff",
        "x-ms-ests-server": "2.1.12261.17 - KRSLR2 ProdSlices",
        "x-ms-request-id": "65eed48d-5688-4f85-96c3-e740cdfd8400"
      },
      "ResponseBody": {
        "tenant_discovery_endpoint": "https://login.microsoftonline.com/common/.well-known/openid-configuration",
        "api-version": "1.1",
        "metadata": [
          {
            "preferred_network": "login.microsoftonline.com",
            "preferred_cache": "login.windows.net",
            "aliases": [
              "login.microsoftonline.com",
              "login.windows.net",
              "login.microsoft.com",
              "sts.windows.net"
            ]
          },
          {
            "preferred_network": "login.partner.microsoftonline.cn",
            "preferred_cache": "login.partner.microsoftonline.cn",
            "aliases": [
              "login.partner.microsoftonline.cn",
              "login.chinacloudapi.cn"
            ]
          },
          {
            "preferred_network": "login.microsoftonline.de",
            "preferred_cache": "login.microsoftonline.de",
            "aliases": [
              "login.microsoftonline.de"
            ]
          },
          {
            "preferred_network": "login.microsoftonline.us",
            "preferred_cache": "login.microsoftonline.us",
            "aliases": [
              "login.microsoftonline.us",
              "login.usgovcloudapi.net"
            ]
          },
          {
            "preferred_network": "login-us.microsoftonline.com",
            "preferred_cache": "login-us.microsoftonline.com",
            "aliases": [
              "login-us.microsoftonline.com"
            ]
          }
        ]
      }
    },
    {
      "RequestUri": "https://login.microsoftonline.com/00000000-0000-0000-0000-000000000000/oauth2/v2.0/token",
      "RequestMethod": "POST",
      "RequestHeaders": {
        "Accept": "application/json",
        "Accept-Encoding": "gzip, deflate",
        "client-request-id": "eb4b08c5-dd4d-46e6-8e69-36898bf7d626",
        "Connection": "keep-alive",
        "Content-Length": "289",
        "Content-Type": "application/x-www-form-urlencoded",
        "Cookie": "fpc=AuEwZuuLxMNLuwQBII3IADM; stsservicecookie=estsfd; x-ms-gateway-slice=estsfd",
        "User-Agent": "azsdk-python-identity/1.7.2 Python/3.8.8 (Windows-10-10.0.19041-SP0)",
        "x-client-cpu": "x64",
        "x-client-current-telemetry": "4|730,0|",
        "x-client-last-telemetry": "4|0|||",
        "x-client-os": "win32",
        "x-client-sku": "MSAL.Python",
        "x-client-ver": "1.16.0",
        "x-ms-lib-capability": "retry-after, h429"
      },
      "RequestBody": "client_id=a2df54d5-ab03-4725-9b80-9a00b3b1967f\u0026grant_type=client_credentials\u0026client_info=1\u0026client_secret=0vj7Q~IsFayrD0V_8oyOfygU-GE3ELOabq95a\u0026claims=%7B%22access_token%22%3A\u002B%7B%22xms_cc%22%3A\u002B%7B%22values%22%3A\u002B%5B%22CP1%22%5D%7D%7D%7D\u0026scope=https%3A%2F%2Fmanagement.azure.com%2F.default",
      "StatusCode": 200,
      "ResponseHeaders": {
        "Cache-Control": "no-store, no-cache",
        "client-request-id": "eb4b08c5-dd4d-46e6-8e69-36898bf7d626",
        "Content-Length": "1391",
        "Content-Type": "application/json; charset=utf-8",
        "Date": "Thu, 06 Jan 2022 05:40:16 GMT",
        "Expires": "-1",
        "P3P": "CP=\u0022DSP CUR OTPi IND OTRi ONL FIN\u0022",
        "Pragma": "no-cache",
        "Set-Cookie": [
          "fpc=AuEwZuuLxMNLuwQBII3IADOZHqKEAQAAAMB3aNkOAAAA; expires=Sat, 05-Feb-2022 05:40:16 GMT; path=/; secure; HttpOnly; SameSite=None",
          "x-ms-gateway-slice=estsfd; path=/; secure; samesite=none; httponly",
          "stsservicecookie=estsfd; path=/; secure; samesite=none; httponly"
        ],
        "Strict-Transport-Security": "max-age=31536000; includeSubDomains",
        "X-Content-Type-Options": "nosniff",
        "x-ms-clitelem": "1,0,0,,",
        "x-ms-ests-server": "2.1.12261.17 - WUS2 ProdSlices",
        "x-ms-request-id": "9e954f81-d13c-4891-baca-75e30899f302"
      },
      "ResponseBody": {
        "token_type": "Bearer",
        "expires_in": 3599,
        "ext_expires_in": 3599,
        "access_token": "eyJ0eXAiOiJKV1QiLCJhbGciOiJSUzI1NiIsIng1dCI6Ik1yNS1BVWliZkJpaTdOZDFqQmViYXhib1hXMCIsImtpZCI6Ik1yNS1BVWliZkJpaTdOZDFqQmViYXhib1hXMCJ9.eyJhdWQiOiJodHRwczovL21hbmFnZW1lbnQuYXp1cmUuY29tIiwiaXNzIjoiaHR0cHM6Ly9zdHMud2luZG93cy5uZXQvNTQ4MjZiMjItMzhkNi00ZmIyLWJhZDktYjdiOTNhM2U5YzVhLyIsImlhdCI6MTY0MTQ0NzMxNiwibmJmIjoxNjQxNDQ3MzE2LCJleHAiOjE2NDE0NTEyMTYsImFpbyI6IkUyWmdZSWdPYmIvU2RuRmU3clB0bFFXcjE2OHdCQUE9IiwiYXBwaWQiOiJhMmRmNTRkNS1hYjAzLTQ3MjUtOWI4MC05YTAwYjNiMTk2N2YiLCJhcHBpZGFjciI6IjEiLCJpZHAiOiJodHRwczovL3N0cy53aW5kb3dzLm5ldC81NDgyNmIyMi0zOGQ2LTRmYjItYmFkOS1iN2I5M2EzZTljNWEvIiwiaWR0eXAiOiJhcHAiLCJvaWQiOiI4ODdjNDJiMS03OTQ2LTRjMjItYmFhNi0xNTA0M2U0YjEzMjMiLCJyaCI6IjAuQVRjQUltdUNWTlk0c2stNjJiZTVPajZjV3RWVTM2SURxeVZIbTRDYUFMT3hsbjgzQUFBLiIsInN1YiI6Ijg4N2M0MmIxLTc5NDYtNGMyMi1iYWE2LTE1MDQzZTRiMTMyMyIsInRpZCI6IjU0ODI2YjIyLTM4ZDYtNGZiMi1iYWQ5LWI3YjkzYTNlOWM1YSIsInV0aSI6ImdVLVZuanpSa1VpNnluWGpDSm56QWciLCJ2ZXIiOiIxLjAiLCJ4bXNfY2MiOlsiQ1AxIl0sInhtc190Y2R0IjoxNDEyMjA2ODQwfQ.yYeBi_EQAjxVWhPIqc1Ia4FGFCcUykQnz865R7xiZyypnFsPcecaF9gxjEMO2T3Ccp5jQVFF5LW20VJUwIGno5wKtRuahjvckpL3ZA5JF7DTzQhKWz0PS5c1r7vQ4g042NdO6WZK7ZgBskENnsQNEniIVbTL0uD622zD-qeWP0iJJ8xoU8RGJgzzTOCJ5JKNoh9GaG9O47yiMMWl1U3U6B9o_Xsq4rSDyZy6Y8l2aOTSI3X5UfblDbbCjq1h8-hmhjqtarRGl9shdcy5LV0ECTvwNeOe4pmBygyGkIDXsVIwgcu1y7Y7RzqD0cGCLA9JqaRvm3LbxQ96v5FuXkv90w"
      }
    },
    {
      "RequestUri": "https://centraluseuap.management.azure.com/subscriptions/00000000-0000-0000-0000-000000000000/resourceGroups/rgpy-f4b22485/providers/Microsoft.Batch/batchAccounts/batch11f4b22485/pools/test_paas_pool?api-version=2021-06-01",
      "RequestMethod": "PUT",
      "RequestHeaders": {
        "Accept": "application/json",
        "Accept-Encoding": "gzip, deflate",
        "Authorization": "Sanitized",
        "Connection": "keep-alive",
        "Content-Length": "573",
        "Content-Type": "application/json",
        "User-Agent": "azsdk-python-mgmt-batch/16.0.0 Python/3.8.8 (Windows-10-10.0.19041-SP0)",
        "x-ms-client-request-id": "1fac63d8-6eb3-11ec-b066-70b5e82527ff"
      },
      "RequestBody": "{\u0022properties\u0022: {\u0022displayName\u0022: \u0022test_pool\u0022, \u0022vmSize\u0022: \u0022small\u0022, \u0022deploymentConfiguration\u0022: {\u0022cloudServiceConfiguration\u0022: {\u0022osFamily\u0022: \u00225\u0022}}, \u0022scaleSettings\u0022: {\u0022fixedScale\u0022: {\u0022targetDedicatedNodes\u0022: 0, \u0022targetLowPriorityNodes\u0022: 0}}, \u0022userAccounts\u0022: [{\u0022name\u0022: \u0022UserName\u0022, \u0022password\u0022: \u0022p@55wOrd\u0022}], \u0022startTask\u0022: {\u0022commandLine\u0022: \u0022cmd.exe /c \\\u0022echo hello world\\\u0022\u0022, \u0022resourceFiles\u0022: [{\u0022httpUrl\u0022: \u0022https://blobsource.com\u0022, \u0022filePath\u0022: \u0022filename.txt\u0022}], \u0022environmentSettings\u0022: [{\u0022name\u0022: \u0022ENV_VAR\u0022, \u0022value\u0022: \u0022env_value\u0022}], \u0022userIdentity\u0022: {\u0022autoUser\u0022: {\u0022elevationLevel\u0022: \u0022Admin\u0022}}}}}",
      "StatusCode": 200,
      "ResponseHeaders": {
        "Cache-Control": "no-cache",
        "Content-Encoding": "gzip",
        "Content-Type": "application/json; charset=utf-8",
        "Date": "Thu, 06 Jan 2022 05:40:19 GMT",
        "ETag": "W/\u00220x8D9D0D70642518C\u0022",
        "Expires": "-1",
        "Last-Modified": "Thu, 06 Jan 2022 05:40:19 GMT",
        "Pragma": "no-cache",
        "Server": "Microsoft-HTTPAPI/2.0",
        "Strict-Transport-Security": "max-age=31536000; includeSubDomains",
        "Transfer-Encoding": "chunked",
        "Vary": "Accept-Encoding",
        "X-Content-Type-Options": "nosniff",
        "x-ms-correlation-request-id": "bf741e92-e802-4ce1-9fa4-102987bbbace",
        "x-ms-ratelimit-remaining-subscription-writes": "1199",
        "x-ms-request-id": "291a0cfd-a812-4f4d-8254-e882a39c9af7",
        "x-ms-routing-request-id": "CENTRALUSEUAP:20220106T054019Z:bf741e92-e802-4ce1-9fa4-102987bbbace"
      },
      "ResponseBody": {
        "id": "/subscriptions/00000000-0000-0000-0000-000000000000/resourceGroups/rgpy-f4b22485/providers/Microsoft.Batch/batchAccounts/batch11f4b22485/pools/test_paas_pool",
        "name": "test_paas_pool",
        "type": "Microsoft.Batch/batchAccounts/pools",
        "etag": "W/\u00220x8D9D0D70642518C\u0022",
        "properties": {
          "displayName": "test_pool",
          "lastModified": "2022-01-06T05:40:19.1191436Z",
          "creationTime": "2022-01-06T05:40:19.1191436Z",
          "provisioningState": "Succeeded",
          "provisioningStateTransitionTime": "2022-01-06T05:40:19.1191436Z",
          "allocationState": "Resizing",
          "allocationStateTransitionTime": "2022-01-06T05:40:19.1191436Z",
          "vmSize": "Small",
          "interNodeCommunication": "Disabled",
          "taskSlotsPerNode": 1,
          "taskSchedulingPolicy": {
            "nodeFillType": "Spread"
          },
          "deploymentConfiguration": {
            "cloudServiceConfiguration": {
              "osFamily": "5",
              "osVersion": "*"
            }
          },
          "scaleSettings": {
            "fixedScale": {
              "targetDedicatedNodes": 0,
              "targetLowPriorityNodes": 0,
              "resizeTimeout": "PT15M"
            }
          },
          "startTask": {
            "commandLine": "cmd.exe /c \u0022echo hello world\u0022",
            "resourceFiles": [
              {
                "filePath": "filename.txt",
                "httpUrl": "https://blobsource.com"
              }
            ],
            "environmentSettings": [
              {
                "name": "ENV_VAR",
                "value": "env_value"
              }
            ],
            "userIdentity": {
              "autoUser": {
                "scope": "Pool",
                "elevationLevel": "Admin"
              }
            },
            "maxTaskRetryCount": 0,
            "waitForSuccess": true
          },
          "userAccounts": [
            {
              "name": "UserName",
              "elevationLevel": "NonAdmin",
              "windowsUserConfiguration": {
                "loginMode": "Interactive"
              }
            }
          ],
          "resizeOperationStatus": {
            "targetDedicatedNodes": 0,
            "nodeDeallocationOption": "Requeue",
            "resizeTimeout": "PT15M",
            "startTime": "2022-01-06T05:40:19.1191436Z"
          },
          "currentDedicatedNodes": 0,
          "currentLowPriorityNodes": 0
        }
      }
    },
    {
      "RequestUri": "https://centraluseuap.management.azure.com/subscriptions/00000000-0000-0000-0000-000000000000/resourceGroups/rgpy-f4b22485/providers/Microsoft.Batch/batchAccounts/batch11f4b22485/pools/test_iaas_pool?api-version=2021-06-01",
      "RequestMethod": "PUT",
      "RequestHeaders": {
        "Accept": "application/json",
        "Accept-Encoding": "gzip, deflate",
        "Authorization": "Sanitized",
        "Connection": "keep-alive",
        "Content-Length": "447",
        "Content-Type": "application/json",
        "User-Agent": "azsdk-python-mgmt-batch/16.0.0 Python/3.8.8 (Windows-10-10.0.19041-SP0)",
        "x-ms-client-request-id": "22319f8c-6eb3-11ec-a961-70b5e82527ff"
      },
      "RequestBody": "{\u0022properties\u0022: {\u0022displayName\u0022: \u0022test_pool\u0022, \u0022vmSize\u0022: \u0022Standard_A1\u0022, \u0022deploymentConfiguration\u0022: {\u0022virtualMachineConfiguration\u0022: {\u0022imageReference\u0022: {\u0022publisher\u0022: \u0022MicrosoftWindowsServer\u0022, \u0022offer\u0022: \u0022WindowsServer\u0022, \u0022sku\u0022: \u00222016-Datacenter-smalldisk\u0022}, \u0022nodeAgentSkuId\u0022: \u0022batch.node.windows amd64\u0022, \u0022windowsConfiguration\u0022: {\u0022enableAutomaticUpdates\u0022: true}}}, \u0022scaleSettings\u0022: {\u0022fixedScale\u0022: {\u0022targetDedicatedNodes\u0022: 0, \u0022targetLowPriorityNodes\u0022: 0}}}}",
      "StatusCode": 200,
      "ResponseHeaders": {
        "Cache-Control": "no-cache",
        "Content-Encoding": "gzip",
        "Content-Type": "application/json; charset=utf-8",
        "Date": "Thu, 06 Jan 2022 05:40:19 GMT",
        "ETag": "W/\u00220x8D9D0D706DE6B30\u0022",
        "Expires": "-1",
        "Last-Modified": "Thu, 06 Jan 2022 05:40:20 GMT",
        "Pragma": "no-cache",
        "Server": "Microsoft-HTTPAPI/2.0",
        "Strict-Transport-Security": "max-age=31536000; includeSubDomains",
        "Transfer-Encoding": "chunked",
        "Vary": "Accept-Encoding",
        "X-Content-Type-Options": "nosniff",
        "x-ms-correlation-request-id": "bb55b24a-80c9-461b-94e0-5f49e9bf3c44",
        "x-ms-ratelimit-remaining-subscription-writes": "1198",
        "x-ms-request-id": "089e590c-1c2c-424b-bc9b-248e0d3e7eae",
        "x-ms-routing-request-id": "CENTRALUSEUAP:20220106T054020Z:bb55b24a-80c9-461b-94e0-5f49e9bf3c44"
      },
      "ResponseBody": {
        "id": "/subscriptions/00000000-0000-0000-0000-000000000000/resourceGroups/rgpy-f4b22485/providers/Microsoft.Batch/batchAccounts/batch11f4b22485/pools/test_iaas_pool",
        "name": "test_iaas_pool",
        "type": "Microsoft.Batch/batchAccounts/pools",
        "etag": "W/\u00220x8D9D0D706DE6B30\u0022",
        "properties": {
          "displayName": "test_pool",
          "lastModified": "2022-01-06T05:40:20.1421616Z",
          "creationTime": "2022-01-06T05:40:20.1421616Z",
          "provisioningState": "Succeeded",
          "provisioningStateTransitionTime": "2022-01-06T05:40:20.1421616Z",
          "allocationState": "Resizing",
          "allocationStateTransitionTime": "2022-01-06T05:40:20.1421616Z",
          "vmSize": "STANDARD_A1",
          "interNodeCommunication": "Disabled",
          "taskSlotsPerNode": 1,
          "taskSchedulingPolicy": {
            "nodeFillType": "Spread"
          },
          "deploymentConfiguration": {
            "virtualMachineConfiguration": {
              "imageReference": {
                "publisher": "MicrosoftWindowsServer",
                "offer": "WindowsServer",
                "sku": "2016-Datacenter-smalldisk",
                "version": "latest"
              },
              "nodeAgentSkuId": "batch.node.windows amd64",
              "windowsConfiguration": {
                "enableAutomaticUpdates": true
              }
            }
          },
          "scaleSettings": {
            "fixedScale": {
              "targetDedicatedNodes": 0,
              "targetLowPriorityNodes": 0,
              "resizeTimeout": "PT15M"
            }
          },
          "resizeOperationStatus": {
            "targetDedicatedNodes": 0,
            "nodeDeallocationOption": "Requeue",
            "resizeTimeout": "PT15M",
            "startTime": "2022-01-06T05:40:20.1421616Z"
          },
          "currentDedicatedNodes": 0,
          "currentLowPriorityNodes": 0
        }
      }
    },
    {
      "RequestUri": "https://centraluseuap.management.azure.com/subscriptions/00000000-0000-0000-0000-000000000000/resourceGroups/rgpy-f4b22485/providers/Microsoft.Batch/batchAccounts/batch11f4b22485/pools?api-version=2021-06-01",
      "RequestMethod": "GET",
      "RequestHeaders": {
        "Accept": "application/json",
        "Accept-Encoding": "gzip, deflate",
        "Authorization": "Sanitized",
        "Connection": "keep-alive",
        "User-Agent": "azsdk-python-mgmt-batch/16.0.0 Python/3.8.8 (Windows-10-10.0.19041-SP0)",
        "x-ms-client-request-id": "22737ac2-6eb3-11ec-a2be-70b5e82527ff"
      },
      "RequestBody": null,
      "StatusCode": 200,
      "ResponseHeaders": {
        "Cache-Control": "no-cache",
        "Content-Encoding": "gzip",
        "Content-Type": "application/json; charset=utf-8",
        "Date": "Thu, 06 Jan 2022 05:40:20 GMT",
        "Expires": "-1",
        "Pragma": "no-cache",
        "Server": "Microsoft-HTTPAPI/2.0",
        "Strict-Transport-Security": "max-age=31536000; includeSubDomains",
        "Transfer-Encoding": "chunked",
        "Vary": "Accept-Encoding",
        "X-Content-Type-Options": "nosniff",
        "x-ms-correlation-request-id": "1472fe99-2b4b-4d86-b6dc-1fd83a99b253",
        "x-ms-ratelimit-remaining-subscription-reads": "11999",
        "x-ms-request-id": "5cac6aac-3ef4-4e43-b427-a7d1ca7cd8fa",
        "x-ms-routing-request-id": "CENTRALUSEUAP:20220106T054020Z:1472fe99-2b4b-4d86-b6dc-1fd83a99b253"
      },
      "ResponseBody": {
        "value": [
          {
            "id": "/subscriptions/00000000-0000-0000-0000-000000000000/resourceGroups/rgpy-f4b22485/providers/Microsoft.Batch/batchAccounts/batch11f4b22485/pools/test_iaas_pool",
            "name": "test_iaas_pool",
            "type": "Microsoft.Batch/batchAccounts/pools",
            "etag": "W/\u00220x8D9D0D706DE6B30\u0022",
            "properties": {
              "displayName": "test_pool",
              "lastModified": "2022-01-06T05:40:20.1421616Z",
              "creationTime": "2022-01-06T05:40:20.1421616Z",
              "provisioningState": "Succeeded",
              "provisioningStateTransitionTime": "2022-01-06T05:40:20.1421616Z",
              "allocationState": "Resizing",
              "allocationStateTransitionTime": "2022-01-06T05:40:20.1421616Z",
              "vmSize": "STANDARD_A1",
              "interNodeCommunication": "Disabled",
              "taskSlotsPerNode": 1,
              "taskSchedulingPolicy": {
                "nodeFillType": "Spread"
              },
              "deploymentConfiguration": {
                "virtualMachineConfiguration": {
                  "imageReference": {
                    "publisher": "MicrosoftWindowsServer",
                    "offer": "WindowsServer",
                    "sku": "2016-Datacenter-smalldisk",
                    "version": "latest"
                  },
                  "nodeAgentSkuId": "batch.node.windows amd64",
                  "windowsConfiguration": {
                    "enableAutomaticUpdates": true
                  }
                }
              },
              "scaleSettings": {
                "fixedScale": {
                  "targetDedicatedNodes": 0,
                  "targetLowPriorityNodes": 0,
                  "resizeTimeout": "PT15M"
                }
              },
              "resizeOperationStatus": {
                "targetDedicatedNodes": 0,
                "nodeDeallocationOption": "Requeue",
                "resizeTimeout": "PT15M",
                "startTime": "2022-01-06T05:40:20.1421616Z"
              },
              "currentDedicatedNodes": 0,
              "currentLowPriorityNodes": 0
            }
          },
          {
            "id": "/subscriptions/00000000-0000-0000-0000-000000000000/resourceGroups/rgpy-f4b22485/providers/Microsoft.Batch/batchAccounts/batch11f4b22485/pools/test_paas_pool",
            "name": "test_paas_pool",
            "type": "Microsoft.Batch/batchAccounts/pools",
            "etag": "W/\u00220x8D9D0D70642518C\u0022",
            "properties": {
              "displayName": "test_pool",
              "lastModified": "2022-01-06T05:40:19.1191436Z",
              "creationTime": "2022-01-06T05:40:19.1191436Z",
              "provisioningState": "Succeeded",
              "provisioningStateTransitionTime": "2022-01-06T05:40:19.1191436Z",
              "allocationState": "Steady",
              "allocationStateTransitionTime": "2022-01-06T05:40:20.418165Z",
              "vmSize": "Small",
              "interNodeCommunication": "Disabled",
              "taskSlotsPerNode": 1,
              "taskSchedulingPolicy": {
                "nodeFillType": "Spread"
              },
              "deploymentConfiguration": {
                "cloudServiceConfiguration": {
                  "osFamily": "5",
                  "osVersion": "*"
                }
              },
              "scaleSettings": {
                "fixedScale": {
                  "targetDedicatedNodes": 0,
                  "targetLowPriorityNodes": 0,
                  "resizeTimeout": "PT15M"
                }
              },
              "startTask": {
                "commandLine": "cmd.exe /c \u0022echo hello world\u0022",
                "resourceFiles": [
                  {
                    "filePath": "filename.txt",
                    "httpUrl": "https://blobsource.com"
                  }
                ],
                "environmentSettings": [
                  {
                    "name": "ENV_VAR",
                    "value": "env_value"
                  }
                ],
                "userIdentity": {
                  "autoUser": {
                    "scope": "Pool",
                    "elevationLevel": "Admin"
                  }
                },
                "maxTaskRetryCount": 0,
                "waitForSuccess": true
              },
              "userAccounts": [
                {
                  "name": "UserName",
                  "elevationLevel": "NonAdmin",
                  "windowsUserConfiguration": {
                    "loginMode": "Interactive"
                  }
                }
              ],
              "resizeOperationStatus": {
                "targetDedicatedNodes": 0,
                "nodeDeallocationOption": "Requeue",
                "resizeTimeout": "PT15M",
                "startTime": "2022-01-06T05:40:19.1191436Z"
              },
              "currentDedicatedNodes": 0,
              "currentLowPriorityNodes": 0
            }
          }
        ]
      }
    },
    {
      "RequestUri": "https://centraluseuap.management.azure.com/subscriptions/00000000-0000-0000-0000-000000000000/resourceGroups/rgpy-f4b22485/providers/Microsoft.Batch/batchAccounts/batch11f4b22485/pools/test_iaas_pool?api-version=2021-06-01",
      "RequestMethod": "PATCH",
      "RequestHeaders": {
        "Accept": "application/json",
        "Accept-Encoding": "gzip, deflate",
        "Authorization": "Sanitized",
        "Connection": "keep-alive",
        "Content-Length": "88",
        "Content-Type": "application/json",
        "User-Agent": "azsdk-python-mgmt-batch/16.0.0 Python/3.8.8 (Windows-10-10.0.19041-SP0)",
        "x-ms-client-request-id": "2ba79482-6eb3-11ec-8694-70b5e82527ff"
      },
      "RequestBody": "{\u0022properties\u0022: {\u0022scaleSettings\u0022: {\u0022autoScale\u0022: {\u0022formula\u0022: \u0022$TargetDedicatedNodes=0\u0022}}}}",
      "StatusCode": 200,
      "ResponseHeaders": {
        "Cache-Control": "no-cache",
        "Content-Encoding": "gzip",
        "Content-Type": "application/json; charset=utf-8",
        "Date": "Thu, 06 Jan 2022 05:40:35 GMT",
        "ETag": "W/\u00220x8D9D0D7105788AE\u0022",
        "Expires": "-1",
        "Last-Modified": "Thu, 06 Jan 2022 05:40:36 GMT",
        "Pragma": "no-cache",
        "Server": "Microsoft-HTTPAPI/2.0",
        "Strict-Transport-Security": "max-age=31536000; includeSubDomains",
        "Transfer-Encoding": "chunked",
        "Vary": "Accept-Encoding",
        "X-Content-Type-Options": "nosniff",
        "x-ms-correlation-request-id": "074ccd96-396c-40e5-9b0b-5ad2585ea0b6",
        "x-ms-ratelimit-remaining-subscription-writes": "1197",
        "x-ms-request-id": "6a0e08e8-ee6c-45d2-a8b2-2399d1b5353b",
        "x-ms-routing-request-id": "CENTRALUSEUAP:20220106T054036Z:074ccd96-396c-40e5-9b0b-5ad2585ea0b6"
      },
      "ResponseBody": {
        "id": "/subscriptions/00000000-0000-0000-0000-000000000000/resourceGroups/rgpy-f4b22485/providers/Microsoft.Batch/batchAccounts/batch11f4b22485/pools/test_iaas_pool",
        "name": "test_iaas_pool",
        "type": "Microsoft.Batch/batchAccounts/pools",
        "etag": "W/\u00220x8D9D0D7105788AE\u0022",
        "properties": {
          "displayName": "test_pool",
          "lastModified": "2022-01-06T05:40:36.0353966Z",
          "creationTime": "2022-01-06T05:40:20.1421616Z",
          "provisioningState": "Succeeded",
          "provisioningStateTransitionTime": "2022-01-06T05:40:20.1421616Z",
          "allocationState": "Resizing",
          "allocationStateTransitionTime": "2022-01-06T05:40:36.0353966Z",
          "vmSize": "STANDARD_A1",
          "interNodeCommunication": "Disabled",
          "taskSlotsPerNode": 1,
          "taskSchedulingPolicy": {
            "nodeFillType": "Spread"
          },
          "deploymentConfiguration": {
            "virtualMachineConfiguration": {
              "imageReference": {
                "publisher": "MicrosoftWindowsServer",
                "offer": "WindowsServer",
                "sku": "2016-Datacenter-smalldisk",
                "version": "latest"
              },
              "nodeAgentSkuId": "batch.node.windows amd64",
              "windowsConfiguration": {
                "enableAutomaticUpdates": true
              }
            }
          },
          "scaleSettings": {
            "autoScale": {
              "formula": "$TargetDedicatedNodes=0",
              "evaluationInterval": "PT15M"
            }
          },
          "currentDedicatedNodes": 0,
          "currentLowPriorityNodes": 0,
          "autoScaleRun": {
            "evaluationTime": "2022-01-06T05:40:36.0353966Z",
            "results": "$TargetDedicatedNodes=0;$TargetLowPriorityNodes=0;$NodeDeallocationOption=requeue"
          }
        }
      }
    },
    {
      "RequestUri": "https://centraluseuap.management.azure.com/subscriptions/00000000-0000-0000-0000-000000000000/resourceGroups/rgpy-f4b22485/providers/Microsoft.Batch/batchAccounts/batch11f4b22485/pools/test_iaas_pool?api-version=2021-06-01",
      "RequestMethod": "GET",
      "RequestHeaders": {
        "Accept": "application/json",
        "Accept-Encoding": "gzip, deflate",
        "Authorization": "Sanitized",
        "Connection": "keep-alive",
        "User-Agent": "azsdk-python-mgmt-batch/16.0.0 Python/3.8.8 (Windows-10-10.0.19041-SP0)",
        "x-ms-client-request-id": "2bfd60b2-6eb3-11ec-ac9d-70b5e82527ff"
      },
      "RequestBody": null,
      "StatusCode": 200,
      "ResponseHeaders": {
        "Cache-Control": "no-cache",
        "Content-Encoding": "gzip",
        "Content-Type": "application/json; charset=utf-8",
        "Date": "Thu, 06 Jan 2022 05:40:36 GMT",
        "ETag": "W/\u00220x8D9D0D7105788AE\u0022",
        "Expires": "-1",
        "Last-Modified": "Thu, 06 Jan 2022 05:40:36 GMT",
        "Pragma": "no-cache",
        "Server": "Microsoft-HTTPAPI/2.0",
        "Strict-Transport-Security": "max-age=31536000; includeSubDomains",
        "Transfer-Encoding": "chunked",
        "Vary": "Accept-Encoding",
        "X-Content-Type-Options": "nosniff",
        "x-ms-correlation-request-id": "3235ce72-aea6-425e-98b8-985cf900a369",
        "x-ms-ratelimit-remaining-subscription-reads": "11998",
        "x-ms-request-id": "145fc830-03b8-4601-ab78-db40fd1c63db",
        "x-ms-routing-request-id": "CENTRALUSEUAP:20220106T054036Z:3235ce72-aea6-425e-98b8-985cf900a369"
      },
      "ResponseBody": {
        "id": "/subscriptions/00000000-0000-0000-0000-000000000000/resourceGroups/rgpy-f4b22485/providers/Microsoft.Batch/batchAccounts/batch11f4b22485/pools/test_iaas_pool",
        "name": "test_iaas_pool",
        "type": "Microsoft.Batch/batchAccounts/pools",
        "etag": "W/\u00220x8D9D0D7105788AE\u0022",
        "properties": {
          "displayName": "test_pool",
          "lastModified": "2022-01-06T05:40:36.0353966Z",
          "creationTime": "2022-01-06T05:40:20.1421616Z",
          "provisioningState": "Succeeded",
          "provisioningStateTransitionTime": "2022-01-06T05:40:20.1421616Z",
          "allocationState": "Resizing",
          "allocationStateTransitionTime": "2022-01-06T05:40:36.0353966Z",
          "vmSize": "STANDARD_A1",
          "interNodeCommunication": "Disabled",
          "taskSlotsPerNode": 1,
          "taskSchedulingPolicy": {
            "nodeFillType": "Spread"
          },
          "deploymentConfiguration": {
            "virtualMachineConfiguration": {
              "imageReference": {
                "publisher": "MicrosoftWindowsServer",
                "offer": "WindowsServer",
                "sku": "2016-Datacenter-smalldisk",
                "version": "latest"
              },
              "nodeAgentSkuId": "batch.node.windows amd64",
              "windowsConfiguration": {
                "enableAutomaticUpdates": true
              }
            }
          },
          "scaleSettings": {
            "autoScale": {
              "formula": "$TargetDedicatedNodes=0",
              "evaluationInterval": "PT15M"
            }
          },
          "currentDedicatedNodes": 0,
          "currentLowPriorityNodes": 0,
          "autoScaleRun": {
            "evaluationTime": "2022-01-06T05:40:36.0353966Z",
            "results": "$TargetDedicatedNodes=0;$TargetLowPriorityNodes=0;$NodeDeallocationOption=requeue"
          }
        }
      }
    },
    {
      "RequestUri": "https://centraluseuap.management.azure.com/subscriptions/00000000-0000-0000-0000-000000000000/resourceGroups/rgpy-f4b22485/providers/Microsoft.Batch/batchAccounts/batch11f4b22485/pools/test_iaas_pool?api-version=2021-06-01",
      "RequestMethod": "DELETE",
      "RequestHeaders": {
        "Accept": "application/json",
        "Accept-Encoding": "gzip, deflate",
        "Authorization": "Sanitized",
        "Connection": "keep-alive",
        "Content-Length": "0",
        "User-Agent": "azsdk-python-mgmt-batch/16.0.0 Python/3.8.8 (Windows-10-10.0.19041-SP0)",
        "x-ms-client-request-id": "2c3d49bb-6eb3-11ec-9c9e-70b5e82527ff"
      },
      "RequestBody": null,
      "StatusCode": 202,
      "ResponseHeaders": {
        "Cache-Control": "no-cache",
        "Content-Length": "0",
        "Date": "Thu, 06 Jan 2022 05:40:40 GMT",
        "Expires": "-1",
        "Location": "https://centraluseuap.management.azure.com/subscriptions/00000000-0000-0000-0000-000000000000/resourceGroups/rgpy-f4b22485/providers/Microsoft.Batch/batchAccounts/batch11f4b22485/poolOperationResults/delete-test_iaas_pool?api-version=2021-06-01",
        "Pragma": "no-cache",
        "Retry-After": "15",
        "Server": "Microsoft-HTTPAPI/2.0",
        "Strict-Transport-Security": "max-age=31536000; includeSubDomains",
        "X-Content-Type-Options": "nosniff",
        "x-ms-correlation-request-id": "955c3418-d5f8-4952-a28f-11aa5986591f",
        "x-ms-ratelimit-remaining-subscription-deletes": "14999",
        "x-ms-request-id": "4bb2d9ac-f2cb-4666-a669-33a5f3a1c343",
        "x-ms-routing-request-id": "CENTRALUSEUAP:20220106T054040Z:955c3418-d5f8-4952-a28f-11aa5986591f"
      },
      "ResponseBody": null
    },
    {
      "RequestUri": "https://centraluseuap.management.azure.com/subscriptions/00000000-0000-0000-0000-000000000000/resourceGroups/rgpy-f4b22485/providers/Microsoft.Batch/batchAccounts/batch11f4b22485/poolOperationResults/delete-test_iaas_pool?api-version=2021-06-01",
      "RequestMethod": "GET",
      "RequestHeaders": {
        "Accept": "*/*",
        "Accept-Encoding": "gzip, deflate",
        "Authorization": "Sanitized",
        "Connection": "keep-alive",
        "User-Agent": "azsdk-python-mgmt-batch/16.0.0 Python/3.8.8 (Windows-10-10.0.19041-SP0)",
        "x-ms-client-request-id": "2c3d49bb-6eb3-11ec-9c9e-70b5e82527ff"
      },
      "RequestBody": null,
      "StatusCode": 200,
      "ResponseHeaders": {
        "Cache-Control": "no-cache",
        "Content-Length": "0",
        "Date": "Thu, 06 Jan 2022 05:40:55 GMT",
        "Expires": "-1",
        "Pragma": "no-cache",
        "Server": "Microsoft-HTTPAPI/2.0",
        "Strict-Transport-Security": "max-age=31536000; includeSubDomains",
        "X-Content-Type-Options": "nosniff",
        "x-ms-correlation-request-id": "484a93d3-e5d3-4799-9efa-86764bff72b9",
        "x-ms-ratelimit-remaining-subscription-reads": "11997",
        "x-ms-request-id": "3fdcced8-dcfa-4430-af94-d0aa894fb984",
        "x-ms-routing-request-id": "CENTRALUSEUAP:20220106T054056Z:484a93d3-e5d3-4799-9efa-86764bff72b9"
      },
      "ResponseBody": null
    }
  ],
  "Variables": {}
}
