interactions:
- request:
    body: '{"value": "crud_secret_valuec01d1319"}'
    headers:
      Accept:
      - application/json
      Accept-Encoding:
      - gzip, deflate
      Connection:
      - keep-alive
      Content-Length:
      - '38'
      Content-Type:
      - application/json; charset=utf-8
      User-Agent:
      - python/3.5.4 (Windows-10-10.0.18362-SP0) azure-core/0.0.1 azsdk-python-azure-keyvault/7.0
    method: PUT
    uri: https://vaultc01d1319.vault.azure.net/secrets/crud-secret?api-version=7.0
  response:
    body:
      string: '{"value":"crud_secret_valuec01d1319","id":"https://vaultc01d1319.vault.azure.net/secrets/crud-secret/177427fb4ac34d35be6430082742ca9d","attributes":{"enabled":true,"created":1560296924,"updated":1560296924,"recoveryLevel":"Purgeable"}}'
    headers:
      cache-control:
      - no-cache
      content-length:
      - '235'
      content-type:
      - application/json; charset=utf-8
      date:
      - Tue, 11 Jun 2019 23:48:44 GMT
      expires:
      - '-1'
      pragma:
      - no-cache
      server:
      - Microsoft-IIS/10.0
      strict-transport-security:
      - max-age=31536000;includeSubDomains
      x-aspnet-version:
      - 4.0.30319
      x-content-type-options:
      - nosniff
      x-ms-keyvault-network-info:
      - addr=166.255.251.53;act_addr_fam=InterNetwork;
      x-ms-keyvault-region:
      - westus
      x-ms-keyvault-service-version:
      - 1.1.0.866
      x-powered-by:
      - ASP.NET
    status:
      code: 200
      message: OK
- request:
    body: '{"value": "crud_secret_valuec01d1319", "attributes": {"enabled": true,
      "nbf": 1422864000}, "tags": {"foo": "created tag"}}'
    headers:
      Accept:
      - application/json
      Accept-Encoding:
      - gzip, deflate
      Connection:
      - keep-alive
      Content-Length:
      - '122'
      Content-Type:
      - application/json; charset=utf-8
      User-Agent:
      - python/3.5.4 (Windows-10-10.0.18362-SP0) azure-core/0.0.1 azsdk-python-azure-keyvault/7.0
    method: PUT
    uri: https://vaultc01d1319.vault.azure.net/secrets/crud-secret?api-version=7.0
  response:
    body:
      string: '{"value":"crud_secret_valuec01d1319","id":"https://vaultc01d1319.vault.azure.net/secrets/crud-secret/259ce6cd4405435a9c10114cde527ecd","attributes":{"enabled":true,"nbf":1422864000,"created":1560296924,"updated":1560296924,"recoveryLevel":"Purgeable"},"tags":{"foo":"created
        tag"}}'
    headers:
      cache-control:
      - no-cache
      content-length:
      - '281'
      content-type:
      - application/json; charset=utf-8
      date:
      - Tue, 11 Jun 2019 23:48:44 GMT
      expires:
      - '-1'
      pragma:
      - no-cache
      server:
      - Microsoft-IIS/10.0
      strict-transport-security:
      - max-age=31536000;includeSubDomains
      x-aspnet-version:
      - 4.0.30319
      x-content-type-options:
      - nosniff
      x-ms-keyvault-network-info:
      - addr=166.255.251.53;act_addr_fam=InterNetwork;
      x-ms-keyvault-region:
      - westus
      x-ms-keyvault-service-version:
      - 1.1.0.866
      x-powered-by:
      - ASP.NET
    status:
      code: 200
      message: OK
- request:
    body: null
    headers:
      Accept:
      - application/json
      Accept-Encoding:
      - gzip, deflate
      Connection:
      - keep-alive
      User-Agent:
      - python/3.5.4 (Windows-10-10.0.18362-SP0) azure-core/0.0.1 azsdk-python-azure-keyvault/7.0
    method: GET
    uri: https://vaultc01d1319.vault.azure.net/secrets/crud-secret/?api-version=7.0
  response:
    body:
      string: '{"value":"crud_secret_valuec01d1319","id":"https://vaultc01d1319.vault.azure.net/secrets/crud-secret/259ce6cd4405435a9c10114cde527ecd","attributes":{"enabled":true,"nbf":1422864000,"created":1560296924,"updated":1560296924,"recoveryLevel":"Purgeable"},"tags":{"foo":"created
        tag"}}'
    headers:
      cache-control:
      - no-cache
      content-length:
      - '281'
      content-type:
      - application/json; charset=utf-8
      date:
      - Tue, 11 Jun 2019 23:48:44 GMT
      expires:
      - '-1'
      pragma:
      - no-cache
      server:
      - Microsoft-IIS/10.0
      strict-transport-security:
      - max-age=31536000;includeSubDomains
      x-aspnet-version:
      - 4.0.30319
      x-content-type-options:
      - nosniff
      x-ms-keyvault-network-info:
      - addr=166.255.251.53;act_addr_fam=InterNetwork;
      x-ms-keyvault-region:
      - westus
      x-ms-keyvault-service-version:
      - 1.1.0.866
      x-powered-by:
      - ASP.NET
    status:
      code: 200
      message: OK
- request:
    body: null
    headers:
      Accept:
      - application/json
      Accept-Encoding:
      - gzip, deflate
      Connection:
      - keep-alive
      User-Agent:
      - python/3.5.4 (Windows-10-10.0.18362-SP0) azure-core/0.0.1 azsdk-python-azure-keyvault/7.0
    method: GET
    uri: https://vaultc01d1319.vault.azure.net/secrets/crud-secret/259ce6cd4405435a9c10114cde527ecd?api-version=7.0
  response:
    body:
      string: '{"value":"crud_secret_valuec01d1319","id":"https://vaultc01d1319.vault.azure.net/secrets/crud-secret/259ce6cd4405435a9c10114cde527ecd","attributes":{"enabled":true,"nbf":1422864000,"created":1560296924,"updated":1560296924,"recoveryLevel":"Purgeable"},"tags":{"foo":"created
        tag"}}'
    headers:
      cache-control:
      - no-cache
      content-length:
      - '281'
      content-type:
      - application/json; charset=utf-8
      date:
      - Tue, 11 Jun 2019 23:48:44 GMT
      expires:
      - '-1'
      pragma:
      - no-cache
      server:
      - Microsoft-IIS/10.0
      strict-transport-security:
      - max-age=31536000;includeSubDomains
      x-aspnet-version:
      - 4.0.30319
      x-content-type-options:
      - nosniff
      x-ms-keyvault-network-info:
      - addr=166.255.251.53;act_addr_fam=InterNetwork;
      x-ms-keyvault-region:
      - westus
      x-ms-keyvault-service-version:
      - 1.1.0.866
      x-powered-by:
      - ASP.NET
    status:
      code: 200
      message: OK
- request:
    body: '{"attributes": {"exp": 2527401600, "enabled": false}, "contentType": "text/plain",
      "tags": {"foo": "updated tag"}}'
    headers:
      Accept:
      - application/json
      Accept-Encoding:
      - gzip, deflate
      Connection:
      - keep-alive
      Content-Length:
      - '114'
      Content-Type:
      - application/json; charset=utf-8
      User-Agent:
      - python/3.5.4 (Windows-10-10.0.18362-SP0) azure-core/0.0.1 azsdk-python-azure-keyvault/7.0
    method: PATCH
    uri: https://vaultc01d1319.vault.azure.net/secrets/crud-secret/259ce6cd4405435a9c10114cde527ecd?api-version=7.0
  response:
    body:
      string: '{"contentType":"text/plain","id":"https://vaultc01d1319.vault.azure.net/secrets/crud-secret/259ce6cd4405435a9c10114cde527ecd","attributes":{"enabled":false,"nbf":1422864000,"exp":2527401600,"created":1560296924,"updated":1560296926,"recoveryLevel":"Purgeable"},"tags":{"foo":"updated
        tag"}}'
    headers:
      cache-control:
      - no-cache
      content-length:
      - '290'
      content-type:
      - application/json; charset=utf-8
      date:
      - Tue, 11 Jun 2019 23:48:45 GMT
      expires:
      - '-1'
      pragma:
      - no-cache
      server:
      - Microsoft-IIS/10.0
      strict-transport-security:
      - max-age=31536000;includeSubDomains
      x-aspnet-version:
      - 4.0.30319
      x-content-type-options:
      - nosniff
      x-ms-keyvault-network-info:
      - addr=166.255.251.53;act_addr_fam=InterNetwork;
      x-ms-keyvault-region:
      - westus
      x-ms-keyvault-service-version:
      - 1.1.0.866
      x-powered-by:
      - ASP.NET
    status:
      code: 200
      message: OK
- request:
    body: null
    headers:
      Accept:
      - application/json
      Accept-Encoding:
      - gzip, deflate
      Connection:
      - keep-alive
      Content-Length:
      - '0'
      User-Agent:
      - python/3.5.4 (Windows-10-10.0.18362-SP0) azure-core/0.0.1 azsdk-python-azure-keyvault/7.0
    method: DELETE
    uri: https://vaultc01d1319.vault.azure.net/secrets/crud-secret?api-version=7.0
  response:
    body:
      string: '{"contentType":"text/plain","id":"https://vaultc01d1319.vault.azure.net/secrets/crud-secret/259ce6cd4405435a9c10114cde527ecd","attributes":{"enabled":false,"nbf":1422864000,"exp":2527401600,"created":1560296924,"updated":1560296926,"recoveryLevel":"Purgeable"},"tags":{"foo":"updated
        tag"}}'
    headers:
      cache-control:
      - no-cache
      content-length:
      - '290'
      content-type:
      - application/json; charset=utf-8
      date:
      - Tue, 11 Jun 2019 23:48:45 GMT
      expires:
      - '-1'
      pragma:
      - no-cache
      server:
      - Microsoft-IIS/10.0
      strict-transport-security:
      - max-age=31536000;includeSubDomains
      x-aspnet-version:
      - 4.0.30319
      x-content-type-options:
      - nosniff
      x-ms-keyvault-network-info:
      - addr=166.255.251.53;act_addr_fam=InterNetwork;
      x-ms-keyvault-region:
      - westus
      x-ms-keyvault-service-version:
      - 1.1.0.866
      x-powered-by:
      - ASP.NET
    status:
      code: 200
      message: OK
- request:
    body: null
    headers:
      Accept:
      - application/json
      Accept-Encoding:
      - gzip, deflate
      Connection:
      - keep-alive
      User-Agent:
      - python/3.5.4 (Windows-10-10.0.18362-SP0) azure-core/0.0.1 azsdk-python-azure-keyvault/7.0
    method: GET
    uri: https://vaultc01d1319.vault.azure.net/secrets/crud-secret/?api-version=7.0
  response:
    body:
      string: '{"error":{"code":"SecretNotFound","message":"Secret not found: crud-secret"}}'
    headers:
      cache-control:
      - no-cache
      content-length:
      - '77'
      content-type:
      - application/json; charset=utf-8
      date:
      - Tue, 11 Jun 2019 23:48:46 GMT
      expires:
      - '-1'
      pragma:
      - no-cache
      server:
      - Microsoft-IIS/10.0
      strict-transport-security:
      - max-age=31536000;includeSubDomains
      x-aspnet-version:
      - 4.0.30319
      x-content-type-options:
      - nosniff
      x-ms-keyvault-network-info:
      - addr=166.255.251.53;act_addr_fam=InterNetwork;
      x-ms-keyvault-region:
      - westus
      x-ms-keyvault-service-version:
      - 1.1.0.866
      x-powered-by:
      - ASP.NET
    status:
      code: 404
      message: Not Found
version: 1
