interactions:
- request:
    body: '{"kty": "RSA"}'
    headers:
      Accept:
      - application/json
      Accept-Encoding:
      - gzip, deflate
      Connection:
      - keep-alive
      Content-Length:
      - '14'
      Content-Type:
      - application/json; charset=utf-8
      User-Agent:
      - python/3.7.2 (Windows-10-10.0.18362-SP0) azure-core/0.0.1 azsdk-python-azure-keyvault/7.0
    method: POST
    uri: https://vaultf75a0e1e.vault.azure.net/keys/keyrec0f75a0e1e/create?api-version=7.0
  response:
    body:
      string: '{"key":{"kid":"https://vaultf75a0e1e.vault.azure.net/keys/keyrec0f75a0e1e/67ba870042ee4ace96dad0cdf186d37a","kty":"RSA","key_ops":["encrypt","decrypt","sign","verify","wrapKey","unwrapKey"],"n":"n8ADZnW16nj4EL_HFUdwXV9J15LuPG8nbPJWpHafPrQXzmibWON9-Fc8doqmsFjm7-k4cd7MeN06QakZtsT1mzqtgeFrbcZt3g-Zy6T_VUj44nG6A_zpmO5le4JF_Z0x07Dv98-ZbFp3QhNhSPj6qXpPpb1zX5D4ELeopV2LstFS4cC-U2DsTtPFdyRHLoxtASMjOhSV8aq2tceUekMlzCaaw4-LgaxEJ_fNK-Qy5K849X4adGpyc1zzMRYneg78Hhmtd6EAEosyvI8VBcBU1FfBd16vzndVbCQazC0a232hPEwvgWyJDv_t_moNC8bFrskDDBAKZLmSL_Af6tX9zw","e":"AQAB"},"attributes":{"enabled":true,"created":1559087708,"updated":1559087708,"recoveryLevel":"Recoverable+Purgeable"}}'
    headers:
      cache-control:
      - no-cache
      content-length:
      - '663'
      content-type:
      - application/json; charset=utf-8
      date:
      - Tue, 28 May 2019 23:55:08 GMT
      expires:
      - '-1'
      pragma:
      - no-cache
      server:
      - Microsoft-IIS/10.0
      strict-transport-security:
      - max-age=31536000;includeSubDomains
      x-aspnet-version:
      - 4.0.30319
      x-content-type-options:
      - nosniff
      x-ms-keyvault-network-info:
      - addr=131.107.147.26;act_addr_fam=InterNetwork;
      x-ms-keyvault-region:
      - westus
      x-ms-keyvault-service-version:
      - 1.1.0.866
      x-powered-by:
      - ASP.NET
    status:
      code: 200
      message: OK
- request:
    body: '{"kty": "RSA"}'
    headers:
      Accept:
      - application/json
      Accept-Encoding:
      - gzip, deflate
      Connection:
      - keep-alive
      Content-Length:
      - '14'
      Content-Type:
      - application/json; charset=utf-8
      User-Agent:
      - python/3.7.2 (Windows-10-10.0.18362-SP0) azure-core/0.0.1 azsdk-python-azure-keyvault/7.0
    method: POST
    uri: https://vaultf75a0e1e.vault.azure.net/keys/keyrec1f75a0e1e/create?api-version=7.0
  response:
    body:
      string: '{"key":{"kid":"https://vaultf75a0e1e.vault.azure.net/keys/keyrec1f75a0e1e/67f8a23d47a94a77b838c2d4ec17c9fc","kty":"RSA","key_ops":["encrypt","decrypt","sign","verify","wrapKey","unwrapKey"],"n":"triWC-Sh0Uq60FgbvK7-FPuvXvpvv21aET3lIFkkcJKEnUxEm66bOCKsQeXRl8B1PdyTmIK-5YfZJ8_aQFfjQakvEiK_VosPygvICC7ibl-MqllOHqTumr9tQIYKPZRBv8sNXPnuuI9DIkJoPxFTT2nfNoinC36rooszl8tuZ0V2XGfGXp_Qo7yzSCHPaKiiIVBBpRyX6faysPccjHvpWqekmDeJf7LNtQhIlmhJjGBUerAJw-WdbDpM7uhY-Sc7DXNfYPv2N0DVEbImv80-Rs9Ix5DUIlA_0mHFY4ciDWW8Sd7hupt2JZ-y4vTRcYe_S-Xhc5r8UzBnV7jPcBxdrw","e":"AQAB"},"attributes":{"enabled":true,"created":1559087708,"updated":1559087708,"recoveryLevel":"Recoverable+Purgeable"}}'
    headers:
      cache-control:
      - no-cache
      content-length:
      - '663'
      content-type:
      - application/json; charset=utf-8
      date:
      - Tue, 28 May 2019 23:55:08 GMT
      expires:
      - '-1'
      pragma:
      - no-cache
      server:
      - Microsoft-IIS/10.0
      strict-transport-security:
      - max-age=31536000;includeSubDomains
      x-aspnet-version:
      - 4.0.30319
      x-content-type-options:
      - nosniff
      x-ms-keyvault-network-info:
      - addr=131.107.147.26;act_addr_fam=InterNetwork;
      x-ms-keyvault-region:
      - westus
      x-ms-keyvault-service-version:
      - 1.1.0.866
      x-powered-by:
      - ASP.NET
    status:
      code: 200
      message: OK
- request:
    body: '{"kty": "RSA"}'
    headers:
      Accept:
      - application/json
      Accept-Encoding:
      - gzip, deflate
      Connection:
      - keep-alive
      Content-Length:
      - '14'
      Content-Type:
      - application/json; charset=utf-8
      User-Agent:
      - python/3.7.2 (Windows-10-10.0.18362-SP0) azure-core/0.0.1 azsdk-python-azure-keyvault/7.0
    method: POST
    uri: https://vaultf75a0e1e.vault.azure.net/keys/keyrec2f75a0e1e/create?api-version=7.0
  response:
    body:
      string: '{"key":{"kid":"https://vaultf75a0e1e.vault.azure.net/keys/keyrec2f75a0e1e/84b987f1243f4d5497436bced1f9f239","kty":"RSA","key_ops":["encrypt","decrypt","sign","verify","wrapKey","unwrapKey"],"n":"qnIP533wAGZK3_4tdcPxoVNNAEQFlWY-aw7bLYJh8oTXQywFSq543l6kWz2dbC4F7W4BUp1NgNDI1rJxCIhDZd3QuqmKC4ML6z7QyO_G8aChqD09XE66zgSHk7XbsDehehU0HmCEW1mBNjTqMLWgrLjb4mKiYw9ySfXiySlXEQx9ePSv-9-akkj8GgpqtjOSH9P8Ufizsa7rWNRz6KqtTRZ1YmTu9AQqCeELOzoFhkt5SBmQfAZVjmODdNlVi3JK3q6SgoB9PI14nPQ-MCl13AErSrlVdWijKw9bwZoZUr3N-GE7inScl49DNYNfHMpUV8vEVy0qcZTJYXcmv8cAcQ","e":"AQAB"},"attributes":{"enabled":true,"created":1559087709,"updated":1559087709,"recoveryLevel":"Recoverable+Purgeable"}}'
    headers:
      cache-control:
      - no-cache
      content-length:
      - '663'
      content-type:
      - application/json; charset=utf-8
      date:
      - Tue, 28 May 2019 23:55:09 GMT
      expires:
      - '-1'
      pragma:
      - no-cache
      server:
      - Microsoft-IIS/10.0
      strict-transport-security:
      - max-age=31536000;includeSubDomains
      x-aspnet-version:
      - 4.0.30319
      x-content-type-options:
      - nosniff
      x-ms-keyvault-network-info:
      - addr=131.107.147.26;act_addr_fam=InterNetwork;
      x-ms-keyvault-region:
      - westus
      x-ms-keyvault-service-version:
      - 1.1.0.866
      x-powered-by:
      - ASP.NET
    status:
      code: 200
      message: OK
- request:
    body: '{"kty": "RSA"}'
    headers:
      Accept:
      - application/json
      Accept-Encoding:
      - gzip, deflate
      Connection:
      - keep-alive
      Content-Length:
      - '14'
      Content-Type:
      - application/json; charset=utf-8
      User-Agent:
      - python/3.7.2 (Windows-10-10.0.18362-SP0) azure-core/0.0.1 azsdk-python-azure-keyvault/7.0
    method: POST
    uri: https://vaultf75a0e1e.vault.azure.net/keys/keyrec3f75a0e1e/create?api-version=7.0
  response:
    body:
      string: '{"key":{"kid":"https://vaultf75a0e1e.vault.azure.net/keys/keyrec3f75a0e1e/3a4c8b47d312426e9d1ac79a13462b72","kty":"RSA","key_ops":["encrypt","decrypt","sign","verify","wrapKey","unwrapKey"],"n":"wH43yKuZH8dHjY7jmegVrr-0--hA2fuDUrxJxTpO0xuNISfmLp3mGYYhNWHgM7YrC9t4qhU6EfMQpRRnoExlxoCH5jQbDNvb_2gXSonvWkZXDIIt4LMyZ4yCKf0scvQQtBqTjSBbEswKGCBzZGfBaz0ExP_SB0SbfVZWxZYyEPgl9zyCBG-UoTfiht6uchsdXrQt0jTF795hcRFRYkwP9F5ULZbtikxgtOvqyZvDZfSbBbXgZI9qGGJuSD_Fz8owR_TLuZSttPHUjwjDZ0QaKo7yxvnMbskn4e4jzS5Ku-4JEii1bFnDZLKzQv-VrHHtPkqcYw476g-I9iL6ibfEMw","e":"AQAB"},"attributes":{"enabled":true,"created":1559087709,"updated":1559087709,"recoveryLevel":"Recoverable+Purgeable"}}'
    headers:
      cache-control:
      - no-cache
      content-length:
      - '663'
      content-type:
      - application/json; charset=utf-8
      date:
      - Tue, 28 May 2019 23:55:09 GMT
      expires:
      - '-1'
      pragma:
      - no-cache
      server:
      - Microsoft-IIS/10.0
      strict-transport-security:
      - max-age=31536000;includeSubDomains
      x-aspnet-version:
      - 4.0.30319
      x-content-type-options:
      - nosniff
      x-ms-keyvault-network-info:
      - addr=131.107.147.26;act_addr_fam=InterNetwork;
      x-ms-keyvault-region:
      - westus
      x-ms-keyvault-service-version:
      - 1.1.0.866
      x-powered-by:
      - ASP.NET
    status:
      code: 200
      message: OK
- request:
    body: '{"kty": "RSA"}'
    headers:
      Accept:
      - application/json
      Accept-Encoding:
      - gzip, deflate
      Connection:
      - keep-alive
      Content-Length:
      - '14'
      Content-Type:
      - application/json; charset=utf-8
      User-Agent:
      - python/3.7.2 (Windows-10-10.0.18362-SP0) azure-core/0.0.1 azsdk-python-azure-keyvault/7.0
    method: POST
    uri: https://vaultf75a0e1e.vault.azure.net/keys/keyrec4f75a0e1e/create?api-version=7.0
  response:
    body:
      string: '{"key":{"kid":"https://vaultf75a0e1e.vault.azure.net/keys/keyrec4f75a0e1e/a2962c49bf3f41d3a44ad2a30d606095","kty":"RSA","key_ops":["encrypt","decrypt","sign","verify","wrapKey","unwrapKey"],"n":"jry0uRrJzL9tw2bug7fRnPHr0OjJM2UsaEP9BO0Aw14NTxLjoCL4KeDk1jPMQLbqCjS2mZJw5V-oXxdIj7dC0rV7hNnc1_j0hWkEQPpSyWO3KDkU0p8_F9aFXz_59xhsUXub4xcmxElQ_akhlGqUCIGspYlBtUwZvzYoFPKZ1SJ-20pFujjHHaZLkpO--sKKPi4ZMzlTIaJH1j0OiOIYPGK3YM5StNVk68YNYLP9QOkoLcsa7G4bHRP4-cSpUwOqDX8q6xZdEEa1kOCuYMQZqGBGigLRLzKih2rcfy9TMAQuGuBEsLmRx1WyMUeAkfNsAu7OIbSRHDs_j6jyRAgfdw","e":"AQAB"},"attributes":{"enabled":true,"created":1559087709,"updated":1559087709,"recoveryLevel":"Recoverable+Purgeable"}}'
    headers:
      cache-control:
      - no-cache
      content-length:
      - '663'
      content-type:
      - application/json; charset=utf-8
      date:
      - Tue, 28 May 2019 23:55:09 GMT
      expires:
      - '-1'
      pragma:
      - no-cache
      server:
      - Microsoft-IIS/10.0
      strict-transport-security:
      - max-age=31536000;includeSubDomains
      x-aspnet-version:
      - 4.0.30319
      x-content-type-options:
      - nosniff
      x-ms-keyvault-network-info:
      - addr=131.107.147.26;act_addr_fam=InterNetwork;
      x-ms-keyvault-region:
      - westus
      x-ms-keyvault-service-version:
      - 1.1.0.866
      x-powered-by:
      - ASP.NET
    status:
      code: 200
      message: OK
- request:
    body: '{"kty": "RSA"}'
    headers:
      Accept:
      - application/json
      Accept-Encoding:
      - gzip, deflate
      Connection:
      - keep-alive
      Content-Length:
      - '14'
      Content-Type:
      - application/json; charset=utf-8
      User-Agent:
      - python/3.7.2 (Windows-10-10.0.18362-SP0) azure-core/0.0.1 azsdk-python-azure-keyvault/7.0
    method: POST
    uri: https://vaultf75a0e1e.vault.azure.net/keys/keyrec5f75a0e1e/create?api-version=7.0
  response:
    body:
      string: '{"key":{"kid":"https://vaultf75a0e1e.vault.azure.net/keys/keyrec5f75a0e1e/60378f1347c34bbcaed594918ab1575e","kty":"RSA","key_ops":["encrypt","decrypt","sign","verify","wrapKey","unwrapKey"],"n":"s5lEtCfb5sv4drnMIroCbUdNRbkDHgO0qu-y9K3luPrFjuDJf0FKW8fiu-kgEhnzIw6esF_ZQMGc-mJXlh50mK6bJMZvWf6884DsL_uf4Y98BvGq5FdtphEY0NsanhOmOctSNOfyro-EQNauMCquZPTXPBwc9qpPFCA0ngYw7XXBLkt9LeTfMscdx_cxy-SPxVUbIzBsbhLZi4dGSroGC2At25I61U0vYDf0McjUuR-TG92AAktKTv4L3QTxfxYGfiEwR57bX3W5SR6k0_q4YD_To_RHvSLYoF9m34BiKMK0njuXa182QGOkNQu5o8NX7FNqR2Cc2qCq5siQ4UiT_Q","e":"AQAB"},"attributes":{"enabled":true,"created":1559087710,"updated":1559087710,"recoveryLevel":"Recoverable+Purgeable"}}'
    headers:
      cache-control:
      - no-cache
      content-length:
      - '663'
      content-type:
      - application/json; charset=utf-8
      date:
      - Tue, 28 May 2019 23:55:10 GMT
      expires:
      - '-1'
      pragma:
      - no-cache
      server:
      - Microsoft-IIS/10.0
      strict-transport-security:
      - max-age=31536000;includeSubDomains
      x-aspnet-version:
      - 4.0.30319
      x-content-type-options:
      - nosniff
      x-ms-keyvault-network-info:
      - addr=131.107.147.26;act_addr_fam=InterNetwork;
      x-ms-keyvault-region:
      - westus
      x-ms-keyvault-service-version:
      - 1.1.0.866
      x-powered-by:
      - ASP.NET
    status:
      code: 200
      message: OK
- request:
    body: '{"kty": "RSA"}'
    headers:
      Accept:
      - application/json
      Accept-Encoding:
      - gzip, deflate
      Connection:
      - keep-alive
      Content-Length:
      - '14'
      Content-Type:
      - application/json; charset=utf-8
      User-Agent:
      - python/3.7.2 (Windows-10-10.0.18362-SP0) azure-core/0.0.1 azsdk-python-azure-keyvault/7.0
    method: POST
    uri: https://vaultf75a0e1e.vault.azure.net/keys/keyrec6f75a0e1e/create?api-version=7.0
  response:
    body:
      string: '{"key":{"kid":"https://vaultf75a0e1e.vault.azure.net/keys/keyrec6f75a0e1e/b904bf585e6648acbb4a04681bdffe68","kty":"RSA","key_ops":["encrypt","decrypt","sign","verify","wrapKey","unwrapKey"],"n":"v9RHA--l6pXlH4We-ZvOlQoTx8NrXbGjAhG677zqlsa_6PwPWq_mA2gBbDoKXBgiNPP5kq-NG8aFW4jIDNdoUavUGhgzQjQmuUDpkqTru81loLQUKCikD-7Go-Ga0UnIyDAeJqVmkSZauUOcOMXYoDKp66tro6seY-YXL_pVkzZJnKm0-VPzlL3S344RoRV895h0Z4UFnJNQIFmnLdHkv268mrzbTCxighVs_VOdT2YRMrIkvPMwixFHq6u8G1kP9Llo_SIVC-Zwe1p8VjuuNP4HkMkapsJ_l-Y3HMH3jp8MYOwawO9eb195dE4FGgwXkxdhwRZGlsm2kbJosjTmxw","e":"AQAB"},"attributes":{"enabled":true,"created":1559087710,"updated":1559087710,"recoveryLevel":"Recoverable+Purgeable"}}'
    headers:
      cache-control:
      - no-cache
      content-length:
      - '663'
      content-type:
      - application/json; charset=utf-8
      date:
      - Tue, 28 May 2019 23:55:10 GMT
      expires:
      - '-1'
      pragma:
      - no-cache
      server:
      - Microsoft-IIS/10.0
      strict-transport-security:
      - max-age=31536000;includeSubDomains
      x-aspnet-version:
      - 4.0.30319
      x-content-type-options:
      - nosniff
      x-ms-keyvault-network-info:
      - addr=131.107.147.26;act_addr_fam=InterNetwork;
      x-ms-keyvault-region:
      - westus
      x-ms-keyvault-service-version:
      - 1.1.0.866
      x-powered-by:
      - ASP.NET
    status:
      code: 200
      message: OK
- request:
    body: '{"kty": "RSA"}'
    headers:
      Accept:
      - application/json
      Accept-Encoding:
      - gzip, deflate
      Connection:
      - keep-alive
      Content-Length:
      - '14'
      Content-Type:
      - application/json; charset=utf-8
      User-Agent:
      - python/3.7.2 (Windows-10-10.0.18362-SP0) azure-core/0.0.1 azsdk-python-azure-keyvault/7.0
    method: POST
    uri: https://vaultf75a0e1e.vault.azure.net/keys/keyprg0f75a0e1e/create?api-version=7.0
  response:
    body:
      string: '{"key":{"kid":"https://vaultf75a0e1e.vault.azure.net/keys/keyprg0f75a0e1e/2c24d71656524ce9967592cb76db8a25","kty":"RSA","key_ops":["encrypt","decrypt","sign","verify","wrapKey","unwrapKey"],"n":"uT5EV_CvXGaXzXLlKla7qWvNHxvou-JUGko_l5KpTXHodn6aT_MStJrCadzHOyP-gA3VI-D-68ZnZIEm0X1Ntro3kC2a-MmhPwa1HhFP39FheCmFibz8miplSvdngLiiPyXFBWL0D6fzXgNQLWAxgkBrYwqE12c8-smm4u2d58uiI4awfIDsxjQAuzxAzw2-5fXQ836-_m1nqU8-rE170z4LEDVEjZ4IM8oE8Od-k572OwBu1jHhC-MzaP-h2GbcTyEH8jl3CkR8pas-QJvK_yfS5-KlgwUPOSTW5vde8PnY9NoyrFAIsy_HyZfq-GX01HBBDNeiVmznYCquPQKXEw","e":"AQAB"},"attributes":{"enabled":true,"created":1559087710,"updated":1559087710,"recoveryLevel":"Recoverable+Purgeable"}}'
    headers:
      cache-control:
      - no-cache
      content-length:
      - '663'
      content-type:
      - application/json; charset=utf-8
      date:
      - Tue, 28 May 2019 23:55:10 GMT
      expires:
      - '-1'
      pragma:
      - no-cache
      server:
      - Microsoft-IIS/10.0
      strict-transport-security:
      - max-age=31536000;includeSubDomains
      x-aspnet-version:
      - 4.0.30319
      x-content-type-options:
      - nosniff
      x-ms-keyvault-network-info:
      - addr=131.107.147.26;act_addr_fam=InterNetwork;
      x-ms-keyvault-region:
      - westus
      x-ms-keyvault-service-version:
      - 1.1.0.866
      x-powered-by:
      - ASP.NET
    status:
      code: 200
      message: OK
- request:
    body: '{"kty": "RSA"}'
    headers:
      Accept:
      - application/json
      Accept-Encoding:
      - gzip, deflate
      Connection:
      - keep-alive
      Content-Length:
      - '14'
      Content-Type:
      - application/json; charset=utf-8
      User-Agent:
      - python/3.7.2 (Windows-10-10.0.18362-SP0) azure-core/0.0.1 azsdk-python-azure-keyvault/7.0
    method: POST
    uri: https://vaultf75a0e1e.vault.azure.net/keys/keyprg1f75a0e1e/create?api-version=7.0
  response:
    body:
      string: '{"key":{"kid":"https://vaultf75a0e1e.vault.azure.net/keys/keyprg1f75a0e1e/05a152808fec450882cc8ee4e1fd8f13","kty":"RSA","key_ops":["encrypt","decrypt","sign","verify","wrapKey","unwrapKey"],"n":"sa5AwV_6aZsGX57bSbaVdmFOSTSjJ7xxW6hXY8xUKOqPaOAkc-FyaMzLDunzwL7HvM3cBDyvELBrJ5jxWi0Zeqi1bm-aCpbFXVIKOdlS9hbu1v6EN0JZKyMXml8X0PjR92M5qvH4AB088L0C-4Rsj3n-iyp2FVTStVBKoCU2e6reYKqzx5K2KLWdRfhlrCuGHuPwaI_dyrO3jJSWx47c6dHj9JQ_7xbrFFHXCki0mR-3gcWt4hLynhhIzgYzlYKNkH8JLNrBuWoM5UEMqR-z8s2sOc-LdGnpNoS6Qs3zYgioPd8NqrJZSGFInpU5mxJbHBIZjCFZBczQXkOEL1ueLw","e":"AQAB"},"attributes":{"enabled":true,"created":1559087710,"updated":1559087710,"recoveryLevel":"Recoverable+Purgeable"}}'
    headers:
      cache-control:
      - no-cache
      content-length:
      - '663'
      content-type:
      - application/json; charset=utf-8
      date:
      - Tue, 28 May 2019 23:55:10 GMT
      expires:
      - '-1'
      pragma:
      - no-cache
      server:
      - Microsoft-IIS/10.0
      strict-transport-security:
      - max-age=31536000;includeSubDomains
      x-aspnet-version:
      - 4.0.30319
      x-content-type-options:
      - nosniff
      x-ms-keyvault-network-info:
      - addr=131.107.147.26;act_addr_fam=InterNetwork;
      x-ms-keyvault-region:
      - westus
      x-ms-keyvault-service-version:
      - 1.1.0.866
      x-powered-by:
      - ASP.NET
    status:
      code: 200
      message: OK
- request:
    body: '{"kty": "RSA"}'
    headers:
      Accept:
      - application/json
      Accept-Encoding:
      - gzip, deflate
      Connection:
      - keep-alive
      Content-Length:
      - '14'
      Content-Type:
      - application/json; charset=utf-8
      User-Agent:
      - python/3.7.2 (Windows-10-10.0.18362-SP0) azure-core/0.0.1 azsdk-python-azure-keyvault/7.0
    method: POST
    uri: https://vaultf75a0e1e.vault.azure.net/keys/keyprg2f75a0e1e/create?api-version=7.0
  response:
    body:
      string: '{"key":{"kid":"https://vaultf75a0e1e.vault.azure.net/keys/keyprg2f75a0e1e/4f0a587dd8b04b96be858e7d05f71cfd","kty":"RSA","key_ops":["encrypt","decrypt","sign","verify","wrapKey","unwrapKey"],"n":"rnPfEBCgetifFEfwqqAhGr5NgHqXFvbtqKbn1_Uos89kk8G5CA9E94nhVIiQ33x0vepfyHHDejgwDH_0GX21cXNGf1G-W4LvIjhVnYzxUuq1aUzUAXXM3dhfTEtTeBI5a4p0fmAUWt6HusXazeciEz4RDX35BfRcqNLBQl5EOfR8msXPU0DKlpSrblLzlsy-MrOzERnGQV1x3W0Ghs6kLgGcv0qj9pq9VBtD78vgYzAw5PO1IuFffNVbQNKwaFtTBzXnjfl4DCyKPRRcKh2iMe2K6ZW6t-xR6pFsjij8ybtu8SBL_ulfrFHc95ZXO0lixzvNlddlhY6JK0tOt4SsCw","e":"AQAB"},"attributes":{"enabled":true,"created":1559087711,"updated":1559087711,"recoveryLevel":"Recoverable+Purgeable"}}'
    headers:
      cache-control:
      - no-cache
      content-length:
      - '663'
      content-type:
      - application/json; charset=utf-8
      date:
      - Tue, 28 May 2019 23:55:10 GMT
      expires:
      - '-1'
      pragma:
      - no-cache
      server:
      - Microsoft-IIS/10.0
      strict-transport-security:
      - max-age=31536000;includeSubDomains
      x-aspnet-version:
      - 4.0.30319
      x-content-type-options:
      - nosniff
      x-ms-keyvault-network-info:
      - addr=131.107.147.26;act_addr_fam=InterNetwork;
      x-ms-keyvault-region:
      - westus
      x-ms-keyvault-service-version:
      - 1.1.0.866
      x-powered-by:
      - ASP.NET
    status:
      code: 200
      message: OK
- request:
    body: '{"kty": "RSA"}'
    headers:
      Accept:
      - application/json
      Accept-Encoding:
      - gzip, deflate
      Connection:
      - keep-alive
      Content-Length:
      - '14'
      Content-Type:
      - application/json; charset=utf-8
      User-Agent:
      - python/3.7.2 (Windows-10-10.0.18362-SP0) azure-core/0.0.1 azsdk-python-azure-keyvault/7.0
    method: POST
    uri: https://vaultf75a0e1e.vault.azure.net/keys/keyprg3f75a0e1e/create?api-version=7.0
  response:
    body:
      string: '{"key":{"kid":"https://vaultf75a0e1e.vault.azure.net/keys/keyprg3f75a0e1e/1cde1fadce614efd97f3b628861c61ca","kty":"RSA","key_ops":["encrypt","decrypt","sign","verify","wrapKey","unwrapKey"],"n":"oRyu-f6z6v-sZ_yRTTo84Mxmq6WoEHkhIhNpsy1c0m8mOiox48wMh5S6FdInuSVqrBs3M1nJ4IiSN0sRtBmKmw0MPD3Nrk-rLJoJwSyUabj4dEMMUZa-Xbe6xEjP2sZjjp4qpEkMxF-E_fWSfj-somc2bha2BtOQaUi9euGpwstrn5kAlPTwRdz8LCf-IqOByq9F-tuoxlTgdmigh6PvvoiDDX3N8LuU7rb7V9Mj87iGyKSeuO8w_t9QMHn1Qm19qWCxCXcE4cD7O78rIxnecZFoqHwWKVKoyFk83r7VoKQJnem5S-g4zCeD26rYZLZiMKFf7KHgKvasFb58ttizZw","e":"AQAB"},"attributes":{"enabled":true,"created":1559087711,"updated":1559087711,"recoveryLevel":"Recoverable+Purgeable"}}'
    headers:
      cache-control:
      - no-cache
      content-length:
      - '663'
      content-type:
      - application/json; charset=utf-8
      date:
      - Tue, 28 May 2019 23:55:11 GMT
      expires:
      - '-1'
      pragma:
      - no-cache
      server:
      - Microsoft-IIS/10.0
      strict-transport-security:
      - max-age=31536000;includeSubDomains
      x-aspnet-version:
      - 4.0.30319
      x-content-type-options:
      - nosniff
      x-ms-keyvault-network-info:
      - addr=131.107.147.26;act_addr_fam=InterNetwork;
      x-ms-keyvault-region:
      - westus
      x-ms-keyvault-service-version:
      - 1.1.0.866
      x-powered-by:
      - ASP.NET
    status:
      code: 200
      message: OK
- request:
    body: '{"kty": "RSA"}'
    headers:
      Accept:
      - application/json
      Accept-Encoding:
      - gzip, deflate
      Connection:
      - keep-alive
      Content-Length:
      - '14'
      Content-Type:
      - application/json; charset=utf-8
      User-Agent:
      - python/3.7.2 (Windows-10-10.0.18362-SP0) azure-core/0.0.1 azsdk-python-azure-keyvault/7.0
    method: POST
    uri: https://vaultf75a0e1e.vault.azure.net/keys/keyprg4f75a0e1e/create?api-version=7.0
  response:
    body:
      string: '{"key":{"kid":"https://vaultf75a0e1e.vault.azure.net/keys/keyprg4f75a0e1e/578379858aae462caf93409b585d5b0e","kty":"RSA","key_ops":["encrypt","decrypt","sign","verify","wrapKey","unwrapKey"],"n":"sFOo92M21Mu_NBQRZoxZw04E__vZ9RGaS9TecriHXWCX_dN-oteCcWQsSQ0SZ-JcDSXGAOtqR5l6U_lYkiY0z68m6lkIRidraa69mOtg8LIe0Ot_JCrnadfBWh9OqTkLy9F_p8Nl1vzbAx7u9tmjN0gM-6hiktEX5owCPq-wjBp9wWtms4HZ4MO2m3ihB7h_m1Z2140lj7ZzxLDPqEhSUtVKn-RPK-To7Sky8lnbJGwqmQH7vxnkJifEY8bvBDxJplIiGcsUaRHCMpCkg6m4N9vg59Uq8MlS4lonLinHEhMcZFhj3RYo6ozJOv2pIiwl5hM-bNmSwu2tTEsxRxE9AQ","e":"AQAB"},"attributes":{"enabled":true,"created":1559087711,"updated":1559087711,"recoveryLevel":"Recoverable+Purgeable"}}'
    headers:
      cache-control:
      - no-cache
      content-length:
      - '663'
      content-type:
      - application/json; charset=utf-8
      date:
      - Tue, 28 May 2019 23:55:11 GMT
      expires:
      - '-1'
      pragma:
      - no-cache
      server:
      - Microsoft-IIS/10.0
      strict-transport-security:
      - max-age=31536000;includeSubDomains
      x-aspnet-version:
      - 4.0.30319
      x-content-type-options:
      - nosniff
      x-ms-keyvault-network-info:
      - addr=131.107.147.26;act_addr_fam=InterNetwork;
      x-ms-keyvault-region:
      - westus
      x-ms-keyvault-service-version:
      - 1.1.0.866
      x-powered-by:
      - ASP.NET
    status:
      code: 200
      message: OK
- request:
    body: '{"kty": "RSA"}'
    headers:
      Accept:
      - application/json
      Accept-Encoding:
      - gzip, deflate
      Connection:
      - keep-alive
      Content-Length:
      - '14'
      Content-Type:
      - application/json; charset=utf-8
      User-Agent:
      - python/3.7.2 (Windows-10-10.0.18362-SP0) azure-core/0.0.1 azsdk-python-azure-keyvault/7.0
    method: POST
    uri: https://vaultf75a0e1e.vault.azure.net/keys/keyprg5f75a0e1e/create?api-version=7.0
  response:
    body:
      string: '{"key":{"kid":"https://vaultf75a0e1e.vault.azure.net/keys/keyprg5f75a0e1e/68ed3d2928844177945cf1652ecb252b","kty":"RSA","key_ops":["encrypt","decrypt","sign","verify","wrapKey","unwrapKey"],"n":"qGVzAhoyZdkS63LoTwv2aEZnaH5Cu14z0J346Jq295nG6rAj2NQdBKKP6vI6ou2tzSRTumitWwY1usD3pGwdNY-q1RwzPWSCQ4zYX5YFzhWnwvKNT2mYbbpIbzMS2RXI_WfR22f8YYICdcnBq_jhmVmcKerN-PFRHmbsJnhvZyY6ggdRruLU147ExCAPAxl1O184OsB83m9yZYSssIIC05fjYK3sJgnso_DIrYxH9Vp_t4xmrk1u67HkKYmi9HUyuQsy87YZhIkfjRl9M15Wo7c7bqKZmGESnC-zBksLieVljCrvlcdgltMjIyLUQW3ltUDuK7-fB68pF8HI9uJ07Q","e":"AQAB"},"attributes":{"enabled":true,"created":1559087711,"updated":1559087711,"recoveryLevel":"Recoverable+Purgeable"}}'
    headers:
      cache-control:
      - no-cache
      content-length:
      - '663'
      content-type:
      - application/json; charset=utf-8
      date:
      - Tue, 28 May 2019 23:55:11 GMT
      expires:
      - '-1'
      pragma:
      - no-cache
      server:
      - Microsoft-IIS/10.0
      strict-transport-security:
      - max-age=31536000;includeSubDomains
      x-aspnet-version:
      - 4.0.30319
      x-content-type-options:
      - nosniff
      x-ms-keyvault-network-info:
      - addr=131.107.147.26;act_addr_fam=InterNetwork;
      x-ms-keyvault-region:
      - westus
      x-ms-keyvault-service-version:
      - 1.1.0.866
      x-powered-by:
      - ASP.NET
    status:
      code: 200
      message: OK
- request:
    body: '{"kty": "RSA"}'
    headers:
      Accept:
      - application/json
      Accept-Encoding:
      - gzip, deflate
      Connection:
      - keep-alive
      Content-Length:
      - '14'
      Content-Type:
      - application/json; charset=utf-8
      User-Agent:
      - python/3.7.2 (Windows-10-10.0.18362-SP0) azure-core/0.0.1 azsdk-python-azure-keyvault/7.0
    method: POST
    uri: https://vaultf75a0e1e.vault.azure.net/keys/keyprg6f75a0e1e/create?api-version=7.0
  response:
    body:
      string: '{"key":{"kid":"https://vaultf75a0e1e.vault.azure.net/keys/keyprg6f75a0e1e/23c8543a33db4516b1e56c482e4c324d","kty":"RSA","key_ops":["encrypt","decrypt","sign","verify","wrapKey","unwrapKey"],"n":"2rDeyL0VsAH0HgKGAor0AhEYPOnHRtTp_epophj-QiR5k_O4XUDUchfHC1FuMfZMFBLmcHywIwACwcljyNnSNvUHZhJUXLcENaLX-XE2EtvEcrdHbGDcVDXK1YnhW0IghDbuHfKo4d-YvavlgSqVI86JqJTmOjHez5rl1daehabRr_MeaKZAzORASffsRzeweLzOzjj4Y-Z6I0EmnDvuVF0UEeuFwoUB9c5xNBQkLR3PdRv9uMutYSlBo9LPgeBGXrohYbfnenHE35J0s86lpKtJfuTS4GObBvMbRb6blxFm89hPmlJHFp565T_hzNBEqfW4Ellxzwu9LyFzZ7LyUw","e":"AQAB"},"attributes":{"enabled":true,"created":1559087712,"updated":1559087712,"recoveryLevel":"Recoverable+Purgeable"}}'
    headers:
      cache-control:
      - no-cache
      content-length:
      - '663'
      content-type:
      - application/json; charset=utf-8
      date:
      - Tue, 28 May 2019 23:55:11 GMT
      expires:
      - '-1'
      pragma:
      - no-cache
      server:
      - Microsoft-IIS/10.0
      strict-transport-security:
      - max-age=31536000;includeSubDomains
      x-aspnet-version:
      - 4.0.30319
      x-content-type-options:
      - nosniff
      x-ms-keyvault-network-info:
      - addr=131.107.147.26;act_addr_fam=InterNetwork;
      x-ms-keyvault-region:
      - westus
      x-ms-keyvault-service-version:
      - 1.1.0.866
      x-powered-by:
      - ASP.NET
    status:
      code: 200
      message: OK
- request:
    body: null
    headers:
      Accept:
      - application/json
      Accept-Encoding:
      - gzip, deflate
      Connection:
      - keep-alive
      Content-Length:
      - '0'
      User-Agent:
      - python/3.7.2 (Windows-10-10.0.18362-SP0) azure-core/0.0.1 azsdk-python-azure-keyvault/7.0
    method: DELETE
    uri: https://vaultf75a0e1e.vault.azure.net/keys/keyrec0f75a0e1e?api-version=7.0
  response:
    body:
      string: '{"recoveryId":"https://vaultf75a0e1e.vault.azure.net/deletedkeys/keyrec0f75a0e1e","deletedDate":1559087712,"scheduledPurgeDate":1566863712,"key":{"kid":"https://vaultf75a0e1e.vault.azure.net/keys/keyrec0f75a0e1e/67ba870042ee4ace96dad0cdf186d37a","kty":"RSA","key_ops":["encrypt","decrypt","sign","verify","wrapKey","unwrapKey"],"n":"n8ADZnW16nj4EL_HFUdwXV9J15LuPG8nbPJWpHafPrQXzmibWON9-Fc8doqmsFjm7-k4cd7MeN06QakZtsT1mzqtgeFrbcZt3g-Zy6T_VUj44nG6A_zpmO5le4JF_Z0x07Dv98-ZbFp3QhNhSPj6qXpPpb1zX5D4ELeopV2LstFS4cC-U2DsTtPFdyRHLoxtASMjOhSV8aq2tceUekMlzCaaw4-LgaxEJ_fNK-Qy5K849X4adGpyc1zzMRYneg78Hhmtd6EAEosyvI8VBcBU1FfBd16vzndVbCQazC0a232hPEwvgWyJDv_t_moNC8bFrskDDBAKZLmSL_Af6tX9zw","e":"AQAB"},"attributes":{"enabled":true,"created":1559087708,"updated":1559087708,"recoveryLevel":"Recoverable+Purgeable"}}'
    headers:
      cache-control:
      - no-cache
      content-length:
      - '801'
      content-type:
      - application/json; charset=utf-8
      date:
      - Tue, 28 May 2019 23:55:11 GMT
      expires:
      - '-1'
      pragma:
      - no-cache
      server:
      - Microsoft-IIS/10.0
      strict-transport-security:
      - max-age=31536000;includeSubDomains
      x-aspnet-version:
      - 4.0.30319
      x-content-type-options:
      - nosniff
      x-ms-keyvault-network-info:
      - addr=131.107.147.26;act_addr_fam=InterNetwork;
      x-ms-keyvault-region:
      - westus
      x-ms-keyvault-service-version:
      - 1.1.0.866
      x-powered-by:
      - ASP.NET
    status:
      code: 200
      message: OK
- request:
    body: null
    headers:
      Accept:
      - application/json
      Accept-Encoding:
      - gzip, deflate
      Connection:
      - keep-alive
      Content-Length:
      - '0'
      User-Agent:
      - python/3.7.2 (Windows-10-10.0.18362-SP0) azure-core/0.0.1 azsdk-python-azure-keyvault/7.0
    method: DELETE
    uri: https://vaultf75a0e1e.vault.azure.net/keys/keyrec1f75a0e1e?api-version=7.0
  response:
    body:
      string: '{"recoveryId":"https://vaultf75a0e1e.vault.azure.net/deletedkeys/keyrec1f75a0e1e","deletedDate":1559087712,"scheduledPurgeDate":1566863712,"key":{"kid":"https://vaultf75a0e1e.vault.azure.net/keys/keyrec1f75a0e1e/67f8a23d47a94a77b838c2d4ec17c9fc","kty":"RSA","key_ops":["encrypt","decrypt","sign","verify","wrapKey","unwrapKey"],"n":"triWC-Sh0Uq60FgbvK7-FPuvXvpvv21aET3lIFkkcJKEnUxEm66bOCKsQeXRl8B1PdyTmIK-5YfZJ8_aQFfjQakvEiK_VosPygvICC7ibl-MqllOHqTumr9tQIYKPZRBv8sNXPnuuI9DIkJoPxFTT2nfNoinC36rooszl8tuZ0V2XGfGXp_Qo7yzSCHPaKiiIVBBpRyX6faysPccjHvpWqekmDeJf7LNtQhIlmhJjGBUerAJw-WdbDpM7uhY-Sc7DXNfYPv2N0DVEbImv80-Rs9Ix5DUIlA_0mHFY4ciDWW8Sd7hupt2JZ-y4vTRcYe_S-Xhc5r8UzBnV7jPcBxdrw","e":"AQAB"},"attributes":{"enabled":true,"created":1559087708,"updated":1559087708,"recoveryLevel":"Recoverable+Purgeable"}}'
    headers:
      cache-control:
      - no-cache
      content-length:
      - '801'
      content-type:
      - application/json; charset=utf-8
      date:
      - Tue, 28 May 2019 23:55:12 GMT
      expires:
      - '-1'
      pragma:
      - no-cache
      server:
      - Microsoft-IIS/10.0
      strict-transport-security:
      - max-age=31536000;includeSubDomains
      x-aspnet-version:
      - 4.0.30319
      x-content-type-options:
      - nosniff
      x-ms-keyvault-network-info:
      - addr=131.107.147.26;act_addr_fam=InterNetwork;
      x-ms-keyvault-region:
      - westus
      x-ms-keyvault-service-version:
      - 1.1.0.866
      x-powered-by:
      - ASP.NET
    status:
      code: 200
      message: OK
- request:
    body: null
    headers:
      Accept:
      - application/json
      Accept-Encoding:
      - gzip, deflate
      Connection:
      - keep-alive
      Content-Length:
      - '0'
      User-Agent:
      - python/3.7.2 (Windows-10-10.0.18362-SP0) azure-core/0.0.1 azsdk-python-azure-keyvault/7.0
    method: DELETE
    uri: https://vaultf75a0e1e.vault.azure.net/keys/keyrec2f75a0e1e?api-version=7.0
  response:
    body:
      string: '{"recoveryId":"https://vaultf75a0e1e.vault.azure.net/deletedkeys/keyrec2f75a0e1e","deletedDate":1559087712,"scheduledPurgeDate":1566863712,"key":{"kid":"https://vaultf75a0e1e.vault.azure.net/keys/keyrec2f75a0e1e/84b987f1243f4d5497436bced1f9f239","kty":"RSA","key_ops":["encrypt","decrypt","sign","verify","wrapKey","unwrapKey"],"n":"qnIP533wAGZK3_4tdcPxoVNNAEQFlWY-aw7bLYJh8oTXQywFSq543l6kWz2dbC4F7W4BUp1NgNDI1rJxCIhDZd3QuqmKC4ML6z7QyO_G8aChqD09XE66zgSHk7XbsDehehU0HmCEW1mBNjTqMLWgrLjb4mKiYw9ySfXiySlXEQx9ePSv-9-akkj8GgpqtjOSH9P8Ufizsa7rWNRz6KqtTRZ1YmTu9AQqCeELOzoFhkt5SBmQfAZVjmODdNlVi3JK3q6SgoB9PI14nPQ-MCl13AErSrlVdWijKw9bwZoZUr3N-GE7inScl49DNYNfHMpUV8vEVy0qcZTJYXcmv8cAcQ","e":"AQAB"},"attributes":{"enabled":true,"created":1559087709,"updated":1559087709,"recoveryLevel":"Recoverable+Purgeable"}}'
    headers:
      cache-control:
      - no-cache
      content-length:
      - '801'
      content-type:
      - application/json; charset=utf-8
      date:
      - Tue, 28 May 2019 23:55:12 GMT
      expires:
      - '-1'
      pragma:
      - no-cache
      server:
      - Microsoft-IIS/10.0
      strict-transport-security:
      - max-age=31536000;includeSubDomains
      x-aspnet-version:
      - 4.0.30319
      x-content-type-options:
      - nosniff
      x-ms-keyvault-network-info:
      - addr=131.107.147.26;act_addr_fam=InterNetwork;
      x-ms-keyvault-region:
      - westus
      x-ms-keyvault-service-version:
      - 1.1.0.866
      x-powered-by:
      - ASP.NET
    status:
      code: 200
      message: OK
- request:
    body: null
    headers:
      Accept:
      - application/json
      Accept-Encoding:
      - gzip, deflate
      Connection:
      - keep-alive
      Content-Length:
      - '0'
      User-Agent:
      - python/3.7.2 (Windows-10-10.0.18362-SP0) azure-core/0.0.1 azsdk-python-azure-keyvault/7.0
    method: DELETE
    uri: https://vaultf75a0e1e.vault.azure.net/keys/keyrec3f75a0e1e?api-version=7.0
  response:
    body:
      string: '{"recoveryId":"https://vaultf75a0e1e.vault.azure.net/deletedkeys/keyrec3f75a0e1e","deletedDate":1559087712,"scheduledPurgeDate":1566863712,"key":{"kid":"https://vaultf75a0e1e.vault.azure.net/keys/keyrec3f75a0e1e/3a4c8b47d312426e9d1ac79a13462b72","kty":"RSA","key_ops":["encrypt","decrypt","sign","verify","wrapKey","unwrapKey"],"n":"wH43yKuZH8dHjY7jmegVrr-0--hA2fuDUrxJxTpO0xuNISfmLp3mGYYhNWHgM7YrC9t4qhU6EfMQpRRnoExlxoCH5jQbDNvb_2gXSonvWkZXDIIt4LMyZ4yCKf0scvQQtBqTjSBbEswKGCBzZGfBaz0ExP_SB0SbfVZWxZYyEPgl9zyCBG-UoTfiht6uchsdXrQt0jTF795hcRFRYkwP9F5ULZbtikxgtOvqyZvDZfSbBbXgZI9qGGJuSD_Fz8owR_TLuZSttPHUjwjDZ0QaKo7yxvnMbskn4e4jzS5Ku-4JEii1bFnDZLKzQv-VrHHtPkqcYw476g-I9iL6ibfEMw","e":"AQAB"},"attributes":{"enabled":true,"created":1559087709,"updated":1559087709,"recoveryLevel":"Recoverable+Purgeable"}}'
    headers:
      cache-control:
      - no-cache
      content-length:
      - '801'
      content-type:
      - application/json; charset=utf-8
      date:
      - Tue, 28 May 2019 23:55:12 GMT
      expires:
      - '-1'
      pragma:
      - no-cache
      server:
      - Microsoft-IIS/10.0
      strict-transport-security:
      - max-age=31536000;includeSubDomains
      x-aspnet-version:
      - 4.0.30319
      x-content-type-options:
      - nosniff
      x-ms-keyvault-network-info:
      - addr=131.107.147.26;act_addr_fam=InterNetwork;
      x-ms-keyvault-region:
      - westus
      x-ms-keyvault-service-version:
      - 1.1.0.866
      x-powered-by:
      - ASP.NET
    status:
      code: 200
      message: OK
- request:
    body: null
    headers:
      Accept:
      - application/json
      Accept-Encoding:
      - gzip, deflate
      Connection:
      - keep-alive
      Content-Length:
      - '0'
      User-Agent:
      - python/3.7.2 (Windows-10-10.0.18362-SP0) azure-core/0.0.1 azsdk-python-azure-keyvault/7.0
    method: DELETE
    uri: https://vaultf75a0e1e.vault.azure.net/keys/keyrec4f75a0e1e?api-version=7.0
  response:
    body:
      string: '{"recoveryId":"https://vaultf75a0e1e.vault.azure.net/deletedkeys/keyrec4f75a0e1e","deletedDate":1559087713,"scheduledPurgeDate":1566863713,"key":{"kid":"https://vaultf75a0e1e.vault.azure.net/keys/keyrec4f75a0e1e/a2962c49bf3f41d3a44ad2a30d606095","kty":"RSA","key_ops":["encrypt","decrypt","sign","verify","wrapKey","unwrapKey"],"n":"jry0uRrJzL9tw2bug7fRnPHr0OjJM2UsaEP9BO0Aw14NTxLjoCL4KeDk1jPMQLbqCjS2mZJw5V-oXxdIj7dC0rV7hNnc1_j0hWkEQPpSyWO3KDkU0p8_F9aFXz_59xhsUXub4xcmxElQ_akhlGqUCIGspYlBtUwZvzYoFPKZ1SJ-20pFujjHHaZLkpO--sKKPi4ZMzlTIaJH1j0OiOIYPGK3YM5StNVk68YNYLP9QOkoLcsa7G4bHRP4-cSpUwOqDX8q6xZdEEa1kOCuYMQZqGBGigLRLzKih2rcfy9TMAQuGuBEsLmRx1WyMUeAkfNsAu7OIbSRHDs_j6jyRAgfdw","e":"AQAB"},"attributes":{"enabled":true,"created":1559087709,"updated":1559087709,"recoveryLevel":"Recoverable+Purgeable"}}'
    headers:
      cache-control:
      - no-cache
      content-length:
      - '801'
      content-type:
      - application/json; charset=utf-8
      date:
      - Tue, 28 May 2019 23:55:12 GMT
      expires:
      - '-1'
      pragma:
      - no-cache
      server:
      - Microsoft-IIS/10.0
      strict-transport-security:
      - max-age=31536000;includeSubDomains
      x-aspnet-version:
      - 4.0.30319
      x-content-type-options:
      - nosniff
      x-ms-keyvault-network-info:
      - addr=131.107.147.26;act_addr_fam=InterNetwork;
      x-ms-keyvault-region:
      - westus
      x-ms-keyvault-service-version:
      - 1.1.0.866
      x-powered-by:
      - ASP.NET
    status:
      code: 200
      message: OK
- request:
    body: null
    headers:
      Accept:
      - application/json
      Accept-Encoding:
      - gzip, deflate
      Connection:
      - keep-alive
      Content-Length:
      - '0'
      User-Agent:
      - python/3.7.2 (Windows-10-10.0.18362-SP0) azure-core/0.0.1 azsdk-python-azure-keyvault/7.0
    method: DELETE
    uri: https://vaultf75a0e1e.vault.azure.net/keys/keyrec5f75a0e1e?api-version=7.0
  response:
    body:
      string: '{"recoveryId":"https://vaultf75a0e1e.vault.azure.net/deletedkeys/keyrec5f75a0e1e","deletedDate":1559087713,"scheduledPurgeDate":1566863713,"key":{"kid":"https://vaultf75a0e1e.vault.azure.net/keys/keyrec5f75a0e1e/60378f1347c34bbcaed594918ab1575e","kty":"RSA","key_ops":["encrypt","decrypt","sign","verify","wrapKey","unwrapKey"],"n":"s5lEtCfb5sv4drnMIroCbUdNRbkDHgO0qu-y9K3luPrFjuDJf0FKW8fiu-kgEhnzIw6esF_ZQMGc-mJXlh50mK6bJMZvWf6884DsL_uf4Y98BvGq5FdtphEY0NsanhOmOctSNOfyro-EQNauMCquZPTXPBwc9qpPFCA0ngYw7XXBLkt9LeTfMscdx_cxy-SPxVUbIzBsbhLZi4dGSroGC2At25I61U0vYDf0McjUuR-TG92AAktKTv4L3QTxfxYGfiEwR57bX3W5SR6k0_q4YD_To_RHvSLYoF9m34BiKMK0njuXa182QGOkNQu5o8NX7FNqR2Cc2qCq5siQ4UiT_Q","e":"AQAB"},"attributes":{"enabled":true,"created":1559087710,"updated":1559087710,"recoveryLevel":"Recoverable+Purgeable"}}'
    headers:
      cache-control:
      - no-cache
      content-length:
      - '801'
      content-type:
      - application/json; charset=utf-8
      date:
      - Tue, 28 May 2019 23:55:12 GMT
      expires:
      - '-1'
      pragma:
      - no-cache
      server:
      - Microsoft-IIS/10.0
      strict-transport-security:
      - max-age=31536000;includeSubDomains
      x-aspnet-version:
      - 4.0.30319
      x-content-type-options:
      - nosniff
      x-ms-keyvault-network-info:
      - addr=131.107.147.26;act_addr_fam=InterNetwork;
      x-ms-keyvault-region:
      - westus
      x-ms-keyvault-service-version:
      - 1.1.0.866
      x-powered-by:
      - ASP.NET
    status:
      code: 200
      message: OK
- request:
    body: null
    headers:
      Accept:
      - application/json
      Accept-Encoding:
      - gzip, deflate
      Connection:
      - keep-alive
      Content-Length:
      - '0'
      User-Agent:
      - python/3.7.2 (Windows-10-10.0.18362-SP0) azure-core/0.0.1 azsdk-python-azure-keyvault/7.0
    method: DELETE
    uri: https://vaultf75a0e1e.vault.azure.net/keys/keyrec6f75a0e1e?api-version=7.0
  response:
    body:
      string: '{"recoveryId":"https://vaultf75a0e1e.vault.azure.net/deletedkeys/keyrec6f75a0e1e","deletedDate":1559087713,"scheduledPurgeDate":1566863713,"key":{"kid":"https://vaultf75a0e1e.vault.azure.net/keys/keyrec6f75a0e1e/b904bf585e6648acbb4a04681bdffe68","kty":"RSA","key_ops":["encrypt","decrypt","sign","verify","wrapKey","unwrapKey"],"n":"v9RHA--l6pXlH4We-ZvOlQoTx8NrXbGjAhG677zqlsa_6PwPWq_mA2gBbDoKXBgiNPP5kq-NG8aFW4jIDNdoUavUGhgzQjQmuUDpkqTru81loLQUKCikD-7Go-Ga0UnIyDAeJqVmkSZauUOcOMXYoDKp66tro6seY-YXL_pVkzZJnKm0-VPzlL3S344RoRV895h0Z4UFnJNQIFmnLdHkv268mrzbTCxighVs_VOdT2YRMrIkvPMwixFHq6u8G1kP9Llo_SIVC-Zwe1p8VjuuNP4HkMkapsJ_l-Y3HMH3jp8MYOwawO9eb195dE4FGgwXkxdhwRZGlsm2kbJosjTmxw","e":"AQAB"},"attributes":{"enabled":true,"created":1559087710,"updated":1559087710,"recoveryLevel":"Recoverable+Purgeable"}}'
    headers:
      cache-control:
      - no-cache
      content-length:
      - '801'
      content-type:
      - application/json; charset=utf-8
      date:
      - Tue, 28 May 2019 23:55:13 GMT
      expires:
      - '-1'
      pragma:
      - no-cache
      server:
      - Microsoft-IIS/10.0
      strict-transport-security:
      - max-age=31536000;includeSubDomains
      x-aspnet-version:
      - 4.0.30319
      x-content-type-options:
      - nosniff
      x-ms-keyvault-network-info:
      - addr=131.107.147.26;act_addr_fam=InterNetwork;
      x-ms-keyvault-region:
      - westus
      x-ms-keyvault-service-version:
      - 1.1.0.866
      x-powered-by:
      - ASP.NET
    status:
      code: 200
      message: OK
- request:
    body: null
    headers:
      Accept:
      - application/json
      Accept-Encoding:
      - gzip, deflate
      Connection:
      - keep-alive
      Content-Length:
      - '0'
      User-Agent:
      - python/3.7.2 (Windows-10-10.0.18362-SP0) azure-core/0.0.1 azsdk-python-azure-keyvault/7.0
    method: DELETE
    uri: https://vaultf75a0e1e.vault.azure.net/keys/keyprg0f75a0e1e?api-version=7.0
  response:
    body:
      string: '{"recoveryId":"https://vaultf75a0e1e.vault.azure.net/deletedkeys/keyprg0f75a0e1e","deletedDate":1559087713,"scheduledPurgeDate":1566863713,"key":{"kid":"https://vaultf75a0e1e.vault.azure.net/keys/keyprg0f75a0e1e/2c24d71656524ce9967592cb76db8a25","kty":"RSA","key_ops":["encrypt","decrypt","sign","verify","wrapKey","unwrapKey"],"n":"uT5EV_CvXGaXzXLlKla7qWvNHxvou-JUGko_l5KpTXHodn6aT_MStJrCadzHOyP-gA3VI-D-68ZnZIEm0X1Ntro3kC2a-MmhPwa1HhFP39FheCmFibz8miplSvdngLiiPyXFBWL0D6fzXgNQLWAxgkBrYwqE12c8-smm4u2d58uiI4awfIDsxjQAuzxAzw2-5fXQ836-_m1nqU8-rE170z4LEDVEjZ4IM8oE8Od-k572OwBu1jHhC-MzaP-h2GbcTyEH8jl3CkR8pas-QJvK_yfS5-KlgwUPOSTW5vde8PnY9NoyrFAIsy_HyZfq-GX01HBBDNeiVmznYCquPQKXEw","e":"AQAB"},"attributes":{"enabled":true,"created":1559087710,"updated":1559087710,"recoveryLevel":"Recoverable+Purgeable"}}'
    headers:
      cache-control:
      - no-cache
      content-length:
      - '801'
      content-type:
      - application/json; charset=utf-8
      date:
      - Tue, 28 May 2019 23:55:13 GMT
      expires:
      - '-1'
      pragma:
      - no-cache
      server:
      - Microsoft-IIS/10.0
      strict-transport-security:
      - max-age=31536000;includeSubDomains
      x-aspnet-version:
      - 4.0.30319
      x-content-type-options:
      - nosniff
      x-ms-keyvault-network-info:
      - addr=131.107.147.26;act_addr_fam=InterNetwork;
      x-ms-keyvault-region:
      - westus
      x-ms-keyvault-service-version:
      - 1.1.0.866
      x-powered-by:
      - ASP.NET
    status:
      code: 200
      message: OK
- request:
    body: null
    headers:
      Accept:
      - application/json
      Accept-Encoding:
      - gzip, deflate
      Connection:
      - keep-alive
      Content-Length:
      - '0'
      User-Agent:
      - python/3.7.2 (Windows-10-10.0.18362-SP0) azure-core/0.0.1 azsdk-python-azure-keyvault/7.0
    method: DELETE
    uri: https://vaultf75a0e1e.vault.azure.net/keys/keyprg1f75a0e1e?api-version=7.0
  response:
    body:
      string: '{"recoveryId":"https://vaultf75a0e1e.vault.azure.net/deletedkeys/keyprg1f75a0e1e","deletedDate":1559087713,"scheduledPurgeDate":1566863713,"key":{"kid":"https://vaultf75a0e1e.vault.azure.net/keys/keyprg1f75a0e1e/05a152808fec450882cc8ee4e1fd8f13","kty":"RSA","key_ops":["encrypt","decrypt","sign","verify","wrapKey","unwrapKey"],"n":"sa5AwV_6aZsGX57bSbaVdmFOSTSjJ7xxW6hXY8xUKOqPaOAkc-FyaMzLDunzwL7HvM3cBDyvELBrJ5jxWi0Zeqi1bm-aCpbFXVIKOdlS9hbu1v6EN0JZKyMXml8X0PjR92M5qvH4AB088L0C-4Rsj3n-iyp2FVTStVBKoCU2e6reYKqzx5K2KLWdRfhlrCuGHuPwaI_dyrO3jJSWx47c6dHj9JQ_7xbrFFHXCki0mR-3gcWt4hLynhhIzgYzlYKNkH8JLNrBuWoM5UEMqR-z8s2sOc-LdGnpNoS6Qs3zYgioPd8NqrJZSGFInpU5mxJbHBIZjCFZBczQXkOEL1ueLw","e":"AQAB"},"attributes":{"enabled":true,"created":1559087710,"updated":1559087710,"recoveryLevel":"Recoverable+Purgeable"}}'
    headers:
      cache-control:
      - no-cache
      content-length:
      - '801'
      content-type:
      - application/json; charset=utf-8
      date:
      - Tue, 28 May 2019 23:55:13 GMT
      expires:
      - '-1'
      pragma:
      - no-cache
      server:
      - Microsoft-IIS/10.0
      strict-transport-security:
      - max-age=31536000;includeSubDomains
      x-aspnet-version:
      - 4.0.30319
      x-content-type-options:
      - nosniff
      x-ms-keyvault-network-info:
      - addr=131.107.147.26;act_addr_fam=InterNetwork;
      x-ms-keyvault-region:
      - westus
      x-ms-keyvault-service-version:
      - 1.1.0.866
      x-powered-by:
      - ASP.NET
    status:
      code: 200
      message: OK
- request:
    body: null
    headers:
      Accept:
      - application/json
      Accept-Encoding:
      - gzip, deflate
      Connection:
      - keep-alive
      Content-Length:
      - '0'
      User-Agent:
      - python/3.7.2 (Windows-10-10.0.18362-SP0) azure-core/0.0.1 azsdk-python-azure-keyvault/7.0
    method: DELETE
    uri: https://vaultf75a0e1e.vault.azure.net/keys/keyprg2f75a0e1e?api-version=7.0
  response:
    body:
      string: '{"recoveryId":"https://vaultf75a0e1e.vault.azure.net/deletedkeys/keyprg2f75a0e1e","deletedDate":1559087714,"scheduledPurgeDate":1566863714,"key":{"kid":"https://vaultf75a0e1e.vault.azure.net/keys/keyprg2f75a0e1e/4f0a587dd8b04b96be858e7d05f71cfd","kty":"RSA","key_ops":["encrypt","decrypt","sign","verify","wrapKey","unwrapKey"],"n":"rnPfEBCgetifFEfwqqAhGr5NgHqXFvbtqKbn1_Uos89kk8G5CA9E94nhVIiQ33x0vepfyHHDejgwDH_0GX21cXNGf1G-W4LvIjhVnYzxUuq1aUzUAXXM3dhfTEtTeBI5a4p0fmAUWt6HusXazeciEz4RDX35BfRcqNLBQl5EOfR8msXPU0DKlpSrblLzlsy-MrOzERnGQV1x3W0Ghs6kLgGcv0qj9pq9VBtD78vgYzAw5PO1IuFffNVbQNKwaFtTBzXnjfl4DCyKPRRcKh2iMe2K6ZW6t-xR6pFsjij8ybtu8SBL_ulfrFHc95ZXO0lixzvNlddlhY6JK0tOt4SsCw","e":"AQAB"},"attributes":{"enabled":true,"created":1559087711,"updated":1559087711,"recoveryLevel":"Recoverable+Purgeable"}}'
    headers:
      cache-control:
      - no-cache
      content-length:
      - '801'
      content-type:
      - application/json; charset=utf-8
      date:
      - Tue, 28 May 2019 23:55:13 GMT
      expires:
      - '-1'
      pragma:
      - no-cache
      server:
      - Microsoft-IIS/10.0
      strict-transport-security:
      - max-age=31536000;includeSubDomains
      x-aspnet-version:
      - 4.0.30319
      x-content-type-options:
      - nosniff
      x-ms-keyvault-network-info:
      - addr=131.107.147.26;act_addr_fam=InterNetwork;
      x-ms-keyvault-region:
      - westus
      x-ms-keyvault-service-version:
      - 1.1.0.866
      x-powered-by:
      - ASP.NET
    status:
      code: 200
      message: OK
- request:
    body: null
    headers:
      Accept:
      - application/json
      Accept-Encoding:
      - gzip, deflate
      Connection:
      - keep-alive
      Content-Length:
      - '0'
      User-Agent:
      - python/3.7.2 (Windows-10-10.0.18362-SP0) azure-core/0.0.1 azsdk-python-azure-keyvault/7.0
    method: DELETE
    uri: https://vaultf75a0e1e.vault.azure.net/keys/keyprg3f75a0e1e?api-version=7.0
  response:
    body:
      string: '{"recoveryId":"https://vaultf75a0e1e.vault.azure.net/deletedkeys/keyprg3f75a0e1e","deletedDate":1559087714,"scheduledPurgeDate":1566863714,"key":{"kid":"https://vaultf75a0e1e.vault.azure.net/keys/keyprg3f75a0e1e/1cde1fadce614efd97f3b628861c61ca","kty":"RSA","key_ops":["encrypt","decrypt","sign","verify","wrapKey","unwrapKey"],"n":"oRyu-f6z6v-sZ_yRTTo84Mxmq6WoEHkhIhNpsy1c0m8mOiox48wMh5S6FdInuSVqrBs3M1nJ4IiSN0sRtBmKmw0MPD3Nrk-rLJoJwSyUabj4dEMMUZa-Xbe6xEjP2sZjjp4qpEkMxF-E_fWSfj-somc2bha2BtOQaUi9euGpwstrn5kAlPTwRdz8LCf-IqOByq9F-tuoxlTgdmigh6PvvoiDDX3N8LuU7rb7V9Mj87iGyKSeuO8w_t9QMHn1Qm19qWCxCXcE4cD7O78rIxnecZFoqHwWKVKoyFk83r7VoKQJnem5S-g4zCeD26rYZLZiMKFf7KHgKvasFb58ttizZw","e":"AQAB"},"attributes":{"enabled":true,"created":1559087711,"updated":1559087711,"recoveryLevel":"Recoverable+Purgeable"}}'
    headers:
      cache-control:
      - no-cache
      content-length:
      - '801'
      content-type:
      - application/json; charset=utf-8
      date:
      - Tue, 28 May 2019 23:55:13 GMT
      expires:
      - '-1'
      pragma:
      - no-cache
      server:
      - Microsoft-IIS/10.0
      strict-transport-security:
      - max-age=31536000;includeSubDomains
      x-aspnet-version:
      - 4.0.30319
      x-content-type-options:
      - nosniff
      x-ms-keyvault-network-info:
      - addr=131.107.147.26;act_addr_fam=InterNetwork;
      x-ms-keyvault-region:
      - westus
      x-ms-keyvault-service-version:
      - 1.1.0.866
      x-powered-by:
      - ASP.NET
    status:
      code: 200
      message: OK
- request:
    body: null
    headers:
      Accept:
      - application/json
      Accept-Encoding:
      - gzip, deflate
      Connection:
      - keep-alive
      Content-Length:
      - '0'
      User-Agent:
      - python/3.7.2 (Windows-10-10.0.18362-SP0) azure-core/0.0.1 azsdk-python-azure-keyvault/7.0
    method: DELETE
    uri: https://vaultf75a0e1e.vault.azure.net/keys/keyprg4f75a0e1e?api-version=7.0
  response:
    body:
      string: '{"recoveryId":"https://vaultf75a0e1e.vault.azure.net/deletedkeys/keyprg4f75a0e1e","deletedDate":1559087714,"scheduledPurgeDate":1566863714,"key":{"kid":"https://vaultf75a0e1e.vault.azure.net/keys/keyprg4f75a0e1e/578379858aae462caf93409b585d5b0e","kty":"RSA","key_ops":["encrypt","decrypt","sign","verify","wrapKey","unwrapKey"],"n":"sFOo92M21Mu_NBQRZoxZw04E__vZ9RGaS9TecriHXWCX_dN-oteCcWQsSQ0SZ-JcDSXGAOtqR5l6U_lYkiY0z68m6lkIRidraa69mOtg8LIe0Ot_JCrnadfBWh9OqTkLy9F_p8Nl1vzbAx7u9tmjN0gM-6hiktEX5owCPq-wjBp9wWtms4HZ4MO2m3ihB7h_m1Z2140lj7ZzxLDPqEhSUtVKn-RPK-To7Sky8lnbJGwqmQH7vxnkJifEY8bvBDxJplIiGcsUaRHCMpCkg6m4N9vg59Uq8MlS4lonLinHEhMcZFhj3RYo6ozJOv2pIiwl5hM-bNmSwu2tTEsxRxE9AQ","e":"AQAB"},"attributes":{"enabled":true,"created":1559087711,"updated":1559087711,"recoveryLevel":"Recoverable+Purgeable"}}'
    headers:
      cache-control:
      - no-cache
      content-length:
      - '801'
      content-type:
      - application/json; charset=utf-8
      date:
      - Tue, 28 May 2019 23:55:13 GMT
      expires:
      - '-1'
      pragma:
      - no-cache
      server:
      - Microsoft-IIS/10.0
      strict-transport-security:
      - max-age=31536000;includeSubDomains
      x-aspnet-version:
      - 4.0.30319
      x-content-type-options:
      - nosniff
      x-ms-keyvault-network-info:
      - addr=131.107.147.26;act_addr_fam=InterNetwork;
      x-ms-keyvault-region:
      - westus
      x-ms-keyvault-service-version:
      - 1.1.0.866
      x-powered-by:
      - ASP.NET
    status:
      code: 200
      message: OK
- request:
    body: null
    headers:
      Accept:
      - application/json
      Accept-Encoding:
      - gzip, deflate
      Connection:
      - keep-alive
      Content-Length:
      - '0'
      User-Agent:
      - python/3.7.2 (Windows-10-10.0.18362-SP0) azure-core/0.0.1 azsdk-python-azure-keyvault/7.0
    method: DELETE
    uri: https://vaultf75a0e1e.vault.azure.net/keys/keyprg5f75a0e1e?api-version=7.0
  response:
    body:
      string: '{"recoveryId":"https://vaultf75a0e1e.vault.azure.net/deletedkeys/keyprg5f75a0e1e","deletedDate":1559087714,"scheduledPurgeDate":1566863714,"key":{"kid":"https://vaultf75a0e1e.vault.azure.net/keys/keyprg5f75a0e1e/68ed3d2928844177945cf1652ecb252b","kty":"RSA","key_ops":["encrypt","decrypt","sign","verify","wrapKey","unwrapKey"],"n":"qGVzAhoyZdkS63LoTwv2aEZnaH5Cu14z0J346Jq295nG6rAj2NQdBKKP6vI6ou2tzSRTumitWwY1usD3pGwdNY-q1RwzPWSCQ4zYX5YFzhWnwvKNT2mYbbpIbzMS2RXI_WfR22f8YYICdcnBq_jhmVmcKerN-PFRHmbsJnhvZyY6ggdRruLU147ExCAPAxl1O184OsB83m9yZYSssIIC05fjYK3sJgnso_DIrYxH9Vp_t4xmrk1u67HkKYmi9HUyuQsy87YZhIkfjRl9M15Wo7c7bqKZmGESnC-zBksLieVljCrvlcdgltMjIyLUQW3ltUDuK7-fB68pF8HI9uJ07Q","e":"AQAB"},"attributes":{"enabled":true,"created":1559087711,"updated":1559087711,"recoveryLevel":"Recoverable+Purgeable"}}'
    headers:
      cache-control:
      - no-cache
      content-length:
      - '801'
      content-type:
      - application/json; charset=utf-8
      date:
      - Tue, 28 May 2019 23:55:14 GMT
      expires:
      - '-1'
      pragma:
      - no-cache
      server:
      - Microsoft-IIS/10.0
      strict-transport-security:
      - max-age=31536000;includeSubDomains
      x-aspnet-version:
      - 4.0.30319
      x-content-type-options:
      - nosniff
      x-ms-keyvault-network-info:
      - addr=131.107.147.26;act_addr_fam=InterNetwork;
      x-ms-keyvault-region:
      - westus
      x-ms-keyvault-service-version:
      - 1.1.0.866
      x-powered-by:
      - ASP.NET
    status:
      code: 200
      message: OK
- request:
    body: null
    headers:
      Accept:
      - application/json
      Accept-Encoding:
      - gzip, deflate
      Connection:
      - keep-alive
      Content-Length:
      - '0'
      User-Agent:
      - python/3.7.2 (Windows-10-10.0.18362-SP0) azure-core/0.0.1 azsdk-python-azure-keyvault/7.0
    method: DELETE
    uri: https://vaultf75a0e1e.vault.azure.net/keys/keyprg6f75a0e1e?api-version=7.0
  response:
    body:
      string: '{"recoveryId":"https://vaultf75a0e1e.vault.azure.net/deletedkeys/keyprg6f75a0e1e","deletedDate":1559087714,"scheduledPurgeDate":1566863714,"key":{"kid":"https://vaultf75a0e1e.vault.azure.net/keys/keyprg6f75a0e1e/23c8543a33db4516b1e56c482e4c324d","kty":"RSA","key_ops":["encrypt","decrypt","sign","verify","wrapKey","unwrapKey"],"n":"2rDeyL0VsAH0HgKGAor0AhEYPOnHRtTp_epophj-QiR5k_O4XUDUchfHC1FuMfZMFBLmcHywIwACwcljyNnSNvUHZhJUXLcENaLX-XE2EtvEcrdHbGDcVDXK1YnhW0IghDbuHfKo4d-YvavlgSqVI86JqJTmOjHez5rl1daehabRr_MeaKZAzORASffsRzeweLzOzjj4Y-Z6I0EmnDvuVF0UEeuFwoUB9c5xNBQkLR3PdRv9uMutYSlBo9LPgeBGXrohYbfnenHE35J0s86lpKtJfuTS4GObBvMbRb6blxFm89hPmlJHFp565T_hzNBEqfW4Ellxzwu9LyFzZ7LyUw","e":"AQAB"},"attributes":{"enabled":true,"created":1559087712,"updated":1559087712,"recoveryLevel":"Recoverable+Purgeable"}}'
    headers:
      cache-control:
      - no-cache
      content-length:
      - '801'
      content-type:
      - application/json; charset=utf-8
      date:
      - Tue, 28 May 2019 23:55:14 GMT
      expires:
      - '-1'
      pragma:
      - no-cache
      server:
      - Microsoft-IIS/10.0
      strict-transport-security:
      - max-age=31536000;includeSubDomains
      x-aspnet-version:
      - 4.0.30319
      x-content-type-options:
      - nosniff
      x-ms-keyvault-network-info:
      - addr=131.107.147.26;act_addr_fam=InterNetwork;
      x-ms-keyvault-region:
      - westus
      x-ms-keyvault-service-version:
      - 1.1.0.866
      x-powered-by:
      - ASP.NET
    status:
      code: 200
      message: OK
- request:
    body: null
    headers:
      Accept:
      - application/json
      Accept-Encoding:
      - gzip, deflate
      Connection:
      - keep-alive
      User-Agent:
      - python/3.7.2 (Windows-10-10.0.18362-SP0) azure-core/0.0.1 azsdk-python-azure-keyvault/7.0
    method: GET
    uri: https://vaultf75a0e1e.vault.azure.net/deletedkeys/keyrec0f75a0e1e?api-version=7.0
  response:
    body:
      string: '{"error":{"code":"KeyNotFound","message":"Deleted Key not found: keyrec0f75a0e1e"}}'
    headers:
      cache-control:
      - no-cache
      content-length:
      - '83'
      content-type:
      - application/json; charset=utf-8
      date:
      - Tue, 28 May 2019 23:55:20 GMT
      expires:
      - '-1'
      pragma:
      - no-cache
      server:
      - Microsoft-IIS/10.0
      strict-transport-security:
      - max-age=31536000;includeSubDomains
      x-aspnet-version:
      - 4.0.30319
      x-content-type-options:
      - nosniff
      x-ms-keyvault-network-info:
      - addr=131.107.147.26;act_addr_fam=InterNetwork;
      x-ms-keyvault-region:
      - westus
      x-ms-keyvault-service-version:
      - 1.1.0.866
      x-powered-by:
      - ASP.NET
    status:
      code: 404
      message: Not Found
- request:
    body: null
    headers:
      Accept:
      - application/json
      Accept-Encoding:
      - gzip, deflate
      Connection:
      - keep-alive
      User-Agent:
      - python/3.7.2 (Windows-10-10.0.18362-SP0) azure-core/0.0.1 azsdk-python-azure-keyvault/7.0
    method: GET
    uri: https://vaultf75a0e1e.vault.azure.net/deletedkeys/keyrec0f75a0e1e?api-version=7.0
  response:
    body:
      string: '{"recoveryId":"https://vaultf75a0e1e.vault.azure.net/deletedkeys/keyrec0f75a0e1e","deletedDate":1559087712,"scheduledPurgeDate":1566863712,"key":{"kid":"https://vaultf75a0e1e.vault.azure.net/keys/keyrec0f75a0e1e/67ba870042ee4ace96dad0cdf186d37a","kty":"RSA","key_ops":["encrypt","decrypt","sign","verify","wrapKey","unwrapKey"],"n":"n8ADZnW16nj4EL_HFUdwXV9J15LuPG8nbPJWpHafPrQXzmibWON9-Fc8doqmsFjm7-k4cd7MeN06QakZtsT1mzqtgeFrbcZt3g-Zy6T_VUj44nG6A_zpmO5le4JF_Z0x07Dv98-ZbFp3QhNhSPj6qXpPpb1zX5D4ELeopV2LstFS4cC-U2DsTtPFdyRHLoxtASMjOhSV8aq2tceUekMlzCaaw4-LgaxEJ_fNK-Qy5K849X4adGpyc1zzMRYneg78Hhmtd6EAEosyvI8VBcBU1FfBd16vzndVbCQazC0a232hPEwvgWyJDv_t_moNC8bFrskDDBAKZLmSL_Af6tX9zw","e":"AQAB"},"attributes":{"enabled":true,"created":1559087708,"updated":1559087708,"recoveryLevel":"Recoverable+Purgeable"}}'
    headers:
      cache-control:
      - no-cache
      content-length:
      - '801'
      content-type:
      - application/json; charset=utf-8
      date:
      - Tue, 28 May 2019 23:55:26 GMT
      expires:
      - '-1'
      pragma:
      - no-cache
      server:
      - Microsoft-IIS/10.0
      strict-transport-security:
      - max-age=31536000;includeSubDomains
      x-aspnet-version:
      - 4.0.30319
      x-content-type-options:
      - nosniff
      x-ms-keyvault-network-info:
      - addr=131.107.147.26;act_addr_fam=InterNetwork;
      x-ms-keyvault-region:
      - westus
      x-ms-keyvault-service-version:
      - 1.1.0.866
      x-powered-by:
      - ASP.NET
    status:
      code: 200
      message: OK
- request:
    body: null
    headers:
      Accept:
      - application/json
      Accept-Encoding:
      - gzip, deflate
      Connection:
      - keep-alive
      User-Agent:
      - python/3.7.2 (Windows-10-10.0.18362-SP0) azure-core/0.0.1 azsdk-python-azure-keyvault/7.0
    method: GET
    uri: https://vaultf75a0e1e.vault.azure.net/deletedkeys/keyrec1f75a0e1e?api-version=7.0
  response:
    body:
      string: '{"recoveryId":"https://vaultf75a0e1e.vault.azure.net/deletedkeys/keyrec1f75a0e1e","deletedDate":1559087712,"scheduledPurgeDate":1566863712,"key":{"kid":"https://vaultf75a0e1e.vault.azure.net/keys/keyrec1f75a0e1e/67f8a23d47a94a77b838c2d4ec17c9fc","kty":"RSA","key_ops":["encrypt","decrypt","sign","verify","wrapKey","unwrapKey"],"n":"triWC-Sh0Uq60FgbvK7-FPuvXvpvv21aET3lIFkkcJKEnUxEm66bOCKsQeXRl8B1PdyTmIK-5YfZJ8_aQFfjQakvEiK_VosPygvICC7ibl-MqllOHqTumr9tQIYKPZRBv8sNXPnuuI9DIkJoPxFTT2nfNoinC36rooszl8tuZ0V2XGfGXp_Qo7yzSCHPaKiiIVBBpRyX6faysPccjHvpWqekmDeJf7LNtQhIlmhJjGBUerAJw-WdbDpM7uhY-Sc7DXNfYPv2N0DVEbImv80-Rs9Ix5DUIlA_0mHFY4ciDWW8Sd7hupt2JZ-y4vTRcYe_S-Xhc5r8UzBnV7jPcBxdrw","e":"AQAB"},"attributes":{"enabled":true,"created":1559087708,"updated":1559087708,"recoveryLevel":"Recoverable+Purgeable"}}'
    headers:
      cache-control:
      - no-cache
      content-length:
      - '801'
      content-type:
      - application/json; charset=utf-8
      date:
      - Tue, 28 May 2019 23:55:26 GMT
      expires:
      - '-1'
      pragma:
      - no-cache
      server:
      - Microsoft-IIS/10.0
      strict-transport-security:
      - max-age=31536000;includeSubDomains
      x-aspnet-version:
      - 4.0.30319
      x-content-type-options:
      - nosniff
      x-ms-keyvault-network-info:
      - addr=131.107.147.26;act_addr_fam=InterNetwork;
      x-ms-keyvault-region:
      - westus
      x-ms-keyvault-service-version:
      - 1.1.0.866
      x-powered-by:
      - ASP.NET
    status:
      code: 200
      message: OK
- request:
    body: null
    headers:
      Accept:
      - application/json
      Accept-Encoding:
      - gzip, deflate
      Connection:
      - keep-alive
      User-Agent:
      - python/3.7.2 (Windows-10-10.0.18362-SP0) azure-core/0.0.1 azsdk-python-azure-keyvault/7.0
    method: GET
    uri: https://vaultf75a0e1e.vault.azure.net/deletedkeys/keyrec2f75a0e1e?api-version=7.0
  response:
    body:
      string: '{"recoveryId":"https://vaultf75a0e1e.vault.azure.net/deletedkeys/keyrec2f75a0e1e","deletedDate":1559087712,"scheduledPurgeDate":1566863712,"key":{"kid":"https://vaultf75a0e1e.vault.azure.net/keys/keyrec2f75a0e1e/84b987f1243f4d5497436bced1f9f239","kty":"RSA","key_ops":["encrypt","decrypt","sign","verify","wrapKey","unwrapKey"],"n":"qnIP533wAGZK3_4tdcPxoVNNAEQFlWY-aw7bLYJh8oTXQywFSq543l6kWz2dbC4F7W4BUp1NgNDI1rJxCIhDZd3QuqmKC4ML6z7QyO_G8aChqD09XE66zgSHk7XbsDehehU0HmCEW1mBNjTqMLWgrLjb4mKiYw9ySfXiySlXEQx9ePSv-9-akkj8GgpqtjOSH9P8Ufizsa7rWNRz6KqtTRZ1YmTu9AQqCeELOzoFhkt5SBmQfAZVjmODdNlVi3JK3q6SgoB9PI14nPQ-MCl13AErSrlVdWijKw9bwZoZUr3N-GE7inScl49DNYNfHMpUV8vEVy0qcZTJYXcmv8cAcQ","e":"AQAB"},"attributes":{"enabled":true,"created":1559087709,"updated":1559087709,"recoveryLevel":"Recoverable+Purgeable"}}'
    headers:
      cache-control:
      - no-cache
      content-length:
      - '801'
      content-type:
      - application/json; charset=utf-8
      date:
      - Tue, 28 May 2019 23:55:27 GMT
      expires:
      - '-1'
      pragma:
      - no-cache
      server:
      - Microsoft-IIS/10.0
      strict-transport-security:
      - max-age=31536000;includeSubDomains
      x-aspnet-version:
      - 4.0.30319
      x-content-type-options:
      - nosniff
      x-ms-keyvault-network-info:
      - addr=131.107.147.26;act_addr_fam=InterNetwork;
      x-ms-keyvault-region:
      - westus
      x-ms-keyvault-service-version:
      - 1.1.0.866
      x-powered-by:
      - ASP.NET
    status:
      code: 200
      message: OK
- request:
    body: null
    headers:
      Accept:
      - application/json
      Accept-Encoding:
      - gzip, deflate
      Connection:
      - keep-alive
      User-Agent:
      - python/3.7.2 (Windows-10-10.0.18362-SP0) azure-core/0.0.1 azsdk-python-azure-keyvault/7.0
    method: GET
    uri: https://vaultf75a0e1e.vault.azure.net/deletedkeys/keyrec3f75a0e1e?api-version=7.0
  response:
    body:
      string: '{"recoveryId":"https://vaultf75a0e1e.vault.azure.net/deletedkeys/keyrec3f75a0e1e","deletedDate":1559087712,"scheduledPurgeDate":1566863712,"key":{"kid":"https://vaultf75a0e1e.vault.azure.net/keys/keyrec3f75a0e1e/3a4c8b47d312426e9d1ac79a13462b72","kty":"RSA","key_ops":["encrypt","decrypt","sign","verify","wrapKey","unwrapKey"],"n":"wH43yKuZH8dHjY7jmegVrr-0--hA2fuDUrxJxTpO0xuNISfmLp3mGYYhNWHgM7YrC9t4qhU6EfMQpRRnoExlxoCH5jQbDNvb_2gXSonvWkZXDIIt4LMyZ4yCKf0scvQQtBqTjSBbEswKGCBzZGfBaz0ExP_SB0SbfVZWxZYyEPgl9zyCBG-UoTfiht6uchsdXrQt0jTF795hcRFRYkwP9F5ULZbtikxgtOvqyZvDZfSbBbXgZI9qGGJuSD_Fz8owR_TLuZSttPHUjwjDZ0QaKo7yxvnMbskn4e4jzS5Ku-4JEii1bFnDZLKzQv-VrHHtPkqcYw476g-I9iL6ibfEMw","e":"AQAB"},"attributes":{"enabled":true,"created":1559087709,"updated":1559087709,"recoveryLevel":"Recoverable+Purgeable"}}'
    headers:
      cache-control:
      - no-cache
      content-length:
      - '801'
      content-type:
      - application/json; charset=utf-8
      date:
      - Tue, 28 May 2019 23:55:27 GMT
      expires:
      - '-1'
      pragma:
      - no-cache
      server:
      - Microsoft-IIS/10.0
      strict-transport-security:
      - max-age=31536000;includeSubDomains
      x-aspnet-version:
      - 4.0.30319
      x-content-type-options:
      - nosniff
      x-ms-keyvault-network-info:
      - addr=131.107.147.26;act_addr_fam=InterNetwork;
      x-ms-keyvault-region:
      - westus
      x-ms-keyvault-service-version:
      - 1.1.0.866
      x-powered-by:
      - ASP.NET
    status:
      code: 200
      message: OK
- request:
    body: null
    headers:
      Accept:
      - application/json
      Accept-Encoding:
      - gzip, deflate
      Connection:
      - keep-alive
      User-Agent:
      - python/3.7.2 (Windows-10-10.0.18362-SP0) azure-core/0.0.1 azsdk-python-azure-keyvault/7.0
    method: GET
    uri: https://vaultf75a0e1e.vault.azure.net/deletedkeys/keyrec4f75a0e1e?api-version=7.0
  response:
    body:
      string: '{"recoveryId":"https://vaultf75a0e1e.vault.azure.net/deletedkeys/keyrec4f75a0e1e","deletedDate":1559087713,"scheduledPurgeDate":1566863713,"key":{"kid":"https://vaultf75a0e1e.vault.azure.net/keys/keyrec4f75a0e1e/a2962c49bf3f41d3a44ad2a30d606095","kty":"RSA","key_ops":["encrypt","decrypt","sign","verify","wrapKey","unwrapKey"],"n":"jry0uRrJzL9tw2bug7fRnPHr0OjJM2UsaEP9BO0Aw14NTxLjoCL4KeDk1jPMQLbqCjS2mZJw5V-oXxdIj7dC0rV7hNnc1_j0hWkEQPpSyWO3KDkU0p8_F9aFXz_59xhsUXub4xcmxElQ_akhlGqUCIGspYlBtUwZvzYoFPKZ1SJ-20pFujjHHaZLkpO--sKKPi4ZMzlTIaJH1j0OiOIYPGK3YM5StNVk68YNYLP9QOkoLcsa7G4bHRP4-cSpUwOqDX8q6xZdEEa1kOCuYMQZqGBGigLRLzKih2rcfy9TMAQuGuBEsLmRx1WyMUeAkfNsAu7OIbSRHDs_j6jyRAgfdw","e":"AQAB"},"attributes":{"enabled":true,"created":1559087709,"updated":1559087709,"recoveryLevel":"Recoverable+Purgeable"}}'
    headers:
      cache-control:
      - no-cache
      content-length:
      - '801'
      content-type:
      - application/json; charset=utf-8
      date:
      - Tue, 28 May 2019 23:55:27 GMT
      expires:
      - '-1'
      pragma:
      - no-cache
      server:
      - Microsoft-IIS/10.0
      strict-transport-security:
      - max-age=31536000;includeSubDomains
      x-aspnet-version:
      - 4.0.30319
      x-content-type-options:
      - nosniff
      x-ms-keyvault-network-info:
      - addr=131.107.147.26;act_addr_fam=InterNetwork;
      x-ms-keyvault-region:
      - westus
      x-ms-keyvault-service-version:
      - 1.1.0.866
      x-powered-by:
      - ASP.NET
    status:
      code: 200
      message: OK
- request:
    body: null
    headers:
      Accept:
      - application/json
      Accept-Encoding:
      - gzip, deflate
      Connection:
      - keep-alive
      User-Agent:
      - python/3.7.2 (Windows-10-10.0.18362-SP0) azure-core/0.0.1 azsdk-python-azure-keyvault/7.0
    method: GET
    uri: https://vaultf75a0e1e.vault.azure.net/deletedkeys/keyrec5f75a0e1e?api-version=7.0
  response:
    body:
      string: '{"recoveryId":"https://vaultf75a0e1e.vault.azure.net/deletedkeys/keyrec5f75a0e1e","deletedDate":1559087713,"scheduledPurgeDate":1566863713,"key":{"kid":"https://vaultf75a0e1e.vault.azure.net/keys/keyrec5f75a0e1e/60378f1347c34bbcaed594918ab1575e","kty":"RSA","key_ops":["encrypt","decrypt","sign","verify","wrapKey","unwrapKey"],"n":"s5lEtCfb5sv4drnMIroCbUdNRbkDHgO0qu-y9K3luPrFjuDJf0FKW8fiu-kgEhnzIw6esF_ZQMGc-mJXlh50mK6bJMZvWf6884DsL_uf4Y98BvGq5FdtphEY0NsanhOmOctSNOfyro-EQNauMCquZPTXPBwc9qpPFCA0ngYw7XXBLkt9LeTfMscdx_cxy-SPxVUbIzBsbhLZi4dGSroGC2At25I61U0vYDf0McjUuR-TG92AAktKTv4L3QTxfxYGfiEwR57bX3W5SR6k0_q4YD_To_RHvSLYoF9m34BiKMK0njuXa182QGOkNQu5o8NX7FNqR2Cc2qCq5siQ4UiT_Q","e":"AQAB"},"attributes":{"enabled":true,"created":1559087710,"updated":1559087710,"recoveryLevel":"Recoverable+Purgeable"}}'
    headers:
      cache-control:
      - no-cache
      content-length:
      - '801'
      content-type:
      - application/json; charset=utf-8
      date:
      - Tue, 28 May 2019 23:55:27 GMT
      expires:
      - '-1'
      pragma:
      - no-cache
      server:
      - Microsoft-IIS/10.0
      strict-transport-security:
      - max-age=31536000;includeSubDomains
      x-aspnet-version:
      - 4.0.30319
      x-content-type-options:
      - nosniff
      x-ms-keyvault-network-info:
      - addr=131.107.147.26;act_addr_fam=InterNetwork;
      x-ms-keyvault-region:
      - westus
      x-ms-keyvault-service-version:
      - 1.1.0.866
      x-powered-by:
      - ASP.NET
    status:
      code: 200
      message: OK
- request:
    body: null
    headers:
      Accept:
      - application/json
      Accept-Encoding:
      - gzip, deflate
      Connection:
      - keep-alive
      User-Agent:
      - python/3.7.2 (Windows-10-10.0.18362-SP0) azure-core/0.0.1 azsdk-python-azure-keyvault/7.0
    method: GET
    uri: https://vaultf75a0e1e.vault.azure.net/deletedkeys/keyrec6f75a0e1e?api-version=7.0
  response:
    body:
      string: '{"recoveryId":"https://vaultf75a0e1e.vault.azure.net/deletedkeys/keyrec6f75a0e1e","deletedDate":1559087713,"scheduledPurgeDate":1566863713,"key":{"kid":"https://vaultf75a0e1e.vault.azure.net/keys/keyrec6f75a0e1e/b904bf585e6648acbb4a04681bdffe68","kty":"RSA","key_ops":["encrypt","decrypt","sign","verify","wrapKey","unwrapKey"],"n":"v9RHA--l6pXlH4We-ZvOlQoTx8NrXbGjAhG677zqlsa_6PwPWq_mA2gBbDoKXBgiNPP5kq-NG8aFW4jIDNdoUavUGhgzQjQmuUDpkqTru81loLQUKCikD-7Go-Ga0UnIyDAeJqVmkSZauUOcOMXYoDKp66tro6seY-YXL_pVkzZJnKm0-VPzlL3S344RoRV895h0Z4UFnJNQIFmnLdHkv268mrzbTCxighVs_VOdT2YRMrIkvPMwixFHq6u8G1kP9Llo_SIVC-Zwe1p8VjuuNP4HkMkapsJ_l-Y3HMH3jp8MYOwawO9eb195dE4FGgwXkxdhwRZGlsm2kbJosjTmxw","e":"AQAB"},"attributes":{"enabled":true,"created":1559087710,"updated":1559087710,"recoveryLevel":"Recoverable+Purgeable"}}'
    headers:
      cache-control:
      - no-cache
      content-length:
      - '801'
      content-type:
      - application/json; charset=utf-8
      date:
      - Tue, 28 May 2019 23:55:27 GMT
      expires:
      - '-1'
      pragma:
      - no-cache
      server:
      - Microsoft-IIS/10.0
      strict-transport-security:
      - max-age=31536000;includeSubDomains
      x-aspnet-version:
      - 4.0.30319
      x-content-type-options:
      - nosniff
      x-ms-keyvault-network-info:
      - addr=131.107.147.26;act_addr_fam=InterNetwork;
      x-ms-keyvault-region:
      - westus
      x-ms-keyvault-service-version:
      - 1.1.0.866
      x-powered-by:
      - ASP.NET
    status:
      code: 200
      message: OK
- request:
    body: null
    headers:
      Accept:
      - application/json
      Accept-Encoding:
      - gzip, deflate
      Connection:
      - keep-alive
      User-Agent:
      - python/3.7.2 (Windows-10-10.0.18362-SP0) azure-core/0.0.1 azsdk-python-azure-keyvault/7.0
    method: GET
    uri: https://vaultf75a0e1e.vault.azure.net/deletedkeys/keyprg0f75a0e1e?api-version=7.0
  response:
    body:
      string: '{"recoveryId":"https://vaultf75a0e1e.vault.azure.net/deletedkeys/keyprg0f75a0e1e","deletedDate":1559087713,"scheduledPurgeDate":1566863713,"key":{"kid":"https://vaultf75a0e1e.vault.azure.net/keys/keyprg0f75a0e1e/2c24d71656524ce9967592cb76db8a25","kty":"RSA","key_ops":["encrypt","decrypt","sign","verify","wrapKey","unwrapKey"],"n":"uT5EV_CvXGaXzXLlKla7qWvNHxvou-JUGko_l5KpTXHodn6aT_MStJrCadzHOyP-gA3VI-D-68ZnZIEm0X1Ntro3kC2a-MmhPwa1HhFP39FheCmFibz8miplSvdngLiiPyXFBWL0D6fzXgNQLWAxgkBrYwqE12c8-smm4u2d58uiI4awfIDsxjQAuzxAzw2-5fXQ836-_m1nqU8-rE170z4LEDVEjZ4IM8oE8Od-k572OwBu1jHhC-MzaP-h2GbcTyEH8jl3CkR8pas-QJvK_yfS5-KlgwUPOSTW5vde8PnY9NoyrFAIsy_HyZfq-GX01HBBDNeiVmznYCquPQKXEw","e":"AQAB"},"attributes":{"enabled":true,"created":1559087710,"updated":1559087710,"recoveryLevel":"Recoverable+Purgeable"}}'
    headers:
      cache-control:
      - no-cache
      content-length:
      - '801'
      content-type:
      - application/json; charset=utf-8
      date:
      - Tue, 28 May 2019 23:55:27 GMT
      expires:
      - '-1'
      pragma:
      - no-cache
      server:
      - Microsoft-IIS/10.0
      strict-transport-security:
      - max-age=31536000;includeSubDomains
      x-aspnet-version:
      - 4.0.30319
      x-content-type-options:
      - nosniff
      x-ms-keyvault-network-info:
      - addr=131.107.147.26;act_addr_fam=InterNetwork;
      x-ms-keyvault-region:
      - westus
      x-ms-keyvault-service-version:
      - 1.1.0.866
      x-powered-by:
      - ASP.NET
    status:
      code: 200
      message: OK
- request:
    body: null
    headers:
      Accept:
      - application/json
      Accept-Encoding:
      - gzip, deflate
      Connection:
      - keep-alive
      User-Agent:
      - python/3.7.2 (Windows-10-10.0.18362-SP0) azure-core/0.0.1 azsdk-python-azure-keyvault/7.0
    method: GET
    uri: https://vaultf75a0e1e.vault.azure.net/deletedkeys/keyprg1f75a0e1e?api-version=7.0
  response:
    body:
      string: '{"recoveryId":"https://vaultf75a0e1e.vault.azure.net/deletedkeys/keyprg1f75a0e1e","deletedDate":1559087713,"scheduledPurgeDate":1566863713,"key":{"kid":"https://vaultf75a0e1e.vault.azure.net/keys/keyprg1f75a0e1e/05a152808fec450882cc8ee4e1fd8f13","kty":"RSA","key_ops":["encrypt","decrypt","sign","verify","wrapKey","unwrapKey"],"n":"sa5AwV_6aZsGX57bSbaVdmFOSTSjJ7xxW6hXY8xUKOqPaOAkc-FyaMzLDunzwL7HvM3cBDyvELBrJ5jxWi0Zeqi1bm-aCpbFXVIKOdlS9hbu1v6EN0JZKyMXml8X0PjR92M5qvH4AB088L0C-4Rsj3n-iyp2FVTStVBKoCU2e6reYKqzx5K2KLWdRfhlrCuGHuPwaI_dyrO3jJSWx47c6dHj9JQ_7xbrFFHXCki0mR-3gcWt4hLynhhIzgYzlYKNkH8JLNrBuWoM5UEMqR-z8s2sOc-LdGnpNoS6Qs3zYgioPd8NqrJZSGFInpU5mxJbHBIZjCFZBczQXkOEL1ueLw","e":"AQAB"},"attributes":{"enabled":true,"created":1559087710,"updated":1559087710,"recoveryLevel":"Recoverable+Purgeable"}}'
    headers:
      cache-control:
      - no-cache
      content-length:
      - '801'
      content-type:
      - application/json; charset=utf-8
      date:
      - Tue, 28 May 2019 23:55:27 GMT
      expires:
      - '-1'
      pragma:
      - no-cache
      server:
      - Microsoft-IIS/10.0
      strict-transport-security:
      - max-age=31536000;includeSubDomains
      x-aspnet-version:
      - 4.0.30319
      x-content-type-options:
      - nosniff
      x-ms-keyvault-network-info:
      - addr=131.107.147.26;act_addr_fam=InterNetwork;
      x-ms-keyvault-region:
      - westus
      x-ms-keyvault-service-version:
      - 1.1.0.866
      x-powered-by:
      - ASP.NET
    status:
      code: 200
      message: OK
- request:
    body: null
    headers:
      Accept:
      - application/json
      Accept-Encoding:
      - gzip, deflate
      Connection:
      - keep-alive
      User-Agent:
      - python/3.7.2 (Windows-10-10.0.18362-SP0) azure-core/0.0.1 azsdk-python-azure-keyvault/7.0
    method: GET
    uri: https://vaultf75a0e1e.vault.azure.net/deletedkeys/keyprg2f75a0e1e?api-version=7.0
  response:
    body:
      string: '{"recoveryId":"https://vaultf75a0e1e.vault.azure.net/deletedkeys/keyprg2f75a0e1e","deletedDate":1559087714,"scheduledPurgeDate":1566863714,"key":{"kid":"https://vaultf75a0e1e.vault.azure.net/keys/keyprg2f75a0e1e/4f0a587dd8b04b96be858e7d05f71cfd","kty":"RSA","key_ops":["encrypt","decrypt","sign","verify","wrapKey","unwrapKey"],"n":"rnPfEBCgetifFEfwqqAhGr5NgHqXFvbtqKbn1_Uos89kk8G5CA9E94nhVIiQ33x0vepfyHHDejgwDH_0GX21cXNGf1G-W4LvIjhVnYzxUuq1aUzUAXXM3dhfTEtTeBI5a4p0fmAUWt6HusXazeciEz4RDX35BfRcqNLBQl5EOfR8msXPU0DKlpSrblLzlsy-MrOzERnGQV1x3W0Ghs6kLgGcv0qj9pq9VBtD78vgYzAw5PO1IuFffNVbQNKwaFtTBzXnjfl4DCyKPRRcKh2iMe2K6ZW6t-xR6pFsjij8ybtu8SBL_ulfrFHc95ZXO0lixzvNlddlhY6JK0tOt4SsCw","e":"AQAB"},"attributes":{"enabled":true,"created":1559087711,"updated":1559087711,"recoveryLevel":"Recoverable+Purgeable"}}'
    headers:
      cache-control:
      - no-cache
      content-length:
      - '801'
      content-type:
      - application/json; charset=utf-8
      date:
      - Tue, 28 May 2019 23:55:27 GMT
      expires:
      - '-1'
      pragma:
      - no-cache
      server:
      - Microsoft-IIS/10.0
      strict-transport-security:
      - max-age=31536000;includeSubDomains
      x-aspnet-version:
      - 4.0.30319
      x-content-type-options:
      - nosniff
      x-ms-keyvault-network-info:
      - addr=131.107.147.26;act_addr_fam=InterNetwork;
      x-ms-keyvault-region:
      - westus
      x-ms-keyvault-service-version:
      - 1.1.0.866
      x-powered-by:
      - ASP.NET
    status:
      code: 200
      message: OK
- request:
    body: null
    headers:
      Accept:
      - application/json
      Accept-Encoding:
      - gzip, deflate
      Connection:
      - keep-alive
      User-Agent:
      - python/3.7.2 (Windows-10-10.0.18362-SP0) azure-core/0.0.1 azsdk-python-azure-keyvault/7.0
    method: GET
    uri: https://vaultf75a0e1e.vault.azure.net/deletedkeys/keyprg3f75a0e1e?api-version=7.0
  response:
    body:
      string: '{"recoveryId":"https://vaultf75a0e1e.vault.azure.net/deletedkeys/keyprg3f75a0e1e","deletedDate":1559087714,"scheduledPurgeDate":1566863714,"key":{"kid":"https://vaultf75a0e1e.vault.azure.net/keys/keyprg3f75a0e1e/1cde1fadce614efd97f3b628861c61ca","kty":"RSA","key_ops":["encrypt","decrypt","sign","verify","wrapKey","unwrapKey"],"n":"oRyu-f6z6v-sZ_yRTTo84Mxmq6WoEHkhIhNpsy1c0m8mOiox48wMh5S6FdInuSVqrBs3M1nJ4IiSN0sRtBmKmw0MPD3Nrk-rLJoJwSyUabj4dEMMUZa-Xbe6xEjP2sZjjp4qpEkMxF-E_fWSfj-somc2bha2BtOQaUi9euGpwstrn5kAlPTwRdz8LCf-IqOByq9F-tuoxlTgdmigh6PvvoiDDX3N8LuU7rb7V9Mj87iGyKSeuO8w_t9QMHn1Qm19qWCxCXcE4cD7O78rIxnecZFoqHwWKVKoyFk83r7VoKQJnem5S-g4zCeD26rYZLZiMKFf7KHgKvasFb58ttizZw","e":"AQAB"},"attributes":{"enabled":true,"created":1559087711,"updated":1559087711,"recoveryLevel":"Recoverable+Purgeable"}}'
    headers:
      cache-control:
      - no-cache
      content-length:
      - '801'
      content-type:
      - application/json; charset=utf-8
      date:
      - Tue, 28 May 2019 23:55:27 GMT
      expires:
      - '-1'
      pragma:
      - no-cache
      server:
      - Microsoft-IIS/10.0
      strict-transport-security:
      - max-age=31536000;includeSubDomains
      x-aspnet-version:
      - 4.0.30319
      x-content-type-options:
      - nosniff
      x-ms-keyvault-network-info:
      - addr=131.107.147.26;act_addr_fam=InterNetwork;
      x-ms-keyvault-region:
      - westus
      x-ms-keyvault-service-version:
      - 1.1.0.866
      x-powered-by:
      - ASP.NET
    status:
      code: 200
      message: OK
- request:
    body: null
    headers:
      Accept:
      - application/json
      Accept-Encoding:
      - gzip, deflate
      Connection:
      - keep-alive
      User-Agent:
      - python/3.7.2 (Windows-10-10.0.18362-SP0) azure-core/0.0.1 azsdk-python-azure-keyvault/7.0
    method: GET
    uri: https://vaultf75a0e1e.vault.azure.net/deletedkeys/keyprg4f75a0e1e?api-version=7.0
  response:
    body:
      string: '{"recoveryId":"https://vaultf75a0e1e.vault.azure.net/deletedkeys/keyprg4f75a0e1e","deletedDate":1559087714,"scheduledPurgeDate":1566863714,"key":{"kid":"https://vaultf75a0e1e.vault.azure.net/keys/keyprg4f75a0e1e/578379858aae462caf93409b585d5b0e","kty":"RSA","key_ops":["encrypt","decrypt","sign","verify","wrapKey","unwrapKey"],"n":"sFOo92M21Mu_NBQRZoxZw04E__vZ9RGaS9TecriHXWCX_dN-oteCcWQsSQ0SZ-JcDSXGAOtqR5l6U_lYkiY0z68m6lkIRidraa69mOtg8LIe0Ot_JCrnadfBWh9OqTkLy9F_p8Nl1vzbAx7u9tmjN0gM-6hiktEX5owCPq-wjBp9wWtms4HZ4MO2m3ihB7h_m1Z2140lj7ZzxLDPqEhSUtVKn-RPK-To7Sky8lnbJGwqmQH7vxnkJifEY8bvBDxJplIiGcsUaRHCMpCkg6m4N9vg59Uq8MlS4lonLinHEhMcZFhj3RYo6ozJOv2pIiwl5hM-bNmSwu2tTEsxRxE9AQ","e":"AQAB"},"attributes":{"enabled":true,"created":1559087711,"updated":1559087711,"recoveryLevel":"Recoverable+Purgeable"}}'
    headers:
      cache-control:
      - no-cache
      content-length:
      - '801'
      content-type:
      - application/json; charset=utf-8
      date:
      - Tue, 28 May 2019 23:55:27 GMT
      expires:
      - '-1'
      pragma:
      - no-cache
      server:
      - Microsoft-IIS/10.0
      strict-transport-security:
      - max-age=31536000;includeSubDomains
      x-aspnet-version:
      - 4.0.30319
      x-content-type-options:
      - nosniff
      x-ms-keyvault-network-info:
      - addr=131.107.147.26;act_addr_fam=InterNetwork;
      x-ms-keyvault-region:
      - westus
      x-ms-keyvault-service-version:
      - 1.1.0.866
      x-powered-by:
      - ASP.NET
    status:
      code: 200
      message: OK
- request:
    body: null
    headers:
      Accept:
      - application/json
      Accept-Encoding:
      - gzip, deflate
      Connection:
      - keep-alive
      User-Agent:
      - python/3.7.2 (Windows-10-10.0.18362-SP0) azure-core/0.0.1 azsdk-python-azure-keyvault/7.0
    method: GET
    uri: https://vaultf75a0e1e.vault.azure.net/deletedkeys/keyprg5f75a0e1e?api-version=7.0
  response:
    body:
      string: '{"recoveryId":"https://vaultf75a0e1e.vault.azure.net/deletedkeys/keyprg5f75a0e1e","deletedDate":1559087714,"scheduledPurgeDate":1566863714,"key":{"kid":"https://vaultf75a0e1e.vault.azure.net/keys/keyprg5f75a0e1e/68ed3d2928844177945cf1652ecb252b","kty":"RSA","key_ops":["encrypt","decrypt","sign","verify","wrapKey","unwrapKey"],"n":"qGVzAhoyZdkS63LoTwv2aEZnaH5Cu14z0J346Jq295nG6rAj2NQdBKKP6vI6ou2tzSRTumitWwY1usD3pGwdNY-q1RwzPWSCQ4zYX5YFzhWnwvKNT2mYbbpIbzMS2RXI_WfR22f8YYICdcnBq_jhmVmcKerN-PFRHmbsJnhvZyY6ggdRruLU147ExCAPAxl1O184OsB83m9yZYSssIIC05fjYK3sJgnso_DIrYxH9Vp_t4xmrk1u67HkKYmi9HUyuQsy87YZhIkfjRl9M15Wo7c7bqKZmGESnC-zBksLieVljCrvlcdgltMjIyLUQW3ltUDuK7-fB68pF8HI9uJ07Q","e":"AQAB"},"attributes":{"enabled":true,"created":1559087711,"updated":1559087711,"recoveryLevel":"Recoverable+Purgeable"}}'
    headers:
      cache-control:
      - no-cache
      content-length:
      - '801'
      content-type:
      - application/json; charset=utf-8
      date:
      - Tue, 28 May 2019 23:55:28 GMT
      expires:
      - '-1'
      pragma:
      - no-cache
      server:
      - Microsoft-IIS/10.0
      strict-transport-security:
      - max-age=31536000;includeSubDomains
      x-aspnet-version:
      - 4.0.30319
      x-content-type-options:
      - nosniff
      x-ms-keyvault-network-info:
      - addr=131.107.147.26;act_addr_fam=InterNetwork;
      x-ms-keyvault-region:
      - westus
      x-ms-keyvault-service-version:
      - 1.1.0.866
      x-powered-by:
      - ASP.NET
    status:
      code: 200
      message: OK
- request:
    body: null
    headers:
      Accept:
      - application/json
      Accept-Encoding:
      - gzip, deflate
      Connection:
      - keep-alive
      User-Agent:
      - python/3.7.2 (Windows-10-10.0.18362-SP0) azure-core/0.0.1 azsdk-python-azure-keyvault/7.0
    method: GET
    uri: https://vaultf75a0e1e.vault.azure.net/deletedkeys/keyprg6f75a0e1e?api-version=7.0
  response:
    body:
      string: '{"recoveryId":"https://vaultf75a0e1e.vault.azure.net/deletedkeys/keyprg6f75a0e1e","deletedDate":1559087714,"scheduledPurgeDate":1566863714,"key":{"kid":"https://vaultf75a0e1e.vault.azure.net/keys/keyprg6f75a0e1e/23c8543a33db4516b1e56c482e4c324d","kty":"RSA","key_ops":["encrypt","decrypt","sign","verify","wrapKey","unwrapKey"],"n":"2rDeyL0VsAH0HgKGAor0AhEYPOnHRtTp_epophj-QiR5k_O4XUDUchfHC1FuMfZMFBLmcHywIwACwcljyNnSNvUHZhJUXLcENaLX-XE2EtvEcrdHbGDcVDXK1YnhW0IghDbuHfKo4d-YvavlgSqVI86JqJTmOjHez5rl1daehabRr_MeaKZAzORASffsRzeweLzOzjj4Y-Z6I0EmnDvuVF0UEeuFwoUB9c5xNBQkLR3PdRv9uMutYSlBo9LPgeBGXrohYbfnenHE35J0s86lpKtJfuTS4GObBvMbRb6blxFm89hPmlJHFp565T_hzNBEqfW4Ellxzwu9LyFzZ7LyUw","e":"AQAB"},"attributes":{"enabled":true,"created":1559087712,"updated":1559087712,"recoveryLevel":"Recoverable+Purgeable"}}'
    headers:
      cache-control:
      - no-cache
      content-length:
      - '801'
      content-type:
      - application/json; charset=utf-8
      date:
      - Tue, 28 May 2019 23:55:28 GMT
      expires:
      - '-1'
      pragma:
      - no-cache
      server:
      - Microsoft-IIS/10.0
      strict-transport-security:
      - max-age=31536000;includeSubDomains
      x-aspnet-version:
      - 4.0.30319
      x-content-type-options:
      - nosniff
      x-ms-keyvault-network-info:
      - addr=131.107.147.26;act_addr_fam=InterNetwork;
      x-ms-keyvault-region:
      - westus
      x-ms-keyvault-service-version:
      - 1.1.0.866
      x-powered-by:
      - ASP.NET
    status:
      code: 200
      message: OK
- request:
    body: null
    headers:
      Accept:
      - application/json
      Accept-Encoding:
      - gzip, deflate
      Connection:
      - keep-alive
      Content-Length:
      - '0'
      User-Agent:
      - python/3.7.2 (Windows-10-10.0.18362-SP0) azure-core/0.0.1 azsdk-python-azure-keyvault/7.0
    method: POST
    uri: https://vaultf75a0e1e.vault.azure.net/deletedkeys/keyrec0f75a0e1e/recover?api-version=7.0
  response:
    body:
      string: '{"key":{"kid":"https://vaultf75a0e1e.vault.azure.net/keys/keyrec0f75a0e1e/67ba870042ee4ace96dad0cdf186d37a","kty":"RSA","key_ops":["encrypt","decrypt","sign","verify","wrapKey","unwrapKey"],"n":"n8ADZnW16nj4EL_HFUdwXV9J15LuPG8nbPJWpHafPrQXzmibWON9-Fc8doqmsFjm7-k4cd7MeN06QakZtsT1mzqtgeFrbcZt3g-Zy6T_VUj44nG6A_zpmO5le4JF_Z0x07Dv98-ZbFp3QhNhSPj6qXpPpb1zX5D4ELeopV2LstFS4cC-U2DsTtPFdyRHLoxtASMjOhSV8aq2tceUekMlzCaaw4-LgaxEJ_fNK-Qy5K849X4adGpyc1zzMRYneg78Hhmtd6EAEosyvI8VBcBU1FfBd16vzndVbCQazC0a232hPEwvgWyJDv_t_moNC8bFrskDDBAKZLmSL_Af6tX9zw","e":"AQAB"},"attributes":{"enabled":true,"created":1559087708,"updated":1559087708,"recoveryLevel":"Recoverable+Purgeable"}}'
    headers:
      cache-control:
      - no-cache
      content-length:
      - '663'
      content-type:
      - application/json; charset=utf-8
      date:
      - Tue, 28 May 2019 23:55:28 GMT
      expires:
      - '-1'
      pragma:
      - no-cache
      server:
      - Microsoft-IIS/10.0
      strict-transport-security:
      - max-age=31536000;includeSubDomains
      x-aspnet-version:
      - 4.0.30319
      x-content-type-options:
      - nosniff
      x-ms-keyvault-network-info:
      - addr=131.107.147.26;act_addr_fam=InterNetwork;
      x-ms-keyvault-region:
      - westus
      x-ms-keyvault-service-version:
      - 1.1.0.866
      x-powered-by:
      - ASP.NET
    status:
      code: 200
      message: OK
- request:
    body: null
    headers:
      Accept:
      - application/json
      Accept-Encoding:
      - gzip, deflate
      Connection:
      - keep-alive
      Content-Length:
      - '0'
      User-Agent:
      - python/3.7.2 (Windows-10-10.0.18362-SP0) azure-core/0.0.1 azsdk-python-azure-keyvault/7.0
    method: POST
    uri: https://vaultf75a0e1e.vault.azure.net/deletedkeys/keyrec1f75a0e1e/recover?api-version=7.0
  response:
    body:
      string: '{"key":{"kid":"https://vaultf75a0e1e.vault.azure.net/keys/keyrec1f75a0e1e/67f8a23d47a94a77b838c2d4ec17c9fc","kty":"RSA","key_ops":["encrypt","decrypt","sign","verify","wrapKey","unwrapKey"],"n":"triWC-Sh0Uq60FgbvK7-FPuvXvpvv21aET3lIFkkcJKEnUxEm66bOCKsQeXRl8B1PdyTmIK-5YfZJ8_aQFfjQakvEiK_VosPygvICC7ibl-MqllOHqTumr9tQIYKPZRBv8sNXPnuuI9DIkJoPxFTT2nfNoinC36rooszl8tuZ0V2XGfGXp_Qo7yzSCHPaKiiIVBBpRyX6faysPccjHvpWqekmDeJf7LNtQhIlmhJjGBUerAJw-WdbDpM7uhY-Sc7DXNfYPv2N0DVEbImv80-Rs9Ix5DUIlA_0mHFY4ciDWW8Sd7hupt2JZ-y4vTRcYe_S-Xhc5r8UzBnV7jPcBxdrw","e":"AQAB"},"attributes":{"enabled":true,"created":1559087708,"updated":1559087708,"recoveryLevel":"Recoverable+Purgeable"}}'
    headers:
      cache-control:
      - no-cache
      content-length:
      - '663'
      content-type:
      - application/json; charset=utf-8
      date:
      - Tue, 28 May 2019 23:55:28 GMT
      expires:
      - '-1'
      pragma:
      - no-cache
      server:
      - Microsoft-IIS/10.0
      strict-transport-security:
      - max-age=31536000;includeSubDomains
      x-aspnet-version:
      - 4.0.30319
      x-content-type-options:
      - nosniff
      x-ms-keyvault-network-info:
      - addr=131.107.147.26;act_addr_fam=InterNetwork;
      x-ms-keyvault-region:
      - westus
      x-ms-keyvault-service-version:
      - 1.1.0.866
      x-powered-by:
      - ASP.NET
    status:
      code: 200
      message: OK
- request:
    body: null
    headers:
      Accept:
      - application/json
      Accept-Encoding:
      - gzip, deflate
      Connection:
      - keep-alive
      Content-Length:
      - '0'
      User-Agent:
      - python/3.7.2 (Windows-10-10.0.18362-SP0) azure-core/0.0.1 azsdk-python-azure-keyvault/7.0
    method: POST
    uri: https://vaultf75a0e1e.vault.azure.net/deletedkeys/keyrec2f75a0e1e/recover?api-version=7.0
  response:
    body:
      string: '{"key":{"kid":"https://vaultf75a0e1e.vault.azure.net/keys/keyrec2f75a0e1e/84b987f1243f4d5497436bced1f9f239","kty":"RSA","key_ops":["encrypt","decrypt","sign","verify","wrapKey","unwrapKey"],"n":"qnIP533wAGZK3_4tdcPxoVNNAEQFlWY-aw7bLYJh8oTXQywFSq543l6kWz2dbC4F7W4BUp1NgNDI1rJxCIhDZd3QuqmKC4ML6z7QyO_G8aChqD09XE66zgSHk7XbsDehehU0HmCEW1mBNjTqMLWgrLjb4mKiYw9ySfXiySlXEQx9ePSv-9-akkj8GgpqtjOSH9P8Ufizsa7rWNRz6KqtTRZ1YmTu9AQqCeELOzoFhkt5SBmQfAZVjmODdNlVi3JK3q6SgoB9PI14nPQ-MCl13AErSrlVdWijKw9bwZoZUr3N-GE7inScl49DNYNfHMpUV8vEVy0qcZTJYXcmv8cAcQ","e":"AQAB"},"attributes":{"enabled":true,"created":1559087709,"updated":1559087709,"recoveryLevel":"Recoverable+Purgeable"}}'
    headers:
      cache-control:
      - no-cache
      content-length:
      - '663'
      content-type:
      - application/json; charset=utf-8
      date:
      - Tue, 28 May 2019 23:55:28 GMT
      expires:
      - '-1'
      pragma:
      - no-cache
      server:
      - Microsoft-IIS/10.0
      strict-transport-security:
      - max-age=31536000;includeSubDomains
      x-aspnet-version:
      - 4.0.30319
      x-content-type-options:
      - nosniff
      x-ms-keyvault-network-info:
      - addr=131.107.147.26;act_addr_fam=InterNetwork;
      x-ms-keyvault-region:
      - westus
      x-ms-keyvault-service-version:
      - 1.1.0.866
      x-powered-by:
      - ASP.NET
    status:
      code: 200
      message: OK
- request:
    body: null
    headers:
      Accept:
      - application/json
      Accept-Encoding:
      - gzip, deflate
      Connection:
      - keep-alive
      Content-Length:
      - '0'
      User-Agent:
      - python/3.7.2 (Windows-10-10.0.18362-SP0) azure-core/0.0.1 azsdk-python-azure-keyvault/7.0
    method: POST
    uri: https://vaultf75a0e1e.vault.azure.net/deletedkeys/keyrec3f75a0e1e/recover?api-version=7.0
  response:
    body:
      string: '{"key":{"kid":"https://vaultf75a0e1e.vault.azure.net/keys/keyrec3f75a0e1e/3a4c8b47d312426e9d1ac79a13462b72","kty":"RSA","key_ops":["encrypt","decrypt","sign","verify","wrapKey","unwrapKey"],"n":"wH43yKuZH8dHjY7jmegVrr-0--hA2fuDUrxJxTpO0xuNISfmLp3mGYYhNWHgM7YrC9t4qhU6EfMQpRRnoExlxoCH5jQbDNvb_2gXSonvWkZXDIIt4LMyZ4yCKf0scvQQtBqTjSBbEswKGCBzZGfBaz0ExP_SB0SbfVZWxZYyEPgl9zyCBG-UoTfiht6uchsdXrQt0jTF795hcRFRYkwP9F5ULZbtikxgtOvqyZvDZfSbBbXgZI9qGGJuSD_Fz8owR_TLuZSttPHUjwjDZ0QaKo7yxvnMbskn4e4jzS5Ku-4JEii1bFnDZLKzQv-VrHHtPkqcYw476g-I9iL6ibfEMw","e":"AQAB"},"attributes":{"enabled":true,"created":1559087709,"updated":1559087709,"recoveryLevel":"Recoverable+Purgeable"}}'
    headers:
      cache-control:
      - no-cache
      content-length:
      - '663'
      content-type:
      - application/json; charset=utf-8
      date:
      - Tue, 28 May 2019 23:55:28 GMT
      expires:
      - '-1'
      pragma:
      - no-cache
      server:
      - Microsoft-IIS/10.0
      strict-transport-security:
      - max-age=31536000;includeSubDomains
      x-aspnet-version:
      - 4.0.30319
      x-content-type-options:
      - nosniff
      x-ms-keyvault-network-info:
      - addr=131.107.147.26;act_addr_fam=InterNetwork;
      x-ms-keyvault-region:
      - westus
      x-ms-keyvault-service-version:
      - 1.1.0.866
      x-powered-by:
      - ASP.NET
    status:
      code: 200
      message: OK
- request:
    body: null
    headers:
      Accept:
      - application/json
      Accept-Encoding:
      - gzip, deflate
      Connection:
      - keep-alive
      Content-Length:
      - '0'
      User-Agent:
      - python/3.7.2 (Windows-10-10.0.18362-SP0) azure-core/0.0.1 azsdk-python-azure-keyvault/7.0
    method: POST
    uri: https://vaultf75a0e1e.vault.azure.net/deletedkeys/keyrec4f75a0e1e/recover?api-version=7.0
  response:
    body:
      string: '{"key":{"kid":"https://vaultf75a0e1e.vault.azure.net/keys/keyrec4f75a0e1e/a2962c49bf3f41d3a44ad2a30d606095","kty":"RSA","key_ops":["encrypt","decrypt","sign","verify","wrapKey","unwrapKey"],"n":"jry0uRrJzL9tw2bug7fRnPHr0OjJM2UsaEP9BO0Aw14NTxLjoCL4KeDk1jPMQLbqCjS2mZJw5V-oXxdIj7dC0rV7hNnc1_j0hWkEQPpSyWO3KDkU0p8_F9aFXz_59xhsUXub4xcmxElQ_akhlGqUCIGspYlBtUwZvzYoFPKZ1SJ-20pFujjHHaZLkpO--sKKPi4ZMzlTIaJH1j0OiOIYPGK3YM5StNVk68YNYLP9QOkoLcsa7G4bHRP4-cSpUwOqDX8q6xZdEEa1kOCuYMQZqGBGigLRLzKih2rcfy9TMAQuGuBEsLmRx1WyMUeAkfNsAu7OIbSRHDs_j6jyRAgfdw","e":"AQAB"},"attributes":{"enabled":true,"created":1559087709,"updated":1559087709,"recoveryLevel":"Recoverable+Purgeable"}}'
    headers:
      cache-control:
      - no-cache
      content-length:
      - '663'
      content-type:
      - application/json; charset=utf-8
      date:
      - Tue, 28 May 2019 23:55:29 GMT
      expires:
      - '-1'
      pragma:
      - no-cache
      server:
      - Microsoft-IIS/10.0
      strict-transport-security:
      - max-age=31536000;includeSubDomains
      x-aspnet-version:
      - 4.0.30319
      x-content-type-options:
      - nosniff
      x-ms-keyvault-network-info:
      - addr=131.107.147.26;act_addr_fam=InterNetwork;
      x-ms-keyvault-region:
      - westus
      x-ms-keyvault-service-version:
      - 1.1.0.866
      x-powered-by:
      - ASP.NET
    status:
      code: 200
      message: OK
- request:
    body: null
    headers:
      Accept:
      - application/json
      Accept-Encoding:
      - gzip, deflate
      Connection:
      - keep-alive
      Content-Length:
      - '0'
      User-Agent:
      - python/3.7.2 (Windows-10-10.0.18362-SP0) azure-core/0.0.1 azsdk-python-azure-keyvault/7.0
    method: POST
    uri: https://vaultf75a0e1e.vault.azure.net/deletedkeys/keyrec5f75a0e1e/recover?api-version=7.0
  response:
    body:
      string: '{"key":{"kid":"https://vaultf75a0e1e.vault.azure.net/keys/keyrec5f75a0e1e/60378f1347c34bbcaed594918ab1575e","kty":"RSA","key_ops":["encrypt","decrypt","sign","verify","wrapKey","unwrapKey"],"n":"s5lEtCfb5sv4drnMIroCbUdNRbkDHgO0qu-y9K3luPrFjuDJf0FKW8fiu-kgEhnzIw6esF_ZQMGc-mJXlh50mK6bJMZvWf6884DsL_uf4Y98BvGq5FdtphEY0NsanhOmOctSNOfyro-EQNauMCquZPTXPBwc9qpPFCA0ngYw7XXBLkt9LeTfMscdx_cxy-SPxVUbIzBsbhLZi4dGSroGC2At25I61U0vYDf0McjUuR-TG92AAktKTv4L3QTxfxYGfiEwR57bX3W5SR6k0_q4YD_To_RHvSLYoF9m34BiKMK0njuXa182QGOkNQu5o8NX7FNqR2Cc2qCq5siQ4UiT_Q","e":"AQAB"},"attributes":{"enabled":true,"created":1559087710,"updated":1559087710,"recoveryLevel":"Recoverable+Purgeable"}}'
    headers:
      cache-control:
      - no-cache
      content-length:
      - '663'
      content-type:
      - application/json; charset=utf-8
      date:
      - Tue, 28 May 2019 23:55:29 GMT
      expires:
      - '-1'
      pragma:
      - no-cache
      server:
      - Microsoft-IIS/10.0
      strict-transport-security:
      - max-age=31536000;includeSubDomains
      x-aspnet-version:
      - 4.0.30319
      x-content-type-options:
      - nosniff
      x-ms-keyvault-network-info:
      - addr=131.107.147.26;act_addr_fam=InterNetwork;
      x-ms-keyvault-region:
      - westus
      x-ms-keyvault-service-version:
      - 1.1.0.866
      x-powered-by:
      - ASP.NET
    status:
      code: 200
      message: OK
- request:
    body: null
    headers:
      Accept:
      - application/json
      Accept-Encoding:
      - gzip, deflate
      Connection:
      - keep-alive
      Content-Length:
      - '0'
      User-Agent:
      - python/3.7.2 (Windows-10-10.0.18362-SP0) azure-core/0.0.1 azsdk-python-azure-keyvault/7.0
    method: POST
    uri: https://vaultf75a0e1e.vault.azure.net/deletedkeys/keyrec6f75a0e1e/recover?api-version=7.0
  response:
    body:
      string: '{"key":{"kid":"https://vaultf75a0e1e.vault.azure.net/keys/keyrec6f75a0e1e/b904bf585e6648acbb4a04681bdffe68","kty":"RSA","key_ops":["encrypt","decrypt","sign","verify","wrapKey","unwrapKey"],"n":"v9RHA--l6pXlH4We-ZvOlQoTx8NrXbGjAhG677zqlsa_6PwPWq_mA2gBbDoKXBgiNPP5kq-NG8aFW4jIDNdoUavUGhgzQjQmuUDpkqTru81loLQUKCikD-7Go-Ga0UnIyDAeJqVmkSZauUOcOMXYoDKp66tro6seY-YXL_pVkzZJnKm0-VPzlL3S344RoRV895h0Z4UFnJNQIFmnLdHkv268mrzbTCxighVs_VOdT2YRMrIkvPMwixFHq6u8G1kP9Llo_SIVC-Zwe1p8VjuuNP4HkMkapsJ_l-Y3HMH3jp8MYOwawO9eb195dE4FGgwXkxdhwRZGlsm2kbJosjTmxw","e":"AQAB"},"attributes":{"enabled":true,"created":1559087710,"updated":1559087710,"recoveryLevel":"Recoverable+Purgeable"}}'
    headers:
      cache-control:
      - no-cache
      content-length:
      - '663'
      content-type:
      - application/json; charset=utf-8
      date:
      - Tue, 28 May 2019 23:55:29 GMT
      expires:
      - '-1'
      pragma:
      - no-cache
      server:
      - Microsoft-IIS/10.0
      strict-transport-security:
      - max-age=31536000;includeSubDomains
      x-aspnet-version:
      - 4.0.30319
      x-content-type-options:
      - nosniff
      x-ms-keyvault-network-info:
      - addr=131.107.147.26;act_addr_fam=InterNetwork;
      x-ms-keyvault-region:
      - westus
      x-ms-keyvault-service-version:
      - 1.1.0.866
      x-powered-by:
      - ASP.NET
    status:
      code: 200
      message: OK
- request:
    body: null
    headers:
      Accept:
      - '*/*'
      Accept-Encoding:
      - gzip, deflate
      Connection:
      - keep-alive
      Content-Length:
      - '0'
      User-Agent:
      - python/3.7.2 (Windows-10-10.0.18362-SP0) azure-core/0.0.1 azsdk-python-azure-keyvault/7.0
    method: DELETE
    uri: https://vaultf75a0e1e.vault.azure.net/deletedkeys/keyprg0f75a0e1e?api-version=7.0
  response:
    body:
      string: ''
    headers:
      cache-control:
      - no-cache
      date:
      - Tue, 28 May 2019 23:55:29 GMT
      expires:
      - '-1'
      pragma:
      - no-cache
      server:
      - Microsoft-IIS/10.0
      strict-transport-security:
      - max-age=31536000;includeSubDomains
      x-aspnet-version:
      - 4.0.30319
      x-content-type-options:
      - nosniff
      x-ms-keyvault-network-info:
      - addr=131.107.147.26;act_addr_fam=InterNetwork;
      x-ms-keyvault-region:
      - westus
      x-ms-keyvault-service-version:
      - 1.1.0.866
      x-powered-by:
      - ASP.NET
    status:
      code: 204
      message: No Content
- request:
    body: null
    headers:
      Accept:
      - '*/*'
      Accept-Encoding:
      - gzip, deflate
      Connection:
      - keep-alive
      Content-Length:
      - '0'
      User-Agent:
      - python/3.7.2 (Windows-10-10.0.18362-SP0) azure-core/0.0.1 azsdk-python-azure-keyvault/7.0
    method: DELETE
    uri: https://vaultf75a0e1e.vault.azure.net/deletedkeys/keyprg1f75a0e1e?api-version=7.0
  response:
    body:
      string: ''
    headers:
      cache-control:
      - no-cache
      date:
      - Tue, 28 May 2019 23:55:29 GMT
      expires:
      - '-1'
      pragma:
      - no-cache
      server:
      - Microsoft-IIS/10.0
      strict-transport-security:
      - max-age=31536000;includeSubDomains
      x-aspnet-version:
      - 4.0.30319
      x-content-type-options:
      - nosniff
      x-ms-keyvault-network-info:
      - addr=131.107.147.26;act_addr_fam=InterNetwork;
      x-ms-keyvault-region:
      - westus
      x-ms-keyvault-service-version:
      - 1.1.0.866
      x-powered-by:
      - ASP.NET
    status:
      code: 204
      message: No Content
- request:
    body: null
    headers:
      Accept:
      - '*/*'
      Accept-Encoding:
      - gzip, deflate
      Connection:
      - keep-alive
      Content-Length:
      - '0'
      User-Agent:
      - python/3.7.2 (Windows-10-10.0.18362-SP0) azure-core/0.0.1 azsdk-python-azure-keyvault/7.0
    method: DELETE
    uri: https://vaultf75a0e1e.vault.azure.net/deletedkeys/keyprg2f75a0e1e?api-version=7.0
  response:
    body:
      string: ''
    headers:
      cache-control:
      - no-cache
      date:
      - Tue, 28 May 2019 23:55:30 GMT
      expires:
      - '-1'
      pragma:
      - no-cache
      server:
      - Microsoft-IIS/10.0
      strict-transport-security:
      - max-age=31536000;includeSubDomains
      x-aspnet-version:
      - 4.0.30319
      x-content-type-options:
      - nosniff
      x-ms-keyvault-network-info:
      - addr=131.107.147.26;act_addr_fam=InterNetwork;
      x-ms-keyvault-region:
      - westus
      x-ms-keyvault-service-version:
      - 1.1.0.866
      x-powered-by:
      - ASP.NET
    status:
      code: 204
      message: No Content
- request:
    body: null
    headers:
      Accept:
      - '*/*'
      Accept-Encoding:
      - gzip, deflate
      Connection:
      - keep-alive
      Content-Length:
      - '0'
      User-Agent:
      - python/3.7.2 (Windows-10-10.0.18362-SP0) azure-core/0.0.1 azsdk-python-azure-keyvault/7.0
    method: DELETE
    uri: https://vaultf75a0e1e.vault.azure.net/deletedkeys/keyprg3f75a0e1e?api-version=7.0
  response:
    body:
      string: ''
    headers:
      cache-control:
      - no-cache
      date:
      - Tue, 28 May 2019 23:55:30 GMT
      expires:
      - '-1'
      pragma:
      - no-cache
      server:
      - Microsoft-IIS/10.0
      strict-transport-security:
      - max-age=31536000;includeSubDomains
      x-aspnet-version:
      - 4.0.30319
      x-content-type-options:
      - nosniff
      x-ms-keyvault-network-info:
      - addr=131.107.147.26;act_addr_fam=InterNetwork;
      x-ms-keyvault-region:
      - westus
      x-ms-keyvault-service-version:
      - 1.1.0.866
      x-powered-by:
      - ASP.NET
    status:
      code: 204
      message: No Content
- request:
    body: null
    headers:
      Accept:
      - '*/*'
      Accept-Encoding:
      - gzip, deflate
      Connection:
      - keep-alive
      Content-Length:
      - '0'
      User-Agent:
      - python/3.7.2 (Windows-10-10.0.18362-SP0) azure-core/0.0.1 azsdk-python-azure-keyvault/7.0
    method: DELETE
    uri: https://vaultf75a0e1e.vault.azure.net/deletedkeys/keyprg4f75a0e1e?api-version=7.0
  response:
    body:
      string: ''
    headers:
      cache-control:
      - no-cache
      date:
      - Tue, 28 May 2019 23:55:30 GMT
      expires:
      - '-1'
      pragma:
      - no-cache
      server:
      - Microsoft-IIS/10.0
      strict-transport-security:
      - max-age=31536000;includeSubDomains
      x-aspnet-version:
      - 4.0.30319
      x-content-type-options:
      - nosniff
      x-ms-keyvault-network-info:
      - addr=131.107.147.26;act_addr_fam=InterNetwork;
      x-ms-keyvault-region:
      - westus
      x-ms-keyvault-service-version:
      - 1.1.0.866
      x-powered-by:
      - ASP.NET
    status:
      code: 204
      message: No Content
- request:
    body: null
    headers:
      Accept:
      - '*/*'
      Accept-Encoding:
      - gzip, deflate
      Connection:
      - keep-alive
      Content-Length:
      - '0'
      User-Agent:
      - python/3.7.2 (Windows-10-10.0.18362-SP0) azure-core/0.0.1 azsdk-python-azure-keyvault/7.0
    method: DELETE
    uri: https://vaultf75a0e1e.vault.azure.net/deletedkeys/keyprg5f75a0e1e?api-version=7.0
  response:
    body:
      string: ''
    headers:
      cache-control:
      - no-cache
      date:
      - Tue, 28 May 2019 23:55:30 GMT
      expires:
      - '-1'
      pragma:
      - no-cache
      server:
      - Microsoft-IIS/10.0
      strict-transport-security:
      - max-age=31536000;includeSubDomains
      x-aspnet-version:
      - 4.0.30319
      x-content-type-options:
      - nosniff
      x-ms-keyvault-network-info:
      - addr=131.107.147.26;act_addr_fam=InterNetwork;
      x-ms-keyvault-region:
      - westus
      x-ms-keyvault-service-version:
      - 1.1.0.866
      x-powered-by:
      - ASP.NET
    status:
      code: 204
      message: No Content
- request:
    body: null
    headers:
      Accept:
      - '*/*'
      Accept-Encoding:
      - gzip, deflate
      Connection:
      - keep-alive
      Content-Length:
      - '0'
      User-Agent:
      - python/3.7.2 (Windows-10-10.0.18362-SP0) azure-core/0.0.1 azsdk-python-azure-keyvault/7.0
    method: DELETE
    uri: https://vaultf75a0e1e.vault.azure.net/deletedkeys/keyprg6f75a0e1e?api-version=7.0
  response:
    body:
      string: ''
    headers:
      cache-control:
      - no-cache
      date:
      - Tue, 28 May 2019 23:55:30 GMT
      expires:
      - '-1'
      pragma:
      - no-cache
      server:
      - Microsoft-IIS/10.0
      strict-transport-security:
      - max-age=31536000;includeSubDomains
      x-aspnet-version:
      - 4.0.30319
      x-content-type-options:
      - nosniff
      x-ms-keyvault-network-info:
      - addr=131.107.147.26;act_addr_fam=InterNetwork;
      x-ms-keyvault-region:
      - westus
      x-ms-keyvault-service-version:
      - 1.1.0.866
      x-powered-by:
      - ASP.NET
    status:
      code: 204
      message: No Content
- request:
    body: null
    headers:
      Accept:
      - application/json
      Accept-Encoding:
      - gzip, deflate
      Connection:
      - keep-alive
      User-Agent:
      - python/3.7.2 (Windows-10-10.0.18362-SP0) azure-core/0.0.1 azsdk-python-azure-keyvault/7.0
    method: GET
    uri: https://vaultf75a0e1e.vault.azure.net/keys/keyrec0f75a0e1e/?api-version=7.0
  response:
    body:
      string: '{"error":{"code":"KeyNotFound","message":"Key not found: keyrec0f75a0e1e"}}'
    headers:
      cache-control:
      - no-cache
      content-length:
      - '75'
      content-type:
      - application/json; charset=utf-8
      date:
      - Tue, 28 May 2019 23:55:31 GMT
      expires:
      - '-1'
      pragma:
      - no-cache
      server:
      - Microsoft-IIS/10.0
      strict-transport-security:
      - max-age=31536000;includeSubDomains
      x-aspnet-version:
      - 4.0.30319
      x-content-type-options:
      - nosniff
      x-ms-keyvault-network-info:
      - addr=131.107.147.26;act_addr_fam=InterNetwork;
      x-ms-keyvault-region:
      - westus
      x-ms-keyvault-service-version:
      - 1.1.0.866
      x-powered-by:
      - ASP.NET
    status:
      code: 404
      message: Not Found
version: 1
