{
  "Entries": [
    {
      "RequestUri": "https://fakeendpoint.cognitiveservices.azure.com/personalizer/featureImportances/b33075be-f29a-4db8-b8ed-5a8cb15358be?api-version=2022-09-01-preview",
      "RequestMethod": "PUT",
      "RequestHeaders": {
        "Accept": "application/json",
        "Accept-Encoding": "gzip, deflate",
        "Content-Length": "91",
        "Content-Type": "application/json",
        "User-Agent": "azsdk-python-ai-personalizer/1.0.0b1 Python/3.9.13 (Windows-10-10.0.22621-SP0)"
      },
      "RequestBody": {
        "name": "python_sdk_test_feature_imp",
        "startTime": "2022-09-20",
        "endTime": "2022-09-30"
      },
      "StatusCode": 200,
      "ResponseHeaders": {
        "apim-request-id": "f83e7bfa-46cc-4840-a20d-6dd9355463ca",
        "Cache-Control": "no-store, must-revalidate, no-cache",
        "Content-Length": "0",
        "Date": "Thu, 03 Nov 2022 00:02:40 GMT",
        "Expires": "0",
        "Pragma": "no-cache",
        "Strict-Transport-Security": "max-age=31536000; includeSubDomains; preload",
        "timing-allow-origin": "*",
        "X-Content-Type-Options": "nosniff",
        "x-envoy-upstream-service-time": "977",
        "x-ms-region": "East US 2 EUAP"
      },
      "ResponseBody": null
    },
    {
      "RequestUri": "https://fakeendpoint.cognitiveservices.azure.com/personalizer/featureImportances/b33075be-f29a-4db8-b8ed-5a8cb15358be?api-version=2022-09-01-preview",
      "RequestMethod": "GET",
      "RequestHeaders": {
        "Accept": "application/json",
        "Accept-Encoding": "gzip, deflate",
        "User-Agent": "azsdk-python-ai-personalizer/1.0.0b1 Python/3.9.13 (Windows-10-10.0.22621-SP0)"
      },
      "RequestBody": null,
      "StatusCode": 200,
      "ResponseHeaders": {
        "apim-request-id": "f8cf5d77-965b-47dc-94c9-425d36188364",
        "Cache-Control": "no-store, must-revalidate, no-cache",
        "Content-Length": "263",
        "Content-Type": "application/json; charset=utf-8",
        "Date": "Thu, 03 Nov 2022 00:02:40 GMT",
        "Expires": "0",
        "Pragma": "no-cache",
        "Strict-Transport-Security": "max-age=31536000; includeSubDomains; preload",
        "timing-allow-origin": "*",
        "X-Content-Type-Options": "nosniff",
        "x-envoy-upstream-service-time": "161",
        "x-ms-region": "East US 2 EUAP"
      },
      "ResponseBody": {
        "id": "b33075be-f29a-4db8-b8ed-5a8cb15358be",
        "name": "python_sdk_test_feature_imp",
        "startTime": "2022-09-20T00:00:00Z",
        "endTime": "2022-09-30T00:00:00Z",
        "creationTime": "2022-11-03T00:02:39.4321177Z",
        "status": "Running",
        "featureScores": []
      }
    },
    {
      "RequestUri": "https://fakeendpoint.cognitiveservices.azure.com/personalizer/featureImportances/b33075be-f29a-4db8-b8ed-5a8cb15358be?api-version=2022-09-01-preview",
      "RequestMethod": "GET",
      "RequestHeaders": {
        "Accept": "application/json",
        "Accept-Encoding": "gzip, deflate",
        "User-Agent": "azsdk-python-ai-personalizer/1.0.0b1 Python/3.9.13 (Windows-10-10.0.22621-SP0)"
      },
      "RequestBody": null,
      "StatusCode": 200,
      "ResponseHeaders": {
        "apim-request-id": "85b7e504-a845-474b-9b22-dfe2fe99f28f",
        "Cache-Control": "no-store, must-revalidate, no-cache",
        "Content-Length": "4029",
        "Content-Type": "application/json; charset=utf-8",
        "Date": "Thu, 03 Nov 2022 00:03:40 GMT",
        "Expires": "0",
        "Pragma": "no-cache",
        "Strict-Transport-Security": "max-age=31536000; includeSubDomains; preload",
        "timing-allow-origin": "*",
        "X-Content-Type-Options": "nosniff",
        "x-envoy-upstream-service-time": "57",
        "x-ms-region": "East US 2 EUAP"
      },
      "ResponseBody": {
        "id": "b33075be-f29a-4db8-b8ed-5a8cb15358be",
        "name": "python_sdk_test_feature_imp",
        "startTime": "2022-09-20T00:00:00Z",
        "endTime": "2022-09-30T00:00:00Z",
        "creationTime": "2022-11-03T00:02:39.4321177Z",
        "status": "Succeeded",
        "featureScores": [
          {
            "namespace": "content",
            "featureName": "videoType",
            "score": 1.0
          },
          {
            "namespace": "FromUrl",
            "featureName": "isPayingUser",
            "score": 1.0
          },
          {
            "namespace": "FromUrl",
            "featureName": "favoriteGenre",
            "score": 1.0
          },
          {
            "namespace": "content",
            "featureName": "director",
            "score": 1.0
          },
          {
            "namespace": "recentActivity",
            "featureName": "itemsInCart",
            "score": 1.0
          },
          {
            "namespace": "content",
            "featureName": "isPayingUser",
            "score": 1.0
          },
          {
            "namespace": "features",
            "featureName": "day",
            "score": 1.0
          },
          {
            "namespace": "Features",
            "featureName": "time",
            "score": 1.0
          },
          {
            "namespace": "FromUrl",
            "featureName": "hoursOnSite",
            "score": 1.0
          },
          {
            "namespace": "j",
            "featureName": "videoType",
            "score": 1.0
          },
          {
            "namespace": "content",
            "featureName": "hoursOnSite",
            "score": 1.0
          },
          {
            "namespace": "features",
            "featureName": "weather",
            "score": 1.0
          },
          {
            "namespace": "Features",
            "featureName": "lastWatchedType",
            "score": 1.0
          },
          {
            "namespace": "Features",
            "featureName": "favoriteGenre",
            "score": 1.0
          },
          {
            "namespace": "Features",
            "featureName": "weather",
            "score": 1.0
          },
          {
            "namespace": "content",
            "featureName": "mostWatchedByAge",
            "score": 1.0
          },
          {
            "namespace": "j",
            "featureName": "director",
            "score": 1.0
          },
          {
            "namespace": "Features",
            "featureName": "day",
            "score": 1.0
          },
          {
            "namespace": "content",
            "featureName": "lastWatchedType",
            "score": 1.0
          },
          {
            "namespace": "device",
            "featureName": "windows",
            "score": 1.0
          },
          {
            "namespace": "currentFeatures",
            "featureName": "day",
            "score": 1.0
          },
          {
            "namespace": "Features",
            "featureName": "payingUser",
            "score": 1.0
          },
          {
            "namespace": "Features",
            "featureName": "hoursOnSite",
            "score": 1.0
          },
          {
            "namespace": "j",
            "featureName": "videoLength",
            "score": 1.0
          },
          {
            "namespace": "currentFeatures",
            "featureName": "weather",
            "score": 1.0
          },
          {
            "namespace": "FromUrl",
            "featureName": "lastWatchedType",
            "score": 1.0
          },
          {
            "namespace": "content",
            "featureName": "payingUser",
            "score": 1.0
          },
          {
            "namespace": "j",
            "featureName": "mostWatchedByAge",
            "score": 1.0
          },
          {
            "namespace": "FromUrl",
            "featureName": "payingUser",
            "score": 1.0
          },
          {
            "namespace": "device",
            "featureName": "mobile",
            "score": 1.0
          },
          {
            "namespace": "content",
            "featureName": "favoriteGenre",
            "score": 1.0
          },
          {
            "namespace": "content",
            "featureName": "videoLength",
            "score": 1.0
          },
          {
            "namespace": "user",
            "featureName": "profileType",
            "score": 0.0
          },
          {
            "namespace": "j",
            "featureName": "type",
            "score": 0.0
          },
          {
            "namespace": "environment",
            "featureName": "dayOfMonth",
            "score": 0.0
          },
          {
            "namespace": "environment",
            "featureName": "monthOfYear",
            "score": 0.0
          },
          {
            "namespace": "user",
            "featureName": "latLong",
            "score": 0.0
          },
          {
            "namespace": "i",
            "featureName": "id",
            "score": 0.0
          },
          {
            "namespace": "environment",
            "featureName": "weather",
            "score": 0.0
          }
        ]
      }
    },
    {
      "RequestUri": "https://fakeendpoint.cognitiveservices.azure.com/personalizer/featureImportances/b33075be-f29a-4db8-b8ed-5a8cb15358be?api-version=2022-09-01-preview",
      "RequestMethod": "GET",
      "RequestHeaders": {
        "Accept": "application/json",
        "Accept-Encoding": "gzip, deflate",
        "User-Agent": "azsdk-python-ai-personalizer/1.0.0b1 Python/3.9.13 (Windows-10-10.0.22621-SP0)"
      },
      "RequestBody": null,
      "StatusCode": 200,
      "ResponseHeaders": {
        "apim-request-id": "3e1dacf8-32f2-4563-b1c3-dfa186c08b3d",
        "Cache-Control": "no-store, must-revalidate, no-cache",
        "Content-Length": "4029",
        "Content-Type": "application/json; charset=utf-8",
        "Date": "Thu, 03 Nov 2022 00:03:40 GMT",
        "Expires": "0",
        "Pragma": "no-cache",
        "Strict-Transport-Security": "max-age=31536000; includeSubDomains; preload",
        "timing-allow-origin": "*",
        "X-Content-Type-Options": "nosniff",
        "x-envoy-upstream-service-time": "32",
        "x-ms-region": "East US 2 EUAP"
      },
      "ResponseBody": {
        "id": "b33075be-f29a-4db8-b8ed-5a8cb15358be",
        "name": "python_sdk_test_feature_imp",
        "startTime": "2022-09-20T00:00:00Z",
        "endTime": "2022-09-30T00:00:00Z",
        "creationTime": "2022-11-03T00:02:39.4321177Z",
        "status": "Succeeded",
        "featureScores": [
          {
            "namespace": "content",
            "featureName": "videoType",
            "score": 1.0
          },
          {
            "namespace": "FromUrl",
            "featureName": "isPayingUser",
            "score": 1.0
          },
          {
            "namespace": "FromUrl",
            "featureName": "favoriteGenre",
            "score": 1.0
          },
          {
            "namespace": "content",
            "featureName": "director",
            "score": 1.0
          },
          {
            "namespace": "recentActivity",
            "featureName": "itemsInCart",
            "score": 1.0
          },
          {
            "namespace": "content",
            "featureName": "isPayingUser",
            "score": 1.0
          },
          {
            "namespace": "features",
            "featureName": "day",
            "score": 1.0
          },
          {
            "namespace": "Features",
            "featureName": "time",
            "score": 1.0
          },
          {
            "namespace": "FromUrl",
            "featureName": "hoursOnSite",
            "score": 1.0
          },
          {
            "namespace": "j",
            "featureName": "videoType",
            "score": 1.0
          },
          {
            "namespace": "content",
            "featureName": "hoursOnSite",
            "score": 1.0
          },
          {
            "namespace": "features",
            "featureName": "weather",
            "score": 1.0
          },
          {
            "namespace": "Features",
            "featureName": "lastWatchedType",
            "score": 1.0
          },
          {
            "namespace": "Features",
            "featureName": "favoriteGenre",
            "score": 1.0
          },
          {
            "namespace": "Features",
            "featureName": "weather",
            "score": 1.0
          },
          {
            "namespace": "content",
            "featureName": "mostWatchedByAge",
            "score": 1.0
          },
          {
            "namespace": "j",
            "featureName": "director",
            "score": 1.0
          },
          {
            "namespace": "Features",
            "featureName": "day",
            "score": 1.0
          },
          {
            "namespace": "content",
            "featureName": "lastWatchedType",
            "score": 1.0
          },
          {
            "namespace": "device",
            "featureName": "windows",
            "score": 1.0
          },
          {
            "namespace": "currentFeatures",
            "featureName": "day",
            "score": 1.0
          },
          {
            "namespace": "Features",
            "featureName": "payingUser",
            "score": 1.0
          },
          {
            "namespace": "Features",
            "featureName": "hoursOnSite",
            "score": 1.0
          },
          {
            "namespace": "j",
            "featureName": "videoLength",
            "score": 1.0
          },
          {
            "namespace": "currentFeatures",
            "featureName": "weather",
            "score": 1.0
          },
          {
            "namespace": "FromUrl",
            "featureName": "lastWatchedType",
            "score": 1.0
          },
          {
            "namespace": "content",
            "featureName": "payingUser",
            "score": 1.0
          },
          {
            "namespace": "j",
            "featureName": "mostWatchedByAge",
            "score": 1.0
          },
          {
            "namespace": "FromUrl",
            "featureName": "payingUser",
            "score": 1.0
          },
          {
            "namespace": "device",
            "featureName": "mobile",
            "score": 1.0
          },
          {
            "namespace": "content",
            "featureName": "favoriteGenre",
            "score": 1.0
          },
          {
            "namespace": "content",
            "featureName": "videoLength",
            "score": 1.0
          },
          {
            "namespace": "user",
            "featureName": "profileType",
            "score": 0.0
          },
          {
            "namespace": "j",
            "featureName": "type",
            "score": 0.0
          },
          {
            "namespace": "environment",
            "featureName": "dayOfMonth",
            "score": 0.0
          },
          {
            "namespace": "environment",
            "featureName": "monthOfYear",
            "score": 0.0
          },
          {
            "namespace": "user",
            "featureName": "latLong",
            "score": 0.0
          },
          {
            "namespace": "i",
            "featureName": "id",
            "score": 0.0
          },
          {
            "namespace": "environment",
            "featureName": "weather",
            "score": 0.0
          }
        ]
      }
    },
    {
      "RequestUri": "https://fakeendpoint.cognitiveservices.azure.com/personalizer/featureImportances/b33075be-f29a-4db8-b8ed-5a8cb15358be?api-version=2022-09-01-preview",
      "RequestMethod": "DELETE",
      "RequestHeaders": {
        "Accept": "application/json",
        "Accept-Encoding": "gzip, deflate",
        "Content-Length": "0",
        "User-Agent": "azsdk-python-ai-personalizer/1.0.0b1 Python/3.9.13 (Windows-10-10.0.22621-SP0)"
      },
      "RequestBody": null,
      "StatusCode": 204,
      "ResponseHeaders": {
        "apim-request-id": "b23b33bd-2c56-46b3-bae3-b8677d0cbfc3",
        "Cache-Control": "no-store, must-revalidate, no-cache",
        "Content-Length": "0",
        "Date": "Thu, 03 Nov 2022 00:03:40 GMT",
        "Expires": "0",
        "Pragma": "no-cache",
        "Strict-Transport-Security": "max-age=31536000; includeSubDomains; preload",
        "timing-allow-origin": "*",
        "X-Content-Type-Options": "nosniff",
        "x-envoy-upstream-service-time": "289",
        "x-ms-region": "East US 2 EUAP"
      },
      "ResponseBody": null
    }
  ],
  "Variables": {}
}
