{
  "Entries": [
    {
      "RequestUri": "https://fakeendpoint.cognitiveservices.azure.com/personalizer/featureImportances/ec5e02b9-2769-44cd-8cfe-6af2897f3120?api-version=2022-09-01-preview",
      "RequestMethod": "PUT",
      "RequestHeaders": {
        "Accept": "application/json",
        "Accept-Encoding": "gzip, deflate",
        "Content-Length": "91",
        "Content-Type": "application/json",
        "User-Agent": "azsdk-python-ai-personalizer/1.0.0b1 Python/3.9.13 (Windows-10-10.0.22621-SP0)"
      },
      "RequestBody": {
        "name": "python_sdk_test_feature_imp",
        "startTime": "2022-09-20",
        "endTime": "2022-09-30"
      },
      "StatusCode": 200,
      "ResponseHeaders": {
        "apim-request-id": "813cdcbf-d520-488c-8e96-383b526d381f",
        "Cache-Control": "no-store, must-revalidate, no-cache",
        "Content-Length": "0",
        "Date": "Tue, 01 Nov 2022 20:35:31 GMT",
        "Expires": "0",
        "Pragma": "no-cache",
        "Strict-Transport-Security": "max-age=31536000; includeSubDomains; preload",
        "timing-allow-origin": "*",
        "X-Content-Type-Options": "nosniff",
        "x-envoy-upstream-service-time": "1538",
        "x-ms-region": "East US 2 EUAP"
      },
      "ResponseBody": null
    },
    {
      "RequestUri": "https://fakeendpoint.cognitiveservices.azure.com/personalizer/featureImportances/ec5e02b9-2769-44cd-8cfe-6af2897f3120?api-version=2022-09-01-preview",
      "RequestMethod": "GET",
      "RequestHeaders": {
        "Accept": "application/json",
        "Accept-Encoding": "gzip, deflate",
        "User-Agent": "azsdk-python-ai-personalizer/1.0.0b1 Python/3.9.13 (Windows-10-10.0.22621-SP0)"
      },
      "RequestBody": null,
      "StatusCode": 200,
      "ResponseHeaders": {
        "apim-request-id": "d4030efb-b5fb-47e9-bff4-a5a4fab58493",
        "Cache-Control": "no-store, must-revalidate, no-cache",
        "Content-Length": "263",
        "Content-Type": "application/json; charset=utf-8",
        "Date": "Tue, 01 Nov 2022 20:35:31 GMT",
        "Expires": "0",
        "Pragma": "no-cache",
        "Strict-Transport-Security": "max-age=31536000; includeSubDomains; preload",
        "timing-allow-origin": "*",
        "X-Content-Type-Options": "nosniff",
        "x-envoy-upstream-service-time": "186",
        "x-ms-region": "East US 2 EUAP"
      },
      "ResponseBody": {
        "id": "ec5e02b9-2769-44cd-8cfe-6af2897f3120",
        "name": "python_sdk_test_feature_imp",
        "startTime": "2022-09-20T00:00:00Z",
        "endTime": "2022-09-30T00:00:00Z",
        "creationTime": "2022-11-01T20:35:30.6780165Z",
        "status": "Running",
        "featureScores": []
      }
    },
    {
      "RequestUri": "https://fakeendpoint.cognitiveservices.azure.com/personalizer/featureImportances/ec5e02b9-2769-44cd-8cfe-6af2897f3120?api-version=2022-09-01-preview",
      "RequestMethod": "GET",
      "RequestHeaders": {
        "Accept": "application/json",
        "Accept-Encoding": "gzip, deflate",
        "User-Agent": "azsdk-python-ai-personalizer/1.0.0b1 Python/3.9.13 (Windows-10-10.0.22621-SP0)"
      },
      "RequestBody": null,
      "StatusCode": 200,
      "ResponseHeaders": {
        "apim-request-id": "73786f25-dade-4c1e-852d-4fc8dfcdb275",
        "Cache-Control": "no-store, must-revalidate, no-cache",
        "Content-Length": "4029",
        "Content-Type": "application/json; charset=utf-8",
        "Date": "Tue, 01 Nov 2022 20:36:32 GMT",
        "Expires": "0",
        "Pragma": "no-cache",
        "Strict-Transport-Security": "max-age=31536000; includeSubDomains; preload",
        "timing-allow-origin": "*",
        "X-Content-Type-Options": "nosniff",
        "x-envoy-upstream-service-time": "61",
        "x-ms-region": "East US 2 EUAP"
      },
      "ResponseBody": {
        "id": "ec5e02b9-2769-44cd-8cfe-6af2897f3120",
        "name": "python_sdk_test_feature_imp",
        "startTime": "2022-09-20T00:00:00Z",
        "endTime": "2022-09-30T00:00:00Z",
        "creationTime": "2022-11-01T20:35:30.6780165Z",
        "status": "Succeeded",
        "featureScores": [
          {
            "namespace": "content",
            "featureName": "videoType",
            "score": 1.0
          },
          {
            "namespace": "FromUrl",
            "featureName": "isPayingUser",
            "score": 1.0
          },
          {
            "namespace": "FromUrl",
            "featureName": "favoriteGenre",
            "score": 1.0
          },
          {
            "namespace": "content",
            "featureName": "director",
            "score": 1.0
          },
          {
            "namespace": "recentActivity",
            "featureName": "itemsInCart",
            "score": 1.0
          },
          {
            "namespace": "content",
            "featureName": "isPayingUser",
            "score": 1.0
          },
          {
            "namespace": "features",
            "featureName": "day",
            "score": 1.0
          },
          {
            "namespace": "Features",
            "featureName": "time",
            "score": 1.0
          },
          {
            "namespace": "FromUrl",
            "featureName": "hoursOnSite",
            "score": 1.0
          },
          {
            "namespace": "j",
            "featureName": "videoType",
            "score": 1.0
          },
          {
            "namespace": "content",
            "featureName": "hoursOnSite",
            "score": 1.0
          },
          {
            "namespace": "features",
            "featureName": "weather",
            "score": 1.0
          },
          {
            "namespace": "Features",
            "featureName": "lastWatchedType",
            "score": 1.0
          },
          {
            "namespace": "Features",
            "featureName": "favoriteGenre",
            "score": 1.0
          },
          {
            "namespace": "Features",
            "featureName": "weather",
            "score": 1.0
          },
          {
            "namespace": "content",
            "featureName": "mostWatchedByAge",
            "score": 1.0
          },
          {
            "namespace": "j",
            "featureName": "director",
            "score": 1.0
          },
          {
            "namespace": "Features",
            "featureName": "day",
            "score": 1.0
          },
          {
            "namespace": "content",
            "featureName": "lastWatchedType",
            "score": 1.0
          },
          {
            "namespace": "device",
            "featureName": "windows",
            "score": 1.0
          },
          {
            "namespace": "currentFeatures",
            "featureName": "day",
            "score": 1.0
          },
          {
            "namespace": "Features",
            "featureName": "payingUser",
            "score": 1.0
          },
          {
            "namespace": "Features",
            "featureName": "hoursOnSite",
            "score": 1.0
          },
          {
            "namespace": "j",
            "featureName": "videoLength",
            "score": 1.0
          },
          {
            "namespace": "currentFeatures",
            "featureName": "weather",
            "score": 1.0
          },
          {
            "namespace": "FromUrl",
            "featureName": "lastWatchedType",
            "score": 1.0
          },
          {
            "namespace": "content",
            "featureName": "payingUser",
            "score": 1.0
          },
          {
            "namespace": "j",
            "featureName": "mostWatchedByAge",
            "score": 1.0
          },
          {
            "namespace": "FromUrl",
            "featureName": "payingUser",
            "score": 1.0
          },
          {
            "namespace": "device",
            "featureName": "mobile",
            "score": 1.0
          },
          {
            "namespace": "content",
            "featureName": "favoriteGenre",
            "score": 1.0
          },
          {
            "namespace": "content",
            "featureName": "videoLength",
            "score": 1.0
          },
          {
            "namespace": "user",
            "featureName": "profileType",
            "score": 0.0
          },
          {
            "namespace": "j",
            "featureName": "type",
            "score": 0.0
          },
          {
            "namespace": "environment",
            "featureName": "dayOfMonth",
            "score": 0.0
          },
          {
            "namespace": "environment",
            "featureName": "monthOfYear",
            "score": 0.0
          },
          {
            "namespace": "user",
            "featureName": "latLong",
            "score": 0.0
          },
          {
            "namespace": "i",
            "featureName": "id",
            "score": 0.0
          },
          {
            "namespace": "environment",
            "featureName": "weather",
            "score": 0.0
          }
        ]
      }
    },
    {
      "RequestUri": "https://fakeendpoint.cognitiveservices.azure.com/personalizer/featureImportances/ec5e02b9-2769-44cd-8cfe-6af2897f3120?api-version=2022-09-01-preview",
      "RequestMethod": "GET",
      "RequestHeaders": {
        "Accept": "application/json",
        "Accept-Encoding": "gzip, deflate",
        "User-Agent": "azsdk-python-ai-personalizer/1.0.0b1 Python/3.9.13 (Windows-10-10.0.22621-SP0)"
      },
      "RequestBody": null,
      "StatusCode": 200,
      "ResponseHeaders": {
        "apim-request-id": "639e69f6-a3dc-439e-8c20-ed2236ab81b5",
        "Cache-Control": "no-store, must-revalidate, no-cache",
        "Content-Length": "4029",
        "Content-Type": "application/json; charset=utf-8",
        "Date": "Tue, 01 Nov 2022 20:36:32 GMT",
        "Expires": "0",
        "Pragma": "no-cache",
        "Strict-Transport-Security": "max-age=31536000; includeSubDomains; preload",
        "timing-allow-origin": "*",
        "X-Content-Type-Options": "nosniff",
        "x-envoy-upstream-service-time": "40",
        "x-ms-region": "East US 2 EUAP"
      },
      "ResponseBody": {
        "id": "ec5e02b9-2769-44cd-8cfe-6af2897f3120",
        "name": "python_sdk_test_feature_imp",
        "startTime": "2022-09-20T00:00:00Z",
        "endTime": "2022-09-30T00:00:00Z",
        "creationTime": "2022-11-01T20:35:30.6780165Z",
        "status": "Succeeded",
        "featureScores": [
          {
            "namespace": "content",
            "featureName": "videoType",
            "score": 1.0
          },
          {
            "namespace": "FromUrl",
            "featureName": "isPayingUser",
            "score": 1.0
          },
          {
            "namespace": "FromUrl",
            "featureName": "favoriteGenre",
            "score": 1.0
          },
          {
            "namespace": "content",
            "featureName": "director",
            "score": 1.0
          },
          {
            "namespace": "recentActivity",
            "featureName": "itemsInCart",
            "score": 1.0
          },
          {
            "namespace": "content",
            "featureName": "isPayingUser",
            "score": 1.0
          },
          {
            "namespace": "features",
            "featureName": "day",
            "score": 1.0
          },
          {
            "namespace": "Features",
            "featureName": "time",
            "score": 1.0
          },
          {
            "namespace": "FromUrl",
            "featureName": "hoursOnSite",
            "score": 1.0
          },
          {
            "namespace": "j",
            "featureName": "videoType",
            "score": 1.0
          },
          {
            "namespace": "content",
            "featureName": "hoursOnSite",
            "score": 1.0
          },
          {
            "namespace": "features",
            "featureName": "weather",
            "score": 1.0
          },
          {
            "namespace": "Features",
            "featureName": "lastWatchedType",
            "score": 1.0
          },
          {
            "namespace": "Features",
            "featureName": "favoriteGenre",
            "score": 1.0
          },
          {
            "namespace": "Features",
            "featureName": "weather",
            "score": 1.0
          },
          {
            "namespace": "content",
            "featureName": "mostWatchedByAge",
            "score": 1.0
          },
          {
            "namespace": "j",
            "featureName": "director",
            "score": 1.0
          },
          {
            "namespace": "Features",
            "featureName": "day",
            "score": 1.0
          },
          {
            "namespace": "content",
            "featureName": "lastWatchedType",
            "score": 1.0
          },
          {
            "namespace": "device",
            "featureName": "windows",
            "score": 1.0
          },
          {
            "namespace": "currentFeatures",
            "featureName": "day",
            "score": 1.0
          },
          {
            "namespace": "Features",
            "featureName": "payingUser",
            "score": 1.0
          },
          {
            "namespace": "Features",
            "featureName": "hoursOnSite",
            "score": 1.0
          },
          {
            "namespace": "j",
            "featureName": "videoLength",
            "score": 1.0
          },
          {
            "namespace": "currentFeatures",
            "featureName": "weather",
            "score": 1.0
          },
          {
            "namespace": "FromUrl",
            "featureName": "lastWatchedType",
            "score": 1.0
          },
          {
            "namespace": "content",
            "featureName": "payingUser",
            "score": 1.0
          },
          {
            "namespace": "j",
            "featureName": "mostWatchedByAge",
            "score": 1.0
          },
          {
            "namespace": "FromUrl",
            "featureName": "payingUser",
            "score": 1.0
          },
          {
            "namespace": "device",
            "featureName": "mobile",
            "score": 1.0
          },
          {
            "namespace": "content",
            "featureName": "favoriteGenre",
            "score": 1.0
          },
          {
            "namespace": "content",
            "featureName": "videoLength",
            "score": 1.0
          },
          {
            "namespace": "user",
            "featureName": "profileType",
            "score": 0.0
          },
          {
            "namespace": "j",
            "featureName": "type",
            "score": 0.0
          },
          {
            "namespace": "environment",
            "featureName": "dayOfMonth",
            "score": 0.0
          },
          {
            "namespace": "environment",
            "featureName": "monthOfYear",
            "score": 0.0
          },
          {
            "namespace": "user",
            "featureName": "latLong",
            "score": 0.0
          },
          {
            "namespace": "i",
            "featureName": "id",
            "score": 0.0
          },
          {
            "namespace": "environment",
            "featureName": "weather",
            "score": 0.0
          }
        ]
      }
    },
    {
      "RequestUri": "https://fakeendpoint.cognitiveservices.azure.com/personalizer/featureImportances/ec5e02b9-2769-44cd-8cfe-6af2897f3120?api-version=2022-09-01-preview",
      "RequestMethod": "DELETE",
      "RequestHeaders": {
        "Accept": "application/json",
        "Accept-Encoding": "gzip, deflate",
        "Content-Length": "0",
        "User-Agent": "azsdk-python-ai-personalizer/1.0.0b1 Python/3.9.13 (Windows-10-10.0.22621-SP0)"
      },
      "RequestBody": null,
      "StatusCode": 204,
      "ResponseHeaders": {
        "apim-request-id": "4d7ff21a-35ca-4bcb-983f-8fa49b89088b",
        "Cache-Control": "no-store, must-revalidate, no-cache",
        "Content-Length": "0",
        "Date": "Tue, 01 Nov 2022 20:36:33 GMT",
        "Expires": "0",
        "Pragma": "no-cache",
        "Strict-Transport-Security": "max-age=31536000; includeSubDomains; preload",
        "timing-allow-origin": "*",
        "X-Content-Type-Options": "nosniff",
        "x-envoy-upstream-service-time": "340",
        "x-ms-region": "East US 2 EUAP"
      },
      "ResponseBody": null
    }
  ],
  "Variables": {}
}
