{
  "Entries": [
    {
      "RequestUri": "https://management.azure.com/subscriptions/00000000-0000-0000-0000-000000000/resourceGroups/00000/providers/Microsoft.MachineLearningServices/registries/test336118251216?api-version=2022-10-01-preview",
      "RequestMethod": "PUT",
      "RequestHeaders": {
        "Accept": "application/json",
        "Accept-Encoding": "gzip, deflate",
        "Connection": "keep-alive",
        "Content-Length": "447",
        "Content-Type": "application/json",
        "User-Agent": "azure-ai-ml/1.1.0 azsdk-python-mgmt-machinelearningservices/0.1.0 Python/3.8.10 (Linux-5.10.102.1-microsoft-standard-WSL2-x86_64-with-glibc2.29)"
      },
      "RequestBody": {
        "tags": {
          "one": "two",
          "three": "five"
        },
        "location": "WestCentralUS",
        "identity": {
          "type": "SystemAssigned"
        },
        "properties": {
          "regionDetails": [
            {
              "acrDetails": [
                {
                  "systemCreatedAcrAccount": {
                    "acrAccountSku": "Premium"
                  }
                }
              ],
              "location": "WestCentralUS",
              "storageAccountDetails": [
                {
                  "systemCreatedStorageAccount": {
                    "storageAccountHnsEnabled": false,
                    "storageAccountType": "standard_lrs"
                  }
                }
              ]
            }
          ],
          "managedResourceGroupTags": {
            "one": "two",
            "three": "five"
          }
        }
      },
      "StatusCode": 202,
      "ResponseHeaders": {
        "Azure-AsyncOperation": "https://management.azure.com/subscriptions/00000000-0000-0000-0000-000000000/providers/Microsoft.MachineLearningServices/locations/WestCentralUS/registryOperationsStatus/318f32b3-3d3e-40ac-9e3a-6859b1f9c51e?api-version=2022-10-01-preview\u0026type=async",
        "Cache-Control": "no-cache",
        "Content-Length": "0",
        "Date": "Tue, 25 Oct 2022 16:59:55 GMT",
        "Expires": "-1",
        "Location": "https://management.azure.com/subscriptions/00000000-0000-0000-0000-000000000/providers/Microsoft.MachineLearningServices/locations/WestCentralUS/registryOperationsStatus/318f32b3-3d3e-40ac-9e3a-6859b1f9c51e?api-version=2022-10-01-preview\u0026type=location",
        "Pragma": "no-cache",
        "Request-Context": "appId=cid-v1:2d2e8e63-272e-4b3c-8598-4ee570a0e70d",
        "Strict-Transport-Security": "max-age=31536000; includeSubDomains",
        "x-aml-cluster": "vienna-westcentralus-01",
        "X-Content-Type-Options": "nosniff",
        "x-ms-correlation-request-id": "5e738648-1520-43fb-ac60-faceb4dc7f03",
        "x-ms-ratelimit-remaining-subscription-writes": "1199",
        "x-ms-response-type": "standard",
        "x-ms-routing-request-id": "CANADACENTRAL:20221025T165955Z:5e738648-1520-43fb-ac60-faceb4dc7f03",
        "x-request-time": "0.106"
      },
      "ResponseBody": null
    },
    {
      "RequestUri": "https://management.azure.com/subscriptions/00000000-0000-0000-0000-000000000/providers/Microsoft.MachineLearningServices/locations/WestCentralUS/registryOperationsStatus/318f32b3-3d3e-40ac-9e3a-6859b1f9c51e?api-version=2022-10-01-preview\u0026type=async",
      "RequestMethod": "GET",
      "RequestHeaders": {
        "Accept": "*/*",
        "Accept-Encoding": "gzip, deflate",
        "Connection": "keep-alive",
        "User-Agent": "azure-ai-ml/1.1.0 azsdk-python-mgmt-machinelearningservices/0.1.0 Python/3.8.10 (Linux-5.10.102.1-microsoft-standard-WSL2-x86_64-with-glibc2.29)"
      },
      "RequestBody": null,
      "StatusCode": 200,
      "ResponseHeaders": {
        "Cache-Control": "no-cache",
        "Content-Encoding": "gzip",
        "Content-Type": "application/json; charset=utf-8",
        "Date": "Tue, 25 Oct 2022 16:59:55 GMT",
        "Expires": "-1",
        "Pragma": "no-cache",
        "Request-Context": "appId=cid-v1:2d2e8e63-272e-4b3c-8598-4ee570a0e70d",
        "Strict-Transport-Security": "max-age=31536000; includeSubDomains",
        "Transfer-Encoding": "chunked",
        "Vary": "Accept-Encoding",
        "x-aml-cluster": "vienna-westcentralus-01",
        "X-Content-Type-Options": "nosniff",
        "x-ms-correlation-request-id": "772be109-325f-45ab-bd62-4103be8532f0",
        "x-ms-ratelimit-remaining-subscription-reads": "11999",
        "x-ms-response-type": "standard",
        "x-ms-routing-request-id": "CANADACENTRAL:20221025T165955Z:772be109-325f-45ab-bd62-4103be8532f0",
        "x-request-time": "0.043"
      },
      "ResponseBody": {
        "status": "InProgress"
      }
    },
    {
      "RequestUri": "https://management.azure.com/subscriptions/00000000-0000-0000-0000-000000000/providers/Microsoft.MachineLearningServices/locations/WestCentralUS/registryOperationsStatus/318f32b3-3d3e-40ac-9e3a-6859b1f9c51e?api-version=2022-10-01-preview\u0026type=async",
      "RequestMethod": "GET",
      "RequestHeaders": {
        "Accept": "*/*",
        "Accept-Encoding": "gzip, deflate",
        "Connection": "keep-alive",
        "User-Agent": "azure-ai-ml/1.1.0 azsdk-python-mgmt-machinelearningservices/0.1.0 Python/3.8.10 (Linux-5.10.102.1-microsoft-standard-WSL2-x86_64-with-glibc2.29)"
      },
      "RequestBody": null,
      "StatusCode": 200,
      "ResponseHeaders": {
        "Cache-Control": "no-cache",
        "Content-Encoding": "gzip",
        "Content-Type": "application/json; charset=utf-8",
        "Date": "Tue, 25 Oct 2022 17:00:00 GMT",
        "Expires": "-1",
        "Pragma": "no-cache",
        "Request-Context": "appId=cid-v1:2d2e8e63-272e-4b3c-8598-4ee570a0e70d",
        "Strict-Transport-Security": "max-age=31536000; includeSubDomains",
        "Transfer-Encoding": "chunked",
        "Vary": "Accept-Encoding",
        "x-aml-cluster": "vienna-westcentralus-01",
        "X-Content-Type-Options": "nosniff",
        "x-ms-correlation-request-id": "b060c8ca-51c1-4b70-b888-8b8c6b9a679c",
        "x-ms-ratelimit-remaining-subscription-reads": "11998",
        "x-ms-response-type": "standard",
        "x-ms-routing-request-id": "CANADACENTRAL:20221025T170001Z:b060c8ca-51c1-4b70-b888-8b8c6b9a679c",
        "x-request-time": "0.042"
      },
      "ResponseBody": {
        "status": "InProgress"
      }
    },
    {
      "RequestUri": "https://management.azure.com/subscriptions/00000000-0000-0000-0000-000000000/providers/Microsoft.MachineLearningServices/locations/WestCentralUS/registryOperationsStatus/318f32b3-3d3e-40ac-9e3a-6859b1f9c51e?api-version=2022-10-01-preview\u0026type=async",
      "RequestMethod": "GET",
      "RequestHeaders": {
        "Accept": "*/*",
        "Accept-Encoding": "gzip, deflate",
        "Connection": "keep-alive",
        "User-Agent": "azure-ai-ml/1.1.0 azsdk-python-mgmt-machinelearningservices/0.1.0 Python/3.8.10 (Linux-5.10.102.1-microsoft-standard-WSL2-x86_64-with-glibc2.29)"
      },
      "RequestBody": null,
      "StatusCode": 200,
      "ResponseHeaders": {
        "Cache-Control": "no-cache",
        "Content-Encoding": "gzip",
        "Content-Type": "application/json; charset=utf-8",
        "Date": "Tue, 25 Oct 2022 17:00:06 GMT",
        "Expires": "-1",
        "Pragma": "no-cache",
        "Request-Context": "appId=cid-v1:2d2e8e63-272e-4b3c-8598-4ee570a0e70d",
        "Strict-Transport-Security": "max-age=31536000; includeSubDomains",
        "Transfer-Encoding": "chunked",
        "Vary": "Accept-Encoding",
        "x-aml-cluster": "vienna-westcentralus-01",
        "X-Content-Type-Options": "nosniff",
        "x-ms-correlation-request-id": "a573da9e-3152-4409-8c60-9a55ee5dcd3c",
        "x-ms-ratelimit-remaining-subscription-reads": "11997",
        "x-ms-response-type": "standard",
        "x-ms-routing-request-id": "CANADACENTRAL:20221025T170006Z:a573da9e-3152-4409-8c60-9a55ee5dcd3c",
        "x-request-time": "0.043"
      },
      "ResponseBody": {
        "status": "InProgress"
      }
    },
    {
      "RequestUri": "https://management.azure.com/subscriptions/00000000-0000-0000-0000-000000000/providers/Microsoft.MachineLearningServices/locations/WestCentralUS/registryOperationsStatus/318f32b3-3d3e-40ac-9e3a-6859b1f9c51e?api-version=2022-10-01-preview\u0026type=async",
      "RequestMethod": "GET",
      "RequestHeaders": {
        "Accept": "*/*",
        "Accept-Encoding": "gzip, deflate",
        "Connection": "keep-alive",
        "User-Agent": "azure-ai-ml/1.1.0 azsdk-python-mgmt-machinelearningservices/0.1.0 Python/3.8.10 (Linux-5.10.102.1-microsoft-standard-WSL2-x86_64-with-glibc2.29)"
      },
      "RequestBody": null,
      "StatusCode": 200,
      "ResponseHeaders": {
        "Cache-Control": "no-cache",
        "Content-Encoding": "gzip",
        "Content-Type": "application/json; charset=utf-8",
        "Date": "Tue, 25 Oct 2022 17:00:11 GMT",
        "Expires": "-1",
        "Pragma": "no-cache",
        "Request-Context": "appId=cid-v1:2d2e8e63-272e-4b3c-8598-4ee570a0e70d",
        "Strict-Transport-Security": "max-age=31536000; includeSubDomains",
        "Transfer-Encoding": "chunked",
        "Vary": "Accept-Encoding",
        "x-aml-cluster": "vienna-westcentralus-01",
        "X-Content-Type-Options": "nosniff",
        "x-ms-correlation-request-id": "c131793a-b86b-439d-bcba-b54cce7d2f6a",
        "x-ms-ratelimit-remaining-subscription-reads": "11996",
        "x-ms-response-type": "standard",
        "x-ms-routing-request-id": "CANADACENTRAL:20221025T170011Z:c131793a-b86b-439d-bcba-b54cce7d2f6a",
        "x-request-time": "0.042"
      },
      "ResponseBody": {
        "status": "InProgress"
      }
    },
    {
      "RequestUri": "https://management.azure.com/subscriptions/00000000-0000-0000-0000-000000000/providers/Microsoft.MachineLearningServices/locations/WestCentralUS/registryOperationsStatus/318f32b3-3d3e-40ac-9e3a-6859b1f9c51e?api-version=2022-10-01-preview\u0026type=async",
      "RequestMethod": "GET",
      "RequestHeaders": {
        "Accept": "*/*",
        "Accept-Encoding": "gzip, deflate",
        "Connection": "keep-alive",
        "User-Agent": "azure-ai-ml/1.1.0 azsdk-python-mgmt-machinelearningservices/0.1.0 Python/3.8.10 (Linux-5.10.102.1-microsoft-standard-WSL2-x86_64-with-glibc2.29)"
      },
      "RequestBody": null,
      "StatusCode": 200,
      "ResponseHeaders": {
        "Cache-Control": "no-cache",
        "Content-Encoding": "gzip",
        "Content-Type": "application/json; charset=utf-8",
        "Date": "Tue, 25 Oct 2022 17:00:16 GMT",
        "Expires": "-1",
        "Pragma": "no-cache",
        "Request-Context": "appId=cid-v1:2d2e8e63-272e-4b3c-8598-4ee570a0e70d",
        "Strict-Transport-Security": "max-age=31536000; includeSubDomains",
        "Transfer-Encoding": "chunked",
        "Vary": "Accept-Encoding",
        "x-aml-cluster": "vienna-westcentralus-01",
        "X-Content-Type-Options": "nosniff",
        "x-ms-correlation-request-id": "35bec8d5-13e7-4486-9eef-7b0b87842ddf",
        "x-ms-ratelimit-remaining-subscription-reads": "11995",
        "x-ms-response-type": "standard",
        "x-ms-routing-request-id": "CANADACENTRAL:20221025T170016Z:35bec8d5-13e7-4486-9eef-7b0b87842ddf",
        "x-request-time": "0.047"
      },
      "ResponseBody": {
        "status": "InProgress"
      }
    },
    {
      "RequestUri": "https://management.azure.com/subscriptions/00000000-0000-0000-0000-000000000/providers/Microsoft.MachineLearningServices/locations/WestCentralUS/registryOperationsStatus/318f32b3-3d3e-40ac-9e3a-6859b1f9c51e?api-version=2022-10-01-preview\u0026type=async",
      "RequestMethod": "GET",
      "RequestHeaders": {
        "Accept": "*/*",
        "Accept-Encoding": "gzip, deflate",
        "Connection": "keep-alive",
        "User-Agent": "azure-ai-ml/1.1.0 azsdk-python-mgmt-machinelearningservices/0.1.0 Python/3.8.10 (Linux-5.10.102.1-microsoft-standard-WSL2-x86_64-with-glibc2.29)"
      },
      "RequestBody": null,
      "StatusCode": 200,
      "ResponseHeaders": {
        "Cache-Control": "no-cache",
        "Content-Encoding": "gzip",
        "Content-Type": "application/json; charset=utf-8",
        "Date": "Tue, 25 Oct 2022 17:00:21 GMT",
        "Expires": "-1",
        "Pragma": "no-cache",
        "Request-Context": "appId=cid-v1:2d2e8e63-272e-4b3c-8598-4ee570a0e70d",
        "Strict-Transport-Security": "max-age=31536000; includeSubDomains",
        "Transfer-Encoding": "chunked",
        "Vary": "Accept-Encoding",
        "x-aml-cluster": "vienna-westcentralus-01",
        "X-Content-Type-Options": "nosniff",
        "x-ms-correlation-request-id": "bd28d2e7-3b7d-4642-8728-702a804f9bb6",
        "x-ms-ratelimit-remaining-subscription-reads": "11994",
        "x-ms-response-type": "standard",
        "x-ms-routing-request-id": "CANADACENTRAL:20221025T170021Z:bd28d2e7-3b7d-4642-8728-702a804f9bb6",
        "x-request-time": "0.043"
      },
      "ResponseBody": {
        "status": "InProgress"
      }
    },
    {
      "RequestUri": "https://management.azure.com/subscriptions/00000000-0000-0000-0000-000000000/providers/Microsoft.MachineLearningServices/locations/WestCentralUS/registryOperationsStatus/318f32b3-3d3e-40ac-9e3a-6859b1f9c51e?api-version=2022-10-01-preview\u0026type=async",
      "RequestMethod": "GET",
      "RequestHeaders": {
        "Accept": "*/*",
        "Accept-Encoding": "gzip, deflate",
        "Connection": "keep-alive",
        "User-Agent": "azure-ai-ml/1.1.0 azsdk-python-mgmt-machinelearningservices/0.1.0 Python/3.8.10 (Linux-5.10.102.1-microsoft-standard-WSL2-x86_64-with-glibc2.29)"
      },
      "RequestBody": null,
      "StatusCode": 200,
      "ResponseHeaders": {
        "Cache-Control": "no-cache",
        "Content-Encoding": "gzip",
        "Content-Type": "application/json; charset=utf-8",
        "Date": "Tue, 25 Oct 2022 17:00:26 GMT",
        "Expires": "-1",
        "Pragma": "no-cache",
        "Request-Context": "appId=cid-v1:2d2e8e63-272e-4b3c-8598-4ee570a0e70d",
        "Strict-Transport-Security": "max-age=31536000; includeSubDomains",
        "Transfer-Encoding": "chunked",
        "Vary": "Accept-Encoding",
        "x-aml-cluster": "vienna-westcentralus-01",
        "X-Content-Type-Options": "nosniff",
        "x-ms-correlation-request-id": "403c2a89-db36-4883-a671-8fdef862c914",
        "x-ms-ratelimit-remaining-subscription-reads": "11993",
        "x-ms-response-type": "standard",
        "x-ms-routing-request-id": "CANADACENTRAL:20221025T170027Z:403c2a89-db36-4883-a671-8fdef862c914",
        "x-request-time": "0.041"
      },
      "ResponseBody": {
        "status": "InProgress"
      }
    },
    {
      "RequestUri": "https://management.azure.com/subscriptions/00000000-0000-0000-0000-000000000/providers/Microsoft.MachineLearningServices/locations/WestCentralUS/registryOperationsStatus/318f32b3-3d3e-40ac-9e3a-6859b1f9c51e?api-version=2022-10-01-preview\u0026type=async",
      "RequestMethod": "GET",
      "RequestHeaders": {
        "Accept": "*/*",
        "Accept-Encoding": "gzip, deflate",
        "Connection": "keep-alive",
        "User-Agent": "azure-ai-ml/1.1.0 azsdk-python-mgmt-machinelearningservices/0.1.0 Python/3.8.10 (Linux-5.10.102.1-microsoft-standard-WSL2-x86_64-with-glibc2.29)"
      },
      "RequestBody": null,
      "StatusCode": 200,
      "ResponseHeaders": {
        "Cache-Control": "no-cache",
        "Content-Encoding": "gzip",
        "Content-Type": "application/json; charset=utf-8",
        "Date": "Tue, 25 Oct 2022 17:00:31 GMT",
        "Expires": "-1",
        "Pragma": "no-cache",
        "Request-Context": "appId=cid-v1:2d2e8e63-272e-4b3c-8598-4ee570a0e70d",
        "Strict-Transport-Security": "max-age=31536000; includeSubDomains",
        "Transfer-Encoding": "chunked",
        "Vary": "Accept-Encoding",
        "x-aml-cluster": "vienna-westcentralus-01",
        "X-Content-Type-Options": "nosniff",
        "x-ms-correlation-request-id": "3b158465-8c5d-46ed-8b8a-75b9caaab261",
        "x-ms-ratelimit-remaining-subscription-reads": "11992",
        "x-ms-response-type": "standard",
        "x-ms-routing-request-id": "CANADACENTRAL:20221025T170032Z:3b158465-8c5d-46ed-8b8a-75b9caaab261",
        "x-request-time": "0.043"
      },
      "ResponseBody": {
        "status": "InProgress"
      }
    },
    {
      "RequestUri": "https://management.azure.com/subscriptions/00000000-0000-0000-0000-000000000/providers/Microsoft.MachineLearningServices/locations/WestCentralUS/registryOperationsStatus/318f32b3-3d3e-40ac-9e3a-6859b1f9c51e?api-version=2022-10-01-preview\u0026type=async",
      "RequestMethod": "GET",
      "RequestHeaders": {
        "Accept": "*/*",
        "Accept-Encoding": "gzip, deflate",
        "Connection": "keep-alive",
        "User-Agent": "azure-ai-ml/1.1.0 azsdk-python-mgmt-machinelearningservices/0.1.0 Python/3.8.10 (Linux-5.10.102.1-microsoft-standard-WSL2-x86_64-with-glibc2.29)"
      },
      "RequestBody": null,
      "StatusCode": 200,
      "ResponseHeaders": {
        "Cache-Control": "no-cache",
        "Content-Encoding": "gzip",
        "Content-Type": "application/json; charset=utf-8",
        "Date": "Tue, 25 Oct 2022 17:00:37 GMT",
        "Expires": "-1",
        "Pragma": "no-cache",
        "Request-Context": "appId=cid-v1:2d2e8e63-272e-4b3c-8598-4ee570a0e70d",
        "Strict-Transport-Security": "max-age=31536000; includeSubDomains",
        "Transfer-Encoding": "chunked",
        "Vary": "Accept-Encoding",
        "x-aml-cluster": "vienna-westcentralus-01",
        "X-Content-Type-Options": "nosniff",
        "x-ms-correlation-request-id": "3e9e7305-2bf9-425b-8938-7170f3d38e77",
        "x-ms-ratelimit-remaining-subscription-reads": "11991",
        "x-ms-response-type": "standard",
        "x-ms-routing-request-id": "CANADACENTRAL:20221025T170037Z:3e9e7305-2bf9-425b-8938-7170f3d38e77",
        "x-request-time": "0.044"
      },
      "ResponseBody": {
        "status": "InProgress"
      }
    },
    {
      "RequestUri": "https://management.azure.com/subscriptions/00000000-0000-0000-0000-000000000/providers/Microsoft.MachineLearningServices/locations/WestCentralUS/registryOperationsStatus/318f32b3-3d3e-40ac-9e3a-6859b1f9c51e?api-version=2022-10-01-preview\u0026type=async",
      "RequestMethod": "GET",
      "RequestHeaders": {
        "Accept": "*/*",
        "Accept-Encoding": "gzip, deflate",
        "Connection": "keep-alive",
        "User-Agent": "azure-ai-ml/1.1.0 azsdk-python-mgmt-machinelearningservices/0.1.0 Python/3.8.10 (Linux-5.10.102.1-microsoft-standard-WSL2-x86_64-with-glibc2.29)"
      },
      "RequestBody": null,
      "StatusCode": 200,
      "ResponseHeaders": {
        "Cache-Control": "no-cache",
        "Content-Encoding": "gzip",
        "Content-Type": "application/json; charset=utf-8",
        "Date": "Tue, 25 Oct 2022 17:00:42 GMT",
        "Expires": "-1",
        "Pragma": "no-cache",
        "Request-Context": "appId=cid-v1:2d2e8e63-272e-4b3c-8598-4ee570a0e70d",
        "Strict-Transport-Security": "max-age=31536000; includeSubDomains",
        "Transfer-Encoding": "chunked",
        "Vary": "Accept-Encoding",
        "x-aml-cluster": "vienna-westcentralus-01",
        "X-Content-Type-Options": "nosniff",
        "x-ms-correlation-request-id": "6ccd4cfe-5506-4e33-82b8-6a3e46cec6af",
        "x-ms-ratelimit-remaining-subscription-reads": "11990",
        "x-ms-response-type": "standard",
        "x-ms-routing-request-id": "CANADACENTRAL:20221025T170042Z:6ccd4cfe-5506-4e33-82b8-6a3e46cec6af",
        "x-request-time": "0.082"
      },
      "ResponseBody": {
        "status": "Succeeded",
        "percentComplete": 100.0
      }
    },
    {
      "RequestUri": "https://management.azure.com/subscriptions/00000000-0000-0000-0000-000000000/resourceGroups/00000/providers/Microsoft.MachineLearningServices/registries/test336118251216?api-version=2022-10-01-preview",
      "RequestMethod": "GET",
      "RequestHeaders": {
        "Accept": "*/*",
        "Accept-Encoding": "gzip, deflate",
        "Connection": "keep-alive",
        "User-Agent": "azure-ai-ml/1.1.0 azsdk-python-mgmt-machinelearningservices/0.1.0 Python/3.8.10 (Linux-5.10.102.1-microsoft-standard-WSL2-x86_64-with-glibc2.29)"
      },
      "RequestBody": null,
      "StatusCode": 200,
      "ResponseHeaders": {
        "Cache-Control": "no-cache",
        "Content-Encoding": "gzip",
        "Content-Type": "application/json; charset=utf-8",
        "Date": "Tue, 25 Oct 2022 17:00:42 GMT",
        "Expires": "-1",
        "Pragma": "no-cache",
        "Request-Context": "appId=cid-v1:2d2e8e63-272e-4b3c-8598-4ee570a0e70d",
        "Strict-Transport-Security": "max-age=31536000; includeSubDomains",
        "Transfer-Encoding": "chunked",
        "Vary": [
          "Accept-Encoding",
          "Accept-Encoding"
        ],
        "x-aml-cluster": "vienna-westcentralus-01",
        "X-Content-Type-Options": "nosniff",
        "x-ms-correlation-request-id": "5775f3f6-332d-466e-93cb-9ee43fca4c82",
        "x-ms-ratelimit-remaining-subscription-reads": "11989",
        "x-ms-response-type": "standard",
        "x-ms-routing-request-id": "CANADACENTRAL:20221025T170042Z:5775f3f6-332d-466e-93cb-9ee43fca4c82",
        "x-request-time": "0.019"
      },
      "ResponseBody": {
        "tags": {
          "one": "two",
          "three": "five"
        },
        "location": "westcentralus",
        "identity": {
          "type": "SystemAssigned",
          "principalId": "0783c53e-51e7-4b4c-acf2-3f16c234a528",
          "tenantId": "72f988bf-86f1-41af-91ab-2d7cd011db47"
        },
        "id": "/subscriptions/00000000-0000-0000-0000-000000000/resourceGroups/00000/providers/Microsoft.MachineLearningServices/registries/test336118251216",
        "name": "test336118251216",
        "type": "Microsoft.MachineLearningServices/registries",
        "properties": {
          "regionDetails": [
            {
              "location": "westcentralus",
              "storageAccountDetails": [
                {
                  "existingStorageAccount": null,
                  "newStorageAccount": null,
                  "userCreatedStorageAccount": null,
                  "systemCreatedStorageAccount": {
                    "storageAccountName": "test375b81fd176e24513a1e",
                    "storageAccountType": "standard_lrs",
                    "storageAccountHnsEnabled": false,
                    "armResourceId": {
                      "resourceId": "/subscriptions/00000000-0000-0000-0000-000000000/resourceGroups/azureml-rg-test336118251216_0589f354-9453-440b-a497-f20c7534ae00/providers/Microsoft.Storage/storageAccounts/test375b81fd176e24513a1e"
                    }
                  }
                }
              ],
              "acrDetails": [
                {
                  "existingAcrAccount": null,
                  "newAcrAccount": null,
                  "userCreatedAcrAccount": null,
                  "systemCreatedAcrAccount": {
                    "acrAccountName": "test30f2a2595442843af840",
                    "acrAccountSku": "Premium",
                    "armResourceId": {
                      "resourceId": "/subscriptions/00000000-0000-0000-0000-000000000/resourceGroups/azureml-rg-test336118251216_0589f354-9453-440b-a497-f20c7534ae00/providers/Microsoft.ContainerRegistry/registries/test30f2a2595442843af840"
                    }
                  }
                }
              ]
            }
          ],
          "intellectualPropertyPublisher": null,
          "publicNetworkAccess": "Enabled",
          "discoveryUrl": "https://westcentralus.api.azureml.ms/registrymanagement/v1.0/registries/test336118251216/discovery",
          "managedResourceGroup": {
            "resourceId": "/subscriptions/00000000-0000-0000-0000-000000000/resourceGroups/azureml-rg-test336118251216_0589f354-9453-440b-a497-f20c7534ae00"
          },
          "managedResourceGroupTags": {
            "one": "two",
            "three": "five"
          },
          "mlFlowRegistryUri": "azureml://westcentralus.api.azureml.ms/mlflow/v1.0/subscriptions/00000000-0000-0000-0000-000000000/resourceGroups/00000/providers/Microsoft.MachineLearningServices/registries/test336118251216"
        },
        "systemData": null
      }
    },
    {
      "RequestUri": "https://management.azure.com/subscriptions/00000000-0000-0000-0000-000000000/resourceGroups/00000/providers/Microsoft.MachineLearningServices/registries/test336118251216?api-version=2022-10-01-preview",
      "RequestMethod": "GET",
      "RequestHeaders": {
        "Accept": "application/json",
        "Accept-Encoding": "gzip, deflate",
        "Connection": "keep-alive",
        "User-Agent": "azure-ai-ml/1.1.0 azsdk-python-mgmt-machinelearningservices/0.1.0 Python/3.8.10 (Linux-5.10.102.1-microsoft-standard-WSL2-x86_64-with-glibc2.29)"
      },
      "RequestBody": null,
      "StatusCode": 200,
      "ResponseHeaders": {
        "Cache-Control": "no-cache",
        "Content-Encoding": "gzip",
        "Content-Type": "application/json; charset=utf-8",
        "Date": "Tue, 25 Oct 2022 17:00:42 GMT",
        "Expires": "-1",
        "Pragma": "no-cache",
        "Request-Context": "appId=cid-v1:2d2e8e63-272e-4b3c-8598-4ee570a0e70d",
        "Strict-Transport-Security": "max-age=31536000; includeSubDomains",
        "Transfer-Encoding": "chunked",
        "Vary": [
          "Accept-Encoding",
          "Accept-Encoding"
        ],
        "x-aml-cluster": "vienna-westcentralus-01",
        "X-Content-Type-Options": "nosniff",
        "x-ms-correlation-request-id": "34820e38-556e-49ec-a875-6f57f5df7ade",
        "x-ms-ratelimit-remaining-subscription-reads": "11988",
        "x-ms-response-type": "standard",
        "x-ms-routing-request-id": "CANADACENTRAL:20221025T170042Z:34820e38-556e-49ec-a875-6f57f5df7ade",
        "x-request-time": "0.021"
      },
      "ResponseBody": {
        "tags": {
          "one": "two",
          "three": "five"
        },
        "location": "westcentralus",
        "identity": {
          "type": "SystemAssigned",
          "principalId": "0783c53e-51e7-4b4c-acf2-3f16c234a528",
          "tenantId": "72f988bf-86f1-41af-91ab-2d7cd011db47"
        },
        "id": "/subscriptions/00000000-0000-0000-0000-000000000/resourceGroups/00000/providers/Microsoft.MachineLearningServices/registries/test336118251216",
        "name": "test336118251216",
        "type": "Microsoft.MachineLearningServices/registries",
        "properties": {
          "regionDetails": [
            {
              "location": "westcentralus",
              "storageAccountDetails": [
                {
                  "existingStorageAccount": null,
                  "newStorageAccount": null,
                  "userCreatedStorageAccount": null,
                  "systemCreatedStorageAccount": {
                    "storageAccountName": "test375b81fd176e24513a1e",
                    "storageAccountType": "standard_lrs",
                    "storageAccountHnsEnabled": false,
                    "armResourceId": {
                      "resourceId": "/subscriptions/00000000-0000-0000-0000-000000000/resourceGroups/azureml-rg-test336118251216_0589f354-9453-440b-a497-f20c7534ae00/providers/Microsoft.Storage/storageAccounts/test375b81fd176e24513a1e"
                    }
                  }
                }
              ],
              "acrDetails": [
                {
                  "existingAcrAccount": null,
                  "newAcrAccount": null,
                  "userCreatedAcrAccount": null,
                  "systemCreatedAcrAccount": {
                    "acrAccountName": "test30f2a2595442843af840",
                    "acrAccountSku": "Premium",
                    "armResourceId": {
                      "resourceId": "/subscriptions/00000000-0000-0000-0000-000000000/resourceGroups/azureml-rg-test336118251216_0589f354-9453-440b-a497-f20c7534ae00/providers/Microsoft.ContainerRegistry/registries/test30f2a2595442843af840"
                    }
                  }
                }
              ]
            }
          ],
          "intellectualPropertyPublisher": null,
          "publicNetworkAccess": "Enabled",
          "discoveryUrl": "https://westcentralus.api.azureml.ms/registrymanagement/v1.0/registries/test336118251216/discovery",
          "managedResourceGroup": {
            "resourceId": "/subscriptions/00000000-0000-0000-0000-000000000/resourceGroups/azureml-rg-test336118251216_0589f354-9453-440b-a497-f20c7534ae00"
          },
          "managedResourceGroupTags": {
            "one": "two",
            "three": "five"
          },
          "mlFlowRegistryUri": "azureml://westcentralus.api.azureml.ms/mlflow/v1.0/subscriptions/00000000-0000-0000-0000-000000000/resourceGroups/00000/providers/Microsoft.MachineLearningServices/registries/test336118251216"
        },
        "systemData": null
      }
    },
    {
      "RequestUri": "https://management.azure.com/subscriptions/00000000-0000-0000-0000-000000000/resourceGroups/00000/providers/Microsoft.MachineLearningServices/registries/test336118251216?api-version=2022-10-01-preview",
      "RequestMethod": "GET",
      "RequestHeaders": {
        "Accept": "application/json",
        "Accept-Encoding": "gzip, deflate",
        "Connection": "keep-alive",
        "User-Agent": "azure-ai-ml/1.1.0 azsdk-python-mgmt-machinelearningservices/0.1.0 Python/3.8.10 (Linux-5.10.102.1-microsoft-standard-WSL2-x86_64-with-glibc2.29)"
      },
      "RequestBody": null,
      "StatusCode": 200,
      "ResponseHeaders": {
        "Cache-Control": "no-cache",
        "Content-Encoding": "gzip",
        "Content-Type": "application/json; charset=utf-8",
        "Date": "Tue, 25 Oct 2022 17:00:42 GMT",
        "Expires": "-1",
        "Pragma": "no-cache",
        "Request-Context": "appId=cid-v1:2d2e8e63-272e-4b3c-8598-4ee570a0e70d",
        "Strict-Transport-Security": "max-age=31536000; includeSubDomains",
        "Transfer-Encoding": "chunked",
        "Vary": [
          "Accept-Encoding",
          "Accept-Encoding"
        ],
        "x-aml-cluster": "vienna-westcentralus-01",
        "X-Content-Type-Options": "nosniff",
        "x-ms-correlation-request-id": "595e423a-f27f-4ff5-9def-76b4a39ad5a5",
        "x-ms-ratelimit-remaining-subscription-reads": "11987",
        "x-ms-response-type": "standard",
        "x-ms-routing-request-id": "CANADACENTRAL:20221025T170043Z:595e423a-f27f-4ff5-9def-76b4a39ad5a5",
        "x-request-time": "0.019"
      },
      "ResponseBody": {
        "tags": {
          "one": "two",
          "three": "five"
        },
        "location": "westcentralus",
        "identity": {
          "type": "SystemAssigned",
          "principalId": "0783c53e-51e7-4b4c-acf2-3f16c234a528",
          "tenantId": "72f988bf-86f1-41af-91ab-2d7cd011db47"
        },
        "id": "/subscriptions/00000000-0000-0000-0000-000000000/resourceGroups/00000/providers/Microsoft.MachineLearningServices/registries/test336118251216",
        "name": "test336118251216",
        "type": "Microsoft.MachineLearningServices/registries",
        "properties": {
          "regionDetails": [
            {
              "location": "westcentralus",
              "storageAccountDetails": [
                {
                  "existingStorageAccount": null,
                  "newStorageAccount": null,
                  "userCreatedStorageAccount": null,
                  "systemCreatedStorageAccount": {
                    "storageAccountName": "test375b81fd176e24513a1e",
                    "storageAccountType": "standard_lrs",
                    "storageAccountHnsEnabled": false,
                    "armResourceId": {
                      "resourceId": "/subscriptions/00000000-0000-0000-0000-000000000/resourceGroups/azureml-rg-test336118251216_0589f354-9453-440b-a497-f20c7534ae00/providers/Microsoft.Storage/storageAccounts/test375b81fd176e24513a1e"
                    }
                  }
                }
              ],
              "acrDetails": [
                {
                  "existingAcrAccount": null,
                  "newAcrAccount": null,
                  "userCreatedAcrAccount": null,
                  "systemCreatedAcrAccount": {
                    "acrAccountName": "test30f2a2595442843af840",
                    "acrAccountSku": "Premium",
                    "armResourceId": {
                      "resourceId": "/subscriptions/00000000-0000-0000-0000-000000000/resourceGroups/azureml-rg-test336118251216_0589f354-9453-440b-a497-f20c7534ae00/providers/Microsoft.ContainerRegistry/registries/test30f2a2595442843af840"
                    }
                  }
                }
              ]
            }
          ],
          "intellectualPropertyPublisher": null,
          "publicNetworkAccess": "Enabled",
          "discoveryUrl": "https://westcentralus.api.azureml.ms/registrymanagement/v1.0/registries/test336118251216/discovery",
          "managedResourceGroup": {
            "resourceId": "/subscriptions/00000000-0000-0000-0000-000000000/resourceGroups/azureml-rg-test336118251216_0589f354-9453-440b-a497-f20c7534ae00"
          },
          "managedResourceGroupTags": {
            "one": "two",
            "three": "five"
          },
          "mlFlowRegistryUri": "azureml://westcentralus.api.azureml.ms/mlflow/v1.0/subscriptions/00000000-0000-0000-0000-000000000/resourceGroups/00000/providers/Microsoft.MachineLearningServices/registries/test336118251216"
        },
        "systemData": null
      }
    },
    {
      "RequestUri": "https://management.azure.com/subscriptions/00000000-0000-0000-0000-000000000/resourceGroups/00000/providers/Microsoft.MachineLearningServices/registries/test336118251216?api-version=2022-10-01-preview",
      "RequestMethod": "DELETE",
      "RequestHeaders": {
        "Accept": "application/json",
        "Accept-Encoding": "gzip, deflate",
        "Connection": "keep-alive",
        "Content-Length": "0",
        "User-Agent": "azure-ai-ml/1.1.0 azsdk-python-mgmt-machinelearningservices/0.1.0 Python/3.8.10 (Linux-5.10.102.1-microsoft-standard-WSL2-x86_64-with-glibc2.29)"
      },
      "RequestBody": null,
      "StatusCode": 202,
      "ResponseHeaders": {
        "Azure-AsyncOperation": "https://management.azure.com/subscriptions/00000000-0000-0000-0000-000000000/providers/Microsoft.MachineLearningServices/locations/westcentralus/registryOperationsStatus/c1517cf5-daca-4872-9440-73a95e49f31b?api-version=2022-10-01-preview\u0026type=async",
        "Cache-Control": "no-cache",
        "Content-Length": "0",
        "Date": "Tue, 25 Oct 2022 17:00:44 GMT",
        "Expires": "-1",
        "Location": "https://management.azure.com/subscriptions/00000000-0000-0000-0000-000000000/providers/Microsoft.MachineLearningServices/locations/westcentralus/registryOperationsStatus/c1517cf5-daca-4872-9440-73a95e49f31b?api-version=2022-10-01-preview\u0026type=location",
        "Pragma": "no-cache",
        "Request-Context": "appId=cid-v1:2d2e8e63-272e-4b3c-8598-4ee570a0e70d",
        "Strict-Transport-Security": "max-age=31536000; includeSubDomains",
        "x-aml-cluster": "vienna-westcentralus-01",
        "X-Content-Type-Options": "nosniff",
        "x-ms-correlation-request-id": "15e89f33-5e43-4812-9ef1-1534032bb07b",
        "x-ms-ratelimit-remaining-subscription-deletes": "14999",
        "x-ms-response-type": "standard",
        "x-ms-routing-request-id": "CANADACENTRAL:20221025T170045Z:15e89f33-5e43-4812-9ef1-1534032bb07b",
        "x-request-time": "0.102"
      },
      "ResponseBody": null
    },
    {
      "RequestUri": "https://management.azure.com/subscriptions/00000000-0000-0000-0000-000000000/providers/Microsoft.MachineLearningServices/locations/westcentralus/registryOperationsStatus/c1517cf5-daca-4872-9440-73a95e49f31b?api-version=2022-10-01-preview\u0026type=async",
      "RequestMethod": "GET",
      "RequestHeaders": {
        "Accept": "*/*",
        "Accept-Encoding": "gzip, deflate",
        "Connection": "keep-alive",
        "User-Agent": "azure-ai-ml/1.1.0 azsdk-python-mgmt-machinelearningservices/0.1.0 Python/3.8.10 (Linux-5.10.102.1-microsoft-standard-WSL2-x86_64-with-glibc2.29)"
      },
      "RequestBody": null,
      "StatusCode": 200,
      "ResponseHeaders": {
        "Cache-Control": "no-cache",
        "Content-Encoding": "gzip",
        "Content-Type": "application/json; charset=utf-8",
        "Date": "Tue, 25 Oct 2022 17:00:44 GMT",
        "Expires": "-1",
        "Pragma": "no-cache",
        "Request-Context": "appId=cid-v1:2d2e8e63-272e-4b3c-8598-4ee570a0e70d",
        "Strict-Transport-Security": "max-age=31536000; includeSubDomains",
        "Transfer-Encoding": "chunked",
        "Vary": "Accept-Encoding",
        "x-aml-cluster": "vienna-westcentralus-01",
        "X-Content-Type-Options": "nosniff",
        "x-ms-correlation-request-id": "770f4ef7-dbe0-4858-917c-c34bc82de6d0",
        "x-ms-ratelimit-remaining-subscription-reads": "11986",
        "x-ms-response-type": "standard",
        "x-ms-routing-request-id": "CANADACENTRAL:20221025T170045Z:770f4ef7-dbe0-4858-917c-c34bc82de6d0",
        "x-request-time": "0.044"
      },
      "ResponseBody": {
        "status": "InProgress"
      }
    },
    {
      "RequestUri": "https://management.azure.com/subscriptions/00000000-0000-0000-0000-000000000/providers/Microsoft.MachineLearningServices/locations/westcentralus/registryOperationsStatus/c1517cf5-daca-4872-9440-73a95e49f31b?api-version=2022-10-01-preview\u0026type=async",
      "RequestMethod": "GET",
      "RequestHeaders": {
        "Accept": "*/*",
        "Accept-Encoding": "gzip, deflate",
        "Connection": "keep-alive",
        "User-Agent": "azure-ai-ml/1.1.0 azsdk-python-mgmt-machinelearningservices/0.1.0 Python/3.8.10 (Linux-5.10.102.1-microsoft-standard-WSL2-x86_64-with-glibc2.29)"
      },
      "RequestBody": null,
      "StatusCode": 200,
      "ResponseHeaders": {
        "Cache-Control": "no-cache",
        "Content-Encoding": "gzip",
        "Content-Type": "application/json; charset=utf-8",
        "Date": "Tue, 25 Oct 2022 17:01:14 GMT",
        "Expires": "-1",
        "Pragma": "no-cache",
        "Request-Context": "appId=cid-v1:2d2e8e63-272e-4b3c-8598-4ee570a0e70d",
        "Strict-Transport-Security": "max-age=31536000; includeSubDomains",
        "Transfer-Encoding": "chunked",
        "Vary": "Accept-Encoding",
        "x-aml-cluster": "vienna-westcentralus-01",
        "X-Content-Type-Options": "nosniff",
        "x-ms-correlation-request-id": "0974ce40-bc52-4739-9f78-394f66616922",
        "x-ms-ratelimit-remaining-subscription-reads": "11985",
        "x-ms-response-type": "standard",
        "x-ms-routing-request-id": "CANADACENTRAL:20221025T170115Z:0974ce40-bc52-4739-9f78-394f66616922",
        "x-request-time": "0.041"
      },
      "ResponseBody": {
        "status": "Succeeded",
        "percentComplete": 100.0
      }
    },
    {
      "RequestUri": "https://management.azure.com/subscriptions/00000000-0000-0000-0000-000000000/resourceGroups/00000/providers/Microsoft.MachineLearningServices/registries/test336118251216?api-version=2022-10-01-preview",
      "RequestMethod": "GET",
      "RequestHeaders": {
        "Accept": "application/json",
        "Accept-Encoding": "gzip, deflate",
        "Connection": "keep-alive",
        "User-Agent": "azure-ai-ml/1.1.0 azsdk-python-mgmt-machinelearningservices/0.1.0 Python/3.8.10 (Linux-5.10.102.1-microsoft-standard-WSL2-x86_64-with-glibc2.29)"
      },
      "RequestBody": null,
      "StatusCode": 404,
      "ResponseHeaders": {
        "Cache-Control": "no-cache",
        "Content-Length": "800",
        "Content-Type": "application/json; charset=utf-8",
        "Date": "Tue, 25 Oct 2022 17:06:15 GMT",
        "Expires": "-1",
        "Pragma": "no-cache",
        "Request-Context": "appId=cid-v1:2d2e8e63-272e-4b3c-8598-4ee570a0e70d",
        "Strict-Transport-Security": "max-age=31536000; includeSubDomains",
        "Vary": "Accept-Encoding",
        "x-aml-cluster": "vienna-westcentralus-02",
        "X-Content-Type-Options": "nosniff",
        "x-ms-correlation-request-id": "75b0d0ed-c2e3-44d7-a3b1-9dd6fae497e0",
        "x-ms-ratelimit-remaining-subscription-reads": "11999",
        "x-ms-response-type": "error",
        "x-ms-routing-request-id": "CANADACENTRAL:20221025T170616Z:75b0d0ed-c2e3-44d7-a3b1-9dd6fae497e0",
        "x-request-time": "0.077"
      },
      "ResponseBody": {
        "error": {
          "code": "UserError",
          "severity": null,
          "message": "Registry test336118251216 not found",
          "messageFormat": "Registry {registryName} not found",
          "messageParameters": {
            "registryName": "test336118251216"
          },
          "referenceCode": null,
          "detailsUri": null,
          "target": null,
          "details": [],
          "innerError": {
            "code": "NotFound",
            "innerError": {
              "code": "RegistryNotFound",
              "innerError": null
            }
          },
          "debugInfo": null,
          "additionalInfo": null
        },
        "correlation": {
          "operation": "da1058299ae1062d2712aee3145ec19e",
          "request": "e9a212e8de7fdfcd"
        },
        "environment": "westcentralus",
        "location": "westcentralus",
        "time": "2022-10-25T17:06:16.4453375\u002B00:00",
        "componentName": "feedmanagement"
      }
    }
  ],
  "Variables": {
    "reg_name": "test_336118251216"
  }
}
