{
  "Entries": [
    {
      "RequestUri": "https://management.azure.com/subscriptions/00000000-0000-0000-0000-000000000/resourceGroups/00000/providers/Microsoft.MachineLearningServices/registries/test999982296042?api-version=2022-10-01-preview",
      "RequestMethod": "PUT",
      "RequestHeaders": {
        "Accept": "application/json",
        "Accept-Encoding": "gzip, deflate",
        "Connection": "keep-alive",
        "Content-Length": "447",
        "Content-Type": "application/json",
        "User-Agent": "azure-ai-ml/1.1.0 azsdk-python-mgmt-machinelearningservices/0.1.0 Python/3.8.10 (Linux-5.10.102.1-microsoft-standard-WSL2-x86_64-with-glibc2.29)"
      },
      "RequestBody": {
        "tags": {
          "one": "two",
          "three": "five"
        },
        "location": "WestCentralUS",
        "identity": {
          "type": "SystemAssigned"
        },
        "properties": {
          "regionDetails": [
            {
              "acrDetails": [
                {
                  "systemCreatedAcrAccount": {
                    "acrAccountSku": "Premium"
                  }
                }
              ],
              "location": "WestCentralUS",
              "storageAccountDetails": [
                {
                  "systemCreatedStorageAccount": {
                    "storageAccountHnsEnabled": false,
                    "storageAccountType": "standard_lrs"
                  }
                }
              ]
            }
          ],
          "managedResourceGroupTags": {
            "one": "two",
            "three": "five"
          }
        }
      },
      "StatusCode": 202,
      "ResponseHeaders": {
        "Azure-AsyncOperation": "https://management.azure.com/subscriptions/00000000-0000-0000-0000-000000000/providers/Microsoft.MachineLearningServices/locations/WestCentralUS/registryOperationsStatus/06e38bcc-03b6-491f-b114-81f7860874f2?api-version=2022-10-01-preview\u0026type=async",
        "Cache-Control": "no-cache",
        "Content-Length": "0",
        "Date": "Fri, 04 Nov 2022 15:25:05 GMT",
        "Expires": "-1",
        "Location": "https://management.azure.com/subscriptions/00000000-0000-0000-0000-000000000/providers/Microsoft.MachineLearningServices/locations/WestCentralUS/registryOperationsStatus/06e38bcc-03b6-491f-b114-81f7860874f2?api-version=2022-10-01-preview\u0026type=location",
        "Pragma": "no-cache",
        "Request-Context": "appId=cid-v1:2d2e8e63-272e-4b3c-8598-4ee570a0e70d",
        "Strict-Transport-Security": "max-age=31536000; includeSubDomains",
        "x-aml-cluster": "vienna-westcentralus-01",
        "X-Content-Type-Options": "nosniff",
        "x-ms-correlation-request-id": "63e2f6b2-385e-4053-8e59-23b91dc59c86",
        "x-ms-ratelimit-remaining-subscription-writes": "1199",
        "x-ms-response-type": "standard",
        "x-ms-routing-request-id": "CANADACENTRAL:20221104T152505Z:63e2f6b2-385e-4053-8e59-23b91dc59c86",
        "x-request-time": "0.105"
      },
      "ResponseBody": null
    },
    {
      "RequestUri": "https://management.azure.com/subscriptions/00000000-0000-0000-0000-000000000/providers/Microsoft.MachineLearningServices/locations/WestCentralUS/registryOperationsStatus/06e38bcc-03b6-491f-b114-81f7860874f2?api-version=2022-10-01-preview\u0026type=async",
      "RequestMethod": "GET",
      "RequestHeaders": {
        "Accept": "*/*",
        "Accept-Encoding": "gzip, deflate",
        "Connection": "keep-alive",
        "User-Agent": "azure-ai-ml/1.1.0 azsdk-python-mgmt-machinelearningservices/0.1.0 Python/3.8.10 (Linux-5.10.102.1-microsoft-standard-WSL2-x86_64-with-glibc2.29)"
      },
      "RequestBody": null,
      "StatusCode": 200,
      "ResponseHeaders": {
        "Cache-Control": "no-cache",
        "Content-Encoding": "gzip",
        "Content-Type": "application/json; charset=utf-8",
        "Date": "Fri, 04 Nov 2022 15:25:05 GMT",
        "Expires": "-1",
        "Pragma": "no-cache",
        "Request-Context": "appId=cid-v1:2d2e8e63-272e-4b3c-8598-4ee570a0e70d",
        "Strict-Transport-Security": "max-age=31536000; includeSubDomains",
        "Transfer-Encoding": "chunked",
        "Vary": "Accept-Encoding",
        "x-aml-cluster": "vienna-westcentralus-01",
        "X-Content-Type-Options": "nosniff",
        "x-ms-correlation-request-id": "332738ec-f4b6-4328-bb91-60021ce69303",
        "x-ms-ratelimit-remaining-subscription-reads": "11999",
        "x-ms-response-type": "standard",
        "x-ms-routing-request-id": "CANADACENTRAL:20221104T152505Z:332738ec-f4b6-4328-bb91-60021ce69303",
        "x-request-time": "0.199"
      },
      "ResponseBody": {
        "status": "InProgress"
      }
    },
    {
      "RequestUri": "https://management.azure.com/subscriptions/00000000-0000-0000-0000-000000000/providers/Microsoft.MachineLearningServices/locations/WestCentralUS/registryOperationsStatus/06e38bcc-03b6-491f-b114-81f7860874f2?api-version=2022-10-01-preview\u0026type=async",
      "RequestMethod": "GET",
      "RequestHeaders": {
        "Accept": "*/*",
        "Accept-Encoding": "gzip, deflate",
        "Connection": "keep-alive",
        "User-Agent": "azure-ai-ml/1.1.0 azsdk-python-mgmt-machinelearningservices/0.1.0 Python/3.8.10 (Linux-5.10.102.1-microsoft-standard-WSL2-x86_64-with-glibc2.29)"
      },
      "RequestBody": null,
      "StatusCode": 200,
      "ResponseHeaders": {
        "Cache-Control": "no-cache",
        "Content-Encoding": "gzip",
        "Content-Type": "application/json; charset=utf-8",
        "Date": "Fri, 04 Nov 2022 15:25:11 GMT",
        "Expires": "-1",
        "Pragma": "no-cache",
        "Request-Context": "appId=cid-v1:2d2e8e63-272e-4b3c-8598-4ee570a0e70d",
        "Strict-Transport-Security": "max-age=31536000; includeSubDomains",
        "Transfer-Encoding": "chunked",
        "Vary": "Accept-Encoding",
        "x-aml-cluster": "vienna-westcentralus-01",
        "X-Content-Type-Options": "nosniff",
        "x-ms-correlation-request-id": "749985da-14c7-425f-b4b1-811f142fe772",
        "x-ms-ratelimit-remaining-subscription-reads": "11998",
        "x-ms-response-type": "standard",
        "x-ms-routing-request-id": "CANADACENTRAL:20221104T152511Z:749985da-14c7-425f-b4b1-811f142fe772",
        "x-request-time": "0.045"
      },
      "ResponseBody": {
        "status": "InProgress"
      }
    },
    {
      "RequestUri": "https://management.azure.com/subscriptions/00000000-0000-0000-0000-000000000/providers/Microsoft.MachineLearningServices/locations/WestCentralUS/registryOperationsStatus/06e38bcc-03b6-491f-b114-81f7860874f2?api-version=2022-10-01-preview\u0026type=async",
      "RequestMethod": "GET",
      "RequestHeaders": {
        "Accept": "*/*",
        "Accept-Encoding": "gzip, deflate",
        "Connection": "keep-alive",
        "User-Agent": "azure-ai-ml/1.1.0 azsdk-python-mgmt-machinelearningservices/0.1.0 Python/3.8.10 (Linux-5.10.102.1-microsoft-standard-WSL2-x86_64-with-glibc2.29)"
      },
      "RequestBody": null,
      "StatusCode": 200,
      "ResponseHeaders": {
        "Cache-Control": "no-cache",
        "Content-Encoding": "gzip",
        "Content-Type": "application/json; charset=utf-8",
        "Date": "Fri, 04 Nov 2022 15:25:16 GMT",
        "Expires": "-1",
        "Pragma": "no-cache",
        "Request-Context": "appId=cid-v1:2d2e8e63-272e-4b3c-8598-4ee570a0e70d",
        "Strict-Transport-Security": "max-age=31536000; includeSubDomains",
        "Transfer-Encoding": "chunked",
        "Vary": "Accept-Encoding",
        "x-aml-cluster": "vienna-westcentralus-01",
        "X-Content-Type-Options": "nosniff",
        "x-ms-correlation-request-id": "031f1c07-d4be-4693-b7a2-faffc740182f",
        "x-ms-ratelimit-remaining-subscription-reads": "11997",
        "x-ms-response-type": "standard",
        "x-ms-routing-request-id": "CANADACENTRAL:20221104T152516Z:031f1c07-d4be-4693-b7a2-faffc740182f",
        "x-request-time": "0.042"
      },
      "ResponseBody": {
        "status": "InProgress"
      }
    },
    {
      "RequestUri": "https://management.azure.com/subscriptions/00000000-0000-0000-0000-000000000/providers/Microsoft.MachineLearningServices/locations/WestCentralUS/registryOperationsStatus/06e38bcc-03b6-491f-b114-81f7860874f2?api-version=2022-10-01-preview\u0026type=async",
      "RequestMethod": "GET",
      "RequestHeaders": {
        "Accept": "*/*",
        "Accept-Encoding": "gzip, deflate",
        "Connection": "keep-alive",
        "User-Agent": "azure-ai-ml/1.1.0 azsdk-python-mgmt-machinelearningservices/0.1.0 Python/3.8.10 (Linux-5.10.102.1-microsoft-standard-WSL2-x86_64-with-glibc2.29)"
      },
      "RequestBody": null,
      "StatusCode": 200,
      "ResponseHeaders": {
        "Cache-Control": "no-cache",
        "Content-Encoding": "gzip",
        "Content-Type": "application/json; charset=utf-8",
        "Date": "Fri, 04 Nov 2022 15:25:21 GMT",
        "Expires": "-1",
        "Pragma": "no-cache",
        "Request-Context": "appId=cid-v1:2d2e8e63-272e-4b3c-8598-4ee570a0e70d",
        "Strict-Transport-Security": "max-age=31536000; includeSubDomains",
        "Transfer-Encoding": "chunked",
        "Vary": "Accept-Encoding",
        "x-aml-cluster": "vienna-westcentralus-01",
        "X-Content-Type-Options": "nosniff",
        "x-ms-correlation-request-id": "32d2c3a5-5eab-4ce7-a286-92b0e939333a",
        "x-ms-ratelimit-remaining-subscription-reads": "11996",
        "x-ms-response-type": "standard",
        "x-ms-routing-request-id": "CANADACENTRAL:20221104T152521Z:32d2c3a5-5eab-4ce7-a286-92b0e939333a",
        "x-request-time": "0.042"
      },
      "ResponseBody": {
        "status": "InProgress"
      }
    },
    {
      "RequestUri": "https://management.azure.com/subscriptions/00000000-0000-0000-0000-000000000/providers/Microsoft.MachineLearningServices/locations/WestCentralUS/registryOperationsStatus/06e38bcc-03b6-491f-b114-81f7860874f2?api-version=2022-10-01-preview\u0026type=async",
      "RequestMethod": "GET",
      "RequestHeaders": {
        "Accept": "*/*",
        "Accept-Encoding": "gzip, deflate",
        "Connection": "keep-alive",
        "User-Agent": "azure-ai-ml/1.1.0 azsdk-python-mgmt-machinelearningservices/0.1.0 Python/3.8.10 (Linux-5.10.102.1-microsoft-standard-WSL2-x86_64-with-glibc2.29)"
      },
      "RequestBody": null,
      "StatusCode": 200,
      "ResponseHeaders": {
        "Cache-Control": "no-cache",
        "Content-Encoding": "gzip",
        "Content-Type": "application/json; charset=utf-8",
        "Date": "Fri, 04 Nov 2022 15:25:26 GMT",
        "Expires": "-1",
        "Pragma": "no-cache",
        "Request-Context": "appId=cid-v1:2d2e8e63-272e-4b3c-8598-4ee570a0e70d",
        "Strict-Transport-Security": "max-age=31536000; includeSubDomains",
        "Transfer-Encoding": "chunked",
        "Vary": "Accept-Encoding",
        "x-aml-cluster": "vienna-westcentralus-01",
        "X-Content-Type-Options": "nosniff",
        "x-ms-correlation-request-id": "224081c9-3d9e-47f7-838b-e57174505357",
        "x-ms-ratelimit-remaining-subscription-reads": "11995",
        "x-ms-response-type": "standard",
        "x-ms-routing-request-id": "CANADACENTRAL:20221104T152526Z:224081c9-3d9e-47f7-838b-e57174505357",
        "x-request-time": "0.045"
      },
      "ResponseBody": {
        "status": "InProgress"
      }
    },
    {
      "RequestUri": "https://management.azure.com/subscriptions/00000000-0000-0000-0000-000000000/providers/Microsoft.MachineLearningServices/locations/WestCentralUS/registryOperationsStatus/06e38bcc-03b6-491f-b114-81f7860874f2?api-version=2022-10-01-preview\u0026type=async",
      "RequestMethod": "GET",
      "RequestHeaders": {
        "Accept": "*/*",
        "Accept-Encoding": "gzip, deflate",
        "Connection": "keep-alive",
        "User-Agent": "azure-ai-ml/1.1.0 azsdk-python-mgmt-machinelearningservices/0.1.0 Python/3.8.10 (Linux-5.10.102.1-microsoft-standard-WSL2-x86_64-with-glibc2.29)"
      },
      "RequestBody": null,
      "StatusCode": 200,
      "ResponseHeaders": {
        "Cache-Control": "no-cache",
        "Content-Encoding": "gzip",
        "Content-Type": "application/json; charset=utf-8",
        "Date": "Fri, 04 Nov 2022 15:25:31 GMT",
        "Expires": "-1",
        "Pragma": "no-cache",
        "Request-Context": "appId=cid-v1:2d2e8e63-272e-4b3c-8598-4ee570a0e70d",
        "Strict-Transport-Security": "max-age=31536000; includeSubDomains",
        "Transfer-Encoding": "chunked",
        "Vary": "Accept-Encoding",
        "x-aml-cluster": "vienna-westcentralus-01",
        "X-Content-Type-Options": "nosniff",
        "x-ms-correlation-request-id": "df18a104-1f6f-41aa-bc2c-b2db4b7c5377",
        "x-ms-ratelimit-remaining-subscription-reads": "11994",
        "x-ms-response-type": "standard",
        "x-ms-routing-request-id": "CANADACENTRAL:20221104T152531Z:df18a104-1f6f-41aa-bc2c-b2db4b7c5377",
        "x-request-time": "0.044"
      },
      "ResponseBody": {
        "status": "InProgress"
      }
    },
    {
      "RequestUri": "https://management.azure.com/subscriptions/00000000-0000-0000-0000-000000000/providers/Microsoft.MachineLearningServices/locations/WestCentralUS/registryOperationsStatus/06e38bcc-03b6-491f-b114-81f7860874f2?api-version=2022-10-01-preview\u0026type=async",
      "RequestMethod": "GET",
      "RequestHeaders": {
        "Accept": "*/*",
        "Accept-Encoding": "gzip, deflate",
        "Connection": "keep-alive",
        "User-Agent": "azure-ai-ml/1.1.0 azsdk-python-mgmt-machinelearningservices/0.1.0 Python/3.8.10 (Linux-5.10.102.1-microsoft-standard-WSL2-x86_64-with-glibc2.29)"
      },
      "RequestBody": null,
      "StatusCode": 200,
      "ResponseHeaders": {
        "Cache-Control": "no-cache",
        "Content-Encoding": "gzip",
        "Content-Type": "application/json; charset=utf-8",
        "Date": "Fri, 04 Nov 2022 15:25:37 GMT",
        "Expires": "-1",
        "Pragma": "no-cache",
        "Request-Context": "appId=cid-v1:2d2e8e63-272e-4b3c-8598-4ee570a0e70d",
        "Strict-Transport-Security": "max-age=31536000; includeSubDomains",
        "Transfer-Encoding": "chunked",
        "Vary": "Accept-Encoding",
        "x-aml-cluster": "vienna-westcentralus-01",
        "X-Content-Type-Options": "nosniff",
        "x-ms-correlation-request-id": "072abae3-5a24-4694-80de-eacec0a7665e",
        "x-ms-ratelimit-remaining-subscription-reads": "11993",
        "x-ms-response-type": "standard",
        "x-ms-routing-request-id": "CANADACENTRAL:20221104T152537Z:072abae3-5a24-4694-80de-eacec0a7665e",
        "x-request-time": "0.044"
      },
      "ResponseBody": {
        "status": "InProgress"
      }
    },
    {
      "RequestUri": "https://management.azure.com/subscriptions/00000000-0000-0000-0000-000000000/providers/Microsoft.MachineLearningServices/locations/WestCentralUS/registryOperationsStatus/06e38bcc-03b6-491f-b114-81f7860874f2?api-version=2022-10-01-preview\u0026type=async",
      "RequestMethod": "GET",
      "RequestHeaders": {
        "Accept": "*/*",
        "Accept-Encoding": "gzip, deflate",
        "Connection": "keep-alive",
        "User-Agent": "azure-ai-ml/1.1.0 azsdk-python-mgmt-machinelearningservices/0.1.0 Python/3.8.10 (Linux-5.10.102.1-microsoft-standard-WSL2-x86_64-with-glibc2.29)"
      },
      "RequestBody": null,
      "StatusCode": 200,
      "ResponseHeaders": {
        "Cache-Control": "no-cache",
        "Content-Encoding": "gzip",
        "Content-Type": "application/json; charset=utf-8",
        "Date": "Fri, 04 Nov 2022 15:25:42 GMT",
        "Expires": "-1",
        "Pragma": "no-cache",
        "Request-Context": "appId=cid-v1:2d2e8e63-272e-4b3c-8598-4ee570a0e70d",
        "Strict-Transport-Security": "max-age=31536000; includeSubDomains",
        "Transfer-Encoding": "chunked",
        "Vary": "Accept-Encoding",
        "x-aml-cluster": "vienna-westcentralus-01",
        "X-Content-Type-Options": "nosniff",
        "x-ms-correlation-request-id": "99c5b104-81b4-4ea9-838a-acf5aba3d352",
        "x-ms-ratelimit-remaining-subscription-reads": "11992",
        "x-ms-response-type": "standard",
        "x-ms-routing-request-id": "CANADACENTRAL:20221104T152542Z:99c5b104-81b4-4ea9-838a-acf5aba3d352",
        "x-request-time": "0.041"
      },
      "ResponseBody": {
        "status": "InProgress"
      }
    },
    {
      "RequestUri": "https://management.azure.com/subscriptions/00000000-0000-0000-0000-000000000/providers/Microsoft.MachineLearningServices/locations/WestCentralUS/registryOperationsStatus/06e38bcc-03b6-491f-b114-81f7860874f2?api-version=2022-10-01-preview\u0026type=async",
      "RequestMethod": "GET",
      "RequestHeaders": {
        "Accept": "*/*",
        "Accept-Encoding": "gzip, deflate",
        "Connection": "keep-alive",
        "User-Agent": "azure-ai-ml/1.1.0 azsdk-python-mgmt-machinelearningservices/0.1.0 Python/3.8.10 (Linux-5.10.102.1-microsoft-standard-WSL2-x86_64-with-glibc2.29)"
      },
      "RequestBody": null,
      "StatusCode": 200,
      "ResponseHeaders": {
        "Cache-Control": "no-cache",
        "Content-Encoding": "gzip",
        "Content-Type": "application/json; charset=utf-8",
        "Date": "Fri, 04 Nov 2022 15:25:47 GMT",
        "Expires": "-1",
        "Pragma": "no-cache",
        "Request-Context": "appId=cid-v1:2d2e8e63-272e-4b3c-8598-4ee570a0e70d",
        "Strict-Transport-Security": "max-age=31536000; includeSubDomains",
        "Transfer-Encoding": "chunked",
        "Vary": "Accept-Encoding",
        "x-aml-cluster": "vienna-westcentralus-01",
        "X-Content-Type-Options": "nosniff",
        "x-ms-correlation-request-id": "71337ff9-7d30-46a5-82bc-cab739fb156a",
        "x-ms-ratelimit-remaining-subscription-reads": "11991",
        "x-ms-response-type": "standard",
        "x-ms-routing-request-id": "CANADACENTRAL:20221104T152547Z:71337ff9-7d30-46a5-82bc-cab739fb156a",
        "x-request-time": "0.043"
      },
      "ResponseBody": {
        "status": "InProgress"
      }
    },
    {
      "RequestUri": "https://management.azure.com/subscriptions/00000000-0000-0000-0000-000000000/providers/Microsoft.MachineLearningServices/locations/WestCentralUS/registryOperationsStatus/06e38bcc-03b6-491f-b114-81f7860874f2?api-version=2022-10-01-preview\u0026type=async",
      "RequestMethod": "GET",
      "RequestHeaders": {
        "Accept": "*/*",
        "Accept-Encoding": "gzip, deflate",
        "Connection": "keep-alive",
        "User-Agent": "azure-ai-ml/1.1.0 azsdk-python-mgmt-machinelearningservices/0.1.0 Python/3.8.10 (Linux-5.10.102.1-microsoft-standard-WSL2-x86_64-with-glibc2.29)"
      },
      "RequestBody": null,
      "StatusCode": 200,
      "ResponseHeaders": {
        "Cache-Control": "no-cache",
        "Content-Encoding": "gzip",
        "Content-Type": "application/json; charset=utf-8",
        "Date": "Fri, 04 Nov 2022 15:25:52 GMT",
        "Expires": "-1",
        "Pragma": "no-cache",
        "Request-Context": "appId=cid-v1:2d2e8e63-272e-4b3c-8598-4ee570a0e70d",
        "Strict-Transport-Security": "max-age=31536000; includeSubDomains",
        "Transfer-Encoding": "chunked",
        "Vary": "Accept-Encoding",
        "x-aml-cluster": "vienna-westcentralus-01",
        "X-Content-Type-Options": "nosniff",
        "x-ms-correlation-request-id": "030e5b92-53f9-49be-9721-460f0adaa144",
        "x-ms-ratelimit-remaining-subscription-reads": "11990",
        "x-ms-response-type": "standard",
        "x-ms-routing-request-id": "CANADACENTRAL:20221104T152552Z:030e5b92-53f9-49be-9721-460f0adaa144",
        "x-request-time": "0.075"
      },
      "ResponseBody": {
        "status": "Succeeded",
        "percentComplete": 100.0
      }
    },
    {
      "RequestUri": "https://management.azure.com/subscriptions/00000000-0000-0000-0000-000000000/resourceGroups/00000/providers/Microsoft.MachineLearningServices/registries/test999982296042?api-version=2022-10-01-preview",
      "RequestMethod": "GET",
      "RequestHeaders": {
        "Accept": "*/*",
        "Accept-Encoding": "gzip, deflate",
        "Connection": "keep-alive",
        "User-Agent": "azure-ai-ml/1.1.0 azsdk-python-mgmt-machinelearningservices/0.1.0 Python/3.8.10 (Linux-5.10.102.1-microsoft-standard-WSL2-x86_64-with-glibc2.29)"
      },
      "RequestBody": null,
      "StatusCode": 200,
      "ResponseHeaders": {
        "Cache-Control": "no-cache",
        "Content-Encoding": "gzip",
        "Content-Type": "application/json; charset=utf-8",
        "Date": "Fri, 04 Nov 2022 15:25:52 GMT",
        "Expires": "-1",
        "Pragma": "no-cache",
        "Request-Context": "appId=cid-v1:2d2e8e63-272e-4b3c-8598-4ee570a0e70d",
        "Strict-Transport-Security": "max-age=31536000; includeSubDomains",
        "Transfer-Encoding": "chunked",
        "Vary": [
          "Accept-Encoding",
          "Accept-Encoding"
        ],
        "x-aml-cluster": "vienna-westcentralus-01",
        "X-Content-Type-Options": "nosniff",
        "x-ms-correlation-request-id": "7747422a-299f-40ae-a597-4e52b1cdff92",
        "x-ms-ratelimit-remaining-subscription-reads": "11989",
        "x-ms-response-type": "standard",
        "x-ms-routing-request-id": "CANADACENTRAL:20221104T152552Z:7747422a-299f-40ae-a597-4e52b1cdff92",
        "x-request-time": "0.023"
      },
      "ResponseBody": {
        "tags": {
          "one": "two",
          "three": "five"
        },
        "location": "westcentralus",
        "identity": {
          "type": "SystemAssigned",
          "principalId": "f1ba8bc7-2620-441d-b8f3-cdf93f0b9634",
          "tenantId": "72f988bf-86f1-41af-91ab-2d7cd011db47"
        },
        "id": "/subscriptions/00000000-0000-0000-0000-000000000/resourceGroups/00000/providers/Microsoft.MachineLearningServices/registries/test999982296042",
        "name": "test999982296042",
        "type": "Microsoft.MachineLearningServices/registries",
        "properties": {
          "regionDetails": [
            {
              "location": "westcentralus",
              "storageAccountDetails": [
                {
                  "userCreatedStorageAccount": null,
                  "systemCreatedStorageAccount": {
                    "storageAccountName": "test9361ed0103ce245b3ab5",
                    "storageAccountType": "standard_lrs",
                    "storageAccountHnsEnabled": false,
                    "armResourceId": {
                      "resourceId": "/subscriptions/00000000-0000-0000-0000-000000000/resourceGroups/azureml-rg-test999982296042_627d08c2-f7c7-4f8d-a113-02f023c45e36/providers/Microsoft.Storage/storageAccounts/test9361ed0103ce245b3ab5"
                    }
                  }
                }
              ],
              "acrDetails": [
                {
                  "userCreatedAcrAccount": null,
                  "systemCreatedAcrAccount": {
                    "acrAccountName": "test9cfdddede2b704a039e7",
                    "acrAccountSku": "Premium",
                    "armResourceId": {
                      "resourceId": "/subscriptions/00000000-0000-0000-0000-000000000/resourceGroups/azureml-rg-test999982296042_627d08c2-f7c7-4f8d-a113-02f023c45e36/providers/Microsoft.ContainerRegistry/registries/test9cfdddede2b704a039e7"
                    }
                  }
                }
              ]
            }
          ],
          "intellectualPropertyPublisher": null,
          "publicNetworkAccess": "Enabled",
          "discoveryUrl": "https://westcentralus.api.azureml.ms/registrymanagement/v1.0/registries/test999982296042/discovery",
          "managedResourceGroup": {
            "resourceId": "/subscriptions/00000000-0000-0000-0000-000000000/resourceGroups/azureml-rg-test999982296042_627d08c2-f7c7-4f8d-a113-02f023c45e36"
          },
          "managedResourceGroupTags": {
            "one": "two",
            "three": "five"
          },
          "mlFlowRegistryUri": "azureml://westcentralus.api.azureml.ms/mlflow/v1.0/subscriptions/00000000-0000-0000-0000-000000000/resourceGroups/00000/providers/Microsoft.MachineLearningServices/registries/test999982296042"
        },
        "systemData": null
      }
    },
    {
      "RequestUri": "https://management.azure.com/subscriptions/00000000-0000-0000-0000-000000000/resourceGroups/00000/providers/Microsoft.MachineLearningServices/registries/test999982296042?api-version=2022-10-01-preview",
      "RequestMethod": "GET",
      "RequestHeaders": {
        "Accept": "application/json",
        "Accept-Encoding": "gzip, deflate",
        "Connection": "keep-alive",
        "User-Agent": "azure-ai-ml/1.1.0 azsdk-python-mgmt-machinelearningservices/0.1.0 Python/3.8.10 (Linux-5.10.102.1-microsoft-standard-WSL2-x86_64-with-glibc2.29)"
      },
      "RequestBody": null,
      "StatusCode": 200,
      "ResponseHeaders": {
        "Cache-Control": "no-cache",
        "Content-Encoding": "gzip",
        "Content-Type": "application/json; charset=utf-8",
        "Date": "Fri, 04 Nov 2022 15:25:52 GMT",
        "Expires": "-1",
        "Pragma": "no-cache",
        "Request-Context": "appId=cid-v1:2d2e8e63-272e-4b3c-8598-4ee570a0e70d",
        "Strict-Transport-Security": "max-age=31536000; includeSubDomains",
        "Transfer-Encoding": "chunked",
        "Vary": [
          "Accept-Encoding",
          "Accept-Encoding"
        ],
        "x-aml-cluster": "vienna-westcentralus-01",
        "X-Content-Type-Options": "nosniff",
        "x-ms-correlation-request-id": "1a4000b7-abe9-4140-a01c-80e205f71436",
        "x-ms-ratelimit-remaining-subscription-reads": "11988",
        "x-ms-response-type": "standard",
        "x-ms-routing-request-id": "CANADACENTRAL:20221104T152553Z:1a4000b7-abe9-4140-a01c-80e205f71436",
        "x-request-time": "0.019"
      },
      "ResponseBody": {
        "tags": {
          "one": "two",
          "three": "five"
        },
        "location": "westcentralus",
        "identity": {
          "type": "SystemAssigned",
          "principalId": "f1ba8bc7-2620-441d-b8f3-cdf93f0b9634",
          "tenantId": "72f988bf-86f1-41af-91ab-2d7cd011db47"
        },
        "id": "/subscriptions/00000000-0000-0000-0000-000000000/resourceGroups/00000/providers/Microsoft.MachineLearningServices/registries/test999982296042",
        "name": "test999982296042",
        "type": "Microsoft.MachineLearningServices/registries",
        "properties": {
          "regionDetails": [
            {
              "location": "westcentralus",
              "storageAccountDetails": [
                {
                  "userCreatedStorageAccount": null,
                  "systemCreatedStorageAccount": {
                    "storageAccountName": "test9361ed0103ce245b3ab5",
                    "storageAccountType": "standard_lrs",
                    "storageAccountHnsEnabled": false,
                    "armResourceId": {
                      "resourceId": "/subscriptions/00000000-0000-0000-0000-000000000/resourceGroups/azureml-rg-test999982296042_627d08c2-f7c7-4f8d-a113-02f023c45e36/providers/Microsoft.Storage/storageAccounts/test9361ed0103ce245b3ab5"
                    }
                  }
                }
              ],
              "acrDetails": [
                {
                  "userCreatedAcrAccount": null,
                  "systemCreatedAcrAccount": {
                    "acrAccountName": "test9cfdddede2b704a039e7",
                    "acrAccountSku": "Premium",
                    "armResourceId": {
                      "resourceId": "/subscriptions/00000000-0000-0000-0000-000000000/resourceGroups/azureml-rg-test999982296042_627d08c2-f7c7-4f8d-a113-02f023c45e36/providers/Microsoft.ContainerRegistry/registries/test9cfdddede2b704a039e7"
                    }
                  }
                }
              ]
            }
          ],
          "intellectualPropertyPublisher": null,
          "publicNetworkAccess": "Enabled",
          "discoveryUrl": "https://westcentralus.api.azureml.ms/registrymanagement/v1.0/registries/test999982296042/discovery",
          "managedResourceGroup": {
            "resourceId": "/subscriptions/00000000-0000-0000-0000-000000000/resourceGroups/azureml-rg-test999982296042_627d08c2-f7c7-4f8d-a113-02f023c45e36"
          },
          "managedResourceGroupTags": {
            "one": "two",
            "three": "five"
          },
          "mlFlowRegistryUri": "azureml://westcentralus.api.azureml.ms/mlflow/v1.0/subscriptions/00000000-0000-0000-0000-000000000/resourceGroups/00000/providers/Microsoft.MachineLearningServices/registries/test999982296042"
        },
        "systemData": null
      }
    },
    {
      "RequestUri": "https://management.azure.com/subscriptions/00000000-0000-0000-0000-000000000/resourceGroups/00000/providers/Microsoft.MachineLearningServices/registries/test999982296042?api-version=2022-10-01-preview",
      "RequestMethod": "GET",
      "RequestHeaders": {
        "Accept": "application/json",
        "Accept-Encoding": "gzip, deflate",
        "Connection": "keep-alive",
        "User-Agent": "azure-ai-ml/1.1.0 azsdk-python-mgmt-machinelearningservices/0.1.0 Python/3.8.10 (Linux-5.10.102.1-microsoft-standard-WSL2-x86_64-with-glibc2.29)"
      },
      "RequestBody": null,
      "StatusCode": 200,
      "ResponseHeaders": {
        "Cache-Control": "no-cache",
        "Content-Encoding": "gzip",
        "Content-Type": "application/json; charset=utf-8",
        "Date": "Fri, 04 Nov 2022 15:25:53 GMT",
        "Expires": "-1",
        "Pragma": "no-cache",
        "Request-Context": "appId=cid-v1:2d2e8e63-272e-4b3c-8598-4ee570a0e70d",
        "Strict-Transport-Security": "max-age=31536000; includeSubDomains",
        "Transfer-Encoding": "chunked",
        "Vary": [
          "Accept-Encoding",
          "Accept-Encoding"
        ],
        "x-aml-cluster": "vienna-westcentralus-01",
        "X-Content-Type-Options": "nosniff",
        "x-ms-correlation-request-id": "4ff2e670-b01b-44f1-9a51-df976edb8902",
        "x-ms-ratelimit-remaining-subscription-reads": "11987",
        "x-ms-response-type": "standard",
        "x-ms-routing-request-id": "CANADACENTRAL:20221104T152553Z:4ff2e670-b01b-44f1-9a51-df976edb8902",
        "x-request-time": "0.020"
      },
      "ResponseBody": {
        "tags": {
          "one": "two",
          "three": "five"
        },
        "location": "westcentralus",
        "identity": {
          "type": "SystemAssigned",
          "principalId": "f1ba8bc7-2620-441d-b8f3-cdf93f0b9634",
          "tenantId": "72f988bf-86f1-41af-91ab-2d7cd011db47"
        },
        "id": "/subscriptions/00000000-0000-0000-0000-000000000/resourceGroups/00000/providers/Microsoft.MachineLearningServices/registries/test999982296042",
        "name": "test999982296042",
        "type": "Microsoft.MachineLearningServices/registries",
        "properties": {
          "regionDetails": [
            {
              "location": "westcentralus",
              "storageAccountDetails": [
                {
                  "userCreatedStorageAccount": null,
                  "systemCreatedStorageAccount": {
                    "storageAccountName": "test9361ed0103ce245b3ab5",
                    "storageAccountType": "standard_lrs",
                    "storageAccountHnsEnabled": false,
                    "armResourceId": {
                      "resourceId": "/subscriptions/00000000-0000-0000-0000-000000000/resourceGroups/azureml-rg-test999982296042_627d08c2-f7c7-4f8d-a113-02f023c45e36/providers/Microsoft.Storage/storageAccounts/test9361ed0103ce245b3ab5"
                    }
                  }
                }
              ],
              "acrDetails": [
                {
                  "userCreatedAcrAccount": null,
                  "systemCreatedAcrAccount": {
                    "acrAccountName": "test9cfdddede2b704a039e7",
                    "acrAccountSku": "Premium",
                    "armResourceId": {
                      "resourceId": "/subscriptions/00000000-0000-0000-0000-000000000/resourceGroups/azureml-rg-test999982296042_627d08c2-f7c7-4f8d-a113-02f023c45e36/providers/Microsoft.ContainerRegistry/registries/test9cfdddede2b704a039e7"
                    }
                  }
                }
              ]
            }
          ],
          "intellectualPropertyPublisher": null,
          "publicNetworkAccess": "Enabled",
          "discoveryUrl": "https://westcentralus.api.azureml.ms/registrymanagement/v1.0/registries/test999982296042/discovery",
          "managedResourceGroup": {
            "resourceId": "/subscriptions/00000000-0000-0000-0000-000000000/resourceGroups/azureml-rg-test999982296042_627d08c2-f7c7-4f8d-a113-02f023c45e36"
          },
          "managedResourceGroupTags": {
            "one": "two",
            "three": "five"
          },
          "mlFlowRegistryUri": "azureml://westcentralus.api.azureml.ms/mlflow/v1.0/subscriptions/00000000-0000-0000-0000-000000000/resourceGroups/00000/providers/Microsoft.MachineLearningServices/registries/test999982296042"
        },
        "systemData": null
      }
    },
    {
      "RequestUri": "https://management.azure.com/subscriptions/00000000-0000-0000-0000-000000000/resourceGroups/00000/providers/Microsoft.MachineLearningServices/registries/test999982296042?api-version=2022-10-01-preview",
      "RequestMethod": "DELETE",
      "RequestHeaders": {
        "Accept": "application/json",
        "Accept-Encoding": "gzip, deflate",
        "Connection": "keep-alive",
        "Content-Length": "0",
        "User-Agent": "azure-ai-ml/1.1.0 azsdk-python-mgmt-machinelearningservices/0.1.0 Python/3.8.10 (Linux-5.10.102.1-microsoft-standard-WSL2-x86_64-with-glibc2.29)"
      },
      "RequestBody": null,
      "StatusCode": 202,
      "ResponseHeaders": {
        "Azure-AsyncOperation": "https://management.azure.com/subscriptions/00000000-0000-0000-0000-000000000/providers/Microsoft.MachineLearningServices/locations/westcentralus/registryOperationsStatus/b38222d4-b843-4cfd-b283-10da4d58d11a?api-version=2022-10-01-preview\u0026type=async",
        "Cache-Control": "no-cache",
        "Content-Length": "0",
        "Date": "Fri, 04 Nov 2022 15:25:53 GMT",
        "Expires": "-1",
        "Location": "https://management.azure.com/subscriptions/00000000-0000-0000-0000-000000000/providers/Microsoft.MachineLearningServices/locations/westcentralus/registryOperationsStatus/b38222d4-b843-4cfd-b283-10da4d58d11a?api-version=2022-10-01-preview\u0026type=location",
        "Pragma": "no-cache",
        "Request-Context": "appId=cid-v1:2d2e8e63-272e-4b3c-8598-4ee570a0e70d",
        "Strict-Transport-Security": "max-age=31536000; includeSubDomains",
        "x-aml-cluster": "vienna-westcentralus-01",
        "X-Content-Type-Options": "nosniff",
        "x-ms-correlation-request-id": "5db876e4-1a4e-4ef6-8b69-aafbce0e9b2b",
        "x-ms-ratelimit-remaining-subscription-deletes": "14999",
        "x-ms-response-type": "standard",
        "x-ms-routing-request-id": "CANADACENTRAL:20221104T152553Z:5db876e4-1a4e-4ef6-8b69-aafbce0e9b2b",
        "x-request-time": "0.099"
      },
      "ResponseBody": null
    },
    {
      "RequestUri": "https://management.azure.com/subscriptions/00000000-0000-0000-0000-000000000/providers/Microsoft.MachineLearningServices/locations/westcentralus/registryOperationsStatus/b38222d4-b843-4cfd-b283-10da4d58d11a?api-version=2022-10-01-preview\u0026type=async",
      "RequestMethod": "GET",
      "RequestHeaders": {
        "Accept": "*/*",
        "Accept-Encoding": "gzip, deflate",
        "Connection": "keep-alive",
        "User-Agent": "azure-ai-ml/1.1.0 azsdk-python-mgmt-machinelearningservices/0.1.0 Python/3.8.10 (Linux-5.10.102.1-microsoft-standard-WSL2-x86_64-with-glibc2.29)"
      },
      "RequestBody": null,
      "StatusCode": 200,
      "ResponseHeaders": {
        "Cache-Control": "no-cache",
        "Content-Encoding": "gzip",
        "Content-Type": "application/json; charset=utf-8",
        "Date": "Fri, 04 Nov 2022 15:25:53 GMT",
        "Expires": "-1",
        "Pragma": "no-cache",
        "Request-Context": "appId=cid-v1:2d2e8e63-272e-4b3c-8598-4ee570a0e70d",
        "Strict-Transport-Security": "max-age=31536000; includeSubDomains",
        "Transfer-Encoding": "chunked",
        "Vary": "Accept-Encoding",
        "x-aml-cluster": "vienna-westcentralus-01",
        "X-Content-Type-Options": "nosniff",
        "x-ms-correlation-request-id": "e83cc74e-2d66-40c8-b2ec-697938ada770",
        "x-ms-ratelimit-remaining-subscription-reads": "11986",
        "x-ms-response-type": "standard",
        "x-ms-routing-request-id": "CANADACENTRAL:20221104T152554Z:e83cc74e-2d66-40c8-b2ec-697938ada770",
        "x-request-time": "0.042"
      },
      "ResponseBody": {
        "status": "InProgress"
      }
    },
    {
      "RequestUri": "https://management.azure.com/subscriptions/00000000-0000-0000-0000-000000000/providers/Microsoft.MachineLearningServices/locations/westcentralus/registryOperationsStatus/b38222d4-b843-4cfd-b283-10da4d58d11a?api-version=2022-10-01-preview\u0026type=async",
      "RequestMethod": "GET",
      "RequestHeaders": {
        "Accept": "*/*",
        "Accept-Encoding": "gzip, deflate",
        "Connection": "keep-alive",
        "User-Agent": "azure-ai-ml/1.1.0 azsdk-python-mgmt-machinelearningservices/0.1.0 Python/3.8.10 (Linux-5.10.102.1-microsoft-standard-WSL2-x86_64-with-glibc2.29)"
      },
      "RequestBody": null,
      "StatusCode": 200,
      "ResponseHeaders": {
        "Cache-Control": "no-cache",
        "Content-Encoding": "gzip",
        "Content-Type": "application/json; charset=utf-8",
        "Date": "Fri, 04 Nov 2022 15:26:24 GMT",
        "Expires": "-1",
        "Pragma": "no-cache",
        "Request-Context": "appId=cid-v1:2d2e8e63-272e-4b3c-8598-4ee570a0e70d",
        "Strict-Transport-Security": "max-age=31536000; includeSubDomains",
        "Transfer-Encoding": "chunked",
        "Vary": "Accept-Encoding",
        "x-aml-cluster": "vienna-westcentralus-01",
        "X-Content-Type-Options": "nosniff",
        "x-ms-correlation-request-id": "5f9c7428-54ca-4797-80fa-e372537978c4",
        "x-ms-ratelimit-remaining-subscription-reads": "11985",
        "x-ms-response-type": "standard",
        "x-ms-routing-request-id": "CANADACENTRAL:20221104T152624Z:5f9c7428-54ca-4797-80fa-e372537978c4",
        "x-request-time": "0.046"
      },
      "ResponseBody": {
        "status": "Succeeded",
        "percentComplete": 100.0
      }
    }
  ],
  "Variables": {
    "reg_name": "test_999982296042"
  }
}
