interactions:
- request:
    body: null
    headers:
      Accept:
      - application/json
      Accept-Encoding:
      - gzip, deflate
      Connection:
      - keep-alive
      Content-Length:
      - '0'
      Content-Type:
      - application/json
      User-Agent:
      - azsdk-python-keyvault-secrets/4.3.0b1 Python/3.5.3 (Windows-10-10.0.19041-SP0)
    method: PUT
    uri: https://vaultname.vault.azure.net/secrets/livekvtestsecret0f61c1870?api-version=7.2
  response:
    body:
      string: '{"error":{"code":"Unauthorized","message":"Request is missing a Bearer
        or PoP token."}}'
    headers:
      cache-control:
      - no-cache
      content-length:
      - '87'
      content-type:
      - application/json; charset=utf-8
      date:
      - Fri, 07 May 2021 16:31:21 GMT
      expires:
      - '-1'
      pragma:
      - no-cache
      strict-transport-security:
      - max-age=31536000;includeSubDomains
      www-authenticate:
      - Bearer authorization="https://login.windows.net/72f988bf-86f1-41af-91ab-2d7cd011db47",
        resource="https://vault.azure.net"
      x-content-type-options:
      - nosniff
      x-ms-keyvault-network-info:
      - conn_type=Ipv4;addr=172.92.159.124;act_addr_fam=InterNetwork;
      x-ms-keyvault-region:
      - westus2
      x-ms-keyvault-service-version:
      - 1.2.265.0
      x-powered-by:
      - ASP.NET
    status:
      code: 401
      message: Unauthorized
- request:
    body: '{"value": "value0"}'
    headers:
      Accept:
      - application/json
      Accept-Encoding:
      - gzip, deflate
      Connection:
      - keep-alive
      Content-Length:
      - '19'
      Content-Type:
      - application/json
      User-Agent:
      - azsdk-python-keyvault-secrets/4.3.0b1 Python/3.5.3 (Windows-10-10.0.19041-SP0)
    method: PUT
    uri: https://vaultname.vault.azure.net/secrets/livekvtestsecret0f61c1870?api-version=7.2
  response:
    body:
      string: '{"value":"value0","id":"https://vaultname.vault.azure.net/secrets/livekvtestsecret0f61c1870/b7cf44ab1b884671b899cb2832e431c6","attributes":{"enabled":true,"created":1620405083,"updated":1620405083,"recoveryLevel":"Recoverable+Purgeable","recoverableDays":90}}'
    headers:
      cache-control:
      - no-cache
      content-length:
      - '260'
      content-type:
      - application/json; charset=utf-8
      date:
      - Fri, 07 May 2021 16:31:22 GMT
      expires:
      - '-1'
      pragma:
      - no-cache
      strict-transport-security:
      - max-age=31536000;includeSubDomains
      x-content-type-options:
      - nosniff
      x-ms-keyvault-network-info:
      - conn_type=Ipv4;addr=172.92.159.124;act_addr_fam=InterNetwork;
      x-ms-keyvault-region:
      - westus2
      x-ms-keyvault-service-version:
      - 1.2.265.0
      x-powered-by:
      - ASP.NET
    status:
      code: 200
      message: OK
- request:
    body: '{"value": "value1"}'
    headers:
      Accept:
      - application/json
      Accept-Encoding:
      - gzip, deflate
      Connection:
      - keep-alive
      Content-Length:
      - '19'
      Content-Type:
      - application/json
      User-Agent:
      - azsdk-python-keyvault-secrets/4.3.0b1 Python/3.5.3 (Windows-10-10.0.19041-SP0)
    method: PUT
    uri: https://vaultname.vault.azure.net/secrets/livekvtestsecret1f61c1870?api-version=7.2
  response:
    body:
      string: '{"value":"value1","id":"https://vaultname.vault.azure.net/secrets/livekvtestsecret1f61c1870/0cb9bcfdb64d4d0f80819f6461413642","attributes":{"enabled":true,"created":1620405083,"updated":1620405083,"recoveryLevel":"Recoverable+Purgeable","recoverableDays":90}}'
    headers:
      cache-control:
      - no-cache
      content-length:
      - '260'
      content-type:
      - application/json; charset=utf-8
      date:
      - Fri, 07 May 2021 16:31:23 GMT
      expires:
      - '-1'
      pragma:
      - no-cache
      strict-transport-security:
      - max-age=31536000;includeSubDomains
      x-content-type-options:
      - nosniff
      x-ms-keyvault-network-info:
      - conn_type=Ipv4;addr=172.92.159.124;act_addr_fam=InterNetwork;
      x-ms-keyvault-region:
      - westus2
      x-ms-keyvault-service-version:
      - 1.2.265.0
      x-powered-by:
      - ASP.NET
    status:
      code: 200
      message: OK
- request:
    body: '{"value": "value2"}'
    headers:
      Accept:
      - application/json
      Accept-Encoding:
      - gzip, deflate
      Connection:
      - keep-alive
      Content-Length:
      - '19'
      Content-Type:
      - application/json
      User-Agent:
      - azsdk-python-keyvault-secrets/4.3.0b1 Python/3.5.3 (Windows-10-10.0.19041-SP0)
    method: PUT
    uri: https://vaultname.vault.azure.net/secrets/livekvtestsecret2f61c1870?api-version=7.2
  response:
    body:
      string: '{"value":"value2","id":"https://vaultname.vault.azure.net/secrets/livekvtestsecret2f61c1870/98b0b7369b9340d0b269d3d2a5b56f96","attributes":{"enabled":true,"created":1620405084,"updated":1620405084,"recoveryLevel":"Recoverable+Purgeable","recoverableDays":90}}'
    headers:
      cache-control:
      - no-cache
      content-length:
      - '260'
      content-type:
      - application/json; charset=utf-8
      date:
      - Fri, 07 May 2021 16:31:23 GMT
      expires:
      - '-1'
      pragma:
      - no-cache
      strict-transport-security:
      - max-age=31536000;includeSubDomains
      x-content-type-options:
      - nosniff
      x-ms-keyvault-network-info:
      - conn_type=Ipv4;addr=172.92.159.124;act_addr_fam=InterNetwork;
      x-ms-keyvault-region:
      - westus2
      x-ms-keyvault-service-version:
      - 1.2.265.0
      x-powered-by:
      - ASP.NET
    status:
      code: 200
      message: OK
- request:
    body: '{"value": "value3"}'
    headers:
      Accept:
      - application/json
      Accept-Encoding:
      - gzip, deflate
      Connection:
      - keep-alive
      Content-Length:
      - '19'
      Content-Type:
      - application/json
      User-Agent:
      - azsdk-python-keyvault-secrets/4.3.0b1 Python/3.5.3 (Windows-10-10.0.19041-SP0)
    method: PUT
    uri: https://vaultname.vault.azure.net/secrets/livekvtestsecret3f61c1870?api-version=7.2
  response:
    body:
      string: '{"value":"value3","id":"https://vaultname.vault.azure.net/secrets/livekvtestsecret3f61c1870/0429645b69864330a55aaff366184fab","attributes":{"enabled":true,"created":1620405084,"updated":1620405084,"recoveryLevel":"Recoverable+Purgeable","recoverableDays":90}}'
    headers:
      cache-control:
      - no-cache
      content-length:
      - '260'
      content-type:
      - application/json; charset=utf-8
      date:
      - Fri, 07 May 2021 16:31:24 GMT
      expires:
      - '-1'
      pragma:
      - no-cache
      strict-transport-security:
      - max-age=31536000;includeSubDomains
      x-content-type-options:
      - nosniff
      x-ms-keyvault-network-info:
      - conn_type=Ipv4;addr=172.92.159.124;act_addr_fam=InterNetwork;
      x-ms-keyvault-region:
      - westus2
      x-ms-keyvault-service-version:
      - 1.2.265.0
      x-powered-by:
      - ASP.NET
    status:
      code: 200
      message: OK
- request:
    body: '{"value": "value4"}'
    headers:
      Accept:
      - application/json
      Accept-Encoding:
      - gzip, deflate
      Connection:
      - keep-alive
      Content-Length:
      - '19'
      Content-Type:
      - application/json
      User-Agent:
      - azsdk-python-keyvault-secrets/4.3.0b1 Python/3.5.3 (Windows-10-10.0.19041-SP0)
    method: PUT
    uri: https://vaultname.vault.azure.net/secrets/livekvtestsecret4f61c1870?api-version=7.2
  response:
    body:
      string: '{"value":"value4","id":"https://vaultname.vault.azure.net/secrets/livekvtestsecret4f61c1870/2d69abfafec94a668f457139921a6d37","attributes":{"enabled":true,"created":1620405085,"updated":1620405085,"recoveryLevel":"Recoverable+Purgeable","recoverableDays":90}}'
    headers:
      cache-control:
      - no-cache
      content-length:
      - '260'
      content-type:
      - application/json; charset=utf-8
      date:
      - Fri, 07 May 2021 16:31:24 GMT
      expires:
      - '-1'
      pragma:
      - no-cache
      strict-transport-security:
      - max-age=31536000;includeSubDomains
      x-content-type-options:
      - nosniff
      x-ms-keyvault-network-info:
      - conn_type=Ipv4;addr=172.92.159.124;act_addr_fam=InterNetwork;
      x-ms-keyvault-region:
      - westus2
      x-ms-keyvault-service-version:
      - 1.2.265.0
      x-powered-by:
      - ASP.NET
    status:
      code: 200
      message: OK
- request:
    body: '{"value": "value5"}'
    headers:
      Accept:
      - application/json
      Accept-Encoding:
      - gzip, deflate
      Connection:
      - keep-alive
      Content-Length:
      - '19'
      Content-Type:
      - application/json
      User-Agent:
      - azsdk-python-keyvault-secrets/4.3.0b1 Python/3.5.3 (Windows-10-10.0.19041-SP0)
    method: PUT
    uri: https://vaultname.vault.azure.net/secrets/livekvtestsecret5f61c1870?api-version=7.2
  response:
    body:
      string: '{"value":"value5","id":"https://vaultname.vault.azure.net/secrets/livekvtestsecret5f61c1870/dd828af6ee4b4f17bd045d782f87b759","attributes":{"enabled":true,"created":1620405085,"updated":1620405085,"recoveryLevel":"Recoverable+Purgeable","recoverableDays":90}}'
    headers:
      cache-control:
      - no-cache
      content-length:
      - '260'
      content-type:
      - application/json; charset=utf-8
      date:
      - Fri, 07 May 2021 16:31:25 GMT
      expires:
      - '-1'
      pragma:
      - no-cache
      strict-transport-security:
      - max-age=31536000;includeSubDomains
      x-content-type-options:
      - nosniff
      x-ms-keyvault-network-info:
      - conn_type=Ipv4;addr=172.92.159.124;act_addr_fam=InterNetwork;
      x-ms-keyvault-region:
      - westus2
      x-ms-keyvault-service-version:
      - 1.2.265.0
      x-powered-by:
      - ASP.NET
    status:
      code: 200
      message: OK
- request:
    body: '{"value": "value6"}'
    headers:
      Accept:
      - application/json
      Accept-Encoding:
      - gzip, deflate
      Connection:
      - keep-alive
      Content-Length:
      - '19'
      Content-Type:
      - application/json
      User-Agent:
      - azsdk-python-keyvault-secrets/4.3.0b1 Python/3.5.3 (Windows-10-10.0.19041-SP0)
    method: PUT
    uri: https://vaultname.vault.azure.net/secrets/livekvtestsecret6f61c1870?api-version=7.2
  response:
    body:
      string: '{"value":"value6","id":"https://vaultname.vault.azure.net/secrets/livekvtestsecret6f61c1870/eb646939dc4148dcac15258b3e5f6341","attributes":{"enabled":true,"created":1620405086,"updated":1620405086,"recoveryLevel":"Recoverable+Purgeable","recoverableDays":90}}'
    headers:
      cache-control:
      - no-cache
      content-length:
      - '260'
      content-type:
      - application/json; charset=utf-8
      date:
      - Fri, 07 May 2021 16:31:26 GMT
      expires:
      - '-1'
      pragma:
      - no-cache
      strict-transport-security:
      - max-age=31536000;includeSubDomains
      x-content-type-options:
      - nosniff
      x-ms-keyvault-network-info:
      - conn_type=Ipv4;addr=172.92.159.124;act_addr_fam=InterNetwork;
      x-ms-keyvault-region:
      - westus2
      x-ms-keyvault-service-version:
      - 1.2.265.0
      x-powered-by:
      - ASP.NET
    status:
      code: 200
      message: OK
- request:
    body: null
    headers:
      Accept:
      - application/json
      Accept-Encoding:
      - gzip, deflate
      Connection:
      - keep-alive
      User-Agent:
      - azsdk-python-keyvault-secrets/4.3.0b1 Python/3.5.3 (Windows-10-10.0.19041-SP0)
    method: GET
    uri: https://vaultname.vault.azure.net/secrets?api-version=7.2
  response:
    body:
      string: '{"value":[{"id":"https://vaultname.vault.azure.net/secrets/backupRestoreSecretName","attributes":{"enabled":true,"created":1617055095,"updated":1617055095,"recoveryLevel":"Recoverable+Purgeable","recoverableDays":90}},{"contentType":"application/x-pkcs12","id":"https://vaultname.vault.azure.net/secrets/livekvtestcertserialize3","managed":true,"attributes":{"enabled":true,"nbf":1619561103,"exp":1651097703,"created":1619561704,"updated":1619561704,"recoveryLevel":"Recoverable+Purgeable","recoverableDays":90}},{"id":"https://vaultname.vault.azure.net/secrets/livekvtestsec042d60fab","attributes":{"enabled":true,"created":1620404838,"updated":1620404838,"recoveryLevel":"Recoverable+Purgeable","recoverableDays":90}},{"id":"https://vaultname.vault.azure.net/secrets/livekvtestsec05279100c","attributes":{"enabled":true,"created":1620404493,"updated":1620404493,"recoveryLevel":"Recoverable+Purgeable","recoverableDays":90}},{"id":"https://vaultname.vault.azure.net/secrets/livekvtestsec142d60fab","attributes":{"enabled":true,"created":1620404839,"updated":1620404839,"recoveryLevel":"Recoverable+Purgeable","recoverableDays":90}},{"id":"https://vaultname.vault.azure.net/secrets/livekvtestsec15279100c","attributes":{"enabled":true,"created":1620404493,"updated":1620404493,"recoveryLevel":"Recoverable+Purgeable","recoverableDays":90}},{"id":"https://vaultname.vault.azure.net/secrets/livekvtestsec242d60fab","attributes":{"enabled":true,"created":1620404839,"updated":1620404839,"recoveryLevel":"Recoverable+Purgeable","recoverableDays":90}},{"id":"https://vaultname.vault.azure.net/secrets/livekvtestsec25279100c","attributes":{"enabled":true,"created":1620404494,"updated":1620404494,"recoveryLevel":"Recoverable+Purgeable","recoverableDays":90}},{"id":"https://vaultname.vault.azure.net/secrets/livekvtestsec342d60fab","attributes":{"enabled":true,"created":1620404840,"updated":1620404840,"recoveryLevel":"Recoverable+Purgeable","recoverableDays":90}},{"id":"https://vaultname.vault.azure.net/secrets/livekvtestsec35279100c","attributes":{"enabled":true,"created":1620404494,"updated":1620404494,"recoveryLevel":"Recoverable+Purgeable","recoverableDays":90}},{"id":"https://vaultname.vault.azure.net/secrets/livekvtestsec442d60fab","attributes":{"enabled":true,"created":1620404840,"updated":1620404840,"recoveryLevel":"Recoverable+Purgeable","recoverableDays":90}},{"id":"https://vaultname.vault.azure.net/secrets/livekvtestsec45279100c","attributes":{"enabled":true,"created":1620404494,"updated":1620404494,"recoveryLevel":"Recoverable+Purgeable","recoverableDays":90}},{"id":"https://vaultname.vault.azure.net/secrets/livekvtestsec542d60fab","attributes":{"enabled":true,"created":1620404841,"updated":1620404841,"recoveryLevel":"Recoverable+Purgeable","recoverableDays":90}},{"id":"https://vaultname.vault.azure.net/secrets/livekvtestsec55279100c","attributes":{"enabled":true,"created":1620404494,"updated":1620404494,"recoveryLevel":"Recoverable+Purgeable","recoverableDays":90}},{"id":"https://vaultname.vault.azure.net/secrets/livekvtestsec642d60fab","attributes":{"enabled":true,"created":1620404841,"updated":1620404841,"recoveryLevel":"Recoverable+Purgeable","recoverableDays":90}},{"id":"https://vaultname.vault.azure.net/secrets/livekvtestsec65279100c","attributes":{"enabled":true,"created":1620404494,"updated":1620404494,"recoveryLevel":"Recoverable+Purgeable","recoverableDays":90}},{"id":"https://vaultname.vault.azure.net/secrets/livekvtestsec65b5109e","attributes":{"enabled":true,"created":1620404766,"updated":1620404766,"recoveryLevel":"Recoverable+Purgeable","recoverableDays":90}},{"id":"https://vaultname.vault.azure.net/secrets/livekvtestsecbak74f710e3","attributes":{"enabled":true,"created":1620404733,"updated":1620404733,"recoveryLevel":"Recoverable+Purgeable","recoverableDays":90}},{"id":"https://vaultname.vault.azure.net/secrets/livekvtestsecbak85bd1144","attributes":{"enabled":true,"created":1620404102,"updated":1620404102,"recoveryLevel":"Recoverable+Purgeable","recoverableDays":90}},{"id":"https://vaultname.vault.azure.net/secrets/livekvtestsecret-name85aa111b","attributes":{"enabled":true,"created":1620404767,"updated":1620404767,"recoveryLevel":"Recoverable+Purgeable","recoverableDays":90}},{"id":"https://vaultname.vault.azure.net/secrets/livekvtestsecret-name93b81ada","attributes":{"enabled":true,"created":1620404999,"updated":1620404999,"recoveryLevel":"Recoverable+Purgeable","recoverableDays":90}},{"id":"https://vaultname.vault.azure.net/secrets/livekvtestsecret-name96d1117c","attributes":{"enabled":true,"created":1620404216,"updated":1620404216,"recoveryLevel":"Recoverable+Purgeable","recoverableDays":90}}],"nextLink":"https://vaultname.vault.azure.net:443/secrets?api-version=7.2&$skiptoken=eyJOZXh0TWFya2VyIjoiMiExMDghTURBd01ETTJJWE5sWTNKbGRDOU1TVlpGUzFaVVJWTlVVMFZEVWtWVUxVNUJUVVU1TjBVeE1URTRPQ0V3TURBd01qZ2hPVGs1T1MweE1pMHpNVlF5TXpvMU9UbzFPUzQ1T1RrNU9UazVXaUUtIiwiVGFyZ2V0TG9jYXRpb24iOjB9"}'
    headers:
      cache-control:
      - no-cache
      content-length:
      - '4988'
      content-type:
      - application/json; charset=utf-8
      date:
      - Fri, 07 May 2021 16:31:26 GMT
      expires:
      - '-1'
      pragma:
      - no-cache
      strict-transport-security:
      - max-age=31536000;includeSubDomains
      x-content-type-options:
      - nosniff
      x-ms-keyvault-network-info:
      - conn_type=Ipv4;addr=172.92.159.124;act_addr_fam=InterNetwork;
      x-ms-keyvault-region:
      - westus2
      x-ms-keyvault-service-version:
      - 1.2.265.0
      x-powered-by:
      - ASP.NET
    status:
      code: 200
      message: OK
- request:
    body: null
    headers:
      Accept:
      - application/json
      Accept-Encoding:
      - gzip, deflate
      Connection:
      - keep-alive
      User-Agent:
      - azsdk-python-keyvault-secrets/4.3.0b1 Python/3.5.3 (Windows-10-10.0.19041-SP0)
    method: GET
    uri: https://vaultname.vault.azure.net/secrets?api-version=7.2&$skiptoken=eyJOZXh0TWFya2VyIjoiMiExMDghTURBd01ETTJJWE5sWTNKbGRDOU1TVlpGUzFaVVJWTlVVMFZEVWtWVUxVNUJUVVU1TjBVeE1URTRPQ0V3TURBd01qZ2hPVGs1T1MweE1pMHpNVlF5TXpvMU9UbzFPUzQ1T1RrNU9UazVXaUUtIiwiVGFyZ2V0TG9jYXRpb24iOjB9
  response:
    body:
      string: '{"value":[{"id":"https://vaultname.vault.azure.net/secrets/livekvtestsecret-name97e11188","attributes":{"enabled":true,"created":1620404827,"updated":1620404827,"recoveryLevel":"Recoverable+Purgeable","recoverableDays":90}},{"id":"https://vaultname.vault.azure.net/secrets/livekvtestsecret-namea96911e9","attributes":{"enabled":true,"created":1620404216,"updated":1620404216,"recoveryLevel":"Recoverable+Purgeable","recoverableDays":90}},{"id":"https://vaultname.vault.azure.net/secrets/livekvtestsecret-nameddcb17f7","attributes":{"enabled":true,"created":1620404991,"updated":1620404991,"recoveryLevel":"Recoverable+Purgeable","recoverableDays":90}},{"id":"https://vaultname.vault.azure.net/secrets/livekvtestsecret012f90e61","attributes":{"enabled":true,"created":1620404313,"updated":1620404313,"recoveryLevel":"Recoverable+Purgeable","recoverableDays":90}},{"id":"https://vaultname.vault.azure.net/secrets/livekvtestsecret094d61aed","attributes":{"enabled":true,"created":1620404988,"updated":1620404988,"recoveryLevel":"Recoverable+Purgeable","recoverableDays":90}},{"id":"https://vaultname.vault.azure.net/secrets/livekvtestsecret0f61c1870","attributes":{"enabled":true,"created":1620405083,"updated":1620405083,"recoveryLevel":"Recoverable+Purgeable","recoverableDays":90}},{"id":"https://vaultname.vault.azure.net/secrets/livekvtestsecret112f90e61","attributes":{"enabled":true,"created":1620404313,"updated":1620404313,"recoveryLevel":"Recoverable+Purgeable","recoverableDays":90}},{"id":"https://vaultname.vault.azure.net/secrets/livekvtestsecret194d61aed","attributes":{"enabled":true,"created":1620404988,"updated":1620404988,"recoveryLevel":"Recoverable+Purgeable","recoverableDays":90}},{"id":"https://vaultname.vault.azure.net/secrets/livekvtestsecret1f61c1870","attributes":{"enabled":true,"created":1620405083,"updated":1620405083,"recoveryLevel":"Recoverable+Purgeable","recoverableDays":90}},{"id":"https://vaultname.vault.azure.net/secrets/livekvtestsecret212f90e61","attributes":{"enabled":true,"created":1620404313,"updated":1620404313,"recoveryLevel":"Recoverable+Purgeable","recoverableDays":90}},{"id":"https://vaultname.vault.azure.net/secrets/livekvtestsecret294d61aed","attributes":{"enabled":true,"created":1620404988,"updated":1620404988,"recoveryLevel":"Recoverable+Purgeable","recoverableDays":90}},{"id":"https://vaultname.vault.azure.net/secrets/livekvtestsecret2f61c1870","attributes":{"enabled":true,"created":1620405084,"updated":1620405084,"recoveryLevel":"Recoverable+Purgeable","recoverableDays":90}}],"nextLink":"https://vaultname.vault.azure.net:443/secrets?api-version=7.2&$skiptoken=eyJOZXh0TWFya2VyIjoiMiExMDQhTURBd01ETXlJWE5sWTNKbGRDOU1TVlpGUzFaVVJWTlVVMFZEVWtWVU16RXlSamt3UlRZeElUQXdNREF5T0NFNU9UazVMVEV5TFRNeFZESXpPalU1T2pVNUxqazVPVGs1T1RsYUlRLS0iLCJUYXJnZXRMb2NhdGlvbiI6MH0"}'
    headers:
      cache-control:
      - no-cache
      content-length:
      - '2838'
      content-type:
      - application/json; charset=utf-8
      date:
      - Fri, 07 May 2021 16:31:26 GMT
      expires:
      - '-1'
      pragma:
      - no-cache
      strict-transport-security:
      - max-age=31536000;includeSubDomains
      x-content-type-options:
      - nosniff
      x-ms-keyvault-network-info:
      - conn_type=Ipv4;addr=172.92.159.124;act_addr_fam=InterNetwork;
      x-ms-keyvault-region:
      - westus2
      x-ms-keyvault-service-version:
      - 1.2.265.0
      x-powered-by:
      - ASP.NET
    status:
      code: 200
      message: OK
- request:
    body: null
    headers:
      Accept:
      - application/json
      Accept-Encoding:
      - gzip, deflate
      Connection:
      - keep-alive
      User-Agent:
      - azsdk-python-keyvault-secrets/4.3.0b1 Python/3.5.3 (Windows-10-10.0.19041-SP0)
    method: GET
    uri: https://vaultname.vault.azure.net/secrets?api-version=7.2&$skiptoken=eyJOZXh0TWFya2VyIjoiMiExMDQhTURBd01ETXlJWE5sWTNKbGRDOU1TVlpGUzFaVVJWTlVVMFZEVWtWVU16RXlSamt3UlRZeElUQXdNREF5T0NFNU9UazVMVEV5TFRNeFZESXpPalU1T2pVNUxqazVPVGs1T1RsYUlRLS0iLCJUYXJnZXRMb2NhdGlvbiI6MH0
  response:
    body:
      string: '{"value":[{"id":"https://vaultname.vault.azure.net/secrets/livekvtestsecret312f90e61","attributes":{"enabled":true,"created":1620404313,"updated":1620404313,"recoveryLevel":"Recoverable+Purgeable","recoverableDays":90}},{"id":"https://vaultname.vault.azure.net/secrets/livekvtestsecret394d61aed","attributes":{"enabled":true,"created":1620404988,"updated":1620404988,"recoveryLevel":"Recoverable+Purgeable","recoverableDays":90}},{"id":"https://vaultname.vault.azure.net/secrets/livekvtestsecret3f61c1870","attributes":{"enabled":true,"created":1620405084,"updated":1620405084,"recoveryLevel":"Recoverable+Purgeable","recoverableDays":90}},{"id":"https://vaultname.vault.azure.net/secrets/livekvtestsecret412f90e61","attributes":{"enabled":true,"created":1620404314,"updated":1620404314,"recoveryLevel":"Recoverable+Purgeable","recoverableDays":90}},{"id":"https://vaultname.vault.azure.net/secrets/livekvtestsecret494d61aed","attributes":{"enabled":true,"created":1620404989,"updated":1620404989,"recoveryLevel":"Recoverable+Purgeable","recoverableDays":90}},{"id":"https://vaultname.vault.azure.net/secrets/livekvtestsecret4f61c1870","attributes":{"enabled":true,"created":1620405085,"updated":1620405085,"recoveryLevel":"Recoverable+Purgeable","recoverableDays":90}},{"id":"https://vaultname.vault.azure.net/secrets/livekvtestsecret512f90e61","attributes":{"enabled":true,"created":1620404314,"updated":1620404314,"recoveryLevel":"Recoverable+Purgeable","recoverableDays":90}},{"id":"https://vaultname.vault.azure.net/secrets/livekvtestsecret594d61aed","attributes":{"enabled":true,"created":1620404989,"updated":1620404989,"recoveryLevel":"Recoverable+Purgeable","recoverableDays":90}},{"id":"https://vaultname.vault.azure.net/secrets/livekvtestsecret5f61c1870","attributes":{"enabled":true,"created":1620405085,"updated":1620405085,"recoveryLevel":"Recoverable+Purgeable","recoverableDays":90}},{"id":"https://vaultname.vault.azure.net/secrets/livekvtestsecret612f90e61","attributes":{"enabled":true,"created":1620404314,"updated":1620404314,"recoveryLevel":"Recoverable+Purgeable","recoverableDays":90}},{"id":"https://vaultname.vault.azure.net/secrets/livekvtestsecret694d61aed","attributes":{"enabled":true,"created":1620404989,"updated":1620404989,"recoveryLevel":"Recoverable+Purgeable","recoverableDays":90}}],"nextLink":"https://vaultname.vault.azure.net:443/secrets?api-version=7.2&$skiptoken=eyJOZXh0TWFya2VyIjoiMiExMDQhTURBd01ETXlJWE5sWTNKbGRDOU1TVlpGUzFaVVJWTlVVMFZEVWtWVU5rVTRPREV3UkRKRUlUQXdNREF5T0NFNU9UazVMVEV5TFRNeFZESXpPalU1T2pVNUxqazVPVGs1T1RsYUlRLS0iLCJUYXJnZXRMb2NhdGlvbiI6MH0"}'
    headers:
      cache-control:
      - no-cache
      content-length:
      - '2615'
      content-type:
      - application/json; charset=utf-8
      date:
      - Fri, 07 May 2021 16:31:26 GMT
      expires:
      - '-1'
      pragma:
      - no-cache
      strict-transport-security:
      - max-age=31536000;includeSubDomains
      x-content-type-options:
      - nosniff
      x-ms-keyvault-network-info:
      - conn_type=Ipv4;addr=172.92.159.124;act_addr_fam=InterNetwork;
      x-ms-keyvault-region:
      - westus2
      x-ms-keyvault-service-version:
      - 1.2.265.0
      x-powered-by:
      - ASP.NET
    status:
      code: 200
      message: OK
- request:
    body: null
    headers:
      Accept:
      - application/json
      Accept-Encoding:
      - gzip, deflate
      Connection:
      - keep-alive
      User-Agent:
      - azsdk-python-keyvault-secrets/4.3.0b1 Python/3.5.3 (Windows-10-10.0.19041-SP0)
    method: GET
    uri: https://vaultname.vault.azure.net/secrets?api-version=7.2&$skiptoken=eyJOZXh0TWFya2VyIjoiMiExMDQhTURBd01ETXlJWE5sWTNKbGRDOU1TVlpGUzFaVVJWTlVVMFZEVWtWVU5rVTRPREV3UkRKRUlUQXdNREF5T0NFNU9UazVMVEV5TFRNeFZESXpPalU1T2pVNUxqazVPVGs1T1RsYUlRLS0iLCJUYXJnZXRMb2NhdGlvbiI6MH0
  response:
    body:
      string: '{"value":[{"id":"https://vaultname.vault.azure.net/secrets/livekvtestsecret6f61c1870","attributes":{"enabled":true,"created":1620405086,"updated":1620405086,"recoveryLevel":"Recoverable+Purgeable","recoverableDays":90}},{"id":"https://vaultname.vault.azure.net/secrets/livekvtestsecVer761a10ff","attributes":{"enabled":true,"created":1620404214,"updated":1620404214,"recoveryLevel":"Recoverable+Purgeable","recoverableDays":90}}],"nextLink":null}'
    headers:
      cache-control:
      - no-cache
      content-length:
      - '448'
      content-type:
      - application/json; charset=utf-8
      date:
      - Fri, 07 May 2021 16:31:26 GMT
      expires:
      - '-1'
      pragma:
      - no-cache
      strict-transport-security:
      - max-age=31536000;includeSubDomains
      x-content-type-options:
      - nosniff
      x-ms-keyvault-network-info:
      - conn_type=Ipv4;addr=172.92.159.124;act_addr_fam=InterNetwork;
      x-ms-keyvault-region:
      - westus2
      x-ms-keyvault-service-version:
      - 1.2.265.0
      x-powered-by:
      - ASP.NET
    status:
      code: 200
      message: OK
- request:
    body: null
    headers:
      Accept:
      - application/json
      Accept-Encoding:
      - gzip, deflate
      Connection:
      - keep-alive
      User-Agent:
      - azsdk-python-keyvault-secrets/4.3.0b1 Python/3.5.3 (Windows-10-10.0.19041-SP0)
    method: GET
    uri: https://vaultname.vault.azure.net/secrets/secret-name/versions?api-version=7.2
  response:
    body:
      string: '{"value":[],"nextLink":null}'
    headers:
      cache-control:
      - no-cache
      content-length:
      - '28'
      content-type:
      - application/json; charset=utf-8
      date:
      - Fri, 07 May 2021 16:31:26 GMT
      expires:
      - '-1'
      pragma:
      - no-cache
      strict-transport-security:
      - max-age=31536000;includeSubDomains
      x-content-type-options:
      - nosniff
      x-ms-keyvault-network-info:
      - conn_type=Ipv4;addr=172.92.159.124;act_addr_fam=InterNetwork;
      x-ms-keyvault-region:
      - westus2
      x-ms-keyvault-service-version:
      - 1.2.265.0
      x-powered-by:
      - ASP.NET
    status:
      code: 200
      message: OK
- request:
    body: null
    headers:
      Accept:
      - application/json
      Accept-Encoding:
      - gzip, deflate
      Connection:
      - keep-alive
      User-Agent:
      - azsdk-python-keyvault-secrets/4.3.0b1 Python/3.5.3 (Windows-10-10.0.19041-SP0)
    method: GET
    uri: https://vaultname.vault.azure.net/deletedsecrets?api-version=7.2
  response:
    body:
      string: '{"value":[{"recoveryId":"https://vaultname.vault.azure.net/deletedsecrets/livekvtestcrud-secret236f14a1","deletedDate":1620404492,"scheduledPurgeDate":1628180492,"contentType":"text/plain","id":"https://vaultname.vault.azure.net/secrets/livekvtestcrud-secret236f14a1","attributes":{"enabled":false,"nbf":1422864000,"exp":2524723200,"created":1620404491,"updated":1620404492,"recoveryLevel":"Recoverable+Purgeable","recoverableDays":90},"tags":{"foo":"updated
        tag"}},{"recoveryId":"https://vaultname.vault.azure.net/deletedsecrets/livekvtestcrud-secretfa11440","deletedDate":1620404829,"scheduledPurgeDate":1628180829,"contentType":"text/plain","id":"https://vaultname.vault.azure.net/secrets/livekvtestcrud-secretfa11440","attributes":{"enabled":false,"nbf":1422864000,"exp":2527401600,"created":1620404828,"updated":1620404829,"recoveryLevel":"Recoverable+Purgeable","recoverableDays":90},"tags":{"foo":"updated
        tag"}}],"nextLink":"https://vaultname.vault.azure.net:443/deletedsecrets?api-version=7.2&$skiptoken=eyJOZXh0TWFya2VyIjoiMiExNDQhTURBd01EWXlJWE5sWTNKbGRDOU1TVlpGUzFaVVJWTlVVMFZETkRReVJEWXdSa0ZDTHpJd01ERTVOVEkyUVRaRE5qUkJORFE1UVVFeVJUSkVOVGt3TUVFNVJFSkdJVEF3TURBeU9DRTVPVGs1TFRFeUxUTXhWREl6T2pVNU9qVTVMams1T1RrNU9UbGFJUS0tIiwiVGFyZ2V0TG9jYXRpb24iOjB9"}'
    headers:
      cache-control:
      - no-cache
      content-length:
      - '1268'
      content-type:
      - application/json; charset=utf-8
      date:
      - Fri, 07 May 2021 16:31:27 GMT
      expires:
      - '-1'
      pragma:
      - no-cache
      strict-transport-security:
      - max-age=31536000;includeSubDomains
      x-content-type-options:
      - nosniff
      x-ms-keyvault-network-info:
      - conn_type=Ipv4;addr=172.92.159.124;act_addr_fam=InterNetwork;
      x-ms-keyvault-region:
      - westus2
      x-ms-keyvault-service-version:
      - 1.2.265.0
      x-powered-by:
      - ASP.NET
    status:
      code: 200
      message: OK
- request:
    body: null
    headers:
      Accept:
      - application/json
      Accept-Encoding:
      - gzip, deflate
      Connection:
      - keep-alive
      User-Agent:
      - azsdk-python-keyvault-secrets/4.3.0b1 Python/3.5.3 (Windows-10-10.0.19041-SP0)
    method: GET
    uri: https://vaultname.vault.azure.net/deletedsecrets?api-version=7.2&$skiptoken=eyJOZXh0TWFya2VyIjoiMiExNDQhTURBd01EWXlJWE5sWTNKbGRDOU1TVlpGUzFaVVJWTlVVMFZETkRReVJEWXdSa0ZDTHpJd01ERTVOVEkyUVRaRE5qUkJORFE1UVVFeVJUSkVOVGt3TUVFNVJFSkdJVEF3TURBeU9DRTVPVGs1TFRFeUxUTXhWREl6T2pVNU9qVTVMams1T1RrNU9UbGFJUS0tIiwiVGFyZ2V0TG9jYXRpb24iOjB9
  response:
    body:
      string: '{"value":[{"recoveryId":"https://vaultname.vault.azure.net/deletedsecrets/livekvtestsecret-name93ef1adf","deletedDate":1620404988,"scheduledPurgeDate":1628180988,"contentType":"text/plain","id":"https://vaultname.vault.azure.net/secrets/livekvtestsecret-name93ef1adf","attributes":{"enabled":true,"exp":2527401600,"created":1620404988,"updated":1620404988,"recoveryLevel":"Recoverable+Purgeable","recoverableDays":90},"tags":{"foo":"updated
        tag"}}],"nextLink":"https://vaultname.vault.azure.net:443/deletedsecrets?api-version=7.2&$skiptoken=eyJOZXh0TWFya2VyIjoiMiExMDghTURBd01ETTJJWE5sWTNKbGRDOU1TVlpGUzFaVVJWTlVVMFZEVWtWVUxVNUJUVVU1TjBVeE1URTRPQ0V3TURBd01qZ2hPVGs1T1MweE1pMHpNVlF5TXpvMU9UbzFPUzQ1T1RrNU9UazVXaUUtIiwiVGFyZ2V0TG9jYXRpb24iOjB9"}'
    headers:
      cache-control:
      - no-cache
      content-length:
      - '746'
      content-type:
      - application/json; charset=utf-8
      date:
      - Fri, 07 May 2021 16:31:27 GMT
      expires:
      - '-1'
      pragma:
      - no-cache
      strict-transport-security:
      - max-age=31536000;includeSubDomains
      x-content-type-options:
      - nosniff
      x-ms-keyvault-network-info:
      - conn_type=Ipv4;addr=172.92.159.124;act_addr_fam=InterNetwork;
      x-ms-keyvault-region:
      - westus2
      x-ms-keyvault-service-version:
      - 1.2.265.0
      x-powered-by:
      - ASP.NET
    status:
      code: 200
      message: OK
- request:
    body: null
    headers:
      Accept:
      - application/json
      Accept-Encoding:
      - gzip, deflate
      Connection:
      - keep-alive
      User-Agent:
      - azsdk-python-keyvault-secrets/4.3.0b1 Python/3.5.3 (Windows-10-10.0.19041-SP0)
    method: GET
    uri: https://vaultname.vault.azure.net/deletedsecrets?api-version=7.2&$skiptoken=eyJOZXh0TWFya2VyIjoiMiExMDghTURBd01ETTJJWE5sWTNKbGRDOU1TVlpGUzFaVVJWTlVVMFZEVWtWVUxVNUJUVVU1TjBVeE1URTRPQ0V3TURBd01qZ2hPVGs1T1MweE1pMHpNVlF5TXpvMU9UbzFPUzQ1T1RrNU9UazVXaUUtIiwiVGFyZ2V0TG9jYXRpb24iOjB9
  response:
    body:
      string: '{"value":[{"recoveryId":"https://vaultname.vault.azure.net/deletedsecrets/livekvtestsecret04da0e00","deletedDate":1620404933,"scheduledPurgeDate":1628180933,"id":"https://vaultname.vault.azure.net/secrets/livekvtestsecret04da0e00","attributes":{"enabled":true,"created":1620404863,"updated":1620404863,"recoveryLevel":"Recoverable+Purgeable","recoverableDays":90}},{"recoveryId":"https://vaultname.vault.azure.net/deletedsecrets/livekvtestsecret0e5a91354","deletedDate":1620404788,"scheduledPurgeDate":1628180788,"id":"https://vaultname.vault.azure.net/secrets/livekvtestsecret0e5a91354","attributes":{"enabled":true,"created":1620404733,"updated":1620404733,"recoveryLevel":"Recoverable+Purgeable","recoverableDays":90}},{"recoveryId":"https://vaultname.vault.azure.net/deletedsecrets/livekvtestsecret0e8810d2d","deletedDate":1620404826,"scheduledPurgeDate":1628180826,"id":"https://vaultname.vault.azure.net/secrets/livekvtestsecret0e8810d2d","attributes":{"enabled":true,"created":1620404768,"updated":1620404768,"recoveryLevel":"Recoverable+Purgeable","recoverableDays":90}},{"recoveryId":"https://vaultname.vault.azure.net/deletedsecrets/livekvtestsecret0f8b513b5","deletedDate":1620404201,"scheduledPurgeDate":1628180201,"id":"https://vaultname.vault.azure.net/secrets/livekvtestsecret0f8b513b5","attributes":{"enabled":true,"created":1620404131,"updated":1620404131,"recoveryLevel":"Recoverable+Purgeable","recoverableDays":90}},{"recoveryId":"https://vaultname.vault.azure.net/deletedsecrets/livekvtestsecret14da0e00","deletedDate":1620404910,"scheduledPurgeDate":1628180910,"id":"https://vaultname.vault.azure.net/secrets/livekvtestsecret14da0e00","attributes":{"enabled":true,"created":1620404863,"updated":1620404863,"recoveryLevel":"Recoverable+Purgeable","recoverableDays":90}}],"nextLink":"https://vaultname.vault.azure.net:443/deletedsecrets?api-version=7.2&$skiptoken=eyJOZXh0TWFya2VyIjoiMiExNDQhTURBd01EWTBJWE5sWTNKbGRDOU1TVlpGUzFaVVJWTlVVMFZEVWtWVU1UUkVRVEJGTURBdk5rWTFSalUyUVRKR05qQTRORFV4TlVJd1FVSkROa0V3UmpZM056STFRVEloTURBd01ESTRJVGs1T1RrdE1USXRNekZVTWpNNk5UazZOVGt1T1RrNU9UazVPVm9oIiwiVGFyZ2V0TG9jYXRpb24iOjB9"}'
    headers:
      cache-control:
      - no-cache
      content-length:
      - '2145'
      content-type:
      - application/json; charset=utf-8
      date:
      - Fri, 07 May 2021 16:31:27 GMT
      expires:
      - '-1'
      pragma:
      - no-cache
      strict-transport-security:
      - max-age=31536000;includeSubDomains
      x-content-type-options:
      - nosniff
      x-ms-keyvault-network-info:
      - conn_type=Ipv4;addr=172.92.159.124;act_addr_fam=InterNetwork;
      x-ms-keyvault-region:
      - westus2
      x-ms-keyvault-service-version:
      - 1.2.265.0
      x-powered-by:
      - ASP.NET
    status:
      code: 200
      message: OK
- request:
    body: null
    headers:
      Accept:
      - application/json
      Accept-Encoding:
      - gzip, deflate
      Connection:
      - keep-alive
      User-Agent:
      - azsdk-python-keyvault-secrets/4.3.0b1 Python/3.5.3 (Windows-10-10.0.19041-SP0)
    method: GET
    uri: https://vaultname.vault.azure.net/deletedsecrets?api-version=7.2&$skiptoken=eyJOZXh0TWFya2VyIjoiMiExNDQhTURBd01EWTBJWE5sWTNKbGRDOU1TVlpGUzFaVVJWTlVVMFZEVWtWVU1UUkVRVEJGTURBdk5rWTFSalUyUVRKR05qQTRORFV4TlVJd1FVSkROa0V3UmpZM056STFRVEloTURBd01ESTRJVGs1T1RrdE1USXRNekZVTWpNNk5UazZOVGt1T1RrNU9UazVPVm9oIiwiVGFyZ2V0TG9jYXRpb24iOjB9
  response:
    body:
      string: '{"value":[{"recoveryId":"https://vaultname.vault.azure.net/deletedsecrets/livekvtestsecret1e5a91354","deletedDate":1620404801,"scheduledPurgeDate":1628180801,"id":"https://vaultname.vault.azure.net/secrets/livekvtestsecret1e5a91354","attributes":{"enabled":true,"created":1620404733,"updated":1620404733,"recoveryLevel":"Recoverable+Purgeable","recoverableDays":90}},{"recoveryId":"https://vaultname.vault.azure.net/deletedsecrets/livekvtestsecret1e8810d2d","deletedDate":1620404801,"scheduledPurgeDate":1628180801,"id":"https://vaultname.vault.azure.net/secrets/livekvtestsecret1e8810d2d","attributes":{"enabled":true,"created":1620404768,"updated":1620404768,"recoveryLevel":"Recoverable+Purgeable","recoverableDays":90}},{"recoveryId":"https://vaultname.vault.azure.net/deletedsecrets/livekvtestsecret1f8b513b5","deletedDate":1620404153,"scheduledPurgeDate":1628180153,"id":"https://vaultname.vault.azure.net/secrets/livekvtestsecret1f8b513b5","attributes":{"enabled":true,"created":1620404131,"updated":1620404131,"recoveryLevel":"Recoverable+Purgeable","recoverableDays":90}},{"recoveryId":"https://vaultname.vault.azure.net/deletedsecrets/livekvtestsecret24da0e00","deletedDate":1620404921,"scheduledPurgeDate":1628180921,"id":"https://vaultname.vault.azure.net/secrets/livekvtestsecret24da0e00","attributes":{"enabled":true,"created":1620404863,"updated":1620404863,"recoveryLevel":"Recoverable+Purgeable","recoverableDays":90}},{"recoveryId":"https://vaultname.vault.azure.net/deletedsecrets/livekvtestsecret2e5a91354","deletedDate":1620404734,"scheduledPurgeDate":1628180734,"id":"https://vaultname.vault.azure.net/secrets/livekvtestsecret2e5a91354","attributes":{"enabled":true,"created":1620404734,"updated":1620404734,"recoveryLevel":"Recoverable+Purgeable","recoverableDays":90}},{"recoveryId":"https://vaultname.vault.azure.net/deletedsecrets/livekvtestsecret2e8810d2d","deletedDate":1620404789,"scheduledPurgeDate":1628180789,"id":"https://vaultname.vault.azure.net/secrets/livekvtestsecret2e8810d2d","attributes":{"enabled":true,"created":1620404768,"updated":1620404768,"recoveryLevel":"Recoverable+Purgeable","recoverableDays":90}},{"recoveryId":"https://vaultname.vault.azure.net/deletedsecrets/livekvtestsecret2f8b513b5","deletedDate":1620404132,"scheduledPurgeDate":1628180132,"id":"https://vaultname.vault.azure.net/secrets/livekvtestsecret2f8b513b5","attributes":{"enabled":true,"created":1620404131,"updated":1620404131,"recoveryLevel":"Recoverable+Purgeable","recoverableDays":90}}],"nextLink":"https://vaultname.vault.azure.net:443/deletedsecrets?api-version=7.2&$skiptoken=eyJOZXh0TWFya2VyIjoiMiExMDQhTURBd01ETXlJWE5sWTNKbGRDOU1TVlpGUzFaVVJWTlVVMFZEVWtWVU16RXlSamt3UlRZeElUQXdNREF5T0NFNU9UazVMVEV5TFRNeFZESXpPalU1T2pVNUxqazVPVGs1T1RsYUlRLS0iLCJUYXJnZXRMb2NhdGlvbiI6MH0"}'
    headers:
      cache-control:
      - no-cache
      content-length:
      - '2812'
      content-type:
      - application/json; charset=utf-8
      date:
      - Fri, 07 May 2021 16:31:27 GMT
      expires:
      - '-1'
      pragma:
      - no-cache
      strict-transport-security:
      - max-age=31536000;includeSubDomains
      x-content-type-options:
      - nosniff
      x-ms-keyvault-network-info:
      - conn_type=Ipv4;addr=172.92.159.124;act_addr_fam=InterNetwork;
      x-ms-keyvault-region:
      - westus2
      x-ms-keyvault-service-version:
      - 1.2.265.0
      x-powered-by:
      - ASP.NET
    status:
      code: 200
      message: OK
- request:
    body: null
    headers:
      Accept:
      - application/json
      Accept-Encoding:
      - gzip, deflate
      Connection:
      - keep-alive
      User-Agent:
      - azsdk-python-keyvault-secrets/4.3.0b1 Python/3.5.3 (Windows-10-10.0.19041-SP0)
    method: GET
    uri: https://vaultname.vault.azure.net/deletedsecrets?api-version=7.2&$skiptoken=eyJOZXh0TWFya2VyIjoiMiExMDQhTURBd01ETXlJWE5sWTNKbGRDOU1TVlpGUzFaVVJWTlVVMFZEVWtWVU16RXlSamt3UlRZeElUQXdNREF5T0NFNU9UazVMVEV5TFRNeFZESXpPalU1T2pVNUxqazVPVGs1T1RsYUlRLS0iLCJUYXJnZXRMb2NhdGlvbiI6MH0
  response:
    body:
      string: '{"value":[{"recoveryId":"https://vaultname.vault.azure.net/deletedsecrets/livekvtestsecret34da0e00","deletedDate":1620404900,"scheduledPurgeDate":1628180900,"id":"https://vaultname.vault.azure.net/secrets/livekvtestsecret34da0e00","attributes":{"enabled":true,"created":1620404863,"updated":1620404863,"recoveryLevel":"Recoverable+Purgeable","recoverableDays":90}},{"recoveryId":"https://vaultname.vault.azure.net/deletedsecrets/livekvtestsecret3e5a91354","deletedDate":1620404813,"scheduledPurgeDate":1628180813,"id":"https://vaultname.vault.azure.net/secrets/livekvtestsecret3e5a91354","attributes":{"enabled":true,"created":1620404734,"updated":1620404734,"recoveryLevel":"Recoverable+Purgeable","recoverableDays":90}},{"recoveryId":"https://vaultname.vault.azure.net/deletedsecrets/livekvtestsecret3e8810d2d","deletedDate":1620404849,"scheduledPurgeDate":1628180849,"id":"https://vaultname.vault.azure.net/secrets/livekvtestsecret3e8810d2d","attributes":{"enabled":true,"created":1620404769,"updated":1620404769,"recoveryLevel":"Recoverable+Purgeable","recoverableDays":90}},{"recoveryId":"https://vaultname.vault.azure.net/deletedsecrets/livekvtestsecret3f8b513b5","deletedDate":1620404189,"scheduledPurgeDate":1628180189,"id":"https://vaultname.vault.azure.net/secrets/livekvtestsecret3f8b513b5","attributes":{"enabled":true,"created":1620404132,"updated":1620404132,"recoveryLevel":"Recoverable+Purgeable","recoverableDays":90}},{"recoveryId":"https://vaultname.vault.azure.net/deletedsecrets/livekvtestsecret44da0e00","deletedDate":1620404877,"scheduledPurgeDate":1628180877,"id":"https://vaultname.vault.azure.net/secrets/livekvtestsecret44da0e00","attributes":{"enabled":true,"created":1620404864,"updated":1620404864,"recoveryLevel":"Recoverable+Purgeable","recoverableDays":90}},{"recoveryId":"https://vaultname.vault.azure.net/deletedsecrets/livekvtestsecret4e5a91354","deletedDate":1620404766,"scheduledPurgeDate":1628180766,"id":"https://vaultname.vault.azure.net/secrets/livekvtestsecret4e5a91354","attributes":{"enabled":true,"created":1620404734,"updated":1620404734,"recoveryLevel":"Recoverable+Purgeable","recoverableDays":90}},{"recoveryId":"https://vaultname.vault.azure.net/deletedsecrets/livekvtestsecret4e8810d2d","deletedDate":1620404839,"scheduledPurgeDate":1628180839,"id":"https://vaultname.vault.azure.net/secrets/livekvtestsecret4e8810d2d","attributes":{"enabled":true,"created":1620404769,"updated":1620404769,"recoveryLevel":"Recoverable+Purgeable","recoverableDays":90}}],"nextLink":"https://vaultname.vault.azure.net:443/deletedsecrets?api-version=7.2&$skiptoken=eyJOZXh0TWFya2VyIjoiMiExNDghTURBd01EWTFJWE5sWTNKbGRDOU1TVlpGUzFaVVJWTlVVMFZEVWtWVU5FWTJNVU14T0Rjd0x6SkVOamxCUWtaQlJrVkRPVFJCTmpZNFJqUTFOekV6T1RreU1VRTJSRE0zSVRBd01EQXlPQ0U1T1RrNUxURXlMVE14VkRJek9qVTVPalU1TGprNU9UazVPVGxhSVEtLSIsIlRhcmdldExvY2F0aW9uIjowfQ"}'
    headers:
      cache-control:
      - no-cache
      content-length:
      - '2869'
      content-type:
      - application/json; charset=utf-8
      date:
      - Fri, 07 May 2021 16:31:27 GMT
      expires:
      - '-1'
      pragma:
      - no-cache
      strict-transport-security:
      - max-age=31536000;includeSubDomains
      x-content-type-options:
      - nosniff
      x-ms-keyvault-network-info:
      - conn_type=Ipv4;addr=172.92.159.124;act_addr_fam=InterNetwork;
      x-ms-keyvault-region:
      - westus2
      x-ms-keyvault-service-version:
      - 1.2.265.0
      x-powered-by:
      - ASP.NET
    status:
      code: 200
      message: OK
- request:
    body: null
    headers:
      Accept:
      - application/json
      Accept-Encoding:
      - gzip, deflate
      Connection:
      - keep-alive
      User-Agent:
      - azsdk-python-keyvault-secrets/4.3.0b1 Python/3.5.3 (Windows-10-10.0.19041-SP0)
    method: GET
    uri: https://vaultname.vault.azure.net/deletedsecrets?api-version=7.2&$skiptoken=eyJOZXh0TWFya2VyIjoiMiExNDghTURBd01EWTFJWE5sWTNKbGRDOU1TVlpGUzFaVVJWTlVVMFZEVWtWVU5FWTJNVU14T0Rjd0x6SkVOamxCUWtaQlJrVkRPVFJCTmpZNFJqUTFOekV6T1RreU1VRTJSRE0zSVRBd01EQXlPQ0U1T1RrNUxURXlMVE14VkRJek9qVTVPalU1TGprNU9UazVPVGxhSVEtLSIsIlRhcmdldExvY2F0aW9uIjowfQ
  response:
    body:
      string: '{"value":[{"recoveryId":"https://vaultname.vault.azure.net/deletedsecrets/livekvtestsecret4f8b513b5","deletedDate":1620404166,"scheduledPurgeDate":1628180166,"id":"https://vaultname.vault.azure.net/secrets/livekvtestsecret4f8b513b5","attributes":{"enabled":true,"created":1620404132,"updated":1620404132,"recoveryLevel":"Recoverable+Purgeable","recoverableDays":90}},{"recoveryId":"https://vaultname.vault.azure.net/deletedsecrets/livekvtestsecret54da0e00","deletedDate":1620404864,"scheduledPurgeDate":1628180864,"id":"https://vaultname.vault.azure.net/secrets/livekvtestsecret54da0e00","attributes":{"enabled":true,"created":1620404864,"updated":1620404864,"recoveryLevel":"Recoverable+Purgeable","recoverableDays":90}},{"recoveryId":"https://vaultname.vault.azure.net/deletedsecrets/livekvtestsecret5e5a91354","deletedDate":1620404753,"scheduledPurgeDate":1628180753,"id":"https://vaultname.vault.azure.net/secrets/livekvtestsecret5e5a91354","attributes":{"enabled":true,"created":1620404734,"updated":1620404734,"recoveryLevel":"Recoverable+Purgeable","recoverableDays":90}},{"recoveryId":"https://vaultname.vault.azure.net/deletedsecrets/livekvtestsecret5e8810d2d","deletedDate":1620404770,"scheduledPurgeDate":1628180770,"id":"https://vaultname.vault.azure.net/secrets/livekvtestsecret5e8810d2d","attributes":{"enabled":true,"created":1620404769,"updated":1620404769,"recoveryLevel":"Recoverable+Purgeable","recoverableDays":90}},{"recoveryId":"https://vaultname.vault.azure.net/deletedsecrets/livekvtestsecret5f8b513b5","deletedDate":1620404141,"scheduledPurgeDate":1628180141,"id":"https://vaultname.vault.azure.net/secrets/livekvtestsecret5f8b513b5","attributes":{"enabled":true,"created":1620404132,"updated":1620404132,"recoveryLevel":"Recoverable+Purgeable","recoverableDays":90}},{"recoveryId":"https://vaultname.vault.azure.net/deletedsecrets/livekvtestsecret64da0e00","deletedDate":1620404887,"scheduledPurgeDate":1628180887,"id":"https://vaultname.vault.azure.net/secrets/livekvtestsecret64da0e00","attributes":{"enabled":true,"created":1620404864,"updated":1620404864,"recoveryLevel":"Recoverable+Purgeable","recoverableDays":90}},{"recoveryId":"https://vaultname.vault.azure.net/deletedsecrets/livekvtestsecret6e5a91354","deletedDate":1620404776,"scheduledPurgeDate":1628180776,"id":"https://vaultname.vault.azure.net/secrets/livekvtestsecret6e5a91354","attributes":{"enabled":true,"created":1620404734,"updated":1620404734,"recoveryLevel":"Recoverable+Purgeable","recoverableDays":90}}],"nextLink":"https://vaultname.vault.azure.net:443/deletedsecrets?api-version=7.2&$skiptoken=eyJOZXh0TWFya2VyIjoiMiExMDQhTURBd01ETXlJWE5sWTNKbGRDOU1TVlpGUzFaVVJWTlVVMFZEVWtWVU5rVTRPREV3UkRKRUlUQXdNREF5T0NFNU9UazVMVEV5TFRNeFZESXpPalU1T2pVNUxqazVPVGs1T1RsYUlRLS0iLCJUYXJnZXRMb2NhdGlvbiI6MH0"}'
    headers:
      cache-control:
      - no-cache
      content-length:
      - '2810'
      content-type:
      - application/json; charset=utf-8
      date:
      - Fri, 07 May 2021 16:31:27 GMT
      expires:
      - '-1'
      pragma:
      - no-cache
      strict-transport-security:
      - max-age=31536000;includeSubDomains
      x-content-type-options:
      - nosniff
      x-ms-keyvault-network-info:
      - conn_type=Ipv4;addr=172.92.159.124;act_addr_fam=InterNetwork;
      x-ms-keyvault-region:
      - westus2
      x-ms-keyvault-service-version:
      - 1.2.265.0
      x-powered-by:
      - ASP.NET
    status:
      code: 200
      message: OK
- request:
    body: null
    headers:
      Accept:
      - application/json
      Accept-Encoding:
      - gzip, deflate
      Connection:
      - keep-alive
      User-Agent:
      - azsdk-python-keyvault-secrets/4.3.0b1 Python/3.5.3 (Windows-10-10.0.19041-SP0)
    method: GET
    uri: https://vaultname.vault.azure.net/deletedsecrets?api-version=7.2&$skiptoken=eyJOZXh0TWFya2VyIjoiMiExMDQhTURBd01ETXlJWE5sWTNKbGRDOU1TVlpGUzFaVVJWTlVVMFZEVWtWVU5rVTRPREV3UkRKRUlUQXdNREF5T0NFNU9UazVMVEV5TFRNeFZESXpPalU1T2pVNUxqazVPVGs1T1RsYUlRLS0iLCJUYXJnZXRMb2NhdGlvbiI6MH0
  response:
    body:
      string: '{"value":[{"recoveryId":"https://vaultname.vault.azure.net/deletedsecrets/livekvtestsecret6e8810d2d","deletedDate":1620404814,"scheduledPurgeDate":1628180814,"id":"https://vaultname.vault.azure.net/secrets/livekvtestsecret6e8810d2d","attributes":{"enabled":true,"created":1620404770,"updated":1620404770,"recoveryLevel":"Recoverable+Purgeable","recoverableDays":90}},{"recoveryId":"https://vaultname.vault.azure.net/deletedsecrets/livekvtestsecret6f8b513b5","deletedDate":1620404176,"scheduledPurgeDate":1628180176,"id":"https://vaultname.vault.azure.net/secrets/livekvtestsecret6f8b513b5","attributes":{"enabled":true,"created":1620404132,"updated":1620404132,"recoveryLevel":"Recoverable+Purgeable","recoverableDays":90}}],"nextLink":null}'
    headers:
      cache-control:
      - no-cache
      content-length:
      - '745'
      content-type:
      - application/json; charset=utf-8
      date:
      - Fri, 07 May 2021 16:31:27 GMT
      expires:
      - '-1'
      pragma:
      - no-cache
      strict-transport-security:
      - max-age=31536000;includeSubDomains
      x-content-type-options:
      - nosniff
      x-ms-keyvault-network-info:
      - conn_type=Ipv4;addr=172.92.159.124;act_addr_fam=InterNetwork;
      x-ms-keyvault-region:
      - westus2
      x-ms-keyvault-service-version:
      - 1.2.265.0
      x-powered-by:
      - ASP.NET
    status:
      code: 200
      message: OK
version: 1
