{
  "Entries": [
    {
      "RequestUri": "https://vaultname.vault.azure.net/secrets/livekvtestsec0c38d2b0c?api-version=7.2",
      "RequestMethod": "PUT",
      "RequestHeaders": {
        "Accept": "application/json",
        "Accept-Encoding": "gzip, deflate",
        "Connection": "keep-alive",
        "Content-Length": "0",
        "Content-Type": "application/json",
        "User-Agent": "azsdk-python-keyvault-secrets/4.4.0 Python/3.9.9 (Windows-10-10.0.22000-SP0)"
      },
      "RequestBody": null,
      "StatusCode": 401,
      "ResponseHeaders": {
        "Cache-Control": "no-cache",
        "Content-Length": "97",
        "Content-Type": "application/json; charset=utf-8",
        "Date": "Fri, 25 Mar 2022 16:48:54 GMT",
        "Expires": "-1",
        "Pragma": "no-cache",
        "Strict-Transport-Security": "max-age=31536000;includeSubDomains",
        "WWW-Authenticate": "Bearer authorization=\u0022https://login.windows.net/00000000-0000-0000-0000-000000000000\u0022, resource=\u0022https://vault.azure.net\u0022",
        "X-Content-Type-Options": "nosniff",
        "x-ms-keyvault-network-info": "conn_type=Ipv4;addr=73.232.137.144;act_addr_fam=InterNetwork;",
        "x-ms-keyvault-region": "westus2",
        "x-ms-keyvault-service-version": "1.9.331.5",
        "X-Powered-By": "ASP.NET"
      },
      "ResponseBody": {
        "error": {
          "code": "Unauthorized",
          "message": "AKV10000: Request is missing a Bearer or PoP token."
        }
      }
    },
    {
      "RequestUri": "https://login.microsoftonline.com/00000000-0000-0000-0000-000000000000/v2.0/.well-known/openid-configuration",
      "RequestMethod": "GET",
      "RequestHeaders": {
        "Accept": "*/*",
        "Accept-Encoding": "gzip, deflate",
        "Connection": "keep-alive",
        "User-Agent": "azsdk-python-identity/1.9.0b2 Python/3.9.9 (Windows-10-10.0.22000-SP0)"
      },
      "RequestBody": null,
      "StatusCode": 200,
      "ResponseHeaders": {
        "Access-Control-Allow-Methods": "GET, OPTIONS",
        "Access-Control-Allow-Origin": "*",
        "Cache-Control": "max-age=86400, private",
        "Content-Length": "1753",
        "Content-Type": "application/json; charset=utf-8",
        "Date": "Fri, 25 Mar 2022 16:48:54 GMT",
        "P3P": "CP=\u0022DSP CUR OTPi IND OTRi ONL FIN\u0022",
        "Set-Cookie": [
          "fpc=Ak-fKwJShAVOgmsMaDjT3evLOla6AQAAAHPpz9kOAAAA; expires=Sun, 24-Apr-2022 16:48:55 GMT; path=/; secure; HttpOnly; SameSite=None",
          "x-ms-gateway-slice=estsfd; path=/; secure; samesite=none; httponly",
          "stsservicecookie=estsfd; path=/; secure; samesite=none; httponly"
        ],
        "Strict-Transport-Security": "max-age=31536000; includeSubDomains",
        "X-Content-Type-Options": "nosniff",
        "x-ms-ests-server": "2.1.12570.11 - NCUS ProdSlices"
      },
      "ResponseBody": {
        "token_endpoint": "https://login.microsoftonline.com/00000000-0000-0000-0000-000000000000/oauth2/v2.0/token",
        "token_endpoint_auth_methods_supported": [
          "client_secret_post",
          "private_key_jwt",
          "client_secret_basic"
        ],
        "jwks_uri": "https://login.microsoftonline.com/00000000-0000-0000-0000-000000000000/discovery/v2.0/keys",
        "response_modes_supported": [
          "query",
          "fragment",
          "form_post"
        ],
        "subject_types_supported": [
          "pairwise"
        ],
        "id_token_signing_alg_values_supported": [
          "RS256"
        ],
        "response_types_supported": [
          "code",
          "id_token",
          "code id_token",
          "id_token token"
        ],
        "scopes_supported": [
          "openid",
          "profile",
          "email",
          "offline_access"
        ],
        "issuer": "https://login.microsoftonline.com/00000000-0000-0000-0000-000000000000/v2.0",
        "request_uri_parameter_supported": false,
        "userinfo_endpoint": "https://graph.microsoft.com/oidc/userinfo",
        "authorization_endpoint": "https://login.microsoftonline.com/00000000-0000-0000-0000-000000000000/oauth2/v2.0/authorize",
        "device_authorization_endpoint": "https://login.microsoftonline.com/00000000-0000-0000-0000-000000000000/oauth2/v2.0/devicecode",
        "http_logout_supported": true,
        "frontchannel_logout_supported": true,
        "end_session_endpoint": "https://login.microsoftonline.com/00000000-0000-0000-0000-000000000000/oauth2/v2.0/logout",
        "claims_supported": [
          "sub",
          "iss",
          "cloud_instance_name",
          "cloud_instance_host_name",
          "cloud_graph_host_name",
          "msgraph_host",
          "aud",
          "exp",
          "iat",
          "auth_time",
          "acr",
          "nonce",
          "preferred_username",
          "name",
          "tid",
          "ver",
          "at_hash",
          "c_hash",
          "email"
        ],
        "kerberos_endpoint": "https://login.microsoftonline.com/00000000-0000-0000-0000-000000000000/kerberos",
        "tenant_region_scope": "WW",
        "cloud_instance_name": "microsoftonline.com",
        "cloud_graph_host_name": "graph.windows.net",
        "msgraph_host": "graph.microsoft.com",
        "rbac_url": "https://pas.windows.net"
      }
    },
    {
      "RequestUri": "https://login.microsoftonline.com/common/discovery/instance?api-version=1.1\u0026authorization_endpoint=https://login.microsoftonline.com/common/oauth2/authorize",
      "RequestMethod": "GET",
      "RequestHeaders": {
        "Accept": "application/json",
        "Accept-Encoding": "gzip, deflate",
        "Connection": "keep-alive",
        "Cookie": "fpc=Ak-fKwJShAVOgmsMaDjT3evLOla6AQAAAHPpz9kOAAAA; stsservicecookie=estsfd; x-ms-gateway-slice=estsfd",
        "User-Agent": "azsdk-python-identity/1.9.0b2 Python/3.9.9 (Windows-10-10.0.22000-SP0)"
      },
      "RequestBody": null,
      "StatusCode": 200,
      "ResponseHeaders": {
        "Access-Control-Allow-Methods": "GET, OPTIONS",
        "Access-Control-Allow-Origin": "*",
        "Cache-Control": "max-age=86400, private",
        "Content-Length": "945",
        "Content-Type": "application/json; charset=utf-8",
        "Date": "Fri, 25 Mar 2022 16:48:54 GMT",
        "P3P": "CP=\u0022DSP CUR OTPi IND OTRi ONL FIN\u0022",
        "Set-Cookie": [
          "fpc=Ak-fKwJShAVOgmsMaDjT3evLOla6AQAAAHPpz9kOAAAA; expires=Sun, 24-Apr-2022 16:48:55 GMT; path=/; secure; HttpOnly; SameSite=None",
          "x-ms-gateway-slice=estsfd; path=/; secure; samesite=none; httponly",
          "stsservicecookie=estsfd; path=/; secure; samesite=none; httponly"
        ],
        "Strict-Transport-Security": "max-age=31536000; includeSubDomains",
        "X-Content-Type-Options": "nosniff",
        "x-ms-ests-server": "2.1.12570.11 - WUS2 ProdSlices"
      },
      "ResponseBody": {
        "tenant_discovery_endpoint": "https://login.microsoftonline.com/common/.well-known/openid-configuration",
        "api-version": "1.1",
        "metadata": [
          {
            "preferred_network": "login.microsoftonline.com",
            "preferred_cache": "login.windows.net",
            "aliases": [
              "login.microsoftonline.com",
              "login.windows.net",
              "login.microsoft.com",
              "sts.windows.net"
            ]
          },
          {
            "preferred_network": "login.partner.microsoftonline.cn",
            "preferred_cache": "login.partner.microsoftonline.cn",
            "aliases": [
              "login.partner.microsoftonline.cn",
              "login.chinacloudapi.cn"
            ]
          },
          {
            "preferred_network": "login.microsoftonline.de",
            "preferred_cache": "login.microsoftonline.de",
            "aliases": [
              "login.microsoftonline.de"
            ]
          },
          {
            "preferred_network": "login.microsoftonline.us",
            "preferred_cache": "login.microsoftonline.us",
            "aliases": [
              "login.microsoftonline.us",
              "login.usgovcloudapi.net"
            ]
          },
          {
            "preferred_network": "login-us.microsoftonline.com",
            "preferred_cache": "login-us.microsoftonline.com",
            "aliases": [
              "login-us.microsoftonline.com"
            ]
          }
        ]
      }
    },
    {
      "RequestUri": "https://vaultname.vault.azure.net/secrets/livekvtestsec0c38d2b0c?api-version=7.2",
      "RequestMethod": "PUT",
      "RequestHeaders": {
        "Accept": "application/json",
        "Accept-Encoding": "gzip, deflate",
        "Connection": "keep-alive",
        "Content-Length": "20",
        "Content-Type": "application/json",
        "User-Agent": "azsdk-python-keyvault-secrets/4.4.0 Python/3.9.9 (Windows-10-10.0.22000-SP0)"
      },
      "RequestBody": {
        "value": "secVal0"
      },
      "StatusCode": 200,
      "ResponseHeaders": {
        "Cache-Control": "no-cache",
        "Content-Length": "266",
        "Content-Type": "application/json; charset=utf-8",
        "Date": "Fri, 25 Mar 2022 16:48:54 GMT",
        "Expires": "-1",
        "Pragma": "no-cache",
        "Strict-Transport-Security": "max-age=31536000;includeSubDomains",
        "X-Content-Type-Options": "nosniff",
        "x-ms-keyvault-network-info": "conn_type=Ipv4;addr=73.232.137.144;act_addr_fam=InterNetwork;",
        "x-ms-keyvault-rbac-assignment-id": "b1617016-e2f7-593d-b320-2121fa602224",
        "x-ms-keyvault-rbac-cache": "ra_age=408;da_age=4856;rd_age=4856;brd_age=16456;ra_notif_age=2775;dec_lev=1;",
        "x-ms-keyvault-region": "westus2",
        "x-ms-keyvault-service-version": "1.9.331.5",
        "X-Powered-By": "ASP.NET"
      },
      "ResponseBody": {
        "value": "secVal0",
        "id": "https://vaultname.vault.azure.net/secrets/livekvtestsec0c38d2b0c/d05e14809fd34c03aee04b885f497451",
        "attributes": {
          "enabled": true,
          "created": 1648226935,
          "updated": 1648226935,
          "recoveryLevel": "CustomizedRecoverable\u002BPurgeable",
          "recoverableDays": 7
        }
      }
    },
    {
      "RequestUri": "https://vaultname.vault.azure.net/secrets/livekvtestsec1c38d2b0c?api-version=7.2",
      "RequestMethod": "PUT",
      "RequestHeaders": {
        "Accept": "application/json",
        "Accept-Encoding": "gzip, deflate",
        "Connection": "keep-alive",
        "Content-Length": "20",
        "Content-Type": "application/json",
        "User-Agent": "azsdk-python-keyvault-secrets/4.4.0 Python/3.9.9 (Windows-10-10.0.22000-SP0)"
      },
      "RequestBody": {
        "value": "secVal1"
      },
      "StatusCode": 200,
      "ResponseHeaders": {
        "Cache-Control": "no-cache",
        "Content-Length": "266",
        "Content-Type": "application/json; charset=utf-8",
        "Date": "Fri, 25 Mar 2022 16:48:55 GMT",
        "Expires": "-1",
        "Pragma": "no-cache",
        "Strict-Transport-Security": "max-age=31536000;includeSubDomains",
        "X-Content-Type-Options": "nosniff",
        "x-ms-keyvault-network-info": "conn_type=Ipv4;addr=73.232.137.144;act_addr_fam=InterNetwork;",
        "x-ms-keyvault-rbac-assignment-id": "b1617016-e2f7-593d-b320-2121fa602224",
        "x-ms-keyvault-rbac-cache": "ra_age=408;da_age=4857;rd_age=4857;brd_age=16456;ra_notif_age=2775;dec_lev=1;",
        "x-ms-keyvault-region": "westus2",
        "x-ms-keyvault-service-version": "1.9.331.5",
        "X-Powered-By": "ASP.NET"
      },
      "ResponseBody": {
        "value": "secVal1",
        "id": "https://vaultname.vault.azure.net/secrets/livekvtestsec1c38d2b0c/ec038269d9ab44ccbe74f8727c6ffcc5",
        "attributes": {
          "enabled": true,
          "created": 1648226935,
          "updated": 1648226935,
          "recoveryLevel": "CustomizedRecoverable\u002BPurgeable",
          "recoverableDays": 7
        }
      }
    },
    {
      "RequestUri": "https://vaultname.vault.azure.net/secrets/livekvtestsec2c38d2b0c?api-version=7.2",
      "RequestMethod": "PUT",
      "RequestHeaders": {
        "Accept": "application/json",
        "Accept-Encoding": "gzip, deflate",
        "Connection": "keep-alive",
        "Content-Length": "20",
        "Content-Type": "application/json",
        "User-Agent": "azsdk-python-keyvault-secrets/4.4.0 Python/3.9.9 (Windows-10-10.0.22000-SP0)"
      },
      "RequestBody": {
        "value": "secVal2"
      },
      "StatusCode": 200,
      "ResponseHeaders": {
        "Cache-Control": "no-cache",
        "Content-Length": "266",
        "Content-Type": "application/json; charset=utf-8",
        "Date": "Fri, 25 Mar 2022 16:48:55 GMT",
        "Expires": "-1",
        "Pragma": "no-cache",
        "Strict-Transport-Security": "max-age=31536000;includeSubDomains",
        "X-Content-Type-Options": "nosniff",
        "x-ms-keyvault-network-info": "conn_type=Ipv4;addr=73.232.137.144;act_addr_fam=InterNetwork;",
        "x-ms-keyvault-rbac-assignment-id": "b1617016-e2f7-593d-b320-2121fa602224",
        "x-ms-keyvault-rbac-cache": "ra_age=409;da_age=4857;rd_age=4857;brd_age=16456;ra_notif_age=2776;dec_lev=1;",
        "x-ms-keyvault-region": "westus2",
        "x-ms-keyvault-service-version": "1.9.331.5",
        "X-Powered-By": "ASP.NET"
      },
      "ResponseBody": {
        "value": "secVal2",
        "id": "https://vaultname.vault.azure.net/secrets/livekvtestsec2c38d2b0c/d88d45efe765494992d4101a2d69edf1",
        "attributes": {
          "enabled": true,
          "created": 1648226935,
          "updated": 1648226935,
          "recoveryLevel": "CustomizedRecoverable\u002BPurgeable",
          "recoverableDays": 7
        }
      }
    },
    {
      "RequestUri": "https://vaultname.vault.azure.net/secrets/livekvtestsec3c38d2b0c?api-version=7.2",
      "RequestMethod": "PUT",
      "RequestHeaders": {
        "Accept": "application/json",
        "Accept-Encoding": "gzip, deflate",
        "Connection": "keep-alive",
        "Content-Length": "20",
        "Content-Type": "application/json",
        "User-Agent": "azsdk-python-keyvault-secrets/4.4.0 Python/3.9.9 (Windows-10-10.0.22000-SP0)"
      },
      "RequestBody": {
        "value": "secVal3"
      },
      "StatusCode": 200,
      "ResponseHeaders": {
        "Cache-Control": "no-cache",
        "Content-Length": "266",
        "Content-Type": "application/json; charset=utf-8",
        "Date": "Fri, 25 Mar 2022 16:48:55 GMT",
        "Expires": "-1",
        "Pragma": "no-cache",
        "Strict-Transport-Security": "max-age=31536000;includeSubDomains",
        "X-Content-Type-Options": "nosniff",
        "x-ms-keyvault-network-info": "conn_type=Ipv4;addr=73.232.137.144;act_addr_fam=InterNetwork;",
        "x-ms-keyvault-rbac-assignment-id": "b1617016-e2f7-593d-b320-2121fa602224",
        "x-ms-keyvault-rbac-cache": "ra_age=409;da_age=4857;rd_age=4857;brd_age=16456;ra_notif_age=2776;dec_lev=1;",
        "x-ms-keyvault-region": "westus2",
        "x-ms-keyvault-service-version": "1.9.331.5",
        "X-Powered-By": "ASP.NET"
      },
      "ResponseBody": {
        "value": "secVal3",
        "id": "https://vaultname.vault.azure.net/secrets/livekvtestsec3c38d2b0c/40bdf960890744a0a5b7098b03b1499f",
        "attributes": {
          "enabled": true,
          "created": 1648226935,
          "updated": 1648226935,
          "recoveryLevel": "CustomizedRecoverable\u002BPurgeable",
          "recoverableDays": 7
        }
      }
    },
    {
      "RequestUri": "https://vaultname.vault.azure.net/secrets/livekvtestsec4c38d2b0c?api-version=7.2",
      "RequestMethod": "PUT",
      "RequestHeaders": {
        "Accept": "application/json",
        "Accept-Encoding": "gzip, deflate",
        "Connection": "keep-alive",
        "Content-Length": "20",
        "Content-Type": "application/json",
        "User-Agent": "azsdk-python-keyvault-secrets/4.4.0 Python/3.9.9 (Windows-10-10.0.22000-SP0)"
      },
      "RequestBody": {
        "value": "secVal4"
      },
      "StatusCode": 200,
      "ResponseHeaders": {
        "Cache-Control": "no-cache",
        "Content-Length": "266",
        "Content-Type": "application/json; charset=utf-8",
        "Date": "Fri, 25 Mar 2022 16:48:55 GMT",
        "Expires": "-1",
        "Pragma": "no-cache",
        "Strict-Transport-Security": "max-age=31536000;includeSubDomains",
        "X-Content-Type-Options": "nosniff",
        "x-ms-keyvault-network-info": "conn_type=Ipv4;addr=73.232.137.144;act_addr_fam=InterNetwork;",
        "x-ms-keyvault-rbac-assignment-id": "b1617016-e2f7-593d-b320-2121fa602224",
        "x-ms-keyvault-rbac-cache": "ra_age=409;da_age=4857;rd_age=4857;brd_age=16456;ra_notif_age=2776;dec_lev=1;",
        "x-ms-keyvault-region": "westus2",
        "x-ms-keyvault-service-version": "1.9.331.5",
        "X-Powered-By": "ASP.NET"
      },
      "ResponseBody": {
        "value": "secVal4",
        "id": "https://vaultname.vault.azure.net/secrets/livekvtestsec4c38d2b0c/3db671991a444a8c8fa6428ddb336c17",
        "attributes": {
          "enabled": true,
          "created": 1648226935,
          "updated": 1648226935,
          "recoveryLevel": "CustomizedRecoverable\u002BPurgeable",
          "recoverableDays": 7
        }
      }
    },
    {
      "RequestUri": "https://vaultname.vault.azure.net/secrets/livekvtestsec5c38d2b0c?api-version=7.2",
      "RequestMethod": "PUT",
      "RequestHeaders": {
        "Accept": "application/json",
        "Accept-Encoding": "gzip, deflate",
        "Connection": "keep-alive",
        "Content-Length": "20",
        "Content-Type": "application/json",
        "User-Agent": "azsdk-python-keyvault-secrets/4.4.0 Python/3.9.9 (Windows-10-10.0.22000-SP0)"
      },
      "RequestBody": {
        "value": "secVal5"
      },
      "StatusCode": 200,
      "ResponseHeaders": {
        "Cache-Control": "no-cache",
        "Content-Length": "266",
        "Content-Type": "application/json; charset=utf-8",
        "Date": "Fri, 25 Mar 2022 16:48:55 GMT",
        "Expires": "-1",
        "Pragma": "no-cache",
        "Strict-Transport-Security": "max-age=31536000;includeSubDomains",
        "X-Content-Type-Options": "nosniff",
        "x-ms-keyvault-network-info": "conn_type=Ipv4;addr=73.232.137.144;act_addr_fam=InterNetwork;",
        "x-ms-keyvault-rbac-assignment-id": "b1617016-e2f7-593d-b320-2121fa602224",
        "x-ms-keyvault-rbac-cache": "ra_age=409;da_age=4857;rd_age=4857;brd_age=16456;ra_notif_age=2776;dec_lev=1;",
        "x-ms-keyvault-region": "westus2",
        "x-ms-keyvault-service-version": "1.9.331.5",
        "X-Powered-By": "ASP.NET"
      },
      "ResponseBody": {
        "value": "secVal5",
        "id": "https://vaultname.vault.azure.net/secrets/livekvtestsec5c38d2b0c/42649628c9e44586930cb1b24476a5a2",
        "attributes": {
          "enabled": true,
          "created": 1648226935,
          "updated": 1648226935,
          "recoveryLevel": "CustomizedRecoverable\u002BPurgeable",
          "recoverableDays": 7
        }
      }
    },
    {
      "RequestUri": "https://vaultname.vault.azure.net/secrets/livekvtestsec6c38d2b0c?api-version=7.2",
      "RequestMethod": "PUT",
      "RequestHeaders": {
        "Accept": "application/json",
        "Accept-Encoding": "gzip, deflate",
        "Connection": "keep-alive",
        "Content-Length": "20",
        "Content-Type": "application/json",
        "User-Agent": "azsdk-python-keyvault-secrets/4.4.0 Python/3.9.9 (Windows-10-10.0.22000-SP0)"
      },
      "RequestBody": {
        "value": "secVal6"
      },
      "StatusCode": 200,
      "ResponseHeaders": {
        "Cache-Control": "no-cache",
        "Content-Length": "266",
        "Content-Type": "application/json; charset=utf-8",
        "Date": "Fri, 25 Mar 2022 16:48:55 GMT",
        "Expires": "-1",
        "Pragma": "no-cache",
        "Strict-Transport-Security": "max-age=31536000;includeSubDomains",
        "X-Content-Type-Options": "nosniff",
        "x-ms-keyvault-network-info": "conn_type=Ipv4;addr=73.232.137.144;act_addr_fam=InterNetwork;",
        "x-ms-keyvault-rbac-assignment-id": "b1617016-e2f7-593d-b320-2121fa602224",
        "x-ms-keyvault-rbac-cache": "ra_age=409;da_age=4857;rd_age=4857;brd_age=16457;ra_notif_age=2776;dec_lev=1;",
        "x-ms-keyvault-region": "westus2",
        "x-ms-keyvault-service-version": "1.9.331.5",
        "X-Powered-By": "ASP.NET"
      },
      "ResponseBody": {
        "value": "secVal6",
        "id": "https://vaultname.vault.azure.net/secrets/livekvtestsec6c38d2b0c/6171da51763345e2b3aeae161d0610ac",
        "attributes": {
          "enabled": true,
          "created": 1648226936,
          "updated": 1648226936,
          "recoveryLevel": "CustomizedRecoverable\u002BPurgeable",
          "recoverableDays": 7
        }
      }
    },
    {
      "RequestUri": "https://vaultname.vault.azure.net/secrets?maxresults=6\u0026api-version=7.2",
      "RequestMethod": "GET",
      "RequestHeaders": {
        "Accept": "application/json",
        "Accept-Encoding": "gzip, deflate",
        "Connection": "keep-alive",
        "User-Agent": "azsdk-python-keyvault-secrets/4.4.0 Python/3.9.9 (Windows-10-10.0.22000-SP0)"
      },
      "RequestBody": null,
      "StatusCode": 200,
      "ResponseHeaders": {
        "Cache-Control": "no-cache",
        "Content-Length": "1597",
        "Content-Type": "application/json; charset=utf-8",
        "Date": "Fri, 25 Mar 2022 16:48:55 GMT",
        "Expires": "-1",
        "Pragma": "no-cache",
        "Strict-Transport-Security": "max-age=31536000;includeSubDomains",
        "X-Content-Type-Options": "nosniff",
        "x-ms-keyvault-network-info": "conn_type=Ipv4;addr=73.232.137.144;act_addr_fam=InterNetwork;",
        "x-ms-keyvault-rbac-assignment-id": "b1617016-e2f7-593d-b320-2121fa602224",
        "x-ms-keyvault-rbac-cache": "ra_age=409;da_age=4857;rd_age=4857;brd_age=16457;ra_notif_age=2776;dec_lev=0;",
        "x-ms-keyvault-region": "westus2",
        "x-ms-keyvault-service-version": "1.9.331.5",
        "X-Powered-By": "ASP.NET"
      },
      "ResponseBody": {
        "value": [
          {
            "id": "https://vaultname.vault.azure.net/secrets/livekvtestsec021ea2ccf",
            "attributes": {
              "enabled": true,
              "created": 1648226534,
              "updated": 1648226534,
              "recoveryLevel": "CustomizedRecoverable\u002BPurgeable",
              "recoverableDays": 7
            }
          },
          {
            "id": "https://vaultname.vault.azure.net/secrets/livekvtestsec0c38d2b0c",
            "attributes": {
              "enabled": true,
              "created": 1648226935,
              "updated": 1648226935,
              "recoveryLevel": "CustomizedRecoverable\u002BPurgeable",
              "recoverableDays": 7
            }
          },
          {
            "id": "https://vaultname.vault.azure.net/secrets/livekvtestsec0c3962b0d",
            "attributes": {
              "enabled": true,
              "created": 1648226932,
              "updated": 1648226932,
              "recoveryLevel": "CustomizedRecoverable\u002BPurgeable",
              "recoverableDays": 7
            }
          },
          {
            "id": "https://vaultname.vault.azure.net/secrets/livekvtestsec0f27c2b7f",
            "attributes": {
              "enabled": true,
              "created": 1648226532,
              "updated": 1648226532,
              "recoveryLevel": "CustomizedRecoverable\u002BPurgeable",
              "recoverableDays": 7
            }
          },
          {
            "id": "https://vaultname.vault.azure.net/secrets/livekvtestsec0f2852b80",
            "attributes": {
              "enabled": true,
              "created": 1648226530,
              "updated": 1648226530,
              "recoveryLevel": "CustomizedRecoverable\u002BPurgeable",
              "recoverableDays": 7
            }
          },
          {
            "id": "https://vaultname.vault.azure.net/secrets/livekvtestsec0f28e2b81",
            "attributes": {
              "enabled": true,
              "created": 1648226528,
              "updated": 1648226528,
              "recoveryLevel": "CustomizedRecoverable\u002BPurgeable",
              "recoverableDays": 7
            }
          }
        ],
        "nextLink": "https://vaultname.vault.azure.net:443/secrets?api-version=7.2\u0026$skiptoken=eyJOZXh0TWFya2VyIjoiMiExMDAhTURBd01ESTVJWE5sWTNKbGRDOU1TVlpGUzFaVVJWTlVVMFZETUVZeU9UY3lRamd5SVRBd01EQXlPQ0U1T1RrNUxURXlMVE14VkRJek9qVTVPalU1TGprNU9UazVPVGxhSVEtLSIsIlRhcmdldExvY2F0aW9uIjowfQ\u0026maxresults=6"
      }
    },
    {
      "RequestUri": "https://vaultname.vault.azure.net/secrets?maxresults=6\u0026api-version=7.2\u0026$skiptoken=eyJOZXh0TWFya2VyIjoiMiExMDAhTURBd01ESTVJWE5sWTNKbGRDOU1TVlpGUzFaVVJWTlVVMFZETUVZeU9UY3lRamd5SVRBd01EQXlPQ0U1T1RrNUxURXlMVE14VkRJek9qVTVPalU1TGprNU9UazVPVGxhSVEtLSIsIlRhcmdldExvY2F0aW9uIjowfQ",
      "RequestMethod": "GET",
      "RequestHeaders": {
        "Accept": "application/json",
        "Accept-Encoding": "gzip, deflate",
        "Connection": "keep-alive",
        "User-Agent": "azsdk-python-keyvault-secrets/4.4.0 Python/3.9.9 (Windows-10-10.0.22000-SP0)"
      },
      "RequestBody": null,
      "StatusCode": 200,
      "ResponseHeaders": {
        "Cache-Control": "no-cache",
        "Content-Length": "1597",
        "Content-Type": "application/json; charset=utf-8",
        "Date": "Fri, 25 Mar 2022 16:48:56 GMT",
        "Expires": "-1",
        "Pragma": "no-cache",
        "Strict-Transport-Security": "max-age=31536000;includeSubDomains",
        "X-Content-Type-Options": "nosniff",
        "x-ms-keyvault-network-info": "conn_type=Ipv4;addr=73.232.137.144;act_addr_fam=InterNetwork;",
        "x-ms-keyvault-rbac-assignment-id": "b1617016-e2f7-593d-b320-2121fa602224",
        "x-ms-keyvault-rbac-cache": "ra_age=409;da_age=4858;rd_age=4858;brd_age=16457;ra_notif_age=2776;dec_lev=0;",
        "x-ms-keyvault-region": "westus2",
        "x-ms-keyvault-service-version": "1.9.331.5",
        "X-Powered-By": "ASP.NET"
      },
      "ResponseBody": {
        "value": [
          {
            "id": "https://vaultname.vault.azure.net/secrets/livekvtestsec0f2972b82",
            "attributes": {
              "enabled": true,
              "created": 1648226526,
              "updated": 1648226526,
              "recoveryLevel": "CustomizedRecoverable\u002BPurgeable",
              "recoverableDays": 7
            }
          },
          {
            "id": "https://vaultname.vault.azure.net/secrets/livekvtestsec121ea2ccf",
            "attributes": {
              "enabled": true,
              "created": 1648226534,
              "updated": 1648226534,
              "recoveryLevel": "CustomizedRecoverable\u002BPurgeable",
              "recoverableDays": 7
            }
          },
          {
            "id": "https://vaultname.vault.azure.net/secrets/livekvtestsec1c38d2b0c",
            "attributes": {
              "enabled": true,
              "created": 1648226935,
              "updated": 1648226935,
              "recoveryLevel": "CustomizedRecoverable\u002BPurgeable",
              "recoverableDays": 7
            }
          },
          {
            "id": "https://vaultname.vault.azure.net/secrets/livekvtestsec1c3962b0d",
            "attributes": {
              "enabled": true,
              "created": 1648226932,
              "updated": 1648226932,
              "recoveryLevel": "CustomizedRecoverable\u002BPurgeable",
              "recoverableDays": 7
            }
          },
          {
            "id": "https://vaultname.vault.azure.net/secrets/livekvtestsec1f27c2b7f",
            "attributes": {
              "enabled": true,
              "created": 1648226533,
              "updated": 1648226533,
              "recoveryLevel": "CustomizedRecoverable\u002BPurgeable",
              "recoverableDays": 7
            }
          },
          {
            "id": "https://vaultname.vault.azure.net/secrets/livekvtestsec1f2852b80",
            "attributes": {
              "enabled": true,
              "created": 1648226530,
              "updated": 1648226530,
              "recoveryLevel": "CustomizedRecoverable\u002BPurgeable",
              "recoverableDays": 7
            }
          }
        ],
        "nextLink": "https://vaultname.vault.azure.net:443/secrets?api-version=7.2\u0026$skiptoken=eyJOZXh0TWFya2VyIjoiMiExMDAhTURBd01ESTVJWE5sWTNKbGRDOU1TVlpGUzFaVVJWTlVVMFZETVVZeU9FVXlRamd4SVRBd01EQXlPQ0U1T1RrNUxURXlMVE14VkRJek9qVTVPalU1TGprNU9UazVPVGxhSVEtLSIsIlRhcmdldExvY2F0aW9uIjowfQ\u0026maxresults=6"
      }
    },
    {
      "RequestUri": "https://vaultname.vault.azure.net/secrets?maxresults=6\u0026api-version=7.2\u0026$skiptoken=eyJOZXh0TWFya2VyIjoiMiExMDAhTURBd01ESTVJWE5sWTNKbGRDOU1TVlpGUzFaVVJWTlVVMFZETVVZeU9FVXlRamd4SVRBd01EQXlPQ0U1T1RrNUxURXlMVE14VkRJek9qVTVPalU1TGprNU9UazVPVGxhSVEtLSIsIlRhcmdldExvY2F0aW9uIjowfQ",
      "RequestMethod": "GET",
      "RequestHeaders": {
        "Accept": "application/json",
        "Accept-Encoding": "gzip, deflate",
        "Connection": "keep-alive",
        "User-Agent": "azsdk-python-keyvault-secrets/4.4.0 Python/3.9.9 (Windows-10-10.0.22000-SP0)"
      },
      "RequestBody": null,
      "StatusCode": 200,
      "ResponseHeaders": {
        "Cache-Control": "no-cache",
        "Content-Length": "1597",
        "Content-Type": "application/json; charset=utf-8",
        "Date": "Fri, 25 Mar 2022 16:48:56 GMT",
        "Expires": "-1",
        "Pragma": "no-cache",
        "Strict-Transport-Security": "max-age=31536000;includeSubDomains",
        "X-Content-Type-Options": "nosniff",
        "x-ms-keyvault-network-info": "conn_type=Ipv4;addr=73.232.137.144;act_addr_fam=InterNetwork;",
        "x-ms-keyvault-rbac-assignment-id": "b1617016-e2f7-593d-b320-2121fa602224",
        "x-ms-keyvault-rbac-cache": "ra_age=410;da_age=4858;rd_age=4858;brd_age=16457;ra_notif_age=2777;dec_lev=0;",
        "x-ms-keyvault-region": "westus2",
        "x-ms-keyvault-service-version": "1.9.331.5",
        "X-Powered-By": "ASP.NET"
      },
      "ResponseBody": {
        "value": [
          {
            "id": "https://vaultname.vault.azure.net/secrets/livekvtestsec1f28e2b81",
            "attributes": {
              "enabled": true,
              "created": 1648226528,
              "updated": 1648226528,
              "recoveryLevel": "CustomizedRecoverable\u002BPurgeable",
              "recoverableDays": 7
            }
          },
          {
            "id": "https://vaultname.vault.azure.net/secrets/livekvtestsec1f2972b82",
            "attributes": {
              "enabled": true,
              "created": 1648226526,
              "updated": 1648226526,
              "recoveryLevel": "CustomizedRecoverable\u002BPurgeable",
              "recoverableDays": 7
            }
          },
          {
            "id": "https://vaultname.vault.azure.net/secrets/livekvtestsec221ea2ccf",
            "attributes": {
              "enabled": true,
              "created": 1648226535,
              "updated": 1648226535,
              "recoveryLevel": "CustomizedRecoverable\u002BPurgeable",
              "recoverableDays": 7
            }
          },
          {
            "id": "https://vaultname.vault.azure.net/secrets/livekvtestsec2c38d2b0c",
            "attributes": {
              "enabled": true,
              "created": 1648226935,
              "updated": 1648226935,
              "recoveryLevel": "CustomizedRecoverable\u002BPurgeable",
              "recoverableDays": 7
            }
          },
          {
            "id": "https://vaultname.vault.azure.net/secrets/livekvtestsec2c3962b0d",
            "attributes": {
              "enabled": true,
              "created": 1648226932,
              "updated": 1648226932,
              "recoveryLevel": "CustomizedRecoverable\u002BPurgeable",
              "recoverableDays": 7
            }
          },
          {
            "id": "https://vaultname.vault.azure.net/secrets/livekvtestsec2f27c2b7f",
            "attributes": {
              "enabled": true,
              "created": 1648226533,
              "updated": 1648226533,
              "recoveryLevel": "CustomizedRecoverable\u002BPurgeable",
              "recoverableDays": 7
            }
          }
        ],
        "nextLink": "https://vaultname.vault.azure.net:443/secrets?api-version=7.2\u0026$skiptoken=eyJOZXh0TWFya2VyIjoiMiExMDAhTURBd01ESTVJWE5sWTNKbGRDOU1TVlpGUzFaVVJWTlVVMFZETWtZeU9EVXlRamd3SVRBd01EQXlPQ0U1T1RrNUxURXlMVE14VkRJek9qVTVPalU1TGprNU9UazVPVGxhSVEtLSIsIlRhcmdldExvY2F0aW9uIjowfQ\u0026maxresults=6"
      }
    },
    {
      "RequestUri": "https://vaultname.vault.azure.net/secrets?maxresults=6\u0026api-version=7.2\u0026$skiptoken=eyJOZXh0TWFya2VyIjoiMiExMDAhTURBd01ESTVJWE5sWTNKbGRDOU1TVlpGUzFaVVJWTlVVMFZETWtZeU9EVXlRamd3SVRBd01EQXlPQ0U1T1RrNUxURXlMVE14VkRJek9qVTVPalU1TGprNU9UazVPVGxhSVEtLSIsIlRhcmdldExvY2F0aW9uIjowfQ",
      "RequestMethod": "GET",
      "RequestHeaders": {
        "Accept": "application/json",
        "Accept-Encoding": "gzip, deflate",
        "Connection": "keep-alive",
        "User-Agent": "azsdk-python-keyvault-secrets/4.4.0 Python/3.9.9 (Windows-10-10.0.22000-SP0)"
      },
      "RequestBody": null,
      "StatusCode": 200,
      "ResponseHeaders": {
        "Cache-Control": "no-cache",
        "Content-Length": "1597",
        "Content-Type": "application/json; charset=utf-8",
        "Date": "Fri, 25 Mar 2022 16:48:56 GMT",
        "Expires": "-1",
        "Pragma": "no-cache",
        "Strict-Transport-Security": "max-age=31536000;includeSubDomains",
        "X-Content-Type-Options": "nosniff",
        "x-ms-keyvault-network-info": "conn_type=Ipv4;addr=73.232.137.144;act_addr_fam=InterNetwork;",
        "x-ms-keyvault-rbac-assignment-id": "b1617016-e2f7-593d-b320-2121fa602224",
        "x-ms-keyvault-rbac-cache": "ra_age=410;da_age=4858;rd_age=4858;brd_age=16457;ra_notif_age=2777;dec_lev=0;",
        "x-ms-keyvault-region": "westus2",
        "x-ms-keyvault-service-version": "1.9.331.5",
        "X-Powered-By": "ASP.NET"
      },
      "ResponseBody": {
        "value": [
          {
            "id": "https://vaultname.vault.azure.net/secrets/livekvtestsec2f2852b80",
            "attributes": {
              "enabled": true,
              "created": 1648226530,
              "updated": 1648226530,
              "recoveryLevel": "CustomizedRecoverable\u002BPurgeable",
              "recoverableDays": 7
            }
          },
          {
            "id": "https://vaultname.vault.azure.net/secrets/livekvtestsec2f28e2b81",
            "attributes": {
              "enabled": true,
              "created": 1648226528,
              "updated": 1648226528,
              "recoveryLevel": "CustomizedRecoverable\u002BPurgeable",
              "recoverableDays": 7
            }
          },
          {
            "id": "https://vaultname.vault.azure.net/secrets/livekvtestsec2f2972b82",
            "attributes": {
              "enabled": true,
              "created": 1648226527,
              "updated": 1648226527,
              "recoveryLevel": "CustomizedRecoverable\u002BPurgeable",
              "recoverableDays": 7
            }
          },
          {
            "id": "https://vaultname.vault.azure.net/secrets/livekvtestsec321ea2ccf",
            "attributes": {
              "enabled": true,
              "created": 1648226535,
              "updated": 1648226535,
              "recoveryLevel": "CustomizedRecoverable\u002BPurgeable",
              "recoverableDays": 7
            }
          },
          {
            "id": "https://vaultname.vault.azure.net/secrets/livekvtestsec3c38d2b0c",
            "attributes": {
              "enabled": true,
              "created": 1648226935,
              "updated": 1648226935,
              "recoveryLevel": "CustomizedRecoverable\u002BPurgeable",
              "recoverableDays": 7
            }
          },
          {
            "id": "https://vaultname.vault.azure.net/secrets/livekvtestsec3c3962b0d",
            "attributes": {
              "enabled": true,
              "created": 1648226933,
              "updated": 1648226933,
              "recoveryLevel": "CustomizedRecoverable\u002BPurgeable",
              "recoverableDays": 7
            }
          }
        ],
        "nextLink": "https://vaultname.vault.azure.net:443/secrets?api-version=7.2\u0026$skiptoken=eyJOZXh0TWFya2VyIjoiMiExMDAhTURBd01ESTVJWE5sWTNKbGRDOU1TVlpGUzFaVVJWTlVVMFZETTBZeU4wTXlRamRHSVRBd01EQXlPQ0U1T1RrNUxURXlMVE14VkRJek9qVTVPalU1TGprNU9UazVPVGxhSVEtLSIsIlRhcmdldExvY2F0aW9uIjowfQ\u0026maxresults=6"
      }
    },
    {
      "RequestUri": "https://vaultname.vault.azure.net/secrets?maxresults=6\u0026api-version=7.2\u0026$skiptoken=eyJOZXh0TWFya2VyIjoiMiExMDAhTURBd01ESTVJWE5sWTNKbGRDOU1TVlpGUzFaVVJWTlVVMFZETTBZeU4wTXlRamRHSVRBd01EQXlPQ0U1T1RrNUxURXlMVE14VkRJek9qVTVPalU1TGprNU9UazVPVGxhSVEtLSIsIlRhcmdldExvY2F0aW9uIjowfQ",
      "RequestMethod": "GET",
      "RequestHeaders": {
        "Accept": "application/json",
        "Accept-Encoding": "gzip, deflate",
        "Connection": "keep-alive",
        "User-Agent": "azsdk-python-keyvault-secrets/4.4.0 Python/3.9.9 (Windows-10-10.0.22000-SP0)"
      },
      "RequestBody": null,
      "StatusCode": 200,
      "ResponseHeaders": {
        "Cache-Control": "no-cache",
        "Content-Length": "1597",
        "Content-Type": "application/json; charset=utf-8",
        "Date": "Fri, 25 Mar 2022 16:48:56 GMT",
        "Expires": "-1",
        "Pragma": "no-cache",
        "Strict-Transport-Security": "max-age=31536000;includeSubDomains",
        "X-Content-Type-Options": "nosniff",
        "x-ms-keyvault-network-info": "conn_type=Ipv4;addr=73.232.137.144;act_addr_fam=InterNetwork;",
        "x-ms-keyvault-rbac-assignment-id": "b1617016-e2f7-593d-b320-2121fa602224",
        "x-ms-keyvault-rbac-cache": "ra_age=410;da_age=4858;rd_age=4858;brd_age=16457;ra_notif_age=2777;dec_lev=0;",
        "x-ms-keyvault-region": "westus2",
        "x-ms-keyvault-service-version": "1.9.331.5",
        "X-Powered-By": "ASP.NET"
      },
      "ResponseBody": {
        "value": [
          {
            "id": "https://vaultname.vault.azure.net/secrets/livekvtestsec3f27c2b7f",
            "attributes": {
              "enabled": true,
              "created": 1648226533,
              "updated": 1648226533,
              "recoveryLevel": "CustomizedRecoverable\u002BPurgeable",
              "recoverableDays": 7
            }
          },
          {
            "id": "https://vaultname.vault.azure.net/secrets/livekvtestsec3f2852b80",
            "attributes": {
              "enabled": true,
              "created": 1648226530,
              "updated": 1648226530,
              "recoveryLevel": "CustomizedRecoverable\u002BPurgeable",
              "recoverableDays": 7
            }
          },
          {
            "id": "https://vaultname.vault.azure.net/secrets/livekvtestsec3f28e2b81",
            "attributes": {
              "enabled": true,
              "created": 1648226528,
              "updated": 1648226528,
              "recoveryLevel": "CustomizedRecoverable\u002BPurgeable",
              "recoverableDays": 7
            }
          },
          {
            "id": "https://vaultname.vault.azure.net/secrets/livekvtestsec3f2972b82",
            "attributes": {
              "enabled": true,
              "created": 1648226527,
              "updated": 1648226527,
              "recoveryLevel": "CustomizedRecoverable\u002BPurgeable",
              "recoverableDays": 7
            }
          },
          {
            "id": "https://vaultname.vault.azure.net/secrets/livekvtestsec421ea2ccf",
            "attributes": {
              "enabled": true,
              "created": 1648226535,
              "updated": 1648226535,
              "recoveryLevel": "CustomizedRecoverable\u002BPurgeable",
              "recoverableDays": 7
            }
          },
          {
            "id": "https://vaultname.vault.azure.net/secrets/livekvtestsec4c38d2b0c",
            "attributes": {
              "enabled": true,
              "created": 1648226935,
              "updated": 1648226935,
              "recoveryLevel": "CustomizedRecoverable\u002BPurgeable",
              "recoverableDays": 7
            }
          }
        ],
        "nextLink": "https://vaultname.vault.azure.net:443/secrets?api-version=7.2\u0026$skiptoken=eyJOZXh0TWFya2VyIjoiMiExMDAhTURBd01ESTVJWE5sWTNKbGRDOU1TVlpGUzFaVVJWTlVVMFZETkVNek9UWXlRakJFSVRBd01EQXlPQ0U1T1RrNUxURXlMVE14VkRJek9qVTVPalU1TGprNU9UazVPVGxhSVEtLSIsIlRhcmdldExvY2F0aW9uIjowfQ\u0026maxresults=6"
      }
    },
    {
      "RequestUri": "https://vaultname.vault.azure.net/secrets?maxresults=6\u0026api-version=7.2\u0026$skiptoken=eyJOZXh0TWFya2VyIjoiMiExMDAhTURBd01ESTVJWE5sWTNKbGRDOU1TVlpGUzFaVVJWTlVVMFZETkVNek9UWXlRakJFSVRBd01EQXlPQ0U1T1RrNUxURXlMVE14VkRJek9qVTVPalU1TGprNU9UazVPVGxhSVEtLSIsIlRhcmdldExvY2F0aW9uIjowfQ",
      "RequestMethod": "GET",
      "RequestHeaders": {
        "Accept": "application/json",
        "Accept-Encoding": "gzip, deflate",
        "Connection": "keep-alive",
        "User-Agent": "azsdk-python-keyvault-secrets/4.4.0 Python/3.9.9 (Windows-10-10.0.22000-SP0)"
      },
      "RequestBody": null,
      "StatusCode": 200,
      "ResponseHeaders": {
        "Cache-Control": "no-cache",
        "Content-Length": "1589",
        "Content-Type": "application/json; charset=utf-8",
        "Date": "Fri, 25 Mar 2022 16:48:56 GMT",
        "Expires": "-1",
        "Pragma": "no-cache",
        "Strict-Transport-Security": "max-age=31536000;includeSubDomains",
        "X-Content-Type-Options": "nosniff",
        "x-ms-keyvault-network-info": "conn_type=Ipv4;addr=73.232.137.144;act_addr_fam=InterNetwork;",
        "x-ms-keyvault-rbac-assignment-id": "b1617016-e2f7-593d-b320-2121fa602224",
        "x-ms-keyvault-rbac-cache": "ra_age=410;da_age=4858;rd_age=4858;brd_age=16457;ra_notif_age=2777;dec_lev=0;",
        "x-ms-keyvault-region": "westus2",
        "x-ms-keyvault-service-version": "1.9.331.5",
        "X-Powered-By": "ASP.NET"
      },
      "ResponseBody": {
        "value": [
          {
            "id": "https://vaultname.vault.azure.net/secrets/livekvtestsec4c3962b0d",
            "attributes": {
              "enabled": true,
              "created": 1648226933,
              "updated": 1648226933,
              "recoveryLevel": "CustomizedRecoverable\u002BPurgeable",
              "recoverableDays": 7
            }
          },
          {
            "id": "https://vaultname.vault.azure.net/secrets/livekvtestsec4f27c2b7f",
            "attributes": {
              "enabled": true,
              "created": 1648226533,
              "updated": 1648226533,
              "recoveryLevel": "CustomizedRecoverable\u002BPurgeable",
              "recoverableDays": 7
            }
          },
          {
            "id": "https://vaultname.vault.azure.net/secrets/livekvtestsec4f2852b80",
            "attributes": {
              "enabled": true,
              "created": 1648226530,
              "updated": 1648226530,
              "recoveryLevel": "CustomizedRecoverable\u002BPurgeable",
              "recoverableDays": 7
            }
          },
          {
            "id": "https://vaultname.vault.azure.net/secrets/livekvtestsec4f28e2b81",
            "attributes": {
              "enabled": true,
              "created": 1648226529,
              "updated": 1648226529,
              "recoveryLevel": "CustomizedRecoverable\u002BPurgeable",
              "recoverableDays": 7
            }
          },
          {
            "id": "https://vaultname.vault.azure.net/secrets/livekvtestsec4f2972b82",
            "attributes": {
              "enabled": true,
              "created": 1648226527,
              "updated": 1648226527,
              "recoveryLevel": "CustomizedRecoverable\u002BPurgeable",
              "recoverableDays": 7
            }
          },
          {
            "id": "https://vaultname.vault.azure.net/secrets/livekvtestsec50442c72",
            "attributes": {
              "enabled": true,
              "created": 1648226842,
              "updated": 1648226842,
              "recoveryLevel": "CustomizedRecoverable\u002BPurgeable",
              "recoverableDays": 7
            }
          }
        ],
        "nextLink": "https://vaultname.vault.azure.net:443/secrets?api-version=7.2\u0026$skiptoken=eyJOZXh0TWFya2VyIjoiMiE5NiFNREF3TURJNElYTmxZM0psZEM5TVNWWkZTMVpVUlZOVVUwVkROVEEwUkRKRE56TWhNREF3TURJNElUazVPVGt0TVRJdE16RlVNak02TlRrNk5Ua3VPVGs1T1RrNU9Wb2giLCJUYXJnZXRMb2NhdGlvbiI6MH0\u0026maxresults=6"
      }
    },
    {
      "RequestUri": "https://vaultname.vault.azure.net/secrets?maxresults=6\u0026api-version=7.2\u0026$skiptoken=eyJOZXh0TWFya2VyIjoiMiE5NiFNREF3TURJNElYTmxZM0psZEM5TVNWWkZTMVpVUlZOVVUwVkROVEEwUkRKRE56TWhNREF3TURJNElUazVPVGt0TVRJdE16RlVNak02TlRrNk5Ua3VPVGs1T1RrNU9Wb2giLCJUYXJnZXRMb2NhdGlvbiI6MH0",
      "RequestMethod": "GET",
      "RequestHeaders": {
        "Accept": "application/json",
        "Accept-Encoding": "gzip, deflate",
        "Connection": "keep-alive",
        "User-Agent": "azsdk-python-keyvault-secrets/4.4.0 Python/3.9.9 (Windows-10-10.0.22000-SP0)"
      },
      "RequestBody": null,
      "StatusCode": 200,
      "ResponseHeaders": {
        "Cache-Control": "no-cache",
        "Content-Length": "1594",
        "Content-Type": "application/json; charset=utf-8",
        "Date": "Fri, 25 Mar 2022 16:48:56 GMT",
        "Expires": "-1",
        "Pragma": "no-cache",
        "Strict-Transport-Security": "max-age=31536000;includeSubDomains",
        "X-Content-Type-Options": "nosniff",
        "x-ms-keyvault-network-info": "conn_type=Ipv4;addr=73.232.137.144;act_addr_fam=InterNetwork;",
        "x-ms-keyvault-rbac-assignment-id": "b1617016-e2f7-593d-b320-2121fa602224",
        "x-ms-keyvault-rbac-cache": "ra_age=410;da_age=4858;rd_age=4858;brd_age=16458;ra_notif_age=2777;dec_lev=0;",
        "x-ms-keyvault-region": "westus2",
        "x-ms-keyvault-service-version": "1.9.331.5",
        "X-Powered-By": "ASP.NET"
      },
      "ResponseBody": {
        "value": [
          {
            "id": "https://vaultname.vault.azure.net/secrets/livekvtestsec504d2c73",
            "attributes": {
              "enabled": true,
              "created": 1648226840,
              "updated": 1648226840,
              "recoveryLevel": "CustomizedRecoverable\u002BPurgeable",
              "recoverableDays": 7
            }
          },
          {
            "id": "https://vaultname.vault.azure.net/secrets/livekvtestsec50562c74",
            "attributes": {
              "enabled": true,
              "created": 1648226838,
              "updated": 1648226838,
              "recoveryLevel": "CustomizedRecoverable\u002BPurgeable",
              "recoverableDays": 7
            }
          },
          {
            "id": "https://vaultname.vault.azure.net/secrets/livekvtestsec505f2c75",
            "attributes": {
              "enabled": true,
              "created": 1648226837,
              "updated": 1648226837,
              "recoveryLevel": "CustomizedRecoverable\u002BPurgeable",
              "recoverableDays": 7
            }
          },
          {
            "id": "https://vaultname.vault.azure.net/secrets/livekvtestsec521ea2ccf",
            "attributes": {
              "enabled": true,
              "created": 1648226535,
              "updated": 1648226535,
              "recoveryLevel": "CustomizedRecoverable\u002BPurgeable",
              "recoverableDays": 7
            }
          },
          {
            "id": "https://vaultname.vault.azure.net/secrets/livekvtestsec5c38d2b0c",
            "attributes": {
              "enabled": true,
              "created": 1648226935,
              "updated": 1648226935,
              "recoveryLevel": "CustomizedRecoverable\u002BPurgeable",
              "recoverableDays": 7
            }
          },
          {
            "id": "https://vaultname.vault.azure.net/secrets/livekvtestsec5c3962b0d",
            "attributes": {
              "enabled": true,
              "created": 1648226933,
              "updated": 1648226933,
              "recoveryLevel": "CustomizedRecoverable\u002BPurgeable",
              "recoverableDays": 7
            }
          }
        ],
        "nextLink": "https://vaultname.vault.azure.net:443/secrets?api-version=7.2\u0026$skiptoken=eyJOZXh0TWFya2VyIjoiMiExMDAhTURBd01ESTVJWE5sWTNKbGRDOU1TVlpGUzFaVVJWTlVVMFZETlVZeU4wTXlRamRHSVRBd01EQXlPQ0U1T1RrNUxURXlMVE14VkRJek9qVTVPalU1TGprNU9UazVPVGxhSVEtLSIsIlRhcmdldExvY2F0aW9uIjowfQ\u0026maxresults=6"
      }
    },
    {
      "RequestUri": "https://vaultname.vault.azure.net/secrets?maxresults=6\u0026api-version=7.2\u0026$skiptoken=eyJOZXh0TWFya2VyIjoiMiExMDAhTURBd01ESTVJWE5sWTNKbGRDOU1TVlpGUzFaVVJWTlVVMFZETlVZeU4wTXlRamRHSVRBd01EQXlPQ0U1T1RrNUxURXlMVE14VkRJek9qVTVPalU1TGprNU9UazVPVGxhSVEtLSIsIlRhcmdldExvY2F0aW9uIjowfQ",
      "RequestMethod": "GET",
      "RequestHeaders": {
        "Accept": "application/json",
        "Accept-Encoding": "gzip, deflate",
        "Connection": "keep-alive",
        "User-Agent": "azsdk-python-keyvault-secrets/4.4.0 Python/3.9.9 (Windows-10-10.0.22000-SP0)"
      },
      "RequestBody": null,
      "StatusCode": 200,
      "ResponseHeaders": {
        "Cache-Control": "no-cache",
        "Content-Length": "1597",
        "Content-Type": "application/json; charset=utf-8",
        "Date": "Fri, 25 Mar 2022 16:48:56 GMT",
        "Expires": "-1",
        "Pragma": "no-cache",
        "Strict-Transport-Security": "max-age=31536000;includeSubDomains",
        "X-Content-Type-Options": "nosniff",
        "x-ms-keyvault-network-info": "conn_type=Ipv4;addr=73.232.137.144;act_addr_fam=InterNetwork;",
        "x-ms-keyvault-rbac-assignment-id": "b1617016-e2f7-593d-b320-2121fa602224",
        "x-ms-keyvault-rbac-cache": "ra_age=410;da_age=4858;rd_age=4858;brd_age=16458;ra_notif_age=2777;dec_lev=0;",
        "x-ms-keyvault-region": "westus2",
        "x-ms-keyvault-service-version": "1.9.331.5",
        "X-Powered-By": "ASP.NET"
      },
      "ResponseBody": {
        "value": [
          {
            "id": "https://vaultname.vault.azure.net/secrets/livekvtestsec5f27c2b7f",
            "attributes": {
              "enabled": true,
              "created": 1648226533,
              "updated": 1648226533,
              "recoveryLevel": "CustomizedRecoverable\u002BPurgeable",
              "recoverableDays": 7
            }
          },
          {
            "id": "https://vaultname.vault.azure.net/secrets/livekvtestsec5f2852b80",
            "attributes": {
              "enabled": true,
              "created": 1648226531,
              "updated": 1648226531,
              "recoveryLevel": "CustomizedRecoverable\u002BPurgeable",
              "recoverableDays": 7
            }
          },
          {
            "id": "https://vaultname.vault.azure.net/secrets/livekvtestsec5f28e2b81",
            "attributes": {
              "enabled": true,
              "created": 1648226529,
              "updated": 1648226529,
              "recoveryLevel": "CustomizedRecoverable\u002BPurgeable",
              "recoverableDays": 7
            }
          },
          {
            "id": "https://vaultname.vault.azure.net/secrets/livekvtestsec5f2972b82",
            "attributes": {
              "enabled": true,
              "created": 1648226527,
              "updated": 1648226527,
              "recoveryLevel": "CustomizedRecoverable\u002BPurgeable",
              "recoverableDays": 7
            }
          },
          {
            "id": "https://vaultname.vault.azure.net/secrets/livekvtestsec621ea2ccf",
            "attributes": {
              "enabled": true,
              "created": 1648226535,
              "updated": 1648226535,
              "recoveryLevel": "CustomizedRecoverable\u002BPurgeable",
              "recoverableDays": 7
            }
          },
          {
            "id": "https://vaultname.vault.azure.net/secrets/livekvtestsec6c38d2b0c",
            "attributes": {
              "enabled": true,
              "created": 1648226936,
              "updated": 1648226936,
              "recoveryLevel": "CustomizedRecoverable\u002BPurgeable",
              "recoverableDays": 7
            }
          }
        ],
        "nextLink": "https://vaultname.vault.azure.net:443/secrets?api-version=7.2\u0026$skiptoken=eyJOZXh0TWFya2VyIjoiMiExMDAhTURBd01ESTVJWE5sWTNKbGRDOU1TVlpGUzFaVVJWTlVVMFZETmtNek9UWXlRakJFSVRBd01EQXlPQ0U1T1RrNUxURXlMVE14VkRJek9qVTVPalU1TGprNU9UazVPVGxhSVEtLSIsIlRhcmdldExvY2F0aW9uIjowfQ\u0026maxresults=6"
      }
    },
    {
      "RequestUri": "https://vaultname.vault.azure.net/secrets?maxresults=6\u0026api-version=7.2\u0026$skiptoken=eyJOZXh0TWFya2VyIjoiMiExMDAhTURBd01ESTVJWE5sWTNKbGRDOU1TVlpGUzFaVVJWTlVVMFZETmtNek9UWXlRakJFSVRBd01EQXlPQ0U1T1RrNUxURXlMVE14VkRJek9qVTVPalU1TGprNU9UazVPVGxhSVEtLSIsIlRhcmdldExvY2F0aW9uIjowfQ",
      "RequestMethod": "GET",
      "RequestHeaders": {
        "Accept": "application/json",
        "Accept-Encoding": "gzip, deflate",
        "Connection": "keep-alive",
        "User-Agent": "azsdk-python-keyvault-secrets/4.4.0 Python/3.9.9 (Windows-10-10.0.22000-SP0)"
      },
      "RequestBody": null,
      "StatusCode": 200,
      "ResponseHeaders": {
        "Cache-Control": "no-cache",
        "Content-Length": "1322",
        "Content-Type": "application/json; charset=utf-8",
        "Date": "Fri, 25 Mar 2022 16:48:56 GMT",
        "Expires": "-1",
        "Pragma": "no-cache",
        "Strict-Transport-Security": "max-age=31536000;includeSubDomains",
        "X-Content-Type-Options": "nosniff",
        "x-ms-keyvault-network-info": "conn_type=Ipv4;addr=73.232.137.144;act_addr_fam=InterNetwork;",
        "x-ms-keyvault-rbac-assignment-id": "b1617016-e2f7-593d-b320-2121fa602224",
        "x-ms-keyvault-rbac-cache": "ra_age=410;da_age=4858;rd_age=4858;brd_age=16458;ra_notif_age=2777;dec_lev=0;",
        "x-ms-keyvault-region": "westus2",
        "x-ms-keyvault-service-version": "1.9.331.5",
        "X-Powered-By": "ASP.NET"
      },
      "ResponseBody": {
        "value": [
          {
            "id": "https://vaultname.vault.azure.net/secrets/livekvtestsec6c3962b0d",
            "attributes": {
              "enabled": true,
              "created": 1648226933,
              "updated": 1648226933,
              "recoveryLevel": "CustomizedRecoverable\u002BPurgeable",
              "recoverableDays": 7
            }
          },
          {
            "id": "https://vaultname.vault.azure.net/secrets/livekvtestsec6f27c2b7f",
            "attributes": {
              "enabled": true,
              "created": 1648226533,
              "updated": 1648226533,
              "recoveryLevel": "CustomizedRecoverable\u002BPurgeable",
              "recoverableDays": 7
            }
          },
          {
            "id": "https://vaultname.vault.azure.net/secrets/livekvtestsec6f2852b80",
            "attributes": {
              "enabled": true,
              "created": 1648226531,
              "updated": 1648226531,
              "recoveryLevel": "CustomizedRecoverable\u002BPurgeable",
              "recoverableDays": 7
            }
          },
          {
            "id": "https://vaultname.vault.azure.net/secrets/livekvtestsec6f28e2b81",
            "attributes": {
              "enabled": true,
              "created": 1648226529,
              "updated": 1648226529,
              "recoveryLevel": "CustomizedRecoverable\u002BPurgeable",
              "recoverableDays": 7
            }
          },
          {
            "id": "https://vaultname.vault.azure.net/secrets/livekvtestsec6f2972b82",
            "attributes": {
              "enabled": true,
              "created": 1648226527,
              "updated": 1648226527,
              "recoveryLevel": "CustomizedRecoverable\u002BPurgeable",
              "recoverableDays": 7
            }
          },
          {
            "id": "https://vaultname.vault.azure.net/secrets/livekvtestsec86482dc2",
            "attributes": {
              "enabled": true,
              "created": 1648226843,
              "updated": 1648226843,
              "recoveryLevel": "CustomizedRecoverable\u002BPurgeable",
              "recoverableDays": 7
            }
          }
        ],
        "nextLink": null
      }
    }
  ],
  "Variables": {}
}
