interactions:
- request:
    body: null
    headers:
      Accept:
      - application/json
      Content-Length:
      - '0'
      Content-Type:
      - application/json
      User-Agent:
      - azsdk-python-keyvault-secrets/4.3.0b1 Python/3.5.3 (Windows-10-10.0.19041-SP0)
    method: PUT
    uri: https://vaultname.vault.azure.net/secrets/livekvtestsecret094d51aec?api-version=7.1
  response:
    body:
      string: '{"error":{"code":"Unauthorized","message":"Request is missing a Bearer
        or PoP token."}}'
    headers:
      cache-control: no-cache
      content-length: '87'
      content-type: application/json; charset=utf-8
      date: Tue, 20 Apr 2021 21:08:30 GMT
      expires: '-1'
      pragma: no-cache
      strict-transport-security: max-age=31536000;includeSubDomains
      www-authenticate: Bearer authorization="https://login.windows.net/72f988bf-86f1-41af-91ab-2d7cd011db47",
        resource="https://vault.azure.net"
      x-content-type-options: nosniff
      x-ms-keyvault-network-info: conn_type=Ipv4;addr=172.92.159.124;act_addr_fam=InterNetwork;
      x-ms-keyvault-region: eastus2
      x-ms-keyvault-service-version: 1.2.236.0
      x-powered-by: ASP.NET
    status:
      code: 401
      message: Unauthorized
    url: https://mcpatinotest.vault.azure.net/secrets/livekvtestsecret094d51aec?api-version=7.1
- request:
    body: '{"value": "value0"}'
    headers:
      Accept:
      - application/json
      Content-Length:
      - '19'
      Content-Type:
      - application/json
      User-Agent:
      - azsdk-python-keyvault-secrets/4.3.0b1 Python/3.5.3 (Windows-10-10.0.19041-SP0)
    method: PUT
    uri: https://vaultname.vault.azure.net/secrets/livekvtestsecret094d51aec?api-version=7.1
  response:
    body:
      string: '{"value":"value0","id":"https://vaultname.vault.azure.net/secrets/livekvtestsecret094d51aec/d48a590c383d43d48ed542f2739621ab","attributes":{"enabled":true,"created":1618952911,"updated":1618952911,"recoveryLevel":"Recoverable+Purgeable","recoverableDays":90}}'
    headers:
      cache-control: no-cache
      content-length: '262'
      content-type: application/json; charset=utf-8
      date: Tue, 20 Apr 2021 21:08:31 GMT
      expires: '-1'
      pragma: no-cache
      strict-transport-security: max-age=31536000;includeSubDomains
      x-content-type-options: nosniff
      x-ms-keyvault-network-info: conn_type=Ipv4;addr=172.92.159.124;act_addr_fam=InterNetwork;
      x-ms-keyvault-region: eastus2
      x-ms-keyvault-service-version: 1.2.236.0
      x-powered-by: ASP.NET
    status:
      code: 200
      message: OK
    url: https://mcpatinotest.vault.azure.net/secrets/livekvtestsecret094d51aec?api-version=7.1
- request:
    body: '{"value": "value1"}'
    headers:
      Accept:
      - application/json
      Content-Length:
      - '19'
      Content-Type:
      - application/json
      User-Agent:
      - azsdk-python-keyvault-secrets/4.3.0b1 Python/3.5.3 (Windows-10-10.0.19041-SP0)
    method: PUT
    uri: https://vaultname.vault.azure.net/secrets/livekvtestsecret194d51aec?api-version=7.1
  response:
    body:
      string: '{"value":"value1","id":"https://vaultname.vault.azure.net/secrets/livekvtestsecret194d51aec/a2ff2653571149f99c63caf92d28387c","attributes":{"enabled":true,"created":1618952911,"updated":1618952911,"recoveryLevel":"Recoverable+Purgeable","recoverableDays":90}}'
    headers:
      cache-control: no-cache
      content-length: '262'
      content-type: application/json; charset=utf-8
      date: Tue, 20 Apr 2021 21:08:31 GMT
      expires: '-1'
      pragma: no-cache
      strict-transport-security: max-age=31536000;includeSubDomains
      x-content-type-options: nosniff
      x-ms-keyvault-network-info: conn_type=Ipv4;addr=172.92.159.124;act_addr_fam=InterNetwork;
      x-ms-keyvault-region: eastus2
      x-ms-keyvault-service-version: 1.2.236.0
      x-powered-by: ASP.NET
    status:
      code: 200
      message: OK
    url: https://mcpatinotest.vault.azure.net/secrets/livekvtestsecret194d51aec?api-version=7.1
- request:
    body: '{"value": "value2"}'
    headers:
      Accept:
      - application/json
      Content-Length:
      - '19'
      Content-Type:
      - application/json
      User-Agent:
      - azsdk-python-keyvault-secrets/4.3.0b1 Python/3.5.3 (Windows-10-10.0.19041-SP0)
    method: PUT
    uri: https://vaultname.vault.azure.net/secrets/livekvtestsecret294d51aec?api-version=7.1
  response:
    body:
      string: '{"value":"value2","id":"https://vaultname.vault.azure.net/secrets/livekvtestsecret294d51aec/6250dd286e7544bcad49e0edfb97dc18","attributes":{"enabled":true,"created":1618952912,"updated":1618952912,"recoveryLevel":"Recoverable+Purgeable","recoverableDays":90}}'
    headers:
      cache-control: no-cache
      content-length: '262'
      content-type: application/json; charset=utf-8
      date: Tue, 20 Apr 2021 21:08:31 GMT
      expires: '-1'
      pragma: no-cache
      strict-transport-security: max-age=31536000;includeSubDomains
      x-content-type-options: nosniff
      x-ms-keyvault-network-info: conn_type=Ipv4;addr=172.92.159.124;act_addr_fam=InterNetwork;
      x-ms-keyvault-region: eastus2
      x-ms-keyvault-service-version: 1.2.236.0
      x-powered-by: ASP.NET
    status:
      code: 200
      message: OK
    url: https://mcpatinotest.vault.azure.net/secrets/livekvtestsecret294d51aec?api-version=7.1
- request:
    body: '{"value": "value3"}'
    headers:
      Accept:
      - application/json
      Content-Length:
      - '19'
      Content-Type:
      - application/json
      User-Agent:
      - azsdk-python-keyvault-secrets/4.3.0b1 Python/3.5.3 (Windows-10-10.0.19041-SP0)
    method: PUT
    uri: https://vaultname.vault.azure.net/secrets/livekvtestsecret394d51aec?api-version=7.1
  response:
    body:
      string: '{"value":"value3","id":"https://vaultname.vault.azure.net/secrets/livekvtestsecret394d51aec/4420b9d86cc94d9f8fd338bd7d755700","attributes":{"enabled":true,"created":1618952912,"updated":1618952912,"recoveryLevel":"Recoverable+Purgeable","recoverableDays":90}}'
    headers:
      cache-control: no-cache
      content-length: '262'
      content-type: application/json; charset=utf-8
      date: Tue, 20 Apr 2021 21:08:32 GMT
      expires: '-1'
      pragma: no-cache
      strict-transport-security: max-age=31536000;includeSubDomains
      x-content-type-options: nosniff
      x-ms-keyvault-network-info: conn_type=Ipv4;addr=172.92.159.124;act_addr_fam=InterNetwork;
      x-ms-keyvault-region: eastus2
      x-ms-keyvault-service-version: 1.2.236.0
      x-powered-by: ASP.NET
    status:
      code: 200
      message: OK
    url: https://mcpatinotest.vault.azure.net/secrets/livekvtestsecret394d51aec?api-version=7.1
- request:
    body: '{"value": "value4"}'
    headers:
      Accept:
      - application/json
      Content-Length:
      - '19'
      Content-Type:
      - application/json
      User-Agent:
      - azsdk-python-keyvault-secrets/4.3.0b1 Python/3.5.3 (Windows-10-10.0.19041-SP0)
    method: PUT
    uri: https://vaultname.vault.azure.net/secrets/livekvtestsecret494d51aec?api-version=7.1
  response:
    body:
      string: '{"value":"value4","id":"https://vaultname.vault.azure.net/secrets/livekvtestsecret494d51aec/29558cc194644d4bb2d05e98e4c3b96b","attributes":{"enabled":true,"created":1618952912,"updated":1618952912,"recoveryLevel":"Recoverable+Purgeable","recoverableDays":90}}'
    headers:
      cache-control: no-cache
      content-length: '262'
      content-type: application/json; charset=utf-8
      date: Tue, 20 Apr 2021 21:08:32 GMT
      expires: '-1'
      pragma: no-cache
      strict-transport-security: max-age=31536000;includeSubDomains
      x-content-type-options: nosniff
      x-ms-keyvault-network-info: conn_type=Ipv4;addr=172.92.159.124;act_addr_fam=InterNetwork;
      x-ms-keyvault-region: eastus2
      x-ms-keyvault-service-version: 1.2.236.0
      x-powered-by: ASP.NET
    status:
      code: 200
      message: OK
    url: https://mcpatinotest.vault.azure.net/secrets/livekvtestsecret494d51aec?api-version=7.1
- request:
    body: '{"value": "value5"}'
    headers:
      Accept:
      - application/json
      Content-Length:
      - '19'
      Content-Type:
      - application/json
      User-Agent:
      - azsdk-python-keyvault-secrets/4.3.0b1 Python/3.5.3 (Windows-10-10.0.19041-SP0)
    method: PUT
    uri: https://vaultname.vault.azure.net/secrets/livekvtestsecret594d51aec?api-version=7.1
  response:
    body:
      string: '{"value":"value5","id":"https://vaultname.vault.azure.net/secrets/livekvtestsecret594d51aec/add72759a124463d8a341f12544cc8fe","attributes":{"enabled":true,"created":1618952912,"updated":1618952912,"recoveryLevel":"Recoverable+Purgeable","recoverableDays":90}}'
    headers:
      cache-control: no-cache
      content-length: '262'
      content-type: application/json; charset=utf-8
      date: Tue, 20 Apr 2021 21:08:32 GMT
      expires: '-1'
      pragma: no-cache
      strict-transport-security: max-age=31536000;includeSubDomains
      x-content-type-options: nosniff
      x-ms-keyvault-network-info: conn_type=Ipv4;addr=172.92.159.124;act_addr_fam=InterNetwork;
      x-ms-keyvault-region: eastus2
      x-ms-keyvault-service-version: 1.2.236.0
      x-powered-by: ASP.NET
    status:
      code: 200
      message: OK
    url: https://mcpatinotest.vault.azure.net/secrets/livekvtestsecret594d51aec?api-version=7.1
- request:
    body: '{"value": "value6"}'
    headers:
      Accept:
      - application/json
      Content-Length:
      - '19'
      Content-Type:
      - application/json
      User-Agent:
      - azsdk-python-keyvault-secrets/4.3.0b1 Python/3.5.3 (Windows-10-10.0.19041-SP0)
    method: PUT
    uri: https://vaultname.vault.azure.net/secrets/livekvtestsecret694d51aec?api-version=7.1
  response:
    body:
      string: '{"value":"value6","id":"https://vaultname.vault.azure.net/secrets/livekvtestsecret694d51aec/76229643af8c4a6280b675880b8bcfa8","attributes":{"enabled":true,"created":1618952913,"updated":1618952913,"recoveryLevel":"Recoverable+Purgeable","recoverableDays":90}}'
    headers:
      cache-control: no-cache
      content-length: '262'
      content-type: application/json; charset=utf-8
      date: Tue, 20 Apr 2021 21:08:32 GMT
      expires: '-1'
      pragma: no-cache
      strict-transport-security: max-age=31536000;includeSubDomains
      x-content-type-options: nosniff
      x-ms-keyvault-network-info: conn_type=Ipv4;addr=172.92.159.124;act_addr_fam=InterNetwork;
      x-ms-keyvault-region: eastus2
      x-ms-keyvault-service-version: 1.2.236.0
      x-powered-by: ASP.NET
    status:
      code: 200
      message: OK
    url: https://mcpatinotest.vault.azure.net/secrets/livekvtestsecret694d51aec?api-version=7.1
- request:
    body: null
    headers:
      Accept:
      - application/json
      User-Agent:
      - azsdk-python-keyvault-secrets/4.3.0b1 Python/3.5.3 (Windows-10-10.0.19041-SP0)
    method: GET
    uri: https://vaultname.vault.azure.net/secrets?api-version=7.1
  response:
    body:
      string: '{"value":[{"id":"https://vaultname.vault.azure.net/secrets/livekvtestsecret-name54f31c5b","attributes":{"enabled":true,"created":1618952829,"updated":1618952829,"recoveryLevel":"Recoverable+Purgeable","recoverableDays":90}},{"id":"https://vaultname.vault.azure.net/secrets/livekvtestsecret-name8ad11978","attributes":{"enabled":true,"created":1618952830,"updated":1618952830,"recoveryLevel":"Recoverable+Purgeable","recoverableDays":90}},{"id":"https://vaultname.vault.azure.net/secrets/livekvtestsecret-name93b61ad8","attributes":{"enabled":true,"created":1618952829,"updated":1618952829,"recoveryLevel":"Recoverable+Purgeable","recoverableDays":90}},{"id":"https://vaultname.vault.azure.net/secrets/livekvtestsecret-name93b71ad9","attributes":{"enabled":true,"created":1618952830,"updated":1618952830,"recoveryLevel":"Recoverable+Purgeable","recoverableDays":90}},{"id":"https://vaultname.vault.azure.net/secrets/livekvtestsecret-nameddc917f5","attributes":{"enabled":true,"created":1618952831,"updated":1618952831,"recoveryLevel":"Recoverable+Purgeable","recoverableDays":90}},{"id":"https://vaultname.vault.azure.net/secrets/livekvtestsecret-nameddca17f6","attributes":{"enabled":true,"created":1618952831,"updated":1618952831,"recoveryLevel":"Recoverable+Purgeable","recoverableDays":90}},{"id":"https://vaultname.vault.azure.net/secrets/livekvtestsecret056961c6e","attributes":{"enabled":true,"created":1618952907,"updated":1618952907,"recoveryLevel":"Recoverable+Purgeable","recoverableDays":90}},{"id":"https://vaultname.vault.azure.net/secrets/livekvtestsecret094d41aeb","attributes":{"enabled":true,"created":1618952828,"updated":1618952828,"recoveryLevel":"Recoverable+Purgeable","recoverableDays":90}},{"id":"https://vaultname.vault.azure.net/secrets/livekvtestsecret094d51aec","attributes":{"enabled":true,"created":1618952911,"updated":1618952911,"recoveryLevel":"Recoverable+Purgeable","recoverableDays":90}},{"id":"https://vaultname.vault.azure.net/secrets/livekvtestsecret156961c6e","attributes":{"enabled":true,"created":1618952908,"updated":1618952908,"recoveryLevel":"Recoverable+Purgeable","recoverableDays":90}},{"id":"https://vaultname.vault.azure.net/secrets/livekvtestsecret194d51aec","attributes":{"enabled":true,"created":1618952911,"updated":1618952911,"recoveryLevel":"Recoverable+Purgeable","recoverableDays":90}},{"id":"https://vaultname.vault.azure.net/secrets/livekvtestsecret256961c6e","attributes":{"enabled":true,"created":1618952908,"updated":1618952908,"recoveryLevel":"Recoverable+Purgeable","recoverableDays":90}},{"id":"https://vaultname.vault.azure.net/secrets/livekvtestsecret294d51aec","attributes":{"enabled":true,"created":1618952912,"updated":1618952912,"recoveryLevel":"Recoverable+Purgeable","recoverableDays":90}},{"id":"https://vaultname.vault.azure.net/secrets/livekvtestsecret356961c6e","attributes":{"enabled":true,"created":1618952908,"updated":1618952908,"recoveryLevel":"Recoverable+Purgeable","recoverableDays":90}},{"id":"https://vaultname.vault.azure.net/secrets/livekvtestsecret394d51aec","attributes":{"enabled":true,"created":1618952912,"updated":1618952912,"recoveryLevel":"Recoverable+Purgeable","recoverableDays":90}},{"id":"https://vaultname.vault.azure.net/secrets/livekvtestsecret456961c6e","attributes":{"enabled":true,"created":1618952909,"updated":1618952909,"recoveryLevel":"Recoverable+Purgeable","recoverableDays":90}},{"id":"https://vaultname.vault.azure.net/secrets/livekvtestsecret494d51aec","attributes":{"enabled":true,"created":1618952912,"updated":1618952912,"recoveryLevel":"Recoverable+Purgeable","recoverableDays":90}},{"id":"https://vaultname.vault.azure.net/secrets/livekvtestsecret556961c6e","attributes":{"enabled":true,"created":1618952909,"updated":1618952909,"recoveryLevel":"Recoverable+Purgeable","recoverableDays":90}},{"id":"https://vaultname.vault.azure.net/secrets/livekvtestsecret594d51aec","attributes":{"enabled":true,"created":1618952912,"updated":1618952912,"recoveryLevel":"Recoverable+Purgeable","recoverableDays":90}},{"id":"https://vaultname.vault.azure.net/secrets/livekvtestsecret656961c6e","attributes":{"enabled":true,"created":1618952909,"updated":1618952909,"recoveryLevel":"Recoverable+Purgeable","recoverableDays":90}},{"id":"https://vaultname.vault.azure.net/secrets/livekvtestsecret694d51aec","attributes":{"enabled":true,"created":1618952913,"updated":1618952913,"recoveryLevel":"Recoverable+Purgeable","recoverableDays":90}}],"nextLink":null}'
    headers:
      cache-control: no-cache
      content-length: '4524'
      content-type: application/json; charset=utf-8
      date: Tue, 20 Apr 2021 21:08:33 GMT
      expires: '-1'
      pragma: no-cache
      strict-transport-security: max-age=31536000;includeSubDomains
      x-content-type-options: nosniff
      x-ms-keyvault-network-info: conn_type=Ipv4;addr=172.92.159.124;act_addr_fam=InterNetwork;
      x-ms-keyvault-region: eastus2
      x-ms-keyvault-service-version: 1.2.236.0
      x-powered-by: ASP.NET
    status:
      code: 200
      message: OK
    url: https://mcpatinotest.vault.azure.net/secrets?api-version=7.1
- request:
    body: null
    headers:
      Accept:
      - application/json
      User-Agent:
      - azsdk-python-keyvault-secrets/4.3.0b1 Python/3.5.3 (Windows-10-10.0.19041-SP0)
    method: GET
    uri: https://vaultname.vault.azure.net/secrets/secret-name/versions?api-version=7.1
  response:
    body:
      string: '{"value":[],"nextLink":null}'
    headers:
      cache-control: no-cache
      content-length: '28'
      content-type: application/json; charset=utf-8
      date: Tue, 20 Apr 2021 21:08:33 GMT
      expires: '-1'
      pragma: no-cache
      strict-transport-security: max-age=31536000;includeSubDomains
      x-content-type-options: nosniff
      x-ms-keyvault-network-info: conn_type=Ipv4;addr=172.92.159.124;act_addr_fam=InterNetwork;
      x-ms-keyvault-region: eastus2
      x-ms-keyvault-service-version: 1.2.236.0
      x-powered-by: ASP.NET
    status:
      code: 200
      message: OK
    url: https://mcpatinotest.vault.azure.net/secrets/secret-name/versions?api-version=7.1
- request:
    body: null
    headers:
      Accept:
      - application/json
      User-Agent:
      - azsdk-python-keyvault-secrets/4.3.0b1 Python/3.5.3 (Windows-10-10.0.19041-SP0)
    method: GET
    uri: https://vaultname.vault.azure.net/deletedsecrets?api-version=7.1
  response:
    body:
      string: '{"value":[{"recoveryId":"https://vaultname.vault.azure.net/deletedsecrets/livekvtestsecret-name554d1c60","deletedDate":1618952877,"scheduledPurgeDate":1626728877,"contentType":"text/plain","id":"https://vaultname.vault.azure.net/secrets/livekvtestsecret-name554d1c60","attributes":{"enabled":true,"exp":2527401600,"created":1618952876,"updated":1618952876,"recoveryLevel":"Recoverable+Purgeable","recoverableDays":90},"tags":{"foo":"updated
        tag"}},{"recoveryId":"https://vaultname.vault.azure.net/deletedsecrets/livekvtestsecret-name93ed1add","deletedDate":1618952877,"scheduledPurgeDate":1626728877,"contentType":"text/plain","id":"https://vaultname.vault.azure.net/secrets/livekvtestsecret-name93ed1add","attributes":{"enabled":true,"exp":2527401600,"created":1618952876,"updated":1618952876,"recoveryLevel":"Recoverable+Purgeable","recoverableDays":90},"tags":{"foo":"updated
        tag"}}],"nextLink":"https://vaultname.vault.azure.net:443/deletedsecrets?api-version=7.1&$skiptoken=eyJOZXh0TWFya2VyIjoiMiExNDghTURBd01EWTFJWE5sWTNKbGRDOU1TVlpGUzFaVVJWTlVVMFZEVWtWVU1UVTJPVFl4UXpaRkx6ZzBSVVV4UTBSRFFqWTRRVFExT0RKQk9EZ3dNVFZCTkRVd01FWTRPVEJFSVRBd01EQXlPQ0U1T1RrNUxURXlMVE14VkRJek9qVTVPalU1TGprNU9UazVPVGxhSVEtLSIsIlRhcmdldExvY2F0aW9uIjowfQ"}'
    headers:
      cache-control: no-cache
      content-length: '1250'
      content-type: application/json; charset=utf-8
      date: Tue, 20 Apr 2021 21:08:33 GMT
      expires: '-1'
      pragma: no-cache
      strict-transport-security: max-age=31536000;includeSubDomains
      x-content-type-options: nosniff
      x-ms-keyvault-network-info: conn_type=Ipv4;addr=172.92.159.124;act_addr_fam=InterNetwork;
      x-ms-keyvault-region: eastus2
      x-ms-keyvault-service-version: 1.2.236.0
      x-powered-by: ASP.NET
    status:
      code: 200
      message: OK
    url: https://mcpatinotest.vault.azure.net/deletedsecrets?api-version=7.1
- request:
    body: null
    headers:
      Accept:
      - application/json
      User-Agent:
      - azsdk-python-keyvault-secrets/4.3.0b1 Python/3.5.3 (Windows-10-10.0.19041-SP0)
    method: GET
    uri: https://vaultname.vault.azure.net:443/deletedsecrets?api-version=7.1&$skiptoken=eyJOZXh0TWFya2VyIjoiMiExNDghTURBd01EWTFJWE5sWTNKbGRDOU1TVlpGUzFaVVJWTlVVMFZEVWtWVU1UVTJPVFl4UXpaRkx6ZzBSVVV4UTBSRFFqWTRRVFExT0RKQk9EZ3dNVFZCTkRVd01FWTRPVEJFSVRBd01EQXlPQ0U1T1RrNUxURXlMVE14VkRJek9qVTVPalU1TGprNU9UazVPVGxhSVEtLSIsIlRhcmdldExvY2F0aW9uIjowfQ
  response:
    body:
      string: '{"value":[],"nextLink":null}'
    headers:
      cache-control: no-cache
      content-length: '28'
      content-type: application/json; charset=utf-8
      date: Tue, 20 Apr 2021 21:08:33 GMT
      expires: '-1'
      pragma: no-cache
      strict-transport-security: max-age=31536000;includeSubDomains
      x-content-type-options: nosniff
      x-ms-keyvault-network-info: conn_type=Ipv4;addr=172.92.159.124;act_addr_fam=InterNetwork;
      x-ms-keyvault-region: eastus2
      x-ms-keyvault-service-version: 1.2.236.0
      x-powered-by: ASP.NET
    status:
      code: 200
      message: OK
    url: https://mcpatinotest.vault.azure.net:443/deletedsecrets?api-version=7.1&$skiptoken=eyJOZXh0TWFya2VyIjoiMiExNDghTURBd01EWTFJWE5sWTNKbGRDOU1TVlpGUzFaVVJWTlVVMFZEVWtWVU1UVTJPVFl4UXpaRkx6ZzBSVVV4UTBSRFFqWTRRVFExT0RKQk9EZ3dNVFZCTkRVd01FWTRPVEJFSVRBd01EQXlPQ0U1T1RrNUxURXlMVE14VkRJek9qVTVPalU1TGprNU9UazVPVGxhSVEtLSIsIlRhcmdldExvY2F0aW9uIjowfQ
version: 1
