{
  "Entries": [
    {
      "RequestUri": "https://vaultname.vault.azure.net/secrets/livekvtestsecret-name45df34a5?api-version=7.1",
      "RequestMethod": "PUT",
      "RequestHeaders": {
        "Accept": "application/json",
        "Accept-Encoding": "gzip, deflate",
        "Content-Length": "0",
        "Content-Type": "application/json",
        "User-Agent": "azsdk-python-keyvault-secrets/4.4.0b4 Python/3.9.9 (Windows-10-10.0.22000-SP0)",
        "x-ms-client-request-id": "5a1682b3-a63d-11ec-821d-a04a5ed0778b"
      },
      "RequestBody": null,
      "StatusCode": 401,
      "ResponseHeaders": {
        "Cache-Control": "no-cache",
        "Content-Length": "97",
        "Content-Type": "application/json; charset=utf-8",
        "Date": "Thu, 17 Mar 2022 21:58:19 GMT",
        "Expires": "-1",
        "Pragma": "no-cache",
        "Strict-Transport-Security": "max-age=31536000;includeSubDomains",
        "WWW-Authenticate": "Bearer authorization=\u0022https://login.windows.net/00000000-0000-0000-0000-000000000000\u0022, resource=\u0022https://vault.azure.net\u0022",
        "X-Content-Type-Options": "nosniff",
        "x-ms-client-request-id": "5a1682b3-a63d-11ec-821d-a04a5ed0778b",
        "x-ms-keyvault-network-info": "conn_type=Ipv4;addr=73.232.137.144;act_addr_fam=InterNetwork;",
        "x-ms-keyvault-region": "westus2",
        "x-ms-keyvault-service-version": "1.9.331.1",
        "x-ms-request-id": "1a846004-c91c-4824-830e-1afa69f60d4a",
        "X-Powered-By": "ASP.NET"
      },
      "ResponseBody": {
        "error": {
          "code": "Unauthorized",
          "message": "AKV10000: Request is missing a Bearer or PoP token."
        }
      }
    },
    {
      "RequestUri": "https://vaultname.vault.azure.net/secrets/livekvtestsecret-name45df34a5?api-version=7.1",
      "RequestMethod": "PUT",
      "RequestHeaders": {
        "Accept": "application/json",
        "Accept-Encoding": "gzip, deflate",
        "Authorization": "Sanitized",
        "Content-Length": "25",
        "Content-Type": "application/json",
        "User-Agent": "azsdk-python-keyvault-secrets/4.4.0b4 Python/3.9.9 (Windows-10-10.0.22000-SP0)",
        "x-ms-client-request-id": "5a1682b3-a63d-11ec-821d-a04a5ed0778b"
      },
      "RequestBody": {
        "value": "secret-value"
      },
      "StatusCode": 200,
      "ResponseHeaders": {
        "Cache-Control": "no-cache",
        "Content-Length": "278",
        "Content-Type": "application/json; charset=utf-8",
        "Date": "Thu, 17 Mar 2022 21:58:19 GMT",
        "Expires": "-1",
        "Pragma": "no-cache",
        "Strict-Transport-Security": "max-age=31536000;includeSubDomains",
        "X-Content-Type-Options": "nosniff",
        "x-ms-client-request-id": "5a1682b3-a63d-11ec-821d-a04a5ed0778b",
        "x-ms-keyvault-network-info": "conn_type=Ipv4;addr=73.232.137.144;act_addr_fam=InterNetwork;",
        "x-ms-keyvault-rbac-assignment-id": "21f47f1e-4333-5d4c-8eb5-08e4878a1bef",
        "x-ms-keyvault-rbac-cache": "ra_age=403;da_age=7931;rd_age=7931;brd_age=14361;ra_notif_age=1145;dec_lev=1;",
        "x-ms-keyvault-region": "westus2",
        "x-ms-keyvault-service-version": "1.9.331.1",
        "x-ms-request-id": "de7b3f01-6ec1-4a29-a53f-68fe642d64d7",
        "X-Powered-By": "ASP.NET"
      },
      "ResponseBody": {
        "value": "secret-value",
        "id": "https://vaultname.vault.azure.net/secrets/livekvtestsecret-name45df34a5/2a7b1fb55bda464f980d5e4a102be269",
        "attributes": {
          "enabled": true,
          "created": 1647554300,
          "updated": 1647554300,
          "recoveryLevel": "CustomizedRecoverable\u002BPurgeable",
          "recoverableDays": 7
        }
      }
    },
    {
      "RequestUri": "https://vaultname.vault.azure.net/secrets/livekvtestsecret-name45df34a5?api-version=7.1",
      "RequestMethod": "DELETE",
      "RequestHeaders": {
        "Accept": "application/json",
        "Accept-Encoding": "gzip, deflate",
        "Authorization": "Sanitized",
        "Content-Length": "0",
        "User-Agent": "azsdk-python-keyvault-secrets/4.4.0b4 Python/3.9.9 (Windows-10-10.0.22000-SP0)",
        "x-ms-client-request-id": "5a6503e0-a63d-11ec-8365-a04a5ed0778b"
      },
      "RequestBody": null,
      "StatusCode": 200,
      "ResponseHeaders": {
        "Cache-Control": "no-cache",
        "Content-Length": "406",
        "Content-Type": "application/json; charset=utf-8",
        "Date": "Thu, 17 Mar 2022 21:58:19 GMT",
        "Expires": "-1",
        "Pragma": "no-cache",
        "Strict-Transport-Security": "max-age=31536000;includeSubDomains",
        "X-Content-Type-Options": "nosniff",
        "x-ms-client-request-id": "5a6503e0-a63d-11ec-8365-a04a5ed0778b",
        "x-ms-keyvault-network-info": "conn_type=Ipv4;addr=73.232.137.144;act_addr_fam=InterNetwork;",
        "x-ms-keyvault-rbac-assignment-id": "21f47f1e-4333-5d4c-8eb5-08e4878a1bef",
        "x-ms-keyvault-rbac-cache": "ra_age=403;da_age=7931;rd_age=7931;brd_age=14362;ra_notif_age=1145;dec_lev=1;",
        "x-ms-keyvault-region": "westus2",
        "x-ms-keyvault-service-version": "1.9.331.1",
        "x-ms-request-id": "5a24f504-7b74-4591-99dd-266038680652",
        "X-Powered-By": "ASP.NET"
      },
      "ResponseBody": {
        "recoveryId": "https://vaultname.vault.azure.net/deletedsecrets/livekvtestsecret-name45df34a5",
        "deletedDate": 1647554300,
        "scheduledPurgeDate": 1648159100,
        "id": "https://vaultname.vault.azure.net/secrets/livekvtestsecret-name45df34a5/2a7b1fb55bda464f980d5e4a102be269",
        "attributes": {
          "enabled": true,
          "created": 1647554300,
          "updated": 1647554300,
          "recoveryLevel": "CustomizedRecoverable\u002BPurgeable",
          "recoverableDays": 7
        }
      }
    },
    {
      "RequestUri": "https://vaultname.vault.azure.net/deletedsecrets/livekvtestsecret-name45df34a5?api-version=7.1",
      "RequestMethod": "GET",
      "RequestHeaders": {
        "Accept": "application/json",
        "Accept-Encoding": "gzip, deflate",
        "Authorization": "Sanitized",
        "User-Agent": "azsdk-python-keyvault-secrets/4.4.0b4 Python/3.9.9 (Windows-10-10.0.22000-SP0)",
        "x-ms-client-request-id": "5a7a8a96-a63d-11ec-8701-a04a5ed0778b"
      },
      "RequestBody": null,
      "StatusCode": 404,
      "ResponseHeaders": {
        "Cache-Control": "no-cache",
        "Content-Length": "103",
        "Content-Type": "application/json; charset=utf-8",
        "Date": "Thu, 17 Mar 2022 21:58:19 GMT",
        "Expires": "-1",
        "Pragma": "no-cache",
        "Strict-Transport-Security": "max-age=31536000;includeSubDomains",
        "X-Content-Type-Options": "nosniff",
        "x-ms-client-request-id": "5a7a8a96-a63d-11ec-8701-a04a5ed0778b",
        "x-ms-keyvault-network-info": "conn_type=Ipv4;addr=73.232.137.144;act_addr_fam=InterNetwork;",
        "x-ms-keyvault-rbac-assignment-id": "21f47f1e-4333-5d4c-8eb5-08e4878a1bef",
        "x-ms-keyvault-rbac-cache": "ra_age=403;da_age=7931;rd_age=7931;brd_age=14362;ra_notif_age=1145;dec_lev=1;",
        "x-ms-keyvault-region": "westus2",
        "x-ms-keyvault-service-version": "1.9.331.1",
        "x-ms-request-id": "f2c6b4a8-11ed-4a67-b246-5d80f0c552db",
        "X-Powered-By": "ASP.NET"
      },
      "ResponseBody": {
        "error": {
          "code": "SecretNotFound",
          "message": "Deleted Secret not found: livekvtestsecret-name45df34a5"
        }
      }
    },
    {
      "RequestUri": "https://vaultname.vault.azure.net/deletedsecrets/livekvtestsecret-name45df34a5?api-version=7.1",
      "RequestMethod": "GET",
      "RequestHeaders": {
        "Accept": "application/json",
        "Accept-Encoding": "gzip, deflate",
        "Authorization": "Sanitized",
        "User-Agent": "azsdk-python-keyvault-secrets/4.4.0b4 Python/3.9.9 (Windows-10-10.0.22000-SP0)",
        "x-ms-client-request-id": "5bbcdfd8-a63d-11ec-b440-a04a5ed0778b"
      },
      "RequestBody": null,
      "StatusCode": 200,
      "ResponseHeaders": {
        "Cache-Control": "no-cache",
        "Content-Length": "406",
        "Content-Type": "application/json; charset=utf-8",
        "Date": "Thu, 17 Mar 2022 21:58:22 GMT",
        "Expires": "-1",
        "Pragma": "no-cache",
        "Strict-Transport-Security": "max-age=31536000;includeSubDomains",
        "X-Content-Type-Options": "nosniff",
        "x-ms-client-request-id": "5bbcdfd8-a63d-11ec-b440-a04a5ed0778b",
        "x-ms-keyvault-network-info": "conn_type=Ipv4;addr=73.232.137.144;act_addr_fam=InterNetwork;",
        "x-ms-keyvault-rbac-assignment-id": "21f47f1e-4333-5d4c-8eb5-08e4878a1bef",
        "x-ms-keyvault-rbac-cache": "ra_age=405;da_age=7934;rd_age=7934;brd_age=14364;ra_notif_age=1147;dec_lev=0;",
        "x-ms-keyvault-region": "westus2",
        "x-ms-keyvault-service-version": "1.9.331.1",
        "x-ms-request-id": "9dcc5d8a-7849-4c9b-a18a-4818e77792fd",
        "X-Powered-By": "ASP.NET"
      },
      "ResponseBody": {
        "recoveryId": "https://vaultname.vault.azure.net/deletedsecrets/livekvtestsecret-name45df34a5",
        "deletedDate": 1647554300,
        "scheduledPurgeDate": 1648159100,
        "id": "https://vaultname.vault.azure.net/secrets/livekvtestsecret-name45df34a5/2a7b1fb55bda464f980d5e4a102be269",
        "attributes": {
          "enabled": true,
          "created": 1647554300,
          "updated": 1647554300,
          "recoveryLevel": "CustomizedRecoverable\u002BPurgeable",
          "recoverableDays": 7
        }
      }
    },
    {
      "RequestUri": "https://vaultname.vault.azure.net/deletedsecrets/livekvtestsecret-name45df34a5?api-version=7.1",
      "RequestMethod": "GET",
      "RequestHeaders": {
        "Accept": "application/json",
        "Accept-Encoding": "gzip, deflate",
        "Authorization": "Sanitized",
        "User-Agent": "azsdk-python-keyvault-secrets/4.4.0b4 Python/3.9.9 (Windows-10-10.0.22000-SP0)",
        "x-ms-client-request-id": "5bceb2a1-a63d-11ec-92ad-a04a5ed0778b"
      },
      "RequestBody": null,
      "StatusCode": 200,
      "ResponseHeaders": {
        "Cache-Control": "no-cache",
        "Content-Length": "406",
        "Content-Type": "application/json; charset=utf-8",
        "Date": "Thu, 17 Mar 2022 21:58:22 GMT",
        "Expires": "-1",
        "Pragma": "no-cache",
        "Strict-Transport-Security": "max-age=31536000;includeSubDomains",
        "X-Content-Type-Options": "nosniff",
        "x-ms-client-request-id": "5bceb2a1-a63d-11ec-92ad-a04a5ed0778b",
        "x-ms-keyvault-network-info": "conn_type=Ipv4;addr=73.232.137.144;act_addr_fam=InterNetwork;",
        "x-ms-keyvault-rbac-assignment-id": "21f47f1e-4333-5d4c-8eb5-08e4878a1bef",
        "x-ms-keyvault-rbac-cache": "ra_age=405;da_age=7934;rd_age=7934;brd_age=14364;ra_notif_age=1147;dec_lev=0;",
        "x-ms-keyvault-region": "westus2",
        "x-ms-keyvault-service-version": "1.9.331.1",
        "x-ms-request-id": "4aa0ee70-7b2a-46d1-b35e-9bb8d29fc1fe",
        "X-Powered-By": "ASP.NET"
      },
      "ResponseBody": {
        "recoveryId": "https://vaultname.vault.azure.net/deletedsecrets/livekvtestsecret-name45df34a5",
        "deletedDate": 1647554300,
        "scheduledPurgeDate": 1648159100,
        "id": "https://vaultname.vault.azure.net/secrets/livekvtestsecret-name45df34a5/2a7b1fb55bda464f980d5e4a102be269",
        "attributes": {
          "enabled": true,
          "created": 1647554300,
          "updated": 1647554300,
          "recoveryLevel": "CustomizedRecoverable\u002BPurgeable",
          "recoverableDays": 7
        }
      }
    },
    {
      "RequestUri": "https://vaultname.vault.azure.net/deletedsecrets/livekvtestsecret-name45df34a5/recover?api-version=7.1",
      "RequestMethod": "POST",
      "RequestHeaders": {
        "Accept": "application/json",
        "Accept-Encoding": "gzip, deflate",
        "Authorization": "Sanitized",
        "Content-Length": "0",
        "User-Agent": "azsdk-python-keyvault-secrets/4.4.0b4 Python/3.9.9 (Windows-10-10.0.22000-SP0)",
        "x-ms-client-request-id": "5bdc75c4-a63d-11ec-82a9-a04a5ed0778b"
      },
      "RequestBody": null,
      "StatusCode": 200,
      "ResponseHeaders": {
        "Cache-Control": "no-cache",
        "Content-Length": "255",
        "Content-Type": "application/json; charset=utf-8",
        "Date": "Thu, 17 Mar 2022 21:58:22 GMT",
        "Expires": "-1",
        "Pragma": "no-cache",
        "Strict-Transport-Security": "max-age=31536000;includeSubDomains",
        "X-Content-Type-Options": "nosniff",
        "x-ms-client-request-id": "5bdc75c4-a63d-11ec-82a9-a04a5ed0778b",
        "x-ms-keyvault-network-info": "conn_type=Ipv4;addr=73.232.137.144;act_addr_fam=InterNetwork;",
        "x-ms-keyvault-rbac-assignment-id": "21f47f1e-4333-5d4c-8eb5-08e4878a1bef",
        "x-ms-keyvault-rbac-cache": "ra_age=406;da_age=7934;rd_age=7934;brd_age=14364;ra_notif_age=1147;dec_lev=1;",
        "x-ms-keyvault-region": "westus2",
        "x-ms-keyvault-service-version": "1.9.331.1",
        "x-ms-request-id": "72bc3290-a057-4650-bb87-5986d9214244",
        "X-Powered-By": "ASP.NET"
      },
      "ResponseBody": {
        "id": "https://vaultname.vault.azure.net/secrets/livekvtestsecret-name45df34a5/2a7b1fb55bda464f980d5e4a102be269",
        "attributes": {
          "enabled": true,
          "created": 1647554300,
          "updated": 1647554300,
          "recoveryLevel": "CustomizedRecoverable\u002BPurgeable",
          "recoverableDays": 7
        }
      }
    },
    {
      "RequestUri": "https://vaultname.vault.azure.net/secrets/livekvtestsecret-name45df34a5/?api-version=7.1",
      "RequestMethod": "GET",
      "RequestHeaders": {
        "Accept": "application/json",
        "Accept-Encoding": "gzip, deflate",
        "Authorization": "Sanitized",
        "User-Agent": "azsdk-python-keyvault-secrets/4.4.0b4 Python/3.9.9 (Windows-10-10.0.22000-SP0)",
        "x-ms-client-request-id": "5bfe1b5e-a63d-11ec-97d4-a04a5ed0778b"
      },
      "RequestBody": null,
      "StatusCode": 404,
      "ResponseHeaders": {
        "Cache-Control": "no-cache",
        "Content-Length": "326",
        "Content-Type": "application/json; charset=utf-8",
        "Date": "Thu, 17 Mar 2022 21:58:22 GMT",
        "Expires": "-1",
        "Pragma": "no-cache",
        "Strict-Transport-Security": "max-age=31536000;includeSubDomains",
        "X-Content-Type-Options": "nosniff",
        "x-ms-client-request-id": "5bfe1b5e-a63d-11ec-97d4-a04a5ed0778b",
        "x-ms-keyvault-network-info": "conn_type=Ipv4;addr=73.232.137.144;act_addr_fam=InterNetwork;",
        "x-ms-keyvault-rbac-assignment-id": "21f47f1e-4333-5d4c-8eb5-08e4878a1bef",
        "x-ms-keyvault-rbac-cache": "ra_age=406;da_age=7934;rd_age=7934;brd_age=14364;ra_notif_age=1148;dec_lev=0;",
        "x-ms-keyvault-region": "westus2",
        "x-ms-keyvault-service-version": "1.9.331.1",
        "x-ms-request-id": "e1e9f2c7-8795-4afb-b4f7-31b8cbdc994c",
        "X-Powered-By": "ASP.NET"
      },
      "ResponseBody": {
        "error": {
          "code": "SecretNotFound",
          "message": "A secret with (name/id) livekvtestsecret-name45df34a5 was not found in this key vault. If you recently deleted this secret you may be able to recover it using the correct recovery command. For help resolving this issue, please see https://go.microsoft.com/fwlink/?linkid=2125182"
        }
      }
    },
    {
      "RequestUri": "https://vaultname.vault.azure.net/secrets/livekvtestsecret-name45df34a5/?api-version=7.1",
      "RequestMethod": "GET",
      "RequestHeaders": {
        "Accept": "application/json",
        "Accept-Encoding": "gzip, deflate",
        "Authorization": "Sanitized",
        "User-Agent": "azsdk-python-keyvault-secrets/4.4.0b4 Python/3.9.9 (Windows-10-10.0.22000-SP0)",
        "x-ms-client-request-id": "5d3e8097-a63d-11ec-aade-a04a5ed0778b"
      },
      "RequestBody": null,
      "StatusCode": 404,
      "ResponseHeaders": {
        "Cache-Control": "no-cache",
        "Content-Length": "326",
        "Content-Type": "application/json; charset=utf-8",
        "Date": "Thu, 17 Mar 2022 21:58:24 GMT",
        "Expires": "-1",
        "Pragma": "no-cache",
        "Strict-Transport-Security": "max-age=31536000;includeSubDomains",
        "X-Content-Type-Options": "nosniff",
        "x-ms-client-request-id": "5d3e8097-a63d-11ec-aade-a04a5ed0778b",
        "x-ms-keyvault-network-info": "conn_type=Ipv4;addr=73.232.137.144;act_addr_fam=InterNetwork;",
        "x-ms-keyvault-rbac-assignment-id": "21f47f1e-4333-5d4c-8eb5-08e4878a1bef",
        "x-ms-keyvault-rbac-cache": "ra_age=408;da_age=7936;rd_age=7936;brd_age=14366;ra_notif_age=1150;dec_lev=0;",
        "x-ms-keyvault-region": "westus2",
        "x-ms-keyvault-service-version": "1.9.331.1",
        "x-ms-request-id": "bd747ddc-1b3d-4ffc-b10f-d9a5642877c2",
        "X-Powered-By": "ASP.NET"
      },
      "ResponseBody": {
        "error": {
          "code": "SecretNotFound",
          "message": "A secret with (name/id) livekvtestsecret-name45df34a5 was not found in this key vault. If you recently deleted this secret you may be able to recover it using the correct recovery command. For help resolving this issue, please see https://go.microsoft.com/fwlink/?linkid=2125182"
        }
      }
    },
    {
      "RequestUri": "https://vaultname.vault.azure.net/secrets/livekvtestsecret-name45df34a5/?api-version=7.1",
      "RequestMethod": "GET",
      "RequestHeaders": {
        "Accept": "application/json",
        "Accept-Encoding": "gzip, deflate",
        "Authorization": "Sanitized",
        "User-Agent": "azsdk-python-keyvault-secrets/4.4.0b4 Python/3.9.9 (Windows-10-10.0.22000-SP0)",
        "x-ms-client-request-id": "5e803314-a63d-11ec-9cf0-a04a5ed0778b"
      },
      "RequestBody": null,
      "StatusCode": 200,
      "ResponseHeaders": {
        "Cache-Control": "no-cache",
        "Content-Length": "278",
        "Content-Type": "application/json; charset=utf-8",
        "Date": "Thu, 17 Mar 2022 21:58:26 GMT",
        "Expires": "-1",
        "Pragma": "no-cache",
        "Strict-Transport-Security": "max-age=31536000;includeSubDomains",
        "X-Content-Type-Options": "nosniff",
        "x-ms-client-request-id": "5e803314-a63d-11ec-9cf0-a04a5ed0778b",
        "x-ms-keyvault-network-info": "conn_type=Ipv4;addr=73.232.137.144;act_addr_fam=InterNetwork;",
        "x-ms-keyvault-rbac-assignment-id": "21f47f1e-4333-5d4c-8eb5-08e4878a1bef",
        "x-ms-keyvault-rbac-cache": "ra_age=410;da_age=7938;rd_age=7938;brd_age=14368;ra_notif_age=1152;dec_lev=0;",
        "x-ms-keyvault-region": "westus2",
        "x-ms-keyvault-service-version": "1.9.331.1",
        "x-ms-request-id": "9352f796-267f-40c7-8433-6b24d486320b",
        "X-Powered-By": "ASP.NET"
      },
      "ResponseBody": {
        "value": "secret-value",
        "id": "https://vaultname.vault.azure.net/secrets/livekvtestsecret-name45df34a5/2a7b1fb55bda464f980d5e4a102be269",
        "attributes": {
          "enabled": true,
          "created": 1647554300,
          "updated": 1647554300,
          "recoveryLevel": "CustomizedRecoverable\u002BPurgeable",
          "recoverableDays": 7
        }
      }
    }
  ],
  "Variables": {}
}
