interactions:
- request:
    body: null
    headers:
      Accept:
      - application/json
      Accept-Encoding:
      - gzip, deflate
      Connection:
      - keep-alive
      Content-Length:
      - '0'
      Content-Type:
      - application/json; charset=utf-8
      User-Agent:
      - azsdk-python-keyvault-secrets/4.0.0 Python/3.7.4 (Windows-10-10.0.18362-SP0)
    method: PUT
    uri: https://vault458ad70cc7ab6c128e.vault.azure.net/secrets/secret0?api-version=7.0
  response:
    body:
      string: '{"error":{"code":"Unauthorized","message":"Request is missing a Bearer
        or PoP token."}}'
    headers:
      cache-control:
      - no-cache
      content-length:
      - '87'
      content-type:
      - application/json; charset=utf-8
      date:
      - Thu, 31 Oct 2019 18:29:22 GMT
      expires:
      - '-1'
      pragma:
      - no-cache
      server:
      - Microsoft-IIS/10.0
      strict-transport-security:
      - max-age=31536000;includeSubDomains
      www-authenticate:
      - Bearer authorization="https://login.windows.net/72f988bf-86f1-41af-91ab-2d7cd011db47",
        resource="https://vault.azure.net"
      x-aspnet-version:
      - 4.0.30319
      x-content-type-options:
      - nosniff
      x-ms-keyvault-network-info:
      - addr=131.107.160.72;act_addr_fam=InterNetwork;
      x-ms-keyvault-region:
      - westus
      x-ms-keyvault-service-version:
      - 1.1.0.879
      x-powered-by:
      - ASP.NET
    status:
      code: 401
      message: Unauthorized
- request:
    body: '{"value": "value0"}'
    headers:
      Accept:
      - application/json
      Accept-Encoding:
      - gzip, deflate
      Connection:
      - keep-alive
      Content-Length:
      - '19'
      Content-Type:
      - application/json; charset=utf-8
      User-Agent:
      - azsdk-python-keyvault-secrets/4.0.0 Python/3.7.4 (Windows-10-10.0.18362-SP0)
    method: PUT
    uri: https://vault458ad70cc7ab6c128e.vault.azure.net/secrets/secret0?api-version=7.0
  response:
    body:
      string: '{"value":"value0","id":"https://vault458ad70cc7ab6c128e.vault.azure.net/secrets/secret0/a49669db37ff4c41b6cc322b7cbd95cb","attributes":{"enabled":true,"created":1572546564,"updated":1572546564,"recoveryLevel":"Recoverable+Purgeable"}}'
    headers:
      cache-control:
      - no-cache
      content-length:
      - '234'
      content-type:
      - application/json; charset=utf-8
      date:
      - Thu, 31 Oct 2019 18:29:23 GMT
      expires:
      - '-1'
      pragma:
      - no-cache
      server:
      - Microsoft-IIS/10.0
      strict-transport-security:
      - max-age=31536000;includeSubDomains
      x-aspnet-version:
      - 4.0.30319
      x-content-type-options:
      - nosniff
      x-ms-keyvault-network-info:
      - addr=131.107.160.72;act_addr_fam=InterNetwork;
      x-ms-keyvault-region:
      - westus
      x-ms-keyvault-service-version:
      - 1.1.0.879
      x-powered-by:
      - ASP.NET
    status:
      code: 200
      message: OK
- request:
    body: '{"value": "value1"}'
    headers:
      Accept:
      - application/json
      Accept-Encoding:
      - gzip, deflate
      Connection:
      - keep-alive
      Content-Length:
      - '19'
      Content-Type:
      - application/json; charset=utf-8
      User-Agent:
      - azsdk-python-keyvault-secrets/4.0.0 Python/3.7.4 (Windows-10-10.0.18362-SP0)
    method: PUT
    uri: https://vault458ad70cc7ab6c128e.vault.azure.net/secrets/secret1?api-version=7.0
  response:
    body:
      string: '{"value":"value1","id":"https://vault458ad70cc7ab6c128e.vault.azure.net/secrets/secret1/3ed2634af1784e469df8ee39ec0d0554","attributes":{"enabled":true,"created":1572546564,"updated":1572546564,"recoveryLevel":"Recoverable+Purgeable"}}'
    headers:
      cache-control:
      - no-cache
      content-length:
      - '234'
      content-type:
      - application/json; charset=utf-8
      date:
      - Thu, 31 Oct 2019 18:29:23 GMT
      expires:
      - '-1'
      pragma:
      - no-cache
      server:
      - Microsoft-IIS/10.0
      strict-transport-security:
      - max-age=31536000;includeSubDomains
      x-aspnet-version:
      - 4.0.30319
      x-content-type-options:
      - nosniff
      x-ms-keyvault-network-info:
      - addr=131.107.160.72;act_addr_fam=InterNetwork;
      x-ms-keyvault-region:
      - westus
      x-ms-keyvault-service-version:
      - 1.1.0.879
      x-powered-by:
      - ASP.NET
    status:
      code: 200
      message: OK
- request:
    body: '{"value": "value2"}'
    headers:
      Accept:
      - application/json
      Accept-Encoding:
      - gzip, deflate
      Connection:
      - keep-alive
      Content-Length:
      - '19'
      Content-Type:
      - application/json; charset=utf-8
      User-Agent:
      - azsdk-python-keyvault-secrets/4.0.0 Python/3.7.4 (Windows-10-10.0.18362-SP0)
    method: PUT
    uri: https://vault458ad70cc7ab6c128e.vault.azure.net/secrets/secret2?api-version=7.0
  response:
    body:
      string: '{"value":"value2","id":"https://vault458ad70cc7ab6c128e.vault.azure.net/secrets/secret2/698695b784e7479c9555e7359a8f458e","attributes":{"enabled":true,"created":1572546564,"updated":1572546564,"recoveryLevel":"Recoverable+Purgeable"}}'
    headers:
      cache-control:
      - no-cache
      content-length:
      - '234'
      content-type:
      - application/json; charset=utf-8
      date:
      - Thu, 31 Oct 2019 18:29:23 GMT
      expires:
      - '-1'
      pragma:
      - no-cache
      server:
      - Microsoft-IIS/10.0
      strict-transport-security:
      - max-age=31536000;includeSubDomains
      x-aspnet-version:
      - 4.0.30319
      x-content-type-options:
      - nosniff
      x-ms-keyvault-network-info:
      - addr=131.107.160.72;act_addr_fam=InterNetwork;
      x-ms-keyvault-region:
      - westus
      x-ms-keyvault-service-version:
      - 1.1.0.879
      x-powered-by:
      - ASP.NET
    status:
      code: 200
      message: OK
- request:
    body: '{"value": "value3"}'
    headers:
      Accept:
      - application/json
      Accept-Encoding:
      - gzip, deflate
      Connection:
      - keep-alive
      Content-Length:
      - '19'
      Content-Type:
      - application/json; charset=utf-8
      User-Agent:
      - azsdk-python-keyvault-secrets/4.0.0 Python/3.7.4 (Windows-10-10.0.18362-SP0)
    method: PUT
    uri: https://vault458ad70cc7ab6c128e.vault.azure.net/secrets/secret3?api-version=7.0
  response:
    body:
      string: '{"value":"value3","id":"https://vault458ad70cc7ab6c128e.vault.azure.net/secrets/secret3/92c460dcd2f14abfb66d1e9e5ab53baa","attributes":{"enabled":true,"created":1572546564,"updated":1572546564,"recoveryLevel":"Recoverable+Purgeable"}}'
    headers:
      cache-control:
      - no-cache
      content-length:
      - '234'
      content-type:
      - application/json; charset=utf-8
      date:
      - Thu, 31 Oct 2019 18:29:23 GMT
      expires:
      - '-1'
      pragma:
      - no-cache
      server:
      - Microsoft-IIS/10.0
      strict-transport-security:
      - max-age=31536000;includeSubDomains
      x-aspnet-version:
      - 4.0.30319
      x-content-type-options:
      - nosniff
      x-ms-keyvault-network-info:
      - addr=131.107.160.72;act_addr_fam=InterNetwork;
      x-ms-keyvault-region:
      - westus
      x-ms-keyvault-service-version:
      - 1.1.0.879
      x-powered-by:
      - ASP.NET
    status:
      code: 200
      message: OK
- request:
    body: '{"value": "value4"}'
    headers:
      Accept:
      - application/json
      Accept-Encoding:
      - gzip, deflate
      Connection:
      - keep-alive
      Content-Length:
      - '19'
      Content-Type:
      - application/json; charset=utf-8
      User-Agent:
      - azsdk-python-keyvault-secrets/4.0.0 Python/3.7.4 (Windows-10-10.0.18362-SP0)
    method: PUT
    uri: https://vault458ad70cc7ab6c128e.vault.azure.net/secrets/secret4?api-version=7.0
  response:
    body:
      string: '{"value":"value4","id":"https://vault458ad70cc7ab6c128e.vault.azure.net/secrets/secret4/8a4daefb6f1b4feb8bca105a9060f028","attributes":{"enabled":true,"created":1572546564,"updated":1572546564,"recoveryLevel":"Recoverable+Purgeable"}}'
    headers:
      cache-control:
      - no-cache
      content-length:
      - '234'
      content-type:
      - application/json; charset=utf-8
      date:
      - Thu, 31 Oct 2019 18:29:23 GMT
      expires:
      - '-1'
      pragma:
      - no-cache
      server:
      - Microsoft-IIS/10.0
      strict-transport-security:
      - max-age=31536000;includeSubDomains
      x-aspnet-version:
      - 4.0.30319
      x-content-type-options:
      - nosniff
      x-ms-keyvault-network-info:
      - addr=131.107.160.72;act_addr_fam=InterNetwork;
      x-ms-keyvault-region:
      - westus
      x-ms-keyvault-service-version:
      - 1.1.0.879
      x-powered-by:
      - ASP.NET
    status:
      code: 200
      message: OK
- request:
    body: '{"value": "value5"}'
    headers:
      Accept:
      - application/json
      Accept-Encoding:
      - gzip, deflate
      Connection:
      - keep-alive
      Content-Length:
      - '19'
      Content-Type:
      - application/json; charset=utf-8
      User-Agent:
      - azsdk-python-keyvault-secrets/4.0.0 Python/3.7.4 (Windows-10-10.0.18362-SP0)
    method: PUT
    uri: https://vault458ad70cc7ab6c128e.vault.azure.net/secrets/secret5?api-version=7.0
  response:
    body:
      string: '{"value":"value5","id":"https://vault458ad70cc7ab6c128e.vault.azure.net/secrets/secret5/47d015eadb714ddab0adaa561c1b7bc3","attributes":{"enabled":true,"created":1572546564,"updated":1572546564,"recoveryLevel":"Recoverable+Purgeable"}}'
    headers:
      cache-control:
      - no-cache
      content-length:
      - '234'
      content-type:
      - application/json; charset=utf-8
      date:
      - Thu, 31 Oct 2019 18:29:23 GMT
      expires:
      - '-1'
      pragma:
      - no-cache
      server:
      - Microsoft-IIS/10.0
      strict-transport-security:
      - max-age=31536000;includeSubDomains
      x-aspnet-version:
      - 4.0.30319
      x-content-type-options:
      - nosniff
      x-ms-keyvault-network-info:
      - addr=131.107.160.72;act_addr_fam=InterNetwork;
      x-ms-keyvault-region:
      - westus
      x-ms-keyvault-service-version:
      - 1.1.0.879
      x-powered-by:
      - ASP.NET
    status:
      code: 200
      message: OK
- request:
    body: '{"value": "value6"}'
    headers:
      Accept:
      - application/json
      Accept-Encoding:
      - gzip, deflate
      Connection:
      - keep-alive
      Content-Length:
      - '19'
      Content-Type:
      - application/json; charset=utf-8
      User-Agent:
      - azsdk-python-keyvault-secrets/4.0.0 Python/3.7.4 (Windows-10-10.0.18362-SP0)
    method: PUT
    uri: https://vault458ad70cc7ab6c128e.vault.azure.net/secrets/secret6?api-version=7.0
  response:
    body:
      string: '{"value":"value6","id":"https://vault458ad70cc7ab6c128e.vault.azure.net/secrets/secret6/ac1b945d15f74a158d13b7d69e178eca","attributes":{"enabled":true,"created":1572546564,"updated":1572546564,"recoveryLevel":"Recoverable+Purgeable"}}'
    headers:
      cache-control:
      - no-cache
      content-length:
      - '234'
      content-type:
      - application/json; charset=utf-8
      date:
      - Thu, 31 Oct 2019 18:29:24 GMT
      expires:
      - '-1'
      pragma:
      - no-cache
      server:
      - Microsoft-IIS/10.0
      strict-transport-security:
      - max-age=31536000;includeSubDomains
      x-aspnet-version:
      - 4.0.30319
      x-content-type-options:
      - nosniff
      x-ms-keyvault-network-info:
      - addr=131.107.160.72;act_addr_fam=InterNetwork;
      x-ms-keyvault-region:
      - westus
      x-ms-keyvault-service-version:
      - 1.1.0.879
      x-powered-by:
      - ASP.NET
    status:
      code: 200
      message: OK
- request:
    body: null
    headers:
      Accept:
      - application/json
      Accept-Encoding:
      - gzip, deflate
      Connection:
      - keep-alive
      Content-Length:
      - '0'
      User-Agent:
      - azsdk-python-keyvault-secrets/4.0.0 Python/3.7.4 (Windows-10-10.0.18362-SP0)
    method: DELETE
    uri: https://vault458ad70cc7ab6c128e.vault.azure.net/secrets/secret0?api-version=7.0
  response:
    body:
      string: '{"recoveryId":"https://vault458ad70cc7ab6c128e.vault.azure.net/deletedsecrets/secret0","deletedDate":1572546565,"scheduledPurgeDate":1580322565,"id":"https://vault458ad70cc7ab6c128e.vault.azure.net/secrets/secret0/a49669db37ff4c41b6cc322b7cbd95cb","attributes":{"enabled":true,"created":1572546564,"updated":1572546564,"recoveryLevel":"Recoverable+Purgeable"}}'
    headers:
      cache-control:
      - no-cache
      content-length:
      - '360'
      content-type:
      - application/json; charset=utf-8
      date:
      - Thu, 31 Oct 2019 18:29:24 GMT
      expires:
      - '-1'
      pragma:
      - no-cache
      server:
      - Microsoft-IIS/10.0
      strict-transport-security:
      - max-age=31536000;includeSubDomains
      x-aspnet-version:
      - 4.0.30319
      x-content-type-options:
      - nosniff
      x-ms-keyvault-network-info:
      - addr=131.107.160.72;act_addr_fam=InterNetwork;
      x-ms-keyvault-region:
      - westus
      x-ms-keyvault-service-version:
      - 1.1.0.879
      x-powered-by:
      - ASP.NET
    status:
      code: 200
      message: OK
- request:
    body: null
    headers:
      Accept:
      - application/json
      Accept-Encoding:
      - gzip, deflate
      Connection:
      - keep-alive
      User-Agent:
      - azsdk-python-keyvault-secrets/4.0.0 Python/3.7.4 (Windows-10-10.0.18362-SP0)
    method: GET
    uri: https://vault458ad70cc7ab6c128e.vault.azure.net/deletedsecrets/secret0?api-version=7.0
  response:
    body:
      string: '{"error":{"code":"SecretNotFound","message":"Deleted Secret not found:
        secret0"}}'
    headers:
      cache-control:
      - no-cache
      content-length:
      - '81'
      content-type:
      - application/json; charset=utf-8
      date:
      - Thu, 31 Oct 2019 18:29:24 GMT
      expires:
      - '-1'
      pragma:
      - no-cache
      server:
      - Microsoft-IIS/10.0
      strict-transport-security:
      - max-age=31536000;includeSubDomains
      x-aspnet-version:
      - 4.0.30319
      x-content-type-options:
      - nosniff
      x-ms-keyvault-network-info:
      - addr=131.107.160.72;act_addr_fam=InterNetwork;
      x-ms-keyvault-region:
      - westus
      x-ms-keyvault-service-version:
      - 1.1.0.879
      x-powered-by:
      - ASP.NET
    status:
      code: 404
      message: Not Found
- request:
    body: null
    headers:
      Accept:
      - application/json
      Accept-Encoding:
      - gzip, deflate
      Connection:
      - keep-alive
      User-Agent:
      - azsdk-python-keyvault-secrets/4.0.0 Python/3.7.4 (Windows-10-10.0.18362-SP0)
    method: GET
    uri: https://vault458ad70cc7ab6c128e.vault.azure.net/deletedsecrets/secret0?api-version=7.0
  response:
    body:
      string: '{"error":{"code":"SecretNotFound","message":"Deleted Secret not found:
        secret0"}}'
    headers:
      cache-control:
      - no-cache
      content-length:
      - '81'
      content-type:
      - application/json; charset=utf-8
      date:
      - Thu, 31 Oct 2019 18:29:27 GMT
      expires:
      - '-1'
      pragma:
      - no-cache
      server:
      - Microsoft-IIS/10.0
      strict-transport-security:
      - max-age=31536000;includeSubDomains
      x-aspnet-version:
      - 4.0.30319
      x-content-type-options:
      - nosniff
      x-ms-keyvault-network-info:
      - addr=131.107.160.72;act_addr_fam=InterNetwork;
      x-ms-keyvault-region:
      - westus
      x-ms-keyvault-service-version:
      - 1.1.0.879
      x-powered-by:
      - ASP.NET
    status:
      code: 404
      message: Not Found
- request:
    body: null
    headers:
      Accept:
      - application/json
      Accept-Encoding:
      - gzip, deflate
      Connection:
      - keep-alive
      User-Agent:
      - azsdk-python-keyvault-secrets/4.0.0 Python/3.7.4 (Windows-10-10.0.18362-SP0)
    method: GET
    uri: https://vault458ad70cc7ab6c128e.vault.azure.net/deletedsecrets/secret0?api-version=7.0
  response:
    body:
      string: '{"error":{"code":"SecretNotFound","message":"Deleted Secret not found:
        secret0"}}'
    headers:
      cache-control:
      - no-cache
      content-length:
      - '81'
      content-type:
      - application/json; charset=utf-8
      date:
      - Thu, 31 Oct 2019 18:29:29 GMT
      expires:
      - '-1'
      pragma:
      - no-cache
      server:
      - Microsoft-IIS/10.0
      strict-transport-security:
      - max-age=31536000;includeSubDomains
      x-aspnet-version:
      - 4.0.30319
      x-content-type-options:
      - nosniff
      x-ms-keyvault-network-info:
      - addr=131.107.160.72;act_addr_fam=InterNetwork;
      x-ms-keyvault-region:
      - westus
      x-ms-keyvault-service-version:
      - 1.1.0.879
      x-powered-by:
      - ASP.NET
    status:
      code: 404
      message: Not Found
- request:
    body: null
    headers:
      Accept:
      - application/json
      Accept-Encoding:
      - gzip, deflate
      Connection:
      - keep-alive
      User-Agent:
      - azsdk-python-keyvault-secrets/4.0.0 Python/3.7.4 (Windows-10-10.0.18362-SP0)
    method: GET
    uri: https://vault458ad70cc7ab6c128e.vault.azure.net/deletedsecrets/secret0?api-version=7.0
  response:
    body:
      string: '{"error":{"code":"SecretNotFound","message":"Deleted Secret not found:
        secret0"}}'
    headers:
      cache-control:
      - no-cache
      content-length:
      - '81'
      content-type:
      - application/json; charset=utf-8
      date:
      - Thu, 31 Oct 2019 18:29:31 GMT
      expires:
      - '-1'
      pragma:
      - no-cache
      server:
      - Microsoft-IIS/10.0
      strict-transport-security:
      - max-age=31536000;includeSubDomains
      x-aspnet-version:
      - 4.0.30319
      x-content-type-options:
      - nosniff
      x-ms-keyvault-network-info:
      - addr=131.107.160.72;act_addr_fam=InterNetwork;
      x-ms-keyvault-region:
      - westus
      x-ms-keyvault-service-version:
      - 1.1.0.879
      x-powered-by:
      - ASP.NET
    status:
      code: 404
      message: Not Found
- request:
    body: null
    headers:
      Accept:
      - application/json
      Accept-Encoding:
      - gzip, deflate
      Connection:
      - keep-alive
      User-Agent:
      - azsdk-python-keyvault-secrets/4.0.0 Python/3.7.4 (Windows-10-10.0.18362-SP0)
    method: GET
    uri: https://vault458ad70cc7ab6c128e.vault.azure.net/deletedsecrets/secret0?api-version=7.0
  response:
    body:
      string: '{"error":{"code":"SecretNotFound","message":"Deleted Secret not found:
        secret0"}}'
    headers:
      cache-control:
      - no-cache
      content-length:
      - '81'
      content-type:
      - application/json; charset=utf-8
      date:
      - Thu, 31 Oct 2019 18:29:33 GMT
      expires:
      - '-1'
      pragma:
      - no-cache
      server:
      - Microsoft-IIS/10.0
      strict-transport-security:
      - max-age=31536000;includeSubDomains
      x-aspnet-version:
      - 4.0.30319
      x-content-type-options:
      - nosniff
      x-ms-keyvault-network-info:
      - addr=131.107.160.72;act_addr_fam=InterNetwork;
      x-ms-keyvault-region:
      - westus
      x-ms-keyvault-service-version:
      - 1.1.0.879
      x-powered-by:
      - ASP.NET
    status:
      code: 404
      message: Not Found
- request:
    body: null
    headers:
      Accept:
      - application/json
      Accept-Encoding:
      - gzip, deflate
      Connection:
      - keep-alive
      User-Agent:
      - azsdk-python-keyvault-secrets/4.0.0 Python/3.7.4 (Windows-10-10.0.18362-SP0)
    method: GET
    uri: https://vault458ad70cc7ab6c128e.vault.azure.net/deletedsecrets/secret0?api-version=7.0
  response:
    body:
      string: '{"error":{"code":"SecretNotFound","message":"Deleted Secret not found:
        secret0"}}'
    headers:
      cache-control:
      - no-cache
      content-length:
      - '81'
      content-type:
      - application/json; charset=utf-8
      date:
      - Thu, 31 Oct 2019 18:29:35 GMT
      expires:
      - '-1'
      pragma:
      - no-cache
      server:
      - Microsoft-IIS/10.0
      strict-transport-security:
      - max-age=31536000;includeSubDomains
      x-aspnet-version:
      - 4.0.30319
      x-content-type-options:
      - nosniff
      x-ms-keyvault-network-info:
      - addr=131.107.160.72;act_addr_fam=InterNetwork;
      x-ms-keyvault-region:
      - westus
      x-ms-keyvault-service-version:
      - 1.1.0.879
      x-powered-by:
      - ASP.NET
    status:
      code: 404
      message: Not Found
- request:
    body: null
    headers:
      Accept:
      - application/json
      Accept-Encoding:
      - gzip, deflate
      Connection:
      - keep-alive
      User-Agent:
      - azsdk-python-keyvault-secrets/4.0.0 Python/3.7.4 (Windows-10-10.0.18362-SP0)
    method: GET
    uri: https://vault458ad70cc7ab6c128e.vault.azure.net/deletedsecrets/secret0?api-version=7.0
  response:
    body:
      string: '{"error":{"code":"SecretNotFound","message":"Deleted Secret not found:
        secret0"}}'
    headers:
      cache-control:
      - no-cache
      content-length:
      - '81'
      content-type:
      - application/json; charset=utf-8
      date:
      - Thu, 31 Oct 2019 18:29:37 GMT
      expires:
      - '-1'
      pragma:
      - no-cache
      server:
      - Microsoft-IIS/10.0
      strict-transport-security:
      - max-age=31536000;includeSubDomains
      x-aspnet-version:
      - 4.0.30319
      x-content-type-options:
      - nosniff
      x-ms-keyvault-network-info:
      - addr=131.107.160.72;act_addr_fam=InterNetwork;
      x-ms-keyvault-region:
      - westus
      x-ms-keyvault-service-version:
      - 1.1.0.879
      x-powered-by:
      - ASP.NET
    status:
      code: 404
      message: Not Found
- request:
    body: null
    headers:
      Accept:
      - application/json
      Accept-Encoding:
      - gzip, deflate
      Connection:
      - keep-alive
      User-Agent:
      - azsdk-python-keyvault-secrets/4.0.0 Python/3.7.4 (Windows-10-10.0.18362-SP0)
    method: GET
    uri: https://vault458ad70cc7ab6c128e.vault.azure.net/deletedsecrets/secret0?api-version=7.0
  response:
    body:
      string: '{"error":{"code":"SecretNotFound","message":"Deleted Secret not found:
        secret0"}}'
    headers:
      cache-control:
      - no-cache
      content-length:
      - '81'
      content-type:
      - application/json; charset=utf-8
      date:
      - Thu, 31 Oct 2019 18:29:39 GMT
      expires:
      - '-1'
      pragma:
      - no-cache
      server:
      - Microsoft-IIS/10.0
      strict-transport-security:
      - max-age=31536000;includeSubDomains
      x-aspnet-version:
      - 4.0.30319
      x-content-type-options:
      - nosniff
      x-ms-keyvault-network-info:
      - addr=131.107.160.72;act_addr_fam=InterNetwork;
      x-ms-keyvault-region:
      - westus
      x-ms-keyvault-service-version:
      - 1.1.0.879
      x-powered-by:
      - ASP.NET
    status:
      code: 404
      message: Not Found
- request:
    body: null
    headers:
      Accept:
      - application/json
      Accept-Encoding:
      - gzip, deflate
      Connection:
      - keep-alive
      User-Agent:
      - azsdk-python-keyvault-secrets/4.0.0 Python/3.7.4 (Windows-10-10.0.18362-SP0)
    method: GET
    uri: https://vault458ad70cc7ab6c128e.vault.azure.net/deletedsecrets/secret0?api-version=7.0
  response:
    body:
      string: '{"error":{"code":"SecretNotFound","message":"Deleted Secret not found:
        secret0"}}'
    headers:
      cache-control:
      - no-cache
      content-length:
      - '81'
      content-type:
      - application/json; charset=utf-8
      date:
      - Thu, 31 Oct 2019 18:29:41 GMT
      expires:
      - '-1'
      pragma:
      - no-cache
      server:
      - Microsoft-IIS/10.0
      strict-transport-security:
      - max-age=31536000;includeSubDomains
      x-aspnet-version:
      - 4.0.30319
      x-content-type-options:
      - nosniff
      x-ms-keyvault-network-info:
      - addr=131.107.160.72;act_addr_fam=InterNetwork;
      x-ms-keyvault-region:
      - westus
      x-ms-keyvault-service-version:
      - 1.1.0.879
      x-powered-by:
      - ASP.NET
    status:
      code: 404
      message: Not Found
- request:
    body: null
    headers:
      Accept:
      - application/json
      Accept-Encoding:
      - gzip, deflate
      Connection:
      - keep-alive
      User-Agent:
      - azsdk-python-keyvault-secrets/4.0.0 Python/3.7.4 (Windows-10-10.0.18362-SP0)
    method: GET
    uri: https://vault458ad70cc7ab6c128e.vault.azure.net/deletedsecrets/secret0?api-version=7.0
  response:
    body:
      string: '{"error":{"code":"SecretNotFound","message":"Deleted Secret not found:
        secret0"}}'
    headers:
      cache-control:
      - no-cache
      content-length:
      - '81'
      content-type:
      - application/json; charset=utf-8
      date:
      - Thu, 31 Oct 2019 18:29:43 GMT
      expires:
      - '-1'
      pragma:
      - no-cache
      server:
      - Microsoft-IIS/10.0
      strict-transport-security:
      - max-age=31536000;includeSubDomains
      x-aspnet-version:
      - 4.0.30319
      x-content-type-options:
      - nosniff
      x-ms-keyvault-network-info:
      - addr=131.107.160.72;act_addr_fam=InterNetwork;
      x-ms-keyvault-region:
      - westus
      x-ms-keyvault-service-version:
      - 1.1.0.879
      x-powered-by:
      - ASP.NET
    status:
      code: 404
      message: Not Found
- request:
    body: null
    headers:
      Accept:
      - application/json
      Accept-Encoding:
      - gzip, deflate
      Connection:
      - keep-alive
      User-Agent:
      - azsdk-python-keyvault-secrets/4.0.0 Python/3.7.4 (Windows-10-10.0.18362-SP0)
    method: GET
    uri: https://vault458ad70cc7ab6c128e.vault.azure.net/deletedsecrets/secret0?api-version=7.0
  response:
    body:
      string: '{"recoveryId":"https://vault458ad70cc7ab6c128e.vault.azure.net/deletedsecrets/secret0","deletedDate":1572546565,"scheduledPurgeDate":1580322565,"id":"https://vault458ad70cc7ab6c128e.vault.azure.net/secrets/secret0/a49669db37ff4c41b6cc322b7cbd95cb","attributes":{"enabled":true,"created":1572546564,"updated":1572546564,"recoveryLevel":"Recoverable+Purgeable"}}'
    headers:
      cache-control:
      - no-cache
      content-length:
      - '360'
      content-type:
      - application/json; charset=utf-8
      date:
      - Thu, 31 Oct 2019 18:29:45 GMT
      expires:
      - '-1'
      pragma:
      - no-cache
      server:
      - Microsoft-IIS/10.0
      strict-transport-security:
      - max-age=31536000;includeSubDomains
      x-aspnet-version:
      - 4.0.30319
      x-content-type-options:
      - nosniff
      x-ms-keyvault-network-info:
      - addr=131.107.160.72;act_addr_fam=InterNetwork;
      x-ms-keyvault-region:
      - westus
      x-ms-keyvault-service-version:
      - 1.1.0.879
      x-powered-by:
      - ASP.NET
    status:
      code: 200
      message: OK
- request:
    body: null
    headers:
      Accept:
      - application/json
      Accept-Encoding:
      - gzip, deflate
      Connection:
      - keep-alive
      Content-Length:
      - '0'
      User-Agent:
      - azsdk-python-keyvault-secrets/4.0.0 Python/3.7.4 (Windows-10-10.0.18362-SP0)
    method: DELETE
    uri: https://vault458ad70cc7ab6c128e.vault.azure.net/secrets/secret1?api-version=7.0
  response:
    body:
      string: '{"recoveryId":"https://vault458ad70cc7ab6c128e.vault.azure.net/deletedsecrets/secret1","deletedDate":1572546587,"scheduledPurgeDate":1580322587,"id":"https://vault458ad70cc7ab6c128e.vault.azure.net/secrets/secret1/3ed2634af1784e469df8ee39ec0d0554","attributes":{"enabled":true,"created":1572546564,"updated":1572546564,"recoveryLevel":"Recoverable+Purgeable"}}'
    headers:
      cache-control:
      - no-cache
      content-length:
      - '360'
      content-type:
      - application/json; charset=utf-8
      date:
      - Thu, 31 Oct 2019 18:29:47 GMT
      expires:
      - '-1'
      pragma:
      - no-cache
      server:
      - Microsoft-IIS/10.0
      strict-transport-security:
      - max-age=31536000;includeSubDomains
      x-aspnet-version:
      - 4.0.30319
      x-content-type-options:
      - nosniff
      x-ms-keyvault-network-info:
      - addr=131.107.160.72;act_addr_fam=InterNetwork;
      x-ms-keyvault-region:
      - westus
      x-ms-keyvault-service-version:
      - 1.1.0.879
      x-powered-by:
      - ASP.NET
    status:
      code: 200
      message: OK
- request:
    body: null
    headers:
      Accept:
      - application/json
      Accept-Encoding:
      - gzip, deflate
      Connection:
      - keep-alive
      User-Agent:
      - azsdk-python-keyvault-secrets/4.0.0 Python/3.7.4 (Windows-10-10.0.18362-SP0)
    method: GET
    uri: https://vault458ad70cc7ab6c128e.vault.azure.net/deletedsecrets/secret1?api-version=7.0
  response:
    body:
      string: '{"error":{"code":"SecretNotFound","message":"Deleted Secret not found:
        secret1"}}'
    headers:
      cache-control:
      - no-cache
      content-length:
      - '81'
      content-type:
      - application/json; charset=utf-8
      date:
      - Thu, 31 Oct 2019 18:29:47 GMT
      expires:
      - '-1'
      pragma:
      - no-cache
      server:
      - Microsoft-IIS/10.0
      strict-transport-security:
      - max-age=31536000;includeSubDomains
      x-aspnet-version:
      - 4.0.30319
      x-content-type-options:
      - nosniff
      x-ms-keyvault-network-info:
      - addr=131.107.160.72;act_addr_fam=InterNetwork;
      x-ms-keyvault-region:
      - westus
      x-ms-keyvault-service-version:
      - 1.1.0.879
      x-powered-by:
      - ASP.NET
    status:
      code: 404
      message: Not Found
- request:
    body: null
    headers:
      Accept:
      - application/json
      Accept-Encoding:
      - gzip, deflate
      Connection:
      - keep-alive
      User-Agent:
      - azsdk-python-keyvault-secrets/4.0.0 Python/3.7.4 (Windows-10-10.0.18362-SP0)
    method: GET
    uri: https://vault458ad70cc7ab6c128e.vault.azure.net/deletedsecrets/secret1?api-version=7.0
  response:
    body:
      string: '{"error":{"code":"SecretNotFound","message":"Deleted Secret not found:
        secret1"}}'
    headers:
      cache-control:
      - no-cache
      content-length:
      - '81'
      content-type:
      - application/json; charset=utf-8
      date:
      - Thu, 31 Oct 2019 18:29:50 GMT
      expires:
      - '-1'
      pragma:
      - no-cache
      server:
      - Microsoft-IIS/10.0
      strict-transport-security:
      - max-age=31536000;includeSubDomains
      x-aspnet-version:
      - 4.0.30319
      x-content-type-options:
      - nosniff
      x-ms-keyvault-network-info:
      - addr=131.107.160.72;act_addr_fam=InterNetwork;
      x-ms-keyvault-region:
      - westus
      x-ms-keyvault-service-version:
      - 1.1.0.879
      x-powered-by:
      - ASP.NET
    status:
      code: 404
      message: Not Found
- request:
    body: null
    headers:
      Accept:
      - application/json
      Accept-Encoding:
      - gzip, deflate
      Connection:
      - keep-alive
      User-Agent:
      - azsdk-python-keyvault-secrets/4.0.0 Python/3.7.4 (Windows-10-10.0.18362-SP0)
    method: GET
    uri: https://vault458ad70cc7ab6c128e.vault.azure.net/deletedsecrets/secret1?api-version=7.0
  response:
    body:
      string: '{"error":{"code":"SecretNotFound","message":"Deleted Secret not found:
        secret1"}}'
    headers:
      cache-control:
      - no-cache
      content-length:
      - '81'
      content-type:
      - application/json; charset=utf-8
      date:
      - Thu, 31 Oct 2019 18:29:52 GMT
      expires:
      - '-1'
      pragma:
      - no-cache
      server:
      - Microsoft-IIS/10.0
      strict-transport-security:
      - max-age=31536000;includeSubDomains
      x-aspnet-version:
      - 4.0.30319
      x-content-type-options:
      - nosniff
      x-ms-keyvault-network-info:
      - addr=131.107.160.72;act_addr_fam=InterNetwork;
      x-ms-keyvault-region:
      - westus
      x-ms-keyvault-service-version:
      - 1.1.0.879
      x-powered-by:
      - ASP.NET
    status:
      code: 404
      message: Not Found
- request:
    body: null
    headers:
      Accept:
      - application/json
      Accept-Encoding:
      - gzip, deflate
      Connection:
      - keep-alive
      User-Agent:
      - azsdk-python-keyvault-secrets/4.0.0 Python/3.7.4 (Windows-10-10.0.18362-SP0)
    method: GET
    uri: https://vault458ad70cc7ab6c128e.vault.azure.net/deletedsecrets/secret1?api-version=7.0
  response:
    body:
      string: '{"error":{"code":"SecretNotFound","message":"Deleted Secret not found:
        secret1"}}'
    headers:
      cache-control:
      - no-cache
      content-length:
      - '81'
      content-type:
      - application/json; charset=utf-8
      date:
      - Thu, 31 Oct 2019 18:29:54 GMT
      expires:
      - '-1'
      pragma:
      - no-cache
      server:
      - Microsoft-IIS/10.0
      strict-transport-security:
      - max-age=31536000;includeSubDomains
      x-aspnet-version:
      - 4.0.30319
      x-content-type-options:
      - nosniff
      x-ms-keyvault-network-info:
      - addr=131.107.160.72;act_addr_fam=InterNetwork;
      x-ms-keyvault-region:
      - westus
      x-ms-keyvault-service-version:
      - 1.1.0.879
      x-powered-by:
      - ASP.NET
    status:
      code: 404
      message: Not Found
- request:
    body: null
    headers:
      Accept:
      - application/json
      Accept-Encoding:
      - gzip, deflate
      Connection:
      - keep-alive
      User-Agent:
      - azsdk-python-keyvault-secrets/4.0.0 Python/3.7.4 (Windows-10-10.0.18362-SP0)
    method: GET
    uri: https://vault458ad70cc7ab6c128e.vault.azure.net/deletedsecrets/secret1?api-version=7.0
  response:
    body:
      string: '{"error":{"code":"SecretNotFound","message":"Deleted Secret not found:
        secret1"}}'
    headers:
      cache-control:
      - no-cache
      content-length:
      - '81'
      content-type:
      - application/json; charset=utf-8
      date:
      - Thu, 31 Oct 2019 18:29:56 GMT
      expires:
      - '-1'
      pragma:
      - no-cache
      server:
      - Microsoft-IIS/10.0
      strict-transport-security:
      - max-age=31536000;includeSubDomains
      x-aspnet-version:
      - 4.0.30319
      x-content-type-options:
      - nosniff
      x-ms-keyvault-network-info:
      - addr=131.107.160.72;act_addr_fam=InterNetwork;
      x-ms-keyvault-region:
      - westus
      x-ms-keyvault-service-version:
      - 1.1.0.879
      x-powered-by:
      - ASP.NET
    status:
      code: 404
      message: Not Found
- request:
    body: null
    headers:
      Accept:
      - application/json
      Accept-Encoding:
      - gzip, deflate
      Connection:
      - keep-alive
      User-Agent:
      - azsdk-python-keyvault-secrets/4.0.0 Python/3.7.4 (Windows-10-10.0.18362-SP0)
    method: GET
    uri: https://vault458ad70cc7ab6c128e.vault.azure.net/deletedsecrets/secret1?api-version=7.0
  response:
    body:
      string: '{"error":{"code":"SecretNotFound","message":"Deleted Secret not found:
        secret1"}}'
    headers:
      cache-control:
      - no-cache
      content-length:
      - '81'
      content-type:
      - application/json; charset=utf-8
      date:
      - Thu, 31 Oct 2019 18:29:58 GMT
      expires:
      - '-1'
      pragma:
      - no-cache
      server:
      - Microsoft-IIS/10.0
      strict-transport-security:
      - max-age=31536000;includeSubDomains
      x-aspnet-version:
      - 4.0.30319
      x-content-type-options:
      - nosniff
      x-ms-keyvault-network-info:
      - addr=131.107.160.72;act_addr_fam=InterNetwork;
      x-ms-keyvault-region:
      - westus
      x-ms-keyvault-service-version:
      - 1.1.0.879
      x-powered-by:
      - ASP.NET
    status:
      code: 404
      message: Not Found
- request:
    body: null
    headers:
      Accept:
      - application/json
      Accept-Encoding:
      - gzip, deflate
      Connection:
      - keep-alive
      User-Agent:
      - azsdk-python-keyvault-secrets/4.0.0 Python/3.7.4 (Windows-10-10.0.18362-SP0)
    method: GET
    uri: https://vault458ad70cc7ab6c128e.vault.azure.net/deletedsecrets/secret1?api-version=7.0
  response:
    body:
      string: '{"error":{"code":"SecretNotFound","message":"Deleted Secret not found:
        secret1"}}'
    headers:
      cache-control:
      - no-cache
      content-length:
      - '81'
      content-type:
      - application/json; charset=utf-8
      date:
      - Thu, 31 Oct 2019 18:30:00 GMT
      expires:
      - '-1'
      pragma:
      - no-cache
      server:
      - Microsoft-IIS/10.0
      strict-transport-security:
      - max-age=31536000;includeSubDomains
      x-aspnet-version:
      - 4.0.30319
      x-content-type-options:
      - nosniff
      x-ms-keyvault-network-info:
      - addr=131.107.160.72;act_addr_fam=InterNetwork;
      x-ms-keyvault-region:
      - westus
      x-ms-keyvault-service-version:
      - 1.1.0.879
      x-powered-by:
      - ASP.NET
    status:
      code: 404
      message: Not Found
- request:
    body: null
    headers:
      Accept:
      - application/json
      Accept-Encoding:
      - gzip, deflate
      Connection:
      - keep-alive
      User-Agent:
      - azsdk-python-keyvault-secrets/4.0.0 Python/3.7.4 (Windows-10-10.0.18362-SP0)
    method: GET
    uri: https://vault458ad70cc7ab6c128e.vault.azure.net/deletedsecrets/secret1?api-version=7.0
  response:
    body:
      string: '{"recoveryId":"https://vault458ad70cc7ab6c128e.vault.azure.net/deletedsecrets/secret1","deletedDate":1572546587,"scheduledPurgeDate":1580322587,"id":"https://vault458ad70cc7ab6c128e.vault.azure.net/secrets/secret1/3ed2634af1784e469df8ee39ec0d0554","attributes":{"enabled":true,"created":1572546564,"updated":1572546564,"recoveryLevel":"Recoverable+Purgeable"}}'
    headers:
      cache-control:
      - no-cache
      content-length:
      - '360'
      content-type:
      - application/json; charset=utf-8
      date:
      - Thu, 31 Oct 2019 18:30:02 GMT
      expires:
      - '-1'
      pragma:
      - no-cache
      server:
      - Microsoft-IIS/10.0
      strict-transport-security:
      - max-age=31536000;includeSubDomains
      x-aspnet-version:
      - 4.0.30319
      x-content-type-options:
      - nosniff
      x-ms-keyvault-network-info:
      - addr=131.107.160.72;act_addr_fam=InterNetwork;
      x-ms-keyvault-region:
      - westus
      x-ms-keyvault-service-version:
      - 1.1.0.879
      x-powered-by:
      - ASP.NET
    status:
      code: 200
      message: OK
- request:
    body: null
    headers:
      Accept:
      - application/json
      Accept-Encoding:
      - gzip, deflate
      Connection:
      - keep-alive
      Content-Length:
      - '0'
      User-Agent:
      - azsdk-python-keyvault-secrets/4.0.0 Python/3.7.4 (Windows-10-10.0.18362-SP0)
    method: DELETE
    uri: https://vault458ad70cc7ab6c128e.vault.azure.net/secrets/secret2?api-version=7.0
  response:
    body:
      string: '{"recoveryId":"https://vault458ad70cc7ab6c128e.vault.azure.net/deletedsecrets/secret2","deletedDate":1572546604,"scheduledPurgeDate":1580322604,"id":"https://vault458ad70cc7ab6c128e.vault.azure.net/secrets/secret2/698695b784e7479c9555e7359a8f458e","attributes":{"enabled":true,"created":1572546564,"updated":1572546564,"recoveryLevel":"Recoverable+Purgeable"}}'
    headers:
      cache-control:
      - no-cache
      content-length:
      - '360'
      content-type:
      - application/json; charset=utf-8
      date:
      - Thu, 31 Oct 2019 18:30:04 GMT
      expires:
      - '-1'
      pragma:
      - no-cache
      server:
      - Microsoft-IIS/10.0
      strict-transport-security:
      - max-age=31536000;includeSubDomains
      x-aspnet-version:
      - 4.0.30319
      x-content-type-options:
      - nosniff
      x-ms-keyvault-network-info:
      - addr=131.107.160.72;act_addr_fam=InterNetwork;
      x-ms-keyvault-region:
      - westus
      x-ms-keyvault-service-version:
      - 1.1.0.879
      x-powered-by:
      - ASP.NET
    status:
      code: 200
      message: OK
- request:
    body: null
    headers:
      Accept:
      - application/json
      Accept-Encoding:
      - gzip, deflate
      Connection:
      - keep-alive
      User-Agent:
      - azsdk-python-keyvault-secrets/4.0.0 Python/3.7.4 (Windows-10-10.0.18362-SP0)
    method: GET
    uri: https://vault458ad70cc7ab6c128e.vault.azure.net/deletedsecrets/secret2?api-version=7.0
  response:
    body:
      string: '{"error":{"code":"SecretNotFound","message":"Deleted Secret not found:
        secret2"}}'
    headers:
      cache-control:
      - no-cache
      content-length:
      - '81'
      content-type:
      - application/json; charset=utf-8
      date:
      - Thu, 31 Oct 2019 18:30:04 GMT
      expires:
      - '-1'
      pragma:
      - no-cache
      server:
      - Microsoft-IIS/10.0
      strict-transport-security:
      - max-age=31536000;includeSubDomains
      x-aspnet-version:
      - 4.0.30319
      x-content-type-options:
      - nosniff
      x-ms-keyvault-network-info:
      - addr=131.107.160.72;act_addr_fam=InterNetwork;
      x-ms-keyvault-region:
      - westus
      x-ms-keyvault-service-version:
      - 1.1.0.879
      x-powered-by:
      - ASP.NET
    status:
      code: 404
      message: Not Found
- request:
    body: null
    headers:
      Accept:
      - application/json
      Accept-Encoding:
      - gzip, deflate
      Connection:
      - keep-alive
      User-Agent:
      - azsdk-python-keyvault-secrets/4.0.0 Python/3.7.4 (Windows-10-10.0.18362-SP0)
    method: GET
    uri: https://vault458ad70cc7ab6c128e.vault.azure.net/deletedsecrets/secret2?api-version=7.0
  response:
    body:
      string: '{"error":{"code":"SecretNotFound","message":"Deleted Secret not found:
        secret2"}}'
    headers:
      cache-control:
      - no-cache
      content-length:
      - '81'
      content-type:
      - application/json; charset=utf-8
      date:
      - Thu, 31 Oct 2019 18:30:06 GMT
      expires:
      - '-1'
      pragma:
      - no-cache
      server:
      - Microsoft-IIS/10.0
      strict-transport-security:
      - max-age=31536000;includeSubDomains
      x-aspnet-version:
      - 4.0.30319
      x-content-type-options:
      - nosniff
      x-ms-keyvault-network-info:
      - addr=131.107.160.72;act_addr_fam=InterNetwork;
      x-ms-keyvault-region:
      - westus
      x-ms-keyvault-service-version:
      - 1.1.0.879
      x-powered-by:
      - ASP.NET
    status:
      code: 404
      message: Not Found
- request:
    body: null
    headers:
      Accept:
      - application/json
      Accept-Encoding:
      - gzip, deflate
      Connection:
      - keep-alive
      User-Agent:
      - azsdk-python-keyvault-secrets/4.0.0 Python/3.7.4 (Windows-10-10.0.18362-SP0)
    method: GET
    uri: https://vault458ad70cc7ab6c128e.vault.azure.net/deletedsecrets/secret2?api-version=7.0
  response:
    body:
      string: '{"error":{"code":"SecretNotFound","message":"Deleted Secret not found:
        secret2"}}'
    headers:
      cache-control:
      - no-cache
      content-length:
      - '81'
      content-type:
      - application/json; charset=utf-8
      date:
      - Thu, 31 Oct 2019 18:30:08 GMT
      expires:
      - '-1'
      pragma:
      - no-cache
      server:
      - Microsoft-IIS/10.0
      strict-transport-security:
      - max-age=31536000;includeSubDomains
      x-aspnet-version:
      - 4.0.30319
      x-content-type-options:
      - nosniff
      x-ms-keyvault-network-info:
      - addr=131.107.160.72;act_addr_fam=InterNetwork;
      x-ms-keyvault-region:
      - westus
      x-ms-keyvault-service-version:
      - 1.1.0.879
      x-powered-by:
      - ASP.NET
    status:
      code: 404
      message: Not Found
- request:
    body: null
    headers:
      Accept:
      - application/json
      Accept-Encoding:
      - gzip, deflate
      Connection:
      - keep-alive
      User-Agent:
      - azsdk-python-keyvault-secrets/4.0.0 Python/3.7.4 (Windows-10-10.0.18362-SP0)
    method: GET
    uri: https://vault458ad70cc7ab6c128e.vault.azure.net/deletedsecrets/secret2?api-version=7.0
  response:
    body:
      string: '{"error":{"code":"SecretNotFound","message":"Deleted Secret not found:
        secret2"}}'
    headers:
      cache-control:
      - no-cache
      content-length:
      - '81'
      content-type:
      - application/json; charset=utf-8
      date:
      - Thu, 31 Oct 2019 18:30:10 GMT
      expires:
      - '-1'
      pragma:
      - no-cache
      server:
      - Microsoft-IIS/10.0
      strict-transport-security:
      - max-age=31536000;includeSubDomains
      x-aspnet-version:
      - 4.0.30319
      x-content-type-options:
      - nosniff
      x-ms-keyvault-network-info:
      - addr=131.107.160.72;act_addr_fam=InterNetwork;
      x-ms-keyvault-region:
      - westus
      x-ms-keyvault-service-version:
      - 1.1.0.879
      x-powered-by:
      - ASP.NET
    status:
      code: 404
      message: Not Found
- request:
    body: null
    headers:
      Accept:
      - application/json
      Accept-Encoding:
      - gzip, deflate
      Connection:
      - keep-alive
      User-Agent:
      - azsdk-python-keyvault-secrets/4.0.0 Python/3.7.4 (Windows-10-10.0.18362-SP0)
    method: GET
    uri: https://vault458ad70cc7ab6c128e.vault.azure.net/deletedsecrets/secret2?api-version=7.0
  response:
    body:
      string: '{"error":{"code":"SecretNotFound","message":"Deleted Secret not found:
        secret2"}}'
    headers:
      cache-control:
      - no-cache
      content-length:
      - '81'
      content-type:
      - application/json; charset=utf-8
      date:
      - Thu, 31 Oct 2019 18:30:12 GMT
      expires:
      - '-1'
      pragma:
      - no-cache
      server:
      - Microsoft-IIS/10.0
      strict-transport-security:
      - max-age=31536000;includeSubDomains
      x-aspnet-version:
      - 4.0.30319
      x-content-type-options:
      - nosniff
      x-ms-keyvault-network-info:
      - addr=131.107.160.72;act_addr_fam=InterNetwork;
      x-ms-keyvault-region:
      - westus
      x-ms-keyvault-service-version:
      - 1.1.0.879
      x-powered-by:
      - ASP.NET
    status:
      code: 404
      message: Not Found
- request:
    body: null
    headers:
      Accept:
      - application/json
      Accept-Encoding:
      - gzip, deflate
      Connection:
      - keep-alive
      User-Agent:
      - azsdk-python-keyvault-secrets/4.0.0 Python/3.7.4 (Windows-10-10.0.18362-SP0)
    method: GET
    uri: https://vault458ad70cc7ab6c128e.vault.azure.net/deletedsecrets/secret2?api-version=7.0
  response:
    body:
      string: '{"error":{"code":"SecretNotFound","message":"Deleted Secret not found:
        secret2"}}'
    headers:
      cache-control:
      - no-cache
      content-length:
      - '81'
      content-type:
      - application/json; charset=utf-8
      date:
      - Thu, 31 Oct 2019 18:30:15 GMT
      expires:
      - '-1'
      pragma:
      - no-cache
      server:
      - Microsoft-IIS/10.0
      strict-transport-security:
      - max-age=31536000;includeSubDomains
      x-aspnet-version:
      - 4.0.30319
      x-content-type-options:
      - nosniff
      x-ms-keyvault-network-info:
      - addr=131.107.160.72;act_addr_fam=InterNetwork;
      x-ms-keyvault-region:
      - westus
      x-ms-keyvault-service-version:
      - 1.1.0.879
      x-powered-by:
      - ASP.NET
    status:
      code: 404
      message: Not Found
- request:
    body: null
    headers:
      Accept:
      - application/json
      Accept-Encoding:
      - gzip, deflate
      Connection:
      - keep-alive
      User-Agent:
      - azsdk-python-keyvault-secrets/4.0.0 Python/3.7.4 (Windows-10-10.0.18362-SP0)
    method: GET
    uri: https://vault458ad70cc7ab6c128e.vault.azure.net/deletedsecrets/secret2?api-version=7.0
  response:
    body:
      string: '{"error":{"code":"SecretNotFound","message":"Deleted Secret not found:
        secret2"}}'
    headers:
      cache-control:
      - no-cache
      content-length:
      - '81'
      content-type:
      - application/json; charset=utf-8
      date:
      - Thu, 31 Oct 2019 18:30:17 GMT
      expires:
      - '-1'
      pragma:
      - no-cache
      server:
      - Microsoft-IIS/10.0
      strict-transport-security:
      - max-age=31536000;includeSubDomains
      x-aspnet-version:
      - 4.0.30319
      x-content-type-options:
      - nosniff
      x-ms-keyvault-network-info:
      - addr=131.107.160.72;act_addr_fam=InterNetwork;
      x-ms-keyvault-region:
      - westus
      x-ms-keyvault-service-version:
      - 1.1.0.879
      x-powered-by:
      - ASP.NET
    status:
      code: 404
      message: Not Found
- request:
    body: null
    headers:
      Accept:
      - application/json
      Accept-Encoding:
      - gzip, deflate
      Connection:
      - keep-alive
      User-Agent:
      - azsdk-python-keyvault-secrets/4.0.0 Python/3.7.4 (Windows-10-10.0.18362-SP0)
    method: GET
    uri: https://vault458ad70cc7ab6c128e.vault.azure.net/deletedsecrets/secret2?api-version=7.0
  response:
    body:
      string: '{"recoveryId":"https://vault458ad70cc7ab6c128e.vault.azure.net/deletedsecrets/secret2","deletedDate":1572546604,"scheduledPurgeDate":1580322604,"id":"https://vault458ad70cc7ab6c128e.vault.azure.net/secrets/secret2/698695b784e7479c9555e7359a8f458e","attributes":{"enabled":true,"created":1572546564,"updated":1572546564,"recoveryLevel":"Recoverable+Purgeable"}}'
    headers:
      cache-control:
      - no-cache
      content-length:
      - '360'
      content-type:
      - application/json; charset=utf-8
      date:
      - Thu, 31 Oct 2019 18:30:19 GMT
      expires:
      - '-1'
      pragma:
      - no-cache
      server:
      - Microsoft-IIS/10.0
      strict-transport-security:
      - max-age=31536000;includeSubDomains
      x-aspnet-version:
      - 4.0.30319
      x-content-type-options:
      - nosniff
      x-ms-keyvault-network-info:
      - addr=131.107.160.72;act_addr_fam=InterNetwork;
      x-ms-keyvault-region:
      - westus
      x-ms-keyvault-service-version:
      - 1.1.0.879
      x-powered-by:
      - ASP.NET
    status:
      code: 200
      message: OK
- request:
    body: null
    headers:
      Accept:
      - application/json
      Accept-Encoding:
      - gzip, deflate
      Connection:
      - keep-alive
      Content-Length:
      - '0'
      User-Agent:
      - azsdk-python-keyvault-secrets/4.0.0 Python/3.7.4 (Windows-10-10.0.18362-SP0)
    method: DELETE
    uri: https://vault458ad70cc7ab6c128e.vault.azure.net/secrets/secret3?api-version=7.0
  response:
    body:
      string: '{"recoveryId":"https://vault458ad70cc7ab6c128e.vault.azure.net/deletedsecrets/secret3","deletedDate":1572546621,"scheduledPurgeDate":1580322621,"id":"https://vault458ad70cc7ab6c128e.vault.azure.net/secrets/secret3/92c460dcd2f14abfb66d1e9e5ab53baa","attributes":{"enabled":true,"created":1572546564,"updated":1572546564,"recoveryLevel":"Recoverable+Purgeable"}}'
    headers:
      cache-control:
      - no-cache
      content-length:
      - '360'
      content-type:
      - application/json; charset=utf-8
      date:
      - Thu, 31 Oct 2019 18:30:21 GMT
      expires:
      - '-1'
      pragma:
      - no-cache
      server:
      - Microsoft-IIS/10.0
      strict-transport-security:
      - max-age=31536000;includeSubDomains
      x-aspnet-version:
      - 4.0.30319
      x-content-type-options:
      - nosniff
      x-ms-keyvault-network-info:
      - addr=131.107.160.72;act_addr_fam=InterNetwork;
      x-ms-keyvault-region:
      - westus
      x-ms-keyvault-service-version:
      - 1.1.0.879
      x-powered-by:
      - ASP.NET
    status:
      code: 200
      message: OK
- request:
    body: null
    headers:
      Accept:
      - application/json
      Accept-Encoding:
      - gzip, deflate
      Connection:
      - keep-alive
      User-Agent:
      - azsdk-python-keyvault-secrets/4.0.0 Python/3.7.4 (Windows-10-10.0.18362-SP0)
    method: GET
    uri: https://vault458ad70cc7ab6c128e.vault.azure.net/deletedsecrets/secret3?api-version=7.0
  response:
    body:
      string: '{"error":{"code":"SecretNotFound","message":"Deleted Secret not found:
        secret3"}}'
    headers:
      cache-control:
      - no-cache
      content-length:
      - '81'
      content-type:
      - application/json; charset=utf-8
      date:
      - Thu, 31 Oct 2019 18:30:21 GMT
      expires:
      - '-1'
      pragma:
      - no-cache
      server:
      - Microsoft-IIS/10.0
      strict-transport-security:
      - max-age=31536000;includeSubDomains
      x-aspnet-version:
      - 4.0.30319
      x-content-type-options:
      - nosniff
      x-ms-keyvault-network-info:
      - addr=131.107.160.72;act_addr_fam=InterNetwork;
      x-ms-keyvault-region:
      - westus
      x-ms-keyvault-service-version:
      - 1.1.0.879
      x-powered-by:
      - ASP.NET
    status:
      code: 404
      message: Not Found
- request:
    body: null
    headers:
      Accept:
      - application/json
      Accept-Encoding:
      - gzip, deflate
      Connection:
      - keep-alive
      User-Agent:
      - azsdk-python-keyvault-secrets/4.0.0 Python/3.7.4 (Windows-10-10.0.18362-SP0)
    method: GET
    uri: https://vault458ad70cc7ab6c128e.vault.azure.net/deletedsecrets/secret3?api-version=7.0
  response:
    body:
      string: '{"error":{"code":"SecretNotFound","message":"Deleted Secret not found:
        secret3"}}'
    headers:
      cache-control:
      - no-cache
      content-length:
      - '81'
      content-type:
      - application/json; charset=utf-8
      date:
      - Thu, 31 Oct 2019 18:30:23 GMT
      expires:
      - '-1'
      pragma:
      - no-cache
      server:
      - Microsoft-IIS/10.0
      strict-transport-security:
      - max-age=31536000;includeSubDomains
      x-aspnet-version:
      - 4.0.30319
      x-content-type-options:
      - nosniff
      x-ms-keyvault-network-info:
      - addr=131.107.160.72;act_addr_fam=InterNetwork;
      x-ms-keyvault-region:
      - westus
      x-ms-keyvault-service-version:
      - 1.1.0.879
      x-powered-by:
      - ASP.NET
    status:
      code: 404
      message: Not Found
- request:
    body: null
    headers:
      Accept:
      - application/json
      Accept-Encoding:
      - gzip, deflate
      Connection:
      - keep-alive
      User-Agent:
      - azsdk-python-keyvault-secrets/4.0.0 Python/3.7.4 (Windows-10-10.0.18362-SP0)
    method: GET
    uri: https://vault458ad70cc7ab6c128e.vault.azure.net/deletedsecrets/secret3?api-version=7.0
  response:
    body:
      string: '{"error":{"code":"SecretNotFound","message":"Deleted Secret not found:
        secret3"}}'
    headers:
      cache-control:
      - no-cache
      content-length:
      - '81'
      content-type:
      - application/json; charset=utf-8
      date:
      - Thu, 31 Oct 2019 18:30:25 GMT
      expires:
      - '-1'
      pragma:
      - no-cache
      server:
      - Microsoft-IIS/10.0
      strict-transport-security:
      - max-age=31536000;includeSubDomains
      x-aspnet-version:
      - 4.0.30319
      x-content-type-options:
      - nosniff
      x-ms-keyvault-network-info:
      - addr=131.107.160.72;act_addr_fam=InterNetwork;
      x-ms-keyvault-region:
      - westus
      x-ms-keyvault-service-version:
      - 1.1.0.879
      x-powered-by:
      - ASP.NET
    status:
      code: 404
      message: Not Found
- request:
    body: null
    headers:
      Accept:
      - application/json
      Accept-Encoding:
      - gzip, deflate
      Connection:
      - keep-alive
      User-Agent:
      - azsdk-python-keyvault-secrets/4.0.0 Python/3.7.4 (Windows-10-10.0.18362-SP0)
    method: GET
    uri: https://vault458ad70cc7ab6c128e.vault.azure.net/deletedsecrets/secret3?api-version=7.0
  response:
    body:
      string: '{"error":{"code":"SecretNotFound","message":"Deleted Secret not found:
        secret3"}}'
    headers:
      cache-control:
      - no-cache
      content-length:
      - '81'
      content-type:
      - application/json; charset=utf-8
      date:
      - Thu, 31 Oct 2019 18:30:27 GMT
      expires:
      - '-1'
      pragma:
      - no-cache
      server:
      - Microsoft-IIS/10.0
      strict-transport-security:
      - max-age=31536000;includeSubDomains
      x-aspnet-version:
      - 4.0.30319
      x-content-type-options:
      - nosniff
      x-ms-keyvault-network-info:
      - addr=131.107.160.72;act_addr_fam=InterNetwork;
      x-ms-keyvault-region:
      - westus
      x-ms-keyvault-service-version:
      - 1.1.0.879
      x-powered-by:
      - ASP.NET
    status:
      code: 404
      message: Not Found
- request:
    body: null
    headers:
      Accept:
      - application/json
      Accept-Encoding:
      - gzip, deflate
      Connection:
      - keep-alive
      User-Agent:
      - azsdk-python-keyvault-secrets/4.0.0 Python/3.7.4 (Windows-10-10.0.18362-SP0)
    method: GET
    uri: https://vault458ad70cc7ab6c128e.vault.azure.net/deletedsecrets/secret3?api-version=7.0
  response:
    body:
      string: '{"error":{"code":"SecretNotFound","message":"Deleted Secret not found:
        secret3"}}'
    headers:
      cache-control:
      - no-cache
      content-length:
      - '81'
      content-type:
      - application/json; charset=utf-8
      date:
      - Thu, 31 Oct 2019 18:30:29 GMT
      expires:
      - '-1'
      pragma:
      - no-cache
      server:
      - Microsoft-IIS/10.0
      strict-transport-security:
      - max-age=31536000;includeSubDomains
      x-aspnet-version:
      - 4.0.30319
      x-content-type-options:
      - nosniff
      x-ms-keyvault-network-info:
      - addr=131.107.160.72;act_addr_fam=InterNetwork;
      x-ms-keyvault-region:
      - westus
      x-ms-keyvault-service-version:
      - 1.1.0.879
      x-powered-by:
      - ASP.NET
    status:
      code: 404
      message: Not Found
- request:
    body: null
    headers:
      Accept:
      - application/json
      Accept-Encoding:
      - gzip, deflate
      Connection:
      - keep-alive
      User-Agent:
      - azsdk-python-keyvault-secrets/4.0.0 Python/3.7.4 (Windows-10-10.0.18362-SP0)
    method: GET
    uri: https://vault458ad70cc7ab6c128e.vault.azure.net/deletedsecrets/secret3?api-version=7.0
  response:
    body:
      string: '{"error":{"code":"SecretNotFound","message":"Deleted Secret not found:
        secret3"}}'
    headers:
      cache-control:
      - no-cache
      content-length:
      - '81'
      content-type:
      - application/json; charset=utf-8
      date:
      - Thu, 31 Oct 2019 18:30:31 GMT
      expires:
      - '-1'
      pragma:
      - no-cache
      server:
      - Microsoft-IIS/10.0
      strict-transport-security:
      - max-age=31536000;includeSubDomains
      x-aspnet-version:
      - 4.0.30319
      x-content-type-options:
      - nosniff
      x-ms-keyvault-network-info:
      - addr=131.107.160.72;act_addr_fam=InterNetwork;
      x-ms-keyvault-region:
      - westus
      x-ms-keyvault-service-version:
      - 1.1.0.879
      x-powered-by:
      - ASP.NET
    status:
      code: 404
      message: Not Found
- request:
    body: null
    headers:
      Accept:
      - application/json
      Accept-Encoding:
      - gzip, deflate
      Connection:
      - keep-alive
      User-Agent:
      - azsdk-python-keyvault-secrets/4.0.0 Python/3.7.4 (Windows-10-10.0.18362-SP0)
    method: GET
    uri: https://vault458ad70cc7ab6c128e.vault.azure.net/deletedsecrets/secret3?api-version=7.0
  response:
    body:
      string: '{"error":{"code":"SecretNotFound","message":"Deleted Secret not found:
        secret3"}}'
    headers:
      cache-control:
      - no-cache
      content-length:
      - '81'
      content-type:
      - application/json; charset=utf-8
      date:
      - Thu, 31 Oct 2019 18:30:33 GMT
      expires:
      - '-1'
      pragma:
      - no-cache
      server:
      - Microsoft-IIS/10.0
      strict-transport-security:
      - max-age=31536000;includeSubDomains
      x-aspnet-version:
      - 4.0.30319
      x-content-type-options:
      - nosniff
      x-ms-keyvault-network-info:
      - addr=131.107.160.72;act_addr_fam=InterNetwork;
      x-ms-keyvault-region:
      - westus
      x-ms-keyvault-service-version:
      - 1.1.0.879
      x-powered-by:
      - ASP.NET
    status:
      code: 404
      message: Not Found
- request:
    body: null
    headers:
      Accept:
      - application/json
      Accept-Encoding:
      - gzip, deflate
      Connection:
      - keep-alive
      User-Agent:
      - azsdk-python-keyvault-secrets/4.0.0 Python/3.7.4 (Windows-10-10.0.18362-SP0)
    method: GET
    uri: https://vault458ad70cc7ab6c128e.vault.azure.net/deletedsecrets/secret3?api-version=7.0
  response:
    body:
      string: '{"error":{"code":"SecretNotFound","message":"Deleted Secret not found:
        secret3"}}'
    headers:
      cache-control:
      - no-cache
      content-length:
      - '81'
      content-type:
      - application/json; charset=utf-8
      date:
      - Thu, 31 Oct 2019 18:30:36 GMT
      expires:
      - '-1'
      pragma:
      - no-cache
      server:
      - Microsoft-IIS/10.0
      strict-transport-security:
      - max-age=31536000;includeSubDomains
      x-aspnet-version:
      - 4.0.30319
      x-content-type-options:
      - nosniff
      x-ms-keyvault-network-info:
      - addr=131.107.160.72;act_addr_fam=InterNetwork;
      x-ms-keyvault-region:
      - westus
      x-ms-keyvault-service-version:
      - 1.1.0.879
      x-powered-by:
      - ASP.NET
    status:
      code: 404
      message: Not Found
- request:
    body: null
    headers:
      Accept:
      - application/json
      Accept-Encoding:
      - gzip, deflate
      Connection:
      - keep-alive
      User-Agent:
      - azsdk-python-keyvault-secrets/4.0.0 Python/3.7.4 (Windows-10-10.0.18362-SP0)
    method: GET
    uri: https://vault458ad70cc7ab6c128e.vault.azure.net/deletedsecrets/secret3?api-version=7.0
  response:
    body:
      string: '{"error":{"code":"SecretNotFound","message":"Deleted Secret not found:
        secret3"}}'
    headers:
      cache-control:
      - no-cache
      content-length:
      - '81'
      content-type:
      - application/json; charset=utf-8
      date:
      - Thu, 31 Oct 2019 18:30:38 GMT
      expires:
      - '-1'
      pragma:
      - no-cache
      server:
      - Microsoft-IIS/10.0
      strict-transport-security:
      - max-age=31536000;includeSubDomains
      x-aspnet-version:
      - 4.0.30319
      x-content-type-options:
      - nosniff
      x-ms-keyvault-network-info:
      - addr=131.107.160.72;act_addr_fam=InterNetwork;
      x-ms-keyvault-region:
      - westus
      x-ms-keyvault-service-version:
      - 1.1.0.879
      x-powered-by:
      - ASP.NET
    status:
      code: 404
      message: Not Found
- request:
    body: null
    headers:
      Accept:
      - application/json
      Accept-Encoding:
      - gzip, deflate
      Connection:
      - keep-alive
      User-Agent:
      - azsdk-python-keyvault-secrets/4.0.0 Python/3.7.4 (Windows-10-10.0.18362-SP0)
    method: GET
    uri: https://vault458ad70cc7ab6c128e.vault.azure.net/deletedsecrets/secret3?api-version=7.0
  response:
    body:
      string: '{"error":{"code":"SecretNotFound","message":"Deleted Secret not found:
        secret3"}}'
    headers:
      cache-control:
      - no-cache
      content-length:
      - '81'
      content-type:
      - application/json; charset=utf-8
      date:
      - Thu, 31 Oct 2019 18:30:40 GMT
      expires:
      - '-1'
      pragma:
      - no-cache
      server:
      - Microsoft-IIS/10.0
      strict-transport-security:
      - max-age=31536000;includeSubDomains
      x-aspnet-version:
      - 4.0.30319
      x-content-type-options:
      - nosniff
      x-ms-keyvault-network-info:
      - addr=131.107.160.72;act_addr_fam=InterNetwork;
      x-ms-keyvault-region:
      - westus
      x-ms-keyvault-service-version:
      - 1.1.0.879
      x-powered-by:
      - ASP.NET
    status:
      code: 404
      message: Not Found
- request:
    body: null
    headers:
      Accept:
      - application/json
      Accept-Encoding:
      - gzip, deflate
      Connection:
      - keep-alive
      User-Agent:
      - azsdk-python-keyvault-secrets/4.0.0 Python/3.7.4 (Windows-10-10.0.18362-SP0)
    method: GET
    uri: https://vault458ad70cc7ab6c128e.vault.azure.net/deletedsecrets/secret3?api-version=7.0
  response:
    body:
      string: '{"error":{"code":"SecretNotFound","message":"Deleted Secret not found:
        secret3"}}'
    headers:
      cache-control:
      - no-cache
      content-length:
      - '81'
      content-type:
      - application/json; charset=utf-8
      date:
      - Thu, 31 Oct 2019 18:30:42 GMT
      expires:
      - '-1'
      pragma:
      - no-cache
      server:
      - Microsoft-IIS/10.0
      strict-transport-security:
      - max-age=31536000;includeSubDomains
      x-aspnet-version:
      - 4.0.30319
      x-content-type-options:
      - nosniff
      x-ms-keyvault-network-info:
      - addr=131.107.160.72;act_addr_fam=InterNetwork;
      x-ms-keyvault-region:
      - westus
      x-ms-keyvault-service-version:
      - 1.1.0.879
      x-powered-by:
      - ASP.NET
    status:
      code: 404
      message: Not Found
- request:
    body: null
    headers:
      Accept:
      - application/json
      Accept-Encoding:
      - gzip, deflate
      Connection:
      - keep-alive
      User-Agent:
      - azsdk-python-keyvault-secrets/4.0.0 Python/3.7.4 (Windows-10-10.0.18362-SP0)
    method: GET
    uri: https://vault458ad70cc7ab6c128e.vault.azure.net/deletedsecrets/secret3?api-version=7.0
  response:
    body:
      string: '{"error":{"code":"SecretNotFound","message":"Deleted Secret not found:
        secret3"}}'
    headers:
      cache-control:
      - no-cache
      content-length:
      - '81'
      content-type:
      - application/json; charset=utf-8
      date:
      - Thu, 31 Oct 2019 18:30:44 GMT
      expires:
      - '-1'
      pragma:
      - no-cache
      server:
      - Microsoft-IIS/10.0
      strict-transport-security:
      - max-age=31536000;includeSubDomains
      x-aspnet-version:
      - 4.0.30319
      x-content-type-options:
      - nosniff
      x-ms-keyvault-network-info:
      - addr=131.107.160.72;act_addr_fam=InterNetwork;
      x-ms-keyvault-region:
      - westus
      x-ms-keyvault-service-version:
      - 1.1.0.879
      x-powered-by:
      - ASP.NET
    status:
      code: 404
      message: Not Found
- request:
    body: null
    headers:
      Accept:
      - application/json
      Accept-Encoding:
      - gzip, deflate
      Connection:
      - keep-alive
      User-Agent:
      - azsdk-python-keyvault-secrets/4.0.0 Python/3.7.4 (Windows-10-10.0.18362-SP0)
    method: GET
    uri: https://vault458ad70cc7ab6c128e.vault.azure.net/deletedsecrets/secret3?api-version=7.0
  response:
    body:
      string: '{"error":{"code":"SecretNotFound","message":"Deleted Secret not found:
        secret3"}}'
    headers:
      cache-control:
      - no-cache
      content-length:
      - '81'
      content-type:
      - application/json; charset=utf-8
      date:
      - Thu, 31 Oct 2019 18:30:46 GMT
      expires:
      - '-1'
      pragma:
      - no-cache
      server:
      - Microsoft-IIS/10.0
      strict-transport-security:
      - max-age=31536000;includeSubDomains
      x-aspnet-version:
      - 4.0.30319
      x-content-type-options:
      - nosniff
      x-ms-keyvault-network-info:
      - addr=131.107.160.72;act_addr_fam=InterNetwork;
      x-ms-keyvault-region:
      - westus
      x-ms-keyvault-service-version:
      - 1.1.0.879
      x-powered-by:
      - ASP.NET
    status:
      code: 404
      message: Not Found
- request:
    body: null
    headers:
      Accept:
      - application/json
      Accept-Encoding:
      - gzip, deflate
      Connection:
      - keep-alive
      User-Agent:
      - azsdk-python-keyvault-secrets/4.0.0 Python/3.7.4 (Windows-10-10.0.18362-SP0)
    method: GET
    uri: https://vault458ad70cc7ab6c128e.vault.azure.net/deletedsecrets/secret3?api-version=7.0
  response:
    body:
      string: '{"error":{"code":"SecretNotFound","message":"Deleted Secret not found:
        secret3"}}'
    headers:
      cache-control:
      - no-cache
      content-length:
      - '81'
      content-type:
      - application/json; charset=utf-8
      date:
      - Thu, 31 Oct 2019 18:30:48 GMT
      expires:
      - '-1'
      pragma:
      - no-cache
      server:
      - Microsoft-IIS/10.0
      strict-transport-security:
      - max-age=31536000;includeSubDomains
      x-aspnet-version:
      - 4.0.30319
      x-content-type-options:
      - nosniff
      x-ms-keyvault-network-info:
      - addr=131.107.160.72;act_addr_fam=InterNetwork;
      x-ms-keyvault-region:
      - westus
      x-ms-keyvault-service-version:
      - 1.1.0.879
      x-powered-by:
      - ASP.NET
    status:
      code: 404
      message: Not Found
- request:
    body: null
    headers:
      Accept:
      - application/json
      Accept-Encoding:
      - gzip, deflate
      Connection:
      - keep-alive
      User-Agent:
      - azsdk-python-keyvault-secrets/4.0.0 Python/3.7.4 (Windows-10-10.0.18362-SP0)
    method: GET
    uri: https://vault458ad70cc7ab6c128e.vault.azure.net/deletedsecrets/secret3?api-version=7.0
  response:
    body:
      string: '{"recoveryId":"https://vault458ad70cc7ab6c128e.vault.azure.net/deletedsecrets/secret3","deletedDate":1572546621,"scheduledPurgeDate":1580322621,"id":"https://vault458ad70cc7ab6c128e.vault.azure.net/secrets/secret3/92c460dcd2f14abfb66d1e9e5ab53baa","attributes":{"enabled":true,"created":1572546564,"updated":1572546564,"recoveryLevel":"Recoverable+Purgeable"}}'
    headers:
      cache-control:
      - no-cache
      content-length:
      - '360'
      content-type:
      - application/json; charset=utf-8
      date:
      - Thu, 31 Oct 2019 18:30:50 GMT
      expires:
      - '-1'
      pragma:
      - no-cache
      server:
      - Microsoft-IIS/10.0
      strict-transport-security:
      - max-age=31536000;includeSubDomains
      x-aspnet-version:
      - 4.0.30319
      x-content-type-options:
      - nosniff
      x-ms-keyvault-network-info:
      - addr=131.107.160.72;act_addr_fam=InterNetwork;
      x-ms-keyvault-region:
      - westus
      x-ms-keyvault-service-version:
      - 1.1.0.879
      x-powered-by:
      - ASP.NET
    status:
      code: 200
      message: OK
- request:
    body: null
    headers:
      Accept:
      - application/json
      Accept-Encoding:
      - gzip, deflate
      Connection:
      - keep-alive
      Content-Length:
      - '0'
      User-Agent:
      - azsdk-python-keyvault-secrets/4.0.0 Python/3.7.4 (Windows-10-10.0.18362-SP0)
    method: DELETE
    uri: https://vault458ad70cc7ab6c128e.vault.azure.net/secrets/secret4?api-version=7.0
  response:
    body:
      string: '{"recoveryId":"https://vault458ad70cc7ab6c128e.vault.azure.net/deletedsecrets/secret4","deletedDate":1572546653,"scheduledPurgeDate":1580322653,"id":"https://vault458ad70cc7ab6c128e.vault.azure.net/secrets/secret4/8a4daefb6f1b4feb8bca105a9060f028","attributes":{"enabled":true,"created":1572546564,"updated":1572546564,"recoveryLevel":"Recoverable+Purgeable"}}'
    headers:
      cache-control:
      - no-cache
      content-length:
      - '360'
      content-type:
      - application/json; charset=utf-8
      date:
      - Thu, 31 Oct 2019 18:30:52 GMT
      expires:
      - '-1'
      pragma:
      - no-cache
      server:
      - Microsoft-IIS/10.0
      strict-transport-security:
      - max-age=31536000;includeSubDomains
      x-aspnet-version:
      - 4.0.30319
      x-content-type-options:
      - nosniff
      x-ms-keyvault-network-info:
      - addr=131.107.160.72;act_addr_fam=InterNetwork;
      x-ms-keyvault-region:
      - westus
      x-ms-keyvault-service-version:
      - 1.1.0.879
      x-powered-by:
      - ASP.NET
    status:
      code: 200
      message: OK
- request:
    body: null
    headers:
      Accept:
      - application/json
      Accept-Encoding:
      - gzip, deflate
      Connection:
      - keep-alive
      User-Agent:
      - azsdk-python-keyvault-secrets/4.0.0 Python/3.7.4 (Windows-10-10.0.18362-SP0)
    method: GET
    uri: https://vault458ad70cc7ab6c128e.vault.azure.net/deletedsecrets/secret4?api-version=7.0
  response:
    body:
      string: '{"error":{"code":"SecretNotFound","message":"Deleted Secret not found:
        secret4"}}'
    headers:
      cache-control:
      - no-cache
      content-length:
      - '81'
      content-type:
      - application/json; charset=utf-8
      date:
      - Thu, 31 Oct 2019 18:30:52 GMT
      expires:
      - '-1'
      pragma:
      - no-cache
      server:
      - Microsoft-IIS/10.0
      strict-transport-security:
      - max-age=31536000;includeSubDomains
      x-aspnet-version:
      - 4.0.30319
      x-content-type-options:
      - nosniff
      x-ms-keyvault-network-info:
      - addr=131.107.160.72;act_addr_fam=InterNetwork;
      x-ms-keyvault-region:
      - westus
      x-ms-keyvault-service-version:
      - 1.1.0.879
      x-powered-by:
      - ASP.NET
    status:
      code: 404
      message: Not Found
- request:
    body: null
    headers:
      Accept:
      - application/json
      Accept-Encoding:
      - gzip, deflate
      Connection:
      - keep-alive
      User-Agent:
      - azsdk-python-keyvault-secrets/4.0.0 Python/3.7.4 (Windows-10-10.0.18362-SP0)
    method: GET
    uri: https://vault458ad70cc7ab6c128e.vault.azure.net/deletedsecrets/secret4?api-version=7.0
  response:
    body:
      string: '{"error":{"code":"SecretNotFound","message":"Deleted Secret not found:
        secret4"}}'
    headers:
      cache-control:
      - no-cache
      content-length:
      - '81'
      content-type:
      - application/json; charset=utf-8
      date:
      - Thu, 31 Oct 2019 18:30:55 GMT
      expires:
      - '-1'
      pragma:
      - no-cache
      server:
      - Microsoft-IIS/10.0
      strict-transport-security:
      - max-age=31536000;includeSubDomains
      x-aspnet-version:
      - 4.0.30319
      x-content-type-options:
      - nosniff
      x-ms-keyvault-network-info:
      - addr=131.107.160.72;act_addr_fam=InterNetwork;
      x-ms-keyvault-region:
      - westus
      x-ms-keyvault-service-version:
      - 1.1.0.879
      x-powered-by:
      - ASP.NET
    status:
      code: 404
      message: Not Found
- request:
    body: null
    headers:
      Accept:
      - application/json
      Accept-Encoding:
      - gzip, deflate
      Connection:
      - keep-alive
      User-Agent:
      - azsdk-python-keyvault-secrets/4.0.0 Python/3.7.4 (Windows-10-10.0.18362-SP0)
    method: GET
    uri: https://vault458ad70cc7ab6c128e.vault.azure.net/deletedsecrets/secret4?api-version=7.0
  response:
    body:
      string: '{"error":{"code":"SecretNotFound","message":"Deleted Secret not found:
        secret4"}}'
    headers:
      cache-control:
      - no-cache
      content-length:
      - '81'
      content-type:
      - application/json; charset=utf-8
      date:
      - Thu, 31 Oct 2019 18:30:57 GMT
      expires:
      - '-1'
      pragma:
      - no-cache
      server:
      - Microsoft-IIS/10.0
      strict-transport-security:
      - max-age=31536000;includeSubDomains
      x-aspnet-version:
      - 4.0.30319
      x-content-type-options:
      - nosniff
      x-ms-keyvault-network-info:
      - addr=131.107.160.72;act_addr_fam=InterNetwork;
      x-ms-keyvault-region:
      - westus
      x-ms-keyvault-service-version:
      - 1.1.0.879
      x-powered-by:
      - ASP.NET
    status:
      code: 404
      message: Not Found
- request:
    body: null
    headers:
      Accept:
      - application/json
      Accept-Encoding:
      - gzip, deflate
      Connection:
      - keep-alive
      User-Agent:
      - azsdk-python-keyvault-secrets/4.0.0 Python/3.7.4 (Windows-10-10.0.18362-SP0)
    method: GET
    uri: https://vault458ad70cc7ab6c128e.vault.azure.net/deletedsecrets/secret4?api-version=7.0
  response:
    body:
      string: '{"error":{"code":"SecretNotFound","message":"Deleted Secret not found:
        secret4"}}'
    headers:
      cache-control:
      - no-cache
      content-length:
      - '81'
      content-type:
      - application/json; charset=utf-8
      date:
      - Thu, 31 Oct 2019 18:30:59 GMT
      expires:
      - '-1'
      pragma:
      - no-cache
      server:
      - Microsoft-IIS/10.0
      strict-transport-security:
      - max-age=31536000;includeSubDomains
      x-aspnet-version:
      - 4.0.30319
      x-content-type-options:
      - nosniff
      x-ms-keyvault-network-info:
      - addr=131.107.160.72;act_addr_fam=InterNetwork;
      x-ms-keyvault-region:
      - westus
      x-ms-keyvault-service-version:
      - 1.1.0.879
      x-powered-by:
      - ASP.NET
    status:
      code: 404
      message: Not Found
- request:
    body: null
    headers:
      Accept:
      - application/json
      Accept-Encoding:
      - gzip, deflate
      Connection:
      - keep-alive
      User-Agent:
      - azsdk-python-keyvault-secrets/4.0.0 Python/3.7.4 (Windows-10-10.0.18362-SP0)
    method: GET
    uri: https://vault458ad70cc7ab6c128e.vault.azure.net/deletedsecrets/secret4?api-version=7.0
  response:
    body:
      string: '{"recoveryId":"https://vault458ad70cc7ab6c128e.vault.azure.net/deletedsecrets/secret4","deletedDate":1572546653,"scheduledPurgeDate":1580322653,"id":"https://vault458ad70cc7ab6c128e.vault.azure.net/secrets/secret4/8a4daefb6f1b4feb8bca105a9060f028","attributes":{"enabled":true,"created":1572546564,"updated":1572546564,"recoveryLevel":"Recoverable+Purgeable"}}'
    headers:
      cache-control:
      - no-cache
      content-length:
      - '360'
      content-type:
      - application/json; charset=utf-8
      date:
      - Thu, 31 Oct 2019 18:31:01 GMT
      expires:
      - '-1'
      pragma:
      - no-cache
      server:
      - Microsoft-IIS/10.0
      strict-transport-security:
      - max-age=31536000;includeSubDomains
      x-aspnet-version:
      - 4.0.30319
      x-content-type-options:
      - nosniff
      x-ms-keyvault-network-info:
      - addr=131.107.160.72;act_addr_fam=InterNetwork;
      x-ms-keyvault-region:
      - westus
      x-ms-keyvault-service-version:
      - 1.1.0.879
      x-powered-by:
      - ASP.NET
    status:
      code: 200
      message: OK
- request:
    body: null
    headers:
      Accept:
      - application/json
      Accept-Encoding:
      - gzip, deflate
      Connection:
      - keep-alive
      Content-Length:
      - '0'
      User-Agent:
      - azsdk-python-keyvault-secrets/4.0.0 Python/3.7.4 (Windows-10-10.0.18362-SP0)
    method: DELETE
    uri: https://vault458ad70cc7ab6c128e.vault.azure.net/secrets/secret5?api-version=7.0
  response:
    body:
      string: '{"recoveryId":"https://vault458ad70cc7ab6c128e.vault.azure.net/deletedsecrets/secret5","deletedDate":1572546663,"scheduledPurgeDate":1580322663,"id":"https://vault458ad70cc7ab6c128e.vault.azure.net/secrets/secret5/47d015eadb714ddab0adaa561c1b7bc3","attributes":{"enabled":true,"created":1572546564,"updated":1572546564,"recoveryLevel":"Recoverable+Purgeable"}}'
    headers:
      cache-control:
      - no-cache
      content-length:
      - '360'
      content-type:
      - application/json; charset=utf-8
      date:
      - Thu, 31 Oct 2019 18:31:03 GMT
      expires:
      - '-1'
      pragma:
      - no-cache
      server:
      - Microsoft-IIS/10.0
      strict-transport-security:
      - max-age=31536000;includeSubDomains
      x-aspnet-version:
      - 4.0.30319
      x-content-type-options:
      - nosniff
      x-ms-keyvault-network-info:
      - addr=131.107.160.72;act_addr_fam=InterNetwork;
      x-ms-keyvault-region:
      - westus
      x-ms-keyvault-service-version:
      - 1.1.0.879
      x-powered-by:
      - ASP.NET
    status:
      code: 200
      message: OK
- request:
    body: null
    headers:
      Accept:
      - application/json
      Accept-Encoding:
      - gzip, deflate
      Connection:
      - keep-alive
      User-Agent:
      - azsdk-python-keyvault-secrets/4.0.0 Python/3.7.4 (Windows-10-10.0.18362-SP0)
    method: GET
    uri: https://vault458ad70cc7ab6c128e.vault.azure.net/deletedsecrets/secret5?api-version=7.0
  response:
    body:
      string: '{"error":{"code":"SecretNotFound","message":"Deleted Secret not found:
        secret5"}}'
    headers:
      cache-control:
      - no-cache
      content-length:
      - '81'
      content-type:
      - application/json; charset=utf-8
      date:
      - Thu, 31 Oct 2019 18:31:03 GMT
      expires:
      - '-1'
      pragma:
      - no-cache
      server:
      - Microsoft-IIS/10.0
      strict-transport-security:
      - max-age=31536000;includeSubDomains
      x-aspnet-version:
      - 4.0.30319
      x-content-type-options:
      - nosniff
      x-ms-keyvault-network-info:
      - addr=131.107.160.72;act_addr_fam=InterNetwork;
      x-ms-keyvault-region:
      - westus
      x-ms-keyvault-service-version:
      - 1.1.0.879
      x-powered-by:
      - ASP.NET
    status:
      code: 404
      message: Not Found
- request:
    body: null
    headers:
      Accept:
      - application/json
      Accept-Encoding:
      - gzip, deflate
      Connection:
      - keep-alive
      User-Agent:
      - azsdk-python-keyvault-secrets/4.0.0 Python/3.7.4 (Windows-10-10.0.18362-SP0)
    method: GET
    uri: https://vault458ad70cc7ab6c128e.vault.azure.net/deletedsecrets/secret5?api-version=7.0
  response:
    body:
      string: '{"error":{"code":"SecretNotFound","message":"Deleted Secret not found:
        secret5"}}'
    headers:
      cache-control:
      - no-cache
      content-length:
      - '81'
      content-type:
      - application/json; charset=utf-8
      date:
      - Thu, 31 Oct 2019 18:31:05 GMT
      expires:
      - '-1'
      pragma:
      - no-cache
      server:
      - Microsoft-IIS/10.0
      strict-transport-security:
      - max-age=31536000;includeSubDomains
      x-aspnet-version:
      - 4.0.30319
      x-content-type-options:
      - nosniff
      x-ms-keyvault-network-info:
      - addr=131.107.160.72;act_addr_fam=InterNetwork;
      x-ms-keyvault-region:
      - westus
      x-ms-keyvault-service-version:
      - 1.1.0.879
      x-powered-by:
      - ASP.NET
    status:
      code: 404
      message: Not Found
- request:
    body: null
    headers:
      Accept:
      - application/json
      Accept-Encoding:
      - gzip, deflate
      Connection:
      - keep-alive
      User-Agent:
      - azsdk-python-keyvault-secrets/4.0.0 Python/3.7.4 (Windows-10-10.0.18362-SP0)
    method: GET
    uri: https://vault458ad70cc7ab6c128e.vault.azure.net/deletedsecrets/secret5?api-version=7.0
  response:
    body:
      string: '{"error":{"code":"SecretNotFound","message":"Deleted Secret not found:
        secret5"}}'
    headers:
      cache-control:
      - no-cache
      content-length:
      - '81'
      content-type:
      - application/json; charset=utf-8
      date:
      - Thu, 31 Oct 2019 18:31:07 GMT
      expires:
      - '-1'
      pragma:
      - no-cache
      server:
      - Microsoft-IIS/10.0
      strict-transport-security:
      - max-age=31536000;includeSubDomains
      x-aspnet-version:
      - 4.0.30319
      x-content-type-options:
      - nosniff
      x-ms-keyvault-network-info:
      - addr=131.107.160.72;act_addr_fam=InterNetwork;
      x-ms-keyvault-region:
      - westus
      x-ms-keyvault-service-version:
      - 1.1.0.879
      x-powered-by:
      - ASP.NET
    status:
      code: 404
      message: Not Found
- request:
    body: null
    headers:
      Accept:
      - application/json
      Accept-Encoding:
      - gzip, deflate
      Connection:
      - keep-alive
      User-Agent:
      - azsdk-python-keyvault-secrets/4.0.0 Python/3.7.4 (Windows-10-10.0.18362-SP0)
    method: GET
    uri: https://vault458ad70cc7ab6c128e.vault.azure.net/deletedsecrets/secret5?api-version=7.0
  response:
    body:
      string: '{"error":{"code":"SecretNotFound","message":"Deleted Secret not found:
        secret5"}}'
    headers:
      cache-control:
      - no-cache
      content-length:
      - '81'
      content-type:
      - application/json; charset=utf-8
      date:
      - Thu, 31 Oct 2019 18:31:09 GMT
      expires:
      - '-1'
      pragma:
      - no-cache
      server:
      - Microsoft-IIS/10.0
      strict-transport-security:
      - max-age=31536000;includeSubDomains
      x-aspnet-version:
      - 4.0.30319
      x-content-type-options:
      - nosniff
      x-ms-keyvault-network-info:
      - addr=131.107.160.72;act_addr_fam=InterNetwork;
      x-ms-keyvault-region:
      - westus
      x-ms-keyvault-service-version:
      - 1.1.0.879
      x-powered-by:
      - ASP.NET
    status:
      code: 404
      message: Not Found
- request:
    body: null
    headers:
      Accept:
      - application/json
      Accept-Encoding:
      - gzip, deflate
      Connection:
      - keep-alive
      User-Agent:
      - azsdk-python-keyvault-secrets/4.0.0 Python/3.7.4 (Windows-10-10.0.18362-SP0)
    method: GET
    uri: https://vault458ad70cc7ab6c128e.vault.azure.net/deletedsecrets/secret5?api-version=7.0
  response:
    body:
      string: '{"error":{"code":"SecretNotFound","message":"Deleted Secret not found:
        secret5"}}'
    headers:
      cache-control:
      - no-cache
      content-length:
      - '81'
      content-type:
      - application/json; charset=utf-8
      date:
      - Thu, 31 Oct 2019 18:31:11 GMT
      expires:
      - '-1'
      pragma:
      - no-cache
      server:
      - Microsoft-IIS/10.0
      strict-transport-security:
      - max-age=31536000;includeSubDomains
      x-aspnet-version:
      - 4.0.30319
      x-content-type-options:
      - nosniff
      x-ms-keyvault-network-info:
      - addr=131.107.160.72;act_addr_fam=InterNetwork;
      x-ms-keyvault-region:
      - westus
      x-ms-keyvault-service-version:
      - 1.1.0.879
      x-powered-by:
      - ASP.NET
    status:
      code: 404
      message: Not Found
- request:
    body: null
    headers:
      Accept:
      - application/json
      Accept-Encoding:
      - gzip, deflate
      Connection:
      - keep-alive
      User-Agent:
      - azsdk-python-keyvault-secrets/4.0.0 Python/3.7.4 (Windows-10-10.0.18362-SP0)
    method: GET
    uri: https://vault458ad70cc7ab6c128e.vault.azure.net/deletedsecrets/secret5?api-version=7.0
  response:
    body:
      string: '{"error":{"code":"SecretNotFound","message":"Deleted Secret not found:
        secret5"}}'
    headers:
      cache-control:
      - no-cache
      content-length:
      - '81'
      content-type:
      - application/json; charset=utf-8
      date:
      - Thu, 31 Oct 2019 18:31:13 GMT
      expires:
      - '-1'
      pragma:
      - no-cache
      server:
      - Microsoft-IIS/10.0
      strict-transport-security:
      - max-age=31536000;includeSubDomains
      x-aspnet-version:
      - 4.0.30319
      x-content-type-options:
      - nosniff
      x-ms-keyvault-network-info:
      - addr=131.107.160.72;act_addr_fam=InterNetwork;
      x-ms-keyvault-region:
      - westus
      x-ms-keyvault-service-version:
      - 1.1.0.879
      x-powered-by:
      - ASP.NET
    status:
      code: 404
      message: Not Found
- request:
    body: null
    headers:
      Accept:
      - application/json
      Accept-Encoding:
      - gzip, deflate
      Connection:
      - keep-alive
      User-Agent:
      - azsdk-python-keyvault-secrets/4.0.0 Python/3.7.4 (Windows-10-10.0.18362-SP0)
    method: GET
    uri: https://vault458ad70cc7ab6c128e.vault.azure.net/deletedsecrets/secret5?api-version=7.0
  response:
    body:
      string: '{"error":{"code":"SecretNotFound","message":"Deleted Secret not found:
        secret5"}}'
    headers:
      cache-control:
      - no-cache
      content-length:
      - '81'
      content-type:
      - application/json; charset=utf-8
      date:
      - Thu, 31 Oct 2019 18:31:15 GMT
      expires:
      - '-1'
      pragma:
      - no-cache
      server:
      - Microsoft-IIS/10.0
      strict-transport-security:
      - max-age=31536000;includeSubDomains
      x-aspnet-version:
      - 4.0.30319
      x-content-type-options:
      - nosniff
      x-ms-keyvault-network-info:
      - addr=131.107.160.72;act_addr_fam=InterNetwork;
      x-ms-keyvault-region:
      - westus
      x-ms-keyvault-service-version:
      - 1.1.0.879
      x-powered-by:
      - ASP.NET
    status:
      code: 404
      message: Not Found
- request:
    body: null
    headers:
      Accept:
      - application/json
      Accept-Encoding:
      - gzip, deflate
      Connection:
      - keep-alive
      User-Agent:
      - azsdk-python-keyvault-secrets/4.0.0 Python/3.7.4 (Windows-10-10.0.18362-SP0)
    method: GET
    uri: https://vault458ad70cc7ab6c128e.vault.azure.net/deletedsecrets/secret5?api-version=7.0
  response:
    body:
      string: '{"error":{"code":"SecretNotFound","message":"Deleted Secret not found:
        secret5"}}'
    headers:
      cache-control:
      - no-cache
      content-length:
      - '81'
      content-type:
      - application/json; charset=utf-8
      date:
      - Thu, 31 Oct 2019 18:31:17 GMT
      expires:
      - '-1'
      pragma:
      - no-cache
      server:
      - Microsoft-IIS/10.0
      strict-transport-security:
      - max-age=31536000;includeSubDomains
      x-aspnet-version:
      - 4.0.30319
      x-content-type-options:
      - nosniff
      x-ms-keyvault-network-info:
      - addr=131.107.160.72;act_addr_fam=InterNetwork;
      x-ms-keyvault-region:
      - westus
      x-ms-keyvault-service-version:
      - 1.1.0.879
      x-powered-by:
      - ASP.NET
    status:
      code: 404
      message: Not Found
- request:
    body: null
    headers:
      Accept:
      - application/json
      Accept-Encoding:
      - gzip, deflate
      Connection:
      - keep-alive
      User-Agent:
      - azsdk-python-keyvault-secrets/4.0.0 Python/3.7.4 (Windows-10-10.0.18362-SP0)
    method: GET
    uri: https://vault458ad70cc7ab6c128e.vault.azure.net/deletedsecrets/secret5?api-version=7.0
  response:
    body:
      string: '{"recoveryId":"https://vault458ad70cc7ab6c128e.vault.azure.net/deletedsecrets/secret5","deletedDate":1572546663,"scheduledPurgeDate":1580322663,"id":"https://vault458ad70cc7ab6c128e.vault.azure.net/secrets/secret5/47d015eadb714ddab0adaa561c1b7bc3","attributes":{"enabled":true,"created":1572546564,"updated":1572546564,"recoveryLevel":"Recoverable+Purgeable"}}'
    headers:
      cache-control:
      - no-cache
      content-length:
      - '360'
      content-type:
      - application/json; charset=utf-8
      date:
      - Thu, 31 Oct 2019 18:31:19 GMT
      expires:
      - '-1'
      pragma:
      - no-cache
      server:
      - Microsoft-IIS/10.0
      strict-transport-security:
      - max-age=31536000;includeSubDomains
      x-aspnet-version:
      - 4.0.30319
      x-content-type-options:
      - nosniff
      x-ms-keyvault-network-info:
      - addr=131.107.160.72;act_addr_fam=InterNetwork;
      x-ms-keyvault-region:
      - westus
      x-ms-keyvault-service-version:
      - 1.1.0.879
      x-powered-by:
      - ASP.NET
    status:
      code: 200
      message: OK
- request:
    body: null
    headers:
      Accept:
      - application/json
      Accept-Encoding:
      - gzip, deflate
      Connection:
      - keep-alive
      Content-Length:
      - '0'
      User-Agent:
      - azsdk-python-keyvault-secrets/4.0.0 Python/3.7.4 (Windows-10-10.0.18362-SP0)
    method: DELETE
    uri: https://vault458ad70cc7ab6c128e.vault.azure.net/secrets/secret6?api-version=7.0
  response:
    body:
      string: '{"recoveryId":"https://vault458ad70cc7ab6c128e.vault.azure.net/deletedsecrets/secret6","deletedDate":1572546682,"scheduledPurgeDate":1580322682,"id":"https://vault458ad70cc7ab6c128e.vault.azure.net/secrets/secret6/ac1b945d15f74a158d13b7d69e178eca","attributes":{"enabled":true,"created":1572546564,"updated":1572546564,"recoveryLevel":"Recoverable+Purgeable"}}'
    headers:
      cache-control:
      - no-cache
      content-length:
      - '360'
      content-type:
      - application/json; charset=utf-8
      date:
      - Thu, 31 Oct 2019 18:31:21 GMT
      expires:
      - '-1'
      pragma:
      - no-cache
      server:
      - Microsoft-IIS/10.0
      strict-transport-security:
      - max-age=31536000;includeSubDomains
      x-aspnet-version:
      - 4.0.30319
      x-content-type-options:
      - nosniff
      x-ms-keyvault-network-info:
      - addr=131.107.160.72;act_addr_fam=InterNetwork;
      x-ms-keyvault-region:
      - westus
      x-ms-keyvault-service-version:
      - 1.1.0.879
      x-powered-by:
      - ASP.NET
    status:
      code: 200
      message: OK
- request:
    body: null
    headers:
      Accept:
      - application/json
      Accept-Encoding:
      - gzip, deflate
      Connection:
      - keep-alive
      User-Agent:
      - azsdk-python-keyvault-secrets/4.0.0 Python/3.7.4 (Windows-10-10.0.18362-SP0)
    method: GET
    uri: https://vault458ad70cc7ab6c128e.vault.azure.net/deletedsecrets/secret6?api-version=7.0
  response:
    body:
      string: '{"error":{"code":"SecretNotFound","message":"Deleted Secret not found:
        secret6"}}'
    headers:
      cache-control:
      - no-cache
      content-length:
      - '81'
      content-type:
      - application/json; charset=utf-8
      date:
      - Thu, 31 Oct 2019 18:31:21 GMT
      expires:
      - '-1'
      pragma:
      - no-cache
      server:
      - Microsoft-IIS/10.0
      strict-transport-security:
      - max-age=31536000;includeSubDomains
      x-aspnet-version:
      - 4.0.30319
      x-content-type-options:
      - nosniff
      x-ms-keyvault-network-info:
      - addr=131.107.160.72;act_addr_fam=InterNetwork;
      x-ms-keyvault-region:
      - westus
      x-ms-keyvault-service-version:
      - 1.1.0.879
      x-powered-by:
      - ASP.NET
    status:
      code: 404
      message: Not Found
- request:
    body: null
    headers:
      Accept:
      - application/json
      Accept-Encoding:
      - gzip, deflate
      Connection:
      - keep-alive
      User-Agent:
      - azsdk-python-keyvault-secrets/4.0.0 Python/3.7.4 (Windows-10-10.0.18362-SP0)
    method: GET
    uri: https://vault458ad70cc7ab6c128e.vault.azure.net/deletedsecrets/secret6?api-version=7.0
  response:
    body:
      string: '{"error":{"code":"SecretNotFound","message":"Deleted Secret not found:
        secret6"}}'
    headers:
      cache-control:
      - no-cache
      content-length:
      - '81'
      content-type:
      - application/json; charset=utf-8
      date:
      - Thu, 31 Oct 2019 18:31:24 GMT
      expires:
      - '-1'
      pragma:
      - no-cache
      server:
      - Microsoft-IIS/10.0
      strict-transport-security:
      - max-age=31536000;includeSubDomains
      x-aspnet-version:
      - 4.0.30319
      x-content-type-options:
      - nosniff
      x-ms-keyvault-network-info:
      - addr=131.107.160.72;act_addr_fam=InterNetwork;
      x-ms-keyvault-region:
      - westus
      x-ms-keyvault-service-version:
      - 1.1.0.879
      x-powered-by:
      - ASP.NET
    status:
      code: 404
      message: Not Found
- request:
    body: null
    headers:
      Accept:
      - application/json
      Accept-Encoding:
      - gzip, deflate
      Connection:
      - keep-alive
      User-Agent:
      - azsdk-python-keyvault-secrets/4.0.0 Python/3.7.4 (Windows-10-10.0.18362-SP0)
    method: GET
    uri: https://vault458ad70cc7ab6c128e.vault.azure.net/deletedsecrets/secret6?api-version=7.0
  response:
    body:
      string: '{"error":{"code":"SecretNotFound","message":"Deleted Secret not found:
        secret6"}}'
    headers:
      cache-control:
      - no-cache
      content-length:
      - '81'
      content-type:
      - application/json; charset=utf-8
      date:
      - Thu, 31 Oct 2019 18:31:27 GMT
      expires:
      - '-1'
      pragma:
      - no-cache
      server:
      - Microsoft-IIS/10.0
      strict-transport-security:
      - max-age=31536000;includeSubDomains
      x-aspnet-version:
      - 4.0.30319
      x-content-type-options:
      - nosniff
      x-ms-keyvault-network-info:
      - addr=131.107.160.72;act_addr_fam=InterNetwork;
      x-ms-keyvault-region:
      - westus
      x-ms-keyvault-service-version:
      - 1.1.0.879
      x-powered-by:
      - ASP.NET
    status:
      code: 404
      message: Not Found
- request:
    body: null
    headers:
      Accept:
      - application/json
      Accept-Encoding:
      - gzip, deflate
      Connection:
      - keep-alive
      User-Agent:
      - azsdk-python-keyvault-secrets/4.0.0 Python/3.7.4 (Windows-10-10.0.18362-SP0)
    method: GET
    uri: https://vault458ad70cc7ab6c128e.vault.azure.net/deletedsecrets/secret6?api-version=7.0
  response:
    body:
      string: '{"error":{"code":"SecretNotFound","message":"Deleted Secret not found:
        secret6"}}'
    headers:
      cache-control:
      - no-cache
      content-length:
      - '81'
      content-type:
      - application/json; charset=utf-8
      date:
      - Thu, 31 Oct 2019 18:31:29 GMT
      expires:
      - '-1'
      pragma:
      - no-cache
      server:
      - Microsoft-IIS/10.0
      strict-transport-security:
      - max-age=31536000;includeSubDomains
      x-aspnet-version:
      - 4.0.30319
      x-content-type-options:
      - nosniff
      x-ms-keyvault-network-info:
      - addr=131.107.160.72;act_addr_fam=InterNetwork;
      x-ms-keyvault-region:
      - westus
      x-ms-keyvault-service-version:
      - 1.1.0.879
      x-powered-by:
      - ASP.NET
    status:
      code: 404
      message: Not Found
- request:
    body: null
    headers:
      Accept:
      - application/json
      Accept-Encoding:
      - gzip, deflate
      Connection:
      - keep-alive
      User-Agent:
      - azsdk-python-keyvault-secrets/4.0.0 Python/3.7.4 (Windows-10-10.0.18362-SP0)
    method: GET
    uri: https://vault458ad70cc7ab6c128e.vault.azure.net/deletedsecrets/secret6?api-version=7.0
  response:
    body:
      string: '{"error":{"code":"SecretNotFound","message":"Deleted Secret not found:
        secret6"}}'
    headers:
      cache-control:
      - no-cache
      content-length:
      - '81'
      content-type:
      - application/json; charset=utf-8
      date:
      - Thu, 31 Oct 2019 18:31:31 GMT
      expires:
      - '-1'
      pragma:
      - no-cache
      server:
      - Microsoft-IIS/10.0
      strict-transport-security:
      - max-age=31536000;includeSubDomains
      x-aspnet-version:
      - 4.0.30319
      x-content-type-options:
      - nosniff
      x-ms-keyvault-network-info:
      - addr=131.107.160.72;act_addr_fam=InterNetwork;
      x-ms-keyvault-region:
      - westus
      x-ms-keyvault-service-version:
      - 1.1.0.879
      x-powered-by:
      - ASP.NET
    status:
      code: 404
      message: Not Found
- request:
    body: null
    headers:
      Accept:
      - application/json
      Accept-Encoding:
      - gzip, deflate
      Connection:
      - keep-alive
      User-Agent:
      - azsdk-python-keyvault-secrets/4.0.0 Python/3.7.4 (Windows-10-10.0.18362-SP0)
    method: GET
    uri: https://vault458ad70cc7ab6c128e.vault.azure.net/deletedsecrets/secret6?api-version=7.0
  response:
    body:
      string: '{"error":{"code":"SecretNotFound","message":"Deleted Secret not found:
        secret6"}}'
    headers:
      cache-control:
      - no-cache
      content-length:
      - '81'
      content-type:
      - application/json; charset=utf-8
      date:
      - Thu, 31 Oct 2019 18:31:33 GMT
      expires:
      - '-1'
      pragma:
      - no-cache
      server:
      - Microsoft-IIS/10.0
      strict-transport-security:
      - max-age=31536000;includeSubDomains
      x-aspnet-version:
      - 4.0.30319
      x-content-type-options:
      - nosniff
      x-ms-keyvault-network-info:
      - addr=131.107.160.72;act_addr_fam=InterNetwork;
      x-ms-keyvault-region:
      - westus
      x-ms-keyvault-service-version:
      - 1.1.0.879
      x-powered-by:
      - ASP.NET
    status:
      code: 404
      message: Not Found
- request:
    body: null
    headers:
      Accept:
      - application/json
      Accept-Encoding:
      - gzip, deflate
      Connection:
      - keep-alive
      User-Agent:
      - azsdk-python-keyvault-secrets/4.0.0 Python/3.7.4 (Windows-10-10.0.18362-SP0)
    method: GET
    uri: https://vault458ad70cc7ab6c128e.vault.azure.net/deletedsecrets/secret6?api-version=7.0
  response:
    body:
      string: '{"error":{"code":"SecretNotFound","message":"Deleted Secret not found:
        secret6"}}'
    headers:
      cache-control:
      - no-cache
      content-length:
      - '81'
      content-type:
      - application/json; charset=utf-8
      date:
      - Thu, 31 Oct 2019 18:31:35 GMT
      expires:
      - '-1'
      pragma:
      - no-cache
      server:
      - Microsoft-IIS/10.0
      strict-transport-security:
      - max-age=31536000;includeSubDomains
      x-aspnet-version:
      - 4.0.30319
      x-content-type-options:
      - nosniff
      x-ms-keyvault-network-info:
      - addr=131.107.160.72;act_addr_fam=InterNetwork;
      x-ms-keyvault-region:
      - westus
      x-ms-keyvault-service-version:
      - 1.1.0.879
      x-powered-by:
      - ASP.NET
    status:
      code: 404
      message: Not Found
- request:
    body: null
    headers:
      Accept:
      - application/json
      Accept-Encoding:
      - gzip, deflate
      Connection:
      - keep-alive
      User-Agent:
      - azsdk-python-keyvault-secrets/4.0.0 Python/3.7.4 (Windows-10-10.0.18362-SP0)
    method: GET
    uri: https://vault458ad70cc7ab6c128e.vault.azure.net/deletedsecrets/secret6?api-version=7.0
  response:
    body:
      string: '{"error":{"code":"SecretNotFound","message":"Deleted Secret not found:
        secret6"}}'
    headers:
      cache-control:
      - no-cache
      content-length:
      - '81'
      content-type:
      - application/json; charset=utf-8
      date:
      - Thu, 31 Oct 2019 18:31:37 GMT
      expires:
      - '-1'
      pragma:
      - no-cache
      server:
      - Microsoft-IIS/10.0
      strict-transport-security:
      - max-age=31536000;includeSubDomains
      x-aspnet-version:
      - 4.0.30319
      x-content-type-options:
      - nosniff
      x-ms-keyvault-network-info:
      - addr=131.107.160.72;act_addr_fam=InterNetwork;
      x-ms-keyvault-region:
      - westus
      x-ms-keyvault-service-version:
      - 1.1.0.879
      x-powered-by:
      - ASP.NET
    status:
      code: 404
      message: Not Found
- request:
    body: null
    headers:
      Accept:
      - application/json
      Accept-Encoding:
      - gzip, deflate
      Connection:
      - keep-alive
      User-Agent:
      - azsdk-python-keyvault-secrets/4.0.0 Python/3.7.4 (Windows-10-10.0.18362-SP0)
    method: GET
    uri: https://vault458ad70cc7ab6c128e.vault.azure.net/deletedsecrets/secret6?api-version=7.0
  response:
    body:
      string: '{"recoveryId":"https://vault458ad70cc7ab6c128e.vault.azure.net/deletedsecrets/secret6","deletedDate":1572546682,"scheduledPurgeDate":1580322682,"id":"https://vault458ad70cc7ab6c128e.vault.azure.net/secrets/secret6/ac1b945d15f74a158d13b7d69e178eca","attributes":{"enabled":true,"created":1572546564,"updated":1572546564,"recoveryLevel":"Recoverable+Purgeable"}}'
    headers:
      cache-control:
      - no-cache
      content-length:
      - '360'
      content-type:
      - application/json; charset=utf-8
      date:
      - Thu, 31 Oct 2019 18:31:39 GMT
      expires:
      - '-1'
      pragma:
      - no-cache
      server:
      - Microsoft-IIS/10.0
      strict-transport-security:
      - max-age=31536000;includeSubDomains
      x-aspnet-version:
      - 4.0.30319
      x-content-type-options:
      - nosniff
      x-ms-keyvault-network-info:
      - addr=131.107.160.72;act_addr_fam=InterNetwork;
      x-ms-keyvault-region:
      - westus
      x-ms-keyvault-service-version:
      - 1.1.0.879
      x-powered-by:
      - ASP.NET
    status:
      code: 200
      message: OK
- request:
    body: null
    headers:
      Accept:
      - application/json
      Accept-Encoding:
      - gzip, deflate
      Connection:
      - keep-alive
      User-Agent:
      - azsdk-python-keyvault-secrets/4.0.0 Python/3.7.4 (Windows-10-10.0.18362-SP0)
    method: GET
    uri: https://vault458ad70cc7ab6c128e.vault.azure.net/deletedsecrets?api-version=7.0
  response:
    body:
      string: '{"value":[{"recoveryId":"https://vault458ad70cc7ab6c128e.vault.azure.net/deletedsecrets/secret0","deletedDate":1572546565,"scheduledPurgeDate":1580322565,"id":"https://vault458ad70cc7ab6c128e.vault.azure.net/secrets/secret0","attributes":{"enabled":true,"created":1572546564,"updated":1572546564,"recoveryLevel":"Recoverable+Purgeable"}},{"recoveryId":"https://vault458ad70cc7ab6c128e.vault.azure.net/deletedsecrets/secret1","deletedDate":1572546587,"scheduledPurgeDate":1580322587,"id":"https://vault458ad70cc7ab6c128e.vault.azure.net/secrets/secret1","attributes":{"enabled":true,"created":1572546564,"updated":1572546564,"recoveryLevel":"Recoverable+Purgeable"}},{"recoveryId":"https://vault458ad70cc7ab6c128e.vault.azure.net/deletedsecrets/secret2","deletedDate":1572546604,"scheduledPurgeDate":1580322604,"id":"https://vault458ad70cc7ab6c128e.vault.azure.net/secrets/secret2","attributes":{"enabled":true,"created":1572546564,"updated":1572546564,"recoveryLevel":"Recoverable+Purgeable"}},{"recoveryId":"https://vault458ad70cc7ab6c128e.vault.azure.net/deletedsecrets/secret3","deletedDate":1572546621,"scheduledPurgeDate":1580322621,"id":"https://vault458ad70cc7ab6c128e.vault.azure.net/secrets/secret3","attributes":{"enabled":true,"created":1572546564,"updated":1572546564,"recoveryLevel":"Recoverable+Purgeable"}},{"recoveryId":"https://vault458ad70cc7ab6c128e.vault.azure.net/deletedsecrets/secret4","deletedDate":1572546653,"scheduledPurgeDate":1580322653,"id":"https://vault458ad70cc7ab6c128e.vault.azure.net/secrets/secret4","attributes":{"enabled":true,"created":1572546564,"updated":1572546564,"recoveryLevel":"Recoverable+Purgeable"}},{"recoveryId":"https://vault458ad70cc7ab6c128e.vault.azure.net/deletedsecrets/secret5","deletedDate":1572546663,"scheduledPurgeDate":1580322663,"id":"https://vault458ad70cc7ab6c128e.vault.azure.net/secrets/secret5","attributes":{"enabled":true,"created":1572546564,"updated":1572546564,"recoveryLevel":"Recoverable+Purgeable"}},{"recoveryId":"https://vault458ad70cc7ab6c128e.vault.azure.net/deletedsecrets/secret6","deletedDate":1572546682,"scheduledPurgeDate":1580322682,"id":"https://vault458ad70cc7ab6c128e.vault.azure.net/secrets/secret6","attributes":{"enabled":true,"created":1572546564,"updated":1572546564,"recoveryLevel":"Recoverable+Purgeable"}}],"nextLink":null}'
    headers:
      cache-control:
      - no-cache
      content-length:
      - '2323'
      content-type:
      - application/json; charset=utf-8
      date:
      - Thu, 31 Oct 2019 18:31:41 GMT
      expires:
      - '-1'
      pragma:
      - no-cache
      server:
      - Microsoft-IIS/10.0
      strict-transport-security:
      - max-age=31536000;includeSubDomains
      x-aspnet-version:
      - 4.0.30319
      x-content-type-options:
      - nosniff
      x-ms-keyvault-network-info:
      - addr=131.107.160.72;act_addr_fam=InterNetwork;
      x-ms-keyvault-region:
      - westus
      x-ms-keyvault-service-version:
      - 1.1.0.879
      x-powered-by:
      - ASP.NET
    status:
      code: 200
      message: OK
version: 1
