interactions:
- request:
    body: null
    headers:
      Accept:
      - application/json
      Content-Length:
      - '0'
      Content-Type:
      - application/json; charset=utf-8
      User-Agent:
      - azsdk-python-keyvault-secrets/4.0.0b5 Python/3.6.6 (Windows-10-10.0.18362-SP0)
    method: PUT
    uri: https://vault458ad70cc75b50e84.vault.azure.net/secrets/sec0?api-version=7.0
  response:
    body:
      string: '{"error":{"code":"Unauthorized","message":"Request is missing a Bearer
        or PoP token."}}'
    headers:
      cache-control: no-cache
      content-length: '87'
      content-type: application/json; charset=utf-8
      date: Wed, 16 Oct 2019 20:38:48 GMT
      expires: '-1'
      pragma: no-cache
      server: Microsoft-IIS/10.0
      strict-transport-security: max-age=31536000;includeSubDomains
      www-authenticate: Bearer authorization="https://login.windows.net/72f988bf-86f1-41af-91ab-2d7cd011db47",
        resource="https://vault.azure.net"
      x-aspnet-version: 4.0.30319
      x-content-type-options: nosniff
      x-ms-keyvault-network-info: addr=131.107.160.72;act_addr_fam=InterNetwork;
      x-ms-keyvault-region: westus
      x-ms-keyvault-service-version: 1.1.0.879
      x-powered-by: ASP.NET
    status:
      code: 401
      message: Unauthorized
    url: !!python/object/new:yarl.URL
      state: !!python/tuple
      - !!python/object/new:urllib.parse.SplitResult
        - https
        - vault458ad70cc75b50e84.vault.azure.net
        - /secrets/sec0
        - api-version=7.0
        - ''
- request:
    body: '{"value": "secVal05b50e84"}'
    headers:
      Accept:
      - application/json
      Content-Length:
      - '27'
      Content-Type:
      - application/json; charset=utf-8
      User-Agent:
      - azsdk-python-keyvault-secrets/4.0.0b5 Python/3.6.6 (Windows-10-10.0.18362-SP0)
    method: PUT
    uri: https://vault458ad70cc75b50e84.vault.azure.net/secrets/sec0?api-version=7.0
  response:
    body:
      string: '{"value":"secVal05b50e84","id":"https://vault458ad70cc75b50e84.vault.azure.net/secrets/sec0/12c4bb9df77945cdb4e5128a0f9559cd","attributes":{"enabled":true,"created":1571258328,"updated":1571258328,"recoveryLevel":"Purgeable"}}'
    headers:
      cache-control: no-cache
      content-length: '226'
      content-type: application/json; charset=utf-8
      date: Wed, 16 Oct 2019 20:38:48 GMT
      expires: '-1'
      pragma: no-cache
      server: Microsoft-IIS/10.0
      strict-transport-security: max-age=31536000;includeSubDomains
      x-aspnet-version: 4.0.30319
      x-content-type-options: nosniff
      x-ms-keyvault-network-info: addr=131.107.160.72;act_addr_fam=InterNetwork;
      x-ms-keyvault-region: westus
      x-ms-keyvault-service-version: 1.1.0.879
      x-powered-by: ASP.NET
    status:
      code: 200
      message: OK
    url: !!python/object/new:yarl.URL
      state: !!python/tuple
      - !!python/object/new:urllib.parse.SplitResult
        - https
        - vault458ad70cc75b50e84.vault.azure.net
        - /secrets/sec0
        - api-version=7.0
        - ''
- request:
    body: '{"value": "secVal15b50e84"}'
    headers:
      Accept:
      - application/json
      Content-Length:
      - '27'
      Content-Type:
      - application/json; charset=utf-8
      User-Agent:
      - azsdk-python-keyvault-secrets/4.0.0b5 Python/3.6.6 (Windows-10-10.0.18362-SP0)
    method: PUT
    uri: https://vault458ad70cc75b50e84.vault.azure.net/secrets/sec1?api-version=7.0
  response:
    body:
      string: '{"value":"secVal15b50e84","id":"https://vault458ad70cc75b50e84.vault.azure.net/secrets/sec1/9ffdb89b251341e2a69f98978d2f43fd","attributes":{"enabled":true,"created":1571258329,"updated":1571258329,"recoveryLevel":"Purgeable"}}'
    headers:
      cache-control: no-cache
      content-length: '226'
      content-type: application/json; charset=utf-8
      date: Wed, 16 Oct 2019 20:38:49 GMT
      expires: '-1'
      pragma: no-cache
      server: Microsoft-IIS/10.0
      strict-transport-security: max-age=31536000;includeSubDomains
      x-aspnet-version: 4.0.30319
      x-content-type-options: nosniff
      x-ms-keyvault-network-info: addr=131.107.160.72;act_addr_fam=InterNetwork;
      x-ms-keyvault-region: westus
      x-ms-keyvault-service-version: 1.1.0.879
      x-powered-by: ASP.NET
    status:
      code: 200
      message: OK
    url: !!python/object/new:yarl.URL
      state: !!python/tuple
      - !!python/object/new:urllib.parse.SplitResult
        - https
        - vault458ad70cc75b50e84.vault.azure.net
        - /secrets/sec1
        - api-version=7.0
        - ''
- request:
    body: '{"value": "secVal25b50e84"}'
    headers:
      Accept:
      - application/json
      Content-Length:
      - '27'
      Content-Type:
      - application/json; charset=utf-8
      User-Agent:
      - azsdk-python-keyvault-secrets/4.0.0b5 Python/3.6.6 (Windows-10-10.0.18362-SP0)
    method: PUT
    uri: https://vault458ad70cc75b50e84.vault.azure.net/secrets/sec2?api-version=7.0
  response:
    body:
      string: '{"value":"secVal25b50e84","id":"https://vault458ad70cc75b50e84.vault.azure.net/secrets/sec2/c475b3810d774fbe8d9f6a7695e8dd2d","attributes":{"enabled":true,"created":1571258329,"updated":1571258329,"recoveryLevel":"Purgeable"}}'
    headers:
      cache-control: no-cache
      content-length: '226'
      content-type: application/json; charset=utf-8
      date: Wed, 16 Oct 2019 20:38:49 GMT
      expires: '-1'
      pragma: no-cache
      server: Microsoft-IIS/10.0
      strict-transport-security: max-age=31536000;includeSubDomains
      x-aspnet-version: 4.0.30319
      x-content-type-options: nosniff
      x-ms-keyvault-network-info: addr=131.107.160.72;act_addr_fam=InterNetwork;
      x-ms-keyvault-region: westus
      x-ms-keyvault-service-version: 1.1.0.879
      x-powered-by: ASP.NET
    status:
      code: 200
      message: OK
    url: !!python/object/new:yarl.URL
      state: !!python/tuple
      - !!python/object/new:urllib.parse.SplitResult
        - https
        - vault458ad70cc75b50e84.vault.azure.net
        - /secrets/sec2
        - api-version=7.0
        - ''
- request:
    body: '{"value": "secVal35b50e84"}'
    headers:
      Accept:
      - application/json
      Content-Length:
      - '27'
      Content-Type:
      - application/json; charset=utf-8
      User-Agent:
      - azsdk-python-keyvault-secrets/4.0.0b5 Python/3.6.6 (Windows-10-10.0.18362-SP0)
    method: PUT
    uri: https://vault458ad70cc75b50e84.vault.azure.net/secrets/sec3?api-version=7.0
  response:
    body:
      string: '{"value":"secVal35b50e84","id":"https://vault458ad70cc75b50e84.vault.azure.net/secrets/sec3/e2dd72bfb75d4600ab7fe0270182ea4b","attributes":{"enabled":true,"created":1571258329,"updated":1571258329,"recoveryLevel":"Purgeable"}}'
    headers:
      cache-control: no-cache
      content-length: '226'
      content-type: application/json; charset=utf-8
      date: Wed, 16 Oct 2019 20:38:49 GMT
      expires: '-1'
      pragma: no-cache
      server: Microsoft-IIS/10.0
      strict-transport-security: max-age=31536000;includeSubDomains
      x-aspnet-version: 4.0.30319
      x-content-type-options: nosniff
      x-ms-keyvault-network-info: addr=131.107.160.72;act_addr_fam=InterNetwork;
      x-ms-keyvault-region: westus
      x-ms-keyvault-service-version: 1.1.0.879
      x-powered-by: ASP.NET
    status:
      code: 200
      message: OK
    url: !!python/object/new:yarl.URL
      state: !!python/tuple
      - !!python/object/new:urllib.parse.SplitResult
        - https
        - vault458ad70cc75b50e84.vault.azure.net
        - /secrets/sec3
        - api-version=7.0
        - ''
- request:
    body: '{"value": "secVal45b50e84"}'
    headers:
      Accept:
      - application/json
      Content-Length:
      - '27'
      Content-Type:
      - application/json; charset=utf-8
      User-Agent:
      - azsdk-python-keyvault-secrets/4.0.0b5 Python/3.6.6 (Windows-10-10.0.18362-SP0)
    method: PUT
    uri: https://vault458ad70cc75b50e84.vault.azure.net/secrets/sec4?api-version=7.0
  response:
    body:
      string: '{"value":"secVal45b50e84","id":"https://vault458ad70cc75b50e84.vault.azure.net/secrets/sec4/07e9c9ec8077412ba2dbe4deb207c421","attributes":{"enabled":true,"created":1571258330,"updated":1571258330,"recoveryLevel":"Purgeable"}}'
    headers:
      cache-control: no-cache
      content-length: '226'
      content-type: application/json; charset=utf-8
      date: Wed, 16 Oct 2019 20:38:49 GMT
      expires: '-1'
      pragma: no-cache
      server: Microsoft-IIS/10.0
      strict-transport-security: max-age=31536000;includeSubDomains
      x-aspnet-version: 4.0.30319
      x-content-type-options: nosniff
      x-ms-keyvault-network-info: addr=131.107.160.72;act_addr_fam=InterNetwork;
      x-ms-keyvault-region: westus
      x-ms-keyvault-service-version: 1.1.0.879
      x-powered-by: ASP.NET
    status:
      code: 200
      message: OK
    url: !!python/object/new:yarl.URL
      state: !!python/tuple
      - !!python/object/new:urllib.parse.SplitResult
        - https
        - vault458ad70cc75b50e84.vault.azure.net
        - /secrets/sec4
        - api-version=7.0
        - ''
- request:
    body: '{"value": "secVal55b50e84"}'
    headers:
      Accept:
      - application/json
      Content-Length:
      - '27'
      Content-Type:
      - application/json; charset=utf-8
      User-Agent:
      - azsdk-python-keyvault-secrets/4.0.0b5 Python/3.6.6 (Windows-10-10.0.18362-SP0)
    method: PUT
    uri: https://vault458ad70cc75b50e84.vault.azure.net/secrets/sec5?api-version=7.0
  response:
    body:
      string: '{"value":"secVal55b50e84","id":"https://vault458ad70cc75b50e84.vault.azure.net/secrets/sec5/f91c4295441b490e90c582430eeea0f7","attributes":{"enabled":true,"created":1571258330,"updated":1571258330,"recoveryLevel":"Purgeable"}}'
    headers:
      cache-control: no-cache
      content-length: '226'
      content-type: application/json; charset=utf-8
      date: Wed, 16 Oct 2019 20:38:49 GMT
      expires: '-1'
      pragma: no-cache
      server: Microsoft-IIS/10.0
      strict-transport-security: max-age=31536000;includeSubDomains
      x-aspnet-version: 4.0.30319
      x-content-type-options: nosniff
      x-ms-keyvault-network-info: addr=131.107.160.72;act_addr_fam=InterNetwork;
      x-ms-keyvault-region: westus
      x-ms-keyvault-service-version: 1.1.0.879
      x-powered-by: ASP.NET
    status:
      code: 200
      message: OK
    url: !!python/object/new:yarl.URL
      state: !!python/tuple
      - !!python/object/new:urllib.parse.SplitResult
        - https
        - vault458ad70cc75b50e84.vault.azure.net
        - /secrets/sec5
        - api-version=7.0
        - ''
- request:
    body: '{"value": "secVal65b50e84"}'
    headers:
      Accept:
      - application/json
      Content-Length:
      - '27'
      Content-Type:
      - application/json; charset=utf-8
      User-Agent:
      - azsdk-python-keyvault-secrets/4.0.0b5 Python/3.6.6 (Windows-10-10.0.18362-SP0)
    method: PUT
    uri: https://vault458ad70cc75b50e84.vault.azure.net/secrets/sec6?api-version=7.0
  response:
    body:
      string: '{"value":"secVal65b50e84","id":"https://vault458ad70cc75b50e84.vault.azure.net/secrets/sec6/c71e735e3741479b85c642821409076d","attributes":{"enabled":true,"created":1571258330,"updated":1571258330,"recoveryLevel":"Purgeable"}}'
    headers:
      cache-control: no-cache
      content-length: '226'
      content-type: application/json; charset=utf-8
      date: Wed, 16 Oct 2019 20:38:50 GMT
      expires: '-1'
      pragma: no-cache
      server: Microsoft-IIS/10.0
      strict-transport-security: max-age=31536000;includeSubDomains
      x-aspnet-version: 4.0.30319
      x-content-type-options: nosniff
      x-ms-keyvault-network-info: addr=131.107.160.72;act_addr_fam=InterNetwork;
      x-ms-keyvault-region: westus
      x-ms-keyvault-service-version: 1.1.0.879
      x-powered-by: ASP.NET
    status:
      code: 200
      message: OK
    url: !!python/object/new:yarl.URL
      state: !!python/tuple
      - !!python/object/new:urllib.parse.SplitResult
        - https
        - vault458ad70cc75b50e84.vault.azure.net
        - /secrets/sec6
        - api-version=7.0
        - ''
- request:
    body: null
    headers:
      Accept:
      - application/json
      User-Agent:
      - azsdk-python-keyvault-secrets/4.0.0b5 Python/3.6.6 (Windows-10-10.0.18362-SP0)
    method: GET
    uri: https://vault458ad70cc75b50e84.vault.azure.net/secrets?api-version=7.0
  response:
    body:
      string: '{"value":[{"id":"https://vault458ad70cc75b50e84.vault.azure.net/secrets/sec0","attributes":{"enabled":true,"created":1571258328,"updated":1571258328,"recoveryLevel":"Purgeable"}},{"id":"https://vault458ad70cc75b50e84.vault.azure.net/secrets/sec1","attributes":{"enabled":true,"created":1571258329,"updated":1571258329,"recoveryLevel":"Purgeable"}},{"id":"https://vault458ad70cc75b50e84.vault.azure.net/secrets/sec2","attributes":{"enabled":true,"created":1571258329,"updated":1571258329,"recoveryLevel":"Purgeable"}},{"id":"https://vault458ad70cc75b50e84.vault.azure.net/secrets/sec3","attributes":{"enabled":true,"created":1571258329,"updated":1571258329,"recoveryLevel":"Purgeable"}},{"id":"https://vault458ad70cc75b50e84.vault.azure.net/secrets/sec4","attributes":{"enabled":true,"created":1571258330,"updated":1571258330,"recoveryLevel":"Purgeable"}},{"id":"https://vault458ad70cc75b50e84.vault.azure.net/secrets/sec5","attributes":{"enabled":true,"created":1571258330,"updated":1571258330,"recoveryLevel":"Purgeable"}},{"id":"https://vault458ad70cc75b50e84.vault.azure.net/secrets/sec6","attributes":{"enabled":true,"created":1571258330,"updated":1571258330,"recoveryLevel":"Purgeable"}}],"nextLink":null}'
    headers:
      cache-control: no-cache
      content-length: '1210'
      content-type: application/json; charset=utf-8
      date: Wed, 16 Oct 2019 20:38:50 GMT
      expires: '-1'
      pragma: no-cache
      server: Microsoft-IIS/10.0
      strict-transport-security: max-age=31536000;includeSubDomains
      x-aspnet-version: 4.0.30319
      x-content-type-options: nosniff
      x-ms-keyvault-network-info: addr=131.107.160.72;act_addr_fam=InterNetwork;
      x-ms-keyvault-region: westus
      x-ms-keyvault-service-version: 1.1.0.879
      x-powered-by: ASP.NET
    status:
      code: 200
      message: OK
    url: !!python/object/new:yarl.URL
      state: !!python/tuple
      - !!python/object/new:urllib.parse.SplitResult
        - https
        - vault458ad70cc75b50e84.vault.azure.net
        - /secrets
        - api-version=7.0
        - ''
version: 1
