interactions:
- request:
    body: null
    headers:
      Accept: [application/json]
      Accept-Encoding: ['gzip, deflate']
      Connection: [keep-alive]
      Content-Length: ['0']
      Content-Type: [application/json; charset=utf-8]
      User-Agent: [azsdk-python-keyvault-secrets/4.0.0b5 Python/3.6.6 (Windows-10-10.0.18362-SP0)]
    method: PUT
    uri: https://vaultc1310c67.vault.azure.net/secrets/secret0?api-version=7.0
  response:
    body: {string: '{"error":{"code":"Unauthorized","message":"Request is missing
        a Bearer or PoP token."}}'}
    headers:
      cache-control: [no-cache]
      content-length: ['87']
      content-type: [application/json; charset=utf-8]
      date: ['Wed, 16 Oct 2019 16:28:09 GMT']
      expires: ['-1']
      pragma: [no-cache]
      server: [Microsoft-IIS/10.0]
      strict-transport-security: [max-age=31536000;includeSubDomains]
      www-authenticate: ['Bearer authorization="https://login.windows.net/72f988bf-86f1-41af-91ab-2d7cd011db47",
          resource="https://vault.azure.net"']
      x-aspnet-version: [4.0.30319]
      x-content-type-options: [nosniff]
      x-ms-keyvault-network-info: [addr=131.107.160.72;act_addr_fam=InterNetwork;]
      x-ms-keyvault-region: [westus]
      x-ms-keyvault-service-version: [1.1.0.879]
      x-powered-by: [ASP.NET]
    status: {code: 401, message: Unauthorized}
- request:
    body: '{"value": "value0"}'
    headers:
      Accept: [application/json]
      Accept-Encoding: ['gzip, deflate']
      Connection: [keep-alive]
      Content-Length: ['19']
      Content-Type: [application/json; charset=utf-8]
      User-Agent: [azsdk-python-keyvault-secrets/4.0.0b5 Python/3.6.6 (Windows-10-10.0.18362-SP0)]
    method: PUT
    uri: https://vaultc1310c67.vault.azure.net/secrets/secret0?api-version=7.0
  response:
    body: {string: '{"value":"value0","id":"https://vaultc1310c67.vault.azure.net/secrets/secret0/60359669c1a345c5a0f41636372cd789","attributes":{"enabled":true,"created":1571243290,"updated":1571243290,"recoveryLevel":"Recoverable+Purgeable"}}'}
    headers:
      cache-control: [no-cache]
      content-length: ['224']
      content-type: [application/json; charset=utf-8]
      date: ['Wed, 16 Oct 2019 16:28:10 GMT']
      expires: ['-1']
      pragma: [no-cache]
      server: [Microsoft-IIS/10.0]
      strict-transport-security: [max-age=31536000;includeSubDomains]
      x-aspnet-version: [4.0.30319]
      x-content-type-options: [nosniff]
      x-ms-keyvault-network-info: [addr=131.107.160.72;act_addr_fam=InterNetwork;]
      x-ms-keyvault-region: [westus]
      x-ms-keyvault-service-version: [1.1.0.879]
      x-powered-by: [ASP.NET]
    status: {code: 200, message: OK}
- request:
    body: '{"value": "value1"}'
    headers:
      Accept: [application/json]
      Accept-Encoding: ['gzip, deflate']
      Connection: [keep-alive]
      Content-Length: ['19']
      Content-Type: [application/json; charset=utf-8]
      User-Agent: [azsdk-python-keyvault-secrets/4.0.0b5 Python/3.6.6 (Windows-10-10.0.18362-SP0)]
    method: PUT
    uri: https://vaultc1310c67.vault.azure.net/secrets/secret1?api-version=7.0
  response:
    body: {string: '{"value":"value1","id":"https://vaultc1310c67.vault.azure.net/secrets/secret1/3c3b4f3f383145ea908cbcbaaf2efa08","attributes":{"enabled":true,"created":1571243291,"updated":1571243291,"recoveryLevel":"Recoverable+Purgeable"}}'}
    headers:
      cache-control: [no-cache]
      content-length: ['224']
      content-type: [application/json; charset=utf-8]
      date: ['Wed, 16 Oct 2019 16:28:10 GMT']
      expires: ['-1']
      pragma: [no-cache]
      server: [Microsoft-IIS/10.0]
      strict-transport-security: [max-age=31536000;includeSubDomains]
      x-aspnet-version: [4.0.30319]
      x-content-type-options: [nosniff]
      x-ms-keyvault-network-info: [addr=131.107.160.72;act_addr_fam=InterNetwork;]
      x-ms-keyvault-region: [westus]
      x-ms-keyvault-service-version: [1.1.0.879]
      x-powered-by: [ASP.NET]
    status: {code: 200, message: OK}
- request:
    body: '{"value": "value2"}'
    headers:
      Accept: [application/json]
      Accept-Encoding: ['gzip, deflate']
      Connection: [keep-alive]
      Content-Length: ['19']
      Content-Type: [application/json; charset=utf-8]
      User-Agent: [azsdk-python-keyvault-secrets/4.0.0b5 Python/3.6.6 (Windows-10-10.0.18362-SP0)]
    method: PUT
    uri: https://vaultc1310c67.vault.azure.net/secrets/secret2?api-version=7.0
  response:
    body: {string: '{"value":"value2","id":"https://vaultc1310c67.vault.azure.net/secrets/secret2/28d7803b3fc24bf8b8f5604de5d01c9c","attributes":{"enabled":true,"created":1571243291,"updated":1571243291,"recoveryLevel":"Recoverable+Purgeable"}}'}
    headers:
      cache-control: [no-cache]
      content-length: ['224']
      content-type: [application/json; charset=utf-8]
      date: ['Wed, 16 Oct 2019 16:28:10 GMT']
      expires: ['-1']
      pragma: [no-cache]
      server: [Microsoft-IIS/10.0]
      strict-transport-security: [max-age=31536000;includeSubDomains]
      x-aspnet-version: [4.0.30319]
      x-content-type-options: [nosniff]
      x-ms-keyvault-network-info: [addr=131.107.160.72;act_addr_fam=InterNetwork;]
      x-ms-keyvault-region: [westus]
      x-ms-keyvault-service-version: [1.1.0.879]
      x-powered-by: [ASP.NET]
    status: {code: 200, message: OK}
- request:
    body: '{"value": "value3"}'
    headers:
      Accept: [application/json]
      Accept-Encoding: ['gzip, deflate']
      Connection: [keep-alive]
      Content-Length: ['19']
      Content-Type: [application/json; charset=utf-8]
      User-Agent: [azsdk-python-keyvault-secrets/4.0.0b5 Python/3.6.6 (Windows-10-10.0.18362-SP0)]
    method: PUT
    uri: https://vaultc1310c67.vault.azure.net/secrets/secret3?api-version=7.0
  response:
    body: {string: '{"value":"value3","id":"https://vaultc1310c67.vault.azure.net/secrets/secret3/91d7482d90524d07bdcb1405ada1ba69","attributes":{"enabled":true,"created":1571243291,"updated":1571243291,"recoveryLevel":"Recoverable+Purgeable"}}'}
    headers:
      cache-control: [no-cache]
      content-length: ['224']
      content-type: [application/json; charset=utf-8]
      date: ['Wed, 16 Oct 2019 16:28:11 GMT']
      expires: ['-1']
      pragma: [no-cache]
      server: [Microsoft-IIS/10.0]
      strict-transport-security: [max-age=31536000;includeSubDomains]
      x-aspnet-version: [4.0.30319]
      x-content-type-options: [nosniff]
      x-ms-keyvault-network-info: [addr=131.107.160.72;act_addr_fam=InterNetwork;]
      x-ms-keyvault-region: [westus]
      x-ms-keyvault-service-version: [1.1.0.879]
      x-powered-by: [ASP.NET]
    status: {code: 200, message: OK}
- request:
    body: '{"value": "value4"}'
    headers:
      Accept: [application/json]
      Accept-Encoding: ['gzip, deflate']
      Connection: [keep-alive]
      Content-Length: ['19']
      Content-Type: [application/json; charset=utf-8]
      User-Agent: [azsdk-python-keyvault-secrets/4.0.0b5 Python/3.6.6 (Windows-10-10.0.18362-SP0)]
    method: PUT
    uri: https://vaultc1310c67.vault.azure.net/secrets/secret4?api-version=7.0
  response:
    body: {string: '{"value":"value4","id":"https://vaultc1310c67.vault.azure.net/secrets/secret4/69fd94c918ea4207b0defd4636e10b7a","attributes":{"enabled":true,"created":1571243291,"updated":1571243291,"recoveryLevel":"Recoverable+Purgeable"}}'}
    headers:
      cache-control: [no-cache]
      content-length: ['224']
      content-type: [application/json; charset=utf-8]
      date: ['Wed, 16 Oct 2019 16:28:11 GMT']
      expires: ['-1']
      pragma: [no-cache]
      server: [Microsoft-IIS/10.0]
      strict-transport-security: [max-age=31536000;includeSubDomains]
      x-aspnet-version: [4.0.30319]
      x-content-type-options: [nosniff]
      x-ms-keyvault-network-info: [addr=131.107.160.72;act_addr_fam=InterNetwork;]
      x-ms-keyvault-region: [westus]
      x-ms-keyvault-service-version: [1.1.0.879]
      x-powered-by: [ASP.NET]
    status: {code: 200, message: OK}
- request:
    body: '{"value": "value5"}'
    headers:
      Accept: [application/json]
      Accept-Encoding: ['gzip, deflate']
      Connection: [keep-alive]
      Content-Length: ['19']
      Content-Type: [application/json; charset=utf-8]
      User-Agent: [azsdk-python-keyvault-secrets/4.0.0b5 Python/3.6.6 (Windows-10-10.0.18362-SP0)]
    method: PUT
    uri: https://vaultc1310c67.vault.azure.net/secrets/secret5?api-version=7.0
  response:
    body: {string: '{"value":"value5","id":"https://vaultc1310c67.vault.azure.net/secrets/secret5/7fc1369eaac14d3eaadc7120ff943540","attributes":{"enabled":true,"created":1571243291,"updated":1571243291,"recoveryLevel":"Recoverable+Purgeable"}}'}
    headers:
      cache-control: [no-cache]
      content-length: ['224']
      content-type: [application/json; charset=utf-8]
      date: ['Wed, 16 Oct 2019 16:28:11 GMT']
      expires: ['-1']
      pragma: [no-cache]
      server: [Microsoft-IIS/10.0]
      strict-transport-security: [max-age=31536000;includeSubDomains]
      x-aspnet-version: [4.0.30319]
      x-content-type-options: [nosniff]
      x-ms-keyvault-network-info: [addr=131.107.160.72;act_addr_fam=InterNetwork;]
      x-ms-keyvault-region: [westus]
      x-ms-keyvault-service-version: [1.1.0.879]
      x-powered-by: [ASP.NET]
    status: {code: 200, message: OK}
- request:
    body: '{"value": "value6"}'
    headers:
      Accept: [application/json]
      Accept-Encoding: ['gzip, deflate']
      Connection: [keep-alive]
      Content-Length: ['19']
      Content-Type: [application/json; charset=utf-8]
      User-Agent: [azsdk-python-keyvault-secrets/4.0.0b5 Python/3.6.6 (Windows-10-10.0.18362-SP0)]
    method: PUT
    uri: https://vaultc1310c67.vault.azure.net/secrets/secret6?api-version=7.0
  response:
    body: {string: '{"value":"value6","id":"https://vaultc1310c67.vault.azure.net/secrets/secret6/25c455ab24004eca8f410acf17806d09","attributes":{"enabled":true,"created":1571243291,"updated":1571243291,"recoveryLevel":"Recoverable+Purgeable"}}'}
    headers:
      cache-control: [no-cache]
      content-length: ['224']
      content-type: [application/json; charset=utf-8]
      date: ['Wed, 16 Oct 2019 16:28:11 GMT']
      expires: ['-1']
      pragma: [no-cache]
      server: [Microsoft-IIS/10.0]
      strict-transport-security: [max-age=31536000;includeSubDomains]
      x-aspnet-version: [4.0.30319]
      x-content-type-options: [nosniff]
      x-ms-keyvault-network-info: [addr=131.107.160.72;act_addr_fam=InterNetwork;]
      x-ms-keyvault-region: [westus]
      x-ms-keyvault-service-version: [1.1.0.879]
      x-powered-by: [ASP.NET]
    status: {code: 200, message: OK}
- request:
    body: null
    headers:
      Accept: [application/json]
      Accept-Encoding: ['gzip, deflate']
      Connection: [keep-alive]
      Content-Length: ['0']
      User-Agent: [azsdk-python-keyvault-secrets/4.0.0b5 Python/3.6.6 (Windows-10-10.0.18362-SP0)]
    method: DELETE
    uri: https://vaultc1310c67.vault.azure.net/secrets/secret0?api-version=7.0
  response:
    body: {string: '{"recoveryId":"https://vaultc1310c67.vault.azure.net/deletedsecrets/secret0","deletedDate":1571243292,"scheduledPurgeDate":1579019292,"id":"https://vaultc1310c67.vault.azure.net/secrets/secret0/60359669c1a345c5a0f41636372cd789","attributes":{"enabled":true,"created":1571243290,"updated":1571243290,"recoveryLevel":"Recoverable+Purgeable"}}'}
    headers:
      cache-control: [no-cache]
      content-length: ['340']
      content-type: [application/json; charset=utf-8]
      date: ['Wed, 16 Oct 2019 16:28:12 GMT']
      expires: ['-1']
      pragma: [no-cache]
      server: [Microsoft-IIS/10.0]
      strict-transport-security: [max-age=31536000;includeSubDomains]
      x-aspnet-version: [4.0.30319]
      x-content-type-options: [nosniff]
      x-ms-keyvault-network-info: [addr=131.107.160.72;act_addr_fam=InterNetwork;]
      x-ms-keyvault-region: [westus]
      x-ms-keyvault-service-version: [1.1.0.879]
      x-powered-by: [ASP.NET]
    status: {code: 200, message: OK}
- request:
    body: null
    headers:
      Accept: [application/json]
      Accept-Encoding: ['gzip, deflate']
      Connection: [keep-alive]
      User-Agent: [azsdk-python-keyvault-secrets/4.0.0b5 Python/3.6.6 (Windows-10-10.0.18362-SP0)]
    method: GET
    uri: https://vaultc1310c67.vault.azure.net/deletedsecrets/secret0?api-version=7.0
  response:
    body: {string: '{"error":{"code":"SecretNotFound","message":"Deleted Secret not
        found: secret0"}}'}
    headers:
      cache-control: [no-cache]
      content-length: ['81']
      content-type: [application/json; charset=utf-8]
      date: ['Wed, 16 Oct 2019 16:28:12 GMT']
      expires: ['-1']
      pragma: [no-cache]
      server: [Microsoft-IIS/10.0]
      strict-transport-security: [max-age=31536000;includeSubDomains]
      x-aspnet-version: [4.0.30319]
      x-content-type-options: [nosniff]
      x-ms-keyvault-network-info: [addr=131.107.160.72;act_addr_fam=InterNetwork;]
      x-ms-keyvault-region: [westus]
      x-ms-keyvault-service-version: [1.1.0.879]
      x-powered-by: [ASP.NET]
    status: {code: 404, message: Not Found}
- request:
    body: null
    headers:
      Accept: [application/json]
      Accept-Encoding: ['gzip, deflate']
      Connection: [keep-alive]
      User-Agent: [azsdk-python-keyvault-secrets/4.0.0b5 Python/3.6.6 (Windows-10-10.0.18362-SP0)]
    method: GET
    uri: https://vaultc1310c67.vault.azure.net/deletedsecrets/secret0?api-version=7.0
  response:
    body: {string: '{"error":{"code":"SecretNotFound","message":"Deleted Secret not
        found: secret0"}}'}
    headers:
      cache-control: [no-cache]
      content-length: ['81']
      content-type: [application/json; charset=utf-8]
      date: ['Wed, 16 Oct 2019 16:28:17 GMT']
      expires: ['-1']
      pragma: [no-cache]
      server: [Microsoft-IIS/10.0]
      strict-transport-security: [max-age=31536000;includeSubDomains]
      x-aspnet-version: [4.0.30319]
      x-content-type-options: [nosniff]
      x-ms-keyvault-network-info: [addr=131.107.160.72;act_addr_fam=InterNetwork;]
      x-ms-keyvault-region: [westus]
      x-ms-keyvault-service-version: [1.1.0.879]
      x-powered-by: [ASP.NET]
    status: {code: 404, message: Not Found}
- request:
    body: null
    headers:
      Accept: [application/json]
      Accept-Encoding: ['gzip, deflate']
      Connection: [keep-alive]
      User-Agent: [azsdk-python-keyvault-secrets/4.0.0b5 Python/3.6.6 (Windows-10-10.0.18362-SP0)]
    method: GET
    uri: https://vaultc1310c67.vault.azure.net/deletedsecrets/secret0?api-version=7.0
  response:
    body: {string: '{"error":{"code":"SecretNotFound","message":"Deleted Secret not
        found: secret0"}}'}
    headers:
      cache-control: [no-cache]
      content-length: ['81']
      content-type: [application/json; charset=utf-8]
      date: ['Wed, 16 Oct 2019 16:28:22 GMT']
      expires: ['-1']
      pragma: [no-cache]
      server: [Microsoft-IIS/10.0]
      strict-transport-security: [max-age=31536000;includeSubDomains]
      x-aspnet-version: [4.0.30319]
      x-content-type-options: [nosniff]
      x-ms-keyvault-network-info: [addr=131.107.160.72;act_addr_fam=InterNetwork;]
      x-ms-keyvault-region: [westus]
      x-ms-keyvault-service-version: [1.1.0.879]
      x-powered-by: [ASP.NET]
    status: {code: 404, message: Not Found}
- request:
    body: null
    headers:
      Accept: [application/json]
      Accept-Encoding: ['gzip, deflate']
      Connection: [keep-alive]
      User-Agent: [azsdk-python-keyvault-secrets/4.0.0b5 Python/3.6.6 (Windows-10-10.0.18362-SP0)]
    method: GET
    uri: https://vaultc1310c67.vault.azure.net/deletedsecrets/secret0?api-version=7.0
  response:
    body: {string: '{"error":{"code":"SecretNotFound","message":"Deleted Secret not
        found: secret0"}}'}
    headers:
      cache-control: [no-cache]
      content-length: ['81']
      content-type: [application/json; charset=utf-8]
      date: ['Wed, 16 Oct 2019 16:28:27 GMT']
      expires: ['-1']
      pragma: [no-cache]
      server: [Microsoft-IIS/10.0]
      strict-transport-security: [max-age=31536000;includeSubDomains]
      x-aspnet-version: [4.0.30319]
      x-content-type-options: [nosniff]
      x-ms-keyvault-network-info: [addr=131.107.160.72;act_addr_fam=InterNetwork;]
      x-ms-keyvault-region: [westus]
      x-ms-keyvault-service-version: [1.1.0.879]
      x-powered-by: [ASP.NET]
    status: {code: 404, message: Not Found}
- request:
    body: null
    headers:
      Accept: [application/json]
      Accept-Encoding: ['gzip, deflate']
      Connection: [keep-alive]
      User-Agent: [azsdk-python-keyvault-secrets/4.0.0b5 Python/3.6.6 (Windows-10-10.0.18362-SP0)]
    method: GET
    uri: https://vaultc1310c67.vault.azure.net/deletedsecrets/secret0?api-version=7.0
  response:
    body: {string: '{"error":{"code":"SecretNotFound","message":"Deleted Secret not
        found: secret0"}}'}
    headers:
      cache-control: [no-cache]
      content-length: ['81']
      content-type: [application/json; charset=utf-8]
      date: ['Wed, 16 Oct 2019 16:28:32 GMT']
      expires: ['-1']
      pragma: [no-cache]
      server: [Microsoft-IIS/10.0]
      strict-transport-security: [max-age=31536000;includeSubDomains]
      x-aspnet-version: [4.0.30319]
      x-content-type-options: [nosniff]
      x-ms-keyvault-network-info: [addr=131.107.160.72;act_addr_fam=InterNetwork;]
      x-ms-keyvault-region: [westus]
      x-ms-keyvault-service-version: [1.1.0.879]
      x-powered-by: [ASP.NET]
    status: {code: 404, message: Not Found}
- request:
    body: null
    headers:
      Accept: [application/json]
      Accept-Encoding: ['gzip, deflate']
      Connection: [keep-alive]
      User-Agent: [azsdk-python-keyvault-secrets/4.0.0b5 Python/3.6.6 (Windows-10-10.0.18362-SP0)]
    method: GET
    uri: https://vaultc1310c67.vault.azure.net/deletedsecrets/secret0?api-version=7.0
  response:
    body: {string: '{"recoveryId":"https://vaultc1310c67.vault.azure.net/deletedsecrets/secret0","deletedDate":1571243292,"scheduledPurgeDate":1579019292,"id":"https://vaultc1310c67.vault.azure.net/secrets/secret0/60359669c1a345c5a0f41636372cd789","attributes":{"enabled":true,"created":1571243290,"updated":1571243290,"recoveryLevel":"Recoverable+Purgeable"}}'}
    headers:
      cache-control: [no-cache]
      content-length: ['340']
      content-type: [application/json; charset=utf-8]
      date: ['Wed, 16 Oct 2019 16:28:37 GMT']
      expires: ['-1']
      pragma: [no-cache]
      server: [Microsoft-IIS/10.0]
      strict-transport-security: [max-age=31536000;includeSubDomains]
      x-aspnet-version: [4.0.30319]
      x-content-type-options: [nosniff]
      x-ms-keyvault-network-info: [addr=131.107.160.72;act_addr_fam=InterNetwork;]
      x-ms-keyvault-region: [westus]
      x-ms-keyvault-service-version: [1.1.0.879]
      x-powered-by: [ASP.NET]
    status: {code: 200, message: OK}
- request:
    body: null
    headers:
      Accept: [application/json]
      Accept-Encoding: ['gzip, deflate']
      Connection: [keep-alive]
      Content-Length: ['0']
      User-Agent: [azsdk-python-keyvault-secrets/4.0.0b5 Python/3.6.6 (Windows-10-10.0.18362-SP0)]
    method: DELETE
    uri: https://vaultc1310c67.vault.azure.net/secrets/secret1?api-version=7.0
  response:
    body: {string: '{"recoveryId":"https://vaultc1310c67.vault.azure.net/deletedsecrets/secret1","deletedDate":1571243323,"scheduledPurgeDate":1579019323,"id":"https://vaultc1310c67.vault.azure.net/secrets/secret1/3c3b4f3f383145ea908cbcbaaf2efa08","attributes":{"enabled":true,"created":1571243291,"updated":1571243291,"recoveryLevel":"Recoverable+Purgeable"}}'}
    headers:
      cache-control: [no-cache]
      content-length: ['340']
      content-type: [application/json; charset=utf-8]
      date: ['Wed, 16 Oct 2019 16:28:43 GMT']
      expires: ['-1']
      pragma: [no-cache]
      server: [Microsoft-IIS/10.0]
      strict-transport-security: [max-age=31536000;includeSubDomains]
      x-aspnet-version: [4.0.30319]
      x-content-type-options: [nosniff]
      x-ms-keyvault-network-info: [addr=131.107.160.72;act_addr_fam=InterNetwork;]
      x-ms-keyvault-region: [westus]
      x-ms-keyvault-service-version: [1.1.0.879]
      x-powered-by: [ASP.NET]
    status: {code: 200, message: OK}
- request:
    body: null
    headers:
      Accept: [application/json]
      Accept-Encoding: ['gzip, deflate']
      Connection: [keep-alive]
      User-Agent: [azsdk-python-keyvault-secrets/4.0.0b5 Python/3.6.6 (Windows-10-10.0.18362-SP0)]
    method: GET
    uri: https://vaultc1310c67.vault.azure.net/deletedsecrets/secret1?api-version=7.0
  response:
    body: {string: '{"error":{"code":"SecretNotFound","message":"Deleted Secret not
        found: secret1"}}'}
    headers:
      cache-control: [no-cache]
      content-length: ['81']
      content-type: [application/json; charset=utf-8]
      date: ['Wed, 16 Oct 2019 16:28:44 GMT']
      expires: ['-1']
      pragma: [no-cache]
      server: [Microsoft-IIS/10.0]
      strict-transport-security: [max-age=31536000;includeSubDomains]
      x-aspnet-version: [4.0.30319]
      x-content-type-options: [nosniff]
      x-ms-keyvault-network-info: [addr=131.107.160.72;act_addr_fam=InterNetwork;]
      x-ms-keyvault-region: [westus]
      x-ms-keyvault-service-version: [1.1.0.879]
      x-powered-by: [ASP.NET]
    status: {code: 404, message: Not Found}
- request:
    body: null
    headers:
      Accept: [application/json]
      Accept-Encoding: ['gzip, deflate']
      Connection: [keep-alive]
      User-Agent: [azsdk-python-keyvault-secrets/4.0.0b5 Python/3.6.6 (Windows-10-10.0.18362-SP0)]
    method: GET
    uri: https://vaultc1310c67.vault.azure.net/deletedsecrets/secret1?api-version=7.0
  response:
    body: {string: '{"error":{"code":"SecretNotFound","message":"Deleted Secret not
        found: secret1"}}'}
    headers:
      cache-control: [no-cache]
      content-length: ['81']
      content-type: [application/json; charset=utf-8]
      date: ['Wed, 16 Oct 2019 16:28:49 GMT']
      expires: ['-1']
      pragma: [no-cache]
      server: [Microsoft-IIS/10.0]
      strict-transport-security: [max-age=31536000;includeSubDomains]
      x-aspnet-version: [4.0.30319]
      x-content-type-options: [nosniff]
      x-ms-keyvault-network-info: [addr=131.107.160.72;act_addr_fam=InterNetwork;]
      x-ms-keyvault-region: [westus]
      x-ms-keyvault-service-version: [1.1.0.879]
      x-powered-by: [ASP.NET]
    status: {code: 404, message: Not Found}
- request:
    body: null
    headers:
      Accept: [application/json]
      Accept-Encoding: ['gzip, deflate']
      Connection: [keep-alive]
      User-Agent: [azsdk-python-keyvault-secrets/4.0.0b5 Python/3.6.6 (Windows-10-10.0.18362-SP0)]
    method: GET
    uri: https://vaultc1310c67.vault.azure.net/deletedsecrets/secret1?api-version=7.0
  response:
    body: {string: '{"error":{"code":"SecretNotFound","message":"Deleted Secret not
        found: secret1"}}'}
    headers:
      cache-control: [no-cache]
      content-length: ['81']
      content-type: [application/json; charset=utf-8]
      date: ['Wed, 16 Oct 2019 16:28:54 GMT']
      expires: ['-1']
      pragma: [no-cache]
      server: [Microsoft-IIS/10.0]
      strict-transport-security: [max-age=31536000;includeSubDomains]
      x-aspnet-version: [4.0.30319]
      x-content-type-options: [nosniff]
      x-ms-keyvault-network-info: [addr=131.107.160.72;act_addr_fam=InterNetwork;]
      x-ms-keyvault-region: [westus]
      x-ms-keyvault-service-version: [1.1.0.879]
      x-powered-by: [ASP.NET]
    status: {code: 404, message: Not Found}
- request:
    body: null
    headers:
      Accept: [application/json]
      Accept-Encoding: ['gzip, deflate']
      Connection: [keep-alive]
      User-Agent: [azsdk-python-keyvault-secrets/4.0.0b5 Python/3.6.6 (Windows-10-10.0.18362-SP0)]
    method: GET
    uri: https://vaultc1310c67.vault.azure.net/deletedsecrets/secret1?api-version=7.0
  response:
    body: {string: '{"recoveryId":"https://vaultc1310c67.vault.azure.net/deletedsecrets/secret1","deletedDate":1571243323,"scheduledPurgeDate":1579019323,"id":"https://vaultc1310c67.vault.azure.net/secrets/secret1/3c3b4f3f383145ea908cbcbaaf2efa08","attributes":{"enabled":true,"created":1571243291,"updated":1571243291,"recoveryLevel":"Recoverable+Purgeable"}}'}
    headers:
      cache-control: [no-cache]
      content-length: ['340']
      content-type: [application/json; charset=utf-8]
      date: ['Wed, 16 Oct 2019 16:28:59 GMT']
      expires: ['-1']
      pragma: [no-cache]
      server: [Microsoft-IIS/10.0]
      strict-transport-security: [max-age=31536000;includeSubDomains]
      x-aspnet-version: [4.0.30319]
      x-content-type-options: [nosniff]
      x-ms-keyvault-network-info: [addr=131.107.160.72;act_addr_fam=InterNetwork;]
      x-ms-keyvault-region: [westus]
      x-ms-keyvault-service-version: [1.1.0.879]
      x-powered-by: [ASP.NET]
    status: {code: 200, message: OK}
- request:
    body: null
    headers:
      Accept: [application/json]
      Accept-Encoding: ['gzip, deflate']
      Connection: [keep-alive]
      Content-Length: ['0']
      User-Agent: [azsdk-python-keyvault-secrets/4.0.0b5 Python/3.6.6 (Windows-10-10.0.18362-SP0)]
    method: DELETE
    uri: https://vaultc1310c67.vault.azure.net/secrets/secret2?api-version=7.0
  response:
    body: {string: '{"recoveryId":"https://vaultc1310c67.vault.azure.net/deletedsecrets/secret2","deletedDate":1571243344,"scheduledPurgeDate":1579019344,"id":"https://vaultc1310c67.vault.azure.net/secrets/secret2/28d7803b3fc24bf8b8f5604de5d01c9c","attributes":{"enabled":true,"created":1571243291,"updated":1571243291,"recoveryLevel":"Recoverable+Purgeable"}}'}
    headers:
      cache-control: [no-cache]
      content-length: ['340']
      content-type: [application/json; charset=utf-8]
      date: ['Wed, 16 Oct 2019 16:29:04 GMT']
      expires: ['-1']
      pragma: [no-cache]
      server: [Microsoft-IIS/10.0]
      strict-transport-security: [max-age=31536000;includeSubDomains]
      x-aspnet-version: [4.0.30319]
      x-content-type-options: [nosniff]
      x-ms-keyvault-network-info: [addr=131.107.160.72;act_addr_fam=InterNetwork;]
      x-ms-keyvault-region: [westus]
      x-ms-keyvault-service-version: [1.1.0.879]
      x-powered-by: [ASP.NET]
    status: {code: 200, message: OK}
- request:
    body: null
    headers:
      Accept: [application/json]
      Accept-Encoding: ['gzip, deflate']
      Connection: [keep-alive]
      User-Agent: [azsdk-python-keyvault-secrets/4.0.0b5 Python/3.6.6 (Windows-10-10.0.18362-SP0)]
    method: GET
    uri: https://vaultc1310c67.vault.azure.net/deletedsecrets/secret2?api-version=7.0
  response:
    body: {string: '{"error":{"code":"SecretNotFound","message":"Deleted Secret not
        found: secret2"}}'}
    headers:
      cache-control: [no-cache]
      content-length: ['81']
      content-type: [application/json; charset=utf-8]
      date: ['Wed, 16 Oct 2019 16:29:04 GMT']
      expires: ['-1']
      pragma: [no-cache]
      server: [Microsoft-IIS/10.0]
      strict-transport-security: [max-age=31536000;includeSubDomains]
      x-aspnet-version: [4.0.30319]
      x-content-type-options: [nosniff]
      x-ms-keyvault-network-info: [addr=131.107.160.72;act_addr_fam=InterNetwork;]
      x-ms-keyvault-region: [westus]
      x-ms-keyvault-service-version: [1.1.0.879]
      x-powered-by: [ASP.NET]
    status: {code: 404, message: Not Found}
- request:
    body: null
    headers:
      Accept: [application/json]
      Accept-Encoding: ['gzip, deflate']
      Connection: [keep-alive]
      User-Agent: [azsdk-python-keyvault-secrets/4.0.0b5 Python/3.6.6 (Windows-10-10.0.18362-SP0)]
    method: GET
    uri: https://vaultc1310c67.vault.azure.net/deletedsecrets/secret2?api-version=7.0
  response:
    body: {string: '{"error":{"code":"SecretNotFound","message":"Deleted Secret not
        found: secret2"}}'}
    headers:
      cache-control: [no-cache]
      content-length: ['81']
      content-type: [application/json; charset=utf-8]
      date: ['Wed, 16 Oct 2019 16:29:09 GMT']
      expires: ['-1']
      pragma: [no-cache]
      server: [Microsoft-IIS/10.0]
      strict-transport-security: [max-age=31536000;includeSubDomains]
      x-aspnet-version: [4.0.30319]
      x-content-type-options: [nosniff]
      x-ms-keyvault-network-info: [addr=131.107.160.72;act_addr_fam=InterNetwork;]
      x-ms-keyvault-region: [westus]
      x-ms-keyvault-service-version: [1.1.0.879]
      x-powered-by: [ASP.NET]
    status: {code: 404, message: Not Found}
- request:
    body: null
    headers:
      Accept: [application/json]
      Accept-Encoding: ['gzip, deflate']
      Connection: [keep-alive]
      User-Agent: [azsdk-python-keyvault-secrets/4.0.0b5 Python/3.6.6 (Windows-10-10.0.18362-SP0)]
    method: GET
    uri: https://vaultc1310c67.vault.azure.net/deletedsecrets/secret2?api-version=7.0
  response:
    body: {string: '{"error":{"code":"SecretNotFound","message":"Deleted Secret not
        found: secret2"}}'}
    headers:
      cache-control: [no-cache]
      content-length: ['81']
      content-type: [application/json; charset=utf-8]
      date: ['Wed, 16 Oct 2019 16:29:14 GMT']
      expires: ['-1']
      pragma: [no-cache]
      server: [Microsoft-IIS/10.0]
      strict-transport-security: [max-age=31536000;includeSubDomains]
      x-aspnet-version: [4.0.30319]
      x-content-type-options: [nosniff]
      x-ms-keyvault-network-info: [addr=131.107.160.72;act_addr_fam=InterNetwork;]
      x-ms-keyvault-region: [westus]
      x-ms-keyvault-service-version: [1.1.0.879]
      x-powered-by: [ASP.NET]
    status: {code: 404, message: Not Found}
- request:
    body: null
    headers:
      Accept: [application/json]
      Accept-Encoding: ['gzip, deflate']
      Connection: [keep-alive]
      User-Agent: [azsdk-python-keyvault-secrets/4.0.0b5 Python/3.6.6 (Windows-10-10.0.18362-SP0)]
    method: GET
    uri: https://vaultc1310c67.vault.azure.net/deletedsecrets/secret2?api-version=7.0
  response:
    body: {string: '{"recoveryId":"https://vaultc1310c67.vault.azure.net/deletedsecrets/secret2","deletedDate":1571243344,"scheduledPurgeDate":1579019344,"id":"https://vaultc1310c67.vault.azure.net/secrets/secret2/28d7803b3fc24bf8b8f5604de5d01c9c","attributes":{"enabled":true,"created":1571243291,"updated":1571243291,"recoveryLevel":"Recoverable+Purgeable"}}'}
    headers:
      cache-control: [no-cache]
      content-length: ['340']
      content-type: [application/json; charset=utf-8]
      date: ['Wed, 16 Oct 2019 16:29:19 GMT']
      expires: ['-1']
      pragma: [no-cache]
      server: [Microsoft-IIS/10.0]
      strict-transport-security: [max-age=31536000;includeSubDomains]
      x-aspnet-version: [4.0.30319]
      x-content-type-options: [nosniff]
      x-ms-keyvault-network-info: [addr=131.107.160.72;act_addr_fam=InterNetwork;]
      x-ms-keyvault-region: [westus]
      x-ms-keyvault-service-version: [1.1.0.879]
      x-powered-by: [ASP.NET]
    status: {code: 200, message: OK}
- request:
    body: null
    headers:
      Accept: [application/json]
      Accept-Encoding: ['gzip, deflate']
      Connection: [keep-alive]
      Content-Length: ['0']
      User-Agent: [azsdk-python-keyvault-secrets/4.0.0b5 Python/3.6.6 (Windows-10-10.0.18362-SP0)]
    method: DELETE
    uri: https://vaultc1310c67.vault.azure.net/secrets/secret3?api-version=7.0
  response:
    body: {string: '{"recoveryId":"https://vaultc1310c67.vault.azure.net/deletedsecrets/secret3","deletedDate":1571243365,"scheduledPurgeDate":1579019365,"id":"https://vaultc1310c67.vault.azure.net/secrets/secret3/91d7482d90524d07bdcb1405ada1ba69","attributes":{"enabled":true,"created":1571243291,"updated":1571243291,"recoveryLevel":"Recoverable+Purgeable"}}'}
    headers:
      cache-control: [no-cache]
      content-length: ['340']
      content-type: [application/json; charset=utf-8]
      date: ['Wed, 16 Oct 2019 16:29:24 GMT']
      expires: ['-1']
      pragma: [no-cache]
      server: [Microsoft-IIS/10.0]
      strict-transport-security: [max-age=31536000;includeSubDomains]
      x-aspnet-version: [4.0.30319]
      x-content-type-options: [nosniff]
      x-ms-keyvault-network-info: [addr=131.107.160.72;act_addr_fam=InterNetwork;]
      x-ms-keyvault-region: [westus]
      x-ms-keyvault-service-version: [1.1.0.879]
      x-powered-by: [ASP.NET]
    status: {code: 200, message: OK}
- request:
    body: null
    headers:
      Accept: [application/json]
      Accept-Encoding: ['gzip, deflate']
      Connection: [keep-alive]
      User-Agent: [azsdk-python-keyvault-secrets/4.0.0b5 Python/3.6.6 (Windows-10-10.0.18362-SP0)]
    method: GET
    uri: https://vaultc1310c67.vault.azure.net/deletedsecrets/secret3?api-version=7.0
  response:
    body: {string: '{"error":{"code":"SecretNotFound","message":"Deleted Secret not
        found: secret3"}}'}
    headers:
      cache-control: [no-cache]
      content-length: ['81']
      content-type: [application/json; charset=utf-8]
      date: ['Wed, 16 Oct 2019 16:29:24 GMT']
      expires: ['-1']
      pragma: [no-cache]
      server: [Microsoft-IIS/10.0]
      strict-transport-security: [max-age=31536000;includeSubDomains]
      x-aspnet-version: [4.0.30319]
      x-content-type-options: [nosniff]
      x-ms-keyvault-network-info: [addr=131.107.160.72;act_addr_fam=InterNetwork;]
      x-ms-keyvault-region: [westus]
      x-ms-keyvault-service-version: [1.1.0.879]
      x-powered-by: [ASP.NET]
    status: {code: 404, message: Not Found}
- request:
    body: null
    headers:
      Accept: [application/json]
      Accept-Encoding: ['gzip, deflate']
      Connection: [keep-alive]
      User-Agent: [azsdk-python-keyvault-secrets/4.0.0b5 Python/3.6.6 (Windows-10-10.0.18362-SP0)]
    method: GET
    uri: https://vaultc1310c67.vault.azure.net/deletedsecrets/secret3?api-version=7.0
  response:
    body: {string: '{"error":{"code":"SecretNotFound","message":"Deleted Secret not
        found: secret3"}}'}
    headers:
      cache-control: [no-cache]
      content-length: ['81']
      content-type: [application/json; charset=utf-8]
      date: ['Wed, 16 Oct 2019 16:29:29 GMT']
      expires: ['-1']
      pragma: [no-cache]
      server: [Microsoft-IIS/10.0]
      strict-transport-security: [max-age=31536000;includeSubDomains]
      x-aspnet-version: [4.0.30319]
      x-content-type-options: [nosniff]
      x-ms-keyvault-network-info: [addr=131.107.160.72;act_addr_fam=InterNetwork;]
      x-ms-keyvault-region: [westus]
      x-ms-keyvault-service-version: [1.1.0.879]
      x-powered-by: [ASP.NET]
    status: {code: 404, message: Not Found}
- request:
    body: null
    headers:
      Accept: [application/json]
      Accept-Encoding: ['gzip, deflate']
      Connection: [keep-alive]
      User-Agent: [azsdk-python-keyvault-secrets/4.0.0b5 Python/3.6.6 (Windows-10-10.0.18362-SP0)]
    method: GET
    uri: https://vaultc1310c67.vault.azure.net/deletedsecrets/secret3?api-version=7.0
  response:
    body: {string: '{"recoveryId":"https://vaultc1310c67.vault.azure.net/deletedsecrets/secret3","deletedDate":1571243365,"scheduledPurgeDate":1579019365,"id":"https://vaultc1310c67.vault.azure.net/secrets/secret3/91d7482d90524d07bdcb1405ada1ba69","attributes":{"enabled":true,"created":1571243291,"updated":1571243291,"recoveryLevel":"Recoverable+Purgeable"}}'}
    headers:
      cache-control: [no-cache]
      content-length: ['340']
      content-type: [application/json; charset=utf-8]
      date: ['Wed, 16 Oct 2019 16:29:35 GMT']
      expires: ['-1']
      pragma: [no-cache]
      server: [Microsoft-IIS/10.0]
      strict-transport-security: [max-age=31536000;includeSubDomains]
      x-aspnet-version: [4.0.30319]
      x-content-type-options: [nosniff]
      x-ms-keyvault-network-info: [addr=131.107.160.72;act_addr_fam=InterNetwork;]
      x-ms-keyvault-region: [westus]
      x-ms-keyvault-service-version: [1.1.0.879]
      x-powered-by: [ASP.NET]
    status: {code: 200, message: OK}
- request:
    body: null
    headers:
      Accept: [application/json]
      Accept-Encoding: ['gzip, deflate']
      Connection: [keep-alive]
      Content-Length: ['0']
      User-Agent: [azsdk-python-keyvault-secrets/4.0.0b5 Python/3.6.6 (Windows-10-10.0.18362-SP0)]
    method: DELETE
    uri: https://vaultc1310c67.vault.azure.net/secrets/secret4?api-version=7.0
  response:
    body: {string: '{"recoveryId":"https://vaultc1310c67.vault.azure.net/deletedsecrets/secret4","deletedDate":1571243381,"scheduledPurgeDate":1579019381,"id":"https://vaultc1310c67.vault.azure.net/secrets/secret4/69fd94c918ea4207b0defd4636e10b7a","attributes":{"enabled":true,"created":1571243291,"updated":1571243291,"recoveryLevel":"Recoverable+Purgeable"}}'}
    headers:
      cache-control: [no-cache]
      content-length: ['340']
      content-type: [application/json; charset=utf-8]
      date: ['Wed, 16 Oct 2019 16:29:40 GMT']
      expires: ['-1']
      pragma: [no-cache]
      server: [Microsoft-IIS/10.0]
      strict-transport-security: [max-age=31536000;includeSubDomains]
      x-aspnet-version: [4.0.30319]
      x-content-type-options: [nosniff]
      x-ms-keyvault-network-info: [addr=131.107.160.72;act_addr_fam=InterNetwork;]
      x-ms-keyvault-region: [westus]
      x-ms-keyvault-service-version: [1.1.0.879]
      x-powered-by: [ASP.NET]
    status: {code: 200, message: OK}
- request:
    body: null
    headers:
      Accept: [application/json]
      Accept-Encoding: ['gzip, deflate']
      Connection: [keep-alive]
      User-Agent: [azsdk-python-keyvault-secrets/4.0.0b5 Python/3.6.6 (Windows-10-10.0.18362-SP0)]
    method: GET
    uri: https://vaultc1310c67.vault.azure.net/deletedsecrets/secret4?api-version=7.0
  response:
    body: {string: '{"error":{"code":"SecretNotFound","message":"Deleted Secret not
        found: secret4"}}'}
    headers:
      cache-control: [no-cache]
      content-length: ['81']
      content-type: [application/json; charset=utf-8]
      date: ['Wed, 16 Oct 2019 16:29:41 GMT']
      expires: ['-1']
      pragma: [no-cache]
      server: [Microsoft-IIS/10.0]
      strict-transport-security: [max-age=31536000;includeSubDomains]
      x-aspnet-version: [4.0.30319]
      x-content-type-options: [nosniff]
      x-ms-keyvault-network-info: [addr=131.107.160.72;act_addr_fam=InterNetwork;]
      x-ms-keyvault-region: [westus]
      x-ms-keyvault-service-version: [1.1.0.879]
      x-powered-by: [ASP.NET]
    status: {code: 404, message: Not Found}
- request:
    body: null
    headers:
      Accept: [application/json]
      Accept-Encoding: ['gzip, deflate']
      Connection: [keep-alive]
      User-Agent: [azsdk-python-keyvault-secrets/4.0.0b5 Python/3.6.6 (Windows-10-10.0.18362-SP0)]
    method: GET
    uri: https://vaultc1310c67.vault.azure.net/deletedsecrets/secret4?api-version=7.0
  response:
    body: {string: '{"error":{"code":"SecretNotFound","message":"Deleted Secret not
        found: secret4"}}'}
    headers:
      cache-control: [no-cache]
      content-length: ['81']
      content-type: [application/json; charset=utf-8]
      date: ['Wed, 16 Oct 2019 16:29:46 GMT']
      expires: ['-1']
      pragma: [no-cache]
      server: [Microsoft-IIS/10.0]
      strict-transport-security: [max-age=31536000;includeSubDomains]
      x-aspnet-version: [4.0.30319]
      x-content-type-options: [nosniff]
      x-ms-keyvault-network-info: [addr=131.107.160.72;act_addr_fam=InterNetwork;]
      x-ms-keyvault-region: [westus]
      x-ms-keyvault-service-version: [1.1.0.879]
      x-powered-by: [ASP.NET]
    status: {code: 404, message: Not Found}
- request:
    body: null
    headers:
      Accept: [application/json]
      Accept-Encoding: ['gzip, deflate']
      Connection: [keep-alive]
      User-Agent: [azsdk-python-keyvault-secrets/4.0.0b5 Python/3.6.6 (Windows-10-10.0.18362-SP0)]
    method: GET
    uri: https://vaultc1310c67.vault.azure.net/deletedsecrets/secret4?api-version=7.0
  response:
    body: {string: '{"error":{"code":"SecretNotFound","message":"Deleted Secret not
        found: secret4"}}'}
    headers:
      cache-control: [no-cache]
      content-length: ['81']
      content-type: [application/json; charset=utf-8]
      date: ['Wed, 16 Oct 2019 16:29:51 GMT']
      expires: ['-1']
      pragma: [no-cache]
      server: [Microsoft-IIS/10.0]
      strict-transport-security: [max-age=31536000;includeSubDomains]
      x-aspnet-version: [4.0.30319]
      x-content-type-options: [nosniff]
      x-ms-keyvault-network-info: [addr=131.107.160.72;act_addr_fam=InterNetwork;]
      x-ms-keyvault-region: [westus]
      x-ms-keyvault-service-version: [1.1.0.879]
      x-powered-by: [ASP.NET]
    status: {code: 404, message: Not Found}
- request:
    body: null
    headers:
      Accept: [application/json]
      Accept-Encoding: ['gzip, deflate']
      Connection: [keep-alive]
      User-Agent: [azsdk-python-keyvault-secrets/4.0.0b5 Python/3.6.6 (Windows-10-10.0.18362-SP0)]
    method: GET
    uri: https://vaultc1310c67.vault.azure.net/deletedsecrets/secret4?api-version=7.0
  response:
    body: {string: '{"recoveryId":"https://vaultc1310c67.vault.azure.net/deletedsecrets/secret4","deletedDate":1571243381,"scheduledPurgeDate":1579019381,"id":"https://vaultc1310c67.vault.azure.net/secrets/secret4/69fd94c918ea4207b0defd4636e10b7a","attributes":{"enabled":true,"created":1571243291,"updated":1571243291,"recoveryLevel":"Recoverable+Purgeable"}}'}
    headers:
      cache-control: [no-cache]
      content-length: ['340']
      content-type: [application/json; charset=utf-8]
      date: ['Wed, 16 Oct 2019 16:29:56 GMT']
      expires: ['-1']
      pragma: [no-cache]
      server: [Microsoft-IIS/10.0]
      strict-transport-security: [max-age=31536000;includeSubDomains]
      x-aspnet-version: [4.0.30319]
      x-content-type-options: [nosniff]
      x-ms-keyvault-network-info: [addr=131.107.160.72;act_addr_fam=InterNetwork;]
      x-ms-keyvault-region: [westus]
      x-ms-keyvault-service-version: [1.1.0.879]
      x-powered-by: [ASP.NET]
    status: {code: 200, message: OK}
- request:
    body: null
    headers:
      Accept: [application/json]
      Accept-Encoding: ['gzip, deflate']
      Connection: [keep-alive]
      Content-Length: ['0']
      User-Agent: [azsdk-python-keyvault-secrets/4.0.0b5 Python/3.6.6 (Windows-10-10.0.18362-SP0)]
    method: DELETE
    uri: https://vaultc1310c67.vault.azure.net/secrets/secret5?api-version=7.0
  response:
    body: {string: '{"recoveryId":"https://vaultc1310c67.vault.azure.net/deletedsecrets/secret5","deletedDate":1571243401,"scheduledPurgeDate":1579019401,"id":"https://vaultc1310c67.vault.azure.net/secrets/secret5/7fc1369eaac14d3eaadc7120ff943540","attributes":{"enabled":true,"created":1571243291,"updated":1571243291,"recoveryLevel":"Recoverable+Purgeable"}}'}
    headers:
      cache-control: [no-cache]
      content-length: ['340']
      content-type: [application/json; charset=utf-8]
      date: ['Wed, 16 Oct 2019 16:30:01 GMT']
      expires: ['-1']
      pragma: [no-cache]
      server: [Microsoft-IIS/10.0]
      strict-transport-security: [max-age=31536000;includeSubDomains]
      x-aspnet-version: [4.0.30319]
      x-content-type-options: [nosniff]
      x-ms-keyvault-network-info: [addr=131.107.160.72;act_addr_fam=InterNetwork;]
      x-ms-keyvault-region: [westus]
      x-ms-keyvault-service-version: [1.1.0.879]
      x-powered-by: [ASP.NET]
    status: {code: 200, message: OK}
- request:
    body: null
    headers:
      Accept: [application/json]
      Accept-Encoding: ['gzip, deflate']
      Connection: [keep-alive]
      User-Agent: [azsdk-python-keyvault-secrets/4.0.0b5 Python/3.6.6 (Windows-10-10.0.18362-SP0)]
    method: GET
    uri: https://vaultc1310c67.vault.azure.net/deletedsecrets/secret5?api-version=7.0
  response:
    body: {string: '{"error":{"code":"SecretNotFound","message":"Deleted Secret not
        found: secret5"}}'}
    headers:
      cache-control: [no-cache]
      content-length: ['81']
      content-type: [application/json; charset=utf-8]
      date: ['Wed, 16 Oct 2019 16:30:01 GMT']
      expires: ['-1']
      pragma: [no-cache]
      server: [Microsoft-IIS/10.0]
      strict-transport-security: [max-age=31536000;includeSubDomains]
      x-aspnet-version: [4.0.30319]
      x-content-type-options: [nosniff]
      x-ms-keyvault-network-info: [addr=131.107.160.72;act_addr_fam=InterNetwork;]
      x-ms-keyvault-region: [westus]
      x-ms-keyvault-service-version: [1.1.0.879]
      x-powered-by: [ASP.NET]
    status: {code: 404, message: Not Found}
- request:
    body: null
    headers:
      Accept: [application/json]
      Accept-Encoding: ['gzip, deflate']
      Connection: [keep-alive]
      User-Agent: [azsdk-python-keyvault-secrets/4.0.0b5 Python/3.6.6 (Windows-10-10.0.18362-SP0)]
    method: GET
    uri: https://vaultc1310c67.vault.azure.net/deletedsecrets/secret5?api-version=7.0
  response:
    body: {string: '{"error":{"code":"SecretNotFound","message":"Deleted Secret not
        found: secret5"}}'}
    headers:
      cache-control: [no-cache]
      content-length: ['81']
      content-type: [application/json; charset=utf-8]
      date: ['Wed, 16 Oct 2019 16:30:06 GMT']
      expires: ['-1']
      pragma: [no-cache]
      server: [Microsoft-IIS/10.0]
      strict-transport-security: [max-age=31536000;includeSubDomains]
      x-aspnet-version: [4.0.30319]
      x-content-type-options: [nosniff]
      x-ms-keyvault-network-info: [addr=131.107.160.72;act_addr_fam=InterNetwork;]
      x-ms-keyvault-region: [westus]
      x-ms-keyvault-service-version: [1.1.0.879]
      x-powered-by: [ASP.NET]
    status: {code: 404, message: Not Found}
- request:
    body: null
    headers:
      Accept: [application/json]
      Accept-Encoding: ['gzip, deflate']
      Connection: [keep-alive]
      User-Agent: [azsdk-python-keyvault-secrets/4.0.0b5 Python/3.6.6 (Windows-10-10.0.18362-SP0)]
    method: GET
    uri: https://vaultc1310c67.vault.azure.net/deletedsecrets/secret5?api-version=7.0
  response:
    body: {string: '{"error":{"code":"SecretNotFound","message":"Deleted Secret not
        found: secret5"}}'}
    headers:
      cache-control: [no-cache]
      content-length: ['81']
      content-type: [application/json; charset=utf-8]
      date: ['Wed, 16 Oct 2019 16:30:11 GMT']
      expires: ['-1']
      pragma: [no-cache]
      server: [Microsoft-IIS/10.0]
      strict-transport-security: [max-age=31536000;includeSubDomains]
      x-aspnet-version: [4.0.30319]
      x-content-type-options: [nosniff]
      x-ms-keyvault-network-info: [addr=131.107.160.72;act_addr_fam=InterNetwork;]
      x-ms-keyvault-region: [westus]
      x-ms-keyvault-service-version: [1.1.0.879]
      x-powered-by: [ASP.NET]
    status: {code: 404, message: Not Found}
- request:
    body: null
    headers:
      Accept: [application/json]
      Accept-Encoding: ['gzip, deflate']
      Connection: [keep-alive]
      User-Agent: [azsdk-python-keyvault-secrets/4.0.0b5 Python/3.6.6 (Windows-10-10.0.18362-SP0)]
    method: GET
    uri: https://vaultc1310c67.vault.azure.net/deletedsecrets/secret5?api-version=7.0
  response:
    body: {string: '{"error":{"code":"SecretNotFound","message":"Deleted Secret not
        found: secret5"}}'}
    headers:
      cache-control: [no-cache]
      content-length: ['81']
      content-type: [application/json; charset=utf-8]
      date: ['Wed, 16 Oct 2019 16:30:16 GMT']
      expires: ['-1']
      pragma: [no-cache]
      server: [Microsoft-IIS/10.0]
      strict-transport-security: [max-age=31536000;includeSubDomains]
      x-aspnet-version: [4.0.30319]
      x-content-type-options: [nosniff]
      x-ms-keyvault-network-info: [addr=131.107.160.72;act_addr_fam=InterNetwork;]
      x-ms-keyvault-region: [westus]
      x-ms-keyvault-service-version: [1.1.0.879]
      x-powered-by: [ASP.NET]
    status: {code: 404, message: Not Found}
- request:
    body: null
    headers:
      Accept: [application/json]
      Accept-Encoding: ['gzip, deflate']
      Connection: [keep-alive]
      User-Agent: [azsdk-python-keyvault-secrets/4.0.0b5 Python/3.6.6 (Windows-10-10.0.18362-SP0)]
    method: GET
    uri: https://vaultc1310c67.vault.azure.net/deletedsecrets/secret5?api-version=7.0
  response:
    body: {string: '{"recoveryId":"https://vaultc1310c67.vault.azure.net/deletedsecrets/secret5","deletedDate":1571243401,"scheduledPurgeDate":1579019401,"id":"https://vaultc1310c67.vault.azure.net/secrets/secret5/7fc1369eaac14d3eaadc7120ff943540","attributes":{"enabled":true,"created":1571243291,"updated":1571243291,"recoveryLevel":"Recoverable+Purgeable"}}'}
    headers:
      cache-control: [no-cache]
      content-length: ['340']
      content-type: [application/json; charset=utf-8]
      date: ['Wed, 16 Oct 2019 16:30:21 GMT']
      expires: ['-1']
      pragma: [no-cache]
      server: [Microsoft-IIS/10.0]
      strict-transport-security: [max-age=31536000;includeSubDomains]
      x-aspnet-version: [4.0.30319]
      x-content-type-options: [nosniff]
      x-ms-keyvault-network-info: [addr=131.107.160.72;act_addr_fam=InterNetwork;]
      x-ms-keyvault-region: [westus]
      x-ms-keyvault-service-version: [1.1.0.879]
      x-powered-by: [ASP.NET]
    status: {code: 200, message: OK}
- request:
    body: null
    headers:
      Accept: [application/json]
      Accept-Encoding: ['gzip, deflate']
      Connection: [keep-alive]
      Content-Length: ['0']
      User-Agent: [azsdk-python-keyvault-secrets/4.0.0b5 Python/3.6.6 (Windows-10-10.0.18362-SP0)]
    method: DELETE
    uri: https://vaultc1310c67.vault.azure.net/secrets/secret6?api-version=7.0
  response:
    body: {string: '{"recoveryId":"https://vaultc1310c67.vault.azure.net/deletedsecrets/secret6","deletedDate":1571243427,"scheduledPurgeDate":1579019427,"id":"https://vaultc1310c67.vault.azure.net/secrets/secret6/25c455ab24004eca8f410acf17806d09","attributes":{"enabled":true,"created":1571243291,"updated":1571243291,"recoveryLevel":"Recoverable+Purgeable"}}'}
    headers:
      cache-control: [no-cache]
      content-length: ['340']
      content-type: [application/json; charset=utf-8]
      date: ['Wed, 16 Oct 2019 16:30:27 GMT']
      expires: ['-1']
      pragma: [no-cache]
      server: [Microsoft-IIS/10.0]
      strict-transport-security: [max-age=31536000;includeSubDomains]
      x-aspnet-version: [4.0.30319]
      x-content-type-options: [nosniff]
      x-ms-keyvault-network-info: [addr=131.107.160.72;act_addr_fam=InterNetwork;]
      x-ms-keyvault-region: [westus]
      x-ms-keyvault-service-version: [1.1.0.879]
      x-powered-by: [ASP.NET]
    status: {code: 200, message: OK}
- request:
    body: null
    headers:
      Accept: [application/json]
      Accept-Encoding: ['gzip, deflate']
      Connection: [keep-alive]
      User-Agent: [azsdk-python-keyvault-secrets/4.0.0b5 Python/3.6.6 (Windows-10-10.0.18362-SP0)]
    method: GET
    uri: https://vaultc1310c67.vault.azure.net/deletedsecrets/secret6?api-version=7.0
  response:
    body: {string: '{"error":{"code":"SecretNotFound","message":"Deleted Secret not
        found: secret6"}}'}
    headers:
      cache-control: [no-cache]
      content-length: ['81']
      content-type: [application/json; charset=utf-8]
      date: ['Wed, 16 Oct 2019 16:30:27 GMT']
      expires: ['-1']
      pragma: [no-cache]
      server: [Microsoft-IIS/10.0]
      strict-transport-security: [max-age=31536000;includeSubDomains]
      x-aspnet-version: [4.0.30319]
      x-content-type-options: [nosniff]
      x-ms-keyvault-network-info: [addr=131.107.160.72;act_addr_fam=InterNetwork;]
      x-ms-keyvault-region: [westus]
      x-ms-keyvault-service-version: [1.1.0.879]
      x-powered-by: [ASP.NET]
    status: {code: 404, message: Not Found}
- request:
    body: null
    headers:
      Accept: [application/json]
      Accept-Encoding: ['gzip, deflate']
      Connection: [keep-alive]
      User-Agent: [azsdk-python-keyvault-secrets/4.0.0b5 Python/3.6.6 (Windows-10-10.0.18362-SP0)]
    method: GET
    uri: https://vaultc1310c67.vault.azure.net/deletedsecrets/secret6?api-version=7.0
  response:
    body: {string: '{"error":{"code":"SecretNotFound","message":"Deleted Secret not
        found: secret6"}}'}
    headers:
      cache-control: [no-cache]
      content-length: ['81']
      content-type: [application/json; charset=utf-8]
      date: ['Wed, 16 Oct 2019 16:30:32 GMT']
      expires: ['-1']
      pragma: [no-cache]
      server: [Microsoft-IIS/10.0]
      strict-transport-security: [max-age=31536000;includeSubDomains]
      x-aspnet-version: [4.0.30319]
      x-content-type-options: [nosniff]
      x-ms-keyvault-network-info: [addr=131.107.160.72;act_addr_fam=InterNetwork;]
      x-ms-keyvault-region: [westus]
      x-ms-keyvault-service-version: [1.1.0.879]
      x-powered-by: [ASP.NET]
    status: {code: 404, message: Not Found}
- request:
    body: null
    headers:
      Accept: [application/json]
      Accept-Encoding: ['gzip, deflate']
      Connection: [keep-alive]
      User-Agent: [azsdk-python-keyvault-secrets/4.0.0b5 Python/3.6.6 (Windows-10-10.0.18362-SP0)]
    method: GET
    uri: https://vaultc1310c67.vault.azure.net/deletedsecrets/secret6?api-version=7.0
  response:
    body: {string: '{"recoveryId":"https://vaultc1310c67.vault.azure.net/deletedsecrets/secret6","deletedDate":1571243427,"scheduledPurgeDate":1579019427,"id":"https://vaultc1310c67.vault.azure.net/secrets/secret6/25c455ab24004eca8f410acf17806d09","attributes":{"enabled":true,"created":1571243291,"updated":1571243291,"recoveryLevel":"Recoverable+Purgeable"}}'}
    headers:
      cache-control: [no-cache]
      content-length: ['340']
      content-type: [application/json; charset=utf-8]
      date: ['Wed, 16 Oct 2019 16:30:37 GMT']
      expires: ['-1']
      pragma: [no-cache]
      server: [Microsoft-IIS/10.0]
      strict-transport-security: [max-age=31536000;includeSubDomains]
      x-aspnet-version: [4.0.30319]
      x-content-type-options: [nosniff]
      x-ms-keyvault-network-info: [addr=131.107.160.72;act_addr_fam=InterNetwork;]
      x-ms-keyvault-region: [westus]
      x-ms-keyvault-service-version: [1.1.0.879]
      x-powered-by: [ASP.NET]
    status: {code: 200, message: OK}
- request:
    body: null
    headers:
      Accept: [application/json]
      Accept-Encoding: ['gzip, deflate']
      Connection: [keep-alive]
      User-Agent: [azsdk-python-keyvault-secrets/4.0.0b5 Python/3.6.6 (Windows-10-10.0.18362-SP0)]
    method: GET
    uri: https://vaultc1310c67.vault.azure.net/deletedsecrets?api-version=7.0
  response:
    body: {string: '{"value":[{"recoveryId":"https://vaultc1310c67.vault.azure.net/deletedsecrets/secret0","deletedDate":1571243292,"scheduledPurgeDate":1579019292,"id":"https://vaultc1310c67.vault.azure.net/secrets/secret0","attributes":{"enabled":true,"created":1571243290,"updated":1571243290,"recoveryLevel":"Recoverable+Purgeable"}},{"recoveryId":"https://vaultc1310c67.vault.azure.net/deletedsecrets/secret1","deletedDate":1571243323,"scheduledPurgeDate":1579019323,"id":"https://vaultc1310c67.vault.azure.net/secrets/secret1","attributes":{"enabled":true,"created":1571243291,"updated":1571243291,"recoveryLevel":"Recoverable+Purgeable"}},{"recoveryId":"https://vaultc1310c67.vault.azure.net/deletedsecrets/secret2","deletedDate":1571243344,"scheduledPurgeDate":1579019344,"id":"https://vaultc1310c67.vault.azure.net/secrets/secret2","attributes":{"enabled":true,"created":1571243291,"updated":1571243291,"recoveryLevel":"Recoverable+Purgeable"}},{"recoveryId":"https://vaultc1310c67.vault.azure.net/deletedsecrets/secret3","deletedDate":1571243365,"scheduledPurgeDate":1579019365,"id":"https://vaultc1310c67.vault.azure.net/secrets/secret3","attributes":{"enabled":true,"created":1571243291,"updated":1571243291,"recoveryLevel":"Recoverable+Purgeable"}},{"recoveryId":"https://vaultc1310c67.vault.azure.net/deletedsecrets/secret4","deletedDate":1571243381,"scheduledPurgeDate":1579019381,"id":"https://vaultc1310c67.vault.azure.net/secrets/secret4","attributes":{"enabled":true,"created":1571243291,"updated":1571243291,"recoveryLevel":"Recoverable+Purgeable"}},{"recoveryId":"https://vaultc1310c67.vault.azure.net/deletedsecrets/secret5","deletedDate":1571243401,"scheduledPurgeDate":1579019401,"id":"https://vaultc1310c67.vault.azure.net/secrets/secret5","attributes":{"enabled":true,"created":1571243291,"updated":1571243291,"recoveryLevel":"Recoverable+Purgeable"}},{"recoveryId":"https://vaultc1310c67.vault.azure.net/deletedsecrets/secret6","deletedDate":1571243427,"scheduledPurgeDate":1579019427,"id":"https://vaultc1310c67.vault.azure.net/secrets/secret6","attributes":{"enabled":true,"created":1571243291,"updated":1571243291,"recoveryLevel":"Recoverable+Purgeable"}}],"nextLink":null}'}
    headers:
      cache-control: [no-cache]
      content-length: ['2183']
      content-type: [application/json; charset=utf-8]
      date: ['Wed, 16 Oct 2019 16:30:42 GMT']
      expires: ['-1']
      pragma: [no-cache]
      server: [Microsoft-IIS/10.0]
      strict-transport-security: [max-age=31536000;includeSubDomains]
      x-aspnet-version: [4.0.30319]
      x-content-type-options: [nosniff]
      x-ms-keyvault-network-info: [addr=131.107.160.72;act_addr_fam=InterNetwork;]
      x-ms-keyvault-region: [westus]
      x-ms-keyvault-service-version: [1.1.0.879]
      x-powered-by: [ASP.NET]
    status: {code: 200, message: OK}
- request:
    body: null
    headers:
      Accept: ['*/*']
      Accept-Encoding: ['gzip, deflate']
      Connection: [keep-alive]
      Content-Length: ['0']
      User-Agent: [azsdk-python-keyvault-secrets/4.0.0b5 Python/3.6.6 (Windows-10-10.0.18362-SP0)]
    method: DELETE
    uri: https://vaultc1310c67.vault.azure.net/deletedsecrets/secret0?api-version=7.0
  response:
    body: {string: ''}
    headers:
      cache-control: [no-cache]
      date: ['Wed, 16 Oct 2019 16:30:43 GMT']
      expires: ['-1']
      pragma: [no-cache]
      server: [Microsoft-IIS/10.0]
      strict-transport-security: [max-age=31536000;includeSubDomains]
      x-aspnet-version: [4.0.30319]
      x-content-type-options: [nosniff]
      x-ms-keyvault-network-info: [addr=131.107.160.72;act_addr_fam=InterNetwork;]
      x-ms-keyvault-region: [westus]
      x-ms-keyvault-service-version: [1.1.0.879]
      x-powered-by: [ASP.NET]
    status: {code: 204, message: No Content}
- request:
    body: null
    headers:
      Accept: ['*/*']
      Accept-Encoding: ['gzip, deflate']
      Connection: [keep-alive]
      Content-Length: ['0']
      User-Agent: [azsdk-python-keyvault-secrets/4.0.0b5 Python/3.6.6 (Windows-10-10.0.18362-SP0)]
    method: DELETE
    uri: https://vaultc1310c67.vault.azure.net/deletedsecrets/secret1?api-version=7.0
  response:
    body: {string: ''}
    headers:
      cache-control: [no-cache]
      date: ['Wed, 16 Oct 2019 16:30:43 GMT']
      expires: ['-1']
      pragma: [no-cache]
      server: [Microsoft-IIS/10.0]
      strict-transport-security: [max-age=31536000;includeSubDomains]
      x-aspnet-version: [4.0.30319]
      x-content-type-options: [nosniff]
      x-ms-keyvault-network-info: [addr=131.107.160.72;act_addr_fam=InterNetwork;]
      x-ms-keyvault-region: [westus]
      x-ms-keyvault-service-version: [1.1.0.879]
      x-powered-by: [ASP.NET]
    status: {code: 204, message: No Content}
- request:
    body: null
    headers:
      Accept: ['*/*']
      Accept-Encoding: ['gzip, deflate']
      Connection: [keep-alive]
      Content-Length: ['0']
      User-Agent: [azsdk-python-keyvault-secrets/4.0.0b5 Python/3.6.6 (Windows-10-10.0.18362-SP0)]
    method: DELETE
    uri: https://vaultc1310c67.vault.azure.net/deletedsecrets/secret2?api-version=7.0
  response:
    body: {string: ''}
    headers:
      cache-control: [no-cache]
      date: ['Wed, 16 Oct 2019 16:30:43 GMT']
      expires: ['-1']
      pragma: [no-cache]
      server: [Microsoft-IIS/10.0]
      strict-transport-security: [max-age=31536000;includeSubDomains]
      x-aspnet-version: [4.0.30319]
      x-content-type-options: [nosniff]
      x-ms-keyvault-network-info: [addr=131.107.160.72;act_addr_fam=InterNetwork;]
      x-ms-keyvault-region: [westus]
      x-ms-keyvault-service-version: [1.1.0.879]
      x-powered-by: [ASP.NET]
    status: {code: 204, message: No Content}
- request:
    body: null
    headers:
      Accept: ['*/*']
      Accept-Encoding: ['gzip, deflate']
      Connection: [keep-alive]
      Content-Length: ['0']
      User-Agent: [azsdk-python-keyvault-secrets/4.0.0b5 Python/3.6.6 (Windows-10-10.0.18362-SP0)]
    method: DELETE
    uri: https://vaultc1310c67.vault.azure.net/deletedsecrets/secret3?api-version=7.0
  response:
    body: {string: ''}
    headers:
      cache-control: [no-cache]
      date: ['Wed, 16 Oct 2019 16:30:43 GMT']
      expires: ['-1']
      pragma: [no-cache]
      server: [Microsoft-IIS/10.0]
      strict-transport-security: [max-age=31536000;includeSubDomains]
      x-aspnet-version: [4.0.30319]
      x-content-type-options: [nosniff]
      x-ms-keyvault-network-info: [addr=131.107.160.72;act_addr_fam=InterNetwork;]
      x-ms-keyvault-region: [westus]
      x-ms-keyvault-service-version: [1.1.0.879]
      x-powered-by: [ASP.NET]
    status: {code: 204, message: No Content}
- request:
    body: null
    headers:
      Accept: ['*/*']
      Accept-Encoding: ['gzip, deflate']
      Connection: [keep-alive]
      Content-Length: ['0']
      User-Agent: [azsdk-python-keyvault-secrets/4.0.0b5 Python/3.6.6 (Windows-10-10.0.18362-SP0)]
    method: DELETE
    uri: https://vaultc1310c67.vault.azure.net/deletedsecrets/secret4?api-version=7.0
  response:
    body: {string: ''}
    headers:
      cache-control: [no-cache]
      date: ['Wed, 16 Oct 2019 16:30:43 GMT']
      expires: ['-1']
      pragma: [no-cache]
      server: [Microsoft-IIS/10.0]
      strict-transport-security: [max-age=31536000;includeSubDomains]
      x-aspnet-version: [4.0.30319]
      x-content-type-options: [nosniff]
      x-ms-keyvault-network-info: [addr=131.107.160.72;act_addr_fam=InterNetwork;]
      x-ms-keyvault-region: [westus]
      x-ms-keyvault-service-version: [1.1.0.879]
      x-powered-by: [ASP.NET]
    status: {code: 204, message: No Content}
- request:
    body: null
    headers:
      Accept: ['*/*']
      Accept-Encoding: ['gzip, deflate']
      Connection: [keep-alive]
      Content-Length: ['0']
      User-Agent: [azsdk-python-keyvault-secrets/4.0.0b5 Python/3.6.6 (Windows-10-10.0.18362-SP0)]
    method: DELETE
    uri: https://vaultc1310c67.vault.azure.net/deletedsecrets/secret5?api-version=7.0
  response:
    body: {string: ''}
    headers:
      cache-control: [no-cache]
      date: ['Wed, 16 Oct 2019 16:30:44 GMT']
      expires: ['-1']
      pragma: [no-cache]
      server: [Microsoft-IIS/10.0]
      strict-transport-security: [max-age=31536000;includeSubDomains]
      x-aspnet-version: [4.0.30319]
      x-content-type-options: [nosniff]
      x-ms-keyvault-network-info: [addr=131.107.160.72;act_addr_fam=InterNetwork;]
      x-ms-keyvault-region: [westus]
      x-ms-keyvault-service-version: [1.1.0.879]
      x-powered-by: [ASP.NET]
    status: {code: 204, message: No Content}
- request:
    body: null
    headers:
      Accept: ['*/*']
      Accept-Encoding: ['gzip, deflate']
      Connection: [keep-alive]
      Content-Length: ['0']
      User-Agent: [azsdk-python-keyvault-secrets/4.0.0b5 Python/3.6.6 (Windows-10-10.0.18362-SP0)]
    method: DELETE
    uri: https://vaultc1310c67.vault.azure.net/deletedsecrets/secret6?api-version=7.0
  response:
    body: {string: ''}
    headers:
      cache-control: [no-cache]
      date: ['Wed, 16 Oct 2019 16:30:44 GMT']
      expires: ['-1']
      pragma: [no-cache]
      server: [Microsoft-IIS/10.0]
      strict-transport-security: [max-age=31536000;includeSubDomains]
      x-aspnet-version: [4.0.30319]
      x-content-type-options: [nosniff]
      x-ms-keyvault-network-info: [addr=131.107.160.72;act_addr_fam=InterNetwork;]
      x-ms-keyvault-region: [westus]
      x-ms-keyvault-service-version: [1.1.0.879]
      x-powered-by: [ASP.NET]
    status: {code: 204, message: No Content}
- request:
    body: null
    headers:
      Accept: [application/json]
      Accept-Encoding: ['gzip, deflate']
      Connection: [keep-alive]
      User-Agent: [azsdk-python-keyvault-secrets/4.0.0b5 Python/3.6.6 (Windows-10-10.0.18362-SP0)]
    method: GET
    uri: https://vaultc1310c67.vault.azure.net/deletedsecrets/secret0?api-version=7.0
  response:
    body: {string: '{"error":{"code":"SecretNotFound","message":"Deleted Secret not
        found: secret0"}}'}
    headers:
      cache-control: [no-cache]
      content-length: ['81']
      content-type: [application/json; charset=utf-8]
      date: ['Wed, 16 Oct 2019 16:30:44 GMT']
      expires: ['-1']
      pragma: [no-cache]
      server: [Microsoft-IIS/10.0]
      strict-transport-security: [max-age=31536000;includeSubDomains]
      x-aspnet-version: [4.0.30319]
      x-content-type-options: [nosniff]
      x-ms-keyvault-network-info: [addr=131.107.160.72;act_addr_fam=InterNetwork;]
      x-ms-keyvault-region: [westus]
      x-ms-keyvault-service-version: [1.1.0.879]
      x-powered-by: [ASP.NET]
    status: {code: 404, message: Not Found}
- request:
    body: null
    headers:
      Accept: [application/json]
      Accept-Encoding: ['gzip, deflate']
      Connection: [keep-alive]
      User-Agent: [azsdk-python-keyvault-secrets/4.0.0b5 Python/3.6.6 (Windows-10-10.0.18362-SP0)]
    method: GET
    uri: https://vaultc1310c67.vault.azure.net/deletedsecrets/secret1?api-version=7.0
  response:
    body: {string: '{"error":{"code":"SecretNotFound","message":"Deleted Secret not
        found: secret1"}}'}
    headers:
      cache-control: [no-cache]
      content-length: ['81']
      content-type: [application/json; charset=utf-8]
      date: ['Wed, 16 Oct 2019 16:30:44 GMT']
      expires: ['-1']
      pragma: [no-cache]
      server: [Microsoft-IIS/10.0]
      strict-transport-security: [max-age=31536000;includeSubDomains]
      x-aspnet-version: [4.0.30319]
      x-content-type-options: [nosniff]
      x-ms-keyvault-network-info: [addr=131.107.160.72;act_addr_fam=InterNetwork;]
      x-ms-keyvault-region: [westus]
      x-ms-keyvault-service-version: [1.1.0.879]
      x-powered-by: [ASP.NET]
    status: {code: 404, message: Not Found}
- request:
    body: null
    headers:
      Accept: [application/json]
      Accept-Encoding: ['gzip, deflate']
      Connection: [keep-alive]
      User-Agent: [azsdk-python-keyvault-secrets/4.0.0b5 Python/3.6.6 (Windows-10-10.0.18362-SP0)]
    method: GET
    uri: https://vaultc1310c67.vault.azure.net/deletedsecrets/secret2?api-version=7.0
  response:
    body: {string: '{"error":{"code":"SecretNotFound","message":"Deleted Secret not
        found: secret2"}}'}
    headers:
      cache-control: [no-cache]
      content-length: ['81']
      content-type: [application/json; charset=utf-8]
      date: ['Wed, 16 Oct 2019 16:30:44 GMT']
      expires: ['-1']
      pragma: [no-cache]
      server: [Microsoft-IIS/10.0]
      strict-transport-security: [max-age=31536000;includeSubDomains]
      x-aspnet-version: [4.0.30319]
      x-content-type-options: [nosniff]
      x-ms-keyvault-network-info: [addr=131.107.160.72;act_addr_fam=InterNetwork;]
      x-ms-keyvault-region: [westus]
      x-ms-keyvault-service-version: [1.1.0.879]
      x-powered-by: [ASP.NET]
    status: {code: 404, message: Not Found}
- request:
    body: null
    headers:
      Accept: [application/json]
      Accept-Encoding: ['gzip, deflate']
      Connection: [keep-alive]
      User-Agent: [azsdk-python-keyvault-secrets/4.0.0b5 Python/3.6.6 (Windows-10-10.0.18362-SP0)]
    method: GET
    uri: https://vaultc1310c67.vault.azure.net/deletedsecrets/secret3?api-version=7.0
  response:
    body: {string: '{"error":{"code":"SecretNotFound","message":"Deleted Secret not
        found: secret3"}}'}
    headers:
      cache-control: [no-cache]
      content-length: ['81']
      content-type: [application/json; charset=utf-8]
      date: ['Wed, 16 Oct 2019 16:30:44 GMT']
      expires: ['-1']
      pragma: [no-cache]
      server: [Microsoft-IIS/10.0]
      strict-transport-security: [max-age=31536000;includeSubDomains]
      x-aspnet-version: [4.0.30319]
      x-content-type-options: [nosniff]
      x-ms-keyvault-network-info: [addr=131.107.160.72;act_addr_fam=InterNetwork;]
      x-ms-keyvault-region: [westus]
      x-ms-keyvault-service-version: [1.1.0.879]
      x-powered-by: [ASP.NET]
    status: {code: 404, message: Not Found}
- request:
    body: null
    headers:
      Accept: [application/json]
      Accept-Encoding: ['gzip, deflate']
      Connection: [keep-alive]
      User-Agent: [azsdk-python-keyvault-secrets/4.0.0b5 Python/3.6.6 (Windows-10-10.0.18362-SP0)]
    method: GET
    uri: https://vaultc1310c67.vault.azure.net/deletedsecrets/secret4?api-version=7.0
  response:
    body: {string: '{"error":{"code":"SecretNotFound","message":"Deleted Secret not
        found: secret4"}}'}
    headers:
      cache-control: [no-cache]
      content-length: ['81']
      content-type: [application/json; charset=utf-8]
      date: ['Wed, 16 Oct 2019 16:30:44 GMT']
      expires: ['-1']
      pragma: [no-cache]
      server: [Microsoft-IIS/10.0]
      strict-transport-security: [max-age=31536000;includeSubDomains]
      x-aspnet-version: [4.0.30319]
      x-content-type-options: [nosniff]
      x-ms-keyvault-network-info: [addr=131.107.160.72;act_addr_fam=InterNetwork;]
      x-ms-keyvault-region: [westus]
      x-ms-keyvault-service-version: [1.1.0.879]
      x-powered-by: [ASP.NET]
    status: {code: 404, message: Not Found}
- request:
    body: null
    headers:
      Accept: [application/json]
      Accept-Encoding: ['gzip, deflate']
      Connection: [keep-alive]
      User-Agent: [azsdk-python-keyvault-secrets/4.0.0b5 Python/3.6.6 (Windows-10-10.0.18362-SP0)]
    method: GET
    uri: https://vaultc1310c67.vault.azure.net/deletedsecrets/secret5?api-version=7.0
  response:
    body: {string: '{"error":{"code":"SecretNotFound","message":"Deleted Secret not
        found: secret5"}}'}
    headers:
      cache-control: [no-cache]
      content-length: ['81']
      content-type: [application/json; charset=utf-8]
      date: ['Wed, 16 Oct 2019 16:30:44 GMT']
      expires: ['-1']
      pragma: [no-cache]
      server: [Microsoft-IIS/10.0]
      strict-transport-security: [max-age=31536000;includeSubDomains]
      x-aspnet-version: [4.0.30319]
      x-content-type-options: [nosniff]
      x-ms-keyvault-network-info: [addr=131.107.160.72;act_addr_fam=InterNetwork;]
      x-ms-keyvault-region: [westus]
      x-ms-keyvault-service-version: [1.1.0.879]
      x-powered-by: [ASP.NET]
    status: {code: 404, message: Not Found}
- request:
    body: null
    headers:
      Accept: [application/json]
      Accept-Encoding: ['gzip, deflate']
      Connection: [keep-alive]
      User-Agent: [azsdk-python-keyvault-secrets/4.0.0b5 Python/3.6.6 (Windows-10-10.0.18362-SP0)]
    method: GET
    uri: https://vaultc1310c67.vault.azure.net/deletedsecrets/secret6?api-version=7.0
  response:
    body: {string: '{"error":{"code":"SecretNotFound","message":"Deleted Secret not
        found: secret6"}}'}
    headers:
      cache-control: [no-cache]
      content-length: ['81']
      content-type: [application/json; charset=utf-8]
      date: ['Wed, 16 Oct 2019 16:30:44 GMT']
      expires: ['-1']
      pragma: [no-cache]
      server: [Microsoft-IIS/10.0]
      strict-transport-security: [max-age=31536000;includeSubDomains]
      x-aspnet-version: [4.0.30319]
      x-content-type-options: [nosniff]
      x-ms-keyvault-network-info: [addr=131.107.160.72;act_addr_fam=InterNetwork;]
      x-ms-keyvault-region: [westus]
      x-ms-keyvault-service-version: [1.1.0.879]
      x-powered-by: [ASP.NET]
    status: {code: 404, message: Not Found}
- request:
    body: null
    headers:
      Accept: [application/json]
      Accept-Encoding: ['gzip, deflate']
      Connection: [keep-alive]
      User-Agent: [azsdk-python-keyvault-secrets/4.0.0b5 Python/3.6.6 (Windows-10-10.0.18362-SP0)]
    method: GET
    uri: https://vaultc1310c67.vault.azure.net/deletedsecrets?api-version=7.0
  response:
    body: {string: '{"value":[],"nextLink":null}'}
    headers:
      cache-control: [no-cache]
      content-length: ['28']
      content-type: [application/json; charset=utf-8]
      date: ['Wed, 16 Oct 2019 16:30:45 GMT']
      expires: ['-1']
      pragma: [no-cache]
      server: [Microsoft-IIS/10.0]
      strict-transport-security: [max-age=31536000;includeSubDomains]
      x-aspnet-version: [4.0.30319]
      x-content-type-options: [nosniff]
      x-ms-keyvault-network-info: [addr=131.107.160.72;act_addr_fam=InterNetwork;]
      x-ms-keyvault-region: [westus]
      x-ms-keyvault-service-version: [1.1.0.879]
      x-powered-by: [ASP.NET]
    status: {code: 200, message: OK}
version: 1
