interactions:
- request:
    body: null
    headers:
      Accept:
      - application/json
      Accept-Encoding:
      - gzip, deflate
      Connection:
      - keep-alive
      Content-Length:
      - '0'
      Content-Type:
      - application/json; charset=utf-8
      User-Agent:
      - python/3.6.6 (Windows-10-10.0.18362-SP0) azure-core/1.0.0b2 azsdk-python-azure-keyvault/7.0
    method: PUT
    uri: https://vault2aad19c6.vault.azure.net/secrets/key0?api-version=7.0
  response:
    body:
      string: ''
    headers:
      cache-control:
      - no-cache
      content-length:
      - '0'
      date:
      - Tue, 23 Jul 2019 17:28:42 GMT
      expires:
      - '-1'
      pragma:
      - no-cache
      server:
      - Microsoft-IIS/10.0
      strict-transport-security:
      - max-age=31536000;includeSubDomains
      www-authenticate:
      - Bearer authorization="https://login.windows.net/72f988bf-86f1-41af-91ab-2d7cd011db47",
        resource="https://vault.azure.net"
      x-aspnet-version:
      - 4.0.30319
      x-content-type-options:
      - nosniff
      x-ms-keyvault-network-info:
      - addr=131.107.160.200;act_addr_fam=InterNetwork;
      x-ms-keyvault-region:
      - westus
      x-ms-keyvault-service-version:
      - 1.1.0.872
      x-powered-by:
      - ASP.NET
    status:
      code: 401
      message: Unauthorized
- request:
    body: '{"value": "value0"}'
    headers:
      Accept:
      - application/json
      Accept-Encoding:
      - gzip, deflate
      Connection:
      - keep-alive
      Content-Length:
      - '19'
      Content-Type:
      - application/json; charset=utf-8
      User-Agent:
      - python/3.6.6 (Windows-10-10.0.18362-SP0) azure-core/1.0.0b2 azsdk-python-azure-keyvault/7.0
    method: PUT
    uri: https://vault2aad19c6.vault.azure.net/secrets/key0?api-version=7.0
  response:
    body:
      string: '{"value":"value0","id":"https://vault2aad19c6.vault.azure.net/secrets/key0/decacfafbd8d47ff8449a8158099d627","attributes":{"enabled":true,"created":1563902922,"updated":1563902922,"recoveryLevel":"Recoverable+Purgeable"}}'
    headers:
      cache-control:
      - no-cache
      content-length:
      - '221'
      content-type:
      - application/json; charset=utf-8
      date:
      - Tue, 23 Jul 2019 17:28:42 GMT
      expires:
      - '-1'
      pragma:
      - no-cache
      server:
      - Microsoft-IIS/10.0
      strict-transport-security:
      - max-age=31536000;includeSubDomains
      x-aspnet-version:
      - 4.0.30319
      x-content-type-options:
      - nosniff
      x-ms-keyvault-network-info:
      - addr=131.107.160.200;act_addr_fam=InterNetwork;
      x-ms-keyvault-region:
      - westus
      x-ms-keyvault-service-version:
      - 1.1.0.872
      x-powered-by:
      - ASP.NET
    status:
      code: 200
      message: OK
- request:
    body: '{"value": "value1"}'
    headers:
      Accept:
      - application/json
      Accept-Encoding:
      - gzip, deflate
      Connection:
      - keep-alive
      Content-Length:
      - '19'
      Content-Type:
      - application/json; charset=utf-8
      User-Agent:
      - python/3.6.6 (Windows-10-10.0.18362-SP0) azure-core/1.0.0b2 azsdk-python-azure-keyvault/7.0
    method: PUT
    uri: https://vault2aad19c6.vault.azure.net/secrets/key1?api-version=7.0
  response:
    body:
      string: '{"value":"value1","id":"https://vault2aad19c6.vault.azure.net/secrets/key1/dff8cd37685d4353ae746451ee0044c9","attributes":{"enabled":true,"created":1563902922,"updated":1563902922,"recoveryLevel":"Recoverable+Purgeable"}}'
    headers:
      cache-control:
      - no-cache
      content-length:
      - '221'
      content-type:
      - application/json; charset=utf-8
      date:
      - Tue, 23 Jul 2019 17:28:42 GMT
      expires:
      - '-1'
      pragma:
      - no-cache
      server:
      - Microsoft-IIS/10.0
      strict-transport-security:
      - max-age=31536000;includeSubDomains
      x-aspnet-version:
      - 4.0.30319
      x-content-type-options:
      - nosniff
      x-ms-keyvault-network-info:
      - addr=131.107.160.200;act_addr_fam=InterNetwork;
      x-ms-keyvault-region:
      - westus
      x-ms-keyvault-service-version:
      - 1.1.0.872
      x-powered-by:
      - ASP.NET
    status:
      code: 200
      message: OK
- request:
    body: '{"value": "value2"}'
    headers:
      Accept:
      - application/json
      Accept-Encoding:
      - gzip, deflate
      Connection:
      - keep-alive
      Content-Length:
      - '19'
      Content-Type:
      - application/json; charset=utf-8
      User-Agent:
      - python/3.6.6 (Windows-10-10.0.18362-SP0) azure-core/1.0.0b2 azsdk-python-azure-keyvault/7.0
    method: PUT
    uri: https://vault2aad19c6.vault.azure.net/secrets/key2?api-version=7.0
  response:
    body:
      string: '{"value":"value2","id":"https://vault2aad19c6.vault.azure.net/secrets/key2/18bcc8744e944a60a4c9e819d63e48ab","attributes":{"enabled":true,"created":1563902922,"updated":1563902922,"recoveryLevel":"Recoverable+Purgeable"}}'
    headers:
      cache-control:
      - no-cache
      content-length:
      - '221'
      content-type:
      - application/json; charset=utf-8
      date:
      - Tue, 23 Jul 2019 17:28:42 GMT
      expires:
      - '-1'
      pragma:
      - no-cache
      server:
      - Microsoft-IIS/10.0
      strict-transport-security:
      - max-age=31536000;includeSubDomains
      x-aspnet-version:
      - 4.0.30319
      x-content-type-options:
      - nosniff
      x-ms-keyvault-network-info:
      - addr=131.107.160.200;act_addr_fam=InterNetwork;
      x-ms-keyvault-region:
      - westus
      x-ms-keyvault-service-version:
      - 1.1.0.872
      x-powered-by:
      - ASP.NET
    status:
      code: 200
      message: OK
- request:
    body: '{"value": "value3"}'
    headers:
      Accept:
      - application/json
      Accept-Encoding:
      - gzip, deflate
      Connection:
      - keep-alive
      Content-Length:
      - '19'
      Content-Type:
      - application/json; charset=utf-8
      User-Agent:
      - python/3.6.6 (Windows-10-10.0.18362-SP0) azure-core/1.0.0b2 azsdk-python-azure-keyvault/7.0
    method: PUT
    uri: https://vault2aad19c6.vault.azure.net/secrets/key3?api-version=7.0
  response:
    body:
      string: '{"value":"value3","id":"https://vault2aad19c6.vault.azure.net/secrets/key3/f02cba9ff764461fbb017c8553ab5f18","attributes":{"enabled":true,"created":1563902922,"updated":1563902922,"recoveryLevel":"Recoverable+Purgeable"}}'
    headers:
      cache-control:
      - no-cache
      content-length:
      - '221'
      content-type:
      - application/json; charset=utf-8
      date:
      - Tue, 23 Jul 2019 17:28:42 GMT
      expires:
      - '-1'
      pragma:
      - no-cache
      server:
      - Microsoft-IIS/10.0
      strict-transport-security:
      - max-age=31536000;includeSubDomains
      x-aspnet-version:
      - 4.0.30319
      x-content-type-options:
      - nosniff
      x-ms-keyvault-network-info:
      - addr=131.107.160.200;act_addr_fam=InterNetwork;
      x-ms-keyvault-region:
      - westus
      x-ms-keyvault-service-version:
      - 1.1.0.872
      x-powered-by:
      - ASP.NET
    status:
      code: 200
      message: OK
- request:
    body: '{"value": "value4"}'
    headers:
      Accept:
      - application/json
      Accept-Encoding:
      - gzip, deflate
      Connection:
      - keep-alive
      Content-Length:
      - '19'
      Content-Type:
      - application/json; charset=utf-8
      User-Agent:
      - python/3.6.6 (Windows-10-10.0.18362-SP0) azure-core/1.0.0b2 azsdk-python-azure-keyvault/7.0
    method: PUT
    uri: https://vault2aad19c6.vault.azure.net/secrets/key4?api-version=7.0
  response:
    body:
      string: '{"value":"value4","id":"https://vault2aad19c6.vault.azure.net/secrets/key4/3244463f781749b193c776ad47f1a730","attributes":{"enabled":true,"created":1563902923,"updated":1563902923,"recoveryLevel":"Recoverable+Purgeable"}}'
    headers:
      cache-control:
      - no-cache
      content-length:
      - '221'
      content-type:
      - application/json; charset=utf-8
      date:
      - Tue, 23 Jul 2019 17:28:43 GMT
      expires:
      - '-1'
      pragma:
      - no-cache
      server:
      - Microsoft-IIS/10.0
      strict-transport-security:
      - max-age=31536000;includeSubDomains
      x-aspnet-version:
      - 4.0.30319
      x-content-type-options:
      - nosniff
      x-ms-keyvault-network-info:
      - addr=131.107.160.200;act_addr_fam=InterNetwork;
      x-ms-keyvault-region:
      - westus
      x-ms-keyvault-service-version:
      - 1.1.0.872
      x-powered-by:
      - ASP.NET
    status:
      code: 200
      message: OK
- request:
    body: '{"value": "value5"}'
    headers:
      Accept:
      - application/json
      Accept-Encoding:
      - gzip, deflate
      Connection:
      - keep-alive
      Content-Length:
      - '19'
      Content-Type:
      - application/json; charset=utf-8
      User-Agent:
      - python/3.6.6 (Windows-10-10.0.18362-SP0) azure-core/1.0.0b2 azsdk-python-azure-keyvault/7.0
    method: PUT
    uri: https://vault2aad19c6.vault.azure.net/secrets/key5?api-version=7.0
  response:
    body:
      string: '{"value":"value5","id":"https://vault2aad19c6.vault.azure.net/secrets/key5/4ee56d5b22e74dda86c855cf55968af9","attributes":{"enabled":true,"created":1563902923,"updated":1563902923,"recoveryLevel":"Recoverable+Purgeable"}}'
    headers:
      cache-control:
      - no-cache
      content-length:
      - '221'
      content-type:
      - application/json; charset=utf-8
      date:
      - Tue, 23 Jul 2019 17:28:43 GMT
      expires:
      - '-1'
      pragma:
      - no-cache
      server:
      - Microsoft-IIS/10.0
      strict-transport-security:
      - max-age=31536000;includeSubDomains
      x-aspnet-version:
      - 4.0.30319
      x-content-type-options:
      - nosniff
      x-ms-keyvault-network-info:
      - addr=131.107.160.200;act_addr_fam=InterNetwork;
      x-ms-keyvault-region:
      - westus
      x-ms-keyvault-service-version:
      - 1.1.0.872
      x-powered-by:
      - ASP.NET
    status:
      code: 200
      message: OK
- request:
    body: '{"value": "value6"}'
    headers:
      Accept:
      - application/json
      Accept-Encoding:
      - gzip, deflate
      Connection:
      - keep-alive
      Content-Length:
      - '19'
      Content-Type:
      - application/json; charset=utf-8
      User-Agent:
      - python/3.6.6 (Windows-10-10.0.18362-SP0) azure-core/1.0.0b2 azsdk-python-azure-keyvault/7.0
    method: PUT
    uri: https://vault2aad19c6.vault.azure.net/secrets/key6?api-version=7.0
  response:
    body:
      string: '{"value":"value6","id":"https://vault2aad19c6.vault.azure.net/secrets/key6/09f20232bc734945886dc3ce1c6e64a6","attributes":{"enabled":true,"created":1563902923,"updated":1563902923,"recoveryLevel":"Recoverable+Purgeable"}}'
    headers:
      cache-control:
      - no-cache
      content-length:
      - '221'
      content-type:
      - application/json; charset=utf-8
      date:
      - Tue, 23 Jul 2019 17:28:43 GMT
      expires:
      - '-1'
      pragma:
      - no-cache
      server:
      - Microsoft-IIS/10.0
      strict-transport-security:
      - max-age=31536000;includeSubDomains
      x-aspnet-version:
      - 4.0.30319
      x-content-type-options:
      - nosniff
      x-ms-keyvault-network-info:
      - addr=131.107.160.200;act_addr_fam=InterNetwork;
      x-ms-keyvault-region:
      - westus
      x-ms-keyvault-service-version:
      - 1.1.0.872
      x-powered-by:
      - ASP.NET
    status:
      code: 200
      message: OK
- request:
    body: null
    headers:
      Accept:
      - application/json
      Accept-Encoding:
      - gzip, deflate
      Connection:
      - keep-alive
      User-Agent:
      - python/3.6.6 (Windows-10-10.0.18362-SP0) azure-core/1.0.0b2 azsdk-python-azure-keyvault/7.0
    method: GET
    uri: https://vault2aad19c6.vault.azure.net/secrets?api-version=7.0
  response:
    body:
      string: '{"value":[{"id":"https://vault2aad19c6.vault.azure.net/secrets/key0","attributes":{"enabled":true,"created":1563902922,"updated":1563902922,"recoveryLevel":"Recoverable+Purgeable"}},{"id":"https://vault2aad19c6.vault.azure.net/secrets/key1","attributes":{"enabled":true,"created":1563902922,"updated":1563902922,"recoveryLevel":"Recoverable+Purgeable"}},{"id":"https://vault2aad19c6.vault.azure.net/secrets/key2","attributes":{"enabled":true,"created":1563902922,"updated":1563902922,"recoveryLevel":"Recoverable+Purgeable"}},{"id":"https://vault2aad19c6.vault.azure.net/secrets/key3","attributes":{"enabled":true,"created":1563902922,"updated":1563902922,"recoveryLevel":"Recoverable+Purgeable"}},{"id":"https://vault2aad19c6.vault.azure.net/secrets/key4","attributes":{"enabled":true,"created":1563902923,"updated":1563902923,"recoveryLevel":"Recoverable+Purgeable"}},{"id":"https://vault2aad19c6.vault.azure.net/secrets/key5","attributes":{"enabled":true,"created":1563902923,"updated":1563902923,"recoveryLevel":"Recoverable+Purgeable"}},{"id":"https://vault2aad19c6.vault.azure.net/secrets/key6","attributes":{"enabled":true,"created":1563902923,"updated":1563902923,"recoveryLevel":"Recoverable+Purgeable"}}],"nextLink":null}'
    headers:
      cache-control:
      - no-cache
      content-length:
      - '1231'
      content-type:
      - application/json; charset=utf-8
      date:
      - Tue, 23 Jul 2019 17:28:43 GMT
      expires:
      - '-1'
      pragma:
      - no-cache
      server:
      - Microsoft-IIS/10.0
      strict-transport-security:
      - max-age=31536000;includeSubDomains
      x-aspnet-version:
      - 4.0.30319
      x-content-type-options:
      - nosniff
      x-ms-keyvault-network-info:
      - addr=131.107.160.200;act_addr_fam=InterNetwork;
      x-ms-keyvault-region:
      - westus
      x-ms-keyvault-service-version:
      - 1.1.0.872
      x-powered-by:
      - ASP.NET
    status:
      code: 200
      message: OK
- request:
    body: null
    headers:
      Accept:
      - application/json
      Accept-Encoding:
      - gzip, deflate
      Connection:
      - keep-alive
      User-Agent:
      - python/3.6.6 (Windows-10-10.0.18362-SP0) azure-core/1.0.0b2 azsdk-python-azure-keyvault/7.0
    method: GET
    uri: https://vault2aad19c6.vault.azure.net/secrets/secret-name/versions?api-version=7.0
  response:
    body:
      string: '{"value":[],"nextLink":null}'
    headers:
      cache-control:
      - no-cache
      content-length:
      - '28'
      content-type:
      - application/json; charset=utf-8
      date:
      - Tue, 23 Jul 2019 17:28:43 GMT
      expires:
      - '-1'
      pragma:
      - no-cache
      server:
      - Microsoft-IIS/10.0
      strict-transport-security:
      - max-age=31536000;includeSubDomains
      x-aspnet-version:
      - 4.0.30319
      x-content-type-options:
      - nosniff
      x-ms-keyvault-network-info:
      - addr=131.107.160.200;act_addr_fam=InterNetwork;
      x-ms-keyvault-region:
      - westus
      x-ms-keyvault-service-version:
      - 1.1.0.872
      x-powered-by:
      - ASP.NET
    status:
      code: 200
      message: OK
- request:
    body: null
    headers:
      Accept:
      - application/json
      Accept-Encoding:
      - gzip, deflate
      Connection:
      - keep-alive
      User-Agent:
      - python/3.6.6 (Windows-10-10.0.18362-SP0) azure-core/1.0.0b2 azsdk-python-azure-keyvault/7.0
    method: GET
    uri: https://vault2aad19c6.vault.azure.net/deletedsecrets?api-version=7.0
  response:
    body:
      string: '{"value":[],"nextLink":null}'
    headers:
      cache-control:
      - no-cache
      content-length:
      - '28'
      content-type:
      - application/json; charset=utf-8
      date:
      - Tue, 23 Jul 2019 17:28:43 GMT
      expires:
      - '-1'
      pragma:
      - no-cache
      server:
      - Microsoft-IIS/10.0
      strict-transport-security:
      - max-age=31536000;includeSubDomains
      x-aspnet-version:
      - 4.0.30319
      x-content-type-options:
      - nosniff
      x-ms-keyvault-network-info:
      - addr=131.107.160.200;act_addr_fam=InterNetwork;
      x-ms-keyvault-region:
      - westus
      x-ms-keyvault-service-version:
      - 1.1.0.872
      x-powered-by:
      - ASP.NET
    status:
      code: 200
      message: OK
version: 1
