{
  "Entries": [
    {
      "RequestUri": "https://vaultname.vault.azure.net/secrets/livekvtestsecret0ea712901?api-version=7.0",
      "RequestMethod": "PUT",
      "RequestHeaders": {
        "Accept": "application/json",
        "Accept-Encoding": "gzip, deflate",
        "Authorization": "Sanitized",
        "Content-Length": "19",
        "Content-Type": "application/json",
        "User-Agent": "azsdk-python-keyvault-secrets/4.4.0b4 Python/3.9.9 (Windows-10-10.0.22000-SP0)",
        "x-ms-client-request-id": "79becba3-a53a-11ec-af68-a04a5ed0778b"
      },
      "RequestBody": {
        "value": "value0"
      },
      "StatusCode": 200,
      "ResponseHeaders": {
        "Cache-Control": "no-cache",
        "Content-Length": "248",
        "Content-Type": "application/json; charset=utf-8",
        "Date": "Wed, 16 Mar 2022 15:05:11 GMT",
        "Expires": "-1",
        "Pragma": "no-cache",
        "Strict-Transport-Security": "max-age=31536000;includeSubDomains",
        "X-Content-Type-Options": "nosniff",
        "x-ms-client-request-id": "79becba3-a53a-11ec-af68-a04a5ed0778b",
        "x-ms-keyvault-network-info": "conn_type=Ipv4;addr=73.232.137.144;act_addr_fam=InterNetwork;",
        "x-ms-keyvault-rbac-assignment-id": "44e2fa9b-9219-5ede-a044-28bdaaea57b8",
        "x-ms-keyvault-rbac-cache": "ra_age=1479;da_age=5812;rd_age=5812;brd_age=11254;ra_notif_age=1878;dec_lev=1;",
        "x-ms-keyvault-region": "westus2",
        "x-ms-keyvault-service-version": "1.9.291.1",
        "x-ms-request-id": "dc8012c0-af74-41f1-8200-873aa97521a3",
        "X-Powered-By": "ASP.NET"
      },
      "ResponseBody": {
        "value": "value0",
        "id": "https://vaultname.vault.azure.net/secrets/livekvtestsecret0ea712901/fb6bec4580964a899de2502928b273d0",
        "attributes": {
          "enabled": true,
          "created": 1647443111,
          "updated": 1647443111,
          "recoveryLevel": "CustomizedRecoverable\u002BPurgeable"
        }
      }
    },
    {
      "RequestUri": "https://vaultname.vault.azure.net/secrets/livekvtestsecret1ea712901?api-version=7.0",
      "RequestMethod": "PUT",
      "RequestHeaders": {
        "Accept": "application/json",
        "Accept-Encoding": "gzip, deflate",
        "Authorization": "Sanitized",
        "Content-Length": "19",
        "Content-Type": "application/json",
        "User-Agent": "azsdk-python-keyvault-secrets/4.4.0b4 Python/3.9.9 (Windows-10-10.0.22000-SP0)",
        "x-ms-client-request-id": "79e7f025-a53a-11ec-ac4b-a04a5ed0778b"
      },
      "RequestBody": {
        "value": "value1"
      },
      "StatusCode": 200,
      "ResponseHeaders": {
        "Cache-Control": "no-cache",
        "Content-Length": "248",
        "Content-Type": "application/json; charset=utf-8",
        "Date": "Wed, 16 Mar 2022 15:05:11 GMT",
        "Expires": "-1",
        "Pragma": "no-cache",
        "Strict-Transport-Security": "max-age=31536000;includeSubDomains",
        "X-Content-Type-Options": "nosniff",
        "x-ms-client-request-id": "79e7f025-a53a-11ec-ac4b-a04a5ed0778b",
        "x-ms-keyvault-network-info": "conn_type=Ipv4;addr=73.232.137.144;act_addr_fam=InterNetwork;",
        "x-ms-keyvault-rbac-assignment-id": "44e2fa9b-9219-5ede-a044-28bdaaea57b8",
        "x-ms-keyvault-rbac-cache": "ra_age=1479;da_age=5813;rd_age=5813;brd_age=11254;ra_notif_age=1878;dec_lev=1;",
        "x-ms-keyvault-region": "westus2",
        "x-ms-keyvault-service-version": "1.9.291.1",
        "x-ms-request-id": "eadd123f-6047-42ce-b02e-6620076728b5",
        "X-Powered-By": "ASP.NET"
      },
      "ResponseBody": {
        "value": "value1",
        "id": "https://vaultname.vault.azure.net/secrets/livekvtestsecret1ea712901/7cc215eb9c474a0085e21239fd73d1d2",
        "attributes": {
          "enabled": true,
          "created": 1647443111,
          "updated": 1647443111,
          "recoveryLevel": "CustomizedRecoverable\u002BPurgeable"
        }
      }
    },
    {
      "RequestUri": "https://vaultname.vault.azure.net/secrets/livekvtestsecret2ea712901?api-version=7.0",
      "RequestMethod": "PUT",
      "RequestHeaders": {
        "Accept": "application/json",
        "Accept-Encoding": "gzip, deflate",
        "Authorization": "Sanitized",
        "Content-Length": "19",
        "Content-Type": "application/json",
        "User-Agent": "azsdk-python-keyvault-secrets/4.4.0b4 Python/3.9.9 (Windows-10-10.0.22000-SP0)",
        "x-ms-client-request-id": "79fbb8cb-a53a-11ec-95ac-a04a5ed0778b"
      },
      "RequestBody": {
        "value": "value2"
      },
      "StatusCode": 200,
      "ResponseHeaders": {
        "Cache-Control": "no-cache",
        "Content-Length": "248",
        "Content-Type": "application/json; charset=utf-8",
        "Date": "Wed, 16 Mar 2022 15:05:12 GMT",
        "Expires": "-1",
        "Pragma": "no-cache",
        "Strict-Transport-Security": "max-age=31536000;includeSubDomains",
        "X-Content-Type-Options": "nosniff",
        "x-ms-client-request-id": "79fbb8cb-a53a-11ec-95ac-a04a5ed0778b",
        "x-ms-keyvault-network-info": "conn_type=Ipv4;addr=73.232.137.144;act_addr_fam=InterNetwork;",
        "x-ms-keyvault-rbac-assignment-id": "44e2fa9b-9219-5ede-a044-28bdaaea57b8",
        "x-ms-keyvault-rbac-cache": "ra_age=1479;da_age=5813;rd_age=5813;brd_age=11254;ra_notif_age=1878;dec_lev=1;",
        "x-ms-keyvault-region": "westus2",
        "x-ms-keyvault-service-version": "1.9.291.1",
        "x-ms-request-id": "22be7ea3-7a60-4f6a-9ced-66bed4c7307b",
        "X-Powered-By": "ASP.NET"
      },
      "ResponseBody": {
        "value": "value2",
        "id": "https://vaultname.vault.azure.net/secrets/livekvtestsecret2ea712901/c6edfe47b4ff438db46808f2c5e0d5cd",
        "attributes": {
          "enabled": true,
          "created": 1647443111,
          "updated": 1647443111,
          "recoveryLevel": "CustomizedRecoverable\u002BPurgeable"
        }
      }
    },
    {
      "RequestUri": "https://vaultname.vault.azure.net/secrets/livekvtestsecret3ea712901?api-version=7.0",
      "RequestMethod": "PUT",
      "RequestHeaders": {
        "Accept": "application/json",
        "Accept-Encoding": "gzip, deflate",
        "Authorization": "Sanitized",
        "Content-Length": "19",
        "Content-Type": "application/json",
        "User-Agent": "azsdk-python-keyvault-secrets/4.4.0b4 Python/3.9.9 (Windows-10-10.0.22000-SP0)",
        "x-ms-client-request-id": "7a0e9a12-a53a-11ec-a984-a04a5ed0778b"
      },
      "RequestBody": {
        "value": "value3"
      },
      "StatusCode": 200,
      "ResponseHeaders": {
        "Cache-Control": "no-cache",
        "Content-Length": "248",
        "Content-Type": "application/json; charset=utf-8",
        "Date": "Wed, 16 Mar 2022 15:05:12 GMT",
        "Expires": "-1",
        "Pragma": "no-cache",
        "Strict-Transport-Security": "max-age=31536000;includeSubDomains",
        "X-Content-Type-Options": "nosniff",
        "x-ms-client-request-id": "7a0e9a12-a53a-11ec-a984-a04a5ed0778b",
        "x-ms-keyvault-network-info": "conn_type=Ipv4;addr=73.232.137.144;act_addr_fam=InterNetwork;",
        "x-ms-keyvault-rbac-assignment-id": "44e2fa9b-9219-5ede-a044-28bdaaea57b8",
        "x-ms-keyvault-rbac-cache": "ra_age=1479;da_age=5813;rd_age=5813;brd_age=11254;ra_notif_age=1878;dec_lev=1;",
        "x-ms-keyvault-region": "westus2",
        "x-ms-keyvault-service-version": "1.9.291.1",
        "x-ms-request-id": "b981a286-78eb-4c9e-af96-bfd10cae2c7e",
        "X-Powered-By": "ASP.NET"
      },
      "ResponseBody": {
        "value": "value3",
        "id": "https://vaultname.vault.azure.net/secrets/livekvtestsecret3ea712901/dc05c15ae19e4cecb080e56f4b27f2e0",
        "attributes": {
          "enabled": true,
          "created": 1647443112,
          "updated": 1647443112,
          "recoveryLevel": "CustomizedRecoverable\u002BPurgeable"
        }
      }
    },
    {
      "RequestUri": "https://vaultname.vault.azure.net/secrets/livekvtestsecret4ea712901?api-version=7.0",
      "RequestMethod": "PUT",
      "RequestHeaders": {
        "Accept": "application/json",
        "Accept-Encoding": "gzip, deflate",
        "Authorization": "Sanitized",
        "Content-Length": "19",
        "Content-Type": "application/json",
        "User-Agent": "azsdk-python-keyvault-secrets/4.4.0b4 Python/3.9.9 (Windows-10-10.0.22000-SP0)",
        "x-ms-client-request-id": "7a21cdbd-a53a-11ec-a91e-a04a5ed0778b"
      },
      "RequestBody": {
        "value": "value4"
      },
      "StatusCode": 200,
      "ResponseHeaders": {
        "Cache-Control": "no-cache",
        "Content-Length": "248",
        "Content-Type": "application/json; charset=utf-8",
        "Date": "Wed, 16 Mar 2022 15:05:12 GMT",
        "Expires": "-1",
        "Pragma": "no-cache",
        "Strict-Transport-Security": "max-age=31536000;includeSubDomains",
        "X-Content-Type-Options": "nosniff",
        "x-ms-client-request-id": "7a21cdbd-a53a-11ec-a91e-a04a5ed0778b",
        "x-ms-keyvault-network-info": "conn_type=Ipv4;addr=73.232.137.144;act_addr_fam=InterNetwork;",
        "x-ms-keyvault-rbac-assignment-id": "44e2fa9b-9219-5ede-a044-28bdaaea57b8",
        "x-ms-keyvault-rbac-cache": "ra_age=1480;da_age=5813;rd_age=5813;brd_age=11255;ra_notif_age=1879;dec_lev=1;",
        "x-ms-keyvault-region": "westus2",
        "x-ms-keyvault-service-version": "1.9.291.1",
        "x-ms-request-id": "d38e1fd7-49ea-44f9-8d5e-44ad2d4dbaea",
        "X-Powered-By": "ASP.NET"
      },
      "ResponseBody": {
        "value": "value4",
        "id": "https://vaultname.vault.azure.net/secrets/livekvtestsecret4ea712901/f38c5d066b4d49aab8693636a77b981f",
        "attributes": {
          "enabled": true,
          "created": 1647443112,
          "updated": 1647443112,
          "recoveryLevel": "CustomizedRecoverable\u002BPurgeable"
        }
      }
    },
    {
      "RequestUri": "https://vaultname.vault.azure.net/secrets/livekvtestsecret5ea712901?api-version=7.0",
      "RequestMethod": "PUT",
      "RequestHeaders": {
        "Accept": "application/json",
        "Accept-Encoding": "gzip, deflate",
        "Authorization": "Sanitized",
        "Content-Length": "19",
        "Content-Type": "application/json",
        "User-Agent": "azsdk-python-keyvault-secrets/4.4.0b4 Python/3.9.9 (Windows-10-10.0.22000-SP0)",
        "x-ms-client-request-id": "7a3c3fdf-a53a-11ec-a1de-a04a5ed0778b"
      },
      "RequestBody": {
        "value": "value5"
      },
      "StatusCode": 200,
      "ResponseHeaders": {
        "Cache-Control": "no-cache",
        "Content-Length": "248",
        "Content-Type": "application/json; charset=utf-8",
        "Date": "Wed, 16 Mar 2022 15:05:12 GMT",
        "Expires": "-1",
        "Pragma": "no-cache",
        "Strict-Transport-Security": "max-age=31536000;includeSubDomains",
        "X-Content-Type-Options": "nosniff",
        "x-ms-client-request-id": "7a3c3fdf-a53a-11ec-a1de-a04a5ed0778b",
        "x-ms-keyvault-network-info": "conn_type=Ipv4;addr=73.232.137.144;act_addr_fam=InterNetwork;",
        "x-ms-keyvault-rbac-assignment-id": "44e2fa9b-9219-5ede-a044-28bdaaea57b8",
        "x-ms-keyvault-rbac-cache": "ra_age=1480;da_age=5813;rd_age=5813;brd_age=11255;ra_notif_age=1879;dec_lev=1;",
        "x-ms-keyvault-region": "westus2",
        "x-ms-keyvault-service-version": "1.9.291.1",
        "x-ms-request-id": "6f6b2799-90fc-41c8-b54a-7a6c677bfcb3",
        "X-Powered-By": "ASP.NET"
      },
      "ResponseBody": {
        "value": "value5",
        "id": "https://vaultname.vault.azure.net/secrets/livekvtestsecret5ea712901/1c61a53660104ebfaa748921af24156a",
        "attributes": {
          "enabled": true,
          "created": 1647443112,
          "updated": 1647443112,
          "recoveryLevel": "CustomizedRecoverable\u002BPurgeable"
        }
      }
    },
    {
      "RequestUri": "https://vaultname.vault.azure.net/secrets/livekvtestsecret6ea712901?api-version=7.0",
      "RequestMethod": "PUT",
      "RequestHeaders": {
        "Accept": "application/json",
        "Accept-Encoding": "gzip, deflate",
        "Authorization": "Sanitized",
        "Content-Length": "19",
        "Content-Type": "application/json",
        "User-Agent": "azsdk-python-keyvault-secrets/4.4.0b4 Python/3.9.9 (Windows-10-10.0.22000-SP0)",
        "x-ms-client-request-id": "7a564b1e-a53a-11ec-984a-a04a5ed0778b"
      },
      "RequestBody": {
        "value": "value6"
      },
      "StatusCode": 200,
      "ResponseHeaders": {
        "Cache-Control": "no-cache",
        "Content-Length": "248",
        "Content-Type": "application/json; charset=utf-8",
        "Date": "Wed, 16 Mar 2022 15:05:12 GMT",
        "Expires": "-1",
        "Pragma": "no-cache",
        "Strict-Transport-Security": "max-age=31536000;includeSubDomains",
        "X-Content-Type-Options": "nosniff",
        "x-ms-client-request-id": "7a564b1e-a53a-11ec-984a-a04a5ed0778b",
        "x-ms-keyvault-network-info": "conn_type=Ipv4;addr=73.232.137.144;act_addr_fam=InterNetwork;",
        "x-ms-keyvault-rbac-assignment-id": "44e2fa9b-9219-5ede-a044-28bdaaea57b8",
        "x-ms-keyvault-rbac-cache": "ra_age=1480;da_age=5813;rd_age=5813;brd_age=11255;ra_notif_age=1879;dec_lev=1;",
        "x-ms-keyvault-region": "westus2",
        "x-ms-keyvault-service-version": "1.9.291.1",
        "x-ms-request-id": "cba7e015-dbc5-4f16-93bf-2c69782371e6",
        "X-Powered-By": "ASP.NET"
      },
      "ResponseBody": {
        "value": "value6",
        "id": "https://vaultname.vault.azure.net/secrets/livekvtestsecret6ea712901/277f0bd562c14893a0af792ebdb948d7",
        "attributes": {
          "enabled": true,
          "created": 1647443112,
          "updated": 1647443112,
          "recoveryLevel": "CustomizedRecoverable\u002BPurgeable"
        }
      }
    },
    {
      "RequestUri": "https://vaultname.vault.azure.net/secrets/livekvtestsecret0ea712901?api-version=7.0",
      "RequestMethod": "DELETE",
      "RequestHeaders": {
        "Accept": "application/json",
        "Accept-Encoding": "gzip, deflate",
        "Authorization": "Sanitized",
        "Content-Length": "0",
        "User-Agent": "azsdk-python-keyvault-secrets/4.4.0b4 Python/3.9.9 (Windows-10-10.0.22000-SP0)",
        "x-ms-client-request-id": "7a76df26-a53a-11ec-bf3f-a04a5ed0778b"
      },
      "RequestBody": null,
      "StatusCode": 200,
      "ResponseHeaders": {
        "Cache-Control": "no-cache",
        "Content-Length": "378",
        "Content-Type": "application/json; charset=utf-8",
        "Date": "Wed, 16 Mar 2022 15:05:12 GMT",
        "Expires": "-1",
        "Pragma": "no-cache",
        "Strict-Transport-Security": "max-age=31536000;includeSubDomains",
        "X-Content-Type-Options": "nosniff",
        "x-ms-client-request-id": "7a76df26-a53a-11ec-bf3f-a04a5ed0778b",
        "x-ms-keyvault-network-info": "conn_type=Ipv4;addr=73.232.137.144;act_addr_fam=InterNetwork;",
        "x-ms-keyvault-rbac-assignment-id": "44e2fa9b-9219-5ede-a044-28bdaaea57b8",
        "x-ms-keyvault-rbac-cache": "ra_age=1480;da_age=5813;rd_age=5813;brd_age=11255;ra_notif_age=1879;dec_lev=1;",
        "x-ms-keyvault-region": "westus2",
        "x-ms-keyvault-service-version": "1.9.291.1",
        "x-ms-request-id": "2a91bc17-cb94-44a7-9ed4-0ad9328342ec",
        "X-Powered-By": "ASP.NET"
      },
      "ResponseBody": {
        "recoveryId": "https://vaultname.vault.azure.net/deletedsecrets/livekvtestsecret0ea712901",
        "deletedDate": 1647443112,
        "scheduledPurgeDate": 1648047912,
        "id": "https://vaultname.vault.azure.net/secrets/livekvtestsecret0ea712901/fb6bec4580964a899de2502928b273d0",
        "attributes": {
          "enabled": true,
          "created": 1647443111,
          "updated": 1647443111,
          "recoveryLevel": "CustomizedRecoverable\u002BPurgeable"
        }
      }
    },
    {
      "RequestUri": "https://vaultname.vault.azure.net/deletedsecrets/livekvtestsecret0ea712901?api-version=7.0",
      "RequestMethod": "GET",
      "RequestHeaders": {
        "Accept": "application/json",
        "Accept-Encoding": "gzip, deflate",
        "Authorization": "Sanitized",
        "User-Agent": "azsdk-python-keyvault-secrets/4.4.0b4 Python/3.9.9 (Windows-10-10.0.22000-SP0)",
        "x-ms-client-request-id": "7a89cd9b-a53a-11ec-a2d0-a04a5ed0778b"
      },
      "RequestBody": null,
      "StatusCode": 404,
      "ResponseHeaders": {
        "Cache-Control": "no-cache",
        "Content-Length": "99",
        "Content-Type": "application/json; charset=utf-8",
        "Date": "Wed, 16 Mar 2022 15:05:12 GMT",
        "Expires": "-1",
        "Pragma": "no-cache",
        "Strict-Transport-Security": "max-age=31536000;includeSubDomains",
        "X-Content-Type-Options": "nosniff",
        "x-ms-client-request-id": "7a89cd9b-a53a-11ec-a2d0-a04a5ed0778b",
        "x-ms-keyvault-network-info": "conn_type=Ipv4;addr=73.232.137.144;act_addr_fam=InterNetwork;",
        "x-ms-keyvault-rbac-assignment-id": "44e2fa9b-9219-5ede-a044-28bdaaea57b8",
        "x-ms-keyvault-rbac-cache": "ra_age=1480;da_age=5814;rd_age=5814;brd_age=11255;ra_notif_age=1879;dec_lev=1;",
        "x-ms-keyvault-region": "westus2",
        "x-ms-keyvault-service-version": "1.9.291.1",
        "x-ms-request-id": "7696ce7b-a928-4c79-b882-40b3e0558c4b",
        "X-Powered-By": "ASP.NET"
      },
      "ResponseBody": {
        "error": {
          "code": "SecretNotFound",
          "message": "Deleted Secret not found: livekvtestsecret0ea712901"
        }
      }
    },
    {
      "RequestUri": "https://vaultname.vault.azure.net/deletedsecrets/livekvtestsecret0ea712901?api-version=7.0",
      "RequestMethod": "GET",
      "RequestHeaders": {
        "Accept": "application/json",
        "Accept-Encoding": "gzip, deflate",
        "Authorization": "Sanitized",
        "User-Agent": "azsdk-python-keyvault-secrets/4.4.0b4 Python/3.9.9 (Windows-10-10.0.22000-SP0)",
        "x-ms-client-request-id": "7bc9e408-a53a-11ec-8a7c-a04a5ed0778b"
      },
      "RequestBody": null,
      "StatusCode": 404,
      "ResponseHeaders": {
        "Cache-Control": "no-cache",
        "Content-Length": "99",
        "Content-Type": "application/json; charset=utf-8",
        "Date": "Wed, 16 Mar 2022 15:05:14 GMT",
        "Expires": "-1",
        "Pragma": "no-cache",
        "Strict-Transport-Security": "max-age=31536000;includeSubDomains",
        "X-Content-Type-Options": "nosniff",
        "x-ms-client-request-id": "7bc9e408-a53a-11ec-8a7c-a04a5ed0778b",
        "x-ms-keyvault-network-info": "conn_type=Ipv4;addr=73.232.137.144;act_addr_fam=InterNetwork;",
        "x-ms-keyvault-rbac-assignment-id": "44e2fa9b-9219-5ede-a044-28bdaaea57b8",
        "x-ms-keyvault-rbac-cache": "ra_age=1482;da_age=5816;rd_age=5816;brd_age=11257;ra_notif_age=1881;dec_lev=0;",
        "x-ms-keyvault-region": "westus2",
        "x-ms-keyvault-service-version": "1.9.291.1",
        "x-ms-request-id": "4de4320b-ee1d-4055-8f8c-97569a42b0fc",
        "X-Powered-By": "ASP.NET"
      },
      "ResponseBody": {
        "error": {
          "code": "SecretNotFound",
          "message": "Deleted Secret not found: livekvtestsecret0ea712901"
        }
      }
    },
    {
      "RequestUri": "https://vaultname.vault.azure.net/deletedsecrets/livekvtestsecret0ea712901?api-version=7.0",
      "RequestMethod": "GET",
      "RequestHeaders": {
        "Accept": "application/json",
        "Accept-Encoding": "gzip, deflate",
        "Authorization": "Sanitized",
        "User-Agent": "azsdk-python-keyvault-secrets/4.4.0b4 Python/3.9.9 (Windows-10-10.0.22000-SP0)",
        "x-ms-client-request-id": "7d094e07-a53a-11ec-ab78-a04a5ed0778b"
      },
      "RequestBody": null,
      "StatusCode": 200,
      "ResponseHeaders": {
        "Cache-Control": "no-cache",
        "Content-Length": "378",
        "Content-Type": "application/json; charset=utf-8",
        "Date": "Wed, 16 Mar 2022 15:05:17 GMT",
        "Expires": "-1",
        "Pragma": "no-cache",
        "Strict-Transport-Security": "max-age=31536000;includeSubDomains",
        "X-Content-Type-Options": "nosniff",
        "x-ms-client-request-id": "7d094e07-a53a-11ec-ab78-a04a5ed0778b",
        "x-ms-keyvault-network-info": "conn_type=Ipv4;addr=73.232.137.144;act_addr_fam=InterNetwork;",
        "x-ms-keyvault-rbac-assignment-id": "44e2fa9b-9219-5ede-a044-28bdaaea57b8",
        "x-ms-keyvault-rbac-cache": "ra_age=1484;da_age=5818;rd_age=5818;brd_age=11259;ra_notif_age=1883;dec_lev=0;",
        "x-ms-keyvault-region": "westus2",
        "x-ms-keyvault-service-version": "1.9.291.1",
        "x-ms-request-id": "78ea3264-6fc0-4879-bacf-dab417838aa9",
        "X-Powered-By": "ASP.NET"
      },
      "ResponseBody": {
        "recoveryId": "https://vaultname.vault.azure.net/deletedsecrets/livekvtestsecret0ea712901",
        "deletedDate": 1647443112,
        "scheduledPurgeDate": 1648047912,
        "id": "https://vaultname.vault.azure.net/secrets/livekvtestsecret0ea712901/fb6bec4580964a899de2502928b273d0",
        "attributes": {
          "enabled": true,
          "created": 1647443111,
          "updated": 1647443111,
          "recoveryLevel": "CustomizedRecoverable\u002BPurgeable"
        }
      }
    },
    {
      "RequestUri": "https://vaultname.vault.azure.net/secrets/livekvtestsecret1ea712901?api-version=7.0",
      "RequestMethod": "DELETE",
      "RequestHeaders": {
        "Accept": "application/json",
        "Accept-Encoding": "gzip, deflate",
        "Authorization": "Sanitized",
        "Content-Length": "0",
        "User-Agent": "azsdk-python-keyvault-secrets/4.4.0b4 Python/3.9.9 (Windows-10-10.0.22000-SP0)",
        "x-ms-client-request-id": "7d2a2833-a53a-11ec-a661-a04a5ed0778b"
      },
      "RequestBody": null,
      "StatusCode": 200,
      "ResponseHeaders": {
        "Cache-Control": "no-cache",
        "Content-Length": "378",
        "Content-Type": "application/json; charset=utf-8",
        "Date": "Wed, 16 Mar 2022 15:05:17 GMT",
        "Expires": "-1",
        "Pragma": "no-cache",
        "Strict-Transport-Security": "max-age=31536000;includeSubDomains",
        "X-Content-Type-Options": "nosniff",
        "x-ms-client-request-id": "7d2a2833-a53a-11ec-a661-a04a5ed0778b",
        "x-ms-keyvault-network-info": "conn_type=Ipv4;addr=73.232.137.144;act_addr_fam=InterNetwork;",
        "x-ms-keyvault-rbac-assignment-id": "44e2fa9b-9219-5ede-a044-28bdaaea57b8",
        "x-ms-keyvault-rbac-cache": "ra_age=1485;da_age=5818;rd_age=5818;brd_age=11260;ra_notif_age=1884;dec_lev=1;",
        "x-ms-keyvault-region": "westus2",
        "x-ms-keyvault-service-version": "1.9.291.1",
        "x-ms-request-id": "06eb8445-5543-4847-908b-c6e242ec1e7e",
        "X-Powered-By": "ASP.NET"
      },
      "ResponseBody": {
        "recoveryId": "https://vaultname.vault.azure.net/deletedsecrets/livekvtestsecret1ea712901",
        "deletedDate": 1647443117,
        "scheduledPurgeDate": 1648047917,
        "id": "https://vaultname.vault.azure.net/secrets/livekvtestsecret1ea712901/7cc215eb9c474a0085e21239fd73d1d2",
        "attributes": {
          "enabled": true,
          "created": 1647443111,
          "updated": 1647443111,
          "recoveryLevel": "CustomizedRecoverable\u002BPurgeable"
        }
      }
    },
    {
      "RequestUri": "https://vaultname.vault.azure.net/deletedsecrets/livekvtestsecret1ea712901?api-version=7.0",
      "RequestMethod": "GET",
      "RequestHeaders": {
        "Accept": "application/json",
        "Accept-Encoding": "gzip, deflate",
        "Authorization": "Sanitized",
        "User-Agent": "azsdk-python-keyvault-secrets/4.4.0b4 Python/3.9.9 (Windows-10-10.0.22000-SP0)",
        "x-ms-client-request-id": "7d3f5746-a53a-11ec-9a16-a04a5ed0778b"
      },
      "RequestBody": null,
      "StatusCode": 404,
      "ResponseHeaders": {
        "Cache-Control": "no-cache",
        "Content-Length": "99",
        "Content-Type": "application/json; charset=utf-8",
        "Date": "Wed, 16 Mar 2022 15:05:17 GMT",
        "Expires": "-1",
        "Pragma": "no-cache",
        "Strict-Transport-Security": "max-age=31536000;includeSubDomains",
        "X-Content-Type-Options": "nosniff",
        "x-ms-client-request-id": "7d3f5746-a53a-11ec-9a16-a04a5ed0778b",
        "x-ms-keyvault-network-info": "conn_type=Ipv4;addr=73.232.137.144;act_addr_fam=InterNetwork;",
        "x-ms-keyvault-rbac-assignment-id": "44e2fa9b-9219-5ede-a044-28bdaaea57b8",
        "x-ms-keyvault-rbac-cache": "ra_age=1485;da_age=5818;rd_age=5818;brd_age=11260;ra_notif_age=1884;dec_lev=1;",
        "x-ms-keyvault-region": "westus2",
        "x-ms-keyvault-service-version": "1.9.291.1",
        "x-ms-request-id": "bfad6b0a-5cab-4d01-9952-7f1068946e3b",
        "X-Powered-By": "ASP.NET"
      },
      "ResponseBody": {
        "error": {
          "code": "SecretNotFound",
          "message": "Deleted Secret not found: livekvtestsecret1ea712901"
        }
      }
    },
    {
      "RequestUri": "https://vaultname.vault.azure.net/deletedsecrets/livekvtestsecret1ea712901?api-version=7.0",
      "RequestMethod": "GET",
      "RequestHeaders": {
        "Accept": "application/json",
        "Accept-Encoding": "gzip, deflate",
        "Authorization": "Sanitized",
        "User-Agent": "azsdk-python-keyvault-secrets/4.4.0b4 Python/3.9.9 (Windows-10-10.0.22000-SP0)",
        "x-ms-client-request-id": "7e7e7737-a53a-11ec-85f0-a04a5ed0778b"
      },
      "RequestBody": null,
      "StatusCode": 404,
      "ResponseHeaders": {
        "Cache-Control": "no-cache",
        "Content-Length": "99",
        "Content-Type": "application/json; charset=utf-8",
        "Date": "Wed, 16 Mar 2022 15:05:19 GMT",
        "Expires": "-1",
        "Pragma": "no-cache",
        "Strict-Transport-Security": "max-age=31536000;includeSubDomains",
        "X-Content-Type-Options": "nosniff",
        "x-ms-client-request-id": "7e7e7737-a53a-11ec-85f0-a04a5ed0778b",
        "x-ms-keyvault-network-info": "conn_type=Ipv4;addr=73.232.137.144;act_addr_fam=InterNetwork;",
        "x-ms-keyvault-rbac-assignment-id": "44e2fa9b-9219-5ede-a044-28bdaaea57b8",
        "x-ms-keyvault-rbac-cache": "ra_age=1487;da_age=5820;rd_age=5820;brd_age=11262;ra_notif_age=1886;dec_lev=0;",
        "x-ms-keyvault-region": "westus2",
        "x-ms-keyvault-service-version": "1.9.291.1",
        "x-ms-request-id": "3e5eb111-7aa6-4bd6-94a5-f3cbbdbcc9b0",
        "X-Powered-By": "ASP.NET"
      },
      "ResponseBody": {
        "error": {
          "code": "SecretNotFound",
          "message": "Deleted Secret not found: livekvtestsecret1ea712901"
        }
      }
    },
    {
      "RequestUri": "https://vaultname.vault.azure.net/deletedsecrets/livekvtestsecret1ea712901?api-version=7.0",
      "RequestMethod": "GET",
      "RequestHeaders": {
        "Accept": "application/json",
        "Accept-Encoding": "gzip, deflate",
        "Authorization": "Sanitized",
        "User-Agent": "azsdk-python-keyvault-secrets/4.4.0b4 Python/3.9.9 (Windows-10-10.0.22000-SP0)",
        "x-ms-client-request-id": "7fbdd9f5-a53a-11ec-aa9a-a04a5ed0778b"
      },
      "RequestBody": null,
      "StatusCode": 404,
      "ResponseHeaders": {
        "Cache-Control": "no-cache",
        "Content-Length": "99",
        "Content-Type": "application/json; charset=utf-8",
        "Date": "Wed, 16 Mar 2022 15:05:21 GMT",
        "Expires": "-1",
        "Pragma": "no-cache",
        "Strict-Transport-Security": "max-age=31536000;includeSubDomains",
        "X-Content-Type-Options": "nosniff",
        "x-ms-client-request-id": "7fbdd9f5-a53a-11ec-aa9a-a04a5ed0778b",
        "x-ms-keyvault-network-info": "conn_type=Ipv4;addr=73.232.137.144;act_addr_fam=InterNetwork;",
        "x-ms-keyvault-rbac-assignment-id": "44e2fa9b-9219-5ede-a044-28bdaaea57b8",
        "x-ms-keyvault-rbac-cache": "ra_age=1489;da_age=5822;rd_age=5822;brd_age=11264;ra_notif_age=1888;dec_lev=0;",
        "x-ms-keyvault-region": "westus2",
        "x-ms-keyvault-service-version": "1.9.291.1",
        "x-ms-request-id": "0469a57a-7cdf-4f3a-8d88-eb8c2c27b69b",
        "X-Powered-By": "ASP.NET"
      },
      "ResponseBody": {
        "error": {
          "code": "SecretNotFound",
          "message": "Deleted Secret not found: livekvtestsecret1ea712901"
        }
      }
    },
    {
      "RequestUri": "https://vaultname.vault.azure.net/deletedsecrets/livekvtestsecret1ea712901?api-version=7.0",
      "RequestMethod": "GET",
      "RequestHeaders": {
        "Accept": "application/json",
        "Accept-Encoding": "gzip, deflate",
        "Authorization": "Sanitized",
        "User-Agent": "azsdk-python-keyvault-secrets/4.4.0b4 Python/3.9.9 (Windows-10-10.0.22000-SP0)",
        "x-ms-client-request-id": "80fe4025-a53a-11ec-8267-a04a5ed0778b"
      },
      "RequestBody": null,
      "StatusCode": 200,
      "ResponseHeaders": {
        "Cache-Control": "no-cache",
        "Content-Length": "378",
        "Content-Type": "application/json; charset=utf-8",
        "Date": "Wed, 16 Mar 2022 15:05:23 GMT",
        "Expires": "-1",
        "Pragma": "no-cache",
        "Strict-Transport-Security": "max-age=31536000;includeSubDomains",
        "X-Content-Type-Options": "nosniff",
        "x-ms-client-request-id": "80fe4025-a53a-11ec-8267-a04a5ed0778b",
        "x-ms-keyvault-network-info": "conn_type=Ipv4;addr=73.232.137.144;act_addr_fam=InterNetwork;",
        "x-ms-keyvault-rbac-assignment-id": "44e2fa9b-9219-5ede-a044-28bdaaea57b8",
        "x-ms-keyvault-rbac-cache": "ra_age=1491;da_age=5824;rd_age=5824;brd_age=11266;ra_notif_age=1890;dec_lev=0;",
        "x-ms-keyvault-region": "westus2",
        "x-ms-keyvault-service-version": "1.9.291.1",
        "x-ms-request-id": "044d54f8-e571-4d0c-bf65-e69e7ae1b1ec",
        "X-Powered-By": "ASP.NET"
      },
      "ResponseBody": {
        "recoveryId": "https://vaultname.vault.azure.net/deletedsecrets/livekvtestsecret1ea712901",
        "deletedDate": 1647443117,
        "scheduledPurgeDate": 1648047917,
        "id": "https://vaultname.vault.azure.net/secrets/livekvtestsecret1ea712901/7cc215eb9c474a0085e21239fd73d1d2",
        "attributes": {
          "enabled": true,
          "created": 1647443111,
          "updated": 1647443111,
          "recoveryLevel": "CustomizedRecoverable\u002BPurgeable"
        }
      }
    },
    {
      "RequestUri": "https://vaultname.vault.azure.net/secrets/livekvtestsecret2ea712901?api-version=7.0",
      "RequestMethod": "DELETE",
      "RequestHeaders": {
        "Accept": "application/json",
        "Accept-Encoding": "gzip, deflate",
        "Authorization": "Sanitized",
        "Content-Length": "0",
        "User-Agent": "azsdk-python-keyvault-secrets/4.4.0b4 Python/3.9.9 (Windows-10-10.0.22000-SP0)",
        "x-ms-client-request-id": "810d9718-a53a-11ec-a92c-a04a5ed0778b"
      },
      "RequestBody": null,
      "StatusCode": 200,
      "ResponseHeaders": {
        "Cache-Control": "no-cache",
        "Content-Length": "378",
        "Content-Type": "application/json; charset=utf-8",
        "Date": "Wed, 16 Mar 2022 15:05:23 GMT",
        "Expires": "-1",
        "Pragma": "no-cache",
        "Strict-Transport-Security": "max-age=31536000;includeSubDomains",
        "X-Content-Type-Options": "nosniff",
        "x-ms-client-request-id": "810d9718-a53a-11ec-a92c-a04a5ed0778b",
        "x-ms-keyvault-network-info": "conn_type=Ipv4;addr=73.232.137.144;act_addr_fam=InterNetwork;",
        "x-ms-keyvault-rbac-assignment-id": "44e2fa9b-9219-5ede-a044-28bdaaea57b8",
        "x-ms-keyvault-rbac-cache": "ra_age=1491;da_age=5825;rd_age=5825;brd_age=11266;ra_notif_age=1890;dec_lev=1;",
        "x-ms-keyvault-region": "westus2",
        "x-ms-keyvault-service-version": "1.9.291.1",
        "x-ms-request-id": "949902e0-ee9a-42db-8d90-893a1bf7a881",
        "X-Powered-By": "ASP.NET"
      },
      "ResponseBody": {
        "recoveryId": "https://vaultname.vault.azure.net/deletedsecrets/livekvtestsecret2ea712901",
        "deletedDate": 1647443123,
        "scheduledPurgeDate": 1648047923,
        "id": "https://vaultname.vault.azure.net/secrets/livekvtestsecret2ea712901/c6edfe47b4ff438db46808f2c5e0d5cd",
        "attributes": {
          "enabled": true,
          "created": 1647443111,
          "updated": 1647443111,
          "recoveryLevel": "CustomizedRecoverable\u002BPurgeable"
        }
      }
    },
    {
      "RequestUri": "https://vaultname.vault.azure.net/deletedsecrets/livekvtestsecret2ea712901?api-version=7.0",
      "RequestMethod": "GET",
      "RequestHeaders": {
        "Accept": "application/json",
        "Accept-Encoding": "gzip, deflate",
        "Authorization": "Sanitized",
        "User-Agent": "azsdk-python-keyvault-secrets/4.4.0b4 Python/3.9.9 (Windows-10-10.0.22000-SP0)",
        "x-ms-client-request-id": "81229b6b-a53a-11ec-8bbb-a04a5ed0778b"
      },
      "RequestBody": null,
      "StatusCode": 404,
      "ResponseHeaders": {
        "Cache-Control": "no-cache",
        "Content-Length": "99",
        "Content-Type": "application/json; charset=utf-8",
        "Date": "Wed, 16 Mar 2022 15:05:23 GMT",
        "Expires": "-1",
        "Pragma": "no-cache",
        "Strict-Transport-Security": "max-age=31536000;includeSubDomains",
        "X-Content-Type-Options": "nosniff",
        "x-ms-client-request-id": "81229b6b-a53a-11ec-8bbb-a04a5ed0778b",
        "x-ms-keyvault-network-info": "conn_type=Ipv4;addr=73.232.137.144;act_addr_fam=InterNetwork;",
        "x-ms-keyvault-rbac-assignment-id": "44e2fa9b-9219-5ede-a044-28bdaaea57b8",
        "x-ms-keyvault-rbac-cache": "ra_age=1491;da_age=5825;rd_age=5825;brd_age=11266;ra_notif_age=1890;dec_lev=1;",
        "x-ms-keyvault-region": "westus2",
        "x-ms-keyvault-service-version": "1.9.291.1",
        "x-ms-request-id": "18085bfa-013b-4b20-9ed5-6aadb228b081",
        "X-Powered-By": "ASP.NET"
      },
      "ResponseBody": {
        "error": {
          "code": "SecretNotFound",
          "message": "Deleted Secret not found: livekvtestsecret2ea712901"
        }
      }
    },
    {
      "RequestUri": "https://vaultname.vault.azure.net/deletedsecrets/livekvtestsecret2ea712901?api-version=7.0",
      "RequestMethod": "GET",
      "RequestHeaders": {
        "Accept": "application/json",
        "Accept-Encoding": "gzip, deflate",
        "Authorization": "Sanitized",
        "User-Agent": "azsdk-python-keyvault-secrets/4.4.0b4 Python/3.9.9 (Windows-10-10.0.22000-SP0)",
        "x-ms-client-request-id": "8264b7d9-a53a-11ec-acb1-a04a5ed0778b"
      },
      "RequestBody": null,
      "StatusCode": 404,
      "ResponseHeaders": {
        "Cache-Control": "no-cache",
        "Content-Length": "99",
        "Content-Type": "application/json; charset=utf-8",
        "Date": "Wed, 16 Mar 2022 15:05:25 GMT",
        "Expires": "-1",
        "Pragma": "no-cache",
        "Strict-Transport-Security": "max-age=31536000;includeSubDomains",
        "X-Content-Type-Options": "nosniff",
        "x-ms-client-request-id": "8264b7d9-a53a-11ec-acb1-a04a5ed0778b",
        "x-ms-keyvault-network-info": "conn_type=Ipv4;addr=73.232.137.144;act_addr_fam=InterNetwork;",
        "x-ms-keyvault-rbac-assignment-id": "44e2fa9b-9219-5ede-a044-28bdaaea57b8",
        "x-ms-keyvault-rbac-cache": "ra_age=1493;da_age=5827;rd_age=5827;brd_age=11268;ra_notif_age=1892;dec_lev=0;",
        "x-ms-keyvault-region": "westus2",
        "x-ms-keyvault-service-version": "1.9.291.1",
        "x-ms-request-id": "a95b1943-0218-4112-bb09-3a61dcdbbf11",
        "X-Powered-By": "ASP.NET"
      },
      "ResponseBody": {
        "error": {
          "code": "SecretNotFound",
          "message": "Deleted Secret not found: livekvtestsecret2ea712901"
        }
      }
    },
    {
      "RequestUri": "https://vaultname.vault.azure.net/deletedsecrets/livekvtestsecret2ea712901?api-version=7.0",
      "RequestMethod": "GET",
      "RequestHeaders": {
        "Accept": "application/json",
        "Accept-Encoding": "gzip, deflate",
        "Authorization": "Sanitized",
        "User-Agent": "azsdk-python-keyvault-secrets/4.4.0b4 Python/3.9.9 (Windows-10-10.0.22000-SP0)",
        "x-ms-client-request-id": "83a571ac-a53a-11ec-a9d6-a04a5ed0778b"
      },
      "RequestBody": null,
      "StatusCode": 200,
      "ResponseHeaders": {
        "Cache-Control": "no-cache",
        "Content-Length": "378",
        "Content-Type": "application/json; charset=utf-8",
        "Date": "Wed, 16 Mar 2022 15:05:27 GMT",
        "Expires": "-1",
        "Pragma": "no-cache",
        "Strict-Transport-Security": "max-age=31536000;includeSubDomains",
        "X-Content-Type-Options": "nosniff",
        "x-ms-client-request-id": "83a571ac-a53a-11ec-a9d6-a04a5ed0778b",
        "x-ms-keyvault-network-info": "conn_type=Ipv4;addr=73.232.137.144;act_addr_fam=InterNetwork;",
        "x-ms-keyvault-rbac-assignment-id": "44e2fa9b-9219-5ede-a044-28bdaaea57b8",
        "x-ms-keyvault-rbac-cache": "ra_age=1495;da_age=5829;rd_age=5829;brd_age=11270;ra_notif_age=1895;dec_lev=0;",
        "x-ms-keyvault-region": "westus2",
        "x-ms-keyvault-service-version": "1.9.291.1",
        "x-ms-request-id": "86a539ce-6dfb-4ca4-9aae-d90b2e4b1626",
        "X-Powered-By": "ASP.NET"
      },
      "ResponseBody": {
        "recoveryId": "https://vaultname.vault.azure.net/deletedsecrets/livekvtestsecret2ea712901",
        "deletedDate": 1647443123,
        "scheduledPurgeDate": 1648047923,
        "id": "https://vaultname.vault.azure.net/secrets/livekvtestsecret2ea712901/c6edfe47b4ff438db46808f2c5e0d5cd",
        "attributes": {
          "enabled": true,
          "created": 1647443111,
          "updated": 1647443111,
          "recoveryLevel": "CustomizedRecoverable\u002BPurgeable"
        }
      }
    },
    {
      "RequestUri": "https://vaultname.vault.azure.net/secrets/livekvtestsecret3ea712901?api-version=7.0",
      "RequestMethod": "DELETE",
      "RequestHeaders": {
        "Accept": "application/json",
        "Accept-Encoding": "gzip, deflate",
        "Authorization": "Sanitized",
        "Content-Length": "0",
        "User-Agent": "azsdk-python-keyvault-secrets/4.4.0b4 Python/3.9.9 (Windows-10-10.0.22000-SP0)",
        "x-ms-client-request-id": "83b2988b-a53a-11ec-80f3-a04a5ed0778b"
      },
      "RequestBody": null,
      "StatusCode": 200,
      "ResponseHeaders": {
        "Cache-Control": "no-cache",
        "Content-Length": "378",
        "Content-Type": "application/json; charset=utf-8",
        "Date": "Wed, 16 Mar 2022 15:05:27 GMT",
        "Expires": "-1",
        "Pragma": "no-cache",
        "Strict-Transport-Security": "max-age=31536000;includeSubDomains",
        "X-Content-Type-Options": "nosniff",
        "x-ms-client-request-id": "83b2988b-a53a-11ec-80f3-a04a5ed0778b",
        "x-ms-keyvault-network-info": "conn_type=Ipv4;addr=73.232.137.144;act_addr_fam=InterNetwork;",
        "x-ms-keyvault-rbac-assignment-id": "44e2fa9b-9219-5ede-a044-28bdaaea57b8",
        "x-ms-keyvault-rbac-cache": "ra_age=1496;da_age=5829;rd_age=5829;brd_age=11271;ra_notif_age=1895;dec_lev=1;",
        "x-ms-keyvault-region": "westus2",
        "x-ms-keyvault-service-version": "1.9.291.1",
        "x-ms-request-id": "5cc8dd50-30cb-4b75-90b5-dd0e090ab0d4",
        "X-Powered-By": "ASP.NET"
      },
      "ResponseBody": {
        "recoveryId": "https://vaultname.vault.azure.net/deletedsecrets/livekvtestsecret3ea712901",
        "deletedDate": 1647443128,
        "scheduledPurgeDate": 1648047928,
        "id": "https://vaultname.vault.azure.net/secrets/livekvtestsecret3ea712901/dc05c15ae19e4cecb080e56f4b27f2e0",
        "attributes": {
          "enabled": true,
          "created": 1647443112,
          "updated": 1647443112,
          "recoveryLevel": "CustomizedRecoverable\u002BPurgeable"
        }
      }
    },
    {
      "RequestUri": "https://vaultname.vault.azure.net/deletedsecrets/livekvtestsecret3ea712901?api-version=7.0",
      "RequestMethod": "GET",
      "RequestHeaders": {
        "Accept": "application/json",
        "Accept-Encoding": "gzip, deflate",
        "Authorization": "Sanitized",
        "User-Agent": "azsdk-python-keyvault-secrets/4.4.0b4 Python/3.9.9 (Windows-10-10.0.22000-SP0)",
        "x-ms-client-request-id": "83c6407e-a53a-11ec-a7a3-a04a5ed0778b"
      },
      "RequestBody": null,
      "StatusCode": 404,
      "ResponseHeaders": {
        "Cache-Control": "no-cache",
        "Content-Length": "99",
        "Content-Type": "application/json; charset=utf-8",
        "Date": "Wed, 16 Mar 2022 15:05:27 GMT",
        "Expires": "-1",
        "Pragma": "no-cache",
        "Strict-Transport-Security": "max-age=31536000;includeSubDomains",
        "X-Content-Type-Options": "nosniff",
        "x-ms-client-request-id": "83c6407e-a53a-11ec-a7a3-a04a5ed0778b",
        "x-ms-keyvault-network-info": "conn_type=Ipv4;addr=73.232.137.144;act_addr_fam=InterNetwork;",
        "x-ms-keyvault-rbac-assignment-id": "44e2fa9b-9219-5ede-a044-28bdaaea57b8",
        "x-ms-keyvault-rbac-cache": "ra_age=1496;da_age=5829;rd_age=5829;brd_age=11271;ra_notif_age=1895;dec_lev=1;",
        "x-ms-keyvault-region": "westus2",
        "x-ms-keyvault-service-version": "1.9.291.1",
        "x-ms-request-id": "5d6aba72-23bb-4fec-a8de-517ed4c9aee2",
        "X-Powered-By": "ASP.NET"
      },
      "ResponseBody": {
        "error": {
          "code": "SecretNotFound",
          "message": "Deleted Secret not found: livekvtestsecret3ea712901"
        }
      }
    },
    {
      "RequestUri": "https://vaultname.vault.azure.net/deletedsecrets/livekvtestsecret3ea712901?api-version=7.0",
      "RequestMethod": "GET",
      "RequestHeaders": {
        "Accept": "application/json",
        "Accept-Encoding": "gzip, deflate",
        "Authorization": "Sanitized",
        "User-Agent": "azsdk-python-keyvault-secrets/4.4.0b4 Python/3.9.9 (Windows-10-10.0.22000-SP0)",
        "x-ms-client-request-id": "85059d9e-a53a-11ec-a524-a04a5ed0778b"
      },
      "RequestBody": null,
      "StatusCode": 404,
      "ResponseHeaders": {
        "Cache-Control": "no-cache",
        "Content-Length": "99",
        "Content-Type": "application/json; charset=utf-8",
        "Date": "Wed, 16 Mar 2022 15:05:29 GMT",
        "Expires": "-1",
        "Pragma": "no-cache",
        "Strict-Transport-Security": "max-age=31536000;includeSubDomains",
        "X-Content-Type-Options": "nosniff",
        "x-ms-client-request-id": "85059d9e-a53a-11ec-a524-a04a5ed0778b",
        "x-ms-keyvault-network-info": "conn_type=Ipv4;addr=73.232.137.144;act_addr_fam=InterNetwork;",
        "x-ms-keyvault-rbac-assignment-id": "44e2fa9b-9219-5ede-a044-28bdaaea57b8",
        "x-ms-keyvault-rbac-cache": "ra_age=1498;da_age=5831;rd_age=5831;brd_age=11273;ra_notif_age=1897;dec_lev=0;",
        "x-ms-keyvault-region": "westus2",
        "x-ms-keyvault-service-version": "1.9.291.1",
        "x-ms-request-id": "30e15d7a-e3c4-46ae-ac4d-50f1cee9d43d",
        "X-Powered-By": "ASP.NET"
      },
      "ResponseBody": {
        "error": {
          "code": "SecretNotFound",
          "message": "Deleted Secret not found: livekvtestsecret3ea712901"
        }
      }
    },
    {
      "RequestUri": "https://vaultname.vault.azure.net/deletedsecrets/livekvtestsecret3ea712901?api-version=7.0",
      "RequestMethod": "GET",
      "RequestHeaders": {
        "Accept": "application/json",
        "Accept-Encoding": "gzip, deflate",
        "Authorization": "Sanitized",
        "User-Agent": "azsdk-python-keyvault-secrets/4.4.0b4 Python/3.9.9 (Windows-10-10.0.22000-SP0)",
        "x-ms-client-request-id": "8646ed22-a53a-11ec-b25b-a04a5ed0778b"
      },
      "RequestBody": null,
      "StatusCode": 404,
      "ResponseHeaders": {
        "Cache-Control": "no-cache",
        "Content-Length": "99",
        "Content-Type": "application/json; charset=utf-8",
        "Date": "Wed, 16 Mar 2022 15:05:31 GMT",
        "Expires": "-1",
        "Pragma": "no-cache",
        "Strict-Transport-Security": "max-age=31536000;includeSubDomains",
        "X-Content-Type-Options": "nosniff",
        "x-ms-client-request-id": "8646ed22-a53a-11ec-b25b-a04a5ed0778b",
        "x-ms-keyvault-network-info": "conn_type=Ipv4;addr=73.232.137.144;act_addr_fam=InterNetwork;",
        "x-ms-keyvault-rbac-assignment-id": "44e2fa9b-9219-5ede-a044-28bdaaea57b8",
        "x-ms-keyvault-rbac-cache": "ra_age=1500;da_age=5833;rd_age=5833;brd_age=11275;ra_notif_age=1899;dec_lev=0;",
        "x-ms-keyvault-region": "westus2",
        "x-ms-keyvault-service-version": "1.9.291.1",
        "x-ms-request-id": "b793bfbb-1d9a-4e5b-8c5b-8e99b6faac8c",
        "X-Powered-By": "ASP.NET"
      },
      "ResponseBody": {
        "error": {
          "code": "SecretNotFound",
          "message": "Deleted Secret not found: livekvtestsecret3ea712901"
        }
      }
    },
    {
      "RequestUri": "https://vaultname.vault.azure.net/deletedsecrets/livekvtestsecret3ea712901?api-version=7.0",
      "RequestMethod": "GET",
      "RequestHeaders": {
        "Accept": "application/json",
        "Accept-Encoding": "gzip, deflate",
        "Authorization": "Sanitized",
        "User-Agent": "azsdk-python-keyvault-secrets/4.4.0b4 Python/3.9.9 (Windows-10-10.0.22000-SP0)",
        "x-ms-client-request-id": "878660c0-a53a-11ec-af86-a04a5ed0778b"
      },
      "RequestBody": null,
      "StatusCode": 200,
      "ResponseHeaders": {
        "Cache-Control": "no-cache",
        "Content-Length": "378",
        "Content-Type": "application/json; charset=utf-8",
        "Date": "Wed, 16 Mar 2022 15:05:34 GMT",
        "Expires": "-1",
        "Pragma": "no-cache",
        "Strict-Transport-Security": "max-age=31536000;includeSubDomains",
        "X-Content-Type-Options": "nosniff",
        "x-ms-client-request-id": "878660c0-a53a-11ec-af86-a04a5ed0778b",
        "x-ms-keyvault-network-info": "conn_type=Ipv4;addr=73.232.137.144;act_addr_fam=InterNetwork;",
        "x-ms-keyvault-rbac-assignment-id": "44e2fa9b-9219-5ede-a044-28bdaaea57b8",
        "x-ms-keyvault-rbac-cache": "ra_age=1502;da_age=5835;rd_age=5835;brd_age=11277;ra_notif_age=1901;dec_lev=0;",
        "x-ms-keyvault-region": "westus2",
        "x-ms-keyvault-service-version": "1.9.291.1",
        "x-ms-request-id": "22f2e5b0-2c23-4427-9ea7-ec07ceeea288",
        "X-Powered-By": "ASP.NET"
      },
      "ResponseBody": {
        "recoveryId": "https://vaultname.vault.azure.net/deletedsecrets/livekvtestsecret3ea712901",
        "deletedDate": 1647443128,
        "scheduledPurgeDate": 1648047928,
        "id": "https://vaultname.vault.azure.net/secrets/livekvtestsecret3ea712901/dc05c15ae19e4cecb080e56f4b27f2e0",
        "attributes": {
          "enabled": true,
          "created": 1647443112,
          "updated": 1647443112,
          "recoveryLevel": "CustomizedRecoverable\u002BPurgeable"
        }
      }
    },
    {
      "RequestUri": "https://vaultname.vault.azure.net/secrets/livekvtestsecret4ea712901?api-version=7.0",
      "RequestMethod": "DELETE",
      "RequestHeaders": {
        "Accept": "application/json",
        "Accept-Encoding": "gzip, deflate",
        "Authorization": "Sanitized",
        "Content-Length": "0",
        "User-Agent": "azsdk-python-keyvault-secrets/4.4.0b4 Python/3.9.9 (Windows-10-10.0.22000-SP0)",
        "x-ms-client-request-id": "8796deb8-a53a-11ec-be4c-a04a5ed0778b"
      },
      "RequestBody": null,
      "StatusCode": 200,
      "ResponseHeaders": {
        "Cache-Control": "no-cache",
        "Content-Length": "378",
        "Content-Type": "application/json; charset=utf-8",
        "Date": "Wed, 16 Mar 2022 15:05:34 GMT",
        "Expires": "-1",
        "Pragma": "no-cache",
        "Strict-Transport-Security": "max-age=31536000;includeSubDomains",
        "X-Content-Type-Options": "nosniff",
        "x-ms-client-request-id": "8796deb8-a53a-11ec-be4c-a04a5ed0778b",
        "x-ms-keyvault-network-info": "conn_type=Ipv4;addr=73.232.137.144;act_addr_fam=InterNetwork;",
        "x-ms-keyvault-rbac-assignment-id": "44e2fa9b-9219-5ede-a044-28bdaaea57b8",
        "x-ms-keyvault-rbac-cache": "ra_age=1502;da_age=5835;rd_age=5835;brd_age=11277;ra_notif_age=1901;dec_lev=1;",
        "x-ms-keyvault-region": "westus2",
        "x-ms-keyvault-service-version": "1.9.291.1",
        "x-ms-request-id": "5db5ede6-0141-4e77-a37f-b39a4402a2d4",
        "X-Powered-By": "ASP.NET"
      },
      "ResponseBody": {
        "recoveryId": "https://vaultname.vault.azure.net/deletedsecrets/livekvtestsecret4ea712901",
        "deletedDate": 1647443134,
        "scheduledPurgeDate": 1648047934,
        "id": "https://vaultname.vault.azure.net/secrets/livekvtestsecret4ea712901/f38c5d066b4d49aab8693636a77b981f",
        "attributes": {
          "enabled": true,
          "created": 1647443112,
          "updated": 1647443112,
          "recoveryLevel": "CustomizedRecoverable\u002BPurgeable"
        }
      }
    },
    {
      "RequestUri": "https://vaultname.vault.azure.net/deletedsecrets/livekvtestsecret4ea712901?api-version=7.0",
      "RequestMethod": "GET",
      "RequestHeaders": {
        "Accept": "application/json",
        "Accept-Encoding": "gzip, deflate",
        "Authorization": "Sanitized",
        "User-Agent": "azsdk-python-keyvault-secrets/4.4.0b4 Python/3.9.9 (Windows-10-10.0.22000-SP0)",
        "x-ms-client-request-id": "87c08adb-a53a-11ec-afd2-a04a5ed0778b"
      },
      "RequestBody": null,
      "StatusCode": 404,
      "ResponseHeaders": {
        "Cache-Control": "no-cache",
        "Content-Length": "99",
        "Content-Type": "application/json; charset=utf-8",
        "Date": "Wed, 16 Mar 2022 15:05:34 GMT",
        "Expires": "-1",
        "Pragma": "no-cache",
        "Strict-Transport-Security": "max-age=31536000;includeSubDomains",
        "X-Content-Type-Options": "nosniff",
        "x-ms-client-request-id": "87c08adb-a53a-11ec-afd2-a04a5ed0778b",
        "x-ms-keyvault-network-info": "conn_type=Ipv4;addr=73.232.137.144;act_addr_fam=InterNetwork;",
        "x-ms-keyvault-rbac-assignment-id": "44e2fa9b-9219-5ede-a044-28bdaaea57b8",
        "x-ms-keyvault-rbac-cache": "ra_age=1502;da_age=5836;rd_age=5836;brd_age=11277;ra_notif_age=1901;dec_lev=1;",
        "x-ms-keyvault-region": "westus2",
        "x-ms-keyvault-service-version": "1.9.291.1",
        "x-ms-request-id": "2d066d70-a1c0-4529-ba0b-cc8aeafdccac",
        "X-Powered-By": "ASP.NET"
      },
      "ResponseBody": {
        "error": {
          "code": "SecretNotFound",
          "message": "Deleted Secret not found: livekvtestsecret4ea712901"
        }
      }
    },
    {
      "RequestUri": "https://vaultname.vault.azure.net/deletedsecrets/livekvtestsecret4ea712901?api-version=7.0",
      "RequestMethod": "GET",
      "RequestHeaders": {
        "Accept": "application/json",
        "Accept-Encoding": "gzip, deflate",
        "Authorization": "Sanitized",
        "User-Agent": "azsdk-python-keyvault-secrets/4.4.0b4 Python/3.9.9 (Windows-10-10.0.22000-SP0)",
        "x-ms-client-request-id": "88ffeb56-a53a-11ec-89ba-a04a5ed0778b"
      },
      "RequestBody": null,
      "StatusCode": 404,
      "ResponseHeaders": {
        "Cache-Control": "no-cache",
        "Content-Length": "99",
        "Content-Type": "application/json; charset=utf-8",
        "Date": "Wed, 16 Mar 2022 15:05:36 GMT",
        "Expires": "-1",
        "Pragma": "no-cache",
        "Strict-Transport-Security": "max-age=31536000;includeSubDomains",
        "X-Content-Type-Options": "nosniff",
        "x-ms-client-request-id": "88ffeb56-a53a-11ec-89ba-a04a5ed0778b",
        "x-ms-keyvault-network-info": "conn_type=Ipv4;addr=73.232.137.144;act_addr_fam=InterNetwork;",
        "x-ms-keyvault-rbac-assignment-id": "44e2fa9b-9219-5ede-a044-28bdaaea57b8",
        "x-ms-keyvault-rbac-cache": "ra_age=1504;da_age=5838;rd_age=5838;brd_age=11279;ra_notif_age=1904;dec_lev=0;",
        "x-ms-keyvault-region": "westus2",
        "x-ms-keyvault-service-version": "1.9.291.1",
        "x-ms-request-id": "2d013ae4-7f7f-49e6-8190-c7b2e24893ca",
        "X-Powered-By": "ASP.NET"
      },
      "ResponseBody": {
        "error": {
          "code": "SecretNotFound",
          "message": "Deleted Secret not found: livekvtestsecret4ea712901"
        }
      }
    },
    {
      "RequestUri": "https://vaultname.vault.azure.net/deletedsecrets/livekvtestsecret4ea712901?api-version=7.0",
      "RequestMethod": "GET",
      "RequestHeaders": {
        "Accept": "application/json",
        "Accept-Encoding": "gzip, deflate",
        "Authorization": "Sanitized",
        "User-Agent": "azsdk-python-keyvault-secrets/4.4.0b4 Python/3.9.9 (Windows-10-10.0.22000-SP0)",
        "x-ms-client-request-id": "8a40041d-a53a-11ec-90f7-a04a5ed0778b"
      },
      "RequestBody": null,
      "StatusCode": 200,
      "ResponseHeaders": {
        "Cache-Control": "no-cache",
        "Content-Length": "378",
        "Content-Type": "application/json; charset=utf-8",
        "Date": "Wed, 16 Mar 2022 15:05:38 GMT",
        "Expires": "-1",
        "Pragma": "no-cache",
        "Strict-Transport-Security": "max-age=31536000;includeSubDomains",
        "X-Content-Type-Options": "nosniff",
        "x-ms-client-request-id": "8a40041d-a53a-11ec-90f7-a04a5ed0778b",
        "x-ms-keyvault-network-info": "conn_type=Ipv4;addr=73.232.137.144;act_addr_fam=InterNetwork;",
        "x-ms-keyvault-rbac-assignment-id": "44e2fa9b-9219-5ede-a044-28bdaaea57b8",
        "x-ms-keyvault-rbac-cache": "ra_age=1507;da_age=5840;rd_age=5840;brd_age=11282;ra_notif_age=1906;dec_lev=0;",
        "x-ms-keyvault-region": "westus2",
        "x-ms-keyvault-service-version": "1.9.291.1",
        "x-ms-request-id": "a921e32b-594f-4011-a190-249c43a9db27",
        "X-Powered-By": "ASP.NET"
      },
      "ResponseBody": {
        "recoveryId": "https://vaultname.vault.azure.net/deletedsecrets/livekvtestsecret4ea712901",
        "deletedDate": 1647443134,
        "scheduledPurgeDate": 1648047934,
        "id": "https://vaultname.vault.azure.net/secrets/livekvtestsecret4ea712901/f38c5d066b4d49aab8693636a77b981f",
        "attributes": {
          "enabled": true,
          "created": 1647443112,
          "updated": 1647443112,
          "recoveryLevel": "CustomizedRecoverable\u002BPurgeable"
        }
      }
    },
    {
      "RequestUri": "https://vaultname.vault.azure.net/secrets/livekvtestsecret5ea712901?api-version=7.0",
      "RequestMethod": "DELETE",
      "RequestHeaders": {
        "Accept": "application/json",
        "Accept-Encoding": "gzip, deflate",
        "Authorization": "Sanitized",
        "Content-Length": "0",
        "User-Agent": "azsdk-python-keyvault-secrets/4.4.0b4 Python/3.9.9 (Windows-10-10.0.22000-SP0)",
        "x-ms-client-request-id": "8a4e77b2-a53a-11ec-9663-a04a5ed0778b"
      },
      "RequestBody": null,
      "StatusCode": 200,
      "ResponseHeaders": {
        "Cache-Control": "no-cache",
        "Content-Length": "378",
        "Content-Type": "application/json; charset=utf-8",
        "Date": "Wed, 16 Mar 2022 15:05:38 GMT",
        "Expires": "-1",
        "Pragma": "no-cache",
        "Strict-Transport-Security": "max-age=31536000;includeSubDomains",
        "X-Content-Type-Options": "nosniff",
        "x-ms-client-request-id": "8a4e77b2-a53a-11ec-9663-a04a5ed0778b",
        "x-ms-keyvault-network-info": "conn_type=Ipv4;addr=73.232.137.144;act_addr_fam=InterNetwork;",
        "x-ms-keyvault-rbac-assignment-id": "44e2fa9b-9219-5ede-a044-28bdaaea57b8",
        "x-ms-keyvault-rbac-cache": "ra_age=1507;da_age=5840;rd_age=5840;brd_age=11282;ra_notif_age=1906;dec_lev=1;",
        "x-ms-keyvault-region": "westus2",
        "x-ms-keyvault-service-version": "1.9.291.1",
        "x-ms-request-id": "9e31b438-c57d-4e17-9f94-3ed2b23f0f49",
        "X-Powered-By": "ASP.NET"
      },
      "ResponseBody": {
        "recoveryId": "https://vaultname.vault.azure.net/deletedsecrets/livekvtestsecret5ea712901",
        "deletedDate": 1647443139,
        "scheduledPurgeDate": 1648047939,
        "id": "https://vaultname.vault.azure.net/secrets/livekvtestsecret5ea712901/1c61a53660104ebfaa748921af24156a",
        "attributes": {
          "enabled": true,
          "created": 1647443112,
          "updated": 1647443112,
          "recoveryLevel": "CustomizedRecoverable\u002BPurgeable"
        }
      }
    },
    {
      "RequestUri": "https://vaultname.vault.azure.net/deletedsecrets/livekvtestsecret5ea712901?api-version=7.0",
      "RequestMethod": "GET",
      "RequestHeaders": {
        "Accept": "application/json",
        "Accept-Encoding": "gzip, deflate",
        "Authorization": "Sanitized",
        "User-Agent": "azsdk-python-keyvault-secrets/4.4.0b4 Python/3.9.9 (Windows-10-10.0.22000-SP0)",
        "x-ms-client-request-id": "8a642184-a53a-11ec-9f53-a04a5ed0778b"
      },
      "RequestBody": null,
      "StatusCode": 404,
      "ResponseHeaders": {
        "Cache-Control": "no-cache",
        "Content-Length": "99",
        "Content-Type": "application/json; charset=utf-8",
        "Date": "Wed, 16 Mar 2022 15:05:38 GMT",
        "Expires": "-1",
        "Pragma": "no-cache",
        "Strict-Transport-Security": "max-age=31536000;includeSubDomains",
        "X-Content-Type-Options": "nosniff",
        "x-ms-client-request-id": "8a642184-a53a-11ec-9f53-a04a5ed0778b",
        "x-ms-keyvault-network-info": "conn_type=Ipv4;addr=73.232.137.144;act_addr_fam=InterNetwork;",
        "x-ms-keyvault-rbac-assignment-id": "44e2fa9b-9219-5ede-a044-28bdaaea57b8",
        "x-ms-keyvault-rbac-cache": "ra_age=1507;da_age=5840;rd_age=5840;brd_age=11282;ra_notif_age=1906;dec_lev=1;",
        "x-ms-keyvault-region": "westus2",
        "x-ms-keyvault-service-version": "1.9.291.1",
        "x-ms-request-id": "48b430f2-de0b-43d5-9727-bf2995acd90b",
        "X-Powered-By": "ASP.NET"
      },
      "ResponseBody": {
        "error": {
          "code": "SecretNotFound",
          "message": "Deleted Secret not found: livekvtestsecret5ea712901"
        }
      }
    },
    {
      "RequestUri": "https://vaultname.vault.azure.net/deletedsecrets/livekvtestsecret5ea712901?api-version=7.0",
      "RequestMethod": "GET",
      "RequestHeaders": {
        "Accept": "application/json",
        "Accept-Encoding": "gzip, deflate",
        "Authorization": "Sanitized",
        "User-Agent": "azsdk-python-keyvault-secrets/4.4.0b4 Python/3.9.9 (Windows-10-10.0.22000-SP0)",
        "x-ms-client-request-id": "8ba41b19-a53a-11ec-9346-a04a5ed0778b"
      },
      "RequestBody": null,
      "StatusCode": 404,
      "ResponseHeaders": {
        "Cache-Control": "no-cache",
        "Content-Length": "99",
        "Content-Type": "application/json; charset=utf-8",
        "Date": "Wed, 16 Mar 2022 15:05:41 GMT",
        "Expires": "-1",
        "Pragma": "no-cache",
        "Strict-Transport-Security": "max-age=31536000;includeSubDomains",
        "X-Content-Type-Options": "nosniff",
        "x-ms-client-request-id": "8ba41b19-a53a-11ec-9346-a04a5ed0778b",
        "x-ms-keyvault-network-info": "conn_type=Ipv4;addr=73.232.137.144;act_addr_fam=InterNetwork;",
        "x-ms-keyvault-rbac-assignment-id": "44e2fa9b-9219-5ede-a044-28bdaaea57b8",
        "x-ms-keyvault-rbac-cache": "ra_age=1509;da_age=5842;rd_age=5842;brd_age=11284;ra_notif_age=1908;dec_lev=0;",
        "x-ms-keyvault-region": "westus2",
        "x-ms-keyvault-service-version": "1.9.291.1",
        "x-ms-request-id": "ca5bae07-74aa-4876-9231-94455bd86a26",
        "X-Powered-By": "ASP.NET"
      },
      "ResponseBody": {
        "error": {
          "code": "SecretNotFound",
          "message": "Deleted Secret not found: livekvtestsecret5ea712901"
        }
      }
    },
    {
      "RequestUri": "https://vaultname.vault.azure.net/deletedsecrets/livekvtestsecret5ea712901?api-version=7.0",
      "RequestMethod": "GET",
      "RequestHeaders": {
        "Accept": "application/json",
        "Accept-Encoding": "gzip, deflate",
        "Authorization": "Sanitized",
        "User-Agent": "azsdk-python-keyvault-secrets/4.4.0b4 Python/3.9.9 (Windows-10-10.0.22000-SP0)",
        "x-ms-client-request-id": "8ce41b39-a53a-11ec-8627-a04a5ed0778b"
      },
      "RequestBody": null,
      "StatusCode": 404,
      "ResponseHeaders": {
        "Cache-Control": "no-cache",
        "Content-Length": "99",
        "Content-Type": "application/json; charset=utf-8",
        "Date": "Wed, 16 Mar 2022 15:05:43 GMT",
        "Expires": "-1",
        "Pragma": "no-cache",
        "Strict-Transport-Security": "max-age=31536000;includeSubDomains",
        "X-Content-Type-Options": "nosniff",
        "x-ms-client-request-id": "8ce41b39-a53a-11ec-8627-a04a5ed0778b",
        "x-ms-keyvault-network-info": "conn_type=Ipv4;addr=73.232.137.144;act_addr_fam=InterNetwork;",
        "x-ms-keyvault-rbac-assignment-id": "44e2fa9b-9219-5ede-a044-28bdaaea57b8",
        "x-ms-keyvault-rbac-cache": "ra_age=1511;da_age=5844;rd_age=5844;brd_age=11286;ra_notif_age=1910;dec_lev=0;",
        "x-ms-keyvault-region": "westus2",
        "x-ms-keyvault-service-version": "1.9.291.1",
        "x-ms-request-id": "c82877bf-539b-45ad-855d-5ae7e558418f",
        "X-Powered-By": "ASP.NET"
      },
      "ResponseBody": {
        "error": {
          "code": "SecretNotFound",
          "message": "Deleted Secret not found: livekvtestsecret5ea712901"
        }
      }
    },
    {
      "RequestUri": "https://vaultname.vault.azure.net/deletedsecrets/livekvtestsecret5ea712901?api-version=7.0",
      "RequestMethod": "GET",
      "RequestHeaders": {
        "Accept": "application/json",
        "Accept-Encoding": "gzip, deflate",
        "Authorization": "Sanitized",
        "User-Agent": "azsdk-python-keyvault-secrets/4.4.0b4 Python/3.9.9 (Windows-10-10.0.22000-SP0)",
        "x-ms-client-request-id": "8e24470f-a53a-11ec-af8b-a04a5ed0778b"
      },
      "RequestBody": null,
      "StatusCode": 404,
      "ResponseHeaders": {
        "Cache-Control": "no-cache",
        "Content-Length": "99",
        "Content-Type": "application/json; charset=utf-8",
        "Date": "Wed, 16 Mar 2022 15:05:45 GMT",
        "Expires": "-1",
        "Pragma": "no-cache",
        "Strict-Transport-Security": "max-age=31536000;includeSubDomains",
        "X-Content-Type-Options": "nosniff",
        "x-ms-client-request-id": "8e24470f-a53a-11ec-af8b-a04a5ed0778b",
        "x-ms-keyvault-network-info": "conn_type=Ipv4;addr=73.232.137.144;act_addr_fam=InterNetwork;",
        "x-ms-keyvault-rbac-assignment-id": "44e2fa9b-9219-5ede-a044-28bdaaea57b8",
        "x-ms-keyvault-rbac-cache": "ra_age=1513;da_age=5846;rd_age=5846;brd_age=11288;ra_notif_age=1912;dec_lev=0;",
        "x-ms-keyvault-region": "westus2",
        "x-ms-keyvault-service-version": "1.9.291.1",
        "x-ms-request-id": "471f997a-00ca-48f7-ba8d-d7d2a2df1596",
        "X-Powered-By": "ASP.NET"
      },
      "ResponseBody": {
        "error": {
          "code": "SecretNotFound",
          "message": "Deleted Secret not found: livekvtestsecret5ea712901"
        }
      }
    },
    {
      "RequestUri": "https://vaultname.vault.azure.net/deletedsecrets/livekvtestsecret5ea712901?api-version=7.0",
      "RequestMethod": "GET",
      "RequestHeaders": {
        "Accept": "application/json",
        "Accept-Encoding": "gzip, deflate",
        "Authorization": "Sanitized",
        "User-Agent": "azsdk-python-keyvault-secrets/4.4.0b4 Python/3.9.9 (Windows-10-10.0.22000-SP0)",
        "x-ms-client-request-id": "8f6607ec-a53a-11ec-931f-a04a5ed0778b"
      },
      "RequestBody": null,
      "StatusCode": 200,
      "ResponseHeaders": {
        "Cache-Control": "no-cache",
        "Content-Length": "378",
        "Content-Type": "application/json; charset=utf-8",
        "Date": "Wed, 16 Mar 2022 15:05:47 GMT",
        "Expires": "-1",
        "Pragma": "no-cache",
        "Strict-Transport-Security": "max-age=31536000;includeSubDomains",
        "X-Content-Type-Options": "nosniff",
        "x-ms-client-request-id": "8f6607ec-a53a-11ec-931f-a04a5ed0778b",
        "x-ms-keyvault-network-info": "conn_type=Ipv4;addr=73.232.137.144;act_addr_fam=InterNetwork;",
        "x-ms-keyvault-rbac-assignment-id": "44e2fa9b-9219-5ede-a044-28bdaaea57b8",
        "x-ms-keyvault-rbac-cache": "ra_age=1515;da_age=5849;rd_age=5849;brd_age=11290;ra_notif_age=1914;dec_lev=0;",
        "x-ms-keyvault-region": "westus2",
        "x-ms-keyvault-service-version": "1.9.291.1",
        "x-ms-request-id": "2b243f45-3226-4c05-9564-70757b925d31",
        "X-Powered-By": "ASP.NET"
      },
      "ResponseBody": {
        "recoveryId": "https://vaultname.vault.azure.net/deletedsecrets/livekvtestsecret5ea712901",
        "deletedDate": 1647443139,
        "scheduledPurgeDate": 1648047939,
        "id": "https://vaultname.vault.azure.net/secrets/livekvtestsecret5ea712901/1c61a53660104ebfaa748921af24156a",
        "attributes": {
          "enabled": true,
          "created": 1647443112,
          "updated": 1647443112,
          "recoveryLevel": "CustomizedRecoverable\u002BPurgeable"
        }
      }
    },
    {
      "RequestUri": "https://vaultname.vault.azure.net/secrets/livekvtestsecret6ea712901?api-version=7.0",
      "RequestMethod": "DELETE",
      "RequestHeaders": {
        "Accept": "application/json",
        "Accept-Encoding": "gzip, deflate",
        "Authorization": "Sanitized",
        "Content-Length": "0",
        "User-Agent": "azsdk-python-keyvault-secrets/4.4.0b4 Python/3.9.9 (Windows-10-10.0.22000-SP0)",
        "x-ms-client-request-id": "8f8c2163-a53a-11ec-8f4e-a04a5ed0778b"
      },
      "RequestBody": null,
      "StatusCode": 200,
      "ResponseHeaders": {
        "Cache-Control": "no-cache",
        "Content-Length": "378",
        "Content-Type": "application/json; charset=utf-8",
        "Date": "Wed, 16 Mar 2022 15:05:47 GMT",
        "Expires": "-1",
        "Pragma": "no-cache",
        "Strict-Transport-Security": "max-age=31536000;includeSubDomains",
        "X-Content-Type-Options": "nosniff",
        "x-ms-client-request-id": "8f8c2163-a53a-11ec-8f4e-a04a5ed0778b",
        "x-ms-keyvault-network-info": "conn_type=Ipv4;addr=73.232.137.144;act_addr_fam=InterNetwork;",
        "x-ms-keyvault-rbac-assignment-id": "44e2fa9b-9219-5ede-a044-28bdaaea57b8",
        "x-ms-keyvault-rbac-cache": "ra_age=1515;da_age=5849;rd_age=5849;brd_age=11290;ra_notif_age=1915;dec_lev=1;",
        "x-ms-keyvault-region": "westus2",
        "x-ms-keyvault-service-version": "1.9.291.1",
        "x-ms-request-id": "aa4903b9-455a-45a5-8a25-c54bde38d32d",
        "X-Powered-By": "ASP.NET"
      },
      "ResponseBody": {
        "recoveryId": "https://vaultname.vault.azure.net/deletedsecrets/livekvtestsecret6ea712901",
        "deletedDate": 1647443148,
        "scheduledPurgeDate": 1648047948,
        "id": "https://vaultname.vault.azure.net/secrets/livekvtestsecret6ea712901/277f0bd562c14893a0af792ebdb948d7",
        "attributes": {
          "enabled": true,
          "created": 1647443112,
          "updated": 1647443112,
          "recoveryLevel": "CustomizedRecoverable\u002BPurgeable"
        }
      }
    },
    {
      "RequestUri": "https://vaultname.vault.azure.net/deletedsecrets/livekvtestsecret6ea712901?api-version=7.0",
      "RequestMethod": "GET",
      "RequestHeaders": {
        "Accept": "application/json",
        "Accept-Encoding": "gzip, deflate",
        "Authorization": "Sanitized",
        "User-Agent": "azsdk-python-keyvault-secrets/4.4.0b4 Python/3.9.9 (Windows-10-10.0.22000-SP0)",
        "x-ms-client-request-id": "8fa03305-a53a-11ec-8989-a04a5ed0778b"
      },
      "RequestBody": null,
      "StatusCode": 404,
      "ResponseHeaders": {
        "Cache-Control": "no-cache",
        "Content-Length": "99",
        "Content-Type": "application/json; charset=utf-8",
        "Date": "Wed, 16 Mar 2022 15:05:47 GMT",
        "Expires": "-1",
        "Pragma": "no-cache",
        "Strict-Transport-Security": "max-age=31536000;includeSubDomains",
        "X-Content-Type-Options": "nosniff",
        "x-ms-client-request-id": "8fa03305-a53a-11ec-8989-a04a5ed0778b",
        "x-ms-keyvault-network-info": "conn_type=Ipv4;addr=73.232.137.144;act_addr_fam=InterNetwork;",
        "x-ms-keyvault-rbac-assignment-id": "44e2fa9b-9219-5ede-a044-28bdaaea57b8",
        "x-ms-keyvault-rbac-cache": "ra_age=1516;da_age=5849;rd_age=5849;brd_age=11291;ra_notif_age=1915;dec_lev=1;",
        "x-ms-keyvault-region": "westus2",
        "x-ms-keyvault-service-version": "1.9.291.1",
        "x-ms-request-id": "b3093aec-064b-4b6a-a4ad-dd5abcbcdce4",
        "X-Powered-By": "ASP.NET"
      },
      "ResponseBody": {
        "error": {
          "code": "SecretNotFound",
          "message": "Deleted Secret not found: livekvtestsecret6ea712901"
        }
      }
    },
    {
      "RequestUri": "https://vaultname.vault.azure.net/deletedsecrets/livekvtestsecret6ea712901?api-version=7.0",
      "RequestMethod": "GET",
      "RequestHeaders": {
        "Accept": "application/json",
        "Accept-Encoding": "gzip, deflate",
        "Authorization": "Sanitized",
        "User-Agent": "azsdk-python-keyvault-secrets/4.4.0b4 Python/3.9.9 (Windows-10-10.0.22000-SP0)",
        "x-ms-client-request-id": "90e01f97-a53a-11ec-9e52-a04a5ed0778b"
      },
      "RequestBody": null,
      "StatusCode": 404,
      "ResponseHeaders": {
        "Cache-Control": "no-cache",
        "Content-Length": "99",
        "Content-Type": "application/json; charset=utf-8",
        "Date": "Wed, 16 Mar 2022 15:05:49 GMT",
        "Expires": "-1",
        "Pragma": "no-cache",
        "Strict-Transport-Security": "max-age=31536000;includeSubDomains",
        "X-Content-Type-Options": "nosniff",
        "x-ms-client-request-id": "90e01f97-a53a-11ec-9e52-a04a5ed0778b",
        "x-ms-keyvault-network-info": "conn_type=Ipv4;addr=73.232.137.144;act_addr_fam=InterNetwork;",
        "x-ms-keyvault-rbac-assignment-id": "44e2fa9b-9219-5ede-a044-28bdaaea57b8",
        "x-ms-keyvault-rbac-cache": "ra_age=1518;da_age=5851;rd_age=5851;brd_age=11293;ra_notif_age=1917;dec_lev=0;",
        "x-ms-keyvault-region": "westus2",
        "x-ms-keyvault-service-version": "1.9.291.1",
        "x-ms-request-id": "48b5465f-7f91-4539-8d65-93677a63151f",
        "X-Powered-By": "ASP.NET"
      },
      "ResponseBody": {
        "error": {
          "code": "SecretNotFound",
          "message": "Deleted Secret not found: livekvtestsecret6ea712901"
        }
      }
    },
    {
      "RequestUri": "https://vaultname.vault.azure.net/deletedsecrets/livekvtestsecret6ea712901?api-version=7.0",
      "RequestMethod": "GET",
      "RequestHeaders": {
        "Accept": "application/json",
        "Accept-Encoding": "gzip, deflate",
        "Authorization": "Sanitized",
        "User-Agent": "azsdk-python-keyvault-secrets/4.4.0b4 Python/3.9.9 (Windows-10-10.0.22000-SP0)",
        "x-ms-client-request-id": "921e7d36-a53a-11ec-b6f6-a04a5ed0778b"
      },
      "RequestBody": null,
      "StatusCode": 404,
      "ResponseHeaders": {
        "Cache-Control": "no-cache",
        "Content-Length": "99",
        "Content-Type": "application/json; charset=utf-8",
        "Date": "Wed, 16 Mar 2022 15:05:51 GMT",
        "Expires": "-1",
        "Pragma": "no-cache",
        "Strict-Transport-Security": "max-age=31536000;includeSubDomains",
        "X-Content-Type-Options": "nosniff",
        "x-ms-client-request-id": "921e7d36-a53a-11ec-b6f6-a04a5ed0778b",
        "x-ms-keyvault-network-info": "conn_type=Ipv4;addr=73.232.137.144;act_addr_fam=InterNetwork;",
        "x-ms-keyvault-rbac-assignment-id": "44e2fa9b-9219-5ede-a044-28bdaaea57b8",
        "x-ms-keyvault-rbac-cache": "ra_age=1520;da_age=5853;rd_age=5853;brd_age=11295;ra_notif_age=1919;dec_lev=0;",
        "x-ms-keyvault-region": "westus2",
        "x-ms-keyvault-service-version": "1.9.291.1",
        "x-ms-request-id": "65932b32-5f73-4559-b828-f28d84559107",
        "X-Powered-By": "ASP.NET"
      },
      "ResponseBody": {
        "error": {
          "code": "SecretNotFound",
          "message": "Deleted Secret not found: livekvtestsecret6ea712901"
        }
      }
    },
    {
      "RequestUri": "https://vaultname.vault.azure.net/deletedsecrets/livekvtestsecret6ea712901?api-version=7.0",
      "RequestMethod": "GET",
      "RequestHeaders": {
        "Accept": "application/json",
        "Accept-Encoding": "gzip, deflate",
        "Authorization": "Sanitized",
        "User-Agent": "azsdk-python-keyvault-secrets/4.4.0b4 Python/3.9.9 (Windows-10-10.0.22000-SP0)",
        "x-ms-client-request-id": "935f2079-a53a-11ec-be14-a04a5ed0778b"
      },
      "RequestBody": null,
      "StatusCode": 200,
      "ResponseHeaders": {
        "Cache-Control": "no-cache",
        "Content-Length": "378",
        "Content-Type": "application/json; charset=utf-8",
        "Date": "Wed, 16 Mar 2022 15:05:53 GMT",
        "Expires": "-1",
        "Pragma": "no-cache",
        "Strict-Transport-Security": "max-age=31536000;includeSubDomains",
        "X-Content-Type-Options": "nosniff",
        "x-ms-client-request-id": "935f2079-a53a-11ec-be14-a04a5ed0778b",
        "x-ms-keyvault-network-info": "conn_type=Ipv4;addr=73.232.137.144;act_addr_fam=InterNetwork;",
        "x-ms-keyvault-rbac-assignment-id": "44e2fa9b-9219-5ede-a044-28bdaaea57b8",
        "x-ms-keyvault-rbac-cache": "ra_age=1522;da_age=5855;rd_age=5855;brd_age=11297;ra_notif_age=1921;dec_lev=0;",
        "x-ms-keyvault-region": "westus2",
        "x-ms-keyvault-service-version": "1.9.291.1",
        "x-ms-request-id": "26cec844-d116-4d28-86e3-ffd705658942",
        "X-Powered-By": "ASP.NET"
      },
      "ResponseBody": {
        "recoveryId": "https://vaultname.vault.azure.net/deletedsecrets/livekvtestsecret6ea712901",
        "deletedDate": 1647443148,
        "scheduledPurgeDate": 1648047948,
        "id": "https://vaultname.vault.azure.net/secrets/livekvtestsecret6ea712901/277f0bd562c14893a0af792ebdb948d7",
        "attributes": {
          "enabled": true,
          "created": 1647443112,
          "updated": 1647443112,
          "recoveryLevel": "CustomizedRecoverable\u002BPurgeable"
        }
      }
    },
    {
      "RequestUri": "https://vaultname.vault.azure.net/deletedsecrets?api-version=7.0",
      "RequestMethod": "GET",
      "RequestHeaders": {
        "Accept": "application/json",
        "Accept-Encoding": "gzip, deflate",
        "Authorization": "Sanitized",
        "User-Agent": "azsdk-python-keyvault-secrets/4.4.0b4 Python/3.9.9 (Windows-10-10.0.22000-SP0)",
        "x-ms-client-request-id": "936ce5bf-a53a-11ec-8533-a04a5ed0778b"
      },
      "RequestBody": null,
      "StatusCode": 200,
      "ResponseHeaders": {
        "Cache-Control": "no-cache",
        "Content-Length": "2578",
        "Content-Type": "application/json; charset=utf-8",
        "Date": "Wed, 16 Mar 2022 15:05:53 GMT",
        "Expires": "-1",
        "Pragma": "no-cache",
        "Strict-Transport-Security": "max-age=31536000;includeSubDomains",
        "X-Content-Type-Options": "nosniff",
        "x-ms-client-request-id": "936ce5bf-a53a-11ec-8533-a04a5ed0778b",
        "x-ms-keyvault-network-info": "conn_type=Ipv4;addr=73.232.137.144;act_addr_fam=InterNetwork;",
        "x-ms-keyvault-rbac-assignment-id": "44e2fa9b-9219-5ede-a044-28bdaaea57b8",
        "x-ms-keyvault-rbac-cache": "ra_age=1522;da_age=5855;rd_age=5855;brd_age=11297;ra_notif_age=1921;dec_lev=0;",
        "x-ms-keyvault-region": "westus2",
        "x-ms-keyvault-service-version": "1.9.291.1",
        "x-ms-request-id": "a03b35dd-fadf-4c5d-9059-b3feed85a354",
        "X-Powered-By": "ASP.NET"
      },
      "ResponseBody": {
        "value": [
          {
            "recoveryId": "https://vaultname.vault.azure.net/deletedsecrets/livekvtestcrud-secret4d6a3164",
            "deletedDate": 1647442499,
            "scheduledPurgeDate": 1648047299,
            "contentType": "text/plain",
            "id": "https://vaultname.vault.azure.net/secrets/livekvtestcrud-secret4d6a3164",
            "attributes": {
              "enabled": false,
              "nbf": 1422864000,
              "exp": 2527401600,
              "created": 1647442497,
              "updated": 1647442499,
              "recoveryLevel": "CustomizedRecoverable\u002BPurgeable"
            },
            "tags": {
              "foo": "updated tag"
            }
          },
          {
            "recoveryId": "https://vaultname.vault.azure.net/deletedsecrets/livekvtestcrud-secret92733346",
            "deletedDate": 1647442480,
            "scheduledPurgeDate": 1648047280,
            "contentType": "text/plain",
            "id": "https://vaultname.vault.azure.net/secrets/livekvtestcrud-secret92733346",
            "attributes": {
              "enabled": false,
              "nbf": 1422864000,
              "exp": 2527401600,
              "created": 1647442479,
              "updated": 1647442480,
              "recoveryLevel": "CustomizedRecoverable\u002BPurgeable"
            },
            "tags": {
              "foo": "updated tag"
            }
          },
          {
            "recoveryId": "https://vaultname.vault.azure.net/deletedsecrets/livekvtestcrud-secretfde93014",
            "deletedDate": 1647442493,
            "scheduledPurgeDate": 1648047293,
            "contentType": "text/plain",
            "id": "https://vaultname.vault.azure.net/secrets/livekvtestcrud-secretfde93014",
            "attributes": {
              "enabled": false,
              "nbf": 1422864000,
              "exp": 2527401600,
              "created": 1647442491,
              "updated": 1647442492,
              "recoveryLevel": "CustomizedRecoverable\u002BPurgeable"
            },
            "tags": {
              "foo": "updated tag"
            }
          },
          {
            "recoveryId": "https://vaultname.vault.azure.net/deletedsecrets/livekvtestcrud-secretfdf23015",
            "deletedDate": 1647442488,
            "scheduledPurgeDate": 1648047288,
            "contentType": "text/plain",
            "id": "https://vaultname.vault.azure.net/secrets/livekvtestcrud-secretfdf23015",
            "attributes": {
              "enabled": false,
              "nbf": 1422864000,
              "exp": 2527401600,
              "created": 1647442487,
              "updated": 1647442488,
              "recoveryLevel": "CustomizedRecoverable\u002BPurgeable"
            },
            "tags": {
              "foo": "updated tag"
            }
          },
          {
            "recoveryId": "https://vaultname.vault.azure.net/deletedsecrets/livekvtestcrud-secretfdfb3016",
            "deletedDate": 1647442484,
            "scheduledPurgeDate": 1648047284,
            "contentType": "text/plain",
            "id": "https://vaultname.vault.azure.net/secrets/livekvtestcrud-secretfdfb3016",
            "attributes": {
              "enabled": false,
              "nbf": 1422864000,
              "exp": 2527401600,
              "created": 1647442483,
              "updated": 1647442484,
              "recoveryLevel": "CustomizedRecoverable\u002BPurgeable"
            },
            "tags": {
              "foo": "updated tag"
            }
          }
        ],
        "nextLink": "https://vaultname.vault.azure.net:443/deletedsecrets?api-version=7.0\u0026$skiptoken=eyJOZXh0TWFya2VyIjoiMiExNDQhTURBd01EWXlJWE5sWTNKbGRDOU1TVlpGUzFaVVJWTlVVMFZETVVZeU4wTXlRamRHTHpreFJrUXlOakJGUkRVelJEUkRSREJCTWpaRlFUVTJSRVJHTWpFNFJEVkNJVEF3TURBeU9DRTVPVGs1TFRFeUxUTXhWREl6T2pVNU9qVTVMams1T1RrNU9UbGFJUS0tIiwiVGFyZ2V0TG9jYXRpb24iOjB9"
      }
    },
    {
      "RequestUri": "https://vaultname.vault.azure.net/deletedsecrets?api-version=7.0\u0026$skiptoken=eyJOZXh0TWFya2VyIjoiMiExNDQhTURBd01EWXlJWE5sWTNKbGRDOU1TVlpGUzFaVVJWTlVVMFZETVVZeU4wTXlRamRHTHpreFJrUXlOakJGUkRVelJEUkRSREJCTWpaRlFUVTJSRVJHTWpFNFJEVkNJVEF3TURBeU9DRTVPVGs1TFRFeUxUTXhWREl6T2pVNU9qVTVMams1T1RrNU9UbGFJUS0tIiwiVGFyZ2V0TG9jYXRpb24iOjB9",
      "RequestMethod": "GET",
      "RequestHeaders": {
        "Accept": "application/json",
        "Accept-Encoding": "gzip, deflate",
        "Authorization": "Sanitized",
        "User-Agent": "azsdk-python-keyvault-secrets/4.4.0b4 Python/3.9.9 (Windows-10-10.0.22000-SP0)",
        "x-ms-client-request-id": "93864815-a53a-11ec-8e58-a04a5ed0778b"
      },
      "RequestBody": null,
      "StatusCode": 200,
      "ResponseHeaders": {
        "Cache-Control": "no-cache",
        "Content-Length": "296",
        "Content-Type": "application/json; charset=utf-8",
        "Date": "Wed, 16 Mar 2022 15:05:54 GMT",
        "Expires": "-1",
        "Pragma": "no-cache",
        "Strict-Transport-Security": "max-age=31536000;includeSubDomains",
        "X-Content-Type-Options": "nosniff",
        "x-ms-client-request-id": "93864815-a53a-11ec-8e58-a04a5ed0778b",
        "x-ms-keyvault-network-info": "conn_type=Ipv4;addr=73.232.137.144;act_addr_fam=InterNetwork;",
        "x-ms-keyvault-rbac-assignment-id": "44e2fa9b-9219-5ede-a044-28bdaaea57b8",
        "x-ms-keyvault-rbac-cache": "ra_age=1522;da_age=5855;rd_age=5855;brd_age=11297;ra_notif_age=1921;dec_lev=0;",
        "x-ms-keyvault-region": "westus2",
        "x-ms-keyvault-service-version": "1.9.291.1",
        "x-ms-request-id": "a33d2693-a700-41db-bf89-9b1d7e95da34",
        "X-Powered-By": "ASP.NET"
      },
      "ResponseBody": {
        "value": [],
        "nextLink": "https://vaultname.vault.azure.net:443/deletedsecrets?api-version=7.0\u0026$skiptoken=eyJOZXh0TWFya2VyIjoiMiExMDAhTURBd01ESTVJWE5sWTNKbGRDOU1TVlpGUzFaVVJWTlVVMFZETkRJeFJVRXlRME5HSVRBd01EQXlPQ0U1T1RrNUxURXlMVE14VkRJek9qVTVPalU1TGprNU9UazVPVGxhSVEtLSIsIlRhcmdldExvY2F0aW9uIjowfQ"
      }
    },
    {
      "RequestUri": "https://vaultname.vault.azure.net/deletedsecrets?api-version=7.0\u0026$skiptoken=eyJOZXh0TWFya2VyIjoiMiExMDAhTURBd01ESTVJWE5sWTNKbGRDOU1TVlpGUzFaVVJWTlVVMFZETkRJeFJVRXlRME5HSVRBd01EQXlPQ0U1T1RrNUxURXlMVE14VkRJek9qVTVPalU1TGprNU9UazVPVGxhSVEtLSIsIlRhcmdldExvY2F0aW9uIjowfQ",
      "RequestMethod": "GET",
      "RequestHeaders": {
        "Accept": "application/json",
        "Accept-Encoding": "gzip, deflate",
        "Authorization": "Sanitized",
        "User-Agent": "azsdk-python-keyvault-secrets/4.4.0b4 Python/3.9.9 (Windows-10-10.0.22000-SP0)",
        "x-ms-client-request-id": "939af925-a53a-11ec-b6d3-a04a5ed0778b"
      },
      "RequestBody": null,
      "StatusCode": 200,
      "ResponseHeaders": {
        "Cache-Control": "no-cache",
        "Content-Length": "354",
        "Content-Type": "application/json; charset=utf-8",
        "Date": "Wed, 16 Mar 2022 15:05:54 GMT",
        "Expires": "-1",
        "Pragma": "no-cache",
        "Strict-Transport-Security": "max-age=31536000;includeSubDomains",
        "X-Content-Type-Options": "nosniff",
        "x-ms-client-request-id": "939af925-a53a-11ec-b6d3-a04a5ed0778b",
        "x-ms-keyvault-network-info": "conn_type=Ipv4;addr=73.232.137.144;act_addr_fam=InterNetwork;",
        "x-ms-keyvault-rbac-assignment-id": "44e2fa9b-9219-5ede-a044-28bdaaea57b8",
        "x-ms-keyvault-rbac-cache": "ra_age=1522;da_age=5856;rd_age=5856;brd_age=11297;ra_notif_age=1921;dec_lev=0;",
        "x-ms-keyvault-region": "westus2",
        "x-ms-keyvault-service-version": "1.9.291.1",
        "x-ms-request-id": "391e308a-e5f2-4944-99fc-8b179d045f3d",
        "X-Powered-By": "ASP.NET"
      },
      "ResponseBody": {
        "value": [],
        "nextLink": "https://vaultname.vault.azure.net:443/deletedsecrets?api-version=7.0\u0026$skiptoken=eyJOZXh0TWFya2VyIjoiMiExNDQhTURBd01EWXlJWE5sWTNKbGRDOU1TVlpGUzFaVVJWTlVVMFZETlVZeU9FVXlRamd4THpaQlFUTXhNelV5UkVNeFFqUTFRMEk0T1RKRU1FWXhOelpDTkRrMk9EYzBJVEF3TURBeU9DRTVPVGs1TFRFeUxUTXhWREl6T2pVNU9qVTVMams1T1RrNU9UbGFJUS0tIiwiVGFyZ2V0TG9jYXRpb24iOjB9"
      }
    },
    {
      "RequestUri": "https://vaultname.vault.azure.net/deletedsecrets?api-version=7.0\u0026$skiptoken=eyJOZXh0TWFya2VyIjoiMiExNDQhTURBd01EWXlJWE5sWTNKbGRDOU1TVlpGUzFaVVJWTlVVMFZETlVZeU9FVXlRamd4THpaQlFUTXhNelV5UkVNeFFqUTFRMEk0T1RKRU1FWXhOelpDTkRrMk9EYzBJVEF3TURBeU9DRTVPVGs1TFRFeUxUTXhWREl6T2pVNU9qVTVMams1T1RrNU9UbGFJUS0tIiwiVGFyZ2V0TG9jYXRpb24iOjB9",
      "RequestMethod": "GET",
      "RequestHeaders": {
        "Accept": "application/json",
        "Accept-Encoding": "gzip, deflate",
        "Authorization": "Sanitized",
        "User-Agent": "azsdk-python-keyvault-secrets/4.4.0b4 Python/3.9.9 (Windows-10-10.0.22000-SP0)",
        "x-ms-client-request-id": "93c52132-a53a-11ec-a08c-a04a5ed0778b"
      },
      "RequestBody": null,
      "StatusCode": 200,
      "ResponseHeaders": {
        "Cache-Control": "no-cache",
        "Content-Length": "306",
        "Content-Type": "application/json; charset=utf-8",
        "Date": "Wed, 16 Mar 2022 15:05:54 GMT",
        "Expires": "-1",
        "Pragma": "no-cache",
        "Strict-Transport-Security": "max-age=31536000;includeSubDomains",
        "X-Content-Type-Options": "nosniff",
        "x-ms-client-request-id": "93c52132-a53a-11ec-a08c-a04a5ed0778b",
        "x-ms-keyvault-network-info": "conn_type=Ipv4;addr=73.232.137.144;act_addr_fam=InterNetwork;",
        "x-ms-keyvault-rbac-assignment-id": "44e2fa9b-9219-5ede-a044-28bdaaea57b8",
        "x-ms-keyvault-rbac-cache": "ra_age=1523;da_age=5856;rd_age=5856;brd_age=11298;ra_notif_age=1922;dec_lev=0;",
        "x-ms-keyvault-region": "westus2",
        "x-ms-keyvault-service-version": "1.9.291.1",
        "x-ms-request-id": "26c4519a-3181-49f7-b8d0-c5ea314231f4",
        "X-Powered-By": "ASP.NET"
      },
      "ResponseBody": {
        "value": [],
        "nextLink": "https://vaultname.vault.azure.net:443/deletedsecrets?api-version=7.0\u0026$skiptoken=eyJOZXh0TWFya2VyIjoiMiExMDghTURBd01ETTJJWE5sWTNKbGRDOU1TVlpGUzFaVVJWTlVVMFZEVWtWVUxVNUJUVVV6TVRrNU16Z3pReUV3TURBd01qZ2hPVGs1T1MweE1pMHpNVlF5TXpvMU9UbzFPUzQ1T1RrNU9UazVXaUUtIiwiVGFyZ2V0TG9jYXRpb24iOjB9"
      }
    },
    {
      "RequestUri": "https://vaultname.vault.azure.net/deletedsecrets?api-version=7.0\u0026$skiptoken=eyJOZXh0TWFya2VyIjoiMiExMDghTURBd01ETTJJWE5sWTNKbGRDOU1TVlpGUzFaVVJWTlVVMFZEVWtWVUxVNUJUVVV6TVRrNU16Z3pReUV3TURBd01qZ2hPVGs1T1MweE1pMHpNVlF5TXpvMU9UbzFPUzQ1T1RrNU9UazVXaUUtIiwiVGFyZ2V0TG9jYXRpb24iOjB9",
      "RequestMethod": "GET",
      "RequestHeaders": {
        "Accept": "application/json",
        "Accept-Encoding": "gzip, deflate",
        "Authorization": "Sanitized",
        "User-Agent": "azsdk-python-keyvault-secrets/4.4.0b4 Python/3.9.9 (Windows-10-10.0.22000-SP0)",
        "x-ms-client-request-id": "93e09220-a53a-11ec-8a41-a04a5ed0778b"
      },
      "RequestBody": null,
      "StatusCode": 200,
      "ResponseHeaders": {
        "Cache-Control": "no-cache",
        "Content-Length": "1645",
        "Content-Type": "application/json; charset=utf-8",
        "Date": "Wed, 16 Mar 2022 15:05:54 GMT",
        "Expires": "-1",
        "Pragma": "no-cache",
        "Strict-Transport-Security": "max-age=31536000;includeSubDomains",
        "X-Content-Type-Options": "nosniff",
        "x-ms-client-request-id": "93e09220-a53a-11ec-8a41-a04a5ed0778b",
        "x-ms-keyvault-network-info": "conn_type=Ipv4;addr=73.232.137.144;act_addr_fam=InterNetwork;",
        "x-ms-keyvault-rbac-assignment-id": "44e2fa9b-9219-5ede-a044-28bdaaea57b8",
        "x-ms-keyvault-rbac-cache": "ra_age=1523;da_age=5856;rd_age=5856;brd_age=11298;ra_notif_age=1922;dec_lev=0;",
        "x-ms-keyvault-region": "westus2",
        "x-ms-keyvault-service-version": "1.9.291.1",
        "x-ms-request-id": "022dc66d-62af-4783-8984-23a7411b58c1",
        "X-Powered-By": "ASP.NET"
      },
      "ResponseBody": {
        "value": [
          {
            "recoveryId": "https://vaultname.vault.azure.net/deletedsecrets/livekvtestsecret-name32203841",
            "deletedDate": 1647441634,
            "scheduledPurgeDate": 1648046434,
            "contentType": "text/plain",
            "id": "https://vaultname.vault.azure.net/secrets/livekvtestsecret-name32203841",
            "attributes": {
              "enabled": true,
              "exp": 2527401600,
              "created": 1647441633,
              "updated": 1647441634,
              "recoveryLevel": "CustomizedRecoverable\u002BPurgeable"
            },
            "tags": {
              "foo": "updated tag"
            }
          },
          {
            "recoveryId": "https://vaultname.vault.azure.net/deletedsecrets/livekvtestsecret-name505938dc",
            "deletedDate": 1647442074,
            "scheduledPurgeDate": 1648046874,
            "contentType": "text/plain",
            "id": "https://vaultname.vault.azure.net/secrets/livekvtestsecret-name505938dc",
            "attributes": {
              "enabled": true,
              "exp": 2527401600,
              "created": 1647442074,
              "updated": 1647442074,
              "recoveryLevel": "CustomizedRecoverable\u002BPurgeable"
            },
            "tags": {
              "foo": "updated tag"
            }
          },
          {
            "recoveryId": "https://vaultname.vault.azure.net/deletedsecrets/livekvtestsecret-name75be350f",
            "deletedDate": 1647441650,
            "scheduledPurgeDate": 1648046450,
            "contentType": "text/plain",
            "id": "https://vaultname.vault.azure.net/secrets/livekvtestsecret-name75be350f",
            "attributes": {
              "enabled": true,
              "exp": 2527401600,
              "created": 1647441650,
              "updated": 1647441650,
              "recoveryLevel": "CustomizedRecoverable\u002BPurgeable"
            },
            "tags": {
              "foo": "updated tag"
            }
          }
        ],
        "nextLink": "https://vaultname.vault.azure.net:443/deletedsecrets?api-version=7.0\u0026$skiptoken=eyJOZXh0TWFya2VyIjoiMiExNTIhTURBd01EWTVJWE5sWTNKbGRDOU1TVlpGUzFaVVJWTlVVMFZEVWtWVUxVNUJUVVUzTlVKRk16VXdSaTh4TjBaRlJqSTFRVU0zTURNME1UWTJPRFpCTTBNNU9VSTVOakE1T1RRd05pRXdNREF3TWpnaE9UazVPUzB4TWkwek1WUXlNem8xT1RvMU9TNDVPVGs1T1RrNVdpRS0iLCJUYXJnZXRMb2NhdGlvbiI6MH0"
      }
    },
    {
      "RequestUri": "https://vaultname.vault.azure.net/deletedsecrets?api-version=7.0\u0026$skiptoken=eyJOZXh0TWFya2VyIjoiMiExNTIhTURBd01EWTVJWE5sWTNKbGRDOU1TVlpGUzFaVVJWTlVVMFZEVWtWVUxVNUJUVVUzTlVKRk16VXdSaTh4TjBaRlJqSTFRVU0zTURNME1UWTJPRFpCTTBNNU9VSTVOakE1T1RRd05pRXdNREF3TWpnaE9UazVPUzB4TWkwek1WUXlNem8xT1RvMU9TNDVPVGs1T1RrNVdpRS0iLCJUYXJnZXRMb2NhdGlvbiI6MH0",
      "RequestMethod": "GET",
      "RequestHeaders": {
        "Accept": "application/json",
        "Accept-Encoding": "gzip, deflate",
        "Authorization": "Sanitized",
        "User-Agent": "azsdk-python-keyvault-secrets/4.4.0b4 Python/3.9.9 (Windows-10-10.0.22000-SP0)",
        "x-ms-client-request-id": "93faf95e-a53a-11ec-87d6-a04a5ed0778b"
      },
      "RequestBody": null,
      "StatusCode": 200,
      "ResponseHeaders": {
        "Cache-Control": "no-cache",
        "Content-Length": "2013",
        "Content-Type": "application/json; charset=utf-8",
        "Date": "Wed, 16 Mar 2022 15:05:54 GMT",
        "Expires": "-1",
        "Pragma": "no-cache",
        "Strict-Transport-Security": "max-age=31536000;includeSubDomains",
        "X-Content-Type-Options": "nosniff",
        "x-ms-client-request-id": "93faf95e-a53a-11ec-87d6-a04a5ed0778b",
        "x-ms-keyvault-network-info": "conn_type=Ipv4;addr=73.232.137.144;act_addr_fam=InterNetwork;",
        "x-ms-keyvault-rbac-assignment-id": "44e2fa9b-9219-5ede-a044-28bdaaea57b8",
        "x-ms-keyvault-rbac-cache": "ra_age=1523;da_age=5856;rd_age=5856;brd_age=11298;ra_notif_age=1922;dec_lev=0;",
        "x-ms-keyvault-region": "westus2",
        "x-ms-keyvault-service-version": "1.9.291.1",
        "x-ms-request-id": "343fed22-47a8-49c1-944c-1adf37480d8e",
        "X-Powered-By": "ASP.NET"
      },
      "ResponseBody": {
        "value": [
          {
            "recoveryId": "https://vaultname.vault.azure.net/deletedsecrets/livekvtestsecret-name75c73510",
            "deletedDate": 1647441645,
            "scheduledPurgeDate": 1648046445,
            "contentType": "text/plain",
            "id": "https://vaultname.vault.azure.net/secrets/livekvtestsecret-name75c73510",
            "attributes": {
              "enabled": true,
              "exp": 2527401600,
              "created": 1647441644,
              "updated": 1647441645,
              "recoveryLevel": "CustomizedRecoverable\u002BPurgeable"
            },
            "tags": {
              "foo": "updated tag"
            }
          },
          {
            "recoveryId": "https://vaultname.vault.azure.net/deletedsecrets/livekvtestsecret-name75d03511",
            "deletedDate": 1647441639,
            "scheduledPurgeDate": 1648046439,
            "contentType": "text/plain",
            "id": "https://vaultname.vault.azure.net/secrets/livekvtestsecret-name75d03511",
            "attributes": {
              "enabled": true,
              "exp": 2527401600,
              "created": 1647441639,
              "updated": 1647441639,
              "recoveryLevel": "CustomizedRecoverable\u002BPurgeable"
            },
            "tags": {
              "foo": "updated tag"
            }
          },
          {
            "recoveryId": "https://vaultname.vault.azure.net/deletedsecrets/livekvtestsecret-name9cda3abe",
            "deletedDate": 1647442058,
            "scheduledPurgeDate": 1648046858,
            "contentType": "text/plain",
            "id": "https://vaultname.vault.azure.net/secrets/livekvtestsecret-name9cda3abe",
            "attributes": {
              "enabled": true,
              "exp": 2527401600,
              "created": 1647442057,
              "updated": 1647442058,
              "recoveryLevel": "CustomizedRecoverable\u002BPurgeable"
            },
            "tags": {
              "foo": "updated tag"
            }
          },
          {
            "recoveryId": "https://vaultname.vault.azure.net/deletedsecrets/livekvtestsecret-namecc90378c",
            "deletedDate": 1647442069,
            "scheduledPurgeDate": 1648046869,
            "contentType": "text/plain",
            "id": "https://vaultname.vault.azure.net/secrets/livekvtestsecret-namecc90378c",
            "attributes": {
              "enabled": true,
              "exp": 2527401600,
              "created": 1647442069,
              "updated": 1647442069,
              "recoveryLevel": "CustomizedRecoverable\u002BPurgeable"
            },
            "tags": {
              "foo": "updated tag"
            }
          }
        ],
        "nextLink": "https://vaultname.vault.azure.net:443/deletedsecrets?api-version=7.0\u0026$skiptoken=eyJOZXh0TWFya2VyIjoiMiExMDghTURBd01ETTJJWE5sWTNKbGRDOU1TVlpGUzFaVVJWTlVVMFZEVWtWVUxVNUJUVVZEUXprNU16YzRSQ0V3TURBd01qZ2hPVGs1T1MweE1pMHpNVlF5TXpvMU9UbzFPUzQ1T1RrNU9UazVXaUUtIiwiVGFyZ2V0TG9jYXRpb24iOjB9"
      }
    },
    {
      "RequestUri": "https://vaultname.vault.azure.net/deletedsecrets?api-version=7.0\u0026$skiptoken=eyJOZXh0TWFya2VyIjoiMiExMDghTURBd01ETTJJWE5sWTNKbGRDOU1TVlpGUzFaVVJWTlVVMFZEVWtWVUxVNUJUVVZEUXprNU16YzRSQ0V3TURBd01qZ2hPVGs1T1MweE1pMHpNVlF5TXpvMU9UbzFPUzQ1T1RrNU9UazVXaUUtIiwiVGFyZ2V0TG9jYXRpb24iOjB9",
      "RequestMethod": "GET",
      "RequestHeaders": {
        "Accept": "application/json",
        "Accept-Encoding": "gzip, deflate",
        "Authorization": "Sanitized",
        "User-Agent": "azsdk-python-keyvault-secrets/4.4.0b4 Python/3.9.9 (Windows-10-10.0.22000-SP0)",
        "x-ms-client-request-id": "94130ef4-a53a-11ec-b0d8-a04a5ed0778b"
      },
      "RequestBody": null,
      "StatusCode": 200,
      "ResponseHeaders": {
        "Cache-Control": "no-cache",
        "Content-Length": "3716",
        "Content-Type": "application/json; charset=utf-8",
        "Date": "Wed, 16 Mar 2022 15:05:55 GMT",
        "Expires": "-1",
        "Pragma": "no-cache",
        "Strict-Transport-Security": "max-age=31536000;includeSubDomains",
        "X-Content-Type-Options": "nosniff",
        "x-ms-client-request-id": "94130ef4-a53a-11ec-b0d8-a04a5ed0778b",
        "x-ms-keyvault-network-info": "conn_type=Ipv4;addr=73.232.137.144;act_addr_fam=InterNetwork;",
        "x-ms-keyvault-rbac-assignment-id": "44e2fa9b-9219-5ede-a044-28bdaaea57b8",
        "x-ms-keyvault-rbac-cache": "ra_age=1523;da_age=5856;rd_age=5856;brd_age=11298;ra_notif_age=1922;dec_lev=0;",
        "x-ms-keyvault-region": "westus2",
        "x-ms-keyvault-service-version": "1.9.291.1",
        "x-ms-request-id": "0c287635-c03b-4a35-8b37-ba32d808bf68",
        "X-Powered-By": "ASP.NET"
      },
      "ResponseBody": {
        "value": [
          {
            "recoveryId": "https://vaultname.vault.azure.net/deletedsecrets/livekvtestsecret-namecc99378d",
            "deletedDate": 1647442064,
            "scheduledPurgeDate": 1648046864,
            "contentType": "text/plain",
            "id": "https://vaultname.vault.azure.net/secrets/livekvtestsecret-namecc99378d",
            "attributes": {
              "enabled": true,
              "exp": 2527401600,
              "created": 1647442063,
              "updated": 1647442064,
              "recoveryLevel": "CustomizedRecoverable\u002BPurgeable"
            },
            "tags": {
              "foo": "updated tag"
            }
          },
          {
            "recoveryId": "https://vaultname.vault.azure.net/deletedsecrets/livekvtestsecret-namecca2378e",
            "deletedDate": 1647442061,
            "scheduledPurgeDate": 1648046861,
            "contentType": "text/plain",
            "id": "https://vaultname.vault.azure.net/secrets/livekvtestsecret-namecca2378e",
            "attributes": {
              "enabled": true,
              "exp": 2527401600,
              "created": 1647442060,
              "updated": 1647442061,
              "recoveryLevel": "CustomizedRecoverable\u002BPurgeable"
            },
            "tags": {
              "foo": "updated tag"
            }
          },
          {
            "recoveryId": "https://vaultname.vault.azure.net/deletedsecrets/livekvtestsecret-namee80d365f",
            "deletedDate": 1647441656,
            "scheduledPurgeDate": 1648046456,
            "contentType": "text/plain",
            "id": "https://vaultname.vault.azure.net/secrets/livekvtestsecret-namee80d365f",
            "attributes": {
              "enabled": true,
              "exp": 2527401600,
              "created": 1647441655,
              "updated": 1647441656,
              "recoveryLevel": "CustomizedRecoverable\u002BPurgeable"
            },
            "tags": {
              "foo": "updated tag"
            }
          },
          {
            "recoveryId": "https://vaultname.vault.azure.net/deletedsecrets/livekvtestsecret02688325a",
            "deletedDate": 1647442530,
            "scheduledPurgeDate": 1648047330,
            "id": "https://vaultname.vault.azure.net/secrets/livekvtestsecret02688325a",
            "attributes": {
              "enabled": true,
              "created": 1647442529,
              "updated": 1647442529,
              "recoveryLevel": "CustomizedRecoverable\u002BPurgeable"
            }
          },
          {
            "recoveryId": "https://vaultname.vault.azure.net/deletedsecrets/livekvtestsecret040a429d4",
            "deletedDate": 1647442892,
            "scheduledPurgeDate": 1648047692,
            "id": "https://vaultname.vault.azure.net/secrets/livekvtestsecret040a429d4",
            "attributes": {
              "enabled": true,
              "created": 1647442891,
              "updated": 1647442891,
              "recoveryLevel": "CustomizedRecoverable\u002BPurgeable"
            }
          },
          {
            "recoveryId": "https://vaultname.vault.azure.net/deletedsecrets/livekvtestsecret040ad29d5",
            "deletedDate": 1647442851,
            "scheduledPurgeDate": 1648047651,
            "id": "https://vaultname.vault.azure.net/secrets/livekvtestsecret040ad29d5",
            "attributes": {
              "enabled": true,
              "created": 1647442850,
              "updated": 1647442850,
              "recoveryLevel": "CustomizedRecoverable\u002BPurgeable"
            }
          },
          {
            "recoveryId": "https://vaultname.vault.azure.net/deletedsecrets/livekvtestsecret040b629d6",
            "deletedDate": 1647442809,
            "scheduledPurgeDate": 1648047609,
            "id": "https://vaultname.vault.azure.net/secrets/livekvtestsecret040b629d6",
            "attributes": {
              "enabled": true,
              "created": 1647442808,
              "updated": 1647442808,
              "recoveryLevel": "CustomizedRecoverable\u002BPurgeable"
            }
          },
          {
            "recoveryId": "https://vaultname.vault.azure.net/deletedsecrets/livekvtestsecret046632c33",
            "deletedDate": 1647442976,
            "scheduledPurgeDate": 1648047776,
            "id": "https://vaultname.vault.azure.net/secrets/livekvtestsecret046632c33",
            "attributes": {
              "enabled": true,
              "created": 1647442975,
              "updated": 1647442975,
              "recoveryLevel": "CustomizedRecoverable\u002BPurgeable"
            }
          },
          {
            "recoveryId": "https://vaultname.vault.azure.net/deletedsecrets/livekvtestsecret064562b24",
            "deletedDate": 1647442937,
            "scheduledPurgeDate": 1648047737,
            "id": "https://vaultname.vault.azure.net/secrets/livekvtestsecret064562b24",
            "attributes": {
              "enabled": true,
              "created": 1647442935,
              "updated": 1647442935,
              "recoveryLevel": "CustomizedRecoverable\u002BPurgeable"
            }
          }
        ],
        "nextLink": "https://vaultname.vault.azure.net:443/deletedsecrets?api-version=7.0\u0026$skiptoken=eyJOZXh0TWFya2VyIjoiMiExNDghTURBd01EWTFJWE5sWTNKbGRDOU1TVlpGUzFaVVJWTlVVMFZEVWtWVU1EWTBOVFl5UWpJMEx6SXlORFF6T0RVNE4wRkdPRFExUWpVNFFUZzVRelJCUlVKRVF6VTJNekk1SVRBd01EQXlPQ0U1T1RrNUxURXlMVE14VkRJek9qVTVPalU1TGprNU9UazVPVGxhSVEtLSIsIlRhcmdldExvY2F0aW9uIjowfQ"
      }
    },
    {
      "RequestUri": "https://vaultname.vault.azure.net/deletedsecrets?api-version=7.0\u0026$skiptoken=eyJOZXh0TWFya2VyIjoiMiExNDghTURBd01EWTFJWE5sWTNKbGRDOU1TVlpGUzFaVVJWTlVVMFZEVWtWVU1EWTBOVFl5UWpJMEx6SXlORFF6T0RVNE4wRkdPRFExUWpVNFFUZzVRelJCUlVKRVF6VTJNekk1SVRBd01EQXlPQ0U1T1RrNUxURXlMVE14VkRJek9qVTVPalU1TGprNU9UazVPVGxhSVEtLSIsIlRhcmdldExvY2F0aW9uIjowfQ",
      "RequestMethod": "GET",
      "RequestHeaders": {
        "Accept": "application/json",
        "Accept-Encoding": "gzip, deflate",
        "Authorization": "Sanitized",
        "User-Agent": "azsdk-python-keyvault-secrets/4.4.0b4 Python/3.9.9 (Windows-10-10.0.22000-SP0)",
        "x-ms-client-request-id": "942a6c32-a53a-11ec-942f-a04a5ed0778b"
      },
      "RequestBody": null,
      "StatusCode": 200,
      "ResponseHeaders": {
        "Cache-Control": "no-cache",
        "Content-Length": "2030",
        "Content-Type": "application/json; charset=utf-8",
        "Date": "Wed, 16 Mar 2022 15:05:55 GMT",
        "Expires": "-1",
        "Pragma": "no-cache",
        "Strict-Transport-Security": "max-age=31536000;includeSubDomains",
        "X-Content-Type-Options": "nosniff",
        "x-ms-client-request-id": "942a6c32-a53a-11ec-942f-a04a5ed0778b",
        "x-ms-keyvault-network-info": "conn_type=Ipv4;addr=73.232.137.144;act_addr_fam=InterNetwork;",
        "x-ms-keyvault-rbac-assignment-id": "44e2fa9b-9219-5ede-a044-28bdaaea57b8",
        "x-ms-keyvault-rbac-cache": "ra_age=1523;da_age=5857;rd_age=5857;brd_age=11298;ra_notif_age=1922;dec_lev=0;",
        "x-ms-keyvault-region": "westus2",
        "x-ms-keyvault-service-version": "1.9.291.1",
        "x-ms-request-id": "18cefd58-0040-4e21-a2bd-7d5131dd5bf4",
        "X-Powered-By": "ASP.NET"
      },
      "ResponseBody": {
        "value": [
          {
            "recoveryId": "https://vaultname.vault.azure.net/deletedsecrets/livekvtestsecret0995e2f28",
            "deletedDate": 1647442632,
            "scheduledPurgeDate": 1648047432,
            "id": "https://vaultname.vault.azure.net/secrets/livekvtestsecret0995e2f28",
            "attributes": {
              "enabled": true,
              "created": 1647442631,
              "updated": 1647442631,
              "recoveryLevel": "CustomizedRecoverable\u002BPurgeable"
            }
          },
          {
            "recoveryId": "https://vaultname.vault.azure.net/deletedsecrets/livekvtestsecret099672f29",
            "deletedDate": 1647442595,
            "scheduledPurgeDate": 1648047395,
            "id": "https://vaultname.vault.azure.net/secrets/livekvtestsecret099672f29",
            "attributes": {
              "enabled": true,
              "created": 1647442594,
              "updated": 1647442594,
              "recoveryLevel": "CustomizedRecoverable\u002BPurgeable"
            }
          },
          {
            "recoveryId": "https://vaultname.vault.azure.net/deletedsecrets/livekvtestsecret099702f2a",
            "deletedDate": 1647442561,
            "scheduledPurgeDate": 1648047361,
            "id": "https://vaultname.vault.azure.net/secrets/livekvtestsecret099702f2a",
            "attributes": {
              "enabled": true,
              "created": 1647442560,
              "updated": 1647442560,
              "recoveryLevel": "CustomizedRecoverable\u002BPurgeable"
            }
          },
          {
            "recoveryId": "https://vaultname.vault.azure.net/deletedsecrets/livekvtestsecret0a31f2d06",
            "deletedDate": 1647442776,
            "scheduledPurgeDate": 1648047576,
            "id": "https://vaultname.vault.azure.net/secrets/livekvtestsecret0a31f2d06",
            "attributes": {
              "enabled": true,
              "created": 1647442775,
              "updated": 1647442775,
              "recoveryLevel": "CustomizedRecoverable\u002BPurgeable"
            }
          },
          {
            "recoveryId": "https://vaultname.vault.azure.net/deletedsecrets/livekvtestsecret0e25c3078",
            "deletedDate": 1647442675,
            "scheduledPurgeDate": 1648047475,
            "id": "https://vaultname.vault.azure.net/secrets/livekvtestsecret0e25c3078",
            "attributes": {
              "enabled": true,
              "created": 1647442674,
              "updated": 1647442674,
              "recoveryLevel": "CustomizedRecoverable\u002BPurgeable"
            }
          }
        ],
        "nextLink": "https://vaultname.vault.azure.net:443/deletedsecrets?api-version=7.0\u0026$skiptoken=eyJOZXh0TWFya2VyIjoiMiExMDQhTURBd01ETXlJWE5sWTNKbGRDOU1TVlpGUzFaVVJWTlVVMFZEVWtWVU1FVTVRell6TmpaRUlUQXdNREF5T0NFNU9UazVMVEV5TFRNeFZESXpPalU1T2pVNUxqazVPVGs1T1RsYUlRLS0iLCJUYXJnZXRMb2NhdGlvbiI6MH0"
      }
    },
    {
      "RequestUri": "https://vaultname.vault.azure.net/deletedsecrets?api-version=7.0\u0026$skiptoken=eyJOZXh0TWFya2VyIjoiMiExMDQhTURBd01ETXlJWE5sWTNKbGRDOU1TVlpGUzFaVVJWTlVVMFZEVWtWVU1FVTVRell6TmpaRUlUQXdNREF5T0NFNU9UazVMVEV5TFRNeFZESXpPalU1T2pVNUxqazVPVGs1T1RsYUlRLS0iLCJUYXJnZXRMb2NhdGlvbiI6MH0",
      "RequestMethod": "GET",
      "RequestHeaders": {
        "Accept": "application/json",
        "Accept-Encoding": "gzip, deflate",
        "Authorization": "Sanitized",
        "User-Agent": "azsdk-python-keyvault-secrets/4.4.0b4 Python/3.9.9 (Windows-10-10.0.22000-SP0)",
        "x-ms-client-request-id": "94406364-a53a-11ec-b9b5-a04a5ed0778b"
      },
      "RequestBody": null,
      "StatusCode": 200,
      "ResponseHeaders": {
        "Cache-Control": "no-cache",
        "Content-Length": "3473",
        "Content-Type": "application/json; charset=utf-8",
        "Date": "Wed, 16 Mar 2022 15:05:55 GMT",
        "Expires": "-1",
        "Pragma": "no-cache",
        "Strict-Transport-Security": "max-age=31536000;includeSubDomains",
        "X-Content-Type-Options": "nosniff",
        "x-ms-client-request-id": "94406364-a53a-11ec-b9b5-a04a5ed0778b",
        "x-ms-keyvault-network-info": "conn_type=Ipv4;addr=73.232.137.144;act_addr_fam=InterNetwork;",
        "x-ms-keyvault-rbac-assignment-id": "44e2fa9b-9219-5ede-a044-28bdaaea57b8",
        "x-ms-keyvault-rbac-cache": "ra_age=1523;da_age=5857;rd_age=5857;brd_age=11298;ra_notif_age=1922;dec_lev=0;",
        "x-ms-keyvault-region": "westus2",
        "x-ms-keyvault-service-version": "1.9.291.1",
        "x-ms-request-id": "ff7374e7-703c-4968-86ce-2baf2201498e",
        "X-Powered-By": "ASP.NET"
      },
      "ResponseBody": {
        "value": [
          {
            "recoveryId": "https://vaultname.vault.azure.net/deletedsecrets/livekvtestsecret0ea712901",
            "deletedDate": 1647443112,
            "scheduledPurgeDate": 1648047912,
            "id": "https://vaultname.vault.azure.net/secrets/livekvtestsecret0ea712901",
            "attributes": {
              "enabled": true,
              "created": 1647443111,
              "updated": 1647443111,
              "recoveryLevel": "CustomizedRecoverable\u002BPurgeable"
            }
          },
          {
            "recoveryId": "https://vaultname.vault.azure.net/deletedsecrets/livekvtestsecret0ea7a2902",
            "deletedDate": 1647443066,
            "scheduledPurgeDate": 1648047866,
            "id": "https://vaultname.vault.azure.net/secrets/livekvtestsecret0ea7a2902",
            "attributes": {
              "enabled": true,
              "created": 1647443065,
              "updated": 1647443065,
              "recoveryLevel": "CustomizedRecoverable\u002BPurgeable"
            }
          },
          {
            "recoveryId": "https://vaultname.vault.azure.net/deletedsecrets/livekvtestsecret0ea832903",
            "deletedDate": 1647443020,
            "scheduledPurgeDate": 1648047820,
            "id": "https://vaultname.vault.azure.net/secrets/livekvtestsecret0ea832903",
            "attributes": {
              "enabled": true,
              "created": 1647443019,
              "updated": 1647443019,
              "recoveryLevel": "CustomizedRecoverable\u002BPurgeable"
            }
          },
          {
            "recoveryId": "https://vaultname.vault.azure.net/deletedsecrets/livekvtestsecret12688325a",
            "deletedDate": 1647442532,
            "scheduledPurgeDate": 1648047332,
            "id": "https://vaultname.vault.azure.net/secrets/livekvtestsecret12688325a",
            "attributes": {
              "enabled": true,
              "created": 1647442529,
              "updated": 1647442529,
              "recoveryLevel": "CustomizedRecoverable\u002BPurgeable"
            }
          },
          {
            "recoveryId": "https://vaultname.vault.azure.net/deletedsecrets/livekvtestsecret140a429d4",
            "deletedDate": 1647442901,
            "scheduledPurgeDate": 1648047701,
            "id": "https://vaultname.vault.azure.net/secrets/livekvtestsecret140a429d4",
            "attributes": {
              "enabled": true,
              "created": 1647442891,
              "updated": 1647442891,
              "recoveryLevel": "CustomizedRecoverable\u002BPurgeable"
            }
          },
          {
            "recoveryId": "https://vaultname.vault.azure.net/deletedsecrets/livekvtestsecret140ad29d5",
            "deletedDate": 1647442855,
            "scheduledPurgeDate": 1648047655,
            "id": "https://vaultname.vault.azure.net/secrets/livekvtestsecret140ad29d5",
            "attributes": {
              "enabled": true,
              "created": 1647442850,
              "updated": 1647442850,
              "recoveryLevel": "CustomizedRecoverable\u002BPurgeable"
            }
          },
          {
            "recoveryId": "https://vaultname.vault.azure.net/deletedsecrets/livekvtestsecret140b629d6",
            "deletedDate": 1647442816,
            "scheduledPurgeDate": 1648047616,
            "id": "https://vaultname.vault.azure.net/secrets/livekvtestsecret140b629d6",
            "attributes": {
              "enabled": true,
              "created": 1647442808,
              "updated": 1647442808,
              "recoveryLevel": "CustomizedRecoverable\u002BPurgeable"
            }
          },
          {
            "recoveryId": "https://vaultname.vault.azure.net/deletedsecrets/livekvtestsecret146632c33",
            "deletedDate": 1647442979,
            "scheduledPurgeDate": 1648047779,
            "id": "https://vaultname.vault.azure.net/secrets/livekvtestsecret146632c33",
            "attributes": {
              "enabled": true,
              "created": 1647442975,
              "updated": 1647442975,
              "recoveryLevel": "CustomizedRecoverable\u002BPurgeable"
            }
          },
          {
            "recoveryId": "https://vaultname.vault.azure.net/deletedsecrets/livekvtestsecret164562b24",
            "deletedDate": 1647442943,
            "scheduledPurgeDate": 1648047743,
            "id": "https://vaultname.vault.azure.net/secrets/livekvtestsecret164562b24",
            "attributes": {
              "enabled": true,
              "created": 1647442935,
              "updated": 1647442935,
              "recoveryLevel": "CustomizedRecoverable\u002BPurgeable"
            }
          }
        ],
        "nextLink": "https://vaultname.vault.azure.net:443/deletedsecrets?api-version=7.0\u0026$skiptoken=eyJOZXh0TWFya2VyIjoiMiExNDghTURBd01EWTFJWE5sWTNKbGRDOU1TVlpGUzFaVVJWTlVVMFZEVWtWVU1UYzNNVFV6TlRGRUx6YzFPVGhETkRORU9UZEZOelEzUVRVNU5FWXlSRVJGTXpjek9FVTBPVVpESVRBd01EQXlPQ0U1T1RrNUxURXlMVE14VkRJek9qVTVPalU1TGprNU9UazVPVGxhSVEtLSIsIlRhcmdldExvY2F0aW9uIjowfQ"
      }
    },
    {
      "RequestUri": "https://vaultname.vault.azure.net/deletedsecrets?api-version=7.0\u0026$skiptoken=eyJOZXh0TWFya2VyIjoiMiExNDghTURBd01EWTFJWE5sWTNKbGRDOU1TVlpGUzFaVVJWTlVVMFZEVWtWVU1UYzNNVFV6TlRGRUx6YzFPVGhETkRORU9UZEZOelEzUVRVNU5FWXlSRVJGTXpjek9FVTBPVVpESVRBd01EQXlPQ0U1T1RrNUxURXlMVE14VkRJek9qVTVPalU1TGprNU9UazVPVGxhSVEtLSIsIlRhcmdldExvY2F0aW9uIjowfQ",
      "RequestMethod": "GET",
      "RequestHeaders": {
        "Accept": "application/json",
        "Accept-Encoding": "gzip, deflate",
        "Authorization": "Sanitized",
        "User-Agent": "azsdk-python-keyvault-secrets/4.4.0b4 Python/3.9.9 (Windows-10-10.0.22000-SP0)",
        "x-ms-client-request-id": "94624138-a53a-11ec-9751-a04a5ed0778b"
      },
      "RequestBody": null,
      "StatusCode": 200,
      "ResponseHeaders": {
        "Cache-Control": "no-cache",
        "Content-Length": "2030",
        "Content-Type": "application/json; charset=utf-8",
        "Date": "Wed, 16 Mar 2022 15:05:55 GMT",
        "Expires": "-1",
        "Pragma": "no-cache",
        "Strict-Transport-Security": "max-age=31536000;includeSubDomains",
        "X-Content-Type-Options": "nosniff",
        "x-ms-client-request-id": "94624138-a53a-11ec-9751-a04a5ed0778b",
        "x-ms-keyvault-network-info": "conn_type=Ipv4;addr=73.232.137.144;act_addr_fam=InterNetwork;",
        "x-ms-keyvault-rbac-assignment-id": "44e2fa9b-9219-5ede-a044-28bdaaea57b8",
        "x-ms-keyvault-rbac-cache": "ra_age=1524;da_age=5857;rd_age=5857;brd_age=11299;ra_notif_age=1923;dec_lev=0;",
        "x-ms-keyvault-region": "westus2",
        "x-ms-keyvault-service-version": "1.9.291.1",
        "x-ms-request-id": "a4857bfc-0ad4-427e-8299-b3595252d087",
        "X-Powered-By": "ASP.NET"
      },
      "ResponseBody": {
        "value": [
          {
            "recoveryId": "https://vaultname.vault.azure.net/deletedsecrets/livekvtestsecret1995e2f28",
            "deletedDate": 1647442634,
            "scheduledPurgeDate": 1648047434,
            "id": "https://vaultname.vault.azure.net/secrets/livekvtestsecret1995e2f28",
            "attributes": {
              "enabled": true,
              "created": 1647442631,
              "updated": 1647442631,
              "recoveryLevel": "CustomizedRecoverable\u002BPurgeable"
            }
          },
          {
            "recoveryId": "https://vaultname.vault.azure.net/deletedsecrets/livekvtestsecret199672f29",
            "deletedDate": 1647442600,
            "scheduledPurgeDate": 1648047400,
            "id": "https://vaultname.vault.azure.net/secrets/livekvtestsecret199672f29",
            "attributes": {
              "enabled": true,
              "created": 1647442594,
              "updated": 1647442594,
              "recoveryLevel": "CustomizedRecoverable\u002BPurgeable"
            }
          },
          {
            "recoveryId": "https://vaultname.vault.azure.net/deletedsecrets/livekvtestsecret199702f2a",
            "deletedDate": 1647442565,
            "scheduledPurgeDate": 1648047365,
            "id": "https://vaultname.vault.azure.net/secrets/livekvtestsecret199702f2a",
            "attributes": {
              "enabled": true,
              "created": 1647442560,
              "updated": 1647442560,
              "recoveryLevel": "CustomizedRecoverable\u002BPurgeable"
            }
          },
          {
            "recoveryId": "https://vaultname.vault.azure.net/deletedsecrets/livekvtestsecret1a31f2d06",
            "deletedDate": 1647442778,
            "scheduledPurgeDate": 1648047578,
            "id": "https://vaultname.vault.azure.net/secrets/livekvtestsecret1a31f2d06",
            "attributes": {
              "enabled": true,
              "created": 1647442775,
              "updated": 1647442775,
              "recoveryLevel": "CustomizedRecoverable\u002BPurgeable"
            }
          },
          {
            "recoveryId": "https://vaultname.vault.azure.net/deletedsecrets/livekvtestsecret1e25c3078",
            "deletedDate": 1647442678,
            "scheduledPurgeDate": 1648047478,
            "id": "https://vaultname.vault.azure.net/secrets/livekvtestsecret1e25c3078",
            "attributes": {
              "enabled": true,
              "created": 1647442675,
              "updated": 1647442675,
              "recoveryLevel": "CustomizedRecoverable\u002BPurgeable"
            }
          }
        ],
        "nextLink": "https://vaultname.vault.azure.net:443/deletedsecrets?api-version=7.0\u0026$skiptoken=eyJOZXh0TWFya2VyIjoiMiExMDQhTURBd01ETXlJWE5sWTNKbGRDOU1TVlpGUzFaVVJWTlVVMFZEVWtWVU1VVkJOekV5T1RBeElUQXdNREF5T0NFNU9UazVMVEV5TFRNeFZESXpPalU1T2pVNUxqazVPVGs1T1RsYUlRLS0iLCJUYXJnZXRMb2NhdGlvbiI6MH0"
      }
    },
    {
      "RequestUri": "https://vaultname.vault.azure.net/deletedsecrets?api-version=7.0\u0026$skiptoken=eyJOZXh0TWFya2VyIjoiMiExMDQhTURBd01ETXlJWE5sWTNKbGRDOU1TVlpGUzFaVVJWTlVVMFZEVWtWVU1VVkJOekV5T1RBeElUQXdNREF5T0NFNU9UazVMVEV5TFRNeFZESXpPalU1T2pVNUxqazVPVGs1T1RsYUlRLS0iLCJUYXJnZXRMb2NhdGlvbiI6MH0",
      "RequestMethod": "GET",
      "RequestHeaders": {
        "Accept": "application/json",
        "Accept-Encoding": "gzip, deflate",
        "Authorization": "Sanitized",
        "User-Agent": "azsdk-python-keyvault-secrets/4.4.0b4 Python/3.9.9 (Windows-10-10.0.22000-SP0)",
        "x-ms-client-request-id": "947bd8a3-a53a-11ec-b8dd-a04a5ed0778b"
      },
      "RequestBody": null,
      "StatusCode": 200,
      "ResponseHeaders": {
        "Cache-Control": "no-cache",
        "Content-Length": "3473",
        "Content-Type": "application/json; charset=utf-8",
        "Date": "Wed, 16 Mar 2022 15:05:55 GMT",
        "Expires": "-1",
        "Pragma": "no-cache",
        "Strict-Transport-Security": "max-age=31536000;includeSubDomains",
        "X-Content-Type-Options": "nosniff",
        "x-ms-client-request-id": "947bd8a3-a53a-11ec-b8dd-a04a5ed0778b",
        "x-ms-keyvault-network-info": "conn_type=Ipv4;addr=73.232.137.144;act_addr_fam=InterNetwork;",
        "x-ms-keyvault-rbac-assignment-id": "44e2fa9b-9219-5ede-a044-28bdaaea57b8",
        "x-ms-keyvault-rbac-cache": "ra_age=1524;da_age=5857;rd_age=5857;brd_age=11299;ra_notif_age=1923;dec_lev=0;",
        "x-ms-keyvault-region": "westus2",
        "x-ms-keyvault-service-version": "1.9.291.1",
        "x-ms-request-id": "e9c9dc31-2fc0-4118-ab0e-6cf1f806363b",
        "X-Powered-By": "ASP.NET"
      },
      "ResponseBody": {
        "value": [
          {
            "recoveryId": "https://vaultname.vault.azure.net/deletedsecrets/livekvtestsecret1ea712901",
            "deletedDate": 1647443117,
            "scheduledPurgeDate": 1648047917,
            "id": "https://vaultname.vault.azure.net/secrets/livekvtestsecret1ea712901",
            "attributes": {
              "enabled": true,
              "created": 1647443111,
              "updated": 1647443111,
              "recoveryLevel": "CustomizedRecoverable\u002BPurgeable"
            }
          },
          {
            "recoveryId": "https://vaultname.vault.azure.net/deletedsecrets/livekvtestsecret1ea7a2902",
            "deletedDate": 1647443075,
            "scheduledPurgeDate": 1648047875,
            "id": "https://vaultname.vault.azure.net/secrets/livekvtestsecret1ea7a2902",
            "attributes": {
              "enabled": true,
              "created": 1647443065,
              "updated": 1647443065,
              "recoveryLevel": "CustomizedRecoverable\u002BPurgeable"
            }
          },
          {
            "recoveryId": "https://vaultname.vault.azure.net/deletedsecrets/livekvtestsecret1ea832903",
            "deletedDate": 1647443027,
            "scheduledPurgeDate": 1648047827,
            "id": "https://vaultname.vault.azure.net/secrets/livekvtestsecret1ea832903",
            "attributes": {
              "enabled": true,
              "created": 1647443020,
              "updated": 1647443020,
              "recoveryLevel": "CustomizedRecoverable\u002BPurgeable"
            }
          },
          {
            "recoveryId": "https://vaultname.vault.azure.net/deletedsecrets/livekvtestsecret22688325a",
            "deletedDate": 1647442535,
            "scheduledPurgeDate": 1648047335,
            "id": "https://vaultname.vault.azure.net/secrets/livekvtestsecret22688325a",
            "attributes": {
              "enabled": true,
              "created": 1647442529,
              "updated": 1647442529,
              "recoveryLevel": "CustomizedRecoverable\u002BPurgeable"
            }
          },
          {
            "recoveryId": "https://vaultname.vault.azure.net/deletedsecrets/livekvtestsecret240a429d4",
            "deletedDate": 1647442907,
            "scheduledPurgeDate": 1648047707,
            "id": "https://vaultname.vault.azure.net/secrets/livekvtestsecret240a429d4",
            "attributes": {
              "enabled": true,
              "created": 1647442891,
              "updated": 1647442891,
              "recoveryLevel": "CustomizedRecoverable\u002BPurgeable"
            }
          },
          {
            "recoveryId": "https://vaultname.vault.azure.net/deletedsecrets/livekvtestsecret240ad29d5",
            "deletedDate": 1647442858,
            "scheduledPurgeDate": 1648047658,
            "id": "https://vaultname.vault.azure.net/secrets/livekvtestsecret240ad29d5",
            "attributes": {
              "enabled": true,
              "created": 1647442850,
              "updated": 1647442850,
              "recoveryLevel": "CustomizedRecoverable\u002BPurgeable"
            }
          },
          {
            "recoveryId": "https://vaultname.vault.azure.net/deletedsecrets/livekvtestsecret240b629d6",
            "deletedDate": 1647442822,
            "scheduledPurgeDate": 1648047622,
            "id": "https://vaultname.vault.azure.net/secrets/livekvtestsecret240b629d6",
            "attributes": {
              "enabled": true,
              "created": 1647442808,
              "updated": 1647442808,
              "recoveryLevel": "CustomizedRecoverable\u002BPurgeable"
            }
          },
          {
            "recoveryId": "https://vaultname.vault.azure.net/deletedsecrets/livekvtestsecret246632c33",
            "deletedDate": 1647442983,
            "scheduledPurgeDate": 1648047783,
            "id": "https://vaultname.vault.azure.net/secrets/livekvtestsecret246632c33",
            "attributes": {
              "enabled": true,
              "created": 1647442976,
              "updated": 1647442976,
              "recoveryLevel": "CustomizedRecoverable\u002BPurgeable"
            }
          },
          {
            "recoveryId": "https://vaultname.vault.azure.net/deletedsecrets/livekvtestsecret264562b24",
            "deletedDate": 1647442948,
            "scheduledPurgeDate": 1648047748,
            "id": "https://vaultname.vault.azure.net/secrets/livekvtestsecret264562b24",
            "attributes": {
              "enabled": true,
              "created": 1647442936,
              "updated": 1647442936,
              "recoveryLevel": "CustomizedRecoverable\u002BPurgeable"
            }
          }
        ],
        "nextLink": "https://vaultname.vault.azure.net:443/deletedsecrets?api-version=7.0\u0026$skiptoken=eyJOZXh0TWFya2VyIjoiMiExNDghTURBd01EWTFJWE5sWTNKbGRDOU1TVlpGUzFaVVJWTlVVMFZEVWtWVU1qYzNNVVV6TlRGRkx6bEdORFZFUXpaQ01VUTBRVFJGTlRGQk1UZEVSak16TUVRM1EwWTFNRFV5SVRBd01EQXlPQ0U1T1RrNUxURXlMVE14VkRJek9qVTVPalU1TGprNU9UazVPVGxhSVEtLSIsIlRhcmdldExvY2F0aW9uIjowfQ"
      }
    },
    {
      "RequestUri": "https://vaultname.vault.azure.net/deletedsecrets?api-version=7.0\u0026$skiptoken=eyJOZXh0TWFya2VyIjoiMiExNDghTURBd01EWTFJWE5sWTNKbGRDOU1TVlpGUzFaVVJWTlVVMFZEVWtWVU1qYzNNVVV6TlRGRkx6bEdORFZFUXpaQ01VUTBRVFJGTlRGQk1UZEVSak16TUVRM1EwWTFNRFV5SVRBd01EQXlPQ0U1T1RrNUxURXlMVE14VkRJek9qVTVPalU1TGprNU9UazVPVGxhSVEtLSIsIlRhcmdldExvY2F0aW9uIjowfQ",
      "RequestMethod": "GET",
      "RequestHeaders": {
        "Accept": "application/json",
        "Accept-Encoding": "gzip, deflate",
        "Authorization": "Sanitized",
        "User-Agent": "azsdk-python-keyvault-secrets/4.4.0b4 Python/3.9.9 (Windows-10-10.0.22000-SP0)",
        "x-ms-client-request-id": "9494e901-a53a-11ec-b1a7-a04a5ed0778b"
      },
      "RequestBody": null,
      "StatusCode": 200,
      "ResponseHeaders": {
        "Cache-Control": "no-cache",
        "Content-Length": "2376",
        "Content-Type": "application/json; charset=utf-8",
        "Date": "Wed, 16 Mar 2022 15:05:55 GMT",
        "Expires": "-1",
        "Pragma": "no-cache",
        "Strict-Transport-Security": "max-age=31536000;includeSubDomains",
        "X-Content-Type-Options": "nosniff",
        "x-ms-client-request-id": "9494e901-a53a-11ec-b1a7-a04a5ed0778b",
        "x-ms-keyvault-network-info": "conn_type=Ipv4;addr=73.232.137.144;act_addr_fam=InterNetwork;",
        "x-ms-keyvault-rbac-assignment-id": "44e2fa9b-9219-5ede-a044-28bdaaea57b8",
        "x-ms-keyvault-rbac-cache": "ra_age=1524;da_age=5857;rd_age=5857;brd_age=11299;ra_notif_age=1923;dec_lev=0;",
        "x-ms-keyvault-region": "westus2",
        "x-ms-keyvault-service-version": "1.9.291.1",
        "x-ms-request-id": "32f4dc4f-73e6-4229-8957-c1609f7a6b7f",
        "X-Powered-By": "ASP.NET"
      },
      "ResponseBody": {
        "value": [
          {
            "recoveryId": "https://vaultname.vault.azure.net/deletedsecrets/livekvtestsecret2995e2f28",
            "deletedDate": 1647442643,
            "scheduledPurgeDate": 1648047443,
            "id": "https://vaultname.vault.azure.net/secrets/livekvtestsecret2995e2f28",
            "attributes": {
              "enabled": true,
              "created": 1647442631,
              "updated": 1647442631,
              "recoveryLevel": "CustomizedRecoverable\u002BPurgeable"
            }
          },
          {
            "recoveryId": "https://vaultname.vault.azure.net/deletedsecrets/livekvtestsecret299672f29",
            "deletedDate": 1647442606,
            "scheduledPurgeDate": 1648047406,
            "id": "https://vaultname.vault.azure.net/secrets/livekvtestsecret299672f29",
            "attributes": {
              "enabled": true,
              "created": 1647442594,
              "updated": 1647442594,
              "recoveryLevel": "CustomizedRecoverable\u002BPurgeable"
            }
          },
          {
            "recoveryId": "https://vaultname.vault.azure.net/deletedsecrets/livekvtestsecret299702f2a",
            "deletedDate": 1647442568,
            "scheduledPurgeDate": 1648047368,
            "id": "https://vaultname.vault.azure.net/secrets/livekvtestsecret299702f2a",
            "attributes": {
              "enabled": true,
              "created": 1647442560,
              "updated": 1647442560,
              "recoveryLevel": "CustomizedRecoverable\u002BPurgeable"
            }
          },
          {
            "recoveryId": "https://vaultname.vault.azure.net/deletedsecrets/livekvtestsecret2a31f2d06",
            "deletedDate": 1647442781,
            "scheduledPurgeDate": 1648047581,
            "id": "https://vaultname.vault.azure.net/secrets/livekvtestsecret2a31f2d06",
            "attributes": {
              "enabled": true,
              "created": 1647442775,
              "updated": 1647442775,
              "recoveryLevel": "CustomizedRecoverable\u002BPurgeable"
            }
          },
          {
            "recoveryId": "https://vaultname.vault.azure.net/deletedsecrets/livekvtestsecret2e25c3078",
            "deletedDate": 1647442682,
            "scheduledPurgeDate": 1648047482,
            "id": "https://vaultname.vault.azure.net/secrets/livekvtestsecret2e25c3078",
            "attributes": {
              "enabled": true,
              "created": 1647442675,
              "updated": 1647442675,
              "recoveryLevel": "CustomizedRecoverable\u002BPurgeable"
            }
          },
          {
            "recoveryId": "https://vaultname.vault.azure.net/deletedsecrets/livekvtestsecret2ea712901",
            "deletedDate": 1647443123,
            "scheduledPurgeDate": 1648047923,
            "id": "https://vaultname.vault.azure.net/secrets/livekvtestsecret2ea712901",
            "attributes": {
              "enabled": true,
              "created": 1647443111,
              "updated": 1647443111,
              "recoveryLevel": "CustomizedRecoverable\u002BPurgeable"
            }
          }
        ],
        "nextLink": "https://vaultname.vault.azure.net:443/deletedsecrets?api-version=7.0\u0026$skiptoken=eyJOZXh0TWFya2VyIjoiMiExMDQhTURBd01ETXlJWE5sWTNKbGRDOU1TVlpGUzFaVVJWTlVVMFZEVWtWVU1rVkJOMEV5T1RBeUlUQXdNREF5T0NFNU9UazVMVEV5TFRNeFZESXpPalU1T2pVNUxqazVPVGs1T1RsYUlRLS0iLCJUYXJnZXRMb2NhdGlvbiI6MH0"
      }
    },
    {
      "RequestUri": "https://vaultname.vault.azure.net/deletedsecrets?api-version=7.0\u0026$skiptoken=eyJOZXh0TWFya2VyIjoiMiExMDQhTURBd01ETXlJWE5sWTNKbGRDOU1TVlpGUzFaVVJWTlVVMFZEVWtWVU1rVkJOMEV5T1RBeUlUQXdNREF5T0NFNU9UazVMVEV5TFRNeFZESXpPalU1T2pVNUxqazVPVGs1T1RsYUlRLS0iLCJUYXJnZXRMb2NhdGlvbiI6MH0",
      "RequestMethod": "GET",
      "RequestHeaders": {
        "Accept": "application/json",
        "Accept-Encoding": "gzip, deflate",
        "Authorization": "Sanitized",
        "User-Agent": "azsdk-python-keyvault-secrets/4.4.0b4 Python/3.9.9 (Windows-10-10.0.22000-SP0)",
        "x-ms-client-request-id": "94a9c704-a53a-11ec-b295-a04a5ed0778b"
      },
      "RequestBody": null,
      "StatusCode": 200,
      "ResponseHeaders": {
        "Cache-Control": "no-cache",
        "Content-Length": "3127",
        "Content-Type": "application/json; charset=utf-8",
        "Date": "Wed, 16 Mar 2022 15:05:55 GMT",
        "Expires": "-1",
        "Pragma": "no-cache",
        "Strict-Transport-Security": "max-age=31536000;includeSubDomains",
        "X-Content-Type-Options": "nosniff",
        "x-ms-client-request-id": "94a9c704-a53a-11ec-b295-a04a5ed0778b",
        "x-ms-keyvault-network-info": "conn_type=Ipv4;addr=73.232.137.144;act_addr_fam=InterNetwork;",
        "x-ms-keyvault-rbac-assignment-id": "44e2fa9b-9219-5ede-a044-28bdaaea57b8",
        "x-ms-keyvault-rbac-cache": "ra_age=1524;da_age=5857;rd_age=5857;brd_age=11299;ra_notif_age=1923;dec_lev=0;",
        "x-ms-keyvault-region": "westus2",
        "x-ms-keyvault-service-version": "1.9.291.1",
        "x-ms-request-id": "e421a305-3cbb-4252-a3aa-7eb4d1611eb0",
        "X-Powered-By": "ASP.NET"
      },
      "ResponseBody": {
        "value": [
          {
            "recoveryId": "https://vaultname.vault.azure.net/deletedsecrets/livekvtestsecret2ea7a2902",
            "deletedDate": 1647443079,
            "scheduledPurgeDate": 1648047879,
            "id": "https://vaultname.vault.azure.net/secrets/livekvtestsecret2ea7a2902",
            "attributes": {
              "enabled": true,
              "created": 1647443065,
              "updated": 1647443065,
              "recoveryLevel": "CustomizedRecoverable\u002BPurgeable"
            }
          },
          {
            "recoveryId": "https://vaultname.vault.azure.net/deletedsecrets/livekvtestsecret2ea832903",
            "deletedDate": 1647443034,
            "scheduledPurgeDate": 1648047834,
            "id": "https://vaultname.vault.azure.net/secrets/livekvtestsecret2ea832903",
            "attributes": {
              "enabled": true,
              "created": 1647443020,
              "updated": 1647443020,
              "recoveryLevel": "CustomizedRecoverable\u002BPurgeable"
            }
          },
          {
            "recoveryId": "https://vaultname.vault.azure.net/deletedsecrets/livekvtestsecret32688325a",
            "deletedDate": 1647442539,
            "scheduledPurgeDate": 1648047339,
            "id": "https://vaultname.vault.azure.net/secrets/livekvtestsecret32688325a",
            "attributes": {
              "enabled": true,
              "created": 1647442529,
              "updated": 1647442529,
              "recoveryLevel": "CustomizedRecoverable\u002BPurgeable"
            }
          },
          {
            "recoveryId": "https://vaultname.vault.azure.net/deletedsecrets/livekvtestsecret340a429d4",
            "deletedDate": 1647442914,
            "scheduledPurgeDate": 1648047714,
            "id": "https://vaultname.vault.azure.net/secrets/livekvtestsecret340a429d4",
            "attributes": {
              "enabled": true,
              "created": 1647442891,
              "updated": 1647442891,
              "recoveryLevel": "CustomizedRecoverable\u002BPurgeable"
            }
          },
          {
            "recoveryId": "https://vaultname.vault.azure.net/deletedsecrets/livekvtestsecret340ad29d5",
            "deletedDate": 1647442864,
            "scheduledPurgeDate": 1648047664,
            "id": "https://vaultname.vault.azure.net/secrets/livekvtestsecret340ad29d5",
            "attributes": {
              "enabled": true,
              "created": 1647442850,
              "updated": 1647442850,
              "recoveryLevel": "CustomizedRecoverable\u002BPurgeable"
            }
          },
          {
            "recoveryId": "https://vaultname.vault.azure.net/deletedsecrets/livekvtestsecret340b629d6",
            "deletedDate": 1647442827,
            "scheduledPurgeDate": 1648047627,
            "id": "https://vaultname.vault.azure.net/secrets/livekvtestsecret340b629d6",
            "attributes": {
              "enabled": true,
              "created": 1647442808,
              "updated": 1647442808,
              "recoveryLevel": "CustomizedRecoverable\u002BPurgeable"
            }
          },
          {
            "recoveryId": "https://vaultname.vault.azure.net/deletedsecrets/livekvtestsecret346632c33",
            "deletedDate": 1647442990,
            "scheduledPurgeDate": 1648047790,
            "id": "https://vaultname.vault.azure.net/secrets/livekvtestsecret346632c33",
            "attributes": {
              "enabled": true,
              "created": 1647442976,
              "updated": 1647442976,
              "recoveryLevel": "CustomizedRecoverable\u002BPurgeable"
            }
          },
          {
            "recoveryId": "https://vaultname.vault.azure.net/deletedsecrets/livekvtestsecret364562b24",
            "deletedDate": 1647442956,
            "scheduledPurgeDate": 1648047756,
            "id": "https://vaultname.vault.azure.net/secrets/livekvtestsecret364562b24",
            "attributes": {
              "enabled": true,
              "created": 1647442936,
              "updated": 1647442936,
              "recoveryLevel": "CustomizedRecoverable\u002BPurgeable"
            }
          }
        ],
        "nextLink": "https://vaultname.vault.azure.net:443/deletedsecrets?api-version=7.0\u0026$skiptoken=eyJOZXh0TWFya2VyIjoiMiExNDghTURBd01EWTFJWE5sWTNKbGRDOU1TVlpGUzFaVVJWTlVVMFZEVWtWVU16YzNNamN6TlRGR0wwWXhPRVExTjBKRE0wUXlSRFJGTWpRNFFVUXhRalZETkVFM01UUTFRelpFSVRBd01EQXlPQ0U1T1RrNUxURXlMVE14VkRJek9qVTVPalU1TGprNU9UazVPVGxhSVEtLSIsIlRhcmdldExvY2F0aW9uIjowfQ"
      }
    },
    {
      "RequestUri": "https://vaultname.vault.azure.net/deletedsecrets?api-version=7.0\u0026$skiptoken=eyJOZXh0TWFya2VyIjoiMiExNDghTURBd01EWTFJWE5sWTNKbGRDOU1TVlpGUzFaVVJWTlVVMFZEVWtWVU16YzNNamN6TlRGR0wwWXhPRVExTjBKRE0wUXlSRFJGTWpRNFFVUXhRalZETkVFM01UUTFRelpFSVRBd01EQXlPQ0U1T1RrNUxURXlMVE14VkRJek9qVTVPalU1TGprNU9UazVPVGxhSVEtLSIsIlRhcmdldExvY2F0aW9uIjowfQ",
      "RequestMethod": "GET",
      "RequestHeaders": {
        "Accept": "application/json",
        "Accept-Encoding": "gzip, deflate",
        "Authorization": "Sanitized",
        "User-Agent": "azsdk-python-keyvault-secrets/4.4.0b4 Python/3.9.9 (Windows-10-10.0.22000-SP0)",
        "x-ms-client-request-id": "94c0946b-a53a-11ec-ae90-a04a5ed0778b"
      },
      "RequestBody": null,
      "StatusCode": 200,
      "ResponseHeaders": {
        "Cache-Control": "no-cache",
        "Content-Length": "2722",
        "Content-Type": "application/json; charset=utf-8",
        "Date": "Wed, 16 Mar 2022 15:05:56 GMT",
        "Expires": "-1",
        "Pragma": "no-cache",
        "Strict-Transport-Security": "max-age=31536000;includeSubDomains",
        "X-Content-Type-Options": "nosniff",
        "x-ms-client-request-id": "94c0946b-a53a-11ec-ae90-a04a5ed0778b",
        "x-ms-keyvault-network-info": "conn_type=Ipv4;addr=73.232.137.144;act_addr_fam=InterNetwork;",
        "x-ms-keyvault-rbac-assignment-id": "44e2fa9b-9219-5ede-a044-28bdaaea57b8",
        "x-ms-keyvault-rbac-cache": "ra_age=1524;da_age=5858;rd_age=5858;brd_age=11299;ra_notif_age=1923;dec_lev=0;",
        "x-ms-keyvault-region": "westus2",
        "x-ms-keyvault-service-version": "1.9.291.1",
        "x-ms-request-id": "83223c64-6bf6-477a-aff6-4409b05be3ff",
        "X-Powered-By": "ASP.NET"
      },
      "ResponseBody": {
        "value": [
          {
            "recoveryId": "https://vaultname.vault.azure.net/deletedsecrets/livekvtestsecret3995e2f28",
            "deletedDate": 1647442650,
            "scheduledPurgeDate": 1648047450,
            "id": "https://vaultname.vault.azure.net/secrets/livekvtestsecret3995e2f28",
            "attributes": {
              "enabled": true,
              "created": 1647442631,
              "updated": 1647442631,
              "recoveryLevel": "CustomizedRecoverable\u002BPurgeable"
            }
          },
          {
            "recoveryId": "https://vaultname.vault.azure.net/deletedsecrets/livekvtestsecret399672f29",
            "deletedDate": 1647442611,
            "scheduledPurgeDate": 1648047411,
            "id": "https://vaultname.vault.azure.net/secrets/livekvtestsecret399672f29",
            "attributes": {
              "enabled": true,
              "created": 1647442594,
              "updated": 1647442594,
              "recoveryLevel": "CustomizedRecoverable\u002BPurgeable"
            }
          },
          {
            "recoveryId": "https://vaultname.vault.azure.net/deletedsecrets/livekvtestsecret399702f2a",
            "deletedDate": 1647442572,
            "scheduledPurgeDate": 1648047372,
            "id": "https://vaultname.vault.azure.net/secrets/livekvtestsecret399702f2a",
            "attributes": {
              "enabled": true,
              "created": 1647442560,
              "updated": 1647442560,
              "recoveryLevel": "CustomizedRecoverable\u002BPurgeable"
            }
          },
          {
            "recoveryId": "https://vaultname.vault.azure.net/deletedsecrets/livekvtestsecret3a31f2d06",
            "deletedDate": 1647442785,
            "scheduledPurgeDate": 1648047585,
            "id": "https://vaultname.vault.azure.net/secrets/livekvtestsecret3a31f2d06",
            "attributes": {
              "enabled": true,
              "created": 1647442775,
              "updated": 1647442775,
              "recoveryLevel": "CustomizedRecoverable\u002BPurgeable"
            }
          },
          {
            "recoveryId": "https://vaultname.vault.azure.net/deletedsecrets/livekvtestsecret3e25c3078",
            "deletedDate": 1647442685,
            "scheduledPurgeDate": 1648047485,
            "id": "https://vaultname.vault.azure.net/secrets/livekvtestsecret3e25c3078",
            "attributes": {
              "enabled": true,
              "created": 1647442675,
              "updated": 1647442675,
              "recoveryLevel": "CustomizedRecoverable\u002BPurgeable"
            }
          },
          {
            "recoveryId": "https://vaultname.vault.azure.net/deletedsecrets/livekvtestsecret3ea712901",
            "deletedDate": 1647443128,
            "scheduledPurgeDate": 1648047928,
            "id": "https://vaultname.vault.azure.net/secrets/livekvtestsecret3ea712901",
            "attributes": {
              "enabled": true,
              "created": 1647443112,
              "updated": 1647443112,
              "recoveryLevel": "CustomizedRecoverable\u002BPurgeable"
            }
          },
          {
            "recoveryId": "https://vaultname.vault.azure.net/deletedsecrets/livekvtestsecret3ea7a2902",
            "deletedDate": 1647443086,
            "scheduledPurgeDate": 1648047886,
            "id": "https://vaultname.vault.azure.net/secrets/livekvtestsecret3ea7a2902",
            "attributes": {
              "enabled": true,
              "created": 1647443065,
              "updated": 1647443065,
              "recoveryLevel": "CustomizedRecoverable\u002BPurgeable"
            }
          }
        ],
        "nextLink": "https://vaultname.vault.azure.net:443/deletedsecrets?api-version=7.0\u0026$skiptoken=eyJOZXh0TWFya2VyIjoiMiExMDQhTURBd01ETXlJWE5sWTNKbGRDOU1TVlpGUzFaVVJWTlVVMFZEVWtWVU0wVkJPRE15T1RBeklUQXdNREF5T0NFNU9UazVMVEV5TFRNeFZESXpPalU1T2pVNUxqazVPVGs1T1RsYUlRLS0iLCJUYXJnZXRMb2NhdGlvbiI6MH0"
      }
    },
    {
      "RequestUri": "https://vaultname.vault.azure.net/deletedsecrets?api-version=7.0\u0026$skiptoken=eyJOZXh0TWFya2VyIjoiMiExMDQhTURBd01ETXlJWE5sWTNKbGRDOU1TVlpGUzFaVVJWTlVVMFZEVWtWVU0wVkJPRE15T1RBeklUQXdNREF5T0NFNU9UazVMVEV5TFRNeFZESXpPalU1T2pVNUxqazVPVGs1T1RsYUlRLS0iLCJUYXJnZXRMb2NhdGlvbiI6MH0",
      "RequestMethod": "GET",
      "RequestHeaders": {
        "Accept": "application/json",
        "Accept-Encoding": "gzip, deflate",
        "Authorization": "Sanitized",
        "User-Agent": "azsdk-python-keyvault-secrets/4.4.0b4 Python/3.9.9 (Windows-10-10.0.22000-SP0)",
        "x-ms-client-request-id": "94d5eb62-a53a-11ec-924b-a04a5ed0778b"
      },
      "RequestBody": null,
      "StatusCode": 200,
      "ResponseHeaders": {
        "Cache-Control": "no-cache",
        "Content-Length": "2775",
        "Content-Type": "application/json; charset=utf-8",
        "Date": "Wed, 16 Mar 2022 15:05:56 GMT",
        "Expires": "-1",
        "Pragma": "no-cache",
        "Strict-Transport-Security": "max-age=31536000;includeSubDomains",
        "X-Content-Type-Options": "nosniff",
        "x-ms-client-request-id": "94d5eb62-a53a-11ec-924b-a04a5ed0778b",
        "x-ms-keyvault-network-info": "conn_type=Ipv4;addr=73.232.137.144;act_addr_fam=InterNetwork;",
        "x-ms-keyvault-rbac-assignment-id": "44e2fa9b-9219-5ede-a044-28bdaaea57b8",
        "x-ms-keyvault-rbac-cache": "ra_age=1524;da_age=5858;rd_age=5858;brd_age=11299;ra_notif_age=1923;dec_lev=0;",
        "x-ms-keyvault-region": "westus2",
        "x-ms-keyvault-service-version": "1.9.291.1",
        "x-ms-request-id": "32d85f77-6d15-4992-a8ab-548d982f6a7a",
        "X-Powered-By": "ASP.NET"
      },
      "ResponseBody": {
        "value": [
          {
            "recoveryId": "https://vaultname.vault.azure.net/deletedsecrets/livekvtestsecret3ea832903",
            "deletedDate": 1647443040,
            "scheduledPurgeDate": 1648047840,
            "id": "https://vaultname.vault.azure.net/secrets/livekvtestsecret3ea832903",
            "attributes": {
              "enabled": true,
              "created": 1647443020,
              "updated": 1647443020,
              "recoveryLevel": "CustomizedRecoverable\u002BPurgeable"
            }
          },
          {
            "recoveryId": "https://vaultname.vault.azure.net/deletedsecrets/livekvtestsecret42688325a",
            "deletedDate": 1647442546,
            "scheduledPurgeDate": 1648047346,
            "id": "https://vaultname.vault.azure.net/secrets/livekvtestsecret42688325a",
            "attributes": {
              "enabled": true,
              "created": 1647442530,
              "updated": 1647442530,
              "recoveryLevel": "CustomizedRecoverable\u002BPurgeable"
            }
          },
          {
            "recoveryId": "https://vaultname.vault.azure.net/deletedsecrets/livekvtestsecret440a429d4",
            "deletedDate": 1647442918,
            "scheduledPurgeDate": 1648047718,
            "id": "https://vaultname.vault.azure.net/secrets/livekvtestsecret440a429d4",
            "attributes": {
              "enabled": true,
              "created": 1647442892,
              "updated": 1647442892,
              "recoveryLevel": "CustomizedRecoverable\u002BPurgeable"
            }
          },
          {
            "recoveryId": "https://vaultname.vault.azure.net/deletedsecrets/livekvtestsecret440ad29d5",
            "deletedDate": 1647442871,
            "scheduledPurgeDate": 1648047671,
            "id": "https://vaultname.vault.azure.net/secrets/livekvtestsecret440ad29d5",
            "attributes": {
              "enabled": true,
              "created": 1647442850,
              "updated": 1647442850,
              "recoveryLevel": "CustomizedRecoverable\u002BPurgeable"
            }
          },
          {
            "recoveryId": "https://vaultname.vault.azure.net/deletedsecrets/livekvtestsecret440b629d6",
            "deletedDate": 1647442831,
            "scheduledPurgeDate": 1648047631,
            "id": "https://vaultname.vault.azure.net/secrets/livekvtestsecret440b629d6",
            "attributes": {
              "enabled": true,
              "created": 1647442809,
              "updated": 1647442809,
              "recoveryLevel": "CustomizedRecoverable\u002BPurgeable"
            }
          },
          {
            "recoveryId": "https://vaultname.vault.azure.net/deletedsecrets/livekvtestsecret446632c33",
            "deletedDate": 1647442996,
            "scheduledPurgeDate": 1648047796,
            "id": "https://vaultname.vault.azure.net/secrets/livekvtestsecret446632c33",
            "attributes": {
              "enabled": true,
              "created": 1647442976,
              "updated": 1647442976,
              "recoveryLevel": "CustomizedRecoverable\u002BPurgeable"
            }
          },
          {
            "recoveryId": "https://vaultname.vault.azure.net/deletedsecrets/livekvtestsecret464562b24",
            "deletedDate": 1647442961,
            "scheduledPurgeDate": 1648047761,
            "id": "https://vaultname.vault.azure.net/secrets/livekvtestsecret464562b24",
            "attributes": {
              "enabled": true,
              "created": 1647442936,
              "updated": 1647442936,
              "recoveryLevel": "CustomizedRecoverable\u002BPurgeable"
            }
          }
        ],
        "nextLink": "https://vaultname.vault.azure.net:443/deletedsecrets?api-version=7.0\u0026$skiptoken=eyJOZXh0TWFya2VyIjoiMiExNDQhTURBd01EWTBJWE5sWTNKbGRDOU1TVlpGUzFaVVJWTlVVMFZEVWtWVU5EZEdNek13T1VFdk1qRkVPVE14TVRJMk9UVTRORGc1UmpoQ1EwRTVOVEE1TXpoQlJFSkVNMFFoTURBd01ESTRJVGs1T1RrdE1USXRNekZVTWpNNk5UazZOVGt1T1RrNU9UazVPVm9oIiwiVGFyZ2V0TG9jYXRpb24iOjB9"
      }
    },
    {
      "RequestUri": "https://vaultname.vault.azure.net/deletedsecrets?api-version=7.0\u0026$skiptoken=eyJOZXh0TWFya2VyIjoiMiExNDQhTURBd01EWTBJWE5sWTNKbGRDOU1TVlpGUzFaVVJWTlVVMFZEVWtWVU5EZEdNek13T1VFdk1qRkVPVE14TVRJMk9UVTRORGc1UmpoQ1EwRTVOVEE1TXpoQlJFSkVNMFFoTURBd01ESTRJVGs1T1RrdE1USXRNekZVTWpNNk5UazZOVGt1T1RrNU9UazVPVm9oIiwiVGFyZ2V0TG9jYXRpb24iOjB9",
      "RequestMethod": "GET",
      "RequestHeaders": {
        "Accept": "application/json",
        "Accept-Encoding": "gzip, deflate",
        "Authorization": "Sanitized",
        "User-Agent": "azsdk-python-keyvault-secrets/4.4.0b4 Python/3.9.9 (Windows-10-10.0.22000-SP0)",
        "x-ms-client-request-id": "94fa5efe-a53a-11ec-ac34-a04a5ed0778b"
      },
      "RequestBody": null,
      "StatusCode": 200,
      "ResponseHeaders": {
        "Cache-Control": "no-cache",
        "Content-Length": "2722",
        "Content-Type": "application/json; charset=utf-8",
        "Date": "Wed, 16 Mar 2022 15:05:56 GMT",
        "Expires": "-1",
        "Pragma": "no-cache",
        "Strict-Transport-Security": "max-age=31536000;includeSubDomains",
        "X-Content-Type-Options": "nosniff",
        "x-ms-client-request-id": "94fa5efe-a53a-11ec-ac34-a04a5ed0778b",
        "x-ms-keyvault-network-info": "conn_type=Ipv4;addr=73.232.137.144;act_addr_fam=InterNetwork;",
        "x-ms-keyvault-rbac-assignment-id": "44e2fa9b-9219-5ede-a044-28bdaaea57b8",
        "x-ms-keyvault-rbac-cache": "ra_age=1525;da_age=5858;rd_age=5858;brd_age=11300;ra_notif_age=1924;dec_lev=0;",
        "x-ms-keyvault-region": "westus2",
        "x-ms-keyvault-service-version": "1.9.291.1",
        "x-ms-request-id": "c09f3b9e-b3c4-46da-a1f1-5ce239d311a6",
        "X-Powered-By": "ASP.NET"
      },
      "ResponseBody": {
        "value": [
          {
            "recoveryId": "https://vaultname.vault.azure.net/deletedsecrets/livekvtestsecret4995e2f28",
            "deletedDate": 1647442656,
            "scheduledPurgeDate": 1648047456,
            "id": "https://vaultname.vault.azure.net/secrets/livekvtestsecret4995e2f28",
            "attributes": {
              "enabled": true,
              "created": 1647442632,
              "updated": 1647442632,
              "recoveryLevel": "CustomizedRecoverable\u002BPurgeable"
            }
          },
          {
            "recoveryId": "https://vaultname.vault.azure.net/deletedsecrets/livekvtestsecret499672f29",
            "deletedDate": 1647442615,
            "scheduledPurgeDate": 1648047415,
            "id": "https://vaultname.vault.azure.net/secrets/livekvtestsecret499672f29",
            "attributes": {
              "enabled": true,
              "created": 1647442595,
              "updated": 1647442595,
              "recoveryLevel": "CustomizedRecoverable\u002BPurgeable"
            }
          },
          {
            "recoveryId": "https://vaultname.vault.azure.net/deletedsecrets/livekvtestsecret499702f2a",
            "deletedDate": 1647442574,
            "scheduledPurgeDate": 1648047374,
            "id": "https://vaultname.vault.azure.net/secrets/livekvtestsecret499702f2a",
            "attributes": {
              "enabled": true,
              "created": 1647442560,
              "updated": 1647442560,
              "recoveryLevel": "CustomizedRecoverable\u002BPurgeable"
            }
          },
          {
            "recoveryId": "https://vaultname.vault.azure.net/deletedsecrets/livekvtestsecret4a31f2d06",
            "deletedDate": 1647442790,
            "scheduledPurgeDate": 1648047590,
            "id": "https://vaultname.vault.azure.net/secrets/livekvtestsecret4a31f2d06",
            "attributes": {
              "enabled": true,
              "created": 1647442776,
              "updated": 1647442776,
              "recoveryLevel": "CustomizedRecoverable\u002BPurgeable"
            }
          },
          {
            "recoveryId": "https://vaultname.vault.azure.net/deletedsecrets/livekvtestsecret4e25c3078",
            "deletedDate": 1647442689,
            "scheduledPurgeDate": 1648047489,
            "id": "https://vaultname.vault.azure.net/secrets/livekvtestsecret4e25c3078",
            "attributes": {
              "enabled": true,
              "created": 1647442675,
              "updated": 1647442675,
              "recoveryLevel": "CustomizedRecoverable\u002BPurgeable"
            }
          },
          {
            "recoveryId": "https://vaultname.vault.azure.net/deletedsecrets/livekvtestsecret4ea712901",
            "deletedDate": 1647443134,
            "scheduledPurgeDate": 1648047934,
            "id": "https://vaultname.vault.azure.net/secrets/livekvtestsecret4ea712901",
            "attributes": {
              "enabled": true,
              "created": 1647443112,
              "updated": 1647443112,
              "recoveryLevel": "CustomizedRecoverable\u002BPurgeable"
            }
          },
          {
            "recoveryId": "https://vaultname.vault.azure.net/deletedsecrets/livekvtestsecret4ea7a2902",
            "deletedDate": 1647443092,
            "scheduledPurgeDate": 1648047892,
            "id": "https://vaultname.vault.azure.net/secrets/livekvtestsecret4ea7a2902",
            "attributes": {
              "enabled": true,
              "created": 1647443066,
              "updated": 1647443066,
              "recoveryLevel": "CustomizedRecoverable\u002BPurgeable"
            }
          }
        ],
        "nextLink": "https://vaultname.vault.azure.net:443/deletedsecrets?api-version=7.0\u0026$skiptoken=eyJOZXh0TWFya2VyIjoiMiExMDQhTURBd01ETXlJWE5sWTNKbGRDOU1TVlpGUzFaVVJWTlVVMFZEVWtWVU5FVkJPRE15T1RBeklUQXdNREF5T0NFNU9UazVMVEV5TFRNeFZESXpPalU1T2pVNUxqazVPVGs1T1RsYUlRLS0iLCJUYXJnZXRMb2NhdGlvbiI6MH0"
      }
    },
    {
      "RequestUri": "https://vaultname.vault.azure.net/deletedsecrets?api-version=7.0\u0026$skiptoken=eyJOZXh0TWFya2VyIjoiMiExMDQhTURBd01ETXlJWE5sWTNKbGRDOU1TVlpGUzFaVVJWTlVVMFZEVWtWVU5FVkJPRE15T1RBeklUQXdNREF5T0NFNU9UazVMVEV5TFRNeFZESXpPalU1T2pVNUxqazVPVGs1T1RsYUlRLS0iLCJUYXJnZXRMb2NhdGlvbiI6MH0",
      "RequestMethod": "GET",
      "RequestHeaders": {
        "Accept": "application/json",
        "Accept-Encoding": "gzip, deflate",
        "Authorization": "Sanitized",
        "User-Agent": "azsdk-python-keyvault-secrets/4.4.0b4 Python/3.9.9 (Windows-10-10.0.22000-SP0)",
        "x-ms-client-request-id": "9512550d-a53a-11ec-8f07-a04a5ed0778b"
      },
      "RequestBody": null,
      "StatusCode": 200,
      "ResponseHeaders": {
        "Cache-Control": "no-cache",
        "Content-Length": "3127",
        "Content-Type": "application/json; charset=utf-8",
        "Date": "Wed, 16 Mar 2022 15:05:56 GMT",
        "Expires": "-1",
        "Pragma": "no-cache",
        "Strict-Transport-Security": "max-age=31536000;includeSubDomains",
        "X-Content-Type-Options": "nosniff",
        "x-ms-client-request-id": "9512550d-a53a-11ec-8f07-a04a5ed0778b",
        "x-ms-keyvault-network-info": "conn_type=Ipv4;addr=73.232.137.144;act_addr_fam=InterNetwork;",
        "x-ms-keyvault-rbac-assignment-id": "44e2fa9b-9219-5ede-a044-28bdaaea57b8",
        "x-ms-keyvault-rbac-cache": "ra_age=1525;da_age=5858;rd_age=5858;brd_age=11300;ra_notif_age=1924;dec_lev=0;",
        "x-ms-keyvault-region": "westus2",
        "x-ms-keyvault-service-version": "1.9.291.1",
        "x-ms-request-id": "397dc0c2-3565-4409-8ca0-ae0d053e6217",
        "X-Powered-By": "ASP.NET"
      },
      "ResponseBody": {
        "value": [
          {
            "recoveryId": "https://vaultname.vault.azure.net/deletedsecrets/livekvtestsecret4ea832903",
            "deletedDate": 1647443045,
            "scheduledPurgeDate": 1648047845,
            "id": "https://vaultname.vault.azure.net/secrets/livekvtestsecret4ea832903",
            "attributes": {
              "enabled": true,
              "created": 1647443020,
              "updated": 1647443020,
              "recoveryLevel": "CustomizedRecoverable\u002BPurgeable"
            }
          },
          {
            "recoveryId": "https://vaultname.vault.azure.net/deletedsecrets/livekvtestsecret52688325a",
            "deletedDate": 1647442551,
            "scheduledPurgeDate": 1648047351,
            "id": "https://vaultname.vault.azure.net/secrets/livekvtestsecret52688325a",
            "attributes": {
              "enabled": true,
              "created": 1647442530,
              "updated": 1647442530,
              "recoveryLevel": "CustomizedRecoverable\u002BPurgeable"
            }
          },
          {
            "recoveryId": "https://vaultname.vault.azure.net/deletedsecrets/livekvtestsecret540a429d4",
            "deletedDate": 1647442925,
            "scheduledPurgeDate": 1648047725,
            "id": "https://vaultname.vault.azure.net/secrets/livekvtestsecret540a429d4",
            "attributes": {
              "enabled": true,
              "created": 1647442892,
              "updated": 1647442892,
              "recoveryLevel": "CustomizedRecoverable\u002BPurgeable"
            }
          },
          {
            "recoveryId": "https://vaultname.vault.azure.net/deletedsecrets/livekvtestsecret540ad29d5",
            "deletedDate": 1647442877,
            "scheduledPurgeDate": 1648047677,
            "id": "https://vaultname.vault.azure.net/secrets/livekvtestsecret540ad29d5",
            "attributes": {
              "enabled": true,
              "created": 1647442850,
              "updated": 1647442850,
              "recoveryLevel": "CustomizedRecoverable\u002BPurgeable"
            }
          },
          {
            "recoveryId": "https://vaultname.vault.azure.net/deletedsecrets/livekvtestsecret540b629d6",
            "deletedDate": 1647442836,
            "scheduledPurgeDate": 1648047636,
            "id": "https://vaultname.vault.azure.net/secrets/livekvtestsecret540b629d6",
            "attributes": {
              "enabled": true,
              "created": 1647442809,
              "updated": 1647442809,
              "recoveryLevel": "CustomizedRecoverable\u002BPurgeable"
            }
          },
          {
            "recoveryId": "https://vaultname.vault.azure.net/deletedsecrets/livekvtestsecret546632c33",
            "deletedDate": 1647443001,
            "scheduledPurgeDate": 1648047801,
            "id": "https://vaultname.vault.azure.net/secrets/livekvtestsecret546632c33",
            "attributes": {
              "enabled": true,
              "created": 1647442976,
              "updated": 1647442976,
              "recoveryLevel": "CustomizedRecoverable\u002BPurgeable"
            }
          },
          {
            "recoveryId": "https://vaultname.vault.azure.net/deletedsecrets/livekvtestsecret564562b24",
            "deletedDate": 1647442965,
            "scheduledPurgeDate": 1648047765,
            "id": "https://vaultname.vault.azure.net/secrets/livekvtestsecret564562b24",
            "attributes": {
              "enabled": true,
              "created": 1647442936,
              "updated": 1647442936,
              "recoveryLevel": "CustomizedRecoverable\u002BPurgeable"
            }
          },
          {
            "recoveryId": "https://vaultname.vault.azure.net/deletedsecrets/livekvtestsecret5995e2f28",
            "deletedDate": 1647442661,
            "scheduledPurgeDate": 1648047461,
            "id": "https://vaultname.vault.azure.net/secrets/livekvtestsecret5995e2f28",
            "attributes": {
              "enabled": true,
              "created": 1647442632,
              "updated": 1647442632,
              "recoveryLevel": "CustomizedRecoverable\u002BPurgeable"
            }
          }
        ],
        "nextLink": "https://vaultname.vault.azure.net:443/deletedsecrets?api-version=7.0\u0026$skiptoken=eyJOZXh0TWFya2VyIjoiMiExNDghTURBd01EWTFJWE5sWTNKbGRDOU1TVlpGUzFaVVJWTlVVMFZEVWtWVU5UazVOVVV5UmpJNEwwTkdNekUyUVRCQk9VUkVOVFJCT1RNNU1qaEROVUV5TVRORk5qVTJSVGsySVRBd01EQXlPQ0U1T1RrNUxURXlMVE14VkRJek9qVTVPalU1TGprNU9UazVPVGxhSVEtLSIsIlRhcmdldExvY2F0aW9uIjowfQ"
      }
    },
    {
      "RequestUri": "https://vaultname.vault.azure.net/deletedsecrets?api-version=7.0\u0026$skiptoken=eyJOZXh0TWFya2VyIjoiMiExNDghTURBd01EWTFJWE5sWTNKbGRDOU1TVlpGUzFaVVJWTlVVMFZEVWtWVU5UazVOVVV5UmpJNEwwTkdNekUyUVRCQk9VUkVOVFJCT1RNNU1qaEROVUV5TVRORk5qVTJSVGsySVRBd01EQXlPQ0U1T1RrNUxURXlMVE14VkRJek9qVTVPalU1TGprNU9UazVPVGxhSVEtLSIsIlRhcmdldExvY2F0aW9uIjowfQ",
      "RequestMethod": "GET",
      "RequestHeaders": {
        "Accept": "application/json",
        "Accept-Encoding": "gzip, deflate",
        "Authorization": "Sanitized",
        "User-Agent": "azsdk-python-keyvault-secrets/4.4.0b4 Python/3.9.9 (Windows-10-10.0.22000-SP0)",
        "x-ms-client-request-id": "95293d60-a53a-11ec-81df-a04a5ed0778b"
      },
      "RequestBody": null,
      "StatusCode": 200,
      "ResponseHeaders": {
        "Cache-Control": "no-cache",
        "Content-Length": "2722",
        "Content-Type": "application/json; charset=utf-8",
        "Date": "Wed, 16 Mar 2022 15:05:56 GMT",
        "Expires": "-1",
        "Pragma": "no-cache",
        "Strict-Transport-Security": "max-age=31536000;includeSubDomains",
        "X-Content-Type-Options": "nosniff",
        "x-ms-client-request-id": "95293d60-a53a-11ec-81df-a04a5ed0778b",
        "x-ms-keyvault-network-info": "conn_type=Ipv4;addr=73.232.137.144;act_addr_fam=InterNetwork;",
        "x-ms-keyvault-rbac-assignment-id": "44e2fa9b-9219-5ede-a044-28bdaaea57b8",
        "x-ms-keyvault-rbac-cache": "ra_age=1525;da_age=5858;rd_age=5858;brd_age=11300;ra_notif_age=1924;dec_lev=0;",
        "x-ms-keyvault-region": "westus2",
        "x-ms-keyvault-service-version": "1.9.291.1",
        "x-ms-request-id": "c4f71531-fcea-4df0-afdf-7972ae95f329",
        "X-Powered-By": "ASP.NET"
      },
      "ResponseBody": {
        "value": [
          {
            "recoveryId": "https://vaultname.vault.azure.net/deletedsecrets/livekvtestsecret599672f29",
            "deletedDate": 1647442620,
            "scheduledPurgeDate": 1648047420,
            "id": "https://vaultname.vault.azure.net/secrets/livekvtestsecret599672f29",
            "attributes": {
              "enabled": true,
              "created": 1647442595,
              "updated": 1647442595,
              "recoveryLevel": "CustomizedRecoverable\u002BPurgeable"
            }
          },
          {
            "recoveryId": "https://vaultname.vault.azure.net/deletedsecrets/livekvtestsecret599702f2a",
            "deletedDate": 1647442581,
            "scheduledPurgeDate": 1648047381,
            "id": "https://vaultname.vault.azure.net/secrets/livekvtestsecret599702f2a",
            "attributes": {
              "enabled": true,
              "created": 1647442560,
              "updated": 1647442560,
              "recoveryLevel": "CustomizedRecoverable\u002BPurgeable"
            }
          },
          {
            "recoveryId": "https://vaultname.vault.azure.net/deletedsecrets/livekvtestsecret5a31f2d06",
            "deletedDate": 1647442792,
            "scheduledPurgeDate": 1648047592,
            "id": "https://vaultname.vault.azure.net/secrets/livekvtestsecret5a31f2d06",
            "attributes": {
              "enabled": true,
              "created": 1647442776,
              "updated": 1647442776,
              "recoveryLevel": "CustomizedRecoverable\u002BPurgeable"
            }
          },
          {
            "recoveryId": "https://vaultname.vault.azure.net/deletedsecrets/livekvtestsecret5e25c3078",
            "deletedDate": 1647442696,
            "scheduledPurgeDate": 1648047496,
            "id": "https://vaultname.vault.azure.net/secrets/livekvtestsecret5e25c3078",
            "attributes": {
              "enabled": true,
              "created": 1647442675,
              "updated": 1647442675,
              "recoveryLevel": "CustomizedRecoverable\u002BPurgeable"
            }
          },
          {
            "recoveryId": "https://vaultname.vault.azure.net/deletedsecrets/livekvtestsecret5ea712901",
            "deletedDate": 1647443139,
            "scheduledPurgeDate": 1648047939,
            "id": "https://vaultname.vault.azure.net/secrets/livekvtestsecret5ea712901",
            "attributes": {
              "enabled": true,
              "created": 1647443112,
              "updated": 1647443112,
              "recoveryLevel": "CustomizedRecoverable\u002BPurgeable"
            }
          },
          {
            "recoveryId": "https://vaultname.vault.azure.net/deletedsecrets/livekvtestsecret5ea7a2902",
            "deletedDate": 1647443097,
            "scheduledPurgeDate": 1648047897,
            "id": "https://vaultname.vault.azure.net/secrets/livekvtestsecret5ea7a2902",
            "attributes": {
              "enabled": true,
              "created": 1647443066,
              "updated": 1647443066,
              "recoveryLevel": "CustomizedRecoverable\u002BPurgeable"
            }
          },
          {
            "recoveryId": "https://vaultname.vault.azure.net/deletedsecrets/livekvtestsecret5ea832903",
            "deletedDate": 1647443049,
            "scheduledPurgeDate": 1648047849,
            "id": "https://vaultname.vault.azure.net/secrets/livekvtestsecret5ea832903",
            "attributes": {
              "enabled": true,
              "created": 1647443020,
              "updated": 1647443020,
              "recoveryLevel": "CustomizedRecoverable\u002BPurgeable"
            }
          }
        ],
        "nextLink": "https://vaultname.vault.azure.net:443/deletedsecrets?api-version=7.0\u0026$skiptoken=eyJOZXh0TWFya2VyIjoiMiExMDQhTURBd01ETXlJWE5sWTNKbGRDOU1TVlpGUzFaVVJWTlVVMFZEVWtWVU5qSTJPRGd6TWpWQklUQXdNREF5T0NFNU9UazVMVEV5TFRNeFZESXpPalU1T2pVNUxqazVPVGs1T1RsYUlRLS0iLCJUYXJnZXRMb2NhdGlvbiI6MH0"
      }
    },
    {
      "RequestUri": "https://vaultname.vault.azure.net/deletedsecrets?api-version=7.0\u0026$skiptoken=eyJOZXh0TWFya2VyIjoiMiExMDQhTURBd01ETXlJWE5sWTNKbGRDOU1TVlpGUzFaVVJWTlVVMFZEVWtWVU5qSTJPRGd6TWpWQklUQXdNREF5T0NFNU9UazVMVEV5TFRNeFZESXpPalU1T2pVNUxqazVPVGs1T1RsYUlRLS0iLCJUYXJnZXRMb2NhdGlvbiI6MH0",
      "RequestMethod": "GET",
      "RequestHeaders": {
        "Accept": "application/json",
        "Accept-Encoding": "gzip, deflate",
        "Authorization": "Sanitized",
        "User-Agent": "azsdk-python-keyvault-secrets/4.4.0b4 Python/3.9.9 (Windows-10-10.0.22000-SP0)",
        "x-ms-client-request-id": "9543ac7c-a53a-11ec-a488-a04a5ed0778b"
      },
      "RequestBody": null,
      "StatusCode": 200,
      "ResponseHeaders": {
        "Cache-Control": "no-cache",
        "Content-Length": "3127",
        "Content-Type": "application/json; charset=utf-8",
        "Date": "Wed, 16 Mar 2022 15:05:56 GMT",
        "Expires": "-1",
        "Pragma": "no-cache",
        "Strict-Transport-Security": "max-age=31536000;includeSubDomains",
        "X-Content-Type-Options": "nosniff",
        "x-ms-client-request-id": "9543ac7c-a53a-11ec-a488-a04a5ed0778b",
        "x-ms-keyvault-network-info": "conn_type=Ipv4;addr=73.232.137.144;act_addr_fam=InterNetwork;",
        "x-ms-keyvault-rbac-assignment-id": "44e2fa9b-9219-5ede-a044-28bdaaea57b8",
        "x-ms-keyvault-rbac-cache": "ra_age=1525;da_age=5858;rd_age=5858;brd_age=11300;ra_notif_age=1924;dec_lev=0;",
        "x-ms-keyvault-region": "westus2",
        "x-ms-keyvault-service-version": "1.9.291.1",
        "x-ms-request-id": "304abf44-5612-46db-a535-00e94b1e464d",
        "X-Powered-By": "ASP.NET"
      },
      "ResponseBody": {
        "value": [
          {
            "recoveryId": "https://vaultname.vault.azure.net/deletedsecrets/livekvtestsecret62688325a",
            "deletedDate": 1647442555,
            "scheduledPurgeDate": 1648047355,
            "id": "https://vaultname.vault.azure.net/secrets/livekvtestsecret62688325a",
            "attributes": {
              "enabled": true,
              "created": 1647442530,
              "updated": 1647442530,
              "recoveryLevel": "CustomizedRecoverable\u002BPurgeable"
            }
          },
          {
            "recoveryId": "https://vaultname.vault.azure.net/deletedsecrets/livekvtestsecret640a429d4",
            "deletedDate": 1647442929,
            "scheduledPurgeDate": 1648047729,
            "id": "https://vaultname.vault.azure.net/secrets/livekvtestsecret640a429d4",
            "attributes": {
              "enabled": true,
              "created": 1647442892,
              "updated": 1647442892,
              "recoveryLevel": "CustomizedRecoverable\u002BPurgeable"
            }
          },
          {
            "recoveryId": "https://vaultname.vault.azure.net/deletedsecrets/livekvtestsecret640ad29d5",
            "deletedDate": 1647442884,
            "scheduledPurgeDate": 1648047684,
            "id": "https://vaultname.vault.azure.net/secrets/livekvtestsecret640ad29d5",
            "attributes": {
              "enabled": true,
              "created": 1647442851,
              "updated": 1647442851,
              "recoveryLevel": "CustomizedRecoverable\u002BPurgeable"
            }
          },
          {
            "recoveryId": "https://vaultname.vault.azure.net/deletedsecrets/livekvtestsecret640b629d6",
            "deletedDate": 1647442842,
            "scheduledPurgeDate": 1648047642,
            "id": "https://vaultname.vault.azure.net/secrets/livekvtestsecret640b629d6",
            "attributes": {
              "enabled": true,
              "created": 1647442809,
              "updated": 1647442809,
              "recoveryLevel": "CustomizedRecoverable\u002BPurgeable"
            }
          },
          {
            "recoveryId": "https://vaultname.vault.azure.net/deletedsecrets/livekvtestsecret646632c33",
            "deletedDate": 1647443007,
            "scheduledPurgeDate": 1648047807,
            "id": "https://vaultname.vault.azure.net/secrets/livekvtestsecret646632c33",
            "attributes": {
              "enabled": true,
              "created": 1647442976,
              "updated": 1647442976,
              "recoveryLevel": "CustomizedRecoverable\u002BPurgeable"
            }
          },
          {
            "recoveryId": "https://vaultname.vault.azure.net/deletedsecrets/livekvtestsecret664562b24",
            "deletedDate": 1647442968,
            "scheduledPurgeDate": 1648047768,
            "id": "https://vaultname.vault.azure.net/secrets/livekvtestsecret664562b24",
            "attributes": {
              "enabled": true,
              "created": 1647442936,
              "updated": 1647442936,
              "recoveryLevel": "CustomizedRecoverable\u002BPurgeable"
            }
          },
          {
            "recoveryId": "https://vaultname.vault.azure.net/deletedsecrets/livekvtestsecret6995e2f28",
            "deletedDate": 1647442665,
            "scheduledPurgeDate": 1648047465,
            "id": "https://vaultname.vault.azure.net/secrets/livekvtestsecret6995e2f28",
            "attributes": {
              "enabled": true,
              "created": 1647442632,
              "updated": 1647442632,
              "recoveryLevel": "CustomizedRecoverable\u002BPurgeable"
            }
          },
          {
            "recoveryId": "https://vaultname.vault.azure.net/deletedsecrets/livekvtestsecret699672f29",
            "deletedDate": 1647442624,
            "scheduledPurgeDate": 1648047424,
            "id": "https://vaultname.vault.azure.net/secrets/livekvtestsecret699672f29",
            "attributes": {
              "enabled": true,
              "created": 1647442595,
              "updated": 1647442595,
              "recoveryLevel": "CustomizedRecoverable\u002BPurgeable"
            }
          }
        ],
        "nextLink": "https://vaultname.vault.azure.net:443/deletedsecrets?api-version=7.0\u0026$skiptoken=eyJOZXh0TWFya2VyIjoiMiExNDghTURBd01EWTFJWE5sWTNKbGRDOU1TVlpGUzFaVVJWTlVVMFZEVWtWVU5qazVOamN5UmpJNUx6UTNPREpFTmpZM1F6VkJOVFJDUlRkQ1JrSTVPREJHUVRJMFFVSXdSRGM0SVRBd01EQXlPQ0U1T1RrNUxURXlMVE14VkRJek9qVTVPalU1TGprNU9UazVPVGxhSVEtLSIsIlRhcmdldExvY2F0aW9uIjowfQ"
      }
    },
    {
      "RequestUri": "https://vaultname.vault.azure.net/deletedsecrets?api-version=7.0\u0026$skiptoken=eyJOZXh0TWFya2VyIjoiMiExNDghTURBd01EWTFJWE5sWTNKbGRDOU1TVlpGUzFaVVJWTlVVMFZEVWtWVU5qazVOamN5UmpJNUx6UTNPREpFTmpZM1F6VkJOVFJDUlRkQ1JrSTVPREJHUVRJMFFVSXdSRGM0SVRBd01EQXlPQ0U1T1RrNUxURXlMVE14VkRJek9qVTVPalU1TGprNU9UazVPVGxhSVEtLSIsIlRhcmdldExvY2F0aW9uIjowfQ",
      "RequestMethod": "GET",
      "RequestHeaders": {
        "Accept": "application/json",
        "Accept-Encoding": "gzip, deflate",
        "Authorization": "Sanitized",
        "User-Agent": "azsdk-python-keyvault-secrets/4.4.0b4 Python/3.9.9 (Windows-10-10.0.22000-SP0)",
        "x-ms-client-request-id": "955a99f4-a53a-11ec-8b27-a04a5ed0778b"
      },
      "RequestBody": null,
      "StatusCode": 200,
      "ResponseHeaders": {
        "Cache-Control": "no-cache",
        "Content-Length": "2103",
        "Content-Type": "application/json; charset=utf-8",
        "Date": "Wed, 16 Mar 2022 15:05:57 GMT",
        "Expires": "-1",
        "Pragma": "no-cache",
        "Strict-Transport-Security": "max-age=31536000;includeSubDomains",
        "X-Content-Type-Options": "nosniff",
        "x-ms-client-request-id": "955a99f4-a53a-11ec-8b27-a04a5ed0778b",
        "x-ms-keyvault-network-info": "conn_type=Ipv4;addr=73.232.137.144;act_addr_fam=InterNetwork;",
        "x-ms-keyvault-rbac-assignment-id": "44e2fa9b-9219-5ede-a044-28bdaaea57b8",
        "x-ms-keyvault-rbac-cache": "ra_age=1525;da_age=5859;rd_age=5859;brd_age=11300;ra_notif_age=1924;dec_lev=0;",
        "x-ms-keyvault-region": "westus2",
        "x-ms-keyvault-service-version": "1.9.291.1",
        "x-ms-request-id": "92e7c2f0-fdb6-4b41-b717-b30cda6e2176",
        "X-Powered-By": "ASP.NET"
      },
      "ResponseBody": {
        "value": [
          {
            "recoveryId": "https://vaultname.vault.azure.net/deletedsecrets/livekvtestsecret699702f2a",
            "deletedDate": 1647442585,
            "scheduledPurgeDate": 1648047385,
            "id": "https://vaultname.vault.azure.net/secrets/livekvtestsecret699702f2a",
            "attributes": {
              "enabled": true,
              "created": 1647442561,
              "updated": 1647442561,
              "recoveryLevel": "CustomizedRecoverable\u002BPurgeable"
            }
          },
          {
            "recoveryId": "https://vaultname.vault.azure.net/deletedsecrets/livekvtestsecret6a31f2d06",
            "deletedDate": 1647442797,
            "scheduledPurgeDate": 1648047597,
            "id": "https://vaultname.vault.azure.net/secrets/livekvtestsecret6a31f2d06",
            "attributes": {
              "enabled": true,
              "created": 1647442776,
              "updated": 1647442776,
              "recoveryLevel": "CustomizedRecoverable\u002BPurgeable"
            }
          },
          {
            "recoveryId": "https://vaultname.vault.azure.net/deletedsecrets/livekvtestsecret6e25c3078",
            "deletedDate": 1647442700,
            "scheduledPurgeDate": 1648047500,
            "id": "https://vaultname.vault.azure.net/secrets/livekvtestsecret6e25c3078",
            "attributes": {
              "enabled": true,
              "created": 1647442675,
              "updated": 1647442675,
              "recoveryLevel": "CustomizedRecoverable\u002BPurgeable"
            }
          },
          {
            "recoveryId": "https://vaultname.vault.azure.net/deletedsecrets/livekvtestsecret6ea712901",
            "deletedDate": 1647443148,
            "scheduledPurgeDate": 1648047948,
            "id": "https://vaultname.vault.azure.net/secrets/livekvtestsecret6ea712901",
            "attributes": {
              "enabled": true,
              "created": 1647443112,
              "updated": 1647443112,
              "recoveryLevel": "CustomizedRecoverable\u002BPurgeable"
            }
          },
          {
            "recoveryId": "https://vaultname.vault.azure.net/deletedsecrets/livekvtestsecret6ea7a2902",
            "deletedDate": 1647443103,
            "scheduledPurgeDate": 1648047903,
            "id": "https://vaultname.vault.azure.net/secrets/livekvtestsecret6ea7a2902",
            "attributes": {
              "enabled": true,
              "created": 1647443066,
              "updated": 1647443066,
              "recoveryLevel": "CustomizedRecoverable\u002BPurgeable"
            }
          },
          {
            "recoveryId": "https://vaultname.vault.azure.net/deletedsecrets/livekvtestsecret6ea832903",
            "deletedDate": 1647443056,
            "scheduledPurgeDate": 1648047856,
            "id": "https://vaultname.vault.azure.net/secrets/livekvtestsecret6ea832903",
            "attributes": {
              "enabled": true,
              "created": 1647443020,
              "updated": 1647443020,
              "recoveryLevel": "CustomizedRecoverable\u002BPurgeable"
            }
          }
        ],
        "nextLink": null
      }
    }
  ],
  "Variables": {}
}
