interactions:
- request:
    body: null
    headers:
      Accept: [application/json]
      Content-Length: ['0']
      Content-Type: [application/json; charset=utf-8]
      User-Agent: [azsdk-python-keyvault-secrets/4.0.0b2 Python/3.6.6 (Windows-10-10.0.18362-SP0)]
    method: PUT
    uri: https://vault674299e4122d.vault.azure.net/secrets/sec99e4122d?api-version=7.0
  response:
    body: {string: '{"error":{"code":"Unauthorized","message":"Request is missing
        a Bearer or PoP token."}}'}
    headers: {cache-control: no-cache, content-length: '87', content-type: application/json;
        charset=utf-8, date: 'Fri, 23 Aug 2019 18:16:23 GMT', expires: '-1', pragma: no-cache,
      server: Microsoft-IIS/10.0, strict-transport-security: max-age=31536000;includeSubDomains,
      www-authenticate: 'Bearer authorization="https://login.windows.net/72f988bf-86f1-41af-91ab-2d7cd011db47",
        resource="https://vault.azure.net"', x-aspnet-version: 4.0.30319, x-content-type-options: nosniff,
      x-ms-keyvault-network-info: addr=131.107.160.72;act_addr_fam=InterNetwork;,
      x-ms-keyvault-region: westus, x-ms-keyvault-service-version: 1.1.0.876, x-powered-by: ASP.NET}
    status: {code: 401, message: Unauthorized}
    url: !!python/object/new:yarl.URL
      state: !!python/tuple
      - !!python/object/new:urllib.parse.SplitResult [https, vault674299e4122d.vault.azure.net,
        /secrets/sec99e4122d, api-version=7.0, '']
- request:
    body: '{"value": "secval99e4122d"}'
    headers:
      Accept: [application/json]
      Content-Length: ['27']
      Content-Type: [application/json; charset=utf-8]
      User-Agent: [azsdk-python-keyvault-secrets/4.0.0b2 Python/3.6.6 (Windows-10-10.0.18362-SP0)]
    method: PUT
    uri: https://vault674299e4122d.vault.azure.net/secrets/sec99e4122d?api-version=7.0
  response:
    body: {string: '{"value":"secval99e4122d","id":"https://vault674299e4122d.vault.azure.net/secrets/sec99e4122d/99b900905c6940bea2bf51715378dcf0","attributes":{"enabled":true,"created":1566584183,"updated":1566584183,"recoveryLevel":"Recoverable+Purgeable"}}'}
    headers: {cache-control: no-cache, content-length: '240', content-type: application/json;
        charset=utf-8, date: 'Fri, 23 Aug 2019 18:16:23 GMT', expires: '-1', pragma: no-cache,
      server: Microsoft-IIS/10.0, strict-transport-security: max-age=31536000;includeSubDomains,
      x-aspnet-version: 4.0.30319, x-content-type-options: nosniff, x-ms-keyvault-network-info: addr=131.107.160.72;act_addr_fam=InterNetwork;,
      x-ms-keyvault-region: westus, x-ms-keyvault-service-version: 1.1.0.876, x-powered-by: ASP.NET}
    status: {code: 200, message: OK}
    url: !!python/object/new:yarl.URL
      state: !!python/tuple
      - !!python/object/new:urllib.parse.SplitResult [https, vault674299e4122d.vault.azure.net,
        /secrets/sec99e4122d, api-version=7.0, '']
- request:
    body: '{"value": "secval99e4122d"}'
    headers:
      Accept: [application/json]
      Content-Length: ['27']
      Content-Type: [application/json; charset=utf-8]
      User-Agent: [azsdk-python-keyvault-secrets/4.0.0b2 Python/3.6.6 (Windows-10-10.0.18362-SP0)]
    method: PUT
    uri: https://vault674299e4122d.vault.azure.net/secrets/sec99e4122d?api-version=7.0
  response:
    body: {string: '{"value":"secval99e4122d","id":"https://vault674299e4122d.vault.azure.net/secrets/sec99e4122d/3edc2fe908c945dfae5ec9ffaea9508a","attributes":{"enabled":true,"created":1566584183,"updated":1566584183,"recoveryLevel":"Recoverable+Purgeable"}}'}
    headers: {cache-control: no-cache, content-length: '240', content-type: application/json;
        charset=utf-8, date: 'Fri, 23 Aug 2019 18:16:23 GMT', expires: '-1', pragma: no-cache,
      server: Microsoft-IIS/10.0, strict-transport-security: max-age=31536000;includeSubDomains,
      x-aspnet-version: 4.0.30319, x-content-type-options: nosniff, x-ms-keyvault-network-info: addr=131.107.160.72;act_addr_fam=InterNetwork;,
      x-ms-keyvault-region: westus, x-ms-keyvault-service-version: 1.1.0.876, x-powered-by: ASP.NET}
    status: {code: 200, message: OK}
    url: !!python/object/new:yarl.URL
      state: !!python/tuple
      - !!python/object/new:urllib.parse.SplitResult [https, vault674299e4122d.vault.azure.net,
        /secrets/sec99e4122d, api-version=7.0, '']
- request:
    body: '{"value": "secval99e4122d"}'
    headers:
      Accept: [application/json]
      Content-Length: ['27']
      Content-Type: [application/json; charset=utf-8]
      User-Agent: [azsdk-python-keyvault-secrets/4.0.0b2 Python/3.6.6 (Windows-10-10.0.18362-SP0)]
    method: PUT
    uri: https://vault674299e4122d.vault.azure.net/secrets/sec99e4122d?api-version=7.0
  response:
    body: {string: '{"value":"secval99e4122d","id":"https://vault674299e4122d.vault.azure.net/secrets/sec99e4122d/850f0d8148434d48937627b8e1fb5dc0","attributes":{"enabled":true,"created":1566584183,"updated":1566584183,"recoveryLevel":"Recoverable+Purgeable"}}'}
    headers: {cache-control: no-cache, content-length: '240', content-type: application/json;
        charset=utf-8, date: 'Fri, 23 Aug 2019 18:16:23 GMT', expires: '-1', pragma: no-cache,
      server: Microsoft-IIS/10.0, strict-transport-security: max-age=31536000;includeSubDomains,
      x-aspnet-version: 4.0.30319, x-content-type-options: nosniff, x-ms-keyvault-network-info: addr=131.107.160.72;act_addr_fam=InterNetwork;,
      x-ms-keyvault-region: westus, x-ms-keyvault-service-version: 1.1.0.876, x-powered-by: ASP.NET}
    status: {code: 200, message: OK}
    url: !!python/object/new:yarl.URL
      state: !!python/tuple
      - !!python/object/new:urllib.parse.SplitResult [https, vault674299e4122d.vault.azure.net,
        /secrets/sec99e4122d, api-version=7.0, '']
- request:
    body: '{"value": "secval99e4122d"}'
    headers:
      Accept: [application/json]
      Content-Length: ['27']
      Content-Type: [application/json; charset=utf-8]
      User-Agent: [azsdk-python-keyvault-secrets/4.0.0b2 Python/3.6.6 (Windows-10-10.0.18362-SP0)]
    method: PUT
    uri: https://vault674299e4122d.vault.azure.net/secrets/sec99e4122d?api-version=7.0
  response:
    body: {string: '{"value":"secval99e4122d","id":"https://vault674299e4122d.vault.azure.net/secrets/sec99e4122d/220da32c1d104db28f12f946aeb73877","attributes":{"enabled":true,"created":1566584183,"updated":1566584183,"recoveryLevel":"Recoverable+Purgeable"}}'}
    headers: {cache-control: no-cache, content-length: '240', content-type: application/json;
        charset=utf-8, date: 'Fri, 23 Aug 2019 18:16:23 GMT', expires: '-1', pragma: no-cache,
      server: Microsoft-IIS/10.0, strict-transport-security: max-age=31536000;includeSubDomains,
      x-aspnet-version: 4.0.30319, x-content-type-options: nosniff, x-ms-keyvault-network-info: addr=131.107.160.72;act_addr_fam=InterNetwork;,
      x-ms-keyvault-region: westus, x-ms-keyvault-service-version: 1.1.0.876, x-powered-by: ASP.NET}
    status: {code: 200, message: OK}
    url: !!python/object/new:yarl.URL
      state: !!python/tuple
      - !!python/object/new:urllib.parse.SplitResult [https, vault674299e4122d.vault.azure.net,
        /secrets/sec99e4122d, api-version=7.0, '']
- request:
    body: '{"value": "secval99e4122d"}'
    headers:
      Accept: [application/json]
      Content-Length: ['27']
      Content-Type: [application/json; charset=utf-8]
      User-Agent: [azsdk-python-keyvault-secrets/4.0.0b2 Python/3.6.6 (Windows-10-10.0.18362-SP0)]
    method: PUT
    uri: https://vault674299e4122d.vault.azure.net/secrets/sec99e4122d?api-version=7.0
  response:
    body: {string: '{"value":"secval99e4122d","id":"https://vault674299e4122d.vault.azure.net/secrets/sec99e4122d/b4c9893f2e7f43f4a04d89c77faac64f","attributes":{"enabled":true,"created":1566584184,"updated":1566584184,"recoveryLevel":"Recoverable+Purgeable"}}'}
    headers: {cache-control: no-cache, content-length: '240', content-type: application/json;
        charset=utf-8, date: 'Fri, 23 Aug 2019 18:16:23 GMT', expires: '-1', pragma: no-cache,
      server: Microsoft-IIS/10.0, strict-transport-security: max-age=31536000;includeSubDomains,
      x-aspnet-version: 4.0.30319, x-content-type-options: nosniff, x-ms-keyvault-network-info: addr=131.107.160.72;act_addr_fam=InterNetwork;,
      x-ms-keyvault-region: westus, x-ms-keyvault-service-version: 1.1.0.876, x-powered-by: ASP.NET}
    status: {code: 200, message: OK}
    url: !!python/object/new:yarl.URL
      state: !!python/tuple
      - !!python/object/new:urllib.parse.SplitResult [https, vault674299e4122d.vault.azure.net,
        /secrets/sec99e4122d, api-version=7.0, '']
- request:
    body: '{"value": "secval99e4122d"}'
    headers:
      Accept: [application/json]
      Content-Length: ['27']
      Content-Type: [application/json; charset=utf-8]
      User-Agent: [azsdk-python-keyvault-secrets/4.0.0b2 Python/3.6.6 (Windows-10-10.0.18362-SP0)]
    method: PUT
    uri: https://vault674299e4122d.vault.azure.net/secrets/sec99e4122d?api-version=7.0
  response:
    body: {string: '{"value":"secval99e4122d","id":"https://vault674299e4122d.vault.azure.net/secrets/sec99e4122d/a9ebf49d72d545dc80a68121270fc065","attributes":{"enabled":true,"created":1566584184,"updated":1566584184,"recoveryLevel":"Recoverable+Purgeable"}}'}
    headers: {cache-control: no-cache, content-length: '240', content-type: application/json;
        charset=utf-8, date: 'Fri, 23 Aug 2019 18:16:24 GMT', expires: '-1', pragma: no-cache,
      server: Microsoft-IIS/10.0, strict-transport-security: max-age=31536000;includeSubDomains,
      x-aspnet-version: 4.0.30319, x-content-type-options: nosniff, x-ms-keyvault-network-info: addr=131.107.160.72;act_addr_fam=InterNetwork;,
      x-ms-keyvault-region: westus, x-ms-keyvault-service-version: 1.1.0.876, x-powered-by: ASP.NET}
    status: {code: 200, message: OK}
    url: !!python/object/new:yarl.URL
      state: !!python/tuple
      - !!python/object/new:urllib.parse.SplitResult [https, vault674299e4122d.vault.azure.net,
        /secrets/sec99e4122d, api-version=7.0, '']
- request:
    body: '{"value": "secval99e4122d"}'
    headers:
      Accept: [application/json]
      Content-Length: ['27']
      Content-Type: [application/json; charset=utf-8]
      User-Agent: [azsdk-python-keyvault-secrets/4.0.0b2 Python/3.6.6 (Windows-10-10.0.18362-SP0)]
    method: PUT
    uri: https://vault674299e4122d.vault.azure.net/secrets/sec99e4122d?api-version=7.0
  response:
    body: {string: '{"value":"secval99e4122d","id":"https://vault674299e4122d.vault.azure.net/secrets/sec99e4122d/e61517feaf654030a7b836020ffc261d","attributes":{"enabled":true,"created":1566584184,"updated":1566584184,"recoveryLevel":"Recoverable+Purgeable"}}'}
    headers: {cache-control: no-cache, content-length: '240', content-type: application/json;
        charset=utf-8, date: 'Fri, 23 Aug 2019 18:16:24 GMT', expires: '-1', pragma: no-cache,
      server: Microsoft-IIS/10.0, strict-transport-security: max-age=31536000;includeSubDomains,
      x-aspnet-version: 4.0.30319, x-content-type-options: nosniff, x-ms-keyvault-network-info: addr=131.107.160.72;act_addr_fam=InterNetwork;,
      x-ms-keyvault-region: westus, x-ms-keyvault-service-version: 1.1.0.876, x-powered-by: ASP.NET}
    status: {code: 200, message: OK}
    url: !!python/object/new:yarl.URL
      state: !!python/tuple
      - !!python/object/new:urllib.parse.SplitResult [https, vault674299e4122d.vault.azure.net,
        /secrets/sec99e4122d, api-version=7.0, '']
- request:
    body: null
    headers:
      Accept: [application/json]
      User-Agent: [azsdk-python-keyvault-secrets/4.0.0b2 Python/3.6.6 (Windows-10-10.0.18362-SP0)]
    method: DELETE
    uri: https://vault674299e4122d.vault.azure.net/secrets/sec99e4122d?api-version=7.0
  response:
    body: {string: '{"recoveryId":"https://vault674299e4122d.vault.azure.net/deletedsecrets/sec99e4122d","deletedDate":1566584184,"scheduledPurgeDate":1574360184,"id":"https://vault674299e4122d.vault.azure.net/secrets/sec99e4122d/e61517feaf654030a7b836020ffc261d","attributes":{"enabled":true,"created":1566584184,"updated":1566584184,"recoveryLevel":"Recoverable+Purgeable"}}'}
    headers: {cache-control: no-cache, content-length: '356', content-type: application/json;
        charset=utf-8, date: 'Fri, 23 Aug 2019 18:16:24 GMT', expires: '-1', pragma: no-cache,
      server: Microsoft-IIS/10.0, strict-transport-security: max-age=31536000;includeSubDomains,
      x-aspnet-version: 4.0.30319, x-content-type-options: nosniff, x-ms-keyvault-network-info: addr=131.107.160.72;act_addr_fam=InterNetwork;,
      x-ms-keyvault-region: westus, x-ms-keyvault-service-version: 1.1.0.876, x-powered-by: ASP.NET}
    status: {code: 200, message: OK}
    url: !!python/object/new:yarl.URL
      state: !!python/tuple
      - !!python/object/new:urllib.parse.SplitResult [https, vault674299e4122d.vault.azure.net,
        /secrets/sec99e4122d, api-version=7.0, '']
- request:
    body: null
    headers:
      Accept: [application/json]
      User-Agent: [azsdk-python-keyvault-secrets/4.0.0b2 Python/3.6.6 (Windows-10-10.0.18362-SP0)]
    method: GET
    uri: https://vault674299e4122d.vault.azure.net/deletedsecrets/sec99e4122d?api-version=7.0
  response:
    body: {string: '{"error":{"code":"SecretNotFound","message":"Deleted Secret not
        found: sec99e4122d"}}'}
    headers: {cache-control: no-cache, content-length: '85', content-type: application/json;
        charset=utf-8, date: 'Fri, 23 Aug 2019 18:16:24 GMT', expires: '-1', pragma: no-cache,
      server: Microsoft-IIS/10.0, strict-transport-security: max-age=31536000;includeSubDomains,
      x-aspnet-version: 4.0.30319, x-content-type-options: nosniff, x-ms-keyvault-network-info: addr=131.107.160.72;act_addr_fam=InterNetwork;,
      x-ms-keyvault-region: westus, x-ms-keyvault-service-version: 1.1.0.876, x-powered-by: ASP.NET}
    status: {code: 404, message: Not Found}
    url: !!python/object/new:yarl.URL
      state: !!python/tuple
      - !!python/object/new:urllib.parse.SplitResult [https, vault674299e4122d.vault.azure.net,
        /deletedsecrets/sec99e4122d, api-version=7.0, '']
- request:
    body: null
    headers:
      Accept: [application/json]
      User-Agent: [azsdk-python-keyvault-secrets/4.0.0b2 Python/3.6.6 (Windows-10-10.0.18362-SP0)]
    method: GET
    uri: https://vault674299e4122d.vault.azure.net/deletedsecrets/sec99e4122d?api-version=7.0
  response:
    body: {string: '{"error":{"code":"SecretNotFound","message":"Deleted Secret not
        found: sec99e4122d"}}'}
    headers: {cache-control: no-cache, content-length: '85', content-type: application/json;
        charset=utf-8, date: 'Fri, 23 Aug 2019 18:16:27 GMT', expires: '-1', pragma: no-cache,
      server: Microsoft-IIS/10.0, strict-transport-security: max-age=31536000;includeSubDomains,
      x-aspnet-version: 4.0.30319, x-content-type-options: nosniff, x-ms-keyvault-network-info: addr=131.107.160.72;act_addr_fam=InterNetwork;,
      x-ms-keyvault-region: westus, x-ms-keyvault-service-version: 1.1.0.876, x-powered-by: ASP.NET}
    status: {code: 404, message: Not Found}
    url: !!python/object/new:yarl.URL
      state: !!python/tuple
      - !!python/object/new:urllib.parse.SplitResult [https, vault674299e4122d.vault.azure.net,
        /deletedsecrets/sec99e4122d, api-version=7.0, '']
- request:
    body: null
    headers:
      Accept: [application/json]
      User-Agent: [azsdk-python-keyvault-secrets/4.0.0b2 Python/3.6.6 (Windows-10-10.0.18362-SP0)]
    method: GET
    uri: https://vault674299e4122d.vault.azure.net/deletedsecrets/sec99e4122d?api-version=7.0
  response:
    body: {string: '{"error":{"code":"SecretNotFound","message":"Deleted Secret not
        found: sec99e4122d"}}'}
    headers: {cache-control: no-cache, content-length: '85', content-type: application/json;
        charset=utf-8, date: 'Fri, 23 Aug 2019 18:16:30 GMT', expires: '-1', pragma: no-cache,
      server: Microsoft-IIS/10.0, strict-transport-security: max-age=31536000;includeSubDomains,
      x-aspnet-version: 4.0.30319, x-content-type-options: nosniff, x-ms-keyvault-network-info: addr=131.107.160.72;act_addr_fam=InterNetwork;,
      x-ms-keyvault-region: westus, x-ms-keyvault-service-version: 1.1.0.876, x-powered-by: ASP.NET}
    status: {code: 404, message: Not Found}
    url: !!python/object/new:yarl.URL
      state: !!python/tuple
      - !!python/object/new:urllib.parse.SplitResult [https, vault674299e4122d.vault.azure.net,
        /deletedsecrets/sec99e4122d, api-version=7.0, '']
- request:
    body: null
    headers:
      Accept: [application/json]
      User-Agent: [azsdk-python-keyvault-secrets/4.0.0b2 Python/3.6.6 (Windows-10-10.0.18362-SP0)]
    method: GET
    uri: https://vault674299e4122d.vault.azure.net/deletedsecrets/sec99e4122d?api-version=7.0
  response:
    body: {string: '{"error":{"code":"SecretNotFound","message":"Deleted Secret not
        found: sec99e4122d"}}'}
    headers: {cache-control: no-cache, content-length: '85', content-type: application/json;
        charset=utf-8, date: 'Fri, 23 Aug 2019 18:16:33 GMT', expires: '-1', pragma: no-cache,
      server: Microsoft-IIS/10.0, strict-transport-security: max-age=31536000;includeSubDomains,
      x-aspnet-version: 4.0.30319, x-content-type-options: nosniff, x-ms-keyvault-network-info: addr=131.107.160.72;act_addr_fam=InterNetwork;,
      x-ms-keyvault-region: westus, x-ms-keyvault-service-version: 1.1.0.876, x-powered-by: ASP.NET}
    status: {code: 404, message: Not Found}
    url: !!python/object/new:yarl.URL
      state: !!python/tuple
      - !!python/object/new:urllib.parse.SplitResult [https, vault674299e4122d.vault.azure.net,
        /deletedsecrets/sec99e4122d, api-version=7.0, '']
- request:
    body: null
    headers:
      Accept: [application/json]
      User-Agent: [azsdk-python-keyvault-secrets/4.0.0b2 Python/3.6.6 (Windows-10-10.0.18362-SP0)]
    method: GET
    uri: https://vault674299e4122d.vault.azure.net/deletedsecrets/sec99e4122d?api-version=7.0
  response:
    body: {string: '{"error":{"code":"SecretNotFound","message":"Deleted Secret not
        found: sec99e4122d"}}'}
    headers: {cache-control: no-cache, content-length: '85', content-type: application/json;
        charset=utf-8, date: 'Fri, 23 Aug 2019 18:16:36 GMT', expires: '-1', pragma: no-cache,
      server: Microsoft-IIS/10.0, strict-transport-security: max-age=31536000;includeSubDomains,
      x-aspnet-version: 4.0.30319, x-content-type-options: nosniff, x-ms-keyvault-network-info: addr=131.107.160.72;act_addr_fam=InterNetwork;,
      x-ms-keyvault-region: westus, x-ms-keyvault-service-version: 1.1.0.876, x-powered-by: ASP.NET}
    status: {code: 404, message: Not Found}
    url: !!python/object/new:yarl.URL
      state: !!python/tuple
      - !!python/object/new:urllib.parse.SplitResult [https, vault674299e4122d.vault.azure.net,
        /deletedsecrets/sec99e4122d, api-version=7.0, '']
- request:
    body: null
    headers:
      Accept: [application/json]
      User-Agent: [azsdk-python-keyvault-secrets/4.0.0b2 Python/3.6.6 (Windows-10-10.0.18362-SP0)]
    method: GET
    uri: https://vault674299e4122d.vault.azure.net/deletedsecrets/sec99e4122d?api-version=7.0
  response:
    body: {string: '{"recoveryId":"https://vault674299e4122d.vault.azure.net/deletedsecrets/sec99e4122d","deletedDate":1566584184,"scheduledPurgeDate":1574360184,"id":"https://vault674299e4122d.vault.azure.net/secrets/sec99e4122d/e61517feaf654030a7b836020ffc261d","attributes":{"enabled":true,"created":1566584184,"updated":1566584184,"recoveryLevel":"Recoverable+Purgeable"}}'}
    headers: {cache-control: no-cache, content-length: '356', content-type: application/json;
        charset=utf-8, date: 'Fri, 23 Aug 2019 18:16:39 GMT', expires: '-1', pragma: no-cache,
      server: Microsoft-IIS/10.0, strict-transport-security: max-age=31536000;includeSubDomains,
      x-aspnet-version: 4.0.30319, x-content-type-options: nosniff, x-ms-keyvault-network-info: addr=131.107.160.72;act_addr_fam=InterNetwork;,
      x-ms-keyvault-region: westus, x-ms-keyvault-service-version: 1.1.0.876, x-powered-by: ASP.NET}
    status: {code: 200, message: OK}
    url: !!python/object/new:yarl.URL
      state: !!python/tuple
      - !!python/object/new:urllib.parse.SplitResult [https, vault674299e4122d.vault.azure.net,
        /deletedsecrets/sec99e4122d, api-version=7.0, '']
- request:
    body: null
    headers:
      Accept: [application/json]
      User-Agent: [azsdk-python-keyvault-secrets/4.0.0b2 Python/3.6.6 (Windows-10-10.0.18362-SP0)]
    method: GET
    uri: https://vault674299e4122d.vault.azure.net/deletedsecrets?api-version=7.0
  response:
    body: {string: '{"value":[{"recoveryId":"https://vault674299e4122d.vault.azure.net/deletedsecrets/sec99e4122d","deletedDate":1566584184,"scheduledPurgeDate":1574360184,"id":"https://vault674299e4122d.vault.azure.net/secrets/sec99e4122d","attributes":{"enabled":true,"created":1566584184,"updated":1566584184,"recoveryLevel":"Recoverable+Purgeable"}}],"nextLink":null}'}
    headers: {cache-control: no-cache, content-length: '351', content-type: application/json;
        charset=utf-8, date: 'Fri, 23 Aug 2019 18:16:39 GMT', expires: '-1', pragma: no-cache,
      server: Microsoft-IIS/10.0, strict-transport-security: max-age=31536000;includeSubDomains,
      x-aspnet-version: 4.0.30319, x-content-type-options: nosniff, x-ms-keyvault-network-info: addr=131.107.160.72;act_addr_fam=InterNetwork;,
      x-ms-keyvault-region: westus, x-ms-keyvault-service-version: 1.1.0.876, x-powered-by: ASP.NET}
    status: {code: 200, message: OK}
    url: !!python/object/new:yarl.URL
      state: !!python/tuple
      - !!python/object/new:urllib.parse.SplitResult [https, vault674299e4122d.vault.azure.net,
        /deletedsecrets, api-version=7.0, '']
version: 1
