interactions:
- request:
    body: null
    headers:
      Accept:
      - application/json
      Content-Length:
      - '0'
      Content-Type:
      - application/json; charset=utf-8
      User-Agent:
      - azsdk-python-keyvault-secrets/4.0.0b2 Python/3.5.4 (Windows-10-10.0.18362-SP0)
    method: PUT
    uri: https://vault99e4122d.vault.azure.net/secrets/sec99e4122d?api-version=7.0
  response:
    body:
      string: ''
    headers:
      cache-control: no-cache
      content-length: '0'
      date: Mon, 05 Aug 2019 22:21:49 GMT
      expires: '-1'
      pragma: no-cache
      server: Microsoft-IIS/10.0
      strict-transport-security: max-age=31536000;includeSubDomains
      www-authenticate: Bearer authorization="https://login.windows.net/72f988bf-86f1-41af-91ab-2d7cd011db47",
        resource="https://vault.azure.net"
      x-aspnet-version: 4.0.30319
      x-content-type-options: nosniff
      x-ms-keyvault-network-info: addr=131.107.160.254;act_addr_fam=InterNetwork;
      x-ms-keyvault-region: westus
      x-ms-keyvault-service-version: 1.1.0.872
      x-powered-by: ASP.NET
    status:
      code: 401
      message: Unauthorized
    url: !!python/object/new:yarl.URL
      state: !!python/tuple
      - !!python/object/new:urllib.parse.SplitResult
        - https
        - vault99e4122d.vault.azure.net
        - /secrets/sec99e4122d
        - api-version=7.0
        - ''
- request:
    body: '{"value": "secval99e4122d"}'
    headers:
      Accept:
      - application/json
      Content-Length:
      - '27'
      Content-Type:
      - application/json; charset=utf-8
      User-Agent:
      - azsdk-python-keyvault-secrets/4.0.0b2 Python/3.5.4 (Windows-10-10.0.18362-SP0)
    method: PUT
    uri: https://vault99e4122d.vault.azure.net/secrets/sec99e4122d?api-version=7.0
  response:
    body:
      string: '{"value":"secval99e4122d","id":"https://vault99e4122d.vault.azure.net/secrets/sec99e4122d/20f0eeb32d06495c95c55d147e46c524","attributes":{"enabled":true,"created":1565043709,"updated":1565043709,"recoveryLevel":"Recoverable+Purgeable"}}'
    headers:
      cache-control: no-cache
      content-length: '236'
      content-type: application/json; charset=utf-8
      date: Mon, 05 Aug 2019 22:21:49 GMT
      expires: '-1'
      pragma: no-cache
      server: Microsoft-IIS/10.0
      strict-transport-security: max-age=31536000;includeSubDomains
      x-aspnet-version: 4.0.30319
      x-content-type-options: nosniff
      x-ms-keyvault-network-info: addr=131.107.160.254;act_addr_fam=InterNetwork;
      x-ms-keyvault-region: westus
      x-ms-keyvault-service-version: 1.1.0.872
      x-powered-by: ASP.NET
    status:
      code: 200
      message: OK
    url: !!python/object/new:yarl.URL
      state: !!python/tuple
      - !!python/object/new:urllib.parse.SplitResult
        - https
        - vault99e4122d.vault.azure.net
        - /secrets/sec99e4122d
        - api-version=7.0
        - ''
- request:
    body: '{"value": "secval99e4122d"}'
    headers:
      Accept:
      - application/json
      Content-Length:
      - '27'
      Content-Type:
      - application/json; charset=utf-8
      User-Agent:
      - azsdk-python-keyvault-secrets/4.0.0b2 Python/3.5.4 (Windows-10-10.0.18362-SP0)
    method: PUT
    uri: https://vault99e4122d.vault.azure.net/secrets/sec99e4122d?api-version=7.0
  response:
    body:
      string: '{"value":"secval99e4122d","id":"https://vault99e4122d.vault.azure.net/secrets/sec99e4122d/4bf3217be48145f3a318571300ccef4c","attributes":{"enabled":true,"created":1565043709,"updated":1565043709,"recoveryLevel":"Recoverable+Purgeable"}}'
    headers:
      cache-control: no-cache
      content-length: '236'
      content-type: application/json; charset=utf-8
      date: Mon, 05 Aug 2019 22:21:49 GMT
      expires: '-1'
      pragma: no-cache
      server: Microsoft-IIS/10.0
      strict-transport-security: max-age=31536000;includeSubDomains
      x-aspnet-version: 4.0.30319
      x-content-type-options: nosniff
      x-ms-keyvault-network-info: addr=131.107.160.254;act_addr_fam=InterNetwork;
      x-ms-keyvault-region: westus
      x-ms-keyvault-service-version: 1.1.0.872
      x-powered-by: ASP.NET
    status:
      code: 200
      message: OK
    url: !!python/object/new:yarl.URL
      state: !!python/tuple
      - !!python/object/new:urllib.parse.SplitResult
        - https
        - vault99e4122d.vault.azure.net
        - /secrets/sec99e4122d
        - api-version=7.0
        - ''
- request:
    body: '{"value": "secval99e4122d"}'
    headers:
      Accept:
      - application/json
      Content-Length:
      - '27'
      Content-Type:
      - application/json; charset=utf-8
      User-Agent:
      - azsdk-python-keyvault-secrets/4.0.0b2 Python/3.5.4 (Windows-10-10.0.18362-SP0)
    method: PUT
    uri: https://vault99e4122d.vault.azure.net/secrets/sec99e4122d?api-version=7.0
  response:
    body:
      string: '{"value":"secval99e4122d","id":"https://vault99e4122d.vault.azure.net/secrets/sec99e4122d/9dbf0027d82c4a72a7c9390fa74dc677","attributes":{"enabled":true,"created":1565043710,"updated":1565043710,"recoveryLevel":"Recoverable+Purgeable"}}'
    headers:
      cache-control: no-cache
      content-length: '236'
      content-type: application/json; charset=utf-8
      date: Mon, 05 Aug 2019 22:21:49 GMT
      expires: '-1'
      pragma: no-cache
      server: Microsoft-IIS/10.0
      strict-transport-security: max-age=31536000;includeSubDomains
      x-aspnet-version: 4.0.30319
      x-content-type-options: nosniff
      x-ms-keyvault-network-info: addr=131.107.160.254;act_addr_fam=InterNetwork;
      x-ms-keyvault-region: westus
      x-ms-keyvault-service-version: 1.1.0.872
      x-powered-by: ASP.NET
    status:
      code: 200
      message: OK
    url: !!python/object/new:yarl.URL
      state: !!python/tuple
      - !!python/object/new:urllib.parse.SplitResult
        - https
        - vault99e4122d.vault.azure.net
        - /secrets/sec99e4122d
        - api-version=7.0
        - ''
- request:
    body: '{"value": "secval99e4122d"}'
    headers:
      Accept:
      - application/json
      Content-Length:
      - '27'
      Content-Type:
      - application/json; charset=utf-8
      User-Agent:
      - azsdk-python-keyvault-secrets/4.0.0b2 Python/3.5.4 (Windows-10-10.0.18362-SP0)
    method: PUT
    uri: https://vault99e4122d.vault.azure.net/secrets/sec99e4122d?api-version=7.0
  response:
    body:
      string: '{"value":"secval99e4122d","id":"https://vault99e4122d.vault.azure.net/secrets/sec99e4122d/194c6ef98b5b4102aa3360e50af07a47","attributes":{"enabled":true,"created":1565043710,"updated":1565043710,"recoveryLevel":"Recoverable+Purgeable"}}'
    headers:
      cache-control: no-cache
      content-length: '236'
      content-type: application/json; charset=utf-8
      date: Mon, 05 Aug 2019 22:21:50 GMT
      expires: '-1'
      pragma: no-cache
      server: Microsoft-IIS/10.0
      strict-transport-security: max-age=31536000;includeSubDomains
      x-aspnet-version: 4.0.30319
      x-content-type-options: nosniff
      x-ms-keyvault-network-info: addr=131.107.160.254;act_addr_fam=InterNetwork;
      x-ms-keyvault-region: westus
      x-ms-keyvault-service-version: 1.1.0.872
      x-powered-by: ASP.NET
    status:
      code: 200
      message: OK
    url: !!python/object/new:yarl.URL
      state: !!python/tuple
      - !!python/object/new:urllib.parse.SplitResult
        - https
        - vault99e4122d.vault.azure.net
        - /secrets/sec99e4122d
        - api-version=7.0
        - ''
- request:
    body: '{"value": "secval99e4122d"}'
    headers:
      Accept:
      - application/json
      Content-Length:
      - '27'
      Content-Type:
      - application/json; charset=utf-8
      User-Agent:
      - azsdk-python-keyvault-secrets/4.0.0b2 Python/3.5.4 (Windows-10-10.0.18362-SP0)
    method: PUT
    uri: https://vault99e4122d.vault.azure.net/secrets/sec99e4122d?api-version=7.0
  response:
    body:
      string: '{"value":"secval99e4122d","id":"https://vault99e4122d.vault.azure.net/secrets/sec99e4122d/3348f956294f462aa290bafad215d19b","attributes":{"enabled":true,"created":1565043710,"updated":1565043710,"recoveryLevel":"Recoverable+Purgeable"}}'
    headers:
      cache-control: no-cache
      content-length: '236'
      content-type: application/json; charset=utf-8
      date: Mon, 05 Aug 2019 22:21:50 GMT
      expires: '-1'
      pragma: no-cache
      server: Microsoft-IIS/10.0
      strict-transport-security: max-age=31536000;includeSubDomains
      x-aspnet-version: 4.0.30319
      x-content-type-options: nosniff
      x-ms-keyvault-network-info: addr=131.107.160.254;act_addr_fam=InterNetwork;
      x-ms-keyvault-region: westus
      x-ms-keyvault-service-version: 1.1.0.872
      x-powered-by: ASP.NET
    status:
      code: 200
      message: OK
    url: !!python/object/new:yarl.URL
      state: !!python/tuple
      - !!python/object/new:urllib.parse.SplitResult
        - https
        - vault99e4122d.vault.azure.net
        - /secrets/sec99e4122d
        - api-version=7.0
        - ''
- request:
    body: '{"value": "secval99e4122d"}'
    headers:
      Accept:
      - application/json
      Content-Length:
      - '27'
      Content-Type:
      - application/json; charset=utf-8
      User-Agent:
      - azsdk-python-keyvault-secrets/4.0.0b2 Python/3.5.4 (Windows-10-10.0.18362-SP0)
    method: PUT
    uri: https://vault99e4122d.vault.azure.net/secrets/sec99e4122d?api-version=7.0
  response:
    body:
      string: '{"value":"secval99e4122d","id":"https://vault99e4122d.vault.azure.net/secrets/sec99e4122d/bc90c90cd3c34e68b2416e35e2421be9","attributes":{"enabled":true,"created":1565043710,"updated":1565043710,"recoveryLevel":"Recoverable+Purgeable"}}'
    headers:
      cache-control: no-cache
      content-length: '236'
      content-type: application/json; charset=utf-8
      date: Mon, 05 Aug 2019 22:21:50 GMT
      expires: '-1'
      pragma: no-cache
      server: Microsoft-IIS/10.0
      strict-transport-security: max-age=31536000;includeSubDomains
      x-aspnet-version: 4.0.30319
      x-content-type-options: nosniff
      x-ms-keyvault-network-info: addr=131.107.160.254;act_addr_fam=InterNetwork;
      x-ms-keyvault-region: westus
      x-ms-keyvault-service-version: 1.1.0.872
      x-powered-by: ASP.NET
    status:
      code: 200
      message: OK
    url: !!python/object/new:yarl.URL
      state: !!python/tuple
      - !!python/object/new:urllib.parse.SplitResult
        - https
        - vault99e4122d.vault.azure.net
        - /secrets/sec99e4122d
        - api-version=7.0
        - ''
- request:
    body: '{"value": "secval99e4122d"}'
    headers:
      Accept:
      - application/json
      Content-Length:
      - '27'
      Content-Type:
      - application/json; charset=utf-8
      User-Agent:
      - azsdk-python-keyvault-secrets/4.0.0b2 Python/3.5.4 (Windows-10-10.0.18362-SP0)
    method: PUT
    uri: https://vault99e4122d.vault.azure.net/secrets/sec99e4122d?api-version=7.0
  response:
    body:
      string: '{"value":"secval99e4122d","id":"https://vault99e4122d.vault.azure.net/secrets/sec99e4122d/4830acd0242c487ba4b17a42a5b6a7e0","attributes":{"enabled":true,"created":1565043710,"updated":1565043710,"recoveryLevel":"Recoverable+Purgeable"}}'
    headers:
      cache-control: no-cache
      content-length: '236'
      content-type: application/json; charset=utf-8
      date: Mon, 05 Aug 2019 22:21:50 GMT
      expires: '-1'
      pragma: no-cache
      server: Microsoft-IIS/10.0
      strict-transport-security: max-age=31536000;includeSubDomains
      x-aspnet-version: 4.0.30319
      x-content-type-options: nosniff
      x-ms-keyvault-network-info: addr=131.107.160.254;act_addr_fam=InterNetwork;
      x-ms-keyvault-region: westus
      x-ms-keyvault-service-version: 1.1.0.872
      x-powered-by: ASP.NET
    status:
      code: 200
      message: OK
    url: !!python/object/new:yarl.URL
      state: !!python/tuple
      - !!python/object/new:urllib.parse.SplitResult
        - https
        - vault99e4122d.vault.azure.net
        - /secrets/sec99e4122d
        - api-version=7.0
        - ''
- request:
    body: null
    headers:
      Accept:
      - application/json
      User-Agent:
      - azsdk-python-keyvault-secrets/4.0.0b2 Python/3.5.4 (Windows-10-10.0.18362-SP0)
    method: DELETE
    uri: https://vault99e4122d.vault.azure.net/secrets/sec99e4122d?api-version=7.0
  response:
    body:
      string: '{"recoveryId":"https://vault99e4122d.vault.azure.net/deletedsecrets/sec99e4122d","deletedDate":1565043710,"scheduledPurgeDate":1572819710,"id":"https://vault99e4122d.vault.azure.net/secrets/sec99e4122d/4830acd0242c487ba4b17a42a5b6a7e0","attributes":{"enabled":true,"created":1565043710,"updated":1565043710,"recoveryLevel":"Recoverable+Purgeable"}}'
    headers:
      cache-control: no-cache
      content-length: '348'
      content-type: application/json; charset=utf-8
      date: Mon, 05 Aug 2019 22:21:50 GMT
      expires: '-1'
      pragma: no-cache
      server: Microsoft-IIS/10.0
      strict-transport-security: max-age=31536000;includeSubDomains
      x-aspnet-version: 4.0.30319
      x-content-type-options: nosniff
      x-ms-keyvault-network-info: addr=131.107.160.254;act_addr_fam=InterNetwork;
      x-ms-keyvault-region: westus
      x-ms-keyvault-service-version: 1.1.0.872
      x-powered-by: ASP.NET
    status:
      code: 200
      message: OK
    url: !!python/object/new:yarl.URL
      state: !!python/tuple
      - !!python/object/new:urllib.parse.SplitResult
        - https
        - vault99e4122d.vault.azure.net
        - /secrets/sec99e4122d
        - api-version=7.0
        - ''
- request:
    body: null
    headers:
      Accept:
      - application/json
      User-Agent:
      - azsdk-python-keyvault-secrets/4.0.0b2 Python/3.5.4 (Windows-10-10.0.18362-SP0)
    method: GET
    uri: https://vault99e4122d.vault.azure.net/deletedsecrets/sec99e4122d?api-version=7.0
  response:
    body:
      string: '{"error":{"code":"SecretNotFound","message":"Deleted Secret not found:
        sec99e4122d"}}'
    headers:
      cache-control: no-cache
      content-length: '85'
      content-type: application/json; charset=utf-8
      date: Mon, 05 Aug 2019 22:21:50 GMT
      expires: '-1'
      pragma: no-cache
      server: Microsoft-IIS/10.0
      strict-transport-security: max-age=31536000;includeSubDomains
      x-aspnet-version: 4.0.30319
      x-content-type-options: nosniff
      x-ms-keyvault-network-info: addr=131.107.160.254;act_addr_fam=InterNetwork;
      x-ms-keyvault-region: westus
      x-ms-keyvault-service-version: 1.1.0.872
      x-powered-by: ASP.NET
    status:
      code: 404
      message: Not Found
    url: !!python/object/new:yarl.URL
      state: !!python/tuple
      - !!python/object/new:urllib.parse.SplitResult
        - https
        - vault99e4122d.vault.azure.net
        - /deletedsecrets/sec99e4122d
        - api-version=7.0
        - ''
- request:
    body: null
    headers:
      Accept:
      - application/json
      User-Agent:
      - azsdk-python-keyvault-secrets/4.0.0b2 Python/3.5.4 (Windows-10-10.0.18362-SP0)
    method: GET
    uri: https://vault99e4122d.vault.azure.net/deletedsecrets/sec99e4122d?api-version=7.0
  response:
    body:
      string: '{"error":{"code":"SecretNotFound","message":"Deleted Secret not found:
        sec99e4122d"}}'
    headers:
      cache-control: no-cache
      content-length: '85'
      content-type: application/json; charset=utf-8
      date: Mon, 05 Aug 2019 22:21:53 GMT
      expires: '-1'
      pragma: no-cache
      server: Microsoft-IIS/10.0
      strict-transport-security: max-age=31536000;includeSubDomains
      x-aspnet-version: 4.0.30319
      x-content-type-options: nosniff
      x-ms-keyvault-network-info: addr=131.107.160.254;act_addr_fam=InterNetwork;
      x-ms-keyvault-region: westus
      x-ms-keyvault-service-version: 1.1.0.872
      x-powered-by: ASP.NET
    status:
      code: 404
      message: Not Found
    url: !!python/object/new:yarl.URL
      state: !!python/tuple
      - !!python/object/new:urllib.parse.SplitResult
        - https
        - vault99e4122d.vault.azure.net
        - /deletedsecrets/sec99e4122d
        - api-version=7.0
        - ''
- request:
    body: null
    headers:
      Accept:
      - application/json
      User-Agent:
      - azsdk-python-keyvault-secrets/4.0.0b2 Python/3.5.4 (Windows-10-10.0.18362-SP0)
    method: GET
    uri: https://vault99e4122d.vault.azure.net/deletedsecrets/sec99e4122d?api-version=7.0
  response:
    body:
      string: '{"error":{"code":"SecretNotFound","message":"Deleted Secret not found:
        sec99e4122d"}}'
    headers:
      cache-control: no-cache
      content-length: '85'
      content-type: application/json; charset=utf-8
      date: Mon, 05 Aug 2019 22:21:56 GMT
      expires: '-1'
      pragma: no-cache
      server: Microsoft-IIS/10.0
      strict-transport-security: max-age=31536000;includeSubDomains
      x-aspnet-version: 4.0.30319
      x-content-type-options: nosniff
      x-ms-keyvault-network-info: addr=131.107.160.254;act_addr_fam=InterNetwork;
      x-ms-keyvault-region: westus
      x-ms-keyvault-service-version: 1.1.0.872
      x-powered-by: ASP.NET
    status:
      code: 404
      message: Not Found
    url: !!python/object/new:yarl.URL
      state: !!python/tuple
      - !!python/object/new:urllib.parse.SplitResult
        - https
        - vault99e4122d.vault.azure.net
        - /deletedsecrets/sec99e4122d
        - api-version=7.0
        - ''
- request:
    body: null
    headers:
      Accept:
      - application/json
      User-Agent:
      - azsdk-python-keyvault-secrets/4.0.0b2 Python/3.5.4 (Windows-10-10.0.18362-SP0)
    method: GET
    uri: https://vault99e4122d.vault.azure.net/deletedsecrets/sec99e4122d?api-version=7.0
  response:
    body:
      string: '{"error":{"code":"SecretNotFound","message":"Deleted Secret not found:
        sec99e4122d"}}'
    headers:
      cache-control: no-cache
      content-length: '85'
      content-type: application/json; charset=utf-8
      date: Mon, 05 Aug 2019 22:21:59 GMT
      expires: '-1'
      pragma: no-cache
      server: Microsoft-IIS/10.0
      strict-transport-security: max-age=31536000;includeSubDomains
      x-aspnet-version: 4.0.30319
      x-content-type-options: nosniff
      x-ms-keyvault-network-info: addr=131.107.160.254;act_addr_fam=InterNetwork;
      x-ms-keyvault-region: westus
      x-ms-keyvault-service-version: 1.1.0.872
      x-powered-by: ASP.NET
    status:
      code: 404
      message: Not Found
    url: !!python/object/new:yarl.URL
      state: !!python/tuple
      - !!python/object/new:urllib.parse.SplitResult
        - https
        - vault99e4122d.vault.azure.net
        - /deletedsecrets/sec99e4122d
        - api-version=7.0
        - ''
- request:
    body: null
    headers:
      Accept:
      - application/json
      User-Agent:
      - azsdk-python-keyvault-secrets/4.0.0b2 Python/3.5.4 (Windows-10-10.0.18362-SP0)
    method: GET
    uri: https://vault99e4122d.vault.azure.net/deletedsecrets/sec99e4122d?api-version=7.0
  response:
    body:
      string: '{"error":{"code":"SecretNotFound","message":"Deleted Secret not found:
        sec99e4122d"}}'
    headers:
      cache-control: no-cache
      content-length: '85'
      content-type: application/json; charset=utf-8
      date: Mon, 05 Aug 2019 22:22:02 GMT
      expires: '-1'
      pragma: no-cache
      server: Microsoft-IIS/10.0
      strict-transport-security: max-age=31536000;includeSubDomains
      x-aspnet-version: 4.0.30319
      x-content-type-options: nosniff
      x-ms-keyvault-network-info: addr=131.107.160.254;act_addr_fam=InterNetwork;
      x-ms-keyvault-region: westus
      x-ms-keyvault-service-version: 1.1.0.872
      x-powered-by: ASP.NET
    status:
      code: 404
      message: Not Found
    url: !!python/object/new:yarl.URL
      state: !!python/tuple
      - !!python/object/new:urllib.parse.SplitResult
        - https
        - vault99e4122d.vault.azure.net
        - /deletedsecrets/sec99e4122d
        - api-version=7.0
        - ''
- request:
    body: null
    headers:
      Accept:
      - application/json
      User-Agent:
      - azsdk-python-keyvault-secrets/4.0.0b2 Python/3.5.4 (Windows-10-10.0.18362-SP0)
    method: GET
    uri: https://vault99e4122d.vault.azure.net/deletedsecrets/sec99e4122d?api-version=7.0
  response:
    body:
      string: '{"error":{"code":"SecretNotFound","message":"Deleted Secret not found:
        sec99e4122d"}}'
    headers:
      cache-control: no-cache
      content-length: '85'
      content-type: application/json; charset=utf-8
      date: Mon, 05 Aug 2019 22:22:05 GMT
      expires: '-1'
      pragma: no-cache
      server: Microsoft-IIS/10.0
      strict-transport-security: max-age=31536000;includeSubDomains
      x-aspnet-version: 4.0.30319
      x-content-type-options: nosniff
      x-ms-keyvault-network-info: addr=131.107.160.254;act_addr_fam=InterNetwork;
      x-ms-keyvault-region: westus
      x-ms-keyvault-service-version: 1.1.0.872
      x-powered-by: ASP.NET
    status:
      code: 404
      message: Not Found
    url: !!python/object/new:yarl.URL
      state: !!python/tuple
      - !!python/object/new:urllib.parse.SplitResult
        - https
        - vault99e4122d.vault.azure.net
        - /deletedsecrets/sec99e4122d
        - api-version=7.0
        - ''
- request:
    body: null
    headers:
      Accept:
      - application/json
      User-Agent:
      - azsdk-python-keyvault-secrets/4.0.0b2 Python/3.5.4 (Windows-10-10.0.18362-SP0)
    method: GET
    uri: https://vault99e4122d.vault.azure.net/deletedsecrets/sec99e4122d?api-version=7.0
  response:
    body:
      string: '{"recoveryId":"https://vault99e4122d.vault.azure.net/deletedsecrets/sec99e4122d","deletedDate":1565043710,"scheduledPurgeDate":1572819710,"id":"https://vault99e4122d.vault.azure.net/secrets/sec99e4122d/4830acd0242c487ba4b17a42a5b6a7e0","attributes":{"enabled":true,"created":1565043710,"updated":1565043710,"recoveryLevel":"Recoverable+Purgeable"}}'
    headers:
      cache-control: no-cache
      content-length: '348'
      content-type: application/json; charset=utf-8
      date: Mon, 05 Aug 2019 22:22:08 GMT
      expires: '-1'
      pragma: no-cache
      server: Microsoft-IIS/10.0
      strict-transport-security: max-age=31536000;includeSubDomains
      x-aspnet-version: 4.0.30319
      x-content-type-options: nosniff
      x-ms-keyvault-network-info: addr=131.107.160.254;act_addr_fam=InterNetwork;
      x-ms-keyvault-region: westus
      x-ms-keyvault-service-version: 1.1.0.872
      x-powered-by: ASP.NET
    status:
      code: 200
      message: OK
    url: !!python/object/new:yarl.URL
      state: !!python/tuple
      - !!python/object/new:urllib.parse.SplitResult
        - https
        - vault99e4122d.vault.azure.net
        - /deletedsecrets/sec99e4122d
        - api-version=7.0
        - ''
- request:
    body: null
    headers:
      Accept:
      - application/json
      User-Agent:
      - azsdk-python-keyvault-secrets/4.0.0b2 Python/3.5.4 (Windows-10-10.0.18362-SP0)
    method: GET
    uri: https://vault99e4122d.vault.azure.net/deletedsecrets?api-version=7.0
  response:
    body:
      string: '{"value":[{"recoveryId":"https://vault99e4122d.vault.azure.net/deletedsecrets/sec99e4122d","deletedDate":1565043710,"scheduledPurgeDate":1572819710,"id":"https://vault99e4122d.vault.azure.net/secrets/sec99e4122d","attributes":{"enabled":true,"created":1565043710,"updated":1565043710,"recoveryLevel":"Recoverable+Purgeable"}}],"nextLink":null}'
    headers:
      cache-control: no-cache
      content-length: '343'
      content-type: application/json; charset=utf-8
      date: Mon, 05 Aug 2019 22:22:08 GMT
      expires: '-1'
      pragma: no-cache
      server: Microsoft-IIS/10.0
      strict-transport-security: max-age=31536000;includeSubDomains
      x-aspnet-version: 4.0.30319
      x-content-type-options: nosniff
      x-ms-keyvault-network-info: addr=131.107.160.254;act_addr_fam=InterNetwork;
      x-ms-keyvault-region: westus
      x-ms-keyvault-service-version: 1.1.0.872
      x-powered-by: ASP.NET
    status:
      code: 200
      message: OK
    url: !!python/object/new:yarl.URL
      state: !!python/tuple
      - !!python/object/new:urllib.parse.SplitResult
        - https
        - vault99e4122d.vault.azure.net
        - /deletedsecrets
        - api-version=7.0
        - ''
version: 1
