interactions:
- request:
    body: null
    headers:
      Accept:
      - application/json
      Content-Length:
      - '0'
      Content-Type:
      - application/json
      User-Agent:
      - azsdk-python-keyvault-secrets/4.4.0b1 Python/3.6.8 (Windows-10-10.0.19041-SP0)
    method: PUT
    uri: https://vaultname.vault.azure.net/secrets/livekvtestsecret08f6216b6?api-version=7.3-preview
  response:
    body:
      string: '{"error":{"code":"Unauthorized","message":"AKV10000: Request is missing
        a Bearer or PoP token."}}'
    headers:
      cache-control: no-cache
      content-length: '97'
      content-type: application/json; charset=utf-8
      date: Tue, 31 Aug 2021 23:52:17 GMT
      expires: '-1'
      pragma: no-cache
      strict-transport-security: max-age=31536000;includeSubDomains
      www-authenticate: Bearer authorization="https://login.windows.net/72f988bf-86f1-41af-91ab-2d7cd011db47",
        resource="https://vault.azure.net"
      x-content-type-options: nosniff
      x-ms-keyvault-network-info: conn_type=Ipv4;addr=76.28.157.20;act_addr_fam=InterNetwork;
      x-ms-keyvault-region: westus2
      x-ms-keyvault-service-version: 1.9.79.1
      x-powered-by: ASP.NET
    status:
      code: 401
      message: Unauthorized
    url: https://yallkvtests.vault.azure.net/secrets/livekvtestsecret08f6216b6?api-version=7.3-preview
- request:
    body: '{"value": "value0"}'
    headers:
      Accept:
      - application/json
      Content-Length:
      - '19'
      Content-Type:
      - application/json
      User-Agent:
      - azsdk-python-keyvault-secrets/4.4.0b1 Python/3.6.8 (Windows-10-10.0.19041-SP0)
    method: PUT
    uri: https://vaultname.vault.azure.net/secrets/livekvtestsecret08f6216b6?api-version=7.3-preview
  response:
    body:
      string: '{"value":"value0","id":"https://vaultname.vault.azure.net/secrets/livekvtestsecret08f6216b6/9965496b43da4c88880007cb144b0038","attributes":{"enabled":true,"created":1630453938,"updated":1630453938,"recoveryLevel":"Recoverable+Purgeable","recoverableDays":90}}'
    headers:
      cache-control: no-cache
      content-length: '261'
      content-type: application/json; charset=utf-8
      date: Tue, 31 Aug 2021 23:52:17 GMT
      expires: '-1'
      pragma: no-cache
      strict-transport-security: max-age=31536000;includeSubDomains
      x-content-type-options: nosniff
      x-ms-keyvault-network-info: conn_type=Ipv4;addr=76.28.157.20;act_addr_fam=InterNetwork;
      x-ms-keyvault-region: westus2
      x-ms-keyvault-service-version: 1.9.79.1
      x-powered-by: ASP.NET
    status:
      code: 200
      message: OK
    url: https://yallkvtests.vault.azure.net/secrets/livekvtestsecret08f6216b6?api-version=7.3-preview
- request:
    body: '{"value": "value1"}'
    headers:
      Accept:
      - application/json
      Content-Length:
      - '19'
      Content-Type:
      - application/json
      User-Agent:
      - azsdk-python-keyvault-secrets/4.4.0b1 Python/3.6.8 (Windows-10-10.0.19041-SP0)
    method: PUT
    uri: https://vaultname.vault.azure.net/secrets/livekvtestsecret18f6216b6?api-version=7.3-preview
  response:
    body:
      string: '{"value":"value1","id":"https://vaultname.vault.azure.net/secrets/livekvtestsecret18f6216b6/2167754706ee458f9228d199bf11191d","attributes":{"enabled":true,"created":1630453938,"updated":1630453938,"recoveryLevel":"Recoverable+Purgeable","recoverableDays":90}}'
    headers:
      cache-control: no-cache
      content-length: '261'
      content-type: application/json; charset=utf-8
      date: Tue, 31 Aug 2021 23:52:17 GMT
      expires: '-1'
      pragma: no-cache
      strict-transport-security: max-age=31536000;includeSubDomains
      x-content-type-options: nosniff
      x-ms-keyvault-network-info: conn_type=Ipv4;addr=76.28.157.20;act_addr_fam=InterNetwork;
      x-ms-keyvault-region: westus2
      x-ms-keyvault-service-version: 1.9.79.1
      x-powered-by: ASP.NET
    status:
      code: 200
      message: OK
    url: https://yallkvtests.vault.azure.net/secrets/livekvtestsecret18f6216b6?api-version=7.3-preview
- request:
    body: '{"value": "value2"}'
    headers:
      Accept:
      - application/json
      Content-Length:
      - '19'
      Content-Type:
      - application/json
      User-Agent:
      - azsdk-python-keyvault-secrets/4.4.0b1 Python/3.6.8 (Windows-10-10.0.19041-SP0)
    method: PUT
    uri: https://vaultname.vault.azure.net/secrets/livekvtestsecret28f6216b6?api-version=7.3-preview
  response:
    body:
      string: '{"value":"value2","id":"https://vaultname.vault.azure.net/secrets/livekvtestsecret28f6216b6/0e3ca2a167ea418b92c8e495ea0ae15e","attributes":{"enabled":true,"created":1630453938,"updated":1630453938,"recoveryLevel":"Recoverable+Purgeable","recoverableDays":90}}'
    headers:
      cache-control: no-cache
      content-length: '261'
      content-type: application/json; charset=utf-8
      date: Tue, 31 Aug 2021 23:52:17 GMT
      expires: '-1'
      pragma: no-cache
      strict-transport-security: max-age=31536000;includeSubDomains
      x-content-type-options: nosniff
      x-ms-keyvault-network-info: conn_type=Ipv4;addr=76.28.157.20;act_addr_fam=InterNetwork;
      x-ms-keyvault-region: westus2
      x-ms-keyvault-service-version: 1.9.79.1
      x-powered-by: ASP.NET
    status:
      code: 200
      message: OK
    url: https://yallkvtests.vault.azure.net/secrets/livekvtestsecret28f6216b6?api-version=7.3-preview
- request:
    body: '{"value": "value3"}'
    headers:
      Accept:
      - application/json
      Content-Length:
      - '19'
      Content-Type:
      - application/json
      User-Agent:
      - azsdk-python-keyvault-secrets/4.4.0b1 Python/3.6.8 (Windows-10-10.0.19041-SP0)
    method: PUT
    uri: https://vaultname.vault.azure.net/secrets/livekvtestsecret38f6216b6?api-version=7.3-preview
  response:
    body:
      string: '{"value":"value3","id":"https://vaultname.vault.azure.net/secrets/livekvtestsecret38f6216b6/43e52480121b4deea0ec2ddd264846f5","attributes":{"enabled":true,"created":1630453938,"updated":1630453938,"recoveryLevel":"Recoverable+Purgeable","recoverableDays":90}}'
    headers:
      cache-control: no-cache
      content-length: '261'
      content-type: application/json; charset=utf-8
      date: Tue, 31 Aug 2021 23:52:18 GMT
      expires: '-1'
      pragma: no-cache
      strict-transport-security: max-age=31536000;includeSubDomains
      x-content-type-options: nosniff
      x-ms-keyvault-network-info: conn_type=Ipv4;addr=76.28.157.20;act_addr_fam=InterNetwork;
      x-ms-keyvault-region: westus2
      x-ms-keyvault-service-version: 1.9.79.1
      x-powered-by: ASP.NET
    status:
      code: 200
      message: OK
    url: https://yallkvtests.vault.azure.net/secrets/livekvtestsecret38f6216b6?api-version=7.3-preview
- request:
    body: '{"value": "value4"}'
    headers:
      Accept:
      - application/json
      Content-Length:
      - '19'
      Content-Type:
      - application/json
      User-Agent:
      - azsdk-python-keyvault-secrets/4.4.0b1 Python/3.6.8 (Windows-10-10.0.19041-SP0)
    method: PUT
    uri: https://vaultname.vault.azure.net/secrets/livekvtestsecret48f6216b6?api-version=7.3-preview
  response:
    body:
      string: '{"value":"value4","id":"https://vaultname.vault.azure.net/secrets/livekvtestsecret48f6216b6/9cfcc43515f74724ba0d2dc53a45925d","attributes":{"enabled":true,"created":1630453938,"updated":1630453938,"recoveryLevel":"Recoverable+Purgeable","recoverableDays":90}}'
    headers:
      cache-control: no-cache
      content-length: '261'
      content-type: application/json; charset=utf-8
      date: Tue, 31 Aug 2021 23:52:18 GMT
      expires: '-1'
      pragma: no-cache
      strict-transport-security: max-age=31536000;includeSubDomains
      x-content-type-options: nosniff
      x-ms-keyvault-network-info: conn_type=Ipv4;addr=76.28.157.20;act_addr_fam=InterNetwork;
      x-ms-keyvault-region: westus2
      x-ms-keyvault-service-version: 1.9.79.1
      x-powered-by: ASP.NET
    status:
      code: 200
      message: OK
    url: https://yallkvtests.vault.azure.net/secrets/livekvtestsecret48f6216b6?api-version=7.3-preview
- request:
    body: '{"value": "value5"}'
    headers:
      Accept:
      - application/json
      Content-Length:
      - '19'
      Content-Type:
      - application/json
      User-Agent:
      - azsdk-python-keyvault-secrets/4.4.0b1 Python/3.6.8 (Windows-10-10.0.19041-SP0)
    method: PUT
    uri: https://vaultname.vault.azure.net/secrets/livekvtestsecret58f6216b6?api-version=7.3-preview
  response:
    body:
      string: '{"value":"value5","id":"https://vaultname.vault.azure.net/secrets/livekvtestsecret58f6216b6/e513885592644a979b8d60d0ce1dc730","attributes":{"enabled":true,"created":1630453938,"updated":1630453938,"recoveryLevel":"Recoverable+Purgeable","recoverableDays":90}}'
    headers:
      cache-control: no-cache
      content-length: '261'
      content-type: application/json; charset=utf-8
      date: Tue, 31 Aug 2021 23:52:18 GMT
      expires: '-1'
      pragma: no-cache
      strict-transport-security: max-age=31536000;includeSubDomains
      x-content-type-options: nosniff
      x-ms-keyvault-network-info: conn_type=Ipv4;addr=76.28.157.20;act_addr_fam=InterNetwork;
      x-ms-keyvault-region: westus2
      x-ms-keyvault-service-version: 1.9.79.1
      x-powered-by: ASP.NET
    status:
      code: 200
      message: OK
    url: https://yallkvtests.vault.azure.net/secrets/livekvtestsecret58f6216b6?api-version=7.3-preview
- request:
    body: '{"value": "value6"}'
    headers:
      Accept:
      - application/json
      Content-Length:
      - '19'
      Content-Type:
      - application/json
      User-Agent:
      - azsdk-python-keyvault-secrets/4.4.0b1 Python/3.6.8 (Windows-10-10.0.19041-SP0)
    method: PUT
    uri: https://vaultname.vault.azure.net/secrets/livekvtestsecret68f6216b6?api-version=7.3-preview
  response:
    body:
      string: '{"value":"value6","id":"https://vaultname.vault.azure.net/secrets/livekvtestsecret68f6216b6/7a01ca4926d948ee9103937bebe95558","attributes":{"enabled":true,"created":1630453938,"updated":1630453938,"recoveryLevel":"Recoverable+Purgeable","recoverableDays":90}}'
    headers:
      cache-control: no-cache
      content-length: '261'
      content-type: application/json; charset=utf-8
      date: Tue, 31 Aug 2021 23:52:18 GMT
      expires: '-1'
      pragma: no-cache
      strict-transport-security: max-age=31536000;includeSubDomains
      x-content-type-options: nosniff
      x-ms-keyvault-network-info: conn_type=Ipv4;addr=76.28.157.20;act_addr_fam=InterNetwork;
      x-ms-keyvault-region: westus2
      x-ms-keyvault-service-version: 1.9.79.1
      x-powered-by: ASP.NET
    status:
      code: 200
      message: OK
    url: https://yallkvtests.vault.azure.net/secrets/livekvtestsecret68f6216b6?api-version=7.3-preview
- request:
    body: null
    headers:
      Accept:
      - application/json
      User-Agent:
      - azsdk-python-keyvault-secrets/4.4.0b1 Python/3.6.8 (Windows-10-10.0.19041-SP0)
    method: DELETE
    uri: https://vaultname.vault.azure.net/secrets/livekvtestsecret08f6216b6?api-version=7.3-preview
  response:
    body:
      string: '{"recoveryId":"https://vaultname.vault.azure.net/deletedsecrets/livekvtestsecret08f6216b6","deletedDate":1630453939,"scheduledPurgeDate":1638229939,"id":"https://vaultname.vault.azure.net/secrets/livekvtestsecret08f6216b6/9965496b43da4c88880007cb144b0038","attributes":{"enabled":true,"created":1630453938,"updated":1630453938,"recoveryLevel":"Recoverable+Purgeable","recoverableDays":90}}'
    headers:
      cache-control: no-cache
      content-length: '393'
      content-type: application/json; charset=utf-8
      date: Tue, 31 Aug 2021 23:52:18 GMT
      expires: '-1'
      pragma: no-cache
      strict-transport-security: max-age=31536000;includeSubDomains
      x-content-type-options: nosniff
      x-ms-keyvault-network-info: conn_type=Ipv4;addr=76.28.157.20;act_addr_fam=InterNetwork;
      x-ms-keyvault-region: westus2
      x-ms-keyvault-service-version: 1.9.79.1
      x-powered-by: ASP.NET
    status:
      code: 200
      message: OK
    url: https://yallkvtests.vault.azure.net/secrets/livekvtestsecret08f6216b6?api-version=7.3-preview
- request:
    body: null
    headers:
      Accept:
      - application/json
      User-Agent:
      - azsdk-python-keyvault-secrets/4.4.0b1 Python/3.6.8 (Windows-10-10.0.19041-SP0)
    method: GET
    uri: https://vaultname.vault.azure.net/deletedsecrets/livekvtestsecret08f6216b6?api-version=7.3-preview
  response:
    body:
      string: '{"error":{"code":"SecretNotFound","message":"Deleted Secret not found:
        livekvtestsecret08f6216b6"}}'
    headers:
      cache-control: no-cache
      content-length: '99'
      content-type: application/json; charset=utf-8
      date: Tue, 31 Aug 2021 23:52:18 GMT
      expires: '-1'
      pragma: no-cache
      strict-transport-security: max-age=31536000;includeSubDomains
      x-content-type-options: nosniff
      x-ms-keyvault-network-info: conn_type=Ipv4;addr=76.28.157.20;act_addr_fam=InterNetwork;
      x-ms-keyvault-region: westus2
      x-ms-keyvault-service-version: 1.9.79.1
      x-powered-by: ASP.NET
    status:
      code: 404
      message: Not Found
    url: https://yallkvtests.vault.azure.net/deletedsecrets/livekvtestsecret08f6216b6?api-version=7.3-preview
- request:
    body: null
    headers:
      Accept:
      - application/json
      User-Agent:
      - azsdk-python-keyvault-secrets/4.4.0b1 Python/3.6.8 (Windows-10-10.0.19041-SP0)
    method: GET
    uri: https://vaultname.vault.azure.net/deletedsecrets/livekvtestsecret08f6216b6?api-version=7.3-preview
  response:
    body:
      string: '{"recoveryId":"https://vaultname.vault.azure.net/deletedsecrets/livekvtestsecret08f6216b6","deletedDate":1630453939,"scheduledPurgeDate":1638229939,"id":"https://vaultname.vault.azure.net/secrets/livekvtestsecret08f6216b6/9965496b43da4c88880007cb144b0038","attributes":{"enabled":true,"created":1630453938,"updated":1630453938,"recoveryLevel":"Recoverable+Purgeable","recoverableDays":90}}'
    headers:
      cache-control: no-cache
      content-length: '393'
      content-type: application/json; charset=utf-8
      date: Tue, 31 Aug 2021 23:52:20 GMT
      expires: '-1'
      pragma: no-cache
      strict-transport-security: max-age=31536000;includeSubDomains
      x-content-type-options: nosniff
      x-ms-keyvault-network-info: conn_type=Ipv4;addr=76.28.157.20;act_addr_fam=InterNetwork;
      x-ms-keyvault-region: westus2
      x-ms-keyvault-service-version: 1.9.79.1
      x-powered-by: ASP.NET
    status:
      code: 200
      message: OK
    url: https://yallkvtests.vault.azure.net/deletedsecrets/livekvtestsecret08f6216b6?api-version=7.3-preview
- request:
    body: null
    headers:
      Accept:
      - application/json
      User-Agent:
      - azsdk-python-keyvault-secrets/4.4.0b1 Python/3.6.8 (Windows-10-10.0.19041-SP0)
    method: DELETE
    uri: https://vaultname.vault.azure.net/secrets/livekvtestsecret18f6216b6?api-version=7.3-preview
  response:
    body:
      string: '{"recoveryId":"https://vaultname.vault.azure.net/deletedsecrets/livekvtestsecret18f6216b6","deletedDate":1630453941,"scheduledPurgeDate":1638229941,"id":"https://vaultname.vault.azure.net/secrets/livekvtestsecret18f6216b6/2167754706ee458f9228d199bf11191d","attributes":{"enabled":true,"created":1630453938,"updated":1630453938,"recoveryLevel":"Recoverable+Purgeable","recoverableDays":90}}'
    headers:
      cache-control: no-cache
      content-length: '393'
      content-type: application/json; charset=utf-8
      date: Tue, 31 Aug 2021 23:52:20 GMT
      expires: '-1'
      pragma: no-cache
      strict-transport-security: max-age=31536000;includeSubDomains
      x-content-type-options: nosniff
      x-ms-keyvault-network-info: conn_type=Ipv4;addr=76.28.157.20;act_addr_fam=InterNetwork;
      x-ms-keyvault-region: westus2
      x-ms-keyvault-service-version: 1.9.79.1
      x-powered-by: ASP.NET
    status:
      code: 200
      message: OK
    url: https://yallkvtests.vault.azure.net/secrets/livekvtestsecret18f6216b6?api-version=7.3-preview
- request:
    body: null
    headers:
      Accept:
      - application/json
      User-Agent:
      - azsdk-python-keyvault-secrets/4.4.0b1 Python/3.6.8 (Windows-10-10.0.19041-SP0)
    method: GET
    uri: https://vaultname.vault.azure.net/deletedsecrets/livekvtestsecret18f6216b6?api-version=7.3-preview
  response:
    body:
      string: '{"error":{"code":"SecretNotFound","message":"Deleted Secret not found:
        livekvtestsecret18f6216b6"}}'
    headers:
      cache-control: no-cache
      content-length: '99'
      content-type: application/json; charset=utf-8
      date: Tue, 31 Aug 2021 23:52:20 GMT
      expires: '-1'
      pragma: no-cache
      strict-transport-security: max-age=31536000;includeSubDomains
      x-content-type-options: nosniff
      x-ms-keyvault-network-info: conn_type=Ipv4;addr=76.28.157.20;act_addr_fam=InterNetwork;
      x-ms-keyvault-region: westus2
      x-ms-keyvault-service-version: 1.9.79.1
      x-powered-by: ASP.NET
    status:
      code: 404
      message: Not Found
    url: https://yallkvtests.vault.azure.net/deletedsecrets/livekvtestsecret18f6216b6?api-version=7.3-preview
- request:
    body: null
    headers:
      Accept:
      - application/json
      User-Agent:
      - azsdk-python-keyvault-secrets/4.4.0b1 Python/3.6.8 (Windows-10-10.0.19041-SP0)
    method: GET
    uri: https://vaultname.vault.azure.net/deletedsecrets/livekvtestsecret18f6216b6?api-version=7.3-preview
  response:
    body:
      string: '{"recoveryId":"https://vaultname.vault.azure.net/deletedsecrets/livekvtestsecret18f6216b6","deletedDate":1630453941,"scheduledPurgeDate":1638229941,"id":"https://vaultname.vault.azure.net/secrets/livekvtestsecret18f6216b6/2167754706ee458f9228d199bf11191d","attributes":{"enabled":true,"created":1630453938,"updated":1630453938,"recoveryLevel":"Recoverable+Purgeable","recoverableDays":90}}'
    headers:
      cache-control: no-cache
      content-length: '393'
      content-type: application/json; charset=utf-8
      date: Tue, 31 Aug 2021 23:52:22 GMT
      expires: '-1'
      pragma: no-cache
      strict-transport-security: max-age=31536000;includeSubDomains
      x-content-type-options: nosniff
      x-ms-keyvault-network-info: conn_type=Ipv4;addr=76.28.157.20;act_addr_fam=InterNetwork;
      x-ms-keyvault-region: westus2
      x-ms-keyvault-service-version: 1.9.79.1
      x-powered-by: ASP.NET
    status:
      code: 200
      message: OK
    url: https://yallkvtests.vault.azure.net/deletedsecrets/livekvtestsecret18f6216b6?api-version=7.3-preview
- request:
    body: null
    headers:
      Accept:
      - application/json
      User-Agent:
      - azsdk-python-keyvault-secrets/4.4.0b1 Python/3.6.8 (Windows-10-10.0.19041-SP0)
    method: DELETE
    uri: https://vaultname.vault.azure.net/secrets/livekvtestsecret28f6216b6?api-version=7.3-preview
  response:
    body:
      string: '{"recoveryId":"https://vaultname.vault.azure.net/deletedsecrets/livekvtestsecret28f6216b6","deletedDate":1630453943,"scheduledPurgeDate":1638229943,"id":"https://vaultname.vault.azure.net/secrets/livekvtestsecret28f6216b6/0e3ca2a167ea418b92c8e495ea0ae15e","attributes":{"enabled":true,"created":1630453938,"updated":1630453938,"recoveryLevel":"Recoverable+Purgeable","recoverableDays":90}}'
    headers:
      cache-control: no-cache
      content-length: '393'
      content-type: application/json; charset=utf-8
      date: Tue, 31 Aug 2021 23:52:22 GMT
      expires: '-1'
      pragma: no-cache
      strict-transport-security: max-age=31536000;includeSubDomains
      x-content-type-options: nosniff
      x-ms-keyvault-network-info: conn_type=Ipv4;addr=76.28.157.20;act_addr_fam=InterNetwork;
      x-ms-keyvault-region: westus2
      x-ms-keyvault-service-version: 1.9.79.1
      x-powered-by: ASP.NET
    status:
      code: 200
      message: OK
    url: https://yallkvtests.vault.azure.net/secrets/livekvtestsecret28f6216b6?api-version=7.3-preview
- request:
    body: null
    headers:
      Accept:
      - application/json
      User-Agent:
      - azsdk-python-keyvault-secrets/4.4.0b1 Python/3.6.8 (Windows-10-10.0.19041-SP0)
    method: GET
    uri: https://vaultname.vault.azure.net/deletedsecrets/livekvtestsecret28f6216b6?api-version=7.3-preview
  response:
    body:
      string: '{"error":{"code":"SecretNotFound","message":"Deleted Secret not found:
        livekvtestsecret28f6216b6"}}'
    headers:
      cache-control: no-cache
      content-length: '99'
      content-type: application/json; charset=utf-8
      date: Tue, 31 Aug 2021 23:52:22 GMT
      expires: '-1'
      pragma: no-cache
      strict-transport-security: max-age=31536000;includeSubDomains
      x-content-type-options: nosniff
      x-ms-keyvault-network-info: conn_type=Ipv4;addr=76.28.157.20;act_addr_fam=InterNetwork;
      x-ms-keyvault-region: westus2
      x-ms-keyvault-service-version: 1.9.79.1
      x-powered-by: ASP.NET
    status:
      code: 404
      message: Not Found
    url: https://yallkvtests.vault.azure.net/deletedsecrets/livekvtestsecret28f6216b6?api-version=7.3-preview
- request:
    body: null
    headers:
      Accept:
      - application/json
      User-Agent:
      - azsdk-python-keyvault-secrets/4.4.0b1 Python/3.6.8 (Windows-10-10.0.19041-SP0)
    method: GET
    uri: https://vaultname.vault.azure.net/deletedsecrets/livekvtestsecret28f6216b6?api-version=7.3-preview
  response:
    body:
      string: '{"recoveryId":"https://vaultname.vault.azure.net/deletedsecrets/livekvtestsecret28f6216b6","deletedDate":1630453943,"scheduledPurgeDate":1638229943,"id":"https://vaultname.vault.azure.net/secrets/livekvtestsecret28f6216b6/0e3ca2a167ea418b92c8e495ea0ae15e","attributes":{"enabled":true,"created":1630453938,"updated":1630453938,"recoveryLevel":"Recoverable+Purgeable","recoverableDays":90}}'
    headers:
      cache-control: no-cache
      content-length: '393'
      content-type: application/json; charset=utf-8
      date: Tue, 31 Aug 2021 23:52:24 GMT
      expires: '-1'
      pragma: no-cache
      strict-transport-security: max-age=31536000;includeSubDomains
      x-content-type-options: nosniff
      x-ms-keyvault-network-info: conn_type=Ipv4;addr=76.28.157.20;act_addr_fam=InterNetwork;
      x-ms-keyvault-region: westus2
      x-ms-keyvault-service-version: 1.9.79.1
      x-powered-by: ASP.NET
    status:
      code: 200
      message: OK
    url: https://yallkvtests.vault.azure.net/deletedsecrets/livekvtestsecret28f6216b6?api-version=7.3-preview
- request:
    body: null
    headers:
      Accept:
      - application/json
      User-Agent:
      - azsdk-python-keyvault-secrets/4.4.0b1 Python/3.6.8 (Windows-10-10.0.19041-SP0)
    method: DELETE
    uri: https://vaultname.vault.azure.net/secrets/livekvtestsecret38f6216b6?api-version=7.3-preview
  response:
    body:
      string: '{"recoveryId":"https://vaultname.vault.azure.net/deletedsecrets/livekvtestsecret38f6216b6","deletedDate":1630453945,"scheduledPurgeDate":1638229945,"id":"https://vaultname.vault.azure.net/secrets/livekvtestsecret38f6216b6/43e52480121b4deea0ec2ddd264846f5","attributes":{"enabled":true,"created":1630453938,"updated":1630453938,"recoveryLevel":"Recoverable+Purgeable","recoverableDays":90}}'
    headers:
      cache-control: no-cache
      content-length: '393'
      content-type: application/json; charset=utf-8
      date: Tue, 31 Aug 2021 23:52:24 GMT
      expires: '-1'
      pragma: no-cache
      strict-transport-security: max-age=31536000;includeSubDomains
      x-content-type-options: nosniff
      x-ms-keyvault-network-info: conn_type=Ipv4;addr=76.28.157.20;act_addr_fam=InterNetwork;
      x-ms-keyvault-region: westus2
      x-ms-keyvault-service-version: 1.9.79.1
      x-powered-by: ASP.NET
    status:
      code: 200
      message: OK
    url: https://yallkvtests.vault.azure.net/secrets/livekvtestsecret38f6216b6?api-version=7.3-preview
- request:
    body: null
    headers:
      Accept:
      - application/json
      User-Agent:
      - azsdk-python-keyvault-secrets/4.4.0b1 Python/3.6.8 (Windows-10-10.0.19041-SP0)
    method: GET
    uri: https://vaultname.vault.azure.net/deletedsecrets/livekvtestsecret38f6216b6?api-version=7.3-preview
  response:
    body:
      string: '{"error":{"code":"SecretNotFound","message":"Deleted Secret not found:
        livekvtestsecret38f6216b6"}}'
    headers:
      cache-control: no-cache
      content-length: '99'
      content-type: application/json; charset=utf-8
      date: Tue, 31 Aug 2021 23:52:25 GMT
      expires: '-1'
      pragma: no-cache
      strict-transport-security: max-age=31536000;includeSubDomains
      x-content-type-options: nosniff
      x-ms-keyvault-network-info: conn_type=Ipv4;addr=76.28.157.20;act_addr_fam=InterNetwork;
      x-ms-keyvault-region: westus2
      x-ms-keyvault-service-version: 1.9.79.1
      x-powered-by: ASP.NET
    status:
      code: 404
      message: Not Found
    url: https://yallkvtests.vault.azure.net/deletedsecrets/livekvtestsecret38f6216b6?api-version=7.3-preview
- request:
    body: null
    headers:
      Accept:
      - application/json
      User-Agent:
      - azsdk-python-keyvault-secrets/4.4.0b1 Python/3.6.8 (Windows-10-10.0.19041-SP0)
    method: GET
    uri: https://vaultname.vault.azure.net/deletedsecrets/livekvtestsecret38f6216b6?api-version=7.3-preview
  response:
    body:
      string: '{"recoveryId":"https://vaultname.vault.azure.net/deletedsecrets/livekvtestsecret38f6216b6","deletedDate":1630453945,"scheduledPurgeDate":1638229945,"id":"https://vaultname.vault.azure.net/secrets/livekvtestsecret38f6216b6/43e52480121b4deea0ec2ddd264846f5","attributes":{"enabled":true,"created":1630453938,"updated":1630453938,"recoveryLevel":"Recoverable+Purgeable","recoverableDays":90}}'
    headers:
      cache-control: no-cache
      content-length: '393'
      content-type: application/json; charset=utf-8
      date: Tue, 31 Aug 2021 23:52:27 GMT
      expires: '-1'
      pragma: no-cache
      strict-transport-security: max-age=31536000;includeSubDomains
      x-content-type-options: nosniff
      x-ms-keyvault-network-info: conn_type=Ipv4;addr=76.28.157.20;act_addr_fam=InterNetwork;
      x-ms-keyvault-region: westus2
      x-ms-keyvault-service-version: 1.9.79.1
      x-powered-by: ASP.NET
    status:
      code: 200
      message: OK
    url: https://yallkvtests.vault.azure.net/deletedsecrets/livekvtestsecret38f6216b6?api-version=7.3-preview
- request:
    body: null
    headers:
      Accept:
      - application/json
      User-Agent:
      - azsdk-python-keyvault-secrets/4.4.0b1 Python/3.6.8 (Windows-10-10.0.19041-SP0)
    method: DELETE
    uri: https://vaultname.vault.azure.net/secrets/livekvtestsecret48f6216b6?api-version=7.3-preview
  response:
    body:
      string: '{"recoveryId":"https://vaultname.vault.azure.net/deletedsecrets/livekvtestsecret48f6216b6","deletedDate":1630453948,"scheduledPurgeDate":1638229948,"id":"https://vaultname.vault.azure.net/secrets/livekvtestsecret48f6216b6/9cfcc43515f74724ba0d2dc53a45925d","attributes":{"enabled":true,"created":1630453938,"updated":1630453938,"recoveryLevel":"Recoverable+Purgeable","recoverableDays":90}}'
    headers:
      cache-control: no-cache
      content-length: '393'
      content-type: application/json; charset=utf-8
      date: Tue, 31 Aug 2021 23:52:27 GMT
      expires: '-1'
      pragma: no-cache
      strict-transport-security: max-age=31536000;includeSubDomains
      x-content-type-options: nosniff
      x-ms-keyvault-network-info: conn_type=Ipv4;addr=76.28.157.20;act_addr_fam=InterNetwork;
      x-ms-keyvault-region: westus2
      x-ms-keyvault-service-version: 1.9.79.1
      x-powered-by: ASP.NET
    status:
      code: 200
      message: OK
    url: https://yallkvtests.vault.azure.net/secrets/livekvtestsecret48f6216b6?api-version=7.3-preview
- request:
    body: null
    headers:
      Accept:
      - application/json
      User-Agent:
      - azsdk-python-keyvault-secrets/4.4.0b1 Python/3.6.8 (Windows-10-10.0.19041-SP0)
    method: GET
    uri: https://vaultname.vault.azure.net/deletedsecrets/livekvtestsecret48f6216b6?api-version=7.3-preview
  response:
    body:
      string: '{"error":{"code":"SecretNotFound","message":"Deleted Secret not found:
        livekvtestsecret48f6216b6"}}'
    headers:
      cache-control: no-cache
      content-length: '99'
      content-type: application/json; charset=utf-8
      date: Tue, 31 Aug 2021 23:52:27 GMT
      expires: '-1'
      pragma: no-cache
      strict-transport-security: max-age=31536000;includeSubDomains
      x-content-type-options: nosniff
      x-ms-keyvault-network-info: conn_type=Ipv4;addr=76.28.157.20;act_addr_fam=InterNetwork;
      x-ms-keyvault-region: westus2
      x-ms-keyvault-service-version: 1.9.79.1
      x-powered-by: ASP.NET
    status:
      code: 404
      message: Not Found
    url: https://yallkvtests.vault.azure.net/deletedsecrets/livekvtestsecret48f6216b6?api-version=7.3-preview
- request:
    body: null
    headers:
      Accept:
      - application/json
      User-Agent:
      - azsdk-python-keyvault-secrets/4.4.0b1 Python/3.6.8 (Windows-10-10.0.19041-SP0)
    method: GET
    uri: https://vaultname.vault.azure.net/deletedsecrets/livekvtestsecret48f6216b6?api-version=7.3-preview
  response:
    body:
      string: '{"recoveryId":"https://vaultname.vault.azure.net/deletedsecrets/livekvtestsecret48f6216b6","deletedDate":1630453948,"scheduledPurgeDate":1638229948,"id":"https://vaultname.vault.azure.net/secrets/livekvtestsecret48f6216b6/9cfcc43515f74724ba0d2dc53a45925d","attributes":{"enabled":true,"created":1630453938,"updated":1630453938,"recoveryLevel":"Recoverable+Purgeable","recoverableDays":90}}'
    headers:
      cache-control: no-cache
      content-length: '393'
      content-type: application/json; charset=utf-8
      date: Tue, 31 Aug 2021 23:52:30 GMT
      expires: '-1'
      pragma: no-cache
      strict-transport-security: max-age=31536000;includeSubDomains
      x-content-type-options: nosniff
      x-ms-keyvault-network-info: conn_type=Ipv4;addr=76.28.157.20;act_addr_fam=InterNetwork;
      x-ms-keyvault-region: westus2
      x-ms-keyvault-service-version: 1.9.79.1
      x-powered-by: ASP.NET
    status:
      code: 200
      message: OK
    url: https://yallkvtests.vault.azure.net/deletedsecrets/livekvtestsecret48f6216b6?api-version=7.3-preview
- request:
    body: null
    headers:
      Accept:
      - application/json
      User-Agent:
      - azsdk-python-keyvault-secrets/4.4.0b1 Python/3.6.8 (Windows-10-10.0.19041-SP0)
    method: DELETE
    uri: https://vaultname.vault.azure.net/secrets/livekvtestsecret58f6216b6?api-version=7.3-preview
  response:
    body:
      string: '{"recoveryId":"https://vaultname.vault.azure.net/deletedsecrets/livekvtestsecret58f6216b6","deletedDate":1630453950,"scheduledPurgeDate":1638229950,"id":"https://vaultname.vault.azure.net/secrets/livekvtestsecret58f6216b6/e513885592644a979b8d60d0ce1dc730","attributes":{"enabled":true,"created":1630453938,"updated":1630453938,"recoveryLevel":"Recoverable+Purgeable","recoverableDays":90}}'
    headers:
      cache-control: no-cache
      content-length: '393'
      content-type: application/json; charset=utf-8
      date: Tue, 31 Aug 2021 23:52:30 GMT
      expires: '-1'
      pragma: no-cache
      strict-transport-security: max-age=31536000;includeSubDomains
      x-content-type-options: nosniff
      x-ms-keyvault-network-info: conn_type=Ipv4;addr=76.28.157.20;act_addr_fam=InterNetwork;
      x-ms-keyvault-region: westus2
      x-ms-keyvault-service-version: 1.9.79.1
      x-powered-by: ASP.NET
    status:
      code: 200
      message: OK
    url: https://yallkvtests.vault.azure.net/secrets/livekvtestsecret58f6216b6?api-version=7.3-preview
- request:
    body: null
    headers:
      Accept:
      - application/json
      User-Agent:
      - azsdk-python-keyvault-secrets/4.4.0b1 Python/3.6.8 (Windows-10-10.0.19041-SP0)
    method: GET
    uri: https://vaultname.vault.azure.net/deletedsecrets/livekvtestsecret58f6216b6?api-version=7.3-preview
  response:
    body:
      string: '{"error":{"code":"SecretNotFound","message":"Deleted Secret not found:
        livekvtestsecret58f6216b6"}}'
    headers:
      cache-control: no-cache
      content-length: '99'
      content-type: application/json; charset=utf-8
      date: Tue, 31 Aug 2021 23:52:30 GMT
      expires: '-1'
      pragma: no-cache
      strict-transport-security: max-age=31536000;includeSubDomains
      x-content-type-options: nosniff
      x-ms-keyvault-network-info: conn_type=Ipv4;addr=76.28.157.20;act_addr_fam=InterNetwork;
      x-ms-keyvault-region: westus2
      x-ms-keyvault-service-version: 1.9.79.1
      x-powered-by: ASP.NET
    status:
      code: 404
      message: Not Found
    url: https://yallkvtests.vault.azure.net/deletedsecrets/livekvtestsecret58f6216b6?api-version=7.3-preview
- request:
    body: null
    headers:
      Accept:
      - application/json
      User-Agent:
      - azsdk-python-keyvault-secrets/4.4.0b1 Python/3.6.8 (Windows-10-10.0.19041-SP0)
    method: GET
    uri: https://vaultname.vault.azure.net/deletedsecrets/livekvtestsecret58f6216b6?api-version=7.3-preview
  response:
    body:
      string: '{"recoveryId":"https://vaultname.vault.azure.net/deletedsecrets/livekvtestsecret58f6216b6","deletedDate":1630453950,"scheduledPurgeDate":1638229950,"id":"https://vaultname.vault.azure.net/secrets/livekvtestsecret58f6216b6/e513885592644a979b8d60d0ce1dc730","attributes":{"enabled":true,"created":1630453938,"updated":1630453938,"recoveryLevel":"Recoverable+Purgeable","recoverableDays":90}}'
    headers:
      cache-control: no-cache
      content-length: '393'
      content-type: application/json; charset=utf-8
      date: Tue, 31 Aug 2021 23:52:32 GMT
      expires: '-1'
      pragma: no-cache
      strict-transport-security: max-age=31536000;includeSubDomains
      x-content-type-options: nosniff
      x-ms-keyvault-network-info: conn_type=Ipv4;addr=76.28.157.20;act_addr_fam=InterNetwork;
      x-ms-keyvault-region: westus2
      x-ms-keyvault-service-version: 1.9.79.1
      x-powered-by: ASP.NET
    status:
      code: 200
      message: OK
    url: https://yallkvtests.vault.azure.net/deletedsecrets/livekvtestsecret58f6216b6?api-version=7.3-preview
- request:
    body: null
    headers:
      Accept:
      - application/json
      User-Agent:
      - azsdk-python-keyvault-secrets/4.4.0b1 Python/3.6.8 (Windows-10-10.0.19041-SP0)
    method: DELETE
    uri: https://vaultname.vault.azure.net/secrets/livekvtestsecret68f6216b6?api-version=7.3-preview
  response:
    body:
      string: '{"recoveryId":"https://vaultname.vault.azure.net/deletedsecrets/livekvtestsecret68f6216b6","deletedDate":1630453952,"scheduledPurgeDate":1638229952,"id":"https://vaultname.vault.azure.net/secrets/livekvtestsecret68f6216b6/7a01ca4926d948ee9103937bebe95558","attributes":{"enabled":true,"created":1630453938,"updated":1630453938,"recoveryLevel":"Recoverable+Purgeable","recoverableDays":90}}'
    headers:
      cache-control: no-cache
      content-length: '393'
      content-type: application/json; charset=utf-8
      date: Tue, 31 Aug 2021 23:52:32 GMT
      expires: '-1'
      pragma: no-cache
      strict-transport-security: max-age=31536000;includeSubDomains
      x-content-type-options: nosniff
      x-ms-keyvault-network-info: conn_type=Ipv4;addr=76.28.157.20;act_addr_fam=InterNetwork;
      x-ms-keyvault-region: westus2
      x-ms-keyvault-service-version: 1.9.79.1
      x-powered-by: ASP.NET
    status:
      code: 200
      message: OK
    url: https://yallkvtests.vault.azure.net/secrets/livekvtestsecret68f6216b6?api-version=7.3-preview
- request:
    body: null
    headers:
      Accept:
      - application/json
      User-Agent:
      - azsdk-python-keyvault-secrets/4.4.0b1 Python/3.6.8 (Windows-10-10.0.19041-SP0)
    method: GET
    uri: https://vaultname.vault.azure.net/deletedsecrets/livekvtestsecret68f6216b6?api-version=7.3-preview
  response:
    body:
      string: '{"error":{"code":"SecretNotFound","message":"Deleted Secret not found:
        livekvtestsecret68f6216b6"}}'
    headers:
      cache-control: no-cache
      content-length: '99'
      content-type: application/json; charset=utf-8
      date: Tue, 31 Aug 2021 23:52:32 GMT
      expires: '-1'
      pragma: no-cache
      strict-transport-security: max-age=31536000;includeSubDomains
      x-content-type-options: nosniff
      x-ms-keyvault-network-info: conn_type=Ipv4;addr=76.28.157.20;act_addr_fam=InterNetwork;
      x-ms-keyvault-region: westus2
      x-ms-keyvault-service-version: 1.9.79.1
      x-powered-by: ASP.NET
    status:
      code: 404
      message: Not Found
    url: https://yallkvtests.vault.azure.net/deletedsecrets/livekvtestsecret68f6216b6?api-version=7.3-preview
- request:
    body: null
    headers:
      Accept:
      - application/json
      User-Agent:
      - azsdk-python-keyvault-secrets/4.4.0b1 Python/3.6.8 (Windows-10-10.0.19041-SP0)
    method: GET
    uri: https://vaultname.vault.azure.net/deletedsecrets/livekvtestsecret68f6216b6?api-version=7.3-preview
  response:
    body:
      string: '{"recoveryId":"https://vaultname.vault.azure.net/deletedsecrets/livekvtestsecret68f6216b6","deletedDate":1630453952,"scheduledPurgeDate":1638229952,"id":"https://vaultname.vault.azure.net/secrets/livekvtestsecret68f6216b6/7a01ca4926d948ee9103937bebe95558","attributes":{"enabled":true,"created":1630453938,"updated":1630453938,"recoveryLevel":"Recoverable+Purgeable","recoverableDays":90}}'
    headers:
      cache-control: no-cache
      content-length: '393'
      content-type: application/json; charset=utf-8
      date: Tue, 31 Aug 2021 23:52:34 GMT
      expires: '-1'
      pragma: no-cache
      strict-transport-security: max-age=31536000;includeSubDomains
      x-content-type-options: nosniff
      x-ms-keyvault-network-info: conn_type=Ipv4;addr=76.28.157.20;act_addr_fam=InterNetwork;
      x-ms-keyvault-region: westus2
      x-ms-keyvault-service-version: 1.9.79.1
      x-powered-by: ASP.NET
    status:
      code: 200
      message: OK
    url: https://yallkvtests.vault.azure.net/deletedsecrets/livekvtestsecret68f6216b6?api-version=7.3-preview
- request:
    body: null
    headers:
      Accept:
      - application/json
      User-Agent:
      - azsdk-python-keyvault-secrets/4.4.0b1 Python/3.6.8 (Windows-10-10.0.19041-SP0)
    method: GET
    uri: https://vaultname.vault.azure.net/deletedsecrets?api-version=7.3-preview
  response:
    body:
      string: '{"value":[{"recoveryId":"https://vaultname.vault.azure.net/deletedsecrets/livekvtestsecret-name7a001e41","deletedDate":1630453858,"scheduledPurgeDate":1638229858,"contentType":"text/plain","id":"https://vaultname.vault.azure.net/secrets/livekvtestsecret-name7a001e41","attributes":{"enabled":true,"exp":2527401600,"created":1630453858,"updated":1630453858,"recoveryLevel":"Recoverable+Purgeable","recoverableDays":90},"tags":{"foo":"updated
        tag"}},{"recoveryId":"https://vaultname.vault.azure.net/deletedsecrets/livekvtestsecret-namec75e1bc4","deletedDate":1630453783,"scheduledPurgeDate":1638229783,"contentType":"text/plain","id":"https://vaultname.vault.azure.net/secrets/livekvtestsecret-namec75e1bc4","attributes":{"enabled":true,"exp":2527401600,"created":1630453783,"updated":1630453783,"recoveryLevel":"Recoverable+Purgeable","recoverableDays":90},"tags":{"foo":"updated
        tag"}},{"recoveryId":"https://vaultname.vault.azure.net/deletedsecrets/livekvtestsecret08f6216b6","deletedDate":1630453939,"scheduledPurgeDate":1638229939,"id":"https://vaultname.vault.azure.net/secrets/livekvtestsecret08f6216b6","attributes":{"enabled":true,"created":1630453938,"updated":1630453938,"recoveryLevel":"Recoverable+Purgeable","recoverableDays":90}},{"recoveryId":"https://vaultname.vault.azure.net/deletedsecrets/livekvtestsecret18f6216b6","deletedDate":1630453941,"scheduledPurgeDate":1638229941,"id":"https://vaultname.vault.azure.net/secrets/livekvtestsecret18f6216b6","attributes":{"enabled":true,"created":1630453938,"updated":1630453938,"recoveryLevel":"Recoverable+Purgeable","recoverableDays":90}}],"nextLink":"https://vaultname.vault.azure.net:443/deletedsecrets?api-version=7.3-preview&$skiptoken=eyJOZXh0TWFya2VyIjoiMiExNDghTURBd01EWTFJWE5sWTNKbGRDOU1TVlpGUzFaVVJWTlVVMFZEVWtWVU1VTTRRalV4UWtReUx6Y3lNMEZHTURreE16TkZRVFF3TVRZNU1VRTFORUl3TWpsQk5EVkZPRVZESVRBd01EQXlPQ0U1T1RrNUxURXlMVE14VkRJek9qVTVPalU1TGprNU9UazVPVGxhSVEtLSIsIlRhcmdldExvY2F0aW9uIjowfQ"}'
    headers:
      cache-control: no-cache
      content-length: '1975'
      content-type: application/json; charset=utf-8
      date: Tue, 31 Aug 2021 23:52:34 GMT
      expires: '-1'
      pragma: no-cache
      strict-transport-security: max-age=31536000;includeSubDomains
      x-content-type-options: nosniff
      x-ms-keyvault-network-info: conn_type=Ipv4;addr=76.28.157.20;act_addr_fam=InterNetwork;
      x-ms-keyvault-region: westus2
      x-ms-keyvault-service-version: 1.9.79.1
      x-powered-by: ASP.NET
    status:
      code: 200
      message: OK
    url: https://yallkvtests.vault.azure.net/deletedsecrets?api-version=7.3-preview
- request:
    body: null
    headers:
      Accept:
      - application/json
      User-Agent:
      - azsdk-python-keyvault-secrets/4.4.0b1 Python/3.6.8 (Windows-10-10.0.19041-SP0)
    method: GET
    uri: https://vaultname.vault.azure.net:443/deletedsecrets?api-version=7.3-preview&$skiptoken=eyJOZXh0TWFya2VyIjoiMiExNDghTURBd01EWTFJWE5sWTNKbGRDOU1TVlpGUzFaVVJWTlVVMFZEVWtWVU1VTTRRalV4UWtReUx6Y3lNMEZHTURreE16TkZRVFF3TVRZNU1VRTFORUl3TWpsQk5EVkZPRVZESVRBd01EQXlPQ0U1T1RrNUxURXlMVE14VkRJek9qVTVPalU1TGprNU9UazVPVGxhSVEtLSIsIlRhcmdldExvY2F0aW9uIjowfQ
  response:
    body:
      string: '{"value":[{"recoveryId":"https://vaultname.vault.azure.net/deletedsecrets/livekvtestsecret28f6216b6","deletedDate":1630453943,"scheduledPurgeDate":1638229943,"id":"https://vaultname.vault.azure.net/secrets/livekvtestsecret28f6216b6","attributes":{"enabled":true,"created":1630453938,"updated":1630453938,"recoveryLevel":"Recoverable+Purgeable","recoverableDays":90}},{"recoveryId":"https://vaultname.vault.azure.net/deletedsecrets/livekvtestsecret38f6216b6","deletedDate":1630453945,"scheduledPurgeDate":1638229945,"id":"https://vaultname.vault.azure.net/secrets/livekvtestsecret38f6216b6","attributes":{"enabled":true,"created":1630453938,"updated":1630453938,"recoveryLevel":"Recoverable+Purgeable","recoverableDays":90}},{"recoveryId":"https://vaultname.vault.azure.net/deletedsecrets/livekvtestsecret48f6216b6","deletedDate":1630453948,"scheduledPurgeDate":1638229948,"id":"https://vaultname.vault.azure.net/secrets/livekvtestsecret48f6216b6","attributes":{"enabled":true,"created":1630453938,"updated":1630453938,"recoveryLevel":"Recoverable+Purgeable","recoverableDays":90}},{"recoveryId":"https://vaultname.vault.azure.net/deletedsecrets/livekvtestsecret58f6216b6","deletedDate":1630453950,"scheduledPurgeDate":1638229950,"id":"https://vaultname.vault.azure.net/secrets/livekvtestsecret58f6216b6","attributes":{"enabled":true,"created":1630453938,"updated":1630453938,"recoveryLevel":"Recoverable+Purgeable","recoverableDays":90}}],"nextLink":"https://vaultname.vault.azure.net:443/deletedsecrets?api-version=7.3-preview&$skiptoken=eyJOZXh0TWFya2VyIjoiMiExMDQhTURBd01ETXlJWE5sWTNKbGRDOU1TVlpGUzFaVVJWTlVVMFZEVWtWVU5qZENOVGN4UlRSR0lUQXdNREF5T0NFNU9UazVMVEV5TFRNeFZESXpPalU1T2pVNUxqazVPVGs1T1RsYUlRLS0iLCJUYXJnZXRMb2NhdGlvbiI6MH0"}'
    headers:
      cache-control: no-cache
      content-length: '1754'
      content-type: application/json; charset=utf-8
      date: Tue, 31 Aug 2021 23:52:34 GMT
      expires: '-1'
      pragma: no-cache
      strict-transport-security: max-age=31536000;includeSubDomains
      x-content-type-options: nosniff
      x-ms-keyvault-network-info: conn_type=Ipv4;addr=76.28.157.20;act_addr_fam=InterNetwork;
      x-ms-keyvault-region: westus2
      x-ms-keyvault-service-version: 1.9.79.1
      x-powered-by: ASP.NET
    status:
      code: 200
      message: OK
    url: https://yallkvtests.vault.azure.net:443/deletedsecrets?api-version=7.3-preview&$skiptoken=eyJOZXh0TWFya2VyIjoiMiExNDghTURBd01EWTFJWE5sWTNKbGRDOU1TVlpGUzFaVVJWTlVVMFZEVWtWVU1VTTRRalV4UWtReUx6Y3lNMEZHTURreE16TkZRVFF3TVRZNU1VRTFORUl3TWpsQk5EVkZPRVZESVRBd01EQXlPQ0U1T1RrNUxURXlMVE14VkRJek9qVTVPalU1TGprNU9UazVPVGxhSVEtLSIsIlRhcmdldExvY2F0aW9uIjowfQ
- request:
    body: null
    headers:
      Accept:
      - application/json
      User-Agent:
      - azsdk-python-keyvault-secrets/4.4.0b1 Python/3.6.8 (Windows-10-10.0.19041-SP0)
    method: GET
    uri: https://vaultname.vault.azure.net:443/deletedsecrets?api-version=7.3-preview&$skiptoken=eyJOZXh0TWFya2VyIjoiMiExMDQhTURBd01ETXlJWE5sWTNKbGRDOU1TVlpGUzFaVVJWTlVVMFZEVWtWVU5qZENOVGN4UlRSR0lUQXdNREF5T0NFNU9UazVMVEV5TFRNeFZESXpPalU1T2pVNUxqazVPVGs1T1RsYUlRLS0iLCJUYXJnZXRMb2NhdGlvbiI6MH0
  response:
    body:
      string: '{"value":[{"recoveryId":"https://vaultname.vault.azure.net/deletedsecrets/livekvtestsecret68f6216b6","deletedDate":1630453952,"scheduledPurgeDate":1638229952,"id":"https://vaultname.vault.azure.net/secrets/livekvtestsecret68f6216b6","attributes":{"enabled":true,"created":1630453938,"updated":1630453938,"recoveryLevel":"Recoverable+Purgeable","recoverableDays":90}}],"nextLink":null}'
    headers:
      cache-control: no-cache
      content-length: '388'
      content-type: application/json; charset=utf-8
      date: Tue, 31 Aug 2021 23:52:34 GMT
      expires: '-1'
      pragma: no-cache
      strict-transport-security: max-age=31536000;includeSubDomains
      x-content-type-options: nosniff
      x-ms-keyvault-network-info: conn_type=Ipv4;addr=76.28.157.20;act_addr_fam=InterNetwork;
      x-ms-keyvault-region: westus2
      x-ms-keyvault-service-version: 1.9.79.1
      x-powered-by: ASP.NET
    status:
      code: 200
      message: OK
    url: https://yallkvtests.vault.azure.net:443/deletedsecrets?api-version=7.3-preview&$skiptoken=eyJOZXh0TWFya2VyIjoiMiExMDQhTURBd01ETXlJWE5sWTNKbGRDOU1TVlpGUzFaVVJWTlVVMFZEVWtWVU5qZENOVGN4UlRSR0lUQXdNREF5T0NFNU9UazVMVEV5TFRNeFZESXpPalU1T2pVNUxqazVPVGs1T1RsYUlRLS0iLCJUYXJnZXRMb2NhdGlvbiI6MH0
version: 1
