{
  "Entries": [
    {
      "RequestUri": "https://vaultname.vault.azure.net/secrets/livekvtestsecret-nameb53835f4?api-version=2016-10-01",
      "RequestMethod": "PUT",
      "RequestHeaders": {
        "Accept": "application/json",
        "Accept-Encoding": "gzip, deflate",
        "Content-Length": "0",
        "Content-Type": "application/json",
        "User-Agent": "azsdk-python-keyvault-secrets/4.4.0b4 Python/3.9.9 (Windows-10-10.0.22000-SP0)",
        "x-ms-client-request-id": "645874ed-a63d-11ec-8ea5-a04a5ed0778b"
      },
      "RequestBody": null,
      "StatusCode": 401,
      "ResponseHeaders": {
        "Cache-Control": "no-cache",
        "Content-Length": "97",
        "Content-Type": "application/json; charset=utf-8",
        "Date": "Thu, 17 Mar 2022 21:58:36 GMT",
        "Expires": "-1",
        "Pragma": "no-cache",
        "Strict-Transport-Security": "max-age=31536000;includeSubDomains",
        "WWW-Authenticate": "Bearer authorization=\u0022https://login.windows.net/00000000-0000-0000-0000-000000000000\u0022, resource=\u0022https://vault.azure.net\u0022",
        "X-Content-Type-Options": "nosniff",
        "x-ms-client-request-id": "645874ed-a63d-11ec-8ea5-a04a5ed0778b",
        "x-ms-keyvault-network-info": "conn_type=Ipv4;addr=73.232.137.144;act_addr_fam=InterNetwork;",
        "x-ms-keyvault-region": "westus2",
        "x-ms-keyvault-service-version": "1.9.331.1",
        "x-ms-request-id": "b9aa0b68-18da-4136-a9a3-060fa05a1f7a",
        "X-Powered-By": "ASP.NET"
      },
      "ResponseBody": {
        "error": {
          "code": "Unauthorized",
          "message": "AKV10000: Request is missing a Bearer or PoP token."
        }
      }
    },
    {
      "RequestUri": "https://vaultname.vault.azure.net/secrets/livekvtestsecret-nameb53835f4?api-version=2016-10-01",
      "RequestMethod": "PUT",
      "RequestHeaders": {
        "Accept": "application/json",
        "Accept-Encoding": "gzip, deflate",
        "Authorization": "Sanitized",
        "Content-Length": "25",
        "Content-Type": "application/json",
        "User-Agent": "azsdk-python-keyvault-secrets/4.4.0b4 Python/3.9.9 (Windows-10-10.0.22000-SP0)",
        "x-ms-client-request-id": "645874ed-a63d-11ec-8ea5-a04a5ed0778b"
      },
      "RequestBody": {
        "value": "secret-value"
      },
      "StatusCode": 200,
      "ResponseHeaders": {
        "Cache-Control": "no-cache",
        "Content-Length": "258",
        "Content-Type": "application/json; charset=utf-8",
        "Date": "Thu, 17 Mar 2022 21:58:37 GMT",
        "Expires": "-1",
        "Pragma": "no-cache",
        "Strict-Transport-Security": "max-age=31536000;includeSubDomains",
        "X-Content-Type-Options": "nosniff",
        "x-ms-client-request-id": "645874ed-a63d-11ec-8ea5-a04a5ed0778b",
        "x-ms-keyvault-network-info": "conn_type=Ipv4;addr=73.232.137.144;act_addr_fam=InterNetwork;",
        "x-ms-keyvault-rbac-assignment-id": "21f47f1e-4333-5d4c-8eb5-08e4878a1bef",
        "x-ms-keyvault-rbac-cache": "ra_age=420;da_age=7948;rd_age=7948;brd_age=14379;ra_notif_age=1162;dec_lev=1;",
        "x-ms-keyvault-region": "westus2",
        "x-ms-keyvault-service-version": "1.9.331.1",
        "x-ms-request-id": "340a9716-eedc-4fa1-b76b-508c38eeb380",
        "X-Powered-By": "ASP.NET"
      },
      "ResponseBody": {
        "value": "secret-value",
        "id": "https://vaultname.vault.azure.net/secrets/livekvtestsecret-nameb53835f4/4bcd6f69301c4dee9348ac4dbe886e3f",
        "attributes": {
          "enabled": true,
          "created": 1647554317,
          "updated": 1647554317,
          "recoveryLevel": "CustomizedRecoverable\u002BPurgeable"
        }
      }
    },
    {
      "RequestUri": "https://vaultname.vault.azure.net/secrets/livekvtestsecret-nameb53835f4?api-version=2016-10-01",
      "RequestMethod": "DELETE",
      "RequestHeaders": {
        "Accept": "application/json",
        "Accept-Encoding": "gzip, deflate",
        "Authorization": "Sanitized",
        "Content-Length": "0",
        "User-Agent": "azsdk-python-keyvault-secrets/4.4.0b4 Python/3.9.9 (Windows-10-10.0.22000-SP0)",
        "x-ms-client-request-id": "64a2b201-a63d-11ec-b601-a04a5ed0778b"
      },
      "RequestBody": null,
      "StatusCode": 200,
      "ResponseHeaders": {
        "Cache-Control": "no-cache",
        "Content-Length": "386",
        "Content-Type": "application/json; charset=utf-8",
        "Date": "Thu, 17 Mar 2022 21:58:37 GMT",
        "Expires": "-1",
        "Pragma": "no-cache",
        "Strict-Transport-Security": "max-age=31536000;includeSubDomains",
        "X-Content-Type-Options": "nosniff",
        "x-ms-client-request-id": "64a2b201-a63d-11ec-b601-a04a5ed0778b",
        "x-ms-keyvault-network-info": "conn_type=Ipv4;addr=73.232.137.144;act_addr_fam=InterNetwork;",
        "x-ms-keyvault-rbac-assignment-id": "21f47f1e-4333-5d4c-8eb5-08e4878a1bef",
        "x-ms-keyvault-rbac-cache": "ra_age=420;da_age=7948;rd_age=7948;brd_age=14379;ra_notif_age=1162;dec_lev=1;",
        "x-ms-keyvault-region": "westus2",
        "x-ms-keyvault-service-version": "1.9.331.1",
        "x-ms-request-id": "d43b2c78-b943-4f0a-9a2b-d1db7a025eb2",
        "X-Powered-By": "ASP.NET"
      },
      "ResponseBody": {
        "recoveryId": "https://vaultname.vault.azure.net/deletedsecrets/livekvtestsecret-nameb53835f4",
        "deletedDate": 1647554317,
        "scheduledPurgeDate": 1648159117,
        "id": "https://vaultname.vault.azure.net/secrets/livekvtestsecret-nameb53835f4/4bcd6f69301c4dee9348ac4dbe886e3f",
        "attributes": {
          "enabled": true,
          "created": 1647554317,
          "updated": 1647554317,
          "recoveryLevel": "CustomizedRecoverable\u002BPurgeable"
        }
      }
    },
    {
      "RequestUri": "https://vaultname.vault.azure.net/deletedsecrets/livekvtestsecret-nameb53835f4?api-version=2016-10-01",
      "RequestMethod": "GET",
      "RequestHeaders": {
        "Accept": "application/json",
        "Accept-Encoding": "gzip, deflate",
        "Authorization": "Sanitized",
        "User-Agent": "azsdk-python-keyvault-secrets/4.4.0b4 Python/3.9.9 (Windows-10-10.0.22000-SP0)",
        "x-ms-client-request-id": "64b845a5-a63d-11ec-b56f-a04a5ed0778b"
      },
      "RequestBody": null,
      "StatusCode": 404,
      "ResponseHeaders": {
        "Cache-Control": "no-cache",
        "Content-Length": "103",
        "Content-Type": "application/json; charset=utf-8",
        "Date": "Thu, 17 Mar 2022 21:58:37 GMT",
        "Expires": "-1",
        "Pragma": "no-cache",
        "Strict-Transport-Security": "max-age=31536000;includeSubDomains",
        "X-Content-Type-Options": "nosniff",
        "x-ms-client-request-id": "64b845a5-a63d-11ec-b56f-a04a5ed0778b",
        "x-ms-keyvault-network-info": "conn_type=Ipv4;addr=73.232.137.144;act_addr_fam=InterNetwork;",
        "x-ms-keyvault-rbac-assignment-id": "21f47f1e-4333-5d4c-8eb5-08e4878a1bef",
        "x-ms-keyvault-rbac-cache": "ra_age=420;da_age=7949;rd_age=7949;brd_age=14379;ra_notif_age=1162;dec_lev=1;",
        "x-ms-keyvault-region": "westus2",
        "x-ms-keyvault-service-version": "1.9.331.1",
        "x-ms-request-id": "50ab2b38-a8cf-4238-92b0-fe5e20d9e71d",
        "X-Powered-By": "ASP.NET"
      },
      "ResponseBody": {
        "error": {
          "code": "SecretNotFound",
          "message": "Deleted Secret not found: livekvtestsecret-nameb53835f4"
        }
      }
    },
    {
      "RequestUri": "https://vaultname.vault.azure.net/deletedsecrets/livekvtestsecret-nameb53835f4?api-version=2016-10-01",
      "RequestMethod": "GET",
      "RequestHeaders": {
        "Accept": "application/json",
        "Accept-Encoding": "gzip, deflate",
        "Authorization": "Sanitized",
        "User-Agent": "azsdk-python-keyvault-secrets/4.4.0b4 Python/3.9.9 (Windows-10-10.0.22000-SP0)",
        "x-ms-client-request-id": "65fd7688-a63d-11ec-9a43-a04a5ed0778b"
      },
      "RequestBody": null,
      "StatusCode": 200,
      "ResponseHeaders": {
        "Cache-Control": "no-cache",
        "Content-Length": "386",
        "Content-Type": "application/json; charset=utf-8",
        "Date": "Thu, 17 Mar 2022 21:58:39 GMT",
        "Expires": "-1",
        "Pragma": "no-cache",
        "Strict-Transport-Security": "max-age=31536000;includeSubDomains",
        "X-Content-Type-Options": "nosniff",
        "x-ms-client-request-id": "65fd7688-a63d-11ec-9a43-a04a5ed0778b",
        "x-ms-keyvault-network-info": "conn_type=Ipv4;addr=73.232.137.144;act_addr_fam=InterNetwork;",
        "x-ms-keyvault-rbac-assignment-id": "21f47f1e-4333-5d4c-8eb5-08e4878a1bef",
        "x-ms-keyvault-rbac-cache": "ra_age=422;da_age=7951;rd_age=7951;brd_age=14381;ra_notif_age=1164;dec_lev=0;",
        "x-ms-keyvault-region": "westus2",
        "x-ms-keyvault-service-version": "1.9.331.1",
        "x-ms-request-id": "8f251489-4f68-47fa-9156-518fb6e95b7a",
        "X-Powered-By": "ASP.NET"
      },
      "ResponseBody": {
        "recoveryId": "https://vaultname.vault.azure.net/deletedsecrets/livekvtestsecret-nameb53835f4",
        "deletedDate": 1647554317,
        "scheduledPurgeDate": 1648159117,
        "id": "https://vaultname.vault.azure.net/secrets/livekvtestsecret-nameb53835f4/4bcd6f69301c4dee9348ac4dbe886e3f",
        "attributes": {
          "enabled": true,
          "created": 1647554317,
          "updated": 1647554317,
          "recoveryLevel": "CustomizedRecoverable\u002BPurgeable"
        }
      }
    },
    {
      "RequestUri": "https://vaultname.vault.azure.net/deletedsecrets/livekvtestsecret-nameb53835f4?api-version=2016-10-01",
      "RequestMethod": "GET",
      "RequestHeaders": {
        "Accept": "application/json",
        "Accept-Encoding": "gzip, deflate",
        "Authorization": "Sanitized",
        "User-Agent": "azsdk-python-keyvault-secrets/4.4.0b4 Python/3.9.9 (Windows-10-10.0.22000-SP0)",
        "x-ms-client-request-id": "660c8953-a63d-11ec-a6d5-a04a5ed0778b"
      },
      "RequestBody": null,
      "StatusCode": 200,
      "ResponseHeaders": {
        "Cache-Control": "no-cache",
        "Content-Length": "386",
        "Content-Type": "application/json; charset=utf-8",
        "Date": "Thu, 17 Mar 2022 21:58:39 GMT",
        "Expires": "-1",
        "Pragma": "no-cache",
        "Strict-Transport-Security": "max-age=31536000;includeSubDomains",
        "X-Content-Type-Options": "nosniff",
        "x-ms-client-request-id": "660c8953-a63d-11ec-a6d5-a04a5ed0778b",
        "x-ms-keyvault-network-info": "conn_type=Ipv4;addr=73.232.137.144;act_addr_fam=InterNetwork;",
        "x-ms-keyvault-rbac-assignment-id": "21f47f1e-4333-5d4c-8eb5-08e4878a1bef",
        "x-ms-keyvault-rbac-cache": "ra_age=423;da_age=7951;rd_age=7951;brd_age=14381;ra_notif_age=1164;dec_lev=0;",
        "x-ms-keyvault-region": "westus2",
        "x-ms-keyvault-service-version": "1.9.331.1",
        "x-ms-request-id": "5ff38711-9974-4ba3-b75c-1726040da2db",
        "X-Powered-By": "ASP.NET"
      },
      "ResponseBody": {
        "recoveryId": "https://vaultname.vault.azure.net/deletedsecrets/livekvtestsecret-nameb53835f4",
        "deletedDate": 1647554317,
        "scheduledPurgeDate": 1648159117,
        "id": "https://vaultname.vault.azure.net/secrets/livekvtestsecret-nameb53835f4/4bcd6f69301c4dee9348ac4dbe886e3f",
        "attributes": {
          "enabled": true,
          "created": 1647554317,
          "updated": 1647554317,
          "recoveryLevel": "CustomizedRecoverable\u002BPurgeable"
        }
      }
    },
    {
      "RequestUri": "https://vaultname.vault.azure.net/deletedsecrets/livekvtestsecret-nameb53835f4/recover?api-version=2016-10-01",
      "RequestMethod": "POST",
      "RequestHeaders": {
        "Accept": "application/json",
        "Accept-Encoding": "gzip, deflate",
        "Authorization": "Sanitized",
        "Content-Length": "0",
        "User-Agent": "azsdk-python-keyvault-secrets/4.4.0b4 Python/3.9.9 (Windows-10-10.0.22000-SP0)",
        "x-ms-client-request-id": "661a8e73-a63d-11ec-9df3-a04a5ed0778b"
      },
      "RequestBody": null,
      "StatusCode": 200,
      "ResponseHeaders": {
        "Cache-Control": "no-cache",
        "Content-Length": "235",
        "Content-Type": "application/json; charset=utf-8",
        "Date": "Thu, 17 Mar 2022 21:58:39 GMT",
        "Expires": "-1",
        "Pragma": "no-cache",
        "Strict-Transport-Security": "max-age=31536000;includeSubDomains",
        "X-Content-Type-Options": "nosniff",
        "x-ms-client-request-id": "661a8e73-a63d-11ec-9df3-a04a5ed0778b",
        "x-ms-keyvault-network-info": "conn_type=Ipv4;addr=73.232.137.144;act_addr_fam=InterNetwork;",
        "x-ms-keyvault-rbac-assignment-id": "21f47f1e-4333-5d4c-8eb5-08e4878a1bef",
        "x-ms-keyvault-rbac-cache": "ra_age=423;da_age=7951;rd_age=7951;brd_age=14381;ra_notif_age=1165;dec_lev=1;",
        "x-ms-keyvault-region": "westus2",
        "x-ms-keyvault-service-version": "1.9.331.1",
        "x-ms-request-id": "50f055e5-8c66-44bb-a321-7a7757652c9b",
        "X-Powered-By": "ASP.NET"
      },
      "ResponseBody": {
        "id": "https://vaultname.vault.azure.net/secrets/livekvtestsecret-nameb53835f4/4bcd6f69301c4dee9348ac4dbe886e3f",
        "attributes": {
          "enabled": true,
          "created": 1647554317,
          "updated": 1647554317,
          "recoveryLevel": "CustomizedRecoverable\u002BPurgeable"
        }
      }
    },
    {
      "RequestUri": "https://vaultname.vault.azure.net/secrets/livekvtestsecret-nameb53835f4/?api-version=2016-10-01",
      "RequestMethod": "GET",
      "RequestHeaders": {
        "Accept": "application/json",
        "Accept-Encoding": "gzip, deflate",
        "Authorization": "Sanitized",
        "User-Agent": "azsdk-python-keyvault-secrets/4.4.0b4 Python/3.9.9 (Windows-10-10.0.22000-SP0)",
        "x-ms-client-request-id": "6637e7d4-a63d-11ec-831f-a04a5ed0778b"
      },
      "RequestBody": null,
      "StatusCode": 404,
      "ResponseHeaders": {
        "Cache-Control": "no-cache",
        "Content-Length": "326",
        "Content-Type": "application/json; charset=utf-8",
        "Date": "Thu, 17 Mar 2022 21:58:39 GMT",
        "Expires": "-1",
        "Pragma": "no-cache",
        "Strict-Transport-Security": "max-age=31536000;includeSubDomains",
        "X-Content-Type-Options": "nosniff",
        "x-ms-client-request-id": "6637e7d4-a63d-11ec-831f-a04a5ed0778b",
        "x-ms-keyvault-network-info": "conn_type=Ipv4;addr=73.232.137.144;act_addr_fam=InterNetwork;",
        "x-ms-keyvault-rbac-assignment-id": "21f47f1e-4333-5d4c-8eb5-08e4878a1bef",
        "x-ms-keyvault-rbac-cache": "ra_age=423;da_age=7951;rd_age=7951;brd_age=14381;ra_notif_age=1165;dec_lev=0;",
        "x-ms-keyvault-region": "westus2",
        "x-ms-keyvault-service-version": "1.9.331.1",
        "x-ms-request-id": "7221be61-16a4-4c3f-b984-46fc08518b21",
        "X-Powered-By": "ASP.NET"
      },
      "ResponseBody": {
        "error": {
          "code": "SecretNotFound",
          "message": "A secret with (name/id) livekvtestsecret-nameb53835f4 was not found in this key vault. If you recently deleted this secret you may be able to recover it using the correct recovery command. For help resolving this issue, please see https://go.microsoft.com/fwlink/?linkid=2125182"
        }
      }
    },
    {
      "RequestUri": "https://vaultname.vault.azure.net/secrets/livekvtestsecret-nameb53835f4/?api-version=2016-10-01",
      "RequestMethod": "GET",
      "RequestHeaders": {
        "Accept": "application/json",
        "Accept-Encoding": "gzip, deflate",
        "Authorization": "Sanitized",
        "User-Agent": "azsdk-python-keyvault-secrets/4.4.0b4 Python/3.9.9 (Windows-10-10.0.22000-SP0)",
        "x-ms-client-request-id": "67786df0-a63d-11ec-8401-a04a5ed0778b"
      },
      "RequestBody": null,
      "StatusCode": 200,
      "ResponseHeaders": {
        "Cache-Control": "no-cache",
        "Content-Length": "258",
        "Content-Type": "application/json; charset=utf-8",
        "Date": "Thu, 17 Mar 2022 21:58:41 GMT",
        "Expires": "-1",
        "Pragma": "no-cache",
        "Strict-Transport-Security": "max-age=31536000;includeSubDomains",
        "X-Content-Type-Options": "nosniff",
        "x-ms-client-request-id": "67786df0-a63d-11ec-8401-a04a5ed0778b",
        "x-ms-keyvault-network-info": "conn_type=Ipv4;addr=73.232.137.144;act_addr_fam=InterNetwork;",
        "x-ms-keyvault-rbac-assignment-id": "21f47f1e-4333-5d4c-8eb5-08e4878a1bef",
        "x-ms-keyvault-rbac-cache": "ra_age=425;da_age=7953;rd_age=7953;brd_age=14383;ra_notif_age=1167;dec_lev=0;",
        "x-ms-keyvault-region": "westus2",
        "x-ms-keyvault-service-version": "1.9.331.1",
        "x-ms-request-id": "64ad5941-b49e-47f5-956d-1a6275d156d7",
        "X-Powered-By": "ASP.NET"
      },
      "ResponseBody": {
        "value": "secret-value",
        "id": "https://vaultname.vault.azure.net/secrets/livekvtestsecret-nameb53835f4/4bcd6f69301c4dee9348ac4dbe886e3f",
        "attributes": {
          "enabled": true,
          "created": 1647554317,
          "updated": 1647554317,
          "recoveryLevel": "CustomizedRecoverable\u002BPurgeable"
        }
      }
    }
  ],
  "Variables": {}
}
