interactions:
- request:
    body: null
    headers:
      Accept:
      - application/json
      Accept-Encoding:
      - gzip, deflate
      Connection:
      - keep-alive
      Content-Length:
      - '0'
      Content-Type:
      - application/json; charset=utf-8
      User-Agent:
      - azsdk-python-keyvault-secrets/4.0.0b2 Python/3.5.4 (Windows-10-10.0.18362-SP0)
    method: PUT
    uri: https://vault33a90fd8.vault.azure.net/secrets/secVer33a90fd8?api-version=7.0
  response:
    body:
      string: ''
    headers:
      cache-control:
      - no-cache
      content-length:
      - '0'
      date:
      - Mon, 05 Aug 2019 22:22:48 GMT
      expires:
      - '-1'
      pragma:
      - no-cache
      server:
      - Microsoft-IIS/10.0
      strict-transport-security:
      - max-age=31536000;includeSubDomains
      www-authenticate:
      - Bearer authorization="https://login.windows.net/72f988bf-86f1-41af-91ab-2d7cd011db47",
        resource="https://vault.azure.net"
      x-aspnet-version:
      - 4.0.30319
      x-content-type-options:
      - nosniff
      x-ms-keyvault-network-info:
      - addr=131.107.160.254;act_addr_fam=InterNetwork;
      x-ms-keyvault-region:
      - westus
      x-ms-keyvault-service-version:
      - 1.1.0.872
      x-powered-by:
      - ASP.NET
    status:
      code: 401
      message: Unauthorized
- request:
    body: '{"value": "secVal33a90fd8"}'
    headers:
      Accept:
      - application/json
      Accept-Encoding:
      - gzip, deflate
      Connection:
      - keep-alive
      Content-Length:
      - '27'
      Content-Type:
      - application/json; charset=utf-8
      User-Agent:
      - azsdk-python-keyvault-secrets/4.0.0b2 Python/3.5.4 (Windows-10-10.0.18362-SP0)
    method: PUT
    uri: https://vault33a90fd8.vault.azure.net/secrets/secVer33a90fd8?api-version=7.0
  response:
    body:
      string: '{"value":"secVal33a90fd8","id":"https://vault33a90fd8.vault.azure.net/secrets/secVer33a90fd8/865de3e259db4215acf80dbcf90ca39b","attributes":{"enabled":true,"created":1565043769,"updated":1565043769,"recoveryLevel":"Purgeable"}}'
    headers:
      cache-control:
      - no-cache
      content-length:
      - '227'
      content-type:
      - application/json; charset=utf-8
      date:
      - Mon, 05 Aug 2019 22:22:49 GMT
      expires:
      - '-1'
      pragma:
      - no-cache
      server:
      - Microsoft-IIS/10.0
      strict-transport-security:
      - max-age=31536000;includeSubDomains
      x-aspnet-version:
      - 4.0.30319
      x-content-type-options:
      - nosniff
      x-ms-keyvault-network-info:
      - addr=131.107.160.254;act_addr_fam=InterNetwork;
      x-ms-keyvault-region:
      - westus
      x-ms-keyvault-service-version:
      - 1.1.0.872
      x-powered-by:
      - ASP.NET
    status:
      code: 200
      message: OK
- request:
    body: '{"value": "secVal33a90fd8"}'
    headers:
      Accept:
      - application/json
      Accept-Encoding:
      - gzip, deflate
      Connection:
      - keep-alive
      Content-Length:
      - '27'
      Content-Type:
      - application/json; charset=utf-8
      User-Agent:
      - azsdk-python-keyvault-secrets/4.0.0b2 Python/3.5.4 (Windows-10-10.0.18362-SP0)
    method: PUT
    uri: https://vault33a90fd8.vault.azure.net/secrets/secVer33a90fd8?api-version=7.0
  response:
    body:
      string: '{"value":"secVal33a90fd8","id":"https://vault33a90fd8.vault.azure.net/secrets/secVer33a90fd8/61b76fb6af2e4d3fbd6fd83063420cf0","attributes":{"enabled":true,"created":1565043770,"updated":1565043770,"recoveryLevel":"Purgeable"}}'
    headers:
      cache-control:
      - no-cache
      content-length:
      - '227'
      content-type:
      - application/json; charset=utf-8
      date:
      - Mon, 05 Aug 2019 22:22:49 GMT
      expires:
      - '-1'
      pragma:
      - no-cache
      server:
      - Microsoft-IIS/10.0
      strict-transport-security:
      - max-age=31536000;includeSubDomains
      x-aspnet-version:
      - 4.0.30319
      x-content-type-options:
      - nosniff
      x-ms-keyvault-network-info:
      - addr=131.107.160.254;act_addr_fam=InterNetwork;
      x-ms-keyvault-region:
      - westus
      x-ms-keyvault-service-version:
      - 1.1.0.872
      x-powered-by:
      - ASP.NET
    status:
      code: 200
      message: OK
- request:
    body: '{"value": "secVal33a90fd8"}'
    headers:
      Accept:
      - application/json
      Accept-Encoding:
      - gzip, deflate
      Connection:
      - keep-alive
      Content-Length:
      - '27'
      Content-Type:
      - application/json; charset=utf-8
      User-Agent:
      - azsdk-python-keyvault-secrets/4.0.0b2 Python/3.5.4 (Windows-10-10.0.18362-SP0)
    method: PUT
    uri: https://vault33a90fd8.vault.azure.net/secrets/secVer33a90fd8?api-version=7.0
  response:
    body:
      string: '{"value":"secVal33a90fd8","id":"https://vault33a90fd8.vault.azure.net/secrets/secVer33a90fd8/b8e30fea923c4d8d973508b77707a8db","attributes":{"enabled":true,"created":1565043770,"updated":1565043770,"recoveryLevel":"Purgeable"}}'
    headers:
      cache-control:
      - no-cache
      content-length:
      - '227'
      content-type:
      - application/json; charset=utf-8
      date:
      - Mon, 05 Aug 2019 22:22:49 GMT
      expires:
      - '-1'
      pragma:
      - no-cache
      server:
      - Microsoft-IIS/10.0
      strict-transport-security:
      - max-age=31536000;includeSubDomains
      x-aspnet-version:
      - 4.0.30319
      x-content-type-options:
      - nosniff
      x-ms-keyvault-network-info:
      - addr=131.107.160.254;act_addr_fam=InterNetwork;
      x-ms-keyvault-region:
      - westus
      x-ms-keyvault-service-version:
      - 1.1.0.872
      x-powered-by:
      - ASP.NET
    status:
      code: 200
      message: OK
- request:
    body: '{"value": "secVal33a90fd8"}'
    headers:
      Accept:
      - application/json
      Accept-Encoding:
      - gzip, deflate
      Connection:
      - keep-alive
      Content-Length:
      - '27'
      Content-Type:
      - application/json; charset=utf-8
      User-Agent:
      - azsdk-python-keyvault-secrets/4.0.0b2 Python/3.5.4 (Windows-10-10.0.18362-SP0)
    method: PUT
    uri: https://vault33a90fd8.vault.azure.net/secrets/secVer33a90fd8?api-version=7.0
  response:
    body:
      string: '{"value":"secVal33a90fd8","id":"https://vault33a90fd8.vault.azure.net/secrets/secVer33a90fd8/da6c078abb4a43beaa21ce325454649f","attributes":{"enabled":true,"created":1565043770,"updated":1565043770,"recoveryLevel":"Purgeable"}}'
    headers:
      cache-control:
      - no-cache
      content-length:
      - '227'
      content-type:
      - application/json; charset=utf-8
      date:
      - Mon, 05 Aug 2019 22:22:49 GMT
      expires:
      - '-1'
      pragma:
      - no-cache
      server:
      - Microsoft-IIS/10.0
      strict-transport-security:
      - max-age=31536000;includeSubDomains
      x-aspnet-version:
      - 4.0.30319
      x-content-type-options:
      - nosniff
      x-ms-keyvault-network-info:
      - addr=131.107.160.254;act_addr_fam=InterNetwork;
      x-ms-keyvault-region:
      - westus
      x-ms-keyvault-service-version:
      - 1.1.0.872
      x-powered-by:
      - ASP.NET
    status:
      code: 200
      message: OK
- request:
    body: '{"value": "secVal33a90fd8"}'
    headers:
      Accept:
      - application/json
      Accept-Encoding:
      - gzip, deflate
      Connection:
      - keep-alive
      Content-Length:
      - '27'
      Content-Type:
      - application/json; charset=utf-8
      User-Agent:
      - azsdk-python-keyvault-secrets/4.0.0b2 Python/3.5.4 (Windows-10-10.0.18362-SP0)
    method: PUT
    uri: https://vault33a90fd8.vault.azure.net/secrets/secVer33a90fd8?api-version=7.0
  response:
    body:
      string: '{"value":"secVal33a90fd8","id":"https://vault33a90fd8.vault.azure.net/secrets/secVer33a90fd8/11372d2c2c2748c8bb02c361bc6f0ee2","attributes":{"enabled":true,"created":1565043770,"updated":1565043770,"recoveryLevel":"Purgeable"}}'
    headers:
      cache-control:
      - no-cache
      content-length:
      - '227'
      content-type:
      - application/json; charset=utf-8
      date:
      - Mon, 05 Aug 2019 22:22:49 GMT
      expires:
      - '-1'
      pragma:
      - no-cache
      server:
      - Microsoft-IIS/10.0
      strict-transport-security:
      - max-age=31536000;includeSubDomains
      x-aspnet-version:
      - 4.0.30319
      x-content-type-options:
      - nosniff
      x-ms-keyvault-network-info:
      - addr=131.107.160.254;act_addr_fam=InterNetwork;
      x-ms-keyvault-region:
      - westus
      x-ms-keyvault-service-version:
      - 1.1.0.872
      x-powered-by:
      - ASP.NET
    status:
      code: 200
      message: OK
- request:
    body: '{"value": "secVal33a90fd8"}'
    headers:
      Accept:
      - application/json
      Accept-Encoding:
      - gzip, deflate
      Connection:
      - keep-alive
      Content-Length:
      - '27'
      Content-Type:
      - application/json; charset=utf-8
      User-Agent:
      - azsdk-python-keyvault-secrets/4.0.0b2 Python/3.5.4 (Windows-10-10.0.18362-SP0)
    method: PUT
    uri: https://vault33a90fd8.vault.azure.net/secrets/secVer33a90fd8?api-version=7.0
  response:
    body:
      string: '{"value":"secVal33a90fd8","id":"https://vault33a90fd8.vault.azure.net/secrets/secVer33a90fd8/faf5627da1ed4c8291082fffbef2e036","attributes":{"enabled":true,"created":1565043770,"updated":1565043770,"recoveryLevel":"Purgeable"}}'
    headers:
      cache-control:
      - no-cache
      content-length:
      - '227'
      content-type:
      - application/json; charset=utf-8
      date:
      - Mon, 05 Aug 2019 22:22:49 GMT
      expires:
      - '-1'
      pragma:
      - no-cache
      server:
      - Microsoft-IIS/10.0
      strict-transport-security:
      - max-age=31536000;includeSubDomains
      x-aspnet-version:
      - 4.0.30319
      x-content-type-options:
      - nosniff
      x-ms-keyvault-network-info:
      - addr=131.107.160.254;act_addr_fam=InterNetwork;
      x-ms-keyvault-region:
      - westus
      x-ms-keyvault-service-version:
      - 1.1.0.872
      x-powered-by:
      - ASP.NET
    status:
      code: 200
      message: OK
- request:
    body: '{"value": "secVal33a90fd8"}'
    headers:
      Accept:
      - application/json
      Accept-Encoding:
      - gzip, deflate
      Connection:
      - keep-alive
      Content-Length:
      - '27'
      Content-Type:
      - application/json; charset=utf-8
      User-Agent:
      - azsdk-python-keyvault-secrets/4.0.0b2 Python/3.5.4 (Windows-10-10.0.18362-SP0)
    method: PUT
    uri: https://vault33a90fd8.vault.azure.net/secrets/secVer33a90fd8?api-version=7.0
  response:
    body:
      string: '{"value":"secVal33a90fd8","id":"https://vault33a90fd8.vault.azure.net/secrets/secVer33a90fd8/60f4313647d94c40afbeea8e7c0c3b57","attributes":{"enabled":true,"created":1565043770,"updated":1565043770,"recoveryLevel":"Purgeable"}}'
    headers:
      cache-control:
      - no-cache
      content-length:
      - '227'
      content-type:
      - application/json; charset=utf-8
      date:
      - Mon, 05 Aug 2019 22:22:49 GMT
      expires:
      - '-1'
      pragma:
      - no-cache
      server:
      - Microsoft-IIS/10.0
      strict-transport-security:
      - max-age=31536000;includeSubDomains
      x-aspnet-version:
      - 4.0.30319
      x-content-type-options:
      - nosniff
      x-ms-keyvault-network-info:
      - addr=131.107.160.254;act_addr_fam=InterNetwork;
      x-ms-keyvault-region:
      - westus
      x-ms-keyvault-service-version:
      - 1.1.0.872
      x-powered-by:
      - ASP.NET
    status:
      code: 200
      message: OK
- request:
    body: null
    headers:
      Accept:
      - application/json
      Accept-Encoding:
      - gzip, deflate
      Connection:
      - keep-alive
      User-Agent:
      - azsdk-python-keyvault-secrets/4.0.0b2 Python/3.5.4 (Windows-10-10.0.18362-SP0)
    method: GET
    uri: https://vault33a90fd8.vault.azure.net/secrets/secVer33a90fd8/versions?api-version=7.0&maxresults=2
  response:
    body:
      string: '{"value":[{"id":"https://vault33a90fd8.vault.azure.net/secrets/secVer33a90fd8/11372d2c2c2748c8bb02c361bc6f0ee2","attributes":{"enabled":true,"created":1565043770,"updated":1565043770,"recoveryLevel":"Purgeable"}},{"id":"https://vault33a90fd8.vault.azure.net/secrets/secVer33a90fd8/60f4313647d94c40afbeea8e7c0c3b57","attributes":{"enabled":true,"created":1565043770,"updated":1565043770,"recoveryLevel":"Purgeable"}}],"nextLink":"https://vault33a90fd8.vault.azure.net:443/secrets/secVer33a90fd8/versions?api-version=7.0&$skiptoken=eyJOZXh0TWFya2VyIjoiMiExMzIhTURBd01EVTBJWE5sWTNKbGRDOVRSVU5XUlZJek0wRTVNRVpFT0M4Mk1VSTNOa1pDTmtGR01rVTBSRE5HUWtRMlJrUTRNekEyTXpReU1FTkdNQ0V3TURBd01qZ2hPVGs1T1MweE1pMHpNVlF5TXpvMU9UbzFPUzQ1T1RrNU9UazVXaUUtIiwiVGFyZ2V0TG9jYXRpb24iOjB9&maxresults=2"}'
    headers:
      cache-control:
      - no-cache
      content-length:
      - '777'
      content-type:
      - application/json; charset=utf-8
      date:
      - Mon, 05 Aug 2019 22:22:50 GMT
      expires:
      - '-1'
      pragma:
      - no-cache
      server:
      - Microsoft-IIS/10.0
      strict-transport-security:
      - max-age=31536000;includeSubDomains
      x-aspnet-version:
      - 4.0.30319
      x-content-type-options:
      - nosniff
      x-ms-keyvault-network-info:
      - addr=131.107.160.254;act_addr_fam=InterNetwork;
      x-ms-keyvault-region:
      - westus
      x-ms-keyvault-service-version:
      - 1.1.0.872
      x-powered-by:
      - ASP.NET
    status:
      code: 200
      message: OK
- request:
    body: null
    headers:
      Accept:
      - application/json
      Accept-Encoding:
      - gzip, deflate
      Connection:
      - keep-alive
      User-Agent:
      - azsdk-python-keyvault-secrets/4.0.0b2 Python/3.5.4 (Windows-10-10.0.18362-SP0)
    method: GET
    uri: https://vault33a90fd8.vault.azure.net/secrets/secVer33a90fd8/versions?api-version=7.0&$skiptoken=eyJOZXh0TWFya2VyIjoiMiExMzIhTURBd01EVTBJWE5sWTNKbGRDOVRSVU5XUlZJek0wRTVNRVpFT0M4Mk1VSTNOa1pDTmtGR01rVTBSRE5HUWtRMlJrUTRNekEyTXpReU1FTkdNQ0V3TURBd01qZ2hPVGs1T1MweE1pMHpNVlF5TXpvMU9UbzFPUzQ1T1RrNU9UazVXaUUtIiwiVGFyZ2V0TG9jYXRpb24iOjB9&maxresults=2
  response:
    body:
      string: '{"value":[{"id":"https://vault33a90fd8.vault.azure.net/secrets/secVer33a90fd8/61b76fb6af2e4d3fbd6fd83063420cf0","attributes":{"enabled":true,"created":1565043770,"updated":1565043770,"recoveryLevel":"Purgeable"}},{"id":"https://vault33a90fd8.vault.azure.net/secrets/secVer33a90fd8/865de3e259db4215acf80dbcf90ca39b","attributes":{"enabled":true,"created":1565043769,"updated":1565043769,"recoveryLevel":"Purgeable"}}],"nextLink":"https://vault33a90fd8.vault.azure.net:443/secrets/secVer33a90fd8/versions?api-version=7.0&$skiptoken=eyJOZXh0TWFya2VyIjoiMiExMzIhTURBd01EVTBJWE5sWTNKbGRDOVRSVU5XUlZJek0wRTVNRVpFT0M5Q09FVXpNRVpGUVRreU0wTTBSRGhFT1Rjek5UQTRRamMzTnpBM1FUaEVRaUV3TURBd01qZ2hPVGs1T1MweE1pMHpNVlF5TXpvMU9UbzFPUzQ1T1RrNU9UazVXaUUtIiwiVGFyZ2V0TG9jYXRpb24iOjB9&maxresults=2"}'
    headers:
      cache-control:
      - no-cache
      content-length:
      - '777'
      content-type:
      - application/json; charset=utf-8
      date:
      - Mon, 05 Aug 2019 22:22:50 GMT
      expires:
      - '-1'
      pragma:
      - no-cache
      server:
      - Microsoft-IIS/10.0
      strict-transport-security:
      - max-age=31536000;includeSubDomains
      x-aspnet-version:
      - 4.0.30319
      x-content-type-options:
      - nosniff
      x-ms-keyvault-network-info:
      - addr=131.107.160.254;act_addr_fam=InterNetwork;
      x-ms-keyvault-region:
      - westus
      x-ms-keyvault-service-version:
      - 1.1.0.872
      x-powered-by:
      - ASP.NET
    status:
      code: 200
      message: OK
- request:
    body: null
    headers:
      Accept:
      - application/json
      Accept-Encoding:
      - gzip, deflate
      Connection:
      - keep-alive
      User-Agent:
      - azsdk-python-keyvault-secrets/4.0.0b2 Python/3.5.4 (Windows-10-10.0.18362-SP0)
    method: GET
    uri: https://vault33a90fd8.vault.azure.net/secrets/secVer33a90fd8/versions?api-version=7.0&$skiptoken=eyJOZXh0TWFya2VyIjoiMiExMzIhTURBd01EVTBJWE5sWTNKbGRDOVRSVU5XUlZJek0wRTVNRVpFT0M5Q09FVXpNRVpGUVRreU0wTTBSRGhFT1Rjek5UQTRRamMzTnpBM1FUaEVRaUV3TURBd01qZ2hPVGs1T1MweE1pMHpNVlF5TXpvMU9UbzFPUzQ1T1RrNU9UazVXaUUtIiwiVGFyZ2V0TG9jYXRpb24iOjB9&maxresults=2
  response:
    body:
      string: '{"value":[{"id":"https://vault33a90fd8.vault.azure.net/secrets/secVer33a90fd8/b8e30fea923c4d8d973508b77707a8db","attributes":{"enabled":true,"created":1565043770,"updated":1565043770,"recoveryLevel":"Purgeable"}},{"id":"https://vault33a90fd8.vault.azure.net/secrets/secVer33a90fd8/da6c078abb4a43beaa21ce325454649f","attributes":{"enabled":true,"created":1565043770,"updated":1565043770,"recoveryLevel":"Purgeable"}}],"nextLink":"https://vault33a90fd8.vault.azure.net:443/secrets/secVer33a90fd8/versions?api-version=7.0&$skiptoken=eyJOZXh0TWFya2VyIjoiMiExMzIhTURBd01EVTBJWE5sWTNKbGRDOVRSVU5XUlZJek0wRTVNRVpFT0M5R1FVWTFOakkzUkVFeFJVUTBRemd5T1RFd09ESkdSa1pDUlVZeVJUQXpOaUV3TURBd01qZ2hPVGs1T1MweE1pMHpNVlF5TXpvMU9UbzFPUzQ1T1RrNU9UazVXaUUtIiwiVGFyZ2V0TG9jYXRpb24iOjB9&maxresults=2"}'
    headers:
      cache-control:
      - no-cache
      content-length:
      - '777'
      content-type:
      - application/json; charset=utf-8
      date:
      - Mon, 05 Aug 2019 22:22:50 GMT
      expires:
      - '-1'
      pragma:
      - no-cache
      server:
      - Microsoft-IIS/10.0
      strict-transport-security:
      - max-age=31536000;includeSubDomains
      x-aspnet-version:
      - 4.0.30319
      x-content-type-options:
      - nosniff
      x-ms-keyvault-network-info:
      - addr=131.107.160.254;act_addr_fam=InterNetwork;
      x-ms-keyvault-region:
      - westus
      x-ms-keyvault-service-version:
      - 1.1.0.872
      x-powered-by:
      - ASP.NET
    status:
      code: 200
      message: OK
- request:
    body: null
    headers:
      Accept:
      - application/json
      Accept-Encoding:
      - gzip, deflate
      Connection:
      - keep-alive
      User-Agent:
      - azsdk-python-keyvault-secrets/4.0.0b2 Python/3.5.4 (Windows-10-10.0.18362-SP0)
    method: GET
    uri: https://vault33a90fd8.vault.azure.net/secrets/secVer33a90fd8/versions?api-version=7.0&$skiptoken=eyJOZXh0TWFya2VyIjoiMiExMzIhTURBd01EVTBJWE5sWTNKbGRDOVRSVU5XUlZJek0wRTVNRVpFT0M5R1FVWTFOakkzUkVFeFJVUTBRemd5T1RFd09ESkdSa1pDUlVZeVJUQXpOaUV3TURBd01qZ2hPVGs1T1MweE1pMHpNVlF5TXpvMU9UbzFPUzQ1T1RrNU9UazVXaUUtIiwiVGFyZ2V0TG9jYXRpb24iOjB9&maxresults=2
  response:
    body:
      string: '{"value":[{"id":"https://vault33a90fd8.vault.azure.net/secrets/secVer33a90fd8/faf5627da1ed4c8291082fffbef2e036","attributes":{"enabled":true,"created":1565043770,"updated":1565043770,"recoveryLevel":"Purgeable"}}],"nextLink":null}'
    headers:
      cache-control:
      - no-cache
      content-length:
      - '230'
      content-type:
      - application/json; charset=utf-8
      date:
      - Mon, 05 Aug 2019 22:22:50 GMT
      expires:
      - '-1'
      pragma:
      - no-cache
      server:
      - Microsoft-IIS/10.0
      strict-transport-security:
      - max-age=31536000;includeSubDomains
      x-aspnet-version:
      - 4.0.30319
      x-content-type-options:
      - nosniff
      x-ms-keyvault-network-info:
      - addr=131.107.160.254;act_addr_fam=InterNetwork;
      x-ms-keyvault-region:
      - westus
      x-ms-keyvault-service-version:
      - 1.1.0.872
      x-powered-by:
      - ASP.NET
    status:
      code: 200
      message: OK
version: 1
