interactions:
- request:
    body: null
    headers:
      Accept: [application/json]
      Content-Length: ['0']
      Content-Type: [application/json; charset=utf-8]
      User-Agent: [azsdk-python-keyvault-secrets/4.0.0b4 Python/3.6.6 (Windows-10-10.0.18362-SP0)]
    method: PUT
    uri: https://vault8bf41593ca99e4122d.vault.azure.net/secrets/secret0?api-version=7.0
  response:
    body: {string: '{"error":{"code":"Unauthorized","message":"Request is missing
        a Bearer or PoP token."}}'}
    headers: {cache-control: no-cache, content-length: '87', content-type: application/json;
        charset=utf-8, date: 'Fri, 04 Oct 2019 18:02:31 GMT', expires: '-1', pragma: no-cache,
      server: Microsoft-IIS/10.0, strict-transport-security: max-age=31536000;includeSubDomains,
      www-authenticate: 'Bearer authorization="https://login.windows.net/72f988bf-86f1-41af-91ab-2d7cd011db47",
        resource="https://vault.azure.net"', x-aspnet-version: 4.0.30319, x-content-type-options: nosniff,
      x-ms-keyvault-network-info: addr=131.107.160.72;act_addr_fam=InterNetwork;,
      x-ms-keyvault-region: westus, x-ms-keyvault-service-version: 1.1.0.879, x-powered-by: ASP.NET}
    status: {code: 401, message: Unauthorized}
    url: !!python/object/new:yarl.URL
      state: !!python/tuple
      - !!python/object/new:urllib.parse.SplitResult [https, vault8bf41593ca99e4122d.vault.azure.net,
        /secrets/secret0, api-version=7.0, '']
- request:
    body: '{"value": "value0"}'
    headers:
      Accept: [application/json]
      Content-Length: ['19']
      Content-Type: [application/json; charset=utf-8]
      User-Agent: [azsdk-python-keyvault-secrets/4.0.0b4 Python/3.6.6 (Windows-10-10.0.18362-SP0)]
    method: PUT
    uri: https://vault8bf41593ca99e4122d.vault.azure.net/secrets/secret0?api-version=7.0
  response:
    body: {string: '{"value":"value0","id":"https://vault8bf41593ca99e4122d.vault.azure.net/secrets/secret0/d81163c6e2b6422e82382841faa023b9","attributes":{"enabled":true,"created":1570212152,"updated":1570212152,"recoveryLevel":"Recoverable+Purgeable"}}'}
    headers: {cache-control: no-cache, content-length: '234', content-type: application/json;
        charset=utf-8, date: 'Fri, 04 Oct 2019 18:02:32 GMT', expires: '-1', pragma: no-cache,
      server: Microsoft-IIS/10.0, strict-transport-security: max-age=31536000;includeSubDomains,
      x-aspnet-version: 4.0.30319, x-content-type-options: nosniff, x-ms-keyvault-network-info: addr=131.107.160.72;act_addr_fam=InterNetwork;,
      x-ms-keyvault-region: westus, x-ms-keyvault-service-version: 1.1.0.879, x-powered-by: ASP.NET}
    status: {code: 200, message: OK}
    url: !!python/object/new:yarl.URL
      state: !!python/tuple
      - !!python/object/new:urllib.parse.SplitResult [https, vault8bf41593ca99e4122d.vault.azure.net,
        /secrets/secret0, api-version=7.0, '']
- request:
    body: '{"value": "value1"}'
    headers:
      Accept: [application/json]
      Content-Length: ['19']
      Content-Type: [application/json; charset=utf-8]
      User-Agent: [azsdk-python-keyvault-secrets/4.0.0b4 Python/3.6.6 (Windows-10-10.0.18362-SP0)]
    method: PUT
    uri: https://vault8bf41593ca99e4122d.vault.azure.net/secrets/secret1?api-version=7.0
  response:
    body: {string: '{"value":"value1","id":"https://vault8bf41593ca99e4122d.vault.azure.net/secrets/secret1/d87ebccd8a424f979f62bb0c377400c8","attributes":{"enabled":true,"created":1570212152,"updated":1570212152,"recoveryLevel":"Recoverable+Purgeable"}}'}
    headers: {cache-control: no-cache, content-length: '234', content-type: application/json;
        charset=utf-8, date: 'Fri, 04 Oct 2019 18:02:32 GMT', expires: '-1', pragma: no-cache,
      server: Microsoft-IIS/10.0, strict-transport-security: max-age=31536000;includeSubDomains,
      x-aspnet-version: 4.0.30319, x-content-type-options: nosniff, x-ms-keyvault-network-info: addr=131.107.160.72;act_addr_fam=InterNetwork;,
      x-ms-keyvault-region: westus, x-ms-keyvault-service-version: 1.1.0.879, x-powered-by: ASP.NET}
    status: {code: 200, message: OK}
    url: !!python/object/new:yarl.URL
      state: !!python/tuple
      - !!python/object/new:urllib.parse.SplitResult [https, vault8bf41593ca99e4122d.vault.azure.net,
        /secrets/secret1, api-version=7.0, '']
- request:
    body: '{"value": "value2"}'
    headers:
      Accept: [application/json]
      Content-Length: ['19']
      Content-Type: [application/json; charset=utf-8]
      User-Agent: [azsdk-python-keyvault-secrets/4.0.0b4 Python/3.6.6 (Windows-10-10.0.18362-SP0)]
    method: PUT
    uri: https://vault8bf41593ca99e4122d.vault.azure.net/secrets/secret2?api-version=7.0
  response:
    body: {string: '{"value":"value2","id":"https://vault8bf41593ca99e4122d.vault.azure.net/secrets/secret2/73dd4f15304048b4b92ba27961a9d411","attributes":{"enabled":true,"created":1570212152,"updated":1570212152,"recoveryLevel":"Recoverable+Purgeable"}}'}
    headers: {cache-control: no-cache, content-length: '234', content-type: application/json;
        charset=utf-8, date: 'Fri, 04 Oct 2019 18:02:32 GMT', expires: '-1', pragma: no-cache,
      server: Microsoft-IIS/10.0, strict-transport-security: max-age=31536000;includeSubDomains,
      x-aspnet-version: 4.0.30319, x-content-type-options: nosniff, x-ms-keyvault-network-info: addr=131.107.160.72;act_addr_fam=InterNetwork;,
      x-ms-keyvault-region: westus, x-ms-keyvault-service-version: 1.1.0.879, x-powered-by: ASP.NET}
    status: {code: 200, message: OK}
    url: !!python/object/new:yarl.URL
      state: !!python/tuple
      - !!python/object/new:urllib.parse.SplitResult [https, vault8bf41593ca99e4122d.vault.azure.net,
        /secrets/secret2, api-version=7.0, '']
- request:
    body: '{"value": "value3"}'
    headers:
      Accept: [application/json]
      Content-Length: ['19']
      Content-Type: [application/json; charset=utf-8]
      User-Agent: [azsdk-python-keyvault-secrets/4.0.0b4 Python/3.6.6 (Windows-10-10.0.18362-SP0)]
    method: PUT
    uri: https://vault8bf41593ca99e4122d.vault.azure.net/secrets/secret3?api-version=7.0
  response:
    body: {string: '{"value":"value3","id":"https://vault8bf41593ca99e4122d.vault.azure.net/secrets/secret3/dbe379b61cce4095abaf0f4e047301bc","attributes":{"enabled":true,"created":1570212153,"updated":1570212153,"recoveryLevel":"Recoverable+Purgeable"}}'}
    headers: {cache-control: no-cache, content-length: '234', content-type: application/json;
        charset=utf-8, date: 'Fri, 04 Oct 2019 18:02:32 GMT', expires: '-1', pragma: no-cache,
      server: Microsoft-IIS/10.0, strict-transport-security: max-age=31536000;includeSubDomains,
      x-aspnet-version: 4.0.30319, x-content-type-options: nosniff, x-ms-keyvault-network-info: addr=131.107.160.72;act_addr_fam=InterNetwork;,
      x-ms-keyvault-region: westus, x-ms-keyvault-service-version: 1.1.0.879, x-powered-by: ASP.NET}
    status: {code: 200, message: OK}
    url: !!python/object/new:yarl.URL
      state: !!python/tuple
      - !!python/object/new:urllib.parse.SplitResult [https, vault8bf41593ca99e4122d.vault.azure.net,
        /secrets/secret3, api-version=7.0, '']
- request:
    body: '{"value": "value4"}'
    headers:
      Accept: [application/json]
      Content-Length: ['19']
      Content-Type: [application/json; charset=utf-8]
      User-Agent: [azsdk-python-keyvault-secrets/4.0.0b4 Python/3.6.6 (Windows-10-10.0.18362-SP0)]
    method: PUT
    uri: https://vault8bf41593ca99e4122d.vault.azure.net/secrets/secret4?api-version=7.0
  response:
    body: {string: '{"value":"value4","id":"https://vault8bf41593ca99e4122d.vault.azure.net/secrets/secret4/55f82a1ce1044f9ab34ea7231a2e042a","attributes":{"enabled":true,"created":1570212153,"updated":1570212153,"recoveryLevel":"Recoverable+Purgeable"}}'}
    headers: {cache-control: no-cache, content-length: '234', content-type: application/json;
        charset=utf-8, date: 'Fri, 04 Oct 2019 18:02:32 GMT', expires: '-1', pragma: no-cache,
      server: Microsoft-IIS/10.0, strict-transport-security: max-age=31536000;includeSubDomains,
      x-aspnet-version: 4.0.30319, x-content-type-options: nosniff, x-ms-keyvault-network-info: addr=131.107.160.72;act_addr_fam=InterNetwork;,
      x-ms-keyvault-region: westus, x-ms-keyvault-service-version: 1.1.0.879, x-powered-by: ASP.NET}
    status: {code: 200, message: OK}
    url: !!python/object/new:yarl.URL
      state: !!python/tuple
      - !!python/object/new:urllib.parse.SplitResult [https, vault8bf41593ca99e4122d.vault.azure.net,
        /secrets/secret4, api-version=7.0, '']
- request:
    body: '{"value": "value5"}'
    headers:
      Accept: [application/json]
      Content-Length: ['19']
      Content-Type: [application/json; charset=utf-8]
      User-Agent: [azsdk-python-keyvault-secrets/4.0.0b4 Python/3.6.6 (Windows-10-10.0.18362-SP0)]
    method: PUT
    uri: https://vault8bf41593ca99e4122d.vault.azure.net/secrets/secret5?api-version=7.0
  response:
    body: {string: '{"value":"value5","id":"https://vault8bf41593ca99e4122d.vault.azure.net/secrets/secret5/c62c1bbda5114f529ea57c5d98dda83e","attributes":{"enabled":true,"created":1570212153,"updated":1570212153,"recoveryLevel":"Recoverable+Purgeable"}}'}
    headers: {cache-control: no-cache, content-length: '234', content-type: application/json;
        charset=utf-8, date: 'Fri, 04 Oct 2019 18:02:33 GMT', expires: '-1', pragma: no-cache,
      server: Microsoft-IIS/10.0, strict-transport-security: max-age=31536000;includeSubDomains,
      x-aspnet-version: 4.0.30319, x-content-type-options: nosniff, x-ms-keyvault-network-info: addr=131.107.160.72;act_addr_fam=InterNetwork;,
      x-ms-keyvault-region: westus, x-ms-keyvault-service-version: 1.1.0.879, x-powered-by: ASP.NET}
    status: {code: 200, message: OK}
    url: !!python/object/new:yarl.URL
      state: !!python/tuple
      - !!python/object/new:urllib.parse.SplitResult [https, vault8bf41593ca99e4122d.vault.azure.net,
        /secrets/secret5, api-version=7.0, '']
- request:
    body: '{"value": "value6"}'
    headers:
      Accept: [application/json]
      Content-Length: ['19']
      Content-Type: [application/json; charset=utf-8]
      User-Agent: [azsdk-python-keyvault-secrets/4.0.0b4 Python/3.6.6 (Windows-10-10.0.18362-SP0)]
    method: PUT
    uri: https://vault8bf41593ca99e4122d.vault.azure.net/secrets/secret6?api-version=7.0
  response:
    body: {string: '{"value":"value6","id":"https://vault8bf41593ca99e4122d.vault.azure.net/secrets/secret6/f178f1aeb2ae414680522f03bf4bc38d","attributes":{"enabled":true,"created":1570212153,"updated":1570212153,"recoveryLevel":"Recoverable+Purgeable"}}'}
    headers: {cache-control: no-cache, content-length: '234', content-type: application/json;
        charset=utf-8, date: 'Fri, 04 Oct 2019 18:02:33 GMT', expires: '-1', pragma: no-cache,
      server: Microsoft-IIS/10.0, strict-transport-security: max-age=31536000;includeSubDomains,
      x-aspnet-version: 4.0.30319, x-content-type-options: nosniff, x-ms-keyvault-network-info: addr=131.107.160.72;act_addr_fam=InterNetwork;,
      x-ms-keyvault-region: westus, x-ms-keyvault-service-version: 1.1.0.879, x-powered-by: ASP.NET}
    status: {code: 200, message: OK}
    url: !!python/object/new:yarl.URL
      state: !!python/tuple
      - !!python/object/new:urllib.parse.SplitResult [https, vault8bf41593ca99e4122d.vault.azure.net,
        /secrets/secret6, api-version=7.0, '']
- request:
    body: null
    headers:
      Accept: [application/json]
      User-Agent: [azsdk-python-keyvault-secrets/4.0.0b4 Python/3.6.6 (Windows-10-10.0.18362-SP0)]
    method: DELETE
    uri: https://vault8bf41593ca99e4122d.vault.azure.net/secrets/secret0?api-version=7.0
  response:
    body: {string: '{"recoveryId":"https://vault8bf41593ca99e4122d.vault.azure.net/deletedsecrets/secret0","deletedDate":1570212153,"scheduledPurgeDate":1577988153,"id":"https://vault8bf41593ca99e4122d.vault.azure.net/secrets/secret0/d81163c6e2b6422e82382841faa023b9","attributes":{"enabled":true,"created":1570212152,"updated":1570212152,"recoveryLevel":"Recoverable+Purgeable"}}'}
    headers: {cache-control: no-cache, content-length: '360', content-type: application/json;
        charset=utf-8, date: 'Fri, 04 Oct 2019 18:02:33 GMT', expires: '-1', pragma: no-cache,
      server: Microsoft-IIS/10.0, strict-transport-security: max-age=31536000;includeSubDomains,
      x-aspnet-version: 4.0.30319, x-content-type-options: nosniff, x-ms-keyvault-network-info: addr=131.107.160.72;act_addr_fam=InterNetwork;,
      x-ms-keyvault-region: westus, x-ms-keyvault-service-version: 1.1.0.879, x-powered-by: ASP.NET}
    status: {code: 200, message: OK}
    url: !!python/object/new:yarl.URL
      state: !!python/tuple
      - !!python/object/new:urllib.parse.SplitResult [https, vault8bf41593ca99e4122d.vault.azure.net,
        /secrets/secret0, api-version=7.0, '']
- request:
    body: null
    headers:
      Accept: [application/json]
      User-Agent: [azsdk-python-keyvault-secrets/4.0.0b4 Python/3.6.6 (Windows-10-10.0.18362-SP0)]
    method: DELETE
    uri: https://vault8bf41593ca99e4122d.vault.azure.net/secrets/secret1?api-version=7.0
  response:
    body: {string: '{"recoveryId":"https://vault8bf41593ca99e4122d.vault.azure.net/deletedsecrets/secret1","deletedDate":1570212153,"scheduledPurgeDate":1577988153,"id":"https://vault8bf41593ca99e4122d.vault.azure.net/secrets/secret1/d87ebccd8a424f979f62bb0c377400c8","attributes":{"enabled":true,"created":1570212152,"updated":1570212152,"recoveryLevel":"Recoverable+Purgeable"}}'}
    headers: {cache-control: no-cache, content-length: '360', content-type: application/json;
        charset=utf-8, date: 'Fri, 04 Oct 2019 18:02:33 GMT', expires: '-1', pragma: no-cache,
      server: Microsoft-IIS/10.0, strict-transport-security: max-age=31536000;includeSubDomains,
      x-aspnet-version: 4.0.30319, x-content-type-options: nosniff, x-ms-keyvault-network-info: addr=131.107.160.72;act_addr_fam=InterNetwork;,
      x-ms-keyvault-region: westus, x-ms-keyvault-service-version: 1.1.0.879, x-powered-by: ASP.NET}
    status: {code: 200, message: OK}
    url: !!python/object/new:yarl.URL
      state: !!python/tuple
      - !!python/object/new:urllib.parse.SplitResult [https, vault8bf41593ca99e4122d.vault.azure.net,
        /secrets/secret1, api-version=7.0, '']
- request:
    body: null
    headers:
      Accept: [application/json]
      User-Agent: [azsdk-python-keyvault-secrets/4.0.0b4 Python/3.6.6 (Windows-10-10.0.18362-SP0)]
    method: DELETE
    uri: https://vault8bf41593ca99e4122d.vault.azure.net/secrets/secret2?api-version=7.0
  response:
    body: {string: '{"recoveryId":"https://vault8bf41593ca99e4122d.vault.azure.net/deletedsecrets/secret2","deletedDate":1570212154,"scheduledPurgeDate":1577988154,"id":"https://vault8bf41593ca99e4122d.vault.azure.net/secrets/secret2/73dd4f15304048b4b92ba27961a9d411","attributes":{"enabled":true,"created":1570212152,"updated":1570212152,"recoveryLevel":"Recoverable+Purgeable"}}'}
    headers: {cache-control: no-cache, content-length: '360', content-type: application/json;
        charset=utf-8, date: 'Fri, 04 Oct 2019 18:02:33 GMT', expires: '-1', pragma: no-cache,
      server: Microsoft-IIS/10.0, strict-transport-security: max-age=31536000;includeSubDomains,
      x-aspnet-version: 4.0.30319, x-content-type-options: nosniff, x-ms-keyvault-network-info: addr=131.107.160.72;act_addr_fam=InterNetwork;,
      x-ms-keyvault-region: westus, x-ms-keyvault-service-version: 1.1.0.879, x-powered-by: ASP.NET}
    status: {code: 200, message: OK}
    url: !!python/object/new:yarl.URL
      state: !!python/tuple
      - !!python/object/new:urllib.parse.SplitResult [https, vault8bf41593ca99e4122d.vault.azure.net,
        /secrets/secret2, api-version=7.0, '']
- request:
    body: null
    headers:
      Accept: [application/json]
      User-Agent: [azsdk-python-keyvault-secrets/4.0.0b4 Python/3.6.6 (Windows-10-10.0.18362-SP0)]
    method: DELETE
    uri: https://vault8bf41593ca99e4122d.vault.azure.net/secrets/secret3?api-version=7.0
  response:
    body: {string: '{"recoveryId":"https://vault8bf41593ca99e4122d.vault.azure.net/deletedsecrets/secret3","deletedDate":1570212154,"scheduledPurgeDate":1577988154,"id":"https://vault8bf41593ca99e4122d.vault.azure.net/secrets/secret3/dbe379b61cce4095abaf0f4e047301bc","attributes":{"enabled":true,"created":1570212153,"updated":1570212153,"recoveryLevel":"Recoverable+Purgeable"}}'}
    headers: {cache-control: no-cache, content-length: '360', content-type: application/json;
        charset=utf-8, date: 'Fri, 04 Oct 2019 18:02:33 GMT', expires: '-1', pragma: no-cache,
      server: Microsoft-IIS/10.0, strict-transport-security: max-age=31536000;includeSubDomains,
      x-aspnet-version: 4.0.30319, x-content-type-options: nosniff, x-ms-keyvault-network-info: addr=131.107.160.72;act_addr_fam=InterNetwork;,
      x-ms-keyvault-region: westus, x-ms-keyvault-service-version: 1.1.0.879, x-powered-by: ASP.NET}
    status: {code: 200, message: OK}
    url: !!python/object/new:yarl.URL
      state: !!python/tuple
      - !!python/object/new:urllib.parse.SplitResult [https, vault8bf41593ca99e4122d.vault.azure.net,
        /secrets/secret3, api-version=7.0, '']
- request:
    body: null
    headers:
      Accept: [application/json]
      User-Agent: [azsdk-python-keyvault-secrets/4.0.0b4 Python/3.6.6 (Windows-10-10.0.18362-SP0)]
    method: DELETE
    uri: https://vault8bf41593ca99e4122d.vault.azure.net/secrets/secret4?api-version=7.0
  response:
    body: {string: '{"recoveryId":"https://vault8bf41593ca99e4122d.vault.azure.net/deletedsecrets/secret4","deletedDate":1570212154,"scheduledPurgeDate":1577988154,"id":"https://vault8bf41593ca99e4122d.vault.azure.net/secrets/secret4/55f82a1ce1044f9ab34ea7231a2e042a","attributes":{"enabled":true,"created":1570212153,"updated":1570212153,"recoveryLevel":"Recoverable+Purgeable"}}'}
    headers: {cache-control: no-cache, content-length: '360', content-type: application/json;
        charset=utf-8, date: 'Fri, 04 Oct 2019 18:02:33 GMT', expires: '-1', pragma: no-cache,
      server: Microsoft-IIS/10.0, strict-transport-security: max-age=31536000;includeSubDomains,
      x-aspnet-version: 4.0.30319, x-content-type-options: nosniff, x-ms-keyvault-network-info: addr=131.107.160.72;act_addr_fam=InterNetwork;,
      x-ms-keyvault-region: westus, x-ms-keyvault-service-version: 1.1.0.879, x-powered-by: ASP.NET}
    status: {code: 200, message: OK}
    url: !!python/object/new:yarl.URL
      state: !!python/tuple
      - !!python/object/new:urllib.parse.SplitResult [https, vault8bf41593ca99e4122d.vault.azure.net,
        /secrets/secret4, api-version=7.0, '']
- request:
    body: null
    headers:
      Accept: [application/json]
      User-Agent: [azsdk-python-keyvault-secrets/4.0.0b4 Python/3.6.6 (Windows-10-10.0.18362-SP0)]
    method: DELETE
    uri: https://vault8bf41593ca99e4122d.vault.azure.net/secrets/secret5?api-version=7.0
  response:
    body: {string: '{"recoveryId":"https://vault8bf41593ca99e4122d.vault.azure.net/deletedsecrets/secret5","deletedDate":1570212154,"scheduledPurgeDate":1577988154,"id":"https://vault8bf41593ca99e4122d.vault.azure.net/secrets/secret5/c62c1bbda5114f529ea57c5d98dda83e","attributes":{"enabled":true,"created":1570212153,"updated":1570212153,"recoveryLevel":"Recoverable+Purgeable"}}'}
    headers: {cache-control: no-cache, content-length: '360', content-type: application/json;
        charset=utf-8, date: 'Fri, 04 Oct 2019 18:02:33 GMT', expires: '-1', pragma: no-cache,
      server: Microsoft-IIS/10.0, strict-transport-security: max-age=31536000;includeSubDomains,
      x-aspnet-version: 4.0.30319, x-content-type-options: nosniff, x-ms-keyvault-network-info: addr=131.107.160.72;act_addr_fam=InterNetwork;,
      x-ms-keyvault-region: westus, x-ms-keyvault-service-version: 1.1.0.879, x-powered-by: ASP.NET}
    status: {code: 200, message: OK}
    url: !!python/object/new:yarl.URL
      state: !!python/tuple
      - !!python/object/new:urllib.parse.SplitResult [https, vault8bf41593ca99e4122d.vault.azure.net,
        /secrets/secret5, api-version=7.0, '']
- request:
    body: null
    headers:
      Accept: [application/json]
      User-Agent: [azsdk-python-keyvault-secrets/4.0.0b4 Python/3.6.6 (Windows-10-10.0.18362-SP0)]
    method: DELETE
    uri: https://vault8bf41593ca99e4122d.vault.azure.net/secrets/secret6?api-version=7.0
  response:
    body: {string: '{"recoveryId":"https://vault8bf41593ca99e4122d.vault.azure.net/deletedsecrets/secret6","deletedDate":1570212154,"scheduledPurgeDate":1577988154,"id":"https://vault8bf41593ca99e4122d.vault.azure.net/secrets/secret6/f178f1aeb2ae414680522f03bf4bc38d","attributes":{"enabled":true,"created":1570212153,"updated":1570212153,"recoveryLevel":"Recoverable+Purgeable"}}'}
    headers: {cache-control: no-cache, content-length: '360', content-type: application/json;
        charset=utf-8, date: 'Fri, 04 Oct 2019 18:02:34 GMT', expires: '-1', pragma: no-cache,
      server: Microsoft-IIS/10.0, strict-transport-security: max-age=31536000;includeSubDomains,
      x-aspnet-version: 4.0.30319, x-content-type-options: nosniff, x-ms-keyvault-network-info: addr=131.107.160.72;act_addr_fam=InterNetwork;,
      x-ms-keyvault-region: westus, x-ms-keyvault-service-version: 1.1.0.879, x-powered-by: ASP.NET}
    status: {code: 200, message: OK}
    url: !!python/object/new:yarl.URL
      state: !!python/tuple
      - !!python/object/new:urllib.parse.SplitResult [https, vault8bf41593ca99e4122d.vault.azure.net,
        /secrets/secret6, api-version=7.0, '']
- request:
    body: null
    headers:
      Accept: [application/json]
      User-Agent: [azsdk-python-keyvault-secrets/4.0.0b4 Python/3.6.6 (Windows-10-10.0.18362-SP0)]
    method: GET
    uri: https://vault8bf41593ca99e4122d.vault.azure.net/deletedsecrets/secret0?api-version=7.0
  response:
    body: {string: '{"error":{"code":"SecretNotFound","message":"Deleted Secret not
        found: secret0"}}'}
    headers: {cache-control: no-cache, content-length: '81', content-type: application/json;
        charset=utf-8, date: 'Fri, 04 Oct 2019 18:02:34 GMT', expires: '-1', pragma: no-cache,
      server: Microsoft-IIS/10.0, strict-transport-security: max-age=31536000;includeSubDomains,
      x-aspnet-version: 4.0.30319, x-content-type-options: nosniff, x-ms-keyvault-network-info: addr=131.107.160.72;act_addr_fam=InterNetwork;,
      x-ms-keyvault-region: westus, x-ms-keyvault-service-version: 1.1.0.879, x-powered-by: ASP.NET}
    status: {code: 404, message: Not Found}
    url: !!python/object/new:yarl.URL
      state: !!python/tuple
      - !!python/object/new:urllib.parse.SplitResult [https, vault8bf41593ca99e4122d.vault.azure.net,
        /deletedsecrets/secret0, api-version=7.0, '']
- request:
    body: null
    headers:
      Accept: [application/json]
      User-Agent: [azsdk-python-keyvault-secrets/4.0.0b4 Python/3.6.6 (Windows-10-10.0.18362-SP0)]
    method: GET
    uri: https://vault8bf41593ca99e4122d.vault.azure.net/deletedsecrets/secret0?api-version=7.0
  response:
    body: {string: '{"error":{"code":"SecretNotFound","message":"Deleted Secret not
        found: secret0"}}'}
    headers: {cache-control: no-cache, content-length: '81', content-type: application/json;
        charset=utf-8, date: 'Fri, 04 Oct 2019 18:02:37 GMT', expires: '-1', pragma: no-cache,
      server: Microsoft-IIS/10.0, strict-transport-security: max-age=31536000;includeSubDomains,
      x-aspnet-version: 4.0.30319, x-content-type-options: nosniff, x-ms-keyvault-network-info: addr=131.107.160.72;act_addr_fam=InterNetwork;,
      x-ms-keyvault-region: westus, x-ms-keyvault-service-version: 1.1.0.879, x-powered-by: ASP.NET}
    status: {code: 404, message: Not Found}
    url: !!python/object/new:yarl.URL
      state: !!python/tuple
      - !!python/object/new:urllib.parse.SplitResult [https, vault8bf41593ca99e4122d.vault.azure.net,
        /deletedsecrets/secret0, api-version=7.0, '']
- request:
    body: null
    headers:
      Accept: [application/json]
      User-Agent: [azsdk-python-keyvault-secrets/4.0.0b4 Python/3.6.6 (Windows-10-10.0.18362-SP0)]
    method: GET
    uri: https://vault8bf41593ca99e4122d.vault.azure.net/deletedsecrets/secret0?api-version=7.0
  response:
    body: {string: '{"error":{"code":"SecretNotFound","message":"Deleted Secret not
        found: secret0"}}'}
    headers: {cache-control: no-cache, content-length: '81', content-type: application/json;
        charset=utf-8, date: 'Fri, 04 Oct 2019 18:02:40 GMT', expires: '-1', pragma: no-cache,
      server: Microsoft-IIS/10.0, strict-transport-security: max-age=31536000;includeSubDomains,
      x-aspnet-version: 4.0.30319, x-content-type-options: nosniff, x-ms-keyvault-network-info: addr=131.107.160.72;act_addr_fam=InterNetwork;,
      x-ms-keyvault-region: westus, x-ms-keyvault-service-version: 1.1.0.879, x-powered-by: ASP.NET}
    status: {code: 404, message: Not Found}
    url: !!python/object/new:yarl.URL
      state: !!python/tuple
      - !!python/object/new:urllib.parse.SplitResult [https, vault8bf41593ca99e4122d.vault.azure.net,
        /deletedsecrets/secret0, api-version=7.0, '']
- request:
    body: null
    headers:
      Accept: [application/json]
      User-Agent: [azsdk-python-keyvault-secrets/4.0.0b4 Python/3.6.6 (Windows-10-10.0.18362-SP0)]
    method: GET
    uri: https://vault8bf41593ca99e4122d.vault.azure.net/deletedsecrets/secret0?api-version=7.0
  response:
    body: {string: '{"error":{"code":"SecretNotFound","message":"Deleted Secret not
        found: secret0"}}'}
    headers: {cache-control: no-cache, content-length: '81', content-type: application/json;
        charset=utf-8, date: 'Fri, 04 Oct 2019 18:02:43 GMT', expires: '-1', pragma: no-cache,
      server: Microsoft-IIS/10.0, strict-transport-security: max-age=31536000;includeSubDomains,
      x-aspnet-version: 4.0.30319, x-content-type-options: nosniff, x-ms-keyvault-network-info: addr=131.107.160.72;act_addr_fam=InterNetwork;,
      x-ms-keyvault-region: westus, x-ms-keyvault-service-version: 1.1.0.879, x-powered-by: ASP.NET}
    status: {code: 404, message: Not Found}
    url: !!python/object/new:yarl.URL
      state: !!python/tuple
      - !!python/object/new:urllib.parse.SplitResult [https, vault8bf41593ca99e4122d.vault.azure.net,
        /deletedsecrets/secret0, api-version=7.0, '']
- request:
    body: null
    headers:
      Accept: [application/json]
      User-Agent: [azsdk-python-keyvault-secrets/4.0.0b4 Python/3.6.6 (Windows-10-10.0.18362-SP0)]
    method: GET
    uri: https://vault8bf41593ca99e4122d.vault.azure.net/deletedsecrets/secret0?api-version=7.0
  response:
    body: {string: '{"error":{"code":"SecretNotFound","message":"Deleted Secret not
        found: secret0"}}'}
    headers: {cache-control: no-cache, content-length: '81', content-type: application/json;
        charset=utf-8, date: 'Fri, 04 Oct 2019 18:02:46 GMT', expires: '-1', pragma: no-cache,
      server: Microsoft-IIS/10.0, strict-transport-security: max-age=31536000;includeSubDomains,
      x-aspnet-version: 4.0.30319, x-content-type-options: nosniff, x-ms-keyvault-network-info: addr=131.107.160.72;act_addr_fam=InterNetwork;,
      x-ms-keyvault-region: westus, x-ms-keyvault-service-version: 1.1.0.879, x-powered-by: ASP.NET}
    status: {code: 404, message: Not Found}
    url: !!python/object/new:yarl.URL
      state: !!python/tuple
      - !!python/object/new:urllib.parse.SplitResult [https, vault8bf41593ca99e4122d.vault.azure.net,
        /deletedsecrets/secret0, api-version=7.0, '']
- request:
    body: null
    headers:
      Accept: [application/json]
      User-Agent: [azsdk-python-keyvault-secrets/4.0.0b4 Python/3.6.6 (Windows-10-10.0.18362-SP0)]
    method: GET
    uri: https://vault8bf41593ca99e4122d.vault.azure.net/deletedsecrets/secret0?api-version=7.0
  response:
    body: {string: '{"error":{"code":"SecretNotFound","message":"Deleted Secret not
        found: secret0"}}'}
    headers: {cache-control: no-cache, content-length: '81', content-type: application/json;
        charset=utf-8, date: 'Fri, 04 Oct 2019 18:02:49 GMT', expires: '-1', pragma: no-cache,
      server: Microsoft-IIS/10.0, strict-transport-security: max-age=31536000;includeSubDomains,
      x-aspnet-version: 4.0.30319, x-content-type-options: nosniff, x-ms-keyvault-network-info: addr=131.107.160.72;act_addr_fam=InterNetwork;,
      x-ms-keyvault-region: westus, x-ms-keyvault-service-version: 1.1.0.879, x-powered-by: ASP.NET}
    status: {code: 404, message: Not Found}
    url: !!python/object/new:yarl.URL
      state: !!python/tuple
      - !!python/object/new:urllib.parse.SplitResult [https, vault8bf41593ca99e4122d.vault.azure.net,
        /deletedsecrets/secret0, api-version=7.0, '']
- request:
    body: null
    headers:
      Accept: [application/json]
      User-Agent: [azsdk-python-keyvault-secrets/4.0.0b4 Python/3.6.6 (Windows-10-10.0.18362-SP0)]
    method: GET
    uri: https://vault8bf41593ca99e4122d.vault.azure.net/deletedsecrets/secret0?api-version=7.0
  response:
    body: {string: '{"error":{"code":"SecretNotFound","message":"Deleted Secret not
        found: secret0"}}'}
    headers: {cache-control: no-cache, content-length: '81', content-type: application/json;
        charset=utf-8, date: 'Fri, 04 Oct 2019 18:02:52 GMT', expires: '-1', pragma: no-cache,
      server: Microsoft-IIS/10.0, strict-transport-security: max-age=31536000;includeSubDomains,
      x-aspnet-version: 4.0.30319, x-content-type-options: nosniff, x-ms-keyvault-network-info: addr=131.107.160.72;act_addr_fam=InterNetwork;,
      x-ms-keyvault-region: westus, x-ms-keyvault-service-version: 1.1.0.879, x-powered-by: ASP.NET}
    status: {code: 404, message: Not Found}
    url: !!python/object/new:yarl.URL
      state: !!python/tuple
      - !!python/object/new:urllib.parse.SplitResult [https, vault8bf41593ca99e4122d.vault.azure.net,
        /deletedsecrets/secret0, api-version=7.0, '']
- request:
    body: null
    headers:
      Accept: [application/json]
      User-Agent: [azsdk-python-keyvault-secrets/4.0.0b4 Python/3.6.6 (Windows-10-10.0.18362-SP0)]
    method: GET
    uri: https://vault8bf41593ca99e4122d.vault.azure.net/deletedsecrets/secret0?api-version=7.0
  response:
    body: {string: '{"error":{"code":"SecretNotFound","message":"Deleted Secret not
        found: secret0"}}'}
    headers: {cache-control: no-cache, content-length: '81', content-type: application/json;
        charset=utf-8, date: 'Fri, 04 Oct 2019 18:02:55 GMT', expires: '-1', pragma: no-cache,
      server: Microsoft-IIS/10.0, strict-transport-security: max-age=31536000;includeSubDomains,
      x-aspnet-version: 4.0.30319, x-content-type-options: nosniff, x-ms-keyvault-network-info: addr=131.107.160.72;act_addr_fam=InterNetwork;,
      x-ms-keyvault-region: westus, x-ms-keyvault-service-version: 1.1.0.879, x-powered-by: ASP.NET}
    status: {code: 404, message: Not Found}
    url: !!python/object/new:yarl.URL
      state: !!python/tuple
      - !!python/object/new:urllib.parse.SplitResult [https, vault8bf41593ca99e4122d.vault.azure.net,
        /deletedsecrets/secret0, api-version=7.0, '']
- request:
    body: null
    headers:
      Accept: [application/json]
      User-Agent: [azsdk-python-keyvault-secrets/4.0.0b4 Python/3.6.6 (Windows-10-10.0.18362-SP0)]
    method: GET
    uri: https://vault8bf41593ca99e4122d.vault.azure.net/deletedsecrets/secret0?api-version=7.0
  response:
    body: {string: '{"recoveryId":"https://vault8bf41593ca99e4122d.vault.azure.net/deletedsecrets/secret0","deletedDate":1570212153,"scheduledPurgeDate":1577988153,"id":"https://vault8bf41593ca99e4122d.vault.azure.net/secrets/secret0/d81163c6e2b6422e82382841faa023b9","attributes":{"enabled":true,"created":1570212152,"updated":1570212152,"recoveryLevel":"Recoverable+Purgeable"}}'}
    headers: {cache-control: no-cache, content-length: '360', content-type: application/json;
        charset=utf-8, date: 'Fri, 04 Oct 2019 18:02:58 GMT', expires: '-1', pragma: no-cache,
      server: Microsoft-IIS/10.0, strict-transport-security: max-age=31536000;includeSubDomains,
      x-aspnet-version: 4.0.30319, x-content-type-options: nosniff, x-ms-keyvault-network-info: addr=131.107.160.72;act_addr_fam=InterNetwork;,
      x-ms-keyvault-region: westus, x-ms-keyvault-service-version: 1.1.0.879, x-powered-by: ASP.NET}
    status: {code: 200, message: OK}
    url: !!python/object/new:yarl.URL
      state: !!python/tuple
      - !!python/object/new:urllib.parse.SplitResult [https, vault8bf41593ca99e4122d.vault.azure.net,
        /deletedsecrets/secret0, api-version=7.0, '']
- request:
    body: null
    headers:
      Accept: [application/json]
      User-Agent: [azsdk-python-keyvault-secrets/4.0.0b4 Python/3.6.6 (Windows-10-10.0.18362-SP0)]
    method: GET
    uri: https://vault8bf41593ca99e4122d.vault.azure.net/deletedsecrets/secret1?api-version=7.0
  response:
    body: {string: '{"recoveryId":"https://vault8bf41593ca99e4122d.vault.azure.net/deletedsecrets/secret1","deletedDate":1570212153,"scheduledPurgeDate":1577988153,"id":"https://vault8bf41593ca99e4122d.vault.azure.net/secrets/secret1/d87ebccd8a424f979f62bb0c377400c8","attributes":{"enabled":true,"created":1570212152,"updated":1570212152,"recoveryLevel":"Recoverable+Purgeable"}}'}
    headers: {cache-control: no-cache, content-length: '360', content-type: application/json;
        charset=utf-8, date: 'Fri, 04 Oct 2019 18:02:58 GMT', expires: '-1', pragma: no-cache,
      server: Microsoft-IIS/10.0, strict-transport-security: max-age=31536000;includeSubDomains,
      x-aspnet-version: 4.0.30319, x-content-type-options: nosniff, x-ms-keyvault-network-info: addr=131.107.160.72;act_addr_fam=InterNetwork;,
      x-ms-keyvault-region: westus, x-ms-keyvault-service-version: 1.1.0.879, x-powered-by: ASP.NET}
    status: {code: 200, message: OK}
    url: !!python/object/new:yarl.URL
      state: !!python/tuple
      - !!python/object/new:urllib.parse.SplitResult [https, vault8bf41593ca99e4122d.vault.azure.net,
        /deletedsecrets/secret1, api-version=7.0, '']
- request:
    body: null
    headers:
      Accept: [application/json]
      User-Agent: [azsdk-python-keyvault-secrets/4.0.0b4 Python/3.6.6 (Windows-10-10.0.18362-SP0)]
    method: GET
    uri: https://vault8bf41593ca99e4122d.vault.azure.net/deletedsecrets/secret2?api-version=7.0
  response:
    body: {string: '{"error":{"code":"SecretNotFound","message":"Deleted Secret not
        found: secret2"}}'}
    headers: {cache-control: no-cache, content-length: '81', content-type: application/json;
        charset=utf-8, date: 'Fri, 04 Oct 2019 18:02:58 GMT', expires: '-1', pragma: no-cache,
      server: Microsoft-IIS/10.0, strict-transport-security: max-age=31536000;includeSubDomains,
      x-aspnet-version: 4.0.30319, x-content-type-options: nosniff, x-ms-keyvault-network-info: addr=131.107.160.72;act_addr_fam=InterNetwork;,
      x-ms-keyvault-region: westus, x-ms-keyvault-service-version: 1.1.0.879, x-powered-by: ASP.NET}
    status: {code: 404, message: Not Found}
    url: !!python/object/new:yarl.URL
      state: !!python/tuple
      - !!python/object/new:urllib.parse.SplitResult [https, vault8bf41593ca99e4122d.vault.azure.net,
        /deletedsecrets/secret2, api-version=7.0, '']
- request:
    body: null
    headers:
      Accept: [application/json]
      User-Agent: [azsdk-python-keyvault-secrets/4.0.0b4 Python/3.6.6 (Windows-10-10.0.18362-SP0)]
    method: GET
    uri: https://vault8bf41593ca99e4122d.vault.azure.net/deletedsecrets/secret2?api-version=7.0
  response:
    body: {string: '{"recoveryId":"https://vault8bf41593ca99e4122d.vault.azure.net/deletedsecrets/secret2","deletedDate":1570212154,"scheduledPurgeDate":1577988154,"id":"https://vault8bf41593ca99e4122d.vault.azure.net/secrets/secret2/73dd4f15304048b4b92ba27961a9d411","attributes":{"enabled":true,"created":1570212152,"updated":1570212152,"recoveryLevel":"Recoverable+Purgeable"}}'}
    headers: {cache-control: no-cache, content-length: '360', content-type: application/json;
        charset=utf-8, date: 'Fri, 04 Oct 2019 18:03:01 GMT', expires: '-1', pragma: no-cache,
      server: Microsoft-IIS/10.0, strict-transport-security: max-age=31536000;includeSubDomains,
      x-aspnet-version: 4.0.30319, x-content-type-options: nosniff, x-ms-keyvault-network-info: addr=131.107.160.72;act_addr_fam=InterNetwork;,
      x-ms-keyvault-region: westus, x-ms-keyvault-service-version: 1.1.0.879, x-powered-by: ASP.NET}
    status: {code: 200, message: OK}
    url: !!python/object/new:yarl.URL
      state: !!python/tuple
      - !!python/object/new:urllib.parse.SplitResult [https, vault8bf41593ca99e4122d.vault.azure.net,
        /deletedsecrets/secret2, api-version=7.0, '']
- request:
    body: null
    headers:
      Accept: [application/json]
      User-Agent: [azsdk-python-keyvault-secrets/4.0.0b4 Python/3.6.6 (Windows-10-10.0.18362-SP0)]
    method: GET
    uri: https://vault8bf41593ca99e4122d.vault.azure.net/deletedsecrets/secret3?api-version=7.0
  response:
    body: {string: '{"recoveryId":"https://vault8bf41593ca99e4122d.vault.azure.net/deletedsecrets/secret3","deletedDate":1570212154,"scheduledPurgeDate":1577988154,"id":"https://vault8bf41593ca99e4122d.vault.azure.net/secrets/secret3/dbe379b61cce4095abaf0f4e047301bc","attributes":{"enabled":true,"created":1570212153,"updated":1570212153,"recoveryLevel":"Recoverable+Purgeable"}}'}
    headers: {cache-control: no-cache, content-length: '360', content-type: application/json;
        charset=utf-8, date: 'Fri, 04 Oct 2019 18:03:01 GMT', expires: '-1', pragma: no-cache,
      server: Microsoft-IIS/10.0, strict-transport-security: max-age=31536000;includeSubDomains,
      x-aspnet-version: 4.0.30319, x-content-type-options: nosniff, x-ms-keyvault-network-info: addr=131.107.160.72;act_addr_fam=InterNetwork;,
      x-ms-keyvault-region: westus, x-ms-keyvault-service-version: 1.1.0.879, x-powered-by: ASP.NET}
    status: {code: 200, message: OK}
    url: !!python/object/new:yarl.URL
      state: !!python/tuple
      - !!python/object/new:urllib.parse.SplitResult [https, vault8bf41593ca99e4122d.vault.azure.net,
        /deletedsecrets/secret3, api-version=7.0, '']
- request:
    body: null
    headers:
      Accept: [application/json]
      User-Agent: [azsdk-python-keyvault-secrets/4.0.0b4 Python/3.6.6 (Windows-10-10.0.18362-SP0)]
    method: GET
    uri: https://vault8bf41593ca99e4122d.vault.azure.net/deletedsecrets/secret4?api-version=7.0
  response:
    body: {string: '{"recoveryId":"https://vault8bf41593ca99e4122d.vault.azure.net/deletedsecrets/secret4","deletedDate":1570212154,"scheduledPurgeDate":1577988154,"id":"https://vault8bf41593ca99e4122d.vault.azure.net/secrets/secret4/55f82a1ce1044f9ab34ea7231a2e042a","attributes":{"enabled":true,"created":1570212153,"updated":1570212153,"recoveryLevel":"Recoverable+Purgeable"}}'}
    headers: {cache-control: no-cache, content-length: '360', content-type: application/json;
        charset=utf-8, date: 'Fri, 04 Oct 2019 18:03:01 GMT', expires: '-1', pragma: no-cache,
      server: Microsoft-IIS/10.0, strict-transport-security: max-age=31536000;includeSubDomains,
      x-aspnet-version: 4.0.30319, x-content-type-options: nosniff, x-ms-keyvault-network-info: addr=131.107.160.72;act_addr_fam=InterNetwork;,
      x-ms-keyvault-region: westus, x-ms-keyvault-service-version: 1.1.0.879, x-powered-by: ASP.NET}
    status: {code: 200, message: OK}
    url: !!python/object/new:yarl.URL
      state: !!python/tuple
      - !!python/object/new:urllib.parse.SplitResult [https, vault8bf41593ca99e4122d.vault.azure.net,
        /deletedsecrets/secret4, api-version=7.0, '']
- request:
    body: null
    headers:
      Accept: [application/json]
      User-Agent: [azsdk-python-keyvault-secrets/4.0.0b4 Python/3.6.6 (Windows-10-10.0.18362-SP0)]
    method: GET
    uri: https://vault8bf41593ca99e4122d.vault.azure.net/deletedsecrets/secret5?api-version=7.0
  response:
    body: {string: '{"recoveryId":"https://vault8bf41593ca99e4122d.vault.azure.net/deletedsecrets/secret5","deletedDate":1570212154,"scheduledPurgeDate":1577988154,"id":"https://vault8bf41593ca99e4122d.vault.azure.net/secrets/secret5/c62c1bbda5114f529ea57c5d98dda83e","attributes":{"enabled":true,"created":1570212153,"updated":1570212153,"recoveryLevel":"Recoverable+Purgeable"}}'}
    headers: {cache-control: no-cache, content-length: '360', content-type: application/json;
        charset=utf-8, date: 'Fri, 04 Oct 2019 18:03:01 GMT', expires: '-1', pragma: no-cache,
      server: Microsoft-IIS/10.0, strict-transport-security: max-age=31536000;includeSubDomains,
      x-aspnet-version: 4.0.30319, x-content-type-options: nosniff, x-ms-keyvault-network-info: addr=131.107.160.72;act_addr_fam=InterNetwork;,
      x-ms-keyvault-region: westus, x-ms-keyvault-service-version: 1.1.0.879, x-powered-by: ASP.NET}
    status: {code: 200, message: OK}
    url: !!python/object/new:yarl.URL
      state: !!python/tuple
      - !!python/object/new:urllib.parse.SplitResult [https, vault8bf41593ca99e4122d.vault.azure.net,
        /deletedsecrets/secret5, api-version=7.0, '']
- request:
    body: null
    headers:
      Accept: [application/json]
      User-Agent: [azsdk-python-keyvault-secrets/4.0.0b4 Python/3.6.6 (Windows-10-10.0.18362-SP0)]
    method: GET
    uri: https://vault8bf41593ca99e4122d.vault.azure.net/deletedsecrets/secret6?api-version=7.0
  response:
    body: {string: '{"recoveryId":"https://vault8bf41593ca99e4122d.vault.azure.net/deletedsecrets/secret6","deletedDate":1570212154,"scheduledPurgeDate":1577988154,"id":"https://vault8bf41593ca99e4122d.vault.azure.net/secrets/secret6/f178f1aeb2ae414680522f03bf4bc38d","attributes":{"enabled":true,"created":1570212153,"updated":1570212153,"recoveryLevel":"Recoverable+Purgeable"}}'}
    headers: {cache-control: no-cache, content-length: '360', content-type: application/json;
        charset=utf-8, date: 'Fri, 04 Oct 2019 18:03:01 GMT', expires: '-1', pragma: no-cache,
      server: Microsoft-IIS/10.0, strict-transport-security: max-age=31536000;includeSubDomains,
      x-aspnet-version: 4.0.30319, x-content-type-options: nosniff, x-ms-keyvault-network-info: addr=131.107.160.72;act_addr_fam=InterNetwork;,
      x-ms-keyvault-region: westus, x-ms-keyvault-service-version: 1.1.0.879, x-powered-by: ASP.NET}
    status: {code: 200, message: OK}
    url: !!python/object/new:yarl.URL
      state: !!python/tuple
      - !!python/object/new:urllib.parse.SplitResult [https, vault8bf41593ca99e4122d.vault.azure.net,
        /deletedsecrets/secret6, api-version=7.0, '']
- request:
    body: null
    headers:
      Accept: [application/json]
      User-Agent: [azsdk-python-keyvault-secrets/4.0.0b4 Python/3.6.6 (Windows-10-10.0.18362-SP0)]
    method: GET
    uri: https://vault8bf41593ca99e4122d.vault.azure.net/deletedsecrets/secret0?api-version=7.0
  response:
    body: {string: '{"recoveryId":"https://vault8bf41593ca99e4122d.vault.azure.net/deletedsecrets/secret0","deletedDate":1570212153,"scheduledPurgeDate":1577988153,"id":"https://vault8bf41593ca99e4122d.vault.azure.net/secrets/secret0/d81163c6e2b6422e82382841faa023b9","attributes":{"enabled":true,"created":1570212152,"updated":1570212152,"recoveryLevel":"Recoverable+Purgeable"}}'}
    headers: {cache-control: no-cache, content-length: '360', content-type: application/json;
        charset=utf-8, date: 'Fri, 04 Oct 2019 18:03:01 GMT', expires: '-1', pragma: no-cache,
      server: Microsoft-IIS/10.0, strict-transport-security: max-age=31536000;includeSubDomains,
      x-aspnet-version: 4.0.30319, x-content-type-options: nosniff, x-ms-keyvault-network-info: addr=131.107.160.72;act_addr_fam=InterNetwork;,
      x-ms-keyvault-region: westus, x-ms-keyvault-service-version: 1.1.0.879, x-powered-by: ASP.NET}
    status: {code: 200, message: OK}
    url: !!python/object/new:yarl.URL
      state: !!python/tuple
      - !!python/object/new:urllib.parse.SplitResult [https, vault8bf41593ca99e4122d.vault.azure.net,
        /deletedsecrets/secret0, api-version=7.0, '']
- request:
    body: null
    headers:
      Accept: [application/json]
      User-Agent: [azsdk-python-keyvault-secrets/4.0.0b4 Python/3.6.6 (Windows-10-10.0.18362-SP0)]
    method: GET
    uri: https://vault8bf41593ca99e4122d.vault.azure.net/deletedsecrets/secret1?api-version=7.0
  response:
    body: {string: '{"recoveryId":"https://vault8bf41593ca99e4122d.vault.azure.net/deletedsecrets/secret1","deletedDate":1570212153,"scheduledPurgeDate":1577988153,"id":"https://vault8bf41593ca99e4122d.vault.azure.net/secrets/secret1/d87ebccd8a424f979f62bb0c377400c8","attributes":{"enabled":true,"created":1570212152,"updated":1570212152,"recoveryLevel":"Recoverable+Purgeable"}}'}
    headers: {cache-control: no-cache, content-length: '360', content-type: application/json;
        charset=utf-8, date: 'Fri, 04 Oct 2019 18:03:01 GMT', expires: '-1', pragma: no-cache,
      server: Microsoft-IIS/10.0, strict-transport-security: max-age=31536000;includeSubDomains,
      x-aspnet-version: 4.0.30319, x-content-type-options: nosniff, x-ms-keyvault-network-info: addr=131.107.160.72;act_addr_fam=InterNetwork;,
      x-ms-keyvault-region: westus, x-ms-keyvault-service-version: 1.1.0.879, x-powered-by: ASP.NET}
    status: {code: 200, message: OK}
    url: !!python/object/new:yarl.URL
      state: !!python/tuple
      - !!python/object/new:urllib.parse.SplitResult [https, vault8bf41593ca99e4122d.vault.azure.net,
        /deletedsecrets/secret1, api-version=7.0, '']
- request:
    body: null
    headers:
      Accept: [application/json]
      User-Agent: [azsdk-python-keyvault-secrets/4.0.0b4 Python/3.6.6 (Windows-10-10.0.18362-SP0)]
    method: GET
    uri: https://vault8bf41593ca99e4122d.vault.azure.net/deletedsecrets/secret2?api-version=7.0
  response:
    body: {string: '{"recoveryId":"https://vault8bf41593ca99e4122d.vault.azure.net/deletedsecrets/secret2","deletedDate":1570212154,"scheduledPurgeDate":1577988154,"id":"https://vault8bf41593ca99e4122d.vault.azure.net/secrets/secret2/73dd4f15304048b4b92ba27961a9d411","attributes":{"enabled":true,"created":1570212152,"updated":1570212152,"recoveryLevel":"Recoverable+Purgeable"}}'}
    headers: {cache-control: no-cache, content-length: '360', content-type: application/json;
        charset=utf-8, date: 'Fri, 04 Oct 2019 18:03:01 GMT', expires: '-1', pragma: no-cache,
      server: Microsoft-IIS/10.0, strict-transport-security: max-age=31536000;includeSubDomains,
      x-aspnet-version: 4.0.30319, x-content-type-options: nosniff, x-ms-keyvault-network-info: addr=131.107.160.72;act_addr_fam=InterNetwork;,
      x-ms-keyvault-region: westus, x-ms-keyvault-service-version: 1.1.0.879, x-powered-by: ASP.NET}
    status: {code: 200, message: OK}
    url: !!python/object/new:yarl.URL
      state: !!python/tuple
      - !!python/object/new:urllib.parse.SplitResult [https, vault8bf41593ca99e4122d.vault.azure.net,
        /deletedsecrets/secret2, api-version=7.0, '']
- request:
    body: null
    headers:
      Accept: [application/json]
      User-Agent: [azsdk-python-keyvault-secrets/4.0.0b4 Python/3.6.6 (Windows-10-10.0.18362-SP0)]
    method: GET
    uri: https://vault8bf41593ca99e4122d.vault.azure.net/deletedsecrets/secret3?api-version=7.0
  response:
    body: {string: '{"recoveryId":"https://vault8bf41593ca99e4122d.vault.azure.net/deletedsecrets/secret3","deletedDate":1570212154,"scheduledPurgeDate":1577988154,"id":"https://vault8bf41593ca99e4122d.vault.azure.net/secrets/secret3/dbe379b61cce4095abaf0f4e047301bc","attributes":{"enabled":true,"created":1570212153,"updated":1570212153,"recoveryLevel":"Recoverable+Purgeable"}}'}
    headers: {cache-control: no-cache, content-length: '360', content-type: application/json;
        charset=utf-8, date: 'Fri, 04 Oct 2019 18:03:01 GMT', expires: '-1', pragma: no-cache,
      server: Microsoft-IIS/10.0, strict-transport-security: max-age=31536000;includeSubDomains,
      x-aspnet-version: 4.0.30319, x-content-type-options: nosniff, x-ms-keyvault-network-info: addr=131.107.160.72;act_addr_fam=InterNetwork;,
      x-ms-keyvault-region: westus, x-ms-keyvault-service-version: 1.1.0.879, x-powered-by: ASP.NET}
    status: {code: 200, message: OK}
    url: !!python/object/new:yarl.URL
      state: !!python/tuple
      - !!python/object/new:urllib.parse.SplitResult [https, vault8bf41593ca99e4122d.vault.azure.net,
        /deletedsecrets/secret3, api-version=7.0, '']
- request:
    body: null
    headers:
      Accept: [application/json]
      User-Agent: [azsdk-python-keyvault-secrets/4.0.0b4 Python/3.6.6 (Windows-10-10.0.18362-SP0)]
    method: GET
    uri: https://vault8bf41593ca99e4122d.vault.azure.net/deletedsecrets/secret4?api-version=7.0
  response:
    body: {string: '{"recoveryId":"https://vault8bf41593ca99e4122d.vault.azure.net/deletedsecrets/secret4","deletedDate":1570212154,"scheduledPurgeDate":1577988154,"id":"https://vault8bf41593ca99e4122d.vault.azure.net/secrets/secret4/55f82a1ce1044f9ab34ea7231a2e042a","attributes":{"enabled":true,"created":1570212153,"updated":1570212153,"recoveryLevel":"Recoverable+Purgeable"}}'}
    headers: {cache-control: no-cache, content-length: '360', content-type: application/json;
        charset=utf-8, date: 'Fri, 04 Oct 2019 18:03:01 GMT', expires: '-1', pragma: no-cache,
      server: Microsoft-IIS/10.0, strict-transport-security: max-age=31536000;includeSubDomains,
      x-aspnet-version: 4.0.30319, x-content-type-options: nosniff, x-ms-keyvault-network-info: addr=131.107.160.72;act_addr_fam=InterNetwork;,
      x-ms-keyvault-region: westus, x-ms-keyvault-service-version: 1.1.0.879, x-powered-by: ASP.NET}
    status: {code: 200, message: OK}
    url: !!python/object/new:yarl.URL
      state: !!python/tuple
      - !!python/object/new:urllib.parse.SplitResult [https, vault8bf41593ca99e4122d.vault.azure.net,
        /deletedsecrets/secret4, api-version=7.0, '']
- request:
    body: null
    headers:
      Accept: [application/json]
      User-Agent: [azsdk-python-keyvault-secrets/4.0.0b4 Python/3.6.6 (Windows-10-10.0.18362-SP0)]
    method: GET
    uri: https://vault8bf41593ca99e4122d.vault.azure.net/deletedsecrets/secret5?api-version=7.0
  response:
    body: {string: '{"recoveryId":"https://vault8bf41593ca99e4122d.vault.azure.net/deletedsecrets/secret5","deletedDate":1570212154,"scheduledPurgeDate":1577988154,"id":"https://vault8bf41593ca99e4122d.vault.azure.net/secrets/secret5/c62c1bbda5114f529ea57c5d98dda83e","attributes":{"enabled":true,"created":1570212153,"updated":1570212153,"recoveryLevel":"Recoverable+Purgeable"}}'}
    headers: {cache-control: no-cache, content-length: '360', content-type: application/json;
        charset=utf-8, date: 'Fri, 04 Oct 2019 18:03:02 GMT', expires: '-1', pragma: no-cache,
      server: Microsoft-IIS/10.0, strict-transport-security: max-age=31536000;includeSubDomains,
      x-aspnet-version: 4.0.30319, x-content-type-options: nosniff, x-ms-keyvault-network-info: addr=131.107.160.72;act_addr_fam=InterNetwork;,
      x-ms-keyvault-region: westus, x-ms-keyvault-service-version: 1.1.0.879, x-powered-by: ASP.NET}
    status: {code: 200, message: OK}
    url: !!python/object/new:yarl.URL
      state: !!python/tuple
      - !!python/object/new:urllib.parse.SplitResult [https, vault8bf41593ca99e4122d.vault.azure.net,
        /deletedsecrets/secret5, api-version=7.0, '']
- request:
    body: null
    headers:
      Accept: [application/json]
      User-Agent: [azsdk-python-keyvault-secrets/4.0.0b4 Python/3.6.6 (Windows-10-10.0.18362-SP0)]
    method: GET
    uri: https://vault8bf41593ca99e4122d.vault.azure.net/deletedsecrets/secret6?api-version=7.0
  response:
    body: {string: '{"recoveryId":"https://vault8bf41593ca99e4122d.vault.azure.net/deletedsecrets/secret6","deletedDate":1570212154,"scheduledPurgeDate":1577988154,"id":"https://vault8bf41593ca99e4122d.vault.azure.net/secrets/secret6/f178f1aeb2ae414680522f03bf4bc38d","attributes":{"enabled":true,"created":1570212153,"updated":1570212153,"recoveryLevel":"Recoverable+Purgeable"}}'}
    headers: {cache-control: no-cache, content-length: '360', content-type: application/json;
        charset=utf-8, date: 'Fri, 04 Oct 2019 18:03:02 GMT', expires: '-1', pragma: no-cache,
      server: Microsoft-IIS/10.0, strict-transport-security: max-age=31536000;includeSubDomains,
      x-aspnet-version: 4.0.30319, x-content-type-options: nosniff, x-ms-keyvault-network-info: addr=131.107.160.72;act_addr_fam=InterNetwork;,
      x-ms-keyvault-region: westus, x-ms-keyvault-service-version: 1.1.0.879, x-powered-by: ASP.NET}
    status: {code: 200, message: OK}
    url: !!python/object/new:yarl.URL
      state: !!python/tuple
      - !!python/object/new:urllib.parse.SplitResult [https, vault8bf41593ca99e4122d.vault.azure.net,
        /deletedsecrets/secret6, api-version=7.0, '']
- request:
    body: null
    headers:
      Accept: [application/json]
      User-Agent: [azsdk-python-keyvault-secrets/4.0.0b4 Python/3.6.6 (Windows-10-10.0.18362-SP0)]
    method: GET
    uri: https://vault8bf41593ca99e4122d.vault.azure.net/deletedsecrets/secret0?api-version=7.0
  response:
    body: {string: '{"recoveryId":"https://vault8bf41593ca99e4122d.vault.azure.net/deletedsecrets/secret0","deletedDate":1570212153,"scheduledPurgeDate":1577988153,"id":"https://vault8bf41593ca99e4122d.vault.azure.net/secrets/secret0/d81163c6e2b6422e82382841faa023b9","attributes":{"enabled":true,"created":1570212152,"updated":1570212152,"recoveryLevel":"Recoverable+Purgeable"}}'}
    headers: {cache-control: no-cache, content-length: '360', content-type: application/json;
        charset=utf-8, date: 'Fri, 04 Oct 2019 18:03:02 GMT', expires: '-1', pragma: no-cache,
      server: Microsoft-IIS/10.0, strict-transport-security: max-age=31536000;includeSubDomains,
      x-aspnet-version: 4.0.30319, x-content-type-options: nosniff, x-ms-keyvault-network-info: addr=131.107.160.72;act_addr_fam=InterNetwork;,
      x-ms-keyvault-region: westus, x-ms-keyvault-service-version: 1.1.0.879, x-powered-by: ASP.NET}
    status: {code: 200, message: OK}
    url: !!python/object/new:yarl.URL
      state: !!python/tuple
      - !!python/object/new:urllib.parse.SplitResult [https, vault8bf41593ca99e4122d.vault.azure.net,
        /deletedsecrets/secret0, api-version=7.0, '']
- request:
    body: null
    headers:
      Accept: [application/json]
      User-Agent: [azsdk-python-keyvault-secrets/4.0.0b4 Python/3.6.6 (Windows-10-10.0.18362-SP0)]
    method: GET
    uri: https://vault8bf41593ca99e4122d.vault.azure.net/deletedsecrets/secret1?api-version=7.0
  response:
    body: {string: '{"recoveryId":"https://vault8bf41593ca99e4122d.vault.azure.net/deletedsecrets/secret1","deletedDate":1570212153,"scheduledPurgeDate":1577988153,"id":"https://vault8bf41593ca99e4122d.vault.azure.net/secrets/secret1/d87ebccd8a424f979f62bb0c377400c8","attributes":{"enabled":true,"created":1570212152,"updated":1570212152,"recoveryLevel":"Recoverable+Purgeable"}}'}
    headers: {cache-control: no-cache, content-length: '360', content-type: application/json;
        charset=utf-8, date: 'Fri, 04 Oct 2019 18:03:02 GMT', expires: '-1', pragma: no-cache,
      server: Microsoft-IIS/10.0, strict-transport-security: max-age=31536000;includeSubDomains,
      x-aspnet-version: 4.0.30319, x-content-type-options: nosniff, x-ms-keyvault-network-info: addr=131.107.160.72;act_addr_fam=InterNetwork;,
      x-ms-keyvault-region: westus, x-ms-keyvault-service-version: 1.1.0.879, x-powered-by: ASP.NET}
    status: {code: 200, message: OK}
    url: !!python/object/new:yarl.URL
      state: !!python/tuple
      - !!python/object/new:urllib.parse.SplitResult [https, vault8bf41593ca99e4122d.vault.azure.net,
        /deletedsecrets/secret1, api-version=7.0, '']
- request:
    body: null
    headers:
      Accept: [application/json]
      User-Agent: [azsdk-python-keyvault-secrets/4.0.0b4 Python/3.6.6 (Windows-10-10.0.18362-SP0)]
    method: GET
    uri: https://vault8bf41593ca99e4122d.vault.azure.net/deletedsecrets/secret2?api-version=7.0
  response:
    body: {string: '{"recoveryId":"https://vault8bf41593ca99e4122d.vault.azure.net/deletedsecrets/secret2","deletedDate":1570212154,"scheduledPurgeDate":1577988154,"id":"https://vault8bf41593ca99e4122d.vault.azure.net/secrets/secret2/73dd4f15304048b4b92ba27961a9d411","attributes":{"enabled":true,"created":1570212152,"updated":1570212152,"recoveryLevel":"Recoverable+Purgeable"}}'}
    headers: {cache-control: no-cache, content-length: '360', content-type: application/json;
        charset=utf-8, date: 'Fri, 04 Oct 2019 18:03:02 GMT', expires: '-1', pragma: no-cache,
      server: Microsoft-IIS/10.0, strict-transport-security: max-age=31536000;includeSubDomains,
      x-aspnet-version: 4.0.30319, x-content-type-options: nosniff, x-ms-keyvault-network-info: addr=131.107.160.72;act_addr_fam=InterNetwork;,
      x-ms-keyvault-region: westus, x-ms-keyvault-service-version: 1.1.0.879, x-powered-by: ASP.NET}
    status: {code: 200, message: OK}
    url: !!python/object/new:yarl.URL
      state: !!python/tuple
      - !!python/object/new:urllib.parse.SplitResult [https, vault8bf41593ca99e4122d.vault.azure.net,
        /deletedsecrets/secret2, api-version=7.0, '']
- request:
    body: null
    headers:
      Accept: [application/json]
      User-Agent: [azsdk-python-keyvault-secrets/4.0.0b4 Python/3.6.6 (Windows-10-10.0.18362-SP0)]
    method: GET
    uri: https://vault8bf41593ca99e4122d.vault.azure.net/deletedsecrets/secret3?api-version=7.0
  response:
    body: {string: '{"recoveryId":"https://vault8bf41593ca99e4122d.vault.azure.net/deletedsecrets/secret3","deletedDate":1570212154,"scheduledPurgeDate":1577988154,"id":"https://vault8bf41593ca99e4122d.vault.azure.net/secrets/secret3/dbe379b61cce4095abaf0f4e047301bc","attributes":{"enabled":true,"created":1570212153,"updated":1570212153,"recoveryLevel":"Recoverable+Purgeable"}}'}
    headers: {cache-control: no-cache, content-length: '360', content-type: application/json;
        charset=utf-8, date: 'Fri, 04 Oct 2019 18:03:02 GMT', expires: '-1', pragma: no-cache,
      server: Microsoft-IIS/10.0, strict-transport-security: max-age=31536000;includeSubDomains,
      x-aspnet-version: 4.0.30319, x-content-type-options: nosniff, x-ms-keyvault-network-info: addr=131.107.160.72;act_addr_fam=InterNetwork;,
      x-ms-keyvault-region: westus, x-ms-keyvault-service-version: 1.1.0.879, x-powered-by: ASP.NET}
    status: {code: 200, message: OK}
    url: !!python/object/new:yarl.URL
      state: !!python/tuple
      - !!python/object/new:urllib.parse.SplitResult [https, vault8bf41593ca99e4122d.vault.azure.net,
        /deletedsecrets/secret3, api-version=7.0, '']
- request:
    body: null
    headers:
      Accept: [application/json]
      User-Agent: [azsdk-python-keyvault-secrets/4.0.0b4 Python/3.6.6 (Windows-10-10.0.18362-SP0)]
    method: GET
    uri: https://vault8bf41593ca99e4122d.vault.azure.net/deletedsecrets/secret4?api-version=7.0
  response:
    body: {string: '{"recoveryId":"https://vault8bf41593ca99e4122d.vault.azure.net/deletedsecrets/secret4","deletedDate":1570212154,"scheduledPurgeDate":1577988154,"id":"https://vault8bf41593ca99e4122d.vault.azure.net/secrets/secret4/55f82a1ce1044f9ab34ea7231a2e042a","attributes":{"enabled":true,"created":1570212153,"updated":1570212153,"recoveryLevel":"Recoverable+Purgeable"}}'}
    headers: {cache-control: no-cache, content-length: '360', content-type: application/json;
        charset=utf-8, date: 'Fri, 04 Oct 2019 18:03:02 GMT', expires: '-1', pragma: no-cache,
      server: Microsoft-IIS/10.0, strict-transport-security: max-age=31536000;includeSubDomains,
      x-aspnet-version: 4.0.30319, x-content-type-options: nosniff, x-ms-keyvault-network-info: addr=131.107.160.72;act_addr_fam=InterNetwork;,
      x-ms-keyvault-region: westus, x-ms-keyvault-service-version: 1.1.0.879, x-powered-by: ASP.NET}
    status: {code: 200, message: OK}
    url: !!python/object/new:yarl.URL
      state: !!python/tuple
      - !!python/object/new:urllib.parse.SplitResult [https, vault8bf41593ca99e4122d.vault.azure.net,
        /deletedsecrets/secret4, api-version=7.0, '']
- request:
    body: null
    headers:
      Accept: [application/json]
      User-Agent: [azsdk-python-keyvault-secrets/4.0.0b4 Python/3.6.6 (Windows-10-10.0.18362-SP0)]
    method: GET
    uri: https://vault8bf41593ca99e4122d.vault.azure.net/deletedsecrets/secret5?api-version=7.0
  response:
    body: {string: '{"recoveryId":"https://vault8bf41593ca99e4122d.vault.azure.net/deletedsecrets/secret5","deletedDate":1570212154,"scheduledPurgeDate":1577988154,"id":"https://vault8bf41593ca99e4122d.vault.azure.net/secrets/secret5/c62c1bbda5114f529ea57c5d98dda83e","attributes":{"enabled":true,"created":1570212153,"updated":1570212153,"recoveryLevel":"Recoverable+Purgeable"}}'}
    headers: {cache-control: no-cache, content-length: '360', content-type: application/json;
        charset=utf-8, date: 'Fri, 04 Oct 2019 18:03:02 GMT', expires: '-1', pragma: no-cache,
      server: Microsoft-IIS/10.0, strict-transport-security: max-age=31536000;includeSubDomains,
      x-aspnet-version: 4.0.30319, x-content-type-options: nosniff, x-ms-keyvault-network-info: addr=131.107.160.72;act_addr_fam=InterNetwork;,
      x-ms-keyvault-region: westus, x-ms-keyvault-service-version: 1.1.0.879, x-powered-by: ASP.NET}
    status: {code: 200, message: OK}
    url: !!python/object/new:yarl.URL
      state: !!python/tuple
      - !!python/object/new:urllib.parse.SplitResult [https, vault8bf41593ca99e4122d.vault.azure.net,
        /deletedsecrets/secret5, api-version=7.0, '']
- request:
    body: null
    headers:
      Accept: [application/json]
      User-Agent: [azsdk-python-keyvault-secrets/4.0.0b4 Python/3.6.6 (Windows-10-10.0.18362-SP0)]
    method: GET
    uri: https://vault8bf41593ca99e4122d.vault.azure.net/deletedsecrets/secret6?api-version=7.0
  response:
    body: {string: '{"recoveryId":"https://vault8bf41593ca99e4122d.vault.azure.net/deletedsecrets/secret6","deletedDate":1570212154,"scheduledPurgeDate":1577988154,"id":"https://vault8bf41593ca99e4122d.vault.azure.net/secrets/secret6/f178f1aeb2ae414680522f03bf4bc38d","attributes":{"enabled":true,"created":1570212153,"updated":1570212153,"recoveryLevel":"Recoverable+Purgeable"}}'}
    headers: {cache-control: no-cache, content-length: '360', content-type: application/json;
        charset=utf-8, date: 'Fri, 04 Oct 2019 18:03:02 GMT', expires: '-1', pragma: no-cache,
      server: Microsoft-IIS/10.0, strict-transport-security: max-age=31536000;includeSubDomains,
      x-aspnet-version: 4.0.30319, x-content-type-options: nosniff, x-ms-keyvault-network-info: addr=131.107.160.72;act_addr_fam=InterNetwork;,
      x-ms-keyvault-region: westus, x-ms-keyvault-service-version: 1.1.0.879, x-powered-by: ASP.NET}
    status: {code: 200, message: OK}
    url: !!python/object/new:yarl.URL
      state: !!python/tuple
      - !!python/object/new:urllib.parse.SplitResult [https, vault8bf41593ca99e4122d.vault.azure.net,
        /deletedsecrets/secret6, api-version=7.0, '']
- request:
    body: null
    headers:
      Accept: [application/json]
      User-Agent: [azsdk-python-keyvault-secrets/4.0.0b4 Python/3.6.6 (Windows-10-10.0.18362-SP0)]
    method: GET
    uri: https://vault8bf41593ca99e4122d.vault.azure.net/deletedsecrets/secret0?api-version=7.0
  response:
    body: {string: '{"recoveryId":"https://vault8bf41593ca99e4122d.vault.azure.net/deletedsecrets/secret0","deletedDate":1570212153,"scheduledPurgeDate":1577988153,"id":"https://vault8bf41593ca99e4122d.vault.azure.net/secrets/secret0/d81163c6e2b6422e82382841faa023b9","attributes":{"enabled":true,"created":1570212152,"updated":1570212152,"recoveryLevel":"Recoverable+Purgeable"}}'}
    headers: {cache-control: no-cache, content-length: '360', content-type: application/json;
        charset=utf-8, date: 'Fri, 04 Oct 2019 18:03:02 GMT', expires: '-1', pragma: no-cache,
      server: Microsoft-IIS/10.0, strict-transport-security: max-age=31536000;includeSubDomains,
      x-aspnet-version: 4.0.30319, x-content-type-options: nosniff, x-ms-keyvault-network-info: addr=131.107.160.72;act_addr_fam=InterNetwork;,
      x-ms-keyvault-region: westus, x-ms-keyvault-service-version: 1.1.0.879, x-powered-by: ASP.NET}
    status: {code: 200, message: OK}
    url: !!python/object/new:yarl.URL
      state: !!python/tuple
      - !!python/object/new:urllib.parse.SplitResult [https, vault8bf41593ca99e4122d.vault.azure.net,
        /deletedsecrets/secret0, api-version=7.0, '']
- request:
    body: null
    headers:
      Accept: [application/json]
      User-Agent: [azsdk-python-keyvault-secrets/4.0.0b4 Python/3.6.6 (Windows-10-10.0.18362-SP0)]
    method: GET
    uri: https://vault8bf41593ca99e4122d.vault.azure.net/deletedsecrets/secret1?api-version=7.0
  response:
    body: {string: '{"recoveryId":"https://vault8bf41593ca99e4122d.vault.azure.net/deletedsecrets/secret1","deletedDate":1570212153,"scheduledPurgeDate":1577988153,"id":"https://vault8bf41593ca99e4122d.vault.azure.net/secrets/secret1/d87ebccd8a424f979f62bb0c377400c8","attributes":{"enabled":true,"created":1570212152,"updated":1570212152,"recoveryLevel":"Recoverable+Purgeable"}}'}
    headers: {cache-control: no-cache, content-length: '360', content-type: application/json;
        charset=utf-8, date: 'Fri, 04 Oct 2019 18:03:02 GMT', expires: '-1', pragma: no-cache,
      server: Microsoft-IIS/10.0, strict-transport-security: max-age=31536000;includeSubDomains,
      x-aspnet-version: 4.0.30319, x-content-type-options: nosniff, x-ms-keyvault-network-info: addr=131.107.160.72;act_addr_fam=InterNetwork;,
      x-ms-keyvault-region: westus, x-ms-keyvault-service-version: 1.1.0.879, x-powered-by: ASP.NET}
    status: {code: 200, message: OK}
    url: !!python/object/new:yarl.URL
      state: !!python/tuple
      - !!python/object/new:urllib.parse.SplitResult [https, vault8bf41593ca99e4122d.vault.azure.net,
        /deletedsecrets/secret1, api-version=7.0, '']
- request:
    body: null
    headers:
      Accept: [application/json]
      User-Agent: [azsdk-python-keyvault-secrets/4.0.0b4 Python/3.6.6 (Windows-10-10.0.18362-SP0)]
    method: GET
    uri: https://vault8bf41593ca99e4122d.vault.azure.net/deletedsecrets/secret2?api-version=7.0
  response:
    body: {string: '{"recoveryId":"https://vault8bf41593ca99e4122d.vault.azure.net/deletedsecrets/secret2","deletedDate":1570212154,"scheduledPurgeDate":1577988154,"id":"https://vault8bf41593ca99e4122d.vault.azure.net/secrets/secret2/73dd4f15304048b4b92ba27961a9d411","attributes":{"enabled":true,"created":1570212152,"updated":1570212152,"recoveryLevel":"Recoverable+Purgeable"}}'}
    headers: {cache-control: no-cache, content-length: '360', content-type: application/json;
        charset=utf-8, date: 'Fri, 04 Oct 2019 18:03:02 GMT', expires: '-1', pragma: no-cache,
      server: Microsoft-IIS/10.0, strict-transport-security: max-age=31536000;includeSubDomains,
      x-aspnet-version: 4.0.30319, x-content-type-options: nosniff, x-ms-keyvault-network-info: addr=131.107.160.72;act_addr_fam=InterNetwork;,
      x-ms-keyvault-region: westus, x-ms-keyvault-service-version: 1.1.0.879, x-powered-by: ASP.NET}
    status: {code: 200, message: OK}
    url: !!python/object/new:yarl.URL
      state: !!python/tuple
      - !!python/object/new:urllib.parse.SplitResult [https, vault8bf41593ca99e4122d.vault.azure.net,
        /deletedsecrets/secret2, api-version=7.0, '']
- request:
    body: null
    headers:
      Accept: [application/json]
      User-Agent: [azsdk-python-keyvault-secrets/4.0.0b4 Python/3.6.6 (Windows-10-10.0.18362-SP0)]
    method: GET
    uri: https://vault8bf41593ca99e4122d.vault.azure.net/deletedsecrets/secret3?api-version=7.0
  response:
    body: {string: '{"recoveryId":"https://vault8bf41593ca99e4122d.vault.azure.net/deletedsecrets/secret3","deletedDate":1570212154,"scheduledPurgeDate":1577988154,"id":"https://vault8bf41593ca99e4122d.vault.azure.net/secrets/secret3/dbe379b61cce4095abaf0f4e047301bc","attributes":{"enabled":true,"created":1570212153,"updated":1570212153,"recoveryLevel":"Recoverable+Purgeable"}}'}
    headers: {cache-control: no-cache, content-length: '360', content-type: application/json;
        charset=utf-8, date: 'Fri, 04 Oct 2019 18:03:02 GMT', expires: '-1', pragma: no-cache,
      server: Microsoft-IIS/10.0, strict-transport-security: max-age=31536000;includeSubDomains,
      x-aspnet-version: 4.0.30319, x-content-type-options: nosniff, x-ms-keyvault-network-info: addr=131.107.160.72;act_addr_fam=InterNetwork;,
      x-ms-keyvault-region: westus, x-ms-keyvault-service-version: 1.1.0.879, x-powered-by: ASP.NET}
    status: {code: 200, message: OK}
    url: !!python/object/new:yarl.URL
      state: !!python/tuple
      - !!python/object/new:urllib.parse.SplitResult [https, vault8bf41593ca99e4122d.vault.azure.net,
        /deletedsecrets/secret3, api-version=7.0, '']
- request:
    body: null
    headers:
      Accept: [application/json]
      User-Agent: [azsdk-python-keyvault-secrets/4.0.0b4 Python/3.6.6 (Windows-10-10.0.18362-SP0)]
    method: GET
    uri: https://vault8bf41593ca99e4122d.vault.azure.net/deletedsecrets/secret4?api-version=7.0
  response:
    body: {string: '{"recoveryId":"https://vault8bf41593ca99e4122d.vault.azure.net/deletedsecrets/secret4","deletedDate":1570212154,"scheduledPurgeDate":1577988154,"id":"https://vault8bf41593ca99e4122d.vault.azure.net/secrets/secret4/55f82a1ce1044f9ab34ea7231a2e042a","attributes":{"enabled":true,"created":1570212153,"updated":1570212153,"recoveryLevel":"Recoverable+Purgeable"}}'}
    headers: {cache-control: no-cache, content-length: '360', content-type: application/json;
        charset=utf-8, date: 'Fri, 04 Oct 2019 18:03:02 GMT', expires: '-1', pragma: no-cache,
      server: Microsoft-IIS/10.0, strict-transport-security: max-age=31536000;includeSubDomains,
      x-aspnet-version: 4.0.30319, x-content-type-options: nosniff, x-ms-keyvault-network-info: addr=131.107.160.72;act_addr_fam=InterNetwork;,
      x-ms-keyvault-region: westus, x-ms-keyvault-service-version: 1.1.0.879, x-powered-by: ASP.NET}
    status: {code: 200, message: OK}
    url: !!python/object/new:yarl.URL
      state: !!python/tuple
      - !!python/object/new:urllib.parse.SplitResult [https, vault8bf41593ca99e4122d.vault.azure.net,
        /deletedsecrets/secret4, api-version=7.0, '']
- request:
    body: null
    headers:
      Accept: [application/json]
      User-Agent: [azsdk-python-keyvault-secrets/4.0.0b4 Python/3.6.6 (Windows-10-10.0.18362-SP0)]
    method: GET
    uri: https://vault8bf41593ca99e4122d.vault.azure.net/deletedsecrets/secret5?api-version=7.0
  response:
    body: {string: '{"recoveryId":"https://vault8bf41593ca99e4122d.vault.azure.net/deletedsecrets/secret5","deletedDate":1570212154,"scheduledPurgeDate":1577988154,"id":"https://vault8bf41593ca99e4122d.vault.azure.net/secrets/secret5/c62c1bbda5114f529ea57c5d98dda83e","attributes":{"enabled":true,"created":1570212153,"updated":1570212153,"recoveryLevel":"Recoverable+Purgeable"}}'}
    headers: {cache-control: no-cache, content-length: '360', content-type: application/json;
        charset=utf-8, date: 'Fri, 04 Oct 2019 18:03:02 GMT', expires: '-1', pragma: no-cache,
      server: Microsoft-IIS/10.0, strict-transport-security: max-age=31536000;includeSubDomains,
      x-aspnet-version: 4.0.30319, x-content-type-options: nosniff, x-ms-keyvault-network-info: addr=131.107.160.72;act_addr_fam=InterNetwork;,
      x-ms-keyvault-region: westus, x-ms-keyvault-service-version: 1.1.0.879, x-powered-by: ASP.NET}
    status: {code: 200, message: OK}
    url: !!python/object/new:yarl.URL
      state: !!python/tuple
      - !!python/object/new:urllib.parse.SplitResult [https, vault8bf41593ca99e4122d.vault.azure.net,
        /deletedsecrets/secret5, api-version=7.0, '']
- request:
    body: null
    headers:
      Accept: [application/json]
      User-Agent: [azsdk-python-keyvault-secrets/4.0.0b4 Python/3.6.6 (Windows-10-10.0.18362-SP0)]
    method: GET
    uri: https://vault8bf41593ca99e4122d.vault.azure.net/deletedsecrets/secret6?api-version=7.0
  response:
    body: {string: '{"recoveryId":"https://vault8bf41593ca99e4122d.vault.azure.net/deletedsecrets/secret6","deletedDate":1570212154,"scheduledPurgeDate":1577988154,"id":"https://vault8bf41593ca99e4122d.vault.azure.net/secrets/secret6/f178f1aeb2ae414680522f03bf4bc38d","attributes":{"enabled":true,"created":1570212153,"updated":1570212153,"recoveryLevel":"Recoverable+Purgeable"}}'}
    headers: {cache-control: no-cache, content-length: '360', content-type: application/json;
        charset=utf-8, date: 'Fri, 04 Oct 2019 18:03:02 GMT', expires: '-1', pragma: no-cache,
      server: Microsoft-IIS/10.0, strict-transport-security: max-age=31536000;includeSubDomains,
      x-aspnet-version: 4.0.30319, x-content-type-options: nosniff, x-ms-keyvault-network-info: addr=131.107.160.72;act_addr_fam=InterNetwork;,
      x-ms-keyvault-region: westus, x-ms-keyvault-service-version: 1.1.0.879, x-powered-by: ASP.NET}
    status: {code: 200, message: OK}
    url: !!python/object/new:yarl.URL
      state: !!python/tuple
      - !!python/object/new:urllib.parse.SplitResult [https, vault8bf41593ca99e4122d.vault.azure.net,
        /deletedsecrets/secret6, api-version=7.0, '']
- request:
    body: null
    headers:
      Accept: [application/json]
      User-Agent: [azsdk-python-keyvault-secrets/4.0.0b4 Python/3.6.6 (Windows-10-10.0.18362-SP0)]
    method: GET
    uri: https://vault8bf41593ca99e4122d.vault.azure.net/deletedsecrets/secret0?api-version=7.0
  response:
    body: {string: '{"recoveryId":"https://vault8bf41593ca99e4122d.vault.azure.net/deletedsecrets/secret0","deletedDate":1570212153,"scheduledPurgeDate":1577988153,"id":"https://vault8bf41593ca99e4122d.vault.azure.net/secrets/secret0/d81163c6e2b6422e82382841faa023b9","attributes":{"enabled":true,"created":1570212152,"updated":1570212152,"recoveryLevel":"Recoverable+Purgeable"}}'}
    headers: {cache-control: no-cache, content-length: '360', content-type: application/json;
        charset=utf-8, date: 'Fri, 04 Oct 2019 18:03:02 GMT', expires: '-1', pragma: no-cache,
      server: Microsoft-IIS/10.0, strict-transport-security: max-age=31536000;includeSubDomains,
      x-aspnet-version: 4.0.30319, x-content-type-options: nosniff, x-ms-keyvault-network-info: addr=131.107.160.72;act_addr_fam=InterNetwork;,
      x-ms-keyvault-region: westus, x-ms-keyvault-service-version: 1.1.0.879, x-powered-by: ASP.NET}
    status: {code: 200, message: OK}
    url: !!python/object/new:yarl.URL
      state: !!python/tuple
      - !!python/object/new:urllib.parse.SplitResult [https, vault8bf41593ca99e4122d.vault.azure.net,
        /deletedsecrets/secret0, api-version=7.0, '']
- request:
    body: null
    headers:
      Accept: [application/json]
      User-Agent: [azsdk-python-keyvault-secrets/4.0.0b4 Python/3.6.6 (Windows-10-10.0.18362-SP0)]
    method: GET
    uri: https://vault8bf41593ca99e4122d.vault.azure.net/deletedsecrets/secret1?api-version=7.0
  response:
    body: {string: '{"recoveryId":"https://vault8bf41593ca99e4122d.vault.azure.net/deletedsecrets/secret1","deletedDate":1570212153,"scheduledPurgeDate":1577988153,"id":"https://vault8bf41593ca99e4122d.vault.azure.net/secrets/secret1/d87ebccd8a424f979f62bb0c377400c8","attributes":{"enabled":true,"created":1570212152,"updated":1570212152,"recoveryLevel":"Recoverable+Purgeable"}}'}
    headers: {cache-control: no-cache, content-length: '360', content-type: application/json;
        charset=utf-8, date: 'Fri, 04 Oct 2019 18:03:02 GMT', expires: '-1', pragma: no-cache,
      server: Microsoft-IIS/10.0, strict-transport-security: max-age=31536000;includeSubDomains,
      x-aspnet-version: 4.0.30319, x-content-type-options: nosniff, x-ms-keyvault-network-info: addr=131.107.160.72;act_addr_fam=InterNetwork;,
      x-ms-keyvault-region: westus, x-ms-keyvault-service-version: 1.1.0.879, x-powered-by: ASP.NET}
    status: {code: 200, message: OK}
    url: !!python/object/new:yarl.URL
      state: !!python/tuple
      - !!python/object/new:urllib.parse.SplitResult [https, vault8bf41593ca99e4122d.vault.azure.net,
        /deletedsecrets/secret1, api-version=7.0, '']
- request:
    body: null
    headers:
      Accept: [application/json]
      User-Agent: [azsdk-python-keyvault-secrets/4.0.0b4 Python/3.6.6 (Windows-10-10.0.18362-SP0)]
    method: GET
    uri: https://vault8bf41593ca99e4122d.vault.azure.net/deletedsecrets/secret2?api-version=7.0
  response:
    body: {string: '{"recoveryId":"https://vault8bf41593ca99e4122d.vault.azure.net/deletedsecrets/secret2","deletedDate":1570212154,"scheduledPurgeDate":1577988154,"id":"https://vault8bf41593ca99e4122d.vault.azure.net/secrets/secret2/73dd4f15304048b4b92ba27961a9d411","attributes":{"enabled":true,"created":1570212152,"updated":1570212152,"recoveryLevel":"Recoverable+Purgeable"}}'}
    headers: {cache-control: no-cache, content-length: '360', content-type: application/json;
        charset=utf-8, date: 'Fri, 04 Oct 2019 18:03:02 GMT', expires: '-1', pragma: no-cache,
      server: Microsoft-IIS/10.0, strict-transport-security: max-age=31536000;includeSubDomains,
      x-aspnet-version: 4.0.30319, x-content-type-options: nosniff, x-ms-keyvault-network-info: addr=131.107.160.72;act_addr_fam=InterNetwork;,
      x-ms-keyvault-region: westus, x-ms-keyvault-service-version: 1.1.0.879, x-powered-by: ASP.NET}
    status: {code: 200, message: OK}
    url: !!python/object/new:yarl.URL
      state: !!python/tuple
      - !!python/object/new:urllib.parse.SplitResult [https, vault8bf41593ca99e4122d.vault.azure.net,
        /deletedsecrets/secret2, api-version=7.0, '']
- request:
    body: null
    headers:
      Accept: [application/json]
      User-Agent: [azsdk-python-keyvault-secrets/4.0.0b4 Python/3.6.6 (Windows-10-10.0.18362-SP0)]
    method: GET
    uri: https://vault8bf41593ca99e4122d.vault.azure.net/deletedsecrets/secret3?api-version=7.0
  response:
    body: {string: '{"recoveryId":"https://vault8bf41593ca99e4122d.vault.azure.net/deletedsecrets/secret3","deletedDate":1570212154,"scheduledPurgeDate":1577988154,"id":"https://vault8bf41593ca99e4122d.vault.azure.net/secrets/secret3/dbe379b61cce4095abaf0f4e047301bc","attributes":{"enabled":true,"created":1570212153,"updated":1570212153,"recoveryLevel":"Recoverable+Purgeable"}}'}
    headers: {cache-control: no-cache, content-length: '360', content-type: application/json;
        charset=utf-8, date: 'Fri, 04 Oct 2019 18:03:02 GMT', expires: '-1', pragma: no-cache,
      server: Microsoft-IIS/10.0, strict-transport-security: max-age=31536000;includeSubDomains,
      x-aspnet-version: 4.0.30319, x-content-type-options: nosniff, x-ms-keyvault-network-info: addr=131.107.160.72;act_addr_fam=InterNetwork;,
      x-ms-keyvault-region: westus, x-ms-keyvault-service-version: 1.1.0.879, x-powered-by: ASP.NET}
    status: {code: 200, message: OK}
    url: !!python/object/new:yarl.URL
      state: !!python/tuple
      - !!python/object/new:urllib.parse.SplitResult [https, vault8bf41593ca99e4122d.vault.azure.net,
        /deletedsecrets/secret3, api-version=7.0, '']
- request:
    body: null
    headers:
      Accept: [application/json]
      User-Agent: [azsdk-python-keyvault-secrets/4.0.0b4 Python/3.6.6 (Windows-10-10.0.18362-SP0)]
    method: GET
    uri: https://vault8bf41593ca99e4122d.vault.azure.net/deletedsecrets/secret4?api-version=7.0
  response:
    body: {string: '{"recoveryId":"https://vault8bf41593ca99e4122d.vault.azure.net/deletedsecrets/secret4","deletedDate":1570212154,"scheduledPurgeDate":1577988154,"id":"https://vault8bf41593ca99e4122d.vault.azure.net/secrets/secret4/55f82a1ce1044f9ab34ea7231a2e042a","attributes":{"enabled":true,"created":1570212153,"updated":1570212153,"recoveryLevel":"Recoverable+Purgeable"}}'}
    headers: {cache-control: no-cache, content-length: '360', content-type: application/json;
        charset=utf-8, date: 'Fri, 04 Oct 2019 18:03:02 GMT', expires: '-1', pragma: no-cache,
      server: Microsoft-IIS/10.0, strict-transport-security: max-age=31536000;includeSubDomains,
      x-aspnet-version: 4.0.30319, x-content-type-options: nosniff, x-ms-keyvault-network-info: addr=131.107.160.72;act_addr_fam=InterNetwork;,
      x-ms-keyvault-region: westus, x-ms-keyvault-service-version: 1.1.0.879, x-powered-by: ASP.NET}
    status: {code: 200, message: OK}
    url: !!python/object/new:yarl.URL
      state: !!python/tuple
      - !!python/object/new:urllib.parse.SplitResult [https, vault8bf41593ca99e4122d.vault.azure.net,
        /deletedsecrets/secret4, api-version=7.0, '']
- request:
    body: null
    headers:
      Accept: [application/json]
      User-Agent: [azsdk-python-keyvault-secrets/4.0.0b4 Python/3.6.6 (Windows-10-10.0.18362-SP0)]
    method: GET
    uri: https://vault8bf41593ca99e4122d.vault.azure.net/deletedsecrets/secret5?api-version=7.0
  response:
    body: {string: '{"recoveryId":"https://vault8bf41593ca99e4122d.vault.azure.net/deletedsecrets/secret5","deletedDate":1570212154,"scheduledPurgeDate":1577988154,"id":"https://vault8bf41593ca99e4122d.vault.azure.net/secrets/secret5/c62c1bbda5114f529ea57c5d98dda83e","attributes":{"enabled":true,"created":1570212153,"updated":1570212153,"recoveryLevel":"Recoverable+Purgeable"}}'}
    headers: {cache-control: no-cache, content-length: '360', content-type: application/json;
        charset=utf-8, date: 'Fri, 04 Oct 2019 18:03:02 GMT', expires: '-1', pragma: no-cache,
      server: Microsoft-IIS/10.0, strict-transport-security: max-age=31536000;includeSubDomains,
      x-aspnet-version: 4.0.30319, x-content-type-options: nosniff, x-ms-keyvault-network-info: addr=131.107.160.72;act_addr_fam=InterNetwork;,
      x-ms-keyvault-region: westus, x-ms-keyvault-service-version: 1.1.0.879, x-powered-by: ASP.NET}
    status: {code: 200, message: OK}
    url: !!python/object/new:yarl.URL
      state: !!python/tuple
      - !!python/object/new:urllib.parse.SplitResult [https, vault8bf41593ca99e4122d.vault.azure.net,
        /deletedsecrets/secret5, api-version=7.0, '']
- request:
    body: null
    headers:
      Accept: [application/json]
      User-Agent: [azsdk-python-keyvault-secrets/4.0.0b4 Python/3.6.6 (Windows-10-10.0.18362-SP0)]
    method: GET
    uri: https://vault8bf41593ca99e4122d.vault.azure.net/deletedsecrets/secret6?api-version=7.0
  response:
    body: {string: '{"recoveryId":"https://vault8bf41593ca99e4122d.vault.azure.net/deletedsecrets/secret6","deletedDate":1570212154,"scheduledPurgeDate":1577988154,"id":"https://vault8bf41593ca99e4122d.vault.azure.net/secrets/secret6/f178f1aeb2ae414680522f03bf4bc38d","attributes":{"enabled":true,"created":1570212153,"updated":1570212153,"recoveryLevel":"Recoverable+Purgeable"}}'}
    headers: {cache-control: no-cache, content-length: '360', content-type: application/json;
        charset=utf-8, date: 'Fri, 04 Oct 2019 18:03:02 GMT', expires: '-1', pragma: no-cache,
      server: Microsoft-IIS/10.0, strict-transport-security: max-age=31536000;includeSubDomains,
      x-aspnet-version: 4.0.30319, x-content-type-options: nosniff, x-ms-keyvault-network-info: addr=131.107.160.72;act_addr_fam=InterNetwork;,
      x-ms-keyvault-region: westus, x-ms-keyvault-service-version: 1.1.0.879, x-powered-by: ASP.NET}
    status: {code: 200, message: OK}
    url: !!python/object/new:yarl.URL
      state: !!python/tuple
      - !!python/object/new:urllib.parse.SplitResult [https, vault8bf41593ca99e4122d.vault.azure.net,
        /deletedsecrets/secret6, api-version=7.0, '']
- request:
    body: null
    headers:
      Accept: [application/json]
      User-Agent: [azsdk-python-keyvault-secrets/4.0.0b4 Python/3.6.6 (Windows-10-10.0.18362-SP0)]
    method: GET
    uri: https://vault8bf41593ca99e4122d.vault.azure.net/deletedsecrets/secret0?api-version=7.0
  response:
    body: {string: '{"recoveryId":"https://vault8bf41593ca99e4122d.vault.azure.net/deletedsecrets/secret0","deletedDate":1570212153,"scheduledPurgeDate":1577988153,"id":"https://vault8bf41593ca99e4122d.vault.azure.net/secrets/secret0/d81163c6e2b6422e82382841faa023b9","attributes":{"enabled":true,"created":1570212152,"updated":1570212152,"recoveryLevel":"Recoverable+Purgeable"}}'}
    headers: {cache-control: no-cache, content-length: '360', content-type: application/json;
        charset=utf-8, date: 'Fri, 04 Oct 2019 18:03:02 GMT', expires: '-1', pragma: no-cache,
      server: Microsoft-IIS/10.0, strict-transport-security: max-age=31536000;includeSubDomains,
      x-aspnet-version: 4.0.30319, x-content-type-options: nosniff, x-ms-keyvault-network-info: addr=131.107.160.72;act_addr_fam=InterNetwork;,
      x-ms-keyvault-region: westus, x-ms-keyvault-service-version: 1.1.0.879, x-powered-by: ASP.NET}
    status: {code: 200, message: OK}
    url: !!python/object/new:yarl.URL
      state: !!python/tuple
      - !!python/object/new:urllib.parse.SplitResult [https, vault8bf41593ca99e4122d.vault.azure.net,
        /deletedsecrets/secret0, api-version=7.0, '']
- request:
    body: null
    headers:
      Accept: [application/json]
      User-Agent: [azsdk-python-keyvault-secrets/4.0.0b4 Python/3.6.6 (Windows-10-10.0.18362-SP0)]
    method: GET
    uri: https://vault8bf41593ca99e4122d.vault.azure.net/deletedsecrets/secret1?api-version=7.0
  response:
    body: {string: '{"recoveryId":"https://vault8bf41593ca99e4122d.vault.azure.net/deletedsecrets/secret1","deletedDate":1570212153,"scheduledPurgeDate":1577988153,"id":"https://vault8bf41593ca99e4122d.vault.azure.net/secrets/secret1/d87ebccd8a424f979f62bb0c377400c8","attributes":{"enabled":true,"created":1570212152,"updated":1570212152,"recoveryLevel":"Recoverable+Purgeable"}}'}
    headers: {cache-control: no-cache, content-length: '360', content-type: application/json;
        charset=utf-8, date: 'Fri, 04 Oct 2019 18:03:03 GMT', expires: '-1', pragma: no-cache,
      server: Microsoft-IIS/10.0, strict-transport-security: max-age=31536000;includeSubDomains,
      x-aspnet-version: 4.0.30319, x-content-type-options: nosniff, x-ms-keyvault-network-info: addr=131.107.160.72;act_addr_fam=InterNetwork;,
      x-ms-keyvault-region: westus, x-ms-keyvault-service-version: 1.1.0.879, x-powered-by: ASP.NET}
    status: {code: 200, message: OK}
    url: !!python/object/new:yarl.URL
      state: !!python/tuple
      - !!python/object/new:urllib.parse.SplitResult [https, vault8bf41593ca99e4122d.vault.azure.net,
        /deletedsecrets/secret1, api-version=7.0, '']
- request:
    body: null
    headers:
      Accept: [application/json]
      User-Agent: [azsdk-python-keyvault-secrets/4.0.0b4 Python/3.6.6 (Windows-10-10.0.18362-SP0)]
    method: GET
    uri: https://vault8bf41593ca99e4122d.vault.azure.net/deletedsecrets/secret2?api-version=7.0
  response:
    body: {string: '{"recoveryId":"https://vault8bf41593ca99e4122d.vault.azure.net/deletedsecrets/secret2","deletedDate":1570212154,"scheduledPurgeDate":1577988154,"id":"https://vault8bf41593ca99e4122d.vault.azure.net/secrets/secret2/73dd4f15304048b4b92ba27961a9d411","attributes":{"enabled":true,"created":1570212152,"updated":1570212152,"recoveryLevel":"Recoverable+Purgeable"}}'}
    headers: {cache-control: no-cache, content-length: '360', content-type: application/json;
        charset=utf-8, date: 'Fri, 04 Oct 2019 18:03:03 GMT', expires: '-1', pragma: no-cache,
      server: Microsoft-IIS/10.0, strict-transport-security: max-age=31536000;includeSubDomains,
      x-aspnet-version: 4.0.30319, x-content-type-options: nosniff, x-ms-keyvault-network-info: addr=131.107.160.72;act_addr_fam=InterNetwork;,
      x-ms-keyvault-region: westus, x-ms-keyvault-service-version: 1.1.0.879, x-powered-by: ASP.NET}
    status: {code: 200, message: OK}
    url: !!python/object/new:yarl.URL
      state: !!python/tuple
      - !!python/object/new:urllib.parse.SplitResult [https, vault8bf41593ca99e4122d.vault.azure.net,
        /deletedsecrets/secret2, api-version=7.0, '']
- request:
    body: null
    headers:
      Accept: [application/json]
      User-Agent: [azsdk-python-keyvault-secrets/4.0.0b4 Python/3.6.6 (Windows-10-10.0.18362-SP0)]
    method: GET
    uri: https://vault8bf41593ca99e4122d.vault.azure.net/deletedsecrets/secret3?api-version=7.0
  response:
    body: {string: '{"recoveryId":"https://vault8bf41593ca99e4122d.vault.azure.net/deletedsecrets/secret3","deletedDate":1570212154,"scheduledPurgeDate":1577988154,"id":"https://vault8bf41593ca99e4122d.vault.azure.net/secrets/secret3/dbe379b61cce4095abaf0f4e047301bc","attributes":{"enabled":true,"created":1570212153,"updated":1570212153,"recoveryLevel":"Recoverable+Purgeable"}}'}
    headers: {cache-control: no-cache, content-length: '360', content-type: application/json;
        charset=utf-8, date: 'Fri, 04 Oct 2019 18:03:03 GMT', expires: '-1', pragma: no-cache,
      server: Microsoft-IIS/10.0, strict-transport-security: max-age=31536000;includeSubDomains,
      x-aspnet-version: 4.0.30319, x-content-type-options: nosniff, x-ms-keyvault-network-info: addr=131.107.160.72;act_addr_fam=InterNetwork;,
      x-ms-keyvault-region: westus, x-ms-keyvault-service-version: 1.1.0.879, x-powered-by: ASP.NET}
    status: {code: 200, message: OK}
    url: !!python/object/new:yarl.URL
      state: !!python/tuple
      - !!python/object/new:urllib.parse.SplitResult [https, vault8bf41593ca99e4122d.vault.azure.net,
        /deletedsecrets/secret3, api-version=7.0, '']
- request:
    body: null
    headers:
      Accept: [application/json]
      User-Agent: [azsdk-python-keyvault-secrets/4.0.0b4 Python/3.6.6 (Windows-10-10.0.18362-SP0)]
    method: GET
    uri: https://vault8bf41593ca99e4122d.vault.azure.net/deletedsecrets/secret4?api-version=7.0
  response:
    body: {string: '{"recoveryId":"https://vault8bf41593ca99e4122d.vault.azure.net/deletedsecrets/secret4","deletedDate":1570212154,"scheduledPurgeDate":1577988154,"id":"https://vault8bf41593ca99e4122d.vault.azure.net/secrets/secret4/55f82a1ce1044f9ab34ea7231a2e042a","attributes":{"enabled":true,"created":1570212153,"updated":1570212153,"recoveryLevel":"Recoverable+Purgeable"}}'}
    headers: {cache-control: no-cache, content-length: '360', content-type: application/json;
        charset=utf-8, date: 'Fri, 04 Oct 2019 18:03:03 GMT', expires: '-1', pragma: no-cache,
      server: Microsoft-IIS/10.0, strict-transport-security: max-age=31536000;includeSubDomains,
      x-aspnet-version: 4.0.30319, x-content-type-options: nosniff, x-ms-keyvault-network-info: addr=131.107.160.72;act_addr_fam=InterNetwork;,
      x-ms-keyvault-region: westus, x-ms-keyvault-service-version: 1.1.0.879, x-powered-by: ASP.NET}
    status: {code: 200, message: OK}
    url: !!python/object/new:yarl.URL
      state: !!python/tuple
      - !!python/object/new:urllib.parse.SplitResult [https, vault8bf41593ca99e4122d.vault.azure.net,
        /deletedsecrets/secret4, api-version=7.0, '']
- request:
    body: null
    headers:
      Accept: [application/json]
      User-Agent: [azsdk-python-keyvault-secrets/4.0.0b4 Python/3.6.6 (Windows-10-10.0.18362-SP0)]
    method: GET
    uri: https://vault8bf41593ca99e4122d.vault.azure.net/deletedsecrets/secret5?api-version=7.0
  response:
    body: {string: '{"recoveryId":"https://vault8bf41593ca99e4122d.vault.azure.net/deletedsecrets/secret5","deletedDate":1570212154,"scheduledPurgeDate":1577988154,"id":"https://vault8bf41593ca99e4122d.vault.azure.net/secrets/secret5/c62c1bbda5114f529ea57c5d98dda83e","attributes":{"enabled":true,"created":1570212153,"updated":1570212153,"recoveryLevel":"Recoverable+Purgeable"}}'}
    headers: {cache-control: no-cache, content-length: '360', content-type: application/json;
        charset=utf-8, date: 'Fri, 04 Oct 2019 18:03:03 GMT', expires: '-1', pragma: no-cache,
      server: Microsoft-IIS/10.0, strict-transport-security: max-age=31536000;includeSubDomains,
      x-aspnet-version: 4.0.30319, x-content-type-options: nosniff, x-ms-keyvault-network-info: addr=131.107.160.72;act_addr_fam=InterNetwork;,
      x-ms-keyvault-region: westus, x-ms-keyvault-service-version: 1.1.0.879, x-powered-by: ASP.NET}
    status: {code: 200, message: OK}
    url: !!python/object/new:yarl.URL
      state: !!python/tuple
      - !!python/object/new:urllib.parse.SplitResult [https, vault8bf41593ca99e4122d.vault.azure.net,
        /deletedsecrets/secret5, api-version=7.0, '']
- request:
    body: null
    headers:
      Accept: [application/json]
      User-Agent: [azsdk-python-keyvault-secrets/4.0.0b4 Python/3.6.6 (Windows-10-10.0.18362-SP0)]
    method: GET
    uri: https://vault8bf41593ca99e4122d.vault.azure.net/deletedsecrets/secret6?api-version=7.0
  response:
    body: {string: '{"recoveryId":"https://vault8bf41593ca99e4122d.vault.azure.net/deletedsecrets/secret6","deletedDate":1570212154,"scheduledPurgeDate":1577988154,"id":"https://vault8bf41593ca99e4122d.vault.azure.net/secrets/secret6/f178f1aeb2ae414680522f03bf4bc38d","attributes":{"enabled":true,"created":1570212153,"updated":1570212153,"recoveryLevel":"Recoverable+Purgeable"}}'}
    headers: {cache-control: no-cache, content-length: '360', content-type: application/json;
        charset=utf-8, date: 'Fri, 04 Oct 2019 18:03:03 GMT', expires: '-1', pragma: no-cache,
      server: Microsoft-IIS/10.0, strict-transport-security: max-age=31536000;includeSubDomains,
      x-aspnet-version: 4.0.30319, x-content-type-options: nosniff, x-ms-keyvault-network-info: addr=131.107.160.72;act_addr_fam=InterNetwork;,
      x-ms-keyvault-region: westus, x-ms-keyvault-service-version: 1.1.0.879, x-powered-by: ASP.NET}
    status: {code: 200, message: OK}
    url: !!python/object/new:yarl.URL
      state: !!python/tuple
      - !!python/object/new:urllib.parse.SplitResult [https, vault8bf41593ca99e4122d.vault.azure.net,
        /deletedsecrets/secret6, api-version=7.0, '']
- request:
    body: null
    headers:
      Accept: [application/json]
      User-Agent: [azsdk-python-keyvault-secrets/4.0.0b4 Python/3.6.6 (Windows-10-10.0.18362-SP0)]
    method: GET
    uri: https://vault8bf41593ca99e4122d.vault.azure.net/deletedsecrets/secret0?api-version=7.0
  response:
    body: {string: '{"recoveryId":"https://vault8bf41593ca99e4122d.vault.azure.net/deletedsecrets/secret0","deletedDate":1570212153,"scheduledPurgeDate":1577988153,"id":"https://vault8bf41593ca99e4122d.vault.azure.net/secrets/secret0/d81163c6e2b6422e82382841faa023b9","attributes":{"enabled":true,"created":1570212152,"updated":1570212152,"recoveryLevel":"Recoverable+Purgeable"}}'}
    headers: {cache-control: no-cache, content-length: '360', content-type: application/json;
        charset=utf-8, date: 'Fri, 04 Oct 2019 18:03:03 GMT', expires: '-1', pragma: no-cache,
      server: Microsoft-IIS/10.0, strict-transport-security: max-age=31536000;includeSubDomains,
      x-aspnet-version: 4.0.30319, x-content-type-options: nosniff, x-ms-keyvault-network-info: addr=131.107.160.72;act_addr_fam=InterNetwork;,
      x-ms-keyvault-region: westus, x-ms-keyvault-service-version: 1.1.0.879, x-powered-by: ASP.NET}
    status: {code: 200, message: OK}
    url: !!python/object/new:yarl.URL
      state: !!python/tuple
      - !!python/object/new:urllib.parse.SplitResult [https, vault8bf41593ca99e4122d.vault.azure.net,
        /deletedsecrets/secret0, api-version=7.0, '']
- request:
    body: null
    headers:
      Accept: [application/json]
      User-Agent: [azsdk-python-keyvault-secrets/4.0.0b4 Python/3.6.6 (Windows-10-10.0.18362-SP0)]
    method: GET
    uri: https://vault8bf41593ca99e4122d.vault.azure.net/deletedsecrets/secret1?api-version=7.0
  response:
    body: {string: '{"recoveryId":"https://vault8bf41593ca99e4122d.vault.azure.net/deletedsecrets/secret1","deletedDate":1570212153,"scheduledPurgeDate":1577988153,"id":"https://vault8bf41593ca99e4122d.vault.azure.net/secrets/secret1/d87ebccd8a424f979f62bb0c377400c8","attributes":{"enabled":true,"created":1570212152,"updated":1570212152,"recoveryLevel":"Recoverable+Purgeable"}}'}
    headers: {cache-control: no-cache, content-length: '360', content-type: application/json;
        charset=utf-8, date: 'Fri, 04 Oct 2019 18:03:03 GMT', expires: '-1', pragma: no-cache,
      server: Microsoft-IIS/10.0, strict-transport-security: max-age=31536000;includeSubDomains,
      x-aspnet-version: 4.0.30319, x-content-type-options: nosniff, x-ms-keyvault-network-info: addr=131.107.160.72;act_addr_fam=InterNetwork;,
      x-ms-keyvault-region: westus, x-ms-keyvault-service-version: 1.1.0.879, x-powered-by: ASP.NET}
    status: {code: 200, message: OK}
    url: !!python/object/new:yarl.URL
      state: !!python/tuple
      - !!python/object/new:urllib.parse.SplitResult [https, vault8bf41593ca99e4122d.vault.azure.net,
        /deletedsecrets/secret1, api-version=7.0, '']
- request:
    body: null
    headers:
      Accept: [application/json]
      User-Agent: [azsdk-python-keyvault-secrets/4.0.0b4 Python/3.6.6 (Windows-10-10.0.18362-SP0)]
    method: GET
    uri: https://vault8bf41593ca99e4122d.vault.azure.net/deletedsecrets/secret2?api-version=7.0
  response:
    body: {string: '{"recoveryId":"https://vault8bf41593ca99e4122d.vault.azure.net/deletedsecrets/secret2","deletedDate":1570212154,"scheduledPurgeDate":1577988154,"id":"https://vault8bf41593ca99e4122d.vault.azure.net/secrets/secret2/73dd4f15304048b4b92ba27961a9d411","attributes":{"enabled":true,"created":1570212152,"updated":1570212152,"recoveryLevel":"Recoverable+Purgeable"}}'}
    headers: {cache-control: no-cache, content-length: '360', content-type: application/json;
        charset=utf-8, date: 'Fri, 04 Oct 2019 18:03:03 GMT', expires: '-1', pragma: no-cache,
      server: Microsoft-IIS/10.0, strict-transport-security: max-age=31536000;includeSubDomains,
      x-aspnet-version: 4.0.30319, x-content-type-options: nosniff, x-ms-keyvault-network-info: addr=131.107.160.72;act_addr_fam=InterNetwork;,
      x-ms-keyvault-region: westus, x-ms-keyvault-service-version: 1.1.0.879, x-powered-by: ASP.NET}
    status: {code: 200, message: OK}
    url: !!python/object/new:yarl.URL
      state: !!python/tuple
      - !!python/object/new:urllib.parse.SplitResult [https, vault8bf41593ca99e4122d.vault.azure.net,
        /deletedsecrets/secret2, api-version=7.0, '']
- request:
    body: null
    headers:
      Accept: [application/json]
      User-Agent: [azsdk-python-keyvault-secrets/4.0.0b4 Python/3.6.6 (Windows-10-10.0.18362-SP0)]
    method: GET
    uri: https://vault8bf41593ca99e4122d.vault.azure.net/deletedsecrets/secret3?api-version=7.0
  response:
    body: {string: '{"recoveryId":"https://vault8bf41593ca99e4122d.vault.azure.net/deletedsecrets/secret3","deletedDate":1570212154,"scheduledPurgeDate":1577988154,"id":"https://vault8bf41593ca99e4122d.vault.azure.net/secrets/secret3/dbe379b61cce4095abaf0f4e047301bc","attributes":{"enabled":true,"created":1570212153,"updated":1570212153,"recoveryLevel":"Recoverable+Purgeable"}}'}
    headers: {cache-control: no-cache, content-length: '360', content-type: application/json;
        charset=utf-8, date: 'Fri, 04 Oct 2019 18:03:03 GMT', expires: '-1', pragma: no-cache,
      server: Microsoft-IIS/10.0, strict-transport-security: max-age=31536000;includeSubDomains,
      x-aspnet-version: 4.0.30319, x-content-type-options: nosniff, x-ms-keyvault-network-info: addr=131.107.160.72;act_addr_fam=InterNetwork;,
      x-ms-keyvault-region: westus, x-ms-keyvault-service-version: 1.1.0.879, x-powered-by: ASP.NET}
    status: {code: 200, message: OK}
    url: !!python/object/new:yarl.URL
      state: !!python/tuple
      - !!python/object/new:urllib.parse.SplitResult [https, vault8bf41593ca99e4122d.vault.azure.net,
        /deletedsecrets/secret3, api-version=7.0, '']
- request:
    body: null
    headers:
      Accept: [application/json]
      User-Agent: [azsdk-python-keyvault-secrets/4.0.0b4 Python/3.6.6 (Windows-10-10.0.18362-SP0)]
    method: GET
    uri: https://vault8bf41593ca99e4122d.vault.azure.net/deletedsecrets/secret4?api-version=7.0
  response:
    body: {string: '{"recoveryId":"https://vault8bf41593ca99e4122d.vault.azure.net/deletedsecrets/secret4","deletedDate":1570212154,"scheduledPurgeDate":1577988154,"id":"https://vault8bf41593ca99e4122d.vault.azure.net/secrets/secret4/55f82a1ce1044f9ab34ea7231a2e042a","attributes":{"enabled":true,"created":1570212153,"updated":1570212153,"recoveryLevel":"Recoverable+Purgeable"}}'}
    headers: {cache-control: no-cache, content-length: '360', content-type: application/json;
        charset=utf-8, date: 'Fri, 04 Oct 2019 18:03:03 GMT', expires: '-1', pragma: no-cache,
      server: Microsoft-IIS/10.0, strict-transport-security: max-age=31536000;includeSubDomains,
      x-aspnet-version: 4.0.30319, x-content-type-options: nosniff, x-ms-keyvault-network-info: addr=131.107.160.72;act_addr_fam=InterNetwork;,
      x-ms-keyvault-region: westus, x-ms-keyvault-service-version: 1.1.0.879, x-powered-by: ASP.NET}
    status: {code: 200, message: OK}
    url: !!python/object/new:yarl.URL
      state: !!python/tuple
      - !!python/object/new:urllib.parse.SplitResult [https, vault8bf41593ca99e4122d.vault.azure.net,
        /deletedsecrets/secret4, api-version=7.0, '']
- request:
    body: null
    headers:
      Accept: [application/json]
      User-Agent: [azsdk-python-keyvault-secrets/4.0.0b4 Python/3.6.6 (Windows-10-10.0.18362-SP0)]
    method: GET
    uri: https://vault8bf41593ca99e4122d.vault.azure.net/deletedsecrets/secret5?api-version=7.0
  response:
    body: {string: '{"recoveryId":"https://vault8bf41593ca99e4122d.vault.azure.net/deletedsecrets/secret5","deletedDate":1570212154,"scheduledPurgeDate":1577988154,"id":"https://vault8bf41593ca99e4122d.vault.azure.net/secrets/secret5/c62c1bbda5114f529ea57c5d98dda83e","attributes":{"enabled":true,"created":1570212153,"updated":1570212153,"recoveryLevel":"Recoverable+Purgeable"}}'}
    headers: {cache-control: no-cache, content-length: '360', content-type: application/json;
        charset=utf-8, date: 'Fri, 04 Oct 2019 18:03:03 GMT', expires: '-1', pragma: no-cache,
      server: Microsoft-IIS/10.0, strict-transport-security: max-age=31536000;includeSubDomains,
      x-aspnet-version: 4.0.30319, x-content-type-options: nosniff, x-ms-keyvault-network-info: addr=131.107.160.72;act_addr_fam=InterNetwork;,
      x-ms-keyvault-region: westus, x-ms-keyvault-service-version: 1.1.0.879, x-powered-by: ASP.NET}
    status: {code: 200, message: OK}
    url: !!python/object/new:yarl.URL
      state: !!python/tuple
      - !!python/object/new:urllib.parse.SplitResult [https, vault8bf41593ca99e4122d.vault.azure.net,
        /deletedsecrets/secret5, api-version=7.0, '']
- request:
    body: null
    headers:
      Accept: [application/json]
      User-Agent: [azsdk-python-keyvault-secrets/4.0.0b4 Python/3.6.6 (Windows-10-10.0.18362-SP0)]
    method: GET
    uri: https://vault8bf41593ca99e4122d.vault.azure.net/deletedsecrets/secret6?api-version=7.0
  response:
    body: {string: '{"recoveryId":"https://vault8bf41593ca99e4122d.vault.azure.net/deletedsecrets/secret6","deletedDate":1570212154,"scheduledPurgeDate":1577988154,"id":"https://vault8bf41593ca99e4122d.vault.azure.net/secrets/secret6/f178f1aeb2ae414680522f03bf4bc38d","attributes":{"enabled":true,"created":1570212153,"updated":1570212153,"recoveryLevel":"Recoverable+Purgeable"}}'}
    headers: {cache-control: no-cache, content-length: '360', content-type: application/json;
        charset=utf-8, date: 'Fri, 04 Oct 2019 18:03:03 GMT', expires: '-1', pragma: no-cache,
      server: Microsoft-IIS/10.0, strict-transport-security: max-age=31536000;includeSubDomains,
      x-aspnet-version: 4.0.30319, x-content-type-options: nosniff, x-ms-keyvault-network-info: addr=131.107.160.72;act_addr_fam=InterNetwork;,
      x-ms-keyvault-region: westus, x-ms-keyvault-service-version: 1.1.0.879, x-powered-by: ASP.NET}
    status: {code: 200, message: OK}
    url: !!python/object/new:yarl.URL
      state: !!python/tuple
      - !!python/object/new:urllib.parse.SplitResult [https, vault8bf41593ca99e4122d.vault.azure.net,
        /deletedsecrets/secret6, api-version=7.0, '']
- request:
    body: null
    headers:
      Accept: [application/json]
      User-Agent: [azsdk-python-keyvault-secrets/4.0.0b4 Python/3.6.6 (Windows-10-10.0.18362-SP0)]
    method: GET
    uri: https://vault8bf41593ca99e4122d.vault.azure.net/deletedsecrets?api-version=7.0
  response:
    body: {string: '{"value":[{"recoveryId":"https://vault8bf41593ca99e4122d.vault.azure.net/deletedsecrets/secret0","deletedDate":1570212153,"scheduledPurgeDate":1577988153,"id":"https://vault8bf41593ca99e4122d.vault.azure.net/secrets/secret0","attributes":{"enabled":true,"created":1570212152,"updated":1570212152,"recoveryLevel":"Recoverable+Purgeable"}},{"recoveryId":"https://vault8bf41593ca99e4122d.vault.azure.net/deletedsecrets/secret1","deletedDate":1570212153,"scheduledPurgeDate":1577988153,"id":"https://vault8bf41593ca99e4122d.vault.azure.net/secrets/secret1","attributes":{"enabled":true,"created":1570212152,"updated":1570212152,"recoveryLevel":"Recoverable+Purgeable"}},{"recoveryId":"https://vault8bf41593ca99e4122d.vault.azure.net/deletedsecrets/secret2","deletedDate":1570212154,"scheduledPurgeDate":1577988154,"id":"https://vault8bf41593ca99e4122d.vault.azure.net/secrets/secret2","attributes":{"enabled":true,"created":1570212152,"updated":1570212152,"recoveryLevel":"Recoverable+Purgeable"}},{"recoveryId":"https://vault8bf41593ca99e4122d.vault.azure.net/deletedsecrets/secret3","deletedDate":1570212154,"scheduledPurgeDate":1577988154,"id":"https://vault8bf41593ca99e4122d.vault.azure.net/secrets/secret3","attributes":{"enabled":true,"created":1570212153,"updated":1570212153,"recoveryLevel":"Recoverable+Purgeable"}},{"recoveryId":"https://vault8bf41593ca99e4122d.vault.azure.net/deletedsecrets/secret4","deletedDate":1570212154,"scheduledPurgeDate":1577988154,"id":"https://vault8bf41593ca99e4122d.vault.azure.net/secrets/secret4","attributes":{"enabled":true,"created":1570212153,"updated":1570212153,"recoveryLevel":"Recoverable+Purgeable"}},{"recoveryId":"https://vault8bf41593ca99e4122d.vault.azure.net/deletedsecrets/secret5","deletedDate":1570212154,"scheduledPurgeDate":1577988154,"id":"https://vault8bf41593ca99e4122d.vault.azure.net/secrets/secret5","attributes":{"enabled":true,"created":1570212153,"updated":1570212153,"recoveryLevel":"Recoverable+Purgeable"}},{"recoveryId":"https://vault8bf41593ca99e4122d.vault.azure.net/deletedsecrets/secret6","deletedDate":1570212154,"scheduledPurgeDate":1577988154,"id":"https://vault8bf41593ca99e4122d.vault.azure.net/secrets/secret6","attributes":{"enabled":true,"created":1570212153,"updated":1570212153,"recoveryLevel":"Recoverable+Purgeable"}}],"nextLink":null}'}
    headers: {cache-control: no-cache, content-length: '2323', content-type: application/json;
        charset=utf-8, date: 'Fri, 04 Oct 2019 18:03:03 GMT', expires: '-1', pragma: no-cache,
      server: Microsoft-IIS/10.0, strict-transport-security: max-age=31536000;includeSubDomains,
      x-aspnet-version: 4.0.30319, x-content-type-options: nosniff, x-ms-keyvault-network-info: addr=131.107.160.72;act_addr_fam=InterNetwork;,
      x-ms-keyvault-region: westus, x-ms-keyvault-service-version: 1.1.0.879, x-powered-by: ASP.NET}
    status: {code: 200, message: OK}
    url: !!python/object/new:yarl.URL
      state: !!python/tuple
      - !!python/object/new:urllib.parse.SplitResult [https, vault8bf41593ca99e4122d.vault.azure.net,
        /deletedsecrets, api-version=7.0, '']
version: 1
