interactions:
- request:
    body: null
    headers:
      Accept:
      - application/json
      Accept-Encoding:
      - gzip, deflate
      Connection:
      - keep-alive
      Content-Length:
      - '0'
      Content-Type:
      - application/json; charset=utf-8
      User-Agent:
      - python/3.6.6 (Windows-10-10.0.18362-SP0) azure-core/1.0.0b2 azsdk-python-azure-keyvault/7.0
    method: PUT
    uri: https://vault29fe19b8.vault.azure.net/secrets/secret-name?api-version=7.0
  response:
    body:
      string: ''
    headers:
      cache-control:
      - no-cache
      content-length:
      - '0'
      date:
      - Tue, 23 Jul 2019 17:27:40 GMT
      expires:
      - '-1'
      pragma:
      - no-cache
      server:
      - Microsoft-IIS/10.0
      strict-transport-security:
      - max-age=31536000;includeSubDomains
      www-authenticate:
      - Bearer authorization="https://login.windows.net/72f988bf-86f1-41af-91ab-2d7cd011db47",
        resource="https://vault.azure.net"
      x-aspnet-version:
      - 4.0.30319
      x-content-type-options:
      - nosniff
      x-ms-keyvault-network-info:
      - addr=131.107.160.200;act_addr_fam=InterNetwork;
      x-ms-keyvault-region:
      - westus
      x-ms-keyvault-service-version:
      - 1.1.0.872
      x-powered-by:
      - ASP.NET
    status:
      code: 401
      message: Unauthorized
- request:
    body: '{"value": "secret-value", "attributes": {"enabled": true, "exp": 2527401600}}'
    headers:
      Accept:
      - application/json
      Accept-Encoding:
      - gzip, deflate
      Connection:
      - keep-alive
      Content-Length:
      - '77'
      Content-Type:
      - application/json; charset=utf-8
      User-Agent:
      - python/3.6.6 (Windows-10-10.0.18362-SP0) azure-core/1.0.0b2 azsdk-python-azure-keyvault/7.0
    method: PUT
    uri: https://vault29fe19b8.vault.azure.net/secrets/secret-name?api-version=7.0
  response:
    body:
      string: '{"value":"secret-value","id":"https://vault29fe19b8.vault.azure.net/secrets/secret-name/81cac48a26254d6e904c7e4c7c74b013","attributes":{"enabled":true,"exp":2527401600,"created":1563902862,"updated":1563902862,"recoveryLevel":"Recoverable+Purgeable"}}'
    headers:
      cache-control:
      - no-cache
      content-length:
      - '251'
      content-type:
      - application/json; charset=utf-8
      date:
      - Tue, 23 Jul 2019 17:27:41 GMT
      expires:
      - '-1'
      pragma:
      - no-cache
      server:
      - Microsoft-IIS/10.0
      strict-transport-security:
      - max-age=31536000;includeSubDomains
      x-aspnet-version:
      - 4.0.30319
      x-content-type-options:
      - nosniff
      x-ms-keyvault-network-info:
      - addr=131.107.160.200;act_addr_fam=InterNetwork;
      x-ms-keyvault-region:
      - westus
      x-ms-keyvault-service-version:
      - 1.1.0.872
      x-powered-by:
      - ASP.NET
    status:
      code: 200
      message: OK
- request:
    body: null
    headers:
      Accept:
      - application/json
      Accept-Encoding:
      - gzip, deflate
      Connection:
      - keep-alive
      User-Agent:
      - python/3.6.6 (Windows-10-10.0.18362-SP0) azure-core/1.0.0b2 azsdk-python-azure-keyvault/7.0
    method: GET
    uri: https://vault29fe19b8.vault.azure.net/secrets/secret-name/?api-version=7.0
  response:
    body:
      string: '{"value":"secret-value","id":"https://vault29fe19b8.vault.azure.net/secrets/secret-name/81cac48a26254d6e904c7e4c7c74b013","attributes":{"enabled":true,"exp":2527401600,"created":1563902862,"updated":1563902862,"recoveryLevel":"Recoverable+Purgeable"}}'
    headers:
      cache-control:
      - no-cache
      content-length:
      - '251'
      content-type:
      - application/json; charset=utf-8
      date:
      - Tue, 23 Jul 2019 17:27:41 GMT
      expires:
      - '-1'
      pragma:
      - no-cache
      server:
      - Microsoft-IIS/10.0
      strict-transport-security:
      - max-age=31536000;includeSubDomains
      x-aspnet-version:
      - 4.0.30319
      x-content-type-options:
      - nosniff
      x-ms-keyvault-network-info:
      - addr=131.107.160.200;act_addr_fam=InterNetwork;
      x-ms-keyvault-region:
      - westus
      x-ms-keyvault-service-version:
      - 1.1.0.872
      x-powered-by:
      - ASP.NET
    status:
      code: 200
      message: OK
- request:
    body: null
    headers:
      Accept:
      - application/json
      Accept-Encoding:
      - gzip, deflate
      Connection:
      - keep-alive
      User-Agent:
      - python/3.6.6 (Windows-10-10.0.18362-SP0) azure-core/1.0.0b2 azsdk-python-azure-keyvault/7.0
    method: GET
    uri: https://vault29fe19b8.vault.azure.net/secrets/secret-name/81cac48a26254d6e904c7e4c7c74b013?api-version=7.0
  response:
    body:
      string: '{"value":"secret-value","id":"https://vault29fe19b8.vault.azure.net/secrets/secret-name/81cac48a26254d6e904c7e4c7c74b013","attributes":{"enabled":true,"exp":2527401600,"created":1563902862,"updated":1563902862,"recoveryLevel":"Recoverable+Purgeable"}}'
    headers:
      cache-control:
      - no-cache
      content-length:
      - '251'
      content-type:
      - application/json; charset=utf-8
      date:
      - Tue, 23 Jul 2019 17:27:41 GMT
      expires:
      - '-1'
      pragma:
      - no-cache
      server:
      - Microsoft-IIS/10.0
      strict-transport-security:
      - max-age=31536000;includeSubDomains
      x-aspnet-version:
      - 4.0.30319
      x-content-type-options:
      - nosniff
      x-ms-keyvault-network-info:
      - addr=131.107.160.200;act_addr_fam=InterNetwork;
      x-ms-keyvault-region:
      - westus
      x-ms-keyvault-service-version:
      - 1.1.0.872
      x-powered-by:
      - ASP.NET
    status:
      code: 200
      message: OK
- request:
    body: '{"contentType": "text/plain", "tags": {"foo": "updated tag"}}'
    headers:
      Accept:
      - application/json
      Accept-Encoding:
      - gzip, deflate
      Connection:
      - keep-alive
      Content-Length:
      - '61'
      Content-Type:
      - application/json; charset=utf-8
      User-Agent:
      - python/3.6.6 (Windows-10-10.0.18362-SP0) azure-core/1.0.0b2 azsdk-python-azure-keyvault/7.0
    method: PATCH
    uri: https://vault29fe19b8.vault.azure.net/secrets/secret-name/?api-version=7.0
  response:
    body:
      string: '{"contentType":"text/plain","id":"https://vault29fe19b8.vault.azure.net/secrets/secret-name/81cac48a26254d6e904c7e4c7c74b013","attributes":{"enabled":true,"exp":2527401600,"created":1563902862,"updated":1563902862,"recoveryLevel":"Recoverable+Purgeable"},"tags":{"foo":"updated
        tag"}}'
    headers:
      cache-control:
      - no-cache
      content-length:
      - '284'
      content-type:
      - application/json; charset=utf-8
      date:
      - Tue, 23 Jul 2019 17:27:41 GMT
      expires:
      - '-1'
      pragma:
      - no-cache
      server:
      - Microsoft-IIS/10.0
      strict-transport-security:
      - max-age=31536000;includeSubDomains
      x-aspnet-version:
      - 4.0.30319
      x-content-type-options:
      - nosniff
      x-ms-keyvault-network-info:
      - addr=131.107.160.200;act_addr_fam=InterNetwork;
      x-ms-keyvault-region:
      - westus
      x-ms-keyvault-service-version:
      - 1.1.0.872
      x-powered-by:
      - ASP.NET
    status:
      code: 200
      message: OK
- request:
    body: null
    headers:
      Accept:
      - application/json
      Accept-Encoding:
      - gzip, deflate
      Connection:
      - keep-alive
      Content-Length:
      - '0'
      User-Agent:
      - python/3.6.6 (Windows-10-10.0.18362-SP0) azure-core/1.0.0b2 azsdk-python-azure-keyvault/7.0
    method: DELETE
    uri: https://vault29fe19b8.vault.azure.net/secrets/secret-name?api-version=7.0
  response:
    body:
      string: '{"recoveryId":"https://vault29fe19b8.vault.azure.net/deletedsecrets/secret-name","deletedDate":1563902862,"scheduledPurgeDate":1571678862,"contentType":"text/plain","id":"https://vault29fe19b8.vault.azure.net/secrets/secret-name/81cac48a26254d6e904c7e4c7c74b013","attributes":{"enabled":true,"exp":2527401600,"created":1563902862,"updated":1563902862,"recoveryLevel":"Recoverable+Purgeable"},"tags":{"foo":"updated
        tag"}}'
    headers:
      cache-control:
      - no-cache
      content-length:
      - '421'
      content-type:
      - application/json; charset=utf-8
      date:
      - Tue, 23 Jul 2019 17:27:41 GMT
      expires:
      - '-1'
      pragma:
      - no-cache
      server:
      - Microsoft-IIS/10.0
      strict-transport-security:
      - max-age=31536000;includeSubDomains
      x-aspnet-version:
      - 4.0.30319
      x-content-type-options:
      - nosniff
      x-ms-keyvault-network-info:
      - addr=131.107.160.200;act_addr_fam=InterNetwork;
      x-ms-keyvault-region:
      - westus
      x-ms-keyvault-service-version:
      - 1.1.0.872
      x-powered-by:
      - ASP.NET
    status:
      code: 200
      message: OK
version: 1
