interactions:
- request:
    body: null
    headers:
      Accept:
      - application/json
      Content-Length:
      - '0'
      Content-Type:
      - application/json
      User-Agent:
      - azsdk-python-keyvault-secrets/4.4.0 Python/3.10.0 (Windows-10-10.0.22000-SP0)
    method: PUT
    uri: https://vaultname.vault.azure.net/secrets/livekvtestcrud-secretfa21441?api-version=7.3
  response:
    body:
      string: '{"error":{"code":"Unauthorized","message":"AKV10000: Request is missing
        a Bearer or PoP token."}}'
    headers:
      cache-control: no-cache
      content-length: '97'
      content-type: application/json; charset=utf-8
      date: Wed, 23 Mar 2022 03:03:18 GMT
      expires: '-1'
      pragma: no-cache
      strict-transport-security: max-age=31536000;includeSubDomains
      www-authenticate: Bearer authorization="https://login.windows.net/72f988bf-86f1-41af-91ab-2d7cd011db47",
        resource="https://vault.azure.net"
      x-content-type-options: nosniff
      x-ms-keyvault-network-info: conn_type=Ipv4;addr=172.92.159.124;act_addr_fam=InterNetwork;
      x-ms-keyvault-region: westus2
      x-ms-keyvault-service-version: 1.9.331.5
      x-powered-by: ASP.NET
    status:
      code: 401
      message: Unauthorized
    url: https://vaultname.vault.azure.net/secrets/livekvtestcrud-secretfa21441?api-version=7.3
- request:
    body: '{"value": "crud_secret_value"}'
    headers:
      Accept:
      - application/json
      Content-Length:
      - '30'
      Content-Type:
      - application/json
      User-Agent:
      - azsdk-python-keyvault-secrets/4.4.0 Python/3.10.0 (Windows-10-10.0.22000-SP0)
    method: PUT
    uri: https://vaultname.vault.azure.net/secrets/livekvtestcrud-secretfa21441?api-version=7.3
  response:
    body:
      string: '{"value":"crud_secret_value","id":"https://vaultname.vault.azure.net/secrets/livekvtestcrud-secretfa21441/2d9ddfa177dd47bab011a383eba8404c","attributes":{"enabled":true,"created":1648004599,"updated":1648004599,"recoveryLevel":"CustomizedRecoverable+Purgeable","recoverableDays":7}}'
    headers:
      cache-control: no-cache
      content-length: '282'
      content-type: application/json; charset=utf-8
      date: Wed, 23 Mar 2022 03:03:18 GMT
      expires: '-1'
      pragma: no-cache
      strict-transport-security: max-age=31536000;includeSubDomains
      x-content-type-options: nosniff
      x-ms-keyvault-network-info: conn_type=Ipv4;addr=172.92.159.124;act_addr_fam=InterNetwork;
      x-ms-keyvault-rbac-assignment-id: 95a02d0c-52aa-59c1-8ea1-3849ee7c4bb5
      x-ms-keyvault-rbac-cache: ra_age=8517;da_age=1058;rd_age=1058;brd_age=10332;ra_notif_age=8851;dec_lev=1;
      x-ms-keyvault-region: westus2
      x-ms-keyvault-service-version: 1.9.331.5
      x-powered-by: ASP.NET
    status:
      code: 200
      message: OK
    url: https://vaultname.vault.azure.net/secrets/livekvtestcrud-secretfa21441?api-version=7.3
- request:
    body: '{"value": "crud_secret_value", "tags": {"foo": "created tag"}, "attributes":
      {"enabled": true, "nbf": 1422864000}}'
    headers:
      Accept:
      - application/json
      Content-Length:
      - '114'
      Content-Type:
      - application/json
      User-Agent:
      - azsdk-python-keyvault-secrets/4.4.0 Python/3.10.0 (Windows-10-10.0.22000-SP0)
    method: PUT
    uri: https://vaultname.vault.azure.net/secrets/livekvtestcrud-secretfa21441?api-version=7.3
  response:
    body:
      string: '{"value":"crud_secret_value","id":"https://vaultname.vault.azure.net/secrets/livekvtestcrud-secretfa21441/4e0ddbb3d4ca4838a5b47a0f0ff3dbd7","attributes":{"enabled":true,"nbf":1422864000,"created":1648004599,"updated":1648004599,"recoveryLevel":"CustomizedRecoverable+Purgeable","recoverableDays":7},"tags":{"foo":"created
        tag"}}'
    headers:
      cache-control: no-cache
      content-length: '328'
      content-type: application/json; charset=utf-8
      date: Wed, 23 Mar 2022 03:03:18 GMT
      expires: '-1'
      pragma: no-cache
      strict-transport-security: max-age=31536000;includeSubDomains
      x-content-type-options: nosniff
      x-ms-keyvault-network-info: conn_type=Ipv4;addr=172.92.159.124;act_addr_fam=InterNetwork;
      x-ms-keyvault-rbac-assignment-id: 95a02d0c-52aa-59c1-8ea1-3849ee7c4bb5
      x-ms-keyvault-rbac-cache: ra_age=8517;da_age=1058;rd_age=1058;brd_age=10332;ra_notif_age=8851;dec_lev=0;
      x-ms-keyvault-region: westus2
      x-ms-keyvault-service-version: 1.9.331.5
      x-powered-by: ASP.NET
    status:
      code: 200
      message: OK
    url: https://vaultname.vault.azure.net/secrets/livekvtestcrud-secretfa21441?api-version=7.3
- request:
    body: null
    headers:
      Accept:
      - application/json
      User-Agent:
      - azsdk-python-keyvault-secrets/4.4.0 Python/3.10.0 (Windows-10-10.0.22000-SP0)
    method: GET
    uri: https://vaultname.vault.azure.net/secrets/livekvtestcrud-secretfa21441/?api-version=7.3
  response:
    body:
      string: '{"value":"crud_secret_value","id":"https://vaultname.vault.azure.net/secrets/livekvtestcrud-secretfa21441/4e0ddbb3d4ca4838a5b47a0f0ff3dbd7","attributes":{"enabled":true,"nbf":1422864000,"created":1648004599,"updated":1648004599,"recoveryLevel":"CustomizedRecoverable+Purgeable","recoverableDays":7},"tags":{"foo":"created
        tag"}}'
    headers:
      cache-control: no-cache
      content-length: '328'
      content-type: application/json; charset=utf-8
      date: Wed, 23 Mar 2022 03:03:18 GMT
      expires: '-1'
      pragma: no-cache
      strict-transport-security: max-age=31536000;includeSubDomains
      x-content-type-options: nosniff
      x-ms-keyvault-network-info: conn_type=Ipv4;addr=172.92.159.124;act_addr_fam=InterNetwork;
      x-ms-keyvault-rbac-assignment-id: 95a02d0c-52aa-59c1-8ea1-3849ee7c4bb5
      x-ms-keyvault-rbac-cache: ra_age=8517;da_age=1058;rd_age=1058;brd_age=10332;ra_notif_age=8851;dec_lev=1;
      x-ms-keyvault-region: westus2
      x-ms-keyvault-service-version: 1.9.331.5
      x-powered-by: ASP.NET
    status:
      code: 200
      message: OK
    url: https://vaultname.vault.azure.net/secrets/livekvtestcrud-secretfa21441/?api-version=7.3
- request:
    body: null
    headers:
      Accept:
      - application/json
      User-Agent:
      - azsdk-python-keyvault-secrets/4.4.0 Python/3.10.0 (Windows-10-10.0.22000-SP0)
    method: GET
    uri: https://vaultname.vault.azure.net/secrets/livekvtestcrud-secretfa21441/4e0ddbb3d4ca4838a5b47a0f0ff3dbd7?api-version=7.3
  response:
    body:
      string: '{"value":"crud_secret_value","id":"https://vaultname.vault.azure.net/secrets/livekvtestcrud-secretfa21441/4e0ddbb3d4ca4838a5b47a0f0ff3dbd7","attributes":{"enabled":true,"nbf":1422864000,"created":1648004599,"updated":1648004599,"recoveryLevel":"CustomizedRecoverable+Purgeable","recoverableDays":7},"tags":{"foo":"created
        tag"}}'
    headers:
      cache-control: no-cache
      content-length: '328'
      content-type: application/json; charset=utf-8
      date: Wed, 23 Mar 2022 03:03:18 GMT
      expires: '-1'
      pragma: no-cache
      strict-transport-security: max-age=31536000;includeSubDomains
      x-content-type-options: nosniff
      x-ms-keyvault-network-info: conn_type=Ipv4;addr=172.92.159.124;act_addr_fam=InterNetwork;
      x-ms-keyvault-rbac-assignment-id: 95a02d0c-52aa-59c1-8ea1-3849ee7c4bb5
      x-ms-keyvault-rbac-cache: ra_age=8517;da_age=1058;rd_age=1058;brd_age=10332;ra_notif_age=8851;dec_lev=0;
      x-ms-keyvault-region: westus2
      x-ms-keyvault-service-version: 1.9.331.5
      x-powered-by: ASP.NET
    status:
      code: 200
      message: OK
    url: https://vaultname.vault.azure.net/secrets/livekvtestcrud-secretfa21441/4e0ddbb3d4ca4838a5b47a0f0ff3dbd7?api-version=7.3
- request:
    body: '{"contentType": "text/plain", "attributes": {"enabled": false, "exp": 2527401600},
      "tags": {"foo": "updated tag"}}'
    headers:
      Accept:
      - application/json
      Content-Length:
      - '114'
      Content-Type:
      - application/json
      User-Agent:
      - azsdk-python-keyvault-secrets/4.4.0 Python/3.10.0 (Windows-10-10.0.22000-SP0)
    method: PATCH
    uri: https://vaultname.vault.azure.net/secrets/livekvtestcrud-secretfa21441/4e0ddbb3d4ca4838a5b47a0f0ff3dbd7?api-version=7.3
  response:
    body:
      string: '{"contentType":"text/plain","id":"https://vaultname.vault.azure.net/secrets/livekvtestcrud-secretfa21441/4e0ddbb3d4ca4838a5b47a0f0ff3dbd7","attributes":{"enabled":false,"nbf":1422864000,"exp":2527401600,"created":1648004599,"updated":1648004600,"recoveryLevel":"CustomizedRecoverable+Purgeable","recoverableDays":7},"tags":{"foo":"updated
        tag"}}'
    headers:
      cache-control: no-cache
      content-length: '345'
      content-type: application/json; charset=utf-8
      date: Wed, 23 Mar 2022 03:03:19 GMT
      expires: '-1'
      pragma: no-cache
      strict-transport-security: max-age=31536000;includeSubDomains
      x-content-type-options: nosniff
      x-ms-keyvault-network-info: conn_type=Ipv4;addr=172.92.159.124;act_addr_fam=InterNetwork;
      x-ms-keyvault-rbac-assignment-id: 95a02d0c-52aa-59c1-8ea1-3849ee7c4bb5
      x-ms-keyvault-rbac-cache: ra_age=8518;da_age=1060;rd_age=1060;brd_age=10333;ra_notif_age=8852;dec_lev=0;
      x-ms-keyvault-region: westus2
      x-ms-keyvault-service-version: 1.9.331.5
      x-powered-by: ASP.NET
    status:
      code: 200
      message: OK
    url: https://vaultname.vault.azure.net/secrets/livekvtestcrud-secretfa21441/4e0ddbb3d4ca4838a5b47a0f0ff3dbd7?api-version=7.3
- request:
    body: null
    headers:
      Accept:
      - application/json
      User-Agent:
      - azsdk-python-keyvault-secrets/4.4.0 Python/3.10.0 (Windows-10-10.0.22000-SP0)
    method: DELETE
    uri: https://vaultname.vault.azure.net/secrets/livekvtestcrud-secretfa21441?api-version=7.3
  response:
    body:
      string: '{"recoveryId":"https://vaultname.vault.azure.net/deletedsecrets/livekvtestcrud-secretfa21441","deletedDate":1648004600,"scheduledPurgeDate":1648609400,"contentType":"text/plain","id":"https://vaultname.vault.azure.net/secrets/livekvtestcrud-secretfa21441/4e0ddbb3d4ca4838a5b47a0f0ff3dbd7","attributes":{"enabled":false,"nbf":1422864000,"exp":2527401600,"created":1648004599,"updated":1648004600,"recoveryLevel":"CustomizedRecoverable+Purgeable","recoverableDays":7},"tags":{"foo":"updated
        tag"}}'
    headers:
      cache-control: no-cache
      content-length: '495'
      content-type: application/json; charset=utf-8
      date: Wed, 23 Mar 2022 03:03:20 GMT
      expires: '-1'
      pragma: no-cache
      strict-transport-security: max-age=31536000;includeSubDomains
      x-content-type-options: nosniff
      x-ms-keyvault-network-info: conn_type=Ipv4;addr=172.92.159.124;act_addr_fam=InterNetwork;
      x-ms-keyvault-rbac-assignment-id: 95a02d0c-52aa-59c1-8ea1-3849ee7c4bb5
      x-ms-keyvault-rbac-cache: ra_age=8518;da_age=1060;rd_age=1060;brd_age=10334;ra_notif_age=8852;dec_lev=1;
      x-ms-keyvault-region: westus2
      x-ms-keyvault-service-version: 1.9.331.5
      x-powered-by: ASP.NET
    status:
      code: 200
      message: OK
    url: https://vaultname.vault.azure.net/secrets/livekvtestcrud-secretfa21441?api-version=7.3
- request:
    body: null
    headers:
      Accept:
      - application/json
      User-Agent:
      - azsdk-python-keyvault-secrets/4.4.0 Python/3.10.0 (Windows-10-10.0.22000-SP0)
    method: GET
    uri: https://vaultname.vault.azure.net/deletedsecrets/livekvtestcrud-secretfa21441?api-version=7.3
  response:
    body:
      string: '{"error":{"code":"SecretNotFound","message":"Deleted Secret not found:
        livekvtestcrud-secretfa21441"}}'
    headers:
      cache-control: no-cache
      content-length: '102'
      content-type: application/json; charset=utf-8
      date: Wed, 23 Mar 2022 03:03:20 GMT
      expires: '-1'
      pragma: no-cache
      strict-transport-security: max-age=31536000;includeSubDomains
      x-content-type-options: nosniff
      x-ms-keyvault-network-info: conn_type=Ipv4;addr=172.92.159.124;act_addr_fam=InterNetwork;
      x-ms-keyvault-rbac-assignment-id: 95a02d0c-52aa-59c1-8ea1-3849ee7c4bb5
      x-ms-keyvault-rbac-cache: ra_age=8518;da_age=1060;rd_age=1060;brd_age=10334;ra_notif_age=8852;dec_lev=0;
      x-ms-keyvault-region: westus2
      x-ms-keyvault-service-version: 1.9.331.5
      x-powered-by: ASP.NET
    status:
      code: 404
      message: Not Found
    url: https://vaultname.vault.azure.net/deletedsecrets/livekvtestcrud-secretfa21441?api-version=7.3
- request:
    body: null
    headers:
      Accept:
      - application/json
      User-Agent:
      - azsdk-python-keyvault-secrets/4.4.0 Python/3.10.0 (Windows-10-10.0.22000-SP0)
    method: GET
    uri: https://vaultname.vault.azure.net/deletedsecrets/livekvtestcrud-secretfa21441?api-version=7.3
  response:
    body:
      string: '{"error":{"code":"SecretNotFound","message":"Deleted Secret not found:
        livekvtestcrud-secretfa21441"}}'
    headers:
      cache-control: no-cache
      content-length: '102'
      content-type: application/json; charset=utf-8
      date: Wed, 23 Mar 2022 03:03:22 GMT
      expires: '-1'
      pragma: no-cache
      strict-transport-security: max-age=31536000;includeSubDomains
      x-content-type-options: nosniff
      x-ms-keyvault-network-info: conn_type=Ipv4;addr=172.92.159.124;act_addr_fam=InterNetwork;
      x-ms-keyvault-rbac-assignment-id: 95a02d0c-52aa-59c1-8ea1-3849ee7c4bb5
      x-ms-keyvault-rbac-cache: ra_age=8520;da_age=1062;rd_age=1062;brd_age=10336;ra_notif_age=8855;dec_lev=0;
      x-ms-keyvault-region: westus2
      x-ms-keyvault-service-version: 1.9.331.5
      x-powered-by: ASP.NET
    status:
      code: 404
      message: Not Found
    url: https://vaultname.vault.azure.net/deletedsecrets/livekvtestcrud-secretfa21441?api-version=7.3
- request:
    body: null
    headers:
      Accept:
      - application/json
      User-Agent:
      - azsdk-python-keyvault-secrets/4.4.0 Python/3.10.0 (Windows-10-10.0.22000-SP0)
    method: GET
    uri: https://vaultname.vault.azure.net/deletedsecrets/livekvtestcrud-secretfa21441?api-version=7.3
  response:
    body:
      string: '{"error":{"code":"Forbidden","message":"Operation get is not allowed
        on a disabled secret.","innererror":{"code":"SecretDisabled"}}}'
    headers:
      cache-control: no-cache
      content-length: '132'
      content-type: application/json; charset=utf-8
      date: Wed, 23 Mar 2022 03:03:24 GMT
      expires: '-1'
      pragma: no-cache
      strict-transport-security: max-age=31536000;includeSubDomains
      x-content-type-options: nosniff
      x-ms-keyvault-network-info: conn_type=Ipv4;addr=172.92.159.124;act_addr_fam=InterNetwork;
      x-ms-keyvault-rbac-assignment-id: 95a02d0c-52aa-59c1-8ea1-3849ee7c4bb5
      x-ms-keyvault-rbac-cache: ra_age=8522;da_age=1064;rd_age=1064;brd_age=10338;ra_notif_age=8857;dec_lev=0;
      x-ms-keyvault-region: westus2
      x-ms-keyvault-service-version: 1.9.331.5
      x-powered-by: ASP.NET
    status:
      code: 403
      message: Forbidden
    url: https://vaultname.vault.azure.net/deletedsecrets/livekvtestcrud-secretfa21441?api-version=7.3
version: 1
