{
  "Entries": [
    {
      "RequestUri": "https://vaultname.vault.azure.net/secrets/livekvtestsec505f2c75?api-version=7.3",
      "RequestMethod": "PUT",
      "RequestHeaders": {
        "Accept": "application/json",
        "Accept-Encoding": "gzip, deflate",
        "Content-Length": "0",
        "Content-Type": "application/json",
        "User-Agent": "azsdk-python-keyvault-secrets/4.4.0 Python/3.9.9 (Windows-10-10.0.22000-SP0)"
      },
      "RequestBody": null,
      "StatusCode": 401,
      "ResponseHeaders": {
        "Cache-Control": "no-cache",
        "Content-Length": "97",
        "Content-Type": "application/json; charset=utf-8",
        "Date": "Fri, 25 Mar 2022 16:47:15 GMT",
        "Expires": "-1",
        "Pragma": "no-cache",
        "Strict-Transport-Security": "max-age=31536000;includeSubDomains",
        "WWW-Authenticate": "Bearer authorization=\u0022https://login.windows.net/00000000-0000-0000-0000-000000000000\u0022, resource=\u0022https://vault.azure.net\u0022",
        "X-Content-Type-Options": "nosniff",
        "x-ms-keyvault-network-info": "conn_type=Ipv4;addr=73.232.137.144;act_addr_fam=InterNetwork;",
        "x-ms-keyvault-region": "westus2",
        "x-ms-keyvault-service-version": "1.9.331.5",
        "X-Powered-By": "ASP.NET"
      },
      "ResponseBody": {
        "error": {
          "code": "Unauthorized",
          "message": "AKV10000: Request is missing a Bearer or PoP token."
        }
      }
    },
    {
      "RequestUri": "https://vaultname.vault.azure.net/secrets/livekvtestsec505f2c75?api-version=7.3",
      "RequestMethod": "PUT",
      "RequestHeaders": {
        "Accept": "application/json",
        "Accept-Encoding": "gzip, deflate",
        "Content-Length": "19",
        "Content-Type": "application/json",
        "User-Agent": "azsdk-python-keyvault-secrets/4.4.0 Python/3.9.9 (Windows-10-10.0.22000-SP0)"
      },
      "RequestBody": {
        "value": "secVal"
      },
      "StatusCode": 200,
      "ResponseHeaders": {
        "Cache-Control": "no-cache",
        "Content-Length": "264",
        "Content-Type": "application/json; charset=utf-8",
        "Date": "Fri, 25 Mar 2022 16:47:16 GMT",
        "Expires": "-1",
        "Pragma": "no-cache",
        "Strict-Transport-Security": "max-age=31536000;includeSubDomains",
        "X-Content-Type-Options": "nosniff",
        "x-ms-keyvault-network-info": "conn_type=Ipv4;addr=73.232.137.144;act_addr_fam=InterNetwork;",
        "x-ms-keyvault-rbac-assignment-id": "b1617016-e2f7-593d-b320-2121fa602224",
        "x-ms-keyvault-rbac-cache": "ra_age=309;da_age=4758;rd_age=4758;brd_age=16357;ra_notif_age=2676;dec_lev=2;",
        "x-ms-keyvault-region": "westus2",
        "x-ms-keyvault-service-version": "1.9.331.5",
        "X-Powered-By": "ASP.NET"
      },
      "ResponseBody": {
        "value": "secVal",
        "id": "https://vaultname.vault.azure.net/secrets/livekvtestsec505f2c75/27e296c6448e4d4ca592c143f5056856",
        "attributes": {
          "enabled": true,
          "created": 1648226836,
          "updated": 1648226836,
          "recoveryLevel": "CustomizedRecoverable\u002BPurgeable",
          "recoverableDays": 7
        }
      }
    },
    {
      "RequestUri": "https://vaultname.vault.azure.net/secrets/livekvtestsec505f2c75?api-version=7.3",
      "RequestMethod": "PUT",
      "RequestHeaders": {
        "Accept": "application/json",
        "Accept-Encoding": "gzip, deflate",
        "Content-Length": "19",
        "Content-Type": "application/json",
        "User-Agent": "azsdk-python-keyvault-secrets/4.4.0 Python/3.9.9 (Windows-10-10.0.22000-SP0)"
      },
      "RequestBody": {
        "value": "secVal"
      },
      "StatusCode": 200,
      "ResponseHeaders": {
        "Cache-Control": "no-cache",
        "Content-Length": "264",
        "Content-Type": "application/json; charset=utf-8",
        "Date": "Fri, 25 Mar 2022 16:47:16 GMT",
        "Expires": "-1",
        "Pragma": "no-cache",
        "Strict-Transport-Security": "max-age=31536000;includeSubDomains",
        "X-Content-Type-Options": "nosniff",
        "x-ms-keyvault-network-info": "conn_type=Ipv4;addr=73.232.137.144;act_addr_fam=InterNetwork;",
        "x-ms-keyvault-rbac-assignment-id": "b1617016-e2f7-593d-b320-2121fa602224",
        "x-ms-keyvault-rbac-cache": "ra_age=310;da_age=4758;rd_age=4758;brd_age=16357;ra_notif_age=2677;dec_lev=0;",
        "x-ms-keyvault-region": "westus2",
        "x-ms-keyvault-service-version": "1.9.331.5",
        "X-Powered-By": "ASP.NET"
      },
      "ResponseBody": {
        "value": "secVal",
        "id": "https://vaultname.vault.azure.net/secrets/livekvtestsec505f2c75/8678e4c314ec4b819fa62927044c392b",
        "attributes": {
          "enabled": true,
          "created": 1648226836,
          "updated": 1648226836,
          "recoveryLevel": "CustomizedRecoverable\u002BPurgeable",
          "recoverableDays": 7
        }
      }
    },
    {
      "RequestUri": "https://vaultname.vault.azure.net/secrets/livekvtestsec505f2c75?api-version=7.3",
      "RequestMethod": "PUT",
      "RequestHeaders": {
        "Accept": "application/json",
        "Accept-Encoding": "gzip, deflate",
        "Content-Length": "19",
        "Content-Type": "application/json",
        "User-Agent": "azsdk-python-keyvault-secrets/4.4.0 Python/3.9.9 (Windows-10-10.0.22000-SP0)"
      },
      "RequestBody": {
        "value": "secVal"
      },
      "StatusCode": 200,
      "ResponseHeaders": {
        "Cache-Control": "no-cache",
        "Content-Length": "264",
        "Content-Type": "application/json; charset=utf-8",
        "Date": "Fri, 25 Mar 2022 16:47:16 GMT",
        "Expires": "-1",
        "Pragma": "no-cache",
        "Strict-Transport-Security": "max-age=31536000;includeSubDomains",
        "X-Content-Type-Options": "nosniff",
        "x-ms-keyvault-network-info": "conn_type=Ipv4;addr=73.232.137.144;act_addr_fam=InterNetwork;",
        "x-ms-keyvault-rbac-assignment-id": "b1617016-e2f7-593d-b320-2121fa602224",
        "x-ms-keyvault-rbac-cache": "ra_age=310;da_age=4758;rd_age=4758;brd_age=16357;ra_notif_age=2677;dec_lev=0;",
        "x-ms-keyvault-region": "westus2",
        "x-ms-keyvault-service-version": "1.9.331.5",
        "X-Powered-By": "ASP.NET"
      },
      "ResponseBody": {
        "value": "secVal",
        "id": "https://vaultname.vault.azure.net/secrets/livekvtestsec505f2c75/cded980e666842ddb3887c39bdb4638c",
        "attributes": {
          "enabled": true,
          "created": 1648226836,
          "updated": 1648226836,
          "recoveryLevel": "CustomizedRecoverable\u002BPurgeable",
          "recoverableDays": 7
        }
      }
    },
    {
      "RequestUri": "https://vaultname.vault.azure.net/secrets/livekvtestsec505f2c75?api-version=7.3",
      "RequestMethod": "PUT",
      "RequestHeaders": {
        "Accept": "application/json",
        "Accept-Encoding": "gzip, deflate",
        "Content-Length": "19",
        "Content-Type": "application/json",
        "User-Agent": "azsdk-python-keyvault-secrets/4.4.0 Python/3.9.9 (Windows-10-10.0.22000-SP0)"
      },
      "RequestBody": {
        "value": "secVal"
      },
      "StatusCode": 200,
      "ResponseHeaders": {
        "Cache-Control": "no-cache",
        "Content-Length": "264",
        "Content-Type": "application/json; charset=utf-8",
        "Date": "Fri, 25 Mar 2022 16:47:16 GMT",
        "Expires": "-1",
        "Pragma": "no-cache",
        "Strict-Transport-Security": "max-age=31536000;includeSubDomains",
        "X-Content-Type-Options": "nosniff",
        "x-ms-keyvault-network-info": "conn_type=Ipv4;addr=73.232.137.144;act_addr_fam=InterNetwork;",
        "x-ms-keyvault-rbac-assignment-id": "b1617016-e2f7-593d-b320-2121fa602224",
        "x-ms-keyvault-rbac-cache": "ra_age=310;da_age=4758;rd_age=4758;brd_age=16357;ra_notif_age=2677;dec_lev=0;",
        "x-ms-keyvault-region": "westus2",
        "x-ms-keyvault-service-version": "1.9.331.5",
        "X-Powered-By": "ASP.NET"
      },
      "ResponseBody": {
        "value": "secVal",
        "id": "https://vaultname.vault.azure.net/secrets/livekvtestsec505f2c75/ca00055d730744409c5b85fea1e77f16",
        "attributes": {
          "enabled": true,
          "created": 1648226836,
          "updated": 1648226836,
          "recoveryLevel": "CustomizedRecoverable\u002BPurgeable",
          "recoverableDays": 7
        }
      }
    },
    {
      "RequestUri": "https://vaultname.vault.azure.net/secrets/livekvtestsec505f2c75?api-version=7.3",
      "RequestMethod": "PUT",
      "RequestHeaders": {
        "Accept": "application/json",
        "Accept-Encoding": "gzip, deflate",
        "Content-Length": "19",
        "Content-Type": "application/json",
        "User-Agent": "azsdk-python-keyvault-secrets/4.4.0 Python/3.9.9 (Windows-10-10.0.22000-SP0)"
      },
      "RequestBody": {
        "value": "secVal"
      },
      "StatusCode": 200,
      "ResponseHeaders": {
        "Cache-Control": "no-cache",
        "Content-Length": "264",
        "Content-Type": "application/json; charset=utf-8",
        "Date": "Fri, 25 Mar 2022 16:47:16 GMT",
        "Expires": "-1",
        "Pragma": "no-cache",
        "Strict-Transport-Security": "max-age=31536000;includeSubDomains",
        "X-Content-Type-Options": "nosniff",
        "x-ms-keyvault-network-info": "conn_type=Ipv4;addr=73.232.137.144;act_addr_fam=InterNetwork;",
        "x-ms-keyvault-rbac-assignment-id": "b1617016-e2f7-593d-b320-2121fa602224",
        "x-ms-keyvault-rbac-cache": "ra_age=310;da_age=4758;rd_age=4758;brd_age=16357;ra_notif_age=2677;dec_lev=0;",
        "x-ms-keyvault-region": "westus2",
        "x-ms-keyvault-service-version": "1.9.331.5",
        "X-Powered-By": "ASP.NET"
      },
      "ResponseBody": {
        "value": "secVal",
        "id": "https://vaultname.vault.azure.net/secrets/livekvtestsec505f2c75/f370bb0e597f4c148c1109596096ba1c",
        "attributes": {
          "enabled": true,
          "created": 1648226836,
          "updated": 1648226836,
          "recoveryLevel": "CustomizedRecoverable\u002BPurgeable",
          "recoverableDays": 7
        }
      }
    },
    {
      "RequestUri": "https://vaultname.vault.azure.net/secrets/livekvtestsec505f2c75?api-version=7.3",
      "RequestMethod": "PUT",
      "RequestHeaders": {
        "Accept": "application/json",
        "Accept-Encoding": "gzip, deflate",
        "Content-Length": "19",
        "Content-Type": "application/json",
        "User-Agent": "azsdk-python-keyvault-secrets/4.4.0 Python/3.9.9 (Windows-10-10.0.22000-SP0)"
      },
      "RequestBody": {
        "value": "secVal"
      },
      "StatusCode": 200,
      "ResponseHeaders": {
        "Cache-Control": "no-cache",
        "Content-Length": "264",
        "Content-Type": "application/json; charset=utf-8",
        "Date": "Fri, 25 Mar 2022 16:47:16 GMT",
        "Expires": "-1",
        "Pragma": "no-cache",
        "Strict-Transport-Security": "max-age=31536000;includeSubDomains",
        "X-Content-Type-Options": "nosniff",
        "x-ms-keyvault-network-info": "conn_type=Ipv4;addr=73.232.137.144;act_addr_fam=InterNetwork;",
        "x-ms-keyvault-rbac-assignment-id": "b1617016-e2f7-593d-b320-2121fa602224",
        "x-ms-keyvault-rbac-cache": "ra_age=310;da_age=4758;rd_age=4758;brd_age=16358;ra_notif_age=2677;dec_lev=0;",
        "x-ms-keyvault-region": "westus2",
        "x-ms-keyvault-service-version": "1.9.331.5",
        "X-Powered-By": "ASP.NET"
      },
      "ResponseBody": {
        "value": "secVal",
        "id": "https://vaultname.vault.azure.net/secrets/livekvtestsec505f2c75/aba55a2f4f244401a5d6a8671e75415e",
        "attributes": {
          "enabled": true,
          "created": 1648226837,
          "updated": 1648226837,
          "recoveryLevel": "CustomizedRecoverable\u002BPurgeable",
          "recoverableDays": 7
        }
      }
    },
    {
      "RequestUri": "https://vaultname.vault.azure.net/secrets/livekvtestsec505f2c75?api-version=7.3",
      "RequestMethod": "PUT",
      "RequestHeaders": {
        "Accept": "application/json",
        "Accept-Encoding": "gzip, deflate",
        "Content-Length": "19",
        "Content-Type": "application/json",
        "User-Agent": "azsdk-python-keyvault-secrets/4.4.0 Python/3.9.9 (Windows-10-10.0.22000-SP0)"
      },
      "RequestBody": {
        "value": "secVal"
      },
      "StatusCode": 200,
      "ResponseHeaders": {
        "Cache-Control": "no-cache",
        "Content-Length": "264",
        "Content-Type": "application/json; charset=utf-8",
        "Date": "Fri, 25 Mar 2022 16:47:16 GMT",
        "Expires": "-1",
        "Pragma": "no-cache",
        "Strict-Transport-Security": "max-age=31536000;includeSubDomains",
        "X-Content-Type-Options": "nosniff",
        "x-ms-keyvault-network-info": "conn_type=Ipv4;addr=73.232.137.144;act_addr_fam=InterNetwork;",
        "x-ms-keyvault-rbac-assignment-id": "b1617016-e2f7-593d-b320-2121fa602224",
        "x-ms-keyvault-rbac-cache": "ra_age=310;da_age=4758;rd_age=4758;brd_age=16358;ra_notif_age=2677;dec_lev=0;",
        "x-ms-keyvault-region": "westus2",
        "x-ms-keyvault-service-version": "1.9.331.5",
        "X-Powered-By": "ASP.NET"
      },
      "ResponseBody": {
        "value": "secVal",
        "id": "https://vaultname.vault.azure.net/secrets/livekvtestsec505f2c75/562e721a164b4a909904ec756318ee18",
        "attributes": {
          "enabled": true,
          "created": 1648226837,
          "updated": 1648226837,
          "recoveryLevel": "CustomizedRecoverable\u002BPurgeable",
          "recoverableDays": 7
        }
      }
    },
    {
      "RequestUri": "https://vaultname.vault.azure.net/secrets/livekvtestsec505f2c75/versions?maxresults=6\u0026api-version=7.3",
      "RequestMethod": "GET",
      "RequestHeaders": {
        "Accept": "application/json",
        "Accept-Encoding": "gzip, deflate",
        "User-Agent": "azsdk-python-keyvault-secrets/4.4.0 Python/3.9.9 (Windows-10-10.0.22000-SP0)"
      },
      "RequestBody": null,
      "StatusCode": 200,
      "ResponseHeaders": {
        "Cache-Control": "no-cache",
        "Content-Length": "1873",
        "Content-Type": "application/json; charset=utf-8",
        "Date": "Fri, 25 Mar 2022 16:47:17 GMT",
        "Expires": "-1",
        "Pragma": "no-cache",
        "Strict-Transport-Security": "max-age=31536000;includeSubDomains",
        "X-Content-Type-Options": "nosniff",
        "x-ms-keyvault-network-info": "conn_type=Ipv4;addr=73.232.137.144;act_addr_fam=InterNetwork;",
        "x-ms-keyvault-rbac-assignment-id": "b1617016-e2f7-593d-b320-2121fa602224",
        "x-ms-keyvault-rbac-cache": "ra_age=310;da_age=4759;rd_age=4759;brd_age=16358;ra_notif_age=2677;dec_lev=1;",
        "x-ms-keyvault-region": "westus2",
        "x-ms-keyvault-service-version": "1.9.331.5",
        "X-Powered-By": "ASP.NET"
      },
      "ResponseBody": {
        "value": [
          {
            "id": "https://vaultname.vault.azure.net/secrets/livekvtestsec505f2c75/27e296c6448e4d4ca592c143f5056856",
            "attributes": {
              "enabled": true,
              "created": 1648226836,
              "updated": 1648226836,
              "recoveryLevel": "CustomizedRecoverable\u002BPurgeable",
              "recoverableDays": 7
            }
          },
          {
            "id": "https://vaultname.vault.azure.net/secrets/livekvtestsec505f2c75/562e721a164b4a909904ec756318ee18",
            "attributes": {
              "enabled": true,
              "created": 1648226837,
              "updated": 1648226837,
              "recoveryLevel": "CustomizedRecoverable\u002BPurgeable",
              "recoverableDays": 7
            }
          },
          {
            "id": "https://vaultname.vault.azure.net/secrets/livekvtestsec505f2c75/8678e4c314ec4b819fa62927044c392b",
            "attributes": {
              "enabled": true,
              "created": 1648226836,
              "updated": 1648226836,
              "recoveryLevel": "CustomizedRecoverable\u002BPurgeable",
              "recoverableDays": 7
            }
          },
          {
            "id": "https://vaultname.vault.azure.net/secrets/livekvtestsec505f2c75/aba55a2f4f244401a5d6a8671e75415e",
            "attributes": {
              "enabled": true,
              "created": 1648226837,
              "updated": 1648226837,
              "recoveryLevel": "CustomizedRecoverable\u002BPurgeable",
              "recoverableDays": 7
            }
          },
          {
            "id": "https://vaultname.vault.azure.net/secrets/livekvtestsec505f2c75/ca00055d730744409c5b85fea1e77f16",
            "attributes": {
              "enabled": true,
              "created": 1648226836,
              "updated": 1648226836,
              "recoveryLevel": "CustomizedRecoverable\u002BPurgeable",
              "recoverableDays": 7
            }
          },
          {
            "id": "https://vaultname.vault.azure.net/secrets/livekvtestsec505f2c75/cded980e666842ddb3887c39bdb4638c",
            "attributes": {
              "enabled": true,
              "created": 1648226836,
              "updated": 1648226836,
              "recoveryLevel": "CustomizedRecoverable\u002BPurgeable",
              "recoverableDays": 7
            }
          }
        ],
        "nextLink": "https://vaultname.vault.azure.net:443/secrets/livekvtestsec505f2c75/versions?api-version=7.3\u0026$skiptoken=eyJOZXh0TWFya2VyIjoiMiExNDAhTURBd01EWXhJWE5sWTNKbGRDOU1TVlpGUzFaVVJWTlVVMFZETlRBMVJqSkROelV2UmpNM01FSkNNRVUxT1RkR05FTXhORGhETVRFd09UVTVOakE1TmtKQk1VTWhNREF3TURJNElUazVPVGt0TVRJdE16RlVNak02TlRrNk5Ua3VPVGs1T1RrNU9Wb2giLCJUYXJnZXRMb2NhdGlvbiI6MH0\u0026maxresults=6"
      }
    },
    {
      "RequestUri": "https://vaultname.vault.azure.net/secrets/livekvtestsec505f2c75/versions?maxresults=6\u0026api-version=7.3\u0026$skiptoken=eyJOZXh0TWFya2VyIjoiMiExNDAhTURBd01EWXhJWE5sWTNKbGRDOU1TVlpGUzFaVVJWTlVVMFZETlRBMVJqSkROelV2UmpNM01FSkNNRVUxT1RkR05FTXhORGhETVRFd09UVTVOakE1TmtKQk1VTWhNREF3TURJNElUazVPVGt0TVRJdE16RlVNak02TlRrNk5Ua3VPVGs1T1RrNU9Wb2giLCJUYXJnZXRMb2NhdGlvbiI6MH0",
      "RequestMethod": "GET",
      "RequestHeaders": {
        "Accept": "application/json",
        "Accept-Encoding": "gzip, deflate",
        "User-Agent": "azsdk-python-keyvault-secrets/4.4.0 Python/3.9.9 (Windows-10-10.0.22000-SP0)"
      },
      "RequestBody": null,
      "StatusCode": 200,
      "ResponseHeaders": {
        "Cache-Control": "no-cache",
        "Content-Length": "275",
        "Content-Type": "application/json; charset=utf-8",
        "Date": "Fri, 25 Mar 2022 16:47:17 GMT",
        "Expires": "-1",
        "Pragma": "no-cache",
        "Strict-Transport-Security": "max-age=31536000;includeSubDomains",
        "X-Content-Type-Options": "nosniff",
        "x-ms-keyvault-network-info": "conn_type=Ipv4;addr=73.232.137.144;act_addr_fam=InterNetwork;",
        "x-ms-keyvault-rbac-assignment-id": "b1617016-e2f7-593d-b320-2121fa602224",
        "x-ms-keyvault-rbac-cache": "ra_age=311;da_age=4759;rd_age=4759;brd_age=16358;ra_notif_age=2678;dec_lev=0;",
        "x-ms-keyvault-region": "westus2",
        "x-ms-keyvault-service-version": "1.9.331.5",
        "X-Powered-By": "ASP.NET"
      },
      "ResponseBody": {
        "value": [
          {
            "id": "https://vaultname.vault.azure.net/secrets/livekvtestsec505f2c75/f370bb0e597f4c148c1109596096ba1c",
            "attributes": {
              "enabled": true,
              "created": 1648226836,
              "updated": 1648226836,
              "recoveryLevel": "CustomizedRecoverable\u002BPurgeable",
              "recoverableDays": 7
            }
          }
        ],
        "nextLink": null
      }
    }
  ],
  "Variables": {}
}
