interactions:
- request:
    body: null
    headers:
      Accept:
      - application/json
      Content-Length:
      - '0'
      Content-Type:
      - application/json
      User-Agent:
      - azsdk-python-keyvault-secrets/4.4.0b1 Python/3.6.8 (Windows-10-10.0.19041-SP0)
    method: PUT
    uri: https://vaultname.vault.azure.net/secrets/livekvtestsecf9af1400?api-version=7.3-preview
  response:
    body:
      string: '{"error":{"code":"Unauthorized","message":"AKV10000: Request is missing
        a Bearer or PoP token."}}'
    headers:
      cache-control: no-cache
      content-length: '97'
      content-type: application/json; charset=utf-8
      date: Tue, 31 Aug 2021 23:52:35 GMT
      expires: '-1'
      pragma: no-cache
      strict-transport-security: max-age=31536000;includeSubDomains
      www-authenticate: Bearer authorization="https://login.windows.net/72f988bf-86f1-41af-91ab-2d7cd011db47",
        resource="https://vault.azure.net"
      x-content-type-options: nosniff
      x-ms-keyvault-network-info: conn_type=Ipv4;addr=76.28.157.20;act_addr_fam=InterNetwork;
      x-ms-keyvault-region: westus2
      x-ms-keyvault-service-version: 1.9.79.1
      x-powered-by: ASP.NET
    status:
      code: 401
      message: Unauthorized
    url: https://yallkvtests.vault.azure.net/secrets/livekvtestsecf9af1400?api-version=7.3-preview
- request:
    body: '{"value": "secVal"}'
    headers:
      Accept:
      - application/json
      Content-Length:
      - '19'
      Content-Type:
      - application/json
      User-Agent:
      - azsdk-python-keyvault-secrets/4.4.0b1 Python/3.6.8 (Windows-10-10.0.19041-SP0)
    method: PUT
    uri: https://vaultname.vault.azure.net/secrets/livekvtestsecf9af1400?api-version=7.3-preview
  response:
    body:
      string: '{"value":"secVal","id":"https://vaultname.vault.azure.net/secrets/livekvtestsecf9af1400/7656c0e21ae8497bab8b373cc1c0aba0","attributes":{"enabled":true,"created":1630453955,"updated":1630453955,"recoveryLevel":"Recoverable+Purgeable","recoverableDays":90}}'
    headers:
      cache-control: no-cache
      content-length: '257'
      content-type: application/json; charset=utf-8
      date: Tue, 31 Aug 2021 23:52:35 GMT
      expires: '-1'
      pragma: no-cache
      strict-transport-security: max-age=31536000;includeSubDomains
      x-content-type-options: nosniff
      x-ms-keyvault-network-info: conn_type=Ipv4;addr=76.28.157.20;act_addr_fam=InterNetwork;
      x-ms-keyvault-region: westus2
      x-ms-keyvault-service-version: 1.9.79.1
      x-powered-by: ASP.NET
    status:
      code: 200
      message: OK
    url: https://yallkvtests.vault.azure.net/secrets/livekvtestsecf9af1400?api-version=7.3-preview
- request:
    body: '{"value": "secVal"}'
    headers:
      Accept:
      - application/json
      Content-Length:
      - '19'
      Content-Type:
      - application/json
      User-Agent:
      - azsdk-python-keyvault-secrets/4.4.0b1 Python/3.6.8 (Windows-10-10.0.19041-SP0)
    method: PUT
    uri: https://vaultname.vault.azure.net/secrets/livekvtestsecf9af1400?api-version=7.3-preview
  response:
    body:
      string: '{"value":"secVal","id":"https://vaultname.vault.azure.net/secrets/livekvtestsecf9af1400/507fab0034374165ae7d64122112c8ab","attributes":{"enabled":true,"created":1630453955,"updated":1630453955,"recoveryLevel":"Recoverable+Purgeable","recoverableDays":90}}'
    headers:
      cache-control: no-cache
      content-length: '257'
      content-type: application/json; charset=utf-8
      date: Tue, 31 Aug 2021 23:52:35 GMT
      expires: '-1'
      pragma: no-cache
      strict-transport-security: max-age=31536000;includeSubDomains
      x-content-type-options: nosniff
      x-ms-keyvault-network-info: conn_type=Ipv4;addr=76.28.157.20;act_addr_fam=InterNetwork;
      x-ms-keyvault-region: westus2
      x-ms-keyvault-service-version: 1.9.79.1
      x-powered-by: ASP.NET
    status:
      code: 200
      message: OK
    url: https://yallkvtests.vault.azure.net/secrets/livekvtestsecf9af1400?api-version=7.3-preview
- request:
    body: '{"value": "secVal"}'
    headers:
      Accept:
      - application/json
      Content-Length:
      - '19'
      Content-Type:
      - application/json
      User-Agent:
      - azsdk-python-keyvault-secrets/4.4.0b1 Python/3.6.8 (Windows-10-10.0.19041-SP0)
    method: PUT
    uri: https://vaultname.vault.azure.net/secrets/livekvtestsecf9af1400?api-version=7.3-preview
  response:
    body:
      string: '{"value":"secVal","id":"https://vaultname.vault.azure.net/secrets/livekvtestsecf9af1400/ce4ed91d58df4e03b7e041c1f901093d","attributes":{"enabled":true,"created":1630453955,"updated":1630453955,"recoveryLevel":"Recoverable+Purgeable","recoverableDays":90}}'
    headers:
      cache-control: no-cache
      content-length: '257'
      content-type: application/json; charset=utf-8
      date: Tue, 31 Aug 2021 23:52:35 GMT
      expires: '-1'
      pragma: no-cache
      strict-transport-security: max-age=31536000;includeSubDomains
      x-content-type-options: nosniff
      x-ms-keyvault-network-info: conn_type=Ipv4;addr=76.28.157.20;act_addr_fam=InterNetwork;
      x-ms-keyvault-region: westus2
      x-ms-keyvault-service-version: 1.9.79.1
      x-powered-by: ASP.NET
    status:
      code: 200
      message: OK
    url: https://yallkvtests.vault.azure.net/secrets/livekvtestsecf9af1400?api-version=7.3-preview
- request:
    body: '{"value": "secVal"}'
    headers:
      Accept:
      - application/json
      Content-Length:
      - '19'
      Content-Type:
      - application/json
      User-Agent:
      - azsdk-python-keyvault-secrets/4.4.0b1 Python/3.6.8 (Windows-10-10.0.19041-SP0)
    method: PUT
    uri: https://vaultname.vault.azure.net/secrets/livekvtestsecf9af1400?api-version=7.3-preview
  response:
    body:
      string: '{"value":"secVal","id":"https://vaultname.vault.azure.net/secrets/livekvtestsecf9af1400/83f656b5393c46d19f26e0e6bbde57f5","attributes":{"enabled":true,"created":1630453956,"updated":1630453956,"recoveryLevel":"Recoverable+Purgeable","recoverableDays":90}}'
    headers:
      cache-control: no-cache
      content-length: '257'
      content-type: application/json; charset=utf-8
      date: Tue, 31 Aug 2021 23:52:36 GMT
      expires: '-1'
      pragma: no-cache
      strict-transport-security: max-age=31536000;includeSubDomains
      x-content-type-options: nosniff
      x-ms-keyvault-network-info: conn_type=Ipv4;addr=76.28.157.20;act_addr_fam=InterNetwork;
      x-ms-keyvault-region: westus2
      x-ms-keyvault-service-version: 1.9.79.1
      x-powered-by: ASP.NET
    status:
      code: 200
      message: OK
    url: https://yallkvtests.vault.azure.net/secrets/livekvtestsecf9af1400?api-version=7.3-preview
- request:
    body: '{"value": "secVal"}'
    headers:
      Accept:
      - application/json
      Content-Length:
      - '19'
      Content-Type:
      - application/json
      User-Agent:
      - azsdk-python-keyvault-secrets/4.4.0b1 Python/3.6.8 (Windows-10-10.0.19041-SP0)
    method: PUT
    uri: https://vaultname.vault.azure.net/secrets/livekvtestsecf9af1400?api-version=7.3-preview
  response:
    body:
      string: '{"value":"secVal","id":"https://vaultname.vault.azure.net/secrets/livekvtestsecf9af1400/d22e0113792a4140bf6d55ac3cc85e3a","attributes":{"enabled":true,"created":1630453956,"updated":1630453956,"recoveryLevel":"Recoverable+Purgeable","recoverableDays":90}}'
    headers:
      cache-control: no-cache
      content-length: '257'
      content-type: application/json; charset=utf-8
      date: Tue, 31 Aug 2021 23:52:36 GMT
      expires: '-1'
      pragma: no-cache
      strict-transport-security: max-age=31536000;includeSubDomains
      x-content-type-options: nosniff
      x-ms-keyvault-network-info: conn_type=Ipv4;addr=76.28.157.20;act_addr_fam=InterNetwork;
      x-ms-keyvault-region: westus2
      x-ms-keyvault-service-version: 1.9.79.1
      x-powered-by: ASP.NET
    status:
      code: 200
      message: OK
    url: https://yallkvtests.vault.azure.net/secrets/livekvtestsecf9af1400?api-version=7.3-preview
- request:
    body: '{"value": "secVal"}'
    headers:
      Accept:
      - application/json
      Content-Length:
      - '19'
      Content-Type:
      - application/json
      User-Agent:
      - azsdk-python-keyvault-secrets/4.4.0b1 Python/3.6.8 (Windows-10-10.0.19041-SP0)
    method: PUT
    uri: https://vaultname.vault.azure.net/secrets/livekvtestsecf9af1400?api-version=7.3-preview
  response:
    body:
      string: '{"value":"secVal","id":"https://vaultname.vault.azure.net/secrets/livekvtestsecf9af1400/42251f284ab24c8ab4c74361888685c4","attributes":{"enabled":true,"created":1630453956,"updated":1630453956,"recoveryLevel":"Recoverable+Purgeable","recoverableDays":90}}'
    headers:
      cache-control: no-cache
      content-length: '257'
      content-type: application/json; charset=utf-8
      date: Tue, 31 Aug 2021 23:52:36 GMT
      expires: '-1'
      pragma: no-cache
      strict-transport-security: max-age=31536000;includeSubDomains
      x-content-type-options: nosniff
      x-ms-keyvault-network-info: conn_type=Ipv4;addr=76.28.157.20;act_addr_fam=InterNetwork;
      x-ms-keyvault-region: westus2
      x-ms-keyvault-service-version: 1.9.79.1
      x-powered-by: ASP.NET
    status:
      code: 200
      message: OK
    url: https://yallkvtests.vault.azure.net/secrets/livekvtestsecf9af1400?api-version=7.3-preview
- request:
    body: '{"value": "secVal"}'
    headers:
      Accept:
      - application/json
      Content-Length:
      - '19'
      Content-Type:
      - application/json
      User-Agent:
      - azsdk-python-keyvault-secrets/4.4.0b1 Python/3.6.8 (Windows-10-10.0.19041-SP0)
    method: PUT
    uri: https://vaultname.vault.azure.net/secrets/livekvtestsecf9af1400?api-version=7.3-preview
  response:
    body:
      string: '{"value":"secVal","id":"https://vaultname.vault.azure.net/secrets/livekvtestsecf9af1400/03833b1e71d3457bac4e65a14cbc7024","attributes":{"enabled":true,"created":1630453956,"updated":1630453956,"recoveryLevel":"Recoverable+Purgeable","recoverableDays":90}}'
    headers:
      cache-control: no-cache
      content-length: '257'
      content-type: application/json; charset=utf-8
      date: Tue, 31 Aug 2021 23:52:36 GMT
      expires: '-1'
      pragma: no-cache
      strict-transport-security: max-age=31536000;includeSubDomains
      x-content-type-options: nosniff
      x-ms-keyvault-network-info: conn_type=Ipv4;addr=76.28.157.20;act_addr_fam=InterNetwork;
      x-ms-keyvault-region: westus2
      x-ms-keyvault-service-version: 1.9.79.1
      x-powered-by: ASP.NET
    status:
      code: 200
      message: OK
    url: https://yallkvtests.vault.azure.net/secrets/livekvtestsecf9af1400?api-version=7.3-preview
- request:
    body: null
    headers:
      Accept:
      - application/json
      User-Agent:
      - azsdk-python-keyvault-secrets/4.4.0b1 Python/3.6.8 (Windows-10-10.0.19041-SP0)
    method: GET
    uri: https://vaultname.vault.azure.net/secrets/livekvtestsecf9af1400/versions?maxresults=6&api-version=7.3-preview
  response:
    body:
      string: '{"value":[{"id":"https://vaultname.vault.azure.net/secrets/livekvtestsecf9af1400/03833b1e71d3457bac4e65a14cbc7024","attributes":{"enabled":true,"created":1630453956,"updated":1630453956,"recoveryLevel":"Recoverable+Purgeable","recoverableDays":90}},{"id":"https://vaultname.vault.azure.net/secrets/livekvtestsecf9af1400/42251f284ab24c8ab4c74361888685c4","attributes":{"enabled":true,"created":1630453956,"updated":1630453956,"recoveryLevel":"Recoverable+Purgeable","recoverableDays":90}},{"id":"https://vaultname.vault.azure.net/secrets/livekvtestsecf9af1400/507fab0034374165ae7d64122112c8ab","attributes":{"enabled":true,"created":1630453955,"updated":1630453955,"recoveryLevel":"Recoverable+Purgeable","recoverableDays":90}},{"id":"https://vaultname.vault.azure.net/secrets/livekvtestsecf9af1400/7656c0e21ae8497bab8b373cc1c0aba0","attributes":{"enabled":true,"created":1630453955,"updated":1630453955,"recoveryLevel":"Recoverable+Purgeable","recoverableDays":90}},{"id":"https://vaultname.vault.azure.net/secrets/livekvtestsecf9af1400/83f656b5393c46d19f26e0e6bbde57f5","attributes":{"enabled":true,"created":1630453956,"updated":1630453956,"recoveryLevel":"Recoverable+Purgeable","recoverableDays":90}},{"id":"https://vaultname.vault.azure.net/secrets/livekvtestsecf9af1400/ce4ed91d58df4e03b7e041c1f901093d","attributes":{"enabled":true,"created":1630453955,"updated":1630453955,"recoveryLevel":"Recoverable+Purgeable","recoverableDays":90}}],"nextLink":"https://vaultname.vault.azure.net:443/secrets/livekvtestsecf9af1400/versions?api-version=7.3-preview&$skiptoken=eyJOZXh0TWFya2VyIjoiMiExNDAhTURBd01EWXhJWE5sWTNKbGRDOU1TVlpGUzFaVVJWTlVVMFZEUmpsQlJqRTBNREF2UkRJeVJUQXhNVE0zT1RKQk5ERTBNRUpHTmtRMU5VRkRNME5ET0RWRk0wRWhNREF3TURJNElUazVPVGt0TVRJdE16RlVNak02TlRrNk5Ua3VPVGs1T1RrNU9Wb2giLCJUYXJnZXRMb2NhdGlvbiI6MH0&maxresults=6"}'
    headers:
      cache-control: no-cache
      content-length: '1841'
      content-type: application/json; charset=utf-8
      date: Tue, 31 Aug 2021 23:52:36 GMT
      expires: '-1'
      pragma: no-cache
      strict-transport-security: max-age=31536000;includeSubDomains
      x-content-type-options: nosniff
      x-ms-keyvault-network-info: conn_type=Ipv4;addr=76.28.157.20;act_addr_fam=InterNetwork;
      x-ms-keyvault-region: westus2
      x-ms-keyvault-service-version: 1.9.79.1
      x-powered-by: ASP.NET
    status:
      code: 200
      message: OK
    url: https://yallkvtests.vault.azure.net/secrets/livekvtestsecf9af1400/versions?maxresults=6&api-version=7.3-preview
- request:
    body: null
    headers:
      Accept:
      - application/json
      User-Agent:
      - azsdk-python-keyvault-secrets/4.4.0b1 Python/3.6.8 (Windows-10-10.0.19041-SP0)
    method: GET
    uri: https://vaultname.vault.azure.net:443/secrets/livekvtestsecf9af1400/versions?api-version=7.3-preview&$skiptoken=eyJOZXh0TWFya2VyIjoiMiExNDAhTURBd01EWXhJWE5sWTNKbGRDOU1TVlpGUzFaVVJWTlVVMFZEUmpsQlJqRTBNREF2UkRJeVJUQXhNVE0zT1RKQk5ERTBNRUpHTmtRMU5VRkRNME5ET0RWRk0wRWhNREF3TURJNElUazVPVGt0TVRJdE16RlVNak02TlRrNk5Ua3VPVGs1T1RrNU9Wb2giLCJUYXJnZXRMb2NhdGlvbiI6MH0&maxresults=6
  response:
    body:
      string: '{"value":[{"id":"https://vaultname.vault.azure.net/secrets/livekvtestsecf9af1400/d22e0113792a4140bf6d55ac3cc85e3a","attributes":{"enabled":true,"created":1630453956,"updated":1630453956,"recoveryLevel":"Recoverable+Purgeable","recoverableDays":90}}],"nextLink":null}'
    headers:
      cache-control: no-cache
      content-length: '268'
      content-type: application/json; charset=utf-8
      date: Tue, 31 Aug 2021 23:52:36 GMT
      expires: '-1'
      pragma: no-cache
      strict-transport-security: max-age=31536000;includeSubDomains
      x-content-type-options: nosniff
      x-ms-keyvault-network-info: conn_type=Ipv4;addr=76.28.157.20;act_addr_fam=InterNetwork;
      x-ms-keyvault-region: westus2
      x-ms-keyvault-service-version: 1.9.79.1
      x-powered-by: ASP.NET
    status:
      code: 200
      message: OK
    url: https://yallkvtests.vault.azure.net:443/secrets/livekvtestsecf9af1400/versions?api-version=7.3-preview&$skiptoken=eyJOZXh0TWFya2VyIjoiMiExNDAhTURBd01EWXhJWE5sWTNKbGRDOU1TVlpGUzFaVVJWTlVVMFZEUmpsQlJqRTBNREF2UkRJeVJUQXhNVE0zT1RKQk5ERTBNRUpHTmtRMU5VRkRNME5ET0RWRk0wRWhNREF3TURJNElUazVPVGt0TVRJdE16RlVNak02TlRrNk5Ua3VPVGs1T1RrNU9Wb2giLCJUYXJnZXRMb2NhdGlvbiI6MH0&maxresults=6
version: 1
