interactions:
- request:
    body: null
    headers:
      Accept:
      - application/json
      Content-Length:
      - '0'
      Content-Type:
      - application/json; charset=utf-8
      User-Agent:
      - azsdk-python-keyvault-secrets/4.0.0b5 Python/3.6.6 (Windows-10-10.0.18362-SP0)
    method: PUT
    uri: https://vault458ad70cc72aad19c6.vault.azure.net/secrets/key0?api-version=7.0
  response:
    body:
      string: '{"error":{"code":"Unauthorized","message":"Request is missing a Bearer
        or PoP token."}}'
    headers:
      cache-control: no-cache
      content-length: '87'
      content-type: application/json; charset=utf-8
      date: Tue, 22 Oct 2019 00:22:04 GMT
      expires: '-1'
      pragma: no-cache
      server: Microsoft-IIS/10.0
      strict-transport-security: max-age=31536000;includeSubDomains
      www-authenticate: Bearer authorization="https://login.windows.net/72f988bf-86f1-41af-91ab-2d7cd011db47",
        resource="https://vault.azure.net"
      x-aspnet-version: 4.0.30319
      x-content-type-options: nosniff
      x-ms-keyvault-network-info: addr=131.107.160.72;act_addr_fam=InterNetwork;
      x-ms-keyvault-region: westus
      x-ms-keyvault-service-version: 1.1.0.879
      x-powered-by: ASP.NET
    status:
      code: 401
      message: Unauthorized
    url: !!python/object/new:yarl.URL
      state: !!python/tuple
      - !!python/object/new:urllib.parse.SplitResult
        - https
        - vault458ad70cc72aad19c6.vault.azure.net
        - /secrets/key0
        - api-version=7.0
        - ''
- request:
    body: '{"value": "value0"}'
    headers:
      Accept:
      - application/json
      Content-Length:
      - '19'
      Content-Type:
      - application/json; charset=utf-8
      User-Agent:
      - azsdk-python-keyvault-secrets/4.0.0b5 Python/3.6.6 (Windows-10-10.0.18362-SP0)
    method: PUT
    uri: https://vault458ad70cc72aad19c6.vault.azure.net/secrets/key0?api-version=7.0
  response:
    body:
      string: '{"value":"value0","id":"https://vault458ad70cc72aad19c6.vault.azure.net/secrets/key0/e4cabd6edc7b49359f78e319880e4f96","attributes":{"enabled":true,"created":1571703725,"updated":1571703725,"recoveryLevel":"Recoverable+Purgeable"}}'
    headers:
      cache-control: no-cache
      content-length: '231'
      content-type: application/json; charset=utf-8
      date: Tue, 22 Oct 2019 00:22:05 GMT
      expires: '-1'
      pragma: no-cache
      server: Microsoft-IIS/10.0
      strict-transport-security: max-age=31536000;includeSubDomains
      x-aspnet-version: 4.0.30319
      x-content-type-options: nosniff
      x-ms-keyvault-network-info: addr=131.107.160.72;act_addr_fam=InterNetwork;
      x-ms-keyvault-region: westus
      x-ms-keyvault-service-version: 1.1.0.879
      x-powered-by: ASP.NET
    status:
      code: 200
      message: OK
    url: !!python/object/new:yarl.URL
      state: !!python/tuple
      - !!python/object/new:urllib.parse.SplitResult
        - https
        - vault458ad70cc72aad19c6.vault.azure.net
        - /secrets/key0
        - api-version=7.0
        - ''
- request:
    body: '{"value": "value1"}'
    headers:
      Accept:
      - application/json
      Content-Length:
      - '19'
      Content-Type:
      - application/json; charset=utf-8
      User-Agent:
      - azsdk-python-keyvault-secrets/4.0.0b5 Python/3.6.6 (Windows-10-10.0.18362-SP0)
    method: PUT
    uri: https://vault458ad70cc72aad19c6.vault.azure.net/secrets/key1?api-version=7.0
  response:
    body:
      string: '{"value":"value1","id":"https://vault458ad70cc72aad19c6.vault.azure.net/secrets/key1/a0b0d04d134849448b82e117967e120c","attributes":{"enabled":true,"created":1571703726,"updated":1571703726,"recoveryLevel":"Recoverable+Purgeable"}}'
    headers:
      cache-control: no-cache
      content-length: '231'
      content-type: application/json; charset=utf-8
      date: Tue, 22 Oct 2019 00:22:05 GMT
      expires: '-1'
      pragma: no-cache
      server: Microsoft-IIS/10.0
      strict-transport-security: max-age=31536000;includeSubDomains
      x-aspnet-version: 4.0.30319
      x-content-type-options: nosniff
      x-ms-keyvault-network-info: addr=131.107.160.72;act_addr_fam=InterNetwork;
      x-ms-keyvault-region: westus
      x-ms-keyvault-service-version: 1.1.0.879
      x-powered-by: ASP.NET
    status:
      code: 200
      message: OK
    url: !!python/object/new:yarl.URL
      state: !!python/tuple
      - !!python/object/new:urllib.parse.SplitResult
        - https
        - vault458ad70cc72aad19c6.vault.azure.net
        - /secrets/key1
        - api-version=7.0
        - ''
- request:
    body: '{"value": "value2"}'
    headers:
      Accept:
      - application/json
      Content-Length:
      - '19'
      Content-Type:
      - application/json; charset=utf-8
      User-Agent:
      - azsdk-python-keyvault-secrets/4.0.0b5 Python/3.6.6 (Windows-10-10.0.18362-SP0)
    method: PUT
    uri: https://vault458ad70cc72aad19c6.vault.azure.net/secrets/key2?api-version=7.0
  response:
    body:
      string: '{"value":"value2","id":"https://vault458ad70cc72aad19c6.vault.azure.net/secrets/key2/94cd1943b566481080abfb77b0a89239","attributes":{"enabled":true,"created":1571703726,"updated":1571703726,"recoveryLevel":"Recoverable+Purgeable"}}'
    headers:
      cache-control: no-cache
      content-length: '231'
      content-type: application/json; charset=utf-8
      date: Tue, 22 Oct 2019 00:22:05 GMT
      expires: '-1'
      pragma: no-cache
      server: Microsoft-IIS/10.0
      strict-transport-security: max-age=31536000;includeSubDomains
      x-aspnet-version: 4.0.30319
      x-content-type-options: nosniff
      x-ms-keyvault-network-info: addr=131.107.160.72;act_addr_fam=InterNetwork;
      x-ms-keyvault-region: westus
      x-ms-keyvault-service-version: 1.1.0.879
      x-powered-by: ASP.NET
    status:
      code: 200
      message: OK
    url: !!python/object/new:yarl.URL
      state: !!python/tuple
      - !!python/object/new:urllib.parse.SplitResult
        - https
        - vault458ad70cc72aad19c6.vault.azure.net
        - /secrets/key2
        - api-version=7.0
        - ''
- request:
    body: '{"value": "value3"}'
    headers:
      Accept:
      - application/json
      Content-Length:
      - '19'
      Content-Type:
      - application/json; charset=utf-8
      User-Agent:
      - azsdk-python-keyvault-secrets/4.0.0b5 Python/3.6.6 (Windows-10-10.0.18362-SP0)
    method: PUT
    uri: https://vault458ad70cc72aad19c6.vault.azure.net/secrets/key3?api-version=7.0
  response:
    body:
      string: '{"value":"value3","id":"https://vault458ad70cc72aad19c6.vault.azure.net/secrets/key3/1d3fce0147bd470bb2d206578d6adc50","attributes":{"enabled":true,"created":1571703726,"updated":1571703726,"recoveryLevel":"Recoverable+Purgeable"}}'
    headers:
      cache-control: no-cache
      content-length: '231'
      content-type: application/json; charset=utf-8
      date: Tue, 22 Oct 2019 00:22:05 GMT
      expires: '-1'
      pragma: no-cache
      server: Microsoft-IIS/10.0
      strict-transport-security: max-age=31536000;includeSubDomains
      x-aspnet-version: 4.0.30319
      x-content-type-options: nosniff
      x-ms-keyvault-network-info: addr=131.107.160.72;act_addr_fam=InterNetwork;
      x-ms-keyvault-region: westus
      x-ms-keyvault-service-version: 1.1.0.879
      x-powered-by: ASP.NET
    status:
      code: 200
      message: OK
    url: !!python/object/new:yarl.URL
      state: !!python/tuple
      - !!python/object/new:urllib.parse.SplitResult
        - https
        - vault458ad70cc72aad19c6.vault.azure.net
        - /secrets/key3
        - api-version=7.0
        - ''
- request:
    body: '{"value": "value4"}'
    headers:
      Accept:
      - application/json
      Content-Length:
      - '19'
      Content-Type:
      - application/json; charset=utf-8
      User-Agent:
      - azsdk-python-keyvault-secrets/4.0.0b5 Python/3.6.6 (Windows-10-10.0.18362-SP0)
    method: PUT
    uri: https://vault458ad70cc72aad19c6.vault.azure.net/secrets/key4?api-version=7.0
  response:
    body:
      string: '{"value":"value4","id":"https://vault458ad70cc72aad19c6.vault.azure.net/secrets/key4/d464ce64dbea41388c19ea893ec9362c","attributes":{"enabled":true,"created":1571703726,"updated":1571703726,"recoveryLevel":"Recoverable+Purgeable"}}'
    headers:
      cache-control: no-cache
      content-length: '231'
      content-type: application/json; charset=utf-8
      date: Tue, 22 Oct 2019 00:22:05 GMT
      expires: '-1'
      pragma: no-cache
      server: Microsoft-IIS/10.0
      strict-transport-security: max-age=31536000;includeSubDomains
      x-aspnet-version: 4.0.30319
      x-content-type-options: nosniff
      x-ms-keyvault-network-info: addr=131.107.160.72;act_addr_fam=InterNetwork;
      x-ms-keyvault-region: westus
      x-ms-keyvault-service-version: 1.1.0.879
      x-powered-by: ASP.NET
    status:
      code: 200
      message: OK
    url: !!python/object/new:yarl.URL
      state: !!python/tuple
      - !!python/object/new:urllib.parse.SplitResult
        - https
        - vault458ad70cc72aad19c6.vault.azure.net
        - /secrets/key4
        - api-version=7.0
        - ''
- request:
    body: '{"value": "value5"}'
    headers:
      Accept:
      - application/json
      Content-Length:
      - '19'
      Content-Type:
      - application/json; charset=utf-8
      User-Agent:
      - azsdk-python-keyvault-secrets/4.0.0b5 Python/3.6.6 (Windows-10-10.0.18362-SP0)
    method: PUT
    uri: https://vault458ad70cc72aad19c6.vault.azure.net/secrets/key5?api-version=7.0
  response:
    body:
      string: '{"value":"value5","id":"https://vault458ad70cc72aad19c6.vault.azure.net/secrets/key5/7695e76cffb443e6b4cd1be4e3a16bb0","attributes":{"enabled":true,"created":1571703726,"updated":1571703726,"recoveryLevel":"Recoverable+Purgeable"}}'
    headers:
      cache-control: no-cache
      content-length: '231'
      content-type: application/json; charset=utf-8
      date: Tue, 22 Oct 2019 00:22:05 GMT
      expires: '-1'
      pragma: no-cache
      server: Microsoft-IIS/10.0
      strict-transport-security: max-age=31536000;includeSubDomains
      x-aspnet-version: 4.0.30319
      x-content-type-options: nosniff
      x-ms-keyvault-network-info: addr=131.107.160.72;act_addr_fam=InterNetwork;
      x-ms-keyvault-region: westus
      x-ms-keyvault-service-version: 1.1.0.879
      x-powered-by: ASP.NET
    status:
      code: 200
      message: OK
    url: !!python/object/new:yarl.URL
      state: !!python/tuple
      - !!python/object/new:urllib.parse.SplitResult
        - https
        - vault458ad70cc72aad19c6.vault.azure.net
        - /secrets/key5
        - api-version=7.0
        - ''
- request:
    body: '{"value": "value6"}'
    headers:
      Accept:
      - application/json
      Content-Length:
      - '19'
      Content-Type:
      - application/json; charset=utf-8
      User-Agent:
      - azsdk-python-keyvault-secrets/4.0.0b5 Python/3.6.6 (Windows-10-10.0.18362-SP0)
    method: PUT
    uri: https://vault458ad70cc72aad19c6.vault.azure.net/secrets/key6?api-version=7.0
  response:
    body:
      string: '{"value":"value6","id":"https://vault458ad70cc72aad19c6.vault.azure.net/secrets/key6/388c0444fe16413982e9dfb43c8c7f32","attributes":{"enabled":true,"created":1571703726,"updated":1571703726,"recoveryLevel":"Recoverable+Purgeable"}}'
    headers:
      cache-control: no-cache
      content-length: '231'
      content-type: application/json; charset=utf-8
      date: Tue, 22 Oct 2019 00:22:05 GMT
      expires: '-1'
      pragma: no-cache
      server: Microsoft-IIS/10.0
      strict-transport-security: max-age=31536000;includeSubDomains
      x-aspnet-version: 4.0.30319
      x-content-type-options: nosniff
      x-ms-keyvault-network-info: addr=131.107.160.72;act_addr_fam=InterNetwork;
      x-ms-keyvault-region: westus
      x-ms-keyvault-service-version: 1.1.0.879
      x-powered-by: ASP.NET
    status:
      code: 200
      message: OK
    url: !!python/object/new:yarl.URL
      state: !!python/tuple
      - !!python/object/new:urllib.parse.SplitResult
        - https
        - vault458ad70cc72aad19c6.vault.azure.net
        - /secrets/key6
        - api-version=7.0
        - ''
- request:
    body: null
    headers:
      Accept:
      - application/json
      User-Agent:
      - azsdk-python-keyvault-secrets/4.0.0b5 Python/3.6.6 (Windows-10-10.0.18362-SP0)
    method: GET
    uri: https://vault458ad70cc72aad19c6.vault.azure.net/secrets?api-version=7.0
  response:
    body:
      string: '{"value":[{"id":"https://vault458ad70cc72aad19c6.vault.azure.net/secrets/key0","attributes":{"enabled":true,"created":1571703725,"updated":1571703725,"recoveryLevel":"Recoverable+Purgeable"}},{"id":"https://vault458ad70cc72aad19c6.vault.azure.net/secrets/key1","attributes":{"enabled":true,"created":1571703726,"updated":1571703726,"recoveryLevel":"Recoverable+Purgeable"}},{"id":"https://vault458ad70cc72aad19c6.vault.azure.net/secrets/key2","attributes":{"enabled":true,"created":1571703726,"updated":1571703726,"recoveryLevel":"Recoverable+Purgeable"}},{"id":"https://vault458ad70cc72aad19c6.vault.azure.net/secrets/key3","attributes":{"enabled":true,"created":1571703726,"updated":1571703726,"recoveryLevel":"Recoverable+Purgeable"}},{"id":"https://vault458ad70cc72aad19c6.vault.azure.net/secrets/key4","attributes":{"enabled":true,"created":1571703726,"updated":1571703726,"recoveryLevel":"Recoverable+Purgeable"}},{"id":"https://vault458ad70cc72aad19c6.vault.azure.net/secrets/key5","attributes":{"enabled":true,"created":1571703726,"updated":1571703726,"recoveryLevel":"Recoverable+Purgeable"}},{"id":"https://vault458ad70cc72aad19c6.vault.azure.net/secrets/key6","attributes":{"enabled":true,"created":1571703726,"updated":1571703726,"recoveryLevel":"Recoverable+Purgeable"}}],"nextLink":null}'
    headers:
      cache-control: no-cache
      content-length: '1301'
      content-type: application/json; charset=utf-8
      date: Tue, 22 Oct 2019 00:22:05 GMT
      expires: '-1'
      pragma: no-cache
      server: Microsoft-IIS/10.0
      strict-transport-security: max-age=31536000;includeSubDomains
      x-aspnet-version: 4.0.30319
      x-content-type-options: nosniff
      x-ms-keyvault-network-info: addr=131.107.160.72;act_addr_fam=InterNetwork;
      x-ms-keyvault-region: westus
      x-ms-keyvault-service-version: 1.1.0.879
      x-powered-by: ASP.NET
    status:
      code: 200
      message: OK
    url: !!python/object/new:yarl.URL
      state: !!python/tuple
      - !!python/object/new:urllib.parse.SplitResult
        - https
        - vault458ad70cc72aad19c6.vault.azure.net
        - /secrets
        - api-version=7.0
        - ''
- request:
    body: null
    headers:
      Accept:
      - application/json
      User-Agent:
      - azsdk-python-keyvault-secrets/4.0.0b5 Python/3.6.6 (Windows-10-10.0.18362-SP0)
    method: GET
    uri: https://vault458ad70cc72aad19c6.vault.azure.net/secrets/secret-name/versions?api-version=7.0
  response:
    body:
      string: '{"value":[],"nextLink":null}'
    headers:
      cache-control: no-cache
      content-length: '28'
      content-type: application/json; charset=utf-8
      date: Tue, 22 Oct 2019 00:22:05 GMT
      expires: '-1'
      pragma: no-cache
      server: Microsoft-IIS/10.0
      strict-transport-security: max-age=31536000;includeSubDomains
      x-aspnet-version: 4.0.30319
      x-content-type-options: nosniff
      x-ms-keyvault-network-info: addr=131.107.160.72;act_addr_fam=InterNetwork;
      x-ms-keyvault-region: westus
      x-ms-keyvault-service-version: 1.1.0.879
      x-powered-by: ASP.NET
    status:
      code: 200
      message: OK
    url: !!python/object/new:yarl.URL
      state: !!python/tuple
      - !!python/object/new:urllib.parse.SplitResult
        - https
        - vault458ad70cc72aad19c6.vault.azure.net
        - /secrets/secret-name/versions
        - api-version=7.0
        - ''
- request:
    body: null
    headers:
      Accept:
      - application/json
      User-Agent:
      - azsdk-python-keyvault-secrets/4.0.0b5 Python/3.6.6 (Windows-10-10.0.18362-SP0)
    method: GET
    uri: https://vault458ad70cc72aad19c6.vault.azure.net/deletedsecrets?api-version=7.0
  response:
    body:
      string: '{"value":[],"nextLink":null}'
    headers:
      cache-control: no-cache
      content-length: '28'
      content-type: application/json; charset=utf-8
      date: Tue, 22 Oct 2019 00:22:06 GMT
      expires: '-1'
      pragma: no-cache
      server: Microsoft-IIS/10.0
      strict-transport-security: max-age=31536000;includeSubDomains
      x-aspnet-version: 4.0.30319
      x-content-type-options: nosniff
      x-ms-keyvault-network-info: addr=131.107.160.72;act_addr_fam=InterNetwork;
      x-ms-keyvault-region: westus
      x-ms-keyvault-service-version: 1.1.0.879
      x-powered-by: ASP.NET
    status:
      code: 200
      message: OK
    url: !!python/object/new:yarl.URL
      state: !!python/tuple
      - !!python/object/new:urllib.parse.SplitResult
        - https
        - vault458ad70cc72aad19c6.vault.azure.net
        - /deletedsecrets
        - api-version=7.0
        - ''
version: 1
