interactions:
- request:
    body: null
    headers:
      Accept: [application/json]
      Content-Length: ['0']
      Content-Type: [application/json; charset=utf-8]
      User-Agent: [azsdk-python-keyvault-secrets/4.0.0b2 Python/3.6.6 (Windows-10-10.0.18362-SP0)]
    method: PUT
    uri: https://vault105115999724c80f77.vault.azure.net/secrets/sec24c80f77?api-version=7.0
  response:
    body: {string: '{"error":{"code":"Unauthorized","message":"Request is missing
        a Bearer or PoP token."}}'}
    headers: {cache-control: no-cache, content-length: '87', content-type: application/json;
        charset=utf-8, date: 'Tue, 27 Aug 2019 22:11:01 GMT', expires: '-1', pragma: no-cache,
      server: Microsoft-IIS/10.0, strict-transport-security: max-age=31536000;includeSubDomains,
      www-authenticate: 'Bearer authorization="https://login.windows.net/72f988bf-86f1-41af-91ab-2d7cd011db47",
        resource="https://vault.azure.net"', x-aspnet-version: 4.0.30319, x-content-type-options: nosniff,
      x-ms-keyvault-network-info: addr=131.107.160.72;act_addr_fam=InterNetwork;,
      x-ms-keyvault-region: westus, x-ms-keyvault-service-version: 1.1.0.876, x-powered-by: ASP.NET}
    status: {code: 401, message: Unauthorized}
    url: !!python/object/new:yarl.URL
      state: !!python/tuple
      - !!python/object/new:urllib.parse.SplitResult [https, vault105115999724c80f77.vault.azure.net,
        /secrets/sec24c80f77, api-version=7.0, '']
- request:
    body: '{"value": "secVal24c80f77"}'
    headers:
      Accept: [application/json]
      Content-Length: ['27']
      Content-Type: [application/json; charset=utf-8]
      User-Agent: [azsdk-python-keyvault-secrets/4.0.0b2 Python/3.6.6 (Windows-10-10.0.18362-SP0)]
    method: PUT
    uri: https://vault105115999724c80f77.vault.azure.net/secrets/sec24c80f77?api-version=7.0
  response:
    body: {string: '{"value":"secVal24c80f77","id":"https://vault105115999724c80f77.vault.azure.net/secrets/sec24c80f77/90413e4fac6b4082a5e2ca8837118118","attributes":{"enabled":true,"created":1566943863,"updated":1566943863,"recoveryLevel":"Purgeable"}}'}
    headers: {cache-control: no-cache, content-length: '234', content-type: application/json;
        charset=utf-8, date: 'Tue, 27 Aug 2019 22:11:02 GMT', expires: '-1', pragma: no-cache,
      server: Microsoft-IIS/10.0, strict-transport-security: max-age=31536000;includeSubDomains,
      x-aspnet-version: 4.0.30319, x-content-type-options: nosniff, x-ms-keyvault-network-info: addr=131.107.160.72;act_addr_fam=InterNetwork;,
      x-ms-keyvault-region: westus, x-ms-keyvault-service-version: 1.1.0.876, x-powered-by: ASP.NET}
    status: {code: 200, message: OK}
    url: !!python/object/new:yarl.URL
      state: !!python/tuple
      - !!python/object/new:urllib.parse.SplitResult [https, vault105115999724c80f77.vault.azure.net,
        /secrets/sec24c80f77, api-version=7.0, '']
- request:
    body: '{"value": "secVal24c80f77"}'
    headers:
      Accept: [application/json]
      Content-Length: ['27']
      Content-Type: [application/json; charset=utf-8]
      User-Agent: [azsdk-python-keyvault-secrets/4.0.0b2 Python/3.6.6 (Windows-10-10.0.18362-SP0)]
    method: PUT
    uri: https://vault105115999724c80f77.vault.azure.net/secrets/sec24c80f77?api-version=7.0
  response:
    body: {string: '{"value":"secVal24c80f77","id":"https://vault105115999724c80f77.vault.azure.net/secrets/sec24c80f77/0d462b336690456bb57520719d599030","attributes":{"enabled":true,"created":1566943863,"updated":1566943863,"recoveryLevel":"Purgeable"}}'}
    headers: {cache-control: no-cache, content-length: '234', content-type: application/json;
        charset=utf-8, date: 'Tue, 27 Aug 2019 22:11:02 GMT', expires: '-1', pragma: no-cache,
      server: Microsoft-IIS/10.0, strict-transport-security: max-age=31536000;includeSubDomains,
      x-aspnet-version: 4.0.30319, x-content-type-options: nosniff, x-ms-keyvault-network-info: addr=131.107.160.72;act_addr_fam=InterNetwork;,
      x-ms-keyvault-region: westus, x-ms-keyvault-service-version: 1.1.0.876, x-powered-by: ASP.NET}
    status: {code: 200, message: OK}
    url: !!python/object/new:yarl.URL
      state: !!python/tuple
      - !!python/object/new:urllib.parse.SplitResult [https, vault105115999724c80f77.vault.azure.net,
        /secrets/sec24c80f77, api-version=7.0, '']
- request:
    body: '{"value": "secVal24c80f77"}'
    headers:
      Accept: [application/json]
      Content-Length: ['27']
      Content-Type: [application/json; charset=utf-8]
      User-Agent: [azsdk-python-keyvault-secrets/4.0.0b2 Python/3.6.6 (Windows-10-10.0.18362-SP0)]
    method: PUT
    uri: https://vault105115999724c80f77.vault.azure.net/secrets/sec24c80f77?api-version=7.0
  response:
    body: {string: '{"value":"secVal24c80f77","id":"https://vault105115999724c80f77.vault.azure.net/secrets/sec24c80f77/a1215866ca884fec96777e838db64a7d","attributes":{"enabled":true,"created":1566943863,"updated":1566943863,"recoveryLevel":"Purgeable"}}'}
    headers: {cache-control: no-cache, content-length: '234', content-type: application/json;
        charset=utf-8, date: 'Tue, 27 Aug 2019 22:11:02 GMT', expires: '-1', pragma: no-cache,
      server: Microsoft-IIS/10.0, strict-transport-security: max-age=31536000;includeSubDomains,
      x-aspnet-version: 4.0.30319, x-content-type-options: nosniff, x-ms-keyvault-network-info: addr=131.107.160.72;act_addr_fam=InterNetwork;,
      x-ms-keyvault-region: westus, x-ms-keyvault-service-version: 1.1.0.876, x-powered-by: ASP.NET}
    status: {code: 200, message: OK}
    url: !!python/object/new:yarl.URL
      state: !!python/tuple
      - !!python/object/new:urllib.parse.SplitResult [https, vault105115999724c80f77.vault.azure.net,
        /secrets/sec24c80f77, api-version=7.0, '']
- request:
    body: '{"value": "secVal24c80f77"}'
    headers:
      Accept: [application/json]
      Content-Length: ['27']
      Content-Type: [application/json; charset=utf-8]
      User-Agent: [azsdk-python-keyvault-secrets/4.0.0b2 Python/3.6.6 (Windows-10-10.0.18362-SP0)]
    method: PUT
    uri: https://vault105115999724c80f77.vault.azure.net/secrets/sec24c80f77?api-version=7.0
  response:
    body: {string: '{"value":"secVal24c80f77","id":"https://vault105115999724c80f77.vault.azure.net/secrets/sec24c80f77/7aafd960e8c043b49c8b45490ea5b3a5","attributes":{"enabled":true,"created":1566943863,"updated":1566943863,"recoveryLevel":"Purgeable"}}'}
    headers: {cache-control: no-cache, content-length: '234', content-type: application/json;
        charset=utf-8, date: 'Tue, 27 Aug 2019 22:11:02 GMT', expires: '-1', pragma: no-cache,
      server: Microsoft-IIS/10.0, strict-transport-security: max-age=31536000;includeSubDomains,
      x-aspnet-version: 4.0.30319, x-content-type-options: nosniff, x-ms-keyvault-network-info: addr=131.107.160.72;act_addr_fam=InterNetwork;,
      x-ms-keyvault-region: westus, x-ms-keyvault-service-version: 1.1.0.876, x-powered-by: ASP.NET}
    status: {code: 200, message: OK}
    url: !!python/object/new:yarl.URL
      state: !!python/tuple
      - !!python/object/new:urllib.parse.SplitResult [https, vault105115999724c80f77.vault.azure.net,
        /secrets/sec24c80f77, api-version=7.0, '']
- request:
    body: '{"value": "secVal24c80f77"}'
    headers:
      Accept: [application/json]
      Content-Length: ['27']
      Content-Type: [application/json; charset=utf-8]
      User-Agent: [azsdk-python-keyvault-secrets/4.0.0b2 Python/3.6.6 (Windows-10-10.0.18362-SP0)]
    method: PUT
    uri: https://vault105115999724c80f77.vault.azure.net/secrets/sec24c80f77?api-version=7.0
  response:
    body: {string: '{"value":"secVal24c80f77","id":"https://vault105115999724c80f77.vault.azure.net/secrets/sec24c80f77/ec7ab82f1a644bdd9ee30bc748a7fcdd","attributes":{"enabled":true,"created":1566943863,"updated":1566943863,"recoveryLevel":"Purgeable"}}'}
    headers: {cache-control: no-cache, content-length: '234', content-type: application/json;
        charset=utf-8, date: 'Tue, 27 Aug 2019 22:11:02 GMT', expires: '-1', pragma: no-cache,
      server: Microsoft-IIS/10.0, strict-transport-security: max-age=31536000;includeSubDomains,
      x-aspnet-version: 4.0.30319, x-content-type-options: nosniff, x-ms-keyvault-network-info: addr=131.107.160.72;act_addr_fam=InterNetwork;,
      x-ms-keyvault-region: westus, x-ms-keyvault-service-version: 1.1.0.876, x-powered-by: ASP.NET}
    status: {code: 200, message: OK}
    url: !!python/object/new:yarl.URL
      state: !!python/tuple
      - !!python/object/new:urllib.parse.SplitResult [https, vault105115999724c80f77.vault.azure.net,
        /secrets/sec24c80f77, api-version=7.0, '']
- request:
    body: '{"value": "secVal24c80f77"}'
    headers:
      Accept: [application/json]
      Content-Length: ['27']
      Content-Type: [application/json; charset=utf-8]
      User-Agent: [azsdk-python-keyvault-secrets/4.0.0b2 Python/3.6.6 (Windows-10-10.0.18362-SP0)]
    method: PUT
    uri: https://vault105115999724c80f77.vault.azure.net/secrets/sec24c80f77?api-version=7.0
  response:
    body: {string: '{"value":"secVal24c80f77","id":"https://vault105115999724c80f77.vault.azure.net/secrets/sec24c80f77/6706eb5b00294ea6900d1418b24c0406","attributes":{"enabled":true,"created":1566943863,"updated":1566943863,"recoveryLevel":"Purgeable"}}'}
    headers: {cache-control: no-cache, content-length: '234', content-type: application/json;
        charset=utf-8, date: 'Tue, 27 Aug 2019 22:11:02 GMT', expires: '-1', pragma: no-cache,
      server: Microsoft-IIS/10.0, strict-transport-security: max-age=31536000;includeSubDomains,
      x-aspnet-version: 4.0.30319, x-content-type-options: nosniff, x-ms-keyvault-network-info: addr=131.107.160.72;act_addr_fam=InterNetwork;,
      x-ms-keyvault-region: westus, x-ms-keyvault-service-version: 1.1.0.876, x-powered-by: ASP.NET}
    status: {code: 200, message: OK}
    url: !!python/object/new:yarl.URL
      state: !!python/tuple
      - !!python/object/new:urllib.parse.SplitResult [https, vault105115999724c80f77.vault.azure.net,
        /secrets/sec24c80f77, api-version=7.0, '']
- request:
    body: '{"value": "secVal24c80f77"}'
    headers:
      Accept: [application/json]
      Content-Length: ['27']
      Content-Type: [application/json; charset=utf-8]
      User-Agent: [azsdk-python-keyvault-secrets/4.0.0b2 Python/3.6.6 (Windows-10-10.0.18362-SP0)]
    method: PUT
    uri: https://vault105115999724c80f77.vault.azure.net/secrets/sec24c80f77?api-version=7.0
  response:
    body: {string: '{"value":"secVal24c80f77","id":"https://vault105115999724c80f77.vault.azure.net/secrets/sec24c80f77/7a8eb611b49a4740b1921f544d75d75d","attributes":{"enabled":true,"created":1566943863,"updated":1566943863,"recoveryLevel":"Purgeable"}}'}
    headers: {cache-control: no-cache, content-length: '234', content-type: application/json;
        charset=utf-8, date: 'Tue, 27 Aug 2019 22:11:03 GMT', expires: '-1', pragma: no-cache,
      server: Microsoft-IIS/10.0, strict-transport-security: max-age=31536000;includeSubDomains,
      x-aspnet-version: 4.0.30319, x-content-type-options: nosniff, x-ms-keyvault-network-info: addr=131.107.160.72;act_addr_fam=InterNetwork;,
      x-ms-keyvault-region: westus, x-ms-keyvault-service-version: 1.1.0.876, x-powered-by: ASP.NET}
    status: {code: 200, message: OK}
    url: !!python/object/new:yarl.URL
      state: !!python/tuple
      - !!python/object/new:urllib.parse.SplitResult [https, vault105115999724c80f77.vault.azure.net,
        /secrets/sec24c80f77, api-version=7.0, '']
- request:
    body: null
    headers:
      Accept: [application/json]
      User-Agent: [azsdk-python-keyvault-secrets/4.0.0b2 Python/3.6.6 (Windows-10-10.0.18362-SP0)]
    method: GET
    uri: https://vault105115999724c80f77.vault.azure.net/secrets/sec24c80f77/versions?api-version=7.0
  response:
    body: {string: '{"value":[{"id":"https://vault105115999724c80f77.vault.azure.net/secrets/sec24c80f77/0d462b336690456bb57520719d599030","attributes":{"enabled":true,"created":1566943863,"updated":1566943863,"recoveryLevel":"Purgeable"}},{"id":"https://vault105115999724c80f77.vault.azure.net/secrets/sec24c80f77/6706eb5b00294ea6900d1418b24c0406","attributes":{"enabled":true,"created":1566943863,"updated":1566943863,"recoveryLevel":"Purgeable"}},{"id":"https://vault105115999724c80f77.vault.azure.net/secrets/sec24c80f77/7a8eb611b49a4740b1921f544d75d75d","attributes":{"enabled":true,"created":1566943863,"updated":1566943863,"recoveryLevel":"Purgeable"}},{"id":"https://vault105115999724c80f77.vault.azure.net/secrets/sec24c80f77/7aafd960e8c043b49c8b45490ea5b3a5","attributes":{"enabled":true,"created":1566943863,"updated":1566943863,"recoveryLevel":"Purgeable"}},{"id":"https://vault105115999724c80f77.vault.azure.net/secrets/sec24c80f77/90413e4fac6b4082a5e2ca8837118118","attributes":{"enabled":true,"created":1566943863,"updated":1566943863,"recoveryLevel":"Purgeable"}},{"id":"https://vault105115999724c80f77.vault.azure.net/secrets/sec24c80f77/a1215866ca884fec96777e838db64a7d","attributes":{"enabled":true,"created":1566943863,"updated":1566943863,"recoveryLevel":"Purgeable"}},{"id":"https://vault105115999724c80f77.vault.azure.net/secrets/sec24c80f77/ec7ab82f1a644bdd9ee30bc748a7fcdd","attributes":{"enabled":true,"created":1566943863,"updated":1566943863,"recoveryLevel":"Purgeable"}}],"nextLink":null}'}
    headers: {cache-control: no-cache, content-length: '1497', content-type: application/json;
        charset=utf-8, date: 'Tue, 27 Aug 2019 22:11:03 GMT', expires: '-1', pragma: no-cache,
      server: Microsoft-IIS/10.0, strict-transport-security: max-age=31536000;includeSubDomains,
      x-aspnet-version: 4.0.30319, x-content-type-options: nosniff, x-ms-keyvault-network-info: addr=131.107.160.72;act_addr_fam=InterNetwork;,
      x-ms-keyvault-region: westus, x-ms-keyvault-service-version: 1.1.0.876, x-powered-by: ASP.NET}
    status: {code: 200, message: OK}
    url: !!python/object/new:yarl.URL
      state: !!python/tuple
      - !!python/object/new:urllib.parse.SplitResult [https, vault105115999724c80f77.vault.azure.net,
        /secrets/sec24c80f77/versions, api-version=7.0, '']
version: 1
