interactions:
- request:
    body: null
    headers:
      Accept: [application/json]
      Content-Length: ['0']
      Content-Type: [application/json; charset=utf-8]
      User-Agent: [azsdk-python-keyvault-secrets/4.0.0b2 Python/3.6.6 (Windows-10-10.0.18362-SP0)]
    method: PUT
    uri: https://vaultaxnjywktbx29fe19b8.vault.azure.net/secrets/secret-name?api-version=7.0
  response:
    body: {string: '{"error":{"code":"Unauthorized","message":"Request is missing
        a Bearer or PoP token."}}'}
    headers: {cache-control: no-cache, content-length: '87', content-type: application/json;
        charset=utf-8, date: 'Tue, 27 Aug 2019 21:32:20 GMT', expires: '-1', pragma: no-cache,
      server: Microsoft-IIS/10.0, strict-transport-security: max-age=31536000;includeSubDomains,
      www-authenticate: 'Bearer authorization="https://login.windows.net/72f988bf-86f1-41af-91ab-2d7cd011db47",
        resource="https://vault.azure.net"', x-aspnet-version: 4.0.30319, x-content-type-options: nosniff,
      x-ms-keyvault-network-info: addr=131.107.160.72;act_addr_fam=InterNetwork;,
      x-ms-keyvault-region: westus, x-ms-keyvault-service-version: 1.1.0.876, x-powered-by: ASP.NET}
    status: {code: 401, message: Unauthorized}
    url: !!python/object/new:yarl.URL
      state: !!python/tuple
      - !!python/object/new:urllib.parse.SplitResult [https, vaultaxnjywktbx29fe19b8.vault.azure.net,
        /secrets/secret-name, api-version=7.0, '']
- request:
    body: '{"value": "secret-value", "attributes": {"enabled": true, "exp": 2527401600}}'
    headers:
      Accept: [application/json]
      Content-Length: ['77']
      Content-Type: [application/json; charset=utf-8]
      User-Agent: [azsdk-python-keyvault-secrets/4.0.0b2 Python/3.6.6 (Windows-10-10.0.18362-SP0)]
    method: PUT
    uri: https://vaultaxnjywktbx29fe19b8.vault.azure.net/secrets/secret-name?api-version=7.0
  response:
    body: {string: '{"value":"secret-value","id":"https://vaultaxnjywktbx29fe19b8.vault.azure.net/secrets/secret-name/52439637af494ac8adf349eead026971","attributes":{"enabled":true,"exp":2527401600,"created":1566941541,"updated":1566941541,"recoveryLevel":"Recoverable+Purgeable"}}'}
    headers: {cache-control: no-cache, content-length: '261', content-type: application/json;
        charset=utf-8, date: 'Tue, 27 Aug 2019 21:32:20 GMT', expires: '-1', pragma: no-cache,
      server: Microsoft-IIS/10.0, strict-transport-security: max-age=31536000;includeSubDomains,
      x-aspnet-version: 4.0.30319, x-content-type-options: nosniff, x-ms-keyvault-network-info: addr=131.107.160.72;act_addr_fam=InterNetwork;,
      x-ms-keyvault-region: westus, x-ms-keyvault-service-version: 1.1.0.876, x-powered-by: ASP.NET}
    status: {code: 200, message: OK}
    url: !!python/object/new:yarl.URL
      state: !!python/tuple
      - !!python/object/new:urllib.parse.SplitResult [https, vaultaxnjywktbx29fe19b8.vault.azure.net,
        /secrets/secret-name, api-version=7.0, '']
- request:
    body: null
    headers:
      Accept: [application/json]
      User-Agent: [azsdk-python-keyvault-secrets/4.0.0b2 Python/3.6.6 (Windows-10-10.0.18362-SP0)]
    method: GET
    uri: https://vaultaxnjywktbx29fe19b8.vault.azure.net/secrets/secret-name/?api-version=7.0
  response:
    body: {string: '{"value":"secret-value","id":"https://vaultaxnjywktbx29fe19b8.vault.azure.net/secrets/secret-name/52439637af494ac8adf349eead026971","attributes":{"enabled":true,"exp":2527401600,"created":1566941541,"updated":1566941541,"recoveryLevel":"Recoverable+Purgeable"}}'}
    headers: {cache-control: no-cache, content-length: '261', content-type: application/json;
        charset=utf-8, date: 'Tue, 27 Aug 2019 21:32:20 GMT', expires: '-1', pragma: no-cache,
      server: Microsoft-IIS/10.0, strict-transport-security: max-age=31536000;includeSubDomains,
      x-aspnet-version: 4.0.30319, x-content-type-options: nosniff, x-ms-keyvault-network-info: addr=131.107.160.72;act_addr_fam=InterNetwork;,
      x-ms-keyvault-region: westus, x-ms-keyvault-service-version: 1.1.0.876, x-powered-by: ASP.NET}
    status: {code: 200, message: OK}
    url: !!python/object/new:yarl.URL
      state: !!python/tuple
      - !!python/object/new:urllib.parse.SplitResult [https, vaultaxnjywktbx29fe19b8.vault.azure.net,
        /secrets/secret-name/, api-version=7.0, '']
- request:
    body: null
    headers:
      Accept: [application/json]
      User-Agent: [azsdk-python-keyvault-secrets/4.0.0b2 Python/3.6.6 (Windows-10-10.0.18362-SP0)]
    method: GET
    uri: https://vaultaxnjywktbx29fe19b8.vault.azure.net/secrets/secret-name/52439637af494ac8adf349eead026971?api-version=7.0
  response:
    body: {string: '{"value":"secret-value","id":"https://vaultaxnjywktbx29fe19b8.vault.azure.net/secrets/secret-name/52439637af494ac8adf349eead026971","attributes":{"enabled":true,"exp":2527401600,"created":1566941541,"updated":1566941541,"recoveryLevel":"Recoverable+Purgeable"}}'}
    headers: {cache-control: no-cache, content-length: '261', content-type: application/json;
        charset=utf-8, date: 'Tue, 27 Aug 2019 21:32:20 GMT', expires: '-1', pragma: no-cache,
      server: Microsoft-IIS/10.0, strict-transport-security: max-age=31536000;includeSubDomains,
      x-aspnet-version: 4.0.30319, x-content-type-options: nosniff, x-ms-keyvault-network-info: addr=131.107.160.72;act_addr_fam=InterNetwork;,
      x-ms-keyvault-region: westus, x-ms-keyvault-service-version: 1.1.0.876, x-powered-by: ASP.NET}
    status: {code: 200, message: OK}
    url: !!python/object/new:yarl.URL
      state: !!python/tuple
      - !!python/object/new:urllib.parse.SplitResult [https, vaultaxnjywktbx29fe19b8.vault.azure.net,
        /secrets/secret-name/52439637af494ac8adf349eead026971, api-version=7.0, '']
- request:
    body: '{"contentType": "text/plain", "tags": {"foo": "updated tag"}}'
    headers:
      Accept: [application/json]
      Content-Length: ['61']
      Content-Type: [application/json; charset=utf-8]
      User-Agent: [azsdk-python-keyvault-secrets/4.0.0b2 Python/3.6.6 (Windows-10-10.0.18362-SP0)]
    method: PATCH
    uri: https://vaultaxnjywktbx29fe19b8.vault.azure.net/secrets/secret-name/?api-version=7.0
  response:
    body: {string: '{"contentType":"text/plain","id":"https://vaultaxnjywktbx29fe19b8.vault.azure.net/secrets/secret-name/52439637af494ac8adf349eead026971","attributes":{"enabled":true,"exp":2527401600,"created":1566941541,"updated":1566941541,"recoveryLevel":"Recoverable+Purgeable"},"tags":{"foo":"updated
        tag"}}'}
    headers: {cache-control: no-cache, content-length: '294', content-type: application/json;
        charset=utf-8, date: 'Tue, 27 Aug 2019 21:32:20 GMT', expires: '-1', pragma: no-cache,
      server: Microsoft-IIS/10.0, strict-transport-security: max-age=31536000;includeSubDomains,
      x-aspnet-version: 4.0.30319, x-content-type-options: nosniff, x-ms-keyvault-network-info: addr=131.107.160.72;act_addr_fam=InterNetwork;,
      x-ms-keyvault-region: westus, x-ms-keyvault-service-version: 1.1.0.876, x-powered-by: ASP.NET}
    status: {code: 200, message: OK}
    url: !!python/object/new:yarl.URL
      state: !!python/tuple
      - !!python/object/new:urllib.parse.SplitResult [https, vaultaxnjywktbx29fe19b8.vault.azure.net,
        /secrets/secret-name/, api-version=7.0, '']
- request:
    body: null
    headers:
      Accept: [application/json]
      User-Agent: [azsdk-python-keyvault-secrets/4.0.0b2 Python/3.6.6 (Windows-10-10.0.18362-SP0)]
    method: DELETE
    uri: https://vaultaxnjywktbx29fe19b8.vault.azure.net/secrets/secret-name?api-version=7.0
  response:
    body: {string: '{"recoveryId":"https://vaultaxnjywktbx29fe19b8.vault.azure.net/deletedsecrets/secret-name","deletedDate":1566941541,"scheduledPurgeDate":1574717541,"contentType":"text/plain","id":"https://vaultaxnjywktbx29fe19b8.vault.azure.net/secrets/secret-name/52439637af494ac8adf349eead026971","attributes":{"enabled":true,"exp":2527401600,"created":1566941541,"updated":1566941541,"recoveryLevel":"Recoverable+Purgeable"},"tags":{"foo":"updated
        tag"}}'}
    headers: {cache-control: no-cache, content-length: '441', content-type: application/json;
        charset=utf-8, date: 'Tue, 27 Aug 2019 21:32:21 GMT', expires: '-1', pragma: no-cache,
      server: Microsoft-IIS/10.0, strict-transport-security: max-age=31536000;includeSubDomains,
      x-aspnet-version: 4.0.30319, x-content-type-options: nosniff, x-ms-keyvault-network-info: addr=131.107.160.72;act_addr_fam=InterNetwork;,
      x-ms-keyvault-region: westus, x-ms-keyvault-service-version: 1.1.0.876, x-powered-by: ASP.NET}
    status: {code: 200, message: OK}
    url: !!python/object/new:yarl.URL
      state: !!python/tuple
      - !!python/object/new:urllib.parse.SplitResult [https, vaultaxnjywktbx29fe19b8.vault.azure.net,
        /secrets/secret-name, api-version=7.0, '']
version: 1
