interactions:
- request:
    body: null
    headers:
      Accept:
      - application/json
      Accept-Encoding:
      - gzip, deflate
      Connection:
      - keep-alive
      Content-Length:
      - '0'
      Content-Type:
      - application/json; charset=utf-8
      User-Agent:
      - azsdk-python-keyvault-secrets/4.0.0b5 Python/3.6.6 (Windows-10-10.0.18362-SP0)
    method: PUT
    uri: https://vault458ad70cc795e71749.vault.azure.net/secrets/key0?api-version=7.0
  response:
    body:
      string: '{"error":{"code":"Unauthorized","message":"Request is missing a Bearer
        or PoP token."}}'
    headers:
      cache-control:
      - no-cache
      content-length:
      - '87'
      content-type:
      - application/json; charset=utf-8
      date:
      - Tue, 22 Oct 2019 00:22:03 GMT
      expires:
      - '-1'
      pragma:
      - no-cache
      server:
      - Microsoft-IIS/10.0
      strict-transport-security:
      - max-age=31536000;includeSubDomains
      www-authenticate:
      - Bearer authorization="https://login.windows.net/72f988bf-86f1-41af-91ab-2d7cd011db47",
        resource="https://vault.azure.net"
      x-aspnet-version:
      - 4.0.30319
      x-content-type-options:
      - nosniff
      x-ms-keyvault-network-info:
      - addr=131.107.160.72;act_addr_fam=InterNetwork;
      x-ms-keyvault-region:
      - westus
      x-ms-keyvault-service-version:
      - 1.1.0.879
      x-powered-by:
      - ASP.NET
    status:
      code: 401
      message: Unauthorized
- request:
    body: '{"value": "value0"}'
    headers:
      Accept:
      - application/json
      Accept-Encoding:
      - gzip, deflate
      Connection:
      - keep-alive
      Content-Length:
      - '19'
      Content-Type:
      - application/json; charset=utf-8
      User-Agent:
      - azsdk-python-keyvault-secrets/4.0.0b5 Python/3.6.6 (Windows-10-10.0.18362-SP0)
    method: PUT
    uri: https://vault458ad70cc795e71749.vault.azure.net/secrets/key0?api-version=7.0
  response:
    body:
      string: '{"value":"value0","id":"https://vault458ad70cc795e71749.vault.azure.net/secrets/key0/91fc30d3987d4f5b8fb1e6b9051c01c6","attributes":{"enabled":true,"created":1571703724,"updated":1571703724,"recoveryLevel":"Recoverable+Purgeable"}}'
    headers:
      cache-control:
      - no-cache
      content-length:
      - '231'
      content-type:
      - application/json; charset=utf-8
      date:
      - Tue, 22 Oct 2019 00:22:04 GMT
      expires:
      - '-1'
      pragma:
      - no-cache
      server:
      - Microsoft-IIS/10.0
      strict-transport-security:
      - max-age=31536000;includeSubDomains
      x-aspnet-version:
      - 4.0.30319
      x-content-type-options:
      - nosniff
      x-ms-keyvault-network-info:
      - addr=131.107.160.72;act_addr_fam=InterNetwork;
      x-ms-keyvault-region:
      - westus
      x-ms-keyvault-service-version:
      - 1.1.0.879
      x-powered-by:
      - ASP.NET
    status:
      code: 200
      message: OK
- request:
    body: '{"value": "value1"}'
    headers:
      Accept:
      - application/json
      Accept-Encoding:
      - gzip, deflate
      Connection:
      - keep-alive
      Content-Length:
      - '19'
      Content-Type:
      - application/json; charset=utf-8
      User-Agent:
      - azsdk-python-keyvault-secrets/4.0.0b5 Python/3.6.6 (Windows-10-10.0.18362-SP0)
    method: PUT
    uri: https://vault458ad70cc795e71749.vault.azure.net/secrets/key1?api-version=7.0
  response:
    body:
      string: '{"value":"value1","id":"https://vault458ad70cc795e71749.vault.azure.net/secrets/key1/dd8fc1bc9ac8434893bd41c0485af678","attributes":{"enabled":true,"created":1571703724,"updated":1571703724,"recoveryLevel":"Recoverable+Purgeable"}}'
    headers:
      cache-control:
      - no-cache
      content-length:
      - '231'
      content-type:
      - application/json; charset=utf-8
      date:
      - Tue, 22 Oct 2019 00:22:04 GMT
      expires:
      - '-1'
      pragma:
      - no-cache
      server:
      - Microsoft-IIS/10.0
      strict-transport-security:
      - max-age=31536000;includeSubDomains
      x-aspnet-version:
      - 4.0.30319
      x-content-type-options:
      - nosniff
      x-ms-keyvault-network-info:
      - addr=131.107.160.72;act_addr_fam=InterNetwork;
      x-ms-keyvault-region:
      - westus
      x-ms-keyvault-service-version:
      - 1.1.0.879
      x-powered-by:
      - ASP.NET
    status:
      code: 200
      message: OK
- request:
    body: '{"value": "value2"}'
    headers:
      Accept:
      - application/json
      Accept-Encoding:
      - gzip, deflate
      Connection:
      - keep-alive
      Content-Length:
      - '19'
      Content-Type:
      - application/json; charset=utf-8
      User-Agent:
      - azsdk-python-keyvault-secrets/4.0.0b5 Python/3.6.6 (Windows-10-10.0.18362-SP0)
    method: PUT
    uri: https://vault458ad70cc795e71749.vault.azure.net/secrets/key2?api-version=7.0
  response:
    body:
      string: '{"value":"value2","id":"https://vault458ad70cc795e71749.vault.azure.net/secrets/key2/3fc5eeaf1c1f46e7930aac4e7417db8a","attributes":{"enabled":true,"created":1571703725,"updated":1571703725,"recoveryLevel":"Recoverable+Purgeable"}}'
    headers:
      cache-control:
      - no-cache
      content-length:
      - '231'
      content-type:
      - application/json; charset=utf-8
      date:
      - Tue, 22 Oct 2019 00:22:04 GMT
      expires:
      - '-1'
      pragma:
      - no-cache
      server:
      - Microsoft-IIS/10.0
      strict-transport-security:
      - max-age=31536000;includeSubDomains
      x-aspnet-version:
      - 4.0.30319
      x-content-type-options:
      - nosniff
      x-ms-keyvault-network-info:
      - addr=131.107.160.72;act_addr_fam=InterNetwork;
      x-ms-keyvault-region:
      - westus
      x-ms-keyvault-service-version:
      - 1.1.0.879
      x-powered-by:
      - ASP.NET
    status:
      code: 200
      message: OK
- request:
    body: '{"value": "value3"}'
    headers:
      Accept:
      - application/json
      Accept-Encoding:
      - gzip, deflate
      Connection:
      - keep-alive
      Content-Length:
      - '19'
      Content-Type:
      - application/json; charset=utf-8
      User-Agent:
      - azsdk-python-keyvault-secrets/4.0.0b5 Python/3.6.6 (Windows-10-10.0.18362-SP0)
    method: PUT
    uri: https://vault458ad70cc795e71749.vault.azure.net/secrets/key3?api-version=7.0
  response:
    body:
      string: '{"value":"value3","id":"https://vault458ad70cc795e71749.vault.azure.net/secrets/key3/052baf0f43db454098f02a8885346afe","attributes":{"enabled":true,"created":1571703725,"updated":1571703725,"recoveryLevel":"Recoverable+Purgeable"}}'
    headers:
      cache-control:
      - no-cache
      content-length:
      - '231'
      content-type:
      - application/json; charset=utf-8
      date:
      - Tue, 22 Oct 2019 00:22:04 GMT
      expires:
      - '-1'
      pragma:
      - no-cache
      server:
      - Microsoft-IIS/10.0
      strict-transport-security:
      - max-age=31536000;includeSubDomains
      x-aspnet-version:
      - 4.0.30319
      x-content-type-options:
      - nosniff
      x-ms-keyvault-network-info:
      - addr=131.107.160.72;act_addr_fam=InterNetwork;
      x-ms-keyvault-region:
      - westus
      x-ms-keyvault-service-version:
      - 1.1.0.879
      x-powered-by:
      - ASP.NET
    status:
      code: 200
      message: OK
- request:
    body: '{"value": "value4"}'
    headers:
      Accept:
      - application/json
      Accept-Encoding:
      - gzip, deflate
      Connection:
      - keep-alive
      Content-Length:
      - '19'
      Content-Type:
      - application/json; charset=utf-8
      User-Agent:
      - azsdk-python-keyvault-secrets/4.0.0b5 Python/3.6.6 (Windows-10-10.0.18362-SP0)
    method: PUT
    uri: https://vault458ad70cc795e71749.vault.azure.net/secrets/key4?api-version=7.0
  response:
    body:
      string: '{"value":"value4","id":"https://vault458ad70cc795e71749.vault.azure.net/secrets/key4/a3315ef4530b47b49e78cf3cf8508f8e","attributes":{"enabled":true,"created":1571703725,"updated":1571703725,"recoveryLevel":"Recoverable+Purgeable"}}'
    headers:
      cache-control:
      - no-cache
      content-length:
      - '231'
      content-type:
      - application/json; charset=utf-8
      date:
      - Tue, 22 Oct 2019 00:22:04 GMT
      expires:
      - '-1'
      pragma:
      - no-cache
      server:
      - Microsoft-IIS/10.0
      strict-transport-security:
      - max-age=31536000;includeSubDomains
      x-aspnet-version:
      - 4.0.30319
      x-content-type-options:
      - nosniff
      x-ms-keyvault-network-info:
      - addr=131.107.160.72;act_addr_fam=InterNetwork;
      x-ms-keyvault-region:
      - westus
      x-ms-keyvault-service-version:
      - 1.1.0.879
      x-powered-by:
      - ASP.NET
    status:
      code: 200
      message: OK
- request:
    body: '{"value": "value5"}'
    headers:
      Accept:
      - application/json
      Accept-Encoding:
      - gzip, deflate
      Connection:
      - keep-alive
      Content-Length:
      - '19'
      Content-Type:
      - application/json; charset=utf-8
      User-Agent:
      - azsdk-python-keyvault-secrets/4.0.0b5 Python/3.6.6 (Windows-10-10.0.18362-SP0)
    method: PUT
    uri: https://vault458ad70cc795e71749.vault.azure.net/secrets/key5?api-version=7.0
  response:
    body:
      string: '{"value":"value5","id":"https://vault458ad70cc795e71749.vault.azure.net/secrets/key5/a9a6310814d943a288a75e2796c9c7bc","attributes":{"enabled":true,"created":1571703725,"updated":1571703725,"recoveryLevel":"Recoverable+Purgeable"}}'
    headers:
      cache-control:
      - no-cache
      content-length:
      - '231'
      content-type:
      - application/json; charset=utf-8
      date:
      - Tue, 22 Oct 2019 00:22:04 GMT
      expires:
      - '-1'
      pragma:
      - no-cache
      server:
      - Microsoft-IIS/10.0
      strict-transport-security:
      - max-age=31536000;includeSubDomains
      x-aspnet-version:
      - 4.0.30319
      x-content-type-options:
      - nosniff
      x-ms-keyvault-network-info:
      - addr=131.107.160.72;act_addr_fam=InterNetwork;
      x-ms-keyvault-region:
      - westus
      x-ms-keyvault-service-version:
      - 1.1.0.879
      x-powered-by:
      - ASP.NET
    status:
      code: 200
      message: OK
- request:
    body: '{"value": "value6"}'
    headers:
      Accept:
      - application/json
      Accept-Encoding:
      - gzip, deflate
      Connection:
      - keep-alive
      Content-Length:
      - '19'
      Content-Type:
      - application/json; charset=utf-8
      User-Agent:
      - azsdk-python-keyvault-secrets/4.0.0b5 Python/3.6.6 (Windows-10-10.0.18362-SP0)
    method: PUT
    uri: https://vault458ad70cc795e71749.vault.azure.net/secrets/key6?api-version=7.0
  response:
    body:
      string: '{"value":"value6","id":"https://vault458ad70cc795e71749.vault.azure.net/secrets/key6/b62edfed3a8d4805bb93381cb826c323","attributes":{"enabled":true,"created":1571703725,"updated":1571703725,"recoveryLevel":"Recoverable+Purgeable"}}'
    headers:
      cache-control:
      - no-cache
      content-length:
      - '231'
      content-type:
      - application/json; charset=utf-8
      date:
      - Tue, 22 Oct 2019 00:22:05 GMT
      expires:
      - '-1'
      pragma:
      - no-cache
      server:
      - Microsoft-IIS/10.0
      strict-transport-security:
      - max-age=31536000;includeSubDomains
      x-aspnet-version:
      - 4.0.30319
      x-content-type-options:
      - nosniff
      x-ms-keyvault-network-info:
      - addr=131.107.160.72;act_addr_fam=InterNetwork;
      x-ms-keyvault-region:
      - westus
      x-ms-keyvault-service-version:
      - 1.1.0.879
      x-powered-by:
      - ASP.NET
    status:
      code: 200
      message: OK
- request:
    body: null
    headers:
      Accept:
      - application/json
      Accept-Encoding:
      - gzip, deflate
      Connection:
      - keep-alive
      User-Agent:
      - azsdk-python-keyvault-secrets/4.0.0b5 Python/3.6.6 (Windows-10-10.0.18362-SP0)
    method: GET
    uri: https://vault458ad70cc795e71749.vault.azure.net/secrets?api-version=7.0
  response:
    body:
      string: '{"value":[{"id":"https://vault458ad70cc795e71749.vault.azure.net/secrets/key0","attributes":{"enabled":true,"created":1571703724,"updated":1571703724,"recoveryLevel":"Recoverable+Purgeable"}},{"id":"https://vault458ad70cc795e71749.vault.azure.net/secrets/key1","attributes":{"enabled":true,"created":1571703724,"updated":1571703724,"recoveryLevel":"Recoverable+Purgeable"}},{"id":"https://vault458ad70cc795e71749.vault.azure.net/secrets/key2","attributes":{"enabled":true,"created":1571703725,"updated":1571703725,"recoveryLevel":"Recoverable+Purgeable"}},{"id":"https://vault458ad70cc795e71749.vault.azure.net/secrets/key3","attributes":{"enabled":true,"created":1571703725,"updated":1571703725,"recoveryLevel":"Recoverable+Purgeable"}},{"id":"https://vault458ad70cc795e71749.vault.azure.net/secrets/key4","attributes":{"enabled":true,"created":1571703725,"updated":1571703725,"recoveryLevel":"Recoverable+Purgeable"}},{"id":"https://vault458ad70cc795e71749.vault.azure.net/secrets/key5","attributes":{"enabled":true,"created":1571703725,"updated":1571703725,"recoveryLevel":"Recoverable+Purgeable"}},{"id":"https://vault458ad70cc795e71749.vault.azure.net/secrets/key6","attributes":{"enabled":true,"created":1571703725,"updated":1571703725,"recoveryLevel":"Recoverable+Purgeable"}}],"nextLink":null}'
    headers:
      cache-control:
      - no-cache
      content-length:
      - '1301'
      content-type:
      - application/json; charset=utf-8
      date:
      - Tue, 22 Oct 2019 00:22:05 GMT
      expires:
      - '-1'
      pragma:
      - no-cache
      server:
      - Microsoft-IIS/10.0
      strict-transport-security:
      - max-age=31536000;includeSubDomains
      x-aspnet-version:
      - 4.0.30319
      x-content-type-options:
      - nosniff
      x-ms-keyvault-network-info:
      - addr=131.107.160.72;act_addr_fam=InterNetwork;
      x-ms-keyvault-region:
      - westus
      x-ms-keyvault-service-version:
      - 1.1.0.879
      x-powered-by:
      - ASP.NET
    status:
      code: 200
      message: OK
- request:
    body: null
    headers:
      Accept:
      - application/json
      Accept-Encoding:
      - gzip, deflate
      Connection:
      - keep-alive
      User-Agent:
      - azsdk-python-keyvault-secrets/4.0.0b5 Python/3.6.6 (Windows-10-10.0.18362-SP0)
    method: GET
    uri: https://vault458ad70cc795e71749.vault.azure.net/deletedsecrets?api-version=7.0
  response:
    body:
      string: '{"value":[],"nextLink":null}'
    headers:
      cache-control:
      - no-cache
      content-length:
      - '28'
      content-type:
      - application/json; charset=utf-8
      date:
      - Tue, 22 Oct 2019 00:22:05 GMT
      expires:
      - '-1'
      pragma:
      - no-cache
      server:
      - Microsoft-IIS/10.0
      strict-transport-security:
      - max-age=31536000;includeSubDomains
      x-aspnet-version:
      - 4.0.30319
      x-content-type-options:
      - nosniff
      x-ms-keyvault-network-info:
      - addr=131.107.160.72;act_addr_fam=InterNetwork;
      x-ms-keyvault-region:
      - westus
      x-ms-keyvault-service-version:
      - 1.1.0.879
      x-powered-by:
      - ASP.NET
    status:
      code: 200
      message: OK
version: 1
