{
  "Entries": [
    {
      "RequestUri": "https://vaultname.vault.azure.net/secrets/livekvtestsec0f28e2b81?api-version=7.2",
      "RequestMethod": "PUT",
      "RequestHeaders": {
        "Accept": "application/json",
        "Accept-Encoding": "gzip, deflate",
        "Authorization": "Sanitized",
        "Content-Length": "20",
        "Content-Type": "application/json",
        "User-Agent": "azsdk-python-keyvault-secrets/4.4.0b4 Python/3.9.9 (Windows-10-10.0.22000-SP0)",
        "x-ms-client-request-id": "133ce825-a539-11ec-be69-a04a5ed0778b"
      },
      "RequestBody": {
        "value": "secVal0"
      },
      "StatusCode": 200,
      "ResponseHeaders": {
        "Cache-Control": "no-cache",
        "Content-Length": "266",
        "Content-Type": "application/json; charset=utf-8",
        "Date": "Wed, 16 Mar 2022 14:55:09 GMT",
        "Expires": "-1",
        "Pragma": "no-cache",
        "Strict-Transport-Security": "max-age=31536000;includeSubDomains",
        "X-Content-Type-Options": "nosniff",
        "x-ms-client-request-id": "133ce825-a539-11ec-be69-a04a5ed0778b",
        "x-ms-keyvault-network-info": "conn_type=Ipv4;addr=73.232.137.144;act_addr_fam=InterNetwork;",
        "x-ms-keyvault-rbac-assignment-id": "44e2fa9b-9219-5ede-a044-28bdaaea57b8",
        "x-ms-keyvault-rbac-cache": "ra_age=878;da_age=5211;rd_age=5211;brd_age=10653;ra_notif_age=1277;dec_lev=1;",
        "x-ms-keyvault-region": "westus2",
        "x-ms-keyvault-service-version": "1.9.291.1",
        "x-ms-request-id": "c0c32d1d-8811-4820-8675-d974196f62e0",
        "X-Powered-By": "ASP.NET"
      },
      "ResponseBody": {
        "value": "secVal0",
        "id": "https://vaultname.vault.azure.net/secrets/livekvtestsec0f28e2b81/632f52e5364e412e862a54192ba1a139",
        "attributes": {
          "enabled": true,
          "created": 1647442510,
          "updated": 1647442510,
          "recoveryLevel": "CustomizedRecoverable\u002BPurgeable",
          "recoverableDays": 7
        }
      }
    },
    {
      "RequestUri": "https://vaultname.vault.azure.net/secrets/livekvtestsec1f28e2b81?api-version=7.2",
      "RequestMethod": "PUT",
      "RequestHeaders": {
        "Accept": "application/json",
        "Accept-Encoding": "gzip, deflate",
        "Authorization": "Sanitized",
        "Content-Length": "20",
        "Content-Type": "application/json",
        "User-Agent": "azsdk-python-keyvault-secrets/4.4.0b4 Python/3.9.9 (Windows-10-10.0.22000-SP0)",
        "x-ms-client-request-id": "13645acb-a539-11ec-9253-a04a5ed0778b"
      },
      "RequestBody": {
        "value": "secVal1"
      },
      "StatusCode": 200,
      "ResponseHeaders": {
        "Cache-Control": "no-cache",
        "Content-Length": "266",
        "Content-Type": "application/json; charset=utf-8",
        "Date": "Wed, 16 Mar 2022 14:55:10 GMT",
        "Expires": "-1",
        "Pragma": "no-cache",
        "Strict-Transport-Security": "max-age=31536000;includeSubDomains",
        "X-Content-Type-Options": "nosniff",
        "x-ms-client-request-id": "13645acb-a539-11ec-9253-a04a5ed0778b",
        "x-ms-keyvault-network-info": "conn_type=Ipv4;addr=73.232.137.144;act_addr_fam=InterNetwork;",
        "x-ms-keyvault-rbac-assignment-id": "44e2fa9b-9219-5ede-a044-28bdaaea57b8",
        "x-ms-keyvault-rbac-cache": "ra_age=878;da_age=5211;rd_age=5211;brd_age=10653;ra_notif_age=1277;dec_lev=1;",
        "x-ms-keyvault-region": "westus2",
        "x-ms-keyvault-service-version": "1.9.291.1",
        "x-ms-request-id": "44746bbc-a640-4c81-be61-d9acd139c2d1",
        "X-Powered-By": "ASP.NET"
      },
      "ResponseBody": {
        "value": "secVal1",
        "id": "https://vaultname.vault.azure.net/secrets/livekvtestsec1f28e2b81/921bd8af0003411fa66f921663ac11bf",
        "attributes": {
          "enabled": true,
          "created": 1647442510,
          "updated": 1647442510,
          "recoveryLevel": "CustomizedRecoverable\u002BPurgeable",
          "recoverableDays": 7
        }
      }
    },
    {
      "RequestUri": "https://vaultname.vault.azure.net/secrets/livekvtestsec2f28e2b81?api-version=7.2",
      "RequestMethod": "PUT",
      "RequestHeaders": {
        "Accept": "application/json",
        "Accept-Encoding": "gzip, deflate",
        "Authorization": "Sanitized",
        "Content-Length": "20",
        "Content-Type": "application/json",
        "User-Agent": "azsdk-python-keyvault-secrets/4.4.0b4 Python/3.9.9 (Windows-10-10.0.22000-SP0)",
        "x-ms-client-request-id": "137a4929-a539-11ec-8258-a04a5ed0778b"
      },
      "RequestBody": {
        "value": "secVal2"
      },
      "StatusCode": 200,
      "ResponseHeaders": {
        "Cache-Control": "no-cache",
        "Content-Length": "266",
        "Content-Type": "application/json; charset=utf-8",
        "Date": "Wed, 16 Mar 2022 14:55:10 GMT",
        "Expires": "-1",
        "Pragma": "no-cache",
        "Strict-Transport-Security": "max-age=31536000;includeSubDomains",
        "X-Content-Type-Options": "nosniff",
        "x-ms-client-request-id": "137a4929-a539-11ec-8258-a04a5ed0778b",
        "x-ms-keyvault-network-info": "conn_type=Ipv4;addr=73.232.137.144;act_addr_fam=InterNetwork;",
        "x-ms-keyvault-rbac-assignment-id": "44e2fa9b-9219-5ede-a044-28bdaaea57b8",
        "x-ms-keyvault-rbac-cache": "ra_age=878;da_age=5211;rd_age=5211;brd_age=10653;ra_notif_age=1277;dec_lev=1;",
        "x-ms-keyvault-region": "westus2",
        "x-ms-keyvault-service-version": "1.9.291.1",
        "x-ms-request-id": "56902b7c-4309-4155-a39c-e5a7b3271fe0",
        "X-Powered-By": "ASP.NET"
      },
      "ResponseBody": {
        "value": "secVal2",
        "id": "https://vaultname.vault.azure.net/secrets/livekvtestsec2f28e2b81/32bdf63883c946e69b0c631775416884",
        "attributes": {
          "enabled": true,
          "created": 1647442510,
          "updated": 1647442510,
          "recoveryLevel": "CustomizedRecoverable\u002BPurgeable",
          "recoverableDays": 7
        }
      }
    },
    {
      "RequestUri": "https://vaultname.vault.azure.net/secrets/livekvtestsec3f28e2b81?api-version=7.2",
      "RequestMethod": "PUT",
      "RequestHeaders": {
        "Accept": "application/json",
        "Accept-Encoding": "gzip, deflate",
        "Authorization": "Sanitized",
        "Content-Length": "20",
        "Content-Type": "application/json",
        "User-Agent": "azsdk-python-keyvault-secrets/4.4.0b4 Python/3.9.9 (Windows-10-10.0.22000-SP0)",
        "x-ms-client-request-id": "138e3a5c-a539-11ec-a885-a04a5ed0778b"
      },
      "RequestBody": {
        "value": "secVal3"
      },
      "StatusCode": 200,
      "ResponseHeaders": {
        "Cache-Control": "no-cache",
        "Content-Length": "266",
        "Content-Type": "application/json; charset=utf-8",
        "Date": "Wed, 16 Mar 2022 14:55:10 GMT",
        "Expires": "-1",
        "Pragma": "no-cache",
        "Strict-Transport-Security": "max-age=31536000;includeSubDomains",
        "X-Content-Type-Options": "nosniff",
        "x-ms-client-request-id": "138e3a5c-a539-11ec-a885-a04a5ed0778b",
        "x-ms-keyvault-network-info": "conn_type=Ipv4;addr=73.232.137.144;act_addr_fam=InterNetwork;",
        "x-ms-keyvault-rbac-assignment-id": "44e2fa9b-9219-5ede-a044-28bdaaea57b8",
        "x-ms-keyvault-rbac-cache": "ra_age=878;da_age=5211;rd_age=5211;brd_age=10653;ra_notif_age=1277;dec_lev=1;",
        "x-ms-keyvault-region": "westus2",
        "x-ms-keyvault-service-version": "1.9.291.1",
        "x-ms-request-id": "85ae64ff-b4c7-473d-af24-98d649f43243",
        "X-Powered-By": "ASP.NET"
      },
      "ResponseBody": {
        "value": "secVal3",
        "id": "https://vaultname.vault.azure.net/secrets/livekvtestsec3f28e2b81/81ff3cf758ad41358e9856bb77b6a6f6",
        "attributes": {
          "enabled": true,
          "created": 1647442510,
          "updated": 1647442510,
          "recoveryLevel": "CustomizedRecoverable\u002BPurgeable",
          "recoverableDays": 7
        }
      }
    },
    {
      "RequestUri": "https://vaultname.vault.azure.net/secrets/livekvtestsec4f28e2b81?api-version=7.2",
      "RequestMethod": "PUT",
      "RequestHeaders": {
        "Accept": "application/json",
        "Accept-Encoding": "gzip, deflate",
        "Authorization": "Sanitized",
        "Content-Length": "20",
        "Content-Type": "application/json",
        "User-Agent": "azsdk-python-keyvault-secrets/4.4.0b4 Python/3.9.9 (Windows-10-10.0.22000-SP0)",
        "x-ms-client-request-id": "13a16fb0-a539-11ec-9c42-a04a5ed0778b"
      },
      "RequestBody": {
        "value": "secVal4"
      },
      "StatusCode": 200,
      "ResponseHeaders": {
        "Cache-Control": "no-cache",
        "Content-Length": "266",
        "Content-Type": "application/json; charset=utf-8",
        "Date": "Wed, 16 Mar 2022 14:55:10 GMT",
        "Expires": "-1",
        "Pragma": "no-cache",
        "Strict-Transport-Security": "max-age=31536000;includeSubDomains",
        "X-Content-Type-Options": "nosniff",
        "x-ms-client-request-id": "13a16fb0-a539-11ec-9c42-a04a5ed0778b",
        "x-ms-keyvault-network-info": "conn_type=Ipv4;addr=73.232.137.144;act_addr_fam=InterNetwork;",
        "x-ms-keyvault-rbac-assignment-id": "44e2fa9b-9219-5ede-a044-28bdaaea57b8",
        "x-ms-keyvault-rbac-cache": "ra_age=878;da_age=5211;rd_age=5211;brd_age=10653;ra_notif_age=1277;dec_lev=1;",
        "x-ms-keyvault-region": "westus2",
        "x-ms-keyvault-service-version": "1.9.291.1",
        "x-ms-request-id": "f1522d3f-df0b-4269-92bd-59a28b8dde41",
        "X-Powered-By": "ASP.NET"
      },
      "ResponseBody": {
        "value": "secVal4",
        "id": "https://vaultname.vault.azure.net/secrets/livekvtestsec4f28e2b81/e1503aea8652408982f529d2f9ef4e65",
        "attributes": {
          "enabled": true,
          "created": 1647442510,
          "updated": 1647442510,
          "recoveryLevel": "CustomizedRecoverable\u002BPurgeable",
          "recoverableDays": 7
        }
      }
    },
    {
      "RequestUri": "https://vaultname.vault.azure.net/secrets/livekvtestsec5f28e2b81?api-version=7.2",
      "RequestMethod": "PUT",
      "RequestHeaders": {
        "Accept": "application/json",
        "Accept-Encoding": "gzip, deflate",
        "Authorization": "Sanitized",
        "Content-Length": "20",
        "Content-Type": "application/json",
        "User-Agent": "azsdk-python-keyvault-secrets/4.4.0b4 Python/3.9.9 (Windows-10-10.0.22000-SP0)",
        "x-ms-client-request-id": "13bbe263-a539-11ec-8a52-a04a5ed0778b"
      },
      "RequestBody": {
        "value": "secVal5"
      },
      "StatusCode": 200,
      "ResponseHeaders": {
        "Cache-Control": "no-cache",
        "Content-Length": "266",
        "Content-Type": "application/json; charset=utf-8",
        "Date": "Wed, 16 Mar 2022 14:55:10 GMT",
        "Expires": "-1",
        "Pragma": "no-cache",
        "Strict-Transport-Security": "max-age=31536000;includeSubDomains",
        "X-Content-Type-Options": "nosniff",
        "x-ms-client-request-id": "13bbe263-a539-11ec-8a52-a04a5ed0778b",
        "x-ms-keyvault-network-info": "conn_type=Ipv4;addr=73.232.137.144;act_addr_fam=InterNetwork;",
        "x-ms-keyvault-rbac-assignment-id": "44e2fa9b-9219-5ede-a044-28bdaaea57b8",
        "x-ms-keyvault-rbac-cache": "ra_age=878;da_age=5212;rd_age=5212;brd_age=10653;ra_notif_age=1277;dec_lev=1;",
        "x-ms-keyvault-region": "westus2",
        "x-ms-keyvault-service-version": "1.9.291.1",
        "x-ms-request-id": "d78b4e5b-509c-4bfd-a3b6-6585ce57c37a",
        "X-Powered-By": "ASP.NET"
      },
      "ResponseBody": {
        "value": "secVal5",
        "id": "https://vaultname.vault.azure.net/secrets/livekvtestsec5f28e2b81/6aa31352dc1b45cb892d0f176b496874",
        "attributes": {
          "enabled": true,
          "created": 1647442511,
          "updated": 1647442511,
          "recoveryLevel": "CustomizedRecoverable\u002BPurgeable",
          "recoverableDays": 7
        }
      }
    },
    {
      "RequestUri": "https://vaultname.vault.azure.net/secrets/livekvtestsec6f28e2b81?api-version=7.2",
      "RequestMethod": "PUT",
      "RequestHeaders": {
        "Accept": "application/json",
        "Accept-Encoding": "gzip, deflate",
        "Authorization": "Sanitized",
        "Content-Length": "20",
        "Content-Type": "application/json",
        "User-Agent": "azsdk-python-keyvault-secrets/4.4.0b4 Python/3.9.9 (Windows-10-10.0.22000-SP0)",
        "x-ms-client-request-id": "13d9566c-a539-11ec-9697-a04a5ed0778b"
      },
      "RequestBody": {
        "value": "secVal6"
      },
      "StatusCode": 200,
      "ResponseHeaders": {
        "Cache-Control": "no-cache",
        "Content-Length": "266",
        "Content-Type": "application/json; charset=utf-8",
        "Date": "Wed, 16 Mar 2022 14:55:10 GMT",
        "Expires": "-1",
        "Pragma": "no-cache",
        "Strict-Transport-Security": "max-age=31536000;includeSubDomains",
        "X-Content-Type-Options": "nosniff",
        "x-ms-client-request-id": "13d9566c-a539-11ec-9697-a04a5ed0778b",
        "x-ms-keyvault-network-info": "conn_type=Ipv4;addr=73.232.137.144;act_addr_fam=InterNetwork;",
        "x-ms-keyvault-rbac-assignment-id": "44e2fa9b-9219-5ede-a044-28bdaaea57b8",
        "x-ms-keyvault-rbac-cache": "ra_age=878;da_age=5212;rd_age=5212;brd_age=10653;ra_notif_age=1278;dec_lev=1;",
        "x-ms-keyvault-region": "westus2",
        "x-ms-keyvault-service-version": "1.9.291.1",
        "x-ms-request-id": "afc5e958-ece2-4153-97c5-61275b66de75",
        "X-Powered-By": "ASP.NET"
      },
      "ResponseBody": {
        "value": "secVal6",
        "id": "https://vaultname.vault.azure.net/secrets/livekvtestsec6f28e2b81/dbe5f8c9df7e4d3aa9a3e333072a2c6c",
        "attributes": {
          "enabled": true,
          "created": 1647442511,
          "updated": 1647442511,
          "recoveryLevel": "CustomizedRecoverable\u002BPurgeable",
          "recoverableDays": 7
        }
      }
    },
    {
      "RequestUri": "https://vaultname.vault.azure.net/secrets?maxresults=6\u0026api-version=7.2",
      "RequestMethod": "GET",
      "RequestHeaders": {
        "Accept": "application/json",
        "Accept-Encoding": "gzip, deflate",
        "Authorization": "Sanitized",
        "User-Agent": "azsdk-python-keyvault-secrets/4.4.0b4 Python/3.9.9 (Windows-10-10.0.22000-SP0)",
        "x-ms-client-request-id": "13fabc26-a539-11ec-be4d-a04a5ed0778b"
      },
      "RequestBody": null,
      "StatusCode": 200,
      "ResponseHeaders": {
        "Cache-Control": "no-cache",
        "Content-Length": "517",
        "Content-Type": "application/json; charset=utf-8",
        "Date": "Wed, 16 Mar 2022 14:55:11 GMT",
        "Expires": "-1",
        "Pragma": "no-cache",
        "Strict-Transport-Security": "max-age=31536000;includeSubDomains",
        "X-Content-Type-Options": "nosniff",
        "x-ms-client-request-id": "13fabc26-a539-11ec-be4d-a04a5ed0778b",
        "x-ms-keyvault-network-info": "conn_type=Ipv4;addr=73.232.137.144;act_addr_fam=InterNetwork;",
        "x-ms-keyvault-rbac-assignment-id": "44e2fa9b-9219-5ede-a044-28bdaaea57b8",
        "x-ms-keyvault-rbac-cache": "ra_age=879;da_age=5212;rd_age=5212;brd_age=10654;ra_notif_age=1278;dec_lev=0;",
        "x-ms-keyvault-region": "westus2",
        "x-ms-keyvault-service-version": "1.9.291.1",
        "x-ms-request-id": "03699bc0-766b-495a-a478-95f7a0d8853b",
        "X-Powered-By": "ASP.NET"
      },
      "ResponseBody": {
        "value": [
          {
            "id": "https://vaultname.vault.azure.net/secrets/livekvtestsec0625e2eb1",
            "attributes": {
              "enabled": true,
              "created": 1647442506,
              "updated": 1647442506,
              "recoveryLevel": "CustomizedRecoverable\u002BPurgeable",
              "recoverableDays": 7
            }
          }
        ],
        "nextLink": "https://vaultname.vault.azure.net:443/secrets?api-version=7.2\u0026$skiptoken=eyJOZXh0TWFya2VyIjoiMiExMDAhTURBd01ESTVJWE5sWTNKbGRDOU1TVlpGUzFaVVJWTlVVMFZETUVZeU9FVXlRamd4SVRBd01EQXlPQ0U1T1RrNUxURXlMVE14VkRJek9qVTVPalU1TGprNU9UazVPVGxhSVEtLSIsIlRhcmdldExvY2F0aW9uIjowfQ\u0026maxresults=6"
      }
    },
    {
      "RequestUri": "https://vaultname.vault.azure.net/secrets?api-version=7.2\u0026$skiptoken=eyJOZXh0TWFya2VyIjoiMiExMDAhTURBd01ESTVJWE5sWTNKbGRDOU1TVlpGUzFaVVJWTlVVMFZETUVZeU9FVXlRamd4SVRBd01EQXlPQ0U1T1RrNUxURXlMVE14VkRJek9qVTVPalU1TGprNU9UazVPVGxhSVEtLSIsIlRhcmdldExvY2F0aW9uIjowfQ\u0026maxresults=6",
      "RequestMethod": "GET",
      "RequestHeaders": {
        "Accept": "application/json",
        "Accept-Encoding": "gzip, deflate",
        "Authorization": "Sanitized",
        "User-Agent": "azsdk-python-keyvault-secrets/4.4.0b4 Python/3.9.9 (Windows-10-10.0.22000-SP0)",
        "x-ms-client-request-id": "140f0aa5-a539-11ec-aeaf-a04a5ed0778b"
      },
      "RequestBody": null,
      "StatusCode": 200,
      "ResponseHeaders": {
        "Cache-Control": "no-cache",
        "Content-Length": "1597",
        "Content-Type": "application/json; charset=utf-8",
        "Date": "Wed, 16 Mar 2022 14:55:11 GMT",
        "Expires": "-1",
        "Pragma": "no-cache",
        "Strict-Transport-Security": "max-age=31536000;includeSubDomains",
        "X-Content-Type-Options": "nosniff",
        "x-ms-client-request-id": "140f0aa5-a539-11ec-aeaf-a04a5ed0778b",
        "x-ms-keyvault-network-info": "conn_type=Ipv4;addr=73.232.137.144;act_addr_fam=InterNetwork;",
        "x-ms-keyvault-rbac-assignment-id": "44e2fa9b-9219-5ede-a044-28bdaaea57b8",
        "x-ms-keyvault-rbac-cache": "ra_age=879;da_age=5212;rd_age=5212;brd_age=10654;ra_notif_age=1278;dec_lev=0;",
        "x-ms-keyvault-region": "westus2",
        "x-ms-keyvault-service-version": "1.9.291.1",
        "x-ms-request-id": "19df717f-52eb-4408-9964-501c7fb7f0ca",
        "X-Powered-By": "ASP.NET"
      },
      "ResponseBody": {
        "value": [
          {
            "id": "https://vaultname.vault.azure.net/secrets/livekvtestsec0f28e2b81",
            "attributes": {
              "enabled": true,
              "created": 1647442510,
              "updated": 1647442510,
              "recoveryLevel": "CustomizedRecoverable\u002BPurgeable",
              "recoverableDays": 7
            }
          },
          {
            "id": "https://vaultname.vault.azure.net/secrets/livekvtestsec1625e2eb1",
            "attributes": {
              "enabled": true,
              "created": 1647442506,
              "updated": 1647442506,
              "recoveryLevel": "CustomizedRecoverable\u002BPurgeable",
              "recoverableDays": 7
            }
          },
          {
            "id": "https://vaultname.vault.azure.net/secrets/livekvtestsec1f28e2b81",
            "attributes": {
              "enabled": true,
              "created": 1647442510,
              "updated": 1647442510,
              "recoveryLevel": "CustomizedRecoverable\u002BPurgeable",
              "recoverableDays": 7
            }
          },
          {
            "id": "https://vaultname.vault.azure.net/secrets/livekvtestsec2625e2eb1",
            "attributes": {
              "enabled": true,
              "created": 1647442506,
              "updated": 1647442506,
              "recoveryLevel": "CustomizedRecoverable\u002BPurgeable",
              "recoverableDays": 7
            }
          },
          {
            "id": "https://vaultname.vault.azure.net/secrets/livekvtestsec2f28e2b81",
            "attributes": {
              "enabled": true,
              "created": 1647442510,
              "updated": 1647442510,
              "recoveryLevel": "CustomizedRecoverable\u002BPurgeable",
              "recoverableDays": 7
            }
          },
          {
            "id": "https://vaultname.vault.azure.net/secrets/livekvtestsec3625e2eb1",
            "attributes": {
              "enabled": true,
              "created": 1647442506,
              "updated": 1647442506,
              "recoveryLevel": "CustomizedRecoverable\u002BPurgeable",
              "recoverableDays": 7
            }
          }
        ],
        "nextLink": "https://vaultname.vault.azure.net:443/secrets?api-version=7.2\u0026$skiptoken=eyJOZXh0TWFya2VyIjoiMiExMDAhTURBd01ESTVJWE5sWTNKbGRDOU1TVlpGUzFaVVJWTlVVMFZETTBZeU9FVXlRamd4SVRBd01EQXlPQ0U1T1RrNUxURXlMVE14VkRJek9qVTVPalU1TGprNU9UazVPVGxhSVEtLSIsIlRhcmdldExvY2F0aW9uIjowfQ\u0026maxresults=6"
      }
    },
    {
      "RequestUri": "https://vaultname.vault.azure.net/secrets?api-version=7.2\u0026$skiptoken=eyJOZXh0TWFya2VyIjoiMiExMDAhTURBd01ESTVJWE5sWTNKbGRDOU1TVlpGUzFaVVJWTlVVMFZETTBZeU9FVXlRamd4SVRBd01EQXlPQ0U1T1RrNUxURXlMVE14VkRJek9qVTVPalU1TGprNU9UazVPVGxhSVEtLSIsIlRhcmdldExvY2F0aW9uIjowfQ\u0026maxresults=6",
      "RequestMethod": "GET",
      "RequestHeaders": {
        "Accept": "application/json",
        "Accept-Encoding": "gzip, deflate",
        "Authorization": "Sanitized",
        "User-Agent": "azsdk-python-keyvault-secrets/4.4.0b4 Python/3.9.9 (Windows-10-10.0.22000-SP0)",
        "x-ms-client-request-id": "142468a6-a539-11ec-9c31-a04a5ed0778b"
      },
      "RequestBody": null,
      "StatusCode": 200,
      "ResponseHeaders": {
        "Cache-Control": "no-cache",
        "Content-Length": "1597",
        "Content-Type": "application/json; charset=utf-8",
        "Date": "Wed, 16 Mar 2022 14:55:11 GMT",
        "Expires": "-1",
        "Pragma": "no-cache",
        "Strict-Transport-Security": "max-age=31536000;includeSubDomains",
        "X-Content-Type-Options": "nosniff",
        "x-ms-client-request-id": "142468a6-a539-11ec-9c31-a04a5ed0778b",
        "x-ms-keyvault-network-info": "conn_type=Ipv4;addr=73.232.137.144;act_addr_fam=InterNetwork;",
        "x-ms-keyvault-rbac-assignment-id": "44e2fa9b-9219-5ede-a044-28bdaaea57b8",
        "x-ms-keyvault-rbac-cache": "ra_age=879;da_age=5212;rd_age=5212;brd_age=10654;ra_notif_age=1278;dec_lev=0;",
        "x-ms-keyvault-region": "westus2",
        "x-ms-keyvault-service-version": "1.9.291.1",
        "x-ms-request-id": "b2852280-2d4a-4714-ac57-d7acfeddd856",
        "X-Powered-By": "ASP.NET"
      },
      "ResponseBody": {
        "value": [
          {
            "id": "https://vaultname.vault.azure.net/secrets/livekvtestsec3f28e2b81",
            "attributes": {
              "enabled": true,
              "created": 1647442510,
              "updated": 1647442510,
              "recoveryLevel": "CustomizedRecoverable\u002BPurgeable",
              "recoverableDays": 7
            }
          },
          {
            "id": "https://vaultname.vault.azure.net/secrets/livekvtestsec4625e2eb1",
            "attributes": {
              "enabled": true,
              "created": 1647442506,
              "updated": 1647442506,
              "recoveryLevel": "CustomizedRecoverable\u002BPurgeable",
              "recoverableDays": 7
            }
          },
          {
            "id": "https://vaultname.vault.azure.net/secrets/livekvtestsec4f28e2b81",
            "attributes": {
              "enabled": true,
              "created": 1647442510,
              "updated": 1647442510,
              "recoveryLevel": "CustomizedRecoverable\u002BPurgeable",
              "recoverableDays": 7
            }
          },
          {
            "id": "https://vaultname.vault.azure.net/secrets/livekvtestsec5625e2eb1",
            "attributes": {
              "enabled": true,
              "created": 1647442506,
              "updated": 1647442506,
              "recoveryLevel": "CustomizedRecoverable\u002BPurgeable",
              "recoverableDays": 7
            }
          },
          {
            "id": "https://vaultname.vault.azure.net/secrets/livekvtestsec5f28e2b81",
            "attributes": {
              "enabled": true,
              "created": 1647442511,
              "updated": 1647442511,
              "recoveryLevel": "CustomizedRecoverable\u002BPurgeable",
              "recoverableDays": 7
            }
          },
          {
            "id": "https://vaultname.vault.azure.net/secrets/livekvtestsec6625e2eb1",
            "attributes": {
              "enabled": true,
              "created": 1647442507,
              "updated": 1647442507,
              "recoveryLevel": "CustomizedRecoverable\u002BPurgeable",
              "recoverableDays": 7
            }
          }
        ],
        "nextLink": "https://vaultname.vault.azure.net:443/secrets?api-version=7.2\u0026$skiptoken=eyJOZXh0TWFya2VyIjoiMiExMDAhTURBd01ESTVJWE5sWTNKbGRDOU1TVlpGUzFaVVJWTlVVMFZETmtZeU9FVXlRamd4SVRBd01EQXlPQ0U1T1RrNUxURXlMVE14VkRJek9qVTVPalU1TGprNU9UazVPVGxhSVEtLSIsIlRhcmdldExvY2F0aW9uIjowfQ\u0026maxresults=6"
      }
    },
    {
      "RequestUri": "https://vaultname.vault.azure.net/secrets?api-version=7.2\u0026$skiptoken=eyJOZXh0TWFya2VyIjoiMiExMDAhTURBd01ESTVJWE5sWTNKbGRDOU1TVlpGUzFaVVJWTlVVMFZETmtZeU9FVXlRamd4SVRBd01EQXlPQ0U1T1RrNUxURXlMVE14VkRJek9qVTVPalU1TGprNU9UazVPVGxhSVEtLSIsIlRhcmdldExvY2F0aW9uIjowfQ\u0026maxresults=6",
      "RequestMethod": "GET",
      "RequestHeaders": {
        "Accept": "application/json",
        "Accept-Encoding": "gzip, deflate",
        "Authorization": "Sanitized",
        "User-Agent": "azsdk-python-keyvault-secrets/4.4.0b4 Python/3.9.9 (Windows-10-10.0.22000-SP0)",
        "x-ms-client-request-id": "1438e877-a539-11ec-95fc-a04a5ed0778b"
      },
      "RequestBody": null,
      "StatusCode": 200,
      "ResponseHeaders": {
        "Cache-Control": "no-cache",
        "Content-Length": "1419",
        "Content-Type": "application/json; charset=utf-8",
        "Date": "Wed, 16 Mar 2022 14:55:11 GMT",
        "Expires": "-1",
        "Pragma": "no-cache",
        "Strict-Transport-Security": "max-age=31536000;includeSubDomains",
        "X-Content-Type-Options": "nosniff",
        "x-ms-client-request-id": "1438e877-a539-11ec-95fc-a04a5ed0778b",
        "x-ms-keyvault-network-info": "conn_type=Ipv4;addr=73.232.137.144;act_addr_fam=InterNetwork;",
        "x-ms-keyvault-rbac-assignment-id": "44e2fa9b-9219-5ede-a044-28bdaaea57b8",
        "x-ms-keyvault-rbac-cache": "ra_age=879;da_age=5212;rd_age=5212;brd_age=10654;ra_notif_age=1278;dec_lev=0;",
        "x-ms-keyvault-region": "westus2",
        "x-ms-keyvault-service-version": "1.9.291.1",
        "x-ms-request-id": "85606a72-a295-41ef-85bf-773a5349b545",
        "X-Powered-By": "ASP.NET"
      },
      "ResponseBody": {
        "value": [
          {
            "id": "https://vaultname.vault.azure.net/secrets/livekvtestsec6f28e2b81",
            "attributes": {
              "enabled": true,
              "created": 1647442511,
              "updated": 1647442511,
              "recoveryLevel": "CustomizedRecoverable\u002BPurgeable",
              "recoverableDays": 7
            }
          },
          {
            "id": "https://vaultname.vault.azure.net/secrets/livekvtestsecret-name3199383c",
            "attributes": {
              "enabled": true,
              "created": 1647441674,
              "updated": 1647441674,
              "recoveryLevel": "CustomizedRecoverable\u002BPurgeable",
              "recoverableDays": 7
            }
          },
          {
            "id": "https://vaultname.vault.azure.net/secrets/livekvtestsecret-name45d634a4",
            "attributes": {
              "enabled": true,
              "created": 1647442457,
              "updated": 1647442457,
              "recoveryLevel": "CustomizedRecoverable\u002BPurgeable",
              "recoverableDays": 7
            }
          },
          {
            "id": "https://vaultname.vault.azure.net/secrets/livekvtestsecret-name45df34a5",
            "attributes": {
              "enabled": true,
              "created": 1647442448,
              "updated": 1647442448,
              "recoveryLevel": "CustomizedRecoverable\u002BPurgeable",
              "recoverableDays": 7
            }
          },
          {
            "id": "https://vaultname.vault.azure.net/secrets/livekvtestsecret-name45e834a6",
            "attributes": {
              "enabled": true,
              "created": 1647442438,
              "updated": 1647442438,
              "recoveryLevel": "CustomizedRecoverable\u002BPurgeable",
              "recoverableDays": 7
            }
          }
        ],
        "nextLink": "https://vaultname.vault.azure.net:443/secrets?api-version=7.2\u0026$skiptoken=eyJOZXh0TWFya2VyIjoiMiExMDghTURBd01ETTJJWE5sWTNKbGRDOU1TVlpGUzFaVVJWTlVVMFZEVWtWVUxVNUJUVVUwUmtRM016aEVOeUV3TURBd01qZ2hPVGs1T1MweE1pMHpNVlF5TXpvMU9UbzFPUzQ1T1RrNU9UazVXaUUtIiwiVGFyZ2V0TG9jYXRpb24iOjB9\u0026maxresults=6"
      }
    },
    {
      "RequestUri": "https://vaultname.vault.azure.net/secrets?api-version=7.2\u0026$skiptoken=eyJOZXh0TWFya2VyIjoiMiExMDghTURBd01ETTJJWE5sWTNKbGRDOU1TVlpGUzFaVVJWTlVVMFZEVWtWVUxVNUJUVVUwUmtRM016aEVOeUV3TURBd01qZ2hPVGs1T1MweE1pMHpNVlF5TXpvMU9UbzFPUzQ1T1RrNU9UazVXaUUtIiwiVGFyZ2V0TG9jYXRpb24iOjB9\u0026maxresults=6",
      "RequestMethod": "GET",
      "RequestHeaders": {
        "Accept": "application/json",
        "Accept-Encoding": "gzip, deflate",
        "Authorization": "Sanitized",
        "User-Agent": "azsdk-python-keyvault-secrets/4.4.0b4 Python/3.9.9 (Windows-10-10.0.22000-SP0)",
        "x-ms-client-request-id": "145106a1-a539-11ec-af93-a04a5ed0778b"
      },
      "RequestBody": null,
      "StatusCode": 200,
      "ResponseHeaders": {
        "Cache-Control": "no-cache",
        "Content-Length": "1424",
        "Content-Type": "application/json; charset=utf-8",
        "Date": "Wed, 16 Mar 2022 14:55:11 GMT",
        "Expires": "-1",
        "Pragma": "no-cache",
        "Strict-Transport-Security": "max-age=31536000;includeSubDomains",
        "X-Content-Type-Options": "nosniff",
        "x-ms-client-request-id": "145106a1-a539-11ec-af93-a04a5ed0778b",
        "x-ms-keyvault-network-info": "conn_type=Ipv4;addr=73.232.137.144;act_addr_fam=InterNetwork;",
        "x-ms-keyvault-rbac-assignment-id": "44e2fa9b-9219-5ede-a044-28bdaaea57b8",
        "x-ms-keyvault-rbac-cache": "ra_age=879;da_age=5213;rd_age=5213;brd_age=10654;ra_notif_age=1278;dec_lev=0;",
        "x-ms-keyvault-region": "westus2",
        "x-ms-keyvault-service-version": "1.9.291.1",
        "x-ms-request-id": "21b68b86-7583-4fcb-b35b-201c3c02f981",
        "X-Powered-By": "ASP.NET"
      },
      "ResponseBody": {
        "value": [
          {
            "id": "https://vaultname.vault.azure.net/secrets/livekvtestsecret-name4fd738d7",
            "attributes": {
              "enabled": true,
              "created": 1647442361,
              "updated": 1647442361,
              "recoveryLevel": "CustomizedRecoverable\u002BPurgeable",
              "recoverableDays": 7
            }
          },
          {
            "id": "https://vaultname.vault.azure.net/secrets/livekvtestsecret-name5e663377",
            "attributes": {
              "enabled": true,
              "created": 1647442050,
              "updated": 1647442050,
              "recoveryLevel": "CustomizedRecoverable\u002BPurgeable",
              "recoverableDays": 7
            }
          },
          {
            "id": "https://vaultname.vault.azure.net/secrets/livekvtestsecret-name6f3227",
            "attributes": {
              "enabled": true,
              "created": 1647442040,
              "updated": 1647442040,
              "recoveryLevel": "CustomizedRecoverable\u002BPurgeable",
              "recoverableDays": 7
            }
          },
          {
            "id": "https://vaultname.vault.azure.net/secrets/livekvtestsecret-name755f350a",
            "attributes": {
              "enabled": true,
              "created": 1647441876,
              "updated": 1647441876,
              "recoveryLevel": "CustomizedRecoverable\u002BPurgeable",
              "recoverableDays": 7
            }
          },
          {
            "id": "https://vaultname.vault.azure.net/secrets/livekvtestsecret-name7568350b",
            "attributes": {
              "enabled": true,
              "created": 1647441810,
              "updated": 1647441810,
              "recoveryLevel": "CustomizedRecoverable\u002BPurgeable",
              "recoverableDays": 7
            }
          }
        ],
        "nextLink": "https://vaultname.vault.azure.net:443/secrets?api-version=7.2\u0026$skiptoken=eyJOZXh0TWFya2VyIjoiMiExMDghTURBd01ETTJJWE5sWTNKbGRDOU1TVlpGUzFaVVJWTlVVMFZEVWtWVUxVNUJUVVUzTlRjeE16VXdReUV3TURBd01qZ2hPVGs1T1MweE1pMHpNVlF5TXpvMU9UbzFPUzQ1T1RrNU9UazVXaUUtIiwiVGFyZ2V0TG9jYXRpb24iOjB9\u0026maxresults=6"
      }
    },
    {
      "RequestUri": "https://vaultname.vault.azure.net/secrets?api-version=7.2\u0026$skiptoken=eyJOZXh0TWFya2VyIjoiMiExMDghTURBd01ETTJJWE5sWTNKbGRDOU1TVlpGUzFaVVJWTlVVMFZEVWtWVUxVNUJUVVUzTlRjeE16VXdReUV3TURBd01qZ2hPVGs1T1MweE1pMHpNVlF5TXpvMU9UbzFPUzQ1T1RrNU9UazVXaUUtIiwiVGFyZ2V0TG9jYXRpb24iOjB9\u0026maxresults=6",
      "RequestMethod": "GET",
      "RequestHeaders": {
        "Accept": "application/json",
        "Accept-Encoding": "gzip, deflate",
        "Authorization": "Sanitized",
        "User-Agent": "azsdk-python-keyvault-secrets/4.4.0b4 Python/3.9.9 (Windows-10-10.0.22000-SP0)",
        "x-ms-client-request-id": "14649149-a539-11ec-b2f1-a04a5ed0778b"
      },
      "RequestBody": null,
      "StatusCode": 200,
      "ResponseHeaders": {
        "Cache-Control": "no-cache",
        "Content-Length": "976",
        "Content-Type": "application/json; charset=utf-8",
        "Date": "Wed, 16 Mar 2022 14:55:11 GMT",
        "Expires": "-1",
        "Pragma": "no-cache",
        "Strict-Transport-Security": "max-age=31536000;includeSubDomains",
        "X-Content-Type-Options": "nosniff",
        "x-ms-client-request-id": "14649149-a539-11ec-b2f1-a04a5ed0778b",
        "x-ms-keyvault-network-info": "conn_type=Ipv4;addr=73.232.137.144;act_addr_fam=InterNetwork;",
        "x-ms-keyvault-rbac-assignment-id": "44e2fa9b-9219-5ede-a044-28bdaaea57b8",
        "x-ms-keyvault-rbac-cache": "ra_age=879;da_age=5213;rd_age=5213;brd_age=10654;ra_notif_age=1278;dec_lev=0;",
        "x-ms-keyvault-region": "westus2",
        "x-ms-keyvault-service-version": "1.9.291.1",
        "x-ms-request-id": "aa82f69e-59b4-490d-b056-4285dfe039f7",
        "X-Powered-By": "ASP.NET"
      },
      "ResponseBody": {
        "value": [
          {
            "id": "https://vaultname.vault.azure.net/secrets/livekvtestsecret-name7571350c",
            "attributes": {
              "enabled": true,
              "created": 1647441740,
              "updated": 1647441740,
              "recoveryLevel": "CustomizedRecoverable\u002BPurgeable",
              "recoverableDays": 7
            }
          },
          {
            "id": "https://vaultname.vault.azure.net/secrets/livekvtestsecret-name783228",
            "attributes": {
              "enabled": true,
              "created": 1647442031,
              "updated": 1647442031,
              "recoveryLevel": "CustomizedRecoverable\u002BPurgeable",
              "recoverableDays": 7
            }
          },
          {
            "id": "https://vaultname.vault.azure.net/secrets/livekvtestsecret-name813229",
            "attributes": {
              "enabled": true,
              "created": 1647442023,
              "updated": 1647442023,
              "recoveryLevel": "CustomizedRecoverable\u002BPurgeable",
              "recoverableDays": 7
            }
          }
        ],
        "nextLink": "https://vaultname.vault.azure.net:443/secrets?api-version=7.2\u0026$skiptoken=eyJOZXh0TWFya2VyIjoiMiExMDghTURBd01ETTJJWE5sWTNKbGRDOU1TVlpGUzFaVVJWTlVVMFZEVWtWVUxVNUJUVVU1UXpVek0wRkNPU0V3TURBd01qZ2hPVGs1T1MweE1pMHpNVlF5TXpvMU9UbzFPUzQ1T1RrNU9UazVXaUUtIiwiVGFyZ2V0TG9jYXRpb24iOjB9\u0026maxresults=6"
      }
    },
    {
      "RequestUri": "https://vaultname.vault.azure.net/secrets?api-version=7.2\u0026$skiptoken=eyJOZXh0TWFya2VyIjoiMiExMDghTURBd01ETTJJWE5sWTNKbGRDOU1TVlpGUzFaVVJWTlVVMFZEVWtWVUxVNUJUVVU1UXpVek0wRkNPU0V3TURBd01qZ2hPVGs1T1MweE1pMHpNVlF5TXpvMU9UbzFPUzQ1T1RrNU9UazVXaUUtIiwiVGFyZ2V0TG9jYXRpb24iOjB9\u0026maxresults=6",
      "RequestMethod": "GET",
      "RequestHeaders": {
        "Accept": "application/json",
        "Accept-Encoding": "gzip, deflate",
        "Authorization": "Sanitized",
        "User-Agent": "azsdk-python-keyvault-secrets/4.4.0b4 Python/3.9.9 (Windows-10-10.0.22000-SP0)",
        "x-ms-client-request-id": "148f76ca-a539-11ec-943f-a04a5ed0778b"
      },
      "RequestBody": null,
      "StatusCode": 200,
      "ResponseHeaders": {
        "Cache-Control": "no-cache",
        "Content-Length": "1426",
        "Content-Type": "application/json; charset=utf-8",
        "Date": "Wed, 16 Mar 2022 14:55:12 GMT",
        "Expires": "-1",
        "Pragma": "no-cache",
        "Strict-Transport-Security": "max-age=31536000;includeSubDomains",
        "X-Content-Type-Options": "nosniff",
        "x-ms-client-request-id": "148f76ca-a539-11ec-943f-a04a5ed0778b",
        "x-ms-keyvault-network-info": "conn_type=Ipv4;addr=73.232.137.144;act_addr_fam=InterNetwork;",
        "x-ms-keyvault-rbac-assignment-id": "44e2fa9b-9219-5ede-a044-28bdaaea57b8",
        "x-ms-keyvault-rbac-cache": "ra_age=880;da_age=5213;rd_age=5213;brd_age=10655;ra_notif_age=1279;dec_lev=0;",
        "x-ms-keyvault-region": "westus2",
        "x-ms-keyvault-service-version": "1.9.291.1",
        "x-ms-request-id": "65d37cc4-1979-43be-b7a5-e52680fcb03a",
        "X-Powered-By": "ASP.NET"
      },
      "ResponseBody": {
        "value": [
          {
            "id": "https://vaultname.vault.azure.net/secrets/livekvtestsecret-name9c533ab9",
            "attributes": {
              "enabled": true,
              "created": 1647442099,
              "updated": 1647442099,
              "recoveryLevel": "CustomizedRecoverable\u002BPurgeable",
              "recoverableDays": 7
            }
          },
          {
            "id": "https://vaultname.vault.azure.net/secrets/livekvtestsecret-namea5823559",
            "attributes": {
              "enabled": true,
              "created": 1647442010,
              "updated": 1647442010,
              "recoveryLevel": "CustomizedRecoverable\u002BPurgeable",
              "recoverableDays": 7
            }
          },
          {
            "id": "https://vaultname.vault.azure.net/secrets/livekvtestsecret-nameb53835f4",
            "attributes": {
              "enabled": true,
              "created": 1647442469,
              "updated": 1647442469,
              "recoveryLevel": "CustomizedRecoverable\u002BPurgeable",
              "recoverableDays": 7
            }
          },
          {
            "id": "https://vaultname.vault.azure.net/secrets/livekvtestsecret-namecc313787",
            "attributes": {
              "enabled": true,
              "created": 1647442295,
              "updated": 1647442295,
              "recoveryLevel": "CustomizedRecoverable\u002BPurgeable",
              "recoverableDays": 7
            }
          },
          {
            "id": "https://vaultname.vault.azure.net/secrets/livekvtestsecret-namecc3a3788",
            "attributes": {
              "enabled": true,
              "created": 1647442229,
              "updated": 1647442229,
              "recoveryLevel": "CustomizedRecoverable\u002BPurgeable",
              "recoverableDays": 7
            }
          }
        ],
        "nextLink": "https://vaultname.vault.azure.net:443/secrets?api-version=7.2\u0026$skiptoken=eyJOZXh0TWFya2VyIjoiMiExMDghTURBd01ETTJJWE5sWTNKbGRDOU1TVlpGUzFaVVJWTlVVMFZEVWtWVUxVNUJUVVZEUXpRek16YzRPU0V3TURBd01qZ2hPVGs1T1MweE1pMHpNVlF5TXpvMU9UbzFPUzQ1T1RrNU9UazVXaUUtIiwiVGFyZ2V0TG9jYXRpb24iOjB9\u0026maxresults=6"
      }
    },
    {
      "RequestUri": "https://vaultname.vault.azure.net/secrets?api-version=7.2\u0026$skiptoken=eyJOZXh0TWFya2VyIjoiMiExMDghTURBd01ETTJJWE5sWTNKbGRDOU1TVlpGUzFaVVJWTlVVMFZEVWtWVUxVNUJUVVZEUXpRek16YzRPU0V3TURBd01qZ2hPVGs1T1MweE1pMHpNVlF5TXpvMU9UbzFPUzQ1T1RrNU9UazVXaUUtIiwiVGFyZ2V0TG9jYXRpb24iOjB9\u0026maxresults=6",
      "RequestMethod": "GET",
      "RequestHeaders": {
        "Accept": "application/json",
        "Accept-Encoding": "gzip, deflate",
        "Authorization": "Sanitized",
        "User-Agent": "azsdk-python-keyvault-secrets/4.4.0b4 Python/3.9.9 (Windows-10-10.0.22000-SP0)",
        "x-ms-client-request-id": "14a2ea64-a539-11ec-b9a3-a04a5ed0778b"
      },
      "RequestBody": null,
      "StatusCode": 200,
      "ResponseHeaders": {
        "Cache-Control": "no-cache",
        "Content-Length": "757",
        "Content-Type": "application/json; charset=utf-8",
        "Date": "Wed, 16 Mar 2022 14:55:12 GMT",
        "Expires": "-1",
        "Pragma": "no-cache",
        "Strict-Transport-Security": "max-age=31536000;includeSubDomains",
        "X-Content-Type-Options": "nosniff",
        "x-ms-client-request-id": "14a2ea64-a539-11ec-b9a3-a04a5ed0778b",
        "x-ms-keyvault-network-info": "conn_type=Ipv4;addr=73.232.137.144;act_addr_fam=InterNetwork;",
        "x-ms-keyvault-rbac-assignment-id": "44e2fa9b-9219-5ede-a044-28bdaaea57b8",
        "x-ms-keyvault-rbac-cache": "ra_age=880;da_age=5213;rd_age=5213;brd_age=10655;ra_notif_age=1279;dec_lev=0;",
        "x-ms-keyvault-region": "westus2",
        "x-ms-keyvault-service-version": "1.9.291.1",
        "x-ms-request-id": "adeef577-0cfc-4cc5-8ed7-2396e683b85c",
        "X-Powered-By": "ASP.NET"
      },
      "ResponseBody": {
        "value": [
          {
            "id": "https://vaultname.vault.azure.net/secrets/livekvtestsecret-namecc433789",
            "attributes": {
              "enabled": true,
              "created": 1647442162,
              "updated": 1647442162,
              "recoveryLevel": "CustomizedRecoverable\u002BPurgeable",
              "recoverableDays": 7
            }
          },
          {
            "id": "https://vaultname.vault.azure.net/secrets/livekvtestsecret-namee78b365a",
            "attributes": {
              "enabled": true,
              "created": 1647441940,
              "updated": 1647441940,
              "recoveryLevel": "CustomizedRecoverable\u002BPurgeable",
              "recoverableDays": 7
            }
          }
        ],
        "nextLink": "https://vaultname.vault.azure.net:443/secrets?api-version=7.2\u0026$skiptoken=eyJOZXh0TWFya2VyIjoiMiExMDghTURBd01ETTJJWE5sWTNKbGRDOU1TVlpGUzFaVVJWTlVVMFZEVWtWVUxVNUJUVVZHUlVReE16ZEVOaUV3TURBd01qZ2hPVGs1T1MweE1pMHpNVlF5TXpvMU9UbzFPUzQ1T1RrNU9UazVXaUUtIiwiVGFyZ2V0TG9jYXRpb24iOjB9\u0026maxresults=6"
      }
    },
    {
      "RequestUri": "https://vaultname.vault.azure.net/secrets?api-version=7.2\u0026$skiptoken=eyJOZXh0TWFya2VyIjoiMiExMDghTURBd01ETTJJWE5sWTNKbGRDOU1TVlpGUzFaVVJWTlVVMFZEVWtWVUxVNUJUVVZHUlVReE16ZEVOaUV3TURBd01qZ2hPVGs1T1MweE1pMHpNVlF5TXpvMU9UbzFPUzQ1T1RrNU9UazVXaUUtIiwiVGFyZ2V0TG9jYXRpb24iOjB9\u0026maxresults=6",
      "RequestMethod": "GET",
      "RequestHeaders": {
        "Accept": "application/json",
        "Accept-Encoding": "gzip, deflate",
        "Authorization": "Sanitized",
        "User-Agent": "azsdk-python-keyvault-secrets/4.4.0b4 Python/3.9.9 (Windows-10-10.0.22000-SP0)",
        "x-ms-client-request-id": "14b783ef-a539-11ec-963e-a04a5ed0778b"
      },
      "RequestBody": null,
      "StatusCode": 200,
      "ResponseHeaders": {
        "Cache-Control": "no-cache",
        "Content-Length": "1624",
        "Content-Type": "application/json; charset=utf-8",
        "Date": "Wed, 16 Mar 2022 14:55:12 GMT",
        "Expires": "-1",
        "Pragma": "no-cache",
        "Strict-Transport-Security": "max-age=31536000;includeSubDomains",
        "X-Content-Type-Options": "nosniff",
        "x-ms-client-request-id": "14b783ef-a539-11ec-963e-a04a5ed0778b",
        "x-ms-keyvault-network-info": "conn_type=Ipv4;addr=73.232.137.144;act_addr_fam=InterNetwork;",
        "x-ms-keyvault-rbac-assignment-id": "44e2fa9b-9219-5ede-a044-28bdaaea57b8",
        "x-ms-keyvault-rbac-cache": "ra_age=880;da_age=5213;rd_age=5213;brd_age=10655;ra_notif_age=1279;dec_lev=0;",
        "x-ms-keyvault-region": "westus2",
        "x-ms-keyvault-service-version": "1.9.291.1",
        "x-ms-request-id": "71e85f21-dec3-4621-beb2-dd3e117c6942",
        "X-Powered-By": "ASP.NET"
      },
      "ResponseBody": {
        "value": [
          {
            "id": "https://vaultname.vault.azure.net/secrets/livekvtestsecret-namefed137d6",
            "attributes": {
              "enabled": true,
              "created": 1647442427,
              "updated": 1647442427,
              "recoveryLevel": "CustomizedRecoverable\u002BPurgeable",
              "recoverableDays": 7
            }
          },
          {
            "id": "https://vaultname.vault.azure.net/secrets/livekvtestsecret033e7384f",
            "attributes": {
              "enabled": true,
              "created": 1647441663,
              "updated": 1647441663,
              "recoveryLevel": "CustomizedRecoverable\u002BPurgeable",
              "recoverableDays": 7
            }
          },
          {
            "id": "https://vaultname.vault.azure.net/secrets/livekvtestsecret0521238ea",
            "attributes": {
              "enabled": true,
              "created": 1647442095,
              "updated": 1647442095,
              "recoveryLevel": "CustomizedRecoverable\u002BPurgeable",
              "recoverableDays": 7
            }
          },
          {
            "id": "https://vaultname.vault.azure.net/secrets/livekvtestsecret07715351d",
            "attributes": {
              "enabled": true,
              "created": 1647441669,
              "updated": 1647441669,
              "recoveryLevel": "CustomizedRecoverable\u002BPurgeable",
              "recoverableDays": 7
            }
          },
          {
            "id": "https://vaultname.vault.azure.net/secrets/livekvtestsecret0771e351e",
            "attributes": {
              "enabled": true,
              "created": 1647441667,
              "updated": 1647441667,
              "recoveryLevel": "CustomizedRecoverable\u002BPurgeable",
              "recoverableDays": 7
            }
          },
          {
            "id": "https://vaultname.vault.azure.net/secrets/livekvtestsecret07727351f",
            "attributes": {
              "enabled": true,
              "created": 1647441665,
              "updated": 1647441665,
              "recoveryLevel": "CustomizedRecoverable\u002BPurgeable",
              "recoverableDays": 7
            }
          }
        ],
        "nextLink": "https://vaultname.vault.azure.net:443/secrets?api-version=7.2\u0026$skiptoken=eyJOZXh0TWFya2VyIjoiMiExMDQhTURBd01ETXlJWE5sWTNKbGRDOU1TVlpGUzFaVVJWTlVVMFZEVWtWVU1EbEZRVEV6UVVORElUQXdNREF5T0NFNU9UazVMVEV5TFRNeFZESXpPalU1T2pVNUxqazVPVGs1T1RsYUlRLS0iLCJUYXJnZXRMb2NhdGlvbiI6MH0\u0026maxresults=6"
      }
    },
    {
      "RequestUri": "https://vaultname.vault.azure.net/secrets?api-version=7.2\u0026$skiptoken=eyJOZXh0TWFya2VyIjoiMiExMDQhTURBd01ETXlJWE5sWTNKbGRDOU1TVlpGUzFaVVJWTlVVMFZEVWtWVU1EbEZRVEV6UVVORElUQXdNREF5T0NFNU9UazVMVEV5TFRNeFZESXpPalU1T2pVNUxqazVPVGs1T1RsYUlRLS0iLCJUYXJnZXRMb2NhdGlvbiI6MH0\u0026maxresults=6",
      "RequestMethod": "GET",
      "RequestHeaders": {
        "Accept": "application/json",
        "Accept-Encoding": "gzip, deflate",
        "Authorization": "Sanitized",
        "User-Agent": "azsdk-python-keyvault-secrets/4.4.0b4 Python/3.9.9 (Windows-10-10.0.22000-SP0)",
        "x-ms-client-request-id": "14cb77bf-a539-11ec-8df4-a04a5ed0778b"
      },
      "RequestBody": null,
      "StatusCode": 200,
      "ResponseHeaders": {
        "Cache-Control": "no-cache",
        "Content-Length": "1620",
        "Content-Type": "application/json; charset=utf-8",
        "Date": "Wed, 16 Mar 2022 14:55:12 GMT",
        "Expires": "-1",
        "Pragma": "no-cache",
        "Strict-Transport-Security": "max-age=31536000;includeSubDomains",
        "X-Content-Type-Options": "nosniff",
        "x-ms-client-request-id": "14cb77bf-a539-11ec-8df4-a04a5ed0778b",
        "x-ms-keyvault-network-info": "conn_type=Ipv4;addr=73.232.137.144;act_addr_fam=InterNetwork;",
        "x-ms-keyvault-rbac-assignment-id": "44e2fa9b-9219-5ede-a044-28bdaaea57b8",
        "x-ms-keyvault-rbac-cache": "ra_age=880;da_age=5213;rd_age=5213;brd_age=10655;ra_notif_age=1279;dec_lev=0;",
        "x-ms-keyvault-region": "westus2",
        "x-ms-keyvault-service-version": "1.9.291.1",
        "x-ms-request-id": "04a59866-7889-4468-8d4b-f08aacf51af8",
        "X-Powered-By": "ASP.NET"
      },
      "ResponseBody": {
        "value": [
          {
            "id": "https://vaultname.vault.azure.net/secrets/livekvtestsecret09ea13acc",
            "attributes": {
              "enabled": true,
              "created": 1647442081,
              "updated": 1647442081,
              "recoveryLevel": "CustomizedRecoverable\u002BPurgeable",
              "recoverableDays": 7
            }
          },
          {
            "id": "https://vaultname.vault.azure.net/secrets/livekvtestsecret0cde7379a",
            "attributes": {
              "enabled": true,
              "created": 1647442091,
              "updated": 1647442091,
              "recoveryLevel": "CustomizedRecoverable\u002BPurgeable",
              "recoverableDays": 7
            }
          },
          {
            "id": "https://vaultname.vault.azure.net/secrets/livekvtestsecret0cdf0379b",
            "attributes": {
              "enabled": true,
              "created": 1647442088,
              "updated": 1647442088,
              "recoveryLevel": "CustomizedRecoverable\u002BPurgeable",
              "recoverableDays": 7
            }
          },
          {
            "id": "https://vaultname.vault.azure.net/secrets/livekvtestsecret0cdf9379c",
            "attributes": {
              "enabled": true,
              "created": 1647442085,
              "updated": 1647442085,
              "recoveryLevel": "CustomizedRecoverable\u002BPurgeable",
              "recoverableDays": 7
            }
          },
          {
            "id": "https://vaultname.vault.azure.net/secrets/livekvtestsecret0e9c6366d",
            "attributes": {
              "enabled": true,
              "created": 1647441672,
              "updated": 1647441672,
              "recoveryLevel": "CustomizedRecoverable\u002BPurgeable",
              "recoverableDays": 7
            }
          },
          {
            "id": "https://vaultname.vault.azure.net/secrets/livekvtestsecret133e7384f",
            "attributes": {
              "enabled": true,
              "created": 1647441663,
              "updated": 1647441663,
              "recoveryLevel": "CustomizedRecoverable\u002BPurgeable",
              "recoverableDays": 7
            }
          }
        ],
        "nextLink": "https://vaultname.vault.azure.net:443/secrets?api-version=7.2\u0026$skiptoken=eyJOZXh0TWFya2VyIjoiMiExMDQhTURBd01ETXlJWE5sWTNKbGRDOU1TVlpGUzFaVVJWTlVVMFZEVWtWVU1UVXlNVEl6T0VWQklUQXdNREF5T0NFNU9UazVMVEV5TFRNeFZESXpPalU1T2pVNUxqazVPVGs1T1RsYUlRLS0iLCJUYXJnZXRMb2NhdGlvbiI6MH0\u0026maxresults=6"
      }
    },
    {
      "RequestUri": "https://vaultname.vault.azure.net/secrets?api-version=7.2\u0026$skiptoken=eyJOZXh0TWFya2VyIjoiMiExMDQhTURBd01ETXlJWE5sWTNKbGRDOU1TVlpGUzFaVVJWTlVVMFZEVWtWVU1UVXlNVEl6T0VWQklUQXdNREF5T0NFNU9UazVMVEV5TFRNeFZESXpPalU1T2pVNUxqazVPVGs1T1RsYUlRLS0iLCJUYXJnZXRMb2NhdGlvbiI6MH0\u0026maxresults=6",
      "RequestMethod": "GET",
      "RequestHeaders": {
        "Accept": "application/json",
        "Accept-Encoding": "gzip, deflate",
        "Authorization": "Sanitized",
        "User-Agent": "azsdk-python-keyvault-secrets/4.4.0b4 Python/3.9.9 (Windows-10-10.0.22000-SP0)",
        "x-ms-client-request-id": "14dd5aec-a539-11ec-b61f-a04a5ed0778b"
      },
      "RequestBody": null,
      "StatusCode": 200,
      "ResponseHeaders": {
        "Cache-Control": "no-cache",
        "Content-Length": "1620",
        "Content-Type": "application/json; charset=utf-8",
        "Date": "Wed, 16 Mar 2022 14:55:12 GMT",
        "Expires": "-1",
        "Pragma": "no-cache",
        "Strict-Transport-Security": "max-age=31536000;includeSubDomains",
        "X-Content-Type-Options": "nosniff",
        "x-ms-client-request-id": "14dd5aec-a539-11ec-b61f-a04a5ed0778b",
        "x-ms-keyvault-network-info": "conn_type=Ipv4;addr=73.232.137.144;act_addr_fam=InterNetwork;",
        "x-ms-keyvault-rbac-assignment-id": "44e2fa9b-9219-5ede-a044-28bdaaea57b8",
        "x-ms-keyvault-rbac-cache": "ra_age=880;da_age=5213;rd_age=5213;brd_age=10655;ra_notif_age=1279;dec_lev=0;",
        "x-ms-keyvault-region": "westus2",
        "x-ms-keyvault-service-version": "1.9.291.1",
        "x-ms-request-id": "9418ec7a-0f1f-4401-90a5-fe774debeaaa",
        "X-Powered-By": "ASP.NET"
      },
      "ResponseBody": {
        "value": [
          {
            "id": "https://vaultname.vault.azure.net/secrets/livekvtestsecret1521238ea",
            "attributes": {
              "enabled": true,
              "created": 1647442095,
              "updated": 1647442095,
              "recoveryLevel": "CustomizedRecoverable\u002BPurgeable",
              "recoverableDays": 7
            }
          },
          {
            "id": "https://vaultname.vault.azure.net/secrets/livekvtestsecret17715351d",
            "attributes": {
              "enabled": true,
              "created": 1647441669,
              "updated": 1647441669,
              "recoveryLevel": "CustomizedRecoverable\u002BPurgeable",
              "recoverableDays": 7
            }
          },
          {
            "id": "https://vaultname.vault.azure.net/secrets/livekvtestsecret1771e351e",
            "attributes": {
              "enabled": true,
              "created": 1647441667,
              "updated": 1647441667,
              "recoveryLevel": "CustomizedRecoverable\u002BPurgeable",
              "recoverableDays": 7
            }
          },
          {
            "id": "https://vaultname.vault.azure.net/secrets/livekvtestsecret17727351f",
            "attributes": {
              "enabled": true,
              "created": 1647441665,
              "updated": 1647441665,
              "recoveryLevel": "CustomizedRecoverable\u002BPurgeable",
              "recoverableDays": 7
            }
          },
          {
            "id": "https://vaultname.vault.azure.net/secrets/livekvtestsecret19ea13acc",
            "attributes": {
              "enabled": true,
              "created": 1647442082,
              "updated": 1647442082,
              "recoveryLevel": "CustomizedRecoverable\u002BPurgeable",
              "recoverableDays": 7
            }
          },
          {
            "id": "https://vaultname.vault.azure.net/secrets/livekvtestsecret1cde7379a",
            "attributes": {
              "enabled": true,
              "created": 1647442092,
              "updated": 1647442092,
              "recoveryLevel": "CustomizedRecoverable\u002BPurgeable",
              "recoverableDays": 7
            }
          }
        ],
        "nextLink": "https://vaultname.vault.azure.net:443/secrets?api-version=7.2\u0026$skiptoken=eyJOZXh0TWFya2VyIjoiMiExMDQhTURBd01ETXlJWE5sWTNKbGRDOU1TVlpGUzFaVVJWTlVVMFZEVWtWVU1VTkVSakF6TnpsQ0lUQXdNREF5T0NFNU9UazVMVEV5TFRNeFZESXpPalU1T2pVNUxqazVPVGs1T1RsYUlRLS0iLCJUYXJnZXRMb2NhdGlvbiI6MH0\u0026maxresults=6"
      }
    },
    {
      "RequestUri": "https://vaultname.vault.azure.net/secrets?api-version=7.2\u0026$skiptoken=eyJOZXh0TWFya2VyIjoiMiExMDQhTURBd01ETXlJWE5sWTNKbGRDOU1TVlpGUzFaVVJWTlVVMFZEVWtWVU1VTkVSakF6TnpsQ0lUQXdNREF5T0NFNU9UazVMVEV5TFRNeFZESXpPalU1T2pVNUxqazVPVGs1T1RsYUlRLS0iLCJUYXJnZXRMb2NhdGlvbiI6MH0\u0026maxresults=6",
      "RequestMethod": "GET",
      "RequestHeaders": {
        "Accept": "application/json",
        "Accept-Encoding": "gzip, deflate",
        "Authorization": "Sanitized",
        "User-Agent": "azsdk-python-keyvault-secrets/4.4.0b4 Python/3.9.9 (Windows-10-10.0.22000-SP0)",
        "x-ms-client-request-id": "14f0dfbd-a539-11ec-90ca-a04a5ed0778b"
      },
      "RequestBody": null,
      "StatusCode": 200,
      "ResponseHeaders": {
        "Cache-Control": "no-cache",
        "Content-Length": "1620",
        "Content-Type": "application/json; charset=utf-8",
        "Date": "Wed, 16 Mar 2022 14:55:12 GMT",
        "Expires": "-1",
        "Pragma": "no-cache",
        "Strict-Transport-Security": "max-age=31536000;includeSubDomains",
        "X-Content-Type-Options": "nosniff",
        "x-ms-client-request-id": "14f0dfbd-a539-11ec-90ca-a04a5ed0778b",
        "x-ms-keyvault-network-info": "conn_type=Ipv4;addr=73.232.137.144;act_addr_fam=InterNetwork;",
        "x-ms-keyvault-rbac-assignment-id": "44e2fa9b-9219-5ede-a044-28bdaaea57b8",
        "x-ms-keyvault-rbac-cache": "ra_age=880;da_age=5214;rd_age=5214;brd_age=10655;ra_notif_age=1279;dec_lev=0;",
        "x-ms-keyvault-region": "westus2",
        "x-ms-keyvault-service-version": "1.9.291.1",
        "x-ms-request-id": "c968d394-50f4-4d7b-81a4-4d9619a05ed4",
        "X-Powered-By": "ASP.NET"
      },
      "ResponseBody": {
        "value": [
          {
            "id": "https://vaultname.vault.azure.net/secrets/livekvtestsecret1cdf0379b",
            "attributes": {
              "enabled": true,
              "created": 1647442088,
              "updated": 1647442088,
              "recoveryLevel": "CustomizedRecoverable\u002BPurgeable",
              "recoverableDays": 7
            }
          },
          {
            "id": "https://vaultname.vault.azure.net/secrets/livekvtestsecret1cdf9379c",
            "attributes": {
              "enabled": true,
              "created": 1647442085,
              "updated": 1647442085,
              "recoveryLevel": "CustomizedRecoverable\u002BPurgeable",
              "recoverableDays": 7
            }
          },
          {
            "id": "https://vaultname.vault.azure.net/secrets/livekvtestsecret1e9c6366d",
            "attributes": {
              "enabled": true,
              "created": 1647441672,
              "updated": 1647441672,
              "recoveryLevel": "CustomizedRecoverable\u002BPurgeable",
              "recoverableDays": 7
            }
          },
          {
            "id": "https://vaultname.vault.azure.net/secrets/livekvtestsecret233e7384f",
            "attributes": {
              "enabled": true,
              "created": 1647441663,
              "updated": 1647441663,
              "recoveryLevel": "CustomizedRecoverable\u002BPurgeable",
              "recoverableDays": 7
            }
          },
          {
            "id": "https://vaultname.vault.azure.net/secrets/livekvtestsecret2521238ea",
            "attributes": {
              "enabled": true,
              "created": 1647442095,
              "updated": 1647442095,
              "recoveryLevel": "CustomizedRecoverable\u002BPurgeable",
              "recoverableDays": 7
            }
          },
          {
            "id": "https://vaultname.vault.azure.net/secrets/livekvtestsecret27715351d",
            "attributes": {
              "enabled": true,
              "created": 1647441669,
              "updated": 1647441669,
              "recoveryLevel": "CustomizedRecoverable\u002BPurgeable",
              "recoverableDays": 7
            }
          }
        ],
        "nextLink": "https://vaultname.vault.azure.net:443/secrets?api-version=7.2\u0026$skiptoken=eyJOZXh0TWFya2VyIjoiMiExMDQhTURBd01ETXlJWE5sWTNKbGRDOU1TVlpGUzFaVVJWTlVVMFZEVWtWVU1qYzNNVVV6TlRGRklUQXdNREF5T0NFNU9UazVMVEV5TFRNeFZESXpPalU1T2pVNUxqazVPVGs1T1RsYUlRLS0iLCJUYXJnZXRMb2NhdGlvbiI6MH0\u0026maxresults=6"
      }
    },
    {
      "RequestUri": "https://vaultname.vault.azure.net/secrets?api-version=7.2\u0026$skiptoken=eyJOZXh0TWFya2VyIjoiMiExMDQhTURBd01ETXlJWE5sWTNKbGRDOU1TVlpGUzFaVVJWTlVVMFZEVWtWVU1qYzNNVVV6TlRGRklUQXdNREF5T0NFNU9UazVMVEV5TFRNeFZESXpPalU1T2pVNUxqazVPVGs1T1RsYUlRLS0iLCJUYXJnZXRMb2NhdGlvbiI6MH0\u0026maxresults=6",
      "RequestMethod": "GET",
      "RequestHeaders": {
        "Accept": "application/json",
        "Accept-Encoding": "gzip, deflate",
        "Authorization": "Sanitized",
        "User-Agent": "azsdk-python-keyvault-secrets/4.4.0b4 Python/3.9.9 (Windows-10-10.0.22000-SP0)",
        "x-ms-client-request-id": "1503551c-a539-11ec-9b53-a04a5ed0778b"
      },
      "RequestBody": null,
      "StatusCode": 200,
      "ResponseHeaders": {
        "Cache-Control": "no-cache",
        "Content-Length": "1620",
        "Content-Type": "application/json; charset=utf-8",
        "Date": "Wed, 16 Mar 2022 14:55:12 GMT",
        "Expires": "-1",
        "Pragma": "no-cache",
        "Strict-Transport-Security": "max-age=31536000;includeSubDomains",
        "X-Content-Type-Options": "nosniff",
        "x-ms-client-request-id": "1503551c-a539-11ec-9b53-a04a5ed0778b",
        "x-ms-keyvault-network-info": "conn_type=Ipv4;addr=73.232.137.144;act_addr_fam=InterNetwork;",
        "x-ms-keyvault-rbac-assignment-id": "44e2fa9b-9219-5ede-a044-28bdaaea57b8",
        "x-ms-keyvault-rbac-cache": "ra_age=880;da_age=5214;rd_age=5214;brd_age=10655;ra_notif_age=1279;dec_lev=0;",
        "x-ms-keyvault-region": "westus2",
        "x-ms-keyvault-service-version": "1.9.291.1",
        "x-ms-request-id": "6a151111-1c38-4515-b3c5-a948aa482dd4",
        "X-Powered-By": "ASP.NET"
      },
      "ResponseBody": {
        "value": [
          {
            "id": "https://vaultname.vault.azure.net/secrets/livekvtestsecret2771e351e",
            "attributes": {
              "enabled": true,
              "created": 1647441667,
              "updated": 1647441667,
              "recoveryLevel": "CustomizedRecoverable\u002BPurgeable",
              "recoverableDays": 7
            }
          },
          {
            "id": "https://vaultname.vault.azure.net/secrets/livekvtestsecret27727351f",
            "attributes": {
              "enabled": true,
              "created": 1647441665,
              "updated": 1647441665,
              "recoveryLevel": "CustomizedRecoverable\u002BPurgeable",
              "recoverableDays": 7
            }
          },
          {
            "id": "https://vaultname.vault.azure.net/secrets/livekvtestsecret29ea13acc",
            "attributes": {
              "enabled": true,
              "created": 1647442082,
              "updated": 1647442082,
              "recoveryLevel": "CustomizedRecoverable\u002BPurgeable",
              "recoverableDays": 7
            }
          },
          {
            "id": "https://vaultname.vault.azure.net/secrets/livekvtestsecret2cde7379a",
            "attributes": {
              "enabled": true,
              "created": 1647442092,
              "updated": 1647442092,
              "recoveryLevel": "CustomizedRecoverable\u002BPurgeable",
              "recoverableDays": 7
            }
          },
          {
            "id": "https://vaultname.vault.azure.net/secrets/livekvtestsecret2cdf0379b",
            "attributes": {
              "enabled": true,
              "created": 1647442088,
              "updated": 1647442088,
              "recoveryLevel": "CustomizedRecoverable\u002BPurgeable",
              "recoverableDays": 7
            }
          },
          {
            "id": "https://vaultname.vault.azure.net/secrets/livekvtestsecret2cdf9379c",
            "attributes": {
              "enabled": true,
              "created": 1647442085,
              "updated": 1647442085,
              "recoveryLevel": "CustomizedRecoverable\u002BPurgeable",
              "recoverableDays": 7
            }
          }
        ],
        "nextLink": "https://vaultname.vault.azure.net:443/secrets?api-version=7.2\u0026$skiptoken=eyJOZXh0TWFya2VyIjoiMiExMDQhTURBd01ETXlJWE5sWTNKbGRDOU1TVlpGUzFaVVJWTlVVMFZEVWtWVU1rVTVRell6TmpaRUlUQXdNREF5T0NFNU9UazVMVEV5TFRNeFZESXpPalU1T2pVNUxqazVPVGs1T1RsYUlRLS0iLCJUYXJnZXRMb2NhdGlvbiI6MH0\u0026maxresults=6"
      }
    },
    {
      "RequestUri": "https://vaultname.vault.azure.net/secrets?api-version=7.2\u0026$skiptoken=eyJOZXh0TWFya2VyIjoiMiExMDQhTURBd01ETXlJWE5sWTNKbGRDOU1TVlpGUzFaVVJWTlVVMFZEVWtWVU1rVTVRell6TmpaRUlUQXdNREF5T0NFNU9UazVMVEV5TFRNeFZESXpPalU1T2pVNUxqazVPVGs1T1RsYUlRLS0iLCJUYXJnZXRMb2NhdGlvbiI6MH0\u0026maxresults=6",
      "RequestMethod": "GET",
      "RequestHeaders": {
        "Accept": "application/json",
        "Accept-Encoding": "gzip, deflate",
        "Authorization": "Sanitized",
        "User-Agent": "azsdk-python-keyvault-secrets/4.4.0b4 Python/3.9.9 (Windows-10-10.0.22000-SP0)",
        "x-ms-client-request-id": "152b6341-a539-11ec-ba38-a04a5ed0778b"
      },
      "RequestBody": null,
      "StatusCode": 200,
      "ResponseHeaders": {
        "Cache-Control": "no-cache",
        "Content-Length": "1620",
        "Content-Type": "application/json; charset=utf-8",
        "Date": "Wed, 16 Mar 2022 14:55:13 GMT",
        "Expires": "-1",
        "Pragma": "no-cache",
        "Strict-Transport-Security": "max-age=31536000;includeSubDomains",
        "X-Content-Type-Options": "nosniff",
        "x-ms-client-request-id": "152b6341-a539-11ec-ba38-a04a5ed0778b",
        "x-ms-keyvault-network-info": "conn_type=Ipv4;addr=73.232.137.144;act_addr_fam=InterNetwork;",
        "x-ms-keyvault-rbac-assignment-id": "44e2fa9b-9219-5ede-a044-28bdaaea57b8",
        "x-ms-keyvault-rbac-cache": "ra_age=881;da_age=5214;rd_age=5214;brd_age=10656;ra_notif_age=1280;dec_lev=0;",
        "x-ms-keyvault-region": "westus2",
        "x-ms-keyvault-service-version": "1.9.291.1",
        "x-ms-request-id": "36fc844a-a8d7-48d6-a711-8737f17b2e46",
        "X-Powered-By": "ASP.NET"
      },
      "ResponseBody": {
        "value": [
          {
            "id": "https://vaultname.vault.azure.net/secrets/livekvtestsecret2e9c6366d",
            "attributes": {
              "enabled": true,
              "created": 1647441672,
              "updated": 1647441672,
              "recoveryLevel": "CustomizedRecoverable\u002BPurgeable",
              "recoverableDays": 7
            }
          },
          {
            "id": "https://vaultname.vault.azure.net/secrets/livekvtestsecret333e7384f",
            "attributes": {
              "enabled": true,
              "created": 1647441663,
              "updated": 1647441663,
              "recoveryLevel": "CustomizedRecoverable\u002BPurgeable",
              "recoverableDays": 7
            }
          },
          {
            "id": "https://vaultname.vault.azure.net/secrets/livekvtestsecret3521238ea",
            "attributes": {
              "enabled": true,
              "created": 1647442095,
              "updated": 1647442095,
              "recoveryLevel": "CustomizedRecoverable\u002BPurgeable",
              "recoverableDays": 7
            }
          },
          {
            "id": "https://vaultname.vault.azure.net/secrets/livekvtestsecret37715351d",
            "attributes": {
              "enabled": true,
              "created": 1647441670,
              "updated": 1647441670,
              "recoveryLevel": "CustomizedRecoverable\u002BPurgeable",
              "recoverableDays": 7
            }
          },
          {
            "id": "https://vaultname.vault.azure.net/secrets/livekvtestsecret3771e351e",
            "attributes": {
              "enabled": true,
              "created": 1647441667,
              "updated": 1647441667,
              "recoveryLevel": "CustomizedRecoverable\u002BPurgeable",
              "recoverableDays": 7
            }
          },
          {
            "id": "https://vaultname.vault.azure.net/secrets/livekvtestsecret37727351f",
            "attributes": {
              "enabled": true,
              "created": 1647441665,
              "updated": 1647441665,
              "recoveryLevel": "CustomizedRecoverable\u002BPurgeable",
              "recoverableDays": 7
            }
          }
        ],
        "nextLink": "https://vaultname.vault.azure.net:443/secrets?api-version=7.2\u0026$skiptoken=eyJOZXh0TWFya2VyIjoiMiExMDQhTURBd01ETXlJWE5sWTNKbGRDOU1TVlpGUzFaVVJWTlVVMFZEVWtWVU16bEZRVEV6UVVORElUQXdNREF5T0NFNU9UazVMVEV5TFRNeFZESXpPalU1T2pVNUxqazVPVGs1T1RsYUlRLS0iLCJUYXJnZXRMb2NhdGlvbiI6MH0\u0026maxresults=6"
      }
    },
    {
      "RequestUri": "https://vaultname.vault.azure.net/secrets?api-version=7.2\u0026$skiptoken=eyJOZXh0TWFya2VyIjoiMiExMDQhTURBd01ETXlJWE5sWTNKbGRDOU1TVlpGUzFaVVJWTlVVMFZEVWtWVU16bEZRVEV6UVVORElUQXdNREF5T0NFNU9UazVMVEV5TFRNeFZESXpPalU1T2pVNUxqazVPVGs1T1RsYUlRLS0iLCJUYXJnZXRMb2NhdGlvbiI6MH0\u0026maxresults=6",
      "RequestMethod": "GET",
      "RequestHeaders": {
        "Accept": "application/json",
        "Accept-Encoding": "gzip, deflate",
        "Authorization": "Sanitized",
        "User-Agent": "azsdk-python-keyvault-secrets/4.4.0b4 Python/3.9.9 (Windows-10-10.0.22000-SP0)",
        "x-ms-client-request-id": "153ee293-a539-11ec-89e7-a04a5ed0778b"
      },
      "RequestBody": null,
      "StatusCode": 200,
      "ResponseHeaders": {
        "Cache-Control": "no-cache",
        "Content-Length": "1620",
        "Content-Type": "application/json; charset=utf-8",
        "Date": "Wed, 16 Mar 2022 14:55:13 GMT",
        "Expires": "-1",
        "Pragma": "no-cache",
        "Strict-Transport-Security": "max-age=31536000;includeSubDomains",
        "X-Content-Type-Options": "nosniff",
        "x-ms-client-request-id": "153ee293-a539-11ec-89e7-a04a5ed0778b",
        "x-ms-keyvault-network-info": "conn_type=Ipv4;addr=73.232.137.144;act_addr_fam=InterNetwork;",
        "x-ms-keyvault-rbac-assignment-id": "44e2fa9b-9219-5ede-a044-28bdaaea57b8",
        "x-ms-keyvault-rbac-cache": "ra_age=881;da_age=5214;rd_age=5214;brd_age=10656;ra_notif_age=1280;dec_lev=0;",
        "x-ms-keyvault-region": "westus2",
        "x-ms-keyvault-service-version": "1.9.291.1",
        "x-ms-request-id": "07ec1992-2438-42aa-85c8-ad17ec8a1e13",
        "X-Powered-By": "ASP.NET"
      },
      "ResponseBody": {
        "value": [
          {
            "id": "https://vaultname.vault.azure.net/secrets/livekvtestsecret39ea13acc",
            "attributes": {
              "enabled": true,
              "created": 1647442082,
              "updated": 1647442082,
              "recoveryLevel": "CustomizedRecoverable\u002BPurgeable",
              "recoverableDays": 7
            }
          },
          {
            "id": "https://vaultname.vault.azure.net/secrets/livekvtestsecret3cde7379a",
            "attributes": {
              "enabled": true,
              "created": 1647442092,
              "updated": 1647442092,
              "recoveryLevel": "CustomizedRecoverable\u002BPurgeable",
              "recoverableDays": 7
            }
          },
          {
            "id": "https://vaultname.vault.azure.net/secrets/livekvtestsecret3cdf0379b",
            "attributes": {
              "enabled": true,
              "created": 1647442088,
              "updated": 1647442088,
              "recoveryLevel": "CustomizedRecoverable\u002BPurgeable",
              "recoverableDays": 7
            }
          },
          {
            "id": "https://vaultname.vault.azure.net/secrets/livekvtestsecret3cdf9379c",
            "attributes": {
              "enabled": true,
              "created": 1647442085,
              "updated": 1647442085,
              "recoveryLevel": "CustomizedRecoverable\u002BPurgeable",
              "recoverableDays": 7
            }
          },
          {
            "id": "https://vaultname.vault.azure.net/secrets/livekvtestsecret3e9c6366d",
            "attributes": {
              "enabled": true,
              "created": 1647441672,
              "updated": 1647441672,
              "recoveryLevel": "CustomizedRecoverable\u002BPurgeable",
              "recoverableDays": 7
            }
          },
          {
            "id": "https://vaultname.vault.azure.net/secrets/livekvtestsecret433e7384f",
            "attributes": {
              "enabled": true,
              "created": 1647441663,
              "updated": 1647441663,
              "recoveryLevel": "CustomizedRecoverable\u002BPurgeable",
              "recoverableDays": 7
            }
          }
        ],
        "nextLink": "https://vaultname.vault.azure.net:443/secrets?api-version=7.2\u0026$skiptoken=eyJOZXh0TWFya2VyIjoiMiExMDQhTURBd01ETXlJWE5sWTNKbGRDOU1TVlpGUzFaVVJWTlVVMFZEVWtWVU5EVXlNVEl6T0VWQklUQXdNREF5T0NFNU9UazVMVEV5TFRNeFZESXpPalU1T2pVNUxqazVPVGs1T1RsYUlRLS0iLCJUYXJnZXRMb2NhdGlvbiI6MH0\u0026maxresults=6"
      }
    },
    {
      "RequestUri": "https://vaultname.vault.azure.net/secrets?api-version=7.2\u0026$skiptoken=eyJOZXh0TWFya2VyIjoiMiExMDQhTURBd01ETXlJWE5sWTNKbGRDOU1TVlpGUzFaVVJWTlVVMFZEVWtWVU5EVXlNVEl6T0VWQklUQXdNREF5T0NFNU9UazVMVEV5TFRNeFZESXpPalU1T2pVNUxqazVPVGs1T1RsYUlRLS0iLCJUYXJnZXRMb2NhdGlvbiI6MH0\u0026maxresults=6",
      "RequestMethod": "GET",
      "RequestHeaders": {
        "Accept": "application/json",
        "Accept-Encoding": "gzip, deflate",
        "Authorization": "Sanitized",
        "User-Agent": "azsdk-python-keyvault-secrets/4.4.0b4 Python/3.9.9 (Windows-10-10.0.22000-SP0)",
        "x-ms-client-request-id": "1553f09f-a539-11ec-bf6f-a04a5ed0778b"
      },
      "RequestBody": null,
      "StatusCode": 200,
      "ResponseHeaders": {
        "Cache-Control": "no-cache",
        "Content-Length": "1619",
        "Content-Type": "application/json; charset=utf-8",
        "Date": "Wed, 16 Mar 2022 14:55:13 GMT",
        "Expires": "-1",
        "Pragma": "no-cache",
        "Strict-Transport-Security": "max-age=31536000;includeSubDomains",
        "X-Content-Type-Options": "nosniff",
        "x-ms-client-request-id": "1553f09f-a539-11ec-bf6f-a04a5ed0778b",
        "x-ms-keyvault-network-info": "conn_type=Ipv4;addr=73.232.137.144;act_addr_fam=InterNetwork;",
        "x-ms-keyvault-rbac-assignment-id": "44e2fa9b-9219-5ede-a044-28bdaaea57b8",
        "x-ms-keyvault-rbac-cache": "ra_age=881;da_age=5214;rd_age=5214;brd_age=10656;ra_notif_age=1280;dec_lev=0;",
        "x-ms-keyvault-region": "westus2",
        "x-ms-keyvault-service-version": "1.9.291.1",
        "x-ms-request-id": "f07dead7-522f-4fb9-a553-db462deb9512",
        "X-Powered-By": "ASP.NET"
      },
      "ResponseBody": {
        "value": [
          {
            "id": "https://vaultname.vault.azure.net/secrets/livekvtestsecret4521238ea",
            "attributes": {
              "enabled": true,
              "created": 1647442096,
              "updated": 1647442096,
              "recoveryLevel": "CustomizedRecoverable\u002BPurgeable",
              "recoverableDays": 7
            }
          },
          {
            "id": "https://vaultname.vault.azure.net/secrets/livekvtestsecret47715351d",
            "attributes": {
              "enabled": true,
              "created": 1647441670,
              "updated": 1647441670,
              "recoveryLevel": "CustomizedRecoverable\u002BPurgeable",
              "recoverableDays": 7
            }
          },
          {
            "id": "https://vaultname.vault.azure.net/secrets/livekvtestsecret4771e351e",
            "attributes": {
              "enabled": true,
              "created": 1647441667,
              "updated": 1647441667,
              "recoveryLevel": "CustomizedRecoverable\u002BPurgeable",
              "recoverableDays": 7
            }
          },
          {
            "id": "https://vaultname.vault.azure.net/secrets/livekvtestsecret47727351f",
            "attributes": {
              "enabled": true,
              "created": 1647441665,
              "updated": 1647441665,
              "recoveryLevel": "CustomizedRecoverable\u002BPurgeable",
              "recoverableDays": 7
            }
          },
          {
            "id": "https://vaultname.vault.azure.net/secrets/livekvtestsecret47f3309a",
            "attributes": {
              "enabled": true,
              "created": 1647441632,
              "updated": 1647441632,
              "recoveryLevel": "CustomizedRecoverable\u002BPurgeable",
              "recoverableDays": 7
            }
          },
          {
            "id": "https://vaultname.vault.azure.net/secrets/livekvtestsecret49ea13acc",
            "attributes": {
              "enabled": true,
              "created": 1647442082,
              "updated": 1647442082,
              "recoveryLevel": "CustomizedRecoverable\u002BPurgeable",
              "recoverableDays": 7
            }
          }
        ],
        "nextLink": "https://vaultname.vault.azure.net:443/secrets?api-version=7.2\u0026$skiptoken=eyJOZXh0TWFya2VyIjoiMiExMDQhTURBd01ETXlJWE5sWTNKbGRDOU1TVlpGUzFaVVJWTlVVMFZEVWtWVU5FTkVSVGN6TnpsQklUQXdNREF5T0NFNU9UazVMVEV5TFRNeFZESXpPalU1T2pVNUxqazVPVGs1T1RsYUlRLS0iLCJUYXJnZXRMb2NhdGlvbiI6MH0\u0026maxresults=6"
      }
    },
    {
      "RequestUri": "https://vaultname.vault.azure.net/secrets?api-version=7.2\u0026$skiptoken=eyJOZXh0TWFya2VyIjoiMiExMDQhTURBd01ETXlJWE5sWTNKbGRDOU1TVlpGUzFaVVJWTlVVMFZEVWtWVU5FTkVSVGN6TnpsQklUQXdNREF5T0NFNU9UazVMVEV5TFRNeFZESXpPalU1T2pVNUxqazVPVGs1T1RsYUlRLS0iLCJUYXJnZXRMb2NhdGlvbiI6MH0\u0026maxresults=6",
      "RequestMethod": "GET",
      "RequestHeaders": {
        "Accept": "application/json",
        "Accept-Encoding": "gzip, deflate",
        "Authorization": "Sanitized",
        "User-Agent": "azsdk-python-keyvault-secrets/4.4.0b4 Python/3.9.9 (Windows-10-10.0.22000-SP0)",
        "x-ms-client-request-id": "1567fb80-a539-11ec-8d8e-a04a5ed0778b"
      },
      "RequestBody": null,
      "StatusCode": 200,
      "ResponseHeaders": {
        "Cache-Control": "no-cache",
        "Content-Length": "1620",
        "Content-Type": "application/json; charset=utf-8",
        "Date": "Wed, 16 Mar 2022 14:55:13 GMT",
        "Expires": "-1",
        "Pragma": "no-cache",
        "Strict-Transport-Security": "max-age=31536000;includeSubDomains",
        "X-Content-Type-Options": "nosniff",
        "x-ms-client-request-id": "1567fb80-a539-11ec-8d8e-a04a5ed0778b",
        "x-ms-keyvault-network-info": "conn_type=Ipv4;addr=73.232.137.144;act_addr_fam=InterNetwork;",
        "x-ms-keyvault-rbac-assignment-id": "44e2fa9b-9219-5ede-a044-28bdaaea57b8",
        "x-ms-keyvault-rbac-cache": "ra_age=881;da_age=5214;rd_age=5214;brd_age=10656;ra_notif_age=1280;dec_lev=0;",
        "x-ms-keyvault-region": "westus2",
        "x-ms-keyvault-service-version": "1.9.291.1",
        "x-ms-request-id": "1cffd556-6ed9-4f86-8aa3-0d1ba5cb7a45",
        "X-Powered-By": "ASP.NET"
      },
      "ResponseBody": {
        "value": [
          {
            "id": "https://vaultname.vault.azure.net/secrets/livekvtestsecret4cde7379a",
            "attributes": {
              "enabled": true,
              "created": 1647442092,
              "updated": 1647442092,
              "recoveryLevel": "CustomizedRecoverable\u002BPurgeable",
              "recoverableDays": 7
            }
          },
          {
            "id": "https://vaultname.vault.azure.net/secrets/livekvtestsecret4cdf0379b",
            "attributes": {
              "enabled": true,
              "created": 1647442089,
              "updated": 1647442089,
              "recoveryLevel": "CustomizedRecoverable\u002BPurgeable",
              "recoverableDays": 7
            }
          },
          {
            "id": "https://vaultname.vault.azure.net/secrets/livekvtestsecret4cdf9379c",
            "attributes": {
              "enabled": true,
              "created": 1647442085,
              "updated": 1647442085,
              "recoveryLevel": "CustomizedRecoverable\u002BPurgeable",
              "recoverableDays": 7
            }
          },
          {
            "id": "https://vaultname.vault.azure.net/secrets/livekvtestsecret4e9c6366d",
            "attributes": {
              "enabled": true,
              "created": 1647441672,
              "updated": 1647441672,
              "recoveryLevel": "CustomizedRecoverable\u002BPurgeable",
              "recoverableDays": 7
            }
          },
          {
            "id": "https://vaultname.vault.azure.net/secrets/livekvtestsecret533e7384f",
            "attributes": {
              "enabled": true,
              "created": 1647441663,
              "updated": 1647441663,
              "recoveryLevel": "CustomizedRecoverable\u002BPurgeable",
              "recoverableDays": 7
            }
          },
          {
            "id": "https://vaultname.vault.azure.net/secrets/livekvtestsecret5521238ea",
            "attributes": {
              "enabled": true,
              "created": 1647442096,
              "updated": 1647442096,
              "recoveryLevel": "CustomizedRecoverable\u002BPurgeable",
              "recoverableDays": 7
            }
          }
        ],
        "nextLink": "https://vaultname.vault.azure.net:443/secrets?api-version=7.2\u0026$skiptoken=eyJOZXh0TWFya2VyIjoiMiExMDQhTURBd01ETXlJWE5sWTNKbGRDOU1TVlpGUzFaVVJWTlVVMFZEVWtWVU5UYzNNVFV6TlRGRUlUQXdNREF5T0NFNU9UazVMVEV5TFRNeFZESXpPalU1T2pVNUxqazVPVGs1T1RsYUlRLS0iLCJUYXJnZXRMb2NhdGlvbiI6MH0\u0026maxresults=6"
      }
    },
    {
      "RequestUri": "https://vaultname.vault.azure.net/secrets?api-version=7.2\u0026$skiptoken=eyJOZXh0TWFya2VyIjoiMiExMDQhTURBd01ETXlJWE5sWTNKbGRDOU1TVlpGUzFaVVJWTlVVMFZEVWtWVU5UYzNNVFV6TlRGRUlUQXdNREF5T0NFNU9UazVMVEV5TFRNeFZESXpPalU1T2pVNUxqazVPVGs1T1RsYUlRLS0iLCJUYXJnZXRMb2NhdGlvbiI6MH0\u0026maxresults=6",
      "RequestMethod": "GET",
      "RequestHeaders": {
        "Accept": "application/json",
        "Accept-Encoding": "gzip, deflate",
        "Authorization": "Sanitized",
        "User-Agent": "azsdk-python-keyvault-secrets/4.4.0b4 Python/3.9.9 (Windows-10-10.0.22000-SP0)",
        "x-ms-client-request-id": "157c054e-a539-11ec-870a-a04a5ed0778b"
      },
      "RequestBody": null,
      "StatusCode": 200,
      "ResponseHeaders": {
        "Cache-Control": "no-cache",
        "Content-Length": "1620",
        "Content-Type": "application/json; charset=utf-8",
        "Date": "Wed, 16 Mar 2022 14:55:13 GMT",
        "Expires": "-1",
        "Pragma": "no-cache",
        "Strict-Transport-Security": "max-age=31536000;includeSubDomains",
        "X-Content-Type-Options": "nosniff",
        "x-ms-client-request-id": "157c054e-a539-11ec-870a-a04a5ed0778b",
        "x-ms-keyvault-network-info": "conn_type=Ipv4;addr=73.232.137.144;act_addr_fam=InterNetwork;",
        "x-ms-keyvault-rbac-assignment-id": "44e2fa9b-9219-5ede-a044-28bdaaea57b8",
        "x-ms-keyvault-rbac-cache": "ra_age=881;da_age=5215;rd_age=5215;brd_age=10656;ra_notif_age=1280;dec_lev=0;",
        "x-ms-keyvault-region": "westus2",
        "x-ms-keyvault-service-version": "1.9.291.1",
        "x-ms-request-id": "f849cbf5-0160-4b45-8d23-a54b5bb68395",
        "X-Powered-By": "ASP.NET"
      },
      "ResponseBody": {
        "value": [
          {
            "id": "https://vaultname.vault.azure.net/secrets/livekvtestsecret57715351d",
            "attributes": {
              "enabled": true,
              "created": 1647441670,
              "updated": 1647441670,
              "recoveryLevel": "CustomizedRecoverable\u002BPurgeable",
              "recoverableDays": 7
            }
          },
          {
            "id": "https://vaultname.vault.azure.net/secrets/livekvtestsecret5771e351e",
            "attributes": {
              "enabled": true,
              "created": 1647441668,
              "updated": 1647441668,
              "recoveryLevel": "CustomizedRecoverable\u002BPurgeable",
              "recoverableDays": 7
            }
          },
          {
            "id": "https://vaultname.vault.azure.net/secrets/livekvtestsecret57727351f",
            "attributes": {
              "enabled": true,
              "created": 1647441665,
              "updated": 1647441665,
              "recoveryLevel": "CustomizedRecoverable\u002BPurgeable",
              "recoverableDays": 7
            }
          },
          {
            "id": "https://vaultname.vault.azure.net/secrets/livekvtestsecret59ea13acc",
            "attributes": {
              "enabled": true,
              "created": 1647442082,
              "updated": 1647442082,
              "recoveryLevel": "CustomizedRecoverable\u002BPurgeable",
              "recoverableDays": 7
            }
          },
          {
            "id": "https://vaultname.vault.azure.net/secrets/livekvtestsecret5cde7379a",
            "attributes": {
              "enabled": true,
              "created": 1647442092,
              "updated": 1647442092,
              "recoveryLevel": "CustomizedRecoverable\u002BPurgeable",
              "recoverableDays": 7
            }
          },
          {
            "id": "https://vaultname.vault.azure.net/secrets/livekvtestsecret5cdf0379b",
            "attributes": {
              "enabled": true,
              "created": 1647442089,
              "updated": 1647442089,
              "recoveryLevel": "CustomizedRecoverable\u002BPurgeable",
              "recoverableDays": 7
            }
          }
        ],
        "nextLink": "https://vaultname.vault.azure.net:443/secrets?api-version=7.2\u0026$skiptoken=eyJOZXh0TWFya2VyIjoiMiExMDQhTURBd01ETXlJWE5sWTNKbGRDOU1TVlpGUzFaVVJWTlVVMFZEVWtWVU5VTkVSamt6TnpsRElUQXdNREF5T0NFNU9UazVMVEV5TFRNeFZESXpPalU1T2pVNUxqazVPVGs1T1RsYUlRLS0iLCJUYXJnZXRMb2NhdGlvbiI6MH0\u0026maxresults=6"
      }
    },
    {
      "RequestUri": "https://vaultname.vault.azure.net/secrets?api-version=7.2\u0026$skiptoken=eyJOZXh0TWFya2VyIjoiMiExMDQhTURBd01ETXlJWE5sWTNKbGRDOU1TVlpGUzFaVVJWTlVVMFZEVWtWVU5VTkVSamt6TnpsRElUQXdNREF5T0NFNU9UazVMVEV5TFRNeFZESXpPalU1T2pVNUxqazVPVGs1T1RsYUlRLS0iLCJUYXJnZXRMb2NhdGlvbiI6MH0\u0026maxresults=6",
      "RequestMethod": "GET",
      "RequestHeaders": {
        "Accept": "application/json",
        "Accept-Encoding": "gzip, deflate",
        "Authorization": "Sanitized",
        "User-Agent": "azsdk-python-keyvault-secrets/4.4.0b4 Python/3.9.9 (Windows-10-10.0.22000-SP0)",
        "x-ms-client-request-id": "158ebe2f-a539-11ec-a910-a04a5ed0778b"
      },
      "RequestBody": null,
      "StatusCode": 200,
      "ResponseHeaders": {
        "Cache-Control": "no-cache",
        "Content-Length": "1620",
        "Content-Type": "application/json; charset=utf-8",
        "Date": "Wed, 16 Mar 2022 14:55:13 GMT",
        "Expires": "-1",
        "Pragma": "no-cache",
        "Strict-Transport-Security": "max-age=31536000;includeSubDomains",
        "X-Content-Type-Options": "nosniff",
        "x-ms-client-request-id": "158ebe2f-a539-11ec-a910-a04a5ed0778b",
        "x-ms-keyvault-network-info": "conn_type=Ipv4;addr=73.232.137.144;act_addr_fam=InterNetwork;",
        "x-ms-keyvault-rbac-assignment-id": "44e2fa9b-9219-5ede-a044-28bdaaea57b8",
        "x-ms-keyvault-rbac-cache": "ra_age=881;da_age=5215;rd_age=5215;brd_age=10656;ra_notif_age=1280;dec_lev=0;",
        "x-ms-keyvault-region": "westus2",
        "x-ms-keyvault-service-version": "1.9.291.1",
        "x-ms-request-id": "cac92129-3a8a-4de2-84da-91cf5e2b0249",
        "X-Powered-By": "ASP.NET"
      },
      "ResponseBody": {
        "value": [
          {
            "id": "https://vaultname.vault.azure.net/secrets/livekvtestsecret5cdf9379c",
            "attributes": {
              "enabled": true,
              "created": 1647442085,
              "updated": 1647442085,
              "recoveryLevel": "CustomizedRecoverable\u002BPurgeable",
              "recoverableDays": 7
            }
          },
          {
            "id": "https://vaultname.vault.azure.net/secrets/livekvtestsecret5e9c6366d",
            "attributes": {
              "enabled": true,
              "created": 1647441672,
              "updated": 1647441672,
              "recoveryLevel": "CustomizedRecoverable\u002BPurgeable",
              "recoverableDays": 7
            }
          },
          {
            "id": "https://vaultname.vault.azure.net/secrets/livekvtestsecret633e7384f",
            "attributes": {
              "enabled": true,
              "created": 1647441664,
              "updated": 1647441664,
              "recoveryLevel": "CustomizedRecoverable\u002BPurgeable",
              "recoverableDays": 7
            }
          },
          {
            "id": "https://vaultname.vault.azure.net/secrets/livekvtestsecret6521238ea",
            "attributes": {
              "enabled": true,
              "created": 1647442096,
              "updated": 1647442096,
              "recoveryLevel": "CustomizedRecoverable\u002BPurgeable",
              "recoverableDays": 7
            }
          },
          {
            "id": "https://vaultname.vault.azure.net/secrets/livekvtestsecret67715351d",
            "attributes": {
              "enabled": true,
              "created": 1647441670,
              "updated": 1647441670,
              "recoveryLevel": "CustomizedRecoverable\u002BPurgeable",
              "recoverableDays": 7
            }
          },
          {
            "id": "https://vaultname.vault.azure.net/secrets/livekvtestsecret6771e351e",
            "attributes": {
              "enabled": true,
              "created": 1647441668,
              "updated": 1647441668,
              "recoveryLevel": "CustomizedRecoverable\u002BPurgeable",
              "recoverableDays": 7
            }
          }
        ],
        "nextLink": "https://vaultname.vault.azure.net:443/secrets?api-version=7.2\u0026$skiptoken=eyJOZXh0TWFya2VyIjoiMiExMDQhTURBd01ETXlJWE5sWTNKbGRDOU1TVlpGUzFaVVJWTlVVMFZEVWtWVU5qYzNNamN6TlRGR0lUQXdNREF5T0NFNU9UazVMVEV5TFRNeFZESXpPalU1T2pVNUxqazVPVGs1T1RsYUlRLS0iLCJUYXJnZXRMb2NhdGlvbiI6MH0\u0026maxresults=6"
      }
    },
    {
      "RequestUri": "https://vaultname.vault.azure.net/secrets?api-version=7.2\u0026$skiptoken=eyJOZXh0TWFya2VyIjoiMiExMDQhTURBd01ETXlJWE5sWTNKbGRDOU1TVlpGUzFaVVJWTlVVMFZEVWtWVU5qYzNNamN6TlRGR0lUQXdNREF5T0NFNU9UazVMVEV5TFRNeFZESXpPalU1T2pVNUxqazVPVGs1T1RsYUlRLS0iLCJUYXJnZXRMb2NhdGlvbiI6MH0\u0026maxresults=6",
      "RequestMethod": "GET",
      "RequestHeaders": {
        "Accept": "application/json",
        "Accept-Encoding": "gzip, deflate",
        "Authorization": "Sanitized",
        "User-Agent": "azsdk-python-keyvault-secrets/4.4.0b4 Python/3.9.9 (Windows-10-10.0.22000-SP0)",
        "x-ms-client-request-id": "15a2d2d3-a539-11ec-8233-a04a5ed0778b"
      },
      "RequestBody": null,
      "StatusCode": 200,
      "ResponseHeaders": {
        "Cache-Control": "no-cache",
        "Content-Length": "1341",
        "Content-Type": "application/json; charset=utf-8",
        "Date": "Wed, 16 Mar 2022 14:55:13 GMT",
        "Expires": "-1",
        "Pragma": "no-cache",
        "Strict-Transport-Security": "max-age=31536000;includeSubDomains",
        "X-Content-Type-Options": "nosniff",
        "x-ms-client-request-id": "15a2d2d3-a539-11ec-8233-a04a5ed0778b",
        "x-ms-keyvault-network-info": "conn_type=Ipv4;addr=73.232.137.144;act_addr_fam=InterNetwork;",
        "x-ms-keyvault-rbac-assignment-id": "44e2fa9b-9219-5ede-a044-28bdaaea57b8",
        "x-ms-keyvault-rbac-cache": "ra_age=881;da_age=5215;rd_age=5215;brd_age=10657;ra_notif_age=1281;dec_lev=0;",
        "x-ms-keyvault-region": "westus2",
        "x-ms-keyvault-service-version": "1.9.291.1",
        "x-ms-request-id": "b7cb3903-d2a1-4d55-a3f1-5b9cb27a5021",
        "X-Powered-By": "ASP.NET"
      },
      "ResponseBody": {
        "value": [
          {
            "id": "https://vaultname.vault.azure.net/secrets/livekvtestsecret67727351f",
            "attributes": {
              "enabled": true,
              "created": 1647441666,
              "updated": 1647441666,
              "recoveryLevel": "CustomizedRecoverable\u002BPurgeable",
              "recoverableDays": 7
            }
          },
          {
            "id": "https://vaultname.vault.azure.net/secrets/livekvtestsecret69ea13acc",
            "attributes": {
              "enabled": true,
              "created": 1647442082,
              "updated": 1647442082,
              "recoveryLevel": "CustomizedRecoverable\u002BPurgeable",
              "recoverableDays": 7
            }
          },
          {
            "id": "https://vaultname.vault.azure.net/secrets/livekvtestsecret6cde7379a",
            "attributes": {
              "enabled": true,
              "created": 1647442092,
              "updated": 1647442092,
              "recoveryLevel": "CustomizedRecoverable\u002BPurgeable",
              "recoverableDays": 7
            }
          },
          {
            "id": "https://vaultname.vault.azure.net/secrets/livekvtestsecret6cdf0379b",
            "attributes": {
              "enabled": true,
              "created": 1647442089,
              "updated": 1647442089,
              "recoveryLevel": "CustomizedRecoverable\u002BPurgeable",
              "recoverableDays": 7
            }
          },
          {
            "id": "https://vaultname.vault.azure.net/secrets/livekvtestsecret6cdf9379c",
            "attributes": {
              "enabled": true,
              "created": 1647442085,
              "updated": 1647442085,
              "recoveryLevel": "CustomizedRecoverable\u002BPurgeable",
              "recoverableDays": 7
            }
          },
          {
            "id": "https://vaultname.vault.azure.net/secrets/livekvtestsecret6e9c6366d",
            "attributes": {
              "enabled": true,
              "created": 1647441673,
              "updated": 1647441673,
              "recoveryLevel": "CustomizedRecoverable\u002BPurgeable",
              "recoverableDays": 7
            }
          }
        ],
        "nextLink": null
      }
    }
  ],
  "Variables": {}
}
