{
  "Entries": [
    {
      "RequestUri": "https://vaultname.vault.azure.net/secrets/livekvtestsec50442c72?api-version=7.0",
      "RequestMethod": "PUT",
      "RequestHeaders": {
        "Accept": "application/json",
        "Accept-Encoding": "gzip, deflate",
        "Content-Length": "19",
        "Content-Type": "application/json",
        "User-Agent": "azsdk-python-keyvault-secrets/4.4.0 Python/3.9.9 (Windows-10-10.0.22000-SP0)"
      },
      "RequestBody": {
        "value": "secVal"
      },
      "StatusCode": 200,
      "ResponseHeaders": {
        "Cache-Control": "no-cache",
        "Content-Length": "244",
        "Content-Type": "application/json; charset=utf-8",
        "Date": "Fri, 25 Mar 2022 16:47:20 GMT",
        "Expires": "-1",
        "Pragma": "no-cache",
        "Strict-Transport-Security": "max-age=31536000;includeSubDomains",
        "X-Content-Type-Options": "nosniff",
        "x-ms-keyvault-network-info": "conn_type=Ipv4;addr=73.232.137.144;act_addr_fam=InterNetwork;",
        "x-ms-keyvault-rbac-assignment-id": "b1617016-e2f7-593d-b320-2121fa602224",
        "x-ms-keyvault-rbac-cache": "ra_age=314;da_age=4762;rd_age=4762;brd_age=16362;ra_notif_age=2681;dec_lev=1;",
        "x-ms-keyvault-region": "westus2",
        "x-ms-keyvault-service-version": "1.9.331.5",
        "X-Powered-By": "ASP.NET"
      },
      "ResponseBody": {
        "value": "secVal",
        "id": "https://vaultname.vault.azure.net/secrets/livekvtestsec50442c72/1ebdcce2a6884406a5ec394a44009081",
        "attributes": {
          "enabled": true,
          "created": 1648226841,
          "updated": 1648226841,
          "recoveryLevel": "CustomizedRecoverable\u002BPurgeable"
        }
      }
    },
    {
      "RequestUri": "https://vaultname.vault.azure.net/secrets/livekvtestsec50442c72?api-version=7.0",
      "RequestMethod": "PUT",
      "RequestHeaders": {
        "Accept": "application/json",
        "Accept-Encoding": "gzip, deflate",
        "Content-Length": "19",
        "Content-Type": "application/json",
        "User-Agent": "azsdk-python-keyvault-secrets/4.4.0 Python/3.9.9 (Windows-10-10.0.22000-SP0)"
      },
      "RequestBody": {
        "value": "secVal"
      },
      "StatusCode": 200,
      "ResponseHeaders": {
        "Cache-Control": "no-cache",
        "Content-Length": "244",
        "Content-Type": "application/json; charset=utf-8",
        "Date": "Fri, 25 Mar 2022 16:47:20 GMT",
        "Expires": "-1",
        "Pragma": "no-cache",
        "Strict-Transport-Security": "max-age=31536000;includeSubDomains",
        "X-Content-Type-Options": "nosniff",
        "x-ms-keyvault-network-info": "conn_type=Ipv4;addr=73.232.137.144;act_addr_fam=InterNetwork;",
        "x-ms-keyvault-rbac-assignment-id": "b1617016-e2f7-593d-b320-2121fa602224",
        "x-ms-keyvault-rbac-cache": "ra_age=314;da_age=4762;rd_age=4762;brd_age=16362;ra_notif_age=2681;dec_lev=0;",
        "x-ms-keyvault-region": "westus2",
        "x-ms-keyvault-service-version": "1.9.331.5",
        "X-Powered-By": "ASP.NET"
      },
      "ResponseBody": {
        "value": "secVal",
        "id": "https://vaultname.vault.azure.net/secrets/livekvtestsec50442c72/ae2f2d9b59294a098833b61a9d477db5",
        "attributes": {
          "enabled": true,
          "created": 1648226841,
          "updated": 1648226841,
          "recoveryLevel": "CustomizedRecoverable\u002BPurgeable"
        }
      }
    },
    {
      "RequestUri": "https://vaultname.vault.azure.net/secrets/livekvtestsec50442c72?api-version=7.0",
      "RequestMethod": "PUT",
      "RequestHeaders": {
        "Accept": "application/json",
        "Accept-Encoding": "gzip, deflate",
        "Content-Length": "19",
        "Content-Type": "application/json",
        "User-Agent": "azsdk-python-keyvault-secrets/4.4.0 Python/3.9.9 (Windows-10-10.0.22000-SP0)"
      },
      "RequestBody": {
        "value": "secVal"
      },
      "StatusCode": 200,
      "ResponseHeaders": {
        "Cache-Control": "no-cache",
        "Content-Length": "244",
        "Content-Type": "application/json; charset=utf-8",
        "Date": "Fri, 25 Mar 2022 16:47:21 GMT",
        "Expires": "-1",
        "Pragma": "no-cache",
        "Strict-Transport-Security": "max-age=31536000;includeSubDomains",
        "X-Content-Type-Options": "nosniff",
        "x-ms-keyvault-network-info": "conn_type=Ipv4;addr=73.232.137.144;act_addr_fam=InterNetwork;",
        "x-ms-keyvault-rbac-assignment-id": "b1617016-e2f7-593d-b320-2121fa602224",
        "x-ms-keyvault-rbac-cache": "ra_age=314;da_age=4763;rd_age=4763;brd_age=16362;ra_notif_age=2681;dec_lev=0;",
        "x-ms-keyvault-region": "westus2",
        "x-ms-keyvault-service-version": "1.9.331.5",
        "X-Powered-By": "ASP.NET"
      },
      "ResponseBody": {
        "value": "secVal",
        "id": "https://vaultname.vault.azure.net/secrets/livekvtestsec50442c72/b08785f7b0dd478cafd32cd3d79f1fc7",
        "attributes": {
          "enabled": true,
          "created": 1648226841,
          "updated": 1648226841,
          "recoveryLevel": "CustomizedRecoverable\u002BPurgeable"
        }
      }
    },
    {
      "RequestUri": "https://vaultname.vault.azure.net/secrets/livekvtestsec50442c72?api-version=7.0",
      "RequestMethod": "PUT",
      "RequestHeaders": {
        "Accept": "application/json",
        "Accept-Encoding": "gzip, deflate",
        "Content-Length": "19",
        "Content-Type": "application/json",
        "User-Agent": "azsdk-python-keyvault-secrets/4.4.0 Python/3.9.9 (Windows-10-10.0.22000-SP0)"
      },
      "RequestBody": {
        "value": "secVal"
      },
      "StatusCode": 200,
      "ResponseHeaders": {
        "Cache-Control": "no-cache",
        "Content-Length": "244",
        "Content-Type": "application/json; charset=utf-8",
        "Date": "Fri, 25 Mar 2022 16:47:21 GMT",
        "Expires": "-1",
        "Pragma": "no-cache",
        "Strict-Transport-Security": "max-age=31536000;includeSubDomains",
        "X-Content-Type-Options": "nosniff",
        "x-ms-keyvault-network-info": "conn_type=Ipv4;addr=73.232.137.144;act_addr_fam=InterNetwork;",
        "x-ms-keyvault-rbac-assignment-id": "b1617016-e2f7-593d-b320-2121fa602224",
        "x-ms-keyvault-rbac-cache": "ra_age=315;da_age=4763;rd_age=4763;brd_age=16362;ra_notif_age=2682;dec_lev=0;",
        "x-ms-keyvault-region": "westus2",
        "x-ms-keyvault-service-version": "1.9.331.5",
        "X-Powered-By": "ASP.NET"
      },
      "ResponseBody": {
        "value": "secVal",
        "id": "https://vaultname.vault.azure.net/secrets/livekvtestsec50442c72/49a788ea89ce43eb8e95c7afb5e29adf",
        "attributes": {
          "enabled": true,
          "created": 1648226841,
          "updated": 1648226841,
          "recoveryLevel": "CustomizedRecoverable\u002BPurgeable"
        }
      }
    },
    {
      "RequestUri": "https://vaultname.vault.azure.net/secrets/livekvtestsec50442c72?api-version=7.0",
      "RequestMethod": "PUT",
      "RequestHeaders": {
        "Accept": "application/json",
        "Accept-Encoding": "gzip, deflate",
        "Content-Length": "19",
        "Content-Type": "application/json",
        "User-Agent": "azsdk-python-keyvault-secrets/4.4.0 Python/3.9.9 (Windows-10-10.0.22000-SP0)"
      },
      "RequestBody": {
        "value": "secVal"
      },
      "StatusCode": 200,
      "ResponseHeaders": {
        "Cache-Control": "no-cache",
        "Content-Length": "244",
        "Content-Type": "application/json; charset=utf-8",
        "Date": "Fri, 25 Mar 2022 16:47:21 GMT",
        "Expires": "-1",
        "Pragma": "no-cache",
        "Strict-Transport-Security": "max-age=31536000;includeSubDomains",
        "X-Content-Type-Options": "nosniff",
        "x-ms-keyvault-network-info": "conn_type=Ipv4;addr=73.232.137.144;act_addr_fam=InterNetwork;",
        "x-ms-keyvault-rbac-assignment-id": "b1617016-e2f7-593d-b320-2121fa602224",
        "x-ms-keyvault-rbac-cache": "ra_age=315;da_age=4763;rd_age=4763;brd_age=16362;ra_notif_age=2682;dec_lev=0;",
        "x-ms-keyvault-region": "westus2",
        "x-ms-keyvault-service-version": "1.9.331.5",
        "X-Powered-By": "ASP.NET"
      },
      "ResponseBody": {
        "value": "secVal",
        "id": "https://vaultname.vault.azure.net/secrets/livekvtestsec50442c72/38b2629bcb464572995bce3428dd6501",
        "attributes": {
          "enabled": true,
          "created": 1648226841,
          "updated": 1648226841,
          "recoveryLevel": "CustomizedRecoverable\u002BPurgeable"
        }
      }
    },
    {
      "RequestUri": "https://vaultname.vault.azure.net/secrets/livekvtestsec50442c72?api-version=7.0",
      "RequestMethod": "PUT",
      "RequestHeaders": {
        "Accept": "application/json",
        "Accept-Encoding": "gzip, deflate",
        "Content-Length": "19",
        "Content-Type": "application/json",
        "User-Agent": "azsdk-python-keyvault-secrets/4.4.0 Python/3.9.9 (Windows-10-10.0.22000-SP0)"
      },
      "RequestBody": {
        "value": "secVal"
      },
      "StatusCode": 200,
      "ResponseHeaders": {
        "Cache-Control": "no-cache",
        "Content-Length": "244",
        "Content-Type": "application/json; charset=utf-8",
        "Date": "Fri, 25 Mar 2022 16:47:21 GMT",
        "Expires": "-1",
        "Pragma": "no-cache",
        "Strict-Transport-Security": "max-age=31536000;includeSubDomains",
        "X-Content-Type-Options": "nosniff",
        "x-ms-keyvault-network-info": "conn_type=Ipv4;addr=73.232.137.144;act_addr_fam=InterNetwork;",
        "x-ms-keyvault-rbac-assignment-id": "b1617016-e2f7-593d-b320-2121fa602224",
        "x-ms-keyvault-rbac-cache": "ra_age=315;da_age=4763;rd_age=4763;brd_age=16362;ra_notif_age=2682;dec_lev=0;",
        "x-ms-keyvault-region": "westus2",
        "x-ms-keyvault-service-version": "1.9.331.5",
        "X-Powered-By": "ASP.NET"
      },
      "ResponseBody": {
        "value": "secVal",
        "id": "https://vaultname.vault.azure.net/secrets/livekvtestsec50442c72/d20d6eb2c5704891ba4832b858a7df2e",
        "attributes": {
          "enabled": true,
          "created": 1648226841,
          "updated": 1648226841,
          "recoveryLevel": "CustomizedRecoverable\u002BPurgeable"
        }
      }
    },
    {
      "RequestUri": "https://vaultname.vault.azure.net/secrets/livekvtestsec50442c72?api-version=7.0",
      "RequestMethod": "PUT",
      "RequestHeaders": {
        "Accept": "application/json",
        "Accept-Encoding": "gzip, deflate",
        "Content-Length": "19",
        "Content-Type": "application/json",
        "User-Agent": "azsdk-python-keyvault-secrets/4.4.0 Python/3.9.9 (Windows-10-10.0.22000-SP0)"
      },
      "RequestBody": {
        "value": "secVal"
      },
      "StatusCode": 200,
      "ResponseHeaders": {
        "Cache-Control": "no-cache",
        "Content-Length": "244",
        "Content-Type": "application/json; charset=utf-8",
        "Date": "Fri, 25 Mar 2022 16:47:21 GMT",
        "Expires": "-1",
        "Pragma": "no-cache",
        "Strict-Transport-Security": "max-age=31536000;includeSubDomains",
        "X-Content-Type-Options": "nosniff",
        "x-ms-keyvault-network-info": "conn_type=Ipv4;addr=73.232.137.144;act_addr_fam=InterNetwork;",
        "x-ms-keyvault-rbac-assignment-id": "b1617016-e2f7-593d-b320-2121fa602224",
        "x-ms-keyvault-rbac-cache": "ra_age=315;da_age=4763;rd_age=4763;brd_age=16362;ra_notif_age=2682;dec_lev=0;",
        "x-ms-keyvault-region": "westus2",
        "x-ms-keyvault-service-version": "1.9.331.5",
        "X-Powered-By": "ASP.NET"
      },
      "ResponseBody": {
        "value": "secVal",
        "id": "https://vaultname.vault.azure.net/secrets/livekvtestsec50442c72/1a785e4c669943a781f4ecf3079f7360",
        "attributes": {
          "enabled": true,
          "created": 1648226842,
          "updated": 1648226842,
          "recoveryLevel": "CustomizedRecoverable\u002BPurgeable"
        }
      }
    },
    {
      "RequestUri": "https://vaultname.vault.azure.net/secrets/livekvtestsec50442c72/versions?maxresults=6\u0026api-version=7.0",
      "RequestMethod": "GET",
      "RequestHeaders": {
        "Accept": "application/json",
        "Accept-Encoding": "gzip, deflate",
        "User-Agent": "azsdk-python-keyvault-secrets/4.4.0 Python/3.9.9 (Windows-10-10.0.22000-SP0)"
      },
      "RequestBody": null,
      "StatusCode": 200,
      "ResponseHeaders": {
        "Cache-Control": "no-cache",
        "Content-Length": "1753",
        "Content-Type": "application/json; charset=utf-8",
        "Date": "Fri, 25 Mar 2022 16:47:21 GMT",
        "Expires": "-1",
        "Pragma": "no-cache",
        "Strict-Transport-Security": "max-age=31536000;includeSubDomains",
        "X-Content-Type-Options": "nosniff",
        "x-ms-keyvault-network-info": "conn_type=Ipv4;addr=73.232.137.144;act_addr_fam=InterNetwork;",
        "x-ms-keyvault-rbac-assignment-id": "b1617016-e2f7-593d-b320-2121fa602224",
        "x-ms-keyvault-rbac-cache": "ra_age=315;da_age=4763;rd_age=4763;brd_age=16363;ra_notif_age=2682;dec_lev=1;",
        "x-ms-keyvault-region": "westus2",
        "x-ms-keyvault-service-version": "1.9.331.5",
        "X-Powered-By": "ASP.NET"
      },
      "ResponseBody": {
        "value": [
          {
            "id": "https://vaultname.vault.azure.net/secrets/livekvtestsec50442c72/1a785e4c669943a781f4ecf3079f7360",
            "attributes": {
              "enabled": true,
              "created": 1648226842,
              "updated": 1648226842,
              "recoveryLevel": "CustomizedRecoverable\u002BPurgeable"
            }
          },
          {
            "id": "https://vaultname.vault.azure.net/secrets/livekvtestsec50442c72/1ebdcce2a6884406a5ec394a44009081",
            "attributes": {
              "enabled": true,
              "created": 1648226841,
              "updated": 1648226841,
              "recoveryLevel": "CustomizedRecoverable\u002BPurgeable"
            }
          },
          {
            "id": "https://vaultname.vault.azure.net/secrets/livekvtestsec50442c72/38b2629bcb464572995bce3428dd6501",
            "attributes": {
              "enabled": true,
              "created": 1648226841,
              "updated": 1648226841,
              "recoveryLevel": "CustomizedRecoverable\u002BPurgeable"
            }
          },
          {
            "id": "https://vaultname.vault.azure.net/secrets/livekvtestsec50442c72/49a788ea89ce43eb8e95c7afb5e29adf",
            "attributes": {
              "enabled": true,
              "created": 1648226841,
              "updated": 1648226841,
              "recoveryLevel": "CustomizedRecoverable\u002BPurgeable"
            }
          },
          {
            "id": "https://vaultname.vault.azure.net/secrets/livekvtestsec50442c72/ae2f2d9b59294a098833b61a9d477db5",
            "attributes": {
              "enabled": true,
              "created": 1648226841,
              "updated": 1648226841,
              "recoveryLevel": "CustomizedRecoverable\u002BPurgeable"
            }
          },
          {
            "id": "https://vaultname.vault.azure.net/secrets/livekvtestsec50442c72/b08785f7b0dd478cafd32cd3d79f1fc7",
            "attributes": {
              "enabled": true,
              "created": 1648226841,
              "updated": 1648226841,
              "recoveryLevel": "CustomizedRecoverable\u002BPurgeable"
            }
          }
        ],
        "nextLink": "https://vaultname.vault.azure.net:443/secrets/livekvtestsec50442c72/versions?api-version=7.0\u0026$skiptoken=eyJOZXh0TWFya2VyIjoiMiExNDAhTURBd01EWXhJWE5sWTNKbGRDOU1TVlpGUzFaVVJWTlVVMFZETlRBME5ESkROekl2UkRJd1JEWkZRakpETlRjd05EZzVNVUpCTkRnek1rSTROVGhCTjBSR01rVWhNREF3TURJNElUazVPVGt0TVRJdE16RlVNak02TlRrNk5Ua3VPVGs1T1RrNU9Wb2giLCJUYXJnZXRMb2NhdGlvbiI6MH0\u0026maxresults=6"
      }
    },
    {
      "RequestUri": "https://vaultname.vault.azure.net/secrets/livekvtestsec50442c72/versions?maxresults=6\u0026api-version=7.0\u0026$skiptoken=eyJOZXh0TWFya2VyIjoiMiExNDAhTURBd01EWXhJWE5sWTNKbGRDOU1TVlpGUzFaVVJWTlVVMFZETlRBME5ESkROekl2UkRJd1JEWkZRakpETlRjd05EZzVNVUpCTkRnek1rSTROVGhCTjBSR01rVWhNREF3TURJNElUazVPVGt0TVRJdE16RlVNak02TlRrNk5Ua3VPVGs1T1RrNU9Wb2giLCJUYXJnZXRMb2NhdGlvbiI6MH0",
      "RequestMethod": "GET",
      "RequestHeaders": {
        "Accept": "application/json",
        "Accept-Encoding": "gzip, deflate",
        "User-Agent": "azsdk-python-keyvault-secrets/4.4.0 Python/3.9.9 (Windows-10-10.0.22000-SP0)"
      },
      "RequestBody": null,
      "StatusCode": 200,
      "ResponseHeaders": {
        "Cache-Control": "no-cache",
        "Content-Length": "255",
        "Content-Type": "application/json; charset=utf-8",
        "Date": "Fri, 25 Mar 2022 16:47:21 GMT",
        "Expires": "-1",
        "Pragma": "no-cache",
        "Strict-Transport-Security": "max-age=31536000;includeSubDomains",
        "X-Content-Type-Options": "nosniff",
        "x-ms-keyvault-network-info": "conn_type=Ipv4;addr=73.232.137.144;act_addr_fam=InterNetwork;",
        "x-ms-keyvault-rbac-assignment-id": "b1617016-e2f7-593d-b320-2121fa602224",
        "x-ms-keyvault-rbac-cache": "ra_age=315;da_age=4763;rd_age=4763;brd_age=16363;ra_notif_age=2682;dec_lev=0;",
        "x-ms-keyvault-region": "westus2",
        "x-ms-keyvault-service-version": "1.9.331.5",
        "X-Powered-By": "ASP.NET"
      },
      "ResponseBody": {
        "value": [
          {
            "id": "https://vaultname.vault.azure.net/secrets/livekvtestsec50442c72/d20d6eb2c5704891ba4832b858a7df2e",
            "attributes": {
              "enabled": true,
              "created": 1648226841,
              "updated": 1648226841,
              "recoveryLevel": "CustomizedRecoverable\u002BPurgeable"
            }
          }
        ],
        "nextLink": null
      }
    }
  ],
  "Variables": {}
}
