{
  "Entries": [
    {
      "RequestUri": "https://vaultname.vault.azure.net/secrets/livekvtestcrud-secretfdf23015?api-version=7.3-preview",
      "RequestMethod": "PUT",
      "RequestHeaders": {
        "Accept": "application/json",
        "Accept-Encoding": "gzip, deflate",
        "Authorization": "Sanitized",
        "Content-Length": "30",
        "Content-Type": "application/json",
        "User-Agent": "azsdk-python-keyvault-secrets/4.4.0b3 Python/3.9.9 (Windows-10-10.0.22000-SP0)",
        "x-ms-client-request-id": "0ae5230e-7ef6-11ec-9628-a04a5ed0778b"
      },
      "RequestBody": {
        "value": "crud_secret_value"
      },
      "StatusCode": 200,
      "ResponseHeaders": {
        "Cache-Control": "no-cache",
        "Content-Length": "283",
        "Content-Type": "application/json; charset=utf-8",
        "Date": "Wed, 26 Jan 2022 22:19:35 GMT",
        "Expires": "-1",
        "Pragma": "no-cache",
        "Strict-Transport-Security": "max-age=31536000;includeSubDomains",
        "X-Content-Type-Options": "nosniff",
        "x-ms-client-request-id": "0ae5230e-7ef6-11ec-9628-a04a5ed0778b",
        "x-ms-keyvault-network-info": "conn_type=Ipv4;addr=73.232.137.144;act_addr_fam=InterNetwork;",
        "x-ms-keyvault-rbac-assignment-id": "2a42f885-5438-555f-9227-cab2da59c7a9",
        "x-ms-keyvault-rbac-cache": "ra_age=24;da_age=24;rd_age=24;brd_age=20125;ra_notif_age=616;dec_lev=1;",
        "x-ms-keyvault-region": "westus2",
        "x-ms-keyvault-service-version": "1.9.264.2",
        "x-ms-request-id": "2146360a-7ac4-48bd-9f30-c52f240fb8d8",
        "X-Powered-By": "ASP.NET"
      },
      "ResponseBody": {
        "value": "crud_secret_value",
        "id": "https://vaultname.vault.azure.net/secrets/livekvtestcrud-secretfdf23015/accf3491adf34d42aaee604201d8328d",
        "attributes": {
          "enabled": true,
          "created": 1643235576,
          "updated": 1643235576,
          "recoveryLevel": "CustomizedRecoverable\u002BPurgeable",
          "recoverableDays": 7
        }
      }
    },
    {
      "RequestUri": "https://vaultname.vault.azure.net/secrets/livekvtestcrud-secretfdf23015?api-version=7.3-preview",
      "RequestMethod": "PUT",
      "RequestHeaders": {
        "Accept": "application/json",
        "Accept-Encoding": "gzip, deflate",
        "Authorization": "Sanitized",
        "Content-Length": "114",
        "Content-Type": "application/json",
        "User-Agent": "azsdk-python-keyvault-secrets/4.4.0b3 Python/3.9.9 (Windows-10-10.0.22000-SP0)",
        "x-ms-client-request-id": "0b259062-7ef6-11ec-9bc8-a04a5ed0778b"
      },
      "RequestBody": {
        "value": "crud_secret_value",
        "tags": {
          "foo": "created tag"
        },
        "attributes": {
          "enabled": true,
          "nbf": 1422864000
        }
      },
      "StatusCode": 200,
      "ResponseHeaders": {
        "Cache-Control": "no-cache",
        "Content-Length": "329",
        "Content-Type": "application/json; charset=utf-8",
        "Date": "Wed, 26 Jan 2022 22:19:35 GMT",
        "Expires": "-1",
        "Pragma": "no-cache",
        "Strict-Transport-Security": "max-age=31536000;includeSubDomains",
        "X-Content-Type-Options": "nosniff",
        "x-ms-client-request-id": "0b259062-7ef6-11ec-9bc8-a04a5ed0778b",
        "x-ms-keyvault-network-info": "conn_type=Ipv4;addr=73.232.137.144;act_addr_fam=InterNetwork;",
        "x-ms-keyvault-rbac-assignment-id": "2a42f885-5438-555f-9227-cab2da59c7a9",
        "x-ms-keyvault-rbac-cache": "ra_age=25;da_age=25;rd_age=25;brd_age=20125;ra_notif_age=616;dec_lev=0;",
        "x-ms-keyvault-region": "westus2",
        "x-ms-keyvault-service-version": "1.9.264.2",
        "x-ms-request-id": "0f25af8b-8324-4c7a-9262-dbb4e40ac998",
        "X-Powered-By": "ASP.NET"
      },
      "ResponseBody": {
        "value": "crud_secret_value",
        "id": "https://vaultname.vault.azure.net/secrets/livekvtestcrud-secretfdf23015/90899a0000364db2aba992b01c5a3864",
        "attributes": {
          "enabled": true,
          "nbf": 1422864000,
          "created": 1643235576,
          "updated": 1643235576,
          "recoveryLevel": "CustomizedRecoverable\u002BPurgeable",
          "recoverableDays": 7
        },
        "tags": {
          "foo": "created tag"
        }
      }
    },
    {
      "RequestUri": "https://vaultname.vault.azure.net/secrets/livekvtestcrud-secretfdf23015/?api-version=7.3-preview",
      "RequestMethod": "GET",
      "RequestHeaders": {
        "Accept": "application/json",
        "Accept-Encoding": "gzip, deflate",
        "Authorization": "Sanitized",
        "User-Agent": "azsdk-python-keyvault-secrets/4.4.0b3 Python/3.9.9 (Windows-10-10.0.22000-SP0)",
        "x-ms-client-request-id": "0b46d721-7ef6-11ec-b04c-a04a5ed0778b"
      },
      "RequestBody": null,
      "StatusCode": 200,
      "ResponseHeaders": {
        "Cache-Control": "no-cache",
        "Content-Length": "329",
        "Content-Type": "application/json; charset=utf-8",
        "Date": "Wed, 26 Jan 2022 22:19:35 GMT",
        "Expires": "-1",
        "Pragma": "no-cache",
        "Strict-Transport-Security": "max-age=31536000;includeSubDomains",
        "X-Content-Type-Options": "nosniff",
        "x-ms-client-request-id": "0b46d721-7ef6-11ec-b04c-a04a5ed0778b",
        "x-ms-keyvault-network-info": "conn_type=Ipv4;addr=73.232.137.144;act_addr_fam=InterNetwork;",
        "x-ms-keyvault-rbac-assignment-id": "2a42f885-5438-555f-9227-cab2da59c7a9",
        "x-ms-keyvault-rbac-cache": "ra_age=25;da_age=25;rd_age=25;brd_age=20125;ra_notif_age=617;dec_lev=1;",
        "x-ms-keyvault-region": "westus2",
        "x-ms-keyvault-service-version": "1.9.264.2",
        "x-ms-request-id": "7edc770a-0cad-4e00-9f1f-15eb9d470005",
        "X-Powered-By": "ASP.NET"
      },
      "ResponseBody": {
        "value": "crud_secret_value",
        "id": "https://vaultname.vault.azure.net/secrets/livekvtestcrud-secretfdf23015/90899a0000364db2aba992b01c5a3864",
        "attributes": {
          "enabled": true,
          "nbf": 1422864000,
          "created": 1643235576,
          "updated": 1643235576,
          "recoveryLevel": "CustomizedRecoverable\u002BPurgeable",
          "recoverableDays": 7
        },
        "tags": {
          "foo": "created tag"
        }
      }
    },
    {
      "RequestUri": "https://vaultname.vault.azure.net/secrets/livekvtestcrud-secretfdf23015/90899a0000364db2aba992b01c5a3864?api-version=7.3-preview",
      "RequestMethod": "GET",
      "RequestHeaders": {
        "Accept": "application/json",
        "Accept-Encoding": "gzip, deflate",
        "Authorization": "Sanitized",
        "User-Agent": "azsdk-python-keyvault-secrets/4.4.0b3 Python/3.9.9 (Windows-10-10.0.22000-SP0)",
        "x-ms-client-request-id": "0b57124f-7ef6-11ec-b6d2-a04a5ed0778b"
      },
      "RequestBody": null,
      "StatusCode": 200,
      "ResponseHeaders": {
        "Cache-Control": "no-cache",
        "Content-Length": "329",
        "Content-Type": "application/json; charset=utf-8",
        "Date": "Wed, 26 Jan 2022 22:19:36 GMT",
        "Expires": "-1",
        "Pragma": "no-cache",
        "Strict-Transport-Security": "max-age=31536000;includeSubDomains",
        "X-Content-Type-Options": "nosniff",
        "x-ms-client-request-id": "0b57124f-7ef6-11ec-b6d2-a04a5ed0778b",
        "x-ms-keyvault-network-info": "conn_type=Ipv4;addr=73.232.137.144;act_addr_fam=InterNetwork;",
        "x-ms-keyvault-rbac-assignment-id": "2a42f885-5438-555f-9227-cab2da59c7a9",
        "x-ms-keyvault-rbac-cache": "ra_age=25;da_age=25;rd_age=25;brd_age=20125;ra_notif_age=617;dec_lev=0;",
        "x-ms-keyvault-region": "westus2",
        "x-ms-keyvault-service-version": "1.9.264.2",
        "x-ms-request-id": "0f3258e1-4b78-4975-bd47-0b5e92407c96",
        "X-Powered-By": "ASP.NET"
      },
      "ResponseBody": {
        "value": "crud_secret_value",
        "id": "https://vaultname.vault.azure.net/secrets/livekvtestcrud-secretfdf23015/90899a0000364db2aba992b01c5a3864",
        "attributes": {
          "enabled": true,
          "nbf": 1422864000,
          "created": 1643235576,
          "updated": 1643235576,
          "recoveryLevel": "CustomizedRecoverable\u002BPurgeable",
          "recoverableDays": 7
        },
        "tags": {
          "foo": "created tag"
        }
      }
    },
    {
      "RequestUri": "https://vaultname.vault.azure.net/secrets/livekvtestcrud-secretfdf23015/90899a0000364db2aba992b01c5a3864?api-version=7.3-preview",
      "RequestMethod": "PATCH",
      "RequestHeaders": {
        "Accept": "application/json",
        "Accept-Encoding": "gzip, deflate",
        "Authorization": "Sanitized",
        "Content-Length": "114",
        "Content-Type": "application/json",
        "User-Agent": "azsdk-python-keyvault-secrets/4.4.0b3 Python/3.9.9 (Windows-10-10.0.22000-SP0)",
        "x-ms-client-request-id": "0bffd333-7ef6-11ec-8085-a04a5ed0778b"
      },
      "RequestBody": {
        "contentType": "text/plain",
        "attributes": {
          "enabled": false,
          "exp": 2527401600
        },
        "tags": {
          "foo": "updated tag"
        }
      },
      "StatusCode": 200,
      "ResponseHeaders": {
        "Cache-Control": "no-cache",
        "Content-Length": "346",
        "Content-Type": "application/json; charset=utf-8",
        "Date": "Wed, 26 Jan 2022 22:19:37 GMT",
        "Expires": "-1",
        "Pragma": "no-cache",
        "Strict-Transport-Security": "max-age=31536000;includeSubDomains",
        "X-Content-Type-Options": "nosniff",
        "x-ms-client-request-id": "0bffd333-7ef6-11ec-8085-a04a5ed0778b",
        "x-ms-keyvault-network-info": "conn_type=Ipv4;addr=73.232.137.144;act_addr_fam=InterNetwork;",
        "x-ms-keyvault-rbac-assignment-id": "2a42f885-5438-555f-9227-cab2da59c7a9",
        "x-ms-keyvault-rbac-cache": "ra_age=26;da_age=26;rd_age=26;brd_age=20126;ra_notif_age=618;dec_lev=0;",
        "x-ms-keyvault-region": "westus2",
        "x-ms-keyvault-service-version": "1.9.264.2",
        "x-ms-request-id": "cc9446f4-7e90-47b9-9e10-b573bd3bee50",
        "X-Powered-By": "ASP.NET"
      },
      "ResponseBody": {
        "contentType": "text/plain",
        "id": "https://vaultname.vault.azure.net/secrets/livekvtestcrud-secretfdf23015/90899a0000364db2aba992b01c5a3864",
        "attributes": {
          "enabled": false,
          "nbf": 1422864000,
          "exp": 2527401600,
          "created": 1643235576,
          "updated": 1643235577,
          "recoveryLevel": "CustomizedRecoverable\u002BPurgeable",
          "recoverableDays": 7
        },
        "tags": {
          "foo": "updated tag"
        }
      }
    },
    {
      "RequestUri": "https://vaultname.vault.azure.net/secrets/livekvtestcrud-secretfdf23015?api-version=7.3-preview",
      "RequestMethod": "DELETE",
      "RequestHeaders": {
        "Accept": "application/json",
        "Accept-Encoding": "gzip, deflate",
        "Authorization": "Sanitized",
        "Content-Length": "0",
        "User-Agent": "azsdk-python-keyvault-secrets/4.4.0b3 Python/3.9.9 (Windows-10-10.0.22000-SP0)",
        "x-ms-client-request-id": "0c1c8a85-7ef6-11ec-9a94-a04a5ed0778b"
      },
      "RequestBody": null,
      "StatusCode": 200,
      "ResponseHeaders": {
        "Cache-Control": "no-cache",
        "Content-Length": "497",
        "Content-Type": "application/json; charset=utf-8",
        "Date": "Wed, 26 Jan 2022 22:19:37 GMT",
        "Expires": "-1",
        "Pragma": "no-cache",
        "Strict-Transport-Security": "max-age=31536000;includeSubDomains",
        "X-Content-Type-Options": "nosniff",
        "x-ms-client-request-id": "0c1c8a85-7ef6-11ec-9a94-a04a5ed0778b",
        "x-ms-keyvault-network-info": "conn_type=Ipv4;addr=73.232.137.144;act_addr_fam=InterNetwork;",
        "x-ms-keyvault-rbac-assignment-id": "2a42f885-5438-555f-9227-cab2da59c7a9",
        "x-ms-keyvault-rbac-cache": "ra_age=26;da_age=26;rd_age=26;brd_age=20126;ra_notif_age=618;dec_lev=1;",
        "x-ms-keyvault-region": "westus2",
        "x-ms-keyvault-service-version": "1.9.264.2",
        "x-ms-request-id": "05258312-abf5-48cc-aa99-54fe0cdca9fa",
        "X-Powered-By": "ASP.NET"
      },
      "ResponseBody": {
        "recoveryId": "https://vaultname.vault.azure.net/deletedsecrets/livekvtestcrud-secretfdf23015",
        "deletedDate": 1643235577,
        "scheduledPurgeDate": 1643840377,
        "contentType": "text/plain",
        "id": "https://vaultname.vault.azure.net/secrets/livekvtestcrud-secretfdf23015/90899a0000364db2aba992b01c5a3864",
        "attributes": {
          "enabled": false,
          "nbf": 1422864000,
          "exp": 2527401600,
          "created": 1643235576,
          "updated": 1643235577,
          "recoveryLevel": "CustomizedRecoverable\u002BPurgeable",
          "recoverableDays": 7
        },
        "tags": {
          "foo": "updated tag"
        }
      }
    },
    {
      "RequestUri": "https://vaultname.vault.azure.net/deletedsecrets/livekvtestcrud-secretfdf23015?api-version=7.3-preview",
      "RequestMethod": "GET",
      "RequestHeaders": {
        "Accept": "application/json",
        "Accept-Encoding": "gzip, deflate",
        "Authorization": "Sanitized",
        "User-Agent": "azsdk-python-keyvault-secrets/4.4.0b3 Python/3.9.9 (Windows-10-10.0.22000-SP0)",
        "x-ms-client-request-id": "0c3306f5-7ef6-11ec-9a78-a04a5ed0778b"
      },
      "RequestBody": null,
      "StatusCode": 404,
      "ResponseHeaders": {
        "Cache-Control": "no-cache",
        "Content-Length": "103",
        "Content-Type": "application/json; charset=utf-8",
        "Date": "Wed, 26 Jan 2022 22:19:37 GMT",
        "Expires": "-1",
        "Pragma": "no-cache",
        "Strict-Transport-Security": "max-age=31536000;includeSubDomains",
        "X-Content-Type-Options": "nosniff",
        "x-ms-client-request-id": "0c3306f5-7ef6-11ec-9a78-a04a5ed0778b",
        "x-ms-keyvault-network-info": "conn_type=Ipv4;addr=73.232.137.144;act_addr_fam=InterNetwork;",
        "x-ms-keyvault-rbac-assignment-id": "2a42f885-5438-555f-9227-cab2da59c7a9",
        "x-ms-keyvault-rbac-cache": "ra_age=26;da_age=26;rd_age=26;brd_age=20127;ra_notif_age=618;dec_lev=0;",
        "x-ms-keyvault-region": "westus2",
        "x-ms-keyvault-service-version": "1.9.264.2",
        "x-ms-request-id": "7009906f-cec8-4137-810b-8f5cb693df76",
        "X-Powered-By": "ASP.NET"
      },
      "ResponseBody": {
        "error": {
          "code": "SecretNotFound",
          "message": "Deleted Secret not found: livekvtestcrud-secretfdf23015"
        }
      }
    },
    {
      "RequestUri": "https://vaultname.vault.azure.net/deletedsecrets/livekvtestcrud-secretfdf23015?api-version=7.3-preview",
      "RequestMethod": "GET",
      "RequestHeaders": {
        "Accept": "application/json",
        "Accept-Encoding": "gzip, deflate",
        "Authorization": "Sanitized",
        "User-Agent": "azsdk-python-keyvault-secrets/4.4.0b3 Python/3.9.9 (Windows-10-10.0.22000-SP0)",
        "x-ms-client-request-id": "0d794ddc-7ef6-11ec-aba5-a04a5ed0778b"
      },
      "RequestBody": null,
      "StatusCode": 403,
      "ResponseHeaders": {
        "Cache-Control": "no-cache",
        "Content-Length": "132",
        "Content-Type": "application/json; charset=utf-8",
        "Date": "Wed, 26 Jan 2022 22:19:39 GMT",
        "Expires": "-1",
        "Pragma": "no-cache",
        "Strict-Transport-Security": "max-age=31536000;includeSubDomains",
        "X-Content-Type-Options": "nosniff",
        "x-ms-client-request-id": "0d794ddc-7ef6-11ec-aba5-a04a5ed0778b",
        "x-ms-keyvault-network-info": "conn_type=Ipv4;addr=73.232.137.144;act_addr_fam=InterNetwork;",
        "x-ms-keyvault-rbac-assignment-id": "2a42f885-5438-555f-9227-cab2da59c7a9",
        "x-ms-keyvault-rbac-cache": "ra_age=28;da_age=28;rd_age=28;brd_age=20129;ra_notif_age=620;dec_lev=0;",
        "x-ms-keyvault-region": "westus2",
        "x-ms-keyvault-service-version": "1.9.264.2",
        "x-ms-request-id": "e94f2ed2-056c-4a74-a0f9-c3415e7089a3",
        "X-Powered-By": "ASP.NET"
      },
      "ResponseBody": {
        "error": {
          "code": "Forbidden",
          "message": "Operation get is not allowed on a disabled secret.",
          "innererror": {
            "code": "SecretDisabled"
          }
        }
      }
    }
  ],
  "Variables": {}
}
