interactions:
- request:
    body: null
    headers:
      Accept: [application/json]
      Accept-Encoding: ['gzip, deflate']
      Connection: [keep-alive]
      Content-Length: ['0']
      Content-Type: [application/json; charset=utf-8]
      User-Agent: [azsdk-python-keyvault-secrets/4.0.0b4 Python/3.6.6 (Windows-10-10.0.18362-SP0)]
    method: PUT
    uri: https://vault8bf41593ca13d40ee5.vault.azure.net/secrets/sec0?api-version=7.0
  response:
    body: {string: '{"error":{"code":"Unauthorized","message":"Request is missing
        a Bearer or PoP token."}}'}
    headers:
      cache-control: [no-cache]
      content-length: ['87']
      content-type: [application/json; charset=utf-8]
      date: ['Fri, 04 Oct 2019 18:16:01 GMT']
      expires: ['-1']
      pragma: [no-cache]
      server: [Microsoft-IIS/10.0]
      strict-transport-security: [max-age=31536000;includeSubDomains]
      www-authenticate: ['Bearer authorization="https://login.windows.net/72f988bf-86f1-41af-91ab-2d7cd011db47",
          resource="https://vault.azure.net"']
      x-aspnet-version: [4.0.30319]
      x-content-type-options: [nosniff]
      x-ms-keyvault-network-info: [addr=131.107.160.72;act_addr_fam=InterNetwork;]
      x-ms-keyvault-region: [westus]
      x-ms-keyvault-service-version: [1.1.0.879]
      x-powered-by: [ASP.NET]
    status: {code: 401, message: Unauthorized}
- request:
    body: '{"value": "secVal013d40ee5"}'
    headers:
      Accept: [application/json]
      Accept-Encoding: ['gzip, deflate']
      Connection: [keep-alive]
      Content-Length: ['28']
      Content-Type: [application/json; charset=utf-8]
      User-Agent: [azsdk-python-keyvault-secrets/4.0.0b4 Python/3.6.6 (Windows-10-10.0.18362-SP0)]
    method: PUT
    uri: https://vault8bf41593ca13d40ee5.vault.azure.net/secrets/sec0?api-version=7.0
  response:
    body: {string: '{"value":"secVal013d40ee5","id":"https://vault8bf41593ca13d40ee5.vault.azure.net/secrets/sec0/b8f097c6271141bb836d8bd0b2a8282d","attributes":{"enabled":true,"created":1570212961,"updated":1570212961,"recoveryLevel":"Purgeable"}}'}
    headers:
      cache-control: [no-cache]
      content-length: ['228']
      content-type: [application/json; charset=utf-8]
      date: ['Fri, 04 Oct 2019 18:16:01 GMT']
      expires: ['-1']
      pragma: [no-cache]
      server: [Microsoft-IIS/10.0]
      strict-transport-security: [max-age=31536000;includeSubDomains]
      x-aspnet-version: [4.0.30319]
      x-content-type-options: [nosniff]
      x-ms-keyvault-network-info: [addr=131.107.160.72;act_addr_fam=InterNetwork;]
      x-ms-keyvault-region: [westus]
      x-ms-keyvault-service-version: [1.1.0.879]
      x-powered-by: [ASP.NET]
    status: {code: 200, message: OK}
- request:
    body: '{"value": "secVal113d40ee5"}'
    headers:
      Accept: [application/json]
      Accept-Encoding: ['gzip, deflate']
      Connection: [keep-alive]
      Content-Length: ['28']
      Content-Type: [application/json; charset=utf-8]
      User-Agent: [azsdk-python-keyvault-secrets/4.0.0b4 Python/3.6.6 (Windows-10-10.0.18362-SP0)]
    method: PUT
    uri: https://vault8bf41593ca13d40ee5.vault.azure.net/secrets/sec1?api-version=7.0
  response:
    body: {string: '{"value":"secVal113d40ee5","id":"https://vault8bf41593ca13d40ee5.vault.azure.net/secrets/sec1/697eabbb1053479188fa181a72305d18","attributes":{"enabled":true,"created":1570212962,"updated":1570212962,"recoveryLevel":"Purgeable"}}'}
    headers:
      cache-control: [no-cache]
      content-length: ['228']
      content-type: [application/json; charset=utf-8]
      date: ['Fri, 04 Oct 2019 18:16:01 GMT']
      expires: ['-1']
      pragma: [no-cache]
      server: [Microsoft-IIS/10.0]
      strict-transport-security: [max-age=31536000;includeSubDomains]
      x-aspnet-version: [4.0.30319]
      x-content-type-options: [nosniff]
      x-ms-keyvault-network-info: [addr=131.107.160.72;act_addr_fam=InterNetwork;]
      x-ms-keyvault-region: [westus]
      x-ms-keyvault-service-version: [1.1.0.879]
      x-powered-by: [ASP.NET]
    status: {code: 200, message: OK}
- request:
    body: '{"value": "secVal213d40ee5"}'
    headers:
      Accept: [application/json]
      Accept-Encoding: ['gzip, deflate']
      Connection: [keep-alive]
      Content-Length: ['28']
      Content-Type: [application/json; charset=utf-8]
      User-Agent: [azsdk-python-keyvault-secrets/4.0.0b4 Python/3.6.6 (Windows-10-10.0.18362-SP0)]
    method: PUT
    uri: https://vault8bf41593ca13d40ee5.vault.azure.net/secrets/sec2?api-version=7.0
  response:
    body: {string: '{"value":"secVal213d40ee5","id":"https://vault8bf41593ca13d40ee5.vault.azure.net/secrets/sec2/61e011ff57654d5897a4d7724e002f1f","attributes":{"enabled":true,"created":1570212962,"updated":1570212962,"recoveryLevel":"Purgeable"}}'}
    headers:
      cache-control: [no-cache]
      content-length: ['228']
      content-type: [application/json; charset=utf-8]
      date: ['Fri, 04 Oct 2019 18:16:01 GMT']
      expires: ['-1']
      pragma: [no-cache]
      server: [Microsoft-IIS/10.0]
      strict-transport-security: [max-age=31536000;includeSubDomains]
      x-aspnet-version: [4.0.30319]
      x-content-type-options: [nosniff]
      x-ms-keyvault-network-info: [addr=131.107.160.72;act_addr_fam=InterNetwork;]
      x-ms-keyvault-region: [westus]
      x-ms-keyvault-service-version: [1.1.0.879]
      x-powered-by: [ASP.NET]
    status: {code: 200, message: OK}
- request:
    body: '{"value": "secVal313d40ee5"}'
    headers:
      Accept: [application/json]
      Accept-Encoding: ['gzip, deflate']
      Connection: [keep-alive]
      Content-Length: ['28']
      Content-Type: [application/json; charset=utf-8]
      User-Agent: [azsdk-python-keyvault-secrets/4.0.0b4 Python/3.6.6 (Windows-10-10.0.18362-SP0)]
    method: PUT
    uri: https://vault8bf41593ca13d40ee5.vault.azure.net/secrets/sec3?api-version=7.0
  response:
    body: {string: '{"value":"secVal313d40ee5","id":"https://vault8bf41593ca13d40ee5.vault.azure.net/secrets/sec3/8b32952da97649b5a8905add705db560","attributes":{"enabled":true,"created":1570212962,"updated":1570212962,"recoveryLevel":"Purgeable"}}'}
    headers:
      cache-control: [no-cache]
      content-length: ['228']
      content-type: [application/json; charset=utf-8]
      date: ['Fri, 04 Oct 2019 18:16:01 GMT']
      expires: ['-1']
      pragma: [no-cache]
      server: [Microsoft-IIS/10.0]
      strict-transport-security: [max-age=31536000;includeSubDomains]
      x-aspnet-version: [4.0.30319]
      x-content-type-options: [nosniff]
      x-ms-keyvault-network-info: [addr=131.107.160.72;act_addr_fam=InterNetwork;]
      x-ms-keyvault-region: [westus]
      x-ms-keyvault-service-version: [1.1.0.879]
      x-powered-by: [ASP.NET]
    status: {code: 200, message: OK}
- request:
    body: '{"value": "secVal413d40ee5"}'
    headers:
      Accept: [application/json]
      Accept-Encoding: ['gzip, deflate']
      Connection: [keep-alive]
      Content-Length: ['28']
      Content-Type: [application/json; charset=utf-8]
      User-Agent: [azsdk-python-keyvault-secrets/4.0.0b4 Python/3.6.6 (Windows-10-10.0.18362-SP0)]
    method: PUT
    uri: https://vault8bf41593ca13d40ee5.vault.azure.net/secrets/sec4?api-version=7.0
  response:
    body: {string: '{"value":"secVal413d40ee5","id":"https://vault8bf41593ca13d40ee5.vault.azure.net/secrets/sec4/776301e9952144879fe0a08f97fdfe29","attributes":{"enabled":true,"created":1570212962,"updated":1570212962,"recoveryLevel":"Purgeable"}}'}
    headers:
      cache-control: [no-cache]
      content-length: ['228']
      content-type: [application/json; charset=utf-8]
      date: ['Fri, 04 Oct 2019 18:16:01 GMT']
      expires: ['-1']
      pragma: [no-cache]
      server: [Microsoft-IIS/10.0]
      strict-transport-security: [max-age=31536000;includeSubDomains]
      x-aspnet-version: [4.0.30319]
      x-content-type-options: [nosniff]
      x-ms-keyvault-network-info: [addr=131.107.160.72;act_addr_fam=InterNetwork;]
      x-ms-keyvault-region: [westus]
      x-ms-keyvault-service-version: [1.1.0.879]
      x-powered-by: [ASP.NET]
    status: {code: 200, message: OK}
- request:
    body: '{"value": "secVal513d40ee5"}'
    headers:
      Accept: [application/json]
      Accept-Encoding: ['gzip, deflate']
      Connection: [keep-alive]
      Content-Length: ['28']
      Content-Type: [application/json; charset=utf-8]
      User-Agent: [azsdk-python-keyvault-secrets/4.0.0b4 Python/3.6.6 (Windows-10-10.0.18362-SP0)]
    method: PUT
    uri: https://vault8bf41593ca13d40ee5.vault.azure.net/secrets/sec5?api-version=7.0
  response:
    body: {string: '{"value":"secVal513d40ee5","id":"https://vault8bf41593ca13d40ee5.vault.azure.net/secrets/sec5/9a25cb5416bb4f069546cceae150f863","attributes":{"enabled":true,"created":1570212962,"updated":1570212962,"recoveryLevel":"Purgeable"}}'}
    headers:
      cache-control: [no-cache]
      content-length: ['228']
      content-type: [application/json; charset=utf-8]
      date: ['Fri, 04 Oct 2019 18:16:02 GMT']
      expires: ['-1']
      pragma: [no-cache]
      server: [Microsoft-IIS/10.0]
      strict-transport-security: [max-age=31536000;includeSubDomains]
      x-aspnet-version: [4.0.30319]
      x-content-type-options: [nosniff]
      x-ms-keyvault-network-info: [addr=131.107.160.72;act_addr_fam=InterNetwork;]
      x-ms-keyvault-region: [westus]
      x-ms-keyvault-service-version: [1.1.0.879]
      x-powered-by: [ASP.NET]
    status: {code: 200, message: OK}
- request:
    body: '{"value": "secVal613d40ee5"}'
    headers:
      Accept: [application/json]
      Accept-Encoding: ['gzip, deflate']
      Connection: [keep-alive]
      Content-Length: ['28']
      Content-Type: [application/json; charset=utf-8]
      User-Agent: [azsdk-python-keyvault-secrets/4.0.0b4 Python/3.6.6 (Windows-10-10.0.18362-SP0)]
    method: PUT
    uri: https://vault8bf41593ca13d40ee5.vault.azure.net/secrets/sec6?api-version=7.0
  response:
    body: {string: '{"value":"secVal613d40ee5","id":"https://vault8bf41593ca13d40ee5.vault.azure.net/secrets/sec6/c7c8756bea0642c1aa1dcbcac8342f55","attributes":{"enabled":true,"created":1570212962,"updated":1570212962,"recoveryLevel":"Purgeable"}}'}
    headers:
      cache-control: [no-cache]
      content-length: ['228']
      content-type: [application/json; charset=utf-8]
      date: ['Fri, 04 Oct 2019 18:16:02 GMT']
      expires: ['-1']
      pragma: [no-cache]
      server: [Microsoft-IIS/10.0]
      strict-transport-security: [max-age=31536000;includeSubDomains]
      x-aspnet-version: [4.0.30319]
      x-content-type-options: [nosniff]
      x-ms-keyvault-network-info: [addr=131.107.160.72;act_addr_fam=InterNetwork;]
      x-ms-keyvault-region: [westus]
      x-ms-keyvault-service-version: [1.1.0.879]
      x-powered-by: [ASP.NET]
    status: {code: 200, message: OK}
- request:
    body: null
    headers:
      Accept: [application/json]
      Accept-Encoding: ['gzip, deflate']
      Connection: [keep-alive]
      User-Agent: [azsdk-python-keyvault-secrets/4.0.0b4 Python/3.6.6 (Windows-10-10.0.18362-SP0)]
    method: GET
    uri: https://vault8bf41593ca13d40ee5.vault.azure.net/secrets?maxresults=7&api-version=7.0
  response:
    body: {string: '{"value":[{"id":"https://vault8bf41593ca13d40ee5.vault.azure.net/secrets/sec0","attributes":{"enabled":true,"created":1570212961,"updated":1570212961,"recoveryLevel":"Purgeable"}},{"id":"https://vault8bf41593ca13d40ee5.vault.azure.net/secrets/sec1","attributes":{"enabled":true,"created":1570212962,"updated":1570212962,"recoveryLevel":"Purgeable"}},{"id":"https://vault8bf41593ca13d40ee5.vault.azure.net/secrets/sec2","attributes":{"enabled":true,"created":1570212962,"updated":1570212962,"recoveryLevel":"Purgeable"}},{"id":"https://vault8bf41593ca13d40ee5.vault.azure.net/secrets/sec3","attributes":{"enabled":true,"created":1570212962,"updated":1570212962,"recoveryLevel":"Purgeable"}},{"id":"https://vault8bf41593ca13d40ee5.vault.azure.net/secrets/sec4","attributes":{"enabled":true,"created":1570212962,"updated":1570212962,"recoveryLevel":"Purgeable"}},{"id":"https://vault8bf41593ca13d40ee5.vault.azure.net/secrets/sec5","attributes":{"enabled":true,"created":1570212962,"updated":1570212962,"recoveryLevel":"Purgeable"}},{"id":"https://vault8bf41593ca13d40ee5.vault.azure.net/secrets/sec6","attributes":{"enabled":true,"created":1570212962,"updated":1570212962,"recoveryLevel":"Purgeable"}}],"nextLink":null}'}
    headers:
      cache-control: [no-cache]
      content-length: ['1217']
      content-type: [application/json; charset=utf-8]
      date: ['Fri, 04 Oct 2019 18:16:02 GMT']
      expires: ['-1']
      pragma: [no-cache]
      server: [Microsoft-IIS/10.0]
      strict-transport-security: [max-age=31536000;includeSubDomains]
      x-aspnet-version: [4.0.30319]
      x-content-type-options: [nosniff]
      x-ms-keyvault-network-info: [addr=131.107.160.72;act_addr_fam=InterNetwork;]
      x-ms-keyvault-region: [westus]
      x-ms-keyvault-service-version: [1.1.0.879]
      x-powered-by: [ASP.NET]
    status: {code: 200, message: OK}
version: 1
