{
  "Entries": [
    {
      "RequestUri": "https://vaultname.vault.azure.net/secrets/livekvtestsecret066492eb4?api-version=7.1",
      "RequestMethod": "PUT",
      "RequestHeaders": {
        "Accept": "application/json",
        "Accept-Encoding": "gzip, deflate",
        "Connection": "keep-alive",
        "Content-Length": "0",
        "Content-Type": "application/json",
        "User-Agent": "azsdk-python-keyvault-secrets/4.4.0b4 Python/3.9.9 (Windows-10-10.0.22000-SP0)"
      },
      "RequestBody": null,
      "StatusCode": 401,
      "ResponseHeaders": {
        "Cache-Control": "no-cache",
        "Content-Length": "97",
        "Content-Type": "application/json; charset=utf-8",
        "Date": "Tue, 22 Mar 2022 14:37:09 GMT",
        "Expires": "-1",
        "Pragma": "no-cache",
        "Strict-Transport-Security": "max-age=31536000;includeSubDomains",
        "WWW-Authenticate": "Bearer authorization=\u0022https://login.windows.net/00000000-0000-0000-0000-000000000000\u0022, resource=\u0022https://vault.azure.net\u0022",
        "X-Content-Type-Options": "nosniff",
        "x-ms-keyvault-network-info": "conn_type=Ipv4;addr=73.232.137.144;act_addr_fam=InterNetwork;",
        "x-ms-keyvault-region": "westus2",
        "x-ms-keyvault-service-version": "1.9.331.5",
        "X-Powered-By": "ASP.NET"
      },
      "ResponseBody": {
        "error": {
          "code": "Unauthorized",
          "message": "AKV10000: Request is missing a Bearer or PoP token."
        }
      }
    },
    {
      "RequestUri": "https://login.microsoftonline.com/00000000-0000-0000-0000-000000000000/v2.0/.well-known/openid-configuration",
      "RequestMethod": "GET",
      "RequestHeaders": {
        "Accept": "*/*",
        "Accept-Encoding": "gzip, deflate",
        "Connection": "keep-alive",
        "User-Agent": "azsdk-python-identity/1.9.0b2 Python/3.9.9 (Windows-10-10.0.22000-SP0)"
      },
      "RequestBody": null,
      "StatusCode": 200,
      "ResponseHeaders": {
        "Access-Control-Allow-Methods": "GET, OPTIONS",
        "Access-Control-Allow-Origin": "*",
        "Cache-Control": "max-age=86400, private",
        "Content-Length": "1753",
        "Content-Type": "application/json; charset=utf-8",
        "Date": "Tue, 22 Mar 2022 14:37:09 GMT",
        "P3P": "CP=\u0022DSP CUR OTPi IND OTRi ONL FIN\u0022",
        "Set-Cookie": [
          "fpc=AqZXgDSxOxROiw446zFk2axEVPdwAgAAAMvVy9kOAAAA; expires=Thu, 21-Apr-2022 14:37:10 GMT; path=/; secure; HttpOnly; SameSite=None",
          "x-ms-gateway-slice=estsfd; path=/; secure; samesite=none; httponly",
          "stsservicecookie=estsfd; path=/; secure; samesite=none; httponly"
        ],
        "Strict-Transport-Security": "max-age=31536000; includeSubDomains",
        "X-Content-Type-Options": "nosniff",
        "x-ms-ests-server": "2.1.12559.10 - NCUS ProdSlices"
      },
      "ResponseBody": {
        "token_endpoint": "https://login.microsoftonline.com/00000000-0000-0000-0000-000000000000/oauth2/v2.0/token",
        "token_endpoint_auth_methods_supported": [
          "client_secret_post",
          "private_key_jwt",
          "client_secret_basic"
        ],
        "jwks_uri": "https://login.microsoftonline.com/00000000-0000-0000-0000-000000000000/discovery/v2.0/keys",
        "response_modes_supported": [
          "query",
          "fragment",
          "form_post"
        ],
        "subject_types_supported": [
          "pairwise"
        ],
        "id_token_signing_alg_values_supported": [
          "RS256"
        ],
        "response_types_supported": [
          "code",
          "id_token",
          "code id_token",
          "id_token token"
        ],
        "scopes_supported": [
          "openid",
          "profile",
          "email",
          "offline_access"
        ],
        "issuer": "https://login.microsoftonline.com/00000000-0000-0000-0000-000000000000/v2.0",
        "request_uri_parameter_supported": false,
        "userinfo_endpoint": "https://graph.microsoft.com/oidc/userinfo",
        "authorization_endpoint": "https://login.microsoftonline.com/00000000-0000-0000-0000-000000000000/oauth2/v2.0/authorize",
        "device_authorization_endpoint": "https://login.microsoftonline.com/00000000-0000-0000-0000-000000000000/oauth2/v2.0/devicecode",
        "http_logout_supported": true,
        "frontchannel_logout_supported": true,
        "end_session_endpoint": "https://login.microsoftonline.com/00000000-0000-0000-0000-000000000000/oauth2/v2.0/logout",
        "claims_supported": [
          "sub",
          "iss",
          "cloud_instance_name",
          "cloud_instance_host_name",
          "cloud_graph_host_name",
          "msgraph_host",
          "aud",
          "exp",
          "iat",
          "auth_time",
          "acr",
          "nonce",
          "preferred_username",
          "name",
          "tid",
          "ver",
          "at_hash",
          "c_hash",
          "email"
        ],
        "kerberos_endpoint": "https://login.microsoftonline.com/00000000-0000-0000-0000-000000000000/kerberos",
        "tenant_region_scope": "WW",
        "cloud_instance_name": "microsoftonline.com",
        "cloud_graph_host_name": "graph.windows.net",
        "msgraph_host": "graph.microsoft.com",
        "rbac_url": "https://pas.windows.net"
      }
    },
    {
      "RequestUri": "https://login.microsoftonline.com/common/discovery/instance?api-version=1.1\u0026authorization_endpoint=https://login.microsoftonline.com/common/oauth2/authorize",
      "RequestMethod": "GET",
      "RequestHeaders": {
        "Accept": "application/json",
        "Accept-Encoding": "gzip, deflate",
        "Connection": "keep-alive",
        "Cookie": "fpc=AqZXgDSxOxROiw446zFk2axEVPdwAgAAAMvVy9kOAAAA; stsservicecookie=estsfd; x-ms-gateway-slice=estsfd",
        "User-Agent": "azsdk-python-identity/1.9.0b2 Python/3.9.9 (Windows-10-10.0.22000-SP0)"
      },
      "RequestBody": null,
      "StatusCode": 200,
      "ResponseHeaders": {
        "Access-Control-Allow-Methods": "GET, OPTIONS",
        "Access-Control-Allow-Origin": "*",
        "Cache-Control": "max-age=86400, private",
        "Content-Length": "945",
        "Content-Type": "application/json; charset=utf-8",
        "Date": "Tue, 22 Mar 2022 14:37:09 GMT",
        "P3P": "CP=\u0022DSP CUR OTPi IND OTRi ONL FIN\u0022",
        "Set-Cookie": [
          "fpc=AqZXgDSxOxROiw446zFk2axEVPdwAgAAAMvVy9kOAAAA; expires=Thu, 21-Apr-2022 14:37:10 GMT; path=/; secure; HttpOnly; SameSite=None",
          "x-ms-gateway-slice=estsfd; path=/; secure; samesite=none; httponly",
          "stsservicecookie=estsfd; path=/; secure; samesite=none; httponly"
        ],
        "Strict-Transport-Security": "max-age=31536000; includeSubDomains",
        "X-Content-Type-Options": "nosniff",
        "x-ms-ests-server": "2.1.12559.10 - SCUS ProdSlices"
      },
      "ResponseBody": {
        "tenant_discovery_endpoint": "https://login.microsoftonline.com/common/.well-known/openid-configuration",
        "api-version": "1.1",
        "metadata": [
          {
            "preferred_network": "login.microsoftonline.com",
            "preferred_cache": "login.windows.net",
            "aliases": [
              "login.microsoftonline.com",
              "login.windows.net",
              "login.microsoft.com",
              "sts.windows.net"
            ]
          },
          {
            "preferred_network": "login.partner.microsoftonline.cn",
            "preferred_cache": "login.partner.microsoftonline.cn",
            "aliases": [
              "login.partner.microsoftonline.cn",
              "login.chinacloudapi.cn"
            ]
          },
          {
            "preferred_network": "login.microsoftonline.de",
            "preferred_cache": "login.microsoftonline.de",
            "aliases": [
              "login.microsoftonline.de"
            ]
          },
          {
            "preferred_network": "login.microsoftonline.us",
            "preferred_cache": "login.microsoftonline.us",
            "aliases": [
              "login.microsoftonline.us",
              "login.usgovcloudapi.net"
            ]
          },
          {
            "preferred_network": "login-us.microsoftonline.com",
            "preferred_cache": "login-us.microsoftonline.com",
            "aliases": [
              "login-us.microsoftonline.com"
            ]
          }
        ]
      }
    },
    {
      "RequestUri": "https://vaultname.vault.azure.net/secrets/livekvtestsecret066492eb4?api-version=7.1",
      "RequestMethod": "PUT",
      "RequestHeaders": {
        "Accept": "application/json",
        "Accept-Encoding": "gzip, deflate",
        "Connection": "keep-alive",
        "Content-Length": "19",
        "Content-Type": "application/json",
        "User-Agent": "azsdk-python-keyvault-secrets/4.4.0b4 Python/3.9.9 (Windows-10-10.0.22000-SP0)"
      },
      "RequestBody": {
        "value": "value0"
      },
      "StatusCode": 200,
      "ResponseHeaders": {
        "Cache-Control": "no-cache",
        "Content-Length": "268",
        "Content-Type": "application/json; charset=utf-8",
        "Date": "Tue, 22 Mar 2022 14:37:10 GMT",
        "Expires": "-1",
        "Pragma": "no-cache",
        "Strict-Transport-Security": "max-age=31536000;includeSubDomains",
        "X-Content-Type-Options": "nosniff",
        "x-ms-keyvault-network-info": "conn_type=Ipv4;addr=73.232.137.144;act_addr_fam=InterNetwork;",
        "x-ms-keyvault-rbac-assignment-id": "5cc36b53-efe1-53a9-910b-08c8418541bf",
        "x-ms-keyvault-rbac-cache": "ra_age=778;da_age=2212;rd_age=2212;brd_age=8850;ra_notif_age=1064;dec_lev=1;",
        "x-ms-keyvault-region": "westus2",
        "x-ms-keyvault-service-version": "1.9.331.5",
        "X-Powered-By": "ASP.NET"
      },
      "ResponseBody": {
        "value": "value0",
        "id": "https://vaultname.vault.azure.net/secrets/livekvtestsecret066492eb4/fd721942e41f4139b4b5f756dd116e25",
        "attributes": {
          "enabled": true,
          "created": 1647959830,
          "updated": 1647959830,
          "recoveryLevel": "CustomizedRecoverable\u002BPurgeable",
          "recoverableDays": 7
        }
      }
    },
    {
      "RequestUri": "https://vaultname.vault.azure.net/secrets/livekvtestsecret166492eb4?api-version=7.1",
      "RequestMethod": "PUT",
      "RequestHeaders": {
        "Accept": "application/json",
        "Accept-Encoding": "gzip, deflate",
        "Connection": "keep-alive",
        "Content-Length": "19",
        "Content-Type": "application/json",
        "User-Agent": "azsdk-python-keyvault-secrets/4.4.0b4 Python/3.9.9 (Windows-10-10.0.22000-SP0)"
      },
      "RequestBody": {
        "value": "value1"
      },
      "StatusCode": 200,
      "ResponseHeaders": {
        "Cache-Control": "no-cache",
        "Content-Length": "268",
        "Content-Type": "application/json; charset=utf-8",
        "Date": "Tue, 22 Mar 2022 14:37:10 GMT",
        "Expires": "-1",
        "Pragma": "no-cache",
        "Strict-Transport-Security": "max-age=31536000;includeSubDomains",
        "X-Content-Type-Options": "nosniff",
        "x-ms-keyvault-network-info": "conn_type=Ipv4;addr=73.232.137.144;act_addr_fam=InterNetwork;",
        "x-ms-keyvault-rbac-assignment-id": "5cc36b53-efe1-53a9-910b-08c8418541bf",
        "x-ms-keyvault-rbac-cache": "ra_age=778;da_age=2212;rd_age=2212;brd_age=8850;ra_notif_age=1064;dec_lev=1;",
        "x-ms-keyvault-region": "westus2",
        "x-ms-keyvault-service-version": "1.9.331.5",
        "X-Powered-By": "ASP.NET"
      },
      "ResponseBody": {
        "value": "value1",
        "id": "https://vaultname.vault.azure.net/secrets/livekvtestsecret166492eb4/ee657cf4bc9f490ebe259ad22123b7d3",
        "attributes": {
          "enabled": true,
          "created": 1647959831,
          "updated": 1647959831,
          "recoveryLevel": "CustomizedRecoverable\u002BPurgeable",
          "recoverableDays": 7
        }
      }
    },
    {
      "RequestUri": "https://vaultname.vault.azure.net/secrets/livekvtestsecret266492eb4?api-version=7.1",
      "RequestMethod": "PUT",
      "RequestHeaders": {
        "Accept": "application/json",
        "Accept-Encoding": "gzip, deflate",
        "Connection": "keep-alive",
        "Content-Length": "19",
        "Content-Type": "application/json",
        "User-Agent": "azsdk-python-keyvault-secrets/4.4.0b4 Python/3.9.9 (Windows-10-10.0.22000-SP0)"
      },
      "RequestBody": {
        "value": "value2"
      },
      "StatusCode": 200,
      "ResponseHeaders": {
        "Cache-Control": "no-cache",
        "Content-Length": "268",
        "Content-Type": "application/json; charset=utf-8",
        "Date": "Tue, 22 Mar 2022 14:37:10 GMT",
        "Expires": "-1",
        "Pragma": "no-cache",
        "Strict-Transport-Security": "max-age=31536000;includeSubDomains",
        "X-Content-Type-Options": "nosniff",
        "x-ms-keyvault-network-info": "conn_type=Ipv4;addr=73.232.137.144;act_addr_fam=InterNetwork;",
        "x-ms-keyvault-rbac-assignment-id": "5cc36b53-efe1-53a9-910b-08c8418541bf",
        "x-ms-keyvault-rbac-cache": "ra_age=778;da_age=2212;rd_age=2212;brd_age=8851;ra_notif_age=1064;dec_lev=1;",
        "x-ms-keyvault-region": "westus2",
        "x-ms-keyvault-service-version": "1.9.331.5",
        "X-Powered-By": "ASP.NET"
      },
      "ResponseBody": {
        "value": "value2",
        "id": "https://vaultname.vault.azure.net/secrets/livekvtestsecret266492eb4/3673e67b79e1444bbcb1ead8a00dd6e7",
        "attributes": {
          "enabled": true,
          "created": 1647959831,
          "updated": 1647959831,
          "recoveryLevel": "CustomizedRecoverable\u002BPurgeable",
          "recoverableDays": 7
        }
      }
    },
    {
      "RequestUri": "https://vaultname.vault.azure.net/secrets/livekvtestsecret366492eb4?api-version=7.1",
      "RequestMethod": "PUT",
      "RequestHeaders": {
        "Accept": "application/json",
        "Accept-Encoding": "gzip, deflate",
        "Connection": "keep-alive",
        "Content-Length": "19",
        "Content-Type": "application/json",
        "User-Agent": "azsdk-python-keyvault-secrets/4.4.0b4 Python/3.9.9 (Windows-10-10.0.22000-SP0)"
      },
      "RequestBody": {
        "value": "value3"
      },
      "StatusCode": 200,
      "ResponseHeaders": {
        "Cache-Control": "no-cache",
        "Content-Length": "268",
        "Content-Type": "application/json; charset=utf-8",
        "Date": "Tue, 22 Mar 2022 14:37:10 GMT",
        "Expires": "-1",
        "Pragma": "no-cache",
        "Strict-Transport-Security": "max-age=31536000;includeSubDomains",
        "X-Content-Type-Options": "nosniff",
        "x-ms-keyvault-network-info": "conn_type=Ipv4;addr=73.232.137.144;act_addr_fam=InterNetwork;",
        "x-ms-keyvault-rbac-assignment-id": "5cc36b53-efe1-53a9-910b-08c8418541bf",
        "x-ms-keyvault-rbac-cache": "ra_age=778;da_age=2213;rd_age=2213;brd_age=8851;ra_notif_age=1064;dec_lev=1;",
        "x-ms-keyvault-region": "westus2",
        "x-ms-keyvault-service-version": "1.9.331.5",
        "X-Powered-By": "ASP.NET"
      },
      "ResponseBody": {
        "value": "value3",
        "id": "https://vaultname.vault.azure.net/secrets/livekvtestsecret366492eb4/17e694a9137348c49576aa4ef753e85f",
        "attributes": {
          "enabled": true,
          "created": 1647959831,
          "updated": 1647959831,
          "recoveryLevel": "CustomizedRecoverable\u002BPurgeable",
          "recoverableDays": 7
        }
      }
    },
    {
      "RequestUri": "https://vaultname.vault.azure.net/secrets/livekvtestsecret466492eb4?api-version=7.1",
      "RequestMethod": "PUT",
      "RequestHeaders": {
        "Accept": "application/json",
        "Accept-Encoding": "gzip, deflate",
        "Connection": "keep-alive",
        "Content-Length": "19",
        "Content-Type": "application/json",
        "User-Agent": "azsdk-python-keyvault-secrets/4.4.0b4 Python/3.9.9 (Windows-10-10.0.22000-SP0)"
      },
      "RequestBody": {
        "value": "value4"
      },
      "StatusCode": 200,
      "ResponseHeaders": {
        "Cache-Control": "no-cache",
        "Content-Length": "268",
        "Content-Type": "application/json; charset=utf-8",
        "Date": "Tue, 22 Mar 2022 14:37:10 GMT",
        "Expires": "-1",
        "Pragma": "no-cache",
        "Strict-Transport-Security": "max-age=31536000;includeSubDomains",
        "X-Content-Type-Options": "nosniff",
        "x-ms-keyvault-network-info": "conn_type=Ipv4;addr=73.232.137.144;act_addr_fam=InterNetwork;",
        "x-ms-keyvault-rbac-assignment-id": "5cc36b53-efe1-53a9-910b-08c8418541bf",
        "x-ms-keyvault-rbac-cache": "ra_age=778;da_age=2213;rd_age=2213;brd_age=8851;ra_notif_age=1064;dec_lev=1;",
        "x-ms-keyvault-region": "westus2",
        "x-ms-keyvault-service-version": "1.9.331.5",
        "X-Powered-By": "ASP.NET"
      },
      "ResponseBody": {
        "value": "value4",
        "id": "https://vaultname.vault.azure.net/secrets/livekvtestsecret466492eb4/9df5ec7346e7469f850066aa2df14027",
        "attributes": {
          "enabled": true,
          "created": 1647959831,
          "updated": 1647959831,
          "recoveryLevel": "CustomizedRecoverable\u002BPurgeable",
          "recoverableDays": 7
        }
      }
    },
    {
      "RequestUri": "https://vaultname.vault.azure.net/secrets/livekvtestsecret566492eb4?api-version=7.1",
      "RequestMethod": "PUT",
      "RequestHeaders": {
        "Accept": "application/json",
        "Accept-Encoding": "gzip, deflate",
        "Connection": "keep-alive",
        "Content-Length": "19",
        "Content-Type": "application/json",
        "User-Agent": "azsdk-python-keyvault-secrets/4.4.0b4 Python/3.9.9 (Windows-10-10.0.22000-SP0)"
      },
      "RequestBody": {
        "value": "value5"
      },
      "StatusCode": 200,
      "ResponseHeaders": {
        "Cache-Control": "no-cache",
        "Content-Length": "268",
        "Content-Type": "application/json; charset=utf-8",
        "Date": "Tue, 22 Mar 2022 14:37:10 GMT",
        "Expires": "-1",
        "Pragma": "no-cache",
        "Strict-Transport-Security": "max-age=31536000;includeSubDomains",
        "X-Content-Type-Options": "nosniff",
        "x-ms-keyvault-network-info": "conn_type=Ipv4;addr=73.232.137.144;act_addr_fam=InterNetwork;",
        "x-ms-keyvault-rbac-assignment-id": "5cc36b53-efe1-53a9-910b-08c8418541bf",
        "x-ms-keyvault-rbac-cache": "ra_age=778;da_age=2213;rd_age=2213;brd_age=8851;ra_notif_age=1064;dec_lev=1;",
        "x-ms-keyvault-region": "westus2",
        "x-ms-keyvault-service-version": "1.9.331.5",
        "X-Powered-By": "ASP.NET"
      },
      "ResponseBody": {
        "value": "value5",
        "id": "https://vaultname.vault.azure.net/secrets/livekvtestsecret566492eb4/6e5025dfff994af390a718d56d651f10",
        "attributes": {
          "enabled": true,
          "created": 1647959831,
          "updated": 1647959831,
          "recoveryLevel": "CustomizedRecoverable\u002BPurgeable",
          "recoverableDays": 7
        }
      }
    },
    {
      "RequestUri": "https://vaultname.vault.azure.net/secrets/livekvtestsecret666492eb4?api-version=7.1",
      "RequestMethod": "PUT",
      "RequestHeaders": {
        "Accept": "application/json",
        "Accept-Encoding": "gzip, deflate",
        "Connection": "keep-alive",
        "Content-Length": "19",
        "Content-Type": "application/json",
        "User-Agent": "azsdk-python-keyvault-secrets/4.4.0b4 Python/3.9.9 (Windows-10-10.0.22000-SP0)"
      },
      "RequestBody": {
        "value": "value6"
      },
      "StatusCode": 200,
      "ResponseHeaders": {
        "Cache-Control": "no-cache",
        "Content-Length": "268",
        "Content-Type": "application/json; charset=utf-8",
        "Date": "Tue, 22 Mar 2022 14:37:10 GMT",
        "Expires": "-1",
        "Pragma": "no-cache",
        "Strict-Transport-Security": "max-age=31536000;includeSubDomains",
        "X-Content-Type-Options": "nosniff",
        "x-ms-keyvault-network-info": "conn_type=Ipv4;addr=73.232.137.144;act_addr_fam=InterNetwork;",
        "x-ms-keyvault-rbac-assignment-id": "5cc36b53-efe1-53a9-910b-08c8418541bf",
        "x-ms-keyvault-rbac-cache": "ra_age=779;da_age=2213;rd_age=2213;brd_age=8851;ra_notif_age=1065;dec_lev=1;",
        "x-ms-keyvault-region": "westus2",
        "x-ms-keyvault-service-version": "1.9.331.5",
        "X-Powered-By": "ASP.NET"
      },
      "ResponseBody": {
        "value": "value6",
        "id": "https://vaultname.vault.azure.net/secrets/livekvtestsecret666492eb4/8cadaa9437794eeab14f04b6b1a52898",
        "attributes": {
          "enabled": true,
          "created": 1647959831,
          "updated": 1647959831,
          "recoveryLevel": "CustomizedRecoverable\u002BPurgeable",
          "recoverableDays": 7
        }
      }
    },
    {
      "RequestUri": "https://vaultname.vault.azure.net/secrets/livekvtestsecret066492eb4?api-version=7.1",
      "RequestMethod": "DELETE",
      "RequestHeaders": {
        "Accept": "application/json",
        "Accept-Encoding": "gzip, deflate",
        "Connection": "keep-alive",
        "Content-Length": "0",
        "User-Agent": "azsdk-python-keyvault-secrets/4.4.0b4 Python/3.9.9 (Windows-10-10.0.22000-SP0)"
      },
      "RequestBody": null,
      "StatusCode": 200,
      "ResponseHeaders": {
        "Cache-Control": "no-cache",
        "Content-Length": "398",
        "Content-Type": "application/json; charset=utf-8",
        "Date": "Tue, 22 Mar 2022 14:37:11 GMT",
        "Expires": "-1",
        "Pragma": "no-cache",
        "Strict-Transport-Security": "max-age=31536000;includeSubDomains",
        "X-Content-Type-Options": "nosniff",
        "x-ms-keyvault-network-info": "conn_type=Ipv4;addr=73.232.137.144;act_addr_fam=InterNetwork;",
        "x-ms-keyvault-rbac-assignment-id": "5cc36b53-efe1-53a9-910b-08c8418541bf",
        "x-ms-keyvault-rbac-cache": "ra_age=779;da_age=2213;rd_age=2213;brd_age=8851;ra_notif_age=1065;dec_lev=1;",
        "x-ms-keyvault-region": "westus2",
        "x-ms-keyvault-service-version": "1.9.331.5",
        "X-Powered-By": "ASP.NET"
      },
      "ResponseBody": {
        "recoveryId": "https://vaultname.vault.azure.net/deletedsecrets/livekvtestsecret066492eb4",
        "deletedDate": 1647959831,
        "scheduledPurgeDate": 1648564631,
        "id": "https://vaultname.vault.azure.net/secrets/livekvtestsecret066492eb4/fd721942e41f4139b4b5f756dd116e25",
        "attributes": {
          "enabled": true,
          "created": 1647959830,
          "updated": 1647959830,
          "recoveryLevel": "CustomizedRecoverable\u002BPurgeable",
          "recoverableDays": 7
        }
      }
    },
    {
      "RequestUri": "https://vaultname.vault.azure.net/deletedsecrets/livekvtestsecret066492eb4?api-version=7.1",
      "RequestMethod": "GET",
      "RequestHeaders": {
        "Accept": "application/json",
        "Accept-Encoding": "gzip, deflate",
        "Connection": "keep-alive",
        "User-Agent": "azsdk-python-keyvault-secrets/4.4.0b4 Python/3.9.9 (Windows-10-10.0.22000-SP0)"
      },
      "RequestBody": null,
      "StatusCode": 404,
      "ResponseHeaders": {
        "Cache-Control": "no-cache",
        "Content-Length": "99",
        "Content-Type": "application/json; charset=utf-8",
        "Date": "Tue, 22 Mar 2022 14:37:11 GMT",
        "Expires": "-1",
        "Pragma": "no-cache",
        "Strict-Transport-Security": "max-age=31536000;includeSubDomains",
        "X-Content-Type-Options": "nosniff",
        "x-ms-keyvault-network-info": "conn_type=Ipv4;addr=73.232.137.144;act_addr_fam=InterNetwork;",
        "x-ms-keyvault-rbac-assignment-id": "5cc36b53-efe1-53a9-910b-08c8418541bf",
        "x-ms-keyvault-rbac-cache": "ra_age=779;da_age=2213;rd_age=2213;brd_age=8852;ra_notif_age=1065;dec_lev=1;",
        "x-ms-keyvault-region": "westus2",
        "x-ms-keyvault-service-version": "1.9.331.5",
        "X-Powered-By": "ASP.NET"
      },
      "ResponseBody": {
        "error": {
          "code": "SecretNotFound",
          "message": "Deleted Secret not found: livekvtestsecret066492eb4"
        }
      }
    },
    {
      "RequestUri": "https://vaultname.vault.azure.net/deletedsecrets/livekvtestsecret066492eb4?api-version=7.1",
      "RequestMethod": "GET",
      "RequestHeaders": {
        "Accept": "application/json",
        "Accept-Encoding": "gzip, deflate",
        "Connection": "keep-alive",
        "User-Agent": "azsdk-python-keyvault-secrets/4.4.0b4 Python/3.9.9 (Windows-10-10.0.22000-SP0)"
      },
      "RequestBody": null,
      "StatusCode": 404,
      "ResponseHeaders": {
        "Cache-Control": "no-cache",
        "Content-Length": "99",
        "Content-Type": "application/json; charset=utf-8",
        "Date": "Tue, 22 Mar 2022 14:37:14 GMT",
        "Expires": "-1",
        "Pragma": "no-cache",
        "Strict-Transport-Security": "max-age=31536000;includeSubDomains",
        "X-Content-Type-Options": "nosniff",
        "x-ms-keyvault-network-info": "conn_type=Ipv4;addr=73.232.137.144;act_addr_fam=InterNetwork;",
        "x-ms-keyvault-rbac-assignment-id": "5cc36b53-efe1-53a9-910b-08c8418541bf",
        "x-ms-keyvault-rbac-cache": "ra_age=781;da_age=2215;rd_age=2215;brd_age=8854;ra_notif_age=1067;dec_lev=0;",
        "x-ms-keyvault-region": "westus2",
        "x-ms-keyvault-service-version": "1.9.331.5",
        "X-Powered-By": "ASP.NET"
      },
      "ResponseBody": {
        "error": {
          "code": "SecretNotFound",
          "message": "Deleted Secret not found: livekvtestsecret066492eb4"
        }
      }
    },
    {
      "RequestUri": "https://vaultname.vault.azure.net/deletedsecrets/livekvtestsecret066492eb4?api-version=7.1",
      "RequestMethod": "GET",
      "RequestHeaders": {
        "Accept": "application/json",
        "Accept-Encoding": "gzip, deflate",
        "Connection": "keep-alive",
        "User-Agent": "azsdk-python-keyvault-secrets/4.4.0b4 Python/3.9.9 (Windows-10-10.0.22000-SP0)"
      },
      "RequestBody": null,
      "StatusCode": 200,
      "ResponseHeaders": {
        "Cache-Control": "no-cache",
        "Content-Length": "398",
        "Content-Type": "application/json; charset=utf-8",
        "Date": "Tue, 22 Mar 2022 14:37:16 GMT",
        "Expires": "-1",
        "Pragma": "no-cache",
        "Strict-Transport-Security": "max-age=31536000;includeSubDomains",
        "X-Content-Type-Options": "nosniff",
        "x-ms-keyvault-network-info": "conn_type=Ipv4;addr=73.232.137.144;act_addr_fam=InterNetwork;",
        "x-ms-keyvault-rbac-assignment-id": "5cc36b53-efe1-53a9-910b-08c8418541bf",
        "x-ms-keyvault-rbac-cache": "ra_age=783;da_age=2218;rd_age=2218;brd_age=8856;ra_notif_age=1069;dec_lev=0;",
        "x-ms-keyvault-region": "westus2",
        "x-ms-keyvault-service-version": "1.9.331.5",
        "X-Powered-By": "ASP.NET"
      },
      "ResponseBody": {
        "recoveryId": "https://vaultname.vault.azure.net/deletedsecrets/livekvtestsecret066492eb4",
        "deletedDate": 1647959831,
        "scheduledPurgeDate": 1648564631,
        "id": "https://vaultname.vault.azure.net/secrets/livekvtestsecret066492eb4/fd721942e41f4139b4b5f756dd116e25",
        "attributes": {
          "enabled": true,
          "created": 1647959830,
          "updated": 1647959830,
          "recoveryLevel": "CustomizedRecoverable\u002BPurgeable",
          "recoverableDays": 7
        }
      }
    },
    {
      "RequestUri": "https://vaultname.vault.azure.net/secrets/livekvtestsecret166492eb4?api-version=7.1",
      "RequestMethod": "DELETE",
      "RequestHeaders": {
        "Accept": "application/json",
        "Accept-Encoding": "gzip, deflate",
        "Connection": "keep-alive",
        "Content-Length": "0",
        "User-Agent": "azsdk-python-keyvault-secrets/4.4.0b4 Python/3.9.9 (Windows-10-10.0.22000-SP0)"
      },
      "RequestBody": null,
      "StatusCode": 200,
      "ResponseHeaders": {
        "Cache-Control": "no-cache",
        "Content-Length": "398",
        "Content-Type": "application/json; charset=utf-8",
        "Date": "Tue, 22 Mar 2022 14:37:16 GMT",
        "Expires": "-1",
        "Pragma": "no-cache",
        "Strict-Transport-Security": "max-age=31536000;includeSubDomains",
        "X-Content-Type-Options": "nosniff",
        "x-ms-keyvault-network-info": "conn_type=Ipv4;addr=73.232.137.144;act_addr_fam=InterNetwork;",
        "x-ms-keyvault-rbac-assignment-id": "5cc36b53-efe1-53a9-910b-08c8418541bf",
        "x-ms-keyvault-rbac-cache": "ra_age=783;da_age=2218;rd_age=2218;brd_age=8856;ra_notif_age=1069;dec_lev=1;",
        "x-ms-keyvault-region": "westus2",
        "x-ms-keyvault-service-version": "1.9.331.5",
        "X-Powered-By": "ASP.NET"
      },
      "ResponseBody": {
        "recoveryId": "https://vaultname.vault.azure.net/deletedsecrets/livekvtestsecret166492eb4",
        "deletedDate": 1647959836,
        "scheduledPurgeDate": 1648564636,
        "id": "https://vaultname.vault.azure.net/secrets/livekvtestsecret166492eb4/ee657cf4bc9f490ebe259ad22123b7d3",
        "attributes": {
          "enabled": true,
          "created": 1647959831,
          "updated": 1647959831,
          "recoveryLevel": "CustomizedRecoverable\u002BPurgeable",
          "recoverableDays": 7
        }
      }
    },
    {
      "RequestUri": "https://vaultname.vault.azure.net/deletedsecrets/livekvtestsecret166492eb4?api-version=7.1",
      "RequestMethod": "GET",
      "RequestHeaders": {
        "Accept": "application/json",
        "Accept-Encoding": "gzip, deflate",
        "Connection": "keep-alive",
        "User-Agent": "azsdk-python-keyvault-secrets/4.4.0b4 Python/3.9.9 (Windows-10-10.0.22000-SP0)"
      },
      "RequestBody": null,
      "StatusCode": 404,
      "ResponseHeaders": {
        "Cache-Control": "no-cache",
        "Content-Length": "99",
        "Content-Type": "application/json; charset=utf-8",
        "Date": "Tue, 22 Mar 2022 14:37:16 GMT",
        "Expires": "-1",
        "Pragma": "no-cache",
        "Strict-Transport-Security": "max-age=31536000;includeSubDomains",
        "X-Content-Type-Options": "nosniff",
        "x-ms-keyvault-network-info": "conn_type=Ipv4;addr=73.232.137.144;act_addr_fam=InterNetwork;",
        "x-ms-keyvault-rbac-assignment-id": "5cc36b53-efe1-53a9-910b-08c8418541bf",
        "x-ms-keyvault-rbac-cache": "ra_age=783;da_age=2218;rd_age=2218;brd_age=8856;ra_notif_age=1069;dec_lev=1;",
        "x-ms-keyvault-region": "westus2",
        "x-ms-keyvault-service-version": "1.9.331.5",
        "X-Powered-By": "ASP.NET"
      },
      "ResponseBody": {
        "error": {
          "code": "SecretNotFound",
          "message": "Deleted Secret not found: livekvtestsecret166492eb4"
        }
      }
    },
    {
      "RequestUri": "https://vaultname.vault.azure.net/deletedsecrets/livekvtestsecret166492eb4?api-version=7.1",
      "RequestMethod": "GET",
      "RequestHeaders": {
        "Accept": "application/json",
        "Accept-Encoding": "gzip, deflate",
        "Connection": "keep-alive",
        "User-Agent": "azsdk-python-keyvault-secrets/4.4.0b4 Python/3.9.9 (Windows-10-10.0.22000-SP0)"
      },
      "RequestBody": null,
      "StatusCode": 404,
      "ResponseHeaders": {
        "Cache-Control": "no-cache",
        "Content-Length": "99",
        "Content-Type": "application/json; charset=utf-8",
        "Date": "Tue, 22 Mar 2022 14:37:18 GMT",
        "Expires": "-1",
        "Pragma": "no-cache",
        "Strict-Transport-Security": "max-age=31536000;includeSubDomains",
        "X-Content-Type-Options": "nosniff",
        "x-ms-keyvault-network-info": "conn_type=Ipv4;addr=73.232.137.144;act_addr_fam=InterNetwork;",
        "x-ms-keyvault-rbac-assignment-id": "5cc36b53-efe1-53a9-910b-08c8418541bf",
        "x-ms-keyvault-rbac-cache": "ra_age=785;da_age=2220;rd_age=2220;brd_age=8858;ra_notif_age=1071;dec_lev=0;",
        "x-ms-keyvault-region": "westus2",
        "x-ms-keyvault-service-version": "1.9.331.5",
        "X-Powered-By": "ASP.NET"
      },
      "ResponseBody": {
        "error": {
          "code": "SecretNotFound",
          "message": "Deleted Secret not found: livekvtestsecret166492eb4"
        }
      }
    },
    {
      "RequestUri": "https://vaultname.vault.azure.net/deletedsecrets/livekvtestsecret166492eb4?api-version=7.1",
      "RequestMethod": "GET",
      "RequestHeaders": {
        "Accept": "application/json",
        "Accept-Encoding": "gzip, deflate",
        "Connection": "keep-alive",
        "User-Agent": "azsdk-python-keyvault-secrets/4.4.0b4 Python/3.9.9 (Windows-10-10.0.22000-SP0)"
      },
      "RequestBody": null,
      "StatusCode": 200,
      "ResponseHeaders": {
        "Cache-Control": "no-cache",
        "Content-Length": "398",
        "Content-Type": "application/json; charset=utf-8",
        "Date": "Tue, 22 Mar 2022 14:37:20 GMT",
        "Expires": "-1",
        "Pragma": "no-cache",
        "Strict-Transport-Security": "max-age=31536000;includeSubDomains",
        "X-Content-Type-Options": "nosniff",
        "x-ms-keyvault-network-info": "conn_type=Ipv4;addr=73.232.137.144;act_addr_fam=InterNetwork;",
        "x-ms-keyvault-rbac-assignment-id": "5cc36b53-efe1-53a9-910b-08c8418541bf",
        "x-ms-keyvault-rbac-cache": "ra_age=788;da_age=2222;rd_age=2222;brd_age=8860;ra_notif_age=1074;dec_lev=0;",
        "x-ms-keyvault-region": "westus2",
        "x-ms-keyvault-service-version": "1.9.331.5",
        "X-Powered-By": "ASP.NET"
      },
      "ResponseBody": {
        "recoveryId": "https://vaultname.vault.azure.net/deletedsecrets/livekvtestsecret166492eb4",
        "deletedDate": 1647959836,
        "scheduledPurgeDate": 1648564636,
        "id": "https://vaultname.vault.azure.net/secrets/livekvtestsecret166492eb4/ee657cf4bc9f490ebe259ad22123b7d3",
        "attributes": {
          "enabled": true,
          "created": 1647959831,
          "updated": 1647959831,
          "recoveryLevel": "CustomizedRecoverable\u002BPurgeable",
          "recoverableDays": 7
        }
      }
    },
    {
      "RequestUri": "https://vaultname.vault.azure.net/secrets/livekvtestsecret266492eb4?api-version=7.1",
      "RequestMethod": "DELETE",
      "RequestHeaders": {
        "Accept": "application/json",
        "Accept-Encoding": "gzip, deflate",
        "Connection": "keep-alive",
        "Content-Length": "0",
        "User-Agent": "azsdk-python-keyvault-secrets/4.4.0b4 Python/3.9.9 (Windows-10-10.0.22000-SP0)"
      },
      "RequestBody": null,
      "StatusCode": 200,
      "ResponseHeaders": {
        "Cache-Control": "no-cache",
        "Content-Length": "398",
        "Content-Type": "application/json; charset=utf-8",
        "Date": "Tue, 22 Mar 2022 14:37:20 GMT",
        "Expires": "-1",
        "Pragma": "no-cache",
        "Strict-Transport-Security": "max-age=31536000;includeSubDomains",
        "X-Content-Type-Options": "nosniff",
        "x-ms-keyvault-network-info": "conn_type=Ipv4;addr=73.232.137.144;act_addr_fam=InterNetwork;",
        "x-ms-keyvault-rbac-assignment-id": "5cc36b53-efe1-53a9-910b-08c8418541bf",
        "x-ms-keyvault-rbac-cache": "ra_age=788;da_age=2222;rd_age=2222;brd_age=8860;ra_notif_age=1074;dec_lev=1;",
        "x-ms-keyvault-region": "westus2",
        "x-ms-keyvault-service-version": "1.9.331.5",
        "X-Powered-By": "ASP.NET"
      },
      "ResponseBody": {
        "recoveryId": "https://vaultname.vault.azure.net/deletedsecrets/livekvtestsecret266492eb4",
        "deletedDate": 1647959840,
        "scheduledPurgeDate": 1648564640,
        "id": "https://vaultname.vault.azure.net/secrets/livekvtestsecret266492eb4/3673e67b79e1444bbcb1ead8a00dd6e7",
        "attributes": {
          "enabled": true,
          "created": 1647959831,
          "updated": 1647959831,
          "recoveryLevel": "CustomizedRecoverable\u002BPurgeable",
          "recoverableDays": 7
        }
      }
    },
    {
      "RequestUri": "https://vaultname.vault.azure.net/deletedsecrets/livekvtestsecret266492eb4?api-version=7.1",
      "RequestMethod": "GET",
      "RequestHeaders": {
        "Accept": "application/json",
        "Accept-Encoding": "gzip, deflate",
        "Connection": "keep-alive",
        "User-Agent": "azsdk-python-keyvault-secrets/4.4.0b4 Python/3.9.9 (Windows-10-10.0.22000-SP0)"
      },
      "RequestBody": null,
      "StatusCode": 404,
      "ResponseHeaders": {
        "Cache-Control": "no-cache",
        "Content-Length": "99",
        "Content-Type": "application/json; charset=utf-8",
        "Date": "Tue, 22 Mar 2022 14:37:20 GMT",
        "Expires": "-1",
        "Pragma": "no-cache",
        "Strict-Transport-Security": "max-age=31536000;includeSubDomains",
        "X-Content-Type-Options": "nosniff",
        "x-ms-keyvault-network-info": "conn_type=Ipv4;addr=73.232.137.144;act_addr_fam=InterNetwork;",
        "x-ms-keyvault-rbac-assignment-id": "5cc36b53-efe1-53a9-910b-08c8418541bf",
        "x-ms-keyvault-rbac-cache": "ra_age=788;da_age=2222;rd_age=2222;brd_age=8861;ra_notif_age=1074;dec_lev=1;",
        "x-ms-keyvault-region": "westus2",
        "x-ms-keyvault-service-version": "1.9.331.5",
        "X-Powered-By": "ASP.NET"
      },
      "ResponseBody": {
        "error": {
          "code": "SecretNotFound",
          "message": "Deleted Secret not found: livekvtestsecret266492eb4"
        }
      }
    },
    {
      "RequestUri": "https://vaultname.vault.azure.net/deletedsecrets/livekvtestsecret266492eb4?api-version=7.1",
      "RequestMethod": "GET",
      "RequestHeaders": {
        "Accept": "application/json",
        "Accept-Encoding": "gzip, deflate",
        "Connection": "keep-alive",
        "User-Agent": "azsdk-python-keyvault-secrets/4.4.0b4 Python/3.9.9 (Windows-10-10.0.22000-SP0)"
      },
      "RequestBody": null,
      "StatusCode": 404,
      "ResponseHeaders": {
        "Cache-Control": "no-cache",
        "Content-Length": "99",
        "Content-Type": "application/json; charset=utf-8",
        "Date": "Tue, 22 Mar 2022 14:37:22 GMT",
        "Expires": "-1",
        "Pragma": "no-cache",
        "Strict-Transport-Security": "max-age=31536000;includeSubDomains",
        "X-Content-Type-Options": "nosniff",
        "x-ms-keyvault-network-info": "conn_type=Ipv4;addr=73.232.137.144;act_addr_fam=InterNetwork;",
        "x-ms-keyvault-rbac-assignment-id": "5cc36b53-efe1-53a9-910b-08c8418541bf",
        "x-ms-keyvault-rbac-cache": "ra_age=790;da_age=2224;rd_age=2224;brd_age=8863;ra_notif_age=1076;dec_lev=0;",
        "x-ms-keyvault-region": "westus2",
        "x-ms-keyvault-service-version": "1.9.331.5",
        "X-Powered-By": "ASP.NET"
      },
      "ResponseBody": {
        "error": {
          "code": "SecretNotFound",
          "message": "Deleted Secret not found: livekvtestsecret266492eb4"
        }
      }
    },
    {
      "RequestUri": "https://vaultname.vault.azure.net/deletedsecrets/livekvtestsecret266492eb4?api-version=7.1",
      "RequestMethod": "GET",
      "RequestHeaders": {
        "Accept": "application/json",
        "Accept-Encoding": "gzip, deflate",
        "Connection": "keep-alive",
        "User-Agent": "azsdk-python-keyvault-secrets/4.4.0b4 Python/3.9.9 (Windows-10-10.0.22000-SP0)"
      },
      "RequestBody": null,
      "StatusCode": 200,
      "ResponseHeaders": {
        "Cache-Control": "no-cache",
        "Content-Length": "398",
        "Content-Type": "application/json; charset=utf-8",
        "Date": "Tue, 22 Mar 2022 14:37:25 GMT",
        "Expires": "-1",
        "Pragma": "no-cache",
        "Strict-Transport-Security": "max-age=31536000;includeSubDomains",
        "X-Content-Type-Options": "nosniff",
        "x-ms-keyvault-network-info": "conn_type=Ipv4;addr=73.232.137.144;act_addr_fam=InterNetwork;",
        "x-ms-keyvault-rbac-assignment-id": "5cc36b53-efe1-53a9-910b-08c8418541bf",
        "x-ms-keyvault-rbac-cache": "ra_age=792;da_age=2226;rd_age=2226;brd_age=8865;ra_notif_age=1078;dec_lev=0;",
        "x-ms-keyvault-region": "westus2",
        "x-ms-keyvault-service-version": "1.9.331.5",
        "X-Powered-By": "ASP.NET"
      },
      "ResponseBody": {
        "recoveryId": "https://vaultname.vault.azure.net/deletedsecrets/livekvtestsecret266492eb4",
        "deletedDate": 1647959840,
        "scheduledPurgeDate": 1648564640,
        "id": "https://vaultname.vault.azure.net/secrets/livekvtestsecret266492eb4/3673e67b79e1444bbcb1ead8a00dd6e7",
        "attributes": {
          "enabled": true,
          "created": 1647959831,
          "updated": 1647959831,
          "recoveryLevel": "CustomizedRecoverable\u002BPurgeable",
          "recoverableDays": 7
        }
      }
    },
    {
      "RequestUri": "https://vaultname.vault.azure.net/secrets/livekvtestsecret366492eb4?api-version=7.1",
      "RequestMethod": "DELETE",
      "RequestHeaders": {
        "Accept": "application/json",
        "Accept-Encoding": "gzip, deflate",
        "Connection": "keep-alive",
        "Content-Length": "0",
        "User-Agent": "azsdk-python-keyvault-secrets/4.4.0b4 Python/3.9.9 (Windows-10-10.0.22000-SP0)"
      },
      "RequestBody": null,
      "StatusCode": 200,
      "ResponseHeaders": {
        "Cache-Control": "no-cache",
        "Content-Length": "398",
        "Content-Type": "application/json; charset=utf-8",
        "Date": "Tue, 22 Mar 2022 14:37:25 GMT",
        "Expires": "-1",
        "Pragma": "no-cache",
        "Strict-Transport-Security": "max-age=31536000;includeSubDomains",
        "X-Content-Type-Options": "nosniff",
        "x-ms-keyvault-network-info": "conn_type=Ipv4;addr=73.232.137.144;act_addr_fam=InterNetwork;",
        "x-ms-keyvault-rbac-assignment-id": "5cc36b53-efe1-53a9-910b-08c8418541bf",
        "x-ms-keyvault-rbac-cache": "ra_age=792;da_age=2227;rd_age=2227;brd_age=8865;ra_notif_age=1078;dec_lev=1;",
        "x-ms-keyvault-region": "westus2",
        "x-ms-keyvault-service-version": "1.9.331.5",
        "X-Powered-By": "ASP.NET"
      },
      "ResponseBody": {
        "recoveryId": "https://vaultname.vault.azure.net/deletedsecrets/livekvtestsecret366492eb4",
        "deletedDate": 1647959845,
        "scheduledPurgeDate": 1648564645,
        "id": "https://vaultname.vault.azure.net/secrets/livekvtestsecret366492eb4/17e694a9137348c49576aa4ef753e85f",
        "attributes": {
          "enabled": true,
          "created": 1647959831,
          "updated": 1647959831,
          "recoveryLevel": "CustomizedRecoverable\u002BPurgeable",
          "recoverableDays": 7
        }
      }
    },
    {
      "RequestUri": "https://vaultname.vault.azure.net/deletedsecrets/livekvtestsecret366492eb4?api-version=7.1",
      "RequestMethod": "GET",
      "RequestHeaders": {
        "Accept": "application/json",
        "Accept-Encoding": "gzip, deflate",
        "Connection": "keep-alive",
        "User-Agent": "azsdk-python-keyvault-secrets/4.4.0b4 Python/3.9.9 (Windows-10-10.0.22000-SP0)"
      },
      "RequestBody": null,
      "StatusCode": 404,
      "ResponseHeaders": {
        "Cache-Control": "no-cache",
        "Content-Length": "99",
        "Content-Type": "application/json; charset=utf-8",
        "Date": "Tue, 22 Mar 2022 14:37:25 GMT",
        "Expires": "-1",
        "Pragma": "no-cache",
        "Strict-Transport-Security": "max-age=31536000;includeSubDomains",
        "X-Content-Type-Options": "nosniff",
        "x-ms-keyvault-network-info": "conn_type=Ipv4;addr=73.232.137.144;act_addr_fam=InterNetwork;",
        "x-ms-keyvault-rbac-assignment-id": "5cc36b53-efe1-53a9-910b-08c8418541bf",
        "x-ms-keyvault-rbac-cache": "ra_age=792;da_age=2227;rd_age=2227;brd_age=8865;ra_notif_age=1078;dec_lev=1;",
        "x-ms-keyvault-region": "westus2",
        "x-ms-keyvault-service-version": "1.9.331.5",
        "X-Powered-By": "ASP.NET"
      },
      "ResponseBody": {
        "error": {
          "code": "SecretNotFound",
          "message": "Deleted Secret not found: livekvtestsecret366492eb4"
        }
      }
    },
    {
      "RequestUri": "https://vaultname.vault.azure.net/deletedsecrets/livekvtestsecret366492eb4?api-version=7.1",
      "RequestMethod": "GET",
      "RequestHeaders": {
        "Accept": "application/json",
        "Accept-Encoding": "gzip, deflate",
        "Connection": "keep-alive",
        "User-Agent": "azsdk-python-keyvault-secrets/4.4.0b4 Python/3.9.9 (Windows-10-10.0.22000-SP0)"
      },
      "RequestBody": null,
      "StatusCode": 200,
      "ResponseHeaders": {
        "Cache-Control": "no-cache",
        "Content-Length": "398",
        "Content-Type": "application/json; charset=utf-8",
        "Date": "Tue, 22 Mar 2022 14:37:27 GMT",
        "Expires": "-1",
        "Pragma": "no-cache",
        "Strict-Transport-Security": "max-age=31536000;includeSubDomains",
        "X-Content-Type-Options": "nosniff",
        "x-ms-keyvault-network-info": "conn_type=Ipv4;addr=73.232.137.144;act_addr_fam=InterNetwork;",
        "x-ms-keyvault-rbac-assignment-id": "5cc36b53-efe1-53a9-910b-08c8418541bf",
        "x-ms-keyvault-rbac-cache": "ra_age=794;da_age=2229;rd_age=2229;brd_age=8867;ra_notif_age=1080;dec_lev=0;",
        "x-ms-keyvault-region": "westus2",
        "x-ms-keyvault-service-version": "1.9.331.5",
        "X-Powered-By": "ASP.NET"
      },
      "ResponseBody": {
        "recoveryId": "https://vaultname.vault.azure.net/deletedsecrets/livekvtestsecret366492eb4",
        "deletedDate": 1647959845,
        "scheduledPurgeDate": 1648564645,
        "id": "https://vaultname.vault.azure.net/secrets/livekvtestsecret366492eb4/17e694a9137348c49576aa4ef753e85f",
        "attributes": {
          "enabled": true,
          "created": 1647959831,
          "updated": 1647959831,
          "recoveryLevel": "CustomizedRecoverable\u002BPurgeable",
          "recoverableDays": 7
        }
      }
    },
    {
      "RequestUri": "https://vaultname.vault.azure.net/secrets/livekvtestsecret466492eb4?api-version=7.1",
      "RequestMethod": "DELETE",
      "RequestHeaders": {
        "Accept": "application/json",
        "Accept-Encoding": "gzip, deflate",
        "Connection": "keep-alive",
        "Content-Length": "0",
        "User-Agent": "azsdk-python-keyvault-secrets/4.4.0b4 Python/3.9.9 (Windows-10-10.0.22000-SP0)"
      },
      "RequestBody": null,
      "StatusCode": 200,
      "ResponseHeaders": {
        "Cache-Control": "no-cache",
        "Content-Length": "398",
        "Content-Type": "application/json; charset=utf-8",
        "Date": "Tue, 22 Mar 2022 14:37:27 GMT",
        "Expires": "-1",
        "Pragma": "no-cache",
        "Strict-Transport-Security": "max-age=31536000;includeSubDomains",
        "X-Content-Type-Options": "nosniff",
        "x-ms-keyvault-network-info": "conn_type=Ipv4;addr=73.232.137.144;act_addr_fam=InterNetwork;",
        "x-ms-keyvault-rbac-assignment-id": "5cc36b53-efe1-53a9-910b-08c8418541bf",
        "x-ms-keyvault-rbac-cache": "ra_age=794;da_age=2229;rd_age=2229;brd_age=8867;ra_notif_age=1081;dec_lev=1;",
        "x-ms-keyvault-region": "westus2",
        "x-ms-keyvault-service-version": "1.9.331.5",
        "X-Powered-By": "ASP.NET"
      },
      "ResponseBody": {
        "recoveryId": "https://vaultname.vault.azure.net/deletedsecrets/livekvtestsecret466492eb4",
        "deletedDate": 1647959847,
        "scheduledPurgeDate": 1648564647,
        "id": "https://vaultname.vault.azure.net/secrets/livekvtestsecret466492eb4/9df5ec7346e7469f850066aa2df14027",
        "attributes": {
          "enabled": true,
          "created": 1647959831,
          "updated": 1647959831,
          "recoveryLevel": "CustomizedRecoverable\u002BPurgeable",
          "recoverableDays": 7
        }
      }
    },
    {
      "RequestUri": "https://vaultname.vault.azure.net/deletedsecrets/livekvtestsecret466492eb4?api-version=7.1",
      "RequestMethod": "GET",
      "RequestHeaders": {
        "Accept": "application/json",
        "Accept-Encoding": "gzip, deflate",
        "Connection": "keep-alive",
        "User-Agent": "azsdk-python-keyvault-secrets/4.4.0b4 Python/3.9.9 (Windows-10-10.0.22000-SP0)"
      },
      "RequestBody": null,
      "StatusCode": 404,
      "ResponseHeaders": {
        "Cache-Control": "no-cache",
        "Content-Length": "99",
        "Content-Type": "application/json; charset=utf-8",
        "Date": "Tue, 22 Mar 2022 14:37:27 GMT",
        "Expires": "-1",
        "Pragma": "no-cache",
        "Strict-Transport-Security": "max-age=31536000;includeSubDomains",
        "X-Content-Type-Options": "nosniff",
        "x-ms-keyvault-network-info": "conn_type=Ipv4;addr=73.232.137.144;act_addr_fam=InterNetwork;",
        "x-ms-keyvault-rbac-assignment-id": "5cc36b53-efe1-53a9-910b-08c8418541bf",
        "x-ms-keyvault-rbac-cache": "ra_age=795;da_age=2229;rd_age=2229;brd_age=8867;ra_notif_age=1081;dec_lev=1;",
        "x-ms-keyvault-region": "westus2",
        "x-ms-keyvault-service-version": "1.9.331.5",
        "X-Powered-By": "ASP.NET"
      },
      "ResponseBody": {
        "error": {
          "code": "SecretNotFound",
          "message": "Deleted Secret not found: livekvtestsecret466492eb4"
        }
      }
    },
    {
      "RequestUri": "https://vaultname.vault.azure.net/deletedsecrets/livekvtestsecret466492eb4?api-version=7.1",
      "RequestMethod": "GET",
      "RequestHeaders": {
        "Accept": "application/json",
        "Accept-Encoding": "gzip, deflate",
        "Connection": "keep-alive",
        "User-Agent": "azsdk-python-keyvault-secrets/4.4.0b4 Python/3.9.9 (Windows-10-10.0.22000-SP0)"
      },
      "RequestBody": null,
      "StatusCode": 404,
      "ResponseHeaders": {
        "Cache-Control": "no-cache",
        "Content-Length": "99",
        "Content-Type": "application/json; charset=utf-8",
        "Date": "Tue, 22 Mar 2022 14:37:29 GMT",
        "Expires": "-1",
        "Pragma": "no-cache",
        "Strict-Transport-Security": "max-age=31536000;includeSubDomains",
        "X-Content-Type-Options": "nosniff",
        "x-ms-keyvault-network-info": "conn_type=Ipv4;addr=73.232.137.144;act_addr_fam=InterNetwork;",
        "x-ms-keyvault-rbac-assignment-id": "5cc36b53-efe1-53a9-910b-08c8418541bf",
        "x-ms-keyvault-rbac-cache": "ra_age=797;da_age=2231;rd_age=2231;brd_age=8869;ra_notif_age=1083;dec_lev=0;",
        "x-ms-keyvault-region": "westus2",
        "x-ms-keyvault-service-version": "1.9.331.5",
        "X-Powered-By": "ASP.NET"
      },
      "ResponseBody": {
        "error": {
          "code": "SecretNotFound",
          "message": "Deleted Secret not found: livekvtestsecret466492eb4"
        }
      }
    },
    {
      "RequestUri": "https://vaultname.vault.azure.net/deletedsecrets/livekvtestsecret466492eb4?api-version=7.1",
      "RequestMethod": "GET",
      "RequestHeaders": {
        "Accept": "application/json",
        "Accept-Encoding": "gzip, deflate",
        "Connection": "keep-alive",
        "User-Agent": "azsdk-python-keyvault-secrets/4.4.0b4 Python/3.9.9 (Windows-10-10.0.22000-SP0)"
      },
      "RequestBody": null,
      "StatusCode": 200,
      "ResponseHeaders": {
        "Cache-Control": "no-cache",
        "Content-Length": "398",
        "Content-Type": "application/json; charset=utf-8",
        "Date": "Tue, 22 Mar 2022 14:37:31 GMT",
        "Expires": "-1",
        "Pragma": "no-cache",
        "Strict-Transport-Security": "max-age=31536000;includeSubDomains",
        "X-Content-Type-Options": "nosniff",
        "x-ms-keyvault-network-info": "conn_type=Ipv4;addr=73.232.137.144;act_addr_fam=InterNetwork;",
        "x-ms-keyvault-rbac-assignment-id": "5cc36b53-efe1-53a9-910b-08c8418541bf",
        "x-ms-keyvault-rbac-cache": "ra_age=799;da_age=2233;rd_age=2233;brd_age=8872;ra_notif_age=1085;dec_lev=0;",
        "x-ms-keyvault-region": "westus2",
        "x-ms-keyvault-service-version": "1.9.331.5",
        "X-Powered-By": "ASP.NET"
      },
      "ResponseBody": {
        "recoveryId": "https://vaultname.vault.azure.net/deletedsecrets/livekvtestsecret466492eb4",
        "deletedDate": 1647959847,
        "scheduledPurgeDate": 1648564647,
        "id": "https://vaultname.vault.azure.net/secrets/livekvtestsecret466492eb4/9df5ec7346e7469f850066aa2df14027",
        "attributes": {
          "enabled": true,
          "created": 1647959831,
          "updated": 1647959831,
          "recoveryLevel": "CustomizedRecoverable\u002BPurgeable",
          "recoverableDays": 7
        }
      }
    },
    {
      "RequestUri": "https://vaultname.vault.azure.net/secrets/livekvtestsecret566492eb4?api-version=7.1",
      "RequestMethod": "DELETE",
      "RequestHeaders": {
        "Accept": "application/json",
        "Accept-Encoding": "gzip, deflate",
        "Connection": "keep-alive",
        "Content-Length": "0",
        "User-Agent": "azsdk-python-keyvault-secrets/4.4.0b4 Python/3.9.9 (Windows-10-10.0.22000-SP0)"
      },
      "RequestBody": null,
      "StatusCode": 200,
      "ResponseHeaders": {
        "Cache-Control": "no-cache",
        "Content-Length": "398",
        "Content-Type": "application/json; charset=utf-8",
        "Date": "Tue, 22 Mar 2022 14:37:31 GMT",
        "Expires": "-1",
        "Pragma": "no-cache",
        "Strict-Transport-Security": "max-age=31536000;includeSubDomains",
        "X-Content-Type-Options": "nosniff",
        "x-ms-keyvault-network-info": "conn_type=Ipv4;addr=73.232.137.144;act_addr_fam=InterNetwork;",
        "x-ms-keyvault-rbac-assignment-id": "5cc36b53-efe1-53a9-910b-08c8418541bf",
        "x-ms-keyvault-rbac-cache": "ra_age=799;da_age=2233;rd_age=2233;brd_age=8872;ra_notif_age=1085;dec_lev=1;",
        "x-ms-keyvault-region": "westus2",
        "x-ms-keyvault-service-version": "1.9.331.5",
        "X-Powered-By": "ASP.NET"
      },
      "ResponseBody": {
        "recoveryId": "https://vaultname.vault.azure.net/deletedsecrets/livekvtestsecret566492eb4",
        "deletedDate": 1647959852,
        "scheduledPurgeDate": 1648564652,
        "id": "https://vaultname.vault.azure.net/secrets/livekvtestsecret566492eb4/6e5025dfff994af390a718d56d651f10",
        "attributes": {
          "enabled": true,
          "created": 1647959831,
          "updated": 1647959831,
          "recoveryLevel": "CustomizedRecoverable\u002BPurgeable",
          "recoverableDays": 7
        }
      }
    },
    {
      "RequestUri": "https://vaultname.vault.azure.net/deletedsecrets/livekvtestsecret566492eb4?api-version=7.1",
      "RequestMethod": "GET",
      "RequestHeaders": {
        "Accept": "application/json",
        "Accept-Encoding": "gzip, deflate",
        "Connection": "keep-alive",
        "User-Agent": "azsdk-python-keyvault-secrets/4.4.0b4 Python/3.9.9 (Windows-10-10.0.22000-SP0)"
      },
      "RequestBody": null,
      "StatusCode": 404,
      "ResponseHeaders": {
        "Cache-Control": "no-cache",
        "Content-Length": "99",
        "Content-Type": "application/json; charset=utf-8",
        "Date": "Tue, 22 Mar 2022 14:37:31 GMT",
        "Expires": "-1",
        "Pragma": "no-cache",
        "Strict-Transport-Security": "max-age=31536000;includeSubDomains",
        "X-Content-Type-Options": "nosniff",
        "x-ms-keyvault-network-info": "conn_type=Ipv4;addr=73.232.137.144;act_addr_fam=InterNetwork;",
        "x-ms-keyvault-rbac-assignment-id": "5cc36b53-efe1-53a9-910b-08c8418541bf",
        "x-ms-keyvault-rbac-cache": "ra_age=799;da_age=2234;rd_age=2234;brd_age=8872;ra_notif_age=1085;dec_lev=1;",
        "x-ms-keyvault-region": "westus2",
        "x-ms-keyvault-service-version": "1.9.331.5",
        "X-Powered-By": "ASP.NET"
      },
      "ResponseBody": {
        "error": {
          "code": "SecretNotFound",
          "message": "Deleted Secret not found: livekvtestsecret566492eb4"
        }
      }
    },
    {
      "RequestUri": "https://vaultname.vault.azure.net/deletedsecrets/livekvtestsecret566492eb4?api-version=7.1",
      "RequestMethod": "GET",
      "RequestHeaders": {
        "Accept": "application/json",
        "Accept-Encoding": "gzip, deflate",
        "Connection": "keep-alive",
        "User-Agent": "azsdk-python-keyvault-secrets/4.4.0b4 Python/3.9.9 (Windows-10-10.0.22000-SP0)"
      },
      "RequestBody": null,
      "StatusCode": 200,
      "ResponseHeaders": {
        "Cache-Control": "no-cache",
        "Content-Length": "398",
        "Content-Type": "application/json; charset=utf-8",
        "Date": "Tue, 22 Mar 2022 14:37:34 GMT",
        "Expires": "-1",
        "Pragma": "no-cache",
        "Strict-Transport-Security": "max-age=31536000;includeSubDomains",
        "X-Content-Type-Options": "nosniff",
        "x-ms-keyvault-network-info": "conn_type=Ipv4;addr=73.232.137.144;act_addr_fam=InterNetwork;",
        "x-ms-keyvault-rbac-assignment-id": "5cc36b53-efe1-53a9-910b-08c8418541bf",
        "x-ms-keyvault-rbac-cache": "ra_age=801;da_age=2236;rd_age=2236;brd_age=8874;ra_notif_age=1087;dec_lev=0;",
        "x-ms-keyvault-region": "westus2",
        "x-ms-keyvault-service-version": "1.9.331.5",
        "X-Powered-By": "ASP.NET"
      },
      "ResponseBody": {
        "recoveryId": "https://vaultname.vault.azure.net/deletedsecrets/livekvtestsecret566492eb4",
        "deletedDate": 1647959852,
        "scheduledPurgeDate": 1648564652,
        "id": "https://vaultname.vault.azure.net/secrets/livekvtestsecret566492eb4/6e5025dfff994af390a718d56d651f10",
        "attributes": {
          "enabled": true,
          "created": 1647959831,
          "updated": 1647959831,
          "recoveryLevel": "CustomizedRecoverable\u002BPurgeable",
          "recoverableDays": 7
        }
      }
    },
    {
      "RequestUri": "https://vaultname.vault.azure.net/secrets/livekvtestsecret666492eb4?api-version=7.1",
      "RequestMethod": "DELETE",
      "RequestHeaders": {
        "Accept": "application/json",
        "Accept-Encoding": "gzip, deflate",
        "Connection": "keep-alive",
        "Content-Length": "0",
        "User-Agent": "azsdk-python-keyvault-secrets/4.4.0b4 Python/3.9.9 (Windows-10-10.0.22000-SP0)"
      },
      "RequestBody": null,
      "StatusCode": 200,
      "ResponseHeaders": {
        "Cache-Control": "no-cache",
        "Content-Length": "398",
        "Content-Type": "application/json; charset=utf-8",
        "Date": "Tue, 22 Mar 2022 14:37:34 GMT",
        "Expires": "-1",
        "Pragma": "no-cache",
        "Strict-Transport-Security": "max-age=31536000;includeSubDomains",
        "X-Content-Type-Options": "nosniff",
        "x-ms-keyvault-network-info": "conn_type=Ipv4;addr=73.232.137.144;act_addr_fam=InterNetwork;",
        "x-ms-keyvault-rbac-assignment-id": "5cc36b53-efe1-53a9-910b-08c8418541bf",
        "x-ms-keyvault-rbac-cache": "ra_age=801;da_age=2236;rd_age=2236;brd_age=8874;ra_notif_age=1087;dec_lev=1;",
        "x-ms-keyvault-region": "westus2",
        "x-ms-keyvault-service-version": "1.9.331.5",
        "X-Powered-By": "ASP.NET"
      },
      "ResponseBody": {
        "recoveryId": "https://vaultname.vault.azure.net/deletedsecrets/livekvtestsecret666492eb4",
        "deletedDate": 1647959854,
        "scheduledPurgeDate": 1648564654,
        "id": "https://vaultname.vault.azure.net/secrets/livekvtestsecret666492eb4/8cadaa9437794eeab14f04b6b1a52898",
        "attributes": {
          "enabled": true,
          "created": 1647959831,
          "updated": 1647959831,
          "recoveryLevel": "CustomizedRecoverable\u002BPurgeable",
          "recoverableDays": 7
        }
      }
    },
    {
      "RequestUri": "https://vaultname.vault.azure.net/deletedsecrets/livekvtestsecret666492eb4?api-version=7.1",
      "RequestMethod": "GET",
      "RequestHeaders": {
        "Accept": "application/json",
        "Accept-Encoding": "gzip, deflate",
        "Connection": "keep-alive",
        "User-Agent": "azsdk-python-keyvault-secrets/4.4.0b4 Python/3.9.9 (Windows-10-10.0.22000-SP0)"
      },
      "RequestBody": null,
      "StatusCode": 404,
      "ResponseHeaders": {
        "Cache-Control": "no-cache",
        "Content-Length": "99",
        "Content-Type": "application/json; charset=utf-8",
        "Date": "Tue, 22 Mar 2022 14:37:34 GMT",
        "Expires": "-1",
        "Pragma": "no-cache",
        "Strict-Transport-Security": "max-age=31536000;includeSubDomains",
        "X-Content-Type-Options": "nosniff",
        "x-ms-keyvault-network-info": "conn_type=Ipv4;addr=73.232.137.144;act_addr_fam=InterNetwork;",
        "x-ms-keyvault-rbac-assignment-id": "5cc36b53-efe1-53a9-910b-08c8418541bf",
        "x-ms-keyvault-rbac-cache": "ra_age=801;da_age=2236;rd_age=2236;brd_age=8874;ra_notif_age=1088;dec_lev=1;",
        "x-ms-keyvault-region": "westus2",
        "x-ms-keyvault-service-version": "1.9.331.5",
        "X-Powered-By": "ASP.NET"
      },
      "ResponseBody": {
        "error": {
          "code": "SecretNotFound",
          "message": "Deleted Secret not found: livekvtestsecret666492eb4"
        }
      }
    },
    {
      "RequestUri": "https://vaultname.vault.azure.net/deletedsecrets/livekvtestsecret666492eb4?api-version=7.1",
      "RequestMethod": "GET",
      "RequestHeaders": {
        "Accept": "application/json",
        "Accept-Encoding": "gzip, deflate",
        "Connection": "keep-alive",
        "User-Agent": "azsdk-python-keyvault-secrets/4.4.0b4 Python/3.9.9 (Windows-10-10.0.22000-SP0)"
      },
      "RequestBody": null,
      "StatusCode": 404,
      "ResponseHeaders": {
        "Cache-Control": "no-cache",
        "Content-Length": "99",
        "Content-Type": "application/json; charset=utf-8",
        "Date": "Tue, 22 Mar 2022 14:37:36 GMT",
        "Expires": "-1",
        "Pragma": "no-cache",
        "Strict-Transport-Security": "max-age=31536000;includeSubDomains",
        "X-Content-Type-Options": "nosniff",
        "x-ms-keyvault-network-info": "conn_type=Ipv4;addr=73.232.137.144;act_addr_fam=InterNetwork;",
        "x-ms-keyvault-rbac-assignment-id": "5cc36b53-efe1-53a9-910b-08c8418541bf",
        "x-ms-keyvault-rbac-cache": "ra_age=804;da_age=2238;rd_age=2238;brd_age=8876;ra_notif_age=1090;dec_lev=0;",
        "x-ms-keyvault-region": "westus2",
        "x-ms-keyvault-service-version": "1.9.331.5",
        "X-Powered-By": "ASP.NET"
      },
      "ResponseBody": {
        "error": {
          "code": "SecretNotFound",
          "message": "Deleted Secret not found: livekvtestsecret666492eb4"
        }
      }
    },
    {
      "RequestUri": "https://vaultname.vault.azure.net/deletedsecrets/livekvtestsecret666492eb4?api-version=7.1",
      "RequestMethod": "GET",
      "RequestHeaders": {
        "Accept": "application/json",
        "Accept-Encoding": "gzip, deflate",
        "Connection": "keep-alive",
        "User-Agent": "azsdk-python-keyvault-secrets/4.4.0b4 Python/3.9.9 (Windows-10-10.0.22000-SP0)"
      },
      "RequestBody": null,
      "StatusCode": 200,
      "ResponseHeaders": {
        "Cache-Control": "no-cache",
        "Content-Length": "398",
        "Content-Type": "application/json; charset=utf-8",
        "Date": "Tue, 22 Mar 2022 14:37:38 GMT",
        "Expires": "-1",
        "Pragma": "no-cache",
        "Strict-Transport-Security": "max-age=31536000;includeSubDomains",
        "X-Content-Type-Options": "nosniff",
        "x-ms-keyvault-network-info": "conn_type=Ipv4;addr=73.232.137.144;act_addr_fam=InterNetwork;",
        "x-ms-keyvault-rbac-assignment-id": "5cc36b53-efe1-53a9-910b-08c8418541bf",
        "x-ms-keyvault-rbac-cache": "ra_age=806;da_age=2240;rd_age=2240;brd_age=8878;ra_notif_age=1092;dec_lev=0;",
        "x-ms-keyvault-region": "westus2",
        "x-ms-keyvault-service-version": "1.9.331.5",
        "X-Powered-By": "ASP.NET"
      },
      "ResponseBody": {
        "recoveryId": "https://vaultname.vault.azure.net/deletedsecrets/livekvtestsecret666492eb4",
        "deletedDate": 1647959854,
        "scheduledPurgeDate": 1648564654,
        "id": "https://vaultname.vault.azure.net/secrets/livekvtestsecret666492eb4/8cadaa9437794eeab14f04b6b1a52898",
        "attributes": {
          "enabled": true,
          "created": 1647959831,
          "updated": 1647959831,
          "recoveryLevel": "CustomizedRecoverable\u002BPurgeable",
          "recoverableDays": 7
        }
      }
    },
    {
      "RequestUri": "https://vaultname.vault.azure.net/deletedsecrets?api-version=7.1",
      "RequestMethod": "GET",
      "RequestHeaders": {
        "Accept": "application/json",
        "Accept-Encoding": "gzip, deflate",
        "Connection": "keep-alive",
        "User-Agent": "azsdk-python-keyvault-secrets/4.4.0b4 Python/3.9.9 (Windows-10-10.0.22000-SP0)"
      },
      "RequestBody": null,
      "StatusCode": 200,
      "ResponseHeaders": {
        "Cache-Control": "no-cache",
        "Content-Length": "2678",
        "Content-Type": "application/json; charset=utf-8",
        "Date": "Tue, 22 Mar 2022 14:37:38 GMT",
        "Expires": "-1",
        "Pragma": "no-cache",
        "Strict-Transport-Security": "max-age=31536000;includeSubDomains",
        "X-Content-Type-Options": "nosniff",
        "x-ms-keyvault-network-info": "conn_type=Ipv4;addr=73.232.137.144;act_addr_fam=InterNetwork;",
        "x-ms-keyvault-rbac-assignment-id": "5cc36b53-efe1-53a9-910b-08c8418541bf",
        "x-ms-keyvault-rbac-cache": "ra_age=806;da_age=2240;rd_age=2240;brd_age=8879;ra_notif_age=1092;dec_lev=0;",
        "x-ms-keyvault-region": "westus2",
        "x-ms-keyvault-service-version": "1.9.331.5",
        "X-Powered-By": "ASP.NET"
      },
      "ResponseBody": {
        "value": [
          {
            "recoveryId": "https://vaultname.vault.azure.net/deletedsecrets/livekvtestcrud-secret162f30ef",
            "deletedDate": 1647959385,
            "scheduledPurgeDate": 1648564185,
            "contentType": "text/plain",
            "id": "https://vaultname.vault.azure.net/secrets/livekvtestcrud-secret162f30ef",
            "attributes": {
              "enabled": false,
              "nbf": 1422864000,
              "exp": 2524723200,
              "created": 1647959383,
              "updated": 1647959385,
              "recoveryLevel": "CustomizedRecoverable\u002BPurgeable",
              "recoverableDays": 7
            },
            "tags": {
              "foo": "updated tag"
            }
          },
          {
            "recoveryId": "https://vaultname.vault.azure.net/deletedsecrets/livekvtestcrud-secret5ac332d1",
            "deletedDate": 1647959375,
            "scheduledPurgeDate": 1648564175,
            "contentType": "text/plain",
            "id": "https://vaultname.vault.azure.net/secrets/livekvtestcrud-secret5ac332d1",
            "attributes": {
              "enabled": false,
              "nbf": 1422864000,
              "exp": 2524723200,
              "created": 1647959373,
              "updated": 1647959374,
              "recoveryLevel": "CustomizedRecoverable\u002BPurgeable",
              "recoverableDays": 7
            },
            "tags": {
              "foo": "updated tag"
            }
          },
          {
            "recoveryId": "https://vaultname.vault.azure.net/deletedsecrets/livekvtestcrud-secretc9e12f9f",
            "deletedDate": 1647959382,
            "scheduledPurgeDate": 1648564182,
            "contentType": "text/plain",
            "id": "https://vaultname.vault.azure.net/secrets/livekvtestcrud-secretc9e12f9f",
            "attributes": {
              "enabled": false,
              "nbf": 1422864000,
              "exp": 2524723200,
              "created": 1647959381,
              "updated": 1647959382,
              "recoveryLevel": "CustomizedRecoverable\u002BPurgeable",
              "recoverableDays": 7
            },
            "tags": {
              "foo": "updated tag"
            }
          },
          {
            "recoveryId": "https://vaultname.vault.azure.net/deletedsecrets/livekvtestcrud-secretc9ea2fa0",
            "deletedDate": 1647959380,
            "scheduledPurgeDate": 1648564180,
            "contentType": "text/plain",
            "id": "https://vaultname.vault.azure.net/secrets/livekvtestcrud-secretc9ea2fa0",
            "attributes": {
              "enabled": false,
              "nbf": 1422864000,
              "exp": 2524723200,
              "created": 1647959378,
              "updated": 1647959380,
              "recoveryLevel": "CustomizedRecoverable\u002BPurgeable",
              "recoverableDays": 7
            },
            "tags": {
              "foo": "updated tag"
            }
          },
          {
            "recoveryId": "https://vaultname.vault.azure.net/deletedsecrets/livekvtestcrud-secretc9f32fa1",
            "deletedDate": 1647959377,
            "scheduledPurgeDate": 1648564177,
            "contentType": "text/plain",
            "id": "https://vaultname.vault.azure.net/secrets/livekvtestcrud-secretc9f32fa1",
            "attributes": {
              "enabled": false,
              "nbf": 1422864000,
              "exp": 2524723200,
              "created": 1647959375,
              "updated": 1647959377,
              "recoveryLevel": "CustomizedRecoverable\u002BPurgeable",
              "recoverableDays": 7
            },
            "tags": {
              "foo": "updated tag"
            }
          }
        ],
        "nextLink": "https://vaultname.vault.azure.net:443/deletedsecrets?api-version=7.1\u0026$skiptoken=eyJOZXh0TWFya2VyIjoiMiExNDQhTURBd01EWXlJWE5sWTNKbGRDOU1TVlpGUzFaVVJWTlVVMFZETVVNek9EUXlRakJDTDBOR1F6YzNSamt5T0RCQk5EUXlNVFJDTjBFeVJVVkZNVGhHUVVJMVJVRTBJVEF3TURBeU9DRTVPVGs1TFRFeUxUTXhWREl6T2pVNU9qVTVMams1T1RrNU9UbGFJUS0tIiwiVGFyZ2V0TG9jYXRpb24iOjB9"
      }
    },
    {
      "RequestUri": "https://vaultname.vault.azure.net/deletedsecrets?api-version=7.1\u0026$skiptoken=eyJOZXh0TWFya2VyIjoiMiExNDQhTURBd01EWXlJWE5sWTNKbGRDOU1TVlpGUzFaVVJWTlVVMFZETVVNek9EUXlRakJDTDBOR1F6YzNSamt5T0RCQk5EUXlNVFJDTjBFeVJVVkZNVGhHUVVJMVJVRTBJVEF3TURBeU9DRTVPVGs1TFRFeUxUTXhWREl6T2pVNU9qVTVMams1T1RrNU9UbGFJUS0tIiwiVGFyZ2V0TG9jYXRpb24iOjB9",
      "RequestMethod": "GET",
      "RequestHeaders": {
        "Accept": "application/json",
        "Accept-Encoding": "gzip, deflate",
        "Connection": "keep-alive",
        "User-Agent": "azsdk-python-keyvault-secrets/4.4.0b4 Python/3.9.9 (Windows-10-10.0.22000-SP0)"
      },
      "RequestBody": null,
      "StatusCode": 200,
      "ResponseHeaders": {
        "Cache-Control": "no-cache",
        "Content-Length": "296",
        "Content-Type": "application/json; charset=utf-8",
        "Date": "Tue, 22 Mar 2022 14:37:38 GMT",
        "Expires": "-1",
        "Pragma": "no-cache",
        "Strict-Transport-Security": "max-age=31536000;includeSubDomains",
        "X-Content-Type-Options": "nosniff",
        "x-ms-keyvault-network-info": "conn_type=Ipv4;addr=73.232.137.144;act_addr_fam=InterNetwork;",
        "x-ms-keyvault-rbac-assignment-id": "5cc36b53-efe1-53a9-910b-08c8418541bf",
        "x-ms-keyvault-rbac-cache": "ra_age=806;da_age=2240;rd_age=2240;brd_age=8879;ra_notif_age=1092;dec_lev=0;",
        "x-ms-keyvault-region": "westus2",
        "x-ms-keyvault-service-version": "1.9.331.5",
        "X-Powered-By": "ASP.NET"
      },
      "ResponseBody": {
        "value": [],
        "nextLink": "https://vaultname.vault.azure.net:443/deletedsecrets?api-version=7.1\u0026$skiptoken=eyJOZXh0TWFya2VyIjoiMiExMDAhTURBd01ESTVJWE5sWTNKbGRDOU1TVlpGUzFaVVJWTlVVMFZETkRKR1FqVXlSVE5ESVRBd01EQXlPQ0U1T1RrNUxURXlMVE14VkRJek9qVTVPalU1TGprNU9UazVPVGxhSVEtLSIsIlRhcmdldExvY2F0aW9uIjowfQ"
      }
    },
    {
      "RequestUri": "https://vaultname.vault.azure.net/deletedsecrets?api-version=7.1\u0026$skiptoken=eyJOZXh0TWFya2VyIjoiMiExMDAhTURBd01ESTVJWE5sWTNKbGRDOU1TVlpGUzFaVVJWTlVVMFZETkRKR1FqVXlSVE5ESVRBd01EQXlPQ0U1T1RrNUxURXlMVE14VkRJek9qVTVPalU1TGprNU9UazVPVGxhSVEtLSIsIlRhcmdldExvY2F0aW9uIjowfQ",
      "RequestMethod": "GET",
      "RequestHeaders": {
        "Accept": "application/json",
        "Accept-Encoding": "gzip, deflate",
        "Connection": "keep-alive",
        "User-Agent": "azsdk-python-keyvault-secrets/4.4.0b4 Python/3.9.9 (Windows-10-10.0.22000-SP0)"
      },
      "RequestBody": null,
      "StatusCode": 200,
      "ResponseHeaders": {
        "Cache-Control": "no-cache",
        "Content-Length": "354",
        "Content-Type": "application/json; charset=utf-8",
        "Date": "Tue, 22 Mar 2022 14:37:38 GMT",
        "Expires": "-1",
        "Pragma": "no-cache",
        "Strict-Transport-Security": "max-age=31536000;includeSubDomains",
        "X-Content-Type-Options": "nosniff",
        "x-ms-keyvault-network-info": "conn_type=Ipv4;addr=73.232.137.144;act_addr_fam=InterNetwork;",
        "x-ms-keyvault-rbac-assignment-id": "5cc36b53-efe1-53a9-910b-08c8418541bf",
        "x-ms-keyvault-rbac-cache": "ra_age=806;da_age=2241;rd_age=2241;brd_age=8879;ra_notif_age=1092;dec_lev=0;",
        "x-ms-keyvault-region": "westus2",
        "x-ms-keyvault-service-version": "1.9.331.5",
        "X-Powered-By": "ASP.NET"
      },
      "ResponseBody": {
        "value": [],
        "nextLink": "https://vaultname.vault.azure.net:443/deletedsecrets?api-version=7.1\u0026$skiptoken=eyJOZXh0TWFya2VyIjoiMiExNDQhTURBd01EWXlJWE5sWTNKbGRDOU1TVlpGUzFaVVJWTlVVMFZETmtNek9EUXlRakJDTHpjelJERTNOVFpHUmtReU9UUXhRelk0TTBRek5qbEROa1l3UlRZek1ERTVJVEF3TURBeU9DRTVPVGs1TFRFeUxUTXhWREl6T2pVNU9qVTVMams1T1RrNU9UbGFJUS0tIiwiVGFyZ2V0TG9jYXRpb24iOjB9"
      }
    },
    {
      "RequestUri": "https://vaultname.vault.azure.net/deletedsecrets?api-version=7.1\u0026$skiptoken=eyJOZXh0TWFya2VyIjoiMiExNDQhTURBd01EWXlJWE5sWTNKbGRDOU1TVlpGUzFaVVJWTlVVMFZETmtNek9EUXlRakJDTHpjelJERTNOVFpHUmtReU9UUXhRelk0TTBRek5qbEROa1l3UlRZek1ERTVJVEF3TURBeU9DRTVPVGs1TFRFeUxUTXhWREl6T2pVNU9qVTVMams1T1RrNU9UbGFJUS0tIiwiVGFyZ2V0TG9jYXRpb24iOjB9",
      "RequestMethod": "GET",
      "RequestHeaders": {
        "Accept": "application/json",
        "Accept-Encoding": "gzip, deflate",
        "Connection": "keep-alive",
        "User-Agent": "azsdk-python-keyvault-secrets/4.4.0b4 Python/3.9.9 (Windows-10-10.0.22000-SP0)"
      },
      "RequestBody": null,
      "StatusCode": 200,
      "ResponseHeaders": {
        "Cache-Control": "no-cache",
        "Content-Length": "1764",
        "Content-Type": "application/json; charset=utf-8",
        "Date": "Tue, 22 Mar 2022 14:37:39 GMT",
        "Expires": "-1",
        "Pragma": "no-cache",
        "Strict-Transport-Security": "max-age=31536000;includeSubDomains",
        "X-Content-Type-Options": "nosniff",
        "x-ms-keyvault-network-info": "conn_type=Ipv4;addr=73.232.137.144;act_addr_fam=InterNetwork;",
        "x-ms-keyvault-rbac-assignment-id": "5cc36b53-efe1-53a9-910b-08c8418541bf",
        "x-ms-keyvault-rbac-cache": "ra_age=806;da_age=2241;rd_age=2241;brd_age=8879;ra_notif_age=1092;dec_lev=0;",
        "x-ms-keyvault-region": "westus2",
        "x-ms-keyvault-service-version": "1.9.331.5",
        "X-Powered-By": "ASP.NET"
      },
      "ResponseBody": {
        "value": [
          {
            "recoveryId": "https://vaultname.vault.azure.net/deletedsecrets/livekvtestsecret066492eb4",
            "deletedDate": 1647959831,
            "scheduledPurgeDate": 1648564631,
            "id": "https://vaultname.vault.azure.net/secrets/livekvtestsecret066492eb4",
            "attributes": {
              "enabled": true,
              "created": 1647959830,
              "updated": 1647959830,
              "recoveryLevel": "CustomizedRecoverable\u002BPurgeable",
              "recoverableDays": 7
            }
          },
          {
            "recoveryId": "https://vaultname.vault.azure.net/deletedsecrets/livekvtestsecret066522eb5",
            "deletedDate": 1647959797,
            "scheduledPurgeDate": 1648564597,
            "id": "https://vaultname.vault.azure.net/secrets/livekvtestsecret066522eb5",
            "attributes": {
              "enabled": true,
              "created": 1647959796,
              "updated": 1647959796,
              "recoveryLevel": "CustomizedRecoverable\u002BPurgeable",
              "recoverableDays": 7
            }
          },
          {
            "recoveryId": "https://vaultname.vault.azure.net/deletedsecrets/livekvtestsecret0efb331e5",
            "deletedDate": 1647959756,
            "scheduledPurgeDate": 1648564556,
            "id": "https://vaultname.vault.azure.net/secrets/livekvtestsecret0efb331e5",
            "attributes": {
              "enabled": true,
              "created": 1647959755,
              "updated": 1647959755,
              "recoveryLevel": "CustomizedRecoverable\u002BPurgeable",
              "recoverableDays": 7
            }
          },
          {
            "recoveryId": "https://vaultname.vault.azure.net/deletedsecrets/livekvtestsecret166492eb4",
            "deletedDate": 1647959836,
            "scheduledPurgeDate": 1648564636,
            "id": "https://vaultname.vault.azure.net/secrets/livekvtestsecret166492eb4",
            "attributes": {
              "enabled": true,
              "created": 1647959831,
              "updated": 1647959831,
              "recoveryLevel": "CustomizedRecoverable\u002BPurgeable",
              "recoverableDays": 7
            }
          }
        ],
        "nextLink": "https://vaultname.vault.azure.net:443/deletedsecrets?api-version=7.1\u0026$skiptoken=eyJOZXh0TWFya2VyIjoiMiExMDQhTURBd01ETXlJWE5sWTNKbGRDOU1TVlpGUzFaVVJWTlVVMFZEVWtWVU1UWTJOVEl5UlVJMUlUQXdNREF5T0NFNU9UazVMVEV5TFRNeFZESXpPalU1T2pVNUxqazVPVGs1T1RsYUlRLS0iLCJUYXJnZXRMb2NhdGlvbiI6MH0"
      }
    },
    {
      "RequestUri": "https://vaultname.vault.azure.net/deletedsecrets?api-version=7.1\u0026$skiptoken=eyJOZXh0TWFya2VyIjoiMiExMDQhTURBd01ETXlJWE5sWTNKbGRDOU1TVlpGUzFaVVJWTlVVMFZEVWtWVU1UWTJOVEl5UlVJMUlUQXdNREF5T0NFNU9UazVMVEV5TFRNeFZESXpPalU1T2pVNUxqazVPVGs1T1RsYUlRLS0iLCJUYXJnZXRMb2NhdGlvbiI6MH0",
      "RequestMethod": "GET",
      "RequestHeaders": {
        "Accept": "application/json",
        "Accept-Encoding": "gzip, deflate",
        "Connection": "keep-alive",
        "User-Agent": "azsdk-python-keyvault-secrets/4.4.0b4 Python/3.9.9 (Windows-10-10.0.22000-SP0)"
      },
      "RequestBody": null,
      "StatusCode": 200,
      "ResponseHeaders": {
        "Cache-Control": "no-cache",
        "Content-Length": "1823",
        "Content-Type": "application/json; charset=utf-8",
        "Date": "Tue, 22 Mar 2022 14:37:39 GMT",
        "Expires": "-1",
        "Pragma": "no-cache",
        "Strict-Transport-Security": "max-age=31536000;includeSubDomains",
        "X-Content-Type-Options": "nosniff",
        "x-ms-keyvault-network-info": "conn_type=Ipv4;addr=73.232.137.144;act_addr_fam=InterNetwork;",
        "x-ms-keyvault-rbac-assignment-id": "5cc36b53-efe1-53a9-910b-08c8418541bf",
        "x-ms-keyvault-rbac-cache": "ra_age=807;da_age=2241;rd_age=2241;brd_age=8879;ra_notif_age=1093;dec_lev=0;",
        "x-ms-keyvault-region": "westus2",
        "x-ms-keyvault-service-version": "1.9.331.5",
        "X-Powered-By": "ASP.NET"
      },
      "ResponseBody": {
        "value": [
          {
            "recoveryId": "https://vaultname.vault.azure.net/deletedsecrets/livekvtestsecret166522eb5",
            "deletedDate": 1647959801,
            "scheduledPurgeDate": 1648564601,
            "id": "https://vaultname.vault.azure.net/secrets/livekvtestsecret166522eb5",
            "attributes": {
              "enabled": true,
              "created": 1647959796,
              "updated": 1647959796,
              "recoveryLevel": "CustomizedRecoverable\u002BPurgeable",
              "recoverableDays": 7
            }
          },
          {
            "recoveryId": "https://vaultname.vault.azure.net/deletedsecrets/livekvtestsecret1efb331e5",
            "deletedDate": 1647959761,
            "scheduledPurgeDate": 1648564561,
            "id": "https://vaultname.vault.azure.net/secrets/livekvtestsecret1efb331e5",
            "attributes": {
              "enabled": true,
              "created": 1647959755,
              "updated": 1647959755,
              "recoveryLevel": "CustomizedRecoverable\u002BPurgeable",
              "recoverableDays": 7
            }
          },
          {
            "recoveryId": "https://vaultname.vault.azure.net/deletedsecrets/livekvtestsecret266492eb4",
            "deletedDate": 1647959840,
            "scheduledPurgeDate": 1648564640,
            "id": "https://vaultname.vault.azure.net/secrets/livekvtestsecret266492eb4",
            "attributes": {
              "enabled": true,
              "created": 1647959831,
              "updated": 1647959831,
              "recoveryLevel": "CustomizedRecoverable\u002BPurgeable",
              "recoverableDays": 7
            }
          },
          {
            "recoveryId": "https://vaultname.vault.azure.net/deletedsecrets/livekvtestsecret266522eb5",
            "deletedDate": 1647959804,
            "scheduledPurgeDate": 1648564604,
            "id": "https://vaultname.vault.azure.net/secrets/livekvtestsecret266522eb5",
            "attributes": {
              "enabled": true,
              "created": 1647959796,
              "updated": 1647959796,
              "recoveryLevel": "CustomizedRecoverable\u002BPurgeable",
              "recoverableDays": 7
            }
          }
        ],
        "nextLink": "https://vaultname.vault.azure.net:443/deletedsecrets?api-version=7.1\u0026$skiptoken=eyJOZXh0TWFya2VyIjoiMiExNDghTURBd01EWTFJWE5sWTNKbGRDOU1TVlpGUzFaVVJWTlVVMFZEVWtWVU1rTkVSamt6TnpsREx6TkZSRGRHUVRsR016VkNRVFF4UWtVNE1UWkNOamRGUVRSRlJUZzBOVUkxSVRBd01EQXlPQ0U1T1RrNUxURXlMVE14VkRJek9qVTVPalU1TGprNU9UazVPVGxhSVEtLSIsIlRhcmdldExvY2F0aW9uIjowfQ"
      }
    },
    {
      "RequestUri": "https://vaultname.vault.azure.net/deletedsecrets?api-version=7.1\u0026$skiptoken=eyJOZXh0TWFya2VyIjoiMiExNDghTURBd01EWTFJWE5sWTNKbGRDOU1TVlpGUzFaVVJWTlVVMFZEVWtWVU1rTkVSamt6TnpsREx6TkZSRGRHUVRsR016VkNRVFF4UWtVNE1UWkNOamRGUVRSRlJUZzBOVUkxSVRBd01EQXlPQ0U1T1RrNUxURXlMVE14VkRJek9qVTVPalU1TGprNU9UazVPVGxhSVEtLSIsIlRhcmdldExvY2F0aW9uIjowfQ",
      "RequestMethod": "GET",
      "RequestHeaders": {
        "Accept": "application/json",
        "Accept-Encoding": "gzip, deflate",
        "Connection": "keep-alive",
        "User-Agent": "azsdk-python-keyvault-secrets/4.4.0b4 Python/3.9.9 (Windows-10-10.0.22000-SP0)"
      },
      "RequestBody": null,
      "StatusCode": 200,
      "ResponseHeaders": {
        "Cache-Control": "no-cache",
        "Content-Length": "2496",
        "Content-Type": "application/json; charset=utf-8",
        "Date": "Tue, 22 Mar 2022 14:37:39 GMT",
        "Expires": "-1",
        "Pragma": "no-cache",
        "Strict-Transport-Security": "max-age=31536000;includeSubDomains",
        "X-Content-Type-Options": "nosniff",
        "x-ms-keyvault-network-info": "conn_type=Ipv4;addr=73.232.137.144;act_addr_fam=InterNetwork;",
        "x-ms-keyvault-rbac-assignment-id": "5cc36b53-efe1-53a9-910b-08c8418541bf",
        "x-ms-keyvault-rbac-cache": "ra_age=807;da_age=2241;rd_age=2241;brd_age=8879;ra_notif_age=1093;dec_lev=0;",
        "x-ms-keyvault-region": "westus2",
        "x-ms-keyvault-service-version": "1.9.331.5",
        "X-Powered-By": "ASP.NET"
      },
      "ResponseBody": {
        "value": [
          {
            "recoveryId": "https://vaultname.vault.azure.net/deletedsecrets/livekvtestsecret2efb331e5",
            "deletedDate": 1647959765,
            "scheduledPurgeDate": 1648564565,
            "id": "https://vaultname.vault.azure.net/secrets/livekvtestsecret2efb331e5",
            "attributes": {
              "enabled": true,
              "created": 1647959756,
              "updated": 1647959756,
              "recoveryLevel": "CustomizedRecoverable\u002BPurgeable",
              "recoverableDays": 7
            }
          },
          {
            "recoveryId": "https://vaultname.vault.azure.net/deletedsecrets/livekvtestsecret366492eb4",
            "deletedDate": 1647959845,
            "scheduledPurgeDate": 1648564645,
            "id": "https://vaultname.vault.azure.net/secrets/livekvtestsecret366492eb4",
            "attributes": {
              "enabled": true,
              "created": 1647959831,
              "updated": 1647959831,
              "recoveryLevel": "CustomizedRecoverable\u002BPurgeable",
              "recoverableDays": 7
            }
          },
          {
            "recoveryId": "https://vaultname.vault.azure.net/deletedsecrets/livekvtestsecret366522eb5",
            "deletedDate": 1647959808,
            "scheduledPurgeDate": 1648564608,
            "id": "https://vaultname.vault.azure.net/secrets/livekvtestsecret366522eb5",
            "attributes": {
              "enabled": true,
              "created": 1647959796,
              "updated": 1647959796,
              "recoveryLevel": "CustomizedRecoverable\u002BPurgeable",
              "recoverableDays": 7
            }
          },
          {
            "recoveryId": "https://vaultname.vault.azure.net/deletedsecrets/livekvtestsecret3efb331e5",
            "deletedDate": 1647959772,
            "scheduledPurgeDate": 1648564572,
            "id": "https://vaultname.vault.azure.net/secrets/livekvtestsecret3efb331e5",
            "attributes": {
              "enabled": true,
              "created": 1647959756,
              "updated": 1647959756,
              "recoveryLevel": "CustomizedRecoverable\u002BPurgeable",
              "recoverableDays": 7
            }
          },
          {
            "recoveryId": "https://vaultname.vault.azure.net/deletedsecrets/livekvtestsecret466492eb4",
            "deletedDate": 1647959847,
            "scheduledPurgeDate": 1648564647,
            "id": "https://vaultname.vault.azure.net/secrets/livekvtestsecret466492eb4",
            "attributes": {
              "enabled": true,
              "created": 1647959831,
              "updated": 1647959831,
              "recoveryLevel": "CustomizedRecoverable\u002BPurgeable",
              "recoverableDays": 7
            }
          },
          {
            "recoveryId": "https://vaultname.vault.azure.net/deletedsecrets/livekvtestsecret466522eb5",
            "deletedDate": 1647959813,
            "scheduledPurgeDate": 1648564613,
            "id": "https://vaultname.vault.azure.net/secrets/livekvtestsecret466522eb5",
            "attributes": {
              "enabled": true,
              "created": 1647959796,
              "updated": 1647959796,
              "recoveryLevel": "CustomizedRecoverable\u002BPurgeable",
              "recoverableDays": 7
            }
          }
        ],
        "nextLink": "https://vaultname.vault.azure.net:443/deletedsecrets?api-version=7.1\u0026$skiptoken=eyJOZXh0TWFya2VyIjoiMiExMDQhTURBd01ETXlJWE5sWTNKbGRDOU1TVlpGUzFaVVJWTlVVMFZEVWtWVU5EbEZRVEV6UVVORElUQXdNREF5T0NFNU9UazVMVEV5TFRNeFZESXpPalU1T2pVNUxqazVPVGs1T1RsYUlRLS0iLCJUYXJnZXRMb2NhdGlvbiI6MH0"
      }
    },
    {
      "RequestUri": "https://vaultname.vault.azure.net/deletedsecrets?api-version=7.1\u0026$skiptoken=eyJOZXh0TWFya2VyIjoiMiExMDQhTURBd01ETXlJWE5sWTNKbGRDOU1TVlpGUzFaVVJWTlVVMFZEVWtWVU5EbEZRVEV6UVVORElUQXdNREF5T0NFNU9UazVMVEV5TFRNeFZESXpPalU1T2pVNUxqazVPVGs1T1RsYUlRLS0iLCJUYXJnZXRMb2NhdGlvbiI6MH0",
      "RequestMethod": "GET",
      "RequestHeaders": {
        "Accept": "application/json",
        "Accept-Encoding": "gzip, deflate",
        "Connection": "keep-alive",
        "User-Agent": "azsdk-python-keyvault-secrets/4.4.0b4 Python/3.9.9 (Windows-10-10.0.22000-SP0)"
      },
      "RequestBody": null,
      "StatusCode": 200,
      "ResponseHeaders": {
        "Cache-Control": "no-cache",
        "Content-Length": "1823",
        "Content-Type": "application/json; charset=utf-8",
        "Date": "Tue, 22 Mar 2022 14:37:39 GMT",
        "Expires": "-1",
        "Pragma": "no-cache",
        "Strict-Transport-Security": "max-age=31536000;includeSubDomains",
        "X-Content-Type-Options": "nosniff",
        "x-ms-keyvault-network-info": "conn_type=Ipv4;addr=73.232.137.144;act_addr_fam=InterNetwork;",
        "x-ms-keyvault-rbac-assignment-id": "5cc36b53-efe1-53a9-910b-08c8418541bf",
        "x-ms-keyvault-rbac-cache": "ra_age=807;da_age=2241;rd_age=2241;brd_age=8880;ra_notif_age=1093;dec_lev=0;",
        "x-ms-keyvault-region": "westus2",
        "x-ms-keyvault-service-version": "1.9.331.5",
        "X-Powered-By": "ASP.NET"
      },
      "ResponseBody": {
        "value": [
          {
            "recoveryId": "https://vaultname.vault.azure.net/deletedsecrets/livekvtestsecret4efb331e5",
            "deletedDate": 1647959779,
            "scheduledPurgeDate": 1648564579,
            "id": "https://vaultname.vault.azure.net/secrets/livekvtestsecret4efb331e5",
            "attributes": {
              "enabled": true,
              "created": 1647959756,
              "updated": 1647959756,
              "recoveryLevel": "CustomizedRecoverable\u002BPurgeable",
              "recoverableDays": 7
            }
          },
          {
            "recoveryId": "https://vaultname.vault.azure.net/deletedsecrets/livekvtestsecret566492eb4",
            "deletedDate": 1647959852,
            "scheduledPurgeDate": 1648564652,
            "id": "https://vaultname.vault.azure.net/secrets/livekvtestsecret566492eb4",
            "attributes": {
              "enabled": true,
              "created": 1647959831,
              "updated": 1647959831,
              "recoveryLevel": "CustomizedRecoverable\u002BPurgeable",
              "recoverableDays": 7
            }
          },
          {
            "recoveryId": "https://vaultname.vault.azure.net/deletedsecrets/livekvtestsecret566522eb5",
            "deletedDate": 1647959817,
            "scheduledPurgeDate": 1648564617,
            "id": "https://vaultname.vault.azure.net/secrets/livekvtestsecret566522eb5",
            "attributes": {
              "enabled": true,
              "created": 1647959797,
              "updated": 1647959797,
              "recoveryLevel": "CustomizedRecoverable\u002BPurgeable",
              "recoverableDays": 7
            }
          },
          {
            "recoveryId": "https://vaultname.vault.azure.net/deletedsecrets/livekvtestsecret5efb331e5",
            "deletedDate": 1647959783,
            "scheduledPurgeDate": 1648564583,
            "id": "https://vaultname.vault.azure.net/secrets/livekvtestsecret5efb331e5",
            "attributes": {
              "enabled": true,
              "created": 1647959756,
              "updated": 1647959756,
              "recoveryLevel": "CustomizedRecoverable\u002BPurgeable",
              "recoverableDays": 7
            }
          }
        ],
        "nextLink": "https://vaultname.vault.azure.net:443/deletedsecrets?api-version=7.1\u0026$skiptoken=eyJOZXh0TWFya2VyIjoiMiExNDghTURBd01EWTFJWE5sWTNKbGRDOU1TVlpGUzFaVVJWTlVVMFZEVWtWVU5VVkdRak16TVVVMUx6TTRNekJET0VFelJFRTFOelF5UlVOQ01VSXlOamxDTVRnMU0wTTNRVFl5SVRBd01EQXlPQ0U1T1RrNUxURXlMVE14VkRJek9qVTVPalU1TGprNU9UazVPVGxhSVEtLSIsIlRhcmdldExvY2F0aW9uIjowfQ"
      }
    },
    {
      "RequestUri": "https://vaultname.vault.azure.net/deletedsecrets?api-version=7.1\u0026$skiptoken=eyJOZXh0TWFya2VyIjoiMiExNDghTURBd01EWTFJWE5sWTNKbGRDOU1TVlpGUzFaVVJWTlVVMFZEVWtWVU5VVkdRak16TVVVMUx6TTRNekJET0VFelJFRTFOelF5UlVOQ01VSXlOamxDTVRnMU0wTTNRVFl5SVRBd01EQXlPQ0U1T1RrNUxURXlMVE14VkRJek9qVTVPalU1TGprNU9UazVPVGxhSVEtLSIsIlRhcmdldExvY2F0aW9uIjowfQ",
      "RequestMethod": "GET",
      "RequestHeaders": {
        "Accept": "application/json",
        "Accept-Encoding": "gzip, deflate",
        "Connection": "keep-alive",
        "User-Agent": "azsdk-python-keyvault-secrets/4.4.0b4 Python/3.9.9 (Windows-10-10.0.22000-SP0)"
      },
      "RequestBody": null,
      "StatusCode": 200,
      "ResponseHeaders": {
        "Cache-Control": "no-cache",
        "Content-Length": "1393",
        "Content-Type": "application/json; charset=utf-8",
        "Date": "Tue, 22 Mar 2022 14:37:39 GMT",
        "Expires": "-1",
        "Pragma": "no-cache",
        "Strict-Transport-Security": "max-age=31536000;includeSubDomains",
        "X-Content-Type-Options": "nosniff",
        "x-ms-keyvault-network-info": "conn_type=Ipv4;addr=73.232.137.144;act_addr_fam=InterNetwork;",
        "x-ms-keyvault-rbac-assignment-id": "5cc36b53-efe1-53a9-910b-08c8418541bf",
        "x-ms-keyvault-rbac-cache": "ra_age=807;da_age=2242;rd_age=2242;brd_age=8880;ra_notif_age=1093;dec_lev=0;",
        "x-ms-keyvault-region": "westus2",
        "x-ms-keyvault-service-version": "1.9.331.5",
        "X-Powered-By": "ASP.NET"
      },
      "ResponseBody": {
        "value": [
          {
            "recoveryId": "https://vaultname.vault.azure.net/deletedsecrets/livekvtestsecret666492eb4",
            "deletedDate": 1647959854,
            "scheduledPurgeDate": 1648564654,
            "id": "https://vaultname.vault.azure.net/secrets/livekvtestsecret666492eb4",
            "attributes": {
              "enabled": true,
              "created": 1647959831,
              "updated": 1647959831,
              "recoveryLevel": "CustomizedRecoverable\u002BPurgeable",
              "recoverableDays": 7
            }
          },
          {
            "recoveryId": "https://vaultname.vault.azure.net/deletedsecrets/livekvtestsecret666522eb5",
            "deletedDate": 1647959824,
            "scheduledPurgeDate": 1648564624,
            "id": "https://vaultname.vault.azure.net/secrets/livekvtestsecret666522eb5",
            "attributes": {
              "enabled": true,
              "created": 1647959797,
              "updated": 1647959797,
              "recoveryLevel": "CustomizedRecoverable\u002BPurgeable",
              "recoverableDays": 7
            }
          },
          {
            "recoveryId": "https://vaultname.vault.azure.net/deletedsecrets/livekvtestsecret6efb331e5",
            "deletedDate": 1647959790,
            "scheduledPurgeDate": 1648564590,
            "id": "https://vaultname.vault.azure.net/secrets/livekvtestsecret6efb331e5",
            "attributes": {
              "enabled": true,
              "created": 1647959756,
              "updated": 1647959756,
              "recoveryLevel": "CustomizedRecoverable\u002BPurgeable",
              "recoverableDays": 7
            }
          }
        ],
        "nextLink": "https://vaultname.vault.azure.net:443/deletedsecrets?api-version=7.1\u0026$skiptoken=eyJOZXh0TWFya2VyIjoiMiExMDAhTURBd01ETXhJWE5sWTNKbGRDOU1TVlpGUzFaVVJWTlVVMFZEVmtWU09UUXhRekpHTWtZaE1EQXdNREk0SVRrNU9Ua3RNVEl0TXpGVU1qTTZOVGs2TlRrdU9UazVPVGs1T1ZvaCIsIlRhcmdldExvY2F0aW9uIjowfQ"
      }
    },
    {
      "RequestUri": "https://vaultname.vault.azure.net/deletedsecrets?api-version=7.1\u0026$skiptoken=eyJOZXh0TWFya2VyIjoiMiExMDAhTURBd01ETXhJWE5sWTNKbGRDOU1TVlpGUzFaVVJWTlVVMFZEVmtWU09UUXhRekpHTWtZaE1EQXdNREk0SVRrNU9Ua3RNVEl0TXpGVU1qTTZOVGs2TlRrdU9UazVPVGs1T1ZvaCIsIlRhcmdldExvY2F0aW9uIjowfQ",
      "RequestMethod": "GET",
      "RequestHeaders": {
        "Accept": "application/json",
        "Accept-Encoding": "gzip, deflate",
        "Connection": "keep-alive",
        "User-Agent": "azsdk-python-keyvault-secrets/4.4.0b4 Python/3.9.9 (Windows-10-10.0.22000-SP0)"
      },
      "RequestBody": null,
      "StatusCode": 200,
      "ResponseHeaders": {
        "Cache-Control": "no-cache",
        "Content-Length": "28",
        "Content-Type": "application/json; charset=utf-8",
        "Date": "Tue, 22 Mar 2022 14:37:39 GMT",
        "Expires": "-1",
        "Pragma": "no-cache",
        "Strict-Transport-Security": "max-age=31536000;includeSubDomains",
        "X-Content-Type-Options": "nosniff",
        "x-ms-keyvault-network-info": "conn_type=Ipv4;addr=73.232.137.144;act_addr_fam=InterNetwork;",
        "x-ms-keyvault-rbac-assignment-id": "5cc36b53-efe1-53a9-910b-08c8418541bf",
        "x-ms-keyvault-rbac-cache": "ra_age=807;da_age=2242;rd_age=2242;brd_age=8880;ra_notif_age=1093;dec_lev=0;",
        "x-ms-keyvault-region": "westus2",
        "x-ms-keyvault-service-version": "1.9.331.5",
        "X-Powered-By": "ASP.NET"
      },
      "ResponseBody": {
        "value": [],
        "nextLink": null
      }
    }
  ],
  "Variables": {}
}
