interactions:
- request:
    body: null
    headers:
      Accept:
      - application/json
      Accept-Encoding:
      - gzip, deflate
      Connection:
      - keep-alive
      Content-Length:
      - '0'
      Content-Type:
      - application/json; charset=utf-8
      User-Agent:
      - azsdk-python-keyvault-secrets/4.0.0b4 Python/3.6.6 (Windows-10-10.0.18362-SP0)
    method: PUT
    uri: https://vault8bf41593caab6c128e.vault.azure.net/secrets/secret0?api-version=7.0
  response:
    body:
      string: '{"error":{"code":"Unauthorized","message":"Request is missing a Bearer
        or PoP token."}}'
    headers:
      cache-control:
      - no-cache
      content-length:
      - '87'
      content-type:
      - application/json; charset=utf-8
      date:
      - Fri, 04 Oct 2019 16:20:39 GMT
      expires:
      - '-1'
      pragma:
      - no-cache
      server:
      - Microsoft-IIS/10.0
      strict-transport-security:
      - max-age=31536000;includeSubDomains
      www-authenticate:
      - Bearer authorization="https://login.windows.net/72f988bf-86f1-41af-91ab-2d7cd011db47",
        resource="https://vault.azure.net"
      x-aspnet-version:
      - 4.0.30319
      x-content-type-options:
      - nosniff
      x-ms-keyvault-network-info:
      - addr=131.107.174.72;act_addr_fam=InterNetwork;
      x-ms-keyvault-region:
      - westus
      x-ms-keyvault-service-version:
      - 1.1.0.878
      x-powered-by:
      - ASP.NET
    status:
      code: 401
      message: Unauthorized
- request:
    body: '{"value": "value0"}'
    headers:
      Accept:
      - application/json
      Accept-Encoding:
      - gzip, deflate
      Connection:
      - keep-alive
      Content-Length:
      - '19'
      Content-Type:
      - application/json; charset=utf-8
      User-Agent:
      - azsdk-python-keyvault-secrets/4.0.0b4 Python/3.6.6 (Windows-10-10.0.18362-SP0)
    method: PUT
    uri: https://vault8bf41593caab6c128e.vault.azure.net/secrets/secret0?api-version=7.0
  response:
    body:
      string: '{"value":"value0","id":"https://vault8bf41593caab6c128e.vault.azure.net/secrets/secret0/e9508824bcec4926b1ca7227c62032f3","attributes":{"enabled":true,"created":1570206039,"updated":1570206039,"recoveryLevel":"Recoverable+Purgeable"}}'
    headers:
      cache-control:
      - no-cache
      content-length:
      - '234'
      content-type:
      - application/json; charset=utf-8
      date:
      - Fri, 04 Oct 2019 16:20:39 GMT
      expires:
      - '-1'
      pragma:
      - no-cache
      server:
      - Microsoft-IIS/10.0
      strict-transport-security:
      - max-age=31536000;includeSubDomains
      x-aspnet-version:
      - 4.0.30319
      x-content-type-options:
      - nosniff
      x-ms-keyvault-network-info:
      - addr=131.107.174.72;act_addr_fam=InterNetwork;
      x-ms-keyvault-region:
      - westus
      x-ms-keyvault-service-version:
      - 1.1.0.878
      x-powered-by:
      - ASP.NET
    status:
      code: 200
      message: OK
- request:
    body: '{"value": "value1"}'
    headers:
      Accept:
      - application/json
      Accept-Encoding:
      - gzip, deflate
      Connection:
      - keep-alive
      Content-Length:
      - '19'
      Content-Type:
      - application/json; charset=utf-8
      User-Agent:
      - azsdk-python-keyvault-secrets/4.0.0b4 Python/3.6.6 (Windows-10-10.0.18362-SP0)
    method: PUT
    uri: https://vault8bf41593caab6c128e.vault.azure.net/secrets/secret1?api-version=7.0
  response:
    body:
      string: '{"value":"value1","id":"https://vault8bf41593caab6c128e.vault.azure.net/secrets/secret1/7fc00d8f48464633bdb461c1f8718b74","attributes":{"enabled":true,"created":1570206039,"updated":1570206039,"recoveryLevel":"Recoverable+Purgeable"}}'
    headers:
      cache-control:
      - no-cache
      content-length:
      - '234'
      content-type:
      - application/json; charset=utf-8
      date:
      - Fri, 04 Oct 2019 16:20:39 GMT
      expires:
      - '-1'
      pragma:
      - no-cache
      server:
      - Microsoft-IIS/10.0
      strict-transport-security:
      - max-age=31536000;includeSubDomains
      x-aspnet-version:
      - 4.0.30319
      x-content-type-options:
      - nosniff
      x-ms-keyvault-network-info:
      - addr=131.107.174.72;act_addr_fam=InterNetwork;
      x-ms-keyvault-region:
      - westus
      x-ms-keyvault-service-version:
      - 1.1.0.878
      x-powered-by:
      - ASP.NET
    status:
      code: 200
      message: OK
- request:
    body: '{"value": "value2"}'
    headers:
      Accept:
      - application/json
      Accept-Encoding:
      - gzip, deflate
      Connection:
      - keep-alive
      Content-Length:
      - '19'
      Content-Type:
      - application/json; charset=utf-8
      User-Agent:
      - azsdk-python-keyvault-secrets/4.0.0b4 Python/3.6.6 (Windows-10-10.0.18362-SP0)
    method: PUT
    uri: https://vault8bf41593caab6c128e.vault.azure.net/secrets/secret2?api-version=7.0
  response:
    body:
      string: '{"value":"value2","id":"https://vault8bf41593caab6c128e.vault.azure.net/secrets/secret2/53c6650dd9924a6f992ce01be1848bbc","attributes":{"enabled":true,"created":1570206039,"updated":1570206039,"recoveryLevel":"Recoverable+Purgeable"}}'
    headers:
      cache-control:
      - no-cache
      content-length:
      - '234'
      content-type:
      - application/json; charset=utf-8
      date:
      - Fri, 04 Oct 2019 16:20:39 GMT
      expires:
      - '-1'
      pragma:
      - no-cache
      server:
      - Microsoft-IIS/10.0
      strict-transport-security:
      - max-age=31536000;includeSubDomains
      x-aspnet-version:
      - 4.0.30319
      x-content-type-options:
      - nosniff
      x-ms-keyvault-network-info:
      - addr=131.107.174.72;act_addr_fam=InterNetwork;
      x-ms-keyvault-region:
      - westus
      x-ms-keyvault-service-version:
      - 1.1.0.878
      x-powered-by:
      - ASP.NET
    status:
      code: 200
      message: OK
- request:
    body: '{"value": "value3"}'
    headers:
      Accept:
      - application/json
      Accept-Encoding:
      - gzip, deflate
      Connection:
      - keep-alive
      Content-Length:
      - '19'
      Content-Type:
      - application/json; charset=utf-8
      User-Agent:
      - azsdk-python-keyvault-secrets/4.0.0b4 Python/3.6.6 (Windows-10-10.0.18362-SP0)
    method: PUT
    uri: https://vault8bf41593caab6c128e.vault.azure.net/secrets/secret3?api-version=7.0
  response:
    body:
      string: '{"value":"value3","id":"https://vault8bf41593caab6c128e.vault.azure.net/secrets/secret3/9a86f35ee5ff467c9a4cbddc13d3c53d","attributes":{"enabled":true,"created":1570206039,"updated":1570206039,"recoveryLevel":"Recoverable+Purgeable"}}'
    headers:
      cache-control:
      - no-cache
      content-length:
      - '234'
      content-type:
      - application/json; charset=utf-8
      date:
      - Fri, 04 Oct 2019 16:20:39 GMT
      expires:
      - '-1'
      pragma:
      - no-cache
      server:
      - Microsoft-IIS/10.0
      strict-transport-security:
      - max-age=31536000;includeSubDomains
      x-aspnet-version:
      - 4.0.30319
      x-content-type-options:
      - nosniff
      x-ms-keyvault-network-info:
      - addr=131.107.174.72;act_addr_fam=InterNetwork;
      x-ms-keyvault-region:
      - westus
      x-ms-keyvault-service-version:
      - 1.1.0.878
      x-powered-by:
      - ASP.NET
    status:
      code: 200
      message: OK
- request:
    body: '{"value": "value4"}'
    headers:
      Accept:
      - application/json
      Accept-Encoding:
      - gzip, deflate
      Connection:
      - keep-alive
      Content-Length:
      - '19'
      Content-Type:
      - application/json; charset=utf-8
      User-Agent:
      - azsdk-python-keyvault-secrets/4.0.0b4 Python/3.6.6 (Windows-10-10.0.18362-SP0)
    method: PUT
    uri: https://vault8bf41593caab6c128e.vault.azure.net/secrets/secret4?api-version=7.0
  response:
    body:
      string: '{"value":"value4","id":"https://vault8bf41593caab6c128e.vault.azure.net/secrets/secret4/7488860622da439b91e51778190d3bd2","attributes":{"enabled":true,"created":1570206039,"updated":1570206039,"recoveryLevel":"Recoverable+Purgeable"}}'
    headers:
      cache-control:
      - no-cache
      content-length:
      - '234'
      content-type:
      - application/json; charset=utf-8
      date:
      - Fri, 04 Oct 2019 16:20:39 GMT
      expires:
      - '-1'
      pragma:
      - no-cache
      server:
      - Microsoft-IIS/10.0
      strict-transport-security:
      - max-age=31536000;includeSubDomains
      x-aspnet-version:
      - 4.0.30319
      x-content-type-options:
      - nosniff
      x-ms-keyvault-network-info:
      - addr=131.107.174.72;act_addr_fam=InterNetwork;
      x-ms-keyvault-region:
      - westus
      x-ms-keyvault-service-version:
      - 1.1.0.878
      x-powered-by:
      - ASP.NET
    status:
      code: 200
      message: OK
- request:
    body: '{"value": "value5"}'
    headers:
      Accept:
      - application/json
      Accept-Encoding:
      - gzip, deflate
      Connection:
      - keep-alive
      Content-Length:
      - '19'
      Content-Type:
      - application/json; charset=utf-8
      User-Agent:
      - azsdk-python-keyvault-secrets/4.0.0b4 Python/3.6.6 (Windows-10-10.0.18362-SP0)
    method: PUT
    uri: https://vault8bf41593caab6c128e.vault.azure.net/secrets/secret5?api-version=7.0
  response:
    body:
      string: '{"value":"value5","id":"https://vault8bf41593caab6c128e.vault.azure.net/secrets/secret5/8ce88d8459684aeea9b5e6bfd57d8862","attributes":{"enabled":true,"created":1570206039,"updated":1570206039,"recoveryLevel":"Recoverable+Purgeable"}}'
    headers:
      cache-control:
      - no-cache
      content-length:
      - '234'
      content-type:
      - application/json; charset=utf-8
      date:
      - Fri, 04 Oct 2019 16:20:39 GMT
      expires:
      - '-1'
      pragma:
      - no-cache
      server:
      - Microsoft-IIS/10.0
      strict-transport-security:
      - max-age=31536000;includeSubDomains
      x-aspnet-version:
      - 4.0.30319
      x-content-type-options:
      - nosniff
      x-ms-keyvault-network-info:
      - addr=131.107.174.72;act_addr_fam=InterNetwork;
      x-ms-keyvault-region:
      - westus
      x-ms-keyvault-service-version:
      - 1.1.0.878
      x-powered-by:
      - ASP.NET
    status:
      code: 200
      message: OK
- request:
    body: '{"value": "value6"}'
    headers:
      Accept:
      - application/json
      Accept-Encoding:
      - gzip, deflate
      Connection:
      - keep-alive
      Content-Length:
      - '19'
      Content-Type:
      - application/json; charset=utf-8
      User-Agent:
      - azsdk-python-keyvault-secrets/4.0.0b4 Python/3.6.6 (Windows-10-10.0.18362-SP0)
    method: PUT
    uri: https://vault8bf41593caab6c128e.vault.azure.net/secrets/secret6?api-version=7.0
  response:
    body:
      string: '{"value":"value6","id":"https://vault8bf41593caab6c128e.vault.azure.net/secrets/secret6/f7d7918a89014a86965d29a624c3742d","attributes":{"enabled":true,"created":1570206040,"updated":1570206040,"recoveryLevel":"Recoverable+Purgeable"}}'
    headers:
      cache-control:
      - no-cache
      content-length:
      - '234'
      content-type:
      - application/json; charset=utf-8
      date:
      - Fri, 04 Oct 2019 16:20:40 GMT
      expires:
      - '-1'
      pragma:
      - no-cache
      server:
      - Microsoft-IIS/10.0
      strict-transport-security:
      - max-age=31536000;includeSubDomains
      x-aspnet-version:
      - 4.0.30319
      x-content-type-options:
      - nosniff
      x-ms-keyvault-network-info:
      - addr=131.107.174.72;act_addr_fam=InterNetwork;
      x-ms-keyvault-region:
      - westus
      x-ms-keyvault-service-version:
      - 1.1.0.878
      x-powered-by:
      - ASP.NET
    status:
      code: 200
      message: OK
- request:
    body: null
    headers:
      Accept:
      - application/json
      Accept-Encoding:
      - gzip, deflate
      Connection:
      - keep-alive
      Content-Length:
      - '0'
      User-Agent:
      - azsdk-python-keyvault-secrets/4.0.0b4 Python/3.6.6 (Windows-10-10.0.18362-SP0)
    method: DELETE
    uri: https://vault8bf41593caab6c128e.vault.azure.net/secrets/secret0?api-version=7.0
  response:
    body:
      string: '{"recoveryId":"https://vault8bf41593caab6c128e.vault.azure.net/deletedsecrets/secret0","deletedDate":1570206040,"scheduledPurgeDate":1577982040,"id":"https://vault8bf41593caab6c128e.vault.azure.net/secrets/secret0/e9508824bcec4926b1ca7227c62032f3","attributes":{"enabled":true,"created":1570206039,"updated":1570206039,"recoveryLevel":"Recoverable+Purgeable"}}'
    headers:
      cache-control:
      - no-cache
      content-length:
      - '360'
      content-type:
      - application/json; charset=utf-8
      date:
      - Fri, 04 Oct 2019 16:20:40 GMT
      expires:
      - '-1'
      pragma:
      - no-cache
      server:
      - Microsoft-IIS/10.0
      strict-transport-security:
      - max-age=31536000;includeSubDomains
      x-aspnet-version:
      - 4.0.30319
      x-content-type-options:
      - nosniff
      x-ms-keyvault-network-info:
      - addr=131.107.174.72;act_addr_fam=InterNetwork;
      x-ms-keyvault-region:
      - westus
      x-ms-keyvault-service-version:
      - 1.1.0.878
      x-powered-by:
      - ASP.NET
    status:
      code: 200
      message: OK
- request:
    body: null
    headers:
      Accept:
      - application/json
      Accept-Encoding:
      - gzip, deflate
      Connection:
      - keep-alive
      Content-Length:
      - '0'
      User-Agent:
      - azsdk-python-keyvault-secrets/4.0.0b4 Python/3.6.6 (Windows-10-10.0.18362-SP0)
    method: DELETE
    uri: https://vault8bf41593caab6c128e.vault.azure.net/secrets/secret1?api-version=7.0
  response:
    body:
      string: '{"recoveryId":"https://vault8bf41593caab6c128e.vault.azure.net/deletedsecrets/secret1","deletedDate":1570206040,"scheduledPurgeDate":1577982040,"id":"https://vault8bf41593caab6c128e.vault.azure.net/secrets/secret1/7fc00d8f48464633bdb461c1f8718b74","attributes":{"enabled":true,"created":1570206039,"updated":1570206039,"recoveryLevel":"Recoverable+Purgeable"}}'
    headers:
      cache-control:
      - no-cache
      content-length:
      - '360'
      content-type:
      - application/json; charset=utf-8
      date:
      - Fri, 04 Oct 2019 16:20:40 GMT
      expires:
      - '-1'
      pragma:
      - no-cache
      server:
      - Microsoft-IIS/10.0
      strict-transport-security:
      - max-age=31536000;includeSubDomains
      x-aspnet-version:
      - 4.0.30319
      x-content-type-options:
      - nosniff
      x-ms-keyvault-network-info:
      - addr=131.107.174.72;act_addr_fam=InterNetwork;
      x-ms-keyvault-region:
      - westus
      x-ms-keyvault-service-version:
      - 1.1.0.878
      x-powered-by:
      - ASP.NET
    status:
      code: 200
      message: OK
- request:
    body: null
    headers:
      Accept:
      - application/json
      Accept-Encoding:
      - gzip, deflate
      Connection:
      - keep-alive
      Content-Length:
      - '0'
      User-Agent:
      - azsdk-python-keyvault-secrets/4.0.0b4 Python/3.6.6 (Windows-10-10.0.18362-SP0)
    method: DELETE
    uri: https://vault8bf41593caab6c128e.vault.azure.net/secrets/secret2?api-version=7.0
  response:
    body:
      string: '{"recoveryId":"https://vault8bf41593caab6c128e.vault.azure.net/deletedsecrets/secret2","deletedDate":1570206040,"scheduledPurgeDate":1577982040,"id":"https://vault8bf41593caab6c128e.vault.azure.net/secrets/secret2/53c6650dd9924a6f992ce01be1848bbc","attributes":{"enabled":true,"created":1570206039,"updated":1570206039,"recoveryLevel":"Recoverable+Purgeable"}}'
    headers:
      cache-control:
      - no-cache
      content-length:
      - '360'
      content-type:
      - application/json; charset=utf-8
      date:
      - Fri, 04 Oct 2019 16:20:40 GMT
      expires:
      - '-1'
      pragma:
      - no-cache
      server:
      - Microsoft-IIS/10.0
      strict-transport-security:
      - max-age=31536000;includeSubDomains
      x-aspnet-version:
      - 4.0.30319
      x-content-type-options:
      - nosniff
      x-ms-keyvault-network-info:
      - addr=131.107.174.72;act_addr_fam=InterNetwork;
      x-ms-keyvault-region:
      - westus
      x-ms-keyvault-service-version:
      - 1.1.0.878
      x-powered-by:
      - ASP.NET
    status:
      code: 200
      message: OK
- request:
    body: null
    headers:
      Accept:
      - application/json
      Accept-Encoding:
      - gzip, deflate
      Connection:
      - keep-alive
      Content-Length:
      - '0'
      User-Agent:
      - azsdk-python-keyvault-secrets/4.0.0b4 Python/3.6.6 (Windows-10-10.0.18362-SP0)
    method: DELETE
    uri: https://vault8bf41593caab6c128e.vault.azure.net/secrets/secret3?api-version=7.0
  response:
    body:
      string: '{"recoveryId":"https://vault8bf41593caab6c128e.vault.azure.net/deletedsecrets/secret3","deletedDate":1570206040,"scheduledPurgeDate":1577982040,"id":"https://vault8bf41593caab6c128e.vault.azure.net/secrets/secret3/9a86f35ee5ff467c9a4cbddc13d3c53d","attributes":{"enabled":true,"created":1570206039,"updated":1570206039,"recoveryLevel":"Recoverable+Purgeable"}}'
    headers:
      cache-control:
      - no-cache
      content-length:
      - '360'
      content-type:
      - application/json; charset=utf-8
      date:
      - Fri, 04 Oct 2019 16:20:40 GMT
      expires:
      - '-1'
      pragma:
      - no-cache
      server:
      - Microsoft-IIS/10.0
      strict-transport-security:
      - max-age=31536000;includeSubDomains
      x-aspnet-version:
      - 4.0.30319
      x-content-type-options:
      - nosniff
      x-ms-keyvault-network-info:
      - addr=131.107.174.72;act_addr_fam=InterNetwork;
      x-ms-keyvault-region:
      - westus
      x-ms-keyvault-service-version:
      - 1.1.0.878
      x-powered-by:
      - ASP.NET
    status:
      code: 200
      message: OK
- request:
    body: null
    headers:
      Accept:
      - application/json
      Accept-Encoding:
      - gzip, deflate
      Connection:
      - keep-alive
      Content-Length:
      - '0'
      User-Agent:
      - azsdk-python-keyvault-secrets/4.0.0b4 Python/3.6.6 (Windows-10-10.0.18362-SP0)
    method: DELETE
    uri: https://vault8bf41593caab6c128e.vault.azure.net/secrets/secret4?api-version=7.0
  response:
    body:
      string: '{"recoveryId":"https://vault8bf41593caab6c128e.vault.azure.net/deletedsecrets/secret4","deletedDate":1570206040,"scheduledPurgeDate":1577982040,"id":"https://vault8bf41593caab6c128e.vault.azure.net/secrets/secret4/7488860622da439b91e51778190d3bd2","attributes":{"enabled":true,"created":1570206039,"updated":1570206039,"recoveryLevel":"Recoverable+Purgeable"}}'
    headers:
      cache-control:
      - no-cache
      content-length:
      - '360'
      content-type:
      - application/json; charset=utf-8
      date:
      - Fri, 04 Oct 2019 16:20:40 GMT
      expires:
      - '-1'
      pragma:
      - no-cache
      server:
      - Microsoft-IIS/10.0
      strict-transport-security:
      - max-age=31536000;includeSubDomains
      x-aspnet-version:
      - 4.0.30319
      x-content-type-options:
      - nosniff
      x-ms-keyvault-network-info:
      - addr=131.107.174.72;act_addr_fam=InterNetwork;
      x-ms-keyvault-region:
      - westus
      x-ms-keyvault-service-version:
      - 1.1.0.878
      x-powered-by:
      - ASP.NET
    status:
      code: 200
      message: OK
- request:
    body: null
    headers:
      Accept:
      - application/json
      Accept-Encoding:
      - gzip, deflate
      Connection:
      - keep-alive
      Content-Length:
      - '0'
      User-Agent:
      - azsdk-python-keyvault-secrets/4.0.0b4 Python/3.6.6 (Windows-10-10.0.18362-SP0)
    method: DELETE
    uri: https://vault8bf41593caab6c128e.vault.azure.net/secrets/secret5?api-version=7.0
  response:
    body:
      string: '{"recoveryId":"https://vault8bf41593caab6c128e.vault.azure.net/deletedsecrets/secret5","deletedDate":1570206040,"scheduledPurgeDate":1577982040,"id":"https://vault8bf41593caab6c128e.vault.azure.net/secrets/secret5/8ce88d8459684aeea9b5e6bfd57d8862","attributes":{"enabled":true,"created":1570206039,"updated":1570206039,"recoveryLevel":"Recoverable+Purgeable"}}'
    headers:
      cache-control:
      - no-cache
      content-length:
      - '360'
      content-type:
      - application/json; charset=utf-8
      date:
      - Fri, 04 Oct 2019 16:20:40 GMT
      expires:
      - '-1'
      pragma:
      - no-cache
      server:
      - Microsoft-IIS/10.0
      strict-transport-security:
      - max-age=31536000;includeSubDomains
      x-aspnet-version:
      - 4.0.30319
      x-content-type-options:
      - nosniff
      x-ms-keyvault-network-info:
      - addr=131.107.174.72;act_addr_fam=InterNetwork;
      x-ms-keyvault-region:
      - westus
      x-ms-keyvault-service-version:
      - 1.1.0.878
      x-powered-by:
      - ASP.NET
    status:
      code: 200
      message: OK
- request:
    body: null
    headers:
      Accept:
      - application/json
      Accept-Encoding:
      - gzip, deflate
      Connection:
      - keep-alive
      Content-Length:
      - '0'
      User-Agent:
      - azsdk-python-keyvault-secrets/4.0.0b4 Python/3.6.6 (Windows-10-10.0.18362-SP0)
    method: DELETE
    uri: https://vault8bf41593caab6c128e.vault.azure.net/secrets/secret6?api-version=7.0
  response:
    body:
      string: '{"recoveryId":"https://vault8bf41593caab6c128e.vault.azure.net/deletedsecrets/secret6","deletedDate":1570206041,"scheduledPurgeDate":1577982041,"id":"https://vault8bf41593caab6c128e.vault.azure.net/secrets/secret6/f7d7918a89014a86965d29a624c3742d","attributes":{"enabled":true,"created":1570206040,"updated":1570206040,"recoveryLevel":"Recoverable+Purgeable"}}'
    headers:
      cache-control:
      - no-cache
      content-length:
      - '360'
      content-type:
      - application/json; charset=utf-8
      date:
      - Fri, 04 Oct 2019 16:20:41 GMT
      expires:
      - '-1'
      pragma:
      - no-cache
      server:
      - Microsoft-IIS/10.0
      strict-transport-security:
      - max-age=31536000;includeSubDomains
      x-aspnet-version:
      - 4.0.30319
      x-content-type-options:
      - nosniff
      x-ms-keyvault-network-info:
      - addr=131.107.174.72;act_addr_fam=InterNetwork;
      x-ms-keyvault-region:
      - westus
      x-ms-keyvault-service-version:
      - 1.1.0.878
      x-powered-by:
      - ASP.NET
    status:
      code: 200
      message: OK
- request:
    body: null
    headers:
      Accept:
      - application/json
      Accept-Encoding:
      - gzip, deflate
      Connection:
      - keep-alive
      User-Agent:
      - azsdk-python-keyvault-secrets/4.0.0b4 Python/3.6.6 (Windows-10-10.0.18362-SP0)
    method: GET
    uri: https://vault8bf41593caab6c128e.vault.azure.net/deletedsecrets/secret0?api-version=7.0
  response:
    body:
      string: '{"error":{"code":"SecretNotFound","message":"Deleted Secret not found:
        secret0"}}'
    headers:
      cache-control:
      - no-cache
      content-length:
      - '81'
      content-type:
      - application/json; charset=utf-8
      date:
      - Fri, 04 Oct 2019 16:20:41 GMT
      expires:
      - '-1'
      pragma:
      - no-cache
      server:
      - Microsoft-IIS/10.0
      strict-transport-security:
      - max-age=31536000;includeSubDomains
      x-aspnet-version:
      - 4.0.30319
      x-content-type-options:
      - nosniff
      x-ms-keyvault-network-info:
      - addr=131.107.174.72;act_addr_fam=InterNetwork;
      x-ms-keyvault-region:
      - westus
      x-ms-keyvault-service-version:
      - 1.1.0.878
      x-powered-by:
      - ASP.NET
    status:
      code: 404
      message: Not Found
- request:
    body: null
    headers:
      Accept:
      - application/json
      Accept-Encoding:
      - gzip, deflate
      Connection:
      - keep-alive
      User-Agent:
      - azsdk-python-keyvault-secrets/4.0.0b4 Python/3.6.6 (Windows-10-10.0.18362-SP0)
    method: GET
    uri: https://vault8bf41593caab6c128e.vault.azure.net/deletedsecrets/secret0?api-version=7.0
  response:
    body:
      string: '{"error":{"code":"SecretNotFound","message":"Deleted Secret not found:
        secret0"}}'
    headers:
      cache-control:
      - no-cache
      content-length:
      - '81'
      content-type:
      - application/json; charset=utf-8
      date:
      - Fri, 04 Oct 2019 16:20:44 GMT
      expires:
      - '-1'
      pragma:
      - no-cache
      server:
      - Microsoft-IIS/10.0
      strict-transport-security:
      - max-age=31536000;includeSubDomains
      x-aspnet-version:
      - 4.0.30319
      x-content-type-options:
      - nosniff
      x-ms-keyvault-network-info:
      - addr=131.107.174.72;act_addr_fam=InterNetwork;
      x-ms-keyvault-region:
      - westus
      x-ms-keyvault-service-version:
      - 1.1.0.878
      x-powered-by:
      - ASP.NET
    status:
      code: 404
      message: Not Found
- request:
    body: null
    headers:
      Accept:
      - application/json
      Accept-Encoding:
      - gzip, deflate
      Connection:
      - keep-alive
      User-Agent:
      - azsdk-python-keyvault-secrets/4.0.0b4 Python/3.6.6 (Windows-10-10.0.18362-SP0)
    method: GET
    uri: https://vault8bf41593caab6c128e.vault.azure.net/deletedsecrets/secret0?api-version=7.0
  response:
    body:
      string: '{"error":{"code":"SecretNotFound","message":"Deleted Secret not found:
        secret0"}}'
    headers:
      cache-control:
      - no-cache
      content-length:
      - '81'
      content-type:
      - application/json; charset=utf-8
      date:
      - Fri, 04 Oct 2019 16:20:47 GMT
      expires:
      - '-1'
      pragma:
      - no-cache
      server:
      - Microsoft-IIS/10.0
      strict-transport-security:
      - max-age=31536000;includeSubDomains
      x-aspnet-version:
      - 4.0.30319
      x-content-type-options:
      - nosniff
      x-ms-keyvault-network-info:
      - addr=131.107.174.72;act_addr_fam=InterNetwork;
      x-ms-keyvault-region:
      - westus
      x-ms-keyvault-service-version:
      - 1.1.0.878
      x-powered-by:
      - ASP.NET
    status:
      code: 404
      message: Not Found
- request:
    body: null
    headers:
      Accept:
      - application/json
      Accept-Encoding:
      - gzip, deflate
      Connection:
      - keep-alive
      User-Agent:
      - azsdk-python-keyvault-secrets/4.0.0b4 Python/3.6.6 (Windows-10-10.0.18362-SP0)
    method: GET
    uri: https://vault8bf41593caab6c128e.vault.azure.net/deletedsecrets/secret0?api-version=7.0
  response:
    body:
      string: '{"error":{"code":"SecretNotFound","message":"Deleted Secret not found:
        secret0"}}'
    headers:
      cache-control:
      - no-cache
      content-length:
      - '81'
      content-type:
      - application/json; charset=utf-8
      date:
      - Fri, 04 Oct 2019 16:20:50 GMT
      expires:
      - '-1'
      pragma:
      - no-cache
      server:
      - Microsoft-IIS/10.0
      strict-transport-security:
      - max-age=31536000;includeSubDomains
      x-aspnet-version:
      - 4.0.30319
      x-content-type-options:
      - nosniff
      x-ms-keyvault-network-info:
      - addr=131.107.174.72;act_addr_fam=InterNetwork;
      x-ms-keyvault-region:
      - westus
      x-ms-keyvault-service-version:
      - 1.1.0.878
      x-powered-by:
      - ASP.NET
    status:
      code: 404
      message: Not Found
- request:
    body: null
    headers:
      Accept:
      - application/json
      Accept-Encoding:
      - gzip, deflate
      Connection:
      - keep-alive
      User-Agent:
      - azsdk-python-keyvault-secrets/4.0.0b4 Python/3.6.6 (Windows-10-10.0.18362-SP0)
    method: GET
    uri: https://vault8bf41593caab6c128e.vault.azure.net/deletedsecrets/secret0?api-version=7.0
  response:
    body:
      string: '{"error":{"code":"SecretNotFound","message":"Deleted Secret not found:
        secret0"}}'
    headers:
      cache-control:
      - no-cache
      content-length:
      - '81'
      content-type:
      - application/json; charset=utf-8
      date:
      - Fri, 04 Oct 2019 16:20:52 GMT
      expires:
      - '-1'
      pragma:
      - no-cache
      server:
      - Microsoft-IIS/10.0
      strict-transport-security:
      - max-age=31536000;includeSubDomains
      x-aspnet-version:
      - 4.0.30319
      x-content-type-options:
      - nosniff
      x-ms-keyvault-network-info:
      - addr=131.107.174.72;act_addr_fam=InterNetwork;
      x-ms-keyvault-region:
      - westus
      x-ms-keyvault-service-version:
      - 1.1.0.878
      x-powered-by:
      - ASP.NET
    status:
      code: 404
      message: Not Found
- request:
    body: null
    headers:
      Accept:
      - application/json
      Accept-Encoding:
      - gzip, deflate
      Connection:
      - keep-alive
      User-Agent:
      - azsdk-python-keyvault-secrets/4.0.0b4 Python/3.6.6 (Windows-10-10.0.18362-SP0)
    method: GET
    uri: https://vault8bf41593caab6c128e.vault.azure.net/deletedsecrets/secret0?api-version=7.0
  response:
    body:
      string: '{"error":{"code":"SecretNotFound","message":"Deleted Secret not found:
        secret0"}}'
    headers:
      cache-control:
      - no-cache
      content-length:
      - '81'
      content-type:
      - application/json; charset=utf-8
      date:
      - Fri, 04 Oct 2019 16:20:55 GMT
      expires:
      - '-1'
      pragma:
      - no-cache
      server:
      - Microsoft-IIS/10.0
      strict-transport-security:
      - max-age=31536000;includeSubDomains
      x-aspnet-version:
      - 4.0.30319
      x-content-type-options:
      - nosniff
      x-ms-keyvault-network-info:
      - addr=131.107.174.72;act_addr_fam=InterNetwork;
      x-ms-keyvault-region:
      - westus
      x-ms-keyvault-service-version:
      - 1.1.0.878
      x-powered-by:
      - ASP.NET
    status:
      code: 404
      message: Not Found
- request:
    body: null
    headers:
      Accept:
      - application/json
      Accept-Encoding:
      - gzip, deflate
      Connection:
      - keep-alive
      User-Agent:
      - azsdk-python-keyvault-secrets/4.0.0b4 Python/3.6.6 (Windows-10-10.0.18362-SP0)
    method: GET
    uri: https://vault8bf41593caab6c128e.vault.azure.net/deletedsecrets/secret0?api-version=7.0
  response:
    body:
      string: '{"error":{"code":"SecretNotFound","message":"Deleted Secret not found:
        secret0"}}'
    headers:
      cache-control:
      - no-cache
      content-length:
      - '81'
      content-type:
      - application/json; charset=utf-8
      date:
      - Fri, 04 Oct 2019 16:20:58 GMT
      expires:
      - '-1'
      pragma:
      - no-cache
      server:
      - Microsoft-IIS/10.0
      strict-transport-security:
      - max-age=31536000;includeSubDomains
      x-aspnet-version:
      - 4.0.30319
      x-content-type-options:
      - nosniff
      x-ms-keyvault-network-info:
      - addr=131.107.174.72;act_addr_fam=InterNetwork;
      x-ms-keyvault-region:
      - westus
      x-ms-keyvault-service-version:
      - 1.1.0.878
      x-powered-by:
      - ASP.NET
    status:
      code: 404
      message: Not Found
- request:
    body: null
    headers:
      Accept:
      - application/json
      Accept-Encoding:
      - gzip, deflate
      Connection:
      - keep-alive
      User-Agent:
      - azsdk-python-keyvault-secrets/4.0.0b4 Python/3.6.6 (Windows-10-10.0.18362-SP0)
    method: GET
    uri: https://vault8bf41593caab6c128e.vault.azure.net/deletedsecrets/secret0?api-version=7.0
  response:
    body:
      string: '{"error":{"code":"SecretNotFound","message":"Deleted Secret not found:
        secret0"}}'
    headers:
      cache-control:
      - no-cache
      content-length:
      - '81'
      content-type:
      - application/json; charset=utf-8
      date:
      - Fri, 04 Oct 2019 16:21:01 GMT
      expires:
      - '-1'
      pragma:
      - no-cache
      server:
      - Microsoft-IIS/10.0
      strict-transport-security:
      - max-age=31536000;includeSubDomains
      x-aspnet-version:
      - 4.0.30319
      x-content-type-options:
      - nosniff
      x-ms-keyvault-network-info:
      - addr=131.107.174.72;act_addr_fam=InterNetwork;
      x-ms-keyvault-region:
      - westus
      x-ms-keyvault-service-version:
      - 1.1.0.878
      x-powered-by:
      - ASP.NET
    status:
      code: 404
      message: Not Found
- request:
    body: null
    headers:
      Accept:
      - application/json
      Accept-Encoding:
      - gzip, deflate
      Connection:
      - keep-alive
      User-Agent:
      - azsdk-python-keyvault-secrets/4.0.0b4 Python/3.6.6 (Windows-10-10.0.18362-SP0)
    method: GET
    uri: https://vault8bf41593caab6c128e.vault.azure.net/deletedsecrets/secret0?api-version=7.0
  response:
    body:
      string: '{"recoveryId":"https://vault8bf41593caab6c128e.vault.azure.net/deletedsecrets/secret0","deletedDate":1570206040,"scheduledPurgeDate":1577982040,"id":"https://vault8bf41593caab6c128e.vault.azure.net/secrets/secret0/e9508824bcec4926b1ca7227c62032f3","attributes":{"enabled":true,"created":1570206039,"updated":1570206039,"recoveryLevel":"Recoverable+Purgeable"}}'
    headers:
      cache-control:
      - no-cache
      content-length:
      - '360'
      content-type:
      - application/json; charset=utf-8
      date:
      - Fri, 04 Oct 2019 16:21:04 GMT
      expires:
      - '-1'
      pragma:
      - no-cache
      server:
      - Microsoft-IIS/10.0
      strict-transport-security:
      - max-age=31536000;includeSubDomains
      x-aspnet-version:
      - 4.0.30319
      x-content-type-options:
      - nosniff
      x-ms-keyvault-network-info:
      - addr=131.107.174.72;act_addr_fam=InterNetwork;
      x-ms-keyvault-region:
      - westus
      x-ms-keyvault-service-version:
      - 1.1.0.878
      x-powered-by:
      - ASP.NET
    status:
      code: 200
      message: OK
- request:
    body: null
    headers:
      Accept:
      - application/json
      Accept-Encoding:
      - gzip, deflate
      Connection:
      - keep-alive
      User-Agent:
      - azsdk-python-keyvault-secrets/4.0.0b4 Python/3.6.6 (Windows-10-10.0.18362-SP0)
    method: GET
    uri: https://vault8bf41593caab6c128e.vault.azure.net/deletedsecrets/secret1?api-version=7.0
  response:
    body:
      string: '{"recoveryId":"https://vault8bf41593caab6c128e.vault.azure.net/deletedsecrets/secret1","deletedDate":1570206040,"scheduledPurgeDate":1577982040,"id":"https://vault8bf41593caab6c128e.vault.azure.net/secrets/secret1/7fc00d8f48464633bdb461c1f8718b74","attributes":{"enabled":true,"created":1570206039,"updated":1570206039,"recoveryLevel":"Recoverable+Purgeable"}}'
    headers:
      cache-control:
      - no-cache
      content-length:
      - '360'
      content-type:
      - application/json; charset=utf-8
      date:
      - Fri, 04 Oct 2019 16:21:04 GMT
      expires:
      - '-1'
      pragma:
      - no-cache
      server:
      - Microsoft-IIS/10.0
      strict-transport-security:
      - max-age=31536000;includeSubDomains
      x-aspnet-version:
      - 4.0.30319
      x-content-type-options:
      - nosniff
      x-ms-keyvault-network-info:
      - addr=131.107.174.72;act_addr_fam=InterNetwork;
      x-ms-keyvault-region:
      - westus
      x-ms-keyvault-service-version:
      - 1.1.0.878
      x-powered-by:
      - ASP.NET
    status:
      code: 200
      message: OK
- request:
    body: null
    headers:
      Accept:
      - application/json
      Accept-Encoding:
      - gzip, deflate
      Connection:
      - keep-alive
      User-Agent:
      - azsdk-python-keyvault-secrets/4.0.0b4 Python/3.6.6 (Windows-10-10.0.18362-SP0)
    method: GET
    uri: https://vault8bf41593caab6c128e.vault.azure.net/deletedsecrets/secret2?api-version=7.0
  response:
    body:
      string: '{"recoveryId":"https://vault8bf41593caab6c128e.vault.azure.net/deletedsecrets/secret2","deletedDate":1570206040,"scheduledPurgeDate":1577982040,"id":"https://vault8bf41593caab6c128e.vault.azure.net/secrets/secret2/53c6650dd9924a6f992ce01be1848bbc","attributes":{"enabled":true,"created":1570206039,"updated":1570206039,"recoveryLevel":"Recoverable+Purgeable"}}'
    headers:
      cache-control:
      - no-cache
      content-length:
      - '360'
      content-type:
      - application/json; charset=utf-8
      date:
      - Fri, 04 Oct 2019 16:21:04 GMT
      expires:
      - '-1'
      pragma:
      - no-cache
      server:
      - Microsoft-IIS/10.0
      strict-transport-security:
      - max-age=31536000;includeSubDomains
      x-aspnet-version:
      - 4.0.30319
      x-content-type-options:
      - nosniff
      x-ms-keyvault-network-info:
      - addr=131.107.174.72;act_addr_fam=InterNetwork;
      x-ms-keyvault-region:
      - westus
      x-ms-keyvault-service-version:
      - 1.1.0.878
      x-powered-by:
      - ASP.NET
    status:
      code: 200
      message: OK
- request:
    body: null
    headers:
      Accept:
      - application/json
      Accept-Encoding:
      - gzip, deflate
      Connection:
      - keep-alive
      User-Agent:
      - azsdk-python-keyvault-secrets/4.0.0b4 Python/3.6.6 (Windows-10-10.0.18362-SP0)
    method: GET
    uri: https://vault8bf41593caab6c128e.vault.azure.net/deletedsecrets/secret3?api-version=7.0
  response:
    body:
      string: '{"recoveryId":"https://vault8bf41593caab6c128e.vault.azure.net/deletedsecrets/secret3","deletedDate":1570206040,"scheduledPurgeDate":1577982040,"id":"https://vault8bf41593caab6c128e.vault.azure.net/secrets/secret3/9a86f35ee5ff467c9a4cbddc13d3c53d","attributes":{"enabled":true,"created":1570206039,"updated":1570206039,"recoveryLevel":"Recoverable+Purgeable"}}'
    headers:
      cache-control:
      - no-cache
      content-length:
      - '360'
      content-type:
      - application/json; charset=utf-8
      date:
      - Fri, 04 Oct 2019 16:21:04 GMT
      expires:
      - '-1'
      pragma:
      - no-cache
      server:
      - Microsoft-IIS/10.0
      strict-transport-security:
      - max-age=31536000;includeSubDomains
      x-aspnet-version:
      - 4.0.30319
      x-content-type-options:
      - nosniff
      x-ms-keyvault-network-info:
      - addr=131.107.174.72;act_addr_fam=InterNetwork;
      x-ms-keyvault-region:
      - westus
      x-ms-keyvault-service-version:
      - 1.1.0.878
      x-powered-by:
      - ASP.NET
    status:
      code: 200
      message: OK
- request:
    body: null
    headers:
      Accept:
      - application/json
      Accept-Encoding:
      - gzip, deflate
      Connection:
      - keep-alive
      User-Agent:
      - azsdk-python-keyvault-secrets/4.0.0b4 Python/3.6.6 (Windows-10-10.0.18362-SP0)
    method: GET
    uri: https://vault8bf41593caab6c128e.vault.azure.net/deletedsecrets/secret4?api-version=7.0
  response:
    body:
      string: '{"recoveryId":"https://vault8bf41593caab6c128e.vault.azure.net/deletedsecrets/secret4","deletedDate":1570206040,"scheduledPurgeDate":1577982040,"id":"https://vault8bf41593caab6c128e.vault.azure.net/secrets/secret4/7488860622da439b91e51778190d3bd2","attributes":{"enabled":true,"created":1570206039,"updated":1570206039,"recoveryLevel":"Recoverable+Purgeable"}}'
    headers:
      cache-control:
      - no-cache
      content-length:
      - '360'
      content-type:
      - application/json; charset=utf-8
      date:
      - Fri, 04 Oct 2019 16:21:04 GMT
      expires:
      - '-1'
      pragma:
      - no-cache
      server:
      - Microsoft-IIS/10.0
      strict-transport-security:
      - max-age=31536000;includeSubDomains
      x-aspnet-version:
      - 4.0.30319
      x-content-type-options:
      - nosniff
      x-ms-keyvault-network-info:
      - addr=131.107.174.72;act_addr_fam=InterNetwork;
      x-ms-keyvault-region:
      - westus
      x-ms-keyvault-service-version:
      - 1.1.0.878
      x-powered-by:
      - ASP.NET
    status:
      code: 200
      message: OK
- request:
    body: null
    headers:
      Accept:
      - application/json
      Accept-Encoding:
      - gzip, deflate
      Connection:
      - keep-alive
      User-Agent:
      - azsdk-python-keyvault-secrets/4.0.0b4 Python/3.6.6 (Windows-10-10.0.18362-SP0)
    method: GET
    uri: https://vault8bf41593caab6c128e.vault.azure.net/deletedsecrets/secret5?api-version=7.0
  response:
    body:
      string: '{"recoveryId":"https://vault8bf41593caab6c128e.vault.azure.net/deletedsecrets/secret5","deletedDate":1570206040,"scheduledPurgeDate":1577982040,"id":"https://vault8bf41593caab6c128e.vault.azure.net/secrets/secret5/8ce88d8459684aeea9b5e6bfd57d8862","attributes":{"enabled":true,"created":1570206039,"updated":1570206039,"recoveryLevel":"Recoverable+Purgeable"}}'
    headers:
      cache-control:
      - no-cache
      content-length:
      - '360'
      content-type:
      - application/json; charset=utf-8
      date:
      - Fri, 04 Oct 2019 16:21:04 GMT
      expires:
      - '-1'
      pragma:
      - no-cache
      server:
      - Microsoft-IIS/10.0
      strict-transport-security:
      - max-age=31536000;includeSubDomains
      x-aspnet-version:
      - 4.0.30319
      x-content-type-options:
      - nosniff
      x-ms-keyvault-network-info:
      - addr=131.107.174.72;act_addr_fam=InterNetwork;
      x-ms-keyvault-region:
      - westus
      x-ms-keyvault-service-version:
      - 1.1.0.878
      x-powered-by:
      - ASP.NET
    status:
      code: 200
      message: OK
- request:
    body: null
    headers:
      Accept:
      - application/json
      Accept-Encoding:
      - gzip, deflate
      Connection:
      - keep-alive
      User-Agent:
      - azsdk-python-keyvault-secrets/4.0.0b4 Python/3.6.6 (Windows-10-10.0.18362-SP0)
    method: GET
    uri: https://vault8bf41593caab6c128e.vault.azure.net/deletedsecrets/secret6?api-version=7.0
  response:
    body:
      string: '{"recoveryId":"https://vault8bf41593caab6c128e.vault.azure.net/deletedsecrets/secret6","deletedDate":1570206041,"scheduledPurgeDate":1577982041,"id":"https://vault8bf41593caab6c128e.vault.azure.net/secrets/secret6/f7d7918a89014a86965d29a624c3742d","attributes":{"enabled":true,"created":1570206040,"updated":1570206040,"recoveryLevel":"Recoverable+Purgeable"}}'
    headers:
      cache-control:
      - no-cache
      content-length:
      - '360'
      content-type:
      - application/json; charset=utf-8
      date:
      - Fri, 04 Oct 2019 16:21:05 GMT
      expires:
      - '-1'
      pragma:
      - no-cache
      server:
      - Microsoft-IIS/10.0
      strict-transport-security:
      - max-age=31536000;includeSubDomains
      x-aspnet-version:
      - 4.0.30319
      x-content-type-options:
      - nosniff
      x-ms-keyvault-network-info:
      - addr=131.107.174.72;act_addr_fam=InterNetwork;
      x-ms-keyvault-region:
      - westus
      x-ms-keyvault-service-version:
      - 1.1.0.878
      x-powered-by:
      - ASP.NET
    status:
      code: 200
      message: OK
- request:
    body: null
    headers:
      Accept:
      - application/json
      Accept-Encoding:
      - gzip, deflate
      Connection:
      - keep-alive
      User-Agent:
      - azsdk-python-keyvault-secrets/4.0.0b4 Python/3.6.6 (Windows-10-10.0.18362-SP0)
    method: GET
    uri: https://vault8bf41593caab6c128e.vault.azure.net/deletedsecrets?api-version=7.0
  response:
    body:
      string: '{"value":[{"recoveryId":"https://vault8bf41593caab6c128e.vault.azure.net/deletedsecrets/secret0","deletedDate":1570206040,"scheduledPurgeDate":1577982040,"id":"https://vault8bf41593caab6c128e.vault.azure.net/secrets/secret0","attributes":{"enabled":true,"created":1570206039,"updated":1570206039,"recoveryLevel":"Recoverable+Purgeable"}},{"recoveryId":"https://vault8bf41593caab6c128e.vault.azure.net/deletedsecrets/secret1","deletedDate":1570206040,"scheduledPurgeDate":1577982040,"id":"https://vault8bf41593caab6c128e.vault.azure.net/secrets/secret1","attributes":{"enabled":true,"created":1570206039,"updated":1570206039,"recoveryLevel":"Recoverable+Purgeable"}},{"recoveryId":"https://vault8bf41593caab6c128e.vault.azure.net/deletedsecrets/secret2","deletedDate":1570206040,"scheduledPurgeDate":1577982040,"id":"https://vault8bf41593caab6c128e.vault.azure.net/secrets/secret2","attributes":{"enabled":true,"created":1570206039,"updated":1570206039,"recoveryLevel":"Recoverable+Purgeable"}},{"recoveryId":"https://vault8bf41593caab6c128e.vault.azure.net/deletedsecrets/secret3","deletedDate":1570206040,"scheduledPurgeDate":1577982040,"id":"https://vault8bf41593caab6c128e.vault.azure.net/secrets/secret3","attributes":{"enabled":true,"created":1570206039,"updated":1570206039,"recoveryLevel":"Recoverable+Purgeable"}},{"recoveryId":"https://vault8bf41593caab6c128e.vault.azure.net/deletedsecrets/secret4","deletedDate":1570206040,"scheduledPurgeDate":1577982040,"id":"https://vault8bf41593caab6c128e.vault.azure.net/secrets/secret4","attributes":{"enabled":true,"created":1570206039,"updated":1570206039,"recoveryLevel":"Recoverable+Purgeable"}},{"recoveryId":"https://vault8bf41593caab6c128e.vault.azure.net/deletedsecrets/secret5","deletedDate":1570206040,"scheduledPurgeDate":1577982040,"id":"https://vault8bf41593caab6c128e.vault.azure.net/secrets/secret5","attributes":{"enabled":true,"created":1570206039,"updated":1570206039,"recoveryLevel":"Recoverable+Purgeable"}},{"recoveryId":"https://vault8bf41593caab6c128e.vault.azure.net/deletedsecrets/secret6","deletedDate":1570206041,"scheduledPurgeDate":1577982041,"id":"https://vault8bf41593caab6c128e.vault.azure.net/secrets/secret6","attributes":{"enabled":true,"created":1570206040,"updated":1570206040,"recoveryLevel":"Recoverable+Purgeable"}}],"nextLink":null}'
    headers:
      cache-control:
      - no-cache
      content-length:
      - '2323'
      content-type:
      - application/json; charset=utf-8
      date:
      - Fri, 04 Oct 2019 16:21:05 GMT
      expires:
      - '-1'
      pragma:
      - no-cache
      server:
      - Microsoft-IIS/10.0
      strict-transport-security:
      - max-age=31536000;includeSubDomains
      x-aspnet-version:
      - 4.0.30319
      x-content-type-options:
      - nosniff
      x-ms-keyvault-network-info:
      - addr=131.107.174.72;act_addr_fam=InterNetwork;
      x-ms-keyvault-region:
      - westus
      x-ms-keyvault-service-version:
      - 1.1.0.878
      x-powered-by:
      - ASP.NET
    status:
      code: 200
      message: OK
version: 1
