interactions:
- request:
    body: null
    headers:
      Accept:
      - application/json
      Accept-Encoding:
      - gzip, deflate
      Connection:
      - keep-alive
      Content-Length:
      - '0'
      Content-Type:
      - application/json; charset=utf-8
      User-Agent:
      - azsdk-python-keyvault-secrets/4.2.0b1 Python/3.8.0 (Windows-10-10.0.18362-SP0)
    method: PUT
    uri: https://vaultname.vault.azure.net/secrets/crud-secret?api-version=7.1-preview
  response:
    body:
      string: '{"error":{"code":"Unauthorized","message":"Request is missing a Bearer
        or PoP token."}}'
    headers:
      cache-control:
      - no-cache
      content-length:
      - '87'
      content-type:
      - application/json; charset=utf-8
      date:
      - Thu, 05 Mar 2020 23:06:31 GMT
      expires:
      - '-1'
      pragma:
      - no-cache
      server:
      - Microsoft-IIS/10.0
      strict-transport-security:
      - max-age=31536000;includeSubDomains
      www-authenticate:
      - Bearer authorization="https://login.windows.net/72f988bf-86f1-41af-91ab-2d7cd011db47",
        resource="https://vault.azure.net"
      x-aspnet-version:
      - 4.0.30319
      x-content-type-options:
      - nosniff
      x-ms-keyvault-network-info:
      - addr=76.121.58.221;act_addr_fam=InterNetwork;
      x-ms-keyvault-region:
      - westus
      x-ms-keyvault-service-version:
      - 1.1.0.897
      x-powered-by:
      - ASP.NET
    status:
      code: 401
      message: Unauthorized
- request:
    body: '{"value": "crud_secret_valued267137a"}'
    headers:
      Accept:
      - application/json
      Accept-Encoding:
      - gzip, deflate
      Connection:
      - keep-alive
      Content-Length:
      - '38'
      Content-Type:
      - application/json; charset=utf-8
      User-Agent:
      - azsdk-python-keyvault-secrets/4.2.0b1 Python/3.8.0 (Windows-10-10.0.18362-SP0)
    method: PUT
    uri: https://vaultname.vault.azure.net/secrets/crud-secret?api-version=7.1-preview
  response:
    body:
      string: '{"value":"crud_secret_valued267137a","id":"https://vaultname.vault.azure.net/secrets/crud-secret/fdcd68e08f1642a7b8b11c2bb94cbf8a","attributes":{"enabled":true,"created":1583449592,"updated":1583449592,"recoveryLevel":"Recoverable+Purgeable"}}'
    headers:
      cache-control:
      - no-cache
      content-length:
      - '258'
      content-type:
      - application/json; charset=utf-8
      date:
      - Thu, 05 Mar 2020 23:06:32 GMT
      expires:
      - '-1'
      pragma:
      - no-cache
      server:
      - Microsoft-IIS/10.0
      strict-transport-security:
      - max-age=31536000;includeSubDomains
      x-aspnet-version:
      - 4.0.30319
      x-content-type-options:
      - nosniff
      x-ms-keyvault-network-info:
      - addr=76.121.58.221;act_addr_fam=InterNetwork;
      x-ms-keyvault-region:
      - westus
      x-ms-keyvault-service-version:
      - 1.1.0.897
      x-powered-by:
      - ASP.NET
    status:
      code: 200
      message: OK
- request:
    body: '{"value": "crud_secret_valued267137a", "tags": {"foo": "created tag"},
      "contentType": "password", "attributes": {"enabled": true, "nbf": 1422864000,
      "exp": 2527401600}}'
    headers:
      Accept:
      - application/json
      Accept-Encoding:
      - gzip, deflate
      Connection:
      - keep-alive
      Content-Length:
      - '168'
      Content-Type:
      - application/json; charset=utf-8
      User-Agent:
      - azsdk-python-keyvault-secrets/4.2.0b1 Python/3.8.0 (Windows-10-10.0.18362-SP0)
    method: PUT
    uri: https://vaultname.vault.azure.net/secrets/crud-secret?api-version=7.1-preview
  response:
    body:
      string: '{"value":"crud_secret_valued267137a","contentType":"password","id":"https://vaultname.vault.azure.net/secrets/crud-secret/73ef20a37aaa4bfeb34d73f85b8b720c","attributes":{"enabled":true,"nbf":1422864000,"exp":2527401600,"created":1583449592,"updated":1583449592,"recoveryLevel":"Recoverable+Purgeable"},"tags":{"foo":"created
        tag"}}'
    headers:
      cache-control:
      - no-cache
      content-length:
      - '346'
      content-type:
      - application/json; charset=utf-8
      date:
      - Thu, 05 Mar 2020 23:06:32 GMT
      expires:
      - '-1'
      pragma:
      - no-cache
      server:
      - Microsoft-IIS/10.0
      strict-transport-security:
      - max-age=31536000;includeSubDomains
      x-aspnet-version:
      - 4.0.30319
      x-content-type-options:
      - nosniff
      x-ms-keyvault-network-info:
      - addr=76.121.58.221;act_addr_fam=InterNetwork;
      x-ms-keyvault-region:
      - westus
      x-ms-keyvault-service-version:
      - 1.1.0.897
      x-powered-by:
      - ASP.NET
    status:
      code: 200
      message: OK
- request:
    body: null
    headers:
      Accept:
      - application/json
      Accept-Encoding:
      - gzip, deflate
      Connection:
      - keep-alive
      User-Agent:
      - azsdk-python-keyvault-secrets/4.2.0b1 Python/3.8.0 (Windows-10-10.0.18362-SP0)
    method: GET
    uri: https://vaultname.vault.azure.net/secrets/crud-secret/?api-version=7.1-preview
  response:
    body:
      string: '{"value":"crud_secret_valued267137a","contentType":"password","id":"https://vaultname.vault.azure.net/secrets/crud-secret/73ef20a37aaa4bfeb34d73f85b8b720c","attributes":{"enabled":true,"nbf":1422864000,"exp":2527401600,"created":1583449592,"updated":1583449592,"recoveryLevel":"Recoverable+Purgeable"},"tags":{"foo":"created
        tag"}}'
    headers:
      cache-control:
      - no-cache
      content-length:
      - '346'
      content-type:
      - application/json; charset=utf-8
      date:
      - Thu, 05 Mar 2020 23:06:32 GMT
      expires:
      - '-1'
      pragma:
      - no-cache
      server:
      - Microsoft-IIS/10.0
      strict-transport-security:
      - max-age=31536000;includeSubDomains
      x-aspnet-version:
      - 4.0.30319
      x-content-type-options:
      - nosniff
      x-ms-keyvault-network-info:
      - addr=76.121.58.221;act_addr_fam=InterNetwork;
      x-ms-keyvault-region:
      - westus
      x-ms-keyvault-service-version:
      - 1.1.0.897
      x-powered-by:
      - ASP.NET
    status:
      code: 200
      message: OK
- request:
    body: null
    headers:
      Accept:
      - application/json
      Accept-Encoding:
      - gzip, deflate
      Connection:
      - keep-alive
      User-Agent:
      - azsdk-python-keyvault-secrets/4.2.0b1 Python/3.8.0 (Windows-10-10.0.18362-SP0)
    method: GET
    uri: https://vaultname.vault.azure.net/secrets/crud-secret/73ef20a37aaa4bfeb34d73f85b8b720c?api-version=7.1-preview
  response:
    body:
      string: '{"value":"crud_secret_valued267137a","contentType":"password","id":"https://vaultname.vault.azure.net/secrets/crud-secret/73ef20a37aaa4bfeb34d73f85b8b720c","attributes":{"enabled":true,"nbf":1422864000,"exp":2527401600,"created":1583449592,"updated":1583449592,"recoveryLevel":"Recoverable+Purgeable"},"tags":{"foo":"created
        tag"}}'
    headers:
      cache-control:
      - no-cache
      content-length:
      - '346'
      content-type:
      - application/json; charset=utf-8
      date:
      - Thu, 05 Mar 2020 23:06:32 GMT
      expires:
      - '-1'
      pragma:
      - no-cache
      server:
      - Microsoft-IIS/10.0
      strict-transport-security:
      - max-age=31536000;includeSubDomains
      x-aspnet-version:
      - 4.0.30319
      x-content-type-options:
      - nosniff
      x-ms-keyvault-network-info:
      - addr=76.121.58.221;act_addr_fam=InterNetwork;
      x-ms-keyvault-region:
      - westus
      x-ms-keyvault-service-version:
      - 1.1.0.897
      x-powered-by:
      - ASP.NET
    status:
      code: 200
      message: OK
- request:
    body: '{"contentType": "text/plain", "attributes": {"enabled": false, "exp": 2524723200},
      "tags": {"foo": "updated tag"}}'
    headers:
      Accept:
      - application/json
      Accept-Encoding:
      - gzip, deflate
      Connection:
      - keep-alive
      Content-Length:
      - '114'
      Content-Type:
      - application/json; charset=utf-8
      User-Agent:
      - azsdk-python-keyvault-secrets/4.2.0b1 Python/3.8.0 (Windows-10-10.0.18362-SP0)
    method: PATCH
    uri: https://vaultname.vault.azure.net/secrets/crud-secret/73ef20a37aaa4bfeb34d73f85b8b720c?api-version=7.1-preview
  response:
    body:
      string: '{"contentType":"text/plain","id":"https://vaultname.vault.azure.net/secrets/crud-secret/73ef20a37aaa4bfeb34d73f85b8b720c","attributes":{"enabled":false,"nbf":1422864000,"exp":2524723200,"created":1583449592,"updated":1583449594,"recoveryLevel":"Recoverable+Purgeable"},"tags":{"foo":"updated
        tag"}}'
    headers:
      cache-control:
      - no-cache
      content-length:
      - '313'
      content-type:
      - application/json; charset=utf-8
      date:
      - Thu, 05 Mar 2020 23:06:34 GMT
      expires:
      - '-1'
      pragma:
      - no-cache
      server:
      - Microsoft-IIS/10.0
      strict-transport-security:
      - max-age=31536000;includeSubDomains
      x-aspnet-version:
      - 4.0.30319
      x-content-type-options:
      - nosniff
      x-ms-keyvault-network-info:
      - addr=76.121.58.221;act_addr_fam=InterNetwork;
      x-ms-keyvault-region:
      - westus
      x-ms-keyvault-service-version:
      - 1.1.0.897
      x-powered-by:
      - ASP.NET
    status:
      code: 200
      message: OK
- request:
    body: null
    headers:
      Accept:
      - application/json
      Accept-Encoding:
      - gzip, deflate
      Connection:
      - keep-alive
      Content-Length:
      - '0'
      User-Agent:
      - azsdk-python-keyvault-secrets/4.2.0b1 Python/3.8.0 (Windows-10-10.0.18362-SP0)
    method: DELETE
    uri: https://vaultname.vault.azure.net/secrets/crud-secret?api-version=7.1-preview
  response:
    body:
      string: '{"recoveryId":"https://vaultname.vault.azure.net/deletedsecrets/crud-secret","deletedDate":1583449594,"scheduledPurgeDate":1591225594,"contentType":"text/plain","id":"https://vaultname.vault.azure.net/secrets/crud-secret/73ef20a37aaa4bfeb34d73f85b8b720c","attributes":{"enabled":false,"nbf":1422864000,"exp":2524723200,"created":1583449592,"updated":1583449594,"recoveryLevel":"Recoverable+Purgeable"},"tags":{"foo":"updated
        tag"}}'
    headers:
      cache-control:
      - no-cache
      content-length:
      - '461'
      content-type:
      - application/json; charset=utf-8
      date:
      - Thu, 05 Mar 2020 23:06:34 GMT
      expires:
      - '-1'
      pragma:
      - no-cache
      server:
      - Microsoft-IIS/10.0
      strict-transport-security:
      - max-age=31536000;includeSubDomains
      x-aspnet-version:
      - 4.0.30319
      x-content-type-options:
      - nosniff
      x-ms-keyvault-network-info:
      - addr=76.121.58.221;act_addr_fam=InterNetwork;
      x-ms-keyvault-region:
      - westus
      x-ms-keyvault-service-version:
      - 1.1.0.897
      x-powered-by:
      - ASP.NET
    status:
      code: 200
      message: OK
version: 1
