{
  "Entries": [
    {
      "RequestUri": "https://vaultname.vault.azure.net/secrets/livekvtestsecVer20592bfd?api-version=7.0",
      "RequestMethod": "PUT",
      "RequestHeaders": {
        "Accept": "application/json",
        "Accept-Encoding": "gzip, deflate",
        "Connection": "keep-alive",
        "Content-Length": "0",
        "Content-Type": "application/json",
        "User-Agent": "azsdk-python-keyvault-secrets/4.4.0b4 Python/3.9.9 (Windows-10-10.0.22000-SP0)",
        "x-ms-client-request-id": "53e9d1ba-a62b-11ec-8231-a04a5ed0778b"
      },
      "RequestBody": null,
      "StatusCode": 401,
      "ResponseHeaders": {
        "Cache-Control": "no-cache",
        "Content-Length": "97",
        "Content-Type": "application/json; charset=utf-8",
        "Date": "Thu, 17 Mar 2022 19:49:18 GMT",
        "Expires": "-1",
        "Pragma": "no-cache",
        "Strict-Transport-Security": "max-age=31536000;includeSubDomains",
        "WWW-Authenticate": "Bearer authorization=\u0022https://login.windows.net/00000000-0000-0000-0000-000000000000\u0022, resource=\u0022https://vault.azure.net\u0022",
        "X-Content-Type-Options": "nosniff",
        "x-ms-client-request-id": "53e9d1ba-a62b-11ec-8231-a04a5ed0778b",
        "x-ms-keyvault-network-info": "conn_type=Ipv4;addr=73.232.137.144;act_addr_fam=InterNetwork;",
        "x-ms-keyvault-region": "westus2",
        "x-ms-keyvault-service-version": "1.9.331.1",
        "x-ms-request-id": "aa6b0256-dd92-4436-b1b0-15b8bbd1efc0",
        "X-Powered-By": "ASP.NET"
      },
      "ResponseBody": {
        "error": {
          "code": "Unauthorized",
          "message": "AKV10000: Request is missing a Bearer or PoP token."
        }
      }
    },
    {
      "RequestUri": "https://login.microsoftonline.com/00000000-0000-0000-0000-000000000000/v2.0/.well-known/openid-configuration",
      "RequestMethod": "GET",
      "RequestHeaders": {
        "Accept": "*/*",
        "Accept-Encoding": "gzip, deflate",
        "Connection": "keep-alive",
        "User-Agent": "azsdk-python-identity/1.9.0b2 Python/3.9.9 (Windows-10-10.0.22000-SP0)"
      },
      "RequestBody": null,
      "StatusCode": 200,
      "ResponseHeaders": {
        "Access-Control-Allow-Methods": "GET, OPTIONS",
        "Access-Control-Allow-Origin": "*",
        "Cache-Control": "max-age=86400, private",
        "Content-Length": "1753",
        "Content-Type": "application/json; charset=utf-8",
        "Date": "Thu, 17 Mar 2022 19:49:17 GMT",
        "P3P": "CP=\u0022DSP CUR OTPi IND OTRi ONL FIN\u0022",
        "Set-Cookie": [
          "fpc=AsdOIhcfoyBOu3PRF0Zz_BJICeMkDQAAAKCHxdkOAAAA; expires=Sat, 16-Apr-2022 19:49:18 GMT; path=/; secure; HttpOnly; SameSite=None",
          "x-ms-gateway-slice=estsfd; path=/; secure; samesite=none; httponly",
          "stsservicecookie=estsfd; path=/; secure; samesite=none; httponly"
        ],
        "Strict-Transport-Security": "max-age=31536000; includeSubDomains",
        "X-Content-Type-Options": "nosniff",
        "x-ms-ests-server": "2.1.12559.10 - SCUS ProdSlices",
        "x-ms-request-id": "b8cca80c-e345-4c90-a2ca-349ff84a6b00"
      },
      "ResponseBody": {
        "token_endpoint": "https://login.microsoftonline.com/00000000-0000-0000-0000-000000000000/oauth2/v2.0/token",
        "token_endpoint_auth_methods_supported": [
          "client_secret_post",
          "private_key_jwt",
          "client_secret_basic"
        ],
        "jwks_uri": "https://login.microsoftonline.com/00000000-0000-0000-0000-000000000000/discovery/v2.0/keys",
        "response_modes_supported": [
          "query",
          "fragment",
          "form_post"
        ],
        "subject_types_supported": [
          "pairwise"
        ],
        "id_token_signing_alg_values_supported": [
          "RS256"
        ],
        "response_types_supported": [
          "code",
          "id_token",
          "code id_token",
          "id_token token"
        ],
        "scopes_supported": [
          "openid",
          "profile",
          "email",
          "offline_access"
        ],
        "issuer": "https://login.microsoftonline.com/00000000-0000-0000-0000-000000000000/v2.0",
        "request_uri_parameter_supported": false,
        "userinfo_endpoint": "https://graph.microsoft.com/oidc/userinfo",
        "authorization_endpoint": "https://login.microsoftonline.com/00000000-0000-0000-0000-000000000000/oauth2/v2.0/authorize",
        "device_authorization_endpoint": "https://login.microsoftonline.com/00000000-0000-0000-0000-000000000000/oauth2/v2.0/devicecode",
        "http_logout_supported": true,
        "frontchannel_logout_supported": true,
        "end_session_endpoint": "https://login.microsoftonline.com/00000000-0000-0000-0000-000000000000/oauth2/v2.0/logout",
        "claims_supported": [
          "sub",
          "iss",
          "cloud_instance_name",
          "cloud_instance_host_name",
          "cloud_graph_host_name",
          "msgraph_host",
          "aud",
          "exp",
          "iat",
          "auth_time",
          "acr",
          "nonce",
          "preferred_username",
          "name",
          "tid",
          "ver",
          "at_hash",
          "c_hash",
          "email"
        ],
        "kerberos_endpoint": "https://login.microsoftonline.com/00000000-0000-0000-0000-000000000000/kerberos",
        "tenant_region_scope": "WW",
        "cloud_instance_name": "microsoftonline.com",
        "cloud_graph_host_name": "graph.windows.net",
        "msgraph_host": "graph.microsoft.com",
        "rbac_url": "https://pas.windows.net"
      }
    },
    {
      "RequestUri": "https://login.microsoftonline.com/common/discovery/instance?api-version=1.1\u0026authorization_endpoint=https://login.microsoftonline.com/common/oauth2/authorize",
      "RequestMethod": "GET",
      "RequestHeaders": {
        "Accept": "application/json",
        "Accept-Encoding": "gzip, deflate",
        "Connection": "keep-alive",
        "Cookie": "fpc=AsdOIhcfoyBOu3PRF0Zz_BJICeMkDQAAAKCHxdkOAAAA; stsservicecookie=estsfd; x-ms-gateway-slice=estsfd",
        "User-Agent": "azsdk-python-identity/1.9.0b2 Python/3.9.9 (Windows-10-10.0.22000-SP0)"
      },
      "RequestBody": null,
      "StatusCode": 200,
      "ResponseHeaders": {
        "Access-Control-Allow-Methods": "GET, OPTIONS",
        "Access-Control-Allow-Origin": "*",
        "Cache-Control": "max-age=86400, private",
        "Content-Length": "945",
        "Content-Type": "application/json; charset=utf-8",
        "Date": "Thu, 17 Mar 2022 19:49:17 GMT",
        "P3P": "CP=\u0022DSP CUR OTPi IND OTRi ONL FIN\u0022",
        "Set-Cookie": [
          "fpc=AsdOIhcfoyBOu3PRF0Zz_BJICeMkDQAAAKCHxdkOAAAA; expires=Sat, 16-Apr-2022 19:49:18 GMT; path=/; secure; HttpOnly; SameSite=None",
          "x-ms-gateway-slice=estsfd; path=/; secure; samesite=none; httponly",
          "stsservicecookie=estsfd; path=/; secure; samesite=none; httponly"
        ],
        "Strict-Transport-Security": "max-age=31536000; includeSubDomains",
        "X-Content-Type-Options": "nosniff",
        "x-ms-ests-server": "2.1.12529.19 - NCUS ProdSlices",
        "x-ms-request-id": "c3af2af0-2b32-4db1-97c1-fa9bda810500"
      },
      "ResponseBody": {
        "tenant_discovery_endpoint": "https://login.microsoftonline.com/common/.well-known/openid-configuration",
        "api-version": "1.1",
        "metadata": [
          {
            "preferred_network": "login.microsoftonline.com",
            "preferred_cache": "login.windows.net",
            "aliases": [
              "login.microsoftonline.com",
              "login.windows.net",
              "login.microsoft.com",
              "sts.windows.net"
            ]
          },
          {
            "preferred_network": "login.partner.microsoftonline.cn",
            "preferred_cache": "login.partner.microsoftonline.cn",
            "aliases": [
              "login.partner.microsoftonline.cn",
              "login.chinacloudapi.cn"
            ]
          },
          {
            "preferred_network": "login.microsoftonline.de",
            "preferred_cache": "login.microsoftonline.de",
            "aliases": [
              "login.microsoftonline.de"
            ]
          },
          {
            "preferred_network": "login.microsoftonline.us",
            "preferred_cache": "login.microsoftonline.us",
            "aliases": [
              "login.microsoftonline.us",
              "login.usgovcloudapi.net"
            ]
          },
          {
            "preferred_network": "login-us.microsoftonline.com",
            "preferred_cache": "login-us.microsoftonline.com",
            "aliases": [
              "login-us.microsoftonline.com"
            ]
          }
        ]
      }
    },
    {
      "RequestUri": "https://vaultname.vault.azure.net/secrets/livekvtestsecVer20592bfd?api-version=7.0",
      "RequestMethod": "PUT",
      "RequestHeaders": {
        "Accept": "application/json",
        "Accept-Encoding": "gzip, deflate",
        "Authorization": "Sanitized",
        "Connection": "keep-alive",
        "Content-Length": "19",
        "Content-Type": "application/json",
        "User-Agent": "azsdk-python-keyvault-secrets/4.4.0b4 Python/3.9.9 (Windows-10-10.0.22000-SP0)",
        "x-ms-client-request-id": "53e9d1ba-a62b-11ec-8231-a04a5ed0778b"
      },
      "RequestBody": {
        "value": "secVal"
      },
      "StatusCode": 200,
      "ResponseHeaders": {
        "Cache-Control": "no-cache",
        "Content-Length": "247",
        "Content-Type": "application/json; charset=utf-8",
        "Date": "Thu, 17 Mar 2022 19:49:18 GMT",
        "Expires": "-1",
        "Pragma": "no-cache",
        "Strict-Transport-Security": "max-age=31536000;includeSubDomains",
        "X-Content-Type-Options": "nosniff",
        "x-ms-client-request-id": "53e9d1ba-a62b-11ec-8231-a04a5ed0778b",
        "x-ms-keyvault-network-info": "conn_type=Ipv4;addr=73.232.137.144;act_addr_fam=InterNetwork;",
        "x-ms-keyvault-rbac-assignment-id": "21f47f1e-4333-5d4c-8eb5-08e4878a1bef",
        "x-ms-keyvault-rbac-cache": "ra_age=190;da_age=190;rd_age=190;brd_age=6620;dec_lev=1;",
        "x-ms-keyvault-region": "westus2",
        "x-ms-keyvault-service-version": "1.9.331.1",
        "x-ms-request-id": "2548f376-a6ab-47a5-84af-ad59b2721017",
        "X-Powered-By": "ASP.NET"
      },
      "ResponseBody": {
        "value": "secVal",
        "id": "https://vaultname.vault.azure.net/secrets/livekvtestsecVer20592bfd/79cdb86ca42d4e5ab2fed3af7d6d177e",
        "attributes": {
          "enabled": true,
          "created": 1647546558,
          "updated": 1647546558,
          "recoveryLevel": "CustomizedRecoverable\u002BPurgeable"
        }
      }
    },
    {
      "RequestUri": "https://vaultname.vault.azure.net/secrets/livekvtestsecVer20592bfd?api-version=7.0",
      "RequestMethod": "PUT",
      "RequestHeaders": {
        "Accept": "application/json",
        "Accept-Encoding": "gzip, deflate",
        "Authorization": "Sanitized",
        "Connection": "keep-alive",
        "Content-Length": "19",
        "Content-Type": "application/json",
        "User-Agent": "azsdk-python-keyvault-secrets/4.4.0b4 Python/3.9.9 (Windows-10-10.0.22000-SP0)",
        "x-ms-client-request-id": "5438a6b2-a62b-11ec-9a09-a04a5ed0778b"
      },
      "RequestBody": {
        "value": "secVal"
      },
      "StatusCode": 200,
      "ResponseHeaders": {
        "Cache-Control": "no-cache",
        "Content-Length": "247",
        "Content-Type": "application/json; charset=utf-8",
        "Date": "Thu, 17 Mar 2022 19:49:18 GMT",
        "Expires": "-1",
        "Pragma": "no-cache",
        "Strict-Transport-Security": "max-age=31536000;includeSubDomains",
        "X-Content-Type-Options": "nosniff",
        "x-ms-client-request-id": "5438a6b2-a62b-11ec-9a09-a04a5ed0778b",
        "x-ms-keyvault-network-info": "conn_type=Ipv4;addr=73.232.137.144;act_addr_fam=InterNetwork;",
        "x-ms-keyvault-rbac-assignment-id": "21f47f1e-4333-5d4c-8eb5-08e4878a1bef",
        "x-ms-keyvault-rbac-cache": "ra_age=190;da_age=190;rd_age=190;brd_age=6620;dec_lev=0;",
        "x-ms-keyvault-region": "westus2",
        "x-ms-keyvault-service-version": "1.9.331.1",
        "x-ms-request-id": "bfcb87a9-7002-44ed-a71b-f64d623b7670",
        "X-Powered-By": "ASP.NET"
      },
      "ResponseBody": {
        "value": "secVal",
        "id": "https://vaultname.vault.azure.net/secrets/livekvtestsecVer20592bfd/12c51e121404457187f9a1c2b44ff9f1",
        "attributes": {
          "enabled": true,
          "created": 1647546558,
          "updated": 1647546558,
          "recoveryLevel": "CustomizedRecoverable\u002BPurgeable"
        }
      }
    },
    {
      "RequestUri": "https://vaultname.vault.azure.net/secrets/livekvtestsecVer20592bfd?api-version=7.0",
      "RequestMethod": "PUT",
      "RequestHeaders": {
        "Accept": "application/json",
        "Accept-Encoding": "gzip, deflate",
        "Authorization": "Sanitized",
        "Connection": "keep-alive",
        "Content-Length": "19",
        "Content-Type": "application/json",
        "User-Agent": "azsdk-python-keyvault-secrets/4.4.0b4 Python/3.9.9 (Windows-10-10.0.22000-SP0)",
        "x-ms-client-request-id": "544ade64-a62b-11ec-945e-a04a5ed0778b"
      },
      "RequestBody": {
        "value": "secVal"
      },
      "StatusCode": 200,
      "ResponseHeaders": {
        "Cache-Control": "no-cache",
        "Content-Length": "247",
        "Content-Type": "application/json; charset=utf-8",
        "Date": "Thu, 17 Mar 2022 19:49:18 GMT",
        "Expires": "-1",
        "Pragma": "no-cache",
        "Strict-Transport-Security": "max-age=31536000;includeSubDomains",
        "X-Content-Type-Options": "nosniff",
        "x-ms-client-request-id": "544ade64-a62b-11ec-945e-a04a5ed0778b",
        "x-ms-keyvault-network-info": "conn_type=Ipv4;addr=73.232.137.144;act_addr_fam=InterNetwork;",
        "x-ms-keyvault-rbac-assignment-id": "21f47f1e-4333-5d4c-8eb5-08e4878a1bef",
        "x-ms-keyvault-rbac-cache": "ra_age=190;da_age=190;rd_age=190;brd_age=6620;dec_lev=0;",
        "x-ms-keyvault-region": "westus2",
        "x-ms-keyvault-service-version": "1.9.331.1",
        "x-ms-request-id": "52bfe127-5314-4c8a-b610-5c8ee081812c",
        "X-Powered-By": "ASP.NET"
      },
      "ResponseBody": {
        "value": "secVal",
        "id": "https://vaultname.vault.azure.net/secrets/livekvtestsecVer20592bfd/49296f7de5f044d7928167dfc73bb48c",
        "attributes": {
          "enabled": true,
          "created": 1647546558,
          "updated": 1647546558,
          "recoveryLevel": "CustomizedRecoverable\u002BPurgeable"
        }
      }
    },
    {
      "RequestUri": "https://vaultname.vault.azure.net/secrets/livekvtestsecVer20592bfd?api-version=7.0",
      "RequestMethod": "PUT",
      "RequestHeaders": {
        "Accept": "application/json",
        "Accept-Encoding": "gzip, deflate",
        "Authorization": "Sanitized",
        "Connection": "keep-alive",
        "Content-Length": "19",
        "Content-Type": "application/json",
        "User-Agent": "azsdk-python-keyvault-secrets/4.4.0b4 Python/3.9.9 (Windows-10-10.0.22000-SP0)",
        "x-ms-client-request-id": "545df8b7-a62b-11ec-97f8-a04a5ed0778b"
      },
      "RequestBody": {
        "value": "secVal"
      },
      "StatusCode": 200,
      "ResponseHeaders": {
        "Cache-Control": "no-cache",
        "Content-Length": "247",
        "Content-Type": "application/json; charset=utf-8",
        "Date": "Thu, 17 Mar 2022 19:49:18 GMT",
        "Expires": "-1",
        "Pragma": "no-cache",
        "Strict-Transport-Security": "max-age=31536000;includeSubDomains",
        "X-Content-Type-Options": "nosniff",
        "x-ms-client-request-id": "545df8b7-a62b-11ec-97f8-a04a5ed0778b",
        "x-ms-keyvault-network-info": "conn_type=Ipv4;addr=73.232.137.144;act_addr_fam=InterNetwork;",
        "x-ms-keyvault-rbac-assignment-id": "21f47f1e-4333-5d4c-8eb5-08e4878a1bef",
        "x-ms-keyvault-rbac-cache": "ra_age=190;da_age=190;rd_age=190;brd_age=6620;dec_lev=0;",
        "x-ms-keyvault-region": "westus2",
        "x-ms-keyvault-service-version": "1.9.331.1",
        "x-ms-request-id": "a1f2157f-9a9c-4b37-bd16-7ba2b4242ebd",
        "X-Powered-By": "ASP.NET"
      },
      "ResponseBody": {
        "value": "secVal",
        "id": "https://vaultname.vault.azure.net/secrets/livekvtestsecVer20592bfd/24b1d2ae1c694c35a22fa34170c42050",
        "attributes": {
          "enabled": true,
          "created": 1647546559,
          "updated": 1647546559,
          "recoveryLevel": "CustomizedRecoverable\u002BPurgeable"
        }
      }
    },
    {
      "RequestUri": "https://vaultname.vault.azure.net/secrets/livekvtestsecVer20592bfd?api-version=7.0",
      "RequestMethod": "PUT",
      "RequestHeaders": {
        "Accept": "application/json",
        "Accept-Encoding": "gzip, deflate",
        "Authorization": "Sanitized",
        "Connection": "keep-alive",
        "Content-Length": "19",
        "Content-Type": "application/json",
        "User-Agent": "azsdk-python-keyvault-secrets/4.4.0b4 Python/3.9.9 (Windows-10-10.0.22000-SP0)",
        "x-ms-client-request-id": "54724869-a62b-11ec-a3e5-a04a5ed0778b"
      },
      "RequestBody": {
        "value": "secVal"
      },
      "StatusCode": 200,
      "ResponseHeaders": {
        "Cache-Control": "no-cache",
        "Content-Length": "247",
        "Content-Type": "application/json; charset=utf-8",
        "Date": "Thu, 17 Mar 2022 19:49:19 GMT",
        "Expires": "-1",
        "Pragma": "no-cache",
        "Strict-Transport-Security": "max-age=31536000;includeSubDomains",
        "X-Content-Type-Options": "nosniff",
        "x-ms-client-request-id": "54724869-a62b-11ec-a3e5-a04a5ed0778b",
        "x-ms-keyvault-network-info": "conn_type=Ipv4;addr=73.232.137.144;act_addr_fam=InterNetwork;",
        "x-ms-keyvault-rbac-assignment-id": "21f47f1e-4333-5d4c-8eb5-08e4878a1bef",
        "x-ms-keyvault-rbac-cache": "ra_age=190;da_age=190;rd_age=190;brd_age=6621;dec_lev=0;",
        "x-ms-keyvault-region": "westus2",
        "x-ms-keyvault-service-version": "1.9.331.1",
        "x-ms-request-id": "3d6283d6-6d0f-4195-9389-a5cc24a81e62",
        "X-Powered-By": "ASP.NET"
      },
      "ResponseBody": {
        "value": "secVal",
        "id": "https://vaultname.vault.azure.net/secrets/livekvtestsecVer20592bfd/291281e86dc3489089c63edd077d21aa",
        "attributes": {
          "enabled": true,
          "created": 1647546559,
          "updated": 1647546559,
          "recoveryLevel": "CustomizedRecoverable\u002BPurgeable"
        }
      }
    },
    {
      "RequestUri": "https://vaultname.vault.azure.net/secrets/livekvtestsecVer20592bfd?api-version=7.0",
      "RequestMethod": "PUT",
      "RequestHeaders": {
        "Accept": "application/json",
        "Accept-Encoding": "gzip, deflate",
        "Authorization": "Sanitized",
        "Connection": "keep-alive",
        "Content-Length": "19",
        "Content-Type": "application/json",
        "User-Agent": "azsdk-python-keyvault-secrets/4.4.0b4 Python/3.9.9 (Windows-10-10.0.22000-SP0)",
        "x-ms-client-request-id": "5487c5dc-a62b-11ec-a0cc-a04a5ed0778b"
      },
      "RequestBody": {
        "value": "secVal"
      },
      "StatusCode": 200,
      "ResponseHeaders": {
        "Cache-Control": "no-cache",
        "Content-Length": "247",
        "Content-Type": "application/json; charset=utf-8",
        "Date": "Thu, 17 Mar 2022 19:49:19 GMT",
        "Expires": "-1",
        "Pragma": "no-cache",
        "Strict-Transport-Security": "max-age=31536000;includeSubDomains",
        "X-Content-Type-Options": "nosniff",
        "x-ms-client-request-id": "5487c5dc-a62b-11ec-a0cc-a04a5ed0778b",
        "x-ms-keyvault-network-info": "conn_type=Ipv4;addr=73.232.137.144;act_addr_fam=InterNetwork;",
        "x-ms-keyvault-rbac-assignment-id": "21f47f1e-4333-5d4c-8eb5-08e4878a1bef",
        "x-ms-keyvault-rbac-cache": "ra_age=190;da_age=190;rd_age=190;brd_age=6621;dec_lev=0;",
        "x-ms-keyvault-region": "westus2",
        "x-ms-keyvault-service-version": "1.9.331.1",
        "x-ms-request-id": "54e6baac-c4ec-4a3a-855c-1d01308ac33c",
        "X-Powered-By": "ASP.NET"
      },
      "ResponseBody": {
        "value": "secVal",
        "id": "https://vaultname.vault.azure.net/secrets/livekvtestsecVer20592bfd/bc8c1da21ee044bc84a5b9312faab7fb",
        "attributes": {
          "enabled": true,
          "created": 1647546559,
          "updated": 1647546559,
          "recoveryLevel": "CustomizedRecoverable\u002BPurgeable"
        }
      }
    },
    {
      "RequestUri": "https://vaultname.vault.azure.net/secrets/livekvtestsecVer20592bfd?api-version=7.0",
      "RequestMethod": "PUT",
      "RequestHeaders": {
        "Accept": "application/json",
        "Accept-Encoding": "gzip, deflate",
        "Authorization": "Sanitized",
        "Connection": "keep-alive",
        "Content-Length": "19",
        "Content-Type": "application/json",
        "User-Agent": "azsdk-python-keyvault-secrets/4.4.0b4 Python/3.9.9 (Windows-10-10.0.22000-SP0)",
        "x-ms-client-request-id": "549a239a-a62b-11ec-8f48-a04a5ed0778b"
      },
      "RequestBody": {
        "value": "secVal"
      },
      "StatusCode": 200,
      "ResponseHeaders": {
        "Cache-Control": "no-cache",
        "Content-Length": "247",
        "Content-Type": "application/json; charset=utf-8",
        "Date": "Thu, 17 Mar 2022 19:49:19 GMT",
        "Expires": "-1",
        "Pragma": "no-cache",
        "Strict-Transport-Security": "max-age=31536000;includeSubDomains",
        "X-Content-Type-Options": "nosniff",
        "x-ms-client-request-id": "549a239a-a62b-11ec-8f48-a04a5ed0778b",
        "x-ms-keyvault-network-info": "conn_type=Ipv4;addr=73.232.137.144;act_addr_fam=InterNetwork;",
        "x-ms-keyvault-rbac-assignment-id": "21f47f1e-4333-5d4c-8eb5-08e4878a1bef",
        "x-ms-keyvault-rbac-cache": "ra_age=191;da_age=191;rd_age=191;brd_age=6621;dec_lev=0;",
        "x-ms-keyvault-region": "westus2",
        "x-ms-keyvault-service-version": "1.9.331.1",
        "x-ms-request-id": "ba1eb3d9-0747-4b2b-93cb-e88b7f12d9a7",
        "X-Powered-By": "ASP.NET"
      },
      "ResponseBody": {
        "value": "secVal",
        "id": "https://vaultname.vault.azure.net/secrets/livekvtestsecVer20592bfd/6fc45264909d4cf6b59ce69c544689c1",
        "attributes": {
          "enabled": true,
          "created": 1647546559,
          "updated": 1647546559,
          "recoveryLevel": "CustomizedRecoverable\u002BPurgeable"
        }
      }
    },
    {
      "RequestUri": "https://vaultname.vault.azure.net/secrets/livekvtestsecVer20592bfd/versions?maxresults=6\u0026api-version=7.0",
      "RequestMethod": "GET",
      "RequestHeaders": {
        "Accept": "application/json",
        "Accept-Encoding": "gzip, deflate",
        "Authorization": "Sanitized",
        "Connection": "keep-alive",
        "User-Agent": "azsdk-python-keyvault-secrets/4.4.0b4 Python/3.9.9 (Windows-10-10.0.22000-SP0)",
        "x-ms-client-request-id": "54b5f41f-a62b-11ec-95ee-a04a5ed0778b"
      },
      "RequestBody": null,
      "StatusCode": 200,
      "ResponseHeaders": {
        "Cache-Control": "no-cache",
        "Content-Length": "1779",
        "Content-Type": "application/json; charset=utf-8",
        "Date": "Thu, 17 Mar 2022 19:49:19 GMT",
        "Expires": "-1",
        "Pragma": "no-cache",
        "Strict-Transport-Security": "max-age=31536000;includeSubDomains",
        "X-Content-Type-Options": "nosniff",
        "x-ms-client-request-id": "54b5f41f-a62b-11ec-95ee-a04a5ed0778b",
        "x-ms-keyvault-network-info": "conn_type=Ipv4;addr=73.232.137.144;act_addr_fam=InterNetwork;",
        "x-ms-keyvault-rbac-assignment-id": "21f47f1e-4333-5d4c-8eb5-08e4878a1bef",
        "x-ms-keyvault-rbac-cache": "ra_age=191;da_age=191;rd_age=191;brd_age=6621;dec_lev=1;",
        "x-ms-keyvault-region": "westus2",
        "x-ms-keyvault-service-version": "1.9.331.1",
        "x-ms-request-id": "46fafe61-2b75-45af-9f57-8e9993b39265",
        "X-Powered-By": "ASP.NET"
      },
      "ResponseBody": {
        "value": [
          {
            "id": "https://vaultname.vault.azure.net/secrets/livekvtestsecVer20592bfd/12c51e121404457187f9a1c2b44ff9f1",
            "attributes": {
              "enabled": true,
              "created": 1647546558,
              "updated": 1647546558,
              "recoveryLevel": "CustomizedRecoverable\u002BPurgeable"
            }
          },
          {
            "id": "https://vaultname.vault.azure.net/secrets/livekvtestsecVer20592bfd/24b1d2ae1c694c35a22fa34170c42050",
            "attributes": {
              "enabled": true,
              "created": 1647546559,
              "updated": 1647546559,
              "recoveryLevel": "CustomizedRecoverable\u002BPurgeable"
            }
          },
          {
            "id": "https://vaultname.vault.azure.net/secrets/livekvtestsecVer20592bfd/291281e86dc3489089c63edd077d21aa",
            "attributes": {
              "enabled": true,
              "created": 1647546559,
              "updated": 1647546559,
              "recoveryLevel": "CustomizedRecoverable\u002BPurgeable"
            }
          },
          {
            "id": "https://vaultname.vault.azure.net/secrets/livekvtestsecVer20592bfd/49296f7de5f044d7928167dfc73bb48c",
            "attributes": {
              "enabled": true,
              "created": 1647546558,
              "updated": 1647546558,
              "recoveryLevel": "CustomizedRecoverable\u002BPurgeable"
            }
          },
          {
            "id": "https://vaultname.vault.azure.net/secrets/livekvtestsecVer20592bfd/6fc45264909d4cf6b59ce69c544689c1",
            "attributes": {
              "enabled": true,
              "created": 1647546559,
              "updated": 1647546559,
              "recoveryLevel": "CustomizedRecoverable\u002BPurgeable"
            }
          },
          {
            "id": "https://vaultname.vault.azure.net/secrets/livekvtestsecVer20592bfd/79cdb86ca42d4e5ab2fed3af7d6d177e",
            "attributes": {
              "enabled": true,
              "created": 1647546558,
              "updated": 1647546558,
              "recoveryLevel": "CustomizedRecoverable\u002BPurgeable"
            }
          }
        ],
        "nextLink": "https://vaultname.vault.azure.net:443/secrets/livekvtestsecVer20592bfd/versions?api-version=7.0\u0026$skiptoken=eyJOZXh0TWFya2VyIjoiMiExNDQhTURBd01EWTBJWE5sWTNKbGRDOU1TVlpGUzFaVVJWTlVVMFZEVmtWU01qQTFPVEpDUmtRdlFrTTRRekZFUVRJeFJVVXdORFJDUXpnMFFUVkNPVE14TWtaQlFVSTNSa0loTURBd01ESTRJVGs1T1RrdE1USXRNekZVTWpNNk5UazZOVGt1T1RrNU9UazVPVm9oIiwiVGFyZ2V0TG9jYXRpb24iOjB9\u0026maxresults=6"
      }
    },
    {
      "RequestUri": "https://vaultname.vault.azure.net/secrets/livekvtestsecVer20592bfd/versions?api-version=7.0\u0026$skiptoken=eyJOZXh0TWFya2VyIjoiMiExNDQhTURBd01EWTBJWE5sWTNKbGRDOU1TVlpGUzFaVVJWTlVVMFZEVmtWU01qQTFPVEpDUmtRdlFrTTRRekZFUVRJeFJVVXdORFJDUXpnMFFUVkNPVE14TWtaQlFVSTNSa0loTURBd01ESTRJVGs1T1RrdE1USXRNekZVTWpNNk5UazZOVGt1T1RrNU9UazVPVm9oIiwiVGFyZ2V0TG9jYXRpb24iOjB9\u0026maxresults=6",
      "RequestMethod": "GET",
      "RequestHeaders": {
        "Accept": "application/json",
        "Accept-Encoding": "gzip, deflate",
        "Authorization": "Sanitized",
        "Connection": "keep-alive",
        "User-Agent": "azsdk-python-keyvault-secrets/4.4.0b4 Python/3.9.9 (Windows-10-10.0.22000-SP0)",
        "x-ms-client-request-id": "54cda5f2-a62b-11ec-b95b-a04a5ed0778b"
      },
      "RequestBody": null,
      "StatusCode": 200,
      "ResponseHeaders": {
        "Cache-Control": "no-cache",
        "Content-Length": "258",
        "Content-Type": "application/json; charset=utf-8",
        "Date": "Thu, 17 Mar 2022 19:49:19 GMT",
        "Expires": "-1",
        "Pragma": "no-cache",
        "Strict-Transport-Security": "max-age=31536000;includeSubDomains",
        "X-Content-Type-Options": "nosniff",
        "x-ms-client-request-id": "54cda5f2-a62b-11ec-b95b-a04a5ed0778b",
        "x-ms-keyvault-network-info": "conn_type=Ipv4;addr=73.232.137.144;act_addr_fam=InterNetwork;",
        "x-ms-keyvault-rbac-assignment-id": "21f47f1e-4333-5d4c-8eb5-08e4878a1bef",
        "x-ms-keyvault-rbac-cache": "ra_age=191;da_age=191;rd_age=191;brd_age=6621;dec_lev=0;",
        "x-ms-keyvault-region": "westus2",
        "x-ms-keyvault-service-version": "1.9.331.1",
        "x-ms-request-id": "3cfaaf00-3718-44ef-9e50-1b17b7d3b830",
        "X-Powered-By": "ASP.NET"
      },
      "ResponseBody": {
        "value": [
          {
            "id": "https://vaultname.vault.azure.net/secrets/livekvtestsecVer20592bfd/bc8c1da21ee044bc84a5b9312faab7fb",
            "attributes": {
              "enabled": true,
              "created": 1647546559,
              "updated": 1647546559,
              "recoveryLevel": "CustomizedRecoverable\u002BPurgeable"
            }
          }
        ],
        "nextLink": null
      }
    }
  ],
  "Variables": {}
}
