interactions:
- request:
    body: null
    headers:
      Accept:
      - application/json
      Accept-Encoding:
      - gzip, deflate
      Connection:
      - keep-alive
      Content-Length:
      - '0'
      Content-Type:
      - application/json; charset=utf-8
      User-Agent:
      - azsdk-python-keyvault-secrets/4.0.0b4 Python/3.6.6 (Windows-10-10.0.18362-SP0)
    method: PUT
    uri: https://vault1051159997c1310c67.vault.azure.net/secrets/secret0?api-version=7.0
  response:
    body:
      string: '{"error":{"code":"Unauthorized","message":"Request is missing a Bearer
        or PoP token."}}'
    headers:
      cache-control:
      - no-cache
      content-length:
      - '87'
      content-type:
      - application/json; charset=utf-8
      date:
      - Mon, 16 Sep 2019 22:09:32 GMT
      expires:
      - '-1'
      pragma:
      - no-cache
      server:
      - Microsoft-IIS/10.0
      strict-transport-security:
      - max-age=31536000;includeSubDomains
      www-authenticate:
      - Bearer authorization="https://login.windows.net/72f988bf-86f1-41af-91ab-2d7cd011db47",
        resource="https://vault.azure.net"
      x-aspnet-version:
      - 4.0.30319
      x-content-type-options:
      - nosniff
      x-ms-keyvault-network-info:
      - addr=131.107.174.72;act_addr_fam=InterNetwork;
      x-ms-keyvault-region:
      - westus
      x-ms-keyvault-service-version:
      - 1.1.0.878
      x-powered-by:
      - ASP.NET
    status:
      code: 401
      message: Unauthorized
- request:
    body: client_id=fd341195-73b0-4ba7-bf05-a33d6464f84c&client_secret=Bx7%2FR.J%3FvGhcA%3AE3pvBCAXRGje06%3A%3A%2Ac&grant_type=client_credentials&scope=https%3A%2F%2Fvault.azure.net%2F.default
    headers:
      Accept:
      - '*/*'
      Accept-Encoding:
      - gzip, deflate
      Connection:
      - keep-alive
      Content-Length:
      - '182'
      Content-Type:
      - application/x-www-form-urlencoded
      User-Agent:
      - python-requests/2.22.0
    method: POST
    uri: https://login.microsoftonline.com/72f988bf-86f1-41af-91ab-2d7cd011db47/oauth2/v2.0/token
  response:
    body:
      string: '{"token_type":"Bearer","expires_in":3599,"ext_expires_in":3599,"access_token":"eyJ0eXAiOiJKV1QiLCJhbGciOiJSUzI1NiIsIng1dCI6ImllX3FXQ1hoWHh0MXpJRXN1NGM3YWNRVkduNCIsImtpZCI6ImllX3FXQ1hoWHh0MXpJRXN1NGM3YWNRVkduNCJ9.eyJhdWQiOiJodHRwczovL3ZhdWx0LmF6dXJlLm5ldCIsImlzcyI6Imh0dHBzOi8vc3RzLndpbmRvd3MubmV0LzcyZjk4OGJmLTg2ZjEtNDFhZi05MWFiLTJkN2NkMDExZGI0Ny8iLCJpYXQiOjE1Njg2NzE0NzIsIm5iZiI6MTU2ODY3MTQ3MiwiZXhwIjoxNTY4Njc1MzcyLCJhaW8iOiI0MkZnWU5qODhPNEV0aTNMbVpoK24zcld5dUN5SHdBPSIsImFwcGlkIjoiZmQzNDExOTUtNzNiMC00YmE3LWJmMDUtYTMzZDY0NjRmODRjIiwiYXBwaWRhY3IiOiIxIiwiaWRwIjoiaHR0cHM6Ly9zdHMud2luZG93cy5uZXQvNzJmOTg4YmYtODZmMS00MWFmLTkxYWItMmQ3Y2QwMTFkYjQ3LyIsIm9pZCI6IjQ5ZDNhN2RhLTgxM2ItNDAzYS1hYzVjLWI5Y2YxNmNlNjZmMCIsInN1YiI6IjQ5ZDNhN2RhLTgxM2ItNDAzYS1hYzVjLWI5Y2YxNmNlNjZmMCIsInRpZCI6IjcyZjk4OGJmLTg2ZjEtNDFhZi05MWFiLTJkN2NkMDExZGI0NyIsInV0aSI6Il9iVjdBa0FGc2s2N0hSOWQxMUVtQUEiLCJ2ZXIiOiIxLjAifQ.59Y2n3nObSnAf25spQZjZK7TZ_5HBJO83qy-jr4hzRjKrcosAK13MqpO2TvsCQTKKYj5pcBNWo9cpvEmxzAqFOxHMt7ZE7lN88KORDUpvMq3BOFtF-lcSGoifuKwss6GB0J5_MBS27ZEeWWrth5K7Y3D2oz2FRXm6J0WZYjS-JkbrmC10bOo-GVxi7WerKAWBPOan1dF0LtDmwnx7pjHaCo7L7QVKx7s7ujurJVvOmIlrV_VPz0Dptz6a41-sNgNt4HK7_1_4Fy8Kcf6iyl2mCJLMpOasB6PvNXpgej3V4ETjpSHbJn1AwjLMoohpKhoHJl5OEG0rnZFg_WewCuo3w"}'
    headers:
      cache-control:
      - no-cache, no-store
      content-length:
      - '1231'
      content-type:
      - application/json; charset=utf-8
      date:
      - Mon, 16 Sep 2019 22:09:32 GMT
      expires:
      - '-1'
      p3p:
      - CP="DSP CUR OTPi IND OTRi ONL FIN"
      pragma:
      - no-cache
      set-cookie:
      - fpc=Alv5VndIvDFGoEWJKuTv-pPQMGJWAQAAABv_EdUOAAAA; expires=Wed, 16-Oct-2019
        22:09:32 GMT; path=/; secure; HttpOnly
      - x-ms-gateway-slice=estsfd; path=/; secure; HttpOnly
      - stsservicecookie=estsfd; path=/; secure; HttpOnly
      strict-transport-security:
      - max-age=31536000; includeSubDomains
      x-content-type-options:
      - nosniff
      x-ms-ests-server:
      - 2.1.9368.8 - EUS ProdSlices
    status:
      code: 200
      message: OK
- request:
    body: '{"value": "value0"}'
    headers:
      Accept:
      - application/json
      Accept-Encoding:
      - gzip, deflate
      Connection:
      - keep-alive
      Content-Length:
      - '19'
      Content-Type:
      - application/json; charset=utf-8
      User-Agent:
      - azsdk-python-keyvault-secrets/4.0.0b4 Python/3.6.6 (Windows-10-10.0.18362-SP0)
    method: PUT
    uri: https://vault1051159997c1310c67.vault.azure.net/secrets/secret0?api-version=7.0
  response:
    body:
      string: '{"value":"value0","id":"https://vault1051159997c1310c67.vault.azure.net/secrets/secret0/caa657adab214f11ae212bffcb928cdb","attributes":{"enabled":true,"created":1568671772,"updated":1568671772,"recoveryLevel":"Recoverable+Purgeable"}}'
    headers:
      cache-control:
      - no-cache
      content-length:
      - '234'
      content-type:
      - application/json; charset=utf-8
      date:
      - Mon, 16 Sep 2019 22:09:32 GMT
      expires:
      - '-1'
      pragma:
      - no-cache
      server:
      - Microsoft-IIS/10.0
      strict-transport-security:
      - max-age=31536000;includeSubDomains
      x-aspnet-version:
      - 4.0.30319
      x-content-type-options:
      - nosniff
      x-ms-keyvault-network-info:
      - addr=131.107.174.72;act_addr_fam=InterNetwork;
      x-ms-keyvault-region:
      - westus
      x-ms-keyvault-service-version:
      - 1.1.0.878
      x-powered-by:
      - ASP.NET
    status:
      code: 200
      message: OK
- request:
    body: '{"value": "value1"}'
    headers:
      Accept:
      - application/json
      Accept-Encoding:
      - gzip, deflate
      Connection:
      - keep-alive
      Content-Length:
      - '19'
      Content-Type:
      - application/json; charset=utf-8
      User-Agent:
      - azsdk-python-keyvault-secrets/4.0.0b4 Python/3.6.6 (Windows-10-10.0.18362-SP0)
    method: PUT
    uri: https://vault1051159997c1310c67.vault.azure.net/secrets/secret1?api-version=7.0
  response:
    body:
      string: '{"value":"value1","id":"https://vault1051159997c1310c67.vault.azure.net/secrets/secret1/c18e1b16c6a4477787dd8eaf50aa28e7","attributes":{"enabled":true,"created":1568671773,"updated":1568671773,"recoveryLevel":"Recoverable+Purgeable"}}'
    headers:
      cache-control:
      - no-cache
      content-length:
      - '234'
      content-type:
      - application/json; charset=utf-8
      date:
      - Mon, 16 Sep 2019 22:09:32 GMT
      expires:
      - '-1'
      pragma:
      - no-cache
      server:
      - Microsoft-IIS/10.0
      strict-transport-security:
      - max-age=31536000;includeSubDomains
      x-aspnet-version:
      - 4.0.30319
      x-content-type-options:
      - nosniff
      x-ms-keyvault-network-info:
      - addr=131.107.174.72;act_addr_fam=InterNetwork;
      x-ms-keyvault-region:
      - westus
      x-ms-keyvault-service-version:
      - 1.1.0.878
      x-powered-by:
      - ASP.NET
    status:
      code: 200
      message: OK
- request:
    body: '{"value": "value2"}'
    headers:
      Accept:
      - application/json
      Accept-Encoding:
      - gzip, deflate
      Connection:
      - keep-alive
      Content-Length:
      - '19'
      Content-Type:
      - application/json; charset=utf-8
      User-Agent:
      - azsdk-python-keyvault-secrets/4.0.0b4 Python/3.6.6 (Windows-10-10.0.18362-SP0)
    method: PUT
    uri: https://vault1051159997c1310c67.vault.azure.net/secrets/secret2?api-version=7.0
  response:
    body:
      string: '{"value":"value2","id":"https://vault1051159997c1310c67.vault.azure.net/secrets/secret2/a0726949d52346e58dd326136ac77094","attributes":{"enabled":true,"created":1568671773,"updated":1568671773,"recoveryLevel":"Recoverable+Purgeable"}}'
    headers:
      cache-control:
      - no-cache
      content-length:
      - '234'
      content-type:
      - application/json; charset=utf-8
      date:
      - Mon, 16 Sep 2019 22:09:32 GMT
      expires:
      - '-1'
      pragma:
      - no-cache
      server:
      - Microsoft-IIS/10.0
      strict-transport-security:
      - max-age=31536000;includeSubDomains
      x-aspnet-version:
      - 4.0.30319
      x-content-type-options:
      - nosniff
      x-ms-keyvault-network-info:
      - addr=131.107.174.72;act_addr_fam=InterNetwork;
      x-ms-keyvault-region:
      - westus
      x-ms-keyvault-service-version:
      - 1.1.0.878
      x-powered-by:
      - ASP.NET
    status:
      code: 200
      message: OK
- request:
    body: '{"value": "value3"}'
    headers:
      Accept:
      - application/json
      Accept-Encoding:
      - gzip, deflate
      Connection:
      - keep-alive
      Content-Length:
      - '19'
      Content-Type:
      - application/json; charset=utf-8
      User-Agent:
      - azsdk-python-keyvault-secrets/4.0.0b4 Python/3.6.6 (Windows-10-10.0.18362-SP0)
    method: PUT
    uri: https://vault1051159997c1310c67.vault.azure.net/secrets/secret3?api-version=7.0
  response:
    body:
      string: '{"value":"value3","id":"https://vault1051159997c1310c67.vault.azure.net/secrets/secret3/250625f1266c44339186d89f2dfb66c9","attributes":{"enabled":true,"created":1568671773,"updated":1568671773,"recoveryLevel":"Recoverable+Purgeable"}}'
    headers:
      cache-control:
      - no-cache
      content-length:
      - '234'
      content-type:
      - application/json; charset=utf-8
      date:
      - Mon, 16 Sep 2019 22:09:33 GMT
      expires:
      - '-1'
      pragma:
      - no-cache
      server:
      - Microsoft-IIS/10.0
      strict-transport-security:
      - max-age=31536000;includeSubDomains
      x-aspnet-version:
      - 4.0.30319
      x-content-type-options:
      - nosniff
      x-ms-keyvault-network-info:
      - addr=131.107.174.72;act_addr_fam=InterNetwork;
      x-ms-keyvault-region:
      - westus
      x-ms-keyvault-service-version:
      - 1.1.0.878
      x-powered-by:
      - ASP.NET
    status:
      code: 200
      message: OK
- request:
    body: '{"value": "value4"}'
    headers:
      Accept:
      - application/json
      Accept-Encoding:
      - gzip, deflate
      Connection:
      - keep-alive
      Content-Length:
      - '19'
      Content-Type:
      - application/json; charset=utf-8
      User-Agent:
      - azsdk-python-keyvault-secrets/4.0.0b4 Python/3.6.6 (Windows-10-10.0.18362-SP0)
    method: PUT
    uri: https://vault1051159997c1310c67.vault.azure.net/secrets/secret4?api-version=7.0
  response:
    body:
      string: '{"value":"value4","id":"https://vault1051159997c1310c67.vault.azure.net/secrets/secret4/fc2789e8d8214526b1258ff8cf4f705b","attributes":{"enabled":true,"created":1568671773,"updated":1568671773,"recoveryLevel":"Recoverable+Purgeable"}}'
    headers:
      cache-control:
      - no-cache
      content-length:
      - '234'
      content-type:
      - application/json; charset=utf-8
      date:
      - Mon, 16 Sep 2019 22:09:33 GMT
      expires:
      - '-1'
      pragma:
      - no-cache
      server:
      - Microsoft-IIS/10.0
      strict-transport-security:
      - max-age=31536000;includeSubDomains
      x-aspnet-version:
      - 4.0.30319
      x-content-type-options:
      - nosniff
      x-ms-keyvault-network-info:
      - addr=131.107.174.72;act_addr_fam=InterNetwork;
      x-ms-keyvault-region:
      - westus
      x-ms-keyvault-service-version:
      - 1.1.0.878
      x-powered-by:
      - ASP.NET
    status:
      code: 200
      message: OK
- request:
    body: '{"value": "value5"}'
    headers:
      Accept:
      - application/json
      Accept-Encoding:
      - gzip, deflate
      Connection:
      - keep-alive
      Content-Length:
      - '19'
      Content-Type:
      - application/json; charset=utf-8
      User-Agent:
      - azsdk-python-keyvault-secrets/4.0.0b4 Python/3.6.6 (Windows-10-10.0.18362-SP0)
    method: PUT
    uri: https://vault1051159997c1310c67.vault.azure.net/secrets/secret5?api-version=7.0
  response:
    body:
      string: '{"value":"value5","id":"https://vault1051159997c1310c67.vault.azure.net/secrets/secret5/993150ebe2e64adf9f0434f8748dc032","attributes":{"enabled":true,"created":1568671773,"updated":1568671773,"recoveryLevel":"Recoverable+Purgeable"}}'
    headers:
      cache-control:
      - no-cache
      content-length:
      - '234'
      content-type:
      - application/json; charset=utf-8
      date:
      - Mon, 16 Sep 2019 22:09:33 GMT
      expires:
      - '-1'
      pragma:
      - no-cache
      server:
      - Microsoft-IIS/10.0
      strict-transport-security:
      - max-age=31536000;includeSubDomains
      x-aspnet-version:
      - 4.0.30319
      x-content-type-options:
      - nosniff
      x-ms-keyvault-network-info:
      - addr=131.107.174.72;act_addr_fam=InterNetwork;
      x-ms-keyvault-region:
      - westus
      x-ms-keyvault-service-version:
      - 1.1.0.878
      x-powered-by:
      - ASP.NET
    status:
      code: 200
      message: OK
- request:
    body: '{"value": "value6"}'
    headers:
      Accept:
      - application/json
      Accept-Encoding:
      - gzip, deflate
      Connection:
      - keep-alive
      Content-Length:
      - '19'
      Content-Type:
      - application/json; charset=utf-8
      User-Agent:
      - azsdk-python-keyvault-secrets/4.0.0b4 Python/3.6.6 (Windows-10-10.0.18362-SP0)
    method: PUT
    uri: https://vault1051159997c1310c67.vault.azure.net/secrets/secret6?api-version=7.0
  response:
    body:
      string: '{"value":"value6","id":"https://vault1051159997c1310c67.vault.azure.net/secrets/secret6/bc47930e0fe44a5893c54f4e9f43c86f","attributes":{"enabled":true,"created":1568671773,"updated":1568671773,"recoveryLevel":"Recoverable+Purgeable"}}'
    headers:
      cache-control:
      - no-cache
      content-length:
      - '234'
      content-type:
      - application/json; charset=utf-8
      date:
      - Mon, 16 Sep 2019 22:09:33 GMT
      expires:
      - '-1'
      pragma:
      - no-cache
      server:
      - Microsoft-IIS/10.0
      strict-transport-security:
      - max-age=31536000;includeSubDomains
      x-aspnet-version:
      - 4.0.30319
      x-content-type-options:
      - nosniff
      x-ms-keyvault-network-info:
      - addr=131.107.174.72;act_addr_fam=InterNetwork;
      x-ms-keyvault-region:
      - westus
      x-ms-keyvault-service-version:
      - 1.1.0.878
      x-powered-by:
      - ASP.NET
    status:
      code: 200
      message: OK
- request:
    body: null
    headers:
      Accept:
      - application/json
      Accept-Encoding:
      - gzip, deflate
      Connection:
      - keep-alive
      Content-Length:
      - '0'
      User-Agent:
      - azsdk-python-keyvault-secrets/4.0.0b4 Python/3.6.6 (Windows-10-10.0.18362-SP0)
    method: DELETE
    uri: https://vault1051159997c1310c67.vault.azure.net/secrets/secret0?api-version=7.0
  response:
    body:
      string: '{"recoveryId":"https://vault1051159997c1310c67.vault.azure.net/deletedsecrets/secret0","deletedDate":1568671773,"scheduledPurgeDate":1576447773,"id":"https://vault1051159997c1310c67.vault.azure.net/secrets/secret0/caa657adab214f11ae212bffcb928cdb","attributes":{"enabled":true,"created":1568671772,"updated":1568671772,"recoveryLevel":"Recoverable+Purgeable"}}'
    headers:
      cache-control:
      - no-cache
      content-length:
      - '360'
      content-type:
      - application/json; charset=utf-8
      date:
      - Mon, 16 Sep 2019 22:09:33 GMT
      expires:
      - '-1'
      pragma:
      - no-cache
      server:
      - Microsoft-IIS/10.0
      strict-transport-security:
      - max-age=31536000;includeSubDomains
      x-aspnet-version:
      - 4.0.30319
      x-content-type-options:
      - nosniff
      x-ms-keyvault-network-info:
      - addr=131.107.174.72;act_addr_fam=InterNetwork;
      x-ms-keyvault-region:
      - westus
      x-ms-keyvault-service-version:
      - 1.1.0.878
      x-powered-by:
      - ASP.NET
    status:
      code: 200
      message: OK
- request:
    body: null
    headers:
      Accept:
      - application/json
      Accept-Encoding:
      - gzip, deflate
      Connection:
      - keep-alive
      Content-Length:
      - '0'
      User-Agent:
      - azsdk-python-keyvault-secrets/4.0.0b4 Python/3.6.6 (Windows-10-10.0.18362-SP0)
    method: DELETE
    uri: https://vault1051159997c1310c67.vault.azure.net/secrets/secret1?api-version=7.0
  response:
    body:
      string: '{"recoveryId":"https://vault1051159997c1310c67.vault.azure.net/deletedsecrets/secret1","deletedDate":1568671773,"scheduledPurgeDate":1576447773,"id":"https://vault1051159997c1310c67.vault.azure.net/secrets/secret1/c18e1b16c6a4477787dd8eaf50aa28e7","attributes":{"enabled":true,"created":1568671773,"updated":1568671773,"recoveryLevel":"Recoverable+Purgeable"}}'
    headers:
      cache-control:
      - no-cache
      content-length:
      - '360'
      content-type:
      - application/json; charset=utf-8
      date:
      - Mon, 16 Sep 2019 22:09:33 GMT
      expires:
      - '-1'
      pragma:
      - no-cache
      server:
      - Microsoft-IIS/10.0
      strict-transport-security:
      - max-age=31536000;includeSubDomains
      x-aspnet-version:
      - 4.0.30319
      x-content-type-options:
      - nosniff
      x-ms-keyvault-network-info:
      - addr=131.107.174.72;act_addr_fam=InterNetwork;
      x-ms-keyvault-region:
      - westus
      x-ms-keyvault-service-version:
      - 1.1.0.878
      x-powered-by:
      - ASP.NET
    status:
      code: 200
      message: OK
- request:
    body: null
    headers:
      Accept:
      - application/json
      Accept-Encoding:
      - gzip, deflate
      Connection:
      - keep-alive
      Content-Length:
      - '0'
      User-Agent:
      - azsdk-python-keyvault-secrets/4.0.0b4 Python/3.6.6 (Windows-10-10.0.18362-SP0)
    method: DELETE
    uri: https://vault1051159997c1310c67.vault.azure.net/secrets/secret2?api-version=7.0
  response:
    body:
      string: '{"recoveryId":"https://vault1051159997c1310c67.vault.azure.net/deletedsecrets/secret2","deletedDate":1568671774,"scheduledPurgeDate":1576447774,"id":"https://vault1051159997c1310c67.vault.azure.net/secrets/secret2/a0726949d52346e58dd326136ac77094","attributes":{"enabled":true,"created":1568671773,"updated":1568671773,"recoveryLevel":"Recoverable+Purgeable"}}'
    headers:
      cache-control:
      - no-cache
      content-length:
      - '360'
      content-type:
      - application/json; charset=utf-8
      date:
      - Mon, 16 Sep 2019 22:09:33 GMT
      expires:
      - '-1'
      pragma:
      - no-cache
      server:
      - Microsoft-IIS/10.0
      strict-transport-security:
      - max-age=31536000;includeSubDomains
      x-aspnet-version:
      - 4.0.30319
      x-content-type-options:
      - nosniff
      x-ms-keyvault-network-info:
      - addr=131.107.174.72;act_addr_fam=InterNetwork;
      x-ms-keyvault-region:
      - westus
      x-ms-keyvault-service-version:
      - 1.1.0.878
      x-powered-by:
      - ASP.NET
    status:
      code: 200
      message: OK
- request:
    body: null
    headers:
      Accept:
      - application/json
      Accept-Encoding:
      - gzip, deflate
      Connection:
      - keep-alive
      Content-Length:
      - '0'
      User-Agent:
      - azsdk-python-keyvault-secrets/4.0.0b4 Python/3.6.6 (Windows-10-10.0.18362-SP0)
    method: DELETE
    uri: https://vault1051159997c1310c67.vault.azure.net/secrets/secret3?api-version=7.0
  response:
    body:
      string: '{"recoveryId":"https://vault1051159997c1310c67.vault.azure.net/deletedsecrets/secret3","deletedDate":1568671774,"scheduledPurgeDate":1576447774,"id":"https://vault1051159997c1310c67.vault.azure.net/secrets/secret3/250625f1266c44339186d89f2dfb66c9","attributes":{"enabled":true,"created":1568671773,"updated":1568671773,"recoveryLevel":"Recoverable+Purgeable"}}'
    headers:
      cache-control:
      - no-cache
      content-length:
      - '360'
      content-type:
      - application/json; charset=utf-8
      date:
      - Mon, 16 Sep 2019 22:09:34 GMT
      expires:
      - '-1'
      pragma:
      - no-cache
      server:
      - Microsoft-IIS/10.0
      strict-transport-security:
      - max-age=31536000;includeSubDomains
      x-aspnet-version:
      - 4.0.30319
      x-content-type-options:
      - nosniff
      x-ms-keyvault-network-info:
      - addr=131.107.174.72;act_addr_fam=InterNetwork;
      x-ms-keyvault-region:
      - westus
      x-ms-keyvault-service-version:
      - 1.1.0.878
      x-powered-by:
      - ASP.NET
    status:
      code: 200
      message: OK
- request:
    body: null
    headers:
      Accept:
      - application/json
      Accept-Encoding:
      - gzip, deflate
      Connection:
      - keep-alive
      Content-Length:
      - '0'
      User-Agent:
      - azsdk-python-keyvault-secrets/4.0.0b4 Python/3.6.6 (Windows-10-10.0.18362-SP0)
    method: DELETE
    uri: https://vault1051159997c1310c67.vault.azure.net/secrets/secret4?api-version=7.0
  response:
    body:
      string: '{"recoveryId":"https://vault1051159997c1310c67.vault.azure.net/deletedsecrets/secret4","deletedDate":1568671774,"scheduledPurgeDate":1576447774,"id":"https://vault1051159997c1310c67.vault.azure.net/secrets/secret4/fc2789e8d8214526b1258ff8cf4f705b","attributes":{"enabled":true,"created":1568671773,"updated":1568671773,"recoveryLevel":"Recoverable+Purgeable"}}'
    headers:
      cache-control:
      - no-cache
      content-length:
      - '360'
      content-type:
      - application/json; charset=utf-8
      date:
      - Mon, 16 Sep 2019 22:09:34 GMT
      expires:
      - '-1'
      pragma:
      - no-cache
      server:
      - Microsoft-IIS/10.0
      strict-transport-security:
      - max-age=31536000;includeSubDomains
      x-aspnet-version:
      - 4.0.30319
      x-content-type-options:
      - nosniff
      x-ms-keyvault-network-info:
      - addr=131.107.174.72;act_addr_fam=InterNetwork;
      x-ms-keyvault-region:
      - westus
      x-ms-keyvault-service-version:
      - 1.1.0.878
      x-powered-by:
      - ASP.NET
    status:
      code: 200
      message: OK
- request:
    body: null
    headers:
      Accept:
      - application/json
      Accept-Encoding:
      - gzip, deflate
      Connection:
      - keep-alive
      Content-Length:
      - '0'
      User-Agent:
      - azsdk-python-keyvault-secrets/4.0.0b4 Python/3.6.6 (Windows-10-10.0.18362-SP0)
    method: DELETE
    uri: https://vault1051159997c1310c67.vault.azure.net/secrets/secret5?api-version=7.0
  response:
    body:
      string: '{"recoveryId":"https://vault1051159997c1310c67.vault.azure.net/deletedsecrets/secret5","deletedDate":1568671774,"scheduledPurgeDate":1576447774,"id":"https://vault1051159997c1310c67.vault.azure.net/secrets/secret5/993150ebe2e64adf9f0434f8748dc032","attributes":{"enabled":true,"created":1568671773,"updated":1568671773,"recoveryLevel":"Recoverable+Purgeable"}}'
    headers:
      cache-control:
      - no-cache
      content-length:
      - '360'
      content-type:
      - application/json; charset=utf-8
      date:
      - Mon, 16 Sep 2019 22:09:34 GMT
      expires:
      - '-1'
      pragma:
      - no-cache
      server:
      - Microsoft-IIS/10.0
      strict-transport-security:
      - max-age=31536000;includeSubDomains
      x-aspnet-version:
      - 4.0.30319
      x-content-type-options:
      - nosniff
      x-ms-keyvault-network-info:
      - addr=131.107.174.72;act_addr_fam=InterNetwork;
      x-ms-keyvault-region:
      - westus
      x-ms-keyvault-service-version:
      - 1.1.0.878
      x-powered-by:
      - ASP.NET
    status:
      code: 200
      message: OK
- request:
    body: null
    headers:
      Accept:
      - application/json
      Accept-Encoding:
      - gzip, deflate
      Connection:
      - keep-alive
      Content-Length:
      - '0'
      User-Agent:
      - azsdk-python-keyvault-secrets/4.0.0b4 Python/3.6.6 (Windows-10-10.0.18362-SP0)
    method: DELETE
    uri: https://vault1051159997c1310c67.vault.azure.net/secrets/secret6?api-version=7.0
  response:
    body:
      string: '{"recoveryId":"https://vault1051159997c1310c67.vault.azure.net/deletedsecrets/secret6","deletedDate":1568671774,"scheduledPurgeDate":1576447774,"id":"https://vault1051159997c1310c67.vault.azure.net/secrets/secret6/bc47930e0fe44a5893c54f4e9f43c86f","attributes":{"enabled":true,"created":1568671773,"updated":1568671773,"recoveryLevel":"Recoverable+Purgeable"}}'
    headers:
      cache-control:
      - no-cache
      content-length:
      - '360'
      content-type:
      - application/json; charset=utf-8
      date:
      - Mon, 16 Sep 2019 22:09:34 GMT
      expires:
      - '-1'
      pragma:
      - no-cache
      server:
      - Microsoft-IIS/10.0
      strict-transport-security:
      - max-age=31536000;includeSubDomains
      x-aspnet-version:
      - 4.0.30319
      x-content-type-options:
      - nosniff
      x-ms-keyvault-network-info:
      - addr=131.107.174.72;act_addr_fam=InterNetwork;
      x-ms-keyvault-region:
      - westus
      x-ms-keyvault-service-version:
      - 1.1.0.878
      x-powered-by:
      - ASP.NET
    status:
      code: 200
      message: OK
- request:
    body: null
    headers:
      Accept:
      - application/json
      Accept-Encoding:
      - gzip, deflate
      Connection:
      - keep-alive
      User-Agent:
      - azsdk-python-keyvault-secrets/4.0.0b4 Python/3.6.6 (Windows-10-10.0.18362-SP0)
    method: GET
    uri: https://vault1051159997c1310c67.vault.azure.net/deletedsecrets/secret0?api-version=7.0
  response:
    body:
      string: '{"error":{"code":"SecretNotFound","message":"Deleted Secret not found:
        secret0"}}'
    headers:
      cache-control:
      - no-cache
      content-length:
      - '81'
      content-type:
      - application/json; charset=utf-8
      date:
      - Mon, 16 Sep 2019 22:09:34 GMT
      expires:
      - '-1'
      pragma:
      - no-cache
      server:
      - Microsoft-IIS/10.0
      strict-transport-security:
      - max-age=31536000;includeSubDomains
      x-aspnet-version:
      - 4.0.30319
      x-content-type-options:
      - nosniff
      x-ms-keyvault-network-info:
      - addr=131.107.174.72;act_addr_fam=InterNetwork;
      x-ms-keyvault-region:
      - westus
      x-ms-keyvault-service-version:
      - 1.1.0.878
      x-powered-by:
      - ASP.NET
    status:
      code: 404
      message: Not Found
- request:
    body: null
    headers:
      Accept:
      - application/json
      Accept-Encoding:
      - gzip, deflate
      Connection:
      - keep-alive
      User-Agent:
      - azsdk-python-keyvault-secrets/4.0.0b4 Python/3.6.6 (Windows-10-10.0.18362-SP0)
    method: GET
    uri: https://vault1051159997c1310c67.vault.azure.net/deletedsecrets/secret0?api-version=7.0
  response:
    body:
      string: '{"error":{"code":"SecretNotFound","message":"Deleted Secret not found:
        secret0"}}'
    headers:
      cache-control:
      - no-cache
      content-length:
      - '81'
      content-type:
      - application/json; charset=utf-8
      date:
      - Mon, 16 Sep 2019 22:09:37 GMT
      expires:
      - '-1'
      pragma:
      - no-cache
      server:
      - Microsoft-IIS/10.0
      strict-transport-security:
      - max-age=31536000;includeSubDomains
      x-aspnet-version:
      - 4.0.30319
      x-content-type-options:
      - nosniff
      x-ms-keyvault-network-info:
      - addr=131.107.174.72;act_addr_fam=InterNetwork;
      x-ms-keyvault-region:
      - westus
      x-ms-keyvault-service-version:
      - 1.1.0.878
      x-powered-by:
      - ASP.NET
    status:
      code: 404
      message: Not Found
- request:
    body: null
    headers:
      Accept:
      - application/json
      Accept-Encoding:
      - gzip, deflate
      Connection:
      - keep-alive
      User-Agent:
      - azsdk-python-keyvault-secrets/4.0.0b4 Python/3.6.6 (Windows-10-10.0.18362-SP0)
    method: GET
    uri: https://vault1051159997c1310c67.vault.azure.net/deletedsecrets/secret0?api-version=7.0
  response:
    body:
      string: '{"error":{"code":"SecretNotFound","message":"Deleted Secret not found:
        secret0"}}'
    headers:
      cache-control:
      - no-cache
      content-length:
      - '81'
      content-type:
      - application/json; charset=utf-8
      date:
      - Mon, 16 Sep 2019 22:09:40 GMT
      expires:
      - '-1'
      pragma:
      - no-cache
      server:
      - Microsoft-IIS/10.0
      strict-transport-security:
      - max-age=31536000;includeSubDomains
      x-aspnet-version:
      - 4.0.30319
      x-content-type-options:
      - nosniff
      x-ms-keyvault-network-info:
      - addr=131.107.174.72;act_addr_fam=InterNetwork;
      x-ms-keyvault-region:
      - westus
      x-ms-keyvault-service-version:
      - 1.1.0.878
      x-powered-by:
      - ASP.NET
    status:
      code: 404
      message: Not Found
- request:
    body: null
    headers:
      Accept:
      - application/json
      Accept-Encoding:
      - gzip, deflate
      Connection:
      - keep-alive
      User-Agent:
      - azsdk-python-keyvault-secrets/4.0.0b4 Python/3.6.6 (Windows-10-10.0.18362-SP0)
    method: GET
    uri: https://vault1051159997c1310c67.vault.azure.net/deletedsecrets/secret0?api-version=7.0
  response:
    body:
      string: '{"error":{"code":"SecretNotFound","message":"Deleted Secret not found:
        secret0"}}'
    headers:
      cache-control:
      - no-cache
      content-length:
      - '81'
      content-type:
      - application/json; charset=utf-8
      date:
      - Mon, 16 Sep 2019 22:09:43 GMT
      expires:
      - '-1'
      pragma:
      - no-cache
      server:
      - Microsoft-IIS/10.0
      strict-transport-security:
      - max-age=31536000;includeSubDomains
      x-aspnet-version:
      - 4.0.30319
      x-content-type-options:
      - nosniff
      x-ms-keyvault-network-info:
      - addr=131.107.174.72;act_addr_fam=InterNetwork;
      x-ms-keyvault-region:
      - westus
      x-ms-keyvault-service-version:
      - 1.1.0.878
      x-powered-by:
      - ASP.NET
    status:
      code: 404
      message: Not Found
- request:
    body: null
    headers:
      Accept:
      - application/json
      Accept-Encoding:
      - gzip, deflate
      Connection:
      - keep-alive
      User-Agent:
      - azsdk-python-keyvault-secrets/4.0.0b4 Python/3.6.6 (Windows-10-10.0.18362-SP0)
    method: GET
    uri: https://vault1051159997c1310c67.vault.azure.net/deletedsecrets/secret0?api-version=7.0
  response:
    body:
      string: '{"error":{"code":"SecretNotFound","message":"Deleted Secret not found:
        secret0"}}'
    headers:
      cache-control:
      - no-cache
      content-length:
      - '81'
      content-type:
      - application/json; charset=utf-8
      date:
      - Mon, 16 Sep 2019 22:09:46 GMT
      expires:
      - '-1'
      pragma:
      - no-cache
      server:
      - Microsoft-IIS/10.0
      strict-transport-security:
      - max-age=31536000;includeSubDomains
      x-aspnet-version:
      - 4.0.30319
      x-content-type-options:
      - nosniff
      x-ms-keyvault-network-info:
      - addr=131.107.174.72;act_addr_fam=InterNetwork;
      x-ms-keyvault-region:
      - westus
      x-ms-keyvault-service-version:
      - 1.1.0.878
      x-powered-by:
      - ASP.NET
    status:
      code: 404
      message: Not Found
- request:
    body: null
    headers:
      Accept:
      - application/json
      Accept-Encoding:
      - gzip, deflate
      Connection:
      - keep-alive
      User-Agent:
      - azsdk-python-keyvault-secrets/4.0.0b4 Python/3.6.6 (Windows-10-10.0.18362-SP0)
    method: GET
    uri: https://vault1051159997c1310c67.vault.azure.net/deletedsecrets/secret0?api-version=7.0
  response:
    body:
      string: '{"error":{"code":"SecretNotFound","message":"Deleted Secret not found:
        secret0"}}'
    headers:
      cache-control:
      - no-cache
      content-length:
      - '81'
      content-type:
      - application/json; charset=utf-8
      date:
      - Mon, 16 Sep 2019 22:09:49 GMT
      expires:
      - '-1'
      pragma:
      - no-cache
      server:
      - Microsoft-IIS/10.0
      strict-transport-security:
      - max-age=31536000;includeSubDomains
      x-aspnet-version:
      - 4.0.30319
      x-content-type-options:
      - nosniff
      x-ms-keyvault-network-info:
      - addr=131.107.174.72;act_addr_fam=InterNetwork;
      x-ms-keyvault-region:
      - westus
      x-ms-keyvault-service-version:
      - 1.1.0.878
      x-powered-by:
      - ASP.NET
    status:
      code: 404
      message: Not Found
- request:
    body: null
    headers:
      Accept:
      - application/json
      Accept-Encoding:
      - gzip, deflate
      Connection:
      - keep-alive
      User-Agent:
      - azsdk-python-keyvault-secrets/4.0.0b4 Python/3.6.6 (Windows-10-10.0.18362-SP0)
    method: GET
    uri: https://vault1051159997c1310c67.vault.azure.net/deletedsecrets/secret0?api-version=7.0
  response:
    body:
      string: '{"error":{"code":"SecretNotFound","message":"Deleted Secret not found:
        secret0"}}'
    headers:
      cache-control:
      - no-cache
      content-length:
      - '81'
      content-type:
      - application/json; charset=utf-8
      date:
      - Mon, 16 Sep 2019 22:09:52 GMT
      expires:
      - '-1'
      pragma:
      - no-cache
      server:
      - Microsoft-IIS/10.0
      strict-transport-security:
      - max-age=31536000;includeSubDomains
      x-aspnet-version:
      - 4.0.30319
      x-content-type-options:
      - nosniff
      x-ms-keyvault-network-info:
      - addr=131.107.174.72;act_addr_fam=InterNetwork;
      x-ms-keyvault-region:
      - westus
      x-ms-keyvault-service-version:
      - 1.1.0.878
      x-powered-by:
      - ASP.NET
    status:
      code: 404
      message: Not Found
- request:
    body: null
    headers:
      Accept:
      - application/json
      Accept-Encoding:
      - gzip, deflate
      Connection:
      - keep-alive
      User-Agent:
      - azsdk-python-keyvault-secrets/4.0.0b4 Python/3.6.6 (Windows-10-10.0.18362-SP0)
    method: GET
    uri: https://vault1051159997c1310c67.vault.azure.net/deletedsecrets/secret0?api-version=7.0
  response:
    body:
      string: '{"recoveryId":"https://vault1051159997c1310c67.vault.azure.net/deletedsecrets/secret0","deletedDate":1568671773,"scheduledPurgeDate":1576447773,"id":"https://vault1051159997c1310c67.vault.azure.net/secrets/secret0/caa657adab214f11ae212bffcb928cdb","attributes":{"enabled":true,"created":1568671772,"updated":1568671772,"recoveryLevel":"Recoverable+Purgeable"}}'
    headers:
      cache-control:
      - no-cache
      content-length:
      - '360'
      content-type:
      - application/json; charset=utf-8
      date:
      - Mon, 16 Sep 2019 22:09:56 GMT
      expires:
      - '-1'
      pragma:
      - no-cache
      server:
      - Microsoft-IIS/10.0
      strict-transport-security:
      - max-age=31536000;includeSubDomains
      x-aspnet-version:
      - 4.0.30319
      x-content-type-options:
      - nosniff
      x-ms-keyvault-network-info:
      - addr=131.107.174.72;act_addr_fam=InterNetwork;
      x-ms-keyvault-region:
      - westus
      x-ms-keyvault-service-version:
      - 1.1.0.878
      x-powered-by:
      - ASP.NET
    status:
      code: 200
      message: OK
- request:
    body: null
    headers:
      Accept:
      - application/json
      Accept-Encoding:
      - gzip, deflate
      Connection:
      - keep-alive
      User-Agent:
      - azsdk-python-keyvault-secrets/4.0.0b4 Python/3.6.6 (Windows-10-10.0.18362-SP0)
    method: GET
    uri: https://vault1051159997c1310c67.vault.azure.net/deletedsecrets/secret1?api-version=7.0
  response:
    body:
      string: '{"recoveryId":"https://vault1051159997c1310c67.vault.azure.net/deletedsecrets/secret1","deletedDate":1568671773,"scheduledPurgeDate":1576447773,"id":"https://vault1051159997c1310c67.vault.azure.net/secrets/secret1/c18e1b16c6a4477787dd8eaf50aa28e7","attributes":{"enabled":true,"created":1568671773,"updated":1568671773,"recoveryLevel":"Recoverable+Purgeable"}}'
    headers:
      cache-control:
      - no-cache
      content-length:
      - '360'
      content-type:
      - application/json; charset=utf-8
      date:
      - Mon, 16 Sep 2019 22:09:56 GMT
      expires:
      - '-1'
      pragma:
      - no-cache
      server:
      - Microsoft-IIS/10.0
      strict-transport-security:
      - max-age=31536000;includeSubDomains
      x-aspnet-version:
      - 4.0.30319
      x-content-type-options:
      - nosniff
      x-ms-keyvault-network-info:
      - addr=131.107.174.72;act_addr_fam=InterNetwork;
      x-ms-keyvault-region:
      - westus
      x-ms-keyvault-service-version:
      - 1.1.0.878
      x-powered-by:
      - ASP.NET
    status:
      code: 200
      message: OK
- request:
    body: null
    headers:
      Accept:
      - application/json
      Accept-Encoding:
      - gzip, deflate
      Connection:
      - keep-alive
      User-Agent:
      - azsdk-python-keyvault-secrets/4.0.0b4 Python/3.6.6 (Windows-10-10.0.18362-SP0)
    method: GET
    uri: https://vault1051159997c1310c67.vault.azure.net/deletedsecrets/secret2?api-version=7.0
  response:
    body:
      string: '{"recoveryId":"https://vault1051159997c1310c67.vault.azure.net/deletedsecrets/secret2","deletedDate":1568671774,"scheduledPurgeDate":1576447774,"id":"https://vault1051159997c1310c67.vault.azure.net/secrets/secret2/a0726949d52346e58dd326136ac77094","attributes":{"enabled":true,"created":1568671773,"updated":1568671773,"recoveryLevel":"Recoverable+Purgeable"}}'
    headers:
      cache-control:
      - no-cache
      content-length:
      - '360'
      content-type:
      - application/json; charset=utf-8
      date:
      - Mon, 16 Sep 2019 22:09:56 GMT
      expires:
      - '-1'
      pragma:
      - no-cache
      server:
      - Microsoft-IIS/10.0
      strict-transport-security:
      - max-age=31536000;includeSubDomains
      x-aspnet-version:
      - 4.0.30319
      x-content-type-options:
      - nosniff
      x-ms-keyvault-network-info:
      - addr=131.107.174.72;act_addr_fam=InterNetwork;
      x-ms-keyvault-region:
      - westus
      x-ms-keyvault-service-version:
      - 1.1.0.878
      x-powered-by:
      - ASP.NET
    status:
      code: 200
      message: OK
- request:
    body: null
    headers:
      Accept:
      - application/json
      Accept-Encoding:
      - gzip, deflate
      Connection:
      - keep-alive
      User-Agent:
      - azsdk-python-keyvault-secrets/4.0.0b4 Python/3.6.6 (Windows-10-10.0.18362-SP0)
    method: GET
    uri: https://vault1051159997c1310c67.vault.azure.net/deletedsecrets/secret3?api-version=7.0
  response:
    body:
      string: '{"recoveryId":"https://vault1051159997c1310c67.vault.azure.net/deletedsecrets/secret3","deletedDate":1568671774,"scheduledPurgeDate":1576447774,"id":"https://vault1051159997c1310c67.vault.azure.net/secrets/secret3/250625f1266c44339186d89f2dfb66c9","attributes":{"enabled":true,"created":1568671773,"updated":1568671773,"recoveryLevel":"Recoverable+Purgeable"}}'
    headers:
      cache-control:
      - no-cache
      content-length:
      - '360'
      content-type:
      - application/json; charset=utf-8
      date:
      - Mon, 16 Sep 2019 22:09:56 GMT
      expires:
      - '-1'
      pragma:
      - no-cache
      server:
      - Microsoft-IIS/10.0
      strict-transport-security:
      - max-age=31536000;includeSubDomains
      x-aspnet-version:
      - 4.0.30319
      x-content-type-options:
      - nosniff
      x-ms-keyvault-network-info:
      - addr=131.107.174.72;act_addr_fam=InterNetwork;
      x-ms-keyvault-region:
      - westus
      x-ms-keyvault-service-version:
      - 1.1.0.878
      x-powered-by:
      - ASP.NET
    status:
      code: 200
      message: OK
- request:
    body: null
    headers:
      Accept:
      - application/json
      Accept-Encoding:
      - gzip, deflate
      Connection:
      - keep-alive
      User-Agent:
      - azsdk-python-keyvault-secrets/4.0.0b4 Python/3.6.6 (Windows-10-10.0.18362-SP0)
    method: GET
    uri: https://vault1051159997c1310c67.vault.azure.net/deletedsecrets/secret4?api-version=7.0
  response:
    body:
      string: '{"recoveryId":"https://vault1051159997c1310c67.vault.azure.net/deletedsecrets/secret4","deletedDate":1568671774,"scheduledPurgeDate":1576447774,"id":"https://vault1051159997c1310c67.vault.azure.net/secrets/secret4/fc2789e8d8214526b1258ff8cf4f705b","attributes":{"enabled":true,"created":1568671773,"updated":1568671773,"recoveryLevel":"Recoverable+Purgeable"}}'
    headers:
      cache-control:
      - no-cache
      content-length:
      - '360'
      content-type:
      - application/json; charset=utf-8
      date:
      - Mon, 16 Sep 2019 22:09:56 GMT
      expires:
      - '-1'
      pragma:
      - no-cache
      server:
      - Microsoft-IIS/10.0
      strict-transport-security:
      - max-age=31536000;includeSubDomains
      x-aspnet-version:
      - 4.0.30319
      x-content-type-options:
      - nosniff
      x-ms-keyvault-network-info:
      - addr=131.107.174.72;act_addr_fam=InterNetwork;
      x-ms-keyvault-region:
      - westus
      x-ms-keyvault-service-version:
      - 1.1.0.878
      x-powered-by:
      - ASP.NET
    status:
      code: 200
      message: OK
- request:
    body: null
    headers:
      Accept:
      - application/json
      Accept-Encoding:
      - gzip, deflate
      Connection:
      - keep-alive
      User-Agent:
      - azsdk-python-keyvault-secrets/4.0.0b4 Python/3.6.6 (Windows-10-10.0.18362-SP0)
    method: GET
    uri: https://vault1051159997c1310c67.vault.azure.net/deletedsecrets/secret5?api-version=7.0
  response:
    body:
      string: '{"recoveryId":"https://vault1051159997c1310c67.vault.azure.net/deletedsecrets/secret5","deletedDate":1568671774,"scheduledPurgeDate":1576447774,"id":"https://vault1051159997c1310c67.vault.azure.net/secrets/secret5/993150ebe2e64adf9f0434f8748dc032","attributes":{"enabled":true,"created":1568671773,"updated":1568671773,"recoveryLevel":"Recoverable+Purgeable"}}'
    headers:
      cache-control:
      - no-cache
      content-length:
      - '360'
      content-type:
      - application/json; charset=utf-8
      date:
      - Mon, 16 Sep 2019 22:09:56 GMT
      expires:
      - '-1'
      pragma:
      - no-cache
      server:
      - Microsoft-IIS/10.0
      strict-transport-security:
      - max-age=31536000;includeSubDomains
      x-aspnet-version:
      - 4.0.30319
      x-content-type-options:
      - nosniff
      x-ms-keyvault-network-info:
      - addr=131.107.174.72;act_addr_fam=InterNetwork;
      x-ms-keyvault-region:
      - westus
      x-ms-keyvault-service-version:
      - 1.1.0.878
      x-powered-by:
      - ASP.NET
    status:
      code: 200
      message: OK
- request:
    body: null
    headers:
      Accept:
      - application/json
      Accept-Encoding:
      - gzip, deflate
      Connection:
      - keep-alive
      User-Agent:
      - azsdk-python-keyvault-secrets/4.0.0b4 Python/3.6.6 (Windows-10-10.0.18362-SP0)
    method: GET
    uri: https://vault1051159997c1310c67.vault.azure.net/deletedsecrets/secret6?api-version=7.0
  response:
    body:
      string: '{"recoveryId":"https://vault1051159997c1310c67.vault.azure.net/deletedsecrets/secret6","deletedDate":1568671774,"scheduledPurgeDate":1576447774,"id":"https://vault1051159997c1310c67.vault.azure.net/secrets/secret6/bc47930e0fe44a5893c54f4e9f43c86f","attributes":{"enabled":true,"created":1568671773,"updated":1568671773,"recoveryLevel":"Recoverable+Purgeable"}}'
    headers:
      cache-control:
      - no-cache
      content-length:
      - '360'
      content-type:
      - application/json; charset=utf-8
      date:
      - Mon, 16 Sep 2019 22:09:56 GMT
      expires:
      - '-1'
      pragma:
      - no-cache
      server:
      - Microsoft-IIS/10.0
      strict-transport-security:
      - max-age=31536000;includeSubDomains
      x-aspnet-version:
      - 4.0.30319
      x-content-type-options:
      - nosniff
      x-ms-keyvault-network-info:
      - addr=131.107.174.72;act_addr_fam=InterNetwork;
      x-ms-keyvault-region:
      - westus
      x-ms-keyvault-service-version:
      - 1.1.0.878
      x-powered-by:
      - ASP.NET
    status:
      code: 200
      message: OK
- request:
    body: null
    headers:
      Accept:
      - application/json
      Accept-Encoding:
      - gzip, deflate
      Connection:
      - keep-alive
      User-Agent:
      - azsdk-python-keyvault-secrets/4.0.0b4 Python/3.6.6 (Windows-10-10.0.18362-SP0)
    method: GET
    uri: https://vault1051159997c1310c67.vault.azure.net/deletedsecrets?api-version=7.0
  response:
    body:
      string: '{"value":[{"recoveryId":"https://vault1051159997c1310c67.vault.azure.net/deletedsecrets/secret0","deletedDate":1568671773,"scheduledPurgeDate":1576447773,"id":"https://vault1051159997c1310c67.vault.azure.net/secrets/secret0","attributes":{"enabled":true,"created":1568671772,"updated":1568671772,"recoveryLevel":"Recoverable+Purgeable"}},{"recoveryId":"https://vault1051159997c1310c67.vault.azure.net/deletedsecrets/secret1","deletedDate":1568671773,"scheduledPurgeDate":1576447773,"id":"https://vault1051159997c1310c67.vault.azure.net/secrets/secret1","attributes":{"enabled":true,"created":1568671773,"updated":1568671773,"recoveryLevel":"Recoverable+Purgeable"}},{"recoveryId":"https://vault1051159997c1310c67.vault.azure.net/deletedsecrets/secret2","deletedDate":1568671774,"scheduledPurgeDate":1576447774,"id":"https://vault1051159997c1310c67.vault.azure.net/secrets/secret2","attributes":{"enabled":true,"created":1568671773,"updated":1568671773,"recoveryLevel":"Recoverable+Purgeable"}},{"recoveryId":"https://vault1051159997c1310c67.vault.azure.net/deletedsecrets/secret3","deletedDate":1568671774,"scheduledPurgeDate":1576447774,"id":"https://vault1051159997c1310c67.vault.azure.net/secrets/secret3","attributes":{"enabled":true,"created":1568671773,"updated":1568671773,"recoveryLevel":"Recoverable+Purgeable"}},{"recoveryId":"https://vault1051159997c1310c67.vault.azure.net/deletedsecrets/secret4","deletedDate":1568671774,"scheduledPurgeDate":1576447774,"id":"https://vault1051159997c1310c67.vault.azure.net/secrets/secret4","attributes":{"enabled":true,"created":1568671773,"updated":1568671773,"recoveryLevel":"Recoverable+Purgeable"}},{"recoveryId":"https://vault1051159997c1310c67.vault.azure.net/deletedsecrets/secret5","deletedDate":1568671774,"scheduledPurgeDate":1576447774,"id":"https://vault1051159997c1310c67.vault.azure.net/secrets/secret5","attributes":{"enabled":true,"created":1568671773,"updated":1568671773,"recoveryLevel":"Recoverable+Purgeable"}},{"recoveryId":"https://vault1051159997c1310c67.vault.azure.net/deletedsecrets/secret6","deletedDate":1568671774,"scheduledPurgeDate":1576447774,"id":"https://vault1051159997c1310c67.vault.azure.net/secrets/secret6","attributes":{"enabled":true,"created":1568671773,"updated":1568671773,"recoveryLevel":"Recoverable+Purgeable"}}],"nextLink":null}'
    headers:
      cache-control:
      - no-cache
      content-length:
      - '2323'
      content-type:
      - application/json; charset=utf-8
      date:
      - Mon, 16 Sep 2019 22:09:56 GMT
      expires:
      - '-1'
      pragma:
      - no-cache
      server:
      - Microsoft-IIS/10.0
      strict-transport-security:
      - max-age=31536000;includeSubDomains
      x-aspnet-version:
      - 4.0.30319
      x-content-type-options:
      - nosniff
      x-ms-keyvault-network-info:
      - addr=131.107.174.72;act_addr_fam=InterNetwork;
      x-ms-keyvault-region:
      - westus
      x-ms-keyvault-service-version:
      - 1.1.0.878
      x-powered-by:
      - ASP.NET
    status:
      code: 200
      message: OK
- request:
    body: null
    headers:
      Accept:
      - '*/*'
      Accept-Encoding:
      - gzip, deflate
      Connection:
      - keep-alive
      Content-Length:
      - '0'
      User-Agent:
      - azsdk-python-keyvault-secrets/4.0.0b4 Python/3.6.6 (Windows-10-10.0.18362-SP0)
    method: DELETE
    uri: https://vault1051159997c1310c67.vault.azure.net/deletedsecrets/secret0?api-version=7.0
  response:
    body:
      string: ''
    headers:
      cache-control:
      - no-cache
      date:
      - Mon, 16 Sep 2019 22:09:57 GMT
      expires:
      - '-1'
      pragma:
      - no-cache
      server:
      - Microsoft-IIS/10.0
      strict-transport-security:
      - max-age=31536000;includeSubDomains
      x-aspnet-version:
      - 4.0.30319
      x-content-type-options:
      - nosniff
      x-ms-keyvault-network-info:
      - addr=131.107.174.72;act_addr_fam=InterNetwork;
      x-ms-keyvault-region:
      - westus
      x-ms-keyvault-service-version:
      - 1.1.0.878
      x-powered-by:
      - ASP.NET
    status:
      code: 204
      message: No Content
- request:
    body: null
    headers:
      Accept:
      - '*/*'
      Accept-Encoding:
      - gzip, deflate
      Connection:
      - keep-alive
      Content-Length:
      - '0'
      User-Agent:
      - azsdk-python-keyvault-secrets/4.0.0b4 Python/3.6.6 (Windows-10-10.0.18362-SP0)
    method: DELETE
    uri: https://vault1051159997c1310c67.vault.azure.net/deletedsecrets/secret1?api-version=7.0
  response:
    body:
      string: ''
    headers:
      cache-control:
      - no-cache
      date:
      - Mon, 16 Sep 2019 22:09:57 GMT
      expires:
      - '-1'
      pragma:
      - no-cache
      server:
      - Microsoft-IIS/10.0
      strict-transport-security:
      - max-age=31536000;includeSubDomains
      x-aspnet-version:
      - 4.0.30319
      x-content-type-options:
      - nosniff
      x-ms-keyvault-network-info:
      - addr=131.107.174.72;act_addr_fam=InterNetwork;
      x-ms-keyvault-region:
      - westus
      x-ms-keyvault-service-version:
      - 1.1.0.878
      x-powered-by:
      - ASP.NET
    status:
      code: 204
      message: No Content
- request:
    body: null
    headers:
      Accept:
      - '*/*'
      Accept-Encoding:
      - gzip, deflate
      Connection:
      - keep-alive
      Content-Length:
      - '0'
      User-Agent:
      - azsdk-python-keyvault-secrets/4.0.0b4 Python/3.6.6 (Windows-10-10.0.18362-SP0)
    method: DELETE
    uri: https://vault1051159997c1310c67.vault.azure.net/deletedsecrets/secret2?api-version=7.0
  response:
    body:
      string: ''
    headers:
      cache-control:
      - no-cache
      date:
      - Mon, 16 Sep 2019 22:09:57 GMT
      expires:
      - '-1'
      pragma:
      - no-cache
      server:
      - Microsoft-IIS/10.0
      strict-transport-security:
      - max-age=31536000;includeSubDomains
      x-aspnet-version:
      - 4.0.30319
      x-content-type-options:
      - nosniff
      x-ms-keyvault-network-info:
      - addr=131.107.174.72;act_addr_fam=InterNetwork;
      x-ms-keyvault-region:
      - westus
      x-ms-keyvault-service-version:
      - 1.1.0.878
      x-powered-by:
      - ASP.NET
    status:
      code: 204
      message: No Content
- request:
    body: null
    headers:
      Accept:
      - '*/*'
      Accept-Encoding:
      - gzip, deflate
      Connection:
      - keep-alive
      Content-Length:
      - '0'
      User-Agent:
      - azsdk-python-keyvault-secrets/4.0.0b4 Python/3.6.6 (Windows-10-10.0.18362-SP0)
    method: DELETE
    uri: https://vault1051159997c1310c67.vault.azure.net/deletedsecrets/secret3?api-version=7.0
  response:
    body:
      string: ''
    headers:
      cache-control:
      - no-cache
      date:
      - Mon, 16 Sep 2019 22:09:57 GMT
      expires:
      - '-1'
      pragma:
      - no-cache
      server:
      - Microsoft-IIS/10.0
      strict-transport-security:
      - max-age=31536000;includeSubDomains
      x-aspnet-version:
      - 4.0.30319
      x-content-type-options:
      - nosniff
      x-ms-keyvault-network-info:
      - addr=131.107.174.72;act_addr_fam=InterNetwork;
      x-ms-keyvault-region:
      - westus
      x-ms-keyvault-service-version:
      - 1.1.0.878
      x-powered-by:
      - ASP.NET
    status:
      code: 204
      message: No Content
- request:
    body: null
    headers:
      Accept:
      - '*/*'
      Accept-Encoding:
      - gzip, deflate
      Connection:
      - keep-alive
      Content-Length:
      - '0'
      User-Agent:
      - azsdk-python-keyvault-secrets/4.0.0b4 Python/3.6.6 (Windows-10-10.0.18362-SP0)
    method: DELETE
    uri: https://vault1051159997c1310c67.vault.azure.net/deletedsecrets/secret4?api-version=7.0
  response:
    body:
      string: ''
    headers:
      cache-control:
      - no-cache
      date:
      - Mon, 16 Sep 2019 22:09:57 GMT
      expires:
      - '-1'
      pragma:
      - no-cache
      server:
      - Microsoft-IIS/10.0
      strict-transport-security:
      - max-age=31536000;includeSubDomains
      x-aspnet-version:
      - 4.0.30319
      x-content-type-options:
      - nosniff
      x-ms-keyvault-network-info:
      - addr=131.107.174.72;act_addr_fam=InterNetwork;
      x-ms-keyvault-region:
      - westus
      x-ms-keyvault-service-version:
      - 1.1.0.878
      x-powered-by:
      - ASP.NET
    status:
      code: 204
      message: No Content
- request:
    body: null
    headers:
      Accept:
      - '*/*'
      Accept-Encoding:
      - gzip, deflate
      Connection:
      - keep-alive
      Content-Length:
      - '0'
      User-Agent:
      - azsdk-python-keyvault-secrets/4.0.0b4 Python/3.6.6 (Windows-10-10.0.18362-SP0)
    method: DELETE
    uri: https://vault1051159997c1310c67.vault.azure.net/deletedsecrets/secret5?api-version=7.0
  response:
    body:
      string: ''
    headers:
      cache-control:
      - no-cache
      date:
      - Mon, 16 Sep 2019 22:09:57 GMT
      expires:
      - '-1'
      pragma:
      - no-cache
      server:
      - Microsoft-IIS/10.0
      strict-transport-security:
      - max-age=31536000;includeSubDomains
      x-aspnet-version:
      - 4.0.30319
      x-content-type-options:
      - nosniff
      x-ms-keyvault-network-info:
      - addr=131.107.174.72;act_addr_fam=InterNetwork;
      x-ms-keyvault-region:
      - westus
      x-ms-keyvault-service-version:
      - 1.1.0.878
      x-powered-by:
      - ASP.NET
    status:
      code: 204
      message: No Content
- request:
    body: null
    headers:
      Accept:
      - '*/*'
      Accept-Encoding:
      - gzip, deflate
      Connection:
      - keep-alive
      Content-Length:
      - '0'
      User-Agent:
      - azsdk-python-keyvault-secrets/4.0.0b4 Python/3.6.6 (Windows-10-10.0.18362-SP0)
    method: DELETE
    uri: https://vault1051159997c1310c67.vault.azure.net/deletedsecrets/secret6?api-version=7.0
  response:
    body:
      string: ''
    headers:
      cache-control:
      - no-cache
      date:
      - Mon, 16 Sep 2019 22:09:57 GMT
      expires:
      - '-1'
      pragma:
      - no-cache
      server:
      - Microsoft-IIS/10.0
      strict-transport-security:
      - max-age=31536000;includeSubDomains
      x-aspnet-version:
      - 4.0.30319
      x-content-type-options:
      - nosniff
      x-ms-keyvault-network-info:
      - addr=131.107.174.72;act_addr_fam=InterNetwork;
      x-ms-keyvault-region:
      - westus
      x-ms-keyvault-service-version:
      - 1.1.0.878
      x-powered-by:
      - ASP.NET
    status:
      code: 204
      message: No Content
- request:
    body: null
    headers:
      Accept:
      - application/json
      Accept-Encoding:
      - gzip, deflate
      Connection:
      - keep-alive
      User-Agent:
      - azsdk-python-keyvault-secrets/4.0.0b4 Python/3.6.6 (Windows-10-10.0.18362-SP0)
    method: GET
    uri: https://vault1051159997c1310c67.vault.azure.net/deletedsecrets/secret0?api-version=7.0
  response:
    body:
      string: '{"error":{"code":"SecretNotFound","message":"Deleted Secret not found:
        secret0"}}'
    headers:
      cache-control:
      - no-cache
      content-length:
      - '81'
      content-type:
      - application/json; charset=utf-8
      date:
      - Mon, 16 Sep 2019 22:09:57 GMT
      expires:
      - '-1'
      pragma:
      - no-cache
      server:
      - Microsoft-IIS/10.0
      strict-transport-security:
      - max-age=31536000;includeSubDomains
      x-aspnet-version:
      - 4.0.30319
      x-content-type-options:
      - nosniff
      x-ms-keyvault-network-info:
      - addr=131.107.174.72;act_addr_fam=InterNetwork;
      x-ms-keyvault-region:
      - westus
      x-ms-keyvault-service-version:
      - 1.1.0.878
      x-powered-by:
      - ASP.NET
    status:
      code: 404
      message: Not Found
- request:
    body: null
    headers:
      Accept:
      - application/json
      Accept-Encoding:
      - gzip, deflate
      Connection:
      - keep-alive
      User-Agent:
      - azsdk-python-keyvault-secrets/4.0.0b4 Python/3.6.6 (Windows-10-10.0.18362-SP0)
    method: GET
    uri: https://vault1051159997c1310c67.vault.azure.net/deletedsecrets/secret1?api-version=7.0
  response:
    body:
      string: '{"error":{"code":"SecretNotFound","message":"Deleted Secret not found:
        secret1"}}'
    headers:
      cache-control:
      - no-cache
      content-length:
      - '81'
      content-type:
      - application/json; charset=utf-8
      date:
      - Mon, 16 Sep 2019 22:09:57 GMT
      expires:
      - '-1'
      pragma:
      - no-cache
      server:
      - Microsoft-IIS/10.0
      strict-transport-security:
      - max-age=31536000;includeSubDomains
      x-aspnet-version:
      - 4.0.30319
      x-content-type-options:
      - nosniff
      x-ms-keyvault-network-info:
      - addr=131.107.174.72;act_addr_fam=InterNetwork;
      x-ms-keyvault-region:
      - westus
      x-ms-keyvault-service-version:
      - 1.1.0.878
      x-powered-by:
      - ASP.NET
    status:
      code: 404
      message: Not Found
- request:
    body: null
    headers:
      Accept:
      - application/json
      Accept-Encoding:
      - gzip, deflate
      Connection:
      - keep-alive
      User-Agent:
      - azsdk-python-keyvault-secrets/4.0.0b4 Python/3.6.6 (Windows-10-10.0.18362-SP0)
    method: GET
    uri: https://vault1051159997c1310c67.vault.azure.net/deletedsecrets/secret2?api-version=7.0
  response:
    body:
      string: '{"error":{"code":"SecretNotFound","message":"Deleted Secret not found:
        secret2"}}'
    headers:
      cache-control:
      - no-cache
      content-length:
      - '81'
      content-type:
      - application/json; charset=utf-8
      date:
      - Mon, 16 Sep 2019 22:09:57 GMT
      expires:
      - '-1'
      pragma:
      - no-cache
      server:
      - Microsoft-IIS/10.0
      strict-transport-security:
      - max-age=31536000;includeSubDomains
      x-aspnet-version:
      - 4.0.30319
      x-content-type-options:
      - nosniff
      x-ms-keyvault-network-info:
      - addr=131.107.174.72;act_addr_fam=InterNetwork;
      x-ms-keyvault-region:
      - westus
      x-ms-keyvault-service-version:
      - 1.1.0.878
      x-powered-by:
      - ASP.NET
    status:
      code: 404
      message: Not Found
- request:
    body: null
    headers:
      Accept:
      - application/json
      Accept-Encoding:
      - gzip, deflate
      Connection:
      - keep-alive
      User-Agent:
      - azsdk-python-keyvault-secrets/4.0.0b4 Python/3.6.6 (Windows-10-10.0.18362-SP0)
    method: GET
    uri: https://vault1051159997c1310c67.vault.azure.net/deletedsecrets/secret3?api-version=7.0
  response:
    body:
      string: '{"error":{"code":"SecretNotFound","message":"Deleted Secret not found:
        secret3"}}'
    headers:
      cache-control:
      - no-cache
      content-length:
      - '81'
      content-type:
      - application/json; charset=utf-8
      date:
      - Mon, 16 Sep 2019 22:09:57 GMT
      expires:
      - '-1'
      pragma:
      - no-cache
      server:
      - Microsoft-IIS/10.0
      strict-transport-security:
      - max-age=31536000;includeSubDomains
      x-aspnet-version:
      - 4.0.30319
      x-content-type-options:
      - nosniff
      x-ms-keyvault-network-info:
      - addr=131.107.174.72;act_addr_fam=InterNetwork;
      x-ms-keyvault-region:
      - westus
      x-ms-keyvault-service-version:
      - 1.1.0.878
      x-powered-by:
      - ASP.NET
    status:
      code: 404
      message: Not Found
- request:
    body: null
    headers:
      Accept:
      - application/json
      Accept-Encoding:
      - gzip, deflate
      Connection:
      - keep-alive
      User-Agent:
      - azsdk-python-keyvault-secrets/4.0.0b4 Python/3.6.6 (Windows-10-10.0.18362-SP0)
    method: GET
    uri: https://vault1051159997c1310c67.vault.azure.net/deletedsecrets/secret4?api-version=7.0
  response:
    body:
      string: '{"error":{"code":"SecretNotFound","message":"Deleted Secret not found:
        secret4"}}'
    headers:
      cache-control:
      - no-cache
      content-length:
      - '81'
      content-type:
      - application/json; charset=utf-8
      date:
      - Mon, 16 Sep 2019 22:09:57 GMT
      expires:
      - '-1'
      pragma:
      - no-cache
      server:
      - Microsoft-IIS/10.0
      strict-transport-security:
      - max-age=31536000;includeSubDomains
      x-aspnet-version:
      - 4.0.30319
      x-content-type-options:
      - nosniff
      x-ms-keyvault-network-info:
      - addr=131.107.174.72;act_addr_fam=InterNetwork;
      x-ms-keyvault-region:
      - westus
      x-ms-keyvault-service-version:
      - 1.1.0.878
      x-powered-by:
      - ASP.NET
    status:
      code: 404
      message: Not Found
- request:
    body: null
    headers:
      Accept:
      - application/json
      Accept-Encoding:
      - gzip, deflate
      Connection:
      - keep-alive
      User-Agent:
      - azsdk-python-keyvault-secrets/4.0.0b4 Python/3.6.6 (Windows-10-10.0.18362-SP0)
    method: GET
    uri: https://vault1051159997c1310c67.vault.azure.net/deletedsecrets/secret5?api-version=7.0
  response:
    body:
      string: '{"error":{"code":"SecretNotFound","message":"Deleted Secret not found:
        secret5"}}'
    headers:
      cache-control:
      - no-cache
      content-length:
      - '81'
      content-type:
      - application/json; charset=utf-8
      date:
      - Mon, 16 Sep 2019 22:09:57 GMT
      expires:
      - '-1'
      pragma:
      - no-cache
      server:
      - Microsoft-IIS/10.0
      strict-transport-security:
      - max-age=31536000;includeSubDomains
      x-aspnet-version:
      - 4.0.30319
      x-content-type-options:
      - nosniff
      x-ms-keyvault-network-info:
      - addr=131.107.174.72;act_addr_fam=InterNetwork;
      x-ms-keyvault-region:
      - westus
      x-ms-keyvault-service-version:
      - 1.1.0.878
      x-powered-by:
      - ASP.NET
    status:
      code: 404
      message: Not Found
- request:
    body: null
    headers:
      Accept:
      - application/json
      Accept-Encoding:
      - gzip, deflate
      Connection:
      - keep-alive
      User-Agent:
      - azsdk-python-keyvault-secrets/4.0.0b4 Python/3.6.6 (Windows-10-10.0.18362-SP0)
    method: GET
    uri: https://vault1051159997c1310c67.vault.azure.net/deletedsecrets/secret6?api-version=7.0
  response:
    body:
      string: '{"error":{"code":"SecretNotFound","message":"Deleted Secret not found:
        secret6"}}'
    headers:
      cache-control:
      - no-cache
      content-length:
      - '81'
      content-type:
      - application/json; charset=utf-8
      date:
      - Mon, 16 Sep 2019 22:09:58 GMT
      expires:
      - '-1'
      pragma:
      - no-cache
      server:
      - Microsoft-IIS/10.0
      strict-transport-security:
      - max-age=31536000;includeSubDomains
      x-aspnet-version:
      - 4.0.30319
      x-content-type-options:
      - nosniff
      x-ms-keyvault-network-info:
      - addr=131.107.174.72;act_addr_fam=InterNetwork;
      x-ms-keyvault-region:
      - westus
      x-ms-keyvault-service-version:
      - 1.1.0.878
      x-powered-by:
      - ASP.NET
    status:
      code: 404
      message: Not Found
- request:
    body: null
    headers:
      Accept:
      - application/json
      Accept-Encoding:
      - gzip, deflate
      Connection:
      - keep-alive
      User-Agent:
      - azsdk-python-keyvault-secrets/4.0.0b4 Python/3.6.6 (Windows-10-10.0.18362-SP0)
    method: GET
    uri: https://vault1051159997c1310c67.vault.azure.net/deletedsecrets?api-version=7.0
  response:
    body:
      string: '{"value":[],"nextLink":null}'
    headers:
      cache-control:
      - no-cache
      content-length:
      - '28'
      content-type:
      - application/json; charset=utf-8
      date:
      - Mon, 16 Sep 2019 22:09:58 GMT
      expires:
      - '-1'
      pragma:
      - no-cache
      server:
      - Microsoft-IIS/10.0
      strict-transport-security:
      - max-age=31536000;includeSubDomains
      x-aspnet-version:
      - 4.0.30319
      x-content-type-options:
      - nosniff
      x-ms-keyvault-network-info:
      - addr=131.107.174.72;act_addr_fam=InterNetwork;
      x-ms-keyvault-region:
      - westus
      x-ms-keyvault-service-version:
      - 1.1.0.878
      x-powered-by:
      - ASP.NET
    status:
      code: 200
      message: OK
version: 1
