{
  "Entries": [
    {
      "RequestUri": "https://vaultname.vault.azure.net/secrets/livekvtestsecret066522eb5?api-version=7.2",
      "RequestMethod": "PUT",
      "RequestHeaders": {
        "Accept": "application/json",
        "Accept-Encoding": "gzip, deflate",
        "Connection": "keep-alive",
        "Content-Length": "0",
        "Content-Type": "application/json",
        "User-Agent": "azsdk-python-keyvault-secrets/4.4.0b4 Python/3.9.9 (Windows-10-10.0.22000-SP0)"
      },
      "RequestBody": null,
      "StatusCode": 401,
      "ResponseHeaders": {
        "Cache-Control": "no-cache",
        "Content-Length": "97",
        "Content-Type": "application/json; charset=utf-8",
        "Date": "Tue, 22 Mar 2022 14:36:35 GMT",
        "Expires": "-1",
        "Pragma": "no-cache",
        "Strict-Transport-Security": "max-age=31536000;includeSubDomains",
        "WWW-Authenticate": "Bearer authorization=\u0022https://login.windows.net/00000000-0000-0000-0000-000000000000\u0022, resource=\u0022https://vault.azure.net\u0022",
        "X-Content-Type-Options": "nosniff",
        "x-ms-keyvault-network-info": "conn_type=Ipv4;addr=73.232.137.144;act_addr_fam=InterNetwork;",
        "x-ms-keyvault-region": "westus2",
        "x-ms-keyvault-service-version": "1.9.331.5",
        "X-Powered-By": "ASP.NET"
      },
      "ResponseBody": {
        "error": {
          "code": "Unauthorized",
          "message": "AKV10000: Request is missing a Bearer or PoP token."
        }
      }
    },
    {
      "RequestUri": "https://login.microsoftonline.com/00000000-0000-0000-0000-000000000000/v2.0/.well-known/openid-configuration",
      "RequestMethod": "GET",
      "RequestHeaders": {
        "Accept": "*/*",
        "Accept-Encoding": "gzip, deflate",
        "Connection": "keep-alive",
        "User-Agent": "azsdk-python-identity/1.9.0b2 Python/3.9.9 (Windows-10-10.0.22000-SP0)"
      },
      "RequestBody": null,
      "StatusCode": 200,
      "ResponseHeaders": {
        "Access-Control-Allow-Methods": "GET, OPTIONS",
        "Access-Control-Allow-Origin": "*",
        "Cache-Control": "max-age=86400, private",
        "Content-Length": "1753",
        "Content-Type": "application/json; charset=utf-8",
        "Date": "Tue, 22 Mar 2022 14:36:35 GMT",
        "P3P": "CP=\u0022DSP CUR OTPi IND OTRi ONL FIN\u0022",
        "Set-Cookie": [
          "fpc=AqZXgDSxOxROiw446zFk2axEVPdwAQAAAMvVy9kOAAAA; expires=Thu, 21-Apr-2022 14:36:36 GMT; path=/; secure; HttpOnly; SameSite=None",
          "x-ms-gateway-slice=estsfd; path=/; secure; samesite=none; httponly",
          "stsservicecookie=estsfd; path=/; secure; samesite=none; httponly"
        ],
        "Strict-Transport-Security": "max-age=31536000; includeSubDomains",
        "X-Content-Type-Options": "nosniff",
        "x-ms-ests-server": "2.1.12559.10 - EUS ProdSlices"
      },
      "ResponseBody": {
        "token_endpoint": "https://login.microsoftonline.com/00000000-0000-0000-0000-000000000000/oauth2/v2.0/token",
        "token_endpoint_auth_methods_supported": [
          "client_secret_post",
          "private_key_jwt",
          "client_secret_basic"
        ],
        "jwks_uri": "https://login.microsoftonline.com/00000000-0000-0000-0000-000000000000/discovery/v2.0/keys",
        "response_modes_supported": [
          "query",
          "fragment",
          "form_post"
        ],
        "subject_types_supported": [
          "pairwise"
        ],
        "id_token_signing_alg_values_supported": [
          "RS256"
        ],
        "response_types_supported": [
          "code",
          "id_token",
          "code id_token",
          "id_token token"
        ],
        "scopes_supported": [
          "openid",
          "profile",
          "email",
          "offline_access"
        ],
        "issuer": "https://login.microsoftonline.com/00000000-0000-0000-0000-000000000000/v2.0",
        "request_uri_parameter_supported": false,
        "userinfo_endpoint": "https://graph.microsoft.com/oidc/userinfo",
        "authorization_endpoint": "https://login.microsoftonline.com/00000000-0000-0000-0000-000000000000/oauth2/v2.0/authorize",
        "device_authorization_endpoint": "https://login.microsoftonline.com/00000000-0000-0000-0000-000000000000/oauth2/v2.0/devicecode",
        "http_logout_supported": true,
        "frontchannel_logout_supported": true,
        "end_session_endpoint": "https://login.microsoftonline.com/00000000-0000-0000-0000-000000000000/oauth2/v2.0/logout",
        "claims_supported": [
          "sub",
          "iss",
          "cloud_instance_name",
          "cloud_instance_host_name",
          "cloud_graph_host_name",
          "msgraph_host",
          "aud",
          "exp",
          "iat",
          "auth_time",
          "acr",
          "nonce",
          "preferred_username",
          "name",
          "tid",
          "ver",
          "at_hash",
          "c_hash",
          "email"
        ],
        "kerberos_endpoint": "https://login.microsoftonline.com/00000000-0000-0000-0000-000000000000/kerberos",
        "tenant_region_scope": "WW",
        "cloud_instance_name": "microsoftonline.com",
        "cloud_graph_host_name": "graph.windows.net",
        "msgraph_host": "graph.microsoft.com",
        "rbac_url": "https://pas.windows.net"
      }
    },
    {
      "RequestUri": "https://login.microsoftonline.com/common/discovery/instance?api-version=1.1\u0026authorization_endpoint=https://login.microsoftonline.com/common/oauth2/authorize",
      "RequestMethod": "GET",
      "RequestHeaders": {
        "Accept": "application/json",
        "Accept-Encoding": "gzip, deflate",
        "Connection": "keep-alive",
        "Cookie": "fpc=AqZXgDSxOxROiw446zFk2axEVPdwAQAAAMvVy9kOAAAA; stsservicecookie=estsfd; x-ms-gateway-slice=estsfd",
        "User-Agent": "azsdk-python-identity/1.9.0b2 Python/3.9.9 (Windows-10-10.0.22000-SP0)"
      },
      "RequestBody": null,
      "StatusCode": 200,
      "ResponseHeaders": {
        "Access-Control-Allow-Methods": "GET, OPTIONS",
        "Access-Control-Allow-Origin": "*",
        "Cache-Control": "max-age=86400, private",
        "Content-Length": "945",
        "Content-Type": "application/json; charset=utf-8",
        "Date": "Tue, 22 Mar 2022 14:36:35 GMT",
        "P3P": "CP=\u0022DSP CUR OTPi IND OTRi ONL FIN\u0022",
        "Set-Cookie": [
          "fpc=AqZXgDSxOxROiw446zFk2axEVPdwAQAAAMvVy9kOAAAA; expires=Thu, 21-Apr-2022 14:36:36 GMT; path=/; secure; HttpOnly; SameSite=None",
          "x-ms-gateway-slice=estsfd; path=/; secure; samesite=none; httponly",
          "stsservicecookie=estsfd; path=/; secure; samesite=none; httponly"
        ],
        "Strict-Transport-Security": "max-age=31536000; includeSubDomains",
        "X-Content-Type-Options": "nosniff",
        "x-ms-ests-server": "2.1.12559.10 - SCUS ProdSlices"
      },
      "ResponseBody": {
        "tenant_discovery_endpoint": "https://login.microsoftonline.com/common/.well-known/openid-configuration",
        "api-version": "1.1",
        "metadata": [
          {
            "preferred_network": "login.microsoftonline.com",
            "preferred_cache": "login.windows.net",
            "aliases": [
              "login.microsoftonline.com",
              "login.windows.net",
              "login.microsoft.com",
              "sts.windows.net"
            ]
          },
          {
            "preferred_network": "login.partner.microsoftonline.cn",
            "preferred_cache": "login.partner.microsoftonline.cn",
            "aliases": [
              "login.partner.microsoftonline.cn",
              "login.chinacloudapi.cn"
            ]
          },
          {
            "preferred_network": "login.microsoftonline.de",
            "preferred_cache": "login.microsoftonline.de",
            "aliases": [
              "login.microsoftonline.de"
            ]
          },
          {
            "preferred_network": "login.microsoftonline.us",
            "preferred_cache": "login.microsoftonline.us",
            "aliases": [
              "login.microsoftonline.us",
              "login.usgovcloudapi.net"
            ]
          },
          {
            "preferred_network": "login-us.microsoftonline.com",
            "preferred_cache": "login-us.microsoftonline.com",
            "aliases": [
              "login-us.microsoftonline.com"
            ]
          }
        ]
      }
    },
    {
      "RequestUri": "https://vaultname.vault.azure.net/secrets/livekvtestsecret066522eb5?api-version=7.2",
      "RequestMethod": "PUT",
      "RequestHeaders": {
        "Accept": "application/json",
        "Accept-Encoding": "gzip, deflate",
        "Connection": "keep-alive",
        "Content-Length": "19",
        "Content-Type": "application/json",
        "User-Agent": "azsdk-python-keyvault-secrets/4.4.0b4 Python/3.9.9 (Windows-10-10.0.22000-SP0)"
      },
      "RequestBody": {
        "value": "value0"
      },
      "StatusCode": 200,
      "ResponseHeaders": {
        "Cache-Control": "no-cache",
        "Content-Length": "268",
        "Content-Type": "application/json; charset=utf-8",
        "Date": "Tue, 22 Mar 2022 14:36:35 GMT",
        "Expires": "-1",
        "Pragma": "no-cache",
        "Strict-Transport-Security": "max-age=31536000;includeSubDomains",
        "X-Content-Type-Options": "nosniff",
        "x-ms-keyvault-network-info": "conn_type=Ipv4;addr=73.232.137.144;act_addr_fam=InterNetwork;",
        "x-ms-keyvault-rbac-assignment-id": "5cc36b53-efe1-53a9-910b-08c8418541bf",
        "x-ms-keyvault-rbac-cache": "ra_age=743;da_age=2178;rd_age=2178;brd_age=8816;ra_notif_age=1029;dec_lev=1;",
        "x-ms-keyvault-region": "westus2",
        "x-ms-keyvault-service-version": "1.9.331.5",
        "X-Powered-By": "ASP.NET"
      },
      "ResponseBody": {
        "value": "value0",
        "id": "https://vaultname.vault.azure.net/secrets/livekvtestsecret066522eb5/6fc402c6735f4448a6ee47eccb74f0e7",
        "attributes": {
          "enabled": true,
          "created": 1647959796,
          "updated": 1647959796,
          "recoveryLevel": "CustomizedRecoverable\u002BPurgeable",
          "recoverableDays": 7
        }
      }
    },
    {
      "RequestUri": "https://vaultname.vault.azure.net/secrets/livekvtestsecret166522eb5?api-version=7.2",
      "RequestMethod": "PUT",
      "RequestHeaders": {
        "Accept": "application/json",
        "Accept-Encoding": "gzip, deflate",
        "Connection": "keep-alive",
        "Content-Length": "19",
        "Content-Type": "application/json",
        "User-Agent": "azsdk-python-keyvault-secrets/4.4.0b4 Python/3.9.9 (Windows-10-10.0.22000-SP0)"
      },
      "RequestBody": {
        "value": "value1"
      },
      "StatusCode": 200,
      "ResponseHeaders": {
        "Cache-Control": "no-cache",
        "Content-Length": "268",
        "Content-Type": "application/json; charset=utf-8",
        "Date": "Tue, 22 Mar 2022 14:36:35 GMT",
        "Expires": "-1",
        "Pragma": "no-cache",
        "Strict-Transport-Security": "max-age=31536000;includeSubDomains",
        "X-Content-Type-Options": "nosniff",
        "x-ms-keyvault-network-info": "conn_type=Ipv4;addr=73.232.137.144;act_addr_fam=InterNetwork;",
        "x-ms-keyvault-rbac-assignment-id": "5cc36b53-efe1-53a9-910b-08c8418541bf",
        "x-ms-keyvault-rbac-cache": "ra_age=743;da_age=2178;rd_age=2178;brd_age=8816;ra_notif_age=1029;dec_lev=1;",
        "x-ms-keyvault-region": "westus2",
        "x-ms-keyvault-service-version": "1.9.331.5",
        "X-Powered-By": "ASP.NET"
      },
      "ResponseBody": {
        "value": "value1",
        "id": "https://vaultname.vault.azure.net/secrets/livekvtestsecret166522eb5/31f1ba6d721d4fe6aa8673f0805909f2",
        "attributes": {
          "enabled": true,
          "created": 1647959796,
          "updated": 1647959796,
          "recoveryLevel": "CustomizedRecoverable\u002BPurgeable",
          "recoverableDays": 7
        }
      }
    },
    {
      "RequestUri": "https://vaultname.vault.azure.net/secrets/livekvtestsecret266522eb5?api-version=7.2",
      "RequestMethod": "PUT",
      "RequestHeaders": {
        "Accept": "application/json",
        "Accept-Encoding": "gzip, deflate",
        "Connection": "keep-alive",
        "Content-Length": "19",
        "Content-Type": "application/json",
        "User-Agent": "azsdk-python-keyvault-secrets/4.4.0b4 Python/3.9.9 (Windows-10-10.0.22000-SP0)"
      },
      "RequestBody": {
        "value": "value2"
      },
      "StatusCode": 200,
      "ResponseHeaders": {
        "Cache-Control": "no-cache",
        "Content-Length": "268",
        "Content-Type": "application/json; charset=utf-8",
        "Date": "Tue, 22 Mar 2022 14:36:35 GMT",
        "Expires": "-1",
        "Pragma": "no-cache",
        "Strict-Transport-Security": "max-age=31536000;includeSubDomains",
        "X-Content-Type-Options": "nosniff",
        "x-ms-keyvault-network-info": "conn_type=Ipv4;addr=73.232.137.144;act_addr_fam=InterNetwork;",
        "x-ms-keyvault-rbac-assignment-id": "5cc36b53-efe1-53a9-910b-08c8418541bf",
        "x-ms-keyvault-rbac-cache": "ra_age=743;da_age=2178;rd_age=2178;brd_age=8816;ra_notif_age=1030;dec_lev=1;",
        "x-ms-keyvault-region": "westus2",
        "x-ms-keyvault-service-version": "1.9.331.5",
        "X-Powered-By": "ASP.NET"
      },
      "ResponseBody": {
        "value": "value2",
        "id": "https://vaultname.vault.azure.net/secrets/livekvtestsecret266522eb5/7c46ce59ca414a41b02443f4f7239f83",
        "attributes": {
          "enabled": true,
          "created": 1647959796,
          "updated": 1647959796,
          "recoveryLevel": "CustomizedRecoverable\u002BPurgeable",
          "recoverableDays": 7
        }
      }
    },
    {
      "RequestUri": "https://vaultname.vault.azure.net/secrets/livekvtestsecret366522eb5?api-version=7.2",
      "RequestMethod": "PUT",
      "RequestHeaders": {
        "Accept": "application/json",
        "Accept-Encoding": "gzip, deflate",
        "Connection": "keep-alive",
        "Content-Length": "19",
        "Content-Type": "application/json",
        "User-Agent": "azsdk-python-keyvault-secrets/4.4.0b4 Python/3.9.9 (Windows-10-10.0.22000-SP0)"
      },
      "RequestBody": {
        "value": "value3"
      },
      "StatusCode": 200,
      "ResponseHeaders": {
        "Cache-Control": "no-cache",
        "Content-Length": "268",
        "Content-Type": "application/json; charset=utf-8",
        "Date": "Tue, 22 Mar 2022 14:36:35 GMT",
        "Expires": "-1",
        "Pragma": "no-cache",
        "Strict-Transport-Security": "max-age=31536000;includeSubDomains",
        "X-Content-Type-Options": "nosniff",
        "x-ms-keyvault-network-info": "conn_type=Ipv4;addr=73.232.137.144;act_addr_fam=InterNetwork;",
        "x-ms-keyvault-rbac-assignment-id": "5cc36b53-efe1-53a9-910b-08c8418541bf",
        "x-ms-keyvault-rbac-cache": "ra_age=744;da_age=2178;rd_age=2178;brd_age=8816;ra_notif_age=1030;dec_lev=1;",
        "x-ms-keyvault-region": "westus2",
        "x-ms-keyvault-service-version": "1.9.331.5",
        "X-Powered-By": "ASP.NET"
      },
      "ResponseBody": {
        "value": "value3",
        "id": "https://vaultname.vault.azure.net/secrets/livekvtestsecret366522eb5/92b49fd66a0d4e639805da852eb11411",
        "attributes": {
          "enabled": true,
          "created": 1647959796,
          "updated": 1647959796,
          "recoveryLevel": "CustomizedRecoverable\u002BPurgeable",
          "recoverableDays": 7
        }
      }
    },
    {
      "RequestUri": "https://vaultname.vault.azure.net/secrets/livekvtestsecret466522eb5?api-version=7.2",
      "RequestMethod": "PUT",
      "RequestHeaders": {
        "Accept": "application/json",
        "Accept-Encoding": "gzip, deflate",
        "Connection": "keep-alive",
        "Content-Length": "19",
        "Content-Type": "application/json",
        "User-Agent": "azsdk-python-keyvault-secrets/4.4.0b4 Python/3.9.9 (Windows-10-10.0.22000-SP0)"
      },
      "RequestBody": {
        "value": "value4"
      },
      "StatusCode": 200,
      "ResponseHeaders": {
        "Cache-Control": "no-cache",
        "Content-Length": "268",
        "Content-Type": "application/json; charset=utf-8",
        "Date": "Tue, 22 Mar 2022 14:36:36 GMT",
        "Expires": "-1",
        "Pragma": "no-cache",
        "Strict-Transport-Security": "max-age=31536000;includeSubDomains",
        "X-Content-Type-Options": "nosniff",
        "x-ms-keyvault-network-info": "conn_type=Ipv4;addr=73.232.137.144;act_addr_fam=InterNetwork;",
        "x-ms-keyvault-rbac-assignment-id": "5cc36b53-efe1-53a9-910b-08c8418541bf",
        "x-ms-keyvault-rbac-cache": "ra_age=744;da_age=2178;rd_age=2178;brd_age=8816;ra_notif_age=1030;dec_lev=1;",
        "x-ms-keyvault-region": "westus2",
        "x-ms-keyvault-service-version": "1.9.331.5",
        "X-Powered-By": "ASP.NET"
      },
      "ResponseBody": {
        "value": "value4",
        "id": "https://vaultname.vault.azure.net/secrets/livekvtestsecret466522eb5/100e07e12f6d4434927e2c55aa445ddb",
        "attributes": {
          "enabled": true,
          "created": 1647959796,
          "updated": 1647959796,
          "recoveryLevel": "CustomizedRecoverable\u002BPurgeable",
          "recoverableDays": 7
        }
      }
    },
    {
      "RequestUri": "https://vaultname.vault.azure.net/secrets/livekvtestsecret566522eb5?api-version=7.2",
      "RequestMethod": "PUT",
      "RequestHeaders": {
        "Accept": "application/json",
        "Accept-Encoding": "gzip, deflate",
        "Connection": "keep-alive",
        "Content-Length": "19",
        "Content-Type": "application/json",
        "User-Agent": "azsdk-python-keyvault-secrets/4.4.0b4 Python/3.9.9 (Windows-10-10.0.22000-SP0)"
      },
      "RequestBody": {
        "value": "value5"
      },
      "StatusCode": 200,
      "ResponseHeaders": {
        "Cache-Control": "no-cache",
        "Content-Length": "268",
        "Content-Type": "application/json; charset=utf-8",
        "Date": "Tue, 22 Mar 2022 14:36:36 GMT",
        "Expires": "-1",
        "Pragma": "no-cache",
        "Strict-Transport-Security": "max-age=31536000;includeSubDomains",
        "X-Content-Type-Options": "nosniff",
        "x-ms-keyvault-network-info": "conn_type=Ipv4;addr=73.232.137.144;act_addr_fam=InterNetwork;",
        "x-ms-keyvault-rbac-assignment-id": "5cc36b53-efe1-53a9-910b-08c8418541bf",
        "x-ms-keyvault-rbac-cache": "ra_age=744;da_age=2178;rd_age=2178;brd_age=8817;ra_notif_age=1030;dec_lev=1;",
        "x-ms-keyvault-region": "westus2",
        "x-ms-keyvault-service-version": "1.9.331.5",
        "X-Powered-By": "ASP.NET"
      },
      "ResponseBody": {
        "value": "value5",
        "id": "https://vaultname.vault.azure.net/secrets/livekvtestsecret566522eb5/1930bdbff1024df3be807aba0a54b18a",
        "attributes": {
          "enabled": true,
          "created": 1647959797,
          "updated": 1647959797,
          "recoveryLevel": "CustomizedRecoverable\u002BPurgeable",
          "recoverableDays": 7
        }
      }
    },
    {
      "RequestUri": "https://vaultname.vault.azure.net/secrets/livekvtestsecret666522eb5?api-version=7.2",
      "RequestMethod": "PUT",
      "RequestHeaders": {
        "Accept": "application/json",
        "Accept-Encoding": "gzip, deflate",
        "Connection": "keep-alive",
        "Content-Length": "19",
        "Content-Type": "application/json",
        "User-Agent": "azsdk-python-keyvault-secrets/4.4.0b4 Python/3.9.9 (Windows-10-10.0.22000-SP0)"
      },
      "RequestBody": {
        "value": "value6"
      },
      "StatusCode": 200,
      "ResponseHeaders": {
        "Cache-Control": "no-cache",
        "Content-Length": "268",
        "Content-Type": "application/json; charset=utf-8",
        "Date": "Tue, 22 Mar 2022 14:36:36 GMT",
        "Expires": "-1",
        "Pragma": "no-cache",
        "Strict-Transport-Security": "max-age=31536000;includeSubDomains",
        "X-Content-Type-Options": "nosniff",
        "x-ms-keyvault-network-info": "conn_type=Ipv4;addr=73.232.137.144;act_addr_fam=InterNetwork;",
        "x-ms-keyvault-rbac-assignment-id": "5cc36b53-efe1-53a9-910b-08c8418541bf",
        "x-ms-keyvault-rbac-cache": "ra_age=744;da_age=2179;rd_age=2179;brd_age=8817;ra_notif_age=1030;dec_lev=1;",
        "x-ms-keyvault-region": "westus2",
        "x-ms-keyvault-service-version": "1.9.331.5",
        "X-Powered-By": "ASP.NET"
      },
      "ResponseBody": {
        "value": "value6",
        "id": "https://vaultname.vault.azure.net/secrets/livekvtestsecret666522eb5/2cf079d535764c3c8ce0dde0166b8989",
        "attributes": {
          "enabled": true,
          "created": 1647959797,
          "updated": 1647959797,
          "recoveryLevel": "CustomizedRecoverable\u002BPurgeable",
          "recoverableDays": 7
        }
      }
    },
    {
      "RequestUri": "https://vaultname.vault.azure.net/secrets/livekvtestsecret066522eb5?api-version=7.2",
      "RequestMethod": "DELETE",
      "RequestHeaders": {
        "Accept": "application/json",
        "Accept-Encoding": "gzip, deflate",
        "Connection": "keep-alive",
        "Content-Length": "0",
        "User-Agent": "azsdk-python-keyvault-secrets/4.4.0b4 Python/3.9.9 (Windows-10-10.0.22000-SP0)"
      },
      "RequestBody": null,
      "StatusCode": 200,
      "ResponseHeaders": {
        "Cache-Control": "no-cache",
        "Content-Length": "398",
        "Content-Type": "application/json; charset=utf-8",
        "Date": "Tue, 22 Mar 2022 14:36:36 GMT",
        "Expires": "-1",
        "Pragma": "no-cache",
        "Strict-Transport-Security": "max-age=31536000;includeSubDomains",
        "X-Content-Type-Options": "nosniff",
        "x-ms-keyvault-network-info": "conn_type=Ipv4;addr=73.232.137.144;act_addr_fam=InterNetwork;",
        "x-ms-keyvault-rbac-assignment-id": "5cc36b53-efe1-53a9-910b-08c8418541bf",
        "x-ms-keyvault-rbac-cache": "ra_age=744;da_age=2179;rd_age=2179;brd_age=8817;ra_notif_age=1030;dec_lev=1;",
        "x-ms-keyvault-region": "westus2",
        "x-ms-keyvault-service-version": "1.9.331.5",
        "X-Powered-By": "ASP.NET"
      },
      "ResponseBody": {
        "recoveryId": "https://vaultname.vault.azure.net/deletedsecrets/livekvtestsecret066522eb5",
        "deletedDate": 1647959797,
        "scheduledPurgeDate": 1648564597,
        "id": "https://vaultname.vault.azure.net/secrets/livekvtestsecret066522eb5/6fc402c6735f4448a6ee47eccb74f0e7",
        "attributes": {
          "enabled": true,
          "created": 1647959796,
          "updated": 1647959796,
          "recoveryLevel": "CustomizedRecoverable\u002BPurgeable",
          "recoverableDays": 7
        }
      }
    },
    {
      "RequestUri": "https://vaultname.vault.azure.net/deletedsecrets/livekvtestsecret066522eb5?api-version=7.2",
      "RequestMethod": "GET",
      "RequestHeaders": {
        "Accept": "application/json",
        "Accept-Encoding": "gzip, deflate",
        "Connection": "keep-alive",
        "User-Agent": "azsdk-python-keyvault-secrets/4.4.0b4 Python/3.9.9 (Windows-10-10.0.22000-SP0)"
      },
      "RequestBody": null,
      "StatusCode": 404,
      "ResponseHeaders": {
        "Cache-Control": "no-cache",
        "Content-Length": "99",
        "Content-Type": "application/json; charset=utf-8",
        "Date": "Tue, 22 Mar 2022 14:36:36 GMT",
        "Expires": "-1",
        "Pragma": "no-cache",
        "Strict-Transport-Security": "max-age=31536000;includeSubDomains",
        "X-Content-Type-Options": "nosniff",
        "x-ms-keyvault-network-info": "conn_type=Ipv4;addr=73.232.137.144;act_addr_fam=InterNetwork;",
        "x-ms-keyvault-rbac-assignment-id": "5cc36b53-efe1-53a9-910b-08c8418541bf",
        "x-ms-keyvault-rbac-cache": "ra_age=744;da_age=2179;rd_age=2179;brd_age=8817;ra_notif_age=1030;dec_lev=1;",
        "x-ms-keyvault-region": "westus2",
        "x-ms-keyvault-service-version": "1.9.331.5",
        "X-Powered-By": "ASP.NET"
      },
      "ResponseBody": {
        "error": {
          "code": "SecretNotFound",
          "message": "Deleted Secret not found: livekvtestsecret066522eb5"
        }
      }
    },
    {
      "RequestUri": "https://vaultname.vault.azure.net/deletedsecrets/livekvtestsecret066522eb5?api-version=7.2",
      "RequestMethod": "GET",
      "RequestHeaders": {
        "Accept": "application/json",
        "Accept-Encoding": "gzip, deflate",
        "Connection": "keep-alive",
        "User-Agent": "azsdk-python-keyvault-secrets/4.4.0b4 Python/3.9.9 (Windows-10-10.0.22000-SP0)"
      },
      "RequestBody": null,
      "StatusCode": 404,
      "ResponseHeaders": {
        "Cache-Control": "no-cache",
        "Content-Length": "99",
        "Content-Type": "application/json; charset=utf-8",
        "Date": "Tue, 22 Mar 2022 14:36:38 GMT",
        "Expires": "-1",
        "Pragma": "no-cache",
        "Strict-Transport-Security": "max-age=31536000;includeSubDomains",
        "X-Content-Type-Options": "nosniff",
        "x-ms-keyvault-network-info": "conn_type=Ipv4;addr=73.232.137.144;act_addr_fam=InterNetwork;",
        "x-ms-keyvault-rbac-assignment-id": "5cc36b53-efe1-53a9-910b-08c8418541bf",
        "x-ms-keyvault-rbac-cache": "ra_age=746;da_age=2181;rd_age=2181;brd_age=8819;ra_notif_age=1033;dec_lev=0;",
        "x-ms-keyvault-region": "westus2",
        "x-ms-keyvault-service-version": "1.9.331.5",
        "X-Powered-By": "ASP.NET"
      },
      "ResponseBody": {
        "error": {
          "code": "SecretNotFound",
          "message": "Deleted Secret not found: livekvtestsecret066522eb5"
        }
      }
    },
    {
      "RequestUri": "https://vaultname.vault.azure.net/deletedsecrets/livekvtestsecret066522eb5?api-version=7.2",
      "RequestMethod": "GET",
      "RequestHeaders": {
        "Accept": "application/json",
        "Accept-Encoding": "gzip, deflate",
        "Connection": "keep-alive",
        "User-Agent": "azsdk-python-keyvault-secrets/4.4.0b4 Python/3.9.9 (Windows-10-10.0.22000-SP0)"
      },
      "RequestBody": null,
      "StatusCode": 200,
      "ResponseHeaders": {
        "Cache-Control": "no-cache",
        "Content-Length": "398",
        "Content-Type": "application/json; charset=utf-8",
        "Date": "Tue, 22 Mar 2022 14:36:41 GMT",
        "Expires": "-1",
        "Pragma": "no-cache",
        "Strict-Transport-Security": "max-age=31536000;includeSubDomains",
        "X-Content-Type-Options": "nosniff",
        "x-ms-keyvault-network-info": "conn_type=Ipv4;addr=73.232.137.144;act_addr_fam=InterNetwork;",
        "x-ms-keyvault-rbac-assignment-id": "5cc36b53-efe1-53a9-910b-08c8418541bf",
        "x-ms-keyvault-rbac-cache": "ra_age=749;da_age=2183;rd_age=2183;brd_age=8821;ra_notif_age=1035;dec_lev=0;",
        "x-ms-keyvault-region": "westus2",
        "x-ms-keyvault-service-version": "1.9.331.5",
        "X-Powered-By": "ASP.NET"
      },
      "ResponseBody": {
        "recoveryId": "https://vaultname.vault.azure.net/deletedsecrets/livekvtestsecret066522eb5",
        "deletedDate": 1647959797,
        "scheduledPurgeDate": 1648564597,
        "id": "https://vaultname.vault.azure.net/secrets/livekvtestsecret066522eb5/6fc402c6735f4448a6ee47eccb74f0e7",
        "attributes": {
          "enabled": true,
          "created": 1647959796,
          "updated": 1647959796,
          "recoveryLevel": "CustomizedRecoverable\u002BPurgeable",
          "recoverableDays": 7
        }
      }
    },
    {
      "RequestUri": "https://vaultname.vault.azure.net/secrets/livekvtestsecret166522eb5?api-version=7.2",
      "RequestMethod": "DELETE",
      "RequestHeaders": {
        "Accept": "application/json",
        "Accept-Encoding": "gzip, deflate",
        "Connection": "keep-alive",
        "Content-Length": "0",
        "User-Agent": "azsdk-python-keyvault-secrets/4.4.0b4 Python/3.9.9 (Windows-10-10.0.22000-SP0)"
      },
      "RequestBody": null,
      "StatusCode": 200,
      "ResponseHeaders": {
        "Cache-Control": "no-cache",
        "Content-Length": "398",
        "Content-Type": "application/json; charset=utf-8",
        "Date": "Tue, 22 Mar 2022 14:36:41 GMT",
        "Expires": "-1",
        "Pragma": "no-cache",
        "Strict-Transport-Security": "max-age=31536000;includeSubDomains",
        "X-Content-Type-Options": "nosniff",
        "x-ms-keyvault-network-info": "conn_type=Ipv4;addr=73.232.137.144;act_addr_fam=InterNetwork;",
        "x-ms-keyvault-rbac-assignment-id": "5cc36b53-efe1-53a9-910b-08c8418541bf",
        "x-ms-keyvault-rbac-cache": "ra_age=749;da_age=2183;rd_age=2183;brd_age=8821;ra_notif_age=1035;dec_lev=1;",
        "x-ms-keyvault-region": "westus2",
        "x-ms-keyvault-service-version": "1.9.331.5",
        "X-Powered-By": "ASP.NET"
      },
      "ResponseBody": {
        "recoveryId": "https://vaultname.vault.azure.net/deletedsecrets/livekvtestsecret166522eb5",
        "deletedDate": 1647959801,
        "scheduledPurgeDate": 1648564601,
        "id": "https://vaultname.vault.azure.net/secrets/livekvtestsecret166522eb5/31f1ba6d721d4fe6aa8673f0805909f2",
        "attributes": {
          "enabled": true,
          "created": 1647959796,
          "updated": 1647959796,
          "recoveryLevel": "CustomizedRecoverable\u002BPurgeable",
          "recoverableDays": 7
        }
      }
    },
    {
      "RequestUri": "https://vaultname.vault.azure.net/deletedsecrets/livekvtestsecret166522eb5?api-version=7.2",
      "RequestMethod": "GET",
      "RequestHeaders": {
        "Accept": "application/json",
        "Accept-Encoding": "gzip, deflate",
        "Connection": "keep-alive",
        "User-Agent": "azsdk-python-keyvault-secrets/4.4.0b4 Python/3.9.9 (Windows-10-10.0.22000-SP0)"
      },
      "RequestBody": null,
      "StatusCode": 404,
      "ResponseHeaders": {
        "Cache-Control": "no-cache",
        "Content-Length": "99",
        "Content-Type": "application/json; charset=utf-8",
        "Date": "Tue, 22 Mar 2022 14:36:41 GMT",
        "Expires": "-1",
        "Pragma": "no-cache",
        "Strict-Transport-Security": "max-age=31536000;includeSubDomains",
        "X-Content-Type-Options": "nosniff",
        "x-ms-keyvault-network-info": "conn_type=Ipv4;addr=73.232.137.144;act_addr_fam=InterNetwork;",
        "x-ms-keyvault-rbac-assignment-id": "5cc36b53-efe1-53a9-910b-08c8418541bf",
        "x-ms-keyvault-rbac-cache": "ra_age=749;da_age=2183;rd_age=2183;brd_age=8822;ra_notif_age=1035;dec_lev=1;",
        "x-ms-keyvault-region": "westus2",
        "x-ms-keyvault-service-version": "1.9.331.5",
        "X-Powered-By": "ASP.NET"
      },
      "ResponseBody": {
        "error": {
          "code": "SecretNotFound",
          "message": "Deleted Secret not found: livekvtestsecret166522eb5"
        }
      }
    },
    {
      "RequestUri": "https://vaultname.vault.azure.net/deletedsecrets/livekvtestsecret166522eb5?api-version=7.2",
      "RequestMethod": "GET",
      "RequestHeaders": {
        "Accept": "application/json",
        "Accept-Encoding": "gzip, deflate",
        "Connection": "keep-alive",
        "User-Agent": "azsdk-python-keyvault-secrets/4.4.0b4 Python/3.9.9 (Windows-10-10.0.22000-SP0)"
      },
      "RequestBody": null,
      "StatusCode": 200,
      "ResponseHeaders": {
        "Cache-Control": "no-cache",
        "Content-Length": "398",
        "Content-Type": "application/json; charset=utf-8",
        "Date": "Tue, 22 Mar 2022 14:36:44 GMT",
        "Expires": "-1",
        "Pragma": "no-cache",
        "Strict-Transport-Security": "max-age=31536000;includeSubDomains",
        "X-Content-Type-Options": "nosniff",
        "x-ms-keyvault-network-info": "conn_type=Ipv4;addr=73.232.137.144;act_addr_fam=InterNetwork;",
        "x-ms-keyvault-rbac-assignment-id": "5cc36b53-efe1-53a9-910b-08c8418541bf",
        "x-ms-keyvault-rbac-cache": "ra_age=751;da_age=2185;rd_age=2185;brd_age=8824;ra_notif_age=1037;dec_lev=0;",
        "x-ms-keyvault-region": "westus2",
        "x-ms-keyvault-service-version": "1.9.331.5",
        "X-Powered-By": "ASP.NET"
      },
      "ResponseBody": {
        "recoveryId": "https://vaultname.vault.azure.net/deletedsecrets/livekvtestsecret166522eb5",
        "deletedDate": 1647959801,
        "scheduledPurgeDate": 1648564601,
        "id": "https://vaultname.vault.azure.net/secrets/livekvtestsecret166522eb5/31f1ba6d721d4fe6aa8673f0805909f2",
        "attributes": {
          "enabled": true,
          "created": 1647959796,
          "updated": 1647959796,
          "recoveryLevel": "CustomizedRecoverable\u002BPurgeable",
          "recoverableDays": 7
        }
      }
    },
    {
      "RequestUri": "https://vaultname.vault.azure.net/secrets/livekvtestsecret266522eb5?api-version=7.2",
      "RequestMethod": "DELETE",
      "RequestHeaders": {
        "Accept": "application/json",
        "Accept-Encoding": "gzip, deflate",
        "Connection": "keep-alive",
        "Content-Length": "0",
        "User-Agent": "azsdk-python-keyvault-secrets/4.4.0b4 Python/3.9.9 (Windows-10-10.0.22000-SP0)"
      },
      "RequestBody": null,
      "StatusCode": 200,
      "ResponseHeaders": {
        "Cache-Control": "no-cache",
        "Content-Length": "398",
        "Content-Type": "application/json; charset=utf-8",
        "Date": "Tue, 22 Mar 2022 14:36:44 GMT",
        "Expires": "-1",
        "Pragma": "no-cache",
        "Strict-Transport-Security": "max-age=31536000;includeSubDomains",
        "X-Content-Type-Options": "nosniff",
        "x-ms-keyvault-network-info": "conn_type=Ipv4;addr=73.232.137.144;act_addr_fam=InterNetwork;",
        "x-ms-keyvault-rbac-assignment-id": "5cc36b53-efe1-53a9-910b-08c8418541bf",
        "x-ms-keyvault-rbac-cache": "ra_age=751;da_age=2186;rd_age=2186;brd_age=8824;ra_notif_age=1037;dec_lev=1;",
        "x-ms-keyvault-region": "westus2",
        "x-ms-keyvault-service-version": "1.9.331.5",
        "X-Powered-By": "ASP.NET"
      },
      "ResponseBody": {
        "recoveryId": "https://vaultname.vault.azure.net/deletedsecrets/livekvtestsecret266522eb5",
        "deletedDate": 1647959804,
        "scheduledPurgeDate": 1648564604,
        "id": "https://vaultname.vault.azure.net/secrets/livekvtestsecret266522eb5/7c46ce59ca414a41b02443f4f7239f83",
        "attributes": {
          "enabled": true,
          "created": 1647959796,
          "updated": 1647959796,
          "recoveryLevel": "CustomizedRecoverable\u002BPurgeable",
          "recoverableDays": 7
        }
      }
    },
    {
      "RequestUri": "https://vaultname.vault.azure.net/deletedsecrets/livekvtestsecret266522eb5?api-version=7.2",
      "RequestMethod": "GET",
      "RequestHeaders": {
        "Accept": "application/json",
        "Accept-Encoding": "gzip, deflate",
        "Connection": "keep-alive",
        "User-Agent": "azsdk-python-keyvault-secrets/4.4.0b4 Python/3.9.9 (Windows-10-10.0.22000-SP0)"
      },
      "RequestBody": null,
      "StatusCode": 404,
      "ResponseHeaders": {
        "Cache-Control": "no-cache",
        "Content-Length": "99",
        "Content-Type": "application/json; charset=utf-8",
        "Date": "Tue, 22 Mar 2022 14:36:44 GMT",
        "Expires": "-1",
        "Pragma": "no-cache",
        "Strict-Transport-Security": "max-age=31536000;includeSubDomains",
        "X-Content-Type-Options": "nosniff",
        "x-ms-keyvault-network-info": "conn_type=Ipv4;addr=73.232.137.144;act_addr_fam=InterNetwork;",
        "x-ms-keyvault-rbac-assignment-id": "5cc36b53-efe1-53a9-910b-08c8418541bf",
        "x-ms-keyvault-rbac-cache": "ra_age=751;da_age=2186;rd_age=2186;brd_age=8824;ra_notif_age=1037;dec_lev=1;",
        "x-ms-keyvault-region": "westus2",
        "x-ms-keyvault-service-version": "1.9.331.5",
        "X-Powered-By": "ASP.NET"
      },
      "ResponseBody": {
        "error": {
          "code": "SecretNotFound",
          "message": "Deleted Secret not found: livekvtestsecret266522eb5"
        }
      }
    },
    {
      "RequestUri": "https://vaultname.vault.azure.net/deletedsecrets/livekvtestsecret266522eb5?api-version=7.2",
      "RequestMethod": "GET",
      "RequestHeaders": {
        "Accept": "application/json",
        "Accept-Encoding": "gzip, deflate",
        "Connection": "keep-alive",
        "User-Agent": "azsdk-python-keyvault-secrets/4.4.0b4 Python/3.9.9 (Windows-10-10.0.22000-SP0)"
      },
      "RequestBody": null,
      "StatusCode": 404,
      "ResponseHeaders": {
        "Cache-Control": "no-cache",
        "Content-Length": "99",
        "Content-Type": "application/json; charset=utf-8",
        "Date": "Tue, 22 Mar 2022 14:36:46 GMT",
        "Expires": "-1",
        "Pragma": "no-cache",
        "Strict-Transport-Security": "max-age=31536000;includeSubDomains",
        "X-Content-Type-Options": "nosniff",
        "x-ms-keyvault-network-info": "conn_type=Ipv4;addr=73.232.137.144;act_addr_fam=InterNetwork;",
        "x-ms-keyvault-rbac-assignment-id": "5cc36b53-efe1-53a9-910b-08c8418541bf",
        "x-ms-keyvault-rbac-cache": "ra_age=753;da_age=2188;rd_age=2188;brd_age=8826;ra_notif_age=1039;dec_lev=0;",
        "x-ms-keyvault-region": "westus2",
        "x-ms-keyvault-service-version": "1.9.331.5",
        "X-Powered-By": "ASP.NET"
      },
      "ResponseBody": {
        "error": {
          "code": "SecretNotFound",
          "message": "Deleted Secret not found: livekvtestsecret266522eb5"
        }
      }
    },
    {
      "RequestUri": "https://vaultname.vault.azure.net/deletedsecrets/livekvtestsecret266522eb5?api-version=7.2",
      "RequestMethod": "GET",
      "RequestHeaders": {
        "Accept": "application/json",
        "Accept-Encoding": "gzip, deflate",
        "Connection": "keep-alive",
        "User-Agent": "azsdk-python-keyvault-secrets/4.4.0b4 Python/3.9.9 (Windows-10-10.0.22000-SP0)"
      },
      "RequestBody": null,
      "StatusCode": 200,
      "ResponseHeaders": {
        "Cache-Control": "no-cache",
        "Content-Length": "398",
        "Content-Type": "application/json; charset=utf-8",
        "Date": "Tue, 22 Mar 2022 14:36:48 GMT",
        "Expires": "-1",
        "Pragma": "no-cache",
        "Strict-Transport-Security": "max-age=31536000;includeSubDomains",
        "X-Content-Type-Options": "nosniff",
        "x-ms-keyvault-network-info": "conn_type=Ipv4;addr=73.232.137.144;act_addr_fam=InterNetwork;",
        "x-ms-keyvault-rbac-assignment-id": "5cc36b53-efe1-53a9-910b-08c8418541bf",
        "x-ms-keyvault-rbac-cache": "ra_age=755;da_age=2190;rd_age=2190;brd_age=8828;ra_notif_age=1041;dec_lev=0;",
        "x-ms-keyvault-region": "westus2",
        "x-ms-keyvault-service-version": "1.9.331.5",
        "X-Powered-By": "ASP.NET"
      },
      "ResponseBody": {
        "recoveryId": "https://vaultname.vault.azure.net/deletedsecrets/livekvtestsecret266522eb5",
        "deletedDate": 1647959804,
        "scheduledPurgeDate": 1648564604,
        "id": "https://vaultname.vault.azure.net/secrets/livekvtestsecret266522eb5/7c46ce59ca414a41b02443f4f7239f83",
        "attributes": {
          "enabled": true,
          "created": 1647959796,
          "updated": 1647959796,
          "recoveryLevel": "CustomizedRecoverable\u002BPurgeable",
          "recoverableDays": 7
        }
      }
    },
    {
      "RequestUri": "https://vaultname.vault.azure.net/secrets/livekvtestsecret366522eb5?api-version=7.2",
      "RequestMethod": "DELETE",
      "RequestHeaders": {
        "Accept": "application/json",
        "Accept-Encoding": "gzip, deflate",
        "Connection": "keep-alive",
        "Content-Length": "0",
        "User-Agent": "azsdk-python-keyvault-secrets/4.4.0b4 Python/3.9.9 (Windows-10-10.0.22000-SP0)"
      },
      "RequestBody": null,
      "StatusCode": 200,
      "ResponseHeaders": {
        "Cache-Control": "no-cache",
        "Content-Length": "398",
        "Content-Type": "application/json; charset=utf-8",
        "Date": "Tue, 22 Mar 2022 14:36:48 GMT",
        "Expires": "-1",
        "Pragma": "no-cache",
        "Strict-Transport-Security": "max-age=31536000;includeSubDomains",
        "X-Content-Type-Options": "nosniff",
        "x-ms-keyvault-network-info": "conn_type=Ipv4;addr=73.232.137.144;act_addr_fam=InterNetwork;",
        "x-ms-keyvault-rbac-assignment-id": "5cc36b53-efe1-53a9-910b-08c8418541bf",
        "x-ms-keyvault-rbac-cache": "ra_age=756;da_age=2190;rd_age=2190;brd_age=8828;ra_notif_age=1042;dec_lev=1;",
        "x-ms-keyvault-region": "westus2",
        "x-ms-keyvault-service-version": "1.9.331.5",
        "X-Powered-By": "ASP.NET"
      },
      "ResponseBody": {
        "recoveryId": "https://vaultname.vault.azure.net/deletedsecrets/livekvtestsecret366522eb5",
        "deletedDate": 1647959808,
        "scheduledPurgeDate": 1648564608,
        "id": "https://vaultname.vault.azure.net/secrets/livekvtestsecret366522eb5/92b49fd66a0d4e639805da852eb11411",
        "attributes": {
          "enabled": true,
          "created": 1647959796,
          "updated": 1647959796,
          "recoveryLevel": "CustomizedRecoverable\u002BPurgeable",
          "recoverableDays": 7
        }
      }
    },
    {
      "RequestUri": "https://vaultname.vault.azure.net/deletedsecrets/livekvtestsecret366522eb5?api-version=7.2",
      "RequestMethod": "GET",
      "RequestHeaders": {
        "Accept": "application/json",
        "Accept-Encoding": "gzip, deflate",
        "Connection": "keep-alive",
        "User-Agent": "azsdk-python-keyvault-secrets/4.4.0b4 Python/3.9.9 (Windows-10-10.0.22000-SP0)"
      },
      "RequestBody": null,
      "StatusCode": 404,
      "ResponseHeaders": {
        "Cache-Control": "no-cache",
        "Content-Length": "99",
        "Content-Type": "application/json; charset=utf-8",
        "Date": "Tue, 22 Mar 2022 14:36:48 GMT",
        "Expires": "-1",
        "Pragma": "no-cache",
        "Strict-Transport-Security": "max-age=31536000;includeSubDomains",
        "X-Content-Type-Options": "nosniff",
        "x-ms-keyvault-network-info": "conn_type=Ipv4;addr=73.232.137.144;act_addr_fam=InterNetwork;",
        "x-ms-keyvault-rbac-assignment-id": "5cc36b53-efe1-53a9-910b-08c8418541bf",
        "x-ms-keyvault-rbac-cache": "ra_age=756;da_age=2190;rd_age=2190;brd_age=8828;ra_notif_age=1042;dec_lev=1;",
        "x-ms-keyvault-region": "westus2",
        "x-ms-keyvault-service-version": "1.9.331.5",
        "X-Powered-By": "ASP.NET"
      },
      "ResponseBody": {
        "error": {
          "code": "SecretNotFound",
          "message": "Deleted Secret not found: livekvtestsecret366522eb5"
        }
      }
    },
    {
      "RequestUri": "https://vaultname.vault.azure.net/deletedsecrets/livekvtestsecret366522eb5?api-version=7.2",
      "RequestMethod": "GET",
      "RequestHeaders": {
        "Accept": "application/json",
        "Accept-Encoding": "gzip, deflate",
        "Connection": "keep-alive",
        "User-Agent": "azsdk-python-keyvault-secrets/4.4.0b4 Python/3.9.9 (Windows-10-10.0.22000-SP0)"
      },
      "RequestBody": null,
      "StatusCode": 404,
      "ResponseHeaders": {
        "Cache-Control": "no-cache",
        "Content-Length": "99",
        "Content-Type": "application/json; charset=utf-8",
        "Date": "Tue, 22 Mar 2022 14:36:50 GMT",
        "Expires": "-1",
        "Pragma": "no-cache",
        "Strict-Transport-Security": "max-age=31536000;includeSubDomains",
        "X-Content-Type-Options": "nosniff",
        "x-ms-keyvault-network-info": "conn_type=Ipv4;addr=73.232.137.144;act_addr_fam=InterNetwork;",
        "x-ms-keyvault-rbac-assignment-id": "5cc36b53-efe1-53a9-910b-08c8418541bf",
        "x-ms-keyvault-rbac-cache": "ra_age=758;da_age=2192;rd_age=2192;brd_age=8830;ra_notif_age=1044;dec_lev=0;",
        "x-ms-keyvault-region": "westus2",
        "x-ms-keyvault-service-version": "1.9.331.5",
        "X-Powered-By": "ASP.NET"
      },
      "ResponseBody": {
        "error": {
          "code": "SecretNotFound",
          "message": "Deleted Secret not found: livekvtestsecret366522eb5"
        }
      }
    },
    {
      "RequestUri": "https://vaultname.vault.azure.net/deletedsecrets/livekvtestsecret366522eb5?api-version=7.2",
      "RequestMethod": "GET",
      "RequestHeaders": {
        "Accept": "application/json",
        "Accept-Encoding": "gzip, deflate",
        "Connection": "keep-alive",
        "User-Agent": "azsdk-python-keyvault-secrets/4.4.0b4 Python/3.9.9 (Windows-10-10.0.22000-SP0)"
      },
      "RequestBody": null,
      "StatusCode": 200,
      "ResponseHeaders": {
        "Cache-Control": "no-cache",
        "Content-Length": "398",
        "Content-Type": "application/json; charset=utf-8",
        "Date": "Tue, 22 Mar 2022 14:36:52 GMT",
        "Expires": "-1",
        "Pragma": "no-cache",
        "Strict-Transport-Security": "max-age=31536000;includeSubDomains",
        "X-Content-Type-Options": "nosniff",
        "x-ms-keyvault-network-info": "conn_type=Ipv4;addr=73.232.137.144;act_addr_fam=InterNetwork;",
        "x-ms-keyvault-rbac-assignment-id": "5cc36b53-efe1-53a9-910b-08c8418541bf",
        "x-ms-keyvault-rbac-cache": "ra_age=760;da_age=2194;rd_age=2194;brd_age=8833;ra_notif_age=1046;dec_lev=0;",
        "x-ms-keyvault-region": "westus2",
        "x-ms-keyvault-service-version": "1.9.331.5",
        "X-Powered-By": "ASP.NET"
      },
      "ResponseBody": {
        "recoveryId": "https://vaultname.vault.azure.net/deletedsecrets/livekvtestsecret366522eb5",
        "deletedDate": 1647959808,
        "scheduledPurgeDate": 1648564608,
        "id": "https://vaultname.vault.azure.net/secrets/livekvtestsecret366522eb5/92b49fd66a0d4e639805da852eb11411",
        "attributes": {
          "enabled": true,
          "created": 1647959796,
          "updated": 1647959796,
          "recoveryLevel": "CustomizedRecoverable\u002BPurgeable",
          "recoverableDays": 7
        }
      }
    },
    {
      "RequestUri": "https://vaultname.vault.azure.net/secrets/livekvtestsecret466522eb5?api-version=7.2",
      "RequestMethod": "DELETE",
      "RequestHeaders": {
        "Accept": "application/json",
        "Accept-Encoding": "gzip, deflate",
        "Connection": "keep-alive",
        "Content-Length": "0",
        "User-Agent": "azsdk-python-keyvault-secrets/4.4.0b4 Python/3.9.9 (Windows-10-10.0.22000-SP0)"
      },
      "RequestBody": null,
      "StatusCode": 200,
      "ResponseHeaders": {
        "Cache-Control": "no-cache",
        "Content-Length": "398",
        "Content-Type": "application/json; charset=utf-8",
        "Date": "Tue, 22 Mar 2022 14:36:52 GMT",
        "Expires": "-1",
        "Pragma": "no-cache",
        "Strict-Transport-Security": "max-age=31536000;includeSubDomains",
        "X-Content-Type-Options": "nosniff",
        "x-ms-keyvault-network-info": "conn_type=Ipv4;addr=73.232.137.144;act_addr_fam=InterNetwork;",
        "x-ms-keyvault-rbac-assignment-id": "5cc36b53-efe1-53a9-910b-08c8418541bf",
        "x-ms-keyvault-rbac-cache": "ra_age=760;da_age=2194;rd_age=2194;brd_age=8833;ra_notif_age=1046;dec_lev=1;",
        "x-ms-keyvault-region": "westus2",
        "x-ms-keyvault-service-version": "1.9.331.5",
        "X-Powered-By": "ASP.NET"
      },
      "ResponseBody": {
        "recoveryId": "https://vaultname.vault.azure.net/deletedsecrets/livekvtestsecret466522eb5",
        "deletedDate": 1647959813,
        "scheduledPurgeDate": 1648564613,
        "id": "https://vaultname.vault.azure.net/secrets/livekvtestsecret466522eb5/100e07e12f6d4434927e2c55aa445ddb",
        "attributes": {
          "enabled": true,
          "created": 1647959796,
          "updated": 1647959796,
          "recoveryLevel": "CustomizedRecoverable\u002BPurgeable",
          "recoverableDays": 7
        }
      }
    },
    {
      "RequestUri": "https://vaultname.vault.azure.net/deletedsecrets/livekvtestsecret466522eb5?api-version=7.2",
      "RequestMethod": "GET",
      "RequestHeaders": {
        "Accept": "application/json",
        "Accept-Encoding": "gzip, deflate",
        "Connection": "keep-alive",
        "User-Agent": "azsdk-python-keyvault-secrets/4.4.0b4 Python/3.9.9 (Windows-10-10.0.22000-SP0)"
      },
      "RequestBody": null,
      "StatusCode": 404,
      "ResponseHeaders": {
        "Cache-Control": "no-cache",
        "Content-Length": "99",
        "Content-Type": "application/json; charset=utf-8",
        "Date": "Tue, 22 Mar 2022 14:36:52 GMT",
        "Expires": "-1",
        "Pragma": "no-cache",
        "Strict-Transport-Security": "max-age=31536000;includeSubDomains",
        "X-Content-Type-Options": "nosniff",
        "x-ms-keyvault-network-info": "conn_type=Ipv4;addr=73.232.137.144;act_addr_fam=InterNetwork;",
        "x-ms-keyvault-rbac-assignment-id": "5cc36b53-efe1-53a9-910b-08c8418541bf",
        "x-ms-keyvault-rbac-cache": "ra_age=760;da_age=2195;rd_age=2195;brd_age=8833;ra_notif_age=1046;dec_lev=1;",
        "x-ms-keyvault-region": "westus2",
        "x-ms-keyvault-service-version": "1.9.331.5",
        "X-Powered-By": "ASP.NET"
      },
      "ResponseBody": {
        "error": {
          "code": "SecretNotFound",
          "message": "Deleted Secret not found: livekvtestsecret466522eb5"
        }
      }
    },
    {
      "RequestUri": "https://vaultname.vault.azure.net/deletedsecrets/livekvtestsecret466522eb5?api-version=7.2",
      "RequestMethod": "GET",
      "RequestHeaders": {
        "Accept": "application/json",
        "Accept-Encoding": "gzip, deflate",
        "Connection": "keep-alive",
        "User-Agent": "azsdk-python-keyvault-secrets/4.4.0b4 Python/3.9.9 (Windows-10-10.0.22000-SP0)"
      },
      "RequestBody": null,
      "StatusCode": 404,
      "ResponseHeaders": {
        "Cache-Control": "no-cache",
        "Content-Length": "99",
        "Content-Type": "application/json; charset=utf-8",
        "Date": "Tue, 22 Mar 2022 14:36:54 GMT",
        "Expires": "-1",
        "Pragma": "no-cache",
        "Strict-Transport-Security": "max-age=31536000;includeSubDomains",
        "X-Content-Type-Options": "nosniff",
        "x-ms-keyvault-network-info": "conn_type=Ipv4;addr=73.232.137.144;act_addr_fam=InterNetwork;",
        "x-ms-keyvault-rbac-assignment-id": "5cc36b53-efe1-53a9-910b-08c8418541bf",
        "x-ms-keyvault-rbac-cache": "ra_age=762;da_age=2197;rd_age=2197;brd_age=8835;ra_notif_age=1048;dec_lev=0;",
        "x-ms-keyvault-region": "westus2",
        "x-ms-keyvault-service-version": "1.9.331.5",
        "X-Powered-By": "ASP.NET"
      },
      "ResponseBody": {
        "error": {
          "code": "SecretNotFound",
          "message": "Deleted Secret not found: livekvtestsecret466522eb5"
        }
      }
    },
    {
      "RequestUri": "https://vaultname.vault.azure.net/deletedsecrets/livekvtestsecret466522eb5?api-version=7.2",
      "RequestMethod": "GET",
      "RequestHeaders": {
        "Accept": "application/json",
        "Accept-Encoding": "gzip, deflate",
        "Connection": "keep-alive",
        "User-Agent": "azsdk-python-keyvault-secrets/4.4.0b4 Python/3.9.9 (Windows-10-10.0.22000-SP0)"
      },
      "RequestBody": null,
      "StatusCode": 200,
      "ResponseHeaders": {
        "Cache-Control": "no-cache",
        "Content-Length": "398",
        "Content-Type": "application/json; charset=utf-8",
        "Date": "Tue, 22 Mar 2022 14:36:57 GMT",
        "Expires": "-1",
        "Pragma": "no-cache",
        "Strict-Transport-Security": "max-age=31536000;includeSubDomains",
        "X-Content-Type-Options": "nosniff",
        "x-ms-keyvault-network-info": "conn_type=Ipv4;addr=73.232.137.144;act_addr_fam=InterNetwork;",
        "x-ms-keyvault-rbac-assignment-id": "5cc36b53-efe1-53a9-910b-08c8418541bf",
        "x-ms-keyvault-rbac-cache": "ra_age=764;da_age=2199;rd_age=2199;brd_age=8837;ra_notif_age=1050;dec_lev=0;",
        "x-ms-keyvault-region": "westus2",
        "x-ms-keyvault-service-version": "1.9.331.5",
        "X-Powered-By": "ASP.NET"
      },
      "ResponseBody": {
        "recoveryId": "https://vaultname.vault.azure.net/deletedsecrets/livekvtestsecret466522eb5",
        "deletedDate": 1647959813,
        "scheduledPurgeDate": 1648564613,
        "id": "https://vaultname.vault.azure.net/secrets/livekvtestsecret466522eb5/100e07e12f6d4434927e2c55aa445ddb",
        "attributes": {
          "enabled": true,
          "created": 1647959796,
          "updated": 1647959796,
          "recoveryLevel": "CustomizedRecoverable\u002BPurgeable",
          "recoverableDays": 7
        }
      }
    },
    {
      "RequestUri": "https://vaultname.vault.azure.net/secrets/livekvtestsecret566522eb5?api-version=7.2",
      "RequestMethod": "DELETE",
      "RequestHeaders": {
        "Accept": "application/json",
        "Accept-Encoding": "gzip, deflate",
        "Connection": "keep-alive",
        "Content-Length": "0",
        "User-Agent": "azsdk-python-keyvault-secrets/4.4.0b4 Python/3.9.9 (Windows-10-10.0.22000-SP0)"
      },
      "RequestBody": null,
      "StatusCode": 200,
      "ResponseHeaders": {
        "Cache-Control": "no-cache",
        "Content-Length": "398",
        "Content-Type": "application/json; charset=utf-8",
        "Date": "Tue, 22 Mar 2022 14:36:57 GMT",
        "Expires": "-1",
        "Pragma": "no-cache",
        "Strict-Transport-Security": "max-age=31536000;includeSubDomains",
        "X-Content-Type-Options": "nosniff",
        "x-ms-keyvault-network-info": "conn_type=Ipv4;addr=73.232.137.144;act_addr_fam=InterNetwork;",
        "x-ms-keyvault-rbac-assignment-id": "5cc36b53-efe1-53a9-910b-08c8418541bf",
        "x-ms-keyvault-rbac-cache": "ra_age=765;da_age=2199;rd_age=2199;brd_age=8837;ra_notif_age=1051;dec_lev=1;",
        "x-ms-keyvault-region": "westus2",
        "x-ms-keyvault-service-version": "1.9.331.5",
        "X-Powered-By": "ASP.NET"
      },
      "ResponseBody": {
        "recoveryId": "https://vaultname.vault.azure.net/deletedsecrets/livekvtestsecret566522eb5",
        "deletedDate": 1647959817,
        "scheduledPurgeDate": 1648564617,
        "id": "https://vaultname.vault.azure.net/secrets/livekvtestsecret566522eb5/1930bdbff1024df3be807aba0a54b18a",
        "attributes": {
          "enabled": true,
          "created": 1647959797,
          "updated": 1647959797,
          "recoveryLevel": "CustomizedRecoverable\u002BPurgeable",
          "recoverableDays": 7
        }
      }
    },
    {
      "RequestUri": "https://vaultname.vault.azure.net/deletedsecrets/livekvtestsecret566522eb5?api-version=7.2",
      "RequestMethod": "GET",
      "RequestHeaders": {
        "Accept": "application/json",
        "Accept-Encoding": "gzip, deflate",
        "Connection": "keep-alive",
        "User-Agent": "azsdk-python-keyvault-secrets/4.4.0b4 Python/3.9.9 (Windows-10-10.0.22000-SP0)"
      },
      "RequestBody": null,
      "StatusCode": 404,
      "ResponseHeaders": {
        "Cache-Control": "no-cache",
        "Content-Length": "99",
        "Content-Type": "application/json; charset=utf-8",
        "Date": "Tue, 22 Mar 2022 14:36:57 GMT",
        "Expires": "-1",
        "Pragma": "no-cache",
        "Strict-Transport-Security": "max-age=31536000;includeSubDomains",
        "X-Content-Type-Options": "nosniff",
        "x-ms-keyvault-network-info": "conn_type=Ipv4;addr=73.232.137.144;act_addr_fam=InterNetwork;",
        "x-ms-keyvault-rbac-assignment-id": "5cc36b53-efe1-53a9-910b-08c8418541bf",
        "x-ms-keyvault-rbac-cache": "ra_age=765;da_age=2199;rd_age=2199;brd_age=8837;ra_notif_age=1051;dec_lev=1;",
        "x-ms-keyvault-region": "westus2",
        "x-ms-keyvault-service-version": "1.9.331.5",
        "X-Powered-By": "ASP.NET"
      },
      "ResponseBody": {
        "error": {
          "code": "SecretNotFound",
          "message": "Deleted Secret not found: livekvtestsecret566522eb5"
        }
      }
    },
    {
      "RequestUri": "https://vaultname.vault.azure.net/deletedsecrets/livekvtestsecret566522eb5?api-version=7.2",
      "RequestMethod": "GET",
      "RequestHeaders": {
        "Accept": "application/json",
        "Accept-Encoding": "gzip, deflate",
        "Connection": "keep-alive",
        "User-Agent": "azsdk-python-keyvault-secrets/4.4.0b4 Python/3.9.9 (Windows-10-10.0.22000-SP0)"
      },
      "RequestBody": null,
      "StatusCode": 404,
      "ResponseHeaders": {
        "Cache-Control": "no-cache",
        "Content-Length": "99",
        "Content-Type": "application/json; charset=utf-8",
        "Date": "Tue, 22 Mar 2022 14:36:59 GMT",
        "Expires": "-1",
        "Pragma": "no-cache",
        "Strict-Transport-Security": "max-age=31536000;includeSubDomains",
        "X-Content-Type-Options": "nosniff",
        "x-ms-keyvault-network-info": "conn_type=Ipv4;addr=73.232.137.144;act_addr_fam=InterNetwork;",
        "x-ms-keyvault-rbac-assignment-id": "5cc36b53-efe1-53a9-910b-08c8418541bf",
        "x-ms-keyvault-rbac-cache": "ra_age=767;da_age=2201;rd_age=2201;brd_age=8839;ra_notif_age=1053;dec_lev=0;",
        "x-ms-keyvault-region": "westus2",
        "x-ms-keyvault-service-version": "1.9.331.5",
        "X-Powered-By": "ASP.NET"
      },
      "ResponseBody": {
        "error": {
          "code": "SecretNotFound",
          "message": "Deleted Secret not found: livekvtestsecret566522eb5"
        }
      }
    },
    {
      "RequestUri": "https://vaultname.vault.azure.net/deletedsecrets/livekvtestsecret566522eb5?api-version=7.2",
      "RequestMethod": "GET",
      "RequestHeaders": {
        "Accept": "application/json",
        "Accept-Encoding": "gzip, deflate",
        "Connection": "keep-alive",
        "User-Agent": "azsdk-python-keyvault-secrets/4.4.0b4 Python/3.9.9 (Windows-10-10.0.22000-SP0)"
      },
      "RequestBody": null,
      "StatusCode": 404,
      "ResponseHeaders": {
        "Cache-Control": "no-cache",
        "Content-Length": "99",
        "Content-Type": "application/json; charset=utf-8",
        "Date": "Tue, 22 Mar 2022 14:37:01 GMT",
        "Expires": "-1",
        "Pragma": "no-cache",
        "Strict-Transport-Security": "max-age=31536000;includeSubDomains",
        "X-Content-Type-Options": "nosniff",
        "x-ms-keyvault-network-info": "conn_type=Ipv4;addr=73.232.137.144;act_addr_fam=InterNetwork;",
        "x-ms-keyvault-rbac-assignment-id": "5cc36b53-efe1-53a9-910b-08c8418541bf",
        "x-ms-keyvault-rbac-cache": "ra_age=769;da_age=2203;rd_age=2203;brd_age=8842;ra_notif_age=1055;dec_lev=0;",
        "x-ms-keyvault-region": "westus2",
        "x-ms-keyvault-service-version": "1.9.331.5",
        "X-Powered-By": "ASP.NET"
      },
      "ResponseBody": {
        "error": {
          "code": "SecretNotFound",
          "message": "Deleted Secret not found: livekvtestsecret566522eb5"
        }
      }
    },
    {
      "RequestUri": "https://vaultname.vault.azure.net/deletedsecrets/livekvtestsecret566522eb5?api-version=7.2",
      "RequestMethod": "GET",
      "RequestHeaders": {
        "Accept": "application/json",
        "Accept-Encoding": "gzip, deflate",
        "Connection": "keep-alive",
        "User-Agent": "azsdk-python-keyvault-secrets/4.4.0b4 Python/3.9.9 (Windows-10-10.0.22000-SP0)"
      },
      "RequestBody": null,
      "StatusCode": 200,
      "ResponseHeaders": {
        "Cache-Control": "no-cache",
        "Content-Length": "398",
        "Content-Type": "application/json; charset=utf-8",
        "Date": "Tue, 22 Mar 2022 14:37:03 GMT",
        "Expires": "-1",
        "Pragma": "no-cache",
        "Strict-Transport-Security": "max-age=31536000;includeSubDomains",
        "X-Content-Type-Options": "nosniff",
        "x-ms-keyvault-network-info": "conn_type=Ipv4;addr=73.232.137.144;act_addr_fam=InterNetwork;",
        "x-ms-keyvault-rbac-assignment-id": "5cc36b53-efe1-53a9-910b-08c8418541bf",
        "x-ms-keyvault-rbac-cache": "ra_age=771;da_age=2205;rd_age=2205;brd_age=8844;ra_notif_age=1057;dec_lev=0;",
        "x-ms-keyvault-region": "westus2",
        "x-ms-keyvault-service-version": "1.9.331.5",
        "X-Powered-By": "ASP.NET"
      },
      "ResponseBody": {
        "recoveryId": "https://vaultname.vault.azure.net/deletedsecrets/livekvtestsecret566522eb5",
        "deletedDate": 1647959817,
        "scheduledPurgeDate": 1648564617,
        "id": "https://vaultname.vault.azure.net/secrets/livekvtestsecret566522eb5/1930bdbff1024df3be807aba0a54b18a",
        "attributes": {
          "enabled": true,
          "created": 1647959797,
          "updated": 1647959797,
          "recoveryLevel": "CustomizedRecoverable\u002BPurgeable",
          "recoverableDays": 7
        }
      }
    },
    {
      "RequestUri": "https://vaultname.vault.azure.net/secrets/livekvtestsecret666522eb5?api-version=7.2",
      "RequestMethod": "DELETE",
      "RequestHeaders": {
        "Accept": "application/json",
        "Accept-Encoding": "gzip, deflate",
        "Connection": "keep-alive",
        "Content-Length": "0",
        "User-Agent": "azsdk-python-keyvault-secrets/4.4.0b4 Python/3.9.9 (Windows-10-10.0.22000-SP0)"
      },
      "RequestBody": null,
      "StatusCode": 200,
      "ResponseHeaders": {
        "Cache-Control": "no-cache",
        "Content-Length": "398",
        "Content-Type": "application/json; charset=utf-8",
        "Date": "Tue, 22 Mar 2022 14:37:03 GMT",
        "Expires": "-1",
        "Pragma": "no-cache",
        "Strict-Transport-Security": "max-age=31536000;includeSubDomains",
        "X-Content-Type-Options": "nosniff",
        "x-ms-keyvault-network-info": "conn_type=Ipv4;addr=73.232.137.144;act_addr_fam=InterNetwork;",
        "x-ms-keyvault-rbac-assignment-id": "5cc36b53-efe1-53a9-910b-08c8418541bf",
        "x-ms-keyvault-rbac-cache": "ra_age=771;da_age=2206;rd_age=2206;brd_age=8844;ra_notif_age=1057;dec_lev=1;",
        "x-ms-keyvault-region": "westus2",
        "x-ms-keyvault-service-version": "1.9.331.5",
        "X-Powered-By": "ASP.NET"
      },
      "ResponseBody": {
        "recoveryId": "https://vaultname.vault.azure.net/deletedsecrets/livekvtestsecret666522eb5",
        "deletedDate": 1647959824,
        "scheduledPurgeDate": 1648564624,
        "id": "https://vaultname.vault.azure.net/secrets/livekvtestsecret666522eb5/2cf079d535764c3c8ce0dde0166b8989",
        "attributes": {
          "enabled": true,
          "created": 1647959797,
          "updated": 1647959797,
          "recoveryLevel": "CustomizedRecoverable\u002BPurgeable",
          "recoverableDays": 7
        }
      }
    },
    {
      "RequestUri": "https://vaultname.vault.azure.net/deletedsecrets/livekvtestsecret666522eb5?api-version=7.2",
      "RequestMethod": "GET",
      "RequestHeaders": {
        "Accept": "application/json",
        "Accept-Encoding": "gzip, deflate",
        "Connection": "keep-alive",
        "User-Agent": "azsdk-python-keyvault-secrets/4.4.0b4 Python/3.9.9 (Windows-10-10.0.22000-SP0)"
      },
      "RequestBody": null,
      "StatusCode": 404,
      "ResponseHeaders": {
        "Cache-Control": "no-cache",
        "Content-Length": "99",
        "Content-Type": "application/json; charset=utf-8",
        "Date": "Tue, 22 Mar 2022 14:37:03 GMT",
        "Expires": "-1",
        "Pragma": "no-cache",
        "Strict-Transport-Security": "max-age=31536000;includeSubDomains",
        "X-Content-Type-Options": "nosniff",
        "x-ms-keyvault-network-info": "conn_type=Ipv4;addr=73.232.137.144;act_addr_fam=InterNetwork;",
        "x-ms-keyvault-rbac-assignment-id": "5cc36b53-efe1-53a9-910b-08c8418541bf",
        "x-ms-keyvault-rbac-cache": "ra_age=771;da_age=2206;rd_age=2206;brd_age=8844;ra_notif_age=1057;dec_lev=1;",
        "x-ms-keyvault-region": "westus2",
        "x-ms-keyvault-service-version": "1.9.331.5",
        "X-Powered-By": "ASP.NET"
      },
      "ResponseBody": {
        "error": {
          "code": "SecretNotFound",
          "message": "Deleted Secret not found: livekvtestsecret666522eb5"
        }
      }
    },
    {
      "RequestUri": "https://vaultname.vault.azure.net/deletedsecrets/livekvtestsecret666522eb5?api-version=7.2",
      "RequestMethod": "GET",
      "RequestHeaders": {
        "Accept": "application/json",
        "Accept-Encoding": "gzip, deflate",
        "Connection": "keep-alive",
        "User-Agent": "azsdk-python-keyvault-secrets/4.4.0b4 Python/3.9.9 (Windows-10-10.0.22000-SP0)"
      },
      "RequestBody": null,
      "StatusCode": 404,
      "ResponseHeaders": {
        "Cache-Control": "no-cache",
        "Content-Length": "99",
        "Content-Type": "application/json; charset=utf-8",
        "Date": "Tue, 22 Mar 2022 14:37:05 GMT",
        "Expires": "-1",
        "Pragma": "no-cache",
        "Strict-Transport-Security": "max-age=31536000;includeSubDomains",
        "X-Content-Type-Options": "nosniff",
        "x-ms-keyvault-network-info": "conn_type=Ipv4;addr=73.232.137.144;act_addr_fam=InterNetwork;",
        "x-ms-keyvault-rbac-assignment-id": "5cc36b53-efe1-53a9-910b-08c8418541bf",
        "x-ms-keyvault-rbac-cache": "ra_age=773;da_age=2208;rd_age=2208;brd_age=8846;ra_notif_age=1059;dec_lev=0;",
        "x-ms-keyvault-region": "westus2",
        "x-ms-keyvault-service-version": "1.9.331.5",
        "X-Powered-By": "ASP.NET"
      },
      "ResponseBody": {
        "error": {
          "code": "SecretNotFound",
          "message": "Deleted Secret not found: livekvtestsecret666522eb5"
        }
      }
    },
    {
      "RequestUri": "https://vaultname.vault.azure.net/deletedsecrets/livekvtestsecret666522eb5?api-version=7.2",
      "RequestMethod": "GET",
      "RequestHeaders": {
        "Accept": "application/json",
        "Accept-Encoding": "gzip, deflate",
        "Connection": "keep-alive",
        "User-Agent": "azsdk-python-keyvault-secrets/4.4.0b4 Python/3.9.9 (Windows-10-10.0.22000-SP0)"
      },
      "RequestBody": null,
      "StatusCode": 200,
      "ResponseHeaders": {
        "Cache-Control": "no-cache",
        "Content-Length": "398",
        "Content-Type": "application/json; charset=utf-8",
        "Date": "Tue, 22 Mar 2022 14:37:07 GMT",
        "Expires": "-1",
        "Pragma": "no-cache",
        "Strict-Transport-Security": "max-age=31536000;includeSubDomains",
        "X-Content-Type-Options": "nosniff",
        "x-ms-keyvault-network-info": "conn_type=Ipv4;addr=73.232.137.144;act_addr_fam=InterNetwork;",
        "x-ms-keyvault-rbac-assignment-id": "5cc36b53-efe1-53a9-910b-08c8418541bf",
        "x-ms-keyvault-rbac-cache": "ra_age=776;da_age=2210;rd_age=2210;brd_age=8848;ra_notif_age=1062;dec_lev=0;",
        "x-ms-keyvault-region": "westus2",
        "x-ms-keyvault-service-version": "1.9.331.5",
        "X-Powered-By": "ASP.NET"
      },
      "ResponseBody": {
        "recoveryId": "https://vaultname.vault.azure.net/deletedsecrets/livekvtestsecret666522eb5",
        "deletedDate": 1647959824,
        "scheduledPurgeDate": 1648564624,
        "id": "https://vaultname.vault.azure.net/secrets/livekvtestsecret666522eb5/2cf079d535764c3c8ce0dde0166b8989",
        "attributes": {
          "enabled": true,
          "created": 1647959797,
          "updated": 1647959797,
          "recoveryLevel": "CustomizedRecoverable\u002BPurgeable",
          "recoverableDays": 7
        }
      }
    },
    {
      "RequestUri": "https://vaultname.vault.azure.net/deletedsecrets?api-version=7.2",
      "RequestMethod": "GET",
      "RequestHeaders": {
        "Accept": "application/json",
        "Accept-Encoding": "gzip, deflate",
        "Connection": "keep-alive",
        "User-Agent": "azsdk-python-keyvault-secrets/4.4.0b4 Python/3.9.9 (Windows-10-10.0.22000-SP0)"
      },
      "RequestBody": null,
      "StatusCode": 200,
      "ResponseHeaders": {
        "Cache-Control": "no-cache",
        "Content-Length": "2678",
        "Content-Type": "application/json; charset=utf-8",
        "Date": "Tue, 22 Mar 2022 14:37:08 GMT",
        "Expires": "-1",
        "Pragma": "no-cache",
        "Strict-Transport-Security": "max-age=31536000;includeSubDomains",
        "X-Content-Type-Options": "nosniff",
        "x-ms-keyvault-network-info": "conn_type=Ipv4;addr=73.232.137.144;act_addr_fam=InterNetwork;",
        "x-ms-keyvault-rbac-assignment-id": "5cc36b53-efe1-53a9-910b-08c8418541bf",
        "x-ms-keyvault-rbac-cache": "ra_age=776;da_age=2210;rd_age=2210;brd_age=8848;ra_notif_age=1062;dec_lev=0;",
        "x-ms-keyvault-region": "westus2",
        "x-ms-keyvault-service-version": "1.9.331.5",
        "X-Powered-By": "ASP.NET"
      },
      "ResponseBody": {
        "value": [
          {
            "recoveryId": "https://vaultname.vault.azure.net/deletedsecrets/livekvtestcrud-secret162f30ef",
            "deletedDate": 1647959385,
            "scheduledPurgeDate": 1648564185,
            "contentType": "text/plain",
            "id": "https://vaultname.vault.azure.net/secrets/livekvtestcrud-secret162f30ef",
            "attributes": {
              "enabled": false,
              "nbf": 1422864000,
              "exp": 2524723200,
              "created": 1647959383,
              "updated": 1647959385,
              "recoveryLevel": "CustomizedRecoverable\u002BPurgeable",
              "recoverableDays": 7
            },
            "tags": {
              "foo": "updated tag"
            }
          },
          {
            "recoveryId": "https://vaultname.vault.azure.net/deletedsecrets/livekvtestcrud-secret5ac332d1",
            "deletedDate": 1647959375,
            "scheduledPurgeDate": 1648564175,
            "contentType": "text/plain",
            "id": "https://vaultname.vault.azure.net/secrets/livekvtestcrud-secret5ac332d1",
            "attributes": {
              "enabled": false,
              "nbf": 1422864000,
              "exp": 2524723200,
              "created": 1647959373,
              "updated": 1647959374,
              "recoveryLevel": "CustomizedRecoverable\u002BPurgeable",
              "recoverableDays": 7
            },
            "tags": {
              "foo": "updated tag"
            }
          },
          {
            "recoveryId": "https://vaultname.vault.azure.net/deletedsecrets/livekvtestcrud-secretc9e12f9f",
            "deletedDate": 1647959382,
            "scheduledPurgeDate": 1648564182,
            "contentType": "text/plain",
            "id": "https://vaultname.vault.azure.net/secrets/livekvtestcrud-secretc9e12f9f",
            "attributes": {
              "enabled": false,
              "nbf": 1422864000,
              "exp": 2524723200,
              "created": 1647959381,
              "updated": 1647959382,
              "recoveryLevel": "CustomizedRecoverable\u002BPurgeable",
              "recoverableDays": 7
            },
            "tags": {
              "foo": "updated tag"
            }
          },
          {
            "recoveryId": "https://vaultname.vault.azure.net/deletedsecrets/livekvtestcrud-secretc9ea2fa0",
            "deletedDate": 1647959380,
            "scheduledPurgeDate": 1648564180,
            "contentType": "text/plain",
            "id": "https://vaultname.vault.azure.net/secrets/livekvtestcrud-secretc9ea2fa0",
            "attributes": {
              "enabled": false,
              "nbf": 1422864000,
              "exp": 2524723200,
              "created": 1647959378,
              "updated": 1647959380,
              "recoveryLevel": "CustomizedRecoverable\u002BPurgeable",
              "recoverableDays": 7
            },
            "tags": {
              "foo": "updated tag"
            }
          },
          {
            "recoveryId": "https://vaultname.vault.azure.net/deletedsecrets/livekvtestcrud-secretc9f32fa1",
            "deletedDate": 1647959377,
            "scheduledPurgeDate": 1648564177,
            "contentType": "text/plain",
            "id": "https://vaultname.vault.azure.net/secrets/livekvtestcrud-secretc9f32fa1",
            "attributes": {
              "enabled": false,
              "nbf": 1422864000,
              "exp": 2524723200,
              "created": 1647959375,
              "updated": 1647959377,
              "recoveryLevel": "CustomizedRecoverable\u002BPurgeable",
              "recoverableDays": 7
            },
            "tags": {
              "foo": "updated tag"
            }
          }
        ],
        "nextLink": "https://vaultname.vault.azure.net:443/deletedsecrets?api-version=7.2\u0026$skiptoken=eyJOZXh0TWFya2VyIjoiMiExNDQhTURBd01EWXlJWE5sWTNKbGRDOU1TVlpGUzFaVVJWTlVVMFZETVVNek9EUXlRakJDTDBOR1F6YzNSamt5T0RCQk5EUXlNVFJDTjBFeVJVVkZNVGhHUVVJMVJVRTBJVEF3TURBeU9DRTVPVGs1TFRFeUxUTXhWREl6T2pVNU9qVTVMams1T1RrNU9UbGFJUS0tIiwiVGFyZ2V0TG9jYXRpb24iOjB9"
      }
    },
    {
      "RequestUri": "https://vaultname.vault.azure.net/deletedsecrets?api-version=7.2\u0026$skiptoken=eyJOZXh0TWFya2VyIjoiMiExNDQhTURBd01EWXlJWE5sWTNKbGRDOU1TVlpGUzFaVVJWTlVVMFZETVVNek9EUXlRakJDTDBOR1F6YzNSamt5T0RCQk5EUXlNVFJDTjBFeVJVVkZNVGhHUVVJMVJVRTBJVEF3TURBeU9DRTVPVGs1TFRFeUxUTXhWREl6T2pVNU9qVTVMams1T1RrNU9UbGFJUS0tIiwiVGFyZ2V0TG9jYXRpb24iOjB9",
      "RequestMethod": "GET",
      "RequestHeaders": {
        "Accept": "application/json",
        "Accept-Encoding": "gzip, deflate",
        "Connection": "keep-alive",
        "User-Agent": "azsdk-python-keyvault-secrets/4.4.0b4 Python/3.9.9 (Windows-10-10.0.22000-SP0)"
      },
      "RequestBody": null,
      "StatusCode": 200,
      "ResponseHeaders": {
        "Cache-Control": "no-cache",
        "Content-Length": "296",
        "Content-Type": "application/json; charset=utf-8",
        "Date": "Tue, 22 Mar 2022 14:37:08 GMT",
        "Expires": "-1",
        "Pragma": "no-cache",
        "Strict-Transport-Security": "max-age=31536000;includeSubDomains",
        "X-Content-Type-Options": "nosniff",
        "x-ms-keyvault-network-info": "conn_type=Ipv4;addr=73.232.137.144;act_addr_fam=InterNetwork;",
        "x-ms-keyvault-rbac-assignment-id": "5cc36b53-efe1-53a9-910b-08c8418541bf",
        "x-ms-keyvault-rbac-cache": "ra_age=776;da_age=2210;rd_age=2210;brd_age=8849;ra_notif_age=1062;dec_lev=0;",
        "x-ms-keyvault-region": "westus2",
        "x-ms-keyvault-service-version": "1.9.331.5",
        "X-Powered-By": "ASP.NET"
      },
      "ResponseBody": {
        "value": [],
        "nextLink": "https://vaultname.vault.azure.net:443/deletedsecrets?api-version=7.2\u0026$skiptoken=eyJOZXh0TWFya2VyIjoiMiExMDAhTURBd01ESTVJWE5sWTNKbGRDOU1TVlpGUzFaVVJWTlVVMFZETkRKR1FqVXlSVE5ESVRBd01EQXlPQ0U1T1RrNUxURXlMVE14VkRJek9qVTVPalU1TGprNU9UazVPVGxhSVEtLSIsIlRhcmdldExvY2F0aW9uIjowfQ"
      }
    },
    {
      "RequestUri": "https://vaultname.vault.azure.net/deletedsecrets?api-version=7.2\u0026$skiptoken=eyJOZXh0TWFya2VyIjoiMiExMDAhTURBd01ESTVJWE5sWTNKbGRDOU1TVlpGUzFaVVJWTlVVMFZETkRKR1FqVXlSVE5ESVRBd01EQXlPQ0U1T1RrNUxURXlMVE14VkRJek9qVTVPalU1TGprNU9UazVPVGxhSVEtLSIsIlRhcmdldExvY2F0aW9uIjowfQ",
      "RequestMethod": "GET",
      "RequestHeaders": {
        "Accept": "application/json",
        "Accept-Encoding": "gzip, deflate",
        "Connection": "keep-alive",
        "User-Agent": "azsdk-python-keyvault-secrets/4.4.0b4 Python/3.9.9 (Windows-10-10.0.22000-SP0)"
      },
      "RequestBody": null,
      "StatusCode": 200,
      "ResponseHeaders": {
        "Cache-Control": "no-cache",
        "Content-Length": "354",
        "Content-Type": "application/json; charset=utf-8",
        "Date": "Tue, 22 Mar 2022 14:37:08 GMT",
        "Expires": "-1",
        "Pragma": "no-cache",
        "Strict-Transport-Security": "max-age=31536000;includeSubDomains",
        "X-Content-Type-Options": "nosniff",
        "x-ms-keyvault-network-info": "conn_type=Ipv4;addr=73.232.137.144;act_addr_fam=InterNetwork;",
        "x-ms-keyvault-rbac-assignment-id": "5cc36b53-efe1-53a9-910b-08c8418541bf",
        "x-ms-keyvault-rbac-cache": "ra_age=776;da_age=2210;rd_age=2210;brd_age=8849;ra_notif_age=1062;dec_lev=0;",
        "x-ms-keyvault-region": "westus2",
        "x-ms-keyvault-service-version": "1.9.331.5",
        "X-Powered-By": "ASP.NET"
      },
      "ResponseBody": {
        "value": [],
        "nextLink": "https://vaultname.vault.azure.net:443/deletedsecrets?api-version=7.2\u0026$skiptoken=eyJOZXh0TWFya2VyIjoiMiExNDQhTURBd01EWXlJWE5sWTNKbGRDOU1TVlpGUzFaVVJWTlVVMFZETmtNek9EUXlRakJDTHpjelJERTNOVFpHUmtReU9UUXhRelk0TTBRek5qbEROa1l3UlRZek1ERTVJVEF3TURBeU9DRTVPVGs1TFRFeUxUTXhWREl6T2pVNU9qVTVMams1T1RrNU9UbGFJUS0tIiwiVGFyZ2V0TG9jYXRpb24iOjB9"
      }
    },
    {
      "RequestUri": "https://vaultname.vault.azure.net/deletedsecrets?api-version=7.2\u0026$skiptoken=eyJOZXh0TWFya2VyIjoiMiExNDQhTURBd01EWXlJWE5sWTNKbGRDOU1TVlpGUzFaVVJWTlVVMFZETmtNek9EUXlRakJDTHpjelJERTNOVFpHUmtReU9UUXhRelk0TTBRek5qbEROa1l3UlRZek1ERTVJVEF3TURBeU9DRTVPVGs1TFRFeUxUTXhWREl6T2pVNU9qVTVMams1T1RrNU9UbGFJUS0tIiwiVGFyZ2V0TG9jYXRpb24iOjB9",
      "RequestMethod": "GET",
      "RequestHeaders": {
        "Accept": "application/json",
        "Accept-Encoding": "gzip, deflate",
        "Connection": "keep-alive",
        "User-Agent": "azsdk-python-keyvault-secrets/4.4.0b4 Python/3.9.9 (Windows-10-10.0.22000-SP0)"
      },
      "RequestBody": null,
      "StatusCode": 200,
      "ResponseHeaders": {
        "Cache-Control": "no-cache",
        "Content-Length": "1398",
        "Content-Type": "application/json; charset=utf-8",
        "Date": "Tue, 22 Mar 2022 14:37:08 GMT",
        "Expires": "-1",
        "Pragma": "no-cache",
        "Strict-Transport-Security": "max-age=31536000;includeSubDomains",
        "X-Content-Type-Options": "nosniff",
        "x-ms-keyvault-network-info": "conn_type=Ipv4;addr=73.232.137.144;act_addr_fam=InterNetwork;",
        "x-ms-keyvault-rbac-assignment-id": "5cc36b53-efe1-53a9-910b-08c8418541bf",
        "x-ms-keyvault-rbac-cache": "ra_age=776;da_age=2211;rd_age=2211;brd_age=8849;ra_notif_age=1062;dec_lev=0;",
        "x-ms-keyvault-region": "westus2",
        "x-ms-keyvault-service-version": "1.9.331.5",
        "X-Powered-By": "ASP.NET"
      },
      "ResponseBody": {
        "value": [
          {
            "recoveryId": "https://vaultname.vault.azure.net/deletedsecrets/livekvtestsecret066522eb5",
            "deletedDate": 1647959797,
            "scheduledPurgeDate": 1648564597,
            "id": "https://vaultname.vault.azure.net/secrets/livekvtestsecret066522eb5",
            "attributes": {
              "enabled": true,
              "created": 1647959796,
              "updated": 1647959796,
              "recoveryLevel": "CustomizedRecoverable\u002BPurgeable",
              "recoverableDays": 7
            }
          },
          {
            "recoveryId": "https://vaultname.vault.azure.net/deletedsecrets/livekvtestsecret0efb331e5",
            "deletedDate": 1647959756,
            "scheduledPurgeDate": 1648564556,
            "id": "https://vaultname.vault.azure.net/secrets/livekvtestsecret0efb331e5",
            "attributes": {
              "enabled": true,
              "created": 1647959755,
              "updated": 1647959755,
              "recoveryLevel": "CustomizedRecoverable\u002BPurgeable",
              "recoverableDays": 7
            }
          },
          {
            "recoveryId": "https://vaultname.vault.azure.net/deletedsecrets/livekvtestsecret166522eb5",
            "deletedDate": 1647959801,
            "scheduledPurgeDate": 1648564601,
            "id": "https://vaultname.vault.azure.net/secrets/livekvtestsecret166522eb5",
            "attributes": {
              "enabled": true,
              "created": 1647959796,
              "updated": 1647959796,
              "recoveryLevel": "CustomizedRecoverable\u002BPurgeable",
              "recoverableDays": 7
            }
          }
        ],
        "nextLink": "https://vaultname.vault.azure.net:443/deletedsecrets?api-version=7.2\u0026$skiptoken=eyJOZXh0TWFya2VyIjoiMiExMDQhTURBd01ETXlJWE5sWTNKbGRDOU1TVlpGUzFaVVJWTlVVMFZEVWtWVU1VSkZNa1V5T0RoRElUQXdNREF5T0NFNU9UazVMVEV5TFRNeFZESXpPalU1T2pVNUxqazVPVGs1T1RsYUlRLS0iLCJUYXJnZXRMb2NhdGlvbiI6MH0"
      }
    },
    {
      "RequestUri": "https://vaultname.vault.azure.net/deletedsecrets?api-version=7.2\u0026$skiptoken=eyJOZXh0TWFya2VyIjoiMiExMDQhTURBd01ETXlJWE5sWTNKbGRDOU1TVlpGUzFaVVJWTlVVMFZEVWtWVU1VSkZNa1V5T0RoRElUQXdNREF5T0NFNU9UazVMVEV5TFRNeFZESXpPalU1T2pVNUxqazVPVGs1T1RsYUlRLS0iLCJUYXJnZXRMb2NhdGlvbiI6MH0",
      "RequestMethod": "GET",
      "RequestHeaders": {
        "Accept": "application/json",
        "Accept-Encoding": "gzip, deflate",
        "Connection": "keep-alive",
        "User-Agent": "azsdk-python-keyvault-secrets/4.4.0b4 Python/3.9.9 (Windows-10-10.0.22000-SP0)"
      },
      "RequestBody": null,
      "StatusCode": 200,
      "ResponseHeaders": {
        "Cache-Control": "no-cache",
        "Content-Length": "1823",
        "Content-Type": "application/json; charset=utf-8",
        "Date": "Tue, 22 Mar 2022 14:37:08 GMT",
        "Expires": "-1",
        "Pragma": "no-cache",
        "Strict-Transport-Security": "max-age=31536000;includeSubDomains",
        "X-Content-Type-Options": "nosniff",
        "x-ms-keyvault-network-info": "conn_type=Ipv4;addr=73.232.137.144;act_addr_fam=InterNetwork;",
        "x-ms-keyvault-rbac-assignment-id": "5cc36b53-efe1-53a9-910b-08c8418541bf",
        "x-ms-keyvault-rbac-cache": "ra_age=776;da_age=2211;rd_age=2211;brd_age=8849;ra_notif_age=1062;dec_lev=0;",
        "x-ms-keyvault-region": "westus2",
        "x-ms-keyvault-service-version": "1.9.331.5",
        "X-Powered-By": "ASP.NET"
      },
      "ResponseBody": {
        "value": [
          {
            "recoveryId": "https://vaultname.vault.azure.net/deletedsecrets/livekvtestsecret1efb331e5",
            "deletedDate": 1647959761,
            "scheduledPurgeDate": 1648564561,
            "id": "https://vaultname.vault.azure.net/secrets/livekvtestsecret1efb331e5",
            "attributes": {
              "enabled": true,
              "created": 1647959755,
              "updated": 1647959755,
              "recoveryLevel": "CustomizedRecoverable\u002BPurgeable",
              "recoverableDays": 7
            }
          },
          {
            "recoveryId": "https://vaultname.vault.azure.net/deletedsecrets/livekvtestsecret266522eb5",
            "deletedDate": 1647959804,
            "scheduledPurgeDate": 1648564604,
            "id": "https://vaultname.vault.azure.net/secrets/livekvtestsecret266522eb5",
            "attributes": {
              "enabled": true,
              "created": 1647959796,
              "updated": 1647959796,
              "recoveryLevel": "CustomizedRecoverable\u002BPurgeable",
              "recoverableDays": 7
            }
          },
          {
            "recoveryId": "https://vaultname.vault.azure.net/deletedsecrets/livekvtestsecret2efb331e5",
            "deletedDate": 1647959765,
            "scheduledPurgeDate": 1648564565,
            "id": "https://vaultname.vault.azure.net/secrets/livekvtestsecret2efb331e5",
            "attributes": {
              "enabled": true,
              "created": 1647959756,
              "updated": 1647959756,
              "recoveryLevel": "CustomizedRecoverable\u002BPurgeable",
              "recoverableDays": 7
            }
          },
          {
            "recoveryId": "https://vaultname.vault.azure.net/deletedsecrets/livekvtestsecret366522eb5",
            "deletedDate": 1647959808,
            "scheduledPurgeDate": 1648564608,
            "id": "https://vaultname.vault.azure.net/secrets/livekvtestsecret366522eb5",
            "attributes": {
              "enabled": true,
              "created": 1647959796,
              "updated": 1647959796,
              "recoveryLevel": "CustomizedRecoverable\u002BPurgeable",
              "recoverableDays": 7
            }
          }
        ],
        "nextLink": "https://vaultname.vault.azure.net:443/deletedsecrets?api-version=7.2\u0026$skiptoken=eyJOZXh0TWFya2VyIjoiMiExNDghTURBd01EWTFJWE5sWTNKbGRDOU1TVlpGUzFaVVJWTlVVMFZEVWtWVU16WTJOVEl5UlVJMUx6a3lRalE1UmtRMk5rRXdSRFJGTmpNNU9EQTFSRUU0TlRKRlFqRXhOREV4SVRBd01EQXlPQ0U1T1RrNUxURXlMVE14VkRJek9qVTVPalU1TGprNU9UazVPVGxhSVEtLSIsIlRhcmdldExvY2F0aW9uIjowfQ"
      }
    },
    {
      "RequestUri": "https://vaultname.vault.azure.net/deletedsecrets?api-version=7.2\u0026$skiptoken=eyJOZXh0TWFya2VyIjoiMiExNDghTURBd01EWTFJWE5sWTNKbGRDOU1TVlpGUzFaVVJWTlVVMFZEVWtWVU16WTJOVEl5UlVJMUx6a3lRalE1UmtRMk5rRXdSRFJGTmpNNU9EQTFSRUU0TlRKRlFqRXhOREV4SVRBd01EQXlPQ0U1T1RrNUxURXlMVE14VkRJek9qVTVPalU1TGprNU9UazVPVGxhSVEtLSIsIlRhcmdldExvY2F0aW9uIjowfQ",
      "RequestMethod": "GET",
      "RequestHeaders": {
        "Accept": "application/json",
        "Accept-Encoding": "gzip, deflate",
        "Connection": "keep-alive",
        "User-Agent": "azsdk-python-keyvault-secrets/4.4.0b4 Python/3.9.9 (Windows-10-10.0.22000-SP0)"
      },
      "RequestBody": null,
      "StatusCode": 200,
      "ResponseHeaders": {
        "Cache-Control": "no-cache",
        "Content-Length": "1398",
        "Content-Type": "application/json; charset=utf-8",
        "Date": "Tue, 22 Mar 2022 14:37:09 GMT",
        "Expires": "-1",
        "Pragma": "no-cache",
        "Strict-Transport-Security": "max-age=31536000;includeSubDomains",
        "X-Content-Type-Options": "nosniff",
        "x-ms-keyvault-network-info": "conn_type=Ipv4;addr=73.232.137.144;act_addr_fam=InterNetwork;",
        "x-ms-keyvault-rbac-assignment-id": "5cc36b53-efe1-53a9-910b-08c8418541bf",
        "x-ms-keyvault-rbac-cache": "ra_age=777;da_age=2211;rd_age=2211;brd_age=8849;ra_notif_age=1063;dec_lev=0;",
        "x-ms-keyvault-region": "westus2",
        "x-ms-keyvault-service-version": "1.9.331.5",
        "X-Powered-By": "ASP.NET"
      },
      "ResponseBody": {
        "value": [
          {
            "recoveryId": "https://vaultname.vault.azure.net/deletedsecrets/livekvtestsecret3efb331e5",
            "deletedDate": 1647959772,
            "scheduledPurgeDate": 1648564572,
            "id": "https://vaultname.vault.azure.net/secrets/livekvtestsecret3efb331e5",
            "attributes": {
              "enabled": true,
              "created": 1647959756,
              "updated": 1647959756,
              "recoveryLevel": "CustomizedRecoverable\u002BPurgeable",
              "recoverableDays": 7
            }
          },
          {
            "recoveryId": "https://vaultname.vault.azure.net/deletedsecrets/livekvtestsecret466522eb5",
            "deletedDate": 1647959813,
            "scheduledPurgeDate": 1648564613,
            "id": "https://vaultname.vault.azure.net/secrets/livekvtestsecret466522eb5",
            "attributes": {
              "enabled": true,
              "created": 1647959796,
              "updated": 1647959796,
              "recoveryLevel": "CustomizedRecoverable\u002BPurgeable",
              "recoverableDays": 7
            }
          },
          {
            "recoveryId": "https://vaultname.vault.azure.net/deletedsecrets/livekvtestsecret4efb331e5",
            "deletedDate": 1647959779,
            "scheduledPurgeDate": 1648564579,
            "id": "https://vaultname.vault.azure.net/secrets/livekvtestsecret4efb331e5",
            "attributes": {
              "enabled": true,
              "created": 1647959756,
              "updated": 1647959756,
              "recoveryLevel": "CustomizedRecoverable\u002BPurgeable",
              "recoverableDays": 7
            }
          }
        ],
        "nextLink": "https://vaultname.vault.azure.net:443/deletedsecrets?api-version=7.2\u0026$skiptoken=eyJOZXh0TWFya2VyIjoiMiExMDQhTURBd01ETXlJWE5sWTNKbGRDOU1TVlpGUzFaVVJWTlVVMFZEVWtWVU5URTJOemd5UWtKRklUQXdNREF5T0NFNU9UazVMVEV5TFRNeFZESXpPalU1T2pVNUxqazVPVGs1T1RsYUlRLS0iLCJUYXJnZXRMb2NhdGlvbiI6MH0"
      }
    },
    {
      "RequestUri": "https://vaultname.vault.azure.net/deletedsecrets?api-version=7.2\u0026$skiptoken=eyJOZXh0TWFya2VyIjoiMiExMDQhTURBd01ETXlJWE5sWTNKbGRDOU1TVlpGUzFaVVJWTlVVMFZEVWtWVU5URTJOemd5UWtKRklUQXdNREF5T0NFNU9UazVMVEV5TFRNeFZESXpPalU1T2pVNUxqazVPVGs1T1RsYUlRLS0iLCJUYXJnZXRMb2NhdGlvbiI6MH0",
      "RequestMethod": "GET",
      "RequestHeaders": {
        "Accept": "application/json",
        "Accept-Encoding": "gzip, deflate",
        "Connection": "keep-alive",
        "User-Agent": "azsdk-python-keyvault-secrets/4.4.0b4 Python/3.9.9 (Windows-10-10.0.22000-SP0)"
      },
      "RequestBody": null,
      "StatusCode": 200,
      "ResponseHeaders": {
        "Cache-Control": "no-cache",
        "Content-Length": "1457",
        "Content-Type": "application/json; charset=utf-8",
        "Date": "Tue, 22 Mar 2022 14:37:09 GMT",
        "Expires": "-1",
        "Pragma": "no-cache",
        "Strict-Transport-Security": "max-age=31536000;includeSubDomains",
        "X-Content-Type-Options": "nosniff",
        "x-ms-keyvault-network-info": "conn_type=Ipv4;addr=73.232.137.144;act_addr_fam=InterNetwork;",
        "x-ms-keyvault-rbac-assignment-id": "5cc36b53-efe1-53a9-910b-08c8418541bf",
        "x-ms-keyvault-rbac-cache": "ra_age=777;da_age=2211;rd_age=2211;brd_age=8849;ra_notif_age=1063;dec_lev=0;",
        "x-ms-keyvault-region": "westus2",
        "x-ms-keyvault-service-version": "1.9.331.5",
        "X-Powered-By": "ASP.NET"
      },
      "ResponseBody": {
        "value": [
          {
            "recoveryId": "https://vaultname.vault.azure.net/deletedsecrets/livekvtestsecret566522eb5",
            "deletedDate": 1647959817,
            "scheduledPurgeDate": 1648564617,
            "id": "https://vaultname.vault.azure.net/secrets/livekvtestsecret566522eb5",
            "attributes": {
              "enabled": true,
              "created": 1647959797,
              "updated": 1647959797,
              "recoveryLevel": "CustomizedRecoverable\u002BPurgeable",
              "recoverableDays": 7
            }
          },
          {
            "recoveryId": "https://vaultname.vault.azure.net/deletedsecrets/livekvtestsecret5efb331e5",
            "deletedDate": 1647959783,
            "scheduledPurgeDate": 1648564583,
            "id": "https://vaultname.vault.azure.net/secrets/livekvtestsecret5efb331e5",
            "attributes": {
              "enabled": true,
              "created": 1647959756,
              "updated": 1647959756,
              "recoveryLevel": "CustomizedRecoverable\u002BPurgeable",
              "recoverableDays": 7
            }
          },
          {
            "recoveryId": "https://vaultname.vault.azure.net/deletedsecrets/livekvtestsecret666522eb5",
            "deletedDate": 1647959824,
            "scheduledPurgeDate": 1648564624,
            "id": "https://vaultname.vault.azure.net/secrets/livekvtestsecret666522eb5",
            "attributes": {
              "enabled": true,
              "created": 1647959797,
              "updated": 1647959797,
              "recoveryLevel": "CustomizedRecoverable\u002BPurgeable",
              "recoverableDays": 7
            }
          }
        ],
        "nextLink": "https://vaultname.vault.azure.net:443/deletedsecrets?api-version=7.2\u0026$skiptoken=eyJOZXh0TWFya2VyIjoiMiExNDghTURBd01EWTFJWE5sWTNKbGRDOU1TVlpGUzFaVVJWTlVVMFZEVWtWVU5rTkVSamt6TnpsREwwRTRSVEF4UWpNM09URTJSVFF5UmpJNFFUQkJPREF4T0RjM1JqazBSalkzSVRBd01EQXlPQ0U1T1RrNUxURXlMVE14VkRJek9qVTVPalU1TGprNU9UazVPVGxhSVEtLSIsIlRhcmdldExvY2F0aW9uIjowfQ"
      }
    },
    {
      "RequestUri": "https://vaultname.vault.azure.net/deletedsecrets?api-version=7.2\u0026$skiptoken=eyJOZXh0TWFya2VyIjoiMiExNDghTURBd01EWTFJWE5sWTNKbGRDOU1TVlpGUzFaVVJWTlVVMFZEVWtWVU5rTkVSamt6TnpsREwwRTRSVEF4UWpNM09URTJSVFF5UmpJNFFUQkJPREF4T0RjM1JqazBSalkzSVRBd01EQXlPQ0U1T1RrNUxURXlMVE14VkRJek9qVTVPalU1TGprNU9UazVPVGxhSVEtLSIsIlRhcmdldExvY2F0aW9uIjowfQ",
      "RequestMethod": "GET",
      "RequestHeaders": {
        "Accept": "application/json",
        "Accept-Encoding": "gzip, deflate",
        "Connection": "keep-alive",
        "User-Agent": "azsdk-python-keyvault-secrets/4.4.0b4 Python/3.9.9 (Windows-10-10.0.22000-SP0)"
      },
      "RequestBody": null,
      "StatusCode": 200,
      "ResponseHeaders": {
        "Cache-Control": "no-cache",
        "Content-Length": "393",
        "Content-Type": "application/json; charset=utf-8",
        "Date": "Tue, 22 Mar 2022 14:37:09 GMT",
        "Expires": "-1",
        "Pragma": "no-cache",
        "Strict-Transport-Security": "max-age=31536000;includeSubDomains",
        "X-Content-Type-Options": "nosniff",
        "x-ms-keyvault-network-info": "conn_type=Ipv4;addr=73.232.137.144;act_addr_fam=InterNetwork;",
        "x-ms-keyvault-rbac-assignment-id": "5cc36b53-efe1-53a9-910b-08c8418541bf",
        "x-ms-keyvault-rbac-cache": "ra_age=777;da_age=2211;rd_age=2211;brd_age=8850;ra_notif_age=1063;dec_lev=0;",
        "x-ms-keyvault-region": "westus2",
        "x-ms-keyvault-service-version": "1.9.331.5",
        "X-Powered-By": "ASP.NET"
      },
      "ResponseBody": {
        "value": [
          {
            "recoveryId": "https://vaultname.vault.azure.net/deletedsecrets/livekvtestsecret6efb331e5",
            "deletedDate": 1647959790,
            "scheduledPurgeDate": 1648564590,
            "id": "https://vaultname.vault.azure.net/secrets/livekvtestsecret6efb331e5",
            "attributes": {
              "enabled": true,
              "created": 1647959756,
              "updated": 1647959756,
              "recoveryLevel": "CustomizedRecoverable\u002BPurgeable",
              "recoverableDays": 7
            }
          }
        ],
        "nextLink": null
      }
    }
  ],
  "Variables": {}
}
