interactions:
- request:
    body: null
    headers:
      Accept:
      - application/json
      Content-Length:
      - '0'
      Content-Type:
      - application/json; charset=utf-8
      User-Agent:
      - azsdk-python-keyvault-secrets/4.0.0b5 Python/3.6.6 (Windows-10-10.0.18362-SP0)
    method: PUT
    uri: https://vault458ad70cc75b50e84.vault.azure.net/secrets/sec0?api-version=7.0
  response:
    body:
      string: '{"error":{"code":"Unauthorized","message":"Request is missing a Bearer
        or PoP token."}}'
    headers:
      cache-control: no-cache
      content-length: '87'
      content-type: application/json; charset=utf-8
      date: Tue, 22 Oct 2019 00:23:51 GMT
      expires: '-1'
      pragma: no-cache
      server: Microsoft-IIS/10.0
      strict-transport-security: max-age=31536000;includeSubDomains
      www-authenticate: Bearer authorization="https://login.windows.net/72f988bf-86f1-41af-91ab-2d7cd011db47",
        resource="https://vault.azure.net"
      x-aspnet-version: 4.0.30319
      x-content-type-options: nosniff
      x-ms-keyvault-network-info: addr=131.107.160.72;act_addr_fam=InterNetwork;
      x-ms-keyvault-region: westus
      x-ms-keyvault-service-version: 1.1.0.879
      x-powered-by: ASP.NET
    status:
      code: 401
      message: Unauthorized
    url: !!python/object/new:yarl.URL
      state: !!python/tuple
      - !!python/object/new:urllib.parse.SplitResult
        - https
        - vault458ad70cc75b50e84.vault.azure.net
        - /secrets/sec0
        - api-version=7.0
        - ''
- request:
    body: '{"value": "secVal05b50e84"}'
    headers:
      Accept:
      - application/json
      Content-Length:
      - '27'
      Content-Type:
      - application/json; charset=utf-8
      User-Agent:
      - azsdk-python-keyvault-secrets/4.0.0b5 Python/3.6.6 (Windows-10-10.0.18362-SP0)
    method: PUT
    uri: https://vault458ad70cc75b50e84.vault.azure.net/secrets/sec0?api-version=7.0
  response:
    body:
      string: '{"value":"secVal05b50e84","id":"https://vault458ad70cc75b50e84.vault.azure.net/secrets/sec0/b75bb098364745829b46d72ce145bdaa","attributes":{"enabled":true,"created":1571703832,"updated":1571703832,"recoveryLevel":"Purgeable"}}'
    headers:
      cache-control: no-cache
      content-length: '226'
      content-type: application/json; charset=utf-8
      date: Tue, 22 Oct 2019 00:23:52 GMT
      expires: '-1'
      pragma: no-cache
      server: Microsoft-IIS/10.0
      strict-transport-security: max-age=31536000;includeSubDomains
      x-aspnet-version: 4.0.30319
      x-content-type-options: nosniff
      x-ms-keyvault-network-info: addr=131.107.160.72;act_addr_fam=InterNetwork;
      x-ms-keyvault-region: westus
      x-ms-keyvault-service-version: 1.1.0.879
      x-powered-by: ASP.NET
    status:
      code: 200
      message: OK
    url: !!python/object/new:yarl.URL
      state: !!python/tuple
      - !!python/object/new:urllib.parse.SplitResult
        - https
        - vault458ad70cc75b50e84.vault.azure.net
        - /secrets/sec0
        - api-version=7.0
        - ''
- request:
    body: '{"value": "secVal15b50e84"}'
    headers:
      Accept:
      - application/json
      Content-Length:
      - '27'
      Content-Type:
      - application/json; charset=utf-8
      User-Agent:
      - azsdk-python-keyvault-secrets/4.0.0b5 Python/3.6.6 (Windows-10-10.0.18362-SP0)
    method: PUT
    uri: https://vault458ad70cc75b50e84.vault.azure.net/secrets/sec1?api-version=7.0
  response:
    body:
      string: '{"value":"secVal15b50e84","id":"https://vault458ad70cc75b50e84.vault.azure.net/secrets/sec1/64a7979c3d1e423693162102185bad50","attributes":{"enabled":true,"created":1571703832,"updated":1571703832,"recoveryLevel":"Purgeable"}}'
    headers:
      cache-control: no-cache
      content-length: '226'
      content-type: application/json; charset=utf-8
      date: Tue, 22 Oct 2019 00:23:52 GMT
      expires: '-1'
      pragma: no-cache
      server: Microsoft-IIS/10.0
      strict-transport-security: max-age=31536000;includeSubDomains
      x-aspnet-version: 4.0.30319
      x-content-type-options: nosniff
      x-ms-keyvault-network-info: addr=131.107.160.72;act_addr_fam=InterNetwork;
      x-ms-keyvault-region: westus
      x-ms-keyvault-service-version: 1.1.0.879
      x-powered-by: ASP.NET
    status:
      code: 200
      message: OK
    url: !!python/object/new:yarl.URL
      state: !!python/tuple
      - !!python/object/new:urllib.parse.SplitResult
        - https
        - vault458ad70cc75b50e84.vault.azure.net
        - /secrets/sec1
        - api-version=7.0
        - ''
- request:
    body: '{"value": "secVal25b50e84"}'
    headers:
      Accept:
      - application/json
      Content-Length:
      - '27'
      Content-Type:
      - application/json; charset=utf-8
      User-Agent:
      - azsdk-python-keyvault-secrets/4.0.0b5 Python/3.6.6 (Windows-10-10.0.18362-SP0)
    method: PUT
    uri: https://vault458ad70cc75b50e84.vault.azure.net/secrets/sec2?api-version=7.0
  response:
    body:
      string: '{"value":"secVal25b50e84","id":"https://vault458ad70cc75b50e84.vault.azure.net/secrets/sec2/69ae29532ed046c1b6621663c8142c06","attributes":{"enabled":true,"created":1571703832,"updated":1571703832,"recoveryLevel":"Purgeable"}}'
    headers:
      cache-control: no-cache
      content-length: '226'
      content-type: application/json; charset=utf-8
      date: Tue, 22 Oct 2019 00:23:52 GMT
      expires: '-1'
      pragma: no-cache
      server: Microsoft-IIS/10.0
      strict-transport-security: max-age=31536000;includeSubDomains
      x-aspnet-version: 4.0.30319
      x-content-type-options: nosniff
      x-ms-keyvault-network-info: addr=131.107.160.72;act_addr_fam=InterNetwork;
      x-ms-keyvault-region: westus
      x-ms-keyvault-service-version: 1.1.0.879
      x-powered-by: ASP.NET
    status:
      code: 200
      message: OK
    url: !!python/object/new:yarl.URL
      state: !!python/tuple
      - !!python/object/new:urllib.parse.SplitResult
        - https
        - vault458ad70cc75b50e84.vault.azure.net
        - /secrets/sec2
        - api-version=7.0
        - ''
- request:
    body: '{"value": "secVal35b50e84"}'
    headers:
      Accept:
      - application/json
      Content-Length:
      - '27'
      Content-Type:
      - application/json; charset=utf-8
      User-Agent:
      - azsdk-python-keyvault-secrets/4.0.0b5 Python/3.6.6 (Windows-10-10.0.18362-SP0)
    method: PUT
    uri: https://vault458ad70cc75b50e84.vault.azure.net/secrets/sec3?api-version=7.0
  response:
    body:
      string: '{"value":"secVal35b50e84","id":"https://vault458ad70cc75b50e84.vault.azure.net/secrets/sec3/9e8c75e8293e450aaff7b9d7d9040446","attributes":{"enabled":true,"created":1571703832,"updated":1571703832,"recoveryLevel":"Purgeable"}}'
    headers:
      cache-control: no-cache
      content-length: '226'
      content-type: application/json; charset=utf-8
      date: Tue, 22 Oct 2019 00:23:52 GMT
      expires: '-1'
      pragma: no-cache
      server: Microsoft-IIS/10.0
      strict-transport-security: max-age=31536000;includeSubDomains
      x-aspnet-version: 4.0.30319
      x-content-type-options: nosniff
      x-ms-keyvault-network-info: addr=131.107.160.72;act_addr_fam=InterNetwork;
      x-ms-keyvault-region: westus
      x-ms-keyvault-service-version: 1.1.0.879
      x-powered-by: ASP.NET
    status:
      code: 200
      message: OK
    url: !!python/object/new:yarl.URL
      state: !!python/tuple
      - !!python/object/new:urllib.parse.SplitResult
        - https
        - vault458ad70cc75b50e84.vault.azure.net
        - /secrets/sec3
        - api-version=7.0
        - ''
- request:
    body: '{"value": "secVal45b50e84"}'
    headers:
      Accept:
      - application/json
      Content-Length:
      - '27'
      Content-Type:
      - application/json; charset=utf-8
      User-Agent:
      - azsdk-python-keyvault-secrets/4.0.0b5 Python/3.6.6 (Windows-10-10.0.18362-SP0)
    method: PUT
    uri: https://vault458ad70cc75b50e84.vault.azure.net/secrets/sec4?api-version=7.0
  response:
    body:
      string: '{"value":"secVal45b50e84","id":"https://vault458ad70cc75b50e84.vault.azure.net/secrets/sec4/57382e16a2394241a8a4307018447c4e","attributes":{"enabled":true,"created":1571703832,"updated":1571703832,"recoveryLevel":"Purgeable"}}'
    headers:
      cache-control: no-cache
      content-length: '226'
      content-type: application/json; charset=utf-8
      date: Tue, 22 Oct 2019 00:23:52 GMT
      expires: '-1'
      pragma: no-cache
      server: Microsoft-IIS/10.0
      strict-transport-security: max-age=31536000;includeSubDomains
      x-aspnet-version: 4.0.30319
      x-content-type-options: nosniff
      x-ms-keyvault-network-info: addr=131.107.160.72;act_addr_fam=InterNetwork;
      x-ms-keyvault-region: westus
      x-ms-keyvault-service-version: 1.1.0.879
      x-powered-by: ASP.NET
    status:
      code: 200
      message: OK
    url: !!python/object/new:yarl.URL
      state: !!python/tuple
      - !!python/object/new:urllib.parse.SplitResult
        - https
        - vault458ad70cc75b50e84.vault.azure.net
        - /secrets/sec4
        - api-version=7.0
        - ''
- request:
    body: '{"value": "secVal55b50e84"}'
    headers:
      Accept:
      - application/json
      Content-Length:
      - '27'
      Content-Type:
      - application/json; charset=utf-8
      User-Agent:
      - azsdk-python-keyvault-secrets/4.0.0b5 Python/3.6.6 (Windows-10-10.0.18362-SP0)
    method: PUT
    uri: https://vault458ad70cc75b50e84.vault.azure.net/secrets/sec5?api-version=7.0
  response:
    body:
      string: '{"value":"secVal55b50e84","id":"https://vault458ad70cc75b50e84.vault.azure.net/secrets/sec5/39b152a5fc63481596dc189b2a091c07","attributes":{"enabled":true,"created":1571703832,"updated":1571703832,"recoveryLevel":"Purgeable"}}'
    headers:
      cache-control: no-cache
      content-length: '226'
      content-type: application/json; charset=utf-8
      date: Tue, 22 Oct 2019 00:23:52 GMT
      expires: '-1'
      pragma: no-cache
      server: Microsoft-IIS/10.0
      strict-transport-security: max-age=31536000;includeSubDomains
      x-aspnet-version: 4.0.30319
      x-content-type-options: nosniff
      x-ms-keyvault-network-info: addr=131.107.160.72;act_addr_fam=InterNetwork;
      x-ms-keyvault-region: westus
      x-ms-keyvault-service-version: 1.1.0.879
      x-powered-by: ASP.NET
    status:
      code: 200
      message: OK
    url: !!python/object/new:yarl.URL
      state: !!python/tuple
      - !!python/object/new:urllib.parse.SplitResult
        - https
        - vault458ad70cc75b50e84.vault.azure.net
        - /secrets/sec5
        - api-version=7.0
        - ''
- request:
    body: '{"value": "secVal65b50e84"}'
    headers:
      Accept:
      - application/json
      Content-Length:
      - '27'
      Content-Type:
      - application/json; charset=utf-8
      User-Agent:
      - azsdk-python-keyvault-secrets/4.0.0b5 Python/3.6.6 (Windows-10-10.0.18362-SP0)
    method: PUT
    uri: https://vault458ad70cc75b50e84.vault.azure.net/secrets/sec6?api-version=7.0
  response:
    body:
      string: '{"value":"secVal65b50e84","id":"https://vault458ad70cc75b50e84.vault.azure.net/secrets/sec6/707d4da613744243a6a6f8533ce31d87","attributes":{"enabled":true,"created":1571703832,"updated":1571703832,"recoveryLevel":"Purgeable"}}'
    headers:
      cache-control: no-cache
      content-length: '226'
      content-type: application/json; charset=utf-8
      date: Tue, 22 Oct 2019 00:23:52 GMT
      expires: '-1'
      pragma: no-cache
      server: Microsoft-IIS/10.0
      strict-transport-security: max-age=31536000;includeSubDomains
      x-aspnet-version: 4.0.30319
      x-content-type-options: nosniff
      x-ms-keyvault-network-info: addr=131.107.160.72;act_addr_fam=InterNetwork;
      x-ms-keyvault-region: westus
      x-ms-keyvault-service-version: 1.1.0.879
      x-powered-by: ASP.NET
    status:
      code: 200
      message: OK
    url: !!python/object/new:yarl.URL
      state: !!python/tuple
      - !!python/object/new:urllib.parse.SplitResult
        - https
        - vault458ad70cc75b50e84.vault.azure.net
        - /secrets/sec6
        - api-version=7.0
        - ''
- request:
    body: null
    headers:
      Accept:
      - application/json
      User-Agent:
      - azsdk-python-keyvault-secrets/4.0.0b5 Python/3.6.6 (Windows-10-10.0.18362-SP0)
    method: GET
    uri: https://vault458ad70cc75b50e84.vault.azure.net/secrets?maxresults=7&api-version=7.0
  response:
    body:
      string: '{"value":[{"id":"https://vault458ad70cc75b50e84.vault.azure.net/secrets/sec0","attributes":{"enabled":true,"created":1571703832,"updated":1571703832,"recoveryLevel":"Purgeable"}},{"id":"https://vault458ad70cc75b50e84.vault.azure.net/secrets/sec1","attributes":{"enabled":true,"created":1571703832,"updated":1571703832,"recoveryLevel":"Purgeable"}},{"id":"https://vault458ad70cc75b50e84.vault.azure.net/secrets/sec2","attributes":{"enabled":true,"created":1571703832,"updated":1571703832,"recoveryLevel":"Purgeable"}},{"id":"https://vault458ad70cc75b50e84.vault.azure.net/secrets/sec3","attributes":{"enabled":true,"created":1571703832,"updated":1571703832,"recoveryLevel":"Purgeable"}},{"id":"https://vault458ad70cc75b50e84.vault.azure.net/secrets/sec4","attributes":{"enabled":true,"created":1571703832,"updated":1571703832,"recoveryLevel":"Purgeable"}},{"id":"https://vault458ad70cc75b50e84.vault.azure.net/secrets/sec5","attributes":{"enabled":true,"created":1571703832,"updated":1571703832,"recoveryLevel":"Purgeable"}},{"id":"https://vault458ad70cc75b50e84.vault.azure.net/secrets/sec6","attributes":{"enabled":true,"created":1571703832,"updated":1571703832,"recoveryLevel":"Purgeable"}}],"nextLink":null}'
    headers:
      cache-control: no-cache
      content-length: '1210'
      content-type: application/json; charset=utf-8
      date: Tue, 22 Oct 2019 00:23:52 GMT
      expires: '-1'
      pragma: no-cache
      server: Microsoft-IIS/10.0
      strict-transport-security: max-age=31536000;includeSubDomains
      x-aspnet-version: 4.0.30319
      x-content-type-options: nosniff
      x-ms-keyvault-network-info: addr=131.107.160.72;act_addr_fam=InterNetwork;
      x-ms-keyvault-region: westus
      x-ms-keyvault-service-version: 1.1.0.879
      x-powered-by: ASP.NET
    status:
      code: 200
      message: OK
    url: !!python/object/new:yarl.URL
      state: !!python/tuple
      - !!python/object/new:urllib.parse.SplitResult
        - https
        - vault458ad70cc75b50e84.vault.azure.net
        - /secrets
        - maxresults=7&api-version=7.0
        - ''
version: 1
