interactions:
- request:
    body: null
    headers:
      Accept:
      - '*/*'
      Accept-Encoding:
      - gzip, deflate
      Connection:
      - keep-alive
      Content-Length:
      - '0'
      User-Agent:
      - azsdk-python-storage-file/12.0.0b1 Python/3.7.3 (Windows-10-10.0.17763-SP0)
      content-type:
      - application/xml; charset=utf-8
      x-ms-client-request-id:
      - 2aee9ecc-b4c7-11e9-844d-2816a845e8c6
      x-ms-date:
      - Fri, 02 Aug 2019 01:45:12 GMT
      x-ms-version:
      - '2018-11-09'
    method: PUT
    uri: https://storagename.file.core.windows.net/utshare6c0b16b0?restype=share&comp=snapshot
  response:
    body:
      string: ''
    headers:
      Content-Length:
      - '0'
      Date:
      - Fri, 02 Aug 2019 01:45:12 GMT
      ETag:
      - '"0x8D716EB0F42D6B9"'
      Last-Modified:
      - Fri, 02 Aug 2019 01:45:12 GMT
      Server:
      - Windows-Azure-File/1.0 Microsoft-HTTPAPI/2.0
      x-ms-request-id:
      - ad1170d2-401a-0045-61d3-48e5f8000000
      x-ms-snapshot:
      - '2019-08-02T01:45:12.0000000Z'
      x-ms-version:
      - '2018-11-09'
    status:
      code: 201
      message: Created
- request:
    body: null
    headers:
      Accept:
      - '*/*'
      Accept-Encoding:
      - gzip, deflate
      Connection:
      - keep-alive
      Content-Length:
      - '0'
      User-Agent:
      - azsdk-python-storage-file/12.0.0b1 Python/3.7.3 (Windows-10-10.0.17763-SP0)
      content-type:
      - application/xml; charset=utf-8
      x-ms-client-request-id:
      - 2b17ddec-b4c7-11e9-bc72-2816a845e8c6
      x-ms-date:
      - Fri, 02 Aug 2019 01:45:12 GMT
      x-ms-version:
      - '2018-11-09'
    method: PUT
    uri: https://storagename.file.core.windows.net/utshare6c0b16b0/dir1?restype=directory
  response:
    body:
      string: ''
    headers:
      Content-Length:
      - '0'
      Date:
      - Fri, 02 Aug 2019 01:45:12 GMT
      ETag:
      - '"0x8D716EB0F7D93E7"'
      Last-Modified:
      - Fri, 02 Aug 2019 01:45:12 GMT
      Server:
      - Windows-Azure-File/1.0 Microsoft-HTTPAPI/2.0
      x-ms-request-id:
      - ad1170de-401a-0045-6bd3-48e5f8000000
      x-ms-request-server-encrypted:
      - 'true'
      x-ms-version:
      - '2018-11-09'
    status:
      code: 201
      message: Created
- request:
    body: null
    headers:
      Accept:
      - '*/*'
      Accept-Encoding:
      - gzip, deflate
      Connection:
      - keep-alive
      User-Agent:
      - azsdk-python-storage-file/12.0.0b1 Python/3.7.3 (Windows-10-10.0.17763-SP0)
      content-type:
      - application/xml; charset=utf-8
      x-ms-client-request-id:
      - 2b24a5fa-b4c7-11e9-a531-2816a845e8c6
      x-ms-date:
      - Fri, 02 Aug 2019 01:45:12 GMT
      x-ms-version:
      - '2018-11-09'
    method: GET
    uri: https://storagename.file.core.windows.net/utshare6c0b16b0/dir1?restype=directory&sharesnapshot=2019-08-02T01:45:12.0000000Z
  response:
    body:
      string: "\uFEFF<?xml version=\"1.0\" encoding=\"utf-8\"?><Error><Code>ResourceNotFound</Code><Message>The
        specified resource does not exist.\nRequestId:ad1170df-401a-0045-6cd3-48e5f8000000\nTime:2019-08-02T01:45:13.0050280Z</Message></Error>"
    headers:
      Content-Length:
      - '223'
      Content-Type:
      - application/xml
      Date:
      - Fri, 02 Aug 2019 01:45:12 GMT
      Server:
      - Windows-Azure-File/1.0 Microsoft-HTTPAPI/2.0
      Vary:
      - Origin
      x-ms-error-code:
      - ResourceNotFound
      x-ms-request-id:
      - ad1170df-401a-0045-6cd3-48e5f8000000
      x-ms-version:
      - '2018-11-09'
    status:
      code: 404
      message: The specified resource does not exist.
version: 1
