interactions:
- request:
    body: null
    headers:
      Accept:
      - '*/*'
      Accept-Encoding:
      - gzip, deflate
      Connection:
      - keep-alive
      Content-Length:
      - '0'
      User-Agent:
      - azsdk-python-storage-file/12.0.0b1 Python/3.7.3 (Windows-10-10.0.17763-SP0)
      content-type:
      - application/xml; charset=utf-8
      x-ms-client-request-id:
      - fd6b549c-b4b7-11e9-bf3a-2816a845e8c6
      x-ms-date:
      - Thu, 01 Aug 2019 23:56:33 GMT
      x-ms-version:
      - '2018-11-09'
    method: PUT
    uri: https://remotestoragename.file.core.windows.net/utshare954e1740/dir1?restype=directory
  response:
    body:
      string: ''
    headers:
      Content-Length:
      - '0'
      Date:
      - Thu, 01 Aug 2019 23:56:30 GMT
      ETag:
      - '"0x8D716DBE00AFFBC"'
      Last-Modified:
      - Thu, 01 Aug 2019 23:56:30 GMT
      Server:
      - Windows-Azure-File/1.0 Microsoft-HTTPAPI/2.0
      x-ms-request-id:
      - 0758bfc3-801a-001c-4cc4-48e07e000000
      x-ms-request-server-encrypted:
      - 'true'
      x-ms-version:
      - '2018-11-09'
    status:
      code: 201
      message: Created
- request:
    body: null
    headers:
      Accept:
      - '*/*'
      Accept-Encoding:
      - gzip, deflate
      Connection:
      - keep-alive
      Content-Length:
      - '0'
      User-Agent:
      - azsdk-python-storage-file/12.0.0b1 Python/3.7.3 (Windows-10-10.0.17763-SP0)
      content-type:
      - application/xml; charset=utf-8
      x-ms-client-request-id:
      - fd95a310-b4b7-11e9-a071-2816a845e8c6
      x-ms-date:
      - Thu, 01 Aug 2019 23:56:33 GMT
      x-ms-version:
      - '2018-11-09'
    method: DELETE
    uri: https://remotestoragename.file.core.windows.net/utshare954e1740/dir1?restype=directory
  response:
    body:
      string: ''
    headers:
      Content-Length:
      - '0'
      Date:
      - Thu, 01 Aug 2019 23:56:30 GMT
      Server:
      - Windows-Azure-File/1.0 Microsoft-HTTPAPI/2.0
      x-ms-request-id:
      - 0758bfc5-801a-001c-4dc4-48e07e000000
      x-ms-version:
      - '2018-11-09'
    status:
      code: 202
      message: Accepted
- request:
    body: null
    headers:
      Accept:
      - '*/*'
      Accept-Encoding:
      - gzip, deflate
      Connection:
      - keep-alive
      User-Agent:
      - azsdk-python-storage-file/12.0.0b1 Python/3.7.3 (Windows-10-10.0.17763-SP0)
      content-type:
      - application/xml; charset=utf-8
      x-ms-client-request-id:
      - fda30898-b4b7-11e9-86fa-2816a845e8c6
      x-ms-date:
      - Thu, 01 Aug 2019 23:56:33 GMT
      x-ms-version:
      - '2018-11-09'
    method: GET
    uri: https://remotestoragename.file.core.windows.net/utshare954e1740/dir1?restype=directory
  response:
    body:
      string: "\uFEFF<?xml version=\"1.0\" encoding=\"utf-8\"?><Error><Code>ResourceNotFound</Code><Message>The
        specified resource does not exist.\nRequestId:0758bfc7-801a-001c-4ec4-48e07e000000\nTime:2019-08-01T23:56:31.0320389Z</Message></Error>"
    headers:
      Content-Length:
      - '223'
      Content-Type:
      - application/xml
      Date:
      - Thu, 01 Aug 2019 23:56:30 GMT
      Server:
      - Windows-Azure-File/1.0 Microsoft-HTTPAPI/2.0
      Vary:
      - Origin
      x-ms-error-code:
      - ResourceNotFound
      x-ms-request-id:
      - 0758bfc7-801a-001c-4ec4-48e07e000000
      x-ms-version:
      - '2018-11-09'
    status:
      code: 404
      message: The specified resource does not exist.
- request:
    body: null
    headers:
      Accept:
      - '*/*'
      Accept-Encoding:
      - gzip, deflate
      Connection:
      - keep-alive
      Content-Length:
      - '0'
      User-Agent:
      - azsdk-python-storage-file/12.0.0b1 Python/3.7.3 (Windows-10-10.0.17763-SP0)
      content-type:
      - application/xml; charset=utf-8
      x-ms-client-request-id:
      - a19c19c6-b4b9-11e9-93ee-2816a845e8c6
      x-ms-date:
      - Fri, 02 Aug 2019 00:08:18 GMT
      x-ms-version:
      - '2018-11-09'
    method: PUT
    uri: https://storagename.file.core.windows.net/utshare954e1740/dir1?restype=directory
  response:
    body:
      string: ''
    headers:
      Content-Length:
      - '0'
      Date:
      - Fri, 02 Aug 2019 00:08:15 GMT
      ETag:
      - '"0x8D716DD84477882"'
      Last-Modified:
      - Fri, 02 Aug 2019 00:08:15 GMT
      Server:
      - Windows-Azure-File/1.0 Microsoft-HTTPAPI/2.0
      x-ms-request-id:
      - 9a3a7b9c-601a-0016-09c6-48f9f7000000
      x-ms-request-server-encrypted:
      - 'true'
      x-ms-version:
      - '2018-11-09'
    status:
      code: 201
      message: Created
- request:
    body: null
    headers:
      Accept:
      - '*/*'
      Accept-Encoding:
      - gzip, deflate
      Connection:
      - keep-alive
      Content-Length:
      - '0'
      User-Agent:
      - azsdk-python-storage-file/12.0.0b1 Python/3.7.3 (Windows-10-10.0.17763-SP0)
      content-type:
      - application/xml; charset=utf-8
      x-ms-client-request-id:
      - a1d2e28c-b4b9-11e9-8e63-2816a845e8c6
      x-ms-date:
      - Fri, 02 Aug 2019 00:08:18 GMT
      x-ms-version:
      - '2018-11-09'
    method: DELETE
    uri: https://storagename.file.core.windows.net/utshare954e1740/dir1?restype=directory
  response:
    body:
      string: ''
    headers:
      Content-Length:
      - '0'
      Date:
      - Fri, 02 Aug 2019 00:08:15 GMT
      Server:
      - Windows-Azure-File/1.0 Microsoft-HTTPAPI/2.0
      x-ms-request-id:
      - 9a3a7b9e-601a-0016-0ac6-48f9f7000000
      x-ms-version:
      - '2018-11-09'
    status:
      code: 202
      message: Accepted
- request:
    body: null
    headers:
      Accept:
      - '*/*'
      Accept-Encoding:
      - gzip, deflate
      Connection:
      - keep-alive
      User-Agent:
      - azsdk-python-storage-file/12.0.0b1 Python/3.7.3 (Windows-10-10.0.17763-SP0)
      content-type:
      - application/xml; charset=utf-8
      x-ms-client-request-id:
      - a1de4c76-b4b9-11e9-80d0-2816a845e8c6
      x-ms-date:
      - Fri, 02 Aug 2019 00:08:18 GMT
      x-ms-version:
      - '2018-11-09'
    method: GET
    uri: https://storagename.file.core.windows.net/utshare954e1740/dir1?restype=directory
  response:
    body:
      string: "\uFEFF<?xml version=\"1.0\" encoding=\"utf-8\"?><Error><Code>ResourceNotFound</Code><Message>The
        specified resource does not exist.\nRequestId:9a3a7b9f-601a-0016-0bc6-48f9f7000000\nTime:2019-08-02T00:08:16.0593940Z</Message></Error>"
    headers:
      Content-Length:
      - '223'
      Content-Type:
      - application/xml
      Date:
      - Fri, 02 Aug 2019 00:08:15 GMT
      Server:
      - Windows-Azure-File/1.0 Microsoft-HTTPAPI/2.0
      Vary:
      - Origin
      x-ms-error-code:
      - ResourceNotFound
      x-ms-request-id:
      - 9a3a7b9f-601a-0016-0bc6-48f9f7000000
      x-ms-version:
      - '2018-11-09'
    status:
      code: 404
      message: The specified resource does not exist.
version: 1
