interactions:
- request:
    body: null
    headers:
      Accept:
      - '*/*'
      Accept-Encoding:
      - gzip, deflate
      Connection:
      - keep-alive
      Content-Length:
      - '0'
      User-Agent:
      - azsdk-python-storage-file/12.0.0b2 Python/3.7.3 (Windows-10-10.0.17763-SP0)
      content-type:
      - application/xml; charset=utf-8
      x-ms-date:
      - Fri, 23 Aug 2019 03:03:56 GMT
      x-ms-version:
      - '2018-11-09'
    method: PUT
    uri: https://pyacrstoraged84a1877.file.core.windows.net/shared84a1877?restype=share
  response:
    body:
      string: ''
    headers:
      content-length:
      - '0'
      date:
      - Fri, 23 Aug 2019 03:03:56 GMT
      etag:
      - '"0x8D7277689D4543E"'
      last-modified:
      - Fri, 23 Aug 2019 03:03:56 GMT
      server:
      - Windows-Azure-File/1.0 Microsoft-HTTPAPI/2.0
      x-ms-version:
      - '2018-11-09'
    status:
      code: 201
      message: Created
- request:
    body: null
    headers:
      Accept:
      - '*/*'
      Accept-Encoding:
      - gzip, deflate
      Connection:
      - keep-alive
      Content-Length:
      - '0'
      User-Agent:
      - azsdk-python-storage-file/12.0.0b2 Python/3.7.3 (Windows-10-10.0.17763-SP0)
      content-type:
      - application/xml; charset=utf-8
      x-ms-date:
      - Fri, 23 Aug 2019 03:03:57 GMT
      x-ms-version:
      - '2018-11-09'
    method: PUT
    uri: https://pyacrstoraged84a1877.file.core.windows.net/shared84a1877/dir1?restype=directory
  response:
    body:
      string: ''
    headers:
      content-length:
      - '0'
      date:
      - Fri, 23 Aug 2019 03:03:56 GMT
      etag:
      - '"0x8D7277689F2A99D"'
      last-modified:
      - Fri, 23 Aug 2019 03:03:57 GMT
      server:
      - Windows-Azure-File/1.0 Microsoft-HTTPAPI/2.0
      x-ms-request-server-encrypted:
      - 'true'
      x-ms-version:
      - '2018-11-09'
    status:
      code: 201
      message: Created
- request:
    body: null
    headers:
      Accept:
      - '*/*'
      Accept-Encoding:
      - gzip, deflate
      Connection:
      - keep-alive
      Content-Length:
      - '0'
      User-Agent:
      - azsdk-python-storage-file/12.0.0b2 Python/3.7.3 (Windows-10-10.0.17763-SP0)
      content-type:
      - application/xml; charset=utf-8
      x-ms-content-length:
      - '4'
      x-ms-date:
      - Fri, 23 Aug 2019 03:03:57 GMT
      x-ms-type:
      - file
      x-ms-version:
      - '2018-11-09'
    method: PUT
    uri: https://pyacrstoraged84a1877.file.core.windows.net/shared84a1877/filea1
  response:
    body:
      string: ''
    headers:
      content-length:
      - '0'
      date:
      - Fri, 23 Aug 2019 03:03:56 GMT
      etag:
      - '"0x8D727768A0A7BB4"'
      last-modified:
      - Fri, 23 Aug 2019 03:03:57 GMT
      server:
      - Windows-Azure-File/1.0 Microsoft-HTTPAPI/2.0
      x-ms-request-server-encrypted:
      - 'true'
      x-ms-version:
      - '2018-11-09'
    status:
      code: 201
      message: Created
- request:
    body: '1024'
    headers:
      Accept:
      - '*/*'
      Accept-Encoding:
      - gzip, deflate
      Connection:
      - keep-alive
      Content-Length:
      - '4'
      Content-Type:
      - application/octet-stream
      User-Agent:
      - azsdk-python-storage-file/12.0.0b2 Python/3.7.3 (Windows-10-10.0.17763-SP0)
      x-ms-date:
      - Fri, 23 Aug 2019 03:03:57 GMT
      x-ms-range:
      - bytes=0-3
      x-ms-version:
      - '2018-11-09'
      x-ms-write:
      - update
    method: PUT
    uri: https://pyacrstoraged84a1877.file.core.windows.net/shared84a1877/filea1?comp=range
  response:
    body:
      string: ''
    headers:
      content-length:
      - '0'
      content-md5:
      - Ahu8fuILcRNNU+ICBr1v6w==
      date:
      - Fri, 23 Aug 2019 03:03:56 GMT
      etag:
      - '"0x8D727768A338F05"'
      last-modified:
      - Fri, 23 Aug 2019 03:03:57 GMT
      server:
      - Windows-Azure-File/1.0 Microsoft-HTTPAPI/2.0
      x-ms-request-server-encrypted:
      - 'true'
      x-ms-version:
      - '2018-11-09'
    status:
      code: 201
      message: Created
- request:
    body: null
    headers:
      Accept:
      - '*/*'
      Accept-Encoding:
      - gzip, deflate
      Connection:
      - keep-alive
      Content-Length:
      - '0'
      User-Agent:
      - azsdk-python-storage-file/12.0.0b2 Python/3.7.3 (Windows-10-10.0.17763-SP0)
      content-type:
      - application/xml; charset=utf-8
      x-ms-content-length:
      - '4'
      x-ms-date:
      - Fri, 23 Aug 2019 03:03:57 GMT
      x-ms-type:
      - file
      x-ms-version:
      - '2018-11-09'
    method: PUT
    uri: https://pyacrstoraged84a1877.file.core.windows.net/shared84a1877/filea2
  response:
    body:
      string: ''
    headers:
      content-length:
      - '0'
      date:
      - Fri, 23 Aug 2019 03:03:56 GMT
      etag:
      - '"0x8D727768A4089AB"'
      last-modified:
      - Fri, 23 Aug 2019 03:03:57 GMT
      server:
      - Windows-Azure-File/1.0 Microsoft-HTTPAPI/2.0
      x-ms-request-server-encrypted:
      - 'true'
      x-ms-version:
      - '2018-11-09'
    status:
      code: 201
      message: Created
- request:
    body: '1024'
    headers:
      Accept:
      - '*/*'
      Accept-Encoding:
      - gzip, deflate
      Connection:
      - keep-alive
      Content-Length:
      - '4'
      Content-Type:
      - application/octet-stream
      User-Agent:
      - azsdk-python-storage-file/12.0.0b2 Python/3.7.3 (Windows-10-10.0.17763-SP0)
      x-ms-date:
      - Fri, 23 Aug 2019 03:03:57 GMT
      x-ms-range:
      - bytes=0-3
      x-ms-version:
      - '2018-11-09'
      x-ms-write:
      - update
    method: PUT
    uri: https://pyacrstoraged84a1877.file.core.windows.net/shared84a1877/filea2?comp=range
  response:
    body:
      string: ''
    headers:
      content-length:
      - '0'
      content-md5:
      - Ahu8fuILcRNNU+ICBr1v6w==
      date:
      - Fri, 23 Aug 2019 03:03:57 GMT
      etag:
      - '"0x8D727768A4E20AE"'
      last-modified:
      - Fri, 23 Aug 2019 03:03:57 GMT
      server:
      - Windows-Azure-File/1.0 Microsoft-HTTPAPI/2.0
      x-ms-request-server-encrypted:
      - 'true'
      x-ms-version:
      - '2018-11-09'
    status:
      code: 201
      message: Created
- request:
    body: null
    headers:
      Accept:
      - '*/*'
      Accept-Encoding:
      - gzip, deflate
      Connection:
      - keep-alive
      Content-Length:
      - '0'
      User-Agent:
      - azsdk-python-storage-file/12.0.0b2 Python/3.7.3 (Windows-10-10.0.17763-SP0)
      content-type:
      - application/xml; charset=utf-8
      x-ms-content-length:
      - '4'
      x-ms-date:
      - Fri, 23 Aug 2019 03:03:57 GMT
      x-ms-type:
      - file
      x-ms-version:
      - '2018-11-09'
    method: PUT
    uri: https://pyacrstoraged84a1877.file.core.windows.net/shared84a1877/filea3
  response:
    body:
      string: ''
    headers:
      content-length:
      - '0'
      date:
      - Fri, 23 Aug 2019 03:03:57 GMT
      etag:
      - '"0x8D727768A5F61E9"'
      last-modified:
      - Fri, 23 Aug 2019 03:03:57 GMT
      server:
      - Windows-Azure-File/1.0 Microsoft-HTTPAPI/2.0
      x-ms-request-server-encrypted:
      - 'true'
      x-ms-version:
      - '2018-11-09'
    status:
      code: 201
      message: Created
- request:
    body: '1024'
    headers:
      Accept:
      - '*/*'
      Accept-Encoding:
      - gzip, deflate
      Connection:
      - keep-alive
      Content-Length:
      - '4'
      Content-Type:
      - application/octet-stream
      User-Agent:
      - azsdk-python-storage-file/12.0.0b2 Python/3.7.3 (Windows-10-10.0.17763-SP0)
      x-ms-date:
      - Fri, 23 Aug 2019 03:03:57 GMT
      x-ms-range:
      - bytes=0-3
      x-ms-version:
      - '2018-11-09'
      x-ms-write:
      - update
    method: PUT
    uri: https://pyacrstoraged84a1877.file.core.windows.net/shared84a1877/filea3?comp=range
  response:
    body:
      string: ''
    headers:
      content-length:
      - '0'
      content-md5:
      - Ahu8fuILcRNNU+ICBr1v6w==
      date:
      - Fri, 23 Aug 2019 03:03:57 GMT
      etag:
      - '"0x8D727768A6DBC62"'
      last-modified:
      - Fri, 23 Aug 2019 03:03:57 GMT
      server:
      - Windows-Azure-File/1.0 Microsoft-HTTPAPI/2.0
      x-ms-request-server-encrypted:
      - 'true'
      x-ms-version:
      - '2018-11-09'
    status:
      code: 201
      message: Created
- request:
    body: null
    headers:
      Accept:
      - '*/*'
      Accept-Encoding:
      - gzip, deflate
      Connection:
      - keep-alive
      Content-Length:
      - '0'
      User-Agent:
      - azsdk-python-storage-file/12.0.0b2 Python/3.7.3 (Windows-10-10.0.17763-SP0)
      content-type:
      - application/xml; charset=utf-8
      x-ms-content-length:
      - '4'
      x-ms-date:
      - Fri, 23 Aug 2019 03:03:58 GMT
      x-ms-type:
      - file
      x-ms-version:
      - '2018-11-09'
    method: PUT
    uri: https://pyacrstoraged84a1877.file.core.windows.net/shared84a1877/fileb1
  response:
    body:
      string: ''
    headers:
      content-length:
      - '0'
      date:
      - Fri, 23 Aug 2019 03:03:57 GMT
      etag:
      - '"0x8D727768A7D4F98"'
      last-modified:
      - Fri, 23 Aug 2019 03:03:57 GMT
      server:
      - Windows-Azure-File/1.0 Microsoft-HTTPAPI/2.0
      x-ms-request-server-encrypted:
      - 'true'
      x-ms-version:
      - '2018-11-09'
    status:
      code: 201
      message: Created
- request:
    body: '1024'
    headers:
      Accept:
      - '*/*'
      Accept-Encoding:
      - gzip, deflate
      Connection:
      - keep-alive
      Content-Length:
      - '4'
      Content-Type:
      - application/octet-stream
      User-Agent:
      - azsdk-python-storage-file/12.0.0b2 Python/3.7.3 (Windows-10-10.0.17763-SP0)
      x-ms-date:
      - Fri, 23 Aug 2019 03:03:58 GMT
      x-ms-range:
      - bytes=0-3
      x-ms-version:
      - '2018-11-09'
      x-ms-write:
      - update
    method: PUT
    uri: https://pyacrstoraged84a1877.file.core.windows.net/shared84a1877/fileb1?comp=range
  response:
    body:
      string: ''
    headers:
      content-length:
      - '0'
      content-md5:
      - Ahu8fuILcRNNU+ICBr1v6w==
      date:
      - Fri, 23 Aug 2019 03:03:57 GMT
      etag:
      - '"0x8D727768A8BD12E"'
      last-modified:
      - Fri, 23 Aug 2019 03:03:58 GMT
      server:
      - Windows-Azure-File/1.0 Microsoft-HTTPAPI/2.0
      x-ms-request-server-encrypted:
      - 'true'
      x-ms-version:
      - '2018-11-09'
    status:
      code: 201
      message: Created
- request:
    body: null
    headers:
      Accept:
      - application/xml
      Accept-Encoding:
      - gzip, deflate
      Connection:
      - keep-alive
      User-Agent:
      - azsdk-python-storage-file/12.0.0b2 Python/3.7.3 (Windows-10-10.0.17763-SP0)
      content-type:
      - application/xml; charset=utf-8
      x-ms-date:
      - Fri, 23 Aug 2019 03:03:58 GMT
      x-ms-version:
      - '2018-11-09'
    method: GET
    uri: https://pyacrstoraged84a1877.file.core.windows.net/shared84a1877?maxresults=2&restype=directory&comp=list
  response:
    body:
      string: "\uFEFF<?xml version=\"1.0\" encoding=\"utf-8\"?><EnumerationResults
        ServiceEndpoint=\"https://pyacrstoraged84a1877.file.core.windows.net/\" ShareName=\"shared84a1877\"
        DirectoryPath=\"\"><MaxResults>2</MaxResults><Entries><Directory><Name>dir1</Name><Properties
        /></Directory><File><Name>filea1</Name><Properties><Content-Length>4</Content-Length></Properties></File></Entries><NextMarker>1!8!ZmlsZWEy</NextMarker></EnumerationResults>"
    headers:
      content-type:
      - application/xml
      date:
      - Fri, 23 Aug 2019 03:03:57 GMT
      server:
      - Windows-Azure-File/1.0 Microsoft-HTTPAPI/2.0
      transfer-encoding:
      - chunked
      x-ms-version:
      - '2018-11-09'
    status:
      code: 200
      message: OK
version: 1
