interactions:
- request:
    body: null
    headers:
      User-Agent:
      - azsdk-python-storage-file/12.0.0b2 Python/3.7.3 (Windows-10-10.0.18362-SP0)
      content-type:
      - application/xml; charset=utf-8
      x-ms-client-request-id:
      - 647f5d0a-d064-11e9-b18d-001a7dda7113
      x-ms-date:
      - Fri, 06 Sep 2019 05:08:41 GMT
      x-ms-version:
      - '2019-02-02'
    method: PUT
    uri: https://storagename.file.core.windows.net/utshare87c01b21?restype=share
  response:
    body:
      string: ''
    headers:
      ? !!python/object/new:multidict._istr.istr
      - Content-Length
      : '0'
      ? !!python/object/new:multidict._istr.istr
      - Date
      : Fri, 06 Sep 2019 05:08:40 GMT
      ? !!python/object/new:multidict._istr.istr
      - Etag
      : '"0x8D7328848B20496"'
      ? !!python/object/new:multidict._istr.istr
      - Last-Modified
      : Fri, 06 Sep 2019 05:08:41 GMT
      ? !!python/object/new:multidict._istr.istr
      - Server
      : Windows-Azure-File/1.0 Microsoft-HTTPAPI/2.0
      x-ms-client-request-id: 647f5d0a-d064-11e9-b18d-001a7dda7113
      x-ms-request-id: 980ea51a-701a-0002-6571-64ed4c000000
      x-ms-version: '2019-02-02'
    status:
      code: 201
      message: Created
    url: !!python/object/new:yarl.URL
      state: !!python/tuple
      - !!python/object/new:urllib.parse.SplitResult
        - https
        - emilydevtest.file.core.windows.net
        - /utshare87c01b21
        - restype=share
        - ''
- request:
    body: null
    headers:
      User-Agent:
      - azsdk-python-storage-file/12.0.0b2 Python/3.7.3 (Windows-10-10.0.18362-SP0)
      content-type:
      - application/xml; charset=utf-8
      x-ms-client-request-id:
      - 648ad19c-d064-11e9-852a-001a7dda7113
      x-ms-content-length:
      - '1024'
      x-ms-date:
      - Fri, 06 Sep 2019 05:08:41 GMT
      x-ms-file-attributes:
      - none
      x-ms-file-creation-time:
      - now
      x-ms-file-last-write-time:
      - now
      x-ms-file-permission:
      - Inherit
      x-ms-type:
      - file
      x-ms-version:
      - '2019-02-02'
    method: PUT
    uri: https://storagename.file.core.windows.net/utshare87c01b21/file87c01b21
  response:
    body:
      string: ''
    headers:
      ? !!python/object/new:multidict._istr.istr
      - Content-Length
      : '0'
      ? !!python/object/new:multidict._istr.istr
      - Date
      : Fri, 06 Sep 2019 05:08:41 GMT
      ? !!python/object/new:multidict._istr.istr
      - Etag
      : '"0x8D7328848C4133D"'
      ? !!python/object/new:multidict._istr.istr
      - Last-Modified
      : Fri, 06 Sep 2019 05:08:41 GMT
      ? !!python/object/new:multidict._istr.istr
      - Server
      : Windows-Azure-File/1.0 Microsoft-HTTPAPI/2.0
      x-ms-client-request-id: 648ad19c-d064-11e9-852a-001a7dda7113
      x-ms-file-attributes: Archive
      x-ms-file-change-time: '2019-09-06T05:08:41.3965117Z'
      x-ms-file-creation-time: '2019-09-06T05:08:41.3965117Z'
      x-ms-file-id: '13835128424026341376'
      x-ms-file-last-write-time: '2019-09-06T05:08:41.3965117Z'
      x-ms-file-parent-id: '0'
      x-ms-file-permission-key: 4099112195243312672*10394889115079208622
      x-ms-request-id: da3a4ba3-701a-005f-3b71-64e7c8000000
      x-ms-request-server-encrypted: 'true'
      x-ms-version: '2019-02-02'
    status:
      code: 201
      message: Created
    url: !!python/object/new:yarl.URL
      state: !!python/tuple
      - !!python/object/new:urllib.parse.SplitResult
        - https
        - emilydevtest.file.core.windows.net
        - /utshare87c01b21/file87c01b21
        - ''
        - ''
- request:
    body: null
    headers:
      User-Agent:
      - azsdk-python-storage-file/12.0.0b2 Python/3.7.3 (Windows-10-10.0.18362-SP0)
      content-type:
      - application/xml; charset=utf-8
      x-ms-client-request-id:
      - 649b057e-d064-11e9-b416-001a7dda7113
      x-ms-date:
      - Fri, 06 Sep 2019 05:08:41 GMT
      x-ms-version:
      - '2019-02-02'
    method: HEAD
    uri: https://storagename.file.core.windows.net/utshare87c01b21/file87c01b21
  response:
    body:
      string: ''
    headers:
      ? !!python/object/new:multidict._istr.istr
      - Content-Length
      : '1024'
      ? !!python/object/new:multidict._istr.istr
      - Content-Type
      : application/xml; charset=utf-8
      ? !!python/object/new:multidict._istr.istr
      - Date
      : Fri, 06 Sep 2019 05:08:41 GMT
      ? !!python/object/new:multidict._istr.istr
      - Etag
      : '"0x8D7328848C4133D"'
      ? !!python/object/new:multidict._istr.istr
      - Last-Modified
      : Fri, 06 Sep 2019 05:08:41 GMT
      ? !!python/object/new:multidict._istr.istr
      - Server
      : Windows-Azure-File/1.0 Microsoft-HTTPAPI/2.0
      x-ms-client-request-id: 649b057e-d064-11e9-b416-001a7dda7113
      x-ms-file-attributes: Archive
      x-ms-file-change-time: '2019-09-06T05:08:41.3965117Z'
      x-ms-file-creation-time: '2019-09-06T05:08:41.3965117Z'
      x-ms-file-id: '13835128424026341376'
      x-ms-file-last-write-time: '2019-09-06T05:08:41.3965117Z'
      x-ms-file-parent-id: '0'
      x-ms-file-permission-key: 4099112195243312672*10394889115079208622
      x-ms-request-id: da3a4ba7-701a-005f-3d71-64e7c8000000
      x-ms-server-encrypted: 'true'
      x-ms-type: File
      x-ms-version: '2019-02-02'
    status:
      code: 200
      message: OK
    url: !!python/object/new:yarl.URL
      state: !!python/tuple
      - !!python/object/new:urllib.parse.SplitResult
        - https
        - emilydevtest.file.core.windows.net
        - /utshare87c01b21/file87c01b21
        - ''
        - ''
version: 1
