interactions:
- request:
    body: null
    headers:
      Accept:
      - '*/*'
      Accept-Encoding:
      - gzip, deflate
      Connection:
      - keep-alive
      Content-Length:
      - '0'
      User-Agent:
      - azsdk-python-storage-file/12.0.0b2 Python/3.7.3 (Windows-10-10.0.17763-SP0)
      x-ms-date:
      - Fri, 06 Sep 2019 18:01:00 GMT
      x-ms-version:
      - '2019-02-02'
    method: PUT
    uri: https://pyacrstorage78d4168f.file.core.windows.net/listshare?restype=share
  response:
    body:
      string: ''
    headers:
      content-length:
      - '0'
      date:
      - Fri, 06 Sep 2019 18:00:59 GMT
      etag:
      - '"0x8D732F42C97E44D"'
      last-modified:
      - Fri, 06 Sep 2019 18:00:59 GMT
      server:
      - Windows-Azure-File/1.0 Microsoft-HTTPAPI/2.0
      x-ms-version:
      - '2019-02-02'
    status:
      code: 201
      message: Created
- request:
    body: null
    headers:
      Accept:
      - '*/*'
      Accept-Encoding:
      - gzip, deflate
      Connection:
      - keep-alive
      Content-Length:
      - '0'
      User-Agent:
      - azsdk-python-storage-file/12.0.0b2 Python/3.7.3 (Windows-10-10.0.17763-SP0)
      x-ms-date:
      - Fri, 06 Sep 2019 18:01:01 GMT
      x-ms-file-attributes:
      - none
      x-ms-file-creation-time:
      - now
      x-ms-file-last-write-time:
      - now
      x-ms-file-permission:
      - inherit
      x-ms-version:
      - '2019-02-02'
    method: PUT
    uri: https://pyacrstorage78d4168f.file.core.windows.net/listshare/mydir?restype=directory
  response:
    body:
      string: ''
    headers:
      content-length:
      - '0'
      date:
      - Fri, 06 Sep 2019 18:00:59 GMT
      etag:
      - '"0x8D732F42CAEA885"'
      last-modified:
      - Fri, 06 Sep 2019 18:00:59 GMT
      server:
      - Windows-Azure-File/1.0 Microsoft-HTTPAPI/2.0
      x-ms-file-attributes:
      - Directory
      x-ms-file-change-time:
      - '2019-09-06T18:00:59.9267461Z'
      x-ms-file-creation-time:
      - '2019-09-06T18:00:59.9267461Z'
      x-ms-file-id:
      - '13835128424026341376'
      x-ms-file-last-write-time:
      - '2019-09-06T18:00:59.9267461Z'
      x-ms-file-parent-id:
      - '0'
      x-ms-file-permission-key:
      - 17834261614413723307*11482807276274196770
      x-ms-request-server-encrypted:
      - 'true'
      x-ms-version:
      - '2019-02-02'
    status:
      code: 201
      message: Created
- request:
    body: null
    headers:
      Accept:
      - '*/*'
      Accept-Encoding:
      - gzip, deflate
      Connection:
      - keep-alive
      Content-Length:
      - '0'
      User-Agent:
      - azsdk-python-storage-file/12.0.0b2 Python/3.7.3 (Windows-10-10.0.17763-SP0)
      x-ms-content-length:
      - '55'
      x-ms-date:
      - Fri, 06 Sep 2019 18:01:01 GMT
      x-ms-file-attributes:
      - none
      x-ms-file-creation-time:
      - now
      x-ms-file-last-write-time:
      - now
      x-ms-file-permission:
      - inherit
      x-ms-type:
      - file
      x-ms-version:
      - '2019-02-02'
    method: PUT
    uri: https://pyacrstorage78d4168f.file.core.windows.net/listshare/mydir/sample
  response:
    body:
      string: ''
    headers:
      content-length:
      - '0'
      date:
      - Fri, 06 Sep 2019 18:00:59 GMT
      etag:
      - '"0x8D732F42CC716F8"'
      last-modified:
      - Fri, 06 Sep 2019 18:01:00 GMT
      server:
      - Windows-Azure-File/1.0 Microsoft-HTTPAPI/2.0
      x-ms-file-attributes:
      - Archive
      x-ms-file-change-time:
      - '2019-09-06T18:01:00.0868600Z'
      x-ms-file-creation-time:
      - '2019-09-06T18:01:00.0868600Z'
      x-ms-file-id:
      - '11529285414812647424'
      x-ms-file-last-write-time:
      - '2019-09-06T18:01:00.0868600Z'
      x-ms-file-parent-id:
      - '13835128424026341376'
      x-ms-file-permission-key:
      - 4034037933600524716*11482807276274196770
      x-ms-request-server-encrypted:
      - 'true'
      x-ms-version:
      - '2019-02-02'
    status:
      code: 201
      message: Created
- request:
    body: Lorem ipsum dolor sit amet, consectetur adipiscing elit
    headers:
      Accept:
      - '*/*'
      Accept-Encoding:
      - gzip, deflate
      Connection:
      - keep-alive
      Content-Length:
      - '55'
      Content-Type:
      - application/octet-stream
      User-Agent:
      - azsdk-python-storage-file/12.0.0b2 Python/3.7.3 (Windows-10-10.0.17763-SP0)
      x-ms-date:
      - Fri, 06 Sep 2019 18:01:01 GMT
      x-ms-range:
      - bytes=0-54
      x-ms-version:
      - '2019-02-02'
      x-ms-write:
      - update
    method: PUT
    uri: https://pyacrstorage78d4168f.file.core.windows.net/listshare/mydir/sample?comp=range
  response:
    body:
      string: ''
    headers:
      content-length:
      - '0'
      content-md5:
      - /BCgjff6+jhxFmZGYJ4clQ==
      date:
      - Fri, 06 Sep 2019 18:01:00 GMT
      etag:
      - '"0x8D732F42CDA0632"'
      last-modified:
      - Fri, 06 Sep 2019 18:01:00 GMT
      server:
      - Windows-Azure-File/1.0 Microsoft-HTTPAPI/2.0
      x-ms-request-server-encrypted:
      - 'true'
      x-ms-version:
      - '2019-02-02'
    status:
      code: 201
      message: Created
- request:
    body: null
    headers:
      Accept:
      - application/xml
      Accept-Encoding:
      - gzip, deflate
      Connection:
      - keep-alive
      User-Agent:
      - azsdk-python-storage-file/12.0.0b2 Python/3.7.3 (Windows-10-10.0.17763-SP0)
      x-ms-date:
      - Fri, 06 Sep 2019 18:01:01 GMT
      x-ms-version:
      - '2019-02-02'
    method: GET
    uri: https://pyacrstorage78d4168f.file.core.windows.net/listshare/mydir?restype=directory&comp=list
  response:
    body:
      string: "\uFEFF<?xml version=\"1.0\" encoding=\"utf-8\"?><EnumerationResults
        ServiceEndpoint=\"https://pyacrstorage78d4168f.file.core.windows.net/\" ShareName=\"listshare\"
        DirectoryPath=\"mydir\"><Entries><File><Name>sample</Name><Properties><Content-Length>55</Content-Length></Properties></File></Entries><NextMarker
        /></EnumerationResults>"
    headers:
      content-type:
      - application/xml
      date:
      - Fri, 06 Sep 2019 18:01:00 GMT
      server:
      - Windows-Azure-File/1.0 Microsoft-HTTPAPI/2.0
      transfer-encoding:
      - chunked
      x-ms-version:
      - '2019-02-02'
    status:
      code: 200
      message: OK
- request:
    body: null
    headers:
      Accept:
      - '*/*'
      Accept-Encoding:
      - gzip, deflate
      Connection:
      - keep-alive
      Content-Length:
      - '0'
      User-Agent:
      - azsdk-python-storage-file/12.0.0b2 Python/3.7.3 (Windows-10-10.0.17763-SP0)
      x-ms-date:
      - Fri, 06 Sep 2019 18:01:01 GMT
      x-ms-version:
      - '2019-02-02'
    method: DELETE
    uri: https://pyacrstorage78d4168f.file.core.windows.net/listshare?restype=share
  response:
    body:
      string: ''
    headers:
      content-length:
      - '0'
      date:
      - Fri, 06 Sep 2019 18:01:00 GMT
      server:
      - Windows-Azure-File/1.0 Microsoft-HTTPAPI/2.0
      x-ms-version:
      - '2019-02-02'
    status:
      code: 202
      message: Accepted
version: 1
