interactions:
- request:
    body: null
    headers:
      User-Agent:
      - azsdk-python-storage-file/12.0.0b2 Python/3.7.3 (Windows-10-10.0.17763-SP0)
      content-type:
      - application/xml; charset=utf-8
      x-ms-date:
      - Fri, 23 Aug 2019 02:50:25 GMT
      x-ms-version:
      - '2018-11-09'
    method: PUT
    uri: https://pyacrstorage9ff01f2c.file.core.windows.net/utshare9ff01f2c?restype=share
  response:
    body:
      string: ''
    headers:
      content-length: '0'
      date: Fri, 23 Aug 2019 02:50:25 GMT
      etag: '"0x8D72774A66F7942"'
      last-modified: Fri, 23 Aug 2019 02:50:25 GMT
      server: Windows-Azure-File/1.0 Microsoft-HTTPAPI/2.0
      x-ms-version: '2018-11-09'
    status:
      code: 201
      message: Created
    url: !!python/object/new:yarl.URL
      state: !!python/tuple
      - !!python/object/new:urllib.parse.SplitResult
        - https
        - pyacrstorage9ff01f2c.file.core.windows.net
        - /utshare9ff01f2c
        - restype=share
        - ''
- request:
    body: null
    headers:
      User-Agent:
      - azsdk-python-storage-file/12.0.0b2 Python/3.7.3 (Windows-10-10.0.17763-SP0)
      content-type:
      - application/xml; charset=utf-8
      x-ms-date:
      - Fri, 23 Aug 2019 02:50:26 GMT
      x-ms-version:
      - '2018-11-09'
    method: PUT
    uri: https://pyacrstorage9ff01f2c.file.core.windows.net/utshare9ff01f2c/dir1?restype=directory
  response:
    body:
      string: ''
    headers:
      content-length: '0'
      date: Fri, 23 Aug 2019 02:50:25 GMT
      etag: '"0x8D72774A6B1CE00"'
      last-modified: Fri, 23 Aug 2019 02:50:26 GMT
      server: Windows-Azure-File/1.0 Microsoft-HTTPAPI/2.0
      x-ms-request-server-encrypted: 'true'
      x-ms-version: '2018-11-09'
    status:
      code: 201
      message: Created
    url: !!python/object/new:yarl.URL
      state: !!python/tuple
      - !!python/object/new:urllib.parse.SplitResult
        - https
        - pyacrstorage9ff01f2c.file.core.windows.net
        - /utshare9ff01f2c/dir1
        - restype=directory
        - ''
- request:
    body: null
    headers:
      User-Agent:
      - azsdk-python-storage-file/12.0.0b2 Python/3.7.3 (Windows-10-10.0.17763-SP0)
      content-type:
      - application/xml; charset=utf-8
      x-ms-date:
      - Fri, 23 Aug 2019 02:50:26 GMT
      x-ms-version:
      - '2018-11-09'
    method: PUT
    uri: https://pyacrstorage9ff01f2c.file.core.windows.net/utshare9ff01f2c/dir1%2Fsubdir1?restype=directory
  response:
    body:
      string: ''
    headers:
      content-length: '0'
      date: Fri, 23 Aug 2019 02:50:25 GMT
      etag: '"0x8D72774A6E458CC"'
      last-modified: Fri, 23 Aug 2019 02:50:26 GMT
      server: Windows-Azure-File/1.0 Microsoft-HTTPAPI/2.0
      x-ms-request-server-encrypted: 'true'
      x-ms-version: '2018-11-09'
    status:
      code: 201
      message: Created
    url: !!python/object/new:yarl.URL
      state: !!python/tuple
      - !!python/object/new:urllib.parse.SplitResult
        - https
        - pyacrstorage9ff01f2c.file.core.windows.net
        - /utshare9ff01f2c/dir1%2Fsubdir1
        - restype=directory
        - ''
- request:
    body: null
    headers:
      User-Agent:
      - azsdk-python-storage-file/12.0.0b2 Python/3.7.3 (Windows-10-10.0.17763-SP0)
      content-type:
      - application/xml; charset=utf-8
      x-ms-date:
      - Fri, 23 Aug 2019 02:50:26 GMT
      x-ms-version:
      - '2018-11-09'
    method: PUT
    uri: https://pyacrstorage9ff01f2c.file.core.windows.net/utshare9ff01f2c/dir1%2Fsubdir2?restype=directory
  response:
    body:
      string: ''
    headers:
      content-length: '0'
      date: Fri, 23 Aug 2019 02:50:26 GMT
      etag: '"0x8D72774A701F841"'
      last-modified: Fri, 23 Aug 2019 02:50:26 GMT
      server: Windows-Azure-File/1.0 Microsoft-HTTPAPI/2.0
      x-ms-request-server-encrypted: 'true'
      x-ms-version: '2018-11-09'
    status:
      code: 201
      message: Created
    url: !!python/object/new:yarl.URL
      state: !!python/tuple
      - !!python/object/new:urllib.parse.SplitResult
        - https
        - pyacrstorage9ff01f2c.file.core.windows.net
        - /utshare9ff01f2c/dir1%2Fsubdir2
        - restype=directory
        - ''
- request:
    body: null
    headers:
      User-Agent:
      - azsdk-python-storage-file/12.0.0b2 Python/3.7.3 (Windows-10-10.0.17763-SP0)
      content-type:
      - application/xml; charset=utf-8
      x-ms-content-length:
      - '5'
      x-ms-date:
      - Fri, 23 Aug 2019 02:50:26 GMT
      x-ms-type:
      - file
      x-ms-version:
      - '2018-11-09'
    method: PUT
    uri: https://pyacrstorage9ff01f2c.file.core.windows.net/utshare9ff01f2c/dir1/file1
  response:
    body:
      string: ''
    headers:
      content-length: '0'
      date: Fri, 23 Aug 2019 02:50:26 GMT
      etag: '"0x8D72774A700E6A0"'
      last-modified: Fri, 23 Aug 2019 02:50:26 GMT
      server: Windows-Azure-File/1.0 Microsoft-HTTPAPI/2.0
      x-ms-request-server-encrypted: 'true'
      x-ms-version: '2018-11-09'
    status:
      code: 201
      message: Created
    url: !!python/object/new:yarl.URL
      state: !!python/tuple
      - !!python/object/new:urllib.parse.SplitResult
        - https
        - pyacrstorage9ff01f2c.file.core.windows.net
        - /utshare9ff01f2c/dir1/file1
        - ''
        - ''
- request:
    body: data1
    headers:
      Content-Length:
      - '5'
      Content-Type:
      - application/octet-stream
      User-Agent:
      - azsdk-python-storage-file/12.0.0b2 Python/3.7.3 (Windows-10-10.0.17763-SP0)
      x-ms-date:
      - Fri, 23 Aug 2019 02:50:27 GMT
      x-ms-range:
      - bytes=0-4
      x-ms-version:
      - '2018-11-09'
      x-ms-write:
      - update
    method: PUT
    uri: https://pyacrstorage9ff01f2c.file.core.windows.net/utshare9ff01f2c/dir1/file1?comp=range
  response:
    body:
      string: ''
    headers:
      content-length: '0'
      content-md5: idkDvDXe3nJP1SxRQ3/1/Q==
      date: Fri, 23 Aug 2019 02:50:26 GMT
      etag: '"0x8D72774A71AB4D5"'
      last-modified: Fri, 23 Aug 2019 02:50:26 GMT
      server: Windows-Azure-File/1.0 Microsoft-HTTPAPI/2.0
      x-ms-request-server-encrypted: 'true'
      x-ms-version: '2018-11-09'
    status:
      code: 201
      message: Created
    url: !!python/object/new:yarl.URL
      state: !!python/tuple
      - !!python/object/new:urllib.parse.SplitResult
        - https
        - pyacrstorage9ff01f2c.file.core.windows.net
        - /utshare9ff01f2c/dir1/file1
        - comp=range
        - ''
- request:
    body: null
    headers:
      User-Agent:
      - azsdk-python-storage-file/12.0.0b2 Python/3.7.3 (Windows-10-10.0.17763-SP0)
      content-type:
      - application/xml; charset=utf-8
      x-ms-date:
      - Fri, 23 Aug 2019 02:50:27 GMT
      x-ms-version:
      - '2018-11-09'
    method: PUT
    uri: https://pyacrstorage9ff01f2c.file.core.windows.net/utshare9ff01f2c?restype=share&comp=snapshot
  response:
    body:
      string: ''
    headers:
      content-length: '0'
      date: Fri, 23 Aug 2019 02:50:27 GMT
      etag: '"0x8D72774A66F7942"'
      last-modified: Fri, 23 Aug 2019 02:50:25 GMT
      server: Windows-Azure-File/1.0 Microsoft-HTTPAPI/2.0
      x-ms-snapshot: '2019-08-23T02:50:27.0000000Z'
      x-ms-version: '2018-11-09'
    status:
      code: 201
      message: Created
    url: !!python/object/new:yarl.URL
      state: !!python/tuple
      - !!python/object/new:urllib.parse.SplitResult
        - https
        - pyacrstorage9ff01f2c.file.core.windows.net
        - /utshare9ff01f2c
        - restype=share&comp=snapshot
        - ''
- request:
    body: null
    headers:
      User-Agent:
      - azsdk-python-storage-file/12.0.0b2 Python/3.7.3 (Windows-10-10.0.17763-SP0)
      content-type:
      - application/xml; charset=utf-8
      x-ms-date:
      - Fri, 23 Aug 2019 02:50:27 GMT
      x-ms-version:
      - '2018-11-09'
    method: PUT
    uri: https://pyacrstorage9ff01f2c.file.core.windows.net/utshare9ff01f2c/dir1%2Fsubdir3?restype=directory
  response:
    body:
      string: ''
    headers:
      content-length: '0'
      date: Fri, 23 Aug 2019 02:50:27 GMT
      etag: '"0x8D72774A76734E9"'
      last-modified: Fri, 23 Aug 2019 02:50:27 GMT
      server: Windows-Azure-File/1.0 Microsoft-HTTPAPI/2.0
      x-ms-request-server-encrypted: 'true'
      x-ms-version: '2018-11-09'
    status:
      code: 201
      message: Created
    url: !!python/object/new:yarl.URL
      state: !!python/tuple
      - !!python/object/new:urllib.parse.SplitResult
        - https
        - pyacrstorage9ff01f2c.file.core.windows.net
        - /utshare9ff01f2c/dir1%2Fsubdir3
        - restype=directory
        - ''
- request:
    body: null
    headers:
      User-Agent:
      - azsdk-python-storage-file/12.0.0b2 Python/3.7.3 (Windows-10-10.0.17763-SP0)
      content-type:
      - application/xml; charset=utf-8
      x-ms-content-length:
      - '5'
      x-ms-date:
      - Fri, 23 Aug 2019 02:50:27 GMT
      x-ms-type:
      - file
      x-ms-version:
      - '2018-11-09'
    method: PUT
    uri: https://pyacrstorage9ff01f2c.file.core.windows.net/utshare9ff01f2c/dir1/file2
  response:
    body:
      string: ''
    headers:
      content-length: '0'
      date: Fri, 23 Aug 2019 02:50:26 GMT
      etag: '"0x8D72774A7697F3F"'
      last-modified: Fri, 23 Aug 2019 02:50:27 GMT
      server: Windows-Azure-File/1.0 Microsoft-HTTPAPI/2.0
      x-ms-request-server-encrypted: 'true'
      x-ms-version: '2018-11-09'
    status:
      code: 201
      message: Created
    url: !!python/object/new:yarl.URL
      state: !!python/tuple
      - !!python/object/new:urllib.parse.SplitResult
        - https
        - pyacrstorage9ff01f2c.file.core.windows.net
        - /utshare9ff01f2c/dir1/file2
        - ''
        - ''
- request:
    body: null
    headers:
      User-Agent:
      - azsdk-python-storage-file/12.0.0b2 Python/3.7.3 (Windows-10-10.0.17763-SP0)
      content-type:
      - application/xml; charset=utf-8
      x-ms-content-length:
      - '5'
      x-ms-date:
      - Fri, 23 Aug 2019 02:50:27 GMT
      x-ms-type:
      - file
      x-ms-version:
      - '2018-11-09'
    method: PUT
    uri: https://pyacrstorage9ff01f2c.file.core.windows.net/utshare9ff01f2c/dir1/file3
  response:
    body:
      string: ''
    headers:
      content-length: '0'
      date: Fri, 23 Aug 2019 02:50:26 GMT
      etag: '"0x8D72774A76D0250"'
      last-modified: Fri, 23 Aug 2019 02:50:27 GMT
      server: Windows-Azure-File/1.0 Microsoft-HTTPAPI/2.0
      x-ms-request-server-encrypted: 'true'
      x-ms-version: '2018-11-09'
    status:
      code: 201
      message: Created
    url: !!python/object/new:yarl.URL
      state: !!python/tuple
      - !!python/object/new:urllib.parse.SplitResult
        - https
        - pyacrstorage9ff01f2c.file.core.windows.net
        - /utshare9ff01f2c/dir1/file3
        - ''
        - ''
- request:
    body: data2
    headers:
      Content-Length:
      - '5'
      Content-Type:
      - application/octet-stream
      User-Agent:
      - azsdk-python-storage-file/12.0.0b2 Python/3.7.3 (Windows-10-10.0.17763-SP0)
      x-ms-date:
      - Fri, 23 Aug 2019 02:50:27 GMT
      x-ms-range:
      - bytes=0-4
      x-ms-version:
      - '2018-11-09'
      x-ms-write:
      - update
    method: PUT
    uri: https://pyacrstorage9ff01f2c.file.core.windows.net/utshare9ff01f2c/dir1/file2?comp=range
  response:
    body:
      string: ''
    headers:
      content-length: '0'
      content-md5: /5zy1pDYiMszf2v0UmthMA==
      date: Fri, 23 Aug 2019 02:50:26 GMT
      etag: '"0x8D72774A771E532"'
      last-modified: Fri, 23 Aug 2019 02:50:27 GMT
      server: Windows-Azure-File/1.0 Microsoft-HTTPAPI/2.0
      x-ms-request-server-encrypted: 'true'
      x-ms-version: '2018-11-09'
    status:
      code: 201
      message: Created
    url: !!python/object/new:yarl.URL
      state: !!python/tuple
      - !!python/object/new:urllib.parse.SplitResult
        - https
        - pyacrstorage9ff01f2c.file.core.windows.net
        - /utshare9ff01f2c/dir1/file2
        - comp=range
        - ''
- request:
    body: data3
    headers:
      Content-Length:
      - '5'
      Content-Type:
      - application/octet-stream
      User-Agent:
      - azsdk-python-storage-file/12.0.0b2 Python/3.7.3 (Windows-10-10.0.17763-SP0)
      x-ms-date:
      - Fri, 23 Aug 2019 02:50:27 GMT
      x-ms-range:
      - bytes=0-4
      x-ms-version:
      - '2018-11-09'
      x-ms-write:
      - update
    method: PUT
    uri: https://pyacrstorage9ff01f2c.file.core.windows.net/utshare9ff01f2c/dir1/file3?comp=range
  response:
    body:
      string: ''
    headers:
      content-length: '0'
      content-md5: eTafePeILBuqu8fUXcXaoA==
      date: Fri, 23 Aug 2019 02:50:26 GMT
      etag: '"0x8D72774A776A100"'
      last-modified: Fri, 23 Aug 2019 02:50:27 GMT
      server: Windows-Azure-File/1.0 Microsoft-HTTPAPI/2.0
      x-ms-request-server-encrypted: 'true'
      x-ms-version: '2018-11-09'
    status:
      code: 201
      message: Created
    url: !!python/object/new:yarl.URL
      state: !!python/tuple
      - !!python/object/new:urllib.parse.SplitResult
        - https
        - pyacrstorage9ff01f2c.file.core.windows.net
        - /utshare9ff01f2c/dir1/file3
        - comp=range
        - ''
- request:
    body: null
    headers:
      Accept:
      - application/xml
      User-Agent:
      - azsdk-python-storage-file/12.0.0b2 Python/3.7.3 (Windows-10-10.0.17763-SP0)
      content-type:
      - application/xml; charset=utf-8
      x-ms-date:
      - Fri, 23 Aug 2019 02:50:27 GMT
      x-ms-version:
      - '2018-11-09'
    method: GET
    uri: https://pyacrstorage9ff01f2c.file.core.windows.net/utshare9ff01f2c/dir1?sharesnapshot=2019-08-23T02:50:27.0000000Z&restype=directory&comp=list
  response:
    body:
      string: "\uFEFF<?xml version=\"1.0\" encoding=\"utf-8\"?><EnumerationResults
        ServiceEndpoint=\"https://pyacrstorage9ff01f2c.file.core.windows.net/\" ShareName=\"utshare9ff01f2c\"
        ShareSnapshot=\"2019-08-23T02:50:27.0000000Z\" DirectoryPath=\"dir1\"><Entries><File><Name>file1</Name><Properties><Content-Length>5</Content-Length></Properties></File><Directory><Name>subdir1</Name><Properties
        /></Directory><Directory><Name>subdir2</Name><Properties /></Directory></Entries><NextMarker
        /></EnumerationResults>"
    headers:
      content-type: application/xml
      date: Fri, 23 Aug 2019 02:50:26 GMT
      server: Windows-Azure-File/1.0 Microsoft-HTTPAPI/2.0
      transfer-encoding: chunked
      x-ms-version: '2018-11-09'
    status:
      code: 200
      message: OK
    url: !!python/object/new:yarl.URL
      state: !!python/tuple
      - !!python/object/new:urllib.parse.SplitResult
        - https
        - pyacrstorage9ff01f2c.file.core.windows.net
        - /utshare9ff01f2c/dir1
        - sharesnapshot=2019-08-23T02:50:27.0000000Z&restype=directory&comp=list
        - ''
version: 1
