interactions:
- request:
    body: null
    headers:
      User-Agent:
      - azsdk-python-storage-file/12.0.0b1 Python/3.7.3 (Windows-10-10.0.17763-SP0)
      content-type:
      - application/xml; charset=utf-8
      x-ms-client-request-id:
      - 3037850c-b4b8-11e9-b4a5-2816a845e8c6
      x-ms-date:
      - Thu, 01 Aug 2019 23:57:58 GMT
      x-ms-version:
      - '2018-11-09'
    method: PUT
    uri: https://remotestoragename.file.core.windows.net/utshare31f21535?restype=share
  response:
    body:
      string: ''
    headers:
      ? !!python/object/new:multidict._istr.istr
      - Content-Length
      : '0'
      ? !!python/object/new:multidict._istr.istr
      - Date
      : Thu, 01 Aug 2019 23:57:55 GMT
      ? !!python/object/new:multidict._istr.istr
      - Etag
      : '"0x8D716DC12BFBE77"'
      ? !!python/object/new:multidict._istr.istr
      - Last-Modified
      : Thu, 01 Aug 2019 23:57:55 GMT
      ? !!python/object/new:multidict._istr.istr
      - Server
      : Windows-Azure-File/1.0 Microsoft-HTTPAPI/2.0
      x-ms-request-id: 76159a5d-d01a-00ae-6dc4-481b04000000
      x-ms-version: '2018-11-09'
    status:
      code: 201
      message: Created
    url: !!python/object/new:yarl.URL
      state: !!python/tuple
      - !!python/object/new:urllib.parse.SplitResult
        - https
        - rakshithqueueasynctest.file.core.windows.net
        - /utshare31f21535
        - restype=share
        - ''
- request:
    body: null
    headers:
      User-Agent:
      - azsdk-python-storage-file/12.0.0b1 Python/3.7.3 (Windows-10-10.0.17763-SP0)
      content-type:
      - application/xml; charset=utf-8
      x-ms-client-request-id:
      - 304cd22c-b4b8-11e9-973f-2816a845e8c6
      x-ms-content-length:
      - '1024'
      x-ms-date:
      - Thu, 01 Aug 2019 23:57:58 GMT
      x-ms-meta:
      - '{''hello'': ''world'', ''number'': ''42''}'
      x-ms-meta-hello:
      - world
      x-ms-meta-number:
      - '42'
      x-ms-type:
      - file
      x-ms-version:
      - '2018-11-09'
    method: PUT
    uri: https://remotestoragename.file.core.windows.net/utshare31f21535/file31f21535
  response:
    body:
      string: ''
    headers:
      ? !!python/object/new:multidict._istr.istr
      - Content-Length
      : '0'
      ? !!python/object/new:multidict._istr.istr
      - Date
      : Thu, 01 Aug 2019 23:57:56 GMT
      ? !!python/object/new:multidict._istr.istr
      - Etag
      : '"0x8D716DC12D5ECD9"'
      ? !!python/object/new:multidict._istr.istr
      - Last-Modified
      : Thu, 01 Aug 2019 23:57:56 GMT
      ? !!python/object/new:multidict._istr.istr
      - Server
      : Windows-Azure-File/1.0 Microsoft-HTTPAPI/2.0
      x-ms-request-id: c677d684-001a-00ac-32c4-4819fe000000
      x-ms-request-server-encrypted: 'true'
      x-ms-version: '2018-11-09'
    status:
      code: 201
      message: Created
    url: !!python/object/new:yarl.URL
      state: !!python/tuple
      - !!python/object/new:urllib.parse.SplitResult
        - https
        - rakshithqueueasynctest.file.core.windows.net
        - /utshare31f21535/file31f21535
        - ''
        - ''
- request:
    body: null
    headers:
      User-Agent:
      - azsdk-python-storage-file/12.0.0b1 Python/3.7.3 (Windows-10-10.0.17763-SP0)
      content-type:
      - application/xml; charset=utf-8
      x-ms-client-request-id:
      - 3060e9c0-b4b8-11e9-9944-2816a845e8c6
      x-ms-date:
      - Thu, 01 Aug 2019 23:57:59 GMT
      x-ms-version:
      - '2018-11-09'
    method: HEAD
    uri: https://remotestoragename.file.core.windows.net/utshare31f21535/file31f21535
  response:
    body:
      string: ''
    headers:
      ? !!python/object/new:multidict._istr.istr
      - Content-Length
      : '1024'
      ? !!python/object/new:multidict._istr.istr
      - Content-Type
      : application/xml; charset=utf-8
      ? !!python/object/new:multidict._istr.istr
      - Date
      : Thu, 01 Aug 2019 23:57:56 GMT
      ? !!python/object/new:multidict._istr.istr
      - Etag
      : '"0x8D716DC12D5ECD9"'
      ? !!python/object/new:multidict._istr.istr
      - Last-Modified
      : Thu, 01 Aug 2019 23:57:56 GMT
      ? !!python/object/new:multidict._istr.istr
      - Server
      : Windows-Azure-File/1.0 Microsoft-HTTPAPI/2.0
      ? !!python/object/new:multidict._istr.istr
      - Vary
      : Origin
      x-ms-meta-hello: world
      x-ms-meta-number: '42'
      x-ms-request-id: c677d686-001a-00ac-33c4-4819fe000000
      x-ms-server-encrypted: 'true'
      x-ms-type: File
      x-ms-version: '2018-11-09'
    status:
      code: 200
      message: OK
    url: !!python/object/new:yarl.URL
      state: !!python/tuple
      - !!python/object/new:urllib.parse.SplitResult
        - https
        - rakshithqueueasynctest.file.core.windows.net
        - /utshare31f21535/file31f21535
        - ''
        - ''
- request:
    body: null
    headers:
      User-Agent:
      - azsdk-python-storage-file/12.0.0b1 Python/3.7.3 (Windows-10-10.0.17763-SP0)
      content-type:
      - application/xml; charset=utf-8
      x-ms-client-request-id:
      - d9a9b0a6-b4b9-11e9-86c6-2816a845e8c6
      x-ms-date:
      - Fri, 02 Aug 2019 00:09:52 GMT
      x-ms-version:
      - '2018-11-09'
    method: PUT
    uri: https://storagename.file.core.windows.net/utshare31f21535?restype=share
  response:
    body:
      string: ''
    headers:
      ? !!python/object/new:multidict._istr.istr
      - Content-Length
      : '0'
      ? !!python/object/new:multidict._istr.istr
      - Date
      : Fri, 02 Aug 2019 00:09:49 GMT
      ? !!python/object/new:multidict._istr.istr
      - Etag
      : '"0x8D716DDBC31E5F8"'
      ? !!python/object/new:multidict._istr.istr
      - Last-Modified
      : Fri, 02 Aug 2019 00:09:49 GMT
      ? !!python/object/new:multidict._istr.istr
      - Server
      : Windows-Azure-File/1.0 Microsoft-HTTPAPI/2.0
      x-ms-request-id: 4a7674e8-701a-010d-3ac6-489130000000
      x-ms-version: '2018-11-09'
    status:
      code: 201
      message: Created
    url: !!python/object/new:yarl.URL
      state: !!python/tuple
      - !!python/object/new:urllib.parse.SplitResult
        - https
        - rakshithqueueasynctest.file.core.windows.net
        - /utshare31f21535
        - restype=share
        - ''
- request:
    body: null
    headers:
      User-Agent:
      - azsdk-python-storage-file/12.0.0b1 Python/3.7.3 (Windows-10-10.0.17763-SP0)
      content-type:
      - application/xml; charset=utf-8
      x-ms-client-request-id:
      - d9bf7292-b4b9-11e9-a377-2816a845e8c6
      x-ms-content-length:
      - '1024'
      x-ms-date:
      - Fri, 02 Aug 2019 00:09:52 GMT
      x-ms-meta:
      - '{''hello'': ''world'', ''number'': ''42''}'
      x-ms-meta-hello:
      - world
      x-ms-meta-number:
      - '42'
      x-ms-type:
      - file
      x-ms-version:
      - '2018-11-09'
    method: PUT
    uri: https://storagename.file.core.windows.net/utshare31f21535/file31f21535
  response:
    body:
      string: ''
    headers:
      ? !!python/object/new:multidict._istr.istr
      - Content-Length
      : '0'
      ? !!python/object/new:multidict._istr.istr
      - Date
      : Fri, 02 Aug 2019 00:09:49 GMT
      ? !!python/object/new:multidict._istr.istr
      - Etag
      : '"0x8D716DDBC47E6D4"'
      ? !!python/object/new:multidict._istr.istr
      - Last-Modified
      : Fri, 02 Aug 2019 00:09:49 GMT
      ? !!python/object/new:multidict._istr.istr
      - Server
      : Windows-Azure-File/1.0 Microsoft-HTTPAPI/2.0
      x-ms-request-id: 8c5b464a-301a-00af-25c6-481af9000000
      x-ms-request-server-encrypted: 'true'
      x-ms-version: '2018-11-09'
    status:
      code: 201
      message: Created
    url: !!python/object/new:yarl.URL
      state: !!python/tuple
      - !!python/object/new:urllib.parse.SplitResult
        - https
        - rakshithqueueasynctest.file.core.windows.net
        - /utshare31f21535/file31f21535
        - ''
        - ''
- request:
    body: null
    headers:
      User-Agent:
      - azsdk-python-storage-file/12.0.0b1 Python/3.7.3 (Windows-10-10.0.17763-SP0)
      content-type:
      - application/xml; charset=utf-8
      x-ms-client-request-id:
      - d9d364ae-b4b9-11e9-8031-2816a845e8c6
      x-ms-date:
      - Fri, 02 Aug 2019 00:09:52 GMT
      x-ms-version:
      - '2018-11-09'
    method: HEAD
    uri: https://storagename.file.core.windows.net/utshare31f21535/file31f21535
  response:
    body:
      string: ''
    headers:
      ? !!python/object/new:multidict._istr.istr
      - Content-Length
      : '1024'
      ? !!python/object/new:multidict._istr.istr
      - Content-Type
      : application/xml; charset=utf-8
      ? !!python/object/new:multidict._istr.istr
      - Date
      : Fri, 02 Aug 2019 00:09:49 GMT
      ? !!python/object/new:multidict._istr.istr
      - Etag
      : '"0x8D716DDBC47E6D4"'
      ? !!python/object/new:multidict._istr.istr
      - Last-Modified
      : Fri, 02 Aug 2019 00:09:49 GMT
      ? !!python/object/new:multidict._istr.istr
      - Server
      : Windows-Azure-File/1.0 Microsoft-HTTPAPI/2.0
      ? !!python/object/new:multidict._istr.istr
      - Vary
      : Origin
      x-ms-meta-hello: world
      x-ms-meta-number: '42'
      x-ms-request-id: 8c5b464c-301a-00af-26c6-481af9000000
      x-ms-server-encrypted: 'true'
      x-ms-type: File
      x-ms-version: '2018-11-09'
    status:
      code: 200
      message: OK
    url: !!python/object/new:yarl.URL
      state: !!python/tuple
      - !!python/object/new:urllib.parse.SplitResult
        - https
        - rakshithqueueasynctest.file.core.windows.net
        - /utshare31f21535/file31f21535
        - ''
        - ''
version: 1
