interactions:
- request:
    body: null
    headers:
      User-Agent:
      - azsdk-python-storage-file/12.0.0b1 Python/3.7.3 (Windows-10-10.0.17763-SP0)
      content-type:
      - application/xml; charset=utf-8
      x-ms-client-request-id:
      - 84402bbe-b4b8-11e9-b721-2816a845e8c6
      x-ms-date:
      - Fri, 02 Aug 2019 00:00:19 GMT
      x-ms-share-quota:
      - '1'
      x-ms-version:
      - '2018-11-09'
    method: PUT
    uri: https://remoteremotestoragename.file.core.windows.net/share20df1504?restype=share
  response:
    body:
      string: ''
    headers:
      ? !!python/object/new:multidict._istr.istr
      - Content-Length
      : '0'
      ? !!python/object/new:multidict._istr.istr
      - Date
      : Fri, 02 Aug 2019 00:00:16 GMT
      ? !!python/object/new:multidict._istr.istr
      - Etag
      : '"0x8D716DC66CBB5EF"'
      ? !!python/object/new:multidict._istr.istr
      - Last-Modified
      : Fri, 02 Aug 2019 00:00:16 GMT
      ? !!python/object/new:multidict._istr.istr
      - Server
      : Windows-Azure-File/1.0 Microsoft-HTTPAPI/2.0
      x-ms-request-id: fc7737b8-101a-0030-2fc5-486243000000
      x-ms-version: '2018-11-09'
    status:
      code: 201
      message: Created
    url: !!python/object/new:yarl.URL
      state: !!python/tuple
      - !!python/object/new:urllib.parse.SplitResult
        - https
        - rakshithqueueasynctest.file.core.windows.net
        - /share20df1504
        - restype=share
        - ''
- request:
    body: null
    headers:
      User-Agent:
      - azsdk-python-storage-file/12.0.0b1 Python/3.7.3 (Windows-10-10.0.17763-SP0)
      content-type:
      - application/xml; charset=utf-8
      x-ms-client-request-id:
      - 845738ca-b4b8-11e9-80ec-2816a845e8c6
      x-ms-date:
      - Fri, 02 Aug 2019 00:00:19 GMT
      x-ms-version:
      - '2018-11-09'
    method: GET
    uri: https://remoteremotestoragename.file.core.windows.net/share20df1504?restype=share
  response:
    body:
      string: ''
    headers:
      ? !!python/object/new:multidict._istr.istr
      - Content-Length
      : '0'
      ? !!python/object/new:multidict._istr.istr
      - Date
      : Fri, 02 Aug 2019 00:00:16 GMT
      ? !!python/object/new:multidict._istr.istr
      - Etag
      : '"0x8D716DC66CBB5EF"'
      ? !!python/object/new:multidict._istr.istr
      - Last-Modified
      : Fri, 02 Aug 2019 00:00:16 GMT
      ? !!python/object/new:multidict._istr.istr
      - Server
      : Windows-Azure-File/1.0 Microsoft-HTTPAPI/2.0
      ? !!python/object/new:multidict._istr.istr
      - Vary
      : Origin
      x-ms-has-immutability-policy: 'false'
      x-ms-has-legal-hold: 'false'
      x-ms-request-id: fc7737bb-101a-0030-30c5-486243000000
      x-ms-share-quota: '1'
      x-ms-version: '2018-11-09'
    status:
      code: 200
      message: OK
    url: !!python/object/new:yarl.URL
      state: !!python/tuple
      - !!python/object/new:urllib.parse.SplitResult
        - https
        - rakshithqueueasynctest.file.core.windows.net
        - /share20df1504
        - restype=share
        - ''
- request:
    body: null
    headers:
      User-Agent:
      - azsdk-python-storage-file/12.0.0b1 Python/3.7.3 (Windows-10-10.0.17763-SP0)
      content-type:
      - application/xml; charset=utf-8
      x-ms-client-request-id:
      - c022ba5e-b4b8-11e9-9464-2816a845e8c6
      x-ms-date:
      - Fri, 02 Aug 2019 00:02:00 GMT
      x-ms-share-quota:
      - '1'
      x-ms-version:
      - '2018-11-09'
    method: PUT
    uri: https://remotestoragename.file.core.windows.net/share20df1504?restype=share
  response:
    body:
      string: ''
    headers:
      ? !!python/object/new:multidict._istr.istr
      - Content-Length
      : '0'
      ? !!python/object/new:multidict._istr.istr
      - Date
      : Fri, 02 Aug 2019 00:01:57 GMT
      ? !!python/object/new:multidict._istr.istr
      - Etag
      : '"0x8D716DCA2AC4CD2"'
      ? !!python/object/new:multidict._istr.istr
      - Last-Modified
      : Fri, 02 Aug 2019 00:01:57 GMT
      ? !!python/object/new:multidict._istr.istr
      - Server
      : Windows-Azure-File/1.0 Microsoft-HTTPAPI/2.0
      x-ms-request-id: c7fb9d7b-101a-00fc-47c5-4806f6000000
      x-ms-version: '2018-11-09'
    status:
      code: 201
      message: Created
    url: !!python/object/new:yarl.URL
      state: !!python/tuple
      - !!python/object/new:urllib.parse.SplitResult
        - https
        - rakshithqueueasynctest.file.core.windows.net
        - /share20df1504
        - restype=share
        - ''
- request:
    body: null
    headers:
      User-Agent:
      - azsdk-python-storage-file/12.0.0b1 Python/3.7.3 (Windows-10-10.0.17763-SP0)
      content-type:
      - application/xml; charset=utf-8
      x-ms-client-request-id:
      - c03745c0-b4b8-11e9-bb6f-2816a845e8c6
      x-ms-date:
      - Fri, 02 Aug 2019 00:02:00 GMT
      x-ms-version:
      - '2018-11-09'
    method: GET
    uri: https://remotestoragename.file.core.windows.net/share20df1504?restype=share
  response:
    body:
      string: ''
    headers:
      ? !!python/object/new:multidict._istr.istr
      - Content-Length
      : '0'
      ? !!python/object/new:multidict._istr.istr
      - Date
      : Fri, 02 Aug 2019 00:01:57 GMT
      ? !!python/object/new:multidict._istr.istr
      - Etag
      : '"0x8D716DCA2AC4CD2"'
      ? !!python/object/new:multidict._istr.istr
      - Last-Modified
      : Fri, 02 Aug 2019 00:01:57 GMT
      ? !!python/object/new:multidict._istr.istr
      - Server
      : Windows-Azure-File/1.0 Microsoft-HTTPAPI/2.0
      ? !!python/object/new:multidict._istr.istr
      - Vary
      : Origin
      x-ms-has-immutability-policy: 'false'
      x-ms-has-legal-hold: 'false'
      x-ms-request-id: c7fb9d7d-101a-00fc-48c5-4806f6000000
      x-ms-share-quota: '1'
      x-ms-version: '2018-11-09'
    status:
      code: 200
      message: OK
    url: !!python/object/new:yarl.URL
      state: !!python/tuple
      - !!python/object/new:urllib.parse.SplitResult
        - https
        - rakshithqueueasynctest.file.core.windows.net
        - /share20df1504
        - restype=share
        - ''
- request:
    body: null
    headers:
      User-Agent:
      - azsdk-python-storage-file/12.0.0b1 Python/3.7.3 (Windows-10-10.0.17763-SP0)
      content-type:
      - application/xml; charset=utf-8
      x-ms-client-request-id:
      - 33000b8c-b4ba-11e9-ba38-2816a845e8c6
      x-ms-date:
      - Fri, 02 Aug 2019 00:12:22 GMT
      x-ms-share-quota:
      - '1'
      x-ms-version:
      - '2018-11-09'
    method: PUT
    uri: https://storagename.file.core.windows.net/share20df1504?restype=share
  response:
    body:
      string: ''
    headers:
      ? !!python/object/new:multidict._istr.istr
      - Content-Length
      : '0'
      ? !!python/object/new:multidict._istr.istr
      - Date
      : Fri, 02 Aug 2019 00:12:18 GMT
      ? !!python/object/new:multidict._istr.istr
      - Etag
      : '"0x8D716DE158B507A"'
      ? !!python/object/new:multidict._istr.istr
      - Last-Modified
      : Fri, 02 Aug 2019 00:12:19 GMT
      ? !!python/object/new:multidict._istr.istr
      - Server
      : Windows-Azure-File/1.0 Microsoft-HTTPAPI/2.0
      x-ms-request-id: 300ac1d6-101a-003b-1bc6-487a37000000
      x-ms-version: '2018-11-09'
    status:
      code: 201
      message: Created
    url: !!python/object/new:yarl.URL
      state: !!python/tuple
      - !!python/object/new:urllib.parse.SplitResult
        - https
        - rakshithqueueasynctest.file.core.windows.net
        - /share20df1504
        - restype=share
        - ''
- request:
    body: null
    headers:
      User-Agent:
      - azsdk-python-storage-file/12.0.0b1 Python/3.7.3 (Windows-10-10.0.17763-SP0)
      content-type:
      - application/xml; charset=utf-8
      x-ms-client-request-id:
      - 33176e34-b4ba-11e9-8f0a-2816a845e8c6
      x-ms-date:
      - Fri, 02 Aug 2019 00:12:22 GMT
      x-ms-version:
      - '2018-11-09'
    method: GET
    uri: https://storagename.file.core.windows.net/share20df1504?restype=share
  response:
    body:
      string: ''
    headers:
      ? !!python/object/new:multidict._istr.istr
      - Content-Length
      : '0'
      ? !!python/object/new:multidict._istr.istr
      - Date
      : Fri, 02 Aug 2019 00:12:18 GMT
      ? !!python/object/new:multidict._istr.istr
      - Etag
      : '"0x8D716DE158B507A"'
      ? !!python/object/new:multidict._istr.istr
      - Last-Modified
      : Fri, 02 Aug 2019 00:12:19 GMT
      ? !!python/object/new:multidict._istr.istr
      - Server
      : Windows-Azure-File/1.0 Microsoft-HTTPAPI/2.0
      ? !!python/object/new:multidict._istr.istr
      - Vary
      : Origin
      x-ms-has-immutability-policy: 'false'
      x-ms-has-legal-hold: 'false'
      x-ms-request-id: 300ac1d9-101a-003b-1cc6-487a37000000
      x-ms-share-quota: '1'
      x-ms-version: '2018-11-09'
    status:
      code: 200
      message: OK
    url: !!python/object/new:yarl.URL
      state: !!python/tuple
      - !!python/object/new:urllib.parse.SplitResult
        - https
        - rakshithqueueasynctest.file.core.windows.net
        - /share20df1504
        - restype=share
        - ''
version: 1
