interactions:
- request:
    body: null
    headers:
      Accept:
      - '*/*'
      Accept-Encoding:
      - gzip, deflate
      Connection:
      - keep-alive
      Content-Length:
      - '0'
      User-Agent:
      - python/3.6.5 (Darwin-16.7.0-x86_64-i386-64bit) azure-core/0.0.1
      x-ms-client-request-id:
      - aea65914-97ce-11e9-b216-f45c89a7d159
      x-ms-date:
      - Wed, 26 Jun 2019 04:55:56 GMT
      x-ms-version:
      - '2018-11-09'
    method: PUT
    uri: https://blobstoragename.file.core.windows.net/utshare32270fb2/dir1?restype=directory
  response:
    body:
      string: ''
    headers:
      Content-Length:
      - '0'
      Date:
      - Wed, 26 Jun 2019 04:55:56 GMT
      ETag:
      - '"0x8D6F9F293720FF1"'
      Last-Modified:
      - Wed, 26 Jun 2019 04:55:57 GMT
      Server:
      - Windows-Azure-File/1.0 Microsoft-HTTPAPI/2.0
      x-ms-request-id:
      - 0d366237-d01a-00a2-12db-2ba99c000000
      x-ms-request-server-encrypted:
      - 'true'
      x-ms-version:
      - '2018-11-09'
    status:
      code: 201
      message: Created
- request:
    body: null
    headers:
      Accept:
      - '*/*'
      Accept-Encoding:
      - gzip, deflate
      Connection:
      - keep-alive
      Content-Length:
      - '0'
      User-Agent:
      - python/3.6.5 (Darwin-16.7.0-x86_64-i386-64bit) azure-core/0.0.1
      x-ms-client-request-id:
      - 040dd5e8-981b-11e9-85b7-f45c89a7d159
      x-ms-date:
      - Wed, 26 Jun 2019 14:02:21 GMT
      x-ms-version:
      - '2018-11-09'
    method: PUT
    uri: https://storagename.file.core.windows.net/utshare32270fb2/dir1?restype=directory
  response:
    body:
      string: ''
    headers:
      Content-Length:
      - '0'
      Date:
      - Wed, 26 Jun 2019 14:02:21 GMT
      ETag:
      - '"0x8D6FA3EE87A5B55"'
      Last-Modified:
      - Wed, 26 Jun 2019 14:02:21 GMT
      Server:
      - Windows-Azure-File/1.0 Microsoft-HTTPAPI/2.0
      x-ms-request-id:
      - 471f956e-c01a-00b6-5027-2c6af8000000
      x-ms-request-server-encrypted:
      - 'true'
      x-ms-version:
      - '2018-11-09'
    status:
      code: 201
      message: Created
- request:
    body: null
    headers:
      Accept:
      - '*/*'
      Accept-Encoding:
      - gzip, deflate
      Connection:
      - keep-alive
      Content-Length:
      - '0'
      User-Agent:
      - python/3.6.5 (Darwin-16.7.0-x86_64-i386-64bit) azure-core/0.0.1
      x-ms-client-request-id:
      - 9ef59190-981b-11e9-8af4-f45c89a7d159
      x-ms-date:
      - Wed, 26 Jun 2019 14:06:40 GMT
      x-ms-version:
      - '2018-11-09'
    method: PUT
    uri: https://storagename.file.core.windows.net/utshare32270fb2/dir1?restype=directory
  response:
    body:
      string: ''
    headers:
      Content-Length:
      - '0'
      Date:
      - Wed, 26 Jun 2019 14:06:40 GMT
      ETag:
      - '"0x8D6FA3F835882E0"'
      Last-Modified:
      - Wed, 26 Jun 2019 14:06:41 GMT
      Server:
      - Windows-Azure-File/1.0 Microsoft-HTTPAPI/2.0
      x-ms-request-id:
      - 5d17b141-701a-008d-2928-2c28a6000000
      x-ms-request-server-encrypted:
      - 'true'
      x-ms-version:
      - '2018-11-09'
    status:
      code: 201
      message: Created
version: 1
