interactions:
- request:
    body: null
    headers:
      Accept:
      - '*/*'
      Accept-Encoding:
      - gzip, deflate
      Connection:
      - keep-alive
      Content-Length:
      - '0'
      User-Agent:
      - python/3.7.3 (Windows-10-10.0.18362-SP0) azure-core/0.0.1
      x-ms-client-request-id:
      - b8f3863e-9924-11e9-b1c5-b831b58100e8
      x-ms-date:
      - Thu, 27 Jun 2019 21:44:21 GMT
      x-ms-version:
      - '2018-11-09'
    method: PUT
    uri: https://storagename.file.core.windows.net/sharesnapshot?restype=share
  response:
    body:
      string: ''
    headers:
      Content-Length:
      - '0'
      Date:
      - Thu, 27 Jun 2019 21:44:20 GMT
      ETag:
      - '"0x8D6FB489D31BC55"'
      Last-Modified:
      - Thu, 27 Jun 2019 21:44:21 GMT
      Server:
      - Windows-Azure-File/1.0 Microsoft-HTTPAPI/2.0
      x-ms-request-id:
      - 46e1f2c5-e01a-0086-3831-2d9f4d000000
      x-ms-version:
      - '2018-11-09'
    status:
      code: 201
      message: Created
- request:
    body: null
    headers:
      Accept:
      - '*/*'
      Accept-Encoding:
      - gzip, deflate
      Connection:
      - keep-alive
      Content-Length:
      - '0'
      User-Agent:
      - python/3.7.3 (Windows-10-10.0.18362-SP0) azure-core/0.0.1
      x-ms-client-request-id:
      - b9047748-9924-11e9-88d7-b831b58100e8
      x-ms-date:
      - Thu, 27 Jun 2019 21:44:21 GMT
      x-ms-version:
      - '2018-11-09'
    method: PUT
    uri: https://storagename.file.core.windows.net/sharesnapshot?restype=share&comp=snapshot
  response:
    body:
      string: ''
    headers:
      Content-Length:
      - '0'
      Date:
      - Thu, 27 Jun 2019 21:44:22 GMT
      ETag:
      - '"0x8D6FB489D31BC55"'
      Last-Modified:
      - Thu, 27 Jun 2019 21:44:21 GMT
      Server:
      - Windows-Azure-File/1.0 Microsoft-HTTPAPI/2.0
      x-ms-request-id:
      - 46e1f2c8-e01a-0086-3931-2d9f4d000000
      x-ms-snapshot:
      - '2019-06-27T21:44:21.0000000Z'
      x-ms-version:
      - '2018-11-09'
    status:
      code: 201
      message: Created
- request:
    body: null
    headers:
      Accept:
      - '*/*'
      Accept-Encoding:
      - gzip, deflate
      Connection:
      - keep-alive
      Content-Length:
      - '0'
      User-Agent:
      - python/3.7.3 (Windows-10-10.0.18362-SP0) azure-core/0.0.1
      x-ms-client-request-id:
      - ba3830f0-9924-11e9-b90d-b831b58100e8
      x-ms-date:
      - Thu, 27 Jun 2019 21:44:23 GMT
      x-ms-delete-snapshots:
      - include
      x-ms-version:
      - '2018-11-09'
    method: DELETE
    uri: https://storagename.file.core.windows.net/sharesnapshot?restype=share
  response:
    body:
      string: ''
    headers:
      Content-Length:
      - '0'
      Date:
      - Thu, 27 Jun 2019 21:44:23 GMT
      Server:
      - Windows-Azure-File/1.0 Microsoft-HTTPAPI/2.0
      x-ms-request-id:
      - 46e1f2cc-e01a-0086-3b31-2d9f4d000000
      x-ms-version:
      - '2018-11-09'
    status:
      code: 202
      message: Accepted
- request:
    body: null
    headers:
      Accept:
      - '*/*'
      Accept-Encoding:
      - gzip, deflate
      Connection:
      - keep-alive
      Content-Length:
      - '0'
      User-Agent:
      - azsdk-python-storage-file/12.0.0b1 Python/3.7.3 (Windows-10-10.0.17763-SP0)
      content-type:
      - application/xml; charset=utf-8
      x-ms-client-request-id:
      - 008885d4-b50c-11e9-abd7-2816a845e8c6
      x-ms-date:
      - Fri, 02 Aug 2019 09:57:56 GMT
      x-ms-version:
      - '2018-11-09'
    method: PUT
    uri: https://storagename.file.core.windows.net/sharesnapshot?restype=share
  response:
    body:
      string: ''
    headers:
      Content-Length:
      - '0'
      Date:
      - Fri, 02 Aug 2019 09:57:56 GMT
      ETag:
      - '"0x8D7172FE506A525"'
      Last-Modified:
      - Fri, 02 Aug 2019 09:57:56 GMT
      Server:
      - Windows-Azure-File/1.0 Microsoft-HTTPAPI/2.0
      x-ms-request-id:
      - 61136aec-601a-0033-3318-493d2d000000
      x-ms-version:
      - '2018-11-09'
    status:
      code: 201
      message: Created
- request:
    body: null
    headers:
      Accept:
      - '*/*'
      Accept-Encoding:
      - gzip, deflate
      Connection:
      - keep-alive
      Content-Length:
      - '0'
      User-Agent:
      - azsdk-python-storage-file/12.0.0b1 Python/3.7.3 (Windows-10-10.0.17763-SP0)
      content-type:
      - application/xml; charset=utf-8
      x-ms-client-request-id:
      - 00bee75e-b50c-11e9-858e-2816a845e8c6
      x-ms-date:
      - Fri, 02 Aug 2019 09:57:56 GMT
      x-ms-version:
      - '2018-11-09'
    method: PUT
    uri: https://storagename.file.core.windows.net/sharesnapshot?restype=share&comp=snapshot
  response:
    body:
      string: ''
    headers:
      Content-Length:
      - '0'
      Date:
      - Fri, 02 Aug 2019 09:57:56 GMT
      ETag:
      - '"0x8D7172FE506A525"'
      Last-Modified:
      - Fri, 02 Aug 2019 09:57:56 GMT
      Server:
      - Windows-Azure-File/1.0 Microsoft-HTTPAPI/2.0
      x-ms-request-id:
      - 61136aef-601a-0033-3418-493d2d000000
      x-ms-snapshot:
      - '2019-08-02T09:57:57.0000000Z'
      x-ms-version:
      - '2018-11-09'
    status:
      code: 201
      message: Created
- request:
    body: null
    headers:
      Accept:
      - '*/*'
      Accept-Encoding:
      - gzip, deflate
      Connection:
      - keep-alive
      Content-Length:
      - '0'
      User-Agent:
      - azsdk-python-storage-file/12.0.0b1 Python/3.7.3 (Windows-10-10.0.17763-SP0)
      content-type:
      - application/xml; charset=utf-8
      x-ms-client-request-id:
      - 00d972a6-b50c-11e9-a4ae-2816a845e8c6
      x-ms-date:
      - Fri, 02 Aug 2019 09:57:56 GMT
      x-ms-delete-snapshots:
      - include
      x-ms-version:
      - '2018-11-09'
    method: DELETE
    uri: https://storagename.file.core.windows.net/sharesnapshot?restype=share
  response:
    body:
      string: ''
    headers:
      Content-Length:
      - '0'
      Date:
      - Fri, 02 Aug 2019 09:57:56 GMT
      Server:
      - Windows-Azure-File/1.0 Microsoft-HTTPAPI/2.0
      x-ms-request-id:
      - 61136af0-601a-0033-3518-493d2d000000
      x-ms-version:
      - '2018-11-09'
    status:
      code: 202
      message: Accepted
version: 1
