interactions:
- request:
    body: null
    headers:
      Accept:
      - '*/*'
      Accept-Encoding:
      - gzip, deflate
      Connection:
      - keep-alive
      Content-Length:
      - '0'
      User-Agent:
      - azsdk-python-storage-file/12.0.0b3 Python/3.7.3 (Windows-10-10.0.18362-SP0)
      content-type:
      - application/xml; charset=utf-8
      x-ms-client-request-id:
      - a122d048-d9a9-11e9-bbf8-001a7dda7113
      x-ms-date:
      - Wed, 18 Sep 2019 00:16:58 GMT
      x-ms-version:
      - '2019-02-02'
    method: PUT
    uri: https://storagename.file.core.windows.net/share625f1644?restype=share
  response:
    body:
      string: ''
    headers:
      Content-Length:
      - '0'
      Date:
      - Wed, 18 Sep 2019 00:16:57 GMT
      ETag:
      - '"0x8D73BCD855CC38D"'
      Last-Modified:
      - Wed, 18 Sep 2019 00:16:58 GMT
      Server:
      - Windows-Azure-File/1.0 Microsoft-HTTPAPI/2.0
      x-ms-request-id:
      - b4f8cffc-d01a-00d0-3db6-6d6ea2000000
      x-ms-version:
      - '2019-02-02'
    status:
      code: 201
      message: Created
- request:
    body: null
    headers:
      Accept:
      - '*/*'
      Accept-Encoding:
      - gzip, deflate
      Connection:
      - keep-alive
      Content-Length:
      - '0'
      User-Agent:
      - azsdk-python-storage-file/12.0.0b3 Python/3.7.3 (Windows-10-10.0.18362-SP0)
      content-type:
      - application/xml; charset=utf-8
      x-ms-client-request-id:
      - a13a563a-d9a9-11e9-9090-001a7dda7113
      x-ms-date:
      - Wed, 18 Sep 2019 00:16:58 GMT
      x-ms-file-attributes:
      - none
      x-ms-file-creation-time:
      - now
      x-ms-file-last-write-time:
      - now
      x-ms-file-permission:
      - inherit
      x-ms-version:
      - '2019-02-02'
    method: PUT
    uri: https://storagename.file.core.windows.net/share625f1644/dir1?restype=directory
  response:
    body:
      string: ''
    headers:
      Content-Length:
      - '0'
      Date:
      - Wed, 18 Sep 2019 00:16:58 GMT
      ETag:
      - '"0x8D73BCD856634F8"'
      Last-Modified:
      - Wed, 18 Sep 2019 00:16:58 GMT
      Server:
      - Windows-Azure-File/1.0 Microsoft-HTTPAPI/2.0
      x-ms-file-attributes:
      - Directory
      x-ms-file-change-time:
      - '2019-09-18T00:16:58.8616952Z'
      x-ms-file-creation-time:
      - '2019-09-18T00:16:58.8616952Z'
      x-ms-file-id:
      - '13835128424026341376'
      x-ms-file-last-write-time:
      - '2019-09-18T00:16:58.8616952Z'
      x-ms-file-parent-id:
      - '0'
      x-ms-file-permission-key:
      - 17913408918638655783*10394889115079208622
      x-ms-request-id:
      - b4f8cfff-d01a-00d0-3eb6-6d6ea2000000
      x-ms-request-server-encrypted:
      - 'true'
      x-ms-version:
      - '2019-02-02'
    status:
      code: 201
      message: Created
- request:
    body: null
    headers:
      Accept:
      - '*/*'
      Accept-Encoding:
      - gzip, deflate
      Connection:
      - keep-alive
      Content-Length:
      - '0'
      User-Agent:
      - azsdk-python-storage-file/12.0.0b3 Python/3.7.3 (Windows-10-10.0.18362-SP0)
      content-type:
      - application/xml; charset=utf-8
      x-ms-client-request-id:
      - a142795a-d9a9-11e9-b67e-001a7dda7113
      x-ms-date:
      - Wed, 18 Sep 2019 00:16:58 GMT
      x-ms-file-attributes:
      - none
      x-ms-file-creation-time:
      - now
      x-ms-file-last-write-time:
      - now
      x-ms-file-permission:
      - inherit
      x-ms-version:
      - '2019-02-02'
    method: PUT
    uri: https://storagename.file.core.windows.net/share625f1644/dir1%2Fpref_dir3?restype=directory
  response:
    body:
      string: ''
    headers:
      Content-Length:
      - '0'
      Date:
      - Wed, 18 Sep 2019 00:16:58 GMT
      ETag:
      - '"0x8D73BCD856E7456"'
      Last-Modified:
      - Wed, 18 Sep 2019 00:16:58 GMT
      Server:
      - Windows-Azure-File/1.0 Microsoft-HTTPAPI/2.0
      x-ms-file-attributes:
      - Directory
      x-ms-file-change-time:
      - '2019-09-18T00:16:58.9157462Z'
      x-ms-file-creation-time:
      - '2019-09-18T00:16:58.9157462Z'
      x-ms-file-id:
      - '11529285414812647424'
      x-ms-file-last-write-time:
      - '2019-09-18T00:16:58.9157462Z'
      x-ms-file-parent-id:
      - '13835128424026341376'
      x-ms-file-permission-key:
      - 17913408918638655783*10394889115079208622
      x-ms-request-id:
      - b4f8d000-d01a-00d0-3fb6-6d6ea2000000
      x-ms-request-server-encrypted:
      - 'true'
      x-ms-version:
      - '2019-02-02'
    status:
      code: 201
      message: Created
- request:
    body: null
    headers:
      Accept:
      - '*/*'
      Accept-Encoding:
      - gzip, deflate
      Connection:
      - keep-alive
      Content-Length:
      - '0'
      User-Agent:
      - azsdk-python-storage-file/12.0.0b3 Python/3.7.3 (Windows-10-10.0.18362-SP0)
      content-type:
      - application/xml; charset=utf-8
      x-ms-client-request-id:
      - a14cab8a-d9a9-11e9-a319-001a7dda7113
      x-ms-date:
      - Wed, 18 Sep 2019 00:16:59 GMT
      x-ms-file-attributes:
      - none
      x-ms-file-creation-time:
      - now
      x-ms-file-last-write-time:
      - now
      x-ms-file-permission:
      - inherit
      x-ms-version:
      - '2019-02-02'
    method: PUT
    uri: https://storagename.file.core.windows.net/share625f1644/dir2?restype=directory
  response:
    body:
      string: ''
    headers:
      Content-Length:
      - '0'
      Date:
      - Wed, 18 Sep 2019 00:16:58 GMT
      ETag:
      - '"0x8D73BCD8577EC89"'
      Last-Modified:
      - Wed, 18 Sep 2019 00:16:58 GMT
      Server:
      - Windows-Azure-File/1.0 Microsoft-HTTPAPI/2.0
      x-ms-file-attributes:
      - Directory
      x-ms-file-change-time:
      - '2019-09-18T00:16:58.9778057Z'
      x-ms-file-creation-time:
      - '2019-09-18T00:16:58.9778057Z'
      x-ms-file-id:
      - '16140971433240035328'
      x-ms-file-last-write-time:
      - '2019-09-18T00:16:58.9778057Z'
      x-ms-file-parent-id:
      - '0'
      x-ms-file-permission-key:
      - 17913408918638655783*10394889115079208622
      x-ms-request-id:
      - b4f8d001-d01a-00d0-40b6-6d6ea2000000
      x-ms-request-server-encrypted:
      - 'true'
      x-ms-version:
      - '2019-02-02'
    status:
      code: 201
      message: Created
- request:
    body: null
    headers:
      Accept:
      - '*/*'
      Accept-Encoding:
      - gzip, deflate
      Connection:
      - keep-alive
      Content-Length:
      - '0'
      User-Agent:
      - azsdk-python-storage-file/12.0.0b3 Python/3.7.3 (Windows-10-10.0.18362-SP0)
      content-type:
      - application/xml; charset=utf-8
      x-ms-client-request-id:
      - a154c99a-d9a9-11e9-ae08-001a7dda7113
      x-ms-content-length:
      - '4'
      x-ms-date:
      - Wed, 18 Sep 2019 00:16:59 GMT
      x-ms-file-attributes:
      - none
      x-ms-file-creation-time:
      - now
      x-ms-file-last-write-time:
      - now
      x-ms-file-permission:
      - Inherit
      x-ms-type:
      - file
      x-ms-version:
      - '2019-02-02'
    method: PUT
    uri: https://storagename.file.core.windows.net/share625f1644/file1
  response:
    body:
      string: ''
    headers:
      Content-Length:
      - '0'
      Date:
      - Wed, 18 Sep 2019 00:16:58 GMT
      ETag:
      - '"0x8D73BCD85802BE7"'
      Last-Modified:
      - Wed, 18 Sep 2019 00:16:59 GMT
      Server:
      - Windows-Azure-File/1.0 Microsoft-HTTPAPI/2.0
      x-ms-file-attributes:
      - Archive
      x-ms-file-change-time:
      - '2019-09-18T00:16:59.0318567Z'
      x-ms-file-creation-time:
      - '2019-09-18T00:16:59.0318567Z'
      x-ms-file-id:
      - '10376363910205800448'
      x-ms-file-last-write-time:
      - '2019-09-18T00:16:59.0318567Z'
      x-ms-file-parent-id:
      - '0'
      x-ms-file-permission-key:
      - 4099112195243312672*10394889115079208622
      x-ms-request-id:
      - b4f8d002-d01a-00d0-41b6-6d6ea2000000
      x-ms-request-server-encrypted:
      - 'true'
      x-ms-version:
      - '2019-02-02'
    status:
      code: 201
      message: Created
- request:
    body: '1024'
    headers:
      Accept:
      - '*/*'
      Accept-Encoding:
      - gzip, deflate
      Connection:
      - keep-alive
      Content-Length:
      - '4'
      Content-Type:
      - application/octet-stream
      User-Agent:
      - azsdk-python-storage-file/12.0.0b3 Python/3.7.3 (Windows-10-10.0.18362-SP0)
      x-ms-client-request-id:
      - a15bca86-d9a9-11e9-95d1-001a7dda7113
      x-ms-date:
      - Wed, 18 Sep 2019 00:16:59 GMT
      x-ms-range:
      - bytes=0-3
      x-ms-version:
      - '2019-02-02'
      x-ms-write:
      - update
    method: PUT
    uri: https://storagename.file.core.windows.net/share625f1644/file1?comp=range
  response:
    body:
      string: ''
    headers:
      Content-Length:
      - '0'
      Content-MD5:
      - Ahu8fuILcRNNU+ICBr1v6w==
      Date:
      - Wed, 18 Sep 2019 00:16:58 GMT
      ETag:
      - '"0x8D73BCD8587A7CA"'
      Last-Modified:
      - Wed, 18 Sep 2019 00:16:59 GMT
      Server:
      - Windows-Azure-File/1.0 Microsoft-HTTPAPI/2.0
      x-ms-request-id:
      - b4f8d003-d01a-00d0-42b6-6d6ea2000000
      x-ms-request-server-encrypted:
      - 'true'
      x-ms-version:
      - '2019-02-02'
    status:
      code: 201
      message: Created
- request:
    body: null
    headers:
      Accept:
      - '*/*'
      Accept-Encoding:
      - gzip, deflate
      Connection:
      - keep-alive
      Content-Length:
      - '0'
      User-Agent:
      - azsdk-python-storage-file/12.0.0b3 Python/3.7.3 (Windows-10-10.0.18362-SP0)
      content-type:
      - application/xml; charset=utf-8
      x-ms-client-request-id:
      - a1659108-d9a9-11e9-a5ba-001a7dda7113
      x-ms-content-length:
      - '4'
      x-ms-date:
      - Wed, 18 Sep 2019 00:16:59 GMT
      x-ms-file-attributes:
      - none
      x-ms-file-creation-time:
      - now
      x-ms-file-last-write-time:
      - now
      x-ms-file-permission:
      - Inherit
      x-ms-type:
      - file
      x-ms-version:
      - '2019-02-02'
    method: PUT
    uri: https://storagename.file.core.windows.net/share625f1644/dir1/pref_file2
  response:
    body:
      string: ''
    headers:
      Content-Length:
      - '0'
      Date:
      - Wed, 18 Sep 2019 00:16:58 GMT
      ETag:
      - '"0x8D73BCD8590F8DF"'
      Last-Modified:
      - Wed, 18 Sep 2019 00:16:59 GMT
      Server:
      - Windows-Azure-File/1.0 Microsoft-HTTPAPI/2.0
      x-ms-file-attributes:
      - Archive
      x-ms-file-change-time:
      - '2019-09-18T00:16:59.1419615Z'
      x-ms-file-creation-time:
      - '2019-09-18T00:16:59.1419615Z'
      x-ms-file-id:
      - '14988049928633188352'
      x-ms-file-last-write-time:
      - '2019-09-18T00:16:59.1419615Z'
      x-ms-file-parent-id:
      - '13835128424026341376'
      x-ms-file-permission-key:
      - 4099112195243312672*10394889115079208622
      x-ms-request-id:
      - b4f8d004-d01a-00d0-43b6-6d6ea2000000
      x-ms-request-server-encrypted:
      - 'true'
      x-ms-version:
      - '2019-02-02'
    status:
      code: 201
      message: Created
- request:
    body: '1025'
    headers:
      Accept:
      - '*/*'
      Accept-Encoding:
      - gzip, deflate
      Connection:
      - keep-alive
      Content-Length:
      - '4'
      Content-Type:
      - application/octet-stream
      User-Agent:
      - azsdk-python-storage-file/12.0.0b3 Python/3.7.3 (Windows-10-10.0.18362-SP0)
      x-ms-client-request-id:
      - a16e3dae-d9a9-11e9-b902-001a7dda7113
      x-ms-date:
      - Wed, 18 Sep 2019 00:16:59 GMT
      x-ms-range:
      - bytes=0-3
      x-ms-version:
      - '2019-02-02'
      x-ms-write:
      - update
    method: PUT
    uri: https://storagename.file.core.windows.net/share625f1644/dir1/pref_file2?comp=range
  response:
    body:
      string: ''
    headers:
      Content-Length:
      - '0'
      Content-MD5:
      - grijQ0kEQRqf3EPKh87nDA==
      Date:
      - Wed, 18 Sep 2019 00:16:58 GMT
      ETag:
      - '"0x8D73BCD8599AD8D"'
      Last-Modified:
      - Wed, 18 Sep 2019 00:16:59 GMT
      Server:
      - Windows-Azure-File/1.0 Microsoft-HTTPAPI/2.0
      x-ms-request-id:
      - b4f8d006-d01a-00d0-45b6-6d6ea2000000
      x-ms-request-server-encrypted:
      - 'true'
      x-ms-version:
      - '2019-02-02'
    status:
      code: 201
      message: Created
- request:
    body: null
    headers:
      Accept:
      - '*/*'
      Accept-Encoding:
      - gzip, deflate
      Connection:
      - keep-alive
      Content-Length:
      - '0'
      User-Agent:
      - azsdk-python-storage-file/12.0.0b3 Python/3.7.3 (Windows-10-10.0.18362-SP0)
      content-type:
      - application/xml; charset=utf-8
      x-ms-client-request-id:
      - a175b29e-d9a9-11e9-82bd-001a7dda7113
      x-ms-content-length:
      - '4'
      x-ms-date:
      - Wed, 18 Sep 2019 00:16:59 GMT
      x-ms-file-attributes:
      - none
      x-ms-file-creation-time:
      - now
      x-ms-file-last-write-time:
      - now
      x-ms-file-permission:
      - Inherit
      x-ms-type:
      - file
      x-ms-version:
      - '2019-02-02'
    method: PUT
    uri: https://storagename.file.core.windows.net/share625f1644/dir1/file3
  response:
    body:
      string: ''
    headers:
      Content-Length:
      - '0'
      Date:
      - Wed, 18 Sep 2019 00:16:58 GMT
      ETag:
      - '"0x8D73BCD85A08D0A"'
      Last-Modified:
      - Wed, 18 Sep 2019 00:16:59 GMT
      Server:
      - Windows-Azure-File/1.0 Microsoft-HTTPAPI/2.0
      x-ms-file-attributes:
      - Archive
      x-ms-file-change-time:
      - '2019-09-18T00:16:59.2440586Z'
      x-ms-file-creation-time:
      - '2019-09-18T00:16:59.2440586Z'
      x-ms-file-id:
      - '12682206919419494400'
      x-ms-file-last-write-time:
      - '2019-09-18T00:16:59.2440586Z'
      x-ms-file-parent-id:
      - '13835128424026341376'
      x-ms-file-permission-key:
      - 4099112195243312672*10394889115079208622
      x-ms-request-id:
      - b4f8d008-d01a-00d0-46b6-6d6ea2000000
      x-ms-request-server-encrypted:
      - 'true'
      x-ms-version:
      - '2019-02-02'
    status:
      code: 201
      message: Created
- request:
    body: '1025'
    headers:
      Accept:
      - '*/*'
      Accept-Encoding:
      - gzip, deflate
      Connection:
      - keep-alive
      Content-Length:
      - '4'
      Content-Type:
      - application/octet-stream
      User-Agent:
      - azsdk-python-storage-file/12.0.0b3 Python/3.7.3 (Windows-10-10.0.18362-SP0)
      x-ms-client-request-id:
      - a17e0970-d9a9-11e9-95ae-001a7dda7113
      x-ms-date:
      - Wed, 18 Sep 2019 00:16:59 GMT
      x-ms-range:
      - bytes=0-3
      x-ms-version:
      - '2019-02-02'
      x-ms-write:
      - update
    method: PUT
    uri: https://storagename.file.core.windows.net/share625f1644/dir1/file3?comp=range
  response:
    body:
      string: ''
    headers:
      Content-Length:
      - '0'
      Content-MD5:
      - grijQ0kEQRqf3EPKh87nDA==
      Date:
      - Wed, 18 Sep 2019 00:16:58 GMT
      ETag:
      - '"0x8D73BCD85A941BD"'
      Last-Modified:
      - Wed, 18 Sep 2019 00:16:59 GMT
      Server:
      - Windows-Azure-File/1.0 Microsoft-HTTPAPI/2.0
      x-ms-request-id:
      - b4f8d009-d01a-00d0-47b6-6d6ea2000000
      x-ms-request-server-encrypted:
      - 'true'
      x-ms-version:
      - '2019-02-02'
    status:
      code: 201
      message: Created
- request:
    body: null
    headers:
      Accept:
      - application/xml
      Accept-Encoding:
      - gzip, deflate
      Connection:
      - keep-alive
      User-Agent:
      - azsdk-python-storage-file/12.0.0b3 Python/3.7.3 (Windows-10-10.0.18362-SP0)
      content-type:
      - application/xml; charset=utf-8
      x-ms-client-request-id:
      - a1855b98-d9a9-11e9-a6b0-001a7dda7113
      x-ms-date:
      - Wed, 18 Sep 2019 00:16:59 GMT
      x-ms-version:
      - '2019-02-02'
    method: GET
    uri: https://storagename.file.core.windows.net/share625f1644/dir1?prefix=pref&restype=directory&comp=list
  response:
    body:
      string: "\uFEFF<?xml version=\"1.0\" encoding=\"utf-8\"?><EnumerationResults
        ServiceEndpoint=\"https://storagename.file.core.windows.net/\" ShareName=\"share625f1644\"
        DirectoryPath=\"dir1\"><Prefix>pref</Prefix><Entries><Directory><Name>pref_dir3</Name><Properties
        /></Directory><File><Name>pref_file2</Name><Properties><Content-Length>4</Content-Length></Properties></File></Entries><NextMarker
        /></EnumerationResults>"
    headers:
      Content-Type:
      - application/xml
      Date:
      - Wed, 18 Sep 2019 00:16:58 GMT
      Server:
      - Windows-Azure-File/1.0 Microsoft-HTTPAPI/2.0
      Transfer-Encoding:
      - chunked
      x-ms-request-id:
      - b4f8d00a-d01a-00d0-48b6-6d6ea2000000
      x-ms-version:
      - '2019-02-02'
    status:
      code: 200
      message: OK
- request:
    body: null
    headers:
      Accept:
      - application/xml
      Accept-Encoding:
      - gzip, deflate
      Connection:
      - keep-alive
      User-Agent:
      - azsdk-python-storage-file/12.0.0b3 Python/3.7.3 (Windows-10-10.0.18362-SP0)
      content-type:
      - application/xml; charset=utf-8
      x-ms-client-request-id:
      - a18b71ee-d9a9-11e9-84ef-001a7dda7113
      x-ms-date:
      - Wed, 18 Sep 2019 00:16:59 GMT
      x-ms-version:
      - '2019-02-02'
    method: GET
    uri: https://storagename.file.core.windows.net/?include=snapshots&comp=list
  response:
    body:
      string: "\uFEFF<?xml version=\"1.0\" encoding=\"utf-8\"?><EnumerationResults
        ServiceEndpoint=\"https://storagename.file.core.windows.net/\"><Shares><Share><Name>share625f1644</Name><Properties><Last-Modified>Wed,
        18 Sep 2019 00:16:58 GMT</Last-Modified><Etag>\"0x8D73BCD855CC38D\"</Etag><Quota>5120</Quota></Properties></Share></Shares><NextMarker
        /></EnumerationResults>"
    headers:
      Content-Type:
      - application/xml
      Date:
      - Wed, 18 Sep 2019 00:16:58 GMT
      Server:
      - Windows-Azure-File/1.0 Microsoft-HTTPAPI/2.0
      Transfer-Encoding:
      - chunked
      x-ms-request-id:
      - b4f8d00b-d01a-00d0-49b6-6d6ea2000000
      x-ms-version:
      - '2019-02-02'
    status:
      code: 200
      message: OK
- request:
    body: null
    headers:
      Accept:
      - '*/*'
      Accept-Encoding:
      - gzip, deflate
      Connection:
      - keep-alive
      Content-Length:
      - '0'
      User-Agent:
      - azsdk-python-storage-file/12.0.0b3 Python/3.7.3 (Windows-10-10.0.18362-SP0)
      content-type:
      - application/xml; charset=utf-8
      x-ms-client-request-id:
      - a191d51c-d9a9-11e9-8b1f-001a7dda7113
      x-ms-date:
      - Wed, 18 Sep 2019 00:16:59 GMT
      x-ms-delete-snapshots:
      - include
      x-ms-version:
      - '2019-02-02'
    method: DELETE
    uri: https://storagename.file.core.windows.net/share625f1644?restype=share
  response:
    body:
      string: ''
    headers:
      Content-Length:
      - '0'
      Date:
      - Wed, 18 Sep 2019 00:16:58 GMT
      Server:
      - Windows-Azure-File/1.0 Microsoft-HTTPAPI/2.0
      x-ms-request-id:
      - b4f8d00c-d01a-00d0-4ab6-6d6ea2000000
      x-ms-version:
      - '2019-02-02'
    status:
      code: 202
      message: Accepted
version: 1
