interactions:
- request:
    body: null
    headers:
      Accept:
      - '*/*'
      Accept-Encoding:
      - gzip, deflate
      Connection:
      - keep-alive
      Content-Length:
      - '0'
      User-Agent:
      - azsdk-python-storage-file/12.0.0b2 Python/3.7.3 (Windows-10-10.0.17763-SP0)
      x-ms-date:
      - Thu, 29 Aug 2019 19:57:47 GMT
      x-ms-version:
      - '2018-11-09'
    method: PUT
    uri: https://pyacrstoragecaeb0cc2.file.core.windows.net/sharecaeb0cc2?restype=share
  response:
    body:
      string: ''
    headers:
      content-length:
      - '0'
      date:
      - Thu, 29 Aug 2019 19:57:46 GMT
      etag:
      - '"0x8D72CBB29B6AA48"'
      last-modified:
      - Thu, 29 Aug 2019 19:57:46 GMT
      server:
      - Windows-Azure-File/1.0 Microsoft-HTTPAPI/2.0
      x-ms-version:
      - '2018-11-09'
    status:
      code: 201
      message: Created
- request:
    body: null
    headers:
      Accept:
      - '*/*'
      Accept-Encoding:
      - gzip, deflate
      Connection:
      - keep-alive
      Content-Length:
      - '0'
      User-Agent:
      - azsdk-python-storage-file/12.0.0b2 Python/3.7.3 (Windows-10-10.0.17763-SP0)
      x-ms-date:
      - Thu, 29 Aug 2019 19:57:48 GMT
      x-ms-version:
      - '2018-11-09'
    method: PUT
    uri: https://pyacrstoragecaeb0cc2.file.core.windows.net/sharecaeb0cc2?restype=share&comp=snapshot
  response:
    body:
      string: ''
    headers:
      content-length:
      - '0'
      date:
      - Thu, 29 Aug 2019 19:57:46 GMT
      etag:
      - '"0x8D72CBB29B6AA48"'
      last-modified:
      - Thu, 29 Aug 2019 19:57:46 GMT
      server:
      - Windows-Azure-File/1.0 Microsoft-HTTPAPI/2.0
      x-ms-snapshot:
      - '2019-08-29T19:57:46.0000000Z'
      x-ms-version:
      - '2018-11-09'
    status:
      code: 201
      message: Created
- request:
    body: null
    headers:
      Accept:
      - '*/*'
      Accept-Encoding:
      - gzip, deflate
      Connection:
      - keep-alive
      Content-Length:
      - '0'
      User-Agent:
      - azsdk-python-storage-file/12.0.0b2 Python/3.7.3 (Windows-10-10.0.17763-SP0)
      x-ms-date:
      - Thu, 29 Aug 2019 19:57:48 GMT
      x-ms-version:
      - '2018-11-09'
    method: DELETE
    uri: https://pyacrstoragecaeb0cc2.file.core.windows.net/sharecaeb0cc2?restype=share
  response:
    body:
      string: "\uFEFF<?xml version=\"1.0\" encoding=\"utf-8\"?><Error><Code>ShareHasSnapshots</Code><Message>The
        share has snapshots and the operation requires no snapshots.\nRequestId:094a0d5b-f01a-00c6-3fa4-5e4d4a000000\nTime:2019-08-29T19:57:47.9970392Z</Message></Error>"
    headers:
      content-length:
      - '250'
      content-type:
      - application/xml
      date:
      - Thu, 29 Aug 2019 19:57:47 GMT
      server:
      - Windows-Azure-File/1.0 Microsoft-HTTPAPI/2.0
      x-ms-error-code:
      - ShareHasSnapshots
      x-ms-version:
      - '2018-11-09'
    status:
      code: 409
      message: The share has snapshots and the operation requires no snapshots.
- request:
    body: null
    headers:
      Accept:
      - '*/*'
      Accept-Encoding:
      - gzip, deflate
      Connection:
      - keep-alive
      Content-Length:
      - '0'
      User-Agent:
      - azsdk-python-storage-file/12.0.0b2 Python/3.7.3 (Windows-10-10.0.17763-SP0)
      x-ms-date:
      - Thu, 29 Aug 2019 19:57:49 GMT
      x-ms-version:
      - '2018-11-09'
    method: DELETE
    uri: https://pyacrstoragecaeb0cc2.file.core.windows.net/sharecaeb0cc2?sharesnapshot=2019-08-29T19:57:46.0000000Z&restype=share
  response:
    body:
      string: ''
    headers:
      content-length:
      - '0'
      date:
      - Thu, 29 Aug 2019 19:58:07 GMT
      server:
      - Windows-Azure-File/1.0 Microsoft-HTTPAPI/2.0
      x-ms-version:
      - '2018-11-09'
    status:
      code: 202
      message: Accepted
version: 1
