interactions:
- request:
    body: null
    headers:
      Accept:
      - '*/*'
      Accept-Encoding:
      - gzip, deflate
      Connection:
      - keep-alive
      Content-Length:
      - '0'
      User-Agent:
      - azsdk-python-storage-file/12.0.0b1 Python/3.7.3 (Windows-10-10.0.17763-SP0)
      content-type:
      - application/xml; charset=utf-8
      x-ms-client-request-id:
      - 88ffc39e-b639-11e9-8ed8-2816a845e8c6
      x-ms-content-length:
      - '1024'
      x-ms-date:
      - Sat, 03 Aug 2019 21:56:23 GMT
      x-ms-meta:
      - '{''hello'': ''world'', ''number'': ''42''}'
      x-ms-meta-hello:
      - world
      x-ms-meta-number:
      - '42'
      x-ms-type:
      - file
      x-ms-version:
      - '2018-11-09'
    method: PUT
    uri: https://storagename.file.core.windows.net/utshare4cc6103b/file4cc6103b
  response:
    body:
      string: ''
    headers:
      Content-Length:
      - '0'
      Date:
      - Sat, 03 Aug 2019 21:56:22 GMT
      ETag:
      - '"0x8D7185D6CCD6CE3"'
      Last-Modified:
      - Sat, 03 Aug 2019 21:56:23 GMT
      Server:
      - Windows-Azure-File/1.0 Microsoft-HTTPAPI/2.0
      x-ms-request-id:
      - 066cdd8c-601a-00bb-7546-4a85f4000000
      x-ms-request-server-encrypted:
      - 'true'
      x-ms-version:
      - '2018-11-09'
    status:
      code: 201
      message: Created
- request:
    body: null
    headers:
      Accept:
      - '*/*'
      Accept-Encoding:
      - gzip, deflate
      Connection:
      - keep-alive
      User-Agent:
      - azsdk-python-storage-file/12.0.0b1 Python/3.7.3 (Windows-10-10.0.17763-SP0)
      content-type:
      - application/xml; charset=utf-8
      x-ms-client-request-id:
      - 89524d62-b639-11e9-8f2d-2816a845e8c6
      x-ms-date:
      - Sat, 03 Aug 2019 21:56:24 GMT
      x-ms-version:
      - '2018-11-09'
    method: HEAD
    uri: https://storagename.file.core.windows.net/utshare4cc6103b/file4cc6103b
  response:
    body:
      string: ''
    headers:
      Content-Length:
      - '1024'
      Content-Type:
      - application/xml; charset=utf-8
      Date:
      - Sat, 03 Aug 2019 21:56:22 GMT
      ETag:
      - '"0x8D7185D6CCD6CE3"'
      Last-Modified:
      - Sat, 03 Aug 2019 21:56:23 GMT
      Server:
      - Windows-Azure-File/1.0 Microsoft-HTTPAPI/2.0
      Vary:
      - Origin
      x-ms-meta-hello:
      - world
      x-ms-meta-number:
      - '42'
      x-ms-request-id:
      - 066cdd8f-601a-00bb-7646-4a85f4000000
      x-ms-server-encrypted:
      - 'true'
      x-ms-type:
      - File
      x-ms-version:
      - '2018-11-09'
    status:
      code: 200
      message: OK
- request:
    body: null
    headers:
      Accept:
      - '*/*'
      Accept-Encoding:
      - gzip, deflate
      Connection:
      - keep-alive
      Content-Length:
      - '0'
      User-Agent:
      - azsdk-python-storage-file/12.0.0b1 Python/3.7.3 (Windows-10-10.0.17763-SP0)
      content-type:
      - application/xml; charset=utf-8
      x-ms-client-request-id:
      - 7044eafa-b63a-11e9-91a6-2816a845e8c6
      x-ms-content-length:
      - '1024'
      x-ms-date:
      - Sat, 03 Aug 2019 22:02:51 GMT
      x-ms-meta:
      - '{''hello'': ''world'', ''number'': ''42''}'
      x-ms-meta-hello:
      - world
      x-ms-meta-number:
      - '42'
      x-ms-type:
      - file
      x-ms-version:
      - '2018-11-09'
    method: PUT
    uri: https://storagename.file.core.windows.net/utshare4cc6103b/file4cc6103b
  response:
    body:
      string: ''
    headers:
      Content-Length:
      - '0'
      Date:
      - Sat, 03 Aug 2019 22:02:50 GMT
      ETag:
      - '"0x8D7185E53FBD086"'
      Last-Modified:
      - Sat, 03 Aug 2019 22:02:51 GMT
      Server:
      - Windows-Azure-File/1.0 Microsoft-HTTPAPI/2.0
      x-ms-request-id:
      - c7ccb064-501a-0019-2f47-4a4868000000
      x-ms-request-server-encrypted:
      - 'true'
      x-ms-version:
      - '2018-11-09'
    status:
      code: 201
      message: Created
- request:
    body: null
    headers:
      Accept:
      - '*/*'
      Accept-Encoding:
      - gzip, deflate
      Connection:
      - keep-alive
      User-Agent:
      - azsdk-python-storage-file/12.0.0b1 Python/3.7.3 (Windows-10-10.0.17763-SP0)
      content-type:
      - application/xml; charset=utf-8
      x-ms-client-request-id:
      - 7081559e-b63a-11e9-9811-2816a845e8c6
      x-ms-date:
      - Sat, 03 Aug 2019 22:02:52 GMT
      x-ms-version:
      - '2018-11-09'
    method: HEAD
    uri: https://storagename.file.core.windows.net/utshare4cc6103b/file4cc6103b
  response:
    body:
      string: ''
    headers:
      Content-Length:
      - '1024'
      Content-Type:
      - application/xml; charset=utf-8
      Date:
      - Sat, 03 Aug 2019 22:02:50 GMT
      ETag:
      - '"0x8D7185E53FBD086"'
      Last-Modified:
      - Sat, 03 Aug 2019 22:02:51 GMT
      Server:
      - Windows-Azure-File/1.0 Microsoft-HTTPAPI/2.0
      Vary:
      - Origin
      x-ms-meta-hello:
      - world
      x-ms-meta-number:
      - '42'
      x-ms-request-id:
      - c7ccb066-501a-0019-3047-4a4868000000
      x-ms-server-encrypted:
      - 'true'
      x-ms-type:
      - File
      x-ms-version:
      - '2018-11-09'
    status:
      code: 200
      message: OK
- request:
    body: null
    headers:
      Accept:
      - '*/*'
      Accept-Encoding:
      - gzip, deflate
      Connection:
      - keep-alive
      Content-Length:
      - '0'
      User-Agent:
      - azsdk-python-storage-file/12.0.0b1 Python/3.7.3 (Windows-10-10.0.17763-SP0)
      content-type:
      - application/xml; charset=utf-8
      x-ms-client-request-id:
      - d067ce2c-b63a-11e9-a2d6-2816a845e8c6
      x-ms-content-length:
      - '1024'
      x-ms-date:
      - Sat, 03 Aug 2019 22:05:33 GMT
      x-ms-meta:
      - '{''hello'': ''world'', ''number'': ''42''}'
      x-ms-meta-hello:
      - world
      x-ms-meta-number:
      - '42'
      x-ms-type:
      - file
      x-ms-version:
      - '2018-11-09'
    method: PUT
    uri: https://storagename.file.core.windows.net/utshare4cc6103b/file4cc6103b
  response:
    body:
      string: ''
    headers:
      Content-Length:
      - '0'
      Date:
      - Sat, 03 Aug 2019 22:05:32 GMT
      ETag:
      - '"0x8D7185EB4253A60"'
      Last-Modified:
      - Sat, 03 Aug 2019 22:05:32 GMT
      Server:
      - Windows-Azure-File/1.0 Microsoft-HTTPAPI/2.0
      x-ms-request-id:
      - f9bdb96a-f01a-0072-1b47-4a153e000000
      x-ms-request-server-encrypted:
      - 'true'
      x-ms-version:
      - '2018-11-09'
    status:
      code: 201
      message: Created
- request:
    body: null
    headers:
      Accept:
      - '*/*'
      Accept-Encoding:
      - gzip, deflate
      Connection:
      - keep-alive
      User-Agent:
      - azsdk-python-storage-file/12.0.0b1 Python/3.7.3 (Windows-10-10.0.17763-SP0)
      content-type:
      - application/xml; charset=utf-8
      x-ms-client-request-id:
      - d0ba02ee-b63a-11e9-95b5-2816a845e8c6
      x-ms-date:
      - Sat, 03 Aug 2019 22:05:33 GMT
      x-ms-version:
      - '2018-11-09'
    method: HEAD
    uri: https://storagename.file.core.windows.net/utshare4cc6103b/file4cc6103b
  response:
    body:
      string: ''
    headers:
      Content-Length:
      - '1024'
      Content-Type:
      - application/xml; charset=utf-8
      Date:
      - Sat, 03 Aug 2019 22:05:32 GMT
      ETag:
      - '"0x8D7185EB4253A60"'
      Last-Modified:
      - Sat, 03 Aug 2019 22:05:32 GMT
      Server:
      - Windows-Azure-File/1.0 Microsoft-HTTPAPI/2.0
      Vary:
      - Origin
      x-ms-meta-hello:
      - world
      x-ms-meta-number:
      - '42'
      x-ms-request-id:
      - f9bdb975-f01a-0072-2547-4a153e000000
      x-ms-server-encrypted:
      - 'true'
      x-ms-type:
      - File
      x-ms-version:
      - '2018-11-09'
    status:
      code: 200
      message: OK
version: 1
