interactions:
- request:
    body: null
    headers:
      User-Agent:
<<<<<<< HEAD
      - azsdk-python-storage-file/12.0.0b3 Python/3.7.3 (Windows-10-10.0.18362-SP0)
      content-type:
      - application/xml; charset=utf-8
      x-ms-client-request-id:
      - f314d04c-d9a6-11e9-8821-001a7dda7113
      x-ms-date:
      - Tue, 17 Sep 2019 23:57:47 GMT
      x-ms-version:
      - '2019-02-02'
    method: PUT
    uri: https://storagename.file.core.windows.net/utshare8b4316d2?restype=share
=======
      - azsdk-python-storage-file/12.0.0b3 Python/3.7.3 (Windows-10-10.0.17763-SP0)
      x-ms-date:
      - Thu, 12 Sep 2019 07:07:47 GMT
      x-ms-version:
      - '2019-02-02'
    method: PUT
    uri: https://pyacrstorage8b4316d2.file.core.windows.net/utshare8b4316d2?restype=share
>>>>>>> ,pre recordingd and fixes
  response:
    body:
      string: ''
    headers:
<<<<<<< HEAD
      ? !!python/object/new:multidict._istr.istr
      - Content-Length
      : '0'
      ? !!python/object/new:multidict._istr.istr
      - Date
      : Tue, 17 Sep 2019 23:57:47 GMT
      ? !!python/object/new:multidict._istr.istr
      - Etag
      : '"0x8D73BCAD7409CA3"'
      ? !!python/object/new:multidict._istr.istr
      - Last-Modified
      : Tue, 17 Sep 2019 23:57:47 GMT
      ? !!python/object/new:multidict._istr.istr
      - Server
      : Windows-Azure-File/1.0 Microsoft-HTTPAPI/2.0
      x-ms-request-id: 67edba3f-d01a-009d-7cb3-6da14e000000
=======
      content-length: '0'
      date: Thu, 12 Sep 2019 07:07:45 GMT
      etag: '"0x8D7374FE9AF48E7"'
      last-modified: Thu, 12 Sep 2019 07:07:45 GMT
      server: Windows-Azure-File/1.0 Microsoft-HTTPAPI/2.0
>>>>>>> ,pre recordingd and fixes
      x-ms-version: '2019-02-02'
    status:
      code: 201
      message: Created
    url: !!python/object/new:yarl.URL
      state: !!python/tuple
      - !!python/object/new:urllib.parse.SplitResult
        - https
<<<<<<< HEAD
        - emilydevtest.file.core.windows.net
=======
        - pyacrstorage8b4316d2.file.core.windows.net
>>>>>>> ,pre recordingd and fixes
        - /utshare8b4316d2
        - restype=share
        - ''
- request:
    body: null
    headers:
      User-Agent:
<<<<<<< HEAD
      - azsdk-python-storage-file/12.0.0b3 Python/3.7.3 (Windows-10-10.0.18362-SP0)
      content-type:
      - application/xml; charset=utf-8
      x-ms-client-request-id:
      - f3349a78-d9a6-11e9-a31b-001a7dda7113
      x-ms-content-length:
      - '11'
      x-ms-date:
      - Tue, 17 Sep 2019 23:57:47 GMT
=======
      - azsdk-python-storage-file/12.0.0b3 Python/3.7.3 (Windows-10-10.0.17763-SP0)
      x-ms-content-length:
      - '11'
      x-ms-date:
      - Thu, 12 Sep 2019 07:07:47 GMT
>>>>>>> ,pre recordingd and fixes
      x-ms-file-attributes:
      - none
      x-ms-file-creation-time:
      - now
      x-ms-file-last-write-time:
      - now
      x-ms-file-permission:
      - Inherit
      x-ms-type:
      - file
      x-ms-version:
      - '2019-02-02'
    method: PUT
<<<<<<< HEAD
    uri: https://storagename.file.core.windows.net/utshare8b4316d2/%E5%95%8A%E9%BD%84%E4%B8%82%E7%8B%9B%E7%8B%9C
=======
    uri: https://pyacrstorage8b4316d2.file.core.windows.net/utshare8b4316d2/%E5%95%8A%E9%BD%84%E4%B8%82%E7%8B%9B%E7%8B%9C
>>>>>>> ,pre recordingd and fixes
  response:
    body:
      string: ''
    headers:
<<<<<<< HEAD
      ? !!python/object/new:multidict._istr.istr
      - Content-Length
      : '0'
      ? !!python/object/new:multidict._istr.istr
      - Date
      : Tue, 17 Sep 2019 23:57:47 GMT
      ? !!python/object/new:multidict._istr.istr
      - Etag
      : '"0x8D73BCAD7612CD3"'
      ? !!python/object/new:multidict._istr.istr
      - Last-Modified
      : Tue, 17 Sep 2019 23:57:47 GMT
      ? !!python/object/new:multidict._istr.istr
      - Server
      : Windows-Azure-File/1.0 Microsoft-HTTPAPI/2.0
      x-ms-file-attributes: Archive
      x-ms-file-change-time: '2019-09-17T23:57:47.9117011Z'
      x-ms-file-creation-time: '2019-09-17T23:57:47.9117011Z'
      x-ms-file-id: '13835128424026341376'
      x-ms-file-last-write-time: '2019-09-17T23:57:47.9117011Z'
      x-ms-file-parent-id: '0'
      x-ms-file-permission-key: 4099112195243312672*10394889115079208622
      x-ms-request-id: cd4be4b0-701a-003d-7bb3-6d25ef000000
=======
      content-length: '0'
      date: Thu, 12 Sep 2019 07:07:45 GMT
      etag: '"0x8D7374FEA004D2D"'
      last-modified: Thu, 12 Sep 2019 07:07:46 GMT
      server: Windows-Azure-File/1.0 Microsoft-HTTPAPI/2.0
      x-ms-file-attributes: Archive
      x-ms-file-change-time: '2019-09-12T07:07:46.4046893Z'
      x-ms-file-creation-time: '2019-09-12T07:07:46.4046893Z'
      x-ms-file-id: '13835128424026341376'
      x-ms-file-last-write-time: '2019-09-12T07:07:46.4046893Z'
      x-ms-file-parent-id: '0'
      x-ms-file-permission-key: 4033881941558908208*11483002578465635774
>>>>>>> ,pre recordingd and fixes
      x-ms-request-server-encrypted: 'true'
      x-ms-version: '2019-02-02'
    status:
      code: 201
      message: Created
    url: !!python/object/new:yarl.URL
      state: !!python/tuple
      - !!python/object/new:urllib.parse.SplitResult
        - https
<<<<<<< HEAD
        - emilydevtest.file.core.windows.net
=======
        - pyacrstorage8b4316d2.file.core.windows.net
>>>>>>> ,pre recordingd and fixes
        - /utshare8b4316d2/%E5%95%8A%E9%BD%84%E4%B8%82%E7%8B%9B%E7%8B%9C
        - ''
        - ''
- request:
    body: hello world
    headers:
      Content-Length:
      - '11'
      Content-Type:
      - application/octet-stream
      User-Agent:
<<<<<<< HEAD
      - azsdk-python-storage-file/12.0.0b3 Python/3.7.3 (Windows-10-10.0.18362-SP0)
      x-ms-client-request-id:
      - f33c8c0c-d9a6-11e9-9944-001a7dda7113
      x-ms-date:
      - Tue, 17 Sep 2019 23:57:48 GMT
=======
      - azsdk-python-storage-file/12.0.0b3 Python/3.7.3 (Windows-10-10.0.17763-SP0)
      x-ms-date:
      - Thu, 12 Sep 2019 07:07:48 GMT
>>>>>>> ,pre recordingd and fixes
      x-ms-range:
      - bytes=0-10
      x-ms-version:
      - '2019-02-02'
      x-ms-write:
      - update
    method: PUT
<<<<<<< HEAD
    uri: https://storagename.file.core.windows.net/utshare8b4316d2/%E5%95%8A%E9%BD%84%E4%B8%82%E7%8B%9B%E7%8B%9C?comp=range
=======
    uri: https://pyacrstorage8b4316d2.file.core.windows.net/utshare8b4316d2/%E5%95%8A%E9%BD%84%E4%B8%82%E7%8B%9B%E7%8B%9C?comp=range
>>>>>>> ,pre recordingd and fixes
  response:
    body:
      string: ''
    headers:
<<<<<<< HEAD
      ? !!python/object/new:multidict._istr.istr
      - Content-Length
      : '0'
      ? !!python/object/new:multidict._istr.istr
      - Content-Md5
      : XrY7u+Ae7tCTyyK7j1rNww==
      ? !!python/object/new:multidict._istr.istr
      - Date
      : Tue, 17 Sep 2019 23:57:47 GMT
      ? !!python/object/new:multidict._istr.istr
      - Etag
      : '"0x8D73BCAD7643AD5"'
      ? !!python/object/new:multidict._istr.istr
      - Last-Modified
      : Tue, 17 Sep 2019 23:57:47 GMT
      ? !!python/object/new:multidict._istr.istr
      - Server
      : Windows-Azure-File/1.0 Microsoft-HTTPAPI/2.0
      x-ms-request-id: cd4be4b1-701a-003d-7cb3-6d25ef000000
=======
      content-length: '0'
      content-md5: XrY7u+Ae7tCTyyK7j1rNww==
      date: Thu, 12 Sep 2019 07:07:45 GMT
      etag: '"0x8D7374FEA0ECF9B"'
      last-modified: Thu, 12 Sep 2019 07:07:46 GMT
      server: Windows-Azure-File/1.0 Microsoft-HTTPAPI/2.0
>>>>>>> ,pre recordingd and fixes
      x-ms-request-server-encrypted: 'true'
      x-ms-version: '2019-02-02'
    status:
      code: 201
      message: Created
    url: !!python/object/new:yarl.URL
      state: !!python/tuple
      - !!python/object/new:urllib.parse.SplitResult
        - https
<<<<<<< HEAD
        - emilydevtest.file.core.windows.net
=======
        - pyacrstorage8b4316d2.file.core.windows.net
>>>>>>> ,pre recordingd and fixes
        - /utshare8b4316d2/%E5%95%8A%E9%BD%84%E4%B8%82%E7%8B%9B%E7%8B%9C
        - comp=range
        - ''
- request:
    body: null
    headers:
      Accept:
      - application/xml
      User-Agent:
<<<<<<< HEAD
      - azsdk-python-storage-file/12.0.0b3 Python/3.7.3 (Windows-10-10.0.18362-SP0)
      content-type:
      - application/xml; charset=utf-8
      x-ms-client-request-id:
      - f33f223a-d9a6-11e9-93ef-001a7dda7113
      x-ms-date:
      - Tue, 17 Sep 2019 23:57:48 GMT
=======
      - azsdk-python-storage-file/12.0.0b3 Python/3.7.3 (Windows-10-10.0.17763-SP0)
      x-ms-date:
      - Thu, 12 Sep 2019 07:07:48 GMT
>>>>>>> ,pre recordingd and fixes
      x-ms-range:
      - bytes=0-33554431
      x-ms-version:
      - '2019-02-02'
    method: GET
<<<<<<< HEAD
    uri: https://storagename.file.core.windows.net/utshare8b4316d2/%E5%95%8A%E9%BD%84%E4%B8%82%E7%8B%9B%E7%8B%9C
=======
    uri: https://pyacrstorage8b4316d2.file.core.windows.net/utshare8b4316d2/%E5%95%8A%E9%BD%84%E4%B8%82%E7%8B%9B%E7%8B%9C
>>>>>>> ,pre recordingd and fixes
  response:
    body:
      string: hello world
    headers:
<<<<<<< HEAD
      ? !!python/object/new:multidict._istr.istr
      - Accept-Ranges
      : bytes
      ? !!python/object/new:multidict._istr.istr
      - Content-Length
      : '11'
      ? !!python/object/new:multidict._istr.istr
      - Content-Range
      : bytes 0-10/11
      ? !!python/object/new:multidict._istr.istr
      - Content-Type
      : application/xml; charset=utf-8
      ? !!python/object/new:multidict._istr.istr
      - Date
      : Tue, 17 Sep 2019 23:57:47 GMT
      ? !!python/object/new:multidict._istr.istr
      - Etag
      : '"0x8D73BCAD7643AD5"'
      ? !!python/object/new:multidict._istr.istr
      - Last-Modified
      : Tue, 17 Sep 2019 23:57:47 GMT
      ? !!python/object/new:multidict._istr.istr
      - Server
      : Windows-Azure-File/1.0 Microsoft-HTTPAPI/2.0
      x-ms-file-attributes: Archive
      x-ms-file-change-time: '2019-09-17T23:57:47.9117011Z'
      x-ms-file-creation-time: '2019-09-17T23:57:47.9117011Z'
      x-ms-file-id: '13835128424026341376'
      x-ms-file-last-write-time: '2019-09-17T23:57:47.9117011Z'
      x-ms-file-parent-id: '0'
      x-ms-file-permission-key: 4099112195243312672*10394889115079208622
      x-ms-request-id: cd4be4b2-701a-003d-7db3-6d25ef000000
=======
      accept-ranges: bytes
      content-length: '11'
      content-range: bytes 0-10/11
      content-type: application/octet-stream
      date: Thu, 12 Sep 2019 07:07:45 GMT
      etag: '"0x8D7374FEA0ECF9B"'
      last-modified: Thu, 12 Sep 2019 07:07:46 GMT
      server: Windows-Azure-File/1.0 Microsoft-HTTPAPI/2.0
      x-ms-file-attributes: Archive
      x-ms-file-change-time: '2019-09-12T07:07:46.4046893Z'
      x-ms-file-creation-time: '2019-09-12T07:07:46.4046893Z'
      x-ms-file-id: '13835128424026341376'
      x-ms-file-last-write-time: '2019-09-12T07:07:46.4046893Z'
      x-ms-file-parent-id: '0'
      x-ms-file-permission-key: 4033881941558908208*11483002578465635774
>>>>>>> ,pre recordingd and fixes
      x-ms-server-encrypted: 'true'
      x-ms-type: File
      x-ms-version: '2019-02-02'
    status:
      code: 206
      message: Partial Content
    url: !!python/object/new:yarl.URL
      state: !!python/tuple
      - !!python/object/new:urllib.parse.SplitResult
        - https
<<<<<<< HEAD
        - emilydevtest.file.core.windows.net
=======
        - pyacrstorage8b4316d2.file.core.windows.net
>>>>>>> ,pre recordingd and fixes
        - /utshare8b4316d2/%E5%95%8A%E9%BD%84%E4%B8%82%E7%8B%9B%E7%8B%9C
        - ''
        - ''
version: 1
