interactions:
- request:
    body: null
    headers:
      Accept:
      - '*/*'
      Accept-Encoding:
      - gzip, deflate
      Connection:
      - keep-alive
      Content-Length:
      - '0'
      User-Agent:
      - azsdk-python-storage-file/12.0.0b4 Python/3.7.3 (Windows-10-10.0.17763-SP0)
      x-ms-date:
      - Mon, 14 Oct 2019 18:26:54 GMT
      x-ms-version:
      - '2019-02-02'
    method: PUT
    uri: https://pyacrstorage492a15b6.file.core.windows.net/share492a15b6?restype=share
  response:
    body:
      string: ''
    headers:
      content-length:
      - '0'
      date:
      - Mon, 14 Oct 2019 18:26:52 GMT
      etag:
      - '"0x8D750D4163A99F9"'
      last-modified:
      - Mon, 14 Oct 2019 18:26:53 GMT
      server:
      - Windows-Azure-File/1.0 Microsoft-HTTPAPI/2.0
      x-ms-version:
      - '2019-02-02'
    status:
      code: 201
      message: Created
- request:
    body: '<?xml version=''1.0'' encoding=''utf-8''?>

      <SignedIdentifiers><SignedIdentifier><Id>testid</Id><AccessPolicy><Start>2019-10-14T18:25:54Z</Start><Expiry>2019-10-14T19:26:54Z</Expiry><Permission>w</Permission></AccessPolicy></SignedIdentifier></SignedIdentifiers>'
    headers:
      Accept:
      - '*/*'
      Accept-Encoding:
      - gzip, deflate
      Connection:
      - keep-alive
      Content-Length:
      - '257'
      Content-Type:
      - application/xml; charset=utf-8
      User-Agent:
      - azsdk-python-storage-file/12.0.0b4 Python/3.7.3 (Windows-10-10.0.17763-SP0)
      x-ms-date:
      - Mon, 14 Oct 2019 18:26:54 GMT
      x-ms-version:
      - '2019-02-02'
    method: PUT
    uri: https://pyacrstorage492a15b6.file.core.windows.net/share492a15b6?restype=share&comp=acl
  response:
    body:
      string: ''
    headers:
      content-length:
      - '0'
      date:
      - Mon, 14 Oct 2019 18:26:53 GMT
      etag:
      - '"0x8D750D416557D25"'
      last-modified:
      - Mon, 14 Oct 2019 18:26:53 GMT
      server:
      - Windows-Azure-File/1.0 Microsoft-HTTPAPI/2.0
      x-ms-version:
      - '2019-02-02'
    status:
      code: 200
      message: OK
- request:
    body: null
    headers:
      Accept:
      - application/xml
      Accept-Encoding:
      - gzip, deflate
      Connection:
      - keep-alive
      User-Agent:
      - azsdk-python-storage-file/12.0.0b4 Python/3.7.3 (Windows-10-10.0.17763-SP0)
      x-ms-date:
      - Mon, 14 Oct 2019 18:26:54 GMT
      x-ms-version:
      - '2019-02-02'
    method: GET
    uri: https://pyacrstorage492a15b6.file.core.windows.net/share492a15b6?restype=share&comp=acl
  response:
    body:
      string: "\uFEFF<?xml version=\"1.0\" encoding=\"utf-8\"?><SignedIdentifiers><SignedIdentifier><Id>testid</Id><AccessPolicy><Start>2019-10-14T18:25:54.0000000Z</Start><Expiry>2019-10-14T19:26:54.0000000Z</Expiry><Permission>w</Permission></AccessPolicy></SignedIdentifier></SignedIdentifiers>"
    headers:
      content-type:
      - application/xml
      date:
      - Mon, 14 Oct 2019 18:26:53 GMT
      etag:
      - '"0x8D750D416557D25"'
      last-modified:
      - Mon, 14 Oct 2019 18:26:53 GMT
      server:
      - Windows-Azure-File/1.0 Microsoft-HTTPAPI/2.0
      transfer-encoding:
      - chunked
      x-ms-version:
      - '2019-02-02'
    status:
      code: 200
      message: OK
version: 1
