interactions:
- request:
    body: null
    headers:
      Accept:
      - '*/*'
      Accept-Encoding:
      - gzip, deflate
      Connection:
      - keep-alive
      Content-Length:
      - '0'
      User-Agent:
      - azsdk-python-storage-file/12.0.0b4 Python/3.7.3 (Windows-10-10.0.17763-SP0)
      x-ms-date:
      - Mon, 14 Oct 2019 18:14:46 GMT
      x-ms-version:
      - '2019-02-02'
    method: PUT
    uri: https://pyacrstorageb6cf12d6.file.core.windows.net/utshareb6cf12d6?restype=share
  response:
    body:
      string: ''
    headers:
      content-length:
      - '0'
      date:
      - Mon, 14 Oct 2019 18:14:45 GMT
      etag:
      - '"0x8D750D264ABA02C"'
      last-modified:
      - Mon, 14 Oct 2019 18:14:45 GMT
      server:
      - Windows-Azure-File/1.0 Microsoft-HTTPAPI/2.0
      x-ms-version:
      - '2019-02-02'
    status:
      code: 201
      message: Created
- request:
    body: null
    headers:
      Accept:
      - '*/*'
      Accept-Encoding:
      - gzip, deflate
      Connection:
      - keep-alive
      Content-Length:
      - '0'
      User-Agent:
      - azsdk-python-storage-file/12.0.0b4 Python/3.7.3 (Windows-10-10.0.17763-SP0)
      x-ms-content-length:
      - '1024'
      x-ms-date:
      - Mon, 14 Oct 2019 18:14:47 GMT
      x-ms-file-attributes:
      - none
      x-ms-file-creation-time:
      - now
      x-ms-file-last-write-time:
      - now
      x-ms-file-permission:
      - Inherit
      x-ms-type:
      - file
      x-ms-version:
      - '2019-02-02'
    method: PUT
    uri: https://pyacrstorageb6cf12d6.file.core.windows.net/utshareb6cf12d6/fileb6cf12d6
  response:
    body:
      string: ''
    headers:
      content-length:
      - '0'
      date:
      - Mon, 14 Oct 2019 18:14:45 GMT
      etag:
      - '"0x8D750D264BAE0CD"'
      last-modified:
      - Mon, 14 Oct 2019 18:14:45 GMT
      server:
      - Windows-Azure-File/1.0 Microsoft-HTTPAPI/2.0
      x-ms-file-attributes:
      - Archive
      x-ms-file-change-time:
      - '2019-10-14T18:14:45.9537613Z'
      x-ms-file-creation-time:
      - '2019-10-14T18:14:45.9537613Z'
      x-ms-file-id:
      - '13835128424026341376'
      x-ms-file-last-write-time:
      - '2019-10-14T18:14:45.9537613Z'
      x-ms-file-parent-id:
      - '0'
      x-ms-file-permission-key:
      - 17126264420172534217*4975455600137107783
      x-ms-request-server-encrypted:
      - 'true'
      x-ms-version:
      - '2019-02-02'
    status:
      code: 201
      message: Created
- request:
    body: viscaelbarcelonaviscaelbarcelonaviscaelbarcelonaviscaelbarcelonaviscaelbarcelonaviscaelbarcelonaviscaelbarcelonaviscaelbarcelonaviscaelbarcelonaviscaelbarcelonaviscaelbarcelonaviscaelbarcelonaviscaelbarcelonaviscaelbarcelonaviscaelbarcelonaviscaelbarcelonaviscaelbarcelonaviscaelbarcelonaviscaelbarcelonaviscaelbarcelonaviscaelbarcelonaviscaelbarcelonaviscaelbarcelonaviscaelbarcelonaviscaelbarcelonaviscaelbarcelonaviscaelbarcelonaviscaelbarcelonaviscaelbarcelonaviscaelbarcelonaviscaelbarcelonaviscaelbarcelonaviscaelbarcelonaviscaelbarcelonaviscaelbarcelonaviscaelbarcelonaviscaelbarcelonaviscaelbarcelonaviscaelbarcelonaviscaelbarcelonaviscaelbarcelonaviscaelbarcelonaviscaelbarcelonaviscaelbarcelonaviscaelbarcelonaviscaelbarcelonaviscaelbarcelonaviscaelbarcelonaviscaelbarcelonaviscaelbarcelonaviscaelbarcelonaviscaelbarcelonaviscaelbarcelonaviscaelbarcelonaviscaelbarcelonaviscaelbarcelonaviscaelbarcelonaviscaelbarcelonaviscaelbarcelonaviscaelbarcelonaviscaelbarcelonaviscaelbarcelonaviscaelbarcelonaviscaelbarcelona
    headers:
      Accept:
      - '*/*'
      Accept-Encoding:
      - gzip, deflate
      Connection:
      - keep-alive
      Content-Length:
      - '1024'
      Content-Type:
      - application/octet-stream
      User-Agent:
      - azsdk-python-storage-file/12.0.0b4 Python/3.7.3 (Windows-10-10.0.17763-SP0)
      x-ms-date:
      - Mon, 14 Oct 2019 18:14:47 GMT
      x-ms-range:
      - bytes=0-1023
      x-ms-version:
      - '2019-02-02'
      x-ms-write:
      - update
    method: PUT
    uri: https://pyacrstorageb6cf12d6.file.core.windows.net/utshareb6cf12d6/fileb6cf12d6?comp=range
  response:
    body:
      string: ''
    headers:
      content-length:
      - '0'
      content-md5:
      - du4kJz1REW8y+U0MUsGZyA==
      date:
      - Mon, 14 Oct 2019 18:14:45 GMT
      etag:
      - '"0x8D750D264C93B53"'
      last-modified:
      - Mon, 14 Oct 2019 18:14:46 GMT
      server:
      - Windows-Azure-File/1.0 Microsoft-HTTPAPI/2.0
      x-ms-request-server-encrypted:
      - 'true'
      x-ms-version:
      - '2019-02-02'
    status:
      code: 201
      message: Created
- request:
    body: null
    headers:
      Accept:
      - '*/*'
      Accept-Encoding:
      - gzip, deflate
      Connection:
      - keep-alive
      Content-Length:
      - '0'
      User-Agent:
      - azsdk-python-storage-file/12.0.0b4 Python/3.7.3 (Windows-10-10.0.17763-SP0)
      x-ms-date:
      - Mon, 14 Oct 2019 18:14:47 GMT
      x-ms-meta:
      - '{''test1'': ''foo'', ''test2'': ''bar''}'
      x-ms-meta-test1:
      - foo
      x-ms-meta-test2:
      - bar
      x-ms-version:
      - '2019-02-02'
    method: PUT
    uri: https://pyacrstorageb6cf12d6.file.core.windows.net/utshareb6cf12d6/fileb6cf12d6?comp=metadata
  response:
    body:
      string: ''
    headers:
      content-length:
      - '0'
      date:
      - Mon, 14 Oct 2019 18:14:46 GMT
      etag:
      - '"0x8D750D264DA0739"'
      last-modified:
      - Mon, 14 Oct 2019 18:14:46 GMT
      server:
      - Windows-Azure-File/1.0 Microsoft-HTTPAPI/2.0
      x-ms-request-server-encrypted:
      - 'true'
      x-ms-version:
      - '2019-02-02'
    status:
      code: 200
      message: OK
- request:
    body: null
    headers:
      Accept:
      - '*/*'
      Accept-Encoding:
      - gzip, deflate
      Connection:
      - keep-alive
      Content-Length:
      - '0'
      User-Agent:
      - azsdk-python-storage-file/12.0.0b4 Python/3.7.3 (Windows-10-10.0.17763-SP0)
      x-ms-date:
      - Mon, 14 Oct 2019 18:14:47 GMT
      x-ms-version:
      - '2019-02-02'
    method: PUT
    uri: https://pyacrstorageb6cf12d6.file.core.windows.net/utshareb6cf12d6?restype=share&comp=snapshot
  response:
    body:
      string: ''
    headers:
      content-length:
      - '0'
      date:
      - Mon, 14 Oct 2019 18:14:46 GMT
      etag:
      - '"0x8D750D264ABA02C"'
      last-modified:
      - Mon, 14 Oct 2019 18:14:45 GMT
      server:
      - Windows-Azure-File/1.0 Microsoft-HTTPAPI/2.0
      x-ms-snapshot:
      - '2019-10-14T18:14:46.0000000Z'
      x-ms-version:
      - '2019-02-02'
    status:
      code: 201
      message: Created
- request:
    body: null
    headers:
      Accept:
      - '*/*'
      Accept-Encoding:
      - gzip, deflate
      Connection:
      - keep-alive
      Content-Length:
      - '0'
      User-Agent:
      - azsdk-python-storage-file/12.0.0b4 Python/3.7.3 (Windows-10-10.0.17763-SP0)
      x-ms-date:
      - Mon, 14 Oct 2019 18:14:47 GMT
      x-ms-meta:
      - '{''test100'': ''foo100'', ''test200'': ''bar200''}'
      x-ms-meta-test100:
      - foo100
      x-ms-meta-test200:
      - bar200
      x-ms-version:
      - '2019-02-02'
    method: PUT
    uri: https://pyacrstorageb6cf12d6.file.core.windows.net/utshareb6cf12d6/fileb6cf12d6?comp=metadata
  response:
    body:
      string: ''
    headers:
      content-length:
      - '0'
      date:
      - Mon, 14 Oct 2019 18:14:46 GMT
      etag:
      - '"0x8D750D2650B5974"'
      last-modified:
      - Mon, 14 Oct 2019 18:14:46 GMT
      server:
      - Windows-Azure-File/1.0 Microsoft-HTTPAPI/2.0
      x-ms-request-server-encrypted:
      - 'true'
      x-ms-version:
      - '2019-02-02'
    status:
      code: 200
      message: OK
- request:
    body: null
    headers:
      Accept:
      - '*/*'
      Accept-Encoding:
      - gzip, deflate
      Connection:
      - keep-alive
      User-Agent:
      - azsdk-python-storage-file/12.0.0b4 Python/3.7.3 (Windows-10-10.0.17763-SP0)
      x-ms-date:
      - Mon, 14 Oct 2019 18:14:47 GMT
      x-ms-version:
      - '2019-02-02'
    method: HEAD
    uri: https://pyacrstorageb6cf12d6.file.core.windows.net/utshareb6cf12d6/fileb6cf12d6
  response:
    body:
      string: ''
    headers:
      content-length:
      - '1024'
      content-type:
      - application/octet-stream
      date:
      - Mon, 14 Oct 2019 18:14:46 GMT
      etag:
      - '"0x8D750D2650B5974"'
      last-modified:
      - Mon, 14 Oct 2019 18:14:46 GMT
      server:
      - Windows-Azure-File/1.0 Microsoft-HTTPAPI/2.0
      x-ms-file-attributes:
      - Archive
      x-ms-file-change-time:
      - '2019-10-14T18:14:46.4811380Z'
      x-ms-file-creation-time:
      - '2019-10-14T18:14:45.9537613Z'
      x-ms-file-id:
      - '13835128424026341376'
      x-ms-file-last-write-time:
      - '2019-10-14T18:14:45.9537613Z'
      x-ms-file-parent-id:
      - '0'
      x-ms-file-permission-key:
      - 17126264420172534217*4975455600137107783
      x-ms-lease-state:
      - available
      x-ms-lease-status:
      - unlocked
      x-ms-meta-test100:
      - foo100
      x-ms-meta-test200:
      - bar200
      x-ms-server-encrypted:
      - 'true'
      x-ms-type:
      - File
      x-ms-version:
      - '2019-02-02'
    status:
      code: 200
      message: OK
- request:
    body: null
    headers:
      Accept:
      - '*/*'
      Accept-Encoding:
      - gzip, deflate
      Connection:
      - keep-alive
      User-Agent:
      - azsdk-python-storage-file/12.0.0b4 Python/3.7.3 (Windows-10-10.0.17763-SP0)
      x-ms-date:
      - Mon, 14 Oct 2019 18:14:47 GMT
      x-ms-version:
      - '2019-02-02'
    method: HEAD
    uri: https://pyacrstorageb6cf12d6.file.core.windows.net/utshareb6cf12d6/fileb6cf12d6?sharesnapshot=2019-10-14T18:14:46.0000000Z
  response:
    body:
      string: ''
    headers:
      content-length:
      - '1024'
      content-type:
      - application/octet-stream
      date:
      - Mon, 14 Oct 2019 18:14:46 GMT
      etag:
      - '"0x8D750D264DA0739"'
      last-modified:
      - Mon, 14 Oct 2019 18:14:46 GMT
      server:
      - Windows-Azure-File/1.0 Microsoft-HTTPAPI/2.0
      x-ms-file-attributes:
      - Archive
      x-ms-file-change-time:
      - '2019-10-14T18:14:46.1579065Z'
      x-ms-file-creation-time:
      - '2019-10-14T18:14:45.9537613Z'
      x-ms-file-id:
      - '13835128424026341376'
      x-ms-file-last-write-time:
      - '2019-10-14T18:14:45.9537613Z'
      x-ms-file-parent-id:
      - '0'
      x-ms-file-permission-key:
      - 17126264420172534217*4975455600137107783
      x-ms-meta-test1:
      - foo
      x-ms-meta-test2:
      - bar
      x-ms-server-encrypted:
      - 'true'
      x-ms-type:
      - File
      x-ms-version:
      - '2019-02-02'
    status:
      code: 200
      message: OK
version: 1
