interactions:
- request:
    body: null
    headers:
      Accept:
      - '*/*'
      Accept-Encoding:
      - gzip, deflate
      Connection:
      - keep-alive
      Content-Length:
      - '0'
      User-Agent:
      - azsdk-python-storage-file/12.0.0b2 Python/3.7.3 (Windows-10-10.0.17763-SP0)
      content-type:
      - application/xml; charset=utf-8
      x-ms-date:
      - Thu, 22 Aug 2019 18:26:44 GMT
      x-ms-version:
      - '2018-11-09'
    method: PUT
    uri: https://pyacrstorage14271500.file.core.windows.net/utshare14271500?restype=share
  response:
    body:
      string: ''
    headers:
      content-length:
      - '0'
      date:
      - Thu, 22 Aug 2019 18:26:41 GMT
      etag:
      - '"0x8D7272E47DFF55C"'
      last-modified:
      - Thu, 22 Aug 2019 18:26:42 GMT
      server:
      - Windows-Azure-File/1.0 Microsoft-HTTPAPI/2.0
      x-ms-version:
      - '2018-11-09'
    status:
      code: 201
      message: Created
- request:
    body: null
    headers:
      Accept:
      - '*/*'
      Accept-Encoding:
      - gzip, deflate
      Connection:
      - keep-alive
      Content-Length:
      - '0'
      User-Agent:
      - azsdk-python-storage-file/12.0.0b2 Python/3.7.3 (Windows-10-10.0.17763-SP0)
      content-type:
      - application/xml; charset=utf-8
      x-ms-date:
      - Thu, 22 Aug 2019 18:26:45 GMT
      x-ms-version:
      - '2018-11-09'
    method: PUT
    uri: https://pyacrstorage14271500.file.core.windows.net/utshare14271500/dir1?restype=directory
  response:
    body:
      string: ''
    headers:
      content-length:
      - '0'
      date:
      - Thu, 22 Aug 2019 18:26:41 GMT
      etag:
      - '"0x8D7272E48089106"'
      last-modified:
      - Thu, 22 Aug 2019 18:26:42 GMT
      server:
      - Windows-Azure-File/1.0 Microsoft-HTTPAPI/2.0
      x-ms-request-server-encrypted:
      - 'true'
      x-ms-version:
      - '2018-11-09'
    status:
      code: 201
      message: Created
- request:
    body: null
    headers:
      Accept:
      - '*/*'
      Accept-Encoding:
      - gzip, deflate
      Connection:
      - keep-alive
      Content-Length:
      - '0'
      User-Agent:
      - azsdk-python-storage-file/12.0.0b2 Python/3.7.3 (Windows-10-10.0.17763-SP0)
      content-type:
      - application/xml; charset=utf-8
      x-ms-date:
      - Thu, 22 Aug 2019 18:26:45 GMT
      x-ms-version:
      - '2018-11-09'
    method: PUT
    uri: https://pyacrstorage14271500.file.core.windows.net/utshare14271500?restype=share&comp=snapshot
  response:
    body:
      string: ''
    headers:
      content-length:
      - '0'
      date:
      - Thu, 22 Aug 2019 18:26:42 GMT
      etag:
      - '"0x8D7272E47DFF55C"'
      last-modified:
      - Thu, 22 Aug 2019 18:26:42 GMT
      server:
      - Windows-Azure-File/1.0 Microsoft-HTTPAPI/2.0
      x-ms-snapshot:
      - '2019-08-22T18:26:42.0000000Z'
      x-ms-version:
      - '2018-11-09'
    status:
      code: 201
      message: Created
- request:
    body: null
    headers:
      Accept:
      - '*/*'
      Accept-Encoding:
      - gzip, deflate
      Connection:
      - keep-alive
      Content-Length:
      - '0'
      User-Agent:
      - azsdk-python-storage-file/12.0.0b2 Python/3.7.3 (Windows-10-10.0.17763-SP0)
      content-type:
      - application/xml; charset=utf-8
      x-ms-date:
      - Thu, 22 Aug 2019 18:26:45 GMT
      x-ms-version:
      - '2018-11-09'
    method: DELETE
    uri: https://pyacrstorage14271500.file.core.windows.net/utshare14271500/dir1?restype=directory
  response:
    body:
      string: ''
    headers:
      content-length:
      - '0'
      date:
      - Thu, 22 Aug 2019 18:26:42 GMT
      server:
      - Windows-Azure-File/1.0 Microsoft-HTTPAPI/2.0
      x-ms-version:
      - '2018-11-09'
    status:
      code: 202
      message: Accepted
- request:
    body: null
    headers:
      Accept:
      - '*/*'
      Accept-Encoding:
      - gzip, deflate
      Connection:
      - keep-alive
      User-Agent:
      - azsdk-python-storage-file/12.0.0b2 Python/3.7.3 (Windows-10-10.0.17763-SP0)
      content-type:
      - application/xml; charset=utf-8
      x-ms-date:
      - Thu, 22 Aug 2019 18:26:45 GMT
      x-ms-version:
      - '2018-11-09'
    method: GET
    uri: https://pyacrstorage14271500.file.core.windows.net/utshare14271500/dir1?restype=directory&sharesnapshot=2019-08-22T18:26:42.0000000Z
  response:
    body:
      string: ''
    headers:
      content-length:
      - '0'
      date:
      - Thu, 22 Aug 2019 18:26:42 GMT
      etag:
      - '"0x8D7272E48089106"'
      last-modified:
      - Thu, 22 Aug 2019 18:26:42 GMT
      server:
      - Windows-Azure-File/1.0 Microsoft-HTTPAPI/2.0
      x-ms-server-encrypted:
      - 'true'
      x-ms-version:
      - '2018-11-09'
    status:
      code: 200
      message: OK
version: 1
