interactions:
- request:
    body: '<?xml version=''1.0'' encoding=''utf-8''?>

      <StorageServiceProperties><MinuteMetrics><Version>1.0</Version><Enabled>true</Enabled><IncludeAPIs>true</IncludeAPIs><RetentionPolicy><Enabled>true</Enabled><Days>5</Days></RetentionPolicy></MinuteMetrics></StorageServiceProperties>'
    headers:
      Accept:
      - '*/*'
      Accept-Encoding:
      - gzip, deflate
      Connection:
      - keep-alive
      Content-Length:
      - '271'
      Content-Type:
      - application/xml; charset=utf-8
      User-Agent:
      - python/3.6.5 (Darwin-16.7.0-x86_64-i386-64bit) azure-core/0.0.1
      x-ms-client-request-id:
      - 72727de4-9691-11e9-95aa-f45c89a7d159
      x-ms-date:
      - Mon, 24 Jun 2019 15:05:04 GMT
      x-ms-version:
      - '2018-11-09'
    method: PUT
    uri: https://remotestoragename.file.core.windows.net/?restype=service&comp=properties
  response:
    body:
      string: ''
    headers:
      Content-Length:
      - '0'
      Date:
      - Mon, 24 Jun 2019 15:05:08 GMT
      Server:
      - Windows-Azure-File/1.0 Microsoft-HTTPAPI/2.0
      x-ms-request-id:
      - 78aa5fa6-401a-00ca-269e-2af7cd000000
      x-ms-version:
      - '2018-11-09'
    status:
      code: 202
      message: Accepted
- request:
    body: null
    headers:
      Accept:
      - application/xml
      Accept-Encoding:
      - gzip, deflate
      Connection:
      - keep-alive
      User-Agent:
      - python/3.6.5 (Darwin-16.7.0-x86_64-i386-64bit) azure-core/0.0.1
      x-ms-client-request-id:
      - 7492027a-9691-11e9-a204-f45c89a7d159
      x-ms-date:
      - Mon, 24 Jun 2019 15:05:08 GMT
      x-ms-version:
      - '2018-11-09'
    method: GET
    uri: https://remotestoragename.file.core.windows.net/?restype=service&comp=properties
  response:
    body:
      string: "\uFEFF<?xml version=\"1.0\" encoding=\"utf-8\"?><StorageServiceProperties><HourMetrics><Version>1.0</Version><Enabled>true</Enabled><IncludeAPIs>true</IncludeAPIs><RetentionPolicy><Enabled>true</Enabled><Days>5</Days></RetentionPolicy></HourMetrics><MinuteMetrics><Version>1.0</Version><Enabled>true</Enabled><IncludeAPIs>true</IncludeAPIs><RetentionPolicy><Enabled>true</Enabled><Days>5</Days></RetentionPolicy></MinuteMetrics><Cors><CorsRule><AllowedMethods>GET</AllowedMethods><AllowedOrigins>www.xyz.com</AllowedOrigins><AllowedHeaders\
        \ /><ExposedHeaders /><MaxAgeInSeconds>0</MaxAgeInSeconds></CorsRule><CorsRule><AllowedMethods>GET,PUT</AllowedMethods><AllowedOrigins>www.xyz.com,www.ab.com,www.bc.com</AllowedOrigins><AllowedHeaders>x-ms-meta-xyz,x-ms-meta-foo,x-ms-meta-data*,x-ms-meta-target*</AllowedHeaders><ExposedHeaders>x-ms-meta-abc,x-ms-meta-bcd,x-ms-meta-data*,x-ms-meta-source*</ExposedHeaders><MaxAgeInSeconds>500</MaxAgeInSeconds></CorsRule></Cors></StorageServiceProperties>"
    headers:
      Content-Type:
      - application/xml
      Date:
      - Mon, 24 Jun 2019 15:05:08 GMT
      Server:
      - Windows-Azure-File/1.0 Microsoft-HTTPAPI/2.0
      Transfer-Encoding:
      - chunked
      Vary:
      - Origin
      x-ms-request-id:
      - 78aa5fb2-401a-00ca-299e-2af7cd000000
      x-ms-version:
      - '2018-11-09'
    status:
      code: 200
      message: OK
- request:
    body: '<?xml version=''1.0'' encoding=''utf-8''?>

      <StorageServiceProperties><MinuteMetrics><Version>1.0</Version><Enabled>true</Enabled><IncludeAPIs>true</IncludeAPIs><RetentionPolicy><Enabled>true</Enabled><Days>5</Days></RetentionPolicy></MinuteMetrics></StorageServiceProperties>'
    headers:
      Accept:
      - '*/*'
      Accept-Encoding:
      - gzip, deflate
      Connection:
      - keep-alive
      Content-Length:
      - '271'
      Content-Type:
      - application/xml; charset=utf-8
      User-Agent:
      - python/3.6.5 (Darwin-16.7.0-x86_64-i386-64bit) azure-core/0.0.1
      x-ms-client-request-id:
      - aa22c9e2-97ce-11e9-afbc-f45c89a7d159
      x-ms-date:
      - Wed, 26 Jun 2019 04:55:48 GMT
      x-ms-version:
      - '2018-11-09'
    method: PUT
    uri: https://blobstoragename.file.core.windows.net/?restype=service&comp=properties
  response:
    body:
      string: ''
    headers:
      Content-Length:
      - '0'
      Date:
      - Wed, 26 Jun 2019 04:55:51 GMT
      Server:
      - Windows-Azure-File/1.0 Microsoft-HTTPAPI/2.0
      x-ms-request-id:
      - 3b8db3fd-d01a-00a9-5edb-2bb1e8000000
      x-ms-version:
      - '2018-11-09'
    status:
      code: 202
      message: Accepted
- request:
    body: null
    headers:
      Accept:
      - application/xml
      Accept-Encoding:
      - gzip, deflate
      Connection:
      - keep-alive
      User-Agent:
      - python/3.6.5 (Darwin-16.7.0-x86_64-i386-64bit) azure-core/0.0.1
      x-ms-client-request-id:
      - ac3bcbc8-97ce-11e9-a287-f45c89a7d159
      x-ms-date:
      - Wed, 26 Jun 2019 04:55:52 GMT
      x-ms-version:
      - '2018-11-09'
    method: GET
    uri: https://blobstoragename.file.core.windows.net/?restype=service&comp=properties
  response:
    body:
      string: "\uFEFF<?xml version=\"1.0\" encoding=\"utf-8\"?><StorageServiceProperties><HourMetrics><Version>1.0</Version><Enabled>true</Enabled><IncludeAPIs>true</IncludeAPIs><RetentionPolicy><Enabled>true</Enabled><Days>5</Days></RetentionPolicy></HourMetrics><MinuteMetrics><Version>1.0</Version><Enabled>true</Enabled><IncludeAPIs>true</IncludeAPIs><RetentionPolicy><Enabled>true</Enabled><Days>5</Days></RetentionPolicy></MinuteMetrics><Cors><CorsRule><AllowedMethods>GET</AllowedMethods><AllowedOrigins>www.xyz.com</AllowedOrigins><AllowedHeaders\
        \ /><ExposedHeaders /><MaxAgeInSeconds>0</MaxAgeInSeconds></CorsRule><CorsRule><AllowedMethods>GET,PUT</AllowedMethods><AllowedOrigins>www.xyz.com,www.ab.com,www.bc.com</AllowedOrigins><AllowedHeaders>x-ms-meta-xyz,x-ms-meta-foo,x-ms-meta-data*,x-ms-meta-target*</AllowedHeaders><ExposedHeaders>x-ms-meta-abc,x-ms-meta-bcd,x-ms-meta-data*,x-ms-meta-source*</ExposedHeaders><MaxAgeInSeconds>500</MaxAgeInSeconds></CorsRule></Cors></StorageServiceProperties>"
    headers:
      Content-Type:
      - application/xml
      Date:
      - Wed, 26 Jun 2019 04:55:51 GMT
      Server:
      - Windows-Azure-File/1.0 Microsoft-HTTPAPI/2.0
      Transfer-Encoding:
      - chunked
      Vary:
      - Origin
      x-ms-request-id:
      - 3b8db407-d01a-00a9-61db-2bb1e8000000
      x-ms-version:
      - '2018-11-09'
    status:
      code: 200
      message: OK
- request:
    body: '<?xml version=''1.0'' encoding=''utf-8''?>

      <StorageServiceProperties><MinuteMetrics><Version>1.0</Version><Enabled>true</Enabled><IncludeAPIs>true</IncludeAPIs><RetentionPolicy><Enabled>true</Enabled><Days>5</Days></RetentionPolicy></MinuteMetrics></StorageServiceProperties>'
    headers:
      Accept:
      - '*/*'
      Accept-Encoding:
      - gzip, deflate
      Connection:
      - keep-alive
      Content-Length:
      - '271'
      Content-Type:
      - application/xml; charset=utf-8
      User-Agent:
      - python/3.6.5 (Darwin-16.7.0-x86_64-i386-64bit) azure-core/0.0.1
      x-ms-client-request-id:
      - d9dee382-981c-11e9-aec1-f45c89a7d159
      x-ms-date:
      - Wed, 26 Jun 2019 14:15:29 GMT
      x-ms-version:
      - '2018-11-09'
    method: PUT
    uri: https://storagename.file.core.windows.net/?restype=service&comp=properties
  response:
    body:
      string: ''
    headers:
      Content-Length:
      - '0'
      Date:
      - Wed, 26 Jun 2019 14:15:32 GMT
      Server:
      - Windows-Azure-File/1.0 Microsoft-HTTPAPI/2.0
      x-ms-request-id:
      - 18e940d9-401a-00e8-5129-2c99fb000000
      x-ms-version:
      - '2018-11-09'
    status:
      code: 202
      message: Accepted
- request:
    body: null
    headers:
      Accept:
      - application/xml
      Accept-Encoding:
      - gzip, deflate
      Connection:
      - keep-alive
      User-Agent:
      - python/3.6.5 (Darwin-16.7.0-x86_64-i386-64bit) azure-core/0.0.1
      x-ms-client-request-id:
      - dbe415ba-981c-11e9-9478-f45c89a7d159
      x-ms-date:
      - Wed, 26 Jun 2019 14:15:32 GMT
      x-ms-version:
      - '2018-11-09'
    method: GET
    uri: https://storagename.file.core.windows.net/?restype=service&comp=properties
  response:
    body:
      string: "\uFEFF<?xml version=\"1.0\" encoding=\"utf-8\"?><StorageServiceProperties><HourMetrics><Version>1.0</Version><Enabled>true</Enabled><IncludeAPIs>true</IncludeAPIs><RetentionPolicy><Enabled>true</Enabled><Days>5</Days></RetentionPolicy></HourMetrics><MinuteMetrics><Version>1.0</Version><Enabled>true</Enabled><IncludeAPIs>true</IncludeAPIs><RetentionPolicy><Enabled>true</Enabled><Days>5</Days></RetentionPolicy></MinuteMetrics><Cors><CorsRule><AllowedMethods>GET</AllowedMethods><AllowedOrigins>www.xyz.com</AllowedOrigins><AllowedHeaders\
        \ /><ExposedHeaders /><MaxAgeInSeconds>0</MaxAgeInSeconds></CorsRule><CorsRule><AllowedMethods>GET,PUT</AllowedMethods><AllowedOrigins>www.xyz.com,www.ab.com,www.bc.com</AllowedOrigins><AllowedHeaders>x-ms-meta-xyz,x-ms-meta-foo,x-ms-meta-data*,x-ms-meta-target*</AllowedHeaders><ExposedHeaders>x-ms-meta-abc,x-ms-meta-bcd,x-ms-meta-data*,x-ms-meta-source*</ExposedHeaders><MaxAgeInSeconds>500</MaxAgeInSeconds></CorsRule></Cors></StorageServiceProperties>"
    headers:
      Content-Type:
      - application/xml
      Date:
      - Wed, 26 Jun 2019 14:15:32 GMT
      Server:
      - Windows-Azure-File/1.0 Microsoft-HTTPAPI/2.0
      Transfer-Encoding:
      - chunked
      Vary:
      - Origin
      x-ms-request-id:
      - 18e940f1-401a-00e8-6029-2c99fb000000
      x-ms-version:
      - '2018-11-09'
    status:
      code: 200
      message: OK
version: 1
