interactions:
- request:
    body: null
    headers:
      Accept:
      - '*/*'
      Accept-Encoding:
      - gzip, deflate
      Connection:
      - keep-alive
      Content-Length:
      - '0'
      User-Agent:
      - python/3.6.5 (Darwin-16.7.0-x86_64-i386-64bit) azure-core/0.0.1
      x-ms-client-request-id:
      - f82db7b4-97ce-11e9-942a-f45c89a7d159
      x-ms-date:
      - Wed, 26 Jun 2019 04:57:59 GMT
      x-ms-version:
      - '2018-11-09'
    method: PUT
    uri: https://blobremoteremotestoragename.file.core.windows.net/utshare7d6016b7/dir1?restype=directory
  response:
    body:
      string: ''
    headers:
      Content-Length:
      - '0'
      Date:
      - Wed, 26 Jun 2019 04:57:59 GMT
      ETag:
      - '"0x8D6F9F2DCF6120D"'
      Last-Modified:
      - Wed, 26 Jun 2019 04:58:00 GMT
      Server:
      - Windows-Azure-File/1.0 Microsoft-HTTPAPI/2.0
      x-ms-request-id:
      - 0415e6cc-501a-003b-06db-2b265e000000
      x-ms-request-server-encrypted:
      - 'true'
      x-ms-version:
      - '2018-11-09'
    status:
      code: 201
      message: Created
- request:
    body: null
    headers:
      Accept:
      - '*/*'
      Accept-Encoding:
      - gzip, deflate
      Connection:
      - keep-alive
      Content-Length:
      - '0'
      User-Agent:
      - python/3.6.5 (Darwin-16.7.0-x86_64-i386-64bit) azure-core/0.0.1
      x-ms-client-request-id:
      - f87a7c98-97ce-11e9-9514-f45c89a7d159
      x-ms-date:
      - Wed, 26 Jun 2019 04:57:59 GMT
      x-ms-meta-hello:
      - world
      x-ms-meta-number:
      - '42'
      x-ms-version:
      - '2018-11-09'
    method: PUT
    uri: https://blobremoteremotestoragename.file.core.windows.net/utshare7d6016b7/dir1%2Fdir2?restype=directory
  response:
    body:
      string: ''
    headers:
      Content-Length:
      - '0'
      Date:
      - Wed, 26 Jun 2019 04:58:00 GMT
      ETag:
      - '"0x8D6F9F2DD1474FD"'
      Last-Modified:
      - Wed, 26 Jun 2019 04:58:00 GMT
      Server:
      - Windows-Azure-File/1.0 Microsoft-HTTPAPI/2.0
      x-ms-request-id:
      - 0415e6ce-501a-003b-07db-2b265e000000
      x-ms-request-server-encrypted:
      - 'true'
      x-ms-version:
      - '2018-11-09'
    status:
      code: 201
      message: Created
- request:
    body: null
    headers:
      Accept:
      - '*/*'
      Accept-Encoding:
      - gzip, deflate
      Connection:
      - keep-alive
      User-Agent:
      - python/3.6.5 (Darwin-16.7.0-x86_64-i386-64bit) azure-core/0.0.1
      x-ms-client-request-id:
      - f896e67e-97ce-11e9-8a1a-f45c89a7d159
      x-ms-date:
      - Wed, 26 Jun 2019 04:58:00 GMT
      x-ms-version:
      - '2018-11-09'
    method: GET
    uri: https://blobremoteremotestoragename.file.core.windows.net/utshare7d6016b7/dir1%2Fdir2?restype=directory
  response:
    body:
      string: ''
    headers:
      Content-Length:
      - '0'
      Date:
      - Wed, 26 Jun 2019 04:58:00 GMT
      ETag:
      - '"0x8D6F9F2DD1474FD"'
      Last-Modified:
      - Wed, 26 Jun 2019 04:58:00 GMT
      Server:
      - Windows-Azure-File/1.0 Microsoft-HTTPAPI/2.0
      Vary:
      - Origin
      x-ms-meta-hello:
      - world
      x-ms-meta-number:
      - '42'
      x-ms-request-id:
      - 0415e6cf-501a-003b-08db-2b265e000000
      x-ms-server-encrypted:
      - 'true'
      x-ms-version:
      - '2018-11-09'
    status:
      code: 200
      message: OK
- request:
    body: null
    headers:
      Accept:
      - '*/*'
      Accept-Encoding:
      - gzip, deflate
      Connection:
      - keep-alive
      Content-Length:
      - '0'
      User-Agent:
      - python/3.6.5 (Darwin-16.7.0-x86_64-i386-64bit) azure-core/0.0.1
      x-ms-client-request-id:
      - a23df11c-981b-11e9-9017-f45c89a7d159
      x-ms-date:
      - Wed, 26 Jun 2019 14:06:46 GMT
      x-ms-version:
      - '2018-11-09'
    method: PUT
    uri: https://remoteremotestoragename.file.core.windows.net/utshare7d6016b7/dir1?restype=directory
  response:
    body:
      string: ''
    headers:
      Content-Length:
      - '0'
      Date:
      - Wed, 26 Jun 2019 14:06:46 GMT
      ETag:
      - '"0x8D6FA3F869BE76E"'
      Last-Modified:
      - Wed, 26 Jun 2019 14:06:46 GMT
      Server:
      - Windows-Azure-File/1.0 Microsoft-HTTPAPI/2.0
      x-ms-request-id:
      - 30d09573-d01a-008b-4328-2cdfde000000
      x-ms-request-server-encrypted:
      - 'true'
      x-ms-version:
      - '2018-11-09'
    status:
      code: 201
      message: Created
- request:
    body: null
    headers:
      Accept:
      - '*/*'
      Accept-Encoding:
      - gzip, deflate
      Connection:
      - keep-alive
      Content-Length:
      - '0'
      User-Agent:
      - python/3.6.5 (Darwin-16.7.0-x86_64-i386-64bit) azure-core/0.0.1
      x-ms-client-request-id:
      - a26fee74-981b-11e9-93f6-f45c89a7d159
      x-ms-date:
      - Wed, 26 Jun 2019 14:06:46 GMT
      x-ms-meta-hello:
      - world
      x-ms-meta-number:
      - '42'
      x-ms-version:
      - '2018-11-09'
    method: PUT
    uri: https://remoteremotestoragename.file.core.windows.net/utshare7d6016b7/dir1%2Fdir2?restype=directory
  response:
    body:
      string: ''
    headers:
      Content-Length:
      - '0'
      Date:
      - Wed, 26 Jun 2019 14:06:46 GMT
      ETag:
      - '"0x8D6FA3F86AA901F"'
      Last-Modified:
      - Wed, 26 Jun 2019 14:06:46 GMT
      Server:
      - Windows-Azure-File/1.0 Microsoft-HTTPAPI/2.0
      x-ms-request-id:
      - 30d09576-d01a-008b-4428-2cdfde000000
      x-ms-request-server-encrypted:
      - 'true'
      x-ms-version:
      - '2018-11-09'
    status:
      code: 201
      message: Created
- request:
    body: null
    headers:
      Accept:
      - '*/*'
      Accept-Encoding:
      - gzip, deflate
      Connection:
      - keep-alive
      User-Agent:
      - python/3.6.5 (Darwin-16.7.0-x86_64-i386-64bit) azure-core/0.0.1
      x-ms-client-request-id:
      - a27fc274-981b-11e9-a044-f45c89a7d159
      x-ms-date:
      - Wed, 26 Jun 2019 14:06:46 GMT
      x-ms-version:
      - '2018-11-09'
    method: GET
    uri: https://remoteremotestoragename.file.core.windows.net/utshare7d6016b7/dir1%2Fdir2?restype=directory
  response:
    body:
      string: ''
    headers:
      Content-Length:
      - '0'
      Date:
      - Wed, 26 Jun 2019 14:06:46 GMT
      ETag:
      - '"0x8D6FA3F86AA901F"'
      Last-Modified:
      - Wed, 26 Jun 2019 14:06:46 GMT
      Server:
      - Windows-Azure-File/1.0 Microsoft-HTTPAPI/2.0
      Vary:
      - Origin
      x-ms-meta-hello:
      - world
      x-ms-meta-number:
      - '42'
      x-ms-request-id:
      - 30d09577-d01a-008b-4528-2cdfde000000
      x-ms-server-encrypted:
      - 'true'
      x-ms-version:
      - '2018-11-09'
    status:
      code: 200
      message: OK
- request:
    body: null
    headers:
      Accept:
      - '*/*'
      Accept-Encoding:
      - gzip, deflate
      Connection:
      - keep-alive
      Content-Length:
      - '0'
      User-Agent:
      - azsdk-python-storage-file/12.0.0b1 Python/3.7.3 (Windows-10-10.0.17763-SP0)
      content-type:
      - application/xml; charset=utf-8
      x-ms-client-request-id:
      - fce551d0-b4b7-11e9-a456-2816a845e8c6
      x-ms-date:
      - Thu, 01 Aug 2019 23:56:32 GMT
      x-ms-version:
      - '2018-11-09'
    method: PUT
    uri: https://remotestoragename.file.core.windows.net/utshare7d6016b7/dir1?restype=directory
  response:
    body:
      string: ''
    headers:
      Content-Length:
      - '0'
      Date:
      - Thu, 01 Aug 2019 23:56:29 GMT
      ETag:
      - '"0x8D716DBDF8B09F1"'
      Last-Modified:
      - Thu, 01 Aug 2019 23:56:30 GMT
      Server:
      - Windows-Azure-File/1.0 Microsoft-HTTPAPI/2.0
      x-ms-request-id:
      - 43196e58-101a-005d-61c4-48c86d000000
      x-ms-request-server-encrypted:
      - 'true'
      x-ms-version:
      - '2018-11-09'
    status:
      code: 201
      message: Created
- request:
    body: null
    headers:
      Accept:
      - '*/*'
      Accept-Encoding:
      - gzip, deflate
      Connection:
      - keep-alive
      Content-Length:
      - '0'
      User-Agent:
      - azsdk-python-storage-file/12.0.0b1 Python/3.7.3 (Windows-10-10.0.17763-SP0)
      content-type:
      - application/xml; charset=utf-8
      x-ms-client-request-id:
      - fd16b7e4-b4b7-11e9-99e2-2816a845e8c6
      x-ms-date:
      - Thu, 01 Aug 2019 23:56:32 GMT
      x-ms-meta-hello:
      - world
      x-ms-meta-number:
      - '42'
      x-ms-version:
      - '2018-11-09'
    method: PUT
    uri: https://remotestoragename.file.core.windows.net/utshare7d6016b7/dir1%2Fdir2?restype=directory
  response:
    body:
      string: ''
    headers:
      Content-Length:
      - '0'
      Date:
      - Thu, 01 Aug 2019 23:56:29 GMT
      ETag:
      - '"0x8D716DBDF982BB5"'
      Last-Modified:
      - Thu, 01 Aug 2019 23:56:30 GMT
      Server:
      - Windows-Azure-File/1.0 Microsoft-HTTPAPI/2.0
      x-ms-request-id:
      - 43196e5e-101a-005d-66c4-48c86d000000
      x-ms-request-server-encrypted:
      - 'true'
      x-ms-version:
      - '2018-11-09'
    status:
      code: 201
      message: Created
- request:
    body: null
    headers:
      Accept:
      - '*/*'
      Accept-Encoding:
      - gzip, deflate
      Connection:
      - keep-alive
      User-Agent:
      - azsdk-python-storage-file/12.0.0b1 Python/3.7.3 (Windows-10-10.0.17763-SP0)
      content-type:
      - application/xml; charset=utf-8
      x-ms-client-request-id:
      - fd22e494-b4b7-11e9-93b9-2816a845e8c6
      x-ms-date:
      - Thu, 01 Aug 2019 23:56:33 GMT
      x-ms-version:
      - '2018-11-09'
    method: GET
    uri: https://remotestoragename.file.core.windows.net/utshare7d6016b7/dir1%2Fdir2?restype=directory
  response:
    body:
      string: ''
    headers:
      Content-Length:
      - '0'
      Date:
      - Thu, 01 Aug 2019 23:56:30 GMT
      ETag:
      - '"0x8D716DBDF982BB5"'
      Last-Modified:
      - Thu, 01 Aug 2019 23:56:30 GMT
      Server:
      - Windows-Azure-File/1.0 Microsoft-HTTPAPI/2.0
      Vary:
      - Origin
      x-ms-meta-hello:
      - world
      x-ms-meta-number:
      - '42'
      x-ms-request-id:
      - 43196e63-101a-005d-6bc4-48c86d000000
      x-ms-server-encrypted:
      - 'true'
      x-ms-version:
      - '2018-11-09'
    status:
      code: 200
      message: OK
- request:
    body: null
    headers:
      Accept:
      - '*/*'
      Accept-Encoding:
      - gzip, deflate
      Connection:
      - keep-alive
      Content-Length:
      - '0'
      User-Agent:
      - azsdk-python-storage-file/12.0.0b1 Python/3.7.3 (Windows-10-10.0.17763-SP0)
      content-type:
      - application/xml; charset=utf-8
      x-ms-client-request-id:
      - a0f5c8e4-b4b9-11e9-8c39-2816a845e8c6
      x-ms-date:
      - Fri, 02 Aug 2019 00:08:17 GMT
      x-ms-version:
      - '2018-11-09'
    method: PUT
    uri: https://storagename.file.core.windows.net/utshare7d6016b7/dir1?restype=directory
  response:
    body:
      string: ''
    headers:
      Content-Length:
      - '0'
      Date:
      - Fri, 02 Aug 2019 00:08:14 GMT
      ETag:
      - '"0x8D716DD839B61A1"'
      Last-Modified:
      - Fri, 02 Aug 2019 00:08:14 GMT
      Server:
      - Windows-Azure-File/1.0 Microsoft-HTTPAPI/2.0
      x-ms-request-id:
      - 64184204-601a-0130-46c6-482416000000
      x-ms-request-server-encrypted:
      - 'true'
      x-ms-version:
      - '2018-11-09'
    status:
      code: 201
      message: Created
- request:
    body: null
    headers:
      Accept:
      - '*/*'
      Accept-Encoding:
      - gzip, deflate
      Connection:
      - keep-alive
      Content-Length:
      - '0'
      User-Agent:
      - azsdk-python-storage-file/12.0.0b1 Python/3.7.3 (Windows-10-10.0.17763-SP0)
      content-type:
      - application/xml; charset=utf-8
      x-ms-client-request-id:
      - a127d89e-b4b9-11e9-bc9d-2816a845e8c6
      x-ms-date:
      - Fri, 02 Aug 2019 00:08:17 GMT
      x-ms-meta-hello:
      - world
      x-ms-meta-number:
      - '42'
      x-ms-version:
      - '2018-11-09'
    method: PUT
    uri: https://storagename.file.core.windows.net/utshare7d6016b7/dir1%2Fdir2?restype=directory
  response:
    body:
      string: ''
    headers:
      Content-Length:
      - '0'
      Date:
      - Fri, 02 Aug 2019 00:08:14 GMT
      ETag:
      - '"0x8D716DD83A91FC7"'
      Last-Modified:
      - Fri, 02 Aug 2019 00:08:14 GMT
      Server:
      - Windows-Azure-File/1.0 Microsoft-HTTPAPI/2.0
      x-ms-request-id:
      - 64184206-601a-0130-47c6-482416000000
      x-ms-request-server-encrypted:
      - 'true'
      x-ms-version:
      - '2018-11-09'
    status:
      code: 201
      message: Created
- request:
    body: null
    headers:
      Accept:
      - '*/*'
      Accept-Encoding:
      - gzip, deflate
      Connection:
      - keep-alive
      User-Agent:
      - azsdk-python-storage-file/12.0.0b1 Python/3.7.3 (Windows-10-10.0.17763-SP0)
      content-type:
      - application/xml; charset=utf-8
      x-ms-client-request-id:
      - a134a12e-b4b9-11e9-b4fc-2816a845e8c6
      x-ms-date:
      - Fri, 02 Aug 2019 00:08:17 GMT
      x-ms-version:
      - '2018-11-09'
    method: GET
    uri: https://storagename.file.core.windows.net/utshare7d6016b7/dir1%2Fdir2?restype=directory
  response:
    body:
      string: ''
    headers:
      Content-Length:
      - '0'
      Date:
      - Fri, 02 Aug 2019 00:08:14 GMT
      ETag:
      - '"0x8D716DD83A91FC7"'
      Last-Modified:
      - Fri, 02 Aug 2019 00:08:14 GMT
      Server:
      - Windows-Azure-File/1.0 Microsoft-HTTPAPI/2.0
      Vary:
      - Origin
      x-ms-meta-hello:
      - world
      x-ms-meta-number:
      - '42'
      x-ms-request-id:
      - 64184208-601a-0130-48c6-482416000000
      x-ms-server-encrypted:
      - 'true'
      x-ms-version:
      - '2018-11-09'
    status:
      code: 200
      message: OK
version: 1
