interactions:
- request:
    body: null
    headers:
      User-Agent:
      - azsdk-python-storage-file/12.0.0b3 Python/3.7.3 (Windows-10-10.0.17763-SP0)
      x-ms-date:
      - Thu, 12 Sep 2019 07:07:08 GMT
      x-ms-version:
      - '2019-02-02'
    method: PUT
    uri: https://pyacrstorageeb4418a4.file.core.windows.net/utshareeb4418a4?restype=share
  response:
    body:
      string: ''
    headers:
      content-length: '0'
      date: Thu, 12 Sep 2019 07:07:06 GMT
      etag: '"0x8D7374FD304FCD8"'
      last-modified: Thu, 12 Sep 2019 07:07:07 GMT
      server: Windows-Azure-File/1.0 Microsoft-HTTPAPI/2.0
      x-ms-version: '2019-02-02'
    status:
      code: 201
      message: Created
    url: !!python/object/new:yarl.URL
      state: !!python/tuple
      - !!python/object/new:urllib.parse.SplitResult
        - https
        - pyacrstorageeb4418a4.file.core.windows.net
        - /utshareeb4418a4
        - restype=share
        - ''
- request:
    body: null
    headers:
      User-Agent:
      - azsdk-python-storage-file/12.0.0b3 Python/3.7.3 (Windows-10-10.0.17763-SP0)
      x-ms-content-length:
      - '1024'
      x-ms-date:
      - Thu, 12 Sep 2019 07:07:09 GMT
      x-ms-file-attributes:
      - none
      x-ms-file-creation-time:
      - now
      x-ms-file-last-write-time:
      - now
      x-ms-file-permission:
      - Inherit
      x-ms-type:
      - file
      x-ms-version:
      - '2019-02-02'
    method: PUT
    uri: https://pyacrstorageeb4418a4.file.core.windows.net/utshareeb4418a4/fileeb4418a4
  response:
    body:
      string: ''
    headers:
      content-length: '0'
      date: Thu, 12 Sep 2019 07:07:08 GMT
      etag: '"0x8D7374FD351DB61"'
      last-modified: Thu, 12 Sep 2019 07:07:08 GMT
      server: Windows-Azure-File/1.0 Microsoft-HTTPAPI/2.0
      x-ms-file-attributes: Archive
      x-ms-file-change-time: '2019-09-12T07:07:08.3515745Z'
      x-ms-file-creation-time: '2019-09-12T07:07:08.3515745Z'
      x-ms-file-id: '13835128424026341376'
      x-ms-file-last-write-time: '2019-09-12T07:07:08.3515745Z'
      x-ms-file-parent-id: '0'
      x-ms-file-permission-key: 17662038574042886221*6754487674850990275
      x-ms-request-server-encrypted: 'true'
      x-ms-version: '2019-02-02'
    status:
      code: 201
      message: Created
    url: !!python/object/new:yarl.URL
      state: !!python/tuple
      - !!python/object/new:urllib.parse.SplitResult
        - https
        - pyacrstorageeb4418a4.file.core.windows.net
        - /utshareeb4418a4/fileeb4418a4
        - ''
        - ''
- request:
    body: null
    headers:
      User-Agent:
      - azsdk-python-storage-file/12.0.0b3 Python/3.7.3 (Windows-10-10.0.17763-SP0)
      x-ms-date:
      - Thu, 12 Sep 2019 07:07:09 GMT
      x-ms-version:
      - '2019-02-02'
    method: HEAD
    uri: https://pyacrstorageeb4418a4.file.core.windows.net/utshareeb4418a4/fileeb4418a4
  response:
    body:
      string: ''
    headers:
      content-length: '1024'
      content-type: application/octet-stream
      date: Thu, 12 Sep 2019 07:07:08 GMT
      etag: '"0x8D7374FD351DB61"'
      last-modified: Thu, 12 Sep 2019 07:07:08 GMT
      server: Windows-Azure-File/1.0 Microsoft-HTTPAPI/2.0
      x-ms-file-attributes: Archive
      x-ms-file-change-time: '2019-09-12T07:07:08.3515745Z'
      x-ms-file-creation-time: '2019-09-12T07:07:08.3515745Z'
      x-ms-file-id: '13835128424026341376'
      x-ms-file-last-write-time: '2019-09-12T07:07:08.3515745Z'
      x-ms-file-parent-id: '0'
      x-ms-file-permission-key: 17662038574042886221*6754487674850990275
      x-ms-server-encrypted: 'true'
      x-ms-type: File
      x-ms-version: '2019-02-02'
    status:
      code: 200
      message: OK
    url: !!python/object/new:yarl.URL
      state: !!python/tuple
      - !!python/object/new:urllib.parse.SplitResult
        - https
        - pyacrstorageeb4418a4.file.core.windows.net
        - /utshareeb4418a4/fileeb4418a4
        - ''
        - ''
version: 1
