interactions:
- request:
    body: null
    headers:
      User-Agent:
      - azsdk-python-storage-file/12.0.0b4 Python/3.7.3 (Windows-10-10.0.17763-SP0)
      x-ms-date:
      - Mon, 14 Oct 2019 18:11:27 GMT
      x-ms-version:
      - '2019-02-02'
    method: PUT
    uri: https://pyacrstorage510d15f5.file.core.windows.net/utshare510d15f5?restype=share
  response:
    body:
      string: ''
    headers:
      content-length: '0'
      date: Mon, 14 Oct 2019 18:11:26 GMT
      etag: '"0x8D750D1EE0EFAB9"'
      last-modified: Mon, 14 Oct 2019 18:11:26 GMT
      server: Windows-Azure-File/1.0 Microsoft-HTTPAPI/2.0
      x-ms-version: '2019-02-02'
    status:
      code: 201
      message: Created
    url: !!python/object/new:yarl.URL
      state: !!python/tuple
      - !!python/object/new:urllib.parse.SplitResult
        - https
        - pyacrstorage510d15f5.file.core.windows.net
        - /utshare510d15f5
        - restype=share
        - ''
- request:
    body: null
    headers:
      User-Agent:
      - azsdk-python-storage-file/12.0.0b4 Python/3.7.3 (Windows-10-10.0.17763-SP0)
      x-ms-date:
      - Mon, 14 Oct 2019 18:11:28 GMT
      x-ms-file-attributes:
      - none
      x-ms-file-creation-time:
      - now
      x-ms-file-last-write-time:
      - now
      x-ms-file-permission:
      - inherit
      x-ms-version:
      - '2019-02-02'
    method: PUT
    uri: https://pyacrstorage510d15f5.file.core.windows.net/utshare510d15f5/dir1?restype=directory
  response:
    body:
      string: ''
    headers:
      content-length: '0'
      date: Mon, 14 Oct 2019 18:11:26 GMT
      etag: '"0x8D750D1EE1E3D8B"'
      last-modified: Mon, 14 Oct 2019 18:11:26 GMT
      server: Windows-Azure-File/1.0 Microsoft-HTTPAPI/2.0
      x-ms-file-attributes: Directory
      x-ms-file-change-time: '2019-10-14T18:11:26.9560715Z'
      x-ms-file-creation-time: '2019-10-14T18:11:26.9560715Z'
      x-ms-file-id: '13835128424026341376'
      x-ms-file-last-write-time: '2019-10-14T18:11:26.9560715Z'
      x-ms-file-parent-id: '0'
      x-ms-file-permission-key: 15777156393449875709*12837684691734069108
      x-ms-request-server-encrypted: 'true'
      x-ms-version: '2019-02-02'
    status:
      code: 201
      message: Created
    url: !!python/object/new:yarl.URL
      state: !!python/tuple
      - !!python/object/new:urllib.parse.SplitResult
        - https
        - pyacrstorage510d15f5.file.core.windows.net
        - /utshare510d15f5/dir1
        - restype=directory
        - ''
- request:
    body: null
    headers:
      User-Agent:
      - azsdk-python-storage-file/12.0.0b4 Python/3.7.3 (Windows-10-10.0.17763-SP0)
      x-ms-date:
      - Mon, 14 Oct 2019 18:11:28 GMT
      x-ms-file-attributes:
      - none
      x-ms-file-creation-time:
      - now
      x-ms-file-last-write-time:
      - now
      x-ms-file-permission:
      - inherit
      x-ms-version:
      - '2019-02-02'
    method: PUT
    uri: https://pyacrstorage510d15f5.file.core.windows.net/utshare510d15f5/dir1%2Fdir2?restype=directory
  response:
    body:
      string: ''
    headers:
      content-length: '0'
      date: Mon, 14 Oct 2019 18:11:26 GMT
      etag: '"0x8D750D1EE28C6C8"'
      last-modified: Mon, 14 Oct 2019 18:11:27 GMT
      server: Windows-Azure-File/1.0 Microsoft-HTTPAPI/2.0
      x-ms-file-attributes: Directory
      x-ms-file-change-time: '2019-10-14T18:11:27.0251208Z'
      x-ms-file-creation-time: '2019-10-14T18:11:27.0251208Z'
      x-ms-file-id: '11529285414812647424'
      x-ms-file-last-write-time: '2019-10-14T18:11:27.0251208Z'
      x-ms-file-parent-id: '13835128424026341376'
      x-ms-file-permission-key: 15777156393449875709*12837684691734069108
      x-ms-request-server-encrypted: 'true'
      x-ms-version: '2019-02-02'
    status:
      code: 201
      message: Created
    url: !!python/object/new:yarl.URL
      state: !!python/tuple
      - !!python/object/new:urllib.parse.SplitResult
        - https
        - pyacrstorage510d15f5.file.core.windows.net
        - /utshare510d15f5/dir1%2Fdir2
        - restype=directory
        - ''
- request:
    body: null
    headers:
      User-Agent:
      - azsdk-python-storage-file/12.0.0b4 Python/3.7.3 (Windows-10-10.0.17763-SP0)
      x-ms-date:
      - Mon, 14 Oct 2019 18:11:28 GMT
      x-ms-version:
      - '2019-02-02'
    method: DELETE
    uri: https://pyacrstorage510d15f5.file.core.windows.net/utshare510d15f5/dir1%2Fdir2?restype=directory
  response:
    body:
      string: ''
    headers:
      content-length: '0'
      date: Mon, 14 Oct 2019 18:11:26 GMT
      server: Windows-Azure-File/1.0 Microsoft-HTTPAPI/2.0
      x-ms-version: '2019-02-02'
    status:
      code: 202
      message: Accepted
    url: !!python/object/new:yarl.URL
      state: !!python/tuple
      - !!python/object/new:urllib.parse.SplitResult
        - https
        - pyacrstorage510d15f5.file.core.windows.net
        - /utshare510d15f5/dir1%2Fdir2
        - restype=directory
        - ''
- request:
    body: null
    headers:
      User-Agent:
      - azsdk-python-storage-file/12.0.0b4 Python/3.7.3 (Windows-10-10.0.17763-SP0)
      x-ms-date:
      - Mon, 14 Oct 2019 18:11:28 GMT
      x-ms-version:
      - '2019-02-02'
    method: GET
    uri: https://pyacrstorage510d15f5.file.core.windows.net/utshare510d15f5/dir1%2Fdir2?restype=directory
  response:
    body:
      string: "\uFEFF<?xml version=\"1.0\" encoding=\"utf-8\"?><Error><Code>ResourceNotFound</Code><Message>The
        specified resource does not exist.\nRequestId:5781c800-901a-001c-02ba-825e20000000\nTime:2019-10-14T18:11:27.1742831Z</Message></Error>"
    headers:
      content-length: '223'
      content-type: application/xml
      date: Mon, 14 Oct 2019 18:11:26 GMT
      server: Windows-Azure-File/1.0 Microsoft-HTTPAPI/2.0
      x-ms-error-code: ResourceNotFound
      x-ms-version: '2019-02-02'
    status:
      code: 404
      message: The specified resource does not exist.
    url: !!python/object/new:yarl.URL
      state: !!python/tuple
      - !!python/object/new:urllib.parse.SplitResult
        - https
        - pyacrstorage510d15f5.file.core.windows.net
        - /utshare510d15f5/dir1%2Fdir2
        - restype=directory
        - ''
version: 1
