interactions:
- request:
    body: null
    headers:
      Accept:
      - '*/*'
      Accept-Encoding:
      - gzip, deflate
      Connection:
      - keep-alive
      Content-Length:
      - '0'
      User-Agent:
      - azsdk-python-storage-file/12.0.0b1 Python/3.7.3 (Windows-10-10.0.17763-SP0)
      content-type:
      - application/xml; charset=utf-8
      x-ms-client-request-id:
      - af48389e-b4c7-11e9-8549-2816a845e8c6
      x-ms-date:
      - Fri, 02 Aug 2019 01:48:54 GMT
      x-ms-version:
      - '2018-11-09'
    method: PUT
    uri: https://storagename.file.core.windows.net/listshare07d2b16cf?restype=share
  response:
    body:
      string: ''
    headers:
      Content-Length:
      - '0'
      Date:
      - Fri, 02 Aug 2019 01:48:54 GMT
      ETag:
      - '"0x8D716EB93D2A683"'
      Last-Modified:
      - Fri, 02 Aug 2019 01:48:54 GMT
      Server:
      - Windows-Azure-File/1.0 Microsoft-HTTPAPI/2.0
      x-ms-request-id:
      - 7d4e5471-a01a-00cc-52d4-485cdc000000
      x-ms-version:
      - '2018-11-09'
    status:
      code: 201
      message: Created
- request:
    body: null
    headers:
      Accept:
      - '*/*'
      Accept-Encoding:
      - gzip, deflate
      Connection:
      - keep-alive
      Content-Length:
      - '0'
      User-Agent:
      - azsdk-python-storage-file/12.0.0b1 Python/3.7.3 (Windows-10-10.0.17763-SP0)
      content-type:
      - application/xml; charset=utf-8
      x-ms-client-request-id:
      - af7a242c-b4c7-11e9-bd34-2816a845e8c6
      x-ms-date:
      - Fri, 02 Aug 2019 01:48:54 GMT
      x-ms-version:
      - '2018-11-09'
    method: PUT
    uri: https://storagename.file.core.windows.net/listshare17d2b16cf?restype=share
  response:
    body:
      string: ''
    headers:
      Content-Length:
      - '0'
      Date:
      - Fri, 02 Aug 2019 01:48:55 GMT
      ETag:
      - '"0x8D716EB93E287E3"'
      Last-Modified:
      - Fri, 02 Aug 2019 01:48:55 GMT
      Server:
      - Windows-Azure-File/1.0 Microsoft-HTTPAPI/2.0
      x-ms-request-id:
      - 7d4e5474-a01a-00cc-53d4-485cdc000000
      x-ms-version:
      - '2018-11-09'
    status:
      code: 201
      message: Created
- request:
    body: null
    headers:
      Accept:
      - '*/*'
      Accept-Encoding:
      - gzip, deflate
      Connection:
      - keep-alive
      Content-Length:
      - '0'
      User-Agent:
      - azsdk-python-storage-file/12.0.0b1 Python/3.7.3 (Windows-10-10.0.17763-SP0)
      content-type:
      - application/xml; charset=utf-8
      x-ms-client-request-id:
      - af8abac2-b4c7-11e9-bea2-2816a845e8c6
      x-ms-date:
      - Fri, 02 Aug 2019 01:48:54 GMT
      x-ms-version:
      - '2018-11-09'
    method: PUT
    uri: https://storagename.file.core.windows.net/listshare27d2b16cf?restype=share
  response:
    body:
      string: ''
    headers:
      Content-Length:
      - '0'
      Date:
      - Fri, 02 Aug 2019 01:48:55 GMT
      ETag:
      - '"0x8D716EB93F2DE78"'
      Last-Modified:
      - Fri, 02 Aug 2019 01:48:55 GMT
      Server:
      - Windows-Azure-File/1.0 Microsoft-HTTPAPI/2.0
      x-ms-request-id:
      - 7d4e5476-a01a-00cc-54d4-485cdc000000
      x-ms-version:
      - '2018-11-09'
    status:
      code: 201
      message: Created
- request:
    body: null
    headers:
      Accept:
      - '*/*'
      Accept-Encoding:
      - gzip, deflate
      Connection:
      - keep-alive
      Content-Length:
      - '0'
      User-Agent:
      - azsdk-python-storage-file/12.0.0b1 Python/3.7.3 (Windows-10-10.0.17763-SP0)
      content-type:
      - application/xml; charset=utf-8
      x-ms-client-request-id:
      - af99f286-b4c7-11e9-8f22-2816a845e8c6
      x-ms-date:
      - Fri, 02 Aug 2019 01:48:54 GMT
      x-ms-version:
      - '2018-11-09'
    method: PUT
    uri: https://storagename.file.core.windows.net/listshare37d2b16cf?restype=share
  response:
    body:
      string: ''
    headers:
      Content-Length:
      - '0'
      Date:
      - Fri, 02 Aug 2019 01:48:55 GMT
      ETag:
      - '"0x8D716EB94035C33"'
      Last-Modified:
      - Fri, 02 Aug 2019 01:48:55 GMT
      Server:
      - Windows-Azure-File/1.0 Microsoft-HTTPAPI/2.0
      x-ms-request-id:
      - 7d4e5478-a01a-00cc-55d4-485cdc000000
      x-ms-version:
      - '2018-11-09'
    status:
      code: 201
      message: Created
- request:
    body: null
    headers:
      Accept:
      - application/xml
      Accept-Encoding:
      - gzip, deflate
      Connection:
      - keep-alive
      User-Agent:
      - azsdk-python-storage-file/12.0.0b1 Python/3.7.3 (Windows-10-10.0.17763-SP0)
      content-type:
      - application/xml; charset=utf-8
      x-ms-client-request-id:
      - afa90376-b4c7-11e9-a225-2816a845e8c6
      x-ms-date:
      - Fri, 02 Aug 2019 01:48:55 GMT
      x-ms-version:
      - '2018-11-09'
    method: GET
    uri: https://storagename.file.core.windows.net/?maxresults=2&include=&comp=list
  response:
    body:
      string: "\uFEFF<?xml version=\"1.0\" encoding=\"utf-8\"?><EnumerationResults
        ServiceEndpoint=\"https://storagename.file.core.windows.net/\"><MaxResults>2</MaxResults><Shares><Share><Name>listshare07d2b16cf</Name><Properties><Last-Modified>Fri,
        02 Aug 2019 01:48:54 GMT</Last-Modified><Etag>\"0x8D716EB93D2A683\"</Etag><Quota>5120</Quota></Properties></Share><Share><Name>listshare17d2b16cf</Name><Properties><Last-Modified>Fri,
        02 Aug 2019 01:48:55 GMT</Last-Modified><Etag>\"0x8D716EB93E287E3\"</Etag><Quota>5120</Quota></Properties></Share></Shares><NextMarker>/storagename/listshare27d2b16cf</NextMarker></EnumerationResults>"
    headers:
      Content-Type:
      - application/xml
      Date:
      - Fri, 02 Aug 2019 01:48:55 GMT
      Server:
      - Windows-Azure-File/1.0 Microsoft-HTTPAPI/2.0
      Transfer-Encoding:
      - chunked
      Vary:
      - Origin
      x-ms-request-id:
      - 7d4e547a-a01a-00cc-56d4-485cdc000000
      x-ms-version:
      - '2018-11-09'
    status:
      code: 200
      message: OK
- request:
    body: null
    headers:
      Accept:
      - application/xml
      Accept-Encoding:
      - gzip, deflate
      Connection:
      - keep-alive
      User-Agent:
      - azsdk-python-storage-file/12.0.0b1 Python/3.7.3 (Windows-10-10.0.17763-SP0)
      content-type:
      - application/xml; charset=utf-8
      x-ms-client-request-id:
      - afb6b474-b4c7-11e9-bf12-2816a845e8c6
      x-ms-date:
      - Fri, 02 Aug 2019 01:48:55 GMT
      x-ms-version:
      - '2018-11-09'
    method: GET
    uri: https://storagename.file.core.windows.net/?marker=%2Fstoragename%2Flistshare27d2b16cf&maxresults=2&include=&comp=list
  response:
    body:
      string: "\uFEFF<?xml version=\"1.0\" encoding=\"utf-8\"?><EnumerationResults
        ServiceEndpoint=\"https://storagename.file.core.windows.net/\"><Marker>/storagename/listshare27d2b16cf</Marker><MaxResults>2</MaxResults><Shares><Share><Name>listshare27d2b16cf</Name><Properties><Last-Modified>Fri,
        02 Aug 2019 01:48:55 GMT</Last-Modified><Etag>\"0x8D716EB93F2DE78\"</Etag><Quota>5120</Quota></Properties></Share><Share><Name>listshare37d2b16cf</Name><Properties><Last-Modified>Fri,
        02 Aug 2019 01:48:55 GMT</Last-Modified><Etag>\"0x8D716EB94035C33\"</Etag><Quota>5120</Quota></Properties></Share></Shares><NextMarker>/storagename/share1f550f35</NextMarker></EnumerationResults>"
    headers:
      Content-Type:
      - application/xml
      Date:
      - Fri, 02 Aug 2019 01:48:55 GMT
      Server:
      - Windows-Azure-File/1.0 Microsoft-HTTPAPI/2.0
      Transfer-Encoding:
      - chunked
      Vary:
      - Origin
      x-ms-request-id:
      - 7d4e547b-a01a-00cc-57d4-485cdc000000
      x-ms-version:
      - '2018-11-09'
    status:
      code: 200
      message: OK
version: 1
