interactions:
- request:
    body: null
    headers:
      User-Agent:
      - azsdk-python-storage-file/12.0.0b2 Python/3.7.3 (Windows-10-10.0.17763-SP0)
      content-type:
      - application/xml; charset=utf-8
      x-ms-date:
      - Fri, 23 Aug 2019 02:55:13 GMT
      x-ms-version:
      - '2018-11-09'
    method: PUT
    uri: https://pyacrstorage7c2d16ba.file.core.windows.net/dirshare?restype=share
  response:
    body:
      string: ''
    headers:
      content-length: '0'
      date: Fri, 23 Aug 2019 02:55:13 GMT
      etag: '"0x8D7277552695894"'
      last-modified: Fri, 23 Aug 2019 02:55:14 GMT
      server: Windows-Azure-File/1.0 Microsoft-HTTPAPI/2.0
      x-ms-version: '2018-11-09'
    status:
      code: 201
      message: Created
    url: !!python/object/new:yarl.URL
      state: !!python/tuple
      - !!python/object/new:urllib.parse.SplitResult
        - https
        - pyacrstorage7c2d16ba.file.core.windows.net
        - /dirshare
        - restype=share
        - ''
- request:
    body: null
    headers:
      User-Agent:
      - azsdk-python-storage-file/12.0.0b2 Python/3.7.3 (Windows-10-10.0.17763-SP0)
      content-type:
      - application/xml; charset=utf-8
      x-ms-date:
      - Fri, 23 Aug 2019 02:55:14 GMT
      x-ms-version:
      - '2018-11-09'
    method: PUT
    uri: https://pyacrstorage7c2d16ba.file.core.windows.net/dirshare/mydirectory?restype=directory
  response:
    body:
      string: ''
    headers:
      content-length: '0'
      date: Fri, 23 Aug 2019 02:55:13 GMT
      etag: '"0x8D72775529763D8"'
      last-modified: Fri, 23 Aug 2019 02:55:14 GMT
      server: Windows-Azure-File/1.0 Microsoft-HTTPAPI/2.0
      x-ms-request-server-encrypted: 'true'
      x-ms-version: '2018-11-09'
    status:
      code: 201
      message: Created
    url: !!python/object/new:yarl.URL
      state: !!python/tuple
      - !!python/object/new:urllib.parse.SplitResult
        - https
        - pyacrstorage7c2d16ba.file.core.windows.net
        - /dirshare/mydirectory
        - restype=directory
        - ''
- request:
    body: null
    headers:
      User-Agent:
      - azsdk-python-storage-file/12.0.0b2 Python/3.7.3 (Windows-10-10.0.17763-SP0)
      content-type:
      - application/xml; charset=utf-8
      x-ms-content-length:
      - '55'
      x-ms-date:
      - Fri, 23 Aug 2019 02:55:14 GMT
      x-ms-type:
      - file
      x-ms-version:
      - '2018-11-09'
    method: PUT
    uri: https://pyacrstorage7c2d16ba.file.core.windows.net/dirshare/mydirectory/sample
  response:
    body:
      string: ''
    headers:
      content-length: '0'
      date: Fri, 23 Aug 2019 02:55:13 GMT
      etag: '"0x8D7277552A63396"'
      last-modified: Fri, 23 Aug 2019 02:55:14 GMT
      server: Windows-Azure-File/1.0 Microsoft-HTTPAPI/2.0
      x-ms-request-server-encrypted: 'true'
      x-ms-version: '2018-11-09'
    status:
      code: 201
      message: Created
    url: !!python/object/new:yarl.URL
      state: !!python/tuple
      - !!python/object/new:urllib.parse.SplitResult
        - https
        - pyacrstorage7c2d16ba.file.core.windows.net
        - /dirshare/mydirectory/sample
        - ''
        - ''
- request:
    body: Lorem ipsum dolor sit amet, consectetur adipiscing elit
    headers:
      Content-Length:
      - '55'
      Content-Type:
      - application/octet-stream
      User-Agent:
      - azsdk-python-storage-file/12.0.0b2 Python/3.7.3 (Windows-10-10.0.17763-SP0)
      x-ms-date:
      - Fri, 23 Aug 2019 02:55:15 GMT
      x-ms-range:
      - bytes=0-54
      x-ms-version:
      - '2018-11-09'
      x-ms-write:
      - update
    method: PUT
    uri: https://pyacrstorage7c2d16ba.file.core.windows.net/dirshare/mydirectory/sample?comp=range
  response:
    body:
      string: ''
    headers:
      content-length: '0'
      content-md5: /BCgjff6+jhxFmZGYJ4clQ==
      date: Fri, 23 Aug 2019 02:55:14 GMT
      etag: '"0x8D7277552C6B9C1"'
      last-modified: Fri, 23 Aug 2019 02:55:14 GMT
      server: Windows-Azure-File/1.0 Microsoft-HTTPAPI/2.0
      x-ms-request-server-encrypted: 'true'
      x-ms-version: '2018-11-09'
    status:
      code: 201
      message: Created
    url: !!python/object/new:yarl.URL
      state: !!python/tuple
      - !!python/object/new:urllib.parse.SplitResult
        - https
        - pyacrstorage7c2d16ba.file.core.windows.net
        - /dirshare/mydirectory/sample
        - comp=range
        - ''
- request:
    body: null
    headers:
      User-Agent:
      - azsdk-python-storage-file/12.0.0b2 Python/3.7.3 (Windows-10-10.0.17763-SP0)
      content-type:
      - application/xml; charset=utf-8
      x-ms-date:
      - Fri, 23 Aug 2019 02:55:15 GMT
      x-ms-version:
      - '2018-11-09'
    method: DELETE
    uri: https://pyacrstorage7c2d16ba.file.core.windows.net/dirshare/mydirectory/sample
  response:
    body:
      string: ''
    headers:
      content-length: '0'
      date: Fri, 23 Aug 2019 02:55:14 GMT
      server: Windows-Azure-File/1.0 Microsoft-HTTPAPI/2.0
      x-ms-version: '2018-11-09'
    status:
      code: 202
      message: Accepted
    url: !!python/object/new:yarl.URL
      state: !!python/tuple
      - !!python/object/new:urllib.parse.SplitResult
        - https
        - pyacrstorage7c2d16ba.file.core.windows.net
        - /dirshare/mydirectory/sample
        - ''
        - ''
- request:
    body: null
    headers:
      User-Agent:
      - azsdk-python-storage-file/12.0.0b2 Python/3.7.3 (Windows-10-10.0.17763-SP0)
      content-type:
      - application/xml; charset=utf-8
      x-ms-date:
      - Fri, 23 Aug 2019 02:55:15 GMT
      x-ms-version:
      - '2018-11-09'
    method: DELETE
    uri: https://pyacrstorage7c2d16ba.file.core.windows.net/dirshare/mydirectory?restype=directory
  response:
    body:
      string: ''
    headers:
      content-length: '0'
      date: Fri, 23 Aug 2019 02:55:14 GMT
      server: Windows-Azure-File/1.0 Microsoft-HTTPAPI/2.0
      x-ms-version: '2018-11-09'
    status:
      code: 202
      message: Accepted
    url: !!python/object/new:yarl.URL
      state: !!python/tuple
      - !!python/object/new:urllib.parse.SplitResult
        - https
        - pyacrstorage7c2d16ba.file.core.windows.net
        - /dirshare/mydirectory
        - restype=directory
        - ''
- request:
    body: null
    headers:
      User-Agent:
      - azsdk-python-storage-file/12.0.0b2 Python/3.7.3 (Windows-10-10.0.17763-SP0)
      content-type:
      - application/xml; charset=utf-8
      x-ms-date:
      - Fri, 23 Aug 2019 02:55:15 GMT
      x-ms-version:
      - '2018-11-09'
    method: DELETE
    uri: https://pyacrstorage7c2d16ba.file.core.windows.net/dirshare?restype=share
  response:
    body:
      string: ''
    headers:
      content-length: '0'
      date: Fri, 23 Aug 2019 02:55:14 GMT
      server: Windows-Azure-File/1.0 Microsoft-HTTPAPI/2.0
      x-ms-version: '2018-11-09'
    status:
      code: 202
      message: Accepted
    url: !!python/object/new:yarl.URL
      state: !!python/tuple
      - !!python/object/new:urllib.parse.SplitResult
        - https
        - pyacrstorage7c2d16ba.file.core.windows.net
        - /dirshare
        - restype=share
        - ''
version: 1
