interactions:
- request:
    body: null
    headers:
      User-Agent:
      - azsdk-python-storage-file/12.0.0b1 Python/3.7.3 (Windows-10-10.0.17763-SP0)
      content-type:
      - application/xml; charset=utf-8
      x-ms-client-request-id:
      - 25a0fc06-b56a-11e9-9033-2816a845e8c6
      x-ms-date:
      - Fri, 02 Aug 2019 21:11:51 GMT
      x-ms-version:
      - '2018-11-09'
    method: PUT
    uri: https://storagename.file.core.windows.net/share50061605?restype=share
  response:
    body:
      string: ''
    headers:
      ? !!python/object/new:multidict._istr.istr
      - Content-Length
      : '0'
      ? !!python/object/new:multidict._istr.istr
      - Date
      : Fri, 02 Aug 2019 21:11:50 GMT
      ? !!python/object/new:multidict._istr.istr
      - Etag
      : '"0x8D7178E09CA024D"'
      ? !!python/object/new:multidict._istr.istr
      - Last-Modified
      : Fri, 02 Aug 2019 21:11:51 GMT
      ? !!python/object/new:multidict._istr.istr
      - Server
      : Windows-Azure-File/1.0 Microsoft-HTTPAPI/2.0
      x-ms-request-id: 11579e4f-501a-007f-1976-49fa32000000
      x-ms-version: '2018-11-09'
    status:
      code: 201
      message: Created
    url: !!python/object/new:yarl.URL
      state: !!python/tuple
      - !!python/object/new:urllib.parse.SplitResult
        - https
        - amqptest.file.core.windows.net
        - /share50061605
        - restype=share
        - ''
- request:
    body: null
    headers:
      User-Agent:
      - azsdk-python-storage-file/12.0.0b1 Python/3.7.3 (Windows-10-10.0.17763-SP0)
      content-type:
      - application/xml; charset=utf-8
      x-ms-client-request-id:
      - 25bf7b64-b56a-11e9-b762-2816a845e8c6
      x-ms-date:
      - Fri, 02 Aug 2019 21:11:51 GMT
      x-ms-version:
      - '2018-11-09'
    method: PUT
    uri: https://storagename.file.core.windows.net/share50061605?restype=share&comp=snapshot
  response:
    body:
      string: ''
    headers:
      ? !!python/object/new:multidict._istr.istr
      - Content-Length
      : '0'
      ? !!python/object/new:multidict._istr.istr
      - Date
      : Fri, 02 Aug 2019 21:11:51 GMT
      ? !!python/object/new:multidict._istr.istr
      - Etag
      : '"0x8D7178E09CA024D"'
      ? !!python/object/new:multidict._istr.istr
      - Last-Modified
      : Fri, 02 Aug 2019 21:11:51 GMT
      ? !!python/object/new:multidict._istr.istr
      - Server
      : Windows-Azure-File/1.0 Microsoft-HTTPAPI/2.0
      x-ms-request-id: 11579e53-501a-007f-1a76-49fa32000000
      x-ms-snapshot: '2019-08-02T21:11:51.0000000Z'
      x-ms-version: '2018-11-09'
    status:
      code: 201
      message: Created
    url: !!python/object/new:yarl.URL
      state: !!python/tuple
      - !!python/object/new:urllib.parse.SplitResult
        - https
        - amqptest.file.core.windows.net
        - /share50061605
        - restype=share&comp=snapshot
        - ''
- request:
    body: null
    headers:
      User-Agent:
      - azsdk-python-storage-file/12.0.0b1 Python/3.7.3 (Windows-10-10.0.17763-SP0)
      content-type:
      - application/xml; charset=utf-8
      x-ms-client-request-id:
      - 25df21cc-b56a-11e9-939b-2816a845e8c6
      x-ms-date:
      - Fri, 02 Aug 2019 21:11:51 GMT
      x-ms-version:
      - '2018-11-09'
    method: PUT
    uri: https://storagename.file.core.windows.net/share50061605?restype=share&comp=snapshot
  response:
    body:
      string: ''
    headers:
      ? !!python/object/new:multidict._istr.istr
      - Content-Length
      : '0'
      ? !!python/object/new:multidict._istr.istr
      - Date
      : Fri, 02 Aug 2019 21:11:51 GMT
      ? !!python/object/new:multidict._istr.istr
      - Etag
      : '"0x8D7178E09CA024D"'
      ? !!python/object/new:multidict._istr.istr
      - Last-Modified
      : Fri, 02 Aug 2019 21:11:51 GMT
      ? !!python/object/new:multidict._istr.istr
      - Server
      : Windows-Azure-File/1.0 Microsoft-HTTPAPI/2.0
      x-ms-request-id: 11579e54-501a-007f-1b76-49fa32000000
      x-ms-snapshot: '2019-08-02T21:11:52.0000000Z'
      x-ms-version: '2018-11-09'
    status:
      code: 201
      message: Created
    url: !!python/object/new:yarl.URL
      state: !!python/tuple
      - !!python/object/new:urllib.parse.SplitResult
        - https
        - amqptest.file.core.windows.net
        - /share50061605
        - restype=share&comp=snapshot
        - ''
- request:
    body: null
    headers:
      Accept:
      - application/xml
      User-Agent:
      - azsdk-python-storage-file/12.0.0b1 Python/3.7.3 (Windows-10-10.0.17763-SP0)
      content-type:
      - application/xml; charset=utf-8
      x-ms-client-request-id:
      - 25e838b4-b56a-11e9-af8d-2816a845e8c6
      x-ms-date:
      - Fri, 02 Aug 2019 21:11:51 GMT
      x-ms-version:
      - '2018-11-09'
    method: GET
    uri: https://storagename.file.core.windows.net/?include=snapshots&comp=list
  response:
    body:
      string: "\uFEFF<?xml version=\"1.0\" encoding=\"utf-8\"?><EnumerationResults
        ServiceEndpoint=\"https://storagename.file.core.windows.net/\"><Shares><Share><Name>share50061605</Name><Snapshot>2019-08-02T21:11:51.0000000Z</Snapshot><Properties><Last-Modified>Fri,
        02 Aug 2019 21:11:51 GMT</Last-Modified><Etag>\"0x8D7178E09CA024D\"</Etag><Quota>5120</Quota></Properties></Share><Share><Name>share50061605</Name><Snapshot>2019-08-02T21:11:52.0000000Z</Snapshot><Properties><Last-Modified>Fri,
        02 Aug 2019 21:11:51 GMT</Last-Modified><Etag>\"0x8D7178E09CA024D\"</Etag><Quota>5120</Quota></Properties></Share><Share><Name>share50061605</Name><Properties><Last-Modified>Fri,
        02 Aug 2019 21:11:51 GMT</Last-Modified><Etag>\"0x8D7178E09CA024D\"</Etag><Quota>5120</Quota></Properties></Share></Shares><NextMarker
        /></EnumerationResults>"
    headers:
      ? !!python/object/new:multidict._istr.istr
      - Content-Type
      : application/xml
      ? !!python/object/new:multidict._istr.istr
      - Date
      : Fri, 02 Aug 2019 21:11:51 GMT
      ? !!python/object/new:multidict._istr.istr
      - Server
      : Windows-Azure-File/1.0 Microsoft-HTTPAPI/2.0
      ? !!python/object/new:multidict._istr.istr
      - Transfer-Encoding
      : chunked
      ? !!python/object/new:multidict._istr.istr
      - Vary
      : Origin
      x-ms-request-id: 11579e55-501a-007f-1c76-49fa32000000
      x-ms-version: '2018-11-09'
    status:
      code: 200
      message: OK
    url: !!python/object/new:yarl.URL
      state: !!python/tuple
      - !!python/object/new:urllib.parse.SplitResult
        - https
        - amqptest.file.core.windows.net
        - /
        - include=snapshots&comp=list
        - ''
version: 1
