interactions:
- request:
    body: null
    headers:
      Accept:
      - '*/*'
      Accept-Encoding:
      - gzip, deflate
      Connection:
      - keep-alive
      Content-Length:
      - '0'
      User-Agent:
      - azsdk-python-storage-file/12.0.0b1 Python/3.7.3 (Windows-10-10.0.17763-SP0)
      content-type:
      - application/xml; charset=utf-8
      x-ms-client-request-id:
      - 3857fcbe-b637-11e9-9542-2816a845e8c6
      x-ms-date:
      - Sat, 03 Aug 2019 21:39:49 GMT
      x-ms-version:
      - '2018-11-09'
    method: PUT
    uri: https://storagename.file.core.windows.net/shared84a1877?restype=share
  response:
    body:
      string: ''
    headers:
      Content-Length:
      - '0'
      Date:
      - Sat, 03 Aug 2019 21:39:48 GMT
      ETag:
      - '"0x8D7185B1C0F172B"'
      Last-Modified:
      - Sat, 03 Aug 2019 21:39:48 GMT
      Server:
      - Windows-Azure-File/1.0 Microsoft-HTTPAPI/2.0
      x-ms-request-id:
      - a2b2880a-401a-0024-2d43-4afd4e000000
      x-ms-version:
      - '2018-11-09'
    status:
      code: 201
      message: Created
- request:
    body: null
    headers:
      Accept:
      - '*/*'
      Accept-Encoding:
      - gzip, deflate
      Connection:
      - keep-alive
      Content-Length:
      - '0'
      User-Agent:
      - azsdk-python-storage-file/12.0.0b1 Python/3.7.3 (Windows-10-10.0.17763-SP0)
      content-type:
      - application/xml; charset=utf-8
      x-ms-client-request-id:
      - 389c4502-b637-11e9-ba91-2816a845e8c6
      x-ms-date:
      - Sat, 03 Aug 2019 21:39:50 GMT
      x-ms-version:
      - '2018-11-09'
    method: PUT
    uri: https://storagename.file.core.windows.net/shared84a1877/dir1?restype=directory
  response:
    body:
      string: ''
    headers:
      Content-Length:
      - '0'
      Date:
      - Sat, 03 Aug 2019 21:39:48 GMT
      ETag:
      - '"0x8D7185B1C287E88"'
      Last-Modified:
      - Sat, 03 Aug 2019 21:39:48 GMT
      Server:
      - Windows-Azure-File/1.0 Microsoft-HTTPAPI/2.0
      x-ms-request-id:
      - a2b2880c-401a-0024-2e43-4afd4e000000
      x-ms-request-server-encrypted:
      - 'true'
      x-ms-version:
      - '2018-11-09'
    status:
      code: 201
      message: Created
- request:
    body: null
    headers:
      Accept:
      - '*/*'
      Accept-Encoding:
      - gzip, deflate
      Connection:
      - keep-alive
      Content-Length:
      - '0'
      User-Agent:
      - azsdk-python-storage-file/12.0.0b1 Python/3.7.3 (Windows-10-10.0.17763-SP0)
      content-type:
      - application/xml; charset=utf-8
      x-ms-client-request-id:
      - 38cd95b4-b637-11e9-8c77-2816a845e8c6
      x-ms-content-length:
      - '4'
      x-ms-date:
      - Sat, 03 Aug 2019 21:39:50 GMT
      x-ms-type:
      - file
      x-ms-version:
      - '2018-11-09'
    method: PUT
    uri: https://storagename.file.core.windows.net/shared84a1877/filea1
  response:
    body:
      string: ''
    headers:
      Content-Length:
      - '0'
      Date:
      - Sat, 03 Aug 2019 21:39:48 GMT
      ETag:
      - '"0x8D7185B1C5897FB"'
      Last-Modified:
      - Sat, 03 Aug 2019 21:39:49 GMT
      Server:
      - Windows-Azure-File/1.0 Microsoft-HTTPAPI/2.0
      x-ms-request-id:
      - a2b2880d-401a-0024-2f43-4afd4e000000
      x-ms-request-server-encrypted:
      - 'true'
      x-ms-version:
      - '2018-11-09'
    status:
      code: 201
      message: Created
- request:
    body: '1024'
    headers:
      Accept:
      - '*/*'
      Accept-Encoding:
      - gzip, deflate
      Connection:
      - keep-alive
      Content-Length:
      - '4'
      Content-Type:
      - application/octet-stream
      User-Agent:
      - azsdk-python-storage-file/12.0.0b1 Python/3.7.3 (Windows-10-10.0.17763-SP0)
      x-ms-client-request-id:
      - 38e9b52c-b637-11e9-aba8-2816a845e8c6
      x-ms-date:
      - Sat, 03 Aug 2019 21:39:50 GMT
      x-ms-range:
      - bytes=0-3
      x-ms-version:
      - '2018-11-09'
      x-ms-write:
      - update
    method: PUT
    uri: https://storagename.file.core.windows.net/shared84a1877/filea1?comp=range
  response:
    body:
      string: ''
    headers:
      Content-Length:
      - '0'
      Content-MD5:
      - Ahu8fuILcRNNU+ICBr1v6w==
      Date:
      - Sat, 03 Aug 2019 21:39:48 GMT
      ETag:
      - '"0x8D7185B1C79937D"'
      Last-Modified:
      - Sat, 03 Aug 2019 21:39:49 GMT
      Server:
      - Windows-Azure-File/1.0 Microsoft-HTTPAPI/2.0
      x-ms-request-id:
      - a2b2880e-401a-0024-3043-4afd4e000000
      x-ms-request-server-encrypted:
      - 'true'
      x-ms-version:
      - '2018-11-09'
    status:
      code: 201
      message: Created
- request:
    body: null
    headers:
      Accept:
      - '*/*'
      Accept-Encoding:
      - gzip, deflate
      Connection:
      - keep-alive
      Content-Length:
      - '0'
      User-Agent:
      - azsdk-python-storage-file/12.0.0b1 Python/3.7.3 (Windows-10-10.0.17763-SP0)
      content-type:
      - application/xml; charset=utf-8
      x-ms-client-request-id:
      - 3907cb88-b637-11e9-b6a9-2816a845e8c6
      x-ms-content-length:
      - '4'
      x-ms-date:
      - Sat, 03 Aug 2019 21:39:50 GMT
      x-ms-type:
      - file
      x-ms-version:
      - '2018-11-09'
    method: PUT
    uri: https://storagename.file.core.windows.net/shared84a1877/filea2
  response:
    body:
      string: ''
    headers:
      Content-Length:
      - '0'
      Date:
      - Sat, 03 Aug 2019 21:39:48 GMT
      ETag:
      - '"0x8D7185B1C92501F"'
      Last-Modified:
      - Sat, 03 Aug 2019 21:39:49 GMT
      Server:
      - Windows-Azure-File/1.0 Microsoft-HTTPAPI/2.0
      x-ms-request-id:
      - a2b2880f-401a-0024-3143-4afd4e000000
      x-ms-request-server-encrypted:
      - 'true'
      x-ms-version:
      - '2018-11-09'
    status:
      code: 201
      message: Created
- request:
    body: '1024'
    headers:
      Accept:
      - '*/*'
      Accept-Encoding:
      - gzip, deflate
      Connection:
      - keep-alive
      Content-Length:
      - '4'
      Content-Type:
      - application/octet-stream
      User-Agent:
      - azsdk-python-storage-file/12.0.0b1 Python/3.7.3 (Windows-10-10.0.17763-SP0)
      x-ms-client-request-id:
      - 3925ea40-b637-11e9-9e4e-2816a845e8c6
      x-ms-date:
      - Sat, 03 Aug 2019 21:39:50 GMT
      x-ms-range:
      - bytes=0-3
      x-ms-version:
      - '2018-11-09'
      x-ms-write:
      - update
    method: PUT
    uri: https://storagename.file.core.windows.net/shared84a1877/filea2?comp=range
  response:
    body:
      string: ''
    headers:
      Content-Length:
      - '0'
      Content-MD5:
      - Ahu8fuILcRNNU+ICBr1v6w==
      Date:
      - Sat, 03 Aug 2019 21:39:49 GMT
      ETag:
      - '"0x8D7185B1CB1EBD1"'
      Last-Modified:
      - Sat, 03 Aug 2019 21:39:49 GMT
      Server:
      - Windows-Azure-File/1.0 Microsoft-HTTPAPI/2.0
      x-ms-request-id:
      - a2b28810-401a-0024-3243-4afd4e000000
      x-ms-request-server-encrypted:
      - 'true'
      x-ms-version:
      - '2018-11-09'
    status:
      code: 201
      message: Created
- request:
    body: null
    headers:
      Accept:
      - '*/*'
      Accept-Encoding:
      - gzip, deflate
      Connection:
      - keep-alive
      Content-Length:
      - '0'
      User-Agent:
      - azsdk-python-storage-file/12.0.0b1 Python/3.7.3 (Windows-10-10.0.17763-SP0)
      content-type:
      - application/xml; charset=utf-8
      x-ms-client-request-id:
      - 3935e488-b637-11e9-88ac-2816a845e8c6
      x-ms-content-length:
      - '4'
      x-ms-date:
      - Sat, 03 Aug 2019 21:39:51 GMT
      x-ms-type:
      - file
      x-ms-version:
      - '2018-11-09'
    method: PUT
    uri: https://storagename.file.core.windows.net/shared84a1877/filea3
  response:
    body:
      string: ''
    headers:
      Content-Length:
      - '0'
      Date:
      - Sat, 03 Aug 2019 21:39:49 GMT
      ETag:
      - '"0x8D7185B1CC0BB8F"'
      Last-Modified:
      - Sat, 03 Aug 2019 21:39:49 GMT
      Server:
      - Windows-Azure-File/1.0 Microsoft-HTTPAPI/2.0
      x-ms-request-id:
      - a2b28811-401a-0024-3343-4afd4e000000
      x-ms-request-server-encrypted:
      - 'true'
      x-ms-version:
      - '2018-11-09'
    status:
      code: 201
      message: Created
- request:
    body: '1024'
    headers:
      Accept:
      - '*/*'
      Accept-Encoding:
      - gzip, deflate
      Connection:
      - keep-alive
      Content-Length:
      - '4'
      Content-Type:
      - application/octet-stream
      User-Agent:
      - azsdk-python-storage-file/12.0.0b1 Python/3.7.3 (Windows-10-10.0.17763-SP0)
      x-ms-client-request-id:
      - 394454ec-b637-11e9-bd64-2816a845e8c6
      x-ms-date:
      - Sat, 03 Aug 2019 21:39:51 GMT
      x-ms-range:
      - bytes=0-3
      x-ms-version:
      - '2018-11-09'
      x-ms-write:
      - update
    method: PUT
    uri: https://storagename.file.core.windows.net/shared84a1877/filea3?comp=range
  response:
    body:
      string: ''
    headers:
      Content-Length:
      - '0'
      Content-MD5:
      - Ahu8fuILcRNNU+ICBr1v6w==
      Date:
      - Sat, 03 Aug 2019 21:39:49 GMT
      ETag:
      - '"0x8D7185B1CD075E1"'
      Last-Modified:
      - Sat, 03 Aug 2019 21:39:50 GMT
      Server:
      - Windows-Azure-File/1.0 Microsoft-HTTPAPI/2.0
      x-ms-request-id:
      - a2b28812-401a-0024-3443-4afd4e000000
      x-ms-request-server-encrypted:
      - 'true'
      x-ms-version:
      - '2018-11-09'
    status:
      code: 201
      message: Created
- request:
    body: null
    headers:
      Accept:
      - '*/*'
      Accept-Encoding:
      - gzip, deflate
      Connection:
      - keep-alive
      Content-Length:
      - '0'
      User-Agent:
      - azsdk-python-storage-file/12.0.0b1 Python/3.7.3 (Windows-10-10.0.17763-SP0)
      content-type:
      - application/xml; charset=utf-8
      x-ms-client-request-id:
      - 3955b5c0-b637-11e9-b406-2816a845e8c6
      x-ms-content-length:
      - '4'
      x-ms-date:
      - Sat, 03 Aug 2019 21:39:51 GMT
      x-ms-type:
      - file
      x-ms-version:
      - '2018-11-09'
    method: PUT
    uri: https://storagename.file.core.windows.net/shared84a1877/fileb1
  response:
    body:
      string: ''
    headers:
      Content-Length:
      - '0'
      Date:
      - Sat, 03 Aug 2019 21:39:49 GMT
      ETag:
      - '"0x8D7185B1CE1B715"'
      Last-Modified:
      - Sat, 03 Aug 2019 21:39:50 GMT
      Server:
      - Windows-Azure-File/1.0 Microsoft-HTTPAPI/2.0
      x-ms-request-id:
      - a2b28813-401a-0024-3543-4afd4e000000
      x-ms-request-server-encrypted:
      - 'true'
      x-ms-version:
      - '2018-11-09'
    status:
      code: 201
      message: Created
- request:
    body: '1024'
    headers:
      Accept:
      - '*/*'
      Accept-Encoding:
      - gzip, deflate
      Connection:
      - keep-alive
      Content-Length:
      - '4'
      Content-Type:
      - application/octet-stream
      User-Agent:
      - azsdk-python-storage-file/12.0.0b1 Python/3.7.3 (Windows-10-10.0.17763-SP0)
      x-ms-client-request-id:
      - 3984880c-b637-11e9-a2b1-2816a845e8c6
      x-ms-date:
      - Sat, 03 Aug 2019 21:39:51 GMT
      x-ms-range:
      - bytes=0-3
      x-ms-version:
      - '2018-11-09'
      x-ms-write:
      - update
    method: PUT
    uri: https://storagename.file.core.windows.net/shared84a1877/fileb1?comp=range
  response:
    body:
      string: ''
    headers:
      Content-Length:
      - '0'
      Content-MD5:
      - Ahu8fuILcRNNU+ICBr1v6w==
      Date:
      - Sat, 03 Aug 2019 21:39:49 GMT
      ETag:
      - '"0x8D7185B1D11F79B"'
      Last-Modified:
      - Sat, 03 Aug 2019 21:39:50 GMT
      Server:
      - Windows-Azure-File/1.0 Microsoft-HTTPAPI/2.0
      x-ms-request-id:
      - a2b28814-401a-0024-3643-4afd4e000000
      x-ms-request-server-encrypted:
      - 'true'
      x-ms-version:
      - '2018-11-09'
    status:
      code: 201
      message: Created
- request:
    body: null
    headers:
      Accept:
      - application/xml
      Accept-Encoding:
      - gzip, deflate
      Connection:
      - keep-alive
      User-Agent:
      - azsdk-python-storage-file/12.0.0b1 Python/3.7.3 (Windows-10-10.0.17763-SP0)
      content-type:
      - application/xml; charset=utf-8
      x-ms-client-request-id:
      - 399902a8-b637-11e9-bdc7-2816a845e8c6
      x-ms-date:
      - Sat, 03 Aug 2019 21:39:51 GMT
      x-ms-version:
      - '2018-11-09'
    method: GET
    uri: https://storagename.file.core.windows.net/shared84a1877?maxresults=2&restype=directory&comp=list
  response:
    body:
      string: "\uFEFF<?xml version=\"1.0\" encoding=\"utf-8\"?><EnumerationResults
        ServiceEndpoint=\"https://storagename.file.core.windows.net/\" ShareName=\"shared84a1877\"
        DirectoryPath=\"\"><MaxResults>2</MaxResults><Entries><Directory><Name>dir1</Name><Properties
        /></Directory><File><Name>filea1</Name><Properties><Content-Length>4</Content-Length></Properties></File></Entries><NextMarker>1!8!ZmlsZWEy</NextMarker></EnumerationResults>"
    headers:
      Content-Type:
      - application/xml
      Date:
      - Sat, 03 Aug 2019 21:39:49 GMT
      Server:
      - Windows-Azure-File/1.0 Microsoft-HTTPAPI/2.0
      Transfer-Encoding:
      - chunked
      Vary:
      - Origin
      x-ms-request-id:
      - a2b28815-401a-0024-3743-4afd4e000000
      x-ms-version:
      - '2018-11-09'
    status:
      code: 200
      message: OK
- request:
    body: null
    headers:
      Accept:
      - application/xml
      Accept-Encoding:
      - gzip, deflate
      Connection:
      - keep-alive
      User-Agent:
      - azsdk-python-storage-file/12.0.0b1 Python/3.7.3 (Windows-10-10.0.17763-SP0)
      content-type:
      - application/xml; charset=utf-8
      x-ms-client-request-id:
      - 39b41168-b637-11e9-b4b3-2816a845e8c6
      x-ms-date:
      - Sat, 03 Aug 2019 21:39:51 GMT
      x-ms-version:
      - '2018-11-09'
    method: GET
    uri: https://storagename.file.core.windows.net/?include=snapshots&comp=list
  response:
    body:
      string: "\uFEFF<?xml version=\"1.0\" encoding=\"utf-8\"?><EnumerationResults
        ServiceEndpoint=\"https://storagename.file.core.windows.net/\"><Shares><Share><Name>shared84a1877</Name><Properties><Last-Modified>Sat,
        03 Aug 2019 21:39:48 GMT</Last-Modified><Etag>\"0x8D7185B1C0F172B\"</Etag><Quota>5120</Quota></Properties></Share></Shares><NextMarker
        /></EnumerationResults>"
    headers:
      Content-Type:
      - application/xml
      Date:
      - Sat, 03 Aug 2019 21:39:50 GMT
      Server:
      - Windows-Azure-File/1.0 Microsoft-HTTPAPI/2.0
      Transfer-Encoding:
      - chunked
      Vary:
      - Origin
      x-ms-request-id:
      - a2b28817-401a-0024-3843-4afd4e000000
      x-ms-version:
      - '2018-11-09'
    status:
      code: 200
      message: OK
- request:
    body: null
    headers:
      Accept:
      - '*/*'
      Accept-Encoding:
      - gzip, deflate
      Connection:
      - keep-alive
      Content-Length:
      - '0'
      User-Agent:
      - azsdk-python-storage-file/12.0.0b1 Python/3.7.3 (Windows-10-10.0.17763-SP0)
      content-type:
      - application/xml; charset=utf-8
      x-ms-client-request-id:
      - 39c7a302-b637-11e9-be9c-2816a845e8c6
      x-ms-date:
      - Sat, 03 Aug 2019 21:39:52 GMT
      x-ms-delete-snapshots:
      - include
      x-ms-version:
      - '2018-11-09'
    method: DELETE
    uri: https://storagename.file.core.windows.net/shared84a1877?restype=share
  response:
    body:
      string: ''
    headers:
      Content-Length:
      - '0'
      Date:
      - Sat, 03 Aug 2019 21:39:50 GMT
      Server:
      - Windows-Azure-File/1.0 Microsoft-HTTPAPI/2.0
      x-ms-request-id:
      - a2b28818-401a-0024-3943-4afd4e000000
      x-ms-version:
      - '2018-11-09'
    status:
      code: 202
      message: Accepted
version: 1
