interactions:
- request:
    body: null
    headers:
      User-Agent:
      - azsdk-python-storage-file/12.0.0b2 Python/3.7.3 (Windows-10-10.0.17763-SP0)
      content-type:
      - application/xml; charset=utf-8
      x-ms-date:
      - Thu, 22 Aug 2019 20:36:49 GMT
      x-ms-version:
      - '2018-11-09'
    method: PUT
    uri: https://pyacrstorage8b4316d2.file.core.windows.net/utshare8b4316d2?restype=share
  response:
    body:
      string: ''
    headers:
      content-length: '0'
      date: Thu, 22 Aug 2019 20:36:48 GMT
      etag: '"0x8D7274075352D2F"'
      last-modified: Thu, 22 Aug 2019 20:36:49 GMT
      server: Windows-Azure-File/1.0 Microsoft-HTTPAPI/2.0
      x-ms-version: '2018-11-09'
    status:
      code: 201
      message: Created
    url: !!python/object/new:yarl.URL
      state: !!python/tuple
      - !!python/object/new:urllib.parse.SplitResult
        - https
        - pyacrstorage8b4316d2.file.core.windows.net
        - /utshare8b4316d2
        - restype=share
        - ''
- request:
    body: null
    headers:
      User-Agent:
      - azsdk-python-storage-file/12.0.0b2 Python/3.7.3 (Windows-10-10.0.17763-SP0)
      content-type:
      - application/xml; charset=utf-8
      x-ms-content-length:
      - '11'
      x-ms-date:
      - Thu, 22 Aug 2019 20:36:49 GMT
      x-ms-type:
      - file
      x-ms-version:
      - '2018-11-09'
    method: PUT
    uri: https://pyacrstorage8b4316d2.file.core.windows.net/utshare8b4316d2/%E5%95%8A%E9%BD%84%E4%B8%82%E7%8B%9B%E7%8B%9C
  response:
    body:
      string: ''
    headers:
      content-length: '0'
      date: Thu, 22 Aug 2019 20:36:49 GMT
      etag: '"0x8D727407567B7B9"'
      last-modified: Thu, 22 Aug 2019 20:36:49 GMT
      server: Windows-Azure-File/1.0 Microsoft-HTTPAPI/2.0
      x-ms-request-server-encrypted: 'true'
      x-ms-version: '2018-11-09'
    status:
      code: 201
      message: Created
    url: !!python/object/new:yarl.URL
      state: !!python/tuple
      - !!python/object/new:urllib.parse.SplitResult
        - https
        - pyacrstorage8b4316d2.file.core.windows.net
        - /utshare8b4316d2/%E5%95%8A%E9%BD%84%E4%B8%82%E7%8B%9B%E7%8B%9C
        - ''
        - ''
- request:
    body: hello world
    headers:
      Content-Length:
      - '11'
      Content-Type:
      - application/octet-stream
      User-Agent:
      - azsdk-python-storage-file/12.0.0b2 Python/3.7.3 (Windows-10-10.0.17763-SP0)
      x-ms-date:
      - Thu, 22 Aug 2019 20:36:49 GMT
      x-ms-range:
      - bytes=0-10
      x-ms-version:
      - '2018-11-09'
      x-ms-write:
      - update
    method: PUT
    uri: https://pyacrstorage8b4316d2.file.core.windows.net/utshare8b4316d2/%E5%95%8A%E9%BD%84%E4%B8%82%E7%8B%9B%E7%8B%9C?comp=range
  response:
    body:
      string: ''
    headers:
      content-length: '0'
      content-md5: XrY7u+Ae7tCTyyK7j1rNww==
      date: Thu, 22 Aug 2019 20:36:49 GMT
      etag: '"0x8D72740758E0B65"'
      last-modified: Thu, 22 Aug 2019 20:36:49 GMT
      server: Windows-Azure-File/1.0 Microsoft-HTTPAPI/2.0
      x-ms-request-server-encrypted: 'true'
      x-ms-version: '2018-11-09'
    status:
      code: 201
      message: Created
    url: !!python/object/new:yarl.URL
      state: !!python/tuple
      - !!python/object/new:urllib.parse.SplitResult
        - https
        - pyacrstorage8b4316d2.file.core.windows.net
        - /utshare8b4316d2/%E5%95%8A%E9%BD%84%E4%B8%82%E7%8B%9B%E7%8B%9C
        - comp=range
        - ''
- request:
    body: null
    headers:
      Accept:
      - application/xml
      User-Agent:
      - azsdk-python-storage-file/12.0.0b2 Python/3.7.3 (Windows-10-10.0.17763-SP0)
      content-type:
      - application/xml; charset=utf-8
      x-ms-date:
      - Thu, 22 Aug 2019 20:36:50 GMT
      x-ms-range:
      - bytes=0-33554431
      x-ms-version:
      - '2018-11-09'
    method: GET
    uri: https://pyacrstorage8b4316d2.file.core.windows.net/utshare8b4316d2/%E5%95%8A%E9%BD%84%E4%B8%82%E7%8B%9B%E7%8B%9C
  response:
    body:
      string: hello world
    headers:
      accept-ranges: bytes
      content-length: '11'
      content-range: bytes 0-10/11
      content-type: application/xml; charset=utf-8
      date: Thu, 22 Aug 2019 20:36:49 GMT
      etag: '"0x8D72740758E0B65"'
      last-modified: Thu, 22 Aug 2019 20:36:49 GMT
      server: Windows-Azure-File/1.0 Microsoft-HTTPAPI/2.0
      x-ms-server-encrypted: 'true'
      x-ms-type: File
      x-ms-version: '2018-11-09'
    status:
      code: 206
      message: Partial Content
    url: !!python/object/new:yarl.URL
      state: !!python/tuple
      - !!python/object/new:urllib.parse.SplitResult
        - https
        - pyacrstorage8b4316d2.file.core.windows.net
        - /utshare8b4316d2/%E5%95%8A%E9%BD%84%E4%B8%82%E7%8B%9B%E7%8B%9C
        - ''
        - ''
version: 1
