interactions:
- request:
    body: null
    headers:
      Accept:
      - '*/*'
      Accept-Encoding:
      - gzip, deflate
      Connection:
      - keep-alive
      Content-Length:
      - '0'
      User-Agent:
      - azsdk-python-storage-file/12.0.0b1 Python/3.7.3 (Windows-10-10.0.17763-SP0)
      content-type:
      - application/xml; charset=utf-8
      x-ms-client-request-id:
      - 735c6d36-b4b8-11e9-8282-2816a845e8c6
      x-ms-date:
      - Thu, 01 Aug 2019 23:59:51 GMT
      x-ms-version:
      - '2018-11-09'
    method: DELETE
    uri: https://remoteremotestoragename.file.core.windows.net/share34c61566?restype=share
  response:
    body:
      string: "\uFEFF<?xml version=\"1.0\" encoding=\"utf-8\"?><Error><Code>ShareNotFound</Code><Message>The
        specified share does not exist.\nRequestId:b3df2de0-601a-0034-38c5-4897c1000000\nTime:2019-08-01T23:59:48.7594721Z</Message></Error>"
    headers:
      Content-Length:
      - '217'
      Content-Type:
      - application/xml
      Date:
      - Thu, 01 Aug 2019 23:59:47 GMT
      Server:
      - Windows-Azure-File/1.0 Microsoft-HTTPAPI/2.0
      x-ms-error-code:
      - ShareNotFound
      x-ms-request-id:
      - b3df2de0-601a-0034-38c5-4897c1000000
      x-ms-version:
      - '2018-11-09'
    status:
      code: 404
      message: The specified share does not exist.
- request:
    body: null
    headers:
      Accept:
      - '*/*'
      Accept-Encoding:
      - gzip, deflate
      Connection:
      - keep-alive
      Content-Length:
      - '0'
      User-Agent:
      - azsdk-python-storage-file/12.0.0b1 Python/3.7.3 (Windows-10-10.0.17763-SP0)
      content-type:
      - application/xml; charset=utf-8
      x-ms-client-request-id:
      - 03c83c6e-b4b9-11e9-8617-2816a845e8c6
      x-ms-date:
      - Fri, 02 Aug 2019 00:03:53 GMT
      x-ms-version:
      - '2018-11-09'
    method: DELETE
    uri: https://remotestoragename.file.core.windows.net/share34c61566?restype=share
  response:
    body:
      string: "\uFEFF<?xml version=\"1.0\" encoding=\"utf-8\"?><Error><Code>ShareNotFound</Code><Message>The
        specified share does not exist.\nRequestId:73ca083c-301a-008d-76c5-4874cf000000\nTime:2019-08-02T00:03:51.0744190Z</Message></Error>"
    headers:
      Content-Length:
      - '217'
      Content-Type:
      - application/xml
      Date:
      - Fri, 02 Aug 2019 00:03:50 GMT
      Server:
      - Windows-Azure-File/1.0 Microsoft-HTTPAPI/2.0
      x-ms-error-code:
      - ShareNotFound
      x-ms-request-id:
      - 73ca083c-301a-008d-76c5-4874cf000000
      x-ms-version:
      - '2018-11-09'
    status:
      code: 404
      message: The specified share does not exist.
- request:
    body: null
    headers:
      Accept:
      - '*/*'
      Accept-Encoding:
      - gzip, deflate
      Connection:
      - keep-alive
      Content-Length:
      - '0'
      User-Agent:
      - azsdk-python-storage-file/12.0.0b1 Python/3.7.3 (Windows-10-10.0.17763-SP0)
      content-type:
      - application/xml; charset=utf-8
      x-ms-client-request-id:
      - 2417d878-b4ba-11e9-8230-2816a845e8c6
      x-ms-date:
      - Fri, 02 Aug 2019 00:11:57 GMT
      x-ms-version:
      - '2018-11-09'
    method: DELETE
    uri: https://storagename.file.core.windows.net/share34c61566?restype=share
  response:
    body:
      string: "\uFEFF<?xml version=\"1.0\" encoding=\"utf-8\"?><Error><Code>ShareNotFound</Code><Message>The
        specified share does not exist.\nRequestId:c677dd92-001a-00ac-22c6-4819fe000000\nTime:2019-08-02T00:11:54.9149459Z</Message></Error>"
    headers:
      Content-Length:
      - '217'
      Content-Type:
      - application/xml
      Date:
      - Fri, 02 Aug 2019 00:11:54 GMT
      Server:
      - Windows-Azure-File/1.0 Microsoft-HTTPAPI/2.0
      x-ms-error-code:
      - ShareNotFound
      x-ms-request-id:
      - c677dd92-001a-00ac-22c6-4819fe000000
      x-ms-version:
      - '2018-11-09'
    status:
      code: 404
      message: The specified share does not exist.
version: 1
