interactions:
- request:
    body: null
    headers:
      User-Agent:
      - azsdk-python-storage-file/12.0.0b2 Python/3.7.3 (Windows-10-10.0.17763-SP0)
      content-type:
      - application/xml; charset=utf-8
      x-ms-date:
      - Fri, 23 Aug 2019 02:56:47 GMT
      x-ms-version:
      - '2018-11-09'
    method: PUT
    uri: https://pyacrstorage939711e6.file.core.windows.net/utshare939711e6?restype=share
  response:
    body:
      string: ''
    headers:
      content-length: '0'
      date: Fri, 23 Aug 2019 02:56:47 GMT
      etag: '"0x8D7277589F2CF69"'
      last-modified: Fri, 23 Aug 2019 02:56:47 GMT
      server: Windows-Azure-File/1.0 Microsoft-HTTPAPI/2.0
      x-ms-version: '2018-11-09'
    status:
      code: 201
      message: Created
    url: !!python/object/new:yarl.URL
      state: !!python/tuple
      - !!python/object/new:urllib.parse.SplitResult
        - https
        - pyacrstorage939711e6.file.core.windows.net
        - /utshare939711e6
        - restype=share
        - ''
- request:
    body: null
    headers:
      User-Agent:
      - azsdk-python-storage-file/12.0.0b2 Python/3.7.3 (Windows-10-10.0.17763-SP0)
      content-type:
      - application/xml; charset=utf-8
      x-ms-content-length:
      - '26'
      x-ms-date:
      - Fri, 23 Aug 2019 02:56:47 GMT
      x-ms-type:
      - file
      x-ms-version:
      - '2018-11-09'
    method: PUT
    uri: https://pyacrstorage939711e6.file.core.windows.net/utshare939711e6/file939711e6
  response:
    body:
      string: ''
    headers:
      content-length: '0'
      date: Fri, 23 Aug 2019 02:56:47 GMT
      etag: '"0x8D727758A12D1E6"'
      last-modified: Fri, 23 Aug 2019 02:56:47 GMT
      server: Windows-Azure-File/1.0 Microsoft-HTTPAPI/2.0
      x-ms-request-server-encrypted: 'true'
      x-ms-version: '2018-11-09'
    status:
      code: 201
      message: Created
    url: !!python/object/new:yarl.URL
      state: !!python/tuple
      - !!python/object/new:urllib.parse.SplitResult
        - https
        - pyacrstorage939711e6.file.core.windows.net
        - /utshare939711e6/file939711e6
        - ''
        - ''
- request:
    body: "hello world\u554A\u9F44\u4E02\u72DB\u72DC"
    headers:
      Content-Length:
      - '26'
      Content-Type:
      - application/octet-stream
      User-Agent:
      - azsdk-python-storage-file/12.0.0b2 Python/3.7.3 (Windows-10-10.0.17763-SP0)
      x-ms-date:
      - Fri, 23 Aug 2019 02:56:47 GMT
      x-ms-range:
      - bytes=0-25
      x-ms-version:
      - '2018-11-09'
      x-ms-write:
      - update
    method: PUT
    uri: https://pyacrstorage939711e6.file.core.windows.net/utshare939711e6/file939711e6?comp=range
  response:
    body:
      string: ''
    headers:
      content-length: '0'
      content-md5: aFkhSeVIRnJoB2MmKjC25w==
      date: Fri, 23 Aug 2019 02:56:47 GMT
      etag: '"0x8D727758A291D23"'
      last-modified: Fri, 23 Aug 2019 02:56:47 GMT
      server: Windows-Azure-File/1.0 Microsoft-HTTPAPI/2.0
      x-ms-request-server-encrypted: 'true'
      x-ms-version: '2018-11-09'
    status:
      code: 201
      message: Created
    url: !!python/object/new:yarl.URL
      state: !!python/tuple
      - !!python/object/new:urllib.parse.SplitResult
        - https
        - pyacrstorage939711e6.file.core.windows.net
        - /utshare939711e6/file939711e6
        - comp=range
        - ''
- request:
    body: null
    headers:
      Accept:
      - application/xml
      User-Agent:
      - azsdk-python-storage-file/12.0.0b2 Python/3.7.3 (Windows-10-10.0.17763-SP0)
      content-type:
      - application/xml; charset=utf-8
      x-ms-date:
      - Fri, 23 Aug 2019 02:56:48 GMT
      x-ms-range:
      - bytes=0-33554431
      x-ms-version:
      - '2018-11-09'
    method: GET
    uri: https://pyacrstorage939711e6.file.core.windows.net/utshare939711e6/file939711e6
  response:
    body:
      string: "hello world\u554A\u9F44\u4E02\u72DB\u72DC"
    headers:
      accept-ranges: bytes
      content-length: '26'
      content-range: bytes 0-25/26
      content-type: application/xml; charset=utf-8
      date: Fri, 23 Aug 2019 02:56:47 GMT
      etag: '"0x8D727758A291D23"'
      last-modified: Fri, 23 Aug 2019 02:56:47 GMT
      server: Windows-Azure-File/1.0 Microsoft-HTTPAPI/2.0
      x-ms-server-encrypted: 'true'
      x-ms-type: File
      x-ms-version: '2018-11-09'
    status:
      code: 206
      message: Partial Content
    url: !!python/object/new:yarl.URL
      state: !!python/tuple
      - !!python/object/new:urllib.parse.SplitResult
        - https
        - pyacrstorage939711e6.file.core.windows.net
        - /utshare939711e6/file939711e6
        - ''
        - ''
version: 1
