interactions:
- request:
    body: null
    headers:
      User-Agent:
      - azsdk-python-storage-file/12.0.0b3 Python/3.7.3 (Windows-10-10.0.17763-SP0)
      x-ms-date:
      - Thu, 12 Sep 2019 07:13:28 GMT
      x-ms-version:
      - '2019-02-02'
    method: PUT
    uri: https://pyacrstoragef43018cc.file.core.windows.net/subdirshare?restype=share
  response:
    body:
      string: ''
    headers:
      content-length: '0'
      date: Thu, 12 Sep 2019 07:13:26 GMT
      etag: '"0x8D73750B563A43B"'
      last-modified: Thu, 12 Sep 2019 07:13:27 GMT
      server: Windows-Azure-File/1.0 Microsoft-HTTPAPI/2.0
      x-ms-version: '2019-02-02'
    status:
      code: 201
      message: Created
    url: !!python/object/new:yarl.URL
      state: !!python/tuple
      - !!python/object/new:urllib.parse.SplitResult
        - https
        - pyacrstoragef43018cc.file.core.windows.net
        - /subdirshare
        - restype=share
        - ''
- request:
    body: null
    headers:
      User-Agent:
      - azsdk-python-storage-file/12.0.0b3 Python/3.7.3 (Windows-10-10.0.17763-SP0)
      x-ms-date:
      - Thu, 12 Sep 2019 07:13:29 GMT
      x-ms-file-attributes:
      - none
      x-ms-file-creation-time:
      - now
      x-ms-file-last-write-time:
      - now
      x-ms-file-permission:
      - inherit
      x-ms-version:
      - '2019-02-02'
    method: PUT
    uri: https://pyacrstoragef43018cc.file.core.windows.net/subdirshare/parentdir?restype=directory
  response:
    body:
      string: ''
    headers:
      content-length: '0'
      date: Thu, 12 Sep 2019 07:13:27 GMT
      etag: '"0x8D73750B585E91A"'
      last-modified: Thu, 12 Sep 2019 07:13:27 GMT
      server: Windows-Azure-File/1.0 Microsoft-HTTPAPI/2.0
      x-ms-file-attributes: Directory
      x-ms-file-change-time: '2019-09-12T07:13:27.8577946Z'
      x-ms-file-creation-time: '2019-09-12T07:13:27.8577946Z'
      x-ms-file-id: '13835128424026341376'
      x-ms-file-last-write-time: '2019-09-12T07:13:27.8577946Z'
      x-ms-file-parent-id: '0'
      x-ms-file-permission-key: 5240219141565070326*2333948280077790335
      x-ms-request-server-encrypted: 'true'
      x-ms-version: '2019-02-02'
    status:
      code: 201
      message: Created
    url: !!python/object/new:yarl.URL
      state: !!python/tuple
      - !!python/object/new:urllib.parse.SplitResult
        - https
        - pyacrstoragef43018cc.file.core.windows.net
        - /subdirshare/parentdir
        - restype=directory
        - ''
- request:
    body: null
    headers:
      User-Agent:
      - azsdk-python-storage-file/12.0.0b3 Python/3.7.3 (Windows-10-10.0.17763-SP0)
      x-ms-date:
      - Thu, 12 Sep 2019 07:13:29 GMT
      x-ms-file-attributes:
      - none
      x-ms-file-creation-time:
      - now
      x-ms-file-last-write-time:
      - now
      x-ms-file-permission:
      - inherit
      x-ms-version:
      - '2019-02-02'
    method: PUT
    uri: https://pyacrstoragef43018cc.file.core.windows.net/subdirshare/parentdir%2Fsubdir?restype=directory
  response:
    body:
      string: ''
    headers:
      content-length: '0'
      date: Thu, 12 Sep 2019 07:13:27 GMT
      etag: '"0x8D73750B5983BEC"'
      last-modified: Thu, 12 Sep 2019 07:13:27 GMT
      server: Windows-Azure-File/1.0 Microsoft-HTTPAPI/2.0
      x-ms-file-attributes: Directory
      x-ms-file-change-time: '2019-09-12T07:13:27.9778796Z'
      x-ms-file-creation-time: '2019-09-12T07:13:27.9778796Z'
      x-ms-file-id: '11529285414812647424'
      x-ms-file-last-write-time: '2019-09-12T07:13:27.9778796Z'
      x-ms-file-parent-id: '13835128424026341376'
      x-ms-file-permission-key: 5240219141565070326*2333948280077790335
      x-ms-request-server-encrypted: 'true'
      x-ms-version: '2019-02-02'
    status:
      code: 201
      message: Created
    url: !!python/object/new:yarl.URL
      state: !!python/tuple
      - !!python/object/new:urllib.parse.SplitResult
        - https
        - pyacrstoragef43018cc.file.core.windows.net
        - /subdirshare/parentdir%2Fsubdir
        - restype=directory
        - ''
- request:
    body: null
    headers:
      User-Agent:
      - azsdk-python-storage-file/12.0.0b3 Python/3.7.3 (Windows-10-10.0.17763-SP0)
      x-ms-content-length:
      - '55'
      x-ms-date:
      - Thu, 12 Sep 2019 07:13:29 GMT
      x-ms-file-attributes:
      - none
      x-ms-file-creation-time:
      - now
      x-ms-file-last-write-time:
      - now
      x-ms-file-permission:
      - Inherit
      x-ms-type:
      - file
      x-ms-version:
      - '2019-02-02'
    method: PUT
    uri: https://pyacrstoragef43018cc.file.core.windows.net/subdirshare/parentdir/sample
  response:
    body:
      string: ''
    headers:
      content-length: '0'
      date: Thu, 12 Sep 2019 07:13:27 GMT
      etag: '"0x8D73750B5B11FA9"'
      last-modified: Thu, 12 Sep 2019 07:13:28 GMT
      server: Windows-Azure-File/1.0 Microsoft-HTTPAPI/2.0
      x-ms-file-attributes: Archive
      x-ms-file-change-time: '2019-09-12T07:13:28.1409961Z'
      x-ms-file-creation-time: '2019-09-12T07:13:28.1409961Z'
      x-ms-file-id: '16140971433240035328'
      x-ms-file-last-write-time: '2019-09-12T07:13:28.1409961Z'
      x-ms-file-parent-id: '13835128424026341376'
      x-ms-file-permission-key: 9854775220949632241*2333948280077790335
      x-ms-request-server-encrypted: 'true'
      x-ms-version: '2019-02-02'
    status:
      code: 201
      message: Created
    url: !!python/object/new:yarl.URL
      state: !!python/tuple
      - !!python/object/new:urllib.parse.SplitResult
        - https
        - pyacrstoragef43018cc.file.core.windows.net
        - /subdirshare/parentdir/sample
        - ''
        - ''
- request:
    body: Lorem ipsum dolor sit amet, consectetur adipiscing elit
    headers:
      Content-Length:
      - '55'
      Content-Type:
      - application/octet-stream
      User-Agent:
      - azsdk-python-storage-file/12.0.0b3 Python/3.7.3 (Windows-10-10.0.17763-SP0)
      x-ms-date:
      - Thu, 12 Sep 2019 07:13:29 GMT
      x-ms-range:
      - bytes=0-54
      x-ms-version:
      - '2019-02-02'
      x-ms-write:
      - update
    method: PUT
    uri: https://pyacrstoragef43018cc.file.core.windows.net/subdirshare/parentdir/sample?comp=range
  response:
    body:
      string: ''
    headers:
      content-length: '0'
      content-md5: /BCgjff6+jhxFmZGYJ4clQ==
      date: Thu, 12 Sep 2019 07:13:27 GMT
      etag: '"0x8D73750B5C01683"'
      last-modified: Thu, 12 Sep 2019 07:13:28 GMT
      server: Windows-Azure-File/1.0 Microsoft-HTTPAPI/2.0
      x-ms-request-server-encrypted: 'true'
      x-ms-version: '2019-02-02'
    status:
      code: 201
      message: Created
    url: !!python/object/new:yarl.URL
      state: !!python/tuple
      - !!python/object/new:urllib.parse.SplitResult
        - https
        - pyacrstoragef43018cc.file.core.windows.net
        - /subdirshare/parentdir/sample
        - comp=range
        - ''
- request:
    body: null
    headers:
      User-Agent:
      - azsdk-python-storage-file/12.0.0b3 Python/3.7.3 (Windows-10-10.0.17763-SP0)
      x-ms-content-length:
      - '55'
      x-ms-date:
      - Thu, 12 Sep 2019 07:13:29 GMT
      x-ms-file-attributes:
      - none
      x-ms-file-creation-time:
      - now
      x-ms-file-last-write-time:
      - now
      x-ms-file-permission:
      - Inherit
      x-ms-type:
      - file
      x-ms-version:
      - '2019-02-02'
    method: PUT
    uri: https://pyacrstoragef43018cc.file.core.windows.net/subdirshare/parentdir/subdir/sample
  response:
    body:
      string: ''
    headers:
      content-length: '0'
      date: Thu, 12 Sep 2019 07:13:27 GMT
      etag: '"0x8D73750B5C8F1C0"'
      last-modified: Thu, 12 Sep 2019 07:13:28 GMT
      server: Windows-Azure-File/1.0 Microsoft-HTTPAPI/2.0
      x-ms-file-attributes: Archive
      x-ms-file-change-time: '2019-09-12T07:13:28.2971072Z'
      x-ms-file-creation-time: '2019-09-12T07:13:28.2971072Z'
      x-ms-file-id: '10376363910205800448'
      x-ms-file-last-write-time: '2019-09-12T07:13:28.2971072Z'
      x-ms-file-parent-id: '11529285414812647424'
      x-ms-file-permission-key: 9854775220949632241*2333948280077790335
      x-ms-request-server-encrypted: 'true'
      x-ms-version: '2019-02-02'
    status:
      code: 201
      message: Created
    url: !!python/object/new:yarl.URL
      state: !!python/tuple
      - !!python/object/new:urllib.parse.SplitResult
        - https
        - pyacrstoragef43018cc.file.core.windows.net
        - /subdirshare/parentdir/subdir/sample
        - ''
        - ''
- request:
    body: Lorem ipsum dolor sit amet, consectetur adipiscing elit
    headers:
      Content-Length:
      - '55'
      Content-Type:
      - application/octet-stream
      User-Agent:
      - azsdk-python-storage-file/12.0.0b3 Python/3.7.3 (Windows-10-10.0.17763-SP0)
      x-ms-date:
      - Thu, 12 Sep 2019 07:13:29 GMT
      x-ms-range:
      - bytes=0-54
      x-ms-version:
      - '2019-02-02'
      x-ms-write:
      - update
    method: PUT
    uri: https://pyacrstoragef43018cc.file.core.windows.net/subdirshare/parentdir/subdir/sample?comp=range
  response:
    body:
      string: ''
    headers:
      content-length: '0'
      content-md5: /BCgjff6+jhxFmZGYJ4clQ==
      date: Thu, 12 Sep 2019 07:13:27 GMT
      etag: '"0x8D73750B5D1F410"'
      last-modified: Thu, 12 Sep 2019 07:13:28 GMT
      server: Windows-Azure-File/1.0 Microsoft-HTTPAPI/2.0
      x-ms-request-server-encrypted: 'true'
      x-ms-version: '2019-02-02'
    status:
      code: 201
      message: Created
    url: !!python/object/new:yarl.URL
      state: !!python/tuple
      - !!python/object/new:urllib.parse.SplitResult
        - https
        - pyacrstoragef43018cc.file.core.windows.net
        - /subdirshare/parentdir/subdir/sample
        - comp=range
        - ''
- request:
    body: null
    headers:
      Accept:
      - application/xml
      User-Agent:
      - azsdk-python-storage-file/12.0.0b3 Python/3.7.3 (Windows-10-10.0.17763-SP0)
      x-ms-date:
      - Thu, 12 Sep 2019 07:13:29 GMT
      x-ms-version:
      - '2019-02-02'
    method: GET
    uri: https://pyacrstoragef43018cc.file.core.windows.net/subdirshare/parentdir?restype=directory&comp=list
  response:
    body:
      string: "\uFEFF<?xml version=\"1.0\" encoding=\"utf-8\"?><EnumerationResults
        ServiceEndpoint=\"https://pyacrstoragef43018cc.file.core.windows.net/\" ShareName=\"subdirshare\"
        DirectoryPath=\"parentdir\"><Entries><File><Name>sample</Name><Properties><Content-Length>55</Content-Length></Properties></File><Directory><Name>subdir</Name><Properties
        /></Directory></Entries><NextMarker /></EnumerationResults>"
    headers:
      content-type: application/xml
      date: Thu, 12 Sep 2019 07:13:27 GMT
      server: Windows-Azure-File/1.0 Microsoft-HTTPAPI/2.0
      transfer-encoding: chunked
      x-ms-version: '2019-02-02'
    status:
      code: 200
      message: OK
    url: !!python/object/new:yarl.URL
      state: !!python/tuple
      - !!python/object/new:urllib.parse.SplitResult
        - https
        - pyacrstoragef43018cc.file.core.windows.net
        - /subdirshare/parentdir
        - restype=directory&comp=list
        - ''
- request:
    body: null
    headers:
      User-Agent:
      - azsdk-python-storage-file/12.0.0b3 Python/3.7.3 (Windows-10-10.0.17763-SP0)
      x-ms-date:
      - Thu, 12 Sep 2019 07:13:30 GMT
      x-ms-version:
      - '2019-02-02'
    method: DELETE
    uri: https://pyacrstoragef43018cc.file.core.windows.net/subdirshare/parentdir/subdir/sample
  response:
    body:
      string: ''
    headers:
      content-length: '0'
      date: Thu, 12 Sep 2019 07:13:27 GMT
      server: Windows-Azure-File/1.0 Microsoft-HTTPAPI/2.0
      x-ms-version: '2019-02-02'
    status:
      code: 202
      message: Accepted
    url: !!python/object/new:yarl.URL
      state: !!python/tuple
      - !!python/object/new:urllib.parse.SplitResult
        - https
        - pyacrstoragef43018cc.file.core.windows.net
        - /subdirshare/parentdir/subdir/sample
        - ''
        - ''
- request:
    body: null
    headers:
      User-Agent:
      - azsdk-python-storage-file/12.0.0b3 Python/3.7.3 (Windows-10-10.0.17763-SP0)
      x-ms-date:
      - Thu, 12 Sep 2019 07:13:30 GMT
      x-ms-version:
      - '2019-02-02'
    method: DELETE
    uri: https://pyacrstoragef43018cc.file.core.windows.net/subdirshare/parentdir%2Fsubdir?restype=directory
  response:
    body:
      string: ''
    headers:
      content-length: '0'
      date: Thu, 12 Sep 2019 07:13:27 GMT
      server: Windows-Azure-File/1.0 Microsoft-HTTPAPI/2.0
      x-ms-version: '2019-02-02'
    status:
      code: 202
      message: Accepted
    url: !!python/object/new:yarl.URL
      state: !!python/tuple
      - !!python/object/new:urllib.parse.SplitResult
        - https
        - pyacrstoragef43018cc.file.core.windows.net
        - /subdirshare/parentdir%2Fsubdir
        - restype=directory
        - ''
- request:
    body: null
    headers:
      User-Agent:
      - azsdk-python-storage-file/12.0.0b3 Python/3.7.3 (Windows-10-10.0.17763-SP0)
      x-ms-date:
      - Thu, 12 Sep 2019 07:13:30 GMT
      x-ms-version:
      - '2019-02-02'
    method: DELETE
    uri: https://pyacrstoragef43018cc.file.core.windows.net/subdirshare?restype=share
  response:
    body:
      string: ''
    headers:
      content-length: '0'
      date: Thu, 12 Sep 2019 07:13:28 GMT
      server: Windows-Azure-File/1.0 Microsoft-HTTPAPI/2.0
      x-ms-version: '2019-02-02'
    status:
      code: 202
      message: Accepted
    url: !!python/object/new:yarl.URL
      state: !!python/tuple
      - !!python/object/new:urllib.parse.SplitResult
        - https
        - pyacrstoragef43018cc.file.core.windows.net
        - /subdirshare
        - restype=share
        - ''
version: 1
