interactions:
- request:
    body: null
    headers:
      User-Agent:
      - azsdk-python-storage-file/12.0.0b3 Python/3.7.3 (Windows-10-10.0.17763-SP0)
      x-ms-date:
      - Thu, 12 Sep 2019 07:15:40 GMT
      x-ms-version:
      - '2019-02-02'
    method: PUT
    uri: https://pyacrstoragecfac135d.file.core.windows.net/filesfromurl?restype=share
  response:
    body:
      string: ''
    headers:
      content-length: '0'
      date: Thu, 12 Sep 2019 07:15:39 GMT
      etag: '"0x8D7375103A71F83"'
      last-modified: Thu, 12 Sep 2019 07:15:38 GMT
      server: Windows-Azure-File/1.0 Microsoft-HTTPAPI/2.0
      x-ms-version: '2019-02-02'
    status:
      code: 201
      message: Created
    url: !!python/object/new:yarl.URL
      state: !!python/tuple
      - !!python/object/new:urllib.parse.SplitResult
        - https
        - pyacrstoragecfac135d.file.core.windows.net
        - /filesfromurl
        - restype=share
        - ''
- request:
    body: null
    headers:
      User-Agent:
      - azsdk-python-storage-file/12.0.0b3 Python/3.7.3 (Windows-10-10.0.17763-SP0)
      x-ms-content-length:
      - '55'
      x-ms-date:
      - Thu, 12 Sep 2019 07:15:41 GMT
      x-ms-file-attributes:
      - none
      x-ms-file-creation-time:
      - now
      x-ms-file-last-write-time:
      - now
      x-ms-file-permission:
      - Inherit
      x-ms-type:
      - file
      x-ms-version:
      - '2019-02-02'
    method: PUT
    uri: https://pyacrstoragecfac135d.file.core.windows.net/filesfromurl/sourcefile
  response:
    body:
      string: ''
    headers:
      content-length: '0'
      date: Thu, 12 Sep 2019 07:15:39 GMT
      etag: '"0x8D7375104202858"'
      last-modified: Thu, 12 Sep 2019 07:15:39 GMT
      server: Windows-Azure-File/1.0 Microsoft-HTTPAPI/2.0
      x-ms-file-attributes: Archive
      x-ms-file-change-time: '2019-09-12T07:15:39.7309528Z'
      x-ms-file-creation-time: '2019-09-12T07:15:39.7309528Z'
      x-ms-file-id: '13835128424026341376'
      x-ms-file-last-write-time: '2019-09-12T07:15:39.7309528Z'
      x-ms-file-parent-id: '0'
      x-ms-file-permission-key: 9856151499169541198*2335395476792329408
      x-ms-request-server-encrypted: 'true'
      x-ms-version: '2019-02-02'
    status:
      code: 201
      message: Created
    url: !!python/object/new:yarl.URL
      state: !!python/tuple
      - !!python/object/new:urllib.parse.SplitResult
        - https
        - pyacrstoragecfac135d.file.core.windows.net
        - /filesfromurl/sourcefile
        - ''
        - ''
- request:
    body: Lorem ipsum dolor sit amet, consectetur adipiscing elit
    headers:
      Content-Length:
      - '55'
      Content-Type:
      - application/octet-stream
      User-Agent:
      - azsdk-python-storage-file/12.0.0b3 Python/3.7.3 (Windows-10-10.0.17763-SP0)
      x-ms-date:
      - Thu, 12 Sep 2019 07:15:41 GMT
      x-ms-range:
      - bytes=0-54
      x-ms-version:
      - '2019-02-02'
      x-ms-write:
      - update
    method: PUT
    uri: https://pyacrstoragecfac135d.file.core.windows.net/filesfromurl/sourcefile?comp=range
  response:
    body:
      string: ''
    headers:
      content-length: '0'
      content-md5: /BCgjff6+jhxFmZGYJ4clQ==
      date: Thu, 12 Sep 2019 07:15:39 GMT
      etag: '"0x8D73751043F75C5"'
      last-modified: Thu, 12 Sep 2019 07:15:39 GMT
      server: Windows-Azure-File/1.0 Microsoft-HTTPAPI/2.0
      x-ms-request-server-encrypted: 'true'
      x-ms-version: '2019-02-02'
    status:
      code: 201
      message: Created
    url: !!python/object/new:yarl.URL
      state: !!python/tuple
      - !!python/object/new:urllib.parse.SplitResult
        - https
        - pyacrstoragecfac135d.file.core.windows.net
        - /filesfromurl/sourcefile
        - comp=range
        - ''
- request:
    body: null
    headers:
      User-Agent:
      - azsdk-python-storage-file/12.0.0b3 Python/3.7.3 (Windows-10-10.0.17763-SP0)
      x-ms-copy-source:
      - https://pyacrstoragecfac135d.file.core.windows.net/filesfromurl/sourcefile
      x-ms-date:
      - Thu, 12 Sep 2019 07:15:41 GMT
      x-ms-version:
      - '2019-02-02'
    method: PUT
    uri: https://pyacrstoragecfac135d.file.core.windows.net/filesfromurl/destfile
  response:
    body:
      string: ''
    headers:
      content-length: '0'
      date: Thu, 12 Sep 2019 07:15:44 GMT
      etag: '"0x8D7375106D7FCDF"'
      last-modified: Thu, 12 Sep 2019 07:15:44 GMT
      server: Windows-Azure-File/1.0 Microsoft-HTTPAPI/2.0
      x-ms-copy-id: ac84cfc1-eee3-4eba-8f3e-03055725a8d0
      x-ms-copy-status: success
      x-ms-version: '2019-02-02'
    status:
      code: 202
      message: Accepted
    url: !!python/object/new:yarl.URL
      state: !!python/tuple
      - !!python/object/new:urllib.parse.SplitResult
        - https
        - pyacrstoragecfac135d.file.core.windows.net
        - /filesfromurl/destfile
        - ''
        - ''
- request:
    body: null
    headers:
      User-Agent:
      - azsdk-python-storage-file/12.0.0b3 Python/3.7.3 (Windows-10-10.0.17763-SP0)
      x-ms-date:
      - Thu, 12 Sep 2019 07:15:45 GMT
      x-ms-version:
      - '2019-02-02'
    method: DELETE
    uri: https://pyacrstoragecfac135d.file.core.windows.net/filesfromurl?restype=share
  response:
    body:
      string: ''
    headers:
      content-length: '0'
      date: Thu, 12 Sep 2019 07:15:44 GMT
      server: Windows-Azure-File/1.0 Microsoft-HTTPAPI/2.0
      x-ms-version: '2019-02-02'
    status:
      code: 202
      message: Accepted
    url: !!python/object/new:yarl.URL
      state: !!python/tuple
      - !!python/object/new:urllib.parse.SplitResult
        - https
        - pyacrstoragecfac135d.file.core.windows.net
        - /filesfromurl
        - restype=share
        - ''
version: 1
