interactions:
- request:
    body: null
    headers:
      User-Agent:
      - azsdk-python-storage-file/12.0.0b3 Python/3.7.3 (Windows-10-10.0.17763-SP0)
      x-ms-date:
      - Thu, 12 Sep 2019 07:15:07 GMT
      x-ms-version:
      - '2019-02-02'
    method: PUT
    uri: https://pyacrstoragec321910.file.core.windows.net/share?restype=share
  response:
    body:
      string: ''
    headers:
      content-length: '0'
      date: Thu, 12 Sep 2019 07:15:06 GMT
      etag: '"0x8D73750F051BA00"'
      last-modified: Thu, 12 Sep 2019 07:15:06 GMT
      server: Windows-Azure-File/1.0 Microsoft-HTTPAPI/2.0
      x-ms-version: '2019-02-02'
    status:
      code: 201
      message: Created
    url: !!python/object/new:yarl.URL
      state: !!python/tuple
      - !!python/object/new:urllib.parse.SplitResult
        - https
        - pyacrstoragec321910.file.core.windows.net
        - /share
        - restype=share
        - ''
- request:
    body: null
    headers:
      User-Agent:
      - azsdk-python-storage-file/12.0.0b3 Python/3.7.3 (Windows-10-10.0.17763-SP0)
      x-ms-content-length:
      - '55'
      x-ms-date:
      - Thu, 12 Sep 2019 07:15:08 GMT
      x-ms-file-attributes:
      - none
      x-ms-file-creation-time:
      - now
      x-ms-file-last-write-time:
      - now
      x-ms-file-permission:
      - Inherit
      x-ms-type:
      - file
      x-ms-version:
      - '2019-02-02'
    method: PUT
    uri: https://pyacrstoragec321910.file.core.windows.net/share/myfile
  response:
    body:
      string: ''
    headers:
      content-length: '0'
      date: Thu, 12 Sep 2019 07:15:06 GMT
      etag: '"0x8D73750F07DE2BB"'
      last-modified: Thu, 12 Sep 2019 07:15:06 GMT
      server: Windows-Azure-File/1.0 Microsoft-HTTPAPI/2.0
      x-ms-file-attributes: Archive
      x-ms-file-change-time: '2019-09-12T07:15:06.7907771Z'
      x-ms-file-creation-time: '2019-09-12T07:15:06.7907771Z'
      x-ms-file-id: '13835128424026341376'
      x-ms-file-last-write-time: '2019-09-12T07:15:06.7907771Z'
      x-ms-file-parent-id: '0'
      x-ms-file-permission-key: 13337620378555164057*1276866495483694359
      x-ms-request-server-encrypted: 'true'
      x-ms-version: '2019-02-02'
    status:
      code: 201
      message: Created
    url: !!python/object/new:yarl.URL
      state: !!python/tuple
      - !!python/object/new:urllib.parse.SplitResult
        - https
        - pyacrstoragec321910.file.core.windows.net
        - /share/myfile
        - ''
        - ''
- request:
    body: Lorem ipsum dolor sit amet, consectetur adipiscing elit
    headers:
      Content-Length:
      - '55'
      Content-Type:
      - application/octet-stream
      User-Agent:
      - azsdk-python-storage-file/12.0.0b3 Python/3.7.3 (Windows-10-10.0.17763-SP0)
      x-ms-date:
      - Thu, 12 Sep 2019 07:15:08 GMT
      x-ms-range:
      - bytes=0-54
      x-ms-version:
      - '2019-02-02'
      x-ms-write:
      - update
    method: PUT
    uri: https://pyacrstoragec321910.file.core.windows.net/share/myfile?comp=range
  response:
    body:
      string: ''
    headers:
      content-length: '0'
      content-md5: /BCgjff6+jhxFmZGYJ4clQ==
      date: Thu, 12 Sep 2019 07:15:06 GMT
      etag: '"0x8D73750F08DEB34"'
      last-modified: Thu, 12 Sep 2019 07:15:06 GMT
      server: Windows-Azure-File/1.0 Microsoft-HTTPAPI/2.0
      x-ms-request-server-encrypted: 'true'
      x-ms-version: '2019-02-02'
    status:
      code: 201
      message: Created
    url: !!python/object/new:yarl.URL
      state: !!python/tuple
      - !!python/object/new:urllib.parse.SplitResult
        - https
        - pyacrstoragec321910.file.core.windows.net
        - /share/myfile
        - comp=range
        - ''
- request:
    body: null
    headers:
      User-Agent:
      - azsdk-python-storage-file/12.0.0b3 Python/3.7.3 (Windows-10-10.0.17763-SP0)
      x-ms-date:
      - Thu, 12 Sep 2019 07:15:08 GMT
      x-ms-version:
      - '2019-02-02'
    method: DELETE
    uri: https://pyacrstoragec321910.file.core.windows.net/share?restype=share
  response:
    body:
      string: ''
    headers:
      content-length: '0'
      date: Thu, 12 Sep 2019 07:15:06 GMT
      server: Windows-Azure-File/1.0 Microsoft-HTTPAPI/2.0
      x-ms-version: '2019-02-02'
    status:
      code: 202
      message: Accepted
    url: !!python/object/new:yarl.URL
      state: !!python/tuple
      - !!python/object/new:urllib.parse.SplitResult
        - https
        - pyacrstoragec321910.file.core.windows.net
        - /share
        - restype=share
        - ''
version: 1
