interactions:
- request:
    body: null
    headers:
      Accept:
      - '*/*'
      Accept-Encoding:
      - gzip, deflate
      Connection:
      - keep-alive
      Content-Length:
      - '0'
      User-Agent:
      - azsdk-python-storage-file/12.0.0b2 Python/3.7.3 (Windows-10-10.0.17763-SP0)
      content-type:
      - application/xml; charset=utf-8
      x-ms-date:
      - Fri, 23 Aug 2019 02:48:24 GMT
      x-ms-version:
      - '2018-11-09'
    method: PUT
    uri: https://pyacrstorage641710fb.file.core.windows.net/utshare641710fb?restype=share
  response:
    body:
      string: ''
    headers:
      content-length:
      - '0'
      date:
      - Fri, 23 Aug 2019 02:48:24 GMT
      etag:
      - '"0x8D727745E8813C5"'
      last-modified:
      - Fri, 23 Aug 2019 02:48:25 GMT
      server:
      - Windows-Azure-File/1.0 Microsoft-HTTPAPI/2.0
      x-ms-version:
      - '2018-11-09'
    status:
      code: 201
      message: Created
- request:
    body: null
    headers:
      Accept:
      - '*/*'
      Accept-Encoding:
      - gzip, deflate
      Connection:
      - keep-alive
      Content-Length:
      - '0'
      User-Agent:
      - azsdk-python-storage-file/12.0.0b2 Python/3.7.3 (Windows-10-10.0.17763-SP0)
      content-type:
      - application/xml; charset=utf-8
      x-ms-date:
      - Fri, 23 Aug 2019 02:48:25 GMT
      x-ms-version:
      - '2018-11-09'
    method: PUT
    uri: https://pyacrstorage641710fb.file.core.windows.net/utshare641710fb/dir1?restype=directory
  response:
    body:
      string: ''
    headers:
      content-length:
      - '0'
      date:
      - Fri, 23 Aug 2019 02:48:24 GMT
      etag:
      - '"0x8D727745EC96575"'
      last-modified:
      - Fri, 23 Aug 2019 02:48:25 GMT
      server:
      - Windows-Azure-File/1.0 Microsoft-HTTPAPI/2.0
      x-ms-request-server-encrypted:
      - 'true'
      x-ms-version:
      - '2018-11-09'
    status:
      code: 201
      message: Created
- request:
    body: null
    headers:
      Accept:
      - '*/*'
      Accept-Encoding:
      - gzip, deflate
      Connection:
      - keep-alive
      Content-Length:
      - '0'
      User-Agent:
      - azsdk-python-storage-file/12.0.0b2 Python/3.7.3 (Windows-10-10.0.17763-SP0)
      content-type:
      - application/xml; charset=utf-8
      x-ms-date:
      - Fri, 23 Aug 2019 02:48:25 GMT
      x-ms-version:
      - '2018-11-09'
    method: PUT
    uri: https://pyacrstorage641710fb.file.core.windows.net/utshare641710fb/dir1%2Fdir2?restype=directory
  response:
    body:
      string: ''
    headers:
      content-length:
      - '0'
      date:
      - Fri, 23 Aug 2019 02:48:24 GMT
      etag:
      - '"0x8D727745ED8AA76"'
      last-modified:
      - Fri, 23 Aug 2019 02:48:25 GMT
      server:
      - Windows-Azure-File/1.0 Microsoft-HTTPAPI/2.0
      x-ms-request-server-encrypted:
      - 'true'
      x-ms-version:
      - '2018-11-09'
    status:
      code: 201
      message: Created
- request:
    body: null
    headers:
      Accept:
      - '*/*'
      Accept-Encoding:
      - gzip, deflate
      Connection:
      - keep-alive
      Content-Length:
      - '0'
      User-Agent:
      - azsdk-python-storage-file/12.0.0b2 Python/3.7.3 (Windows-10-10.0.17763-SP0)
      content-type:
      - application/xml; charset=utf-8
      x-ms-date:
      - Fri, 23 Aug 2019 02:48:25 GMT
      x-ms-version:
      - '2018-11-09'
    method: DELETE
    uri: https://pyacrstorage641710fb.file.core.windows.net/utshare641710fb/dir1%2Fdir2?restype=directory
  response:
    body:
      string: ''
    headers:
      content-length:
      - '0'
      date:
      - Fri, 23 Aug 2019 02:48:24 GMT
      server:
      - Windows-Azure-File/1.0 Microsoft-HTTPAPI/2.0
      x-ms-version:
      - '2018-11-09'
    status:
      code: 202
      message: Accepted
- request:
    body: null
    headers:
      Accept:
      - '*/*'
      Accept-Encoding:
      - gzip, deflate
      Connection:
      - keep-alive
      User-Agent:
      - azsdk-python-storage-file/12.0.0b2 Python/3.7.3 (Windows-10-10.0.17763-SP0)
      content-type:
      - application/xml; charset=utf-8
      x-ms-date:
      - Fri, 23 Aug 2019 02:48:26 GMT
      x-ms-version:
      - '2018-11-09'
    method: GET
    uri: https://pyacrstorage641710fb.file.core.windows.net/utshare641710fb/dir1%2Fdir2?restype=directory
  response:
    body:
      string: "\uFEFF<?xml version=\"1.0\" encoding=\"utf-8\"?><Error><Code>ResourceNotFound</Code><Message>The
        specified resource does not exist.\nRequestId:e301af4a-a01a-003d-7f5d-593311000000\nTime:2019-08-23T02:48:25.9535734Z</Message></Error>"
    headers:
      content-length:
      - '223'
      content-type:
      - application/xml
      date:
      - Fri, 23 Aug 2019 02:48:25 GMT
      server:
      - Windows-Azure-File/1.0 Microsoft-HTTPAPI/2.0
      x-ms-error-code:
      - ResourceNotFound
      x-ms-version:
      - '2018-11-09'
    status:
      code: 404
      message: The specified resource does not exist.
version: 1
