interactions:
- request:
    body: null
    headers:
      Accept:
      - '*/*'
      Accept-Encoding:
      - gzip, deflate
      Connection:
      - keep-alive
      Content-Length:
      - '0'
      User-Agent:
      - python/3.6.5 (Darwin-16.7.0-x86_64-i386-64bit) azure-core/0.0.1
      x-ms-client-request-id:
      - 1ba4f362-9816-11e9-8e59-f45c89a7d159
      x-ms-content-length:
      - '1024'
      x-ms-date:
      - Wed, 26 Jun 2019 13:27:13 GMT
      x-ms-type:
      - file
      x-ms-version:
      - '2018-11-09'
    method: PUT
    uri: https://blobstoragename.file.core.windows.net/utsharecace0cb7/filecace0cb7
  response:
    body:
      string: ''
    headers:
      Content-Length:
      - '0'
      Date:
      - Wed, 26 Jun 2019 13:27:14 GMT
      ETag:
      - '"0x8D6FA3A00B11916"'
      Last-Modified:
      - Wed, 26 Jun 2019 13:27:14 GMT
      Server:
      - Windows-Azure-File/1.0 Microsoft-HTTPAPI/2.0
      x-ms-request-id:
      - 956afc0d-301a-00e7-0222-2c740d000000
      x-ms-request-server-encrypted:
      - 'true'
      x-ms-version:
      - '2018-11-09'
    status:
      code: 201
      message: Created
- request:
    body: null
    headers:
      Accept:
      - application/xml
      Accept-Encoding:
      - gzip, deflate
      Connection:
      - keep-alive
      User-Agent:
      - python/3.6.5 (Darwin-16.7.0-x86_64-i386-64bit) azure-core/0.0.1
      x-ms-client-request-id:
      - 1bd80d06-9816-11e9-8120-f45c89a7d159
      x-ms-date:
      - Wed, 26 Jun 2019 13:27:13 GMT
      x-ms-version:
      - '2018-11-09'
    method: GET
    uri: https://blobstoragename.file.core.windows.net/utsharecace0cb7/filecace0cb7?comp=rangelist
  response:
    body:
      string: "\uFEFF<?xml version=\"1.0\" encoding=\"utf-8\"?><Ranges />"
    headers:
      Content-Type:
      - application/xml
      Date:
      - Wed, 26 Jun 2019 13:27:17 GMT
      ETag:
      - '"0x8D6FA3A00B11916"'
      Last-Modified:
      - Wed, 26 Jun 2019 13:27:14 GMT
      Server:
      - Windows-Azure-File/1.0 Microsoft-HTTPAPI/2.0
      Transfer-Encoding:
      - chunked
      Vary:
      - Origin
      x-ms-content-length:
      - '1024'
      x-ms-request-id:
      - 956afc0f-301a-00e7-0322-2c740d000000
      x-ms-version:
      - '2018-11-09'
    status:
      code: 200
      message: OK
- request:
    body: null
    headers:
      Accept:
      - '*/*'
      Accept-Encoding:
      - gzip, deflate
      Connection:
      - keep-alive
      Content-Length:
      - '0'
      User-Agent:
      - python/3.6.5 (Darwin-16.7.0-x86_64-i386-64bit) azure-core/0.0.1
      x-ms-client-request-id:
      - e0ebb998-9819-11e9-991d-f45c89a7d159
      x-ms-content-length:
      - '1024'
      x-ms-date:
      - Wed, 26 Jun 2019 13:54:12 GMT
      x-ms-type:
      - file
      x-ms-version:
      - '2018-11-09'
    method: PUT
    uri: https://storagename.file.core.windows.net/utsharecace0cb7/filecace0cb7
  response:
    body:
      string: ''
    headers:
      Content-Length:
      - '0'
      Date:
      - Wed, 26 Jun 2019 13:54:12 GMT
      ETag:
      - '"0x8D6FA3DC5672DF1"'
      Last-Modified:
      - Wed, 26 Jun 2019 13:54:13 GMT
      Server:
      - Windows-Azure-File/1.0 Microsoft-HTTPAPI/2.0
      x-ms-request-id:
      - 233e5f3d-701a-002c-3c26-2ce63d000000
      x-ms-request-server-encrypted:
      - 'true'
      x-ms-version:
      - '2018-11-09'
    status:
      code: 201
      message: Created
- request:
    body: null
    headers:
      Accept:
      - application/xml
      Accept-Encoding:
      - gzip, deflate
      Connection:
      - keep-alive
      User-Agent:
      - python/3.6.5 (Darwin-16.7.0-x86_64-i386-64bit) azure-core/0.0.1
      x-ms-client-request-id:
      - e144e962-9819-11e9-a1ba-f45c89a7d159
      x-ms-date:
      - Wed, 26 Jun 2019 13:54:13 GMT
      x-ms-version:
      - '2018-11-09'
    method: GET
    uri: https://storagename.file.core.windows.net/utsharecace0cb7/filecace0cb7?comp=rangelist
  response:
    body:
      string: "\uFEFF<?xml version=\"1.0\" encoding=\"utf-8\"?><Ranges />"
    headers:
      Content-Type:
      - application/xml
      Date:
      - Wed, 26 Jun 2019 13:54:14 GMT
      ETag:
      - '"0x8D6FA3DC5672DF1"'
      Last-Modified:
      - Wed, 26 Jun 2019 13:54:13 GMT
      Server:
      - Windows-Azure-File/1.0 Microsoft-HTTPAPI/2.0
      Transfer-Encoding:
      - chunked
      Vary:
      - Origin
      x-ms-content-length:
      - '1024'
      x-ms-request-id:
      - 233e5f3f-701a-002c-3d26-2ce63d000000
      x-ms-version:
      - '2018-11-09'
    status:
      code: 200
      message: OK
- request:
    body: null
    headers:
      Accept:
      - '*/*'
      Accept-Encoding:
      - gzip, deflate
      Connection:
      - keep-alive
      Content-Length:
      - '0'
      User-Agent:
      - azsdk-python-storage-file/12.0.0b1 Python/3.7.3 (Windows-10-10.0.17763-SP0)
      content-type:
      - application/xml; charset=utf-8
      x-ms-client-request-id:
      - c9f1e4ac-b50b-11e9-b8e0-2816a845e8c6
      x-ms-content-length:
      - '1024'
      x-ms-date:
      - Fri, 02 Aug 2019 09:56:24 GMT
      x-ms-type:
      - file
      x-ms-version:
      - '2018-11-09'
    method: PUT
    uri: https://storagename.file.core.windows.net/utsharecace0cb7/filecace0cb7
  response:
    body:
      string: ''
    headers:
      Content-Length:
      - '0'
      Date:
      - Fri, 02 Aug 2019 09:56:24 GMT
      ETag:
      - '"0x8D7172FAE751179"'
      Last-Modified:
      - Fri, 02 Aug 2019 09:56:25 GMT
      Server:
      - Windows-Azure-File/1.0 Microsoft-HTTPAPI/2.0
      x-ms-request-id:
      - 4b4a76af-301a-006f-4a18-49ccd4000000
      x-ms-request-server-encrypted:
      - 'true'
      x-ms-version:
      - '2018-11-09'
    status:
      code: 201
      message: Created
- request:
    body: null
    headers:
      Accept:
      - application/xml
      Accept-Encoding:
      - gzip, deflate
      Connection:
      - keep-alive
      User-Agent:
      - azsdk-python-storage-file/12.0.0b1 Python/3.7.3 (Windows-10-10.0.17763-SP0)
      content-type:
      - application/xml; charset=utf-8
      x-ms-client-request-id:
      - ca2ef152-b50b-11e9-ba33-2816a845e8c6
      x-ms-date:
      - Fri, 02 Aug 2019 09:56:25 GMT
      x-ms-version:
      - '2018-11-09'
    method: GET
    uri: https://storagename.file.core.windows.net/utsharecace0cb7/filecace0cb7?comp=rangelist
  response:
    body:
      string: "\uFEFF<?xml version=\"1.0\" encoding=\"utf-8\"?><Ranges />"
    headers:
      Content-Type:
      - application/xml
      Date:
      - Fri, 02 Aug 2019 09:56:25 GMT
      ETag:
      - '"0x8D7172FAE751179"'
      Last-Modified:
      - Fri, 02 Aug 2019 09:56:25 GMT
      Server:
      - Windows-Azure-File/1.0 Microsoft-HTTPAPI/2.0
      Transfer-Encoding:
      - chunked
      Vary:
      - Origin
      x-ms-content-length:
      - '1024'
      x-ms-request-id:
      - 4b4a76b1-301a-006f-4b18-49ccd4000000
      x-ms-version:
      - '2018-11-09'
    status:
      code: 200
      message: OK
version: 1
