interactions:
- request:
    body: null
    headers:
      Accept:
      - '*/*'
      Accept-Encoding:
      - gzip, deflate
      Connection:
      - keep-alive
      Content-Length:
      - '0'
      User-Agent:
      - azsdk-python-storage-file/12.0.0b2 Python/3.7.3 (Windows-10-10.0.17763-SP0)
      x-ms-date:
      - Thu, 29 Aug 2019 19:48:56 GMT
      x-ms-version:
      - '2018-11-09'
    method: PUT
    uri: https://pyacrstorage6c0b16b0.file.core.windows.net/utshare6c0b16b0?restype=share
  response:
    body:
      string: ''
    headers:
      content-length:
      - '0'
      date:
      - Thu, 29 Aug 2019 19:48:56 GMT
      etag:
      - '"0x8D72CB9EE1EC7BF"'
      last-modified:
      - Thu, 29 Aug 2019 19:48:57 GMT
      server:
      - Windows-Azure-File/1.0 Microsoft-HTTPAPI/2.0
      x-ms-version:
      - '2018-11-09'
    status:
      code: 201
      message: Created
- request:
    body: null
    headers:
      Accept:
      - '*/*'
      Accept-Encoding:
      - gzip, deflate
      Connection:
      - keep-alive
      Content-Length:
      - '0'
      User-Agent:
      - azsdk-python-storage-file/12.0.0b2 Python/3.7.3 (Windows-10-10.0.17763-SP0)
      x-ms-date:
      - Thu, 29 Aug 2019 19:48:59 GMT
      x-ms-version:
      - '2018-11-09'
    method: PUT
    uri: https://pyacrstorage6c0b16b0.file.core.windows.net/utshare6c0b16b0?restype=share&comp=snapshot
  response:
    body:
      string: ''
    headers:
      content-length:
      - '0'
      date:
      - Thu, 29 Aug 2019 19:48:57 GMT
      etag:
      - '"0x8D72CB9EE1EC7BF"'
      last-modified:
      - Thu, 29 Aug 2019 19:48:57 GMT
      server:
      - Windows-Azure-File/1.0 Microsoft-HTTPAPI/2.0
      x-ms-snapshot:
      - '2019-08-29T19:48:58.0000000Z'
      x-ms-version:
      - '2018-11-09'
    status:
      code: 201
      message: Created
- request:
    body: null
    headers:
      Accept:
      - '*/*'
      Accept-Encoding:
      - gzip, deflate
      Connection:
      - keep-alive
      Content-Length:
      - '0'
      User-Agent:
      - azsdk-python-storage-file/12.0.0b2 Python/3.7.3 (Windows-10-10.0.17763-SP0)
      x-ms-date:
      - Thu, 29 Aug 2019 19:49:00 GMT
      x-ms-version:
      - '2018-11-09'
    method: PUT
    uri: https://pyacrstorage6c0b16b0.file.core.windows.net/utshare6c0b16b0/dir1?restype=directory
  response:
    body:
      string: ''
    headers:
      content-length:
      - '0'
      date:
      - Thu, 29 Aug 2019 19:48:57 GMT
      etag:
      - '"0x8D72CB9EF0E40F7"'
      last-modified:
      - Thu, 29 Aug 2019 19:48:58 GMT
      server:
      - Windows-Azure-File/1.0 Microsoft-HTTPAPI/2.0
      x-ms-request-server-encrypted:
      - 'true'
      x-ms-version:
      - '2018-11-09'
    status:
      code: 201
      message: Created
- request:
    body: null
    headers:
      Accept:
      - '*/*'
      Accept-Encoding:
      - gzip, deflate
      Connection:
      - keep-alive
      User-Agent:
      - azsdk-python-storage-file/12.0.0b2 Python/3.7.3 (Windows-10-10.0.17763-SP0)
      x-ms-date:
      - Thu, 29 Aug 2019 19:49:00 GMT
      x-ms-version:
      - '2018-11-09'
    method: GET
    uri: https://pyacrstorage6c0b16b0.file.core.windows.net/utshare6c0b16b0/dir1?restype=directory&sharesnapshot=2019-08-29T19:48:58.0000000Z
  response:
    body:
      string: "\uFEFF<?xml version=\"1.0\" encoding=\"utf-8\"?><Error><Code>ResourceNotFound</Code><Message>The
        specified resource does not exist.\nRequestId:b0d5b916-601a-00b0-10a2-5e514b000000\nTime:2019-08-29T19:48:58.8913030Z</Message></Error>"
    headers:
      content-length:
      - '223'
      content-type:
      - application/xml
      date:
      - Thu, 29 Aug 2019 19:48:57 GMT
      server:
      - Windows-Azure-File/1.0 Microsoft-HTTPAPI/2.0
      x-ms-error-code:
      - ResourceNotFound
      x-ms-version:
      - '2018-11-09'
    status:
      code: 404
      message: The specified resource does not exist.
version: 1
