interactions:
- request:
    body: null
    headers:
      User-Agent:
      - azsdk-python-storage-file/12.0.0b1 Python/3.7.3 (Windows-10-10.0.17763-SP0)
      content-type:
      - application/xml; charset=utf-8
      x-ms-client-request-id:
      - 7acbac34-b569-11e9-95f9-2816a845e8c6
      x-ms-date:
      - Fri, 02 Aug 2019 21:07:04 GMT
      x-ms-version:
      - '2018-11-09'
    method: PUT
    uri: https://storagename.file.core.windows.net/utsharecde41c24?restype=share
  response:
    body:
      string: ''
    headers:
      ? !!python/object/new:multidict._istr.istr
      - Content-Length
      : '0'
      ? !!python/object/new:multidict._istr.istr
      - Date
      : Fri, 02 Aug 2019 21:07:04 GMT
      ? !!python/object/new:multidict._istr.istr
      - Etag
      : '"0x8D7178D5F108722"'
      ? !!python/object/new:multidict._istr.istr
      - Last-Modified
      : Fri, 02 Aug 2019 21:07:04 GMT
      ? !!python/object/new:multidict._istr.istr
      - Server
      : Windows-Azure-File/1.0 Microsoft-HTTPAPI/2.0
      x-ms-request-id: 7f3273dd-b01a-0057-6176-498d8d000000
      x-ms-version: '2018-11-09'
    status:
      code: 201
      message: Created
    url: !!python/object/new:yarl.URL
      state: !!python/tuple
      - !!python/object/new:urllib.parse.SplitResult
        - https
        - amqptest.file.core.windows.net
        - /utsharecde41c24
        - restype=share
        - ''
- request:
    body: null
    headers:
      User-Agent:
      - azsdk-python-storage-file/12.0.0b1 Python/3.7.3 (Windows-10-10.0.17763-SP0)
      content-type:
      - application/xml; charset=utf-8
      x-ms-client-request-id:
      - 7b272558-b569-11e9-9503-2816a845e8c6
      x-ms-date:
      - Fri, 02 Aug 2019 21:07:05 GMT
      x-ms-version:
      - '2018-11-09'
    method: PUT
    uri: https://storagename.file.core.windows.net/utsharecde41c24/dir1?restype=directory
  response:
    body:
      string: ''
    headers:
      ? !!python/object/new:multidict._istr.istr
      - Content-Length
      : '0'
      ? !!python/object/new:multidict._istr.istr
      - Date
      : Fri, 02 Aug 2019 21:07:04 GMT
      ? !!python/object/new:multidict._istr.istr
      - Etag
      : '"0x8D7178D5F3A5840"'
      ? !!python/object/new:multidict._istr.istr
      - Last-Modified
      : Fri, 02 Aug 2019 21:07:05 GMT
      ? !!python/object/new:multidict._istr.istr
      - Server
      : Windows-Azure-File/1.0 Microsoft-HTTPAPI/2.0
      x-ms-request-id: 7f3273e1-b01a-0057-6276-498d8d000000
      x-ms-request-server-encrypted: 'true'
      x-ms-version: '2018-11-09'
    status:
      code: 201
      message: Created
    url: !!python/object/new:yarl.URL
      state: !!python/tuple
      - !!python/object/new:urllib.parse.SplitResult
        - https
        - amqptest.file.core.windows.net
        - /utsharecde41c24/dir1
        - restype=directory
        - ''
- request:
    body: null
    headers:
      User-Agent:
      - azsdk-python-storage-file/12.0.0b1 Python/3.7.3 (Windows-10-10.0.17763-SP0)
      content-type:
      - application/xml; charset=utf-8
      x-ms-client-request-id:
      - 7b304158-b569-11e9-8e47-2816a845e8c6
      x-ms-date:
      - Fri, 02 Aug 2019 21:07:05 GMT
      x-ms-version:
      - '2018-11-09'
    method: PUT
    uri: https://storagename.file.core.windows.net/utsharecde41c24/dir1%2Fsubdir1?restype=directory
  response:
    body:
      string: ''
    headers:
      ? !!python/object/new:multidict._istr.istr
      - Content-Length
      : '0'
      ? !!python/object/new:multidict._istr.istr
      - Date
      : Fri, 02 Aug 2019 21:07:04 GMT
      ? !!python/object/new:multidict._istr.istr
      - Etag
      : '"0x8D7178D5F435A90"'
      ? !!python/object/new:multidict._istr.istr
      - Last-Modified
      : Fri, 02 Aug 2019 21:07:05 GMT
      ? !!python/object/new:multidict._istr.istr
      - Server
      : Windows-Azure-File/1.0 Microsoft-HTTPAPI/2.0
      x-ms-request-id: 7f3273e2-b01a-0057-6376-498d8d000000
      x-ms-request-server-encrypted: 'true'
      x-ms-version: '2018-11-09'
    status:
      code: 201
      message: Created
    url: !!python/object/new:yarl.URL
      state: !!python/tuple
      - !!python/object/new:urllib.parse.SplitResult
        - https
        - amqptest.file.core.windows.net
        - /utsharecde41c24/dir1%2Fsubdir1
        - restype=directory
        - ''
- request:
    body: null
    headers:
      User-Agent:
      - azsdk-python-storage-file/12.0.0b1 Python/3.7.3 (Windows-10-10.0.17763-SP0)
      content-type:
      - application/xml; charset=utf-8
      x-ms-client-request-id:
      - 7b426574-b569-11e9-93c3-2816a845e8c6
      x-ms-date:
      - Fri, 02 Aug 2019 21:07:05 GMT
      x-ms-version:
      - '2018-11-09'
    method: PUT
    uri: https://storagename.file.core.windows.net/utsharecde41c24/dir1%2Fsubdir1%2Fsubdir2?restype=directory
  response:
    body:
      string: ''
    headers:
      ? !!python/object/new:multidict._istr.istr
      - Content-Length
      : '0'
      ? !!python/object/new:multidict._istr.istr
      - Date
      : Fri, 02 Aug 2019 21:07:04 GMT
      ? !!python/object/new:multidict._istr.istr
      - Etag
      : '"0x8D7178D5F5622B0"'
      ? !!python/object/new:multidict._istr.istr
      - Last-Modified
      : Fri, 02 Aug 2019 21:07:05 GMT
      ? !!python/object/new:multidict._istr.istr
      - Server
      : Windows-Azure-File/1.0 Microsoft-HTTPAPI/2.0
      x-ms-request-id: 7f3273e3-b01a-0057-6476-498d8d000000
      x-ms-request-server-encrypted: 'true'
      x-ms-version: '2018-11-09'
    status:
      code: 201
      message: Created
    url: !!python/object/new:yarl.URL
      state: !!python/tuple
      - !!python/object/new:urllib.parse.SplitResult
        - https
        - amqptest.file.core.windows.net
        - /utsharecde41c24/dir1%2Fsubdir1%2Fsubdir2
        - restype=directory
        - ''
- request:
    body: null
    headers:
      User-Agent:
      - azsdk-python-storage-file/12.0.0b1 Python/3.7.3 (Windows-10-10.0.17763-SP0)
      content-type:
      - application/xml; charset=utf-8
      x-ms-client-request-id:
      - 7b4e6cdc-b569-11e9-af61-2816a845e8c6
      x-ms-date:
      - Fri, 02 Aug 2019 21:07:05 GMT
      x-ms-version:
      - '2018-11-09'
    method: PUT
    uri: https://storagename.file.core.windows.net/utsharecde41c24/dir1%2Fsubdir1%2Fsubdir3?restype=directory
  response:
    body:
      string: ''
    headers:
      ? !!python/object/new:multidict._istr.istr
      - Content-Length
      : '0'
      ? !!python/object/new:multidict._istr.istr
      - Date
      : Fri, 02 Aug 2019 21:07:04 GMT
      ? !!python/object/new:multidict._istr.istr
      - Etag
      : '"0x8D7178D5F616F5F"'
      ? !!python/object/new:multidict._istr.istr
      - Last-Modified
      : Fri, 02 Aug 2019 21:07:05 GMT
      ? !!python/object/new:multidict._istr.istr
      - Server
      : Windows-Azure-File/1.0 Microsoft-HTTPAPI/2.0
      x-ms-request-id: 7f3273e4-b01a-0057-6576-498d8d000000
      x-ms-request-server-encrypted: 'true'
      x-ms-version: '2018-11-09'
    status:
      code: 201
      message: Created
    url: !!python/object/new:yarl.URL
      state: !!python/tuple
      - !!python/object/new:urllib.parse.SplitResult
        - https
        - amqptest.file.core.windows.net
        - /utsharecde41c24/dir1%2Fsubdir1%2Fsubdir3
        - restype=directory
        - ''
- request:
    body: null
    headers:
      User-Agent:
      - azsdk-python-storage-file/12.0.0b1 Python/3.7.3 (Windows-10-10.0.17763-SP0)
      content-type:
      - application/xml; charset=utf-8
      x-ms-client-request-id:
      - 7b5bea52-b569-11e9-b7f3-2816a845e8c6
      x-ms-content-length:
      - '5'
      x-ms-date:
      - Fri, 02 Aug 2019 21:07:05 GMT
      x-ms-type:
      - file
      x-ms-version:
      - '2018-11-09'
    method: PUT
    uri: https://storagename.file.core.windows.net/utsharecde41c24/dir1/file1
  response:
    body:
      string: ''
    headers:
      ? !!python/object/new:multidict._istr.istr
      - Content-Length
      : '0'
      ? !!python/object/new:multidict._istr.istr
      - Date
      : Fri, 02 Aug 2019 21:07:04 GMT
      ? !!python/object/new:multidict._istr.istr
      - Etag
      : '"0x8D7178D5F850366"'
      ? !!python/object/new:multidict._istr.istr
      - Last-Modified
      : Fri, 02 Aug 2019 21:07:05 GMT
      ? !!python/object/new:multidict._istr.istr
      - Server
      : Windows-Azure-File/1.0 Microsoft-HTTPAPI/2.0
      x-ms-request-id: 7f3273e6-b01a-0057-6676-498d8d000000
      x-ms-request-server-encrypted: 'true'
      x-ms-version: '2018-11-09'
    status:
      code: 201
      message: Created
    url: !!python/object/new:yarl.URL
      state: !!python/tuple
      - !!python/object/new:urllib.parse.SplitResult
        - https
        - amqptest.file.core.windows.net
        - /utsharecde41c24/dir1/file1
        - ''
        - ''
- request:
    body: data1
    headers:
      Content-Length:
      - '5'
      Content-Type:
      - application/octet-stream
      User-Agent:
      - azsdk-python-storage-file/12.0.0b1 Python/3.7.3 (Windows-10-10.0.17763-SP0)
      x-ms-client-request-id:
      - 7b789554-b569-11e9-abcb-2816a845e8c6
      x-ms-date:
      - Fri, 02 Aug 2019 21:07:05 GMT
      x-ms-range:
      - bytes=0-4
      x-ms-version:
      - '2018-11-09'
      x-ms-write:
      - update
    method: PUT
    uri: https://storagename.file.core.windows.net/utsharecde41c24/dir1/file1?comp=range
  response:
    body:
      string: ''
    headers:
      ? !!python/object/new:multidict._istr.istr
      - Content-Length
      : '0'
      ? !!python/object/new:multidict._istr.istr
      - Content-Md5
      : idkDvDXe3nJP1SxRQ3/1/Q==
      ? !!python/object/new:multidict._istr.istr
      - Date
      : Fri, 02 Aug 2019 21:07:04 GMT
      ? !!python/object/new:multidict._istr.istr
      - Etag
      : '"0x8D7178D5F8CA5EE"'
      ? !!python/object/new:multidict._istr.istr
      - Last-Modified
      : Fri, 02 Aug 2019 21:07:05 GMT
      ? !!python/object/new:multidict._istr.istr
      - Server
      : Windows-Azure-File/1.0 Microsoft-HTTPAPI/2.0
      x-ms-request-id: 7f3273e7-b01a-0057-6776-498d8d000000
      x-ms-request-server-encrypted: 'true'
      x-ms-version: '2018-11-09'
    status:
      code: 201
      message: Created
    url: !!python/object/new:yarl.URL
      state: !!python/tuple
      - !!python/object/new:urllib.parse.SplitResult
        - https
        - amqptest.file.core.windows.net
        - /utsharecde41c24/dir1/file1
        - comp=range
        - ''
- request:
    body: null
    headers:
      User-Agent:
      - azsdk-python-storage-file/12.0.0b1 Python/3.7.3 (Windows-10-10.0.17763-SP0)
      content-type:
      - application/xml; charset=utf-8
      x-ms-client-request-id:
      - 7b62e95e-b569-11e9-9099-2816a845e8c6
      x-ms-content-length:
      - '5'
      x-ms-date:
      - Fri, 02 Aug 2019 21:07:05 GMT
      x-ms-type:
      - file
      x-ms-version:
      - '2018-11-09'
    method: PUT
    uri: https://storagename.file.core.windows.net/utsharecde41c24/dir1/subdir1/file3
  response:
    body:
      string: ''
    headers:
      ? !!python/object/new:multidict._istr.istr
      - Content-Length
      : '0'
      ? !!python/object/new:multidict._istr.istr
      - Date
      : Fri, 02 Aug 2019 21:07:05 GMT
      ? !!python/object/new:multidict._istr.istr
      - Etag
      : '"0x8D7178D5F96E0F7"'
      ? !!python/object/new:multidict._istr.istr
      - Last-Modified
      : Fri, 02 Aug 2019 21:07:05 GMT
      ? !!python/object/new:multidict._istr.istr
      - Server
      : Windows-Azure-File/1.0 Microsoft-HTTPAPI/2.0
      x-ms-request-id: 86cb4c4e-a01a-0061-0976-4920df000000
      x-ms-request-server-encrypted: 'true'
      x-ms-version: '2018-11-09'
    status:
      code: 201
      message: Created
    url: !!python/object/new:yarl.URL
      state: !!python/tuple
      - !!python/object/new:urllib.parse.SplitResult
        - https
        - amqptest.file.core.windows.net
        - /utsharecde41c24/dir1/subdir1/file3
        - ''
        - ''
- request:
    body: null
    headers:
      User-Agent:
      - azsdk-python-storage-file/12.0.0b1 Python/3.7.3 (Windows-10-10.0.17763-SP0)
      content-type:
      - application/xml; charset=utf-8
      x-ms-client-request-id:
      - 7b602bca-b569-11e9-9ec3-2816a845e8c6
      x-ms-content-length:
      - '5'
      x-ms-date:
      - Fri, 02 Aug 2019 21:07:05 GMT
      x-ms-type:
      - file
      x-ms-version:
      - '2018-11-09'
    method: PUT
    uri: https://storagename.file.core.windows.net/utsharecde41c24/dir1/subdir1/file2
  response:
    body:
      string: ''
    headers:
      ? !!python/object/new:multidict._istr.istr
      - Content-Length
      : '0'
      ? !!python/object/new:multidict._istr.istr
      - Date
      : Fri, 02 Aug 2019 21:07:05 GMT
      ? !!python/object/new:multidict._istr.istr
      - Etag
      : '"0x8D7178D5F988EFA"'
      ? !!python/object/new:multidict._istr.istr
      - Last-Modified
      : Fri, 02 Aug 2019 21:07:05 GMT
      ? !!python/object/new:multidict._istr.istr
      - Server
      : Windows-Azure-File/1.0 Microsoft-HTTPAPI/2.0
      x-ms-request-id: 37e4aa8f-d01a-00a2-1976-49a99c000000
      x-ms-request-server-encrypted: 'true'
      x-ms-version: '2018-11-09'
    status:
      code: 201
      message: Created
    url: !!python/object/new:yarl.URL
      state: !!python/tuple
      - !!python/object/new:urllib.parse.SplitResult
        - https
        - amqptest.file.core.windows.net
        - /utsharecde41c24/dir1/subdir1/file2
        - ''
        - ''
- request:
    body: data3
    headers:
      Content-Length:
      - '5'
      Content-Type:
      - application/octet-stream
      User-Agent:
      - azsdk-python-storage-file/12.0.0b1 Python/3.7.3 (Windows-10-10.0.17763-SP0)
      x-ms-client-request-id:
      - 7ba37dac-b569-11e9-abee-2816a845e8c6
      x-ms-date:
      - Fri, 02 Aug 2019 21:07:06 GMT
      x-ms-range:
      - bytes=0-4
      x-ms-version:
      - '2018-11-09'
      x-ms-write:
      - update
    method: PUT
    uri: https://storagename.file.core.windows.net/utsharecde41c24/dir1/subdir1/file3?comp=range
  response:
    body:
      string: ''
    headers:
      ? !!python/object/new:multidict._istr.istr
      - Content-Length
      : '0'
      ? !!python/object/new:multidict._istr.istr
      - Content-Md5
      : eTafePeILBuqu8fUXcXaoA==
      ? !!python/object/new:multidict._istr.istr
      - Date
      : Fri, 02 Aug 2019 21:07:05 GMT
      ? !!python/object/new:multidict._istr.istr
      - Etag
      : '"0x8D7178D5FB6F1EE"'
      ? !!python/object/new:multidict._istr.istr
      - Last-Modified
      : Fri, 02 Aug 2019 21:07:05 GMT
      ? !!python/object/new:multidict._istr.istr
      - Server
      : Windows-Azure-File/1.0 Microsoft-HTTPAPI/2.0
      x-ms-request-id: 86cb4c50-a01a-0061-0a76-4920df000000
      x-ms-request-server-encrypted: 'true'
      x-ms-version: '2018-11-09'
    status:
      code: 201
      message: Created
    url: !!python/object/new:yarl.URL
      state: !!python/tuple
      - !!python/object/new:urllib.parse.SplitResult
        - https
        - amqptest.file.core.windows.net
        - /utsharecde41c24/dir1/subdir1/file3
        - comp=range
        - ''
- request:
    body: data2
    headers:
      Content-Length:
      - '5'
      Content-Type:
      - application/octet-stream
      User-Agent:
      - azsdk-python-storage-file/12.0.0b1 Python/3.7.3 (Windows-10-10.0.17763-SP0)
      x-ms-client-request-id:
      - 7ba441ac-b569-11e9-992b-2816a845e8c6
      x-ms-date:
      - Fri, 02 Aug 2019 21:07:06 GMT
      x-ms-range:
      - bytes=0-4
      x-ms-version:
      - '2018-11-09'
      x-ms-write:
      - update
    method: PUT
    uri: https://storagename.file.core.windows.net/utsharecde41c24/dir1/subdir1/file2?comp=range
  response:
    body:
      string: ''
    headers:
      ? !!python/object/new:multidict._istr.istr
      - Content-Length
      : '0'
      ? !!python/object/new:multidict._istr.istr
      - Content-Md5
      : /5zy1pDYiMszf2v0UmthMA==
      ? !!python/object/new:multidict._istr.istr
      - Date
      : Fri, 02 Aug 2019 21:07:05 GMT
      ? !!python/object/new:multidict._istr.istr
      - Etag
      : '"0x8D7178D5FB7401D"'
      ? !!python/object/new:multidict._istr.istr
      - Last-Modified
      : Fri, 02 Aug 2019 21:07:05 GMT
      ? !!python/object/new:multidict._istr.istr
      - Server
      : Windows-Azure-File/1.0 Microsoft-HTTPAPI/2.0
      x-ms-request-id: 37e4aa91-d01a-00a2-1a76-49a99c000000
      x-ms-request-server-encrypted: 'true'
      x-ms-version: '2018-11-09'
    status:
      code: 201
      message: Created
    url: !!python/object/new:yarl.URL
      state: !!python/tuple
      - !!python/object/new:urllib.parse.SplitResult
        - https
        - amqptest.file.core.windows.net
        - /utsharecde41c24/dir1/subdir1/file2
        - comp=range
        - ''
- request:
    body: null
    headers:
      Accept:
      - application/xml
      User-Agent:
      - azsdk-python-storage-file/12.0.0b1 Python/3.7.3 (Windows-10-10.0.17763-SP0)
      content-type:
      - application/xml; charset=utf-8
      x-ms-client-request-id:
      - 7bab028c-b569-11e9-8174-2816a845e8c6
      x-ms-date:
      - Fri, 02 Aug 2019 21:07:06 GMT
      x-ms-version:
      - '2018-11-09'
    method: GET
    uri: https://storagename.file.core.windows.net/utsharecde41c24/dir1?restype=directory&comp=list
  response:
    body:
      string: "\uFEFF<?xml version=\"1.0\" encoding=\"utf-8\"?><EnumerationResults
        ServiceEndpoint=\"https://storagename.file.core.windows.net/\" ShareName=\"utsharecde41c24\"
        DirectoryPath=\"dir1\"><Entries><File><Name>file1</Name><Properties><Content-Length>5</Content-Length></Properties></File><Directory><Name>subdir1</Name><Properties
        /></Directory></Entries><NextMarker /></EnumerationResults>"
    headers:
      ? !!python/object/new:multidict._istr.istr
      - Content-Type
      : application/xml
      ? !!python/object/new:multidict._istr.istr
      - Date
      : Fri, 02 Aug 2019 21:07:05 GMT
      ? !!python/object/new:multidict._istr.istr
      - Server
      : Windows-Azure-File/1.0 Microsoft-HTTPAPI/2.0
      ? !!python/object/new:multidict._istr.istr
      - Transfer-Encoding
      : chunked
      ? !!python/object/new:multidict._istr.istr
      - Vary
      : Origin
      x-ms-request-id: 37e4aa92-d01a-00a2-1b76-49a99c000000
      x-ms-version: '2018-11-09'
    status:
      code: 200
      message: OK
    url: !!python/object/new:yarl.URL
      state: !!python/tuple
      - !!python/object/new:urllib.parse.SplitResult
        - https
        - amqptest.file.core.windows.net
        - /utsharecde41c24/dir1
        - restype=directory&comp=list
        - ''
version: 1
