interactions:
- request:
    body: null
    headers:
      Accept:
      - '*/*'
      Accept-Encoding:
      - gzip, deflate
      Connection:
      - keep-alive
      Content-Length:
      - '0'
      User-Agent:
      - azsdk-python-storage-file/12.0.0b1 Python/3.7.3 (Windows-10-10.0.17763-SP0)
      content-type:
      - application/xml; charset=utf-8
      x-ms-client-request-id:
      - 2f37a5ca-b4c7-11e9-b939-2816a845e8c6
      x-ms-date:
      - Fri, 02 Aug 2019 01:45:19 GMT
      x-ms-version:
      - '2018-11-09'
    method: PUT
    uri: https://storagename.file.core.windows.net/utsharefcf21448/dir1?restype=directory
  response:
    body:
      string: ''
    headers:
      Content-Length:
      - '0'
      Date:
      - Fri, 02 Aug 2019 01:45:19 GMT
      ETag:
      - '"0x8D716EB13B85A90"'
      Last-Modified:
      - Fri, 02 Aug 2019 01:45:20 GMT
      Server:
      - Windows-Azure-File/1.0 Microsoft-HTTPAPI/2.0
      x-ms-request-id:
      - ad0b81b8-d01a-00a5-20d3-480370000000
      x-ms-request-server-encrypted:
      - 'true'
      x-ms-version:
      - '2018-11-09'
    status:
      code: 201
      message: Created
- request:
    body: null
    headers:
      Accept:
      - '*/*'
      Accept-Encoding:
      - gzip, deflate
      Connection:
      - keep-alive
      Content-Length:
      - '0'
      User-Agent:
      - azsdk-python-storage-file/12.0.0b1 Python/3.7.3 (Windows-10-10.0.17763-SP0)
      content-type:
      - application/xml; charset=utf-8
      x-ms-client-request-id:
      - 2f5e4d1c-b4c7-11e9-b452-2816a845e8c6
      x-ms-date:
      - Fri, 02 Aug 2019 01:45:19 GMT
      x-ms-version:
      - '2018-11-09'
    method: PUT
    uri: https://storagename.file.core.windows.net/utsharefcf21448/dir1%2Fsubdir1?restype=directory
  response:
    body:
      string: ''
    headers:
      Content-Length:
      - '0'
      Date:
      - Fri, 02 Aug 2019 01:45:19 GMT
      ETag:
      - '"0x8D716EB13C3591E"'
      Last-Modified:
      - Fri, 02 Aug 2019 01:45:20 GMT
      Server:
      - Windows-Azure-File/1.0 Microsoft-HTTPAPI/2.0
      x-ms-request-id:
      - ad0b81ba-d01a-00a5-21d3-480370000000
      x-ms-request-server-encrypted:
      - 'true'
      x-ms-version:
      - '2018-11-09'
    status:
      code: 201
      message: Created
- request:
    body: null
    headers:
      Accept:
      - '*/*'
      Accept-Encoding:
      - gzip, deflate
      Connection:
      - keep-alive
      Content-Length:
      - '0'
      User-Agent:
      - azsdk-python-storage-file/12.0.0b1 Python/3.7.3 (Windows-10-10.0.17763-SP0)
      content-type:
      - application/xml; charset=utf-8
      x-ms-client-request-id:
      - 2f699074-b4c7-11e9-99d2-2816a845e8c6
      x-ms-date:
      - Fri, 02 Aug 2019 01:45:19 GMT
      x-ms-version:
      - '2018-11-09'
    method: PUT
    uri: https://storagename.file.core.windows.net/utsharefcf21448/dir1%2Fsubdir2?restype=directory
  response:
    body:
      string: ''
    headers:
      Content-Length:
      - '0'
      Date:
      - Fri, 02 Aug 2019 01:45:19 GMT
      ETag:
      - '"0x8D716EB13CE7EAF"'
      Last-Modified:
      - Fri, 02 Aug 2019 01:45:20 GMT
      Server:
      - Windows-Azure-File/1.0 Microsoft-HTTPAPI/2.0
      x-ms-request-id:
      - ad0b81bb-d01a-00a5-22d3-480370000000
      x-ms-request-server-encrypted:
      - 'true'
      x-ms-version:
      - '2018-11-09'
    status:
      code: 201
      message: Created
- request:
    body: null
    headers:
      Accept:
      - '*/*'
      Accept-Encoding:
      - gzip, deflate
      Connection:
      - keep-alive
      Content-Length:
      - '0'
      User-Agent:
      - azsdk-python-storage-file/12.0.0b1 Python/3.7.3 (Windows-10-10.0.17763-SP0)
      content-type:
      - application/xml; charset=utf-8
      x-ms-client-request-id:
      - 2f76a62c-b4c7-11e9-bd08-2816a845e8c6
      x-ms-date:
      - Fri, 02 Aug 2019 01:45:19 GMT
      x-ms-version:
      - '2018-11-09'
    method: PUT
    uri: https://storagename.file.core.windows.net/utsharefcf21448/dir1%2Fsubdir3?restype=directory
  response:
    body:
      string: ''
    headers:
      Content-Length:
      - '0'
      Date:
      - Fri, 02 Aug 2019 01:45:19 GMT
      ETag:
      - '"0x8D716EB13DB524E"'
      Last-Modified:
      - Fri, 02 Aug 2019 01:45:20 GMT
      Server:
      - Windows-Azure-File/1.0 Microsoft-HTTPAPI/2.0
      x-ms-request-id:
      - ad0b81bc-d01a-00a5-23d3-480370000000
      x-ms-request-server-encrypted:
      - 'true'
      x-ms-version:
      - '2018-11-09'
    status:
      code: 201
      message: Created
- request:
    body: null
    headers:
      Accept:
      - '*/*'
      Accept-Encoding:
      - gzip, deflate
      Connection:
      - keep-alive
      Content-Length:
      - '0'
      User-Agent:
      - azsdk-python-storage-file/12.0.0b1 Python/3.7.3 (Windows-10-10.0.17763-SP0)
      content-type:
      - application/xml; charset=utf-8
      x-ms-client-request-id:
      - 2f81735e-b4c7-11e9-8844-2816a845e8c6
      x-ms-content-length:
      - '5'
      x-ms-date:
      - Fri, 02 Aug 2019 01:45:20 GMT
      x-ms-type:
      - file
      x-ms-version:
      - '2018-11-09'
    method: PUT
    uri: https://storagename.file.core.windows.net/utsharefcf21448/dir1/file1
  response:
    body:
      string: ''
    headers:
      Content-Length:
      - '0'
      Date:
      - Fri, 02 Aug 2019 01:45:19 GMT
      ETag:
      - '"0x8D716EB13E6ED2F"'
      Last-Modified:
      - Fri, 02 Aug 2019 01:45:20 GMT
      Server:
      - Windows-Azure-File/1.0 Microsoft-HTTPAPI/2.0
      x-ms-request-id:
      - ad0b81be-d01a-00a5-24d3-480370000000
      x-ms-request-server-encrypted:
      - 'true'
      x-ms-version:
      - '2018-11-09'
    status:
      code: 201
      message: Created
- request:
    body: data1
    headers:
      Accept:
      - '*/*'
      Accept-Encoding:
      - gzip, deflate
      Connection:
      - keep-alive
      Content-Length:
      - '5'
      Content-Type:
      - application/octet-stream
      User-Agent:
      - azsdk-python-storage-file/12.0.0b1 Python/3.7.3 (Windows-10-10.0.17763-SP0)
      x-ms-client-request-id:
      - 2f8c6994-b4c7-11e9-b708-2816a845e8c6
      x-ms-date:
      - Fri, 02 Aug 2019 01:45:20 GMT
      x-ms-range:
      - bytes=0-4
      x-ms-version:
      - '2018-11-09'
      x-ms-write:
      - update
    method: PUT
    uri: https://storagename.file.core.windows.net/utsharefcf21448/dir1/file1?comp=range
  response:
    body:
      string: ''
    headers:
      Content-Length:
      - '0'
      Content-MD5:
      - idkDvDXe3nJP1SxRQ3/1/Q==
      Date:
      - Fri, 02 Aug 2019 01:45:19 GMT
      ETag:
      - '"0x8D716EB13F1C4A3"'
      Last-Modified:
      - Fri, 02 Aug 2019 01:45:20 GMT
      Server:
      - Windows-Azure-File/1.0 Microsoft-HTTPAPI/2.0
      x-ms-request-id:
      - ad0b81bf-d01a-00a5-25d3-480370000000
      x-ms-request-server-encrypted:
      - 'true'
      x-ms-version:
      - '2018-11-09'
    status:
      code: 201
      message: Created
- request:
    body: null
    headers:
      Accept:
      - '*/*'
      Accept-Encoding:
      - gzip, deflate
      Connection:
      - keep-alive
      Content-Length:
      - '0'
      User-Agent:
      - azsdk-python-storage-file/12.0.0b1 Python/3.7.3 (Windows-10-10.0.17763-SP0)
      content-type:
      - application/xml; charset=utf-8
      x-ms-client-request-id:
      - 2f975d7a-b4c7-11e9-954a-2816a845e8c6
      x-ms-content-length:
      - '5'
      x-ms-date:
      - Fri, 02 Aug 2019 01:45:20 GMT
      x-ms-type:
      - file
      x-ms-version:
      - '2018-11-09'
    method: PUT
    uri: https://storagename.file.core.windows.net/utsharefcf21448/dir1/file2
  response:
    body:
      string: ''
    headers:
      Content-Length:
      - '0'
      Date:
      - Fri, 02 Aug 2019 01:45:19 GMT
      ETag:
      - '"0x8D716EB13FC9C13"'
      Last-Modified:
      - Fri, 02 Aug 2019 01:45:20 GMT
      Server:
      - Windows-Azure-File/1.0 Microsoft-HTTPAPI/2.0
      x-ms-request-id:
      - ad0b81c0-d01a-00a5-26d3-480370000000
      x-ms-request-server-encrypted:
      - 'true'
      x-ms-version:
      - '2018-11-09'
    status:
      code: 201
      message: Created
- request:
    body: data2
    headers:
      Accept:
      - '*/*'
      Accept-Encoding:
      - gzip, deflate
      Connection:
      - keep-alive
      Content-Length:
      - '5'
      Content-Type:
      - application/octet-stream
      User-Agent:
      - azsdk-python-storage-file/12.0.0b1 Python/3.7.3 (Windows-10-10.0.17763-SP0)
      x-ms-client-request-id:
      - 2fa1dd92-b4c7-11e9-b29d-2816a845e8c6
      x-ms-date:
      - Fri, 02 Aug 2019 01:45:20 GMT
      x-ms-range:
      - bytes=0-4
      x-ms-version:
      - '2018-11-09'
      x-ms-write:
      - update
    method: PUT
    uri: https://storagename.file.core.windows.net/utsharefcf21448/dir1/file2?comp=range
  response:
    body:
      string: ''
    headers:
      Content-Length:
      - '0'
      Content-MD5:
      - /5zy1pDYiMszf2v0UmthMA==
      Date:
      - Fri, 02 Aug 2019 01:45:19 GMT
      ETag:
      - '"0x8D716EB140996C3"'
      Last-Modified:
      - Fri, 02 Aug 2019 01:45:20 GMT
      Server:
      - Windows-Azure-File/1.0 Microsoft-HTTPAPI/2.0
      x-ms-request-id:
      - ad0b81c1-d01a-00a5-27d3-480370000000
      x-ms-request-server-encrypted:
      - 'true'
      x-ms-version:
      - '2018-11-09'
    status:
      code: 201
      message: Created
- request:
    body: null
    headers:
      Accept:
      - '*/*'
      Accept-Encoding:
      - gzip, deflate
      Connection:
      - keep-alive
      Content-Length:
      - '0'
      User-Agent:
      - azsdk-python-storage-file/12.0.0b1 Python/3.7.3 (Windows-10-10.0.17763-SP0)
      content-type:
      - application/xml; charset=utf-8
      x-ms-client-request-id:
      - 2fb004d4-b4c7-11e9-aef9-2816a845e8c6
      x-ms-content-length:
      - '5'
      x-ms-date:
      - Fri, 02 Aug 2019 01:45:20 GMT
      x-ms-type:
      - file
      x-ms-version:
      - '2018-11-09'
    method: PUT
    uri: https://storagename.file.core.windows.net/utsharefcf21448/dir1/file3
  response:
    body:
      string: ''
    headers:
      Content-Length:
      - '0'
      Date:
      - Fri, 02 Aug 2019 01:45:19 GMT
      ETag:
      - '"0x8D716EB1418DBC7"'
      Last-Modified:
      - Fri, 02 Aug 2019 01:45:20 GMT
      Server:
      - Windows-Azure-File/1.0 Microsoft-HTTPAPI/2.0
      x-ms-request-id:
      - ad0b81c2-d01a-00a5-28d3-480370000000
      x-ms-request-server-encrypted:
      - 'true'
      x-ms-version:
      - '2018-11-09'
    status:
      code: 201
      message: Created
- request:
    body: data3
    headers:
      Accept:
      - '*/*'
      Accept-Encoding:
      - gzip, deflate
      Connection:
      - keep-alive
      Content-Length:
      - '5'
      Content-Type:
      - application/octet-stream
      User-Agent:
      - azsdk-python-storage-file/12.0.0b1 Python/3.7.3 (Windows-10-10.0.17763-SP0)
      x-ms-client-request-id:
      - 2fbe2d06-b4c7-11e9-a4b2-2816a845e8c6
      x-ms-date:
      - Fri, 02 Aug 2019 01:45:20 GMT
      x-ms-range:
      - bytes=0-4
      x-ms-version:
      - '2018-11-09'
      x-ms-write:
      - update
    method: PUT
    uri: https://storagename.file.core.windows.net/utsharefcf21448/dir1/file3?comp=range
  response:
    body:
      string: ''
    headers:
      Content-Length:
      - '0'
      Content-MD5:
      - eTafePeILBuqu8fUXcXaoA==
      Date:
      - Fri, 02 Aug 2019 01:45:19 GMT
      ETag:
      - '"0x8D716EB1428BD26"'
      Last-Modified:
      - Fri, 02 Aug 2019 01:45:20 GMT
      Server:
      - Windows-Azure-File/1.0 Microsoft-HTTPAPI/2.0
      x-ms-request-id:
      - ad0b81c3-d01a-00a5-29d3-480370000000
      x-ms-request-server-encrypted:
      - 'true'
      x-ms-version:
      - '2018-11-09'
    status:
      code: 201
      message: Created
- request:
    body: null
    headers:
      Accept:
      - application/xml
      Accept-Encoding:
      - gzip, deflate
      Connection:
      - keep-alive
      User-Agent:
      - azsdk-python-storage-file/12.0.0b1 Python/3.7.3 (Windows-10-10.0.17763-SP0)
      content-type:
      - application/xml; charset=utf-8
      x-ms-client-request-id:
      - 2fcd9d3e-b4c7-11e9-be5c-2816a845e8c6
      x-ms-date:
      - Fri, 02 Aug 2019 01:45:20 GMT
      x-ms-version:
      - '2018-11-09'
    method: GET
    uri: https://storagename.file.core.windows.net/utsharefcf21448/dir1?restype=directory&comp=list
  response:
    body:
      string: "\uFEFF<?xml version=\"1.0\" encoding=\"utf-8\"?><EnumerationResults
        ServiceEndpoint=\"https://storagename.file.core.windows.net/\" ShareName=\"utsharefcf21448\"
        DirectoryPath=\"dir1\"><Entries><File><Name>file1</Name><Properties><Content-Length>5</Content-Length></Properties></File><File><Name>file2</Name><Properties><Content-Length>5</Content-Length></Properties></File><File><Name>file3</Name><Properties><Content-Length>5</Content-Length></Properties></File><Directory><Name>subdir1</Name><Properties
        /></Directory><Directory><Name>subdir2</Name><Properties /></Directory><Directory><Name>subdir3</Name><Properties
        /></Directory></Entries><NextMarker /></EnumerationResults>"
    headers:
      Content-Type:
      - application/xml
      Date:
      - Fri, 02 Aug 2019 01:45:20 GMT
      Server:
      - Windows-Azure-File/1.0 Microsoft-HTTPAPI/2.0
      Transfer-Encoding:
      - chunked
      Vary:
      - Origin
      x-ms-request-id:
      - ad0b81c4-d01a-00a5-2ad3-480370000000
      x-ms-version:
      - '2018-11-09'
    status:
      code: 200
      message: OK
version: 1
