interactions:
- request:
    body: null
    headers:
      Accept:
      - '*/*'
      Accept-Encoding:
      - gzip, deflate
      Connection:
      - keep-alive
      Content-Length:
      - '0'
      User-Agent:
      - azsdk-python-storage-file/12.0.0b1 Python/3.7.3 (Windows-10-10.0.17763-SP0)
      content-type:
      - application/xml; charset=utf-8
      x-ms-client-request-id:
      - 5556e07e-b4b8-11e9-a0c0-2816a845e8c6
      x-ms-content-length:
      - '32770'
      x-ms-date:
      - Thu, 01 Aug 2019 23:59:01 GMT
      x-ms-type:
      - file
      x-ms-version:
      - '2018-11-09'
    method: PUT
    uri: https://remotestoragename.file.core.windows.net/utsharedfa413a7/utdirdfa413a7/filedfa413a7
  response:
    body:
      string: ''
    headers:
      Content-Length:
      - '0'
      Date:
      - Thu, 01 Aug 2019 23:58:57 GMT
      ETag:
      - '"0x8D716DC37F52F6A"'
      Last-Modified:
      - Thu, 01 Aug 2019 23:58:58 GMT
      Server:
      - Windows-Azure-File/1.0 Microsoft-HTTPAPI/2.0
      x-ms-request-id:
      - 71ef2898-101a-00de-79c5-4868c0000000
      x-ms-request-server-encrypted:
      - 'true'
      x-ms-version:
      - '2018-11-09'
    status:
      code: 201
      message: Created
- request:
    body: ' hello python world hello world world hello world python python python
      python hello world python python world python python world world python hello
      python python world python python hello python python world python hello world
      hello python hello hello world python python world python hello hello hello
      python world hello hello hello hello world hello world world world python world
      world hello world world world hello python world python python world hello python
      world world python hello world python python python world hello hello python
      python hello python hello python hello hello python python world python python
      hello python python world python hello python hello hello hello world world
      hello hello python hello world world python hello hello hello python hello world
      hello world hello world world python hello hello hello hello python hello world
      python world python python world hello hello world world world python hello
      hello hello python python hello python hello world world hello world hello python
      world python python python python hello world hello world hello world world
      world world world hello python hello hello python hello python world python
      hello world python python hello hello hello hello python hello world world world
      hello python hello world world hello hello python world python python hello
      world hello hello world world python hello world world world python hello python
      hello python hello world hello world python hello python world python hello
      world world python world hello world hello hello python python python world
      hello python hello world world hello world hello python world world python hello
      python python world python world hello world world hello world world python
      python world hello hello world world hello python hello world hello python python
      world world world python hello python python python hello python python python
      python python hello world world hello hello python world python hello hello
      world world python hello python python world python hello python hello python
      python python python python hello python hello world world python hello hello
      hello world hello world world hello world world hello world python hello world
      hello world world world python python world hello python world hello world hello
      python hello world python world hello python hello python hello python hello
      world python world python hello python hello python hello python python python
      world world python python world python hello hello hello python python world
      world python world world world world hello hello python world python world world
      world world python hello hello world python world hello hello hello world hello
      python hello hello python python python world python python world python world
      world hello hello python python python world python hello hello world world
      hello hello python world hello world hello python hello hello hello hello hello
      hello python hello world python world hello world hello python python hello
      python hello world world world world hello world hello world hello hello world
      hello world python hello world hello hello hello world world hello python python
      python hello world python world python hello hello hello world world world python
      hello world world world world hello world hello hello hello hello hello hello
      world world world world world hello world hello world hello hello world hello
      python hello world world python hello world world world world world world hello
      hello python python python hello hello hello hello python python python hello
      python hello hello world hello world hello world python hello python python
      python python python python python python world hello python python hello world
      world python python python python world world world hello hello python world
      world world python hello hello world hello python hello hello python world python
      hello python python hello world python python hello python hello python hello
      world python world python world python hello hello python hello python hello
      python world hello hello world hello hello hello world hello hello hello python
      hello python python hello world hello hello python hello hello python hello
      world world python hello hello world hello world hello world world python world
      hello hello hello world hello python python hello world hello world world python
      hello hello hello hello world world python world python python hello world python
      hello hello world world hello world world python hello python hello hello hello
      hello world world world world python hello world python hello python hello world
      python python hello python hello hello world python hello hello world python
      world python world world python world python python hello python python world
      hello python hello world world world python python world python world world
      hello world python python hello world hello world hello hello world python python
      python hello world hello python python hello world world world python world
      hello hello hello python world hello world python world world hello hello python
      hello world hello world python hello world python world hello python world python
      hello world hello python python python world hello python python python python
      world hello hello world python python hello python hello python python world
      hello python world world python hello hello world world world python hello hello
      world hello hello hello world python world world python hello world hello world
      python world world hello hello python python python python python hello python
      python hello python world world python python hello hello hello hello python
      python hello world hello world hello python world python python python world
      python world world hello hello hello python hello world world hello hello python
      python python hello world world world python python python world python hello
      python world hello hello world hello hello python python world python python
      world world world world hello hello hello hello hello hello world hello hello
      world hello hello python hello python hello hello world hello python hello python
      hello hello python hello hello python python hello world world hello world hello
      world hello hello hello world python hello python python world python python
      world python python hello world hello world world hello python world python
      world hello hello hello world python world python hello world hello world world
      python world hello world world hello hello hello hello hello world python world
      python world world hello hello world hello python python hello hello python
      python python hello hello world python world hello hello python world world
      hello world python hello world world python hello world python world python
      python python hello world hello world world python hello hello world hello world
      python python world world world hello python world python world world world
      hello python python python world python world hello python world python world
      hello world hello hello python hello world hello world world python python world
      world hello python world python hello world python hello hello world world world
      hello hello python python hello hello world python python hello hello world
      hello hello python hello python hello world hello hello hello hello python python
      world hello world world world python python python python python hello world
      hello hello hello python world hello hello world python python world hello hello
      python world hello hello python hello world world world hello hello hello hello
      python world hello hello python hello python python python python hello python
      world world python python world hello python python hello hello world world
      world python python python world world world hello python hello python world
      world python python world hello world python hello python world python python
      world world hello hello world hello python world python world python python
      python python world python world python hello python python python world world
      hello world hello world hello python world world world python world hello world
      hello python hello python hello python hello hello hello python world hello
      world world python world world world python python world hello hello world world
      python python python python hello hello hello world python world python world
      world world world python world hello hello python world hello world hello hello
      world python hello world python world python python python python hello hello
      world python python python hello hello hello hello python world world hello
      world python python world python python python python hello world python world
      hello python python world python python python python world world python world
      python hello python hello world python hello python world world world world
      hello hello hello python hello hello world hello world python world hello hello
      hello hello world hello hello hello world python hello hello hello python world
      world hello world hello python hello world python world python python python
      world hello world world python world world world python world hello world hello
      python python python world python world python world hello world hello hello
      python hello world hello world world hello hello python python world hello python
      world hello world hello hello hello hello hello python hello python world world
      hello hello python world python world world world world hello hello python python
      world hello world world world world world world python hello hello python hello
      world hello python hello world python python hello hello world python hello
      python world world hello world python python python hello hello hello world
      hello python python hello world hello hello hello python world python python
      python hello world python hello python world python hello world world hello
      python world python world python world world world world hello hello python
      world python python world python hello python python world python python python
      python world world hello world world python world hello python python python
      world world python hello hello python hello python python world hello hello
      world hello world world python hello hello hello hello world hello hello world
      world hello world hello world world hello hello python world world hello world
      python hello world hello world hello hello world hello hello world python hello
      python hello world world python python world world hello python python hello
      hello hello python python hello world python world hello hello hello hello world
      world world hello world hello world world hello world python hello world python
      world world hello world python world hello python python python hello python
      world hello python hello python world python python python world python hello
      python hello hello python hello python hello hello hello hello python world
      hello hello python world world python world python python python hello python
      hello world hello hello hello hello world world hello hello hello hello world
      world world world python python python world hello hello python world python
      python world python python world world world hello python python world python
      hello python hello python world hello hello world hello hello hello hello python
      python python python python hello python hello world python python world python
      python world world python hello hello world python hello python world world
      world hello world hello python python python world hello world python world
      hello python hello python world python python python hello world python hello
      hello world world python hello hello hello hello python world world world python
      python world hello python python python world python python python python hello
      python hello world python python world python world python world hello hello
      world hello world hello hello python python world hello python python python
      world hello python world world python python world hello hello python world
      python python hello hello hello hello world python hello python world world
      hello world python python python python world world python hello world python
      hello python python python python hello world world hello python world python
      hello world hello world python python world hello world hello hello python python
      world python python world hello hello hello hello world world world hello python
      hello python world world hello python world python world world hello world world
      python python python python hello python hello hello world world python hello
      hello hello world hello world python hello world python python hello world world
      world world python world python world world hello hello world python world python
      python hello hello hello python hello hello python hello python hello hello
      world hello world world python python hello python hello world python world
      world world world hello python hello world world hello python world world world
      world world hello world hello hello hello world hello python python world hello
      world hello hello hello python world hello hello hello hello world hello python
      world python hello python hello hello world python hello hello hello python
      world hello hello python hello python python python hello python world hello
      world world python hello world python hello python python python python hello
      hello hello world hello world world world world python world world python hello
      python world hello hello hello world hello python world python hello python
      hello world world python python world hello world world hello python python
      world hello python world hello world hello hello python hello python python
      python hello world python hello world python world world python world world
      hello hello python hello hello python hello world hello world world world python
      python hello world python world python hello python python hello hello world
      world world python hello hello hello python world python world world python
      python python world world world hello python hello python hello python hello
      hello python world world python python python hello python world python world
      world hello hello hello python hello python hello world world python python
      python world hello hello world world hello python hello world hello world hello
      hello python python world hello python world hello hello python world python
      world world world world hello python world hello world world hello world python
      hello hello hello python hello python world hello world hello world world world
      world python hello world python python python world python python python python
      python python world world hello hello world world python hello python python
      world python hello hello hello python hello python python python world world
      hello hello python world world python python hello python world python python
      hello hello world python python hello python python world hello world hello
      hello hello hello world python world world python hello python hello world world
      hello python world world hello python python world hello hello hello python
      hello hello world python world world world world hello python python python
      hello hello hello hello world python python python python hello python world
      hello world hello world hello world world python hello world world python python
      world python world hello python hello world python world python python world
      world hello hello python world python python hello hello hello hello hello hello
      python hello python world python world world hello hello world world world hello
      python python hello python python hello world python hello world world world
      python python python python python hello python world world world hello hello
      hello python python hello world hello world python world world hello world world
      python python world hello world python hello python hello hello python hello
      world world hello python python world world hello hello python python world
      world world world hello hello hello hello python python hello hello hello world
      python hello hello world hello python hello world world hello world hello world
      python python world hello hello world world python python world python hello
      hello python world world hello world world hello world python hello world hello
      hello world world python hello world python hello hello world world python world
      world python world python world world world world python hello world python
      world world hello world python world world hello hello world hello python hello
      hello python world hello python world python python hello hello hello world
      world hello hello hello python python python hello hello python python hello
      world hello hello hello world python python python world python world world
      python python world world python world python world python python python world
      world python hello hello hello hello python python hello world python world
      python world python hello world python world hello hello world hello python
      hello python world python world python hello hello world python hello hello
      python world hello hello python python python world world hello world hello
      world hello world python hello hello hello world python hello python python
      hello world hello hello world python python hello hello python python python
      world python python hello world hello python world hello hello python python
      python hello python world world python world hello python world world world
      hello hello world world world world hello hello python world hello hello python
      world hello hello hello python world python hello python world hello hello python
      python python hello python world hello hello hello hello hello python world
      world python hello python python python python world python python world hello
      hello hello python world hello world world python hello world hello hello python
      python world hello python python hello hello python world hello hello world
      python python hello python world python hello world python python world hello
      python hello world hello world python python hello python python hello hello
      hello hello hello world world python world hello python hello world hello python
      world hello world world world hello python python python world python python
      world world python hello hello hello python world hello world hello world python
      world world python world hello hello world hello python python python hello
      python world world hello world world world python python world world hello python
      python python world hello hello hello hello hello world hello python hello hello
      world world hello hello world hello world python hello hello hello python world
      hello world python python hello hello hello hello world python hello world python
      world world python hello world hello hello python hello python hello hello world
      python python python hello python world python world hello hello hello world
      hello world python world python python world python python hello world python
      hello world world world python world hello world python world world world python
      world hello python python python python hello world hello world world world
      hello world world hello world python world python python python world hello
      hello python hello python world python python hello world world world hello
      python python world world python hello python hello python world python world
      world python python python hello world python world hello python hello python
      hello hello world world python python world world hello hello world python python
      python hello world world python world world python world python hello world
      world python python hello hello world world hello world hello hello world world
      python python hello world hello hello hello python python world python hello
      world world python python hello world python hello python world hello hello
      world hello python hello hello python python python python hello world python
      python world world world world hello hello hello hello python hello world world
      world world python hello world hello python hello world world python hello python
      world python hello hello hello hello hello hello hello world world hello world
      world hello world hello python python hello hello python world python python
      hello hello hello python world hello hello python hello hello hello python world
      python hello python python world hello world python python world world python
      python world world python world world python hello python hello world python
      world hello world hello python world world python hello python world python
      python python hello world world python hello python world python world hello
      hello world world python python world hello hello world hello hello python world
      python world world python python hello world python python hello world python
      hello hello hello world python hello world hello world hello python hello hello
      world world python world world hello world world hello python python python
      world world world python hello python world hello world python hello hello hello
      python hello world hello python world world hello world world world hello world
      hello python hello world hello python hello hello hello world hello hello python
      world hello hello hello world hello python python python world world world python
      hello hello world world world python world world hello world world world python
      python hello hello hello world python hello world python python python world
      world world hello hello hello python hello world hello world hello world hello
      python hello world hello hello world python hello hello hello world world world
      hello world hello hello python python world world world world world world python
      python world python hello python hello hello world world hello hello world python
      python world hello hello python world python python python hello hello world
      python python hello python world world world python hello world hello hello
      world world hello world world python python python hello hello python python
      world hello python world hello python world python python python world hello
      world python hello python world hello world hello hello python hello world world
      world hello python world python python world hello world python hello python
      python python hello world world hello python python hello world world hello
      world python python world world python python world hello hello python hello
      hello hello hello world python world hello python hello python hello python
      hello hello python hello world python hello python world world python world
      python python world hello python hello world python world hello world python
      python hello python world python hello python python hello world world python
      world hello hello hello hello python world python python world world world python
      hello world world python world python world world hello world world hello world
      python python hello world world python hello python hello world hello python
      python world python world world hello hello world python world hello world world
      world hello hello hello world hello world hello python hello python python hello
      world world world hello hello world hello hello hello python world python world
      python world world hello world python world hello hello world python world world
      python world hello hello hello python hello world hello world hello python python
      hello python python hello hello python python hello world hello hello python
      python python hello python hello hello world python hello hello hello world
      python hello hello world hello world python python python world world hello
      hello python hello python hello hello python world hello hello world python
      hello world world hello world hello hello python python hello hello hello hello
      world hello hello hello hello python hello hello python world hello hello world
      python hello world hello world hello python python world world python hello
      hello world world hello python python world world world world world hello hello
      python world hello python hello hello python python world python hello world
      hello hello world world world python hello world world hello python hello hello
      python python python world python python world hello world python world python
      python hello python python world world hello hello python world hello hello
      world python hello world hello python python hello hello python world hello
      python world world hello python hello hello python python hello hello hello
      python hello python hello world world world python world python world hello
      world python python python python python python hello hello hello hello hello
      python hello python python python world world hello world world world hello
      python python python hello world world python python python world world hello
      hello python world python python python world python python python world python
      hello python world python hello world hello world hello hello python hello python
      hello python hello python world world world hello python hello hello world python
      world world world hello hello python world hello world hello world world hello
      world hello world hello python hello python hello python world world hello hello
      world hello hello python python hello world hello python world hello hello hello
      world world python hello hello hello world python python world world python
      python python hello python world hello python python world python hello hello
      hello hello hello hello python python world world world world python python
      world python hello python world python python python python python hello world
      world world python python hello hello python hello world world world world world
      world hello hello hello world python hello world world world hello python python
      python python python python world python hello hello hello python python python
      world python world hello hello python world world hello python world hello hello
      python world world world world world world hello world hello python hello world
      hello world world hello python hello python hello python python hello world
      world world hello hello world world python python world python hello hello python
      python hello world python hello hello world python world python python world
      hello world world hello hello python world world world world python world python
      python hello python python python python hello world world world hello world
      hello python hello world hello python hello hello world python world python
      world world hello world python world world world hello python hello python world
      hello hello hello python world world hello hello hello world world python hello
      hello world hello python python world hello world hello hello python hello world
      hello python hello python hello hello python python world python world python
      world hello python hello world world world world world world hello world hello
      python world python python python world world hello hello hello hello world
      world world world world world world world hello world hello python hello world
      world hello world world python python python world world hello python python
      hello python world hello hello world hello world world hello hello world python
      hello world hello hello hello world world python world world hello world hello
      hello hello hello python hello hello python python hello python python hello
      hello world python world hello python world hello python world world hello hello
      python world python hello world hello python python world world hello python
      hello world world world hello hello python world python hello python hello world
      world python hello python python hello world hello python hello hello python
      python hello hello world world python world hello world world world world hello
      python python python hello world world python python hello world hello python
      world hello world hello world world hello world hello python world world python
      world hello hello hello hello python python python python python python python
      python hello hello hello hello hello hello world python hello world python world
      hello python world hello python hello hello python world python world python
      hello python python world python hello world python world world world python
      world hello python hello world hello hello world python python python world
      hello hello hello hello hello python world world world python python hello world
      python world python hello world python hello world world world python python
      hello world hello world world world python hello hello world python hello world
      python hello world world python hello world world world hello python world python
      python python python hello python hello hello python world hello world world
      world world hello world hello python python hello world world hello hello python
      hello hello world python hello world hello python hello python world hello hello
      hello world hello hello world world hello hello hello world world hello python
      world hello python hello python python python world hello world world world
      hello python hello hello hello world hello python world hello hello world python
      python python python python python world python hello python python python hello
      world hello python world world python world python hello python world python
      world world world world hello python world python hello python hello world world
      world world hello python hello python python python world python python python
      hello world hello python hello python world world python python hello hello
      python hello hello python python world world world python python world world
      python python hello world hello hello python world world python hello world
      hello hello hello hello world python python hello python hello world python
      python python python hello hello python hello world hello python world python
      python python hello world hello world world hello python python python python
      hello python python hello world python hello world hello hello python python
      world world hello world world python world hello python world world hello python
      python hello hello hello world python world world world world world hello python
      python world python python python world world world hello hello hello hello
      hello python python hello world hello python world world hello world hello python
      python python world world world world hello hello python hello world world world
      world python python world python world hello python python world python python
      world python hello python hello python hello world hello hello hello python
      hello world python hello hello world python world world world hello world world
      world hello hello hello python hello python python hello python hello hello
      python world python world hello hello world world python python python python
      python world hello hello hello world hello world world world hello world world
      python world world python python python world hello python hello hello hello
      world python world world world python world world world world world world world
      world python python python python world hello world hello hello world hello
      python world hello hello world world world world python world world hello world
      world python hello world python world hello python python python python world
      python hello python hello hello python python python hello python world python
      python hello python world python hello world python python world hello hello
      world python hello hello hello python world python hello python hello python
      hello python python hello python hello python hello python python python python
      world hello python hello hello world hello hello world world python hello python
      hello hello python hello world hello hello hello python python python python
      python world hello world python hello python python python world world world
      world world world python world hello hello python python hello world python
      hello world world world world python python python world python python world
      world world world python world world python python hello hello world hello world
      python world python hello world world python hello python python world python
      world hello python world world world python hello hello hello python world world
      python python hello python python hello hello world python world hello python
      hello world python hello python hello world world hello hello world hello world
      python world python python world hello hello hello python hello python hello
      world hello python python world hello hello python hello hello world python
      world python python world hello python hello python python world hello world
      python world world python hello hello world python python world world python
      python hello python python hello python world hello hello world world hello
      world python world world hello hello hello world world python hello world hello
      world hello python hello hello hello world hello world world hello world python
      world python python hello world hello hello world python world hello hello world
      hello python world python hello python world hello world hello hello hello hello
      python hello world python hello python world hello world python world hello
      world python hello world python python'
    headers:
      Accept:
      - '*/*'
      Accept-Encoding:
      - gzip, deflate
      Connection:
      - keep-alive
      Content-Length:
      - '32770'
      Content-Type:
      - application/octet-stream
      User-Agent:
      - azsdk-python-storage-file/12.0.0b1 Python/3.7.3 (Windows-10-10.0.17763-SP0)
      x-ms-client-request-id:
      - 557fd182-b4b8-11e9-939d-2816a845e8c6
      x-ms-date:
      - Thu, 01 Aug 2019 23:59:01 GMT
      x-ms-range:
      - bytes=0-32769
      x-ms-version:
      - '2018-11-09'
      x-ms-write:
      - update
    method: PUT
    uri: https://remotestoragename.file.core.windows.net/utsharedfa413a7/utdirdfa413a7/filedfa413a7?comp=range
  response:
    body:
      string: ''
    headers:
      Content-Length:
      - '0'
      Content-MD5:
      - brfBmdYPzQQKYQ22uT/2wQ==
      Date:
      - Thu, 01 Aug 2019 23:58:57 GMT
      ETag:
      - '"0x8D716DC38044D5E"'
      Last-Modified:
      - Thu, 01 Aug 2019 23:58:58 GMT
      Server:
      - Windows-Azure-File/1.0 Microsoft-HTTPAPI/2.0
      x-ms-request-id:
      - 71ef289a-101a-00de-7ac5-4868c0000000
      x-ms-request-server-encrypted:
      - 'true'
      x-ms-version:
      - '2018-11-09'
    status:
      code: 201
      message: Created
- request:
    body: null
    headers:
      Accept:
      - application/xml
      Accept-Encoding:
      - gzip, deflate
      Connection:
      - keep-alive
      User-Agent:
      - azsdk-python-storage-file/12.0.0b1 Python/3.7.3 (Windows-10-10.0.17763-SP0)
      content-type:
      - application/xml; charset=utf-8
      x-ms-client-request-id:
      - 558f0ae8-b4b8-11e9-b097-2816a845e8c6
      x-ms-date:
      - Thu, 01 Aug 2019 23:59:01 GMT
      x-ms-range:
      - bytes=0-32767
      x-ms-version:
      - '2018-11-09'
    method: GET
    uri: https://remotestoragename.file.core.windows.net/utsharedfa413a7/utdirdfa413a7/filedfa413a7
  response:
    body:
      string: ' hello python world hello world world hello world python python python
        python hello world python python world python python world world python hello
        python python world python python hello python python world python hello world
        hello python hello hello world python python world python hello hello hello
        python world hello hello hello hello world hello world world world python
        world world hello world world world hello python world python python world
        hello python world world python hello world python python python world hello
        hello python python hello python hello python hello hello python python world
        python python hello python python world python hello python hello hello hello
        world world hello hello python hello world world python hello hello hello
        python hello world hello world hello world world python hello hello hello
        hello python hello world python world python python world hello hello world
        world world python hello hello hello python python hello python hello world
        world hello world hello python world python python python python hello world
        hello world hello world world world world world hello python hello hello python
        hello python world python hello world python python hello hello hello hello
        python hello world world world hello python hello world world hello hello
        python world python python hello world hello hello world world python hello
        world world world python hello python hello python hello world hello world
        python hello python world python hello world world python world hello world
        hello hello python python python world hello python hello world world hello
        world hello python world world python hello python python world python world
        hello world world hello world world python python world hello hello world
        world hello python hello world hello python python world world world python
        hello python python python hello python python python python python hello
        world world hello hello python world python hello hello world world python
        hello python python world python hello python hello python python python python
        python hello python hello world world python hello hello hello world hello
        world world hello world world hello world python hello world hello world world
        world python python world hello python world hello world hello python hello
        world python world hello python hello python hello python hello world python
        world python hello python hello python hello python python python world world
        python python world python hello hello hello python python world world python
        world world world world hello hello python world python world world world
        world python hello hello world python world hello hello hello world hello
        python hello hello python python python world python python world python world
        world hello hello python python python world python hello hello world world
        hello hello python world hello world hello python hello hello hello hello
        hello hello python hello world python world hello world hello python python
        hello python hello world world world world hello world hello world hello hello
        world hello world python hello world hello hello hello world world hello python
        python python hello world python world python hello hello hello world world
        world python hello world world world world hello world hello hello hello hello
        hello hello world world world world world hello world hello world hello hello
        world hello python hello world world python hello world world world world
        world world hello hello python python python hello hello hello hello python
        python python hello python hello hello world hello world hello world python
        hello python python python python python python python python world hello
        python python hello world world python python python python world world world
        hello hello python world world world python hello hello world hello python
        hello hello python world python hello python python hello world python python
        hello python hello python hello world python world python world python hello
        hello python hello python hello python world hello hello world hello hello
        hello world hello hello hello python hello python python hello world hello
        hello python hello hello python hello world world python hello hello world
        hello world hello world world python world hello hello hello world hello python
        python hello world hello world world python hello hello hello hello world
        world python world python python hello world python hello hello world world
        hello world world python hello python hello hello hello hello world world
        world world python hello world python hello python hello world python python
        hello python hello hello world python hello hello world python world python
        world world python world python python hello python python world hello python
        hello world world world python python world python world world hello world
        python python hello world hello world hello hello world python python python
        hello world hello python python hello world world world python world hello
        hello hello python world hello world python world world hello hello python
        hello world hello world python hello world python world hello python world
        python hello world hello python python python world hello python python python
        python world hello hello world python python hello python hello python python
        world hello python world world python hello hello world world world python
        hello hello world hello hello hello world python world world python hello
        world hello world python world world hello hello python python python python
        python hello python python hello python world world python python hello hello
        hello hello python python hello world hello world hello python world python
        python python world python world world hello hello hello python hello world
        world hello hello python python python hello world world world python python
        python world python hello python world hello hello world hello hello python
        python world python python world world world world hello hello hello hello
        hello hello world hello hello world hello hello python hello python hello
        hello world hello python hello python hello hello python hello hello python
        python hello world world hello world hello world hello hello hello world python
        hello python python world python python world python python hello world hello
        world world hello python world python world hello hello hello world python
        world python hello world hello world world python world hello world world
        hello hello hello hello hello world python world python world world hello
        hello world hello python python hello hello python python python hello hello
        world python world hello hello python world world hello world python hello
        world world python hello world python world python python python hello world
        hello world world python hello hello world hello world python python world
        world world hello python world python world world world hello python python
        python world python world hello python world python world hello world hello
        hello python hello world hello world world python python world world hello
        python world python hello world python hello hello world world world hello
        hello python python hello hello world python python hello hello world hello
        hello python hello python hello world hello hello hello hello python python
        world hello world world world python python python python python hello world
        hello hello hello python world hello hello world python python world hello
        hello python world hello hello python hello world world world hello hello
        hello hello python world hello hello python hello python python python python
        hello python world world python python world hello python python hello hello
        world world world python python python world world world hello python hello
        python world world python python world hello world python hello python world
        python python world world hello hello world hello python world python world
        python python python python world python world python hello python python
        python world world hello world hello world hello python world world world
        python world hello world hello python hello python hello python hello hello
        hello python world hello world world python world world world python python
        world hello hello world world python python python python hello hello hello
        world python world python world world world world python world hello hello
        python world hello world hello hello world python hello world python world
        python python python python hello hello world python python python hello hello
        hello hello python world world hello world python python world python python
        python python hello world python world hello python python world python python
        python python world world python world python hello python hello world python
        hello python world world world world hello hello hello python hello hello
        world hello world python world hello hello hello hello world hello hello hello
        world python hello hello hello python world world hello world hello python
        hello world python world python python python world hello world world python
        world world world python world hello world hello python python python world
        python world python world hello world hello hello python hello world hello
        world world hello hello python python world hello python world hello world
        hello hello hello hello hello python hello python world world hello hello
        python world python world world world world hello hello python python world
        hello world world world world world world python hello hello python hello
        world hello python hello world python python hello hello world python hello
        python world world hello world python python python hello hello hello world
        hello python python hello world hello hello hello python world python python
        python hello world python hello python world python hello world world hello
        python world python world python world world world world hello hello python
        world python python world python hello python python world python python python
        python world world hello world world python world hello python python python
        world world python hello hello python hello python python world hello hello
        world hello world world python hello hello hello hello world hello hello world
        world hello world hello world world hello hello python world world hello world
        python hello world hello world hello hello world hello hello world python
        hello python hello world world python python world world hello python python
        hello hello hello python python hello world python world hello hello hello
        hello world world world hello world hello world world hello world python hello
        world python world world hello world python world hello python python python
        hello python world hello python hello python world python python python world
        python hello python hello hello python hello python hello hello hello hello
        python world hello hello python world world python world python python python
        hello python hello world hello hello hello hello world world hello hello hello
        hello world world world world python python python world hello hello python
        world python python world python python world world world hello python python
        world python hello python hello python world hello hello world hello hello
        hello hello python python python python python hello python hello world python
        python world python python world world python hello hello world python hello
        python world world world hello world hello python python python world hello
        world python world hello python hello python world python python python hello
        world python hello hello world world python hello hello hello hello python
        world world world python python world hello python python python world python
        python python python hello python hello world python python world python world
        python world hello hello world hello world hello hello python python world
        hello python python python world hello python world world python python world
        hello hello python world python python hello hello hello hello world python
        hello python world world hello world python python python python world world
        python hello world python hello python python python python hello world world
        hello python world python hello world hello world python python world hello
        world hello hello python python world python python world hello hello hello
        hello world world world hello python hello python world world hello python
        world python world world hello world world python python python python hello
        python hello hello world world python hello hello hello world hello world
        python hello world python python hello world world world world python world
        python world world hello hello world python world python python hello hello
        hello python hello hello python hello python hello hello world hello world
        world python python hello python hello world python world world world world
        hello python hello world world hello python world world world world world
        hello world hello hello hello world hello python python world hello world
        hello hello hello python world hello hello hello hello world hello python
        world python hello python hello hello world python hello hello hello python
        world hello hello python hello python python python hello python world hello
        world world python hello world python hello python python python python hello
        hello hello world hello world world world world python world world python
        hello python world hello hello hello world hello python world python hello
        python hello world world python python world hello world world hello python
        python world hello python world hello world hello hello python hello python
        python python hello world python hello world python world world python world
        world hello hello python hello hello python hello world hello world world
        world python python hello world python world python hello python python hello
        hello world world world python hello hello hello python world python world
        world python python python world world world hello python hello python hello
        python hello hello python world world python python python hello python world
        python world world hello hello hello python hello python hello world world
        python python python world hello hello world world hello python hello world
        hello world hello hello python python world hello python world hello hello
        python world python world world world world hello python world hello world
        world hello world python hello hello hello python hello python world hello
        world hello world world world world python hello world python python python
        world python python python python python python world world hello hello world
        world python hello python python world python hello hello hello python hello
        python python python world world hello hello python world world python python
        hello python world python python hello hello world python python hello python
        python world hello world hello hello hello hello world python world world
        python hello python hello world world hello python world world hello python
        python world hello hello hello python hello hello world python world world
        world world hello python python python hello hello hello hello world python
        python python python hello python world hello world hello world hello world
        world python hello world world python python world python world hello python
        hello world python world python python world world hello hello python world
        python python hello hello hello hello hello hello python hello python world
        python world world hello hello world world world hello python python hello
        python python hello world python hello world world world python python python
        python python hello python world world world hello hello hello python python
        hello world hello world python world world hello world world python python
        world hello world python hello python hello hello python hello world world
        hello python python world world hello hello python python world world world
        world hello hello hello hello python python hello hello hello world python
        hello hello world hello python hello world world hello world hello world python
        python world hello hello world world python python world python hello hello
        python world world hello world world hello world python hello world hello
        hello world world python hello world python hello hello world world python
        world world python world python world world world world python hello world
        python world world hello world python world world hello hello world hello
        python hello hello python world hello python world python python hello hello
        hello world world hello hello hello python python python hello hello python
        python hello world hello hello hello world python python python world python
        world world python python world world python world python world python python
        python world world python hello hello hello hello python python hello world
        python world python world python hello world python world hello hello world
        hello python hello python world python world python hello hello world python
        hello hello python world hello hello python python python world world hello
        world hello world hello world python hello hello hello world python hello
        python python hello world hello hello world python python hello hello python
        python python world python python hello world hello python world hello hello
        python python python hello python world world python world hello python world
        world world hello hello world world world world hello hello python world hello
        hello python world hello hello hello python world python hello python world
        hello hello python python python hello python world hello hello hello hello
        hello python world world python hello python python python python world python
        python world hello hello hello python world hello world world python hello
        world hello hello python python world hello python python hello hello python
        world hello hello world python python hello python world python hello world
        python python world hello python hello world hello world python python hello
        python python hello hello hello hello hello world world python world hello
        python hello world hello python world hello world world world hello python
        python python world python python world world python hello hello hello python
        world hello world hello world python world world python world hello hello
        world hello python python python hello python world world hello world world
        world python python world world hello python python python world hello hello
        hello hello hello world hello python hello hello world world hello hello world
        hello world python hello hello hello python world hello world python python
        hello hello hello hello world python hello world python world world python
        hello world hello hello python hello python hello hello world python python
        python hello python world python world hello hello hello world hello world
        python world python python world python python hello world python hello world
        world world python world hello world python world world world python world
        hello python python python python hello world hello world world world hello
        world world hello world python world python python python world hello hello
        python hello python world python python hello world world world hello python
        python world world python hello python hello python world python world world
        python python python hello world python world hello python hello python hello
        hello world world python python world world hello hello world python python
        python hello world world python world world python world python hello world
        world python python hello hello world world hello world hello hello world
        world python python hello world hello hello hello python python world python
        hello world world python python hello world python hello python world hello
        hello world hello python hello hello python python python python hello world
        python python world world world world hello hello hello hello python hello
        world world world world python hello world hello python hello world world
        python hello python world python hello hello hello hello hello hello hello
        world world hello world world hello world hello python python hello hello
        python world python python hello hello hello python world hello hello python
        hello hello hello python world python hello python python world hello world
        python python world world python python world world python world world python
        hello python hello world python world hello world hello python world world
        python hello python world python python python hello world world python hello
        python world python world hello hello world world python python world hello
        hello world hello hello python world python world world python python hello
        world python python hello world python hello hello hello world python hello
        world hello world hello python hello hello world world python world world
        hello world world hello python python python world world world python hello
        python world hello world python hello hello hello python hello world hello
        python world world hello world world world hello world hello python hello
        world hello python hello hello hello world hello hello python world hello
        hello hello world hello python python python world world world python hello
        hello world world world python world world hello world world world python
        python hello hello hello world python hello world python python python world
        world world hello hello hello python hello world hello world hello world hello
        python hello world hello hello world python hello hello hello world world
        world hello world hello hello python python world world world world world
        world python python world python hello python hello hello world world hello
        hello world python python world hello hello python world python python python
        hello hello world python python hello python world world world python hello
        world hello hello world world hello world world python python python hello
        hello python python world hello python world hello python world python python
        python world hello world python hello python world hello world hello hello
        python hello world world world hello python world python python world hello
        world python hello python python python hello world world hello python python
        hello world world hello world python python world world python python world
        hello hello python hello hello hello hello world python world hello python
        hello python hello python hello hello python hello world python hello python
        world world python world python python world hello python hello world python
        world hello world python python hello python world python hello python python
        hello world world python world hello hello hello hello python world python
        python world world world python hello world world python world python world
        world hello world world hello world python python hello world world python
        hello python hello world hello python python world python world world hello
        hello world python world hello world world world hello hello hello world hello
        world hello python hello python python hello world world world hello hello
        world hello hello hello python world python world python world world hello
        world python world hello hello world python world world python world hello
        hello hello python hello world hello world hello python python hello python
        python hello hello python python hello world hello hello python python python
        hello python hello hello world python hello hello hello world python hello
        hello world hello world python python python world world hello hello python
        hello python hello hello python world hello hello world python hello world
        world hello world hello hello python python hello hello hello hello world
        hello hello hello hello python hello hello python world hello hello world
        python hello world hello world hello python python world world python hello
        hello world world hello python python world world world world world hello
        hello python world hello python hello hello python python world python hello
        world hello hello world world world python hello world world hello python
        hello hello python python python world python python world hello world python
        world python python hello python python world world hello hello python world
        hello hello world python hello world hello python python hello hello python
        world hello python world world hello python hello hello python python hello
        hello hello python hello python hello world world world python world python
        world hello world python python python python python python hello hello hello
        hello hello python hello python python python world world hello world world
        world hello python python python hello world world python python python world
        world hello hello python world python python python world python python python
        world python hello python world python hello world hello world hello hello
        python hello python hello python hello python world world world hello python
        hello hello world python world world world hello hello python world hello
        world hello world world hello world hello world hello python hello python
        hello python world world hello hello world hello hello python python hello
        world hello python world hello hello hello world world python hello hello
        hello world python python world world python python python hello python world
        hello python python world python hello hello hello hello hello hello python
        python world world world world python python world python hello python world
        python python python python python hello world world world python python hello
        hello python hello world world world world world world hello hello hello world
        python hello world world world hello python python python python python python
        world python hello hello hello python python python world python world hello
        hello python world world hello python world hello hello python world world
        world world world world hello world hello python hello world hello world world
        hello python hello python hello python python hello world world world hello
        hello world world python python world python hello hello python python hello
        world python hello hello world python world python python world hello world
        world hello hello python world world world world python world python python
        hello python python python python hello world world world hello world hello
        python hello world hello python hello hello world python world python world
        world hello world python world world world hello python hello python world
        hello hello hello python world world hello hello hello world world python
        hello hello world hello python python world hello world hello hello python
        hello world hello python hello python hello hello python python world python
        world python world hello python hello world world world world world world
        hello world hello python world python python python world world hello hello
        hello hello world world world world world world world world hello world hello
        python hello world world hello world world python python python world world
        hello python python hello python world hello hello world hello world world
        hello hello world python hello world hello hello hello world world python
        world world hello world hello hello hello hello python hello hello python
        python hello python python hello hello world python world hello python world
        hello python world world hello hello python world python hello world hello
        python python world world hello python hello world world world hello hello
        python world python hello python hello world world python hello python python
        hello world hello python hello hello python python hello hello world world
        python world hello world world world world hello python python python hello
        world world python python hello world hello python world hello world hello
        world world hello world hello python world world python world hello hello
        hello hello python python python python python python python python hello
        hello hello hello hello hello world python hello world python world hello
        python world hello python hello hello python world python world python hello
        python python world python hello world python world world world python world
        hello python hello world hello hello world python python python world hello
        hello hello hello hello python world world world python python hello world
        python world python hello world python hello world world world python python
        hello world hello world world world python hello hello world python hello
        world python hello world world python hello world world world hello python
        world python python python python hello python hello hello python world hello
        world world world world hello world hello python python hello world world
        hello hello python hello hello world python hello world hello python hello
        python world hello hello hello world hello hello world world hello hello hello
        world world hello python world hello python hello python python python world
        hello world world world hello python hello hello hello world hello python
        world hello hello world python python python python python python world python
        hello python python python hello world hello python world world python world
        python hello python world python world world world world hello python world
        python hello python hello world world world world hello python hello python
        python python world python python python hello world hello python hello python
        world world python python hello hello python hello hello python python world
        world world python python world world python python hello world hello hello
        python world world python hello world hello hello hello hello world python
        python hello python hello world python python python python hello hello python
        hello world hello python world python python python hello world hello world
        world hello python python python python hello python python hello world python
        hello world hello hello python python world world hello world world python
        world hello python world world hello python python hello hello hello world
        python world world world world world hello python python world python python
        python world world world hello hello hello hello hello python python hello
        world hello python world world hello world hello python python python world
        world world world hello hello python hello world world world world python
        python world python world hello python python world python python world python
        hello python hello python hello world hello hello hello python hello world
        python hello hello world python world world world hello world world world
        hello hello hello python hello python python hello python hello hello python
        world python world hello hello world world python python python python python
        world hello hello hello world hello world world world hello world world python
        world world python python python world hello python hello hello hello world
        python world world world python world world world world world world world
        world python python python python world hello world hello hello world hello
        python world hello hello world world world world python world world hello
        world world python hello world python world hello python python python python
        world python hello python hello hello python python python hello python world
        python python hello python world python hello world python python world hello
        hello world python hello hello hello python world python hello python hello
        python hello python python hello python hello python hello python python python
        python world hello python hello hello world hello hello world world python
        hello python hello hello python hello world hello hello hello python python
        python python python world hello world python hello python python python world
        world world world world world python world hello hello python python hello
        world python hello world world world world python python python world python
        python world world world world python world world python python hello hello
        world hello world python world python hello world world python hello python
        python world python world hello python world world world python hello hello
        hello python world world python python hello python python hello hello world
        python world hello python hello world python hello python hello world world
        hello hello world hello world python world python python world hello hello
        hello python hello python hello world hello python python world hello hello
        python hello hello world python world python python world hello python hello
        python python world hello world python world world python hello hello world
        python python world world python python hello python python hello python world
        hello hello world world hello world python world world hello hello hello world
        world python hello world hello world hello python hello hello hello world
        hello world world hello world python world python python hello world hello
        hello world python world hello hello world hello python world python hello
        python world hello world hello hello hello hello python hello world python
        hello python world hello world python world hello world python hello world
        python pyth'
    headers:
      Accept-Ranges:
      - bytes
      Content-Length:
      - '32768'
      Content-Range:
      - bytes 0-32767/32770
      Content-Type:
      - application/xml; charset=utf-8
      Date:
      - Thu, 01 Aug 2019 23:58:57 GMT
      ETag:
      - '"0x8D716DC38044D5E"'
      Last-Modified:
      - Thu, 01 Aug 2019 23:58:58 GMT
      Server:
      - Windows-Azure-File/1.0 Microsoft-HTTPAPI/2.0
      Vary:
      - Origin
      x-ms-request-id:
      - 71ef289c-101a-00de-7bc5-4868c0000000
      x-ms-server-encrypted:
      - 'true'
      x-ms-type:
      - File
      x-ms-version:
      - '2018-11-09'
    status:
      code: 206
      message: Partial Content
- request:
    body: null
    headers:
      Accept:
      - application/xml
      Accept-Encoding:
      - gzip, deflate
      Connection:
      - keep-alive
      User-Agent:
      - azsdk-python-storage-file/12.0.0b1 Python/3.7.3 (Windows-10-10.0.17763-SP0)
      content-type:
      - application/xml; charset=utf-8
      x-ms-client-request-id:
      - 55a03d42-b4b8-11e9-9ee3-2816a845e8c6
      x-ms-date:
      - Thu, 01 Aug 2019 23:59:01 GMT
      x-ms-range:
      - bytes=32768-32769
      x-ms-version:
      - '2018-11-09'
    method: GET
    uri: https://remotestoragename.file.core.windows.net/utsharedfa413a7/utdirdfa413a7/filedfa413a7
  response:
    body:
      string: 'on'
    headers:
      Accept-Ranges:
      - bytes
      Content-Length:
      - '2'
      Content-Range:
      - bytes 32768-32769/32770
      Content-Type:
      - application/xml; charset=utf-8
      Date:
      - Thu, 01 Aug 2019 23:58:57 GMT
      ETag:
      - '"0x8D716DC38044D5E"'
      Last-Modified:
      - Thu, 01 Aug 2019 23:58:58 GMT
      Server:
      - Windows-Azure-File/1.0 Microsoft-HTTPAPI/2.0
      Vary:
      - Origin
      x-ms-request-id:
      - 71ef289d-101a-00de-7cc5-4868c0000000
      x-ms-server-encrypted:
      - 'true'
      x-ms-type:
      - File
      x-ms-version:
      - '2018-11-09'
    status:
      code: 206
      message: Partial Content
- request:
    body: null
    headers:
      Accept:
      - '*/*'
      Accept-Encoding:
      - gzip, deflate
      Connection:
      - keep-alive
      Content-Length:
      - '0'
      User-Agent:
      - azsdk-python-storage-file/12.0.0b1 Python/3.7.3 (Windows-10-10.0.17763-SP0)
      content-type:
      - application/xml; charset=utf-8
      x-ms-client-request-id:
      - 051650de-b4ba-11e9-a10d-2816a845e8c6
      x-ms-content-length:
      - '32770'
      x-ms-date:
      - Fri, 02 Aug 2019 00:11:05 GMT
      x-ms-type:
      - file
      x-ms-version:
      - '2018-11-09'
    method: PUT
    uri: https://storagename.file.core.windows.net/utsharedfa413a7/utdirdfa413a7/filedfa413a7
  response:
    body:
      string: ''
    headers:
      Content-Length:
      - '0'
      Date:
      - Fri, 02 Aug 2019 00:11:02 GMT
      ETag:
      - '"0x8D716DDE7BBB324"'
      Last-Modified:
      - Fri, 02 Aug 2019 00:11:02 GMT
      Server:
      - Windows-Azure-File/1.0 Microsoft-HTTPAPI/2.0
      x-ms-request-id:
      - 9a137bdf-701a-00ce-60c6-485e26000000
      x-ms-request-server-encrypted:
      - 'true'
      x-ms-version:
      - '2018-11-09'
    status:
      code: 201
      message: Created
- request:
    body: ' hello python world hello world world hello world python python python
      python hello world python python world python python world world python hello
      python python world python python hello python python world python hello world
      hello python hello hello world python python world python hello hello hello
      python world hello hello hello hello world hello world world world python world
      world hello world world world hello python world python python world hello python
      world world python hello world python python python world hello hello python
      python hello python hello python hello hello python python world python python
      hello python python world python hello python hello hello hello world world
      hello hello python hello world world python hello hello hello python hello world
      hello world hello world world python hello hello hello hello python hello world
      python world python python world hello hello world world world python hello
      hello hello python python hello python hello world world hello world hello python
      world python python python python hello world hello world hello world world
      world world world hello python hello hello python hello python world python
      hello world python python hello hello hello hello python hello world world world
      hello python hello world world hello hello python world python python hello
      world hello hello world world python hello world world world python hello python
      hello python hello world hello world python hello python world python hello
      world world python world hello world hello hello python python python world
      hello python hello world world hello world hello python world world python hello
      python python world python world hello world world hello world world python
      python world hello hello world world hello python hello world hello python python
      world world world python hello python python python hello python python python
      python python hello world world hello hello python world python hello hello
      world world python hello python python world python hello python hello python
      python python python python hello python hello world world python hello hello
      hello world hello world world hello world world hello world python hello world
      hello world world world python python world hello python world hello world hello
      python hello world python world hello python hello python hello python hello
      world python world python hello python hello python hello python python python
      world world python python world python hello hello hello python python world
      world python world world world world hello hello python world python world world
      world world python hello hello world python world hello hello hello world hello
      python hello hello python python python world python python world python world
      world hello hello python python python world python hello hello world world
      hello hello python world hello world hello python hello hello hello hello hello
      hello python hello world python world hello world hello python python hello
      python hello world world world world hello world hello world hello hello world
      hello world python hello world hello hello hello world world hello python python
      python hello world python world python hello hello hello world world world python
      hello world world world world hello world hello hello hello hello hello hello
      world world world world world hello world hello world hello hello world hello
      python hello world world python hello world world world world world world hello
      hello python python python hello hello hello hello python python python hello
      python hello hello world hello world hello world python hello python python
      python python python python python python world hello python python hello world
      world python python python python world world world hello hello python world
      world world python hello hello world hello python hello hello python world python
      hello python python hello world python python hello python hello python hello
      world python world python world python hello hello python hello python hello
      python world hello hello world hello hello hello world hello hello hello python
      hello python python hello world hello hello python hello hello python hello
      world world python hello hello world hello world hello world world python world
      hello hello hello world hello python python hello world hello world world python
      hello hello hello hello world world python world python python hello world python
      hello hello world world hello world world python hello python hello hello hello
      hello world world world world python hello world python hello python hello world
      python python hello python hello hello world python hello hello world python
      world python world world python world python python hello python python world
      hello python hello world world world python python world python world world
      hello world python python hello world hello world hello hello world python python
      python hello world hello python python hello world world world python world
      hello hello hello python world hello world python world world hello hello python
      hello world hello world python hello world python world hello python world python
      hello world hello python python python world hello python python python python
      world hello hello world python python hello python hello python python world
      hello python world world python hello hello world world world python hello hello
      world hello hello hello world python world world python hello world hello world
      python world world hello hello python python python python python hello python
      python hello python world world python python hello hello hello hello python
      python hello world hello world hello python world python python python world
      python world world hello hello hello python hello world world hello hello python
      python python hello world world world python python python world python hello
      python world hello hello world hello hello python python world python python
      world world world world hello hello hello hello hello hello world hello hello
      world hello hello python hello python hello hello world hello python hello python
      hello hello python hello hello python python hello world world hello world hello
      world hello hello hello world python hello python python world python python
      world python python hello world hello world world hello python world python
      world hello hello hello world python world python hello world hello world world
      python world hello world world hello hello hello hello hello world python world
      python world world hello hello world hello python python hello hello python
      python python hello hello world python world hello hello python world world
      hello world python hello world world python hello world python world python
      python python hello world hello world world python hello hello world hello world
      python python world world world hello python world python world world world
      hello python python python world python world hello python world python world
      hello world hello hello python hello world hello world world python python world
      world hello python world python hello world python hello hello world world world
      hello hello python python hello hello world python python hello hello world
      hello hello python hello python hello world hello hello hello hello python python
      world hello world world world python python python python python hello world
      hello hello hello python world hello hello world python python world hello hello
      python world hello hello python hello world world world hello hello hello hello
      python world hello hello python hello python python python python hello python
      world world python python world hello python python hello hello world world
      world python python python world world world hello python hello python world
      world python python world hello world python hello python world python python
      world world hello hello world hello python world python world python python
      python python world python world python hello python python python world world
      hello world hello world hello python world world world python world hello world
      hello python hello python hello python hello hello hello python world hello
      world world python world world world python python world hello hello world world
      python python python python hello hello hello world python world python world
      world world world python world hello hello python world hello world hello hello
      world python hello world python world python python python python hello hello
      world python python python hello hello hello hello python world world hello
      world python python world python python python python hello world python world
      hello python python world python python python python world world python world
      python hello python hello world python hello python world world world world
      hello hello hello python hello hello world hello world python world hello hello
      hello hello world hello hello hello world python hello hello hello python world
      world hello world hello python hello world python world python python python
      world hello world world python world world world python world hello world hello
      python python python world python world python world hello world hello hello
      python hello world hello world world hello hello python python world hello python
      world hello world hello hello hello hello hello python hello python world world
      hello hello python world python world world world world hello hello python python
      world hello world world world world world world python hello hello python hello
      world hello python hello world python python hello hello world python hello
      python world world hello world python python python hello hello hello world
      hello python python hello world hello hello hello python world python python
      python hello world python hello python world python hello world world hello
      python world python world python world world world world hello hello python
      world python python world python hello python python world python python python
      python world world hello world world python world hello python python python
      world world python hello hello python hello python python world hello hello
      world hello world world python hello hello hello hello world hello hello world
      world hello world hello world world hello hello python world world hello world
      python hello world hello world hello hello world hello hello world python hello
      python hello world world python python world world hello python python hello
      hello hello python python hello world python world hello hello hello hello world
      world world hello world hello world world hello world python hello world python
      world world hello world python world hello python python python hello python
      world hello python hello python world python python python world python hello
      python hello hello python hello python hello hello hello hello python world
      hello hello python world world python world python python python hello python
      hello world hello hello hello hello world world hello hello hello hello world
      world world world python python python world hello hello python world python
      python world python python world world world hello python python world python
      hello python hello python world hello hello world hello hello hello hello python
      python python python python hello python hello world python python world python
      python world world python hello hello world python hello python world world
      world hello world hello python python python world hello world python world
      hello python hello python world python python python hello world python hello
      hello world world python hello hello hello hello python world world world python
      python world hello python python python world python python python python hello
      python hello world python python world python world python world hello hello
      world hello world hello hello python python world hello python python python
      world hello python world world python python world hello hello python world
      python python hello hello hello hello world python hello python world world
      hello world python python python python world world python hello world python
      hello python python python python hello world world hello python world python
      hello world hello world python python world hello world hello hello python python
      world python python world hello hello hello hello world world world hello python
      hello python world world hello python world python world world hello world world
      python python python python hello python hello hello world world python hello
      hello hello world hello world python hello world python python hello world world
      world world python world python world world hello hello world python world python
      python hello hello hello python hello hello python hello python hello hello
      world hello world world python python hello python hello world python world
      world world world hello python hello world world hello python world world world
      world world hello world hello hello hello world hello python python world hello
      world hello hello hello python world hello hello hello hello world hello python
      world python hello python hello hello world python hello hello hello python
      world hello hello python hello python python python hello python world hello
      world world python hello world python hello python python python python hello
      hello hello world hello world world world world python world world python hello
      python world hello hello hello world hello python world python hello python
      hello world world python python world hello world world hello python python
      world hello python world hello world hello hello python hello python python
      python hello world python hello world python world world python world world
      hello hello python hello hello python hello world hello world world world python
      python hello world python world python hello python python hello hello world
      world world python hello hello hello python world python world world python
      python python world world world hello python hello python hello python hello
      hello python world world python python python hello python world python world
      world hello hello hello python hello python hello world world python python
      python world hello hello world world hello python hello world hello world hello
      hello python python world hello python world hello hello python world python
      world world world world hello python world hello world world hello world python
      hello hello hello python hello python world hello world hello world world world
      world python hello world python python python world python python python python
      python python world world hello hello world world python hello python python
      world python hello hello hello python hello python python python world world
      hello hello python world world python python hello python world python python
      hello hello world python python hello python python world hello world hello
      hello hello hello world python world world python hello python hello world world
      hello python world world hello python python world hello hello hello python
      hello hello world python world world world world hello python python python
      hello hello hello hello world python python python python hello python world
      hello world hello world hello world world python hello world world python python
      world python world hello python hello world python world python python world
      world hello hello python world python python hello hello hello hello hello hello
      python hello python world python world world hello hello world world world hello
      python python hello python python hello world python hello world world world
      python python python python python hello python world world world hello hello
      hello python python hello world hello world python world world hello world world
      python python world hello world python hello python hello hello python hello
      world world hello python python world world hello hello python python world
      world world world hello hello hello hello python python hello hello hello world
      python hello hello world hello python hello world world hello world hello world
      python python world hello hello world world python python world python hello
      hello python world world hello world world hello world python hello world hello
      hello world world python hello world python hello hello world world python world
      world python world python world world world world python hello world python
      world world hello world python world world hello hello world hello python hello
      hello python world hello python world python python hello hello hello world
      world hello hello hello python python python hello hello python python hello
      world hello hello hello world python python python world python world world
      python python world world python world python world python python python world
      world python hello hello hello hello python python hello world python world
      python world python hello world python world hello hello world hello python
      hello python world python world python hello hello world python hello hello
      python world hello hello python python python world world hello world hello
      world hello world python hello hello hello world python hello python python
      hello world hello hello world python python hello hello python python python
      world python python hello world hello python world hello hello python python
      python hello python world world python world hello python world world world
      hello hello world world world world hello hello python world hello hello python
      world hello hello hello python world python hello python world hello hello python
      python python hello python world hello hello hello hello hello python world
      world python hello python python python python world python python world hello
      hello hello python world hello world world python hello world hello hello python
      python world hello python python hello hello python world hello hello world
      python python hello python world python hello world python python world hello
      python hello world hello world python python hello python python hello hello
      hello hello hello world world python world hello python hello world hello python
      world hello world world world hello python python python world python python
      world world python hello hello hello python world hello world hello world python
      world world python world hello hello world hello python python python hello
      python world world hello world world world python python world world hello python
      python python world hello hello hello hello hello world hello python hello hello
      world world hello hello world hello world python hello hello hello python world
      hello world python python hello hello hello hello world python hello world python
      world world python hello world hello hello python hello python hello hello world
      python python python hello python world python world hello hello hello world
      hello world python world python python world python python hello world python
      hello world world world python world hello world python world world world python
      world hello python python python python hello world hello world world world
      hello world world hello world python world python python python world hello
      hello python hello python world python python hello world world world hello
      python python world world python hello python hello python world python world
      world python python python hello world python world hello python hello python
      hello hello world world python python world world hello hello world python python
      python hello world world python world world python world python hello world
      world python python hello hello world world hello world hello hello world world
      python python hello world hello hello hello python python world python hello
      world world python python hello world python hello python world hello hello
      world hello python hello hello python python python python hello world python
      python world world world world hello hello hello hello python hello world world
      world world python hello world hello python hello world world python hello python
      world python hello hello hello hello hello hello hello world world hello world
      world hello world hello python python hello hello python world python python
      hello hello hello python world hello hello python hello hello hello python world
      python hello python python world hello world python python world world python
      python world world python world world python hello python hello world python
      world hello world hello python world world python hello python world python
      python python hello world world python hello python world python world hello
      hello world world python python world hello hello world hello hello python world
      python world world python python hello world python python hello world python
      hello hello hello world python hello world hello world hello python hello hello
      world world python world world hello world world hello python python python
      world world world python hello python world hello world python hello hello hello
      python hello world hello python world world hello world world world hello world
      hello python hello world hello python hello hello hello world hello hello python
      world hello hello hello world hello python python python world world world python
      hello hello world world world python world world hello world world world python
      python hello hello hello world python hello world python python python world
      world world hello hello hello python hello world hello world hello world hello
      python hello world hello hello world python hello hello hello world world world
      hello world hello hello python python world world world world world world python
      python world python hello python hello hello world world hello hello world python
      python world hello hello python world python python python hello hello world
      python python hello python world world world python hello world hello hello
      world world hello world world python python python hello hello python python
      world hello python world hello python world python python python world hello
      world python hello python world hello world hello hello python hello world world
      world hello python world python python world hello world python hello python
      python python hello world world hello python python hello world world hello
      world python python world world python python world hello hello python hello
      hello hello hello world python world hello python hello python hello python
      hello hello python hello world python hello python world world python world
      python python world hello python hello world python world hello world python
      python hello python world python hello python python hello world world python
      world hello hello hello hello python world python python world world world python
      hello world world python world python world world hello world world hello world
      python python hello world world python hello python hello world hello python
      python world python world world hello hello world python world hello world world
      world hello hello hello world hello world hello python hello python python hello
      world world world hello hello world hello hello hello python world python world
      python world world hello world python world hello hello world python world world
      python world hello hello hello python hello world hello world hello python python
      hello python python hello hello python python hello world hello hello python
      python python hello python hello hello world python hello hello hello world
      python hello hello world hello world python python python world world hello
      hello python hello python hello hello python world hello hello world python
      hello world world hello world hello hello python python hello hello hello hello
      world hello hello hello hello python hello hello python world hello hello world
      python hello world hello world hello python python world world python hello
      hello world world hello python python world world world world world hello hello
      python world hello python hello hello python python world python hello world
      hello hello world world world python hello world world hello python hello hello
      python python python world python python world hello world python world python
      python hello python python world world hello hello python world hello hello
      world python hello world hello python python hello hello python world hello
      python world world hello python hello hello python python hello hello hello
      python hello python hello world world world python world python world hello
      world python python python python python python hello hello hello hello hello
      python hello python python python world world hello world world world hello
      python python python hello world world python python python world world hello
      hello python world python python python world python python python world python
      hello python world python hello world hello world hello hello python hello python
      hello python hello python world world world hello python hello hello world python
      world world world hello hello python world hello world hello world world hello
      world hello world hello python hello python hello python world world hello hello
      world hello hello python python hello world hello python world hello hello hello
      world world python hello hello hello world python python world world python
      python python hello python world hello python python world python hello hello
      hello hello hello hello python python world world world world python python
      world python hello python world python python python python python hello world
      world world python python hello hello python hello world world world world world
      world hello hello hello world python hello world world world hello python python
      python python python python world python hello hello hello python python python
      world python world hello hello python world world hello python world hello hello
      python world world world world world world hello world hello python hello world
      hello world world hello python hello python hello python python hello world
      world world hello hello world world python python world python hello hello python
      python hello world python hello hello world python world python python world
      hello world world hello hello python world world world world python world python
      python hello python python python python hello world world world hello world
      hello python hello world hello python hello hello world python world python
      world world hello world python world world world hello python hello python world
      hello hello hello python world world hello hello hello world world python hello
      hello world hello python python world hello world hello hello python hello world
      hello python hello python hello hello python python world python world python
      world hello python hello world world world world world world hello world hello
      python world python python python world world hello hello hello hello world
      world world world world world world world hello world hello python hello world
      world hello world world python python python world world hello python python
      hello python world hello hello world hello world world hello hello world python
      hello world hello hello hello world world python world world hello world hello
      hello hello hello python hello hello python python hello python python hello
      hello world python world hello python world hello python world world hello hello
      python world python hello world hello python python world world hello python
      hello world world world hello hello python world python hello python hello world
      world python hello python python hello world hello python hello hello python
      python hello hello world world python world hello world world world world hello
      python python python hello world world python python hello world hello python
      world hello world hello world world hello world hello python world world python
      world hello hello hello hello python python python python python python python
      python hello hello hello hello hello hello world python hello world python world
      hello python world hello python hello hello python world python world python
      hello python python world python hello world python world world world python
      world hello python hello world hello hello world python python python world
      hello hello hello hello hello python world world world python python hello world
      python world python hello world python hello world world world python python
      hello world hello world world world python hello hello world python hello world
      python hello world world python hello world world world hello python world python
      python python python hello python hello hello python world hello world world
      world world hello world hello python python hello world world hello hello python
      hello hello world python hello world hello python hello python world hello hello
      hello world hello hello world world hello hello hello world world hello python
      world hello python hello python python python world hello world world world
      hello python hello hello hello world hello python world hello hello world python
      python python python python python world python hello python python python hello
      world hello python world world python world python hello python world python
      world world world world hello python world python hello python hello world world
      world world hello python hello python python python world python python python
      hello world hello python hello python world world python python hello hello
      python hello hello python python world world world python python world world
      python python hello world hello hello python world world python hello world
      hello hello hello hello world python python hello python hello world python
      python python python hello hello python hello world hello python world python
      python python hello world hello world world hello python python python python
      hello python python hello world python hello world hello hello python python
      world world hello world world python world hello python world world hello python
      python hello hello hello world python world world world world world hello python
      python world python python python world world world hello hello hello hello
      hello python python hello world hello python world world hello world hello python
      python python world world world world hello hello python hello world world world
      world python python world python world hello python python world python python
      world python hello python hello python hello world hello hello hello python
      hello world python hello hello world python world world world hello world world
      world hello hello hello python hello python python hello python hello hello
      python world python world hello hello world world python python python python
      python world hello hello hello world hello world world world hello world world
      python world world python python python world hello python hello hello hello
      world python world world world python world world world world world world world
      world python python python python world hello world hello hello world hello
      python world hello hello world world world world python world world hello world
      world python hello world python world hello python python python python world
      python hello python hello hello python python python hello python world python
      python hello python world python hello world python python world hello hello
      world python hello hello hello python world python hello python hello python
      hello python python hello python hello python hello python python python python
      world hello python hello hello world hello hello world world python hello python
      hello hello python hello world hello hello hello python python python python
      python world hello world python hello python python python world world world
      world world world python world hello hello python python hello world python
      hello world world world world python python python world python python world
      world world world python world world python python hello hello world hello world
      python world python hello world world python hello python python world python
      world hello python world world world python hello hello hello python world world
      python python hello python python hello hello world python world hello python
      hello world python hello python hello world world hello hello world hello world
      python world python python world hello hello hello python hello python hello
      world hello python python world hello hello python hello hello world python
      world python python world hello python hello python python world hello world
      python world world python hello hello world python python world world python
      python hello python python hello python world hello hello world world hello
      world python world world hello hello hello world world python hello world hello
      world hello python hello hello hello world hello world world hello world python
      world python python hello world hello hello world python world hello hello world
      hello python world python hello python world hello world hello hello hello hello
      python hello world python hello python world hello world python world hello
      world python hello world python python'
    headers:
      Accept:
      - '*/*'
      Accept-Encoding:
      - gzip, deflate
      Connection:
      - keep-alive
      Content-Length:
      - '32770'
      Content-Type:
      - application/octet-stream
      User-Agent:
      - azsdk-python-storage-file/12.0.0b1 Python/3.7.3 (Windows-10-10.0.17763-SP0)
      x-ms-client-request-id:
      - 0547a994-b4ba-11e9-9b02-2816a845e8c6
      x-ms-date:
      - Fri, 02 Aug 2019 00:11:05 GMT
      x-ms-range:
      - bytes=0-32769
      x-ms-version:
      - '2018-11-09'
      x-ms-write:
      - update
    method: PUT
    uri: https://storagename.file.core.windows.net/utsharedfa413a7/utdirdfa413a7/filedfa413a7?comp=range
  response:
    body:
      string: ''
    headers:
      Content-Length:
      - '0'
      Content-MD5:
      - brfBmdYPzQQKYQ22uT/2wQ==
      Date:
      - Fri, 02 Aug 2019 00:11:02 GMT
      ETag:
      - '"0x8D716DDE7D13AE0"'
      Last-Modified:
      - Fri, 02 Aug 2019 00:11:02 GMT
      Server:
      - Windows-Azure-File/1.0 Microsoft-HTTPAPI/2.0
      x-ms-request-id:
      - 9a137be1-701a-00ce-61c6-485e26000000
      x-ms-request-server-encrypted:
      - 'true'
      x-ms-version:
      - '2018-11-09'
    status:
      code: 201
      message: Created
- request:
    body: null
    headers:
      Accept:
      - application/xml
      Accept-Encoding:
      - gzip, deflate
      Connection:
      - keep-alive
      User-Agent:
      - azsdk-python-storage-file/12.0.0b1 Python/3.7.3 (Windows-10-10.0.17763-SP0)
      content-type:
      - application/xml; charset=utf-8
      x-ms-client-request-id:
      - 055dea46-b4ba-11e9-a41f-2816a845e8c6
      x-ms-date:
      - Fri, 02 Aug 2019 00:11:05 GMT
      x-ms-range:
      - bytes=0-32767
      x-ms-version:
      - '2018-11-09'
    method: GET
    uri: https://storagename.file.core.windows.net/utsharedfa413a7/utdirdfa413a7/filedfa413a7
  response:
    body:
      string: ' hello python world hello world world hello world python python python
        python hello world python python world python python world world python hello
        python python world python python hello python python world python hello world
        hello python hello hello world python python world python hello hello hello
        python world hello hello hello hello world hello world world world python
        world world hello world world world hello python world python python world
        hello python world world python hello world python python python world hello
        hello python python hello python hello python hello hello python python world
        python python hello python python world python hello python hello hello hello
        world world hello hello python hello world world python hello hello hello
        python hello world hello world hello world world python hello hello hello
        hello python hello world python world python python world hello hello world
        world world python hello hello hello python python hello python hello world
        world hello world hello python world python python python python hello world
        hello world hello world world world world world hello python hello hello python
        hello python world python hello world python python hello hello hello hello
        python hello world world world hello python hello world world hello hello
        python world python python hello world hello hello world world python hello
        world world world python hello python hello python hello world hello world
        python hello python world python hello world world python world hello world
        hello hello python python python world hello python hello world world hello
        world hello python world world python hello python python world python world
        hello world world hello world world python python world hello hello world
        world hello python hello world hello python python world world world python
        hello python python python hello python python python python python hello
        world world hello hello python world python hello hello world world python
        hello python python world python hello python hello python python python python
        python hello python hello world world python hello hello hello world hello
        world world hello world world hello world python hello world hello world world
        world python python world hello python world hello world hello python hello
        world python world hello python hello python hello python hello world python
        world python hello python hello python hello python python python world world
        python python world python hello hello hello python python world world python
        world world world world hello hello python world python world world world
        world python hello hello world python world hello hello hello world hello
        python hello hello python python python world python python world python world
        world hello hello python python python world python hello hello world world
        hello hello python world hello world hello python hello hello hello hello
        hello hello python hello world python world hello world hello python python
        hello python hello world world world world hello world hello world hello hello
        world hello world python hello world hello hello hello world world hello python
        python python hello world python world python hello hello hello world world
        world python hello world world world world hello world hello hello hello hello
        hello hello world world world world world hello world hello world hello hello
        world hello python hello world world python hello world world world world
        world world hello hello python python python hello hello hello hello python
        python python hello python hello hello world hello world hello world python
        hello python python python python python python python python world hello
        python python hello world world python python python python world world world
        hello hello python world world world python hello hello world hello python
        hello hello python world python hello python python hello world python python
        hello python hello python hello world python world python world python hello
        hello python hello python hello python world hello hello world hello hello
        hello world hello hello hello python hello python python hello world hello
        hello python hello hello python hello world world python hello hello world
        hello world hello world world python world hello hello hello world hello python
        python hello world hello world world python hello hello hello hello world
        world python world python python hello world python hello hello world world
        hello world world python hello python hello hello hello hello world world
        world world python hello world python hello python hello world python python
        hello python hello hello world python hello hello world python world python
        world world python world python python hello python python world hello python
        hello world world world python python world python world world hello world
        python python hello world hello world hello hello world python python python
        hello world hello python python hello world world world python world hello
        hello hello python world hello world python world world hello hello python
        hello world hello world python hello world python world hello python world
        python hello world hello python python python world hello python python python
        python world hello hello world python python hello python hello python python
        world hello python world world python hello hello world world world python
        hello hello world hello hello hello world python world world python hello
        world hello world python world world hello hello python python python python
        python hello python python hello python world world python python hello hello
        hello hello python python hello world hello world hello python world python
        python python world python world world hello hello hello python hello world
        world hello hello python python python hello world world world python python
        python world python hello python world hello hello world hello hello python
        python world python python world world world world hello hello hello hello
        hello hello world hello hello world hello hello python hello python hello
        hello world hello python hello python hello hello python hello hello python
        python hello world world hello world hello world hello hello hello world python
        hello python python world python python world python python hello world hello
        world world hello python world python world hello hello hello world python
        world python hello world hello world world python world hello world world
        hello hello hello hello hello world python world python world world hello
        hello world hello python python hello hello python python python hello hello
        world python world hello hello python world world hello world python hello
        world world python hello world python world python python python hello world
        hello world world python hello hello world hello world python python world
        world world hello python world python world world world hello python python
        python world python world hello python world python world hello world hello
        hello python hello world hello world world python python world world hello
        python world python hello world python hello hello world world world hello
        hello python python hello hello world python python hello hello world hello
        hello python hello python hello world hello hello hello hello python python
        world hello world world world python python python python python hello world
        hello hello hello python world hello hello world python python world hello
        hello python world hello hello python hello world world world hello hello
        hello hello python world hello hello python hello python python python python
        hello python world world python python world hello python python hello hello
        world world world python python python world world world hello python hello
        python world world python python world hello world python hello python world
        python python world world hello hello world hello python world python world
        python python python python world python world python hello python python
        python world world hello world hello world hello python world world world
        python world hello world hello python hello python hello python hello hello
        hello python world hello world world python world world world python python
        world hello hello world world python python python python hello hello hello
        world python world python world world world world python world hello hello
        python world hello world hello hello world python hello world python world
        python python python python hello hello world python python python hello hello
        hello hello python world world hello world python python world python python
        python python hello world python world hello python python world python python
        python python world world python world python hello python hello world python
        hello python world world world world hello hello hello python hello hello
        world hello world python world hello hello hello hello world hello hello hello
        world python hello hello hello python world world hello world hello python
        hello world python world python python python world hello world world python
        world world world python world hello world hello python python python world
        python world python world hello world hello hello python hello world hello
        world world hello hello python python world hello python world hello world
        hello hello hello hello hello python hello python world world hello hello
        python world python world world world world hello hello python python world
        hello world world world world world world python hello hello python hello
        world hello python hello world python python hello hello world python hello
        python world world hello world python python python hello hello hello world
        hello python python hello world hello hello hello python world python python
        python hello world python hello python world python hello world world hello
        python world python world python world world world world hello hello python
        world python python world python hello python python world python python python
        python world world hello world world python world hello python python python
        world world python hello hello python hello python python world hello hello
        world hello world world python hello hello hello hello world hello hello world
        world hello world hello world world hello hello python world world hello world
        python hello world hello world hello hello world hello hello world python
        hello python hello world world python python world world hello python python
        hello hello hello python python hello world python world hello hello hello
        hello world world world hello world hello world world hello world python hello
        world python world world hello world python world hello python python python
        hello python world hello python hello python world python python python world
        python hello python hello hello python hello python hello hello hello hello
        python world hello hello python world world python world python python python
        hello python hello world hello hello hello hello world world hello hello hello
        hello world world world world python python python world hello hello python
        world python python world python python world world world hello python python
        world python hello python hello python world hello hello world hello hello
        hello hello python python python python python hello python hello world python
        python world python python world world python hello hello world python hello
        python world world world hello world hello python python python world hello
        world python world hello python hello python world python python python hello
        world python hello hello world world python hello hello hello hello python
        world world world python python world hello python python python world python
        python python python hello python hello world python python world python world
        python world hello hello world hello world hello hello python python world
        hello python python python world hello python world world python python world
        hello hello python world python python hello hello hello hello world python
        hello python world world hello world python python python python world world
        python hello world python hello python python python python hello world world
        hello python world python hello world hello world python python world hello
        world hello hello python python world python python world hello hello hello
        hello world world world hello python hello python world world hello python
        world python world world hello world world python python python python hello
        python hello hello world world python hello hello hello world hello world
        python hello world python python hello world world world world python world
        python world world hello hello world python world python python hello hello
        hello python hello hello python hello python hello hello world hello world
        world python python hello python hello world python world world world world
        hello python hello world world hello python world world world world world
        hello world hello hello hello world hello python python world hello world
        hello hello hello python world hello hello hello hello world hello python
        world python hello python hello hello world python hello hello hello python
        world hello hello python hello python python python hello python world hello
        world world python hello world python hello python python python python hello
        hello hello world hello world world world world python world world python
        hello python world hello hello hello world hello python world python hello
        python hello world world python python world hello world world hello python
        python world hello python world hello world hello hello python hello python
        python python hello world python hello world python world world python world
        world hello hello python hello hello python hello world hello world world
        world python python hello world python world python hello python python hello
        hello world world world python hello hello hello python world python world
        world python python python world world world hello python hello python hello
        python hello hello python world world python python python hello python world
        python world world hello hello hello python hello python hello world world
        python python python world hello hello world world hello python hello world
        hello world hello hello python python world hello python world hello hello
        python world python world world world world hello python world hello world
        world hello world python hello hello hello python hello python world hello
        world hello world world world world python hello world python python python
        world python python python python python python world world hello hello world
        world python hello python python world python hello hello hello python hello
        python python python world world hello hello python world world python python
        hello python world python python hello hello world python python hello python
        python world hello world hello hello hello hello world python world world
        python hello python hello world world hello python world world hello python
        python world hello hello hello python hello hello world python world world
        world world hello python python python hello hello hello hello world python
        python python python hello python world hello world hello world hello world
        world python hello world world python python world python world hello python
        hello world python world python python world world hello hello python world
        python python hello hello hello hello hello hello python hello python world
        python world world hello hello world world world hello python python hello
        python python hello world python hello world world world python python python
        python python hello python world world world hello hello hello python python
        hello world hello world python world world hello world world python python
        world hello world python hello python hello hello python hello world world
        hello python python world world hello hello python python world world world
        world hello hello hello hello python python hello hello hello world python
        hello hello world hello python hello world world hello world hello world python
        python world hello hello world world python python world python hello hello
        python world world hello world world hello world python hello world hello
        hello world world python hello world python hello hello world world python
        world world python world python world world world world python hello world
        python world world hello world python world world hello hello world hello
        python hello hello python world hello python world python python hello hello
        hello world world hello hello hello python python python hello hello python
        python hello world hello hello hello world python python python world python
        world world python python world world python world python world python python
        python world world python hello hello hello hello python python hello world
        python world python world python hello world python world hello hello world
        hello python hello python world python world python hello hello world python
        hello hello python world hello hello python python python world world hello
        world hello world hello world python hello hello hello world python hello
        python python hello world hello hello world python python hello hello python
        python python world python python hello world hello python world hello hello
        python python python hello python world world python world hello python world
        world world hello hello world world world world hello hello python world hello
        hello python world hello hello hello python world python hello python world
        hello hello python python python hello python world hello hello hello hello
        hello python world world python hello python python python python world python
        python world hello hello hello python world hello world world python hello
        world hello hello python python world hello python python hello hello python
        world hello hello world python python hello python world python hello world
        python python world hello python hello world hello world python python hello
        python python hello hello hello hello hello world world python world hello
        python hello world hello python world hello world world world hello python
        python python world python python world world python hello hello hello python
        world hello world hello world python world world python world hello hello
        world hello python python python hello python world world hello world world
        world python python world world hello python python python world hello hello
        hello hello hello world hello python hello hello world world hello hello world
        hello world python hello hello hello python world hello world python python
        hello hello hello hello world python hello world python world world python
        hello world hello hello python hello python hello hello world python python
        python hello python world python world hello hello hello world hello world
        python world python python world python python hello world python hello world
        world world python world hello world python world world world python world
        hello python python python python hello world hello world world world hello
        world world hello world python world python python python world hello hello
        python hello python world python python hello world world world hello python
        python world world python hello python hello python world python world world
        python python python hello world python world hello python hello python hello
        hello world world python python world world hello hello world python python
        python hello world world python world world python world python hello world
        world python python hello hello world world hello world hello hello world
        world python python hello world hello hello hello python python world python
        hello world world python python hello world python hello python world hello
        hello world hello python hello hello python python python python hello world
        python python world world world world hello hello hello hello python hello
        world world world world python hello world hello python hello world world
        python hello python world python hello hello hello hello hello hello hello
        world world hello world world hello world hello python python hello hello
        python world python python hello hello hello python world hello hello python
        hello hello hello python world python hello python python world hello world
        python python world world python python world world python world world python
        hello python hello world python world hello world hello python world world
        python hello python world python python python hello world world python hello
        python world python world hello hello world world python python world hello
        hello world hello hello python world python world world python python hello
        world python python hello world python hello hello hello world python hello
        world hello world hello python hello hello world world python world world
        hello world world hello python python python world world world python hello
        python world hello world python hello hello hello python hello world hello
        python world world hello world world world hello world hello python hello
        world hello python hello hello hello world hello hello python world hello
        hello hello world hello python python python world world world python hello
        hello world world world python world world hello world world world python
        python hello hello hello world python hello world python python python world
        world world hello hello hello python hello world hello world hello world hello
        python hello world hello hello world python hello hello hello world world
        world hello world hello hello python python world world world world world
        world python python world python hello python hello hello world world hello
        hello world python python world hello hello python world python python python
        hello hello world python python hello python world world world python hello
        world hello hello world world hello world world python python python hello
        hello python python world hello python world hello python world python python
        python world hello world python hello python world hello world hello hello
        python hello world world world hello python world python python world hello
        world python hello python python python hello world world hello python python
        hello world world hello world python python world world python python world
        hello hello python hello hello hello hello world python world hello python
        hello python hello python hello hello python hello world python hello python
        world world python world python python world hello python hello world python
        world hello world python python hello python world python hello python python
        hello world world python world hello hello hello hello python world python
        python world world world python hello world world python world python world
        world hello world world hello world python python hello world world python
        hello python hello world hello python python world python world world hello
        hello world python world hello world world world hello hello hello world hello
        world hello python hello python python hello world world world hello hello
        world hello hello hello python world python world python world world hello
        world python world hello hello world python world world python world hello
        hello hello python hello world hello world hello python python hello python
        python hello hello python python hello world hello hello python python python
        hello python hello hello world python hello hello hello world python hello
        hello world hello world python python python world world hello hello python
        hello python hello hello python world hello hello world python hello world
        world hello world hello hello python python hello hello hello hello world
        hello hello hello hello python hello hello python world hello hello world
        python hello world hello world hello python python world world python hello
        hello world world hello python python world world world world world hello
        hello python world hello python hello hello python python world python hello
        world hello hello world world world python hello world world hello python
        hello hello python python python world python python world hello world python
        world python python hello python python world world hello hello python world
        hello hello world python hello world hello python python hello hello python
        world hello python world world hello python hello hello python python hello
        hello hello python hello python hello world world world python world python
        world hello world python python python python python python hello hello hello
        hello hello python hello python python python world world hello world world
        world hello python python python hello world world python python python world
        world hello hello python world python python python world python python python
        world python hello python world python hello world hello world hello hello
        python hello python hello python hello python world world world hello python
        hello hello world python world world world hello hello python world hello
        world hello world world hello world hello world hello python hello python
        hello python world world hello hello world hello hello python python hello
        world hello python world hello hello hello world world python hello hello
        hello world python python world world python python python hello python world
        hello python python world python hello hello hello hello hello hello python
        python world world world world python python world python hello python world
        python python python python python hello world world world python python hello
        hello python hello world world world world world world hello hello hello world
        python hello world world world hello python python python python python python
        world python hello hello hello python python python world python world hello
        hello python world world hello python world hello hello python world world
        world world world world hello world hello python hello world hello world world
        hello python hello python hello python python hello world world world hello
        hello world world python python world python hello hello python python hello
        world python hello hello world python world python python world hello world
        world hello hello python world world world world python world python python
        hello python python python python hello world world world hello world hello
        python hello world hello python hello hello world python world python world
        world hello world python world world world hello python hello python world
        hello hello hello python world world hello hello hello world world python
        hello hello world hello python python world hello world hello hello python
        hello world hello python hello python hello hello python python world python
        world python world hello python hello world world world world world world
        hello world hello python world python python python world world hello hello
        hello hello world world world world world world world world hello world hello
        python hello world world hello world world python python python world world
        hello python python hello python world hello hello world hello world world
        hello hello world python hello world hello hello hello world world python
        world world hello world hello hello hello hello python hello hello python
        python hello python python hello hello world python world hello python world
        hello python world world hello hello python world python hello world hello
        python python world world hello python hello world world world hello hello
        python world python hello python hello world world python hello python python
        hello world hello python hello hello python python hello hello world world
        python world hello world world world world hello python python python hello
        world world python python hello world hello python world hello world hello
        world world hello world hello python world world python world hello hello
        hello hello python python python python python python python python hello
        hello hello hello hello hello world python hello world python world hello
        python world hello python hello hello python world python world python hello
        python python world python hello world python world world world python world
        hello python hello world hello hello world python python python world hello
        hello hello hello hello python world world world python python hello world
        python world python hello world python hello world world world python python
        hello world hello world world world python hello hello world python hello
        world python hello world world python hello world world world hello python
        world python python python python hello python hello hello python world hello
        world world world world hello world hello python python hello world world
        hello hello python hello hello world python hello world hello python hello
        python world hello hello hello world hello hello world world hello hello hello
        world world hello python world hello python hello python python python world
        hello world world world hello python hello hello hello world hello python
        world hello hello world python python python python python python world python
        hello python python python hello world hello python world world python world
        python hello python world python world world world world hello python world
        python hello python hello world world world world hello python hello python
        python python world python python python hello world hello python hello python
        world world python python hello hello python hello hello python python world
        world world python python world world python python hello world hello hello
        python world world python hello world hello hello hello hello world python
        python hello python hello world python python python python hello hello python
        hello world hello python world python python python hello world hello world
        world hello python python python python hello python python hello world python
        hello world hello hello python python world world hello world world python
        world hello python world world hello python python hello hello hello world
        python world world world world world hello python python world python python
        python world world world hello hello hello hello hello python python hello
        world hello python world world hello world hello python python python world
        world world world hello hello python hello world world world world python
        python world python world hello python python world python python world python
        hello python hello python hello world hello hello hello python hello world
        python hello hello world python world world world hello world world world
        hello hello hello python hello python python hello python hello hello python
        world python world hello hello world world python python python python python
        world hello hello hello world hello world world world hello world world python
        world world python python python world hello python hello hello hello world
        python world world world python world world world world world world world
        world python python python python world hello world hello hello world hello
        python world hello hello world world world world python world world hello
        world world python hello world python world hello python python python python
        world python hello python hello hello python python python hello python world
        python python hello python world python hello world python python world hello
        hello world python hello hello hello python world python hello python hello
        python hello python python hello python hello python hello python python python
        python world hello python hello hello world hello hello world world python
        hello python hello hello python hello world hello hello hello python python
        python python python world hello world python hello python python python world
        world world world world world python world hello hello python python hello
        world python hello world world world world python python python world python
        python world world world world python world world python python hello hello
        world hello world python world python hello world world python hello python
        python world python world hello python world world world python hello hello
        hello python world world python python hello python python hello hello world
        python world hello python hello world python hello python hello world world
        hello hello world hello world python world python python world hello hello
        hello python hello python hello world hello python python world hello hello
        python hello hello world python world python python world hello python hello
        python python world hello world python world world python hello hello world
        python python world world python python hello python python hello python world
        hello hello world world hello world python world world hello hello hello world
        world python hello world hello world hello python hello hello hello world
        hello world world hello world python world python python hello world hello
        hello world python world hello hello world hello python world python hello
        python world hello world hello hello hello hello python hello world python
        hello python world hello world python world hello world python hello world
        python pyth'
    headers:
      Accept-Ranges:
      - bytes
      Content-Length:
      - '32768'
      Content-Range:
      - bytes 0-32767/32770
      Content-Type:
      - application/xml; charset=utf-8
      Date:
      - Fri, 02 Aug 2019 00:11:02 GMT
      ETag:
      - '"0x8D716DDE7D13AE0"'
      Last-Modified:
      - Fri, 02 Aug 2019 00:11:02 GMT
      Server:
      - Windows-Azure-File/1.0 Microsoft-HTTPAPI/2.0
      Vary:
      - Origin
      x-ms-request-id:
      - 9a137be2-701a-00ce-62c6-485e26000000
      x-ms-server-encrypted:
      - 'true'
      x-ms-type:
      - File
      x-ms-version:
      - '2018-11-09'
    status:
      code: 206
      message: Partial Content
- request:
    body: null
    headers:
      Accept:
      - application/xml
      Accept-Encoding:
      - gzip, deflate
      Connection:
      - keep-alive
      User-Agent:
      - azsdk-python-storage-file/12.0.0b1 Python/3.7.3 (Windows-10-10.0.17763-SP0)
      content-type:
      - application/xml; charset=utf-8
      x-ms-client-request-id:
      - 0582d9d0-b4ba-11e9-a096-2816a845e8c6
      x-ms-date:
      - Fri, 02 Aug 2019 00:11:06 GMT
      x-ms-range:
      - bytes=32768-32769
      x-ms-version:
      - '2018-11-09'
    method: GET
    uri: https://storagename.file.core.windows.net/utsharedfa413a7/utdirdfa413a7/filedfa413a7
  response:
    body:
      string: 'on'
    headers:
      Accept-Ranges:
      - bytes
      Content-Length:
      - '2'
      Content-Range:
      - bytes 32768-32769/32770
      Content-Type:
      - application/xml; charset=utf-8
      Date:
      - Fri, 02 Aug 2019 00:11:02 GMT
      ETag:
      - '"0x8D716DDE7D13AE0"'
      Last-Modified:
      - Fri, 02 Aug 2019 00:11:02 GMT
      Server:
      - Windows-Azure-File/1.0 Microsoft-HTTPAPI/2.0
      Vary:
      - Origin
      x-ms-request-id:
      - 9a137be3-701a-00ce-63c6-485e26000000
      x-ms-server-encrypted:
      - 'true'
      x-ms-type:
      - File
      x-ms-version:
      - '2018-11-09'
    status:
      code: 206
      message: Partial Content
version: 1
