interactions:
- request:
    body: null
    headers:
      User-Agent:
      - azsdk-python-storage-file/12.0.0b2 Python/3.7.3 (Windows-10-10.0.17763-SP0)
      content-type:
      - application/xml; charset=utf-8
      x-ms-date:
      - Thu, 22 Aug 2019 18:22:20 GMT
      x-ms-version:
      - '2018-11-09'
    method: PUT
    uri: https://pyacrstorageba11d46.file.core.windows.net/utshareba11d46?restype=share
  response:
    body:
      string: ''
    headers:
      content-length: '0'
      date: Thu, 22 Aug 2019 18:22:17 GMT
      etag: '"0x8D7272DAA8636C3"'
      last-modified: Thu, 22 Aug 2019 18:22:18 GMT
      server: Windows-Azure-File/1.0 Microsoft-HTTPAPI/2.0
      x-ms-version: '2018-11-09'
    status:
      code: 201
      message: Created
    url: !!python/object/new:yarl.URL
      state: !!python/tuple
      - !!python/object/new:urllib.parse.SplitResult
        - https
        - pyacrstorageba11d46.file.core.windows.net
        - /utshareba11d46
        - restype=share
        - ''
- request:
    body: null
    headers:
      User-Agent:
      - azsdk-python-storage-file/12.0.0b2 Python/3.7.3 (Windows-10-10.0.17763-SP0)
      content-type:
      - application/xml; charset=utf-8
      x-ms-date:
      - Thu, 22 Aug 2019 18:22:21 GMT
      x-ms-meta-test1:
      - foo
      x-ms-meta-test2:
      - bar
      x-ms-version:
      - '2018-11-09'
    method: PUT
    uri: https://pyacrstorageba11d46.file.core.windows.net/utshareba11d46/dir1?restype=directory
  response:
    body:
      string: ''
    headers:
      content-length: '0'
      date: Thu, 22 Aug 2019 18:22:18 GMT
      etag: '"0x8D7272DAAC2218D"'
      last-modified: Thu, 22 Aug 2019 18:22:18 GMT
      server: Windows-Azure-File/1.0 Microsoft-HTTPAPI/2.0
      x-ms-request-server-encrypted: 'true'
      x-ms-version: '2018-11-09'
    status:
      code: 201
      message: Created
    url: !!python/object/new:yarl.URL
      state: !!python/tuple
      - !!python/object/new:urllib.parse.SplitResult
        - https
        - pyacrstorageba11d46.file.core.windows.net
        - /utshareba11d46/dir1
        - restype=directory
        - ''
- request:
    body: null
    headers:
      User-Agent:
      - azsdk-python-storage-file/12.0.0b2 Python/3.7.3 (Windows-10-10.0.17763-SP0)
      content-type:
      - application/xml; charset=utf-8
      x-ms-date:
      - Thu, 22 Aug 2019 18:22:21 GMT
      x-ms-version:
      - '2018-11-09'
    method: PUT
    uri: https://pyacrstorageba11d46.file.core.windows.net/utshareba11d46?restype=share&comp=snapshot
  response:
    body:
      string: ''
    headers:
      content-length: '0'
      date: Thu, 22 Aug 2019 18:22:23 GMT
      etag: '"0x8D7272DAA8636C3"'
      last-modified: Thu, 22 Aug 2019 18:22:18 GMT
      server: Windows-Azure-File/1.0 Microsoft-HTTPAPI/2.0
      x-ms-snapshot: '2019-08-22T18:22:23.0000000Z'
      x-ms-version: '2018-11-09'
    status:
      code: 201
      message: Created
    url: !!python/object/new:yarl.URL
      state: !!python/tuple
      - !!python/object/new:urllib.parse.SplitResult
        - https
        - pyacrstorageba11d46.file.core.windows.net
        - /utshareba11d46
        - restype=share&comp=snapshot
        - ''
- request:
    body: null
    headers:
      User-Agent:
      - azsdk-python-storage-file/12.0.0b2 Python/3.7.3 (Windows-10-10.0.17763-SP0)
      content-type:
      - application/xml; charset=utf-8
      x-ms-date:
      - Thu, 22 Aug 2019 18:22:26 GMT
      x-ms-meta-test100:
      - foo100
      x-ms-meta-test200:
      - bar200
      x-ms-version:
      - '2018-11-09'
    method: PUT
    uri: https://pyacrstorageba11d46.file.core.windows.net/utshareba11d46/dir1?restype=directory&comp=metadata
  response:
    body:
      string: ''
    headers:
      content-length: '0'
      date: Thu, 22 Aug 2019 18:22:23 GMT
      etag: '"0x8D7272DADD4416E"'
      last-modified: Thu, 22 Aug 2019 18:22:23 GMT
      server: Windows-Azure-File/1.0 Microsoft-HTTPAPI/2.0
      x-ms-request-server-encrypted: 'true'
      x-ms-version: '2018-11-09'
    status:
      code: 200
      message: OK
    url: !!python/object/new:yarl.URL
      state: !!python/tuple
      - !!python/object/new:urllib.parse.SplitResult
        - https
        - pyacrstorageba11d46.file.core.windows.net
        - /utshareba11d46/dir1
        - restype=directory&comp=metadata
        - ''
- request:
    body: null
    headers:
      User-Agent:
      - azsdk-python-storage-file/12.0.0b2 Python/3.7.3 (Windows-10-10.0.17763-SP0)
      content-type:
      - application/xml; charset=utf-8
      x-ms-date:
      - Thu, 22 Aug 2019 18:22:26 GMT
      x-ms-version:
      - '2018-11-09'
    method: GET
    uri: https://pyacrstorageba11d46.file.core.windows.net/utshareba11d46/dir1?restype=directory&sharesnapshot=2019-08-22T18:22:23.0000000Z
  response:
    body:
      string: ''
    headers:
      content-length: '0'
      date: Thu, 22 Aug 2019 18:22:23 GMT
      etag: '"0x8D7272DAAC2218D"'
      last-modified: Thu, 22 Aug 2019 18:22:18 GMT
      server: Windows-Azure-File/1.0 Microsoft-HTTPAPI/2.0
      x-ms-meta-test1: foo
      x-ms-meta-test2: bar
      x-ms-server-encrypted: 'true'
      x-ms-version: '2018-11-09'
    status:
      code: 200
      message: OK
    url: !!python/object/new:yarl.URL
      state: !!python/tuple
      - !!python/object/new:urllib.parse.SplitResult
        - https
        - pyacrstorageba11d46.file.core.windows.net
        - /utshareba11d46/dir1
        - restype=directory&sharesnapshot=2019-08-22T18:22:23.0000000Z
        - ''
version: 1
