interactions:
- request:
    body: null
    headers:
      Accept:
      - '*/*'
      Accept-Encoding:
      - gzip, deflate
      Connection:
      - keep-alive
      Content-Length:
      - '0'
      User-Agent:
      - azsdk-python-storage-file/12.0.0b4 Python/3.7.3 (Windows-10-10.0.17763-SP0)
      x-ms-date:
      - Mon, 14 Oct 2019 18:16:00 GMT
      x-ms-version:
      - '2019-02-02'
    method: PUT
    uri: https://pyacrstorage927511d8.file.core.windows.net/utshare927511d8?restype=share
  response:
    body:
      string: ''
    headers:
      content-length:
      - '0'
      date:
      - Mon, 14 Oct 2019 18:15:59 GMT
      etag:
      - '"0x8D750D290EBD5AF"'
      last-modified:
      - Mon, 14 Oct 2019 18:16:00 GMT
      server:
      - Windows-Azure-File/1.0 Microsoft-HTTPAPI/2.0
      x-ms-version:
      - '2019-02-02'
    status:
      code: 201
      message: Created
- request:
    body: null
    headers:
      Accept:
      - '*/*'
      Accept-Encoding:
      - gzip, deflate
      Connection:
      - keep-alive
      Content-Length:
      - '0'
      User-Agent:
      - azsdk-python-storage-file/12.0.0b4 Python/3.7.3 (Windows-10-10.0.17763-SP0)
      x-ms-content-length:
      - '11'
      x-ms-date:
      - Mon, 14 Oct 2019 18:16:01 GMT
      x-ms-file-attributes:
      - none
      x-ms-file-creation-time:
      - now
      x-ms-file-last-write-time:
      - now
      x-ms-file-permission:
      - Inherit
      x-ms-type:
      - file
      x-ms-version:
      - '2019-02-02'
    method: PUT
    uri: https://pyacrstorage927511d8.file.core.windows.net/utshare927511d8/%E5%95%8A%E9%BD%84%E4%B8%82%E7%8B%9B%E7%8B%9C
  response:
    body:
      string: ''
    headers:
      content-length:
      - '0'
      date:
      - Mon, 14 Oct 2019 18:16:00 GMT
      etag:
      - '"0x8D750D2911B3F19"'
      last-modified:
      - Mon, 14 Oct 2019 18:16:00 GMT
      server:
      - Windows-Azure-File/1.0 Microsoft-HTTPAPI/2.0
      x-ms-file-attributes:
      - Archive
      x-ms-file-change-time:
      - '2019-10-14T18:16:00.4050713Z'
      x-ms-file-creation-time:
      - '2019-10-14T18:16:00.4050713Z'
      x-ms-file-id:
      - '13835128424026341376'
      x-ms-file-last-write-time:
      - '2019-10-14T18:16:00.4050713Z'
      x-ms-file-parent-id:
      - '0'
      x-ms-file-permission-key:
      - 13381857671009570965*1230891066894415899
      x-ms-request-server-encrypted:
      - 'true'
      x-ms-version:
      - '2019-02-02'
    status:
      code: 201
      message: Created
- request:
    body: hello world
    headers:
      Accept:
      - '*/*'
      Accept-Encoding:
      - gzip, deflate
      Connection:
      - keep-alive
      Content-Length:
      - '11'
      Content-Type:
      - application/octet-stream
      User-Agent:
      - azsdk-python-storage-file/12.0.0b4 Python/3.7.3 (Windows-10-10.0.17763-SP0)
      x-ms-date:
      - Mon, 14 Oct 2019 18:16:01 GMT
      x-ms-range:
      - bytes=0-10
      x-ms-version:
      - '2019-02-02'
      x-ms-write:
      - update
    method: PUT
    uri: https://pyacrstorage927511d8.file.core.windows.net/utshare927511d8/%E5%95%8A%E9%BD%84%E4%B8%82%E7%8B%9B%E7%8B%9C?comp=range
  response:
    body:
      string: ''
    headers:
      content-length:
      - '0'
      content-md5:
      - XrY7u+Ae7tCTyyK7j1rNww==
      date:
      - Mon, 14 Oct 2019 18:16:00 GMT
      etag:
      - '"0x8D750D29127EB94"'
      last-modified:
      - Mon, 14 Oct 2019 18:16:00 GMT
      server:
      - Windows-Azure-File/1.0 Microsoft-HTTPAPI/2.0
      x-ms-request-server-encrypted:
      - 'true'
      x-ms-version:
      - '2019-02-02'
    status:
      code: 201
      message: Created
- request:
    body: null
    headers:
      Accept:
      - application/xml
      Accept-Encoding:
      - gzip, deflate
      Connection:
      - keep-alive
      User-Agent:
      - azsdk-python-storage-file/12.0.0b4 Python/3.7.3 (Windows-10-10.0.17763-SP0)
      x-ms-date:
      - Mon, 14 Oct 2019 18:16:01 GMT
      x-ms-range:
      - bytes=0-33554431
      x-ms-version:
      - '2019-02-02'
    method: GET
    uri: https://pyacrstorage927511d8.file.core.windows.net/utshare927511d8/%E5%95%8A%E9%BD%84%E4%B8%82%E7%8B%9B%E7%8B%9C
  response:
    body:
      string: hello world
    headers:
      accept-ranges:
      - bytes
      content-length:
      - '11'
      content-range:
      - bytes 0-10/11
      content-type:
      - application/octet-stream
      date:
      - Mon, 14 Oct 2019 18:16:00 GMT
      etag:
      - '"0x8D750D29127EB94"'
      last-modified:
      - Mon, 14 Oct 2019 18:16:00 GMT
      server:
      - Windows-Azure-File/1.0 Microsoft-HTTPAPI/2.0
      x-ms-file-attributes:
      - Archive
      x-ms-file-change-time:
      - '2019-10-14T18:16:00.4050713Z'
      x-ms-file-creation-time:
      - '2019-10-14T18:16:00.4050713Z'
      x-ms-file-id:
      - '13835128424026341376'
      x-ms-file-last-write-time:
      - '2019-10-14T18:16:00.4050713Z'
      x-ms-file-parent-id:
      - '0'
      x-ms-file-permission-key:
      - 13381857671009570965*1230891066894415899
      x-ms-lease-state:
      - available
      x-ms-lease-status:
      - unlocked
      x-ms-server-encrypted:
      - 'true'
      x-ms-type:
      - File
      x-ms-version:
      - '2019-02-02'
    status:
      code: 206
      message: Partial Content
version: 1
