interactions:
- request:
    body: null
    headers:
      User-Agent:
      - azsdk-python-storage-file/12.0.0b1 Python/3.7.3 (Windows-10-10.0.17763-SP0)
      content-type:
      - application/xml; charset=utf-8
      x-ms-client-request-id:
      - ba4f04ba-b4c7-11e9-b610-2816a845e8c6
      x-ms-date:
      - Fri, 02 Aug 2019 01:49:12 GMT
      x-ms-version:
      - '2018-11-09'
    method: PUT
    uri: https://storagename.file.core.windows.net/share7bd421e4?restype=share
  response:
    body:
      string: ''
    headers:
      ? !!python/object/new:multidict._istr.istr
      - Content-Length
      : '0'
      ? !!python/object/new:multidict._istr.istr
      - Date
      : Fri, 02 Aug 2019 01:49:12 GMT
      ? !!python/object/new:multidict._istr.istr
      - Etag
      : '"0x8D716EB9EBFC68A"'
      ? !!python/object/new:multidict._istr.istr
      - Last-Modified
      : Fri, 02 Aug 2019 01:49:13 GMT
      ? !!python/object/new:multidict._istr.istr
      - Server
      : Windows-Azure-File/1.0 Microsoft-HTTPAPI/2.0
      x-ms-request-id: f228c407-201a-005e-6ad4-48cb6a000000
      x-ms-version: '2018-11-09'
    status:
      code: 201
      message: Created
    url: !!python/object/new:yarl.URL
      state: !!python/tuple
      - !!python/object/new:urllib.parse.SplitResult
        - https
        - rakshithqueueasynctest.file.core.windows.net
        - /share7bd421e4
        - restype=share
        - ''
- request:
    body: null
    headers:
      User-Agent:
      - azsdk-python-storage-file/12.0.0b1 Python/3.7.3 (Windows-10-10.0.17763-SP0)
      content-type:
      - application/xml; charset=utf-8
      x-ms-client-request-id:
      - ba6beef6-b4c7-11e9-9f7c-2816a845e8c6
      x-ms-date:
      - Fri, 02 Aug 2019 01:49:13 GMT
      x-ms-version:
      - '2018-11-09'
    method: PUT
    uri: https://storagename.file.core.windows.net/share7bd421e4/dir1?restype=directory
  response:
    body:
      string: ''
    headers:
      ? !!python/object/new:multidict._istr.istr
      - Content-Length
      : '0'
      ? !!python/object/new:multidict._istr.istr
      - Date
      : Fri, 02 Aug 2019 01:49:13 GMT
      ? !!python/object/new:multidict._istr.istr
      - Etag
      : '"0x8D716EB9ECC679A"'
      ? !!python/object/new:multidict._istr.istr
      - Last-Modified
      : Fri, 02 Aug 2019 01:49:13 GMT
      ? !!python/object/new:multidict._istr.istr
      - Server
      : Windows-Azure-File/1.0 Microsoft-HTTPAPI/2.0
      x-ms-request-id: f228c40a-201a-005e-6bd4-48cb6a000000
      x-ms-request-server-encrypted: 'true'
      x-ms-version: '2018-11-09'
    status:
      code: 201
      message: Created
    url: !!python/object/new:yarl.URL
      state: !!python/tuple
      - !!python/object/new:urllib.parse.SplitResult
        - https
        - rakshithqueueasynctest.file.core.windows.net
        - /share7bd421e4/dir1
        - restype=directory
        - ''
- request:
    body: null
    headers:
      User-Agent:
      - azsdk-python-storage-file/12.0.0b1 Python/3.7.3 (Windows-10-10.0.17763-SP0)
      content-type:
      - application/xml; charset=utf-8
      x-ms-client-request-id:
      - ba7670ae-b4c7-11e9-ad78-2816a845e8c6
      x-ms-content-length:
      - '4'
      x-ms-date:
      - Fri, 02 Aug 2019 01:49:13 GMT
      x-ms-type:
      - file
      x-ms-version:
      - '2018-11-09'
    method: PUT
    uri: https://storagename.file.core.windows.net/share7bd421e4/dir1/filea1
  response:
    body:
      string: ''
    headers:
      ? !!python/object/new:multidict._istr.istr
      - Content-Length
      : '0'
      ? !!python/object/new:multidict._istr.istr
      - Date
      : Fri, 02 Aug 2019 01:49:13 GMT
      ? !!python/object/new:multidict._istr.istr
      - Etag
      : '"0x8D716EB9ED65483"'
      ? !!python/object/new:multidict._istr.istr
      - Last-Modified
      : Fri, 02 Aug 2019 01:49:13 GMT
      ? !!python/object/new:multidict._istr.istr
      - Server
      : Windows-Azure-File/1.0 Microsoft-HTTPAPI/2.0
      x-ms-request-id: f228c40b-201a-005e-6cd4-48cb6a000000
      x-ms-request-server-encrypted: 'true'
      x-ms-version: '2018-11-09'
    status:
      code: 201
      message: Created
    url: !!python/object/new:yarl.URL
      state: !!python/tuple
      - !!python/object/new:urllib.parse.SplitResult
        - https
        - rakshithqueueasynctest.file.core.windows.net
        - /share7bd421e4/dir1/filea1
        - ''
        - ''
- request:
    body: '1024'
    headers:
      Content-Length:
      - '4'
      Content-Type:
      - application/octet-stream
      User-Agent:
      - azsdk-python-storage-file/12.0.0b1 Python/3.7.3 (Windows-10-10.0.17763-SP0)
      x-ms-client-request-id:
      - ba7c5eec-b4c7-11e9-a72b-2816a845e8c6
      x-ms-date:
      - Fri, 02 Aug 2019 01:49:13 GMT
      x-ms-range:
      - bytes=0-3
      x-ms-version:
      - '2018-11-09'
      x-ms-write:
      - update
    method: PUT
    uri: https://storagename.file.core.windows.net/share7bd421e4/dir1/filea1?comp=range
  response:
    body:
      string: ''
    headers:
      ? !!python/object/new:multidict._istr.istr
      - Content-Length
      : '0'
      ? !!python/object/new:multidict._istr.istr
      - Content-Md5
      : Ahu8fuILcRNNU+ICBr1v6w==
      ? !!python/object/new:multidict._istr.istr
      - Date
      : Fri, 02 Aug 2019 01:49:13 GMT
      ? !!python/object/new:multidict._istr.istr
      - Etag
      : '"0x8D716EB9EDC7017"'
      ? !!python/object/new:multidict._istr.istr
      - Last-Modified
      : Fri, 02 Aug 2019 01:49:13 GMT
      ? !!python/object/new:multidict._istr.istr
      - Server
      : Windows-Azure-File/1.0 Microsoft-HTTPAPI/2.0
      x-ms-request-id: f228c40c-201a-005e-6dd4-48cb6a000000
      x-ms-request-server-encrypted: 'true'
      x-ms-version: '2018-11-09'
    status:
      code: 201
      message: Created
    url: !!python/object/new:yarl.URL
      state: !!python/tuple
      - !!python/object/new:urllib.parse.SplitResult
        - https
        - rakshithqueueasynctest.file.core.windows.net
        - /share7bd421e4/dir1/filea1
        - comp=range
        - ''
- request:
    body: null
    headers:
      User-Agent:
      - azsdk-python-storage-file/12.0.0b1 Python/3.7.3 (Windows-10-10.0.17763-SP0)
      content-type:
      - application/xml; charset=utf-8
      x-ms-client-request-id:
      - ba84bd00-b4c7-11e9-88a2-2816a845e8c6
      x-ms-content-length:
      - '4'
      x-ms-date:
      - Fri, 02 Aug 2019 01:49:13 GMT
      x-ms-type:
      - file
      x-ms-version:
      - '2018-11-09'
    method: PUT
    uri: https://storagename.file.core.windows.net/share7bd421e4/dir1/filea2
  response:
    body:
      string: ''
    headers:
      ? !!python/object/new:multidict._istr.istr
      - Content-Length
      : '0'
      ? !!python/object/new:multidict._istr.istr
      - Date
      : Fri, 02 Aug 2019 01:49:13 GMT
      ? !!python/object/new:multidict._istr.istr
      - Etag
      : '"0x8D716EB9EE487E2"'
      ? !!python/object/new:multidict._istr.istr
      - Last-Modified
      : Fri, 02 Aug 2019 01:49:13 GMT
      ? !!python/object/new:multidict._istr.istr
      - Server
      : Windows-Azure-File/1.0 Microsoft-HTTPAPI/2.0
      x-ms-request-id: f228c40d-201a-005e-6ed4-48cb6a000000
      x-ms-request-server-encrypted: 'true'
      x-ms-version: '2018-11-09'
    status:
      code: 201
      message: Created
    url: !!python/object/new:yarl.URL
      state: !!python/tuple
      - !!python/object/new:urllib.parse.SplitResult
        - https
        - rakshithqueueasynctest.file.core.windows.net
        - /share7bd421e4/dir1/filea2
        - ''
        - ''
- request:
    body: '1024'
    headers:
      Content-Length:
      - '4'
      Content-Type:
      - application/octet-stream
      User-Agent:
      - azsdk-python-storage-file/12.0.0b1 Python/3.7.3 (Windows-10-10.0.17763-SP0)
      x-ms-client-request-id:
      - ba8a3946-b4c7-11e9-8dd9-2816a845e8c6
      x-ms-date:
      - Fri, 02 Aug 2019 01:49:13 GMT
      x-ms-range:
      - bytes=0-3
      x-ms-version:
      - '2018-11-09'
      x-ms-write:
      - update
    method: PUT
    uri: https://storagename.file.core.windows.net/share7bd421e4/dir1/filea2?comp=range
  response:
    body:
      string: ''
    headers:
      ? !!python/object/new:multidict._istr.istr
      - Content-Length
      : '0'
      ? !!python/object/new:multidict._istr.istr
      - Content-Md5
      : Ahu8fuILcRNNU+ICBr1v6w==
      ? !!python/object/new:multidict._istr.istr
      - Date
      : Fri, 02 Aug 2019 01:49:13 GMT
      ? !!python/object/new:multidict._istr.istr
      - Etag
      : '"0x8D716EB9EEA5550"'
      ? !!python/object/new:multidict._istr.istr
      - Last-Modified
      : Fri, 02 Aug 2019 01:49:13 GMT
      ? !!python/object/new:multidict._istr.istr
      - Server
      : Windows-Azure-File/1.0 Microsoft-HTTPAPI/2.0
      x-ms-request-id: f228c40e-201a-005e-6fd4-48cb6a000000
      x-ms-request-server-encrypted: 'true'
      x-ms-version: '2018-11-09'
    status:
      code: 201
      message: Created
    url: !!python/object/new:yarl.URL
      state: !!python/tuple
      - !!python/object/new:urllib.parse.SplitResult
        - https
        - rakshithqueueasynctest.file.core.windows.net
        - /share7bd421e4/dir1/filea2
        - comp=range
        - ''
- request:
    body: null
    headers:
      User-Agent:
      - azsdk-python-storage-file/12.0.0b1 Python/3.7.3 (Windows-10-10.0.17763-SP0)
      content-type:
      - application/xml; charset=utf-8
      x-ms-client-request-id:
      - ba96b276-b4c7-11e9-8608-2816a845e8c6
      x-ms-content-length:
      - '4'
      x-ms-date:
      - Fri, 02 Aug 2019 01:49:13 GMT
      x-ms-type:
      - file
      x-ms-version:
      - '2018-11-09'
    method: PUT
    uri: https://storagename.file.core.windows.net/share7bd421e4/dir1/filea3
  response:
    body:
      string: ''
    headers:
      ? !!python/object/new:multidict._istr.istr
      - Content-Length
      : '0'
      ? !!python/object/new:multidict._istr.istr
      - Date
      : Fri, 02 Aug 2019 01:49:13 GMT
      ? !!python/object/new:multidict._istr.istr
      - Etag
      : '"0x8D716EB9EF701CC"'
      ? !!python/object/new:multidict._istr.istr
      - Last-Modified
      : Fri, 02 Aug 2019 01:49:13 GMT
      ? !!python/object/new:multidict._istr.istr
      - Server
      : Windows-Azure-File/1.0 Microsoft-HTTPAPI/2.0
      x-ms-request-id: f228c410-201a-005e-70d4-48cb6a000000
      x-ms-request-server-encrypted: 'true'
      x-ms-version: '2018-11-09'
    status:
      code: 201
      message: Created
    url: !!python/object/new:yarl.URL
      state: !!python/tuple
      - !!python/object/new:urllib.parse.SplitResult
        - https
        - rakshithqueueasynctest.file.core.windows.net
        - /share7bd421e4/dir1/filea3
        - ''
        - ''
- request:
    body: '1024'
    headers:
      Content-Length:
      - '4'
      Content-Type:
      - application/octet-stream
      User-Agent:
      - azsdk-python-storage-file/12.0.0b1 Python/3.7.3 (Windows-10-10.0.17763-SP0)
      x-ms-client-request-id:
      - ba9cca50-b4c7-11e9-abf4-2816a845e8c6
      x-ms-date:
      - Fri, 02 Aug 2019 01:49:13 GMT
      x-ms-range:
      - bytes=0-3
      x-ms-version:
      - '2018-11-09'
      x-ms-write:
      - update
    method: PUT
    uri: https://storagename.file.core.windows.net/share7bd421e4/dir1/filea3?comp=range
  response:
    body:
      string: ''
    headers:
      ? !!python/object/new:multidict._istr.istr
      - Content-Length
      : '0'
      ? !!python/object/new:multidict._istr.istr
      - Content-Md5
      : Ahu8fuILcRNNU+ICBr1v6w==
      ? !!python/object/new:multidict._istr.istr
      - Date
      : Fri, 02 Aug 2019 01:49:13 GMT
      ? !!python/object/new:multidict._istr.istr
      - Etag
      : '"0x8D716EB9EFCF658"'
      ? !!python/object/new:multidict._istr.istr
      - Last-Modified
      : Fri, 02 Aug 2019 01:49:13 GMT
      ? !!python/object/new:multidict._istr.istr
      - Server
      : Windows-Azure-File/1.0 Microsoft-HTTPAPI/2.0
      x-ms-request-id: f228c411-201a-005e-71d4-48cb6a000000
      x-ms-request-server-encrypted: 'true'
      x-ms-version: '2018-11-09'
    status:
      code: 201
      message: Created
    url: !!python/object/new:yarl.URL
      state: !!python/tuple
      - !!python/object/new:urllib.parse.SplitResult
        - https
        - rakshithqueueasynctest.file.core.windows.net
        - /share7bd421e4/dir1/filea3
        - comp=range
        - ''
- request:
    body: null
    headers:
      User-Agent:
      - azsdk-python-storage-file/12.0.0b1 Python/3.7.3 (Windows-10-10.0.17763-SP0)
      content-type:
      - application/xml; charset=utf-8
      x-ms-client-request-id:
      - baa91e00-b4c7-11e9-b250-2816a845e8c6
      x-ms-content-length:
      - '4'
      x-ms-date:
      - Fri, 02 Aug 2019 01:49:13 GMT
      x-ms-type:
      - file
      x-ms-version:
      - '2018-11-09'
    method: PUT
    uri: https://storagename.file.core.windows.net/share7bd421e4/dir1/fileb1
  response:
    body:
      string: ''
    headers:
      ? !!python/object/new:multidict._istr.istr
      - Content-Length
      : '0'
      ? !!python/object/new:multidict._istr.istr
      - Date
      : Fri, 02 Aug 2019 01:49:13 GMT
      ? !!python/object/new:multidict._istr.istr
      - Etag
      : '"0x8D716EB9F09A2CF"'
      ? !!python/object/new:multidict._istr.istr
      - Last-Modified
      : Fri, 02 Aug 2019 01:49:13 GMT
      ? !!python/object/new:multidict._istr.istr
      - Server
      : Windows-Azure-File/1.0 Microsoft-HTTPAPI/2.0
      x-ms-request-id: f228c412-201a-005e-72d4-48cb6a000000
      x-ms-request-server-encrypted: 'true'
      x-ms-version: '2018-11-09'
    status:
      code: 201
      message: Created
    url: !!python/object/new:yarl.URL
      state: !!python/tuple
      - !!python/object/new:urllib.parse.SplitResult
        - https
        - rakshithqueueasynctest.file.core.windows.net
        - /share7bd421e4/dir1/fileb1
        - ''
        - ''
- request:
    body: '1024'
    headers:
      Content-Length:
      - '4'
      Content-Type:
      - application/octet-stream
      User-Agent:
      - azsdk-python-storage-file/12.0.0b1 Python/3.7.3 (Windows-10-10.0.17763-SP0)
      x-ms-client-request-id:
      - bab06a22-b4c7-11e9-80bf-2816a845e8c6
      x-ms-date:
      - Fri, 02 Aug 2019 01:49:13 GMT
      x-ms-range:
      - bytes=0-3
      x-ms-version:
      - '2018-11-09'
      x-ms-write:
      - update
    method: PUT
    uri: https://storagename.file.core.windows.net/share7bd421e4/dir1/fileb1?comp=range
  response:
    body:
      string: ''
    headers:
      ? !!python/object/new:multidict._istr.istr
      - Content-Length
      : '0'
      ? !!python/object/new:multidict._istr.istr
      - Content-Md5
      : Ahu8fuILcRNNU+ICBr1v6w==
      ? !!python/object/new:multidict._istr.istr
      - Date
      : Fri, 02 Aug 2019 01:49:13 GMT
      ? !!python/object/new:multidict._istr.istr
      - Etag
      : '"0x8D716EB9F11BA96"'
      ? !!python/object/new:multidict._istr.istr
      - Last-Modified
      : Fri, 02 Aug 2019 01:49:13 GMT
      ? !!python/object/new:multidict._istr.istr
      - Server
      : Windows-Azure-File/1.0 Microsoft-HTTPAPI/2.0
      x-ms-request-id: f228c413-201a-005e-73d4-48cb6a000000
      x-ms-request-server-encrypted: 'true'
      x-ms-version: '2018-11-09'
    status:
      code: 201
      message: Created
    url: !!python/object/new:yarl.URL
      state: !!python/tuple
      - !!python/object/new:urllib.parse.SplitResult
        - https
        - rakshithqueueasynctest.file.core.windows.net
        - /share7bd421e4/dir1/fileb1
        - comp=range
        - ''
- request:
    body: null
    headers:
      Accept:
      - application/xml
      User-Agent:
      - azsdk-python-storage-file/12.0.0b1 Python/3.7.3 (Windows-10-10.0.17763-SP0)
      content-type:
      - application/xml; charset=utf-8
      x-ms-client-request-id:
      - babe918c-b4c7-11e9-b7b5-2816a845e8c6
      x-ms-date:
      - Fri, 02 Aug 2019 01:49:13 GMT
      x-ms-version:
      - '2018-11-09'
    method: GET
    uri: https://storagename.file.core.windows.net/share7bd421e4/dir1?maxresults=2&restype=directory&comp=list
  response:
    body:
      string: "\uFEFF<?xml version=\"1.0\" encoding=\"utf-8\"?><EnumerationResults
        ServiceEndpoint=\"https://storagename.file.core.windows.net/\" ShareName=\"share7bd421e4\"
        DirectoryPath=\"dir1\"><MaxResults>2</MaxResults><Entries><File><Name>filea1</Name><Properties><Content-Length>4</Content-Length></Properties></File><File><Name>filea2</Name><Properties><Content-Length>4</Content-Length></Properties></File></Entries><NextMarker>1!8!ZmlsZWEz</NextMarker></EnumerationResults>"
    headers:
      ? !!python/object/new:multidict._istr.istr
      - Content-Type
      : application/xml
      ? !!python/object/new:multidict._istr.istr
      - Date
      : Fri, 02 Aug 2019 01:49:13 GMT
      ? !!python/object/new:multidict._istr.istr
      - Server
      : Windows-Azure-File/1.0 Microsoft-HTTPAPI/2.0
      ? !!python/object/new:multidict._istr.istr
      - Transfer-Encoding
      : chunked
      ? !!python/object/new:multidict._istr.istr
      - Vary
      : Origin
      x-ms-request-id: f228c414-201a-005e-74d4-48cb6a000000
      x-ms-version: '2018-11-09'
    status:
      code: 200
      message: OK
    url: !!python/object/new:yarl.URL
      state: !!python/tuple
      - !!python/object/new:urllib.parse.SplitResult
        - https
        - rakshithqueueasynctest.file.core.windows.net
        - /share7bd421e4/dir1
        - maxresults=2&restype=directory&comp=list
        - ''
- request:
    body: null
    headers:
      Accept:
      - application/xml
      User-Agent:
      - azsdk-python-storage-file/12.0.0b1 Python/3.7.3 (Windows-10-10.0.17763-SP0)
      content-type:
      - application/xml; charset=utf-8
      x-ms-client-request-id:
      - baf0569c-b4c7-11e9-9cb4-2816a845e8c6
      x-ms-date:
      - Fri, 02 Aug 2019 01:49:13 GMT
      x-ms-version:
      - '2018-11-09'
    method: GET
    uri: https://storagename.file.core.windows.net/share7bd421e4/dir1?marker=1!8!ZmlsZWEz&maxresults=2&restype=directory&comp=list
  response:
    body:
      string: "\uFEFF<?xml version=\"1.0\" encoding=\"utf-8\"?><EnumerationResults
        ServiceEndpoint=\"https://storagename.file.core.windows.net/\" ShareName=\"share7bd421e4\"
        DirectoryPath=\"dir1\"><Marker>1!8!ZmlsZWEz</Marker><MaxResults>2</MaxResults><Entries><File><Name>filea3</Name><Properties><Content-Length>4</Content-Length></Properties></File><File><Name>fileb1</Name><Properties><Content-Length>4</Content-Length></Properties></File></Entries><NextMarker
        /></EnumerationResults>"
    headers:
      ? !!python/object/new:multidict._istr.istr
      - Content-Type
      : application/xml
      ? !!python/object/new:multidict._istr.istr
      - Date
      : Fri, 02 Aug 2019 01:49:13 GMT
      ? !!python/object/new:multidict._istr.istr
      - Server
      : Windows-Azure-File/1.0 Microsoft-HTTPAPI/2.0
      ? !!python/object/new:multidict._istr.istr
      - Transfer-Encoding
      : chunked
      ? !!python/object/new:multidict._istr.istr
      - Vary
      : Origin
      x-ms-request-id: f228c415-201a-005e-75d4-48cb6a000000
      x-ms-version: '2018-11-09'
    status:
      code: 200
      message: OK
    url: !!python/object/new:yarl.URL
      state: !!python/tuple
      - !!python/object/new:urllib.parse.SplitResult
        - https
        - rakshithqueueasynctest.file.core.windows.net
        - /share7bd421e4/dir1
        - marker=1!8!ZmlsZWEz&maxresults=2&restype=directory&comp=list
        - ''
version: 1
