interactions:
- request:
    body: null
    headers:
      Accept:
      - '*/*'
      Accept-Encoding:
      - gzip, deflate
      Connection:
      - keep-alive
      Content-Length:
      - '0'
      User-Agent:
      - azsdk-python-storage-file/12.0.0b3 Python/3.7.3 (Windows-10-10.0.17763-SP0)
      x-ms-date:
      - Thu, 12 Sep 2019 07:14:31 GMT
      x-ms-version:
      - '2019-02-02'
    method: PUT
    uri: https://pyacrstorage615e10e0.file.core.windows.net/filesfromurl?restype=share
  response:
    body:
      string: ''
    headers:
      content-length:
      - '0'
      date:
      - Thu, 12 Sep 2019 07:14:31 GMT
      etag:
      - '"0x8D73750DBA4BFB2"'
      last-modified:
      - Thu, 12 Sep 2019 07:14:31 GMT
      server:
      - Windows-Azure-File/1.0 Microsoft-HTTPAPI/2.0
      x-ms-version:
      - '2019-02-02'
    status:
      code: 201
      message: Created
- request:
    body: null
    headers:
      Accept:
      - '*/*'
      Accept-Encoding:
      - gzip, deflate
      Connection:
      - keep-alive
      Content-Length:
      - '0'
      User-Agent:
      - azsdk-python-storage-file/12.0.0b3 Python/3.7.3 (Windows-10-10.0.17763-SP0)
      x-ms-content-length:
      - '55'
      x-ms-date:
      - Thu, 12 Sep 2019 07:14:33 GMT
      x-ms-file-attributes:
      - none
      x-ms-file-creation-time:
      - now
      x-ms-file-last-write-time:
      - now
      x-ms-file-permission:
      - Inherit
      x-ms-type:
      - file
      x-ms-version:
      - '2019-02-02'
    method: PUT
    uri: https://pyacrstorage615e10e0.file.core.windows.net/filesfromurl/sourcefile
  response:
    body:
      string: ''
    headers:
      content-length:
      - '0'
      date:
      - Thu, 12 Sep 2019 07:14:32 GMT
      etag:
      - '"0x8D73750DC402111"'
      last-modified:
      - Thu, 12 Sep 2019 07:14:32 GMT
      server:
      - Windows-Azure-File/1.0 Microsoft-HTTPAPI/2.0
      x-ms-file-attributes:
      - Archive
      x-ms-file-change-time:
      - '2019-09-12T07:14:32.8316177Z'
      x-ms-file-creation-time:
      - '2019-09-12T07:14:32.8316177Z'
      x-ms-file-id:
      - '13835128424026341376'
      x-ms-file-last-write-time:
      - '2019-09-12T07:14:32.8316177Z'
      x-ms-file-parent-id:
      - '0'
      x-ms-file-permission-key:
      - 16211291218452880364*5213755742316065634
      x-ms-request-server-encrypted:
      - 'true'
      x-ms-version:
      - '2019-02-02'
    status:
      code: 201
      message: Created
- request:
    body: Lorem ipsum dolor sit amet, consectetur adipiscing elit
    headers:
      Accept:
      - '*/*'
      Accept-Encoding:
      - gzip, deflate
      Connection:
      - keep-alive
      Content-Length:
      - '55'
      Content-Type:
      - application/octet-stream
      User-Agent:
      - azsdk-python-storage-file/12.0.0b3 Python/3.7.3 (Windows-10-10.0.17763-SP0)
      x-ms-date:
      - Thu, 12 Sep 2019 07:14:34 GMT
      x-ms-range:
      - bytes=0-54
      x-ms-version:
      - '2019-02-02'
      x-ms-write:
      - update
    method: PUT
    uri: https://pyacrstorage615e10e0.file.core.windows.net/filesfromurl/sourcefile?comp=range
  response:
    body:
      string: ''
    headers:
      content-length:
      - '0'
      content-md5:
      - /BCgjff6+jhxFmZGYJ4clQ==
      date:
      - Thu, 12 Sep 2019 07:14:32 GMT
      etag:
      - '"0x8D73750DC62A58D"'
      last-modified:
      - Thu, 12 Sep 2019 07:14:33 GMT
      server:
      - Windows-Azure-File/1.0 Microsoft-HTTPAPI/2.0
      x-ms-request-server-encrypted:
      - 'true'
      x-ms-version:
      - '2019-02-02'
    status:
      code: 201
      message: Created
- request:
    body: null
    headers:
      Accept:
      - '*/*'
      Accept-Encoding:
      - gzip, deflate
      Connection:
      - keep-alive
      Content-Length:
      - '0'
      User-Agent:
      - azsdk-python-storage-file/12.0.0b3 Python/3.7.3 (Windows-10-10.0.17763-SP0)
      x-ms-copy-source:
      - https://pyacrstorage615e10e0.file.core.windows.net/filesfromurl/sourcefile
      x-ms-date:
      - Thu, 12 Sep 2019 07:14:34 GMT
      x-ms-version:
      - '2019-02-02'
    method: PUT
    uri: https://pyacrstorage615e10e0.file.core.windows.net/filesfromurl/destfile
  response:
    body:
      string: ''
    headers:
      content-length:
      - '0'
      date:
      - Thu, 12 Sep 2019 07:14:33 GMT
      etag:
      - '"0x8D73750DCE16A29"'
      last-modified:
      - Thu, 12 Sep 2019 07:14:33 GMT
      server:
      - Windows-Azure-File/1.0 Microsoft-HTTPAPI/2.0
      x-ms-copy-id:
      - e2ae927b-7126-401b-8997-914eb3619bac
      x-ms-copy-status:
      - success
      x-ms-version:
      - '2019-02-02'
    status:
      code: 202
      message: Accepted
- request:
    body: null
    headers:
      Accept:
      - '*/*'
      Accept-Encoding:
      - gzip, deflate
      Connection:
      - keep-alive
      Content-Length:
      - '0'
      User-Agent:
      - azsdk-python-storage-file/12.0.0b3 Python/3.7.3 (Windows-10-10.0.17763-SP0)
      x-ms-date:
      - Thu, 12 Sep 2019 07:14:35 GMT
      x-ms-version:
      - '2019-02-02'
    method: DELETE
    uri: https://pyacrstorage615e10e0.file.core.windows.net/filesfromurl?restype=share
  response:
    body:
      string: ''
    headers:
      content-length:
      - '0'
      date:
      - Thu, 12 Sep 2019 07:14:34 GMT
      server:
      - Windows-Azure-File/1.0 Microsoft-HTTPAPI/2.0
      x-ms-version:
      - '2019-02-02'
    status:
      code: 202
      message: Accepted
version: 1
