interactions:
- request:
    body: null
    headers:
      User-Agent:
      - azsdk-python-storage-file/12.0.0b3 Python/3.7.3 (Windows-10-10.0.17763-SP0)
      x-ms-date:
      - Thu, 12 Sep 2019 07:11:59 GMT
      x-ms-version:
      - '2019-02-02'
    method: PUT
    uri: https://pyacrstoragef6711420.file.core.windows.net/filesshare?restype=share
  response:
    body:
      string: ''
    headers:
      content-length: '0'
      date: Thu, 12 Sep 2019 07:11:58 GMT
      etag: '"0x8D7375080209E97"'
      last-modified: Thu, 12 Sep 2019 07:11:58 GMT
      server: Windows-Azure-File/1.0 Microsoft-HTTPAPI/2.0
      x-ms-version: '2019-02-02'
    status:
      code: 201
      message: Created
    url: !!python/object/new:yarl.URL
      state: !!python/tuple
      - !!python/object/new:urllib.parse.SplitResult
        - https
        - pyacrstoragef6711420.file.core.windows.net
        - /filesshare
        - restype=share
        - ''
- request:
    body: null
    headers:
      User-Agent:
      - azsdk-python-storage-file/12.0.0b3 Python/3.7.3 (Windows-10-10.0.17763-SP0)
      x-ms-content-length:
      - '100'
      x-ms-date:
      - Thu, 12 Sep 2019 07:11:59 GMT
      x-ms-file-attributes:
      - none
      x-ms-file-creation-time:
      - now
      x-ms-file-last-write-time:
      - now
      x-ms-file-permission:
      - Inherit
      x-ms-type:
      - file
      x-ms-version:
      - '2019-02-02'
    method: PUT
    uri: https://pyacrstoragef6711420.file.core.windows.net/filesshare/myfile
  response:
    body:
      string: ''
    headers:
      content-length: '0'
      date: Thu, 12 Sep 2019 07:11:58 GMT
      etag: '"0x8D737508036B53C"'
      last-modified: Thu, 12 Sep 2019 07:11:58 GMT
      server: Windows-Azure-File/1.0 Microsoft-HTTPAPI/2.0
      x-ms-file-attributes: Archive
      x-ms-file-change-time: '2019-09-12T07:11:58.4194876Z'
      x-ms-file-creation-time: '2019-09-12T07:11:58.4194876Z'
      x-ms-file-id: '13835128424026341376'
      x-ms-file-last-write-time: '2019-09-12T07:11:58.4194876Z'
      x-ms-file-parent-id: '0'
      x-ms-file-permission-key: 14686193815225441046*7165015039221494680
      x-ms-request-server-encrypted: 'true'
      x-ms-version: '2019-02-02'
    status:
      code: 201
      message: Created
    url: !!python/object/new:yarl.URL
      state: !!python/tuple
      - !!python/object/new:urllib.parse.SplitResult
        - https
        - pyacrstoragef6711420.file.core.windows.net
        - /filesshare/myfile
        - ''
        - ''
- request:
    body: null
    headers:
      User-Agent:
      - azsdk-python-storage-file/12.0.0b3 Python/3.7.3 (Windows-10-10.0.17763-SP0)
      x-ms-content-length:
      - '55'
      x-ms-date:
      - Thu, 12 Sep 2019 07:12:00 GMT
      x-ms-file-attributes:
      - none
      x-ms-file-creation-time:
      - now
      x-ms-file-last-write-time:
      - now
      x-ms-file-permission:
      - Inherit
      x-ms-type:
      - file
      x-ms-version:
      - '2019-02-02'
    method: PUT
    uri: https://pyacrstoragef6711420.file.core.windows.net/filesshare/myfile2
  response:
    body:
      string: ''
    headers:
      content-length: '0'
      date: Thu, 12 Sep 2019 07:11:58 GMT
      etag: '"0x8D73750803EA5F3"'
      last-modified: Thu, 12 Sep 2019 07:11:58 GMT
      server: Windows-Azure-File/1.0 Microsoft-HTTPAPI/2.0
      x-ms-file-attributes: Archive
      x-ms-file-change-time: '2019-09-12T07:11:58.4715251Z'
      x-ms-file-creation-time: '2019-09-12T07:11:58.4715251Z'
      x-ms-file-id: '11529285414812647424'
      x-ms-file-last-write-time: '2019-09-12T07:11:58.4715251Z'
      x-ms-file-parent-id: '0'
      x-ms-file-permission-key: 14686193815225441046*7165015039221494680
      x-ms-request-server-encrypted: 'true'
      x-ms-version: '2019-02-02'
    status:
      code: 201
      message: Created
    url: !!python/object/new:yarl.URL
      state: !!python/tuple
      - !!python/object/new:urllib.parse.SplitResult
        - https
        - pyacrstoragef6711420.file.core.windows.net
        - /filesshare/myfile2
        - ''
        - ''
- request:
    body: Lorem ipsum dolor sit amet, consectetur adipiscing elit
    headers:
      Content-Length:
      - '55'
      Content-Type:
      - application/octet-stream
      User-Agent:
      - azsdk-python-storage-file/12.0.0b3 Python/3.7.3 (Windows-10-10.0.17763-SP0)
      x-ms-date:
      - Thu, 12 Sep 2019 07:12:00 GMT
      x-ms-range:
      - bytes=0-54
      x-ms-version:
      - '2019-02-02'
      x-ms-write:
      - update
    method: PUT
    uri: https://pyacrstoragef6711420.file.core.windows.net/filesshare/myfile2?comp=range
  response:
    body:
      string: ''
    headers:
      content-length: '0'
      content-md5: /BCgjff6+jhxFmZGYJ4clQ==
      date: Thu, 12 Sep 2019 07:11:58 GMT
      etag: '"0x8D7375080462162"'
      last-modified: Thu, 12 Sep 2019 07:11:58 GMT
      server: Windows-Azure-File/1.0 Microsoft-HTTPAPI/2.0
      x-ms-request-server-encrypted: 'true'
      x-ms-version: '2019-02-02'
    status:
      code: 201
      message: Created
    url: !!python/object/new:yarl.URL
      state: !!python/tuple
      - !!python/object/new:urllib.parse.SplitResult
        - https
        - pyacrstoragef6711420.file.core.windows.net
        - /filesshare/myfile2
        - comp=range
        - ''
- request:
    body: null
    headers:
      User-Agent:
      - azsdk-python-storage-file/12.0.0b3 Python/3.7.3 (Windows-10-10.0.17763-SP0)
      x-ms-date:
      - Thu, 12 Sep 2019 07:12:00 GMT
      x-ms-version:
      - '2019-02-02'
    method: DELETE
    uri: https://pyacrstoragef6711420.file.core.windows.net/filesshare?restype=share
  response:
    body:
      string: ''
    headers:
      content-length: '0'
      date: Thu, 12 Sep 2019 07:11:58 GMT
      server: Windows-Azure-File/1.0 Microsoft-HTTPAPI/2.0
      x-ms-version: '2019-02-02'
    status:
      code: 202
      message: Accepted
    url: !!python/object/new:yarl.URL
      state: !!python/tuple
      - !!python/object/new:urllib.parse.SplitResult
        - https
        - pyacrstoragef6711420.file.core.windows.net
        - /filesshare
        - restype=share
        - ''
version: 1
