interactions:
- request:
    body: null
    headers:
      User-Agent:
      - azsdk-python-storage-file/12.0.0b2 Python/3.7.3 (Windows-10-10.0.17763-SP0)
      content-type:
      - application/xml; charset=utf-8
      x-ms-date:
      - Fri, 23 Aug 2019 02:57:20 GMT
      x-ms-version:
      - '2018-11-09'
    method: PUT
    uri: https://pyacrstoragef6711420.file.core.windows.net/filesshare?restype=share
  response:
    body:
      string: ''
    headers:
      content-length: '0'
      date: Fri, 23 Aug 2019 02:57:19 GMT
      etag: '"0x8D727759D8DF16E"'
      last-modified: Fri, 23 Aug 2019 02:57:20 GMT
      server: Windows-Azure-File/1.0 Microsoft-HTTPAPI/2.0
      x-ms-version: '2018-11-09'
    status:
      code: 201
      message: Created
    url: !!python/object/new:yarl.URL
      state: !!python/tuple
      - !!python/object/new:urllib.parse.SplitResult
        - https
        - pyacrstoragef6711420.file.core.windows.net
        - /filesshare
        - restype=share
        - ''
- request:
    body: null
    headers:
      User-Agent:
      - azsdk-python-storage-file/12.0.0b2 Python/3.7.3 (Windows-10-10.0.17763-SP0)
      content-type:
      - application/xml; charset=utf-8
      x-ms-content-length:
      - '100'
      x-ms-date:
      - Fri, 23 Aug 2019 02:57:20 GMT
      x-ms-type:
      - file
      x-ms-version:
      - '2018-11-09'
    method: PUT
    uri: https://pyacrstoragef6711420.file.core.windows.net/filesshare/myfile
  response:
    body:
      string: ''
    headers:
      content-length: '0'
      date: Fri, 23 Aug 2019 02:57:19 GMT
      etag: '"0x8D727759DA9F2EA"'
      last-modified: Fri, 23 Aug 2019 02:57:20 GMT
      server: Windows-Azure-File/1.0 Microsoft-HTTPAPI/2.0
      x-ms-request-server-encrypted: 'true'
      x-ms-version: '2018-11-09'
    status:
      code: 201
      message: Created
    url: !!python/object/new:yarl.URL
      state: !!python/tuple
      - !!python/object/new:urllib.parse.SplitResult
        - https
        - pyacrstoragef6711420.file.core.windows.net
        - /filesshare/myfile
        - ''
        - ''
- request:
    body: null
    headers:
      User-Agent:
      - azsdk-python-storage-file/12.0.0b2 Python/3.7.3 (Windows-10-10.0.17763-SP0)
      content-type:
      - application/xml; charset=utf-8
      x-ms-date:
      - Fri, 23 Aug 2019 02:57:20 GMT
      x-ms-version:
      - '2018-11-09'
    method: DELETE
    uri: https://pyacrstoragef6711420.file.core.windows.net/filesshare?restype=share
  response:
    body:
      string: ''
    headers:
      content-length: '0'
      date: Fri, 23 Aug 2019 02:57:19 GMT
      server: Windows-Azure-File/1.0 Microsoft-HTTPAPI/2.0
      x-ms-version: '2018-11-09'
    status:
      code: 202
      message: Accepted
    url: !!python/object/new:yarl.URL
      state: !!python/tuple
      - !!python/object/new:urllib.parse.SplitResult
        - https
        - pyacrstoragef6711420.file.core.windows.net
        - /filesshare
        - restype=share
        - ''
version: 1
