interactions:
- request:
    body: null
    headers:
      Accept:
      - '*/*'
      Accept-Encoding:
      - gzip, deflate
      Connection:
      - keep-alive
      Content-Length:
      - '0'
      User-Agent:
      - python/3.6.5 (Darwin-16.7.0-x86_64-i386-64bit) azure-core/0.0.1
      x-ms-client-request-id:
      - d0284cc6-9813-11e9-91de-f45c89a7d159
      x-ms-date:
      - Wed, 26 Jun 2019 13:10:47 GMT
      x-ms-version:
      - '2018-11-09'
    method: PUT
    uri: https://blobstoragename.file.core.windows.net/share31600fc8?restype=share
  response:
    body:
      string: ''
    headers:
      Content-Length:
      - '0'
      Date:
      - Wed, 26 Jun 2019 13:10:48 GMT
      ETag:
      - '"0x8D6FA37B53694DF"'
      Last-Modified:
      - Wed, 26 Jun 2019 13:10:48 GMT
      Server:
      - Windows-Azure-File/1.0 Microsoft-HTTPAPI/2.0
      x-ms-request-id:
      - 1f1aabf5-e01a-0029-0320-2c1242000000
      x-ms-version:
      - '2018-11-09'
    status:
      code: 201
      message: Created
- request:
    body: null
    headers:
      Accept:
      - application/xml
      Accept-Encoding:
      - gzip, deflate
      Connection:
      - keep-alive
      User-Agent:
      - python/3.6.5 (Darwin-16.7.0-x86_64-i386-64bit) azure-core/0.0.1
      x-ms-client-request-id:
      - d05ab9d4-9813-11e9-9185-f45c89a7d159
      x-ms-date:
      - Wed, 26 Jun 2019 13:10:47 GMT
      x-ms-version:
      - '2018-11-09'
    method: GET
    uri: https://blobstoragename.file.core.windows.net/?include=&comp=list
  response:
    body:
      string: "\uFEFF<?xml version=\"1.0\" encoding=\"utf-8\"?><EnumerationResults\
        \ ServiceEndpoint=\"https://blobstoragename.file.core.windows.net/\"><Shares><Share><Name>share31600fc8</Name><Properties><Last-Modified>Wed,\
        \ 26 Jun 2019 13:10:48 GMT</Last-Modified><Etag>\"0x8D6FA37B53694DF\"</Etag><Quota>5120</Quota></Properties></Share><Share><Name>utsharea52e1263</Name><Properties><Last-Modified>Wed,\
        \ 26 Jun 2019 05:03:04 GMT</Last-Modified><Etag>\"0x8D6F9F3923BEEEF\"</Etag><Quota>5120</Quota></Properties></Share></Shares><NextMarker\
        \ /></EnumerationResults>"
    headers:
      Content-Type:
      - application/xml
      Date:
      - Wed, 26 Jun 2019 13:10:49 GMT
      Server:
      - Windows-Azure-File/1.0 Microsoft-HTTPAPI/2.0
      Transfer-Encoding:
      - chunked
      Vary:
      - Origin
      x-ms-request-id:
      - 1f1aabf9-e01a-0029-0420-2c1242000000
      x-ms-version:
      - '2018-11-09'
    status:
      code: 200
      message: OK
- request:
    body: null
    headers:
      Accept:
      - '*/*'
      Accept-Encoding:
      - gzip, deflate
      Connection:
      - keep-alive
      Content-Length:
      - '0'
      User-Agent:
      - python/3.6.5 (Darwin-16.7.0-x86_64-i386-64bit) azure-core/0.0.1
      x-ms-client-request-id:
      - cc6e9b78-9814-11e9-ab07-f45c89a7d159
      x-ms-date:
      - Wed, 26 Jun 2019 13:17:50 GMT
      x-ms-version:
      - '2018-11-09'
    method: PUT
    uri: https://blobstoragename.file.core.windows.net/share31600fc8?restype=share
  response:
    body:
      string: ''
    headers:
      Content-Length:
      - '0'
      Date:
      - Wed, 26 Jun 2019 13:17:51 GMT
      ETag:
      - '"0x8D6FA38B17933A9"'
      Last-Modified:
      - Wed, 26 Jun 2019 13:17:52 GMT
      Server:
      - Windows-Azure-File/1.0 Microsoft-HTTPAPI/2.0
      x-ms-request-id:
      - 4ee07a3c-b01a-00df-3821-2c3554000000
      x-ms-version:
      - '2018-11-09'
    status:
      code: 201
      message: Created
- request:
    body: null
    headers:
      Accept:
      - application/xml
      Accept-Encoding:
      - gzip, deflate
      Connection:
      - keep-alive
      User-Agent:
      - python/3.6.5 (Darwin-16.7.0-x86_64-i386-64bit) azure-core/0.0.1
      x-ms-client-request-id:
      - cc9d3802-9814-11e9-902c-f45c89a7d159
      x-ms-date:
      - Wed, 26 Jun 2019 13:17:51 GMT
      x-ms-version:
      - '2018-11-09'
    method: GET
    uri: https://blobstoragename.file.core.windows.net/?include=&comp=list
  response:
    body:
      string: "\uFEFF<?xml version=\"1.0\" encoding=\"utf-8\"?><EnumerationResults\
        \ ServiceEndpoint=\"https://blobstoragename.file.core.windows.net/\"><Shares><Share><Name>share31600fc8</Name><Properties><Last-Modified>Wed,\
        \ 26 Jun 2019 13:17:52 GMT</Last-Modified><Etag>\"0x8D6FA38B17933A9\"</Etag><Quota>5120</Quota></Properties></Share></Shares><NextMarker\
        \ /></EnumerationResults>"
    headers:
      Content-Type:
      - application/xml
      Date:
      - Wed, 26 Jun 2019 13:17:51 GMT
      Server:
      - Windows-Azure-File/1.0 Microsoft-HTTPAPI/2.0
      Transfer-Encoding:
      - chunked
      Vary:
      - Origin
      x-ms-request-id:
      - 4ee07a3f-b01a-00df-3921-2c3554000000
      x-ms-version:
      - '2018-11-09'
    status:
      code: 200
      message: OK
- request:
    body: null
    headers:
      Accept:
      - '*/*'
      Accept-Encoding:
      - gzip, deflate
      Connection:
      - keep-alive
      Content-Length:
      - '0'
      User-Agent:
      - python/3.6.5 (Darwin-16.7.0-x86_64-i386-64bit) azure-core/0.0.1
      x-ms-client-request-id:
      - a17b72e8-9818-11e9-8c0e-f45c89a7d159
      x-ms-date:
      - Wed, 26 Jun 2019 13:45:16 GMT
      x-ms-version:
      - '2018-11-09'
    method: PUT
    uri: https://storagename.file.core.windows.net/share31600fc8?restype=share
  response:
    body:
      string: ''
    headers:
      Content-Length:
      - '0'
      Date:
      - Wed, 26 Jun 2019 13:45:16 GMT
      ETag:
      - '"0x8D6FA3C85DC5340"'
      Last-Modified:
      - Wed, 26 Jun 2019 13:45:17 GMT
      Server:
      - Windows-Azure-File/1.0 Microsoft-HTTPAPI/2.0
      x-ms-request-id:
      - b5428711-701a-0086-0e25-2c30d2000000
      x-ms-version:
      - '2018-11-09'
    status:
      code: 201
      message: Created
- request:
    body: null
    headers:
      Accept:
      - application/xml
      Accept-Encoding:
      - gzip, deflate
      Connection:
      - keep-alive
      User-Agent:
      - python/3.6.5 (Darwin-16.7.0-x86_64-i386-64bit) azure-core/0.0.1
      x-ms-client-request-id:
      - a1b4ad4c-9818-11e9-a9a2-f45c89a7d159
      x-ms-date:
      - Wed, 26 Jun 2019 13:45:17 GMT
      x-ms-version:
      - '2018-11-09'
    method: GET
    uri: https://storagename.file.core.windows.net/?include=&comp=list
  response:
    body:
      string: "\uFEFF<?xml version=\"1.0\" encoding=\"utf-8\"?><EnumerationResults\
        \ ServiceEndpoint=\"https://storagename.file.core.windows.net/\"><Shares><Share><Name>share31600fc8</Name><Properties><Last-Modified>Wed,\
        \ 26 Jun 2019 13:45:17 GMT</Last-Modified><Etag>\"0x8D6FA3C85DC5340\"</Etag><Quota>5120</Quota></Properties></Share></Shares><NextMarker\
        \ /></EnumerationResults>"
    headers:
      Content-Type:
      - application/xml
      Date:
      - Wed, 26 Jun 2019 13:45:16 GMT
      Server:
      - Windows-Azure-File/1.0 Microsoft-HTTPAPI/2.0
      Transfer-Encoding:
      - chunked
      Vary:
      - Origin
      x-ms-request-id:
      - b5428714-701a-0086-0f25-2c30d2000000
      x-ms-version:
      - '2018-11-09'
    status:
      code: 200
      message: OK
version: 1
