interactions:
- request:
    body: null
    headers:
      User-Agent:
      - azsdk-python-storage-file/12.0.0b3 Python/3.7.3 (Windows-10-10.0.18362-SP0)
      content-type:
      - application/xml; charset=utf-8
      x-ms-client-request-id:
      - a37c5440-d9a9-11e9-b58c-001a7dda7113
      x-ms-date:
      - Wed, 18 Sep 2019 00:17:02 GMT
      x-ms-version:
      - '2019-02-02'
    method: PUT
    uri: https://storagename.file.core.windows.net/listshare0af571bc9?restype=share
  response:
    body:
      string: ''
    headers:
      ? !!python/object/new:multidict._istr.istr
      - Content-Length
      : '0'
      ? !!python/object/new:multidict._istr.istr
      - Date
      : Wed, 18 Sep 2019 00:17:02 GMT
      ? !!python/object/new:multidict._istr.istr
      - Etag
      : '"0x8D73BCD87A90509"'
      ? !!python/object/new:multidict._istr.istr
      - Last-Modified
      : Wed, 18 Sep 2019 00:17:02 GMT
      ? !!python/object/new:multidict._istr.istr
      - Server
      : Windows-Azure-File/1.0 Microsoft-HTTPAPI/2.0
      x-ms-request-id: b227ea23-f01a-0033-30b6-6d0c5f000000
      x-ms-version: '2019-02-02'
    status:
      code: 201
      message: Created
    url: !!python/object/new:yarl.URL
      state: !!python/tuple
      - !!python/object/new:urllib.parse.SplitResult
        - https
        - emilydevtest.file.core.windows.net
        - /listshare0af571bc9
        - restype=share
        - ''
- request:
    body: null
    headers:
      User-Agent:
      - azsdk-python-storage-file/12.0.0b3 Python/3.7.3 (Windows-10-10.0.18362-SP0)
      content-type:
      - application/xml; charset=utf-8
      x-ms-client-request-id:
      - a386d462-d9a9-11e9-9493-001a7dda7113
      x-ms-date:
      - Wed, 18 Sep 2019 00:17:02 GMT
      x-ms-version:
      - '2019-02-02'
    method: PUT
    uri: https://storagename.file.core.windows.net/listshare1af571bc9?restype=share
  response:
    body:
      string: ''
    headers:
      ? !!python/object/new:multidict._istr.istr
      - Content-Length
      : '0'
      ? !!python/object/new:multidict._istr.istr
      - Date
      : Wed, 18 Sep 2019 00:17:02 GMT
      ? !!python/object/new:multidict._istr.istr
      - Etag
      : '"0x8D73BCD87AD2478"'
      ? !!python/object/new:multidict._istr.istr
      - Last-Modified
      : Wed, 18 Sep 2019 00:17:02 GMT
      ? !!python/object/new:multidict._istr.istr
      - Server
      : Windows-Azure-File/1.0 Microsoft-HTTPAPI/2.0
      x-ms-request-id: b227ea26-f01a-0033-31b6-6d0c5f000000
      x-ms-version: '2019-02-02'
    status:
      code: 201
      message: Created
    url: !!python/object/new:yarl.URL
      state: !!python/tuple
      - !!python/object/new:urllib.parse.SplitResult
        - https
        - emilydevtest.file.core.windows.net
        - /listshare1af571bc9
        - restype=share
        - ''
- request:
    body: null
    headers:
      User-Agent:
      - azsdk-python-storage-file/12.0.0b3 Python/3.7.3 (Windows-10-10.0.18362-SP0)
      content-type:
      - application/xml; charset=utf-8
      x-ms-client-request-id:
      - a38a7b5e-d9a9-11e9-bd02-001a7dda7113
      x-ms-date:
      - Wed, 18 Sep 2019 00:17:02 GMT
      x-ms-version:
      - '2019-02-02'
    method: PUT
    uri: https://storagename.file.core.windows.net/listshare2af571bc9?restype=share
  response:
    body:
      string: ''
    headers:
      ? !!python/object/new:multidict._istr.istr
      - Content-Length
      : '0'
      ? !!python/object/new:multidict._istr.istr
      - Date
      : Wed, 18 Sep 2019 00:17:02 GMT
      ? !!python/object/new:multidict._istr.istr
      - Etag
      : '"0x8D73BCD87B0A782"'
      ? !!python/object/new:multidict._istr.istr
      - Last-Modified
      : Wed, 18 Sep 2019 00:17:02 GMT
      ? !!python/object/new:multidict._istr.istr
      - Server
      : Windows-Azure-File/1.0 Microsoft-HTTPAPI/2.0
      x-ms-request-id: b227ea28-f01a-0033-32b6-6d0c5f000000
      x-ms-version: '2019-02-02'
    status:
      code: 201
      message: Created
    url: !!python/object/new:yarl.URL
      state: !!python/tuple
      - !!python/object/new:urllib.parse.SplitResult
        - https
        - emilydevtest.file.core.windows.net
        - /listshare2af571bc9
        - restype=share
        - ''
- request:
    body: null
    headers:
      User-Agent:
      - azsdk-python-storage-file/12.0.0b3 Python/3.7.3 (Windows-10-10.0.18362-SP0)
      content-type:
      - application/xml; charset=utf-8
      x-ms-client-request-id:
      - a38dfcae-d9a9-11e9-ae46-001a7dda7113
      x-ms-date:
      - Wed, 18 Sep 2019 00:17:02 GMT
      x-ms-version:
      - '2019-02-02'
    method: PUT
    uri: https://storagename.file.core.windows.net/listshare3af571bc9?restype=share
  response:
    body:
      string: ''
    headers:
      ? !!python/object/new:multidict._istr.istr
      - Content-Length
      : '0'
      ? !!python/object/new:multidict._istr.istr
      - Date
      : Wed, 18 Sep 2019 00:17:02 GMT
      ? !!python/object/new:multidict._istr.istr
      - Etag
      : '"0x8D73BCD87B42A9D"'
      ? !!python/object/new:multidict._istr.istr
      - Last-Modified
      : Wed, 18 Sep 2019 00:17:02 GMT
      ? !!python/object/new:multidict._istr.istr
      - Server
      : Windows-Azure-File/1.0 Microsoft-HTTPAPI/2.0
      x-ms-request-id: b227ea2a-f01a-0033-33b6-6d0c5f000000
      x-ms-version: '2019-02-02'
    status:
      code: 201
      message: Created
    url: !!python/object/new:yarl.URL
      state: !!python/tuple
      - !!python/object/new:urllib.parse.SplitResult
        - https
        - emilydevtest.file.core.windows.net
        - /listshare3af571bc9
        - restype=share
        - ''
- request:
    body: null
    headers:
      Accept:
      - application/xml
      User-Agent:
      - azsdk-python-storage-file/12.0.0b3 Python/3.7.3 (Windows-10-10.0.18362-SP0)
      content-type:
      - application/xml; charset=utf-8
      x-ms-client-request-id:
      - a39072c8-d9a9-11e9-a424-001a7dda7113
      x-ms-date:
      - Wed, 18 Sep 2019 00:17:02 GMT
      x-ms-version:
      - '2019-02-02'
    method: GET
    uri: https://storagename.file.core.windows.net/?maxresults=2&include=&comp=list
  response:
    body:
      string: "\uFEFF<?xml version=\"1.0\" encoding=\"utf-8\"?><EnumerationResults
        ServiceEndpoint=\"https://storagename.file.core.windows.net/\"><MaxResults>2</MaxResults><Shares><Share><Name>listshare0af571bc9</Name><Properties><Last-Modified>Wed,
        18 Sep 2019 00:17:02 GMT</Last-Modified><Etag>\"0x8D73BCD87A90509\"</Etag><Quota>5120</Quota></Properties></Share><Share><Name>listshare1af571bc9</Name><Properties><Last-Modified>Wed,
        18 Sep 2019 00:17:02 GMT</Last-Modified><Etag>\"0x8D73BCD87AD2478\"</Etag><Quota>5120</Quota></Properties></Share></Shares><NextMarker>/storagename/listshare27d2b16cf</NextMarker></EnumerationResults>"
    headers:
      ? !!python/object/new:multidict._istr.istr
      - Content-Type
      : application/xml
      ? !!python/object/new:multidict._istr.istr
      - Date
      : Wed, 18 Sep 2019 00:17:02 GMT
      ? !!python/object/new:multidict._istr.istr
      - Server
      : Windows-Azure-File/1.0 Microsoft-HTTPAPI/2.0
      ? !!python/object/new:multidict._istr.istr
      - Transfer-Encoding
      : chunked
      x-ms-request-id: b227ea2c-f01a-0033-34b6-6d0c5f000000
      x-ms-version: '2019-02-02'
    status:
      code: 200
      message: OK
    url: !!python/object/new:yarl.URL
      state: !!python/tuple
      - !!python/object/new:urllib.parse.SplitResult
        - https
        - emilydevtest.file.core.windows.net
        - /
        - maxresults=2&include=&comp=list
        - ''
- request:
    body: null
    headers:
      Accept:
      - application/xml
      User-Agent:
      - azsdk-python-storage-file/12.0.0b3 Python/3.7.3 (Windows-10-10.0.18362-SP0)
      content-type:
      - application/xml; charset=utf-8
      x-ms-client-request-id:
      - a392ba4c-d9a9-11e9-9312-001a7dda7113
      x-ms-date:
      - Wed, 18 Sep 2019 00:17:02 GMT
      x-ms-version:
      - '2019-02-02'
    method: GET
    uri: https://storagename.file.core.windows.net/?marker=/storagename/listshare27d2b16cf&maxresults=2&include=&comp=list
  response:
    body:
      string: "\uFEFF<?xml version=\"1.0\" encoding=\"utf-8\"?><EnumerationResults
        ServiceEndpoint=\"https://storagename.file.core.windows.net/\"><Marker>/storagename/listshare27d2b16cf</Marker><MaxResults>2</MaxResults><Shares><Share><Name>listshare2af571bc9</Name><Properties><Last-Modified>Wed,
        18 Sep 2019 00:17:02 GMT</Last-Modified><Etag>\"0x8D73BCD87B0A782\"</Etag><Quota>5120</Quota></Properties></Share><Share><Name>listshare3af571bc9</Name><Properties><Last-Modified>Wed,
        18 Sep 2019 00:17:02 GMT</Last-Modified><Etag>\"0x8D73BCD87B42A9D\"</Etag><Quota>5120</Quota></Properties></Share></Shares><NextMarker>/storagename/share0db301c4fc7749f69b3efb620c571e44</NextMarker></EnumerationResults>"
    headers:
      ? !!python/object/new:multidict._istr.istr
      - Content-Type
      : application/xml
      ? !!python/object/new:multidict._istr.istr
      - Date
      : Wed, 18 Sep 2019 00:17:02 GMT
      ? !!python/object/new:multidict._istr.istr
      - Server
      : Windows-Azure-File/1.0 Microsoft-HTTPAPI/2.0
      ? !!python/object/new:multidict._istr.istr
      - Transfer-Encoding
      : chunked
      x-ms-request-id: b227ea2d-f01a-0033-35b6-6d0c5f000000
      x-ms-version: '2019-02-02'
    status:
      code: 200
      message: OK
    url: !!python/object/new:yarl.URL
      state: !!python/tuple
      - !!python/object/new:urllib.parse.SplitResult
        - https
        - emilydevtest.file.core.windows.net
        - /
        - marker=/emilydevtest/listshare27d2b16cf&maxresults=2&include=&comp=list
        - ''
version: 1
