interactions:
- request:
    body: null
    headers:
      Accept:
      - '*/*'
      Accept-Encoding:
      - gzip, deflate
      Connection:
      - keep-alive
      Content-Length:
      - '0'
      User-Agent:
      - azsdk-python-storage-file/12.0.0b2 Python/3.7.3 (Windows-10-10.0.17763-SP0)
      x-ms-date:
      - Thu, 05 Sep 2019 17:49:55 GMT
      x-ms-version:
      - '2019-02-02'
    method: PUT
    uri: https://pyacrstorage954e1740.file.core.windows.net/utshare954e1740?restype=share
  response:
    body:
      string: ''
    headers:
      content-length:
      - '0'
      date:
      - Thu, 05 Sep 2019 17:49:54 GMT
      etag:
      - '"0x8D7322975F09A97"'
      last-modified:
      - Thu, 05 Sep 2019 17:49:54 GMT
      server:
      - Windows-Azure-File/1.0 Microsoft-HTTPAPI/2.0
      x-ms-version:
      - '2019-02-02'
    status:
      code: 201
      message: Created
- request:
    body: null
    headers:
      Accept:
      - '*/*'
      Accept-Encoding:
      - gzip, deflate
      Connection:
      - keep-alive
      Content-Length:
      - '0'
      User-Agent:
      - azsdk-python-storage-file/12.0.0b2 Python/3.7.3 (Windows-10-10.0.17763-SP0)
      x-ms-date:
      - Thu, 05 Sep 2019 17:49:55 GMT
      x-ms-file-attributes:
      - none
      x-ms-file-creation-time:
      - now
      x-ms-file-last-write-time:
      - now
      x-ms-file-permission:
      - inherit
      x-ms-version:
      - '2019-02-02'
    method: PUT
    uri: https://pyacrstorage954e1740.file.core.windows.net/utshare954e1740/dir1?restype=directory
  response:
    body:
      string: ''
    headers:
      content-length:
      - '0'
      date:
      - Thu, 05 Sep 2019 17:49:54 GMT
      etag:
      - '"0x8D7322976187F7F"'
      last-modified:
      - Thu, 05 Sep 2019 17:49:55 GMT
      server:
      - Windows-Azure-File/1.0 Microsoft-HTTPAPI/2.0
      x-ms-file-attributes:
      - Directory
      x-ms-file-change-time:
      - '2019-09-05T17:49:55.2579455Z'
      x-ms-file-creation-time:
      - '2019-09-05T17:49:55.2579455Z'
      x-ms-file-id:
      - '13835128424026341376'
      x-ms-file-last-write-time:
      - '2019-09-05T17:49:55.2579455Z'
      x-ms-file-parent-id:
      - '0'
      x-ms-file-permission-key:
      - 8625535479334075743*2265073952674540246
      x-ms-request-server-encrypted:
      - 'true'
      x-ms-version:
      - '2019-02-02'
    status:
      code: 201
      message: Created
- request:
    body: null
    headers:
      Accept:
      - '*/*'
      Accept-Encoding:
      - gzip, deflate
      Connection:
      - keep-alive
      Content-Length:
      - '0'
      User-Agent:
      - azsdk-python-storage-file/12.0.0b2 Python/3.7.3 (Windows-10-10.0.17763-SP0)
      x-ms-date:
      - Thu, 05 Sep 2019 17:49:56 GMT
      x-ms-version:
      - '2019-02-02'
    method: DELETE
    uri: https://pyacrstorage954e1740.file.core.windows.net/utshare954e1740/dir1?restype=directory
  response:
    body:
      string: ''
    headers:
      content-length:
      - '0'
      date:
      - Thu, 05 Sep 2019 17:49:54 GMT
      server:
      - Windows-Azure-File/1.0 Microsoft-HTTPAPI/2.0
      x-ms-version:
      - '2019-02-02'
    status:
      code: 202
      message: Accepted
- request:
    body: null
    headers:
      Accept:
      - '*/*'
      Accept-Encoding:
      - gzip, deflate
      Connection:
      - keep-alive
      User-Agent:
      - azsdk-python-storage-file/12.0.0b2 Python/3.7.3 (Windows-10-10.0.17763-SP0)
      x-ms-date:
      - Thu, 05 Sep 2019 17:49:56 GMT
      x-ms-version:
      - '2019-02-02'
    method: GET
    uri: https://pyacrstorage954e1740.file.core.windows.net/utshare954e1740/dir1?restype=directory
  response:
    body:
      string: "\uFEFF<?xml version=\"1.0\" encoding=\"utf-8\"?><Error><Code>ResourceNotFound</Code><Message>The
        specified resource does not exist.\nRequestId:8bc22835-001a-000b-2512-64127e000000\nTime:2019-09-05T17:49:55.4658276Z</Message></Error>"
    headers:
      content-length:
      - '223'
      content-type:
      - application/xml
      date:
      - Thu, 05 Sep 2019 17:49:54 GMT
      server:
      - Windows-Azure-File/1.0 Microsoft-HTTPAPI/2.0
      x-ms-error-code:
      - ResourceNotFound
      x-ms-version:
      - '2019-02-02'
    status:
      code: 404
      message: The specified resource does not exist.
version: 1
