interactions:
- request:
    body: null
    headers:
      Accept:
      - '*/*'
      Accept-Encoding:
      - gzip, deflate
      Connection:
      - keep-alive
      Content-Length:
      - '0'
      User-Agent:
      - azsdk-python-storage-file/12.0.0b3 Python/3.7.3 (Windows-10-10.0.18362-SP0)
      content-type:
      - application/xml; charset=utf-8
      x-ms-client-request-id:
      - a22eea0c-d9a9-11e9-95cd-001a7dda7113
      x-ms-date:
      - Wed, 18 Sep 2019 00:17:00 GMT
      x-ms-version:
      - '2019-02-02'
    method: PUT
    uri: https://storagename.file.core.windows.net/share31600fc8?restype=share
  response:
    body:
      string: ''
    headers:
      Content-Length:
      - '0'
      Date:
      - Wed, 18 Sep 2019 00:17:00 GMT
      ETag:
      - '"0x8D73BCD866A56DA"'
      Last-Modified:
      - Wed, 18 Sep 2019 00:17:00 GMT
      Server:
      - Windows-Azure-File/1.0 Microsoft-HTTPAPI/2.0
      x-ms-request-id:
      - 960286f0-501a-0067-3fb6-6d4308000000
      x-ms-version:
      - '2019-02-02'
    status:
      code: 201
      message: Created
- request:
    body: null
    headers:
      Accept:
      - application/xml
      Accept-Encoding:
      - gzip, deflate
      Connection:
      - keep-alive
      User-Agent:
      - azsdk-python-storage-file/12.0.0b3 Python/3.7.3 (Windows-10-10.0.18362-SP0)
      content-type:
      - application/xml; charset=utf-8
      x-ms-client-request-id:
      - a246ce6e-d9a9-11e9-a779-001a7dda7113
      x-ms-date:
      - Wed, 18 Sep 2019 00:17:00 GMT
      x-ms-version:
      - '2019-02-02'
    method: GET
    uri: https://storagename.file.core.windows.net/?include=&comp=list
  response:
    body:
      string: "\uFEFF<?xml version=\"1.0\" encoding=\"utf-8\"?><EnumerationResults
        ServiceEndpoint=\"https://storagename.file.core.windows.net/\"><Shares><Share><Name>share31600fc8</Name><Properties><Last-Modified>Wed,
        18 Sep 2019 00:17:00 GMT</Last-Modified><Etag>\"0x8D73BCD866A56DA\"</Etag><Quota>5120</Quota></Properties></Share></Shares><NextMarker
        /></EnumerationResults>"
    headers:
      Content-Type:
      - application/xml
      Date:
      - Wed, 18 Sep 2019 00:17:00 GMT
      Server:
      - Windows-Azure-File/1.0 Microsoft-HTTPAPI/2.0
      Transfer-Encoding:
      - chunked
      x-ms-request-id:
      - 960286f3-501a-0067-40b6-6d4308000000
      x-ms-version:
      - '2019-02-02'
    status:
      code: 200
      message: OK
- request:
    body: null
    headers:
      Accept:
      - application/xml
      Accept-Encoding:
      - gzip, deflate
      Connection:
      - keep-alive
      User-Agent:
      - azsdk-python-storage-file/12.0.0b3 Python/3.7.3 (Windows-10-10.0.18362-SP0)
      content-type:
      - application/xml; charset=utf-8
      x-ms-client-request-id:
      - a24d0bc6-d9a9-11e9-8a3a-001a7dda7113
      x-ms-date:
      - Wed, 18 Sep 2019 00:17:00 GMT
      x-ms-version:
      - '2019-02-02'
    method: GET
    uri: https://storagename.file.core.windows.net/?include=snapshots&comp=list
  response:
    body:
      string: "\uFEFF<?xml version=\"1.0\" encoding=\"utf-8\"?><EnumerationResults
        ServiceEndpoint=\"https://storagename.file.core.windows.net/\"><Shares><Share><Name>share31600fc8</Name><Properties><Last-Modified>Wed,
        18 Sep 2019 00:17:00 GMT</Last-Modified><Etag>\"0x8D73BCD866A56DA\"</Etag><Quota>5120</Quota></Properties></Share></Shares><NextMarker
        /></EnumerationResults>"
    headers:
      Content-Type:
      - application/xml
      Date:
      - Wed, 18 Sep 2019 00:17:00 GMT
      Server:
      - Windows-Azure-File/1.0 Microsoft-HTTPAPI/2.0
      Transfer-Encoding:
      - chunked
      x-ms-request-id:
      - 960286f4-501a-0067-41b6-6d4308000000
      x-ms-version:
      - '2019-02-02'
    status:
      code: 200
      message: OK
- request:
    body: null
    headers:
      Accept:
      - '*/*'
      Accept-Encoding:
      - gzip, deflate
      Connection:
      - keep-alive
      Content-Length:
      - '0'
      User-Agent:
      - azsdk-python-storage-file/12.0.0b3 Python/3.7.3 (Windows-10-10.0.18362-SP0)
      content-type:
      - application/xml; charset=utf-8
      x-ms-client-request-id:
      - a2540bcc-d9a9-11e9-9685-001a7dda7113
      x-ms-date:
      - Wed, 18 Sep 2019 00:17:00 GMT
      x-ms-delete-snapshots:
      - include
      x-ms-version:
      - '2019-02-02'
    method: DELETE
    uri: https://storagename.file.core.windows.net/share31600fc8?restype=share
  response:
    body:
      string: ''
    headers:
      Content-Length:
      - '0'
      Date:
      - Wed, 18 Sep 2019 00:17:00 GMT
      Server:
      - Windows-Azure-File/1.0 Microsoft-HTTPAPI/2.0
      x-ms-request-id:
      - 960286f5-501a-0067-42b6-6d4308000000
      x-ms-version:
      - '2019-02-02'
    status:
      code: 202
      message: Accepted
version: 1
