interactions:
- request:
    body: null
    headers:
      Accept:
      - '*/*'
      Accept-Encoding:
      - gzip, deflate
      Connection:
      - keep-alive
      Content-Length:
      - '0'
      User-Agent:
      - azsdk-python-storage-file/12.0.0b1 Python/3.7.3 (Windows-10-10.0.17763-SP0)
      content-type:
      - application/xml; charset=utf-8
      x-ms-client-request-id:
      - 4060b7a2-b4b8-11e9-b5fe-2816a845e8c6
      x-ms-date:
      - Thu, 01 Aug 2019 23:58:25 GMT
      x-ms-version:
      - '2018-11-09'
    method: PUT
    uri: https://remotestoragename.file.core.windows.net/filesfromurl?restype=share
  response:
    body:
      string: ''
    headers:
      Content-Length:
      - '0'
      Date:
      - Thu, 01 Aug 2019 23:58:23 GMT
      ETag:
      - '"0x8D716DC2307CAC4"'
      Last-Modified:
      - Thu, 01 Aug 2019 23:58:23 GMT
      Server:
      - Windows-Azure-File/1.0 Microsoft-HTTPAPI/2.0
      x-ms-request-id:
      - f34acd9c-501a-0133-77c5-482711000000
      x-ms-version:
      - '2018-11-09'
    status:
      code: 201
      message: Created
- request:
    body: null
    headers:
      Accept:
      - '*/*'
      Accept-Encoding:
      - gzip, deflate
      Connection:
      - keep-alive
      Content-Length:
      - '0'
      User-Agent:
      - azsdk-python-storage-file/12.0.0b1 Python/3.7.3 (Windows-10-10.0.17763-SP0)
      content-type:
      - application/xml; charset=utf-8
      x-ms-client-request-id:
      - 40935688-b4b8-11e9-addb-2816a845e8c6
      x-ms-content-length:
      - '55'
      x-ms-date:
      - Thu, 01 Aug 2019 23:58:26 GMT
      x-ms-type:
      - file
      x-ms-version:
      - '2018-11-09'
    method: PUT
    uri: https://remotestoragename.file.core.windows.net/filesfromurl/sourcefile
  response:
    body:
      string: ''
    headers:
      Content-Length:
      - '0'
      Date:
      - Thu, 01 Aug 2019 23:58:23 GMT
      ETag:
      - '"0x8D716DC2314A1D6"'
      Last-Modified:
      - Thu, 01 Aug 2019 23:58:23 GMT
      Server:
      - Windows-Azure-File/1.0 Microsoft-HTTPAPI/2.0
      x-ms-request-id:
      - f34acda1-501a-0133-7ac5-482711000000
      x-ms-request-server-encrypted:
      - 'true'
      x-ms-version:
      - '2018-11-09'
    status:
      code: 201
      message: Created
- request:
    body: Lorem ipsum dolor sit amet, consectetur adipiscing elit
    headers:
      Accept:
      - '*/*'
      Accept-Encoding:
      - gzip, deflate
      Connection:
      - keep-alive
      Content-Length:
      - '55'
      Content-Type:
      - application/octet-stream
      User-Agent:
      - azsdk-python-storage-file/12.0.0b1 Python/3.7.3 (Windows-10-10.0.17763-SP0)
      x-ms-client-request-id:
      - 409f8334-b4b8-11e9-b460-2816a845e8c6
      x-ms-date:
      - Thu, 01 Aug 2019 23:58:26 GMT
      x-ms-range:
      - bytes=0-54
      x-ms-version:
      - '2018-11-09'
      x-ms-write:
      - update
    method: PUT
    uri: https://remotestoragename.file.core.windows.net/filesfromurl/sourcefile?comp=range
  response:
    body:
      string: ''
    headers:
      Content-Length:
      - '0'
      Content-MD5:
      - /BCgjff6+jhxFmZGYJ4clQ==
      Date:
      - Thu, 01 Aug 2019 23:58:23 GMT
      ETag:
      - '"0x8D716DC23219C8F"'
      Last-Modified:
      - Thu, 01 Aug 2019 23:58:23 GMT
      Server:
      - Windows-Azure-File/1.0 Microsoft-HTTPAPI/2.0
      x-ms-request-id:
      - f34acda2-501a-0133-7bc5-482711000000
      x-ms-request-server-encrypted:
      - 'true'
      x-ms-version:
      - '2018-11-09'
    status:
      code: 201
      message: Created
- request:
    body: null
    headers:
      Accept:
      - '*/*'
      Accept-Encoding:
      - gzip, deflate
      Connection:
      - keep-alive
      Content-Length:
      - '0'
      User-Agent:
      - azsdk-python-storage-file/12.0.0b1 Python/3.7.3 (Windows-10-10.0.17763-SP0)
      content-type:
      - application/xml; charset=utf-8
      x-ms-client-request-id:
      - 40ae1f8c-b4b8-11e9-98c9-2816a845e8c6
      x-ms-copy-source:
      - https://rakshithqueueasynctest.file.core.windows.net/filesfromurl/sourcefile
      x-ms-date:
      - Thu, 01 Aug 2019 23:58:26 GMT
      x-ms-version:
      - '2018-11-09'
    method: PUT
    uri: https://remotestoragename.file.core.windows.net/filesfromurl/destfile
  response:
    body:
      string: ''
    headers:
      Content-Length:
      - '0'
      Date:
      - Thu, 01 Aug 2019 23:58:23 GMT
      ETag:
      - '"0x8D716DC2333A142"'
      Last-Modified:
      - Thu, 01 Aug 2019 23:58:23 GMT
      Server:
      - Windows-Azure-File/1.0 Microsoft-HTTPAPI/2.0
      x-ms-copy-id:
      - 809dc498-057d-4ec6-9f4c-be60f201e0e2
      x-ms-copy-status:
      - success
      x-ms-request-id:
      - f34acda3-501a-0133-7cc5-482711000000
      x-ms-version:
      - '2018-11-09'
    status:
      code: 202
      message: Accepted
- request:
    body: null
    headers:
      Accept:
      - '*/*'
      Accept-Encoding:
      - gzip, deflate
      Connection:
      - keep-alive
      Content-Length:
      - '0'
      User-Agent:
      - azsdk-python-storage-file/12.0.0b1 Python/3.7.3 (Windows-10-10.0.17763-SP0)
      content-type:
      - application/xml; charset=utf-8
      x-ms-client-request-id:
      - 40be6c4c-b4b8-11e9-94a0-2816a845e8c6
      x-ms-date:
      - Thu, 01 Aug 2019 23:58:26 GMT
      x-ms-version:
      - '2018-11-09'
    method: DELETE
    uri: https://remotestoragename.file.core.windows.net/filesfromurl?restype=share
  response:
    body:
      string: ''
    headers:
      Content-Length:
      - '0'
      Date:
      - Thu, 01 Aug 2019 23:58:23 GMT
      Server:
      - Windows-Azure-File/1.0 Microsoft-HTTPAPI/2.0
      x-ms-request-id:
      - f34acda4-501a-0133-7dc5-482711000000
      x-ms-version:
      - '2018-11-09'
    status:
      code: 202
      message: Accepted
- request:
    body: null
    headers:
      Accept:
      - '*/*'
      Accept-Encoding:
      - gzip, deflate
      Connection:
      - keep-alive
      Content-Length:
      - '0'
      User-Agent:
      - azsdk-python-storage-file/12.0.0b1 Python/3.7.3 (Windows-10-10.0.17763-SP0)
      content-type:
      - application/xml; charset=utf-8
      x-ms-client-request-id:
      - ec91281c-b4b9-11e9-97e0-2816a845e8c6
      x-ms-date:
      - Fri, 02 Aug 2019 00:10:24 GMT
      x-ms-version:
      - '2018-11-09'
    method: PUT
    uri: https://storagename.file.core.windows.net/filesfromurl?restype=share
  response:
    body:
      string: ''
    headers:
      Content-Length:
      - '0'
      Date:
      - Fri, 02 Aug 2019 00:10:20 GMT
      ETag:
      - '"0x8D716DDCF308361"'
      Last-Modified:
      - Fri, 02 Aug 2019 00:10:21 GMT
      Server:
      - Windows-Azure-File/1.0 Microsoft-HTTPAPI/2.0
      x-ms-request-id:
      - 09a4ae36-001a-0060-3ec6-487d4b000000
      x-ms-version:
      - '2018-11-09'
    status:
      code: 201
      message: Created
- request:
    body: null
    headers:
      Accept:
      - '*/*'
      Accept-Encoding:
      - gzip, deflate
      Connection:
      - keep-alive
      Content-Length:
      - '0'
      User-Agent:
      - azsdk-python-storage-file/12.0.0b1 Python/3.7.3 (Windows-10-10.0.17763-SP0)
      content-type:
      - application/xml; charset=utf-8
      x-ms-client-request-id:
      - ecbd3cda-b4b9-11e9-8b8a-2816a845e8c6
      x-ms-content-length:
      - '55'
      x-ms-date:
      - Fri, 02 Aug 2019 00:10:24 GMT
      x-ms-type:
      - file
      x-ms-version:
      - '2018-11-09'
    method: PUT
    uri: https://storagename.file.core.windows.net/filesfromurl/sourcefile
  response:
    body:
      string: ''
    headers:
      Content-Length:
      - '0'
      Date:
      - Fri, 02 Aug 2019 00:10:20 GMT
      ETag:
      - '"0x8D716DDCF3F5C92"'
      Last-Modified:
      - Fri, 02 Aug 2019 00:10:21 GMT
      Server:
      - Windows-Azure-File/1.0 Microsoft-HTTPAPI/2.0
      x-ms-request-id:
      - 09a4ae3d-001a-0060-43c6-487d4b000000
      x-ms-request-server-encrypted:
      - 'true'
      x-ms-version:
      - '2018-11-09'
    status:
      code: 201
      message: Created
- request:
    body: Lorem ipsum dolor sit amet, consectetur adipiscing elit
    headers:
      Accept:
      - '*/*'
      Accept-Encoding:
      - gzip, deflate
      Connection:
      - keep-alive
      Content-Length:
      - '55'
      Content-Type:
      - application/octet-stream
      User-Agent:
      - azsdk-python-storage-file/12.0.0b1 Python/3.7.3 (Windows-10-10.0.17763-SP0)
      x-ms-client-request-id:
      - eccb14fe-b4b9-11e9-b03a-2816a845e8c6
      x-ms-date:
      - Fri, 02 Aug 2019 00:10:24 GMT
      x-ms-range:
      - bytes=0-54
      x-ms-version:
      - '2018-11-09'
      x-ms-write:
      - update
    method: PUT
    uri: https://storagename.file.core.windows.net/filesfromurl/sourcefile?comp=range
  response:
    body:
      string: ''
    headers:
      Content-Length:
      - '0'
      Content-MD5:
      - /BCgjff6+jhxFmZGYJ4clQ==
      Date:
      - Fri, 02 Aug 2019 00:10:20 GMT
      ETag:
      - '"0x8D716DDCF4CCC7B"'
      Last-Modified:
      - Fri, 02 Aug 2019 00:10:21 GMT
      Server:
      - Windows-Azure-File/1.0 Microsoft-HTTPAPI/2.0
      x-ms-request-id:
      - 09a4ae3e-001a-0060-44c6-487d4b000000
      x-ms-request-server-encrypted:
      - 'true'
      x-ms-version:
      - '2018-11-09'
    status:
      code: 201
      message: Created
- request:
    body: null
    headers:
      Accept:
      - '*/*'
      Accept-Encoding:
      - gzip, deflate
      Connection:
      - keep-alive
      Content-Length:
      - '0'
      User-Agent:
      - azsdk-python-storage-file/12.0.0b1 Python/3.7.3 (Windows-10-10.0.17763-SP0)
      content-type:
      - application/xml; charset=utf-8
      x-ms-client-request-id:
      - ecda73b4-b4b9-11e9-b04c-2816a845e8c6
      x-ms-copy-source:
      - https://rakshithqueueasynctest.file.core.windows.net/filesfromurl/sourcefile
      x-ms-date:
      - Fri, 02 Aug 2019 00:10:24 GMT
      x-ms-version:
      - '2018-11-09'
    method: PUT
    uri: https://storagename.file.core.windows.net/filesfromurl/destfile
  response:
    body:
      string: ''
    headers:
      Content-Length:
      - '0'
      Date:
      - Fri, 02 Aug 2019 00:10:21 GMT
      ETag:
      - '"0x8D716DDCF625438"'
      Last-Modified:
      - Fri, 02 Aug 2019 00:10:21 GMT
      Server:
      - Windows-Azure-File/1.0 Microsoft-HTTPAPI/2.0
      x-ms-copy-id:
      - 4f883c9c-1a4d-4163-8103-6b7668ee7cf4
      x-ms-copy-status:
      - success
      x-ms-request-id:
      - 09a4ae45-001a-0060-4bc6-487d4b000000
      x-ms-version:
      - '2018-11-09'
    status:
      code: 202
      message: Accepted
- request:
    body: null
    headers:
      Accept:
      - '*/*'
      Accept-Encoding:
      - gzip, deflate
      Connection:
      - keep-alive
      Content-Length:
      - '0'
      User-Agent:
      - azsdk-python-storage-file/12.0.0b1 Python/3.7.3 (Windows-10-10.0.17763-SP0)
      content-type:
      - application/xml; charset=utf-8
      x-ms-client-request-id:
      - ecedf3e6-b4b9-11e9-a1ac-2816a845e8c6
      x-ms-date:
      - Fri, 02 Aug 2019 00:10:24 GMT
      x-ms-version:
      - '2018-11-09'
    method: DELETE
    uri: https://storagename.file.core.windows.net/filesfromurl?restype=share
  response:
    body:
      string: ''
    headers:
      Content-Length:
      - '0'
      Date:
      - Fri, 02 Aug 2019 00:10:21 GMT
      Server:
      - Windows-Azure-File/1.0 Microsoft-HTTPAPI/2.0
      x-ms-request-id:
      - 09a4ae48-001a-0060-4ec6-487d4b000000
      x-ms-version:
      - '2018-11-09'
    status:
      code: 202
      message: Accepted
version: 1
