interactions:
- request:
    body: null
    headers:
      Accept:
      - '*/*'
      Accept-Encoding:
      - gzip, deflate
      Connection:
      - keep-alive
      Content-Length:
      - '0'
      User-Agent:
      - python/3.6.5 (Darwin-16.7.0-x86_64-i386-64bit) azure-core/0.0.1
      x-ms-client-request-id:
      - f74299f8-97ce-11e9-8c37-f45c89a7d159
      x-ms-date:
      - Wed, 26 Jun 2019 04:57:57 GMT
      x-ms-version:
      - '2018-11-09'
    method: PUT
    uri: https://blobstoragename.file.core.windows.net/utshare643910fc/dir1?restype=directory
  response:
    body:
      string: ''
    headers:
      Content-Length:
      - '0'
      Date:
      - Wed, 26 Jun 2019 04:57:58 GMT
      ETag:
      - '"0x8D6F9F2DBF5FFBC"'
      Last-Modified:
      - Wed, 26 Jun 2019 04:57:58 GMT
      Server:
      - Windows-Azure-File/1.0 Microsoft-HTTPAPI/2.0
      x-ms-request-id:
      - 7c880f06-401a-000d-40db-2b8b0c000000
      x-ms-request-server-encrypted:
      - 'true'
      x-ms-version:
      - '2018-11-09'
    status:
      code: 201
      message: Created
- request:
    body: null
    headers:
      Accept:
      - '*/*'
      Accept-Encoding:
      - gzip, deflate
      Connection:
      - keep-alive
      Content-Length:
      - '0'
      User-Agent:
      - python/3.6.5 (Darwin-16.7.0-x86_64-i386-64bit) azure-core/0.0.1
      x-ms-client-request-id:
      - f7737a6e-97ce-11e9-8039-f45c89a7d159
      x-ms-date:
      - Wed, 26 Jun 2019 04:57:58 GMT
      x-ms-version:
      - '2018-11-09'
    method: PUT
    uri: https://blobstoragename.file.core.windows.net/utshare643910fc/dir1%2Fdir2?restype=directory
  response:
    body:
      string: ''
    headers:
      Content-Length:
      - '0'
      Date:
      - Wed, 26 Jun 2019 04:57:58 GMT
      ETag:
      - '"0x8D6F9F2DC040C09"'
      Last-Modified:
      - Wed, 26 Jun 2019 04:57:58 GMT
      Server:
      - Windows-Azure-File/1.0 Microsoft-HTTPAPI/2.0
      x-ms-request-id:
      - 7c880f08-401a-000d-41db-2b8b0c000000
      x-ms-request-server-encrypted:
      - 'true'
      x-ms-version:
      - '2018-11-09'
    status:
      code: 201
      message: Created
- request:
    body: null
    headers:
      Accept:
      - '*/*'
      Accept-Encoding:
      - gzip, deflate
      Connection:
      - keep-alive
      Content-Length:
      - '0'
      User-Agent:
      - python/3.6.5 (Darwin-16.7.0-x86_64-i386-64bit) azure-core/0.0.1
      x-ms-client-request-id:
      - a19415b6-981b-11e9-b607-f45c89a7d159
      x-ms-date:
      - Wed, 26 Jun 2019 14:06:45 GMT
      x-ms-version:
      - '2018-11-09'
    method: PUT
    uri: https://storagename.file.core.windows.net/utshare643910fc/dir1?restype=directory
  response:
    body:
      string: ''
    headers:
      Content-Length:
      - '0'
      Date:
      - Wed, 26 Jun 2019 14:06:44 GMT
      ETag:
      - '"0x8D6FA3F85F1CD59"'
      Last-Modified:
      - Wed, 26 Jun 2019 14:06:45 GMT
      Server:
      - Windows-Azure-File/1.0 Microsoft-HTTPAPI/2.0
      x-ms-request-id:
      - 9ccf4e56-f01a-0036-1f28-2cc952000000
      x-ms-request-server-encrypted:
      - 'true'
      x-ms-version:
      - '2018-11-09'
    status:
      code: 201
      message: Created
- request:
    body: null
    headers:
      Accept:
      - '*/*'
      Accept-Encoding:
      - gzip, deflate
      Connection:
      - keep-alive
      Content-Length:
      - '0'
      User-Agent:
      - python/3.6.5 (Darwin-16.7.0-x86_64-i386-64bit) azure-core/0.0.1
      x-ms-client-request-id:
      - a1c71ad8-981b-11e9-aebb-f45c89a7d159
      x-ms-date:
      - Wed, 26 Jun 2019 14:06:45 GMT
      x-ms-version:
      - '2018-11-09'
    method: PUT
    uri: https://storagename.file.core.windows.net/utshare643910fc/dir1%2Fdir2?restype=directory
  response:
    body:
      string: ''
    headers:
      Content-Length:
      - '0'
      Date:
      - Wed, 26 Jun 2019 14:06:44 GMT
      ETag:
      - '"0x8D6FA3F8600C426"'
      Last-Modified:
      - Wed, 26 Jun 2019 14:06:45 GMT
      Server:
      - Windows-Azure-File/1.0 Microsoft-HTTPAPI/2.0
      x-ms-request-id:
      - 9ccf4e58-f01a-0036-2028-2cc952000000
      x-ms-request-server-encrypted:
      - 'true'
      x-ms-version:
      - '2018-11-09'
    status:
      code: 201
      message: Created
version: 1
