interactions:
- request:
    body: null
    headers:
      User-Agent:
      - azsdk-python-storage-file/12.0.0b1 Python/3.7.3 (Windows-10-10.0.17763-SP0)
      content-type:
      - application/xml; charset=utf-8
      x-ms-client-request-id:
      - 838be75c-b50c-11e9-a491-2816a845e8c6
      x-ms-date:
      - Fri, 02 Aug 2019 10:01:36 GMT
      x-ms-version:
      - '2018-11-09'
    method: PUT
    uri: https://storagename.file.core.windows.net/share8ecc1b3e?restype=share
  response:
    body:
      string: ''
    headers:
      ? !!python/object/new:multidict._istr.istr
      - Content-Length
      : '0'
      ? !!python/object/new:multidict._istr.istr
      - Date
      : Fri, 02 Aug 2019 10:01:35 GMT
      ? !!python/object/new:multidict._istr.istr
      - Etag
      : '"0x8D7173067F7890D"'
      ? !!python/object/new:multidict._istr.istr
      - Last-Modified
      : Fri, 02 Aug 2019 10:01:36 GMT
      ? !!python/object/new:multidict._istr.istr
      - Server
      : Windows-Azure-File/1.0 Microsoft-HTTPAPI/2.0
      x-ms-request-id: d14bd98a-e01a-00aa-6f19-49b2ef000000
      x-ms-version: '2018-11-09'
    status:
      code: 201
      message: Created
    url: !!python/object/new:yarl.URL
      state: !!python/tuple
      - !!python/object/new:urllib.parse.SplitResult
        - https
        - amqptest.file.core.windows.net
        - /share8ecc1b3e
        - restype=share
        - ''
- request:
    body: null
    headers:
      User-Agent:
      - azsdk-python-storage-file/12.0.0b1 Python/3.7.3 (Windows-10-10.0.17763-SP0)
      content-type:
      - application/xml; charset=utf-8
      x-ms-client-request-id:
      - 83b95562-b50c-11e9-97b9-2816a845e8c6
      x-ms-date:
      - Fri, 02 Aug 2019 10:01:36 GMT
      x-ms-version:
      - '2018-11-09'
    method: PUT
    uri: https://storagename.file.core.windows.net/share8ecc1b3e/dir1?restype=directory
  response:
    body:
      string: ''
    headers:
      ? !!python/object/new:multidict._istr.istr
      - Content-Length
      : '0'
      ? !!python/object/new:multidict._istr.istr
      - Date
      : Fri, 02 Aug 2019 10:01:35 GMT
      ? !!python/object/new:multidict._istr.istr
      - Etag
      : '"0x8D71730680AB687"'
      ? !!python/object/new:multidict._istr.istr
      - Last-Modified
      : Fri, 02 Aug 2019 10:01:36 GMT
      ? !!python/object/new:multidict._istr.istr
      - Server
      : Windows-Azure-File/1.0 Microsoft-HTTPAPI/2.0
      x-ms-request-id: d14bd98d-e01a-00aa-7019-49b2ef000000
      x-ms-request-server-encrypted: 'true'
      x-ms-version: '2018-11-09'
    status:
      code: 201
      message: Created
    url: !!python/object/new:yarl.URL
      state: !!python/tuple
      - !!python/object/new:urllib.parse.SplitResult
        - https
        - amqptest.file.core.windows.net
        - /share8ecc1b3e/dir1
        - restype=directory
        - ''
- request:
    body: null
    headers:
      User-Agent:
      - azsdk-python-storage-file/12.0.0b1 Python/3.7.3 (Windows-10-10.0.17763-SP0)
      content-type:
      - application/xml; charset=utf-8
      x-ms-client-request-id:
      - 83c7acdc-b50c-11e9-8174-2816a845e8c6
      x-ms-date:
      - Fri, 02 Aug 2019 10:01:36 GMT
      x-ms-version:
      - '2018-11-09'
    method: PUT
    uri: https://storagename.file.core.windows.net/share8ecc1b3e/dir1%2Fpref_dir3?restype=directory
  response:
    body:
      string: ''
    headers:
      ? !!python/object/new:multidict._istr.istr
      - Content-Length
      : '0'
      ? !!python/object/new:multidict._istr.istr
      - Date
      : Fri, 02 Aug 2019 10:01:36 GMT
      ? !!python/object/new:multidict._istr.istr
      - Etag
      : '"0x8D717306818C2D6"'
      ? !!python/object/new:multidict._istr.istr
      - Last-Modified
      : Fri, 02 Aug 2019 10:01:36 GMT
      ? !!python/object/new:multidict._istr.istr
      - Server
      : Windows-Azure-File/1.0 Microsoft-HTTPAPI/2.0
      x-ms-request-id: d14bd98f-e01a-00aa-7119-49b2ef000000
      x-ms-request-server-encrypted: 'true'
      x-ms-version: '2018-11-09'
    status:
      code: 201
      message: Created
    url: !!python/object/new:yarl.URL
      state: !!python/tuple
      - !!python/object/new:urllib.parse.SplitResult
        - https
        - amqptest.file.core.windows.net
        - /share8ecc1b3e/dir1%2Fpref_dir3
        - restype=directory
        - ''
- request:
    body: null
    headers:
      User-Agent:
      - azsdk-python-storage-file/12.0.0b1 Python/3.7.3 (Windows-10-10.0.17763-SP0)
      content-type:
      - application/xml; charset=utf-8
      x-ms-client-request-id:
      - 83da7586-b50c-11e9-a1e7-2816a845e8c6
      x-ms-date:
      - Fri, 02 Aug 2019 10:01:36 GMT
      x-ms-version:
      - '2018-11-09'
    method: PUT
    uri: https://storagename.file.core.windows.net/share8ecc1b3e/dir2?restype=directory
  response:
    body:
      string: ''
    headers:
      ? !!python/object/new:multidict._istr.istr
      - Content-Length
      : '0'
      ? !!python/object/new:multidict._istr.istr
      - Date
      : Fri, 02 Aug 2019 10:01:36 GMT
      ? !!python/object/new:multidict._istr.istr
      - Etag
      : '"0x8D71730682BB209"'
      ? !!python/object/new:multidict._istr.istr
      - Last-Modified
      : Fri, 02 Aug 2019 10:01:36 GMT
      ? !!python/object/new:multidict._istr.istr
      - Server
      : Windows-Azure-File/1.0 Microsoft-HTTPAPI/2.0
      x-ms-request-id: d14bd990-e01a-00aa-7219-49b2ef000000
      x-ms-request-server-encrypted: 'true'
      x-ms-version: '2018-11-09'
    status:
      code: 201
      message: Created
    url: !!python/object/new:yarl.URL
      state: !!python/tuple
      - !!python/object/new:urllib.parse.SplitResult
        - https
        - amqptest.file.core.windows.net
        - /share8ecc1b3e/dir2
        - restype=directory
        - ''
- request:
    body: null
    headers:
      User-Agent:
      - azsdk-python-storage-file/12.0.0b1 Python/3.7.3 (Windows-10-10.0.17763-SP0)
      content-type:
      - application/xml; charset=utf-8
      x-ms-client-request-id:
      - 83fe2858-b50c-11e9-b6e9-2816a845e8c6
      x-ms-content-length:
      - '4'
      x-ms-date:
      - Fri, 02 Aug 2019 10:01:37 GMT
      x-ms-type:
      - file
      x-ms-version:
      - '2018-11-09'
    method: PUT
    uri: https://storagename.file.core.windows.net/share8ecc1b3e/file1
  response:
    body:
      string: ''
    headers:
      ? !!python/object/new:multidict._istr.istr
      - Content-Length
      : '0'
      ? !!python/object/new:multidict._istr.istr
      - Date
      : Fri, 02 Aug 2019 10:01:36 GMT
      ? !!python/object/new:multidict._istr.istr
      - Etag
      : '"0x8D71730684FBB59"'
      ? !!python/object/new:multidict._istr.istr
      - Last-Modified
      : Fri, 02 Aug 2019 10:01:37 GMT
      ? !!python/object/new:multidict._istr.istr
      - Server
      : Windows-Azure-File/1.0 Microsoft-HTTPAPI/2.0
      x-ms-request-id: d14bd991-e01a-00aa-7319-49b2ef000000
      x-ms-request-server-encrypted: 'true'
      x-ms-version: '2018-11-09'
    status:
      code: 201
      message: Created
    url: !!python/object/new:yarl.URL
      state: !!python/tuple
      - !!python/object/new:urllib.parse.SplitResult
        - https
        - amqptest.file.core.windows.net
        - /share8ecc1b3e/file1
        - ''
        - ''
- request:
    body: '1024'
    headers:
      Content-Length:
      - '4'
      Content-Type:
      - application/octet-stream
      User-Agent:
      - azsdk-python-storage-file/12.0.0b1 Python/3.7.3 (Windows-10-10.0.17763-SP0)
      x-ms-client-request-id:
      - 8407fb46-b50c-11e9-b9d0-2816a845e8c6
      x-ms-date:
      - Fri, 02 Aug 2019 10:01:37 GMT
      x-ms-range:
      - bytes=0-3
      x-ms-version:
      - '2018-11-09'
      x-ms-write:
      - update
    method: PUT
    uri: https://storagename.file.core.windows.net/share8ecc1b3e/file1?comp=range
  response:
    body:
      string: ''
    headers:
      ? !!python/object/new:multidict._istr.istr
      - Content-Length
      : '0'
      ? !!python/object/new:multidict._istr.istr
      - Content-Md5
      : Ahu8fuILcRNNU+ICBr1v6w==
      ? !!python/object/new:multidict._istr.istr
      - Date
      : Fri, 02 Aug 2019 10:01:36 GMT
      ? !!python/object/new:multidict._istr.istr
      - Etag
      : '"0x8D717306859CF4B"'
      ? !!python/object/new:multidict._istr.istr
      - Last-Modified
      : Fri, 02 Aug 2019 10:01:37 GMT
      ? !!python/object/new:multidict._istr.istr
      - Server
      : Windows-Azure-File/1.0 Microsoft-HTTPAPI/2.0
      x-ms-request-id: d14bd992-e01a-00aa-7419-49b2ef000000
      x-ms-request-server-encrypted: 'true'
      x-ms-version: '2018-11-09'
    status:
      code: 201
      message: Created
    url: !!python/object/new:yarl.URL
      state: !!python/tuple
      - !!python/object/new:urllib.parse.SplitResult
        - https
        - amqptest.file.core.windows.net
        - /share8ecc1b3e/file1
        - comp=range
        - ''
- request:
    body: null
    headers:
      User-Agent:
      - azsdk-python-storage-file/12.0.0b1 Python/3.7.3 (Windows-10-10.0.17763-SP0)
      content-type:
      - application/xml; charset=utf-8
      x-ms-client-request-id:
      - 84144fb0-b50c-11e9-afab-2816a845e8c6
      x-ms-content-length:
      - '4'
      x-ms-date:
      - Fri, 02 Aug 2019 10:01:37 GMT
      x-ms-type:
      - file
      x-ms-version:
      - '2018-11-09'
    method: PUT
    uri: https://storagename.file.core.windows.net/share8ecc1b3e/dir1/pref_file2
  response:
    body:
      string: ''
    headers:
      ? !!python/object/new:multidict._istr.istr
      - Content-Length
      : '0'
      ? !!python/object/new:multidict._istr.istr
      - Date
      : Fri, 02 Aug 2019 10:01:36 GMT
      ? !!python/object/new:multidict._istr.istr
      - Etag
      : '"0x8D7173068654311"'
      ? !!python/object/new:multidict._istr.istr
      - Last-Modified
      : Fri, 02 Aug 2019 10:01:37 GMT
      ? !!python/object/new:multidict._istr.istr
      - Server
      : Windows-Azure-File/1.0 Microsoft-HTTPAPI/2.0
      x-ms-request-id: d14bd993-e01a-00aa-7519-49b2ef000000
      x-ms-request-server-encrypted: 'true'
      x-ms-version: '2018-11-09'
    status:
      code: 201
      message: Created
    url: !!python/object/new:yarl.URL
      state: !!python/tuple
      - !!python/object/new:urllib.parse.SplitResult
        - https
        - amqptest.file.core.windows.net
        - /share8ecc1b3e/dir1/pref_file2
        - ''
        - ''
- request:
    body: '1025'
    headers:
      Content-Length:
      - '4'
      Content-Type:
      - application/octet-stream
      User-Agent:
      - azsdk-python-storage-file/12.0.0b1 Python/3.7.3 (Windows-10-10.0.17763-SP0)
      x-ms-client-request-id:
      - 84342fa8-b50c-11e9-a68f-2816a845e8c6
      x-ms-date:
      - Fri, 02 Aug 2019 10:01:37 GMT
      x-ms-range:
      - bytes=0-3
      x-ms-version:
      - '2018-11-09'
      x-ms-write:
      - update
    method: PUT
    uri: https://storagename.file.core.windows.net/share8ecc1b3e/dir1/pref_file2?comp=range
  response:
    body:
      string: ''
    headers:
      ? !!python/object/new:multidict._istr.istr
      - Content-Length
      : '0'
      ? !!python/object/new:multidict._istr.istr
      - Content-Md5
      : grijQ0kEQRqf3EPKh87nDA==
      ? !!python/object/new:multidict._istr.istr
      - Date
      : Fri, 02 Aug 2019 10:01:36 GMT
      ? !!python/object/new:multidict._istr.istr
      - Etag
      : '"0x8D7173068872933"'
      ? !!python/object/new:multidict._istr.istr
      - Last-Modified
      : Fri, 02 Aug 2019 10:01:37 GMT
      ? !!python/object/new:multidict._istr.istr
      - Server
      : Windows-Azure-File/1.0 Microsoft-HTTPAPI/2.0
      x-ms-request-id: d14bd994-e01a-00aa-7619-49b2ef000000
      x-ms-request-server-encrypted: 'true'
      x-ms-version: '2018-11-09'
    status:
      code: 201
      message: Created
    url: !!python/object/new:yarl.URL
      state: !!python/tuple
      - !!python/object/new:urllib.parse.SplitResult
        - https
        - amqptest.file.core.windows.net
        - /share8ecc1b3e/dir1/pref_file2
        - comp=range
        - ''
- request:
    body: null
    headers:
      User-Agent:
      - azsdk-python-storage-file/12.0.0b1 Python/3.7.3 (Windows-10-10.0.17763-SP0)
      content-type:
      - application/xml; charset=utf-8
      x-ms-client-request-id:
      - 8444cfda-b50c-11e9-8815-2816a845e8c6
      x-ms-content-length:
      - '4'
      x-ms-date:
      - Fri, 02 Aug 2019 10:01:37 GMT
      x-ms-type:
      - file
      x-ms-version:
      - '2018-11-09'
    method: PUT
    uri: https://storagename.file.core.windows.net/share8ecc1b3e/dir1/file3
  response:
    body:
      string: ''
    headers:
      ? !!python/object/new:multidict._istr.istr
      - Content-Length
      : '0'
      ? !!python/object/new:multidict._istr.istr
      - Date
      : Fri, 02 Aug 2019 10:01:36 GMT
      ? !!python/object/new:multidict._istr.istr
      - Etag
      : '"0x8D717306895F8E9"'
      ? !!python/object/new:multidict._istr.istr
      - Last-Modified
      : Fri, 02 Aug 2019 10:01:37 GMT
      ? !!python/object/new:multidict._istr.istr
      - Server
      : Windows-Azure-File/1.0 Microsoft-HTTPAPI/2.0
      x-ms-request-id: d14bd995-e01a-00aa-7719-49b2ef000000
      x-ms-request-server-encrypted: 'true'
      x-ms-version: '2018-11-09'
    status:
      code: 201
      message: Created
    url: !!python/object/new:yarl.URL
      state: !!python/tuple
      - !!python/object/new:urllib.parse.SplitResult
        - https
        - amqptest.file.core.windows.net
        - /share8ecc1b3e/dir1/file3
        - ''
        - ''
- request:
    body: '1025'
    headers:
      Content-Length:
      - '4'
      Content-Type:
      - application/octet-stream
      User-Agent:
      - azsdk-python-storage-file/12.0.0b1 Python/3.7.3 (Windows-10-10.0.17763-SP0)
      x-ms-client-request-id:
      - 84529ea2-b50c-11e9-a4f7-2816a845e8c6
      x-ms-date:
      - Fri, 02 Aug 2019 10:01:37 GMT
      x-ms-range:
      - bytes=0-3
      x-ms-version:
      - '2018-11-09'
      x-ms-write:
      - update
    method: PUT
    uri: https://storagename.file.core.windows.net/share8ecc1b3e/dir1/file3?comp=range
  response:
    body:
      string: ''
    headers:
      ? !!python/object/new:multidict._istr.istr
      - Content-Length
      : '0'
      ? !!python/object/new:multidict._istr.istr
      - Content-Md5
      : grijQ0kEQRqf3EPKh87nDA==
      ? !!python/object/new:multidict._istr.istr
      - Date
      : Fri, 02 Aug 2019 10:01:36 GMT
      ? !!python/object/new:multidict._istr.istr
      - Etag
      : '"0x8D7173068A40534"'
      ? !!python/object/new:multidict._istr.istr
      - Last-Modified
      : Fri, 02 Aug 2019 10:01:37 GMT
      ? !!python/object/new:multidict._istr.istr
      - Server
      : Windows-Azure-File/1.0 Microsoft-HTTPAPI/2.0
      x-ms-request-id: d14bd997-e01a-00aa-7819-49b2ef000000
      x-ms-request-server-encrypted: 'true'
      x-ms-version: '2018-11-09'
    status:
      code: 201
      message: Created
    url: !!python/object/new:yarl.URL
      state: !!python/tuple
      - !!python/object/new:urllib.parse.SplitResult
        - https
        - amqptest.file.core.windows.net
        - /share8ecc1b3e/dir1/file3
        - comp=range
        - ''
- request:
    body: null
    headers:
      Accept:
      - application/xml
      User-Agent:
      - azsdk-python-storage-file/12.0.0b1 Python/3.7.3 (Windows-10-10.0.17763-SP0)
      content-type:
      - application/xml; charset=utf-8
      x-ms-client-request-id:
      - 846074be-b50c-11e9-adce-2816a845e8c6
      x-ms-date:
      - Fri, 02 Aug 2019 10:01:37 GMT
      x-ms-version:
      - '2018-11-09'
    method: GET
    uri: https://storagename.file.core.windows.net/share8ecc1b3e/dir1?prefix=pref&restype=directory&comp=list
  response:
    body:
      string: "\uFEFF<?xml version=\"1.0\" encoding=\"utf-8\"?><EnumerationResults
        ServiceEndpoint=\"https://storagename.file.core.windows.net/\" ShareName=\"share8ecc1b3e\"
        DirectoryPath=\"dir1\"><Prefix>pref</Prefix><Entries><Directory><Name>pref_dir3</Name><Properties
        /></Directory><File><Name>pref_file2</Name><Properties><Content-Length>4</Content-Length></Properties></File></Entries><NextMarker
        /></EnumerationResults>"
    headers:
      ? !!python/object/new:multidict._istr.istr
      - Content-Type
      : application/xml
      ? !!python/object/new:multidict._istr.istr
      - Date
      : Fri, 02 Aug 2019 10:01:37 GMT
      ? !!python/object/new:multidict._istr.istr
      - Server
      : Windows-Azure-File/1.0 Microsoft-HTTPAPI/2.0
      ? !!python/object/new:multidict._istr.istr
      - Transfer-Encoding
      : chunked
      ? !!python/object/new:multidict._istr.istr
      - Vary
      : Origin
      x-ms-request-id: d14bd998-e01a-00aa-7919-49b2ef000000
      x-ms-version: '2018-11-09'
    status:
      code: 200
      message: OK
    url: !!python/object/new:yarl.URL
      state: !!python/tuple
      - !!python/object/new:urllib.parse.SplitResult
        - https
        - amqptest.file.core.windows.net
        - /share8ecc1b3e/dir1
        - prefix=pref&restype=directory&comp=list
        - ''
version: 1
