interactions:
- request:
    body: null
    headers:
      Accept:
      - '*/*'
      Accept-Encoding:
      - gzip, deflate
      Connection:
      - keep-alive
      Content-Length:
      - '0'
      User-Agent:
      - azsdk-python-storage-file/12.0.0b2 Python/3.7.3 (Windows-10-10.0.17763-SP0)
      content-type:
      - application/xml; charset=utf-8
      x-ms-date:
      - Fri, 23 Aug 2019 03:03:39 GMT
      x-ms-version:
      - '2018-11-09'
    method: PUT
    uri: https://pyacrstorageffa41cea.file.core.windows.net/shareffa41cea?restype=share
  response:
    body:
      string: ''
    headers:
      content-length:
      - '0'
      date:
      - Fri, 23 Aug 2019 03:03:39 GMT
      etag:
      - '"0x8D727767FE8EA0C"'
      last-modified:
      - Fri, 23 Aug 2019 03:03:40 GMT
      server:
      - Windows-Azure-File/1.0 Microsoft-HTTPAPI/2.0
      x-ms-version:
      - '2018-11-09'
    status:
      code: 201
      message: Created
- request:
    body: null
    headers:
      Accept:
      - '*/*'
      Accept-Encoding:
      - gzip, deflate
      Connection:
      - keep-alive
      Content-Length:
      - '0'
      User-Agent:
      - azsdk-python-storage-file/12.0.0b2 Python/3.7.3 (Windows-10-10.0.17763-SP0)
      content-type:
      - application/xml; charset=utf-8
      x-ms-date:
      - Fri, 23 Aug 2019 03:03:40 GMT
      x-ms-version:
      - '2018-11-09'
    method: PUT
    uri: https://pyacrstorageffa41cea.file.core.windows.net/shareffa41cea/dir1?restype=directory
  response:
    body:
      string: ''
    headers:
      content-length:
      - '0'
      date:
      - Fri, 23 Aug 2019 03:03:40 GMT
      etag:
      - '"0x8D727768011DEB9"'
      last-modified:
      - Fri, 23 Aug 2019 03:03:40 GMT
      server:
      - Windows-Azure-File/1.0 Microsoft-HTTPAPI/2.0
      x-ms-request-server-encrypted:
      - 'true'
      x-ms-version:
      - '2018-11-09'
    status:
      code: 201
      message: Created
- request:
    body: null
    headers:
      Accept:
      - '*/*'
      Accept-Encoding:
      - gzip, deflate
      Connection:
      - keep-alive
      Content-Length:
      - '0'
      User-Agent:
      - azsdk-python-storage-file/12.0.0b2 Python/3.7.3 (Windows-10-10.0.17763-SP0)
      content-type:
      - application/xml; charset=utf-8
      x-ms-content-length:
      - '4'
      x-ms-date:
      - Fri, 23 Aug 2019 03:03:40 GMT
      x-ms-type:
      - file
      x-ms-version:
      - '2018-11-09'
    method: PUT
    uri: https://pyacrstorageffa41cea.file.core.windows.net/shareffa41cea/dir1/filea1
  response:
    body:
      string: ''
    headers:
      content-length:
      - '0'
      date:
      - Fri, 23 Aug 2019 03:03:40 GMT
      etag:
      - '"0x8D7277680220E47"'
      last-modified:
      - Fri, 23 Aug 2019 03:03:40 GMT
      server:
      - Windows-Azure-File/1.0 Microsoft-HTTPAPI/2.0
      x-ms-request-server-encrypted:
      - 'true'
      x-ms-version:
      - '2018-11-09'
    status:
      code: 201
      message: Created
- request:
    body: '1024'
    headers:
      Accept:
      - '*/*'
      Accept-Encoding:
      - gzip, deflate
      Connection:
      - keep-alive
      Content-Length:
      - '4'
      Content-Type:
      - application/octet-stream
      User-Agent:
      - azsdk-python-storage-file/12.0.0b2 Python/3.7.3 (Windows-10-10.0.17763-SP0)
      x-ms-date:
      - Fri, 23 Aug 2019 03:03:40 GMT
      x-ms-range:
      - bytes=0-3
      x-ms-version:
      - '2018-11-09'
      x-ms-write:
      - update
    method: PUT
    uri: https://pyacrstorageffa41cea.file.core.windows.net/shareffa41cea/dir1/filea1?comp=range
  response:
    body:
      string: ''
    headers:
      content-length:
      - '0'
      content-md5:
      - Ahu8fuILcRNNU+ICBr1v6w==
      date:
      - Fri, 23 Aug 2019 03:03:40 GMT
      etag:
      - '"0x8D7277680354BA7"'
      last-modified:
      - Fri, 23 Aug 2019 03:03:40 GMT
      server:
      - Windows-Azure-File/1.0 Microsoft-HTTPAPI/2.0
      x-ms-request-server-encrypted:
      - 'true'
      x-ms-version:
      - '2018-11-09'
    status:
      code: 201
      message: Created
- request:
    body: null
    headers:
      Accept:
      - '*/*'
      Accept-Encoding:
      - gzip, deflate
      Connection:
      - keep-alive
      Content-Length:
      - '0'
      User-Agent:
      - azsdk-python-storage-file/12.0.0b2 Python/3.7.3 (Windows-10-10.0.17763-SP0)
      content-type:
      - application/xml; charset=utf-8
      x-ms-content-length:
      - '4'
      x-ms-date:
      - Fri, 23 Aug 2019 03:03:40 GMT
      x-ms-type:
      - file
      x-ms-version:
      - '2018-11-09'
    method: PUT
    uri: https://pyacrstorageffa41cea.file.core.windows.net/shareffa41cea/dir1/filea2
  response:
    body:
      string: ''
    headers:
      content-length:
      - '0'
      date:
      - Fri, 23 Aug 2019 03:03:40 GMT
      etag:
      - '"0x8D727768041F822"'
      last-modified:
      - Fri, 23 Aug 2019 03:03:40 GMT
      server:
      - Windows-Azure-File/1.0 Microsoft-HTTPAPI/2.0
      x-ms-request-server-encrypted:
      - 'true'
      x-ms-version:
      - '2018-11-09'
    status:
      code: 201
      message: Created
- request:
    body: '1024'
    headers:
      Accept:
      - '*/*'
      Accept-Encoding:
      - gzip, deflate
      Connection:
      - keep-alive
      Content-Length:
      - '4'
      Content-Type:
      - application/octet-stream
      User-Agent:
      - azsdk-python-storage-file/12.0.0b2 Python/3.7.3 (Windows-10-10.0.17763-SP0)
      x-ms-date:
      - Fri, 23 Aug 2019 03:03:40 GMT
      x-ms-range:
      - bytes=0-3
      x-ms-version:
      - '2018-11-09'
      x-ms-write:
      - update
    method: PUT
    uri: https://pyacrstorageffa41cea.file.core.windows.net/shareffa41cea/dir1/filea2?comp=range
  response:
    body:
      string: ''
    headers:
      content-length:
      - '0'
      content-md5:
      - Ahu8fuILcRNNU+ICBr1v6w==
      date:
      - Fri, 23 Aug 2019 03:03:40 GMT
      etag:
      - '"0x8D72776804FDD51"'
      last-modified:
      - Fri, 23 Aug 2019 03:03:40 GMT
      server:
      - Windows-Azure-File/1.0 Microsoft-HTTPAPI/2.0
      x-ms-request-server-encrypted:
      - 'true'
      x-ms-version:
      - '2018-11-09'
    status:
      code: 201
      message: Created
- request:
    body: null
    headers:
      Accept:
      - '*/*'
      Accept-Encoding:
      - gzip, deflate
      Connection:
      - keep-alive
      Content-Length:
      - '0'
      User-Agent:
      - azsdk-python-storage-file/12.0.0b2 Python/3.7.3 (Windows-10-10.0.17763-SP0)
      content-type:
      - application/xml; charset=utf-8
      x-ms-content-length:
      - '4'
      x-ms-date:
      - Fri, 23 Aug 2019 03:03:41 GMT
      x-ms-type:
      - file
      x-ms-version:
      - '2018-11-09'
    method: PUT
    uri: https://pyacrstorageffa41cea.file.core.windows.net/shareffa41cea/dir1/filea3
  response:
    body:
      string: ''
    headers:
      content-length:
      - '0'
      date:
      - Fri, 23 Aug 2019 03:03:40 GMT
      etag:
      - '"0x8D72776805F496C"'
      last-modified:
      - Fri, 23 Aug 2019 03:03:40 GMT
      server:
      - Windows-Azure-File/1.0 Microsoft-HTTPAPI/2.0
      x-ms-request-server-encrypted:
      - 'true'
      x-ms-version:
      - '2018-11-09'
    status:
      code: 201
      message: Created
- request:
    body: '1024'
    headers:
      Accept:
      - '*/*'
      Accept-Encoding:
      - gzip, deflate
      Connection:
      - keep-alive
      Content-Length:
      - '4'
      Content-Type:
      - application/octet-stream
      User-Agent:
      - azsdk-python-storage-file/12.0.0b2 Python/3.7.3 (Windows-10-10.0.17763-SP0)
      x-ms-date:
      - Fri, 23 Aug 2019 03:03:41 GMT
      x-ms-range:
      - bytes=0-3
      x-ms-version:
      - '2018-11-09'
      x-ms-write:
      - update
    method: PUT
    uri: https://pyacrstorageffa41cea.file.core.windows.net/shareffa41cea/dir1/filea3?comp=range
  response:
    body:
      string: ''
    headers:
      content-length:
      - '0'
      content-md5:
      - Ahu8fuILcRNNU+ICBr1v6w==
      date:
      - Fri, 23 Aug 2019 03:03:40 GMT
      etag:
      - '"0x8D72776806EDCA1"'
      last-modified:
      - Fri, 23 Aug 2019 03:03:41 GMT
      server:
      - Windows-Azure-File/1.0 Microsoft-HTTPAPI/2.0
      x-ms-request-server-encrypted:
      - 'true'
      x-ms-version:
      - '2018-11-09'
    status:
      code: 201
      message: Created
- request:
    body: null
    headers:
      Accept:
      - '*/*'
      Accept-Encoding:
      - gzip, deflate
      Connection:
      - keep-alive
      Content-Length:
      - '0'
      User-Agent:
      - azsdk-python-storage-file/12.0.0b2 Python/3.7.3 (Windows-10-10.0.17763-SP0)
      content-type:
      - application/xml; charset=utf-8
      x-ms-content-length:
      - '4'
      x-ms-date:
      - Fri, 23 Aug 2019 03:03:41 GMT
      x-ms-type:
      - file
      x-ms-version:
      - '2018-11-09'
    method: PUT
    uri: https://pyacrstorageffa41cea.file.core.windows.net/shareffa41cea/dir1/fileb1
  response:
    body:
      string: ''
    headers:
      content-length:
      - '0'
      date:
      - Fri, 23 Aug 2019 03:03:40 GMT
      etag:
      - '"0x8D72776807C73A7"'
      last-modified:
      - Fri, 23 Aug 2019 03:03:41 GMT
      server:
      - Windows-Azure-File/1.0 Microsoft-HTTPAPI/2.0
      x-ms-request-server-encrypted:
      - 'true'
      x-ms-version:
      - '2018-11-09'
    status:
      code: 201
      message: Created
- request:
    body: '1024'
    headers:
      Accept:
      - '*/*'
      Accept-Encoding:
      - gzip, deflate
      Connection:
      - keep-alive
      Content-Length:
      - '4'
      Content-Type:
      - application/octet-stream
      User-Agent:
      - azsdk-python-storage-file/12.0.0b2 Python/3.7.3 (Windows-10-10.0.17763-SP0)
      x-ms-date:
      - Fri, 23 Aug 2019 03:03:41 GMT
      x-ms-range:
      - bytes=0-3
      x-ms-version:
      - '2018-11-09'
      x-ms-write:
      - update
    method: PUT
    uri: https://pyacrstorageffa41cea.file.core.windows.net/shareffa41cea/dir1/fileb1?comp=range
  response:
    body:
      string: ''
    headers:
      content-length:
      - '0'
      content-md5:
      - Ahu8fuILcRNNU+ICBr1v6w==
      date:
      - Fri, 23 Aug 2019 03:03:40 GMT
      etag:
      - '"0x8D72776808DB4D6"'
      last-modified:
      - Fri, 23 Aug 2019 03:03:41 GMT
      server:
      - Windows-Azure-File/1.0 Microsoft-HTTPAPI/2.0
      x-ms-request-server-encrypted:
      - 'true'
      x-ms-version:
      - '2018-11-09'
    status:
      code: 201
      message: Created
- request:
    body: null
    headers:
      Accept:
      - application/xml
      Accept-Encoding:
      - gzip, deflate
      Connection:
      - keep-alive
      User-Agent:
      - azsdk-python-storage-file/12.0.0b2 Python/3.7.3 (Windows-10-10.0.17763-SP0)
      content-type:
      - application/xml; charset=utf-8
      x-ms-date:
      - Fri, 23 Aug 2019 03:03:41 GMT
      x-ms-version:
      - '2018-11-09'
    method: GET
    uri: https://pyacrstorageffa41cea.file.core.windows.net/shareffa41cea/dir1?maxresults=2&restype=directory&comp=list
  response:
    body:
      string: "\uFEFF<?xml version=\"1.0\" encoding=\"utf-8\"?><EnumerationResults
        ServiceEndpoint=\"https://pyacrstorageffa41cea.file.core.windows.net/\" ShareName=\"shareffa41cea\"
        DirectoryPath=\"dir1\"><MaxResults>2</MaxResults><Entries><File><Name>filea1</Name><Properties><Content-Length>4</Content-Length></Properties></File><File><Name>filea2</Name><Properties><Content-Length>4</Content-Length></Properties></File></Entries><NextMarker>1!8!ZmlsZWEz</NextMarker></EnumerationResults>"
    headers:
      content-type:
      - application/xml
      date:
      - Fri, 23 Aug 2019 03:03:41 GMT
      server:
      - Windows-Azure-File/1.0 Microsoft-HTTPAPI/2.0
      transfer-encoding:
      - chunked
      x-ms-version:
      - '2018-11-09'
    status:
      code: 200
      message: OK
- request:
    body: null
    headers:
      Accept:
      - application/xml
      Accept-Encoding:
      - gzip, deflate
      Connection:
      - keep-alive
      User-Agent:
      - azsdk-python-storage-file/12.0.0b2 Python/3.7.3 (Windows-10-10.0.17763-SP0)
      content-type:
      - application/xml; charset=utf-8
      x-ms-date:
      - Fri, 23 Aug 2019 03:03:41 GMT
      x-ms-version:
      - '2018-11-09'
    method: GET
    uri: https://pyacrstorageffa41cea.file.core.windows.net/shareffa41cea/dir1?marker=1%218%21ZmlsZWEz&maxresults=2&restype=directory&comp=list
  response:
    body:
      string: "\uFEFF<?xml version=\"1.0\" encoding=\"utf-8\"?><EnumerationResults
        ServiceEndpoint=\"https://pyacrstorageffa41cea.file.core.windows.net/\" ShareName=\"shareffa41cea\"
        DirectoryPath=\"dir1\"><Marker>1!8!ZmlsZWEz</Marker><MaxResults>2</MaxResults><Entries><File><Name>filea3</Name><Properties><Content-Length>4</Content-Length></Properties></File><File><Name>fileb1</Name><Properties><Content-Length>4</Content-Length></Properties></File></Entries><NextMarker
        /></EnumerationResults>"
    headers:
      content-type:
      - application/xml
      date:
      - Fri, 23 Aug 2019 03:03:41 GMT
      server:
      - Windows-Azure-File/1.0 Microsoft-HTTPAPI/2.0
      transfer-encoding:
      - chunked
      x-ms-version:
      - '2018-11-09'
    status:
      code: 200
      message: OK
version: 1
