interactions:
- request:
    body: null
    headers:
      User-Agent:
      - azsdk-python-storage-file/12.0.0b2 Python/3.7.3 (Windows-10-10.0.17763-SP0)
      content-type:
      - application/xml; charset=utf-8
      x-ms-date:
      - Fri, 23 Aug 2019 02:59:39 GMT
      x-ms-version:
      - '2018-11-09'
    method: PUT
    uri: https://pyacrstorage2e5b0f7a.file.core.windows.net/utshare2e5b0f7a?restype=share
  response:
    body:
      string: ''
    headers:
      content-length: '0'
      date: Fri, 23 Aug 2019 02:59:39 GMT
      etag: '"0x8D72775F09ACB7C"'
      last-modified: Fri, 23 Aug 2019 02:59:39 GMT
      server: Windows-Azure-File/1.0 Microsoft-HTTPAPI/2.0
      x-ms-version: '2018-11-09'
    status:
      code: 201
      message: Created
    url: !!python/object/new:yarl.URL
      state: !!python/tuple
      - !!python/object/new:urllib.parse.SplitResult
        - https
        - pyacrstorage2e5b0f7a.file.core.windows.net
        - /utshare2e5b0f7a
        - restype=share
        - ''
- request:
    body: null
    headers:
      User-Agent:
      - azsdk-python-storage-file/12.0.0b2 Python/3.7.3 (Windows-10-10.0.17763-SP0)
      content-type:
      - application/xml; charset=utf-8
      x-ms-content-length:
      - '1024'
      x-ms-date:
      - Fri, 23 Aug 2019 02:59:40 GMT
      x-ms-type:
      - file
      x-ms-version:
      - '2018-11-09'
    method: PUT
    uri: https://pyacrstorage2e5b0f7a.file.core.windows.net/utshare2e5b0f7a/file2e5b0f7a
  response:
    body:
      string: ''
    headers:
      content-length: '0'
      date: Fri, 23 Aug 2019 02:59:39 GMT
      etag: '"0x8D72775F0E3B405"'
      last-modified: Fri, 23 Aug 2019 02:59:40 GMT
      server: Windows-Azure-File/1.0 Microsoft-HTTPAPI/2.0
      x-ms-request-server-encrypted: 'true'
      x-ms-version: '2018-11-09'
    status:
      code: 201
      message: Created
    url: !!python/object/new:yarl.URL
      state: !!python/tuple
      - !!python/object/new:urllib.parse.SplitResult
        - https
        - pyacrstorage2e5b0f7a.file.core.windows.net
        - /utshare2e5b0f7a/file2e5b0f7a
        - ''
        - ''
- request:
    body: null
    headers:
      User-Agent:
      - azsdk-python-storage-file/12.0.0b2 Python/3.7.3 (Windows-10-10.0.17763-SP0)
      content-type:
      - application/xml; charset=utf-8
      x-ms-date:
      - Fri, 23 Aug 2019 02:59:40 GMT
      x-ms-version:
      - '2018-11-09'
    method: HEAD
    uri: https://pyacrstorage2e5b0f7a.file.core.windows.net/utshare2e5b0f7a/file2e5b0f7a
  response:
    body:
      string: ''
    headers:
      content-length: '1024'
      content-type: application/xml; charset=utf-8
      date: Fri, 23 Aug 2019 02:59:39 GMT
      etag: '"0x8D72775F0E3B405"'
      last-modified: Fri, 23 Aug 2019 02:59:40 GMT
      server: Windows-Azure-File/1.0 Microsoft-HTTPAPI/2.0
      x-ms-server-encrypted: 'true'
      x-ms-type: File
      x-ms-version: '2018-11-09'
    status:
      code: 200
      message: OK
    url: !!python/object/new:yarl.URL
      state: !!python/tuple
      - !!python/object/new:urllib.parse.SplitResult
        - https
        - pyacrstorage2e5b0f7a.file.core.windows.net
        - /utshare2e5b0f7a/file2e5b0f7a
        - ''
        - ''
version: 1
