interactions:
- request:
    body: null
    headers:
      Accept:
      - '*/*'
      Accept-Encoding:
      - gzip, deflate
      Connection:
      - keep-alive
      Content-Length:
      - '0'
      User-Agent:
      - azsdk-python-storage-file/12.0.0b4 Python/3.7.3 (Windows-10-10.0.17763-SP0)
      x-ms-date:
      - Mon, 14 Oct 2019 18:10:32 GMT
      x-ms-version:
      - '2019-02-02'
    method: PUT
    uri: https://pyacrstorage2dc21a02.file.core.windows.net/utshare2dc21a02?restype=share
  response:
    body:
      string: ''
    headers:
      content-length:
      - '0'
      date:
      - Mon, 14 Oct 2019 18:10:33 GMT
      etag:
      - '"0x8D750D1CDD39B0B"'
      last-modified:
      - Mon, 14 Oct 2019 18:10:32 GMT
      server:
      - Windows-Azure-File/1.0 Microsoft-HTTPAPI/2.0
      x-ms-version:
      - '2019-02-02'
    status:
      code: 201
      message: Created
- request:
    body: null
    headers:
      Accept:
      - '*/*'
      Accept-Encoding:
      - gzip, deflate
      Connection:
      - keep-alive
      Content-Length:
      - '0'
      User-Agent:
      - azsdk-python-storage-file/12.0.0b4 Python/3.7.3 (Windows-10-10.0.17763-SP0)
      x-ms-date:
      - Mon, 14 Oct 2019 18:10:35 GMT
      x-ms-file-attributes:
      - none
      x-ms-file-creation-time:
      - now
      x-ms-file-last-write-time:
      - now
      x-ms-file-permission:
      - inherit
      x-ms-version:
      - '2019-02-02'
    method: PUT
    uri: https://pyacrstorage2dc21a02.file.core.windows.net/utshare2dc21a02/dir1?restype=directory
  response:
    body:
      string: ''
    headers:
      content-length:
      - '0'
      date:
      - Mon, 14 Oct 2019 18:10:34 GMT
      etag:
      - '"0x8D750D1CEAF02A5"'
      last-modified:
      - Mon, 14 Oct 2019 18:10:34 GMT
      server:
      - Windows-Azure-File/1.0 Microsoft-HTTPAPI/2.0
      x-ms-file-attributes:
      - Directory
      x-ms-file-change-time:
      - '2019-10-14T18:10:34.2177445Z'
      x-ms-file-creation-time:
      - '2019-10-14T18:10:34.2177445Z'
      x-ms-file-id:
      - '13835128424026341376'
      x-ms-file-last-write-time:
      - '2019-10-14T18:10:34.2177445Z'
      x-ms-file-parent-id:
      - '0'
      x-ms-file-permission-key:
      - 2591263015529675470*5417027605567860039
      x-ms-request-server-encrypted:
      - 'true'
      x-ms-version:
      - '2019-02-02'
    status:
      code: 201
      message: Created
- request:
    body: null
    headers:
      Accept:
      - '*/*'
      Accept-Encoding:
      - gzip, deflate
      Connection:
      - keep-alive
      User-Agent:
      - azsdk-python-storage-file/12.0.0b4 Python/3.7.3 (Windows-10-10.0.17763-SP0)
      x-ms-date:
      - Mon, 14 Oct 2019 18:10:35 GMT
      x-ms-version:
      - '2019-02-02'
    method: GET
    uri: https://pyacrstorage2dc21a02.file.core.windows.net/utshare2dc21a02/dir1?restype=directory
  response:
    body:
      string: ''
    headers:
      content-length:
      - '0'
      date:
      - Mon, 14 Oct 2019 18:10:34 GMT
      etag:
      - '"0x8D750D1CEAF02A5"'
      last-modified:
      - Mon, 14 Oct 2019 18:10:34 GMT
      server:
      - Windows-Azure-File/1.0 Microsoft-HTTPAPI/2.0
      x-ms-file-attributes:
      - Directory
      x-ms-file-change-time:
      - '2019-10-14T18:10:34.2177445Z'
      x-ms-file-creation-time:
      - '2019-10-14T18:10:34.2177445Z'
      x-ms-file-id:
      - '13835128424026341376'
      x-ms-file-last-write-time:
      - '2019-10-14T18:10:34.2177445Z'
      x-ms-file-parent-id:
      - '0'
      x-ms-file-permission-key:
      - 2591263015529675470*5417027605567860039
      x-ms-server-encrypted:
      - 'true'
      x-ms-version:
      - '2019-02-02'
    status:
      code: 200
      message: OK
version: 1
