interactions:
- request:
    body: null
    headers:
      Accept:
      - '*/*'
      Accept-Encoding:
      - gzip, deflate
      Connection:
      - keep-alive
      Content-Length:
      - '0'
      User-Agent:
      - azsdk-python-storage-file/12.0.0b1 Python/3.7.3 (Windows-10-10.0.17763-SP0)
      content-type:
      - application/xml; charset=utf-8
      x-ms-client-request-id:
      - 007484fa-b4b8-11e9-bbf9-2816a845e8c6
      x-ms-date:
      - Thu, 01 Aug 2019 23:56:38 GMT
      x-ms-version:
      - '2018-11-09'
    method: PUT
    uri: https://remotestoragename.file.core.windows.net/utshare14271500/dir1?restype=directory
  response:
    body:
      string: ''
    headers:
      Content-Length:
      - '0'
      Date:
      - Thu, 01 Aug 2019 23:56:35 GMT
      ETag:
      - '"0x8D716DBE3191D2B"'
      Last-Modified:
      - Thu, 01 Aug 2019 23:56:35 GMT
      Server:
      - Windows-Azure-File/1.0 Microsoft-HTTPAPI/2.0
      x-ms-request-id:
      - ac2bc023-c01a-00f5-0bc4-481c78000000
      x-ms-request-server-encrypted:
      - 'true'
      x-ms-version:
      - '2018-11-09'
    status:
      code: 201
      message: Created
- request:
    body: null
    headers:
      Accept:
      - '*/*'
      Accept-Encoding:
      - gzip, deflate
      Connection:
      - keep-alive
      Content-Length:
      - '0'
      User-Agent:
      - azsdk-python-storage-file/12.0.0b1 Python/3.7.3 (Windows-10-10.0.17763-SP0)
      content-type:
      - application/xml; charset=utf-8
      x-ms-client-request-id:
      - 00a38b28-b4b8-11e9-952b-2816a845e8c6
      x-ms-date:
      - Thu, 01 Aug 2019 23:56:38 GMT
      x-ms-version:
      - '2018-11-09'
    method: PUT
    uri: https://remotestoragename.file.core.windows.net/utshare14271500?restype=share&comp=snapshot
  response:
    body:
      string: ''
    headers:
      Content-Length:
      - '0'
      Date:
      - Thu, 01 Aug 2019 23:56:35 GMT
      ETag:
      - '"0x8D716DBE2D54F0D"'
      Last-Modified:
      - Thu, 01 Aug 2019 23:56:35 GMT
      Server:
      - Windows-Azure-File/1.0 Microsoft-HTTPAPI/2.0
      x-ms-request-id:
      - ac2bc025-c01a-00f5-0cc4-481c78000000
      x-ms-snapshot:
      - '2019-08-01T23:56:36.0000000Z'
      x-ms-version:
      - '2018-11-09'
    status:
      code: 201
      message: Created
- request:
    body: null
    headers:
      Accept:
      - '*/*'
      Accept-Encoding:
      - gzip, deflate
      Connection:
      - keep-alive
      Content-Length:
      - '0'
      User-Agent:
      - azsdk-python-storage-file/12.0.0b1 Python/3.7.3 (Windows-10-10.0.17763-SP0)
      content-type:
      - application/xml; charset=utf-8
      x-ms-client-request-id:
      - 00b61c14-b4b8-11e9-ad17-2816a845e8c6
      x-ms-date:
      - Thu, 01 Aug 2019 23:56:39 GMT
      x-ms-version:
      - '2018-11-09'
    method: DELETE
    uri: https://remotestoragename.file.core.windows.net/utshare14271500/dir1?restype=directory
  response:
    body:
      string: ''
    headers:
      Content-Length:
      - '0'
      Date:
      - Thu, 01 Aug 2019 23:56:36 GMT
      Server:
      - Windows-Azure-File/1.0 Microsoft-HTTPAPI/2.0
      x-ms-request-id:
      - ac2bc026-c01a-00f5-0dc4-481c78000000
      x-ms-version:
      - '2018-11-09'
    status:
      code: 202
      message: Accepted
- request:
    body: null
    headers:
      Accept:
      - '*/*'
      Accept-Encoding:
      - gzip, deflate
      Connection:
      - keep-alive
      User-Agent:
      - azsdk-python-storage-file/12.0.0b1 Python/3.7.3 (Windows-10-10.0.17763-SP0)
      content-type:
      - application/xml; charset=utf-8
      x-ms-client-request-id:
      - 00c553e8-b4b8-11e9-8da0-2816a845e8c6
      x-ms-date:
      - Thu, 01 Aug 2019 23:56:39 GMT
      x-ms-version:
      - '2018-11-09'
    method: GET
    uri: https://remotestoragename.file.core.windows.net/utshare14271500/dir1?restype=directory&sharesnapshot=2019-08-01T23:56:36.0000000Z
  response:
    body:
      string: ''
    headers:
      Content-Length:
      - '0'
      Date:
      - Thu, 01 Aug 2019 23:56:36 GMT
      ETag:
      - '"0x8D716DBE3191D2B"'
      Last-Modified:
      - Thu, 01 Aug 2019 23:56:35 GMT
      Server:
      - Windows-Azure-File/1.0 Microsoft-HTTPAPI/2.0
      Vary:
      - Origin
      x-ms-request-id:
      - ac2bc027-c01a-00f5-0ec4-481c78000000
      x-ms-server-encrypted:
      - 'true'
      x-ms-version:
      - '2018-11-09'
    status:
      code: 200
      message: OK
- request:
    body: null
    headers:
      Accept:
      - '*/*'
      Accept-Encoding:
      - gzip, deflate
      Connection:
      - keep-alive
      Content-Length:
      - '0'
      User-Agent:
      - azsdk-python-storage-file/12.0.0b1 Python/3.7.3 (Windows-10-10.0.17763-SP0)
      content-type:
      - application/xml; charset=utf-8
      x-ms-client-request-id:
      - a4e25d86-b4b9-11e9-a3fe-2816a845e8c6
      x-ms-date:
      - Fri, 02 Aug 2019 00:08:23 GMT
      x-ms-version:
      - '2018-11-09'
    method: PUT
    uri: https://storagename.file.core.windows.net/utshare14271500/dir1?restype=directory
  response:
    body:
      string: ''
    headers:
      Content-Length:
      - '0'
      Date:
      - Fri, 02 Aug 2019 00:08:20 GMT
      ETag:
      - '"0x8D716DD878C1920"'
      Last-Modified:
      - Fri, 02 Aug 2019 00:08:21 GMT
      Server:
      - Windows-Azure-File/1.0 Microsoft-HTTPAPI/2.0
      x-ms-request-id:
      - 07766bbc-901a-00cf-69c6-485fdb000000
      x-ms-request-server-encrypted:
      - 'true'
      x-ms-version:
      - '2018-11-09'
    status:
      code: 201
      message: Created
- request:
    body: null
    headers:
      Accept:
      - '*/*'
      Accept-Encoding:
      - gzip, deflate
      Connection:
      - keep-alive
      Content-Length:
      - '0'
      User-Agent:
      - azsdk-python-storage-file/12.0.0b1 Python/3.7.3 (Windows-10-10.0.17763-SP0)
      content-type:
      - application/xml; charset=utf-8
      x-ms-client-request-id:
      - a5177c8c-b4b9-11e9-b5e9-2816a845e8c6
      x-ms-date:
      - Fri, 02 Aug 2019 00:08:24 GMT
      x-ms-version:
      - '2018-11-09'
    method: PUT
    uri: https://storagename.file.core.windows.net/utshare14271500?restype=share&comp=snapshot
  response:
    body:
      string: ''
    headers:
      Content-Length:
      - '0'
      Date:
      - Fri, 02 Aug 2019 00:08:20 GMT
      ETag:
      - '"0x8D716DD874AC890"'
      Last-Modified:
      - Fri, 02 Aug 2019 00:08:20 GMT
      Server:
      - Windows-Azure-File/1.0 Microsoft-HTTPAPI/2.0
      x-ms-request-id:
      - 07766bbe-901a-00cf-6ac6-485fdb000000
      x-ms-snapshot:
      - '2019-08-02T00:08:21.0000000Z'
      x-ms-version:
      - '2018-11-09'
    status:
      code: 201
      message: Created
- request:
    body: null
    headers:
      Accept:
      - '*/*'
      Accept-Encoding:
      - gzip, deflate
      Connection:
      - keep-alive
      Content-Length:
      - '0'
      User-Agent:
      - azsdk-python-storage-file/12.0.0b1 Python/3.7.3 (Windows-10-10.0.17763-SP0)
      content-type:
      - application/xml; charset=utf-8
      x-ms-client-request-id:
      - a5244e00-b4b9-11e9-aba1-2816a845e8c6
      x-ms-date:
      - Fri, 02 Aug 2019 00:08:24 GMT
      x-ms-version:
      - '2018-11-09'
    method: DELETE
    uri: https://storagename.file.core.windows.net/utshare14271500/dir1?restype=directory
  response:
    body:
      string: ''
    headers:
      Content-Length:
      - '0'
      Date:
      - Fri, 02 Aug 2019 00:08:20 GMT
      Server:
      - Windows-Azure-File/1.0 Microsoft-HTTPAPI/2.0
      x-ms-request-id:
      - 07766bbf-901a-00cf-6bc6-485fdb000000
      x-ms-version:
      - '2018-11-09'
    status:
      code: 202
      message: Accepted
- request:
    body: null
    headers:
      Accept:
      - '*/*'
      Accept-Encoding:
      - gzip, deflate
      Connection:
      - keep-alive
      User-Agent:
      - azsdk-python-storage-file/12.0.0b1 Python/3.7.3 (Windows-10-10.0.17763-SP0)
      content-type:
      - application/xml; charset=utf-8
      x-ms-client-request-id:
      - a537cbf0-b4b9-11e9-bb6f-2816a845e8c6
      x-ms-date:
      - Fri, 02 Aug 2019 00:08:24 GMT
      x-ms-version:
      - '2018-11-09'
    method: GET
    uri: https://storagename.file.core.windows.net/utshare14271500/dir1?restype=directory&sharesnapshot=2019-08-02T00:08:21.0000000Z
  response:
    body:
      string: ''
    headers:
      Content-Length:
      - '0'
      Date:
      - Fri, 02 Aug 2019 00:08:20 GMT
      ETag:
      - '"0x8D716DD878C1920"'
      Last-Modified:
      - Fri, 02 Aug 2019 00:08:21 GMT
      Server:
      - Windows-Azure-File/1.0 Microsoft-HTTPAPI/2.0
      Vary:
      - Origin
      x-ms-request-id:
      - 07766bc0-901a-00cf-6cc6-485fdb000000
      x-ms-server-encrypted:
      - 'true'
      x-ms-version:
      - '2018-11-09'
    status:
      code: 200
      message: OK
version: 1
