interactions:
- request:
    body: null
    headers:
      User-Agent:
      - azsdk-python-storage-file/12.0.0b1 Python/3.7.3 (Windows-10-10.0.17763-SP0)
      content-type:
      - application/xml; charset=utf-8
      x-ms-client-request-id:
      - 88d8a80c-b4b8-11e9-9577-2816a845e8c6
      x-ms-date:
      - Fri, 02 Aug 2019 00:00:27 GMT
      x-ms-version:
      - '2018-11-09'
    method: PUT
    uri: https://remoteremotestoragename.file.core.windows.net/sharec6fa1c20?restype=share
  response:
    body:
      string: ''
    headers:
      ? !!python/object/new:multidict._istr.istr
      - Content-Length
      : '0'
      ? !!python/object/new:multidict._istr.istr
      - Date
      : Fri, 02 Aug 2019 00:00:23 GMT
      ? !!python/object/new:multidict._istr.istr
      - Etag
      : '"0x8D716DC6B61AC42"'
      ? !!python/object/new:multidict._istr.istr
      - Last-Modified
      : Fri, 02 Aug 2019 00:00:24 GMT
      ? !!python/object/new:multidict._istr.istr
      - Server
      : Windows-Azure-File/1.0 Microsoft-HTTPAPI/2.0
      x-ms-request-id: 17696d23-701a-012f-13c5-48ff06000000
      x-ms-version: '2018-11-09'
    status:
      code: 201
      message: Created
    url: !!python/object/new:yarl.URL
      state: !!python/tuple
      - !!python/object/new:urllib.parse.SplitResult
        - https
        - rakshithqueueasynctest.file.core.windows.net
        - /sharec6fa1c20
        - restype=share
        - ''
- request:
    body: null
    headers:
      User-Agent:
      - azsdk-python-storage-file/12.0.0b1 Python/3.7.3 (Windows-10-10.0.17763-SP0)
      content-type:
      - application/xml; charset=utf-8
      x-ms-client-request-id:
      - 88f33480-b4b8-11e9-ba4f-2816a845e8c6
      x-ms-date:
      - Fri, 02 Aug 2019 00:00:27 GMT
      x-ms-version:
      - '2018-11-09'
    method: PUT
    uri: https://remoteremotestoragename.file.core.windows.net/sharec6fa1c20/dir1?restype=directory
  response:
    body:
      string: ''
    headers:
      ? !!python/object/new:multidict._istr.istr
      - Content-Length
      : '0'
      ? !!python/object/new:multidict._istr.istr
      - Date
      : Fri, 02 Aug 2019 00:00:23 GMT
      ? !!python/object/new:multidict._istr.istr
      - Etag
      : '"0x8D716DC6B6E7E29"'
      ? !!python/object/new:multidict._istr.istr
      - Last-Modified
      : Fri, 02 Aug 2019 00:00:24 GMT
      ? !!python/object/new:multidict._istr.istr
      - Server
      : Windows-Azure-File/1.0 Microsoft-HTTPAPI/2.0
      x-ms-request-id: 17696d27-701a-012f-15c5-48ff06000000
      x-ms-request-server-encrypted: 'true'
      x-ms-version: '2018-11-09'
    status:
      code: 201
      message: Created
    url: !!python/object/new:yarl.URL
      state: !!python/tuple
      - !!python/object/new:urllib.parse.SplitResult
        - https
        - rakshithqueueasynctest.file.core.windows.net
        - /sharec6fa1c20/dir1
        - restype=directory
        - ''
- request:
    body: null
    headers:
      User-Agent:
      - azsdk-python-storage-file/12.0.0b1 Python/3.7.3 (Windows-10-10.0.17763-SP0)
      content-type:
      - application/xml; charset=utf-8
      x-ms-client-request-id:
      - 88fb92e4-b4b8-11e9-9614-2816a845e8c6
      x-ms-date:
      - Fri, 02 Aug 2019 00:00:27 GMT
      x-ms-version:
      - '2018-11-09'
    method: PUT
    uri: https://remoteremotestoragename.file.core.windows.net/sharec6fa1c20/dir2?restype=directory
  response:
    body:
      string: ''
    headers:
      ? !!python/object/new:multidict._istr.istr
      - Content-Length
      : '0'
      ? !!python/object/new:multidict._istr.istr
      - Date
      : Fri, 02 Aug 2019 00:00:23 GMT
      ? !!python/object/new:multidict._istr.istr
      - Etag
      : '"0x8D716DC6B75D28E"'
      ? !!python/object/new:multidict._istr.istr
      - Last-Modified
      : Fri, 02 Aug 2019 00:00:24 GMT
      ? !!python/object/new:multidict._istr.istr
      - Server
      : Windows-Azure-File/1.0 Microsoft-HTTPAPI/2.0
      x-ms-request-id: 17696d28-701a-012f-16c5-48ff06000000
      x-ms-request-server-encrypted: 'true'
      x-ms-version: '2018-11-09'
    status:
      code: 201
      message: Created
    url: !!python/object/new:yarl.URL
      state: !!python/tuple
      - !!python/object/new:urllib.parse.SplitResult
        - https
        - rakshithqueueasynctest.file.core.windows.net
        - /sharec6fa1c20/dir2
        - restype=directory
        - ''
- request:
    body: null
    headers:
      User-Agent:
      - azsdk-python-storage-file/12.0.0b1 Python/3.7.3 (Windows-10-10.0.17763-SP0)
      content-type:
      - application/xml; charset=utf-8
      x-ms-client-request-id:
      - 89007192-b4b8-11e9-8135-2816a845e8c6
      x-ms-date:
      - Fri, 02 Aug 2019 00:00:27 GMT
      x-ms-version:
      - '2018-11-09'
    method: PUT
    uri: https://remoteremotestoragename.file.core.windows.net/sharec6fa1c20?restype=share&comp=snapshot
  response:
    body:
      string: ''
    headers:
      ? !!python/object/new:multidict._istr.istr
      - Content-Length
      : '0'
      ? !!python/object/new:multidict._istr.istr
      - Date
      : Fri, 02 Aug 2019 00:00:23 GMT
      ? !!python/object/new:multidict._istr.istr
      - Etag
      : '"0x8D716DC6B61AC42"'
      ? !!python/object/new:multidict._istr.istr
      - Last-Modified
      : Fri, 02 Aug 2019 00:00:24 GMT
      ? !!python/object/new:multidict._istr.istr
      - Server
      : Windows-Azure-File/1.0 Microsoft-HTTPAPI/2.0
      x-ms-request-id: 17696d29-701a-012f-17c5-48ff06000000
      x-ms-snapshot: '2019-08-02T00:00:24.0000000Z'
      x-ms-version: '2018-11-09'
    status:
      code: 201
      message: Created
    url: !!python/object/new:yarl.URL
      state: !!python/tuple
      - !!python/object/new:urllib.parse.SplitResult
        - https
        - rakshithqueueasynctest.file.core.windows.net
        - /sharec6fa1c20
        - restype=share&comp=snapshot
        - ''
- request:
    body: null
    headers:
      User-Agent:
      - azsdk-python-storage-file/12.0.0b1 Python/3.7.3 (Windows-10-10.0.17763-SP0)
      content-type:
      - application/xml; charset=utf-8
      x-ms-client-request-id:
      - 89085b68-b4b8-11e9-bc64-2816a845e8c6
      x-ms-date:
      - Fri, 02 Aug 2019 00:00:27 GMT
      x-ms-version:
      - '2018-11-09'
    method: PUT
    uri: https://remoteremotestoragename.file.core.windows.net/sharec6fa1c20/dir3?restype=directory
  response:
    body:
      string: ''
    headers:
      ? !!python/object/new:multidict._istr.istr
      - Content-Length
      : '0'
      ? !!python/object/new:multidict._istr.istr
      - Date
      : Fri, 02 Aug 2019 00:00:23 GMT
      ? !!python/object/new:multidict._istr.istr
      - Etag
      : '"0x8D716DC6B82A620"'
      ? !!python/object/new:multidict._istr.istr
      - Last-Modified
      : Fri, 02 Aug 2019 00:00:24 GMT
      ? !!python/object/new:multidict._istr.istr
      - Server
      : Windows-Azure-File/1.0 Microsoft-HTTPAPI/2.0
      x-ms-request-id: 17696d2a-701a-012f-18c5-48ff06000000
      x-ms-request-server-encrypted: 'true'
      x-ms-version: '2018-11-09'
    status:
      code: 201
      message: Created
    url: !!python/object/new:yarl.URL
      state: !!python/tuple
      - !!python/object/new:urllib.parse.SplitResult
        - https
        - rakshithqueueasynctest.file.core.windows.net
        - /sharec6fa1c20/dir3
        - restype=directory
        - ''
- request:
    body: null
    headers:
      User-Agent:
      - azsdk-python-storage-file/12.0.0b1 Python/3.7.3 (Windows-10-10.0.17763-SP0)
      content-type:
      - application/xml; charset=utf-8
      x-ms-client-request-id:
      - 890f8270-b4b8-11e9-aa00-2816a845e8c6
      x-ms-content-length:
      - '4'
      x-ms-date:
      - Fri, 02 Aug 2019 00:00:27 GMT
      x-ms-type:
      - file
      x-ms-version:
      - '2018-11-09'
    method: PUT
    uri: https://remoteremotestoragename.file.core.windows.net/sharec6fa1c20/file1
  response:
    body:
      string: ''
    headers:
      ? !!python/object/new:multidict._istr.istr
      - Content-Length
      : '0'
      ? !!python/object/new:multidict._istr.istr
      - Date
      : Fri, 02 Aug 2019 00:00:23 GMT
      ? !!python/object/new:multidict._istr.istr
      - Etag
      : '"0x8D716DC6B89D368"'
      ? !!python/object/new:multidict._istr.istr
      - Last-Modified
      : Fri, 02 Aug 2019 00:00:24 GMT
      ? !!python/object/new:multidict._istr.istr
      - Server
      : Windows-Azure-File/1.0 Microsoft-HTTPAPI/2.0
      x-ms-request-id: 17696d2b-701a-012f-19c5-48ff06000000
      x-ms-request-server-encrypted: 'true'
      x-ms-version: '2018-11-09'
    status:
      code: 201
      message: Created
    url: !!python/object/new:yarl.URL
      state: !!python/tuple
      - !!python/object/new:urllib.parse.SplitResult
        - https
        - rakshithqueueasynctest.file.core.windows.net
        - /sharec6fa1c20/file1
        - ''
        - ''
- request:
    body: data
    headers:
      Content-Length:
      - '4'
      Content-Type:
      - application/octet-stream
      User-Agent:
      - azsdk-python-storage-file/12.0.0b1 Python/3.7.3 (Windows-10-10.0.17763-SP0)
      x-ms-client-request-id:
      - 8914fcfe-b4b8-11e9-9bc2-2816a845e8c6
      x-ms-date:
      - Fri, 02 Aug 2019 00:00:27 GMT
      x-ms-range:
      - bytes=0-3
      x-ms-version:
      - '2018-11-09'
      x-ms-write:
      - update
    method: PUT
    uri: https://remoteremotestoragename.file.core.windows.net/sharec6fa1c20/file1?comp=range
  response:
    body:
      string: ''
    headers:
      ? !!python/object/new:multidict._istr.istr
      - Content-Length
      : '0'
      ? !!python/object/new:multidict._istr.istr
      - Content-Md5
      : jXd/OF09/siBXSD3SWAm3A==
      ? !!python/object/new:multidict._istr.istr
      - Date
      : Fri, 02 Aug 2019 00:00:24 GMT
      ? !!python/object/new:multidict._istr.istr
      - Etag
      : '"0x8D716DC6BB4468E"'
      ? !!python/object/new:multidict._istr.istr
      - Last-Modified
      : Fri, 02 Aug 2019 00:00:25 GMT
      ? !!python/object/new:multidict._istr.istr
      - Server
      : Windows-Azure-File/1.0 Microsoft-HTTPAPI/2.0
      x-ms-request-id: 17696d2c-701a-012f-1ac5-48ff06000000
      x-ms-request-server-encrypted: 'true'
      x-ms-version: '2018-11-09'
    status:
      code: 201
      message: Created
    url: !!python/object/new:yarl.URL
      state: !!python/tuple
      - !!python/object/new:urllib.parse.SplitResult
        - https
        - rakshithqueueasynctest.file.core.windows.net
        - /sharec6fa1c20/file1
        - comp=range
        - ''
- request:
    body: null
    headers:
      Accept:
      - application/xml
      User-Agent:
      - azsdk-python-storage-file/12.0.0b1 Python/3.7.3 (Windows-10-10.0.17763-SP0)
      content-type:
      - application/xml; charset=utf-8
      x-ms-client-request-id:
      - 8948c53e-b4b8-11e9-9acb-2816a845e8c6
      x-ms-date:
      - Fri, 02 Aug 2019 00:00:28 GMT
      x-ms-version:
      - '2018-11-09'
    method: GET
    uri: https://remoteremotestoragename.file.core.windows.net/sharec6fa1c20?sharesnapshot=2019-08-02T00:00:24.0000000Z&restype=directory&comp=list
  response:
    body:
      string: "\uFEFF<?xml version=\"1.0\" encoding=\"utf-8\"?><EnumerationResults
        ServiceEndpoint=\"https://remoteremotestoragename.file.core.windows.net/\"
        ShareName=\"sharec6fa1c20\" ShareSnapshot=\"2019-08-02T00:00:24.0000000Z\"
        DirectoryPath=\"\"><Entries><Directory><Name>dir1</Name><Properties /></Directory><Directory><Name>dir2</Name><Properties
        /></Directory></Entries><NextMarker /></EnumerationResults>"
    headers:
      ? !!python/object/new:multidict._istr.istr
      - Content-Type
      : application/xml
      ? !!python/object/new:multidict._istr.istr
      - Date
      : Fri, 02 Aug 2019 00:00:24 GMT
      ? !!python/object/new:multidict._istr.istr
      - Server
      : Windows-Azure-File/1.0 Microsoft-HTTPAPI/2.0
      ? !!python/object/new:multidict._istr.istr
      - Transfer-Encoding
      : chunked
      ? !!python/object/new:multidict._istr.istr
      - Vary
      : Origin
      x-ms-request-id: 17696d2d-701a-012f-1bc5-48ff06000000
      x-ms-version: '2018-11-09'
    status:
      code: 200
      message: OK
    url: !!python/object/new:yarl.URL
      state: !!python/tuple
      - !!python/object/new:urllib.parse.SplitResult
        - https
        - rakshithqueueasynctest.file.core.windows.net
        - /sharec6fa1c20
        - sharesnapshot=2019-08-02T00:00:24.0000000Z&restype=directory&comp=list
        - ''
- request:
    body: null
    headers:
      User-Agent:
      - azsdk-python-storage-file/12.0.0b1 Python/3.7.3 (Windows-10-10.0.17763-SP0)
      content-type:
      - application/xml; charset=utf-8
      x-ms-client-request-id:
      - c45198f4-b4b8-11e9-afd5-2816a845e8c6
      x-ms-date:
      - Fri, 02 Aug 2019 00:02:07 GMT
      x-ms-version:
      - '2018-11-09'
    method: PUT
    uri: https://remotestoragename.file.core.windows.net/sharec6fa1c20?restype=share
  response:
    body:
      string: ''
    headers:
      ? !!python/object/new:multidict._istr.istr
      - Content-Length
      : '0'
      ? !!python/object/new:multidict._istr.istr
      - Date
      : Fri, 02 Aug 2019 00:02:03 GMT
      ? !!python/object/new:multidict._istr.istr
      - Etag
      : '"0x8D716DCA6D9C15F"'
      ? !!python/object/new:multidict._istr.istr
      - Last-Modified
      : Fri, 02 Aug 2019 00:02:04 GMT
      ? !!python/object/new:multidict._istr.istr
      - Server
      : Windows-Azure-File/1.0 Microsoft-HTTPAPI/2.0
      x-ms-request-id: 605f7740-c01a-0136-3fc5-48d36e000000
      x-ms-version: '2018-11-09'
    status:
      code: 201
      message: Created
    url: !!python/object/new:yarl.URL
      state: !!python/tuple
      - !!python/object/new:urllib.parse.SplitResult
        - https
        - rakshithqueueasynctest.file.core.windows.net
        - /sharec6fa1c20
        - restype=share
        - ''
- request:
    body: null
    headers:
      User-Agent:
      - azsdk-python-storage-file/12.0.0b1 Python/3.7.3 (Windows-10-10.0.17763-SP0)
      content-type:
      - application/xml; charset=utf-8
      x-ms-client-request-id:
      - c46735e6-b4b8-11e9-8b1b-2816a845e8c6
      x-ms-date:
      - Fri, 02 Aug 2019 00:02:07 GMT
      x-ms-version:
      - '2018-11-09'
    method: PUT
    uri: https://remotestoragename.file.core.windows.net/sharec6fa1c20/dir1?restype=directory
  response:
    body:
      string: ''
    headers:
      ? !!python/object/new:multidict._istr.istr
      - Content-Length
      : '0'
      ? !!python/object/new:multidict._istr.istr
      - Date
      : Fri, 02 Aug 2019 00:02:03 GMT
      ? !!python/object/new:multidict._istr.istr
      - Etag
      : '"0x8D716DCA6E1CD61"'
      ? !!python/object/new:multidict._istr.istr
      - Last-Modified
      : Fri, 02 Aug 2019 00:02:04 GMT
      ? !!python/object/new:multidict._istr.istr
      - Server
      : Windows-Azure-File/1.0 Microsoft-HTTPAPI/2.0
      x-ms-request-id: 605f7743-c01a-0136-40c5-48d36e000000
      x-ms-request-server-encrypted: 'true'
      x-ms-version: '2018-11-09'
    status:
      code: 201
      message: Created
    url: !!python/object/new:yarl.URL
      state: !!python/tuple
      - !!python/object/new:urllib.parse.SplitResult
        - https
        - rakshithqueueasynctest.file.core.windows.net
        - /sharec6fa1c20/dir1
        - restype=directory
        - ''
- request:
    body: null
    headers:
      User-Agent:
      - azsdk-python-storage-file/12.0.0b1 Python/3.7.3 (Windows-10-10.0.17763-SP0)
      content-type:
      - application/xml; charset=utf-8
      x-ms-client-request-id:
      - c46ef908-b4b8-11e9-bf0e-2816a845e8c6
      x-ms-date:
      - Fri, 02 Aug 2019 00:02:07 GMT
      x-ms-version:
      - '2018-11-09'
    method: PUT
    uri: https://remotestoragename.file.core.windows.net/sharec6fa1c20/dir2?restype=directory
  response:
    body:
      string: ''
    headers:
      ? !!python/object/new:multidict._istr.istr
      - Content-Length
      : '0'
      ? !!python/object/new:multidict._istr.istr
      - Date
      : Fri, 02 Aug 2019 00:02:03 GMT
      ? !!python/object/new:multidict._istr.istr
      - Etag
      : '"0x8D716DCA6E921B6"'
      ? !!python/object/new:multidict._istr.istr
      - Last-Modified
      : Fri, 02 Aug 2019 00:02:04 GMT
      ? !!python/object/new:multidict._istr.istr
      - Server
      : Windows-Azure-File/1.0 Microsoft-HTTPAPI/2.0
      x-ms-request-id: 605f7744-c01a-0136-41c5-48d36e000000
      x-ms-request-server-encrypted: 'true'
      x-ms-version: '2018-11-09'
    status:
      code: 201
      message: Created
    url: !!python/object/new:yarl.URL
      state: !!python/tuple
      - !!python/object/new:urllib.parse.SplitResult
        - https
        - rakshithqueueasynctest.file.core.windows.net
        - /sharec6fa1c20/dir2
        - restype=directory
        - ''
- request:
    body: null
    headers:
      User-Agent:
      - azsdk-python-storage-file/12.0.0b1 Python/3.7.3 (Windows-10-10.0.17763-SP0)
      content-type:
      - application/xml; charset=utf-8
      x-ms-client-request-id:
      - c473fec0-b4b8-11e9-b521-2816a845e8c6
      x-ms-date:
      - Fri, 02 Aug 2019 00:02:07 GMT
      x-ms-version:
      - '2018-11-09'
    method: PUT
    uri: https://remotestoragename.file.core.windows.net/sharec6fa1c20?restype=share&comp=snapshot
  response:
    body:
      string: ''
    headers:
      ? !!python/object/new:multidict._istr.istr
      - Content-Length
      : '0'
      ? !!python/object/new:multidict._istr.istr
      - Date
      : Fri, 02 Aug 2019 00:02:03 GMT
      ? !!python/object/new:multidict._istr.istr
      - Etag
      : '"0x8D716DCA6D9C15F"'
      ? !!python/object/new:multidict._istr.istr
      - Last-Modified
      : Fri, 02 Aug 2019 00:02:04 GMT
      ? !!python/object/new:multidict._istr.istr
      - Server
      : Windows-Azure-File/1.0 Microsoft-HTTPAPI/2.0
      x-ms-request-id: 605f7745-c01a-0136-42c5-48d36e000000
      x-ms-snapshot: '2019-08-02T00:02:04.0000000Z'
      x-ms-version: '2018-11-09'
    status:
      code: 201
      message: Created
    url: !!python/object/new:yarl.URL
      state: !!python/tuple
      - !!python/object/new:urllib.parse.SplitResult
        - https
        - rakshithqueueasynctest.file.core.windows.net
        - /sharec6fa1c20
        - restype=share&comp=snapshot
        - ''
- request:
    body: null
    headers:
      User-Agent:
      - azsdk-python-storage-file/12.0.0b1 Python/3.7.3 (Windows-10-10.0.17763-SP0)
      content-type:
      - application/xml; charset=utf-8
      x-ms-client-request-id:
      - c47bb106-b4b8-11e9-8fff-2816a845e8c6
      x-ms-date:
      - Fri, 02 Aug 2019 00:02:07 GMT
      x-ms-version:
      - '2018-11-09'
    method: PUT
    uri: https://remotestoragename.file.core.windows.net/sharec6fa1c20/dir3?restype=directory
  response:
    body:
      string: ''
    headers:
      ? !!python/object/new:multidict._istr.istr
      - Content-Length
      : '0'
      ? !!python/object/new:multidict._istr.istr
      - Date
      : Fri, 02 Aug 2019 00:02:03 GMT
      ? !!python/object/new:multidict._istr.istr
      - Etag
      : '"0x8D716DCA6F5CE32"'
      ? !!python/object/new:multidict._istr.istr
      - Last-Modified
      : Fri, 02 Aug 2019 00:02:04 GMT
      ? !!python/object/new:multidict._istr.istr
      - Server
      : Windows-Azure-File/1.0 Microsoft-HTTPAPI/2.0
      x-ms-request-id: 605f7746-c01a-0136-43c5-48d36e000000
      x-ms-request-server-encrypted: 'true'
      x-ms-version: '2018-11-09'
    status:
      code: 201
      message: Created
    url: !!python/object/new:yarl.URL
      state: !!python/tuple
      - !!python/object/new:urllib.parse.SplitResult
        - https
        - rakshithqueueasynctest.file.core.windows.net
        - /sharec6fa1c20/dir3
        - restype=directory
        - ''
- request:
    body: null
    headers:
      User-Agent:
      - azsdk-python-storage-file/12.0.0b1 Python/3.7.3 (Windows-10-10.0.17763-SP0)
      content-type:
      - application/xml; charset=utf-8
      x-ms-client-request-id:
      - c482c2e6-b4b8-11e9-a2be-2816a845e8c6
      x-ms-content-length:
      - '4'
      x-ms-date:
      - Fri, 02 Aug 2019 00:02:07 GMT
      x-ms-type:
      - file
      x-ms-version:
      - '2018-11-09'
    method: PUT
    uri: https://remotestoragename.file.core.windows.net/sharec6fa1c20/file1
  response:
    body:
      string: ''
    headers:
      ? !!python/object/new:multidict._istr.istr
      - Content-Length
      : '0'
      ? !!python/object/new:multidict._istr.istr
      - Date
      : Fri, 02 Aug 2019 00:02:03 GMT
      ? !!python/object/new:multidict._istr.istr
      - Etag
      : '"0x8D716DCA6FCFB72"'
      ? !!python/object/new:multidict._istr.istr
      - Last-Modified
      : Fri, 02 Aug 2019 00:02:04 GMT
      ? !!python/object/new:multidict._istr.istr
      - Server
      : Windows-Azure-File/1.0 Microsoft-HTTPAPI/2.0
      x-ms-request-id: 605f7747-c01a-0136-44c5-48d36e000000
      x-ms-request-server-encrypted: 'true'
      x-ms-version: '2018-11-09'
    status:
      code: 201
      message: Created
    url: !!python/object/new:yarl.URL
      state: !!python/tuple
      - !!python/object/new:urllib.parse.SplitResult
        - https
        - rakshithqueueasynctest.file.core.windows.net
        - /sharec6fa1c20/file1
        - ''
        - ''
- request:
    body: data
    headers:
      Content-Length:
      - '4'
      Content-Type:
      - application/octet-stream
      User-Agent:
      - azsdk-python-storage-file/12.0.0b1 Python/3.7.3 (Windows-10-10.0.17763-SP0)
      x-ms-client-request-id:
      - c4883c1c-b4b8-11e9-8877-2816a845e8c6
      x-ms-date:
      - Fri, 02 Aug 2019 00:02:07 GMT
      x-ms-range:
      - bytes=0-3
      x-ms-version:
      - '2018-11-09'
      x-ms-write:
      - update
    method: PUT
    uri: https://remotestoragename.file.core.windows.net/sharec6fa1c20/file1?comp=range
  response:
    body:
      string: ''
    headers:
      ? !!python/object/new:multidict._istr.istr
      - Content-Length
      : '0'
      ? !!python/object/new:multidict._istr.istr
      - Content-Md5
      : jXd/OF09/siBXSD3SWAm3A==
      ? !!python/object/new:multidict._istr.istr
      - Date
      : Fri, 02 Aug 2019 00:02:03 GMT
      ? !!python/object/new:multidict._istr.istr
      - Etag
      : '"0x8D716DCA702C8E4"'
      ? !!python/object/new:multidict._istr.istr
      - Last-Modified
      : Fri, 02 Aug 2019 00:02:04 GMT
      ? !!python/object/new:multidict._istr.istr
      - Server
      : Windows-Azure-File/1.0 Microsoft-HTTPAPI/2.0
      x-ms-request-id: 605f7748-c01a-0136-45c5-48d36e000000
      x-ms-request-server-encrypted: 'true'
      x-ms-version: '2018-11-09'
    status:
      code: 201
      message: Created
    url: !!python/object/new:yarl.URL
      state: !!python/tuple
      - !!python/object/new:urllib.parse.SplitResult
        - https
        - rakshithqueueasynctest.file.core.windows.net
        - /sharec6fa1c20/file1
        - comp=range
        - ''
- request:
    body: null
    headers:
      Accept:
      - application/xml
      User-Agent:
      - azsdk-python-storage-file/12.0.0b1 Python/3.7.3 (Windows-10-10.0.17763-SP0)
      content-type:
      - application/xml; charset=utf-8
      x-ms-client-request-id:
      - c492228c-b4b8-11e9-9f8c-2816a845e8c6
      x-ms-date:
      - Fri, 02 Aug 2019 00:02:07 GMT
      x-ms-version:
      - '2018-11-09'
    method: GET
    uri: https://remotestoragename.file.core.windows.net/sharec6fa1c20?sharesnapshot=2019-08-02T00:02:04.0000000Z&restype=directory&comp=list
  response:
    body:
      string: "\uFEFF<?xml version=\"1.0\" encoding=\"utf-8\"?><EnumerationResults
        ServiceEndpoint=\"https://remotestoragename.file.core.windows.net/\" ShareName=\"sharec6fa1c20\"
        ShareSnapshot=\"2019-08-02T00:02:04.0000000Z\" DirectoryPath=\"\"><Entries><Directory><Name>dir1</Name><Properties
        /></Directory><Directory><Name>dir2</Name><Properties /></Directory></Entries><NextMarker
        /></EnumerationResults>"
    headers:
      ? !!python/object/new:multidict._istr.istr
      - Content-Type
      : application/xml
      ? !!python/object/new:multidict._istr.istr
      - Date
      : Fri, 02 Aug 2019 00:02:03 GMT
      ? !!python/object/new:multidict._istr.istr
      - Server
      : Windows-Azure-File/1.0 Microsoft-HTTPAPI/2.0
      ? !!python/object/new:multidict._istr.istr
      - Transfer-Encoding
      : chunked
      ? !!python/object/new:multidict._istr.istr
      - Vary
      : Origin
      x-ms-request-id: 605f7749-c01a-0136-46c5-48d36e000000
      x-ms-version: '2018-11-09'
    status:
      code: 200
      message: OK
    url: !!python/object/new:yarl.URL
      state: !!python/tuple
      - !!python/object/new:urllib.parse.SplitResult
        - https
        - rakshithqueueasynctest.file.core.windows.net
        - /sharec6fa1c20
        - sharesnapshot=2019-08-02T00:02:04.0000000Z&restype=directory&comp=list
        - ''
- request:
    body: null
    headers:
      User-Agent:
      - azsdk-python-storage-file/12.0.0b1 Python/3.7.3 (Windows-10-10.0.17763-SP0)
      content-type:
      - application/xml; charset=utf-8
      x-ms-client-request-id:
      - 378148b4-b4ba-11e9-ae71-2816a845e8c6
      x-ms-date:
      - Fri, 02 Aug 2019 00:12:29 GMT
      x-ms-version:
      - '2018-11-09'
    method: PUT
    uri: https://storagename.file.core.windows.net/sharec6fa1c20?restype=share
  response:
    body:
      string: ''
    headers:
      ? !!python/object/new:multidict._istr.istr
      - Content-Length
      : '0'
      ? !!python/object/new:multidict._istr.istr
      - Date
      : Fri, 02 Aug 2019 00:12:26 GMT
      ? !!python/object/new:multidict._istr.istr
      - Etag
      : '"0x8D716DE1A09B29F"'
      ? !!python/object/new:multidict._istr.istr
      - Last-Modified
      : Fri, 02 Aug 2019 00:12:27 GMT
      ? !!python/object/new:multidict._istr.istr
      - Server
      : Windows-Azure-File/1.0 Microsoft-HTTPAPI/2.0
      x-ms-request-id: 8e2dd563-e01a-00e9-39c6-48c46f000000
      x-ms-version: '2018-11-09'
    status:
      code: 201
      message: Created
    url: !!python/object/new:yarl.URL
      state: !!python/tuple
      - !!python/object/new:urllib.parse.SplitResult
        - https
        - rakshithqueueasynctest.file.core.windows.net
        - /sharec6fa1c20
        - restype=share
        - ''
- request:
    body: null
    headers:
      User-Agent:
      - azsdk-python-storage-file/12.0.0b1 Python/3.7.3 (Windows-10-10.0.17763-SP0)
      content-type:
      - application/xml; charset=utf-8
      x-ms-client-request-id:
      - 379bec30-b4ba-11e9-b1a9-2816a845e8c6
      x-ms-date:
      - Fri, 02 Aug 2019 00:12:30 GMT
      x-ms-version:
      - '2018-11-09'
    method: PUT
    uri: https://storagename.file.core.windows.net/sharec6fa1c20/dir1?restype=directory
  response:
    body:
      string: ''
    headers:
      ? !!python/object/new:multidict._istr.istr
      - Content-Length
      : '0'
      ? !!python/object/new:multidict._istr.istr
      - Date
      : Fri, 02 Aug 2019 00:12:26 GMT
      ? !!python/object/new:multidict._istr.istr
      - Etag
      : '"0x8D716DE1A16AA28"'
      ? !!python/object/new:multidict._istr.istr
      - Last-Modified
      : Fri, 02 Aug 2019 00:12:27 GMT
      ? !!python/object/new:multidict._istr.istr
      - Server
      : Windows-Azure-File/1.0 Microsoft-HTTPAPI/2.0
      x-ms-request-id: 8e2dd566-e01a-00e9-3ac6-48c46f000000
      x-ms-request-server-encrypted: 'true'
      x-ms-version: '2018-11-09'
    status:
      code: 201
      message: Created
    url: !!python/object/new:yarl.URL
      state: !!python/tuple
      - !!python/object/new:urllib.parse.SplitResult
        - https
        - rakshithqueueasynctest.file.core.windows.net
        - /sharec6fa1c20/dir1
        - restype=directory
        - ''
- request:
    body: null
    headers:
      User-Agent:
      - azsdk-python-storage-file/12.0.0b1 Python/3.7.3 (Windows-10-10.0.17763-SP0)
      content-type:
      - application/xml; charset=utf-8
      x-ms-client-request-id:
      - 37a975e4-b4ba-11e9-9b8f-2816a845e8c6
      x-ms-date:
      - Fri, 02 Aug 2019 00:12:30 GMT
      x-ms-version:
      - '2018-11-09'
    method: PUT
    uri: https://storagename.file.core.windows.net/sharec6fa1c20/dir2?restype=directory
  response:
    body:
      string: ''
    headers:
      ? !!python/object/new:multidict._istr.istr
      - Content-Length
      : '0'
      ? !!python/object/new:multidict._istr.istr
      - Date
      : Fri, 02 Aug 2019 00:12:26 GMT
      ? !!python/object/new:multidict._istr.istr
      - Etag
      : '"0x8D716DE1A237DC2"'
      ? !!python/object/new:multidict._istr.istr
      - Last-Modified
      : Fri, 02 Aug 2019 00:12:27 GMT
      ? !!python/object/new:multidict._istr.istr
      - Server
      : Windows-Azure-File/1.0 Microsoft-HTTPAPI/2.0
      x-ms-request-id: 8e2dd567-e01a-00e9-3bc6-48c46f000000
      x-ms-request-server-encrypted: 'true'
      x-ms-version: '2018-11-09'
    status:
      code: 201
      message: Created
    url: !!python/object/new:yarl.URL
      state: !!python/tuple
      - !!python/object/new:urllib.parse.SplitResult
        - https
        - rakshithqueueasynctest.file.core.windows.net
        - /sharec6fa1c20/dir2
        - restype=directory
        - ''
- request:
    body: null
    headers:
      User-Agent:
      - azsdk-python-storage-file/12.0.0b1 Python/3.7.3 (Windows-10-10.0.17763-SP0)
      content-type:
      - application/xml; charset=utf-8
      x-ms-client-request-id:
      - 37af3e2e-b4ba-11e9-9d90-2816a845e8c6
      x-ms-date:
      - Fri, 02 Aug 2019 00:12:30 GMT
      x-ms-version:
      - '2018-11-09'
    method: PUT
    uri: https://storagename.file.core.windows.net/sharec6fa1c20?restype=share&comp=snapshot
  response:
    body:
      string: ''
    headers:
      ? !!python/object/new:multidict._istr.istr
      - Content-Length
      : '0'
      ? !!python/object/new:multidict._istr.istr
      - Date
      : Fri, 02 Aug 2019 00:12:26 GMT
      ? !!python/object/new:multidict._istr.istr
      - Etag
      : '"0x8D716DE1A09B29F"'
      ? !!python/object/new:multidict._istr.istr
      - Last-Modified
      : Fri, 02 Aug 2019 00:12:27 GMT
      ? !!python/object/new:multidict._istr.istr
      - Server
      : Windows-Azure-File/1.0 Microsoft-HTTPAPI/2.0
      x-ms-request-id: 8e2dd568-e01a-00e9-3cc6-48c46f000000
      x-ms-snapshot: '2019-08-02T00:12:27.0000000Z'
      x-ms-version: '2018-11-09'
    status:
      code: 201
      message: Created
    url: !!python/object/new:yarl.URL
      state: !!python/tuple
      - !!python/object/new:urllib.parse.SplitResult
        - https
        - rakshithqueueasynctest.file.core.windows.net
        - /sharec6fa1c20
        - restype=share&comp=snapshot
        - ''
- request:
    body: null
    headers:
      User-Agent:
      - azsdk-python-storage-file/12.0.0b1 Python/3.7.3 (Windows-10-10.0.17763-SP0)
      content-type:
      - application/xml; charset=utf-8
      x-ms-client-request-id:
      - 37b700f6-b4ba-11e9-ae63-2816a845e8c6
      x-ms-date:
      - Fri, 02 Aug 2019 00:12:30 GMT
      x-ms-version:
      - '2018-11-09'
    method: PUT
    uri: https://storagename.file.core.windows.net/sharec6fa1c20/dir3?restype=directory
  response:
    body:
      string: ''
    headers:
      ? !!python/object/new:multidict._istr.istr
      - Content-Length
      : '0'
      ? !!python/object/new:multidict._istr.istr
      - Date
      : Fri, 02 Aug 2019 00:12:26 GMT
      ? !!python/object/new:multidict._istr.istr
      - Etag
      : '"0x8D716DE1A30C6A3"'
      ? !!python/object/new:multidict._istr.istr
      - Last-Modified
      : Fri, 02 Aug 2019 00:12:27 GMT
      ? !!python/object/new:multidict._istr.istr
      - Server
      : Windows-Azure-File/1.0 Microsoft-HTTPAPI/2.0
      x-ms-request-id: 8e2dd569-e01a-00e9-3dc6-48c46f000000
      x-ms-request-server-encrypted: 'true'
      x-ms-version: '2018-11-09'
    status:
      code: 201
      message: Created
    url: !!python/object/new:yarl.URL
      state: !!python/tuple
      - !!python/object/new:urllib.parse.SplitResult
        - https
        - rakshithqueueasynctest.file.core.windows.net
        - /sharec6fa1c20/dir3
        - restype=directory
        - ''
- request:
    body: null
    headers:
      User-Agent:
      - azsdk-python-storage-file/12.0.0b1 Python/3.7.3 (Windows-10-10.0.17763-SP0)
      content-type:
      - application/xml; charset=utf-8
      x-ms-client-request-id:
      - 37c0226e-b4ba-11e9-b43e-2816a845e8c6
      x-ms-content-length:
      - '4'
      x-ms-date:
      - Fri, 02 Aug 2019 00:12:30 GMT
      x-ms-type:
      - file
      x-ms-version:
      - '2018-11-09'
    method: PUT
    uri: https://storagename.file.core.windows.net/sharec6fa1c20/file1
  response:
    body:
      string: ''
    headers:
      ? !!python/object/new:multidict._istr.istr
      - Content-Length
      : '0'
      ? !!python/object/new:multidict._istr.istr
      - Date
      : Fri, 02 Aug 2019 00:12:27 GMT
      ? !!python/object/new:multidict._istr.istr
      - Etag
      : '"0x8D716DE1A3A6548"'
      ? !!python/object/new:multidict._istr.istr
      - Last-Modified
      : Fri, 02 Aug 2019 00:12:27 GMT
      ? !!python/object/new:multidict._istr.istr
      - Server
      : Windows-Azure-File/1.0 Microsoft-HTTPAPI/2.0
      x-ms-request-id: 8e2dd56a-e01a-00e9-3ec6-48c46f000000
      x-ms-request-server-encrypted: 'true'
      x-ms-version: '2018-11-09'
    status:
      code: 201
      message: Created
    url: !!python/object/new:yarl.URL
      state: !!python/tuple
      - !!python/object/new:urllib.parse.SplitResult
        - https
        - rakshithqueueasynctest.file.core.windows.net
        - /sharec6fa1c20/file1
        - ''
        - ''
- request:
    body: data
    headers:
      Content-Length:
      - '4'
      Content-Type:
      - application/octet-stream
      User-Agent:
      - azsdk-python-storage-file/12.0.0b1 Python/3.7.3 (Windows-10-10.0.17763-SP0)
      x-ms-client-request-id:
      - 37c65fc6-b4ba-11e9-9e0c-2816a845e8c6
      x-ms-date:
      - Fri, 02 Aug 2019 00:12:30 GMT
      x-ms-range:
      - bytes=0-3
      x-ms-version:
      - '2018-11-09'
      x-ms-write:
      - update
    method: PUT
    uri: https://storagename.file.core.windows.net/sharec6fa1c20/file1?comp=range
  response:
    body:
      string: ''
    headers:
      ? !!python/object/new:multidict._istr.istr
      - Content-Length
      : '0'
      ? !!python/object/new:multidict._istr.istr
      - Content-Md5
      : jXd/OF09/siBXSD3SWAm3A==
      ? !!python/object/new:multidict._istr.istr
      - Date
      : Fri, 02 Aug 2019 00:12:27 GMT
      ? !!python/object/new:multidict._istr.istr
      - Etag
      : '"0x8D716DE1A400BA1"'
      ? !!python/object/new:multidict._istr.istr
      - Last-Modified
      : Fri, 02 Aug 2019 00:12:27 GMT
      ? !!python/object/new:multidict._istr.istr
      - Server
      : Windows-Azure-File/1.0 Microsoft-HTTPAPI/2.0
      x-ms-request-id: 8e2dd56b-e01a-00e9-3fc6-48c46f000000
      x-ms-request-server-encrypted: 'true'
      x-ms-version: '2018-11-09'
    status:
      code: 201
      message: Created
    url: !!python/object/new:yarl.URL
      state: !!python/tuple
      - !!python/object/new:urllib.parse.SplitResult
        - https
        - rakshithqueueasynctest.file.core.windows.net
        - /sharec6fa1c20/file1
        - comp=range
        - ''
- request:
    body: null
    headers:
      Accept:
      - application/xml
      User-Agent:
      - azsdk-python-storage-file/12.0.0b1 Python/3.7.3 (Windows-10-10.0.17763-SP0)
      content-type:
      - application/xml; charset=utf-8
      x-ms-client-request-id:
      - 37d1f0a8-b4ba-11e9-85b4-2816a845e8c6
      x-ms-date:
      - Fri, 02 Aug 2019 00:12:30 GMT
      x-ms-version:
      - '2018-11-09'
    method: GET
    uri: https://storagename.file.core.windows.net/sharec6fa1c20?sharesnapshot=2019-08-02T00:12:27.0000000Z&restype=directory&comp=list
  response:
    body:
      string: "\uFEFF<?xml version=\"1.0\" encoding=\"utf-8\"?><EnumerationResults
        ServiceEndpoint=\"https://storagename.file.core.windows.net/\" ShareName=\"sharec6fa1c20\"
        ShareSnapshot=\"2019-08-02T00:12:27.0000000Z\" DirectoryPath=\"\"><Entries><Directory><Name>dir1</Name><Properties
        /></Directory><Directory><Name>dir2</Name><Properties /></Directory></Entries><NextMarker
        /></EnumerationResults>"
    headers:
      ? !!python/object/new:multidict._istr.istr
      - Content-Type
      : application/xml
      ? !!python/object/new:multidict._istr.istr
      - Date
      : Fri, 02 Aug 2019 00:12:27 GMT
      ? !!python/object/new:multidict._istr.istr
      - Server
      : Windows-Azure-File/1.0 Microsoft-HTTPAPI/2.0
      ? !!python/object/new:multidict._istr.istr
      - Transfer-Encoding
      : chunked
      ? !!python/object/new:multidict._istr.istr
      - Vary
      : Origin
      x-ms-request-id: 8e2dd56c-e01a-00e9-40c6-48c46f000000
      x-ms-version: '2018-11-09'
    status:
      code: 200
      message: OK
    url: !!python/object/new:yarl.URL
      state: !!python/tuple
      - !!python/object/new:urllib.parse.SplitResult
        - https
        - rakshithqueueasynctest.file.core.windows.net
        - /sharec6fa1c20
        - sharesnapshot=2019-08-02T00:12:27.0000000Z&restype=directory&comp=list
        - ''
version: 1
