interactions:
- request:
    body: null
    headers:
      User-Agent:
<<<<<<< HEAD
      - azsdk-python-storage-file/12.0.0b3 Python/3.7.3 (Windows-10-10.0.18362-SP0)
      content-type:
      - application/xml; charset=utf-8
      x-ms-client-request-id:
      - 52f26334-d9a6-11e9-9183-001a7dda7113
      x-ms-date:
      - Tue, 17 Sep 2019 23:53:19 GMT
=======
      - azsdk-python-storage-file/12.0.0b3 Python/3.7.3 (Windows-10-10.0.17763-SP0)
      x-ms-date:
<<<<<<< HEAD
      - Wed, 11 Sep 2019 21:44:35 GMT
>>>>>>> Migrate Files to Devtools Framework
=======
      - Thu, 12 Sep 2019 07:00:54 GMT
>>>>>>> ,pre recordingd and fixes
      x-ms-version:
      - '2019-02-02'
    method: PUT
    uri: https://pyacrstorage9ff01f2c.file.core.windows.net/utshare9ff01f2c?restype=share
  response:
    body:
      string: ''
    headers:
<<<<<<< HEAD
      ? !!python/object/new:multidict._istr.istr
      - Content-Length
      : '0'
      ? !!python/object/new:multidict._istr.istr
      - Date
      : Tue, 17 Sep 2019 23:53:18 GMT
      ? !!python/object/new:multidict._istr.istr
      - Etag
      : '"0x8D73BCA371F1ABE"'
      ? !!python/object/new:multidict._istr.istr
      - Last-Modified
      : Tue, 17 Sep 2019 23:53:19 GMT
      ? !!python/object/new:multidict._istr.istr
      - Server
      : Windows-Azure-File/1.0 Microsoft-HTTPAPI/2.0
      x-ms-request-id: d3c53402-a01a-00b8-64b3-6d0832000000
=======
      content-length: '0'
      date: Thu, 12 Sep 2019 07:00:53 GMT
      etag: '"0x8D7374EF401895C"'
      last-modified: Thu, 12 Sep 2019 07:00:53 GMT
      server: Windows-Azure-File/1.0 Microsoft-HTTPAPI/2.0
>>>>>>> Migrate Files to Devtools Framework
      x-ms-version: '2019-02-02'
    status:
      code: 201
      message: Created
    url: !!python/object/new:yarl.URL
      state: !!python/tuple
      - !!python/object/new:urllib.parse.SplitResult
        - https
        - pyacrstorage9ff01f2c.file.core.windows.net
        - /utshare9ff01f2c
        - restype=share
        - ''
- request:
    body: null
    headers:
      User-Agent:
<<<<<<< HEAD
      - azsdk-python-storage-file/12.0.0b3 Python/3.7.3 (Windows-10-10.0.18362-SP0)
      content-type:
      - application/xml; charset=utf-8
      x-ms-client-request-id:
      - 52fd64e4-d9a6-11e9-95c6-001a7dda7113
      x-ms-date:
      - Tue, 17 Sep 2019 23:53:19 GMT
=======
      - azsdk-python-storage-file/12.0.0b3 Python/3.7.3 (Windows-10-10.0.17763-SP0)
      x-ms-date:
<<<<<<< HEAD
      - Wed, 11 Sep 2019 21:44:36 GMT
>>>>>>> Migrate Files to Devtools Framework
=======
      - Thu, 12 Sep 2019 07:00:55 GMT
>>>>>>> ,pre recordingd and fixes
      x-ms-file-attributes:
      - none
      x-ms-file-creation-time:
      - now
      x-ms-file-last-write-time:
      - now
      x-ms-file-permission:
      - inherit
      x-ms-version:
      - '2019-02-02'
    method: PUT
    uri: https://pyacrstorage9ff01f2c.file.core.windows.net/utshare9ff01f2c/dir1?restype=directory
  response:
    body:
      string: ''
    headers:
<<<<<<< HEAD
      ? !!python/object/new:multidict._istr.istr
      - Content-Length
      : '0'
      ? !!python/object/new:multidict._istr.istr
      - Date
      : Tue, 17 Sep 2019 23:53:18 GMT
      ? !!python/object/new:multidict._istr.istr
      - Etag
      : '"0x8D73BCA37274193"'
      ? !!python/object/new:multidict._istr.istr
      - Last-Modified
      : Tue, 17 Sep 2019 23:53:19 GMT
      ? !!python/object/new:multidict._istr.istr
      - Server
      : Windows-Azure-File/1.0 Microsoft-HTTPAPI/2.0
      x-ms-file-attributes: Directory
      x-ms-file-change-time: '2019-09-17T23:53:19.0966675Z'
      x-ms-file-creation-time: '2019-09-17T23:53:19.0966675Z'
      x-ms-file-id: '13835128424026341376'
      x-ms-file-last-write-time: '2019-09-17T23:53:19.0966675Z'
      x-ms-file-parent-id: '0'
      x-ms-file-permission-key: 17913408918638655783*10394889115079208622
      x-ms-request-id: d3c53405-a01a-00b8-65b3-6d0832000000
=======
      content-length: '0'
      date: Thu, 12 Sep 2019 07:00:53 GMT
      etag: '"0x8D7374EF41BA052"'
      last-modified: Thu, 12 Sep 2019 07:00:53 GMT
      server: Windows-Azure-File/1.0 Microsoft-HTTPAPI/2.0
      x-ms-file-attributes: Directory
      x-ms-file-change-time: '2019-09-12T07:00:53.8642514Z'
      x-ms-file-creation-time: '2019-09-12T07:00:53.8642514Z'
      x-ms-file-id: '13835128424026341376'
      x-ms-file-last-write-time: '2019-09-12T07:00:53.8642514Z'
      x-ms-file-parent-id: '0'
<<<<<<< HEAD
      x-ms-file-permission-key: 15201804763640992939*13415254551501603618
>>>>>>> Migrate Files to Devtools Framework
=======
      x-ms-file-permission-key: 9830004090719467664*16190465607175761689
>>>>>>> ,pre recordingd and fixes
      x-ms-request-server-encrypted: 'true'
      x-ms-version: '2019-02-02'
    status:
      code: 201
      message: Created
    url: !!python/object/new:yarl.URL
      state: !!python/tuple
      - !!python/object/new:urllib.parse.SplitResult
        - https
        - pyacrstorage9ff01f2c.file.core.windows.net
        - /utshare9ff01f2c/dir1
        - restype=directory
        - ''
- request:
    body: null
    headers:
      User-Agent:
<<<<<<< HEAD
      - azsdk-python-storage-file/12.0.0b3 Python/3.7.3 (Windows-10-10.0.18362-SP0)
      content-type:
      - application/xml; charset=utf-8
      x-ms-client-request-id:
      - 53049492-d9a6-11e9-8986-001a7dda7113
      x-ms-date:
      - Tue, 17 Sep 2019 23:53:19 GMT
=======
      - azsdk-python-storage-file/12.0.0b3 Python/3.7.3 (Windows-10-10.0.17763-SP0)
      x-ms-date:
<<<<<<< HEAD
      - Wed, 11 Sep 2019 21:44:36 GMT
>>>>>>> Migrate Files to Devtools Framework
=======
      - Thu, 12 Sep 2019 07:00:55 GMT
>>>>>>> ,pre recordingd and fixes
      x-ms-file-attributes:
      - none
      x-ms-file-creation-time:
      - now
      x-ms-file-last-write-time:
      - now
      x-ms-file-permission:
      - inherit
      x-ms-version:
      - '2019-02-02'
    method: PUT
    uri: https://pyacrstorage9ff01f2c.file.core.windows.net/utshare9ff01f2c/dir1%2Fsubdir1?restype=directory
  response:
    body:
      string: ''
    headers:
<<<<<<< HEAD
      ? !!python/object/new:multidict._istr.istr
      - Content-Length
      : '0'
      ? !!python/object/new:multidict._istr.istr
      - Date
      : Tue, 17 Sep 2019 23:53:18 GMT
      ? !!python/object/new:multidict._istr.istr
      - Etag
      : '"0x8D73BCA372C72F4"'
      ? !!python/object/new:multidict._istr.istr
      - Last-Modified
      : Tue, 17 Sep 2019 23:53:19 GMT
      ? !!python/object/new:multidict._istr.istr
      - Server
      : Windows-Azure-File/1.0 Microsoft-HTTPAPI/2.0
      x-ms-file-attributes: Directory
      x-ms-file-change-time: '2019-09-17T23:53:19.1306996Z'
      x-ms-file-creation-time: '2019-09-17T23:53:19.1306996Z'
      x-ms-file-id: '11529285414812647424'
      x-ms-file-last-write-time: '2019-09-17T23:53:19.1306996Z'
      x-ms-file-parent-id: '13835128424026341376'
      x-ms-file-permission-key: 17913408918638655783*10394889115079208622
      x-ms-request-id: d3c53406-a01a-00b8-66b3-6d0832000000
=======
      content-length: '0'
      date: Thu, 12 Sep 2019 07:00:53 GMT
      etag: '"0x8D7374EF42B0C6B"'
      last-modified: Thu, 12 Sep 2019 07:00:53 GMT
      server: Windows-Azure-File/1.0 Microsoft-HTTPAPI/2.0
      x-ms-file-attributes: Directory
      x-ms-file-change-time: '2019-09-12T07:00:53.9653227Z'
      x-ms-file-creation-time: '2019-09-12T07:00:53.9653227Z'
      x-ms-file-id: '11529285414812647424'
      x-ms-file-last-write-time: '2019-09-12T07:00:53.9653227Z'
      x-ms-file-parent-id: '13835128424026341376'
<<<<<<< HEAD
      x-ms-file-permission-key: 15201804763640992939*13415254551501603618
>>>>>>> Migrate Files to Devtools Framework
=======
      x-ms-file-permission-key: 9830004090719467664*16190465607175761689
>>>>>>> ,pre recordingd and fixes
      x-ms-request-server-encrypted: 'true'
      x-ms-version: '2019-02-02'
    status:
      code: 201
      message: Created
    url: !!python/object/new:yarl.URL
      state: !!python/tuple
      - !!python/object/new:urllib.parse.SplitResult
        - https
        - pyacrstorage9ff01f2c.file.core.windows.net
        - /utshare9ff01f2c/dir1%2Fsubdir1
        - restype=directory
        - ''
- request:
    body: null
    headers:
      User-Agent:
<<<<<<< HEAD
      - azsdk-python-storage-file/12.0.0b3 Python/3.7.3 (Windows-10-10.0.18362-SP0)
      content-type:
      - application/xml; charset=utf-8
      x-ms-client-request-id:
      - 53068ef8-d9a6-11e9-bc6d-001a7dda7113
      x-ms-date:
      - Tue, 17 Sep 2019 23:53:19 GMT
=======
      - azsdk-python-storage-file/12.0.0b3 Python/3.7.3 (Windows-10-10.0.17763-SP0)
      x-ms-date:
<<<<<<< HEAD
      - Wed, 11 Sep 2019 21:44:36 GMT
>>>>>>> Migrate Files to Devtools Framework
=======
      - Thu, 12 Sep 2019 07:00:55 GMT
>>>>>>> ,pre recordingd and fixes
      x-ms-file-attributes:
      - none
      x-ms-file-creation-time:
      - now
      x-ms-file-last-write-time:
      - now
      x-ms-file-permission:
      - inherit
      x-ms-version:
      - '2019-02-02'
    method: PUT
<<<<<<< HEAD
    uri: https://storagename.file.core.windows.net/utshare9ff01f2c/dir1%2Fsubdir2?restype=directory
=======
    uri: https://pyacrstorage9ff01f2c.file.core.windows.net/utshare9ff01f2c/dir1%2Fsubdir2?restype=directory
>>>>>>> Migrate Files to Devtools Framework
  response:
    body:
      string: ''
    headers:
<<<<<<< HEAD
      ? !!python/object/new:multidict._istr.istr
      - Content-Length
      : '0'
      ? !!python/object/new:multidict._istr.istr
      - Date
      : Tue, 17 Sep 2019 23:53:18 GMT
      ? !!python/object/new:multidict._istr.istr
      - Etag
      : '"0x8D73BCA37354EB5"'
      ? !!python/object/new:multidict._istr.istr
      - Last-Modified
      : Tue, 17 Sep 2019 23:53:19 GMT
      ? !!python/object/new:multidict._istr.istr
      - Server
      : Windows-Azure-File/1.0 Microsoft-HTTPAPI/2.0
      x-ms-file-attributes: Directory
      x-ms-file-change-time: '2019-09-17T23:53:19.1887541Z'
      x-ms-file-creation-time: '2019-09-17T23:53:19.1887541Z'
      x-ms-file-id: '13835163608398430208'
      x-ms-file-last-write-time: '2019-09-17T23:53:19.1887541Z'
      x-ms-file-parent-id: '13835128424026341376'
      x-ms-file-permission-key: 17913408918638655783*10394889115079208622
      x-ms-request-id: f240b651-401a-00b0-79b3-6d123d000000
=======
      content-length: '0'
      date: Thu, 12 Sep 2019 07:00:53 GMT
      etag: '"0x8D7374EF44884BF"'
      last-modified: Thu, 12 Sep 2019 07:00:54 GMT
      server: Windows-Azure-File/1.0 Microsoft-HTTPAPI/2.0
      x-ms-file-attributes: Directory
      x-ms-file-change-time: '2019-09-12T07:00:54.1584575Z'
      x-ms-file-creation-time: '2019-09-12T07:00:54.1584575Z'
      x-ms-file-id: '13835163608398430208'
      x-ms-file-last-write-time: '2019-09-12T07:00:54.1584575Z'
      x-ms-file-parent-id: '13835128424026341376'
<<<<<<< HEAD
      x-ms-file-permission-key: 15201804763640992939*13415254551501603618
>>>>>>> Migrate Files to Devtools Framework
=======
      x-ms-file-permission-key: 9830004090719467664*16190465607175761689
>>>>>>> ,pre recordingd and fixes
      x-ms-request-server-encrypted: 'true'
      x-ms-version: '2019-02-02'
    status:
      code: 201
      message: Created
    url: !!python/object/new:yarl.URL
      state: !!python/tuple
      - !!python/object/new:urllib.parse.SplitResult
        - https
<<<<<<< HEAD
        - emilydevtest.file.core.windows.net
=======
        - pyacrstorage9ff01f2c.file.core.windows.net
>>>>>>> Migrate Files to Devtools Framework
        - /utshare9ff01f2c/dir1%2Fsubdir2
        - restype=directory
        - ''
- request:
    body: null
    headers:
      User-Agent:
<<<<<<< HEAD
      - azsdk-python-storage-file/12.0.0b3 Python/3.7.3 (Windows-10-10.0.18362-SP0)
      content-type:
      - application/xml; charset=utf-8
      x-ms-client-request-id:
      - 5307ec62-d9a6-11e9-97b3-001a7dda7113
      x-ms-content-length:
      - '5'
      x-ms-date:
      - Tue, 17 Sep 2019 23:53:19 GMT
=======
      - azsdk-python-storage-file/12.0.0b3 Python/3.7.3 (Windows-10-10.0.17763-SP0)
      x-ms-content-length:
      - '5'
      x-ms-date:
<<<<<<< HEAD
      - Wed, 11 Sep 2019 21:44:36 GMT
>>>>>>> Migrate Files to Devtools Framework
=======
      - Thu, 12 Sep 2019 07:00:55 GMT
>>>>>>> ,pre recordingd and fixes
      x-ms-file-attributes:
      - none
      x-ms-file-creation-time:
      - now
      x-ms-file-last-write-time:
      - now
      x-ms-file-permission:
      - Inherit
      x-ms-type:
      - file
      x-ms-version:
      - '2019-02-02'
    method: PUT
<<<<<<< HEAD
    uri: https://storagename.file.core.windows.net/utshare9ff01f2c/dir1/file1
=======
    uri: https://pyacrstorage9ff01f2c.file.core.windows.net/utshare9ff01f2c/dir1/file1
>>>>>>> Migrate Files to Devtools Framework
  response:
    body:
      string: ''
    headers:
<<<<<<< HEAD
      ? !!python/object/new:multidict._istr.istr
      - Content-Length
      : '0'
      ? !!python/object/new:multidict._istr.istr
      - Date
      : Tue, 17 Sep 2019 23:53:18 GMT
      ? !!python/object/new:multidict._istr.istr
      - Etag
      : '"0x8D73BCA373B91C8"'
      ? !!python/object/new:multidict._istr.istr
      - Last-Modified
      : Tue, 17 Sep 2019 23:53:19 GMT
      ? !!python/object/new:multidict._istr.istr
      - Server
      : Windows-Azure-File/1.0 Microsoft-HTTPAPI/2.0
      x-ms-file-attributes: Archive
      x-ms-file-change-time: '2019-09-17T23:53:19.2297928Z'
      x-ms-file-creation-time: '2019-09-17T23:53:19.2297928Z'
      x-ms-file-id: '13835093239654252544'
      x-ms-file-last-write-time: '2019-09-17T23:53:19.2297928Z'
      x-ms-file-parent-id: '13835128424026341376'
      x-ms-file-permission-key: 4099112195243312672*10394889115079208622
      x-ms-request-id: fe48ded0-201a-006d-6fb3-6de7bf000000
=======
      content-length: '0'
      date: Thu, 12 Sep 2019 07:00:53 GMT
      etag: '"0x8D7374EF4485DA6"'
      last-modified: Thu, 12 Sep 2019 07:00:54 GMT
      server: Windows-Azure-File/1.0 Microsoft-HTTPAPI/2.0
      x-ms-file-attributes: Archive
      x-ms-file-change-time: '2019-09-12T07:00:54.1574566Z'
      x-ms-file-creation-time: '2019-09-12T07:00:54.1574566Z'
      x-ms-file-id: '13835093239654252544'
      x-ms-file-last-write-time: '2019-09-12T07:00:54.1574566Z'
      x-ms-file-parent-id: '13835128424026341376'
<<<<<<< HEAD
      x-ms-file-permission-key: 1336556102193507244*13415254551501603618
>>>>>>> Migrate Files to Devtools Framework
=======
      x-ms-file-permission-key: 5192930684952250263*16190465607175761689
>>>>>>> ,pre recordingd and fixes
      x-ms-request-server-encrypted: 'true'
      x-ms-version: '2019-02-02'
    status:
      code: 201
      message: Created
    url: !!python/object/new:yarl.URL
      state: !!python/tuple
      - !!python/object/new:urllib.parse.SplitResult
        - https
<<<<<<< HEAD
        - emilydevtest.file.core.windows.net
=======
        - pyacrstorage9ff01f2c.file.core.windows.net
>>>>>>> Migrate Files to Devtools Framework
        - /utshare9ff01f2c/dir1/file1
        - ''
        - ''
- request:
    body: data1
    headers:
      Content-Length:
      - '5'
      Content-Type:
      - application/octet-stream
      User-Agent:
<<<<<<< HEAD
      - azsdk-python-storage-file/12.0.0b3 Python/3.7.3 (Windows-10-10.0.18362-SP0)
      x-ms-client-request-id:
      - 53166158-d9a6-11e9-844b-001a7dda7113
      x-ms-date:
      - Tue, 17 Sep 2019 23:53:19 GMT
=======
      - azsdk-python-storage-file/12.0.0b3 Python/3.7.3 (Windows-10-10.0.17763-SP0)
      x-ms-date:
<<<<<<< HEAD
      - Wed, 11 Sep 2019 21:44:36 GMT
>>>>>>> Migrate Files to Devtools Framework
=======
      - Thu, 12 Sep 2019 07:00:55 GMT
>>>>>>> ,pre recordingd and fixes
      x-ms-range:
      - bytes=0-4
      x-ms-version:
      - '2019-02-02'
      x-ms-write:
      - update
    method: PUT
    uri: https://pyacrstorage9ff01f2c.file.core.windows.net/utshare9ff01f2c/dir1/file1?comp=range
  response:
    body:
      string: ''
    headers:
<<<<<<< HEAD
      ? !!python/object/new:multidict._istr.istr
      - Content-Length
      : '0'
      ? !!python/object/new:multidict._istr.istr
      - Content-Md5
      : idkDvDXe3nJP1SxRQ3/1/Q==
      ? !!python/object/new:multidict._istr.istr
      - Date
      : Tue, 17 Sep 2019 23:53:18 GMT
      ? !!python/object/new:multidict._istr.istr
      - Etag
      : '"0x8D73BCA373E5193"'
      ? !!python/object/new:multidict._istr.istr
      - Last-Modified
      : Tue, 17 Sep 2019 23:53:19 GMT
      ? !!python/object/new:multidict._istr.istr
      - Server
      : Windows-Azure-File/1.0 Microsoft-HTTPAPI/2.0
      x-ms-request-id: fe48ded1-201a-006d-70b3-6de7bf000000
=======
      content-length: '0'
      content-md5: idkDvDXe3nJP1SxRQ3/1/Q==
      date: Thu, 12 Sep 2019 07:00:53 GMT
      etag: '"0x8D7374EF45138D8"'
      last-modified: Thu, 12 Sep 2019 07:00:54 GMT
      server: Windows-Azure-File/1.0 Microsoft-HTTPAPI/2.0
>>>>>>> Migrate Files to Devtools Framework
      x-ms-request-server-encrypted: 'true'
      x-ms-version: '2019-02-02'
    status:
      code: 201
      message: Created
    url: !!python/object/new:yarl.URL
      state: !!python/tuple
      - !!python/object/new:urllib.parse.SplitResult
        - https
        - pyacrstorage9ff01f2c.file.core.windows.net
        - /utshare9ff01f2c/dir1/file1
        - comp=range
        - ''
- request:
    body: null
    headers:
      User-Agent:
<<<<<<< HEAD
      - azsdk-python-storage-file/12.0.0b3 Python/3.7.3 (Windows-10-10.0.18362-SP0)
      content-type:
      - application/xml; charset=utf-8
      x-ms-client-request-id:
      - 5318f8ec-d9a6-11e9-8e79-001a7dda7113
      x-ms-date:
      - Tue, 17 Sep 2019 23:53:19 GMT
=======
      - azsdk-python-storage-file/12.0.0b3 Python/3.7.3 (Windows-10-10.0.17763-SP0)
      x-ms-date:
<<<<<<< HEAD
      - Wed, 11 Sep 2019 21:44:36 GMT
>>>>>>> Migrate Files to Devtools Framework
=======
      - Thu, 12 Sep 2019 07:00:55 GMT
>>>>>>> ,pre recordingd and fixes
      x-ms-version:
      - '2019-02-02'
    method: PUT
    uri: https://pyacrstorage9ff01f2c.file.core.windows.net/utshare9ff01f2c?restype=share&comp=snapshot
  response:
    body:
      string: ''
    headers:
<<<<<<< HEAD
      ? !!python/object/new:multidict._istr.istr
      - Content-Length
      : '0'
      ? !!python/object/new:multidict._istr.istr
      - Date
      : Tue, 17 Sep 2019 23:53:18 GMT
      ? !!python/object/new:multidict._istr.istr
      - Etag
      : '"0x8D73BCA371F1ABE"'
      ? !!python/object/new:multidict._istr.istr
      - Last-Modified
      : Tue, 17 Sep 2019 23:53:19 GMT
      ? !!python/object/new:multidict._istr.istr
      - Server
      : Windows-Azure-File/1.0 Microsoft-HTTPAPI/2.0
      x-ms-request-id: fe48ded2-201a-006d-71b3-6de7bf000000
      x-ms-snapshot: '2019-09-17T23:53:19.0000000Z'
=======
      content-length: '0'
      date: Thu, 12 Sep 2019 07:00:53 GMT
      etag: '"0x8D7374EF401895C"'
      last-modified: Thu, 12 Sep 2019 07:00:53 GMT
      server: Windows-Azure-File/1.0 Microsoft-HTTPAPI/2.0
<<<<<<< HEAD
      x-ms-snapshot: '2019-09-11T21:44:35.0000000Z'
>>>>>>> Migrate Files to Devtools Framework
=======
      x-ms-snapshot: '2019-09-12T07:00:54.0000000Z'
>>>>>>> ,pre recordingd and fixes
      x-ms-version: '2019-02-02'
    status:
      code: 201
      message: Created
    url: !!python/object/new:yarl.URL
      state: !!python/tuple
      - !!python/object/new:urllib.parse.SplitResult
        - https
        - pyacrstorage9ff01f2c.file.core.windows.net
        - /utshare9ff01f2c
        - restype=share&comp=snapshot
        - ''
- request:
    body: null
    headers:
      User-Agent:
<<<<<<< HEAD
      - azsdk-python-storage-file/12.0.0b3 Python/3.7.3 (Windows-10-10.0.18362-SP0)
      content-type:
      - application/xml; charset=utf-8
      x-ms-client-request-id:
      - 5324c2b6-d9a6-11e9-8a70-001a7dda7113
      x-ms-date:
      - Tue, 17 Sep 2019 23:53:19 GMT
=======
      - azsdk-python-storage-file/12.0.0b3 Python/3.7.3 (Windows-10-10.0.17763-SP0)
      x-ms-content-length:
      - '5'
      x-ms-date:
<<<<<<< HEAD
      - Wed, 11 Sep 2019 21:44:36 GMT
>>>>>>> Migrate Files to Devtools Framework
=======
      - Thu, 12 Sep 2019 07:00:55 GMT
>>>>>>> ,pre recordingd and fixes
      x-ms-file-attributes:
      - none
      x-ms-file-creation-time:
      - now
      x-ms-file-last-write-time:
      - now
      x-ms-file-permission:
      - Inherit
      x-ms-type:
      - file
      x-ms-version:
      - '2019-02-02'
    method: PUT
    uri: https://pyacrstorage9ff01f2c.file.core.windows.net/utshare9ff01f2c/dir1/file2
  response:
    body:
      string: ''
    headers:
<<<<<<< HEAD
      ? !!python/object/new:multidict._istr.istr
      - Content-Length
      : '0'
      ? !!python/object/new:multidict._istr.istr
      - Date
      : Tue, 17 Sep 2019 23:53:18 GMT
      ? !!python/object/new:multidict._istr.istr
      - Etag
      : '"0x8D73BCA374C5EB9"'
      ? !!python/object/new:multidict._istr.istr
      - Last-Modified
      : Tue, 17 Sep 2019 23:53:19 GMT
      ? !!python/object/new:multidict._istr.istr
      - Server
      : Windows-Azure-File/1.0 Microsoft-HTTPAPI/2.0
      x-ms-file-attributes: Directory
      x-ms-file-change-time: '2019-09-17T23:53:19.3398969Z'
      x-ms-file-creation-time: '2019-09-17T23:53:19.3398969Z'
      x-ms-file-id: '11529250230440558592'
      x-ms-file-last-write-time: '2019-09-17T23:53:19.3398969Z'
      x-ms-file-parent-id: '13835128424026341376'
      x-ms-file-permission-key: 17913408918638655783*10394889115079208622
      x-ms-request-id: fe48ded3-201a-006d-72b3-6de7bf000000
=======
      content-length: '0'
      date: Thu, 12 Sep 2019 07:00:54 GMT
      etag: '"0x8D7374EF475420F"'
      last-modified: Thu, 12 Sep 2019 07:00:54 GMT
      server: Windows-Azure-File/1.0 Microsoft-HTTPAPI/2.0
      x-ms-file-attributes: Archive
      x-ms-file-change-time: '2019-09-12T07:00:54.4516623Z'
      x-ms-file-creation-time: '2019-09-12T07:00:54.4516623Z'
      x-ms-file-id: '11529320599184736256'
      x-ms-file-last-write-time: '2019-09-12T07:00:54.4516623Z'
      x-ms-file-parent-id: '13835128424026341376'
<<<<<<< HEAD
      x-ms-file-permission-key: 15201804763640992939*13415254551501603618
>>>>>>> Migrate Files to Devtools Framework
=======
      x-ms-file-permission-key: 5192930684952250263*16190465607175761689
>>>>>>> ,pre recordingd and fixes
      x-ms-request-server-encrypted: 'true'
      x-ms-version: '2019-02-02'
    status:
      code: 201
      message: Created
    url: !!python/object/new:yarl.URL
      state: !!python/tuple
      - !!python/object/new:urllib.parse.SplitResult
        - https
        - pyacrstorage9ff01f2c.file.core.windows.net
        - /utshare9ff01f2c/dir1/file2
        - ''
        - ''
- request:
    body: null
    headers:
      User-Agent:
<<<<<<< HEAD
      - azsdk-python-storage-file/12.0.0b3 Python/3.7.3 (Windows-10-10.0.18362-SP0)
      content-type:
      - application/xml; charset=utf-8
      x-ms-client-request-id:
      - 53262150-d9a6-11e9-9819-001a7dda7113
      x-ms-content-length:
      - '5'
      x-ms-date:
      - Tue, 17 Sep 2019 23:53:19 GMT
=======
      - azsdk-python-storage-file/12.0.0b3 Python/3.7.3 (Windows-10-10.0.17763-SP0)
      x-ms-content-length:
      - '5'
      x-ms-date:
<<<<<<< HEAD
      - Wed, 11 Sep 2019 21:44:36 GMT
>>>>>>> Migrate Files to Devtools Framework
=======
      - Thu, 12 Sep 2019 07:00:55 GMT
>>>>>>> ,pre recordingd and fixes
      x-ms-file-attributes:
      - none
      x-ms-file-creation-time:
      - now
      x-ms-file-last-write-time:
      - now
      x-ms-file-permission:
      - Inherit
      x-ms-type:
      - file
      x-ms-version:
      - '2019-02-02'
    method: PUT
    uri: https://pyacrstorage9ff01f2c.file.core.windows.net/utshare9ff01f2c/dir1/file3
  response:
    body:
      string: ''
    headers:
<<<<<<< HEAD
      ? !!python/object/new:multidict._istr.istr
      - Content-Length
      : '0'
      ? !!python/object/new:multidict._istr.istr
      - Date
      : Tue, 17 Sep 2019 23:53:18 GMT
      ? !!python/object/new:multidict._istr.istr
      - Etag
      : '"0x8D73BCA374D9785"'
      ? !!python/object/new:multidict._istr.istr
      - Last-Modified
      : Tue, 17 Sep 2019 23:53:19 GMT
      ? !!python/object/new:multidict._istr.istr
      - Server
      : Windows-Azure-File/1.0 Microsoft-HTTPAPI/2.0
      x-ms-file-attributes: Archive
      x-ms-file-change-time: '2019-09-17T23:53:19.3479045Z'
      x-ms-file-creation-time: '2019-09-17T23:53:19.3479045Z'
      x-ms-file-id: '11529320599184736256'
      x-ms-file-last-write-time: '2019-09-17T23:53:19.3479045Z'
      x-ms-file-parent-id: '13835128424026341376'
      x-ms-file-permission-key: 4099112195243312672*10394889115079208622
      x-ms-request-id: f240b653-401a-00b0-7ab3-6d123d000000
=======
      content-length: '0'
      date: Thu, 12 Sep 2019 07:00:53 GMT
      etag: '"0x8D7374EF4751AF6"'
      last-modified: Thu, 12 Sep 2019 07:00:54 GMT
      server: Windows-Azure-File/1.0 Microsoft-HTTPAPI/2.0
      x-ms-file-attributes: Archive
      x-ms-file-change-time: '2019-09-12T07:00:54.4506614Z'
      x-ms-file-creation-time: '2019-09-12T07:00:54.4506614Z'
      x-ms-file-id: '16140971433240035328'
      x-ms-file-last-write-time: '2019-09-12T07:00:54.4506614Z'
      x-ms-file-parent-id: '13835128424026341376'
<<<<<<< HEAD
      x-ms-file-permission-key: 1336556102193507244*13415254551501603618
>>>>>>> Migrate Files to Devtools Framework
=======
      x-ms-file-permission-key: 5192930684952250263*16190465607175761689
>>>>>>> ,pre recordingd and fixes
      x-ms-request-server-encrypted: 'true'
      x-ms-version: '2019-02-02'
    status:
      code: 201
      message: Created
    url: !!python/object/new:yarl.URL
      state: !!python/tuple
      - !!python/object/new:urllib.parse.SplitResult
        - https
        - pyacrstorage9ff01f2c.file.core.windows.net
        - /utshare9ff01f2c/dir1/file3
        - ''
        - ''
- request:
    body: null
    headers:
      User-Agent:
<<<<<<< HEAD
      - azsdk-python-storage-file/12.0.0b3 Python/3.7.3 (Windows-10-10.0.18362-SP0)
      content-type:
      - application/xml; charset=utf-8
      x-ms-client-request-id:
      - 532758f8-d9a6-11e9-b279-001a7dda7113
      x-ms-content-length:
      - '5'
      x-ms-date:
      - Tue, 17 Sep 2019 23:53:19 GMT
=======
      - azsdk-python-storage-file/12.0.0b3 Python/3.7.3 (Windows-10-10.0.17763-SP0)
      x-ms-date:
<<<<<<< HEAD
      - Wed, 11 Sep 2019 21:44:36 GMT
>>>>>>> Migrate Files to Devtools Framework
=======
      - Thu, 12 Sep 2019 07:00:55 GMT
>>>>>>> ,pre recordingd and fixes
      x-ms-file-attributes:
      - none
      x-ms-file-creation-time:
      - now
      x-ms-file-last-write-time:
      - now
      x-ms-file-permission:
      - inherit
      x-ms-version:
      - '2019-02-02'
    method: PUT
<<<<<<< HEAD
<<<<<<< HEAD
    uri: https://storagename.file.core.windows.net/utshare9ff01f2c/dir1/file3
=======
    uri: https://pyacrstorage9ff01f2c.file.core.windows.net/utshare9ff01f2c/dir1/file3
>>>>>>> Migrate Files to Devtools Framework
=======
    uri: https://pyacrstorage9ff01f2c.file.core.windows.net/utshare9ff01f2c/dir1%2Fsubdir3?restype=directory
>>>>>>> ,pre recordingd and fixes
  response:
    body:
      string: ''
    headers:
<<<<<<< HEAD
      ? !!python/object/new:multidict._istr.istr
      - Content-Length
      : '0'
      ? !!python/object/new:multidict._istr.istr
      - Date
      : Tue, 17 Sep 2019 23:53:18 GMT
      ? !!python/object/new:multidict._istr.istr
      - Etag
      : '"0x8D73BCA374F1E83"'
      ? !!python/object/new:multidict._istr.istr
      - Last-Modified
      : Tue, 17 Sep 2019 23:53:19 GMT
      ? !!python/object/new:multidict._istr.istr
      - Server
      : Windows-Azure-File/1.0 Microsoft-HTTPAPI/2.0
      x-ms-file-attributes: Archive
      x-ms-file-change-time: '2019-09-17T23:53:19.3579139Z'
      x-ms-file-creation-time: '2019-09-17T23:53:19.3579139Z'
      x-ms-file-id: '16140971433240035328'
      x-ms-file-last-write-time: '2019-09-17T23:53:19.3579139Z'
      x-ms-file-parent-id: '13835128424026341376'
      x-ms-file-permission-key: 4099112195243312672*10394889115079208622
      x-ms-request-id: d3c53409-a01a-00b8-69b3-6d0832000000
=======
      content-length: '0'
      date: Thu, 12 Sep 2019 07:00:53 GMT
      etag: '"0x8D7374EF474CCC8"'
      last-modified: Thu, 12 Sep 2019 07:00:54 GMT
      server: Windows-Azure-File/1.0 Microsoft-HTTPAPI/2.0
      x-ms-file-attributes: Directory
      x-ms-file-change-time: '2019-09-12T07:00:54.4486600Z'
      x-ms-file-creation-time: '2019-09-12T07:00:54.4486600Z'
      x-ms-file-id: '11529250230440558592'
      x-ms-file-last-write-time: '2019-09-12T07:00:54.4486600Z'
      x-ms-file-parent-id: '13835128424026341376'
<<<<<<< HEAD
      x-ms-file-permission-key: 1336556102193507244*13415254551501603618
>>>>>>> Migrate Files to Devtools Framework
=======
      x-ms-file-permission-key: 9830004090719467664*16190465607175761689
>>>>>>> ,pre recordingd and fixes
      x-ms-request-server-encrypted: 'true'
      x-ms-version: '2019-02-02'
    status:
      code: 201
      message: Created
    url: !!python/object/new:yarl.URL
      state: !!python/tuple
      - !!python/object/new:urllib.parse.SplitResult
        - https
<<<<<<< HEAD
        - emilydevtest.file.core.windows.net
=======
        - pyacrstorage9ff01f2c.file.core.windows.net
<<<<<<< HEAD
>>>>>>> Migrate Files to Devtools Framework
        - /utshare9ff01f2c/dir1/file3
        - ''
=======
        - /utshare9ff01f2c/dir1%2Fsubdir3
        - restype=directory
>>>>>>> ,pre recordingd and fixes
        - ''
- request:
    body: data2
    headers:
      Content-Length:
      - '5'
      Content-Type:
      - application/octet-stream
      User-Agent:
<<<<<<< HEAD
      - azsdk-python-storage-file/12.0.0b3 Python/3.7.3 (Windows-10-10.0.18362-SP0)
      x-ms-client-request-id:
      - 53292bbe-d9a6-11e9-a630-001a7dda7113
      x-ms-date:
      - Tue, 17 Sep 2019 23:53:19 GMT
=======
      - azsdk-python-storage-file/12.0.0b3 Python/3.7.3 (Windows-10-10.0.17763-SP0)
      x-ms-date:
<<<<<<< HEAD
      - Wed, 11 Sep 2019 21:44:36 GMT
>>>>>>> Migrate Files to Devtools Framework
=======
      - Thu, 12 Sep 2019 07:00:56 GMT
>>>>>>> ,pre recordingd and fixes
      x-ms-range:
      - bytes=0-4
      x-ms-version:
      - '2019-02-02'
      x-ms-write:
      - update
    method: PUT
<<<<<<< HEAD
    uri: https://storagename.file.core.windows.net/utshare9ff01f2c/dir1/file2?comp=range
=======
    uri: https://pyacrstorage9ff01f2c.file.core.windows.net/utshare9ff01f2c/dir1/file2?comp=range
>>>>>>> Migrate Files to Devtools Framework
  response:
    body:
      string: ''
    headers:
<<<<<<< HEAD
      ? !!python/object/new:multidict._istr.istr
      - Content-Length
      : '0'
      ? !!python/object/new:multidict._istr.istr
      - Content-Md5
      : /5zy1pDYiMszf2v0UmthMA==
      ? !!python/object/new:multidict._istr.istr
      - Date
      : Tue, 17 Sep 2019 23:53:18 GMT
      ? !!python/object/new:multidict._istr.istr
      - Etag
      : '"0x8D73BCA3750CC9B"'
      ? !!python/object/new:multidict._istr.istr
      - Last-Modified
      : Tue, 17 Sep 2019 23:53:19 GMT
      ? !!python/object/new:multidict._istr.istr
      - Server
      : Windows-Azure-File/1.0 Microsoft-HTTPAPI/2.0
      x-ms-request-id: f240b654-401a-00b0-7bb3-6d123d000000
=======
      content-length: '0'
      content-md5: /5zy1pDYiMszf2v0UmthMA==
      date: Thu, 12 Sep 2019 07:00:54 GMT
      etag: '"0x8D7374EF47DF630"'
      last-modified: Thu, 12 Sep 2019 07:00:54 GMT
      server: Windows-Azure-File/1.0 Microsoft-HTTPAPI/2.0
>>>>>>> Migrate Files to Devtools Framework
      x-ms-request-server-encrypted: 'true'
      x-ms-version: '2019-02-02'
    status:
      code: 201
      message: Created
    url: !!python/object/new:yarl.URL
      state: !!python/tuple
      - !!python/object/new:urllib.parse.SplitResult
        - https
<<<<<<< HEAD
        - emilydevtest.file.core.windows.net
=======
        - pyacrstorage9ff01f2c.file.core.windows.net
>>>>>>> Migrate Files to Devtools Framework
        - /utshare9ff01f2c/dir1/file2
        - comp=range
        - ''
- request:
    body: data3
    headers:
      Content-Length:
      - '5'
      Content-Type:
      - application/octet-stream
      User-Agent:
<<<<<<< HEAD
      - azsdk-python-storage-file/12.0.0b3 Python/3.7.3 (Windows-10-10.0.18362-SP0)
      x-ms-client-request-id:
      - 5329ef64-d9a6-11e9-a80f-001a7dda7113
      x-ms-date:
      - Tue, 17 Sep 2019 23:53:19 GMT
=======
      - azsdk-python-storage-file/12.0.0b3 Python/3.7.3 (Windows-10-10.0.17763-SP0)
      x-ms-date:
<<<<<<< HEAD
      - Wed, 11 Sep 2019 21:44:36 GMT
>>>>>>> Migrate Files to Devtools Framework
=======
      - Thu, 12 Sep 2019 07:00:56 GMT
>>>>>>> ,pre recordingd and fixes
      x-ms-range:
      - bytes=0-4
      x-ms-version:
      - '2019-02-02'
      x-ms-write:
      - update
    method: PUT
    uri: https://pyacrstorage9ff01f2c.file.core.windows.net/utshare9ff01f2c/dir1/file3?comp=range
  response:
    body:
      string: ''
    headers:
<<<<<<< HEAD
      ? !!python/object/new:multidict._istr.istr
      - Content-Length
      : '0'
      ? !!python/object/new:multidict._istr.istr
      - Content-Md5
      : eTafePeILBuqu8fUXcXaoA==
      ? !!python/object/new:multidict._istr.istr
      - Date
      : Tue, 17 Sep 2019 23:53:18 GMT
      ? !!python/object/new:multidict._istr.istr
      - Etag
      : '"0x8D73BCA3751B734"'
      ? !!python/object/new:multidict._istr.istr
      - Last-Modified
      : Tue, 17 Sep 2019 23:53:19 GMT
      ? !!python/object/new:multidict._istr.istr
      - Server
      : Windows-Azure-File/1.0 Microsoft-HTTPAPI/2.0
      x-ms-request-id: d3c5340a-a01a-00b8-6ab3-6d0832000000
=======
      content-length: '0'
      content-md5: eTafePeILBuqu8fUXcXaoA==
      date: Thu, 12 Sep 2019 07:00:53 GMT
      etag: '"0x8D7374EF47E4455"'
      last-modified: Thu, 12 Sep 2019 07:00:54 GMT
      server: Windows-Azure-File/1.0 Microsoft-HTTPAPI/2.0
>>>>>>> Migrate Files to Devtools Framework
      x-ms-request-server-encrypted: 'true'
      x-ms-version: '2019-02-02'
    status:
      code: 201
      message: Created
    url: !!python/object/new:yarl.URL
      state: !!python/tuple
      - !!python/object/new:urllib.parse.SplitResult
        - https
        - pyacrstorage9ff01f2c.file.core.windows.net
        - /utshare9ff01f2c/dir1/file3
        - comp=range
        - ''
- request:
    body: null
    headers:
      Accept:
      - application/xml
      User-Agent:
<<<<<<< HEAD
      - azsdk-python-storage-file/12.0.0b3 Python/3.7.3 (Windows-10-10.0.18362-SP0)
      content-type:
      - application/xml; charset=utf-8
      x-ms-client-request-id:
      - 532e9c98-d9a6-11e9-913f-001a7dda7113
      x-ms-date:
      - Tue, 17 Sep 2019 23:53:19 GMT
      x-ms-version:
      - '2019-02-02'
    method: GET
    uri: https://storagename.file.core.windows.net/utshare9ff01f2c/dir1?sharesnapshot=2019-09-17T23:53:19.0000000Z&restype=directory&comp=list
  response:
    body:
      string: "\uFEFF<?xml version=\"1.0\" encoding=\"utf-8\"?><EnumerationResults
        ServiceEndpoint=\"https://storagename.file.core.windows.net/\" ShareName=\"utshare9ff01f2c\"
        ShareSnapshot=\"2019-09-17T23:53:19.0000000Z\" DirectoryPath=\"dir1\"><Entries><File><Name>file1</Name><Properties><Content-Length>5</Content-Length></Properties></File><Directory><Name>subdir1</Name><Properties
        /></Directory><Directory><Name>subdir2</Name><Properties /></Directory></Entries><NextMarker
        /></EnumerationResults>"
    headers:
      ? !!python/object/new:multidict._istr.istr
      - Content-Type
      : application/xml
      ? !!python/object/new:multidict._istr.istr
      - Date
      : Tue, 17 Sep 2019 23:53:18 GMT
      ? !!python/object/new:multidict._istr.istr
      - Server
      : Windows-Azure-File/1.0 Microsoft-HTTPAPI/2.0
      ? !!python/object/new:multidict._istr.istr
      - Transfer-Encoding
      : chunked
      x-ms-request-id: d3c5340b-a01a-00b8-6bb3-6d0832000000
=======
      - azsdk-python-storage-file/12.0.0b3 Python/3.7.3 (Windows-10-10.0.17763-SP0)
      x-ms-date:
      - Thu, 12 Sep 2019 07:00:56 GMT
      x-ms-version:
      - '2019-02-02'
    method: GET
    uri: https://pyacrstorage9ff01f2c.file.core.windows.net/utshare9ff01f2c/dir1?sharesnapshot=2019-09-12T07:00:54.0000000Z&restype=directory&comp=list
  response:
    body:
      string: "\uFEFF<?xml version=\"1.0\" encoding=\"utf-8\"?><EnumerationResults
        ServiceEndpoint=\"https://pyacrstorage9ff01f2c.file.core.windows.net/\" ShareName=\"utshare9ff01f2c\"
        ShareSnapshot=\"2019-09-12T07:00:54.0000000Z\" DirectoryPath=\"dir1\"><Entries><File><Name>file1</Name><Properties><Content-Length>5</Content-Length></Properties></File><Directory><Name>subdir1</Name><Properties
        /></Directory><Directory><Name>subdir2</Name><Properties /></Directory></Entries><NextMarker
        /></EnumerationResults>"
    headers:
      content-type: application/xml
      date: Thu, 12 Sep 2019 07:00:53 GMT
      server: Windows-Azure-File/1.0 Microsoft-HTTPAPI/2.0
      transfer-encoding: chunked
>>>>>>> Migrate Files to Devtools Framework
      x-ms-version: '2019-02-02'
    status:
      code: 200
      message: OK
    url: !!python/object/new:yarl.URL
      state: !!python/tuple
      - !!python/object/new:urllib.parse.SplitResult
        - https
        - pyacrstorage9ff01f2c.file.core.windows.net
        - /utshare9ff01f2c/dir1
<<<<<<< HEAD
<<<<<<< HEAD
        - sharesnapshot=2019-09-17T23:53:19.0000000Z&restype=directory&comp=list
=======
        - sharesnapshot=2019-09-11T21:44:35.0000000Z&restype=directory&comp=list
>>>>>>> Migrate Files to Devtools Framework
=======
        - sharesnapshot=2019-09-12T07:00:54.0000000Z&restype=directory&comp=list
>>>>>>> ,pre recordingd and fixes
        - ''
version: 1
