interactions:
- request:
    body: null
    headers:
      Accept:
      - '*/*'
      Accept-Encoding:
      - gzip, deflate
      Connection:
      - keep-alive
      Content-Length:
      - '0'
      User-Agent:
      - azsdk-python-storage-file/12.0.0b1 Python/3.7.3 (Windows-10-10.0.17763-SP0)
      content-type:
      - application/xml; charset=utf-8
      x-ms-client-request-id:
      - 80405d06-b636-11e9-8967-2816a845e8c6
      x-ms-content-length:
      - '11'
      x-ms-date:
      - Sat, 03 Aug 2019 21:34:40 GMT
      x-ms-type:
      - file
      x-ms-version:
      - '2018-11-09'
    method: PUT
    uri: https://storagename.file.core.windows.net/utshare927511d8/%E5%95%8A%E9%BD%84%E4%B8%82%E7%8B%9B%E7%8B%9C
  response:
    body:
      string: ''
    headers:
      Content-Length:
      - '0'
      Date:
      - Sat, 03 Aug 2019 21:34:39 GMT
      ETag:
      - '"0x8D7185A63F93068"'
      Last-Modified:
      - Sat, 03 Aug 2019 21:34:39 GMT
      Server:
      - Windows-Azure-File/1.0 Microsoft-HTTPAPI/2.0
      x-ms-request-id:
      - 6ad94f72-c01a-00bd-4043-4a728c000000
      x-ms-request-server-encrypted:
      - 'true'
      x-ms-version:
      - '2018-11-09'
    status:
      code: 201
      message: Created
- request:
    body: hello world
    headers:
      Accept:
      - '*/*'
      Accept-Encoding:
      - gzip, deflate
      Connection:
      - keep-alive
      Content-Length:
      - '11'
      Content-Type:
      - application/octet-stream
      User-Agent:
      - azsdk-python-storage-file/12.0.0b1 Python/3.7.3 (Windows-10-10.0.17763-SP0)
      x-ms-client-request-id:
      - 80942bcc-b636-11e9-b0e3-2816a845e8c6
      x-ms-date:
      - Sat, 03 Aug 2019 21:34:41 GMT
      x-ms-range:
      - bytes=0-10
      x-ms-version:
      - '2018-11-09'
      x-ms-write:
      - update
    method: PUT
    uri: https://storagename.file.core.windows.net/utshare927511d8/%E5%95%8A%E9%BD%84%E4%B8%82%E7%8B%9B%E7%8B%9C?comp=range
  response:
    body:
      string: ''
    headers:
      Content-Length:
      - '0'
      Content-MD5:
      - XrY7u+Ae7tCTyyK7j1rNww==
      Date:
      - Sat, 03 Aug 2019 21:34:39 GMT
      ETag:
      - '"0x8D7185A6421A75B"'
      Last-Modified:
      - Sat, 03 Aug 2019 21:34:40 GMT
      Server:
      - Windows-Azure-File/1.0 Microsoft-HTTPAPI/2.0
      x-ms-request-id:
      - 6ad94f74-c01a-00bd-4143-4a728c000000
      x-ms-request-server-encrypted:
      - 'true'
      x-ms-version:
      - '2018-11-09'
    status:
      code: 201
      message: Created
- request:
    body: null
    headers:
      Accept:
      - application/xml
      Accept-Encoding:
      - gzip, deflate
      Connection:
      - keep-alive
      User-Agent:
      - azsdk-python-storage-file/12.0.0b1 Python/3.7.3 (Windows-10-10.0.17763-SP0)
      content-type:
      - application/xml; charset=utf-8
      x-ms-client-request-id:
      - 80a528ba-b636-11e9-8fd8-2816a845e8c6
      x-ms-date:
      - Sat, 03 Aug 2019 21:34:41 GMT
      x-ms-range:
      - bytes=0-33554431
      x-ms-version:
      - '2018-11-09'
    method: GET
    uri: https://storagename.file.core.windows.net/utshare927511d8/%E5%95%8A%E9%BD%84%E4%B8%82%E7%8B%9B%E7%8B%9C
  response:
    body:
      string: hello world
    headers:
      Accept-Ranges:
      - bytes
      Content-Length:
      - '11'
      Content-Range:
      - bytes 0-10/11
      Content-Type:
      - application/xml; charset=utf-8
      Date:
      - Sat, 03 Aug 2019 21:34:39 GMT
      ETag:
      - '"0x8D7185A6421A75B"'
      Last-Modified:
      - Sat, 03 Aug 2019 21:34:40 GMT
      Server:
      - Windows-Azure-File/1.0 Microsoft-HTTPAPI/2.0
      Vary:
      - Origin
      x-ms-request-id:
      - 6ad94f75-c01a-00bd-4243-4a728c000000
      x-ms-server-encrypted:
      - 'true'
      x-ms-type:
      - File
      x-ms-version:
      - '2018-11-09'
    status:
      code: 206
      message: Partial Content
version: 1
