interactions:
- request:
    body: null
    headers:
      User-Agent:
      - azsdk-python-storage-file/12.0.0b1 Python/3.7.3 (Windows-10-10.0.17763-SP0)
      content-type:
      - application/xml; charset=utf-8
      x-ms-client-request-id:
      - ac0b7d18-b569-11e9-93d3-2816a845e8c6
      x-ms-date:
      - Fri, 02 Aug 2019 21:08:27 GMT
      x-ms-version:
      - '2018-11-09'
    method: PUT
    uri: https://storagename.file.core.windows.net/utshare939711e6?restype=share
  response:
    body:
      string: ''
    headers:
      ? !!python/object/new:multidict._istr.istr
      - Content-Length
      : '0'
      ? !!python/object/new:multidict._istr.istr
      - Date
      : Fri, 02 Aug 2019 21:08:27 GMT
      ? !!python/object/new:multidict._istr.istr
      - Etag
      : '"0x8D7178D90315679"'
      ? !!python/object/new:multidict._istr.istr
      - Last-Modified
      : Fri, 02 Aug 2019 21:08:27 GMT
      ? !!python/object/new:multidict._istr.istr
      - Server
      : Windows-Azure-File/1.0 Microsoft-HTTPAPI/2.0
      x-ms-request-id: 2bcda169-c01a-001c-1976-49bc17000000
      x-ms-version: '2018-11-09'
    status:
      code: 201
      message: Created
    url: !!python/object/new:yarl.URL
      state: !!python/tuple
      - !!python/object/new:urllib.parse.SplitResult
        - https
        - amqptest.file.core.windows.net
        - /utshare939711e6
        - restype=share
        - ''
- request:
    body: null
    headers:
      User-Agent:
      - azsdk-python-storage-file/12.0.0b1 Python/3.7.3 (Windows-10-10.0.17763-SP0)
      content-type:
      - application/xml; charset=utf-8
      x-ms-client-request-id:
      - ac2c12e8-b569-11e9-a442-2816a845e8c6
      x-ms-content-length:
      - '26'
      x-ms-date:
      - Fri, 02 Aug 2019 21:08:27 GMT
      x-ms-type:
      - file
      x-ms-version:
      - '2018-11-09'
    method: PUT
    uri: https://storagename.file.core.windows.net/utshare939711e6/file939711e6
  response:
    body:
      string: ''
    headers:
      ? !!python/object/new:multidict._istr.istr
      - Content-Length
      : '0'
      ? !!python/object/new:multidict._istr.istr
      - Date
      : Fri, 02 Aug 2019 21:08:27 GMT
      ? !!python/object/new:multidict._istr.istr
      - Etag
      : '"0x8D7178D90530A0A"'
      ? !!python/object/new:multidict._istr.istr
      - Last-Modified
      : Fri, 02 Aug 2019 21:08:27 GMT
      ? !!python/object/new:multidict._istr.istr
      - Server
      : Windows-Azure-File/1.0 Microsoft-HTTPAPI/2.0
      x-ms-request-id: ac54f44a-101a-00d9-1d76-49c22c000000
      x-ms-request-server-encrypted: 'true'
      x-ms-version: '2018-11-09'
    status:
      code: 201
      message: Created
    url: !!python/object/new:yarl.URL
      state: !!python/tuple
      - !!python/object/new:urllib.parse.SplitResult
        - https
        - amqptest.file.core.windows.net
        - /utshare939711e6/file939711e6
        - ''
        - ''
- request:
    body: "hello world\u554A\u9F44\u4E02\u72DB\u72DC"
    headers:
      Content-Length:
      - '26'
      Content-Type:
      - application/octet-stream
      User-Agent:
      - azsdk-python-storage-file/12.0.0b1 Python/3.7.3 (Windows-10-10.0.17763-SP0)
      x-ms-client-request-id:
      - ac473d42-b569-11e9-ab64-2816a845e8c6
      x-ms-date:
      - Fri, 02 Aug 2019 21:08:27 GMT
      x-ms-range:
      - bytes=0-25
      x-ms-version:
      - '2018-11-09'
      x-ms-write:
      - update
    method: PUT
    uri: https://storagename.file.core.windows.net/utshare939711e6/file939711e6?comp=range
  response:
    body:
      string: ''
    headers:
      ? !!python/object/new:multidict._istr.istr
      - Content-Length
      : '0'
      ? !!python/object/new:multidict._istr.istr
      - Content-Md5
      : aFkhSeVIRnJoB2MmKjC25w==
      ? !!python/object/new:multidict._istr.istr
      - Date
      : Fri, 02 Aug 2019 21:08:27 GMT
      ? !!python/object/new:multidict._istr.istr
      - Etag
      : '"0x8D7178D906387C1"'
      ? !!python/object/new:multidict._istr.istr
      - Last-Modified
      : Fri, 02 Aug 2019 21:08:27 GMT
      ? !!python/object/new:multidict._istr.istr
      - Server
      : Windows-Azure-File/1.0 Microsoft-HTTPAPI/2.0
      x-ms-request-id: ac54f44c-101a-00d9-1e76-49c22c000000
      x-ms-request-server-encrypted: 'true'
      x-ms-version: '2018-11-09'
    status:
      code: 201
      message: Created
    url: !!python/object/new:yarl.URL
      state: !!python/tuple
      - !!python/object/new:urllib.parse.SplitResult
        - https
        - amqptest.file.core.windows.net
        - /utshare939711e6/file939711e6
        - comp=range
        - ''
- request:
    body: null
    headers:
      Accept:
      - application/xml
      User-Agent:
      - azsdk-python-storage-file/12.0.0b1 Python/3.7.3 (Windows-10-10.0.17763-SP0)
      content-type:
      - application/xml; charset=utf-8
      x-ms-client-request-id:
      - ac583388-b569-11e9-b3fd-2816a845e8c6
      x-ms-date:
      - Fri, 02 Aug 2019 21:08:27 GMT
      x-ms-range:
      - bytes=0-33554431
      x-ms-version:
      - '2018-11-09'
    method: GET
    uri: https://storagename.file.core.windows.net/utshare939711e6/file939711e6
  response:
    body:
      string: "hello world\u554A\u9F44\u4E02\u72DB\u72DC"
    headers:
      ? !!python/object/new:multidict._istr.istr
      - Accept-Ranges
      : bytes
      ? !!python/object/new:multidict._istr.istr
      - Content-Length
      : '26'
      ? !!python/object/new:multidict._istr.istr
      - Content-Range
      : bytes 0-25/26
      ? !!python/object/new:multidict._istr.istr
      - Content-Type
      : application/xml; charset=utf-8
      ? !!python/object/new:multidict._istr.istr
      - Date
      : Fri, 02 Aug 2019 21:08:27 GMT
      ? !!python/object/new:multidict._istr.istr
      - Etag
      : '"0x8D7178D906387C1"'
      ? !!python/object/new:multidict._istr.istr
      - Last-Modified
      : Fri, 02 Aug 2019 21:08:27 GMT
      ? !!python/object/new:multidict._istr.istr
      - Server
      : Windows-Azure-File/1.0 Microsoft-HTTPAPI/2.0
      ? !!python/object/new:multidict._istr.istr
      - Vary
      : Origin
      x-ms-request-id: ac54f44d-101a-00d9-1f76-49c22c000000
      x-ms-server-encrypted: 'true'
      x-ms-type: File
      x-ms-version: '2018-11-09'
    status:
      code: 206
      message: Partial Content
    url: !!python/object/new:yarl.URL
      state: !!python/tuple
      - !!python/object/new:urllib.parse.SplitResult
        - https
        - amqptest.file.core.windows.net
        - /utshare939711e6/file939711e6
        - ''
        - ''
version: 1
