interactions:
- request:
    body: null
    headers:
      Accept:
      - '*/*'
      Accept-Encoding:
      - gzip, deflate
      Connection:
      - keep-alive
      Content-Length:
      - '0'
      User-Agent:
      - azsdk-python-storage-file/12.0.0b1 Python/3.7.3 (Windows-10-10.0.17763-SP0)
      content-type:
      - application/xml; charset=utf-8
      x-ms-client-request-id:
      - 8b11f40a-b639-11e9-b357-2816a845e8c6
      x-ms-date:
      - Sat, 03 Aug 2019 21:56:27 GMT
      x-ms-version:
      - '2018-11-09'
    method: DELETE
    uri: https://storagename.file.core.windows.net/utsharef2f4140d/filef2f4140d
  response:
    body:
      string: "\uFEFF<?xml version=\"1.0\" encoding=\"utf-8\"?><Error><Code>ResourceNotFound</Code><Message>The
        specified resource does not exist.\nRequestId:bf3212e4-e01a-0000-1046-4a6400000000\nTime:2019-08-03T21:56:30.3351941Z</Message></Error>"
    headers:
      Content-Length:
      - '223'
      Content-Type:
      - application/xml
      Date:
      - Sat, 03 Aug 2019 21:56:29 GMT
      Server:
      - Windows-Azure-File/1.0 Microsoft-HTTPAPI/2.0
      x-ms-error-code:
      - ResourceNotFound
      x-ms-request-id:
      - bf3212e4-e01a-0000-1046-4a6400000000
      x-ms-version:
      - '2018-11-09'
    status:
      code: 404
      message: The specified resource does not exist.
- request:
    body: null
    headers:
      Accept:
      - '*/*'
      Accept-Encoding:
      - gzip, deflate
      Connection:
      - keep-alive
      Content-Length:
      - '0'
      User-Agent:
      - azsdk-python-storage-file/12.0.0b1 Python/3.7.3 (Windows-10-10.0.17763-SP0)
      content-type:
      - application/xml; charset=utf-8
      x-ms-client-request-id:
      - 71a08fd8-b63a-11e9-967a-2816a845e8c6
      x-ms-date:
      - Sat, 03 Aug 2019 22:02:54 GMT
      x-ms-version:
      - '2018-11-09'
    method: DELETE
    uri: https://storagename.file.core.windows.net/utsharef2f4140d/filef2f4140d
  response:
    body:
      string: "\uFEFF<?xml version=\"1.0\" encoding=\"utf-8\"?><Error><Code>ResourceNotFound</Code><Message>The
        specified resource does not exist.\nRequestId:3e2e9fe7-b01a-0031-0e47-4a3fd7000000\nTime:2019-08-03T22:02:53.6452993Z</Message></Error>"
    headers:
      Content-Length:
      - '223'
      Content-Type:
      - application/xml
      Date:
      - Sat, 03 Aug 2019 22:02:52 GMT
      Server:
      - Windows-Azure-File/1.0 Microsoft-HTTPAPI/2.0
      x-ms-error-code:
      - ResourceNotFound
      x-ms-request-id:
      - 3e2e9fe7-b01a-0031-0e47-4a3fd7000000
      x-ms-version:
      - '2018-11-09'
    status:
      code: 404
      message: The specified resource does not exist.
- request:
    body: null
    headers:
      Accept:
      - '*/*'
      Accept-Encoding:
      - gzip, deflate
      Connection:
      - keep-alive
      Content-Length:
      - '0'
      User-Agent:
      - azsdk-python-storage-file/12.0.0b1 Python/3.7.3 (Windows-10-10.0.17763-SP0)
      content-type:
      - application/xml; charset=utf-8
      x-ms-client-request-id:
      - d23bbc4a-b63a-11e9-a4b1-2816a845e8c6
      x-ms-date:
      - Sat, 03 Aug 2019 22:05:36 GMT
      x-ms-version:
      - '2018-11-09'
    method: DELETE
    uri: https://storagename.file.core.windows.net/utsharef2f4140d/filef2f4140d
  response:
    body:
      string: "\uFEFF<?xml version=\"1.0\" encoding=\"utf-8\"?><Error><Code>ResourceNotFound</Code><Message>The
        specified resource does not exist.\nRequestId:7639af81-401a-00e8-0a47-4a99fb000000\nTime:2019-08-03T22:05:35.6203988Z</Message></Error>"
    headers:
      Content-Length:
      - '223'
      Content-Type:
      - application/xml
      Date:
      - Sat, 03 Aug 2019 22:05:34 GMT
      Server:
      - Windows-Azure-File/1.0 Microsoft-HTTPAPI/2.0
      x-ms-error-code:
      - ResourceNotFound
      x-ms-request-id:
      - 7639af81-401a-00e8-0a47-4a99fb000000
      x-ms-version:
      - '2018-11-09'
    status:
      code: 404
      message: The specified resource does not exist.
version: 1
