interactions:
- request:
    body: null
    headers:
      User-Agent:
      - azsdk-python-storage-file/12.0.0b1 Python/3.7.3 (Windows-10-10.0.17763-SP0)
      content-type:
      - application/xml; charset=utf-8
      x-ms-client-request-id:
      - 640d9cae-b637-11e9-9a19-2816a845e8c6
      x-ms-date:
      - Sat, 03 Aug 2019 21:41:02 GMT
      x-ms-version:
      - '2018-11-09'
    method: PUT
    uri: https://storagename.file.core.windows.net/share1aa91d3e?restype=share
  response:
    body:
      string: ''
    headers:
      ? !!python/object/new:multidict._istr.istr
      - Content-Length
      : '0'
      ? !!python/object/new:multidict._istr.istr
      - Date
      : Sat, 03 Aug 2019 21:41:01 GMT
      ? !!python/object/new:multidict._istr.istr
      - Etag
      : '"0x8D7185B47CBEDA9"'
      ? !!python/object/new:multidict._istr.istr
      - Last-Modified
      : Sat, 03 Aug 2019 21:41:02 GMT
      ? !!python/object/new:multidict._istr.istr
      - Server
      : Windows-Azure-File/1.0 Microsoft-HTTPAPI/2.0
      x-ms-request-id: ee048b10-901a-0069-6344-4a3bac000000
      x-ms-version: '2018-11-09'
    status:
      code: 201
      message: Created
    url: !!python/object/new:yarl.URL
      state: !!python/tuple
      - !!python/object/new:urllib.parse.SplitResult
        - https
        - amqptest.file.core.windows.net
        - /share1aa91d3e
        - restype=share
        - ''
- request:
    body: null
    headers:
      Content-Type:
      - application/xml; charset=utf-8
      User-Agent:
      - azsdk-python-storage-file/12.0.0b1 Python/3.7.3 (Windows-10-10.0.17763-SP0)
      x-ms-client-request-id:
      - 645cfd78-b637-11e9-9df7-2816a845e8c6
      x-ms-date:
      - Sat, 03 Aug 2019 21:41:03 GMT
      x-ms-version:
      - '2018-11-09'
    method: PUT
    uri: https://storagename.file.core.windows.net/share1aa91d3e?restype=share&comp=acl
  response:
    body:
      string: ''
    headers:
      ? !!python/object/new:multidict._istr.istr
      - Content-Length
      : '0'
      ? !!python/object/new:multidict._istr.istr
      - Date
      : Sat, 03 Aug 2019 21:41:02 GMT
      ? !!python/object/new:multidict._istr.istr
      - Etag
      : '"0x8D7185B47F98D77"'
      ? !!python/object/new:multidict._istr.istr
      - Last-Modified
      : Sat, 03 Aug 2019 21:41:02 GMT
      ? !!python/object/new:multidict._istr.istr
      - Server
      : Windows-Azure-File/1.0 Microsoft-HTTPAPI/2.0
      x-ms-request-id: ee048b13-901a-0069-6444-4a3bac000000
      x-ms-version: '2018-11-09'
    status:
      code: 200
      message: OK
    url: !!python/object/new:yarl.URL
      state: !!python/tuple
      - !!python/object/new:urllib.parse.SplitResult
        - https
        - amqptest.file.core.windows.net
        - /share1aa91d3e
        - restype=share&comp=acl
        - ''
- request:
    body: null
    headers:
      Accept:
      - application/xml
      User-Agent:
      - azsdk-python-storage-file/12.0.0b1 Python/3.7.3 (Windows-10-10.0.17763-SP0)
      content-type:
      - application/xml; charset=utf-8
      x-ms-client-request-id:
      - 649b6758-b637-11e9-aa44-2816a845e8c6
      x-ms-date:
      - Sat, 03 Aug 2019 21:41:03 GMT
      x-ms-version:
      - '2018-11-09'
    method: GET
    uri: https://storagename.file.core.windows.net/share1aa91d3e?restype=share&comp=acl
  response:
    body:
      string: "\uFEFF<?xml version=\"1.0\" encoding=\"utf-8\"?><SignedIdentifiers
        />"
    headers:
      ? !!python/object/new:multidict._istr.istr
      - Content-Type
      : application/xml
      ? !!python/object/new:multidict._istr.istr
      - Date
      : Sat, 03 Aug 2019 21:41:02 GMT
      ? !!python/object/new:multidict._istr.istr
      - Etag
      : '"0x8D7185B47F98D77"'
      ? !!python/object/new:multidict._istr.istr
      - Last-Modified
      : Sat, 03 Aug 2019 21:41:02 GMT
      ? !!python/object/new:multidict._istr.istr
      - Server
      : Windows-Azure-File/1.0 Microsoft-HTTPAPI/2.0
      ? !!python/object/new:multidict._istr.istr
      - Transfer-Encoding
      : chunked
      ? !!python/object/new:multidict._istr.istr
      - Vary
      : Origin
      x-ms-request-id: ee048b15-901a-0069-6544-4a3bac000000
      x-ms-version: '2018-11-09'
    status:
      code: 200
      message: OK
    url: !!python/object/new:yarl.URL
      state: !!python/tuple
      - !!python/object/new:urllib.parse.SplitResult
        - https
        - amqptest.file.core.windows.net
        - /share1aa91d3e
        - restype=share&comp=acl
        - ''
version: 1
