interactions:
- request:
    body: null
    headers:
      User-Agent:
      - azsdk-python-storage-file/12.0.0b2 Python/3.7.3 (Windows-10-10.0.18362-SP0)
      content-type:
      - application/xml; charset=utf-8
      x-ms-client-request-id:
      - ecf9c2c8-d055-11e9-ba1e-001a7dda7113
      x-ms-date:
      - Fri, 06 Sep 2019 03:25:07 GMT
      x-ms-version:
      - '2019-02-02'
    method: PUT
    uri: https://storagename.file.core.windows.net/utshare2fa019fa?restype=share
  response:
    body:
      string: ''
    headers:
      ? !!python/object/new:multidict._istr.istr
      - Content-Length
      : '0'
      ? !!python/object/new:multidict._istr.istr
      - Date
      : Fri, 06 Sep 2019 03:25:06 GMT
      ? !!python/object/new:multidict._istr.istr
      - Etag
      : '"0x8D73279D12D1162"'
      ? !!python/object/new:multidict._istr.istr
      - Last-Modified
      : Fri, 06 Sep 2019 03:25:07 GMT
      ? !!python/object/new:multidict._istr.istr
      - Server
      : Windows-Azure-File/1.0 Microsoft-HTTPAPI/2.0
      x-ms-client-request-id: ecf9c2c8-d055-11e9-ba1e-001a7dda7113
      x-ms-request-id: 980d354c-701a-0002-0f62-64ed4c000000
      x-ms-version: '2019-02-02'
    status:
      code: 201
      message: Created
    url: !!python/object/new:yarl.URL
      state: !!python/tuple
      - !!python/object/new:urllib.parse.SplitResult
        - https
        - emilydevtest.file.core.windows.net
        - /utshare2fa019fa
        - restype=share
        - ''
- request:
    body: null
    headers:
      User-Agent:
      - azsdk-python-storage-file/12.0.0b2 Python/3.7.3 (Windows-10-10.0.18362-SP0)
      content-type:
      - application/xml; charset=utf-8
      x-ms-client-request-id:
      - ed07e9e2-d055-11e9-8bf6-001a7dda7113
      x-ms-date:
      - Fri, 06 Sep 2019 03:25:07 GMT
      x-ms-file-attributes:
      - none
      x-ms-file-creation-time:
      - now
      x-ms-file-last-write-time:
      - now
      x-ms-file-permission:
      - inherit
      x-ms-version:
      - '2019-02-02'
    method: PUT
    uri: https://storagename.file.core.windows.net/utshare2fa019fa/dir1?restype=directory
  response:
    body:
      string: ''
    headers:
      ? !!python/object/new:multidict._istr.istr
      - Content-Length
      : '0'
      ? !!python/object/new:multidict._istr.istr
      - Date
      : Fri, 06 Sep 2019 03:25:06 GMT
      ? !!python/object/new:multidict._istr.istr
      - Etag
      : '"0x8D73279D1361FA5"'
      ? !!python/object/new:multidict._istr.istr
      - Last-Modified
      : Fri, 06 Sep 2019 03:25:07 GMT
      ? !!python/object/new:multidict._istr.istr
      - Server
      : Windows-Azure-File/1.0 Microsoft-HTTPAPI/2.0
      x-ms-client-request-id: ed07e9e2-d055-11e9-8bf6-001a7dda7113
      x-ms-file-attributes: Directory
      x-ms-file-change-time: '2019-09-06T03:25:07.8631333Z'
      x-ms-file-creation-time: '2019-09-06T03:25:07.8631333Z'
      x-ms-file-id: '13835128424026341376'
      x-ms-file-last-write-time: '2019-09-06T03:25:07.8631333Z'
      x-ms-file-parent-id: '0'
      x-ms-file-permission-key: 17913408918638655783*10394889115079208622
      x-ms-request-id: 980d354f-701a-0002-1062-64ed4c000000
      x-ms-request-server-encrypted: 'true'
      x-ms-version: '2019-02-02'
    status:
      code: 201
      message: Created
    url: !!python/object/new:yarl.URL
      state: !!python/tuple
      - !!python/object/new:urllib.parse.SplitResult
        - https
        - emilydevtest.file.core.windows.net
        - /utshare2fa019fa/dir1
        - restype=directory
        - ''
- request:
    body: null
    headers:
      User-Agent:
      - azsdk-python-storage-file/12.0.0b2 Python/3.7.3 (Windows-10-10.0.18362-SP0)
      content-type:
      - application/xml; charset=utf-8
      x-ms-client-request-id:
      - ed0bb7da-d055-11e9-be22-001a7dda7113
      x-ms-date:
      - Fri, 06 Sep 2019 03:25:07 GMT
      x-ms-version:
      - '2019-02-02'
    method: PUT
    uri: https://storagename.file.core.windows.net/utshare2fa019fa?restype=share&comp=snapshot
  response:
    body:
      string: ''
    headers:
      ? !!python/object/new:multidict._istr.istr
      - Content-Length
      : '0'
      ? !!python/object/new:multidict._istr.istr
      - Date
      : Fri, 06 Sep 2019 03:25:07 GMT
      ? !!python/object/new:multidict._istr.istr
      - Etag
      : '"0x8D73279D12D1162"'
      ? !!python/object/new:multidict._istr.istr
      - Last-Modified
      : Fri, 06 Sep 2019 03:25:07 GMT
      ? !!python/object/new:multidict._istr.istr
      - Server
      : Windows-Azure-File/1.0 Microsoft-HTTPAPI/2.0
      x-ms-client-request-id: ed0bb7da-d055-11e9-be22-001a7dda7113
      x-ms-request-id: 980d3550-701a-0002-1162-64ed4c000000
      x-ms-snapshot: '2019-09-06T03:25:07.0000000Z'
      x-ms-version: '2019-02-02'
    status:
      code: 201
      message: Created
    url: !!python/object/new:yarl.URL
      state: !!python/tuple
      - !!python/object/new:urllib.parse.SplitResult
        - https
        - emilydevtest.file.core.windows.net
        - /utshare2fa019fa
        - restype=share&comp=snapshot
        - ''
- request:
    body: null
    headers:
      User-Agent:
      - azsdk-python-storage-file/12.0.0b2 Python/3.7.3 (Windows-10-10.0.18362-SP0)
      content-type:
      - application/xml; charset=utf-8
      x-ms-client-request-id:
      - ed154e36-d055-11e9-9f22-001a7dda7113
      x-ms-date:
      - Fri, 06 Sep 2019 03:25:07 GMT
      x-ms-version:
      - '2019-02-02'
    method: DELETE
    uri: https://storagename.file.core.windows.net/utshare2fa019fa/dir1?restype=directory
  response:
    body:
      string: ''
    headers:
      ? !!python/object/new:multidict._istr.istr
      - Content-Length
      : '0'
      ? !!python/object/new:multidict._istr.istr
      - Date
      : Fri, 06 Sep 2019 03:25:07 GMT
      ? !!python/object/new:multidict._istr.istr
      - Server
      : Windows-Azure-File/1.0 Microsoft-HTTPAPI/2.0
      x-ms-client-request-id: ed154e36-d055-11e9-9f22-001a7dda7113
      x-ms-request-id: 980d3551-701a-0002-1262-64ed4c000000
      x-ms-version: '2019-02-02'
    status:
      code: 202
      message: Accepted
    url: !!python/object/new:yarl.URL
      state: !!python/tuple
      - !!python/object/new:urllib.parse.SplitResult
        - https
        - emilydevtest.file.core.windows.net
        - /utshare2fa019fa/dir1
        - restype=directory
        - ''
- request:
    body: null
    headers:
      User-Agent:
      - azsdk-python-storage-file/12.0.0b2 Python/3.7.3 (Windows-10-10.0.18362-SP0)
      content-type:
      - application/xml; charset=utf-8
      x-ms-client-request-id:
      - ed1aefa8-d055-11e9-907b-001a7dda7113
      x-ms-date:
      - Fri, 06 Sep 2019 03:25:08 GMT
      x-ms-version:
      - '2019-02-02'
    method: GET
    uri: https://storagename.file.core.windows.net/utshare2fa019fa/dir1?restype=directory&sharesnapshot=2019-09-06T03:25:07.0000000Z
  response:
    body:
      string: ''
    headers:
      ? !!python/object/new:multidict._istr.istr
      - Content-Length
      : '0'
      ? !!python/object/new:multidict._istr.istr
      - Date
      : Fri, 06 Sep 2019 03:25:07 GMT
      ? !!python/object/new:multidict._istr.istr
      - Etag
      : '"0x8D73279D1361FA5"'
      ? !!python/object/new:multidict._istr.istr
      - Last-Modified
      : Fri, 06 Sep 2019 03:25:07 GMT
      ? !!python/object/new:multidict._istr.istr
      - Server
      : Windows-Azure-File/1.0 Microsoft-HTTPAPI/2.0
      x-ms-client-request-id: ed1aefa8-d055-11e9-907b-001a7dda7113
      x-ms-file-attributes: Directory
      x-ms-file-change-time: '2019-09-06T03:25:07.8631333Z'
      x-ms-file-creation-time: '2019-09-06T03:25:07.8631333Z'
      x-ms-file-id: '13835128424026341376'
      x-ms-file-last-write-time: '2019-09-06T03:25:07.8631333Z'
      x-ms-file-parent-id: '0'
      x-ms-file-permission-key: 17913408918638655783*10394889115079208622
      x-ms-request-id: 980d3552-701a-0002-1362-64ed4c000000
      x-ms-server-encrypted: 'true'
      x-ms-version: '2019-02-02'
    status:
      code: 200
      message: OK
    url: !!python/object/new:yarl.URL
      state: !!python/tuple
      - !!python/object/new:urllib.parse.SplitResult
        - https
        - emilydevtest.file.core.windows.net
        - /utshare2fa019fa/dir1
        - restype=directory&sharesnapshot=2019-09-06T03:25:07.0000000Z
        - ''
version: 1
