interactions:
- request:
    body: null
    headers:
      User-Agent:
      - azsdk-python-storage-file/12.0.0b2 Python/3.7.3 (Windows-10-10.0.17763-SP0)
      x-ms-date:
      - Fri, 06 Sep 2019 18:10:29 GMT
      x-ms-version:
      - '2019-02-02'
    method: PUT
    uri: https://pyacrstorage50061605.file.core.windows.net/share50061605?restype=share
  response:
    body:
      string: ''
    headers:
      content-length: '0'
      date: Fri, 06 Sep 2019 18:10:27 GMT
      etag: '"0x8D732F57FA63CE3"'
      last-modified: Fri, 06 Sep 2019 18:10:28 GMT
      server: Windows-Azure-File/1.0 Microsoft-HTTPAPI/2.0
      x-ms-version: '2019-02-02'
    status:
      code: 201
      message: Created
    url: !!python/object/new:yarl.URL
      state: !!python/tuple
      - !!python/object/new:urllib.parse.SplitResult
        - https
        - pyacrstorage50061605.file.core.windows.net
        - /share50061605
        - restype=share
        - ''
- request:
    body: null
    headers:
      User-Agent:
      - azsdk-python-storage-file/12.0.0b2 Python/3.7.3 (Windows-10-10.0.17763-SP0)
      x-ms-date:
      - Fri, 06 Sep 2019 18:10:30 GMT
      x-ms-version:
      - '2019-02-02'
    method: PUT
    uri: https://pyacrstorage50061605.file.core.windows.net/share50061605?restype=share&comp=snapshot
  response:
    body:
      string: ''
    headers:
      content-length: '0'
      date: Fri, 06 Sep 2019 18:10:28 GMT
      etag: '"0x8D732F57FA63CE3"'
      last-modified: Fri, 06 Sep 2019 18:10:28 GMT
      server: Windows-Azure-File/1.0 Microsoft-HTTPAPI/2.0
      x-ms-snapshot: '2019-09-06T18:10:28.0000000Z'
      x-ms-version: '2019-02-02'
    status:
      code: 201
      message: Created
    url: !!python/object/new:yarl.URL
      state: !!python/tuple
      - !!python/object/new:urllib.parse.SplitResult
        - https
        - pyacrstorage50061605.file.core.windows.net
        - /share50061605
        - restype=share&comp=snapshot
        - ''
- request:
    body: null
    headers:
      User-Agent:
      - azsdk-python-storage-file/12.0.0b2 Python/3.7.3 (Windows-10-10.0.17763-SP0)
      x-ms-date:
      - Fri, 06 Sep 2019 18:10:30 GMT
      x-ms-version:
      - '2019-02-02'
    method: PUT
    uri: https://pyacrstorage50061605.file.core.windows.net/share50061605?restype=share&comp=snapshot
  response:
    body:
      string: ''
    headers:
      content-length: '0'
      date: Fri, 06 Sep 2019 18:10:28 GMT
      etag: '"0x8D732F57FA63CE3"'
      last-modified: Fri, 06 Sep 2019 18:10:28 GMT
      server: Windows-Azure-File/1.0 Microsoft-HTTPAPI/2.0
      x-ms-snapshot: '2019-09-06T18:10:29.0000000Z'
      x-ms-version: '2019-02-02'
    status:
      code: 201
      message: Created
    url: !!python/object/new:yarl.URL
      state: !!python/tuple
      - !!python/object/new:urllib.parse.SplitResult
        - https
        - pyacrstorage50061605.file.core.windows.net
        - /share50061605
        - restype=share&comp=snapshot
        - ''
- request:
    body: null
    headers:
      Accept:
      - application/xml
      User-Agent:
      - azsdk-python-storage-file/12.0.0b2 Python/3.7.3 (Windows-10-10.0.17763-SP0)
      x-ms-date:
      - Fri, 06 Sep 2019 18:10:30 GMT
      x-ms-version:
      - '2019-02-02'
    method: GET
    uri: https://pyacrstorage50061605.file.core.windows.net/?include=snapshots&comp=list
  response:
    body:
      string: "\uFEFF<?xml version=\"1.0\" encoding=\"utf-8\"?><EnumerationResults
        ServiceEndpoint=\"https://pyacrstorage50061605.file.core.windows.net/\"><Shares><Share><Name>share50061605</Name><Snapshot>2019-09-06T18:10:28.0000000Z</Snapshot><Properties><Last-Modified>Fri,
        06 Sep 2019 18:10:28 GMT</Last-Modified><Etag>\"0x8D732F57FA63CE3\"</Etag><Quota>5120</Quota></Properties></Share><Share><Name>share50061605</Name><Snapshot>2019-09-06T18:10:29.0000000Z</Snapshot><Properties><Last-Modified>Fri,
        06 Sep 2019 18:10:28 GMT</Last-Modified><Etag>\"0x8D732F57FA63CE3\"</Etag><Quota>5120</Quota></Properties></Share><Share><Name>share50061605</Name><Properties><Last-Modified>Fri,
        06 Sep 2019 18:10:28 GMT</Last-Modified><Etag>\"0x8D732F57FA63CE3\"</Etag><Quota>5120</Quota></Properties></Share></Shares><NextMarker
        /></EnumerationResults>"
    headers:
      content-type: application/xml
      date: Fri, 06 Sep 2019 18:10:28 GMT
      server: Windows-Azure-File/1.0 Microsoft-HTTPAPI/2.0
      transfer-encoding: chunked
      x-ms-version: '2019-02-02'
    status:
      code: 200
      message: OK
    url: !!python/object/new:yarl.URL
      state: !!python/tuple
      - !!python/object/new:urllib.parse.SplitResult
        - https
        - pyacrstorage50061605.file.core.windows.net
        - /
        - include=snapshots&comp=list
        - ''
version: 1
