interactions:
- request:
    body: null
    headers:
      Accept:
      - '*/*'
      Accept-Encoding:
      - gzip, deflate
      Connection:
      - keep-alive
      Content-Length:
      - '0'
      User-Agent:
      - azsdk-python-storage-file/12.0.0b2 Python/3.7.3 (Windows-10-10.0.17763-SP0)
      x-ms-date:
      - Thu, 05 Sep 2019 17:59:47 GMT
      x-ms-version:
      - '2019-02-02'
    method: PUT
    uri: https://pyacrstoragecace0cb7.file.core.windows.net/utsharecace0cb7?restype=share
  response:
    body:
      string: ''
    headers:
      content-length:
      - '0'
      date:
      - Thu, 05 Sep 2019 17:59:46 GMT
      etag:
      - '"0x8D7322AD7099268"'
      last-modified:
      - Thu, 05 Sep 2019 17:59:47 GMT
      server:
      - Windows-Azure-File/1.0 Microsoft-HTTPAPI/2.0
      x-ms-version:
      - '2019-02-02'
    status:
      code: 201
      message: Created
- request:
    body: null
    headers:
      Accept:
      - '*/*'
      Accept-Encoding:
      - gzip, deflate
      Connection:
      - keep-alive
      Content-Length:
      - '0'
      User-Agent:
      - azsdk-python-storage-file/12.0.0b2 Python/3.7.3 (Windows-10-10.0.17763-SP0)
      x-ms-content-length:
      - '1024'
      x-ms-date:
      - Thu, 05 Sep 2019 17:59:48 GMT
      x-ms-file-attributes:
      - none
      x-ms-file-creation-time:
      - now
      x-ms-file-last-write-time:
      - now
      x-ms-file-permission:
      - inherit
      x-ms-type:
      - file
      x-ms-version:
      - '2019-02-02'
    method: PUT
    uri: https://pyacrstoragecace0cb7.file.core.windows.net/utsharecace0cb7/filecace0cb7
  response:
    body:
      string: ''
    headers:
      content-length:
      - '0'
      date:
      - Thu, 05 Sep 2019 17:59:47 GMT
      etag:
      - '"0x8D7322AD746B877"'
      last-modified:
      - Thu, 05 Sep 2019 17:59:47 GMT
      server:
      - Windows-Azure-File/1.0 Microsoft-HTTPAPI/2.0
      x-ms-file-attributes:
      - Archive
      x-ms-file-change-time:
      - '2019-09-05T17:59:47.7965943Z'
      x-ms-file-creation-time:
      - '2019-09-05T17:59:47.7965943Z'
      x-ms-file-id:
      - '13835128424026341376'
      x-ms-file-last-write-time:
      - '2019-09-05T17:59:47.7965943Z'
      x-ms-file-parent-id:
      - '0'
      x-ms-file-permission-key:
      - 16924176042557292202*4791311243428255268
      x-ms-request-server-encrypted:
      - 'true'
      x-ms-version:
      - '2019-02-02'
    status:
      code: 201
      message: Created
- request:
    body: null
    headers:
      Accept:
      - application/xml
      Accept-Encoding:
      - gzip, deflate
      Connection:
      - keep-alive
      User-Agent:
      - azsdk-python-storage-file/12.0.0b2 Python/3.7.3 (Windows-10-10.0.17763-SP0)
      x-ms-date:
      - Thu, 05 Sep 2019 17:59:48 GMT
      x-ms-version:
      - '2019-02-02'
    method: GET
    uri: https://pyacrstoragecace0cb7.file.core.windows.net/utsharecace0cb7/filecace0cb7?comp=rangelist
  response:
    body:
      string: "\uFEFF<?xml version=\"1.0\" encoding=\"utf-8\"?><Ranges />"
    headers:
      content-type:
      - application/xml
      date:
      - Thu, 05 Sep 2019 17:59:47 GMT
      etag:
      - '"0x8D7322AD746B877"'
      last-modified:
      - Thu, 05 Sep 2019 17:59:47 GMT
      server:
      - Windows-Azure-File/1.0 Microsoft-HTTPAPI/2.0
      transfer-encoding:
      - chunked
      x-ms-content-length:
      - '1024'
      x-ms-version:
      - '2019-02-02'
    status:
      code: 200
      message: OK
version: 1
