interactions:
- request:
    body: null
    headers:
      Accept:
      - '*/*'
      Accept-Encoding:
      - gzip, deflate
      Connection:
      - keep-alive
      Content-Length:
      - '0'
      User-Agent:
      - azsdk-python-storage-file/12.0.0b2 Python/3.7.3 (Windows-10-10.0.17763-SP0)
      x-ms-date:
      - Thu, 29 Aug 2019 19:48:31 GMT
      x-ms-version:
      - '2018-11-09'
    method: PUT
    uri: https://pyacrstorage641710fb.file.core.windows.net/utshare641710fb?restype=share
  response:
    body:
      string: ''
    headers:
      content-length:
      - '0'
      date:
      - Thu, 29 Aug 2019 19:48:30 GMT
      etag:
      - '"0x8D72CB9DE8276E1"'
      last-modified:
      - Thu, 29 Aug 2019 19:48:30 GMT
      server:
      - Windows-Azure-File/1.0 Microsoft-HTTPAPI/2.0
      x-ms-version:
      - '2018-11-09'
    status:
      code: 201
      message: Created
- request:
    body: null
    headers:
      Accept:
      - '*/*'
      Accept-Encoding:
      - gzip, deflate
      Connection:
      - keep-alive
      Content-Length:
      - '0'
      User-Agent:
      - azsdk-python-storage-file/12.0.0b2 Python/3.7.3 (Windows-10-10.0.17763-SP0)
      x-ms-date:
      - Thu, 29 Aug 2019 19:48:32 GMT
      x-ms-version:
      - '2018-11-09'
    method: PUT
    uri: https://pyacrstorage641710fb.file.core.windows.net/utshare641710fb/dir1?restype=directory
  response:
    body:
      string: ''
    headers:
      content-length:
      - '0'
      date:
      - Thu, 29 Aug 2019 19:48:30 GMT
      etag:
      - '"0x8D72CB9DE9443C3"'
      last-modified:
      - Thu, 29 Aug 2019 19:48:31 GMT
      server:
      - Windows-Azure-File/1.0 Microsoft-HTTPAPI/2.0
      x-ms-request-server-encrypted:
      - 'true'
      x-ms-version:
      - '2018-11-09'
    status:
      code: 201
      message: Created
- request:
    body: null
    headers:
      Accept:
      - '*/*'
      Accept-Encoding:
      - gzip, deflate
      Connection:
      - keep-alive
      Content-Length:
      - '0'
      User-Agent:
      - azsdk-python-storage-file/12.0.0b2 Python/3.7.3 (Windows-10-10.0.17763-SP0)
      x-ms-date:
      - Thu, 29 Aug 2019 19:48:32 GMT
      x-ms-version:
      - '2018-11-09'
    method: PUT
    uri: https://pyacrstorage641710fb.file.core.windows.net/utshare641710fb/dir1%2Fdir2?restype=directory
  response:
    body:
      string: ''
    headers:
      content-length:
      - '0'
      date:
      - Thu, 29 Aug 2019 19:48:30 GMT
      etag:
      - '"0x8D72CB9DEA5AD1C"'
      last-modified:
      - Thu, 29 Aug 2019 19:48:31 GMT
      server:
      - Windows-Azure-File/1.0 Microsoft-HTTPAPI/2.0
      x-ms-request-server-encrypted:
      - 'true'
      x-ms-version:
      - '2018-11-09'
    status:
      code: 201
      message: Created
- request:
    body: null
    headers:
      Accept:
      - '*/*'
      Accept-Encoding:
      - gzip, deflate
      Connection:
      - keep-alive
      Content-Length:
      - '0'
      User-Agent:
      - azsdk-python-storage-file/12.0.0b2 Python/3.7.3 (Windows-10-10.0.17763-SP0)
      x-ms-date:
      - Thu, 29 Aug 2019 19:48:32 GMT
      x-ms-version:
      - '2018-11-09'
    method: DELETE
    uri: https://pyacrstorage641710fb.file.core.windows.net/utshare641710fb/dir1%2Fdir2?restype=directory
  response:
    body:
      string: ''
    headers:
      content-length:
      - '0'
      date:
      - Thu, 29 Aug 2019 19:48:30 GMT
      server:
      - Windows-Azure-File/1.0 Microsoft-HTTPAPI/2.0
      x-ms-version:
      - '2018-11-09'
    status:
      code: 202
      message: Accepted
- request:
    body: null
    headers:
      Accept:
      - '*/*'
      Accept-Encoding:
      - gzip, deflate
      Connection:
      - keep-alive
      User-Agent:
      - azsdk-python-storage-file/12.0.0b2 Python/3.7.3 (Windows-10-10.0.17763-SP0)
      x-ms-date:
      - Thu, 29 Aug 2019 19:48:32 GMT
      x-ms-version:
      - '2018-11-09'
    method: GET
    uri: https://pyacrstorage641710fb.file.core.windows.net/utshare641710fb/dir1%2Fdir2?restype=directory
  response:
    body:
      string: "\uFEFF<?xml version=\"1.0\" encoding=\"utf-8\"?><Error><Code>ResourceNotFound</Code><Message>The
        specified resource does not exist.\nRequestId:06fbb152-b01a-00ca-29a2-5ea3bb000000\nTime:2019-08-29T19:48:31.4673103Z</Message></Error>"
    headers:
      content-length:
      - '223'
      content-type:
      - application/xml
      date:
      - Thu, 29 Aug 2019 19:48:31 GMT
      server:
      - Windows-Azure-File/1.0 Microsoft-HTTPAPI/2.0
      x-ms-error-code:
      - ResourceNotFound
      x-ms-version:
      - '2018-11-09'
    status:
      code: 404
      message: The specified resource does not exist.
version: 1
