interactions:
- request:
    body: null
    headers:
      User-Agent:
      - azsdk-python-storage-file/12.0.0b4 Python/3.7.3 (Windows-10-10.0.17763-SP0)
      x-ms-date:
      - Mon, 14 Oct 2019 18:20:29 GMT
      x-ms-version:
      - '2019-02-02'
    method: PUT
    uri: https://pyacrstorage8f741705.file.core.windows.net/sharesnapshot?restype=share
  response:
    body:
      string: ''
    headers:
      content-length: '0'
      date: Mon, 14 Oct 2019 18:20:27 GMT
      etag: '"0x8D750D330F5D68D"'
      last-modified: Mon, 14 Oct 2019 18:20:28 GMT
      server: Windows-Azure-File/1.0 Microsoft-HTTPAPI/2.0
      x-ms-version: '2019-02-02'
    status:
      code: 201
      message: Created
    url: !!python/object/new:yarl.URL
      state: !!python/tuple
      - !!python/object/new:urllib.parse.SplitResult
        - https
        - pyacrstorage8f741705.file.core.windows.net
        - /sharesnapshot
        - restype=share
        - ''
- request:
    body: null
    headers:
      User-Agent:
      - azsdk-python-storage-file/12.0.0b4 Python/3.7.3 (Windows-10-10.0.17763-SP0)
      x-ms-date:
      - Mon, 14 Oct 2019 18:20:29 GMT
      x-ms-version:
      - '2019-02-02'
    method: PUT
    uri: https://pyacrstorage8f741705.file.core.windows.net/sharesnapshot?restype=share&comp=snapshot
  response:
    body:
      string: ''
    headers:
      content-length: '0'
      date: Mon, 14 Oct 2019 18:20:27 GMT
      etag: '"0x8D750D330F5D68D"'
      last-modified: Mon, 14 Oct 2019 18:20:28 GMT
      server: Windows-Azure-File/1.0 Microsoft-HTTPAPI/2.0
      x-ms-snapshot: '2019-10-14T18:20:28.0000000Z'
      x-ms-version: '2019-02-02'
    status:
      code: 201
      message: Created
    url: !!python/object/new:yarl.URL
      state: !!python/tuple
      - !!python/object/new:urllib.parse.SplitResult
        - https
        - pyacrstorage8f741705.file.core.windows.net
        - /sharesnapshot
        - restype=share&comp=snapshot
        - ''
- request:
    body: null
    headers:
      User-Agent:
      - azsdk-python-storage-file/12.0.0b4 Python/3.7.3 (Windows-10-10.0.17763-SP0)
      x-ms-date:
      - Mon, 14 Oct 2019 18:20:30 GMT
      x-ms-delete-snapshots:
      - include
      x-ms-version:
      - '2019-02-02'
    method: DELETE
    uri: https://pyacrstorage8f741705.file.core.windows.net/sharesnapshot?restype=share
  response:
    body:
      string: ''
    headers:
      content-length: '0'
      date: Mon, 14 Oct 2019 18:20:28 GMT
      server: Windows-Azure-File/1.0 Microsoft-HTTPAPI/2.0
      x-ms-version: '2019-02-02'
    status:
      code: 202
      message: Accepted
    url: !!python/object/new:yarl.URL
      state: !!python/tuple
      - !!python/object/new:urllib.parse.SplitResult
        - https
        - pyacrstorage8f741705.file.core.windows.net
        - /sharesnapshot
        - restype=share
        - ''
version: 1
