interactions:
- request:
    body: null
    headers:
      User-Agent:
      - azsdk-python-storage-file/12.0.0b1 Python/3.7.3 (Windows-10-10.0.17763-SP0)
      content-type:
      - application/xml; charset=utf-8
      x-ms-client-request-id:
      - 89dea2fe-b4b8-11e9-b2c5-2816a845e8c6
      x-ms-date:
      - Fri, 02 Aug 2019 00:00:29 GMT
      x-ms-version:
      - '2018-11-09'
    method: PUT
    uri: https://remoteremotestoragename.file.core.windows.net/listshare0af571bc9?restype=share
  response:
    body:
      string: ''
    headers:
      ? !!python/object/new:multidict._istr.istr
      - Content-Length
      : '0'
      ? !!python/object/new:multidict._istr.istr
      - Date
      : Fri, 02 Aug 2019 00:00:25 GMT
      ? !!python/object/new:multidict._istr.istr
      - Etag
      : '"0x8D716DC6C685287"'
      ? !!python/object/new:multidict._istr.istr
      - Last-Modified
      : Fri, 02 Aug 2019 00:00:26 GMT
      ? !!python/object/new:multidict._istr.istr
      - Server
      : Windows-Azure-File/1.0 Microsoft-HTTPAPI/2.0
      x-ms-request-id: 4bc4eda8-301a-000e-71c5-48d462000000
      x-ms-version: '2018-11-09'
    status:
      code: 201
      message: Created
    url: !!python/object/new:yarl.URL
      state: !!python/tuple
      - !!python/object/new:urllib.parse.SplitResult
        - https
        - rakshithqueueasynctest.file.core.windows.net
        - /listshare0af571bc9
        - restype=share
        - ''
- request:
    body: null
    headers:
      User-Agent:
      - azsdk-python-storage-file/12.0.0b1 Python/3.7.3 (Windows-10-10.0.17763-SP0)
      content-type:
      - application/xml; charset=utf-8
      x-ms-client-request-id:
      - 89fc75c2-b4b8-11e9-a5b2-2816a845e8c6
      x-ms-date:
      - Fri, 02 Aug 2019 00:00:29 GMT
      x-ms-version:
      - '2018-11-09'
    method: PUT
    uri: https://remoteremotestoragename.file.core.windows.net/listshare1af571bc9?restype=share
  response:
    body:
      string: ''
    headers:
      ? !!python/object/new:multidict._istr.istr
      - Content-Length
      : '0'
      ? !!python/object/new:multidict._istr.istr
      - Date
      : Fri, 02 Aug 2019 00:00:25 GMT
      ? !!python/object/new:multidict._istr.istr
      - Etag
      : '"0x8D716DC6C777081"'
      ? !!python/object/new:multidict._istr.istr
      - Last-Modified
      : Fri, 02 Aug 2019 00:00:26 GMT
      ? !!python/object/new:multidict._istr.istr
      - Server
      : Windows-Azure-File/1.0 Microsoft-HTTPAPI/2.0
      x-ms-request-id: 4bc4edab-301a-000e-72c5-48d462000000
      x-ms-version: '2018-11-09'
    status:
      code: 201
      message: Created
    url: !!python/object/new:yarl.URL
      state: !!python/tuple
      - !!python/object/new:urllib.parse.SplitResult
        - https
        - rakshithqueueasynctest.file.core.windows.net
        - /listshare1af571bc9
        - restype=share
        - ''
- request:
    body: null
    headers:
      User-Agent:
      - azsdk-python-storage-file/12.0.0b1 Python/3.7.3 (Windows-10-10.0.17763-SP0)
      content-type:
      - application/xml; charset=utf-8
      x-ms-client-request-id:
      - 8a05973a-b4b8-11e9-b595-2816a845e8c6
      x-ms-date:
      - Fri, 02 Aug 2019 00:00:29 GMT
      x-ms-version:
      - '2018-11-09'
    method: PUT
    uri: https://remoteremotestoragename.file.core.windows.net/listshare2af571bc9?restype=share
  response:
    body:
      string: ''
    headers:
      ? !!python/object/new:multidict._istr.istr
      - Content-Length
      : '0'
      ? !!python/object/new:multidict._istr.istr
      - Date
      : Fri, 02 Aug 2019 00:00:25 GMT
      ? !!python/object/new:multidict._istr.istr
      - Etag
      : '"0x8D716DC6C7FFD98"'
      ? !!python/object/new:multidict._istr.istr
      - Last-Modified
      : Fri, 02 Aug 2019 00:00:26 GMT
      ? !!python/object/new:multidict._istr.istr
      - Server
      : Windows-Azure-File/1.0 Microsoft-HTTPAPI/2.0
      x-ms-request-id: 4bc4edad-301a-000e-73c5-48d462000000
      x-ms-version: '2018-11-09'
    status:
      code: 201
      message: Created
    url: !!python/object/new:yarl.URL
      state: !!python/tuple
      - !!python/object/new:urllib.parse.SplitResult
        - https
        - rakshithqueueasynctest.file.core.windows.net
        - /listshare2af571bc9
        - restype=share
        - ''
- request:
    body: null
    headers:
      User-Agent:
      - azsdk-python-storage-file/12.0.0b1 Python/3.7.3 (Windows-10-10.0.17763-SP0)
      content-type:
      - application/xml; charset=utf-8
      x-ms-client-request-id:
      - 8a0ce542-b4b8-11e9-932d-2816a845e8c6
      x-ms-date:
      - Fri, 02 Aug 2019 00:00:29 GMT
      x-ms-version:
      - '2018-11-09'
    method: PUT
    uri: https://remoteremotestoragename.file.core.windows.net/listshare3af571bc9?restype=share
  response:
    body:
      string: ''
    headers:
      ? !!python/object/new:multidict._istr.istr
      - Content-Length
      : '0'
      ? !!python/object/new:multidict._istr.istr
      - Date
      : Fri, 02 Aug 2019 00:00:25 GMT
      ? !!python/object/new:multidict._istr.istr
      - Etag
      : '"0x8D716DC6C877901"'
      ? !!python/object/new:multidict._istr.istr
      - Last-Modified
      : Fri, 02 Aug 2019 00:00:26 GMT
      ? !!python/object/new:multidict._istr.istr
      - Server
      : Windows-Azure-File/1.0 Microsoft-HTTPAPI/2.0
      x-ms-request-id: 4bc4edaf-301a-000e-74c5-48d462000000
      x-ms-version: '2018-11-09'
    status:
      code: 201
      message: Created
    url: !!python/object/new:yarl.URL
      state: !!python/tuple
      - !!python/object/new:urllib.parse.SplitResult
        - https
        - rakshithqueueasynctest.file.core.windows.net
        - /listshare3af571bc9
        - restype=share
        - ''
- request:
    body: null
    headers:
      Accept:
      - application/xml
      User-Agent:
      - azsdk-python-storage-file/12.0.0b1 Python/3.7.3 (Windows-10-10.0.17763-SP0)
      content-type:
      - application/xml; charset=utf-8
      x-ms-client-request-id:
      - 8a1286be-b4b8-11e9-99af-2816a845e8c6
      x-ms-date:
      - Fri, 02 Aug 2019 00:00:29 GMT
      x-ms-version:
      - '2018-11-09'
    method: GET
    uri: https://remoteremotestoragename.file.core.windows.net/?maxresults=2&include=&comp=list
  response:
    body:
      string: "\uFEFF<?xml version=\"1.0\" encoding=\"utf-8\"?><EnumerationResults
        ServiceEndpoint=\"https://remoteremotestoragename.file.core.windows.net/\"><MaxResults>2</MaxResults><Shares><Share><Name>listshare0af571bc9</Name><Properties><Last-Modified>Fri,
        02 Aug 2019 00:00:26 GMT</Last-Modified><Etag>\"0x8D716DC6C685287\"</Etag><Quota>5120</Quota></Properties></Share><Share><Name>listshare1af571bc9</Name><Properties><Last-Modified>Fri,
        02 Aug 2019 00:00:26 GMT</Last-Modified><Etag>\"0x8D716DC6C777081\"</Etag><Quota>5120</Quota></Properties></Share></Shares><NextMarker>/remoteremotestoragename/listshare27d2b16cf</NextMarker></EnumerationResults>"
    headers:
      ? !!python/object/new:multidict._istr.istr
      - Content-Type
      : application/xml
      ? !!python/object/new:multidict._istr.istr
      - Date
      : Fri, 02 Aug 2019 00:00:25 GMT
      ? !!python/object/new:multidict._istr.istr
      - Server
      : Windows-Azure-File/1.0 Microsoft-HTTPAPI/2.0
      ? !!python/object/new:multidict._istr.istr
      - Transfer-Encoding
      : chunked
      ? !!python/object/new:multidict._istr.istr
      - Vary
      : Origin
      x-ms-request-id: 4bc4edb1-301a-000e-75c5-48d462000000
      x-ms-version: '2018-11-09'
    status:
      code: 200
      message: OK
    url: !!python/object/new:yarl.URL
      state: !!python/tuple
      - !!python/object/new:urllib.parse.SplitResult
        - https
        - rakshithqueueasynctest.file.core.windows.net
        - /
        - maxresults=2&include=&comp=list
        - ''
- request:
    body: null
    headers:
      Accept:
      - application/xml
      User-Agent:
      - azsdk-python-storage-file/12.0.0b1 Python/3.7.3 (Windows-10-10.0.17763-SP0)
      content-type:
      - application/xml; charset=utf-8
      x-ms-client-request-id:
      - 8a173e70-b4b8-11e9-8182-2816a845e8c6
      x-ms-date:
      - Fri, 02 Aug 2019 00:00:29 GMT
      x-ms-version:
      - '2018-11-09'
    method: GET
    uri: https://remoteremotestoragename.file.core.windows.net/?marker=/remoteremotestoragename/listshare27d2b16cf&maxresults=2&include=&comp=list
  response:
    body:
      string: "\uFEFF<?xml version=\"1.0\" encoding=\"utf-8\"?><EnumerationResults
        ServiceEndpoint=\"https://remoteremotestoragename.file.core.windows.net/\"><Marker>/remoteremotestoragename/listshare27d2b16cf</Marker><MaxResults>2</MaxResults><Shares><Share><Name>listshare2af571bc9</Name><Properties><Last-Modified>Fri,
        02 Aug 2019 00:00:26 GMT</Last-Modified><Etag>\"0x8D716DC6C7FFD98\"</Etag><Quota>5120</Quota></Properties></Share><Share><Name>listshare3af571bc9</Name><Properties><Last-Modified>Fri,
        02 Aug 2019 00:00:26 GMT</Last-Modified><Etag>\"0x8D716DC6C877901\"</Etag><Quota>5120</Quota></Properties></Share></Shares><NextMarker>/remoteremotestoragename/share1066951af2894f8e8d6bb6c0e5d5fd3c</NextMarker></EnumerationResults>"
    headers:
      ? !!python/object/new:multidict._istr.istr
      - Content-Type
      : application/xml
      ? !!python/object/new:multidict._istr.istr
      - Date
      : Fri, 02 Aug 2019 00:00:25 GMT
      ? !!python/object/new:multidict._istr.istr
      - Server
      : Windows-Azure-File/1.0 Microsoft-HTTPAPI/2.0
      ? !!python/object/new:multidict._istr.istr
      - Transfer-Encoding
      : chunked
      ? !!python/object/new:multidict._istr.istr
      - Vary
      : Origin
      x-ms-request-id: 4bc4edb2-301a-000e-76c5-48d462000000
      x-ms-version: '2018-11-09'
    status:
      code: 200
      message: OK
    url: !!python/object/new:yarl.URL
      state: !!python/tuple
      - !!python/object/new:urllib.parse.SplitResult
        - https
        - rakshithqueueasynctest.file.core.windows.net
        - /
        - marker=/rakshithqueueasynctest/listshare27d2b16cf&maxresults=2&include=&comp=list
        - ''
- request:
    body: null
    headers:
      User-Agent:
      - azsdk-python-storage-file/12.0.0b1 Python/3.7.3 (Windows-10-10.0.17763-SP0)
      content-type:
      - application/xml; charset=utf-8
      x-ms-client-request-id:
      - c5154834-b4b8-11e9-b187-2816a845e8c6
      x-ms-date:
      - Fri, 02 Aug 2019 00:02:08 GMT
      x-ms-version:
      - '2018-11-09'
    method: PUT
    uri: https://remotestoragename.file.core.windows.net/listshare0af571bc9?restype=share
  response:
    body:
      string: ''
    headers:
      ? !!python/object/new:multidict._istr.istr
      - Content-Length
      : '0'
      ? !!python/object/new:multidict._istr.istr
      - Date
      : Fri, 02 Aug 2019 00:02:05 GMT
      ? !!python/object/new:multidict._istr.istr
      - Etag
      : '"0x8D716DCA79F1393"'
      ? !!python/object/new:multidict._istr.istr
      - Last-Modified
      : Fri, 02 Aug 2019 00:02:05 GMT
      ? !!python/object/new:multidict._istr.istr
      - Server
      : Windows-Azure-File/1.0 Microsoft-HTTPAPI/2.0
      x-ms-request-id: d4feb4d3-301a-0005-05c5-48cc16000000
      x-ms-version: '2018-11-09'
    status:
      code: 201
      message: Created
    url: !!python/object/new:yarl.URL
      state: !!python/tuple
      - !!python/object/new:urllib.parse.SplitResult
        - https
        - rakshithqueueasynctest.file.core.windows.net
        - /listshare0af571bc9
        - restype=share
        - ''
- request:
    body: null
    headers:
      User-Agent:
      - azsdk-python-storage-file/12.0.0b1 Python/3.7.3 (Windows-10-10.0.17763-SP0)
      content-type:
      - application/xml; charset=utf-8
      x-ms-client-request-id:
      - c530fb40-b4b8-11e9-abec-2816a845e8c6
      x-ms-date:
      - Fri, 02 Aug 2019 00:02:08 GMT
      x-ms-version:
      - '2018-11-09'
    method: PUT
    uri: https://remotestoragename.file.core.windows.net/listshare1af571bc9?restype=share
  response:
    body:
      string: ''
    headers:
      ? !!python/object/new:multidict._istr.istr
      - Content-Length
      : '0'
      ? !!python/object/new:multidict._istr.istr
      - Date
      : Fri, 02 Aug 2019 00:02:05 GMT
      ? !!python/object/new:multidict._istr.istr
      - Etag
      : '"0x8D716DCA7ABC016"'
      ? !!python/object/new:multidict._istr.istr
      - Last-Modified
      : Fri, 02 Aug 2019 00:02:05 GMT
      ? !!python/object/new:multidict._istr.istr
      - Server
      : Windows-Azure-File/1.0 Microsoft-HTTPAPI/2.0
      x-ms-request-id: d4feb4d6-301a-0005-06c5-48cc16000000
      x-ms-version: '2018-11-09'
    status:
      code: 201
      message: Created
    url: !!python/object/new:yarl.URL
      state: !!python/tuple
      - !!python/object/new:urllib.parse.SplitResult
        - https
        - rakshithqueueasynctest.file.core.windows.net
        - /listshare1af571bc9
        - restype=share
        - ''
- request:
    body: null
    headers:
      User-Agent:
      - azsdk-python-storage-file/12.0.0b1 Python/3.7.3 (Windows-10-10.0.17763-SP0)
      content-type:
      - application/xml; charset=utf-8
      x-ms-client-request-id:
      - c53d75ee-b4b8-11e9-beeb-2816a845e8c6
      x-ms-date:
      - Fri, 02 Aug 2019 00:02:08 GMT
      x-ms-version:
      - '2018-11-09'
    method: PUT
    uri: https://remotestoragename.file.core.windows.net/listshare2af571bc9?restype=share
  response:
    body:
      string: ''
    headers:
      ? !!python/object/new:multidict._istr.istr
      - Content-Length
      : '0'
      ? !!python/object/new:multidict._istr.istr
      - Date
      : Fri, 02 Aug 2019 00:02:05 GMT
      ? !!python/object/new:multidict._istr.istr
      - Etag
      : '"0x8D716DCA7B7D033"'
      ? !!python/object/new:multidict._istr.istr
      - Last-Modified
      : Fri, 02 Aug 2019 00:02:05 GMT
      ? !!python/object/new:multidict._istr.istr
      - Server
      : Windows-Azure-File/1.0 Microsoft-HTTPAPI/2.0
      x-ms-request-id: d4feb4d8-301a-0005-07c5-48cc16000000
      x-ms-version: '2018-11-09'
    status:
      code: 201
      message: Created
    url: !!python/object/new:yarl.URL
      state: !!python/tuple
      - !!python/object/new:urllib.parse.SplitResult
        - https
        - rakshithqueueasynctest.file.core.windows.net
        - /listshare2af571bc9
        - restype=share
        - ''
- request:
    body: null
    headers:
      User-Agent:
      - azsdk-python-storage-file/12.0.0b1 Python/3.7.3 (Windows-10-10.0.17763-SP0)
      content-type:
      - application/xml; charset=utf-8
      x-ms-client-request-id:
      - c5451124-b4b8-11e9-aa40-2816a845e8c6
      x-ms-date:
      - Fri, 02 Aug 2019 00:02:08 GMT
      x-ms-version:
      - '2018-11-09'
    method: PUT
    uri: https://remotestoragename.file.core.windows.net/listshare3af571bc9?restype=share
  response:
    body:
      string: ''
    headers:
      ? !!python/object/new:multidict._istr.istr
      - Content-Length
      : '0'
      ? !!python/object/new:multidict._istr.istr
      - Date
      : Fri, 02 Aug 2019 00:02:05 GMT
      ? !!python/object/new:multidict._istr.istr
      - Etag
      : '"0x8D716DCA7BF4BAC"'
      ? !!python/object/new:multidict._istr.istr
      - Last-Modified
      : Fri, 02 Aug 2019 00:02:05 GMT
      ? !!python/object/new:multidict._istr.istr
      - Server
      : Windows-Azure-File/1.0 Microsoft-HTTPAPI/2.0
      x-ms-request-id: d4feb4da-301a-0005-08c5-48cc16000000
      x-ms-version: '2018-11-09'
    status:
      code: 201
      message: Created
    url: !!python/object/new:yarl.URL
      state: !!python/tuple
      - !!python/object/new:urllib.parse.SplitResult
        - https
        - rakshithqueueasynctest.file.core.windows.net
        - /listshare3af571bc9
        - restype=share
        - ''
- request:
    body: null
    headers:
      Accept:
      - application/xml
      User-Agent:
      - azsdk-python-storage-file/12.0.0b1 Python/3.7.3 (Windows-10-10.0.17763-SP0)
      content-type:
      - application/xml; charset=utf-8
      x-ms-client-request-id:
      - c54a6386-b4b8-11e9-a324-2816a845e8c6
      x-ms-date:
      - Fri, 02 Aug 2019 00:02:08 GMT
      x-ms-version:
      - '2018-11-09'
    method: GET
    uri: https://remotestoragename.file.core.windows.net/?maxresults=2&include=&comp=list
  response:
    body:
      string: "\uFEFF<?xml version=\"1.0\" encoding=\"utf-8\"?><EnumerationResults
        ServiceEndpoint=\"https://remotestoragename.file.core.windows.net/\"><MaxResults>2</MaxResults><Shares><Share><Name>listshare0af571bc9</Name><Properties><Last-Modified>Fri,
        02 Aug 2019 00:02:05 GMT</Last-Modified><Etag>\"0x8D716DCA79F1393\"</Etag><Quota>5120</Quota></Properties></Share><Share><Name>listshare1af571bc9</Name><Properties><Last-Modified>Fri,
        02 Aug 2019 00:02:05 GMT</Last-Modified><Etag>\"0x8D716DCA7ABC016\"</Etag><Quota>5120</Quota></Properties></Share></Shares><NextMarker>/remotestoragename/listshare2af571bc9</NextMarker></EnumerationResults>"
    headers:
      ? !!python/object/new:multidict._istr.istr
      - Content-Type
      : application/xml
      ? !!python/object/new:multidict._istr.istr
      - Date
      : Fri, 02 Aug 2019 00:02:05 GMT
      ? !!python/object/new:multidict._istr.istr
      - Server
      : Windows-Azure-File/1.0 Microsoft-HTTPAPI/2.0
      ? !!python/object/new:multidict._istr.istr
      - Transfer-Encoding
      : chunked
      ? !!python/object/new:multidict._istr.istr
      - Vary
      : Origin
      x-ms-request-id: d4feb4dc-301a-0005-09c5-48cc16000000
      x-ms-version: '2018-11-09'
    status:
      code: 200
      message: OK
    url: !!python/object/new:yarl.URL
      state: !!python/tuple
      - !!python/object/new:urllib.parse.SplitResult
        - https
        - rakshithqueueasynctest.file.core.windows.net
        - /
        - maxresults=2&include=&comp=list
        - ''
- request:
    body: null
    headers:
      Accept:
      - application/xml
      User-Agent:
      - azsdk-python-storage-file/12.0.0b1 Python/3.7.3 (Windows-10-10.0.17763-SP0)
      content-type:
      - application/xml; charset=utf-8
      x-ms-client-request-id:
      - c54f4362-b4b8-11e9-91cb-2816a845e8c6
      x-ms-date:
      - Fri, 02 Aug 2019 00:02:08 GMT
      x-ms-version:
      - '2018-11-09'
    method: GET
    uri: https://remotestoragename.file.core.windows.net/?marker=/remotestoragename/listshare2af571bc9&maxresults=2&include=&comp=list
  response:
    body:
      string: "\uFEFF<?xml version=\"1.0\" encoding=\"utf-8\"?><EnumerationResults
        ServiceEndpoint=\"https://remotestoragename.file.core.windows.net/\"><Marker>/remotestoragename/listshare2af571bc9</Marker><MaxResults>2</MaxResults><Shares><Share><Name>listshare2af571bc9</Name><Properties><Last-Modified>Fri,
        02 Aug 2019 00:02:05 GMT</Last-Modified><Etag>\"0x8D716DCA7B7D033\"</Etag><Quota>5120</Quota></Properties></Share><Share><Name>listshare3af571bc9</Name><Properties><Last-Modified>Fri,
        02 Aug 2019 00:02:05 GMT</Last-Modified><Etag>\"0x8D716DCA7BF4BAC\"</Etag><Quota>5120</Quota></Properties></Share></Shares><NextMarker>/remotestoragename/share1066951af2894f8e8d6bb6c0e5d5fd3c</NextMarker></EnumerationResults>"
    headers:
      ? !!python/object/new:multidict._istr.istr
      - Content-Type
      : application/xml
      ? !!python/object/new:multidict._istr.istr
      - Date
      : Fri, 02 Aug 2019 00:02:05 GMT
      ? !!python/object/new:multidict._istr.istr
      - Server
      : Windows-Azure-File/1.0 Microsoft-HTTPAPI/2.0
      ? !!python/object/new:multidict._istr.istr
      - Transfer-Encoding
      : chunked
      ? !!python/object/new:multidict._istr.istr
      - Vary
      : Origin
      x-ms-request-id: d4feb4dd-301a-0005-0ac5-48cc16000000
      x-ms-version: '2018-11-09'
    status:
      code: 200
      message: OK
    url: !!python/object/new:yarl.URL
      state: !!python/tuple
      - !!python/object/new:urllib.parse.SplitResult
        - https
        - rakshithqueueasynctest.file.core.windows.net
        - /
        - marker=/rakshithqueueasynctest/listshare2af571bc9&maxresults=2&include=&comp=list
        - ''
- request:
    body: null
    headers:
      User-Agent:
      - azsdk-python-storage-file/12.0.0b1 Python/3.7.3 (Windows-10-10.0.17763-SP0)
      content-type:
      - application/xml; charset=utf-8
      x-ms-client-request-id:
      - 3854e8fa-b4ba-11e9-9ab2-2816a845e8c6
      x-ms-date:
      - Fri, 02 Aug 2019 00:12:31 GMT
      x-ms-version:
      - '2018-11-09'
    method: PUT
    uri: https://storagename.file.core.windows.net/listshare0af571bc9?restype=share
  response:
    body:
      string: ''
    headers:
      ? !!python/object/new:multidict._istr.istr
      - Content-Length
      : '0'
      ? !!python/object/new:multidict._istr.istr
      - Date
      : Fri, 02 Aug 2019 00:12:27 GMT
      ? !!python/object/new:multidict._istr.istr
      - Etag
      : '"0x8D716DE1ADD9271"'
      ? !!python/object/new:multidict._istr.istr
      - Last-Modified
      : Fri, 02 Aug 2019 00:12:28 GMT
      ? !!python/object/new:multidict._istr.istr
      - Server
      : Windows-Azure-File/1.0 Microsoft-HTTPAPI/2.0
      x-ms-request-id: 1f94fa8c-401a-00e4-36c6-482b63000000
      x-ms-version: '2018-11-09'
    status:
      code: 201
      message: Created
    url: !!python/object/new:yarl.URL
      state: !!python/tuple
      - !!python/object/new:urllib.parse.SplitResult
        - https
        - rakshithqueueasynctest.file.core.windows.net
        - /listshare0af571bc9
        - restype=share
        - ''
- request:
    body: null
    headers:
      User-Agent:
      - azsdk-python-storage-file/12.0.0b1 Python/3.7.3 (Windows-10-10.0.17763-SP0)
      content-type:
      - application/xml; charset=utf-8
      x-ms-client-request-id:
      - 386c0a8c-b4ba-11e9-af7a-2816a845e8c6
      x-ms-date:
      - Fri, 02 Aug 2019 00:12:31 GMT
      x-ms-version:
      - '2018-11-09'
    method: PUT
    uri: https://storagename.file.core.windows.net/listshare1af571bc9?restype=share
  response:
    body:
      string: ''
    headers:
      ? !!python/object/new:multidict._istr.istr
      - Content-Length
      : '0'
      ? !!python/object/new:multidict._istr.istr
      - Date
      : Fri, 02 Aug 2019 00:12:27 GMT
      ? !!python/object/new:multidict._istr.istr
      - Etag
      : '"0x8D716DE1AE5D168"'
      ? !!python/object/new:multidict._istr.istr
      - Last-Modified
      : Fri, 02 Aug 2019 00:12:28 GMT
      ? !!python/object/new:multidict._istr.istr
      - Server
      : Windows-Azure-File/1.0 Microsoft-HTTPAPI/2.0
      x-ms-request-id: 1f94fa8f-401a-00e4-37c6-482b63000000
      x-ms-version: '2018-11-09'
    status:
      code: 201
      message: Created
    url: !!python/object/new:yarl.URL
      state: !!python/tuple
      - !!python/object/new:urllib.parse.SplitResult
        - https
        - rakshithqueueasynctest.file.core.windows.net
        - /listshare1af571bc9
        - restype=share
        - ''
- request:
    body: null
    headers:
      User-Agent:
      - azsdk-python-storage-file/12.0.0b1 Python/3.7.3 (Windows-10-10.0.17763-SP0)
      content-type:
      - application/xml; charset=utf-8
      x-ms-client-request-id:
      - 387663c2-b4ba-11e9-bc29-2816a845e8c6
      x-ms-date:
      - Fri, 02 Aug 2019 00:12:31 GMT
      x-ms-version:
      - '2018-11-09'
    method: PUT
    uri: https://storagename.file.core.windows.net/listshare2af571bc9?restype=share
  response:
    body:
      string: ''
    headers:
      ? !!python/object/new:multidict._istr.istr
      - Content-Length
      : '0'
      ? !!python/object/new:multidict._istr.istr
      - Date
      : Fri, 02 Aug 2019 00:12:27 GMT
      ? !!python/object/new:multidict._istr.istr
      - Etag
      : '"0x8D716DE1AF05A8A"'
      ? !!python/object/new:multidict._istr.istr
      - Last-Modified
      : Fri, 02 Aug 2019 00:12:28 GMT
      ? !!python/object/new:multidict._istr.istr
      - Server
      : Windows-Azure-File/1.0 Microsoft-HTTPAPI/2.0
      x-ms-request-id: 1f94fa91-401a-00e4-38c6-482b63000000
      x-ms-version: '2018-11-09'
    status:
      code: 201
      message: Created
    url: !!python/object/new:yarl.URL
      state: !!python/tuple
      - !!python/object/new:urllib.parse.SplitResult
        - https
        - rakshithqueueasynctest.file.core.windows.net
        - /listshare2af571bc9
        - restype=share
        - ''
- request:
    body: null
    headers:
      User-Agent:
      - azsdk-python-storage-file/12.0.0b1 Python/3.7.3 (Windows-10-10.0.17763-SP0)
      content-type:
      - application/xml; charset=utf-8
      x-ms-client-request-id:
      - 387f5e40-b4ba-11e9-8c62-2816a845e8c6
      x-ms-date:
      - Fri, 02 Aug 2019 00:12:31 GMT
      x-ms-version:
      - '2018-11-09'
    method: PUT
    uri: https://storagename.file.core.windows.net/listshare3af571bc9?restype=share
  response:
    body:
      string: ''
    headers:
      ? !!python/object/new:multidict._istr.istr
      - Content-Length
      : '0'
      ? !!python/object/new:multidict._istr.istr
      - Date
      : Fri, 02 Aug 2019 00:12:27 GMT
      ? !!python/object/new:multidict._istr.istr
      - Etag
      : '"0x8D716DE1AF90EB2"'
      ? !!python/object/new:multidict._istr.istr
      - Last-Modified
      : Fri, 02 Aug 2019 00:12:28 GMT
      ? !!python/object/new:multidict._istr.istr
      - Server
      : Windows-Azure-File/1.0 Microsoft-HTTPAPI/2.0
      x-ms-request-id: 1f94fa93-401a-00e4-39c6-482b63000000
      x-ms-version: '2018-11-09'
    status:
      code: 201
      message: Created
    url: !!python/object/new:yarl.URL
      state: !!python/tuple
      - !!python/object/new:urllib.parse.SplitResult
        - https
        - rakshithqueueasynctest.file.core.windows.net
        - /listshare3af571bc9
        - restype=share
        - ''
- request:
    body: null
    headers:
      Accept:
      - application/xml
      User-Agent:
      - azsdk-python-storage-file/12.0.0b1 Python/3.7.3 (Windows-10-10.0.17763-SP0)
      content-type:
      - application/xml; charset=utf-8
      x-ms-client-request-id:
      - 38854da4-b4ba-11e9-8b9a-2816a845e8c6
      x-ms-date:
      - Fri, 02 Aug 2019 00:12:31 GMT
      x-ms-version:
      - '2018-11-09'
    method: GET
    uri: https://storagename.file.core.windows.net/?maxresults=2&include=&comp=list
  response:
    body:
      string: "\uFEFF<?xml version=\"1.0\" encoding=\"utf-8\"?><EnumerationResults
        ServiceEndpoint=\"https://storagename.file.core.windows.net/\"><MaxResults>2</MaxResults><Shares><Share><Name>listshare0af571bc9</Name><Properties><Last-Modified>Fri,
        02 Aug 2019 00:12:28 GMT</Last-Modified><Etag>\"0x8D716DE1ADD9271\"</Etag><Quota>5120</Quota></Properties></Share><Share><Name>listshare1af571bc9</Name><Properties><Last-Modified>Fri,
        02 Aug 2019 00:12:28 GMT</Last-Modified><Etag>\"0x8D716DE1AE5D168\"</Etag><Quota>5120</Quota></Properties></Share></Shares><NextMarker>/storagename/listshare27d2b16cf</NextMarker></EnumerationResults>"
    headers:
      ? !!python/object/new:multidict._istr.istr
      - Content-Type
      : application/xml
      ? !!python/object/new:multidict._istr.istr
      - Date
      : Fri, 02 Aug 2019 00:12:27 GMT
      ? !!python/object/new:multidict._istr.istr
      - Server
      : Windows-Azure-File/1.0 Microsoft-HTTPAPI/2.0
      ? !!python/object/new:multidict._istr.istr
      - Transfer-Encoding
      : chunked
      ? !!python/object/new:multidict._istr.istr
      - Vary
      : Origin
      x-ms-request-id: 1f94fa97-401a-00e4-3cc6-482b63000000
      x-ms-version: '2018-11-09'
    status:
      code: 200
      message: OK
    url: !!python/object/new:yarl.URL
      state: !!python/tuple
      - !!python/object/new:urllib.parse.SplitResult
        - https
        - rakshithqueueasynctest.file.core.windows.net
        - /
        - maxresults=2&include=&comp=list
        - ''
- request:
    body: null
    headers:
      Accept:
      - application/xml
      User-Agent:
      - azsdk-python-storage-file/12.0.0b1 Python/3.7.3 (Windows-10-10.0.17763-SP0)
      content-type:
      - application/xml; charset=utf-8
      x-ms-client-request-id:
      - 388a2c5e-b4ba-11e9-a31b-2816a845e8c6
      x-ms-date:
      - Fri, 02 Aug 2019 00:12:31 GMT
      x-ms-version:
      - '2018-11-09'
    method: GET
    uri: https://storagename.file.core.windows.net/?marker=/storagename/listshare27d2b16cf&maxresults=2&include=&comp=list
  response:
    body:
      string: "\uFEFF<?xml version=\"1.0\" encoding=\"utf-8\"?><EnumerationResults
        ServiceEndpoint=\"https://storagename.file.core.windows.net/\"><Marker>/storagename/listshare27d2b16cf</Marker><MaxResults>2</MaxResults><Shares><Share><Name>listshare2af571bc9</Name><Properties><Last-Modified>Fri,
        02 Aug 2019 00:12:28 GMT</Last-Modified><Etag>\"0x8D716DE1AF05A8A\"</Etag><Quota>5120</Quota></Properties></Share><Share><Name>listshare3af571bc9</Name><Properties><Last-Modified>Fri,
        02 Aug 2019 00:12:28 GMT</Last-Modified><Etag>\"0x8D716DE1AF90EB2\"</Etag><Quota>5120</Quota></Properties></Share></Shares><NextMarker>/storagename/share1066951af2894f8e8d6bb6c0e5d5fd3c</NextMarker></EnumerationResults>"
    headers:
      ? !!python/object/new:multidict._istr.istr
      - Content-Type
      : application/xml
      ? !!python/object/new:multidict._istr.istr
      - Date
      : Fri, 02 Aug 2019 00:12:27 GMT
      ? !!python/object/new:multidict._istr.istr
      - Server
      : Windows-Azure-File/1.0 Microsoft-HTTPAPI/2.0
      ? !!python/object/new:multidict._istr.istr
      - Transfer-Encoding
      : chunked
      ? !!python/object/new:multidict._istr.istr
      - Vary
      : Origin
      x-ms-request-id: 1f94fa98-401a-00e4-3dc6-482b63000000
      x-ms-version: '2018-11-09'
    status:
      code: 200
      message: OK
    url: !!python/object/new:yarl.URL
      state: !!python/tuple
      - !!python/object/new:urllib.parse.SplitResult
        - https
        - rakshithqueueasynctest.file.core.windows.net
        - /
        - marker=/rakshithqueueasynctest/listshare27d2b16cf&maxresults=2&include=&comp=list
        - ''
version: 1
