{
  "Entries": [
    {
      "RequestUri": "https://management.azure.com/subscriptions/00000000-0000-0000-0000-000000000/providers/Microsoft.MachineLearningServices/locations/eastus2euap/mfeOperationResults/jc:a6d5a3b8-8717-4928-b8f7-4c9f36d21085:test_646575606974?api-version=2022-06-01-preview",
      "RequestMethod": "GET",
      "RequestHeaders": {
        "Accept": "*/*",
        "Accept-Encoding": "gzip, deflate",
        "Connection": "keep-alive",
        "User-Agent": "azure-ai-ml/0.0.139 azsdk-python-mgmt-machinelearningservices/0.1.0 Python/3.8.6 (Windows-10-10.0.22000-SP0)"
      },
      "RequestBody": null,
      "StatusCode": 200,
      "ResponseHeaders": {
        "Cache-Control": "no-cache",
        "Content-Length": "0",
        "Date": "Fri, 16 Sep 2022 18:19:35 GMT",
        "Expires": "-1",
        "Pragma": "no-cache",
        "Request-Context": "appId=cid-v1:17d65b70-e9ce-4ed5-9347-1f660ec782e9",
        "Server-Timing": "traceparent;desc=\u002200-384f8a9bcc565a6eec9e2f04765b8cd8-6175f1e65be0bc47-01\u0022",
        "Strict-Transport-Security": "max-age=31536000; includeSubDomains",
        "x-aml-cluster": "vienna-eastus2euap-02",
        "X-Content-Type-Options": "nosniff",
        "x-ms-correlation-request-id": "0db99583-8e12-46fa-b89f-795851a555ac",
        "x-ms-ratelimit-remaining-subscription-reads": "11948",
        "x-ms-response-type": "standard",
        "x-ms-routing-request-id": "CANADACENTRAL:20220916T181936Z:0db99583-8e12-46fa-b89f-795851a555ac",
        "x-request-time": "0.034"
      },
      "ResponseBody": null
    },
    {
      "RequestUri": "https://management.azure.com/subscriptions/00000000-0000-0000-0000-000000000/resourceGroups/00000/providers/Microsoft.MachineLearningServices/workspaces/00000/computes/gpu-cluster?api-version=2022-01-01-preview",
      "RequestMethod": "GET",
      "RequestHeaders": {
        "Accept": "application/json",
        "Accept-Encoding": "gzip, deflate",
        "Connection": "keep-alive",
        "User-Agent": "azure-ai-ml/0.0.139 azsdk-python-mgmt-machinelearningservices/0.1.0 Python/3.8.6 (Windows-10-10.0.22000-SP0)"
      },
      "RequestBody": null,
      "StatusCode": 200,
      "ResponseHeaders": {
        "Cache-Control": "no-cache",
        "Content-Encoding": "gzip",
        "Content-Type": "application/json; charset=utf-8",
        "Date": "Fri, 16 Sep 2022 18:19:36 GMT",
        "Expires": "-1",
        "Pragma": "no-cache",
        "Request-Context": "appId=cid-v1:17d65b70-e9ce-4ed5-9347-1f660ec782e9",
        "Server-Timing": "traceparent;desc=\u002200-48ba669601d9621cc91c65ed0b177788-40ecc2d7b8c0ca9a-01\u0022",
        "Strict-Transport-Security": "max-age=31536000; includeSubDomains",
        "Transfer-Encoding": "chunked",
        "Vary": [
          "Accept-Encoding",
          "Accept-Encoding"
        ],
        "x-aml-cluster": "vienna-eastus2euap-02",
        "X-Content-Type-Options": "nosniff",
        "x-ms-correlation-request-id": "62670d5e-b70d-47d9-8a24-00affffeb6c5",
        "x-ms-ratelimit-remaining-subscription-reads": "11947",
        "x-ms-response-type": "standard",
        "x-ms-routing-request-id": "CANADACENTRAL:20220916T181937Z:62670d5e-b70d-47d9-8a24-00affffeb6c5",
        "x-request-time": "0.047"
      },
      "ResponseBody": {
        "id": "/subscriptions/00000000-0000-0000-0000-000000000/resourceGroups/00000/providers/Microsoft.MachineLearningServices/workspaces/00000/computes/gpu-cluster",
        "name": "gpu-cluster",
        "type": "Microsoft.MachineLearningServices/workspaces/computes",
        "location": "eastus2euap",
        "tags": {},
        "properties": {
          "createdOn": "2022-09-15T03:11:46.9201731\u002B00:00",
          "modifiedOn": "2022-09-15T03:11:53.646313\u002B00:00",
          "disableLocalAuth": false,
          "description": null,
          "resourceId": null,
          "computeType": "AmlCompute",
          "computeLocation": "eastus2euap",
          "provisioningState": "Succeeded",
          "provisioningErrors": null,
          "isAttachedCompute": false,
          "properties": {
            "vmSize": "STANDARD_ND6S",
            "vmPriority": "Dedicated",
            "scaleSettings": {
              "maxNodeCount": 4,
              "minNodeCount": 0,
              "nodeIdleTimeBeforeScaleDown": "PT2M"
            },
            "subnet": null,
            "currentNodeCount": 4,
            "targetNodeCount": 4,
            "nodeStateCounts": {
              "preparingNodeCount": 0,
              "runningNodeCount": 4,
              "idleNodeCount": 0,
              "unusableNodeCount": 0,
              "leavingNodeCount": 0,
              "preemptedNodeCount": 0
            },
            "allocationState": "Steady",
            "allocationStateTransitionTime": "2022-09-16T17:29:01.033\u002B00:00",
            "errors": null,
            "remoteLoginPortPublicAccess": "Enabled",
            "osType": "Linux",
            "virtualMachineImage": null,
            "isolatedNetwork": false,
            "propertyBag": {}
          }
        }
      }
    },
    {
      "RequestUri": "https://management.azure.com/subscriptions/00000000-0000-0000-0000-000000000/resourceGroups/00000/providers/Microsoft.MachineLearningServices/workspaces/00000/datastores/workspaceblobstore?api-version=2022-05-01",
      "RequestMethod": "GET",
      "RequestHeaders": {
        "Accept": "application/json",
        "Accept-Encoding": "gzip, deflate",
        "Connection": "keep-alive",
        "User-Agent": "azure-ai-ml/0.0.139 azsdk-python-mgmt-machinelearningservices/0.1.0 Python/3.8.6 (Windows-10-10.0.22000-SP0)"
      },
      "RequestBody": null,
      "StatusCode": 200,
      "ResponseHeaders": {
        "Cache-Control": "no-cache",
        "Content-Encoding": "gzip",
        "Content-Type": "application/json; charset=utf-8",
        "Date": "Fri, 16 Sep 2022 18:19:37 GMT",
        "Expires": "-1",
        "Pragma": "no-cache",
        "Request-Context": "appId=cid-v1:17d65b70-e9ce-4ed5-9347-1f660ec782e9",
        "Server-Timing": "traceparent;desc=\u002200-22338c887e6a9f39d832b99bee2c3f10-b7806c7de5bf5281-01\u0022",
        "Strict-Transport-Security": "max-age=31536000; includeSubDomains",
        "Transfer-Encoding": "chunked",
        "Vary": [
          "Accept-Encoding",
          "Accept-Encoding"
        ],
        "x-aml-cluster": "vienna-eastus2euap-02",
        "X-Content-Type-Options": "nosniff",
        "x-ms-correlation-request-id": "b4b418b0-12d4-4328-9b39-73f394ca6cb2",
        "x-ms-ratelimit-remaining-subscription-reads": "11946",
        "x-ms-response-type": "standard",
        "x-ms-routing-request-id": "CANADACENTRAL:20220916T181938Z:b4b418b0-12d4-4328-9b39-73f394ca6cb2",
        "x-request-time": "0.118"
      },
      "ResponseBody": {
        "id": "/subscriptions/00000000-0000-0000-0000-000000000/resourceGroups/00000/providers/Microsoft.MachineLearningServices/workspaces/00000/datastores/workspaceblobstore",
        "name": "workspaceblobstore",
        "type": "Microsoft.MachineLearningServices/workspaces/datastores",
        "properties": {
          "description": null,
          "tags": null,
          "properties": null,
          "isDefault": true,
          "credentials": {
            "credentialsType": "AccountKey"
          },
          "datastoreType": "AzureBlob",
          "accountName": "sagh4dshas62md4",
          "containerName": "azureml-blobstore-a6d5a3b8-8717-4928-b8f7-4c9f36d21085",
          "endpoint": "core.windows.net",
          "protocol": "https",
          "serviceDataAccessAuthIdentity": "WorkspaceSystemAssignedIdentity"
        },
        "systemData": {
          "createdAt": "2022-09-15T03:11:44.0146435\u002B00:00",
          "createdBy": "779301c0-18b2-4cdc-801b-a0a3368fee0a",
          "createdByType": "Application",
          "lastModifiedAt": "2022-09-15T03:11:44.7999179\u002B00:00",
          "lastModifiedBy": "779301c0-18b2-4cdc-801b-a0a3368fee0a",
          "lastModifiedByType": "Application"
        }
      }
    },
    {
      "RequestUri": "https://management.azure.com/subscriptions/00000000-0000-0000-0000-000000000/resourceGroups/00000/providers/Microsoft.MachineLearningServices/workspaces/00000/datastores/workspaceblobstore/listSecrets?api-version=2022-05-01",
      "RequestMethod": "POST",
      "RequestHeaders": {
        "Accept": "application/json",
        "Accept-Encoding": "gzip, deflate",
        "Connection": "keep-alive",
        "Content-Length": "0",
        "User-Agent": "azure-ai-ml/0.0.139 azsdk-python-mgmt-machinelearningservices/0.1.0 Python/3.8.6 (Windows-10-10.0.22000-SP0)"
      },
      "RequestBody": null,
      "StatusCode": 200,
      "ResponseHeaders": {
        "Cache-Control": "no-cache",
        "Content-Encoding": "gzip",
        "Content-Type": "application/json; charset=utf-8",
        "Date": "Fri, 16 Sep 2022 18:19:37 GMT",
        "Expires": "-1",
        "Pragma": "no-cache",
        "Request-Context": "appId=cid-v1:17d65b70-e9ce-4ed5-9347-1f660ec782e9",
        "Server-Timing": "traceparent;desc=\u002200-8177993a65da1848d63fb0ce4c53717f-be693c036152dd44-01\u0022",
        "Strict-Transport-Security": "max-age=31536000; includeSubDomains",
        "Transfer-Encoding": "chunked",
        "Vary": "Accept-Encoding",
        "x-aml-cluster": "vienna-eastus2euap-02",
        "X-Content-Type-Options": "nosniff",
        "x-ms-correlation-request-id": "243eecfb-bac3-4fef-aa2d-7da5e0e3026f",
        "x-ms-ratelimit-remaining-subscription-writes": "1155",
        "x-ms-response-type": "standard",
        "x-ms-routing-request-id": "CANADACENTRAL:20220916T181938Z:243eecfb-bac3-4fef-aa2d-7da5e0e3026f",
        "x-request-time": "0.104"
      },
      "ResponseBody": {
        "secretsType": "AccountKey",
        "key": "dGhpcyBpcyBmYWtlIGtleQ=="
      }
    },
    {
      "RequestUri": "https://sagh4dshas62md4.blob.core.windows.net/azureml-blobstore-a6d5a3b8-8717-4928-b8f7-4c9f36d21085/LocalUpload/00000000000000000000000000000000/train/MLTable",
      "RequestMethod": "HEAD",
      "RequestHeaders": {
        "Accept": "application/xml",
        "Accept-Encoding": "gzip, deflate",
        "Connection": "keep-alive",
        "User-Agent": "azsdk-python-storage-blob/12.12.0 Python/3.8.6 (Windows-10-10.0.22000-SP0)",
        "x-ms-date": "Fri, 16 Sep 2022 18:19:37 GMT",
        "x-ms-version": "2021-06-08"
      },
      "RequestBody": null,
      "StatusCode": 200,
      "ResponseHeaders": {
        "Accept-Ranges": "bytes",
        "Content-Length": "242",
        "Content-MD5": "NqAcSUWnqc4P\u002B0m2TKgOyQ==",
        "Content-Type": "application/octet-stream",
        "Date": "Fri, 16 Sep 2022 18:19:38 GMT",
        "ETag": "\u00220x8DA9792D0A7C8A1\u0022",
        "Last-Modified": "Fri, 16 Sep 2022 03:23:24 GMT",
        "Server": [
          "Windows-Azure-Blob/1.0",
          "Microsoft-HTTPAPI/2.0"
        ],
        "Vary": "Origin",
        "x-ms-access-tier": "Hot",
        "x-ms-access-tier-inferred": "true",
        "x-ms-blob-type": "BlockBlob",
        "x-ms-creation-time": "Fri, 16 Sep 2022 03:23:24 GMT",
        "x-ms-lease-state": "available",
        "x-ms-lease-status": "unlocked",
        "x-ms-meta-name": "c3d334d7-ba9a-4cba-996c-5b1379d42044",
        "x-ms-meta-upload_status": "completed",
        "x-ms-meta-version": "bb15f169-3fcf-4036-a774-1649926aca60",
        "x-ms-server-encrypted": "true",
        "x-ms-version": "2021-06-08"
      },
      "ResponseBody": null
    },
    {
      "RequestUri": "https://sagh4dshas62md4.blob.core.windows.net/azureml-blobstore-a6d5a3b8-8717-4928-b8f7-4c9f36d21085/az-ml-artifacts/00000000000000000000000000000000/train/MLTable",
      "RequestMethod": "HEAD",
      "RequestHeaders": {
        "Accept": "application/xml",
        "Accept-Encoding": "gzip, deflate",
        "Connection": "keep-alive",
        "User-Agent": "azsdk-python-storage-blob/12.12.0 Python/3.8.6 (Windows-10-10.0.22000-SP0)",
        "x-ms-date": "Fri, 16 Sep 2022 18:19:37 GMT",
        "x-ms-version": "2021-06-08"
      },
      "RequestBody": null,
      "StatusCode": 404,
      "ResponseHeaders": {
        "Date": "Fri, 16 Sep 2022 18:19:38 GMT",
        "Server": [
          "Windows-Azure-Blob/1.0",
          "Microsoft-HTTPAPI/2.0"
        ],
        "Transfer-Encoding": "chunked",
        "Vary": "Origin",
        "x-ms-error-code": "BlobNotFound",
        "x-ms-version": "2021-06-08"
      },
      "ResponseBody": null
    },
    {
      "RequestUri": "https://management.azure.com/subscriptions/00000000-0000-0000-0000-000000000/resourceGroups/00000/providers/Microsoft.MachineLearningServices/workspaces/00000/datastores/workspaceblobstore?api-version=2022-05-01",
      "RequestMethod": "GET",
      "RequestHeaders": {
        "Accept": "application/json",
        "Accept-Encoding": "gzip, deflate",
        "Connection": "keep-alive",
        "User-Agent": "azure-ai-ml/0.0.139 azsdk-python-mgmt-machinelearningservices/0.1.0 Python/3.8.6 (Windows-10-10.0.22000-SP0)"
      },
      "RequestBody": null,
      "StatusCode": 200,
      "ResponseHeaders": {
        "Cache-Control": "no-cache",
        "Content-Encoding": "gzip",
        "Content-Type": "application/json; charset=utf-8",
        "Date": "Fri, 16 Sep 2022 18:19:38 GMT",
        "Expires": "-1",
        "Pragma": "no-cache",
        "Request-Context": "appId=cid-v1:17d65b70-e9ce-4ed5-9347-1f660ec782e9",
        "Server-Timing": "traceparent;desc=\u002200-2b75b160e642ca12518f8fa312ea0dd0-5424fdba98ec3484-01\u0022",
        "Strict-Transport-Security": "max-age=31536000; includeSubDomains",
        "Transfer-Encoding": "chunked",
        "Vary": [
          "Accept-Encoding",
          "Accept-Encoding"
        ],
        "x-aml-cluster": "vienna-eastus2euap-02",
        "X-Content-Type-Options": "nosniff",
        "x-ms-correlation-request-id": "3fac2431-7b9d-4552-8b83-877f237060e3",
        "x-ms-ratelimit-remaining-subscription-reads": "11945",
        "x-ms-response-type": "standard",
        "x-ms-routing-request-id": "CANADACENTRAL:20220916T181938Z:3fac2431-7b9d-4552-8b83-877f237060e3",
        "x-request-time": "0.083"
      },
      "ResponseBody": {
        "id": "/subscriptions/00000000-0000-0000-0000-000000000/resourceGroups/00000/providers/Microsoft.MachineLearningServices/workspaces/00000/datastores/workspaceblobstore",
        "name": "workspaceblobstore",
        "type": "Microsoft.MachineLearningServices/workspaces/datastores",
        "properties": {
          "description": null,
          "tags": null,
          "properties": null,
          "isDefault": true,
          "credentials": {
            "credentialsType": "AccountKey"
          },
          "datastoreType": "AzureBlob",
          "accountName": "sagh4dshas62md4",
          "containerName": "azureml-blobstore-a6d5a3b8-8717-4928-b8f7-4c9f36d21085",
          "endpoint": "core.windows.net",
          "protocol": "https",
          "serviceDataAccessAuthIdentity": "WorkspaceSystemAssignedIdentity"
        },
        "systemData": {
          "createdAt": "2022-09-15T03:11:44.0146435\u002B00:00",
          "createdBy": "779301c0-18b2-4cdc-801b-a0a3368fee0a",
          "createdByType": "Application",
          "lastModifiedAt": "2022-09-15T03:11:44.7999179\u002B00:00",
          "lastModifiedBy": "779301c0-18b2-4cdc-801b-a0a3368fee0a",
          "lastModifiedByType": "Application"
        }
      }
    },
    {
      "RequestUri": "https://management.azure.com/subscriptions/00000000-0000-0000-0000-000000000/resourceGroups/00000/providers/Microsoft.MachineLearningServices/workspaces/00000/datastores/workspaceblobstore/listSecrets?api-version=2022-05-01",
      "RequestMethod": "POST",
      "RequestHeaders": {
        "Accept": "application/json",
        "Accept-Encoding": "gzip, deflate",
        "Connection": "keep-alive",
        "Content-Length": "0",
        "User-Agent": "azure-ai-ml/0.0.139 azsdk-python-mgmt-machinelearningservices/0.1.0 Python/3.8.6 (Windows-10-10.0.22000-SP0)"
      },
      "RequestBody": null,
      "StatusCode": 200,
      "ResponseHeaders": {
        "Cache-Control": "no-cache",
        "Content-Encoding": "gzip",
        "Content-Type": "application/json; charset=utf-8",
        "Date": "Fri, 16 Sep 2022 18:19:38 GMT",
        "Expires": "-1",
        "Pragma": "no-cache",
        "Request-Context": "appId=cid-v1:17d65b70-e9ce-4ed5-9347-1f660ec782e9",
        "Server-Timing": "traceparent;desc=\u002200-8c74696ac45f2226de9274f3d7cfc8b0-bf90e13ff1e9ecc7-01\u0022",
        "Strict-Transport-Security": "max-age=31536000; includeSubDomains",
        "Transfer-Encoding": "chunked",
        "Vary": "Accept-Encoding",
        "x-aml-cluster": "vienna-eastus2euap-02",
        "X-Content-Type-Options": "nosniff",
        "x-ms-correlation-request-id": "3f8be070-3179-4cf5-bb04-dd25a2401094",
        "x-ms-ratelimit-remaining-subscription-writes": "1154",
        "x-ms-response-type": "standard",
        "x-ms-routing-request-id": "CANADACENTRAL:20220916T181939Z:3f8be070-3179-4cf5-bb04-dd25a2401094",
        "x-request-time": "0.082"
      },
      "ResponseBody": {
        "secretsType": "AccountKey",
        "key": "dGhpcyBpcyBmYWtlIGtleQ=="
      }
    },
    {
      "RequestUri": "https://sagh4dshas62md4.blob.core.windows.net/azureml-blobstore-a6d5a3b8-8717-4928-b8f7-4c9f36d21085/LocalUpload/00000000000000000000000000000000/valid/MLTable",
      "RequestMethod": "HEAD",
      "RequestHeaders": {
        "Accept": "application/xml",
        "Accept-Encoding": "gzip, deflate",
        "Connection": "keep-alive",
        "User-Agent": "azsdk-python-storage-blob/12.12.0 Python/3.8.6 (Windows-10-10.0.22000-SP0)",
        "x-ms-date": "Fri, 16 Sep 2022 18:19:38 GMT",
        "x-ms-version": "2021-06-08"
      },
      "RequestBody": null,
      "StatusCode": 200,
      "ResponseHeaders": {
        "Accept-Ranges": "bytes",
        "Content-Length": "242",
        "Content-MD5": "dSNPUJ/1XJb7PLBObFnwjg==",
        "Content-Type": "application/octet-stream",
        "Date": "Fri, 16 Sep 2022 18:19:39 GMT",
        "ETag": "\u00220x8DA9792D11D35C1\u0022",
        "Last-Modified": "Fri, 16 Sep 2022 03:23:25 GMT",
        "Server": [
          "Windows-Azure-Blob/1.0",
          "Microsoft-HTTPAPI/2.0"
        ],
        "Vary": "Origin",
        "x-ms-access-tier": "Hot",
        "x-ms-access-tier-inferred": "true",
        "x-ms-blob-type": "BlockBlob",
        "x-ms-creation-time": "Fri, 16 Sep 2022 03:23:25 GMT",
        "x-ms-lease-state": "available",
        "x-ms-lease-status": "unlocked",
        "x-ms-meta-name": "9b2eebe6-59fb-42d5-9570-1dbc074baba0",
        "x-ms-meta-upload_status": "completed",
        "x-ms-meta-version": "458a8a7c-1ed8-4f17-ae6d-ce62363d4a6a",
        "x-ms-server-encrypted": "true",
        "x-ms-version": "2021-06-08"
      },
      "ResponseBody": null
    },
    {
      "RequestUri": "https://sagh4dshas62md4.blob.core.windows.net/azureml-blobstore-a6d5a3b8-8717-4928-b8f7-4c9f36d21085/az-ml-artifacts/00000000000000000000000000000000/valid/MLTable",
      "RequestMethod": "HEAD",
      "RequestHeaders": {
        "Accept": "application/xml",
        "Accept-Encoding": "gzip, deflate",
        "Connection": "keep-alive",
        "User-Agent": "azsdk-python-storage-blob/12.12.0 Python/3.8.6 (Windows-10-10.0.22000-SP0)",
        "x-ms-date": "Fri, 16 Sep 2022 18:19:38 GMT",
        "x-ms-version": "2021-06-08"
      },
      "RequestBody": null,
      "StatusCode": 404,
      "ResponseHeaders": {
        "Date": "Fri, 16 Sep 2022 18:19:39 GMT",
        "Server": [
          "Windows-Azure-Blob/1.0",
          "Microsoft-HTTPAPI/2.0"
        ],
        "Transfer-Encoding": "chunked",
        "Vary": "Origin",
        "x-ms-error-code": "BlobNotFound",
        "x-ms-version": "2021-06-08"
      },
      "ResponseBody": null
    },
    {
      "RequestUri": "https://management.azure.com/subscriptions/00000000-0000-0000-0000-000000000/resourceGroups/00000/providers/Microsoft.MachineLearningServices/workspaces/00000/jobs/test_259838698038?api-version=2022-06-01-preview",
      "RequestMethod": "PUT",
      "RequestHeaders": {
        "Accept": "application/json",
        "Accept-Encoding": "gzip, deflate",
        "Connection": "keep-alive",
        "Content-Length": "1431",
        "Content-Type": "application/json",
        "User-Agent": "azure-ai-ml/0.0.139 azsdk-python-mgmt-machinelearningservices/0.1.0 Python/3.8.6 (Windows-10-10.0.22000-SP0)"
      },
      "RequestBody": {
        "properties": {
          "properties": {
            "mlflow.source.git.repoURL": "fake_git_url",
            "mlflow.source.git.branch": "fake_git_branch",
            "mlflow.source.git.commit": "fake_git_commit",
            "azureml.git.dirty": "fake_git_dirty_value"
          },
          "tags": {
            "tag": "tagvalue",
            "owner": "sdkteam"
          },
          "computeId": "/subscriptions/00000000-0000-0000-0000-000000000/resourceGroups/00000/providers/Microsoft.MachineLearningServices/workspaces/00000/computes/gpu-cluster",
          "displayName": "test_259838698038",
          "experimentName": "my_first_experiment",
          "isArchived": false,
          "jobType": "Pipeline",
          "inputs": {
            "text_classification_training_data": {
              "uri": "azureml://datastores/workspaceblobstore/paths/LocalUpload/00000000000000000000000000000000/train",
              "jobInputType": "mltable"
            },
            "text_classification_validation_data": {
              "uri": "azureml://datastores/workspaceblobstore/paths/LocalUpload/00000000000000000000000000000000/valid",
              "jobInputType": "mltable"
            }
          },
          "jobs": {
            "automl_text_classification": {
              "name": "automl_text_classification",
              "tags": {},
              "properties": {},
              "type": "automl",
              "outputs": {},
              "log_verbosity": "info",
              "training_data": "${{parent.inputs.text_classification_training_data}}",
              "limits": {
                "max_trials": 1,
                "timeout_minutes": 60
              },
              "featurization": {
                "dataset_language": "eng"
              },
              "validation_data": "${{parent.inputs.text_classification_validation_data}}",
              "task": "text_classification",
              "primary_metric": "accuracy",
              "target_column_name": "y"
            }
          },
          "outputs": {},
          "settings": {
            "continue_on_step_failure": false,
            "_source": "YAML.JOB"
          }
        }
      },
      "StatusCode": 201,
      "ResponseHeaders": {
        "Cache-Control": "no-cache",
        "Content-Length": "2891",
        "Content-Type": "application/json; charset=utf-8",
        "Date": "Fri, 16 Sep 2022 18:19:46 GMT",
        "Expires": "-1",
        "Location": "https://management.azure.com/subscriptions/00000000-0000-0000-0000-000000000/resourceGroups/00000/providers/Microsoft.MachineLearningServices/workspaces/00000/jobs/test_259838698038?api-version=2022-06-01-preview",
        "Pragma": "no-cache",
        "Request-Context": "appId=cid-v1:17d65b70-e9ce-4ed5-9347-1f660ec782e9",
        "Server-Timing": "traceparent;desc=\u002200-65b47143ae4bc2882c8210ab11dec2d6-877c57954c6b25fd-01\u0022",
        "Strict-Transport-Security": "max-age=31536000; includeSubDomains",
        "x-aml-cluster": "vienna-eastus2euap-02",
        "X-Content-Type-Options": "nosniff",
        "x-ms-correlation-request-id": "be336b59-76f9-4d26-8b31-eda86bc22fcd",
        "x-ms-ratelimit-remaining-subscription-writes": "1169",
        "x-ms-response-type": "standard",
        "x-ms-routing-request-id": "CANADACENTRAL:20220916T181947Z:be336b59-76f9-4d26-8b31-eda86bc22fcd",
        "x-request-time": "4.808"
      },
      "ResponseBody": {
        "id": "/subscriptions/00000000-0000-0000-0000-000000000/resourceGroups/00000/providers/Microsoft.MachineLearningServices/workspaces/00000/jobs/test_259838698038",
        "name": "test_259838698038",
        "type": "Microsoft.MachineLearningServices/workspaces/jobs",
        "properties": {
          "description": null,
          "tags": {
            "tag": "tagvalue",
            "owner": "sdkteam"
          },
          "properties": {
            "mlflow.source.git.repoURL": "fake_git_url",
            "mlflow.source.git.branch": "fake_git_branch",
            "mlflow.source.git.commit": "fake_git_commit",
            "azureml.git.dirty": "fake_git_dirty_value",
            "azureml.DevPlatv2": "true",
            "azureml.runsource": "azureml.PipelineRun",
            "runSource": "MFE",
            "runType": "HTTP",
            "azureml.parameters": "{}",
            "azureml.continue_on_step_failure": "False",
            "azureml.continue_on_failed_optional_input": "True",
            "azureml.defaultComputeName": "gpu-cluster",
            "azureml.defaultDataStoreName": "workspaceblobstore",
            "azureml.pipelineComponent": "pipelinerun"
          },
          "displayName": "test_259838698038",
          "status": "Running",
          "experimentName": "my_first_experiment",
          "services": {
            "Tracking": {
              "jobServiceType": "Tracking",
              "port": null,
              "endpoint": "azureml://eastus2euap.api.azureml.ms/mlflow/v1.0/subscriptions/00000000-0000-0000-0000-000000000/resourceGroups/00000/providers/Microsoft.MachineLearningServices/workspaces/00000?",
              "status": null,
              "errorMessage": null,
              "properties": null
            },
            "Studio": {
              "jobServiceType": "Studio",
              "port": null,
              "endpoint": "https://ml.azure.com/runs/test_259838698038?wsid=/subscriptions/00000000-0000-0000-0000-000000000/resourcegroups/00000/workspaces/00000",
              "status": null,
              "errorMessage": null,
              "properties": null
            }
          },
          "computeId": "/subscriptions/00000000-0000-0000-0000-000000000/resourceGroups/00000/providers/Microsoft.MachineLearningServices/workspaces/00000/computes/gpu-cluster",
          "isArchived": false,
          "identity": null,
          "componentId": null,
          "jobType": "Pipeline",
          "settings": {
            "continue_on_step_failure": false,
            "_source": "YAML.JOB"
          },
          "jobs": {
            "automl_text_classification": {
              "name": "automl_text_classification",
              "tags": {},
              "properties": {},
              "type": "automl",
              "outputs": {},
              "log_verbosity": "info",
              "training_data": "${{parent.inputs.text_classification_training_data}}",
              "limits": {
                "max_trials": 1,
                "timeout_minutes": 60
              },
              "featurization": {
                "dataset_language": "eng"
              },
              "validation_data": "${{parent.inputs.text_classification_validation_data}}",
              "task": "text_classification",
              "primary_metric": "accuracy",
              "target_column_name": "y"
            }
          },
          "inputs": {
            "text_classification_training_data": {
              "description": null,
              "uri": "azureml://datastores/workspaceblobstore/paths/LocalUpload/00000000000000000000000000000000/train",
              "mode": "ReadOnlyMount",
              "jobInputType": "mltable"
            },
            "text_classification_validation_data": {
              "description": null,
              "uri": "azureml://datastores/workspaceblobstore/paths/LocalUpload/00000000000000000000000000000000/valid",
              "mode": "ReadOnlyMount",
              "jobInputType": "mltable"
            }
          },
          "outputs": {},
          "sourceJobId": null
        },
        "systemData": {
          "createdAt": "2022-09-16T18:19:44.8794013\u002B00:00",
          "createdBy": "Neehar Duvvuri",
          "createdByType": "User"
        }
      }
    },
    {
      "RequestUri": "https://management.azure.com/subscriptions/00000000-0000-0000-0000-000000000/resourceGroups/00000/providers/Microsoft.MachineLearningServices/workspaces/00000/jobs/test_259838698038/cancel?api-version=2022-06-01-preview",
      "RequestMethod": "POST",
      "RequestHeaders": {
        "Accept": "application/json",
        "Accept-Encoding": "gzip, deflate",
        "Connection": "keep-alive",
        "Content-Length": "0",
        "User-Agent": "azure-ai-ml/0.0.139 azsdk-python-mgmt-machinelearningservices/0.1.0 Python/3.8.6 (Windows-10-10.0.22000-SP0)"
      },
      "RequestBody": null,
      "StatusCode": 202,
      "ResponseHeaders": {
        "Cache-Control": "no-cache",
        "Content-Length": "4",
        "Content-Type": "application/json; charset=utf-8",
        "Date": "Fri, 16 Sep 2022 18:19:48 GMT",
        "Expires": "-1",
        "Location": "https://management.azure.com/subscriptions/00000000-0000-0000-0000-000000000/providers/Microsoft.MachineLearningServices/locations/eastus2euap/mfeOperationResults/jc:a6d5a3b8-8717-4928-b8f7-4c9f36d21085:test_259838698038?api-version=2022-06-01-preview",
        "Pragma": "no-cache",
        "Request-Context": "appId=cid-v1:17d65b70-e9ce-4ed5-9347-1f660ec782e9",
        "Strict-Transport-Security": "max-age=31536000; includeSubDomains",
        "x-aml-cluster": "vienna-eastus2euap-02",
        "X-Content-Type-Options": "nosniff",
        "x-ms-async-operation-timeout": "PT1H",
        "x-ms-correlation-request-id": "211e5a78-7fcd-4724-8511-bc23112f5f62",
        "x-ms-ratelimit-remaining-subscription-writes": "1153",
        "x-ms-response-type": "standard",
        "x-ms-routing-request-id": "CANADACENTRAL:20220916T181949Z:211e5a78-7fcd-4724-8511-bc23112f5f62",
        "x-request-time": "0.750"
      },
      "ResponseBody": "null"
    }
  ],
  "Variables": {
    "name": "test_259838698038"
  }
}
