{
  "Entries": [
    {
      "RequestUri": "https://management.azure.com/subscriptions/00000000-0000-0000-0000-000000000/resourceGroups/00000/providers/Microsoft.MachineLearningServices/workspaces/00000/computes/cpu-cluster?api-version=2022-01-01-preview",
      "RequestMethod": "GET",
      "RequestHeaders": {
        "Accept": "application/json",
        "Accept-Encoding": "gzip, deflate",
        "Connection": "keep-alive",
        "User-Agent": "azure-ai-ml/0.1.0 azsdk-python-mgmt-machinelearningservices/0.1.0 Python/3.8.5 (Windows-10-10.0.19041-SP0)"
      },
      "RequestBody": null,
      "StatusCode": 200,
      "ResponseHeaders": {
        "Cache-Control": "no-cache",
        "Content-Encoding": "gzip",
        "Content-Type": "application/json; charset=utf-8",
        "Date": "Thu, 29 Sep 2022 21:26:11 GMT",
        "Expires": "-1",
        "Pragma": "no-cache",
        "Request-Context": "appId=cid-v1:17d65b70-e9ce-4ed5-9347-1f660ec782e9",
        "Server-Timing": "traceparent;desc=\u002200-bd579d8d4023a88415755bcd3c364078-bd24c35e2368a18a-01\u0022",
        "Strict-Transport-Security": "max-age=31536000; includeSubDomains",
        "Transfer-Encoding": "chunked",
        "Vary": [
          "Accept-Encoding",
          "Accept-Encoding"
        ],
        "x-aml-cluster": "vienna-eastus2euap-01",
        "X-Content-Type-Options": "nosniff",
        "x-ms-correlation-request-id": "2c88997e-9440-4880-bd32-fd0f9e08d0e4",
        "x-ms-ratelimit-remaining-subscription-reads": "11701",
        "x-ms-response-type": "standard",
        "x-ms-routing-request-id": "WESTUS2:20220929T212612Z:2c88997e-9440-4880-bd32-fd0f9e08d0e4",
        "x-request-time": "0.042"
      },
      "ResponseBody": {
        "id": "/subscriptions/00000000-0000-0000-0000-000000000/resourceGroups/00000/providers/Microsoft.MachineLearningServices/workspaces/00000/computes/cpu-cluster",
        "name": "cpu-cluster",
        "type": "Microsoft.MachineLearningServices/workspaces/computes",
        "location": "eastus2euap",
        "tags": {},
        "properties": {
          "createdOn": "2022-09-29T16:11:22.266409\u002B00:00",
          "modifiedOn": "2022-09-29T16:11:25.8787166\u002B00:00",
          "disableLocalAuth": false,
          "description": null,
          "resourceId": null,
          "computeType": "AmlCompute",
          "computeLocation": "eastus2euap",
          "provisioningState": "Succeeded",
          "provisioningErrors": null,
          "isAttachedCompute": false,
          "properties": {
            "vmSize": "STANDARD_DS2_V2",
            "vmPriority": "Dedicated",
            "scaleSettings": {
              "maxNodeCount": 4,
              "minNodeCount": 0,
              "nodeIdleTimeBeforeScaleDown": "PT2M"
            },
            "subnet": null,
            "currentNodeCount": 1,
            "targetNodeCount": 1,
            "nodeStateCounts": {
              "preparingNodeCount": 0,
              "runningNodeCount": 1,
              "idleNodeCount": 0,
              "unusableNodeCount": 0,
              "leavingNodeCount": 0,
              "preemptedNodeCount": 0
            },
            "allocationState": "Steady",
            "allocationStateTransitionTime": "2022-09-29T21:23:52.172\u002B00:00",
            "errors": null,
            "remoteLoginPortPublicAccess": "Enabled",
            "osType": "Linux",
            "virtualMachineImage": null,
            "isolatedNetwork": false,
            "propertyBag": {}
          }
        }
      }
    },
    {
      "RequestUri": "https://management.azure.com/subscriptions/00000000-0000-0000-0000-000000000/resourceGroups/00000/providers/Microsoft.MachineLearningServices/workspaces/00000/datastores/workspaceblobstore?api-version=2022-05-01",
      "RequestMethod": "GET",
      "RequestHeaders": {
        "Accept": "application/json",
        "Accept-Encoding": "gzip, deflate",
        "Connection": "keep-alive",
        "User-Agent": "azure-ai-ml/0.1.0 azsdk-python-mgmt-machinelearningservices/0.1.0 Python/3.8.5 (Windows-10-10.0.19041-SP0)"
      },
      "RequestBody": null,
      "StatusCode": 200,
      "ResponseHeaders": {
        "Cache-Control": "no-cache",
        "Content-Encoding": "gzip",
        "Content-Type": "application/json; charset=utf-8",
        "Date": "Thu, 29 Sep 2022 21:26:12 GMT",
        "Expires": "-1",
        "Pragma": "no-cache",
        "Request-Context": "appId=cid-v1:17d65b70-e9ce-4ed5-9347-1f660ec782e9",
        "Server-Timing": "traceparent;desc=\u002200-ae489603fdae563cd3dd8ede8fc6b519-444519609e60ce05-01\u0022",
        "Strict-Transport-Security": "max-age=31536000; includeSubDomains",
        "Transfer-Encoding": "chunked",
        "Vary": [
          "Accept-Encoding",
          "Accept-Encoding"
        ],
        "x-aml-cluster": "vienna-eastus2euap-02",
        "X-Content-Type-Options": "nosniff",
        "x-ms-correlation-request-id": "ac63d943-e840-43c5-b9f9-a9a2a9f96a68",
        "x-ms-ratelimit-remaining-subscription-reads": "11700",
        "x-ms-response-type": "standard",
        "x-ms-routing-request-id": "WESTUS2:20220929T212613Z:ac63d943-e840-43c5-b9f9-a9a2a9f96a68",
        "x-request-time": "0.087"
      },
      "ResponseBody": {
        "id": "/subscriptions/00000000-0000-0000-0000-000000000/resourceGroups/00000/providers/Microsoft.MachineLearningServices/workspaces/00000/datastores/workspaceblobstore",
        "name": "workspaceblobstore",
        "type": "Microsoft.MachineLearningServices/workspaces/datastores",
        "properties": {
          "description": null,
          "tags": null,
          "properties": null,
          "isDefault": true,
          "credentials": {
            "credentialsType": "AccountKey"
          },
          "datastoreType": "AzureBlob",
          "accountName": "saird7e2z7hlg4y",
          "containerName": "azureml-blobstore-d8f42f37-66eb-4dca-869e-f6357989e03e",
          "endpoint": "core.windows.net",
          "protocol": "https",
          "serviceDataAccessAuthIdentity": "WorkspaceSystemAssignedIdentity"
        },
        "systemData": {
          "createdAt": "2022-09-29T16:11:11.5415325\u002B00:00",
          "createdBy": "779301c0-18b2-4cdc-801b-a0a3368fee0a",
          "createdByType": "Application",
          "lastModifiedAt": "2022-09-29T16:11:12.3528103\u002B00:00",
          "lastModifiedBy": "779301c0-18b2-4cdc-801b-a0a3368fee0a",
          "lastModifiedByType": "Application"
        }
      }
    },
    {
      "RequestUri": "https://management.azure.com/subscriptions/00000000-0000-0000-0000-000000000/resourceGroups/00000/providers/Microsoft.MachineLearningServices/workspaces/00000/datastores/workspaceblobstore/listSecrets?api-version=2022-05-01",
      "RequestMethod": "POST",
      "RequestHeaders": {
        "Accept": "application/json",
        "Accept-Encoding": "gzip, deflate",
        "Connection": "keep-alive",
        "Content-Length": "0",
        "User-Agent": "azure-ai-ml/0.1.0 azsdk-python-mgmt-machinelearningservices/0.1.0 Python/3.8.5 (Windows-10-10.0.19041-SP0)"
      },
      "RequestBody": null,
      "StatusCode": 200,
      "ResponseHeaders": {
        "Cache-Control": "no-cache",
        "Content-Encoding": "gzip",
        "Content-Type": "application/json; charset=utf-8",
        "Date": "Thu, 29 Sep 2022 21:26:13 GMT",
        "Expires": "-1",
        "Pragma": "no-cache",
        "Request-Context": "appId=cid-v1:17d65b70-e9ce-4ed5-9347-1f660ec782e9",
        "Server-Timing": "traceparent;desc=\u002200-cfa6be4e7d1d993cd429945b61119ce5-deeb16b2606bd496-01\u0022",
        "Strict-Transport-Security": "max-age=31536000; includeSubDomains",
        "Transfer-Encoding": "chunked",
        "Vary": "Accept-Encoding",
        "x-aml-cluster": "vienna-eastus2euap-02",
        "X-Content-Type-Options": "nosniff",
        "x-ms-correlation-request-id": "d2f1b469-4426-44e9-a68a-c314012645d2",
        "x-ms-ratelimit-remaining-subscription-writes": "1039",
        "x-ms-response-type": "standard",
        "x-ms-routing-request-id": "WESTUS2:20220929T212613Z:d2f1b469-4426-44e9-a68a-c314012645d2",
        "x-request-time": "0.098"
      },
      "ResponseBody": {
        "secretsType": "AccountKey",
        "key": "dGhpcyBpcyBmYWtlIGtleQ=="
      }
    },
    {
      "RequestUri": "https://saird7e2z7hlg4y.blob.core.windows.net/azureml-blobstore-d8f42f37-66eb-4dca-869e-f6357989e03e/LocalUpload/00000000000000000000000000000000/train_src/train.py",
      "RequestMethod": "HEAD",
      "RequestHeaders": {
        "Accept": "application/xml",
        "Accept-Encoding": "gzip, deflate",
        "Connection": "keep-alive",
        "User-Agent": "azsdk-python-storage-blob/12.9.0 Python/3.8.5 (Windows-10-10.0.19041-SP0)",
        "x-ms-date": "Thu, 29 Sep 2022 21:26:13 GMT",
        "x-ms-version": "2020-10-02"
      },
      "RequestBody": null,
      "StatusCode": 200,
      "ResponseHeaders": {
        "Accept-Ranges": "bytes",
        "Content-Length": "1459",
        "Content-MD5": "AopRoh0TIOT2l3zRkNs9IQ==",
        "Content-Type": "application/octet-stream",
        "Date": "Thu, 29 Sep 2022 21:26:13 GMT",
        "ETag": "\u00220x8DAA251ACBC95B0\u0022",
        "Last-Modified": "Thu, 29 Sep 2022 19:34:50 GMT",
        "Server": [
          "Windows-Azure-Blob/1.0",
          "Microsoft-HTTPAPI/2.0"
        ],
        "Vary": "Origin",
        "x-ms-access-tier": "Hot",
        "x-ms-access-tier-inferred": "true",
        "x-ms-blob-type": "BlockBlob",
        "x-ms-creation-time": "Thu, 29 Sep 2022 19:34:49 GMT",
        "x-ms-lease-state": "available",
        "x-ms-lease-status": "unlocked",
        "x-ms-meta-name": "51e61df3-f33f-42f3-9efd-8c8feadc995f",
        "x-ms-meta-upload_status": "completed",
        "x-ms-meta-version": "1",
        "x-ms-server-encrypted": "true",
        "x-ms-version": "2020-10-02"
      },
      "ResponseBody": null
    },
    {
      "RequestUri": "https://saird7e2z7hlg4y.blob.core.windows.net/azureml-blobstore-d8f42f37-66eb-4dca-869e-f6357989e03e/az-ml-artifacts/00000000000000000000000000000000/train_src/train.py",
      "RequestMethod": "HEAD",
      "RequestHeaders": {
        "Accept": "application/xml",
        "Accept-Encoding": "gzip, deflate",
        "Connection": "keep-alive",
        "User-Agent": "azsdk-python-storage-blob/12.9.0 Python/3.8.5 (Windows-10-10.0.19041-SP0)",
        "x-ms-date": "Thu, 29 Sep 2022 21:26:13 GMT",
        "x-ms-version": "2020-10-02"
      },
      "RequestBody": null,
      "StatusCode": 404,
      "ResponseHeaders": {
        "Date": "Thu, 29 Sep 2022 21:26:13 GMT",
        "Server": [
          "Windows-Azure-Blob/1.0",
          "Microsoft-HTTPAPI/2.0"
        ],
        "Transfer-Encoding": "chunked",
        "Vary": "Origin",
        "x-ms-error-code": "BlobNotFound",
        "x-ms-version": "2020-10-02"
      },
      "ResponseBody": null
    },
    {
      "RequestUri": "https://management.azure.com/subscriptions/00000000-0000-0000-0000-000000000/resourceGroups/00000/providers/Microsoft.MachineLearningServices/workspaces/00000/codes/51e61df3-f33f-42f3-9efd-8c8feadc995f/versions/1?api-version=2022-05-01",
      "RequestMethod": "PUT",
      "RequestHeaders": {
        "Accept": "application/json",
        "Accept-Encoding": "gzip, deflate",
        "Connection": "keep-alive",
        "Content-Length": "298",
        "Content-Type": "application/json",
        "User-Agent": "azure-ai-ml/0.1.0 azsdk-python-mgmt-machinelearningservices/0.1.0 Python/3.8.5 (Windows-10-10.0.19041-SP0)"
      },
      "RequestBody": {
        "properties": {
          "properties": {
            "hash_sha256": "0000000000000",
            "hash_version": "0000000000000"
          },
          "isAnonymous": true,
          "isArchived": false,
          "codeUri": "https://saird7e2z7hlg4y.blob.core.windows.net/azureml-blobstore-d8f42f37-66eb-4dca-869e-f6357989e03e/LocalUpload/00000000000000000000000000000000/train_src"
        }
      },
      "StatusCode": 200,
      "ResponseHeaders": {
        "Cache-Control": "no-cache",
        "Content-Encoding": "gzip",
        "Content-Type": "application/json; charset=utf-8",
        "Date": "Thu, 29 Sep 2022 21:26:13 GMT",
        "Expires": "-1",
        "Pragma": "no-cache",
        "Request-Context": "appId=cid-v1:17d65b70-e9ce-4ed5-9347-1f660ec782e9",
        "Server-Timing": "traceparent;desc=\u002200-f0d576ba1ebb2a3fd82f9ca0bf339404-1a3c21be809d24c8-01\u0022",
        "Strict-Transport-Security": "max-age=31536000; includeSubDomains",
        "Transfer-Encoding": "chunked",
        "Vary": [
          "Accept-Encoding",
          "Accept-Encoding"
        ],
        "x-aml-cluster": "vienna-eastus2euap-02",
        "X-Content-Type-Options": "nosniff",
        "x-ms-correlation-request-id": "6abd89d2-161b-4f96-91b4-d0202cbdebed",
        "x-ms-ratelimit-remaining-subscription-writes": "1007",
        "x-ms-response-type": "standard",
        "x-ms-routing-request-id": "WESTUS2:20220929T212614Z:6abd89d2-161b-4f96-91b4-d0202cbdebed",
        "x-request-time": "0.057"
      },
      "ResponseBody": {
        "id": "/subscriptions/00000000-0000-0000-0000-000000000/resourceGroups/00000/providers/Microsoft.MachineLearningServices/workspaces/00000/codes/51e61df3-f33f-42f3-9efd-8c8feadc995f/versions/1",
        "name": "1",
        "type": "Microsoft.MachineLearningServices/workspaces/codes/versions",
        "properties": {
          "description": null,
          "tags": {},
          "properties": {
            "hash_sha256": "0000000000000",
            "hash_version": "0000000000000"
          },
          "isArchived": false,
          "isAnonymous": false,
          "codeUri": "https://saird7e2z7hlg4y.blob.core.windows.net/azureml-blobstore-d8f42f37-66eb-4dca-869e-f6357989e03e/LocalUpload/00000000000000000000000000000000/train_src"
        },
        "systemData": {
          "createdAt": "2022-09-29T19:34:50.5390519\u002B00:00",
          "createdBy": "Aditi Singhal",
          "createdByType": "User",
          "lastModifiedAt": "2022-09-29T21:26:14.24443\u002B00:00",
          "lastModifiedBy": "Aditi Singhal",
          "lastModifiedByType": "User"
        }
      }
    },
    {
      "RequestUri": "https://management.azure.com/subscriptions/00000000-0000-0000-0000-000000000/resourceGroups/00000/providers/Microsoft.MachineLearningServices/workspaces/00000/components/azureml_anonymous/versions/000000000000000000000?api-version=2022-05-01",
      "RequestMethod": "PUT",
      "RequestHeaders": {
        "Accept": "application/json",
        "Accept-Encoding": "gzip, deflate",
        "Connection": "keep-alive",
        "Content-Length": "1282",
        "Content-Type": "application/json",
        "User-Agent": "azure-ai-ml/0.1.0 azsdk-python-mgmt-machinelearningservices/0.1.0 Python/3.8.5 (Windows-10-10.0.19041-SP0)"
      },
      "RequestBody": {
        "properties": {
          "description": "A dummy training component",
          "properties": {},
          "tags": {},
          "isAnonymous": true,
          "isArchived": false,
          "componentSpec": {
            "command": "python train.py --training_data ${{inputs.training_data}} $[[--max_epochs ${{inputs.max_epochs}}]] --learning_rate ${{inputs.learning_rate}} --learning_rate_schedule ${{inputs.learning_rate_schedule}} --model_output ${{outputs.model_output}}",
            "code": "azureml:/subscriptions/00000000-0000-0000-0000-000000000/resourceGroups/00000/providers/Microsoft.MachineLearningServices/workspaces/00000/codes/51e61df3-f33f-42f3-9efd-8c8feadc995f/versions/1",
            "environment": "azureml:AzureML-sklearn-0.24-ubuntu18.04-py37-cpu:5",
            "name": "azureml_anonymous",
            "description": "A dummy training component",
            "tags": {},
            "version": "000000000000000000000",
            "$schema": "https://azuremlschemas.azureedge.net/latest/commandComponent.schema.json",
            "display_name": "Train Model",
            "is_deterministic": true,
            "inputs": {
              "training_data": {
                "type": "uri_folder"
              },
              "max_epochs": {
                "type": "integer",
                "optional": true
              },
              "learning_rate": {
                "type": "number",
                "default": "0.01"
              },
              "learning_rate_schedule": {
                "type": "string",
                "default": "time-based"
              }
            },
            "outputs": {
              "model_output": {
                "type": "uri_folder"
              }
            },
            "type": "command",
            "_source": "YAML.COMPONENT"
          }
        }
      },
      "StatusCode": 201,
      "ResponseHeaders": {
        "Cache-Control": "no-cache",
        "Content-Length": "2352",
        "Content-Type": "application/json; charset=utf-8",
        "Date": "Thu, 29 Sep 2022 21:26:14 GMT",
        "Expires": "-1",
        "Location": "https://management.azure.com/subscriptions/00000000-0000-0000-0000-000000000/resourceGroups/00000/providers/Microsoft.MachineLearningServices/workspaces/00000/components/azureml_anonymous/versions/000000000000000000000?api-version=2022-05-01",
        "Pragma": "no-cache",
        "Request-Context": "appId=cid-v1:17d65b70-e9ce-4ed5-9347-1f660ec782e9",
        "Server-Timing": "traceparent;desc=\u002200-cd226dcc2cefe7f0704d76436f4e6950-26d20c98f81debb2-01\u0022",
        "Strict-Transport-Security": "max-age=31536000; includeSubDomains",
        "x-aml-cluster": "vienna-eastus2euap-02",
        "X-Content-Type-Options": "nosniff",
        "x-ms-correlation-request-id": "b18e724c-944c-47a3-8042-581b8291efab",
        "x-ms-ratelimit-remaining-subscription-writes": "1006",
        "x-ms-response-type": "standard",
        "x-ms-routing-request-id": "WESTUS2:20220929T212614Z:b18e724c-944c-47a3-8042-581b8291efab",
        "x-request-time": "0.361"
      },
      "ResponseBody": {
        "id": "/subscriptions/00000000-0000-0000-0000-000000000/resourceGroups/00000/providers/Microsoft.MachineLearningServices/workspaces/00000/components/azureml_anonymous/versions/5833cd2f-367d-4b4f-bd9e-ebaaaed82491",
        "name": "5833cd2f-367d-4b4f-bd9e-ebaaaed82491",
        "type": "Microsoft.MachineLearningServices/workspaces/components/versions",
        "properties": {
          "description": null,
          "tags": {},
          "properties": {},
          "isArchived": false,
          "isAnonymous": true,
          "componentSpec": {
            "name": "azureml_anonymous",
            "version": "5833cd2f-367d-4b4f-bd9e-ebaaaed82491",
            "display_name": "Train Model",
            "is_deterministic": "True",
            "type": "command",
            "description": "A dummy training component",
            "inputs": {
              "training_data": {
                "type": "uri_folder",
                "optional": "False"
              },
              "max_epochs": {
                "type": "integer",
                "optional": "True"
              },
              "learning_rate": {
                "type": "number",
                "optional": "False",
                "default": "0.01"
              },
              "learning_rate_schedule": {
                "type": "string",
                "optional": "False",
                "default": "time-based"
              }
            },
            "outputs": {
              "model_output": {
                "type": "uri_folder"
              }
            },
            "code": "azureml:/subscriptions/00000000-0000-0000-0000-000000000/resourceGroups/00000/providers/Microsoft.MachineLearningServices/workspaces/00000/codes/51e61df3-f33f-42f3-9efd-8c8feadc995f/versions/1",
            "environment": "azureml://registries/CuratedRegistry/environments/AzureML-sklearn-0.24-ubuntu18.04-py37-cpu/versions/5",
            "resources": {
              "instance_count": "1"
            },
            "command": "python train.py --training_data ${{inputs.training_data}} $[[--max_epochs ${{inputs.max_epochs}}]] --learning_rate ${{inputs.learning_rate}} --learning_rate_schedule ${{inputs.learning_rate_schedule}} --model_output ${{outputs.model_output}}",
            "$schema": "https://azuremlschemas.azureedge.net/latest/commandComponent.schema.json"
          }
        },
        "systemData": {
          "createdAt": "2022-09-29T19:34:51.3420215\u002B00:00",
          "createdBy": "Aditi Singhal",
          "createdByType": "User",
          "lastModifiedAt": "2022-09-29T19:34:51.5478841\u002B00:00",
          "lastModifiedBy": "Aditi Singhal",
          "lastModifiedByType": "User"
        }
      }
    },
    {
      "RequestUri": "https://management.azure.com/subscriptions/00000000-0000-0000-0000-000000000/resourceGroups/00000/providers/Microsoft.MachineLearningServices/workspaces/00000/datastores/workspaceblobstore?api-version=2022-05-01",
      "RequestMethod": "GET",
      "RequestHeaders": {
        "Accept": "application/json",
        "Accept-Encoding": "gzip, deflate",
        "Connection": "keep-alive",
        "User-Agent": "azure-ai-ml/0.1.0 azsdk-python-mgmt-machinelearningservices/0.1.0 Python/3.8.5 (Windows-10-10.0.19041-SP0)"
      },
      "RequestBody": null,
      "StatusCode": 200,
      "ResponseHeaders": {
        "Cache-Control": "no-cache",
        "Content-Encoding": "gzip",
        "Content-Type": "application/json; charset=utf-8",
        "Date": "Thu, 29 Sep 2022 21:26:14 GMT",
        "Expires": "-1",
        "Pragma": "no-cache",
        "Request-Context": "appId=cid-v1:17d65b70-e9ce-4ed5-9347-1f660ec782e9",
        "Server-Timing": "traceparent;desc=\u002200-006fede3d0fa971eaa39e41b00ce6c9e-ad97124859387d3d-01\u0022",
        "Strict-Transport-Security": "max-age=31536000; includeSubDomains",
        "Transfer-Encoding": "chunked",
        "Vary": [
          "Accept-Encoding",
          "Accept-Encoding"
        ],
        "x-aml-cluster": "vienna-eastus2euap-02",
        "X-Content-Type-Options": "nosniff",
        "x-ms-correlation-request-id": "97cc4de8-d3dc-464f-b1d4-ffcc7a30b513",
        "x-ms-ratelimit-remaining-subscription-reads": "11699",
        "x-ms-response-type": "standard",
        "x-ms-routing-request-id": "WESTUS2:20220929T212615Z:97cc4de8-d3dc-464f-b1d4-ffcc7a30b513",
        "x-request-time": "0.088"
      },
      "ResponseBody": {
        "id": "/subscriptions/00000000-0000-0000-0000-000000000/resourceGroups/00000/providers/Microsoft.MachineLearningServices/workspaces/00000/datastores/workspaceblobstore",
        "name": "workspaceblobstore",
        "type": "Microsoft.MachineLearningServices/workspaces/datastores",
        "properties": {
          "description": null,
          "tags": null,
          "properties": null,
          "isDefault": true,
          "credentials": {
            "credentialsType": "AccountKey"
          },
          "datastoreType": "AzureBlob",
          "accountName": "saird7e2z7hlg4y",
          "containerName": "azureml-blobstore-d8f42f37-66eb-4dca-869e-f6357989e03e",
          "endpoint": "core.windows.net",
          "protocol": "https",
          "serviceDataAccessAuthIdentity": "WorkspaceSystemAssignedIdentity"
        },
        "systemData": {
          "createdAt": "2022-09-29T16:11:11.5415325\u002B00:00",
          "createdBy": "779301c0-18b2-4cdc-801b-a0a3368fee0a",
          "createdByType": "Application",
          "lastModifiedAt": "2022-09-29T16:11:12.3528103\u002B00:00",
          "lastModifiedBy": "779301c0-18b2-4cdc-801b-a0a3368fee0a",
          "lastModifiedByType": "Application"
        }
      }
    },
    {
      "RequestUri": "https://management.azure.com/subscriptions/00000000-0000-0000-0000-000000000/resourceGroups/00000/providers/Microsoft.MachineLearningServices/workspaces/00000/datastores/workspaceblobstore/listSecrets?api-version=2022-05-01",
      "RequestMethod": "POST",
      "RequestHeaders": {
        "Accept": "application/json",
        "Accept-Encoding": "gzip, deflate",
        "Connection": "keep-alive",
        "Content-Length": "0",
        "User-Agent": "azure-ai-ml/0.1.0 azsdk-python-mgmt-machinelearningservices/0.1.0 Python/3.8.5 (Windows-10-10.0.19041-SP0)"
      },
      "RequestBody": null,
      "StatusCode": 200,
      "ResponseHeaders": {
        "Cache-Control": "no-cache",
        "Content-Encoding": "gzip",
        "Content-Type": "application/json; charset=utf-8",
        "Date": "Thu, 29 Sep 2022 21:26:15 GMT",
        "Expires": "-1",
        "Pragma": "no-cache",
        "Request-Context": "appId=cid-v1:17d65b70-e9ce-4ed5-9347-1f660ec782e9",
        "Server-Timing": "traceparent;desc=\u002200-eb4f653ba5642f963fe056ecc67c6030-e2fa4ba381cbf24e-01\u0022",
        "Strict-Transport-Security": "max-age=31536000; includeSubDomains",
        "Transfer-Encoding": "chunked",
        "Vary": "Accept-Encoding",
        "x-aml-cluster": "vienna-eastus2euap-02",
        "X-Content-Type-Options": "nosniff",
        "x-ms-correlation-request-id": "0d0caa47-2dff-487f-b704-7b6c1c3f1bf5",
        "x-ms-ratelimit-remaining-subscription-writes": "1038",
        "x-ms-response-type": "standard",
        "x-ms-routing-request-id": "WESTUS2:20220929T212615Z:0d0caa47-2dff-487f-b704-7b6c1c3f1bf5",
        "x-request-time": "0.103"
      },
      "ResponseBody": {
        "secretsType": "AccountKey",
        "key": "dGhpcyBpcyBmYWtlIGtleQ=="
      }
    },
    {
      "RequestUri": "https://saird7e2z7hlg4y.blob.core.windows.net/azureml-blobstore-d8f42f37-66eb-4dca-869e-f6357989e03e/LocalUpload/00000000000000000000000000000000/score_src/score.py",
      "RequestMethod": "HEAD",
      "RequestHeaders": {
        "Accept": "application/xml",
        "Accept-Encoding": "gzip, deflate",
        "Connection": "keep-alive",
        "User-Agent": "azsdk-python-storage-blob/12.9.0 Python/3.8.5 (Windows-10-10.0.19041-SP0)",
        "x-ms-date": "Thu, 29 Sep 2022 21:26:15 GMT",
        "x-ms-version": "2020-10-02"
      },
      "RequestBody": null,
      "StatusCode": 200,
      "ResponseHeaders": {
        "Accept-Ranges": "bytes",
        "Content-Length": "910",
        "Content-MD5": "\u002B1r7nD6TWo52vxs0R/FCxg==",
        "Content-Type": "application/octet-stream",
        "Date": "Thu, 29 Sep 2022 21:26:15 GMT",
        "ETag": "\u00220x8DAA251AE53DC1C\u0022",
        "Last-Modified": "Thu, 29 Sep 2022 19:34:52 GMT",
        "Server": [
          "Windows-Azure-Blob/1.0",
          "Microsoft-HTTPAPI/2.0"
        ],
        "Vary": "Origin",
        "x-ms-access-tier": "Hot",
        "x-ms-access-tier-inferred": "true",
        "x-ms-blob-type": "BlockBlob",
        "x-ms-creation-time": "Thu, 29 Sep 2022 19:34:52 GMT",
        "x-ms-lease-state": "available",
        "x-ms-lease-status": "unlocked",
        "x-ms-meta-name": "5c838b05-2319-41cd-a378-39a9ab57af32",
        "x-ms-meta-upload_status": "completed",
        "x-ms-meta-version": "1",
        "x-ms-server-encrypted": "true",
        "x-ms-version": "2020-10-02"
      },
      "ResponseBody": null
    },
    {
      "RequestUri": "https://saird7e2z7hlg4y.blob.core.windows.net/azureml-blobstore-d8f42f37-66eb-4dca-869e-f6357989e03e/az-ml-artifacts/00000000000000000000000000000000/score_src/score.py",
      "RequestMethod": "HEAD",
      "RequestHeaders": {
        "Accept": "application/xml",
        "Accept-Encoding": "gzip, deflate",
        "Connection": "keep-alive",
        "User-Agent": "azsdk-python-storage-blob/12.9.0 Python/3.8.5 (Windows-10-10.0.19041-SP0)",
        "x-ms-date": "Thu, 29 Sep 2022 21:26:15 GMT",
        "x-ms-version": "2020-10-02"
      },
      "RequestBody": null,
      "StatusCode": 404,
      "ResponseHeaders": {
        "Date": "Thu, 29 Sep 2022 21:26:15 GMT",
        "Server": [
          "Windows-Azure-Blob/1.0",
          "Microsoft-HTTPAPI/2.0"
        ],
        "Transfer-Encoding": "chunked",
        "Vary": "Origin",
        "x-ms-error-code": "BlobNotFound",
        "x-ms-version": "2020-10-02"
      },
      "ResponseBody": null
    },
    {
      "RequestUri": "https://management.azure.com/subscriptions/00000000-0000-0000-0000-000000000/resourceGroups/00000/providers/Microsoft.MachineLearningServices/workspaces/00000/codes/5c838b05-2319-41cd-a378-39a9ab57af32/versions/1?api-version=2022-05-01",
      "RequestMethod": "PUT",
      "RequestHeaders": {
        "Accept": "application/json",
        "Accept-Encoding": "gzip, deflate",
        "Connection": "keep-alive",
        "Content-Length": "298",
        "Content-Type": "application/json",
        "User-Agent": "azure-ai-ml/0.1.0 azsdk-python-mgmt-machinelearningservices/0.1.0 Python/3.8.5 (Windows-10-10.0.19041-SP0)"
      },
      "RequestBody": {
        "properties": {
          "properties": {
            "hash_sha256": "0000000000000",
            "hash_version": "0000000000000"
          },
          "isAnonymous": true,
          "isArchived": false,
          "codeUri": "https://saird7e2z7hlg4y.blob.core.windows.net/azureml-blobstore-d8f42f37-66eb-4dca-869e-f6357989e03e/LocalUpload/00000000000000000000000000000000/score_src"
        }
      },
      "StatusCode": 200,
      "ResponseHeaders": {
        "Cache-Control": "no-cache",
        "Content-Encoding": "gzip",
        "Content-Type": "application/json; charset=utf-8",
        "Date": "Thu, 29 Sep 2022 21:26:16 GMT",
        "Expires": "-1",
        "Pragma": "no-cache",
        "Request-Context": "appId=cid-v1:17d65b70-e9ce-4ed5-9347-1f660ec782e9",
        "Server-Timing": "traceparent;desc=\u002200-744a52dae8df8737ccb77a954db9c29d-22504816ac84f165-01\u0022",
        "Strict-Transport-Security": "max-age=31536000; includeSubDomains",
        "Transfer-Encoding": "chunked",
        "Vary": [
          "Accept-Encoding",
          "Accept-Encoding"
        ],
        "x-aml-cluster": "vienna-eastus2euap-02",
        "X-Content-Type-Options": "nosniff",
        "x-ms-correlation-request-id": "6b9ee85a-3a66-452a-b0d5-d123b81236e5",
        "x-ms-ratelimit-remaining-subscription-writes": "1005",
        "x-ms-response-type": "standard",
        "x-ms-routing-request-id": "WESTUS2:20220929T212616Z:6b9ee85a-3a66-452a-b0d5-d123b81236e5",
        "x-request-time": "0.066"
      },
      "ResponseBody": {
        "id": "/subscriptions/00000000-0000-0000-0000-000000000/resourceGroups/00000/providers/Microsoft.MachineLearningServices/workspaces/00000/codes/5c838b05-2319-41cd-a378-39a9ab57af32/versions/1",
        "name": "1",
        "type": "Microsoft.MachineLearningServices/workspaces/codes/versions",
        "properties": {
          "description": null,
          "tags": {},
          "properties": {
            "hash_sha256": "0000000000000",
            "hash_version": "0000000000000"
          },
          "isArchived": false,
          "isAnonymous": false,
          "codeUri": "https://saird7e2z7hlg4y.blob.core.windows.net/azureml-blobstore-d8f42f37-66eb-4dca-869e-f6357989e03e/LocalUpload/00000000000000000000000000000000/score_src"
        },
        "systemData": {
          "createdAt": "2022-09-29T19:34:53.1787028\u002B00:00",
          "createdBy": "Aditi Singhal",
          "createdByType": "User",
          "lastModifiedAt": "2022-09-29T21:26:16.4680659\u002B00:00",
          "lastModifiedBy": "Aditi Singhal",
          "lastModifiedByType": "User"
        }
      }
    },
    {
      "RequestUri": "https://management.azure.com/subscriptions/00000000-0000-0000-0000-000000000/resourceGroups/00000/providers/Microsoft.MachineLearningServices/workspaces/00000/components/azureml_anonymous/versions/000000000000000000000?api-version=2022-05-01",
      "RequestMethod": "PUT",
      "RequestHeaders": {
        "Accept": "application/json",
        "Accept-Encoding": "gzip, deflate",
        "Connection": "keep-alive",
        "Content-Length": "1021",
        "Content-Type": "application/json",
        "User-Agent": "azure-ai-ml/0.1.0 azsdk-python-mgmt-machinelearningservices/0.1.0 Python/3.8.5 (Windows-10-10.0.19041-SP0)"
      },
      "RequestBody": {
        "properties": {
          "description": "A dummy scoring component",
          "properties": {},
          "tags": {},
          "isAnonymous": true,
          "isArchived": false,
          "componentSpec": {
            "command": "python score.py --model_input ${{inputs.model_input}} --test_data ${{inputs.test_data}} --score_output ${{outputs.score_output}}",
            "code": "azureml:/subscriptions/00000000-0000-0000-0000-000000000/resourceGroups/00000/providers/Microsoft.MachineLearningServices/workspaces/00000/codes/5c838b05-2319-41cd-a378-39a9ab57af32/versions/1",
            "environment": "azureml:AzureML-sklearn-0.24-ubuntu18.04-py37-cpu:5",
            "name": "azureml_anonymous",
            "description": "A dummy scoring component",
            "tags": {},
            "version": "000000000000000000000",
            "$schema": "https://azuremlschemas.azureedge.net/latest/commandComponent.schema.json",
            "display_name": "Score Data",
            "is_deterministic": true,
            "inputs": {
              "model_input": {
                "type": "uri_folder"
              },
              "test_data": {
                "type": "uri_folder"
              }
            },
            "outputs": {
              "score_output": {
                "type": "uri_folder"
              }
            },
            "type": "command",
            "_source": "YAML.COMPONENT"
          }
        }
      },
      "StatusCode": 201,
      "ResponseHeaders": {
        "Cache-Control": "no-cache",
        "Content-Length": "1973",
        "Content-Type": "application/json; charset=utf-8",
        "Date": "Thu, 29 Sep 2022 21:26:16 GMT",
        "Expires": "-1",
        "Location": "https://management.azure.com/subscriptions/00000000-0000-0000-0000-000000000/resourceGroups/00000/providers/Microsoft.MachineLearningServices/workspaces/00000/components/azureml_anonymous/versions/000000000000000000000?api-version=2022-05-01",
        "Pragma": "no-cache",
        "Request-Context": "appId=cid-v1:17d65b70-e9ce-4ed5-9347-1f660ec782e9",
        "Server-Timing": "traceparent;desc=\u002200-3c3128c6f92832131dd99d5b0be6484b-c9dc26cc6ae735b6-01\u0022",
        "Strict-Transport-Security": "max-age=31536000; includeSubDomains",
        "x-aml-cluster": "vienna-eastus2euap-02",
        "X-Content-Type-Options": "nosniff",
        "x-ms-correlation-request-id": "32e41cfb-ed04-43af-9a7a-c6f106272eb9",
        "x-ms-ratelimit-remaining-subscription-writes": "1004",
        "x-ms-response-type": "standard",
        "x-ms-routing-request-id": "WESTUS2:20220929T212617Z:32e41cfb-ed04-43af-9a7a-c6f106272eb9",
        "x-request-time": "0.351"
      },
      "ResponseBody": {
        "id": "/subscriptions/00000000-0000-0000-0000-000000000/resourceGroups/00000/providers/Microsoft.MachineLearningServices/workspaces/00000/components/azureml_anonymous/versions/ac0ddc5b-4eba-4ad6-84f9-7970c27062b5",
        "name": "ac0ddc5b-4eba-4ad6-84f9-7970c27062b5",
        "type": "Microsoft.MachineLearningServices/workspaces/components/versions",
        "properties": {
          "description": null,
          "tags": {},
          "properties": {},
          "isArchived": false,
          "isAnonymous": true,
          "componentSpec": {
            "name": "azureml_anonymous",
            "version": "ac0ddc5b-4eba-4ad6-84f9-7970c27062b5",
            "display_name": "Score Data",
            "is_deterministic": "True",
            "type": "command",
            "description": "A dummy scoring component",
            "inputs": {
              "model_input": {
                "type": "uri_folder",
                "optional": "False"
              },
              "test_data": {
                "type": "uri_folder",
                "optional": "False"
              }
            },
            "outputs": {
              "score_output": {
                "type": "uri_folder"
              }
            },
            "code": "azureml:/subscriptions/00000000-0000-0000-0000-000000000/resourceGroups/00000/providers/Microsoft.MachineLearningServices/workspaces/00000/codes/5c838b05-2319-41cd-a378-39a9ab57af32/versions/1",
            "environment": "azureml://registries/CuratedRegistry/environments/AzureML-sklearn-0.24-ubuntu18.04-py37-cpu/versions/5",
            "resources": {
              "instance_count": "1"
            },
            "command": "python score.py --model_input ${{inputs.model_input}} --test_data ${{inputs.test_data}} --score_output ${{outputs.score_output}}",
            "$schema": "https://azuremlschemas.azureedge.net/latest/commandComponent.schema.json"
          }
        },
        "systemData": {
          "createdAt": "2022-09-29T19:34:53.8884515\u002B00:00",
          "createdBy": "Aditi Singhal",
          "createdByType": "User",
          "lastModifiedAt": "2022-09-29T19:34:54.0495939\u002B00:00",
          "lastModifiedBy": "Aditi Singhal",
          "lastModifiedByType": "User"
        }
      }
    },
    {
      "RequestUri": "https://management.azure.com/subscriptions/00000000-0000-0000-0000-000000000/resourceGroups/00000/providers/Microsoft.MachineLearningServices/workspaces/00000/datastores/workspaceblobstore?api-version=2022-05-01",
      "RequestMethod": "GET",
      "RequestHeaders": {
        "Accept": "application/json",
        "Accept-Encoding": "gzip, deflate",
        "Connection": "keep-alive",
        "User-Agent": "azure-ai-ml/0.1.0 azsdk-python-mgmt-machinelearningservices/0.1.0 Python/3.8.5 (Windows-10-10.0.19041-SP0)"
      },
      "RequestBody": null,
      "StatusCode": 200,
      "ResponseHeaders": {
        "Cache-Control": "no-cache",
        "Content-Encoding": "gzip",
        "Content-Type": "application/json; charset=utf-8",
        "Date": "Thu, 29 Sep 2022 21:26:17 GMT",
        "Expires": "-1",
        "Pragma": "no-cache",
        "Request-Context": "appId=cid-v1:17d65b70-e9ce-4ed5-9347-1f660ec782e9",
        "Server-Timing": "traceparent;desc=\u002200-e7a47f9f59507f289ed8410d3a418c7a-218c72c1ab2489a2-01\u0022",
        "Strict-Transport-Security": "max-age=31536000; includeSubDomains",
        "Transfer-Encoding": "chunked",
        "Vary": [
          "Accept-Encoding",
          "Accept-Encoding"
        ],
        "x-aml-cluster": "vienna-eastus2euap-02",
        "X-Content-Type-Options": "nosniff",
        "x-ms-correlation-request-id": "c2abfefa-b663-4fe5-8004-d2ec05a70b79",
        "x-ms-ratelimit-remaining-subscription-reads": "11698",
        "x-ms-response-type": "standard",
        "x-ms-routing-request-id": "WESTUS2:20220929T212617Z:c2abfefa-b663-4fe5-8004-d2ec05a70b79",
        "x-request-time": "0.088"
      },
      "ResponseBody": {
        "id": "/subscriptions/00000000-0000-0000-0000-000000000/resourceGroups/00000/providers/Microsoft.MachineLearningServices/workspaces/00000/datastores/workspaceblobstore",
        "name": "workspaceblobstore",
        "type": "Microsoft.MachineLearningServices/workspaces/datastores",
        "properties": {
          "description": null,
          "tags": null,
          "properties": null,
          "isDefault": true,
          "credentials": {
            "credentialsType": "AccountKey"
          },
          "datastoreType": "AzureBlob",
          "accountName": "saird7e2z7hlg4y",
          "containerName": "azureml-blobstore-d8f42f37-66eb-4dca-869e-f6357989e03e",
          "endpoint": "core.windows.net",
          "protocol": "https",
          "serviceDataAccessAuthIdentity": "WorkspaceSystemAssignedIdentity"
        },
        "systemData": {
          "createdAt": "2022-09-29T16:11:11.5415325\u002B00:00",
          "createdBy": "779301c0-18b2-4cdc-801b-a0a3368fee0a",
          "createdByType": "Application",
          "lastModifiedAt": "2022-09-29T16:11:12.3528103\u002B00:00",
          "lastModifiedBy": "779301c0-18b2-4cdc-801b-a0a3368fee0a",
          "lastModifiedByType": "Application"
        }
      }
    },
    {
      "RequestUri": "https://management.azure.com/subscriptions/00000000-0000-0000-0000-000000000/resourceGroups/00000/providers/Microsoft.MachineLearningServices/workspaces/00000/datastores/workspaceblobstore/listSecrets?api-version=2022-05-01",
      "RequestMethod": "POST",
      "RequestHeaders": {
        "Accept": "application/json",
        "Accept-Encoding": "gzip, deflate",
        "Connection": "keep-alive",
        "Content-Length": "0",
        "User-Agent": "azure-ai-ml/0.1.0 azsdk-python-mgmt-machinelearningservices/0.1.0 Python/3.8.5 (Windows-10-10.0.19041-SP0)"
      },
      "RequestBody": null,
      "StatusCode": 200,
      "ResponseHeaders": {
        "Cache-Control": "no-cache",
        "Content-Encoding": "gzip",
        "Content-Type": "application/json; charset=utf-8",
        "Date": "Thu, 29 Sep 2022 21:26:17 GMT",
        "Expires": "-1",
        "Pragma": "no-cache",
        "Request-Context": "appId=cid-v1:17d65b70-e9ce-4ed5-9347-1f660ec782e9",
        "Server-Timing": "traceparent;desc=\u002200-99862f7744f758938b5e4025bc55bb04-cee5219a3bb1fc4f-01\u0022",
        "Strict-Transport-Security": "max-age=31536000; includeSubDomains",
        "Transfer-Encoding": "chunked",
        "Vary": "Accept-Encoding",
        "x-aml-cluster": "vienna-eastus2euap-02",
        "X-Content-Type-Options": "nosniff",
        "x-ms-correlation-request-id": "2d21bd4e-d59f-42b5-97b8-1dc8f2d67ce3",
        "x-ms-ratelimit-remaining-subscription-writes": "1037",
        "x-ms-response-type": "standard",
        "x-ms-routing-request-id": "WESTUS2:20220929T212618Z:2d21bd4e-d59f-42b5-97b8-1dc8f2d67ce3",
        "x-request-time": "0.098"
      },
      "ResponseBody": {
        "secretsType": "AccountKey",
        "key": "dGhpcyBpcyBmYWtlIGtleQ=="
      }
    },
    {
      "RequestUri": "https://saird7e2z7hlg4y.blob.core.windows.net/azureml-blobstore-d8f42f37-66eb-4dca-869e-f6357989e03e/LocalUpload/00000000000000000000000000000000/eval_src/eval.py",
      "RequestMethod": "HEAD",
      "RequestHeaders": {
        "Accept": "application/xml",
        "Accept-Encoding": "gzip, deflate",
        "Connection": "keep-alive",
        "User-Agent": "azsdk-python-storage-blob/12.9.0 Python/3.8.5 (Windows-10-10.0.19041-SP0)",
        "x-ms-date": "Thu, 29 Sep 2022 21:26:18 GMT",
        "x-ms-version": "2020-10-02"
      },
      "RequestBody": null,
      "StatusCode": 200,
      "ResponseHeaders": {
        "Accept-Ranges": "bytes",
        "Content-Length": "770",
        "Content-MD5": "eVnVLloYfT16aDnyQ2oJnQ==",
        "Content-Type": "application/octet-stream",
        "Date": "Thu, 29 Sep 2022 21:26:17 GMT",
        "ETag": "\u00220x8DAA251AFD0BEE7\u0022",
        "Last-Modified": "Thu, 29 Sep 2022 19:34:55 GMT",
        "Server": [
          "Windows-Azure-Blob/1.0",
          "Microsoft-HTTPAPI/2.0"
        ],
        "Vary": "Origin",
        "x-ms-access-tier": "Hot",
        "x-ms-access-tier-inferred": "true",
        "x-ms-blob-type": "BlockBlob",
        "x-ms-creation-time": "Thu, 29 Sep 2022 19:34:55 GMT",
        "x-ms-lease-state": "available",
        "x-ms-lease-status": "unlocked",
        "x-ms-meta-name": "1b9e09b7-c5dc-4d00-8d87-555cbbbbbdb3",
        "x-ms-meta-upload_status": "completed",
        "x-ms-meta-version": "1",
        "x-ms-server-encrypted": "true",
        "x-ms-version": "2020-10-02"
      },
      "ResponseBody": null
    },
    {
      "RequestUri": "https://saird7e2z7hlg4y.blob.core.windows.net/azureml-blobstore-d8f42f37-66eb-4dca-869e-f6357989e03e/az-ml-artifacts/00000000000000000000000000000000/eval_src/eval.py",
      "RequestMethod": "HEAD",
      "RequestHeaders": {
        "Accept": "application/xml",
        "Accept-Encoding": "gzip, deflate",
        "Connection": "keep-alive",
        "User-Agent": "azsdk-python-storage-blob/12.9.0 Python/3.8.5 (Windows-10-10.0.19041-SP0)",
        "x-ms-date": "Thu, 29 Sep 2022 21:26:18 GMT",
        "x-ms-version": "2020-10-02"
      },
      "RequestBody": null,
      "StatusCode": 404,
      "ResponseHeaders": {
        "Date": "Thu, 29 Sep 2022 21:26:17 GMT",
        "Server": [
          "Windows-Azure-Blob/1.0",
          "Microsoft-HTTPAPI/2.0"
        ],
        "Transfer-Encoding": "chunked",
        "Vary": "Origin",
        "x-ms-error-code": "BlobNotFound",
        "x-ms-version": "2020-10-02"
      },
      "ResponseBody": null
    },
    {
      "RequestUri": "https://management.azure.com/subscriptions/00000000-0000-0000-0000-000000000/resourceGroups/00000/providers/Microsoft.MachineLearningServices/workspaces/00000/codes/1b9e09b7-c5dc-4d00-8d87-555cbbbbbdb3/versions/1?api-version=2022-05-01",
      "RequestMethod": "PUT",
      "RequestHeaders": {
        "Accept": "application/json",
        "Accept-Encoding": "gzip, deflate",
        "Connection": "keep-alive",
        "Content-Length": "297",
        "Content-Type": "application/json",
        "User-Agent": "azure-ai-ml/0.1.0 azsdk-python-mgmt-machinelearningservices/0.1.0 Python/3.8.5 (Windows-10-10.0.19041-SP0)"
      },
      "RequestBody": {
        "properties": {
          "properties": {
            "hash_sha256": "0000000000000",
            "hash_version": "0000000000000"
          },
          "isAnonymous": true,
          "isArchived": false,
          "codeUri": "https://saird7e2z7hlg4y.blob.core.windows.net/azureml-blobstore-d8f42f37-66eb-4dca-869e-f6357989e03e/LocalUpload/00000000000000000000000000000000/eval_src"
        }
      },
      "StatusCode": 200,
      "ResponseHeaders": {
        "Cache-Control": "no-cache",
        "Content-Encoding": "gzip",
        "Content-Type": "application/json; charset=utf-8",
        "Date": "Thu, 29 Sep 2022 21:26:18 GMT",
        "Expires": "-1",
        "Pragma": "no-cache",
        "Request-Context": "appId=cid-v1:17d65b70-e9ce-4ed5-9347-1f660ec782e9",
        "Server-Timing": "traceparent;desc=\u002200-38946914bb3a070334cc920884e2d666-20221077415375fd-01\u0022",
        "Strict-Transport-Security": "max-age=31536000; includeSubDomains",
        "Transfer-Encoding": "chunked",
        "Vary": [
          "Accept-Encoding",
          "Accept-Encoding"
        ],
        "x-aml-cluster": "vienna-eastus2euap-02",
        "X-Content-Type-Options": "nosniff",
        "x-ms-correlation-request-id": "a0e2c245-0ce3-4baa-a81c-a0c7e843cbcf",
        "x-ms-ratelimit-remaining-subscription-writes": "1003",
        "x-ms-response-type": "standard",
        "x-ms-routing-request-id": "WESTUS2:20220929T212618Z:a0e2c245-0ce3-4baa-a81c-a0c7e843cbcf",
        "x-request-time": "0.063"
      },
      "ResponseBody": {
        "id": "/subscriptions/00000000-0000-0000-0000-000000000/resourceGroups/00000/providers/Microsoft.MachineLearningServices/workspaces/00000/codes/1b9e09b7-c5dc-4d00-8d87-555cbbbbbdb3/versions/1",
        "name": "1",
        "type": "Microsoft.MachineLearningServices/workspaces/codes/versions",
        "properties": {
          "description": null,
          "tags": {},
          "properties": {
            "hash_sha256": "0000000000000",
            "hash_version": "0000000000000"
          },
          "isArchived": false,
          "isAnonymous": false,
          "codeUri": "https://saird7e2z7hlg4y.blob.core.windows.net/azureml-blobstore-d8f42f37-66eb-4dca-869e-f6357989e03e/LocalUpload/00000000000000000000000000000000/eval_src"
        },
        "systemData": {
          "createdAt": "2022-09-29T19:34:55.5211911\u002B00:00",
          "createdBy": "Aditi Singhal",
          "createdByType": "User",
          "lastModifiedAt": "2022-09-29T21:26:18.8773833\u002B00:00",
          "lastModifiedBy": "Aditi Singhal",
          "lastModifiedByType": "User"
        }
      }
    },
    {
      "RequestUri": "https://management.azure.com/subscriptions/00000000-0000-0000-0000-000000000/resourceGroups/00000/providers/Microsoft.MachineLearningServices/workspaces/00000/components/azureml_anonymous/versions/000000000000000000000?api-version=2022-05-01",
      "RequestMethod": "PUT",
      "RequestHeaders": {
        "Accept": "application/json",
        "Accept-Encoding": "gzip, deflate",
        "Connection": "keep-alive",
        "Content-Length": "957",
        "Content-Type": "application/json",
        "User-Agent": "azure-ai-ml/0.1.0 azsdk-python-mgmt-machinelearningservices/0.1.0 Python/3.8.5 (Windows-10-10.0.19041-SP0)"
      },
      "RequestBody": {
        "properties": {
          "description": "A dummy evaluate component",
          "properties": {},
          "tags": {},
          "isAnonymous": true,
          "isArchived": false,
          "componentSpec": {
            "command": "python eval.py --scoring_result ${{inputs.scoring_result}} --eval_output ${{outputs.eval_output}}",
            "code": "azureml:/subscriptions/00000000-0000-0000-0000-000000000/resourceGroups/00000/providers/Microsoft.MachineLearningServices/workspaces/00000/codes/1b9e09b7-c5dc-4d00-8d87-555cbbbbbdb3/versions/1",
            "environment": "azureml:AzureML-sklearn-0.24-ubuntu18.04-py37-cpu:5",
            "name": "azureml_anonymous",
            "description": "A dummy evaluate component",
            "tags": {},
            "version": "000000000000000000000",
            "$schema": "https://azuremlschemas.azureedge.net/latest/commandComponent.schema.json",
            "display_name": "Eval Model",
            "is_deterministic": true,
            "inputs": {
              "scoring_result": {
                "type": "uri_folder"
              }
            },
            "outputs": {
              "eval_output": {
                "type": "uri_folder"
              }
            },
            "type": "command",
            "_source": "YAML.COMPONENT"
          }
        }
      },
      "StatusCode": 201,
      "ResponseHeaders": {
        "Cache-Control": "no-cache",
        "Content-Length": "1849",
        "Content-Type": "application/json; charset=utf-8",
        "Date": "Thu, 29 Sep 2022 21:26:19 GMT",
        "Expires": "-1",
        "Location": "https://management.azure.com/subscriptions/00000000-0000-0000-0000-000000000/resourceGroups/00000/providers/Microsoft.MachineLearningServices/workspaces/00000/components/azureml_anonymous/versions/000000000000000000000?api-version=2022-05-01",
        "Pragma": "no-cache",
        "Request-Context": "appId=cid-v1:17d65b70-e9ce-4ed5-9347-1f660ec782e9",
        "Server-Timing": "traceparent;desc=\u002200-0bf2412ea4ea4de10a5004058e72d1fb-aa7cf972347b5a77-01\u0022",
        "Strict-Transport-Security": "max-age=31536000; includeSubDomains",
        "x-aml-cluster": "vienna-eastus2euap-02",
        "X-Content-Type-Options": "nosniff",
        "x-ms-correlation-request-id": "ee45a10d-e679-42bd-ac35-f56f3337e144",
        "x-ms-ratelimit-remaining-subscription-writes": "1002",
        "x-ms-response-type": "standard",
        "x-ms-routing-request-id": "WESTUS2:20220929T212619Z:ee45a10d-e679-42bd-ac35-f56f3337e144",
        "x-request-time": "0.339"
      },
      "ResponseBody": {
        "id": "/subscriptions/00000000-0000-0000-0000-000000000/resourceGroups/00000/providers/Microsoft.MachineLearningServices/workspaces/00000/components/azureml_anonymous/versions/0c64af4b-c5c2-4124-9d9b-25cececdb538",
        "name": "0c64af4b-c5c2-4124-9d9b-25cececdb538",
        "type": "Microsoft.MachineLearningServices/workspaces/components/versions",
        "properties": {
          "description": null,
          "tags": {},
          "properties": {},
          "isArchived": false,
          "isAnonymous": true,
          "componentSpec": {
            "name": "azureml_anonymous",
            "version": "0c64af4b-c5c2-4124-9d9b-25cececdb538",
            "display_name": "Eval Model",
            "is_deterministic": "True",
            "type": "command",
            "description": "A dummy evaluate component",
            "inputs": {
              "scoring_result": {
                "type": "uri_folder",
                "optional": "False"
              }
            },
            "outputs": {
              "eval_output": {
                "type": "uri_folder"
              }
            },
            "code": "azureml:/subscriptions/00000000-0000-0000-0000-000000000/resourceGroups/00000/providers/Microsoft.MachineLearningServices/workspaces/00000/codes/1b9e09b7-c5dc-4d00-8d87-555cbbbbbdb3/versions/1",
            "environment": "azureml://registries/CuratedRegistry/environments/AzureML-sklearn-0.24-ubuntu18.04-py37-cpu/versions/5",
            "resources": {
              "instance_count": "1"
            },
            "command": "python eval.py --scoring_result ${{inputs.scoring_result}} --eval_output ${{outputs.eval_output}}",
            "$schema": "https://azuremlschemas.azureedge.net/latest/commandComponent.schema.json"
          }
        },
        "systemData": {
          "createdAt": "2022-09-29T19:34:56.3166031\u002B00:00",
          "createdBy": "Aditi Singhal",
          "createdByType": "User",
          "lastModifiedAt": "2022-09-29T19:34:56.4830187\u002B00:00",
          "lastModifiedBy": "Aditi Singhal",
          "lastModifiedByType": "User"
        }
      }
    },
    {
      "RequestUri": "https://management.azure.com/subscriptions/00000000-0000-0000-0000-000000000/resourceGroups/00000/providers/Microsoft.MachineLearningServices/workspaces/00000/components/azureml_anonymous/versions/000000000000000000000?api-version=2022-05-01",
      "RequestMethod": "PUT",
      "RequestHeaders": {
        "Accept": "application/json",
        "Accept-Encoding": "gzip, deflate",
        "Connection": "keep-alive",
        "Content-Length": "3240",
        "Content-Type": "application/json",
        "User-Agent": "azure-ai-ml/0.1.0 azsdk-python-mgmt-machinelearningservices/0.1.0 Python/3.8.5 (Windows-10-10.0.19041-SP0)"
      },
      "RequestBody": {
        "properties": {
          "description": "Dummy train-score-eval pipeline component with local components",
          "properties": {},
          "tags": {},
          "isAnonymous": true,
          "isArchived": false,
          "componentSpec": {
            "name": "azureml_anonymous",
            "description": "Dummy train-score-eval pipeline component with local components",
            "tags": {},
            "version": "000000000000000000000",
            "$schema": "https://azuremlschemas.azureedge.net/latest/pipelineComponent.schema.json",
            "display_name": "train_pipeline_component",
            "inputs": {
              "training_data": {
                "type": "uri_folder"
              },
              "test_data": {
                "type": "uri_folder"
              },
              "training_max_epocs": {
                "type": "integer",
                "optional": true
              },
              "training_learning_rate": {
                "type": "integer",
                "default": "1"
              },
              "learning_rate_schedule": {
                "type": "string",
                "default": "time-based"
              }
            },
            "outputs": {
              "trained_model": {
                "type": "uri_folder"
              },
              "evaluation_report": {
                "type": "uri_folder"
              }
            },
            "type": "pipeline",
            "jobs": {
              "train_job": {
                "resources": null,
                "distribution": null,
                "limits": null,
                "environment_variables": {},
                "name": null,
                "type": "command",
                "display_name": null,
                "tags": {},
                "computeId": null,
                "inputs": {
                  "training_data": {
                    "job_input_type": "literal",
                    "value": "${{parent.inputs.training_data}}"
                  },
                  "learning_rate": {
                    "job_input_type": "literal",
                    "value": "${{parent.inputs.training_learning_rate}}"
                  },
                  "learning_rate_schedule": {
                    "job_input_type": "literal",
                    "value": "${{parent.inputs.learning_rate_schedule}}"
                  }
                },
                "outputs": {
                  "model_output": {
                    "value": "${{parent.outputs.trained_model}}",
                    "type": "literal"
                  }
                },
                "properties": {},
                "_source": "YAML.COMPONENT",
                "componentId": "/subscriptions/00000000-0000-0000-0000-000000000/resourceGroups/00000/providers/Microsoft.MachineLearningServices/workspaces/00000/components/azureml_anonymous/versions/5833cd2f-367d-4b4f-bd9e-ebaaaed82491"
              },
              "score_job": {
                "resources": null,
                "distribution": null,
                "limits": null,
                "environment_variables": {},
                "name": null,
                "type": "command",
                "display_name": null,
                "tags": {},
                "computeId": null,
                "inputs": {
                  "model_input": {
                    "job_input_type": "literal",
                    "value": "${{parent.jobs.train_job.outputs.model_output}}"
                  },
                  "test_data": {
                    "job_input_type": "literal",
                    "value": "${{parent.inputs.test_data}}"
                  }
                },
                "outputs": {
                  "score_output": {
                    "mode": "Upload",
                    "job_output_type": "uri_folder"
                  }
                },
                "properties": {},
                "_source": "YAML.COMPONENT",
                "componentId": "/subscriptions/00000000-0000-0000-0000-000000000/resourceGroups/00000/providers/Microsoft.MachineLearningServices/workspaces/00000/components/azureml_anonymous/versions/ac0ddc5b-4eba-4ad6-84f9-7970c27062b5"
              },
              "evaluate_job": {
                "resources": null,
                "distribution": null,
                "limits": null,
                "environment_variables": {},
                "name": null,
                "type": "command",
                "display_name": null,
                "tags": {},
                "computeId": null,
                "inputs": {
                  "scoring_result": {
                    "job_input_type": "literal",
                    "value": "${{parent.jobs.score_job.outputs.score_output}}"
                  }
                },
                "outputs": {
                  "eval_output": {
                    "value": "${{parent.outputs.evaluation_report}}",
                    "type": "literal"
                  }
                },
                "properties": {},
                "_source": "YAML.COMPONENT",
                "componentId": "/subscriptions/00000000-0000-0000-0000-000000000/resourceGroups/00000/providers/Microsoft.MachineLearningServices/workspaces/00000/components/azureml_anonymous/versions/0c64af4b-c5c2-4124-9d9b-25cececdb538"
              }
            },
            "_source": "YAML.COMPONENT",
            "sourceJobId": null
          }
        }
      },
      "StatusCode": 201,
      "ResponseHeaders": {
        "Cache-Control": "no-cache",
        "Content-Length": "1930",
        "Content-Type": "application/json; charset=utf-8",
        "Date": "Thu, 29 Sep 2022 21:26:21 GMT",
        "Expires": "-1",
        "Location": "https://management.azure.com/subscriptions/00000000-0000-0000-0000-000000000/resourceGroups/00000/providers/Microsoft.MachineLearningServices/workspaces/00000/components/azureml_anonymous/versions/000000000000000000000?api-version=2022-05-01",
        "Pragma": "no-cache",
        "Request-Context": "appId=cid-v1:17d65b70-e9ce-4ed5-9347-1f660ec782e9",
        "Server-Timing": "traceparent;desc=\u002200-94a61673d1a96e003e536273a4b9ea46-e32f5e6b125947cb-01\u0022",
        "Strict-Transport-Security": "max-age=31536000; includeSubDomains",
        "x-aml-cluster": "vienna-eastus2euap-02",
        "X-Content-Type-Options": "nosniff",
        "x-ms-correlation-request-id": "0b523b73-2843-401c-86a1-c0be53cc3593",
        "x-ms-ratelimit-remaining-subscription-writes": "1001",
        "x-ms-response-type": "standard",
        "x-ms-routing-request-id": "WESTUS2:20220929T212621Z:0b523b73-2843-401c-86a1-c0be53cc3593",
        "x-request-time": "1.245"
      },
      "ResponseBody": {
        "id": "/subscriptions/00000000-0000-0000-0000-000000000/resourceGroups/00000/providers/Microsoft.MachineLearningServices/workspaces/00000/components/azureml_anonymous/versions/83be60f2-0860-4a0a-ab65-30cc69a61540",
        "name": "83be60f2-0860-4a0a-ab65-30cc69a61540",
        "type": "Microsoft.MachineLearningServices/workspaces/components/versions",
        "properties": {
          "description": null,
          "tags": {},
          "properties": {},
          "isArchived": false,
          "isAnonymous": true,
          "componentSpec": {
            "name": "azureml_anonymous",
            "version": "83be60f2-0860-4a0a-ab65-30cc69a61540",
            "display_name": "train_pipeline_component",
            "is_deterministic": "True",
            "type": "pipeline",
            "description": "Dummy train-score-eval pipeline component with local components",
            "inputs": {
              "training_data": {
                "type": "uri_folder",
                "optional": "False"
              },
              "test_data": {
                "type": "uri_folder",
                "optional": "False"
              },
              "training_max_epocs": {
                "type": "integer",
                "optional": "True"
              },
              "training_learning_rate": {
                "type": "integer",
                "optional": "False",
                "default": "1"
              },
              "learning_rate_schedule": {
                "type": "string",
                "optional": "False",
                "default": "time-based"
              }
            },
            "outputs": {
              "trained_model": {
                "type": "uri_folder"
              },
              "evaluation_report": {
                "type": "uri_folder"
              }
            },
            "$schema": "https://azuremlschemas.azureedge.net/latest/pipelineComponent.schema.json"
          }
        },
        "systemData": {
          "createdAt": "2022-09-29T21:26:21.2363395\u002B00:00",
          "createdBy": "Aditi Singhal",
          "createdByType": "User",
          "lastModifiedAt": "2022-09-29T21:26:21.2363395\u002B00:00",
          "lastModifiedBy": "Aditi Singhal",
          "lastModifiedByType": "User"
        }
      }
    },
    {
      "RequestUri": "https://management.azure.com/subscriptions/00000000-0000-0000-0000-000000000/resourceGroups/00000/providers/Microsoft.MachineLearningServices/workspaces/00000/datastores/workspaceblobstore?api-version=2022-05-01",
      "RequestMethod": "GET",
      "RequestHeaders": {
        "Accept": "application/json",
        "Accept-Encoding": "gzip, deflate",
        "Connection": "keep-alive",
        "User-Agent": "azure-ai-ml/0.1.0 azsdk-python-mgmt-machinelearningservices/0.1.0 Python/3.8.5 (Windows-10-10.0.19041-SP0)"
      },
      "RequestBody": null,
      "StatusCode": 200,
      "ResponseHeaders": {
        "Cache-Control": "no-cache",
        "Content-Encoding": "gzip",
        "Content-Type": "application/json; charset=utf-8",
        "Date": "Thu, 29 Sep 2022 21:26:21 GMT",
        "Expires": "-1",
        "Pragma": "no-cache",
        "Request-Context": "appId=cid-v1:17d65b70-e9ce-4ed5-9347-1f660ec782e9",
        "Server-Timing": "traceparent;desc=\u002200-7cd7da4309351b74976530f9038fb960-c028012194895ad9-01\u0022",
        "Strict-Transport-Security": "max-age=31536000; includeSubDomains",
        "Transfer-Encoding": "chunked",
        "Vary": [
          "Accept-Encoding",
          "Accept-Encoding"
        ],
        "x-aml-cluster": "vienna-eastus2euap-02",
        "X-Content-Type-Options": "nosniff",
        "x-ms-correlation-request-id": "5e6f0d31-76a5-48f0-bad7-d4c66e6d7841",
        "x-ms-ratelimit-remaining-subscription-reads": "11697",
        "x-ms-response-type": "standard",
        "x-ms-routing-request-id": "WESTUS2:20220929T212621Z:5e6f0d31-76a5-48f0-bad7-d4c66e6d7841",
        "x-request-time": "0.084"
      },
      "ResponseBody": {
        "id": "/subscriptions/00000000-0000-0000-0000-000000000/resourceGroups/00000/providers/Microsoft.MachineLearningServices/workspaces/00000/datastores/workspaceblobstore",
        "name": "workspaceblobstore",
        "type": "Microsoft.MachineLearningServices/workspaces/datastores",
        "properties": {
          "description": null,
          "tags": null,
          "properties": null,
          "isDefault": true,
          "credentials": {
            "credentialsType": "AccountKey"
          },
          "datastoreType": "AzureBlob",
          "accountName": "saird7e2z7hlg4y",
          "containerName": "azureml-blobstore-d8f42f37-66eb-4dca-869e-f6357989e03e",
          "endpoint": "core.windows.net",
          "protocol": "https",
          "serviceDataAccessAuthIdentity": "WorkspaceSystemAssignedIdentity"
        },
        "systemData": {
          "createdAt": "2022-09-29T16:11:11.5415325\u002B00:00",
          "createdBy": "779301c0-18b2-4cdc-801b-a0a3368fee0a",
          "createdByType": "Application",
          "lastModifiedAt": "2022-09-29T16:11:12.3528103\u002B00:00",
          "lastModifiedBy": "779301c0-18b2-4cdc-801b-a0a3368fee0a",
          "lastModifiedByType": "Application"
        }
      }
    },
    {
      "RequestUri": "https://management.azure.com/subscriptions/00000000-0000-0000-0000-000000000/resourceGroups/00000/providers/Microsoft.MachineLearningServices/workspaces/00000/datastores/workspaceblobstore/listSecrets?api-version=2022-05-01",
      "RequestMethod": "POST",
      "RequestHeaders": {
        "Accept": "application/json",
        "Accept-Encoding": "gzip, deflate",
        "Connection": "keep-alive",
        "Content-Length": "0",
        "User-Agent": "azure-ai-ml/0.1.0 azsdk-python-mgmt-machinelearningservices/0.1.0 Python/3.8.5 (Windows-10-10.0.19041-SP0)"
      },
      "RequestBody": null,
      "StatusCode": 200,
      "ResponseHeaders": {
        "Cache-Control": "no-cache",
        "Content-Encoding": "gzip",
        "Content-Type": "application/json; charset=utf-8",
        "Date": "Thu, 29 Sep 2022 21:26:21 GMT",
        "Expires": "-1",
        "Pragma": "no-cache",
        "Request-Context": "appId=cid-v1:17d65b70-e9ce-4ed5-9347-1f660ec782e9",
        "Server-Timing": "traceparent;desc=\u002200-2baaf7491abccb3953d86f6fdcb5939d-70eb47a7df7e9e27-01\u0022",
        "Strict-Transport-Security": "max-age=31536000; includeSubDomains",
        "Transfer-Encoding": "chunked",
        "Vary": "Accept-Encoding",
        "x-aml-cluster": "vienna-eastus2euap-02",
        "X-Content-Type-Options": "nosniff",
        "x-ms-correlation-request-id": "8eccdc4f-0d31-4140-a034-d840c1694120",
        "x-ms-ratelimit-remaining-subscription-writes": "1036",
        "x-ms-response-type": "standard",
        "x-ms-routing-request-id": "WESTUS2:20220929T212622Z:8eccdc4f-0d31-4140-a034-d840c1694120",
        "x-request-time": "0.099"
      },
      "ResponseBody": {
        "secretsType": "AccountKey",
        "key": "dGhpcyBpcyBmYWtlIGtleQ=="
      }
    },
    {
      "RequestUri": "https://saird7e2z7hlg4y.blob.core.windows.net/azureml-blobstore-d8f42f37-66eb-4dca-869e-f6357989e03e/LocalUpload/00000000000000000000000000000000/train_src/train.py",
      "RequestMethod": "HEAD",
      "RequestHeaders": {
        "Accept": "application/xml",
        "Accept-Encoding": "gzip, deflate",
        "Connection": "keep-alive",
        "User-Agent": "azsdk-python-storage-blob/12.9.0 Python/3.8.5 (Windows-10-10.0.19041-SP0)",
        "x-ms-date": "Thu, 29 Sep 2022 21:26:22 GMT",
        "x-ms-version": "2020-10-02"
      },
      "RequestBody": null,
      "StatusCode": 200,
      "ResponseHeaders": {
        "Accept-Ranges": "bytes",
        "Content-Length": "1459",
        "Content-MD5": "AopRoh0TIOT2l3zRkNs9IQ==",
        "Content-Type": "application/octet-stream",
        "Date": "Thu, 29 Sep 2022 21:26:21 GMT",
        "ETag": "\u00220x8DAA251ACBC95B0\u0022",
        "Last-Modified": "Thu, 29 Sep 2022 19:34:50 GMT",
        "Server": [
          "Windows-Azure-Blob/1.0",
          "Microsoft-HTTPAPI/2.0"
        ],
        "Vary": "Origin",
        "x-ms-access-tier": "Hot",
        "x-ms-access-tier-inferred": "true",
        "x-ms-blob-type": "BlockBlob",
        "x-ms-creation-time": "Thu, 29 Sep 2022 19:34:49 GMT",
        "x-ms-lease-state": "available",
        "x-ms-lease-status": "unlocked",
        "x-ms-meta-name": "51e61df3-f33f-42f3-9efd-8c8feadc995f",
        "x-ms-meta-upload_status": "completed",
        "x-ms-meta-version": "1",
        "x-ms-server-encrypted": "true",
        "x-ms-version": "2020-10-02"
      },
      "ResponseBody": null
    },
    {
      "RequestUri": "https://saird7e2z7hlg4y.blob.core.windows.net/azureml-blobstore-d8f42f37-66eb-4dca-869e-f6357989e03e/az-ml-artifacts/00000000000000000000000000000000/train_src/train.py",
      "RequestMethod": "HEAD",
      "RequestHeaders": {
        "Accept": "application/xml",
        "Accept-Encoding": "gzip, deflate",
        "Connection": "keep-alive",
        "User-Agent": "azsdk-python-storage-blob/12.9.0 Python/3.8.5 (Windows-10-10.0.19041-SP0)",
        "x-ms-date": "Thu, 29 Sep 2022 21:26:22 GMT",
        "x-ms-version": "2020-10-02"
      },
      "RequestBody": null,
      "StatusCode": 404,
      "ResponseHeaders": {
        "Date": "Thu, 29 Sep 2022 21:26:21 GMT",
        "Server": [
          "Windows-Azure-Blob/1.0",
          "Microsoft-HTTPAPI/2.0"
        ],
        "Transfer-Encoding": "chunked",
        "Vary": "Origin",
        "x-ms-error-code": "BlobNotFound",
        "x-ms-version": "2020-10-02"
      },
      "ResponseBody": null
    },
    {
      "RequestUri": "https://management.azure.com/subscriptions/00000000-0000-0000-0000-000000000/resourceGroups/00000/providers/Microsoft.MachineLearningServices/workspaces/00000/codes/51e61df3-f33f-42f3-9efd-8c8feadc995f/versions/1?api-version=2022-05-01",
      "RequestMethod": "PUT",
      "RequestHeaders": {
        "Accept": "application/json",
        "Accept-Encoding": "gzip, deflate",
        "Connection": "keep-alive",
        "Content-Length": "298",
        "Content-Type": "application/json",
        "User-Agent": "azure-ai-ml/0.1.0 azsdk-python-mgmt-machinelearningservices/0.1.0 Python/3.8.5 (Windows-10-10.0.19041-SP0)"
      },
      "RequestBody": {
        "properties": {
          "properties": {
            "hash_sha256": "0000000000000",
            "hash_version": "0000000000000"
          },
          "isAnonymous": true,
          "isArchived": false,
          "codeUri": "https://saird7e2z7hlg4y.blob.core.windows.net/azureml-blobstore-d8f42f37-66eb-4dca-869e-f6357989e03e/LocalUpload/00000000000000000000000000000000/train_src"
        }
      },
      "StatusCode": 200,
      "ResponseHeaders": {
        "Cache-Control": "no-cache",
        "Content-Encoding": "gzip",
        "Content-Type": "application/json; charset=utf-8",
        "Date": "Thu, 29 Sep 2022 21:26:22 GMT",
        "Expires": "-1",
        "Pragma": "no-cache",
        "Request-Context": "appId=cid-v1:17d65b70-e9ce-4ed5-9347-1f660ec782e9",
        "Server-Timing": "traceparent;desc=\u002200-852a7c96cfd1002d6ffd99ec85485016-146d8bde933ba885-01\u0022",
        "Strict-Transport-Security": "max-age=31536000; includeSubDomains",
        "Transfer-Encoding": "chunked",
        "Vary": [
          "Accept-Encoding",
          "Accept-Encoding"
        ],
        "x-aml-cluster": "vienna-eastus2euap-02",
        "X-Content-Type-Options": "nosniff",
        "x-ms-correlation-request-id": "724fe4ba-8874-4deb-a0c7-b506cbb95806",
        "x-ms-ratelimit-remaining-subscription-writes": "1000",
        "x-ms-response-type": "standard",
        "x-ms-routing-request-id": "WESTUS2:20220929T212622Z:724fe4ba-8874-4deb-a0c7-b506cbb95806",
        "x-request-time": "0.059"
      },
      "ResponseBody": {
        "id": "/subscriptions/00000000-0000-0000-0000-000000000/resourceGroups/00000/providers/Microsoft.MachineLearningServices/workspaces/00000/codes/51e61df3-f33f-42f3-9efd-8c8feadc995f/versions/1",
        "name": "1",
        "type": "Microsoft.MachineLearningServices/workspaces/codes/versions",
        "properties": {
          "description": null,
          "tags": {},
          "properties": {
            "hash_sha256": "0000000000000",
            "hash_version": "0000000000000"
          },
          "isArchived": false,
          "isAnonymous": false,
          "codeUri": "https://saird7e2z7hlg4y.blob.core.windows.net/azureml-blobstore-d8f42f37-66eb-4dca-869e-f6357989e03e/LocalUpload/00000000000000000000000000000000/train_src"
        },
        "systemData": {
          "createdAt": "2022-09-29T19:34:50.5390519\u002B00:00",
          "createdBy": "Aditi Singhal",
          "createdByType": "User",
          "lastModifiedAt": "2022-09-29T21:26:22.7052062\u002B00:00",
          "lastModifiedBy": "Aditi Singhal",
          "lastModifiedByType": "User"
        }
      }
    },
    {
      "RequestUri": "https://management.azure.com/subscriptions/00000000-0000-0000-0000-000000000/resourceGroups/00000/providers/Microsoft.MachineLearningServices/workspaces/00000/components/azureml_anonymous/versions/000000000000000000000?api-version=2022-05-01",
      "RequestMethod": "PUT",
      "RequestHeaders": {
        "Accept": "application/json",
        "Accept-Encoding": "gzip, deflate",
        "Connection": "keep-alive",
        "Content-Length": "1282",
        "Content-Type": "application/json",
        "User-Agent": "azure-ai-ml/0.1.0 azsdk-python-mgmt-machinelearningservices/0.1.0 Python/3.8.5 (Windows-10-10.0.19041-SP0)"
      },
      "RequestBody": {
        "properties": {
          "description": "A dummy training component",
          "properties": {},
          "tags": {},
          "isAnonymous": true,
          "isArchived": false,
          "componentSpec": {
            "command": "python train.py --training_data ${{inputs.training_data}} $[[--max_epochs ${{inputs.max_epochs}}]] --learning_rate ${{inputs.learning_rate}} --learning_rate_schedule ${{inputs.learning_rate_schedule}} --model_output ${{outputs.model_output}}",
            "code": "azureml:/subscriptions/00000000-0000-0000-0000-000000000/resourceGroups/00000/providers/Microsoft.MachineLearningServices/workspaces/00000/codes/51e61df3-f33f-42f3-9efd-8c8feadc995f/versions/1",
            "environment": "azureml:AzureML-sklearn-0.24-ubuntu18.04-py37-cpu:5",
            "name": "azureml_anonymous",
            "description": "A dummy training component",
            "tags": {},
            "version": "000000000000000000000",
            "$schema": "https://azuremlschemas.azureedge.net/latest/commandComponent.schema.json",
            "display_name": "Train Model",
            "is_deterministic": true,
            "inputs": {
              "training_data": {
                "type": "uri_folder"
              },
              "max_epochs": {
                "type": "integer",
                "optional": true
              },
              "learning_rate": {
                "type": "number",
                "default": "0.01"
              },
              "learning_rate_schedule": {
                "type": "string",
                "default": "time-based"
              }
            },
            "outputs": {
              "model_output": {
                "type": "uri_folder"
              }
            },
            "type": "command",
            "_source": "YAML.COMPONENT"
          }
        }
      },
      "StatusCode": 201,
      "ResponseHeaders": {
        "Cache-Control": "no-cache",
        "Content-Length": "2352",
        "Content-Type": "application/json; charset=utf-8",
        "Date": "Thu, 29 Sep 2022 21:26:22 GMT",
        "Expires": "-1",
        "Location": "https://management.azure.com/subscriptions/00000000-0000-0000-0000-000000000/resourceGroups/00000/providers/Microsoft.MachineLearningServices/workspaces/00000/components/azureml_anonymous/versions/000000000000000000000?api-version=2022-05-01",
        "Pragma": "no-cache",
        "Request-Context": "appId=cid-v1:17d65b70-e9ce-4ed5-9347-1f660ec782e9",
        "Server-Timing": "traceparent;desc=\u002200-1145a6f862aeb776ad040a587894d2fb-62511dabcf82cf7b-01\u0022",
        "Strict-Transport-Security": "max-age=31536000; includeSubDomains",
        "x-aml-cluster": "vienna-eastus2euap-02",
        "X-Content-Type-Options": "nosniff",
        "x-ms-correlation-request-id": "e906795a-ad6c-426b-93b7-f65a0fcb12e4",
        "x-ms-ratelimit-remaining-subscription-writes": "999",
        "x-ms-response-type": "standard",
        "x-ms-routing-request-id": "WESTUS2:20220929T212623Z:e906795a-ad6c-426b-93b7-f65a0fcb12e4",
        "x-request-time": "0.348"
      },
      "ResponseBody": {
        "id": "/subscriptions/00000000-0000-0000-0000-000000000/resourceGroups/00000/providers/Microsoft.MachineLearningServices/workspaces/00000/components/azureml_anonymous/versions/5833cd2f-367d-4b4f-bd9e-ebaaaed82491",
        "name": "5833cd2f-367d-4b4f-bd9e-ebaaaed82491",
        "type": "Microsoft.MachineLearningServices/workspaces/components/versions",
        "properties": {
          "description": null,
          "tags": {},
          "properties": {},
          "isArchived": false,
          "isAnonymous": true,
          "componentSpec": {
            "name": "azureml_anonymous",
            "version": "5833cd2f-367d-4b4f-bd9e-ebaaaed82491",
            "display_name": "Train Model",
            "is_deterministic": "True",
            "type": "command",
            "description": "A dummy training component",
            "inputs": {
              "training_data": {
                "type": "uri_folder",
                "optional": "False"
              },
              "max_epochs": {
                "type": "integer",
                "optional": "True"
              },
              "learning_rate": {
                "type": "number",
                "optional": "False",
                "default": "0.01"
              },
              "learning_rate_schedule": {
                "type": "string",
                "optional": "False",
                "default": "time-based"
              }
            },
            "outputs": {
              "model_output": {
                "type": "uri_folder"
              }
            },
            "code": "azureml:/subscriptions/00000000-0000-0000-0000-000000000/resourceGroups/00000/providers/Microsoft.MachineLearningServices/workspaces/00000/codes/51e61df3-f33f-42f3-9efd-8c8feadc995f/versions/1",
            "environment": "azureml://registries/CuratedRegistry/environments/AzureML-sklearn-0.24-ubuntu18.04-py37-cpu/versions/5",
            "resources": {
              "instance_count": "1"
            },
            "command": "python train.py --training_data ${{inputs.training_data}} $[[--max_epochs ${{inputs.max_epochs}}]] --learning_rate ${{inputs.learning_rate}} --learning_rate_schedule ${{inputs.learning_rate_schedule}} --model_output ${{outputs.model_output}}",
            "$schema": "https://azuremlschemas.azureedge.net/latest/commandComponent.schema.json"
          }
        },
        "systemData": {
          "createdAt": "2022-09-29T19:34:51.3420215\u002B00:00",
          "createdBy": "Aditi Singhal",
          "createdByType": "User",
          "lastModifiedAt": "2022-09-29T19:34:51.5478841\u002B00:00",
          "lastModifiedBy": "Aditi Singhal",
          "lastModifiedByType": "User"
        }
      }
    },
    {
      "RequestUri": "https://management.azure.com/subscriptions/00000000-0000-0000-0000-000000000/resourceGroups/00000/providers/Microsoft.MachineLearningServices/workspaces/00000/datastores/workspaceblobstore?api-version=2022-05-01",
      "RequestMethod": "GET",
      "RequestHeaders": {
        "Accept": "application/json",
        "Accept-Encoding": "gzip, deflate",
        "Connection": "keep-alive",
        "User-Agent": "azure-ai-ml/0.1.0 azsdk-python-mgmt-machinelearningservices/0.1.0 Python/3.8.5 (Windows-10-10.0.19041-SP0)"
      },
      "RequestBody": null,
      "StatusCode": 200,
      "ResponseHeaders": {
        "Cache-Control": "no-cache",
        "Content-Encoding": "gzip",
        "Content-Type": "application/json; charset=utf-8",
        "Date": "Thu, 29 Sep 2022 21:26:23 GMT",
        "Expires": "-1",
        "Pragma": "no-cache",
        "Request-Context": "appId=cid-v1:17d65b70-e9ce-4ed5-9347-1f660ec782e9",
        "Server-Timing": "traceparent;desc=\u002200-6500c8b745e2f841feb199084db9c8cc-2904b51e02e7894e-01\u0022",
        "Strict-Transport-Security": "max-age=31536000; includeSubDomains",
        "Transfer-Encoding": "chunked",
        "Vary": [
          "Accept-Encoding",
          "Accept-Encoding"
        ],
        "x-aml-cluster": "vienna-eastus2euap-02",
        "X-Content-Type-Options": "nosniff",
        "x-ms-correlation-request-id": "f16fd658-b861-4fa2-89e6-3b6dec4f5ea2",
        "x-ms-ratelimit-remaining-subscription-reads": "11696",
        "x-ms-response-type": "standard",
        "x-ms-routing-request-id": "WESTUS2:20220929T212623Z:f16fd658-b861-4fa2-89e6-3b6dec4f5ea2",
        "x-request-time": "0.084"
      },
      "ResponseBody": {
        "id": "/subscriptions/00000000-0000-0000-0000-000000000/resourceGroups/00000/providers/Microsoft.MachineLearningServices/workspaces/00000/datastores/workspaceblobstore",
        "name": "workspaceblobstore",
        "type": "Microsoft.MachineLearningServices/workspaces/datastores",
        "properties": {
          "description": null,
          "tags": null,
          "properties": null,
          "isDefault": true,
          "credentials": {
            "credentialsType": "AccountKey"
          },
          "datastoreType": "AzureBlob",
          "accountName": "saird7e2z7hlg4y",
          "containerName": "azureml-blobstore-d8f42f37-66eb-4dca-869e-f6357989e03e",
          "endpoint": "core.windows.net",
          "protocol": "https",
          "serviceDataAccessAuthIdentity": "WorkspaceSystemAssignedIdentity"
        },
        "systemData": {
          "createdAt": "2022-09-29T16:11:11.5415325\u002B00:00",
          "createdBy": "779301c0-18b2-4cdc-801b-a0a3368fee0a",
          "createdByType": "Application",
          "lastModifiedAt": "2022-09-29T16:11:12.3528103\u002B00:00",
          "lastModifiedBy": "779301c0-18b2-4cdc-801b-a0a3368fee0a",
          "lastModifiedByType": "Application"
        }
      }
    },
    {
      "RequestUri": "https://management.azure.com/subscriptions/00000000-0000-0000-0000-000000000/resourceGroups/00000/providers/Microsoft.MachineLearningServices/workspaces/00000/datastores/workspaceblobstore/listSecrets?api-version=2022-05-01",
      "RequestMethod": "POST",
      "RequestHeaders": {
        "Accept": "application/json",
        "Accept-Encoding": "gzip, deflate",
        "Connection": "keep-alive",
        "Content-Length": "0",
        "User-Agent": "azure-ai-ml/0.1.0 azsdk-python-mgmt-machinelearningservices/0.1.0 Python/3.8.5 (Windows-10-10.0.19041-SP0)"
      },
      "RequestBody": null,
      "StatusCode": 200,
      "ResponseHeaders": {
        "Cache-Control": "no-cache",
        "Content-Encoding": "gzip",
        "Content-Type": "application/json; charset=utf-8",
        "Date": "Thu, 29 Sep 2022 21:26:23 GMT",
        "Expires": "-1",
        "Pragma": "no-cache",
        "Request-Context": "appId=cid-v1:17d65b70-e9ce-4ed5-9347-1f660ec782e9",
        "Server-Timing": "traceparent;desc=\u002200-1beef7bb11bfd65467b37e5f3fbe2707-110ae5dd92f01802-01\u0022",
        "Strict-Transport-Security": "max-age=31536000; includeSubDomains",
        "Transfer-Encoding": "chunked",
        "Vary": "Accept-Encoding",
        "x-aml-cluster": "vienna-eastus2euap-02",
        "X-Content-Type-Options": "nosniff",
        "x-ms-correlation-request-id": "5b059082-8bb5-4864-8ec4-3a103d4766a4",
        "x-ms-ratelimit-remaining-subscription-writes": "1035",
        "x-ms-response-type": "standard",
        "x-ms-routing-request-id": "WESTUS2:20220929T212624Z:5b059082-8bb5-4864-8ec4-3a103d4766a4",
        "x-request-time": "0.109"
      },
      "ResponseBody": {
        "secretsType": "AccountKey",
        "key": "dGhpcyBpcyBmYWtlIGtleQ=="
      }
    },
    {
      "RequestUri": "https://saird7e2z7hlg4y.blob.core.windows.net/azureml-blobstore-d8f42f37-66eb-4dca-869e-f6357989e03e/LocalUpload/00000000000000000000000000000000/score_src/score.py",
      "RequestMethod": "HEAD",
      "RequestHeaders": {
        "Accept": "application/xml",
        "Accept-Encoding": "gzip, deflate",
        "Connection": "keep-alive",
        "User-Agent": "azsdk-python-storage-blob/12.9.0 Python/3.8.5 (Windows-10-10.0.19041-SP0)",
        "x-ms-date": "Thu, 29 Sep 2022 21:26:24 GMT",
        "x-ms-version": "2020-10-02"
      },
      "RequestBody": null,
      "StatusCode": 200,
      "ResponseHeaders": {
        "Accept-Ranges": "bytes",
        "Content-Length": "910",
        "Content-MD5": "\u002B1r7nD6TWo52vxs0R/FCxg==",
        "Content-Type": "application/octet-stream",
        "Date": "Thu, 29 Sep 2022 21:26:24 GMT",
        "ETag": "\u00220x8DAA251AE53DC1C\u0022",
        "Last-Modified": "Thu, 29 Sep 2022 19:34:52 GMT",
        "Server": [
          "Windows-Azure-Blob/1.0",
          "Microsoft-HTTPAPI/2.0"
        ],
        "Vary": "Origin",
        "x-ms-access-tier": "Hot",
        "x-ms-access-tier-inferred": "true",
        "x-ms-blob-type": "BlockBlob",
        "x-ms-creation-time": "Thu, 29 Sep 2022 19:34:52 GMT",
        "x-ms-lease-state": "available",
        "x-ms-lease-status": "unlocked",
        "x-ms-meta-name": "5c838b05-2319-41cd-a378-39a9ab57af32",
        "x-ms-meta-upload_status": "completed",
        "x-ms-meta-version": "1",
        "x-ms-server-encrypted": "true",
        "x-ms-version": "2020-10-02"
      },
      "ResponseBody": null
    },
    {
      "RequestUri": "https://saird7e2z7hlg4y.blob.core.windows.net/azureml-blobstore-d8f42f37-66eb-4dca-869e-f6357989e03e/az-ml-artifacts/00000000000000000000000000000000/score_src/score.py",
      "RequestMethod": "HEAD",
      "RequestHeaders": {
        "Accept": "application/xml",
        "Accept-Encoding": "gzip, deflate",
        "Connection": "keep-alive",
        "User-Agent": "azsdk-python-storage-blob/12.9.0 Python/3.8.5 (Windows-10-10.0.19041-SP0)",
        "x-ms-date": "Thu, 29 Sep 2022 21:26:24 GMT",
        "x-ms-version": "2020-10-02"
      },
      "RequestBody": null,
      "StatusCode": 404,
      "ResponseHeaders": {
        "Date": "Thu, 29 Sep 2022 21:26:24 GMT",
        "Server": [
          "Windows-Azure-Blob/1.0",
          "Microsoft-HTTPAPI/2.0"
        ],
        "Transfer-Encoding": "chunked",
        "Vary": "Origin",
        "x-ms-error-code": "BlobNotFound",
        "x-ms-version": "2020-10-02"
      },
      "ResponseBody": null
    },
    {
      "RequestUri": "https://management.azure.com/subscriptions/00000000-0000-0000-0000-000000000/resourceGroups/00000/providers/Microsoft.MachineLearningServices/workspaces/00000/codes/5c838b05-2319-41cd-a378-39a9ab57af32/versions/1?api-version=2022-05-01",
      "RequestMethod": "PUT",
      "RequestHeaders": {
        "Accept": "application/json",
        "Accept-Encoding": "gzip, deflate",
        "Connection": "keep-alive",
        "Content-Length": "298",
        "Content-Type": "application/json",
        "User-Agent": "azure-ai-ml/0.1.0 azsdk-python-mgmt-machinelearningservices/0.1.0 Python/3.8.5 (Windows-10-10.0.19041-SP0)"
      },
      "RequestBody": {
        "properties": {
          "properties": {
            "hash_sha256": "0000000000000",
            "hash_version": "0000000000000"
          },
          "isAnonymous": true,
          "isArchived": false,
          "codeUri": "https://saird7e2z7hlg4y.blob.core.windows.net/azureml-blobstore-d8f42f37-66eb-4dca-869e-f6357989e03e/LocalUpload/00000000000000000000000000000000/score_src"
        }
      },
      "StatusCode": 200,
      "ResponseHeaders": {
        "Cache-Control": "no-cache",
        "Content-Encoding": "gzip",
        "Content-Type": "application/json; charset=utf-8",
        "Date": "Thu, 29 Sep 2022 21:26:24 GMT",
        "Expires": "-1",
        "Pragma": "no-cache",
        "Request-Context": "appId=cid-v1:17d65b70-e9ce-4ed5-9347-1f660ec782e9",
        "Server-Timing": "traceparent;desc=\u002200-fccdd34e97c38ba6bc32f6e09316a048-092967b89098512d-01\u0022",
        "Strict-Transport-Security": "max-age=31536000; includeSubDomains",
        "Transfer-Encoding": "chunked",
        "Vary": [
          "Accept-Encoding",
          "Accept-Encoding"
        ],
        "x-aml-cluster": "vienna-eastus2euap-02",
        "X-Content-Type-Options": "nosniff",
        "x-ms-correlation-request-id": "53e362c8-898f-4377-8d5f-2d9e43fe0f07",
        "x-ms-ratelimit-remaining-subscription-writes": "998",
        "x-ms-response-type": "standard",
        "x-ms-routing-request-id": "WESTUS2:20220929T212624Z:53e362c8-898f-4377-8d5f-2d9e43fe0f07",
        "x-request-time": "0.055"
      },
      "ResponseBody": {
        "id": "/subscriptions/00000000-0000-0000-0000-000000000/resourceGroups/00000/providers/Microsoft.MachineLearningServices/workspaces/00000/codes/5c838b05-2319-41cd-a378-39a9ab57af32/versions/1",
        "name": "1",
        "type": "Microsoft.MachineLearningServices/workspaces/codes/versions",
        "properties": {
          "description": null,
          "tags": {},
          "properties": {
            "hash_sha256": "0000000000000",
            "hash_version": "0000000000000"
          },
          "isArchived": false,
          "isAnonymous": false,
          "codeUri": "https://saird7e2z7hlg4y.blob.core.windows.net/azureml-blobstore-d8f42f37-66eb-4dca-869e-f6357989e03e/LocalUpload/00000000000000000000000000000000/score_src"
        },
        "systemData": {
          "createdAt": "2022-09-29T19:34:53.1787028\u002B00:00",
          "createdBy": "Aditi Singhal",
          "createdByType": "User",
          "lastModifiedAt": "2022-09-29T21:26:24.8499561\u002B00:00",
          "lastModifiedBy": "Aditi Singhal",
          "lastModifiedByType": "User"
        }
      }
    },
    {
      "RequestUri": "https://management.azure.com/subscriptions/00000000-0000-0000-0000-000000000/resourceGroups/00000/providers/Microsoft.MachineLearningServices/workspaces/00000/components/azureml_anonymous/versions/000000000000000000000?api-version=2022-05-01",
      "RequestMethod": "PUT",
      "RequestHeaders": {
        "Accept": "application/json",
        "Accept-Encoding": "gzip, deflate",
        "Connection": "keep-alive",
        "Content-Length": "1021",
        "Content-Type": "application/json",
        "User-Agent": "azure-ai-ml/0.1.0 azsdk-python-mgmt-machinelearningservices/0.1.0 Python/3.8.5 (Windows-10-10.0.19041-SP0)"
      },
      "RequestBody": {
        "properties": {
          "description": "A dummy scoring component",
          "properties": {},
          "tags": {},
          "isAnonymous": true,
          "isArchived": false,
          "componentSpec": {
            "command": "python score.py --model_input ${{inputs.model_input}} --test_data ${{inputs.test_data}} --score_output ${{outputs.score_output}}",
            "code": "azureml:/subscriptions/00000000-0000-0000-0000-000000000/resourceGroups/00000/providers/Microsoft.MachineLearningServices/workspaces/00000/codes/5c838b05-2319-41cd-a378-39a9ab57af32/versions/1",
            "environment": "azureml:AzureML-sklearn-0.24-ubuntu18.04-py37-cpu:5",
            "name": "azureml_anonymous",
            "description": "A dummy scoring component",
            "tags": {},
            "version": "000000000000000000000",
            "$schema": "https://azuremlschemas.azureedge.net/latest/commandComponent.schema.json",
            "display_name": "Score Data",
            "is_deterministic": true,
            "inputs": {
              "model_input": {
                "type": "uri_folder"
              },
              "test_data": {
                "type": "uri_folder"
              }
            },
            "outputs": {
              "score_output": {
                "type": "uri_folder"
              }
            },
            "type": "command",
            "_source": "YAML.COMPONENT"
          }
        }
      },
      "StatusCode": 201,
      "ResponseHeaders": {
        "Cache-Control": "no-cache",
        "Content-Length": "1973",
        "Content-Type": "application/json; charset=utf-8",
        "Date": "Thu, 29 Sep 2022 21:26:24 GMT",
        "Expires": "-1",
        "Location": "https://management.azure.com/subscriptions/00000000-0000-0000-0000-000000000/resourceGroups/00000/providers/Microsoft.MachineLearningServices/workspaces/00000/components/azureml_anonymous/versions/000000000000000000000?api-version=2022-05-01",
        "Pragma": "no-cache",
        "Request-Context": "appId=cid-v1:17d65b70-e9ce-4ed5-9347-1f660ec782e9",
        "Server-Timing": "traceparent;desc=\u002200-d9e2ec17ec484ae5c6be7f11dc39ed78-2ef6b89e7dc2bc15-01\u0022",
        "Strict-Transport-Security": "max-age=31536000; includeSubDomains",
        "x-aml-cluster": "vienna-eastus2euap-02",
        "X-Content-Type-Options": "nosniff",
        "x-ms-correlation-request-id": "e54e2fef-2db9-4617-9514-34cf342fdeab",
        "x-ms-ratelimit-remaining-subscription-writes": "997",
        "x-ms-response-type": "standard",
        "x-ms-routing-request-id": "WESTUS2:20220929T212625Z:e54e2fef-2db9-4617-9514-34cf342fdeab",
        "x-request-time": "0.327"
      },
      "ResponseBody": {
        "id": "/subscriptions/00000000-0000-0000-0000-000000000/resourceGroups/00000/providers/Microsoft.MachineLearningServices/workspaces/00000/components/azureml_anonymous/versions/ac0ddc5b-4eba-4ad6-84f9-7970c27062b5",
        "name": "ac0ddc5b-4eba-4ad6-84f9-7970c27062b5",
        "type": "Microsoft.MachineLearningServices/workspaces/components/versions",
        "properties": {
          "description": null,
          "tags": {},
          "properties": {},
          "isArchived": false,
          "isAnonymous": true,
          "componentSpec": {
            "name": "azureml_anonymous",
            "version": "ac0ddc5b-4eba-4ad6-84f9-7970c27062b5",
            "display_name": "Score Data",
            "is_deterministic": "True",
            "type": "command",
            "description": "A dummy scoring component",
            "inputs": {
              "model_input": {
                "type": "uri_folder",
                "optional": "False"
              },
              "test_data": {
                "type": "uri_folder",
                "optional": "False"
              }
            },
            "outputs": {
              "score_output": {
                "type": "uri_folder"
              }
            },
            "code": "azureml:/subscriptions/00000000-0000-0000-0000-000000000/resourceGroups/00000/providers/Microsoft.MachineLearningServices/workspaces/00000/codes/5c838b05-2319-41cd-a378-39a9ab57af32/versions/1",
            "environment": "azureml://registries/CuratedRegistry/environments/AzureML-sklearn-0.24-ubuntu18.04-py37-cpu/versions/5",
            "resources": {
              "instance_count": "1"
            },
            "command": "python score.py --model_input ${{inputs.model_input}} --test_data ${{inputs.test_data}} --score_output ${{outputs.score_output}}",
            "$schema": "https://azuremlschemas.azureedge.net/latest/commandComponent.schema.json"
          }
        },
        "systemData": {
          "createdAt": "2022-09-29T19:34:53.8884515\u002B00:00",
          "createdBy": "Aditi Singhal",
          "createdByType": "User",
          "lastModifiedAt": "2022-09-29T19:34:54.0495939\u002B00:00",
          "lastModifiedBy": "Aditi Singhal",
          "lastModifiedByType": "User"
        }
      }
    },
    {
      "RequestUri": "https://management.azure.com/subscriptions/00000000-0000-0000-0000-000000000/resourceGroups/00000/providers/Microsoft.MachineLearningServices/workspaces/00000/datastores/workspaceblobstore?api-version=2022-05-01",
      "RequestMethod": "GET",
      "RequestHeaders": {
        "Accept": "application/json",
        "Accept-Encoding": "gzip, deflate",
        "Connection": "keep-alive",
        "User-Agent": "azure-ai-ml/0.1.0 azsdk-python-mgmt-machinelearningservices/0.1.0 Python/3.8.5 (Windows-10-10.0.19041-SP0)"
      },
      "RequestBody": null,
      "StatusCode": 200,
      "ResponseHeaders": {
        "Cache-Control": "no-cache",
        "Content-Encoding": "gzip",
        "Content-Type": "application/json; charset=utf-8",
        "Date": "Thu, 29 Sep 2022 21:26:25 GMT",
        "Expires": "-1",
        "Pragma": "no-cache",
        "Request-Context": "appId=cid-v1:17d65b70-e9ce-4ed5-9347-1f660ec782e9",
        "Server-Timing": "traceparent;desc=\u002200-fd7009e5260269bff8e1f8741c8db55a-cc18980c44fdc68a-01\u0022",
        "Strict-Transport-Security": "max-age=31536000; includeSubDomains",
        "Transfer-Encoding": "chunked",
        "Vary": [
          "Accept-Encoding",
          "Accept-Encoding"
        ],
        "x-aml-cluster": "vienna-eastus2euap-02",
        "X-Content-Type-Options": "nosniff",
        "x-ms-correlation-request-id": "3347d7fd-90da-4c3a-a66d-3fe7f02306a3",
        "x-ms-ratelimit-remaining-subscription-reads": "11695",
        "x-ms-response-type": "standard",
        "x-ms-routing-request-id": "WESTUS2:20220929T212625Z:3347d7fd-90da-4c3a-a66d-3fe7f02306a3",
        "x-request-time": "0.083"
      },
      "ResponseBody": {
        "id": "/subscriptions/00000000-0000-0000-0000-000000000/resourceGroups/00000/providers/Microsoft.MachineLearningServices/workspaces/00000/datastores/workspaceblobstore",
        "name": "workspaceblobstore",
        "type": "Microsoft.MachineLearningServices/workspaces/datastores",
        "properties": {
          "description": null,
          "tags": null,
          "properties": null,
          "isDefault": true,
          "credentials": {
            "credentialsType": "AccountKey"
          },
          "datastoreType": "AzureBlob",
          "accountName": "saird7e2z7hlg4y",
          "containerName": "azureml-blobstore-d8f42f37-66eb-4dca-869e-f6357989e03e",
          "endpoint": "core.windows.net",
          "protocol": "https",
          "serviceDataAccessAuthIdentity": "WorkspaceSystemAssignedIdentity"
        },
        "systemData": {
          "createdAt": "2022-09-29T16:11:11.5415325\u002B00:00",
          "createdBy": "779301c0-18b2-4cdc-801b-a0a3368fee0a",
          "createdByType": "Application",
          "lastModifiedAt": "2022-09-29T16:11:12.3528103\u002B00:00",
          "lastModifiedBy": "779301c0-18b2-4cdc-801b-a0a3368fee0a",
          "lastModifiedByType": "Application"
        }
      }
    },
    {
      "RequestUri": "https://management.azure.com/subscriptions/00000000-0000-0000-0000-000000000/resourceGroups/00000/providers/Microsoft.MachineLearningServices/workspaces/00000/datastores/workspaceblobstore/listSecrets?api-version=2022-05-01",
      "RequestMethod": "POST",
      "RequestHeaders": {
        "Accept": "application/json",
        "Accept-Encoding": "gzip, deflate",
        "Connection": "keep-alive",
        "Content-Length": "0",
        "User-Agent": "azure-ai-ml/0.1.0 azsdk-python-mgmt-machinelearningservices/0.1.0 Python/3.8.5 (Windows-10-10.0.19041-SP0)"
      },
      "RequestBody": null,
      "StatusCode": 200,
      "ResponseHeaders": {
        "Cache-Control": "no-cache",
        "Content-Encoding": "gzip",
        "Content-Type": "application/json; charset=utf-8",
        "Date": "Thu, 29 Sep 2022 21:26:25 GMT",
        "Expires": "-1",
        "Pragma": "no-cache",
        "Request-Context": "appId=cid-v1:17d65b70-e9ce-4ed5-9347-1f660ec782e9",
        "Server-Timing": "traceparent;desc=\u002200-7cd6f3966a39ef9f29c2c9c858719b1a-cb6588e7be1a2d92-01\u0022",
        "Strict-Transport-Security": "max-age=31536000; includeSubDomains",
        "Transfer-Encoding": "chunked",
        "Vary": "Accept-Encoding",
        "x-aml-cluster": "vienna-eastus2euap-02",
        "X-Content-Type-Options": "nosniff",
        "x-ms-correlation-request-id": "6ed11656-10c6-44d1-8559-ee812fa1f63b",
        "x-ms-ratelimit-remaining-subscription-writes": "1034",
        "x-ms-response-type": "standard",
        "x-ms-routing-request-id": "WESTUS2:20220929T212626Z:6ed11656-10c6-44d1-8559-ee812fa1f63b",
        "x-request-time": "0.099"
      },
      "ResponseBody": {
        "secretsType": "AccountKey",
        "key": "dGhpcyBpcyBmYWtlIGtleQ=="
      }
    },
    {
      "RequestUri": "https://saird7e2z7hlg4y.blob.core.windows.net/azureml-blobstore-d8f42f37-66eb-4dca-869e-f6357989e03e/LocalUpload/00000000000000000000000000000000/eval_src/eval.py",
      "RequestMethod": "HEAD",
      "RequestHeaders": {
        "Accept": "application/xml",
        "Accept-Encoding": "gzip, deflate",
        "Connection": "keep-alive",
        "User-Agent": "azsdk-python-storage-blob/12.9.0 Python/3.8.5 (Windows-10-10.0.19041-SP0)",
        "x-ms-date": "Thu, 29 Sep 2022 21:26:26 GMT",
        "x-ms-version": "2020-10-02"
      },
      "RequestBody": null,
      "StatusCode": 200,
      "ResponseHeaders": {
        "Accept-Ranges": "bytes",
        "Content-Length": "770",
        "Content-MD5": "eVnVLloYfT16aDnyQ2oJnQ==",
        "Content-Type": "application/octet-stream",
        "Date": "Thu, 29 Sep 2022 21:26:25 GMT",
        "ETag": "\u00220x8DAA251AFD0BEE7\u0022",
        "Last-Modified": "Thu, 29 Sep 2022 19:34:55 GMT",
        "Server": [
          "Windows-Azure-Blob/1.0",
          "Microsoft-HTTPAPI/2.0"
        ],
        "Vary": "Origin",
        "x-ms-access-tier": "Hot",
        "x-ms-access-tier-inferred": "true",
        "x-ms-blob-type": "BlockBlob",
        "x-ms-creation-time": "Thu, 29 Sep 2022 19:34:55 GMT",
        "x-ms-lease-state": "available",
        "x-ms-lease-status": "unlocked",
        "x-ms-meta-name": "1b9e09b7-c5dc-4d00-8d87-555cbbbbbdb3",
        "x-ms-meta-upload_status": "completed",
        "x-ms-meta-version": "1",
        "x-ms-server-encrypted": "true",
        "x-ms-version": "2020-10-02"
      },
      "ResponseBody": null
    },
    {
      "RequestUri": "https://saird7e2z7hlg4y.blob.core.windows.net/azureml-blobstore-d8f42f37-66eb-4dca-869e-f6357989e03e/az-ml-artifacts/00000000000000000000000000000000/eval_src/eval.py",
      "RequestMethod": "HEAD",
      "RequestHeaders": {
        "Accept": "application/xml",
        "Accept-Encoding": "gzip, deflate",
        "Connection": "keep-alive",
        "User-Agent": "azsdk-python-storage-blob/12.9.0 Python/3.8.5 (Windows-10-10.0.19041-SP0)",
        "x-ms-date": "Thu, 29 Sep 2022 21:26:26 GMT",
        "x-ms-version": "2020-10-02"
      },
      "RequestBody": null,
      "StatusCode": 404,
      "ResponseHeaders": {
        "Date": "Thu, 29 Sep 2022 21:26:25 GMT",
        "Server": [
          "Windows-Azure-Blob/1.0",
          "Microsoft-HTTPAPI/2.0"
        ],
        "Transfer-Encoding": "chunked",
        "Vary": "Origin",
        "x-ms-error-code": "BlobNotFound",
        "x-ms-version": "2020-10-02"
      },
      "ResponseBody": null
    },
    {
      "RequestUri": "https://management.azure.com/subscriptions/00000000-0000-0000-0000-000000000/resourceGroups/00000/providers/Microsoft.MachineLearningServices/workspaces/00000/codes/1b9e09b7-c5dc-4d00-8d87-555cbbbbbdb3/versions/1?api-version=2022-05-01",
      "RequestMethod": "PUT",
      "RequestHeaders": {
        "Accept": "application/json",
        "Accept-Encoding": "gzip, deflate",
        "Connection": "keep-alive",
        "Content-Length": "297",
        "Content-Type": "application/json",
        "User-Agent": "azure-ai-ml/0.1.0 azsdk-python-mgmt-machinelearningservices/0.1.0 Python/3.8.5 (Windows-10-10.0.19041-SP0)"
      },
      "RequestBody": {
        "properties": {
          "properties": {
            "hash_sha256": "0000000000000",
            "hash_version": "0000000000000"
          },
          "isAnonymous": true,
          "isArchived": false,
          "codeUri": "https://saird7e2z7hlg4y.blob.core.windows.net/azureml-blobstore-d8f42f37-66eb-4dca-869e-f6357989e03e/LocalUpload/00000000000000000000000000000000/eval_src"
        }
      },
      "StatusCode": 200,
      "ResponseHeaders": {
        "Cache-Control": "no-cache",
        "Content-Encoding": "gzip",
        "Content-Type": "application/json; charset=utf-8",
        "Date": "Thu, 29 Sep 2022 21:26:26 GMT",
        "Expires": "-1",
        "Pragma": "no-cache",
        "Request-Context": "appId=cid-v1:17d65b70-e9ce-4ed5-9347-1f660ec782e9",
        "Server-Timing": "traceparent;desc=\u002200-cb20fb957604ed0b39c41ca05684d888-fca560dc3691314f-01\u0022",
        "Strict-Transport-Security": "max-age=31536000; includeSubDomains",
        "Transfer-Encoding": "chunked",
        "Vary": [
          "Accept-Encoding",
          "Accept-Encoding"
        ],
        "x-aml-cluster": "vienna-eastus2euap-02",
        "X-Content-Type-Options": "nosniff",
        "x-ms-correlation-request-id": "4c86f286-1cab-450c-a17e-96556622d111",
        "x-ms-ratelimit-remaining-subscription-writes": "996",
        "x-ms-response-type": "standard",
        "x-ms-routing-request-id": "WESTUS2:20220929T212626Z:4c86f286-1cab-450c-a17e-96556622d111",
        "x-request-time": "0.088"
      },
      "ResponseBody": {
        "id": "/subscriptions/00000000-0000-0000-0000-000000000/resourceGroups/00000/providers/Microsoft.MachineLearningServices/workspaces/00000/codes/1b9e09b7-c5dc-4d00-8d87-555cbbbbbdb3/versions/1",
        "name": "1",
        "type": "Microsoft.MachineLearningServices/workspaces/codes/versions",
        "properties": {
          "description": null,
          "tags": {},
          "properties": {
            "hash_sha256": "0000000000000",
            "hash_version": "0000000000000"
          },
          "isArchived": false,
          "isAnonymous": false,
          "codeUri": "https://saird7e2z7hlg4y.blob.core.windows.net/azureml-blobstore-d8f42f37-66eb-4dca-869e-f6357989e03e/LocalUpload/00000000000000000000000000000000/eval_src"
        },
        "systemData": {
          "createdAt": "2022-09-29T19:34:55.5211911\u002B00:00",
          "createdBy": "Aditi Singhal",
          "createdByType": "User",
          "lastModifiedAt": "2022-09-29T21:26:26.6463664\u002B00:00",
          "lastModifiedBy": "Aditi Singhal",
          "lastModifiedByType": "User"
        }
      }
    },
    {
      "RequestUri": "https://management.azure.com/subscriptions/00000000-0000-0000-0000-000000000/resourceGroups/00000/providers/Microsoft.MachineLearningServices/workspaces/00000/components/azureml_anonymous/versions/000000000000000000000?api-version=2022-05-01",
      "RequestMethod": "PUT",
      "RequestHeaders": {
        "Accept": "application/json",
        "Accept-Encoding": "gzip, deflate",
        "Connection": "keep-alive",
        "Content-Length": "957",
        "Content-Type": "application/json",
        "User-Agent": "azure-ai-ml/0.1.0 azsdk-python-mgmt-machinelearningservices/0.1.0 Python/3.8.5 (Windows-10-10.0.19041-SP0)"
      },
      "RequestBody": {
        "properties": {
          "description": "A dummy evaluate component",
          "properties": {},
          "tags": {},
          "isAnonymous": true,
          "isArchived": false,
          "componentSpec": {
            "command": "python eval.py --scoring_result ${{inputs.scoring_result}} --eval_output ${{outputs.eval_output}}",
            "code": "azureml:/subscriptions/00000000-0000-0000-0000-000000000/resourceGroups/00000/providers/Microsoft.MachineLearningServices/workspaces/00000/codes/1b9e09b7-c5dc-4d00-8d87-555cbbbbbdb3/versions/1",
            "environment": "azureml:AzureML-sklearn-0.24-ubuntu18.04-py37-cpu:5",
            "name": "azureml_anonymous",
            "description": "A dummy evaluate component",
            "tags": {},
            "version": "000000000000000000000",
            "$schema": "https://azuremlschemas.azureedge.net/latest/commandComponent.schema.json",
            "display_name": "Eval Model",
            "is_deterministic": true,
            "inputs": {
              "scoring_result": {
                "type": "uri_folder"
              }
            },
            "outputs": {
              "eval_output": {
                "type": "uri_folder"
              }
            },
            "type": "command",
            "_source": "YAML.COMPONENT"
          }
        }
      },
      "StatusCode": 201,
      "ResponseHeaders": {
        "Cache-Control": "no-cache",
        "Content-Length": "1849",
        "Content-Type": "application/json; charset=utf-8",
        "Date": "Thu, 29 Sep 2022 21:26:26 GMT",
        "Expires": "-1",
        "Location": "https://management.azure.com/subscriptions/00000000-0000-0000-0000-000000000/resourceGroups/00000/providers/Microsoft.MachineLearningServices/workspaces/00000/components/azureml_anonymous/versions/000000000000000000000?api-version=2022-05-01",
        "Pragma": "no-cache",
        "Request-Context": "appId=cid-v1:17d65b70-e9ce-4ed5-9347-1f660ec782e9",
        "Server-Timing": "traceparent;desc=\u002200-5bfcf91941196cb2759afe1f1d8df1a6-3d837ffa4b602ca4-01\u0022",
        "Strict-Transport-Security": "max-age=31536000; includeSubDomains",
        "x-aml-cluster": "vienna-eastus2euap-02",
        "X-Content-Type-Options": "nosniff",
        "x-ms-correlation-request-id": "26dcb241-1a1d-491e-bda2-b77fea5659f1",
        "x-ms-ratelimit-remaining-subscription-writes": "995",
        "x-ms-response-type": "standard",
        "x-ms-routing-request-id": "WESTUS2:20220929T212627Z:26dcb241-1a1d-491e-bda2-b77fea5659f1",
        "x-request-time": "0.354"
      },
      "ResponseBody": {
        "id": "/subscriptions/00000000-0000-0000-0000-000000000/resourceGroups/00000/providers/Microsoft.MachineLearningServices/workspaces/00000/components/azureml_anonymous/versions/0c64af4b-c5c2-4124-9d9b-25cececdb538",
        "name": "0c64af4b-c5c2-4124-9d9b-25cececdb538",
        "type": "Microsoft.MachineLearningServices/workspaces/components/versions",
        "properties": {
          "description": null,
          "tags": {},
          "properties": {},
          "isArchived": false,
          "isAnonymous": true,
          "componentSpec": {
            "name": "azureml_anonymous",
            "version": "0c64af4b-c5c2-4124-9d9b-25cececdb538",
            "display_name": "Eval Model",
            "is_deterministic": "True",
            "type": "command",
            "description": "A dummy evaluate component",
            "inputs": {
              "scoring_result": {
                "type": "uri_folder",
                "optional": "False"
              }
            },
            "outputs": {
              "eval_output": {
                "type": "uri_folder"
              }
            },
            "code": "azureml:/subscriptions/00000000-0000-0000-0000-000000000/resourceGroups/00000/providers/Microsoft.MachineLearningServices/workspaces/00000/codes/1b9e09b7-c5dc-4d00-8d87-555cbbbbbdb3/versions/1",
            "environment": "azureml://registries/CuratedRegistry/environments/AzureML-sklearn-0.24-ubuntu18.04-py37-cpu/versions/5",
            "resources": {
              "instance_count": "1"
            },
            "command": "python eval.py --scoring_result ${{inputs.scoring_result}} --eval_output ${{outputs.eval_output}}",
            "$schema": "https://azuremlschemas.azureedge.net/latest/commandComponent.schema.json"
          }
        },
        "systemData": {
          "createdAt": "2022-09-29T19:34:56.3166031\u002B00:00",
          "createdBy": "Aditi Singhal",
          "createdByType": "User",
          "lastModifiedAt": "2022-09-29T19:34:56.4830187\u002B00:00",
          "lastModifiedBy": "Aditi Singhal",
          "lastModifiedByType": "User"
        }
      }
    },
    {
      "RequestUri": "https://management.azure.com/subscriptions/00000000-0000-0000-0000-000000000/resourceGroups/00000/providers/Microsoft.MachineLearningServices/workspaces/00000/components/azureml_anonymous/versions/000000000000000000000?api-version=2022-05-01",
      "RequestMethod": "PUT",
      "RequestHeaders": {
        "Accept": "application/json",
        "Accept-Encoding": "gzip, deflate",
        "Connection": "keep-alive",
        "Content-Length": "3240",
        "Content-Type": "application/json",
        "User-Agent": "azure-ai-ml/0.1.0 azsdk-python-mgmt-machinelearningservices/0.1.0 Python/3.8.5 (Windows-10-10.0.19041-SP0)"
      },
      "RequestBody": {
        "properties": {
          "description": "Dummy train-score-eval pipeline component with local components",
          "properties": {},
          "tags": {},
          "isAnonymous": true,
          "isArchived": false,
          "componentSpec": {
            "name": "azureml_anonymous",
            "description": "Dummy train-score-eval pipeline component with local components",
            "tags": {},
            "version": "000000000000000000000",
            "$schema": "https://azuremlschemas.azureedge.net/latest/pipelineComponent.schema.json",
            "display_name": "train_pipeline_component",
            "inputs": {
              "training_data": {
                "type": "uri_folder"
              },
              "test_data": {
                "type": "uri_folder"
              },
              "training_max_epocs": {
                "type": "integer",
                "optional": true
              },
              "training_learning_rate": {
                "type": "integer",
                "default": "1"
              },
              "learning_rate_schedule": {
                "type": "string",
                "default": "time-based"
              }
            },
            "outputs": {
              "trained_model": {
                "type": "uri_folder"
              },
              "evaluation_report": {
                "type": "uri_folder"
              }
            },
            "type": "pipeline",
            "jobs": {
              "train_job": {
                "resources": null,
                "distribution": null,
                "limits": null,
                "environment_variables": {},
                "name": null,
                "type": "command",
                "display_name": null,
                "tags": {},
                "computeId": null,
                "inputs": {
                  "training_data": {
                    "job_input_type": "literal",
                    "value": "${{parent.inputs.training_data}}"
                  },
                  "learning_rate": {
                    "job_input_type": "literal",
                    "value": "${{parent.inputs.training_learning_rate}}"
                  },
                  "learning_rate_schedule": {
                    "job_input_type": "literal",
                    "value": "${{parent.inputs.learning_rate_schedule}}"
                  }
                },
                "outputs": {
                  "model_output": {
                    "value": "${{parent.outputs.trained_model}}",
                    "type": "literal"
                  }
                },
                "properties": {},
                "_source": "YAML.COMPONENT",
                "componentId": "/subscriptions/00000000-0000-0000-0000-000000000/resourceGroups/00000/providers/Microsoft.MachineLearningServices/workspaces/00000/components/azureml_anonymous/versions/5833cd2f-367d-4b4f-bd9e-ebaaaed82491"
              },
              "score_job": {
                "resources": null,
                "distribution": null,
                "limits": null,
                "environment_variables": {},
                "name": null,
                "type": "command",
                "display_name": null,
                "tags": {},
                "computeId": null,
                "inputs": {
                  "model_input": {
                    "job_input_type": "literal",
                    "value": "${{parent.jobs.train_job.outputs.model_output}}"
                  },
                  "test_data": {
                    "job_input_type": "literal",
                    "value": "${{parent.inputs.test_data}}"
                  }
                },
                "outputs": {
                  "score_output": {
                    "mode": "Upload",
                    "job_output_type": "uri_folder"
                  }
                },
                "properties": {},
                "_source": "YAML.COMPONENT",
                "componentId": "/subscriptions/00000000-0000-0000-0000-000000000/resourceGroups/00000/providers/Microsoft.MachineLearningServices/workspaces/00000/components/azureml_anonymous/versions/ac0ddc5b-4eba-4ad6-84f9-7970c27062b5"
              },
              "evaluate_job": {
                "resources": null,
                "distribution": null,
                "limits": null,
                "environment_variables": {},
                "name": null,
                "type": "command",
                "display_name": null,
                "tags": {},
                "computeId": null,
                "inputs": {
                  "scoring_result": {
                    "job_input_type": "literal",
                    "value": "${{parent.jobs.score_job.outputs.score_output}}"
                  }
                },
                "outputs": {
                  "eval_output": {
                    "value": "${{parent.outputs.evaluation_report}}",
                    "type": "literal"
                  }
                },
                "properties": {},
                "_source": "YAML.COMPONENT",
                "componentId": "/subscriptions/00000000-0000-0000-0000-000000000/resourceGroups/00000/providers/Microsoft.MachineLearningServices/workspaces/00000/components/azureml_anonymous/versions/0c64af4b-c5c2-4124-9d9b-25cececdb538"
              }
            },
            "_source": "YAML.COMPONENT",
            "sourceJobId": null
          }
        }
      },
      "StatusCode": 201,
      "ResponseHeaders": {
        "Cache-Control": "no-cache",
        "Content-Length": "1930",
        "Content-Type": "application/json; charset=utf-8",
        "Date": "Thu, 29 Sep 2022 21:26:28 GMT",
        "Expires": "-1",
        "Location": "https://management.azure.com/subscriptions/00000000-0000-0000-0000-000000000/resourceGroups/00000/providers/Microsoft.MachineLearningServices/workspaces/00000/components/azureml_anonymous/versions/000000000000000000000?api-version=2022-05-01",
        "Pragma": "no-cache",
        "Request-Context": "appId=cid-v1:17d65b70-e9ce-4ed5-9347-1f660ec782e9",
        "Server-Timing": "traceparent;desc=\u002200-c45b0f716a142646985bf2640bccad23-0e281ae9333be8c8-01\u0022",
        "Strict-Transport-Security": "max-age=31536000; includeSubDomains",
        "x-aml-cluster": "vienna-eastus2euap-02",
        "X-Content-Type-Options": "nosniff",
        "x-ms-correlation-request-id": "23b8d24b-4e5c-4583-a01b-b2697a57f7ed",
        "x-ms-ratelimit-remaining-subscription-writes": "994",
        "x-ms-response-type": "standard",
        "x-ms-routing-request-id": "WESTUS2:20220929T212628Z:23b8d24b-4e5c-4583-a01b-b2697a57f7ed",
        "x-request-time": "1.134"
      },
      "ResponseBody": {
        "id": "/subscriptions/00000000-0000-0000-0000-000000000/resourceGroups/00000/providers/Microsoft.MachineLearningServices/workspaces/00000/components/azureml_anonymous/versions/0cc47168-560c-4e97-95cc-06d0fa629bd4",
        "name": "0cc47168-560c-4e97-95cc-06d0fa629bd4",
        "type": "Microsoft.MachineLearningServices/workspaces/components/versions",
        "properties": {
          "description": null,
          "tags": {},
          "properties": {},
          "isArchived": false,
          "isAnonymous": true,
          "componentSpec": {
            "name": "azureml_anonymous",
            "version": "0cc47168-560c-4e97-95cc-06d0fa629bd4",
            "display_name": "train_pipeline_component",
            "is_deterministic": "True",
            "type": "pipeline",
            "description": "Dummy train-score-eval pipeline component with local components",
            "inputs": {
              "training_data": {
                "type": "uri_folder",
                "optional": "False"
              },
              "test_data": {
                "type": "uri_folder",
                "optional": "False"
              },
              "training_max_epocs": {
                "type": "integer",
                "optional": "True"
              },
              "training_learning_rate": {
                "type": "integer",
                "optional": "False",
                "default": "1"
              },
              "learning_rate_schedule": {
                "type": "string",
                "optional": "False",
                "default": "time-based"
              }
            },
            "outputs": {
              "trained_model": {
                "type": "uri_folder"
              },
              "evaluation_report": {
                "type": "uri_folder"
              }
            },
            "$schema": "https://azuremlschemas.azureedge.net/latest/pipelineComponent.schema.json"
          }
        },
        "systemData": {
          "createdAt": "2022-09-29T21:26:28.6926099\u002B00:00",
          "createdBy": "Aditi Singhal",
          "createdByType": "User",
          "lastModifiedAt": "2022-09-29T21:26:28.6926099\u002B00:00",
          "lastModifiedBy": "Aditi Singhal",
          "lastModifiedByType": "User"
        }
      }
    },
    {
      "RequestUri": "https://management.azure.com/subscriptions/00000000-0000-0000-0000-000000000/resourceGroups/00000/providers/Microsoft.MachineLearningServices/workspaces/00000/datastores/workspaceblobstore?api-version=2022-05-01",
      "RequestMethod": "GET",
      "RequestHeaders": {
        "Accept": "application/json",
        "Accept-Encoding": "gzip, deflate",
        "Connection": "keep-alive",
        "User-Agent": "azure-ai-ml/0.1.0 azsdk-python-mgmt-machinelearningservices/0.1.0 Python/3.8.5 (Windows-10-10.0.19041-SP0)"
      },
      "RequestBody": null,
      "StatusCode": 200,
      "ResponseHeaders": {
        "Cache-Control": "no-cache",
        "Content-Encoding": "gzip",
        "Content-Type": "application/json; charset=utf-8",
        "Date": "Thu, 29 Sep 2022 21:26:28 GMT",
        "Expires": "-1",
        "Pragma": "no-cache",
        "Request-Context": "appId=cid-v1:17d65b70-e9ce-4ed5-9347-1f660ec782e9",
        "Server-Timing": "traceparent;desc=\u002200-ab0b49c5391457e53ae40b9a0862b494-fbb7701fc75cfe92-01\u0022",
        "Strict-Transport-Security": "max-age=31536000; includeSubDomains",
        "Transfer-Encoding": "chunked",
        "Vary": [
          "Accept-Encoding",
          "Accept-Encoding"
        ],
        "x-aml-cluster": "vienna-eastus2euap-02",
        "X-Content-Type-Options": "nosniff",
        "x-ms-correlation-request-id": "d40e1766-5fe7-4cfd-bf16-b53f55e95035",
        "x-ms-ratelimit-remaining-subscription-reads": "11694",
        "x-ms-response-type": "standard",
        "x-ms-routing-request-id": "WESTUS2:20220929T212629Z:d40e1766-5fe7-4cfd-bf16-b53f55e95035",
        "x-request-time": "0.083"
      },
      "ResponseBody": {
        "id": "/subscriptions/00000000-0000-0000-0000-000000000/resourceGroups/00000/providers/Microsoft.MachineLearningServices/workspaces/00000/datastores/workspaceblobstore",
        "name": "workspaceblobstore",
        "type": "Microsoft.MachineLearningServices/workspaces/datastores",
        "properties": {
          "description": null,
          "tags": null,
          "properties": null,
          "isDefault": true,
          "credentials": {
            "credentialsType": "AccountKey"
          },
          "datastoreType": "AzureBlob",
          "accountName": "saird7e2z7hlg4y",
          "containerName": "azureml-blobstore-d8f42f37-66eb-4dca-869e-f6357989e03e",
          "endpoint": "core.windows.net",
          "protocol": "https",
          "serviceDataAccessAuthIdentity": "WorkspaceSystemAssignedIdentity"
        },
        "systemData": {
          "createdAt": "2022-09-29T16:11:11.5415325\u002B00:00",
          "createdBy": "779301c0-18b2-4cdc-801b-a0a3368fee0a",
          "createdByType": "Application",
          "lastModifiedAt": "2022-09-29T16:11:12.3528103\u002B00:00",
          "lastModifiedBy": "779301c0-18b2-4cdc-801b-a0a3368fee0a",
          "lastModifiedByType": "Application"
        }
      }
    },
    {
      "RequestUri": "https://management.azure.com/subscriptions/00000000-0000-0000-0000-000000000/resourceGroups/00000/providers/Microsoft.MachineLearningServices/workspaces/00000/datastores/workspaceblobstore/listSecrets?api-version=2022-05-01",
      "RequestMethod": "POST",
      "RequestHeaders": {
        "Accept": "application/json",
        "Accept-Encoding": "gzip, deflate",
        "Connection": "keep-alive",
        "Content-Length": "0",
        "User-Agent": "azure-ai-ml/0.1.0 azsdk-python-mgmt-machinelearningservices/0.1.0 Python/3.8.5 (Windows-10-10.0.19041-SP0)"
      },
      "RequestBody": null,
      "StatusCode": 200,
      "ResponseHeaders": {
        "Cache-Control": "no-cache",
        "Content-Encoding": "gzip",
        "Content-Type": "application/json; charset=utf-8",
        "Date": "Thu, 29 Sep 2022 21:26:29 GMT",
        "Expires": "-1",
        "Pragma": "no-cache",
        "Request-Context": "appId=cid-v1:17d65b70-e9ce-4ed5-9347-1f660ec782e9",
        "Server-Timing": "traceparent;desc=\u002200-840dc2d1135b9eb9e4f6e6e9003df32e-f84a6e62afbadf83-01\u0022",
        "Strict-Transport-Security": "max-age=31536000; includeSubDomains",
        "Transfer-Encoding": "chunked",
        "Vary": "Accept-Encoding",
        "x-aml-cluster": "vienna-eastus2euap-02",
        "X-Content-Type-Options": "nosniff",
        "x-ms-correlation-request-id": "cae7d056-b782-49b7-beae-bf9ef6f25027",
        "x-ms-ratelimit-remaining-subscription-writes": "1033",
        "x-ms-response-type": "standard",
        "x-ms-routing-request-id": "WESTUS2:20220929T212629Z:cae7d056-b782-49b7-beae-bf9ef6f25027",
        "x-request-time": "0.094"
      },
      "ResponseBody": {
        "secretsType": "AccountKey",
        "key": "dGhpcyBpcyBmYWtlIGtleQ=="
      }
    },
    {
      "RequestUri": "https://saird7e2z7hlg4y.blob.core.windows.net/azureml-blobstore-d8f42f37-66eb-4dca-869e-f6357989e03e/LocalUpload/00000000000000000000000000000000/compare2_src/compare2.py",
      "RequestMethod": "HEAD",
      "RequestHeaders": {
        "Accept": "application/xml",
        "Accept-Encoding": "gzip, deflate",
        "Connection": "keep-alive",
        "User-Agent": "azsdk-python-storage-blob/12.9.0 Python/3.8.5 (Windows-10-10.0.19041-SP0)",
        "x-ms-date": "Thu, 29 Sep 2022 21:26:29 GMT",
        "x-ms-version": "2020-10-02"
      },
      "RequestBody": null,
      "StatusCode": 200,
      "ResponseHeaders": {
        "Accept-Ranges": "bytes",
        "Content-Length": "1320",
        "Content-MD5": "lhdlP3AmfdrQn\u002BPzTAYfwA==",
        "Content-Type": "application/octet-stream",
        "Date": "Thu, 29 Sep 2022 21:26:29 GMT",
        "ETag": "\u00220x8DAA251B75A0A0B\u0022",
        "Last-Modified": "Thu, 29 Sep 2022 19:35:07 GMT",
        "Server": [
          "Windows-Azure-Blob/1.0",
          "Microsoft-HTTPAPI/2.0"
        ],
        "Vary": "Origin",
        "x-ms-access-tier": "Hot",
        "x-ms-access-tier-inferred": "true",
        "x-ms-blob-type": "BlockBlob",
        "x-ms-creation-time": "Thu, 29 Sep 2022 19:35:07 GMT",
        "x-ms-lease-state": "available",
        "x-ms-lease-status": "unlocked",
        "x-ms-meta-name": "e39a42bf-0fe2-451a-a50b-f3716aa83681",
        "x-ms-meta-upload_status": "completed",
        "x-ms-meta-version": "1",
        "x-ms-server-encrypted": "true",
        "x-ms-version": "2020-10-02"
      },
      "ResponseBody": null
    },
    {
      "RequestUri": "https://saird7e2z7hlg4y.blob.core.windows.net/azureml-blobstore-d8f42f37-66eb-4dca-869e-f6357989e03e/az-ml-artifacts/00000000000000000000000000000000/compare2_src/compare2.py",
      "RequestMethod": "HEAD",
      "RequestHeaders": {
        "Accept": "application/xml",
        "Accept-Encoding": "gzip, deflate",
        "Connection": "keep-alive",
        "User-Agent": "azsdk-python-storage-blob/12.9.0 Python/3.8.5 (Windows-10-10.0.19041-SP0)",
        "x-ms-date": "Thu, 29 Sep 2022 21:26:29 GMT",
        "x-ms-version": "2020-10-02"
      },
      "RequestBody": null,
      "StatusCode": 404,
      "ResponseHeaders": {
        "Date": "Thu, 29 Sep 2022 21:26:29 GMT",
        "Server": [
          "Windows-Azure-Blob/1.0",
          "Microsoft-HTTPAPI/2.0"
        ],
        "Transfer-Encoding": "chunked",
        "Vary": "Origin",
        "x-ms-error-code": "BlobNotFound",
        "x-ms-version": "2020-10-02"
      },
      "ResponseBody": null
    },
    {
      "RequestUri": "https://management.azure.com/subscriptions/00000000-0000-0000-0000-000000000/resourceGroups/00000/providers/Microsoft.MachineLearningServices/workspaces/00000/codes/e39a42bf-0fe2-451a-a50b-f3716aa83681/versions/1?api-version=2022-05-01",
      "RequestMethod": "PUT",
      "RequestHeaders": {
        "Accept": "application/json",
        "Accept-Encoding": "gzip, deflate",
        "Connection": "keep-alive",
        "Content-Length": "301",
        "Content-Type": "application/json",
        "User-Agent": "azure-ai-ml/0.1.0 azsdk-python-mgmt-machinelearningservices/0.1.0 Python/3.8.5 (Windows-10-10.0.19041-SP0)"
      },
      "RequestBody": {
        "properties": {
          "properties": {
            "hash_sha256": "0000000000000",
            "hash_version": "0000000000000"
          },
          "isAnonymous": true,
          "isArchived": false,
          "codeUri": "https://saird7e2z7hlg4y.blob.core.windows.net/azureml-blobstore-d8f42f37-66eb-4dca-869e-f6357989e03e/LocalUpload/00000000000000000000000000000000/compare2_src"
        }
      },
      "StatusCode": 200,
      "ResponseHeaders": {
        "Cache-Control": "no-cache",
        "Content-Encoding": "gzip",
        "Content-Type": "application/json; charset=utf-8",
        "Date": "Thu, 29 Sep 2022 21:26:29 GMT",
        "Expires": "-1",
        "Pragma": "no-cache",
        "Request-Context": "appId=cid-v1:17d65b70-e9ce-4ed5-9347-1f660ec782e9",
        "Server-Timing": "traceparent;desc=\u002200-eaf70f81af71d14aa5d28576fc9b9670-f85b83518749d779-01\u0022",
        "Strict-Transport-Security": "max-age=31536000; includeSubDomains",
        "Transfer-Encoding": "chunked",
        "Vary": [
          "Accept-Encoding",
          "Accept-Encoding"
        ],
        "x-aml-cluster": "vienna-eastus2euap-02",
        "X-Content-Type-Options": "nosniff",
        "x-ms-correlation-request-id": "d2fff2eb-b356-4b94-8cc5-8399852547c9",
        "x-ms-ratelimit-remaining-subscription-writes": "993",
        "x-ms-response-type": "standard",
        "x-ms-routing-request-id": "WESTUS2:20220929T212630Z:d2fff2eb-b356-4b94-8cc5-8399852547c9",
        "x-request-time": "0.058"
      },
      "ResponseBody": {
        "id": "/subscriptions/00000000-0000-0000-0000-000000000/resourceGroups/00000/providers/Microsoft.MachineLearningServices/workspaces/00000/codes/e39a42bf-0fe2-451a-a50b-f3716aa83681/versions/1",
        "name": "1",
        "type": "Microsoft.MachineLearningServices/workspaces/codes/versions",
        "properties": {
          "description": null,
          "tags": {},
          "properties": {
            "hash_sha256": "0000000000000",
            "hash_version": "0000000000000"
          },
          "isArchived": false,
          "isAnonymous": false,
          "codeUri": "https://saird7e2z7hlg4y.blob.core.windows.net/azureml-blobstore-d8f42f37-66eb-4dca-869e-f6357989e03e/LocalUpload/00000000000000000000000000000000/compare2_src"
        },
        "systemData": {
          "createdAt": "2022-09-29T19:35:08.1422227\u002B00:00",
          "createdBy": "Aditi Singhal",
          "createdByType": "User",
          "lastModifiedAt": "2022-09-29T21:26:30.4026729\u002B00:00",
          "lastModifiedBy": "Aditi Singhal",
          "lastModifiedByType": "User"
        }
      }
    },
    {
      "RequestUri": "https://management.azure.com/subscriptions/00000000-0000-0000-0000-000000000/resourceGroups/00000/providers/Microsoft.MachineLearningServices/workspaces/00000/components/azureml_anonymous/versions/000000000000000000000?api-version=2022-05-01",
      "RequestMethod": "PUT",
      "RequestHeaders": {
        "Accept": "application/json",
        "Accept-Encoding": "gzip, deflate",
        "Connection": "keep-alive",
        "Content-Length": "1436",
        "Content-Type": "application/json",
        "User-Agent": "azure-ai-ml/0.1.0 azsdk-python-mgmt-machinelearningservices/0.1.0 Python/3.8.5 (Windows-10-10.0.19041-SP0)"
      },
      "RequestBody": {
        "properties": {
          "description": "A dummy comparison module takes two models as input and outputs the better one",
          "properties": {},
          "tags": {},
          "isAnonymous": true,
          "isArchived": false,
          "componentSpec": {
            "command": "python compare2.py $[[--model1 ${{inputs.model1}}]] $[[--eval_result1 ${{inputs.eval_result1}}]] $[[--model2 ${{inputs.model2}}]] $[[--eval_result2 ${{inputs.eval_result2}}]] --best_model ${{outputs.best_model}} --best_result ${{outputs.best_result}}",
            "code": "azureml:/subscriptions/00000000-0000-0000-0000-000000000/resourceGroups/00000/providers/Microsoft.MachineLearningServices/workspaces/00000/codes/e39a42bf-0fe2-451a-a50b-f3716aa83681/versions/1",
            "environment": "azureml:AzureML-sklearn-0.24-ubuntu18.04-py37-cpu:5",
            "name": "azureml_anonymous",
            "description": "A dummy comparison module takes two models as input and outputs the better one",
            "tags": {},
            "version": "000000000000000000000",
            "$schema": "https://azuremlschemas.azureedge.net/latest/commandComponent.schema.json",
            "display_name": "Compare 2 Models",
            "is_deterministic": true,
            "inputs": {
              "model1": {
                "type": "uri_folder",
                "optional": true
              },
              "eval_result1": {
                "type": "uri_folder",
                "optional": true
              },
              "model2": {
                "type": "uri_folder",
                "optional": true
              },
              "eval_result2": {
                "type": "uri_folder",
                "optional": true
              }
            },
            "outputs": {
              "best_model": {
                "type": "uri_folder"
              },
              "best_result": {
                "type": "uri_folder"
              }
            },
            "type": "command",
            "_source": "YAML.COMPONENT"
          }
        }
      },
      "StatusCode": 201,
      "ResponseHeaders": {
        "Cache-Control": "no-cache",
        "Content-Length": "2405",
        "Content-Type": "application/json; charset=utf-8",
        "Date": "Thu, 29 Sep 2022 21:26:30 GMT",
        "Expires": "-1",
        "Location": "https://management.azure.com/subscriptions/00000000-0000-0000-0000-000000000/resourceGroups/00000/providers/Microsoft.MachineLearningServices/workspaces/00000/components/azureml_anonymous/versions/000000000000000000000?api-version=2022-05-01",
        "Pragma": "no-cache",
        "Request-Context": "appId=cid-v1:17d65b70-e9ce-4ed5-9347-1f660ec782e9",
        "Server-Timing": "traceparent;desc=\u002200-8f1113a6de57fccb619cda18829abf06-50e2137974f032d0-01\u0022",
        "Strict-Transport-Security": "max-age=31536000; includeSubDomains",
        "x-aml-cluster": "vienna-eastus2euap-02",
        "X-Content-Type-Options": "nosniff",
        "x-ms-correlation-request-id": "da403de3-7d52-41b4-adf0-3815e45bda7d",
        "x-ms-ratelimit-remaining-subscription-writes": "992",
        "x-ms-response-type": "standard",
        "x-ms-routing-request-id": "WESTUS2:20220929T212631Z:da403de3-7d52-41b4-adf0-3815e45bda7d",
        "x-request-time": "0.350"
      },
      "ResponseBody": {
        "id": "/subscriptions/00000000-0000-0000-0000-000000000/resourceGroups/00000/providers/Microsoft.MachineLearningServices/workspaces/00000/components/azureml_anonymous/versions/1f8bc010-3c85-4554-9828-ad5630e83020",
        "name": "1f8bc010-3c85-4554-9828-ad5630e83020",
        "type": "Microsoft.MachineLearningServices/workspaces/components/versions",
        "properties": {
          "description": null,
          "tags": {},
          "properties": {},
          "isArchived": false,
          "isAnonymous": true,
          "componentSpec": {
            "name": "azureml_anonymous",
            "version": "1f8bc010-3c85-4554-9828-ad5630e83020",
            "display_name": "Compare 2 Models",
            "is_deterministic": "True",
            "type": "command",
            "description": "A dummy comparison module takes two models as input and outputs the better one",
            "inputs": {
              "model1": {
                "type": "uri_folder",
                "optional": "True"
              },
              "eval_result1": {
                "type": "uri_folder",
                "optional": "True"
              },
              "model2": {
                "type": "uri_folder",
                "optional": "True"
              },
              "eval_result2": {
                "type": "uri_folder",
                "optional": "True"
              }
            },
            "outputs": {
              "best_model": {
                "type": "uri_folder"
              },
              "best_result": {
                "type": "uri_folder"
              }
            },
            "code": "azureml:/subscriptions/00000000-0000-0000-0000-000000000/resourceGroups/00000/providers/Microsoft.MachineLearningServices/workspaces/00000/codes/e39a42bf-0fe2-451a-a50b-f3716aa83681/versions/1",
            "environment": "azureml://registries/CuratedRegistry/environments/AzureML-sklearn-0.24-ubuntu18.04-py37-cpu/versions/5",
            "resources": {
              "instance_count": "1"
            },
            "command": "python compare2.py $[[--model1 ${{inputs.model1}}]] $[[--eval_result1 ${{inputs.eval_result1}}]] $[[--model2 ${{inputs.model2}}]] $[[--eval_result2 ${{inputs.eval_result2}}]] --best_model ${{outputs.best_model}} --best_result ${{outputs.best_result}}",
            "$schema": "https://azuremlschemas.azureedge.net/latest/commandComponent.schema.json"
          }
        },
        "systemData": {
          "createdAt": "2022-09-29T19:35:08.8183172\u002B00:00",
          "createdBy": "Aditi Singhal",
          "createdByType": "User",
          "lastModifiedAt": "2022-09-29T19:35:08.9745107\u002B00:00",
          "lastModifiedBy": "Aditi Singhal",
          "lastModifiedByType": "User"
        }
      }
    },
    {
      "RequestUri": "https://management.azure.com/subscriptions/00000000-0000-0000-0000-000000000/resourceGroups/00000/providers/Microsoft.MachineLearningServices/workspaces/00000/datastores/workspaceblobstore?api-version=2022-05-01",
      "RequestMethod": "GET",
      "RequestHeaders": {
        "Accept": "application/json",
        "Accept-Encoding": "gzip, deflate",
        "Connection": "keep-alive",
        "User-Agent": "azure-ai-ml/0.1.0 azsdk-python-mgmt-machinelearningservices/0.1.0 Python/3.8.5 (Windows-10-10.0.19041-SP0)"
      },
      "RequestBody": null,
      "StatusCode": 200,
      "ResponseHeaders": {
        "Cache-Control": "no-cache",
        "Content-Encoding": "gzip",
        "Content-Type": "application/json; charset=utf-8",
        "Date": "Thu, 29 Sep 2022 21:26:30 GMT",
        "Expires": "-1",
        "Pragma": "no-cache",
        "Request-Context": "appId=cid-v1:17d65b70-e9ce-4ed5-9347-1f660ec782e9",
        "Server-Timing": "traceparent;desc=\u002200-8e1a70f7eb663f965e101346df6d97a5-fae1ef89050a37e1-01\u0022",
        "Strict-Transport-Security": "max-age=31536000; includeSubDomains",
        "Transfer-Encoding": "chunked",
        "Vary": [
          "Accept-Encoding",
          "Accept-Encoding"
        ],
        "x-aml-cluster": "vienna-eastus2euap-02",
        "X-Content-Type-Options": "nosniff",
        "x-ms-correlation-request-id": "e9bd53bb-6727-4e0c-8d36-de9bd8c143bd",
        "x-ms-ratelimit-remaining-subscription-reads": "11693",
        "x-ms-response-type": "standard",
        "x-ms-routing-request-id": "WESTUS2:20220929T212631Z:e9bd53bb-6727-4e0c-8d36-de9bd8c143bd",
        "x-request-time": "0.088"
      },
      "ResponseBody": {
        "id": "/subscriptions/00000000-0000-0000-0000-000000000/resourceGroups/00000/providers/Microsoft.MachineLearningServices/workspaces/00000/datastores/workspaceblobstore",
        "name": "workspaceblobstore",
        "type": "Microsoft.MachineLearningServices/workspaces/datastores",
        "properties": {
          "description": null,
          "tags": null,
          "properties": null,
          "isDefault": true,
          "credentials": {
            "credentialsType": "AccountKey"
          },
          "datastoreType": "AzureBlob",
          "accountName": "saird7e2z7hlg4y",
          "containerName": "azureml-blobstore-d8f42f37-66eb-4dca-869e-f6357989e03e",
          "endpoint": "core.windows.net",
          "protocol": "https",
          "serviceDataAccessAuthIdentity": "WorkspaceSystemAssignedIdentity"
        },
        "systemData": {
          "createdAt": "2022-09-29T16:11:11.5415325\u002B00:00",
          "createdBy": "779301c0-18b2-4cdc-801b-a0a3368fee0a",
          "createdByType": "Application",
          "lastModifiedAt": "2022-09-29T16:11:12.3528103\u002B00:00",
          "lastModifiedBy": "779301c0-18b2-4cdc-801b-a0a3368fee0a",
          "lastModifiedByType": "Application"
        }
      }
    },
    {
      "RequestUri": "https://management.azure.com/subscriptions/00000000-0000-0000-0000-000000000/resourceGroups/00000/providers/Microsoft.MachineLearningServices/workspaces/00000/datastores/workspaceblobstore/listSecrets?api-version=2022-05-01",
      "RequestMethod": "POST",
      "RequestHeaders": {
        "Accept": "application/json",
        "Accept-Encoding": "gzip, deflate",
        "Connection": "keep-alive",
        "Content-Length": "0",
        "User-Agent": "azure-ai-ml/0.1.0 azsdk-python-mgmt-machinelearningservices/0.1.0 Python/3.8.5 (Windows-10-10.0.19041-SP0)"
      },
      "RequestBody": null,
      "StatusCode": 200,
      "ResponseHeaders": {
        "Cache-Control": "no-cache",
        "Content-Encoding": "gzip",
        "Content-Type": "application/json; charset=utf-8",
        "Date": "Thu, 29 Sep 2022 21:26:31 GMT",
        "Expires": "-1",
        "Pragma": "no-cache",
        "Request-Context": "appId=cid-v1:17d65b70-e9ce-4ed5-9347-1f660ec782e9",
        "Server-Timing": "traceparent;desc=\u002200-53b1fb81d440143f2e84964601a4ac79-e450bed45dfad578-01\u0022",
        "Strict-Transport-Security": "max-age=31536000; includeSubDomains",
        "Transfer-Encoding": "chunked",
        "Vary": "Accept-Encoding",
        "x-aml-cluster": "vienna-eastus2euap-02",
        "X-Content-Type-Options": "nosniff",
        "x-ms-correlation-request-id": "0eda6d18-064e-4b4e-b21a-ef05025b28fd",
        "x-ms-ratelimit-remaining-subscription-writes": "1032",
        "x-ms-response-type": "standard",
        "x-ms-routing-request-id": "WESTUS2:20220929T212632Z:0eda6d18-064e-4b4e-b21a-ef05025b28fd",
        "x-request-time": "0.103"
      },
      "ResponseBody": {
        "secretsType": "AccountKey",
        "key": "dGhpcyBpcyBmYWtlIGtleQ=="
      }
    },
    {
      "RequestUri": "https://saird7e2z7hlg4y.blob.core.windows.net/azureml-blobstore-d8f42f37-66eb-4dca-869e-f6357989e03e/LocalUpload/00000000000000000000000000000000/data/sample.csv",
      "RequestMethod": "HEAD",
      "RequestHeaders": {
        "Accept": "application/xml",
        "Accept-Encoding": "gzip, deflate",
        "Connection": "keep-alive",
        "User-Agent": "azsdk-python-storage-blob/12.9.0 Python/3.8.5 (Windows-10-10.0.19041-SP0)",
        "x-ms-date": "Thu, 29 Sep 2022 21:26:32 GMT",
        "x-ms-version": "2020-10-02"
      },
      "RequestBody": null,
      "StatusCode": 200,
      "ResponseHeaders": {
        "Accept-Ranges": "bytes",
        "Content-Length": "508",
        "Content-MD5": "dUQjYq1qrTeqLOaZ4N2AUQ==",
        "Content-Type": "application/octet-stream",
        "Date": "Thu, 29 Sep 2022 21:26:31 GMT",
        "ETag": "\u00220x8DAA251B8B5AC0C\u0022",
        "Last-Modified": "Thu, 29 Sep 2022 19:35:10 GMT",
        "Server": [
          "Windows-Azure-Blob/1.0",
          "Microsoft-HTTPAPI/2.0"
        ],
        "Vary": "Origin",
        "x-ms-access-tier": "Hot",
        "x-ms-access-tier-inferred": "true",
        "x-ms-blob-type": "BlockBlob",
        "x-ms-creation-time": "Thu, 29 Sep 2022 19:35:10 GMT",
        "x-ms-lease-state": "available",
        "x-ms-lease-status": "unlocked",
        "x-ms-meta-name": "50a70142-55dd-495d-ac43-5597854f286f",
        "x-ms-meta-upload_status": "completed",
        "x-ms-meta-version": "e5a949c2-b0c4-4d42-8efb-f766b5d6ecf8",
        "x-ms-server-encrypted": "true",
        "x-ms-version": "2020-10-02"
      },
      "ResponseBody": null
    },
    {
      "RequestUri": "https://saird7e2z7hlg4y.blob.core.windows.net/azureml-blobstore-d8f42f37-66eb-4dca-869e-f6357989e03e/az-ml-artifacts/00000000000000000000000000000000/data/sample.csv",
      "RequestMethod": "HEAD",
      "RequestHeaders": {
        "Accept": "application/xml",
        "Accept-Encoding": "gzip, deflate",
        "Connection": "keep-alive",
        "User-Agent": "azsdk-python-storage-blob/12.9.0 Python/3.8.5 (Windows-10-10.0.19041-SP0)",
        "x-ms-date": "Thu, 29 Sep 2022 21:26:32 GMT",
        "x-ms-version": "2020-10-02"
      },
      "RequestBody": null,
      "StatusCode": 404,
      "ResponseHeaders": {
        "Date": "Thu, 29 Sep 2022 21:26:31 GMT",
        "Server": [
          "Windows-Azure-Blob/1.0",
          "Microsoft-HTTPAPI/2.0"
        ],
        "Transfer-Encoding": "chunked",
        "Vary": "Origin",
        "x-ms-error-code": "BlobNotFound",
        "x-ms-version": "2020-10-02"
      },
      "ResponseBody": null
    },
    {
      "RequestUri": "https://management.azure.com/subscriptions/00000000-0000-0000-0000-000000000/resourceGroups/00000/providers/Microsoft.MachineLearningServices/workspaces/00000/datastores/workspaceblobstore?api-version=2022-05-01",
      "RequestMethod": "GET",
      "RequestHeaders": {
        "Accept": "application/json",
        "Accept-Encoding": "gzip, deflate",
        "Connection": "keep-alive",
        "User-Agent": "azure-ai-ml/0.1.0 azsdk-python-mgmt-machinelearningservices/0.1.0 Python/3.8.5 (Windows-10-10.0.19041-SP0)"
      },
      "RequestBody": null,
      "StatusCode": 200,
      "ResponseHeaders": {
        "Cache-Control": "no-cache",
        "Content-Encoding": "gzip",
        "Content-Type": "application/json; charset=utf-8",
        "Date": "Thu, 29 Sep 2022 21:26:32 GMT",
        "Expires": "-1",
        "Pragma": "no-cache",
        "Request-Context": "appId=cid-v1:17d65b70-e9ce-4ed5-9347-1f660ec782e9",
        "Server-Timing": "traceparent;desc=\u002200-a513913631ed6f29b63ee215fc1051be-3af5685f1c015c74-01\u0022",
        "Strict-Transport-Security": "max-age=31536000; includeSubDomains",
        "Transfer-Encoding": "chunked",
        "Vary": [
          "Accept-Encoding",
          "Accept-Encoding"
        ],
        "x-aml-cluster": "vienna-eastus2euap-02",
        "X-Content-Type-Options": "nosniff",
        "x-ms-correlation-request-id": "1e8800e0-f0ed-4dd0-b8ea-6fad2dd91462",
        "x-ms-ratelimit-remaining-subscription-reads": "11692",
        "x-ms-response-type": "standard",
        "x-ms-routing-request-id": "WESTUS2:20220929T212632Z:1e8800e0-f0ed-4dd0-b8ea-6fad2dd91462",
        "x-request-time": "0.088"
      },
      "ResponseBody": {
        "id": "/subscriptions/00000000-0000-0000-0000-000000000/resourceGroups/00000/providers/Microsoft.MachineLearningServices/workspaces/00000/datastores/workspaceblobstore",
        "name": "workspaceblobstore",
        "type": "Microsoft.MachineLearningServices/workspaces/datastores",
        "properties": {
          "description": null,
          "tags": null,
          "properties": null,
          "isDefault": true,
          "credentials": {
            "credentialsType": "AccountKey"
          },
          "datastoreType": "AzureBlob",
          "accountName": "saird7e2z7hlg4y",
          "containerName": "azureml-blobstore-d8f42f37-66eb-4dca-869e-f6357989e03e",
          "endpoint": "core.windows.net",
          "protocol": "https",
          "serviceDataAccessAuthIdentity": "WorkspaceSystemAssignedIdentity"
        },
        "systemData": {
          "createdAt": "2022-09-29T16:11:11.5415325\u002B00:00",
          "createdBy": "779301c0-18b2-4cdc-801b-a0a3368fee0a",
          "createdByType": "Application",
          "lastModifiedAt": "2022-09-29T16:11:12.3528103\u002B00:00",
          "lastModifiedBy": "779301c0-18b2-4cdc-801b-a0a3368fee0a",
          "lastModifiedByType": "Application"
        }
      }
    },
    {
      "RequestUri": "https://management.azure.com/subscriptions/00000000-0000-0000-0000-000000000/resourceGroups/00000/providers/Microsoft.MachineLearningServices/workspaces/00000/datastores/workspaceblobstore/listSecrets?api-version=2022-05-01",
      "RequestMethod": "POST",
      "RequestHeaders": {
        "Accept": "application/json",
        "Accept-Encoding": "gzip, deflate",
        "Connection": "keep-alive",
        "Content-Length": "0",
        "User-Agent": "azure-ai-ml/0.1.0 azsdk-python-mgmt-machinelearningservices/0.1.0 Python/3.8.5 (Windows-10-10.0.19041-SP0)"
      },
      "RequestBody": null,
      "StatusCode": 200,
      "ResponseHeaders": {
        "Cache-Control": "no-cache",
        "Content-Encoding": "gzip",
        "Content-Type": "application/json; charset=utf-8",
        "Date": "Thu, 29 Sep 2022 21:26:32 GMT",
        "Expires": "-1",
        "Pragma": "no-cache",
        "Request-Context": "appId=cid-v1:17d65b70-e9ce-4ed5-9347-1f660ec782e9",
        "Server-Timing": "traceparent;desc=\u002200-26bf574f31f53feeddb8254bc1d2d528-871cb2fd28152e90-01\u0022",
        "Strict-Transport-Security": "max-age=31536000; includeSubDomains",
        "Transfer-Encoding": "chunked",
        "Vary": "Accept-Encoding",
        "x-aml-cluster": "vienna-eastus2euap-02",
        "X-Content-Type-Options": "nosniff",
        "x-ms-correlation-request-id": "a42bc5ab-a190-4849-9202-7a066b5641e0",
        "x-ms-ratelimit-remaining-subscription-writes": "1031",
        "x-ms-response-type": "standard",
        "x-ms-routing-request-id": "WESTUS2:20220929T212632Z:a42bc5ab-a190-4849-9202-7a066b5641e0",
        "x-request-time": "0.098"
      },
      "ResponseBody": {
        "secretsType": "AccountKey",
        "key": "dGhpcyBpcyBmYWtlIGtleQ=="
      }
    },
    {
      "RequestUri": "https://saird7e2z7hlg4y.blob.core.windows.net/azureml-blobstore-d8f42f37-66eb-4dca-869e-f6357989e03e/LocalUpload/00000000000000000000000000000000/data/sample.csv",
      "RequestMethod": "HEAD",
      "RequestHeaders": {
        "Accept": "application/xml",
        "Accept-Encoding": "gzip, deflate",
        "Connection": "keep-alive",
        "User-Agent": "azsdk-python-storage-blob/12.9.0 Python/3.8.5 (Windows-10-10.0.19041-SP0)",
        "x-ms-date": "Thu, 29 Sep 2022 21:26:33 GMT",
        "x-ms-version": "2020-10-02"
      },
      "RequestBody": null,
      "StatusCode": 200,
      "ResponseHeaders": {
        "Accept-Ranges": "bytes",
        "Content-Length": "508",
        "Content-MD5": "dUQjYq1qrTeqLOaZ4N2AUQ==",
        "Content-Type": "application/octet-stream",
        "Date": "Thu, 29 Sep 2022 21:26:32 GMT",
        "ETag": "\u00220x8DAA251B8B5AC0C\u0022",
        "Last-Modified": "Thu, 29 Sep 2022 19:35:10 GMT",
        "Server": [
          "Windows-Azure-Blob/1.0",
          "Microsoft-HTTPAPI/2.0"
        ],
        "Vary": "Origin",
        "x-ms-access-tier": "Hot",
        "x-ms-access-tier-inferred": "true",
        "x-ms-blob-type": "BlockBlob",
        "x-ms-creation-time": "Thu, 29 Sep 2022 19:35:10 GMT",
        "x-ms-lease-state": "available",
        "x-ms-lease-status": "unlocked",
        "x-ms-meta-name": "50a70142-55dd-495d-ac43-5597854f286f",
        "x-ms-meta-upload_status": "completed",
        "x-ms-meta-version": "e5a949c2-b0c4-4d42-8efb-f766b5d6ecf8",
        "x-ms-server-encrypted": "true",
        "x-ms-version": "2020-10-02"
      },
      "ResponseBody": null
    },
    {
      "RequestUri": "https://saird7e2z7hlg4y.blob.core.windows.net/azureml-blobstore-d8f42f37-66eb-4dca-869e-f6357989e03e/az-ml-artifacts/00000000000000000000000000000000/data/sample.csv",
      "RequestMethod": "HEAD",
      "RequestHeaders": {
        "Accept": "application/xml",
        "Accept-Encoding": "gzip, deflate",
        "Connection": "keep-alive",
        "User-Agent": "azsdk-python-storage-blob/12.9.0 Python/3.8.5 (Windows-10-10.0.19041-SP0)",
        "x-ms-date": "Thu, 29 Sep 2022 21:26:33 GMT",
        "x-ms-version": "2020-10-02"
      },
      "RequestBody": null,
      "StatusCode": 404,
      "ResponseHeaders": {
        "Date": "Thu, 29 Sep 2022 21:26:32 GMT",
        "Server": [
          "Windows-Azure-Blob/1.0",
          "Microsoft-HTTPAPI/2.0"
        ],
        "Transfer-Encoding": "chunked",
        "Vary": "Origin",
        "x-ms-error-code": "BlobNotFound",
        "x-ms-version": "2020-10-02"
      },
      "ResponseBody": null
    },
    {
      "RequestUri": "https://management.azure.com/subscriptions/00000000-0000-0000-0000-000000000/resourceGroups/00000/providers/Microsoft.MachineLearningServices/workspaces/00000/jobs/test_745757207023?api-version=2022-06-01-preview",
      "RequestMethod": "PUT",
      "RequestHeaders": {
        "Accept": "application/json",
        "Accept-Encoding": "gzip, deflate",
        "Connection": "keep-alive",
        "Content-Length": "4408",
        "Content-Type": "application/json",
        "User-Agent": "azure-ai-ml/0.1.0 azsdk-python-mgmt-machinelearningservices/0.1.0 Python/3.8.5 (Windows-10-10.0.19041-SP0)"
      },
      "RequestBody": {
        "properties": {
          "description": "Select best model trained with different learning rate",
          "properties": {},
          "tags": {},
          "displayName": "pipeline_with_pipeline_component",
          "experimentName": "pipeline_with_pipeline_component",
          "isArchived": false,
          "jobType": "Pipeline",
          "inputs": {
            "pipeline_job_training_data": {
              "uri": "azureml://datastores/workspaceblobstore/paths/LocalUpload/00000000000000000000000000000000/data/",
              "jobInputType": "uri_folder"
            },
            "pipeline_job_test_data": {
              "uri": "azureml://datastores/workspaceblobstore/paths/LocalUpload/00000000000000000000000000000000/data/",
              "jobInputType": "uri_folder"
            },
            "pipeline_job_training_learning_rate1": {
              "jobInputType": "literal",
              "value": "0.1"
            },
            "pipeline_job_training_learning_rate2": {
              "jobInputType": "literal",
              "value": "0.01"
            }
          },
          "jobs": {
            "train_and_evaludate_model1": {
              "name": "train_and_evaludate_model1",
              "type": "pipeline",
              "display_name": null,
              "tags": {},
              "computeId": null,
              "inputs": {
                "training_data": {
                  "job_input_type": "literal",
                  "value": "${{parent.inputs.pipeline_job_training_data}}"
                },
                "test_data": {
                  "job_input_type": "literal",
                  "value": "${{parent.inputs.pipeline_job_test_data}}"
                },
                "training_learning_rate": {
                  "job_input_type": "literal",
                  "value": "${{parent.inputs.pipeline_job_training_learning_rate1}}"
                },
                "training_max_epocs": {
                  "job_input_type": "literal",
                  "value": "20"
                }
              },
              "outputs": {},
              "properties": {},
              "_source": "YAML.COMPONENT",
              "componentId": "/subscriptions/00000000-0000-0000-0000-000000000/resourceGroups/00000/providers/Microsoft.MachineLearningServices/workspaces/00000/components/azureml_anonymous/versions/83be60f2-0860-4a0a-ab65-30cc69a61540"
            },
            "train_and_evaludate_model2": {
              "name": "train_and_evaludate_model2",
              "type": "pipeline",
              "display_name": null,
              "tags": {},
              "computeId": null,
              "inputs": {
                "training_data": {
                  "job_input_type": "literal",
                  "value": "${{parent.inputs.pipeline_job_training_data}}"
                },
                "test_data": {
                  "job_input_type": "literal",
                  "value": "${{parent.inputs.pipeline_job_test_data}}"
                },
                "training_learning_rate": {
                  "job_input_type": "literal",
                  "value": "${{parent.inputs.pipeline_job_training_learning_rate2}}"
                },
                "training_max_epocs": {
                  "job_input_type": "literal",
                  "value": "20"
                }
              },
              "outputs": {},
              "properties": {},
              "_source": "YAML.COMPONENT",
              "componentId": "/subscriptions/00000000-0000-0000-0000-000000000/resourceGroups/00000/providers/Microsoft.MachineLearningServices/workspaces/00000/components/azureml_anonymous/versions/0cc47168-560c-4e97-95cc-06d0fa629bd4"
            },
            "compare": {
              "resources": null,
              "distribution": null,
              "limits": null,
              "environment_variables": {},
              "name": "compare",
              "type": "command",
              "display_name": null,
              "tags": {},
              "computeId": "/subscriptions/00000000-0000-0000-0000-000000000/resourceGroups/00000/providers/Microsoft.MachineLearningServices/workspaces/00000/computes/cpu-cluster",
              "inputs": {
                "model1": {
                  "job_input_type": "literal",
                  "value": "${{parent.jobs.train_and_evaludate_model1.outputs.trained_model}}"
                },
                "eval_result1": {
                  "job_input_type": "literal",
                  "value": "${{parent.jobs.train_and_evaludate_model1.outputs.evaluation_report}}"
                },
                "model2": {
                  "job_input_type": "literal",
                  "value": "${{parent.jobs.train_and_evaludate_model2.outputs.trained_model}}"
                },
                "eval_result2": {
                  "job_input_type": "literal",
                  "value": "${{parent.jobs.train_and_evaludate_model2.outputs.evaluation_report}}"
                }
              },
              "outputs": {
                "best_model": {
                  "value": "${{parent.outputs.pipeline_job_best_model}}",
                  "type": "literal"
                },
                "best_result": {
                  "value": "${{parent.outputs.pipeline_job_best_result}}",
                  "type": "literal"
                }
              },
              "properties": {},
              "_source": "YAML.COMPONENT",
              "componentId": "/subscriptions/00000000-0000-0000-0000-000000000/resourceGroups/00000/providers/Microsoft.MachineLearningServices/workspaces/00000/components/azureml_anonymous/versions/1f8bc010-3c85-4554-9828-ad5630e83020"
            }
          },
          "outputs": {
            "pipeline_job_best_model": {
              "mode": "Upload",
              "jobOutputType": "uri_folder"
            },
            "pipeline_job_best_result": {
              "mode": "Upload",
              "jobOutputType": "uri_folder"
            }
          },
          "settings": {
            "default_compute": "/subscriptions/00000000-0000-0000-0000-000000000/resourceGroups/00000/providers/Microsoft.MachineLearningServices/workspaces/00000/computes/cpu-cluster",
            "default_datastore": "/subscriptions/00000000-0000-0000-0000-000000000/resourceGroups/00000/providers/Microsoft.MachineLearningServices/workspaces/00000/datastores/workspaceblobstore",
            "continue_on_step_failure": false,
            "force_rerun": true,
            "_source": "YAML.JOB"
          }
        }
      },
      "StatusCode": 201,
      "ResponseHeaders": {
        "Cache-Control": "no-cache",
        "Content-Length": "7797",
        "Content-Type": "application/json; charset=utf-8",
        "Date": "Thu, 29 Sep 2022 21:26:40 GMT",
        "Expires": "-1",
        "Location": "https://management.azure.com/subscriptions/00000000-0000-0000-0000-000000000/resourceGroups/00000/providers/Microsoft.MachineLearningServices/workspaces/00000/jobs/test_745757207023?api-version=2022-06-01-preview",
        "Pragma": "no-cache",
        "Request-Context": "appId=cid-v1:17d65b70-e9ce-4ed5-9347-1f660ec782e9",
        "Server-Timing": "traceparent;desc=\u002200-dd19ba5dda2452294690756a7696daf6-218917e8a2aedf96-01\u0022",
        "Strict-Transport-Security": "max-age=31536000; includeSubDomains",
        "x-aml-cluster": "vienna-eastus2euap-02",
        "X-Content-Type-Options": "nosniff",
        "x-ms-correlation-request-id": "f7ddc374-5916-40c8-98aa-850e60d80057",
        "x-ms-ratelimit-remaining-subscription-writes": "991",
        "x-ms-response-type": "standard",
        "x-ms-routing-request-id": "WESTUS2:20220929T212640Z:f7ddc374-5916-40c8-98aa-850e60d80057",
        "x-request-time": "5.973"
      },
      "ResponseBody": {
        "id": "/subscriptions/00000000-0000-0000-0000-000000000/resourceGroups/00000/providers/Microsoft.MachineLearningServices/workspaces/00000/jobs/test_745757207023",
        "name": "test_745757207023",
        "type": "Microsoft.MachineLearningServices/workspaces/jobs",
        "properties": {
          "description": "Select best model trained with different learning rate",
          "tags": {},
          "properties": {
            "azureml.DevPlatv2": "true",
            "azureml.runsource": "azureml.PipelineRun",
            "runSource": "MFE",
            "runType": "HTTP",
            "azureml.parameters": "{\u0022pipeline_job_training_learning_rate1\u0022:\u00220.1\u0022,\u0022pipeline_job_training_learning_rate2\u0022:\u00220.01\u0022}",
            "azureml.continue_on_step_failure": "False",
            "azureml.continue_on_failed_optional_input": "True",
            "azureml.enforceRerun": "True",
            "azureml.defaultComputeName": "cpu-cluster",
            "azureml.defaultDataStoreName": "workspaceblobstore",
            "azureml.pipelineComponent": "pipelinerun"
          },
          "displayName": "pipeline_with_pipeline_component",
          "status": "Preparing",
          "experimentName": "pipeline_with_pipeline_component",
          "services": {
            "Tracking": {
              "jobServiceType": "Tracking",
              "port": null,
              "endpoint": "azureml://eastus2euap.api.azureml.ms/mlflow/v1.0/subscriptions/00000000-0000-0000-0000-000000000/resourceGroups/00000/providers/Microsoft.MachineLearningServices/workspaces/00000?",
              "status": null,
              "errorMessage": null,
              "properties": null
            },
            "Studio": {
              "jobServiceType": "Studio",
              "port": null,
              "endpoint": "https://ml.azure.com/runs/test_745757207023?wsid=/subscriptions/00000000-0000-0000-0000-000000000/resourcegroups/00000/workspaces/00000",
              "status": null,
              "errorMessage": null,
              "properties": null
            }
          },
          "computeId": null,
          "isArchived": false,
          "identity": null,
          "componentId": null,
          "jobType": "Pipeline",
          "settings": {
            "default_compute": "/subscriptions/00000000-0000-0000-0000-000000000/resourceGroups/00000/providers/Microsoft.MachineLearningServices/workspaces/00000/computes/cpu-cluster",
            "default_datastore": "/subscriptions/00000000-0000-0000-0000-000000000/resourceGroups/00000/providers/Microsoft.MachineLearningServices/workspaces/00000/datastores/workspaceblobstore",
            "continue_on_step_failure": false,
            "force_rerun": true,
            "_source": "YAML.JOB"
          },
          "jobs": {
            "train_and_evaludate_model1": {
              "name": "train_and_evaludate_model1",
              "type": "pipeline",
              "display_name": null,
              "tags": {},
              "computeId": null,
              "inputs": {
                "training_data": {
                  "job_input_type": "literal",
                  "value": "${{parent.inputs.pipeline_job_training_data}}"
                },
                "test_data": {
                  "job_input_type": "literal",
                  "value": "${{parent.inputs.pipeline_job_test_data}}"
                },
                "training_learning_rate": {
                  "job_input_type": "literal",
                  "value": "${{parent.inputs.pipeline_job_training_learning_rate1}}"
                },
                "training_max_epocs": {
                  "job_input_type": "literal",
                  "value": "20"
                }
              },
              "outputs": {},
              "properties": {},
              "_source": "YAML.COMPONENT",
              "componentId": "/subscriptions/00000000-0000-0000-0000-000000000/resourceGroups/00000/providers/Microsoft.MachineLearningServices/workspaces/00000/components/azureml_anonymous/versions/83be60f2-0860-4a0a-ab65-30cc69a61540"
            },
            "train_and_evaludate_model2": {
              "name": "train_and_evaludate_model2",
              "type": "pipeline",
              "display_name": null,
              "tags": {},
              "computeId": null,
              "inputs": {
                "training_data": {
                  "job_input_type": "literal",
                  "value": "${{parent.inputs.pipeline_job_training_data}}"
                },
                "test_data": {
                  "job_input_type": "literal",
                  "value": "${{parent.inputs.pipeline_job_test_data}}"
                },
                "training_learning_rate": {
                  "job_input_type": "literal",
                  "value": "${{parent.inputs.pipeline_job_training_learning_rate2}}"
                },
                "training_max_epocs": {
                  "job_input_type": "literal",
                  "value": "20"
                }
              },
              "outputs": {},
              "properties": {},
              "_source": "YAML.COMPONENT",
              "componentId": "/subscriptions/00000000-0000-0000-0000-000000000/resourceGroups/00000/providers/Microsoft.MachineLearningServices/workspaces/00000/components/azureml_anonymous/versions/0cc47168-560c-4e97-95cc-06d0fa629bd4"
            },
            "compare": {
              "resources": null,
              "distribution": null,
              "limits": null,
              "environment_variables": {},
              "name": "compare",
              "type": "command",
              "display_name": null,
              "tags": {},
              "computeId": "/subscriptions/00000000-0000-0000-0000-000000000/resourceGroups/00000/providers/Microsoft.MachineLearningServices/workspaces/00000/computes/cpu-cluster",
              "inputs": {
                "model1": {
                  "job_input_type": "literal",
                  "value": "${{parent.jobs.train_and_evaludate_model1.outputs.trained_model}}"
                },
                "eval_result1": {
                  "job_input_type": "literal",
                  "value": "${{parent.jobs.train_and_evaludate_model1.outputs.evaluation_report}}"
                },
                "model2": {
                  "job_input_type": "literal",
                  "value": "${{parent.jobs.train_and_evaludate_model2.outputs.trained_model}}"
                },
                "eval_result2": {
                  "job_input_type": "literal",
                  "value": "${{parent.jobs.train_and_evaludate_model2.outputs.evaluation_report}}"
                }
              },
              "outputs": {
                "best_model": {
                  "value": "${{parent.outputs.pipeline_job_best_model}}",
                  "type": "literal"
                },
                "best_result": {
                  "value": "${{parent.outputs.pipeline_job_best_result}}",
                  "type": "literal"
                }
              },
              "properties": {},
              "_source": "YAML.COMPONENT",
              "componentId": "/subscriptions/00000000-0000-0000-0000-000000000/resourceGroups/00000/providers/Microsoft.MachineLearningServices/workspaces/00000/components/azureml_anonymous/versions/1f8bc010-3c85-4554-9828-ad5630e83020"
            }
          },
          "inputs": {
            "pipeline_job_training_data": {
              "description": null,
              "uri": "azureml://datastores/workspaceblobstore/paths/LocalUpload/00000000000000000000000000000000/data/",
              "mode": "ReadOnlyMount",
              "jobInputType": "uri_folder"
            },
            "pipeline_job_test_data": {
              "description": null,
              "uri": "azureml://datastores/workspaceblobstore/paths/LocalUpload/00000000000000000000000000000000/data/",
              "mode": "ReadOnlyMount",
              "jobInputType": "uri_folder"
            },
            "pipeline_job_training_learning_rate1": {
              "description": null,
              "jobInputType": "literal",
              "value": "0.1"
            },
            "pipeline_job_training_learning_rate2": {
              "description": null,
              "jobInputType": "literal",
              "value": "0.01"
            }
          },
          "outputs": {
            "pipeline_job_best_model": {
              "description": null,
              "uri": null,
              "mode": "Upload",
              "jobOutputType": "uri_folder"
            },
            "pipeline_job_best_result": {
              "description": null,
              "uri": null,
              "mode": "Upload",
              "jobOutputType": "uri_folder"
            }
          },
          "sourceJobId": null
        },
        "systemData": {
          "createdAt": "2022-09-29T21:26:40.5906858\u002B00:00",
          "createdBy": "Aditi Singhal",
          "createdByType": "User"
        }
      }
    },
    {
      "RequestUri": "https://management.azure.com/subscriptions/00000000-0000-0000-0000-000000000/resourceGroups/00000/providers/Microsoft.MachineLearningServices/workspaces/00000/jobs/test_745757207023/cancel?api-version=2022-06-01-preview",
      "RequestMethod": "POST",
      "RequestHeaders": {
        "Accept": "application/json",
        "Accept-Encoding": "gzip, deflate",
        "Connection": "keep-alive",
        "Content-Length": "0",
        "User-Agent": "azure-ai-ml/0.1.0 azsdk-python-mgmt-machinelearningservices/0.1.0 Python/3.8.5 (Windows-10-10.0.19041-SP0)"
      },
      "RequestBody": null,
      "StatusCode": 202,
      "ResponseHeaders": {
        "Cache-Control": "no-cache",
        "Content-Length": "4",
        "Content-Type": "application/json; charset=utf-8",
        "Date": "Thu, 29 Sep 2022 21:26:42 GMT",
        "Expires": "-1",
        "Location": "https://management.azure.com/subscriptions/00000000-0000-0000-0000-000000000/providers/Microsoft.MachineLearningServices/locations/eastus2euap/mfeOperationResults/jc:d8f42f37-66eb-4dca-869e-f6357989e03e:test_745757207023?api-version=2022-06-01-preview",
        "Pragma": "no-cache",
        "Request-Context": "appId=cid-v1:17d65b70-e9ce-4ed5-9347-1f660ec782e9",
        "Strict-Transport-Security": "max-age=31536000; includeSubDomains",
        "x-aml-cluster": "vienna-eastus2euap-02",
        "X-Content-Type-Options": "nosniff",
        "x-ms-async-operation-timeout": "PT1H",
        "x-ms-correlation-request-id": "e4ea9616-61ee-43a6-a656-71c565f198aa",
        "x-ms-ratelimit-remaining-subscription-writes": "1030",
        "x-ms-response-type": "standard",
        "x-ms-routing-request-id": "WESTUS2:20220929T212642Z:e4ea9616-61ee-43a6-a656-71c565f198aa",
        "x-request-time": "0.584"
      },
      "ResponseBody": "null"
    },
    {
      "RequestUri": "https://management.azure.com/subscriptions/00000000-0000-0000-0000-000000000/providers/Microsoft.MachineLearningServices/locations/eastus2euap/mfeOperationResults/jc:d8f42f37-66eb-4dca-869e-f6357989e03e:test_745757207023?api-version=2022-06-01-preview",
      "RequestMethod": "GET",
      "RequestHeaders": {
        "Accept": "*/*",
        "Accept-Encoding": "gzip, deflate",
        "Connection": "keep-alive",
        "User-Agent": "azure-ai-ml/0.1.0 azsdk-python-mgmt-machinelearningservices/0.1.0 Python/3.8.5 (Windows-10-10.0.19041-SP0)"
      },
      "RequestBody": null,
      "StatusCode": 202,
      "ResponseHeaders": {
        "Cache-Control": "no-cache",
        "Content-Length": "2",
        "Content-Type": "application/json; charset=utf-8",
        "Date": "Thu, 29 Sep 2022 21:26:42 GMT",
        "Expires": "-1",
        "Location": "https://management.azure.com/subscriptions/00000000-0000-0000-0000-000000000/providers/Microsoft.MachineLearningServices/locations/eastus2euap/mfeOperationResults/jc:d8f42f37-66eb-4dca-869e-f6357989e03e:test_745757207023?api-version=2022-06-01-preview",
        "Pragma": "no-cache",
        "Request-Context": "appId=cid-v1:17d65b70-e9ce-4ed5-9347-1f660ec782e9",
        "Strict-Transport-Security": "max-age=31536000; includeSubDomains",
        "x-aml-cluster": "vienna-eastus2euap-01",
        "X-Content-Type-Options": "nosniff",
        "x-ms-correlation-request-id": "7f4223a5-8cec-49fd-a6e8-e668cec28cdf",
        "x-ms-ratelimit-remaining-subscription-reads": "11691",
        "x-ms-response-type": "standard",
        "x-ms-routing-request-id": "WESTUS2:20220929T212643Z:7f4223a5-8cec-49fd-a6e8-e668cec28cdf",
        "x-request-time": "0.042"
      },
      "ResponseBody": {}
    },
    {
      "RequestUri": "https://management.azure.com/subscriptions/00000000-0000-0000-0000-000000000/providers/Microsoft.MachineLearningServices/locations/eastus2euap/mfeOperationResults/jc:d8f42f37-66eb-4dca-869e-f6357989e03e:test_745757207023?api-version=2022-06-01-preview",
      "RequestMethod": "GET",
      "RequestHeaders": {
        "Accept": "*/*",
        "Accept-Encoding": "gzip, deflate",
        "Connection": "keep-alive",
        "User-Agent": "azure-ai-ml/0.1.0 azsdk-python-mgmt-machinelearningservices/0.1.0 Python/3.8.5 (Windows-10-10.0.19041-SP0)"
      },
      "RequestBody": null,
      "StatusCode": 200,
      "ResponseHeaders": {
        "Cache-Control": "no-cache",
        "Content-Length": "0",
        "Date": "Thu, 29 Sep 2022 21:27:13 GMT",
        "Expires": "-1",
        "Pragma": "no-cache",
        "Request-Context": "appId=cid-v1:17d65b70-e9ce-4ed5-9347-1f660ec782e9",
        "Server-Timing": "traceparent;desc=\u002200-5e95ab478776af12b835ed35f6784f97-2e9631b0debedac7-01\u0022",
        "Strict-Transport-Security": "max-age=31536000; includeSubDomains",
        "x-aml-cluster": "vienna-eastus2euap-01",
        "X-Content-Type-Options": "nosniff",
        "x-ms-correlation-request-id": "c2fb3f03-7d2f-482b-8885-ddcbb61ed517",
        "x-ms-ratelimit-remaining-subscription-reads": "11690",
        "x-ms-response-type": "standard",
        "x-ms-routing-request-id": "WESTUS2:20220929T212713Z:c2fb3f03-7d2f-482b-8885-ddcbb61ed517",
        "x-request-time": "0.035"
      },
      "ResponseBody": null
    }
  ],
  "Variables": {
    "name": "test_745757207023"
  }
}
