{
  "Entries": [
    {
      "RequestUri": "https://management.azure.com/subscriptions/00000000-0000-0000-0000-000000000/resourceGroups/00000/providers/Microsoft.MachineLearningServices/workspaces/00000/computes/cpu-cluster?api-version=2022-10-01-preview",
      "RequestMethod": "GET",
      "RequestHeaders": {
        "Accept": "application/json",
        "Accept-Encoding": "gzip, deflate",
        "Connection": "keep-alive",
        "User-Agent": "azure-ai-ml/1.4.0 azsdk-python-mgmt-machinelearningservices/0.1.0 Python/3.7.13 (Windows-10-10.0.22621-SP0)"
      },
      "RequestBody": null,
      "StatusCode": 200,
      "ResponseHeaders": {
        "Cache-Control": "no-cache",
        "Content-Encoding": "gzip",
        "Content-Type": "application/json; charset=utf-8",
        "Date": "Thu, 05 Jan 2023 09:59:45 GMT",
        "Expires": "-1",
        "Pragma": "no-cache",
        "Request-Context": "appId=cid-v1:512cc15a-13b5-415b-bfd0-dce7accb6bb1",
        "Server-Timing": "traceparent;desc=\u002200-e7979245c4d009e48f679af48e68254e-921e30b1e82ba7a4-00\u0022",
        "Strict-Transport-Security": "max-age=31536000; includeSubDomains",
        "Transfer-Encoding": "chunked",
        "Vary": [
          "Accept-Encoding",
          "Accept-Encoding"
        ],
        "x-aml-cluster": "vienna-test-westus2-01",
        "X-Content-Type-Options": "nosniff",
        "x-ms-correlation-request-id": "371f5b9a-089b-4c50-a049-94196212633d",
        "x-ms-ratelimit-remaining-subscription-reads": "11993",
        "x-ms-response-type": "standard",
        "x-ms-routing-request-id": "JAPANEAST:20230105T095946Z:371f5b9a-089b-4c50-a049-94196212633d",
        "x-request-time": "0.233"
      },
      "ResponseBody": {
        "id": "/subscriptions/00000000-0000-0000-0000-000000000/resourceGroups/00000/providers/Microsoft.MachineLearningServices/workspaces/00000/computes/cpu-cluster",
        "name": "cpu-cluster",
        "type": "Microsoft.MachineLearningServices/workspaces/computes",
        "location": "centraluseuap",
        "tags": {},
        "properties": {
          "createdOn": "2022-09-22T09:02:22.1899959\u002B00:00",
          "modifiedOn": "2022-11-21T09:48:12.4511558\u002B00:00",
          "disableLocalAuth": false,
          "description": null,
          "resourceId": null,
          "computeType": "AmlCompute",
          "computeLocation": "centraluseuap",
          "provisioningState": "Succeeded",
          "provisioningErrors": null,
          "isAttachedCompute": false,
          "properties": {
            "vmSize": "STANDARD_DS2_V2",
            "vmPriority": "Dedicated",
            "scaleSettings": {
              "maxNodeCount": 6,
              "minNodeCount": 1,
              "nodeIdleTimeBeforeScaleDown": "PT2M"
            },
            "subnet": null,
            "currentNodeCount": 5,
            "targetNodeCount": 5,
            "nodeStateCounts": {
              "preparingNodeCount": 0,
              "runningNodeCount": 4,
              "idleNodeCount": 1,
              "unusableNodeCount": 0,
              "leavingNodeCount": 0,
              "preemptedNodeCount": 0
            },
            "allocationState": "Resizing",
            "allocationStateTransitionTime": "2023-01-05T09:59:00.374\u002B00:00",
            "errors": [
              {
                "error": {
                  "code": "DiskFull",
                  "message": "ComputeNode.Id=tvmps_e43873fdc3b5fd8bc416fb2b56d4494a3dd50fa4870601e3bcdec0e211d2cdc4_d: There is not enough disk space on the node",
                  "details": [
                    {
                      "code": "Message",
                      "message": "The VM disk is full. Delete jobs, tasks, or files on the node to free up space and then reboot the node."
                    }
                  ]
                }
              }
            ],
            "remoteLoginPortPublicAccess": "Enabled",
            "osType": "Linux",
            "virtualMachineImage": null,
            "isolatedNetwork": false,
            "propertyBag": {}
          }
        }
      }
    },
    {
      "RequestUri": "https://management.azure.com/subscriptions/00000000-0000-0000-0000-000000000/resourceGroups/00000/providers/Microsoft.MachineLearningServices/workspaces/00000/computes/cpu-cluster?api-version=2022-10-01-preview",
      "RequestMethod": "GET",
      "RequestHeaders": {
        "Accept": "application/json",
        "Accept-Encoding": "gzip, deflate",
        "Connection": "keep-alive",
        "User-Agent": "azure-ai-ml/1.4.0 azsdk-python-mgmt-machinelearningservices/0.1.0 Python/3.7.13 (Windows-10-10.0.22621-SP0)"
      },
      "RequestBody": null,
      "StatusCode": 200,
      "ResponseHeaders": {
        "Cache-Control": "no-cache",
        "Content-Encoding": "gzip",
        "Content-Type": "application/json; charset=utf-8",
        "Date": "Thu, 05 Jan 2023 09:59:46 GMT",
        "Expires": "-1",
        "Pragma": "no-cache",
        "Request-Context": "appId=cid-v1:512cc15a-13b5-415b-bfd0-dce7accb6bb1",
        "Server-Timing": "traceparent;desc=\u002200-5d3fa400903a3e32f50eb5ed501e8750-c91df027f2c1cfba-00\u0022",
        "Strict-Transport-Security": "max-age=31536000; includeSubDomains",
        "Transfer-Encoding": "chunked",
        "Vary": [
          "Accept-Encoding",
          "Accept-Encoding"
        ],
        "x-aml-cluster": "vienna-test-westus2-01",
        "X-Content-Type-Options": "nosniff",
        "x-ms-correlation-request-id": "dd26c91e-0ac6-4e34-9cdf-4481e25054b0",
        "x-ms-ratelimit-remaining-subscription-reads": "11992",
        "x-ms-response-type": "standard",
        "x-ms-routing-request-id": "JAPANEAST:20230105T095946Z:dd26c91e-0ac6-4e34-9cdf-4481e25054b0",
        "x-request-time": "0.223"
      },
      "ResponseBody": {
        "id": "/subscriptions/00000000-0000-0000-0000-000000000/resourceGroups/00000/providers/Microsoft.MachineLearningServices/workspaces/00000/computes/cpu-cluster",
        "name": "cpu-cluster",
        "type": "Microsoft.MachineLearningServices/workspaces/computes",
        "location": "centraluseuap",
        "tags": {},
        "properties": {
          "createdOn": "2022-09-22T09:02:22.1899959\u002B00:00",
          "modifiedOn": "2022-11-21T09:48:12.4511558\u002B00:00",
          "disableLocalAuth": false,
          "description": null,
          "resourceId": null,
          "computeType": "AmlCompute",
          "computeLocation": "centraluseuap",
          "provisioningState": "Succeeded",
          "provisioningErrors": null,
          "isAttachedCompute": false,
          "properties": {
            "vmSize": "STANDARD_DS2_V2",
            "vmPriority": "Dedicated",
            "scaleSettings": {
              "maxNodeCount": 6,
              "minNodeCount": 1,
              "nodeIdleTimeBeforeScaleDown": "PT2M"
            },
            "subnet": null,
            "currentNodeCount": 5,
            "targetNodeCount": 5,
            "nodeStateCounts": {
              "preparingNodeCount": 0,
              "runningNodeCount": 4,
              "idleNodeCount": 1,
              "unusableNodeCount": 0,
              "leavingNodeCount": 0,
              "preemptedNodeCount": 0
            },
            "allocationState": "Resizing",
            "allocationStateTransitionTime": "2023-01-05T09:59:00.374\u002B00:00",
            "errors": [
              {
                "error": {
                  "code": "DiskFull",
                  "message": "ComputeNode.Id=tvmps_e43873fdc3b5fd8bc416fb2b56d4494a3dd50fa4870601e3bcdec0e211d2cdc4_d: There is not enough disk space on the node",
                  "details": [
                    {
                      "code": "Message",
                      "message": "The VM disk is full. Delete jobs, tasks, or files on the node to free up space and then reboot the node."
                    }
                  ]
                }
              }
            ],
            "remoteLoginPortPublicAccess": "Enabled",
            "osType": "Linux",
            "virtualMachineImage": null,
            "isolatedNetwork": false,
            "propertyBag": {}
          }
        }
      }
    },
    {
      "RequestUri": "https://management.azure.com/subscriptions/00000000-0000-0000-0000-000000000/resourceGroups/00000/providers/Microsoft.MachineLearningServices/workspaces/00000/environments/CliV2AnonymousEnvironment/versions/7926e182b294d8644f987381c0081e94?api-version=2022-05-01",
      "RequestMethod": "PUT",
      "RequestHeaders": {
        "Accept": "application/json",
        "Accept-Encoding": "gzip, deflate",
        "Connection": "keep-alive",
        "Content-Length": "379",
        "Content-Type": "application/json",
        "User-Agent": "azure-ai-ml/1.4.0 azsdk-python-mgmt-machinelearningservices/0.1.0 Python/3.7.13 (Windows-10-10.0.22621-SP0)"
      },
      "RequestBody": {
        "properties": {
          "isAnonymous": true,
          "isArchived": false,
          "condaFile": "channels:\n- defaults\ndependencies:\n- python=3.8.12\n- pip=21.2.2\n- pip:\n  - --extra-index-url=https://azuremlsdktestpypi.azureedge.net/sdk-cli-v2\n  - mldesigner==0.0.71974906\n  - mlflow\n  - azureml-mlflow\nname: example-environment\n",
          "image": "mcr.microsoft.com/azureml/openmpi3.1.2-ubuntu18.04"
        }
      },
      "StatusCode": 201,
      "ResponseHeaders": {
        "Cache-Control": "no-cache",
        "Content-Length": "1269",
        "Content-Type": "application/json; charset=utf-8",
        "Date": "Thu, 05 Jan 2023 09:59:49 GMT",
        "Expires": "-1",
        "Location": "https://management.azure.com/subscriptions/00000000-0000-0000-0000-000000000/resourceGroups/00000/providers/Microsoft.MachineLearningServices/workspaces/00000/environments/CliV2AnonymousEnvironment/versions/7926e182b294d8644f987381c0081e94?api-version=2022-05-01",
        "Pragma": "no-cache",
        "Request-Context": "appId=cid-v1:512cc15a-13b5-415b-bfd0-dce7accb6bb1",
        "Server-Timing": "traceparent;desc=\u002200-e6eeaa1bf29fc6e90af5535bb53af159-d253f6f1500ba136-00\u0022",
        "Strict-Transport-Security": "max-age=31536000; includeSubDomains",
        "x-aml-cluster": "vienna-test-westus2-02",
        "X-Content-Type-Options": "nosniff",
        "x-ms-correlation-request-id": "ecb5168b-4027-4308-9bd0-1579c67b2931",
        "x-ms-ratelimit-remaining-subscription-writes": "1192",
        "x-ms-response-type": "standard",
        "x-ms-routing-request-id": "JAPANEAST:20230105T095950Z:ecb5168b-4027-4308-9bd0-1579c67b2931",
        "x-request-time": "0.163"
      },
      "ResponseBody": {
        "id": "/subscriptions/00000000-0000-0000-0000-000000000/resourceGroups/00000/providers/Microsoft.MachineLearningServices/workspaces/00000/environments/CliV2AnonymousEnvironment/versions/7926e182b294d8644f987381c0081e94",
        "name": "7926e182b294d8644f987381c0081e94",
        "type": "Microsoft.MachineLearningServices/workspaces/environments/versions",
        "properties": {
          "description": null,
          "tags": {},
          "properties": {},
          "isArchived": false,
          "isAnonymous": true,
          "environmentType": "UserCreated",
          "image": "mcr.microsoft.com/azureml/openmpi3.1.2-ubuntu18.04",
          "condaFile": "{\n  \u0022channels\u0022: [\n    \u0022defaults\u0022\n  ],\n  \u0022dependencies\u0022: [\n    \u0022python=3.8.12\u0022,\n    \u0022pip=21.2.2\u0022,\n    {\n      \u0022pip\u0022: [\n        \u0022--extra-index-url=https://azuremlsdktestpypi.azureedge.net/sdk-cli-v2\u0022,\n        \u0022mldesigner==0.0.71974906\u0022,\n        \u0022mlflow\u0022,\n        \u0022azureml-mlflow\u0022\n      ]\n    }\n  ],\n  \u0022name\u0022: \u0022example-environment\u0022\n}",
          "osType": "Linux"
        },
        "systemData": {
          "createdAt": "2022-10-31T08:13:11.0117191\u002B00:00",
          "createdBy": "Zhen Ruan",
          "createdByType": "User",
          "lastModifiedAt": "2022-10-31T08:13:11.0117191\u002B00:00",
          "lastModifiedBy": "Zhen Ruan",
          "lastModifiedByType": "User"
        }
      }
    },
    {
      "RequestUri": "https://management.azure.com/subscriptions/00000000-0000-0000-0000-000000000/resourceGroups/00000/providers/Microsoft.MachineLearningServices/workspaces/00000/environments/CliV2AnonymousEnvironment/versions/7926e182b294d8644f987381c0081e94?api-version=2022-05-01",
      "RequestMethod": "PUT",
      "RequestHeaders": {
        "Accept": "application/json",
        "Accept-Encoding": "gzip, deflate",
        "Connection": "keep-alive",
        "Content-Length": "379",
        "Content-Type": "application/json",
        "User-Agent": "azure-ai-ml/1.4.0 azsdk-python-mgmt-machinelearningservices/0.1.0 Python/3.7.13 (Windows-10-10.0.22621-SP0)"
      },
      "RequestBody": {
        "properties": {
          "isAnonymous": true,
          "isArchived": false,
          "condaFile": "channels:\n- defaults\ndependencies:\n- python=3.8.12\n- pip=21.2.2\n- pip:\n  - --extra-index-url=https://azuremlsdktestpypi.azureedge.net/sdk-cli-v2\n  - mldesigner==0.0.71974906\n  - mlflow\n  - azureml-mlflow\nname: example-environment\n",
          "image": "mcr.microsoft.com/azureml/openmpi3.1.2-ubuntu18.04"
        }
      },
      "StatusCode": 201,
      "ResponseHeaders": {
        "Cache-Control": "no-cache",
        "Content-Length": "1269",
        "Content-Type": "application/json; charset=utf-8",
        "Date": "Thu, 05 Jan 2023 09:59:50 GMT",
        "Expires": "-1",
        "Location": "https://management.azure.com/subscriptions/00000000-0000-0000-0000-000000000/resourceGroups/00000/providers/Microsoft.MachineLearningServices/workspaces/00000/environments/CliV2AnonymousEnvironment/versions/7926e182b294d8644f987381c0081e94?api-version=2022-05-01",
        "Pragma": "no-cache",
        "Request-Context": "appId=cid-v1:512cc15a-13b5-415b-bfd0-dce7accb6bb1",
        "Server-Timing": "traceparent;desc=\u002200-01e05039faba50bb2de985af73b613c5-6394dcc9f53a7eed-00\u0022",
        "Strict-Transport-Security": "max-age=31536000; includeSubDomains",
        "x-aml-cluster": "vienna-test-westus2-02",
        "X-Content-Type-Options": "nosniff",
        "x-ms-correlation-request-id": "174b04bc-af45-4813-b762-a448bbcb6df0",
        "x-ms-ratelimit-remaining-subscription-writes": "1191",
        "x-ms-response-type": "standard",
        "x-ms-routing-request-id": "JAPANEAST:20230105T095950Z:174b04bc-af45-4813-b762-a448bbcb6df0",
        "x-request-time": "0.248"
      },
      "ResponseBody": {
        "id": "/subscriptions/00000000-0000-0000-0000-000000000/resourceGroups/00000/providers/Microsoft.MachineLearningServices/workspaces/00000/environments/CliV2AnonymousEnvironment/versions/7926e182b294d8644f987381c0081e94",
        "name": "7926e182b294d8644f987381c0081e94",
        "type": "Microsoft.MachineLearningServices/workspaces/environments/versions",
        "properties": {
          "description": null,
          "tags": {},
          "properties": {},
          "isArchived": false,
          "isAnonymous": true,
          "environmentType": "UserCreated",
          "image": "mcr.microsoft.com/azureml/openmpi3.1.2-ubuntu18.04",
          "condaFile": "{\n  \u0022channels\u0022: [\n    \u0022defaults\u0022\n  ],\n  \u0022dependencies\u0022: [\n    \u0022python=3.8.12\u0022,\n    \u0022pip=21.2.2\u0022,\n    {\n      \u0022pip\u0022: [\n        \u0022--extra-index-url=https://azuremlsdktestpypi.azureedge.net/sdk-cli-v2\u0022,\n        \u0022mldesigner==0.0.71974906\u0022,\n        \u0022mlflow\u0022,\n        \u0022azureml-mlflow\u0022\n      ]\n    }\n  ],\n  \u0022name\u0022: \u0022example-environment\u0022\n}",
          "osType": "Linux"
        },
        "systemData": {
          "createdAt": "2022-10-31T08:13:11.0117191\u002B00:00",
          "createdBy": "Zhen Ruan",
          "createdByType": "User",
          "lastModifiedAt": "2022-10-31T08:13:11.0117191\u002B00:00",
          "lastModifiedBy": "Zhen Ruan",
          "lastModifiedByType": "User"
        }
      }
    },
    {
      "RequestUri": "https://management.azure.com/subscriptions/00000000-0000-0000-0000-000000000/resourceGroups/00000/providers/Microsoft.MachineLearningServices/workspaces/00000/environments/CliV2AnonymousEnvironment/versions/7926e182b294d8644f987381c0081e94?api-version=2022-05-01",
      "RequestMethod": "PUT",
      "RequestHeaders": {
        "Accept": "application/json",
        "Accept-Encoding": "gzip, deflate",
        "Connection": "keep-alive",
        "Content-Length": "379",
        "Content-Type": "application/json",
        "User-Agent": "azure-ai-ml/1.4.0 azsdk-python-mgmt-machinelearningservices/0.1.0 Python/3.7.13 (Windows-10-10.0.22621-SP0)"
      },
      "RequestBody": {
        "properties": {
          "isAnonymous": true,
          "isArchived": false,
          "condaFile": "channels:\n- defaults\ndependencies:\n- python=3.8.12\n- pip=21.2.2\n- pip:\n  - --extra-index-url=https://azuremlsdktestpypi.azureedge.net/sdk-cli-v2\n  - mldesigner==0.0.71974906\n  - mlflow\n  - azureml-mlflow\nname: example-environment\n",
          "image": "mcr.microsoft.com/azureml/openmpi3.1.2-ubuntu18.04"
        }
      },
      "StatusCode": 201,
      "ResponseHeaders": {
        "Cache-Control": "no-cache",
        "Content-Length": "1269",
        "Content-Type": "application/json; charset=utf-8",
        "Date": "Thu, 05 Jan 2023 09:59:50 GMT",
        "Expires": "-1",
        "Location": "https://management.azure.com/subscriptions/00000000-0000-0000-0000-000000000/resourceGroups/00000/providers/Microsoft.MachineLearningServices/workspaces/00000/environments/CliV2AnonymousEnvironment/versions/7926e182b294d8644f987381c0081e94?api-version=2022-05-01",
        "Pragma": "no-cache",
        "Request-Context": "appId=cid-v1:512cc15a-13b5-415b-bfd0-dce7accb6bb1",
        "Server-Timing": "traceparent;desc=\u002200-60792a484290a7859950e5c655ae1ca6-a0aa6e624556a9c9-00\u0022",
        "Strict-Transport-Security": "max-age=31536000; includeSubDomains",
        "x-aml-cluster": "vienna-test-westus2-02",
        "X-Content-Type-Options": "nosniff",
        "x-ms-correlation-request-id": "4ebe27a2-167c-4b62-a503-587033538729",
        "x-ms-ratelimit-remaining-subscription-writes": "1190",
        "x-ms-response-type": "standard",
        "x-ms-routing-request-id": "JAPANEAST:20230105T095951Z:4ebe27a2-167c-4b62-a503-587033538729",
        "x-request-time": "0.182"
      },
      "ResponseBody": {
        "id": "/subscriptions/00000000-0000-0000-0000-000000000/resourceGroups/00000/providers/Microsoft.MachineLearningServices/workspaces/00000/environments/CliV2AnonymousEnvironment/versions/7926e182b294d8644f987381c0081e94",
        "name": "7926e182b294d8644f987381c0081e94",
        "type": "Microsoft.MachineLearningServices/workspaces/environments/versions",
        "properties": {
          "description": null,
          "tags": {},
          "properties": {},
          "isArchived": false,
          "isAnonymous": true,
          "environmentType": "UserCreated",
          "image": "mcr.microsoft.com/azureml/openmpi3.1.2-ubuntu18.04",
          "condaFile": "{\n  \u0022channels\u0022: [\n    \u0022defaults\u0022\n  ],\n  \u0022dependencies\u0022: [\n    \u0022python=3.8.12\u0022,\n    \u0022pip=21.2.2\u0022,\n    {\n      \u0022pip\u0022: [\n        \u0022--extra-index-url=https://azuremlsdktestpypi.azureedge.net/sdk-cli-v2\u0022,\n        \u0022mldesigner==0.0.71974906\u0022,\n        \u0022mlflow\u0022,\n        \u0022azureml-mlflow\u0022\n      ]\n    }\n  ],\n  \u0022name\u0022: \u0022example-environment\u0022\n}",
          "osType": "Linux"
        },
        "systemData": {
          "createdAt": "2022-10-31T08:13:11.0117191\u002B00:00",
          "createdBy": "Zhen Ruan",
          "createdByType": "User",
          "lastModifiedAt": "2022-10-31T08:13:11.0117191\u002B00:00",
          "lastModifiedBy": "Zhen Ruan",
          "lastModifiedByType": "User"
        }
      }
    },
    {
      "RequestUri": "https://management.azure.com/subscriptions/00000000-0000-0000-0000-000000000/resourceGroups/00000/providers/Microsoft.MachineLearningServices/workspaces/00000/datastores/workspaceblobstore?api-version=2022-05-01",
      "RequestMethod": "GET",
      "RequestHeaders": {
        "Accept": "application/json",
        "Accept-Encoding": "gzip, deflate",
        "Connection": "keep-alive",
        "User-Agent": "azure-ai-ml/1.4.0 azsdk-python-mgmt-machinelearningservices/0.1.0 Python/3.7.13 (Windows-10-10.0.22621-SP0)"
      },
      "RequestBody": null,
      "StatusCode": 200,
      "ResponseHeaders": {
        "Cache-Control": "no-cache",
        "Content-Encoding": "gzip",
        "Content-Type": "application/json; charset=utf-8",
        "Date": "Thu, 05 Jan 2023 09:59:51 GMT",
        "Expires": "-1",
        "Pragma": "no-cache",
        "Request-Context": "appId=cid-v1:512cc15a-13b5-415b-bfd0-dce7accb6bb1",
        "Server-Timing": "traceparent;desc=\u002200-f20385ebd3120a462c9c946cd1fd6e25-2a0443d2e151361d-00\u0022",
        "Strict-Transport-Security": "max-age=31536000; includeSubDomains",
        "Transfer-Encoding": "chunked",
        "Vary": [
          "Accept-Encoding",
          "Accept-Encoding"
        ],
        "x-aml-cluster": "vienna-test-westus2-02",
        "X-Content-Type-Options": "nosniff",
        "x-ms-correlation-request-id": "b3286eeb-aaef-4a6a-bab5-3a6bdfb8e3b5",
        "x-ms-ratelimit-remaining-subscription-reads": "11991",
        "x-ms-response-type": "standard",
        "x-ms-routing-request-id": "JAPANEAST:20230105T095952Z:b3286eeb-aaef-4a6a-bab5-3a6bdfb8e3b5",
        "x-request-time": "0.119"
      },
      "ResponseBody": {
        "id": "/subscriptions/00000000-0000-0000-0000-000000000/resourceGroups/00000/providers/Microsoft.MachineLearningServices/workspaces/00000/datastores/workspaceblobstore",
        "name": "workspaceblobstore",
        "type": "Microsoft.MachineLearningServices/workspaces/datastores",
        "properties": {
          "description": null,
          "tags": null,
          "properties": null,
          "isDefault": true,
          "credentials": {
            "credentialsType": "AccountKey"
          },
          "datastoreType": "AzureBlob",
          "accountName": "sagvgsoim6nmhbq",
          "containerName": "azureml-blobstore-e61cd5e2-512f-475e-9842-5e2a973993b8",
          "endpoint": "core.windows.net",
          "protocol": "https",
          "serviceDataAccessAuthIdentity": "WorkspaceSystemAssignedIdentity"
        },
        "systemData": {
          "createdAt": "2022-09-22T09:02:03.2629568\u002B00:00",
          "createdBy": "779301c0-18b2-4cdc-801b-a0a3368fee0a",
          "createdByType": "Application",
          "lastModifiedAt": "2022-09-22T09:02:04.166989\u002B00:00",
          "lastModifiedBy": "779301c0-18b2-4cdc-801b-a0a3368fee0a",
          "lastModifiedByType": "Application"
        }
      }
    },
    {
      "RequestUri": "https://management.azure.com/subscriptions/00000000-0000-0000-0000-000000000/resourceGroups/00000/providers/Microsoft.MachineLearningServices/workspaces/00000/datastores/workspaceblobstore/listSecrets?api-version=2022-05-01",
      "RequestMethod": "POST",
      "RequestHeaders": {
        "Accept": "application/json",
        "Accept-Encoding": "gzip, deflate",
        "Connection": "keep-alive",
        "Content-Length": "0",
        "User-Agent": "azure-ai-ml/1.4.0 azsdk-python-mgmt-machinelearningservices/0.1.0 Python/3.7.13 (Windows-10-10.0.22621-SP0)"
      },
      "RequestBody": null,
      "StatusCode": 200,
      "ResponseHeaders": {
        "Cache-Control": "no-cache",
        "Content-Encoding": "gzip",
        "Content-Type": "application/json; charset=utf-8",
        "Date": "Thu, 05 Jan 2023 09:59:51 GMT",
        "Expires": "-1",
        "Pragma": "no-cache",
        "Request-Context": "appId=cid-v1:512cc15a-13b5-415b-bfd0-dce7accb6bb1",
        "Server-Timing": "traceparent;desc=\u002200-6cfc52a9fa7ea4ed895dc685c1996d3d-051671cf4719aa39-00\u0022",
        "Strict-Transport-Security": "max-age=31536000; includeSubDomains",
        "Transfer-Encoding": "chunked",
        "Vary": "Accept-Encoding",
        "x-aml-cluster": "vienna-test-westus2-02",
        "X-Content-Type-Options": "nosniff",
        "x-ms-correlation-request-id": "b09a5d5a-ce45-4565-942a-7c2bedc083b1",
        "x-ms-ratelimit-remaining-subscription-writes": "1196",
        "x-ms-response-type": "standard",
        "x-ms-routing-request-id": "JAPANEAST:20230105T095952Z:b09a5d5a-ce45-4565-942a-7c2bedc083b1",
        "x-request-time": "0.110"
      },
      "ResponseBody": {
        "secretsType": "AccountKey",
        "key": "dGhpcyBpcyBmYWtlIGtleQ=="
      }
    },
    {
      "RequestUri": "https://sagvgsoim6nmhbq.blob.core.windows.net/azureml-blobstore-e61cd5e2-512f-475e-9842-5e2a973993b8/LocalUpload/00000000000000000000000000000000/basic_component/basic_component.py",
      "RequestMethod": "HEAD",
      "RequestHeaders": {
        "Accept": "application/xml",
        "Accept-Encoding": "gzip, deflate",
        "Connection": "keep-alive",
        "User-Agent": "azsdk-python-storage-blob/12.9.0 Python/3.7.13 (Windows-10-10.0.22621-SP0)",
        "x-ms-date": "Thu, 05 Jan 2023 09:59:52 GMT",
        "x-ms-version": "2020-10-02"
      },
      "RequestBody": null,
      "StatusCode": 200,
      "ResponseHeaders": {
        "Accept-Ranges": "bytes",
        "Content-Length": "1486",
        "Content-MD5": "Uk/a5NgJ4\u002BFWFWAqJ7fY/w==",
        "Content-Type": "application/octet-stream",
        "Date": "Thu, 05 Jan 2023 09:59:52 GMT",
        "ETag": "\u00220x8DABB17BE1CE8A6\u0022",
        "Last-Modified": "Mon, 31 Oct 2022 08:13:07 GMT",
        "Server": [
          "Windows-Azure-Blob/1.0",
          "Microsoft-HTTPAPI/2.0"
        ],
        "Vary": "Origin",
        "x-ms-access-tier": "Hot",
        "x-ms-access-tier-inferred": "true",
        "x-ms-blob-type": "BlockBlob",
        "x-ms-creation-time": "Mon, 31 Oct 2022 08:13:07 GMT",
        "x-ms-lease-state": "available",
        "x-ms-lease-status": "unlocked",
        "x-ms-meta-name": "e3f11eca-a8d8-4ad0-99b9-71de75945692",
        "x-ms-meta-upload_status": "completed",
        "x-ms-meta-version": "1",
        "x-ms-server-encrypted": "true",
        "x-ms-version": "2020-10-02"
      },
      "ResponseBody": null
    },
    {
      "RequestUri": "https://sagvgsoim6nmhbq.blob.core.windows.net/azureml-blobstore-e61cd5e2-512f-475e-9842-5e2a973993b8/az-ml-artifacts/00000000000000000000000000000000/basic_component/basic_component.py",
      "RequestMethod": "HEAD",
      "RequestHeaders": {
        "Accept": "application/xml",
        "Accept-Encoding": "gzip, deflate",
        "Connection": "keep-alive",
        "User-Agent": "azsdk-python-storage-blob/12.9.0 Python/3.7.13 (Windows-10-10.0.22621-SP0)",
        "x-ms-date": "Thu, 05 Jan 2023 09:59:53 GMT",
        "x-ms-version": "2020-10-02"
      },
      "RequestBody": null,
      "StatusCode": 404,
      "ResponseHeaders": {
        "Date": "Thu, 05 Jan 2023 09:59:52 GMT",
        "Server": [
          "Windows-Azure-Blob/1.0",
          "Microsoft-HTTPAPI/2.0"
        ],
        "Transfer-Encoding": "chunked",
        "Vary": "Origin",
        "x-ms-error-code": "BlobNotFound",
        "x-ms-version": "2020-10-02"
      },
      "ResponseBody": null
    },
    {
      "RequestUri": "https://management.azure.com/subscriptions/00000000-0000-0000-0000-000000000/resourceGroups/00000/providers/Microsoft.MachineLearningServices/workspaces/00000/codes/e3f11eca-a8d8-4ad0-99b9-71de75945692/versions/1?api-version=2022-05-01",
      "RequestMethod": "PUT",
      "RequestHeaders": {
        "Accept": "application/json",
        "Accept-Encoding": "gzip, deflate",
        "Connection": "keep-alive",
        "Content-Length": "304",
        "Content-Type": "application/json",
        "User-Agent": "azure-ai-ml/1.4.0 azsdk-python-mgmt-machinelearningservices/0.1.0 Python/3.7.13 (Windows-10-10.0.22621-SP0)"
      },
      "RequestBody": {
        "properties": {
          "properties": {
            "hash_sha256": "0000000000000",
            "hash_version": "0000000000000"
          },
          "isAnonymous": true,
          "isArchived": false,
          "codeUri": "https://sagvgsoim6nmhbq.blob.core.windows.net/azureml-blobstore-e61cd5e2-512f-475e-9842-5e2a973993b8/LocalUpload/00000000000000000000000000000000/basic_component"
        }
      },
      "StatusCode": 200,
      "ResponseHeaders": {
        "Cache-Control": "no-cache",
        "Content-Encoding": "gzip",
        "Content-Type": "application/json; charset=utf-8",
        "Date": "Thu, 05 Jan 2023 09:59:53 GMT",
        "Expires": "-1",
        "Pragma": "no-cache",
        "Request-Context": "appId=cid-v1:512cc15a-13b5-415b-bfd0-dce7accb6bb1",
        "Server-Timing": "traceparent;desc=\u002200-0717ee0d7f090345d946a5094abd39fa-0a62bd590649cfc6-00\u0022",
        "Strict-Transport-Security": "max-age=31536000; includeSubDomains",
        "Transfer-Encoding": "chunked",
        "Vary": [
          "Accept-Encoding",
          "Accept-Encoding"
        ],
        "x-aml-cluster": "vienna-test-westus2-02",
        "X-Content-Type-Options": "nosniff",
        "x-ms-correlation-request-id": "f73870bb-4374-4468-92b3-5b512844750d",
        "x-ms-ratelimit-remaining-subscription-writes": "1189",
        "x-ms-response-type": "standard",
        "x-ms-routing-request-id": "JAPANEAST:20230105T095954Z:f73870bb-4374-4468-92b3-5b512844750d",
        "x-request-time": "0.426"
      },
      "ResponseBody": {
        "id": "/subscriptions/00000000-0000-0000-0000-000000000/resourceGroups/00000/providers/Microsoft.MachineLearningServices/workspaces/00000/codes/e3f11eca-a8d8-4ad0-99b9-71de75945692/versions/1",
        "name": "1",
        "type": "Microsoft.MachineLearningServices/workspaces/codes/versions",
        "properties": {
          "description": null,
          "tags": {},
          "properties": {
            "hash_sha256": "0000000000000",
            "hash_version": "0000000000000"
          },
          "isArchived": false,
          "isAnonymous": false,
          "codeUri": "https://sagvgsoim6nmhbq.blob.core.windows.net/azureml-blobstore-e61cd5e2-512f-475e-9842-5e2a973993b8/LocalUpload/00000000000000000000000000000000/basic_component"
        },
        "systemData": {
          "createdAt": "2022-10-31T08:13:09.4545975\u002B00:00",
          "createdBy": "Zhen Ruan",
          "createdByType": "User",
          "lastModifiedAt": "2023-01-05T09:59:54.0371218\u002B00:00",
          "lastModifiedBy": "Doris Liao",
          "lastModifiedByType": "User"
        }
      }
    },
    {
      "RequestUri": "https://management.azure.com/subscriptions/00000000-0000-0000-0000-000000000/resourceGroups/00000/providers/Microsoft.MachineLearningServices/workspaces/00000/components/azureml_anonymous/versions/2ea6b7d8-e65b-2377-bbf4-c928b1caa66b?api-version=2022-10-01",
      "RequestMethod": "PUT",
      "RequestHeaders": {
        "Accept": "application/json",
        "Accept-Encoding": "gzip, deflate",
        "Connection": "keep-alive",
        "Content-Length": "1417",
        "Content-Type": "application/json",
        "User-Agent": "azure-ai-ml/1.4.0 azsdk-python-mgmt-machinelearningservices/0.1.0 Python/3.7.13 (Windows-10-10.0.22621-SP0)"
      },
      "RequestBody": {
        "properties": {
          "properties": {},
          "tags": {},
          "isAnonymous": true,
          "isArchived": false,
          "componentSpec": {
            "command": "python basic_component.py $[[--component_in_number ${{inputs.component_in_number}}]] $[[--component_in_number_1 ${{inputs.component_in_number_1}}]] --component_in_path ${{inputs.component_in_path}} --output_in_path ${{outputs.output_in_path}}",
            "code": "azureml:/subscriptions/00000000-0000-0000-0000-000000000/resourceGroups/00000/providers/Microsoft.MachineLearningServices/workspaces/00000/codes/e3f11eca-a8d8-4ad0-99b9-71de75945692/versions/1",
            "environment": "azureml:/subscriptions/00000000-0000-0000-0000-000000000/resourceGroups/00000/providers/Microsoft.MachineLearningServices/workspaces/00000/environments/CliV2AnonymousEnvironment/versions/7926e182b294d8644f987381c0081e94",
            "name": "azureml_anonymous",
            "version": "1",
            "$schema": "https://azuremlschemas.azureedge.net/latest/commandComponent.schema.json",
            "display_name": "Basic component",
            "is_deterministic": true,
            "inputs": {
              "component_in_number": {
                "type": "integer",
                "optional": true
              },
              "component_in_number_1": {
                "type": "integer",
                "optional": true
              },
              "component_in_path": {
                "type": "uri_folder"
              }
            },
            "outputs": {
              "output_in_path": {
                "type": "uri_folder"
              },
              "output_in_number": {
                "type": "integer",
                "is_control": true
              },
              "is_number_larger_than_zero": {
                "type": "boolean",
                "is_control": true
              }
            },
            "type": "command",
            "_source": "YAML.COMPONENT"
          }
        }
      },
      "StatusCode": 201,
      "ResponseHeaders": {
        "Cache-Control": "no-cache",
        "Content-Length": "2489",
        "Content-Type": "application/json; charset=utf-8",
        "Date": "Thu, 05 Jan 2023 10:00:08 GMT",
        "Expires": "-1",
        "Location": "https://management.azure.com/subscriptions/00000000-0000-0000-0000-000000000/resourceGroups/00000/providers/Microsoft.MachineLearningServices/workspaces/00000/components/azureml_anonymous/versions/2ea6b7d8-e65b-2377-bbf4-c928b1caa66b?api-version=2022-10-01",
        "Pragma": "no-cache",
        "Request-Context": "appId=cid-v1:512cc15a-13b5-415b-bfd0-dce7accb6bb1",
        "Server-Timing": "traceparent;desc=\u002200-34f0d4cb45f964627940f1f2ca4b634d-9b7855678bb10159-00\u0022",
        "Strict-Transport-Security": "max-age=31536000; includeSubDomains",
        "x-aml-cluster": "vienna-test-westus2-02",
        "X-Content-Type-Options": "nosniff",
        "x-ms-correlation-request-id": "86e04ca7-3289-483b-b61c-7256bb1fa3ff",
        "x-ms-ratelimit-remaining-subscription-writes": "1188",
        "x-ms-response-type": "standard",
        "x-ms-routing-request-id": "JAPANEAST:20230105T100008Z:86e04ca7-3289-483b-b61c-7256bb1fa3ff",
        "x-request-time": "11.485"
      },
      "ResponseBody": {
        "id": "/subscriptions/00000000-0000-0000-0000-000000000/resourceGroups/00000/providers/Microsoft.MachineLearningServices/workspaces/00000/components/azureml_anonymous/versions/deb01df4-ab92-4f56-9c95-25a1002f83a3",
        "name": "deb01df4-ab92-4f56-9c95-25a1002f83a3",
        "type": "Microsoft.MachineLearningServices/workspaces/components/versions",
        "properties": {
          "description": null,
          "tags": {},
          "properties": {},
          "isArchived": false,
          "isAnonymous": true,
          "componentSpec": {
            "name": "azureml_anonymous",
            "version": "deb01df4-ab92-4f56-9c95-25a1002f83a3",
            "display_name": "Basic component",
            "is_deterministic": "True",
            "type": "command",
            "inputs": {
              "component_in_path": {
                "type": "uri_folder",
                "optional": "False"
              },
              "component_in_number": {
                "type": "integer",
                "optional": "True"
              },
              "component_in_number_1": {
                "type": "integer",
                "optional": "True"
              }
            },
            "outputs": {
              "output_in_path": {
                "type": "uri_folder"
              },
              "output_in_number": {
                "type": "integer",
                "is_control": "True"
              },
              "is_number_larger_than_zero": {
                "type": "boolean",
                "is_control": "True"
              }
            },
            "code": "azureml:/subscriptions/00000000-0000-0000-0000-000000000/resourceGroups/00000/providers/Microsoft.MachineLearningServices/workspaces/00000/codes/e3f11eca-a8d8-4ad0-99b9-71de75945692/versions/1",
            "environment": "azureml:/subscriptions/00000000-0000-0000-0000-000000000/resourceGroups/00000/providers/Microsoft.MachineLearningServices/workspaces/00000/environments/CliV2AnonymousEnvironment/versions/7926e182b294d8644f987381c0081e94",
            "resources": {
              "instance_count": "1"
            },
            "command": "python basic_component.py $[[--component_in_number ${{inputs.component_in_number}}]] $[[--component_in_number_1 ${{inputs.component_in_number_1}}]] --component_in_path ${{inputs.component_in_path}} --output_in_path ${{outputs.output_in_path}}",
            "$schema": "https://azuremlschemas.azureedge.net/latest/commandComponent.schema.json"
          }
        },
        "systemData": {
          "createdAt": "2022-12-30T02:45:19.1893286\u002B00:00",
          "createdBy": "Xingzhi Zhang",
          "createdByType": "User",
          "lastModifiedAt": "2022-12-30T02:45:19.6163404\u002B00:00",
          "lastModifiedBy": "Xingzhi Zhang",
          "lastModifiedByType": "User"
        }
      }
    },
    {
      "RequestUri": "https://management.azure.com/subscriptions/00000000-0000-0000-0000-000000000/resourceGroups/00000/providers/Microsoft.MachineLearningServices/workspaces/00000/components/azureml_anonymous/versions/7d25eb3c-4920-ada2-5348-f7d70771698e?api-version=2022-10-01",
      "RequestMethod": "PUT",
      "RequestHeaders": {
        "Accept": "application/json",
        "Accept-Encoding": "gzip, deflate",
        "Connection": "keep-alive",
        "Content-Length": "1702",
        "Content-Type": "application/json",
        "User-Agent": "azure-ai-ml/1.4.0 azsdk-python-mgmt-machinelearningservices/0.1.0 Python/3.7.13 (Windows-10-10.0.22621-SP0)"
      },
      "RequestBody": {
        "properties": {
          "description": "Do while body pipeline component",
          "properties": {},
          "tags": {},
          "isAnonymous": true,
          "isArchived": false,
          "componentSpec": {
            "name": "azureml_anonymous",
            "description": "Do while body pipeline component",
            "version": "1",
            "$schema": "https://azuremlschemas.azureedge.net/latest/pipelineComponent.schema.json",
            "display_name": "pipeline_with_do_while_body",
            "inputs": {
              "job_in_path": {
                "type": "uri_folder"
              },
              "job_in_number": {
                "type": "integer",
                "optional": true
              },
              "job_in_number_1": {
                "type": "integer"
              }
            },
            "outputs": {
              "output_in_number": {
                "type": "integer",
                "is_control": true
              },
              "output_in_path": {
                "type": "uri_folder"
              },
              "is_number_larger_than_zero": {
                "type": "boolean",
                "is_control": true
              }
            },
            "type": "pipeline",
            "jobs": {
              "write_input_num": {
                "type": "command",
                "inputs": {
                  "component_in_number": {
                    "job_input_type": "literal",
                    "value": "${{parent.inputs.job_in_number}}"
                  },
                  "component_in_number_1": {
                    "job_input_type": "literal",
                    "value": "${{parent.inputs.job_in_number}}"
                  },
                  "component_in_path": {
                    "job_input_type": "literal",
                    "value": "${{parent.inputs.job_in_path}}"
                  }
                },
                "outputs": {
                  "output_in_path": {
                    "value": "${{parent.outputs.output_in_path}}",
                    "type": "literal"
                  },
                  "output_in_number": {
                    "value": "${{parent.outputs.output_in_number}}",
                    "type": "literal"
                  },
                  "is_number_larger_than_zero": {
                    "value": "${{parent.outputs.is_number_larger_than_zero}}",
                    "type": "literal"
                  }
                },
                "_source": "YAML.COMPONENT",
                "componentId": "/subscriptions/00000000-0000-0000-0000-000000000/resourceGroups/00000/providers/Microsoft.MachineLearningServices/workspaces/00000/components/azureml_anonymous/versions/deb01df4-ab92-4f56-9c95-25a1002f83a3"
              }
            },
            "_source": "YAML.COMPONENT",
            "sourceJobId": null
          }
        }
      },
      "StatusCode": 201,
      "ResponseHeaders": {
        "Cache-Control": "no-cache",
        "Content-Length": "1927",
        "Content-Type": "application/json; charset=utf-8",
        "Date": "Thu, 05 Jan 2023 10:00:11 GMT",
        "Expires": "-1",
        "Location": "https://management.azure.com/subscriptions/00000000-0000-0000-0000-000000000/resourceGroups/00000/providers/Microsoft.MachineLearningServices/workspaces/00000/components/azureml_anonymous/versions/7d25eb3c-4920-ada2-5348-f7d70771698e?api-version=2022-10-01",
        "Pragma": "no-cache",
        "Request-Context": "appId=cid-v1:512cc15a-13b5-415b-bfd0-dce7accb6bb1",
        "Server-Timing": "traceparent;desc=\u002200-9ef3efa0926512cac46771a4ccec935b-0cbd263f8a7cb08a-00\u0022",
        "Strict-Transport-Security": "max-age=31536000; includeSubDomains",
        "x-aml-cluster": "vienna-test-westus2-02",
        "X-Content-Type-Options": "nosniff",
        "x-ms-correlation-request-id": "1e146c93-146d-49df-8cf8-39912cf67049",
        "x-ms-ratelimit-remaining-subscription-writes": "1187",
        "x-ms-response-type": "standard",
        "x-ms-routing-request-id": "JAPANEAST:20230105T100011Z:1e146c93-146d-49df-8cf8-39912cf67049",
        "x-request-time": "1.626"
      },
      "ResponseBody": {
        "id": "/subscriptions/00000000-0000-0000-0000-000000000/resourceGroups/00000/providers/Microsoft.MachineLearningServices/workspaces/00000/components/azureml_anonymous/versions/5afb8374-04a4-42fd-8c11-ab2de1713bc7",
        "name": "5afb8374-04a4-42fd-8c11-ab2de1713bc7",
        "type": "Microsoft.MachineLearningServices/workspaces/components/versions",
        "properties": {
          "description": null,
          "tags": {},
          "properties": {
            "azureml.DatasetAccessModeGraphId": "41fb0184-9f84-4e9f-9a62-e9d3656e1210",
            "azureml.AssetAccessModeGraphId": "44e6f6b0-c729-4465-b0a1-063be0bcc430"
          },
          "isArchived": false,
          "isAnonymous": true,
          "componentSpec": {
            "name": "azureml_anonymous",
            "version": "5afb8374-04a4-42fd-8c11-ab2de1713bc7",
            "display_name": "pipeline_with_do_while_body",
            "is_deterministic": "False",
            "type": "pipeline",
            "description": "Do while body pipeline component",
            "inputs": {
              "job_in_path": {
                "type": "uri_folder",
                "optional": "False"
              },
              "job_in_number": {
                "type": "integer",
                "optional": "True"
              },
              "job_in_number_1": {
                "type": "integer",
                "optional": "False"
              }
            },
            "outputs": {
              "output_in_number": {
                "type": "integer",
                "is_control": "True"
              },
              "output_in_path": {
                "type": "uri_folder"
              },
              "is_number_larger_than_zero": {
                "type": "boolean",
                "is_control": "True"
              }
            },
            "$schema": "https://azuremlschemas.azureedge.net/latest/pipelineComponent.schema.json"
          }
        },
        "systemData": {
          "createdAt": "2023-01-05T10:00:10.6819519\u002B00:00",
          "createdBy": "Doris Liao",
          "createdByType": "User",
          "lastModifiedAt": "2023-01-05T10:00:10.6819519\u002B00:00",
          "lastModifiedBy": "Doris Liao",
          "lastModifiedByType": "User"
        }
      }
    },
    {
      "RequestUri": "https://management.azure.com/subscriptions/00000000-0000-0000-0000-000000000/resourceGroups/00000/providers/Microsoft.MachineLearningServices/workspaces/00000/datastores/workspaceblobstore?api-version=2022-05-01",
      "RequestMethod": "GET",
      "RequestHeaders": {
        "Accept": "application/json",
        "Accept-Encoding": "gzip, deflate",
        "Connection": "keep-alive",
        "User-Agent": "azure-ai-ml/1.4.0 azsdk-python-mgmt-machinelearningservices/0.1.0 Python/3.7.13 (Windows-10-10.0.22621-SP0)"
      },
      "RequestBody": null,
      "StatusCode": 200,
      "ResponseHeaders": {
        "Cache-Control": "no-cache",
        "Content-Encoding": "gzip",
        "Content-Type": "application/json; charset=utf-8",
        "Date": "Thu, 05 Jan 2023 10:00:11 GMT",
        "Expires": "-1",
        "Pragma": "no-cache",
        "Request-Context": "appId=cid-v1:512cc15a-13b5-415b-bfd0-dce7accb6bb1",
        "Server-Timing": "traceparent;desc=\u002200-033dbcc25e285c5f7bc37af8fa58926c-754a7cd98fd70deb-00\u0022",
        "Strict-Transport-Security": "max-age=31536000; includeSubDomains",
        "Transfer-Encoding": "chunked",
        "Vary": [
          "Accept-Encoding",
          "Accept-Encoding"
        ],
        "x-aml-cluster": "vienna-test-westus2-02",
        "X-Content-Type-Options": "nosniff",
        "x-ms-correlation-request-id": "c5ea8057-71db-4984-b97b-5a7e70cae6bc",
        "x-ms-ratelimit-remaining-subscription-reads": "11990",
        "x-ms-response-type": "standard",
        "x-ms-routing-request-id": "JAPANEAST:20230105T100011Z:c5ea8057-71db-4984-b97b-5a7e70cae6bc",
        "x-request-time": "0.094"
      },
      "ResponseBody": {
        "id": "/subscriptions/00000000-0000-0000-0000-000000000/resourceGroups/00000/providers/Microsoft.MachineLearningServices/workspaces/00000/datastores/workspaceblobstore",
        "name": "workspaceblobstore",
        "type": "Microsoft.MachineLearningServices/workspaces/datastores",
        "properties": {
          "description": null,
          "tags": null,
          "properties": null,
          "isDefault": true,
          "credentials": {
            "credentialsType": "AccountKey"
          },
          "datastoreType": "AzureBlob",
          "accountName": "sagvgsoim6nmhbq",
          "containerName": "azureml-blobstore-e61cd5e2-512f-475e-9842-5e2a973993b8",
          "endpoint": "core.windows.net",
          "protocol": "https",
          "serviceDataAccessAuthIdentity": "WorkspaceSystemAssignedIdentity"
        },
        "systemData": {
          "createdAt": "2022-09-22T09:02:03.2629568\u002B00:00",
          "createdBy": "779301c0-18b2-4cdc-801b-a0a3368fee0a",
          "createdByType": "Application",
          "lastModifiedAt": "2022-09-22T09:02:04.166989\u002B00:00",
          "lastModifiedBy": "779301c0-18b2-4cdc-801b-a0a3368fee0a",
          "lastModifiedByType": "Application"
        }
      }
    },
    {
      "RequestUri": "https://management.azure.com/subscriptions/00000000-0000-0000-0000-000000000/resourceGroups/00000/providers/Microsoft.MachineLearningServices/workspaces/00000/datastores/workspaceblobstore/listSecrets?api-version=2022-05-01",
      "RequestMethod": "POST",
      "RequestHeaders": {
        "Accept": "application/json",
        "Accept-Encoding": "gzip, deflate",
        "Connection": "keep-alive",
        "Content-Length": "0",
        "User-Agent": "azure-ai-ml/1.4.0 azsdk-python-mgmt-machinelearningservices/0.1.0 Python/3.7.13 (Windows-10-10.0.22621-SP0)"
      },
      "RequestBody": null,
      "StatusCode": 200,
      "ResponseHeaders": {
        "Cache-Control": "no-cache",
        "Content-Encoding": "gzip",
        "Content-Type": "application/json; charset=utf-8",
        "Date": "Thu, 05 Jan 2023 10:00:12 GMT",
        "Expires": "-1",
        "Pragma": "no-cache",
        "Request-Context": "appId=cid-v1:512cc15a-13b5-415b-bfd0-dce7accb6bb1",
        "Server-Timing": "traceparent;desc=\u002200-a6e7f5120375422780978cb2c13451f0-fdb932b304574241-00\u0022",
        "Strict-Transport-Security": "max-age=31536000; includeSubDomains",
        "Transfer-Encoding": "chunked",
        "Vary": "Accept-Encoding",
        "x-aml-cluster": "vienna-test-westus2-02",
        "X-Content-Type-Options": "nosniff",
        "x-ms-correlation-request-id": "b951cac0-e4c4-46af-a825-86becaa766b0",
        "x-ms-ratelimit-remaining-subscription-writes": "1195",
        "x-ms-response-type": "standard",
        "x-ms-routing-request-id": "JAPANEAST:20230105T100012Z:b951cac0-e4c4-46af-a825-86becaa766b0",
        "x-request-time": "0.109"
      },
      "ResponseBody": {
        "secretsType": "AccountKey",
        "key": "dGhpcyBpcyBmYWtlIGtleQ=="
      }
    },
    {
      "RequestUri": "https://sagvgsoim6nmhbq.blob.core.windows.net/azureml-blobstore-e61cd5e2-512f-475e-9842-5e2a973993b8/LocalUpload/00000000000000000000000000000000/pipeline_with_do_while/components/basic_component.yml",
      "RequestMethod": "HEAD",
      "RequestHeaders": {
        "Accept": "application/xml",
        "Accept-Encoding": "gzip, deflate",
        "Connection": "keep-alive",
        "User-Agent": "azsdk-python-storage-blob/12.9.0 Python/3.7.13 (Windows-10-10.0.22621-SP0)",
        "x-ms-date": "Thu, 05 Jan 2023 10:00:12 GMT",
        "x-ms-version": "2020-10-02"
      },
      "RequestBody": null,
      "StatusCode": 200,
      "ResponseHeaders": {
        "Accept-Ranges": "bytes",
        "Content-Length": "1235",
        "Content-MD5": "BHbqp5MfRkf2jvFRilt3Qw==",
        "Content-Type": "application/octet-stream",
        "Date": "Thu, 05 Jan 2023 10:00:11 GMT",
        "ETag": "\u00220x8DAC9463799014E\u0022",
        "Last-Modified": "Fri, 18 Nov 2022 09:21:04 GMT",
        "Server": [
          "Windows-Azure-Blob/1.0",
          "Microsoft-HTTPAPI/2.0"
        ],
        "Vary": "Origin",
        "x-ms-access-tier": "Hot",
        "x-ms-access-tier-inferred": "true",
        "x-ms-blob-type": "BlockBlob",
        "x-ms-creation-time": "Fri, 18 Nov 2022 09:21:04 GMT",
        "x-ms-lease-state": "available",
        "x-ms-lease-status": "unlocked",
        "x-ms-meta-name": "cb975fc7-ef0d-4f6d-abaa-cc99cb748217",
        "x-ms-meta-upload_status": "completed",
        "x-ms-meta-version": "07be4cd9-334a-4942-a15f-17709c43cba7",
        "x-ms-server-encrypted": "true",
        "x-ms-version": "2020-10-02"
      },
      "ResponseBody": null
    },
    {
      "RequestUri": "https://sagvgsoim6nmhbq.blob.core.windows.net/azureml-blobstore-e61cd5e2-512f-475e-9842-5e2a973993b8/az-ml-artifacts/00000000000000000000000000000000/pipeline_with_do_while/components/basic_component.yml",
      "RequestMethod": "HEAD",
      "RequestHeaders": {
        "Accept": "application/xml",
        "Accept-Encoding": "gzip, deflate",
        "Connection": "keep-alive",
        "User-Agent": "azsdk-python-storage-blob/12.9.0 Python/3.7.13 (Windows-10-10.0.22621-SP0)",
        "x-ms-date": "Thu, 05 Jan 2023 10:00:12 GMT",
        "x-ms-version": "2020-10-02"
      },
      "RequestBody": null,
      "StatusCode": 404,
      "ResponseHeaders": {
        "Date": "Thu, 05 Jan 2023 10:00:11 GMT",
        "Server": [
          "Windows-Azure-Blob/1.0",
          "Microsoft-HTTPAPI/2.0"
        ],
        "Transfer-Encoding": "chunked",
        "Vary": "Origin",
        "x-ms-error-code": "BlobNotFound",
        "x-ms-version": "2020-10-02"
      },
      "ResponseBody": null
    },
    {
      "RequestUri": "https://management.azure.com/subscriptions/00000000-0000-0000-0000-000000000/resourceGroups/00000/providers/Microsoft.MachineLearningServices/workspaces/00000/jobs/test_400492878305?api-version=2022-10-01-preview",
      "RequestMethod": "PUT",
      "RequestHeaders": {
        "Accept": "application/json",
        "Accept-Encoding": "gzip, deflate",
        "Connection": "keep-alive",
        "Content-Length": "4176",
        "Content-Type": "application/json",
        "User-Agent": "azure-ai-ml/1.4.0 azsdk-python-mgmt-machinelearningservices/0.1.0 Python/3.7.13 (Windows-10-10.0.22621-SP0)"
      },
      "RequestBody": {
        "properties": {
          "properties": {},
          "tags": {},
          "displayName": "pipeline_with_do_while_node",
          "experimentName": "pipeline_with_do_while_node",
          "isArchived": false,
          "jobType": "Pipeline",
          "inputs": {
            "job_in_path": {
              "uri": "azureml://datastores/workspaceblobstore/paths/LocalUpload/00000000000000000000000000000000/pipeline_with_do_while/",
              "jobInputType": "uri_folder"
            },
            "job_in_number": {
              "jobInputType": "literal",
              "value": "3"
            }
          },
          "jobs": {
            "pipeline_body_node": {
              "name": "pipeline_body_node",
              "type": "pipeline",
              "inputs": {
                "job_in_path": {
                  "job_input_type": "literal",
                  "value": "${{parent.inputs.job_in_path}}"
                },
                "job_in_number": {
                  "job_input_type": "literal",
                  "value": "${{parent.inputs.job_in_number}}"
                },
                "job_in_number_1": {
                  "job_input_type": "literal",
                  "value": "${{parent.inputs.job_in_number}}"
                }
              },
              "_source": "YAML.COMPONENT",
              "componentId": "/subscriptions/00000000-0000-0000-0000-000000000/resourceGroups/00000/providers/Microsoft.MachineLearningServices/workspaces/00000/components/azureml_anonymous/versions/5afb8374-04a4-42fd-8c11-ab2de1713bc7"
            },
            "do_while_job_with_pipeline_job": {
              "body": "${{parent.jobs.pipeline_body_node}}",
              "type": "do_while",
              "condition": "is_number_larger_than_zero",
              "mapping": {
                "output_in_number": [
                  "job_in_number",
                  "job_in_number_1"
                ],
                "output_in_path": [
                  "job_in_path"
                ]
              },
              "limits": {
                "max_iteration_count": 5
              }
            },
            "command_component_body_node": {
              "name": "command_component_body_node",
              "type": "command",
              "computeId": "/subscriptions/00000000-0000-0000-0000-000000000/resourceGroups/00000/providers/Microsoft.MachineLearningServices/workspaces/00000/computes/cpu-cluster",
              "inputs": {
                "component_in_number": {
                  "job_input_type": "literal",
                  "value": "${{parent.inputs.job_in_number}}"
                },
                "component_in_number_1": {
                  "job_input_type": "literal",
                  "value": "${{parent.inputs.job_in_number}}"
                },
                "component_in_path": {
                  "job_input_type": "literal",
                  "value": "${{parent.inputs.job_in_path}}"
                }
              },
              "_source": "YAML.COMPONENT",
              "componentId": "/subscriptions/00000000-0000-0000-0000-000000000/resourceGroups/00000/providers/Microsoft.MachineLearningServices/workspaces/00000/components/azureml_anonymous/versions/deb01df4-ab92-4f56-9c95-25a1002f83a3"
            },
            "do_while_job_with_command_component": {
              "body": "${{parent.jobs.command_component_body_node}}",
              "type": "do_while",
              "condition": "is_number_larger_than_zero",
              "mapping": {
                "output_in_number": [
                  "component_in_number",
                  "component_in_number_1"
                ],
                "output_in_path": [
                  "component_in_path"
                ]
              },
              "limits": {
                "max_iteration_count": 5
              }
            },
            "get_do_while_result": {
              "name": "get_do_while_result",
              "type": "command",
              "computeId": "/subscriptions/00000000-0000-0000-0000-000000000/resourceGroups/00000/providers/Microsoft.MachineLearningServices/workspaces/00000/computes/cpu-cluster",
              "inputs": {
                "component_in_number": {
                  "job_input_type": "literal",
                  "value": "${{parent.jobs.pipeline_body_node.outputs.output_in_number}}"
                },
                "component_in_number_1": {
                  "job_input_type": "literal",
                  "value": "${{parent.jobs.command_component_body_node.outputs.output_in_number}}"
                },
                "component_in_path": {
                  "job_input_type": "literal",
                  "value": "${{parent.jobs.pipeline_body_node.outputs.output_in_path}}"
                }
              },
              "outputs": {
                "output_in_path": {
                  "value": "${{parent.outputs.output_in_path}}",
                  "type": "literal"
                },
                "output_in_number": {
                  "value": "${{parent.outputs.output_in_number}}",
                  "type": "literal"
                }
              },
              "_source": "YAML.COMPONENT",
              "componentId": "/subscriptions/00000000-0000-0000-0000-000000000/resourceGroups/00000/providers/Microsoft.MachineLearningServices/workspaces/00000/components/azureml_anonymous/versions/deb01df4-ab92-4f56-9c95-25a1002f83a3"
            }
          },
          "outputs": {
            "output_in_number": {
              "mode": "Upload",
              "jobOutputType": "uri_folder"
            },
            "output_in_path": {
              "mode": "Upload",
              "jobOutputType": "uri_folder"
            }
          },
          "settings": {
            "default_compute": "/subscriptions/00000000-0000-0000-0000-000000000/resourceGroups/00000/providers/Microsoft.MachineLearningServices/workspaces/00000/computes/cpu-cluster",
            "default_datastore": "/subscriptions/00000000-0000-0000-0000-000000000/resourceGroups/00000/providers/Microsoft.MachineLearningServices/workspaces/00000/datastores/workspaceblobstore",
            "continue_on_step_failure": false,
            "force_rerun": true,
            "_source": "YAML.JOB"
          }
        }
      },
      "StatusCode": 201,
      "ResponseHeaders": {
        "Cache-Control": "no-cache",
        "Content-Length": "7465",
        "Content-Type": "application/json; charset=utf-8",
        "Date": "Thu, 05 Jan 2023 10:00:16 GMT",
        "Expires": "-1",
        "Location": "https://management.azure.com/subscriptions/00000000-0000-0000-0000-000000000/resourceGroups/00000/providers/Microsoft.MachineLearningServices/workspaces/00000/jobs/test_400492878305?api-version=2022-10-01-preview",
        "Pragma": "no-cache",
        "Request-Context": "appId=cid-v1:512cc15a-13b5-415b-bfd0-dce7accb6bb1",
        "Server-Timing": "traceparent;desc=\u002200-f9ddd0628739ad682cbefc94c46432f1-e1fb16fe8c5813d0-00\u0022",
        "Strict-Transport-Security": "max-age=31536000; includeSubDomains",
        "x-aml-cluster": "vienna-test-westus2-02",
        "X-Content-Type-Options": "nosniff",
        "x-ms-correlation-request-id": "523d855c-01e2-4dd4-b3e4-9e517cb4617e",
        "x-ms-ratelimit-remaining-subscription-writes": "1186",
        "x-ms-response-type": "standard",
        "x-ms-routing-request-id": "JAPANEAST:20230105T100016Z:523d855c-01e2-4dd4-b3e4-9e517cb4617e",
        "x-request-time": "3.183"
      },
      "ResponseBody": {
        "id": "/subscriptions/00000000-0000-0000-0000-000000000/resourceGroups/00000/providers/Microsoft.MachineLearningServices/workspaces/00000/jobs/test_400492878305",
        "name": "test_400492878305",
        "type": "Microsoft.MachineLearningServices/workspaces/jobs",
        "properties": {
          "description": null,
          "tags": {},
          "properties": {
            "azureml.DevPlatv2": "true",
            "azureml.runsource": "azureml.PipelineRun",
            "runSource": "MFE",
            "runType": "HTTP",
            "azureml.parameters": "{\u0022job_in_number\u0022:\u00223\u0022}",
            "azureml.continue_on_step_failure": "False",
            "azureml.continue_on_failed_optional_input": "True",
            "azureml.enforceRerun": "True",
            "azureml.defaultComputeName": "cpu-cluster",
            "azureml.defaultDataStoreName": "workspaceblobstore",
            "azureml.pipelineComponent": "pipelinerun"
          },
          "displayName": "pipeline_with_do_while_node",
          "status": "Preparing",
          "experimentName": "pipeline_with_do_while_node",
          "services": {
            "Tracking": {
              "jobServiceType": "Tracking",
              "port": null,
              "endpoint": "azureml://master.api.azureml-test.ms/mlflow/v1.0/subscriptions/00000000-0000-0000-0000-000000000/resourceGroups/00000/providers/Microsoft.MachineLearningServices/workspaces/00000?",
              "status": null,
              "errorMessage": null,
              "properties": null,
              "nodes": null
            },
            "Studio": {
              "jobServiceType": "Studio",
              "port": null,
              "endpoint": "https://ml.azure.com/runs/test_400492878305?wsid=/subscriptions/00000000-0000-0000-0000-000000000/resourcegroups/00000/workspaces/00000",
              "status": null,
              "errorMessage": null,
              "properties": null,
              "nodes": null
            }
          },
          "computeId": null,
          "isArchived": false,
          "identity": null,
          "componentId": null,
          "jobType": "Pipeline",
          "settings": {
            "default_compute": "/subscriptions/00000000-0000-0000-0000-000000000/resourceGroups/00000/providers/Microsoft.MachineLearningServices/workspaces/00000/computes/cpu-cluster",
            "default_datastore": "/subscriptions/00000000-0000-0000-0000-000000000/resourceGroups/00000/providers/Microsoft.MachineLearningServices/workspaces/00000/datastores/workspaceblobstore",
            "continue_on_step_failure": false,
            "force_rerun": true,
            "_source": "YAML.JOB"
          },
          "jobs": {
            "pipeline_body_node": {
              "name": "pipeline_body_node",
              "type": "pipeline",
              "inputs": {
                "job_in_path": {
                  "job_input_type": "literal",
                  "value": "${{parent.inputs.job_in_path}}"
                },
                "job_in_number": {
                  "job_input_type": "literal",
                  "value": "${{parent.inputs.job_in_number}}"
                },
                "job_in_number_1": {
                  "job_input_type": "literal",
                  "value": "${{parent.inputs.job_in_number}}"
                }
              },
              "_source": "YAML.COMPONENT",
              "componentId": "/subscriptions/00000000-0000-0000-0000-000000000/resourceGroups/00000/providers/Microsoft.MachineLearningServices/workspaces/00000/components/azureml_anonymous/versions/5afb8374-04a4-42fd-8c11-ab2de1713bc7"
            },
            "do_while_job_with_pipeline_job": {
              "body": "${{parent.jobs.pipeline_body_node}}",
              "type": "do_while",
              "condition": "is_number_larger_than_zero",
              "mapping": {
                "output_in_number": [
                  "job_in_number",
                  "job_in_number_1"
                ],
                "output_in_path": [
                  "job_in_path"
                ]
              },
              "limits": {
                "max_iteration_count": 5
              }
            },
            "command_component_body_node": {
              "name": "command_component_body_node",
              "type": "command",
              "computeId": "/subscriptions/00000000-0000-0000-0000-000000000/resourceGroups/00000/providers/Microsoft.MachineLearningServices/workspaces/00000/computes/cpu-cluster",
              "inputs": {
                "component_in_number": {
                  "job_input_type": "literal",
                  "value": "${{parent.inputs.job_in_number}}"
                },
                "component_in_number_1": {
                  "job_input_type": "literal",
                  "value": "${{parent.inputs.job_in_number}}"
                },
                "component_in_path": {
                  "job_input_type": "literal",
                  "value": "${{parent.inputs.job_in_path}}"
                }
              },
              "_source": "YAML.COMPONENT",
              "componentId": "/subscriptions/00000000-0000-0000-0000-000000000/resourceGroups/00000/providers/Microsoft.MachineLearningServices/workspaces/00000/components/azureml_anonymous/versions/deb01df4-ab92-4f56-9c95-25a1002f83a3"
            },
            "do_while_job_with_command_component": {
              "body": "${{parent.jobs.command_component_body_node}}",
              "type": "do_while",
              "condition": "is_number_larger_than_zero",
              "mapping": {
                "output_in_number": [
                  "component_in_number",
                  "component_in_number_1"
                ],
                "output_in_path": [
                  "component_in_path"
                ]
              },
              "limits": {
                "max_iteration_count": 5
              }
            },
            "get_do_while_result": {
              "name": "get_do_while_result",
              "type": "command",
              "computeId": "/subscriptions/00000000-0000-0000-0000-000000000/resourceGroups/00000/providers/Microsoft.MachineLearningServices/workspaces/00000/computes/cpu-cluster",
              "inputs": {
                "component_in_number": {
                  "job_input_type": "literal",
                  "value": "${{parent.jobs.pipeline_body_node.outputs.output_in_number}}"
                },
                "component_in_number_1": {
                  "job_input_type": "literal",
                  "value": "${{parent.jobs.command_component_body_node.outputs.output_in_number}}"
                },
                "component_in_path": {
                  "job_input_type": "literal",
                  "value": "${{parent.jobs.pipeline_body_node.outputs.output_in_path}}"
                }
              },
              "outputs": {
                "output_in_path": {
                  "value": "${{parent.outputs.output_in_path}}",
                  "type": "literal"
                },
                "output_in_number": {
                  "value": "${{parent.outputs.output_in_number}}",
                  "type": "literal"
                }
              },
              "_source": "YAML.COMPONENT",
              "componentId": "/subscriptions/00000000-0000-0000-0000-000000000/resourceGroups/00000/providers/Microsoft.MachineLearningServices/workspaces/00000/components/azureml_anonymous/versions/deb01df4-ab92-4f56-9c95-25a1002f83a3"
            }
          },
          "inputs": {
            "job_in_path": {
              "description": null,
              "uri": "azureml://datastores/workspaceblobstore/paths/LocalUpload/00000000000000000000000000000000/pipeline_with_do_while/",
              "mode": "ReadOnlyMount",
              "jobInputType": "uri_folder"
            },
            "job_in_number": {
              "description": null,
              "jobInputType": "literal",
              "value": "3"
            }
          },
          "outputs": {
            "output_in_number": {
              "description": null,
              "uri": null,
              "mode": "Upload",
              "jobOutputType": "uri_folder"
            },
            "output_in_path": {
              "description": null,
              "uri": null,
              "mode": "Upload",
              "jobOutputType": "uri_folder"
            }
          },
          "sourceJobId": null
        },
        "systemData": {
          "createdAt": "2023-01-05T10:00:15.6269277\u002B00:00",
          "createdBy": "Doris Liao",
          "createdByType": "User"
        }
      }
    },
    {
      "RequestUri": "https://management.azure.com/subscriptions/00000000-0000-0000-0000-000000000/resourceGroups/00000/providers/Microsoft.MachineLearningServices/workspaces/00000/jobs/test_400492878305/cancel?api-version=2022-10-01-preview",
      "RequestMethod": "POST",
      "RequestHeaders": {
        "Accept": "application/json",
        "Accept-Encoding": "gzip, deflate",
        "Connection": "keep-alive",
        "Content-Length": "0",
        "User-Agent": "azure-ai-ml/1.4.0 azsdk-python-mgmt-machinelearningservices/0.1.0 Python/3.7.13 (Windows-10-10.0.22621-SP0)"
      },
      "RequestBody": null,
      "StatusCode": 202,
      "ResponseHeaders": {
        "Cache-Control": "no-cache",
        "Content-Length": "4",
        "Content-Type": "application/json; charset=utf-8",
        "Date": "Thu, 05 Jan 2023 10:00:20 GMT",
        "Expires": "-1",
        "Location": "https://management.azure.com/subscriptions/00000000-0000-0000-0000-000000000/providers/Microsoft.MachineLearningServices/locations/centraluseuap/mfeOperationResults/jc:e61cd5e2-512f-475e-9842-5e2a973993b8:test_400492878305?api-version=2022-10-01-preview",
        "Pragma": "no-cache",
        "Request-Context": "appId=cid-v1:512cc15a-13b5-415b-bfd0-dce7accb6bb1",
        "Strict-Transport-Security": "max-age=31536000; includeSubDomains",
        "x-aml-cluster": "vienna-test-westus2-02",
        "X-Content-Type-Options": "nosniff",
        "x-ms-async-operation-timeout": "PT1H",
        "x-ms-correlation-request-id": "ceb9e9f1-e665-4ff0-8e0c-4923a8ebaca0",
        "x-ms-ratelimit-remaining-subscription-writes": "1194",
        "x-ms-response-type": "standard",
        "x-ms-routing-request-id": "JAPANEAST:20230105T100020Z:ceb9e9f1-e665-4ff0-8e0c-4923a8ebaca0",
        "x-request-time": "0.711"
      },
      "ResponseBody": "null"
    },
    {
      "RequestUri": "https://management.azure.com/subscriptions/00000000-0000-0000-0000-000000000/providers/Microsoft.MachineLearningServices/locations/centraluseuap/mfeOperationResults/jc:e61cd5e2-512f-475e-9842-5e2a973993b8:test_400492878305?api-version=2022-10-01-preview",
      "RequestMethod": "GET",
      "RequestHeaders": {
        "Accept": "*/*",
        "Accept-Encoding": "gzip, deflate",
        "Connection": "keep-alive",
        "User-Agent": "azure-ai-ml/1.4.0 azsdk-python-mgmt-machinelearningservices/0.1.0 Python/3.7.13 (Windows-10-10.0.22621-SP0)"
      },
      "RequestBody": null,
      "StatusCode": 202,
      "ResponseHeaders": {
        "Cache-Control": "no-cache",
        "Content-Length": "2",
        "Content-Type": "application/json; charset=utf-8",
        "Date": "Thu, 05 Jan 2023 10:00:20 GMT",
        "Expires": "-1",
        "Location": "https://management.azure.com/subscriptions/00000000-0000-0000-0000-000000000/providers/Microsoft.MachineLearningServices/locations/centraluseuap/mfeOperationResults/jc:e61cd5e2-512f-475e-9842-5e2a973993b8:test_400492878305?api-version=2022-10-01-preview",
        "Pragma": "no-cache",
        "Request-Context": "appId=cid-v1:512cc15a-13b5-415b-bfd0-dce7accb6bb1",
        "Strict-Transport-Security": "max-age=31536000; includeSubDomains",
        "x-aml-cluster": "vienna-test-westus2-01",
        "X-Content-Type-Options": "nosniff",
        "x-ms-correlation-request-id": "3d0cf597-dc7c-4b41-9afc-f0e2ff8021d6",
        "x-ms-ratelimit-remaining-subscription-reads": "11989",
        "x-ms-response-type": "standard",
        "x-ms-routing-request-id": "JAPANEAST:20230105T100020Z:3d0cf597-dc7c-4b41-9afc-f0e2ff8021d6",
        "x-request-time": "0.053"
      },
      "ResponseBody": {}
    },
    {
      "RequestUri": "https://management.azure.com/subscriptions/00000000-0000-0000-0000-000000000/providers/Microsoft.MachineLearningServices/locations/centraluseuap/mfeOperationResults/jc:e61cd5e2-512f-475e-9842-5e2a973993b8:test_400492878305?api-version=2022-10-01-preview",
      "RequestMethod": "GET",
      "RequestHeaders": {
        "Accept": "*/*",
        "Accept-Encoding": "gzip, deflate",
        "Connection": "keep-alive",
        "User-Agent": "azure-ai-ml/1.4.0 azsdk-python-mgmt-machinelearningservices/0.1.0 Python/3.7.13 (Windows-10-10.0.22621-SP0)"
      },
      "RequestBody": null,
      "StatusCode": 202,
      "ResponseHeaders": {
        "Cache-Control": "no-cache",
        "Content-Length": "2",
        "Content-Type": "application/json; charset=utf-8",
        "Date": "Thu, 05 Jan 2023 10:00:50 GMT",
        "Expires": "-1",
        "Location": "https://management.azure.com/subscriptions/00000000-0000-0000-0000-000000000/providers/Microsoft.MachineLearningServices/locations/centraluseuap/mfeOperationResults/jc:e61cd5e2-512f-475e-9842-5e2a973993b8:test_400492878305?api-version=2022-10-01-preview",
        "Pragma": "no-cache",
        "Request-Context": "appId=cid-v1:512cc15a-13b5-415b-bfd0-dce7accb6bb1",
        "Strict-Transport-Security": "max-age=31536000; includeSubDomains",
        "x-aml-cluster": "vienna-test-westus2-01",
        "X-Content-Type-Options": "nosniff",
        "x-ms-correlation-request-id": "47c6d1bb-e12a-41e9-9cb7-c90ededd2eb5",
        "x-ms-ratelimit-remaining-subscription-reads": "11988",
        "x-ms-response-type": "standard",
        "x-ms-routing-request-id": "JAPANEAST:20230105T100051Z:47c6d1bb-e12a-41e9-9cb7-c90ededd2eb5",
        "x-request-time": "0.045"
      },
      "ResponseBody": {}
    },
    {
      "RequestUri": "https://management.azure.com/subscriptions/00000000-0000-0000-0000-000000000/providers/Microsoft.MachineLearningServices/locations/centraluseuap/mfeOperationResults/jc:e61cd5e2-512f-475e-9842-5e2a973993b8:test_400492878305?api-version=2022-10-01-preview",
      "RequestMethod": "GET",
      "RequestHeaders": {
        "Accept": "*/*",
        "Accept-Encoding": "gzip, deflate",
        "Connection": "keep-alive",
        "User-Agent": "azure-ai-ml/1.4.0 azsdk-python-mgmt-machinelearningservices/0.1.0 Python/3.7.13 (Windows-10-10.0.22621-SP0)"
      },
      "RequestBody": null,
      "StatusCode": 202,
      "ResponseHeaders": {
        "Cache-Control": "no-cache",
        "Content-Length": "2",
        "Content-Type": "application/json; charset=utf-8",
        "Date": "Thu, 05 Jan 2023 10:01:21 GMT",
        "Expires": "-1",
        "Location": "https://management.azure.com/subscriptions/00000000-0000-0000-0000-000000000/providers/Microsoft.MachineLearningServices/locations/centraluseuap/mfeOperationResults/jc:e61cd5e2-512f-475e-9842-5e2a973993b8:test_400492878305?api-version=2022-10-01-preview",
        "Pragma": "no-cache",
        "Request-Context": "appId=cid-v1:512cc15a-13b5-415b-bfd0-dce7accb6bb1",
        "Strict-Transport-Security": "max-age=31536000; includeSubDomains",
        "x-aml-cluster": "vienna-test-westus2-01",
        "X-Content-Type-Options": "nosniff",
        "x-ms-correlation-request-id": "50481927-cef9-451c-89d1-0795ae156684",
        "x-ms-ratelimit-remaining-subscription-reads": "11987",
        "x-ms-response-type": "standard",
        "x-ms-routing-request-id": "JAPANEAST:20230105T100121Z:50481927-cef9-451c-89d1-0795ae156684",
        "x-request-time": "0.036"
      },
      "ResponseBody": {}
    },
    {
      "RequestUri": "https://management.azure.com/subscriptions/00000000-0000-0000-0000-000000000/providers/Microsoft.MachineLearningServices/locations/centraluseuap/mfeOperationResults/jc:e61cd5e2-512f-475e-9842-5e2a973993b8:test_400492878305?api-version=2022-10-01-preview",
      "RequestMethod": "GET",
      "RequestHeaders": {
        "Accept": "*/*",
        "Accept-Encoding": "gzip, deflate",
        "Connection": "keep-alive",
        "User-Agent": "azure-ai-ml/1.4.0 azsdk-python-mgmt-machinelearningservices/0.1.0 Python/3.7.13 (Windows-10-10.0.22621-SP0)"
      },
      "RequestBody": null,
      "StatusCode": 202,
      "ResponseHeaders": {
        "Cache-Control": "no-cache",
        "Content-Length": "2",
        "Content-Type": "application/json; charset=utf-8",
        "Date": "Thu, 05 Jan 2023 10:01:51 GMT",
        "Expires": "-1",
        "Location": "https://management.azure.com/subscriptions/00000000-0000-0000-0000-000000000/providers/Microsoft.MachineLearningServices/locations/centraluseuap/mfeOperationResults/jc:e61cd5e2-512f-475e-9842-5e2a973993b8:test_400492878305?api-version=2022-10-01-preview",
        "Pragma": "no-cache",
        "Request-Context": "appId=cid-v1:512cc15a-13b5-415b-bfd0-dce7accb6bb1",
        "Strict-Transport-Security": "max-age=31536000; includeSubDomains",
        "x-aml-cluster": "vienna-test-westus2-01",
        "X-Content-Type-Options": "nosniff",
        "x-ms-correlation-request-id": "e862235e-9d15-462f-ae03-b871826f41b7",
        "x-ms-ratelimit-remaining-subscription-reads": "11986",
        "x-ms-response-type": "standard",
        "x-ms-routing-request-id": "JAPANEAST:20230105T100151Z:e862235e-9d15-462f-ae03-b871826f41b7",
        "x-request-time": "0.030"
      },
      "ResponseBody": {}
    },
    {
      "RequestUri": "https://management.azure.com/subscriptions/00000000-0000-0000-0000-000000000/providers/Microsoft.MachineLearningServices/locations/centraluseuap/mfeOperationResults/jc:e61cd5e2-512f-475e-9842-5e2a973993b8:test_400492878305?api-version=2022-10-01-preview",
      "RequestMethod": "GET",
      "RequestHeaders": {
        "Accept": "*/*",
        "Accept-Encoding": "gzip, deflate",
        "Connection": "keep-alive",
        "User-Agent": "azure-ai-ml/1.4.0 azsdk-python-mgmt-machinelearningservices/0.1.0 Python/3.7.13 (Windows-10-10.0.22621-SP0)"
      },
      "RequestBody": null,
      "StatusCode": 202,
      "ResponseHeaders": {
        "Cache-Control": "no-cache",
        "Content-Length": "2",
        "Content-Type": "application/json; charset=utf-8",
        "Date": "Thu, 05 Jan 2023 10:02:22 GMT",
        "Expires": "-1",
        "Location": "https://management.azure.com/subscriptions/00000000-0000-0000-0000-000000000/providers/Microsoft.MachineLearningServices/locations/centraluseuap/mfeOperationResults/jc:e61cd5e2-512f-475e-9842-5e2a973993b8:test_400492878305?api-version=2022-10-01-preview",
        "Pragma": "no-cache",
        "Request-Context": "appId=cid-v1:512cc15a-13b5-415b-bfd0-dce7accb6bb1",
        "Strict-Transport-Security": "max-age=31536000; includeSubDomains",
        "x-aml-cluster": "vienna-test-westus2-01",
        "X-Content-Type-Options": "nosniff",
        "x-ms-correlation-request-id": "f66de73c-50f0-4de6-ad06-1d8422fbc507",
        "x-ms-ratelimit-remaining-subscription-reads": "11985",
        "x-ms-response-type": "standard",
        "x-ms-routing-request-id": "JAPANEAST:20230105T100222Z:f66de73c-50f0-4de6-ad06-1d8422fbc507",
        "x-request-time": "0.032"
      },
      "ResponseBody": {}
    },
    {
      "RequestUri": "https://management.azure.com/subscriptions/00000000-0000-0000-0000-000000000/providers/Microsoft.MachineLearningServices/locations/centraluseuap/mfeOperationResults/jc:e61cd5e2-512f-475e-9842-5e2a973993b8:test_400492878305?api-version=2022-10-01-preview",
      "RequestMethod": "GET",
      "RequestHeaders": {
        "Accept": "*/*",
        "Accept-Encoding": "gzip, deflate",
        "Connection": "keep-alive",
        "User-Agent": "azure-ai-ml/1.4.0 azsdk-python-mgmt-machinelearningservices/0.1.0 Python/3.7.13 (Windows-10-10.0.22621-SP0)"
      },
      "RequestBody": null,
      "StatusCode": 200,
      "ResponseHeaders": {
        "Cache-Control": "no-cache",
        "Content-Length": "0",
        "Date": "Thu, 05 Jan 2023 10:02:52 GMT",
        "Expires": "-1",
        "Pragma": "no-cache",
        "Request-Context": "appId=cid-v1:512cc15a-13b5-415b-bfd0-dce7accb6bb1",
        "Server-Timing": "traceparent;desc=\u002200-6d0c66d268cbe2fce4a4ac3fa37e2d3f-9c61b19bc59a0174-00\u0022",
        "Strict-Transport-Security": "max-age=31536000; includeSubDomains",
        "x-aml-cluster": "vienna-test-westus2-02",
        "X-Content-Type-Options": "nosniff",
        "x-ms-correlation-request-id": "7526e403-a348-46df-b914-3164b7b3a107",
        "x-ms-ratelimit-remaining-subscription-reads": "11984",
        "x-ms-response-type": "standard",
        "x-ms-routing-request-id": "JAPANEAST:20230105T100252Z:7526e403-a348-46df-b914-3164b7b3a107",
        "x-request-time": "0.034"
      },
      "ResponseBody": null
    }
  ],
  "Variables": {
    "name": "test_400492878305"
  }
}
