{
  "Entries": [
    {
      "RequestUri": "https://management.azure.com/subscriptions/00000000-0000-0000-0000-000000000/resourceGroups/00000/providers/Microsoft.MachineLearningServices/workspaces/00000/computes/adftest?api-version=2022-10-01-preview",
      "RequestMethod": "GET",
      "RequestHeaders": {
        "Accept": "application/json",
        "Accept-Encoding": "gzip, deflate",
        "Connection": "keep-alive",
        "User-Agent": "azure-ai-ml/1.4.0 azsdk-python-mgmt-machinelearningservices/0.1.0 Python/3.8.13 (Windows-10-10.0.22000-SP0)"
      },
      "RequestBody": null,
      "StatusCode": 200,
      "ResponseHeaders": {
        "Cache-Control": "no-cache",
        "Content-Encoding": "gzip",
        "Content-Type": "application/json; charset=utf-8",
        "Date": "Fri, 10 Feb 2023 13:00:52 GMT",
        "Expires": "-1",
        "Pragma": "no-cache",
        "Request-Context": "appId=cid-v1:512cc15a-13b5-415b-bfd0-dce7accb6bb1",
        "Server-Timing": "traceparent;desc=\u002200-3cccf6a730ff1b667e8aceed6ad617e3-cbd862fbb8b67497-01\u0022",
        "Strict-Transport-Security": "max-age=31536000; includeSubDomains",
        "Transfer-Encoding": "chunked",
        "Vary": [
          "Accept-Encoding",
          "Accept-Encoding"
        ],
        "x-aml-cluster": "vienna-test-westus2-02",
        "X-Content-Type-Options": "nosniff",
        "x-ms-correlation-request-id": "f24077f5-6aec-4c7a-8675-2be4babfc180",
        "x-ms-ratelimit-remaining-subscription-reads": "11999",
        "x-ms-response-type": "standard",
        "x-ms-routing-request-id": "JAPANEAST:20230210T130052Z:f24077f5-6aec-4c7a-8675-2be4babfc180",
        "x-request-time": "0.034"
      },
      "ResponseBody": {
        "id": "/subscriptions/00000000-0000-0000-0000-000000000/resourceGroups/00000/providers/Microsoft.MachineLearningServices/workspaces/00000/computes/adftest",
        "name": "adftest",
        "type": "Microsoft.MachineLearningServices/workspaces/computes",
        "location": "centraluseuap",
        "tags": null,
        "properties": {
          "createdOn": "2021-10-29T10:44:51.6940655\u002B00:00",
          "modifiedOn": "2021-10-29T10:45:02.031082\u002B00:00",
          "disableLocalAuth": false,
          "description": null,
          "resourceId": "/subscriptions/00000000-0000-0000-0000-000000000/resourceGroups/00000/providers/Microsoft.DataFactory/factories/adftestb3a13496e35d",
          "computeType": "DataFactory",
          "computeLocation": "eastus",
          "provisioningState": "Succeeded",
          "provisioningErrors": null,
          "isAttachedCompute": false,
          "properties": {}
        }
      }
    },
    {
      "RequestUri": "https://management.azure.com/subscriptions/00000000-0000-0000-0000-000000000/resourceGroups/00000/providers/Microsoft.MachineLearningServices/workspaces/00000/components/azureml_anonymous/versions/5a2bddeb-280d-4391-f09e-2e7b13c6ac9c?api-version=2022-10-01",
      "RequestMethod": "PUT",
      "RequestHeaders": {
        "Accept": "application/json",
        "Accept-Encoding": "gzip, deflate",
        "Connection": "keep-alive",
        "Content-Length": "322",
        "Content-Type": "application/json",
        "User-Agent": "azure-ai-ml/1.4.0 azsdk-python-mgmt-machinelearningservices/0.1.0 Python/3.8.13 (Windows-10-10.0.22000-SP0)"
      },
      "RequestBody": {
        "properties": {
          "properties": {},
          "tags": {},
          "isAnonymous": true,
          "isArchived": false,
          "componentSpec": {
            "name": "azureml_anonymous",
            "version": "1",
            "is_deterministic": true,
            "outputs": {
              "sink": {
                "type": "mltable"
              }
            },
            "type": "data_transfer",
            "task": "import_data",
            "source": {
              "type": "database"
            },
            "_source": "BUILTIN"
          }
        }
      },
      "StatusCode": 201,
      "ResponseHeaders": {
        "Cache-Control": "no-cache",
        "Content-Length": "1151",
        "Content-Type": "application/json; charset=utf-8",
        "Date": "Fri, 10 Feb 2023 13:00:55 GMT",
        "Expires": "-1",
        "Location": "https://management.azure.com/subscriptions/00000000-0000-0000-0000-000000000/resourceGroups/00000/providers/Microsoft.MachineLearningServices/workspaces/00000/components/azureml_anonymous/versions/5a2bddeb-280d-4391-f09e-2e7b13c6ac9c?api-version=2022-10-01",
        "Pragma": "no-cache",
        "Request-Context": "appId=cid-v1:512cc15a-13b5-415b-bfd0-dce7accb6bb1",
        "Server-Timing": "traceparent;desc=\u002200-5bbffd326fd00fd752e78415d1c7c374-c3a18d934d352f81-01\u0022",
        "Strict-Transport-Security": "max-age=31536000; includeSubDomains",
        "x-aml-cluster": "vienna-test-westus2-01",
        "X-Content-Type-Options": "nosniff",
        "x-ms-correlation-request-id": "85941415-de7c-46ed-a474-bf1d338418f3",
        "x-ms-ratelimit-remaining-subscription-writes": "1199",
        "x-ms-response-type": "standard",
        "x-ms-routing-request-id": "JAPANEAST:20230210T130056Z:85941415-de7c-46ed-a474-bf1d338418f3",
        "x-request-time": "0.483"
      },
      "ResponseBody": {
        "id": "/subscriptions/00000000-0000-0000-0000-000000000/resourceGroups/00000/providers/Microsoft.MachineLearningServices/workspaces/00000/components/azureml_anonymous/versions/b57de6f7-5d25-448c-b3d6-12c6a1363283",
        "name": "b57de6f7-5d25-448c-b3d6-12c6a1363283",
        "type": "Microsoft.MachineLearningServices/workspaces/components/versions",
        "properties": {
          "description": null,
          "tags": {},
          "properties": {},
          "isArchived": false,
          "isAnonymous": true,
          "componentSpec": {
            "name": "azureml_anonymous",
            "version": "1",
            "is_deterministic": "True",
            "type": "data_transfer",
            "outputs": {
              "sink": {
                "type": "mltable"
              }
            },
            "task": "import_data",
            "source": {
              "type": "database"
            },
            "$schema": "https://componentsdk.azureedge.net/jsonschema/CommandComponent.json"
          }
        },
        "systemData": {
          "createdAt": "2023-02-09T10:38:24.3856684\u002B00:00",
          "createdBy": "Ying Chen",
          "createdByType": "User",
          "lastModifiedAt": "2023-02-09T10:38:24.7545754\u002B00:00",
          "lastModifiedBy": "Ying Chen",
          "lastModifiedByType": "User"
        }
      }
    },
    {
      "RequestUri": "https://management.azure.com/subscriptions/00000000-0000-0000-0000-000000000/resourceGroups/00000/providers/Microsoft.MachineLearningServices/workspaces/00000/jobs/test_317988670851?api-version=2022-12-01-preview",
      "RequestMethod": "PUT",
      "RequestHeaders": {
        "Accept": "application/json",
        "Accept-Encoding": "gzip, deflate",
        "Connection": "keep-alive",
        "Content-Length": "1827",
        "Content-Type": "application/json",
        "User-Agent": "azure-ai-ml/1.4.0 azsdk-python-mgmt-machinelearningservices/0.1.0 Python/3.8.13 (Windows-10-10.0.22000-SP0)"
      },
      "RequestBody": {
        "properties": {
          "description": "pipeline with data transfer components",
          "properties": {},
          "tags": {},
          "displayName": "test_317988670851",
          "experimentName": "azure-ai-ml",
          "isArchived": false,
          "jobType": "Pipeline",
          "inputs": {
            "query_source_snowflake": {
              "jobInputType": "literal",
              "value": "select top(10) Name from SalesLT.ProductCategory"
            }
          },
          "jobs": {
            "snowflake_blob": {
              "type": "data_transfer",
              "task": "import_data",
              "source": {
                "type": "database",
                "query": "${{parent.inputs.query_source_snowflake}}",
                "connection": "azureml:my_azuresqldb_connection"
              },
              "name": "snowflake_blob",
              "computeId": "/subscriptions/00000000-0000-0000-0000-000000000/resourceGroups/00000/providers/Microsoft.MachineLearningServices/workspaces/00000/computes/adftest",
              "outputs": {
                "sink": {
                  "job_output_type": "mltable"
                }
              },
              "_source": "BUILTIN",
              "componentId": "/subscriptions/00000000-0000-0000-0000-000000000/resourceGroups/00000/providers/Microsoft.MachineLearningServices/workspaces/00000/components/azureml_anonymous/versions/b57de6f7-5d25-448c-b3d6-12c6a1363283"
            },
            "snowflake_blob_node_input": {
              "type": "data_transfer",
              "task": "import_data",
              "source": {
                "type": "database",
                "query": "select top(10) Name from SalesLT.ProductCategory",
                "connection": "azureml:my_azuresqldb_connection"
              },
              "name": "snowflake_blob_node_input",
              "outputs": {
                "sink": {
                  "job_output_type": "mltable"
                }
              },
              "_source": "BUILTIN",
              "componentId": "/subscriptions/00000000-0000-0000-0000-000000000/resourceGroups/00000/providers/Microsoft.MachineLearningServices/workspaces/00000/components/azureml_anonymous/versions/b57de6f7-5d25-448c-b3d6-12c6a1363283"
            }
          },
          "outputs": {},
          "settings": {
            "default_compute": "/subscriptions/00000000-0000-0000-0000-000000000/resourceGroups/00000/providers/Microsoft.MachineLearningServices/workspaces/00000/computes/adftest",
            "_source": "YAML.JOB"
          }
        }
      },
      "StatusCode": 201,
      "ResponseHeaders": {
        "Cache-Control": "no-cache",
        "Content-Length": "4088",
        "Content-Type": "application/json; charset=utf-8",
        "Date": "Fri, 10 Feb 2023 13:01:00 GMT",
        "Expires": "-1",
        "Location": "https://management.azure.com/subscriptions/00000000-0000-0000-0000-000000000/resourceGroups/00000/providers/Microsoft.MachineLearningServices/workspaces/00000/jobs/test_317988670851?api-version=2022-12-01-preview",
        "Pragma": "no-cache",
        "Request-Context": "appId=cid-v1:512cc15a-13b5-415b-bfd0-dce7accb6bb1",
        "Server-Timing": "traceparent;desc=\u002200-5e4e3a55c9c73935175aa3f79b1ad1cf-d922e28bc4c664c9-01\u0022",
        "Strict-Transport-Security": "max-age=31536000; includeSubDomains",
        "x-aml-cluster": "vienna-test-westus2-01",
        "X-Content-Type-Options": "nosniff",
        "x-ms-correlation-request-id": "37b855e5-40b4-4b89-a7bf-eb97a7506165",
        "x-ms-ratelimit-remaining-subscription-writes": "1198",
        "x-ms-response-type": "standard",
        "x-ms-routing-request-id": "JAPANEAST:20230210T130101Z:37b855e5-40b4-4b89-a7bf-eb97a7506165",
        "x-request-time": "2.217"
      },
      "ResponseBody": {
        "id": "/subscriptions/00000000-0000-0000-0000-000000000/resourceGroups/00000/providers/Microsoft.MachineLearningServices/workspaces/00000/jobs/test_317988670851",
        "name": "test_317988670851",
        "type": "Microsoft.MachineLearningServices/workspaces/jobs",
        "properties": {
          "description": "pipeline with data transfer components",
          "tags": {},
          "properties": {
            "azureml.DevPlatv2": "true",
            "azureml.runsource": "azureml.PipelineRun",
            "runSource": "MFE",
            "runType": "HTTP",
            "azureml.parameters": "{\u0022query_source_snowflake\u0022:\u0022select top(10) Name from SalesLT.ProductCategory\u0022}",
            "azureml.continue_on_step_failure": "False",
            "azureml.continue_on_failed_optional_input": "True",
            "azureml.defaultComputeName": "adftest",
            "azureml.defaultDataStoreName": "workspaceblobstore",
            "azureml.pipelineComponent": "pipelinerun"
          },
          "displayName": "test_317988670851",
          "status": "Preparing",
          "experimentName": "azure-ai-ml",
          "services": {
            "Tracking": {
              "jobServiceType": "Tracking",
              "port": null,
              "endpoint": "azureml://master.api.azureml-test.ms/mlflow/v1.0/subscriptions/00000000-0000-0000-0000-000000000/resourceGroups/00000/providers/Microsoft.MachineLearningServices/workspaces/00000?",
              "status": null,
              "errorMessage": null,
              "properties": null,
              "nodes": null
            },
            "Studio": {
              "jobServiceType": "Studio",
              "port": null,
              "endpoint": "https://ml.azure.com/runs/test_317988670851?wsid=/subscriptions/00000000-0000-0000-0000-000000000/resourcegroups/00000/workspaces/00000",
              "status": null,
              "errorMessage": null,
              "properties": null,
              "nodes": null
            }
          },
          "computeId": null,
          "isArchived": false,
          "identity": null,
          "componentId": null,
          "jobType": "Pipeline",
          "settings": {
            "default_compute": "/subscriptions/00000000-0000-0000-0000-000000000/resourceGroups/00000/providers/Microsoft.MachineLearningServices/workspaces/00000/computes/adftest",
            "_source": "YAML.JOB"
          },
          "jobs": {
            "snowflake_blob": {
              "type": "data_transfer",
              "task": "import_data",
              "source": {
                "type": "database",
                "query": "${{parent.inputs.query_source_snowflake}}",
                "connection": "azureml:my_azuresqldb_connection"
              },
              "name": "snowflake_blob",
              "computeId": "/subscriptions/00000000-0000-0000-0000-000000000/resourceGroups/00000/providers/Microsoft.MachineLearningServices/workspaces/00000/computes/adftest",
              "outputs": {
                "sink": {
                  "job_output_type": "mltable"
                }
              },
              "_source": "BUILTIN",
              "componentId": "/subscriptions/00000000-0000-0000-0000-000000000/resourceGroups/00000/providers/Microsoft.MachineLearningServices/workspaces/00000/components/azureml_anonymous/versions/b57de6f7-5d25-448c-b3d6-12c6a1363283"
            },
            "snowflake_blob_node_input": {
              "type": "data_transfer",
              "task": "import_data",
              "source": {
                "type": "database",
                "query": "select top(10) Name from SalesLT.ProductCategory",
                "connection": "azureml:my_azuresqldb_connection"
              },
              "name": "snowflake_blob_node_input",
              "outputs": {
                "sink": {
                  "job_output_type": "mltable"
                }
              },
              "_source": "BUILTIN",
              "componentId": "/subscriptions/00000000-0000-0000-0000-000000000/resourceGroups/00000/providers/Microsoft.MachineLearningServices/workspaces/00000/components/azureml_anonymous/versions/b57de6f7-5d25-448c-b3d6-12c6a1363283"
            }
          },
          "inputs": {
            "query_source_snowflake": {
              "description": null,
              "jobInputType": "literal",
              "value": "select top(10) Name from SalesLT.ProductCategory"
            }
          },
          "outputs": {},
          "sourceJobId": null
        },
        "systemData": {
          "createdAt": "2023-02-10T13:01:00.3430907\u002B00:00",
          "createdBy": "Ying Chen",
          "createdByType": "User"
        }
      }
    },
    {
      "RequestUri": "https://management.azure.com/subscriptions/00000000-0000-0000-0000-000000000/resourceGroups/00000/providers/Microsoft.MachineLearningServices/workspaces/00000/jobs/test_317988670851/cancel?api-version=2022-12-01-preview",
      "RequestMethod": "POST",
      "RequestHeaders": {
        "Accept": "application/json",
        "Accept-Encoding": "gzip, deflate",
        "Connection": "keep-alive",
        "Content-Length": "0",
        "User-Agent": "azure-ai-ml/1.4.0 azsdk-python-mgmt-machinelearningservices/0.1.0 Python/3.8.13 (Windows-10-10.0.22000-SP0)"
      },
      "RequestBody": null,
      "StatusCode": 400,
      "ResponseHeaders": {
        "Cache-Control": "no-cache",
        "Content-Length": "1219",
        "Content-Type": "application/json; charset=utf-8",
        "Date": "Fri, 10 Feb 2023 13:01:19 GMT",
        "Expires": "-1",
        "Pragma": "no-cache",
        "Request-Context": "appId=cid-v1:512cc15a-13b5-415b-bfd0-dce7accb6bb1",
        "Strict-Transport-Security": "max-age=31536000; includeSubDomains",
        "x-aml-cluster": "vienna-test-westus2-01",
        "X-Content-Type-Options": "nosniff",
        "x-ms-correlation-request-id": "e3fcc8fa-66fd-4cd0-a818-2786517186ee",
        "x-ms-ratelimit-remaining-subscription-writes": "1199",
        "x-ms-response-type": "error",
        "x-ms-routing-request-id": "JAPANEAST:20230210T130120Z:e3fcc8fa-66fd-4cd0-a818-2786517186ee",
        "x-request-time": "16.142"
      },
      "ResponseBody": {
        "error": {
          "code": "UserError",
          "message": "The pipeline run test_317988670851 is in terminal status, it can\u0027t be canceled.",
          "details": [],
          "additionalInfo": [
            {
              "type": "ComponentName",
              "info": {
                "value": "managementfrontend"
              }
            },
            {
              "type": "Correlation",
              "info": {
                "value": {
                  "operation": "f4fabfec7f754cc6c3b54effb482ed3e",
                  "request": "64a08fff468d83e6"
                }
              }
            },
            {
              "type": "Environment",
              "info": {
                "value": "master"
              }
            },
            {
              "type": "Location",
              "info": {
                "value": "westus2"
              }
            },
            {
              "type": "Time",
              "info": {
                "value": "2023-02-10T13:01:20.2943567\u002B00:00"
              }
            },
            {
              "type": "InnerError",
              "info": {
                "value": {
                  "code": "BadArgument",
                  "innerError": {
                    "code": "ArgumentInvalid",
                    "innerError": {
                      "code": "CancelPipelineRunInTerminalStatus",
                      "innerError": null
                    }
                  }
                }
              }
            }
          ]
        }
      }
    }
  ],
  "Variables": {
    "name": "test_317988670851"
  }
}
