{
  "Entries": [
    {
      "RequestUri": "https://management.azure.com/subscriptions/00000000-0000-0000-0000-000000000/resourceGroups/00000/providers/Microsoft.MachineLearningServices/workspaces/00000/components/azureml_anonymous/versions/1501d6c4-1f27-2199-02ab-0f2d5c96cb64?api-version=2022-10-01",
      "RequestMethod": "PUT",
      "RequestHeaders": {
        "Accept": "application/json",
        "Accept-Encoding": "gzip, deflate",
        "Connection": "keep-alive",
        "Content-Length": "514",
        "Content-Type": "application/json",
        "User-Agent": "azure-ai-ml/1.4.0 azsdk-python-mgmt-machinelearningservices/0.1.0 Python/3.8.13 (Windows-10-10.0.22000-SP0)"
      },
      "RequestBody": {
        "properties": {
          "properties": {},
          "tags": {},
          "isAnonymous": true,
          "isArchived": false,
          "componentSpec": {
            "name": "azureml_anonymous",
            "version": "1",
            "$schema": "http://azureml/sdk-2-0/DataTransferComponent.json",
            "display_name": "Data Transfer Component copy-files",
            "is_deterministic": true,
            "inputs": {
              "folder1": {
                "type": "uri_folder"
              }
            },
            "outputs": {
              "output_folder": {
                "type": "uri_folder"
              }
            },
            "type": "data_transfer",
            "task": "copy_data",
            "data_copy_mode": "merge_with_overwrite",
            "_source": "YAML.COMPONENT"
          }
        }
      },
      "StatusCode": 201,
      "ResponseHeaders": {
        "Cache-Control": "no-cache",
        "Content-Length": "1267",
        "Content-Type": "application/json; charset=utf-8",
        "Date": "Thu, 09 Feb 2023 07:52:46 GMT",
        "Expires": "-1",
        "Location": "https://management.azure.com/subscriptions/00000000-0000-0000-0000-000000000/resourceGroups/00000/providers/Microsoft.MachineLearningServices/workspaces/00000/components/azureml_anonymous/versions/1501d6c4-1f27-2199-02ab-0f2d5c96cb64?api-version=2022-10-01",
        "Pragma": "no-cache",
        "Request-Context": "appId=cid-v1:512cc15a-13b5-415b-bfd0-dce7accb6bb1",
        "Server-Timing": "traceparent;desc=\u002200-71df44247cb1a7d1845de75aaa291b49-ea85ea20f3b68c14-01\u0022",
        "Strict-Transport-Security": "max-age=31536000; includeSubDomains",
        "x-aml-cluster": "vienna-test-westus2-02",
        "X-Content-Type-Options": "nosniff",
        "x-ms-correlation-request-id": "1215d474-5448-41d4-b985-d3b89c7fcfbf",
        "x-ms-ratelimit-remaining-subscription-writes": "1199",
        "x-ms-response-type": "standard",
        "x-ms-routing-request-id": "JAPANEAST:20230209T075247Z:1215d474-5448-41d4-b985-d3b89c7fcfbf",
        "x-request-time": "0.329"
      },
      "ResponseBody": {
        "id": "/subscriptions/00000000-0000-0000-0000-000000000/resourceGroups/00000/providers/Microsoft.MachineLearningServices/workspaces/00000/components/azureml_anonymous/versions/2b641469-d8d4-4b86-a4e4-78c88ff81ff3",
        "name": "2b641469-d8d4-4b86-a4e4-78c88ff81ff3",
        "type": "Microsoft.MachineLearningServices/workspaces/components/versions",
        "properties": {
          "description": null,
          "tags": {},
          "properties": {},
          "isArchived": false,
          "isAnonymous": true,
          "componentSpec": {
            "name": "azureml_anonymous",
            "version": "1",
            "display_name": "Data Transfer Component copy-files",
            "is_deterministic": "True",
            "type": "data_transfer",
            "inputs": {
              "folder1": {
                "type": "uri_folder",
                "optional": "False"
              }
            },
            "outputs": {
              "output_folder": {
                "type": "uri_folder"
              }
            },
            "task": "CopyData",
            "$schema": "http://azureml/sdk-2-0/DataTransferComponent.json"
          }
        },
        "systemData": {
          "createdAt": "2023-02-07T09:29:46.585622\u002B00:00",
          "createdBy": "Ying Chen",
          "createdByType": "User",
          "lastModifiedAt": "2023-02-07T09:29:47.0377314\u002B00:00",
          "lastModifiedBy": "Ying Chen",
          "lastModifiedByType": "User"
        }
      }
    },
    {
      "RequestUri": "https://management.azure.com/subscriptions/00000000-0000-0000-0000-000000000/resourceGroups/00000/providers/Microsoft.MachineLearningServices/workspaces/00000/datastores/workspaceblobstore?api-version=2022-10-01",
      "RequestMethod": "GET",
      "RequestHeaders": {
        "Accept": "application/json",
        "Accept-Encoding": "gzip, deflate",
        "Connection": "keep-alive",
        "User-Agent": "azure-ai-ml/1.4.0 azsdk-python-mgmt-machinelearningservices/0.1.0 Python/3.8.13 (Windows-10-10.0.22000-SP0)"
      },
      "RequestBody": null,
      "StatusCode": 200,
      "ResponseHeaders": {
        "Cache-Control": "no-cache",
        "Content-Encoding": "gzip",
        "Content-Type": "application/json; charset=utf-8",
        "Date": "Thu, 09 Feb 2023 07:52:47 GMT",
        "Expires": "-1",
        "Pragma": "no-cache",
        "Request-Context": "appId=cid-v1:512cc15a-13b5-415b-bfd0-dce7accb6bb1",
        "Server-Timing": "traceparent;desc=\u002200-8f8f05c40d5fc702d86bb82139acace7-4bb71e9bdc7d2c5d-01\u0022",
        "Strict-Transport-Security": "max-age=31536000; includeSubDomains",
        "Transfer-Encoding": "chunked",
        "Vary": [
          "Accept-Encoding",
          "Accept-Encoding"
        ],
        "x-aml-cluster": "vienna-test-westus2-02",
        "X-Content-Type-Options": "nosniff",
        "x-ms-correlation-request-id": "cac74ef4-ca9c-4739-9f1e-d1a0ec91f68f",
        "x-ms-ratelimit-remaining-subscription-reads": "11999",
        "x-ms-response-type": "standard",
        "x-ms-routing-request-id": "JAPANEAST:20230209T075247Z:cac74ef4-ca9c-4739-9f1e-d1a0ec91f68f",
        "x-request-time": "0.124"
      },
      "ResponseBody": {
        "id": "/subscriptions/00000000-0000-0000-0000-000000000/resourceGroups/00000/providers/Microsoft.MachineLearningServices/workspaces/00000/datastores/workspaceblobstore",
        "name": "workspaceblobstore",
        "type": "Microsoft.MachineLearningServices/workspaces/datastores",
        "properties": {
          "description": null,
          "tags": null,
          "properties": null,
          "isDefault": true,
          "credentials": {
            "credentialsType": "AccountKey"
          },
          "datastoreType": "AzureBlob",
          "accountName": "wse2etesstoragee3596509f",
          "containerName": "azureml-blobstore-80eaba04-c6ec-4775-8ddc-d538e9642c2d",
          "endpoint": "core.windows.net",
          "protocol": "https",
          "serviceDataAccessAuthIdentity": "WorkspaceSystemAssignedIdentity"
        },
        "systemData": {
          "createdAt": "2021-08-11T20:39:16.6529181\u002B00:00",
          "createdBy": "779301c0-18b2-4cdc-801b-a0a3368fee0a",
          "createdByType": "Application",
          "lastModifiedAt": "2021-08-11T20:39:18.1308849\u002B00:00",
          "lastModifiedBy": "779301c0-18b2-4cdc-801b-a0a3368fee0a",
          "lastModifiedByType": "Application"
        }
      }
    },
    {
      "RequestUri": "https://management.azure.com/subscriptions/00000000-0000-0000-0000-000000000/resourceGroups/00000/providers/Microsoft.MachineLearningServices/workspaces/00000/datastores/workspaceblobstore/listSecrets?api-version=2022-10-01",
      "RequestMethod": "POST",
      "RequestHeaders": {
        "Accept": "application/json",
        "Accept-Encoding": "gzip, deflate",
        "Connection": "keep-alive",
        "Content-Length": "0",
        "User-Agent": "azure-ai-ml/1.4.0 azsdk-python-mgmt-machinelearningservices/0.1.0 Python/3.8.13 (Windows-10-10.0.22000-SP0)"
      },
      "RequestBody": null,
      "StatusCode": 200,
      "ResponseHeaders": {
        "Cache-Control": "no-cache",
        "Content-Encoding": "gzip",
        "Content-Type": "application/json; charset=utf-8",
        "Date": "Thu, 09 Feb 2023 07:52:48 GMT",
        "Expires": "-1",
        "Pragma": "no-cache",
        "Request-Context": "appId=cid-v1:512cc15a-13b5-415b-bfd0-dce7accb6bb1",
        "Server-Timing": "traceparent;desc=\u002200-10fcc19daf450795bbdef5bb24f2ed88-0d43385714f6f57f-01\u0022",
        "Strict-Transport-Security": "max-age=31536000; includeSubDomains",
        "Transfer-Encoding": "chunked",
        "Vary": "Accept-Encoding",
        "x-aml-cluster": "vienna-test-westus2-02",
        "X-Content-Type-Options": "nosniff",
        "x-ms-correlation-request-id": "2c51c731-c2ea-41b6-ab5b-84d8f7e5de34",
        "x-ms-ratelimit-remaining-subscription-writes": "1199",
        "x-ms-response-type": "standard",
        "x-ms-routing-request-id": "JAPANEAST:20230209T075248Z:2c51c731-c2ea-41b6-ab5b-84d8f7e5de34",
        "x-request-time": "0.112"
      },
      "ResponseBody": {
        "secretsType": "AccountKey",
        "key": "dGhpcyBpcyBmYWtlIGtleQ=="
      }
    },
    {
      "RequestUri": "https://wse2etesstoragee3596509f.blob.core.windows.net/azureml-blobstore-80eaba04-c6ec-4775-8ddc-d538e9642c2d/LocalUpload/00000000000000000000000000000000/data/sample1.csv",
      "RequestMethod": "HEAD",
      "RequestHeaders": {
        "Accept": "application/xml",
        "Accept-Encoding": "gzip, deflate",
        "Connection": "keep-alive",
        "User-Agent": "azsdk-python-storage-blob/12.13.1 Python/3.8.13 (Windows-10-10.0.22000-SP0)",
        "x-ms-date": "Thu, 09 Feb 2023 07:52:48 GMT",
        "x-ms-version": "2021-08-06"
      },
      "RequestBody": null,
      "StatusCode": 404,
      "ResponseHeaders": {
        "Date": "Thu, 09 Feb 2023 07:52:49 GMT",
        "Server": [
          "Windows-Azure-Blob/1.0",
          "Microsoft-HTTPAPI/2.0"
        ],
        "Transfer-Encoding": "chunked",
        "Vary": "Origin",
        "x-ms-error-code": "BlobNotFound",
        "x-ms-version": "2021-08-06"
      },
      "ResponseBody": null
    },
    {
      "RequestUri": "https://wse2etesstoragee3596509f.blob.core.windows.net/azureml-blobstore-80eaba04-c6ec-4775-8ddc-d538e9642c2d/LocalUpload/00000000000000000000000000000000/data/sample1.csv",
      "RequestMethod": "PUT",
      "RequestHeaders": {
        "Accept": "application/xml",
        "Accept-Encoding": "gzip, deflate",
        "Connection": "keep-alive",
        "Content-Length": "508",
        "Content-MD5": "dUQjYq1qrTeqLOaZ4N2AUQ==",
        "Content-Type": "application/octet-stream",
        "If-None-Match": "*",
        "User-Agent": "azsdk-python-storage-blob/12.13.1 Python/3.8.13 (Windows-10-10.0.22000-SP0)",
        "x-ms-blob-type": "BlockBlob",
        "x-ms-date": "Thu, 09 Feb 2023 07:52:50 GMT",
        "x-ms-version": "2021-08-06"
      },
      "RequestBody": "Ik1vbnRoIiwgIkF2ZXJhZ2UiLCAiMjAwNSIsICIyMDA2IiwgIjIwMDciLCAiMjAwOCIsICIyMDA5IiwgIjIwMTAiLCAiMjAxMSIsICIyMDEyIiwgIjIwMTMiLCAiMjAxNCIsICIyMDE1Ig0KIk1heSIsICAwLjEsICAwLCAgMCwgMSwgMSwgMCwgMCwgMCwgMiwgMCwgIDAsICAwDQoiSnVuIiwgIDAuNSwgIDIsICAxLCAxLCAwLCAwLCAxLCAxLCAyLCAyLCAgMCwgIDENCiJKdWwiLCAgMC43LCAgNSwgIDEsIDEsIDIsIDAsIDEsIDMsIDAsIDIsICAyLCAgMQ0KIkF1ZyIsICAyLjMsICA2LCAgMywgMiwgNCwgNCwgNCwgNywgOCwgMiwgIDIsICAzDQoiU2VwIiwgIDMuNSwgIDYsICA0LCA3LCA0LCAyLCA4LCA1LCAyLCA1LCAgMiwgIDUNCiJPY3QiLCAgMi4wLCAgOCwgIDAsIDEsIDMsIDIsIDUsIDEsIDUsIDIsICAzLCAgMA0KIk5vdiIsICAwLjUsICAzLCAgMCwgMCwgMSwgMSwgMCwgMSwgMCwgMSwgIDAsICAxDQoiRGVjIiwgIDAuMCwgIDEsICAwLCAxLCAwLCAwLCAwLCAwLCAwLCAwLCAgMCwgIDENCg==",
      "StatusCode": 201,
      "ResponseHeaders": {
        "Content-Length": "0",
        "Content-MD5": "dUQjYq1qrTeqLOaZ4N2AUQ==",
        "Date": "Thu, 09 Feb 2023 07:52:49 GMT",
        "ETag": "\u00220x8DB0A72A4285AC6\u0022",
        "Last-Modified": "Thu, 09 Feb 2023 07:52:49 GMT",
        "Server": [
          "Windows-Azure-Blob/1.0",
          "Microsoft-HTTPAPI/2.0"
        ],
        "x-ms-content-crc64": "LmKBlnkUM08=",
        "x-ms-request-server-encrypted": "true",
        "x-ms-version": "2021-08-06"
      },
      "ResponseBody": null
    },
    {
      "RequestUri": "https://wse2etesstoragee3596509f.blob.core.windows.net/azureml-blobstore-80eaba04-c6ec-4775-8ddc-d538e9642c2d/LocalUpload/00000000000000000000000000000000/data/sample1.csv?comp=metadata",
      "RequestMethod": "PUT",
      "RequestHeaders": {
        "Accept": "application/xml",
        "Accept-Encoding": "gzip, deflate",
        "Connection": "keep-alive",
        "Content-Length": "0",
        "User-Agent": "azsdk-python-storage-blob/12.13.1 Python/3.8.13 (Windows-10-10.0.22000-SP0)",
        "x-ms-date": "Thu, 09 Feb 2023 07:52:50 GMT",
        "x-ms-meta-name": "a576873f-ef5c-4fe5-9b9b-4504bd586674",
        "x-ms-meta-upload_status": "completed",
        "x-ms-meta-version": "787b286a-d402-4a59-a6a6-9392edf3a0d0",
        "x-ms-version": "2021-08-06"
      },
      "RequestBody": null,
      "StatusCode": 200,
      "ResponseHeaders": {
        "Content-Length": "0",
        "Date": "Thu, 09 Feb 2023 07:52:49 GMT",
        "ETag": "\u00220x8DB0A72A44CF483\u0022",
        "Last-Modified": "Thu, 09 Feb 2023 07:52:50 GMT",
        "Server": [
          "Windows-Azure-Blob/1.0",
          "Microsoft-HTTPAPI/2.0"
        ],
        "x-ms-request-server-encrypted": "true",
        "x-ms-version": "2021-08-06"
      },
      "ResponseBody": null
    },
    {
      "RequestUri": "https://management.azure.com/subscriptions/00000000-0000-0000-0000-000000000/resourceGroups/00000/providers/Microsoft.MachineLearningServices/workspaces/00000/jobs/test_44272949431?api-version=2022-12-01-preview",
      "RequestMethod": "PUT",
      "RequestHeaders": {
        "Accept": "application/json",
        "Accept-Encoding": "gzip, deflate",
        "Connection": "keep-alive",
        "Content-Length": "1234",
        "Content-Type": "application/json",
        "User-Agent": "azure-ai-ml/1.4.0 azsdk-python-mgmt-machinelearningservices/0.1.0 Python/3.8.13 (Windows-10-10.0.22000-SP0)"
      },
      "RequestBody": {
        "properties": {
          "description": "pipeline with data transfer components",
          "properties": {},
          "tags": {},
          "displayName": "test_44272949431",
          "experimentName": "azure-ai-ml",
          "isArchived": false,
          "jobType": "Pipeline",
          "inputs": {
            "cosmos_folder": {
              "uri": "azureml://datastores/workspaceblobstore/paths/LocalUpload/00000000000000000000000000000000/data/",
              "jobInputType": "uri_folder"
            }
          },
          "jobs": {
            "copy_files": {
              "type": "data_transfer",
              "task": "copy_data",
              "name": "copy_files",
              "inputs": {
                "folder1": {
                  "job_input_type": "literal",
                  "value": "${{parent.inputs.cosmos_folder}}"
                }
              },
              "outputs": {
                "output_folder": {
                  "value": "${{parent.outputs.merged_blob}}",
                  "type": "literal"
                }
              },
              "_source": "YAML.COMPONENT",
              "componentId": "/subscriptions/00000000-0000-0000-0000-000000000/resourceGroups/00000/providers/Microsoft.MachineLearningServices/workspaces/00000/components/azureml_anonymous/versions/2b641469-d8d4-4b86-a4e4-78c88ff81ff3",
              "data_copy_mode": "merge_with_overwrite"
            }
          },
          "outputs": {
            "merged_blob": {
              "jobOutputType": "uri_folder"
            }
          },
          "settings": {
            "default_compute": "/subscriptions/00000000-0000-0000-0000-000000000/resourceGroups/00000/providers/Microsoft.MachineLearningServices/workspaces/00000/computes/adftest",
            "_source": "YAML.JOB"
          }
        }
      },
      "StatusCode": 201,
      "ResponseHeaders": {
        "Cache-Control": "no-cache",
        "Content-Length": "3489",
        "Content-Type": "application/json; charset=utf-8",
        "Date": "Thu, 09 Feb 2023 07:52:55 GMT",
        "Expires": "-1",
        "Location": "https://management.azure.com/subscriptions/00000000-0000-0000-0000-000000000/resourceGroups/00000/providers/Microsoft.MachineLearningServices/workspaces/00000/jobs/test_44272949431?api-version=2022-12-01-preview",
        "Pragma": "no-cache",
        "Request-Context": "appId=cid-v1:512cc15a-13b5-415b-bfd0-dce7accb6bb1",
        "Server-Timing": "traceparent;desc=\u002200-ac61d8c581cbe854c90f58ebaaedcff4-47fe20630793fb5e-01\u0022",
        "Strict-Transport-Security": "max-age=31536000; includeSubDomains",
        "x-aml-cluster": "vienna-test-westus2-02",
        "X-Content-Type-Options": "nosniff",
        "x-ms-correlation-request-id": "ed3c4afb-6e4d-4fde-b8a9-a292a3bf503b",
        "x-ms-ratelimit-remaining-subscription-writes": "1198",
        "x-ms-response-type": "standard",
        "x-ms-routing-request-id": "JAPANEAST:20230209T075255Z:ed3c4afb-6e4d-4fde-b8a9-a292a3bf503b",
        "x-request-time": "2.816"
      },
      "ResponseBody": {
        "id": "/subscriptions/00000000-0000-0000-0000-000000000/resourceGroups/00000/providers/Microsoft.MachineLearningServices/workspaces/00000/jobs/test_44272949431",
        "name": "test_44272949431",
        "type": "Microsoft.MachineLearningServices/workspaces/jobs",
        "properties": {
          "description": "pipeline with data transfer components",
          "tags": {},
          "properties": {
            "azureml.DevPlatv2": "true",
            "azureml.runsource": "azureml.PipelineRun",
            "runSource": "MFE",
            "runType": "HTTP",
            "azureml.parameters": "{}",
            "azureml.continue_on_step_failure": "False",
            "azureml.continue_on_failed_optional_input": "True",
            "azureml.defaultComputeName": "adftest",
            "azureml.defaultDataStoreName": "workspaceblobstore",
            "azureml.pipelineComponent": "pipelinerun"
          },
          "displayName": "test_44272949431",
          "status": "Preparing",
          "experimentName": "azure-ai-ml",
          "services": {
            "Tracking": {
              "jobServiceType": "Tracking",
              "port": null,
              "endpoint": "azureml://master.api.azureml-test.ms/mlflow/v1.0/subscriptions/00000000-0000-0000-0000-000000000/resourceGroups/00000/providers/Microsoft.MachineLearningServices/workspaces/00000?",
              "status": null,
              "errorMessage": null,
              "properties": null,
              "nodes": null
            },
            "Studio": {
              "jobServiceType": "Studio",
              "port": null,
              "endpoint": "https://ml.azure.com/runs/test_44272949431?wsid=/subscriptions/00000000-0000-0000-0000-000000000/resourcegroups/00000/workspaces/00000",
              "status": null,
              "errorMessage": null,
              "properties": null,
              "nodes": null
            }
          },
          "computeId": null,
          "isArchived": false,
          "identity": null,
          "componentId": null,
          "jobType": "Pipeline",
          "settings": {
            "default_compute": "/subscriptions/00000000-0000-0000-0000-000000000/resourceGroups/00000/providers/Microsoft.MachineLearningServices/workspaces/00000/computes/adftest",
            "_source": "YAML.JOB"
          },
          "jobs": {
            "copy_files": {
              "type": "data_transfer",
              "task": "copy_data",
              "name": "copy_files",
              "inputs": {
                "folder1": {
                  "job_input_type": "literal",
                  "value": "${{parent.inputs.cosmos_folder}}"
                }
              },
              "outputs": {
                "output_folder": {
                  "value": "${{parent.outputs.merged_blob}}",
                  "type": "literal"
                }
              },
              "_source": "YAML.COMPONENT",
              "componentId": "/subscriptions/00000000-0000-0000-0000-000000000/resourceGroups/00000/providers/Microsoft.MachineLearningServices/workspaces/00000/components/azureml_anonymous/versions/2b641469-d8d4-4b86-a4e4-78c88ff81ff3",
              "data_copy_mode": "merge_with_overwrite"
            }
          },
          "inputs": {
            "cosmos_folder": {
              "description": null,
              "uri": "azureml://datastores/workspaceblobstore/paths/LocalUpload/00000000000000000000000000000000/data/",
              "mode": "ReadOnlyMount",
              "jobInputType": "uri_folder"
            }
          },
          "outputs": {
            "merged_blob": {
              "description": null,
              "uri": null,
              "assetName": null,
              "assetVersion": null,
              "mode": "ReadWriteMount",
              "jobOutputType": "uri_folder"
            }
          },
          "sourceJobId": null
        },
        "systemData": {
          "createdAt": "2023-02-09T07:52:54.9052708\u002B00:00",
          "createdBy": "Ying Chen",
          "createdByType": "User"
        }
      }
    },
    {
      "RequestUri": "https://management.azure.com/subscriptions/00000000-0000-0000-0000-000000000/resourceGroups/00000/providers/Microsoft.MachineLearningServices/workspaces/00000/jobs/test_44272949431/cancel?api-version=2022-12-01-preview",
      "RequestMethod": "POST",
      "RequestHeaders": {
        "Accept": "application/json",
        "Accept-Encoding": "gzip, deflate",
        "Connection": "keep-alive",
        "Content-Length": "0",
        "User-Agent": "azure-ai-ml/1.4.0 azsdk-python-mgmt-machinelearningservices/0.1.0 Python/3.8.13 (Windows-10-10.0.22000-SP0)"
      },
      "RequestBody": null,
      "StatusCode": 202,
      "ResponseHeaders": {
        "Cache-Control": "no-cache",
        "Content-Length": "4",
        "Content-Type": "application/json; charset=utf-8",
        "Date": "Thu, 09 Feb 2023 07:52:59 GMT",
        "Expires": "-1",
        "Location": "https://management.azure.com/subscriptions/00000000-0000-0000-0000-000000000/providers/Microsoft.MachineLearningServices/locations/centraluseuap/mfeOperationResults/jc:80eaba04-c6ec-4775-8ddc-d538e9642c2d:test_44272949431?api-version=2022-12-01-preview",
        "Pragma": "no-cache",
        "Request-Context": "appId=cid-v1:512cc15a-13b5-415b-bfd0-dce7accb6bb1",
        "Strict-Transport-Security": "max-age=31536000; includeSubDomains",
        "x-aml-cluster": "vienna-test-westus2-02",
        "X-Content-Type-Options": "nosniff",
        "x-ms-async-operation-timeout": "PT1H",
        "x-ms-correlation-request-id": "c495d6ac-3086-4225-8b20-5e4b233dd7bc",
        "x-ms-ratelimit-remaining-subscription-writes": "1198",
        "x-ms-response-type": "standard",
        "x-ms-routing-request-id": "JAPANEAST:20230209T075300Z:c495d6ac-3086-4225-8b20-5e4b233dd7bc",
        "x-request-time": "1.177"
      },
      "ResponseBody": "null"
    },
    {
      "RequestUri": "https://management.azure.com/subscriptions/00000000-0000-0000-0000-000000000/providers/Microsoft.MachineLearningServices/locations/centraluseuap/mfeOperationResults/jc:80eaba04-c6ec-4775-8ddc-d538e9642c2d:test_44272949431?api-version=2022-12-01-preview",
      "RequestMethod": "GET",
      "RequestHeaders": {
        "Accept": "*/*",
        "Accept-Encoding": "gzip, deflate",
        "Connection": "keep-alive",
        "User-Agent": "azure-ai-ml/1.4.0 azsdk-python-mgmt-machinelearningservices/0.1.0 Python/3.8.13 (Windows-10-10.0.22000-SP0)"
      },
      "RequestBody": null,
      "StatusCode": 202,
      "ResponseHeaders": {
        "Cache-Control": "no-cache",
        "Content-Length": "2",
        "Content-Type": "application/json; charset=utf-8",
        "Date": "Thu, 09 Feb 2023 07:53:00 GMT",
        "Expires": "-1",
        "Location": "https://management.azure.com/subscriptions/00000000-0000-0000-0000-000000000/providers/Microsoft.MachineLearningServices/locations/centraluseuap/mfeOperationResults/jc:80eaba04-c6ec-4775-8ddc-d538e9642c2d:test_44272949431?api-version=2022-12-01-preview",
        "Pragma": "no-cache",
        "Request-Context": "appId=cid-v1:512cc15a-13b5-415b-bfd0-dce7accb6bb1",
        "Strict-Transport-Security": "max-age=31536000; includeSubDomains",
        "x-aml-cluster": "vienna-test-westus2-02",
        "X-Content-Type-Options": "nosniff",
        "x-ms-correlation-request-id": "9d93a65b-6c34-4fd0-994d-bcac52fefd08",
        "x-ms-ratelimit-remaining-subscription-reads": "11998",
        "x-ms-response-type": "standard",
        "x-ms-routing-request-id": "JAPANEAST:20230209T075301Z:9d93a65b-6c34-4fd0-994d-bcac52fefd08",
        "x-request-time": "0.054"
      },
      "ResponseBody": {}
    },
    {
      "RequestUri": "https://management.azure.com/subscriptions/00000000-0000-0000-0000-000000000/providers/Microsoft.MachineLearningServices/locations/centraluseuap/mfeOperationResults/jc:80eaba04-c6ec-4775-8ddc-d538e9642c2d:test_44272949431?api-version=2022-12-01-preview",
      "RequestMethod": "GET",
      "RequestHeaders": {
        "Accept": "*/*",
        "Accept-Encoding": "gzip, deflate",
        "Connection": "keep-alive",
        "User-Agent": "azure-ai-ml/1.4.0 azsdk-python-mgmt-machinelearningservices/0.1.0 Python/3.8.13 (Windows-10-10.0.22000-SP0)"
      },
      "RequestBody": null,
      "StatusCode": 200,
      "ResponseHeaders": {
        "Cache-Control": "no-cache",
        "Content-Length": "0",
        "Date": "Thu, 09 Feb 2023 07:53:31 GMT",
        "Expires": "-1",
        "Pragma": "no-cache",
        "Request-Context": "appId=cid-v1:512cc15a-13b5-415b-bfd0-dce7accb6bb1",
        "Server-Timing": "traceparent;desc=\u002200-bdf937358cf1680c7698388c9eeba7c7-51cce651fb69666a-01\u0022",
        "Strict-Transport-Security": "max-age=31536000; includeSubDomains",
        "x-aml-cluster": "vienna-test-westus2-02",
        "X-Content-Type-Options": "nosniff",
        "x-ms-correlation-request-id": "f19c6477-0f14-4ab6-b2f8-9a16fed007ac",
        "x-ms-ratelimit-remaining-subscription-reads": "11997",
        "x-ms-response-type": "standard",
        "x-ms-routing-request-id": "JAPANEAST:20230209T075331Z:f19c6477-0f14-4ab6-b2f8-9a16fed007ac",
        "x-request-time": "0.073"
      },
      "ResponseBody": null
    }
  ],
  "Variables": {
    "name": "test_44272949431"
  }
}
