{
  "Entries": [
    {
      "RequestUri": "https://management.azure.com/subscriptions/00000000-0000-0000-0000-000000000/resourceGroups/00000/providers/Microsoft.MachineLearningServices/workspaces/00000?api-version=2022-10-01",
      "RequestMethod": "GET",
      "RequestHeaders": {
        "Accept": "application/json",
        "Accept-Encoding": "gzip, deflate",
        "Connection": "keep-alive",
        "User-Agent": "azure-ai-ml/1.4.0 azsdk-python-mgmt-machinelearningservices/0.1.0 Python/3.7.9 (Windows-10-10.0.22621-SP0)"
      },
      "RequestBody": null,
      "StatusCode": 200,
      "ResponseHeaders": {
        "Cache-Control": "no-cache",
        "Content-Encoding": "gzip",
        "Content-Type": "application/json; charset=utf-8",
        "Date": "Wed, 18 Jan 2023 00:32:09 GMT",
        "Expires": "-1",
        "Pragma": "no-cache",
        "Request-Context": "appId=cid-v1:2d2e8e63-272e-4b3c-8598-4ee570a0e70d",
        "Server-Timing": "traceparent;desc=\u002200-5a2d0eadc9f1adb03edcd39ff1ba4ace-5a94ce0ce795e645-00\u0022",
        "Strict-Transport-Security": "max-age=31536000; includeSubDomains",
        "Transfer-Encoding": "chunked",
        "Vary": [
          "Accept-Encoding",
          "Accept-Encoding"
        ],
        "x-aml-cluster": "vienna-eastus2-02",
        "X-Content-Type-Options": "nosniff",
        "x-ms-correlation-request-id": "2f6ee540-51a8-461a-8649-f624ad2f5658",
        "x-ms-ratelimit-remaining-subscription-reads": "11965",
        "x-ms-response-type": "standard",
        "x-ms-routing-request-id": "WESTUS2:20230118T003209Z:2f6ee540-51a8-461a-8649-f624ad2f5658",
        "x-request-time": "0.028"
      },
      "ResponseBody": {
        "id": "/subscriptions/00000000-0000-0000-0000-000000000/resourceGroups/00000/providers/Microsoft.MachineLearningServices/workspaces/00000",
        "name": "00000",
        "type": "Microsoft.MachineLearningServices/workspaces",
        "location": "eastus2",
        "tags": {},
        "etag": null,
        "properties": {
          "friendlyName": "00000",
          "description": "",
          "storageAccount": "/subscriptions/00000000-0000-0000-0000-000000000/resourceGroups/00000/providers/Microsoft.Storage/storageAccounts/sadnuammrwdeilc",
          "keyVault": "/subscriptions/00000000-0000-0000-0000-000000000/resourceGroups/00000/providers/Microsoft.Keyvault/vaults/kvtesthhy5m5pqcjec6",
          "applicationInsights": "/subscriptions/00000000-0000-0000-0000-000000000/resourceGroups/00000/providers/Microsoft.insights/components/aidnuammrwdeilc",
          "hbiWorkspace": false,
          "tenantId": "72f988bf-86f1-41af-91ab-2d7cd011db47",
          "imageBuildCompute": null,
          "provisioningState": "Succeeded",
          "v1LegacyMode": false,
          "softDeleteEnabled": false,
          "containerRegistry": "/subscriptions/00000000-0000-0000-0000-000000000/resourceGroups/00000/providers/Microsoft.ContainerRegistry/registries/crdnuammrwdeilc",
          "notebookInfo": {
            "resourceId": "493ca697a7f447848820635d6ef3a5f0",
            "fqdn": "ml-sdkvnextcli-eastus2-c33afa53-cead-40f1-8d1d-ac5976604612.eastus2.notebooks.azure.net",
            "isPrivateLinkEnabled": false,
            "notebookPreparationError": null
          },
          "storageHnsEnabled": false,
          "workspaceId": "c33afa53-cead-40f1-8d1d-ac5976604612",
          "linkedModelInventoryArmId": null,
          "privateLinkCount": 0,
          "publicNetworkAccess": "Enabled",
          "discoveryUrl": "https://eastus2.api.azureml.ms/discovery",
          "mlFlowTrackingUri": "azureml://eastus2.api.azureml.ms/mlflow/v1.0/subscriptions/00000000-0000-0000-0000-000000000/resourceGroups/00000/providers/Microsoft.MachineLearningServices/workspaces/00000",
          "sdkTelemetryAppInsightsKey": "066b0d89-53d2-4b58-8bc8-ac382527e4fb",
          "sasGetterUri": "",
          "enableDataIsolation": false
        },
        "identity": {
          "type": "SystemAssigned",
          "principalId": "ab3f5d04-98db-441d-97a8-f558ea82f4ef",
          "tenantId": "72f988bf-86f1-41af-91ab-2d7cd011db47"
        },
        "sku": {
          "name": "Basic",
          "tier": "Basic"
        },
        "systemData": {
          "createdAt": "2023-01-17T23:08:06.6643232Z",
          "createdBy": "dipeck@microsoft.com",
          "createdByType": "User",
          "lastModifiedAt": "2023-01-17T23:08:06.6643232Z",
          "lastModifiedBy": "dipeck@microsoft.com",
          "lastModifiedByType": "User"
        }
      }
    },
    {
      "RequestUri": "https://eastus2.api.azureml.ms/content/v2.0/subscriptions/00000000-0000-0000-0000-000000000/resourceGroups/00000/providers/Microsoft.MachineLearningServices/workspaces/00000/snapshots/getByHash?hash=d3c05b496c685e7e5a204e3cebc689086bd0f622c2975d8090c18968739a464a\u0026hashVersion=202208",
      "RequestMethod": "POST",
      "RequestHeaders": {
        "Accept": "*/*",
        "Accept-Encoding": "gzip, deflate",
        "Connection": "keep-alive",
        "Content-Length": "0",
        "Content-Type": "application/json; charset=UTF-8",
        "User-Agent": "azure-ai-ml/1.4.0 azsdk-python-core/1.26.3 Python/3.7.9 (Windows-10-10.0.22621-SP0)"
      },
      "RequestBody": null,
      "StatusCode": 400,
      "ResponseHeaders": {
        "Connection": "keep-alive",
        "Content-Length": "557",
        "Content-Type": "application/json; charset=utf-8",
        "Date": "Wed, 18 Jan 2023 00:32:10 GMT",
        "Request-Context": "appId=cid-v1:2d2e8e63-272e-4b3c-8598-4ee570a0e70d",
        "Strict-Transport-Security": "max-age=15724800; includeSubDomains; preload",
        "x-aml-cluster": "vienna-eastus2-02",
        "X-Content-Type-Options": "nosniff",
        "x-ms-response-type": "standard",
        "x-request-time": "0.020"
      },
      "ResponseBody": {
        "error": {
          "code": "UserError",
          "severity": null,
          "message": "Request body could not be read. Ensure data was provided in the request body and that the content-type header is correct.",
          "messageFormat": null,
          "messageParameters": {},
          "referenceCode": null,
          "detailsUri": null,
          "target": null,
          "details": [],
          "innerError": null,
          "debugInfo": null,
          "additionalInfo": null
        },
        "correlation": null,
        "environment": null,
        "location": null,
        "time": "0001-01-01T00:00:00\u002B00:00",
        "componentName": null
      }
    },
    {
      "RequestUri": "https://eastus2.api.azureml.ms/assetstore/v1.0/temporaryDataReference/createOrGet",
      "RequestMethod": "POST",
      "RequestHeaders": {
        "Accept": "*/*",
        "Accept-Encoding": "gzip, deflate",
        "Connection": "keep-alive",
        "Content-Length": "253",
        "Content-Type": "application/json; charset=UTF-8",
        "User-Agent": "azure-ai-ml/1.4.0 azsdk-python-core/1.26.3 Python/3.7.9 (Windows-10-10.0.22621-SP0)"
      },
      "RequestBody": {
        "assetId": "azureml://locations/eastus2/workspaces/c33afa53-cead-40f1-8d1d-ac5976604612/codes/000000000000000000000/versions/1",
        "temporaryDataReferenceId": "4525750a-ee38-463e-bbbd-9e18ee3f7801",
        "temporaryDataReferenceType": "TemporaryBlobReference"
      },
      "StatusCode": 200,
      "ResponseHeaders": {
        "Connection": "keep-alive",
        "Content-Encoding": "gzip",
        "Content-Type": "application/json; charset=utf-8",
        "Date": "Wed, 18 Jan 2023 00:32:12 GMT",
        "Request-Context": "appId=cid-v1:2d2e8e63-272e-4b3c-8598-4ee570a0e70d",
        "Strict-Transport-Security": "max-age=15724800; includeSubDomains; preload",
        "Transfer-Encoding": "chunked",
        "Vary": "Accept-Encoding",
        "x-aml-cluster": "vienna-eastus2-02",
        "X-Content-Type-Options": "nosniff",
        "x-ms-response-type": "standard",
        "x-request-time": "0.086"
      },
      "ResponseBody": {
        "blobReferenceForConsumption": {
          "blobUri": "https://sadnuammrwdeilc.blob.core.windows.net:443/c33afa53-c-dac98435-d943-58f0-9584-7f1cfef15f3d",
          "storageAccountArmId": "/subscriptions/00000000-0000-0000-0000-000000000/resourceGroups/00000/providers/Microsoft.Storage/storageAccounts/sadnuammrwdeilc",
          "credential": {
            "sasUri": "https://sadnuammrwdeilc.blob.core.windows.net/c33afa53-c-dac98435-d943-58f0-9584-7f1cfef15f3d?skoid=ab3f5d04-98db-441d-97a8-f558ea82f4ef\u0026sktid=72f988bf-86f1-41af-91ab-2d7cd011db47\u0026skt=2023-01-17T23%3A58%3A03Z\u0026ske=2023-01-19T08%3A08%3A03Z\u0026sks=b\u0026skv=2019-07-07\u0026sv=2021-08-06\u0026st=2023-01-18T00%3A22%3A12Z\u0026se=2023-01-18T08%3A32%3A12Z\u0026sr=c\u0026sp=rcwl\u0026sig=CqHJMBM2nklAJoZRDVmEhFZdoV5vipUMwM3XrZx9DQc%3D",
            "wasbsUri": null,
            "credentialType": "SAS"
          }
        },
        "imageReferenceForConsumption": null,
        "temporaryDataReferenceId": "4525750a-ee38-463e-bbbd-9e18ee3f7801",
        "temporaryDataReferenceType": null
      }
    },
    {
      "RequestUri": "https://sadnuammrwdeilc.blob.core.windows.net/c33afa53-c-dac98435-d943-58f0-9584-7f1cfef15f3d/COMPONENT_PLACEHOLDER?skoid=ab3f5d04-98db-441d-97a8-f558ea82f4ef\u0026sktid=72f988bf-86f1-41af-91ab-2d7cd011db47\u0026skt=2023-01-17T23%3A58%3A03Z\u0026ske=2023-01-19T08%3A08%3A03Z\u0026sks=b\u0026skv=2019-07-07\u0026sv=2021-08-06\u0026st=2023-01-18T00%3A22%3A12Z\u0026se=2023-01-18T08%3A32%3A12Z\u0026sr=c\u0026sp=rcwl\u0026sig=CqHJMBM2nklAJoZRDVmEhFZdoV5vipUMwM3XrZx9DQc%3D",
      "RequestMethod": "HEAD",
      "RequestHeaders": {
        "Accept": "application/xml",
        "Accept-Encoding": "gzip, deflate",
        "Connection": "keep-alive",
        "User-Agent": "azsdk-python-storage-blob/12.14.1 Python/3.7.9 (Windows-10-10.0.22621-SP0)",
        "x-ms-date": "Wed, 18 Jan 2023 00:32:12 GMT",
        "x-ms-version": "2021-08-06"
      },
      "RequestBody": null,
      "StatusCode": 404,
      "ResponseHeaders": {
        "Date": "Wed, 18 Jan 2023 00:32:12 GMT",
        "Server": [
          "Windows-Azure-Blob/1.0",
          "Microsoft-HTTPAPI/2.0"
        ],
        "Transfer-Encoding": "chunked",
        "Vary": "Origin",
        "x-ms-error-code": "BlobNotFound",
        "x-ms-version": "2021-08-06"
      },
      "ResponseBody": null
    },
    {
      "RequestUri": "https://sadnuammrwdeilc.blob.core.windows.net/c33afa53-c-dac98435-d943-58f0-9584-7f1cfef15f3d/COMPONENT_PLACEHOLDER?skoid=ab3f5d04-98db-441d-97a8-f558ea82f4ef\u0026sktid=72f988bf-86f1-41af-91ab-2d7cd011db47\u0026skt=2023-01-17T23%3A58%3A03Z\u0026ske=2023-01-19T08%3A08%3A03Z\u0026sks=b\u0026skv=2019-07-07\u0026sv=2021-08-06\u0026st=2023-01-18T00%3A22%3A12Z\u0026se=2023-01-18T08%3A32%3A12Z\u0026sr=c\u0026sp=rcwl\u0026sig=CqHJMBM2nklAJoZRDVmEhFZdoV5vipUMwM3XrZx9DQc%3D",
      "RequestMethod": "PUT",
      "RequestHeaders": {
        "Accept": "application/xml",
        "Accept-Encoding": "gzip, deflate",
        "Connection": "keep-alive",
        "Content-Length": "35",
        "Content-Type": "application/octet-stream",
        "If-None-Match": "*",
        "User-Agent": "azsdk-python-storage-blob/12.14.1 Python/3.7.9 (Windows-10-10.0.22621-SP0)",
        "x-ms-blob-type": "BlockBlob",
        "x-ms-date": "Wed, 18 Jan 2023 00:32:12 GMT",
        "x-ms-version": "2021-08-06"
      },
      "RequestBody": "Y29tbWFuZF9jb21wb25lbnQ6IGNvZGVfcGxhY2Vob2xkZXI=",
      "StatusCode": 201,
      "ResponseHeaders": {
        "Content-Length": "0",
        "Content-MD5": "L/DnSpFIn\u002BjaQWc\u002BsUQdcw==",
        "Date": "Wed, 18 Jan 2023 00:32:12 GMT",
        "ETag": "\u00220x8DAF8EB711C5720\u0022",
        "Last-Modified": "Wed, 18 Jan 2023 00:32:12 GMT",
        "Server": [
          "Windows-Azure-Blob/1.0",
          "Microsoft-HTTPAPI/2.0"
        ],
        "x-ms-content-crc64": "KWRPkj\u002BQ\u002BTE=",
        "x-ms-request-server-encrypted": "true",
        "x-ms-version": "2021-08-06"
      },
      "ResponseBody": null
    },
    {
      "RequestUri": "https://sadnuammrwdeilc.blob.core.windows.net/c33afa53-c-dac98435-d943-58f0-9584-7f1cfef15f3d/COMPONENT_PLACEHOLDER?comp=metadata\u0026skoid=ab3f5d04-98db-441d-97a8-f558ea82f4ef\u0026sktid=72f988bf-86f1-41af-91ab-2d7cd011db47\u0026skt=2023-01-17T23%3A58%3A03Z\u0026ske=2023-01-19T08%3A08%3A03Z\u0026sks=b\u0026skv=2019-07-07\u0026sv=2021-08-06\u0026st=2023-01-18T00%3A22%3A12Z\u0026se=2023-01-18T08%3A32%3A12Z\u0026sr=c\u0026sp=rcwl\u0026sig=CqHJMBM2nklAJoZRDVmEhFZdoV5vipUMwM3XrZx9DQc%3D",
      "RequestMethod": "PUT",
      "RequestHeaders": {
        "Accept": "application/xml",
        "Accept-Encoding": "gzip, deflate",
        "Connection": "keep-alive",
        "Content-Length": "0",
        "User-Agent": "azsdk-python-storage-blob/12.14.1 Python/3.7.9 (Windows-10-10.0.22621-SP0)",
        "x-ms-date": "Wed, 18 Jan 2023 00:32:12 GMT",
        "x-ms-meta-name": "000000000000000000000",
        "x-ms-meta-upload_status": "completed",
        "x-ms-meta-version": "1",
        "x-ms-version": "2021-08-06"
      },
      "RequestBody": null,
      "StatusCode": 200,
      "ResponseHeaders": {
        "Content-Length": "0",
        "Date": "Wed, 18 Jan 2023 00:32:12 GMT",
        "ETag": "\u00220x8DAF8EB71353299\u0022",
        "Last-Modified": "Wed, 18 Jan 2023 00:32:12 GMT",
        "Server": [
          "Windows-Azure-Blob/1.0",
          "Microsoft-HTTPAPI/2.0"
        ],
        "x-ms-request-server-encrypted": "true",
        "x-ms-version": "2021-08-06"
      },
      "ResponseBody": null
    },
    {
      "RequestUri": "https://management.azure.com/subscriptions/00000000-0000-0000-0000-000000000/resourceGroups/00000/providers/Microsoft.MachineLearningServices/workspaces/00000/codes/000000000000000000000/versions/1?api-version=2022-05-01",
      "RequestMethod": "PUT",
      "RequestHeaders": {
        "Accept": "application/json",
        "Accept-Encoding": "gzip, deflate",
        "Connection": "keep-alive",
        "Content-Length": "241",
        "Content-Type": "application/json",
        "User-Agent": "azure-ai-ml/1.4.0 azsdk-python-mgmt-machinelearningservices/0.1.0 Python/3.7.9 (Windows-10-10.0.22621-SP0)"
      },
      "RequestBody": {
        "properties": {
          "properties": {
            "hash_sha256": "0000000000000",
            "hash_version": "0000000000000"
          },
          "isAnonymous": true,
          "isArchived": false,
          "codeUri": "https://sadnuammrwdeilc.blob.core.windows.net:443/c33afa53-c-dac98435-d943-58f0-9584-7f1cfef15f3d/"
        }
      },
      "StatusCode": 201,
      "ResponseHeaders": {
        "Cache-Control": "no-cache",
        "Content-Length": "754",
        "Content-Type": "application/json; charset=utf-8",
        "Date": "Wed, 18 Jan 2023 00:32:13 GMT",
        "Expires": "-1",
        "Location": "https://management.azure.com/subscriptions/00000000-0000-0000-0000-000000000/resourceGroups/00000/providers/Microsoft.MachineLearningServices/workspaces/00000/codes/000000000000000000000/versions/1?api-version=2022-05-01",
        "Pragma": "no-cache",
        "Request-Context": "appId=cid-v1:2d2e8e63-272e-4b3c-8598-4ee570a0e70d",
        "Server-Timing": "traceparent;desc=\u002200-241a18d4486d175ba72322be30cbd577-653b2bd7ab65590f-00\u0022",
        "Strict-Transport-Security": "max-age=31536000; includeSubDomains",
        "x-aml-cluster": "vienna-eastus2-02",
        "X-Content-Type-Options": "nosniff",
        "x-ms-correlation-request-id": "6555b907-06f9-4fdd-b8f0-11408b03cdf9",
        "x-ms-ratelimit-remaining-subscription-writes": "1166",
        "x-ms-response-type": "standard",
        "x-ms-routing-request-id": "WESTUS2:20230118T003214Z:6555b907-06f9-4fdd-b8f0-11408b03cdf9",
        "x-request-time": "0.210"
      },
      "ResponseBody": {
        "id": "/subscriptions/00000000-0000-0000-0000-000000000/resourceGroups/00000/providers/Microsoft.MachineLearningServices/workspaces/00000/codes/000000000000000000000/versions/1",
        "name": "1",
        "type": "Microsoft.MachineLearningServices/workspaces/codes/versions",
        "properties": {
          "description": null,
          "tags": {},
          "properties": {
            "hash_sha256": "0000000000000",
            "hash_version": "0000000000000"
          },
          "isArchived": false,
          "isAnonymous": false,
          "codeUri": "https://sadnuammrwdeilc.blob.core.windows.net:443/c33afa53-c-dac98435-d943-58f0-9584-7f1cfef15f3d/"
        },
        "systemData": {
          "createdAt": "2023-01-18T00:32:14.1111108\u002B00:00",
          "createdBy": "Diondra Peck",
          "createdByType": "User",
          "lastModifiedAt": "2023-01-18T00:32:14.1111108\u002B00:00",
          "lastModifiedBy": "Diondra Peck",
          "lastModifiedByType": "User"
        }
      }
    },
    {
      "RequestUri": "https://management.azure.com/subscriptions/00000000-0000-0000-0000-000000000/resourceGroups/00000/providers/Microsoft.MachineLearningServices/workspaces/00000/components/test_192581122512/versions/foo?api-version=2022-10-01",
      "RequestMethod": "PUT",
      "RequestHeaders": {
        "Accept": "application/json",
        "Accept-Encoding": "gzip, deflate",
        "Connection": "keep-alive",
        "Content-Length": "1269",
        "Content-Type": "application/json",
        "User-Agent": "azure-ai-ml/1.4.0 azsdk-python-mgmt-machinelearningservices/0.1.0 Python/3.7.9 (Windows-10-10.0.22621-SP0)"
      },
      "RequestBody": {
        "properties": {
          "description": "This is the basic command component",
          "properties": {},
          "tags": {
            "tag": "tagvalue",
            "owner": "sdkteam"
          },
          "isAnonymous": false,
          "isArchived": false,
          "componentSpec": {
            "command": "echo Hello World \u0026 echo $[[${{inputs.component_in_number}}]] \u0026 echo ${{inputs.component_in_path}} \u0026 echo ${{outputs.component_out_path}} \u003E ${{outputs.component_out_path}}/component_in_number",
            "code": "azureml:/subscriptions/00000000-0000-0000-0000-000000000/resourceGroups/00000/providers/Microsoft.MachineLearningServices/workspaces/00000/codes/000000000000000000000/versions/1",
            "environment": "azureml:AzureML-sklearn-0.24-ubuntu18.04-py37-cpu:1",
            "name": "test_192581122512",
            "description": "This is the basic command component",
            "tags": {
              "tag": "tagvalue",
              "owner": "sdkteam"
            },
            "version": "foo",
            "$schema": "https://azuremlschemas.azureedge.net/development/commandComponent.schema.json",
            "display_name": "CommandComponentBasic",
            "is_deterministic": true,
            "inputs": {
              "component_in_number": {
                "type": "number",
                "optional": true,
                "default": "10.99",
                "description": "A number"
              },
              "component_in_path": {
                "type": "uri_folder",
                "description": "A path"
              }
            },
            "outputs": {
              "component_out_path": {
                "type": "uri_folder"
              }
            },
            "type": "command",
            "_source": "YAML.COMPONENT"
          }
        }
      },
      "StatusCode": 201,
      "ResponseHeaders": {
        "Cache-Control": "no-cache",
        "Content-Length": "2191",
        "Content-Type": "application/json; charset=utf-8",
        "Date": "Wed, 18 Jan 2023 00:32:15 GMT",
        "Expires": "-1",
        "Location": "https://management.azure.com/subscriptions/00000000-0000-0000-0000-000000000/resourceGroups/00000/providers/Microsoft.MachineLearningServices/workspaces/00000/components/test_192581122512/versions/foo?api-version=2022-10-01",
        "Pragma": "no-cache",
        "Request-Context": "appId=cid-v1:2d2e8e63-272e-4b3c-8598-4ee570a0e70d",
        "Server-Timing": "traceparent;desc=\u002200-bc0d60c157cda18547cabf2285b14f29-38464456f5564c7d-00\u0022",
        "Strict-Transport-Security": "max-age=31536000; includeSubDomains",
        "x-aml-cluster": "vienna-eastus2-02",
        "X-Content-Type-Options": "nosniff",
        "x-ms-correlation-request-id": "8202211b-d5a6-4f0d-9b1a-ef57fe467b3c",
        "x-ms-ratelimit-remaining-subscription-writes": "1165",
        "x-ms-response-type": "standard",
        "x-ms-routing-request-id": "WESTUS2:20230118T003216Z:8202211b-d5a6-4f0d-9b1a-ef57fe467b3c",
        "x-request-time": "0.782"
      },
      "ResponseBody": {
        "id": "/subscriptions/00000000-0000-0000-0000-000000000/resourceGroups/00000/providers/Microsoft.MachineLearningServices/workspaces/00000/components/test_192581122512/versions/foo",
        "name": "foo",
        "type": "Microsoft.MachineLearningServices/workspaces/components/versions",
        "properties": {
          "description": null,
          "tags": {
            "tag": "tagvalue",
            "owner": "sdkteam"
          },
          "properties": {},
          "isArchived": false,
          "isAnonymous": false,
          "componentSpec": {
            "name": "test_192581122512",
            "version": "foo",
            "display_name": "CommandComponentBasic",
            "is_deterministic": "True",
            "type": "command",
            "description": "This is the basic command component",
            "tags": {
              "tag": "tagvalue",
              "owner": "sdkteam"
            },
            "inputs": {
              "component_in_path": {
                "type": "uri_folder",
                "optional": "False",
                "description": "A path"
              },
              "component_in_number": {
                "type": "number",
                "optional": "True",
                "default": "10.99",
                "description": "A number"
              }
            },
            "outputs": {
              "component_out_path": {
                "type": "uri_folder"
              }
            },
            "code": "azureml:/subscriptions/00000000-0000-0000-0000-000000000/resourceGroups/00000/providers/Microsoft.MachineLearningServices/workspaces/00000/codes/000000000000000000000/versions/1",
            "environment": "azureml://registries/azureml/environments/AzureML-sklearn-0.24-ubuntu18.04-py37-cpu/versions/1",
            "resources": {
              "instance_count": "1"
            },
            "command": "echo Hello World \u0026 echo $[[${{inputs.component_in_number}}]] \u0026 echo ${{inputs.component_in_path}} \u0026 echo ${{outputs.component_out_path}} \u003E ${{outputs.component_out_path}}/component_in_number",
            "$schema": "https://azuremlschemas.azureedge.net/development/commandComponent.schema.json"
          }
        },
        "systemData": {
          "createdAt": "2023-01-18T00:32:16.1159478\u002B00:00",
          "createdBy": "Diondra Peck",
          "createdByType": "User",
          "lastModifiedAt": "2023-01-18T00:32:16.1958716\u002B00:00",
          "lastModifiedBy": "Diondra Peck",
          "lastModifiedByType": "User"
        }
      }
    },
    {
      "RequestUri": "https://management.azure.com/subscriptions/00000000-0000-0000-0000-000000000/resourceGroups/00000/providers/Microsoft.MachineLearningServices/workspaces/00000?api-version=2022-10-01",
      "RequestMethod": "GET",
      "RequestHeaders": {
        "Accept": "application/json",
        "Accept-Encoding": "gzip, deflate",
        "Connection": "keep-alive",
        "User-Agent": "azure-ai-ml/1.4.0 azsdk-python-mgmt-machinelearningservices/0.1.0 Python/3.7.9 (Windows-10-10.0.22621-SP0)"
      },
      "RequestBody": null,
      "StatusCode": 200,
      "ResponseHeaders": {
        "Cache-Control": "no-cache",
        "Content-Encoding": "gzip",
        "Content-Type": "application/json; charset=utf-8",
        "Date": "Wed, 18 Jan 2023 00:32:16 GMT",
        "Expires": "-1",
        "Pragma": "no-cache",
        "Request-Context": "appId=cid-v1:2d2e8e63-272e-4b3c-8598-4ee570a0e70d",
        "Server-Timing": "traceparent;desc=\u002200-a6bd9823264ba10d1c3ac44da3c2a98c-fb969bca7c09808a-00\u0022",
        "Strict-Transport-Security": "max-age=31536000; includeSubDomains",
        "Transfer-Encoding": "chunked",
        "Vary": [
          "Accept-Encoding",
          "Accept-Encoding"
        ],
        "x-aml-cluster": "vienna-eastus2-02",
        "X-Content-Type-Options": "nosniff",
        "x-ms-correlation-request-id": "a89502cb-41e4-4f71-a212-f91a41395f78",
        "x-ms-ratelimit-remaining-subscription-reads": "11964",
        "x-ms-response-type": "standard",
        "x-ms-routing-request-id": "WESTUS2:20230118T003216Z:a89502cb-41e4-4f71-a212-f91a41395f78",
        "x-request-time": "0.016"
      },
      "ResponseBody": {
        "id": "/subscriptions/00000000-0000-0000-0000-000000000/resourceGroups/00000/providers/Microsoft.MachineLearningServices/workspaces/00000",
        "name": "00000",
        "type": "Microsoft.MachineLearningServices/workspaces",
        "location": "eastus2",
        "tags": {},
        "etag": null,
        "properties": {
          "friendlyName": "00000",
          "description": "",
          "storageAccount": "/subscriptions/00000000-0000-0000-0000-000000000/resourceGroups/00000/providers/Microsoft.Storage/storageAccounts/sadnuammrwdeilc",
          "keyVault": "/subscriptions/00000000-0000-0000-0000-000000000/resourceGroups/00000/providers/Microsoft.Keyvault/vaults/kvtesthhy5m5pqcjec6",
          "applicationInsights": "/subscriptions/00000000-0000-0000-0000-000000000/resourceGroups/00000/providers/Microsoft.insights/components/aidnuammrwdeilc",
          "hbiWorkspace": false,
          "tenantId": "72f988bf-86f1-41af-91ab-2d7cd011db47",
          "imageBuildCompute": null,
          "provisioningState": "Succeeded",
          "v1LegacyMode": false,
          "softDeleteEnabled": false,
          "containerRegistry": "/subscriptions/00000000-0000-0000-0000-000000000/resourceGroups/00000/providers/Microsoft.ContainerRegistry/registries/crdnuammrwdeilc",
          "notebookInfo": {
            "resourceId": "493ca697a7f447848820635d6ef3a5f0",
            "fqdn": "ml-sdkvnextcli-eastus2-c33afa53-cead-40f1-8d1d-ac5976604612.eastus2.notebooks.azure.net",
            "isPrivateLinkEnabled": false,
            "notebookPreparationError": null
          },
          "storageHnsEnabled": false,
          "workspaceId": "c33afa53-cead-40f1-8d1d-ac5976604612",
          "linkedModelInventoryArmId": null,
          "privateLinkCount": 0,
          "publicNetworkAccess": "Enabled",
          "discoveryUrl": "https://eastus2.api.azureml.ms/discovery",
          "mlFlowTrackingUri": "azureml://eastus2.api.azureml.ms/mlflow/v1.0/subscriptions/00000000-0000-0000-0000-000000000/resourceGroups/00000/providers/Microsoft.MachineLearningServices/workspaces/00000",
          "sdkTelemetryAppInsightsKey": "066b0d89-53d2-4b58-8bc8-ac382527e4fb",
          "sasGetterUri": "",
          "enableDataIsolation": false
        },
        "identity": {
          "type": "SystemAssigned",
          "principalId": "ab3f5d04-98db-441d-97a8-f558ea82f4ef",
          "tenantId": "72f988bf-86f1-41af-91ab-2d7cd011db47"
        },
        "sku": {
          "name": "Basic",
          "tier": "Basic"
        },
        "systemData": {
          "createdAt": "2023-01-17T23:08:06.6643232Z",
          "createdBy": "dipeck@microsoft.com",
          "createdByType": "User",
          "lastModifiedAt": "2023-01-17T23:08:06.6643232Z",
          "lastModifiedBy": "dipeck@microsoft.com",
          "lastModifiedByType": "User"
        }
      }
    },
    {
      "RequestUri": "https://eastus2.api.azureml.ms/content/v2.0/subscriptions/00000000-0000-0000-0000-000000000/resourceGroups/00000/providers/Microsoft.MachineLearningServices/workspaces/00000/snapshots/getByHash?hash=d3c05b496c685e7e5a204e3cebc689086bd0f622c2975d8090c18968739a464a\u0026hashVersion=202208",
      "RequestMethod": "POST",
      "RequestHeaders": {
        "Accept": "*/*",
        "Accept-Encoding": "gzip, deflate",
        "Connection": "keep-alive",
        "Content-Length": "0",
        "Content-Type": "application/json; charset=UTF-8",
        "User-Agent": "azure-ai-ml/1.4.0 azsdk-python-core/1.26.3 Python/3.7.9 (Windows-10-10.0.22621-SP0)"
      },
      "RequestBody": null,
      "StatusCode": 400,
      "ResponseHeaders": {
        "Connection": "keep-alive",
        "Content-Length": "557",
        "Content-Type": "application/json; charset=utf-8",
        "Date": "Wed, 18 Jan 2023 00:32:18 GMT",
        "Request-Context": "appId=cid-v1:2d2e8e63-272e-4b3c-8598-4ee570a0e70d",
        "Strict-Transport-Security": "max-age=15724800; includeSubDomains; preload",
        "x-aml-cluster": "vienna-eastus2-02",
        "X-Content-Type-Options": "nosniff",
        "x-ms-response-type": "standard",
        "x-request-time": "0.016"
      },
      "ResponseBody": {
        "error": {
          "code": "UserError",
          "severity": null,
          "message": "Request body could not be read. Ensure data was provided in the request body and that the content-type header is correct.",
          "messageFormat": null,
          "messageParameters": {},
          "referenceCode": null,
          "detailsUri": null,
          "target": null,
          "details": [],
          "innerError": null,
          "debugInfo": null,
          "additionalInfo": null
        },
        "correlation": null,
        "environment": null,
        "location": null,
        "time": "0001-01-01T00:00:00\u002B00:00",
        "componentName": null
      }
    },
    {
      "RequestUri": "https://eastus2.api.azureml.ms/assetstore/v1.0/temporaryDataReference/createOrGet",
      "RequestMethod": "POST",
      "RequestHeaders": {
        "Accept": "*/*",
        "Accept-Encoding": "gzip, deflate",
        "Connection": "keep-alive",
        "Content-Length": "253",
        "Content-Type": "application/json; charset=UTF-8",
        "User-Agent": "azure-ai-ml/1.4.0 azsdk-python-core/1.26.3 Python/3.7.9 (Windows-10-10.0.22621-SP0)"
      },
      "RequestBody": {
        "assetId": "azureml://locations/eastus2/workspaces/c33afa53-cead-40f1-8d1d-ac5976604612/codes/000000000000000000000/versions/1",
        "temporaryDataReferenceId": "1594b5f3-004e-48f2-b9f3-c2442ae99abc",
        "temporaryDataReferenceType": "TemporaryBlobReference"
      },
      "StatusCode": 200,
      "ResponseHeaders": {
        "Connection": "keep-alive",
        "Content-Encoding": "gzip",
        "Content-Type": "application/json; charset=utf-8",
        "Date": "Wed, 18 Jan 2023 00:32:19 GMT",
        "Request-Context": "appId=cid-v1:2d2e8e63-272e-4b3c-8598-4ee570a0e70d",
        "Strict-Transport-Security": "max-age=15724800; includeSubDomains; preload",
        "Transfer-Encoding": "chunked",
        "Vary": "Accept-Encoding",
        "x-aml-cluster": "vienna-eastus2-02",
        "X-Content-Type-Options": "nosniff",
        "x-ms-response-type": "standard",
        "x-request-time": "0.095"
      },
      "ResponseBody": {
        "blobReferenceForConsumption": {
          "blobUri": "https://sadnuammrwdeilc.blob.core.windows.net:443/c33afa53-c-3e3e4247-0268-5375-84b1-dcabd3eb9101",
          "storageAccountArmId": "/subscriptions/00000000-0000-0000-0000-000000000/resourceGroups/00000/providers/Microsoft.Storage/storageAccounts/sadnuammrwdeilc",
          "credential": {
            "sasUri": "https://sadnuammrwdeilc.blob.core.windows.net/c33afa53-c-3e3e4247-0268-5375-84b1-dcabd3eb9101?skoid=ab3f5d04-98db-441d-97a8-f558ea82f4ef\u0026sktid=72f988bf-86f1-41af-91ab-2d7cd011db47\u0026skt=2023-01-17T23%3A58%3A03Z\u0026ske=2023-01-19T08%3A08%3A03Z\u0026sks=b\u0026skv=2019-07-07\u0026sv=2021-08-06\u0026st=2023-01-18T00%3A22%3A19Z\u0026se=2023-01-18T08%3A32%3A19Z\u0026sr=c\u0026sp=rcwl\u0026sig=jaI%2BuK7FNchU58%2BdSPI2y6b%2F8TR2hZwxPuGX6LHRdt8%3D",
            "wasbsUri": null,
            "credentialType": "SAS"
          }
        },
        "imageReferenceForConsumption": null,
        "temporaryDataReferenceId": "1594b5f3-004e-48f2-b9f3-c2442ae99abc",
        "temporaryDataReferenceType": null
      }
    },
    {
      "RequestUri": "https://sadnuammrwdeilc.blob.core.windows.net/c33afa53-c-3e3e4247-0268-5375-84b1-dcabd3eb9101/COMPONENT_PLACEHOLDER?skoid=ab3f5d04-98db-441d-97a8-f558ea82f4ef\u0026sktid=72f988bf-86f1-41af-91ab-2d7cd011db47\u0026skt=2023-01-17T23%3A58%3A03Z\u0026ske=2023-01-19T08%3A08%3A03Z\u0026sks=b\u0026skv=2019-07-07\u0026sv=2021-08-06\u0026st=2023-01-18T00%3A22%3A19Z\u0026se=2023-01-18T08%3A32%3A19Z\u0026sr=c\u0026sp=rcwl\u0026sig=jaI%2BuK7FNchU58%2BdSPI2y6b%2F8TR2hZwxPuGX6LHRdt8%3D",
      "RequestMethod": "HEAD",
      "RequestHeaders": {
        "Accept": "application/xml",
        "Accept-Encoding": "gzip, deflate",
        "Connection": "keep-alive",
        "User-Agent": "azsdk-python-storage-blob/12.14.1 Python/3.7.9 (Windows-10-10.0.22621-SP0)",
        "x-ms-date": "Wed, 18 Jan 2023 00:32:19 GMT",
        "x-ms-version": "2021-08-06"
      },
      "RequestBody": null,
      "StatusCode": 404,
      "ResponseHeaders": {
        "Date": "Wed, 18 Jan 2023 00:32:19 GMT",
        "Server": [
          "Windows-Azure-Blob/1.0",
          "Microsoft-HTTPAPI/2.0"
        ],
        "Transfer-Encoding": "chunked",
        "Vary": "Origin",
        "x-ms-error-code": "BlobNotFound",
        "x-ms-version": "2021-08-06"
      },
      "ResponseBody": null
    },
    {
      "RequestUri": "https://sadnuammrwdeilc.blob.core.windows.net/c33afa53-c-3e3e4247-0268-5375-84b1-dcabd3eb9101/COMPONENT_PLACEHOLDER?skoid=ab3f5d04-98db-441d-97a8-f558ea82f4ef\u0026sktid=72f988bf-86f1-41af-91ab-2d7cd011db47\u0026skt=2023-01-17T23%3A58%3A03Z\u0026ske=2023-01-19T08%3A08%3A03Z\u0026sks=b\u0026skv=2019-07-07\u0026sv=2021-08-06\u0026st=2023-01-18T00%3A22%3A19Z\u0026se=2023-01-18T08%3A32%3A19Z\u0026sr=c\u0026sp=rcwl\u0026sig=jaI%2BuK7FNchU58%2BdSPI2y6b%2F8TR2hZwxPuGX6LHRdt8%3D",
      "RequestMethod": "PUT",
      "RequestHeaders": {
        "Accept": "application/xml",
        "Accept-Encoding": "gzip, deflate",
        "Connection": "keep-alive",
        "Content-Length": "35",
        "Content-Type": "application/octet-stream",
        "If-None-Match": "*",
        "User-Agent": "azsdk-python-storage-blob/12.14.1 Python/3.7.9 (Windows-10-10.0.22621-SP0)",
        "x-ms-blob-type": "BlockBlob",
        "x-ms-date": "Wed, 18 Jan 2023 00:32:20 GMT",
        "x-ms-version": "2021-08-06"
      },
      "RequestBody": "Y29tbWFuZF9jb21wb25lbnQ6IGNvZGVfcGxhY2Vob2xkZXI=",
      "StatusCode": 201,
      "ResponseHeaders": {
        "Content-Length": "0",
        "Content-MD5": "L/DnSpFIn\u002BjaQWc\u002BsUQdcw==",
        "Date": "Wed, 18 Jan 2023 00:32:20 GMT",
        "ETag": "\u00220x8DAF8EB75CE5877\u0022",
        "Last-Modified": "Wed, 18 Jan 2023 00:32:20 GMT",
        "Server": [
          "Windows-Azure-Blob/1.0",
          "Microsoft-HTTPAPI/2.0"
        ],
        "x-ms-content-crc64": "KWRPkj\u002BQ\u002BTE=",
        "x-ms-request-server-encrypted": "true",
        "x-ms-version": "2021-08-06"
      },
      "ResponseBody": null
    },
    {
      "RequestUri": "https://sadnuammrwdeilc.blob.core.windows.net/c33afa53-c-3e3e4247-0268-5375-84b1-dcabd3eb9101/COMPONENT_PLACEHOLDER?comp=metadata\u0026skoid=ab3f5d04-98db-441d-97a8-f558ea82f4ef\u0026sktid=72f988bf-86f1-41af-91ab-2d7cd011db47\u0026skt=2023-01-17T23%3A58%3A03Z\u0026ske=2023-01-19T08%3A08%3A03Z\u0026sks=b\u0026skv=2019-07-07\u0026sv=2021-08-06\u0026st=2023-01-18T00%3A22%3A19Z\u0026se=2023-01-18T08%3A32%3A19Z\u0026sr=c\u0026sp=rcwl\u0026sig=jaI%2BuK7FNchU58%2BdSPI2y6b%2F8TR2hZwxPuGX6LHRdt8%3D",
      "RequestMethod": "PUT",
      "RequestHeaders": {
        "Accept": "application/xml",
        "Accept-Encoding": "gzip, deflate",
        "Connection": "keep-alive",
        "Content-Length": "0",
        "User-Agent": "azsdk-python-storage-blob/12.14.1 Python/3.7.9 (Windows-10-10.0.22621-SP0)",
        "x-ms-date": "Wed, 18 Jan 2023 00:32:20 GMT",
        "x-ms-meta-name": "000000000000000000000",
        "x-ms-meta-upload_status": "completed",
        "x-ms-meta-version": "1",
        "x-ms-version": "2021-08-06"
      },
      "RequestBody": null,
      "StatusCode": 200,
      "ResponseHeaders": {
        "Content-Length": "0",
        "Date": "Wed, 18 Jan 2023 00:32:20 GMT",
        "ETag": "\u00220x8DAF8EB75E70CE1\u0022",
        "Last-Modified": "Wed, 18 Jan 2023 00:32:20 GMT",
        "Server": [
          "Windows-Azure-Blob/1.0",
          "Microsoft-HTTPAPI/2.0"
        ],
        "x-ms-request-server-encrypted": "true",
        "x-ms-version": "2021-08-06"
      },
      "ResponseBody": null
    },
    {
      "RequestUri": "https://management.azure.com/subscriptions/00000000-0000-0000-0000-000000000/resourceGroups/00000/providers/Microsoft.MachineLearningServices/workspaces/00000/codes/000000000000000000000/versions/1?api-version=2022-05-01",
      "RequestMethod": "PUT",
      "RequestHeaders": {
        "Accept": "application/json",
        "Accept-Encoding": "gzip, deflate",
        "Connection": "keep-alive",
        "Content-Length": "241",
        "Content-Type": "application/json",
        "User-Agent": "azure-ai-ml/1.4.0 azsdk-python-mgmt-machinelearningservices/0.1.0 Python/3.7.9 (Windows-10-10.0.22621-SP0)"
      },
      "RequestBody": {
        "properties": {
          "properties": {
            "hash_sha256": "0000000000000",
            "hash_version": "0000000000000"
          },
          "isAnonymous": true,
          "isArchived": false,
          "codeUri": "https://sadnuammrwdeilc.blob.core.windows.net:443/c33afa53-c-3e3e4247-0268-5375-84b1-dcabd3eb9101/"
        }
      },
      "StatusCode": 201,
      "ResponseHeaders": {
        "Cache-Control": "no-cache",
        "Content-Length": "754",
        "Content-Type": "application/json; charset=utf-8",
        "Date": "Wed, 18 Jan 2023 00:32:20 GMT",
        "Expires": "-1",
        "Location": "https://management.azure.com/subscriptions/00000000-0000-0000-0000-000000000/resourceGroups/00000/providers/Microsoft.MachineLearningServices/workspaces/00000/codes/000000000000000000000/versions/1?api-version=2022-05-01",
        "Pragma": "no-cache",
        "Request-Context": "appId=cid-v1:2d2e8e63-272e-4b3c-8598-4ee570a0e70d",
        "Server-Timing": "traceparent;desc=\u002200-e96c8b3f2e1c4abc6a0a1069af959191-dfc0c7db7a4cbc25-00\u0022",
        "Strict-Transport-Security": "max-age=31536000; includeSubDomains",
        "x-aml-cluster": "vienna-eastus2-02",
        "X-Content-Type-Options": "nosniff",
        "x-ms-correlation-request-id": "ce007fc2-870d-47e8-bdc8-b48bf3fc6a3a",
        "x-ms-ratelimit-remaining-subscription-writes": "1164",
        "x-ms-response-type": "standard",
        "x-ms-routing-request-id": "WESTUS2:20230118T003221Z:ce007fc2-870d-47e8-bdc8-b48bf3fc6a3a",
        "x-request-time": "0.199"
      },
      "ResponseBody": {
        "id": "/subscriptions/00000000-0000-0000-0000-000000000/resourceGroups/00000/providers/Microsoft.MachineLearningServices/workspaces/00000/codes/000000000000000000000/versions/1",
        "name": "1",
        "type": "Microsoft.MachineLearningServices/workspaces/codes/versions",
        "properties": {
          "description": null,
          "tags": {},
          "properties": {
            "hash_sha256": "0000000000000",
            "hash_version": "0000000000000"
          },
          "isArchived": false,
          "isAnonymous": false,
          "codeUri": "https://sadnuammrwdeilc.blob.core.windows.net:443/c33afa53-c-3e3e4247-0268-5375-84b1-dcabd3eb9101/"
        },
        "systemData": {
          "createdAt": "2023-01-18T00:32:21.0525618\u002B00:00",
          "createdBy": "Diondra Peck",
          "createdByType": "User",
          "lastModifiedAt": "2023-01-18T00:32:21.0525618\u002B00:00",
          "lastModifiedBy": "Diondra Peck",
          "lastModifiedByType": "User"
        }
      }
    },
    {
      "RequestUri": "https://management.azure.com/subscriptions/00000000-0000-0000-0000-000000000/resourceGroups/00000/providers/Microsoft.MachineLearningServices/workspaces/00000/components/test_192581122512/versions/bar?api-version=2022-10-01",
      "RequestMethod": "PUT",
      "RequestHeaders": {
        "Accept": "application/json",
        "Accept-Encoding": "gzip, deflate",
        "Connection": "keep-alive",
        "Content-Length": "1269",
        "Content-Type": "application/json",
        "User-Agent": "azure-ai-ml/1.4.0 azsdk-python-mgmt-machinelearningservices/0.1.0 Python/3.7.9 (Windows-10-10.0.22621-SP0)"
      },
      "RequestBody": {
        "properties": {
          "description": "This is the basic command component",
          "properties": {},
          "tags": {
            "tag": "tagvalue",
            "owner": "sdkteam"
          },
          "isAnonymous": false,
          "isArchived": false,
          "componentSpec": {
            "command": "echo Hello World \u0026 echo $[[${{inputs.component_in_number}}]] \u0026 echo ${{inputs.component_in_path}} \u0026 echo ${{outputs.component_out_path}} \u003E ${{outputs.component_out_path}}/component_in_number",
            "code": "azureml:/subscriptions/00000000-0000-0000-0000-000000000/resourceGroups/00000/providers/Microsoft.MachineLearningServices/workspaces/00000/codes/000000000000000000000/versions/1",
            "environment": "azureml:AzureML-sklearn-0.24-ubuntu18.04-py37-cpu:1",
            "name": "test_192581122512",
            "description": "This is the basic command component",
            "tags": {
              "tag": "tagvalue",
              "owner": "sdkteam"
            },
            "version": "bar",
            "$schema": "https://azuremlschemas.azureedge.net/development/commandComponent.schema.json",
            "display_name": "CommandComponentBasic",
            "is_deterministic": true,
            "inputs": {
              "component_in_number": {
                "type": "number",
                "optional": true,
                "default": "10.99",
                "description": "A number"
              },
              "component_in_path": {
                "type": "uri_folder",
                "description": "A path"
              }
            },
            "outputs": {
              "component_out_path": {
                "type": "uri_folder"
              }
            },
            "type": "command",
            "_source": "YAML.COMPONENT"
          }
        }
      },
      "StatusCode": 201,
      "ResponseHeaders": {
        "Cache-Control": "no-cache",
        "Content-Length": "2191",
        "Content-Type": "application/json; charset=utf-8",
        "Date": "Wed, 18 Jan 2023 00:32:21 GMT",
        "Expires": "-1",
        "Location": "https://management.azure.com/subscriptions/00000000-0000-0000-0000-000000000/resourceGroups/00000/providers/Microsoft.MachineLearningServices/workspaces/00000/components/test_192581122512/versions/bar?api-version=2022-10-01",
        "Pragma": "no-cache",
        "Request-Context": "appId=cid-v1:2d2e8e63-272e-4b3c-8598-4ee570a0e70d",
        "Server-Timing": "traceparent;desc=\u002200-0766792d59d40650dc32d4ed0b133d32-39bf427f69e43b55-00\u0022",
        "Strict-Transport-Security": "max-age=31536000; includeSubDomains",
        "x-aml-cluster": "vienna-eastus2-02",
        "X-Content-Type-Options": "nosniff",
        "x-ms-correlation-request-id": "5a0e471c-facf-4c98-8bc1-9743ca8185ee",
        "x-ms-ratelimit-remaining-subscription-writes": "1163",
        "x-ms-response-type": "standard",
        "x-ms-routing-request-id": "WESTUS2:20230118T003222Z:5a0e471c-facf-4c98-8bc1-9743ca8185ee",
        "x-request-time": "0.463"
      },
      "ResponseBody": {
        "id": "/subscriptions/00000000-0000-0000-0000-000000000/resourceGroups/00000/providers/Microsoft.MachineLearningServices/workspaces/00000/components/test_192581122512/versions/bar",
        "name": "bar",
        "type": "Microsoft.MachineLearningServices/workspaces/components/versions",
        "properties": {
          "description": null,
          "tags": {
            "tag": "tagvalue",
            "owner": "sdkteam"
          },
          "properties": {},
          "isArchived": false,
          "isAnonymous": false,
          "componentSpec": {
            "name": "test_192581122512",
            "version": "bar",
            "display_name": "CommandComponentBasic",
            "is_deterministic": "True",
            "type": "command",
            "description": "This is the basic command component",
            "tags": {
              "tag": "tagvalue",
              "owner": "sdkteam"
            },
            "inputs": {
              "component_in_path": {
                "type": "uri_folder",
                "optional": "False",
                "description": "A path"
              },
              "component_in_number": {
                "type": "number",
                "optional": "True",
                "default": "10.99",
                "description": "A number"
              }
            },
            "outputs": {
              "component_out_path": {
                "type": "uri_folder"
              }
            },
            "code": "azureml:/subscriptions/00000000-0000-0000-0000-000000000/resourceGroups/00000/providers/Microsoft.MachineLearningServices/workspaces/00000/codes/000000000000000000000/versions/1",
            "environment": "azureml://registries/azureml/environments/AzureML-sklearn-0.24-ubuntu18.04-py37-cpu/versions/1",
            "resources": {
              "instance_count": "1"
            },
            "command": "echo Hello World \u0026 echo $[[${{inputs.component_in_number}}]] \u0026 echo ${{inputs.component_in_path}} \u0026 echo ${{outputs.component_out_path}} \u003E ${{outputs.component_out_path}}/component_in_number",
            "$schema": "https://azuremlschemas.azureedge.net/development/commandComponent.schema.json"
          }
        },
        "systemData": {
          "createdAt": "2023-01-18T00:32:21.9078221\u002B00:00",
          "createdBy": "Diondra Peck",
          "createdByType": "User",
          "lastModifiedAt": "2023-01-18T00:32:21.9727442\u002B00:00",
          "lastModifiedBy": "Diondra Peck",
          "lastModifiedByType": "User"
        }
      }
    },
    {
      "RequestUri": "https://management.azure.com/subscriptions/00000000-0000-0000-0000-000000000/resourceGroups/00000/providers/Microsoft.MachineLearningServices/workspaces/00000?api-version=2022-10-01",
      "RequestMethod": "GET",
      "RequestHeaders": {
        "Accept": "application/json",
        "Accept-Encoding": "gzip, deflate",
        "Connection": "keep-alive",
        "User-Agent": "azure-ai-ml/1.4.0 azsdk-python-mgmt-machinelearningservices/0.1.0 Python/3.7.9 (Windows-10-10.0.22621-SP0)"
      },
      "RequestBody": null,
      "StatusCode": 200,
      "ResponseHeaders": {
        "Cache-Control": "no-cache",
        "Content-Encoding": "gzip",
        "Content-Type": "application/json; charset=utf-8",
        "Date": "Wed, 18 Jan 2023 00:32:21 GMT",
        "Expires": "-1",
        "Pragma": "no-cache",
        "Request-Context": "appId=cid-v1:2d2e8e63-272e-4b3c-8598-4ee570a0e70d",
        "Server-Timing": "traceparent;desc=\u002200-806b0be6aa3aaa7f5216b8f4ea9744ae-7e0f6a79e6def2b1-00\u0022",
        "Strict-Transport-Security": "max-age=31536000; includeSubDomains",
        "Transfer-Encoding": "chunked",
        "Vary": [
          "Accept-Encoding",
          "Accept-Encoding"
        ],
        "x-aml-cluster": "vienna-eastus2-02",
        "X-Content-Type-Options": "nosniff",
        "x-ms-correlation-request-id": "41eadc65-c780-4954-bcf2-8f765148a931",
        "x-ms-ratelimit-remaining-subscription-reads": "11963",
        "x-ms-response-type": "standard",
        "x-ms-routing-request-id": "WESTUS2:20230118T003222Z:41eadc65-c780-4954-bcf2-8f765148a931",
        "x-request-time": "0.019"
      },
      "ResponseBody": {
        "id": "/subscriptions/00000000-0000-0000-0000-000000000/resourceGroups/00000/providers/Microsoft.MachineLearningServices/workspaces/00000",
        "name": "00000",
        "type": "Microsoft.MachineLearningServices/workspaces",
        "location": "eastus2",
        "tags": {},
        "etag": null,
        "properties": {
          "friendlyName": "00000",
          "description": "",
          "storageAccount": "/subscriptions/00000000-0000-0000-0000-000000000/resourceGroups/00000/providers/Microsoft.Storage/storageAccounts/sadnuammrwdeilc",
          "keyVault": "/subscriptions/00000000-0000-0000-0000-000000000/resourceGroups/00000/providers/Microsoft.Keyvault/vaults/kvtesthhy5m5pqcjec6",
          "applicationInsights": "/subscriptions/00000000-0000-0000-0000-000000000/resourceGroups/00000/providers/Microsoft.insights/components/aidnuammrwdeilc",
          "hbiWorkspace": false,
          "tenantId": "72f988bf-86f1-41af-91ab-2d7cd011db47",
          "imageBuildCompute": null,
          "provisioningState": "Succeeded",
          "v1LegacyMode": false,
          "softDeleteEnabled": false,
          "containerRegistry": "/subscriptions/00000000-0000-0000-0000-000000000/resourceGroups/00000/providers/Microsoft.ContainerRegistry/registries/crdnuammrwdeilc",
          "notebookInfo": {
            "resourceId": "493ca697a7f447848820635d6ef3a5f0",
            "fqdn": "ml-sdkvnextcli-eastus2-c33afa53-cead-40f1-8d1d-ac5976604612.eastus2.notebooks.azure.net",
            "isPrivateLinkEnabled": false,
            "notebookPreparationError": null
          },
          "storageHnsEnabled": false,
          "workspaceId": "c33afa53-cead-40f1-8d1d-ac5976604612",
          "linkedModelInventoryArmId": null,
          "privateLinkCount": 0,
          "publicNetworkAccess": "Enabled",
          "discoveryUrl": "https://eastus2.api.azureml.ms/discovery",
          "mlFlowTrackingUri": "azureml://eastus2.api.azureml.ms/mlflow/v1.0/subscriptions/00000000-0000-0000-0000-000000000/resourceGroups/00000/providers/Microsoft.MachineLearningServices/workspaces/00000",
          "sdkTelemetryAppInsightsKey": "066b0d89-53d2-4b58-8bc8-ac382527e4fb",
          "sasGetterUri": "",
          "enableDataIsolation": false
        },
        "identity": {
          "type": "SystemAssigned",
          "principalId": "ab3f5d04-98db-441d-97a8-f558ea82f4ef",
          "tenantId": "72f988bf-86f1-41af-91ab-2d7cd011db47"
        },
        "sku": {
          "name": "Basic",
          "tier": "Basic"
        },
        "systemData": {
          "createdAt": "2023-01-17T23:08:06.6643232Z",
          "createdBy": "dipeck@microsoft.com",
          "createdByType": "User",
          "lastModifiedAt": "2023-01-17T23:08:06.6643232Z",
          "lastModifiedBy": "dipeck@microsoft.com",
          "lastModifiedByType": "User"
        }
      }
    },
    {
      "RequestUri": "https://eastus2.api.azureml.ms/content/v2.0/subscriptions/00000000-0000-0000-0000-000000000/resourceGroups/00000/providers/Microsoft.MachineLearningServices/workspaces/00000/snapshots/getByHash?hash=d3c05b496c685e7e5a204e3cebc689086bd0f622c2975d8090c18968739a464a\u0026hashVersion=202208",
      "RequestMethod": "POST",
      "RequestHeaders": {
        "Accept": "*/*",
        "Accept-Encoding": "gzip, deflate",
        "Connection": "keep-alive",
        "Content-Length": "0",
        "Content-Type": "application/json; charset=UTF-8",
        "User-Agent": "azure-ai-ml/1.4.0 azsdk-python-core/1.26.3 Python/3.7.9 (Windows-10-10.0.22621-SP0)"
      },
      "RequestBody": null,
      "StatusCode": 400,
      "ResponseHeaders": {
        "Connection": "keep-alive",
        "Content-Length": "557",
        "Content-Type": "application/json; charset=utf-8",
        "Date": "Wed, 18 Jan 2023 00:32:23 GMT",
        "Request-Context": "appId=cid-v1:2d2e8e63-272e-4b3c-8598-4ee570a0e70d",
        "Strict-Transport-Security": "max-age=15724800; includeSubDomains; preload",
        "x-aml-cluster": "vienna-eastus2-02",
        "X-Content-Type-Options": "nosniff",
        "x-ms-response-type": "standard",
        "x-request-time": "0.016"
      },
      "ResponseBody": {
        "error": {
          "code": "UserError",
          "severity": null,
          "message": "Request body could not be read. Ensure data was provided in the request body and that the content-type header is correct.",
          "messageFormat": null,
          "messageParameters": {},
          "referenceCode": null,
          "detailsUri": null,
          "target": null,
          "details": [],
          "innerError": null,
          "debugInfo": null,
          "additionalInfo": null
        },
        "correlation": null,
        "environment": null,
        "location": null,
        "time": "0001-01-01T00:00:00\u002B00:00",
        "componentName": null
      }
    },
    {
      "RequestUri": "https://eastus2.api.azureml.ms/assetstore/v1.0/temporaryDataReference/createOrGet",
      "RequestMethod": "POST",
      "RequestHeaders": {
        "Accept": "*/*",
        "Accept-Encoding": "gzip, deflate",
        "Connection": "keep-alive",
        "Content-Length": "253",
        "Content-Type": "application/json; charset=UTF-8",
        "User-Agent": "azure-ai-ml/1.4.0 azsdk-python-core/1.26.3 Python/3.7.9 (Windows-10-10.0.22621-SP0)"
      },
      "RequestBody": {
        "assetId": "azureml://locations/eastus2/workspaces/c33afa53-cead-40f1-8d1d-ac5976604612/codes/000000000000000000000/versions/1",
        "temporaryDataReferenceId": "8e914a5f-a4c2-442a-b3aa-0b5e68deab84",
        "temporaryDataReferenceType": "TemporaryBlobReference"
      },
      "StatusCode": 200,
      "ResponseHeaders": {
        "Connection": "keep-alive",
        "Content-Encoding": "gzip",
        "Content-Type": "application/json; charset=utf-8",
        "Date": "Wed, 18 Jan 2023 00:32:25 GMT",
        "Request-Context": "appId=cid-v1:2d2e8e63-272e-4b3c-8598-4ee570a0e70d",
        "Strict-Transport-Security": "max-age=15724800; includeSubDomains; preload",
        "Transfer-Encoding": "chunked",
        "Vary": "Accept-Encoding",
        "x-aml-cluster": "vienna-eastus2-02",
        "X-Content-Type-Options": "nosniff",
        "x-ms-response-type": "standard",
        "x-request-time": "0.472"
      },
      "ResponseBody": {
        "blobReferenceForConsumption": {
          "blobUri": "https://sadnuammrwdeilc.blob.core.windows.net:443/c33afa53-c-49b0b417-0672-563e-96a1-565e84895173",
          "storageAccountArmId": "/subscriptions/00000000-0000-0000-0000-000000000/resourceGroups/00000/providers/Microsoft.Storage/storageAccounts/sadnuammrwdeilc",
          "credential": {
            "sasUri": "https://sadnuammrwdeilc.blob.core.windows.net/c33afa53-c-49b0b417-0672-563e-96a1-565e84895173?skoid=ab3f5d04-98db-441d-97a8-f558ea82f4ef\u0026sktid=72f988bf-86f1-41af-91ab-2d7cd011db47\u0026skt=2023-01-17T23%3A58%3A03Z\u0026ske=2023-01-19T08%3A08%3A03Z\u0026sks=b\u0026skv=2019-07-07\u0026sv=2021-08-06\u0026st=2023-01-18T00%3A22%3A25Z\u0026se=2023-01-18T08%3A32%3A25Z\u0026sr=c\u0026sp=rcwl\u0026sig=J303aLzoWNIxTZIgM0kYFhr1%2BjymSMhgxSbdeFw9oKU%3D",
            "wasbsUri": null,
            "credentialType": "SAS"
          }
        },
        "imageReferenceForConsumption": null,
        "temporaryDataReferenceId": "8e914a5f-a4c2-442a-b3aa-0b5e68deab84",
        "temporaryDataReferenceType": null
      }
    },
    {
      "RequestUri": "https://sadnuammrwdeilc.blob.core.windows.net/c33afa53-c-49b0b417-0672-563e-96a1-565e84895173/COMPONENT_PLACEHOLDER?skoid=ab3f5d04-98db-441d-97a8-f558ea82f4ef\u0026sktid=72f988bf-86f1-41af-91ab-2d7cd011db47\u0026skt=2023-01-17T23%3A58%3A03Z\u0026ske=2023-01-19T08%3A08%3A03Z\u0026sks=b\u0026skv=2019-07-07\u0026sv=2021-08-06\u0026st=2023-01-18T00%3A22%3A25Z\u0026se=2023-01-18T08%3A32%3A25Z\u0026sr=c\u0026sp=rcwl\u0026sig=J303aLzoWNIxTZIgM0kYFhr1%2BjymSMhgxSbdeFw9oKU%3D",
      "RequestMethod": "HEAD",
      "RequestHeaders": {
        "Accept": "application/xml",
        "Accept-Encoding": "gzip, deflate",
        "Connection": "keep-alive",
        "User-Agent": "azsdk-python-storage-blob/12.14.1 Python/3.7.9 (Windows-10-10.0.22621-SP0)",
        "x-ms-date": "Wed, 18 Jan 2023 00:32:25 GMT",
        "x-ms-version": "2021-08-06"
      },
      "RequestBody": null,
      "StatusCode": 404,
      "ResponseHeaders": {
        "Date": "Wed, 18 Jan 2023 00:32:25 GMT",
        "Server": [
          "Windows-Azure-Blob/1.0",
          "Microsoft-HTTPAPI/2.0"
        ],
        "Transfer-Encoding": "chunked",
        "Vary": "Origin",
        "x-ms-error-code": "BlobNotFound",
        "x-ms-version": "2021-08-06"
      },
      "ResponseBody": null
    },
    {
      "RequestUri": "https://sadnuammrwdeilc.blob.core.windows.net/c33afa53-c-49b0b417-0672-563e-96a1-565e84895173/COMPONENT_PLACEHOLDER?skoid=ab3f5d04-98db-441d-97a8-f558ea82f4ef\u0026sktid=72f988bf-86f1-41af-91ab-2d7cd011db47\u0026skt=2023-01-17T23%3A58%3A03Z\u0026ske=2023-01-19T08%3A08%3A03Z\u0026sks=b\u0026skv=2019-07-07\u0026sv=2021-08-06\u0026st=2023-01-18T00%3A22%3A25Z\u0026se=2023-01-18T08%3A32%3A25Z\u0026sr=c\u0026sp=rcwl\u0026sig=J303aLzoWNIxTZIgM0kYFhr1%2BjymSMhgxSbdeFw9oKU%3D",
      "RequestMethod": "PUT",
      "RequestHeaders": {
        "Accept": "application/xml",
        "Accept-Encoding": "gzip, deflate",
        "Connection": "keep-alive",
        "Content-Length": "35",
        "Content-Type": "application/octet-stream",
        "If-None-Match": "*",
        "User-Agent": "azsdk-python-storage-blob/12.14.1 Python/3.7.9 (Windows-10-10.0.22621-SP0)",
        "x-ms-blob-type": "BlockBlob",
        "x-ms-date": "Wed, 18 Jan 2023 00:32:25 GMT",
        "x-ms-version": "2021-08-06"
      },
      "RequestBody": "Y29tbWFuZF9jb21wb25lbnQ6IGNvZGVfcGxhY2Vob2xkZXI=",
      "StatusCode": 201,
      "ResponseHeaders": {
        "Content-Length": "0",
        "Content-MD5": "L/DnSpFIn\u002BjaQWc\u002BsUQdcw==",
        "Date": "Wed, 18 Jan 2023 00:32:26 GMT",
        "ETag": "\u00220x8DAF8EB7952DBA8\u0022",
        "Last-Modified": "Wed, 18 Jan 2023 00:32:26 GMT",
        "Server": [
          "Windows-Azure-Blob/1.0",
          "Microsoft-HTTPAPI/2.0"
        ],
        "x-ms-content-crc64": "KWRPkj\u002BQ\u002BTE=",
        "x-ms-request-server-encrypted": "true",
        "x-ms-version": "2021-08-06"
      },
      "ResponseBody": null
    },
    {
      "RequestUri": "https://sadnuammrwdeilc.blob.core.windows.net/c33afa53-c-49b0b417-0672-563e-96a1-565e84895173/COMPONENT_PLACEHOLDER?comp=metadata\u0026skoid=ab3f5d04-98db-441d-97a8-f558ea82f4ef\u0026sktid=72f988bf-86f1-41af-91ab-2d7cd011db47\u0026skt=2023-01-17T23%3A58%3A03Z\u0026ske=2023-01-19T08%3A08%3A03Z\u0026sks=b\u0026skv=2019-07-07\u0026sv=2021-08-06\u0026st=2023-01-18T00%3A22%3A25Z\u0026se=2023-01-18T08%3A32%3A25Z\u0026sr=c\u0026sp=rcwl\u0026sig=J303aLzoWNIxTZIgM0kYFhr1%2BjymSMhgxSbdeFw9oKU%3D",
      "RequestMethod": "PUT",
      "RequestHeaders": {
        "Accept": "application/xml",
        "Accept-Encoding": "gzip, deflate",
        "Connection": "keep-alive",
        "Content-Length": "0",
        "User-Agent": "azsdk-python-storage-blob/12.14.1 Python/3.7.9 (Windows-10-10.0.22621-SP0)",
        "x-ms-date": "Wed, 18 Jan 2023 00:32:26 GMT",
        "x-ms-meta-name": "000000000000000000000",
        "x-ms-meta-upload_status": "completed",
        "x-ms-meta-version": "1",
        "x-ms-version": "2021-08-06"
      },
      "RequestBody": null,
      "StatusCode": 200,
      "ResponseHeaders": {
        "Content-Length": "0",
        "Date": "Wed, 18 Jan 2023 00:32:26 GMT",
        "ETag": "\u00220x8DAF8EB7972BB0F\u0022",
        "Last-Modified": "Wed, 18 Jan 2023 00:32:26 GMT",
        "Server": [
          "Windows-Azure-Blob/1.0",
          "Microsoft-HTTPAPI/2.0"
        ],
        "x-ms-request-server-encrypted": "true",
        "x-ms-version": "2021-08-06"
      },
      "ResponseBody": null
    },
    {
      "RequestUri": "https://management.azure.com/subscriptions/00000000-0000-0000-0000-000000000/resourceGroups/00000/providers/Microsoft.MachineLearningServices/workspaces/00000/codes/000000000000000000000/versions/1?api-version=2022-05-01",
      "RequestMethod": "PUT",
      "RequestHeaders": {
        "Accept": "application/json",
        "Accept-Encoding": "gzip, deflate",
        "Connection": "keep-alive",
        "Content-Length": "241",
        "Content-Type": "application/json",
        "User-Agent": "azure-ai-ml/1.4.0 azsdk-python-mgmt-machinelearningservices/0.1.0 Python/3.7.9 (Windows-10-10.0.22621-SP0)"
      },
      "RequestBody": {
        "properties": {
          "properties": {
            "hash_sha256": "0000000000000",
            "hash_version": "0000000000000"
          },
          "isAnonymous": true,
          "isArchived": false,
          "codeUri": "https://sadnuammrwdeilc.blob.core.windows.net:443/c33afa53-c-49b0b417-0672-563e-96a1-565e84895173/"
        }
      },
      "StatusCode": 201,
      "ResponseHeaders": {
        "Cache-Control": "no-cache",
        "Content-Length": "752",
        "Content-Type": "application/json; charset=utf-8",
        "Date": "Wed, 18 Jan 2023 00:32:26 GMT",
        "Expires": "-1",
        "Location": "https://management.azure.com/subscriptions/00000000-0000-0000-0000-000000000/resourceGroups/00000/providers/Microsoft.MachineLearningServices/workspaces/00000/codes/000000000000000000000/versions/1?api-version=2022-05-01",
        "Pragma": "no-cache",
        "Request-Context": "appId=cid-v1:2d2e8e63-272e-4b3c-8598-4ee570a0e70d",
        "Server-Timing": "traceparent;desc=\u002200-57a574d555cbc7988bcd651993f6cb6e-2126a11ad0902316-00\u0022",
        "Strict-Transport-Security": "max-age=31536000; includeSubDomains",
        "x-aml-cluster": "vienna-eastus2-02",
        "X-Content-Type-Options": "nosniff",
        "x-ms-correlation-request-id": "0570127a-43fa-480f-a8b8-3dd8c63788b0",
        "x-ms-ratelimit-remaining-subscription-writes": "1162",
        "x-ms-response-type": "standard",
        "x-ms-routing-request-id": "WESTUS2:20230118T003227Z:0570127a-43fa-480f-a8b8-3dd8c63788b0",
        "x-request-time": "0.353"
      },
      "ResponseBody": {
        "id": "/subscriptions/00000000-0000-0000-0000-000000000/resourceGroups/00000/providers/Microsoft.MachineLearningServices/workspaces/00000/codes/000000000000000000000/versions/1",
        "name": "1",
        "type": "Microsoft.MachineLearningServices/workspaces/codes/versions",
        "properties": {
          "description": null,
          "tags": {},
          "properties": {
            "hash_sha256": "0000000000000",
            "hash_version": "0000000000000"
          },
          "isArchived": false,
          "isAnonymous": false,
          "codeUri": "https://sadnuammrwdeilc.blob.core.windows.net:443/c33afa53-c-49b0b417-0672-563e-96a1-565e84895173/"
        },
        "systemData": {
          "createdAt": "2023-01-18T00:32:27.505691\u002B00:00",
          "createdBy": "Diondra Peck",
          "createdByType": "User",
          "lastModifiedAt": "2023-01-18T00:32:27.505691\u002B00:00",
          "lastModifiedBy": "Diondra Peck",
          "lastModifiedByType": "User"
        }
      }
    },
    {
      "RequestUri": "https://management.azure.com/subscriptions/00000000-0000-0000-0000-000000000/resourceGroups/00000/providers/Microsoft.MachineLearningServices/workspaces/00000/components/test_192581122512/versions/baz?api-version=2022-10-01",
      "RequestMethod": "PUT",
      "RequestHeaders": {
        "Accept": "application/json",
        "Accept-Encoding": "gzip, deflate",
        "Connection": "keep-alive",
        "Content-Length": "1269",
        "Content-Type": "application/json",
        "User-Agent": "azure-ai-ml/1.4.0 azsdk-python-mgmt-machinelearningservices/0.1.0 Python/3.7.9 (Windows-10-10.0.22621-SP0)"
      },
      "RequestBody": {
        "properties": {
          "description": "This is the basic command component",
          "properties": {},
          "tags": {
            "tag": "tagvalue",
            "owner": "sdkteam"
          },
          "isAnonymous": false,
          "isArchived": false,
          "componentSpec": {
            "command": "echo Hello World \u0026 echo $[[${{inputs.component_in_number}}]] \u0026 echo ${{inputs.component_in_path}} \u0026 echo ${{outputs.component_out_path}} \u003E ${{outputs.component_out_path}}/component_in_number",
            "code": "azureml:/subscriptions/00000000-0000-0000-0000-000000000/resourceGroups/00000/providers/Microsoft.MachineLearningServices/workspaces/00000/codes/000000000000000000000/versions/1",
            "environment": "azureml:AzureML-sklearn-0.24-ubuntu18.04-py37-cpu:1",
            "name": "test_192581122512",
            "description": "This is the basic command component",
            "tags": {
              "tag": "tagvalue",
              "owner": "sdkteam"
            },
            "version": "baz",
            "$schema": "https://azuremlschemas.azureedge.net/development/commandComponent.schema.json",
            "display_name": "CommandComponentBasic",
            "is_deterministic": true,
            "inputs": {
              "component_in_number": {
                "type": "number",
                "optional": true,
                "default": "10.99",
                "description": "A number"
              },
              "component_in_path": {
                "type": "uri_folder",
                "description": "A path"
              }
            },
            "outputs": {
              "component_out_path": {
                "type": "uri_folder"
              }
            },
            "type": "command",
            "_source": "YAML.COMPONENT"
          }
        }
      },
      "StatusCode": 201,
      "ResponseHeaders": {
        "Cache-Control": "no-cache",
        "Content-Length": "2191",
        "Content-Type": "application/json; charset=utf-8",
        "Date": "Wed, 18 Jan 2023 00:32:29 GMT",
        "Expires": "-1",
        "Location": "https://management.azure.com/subscriptions/00000000-0000-0000-0000-000000000/resourceGroups/00000/providers/Microsoft.MachineLearningServices/workspaces/00000/components/test_192581122512/versions/baz?api-version=2022-10-01",
        "Pragma": "no-cache",
        "Request-Context": "appId=cid-v1:2d2e8e63-272e-4b3c-8598-4ee570a0e70d",
        "Server-Timing": "traceparent;desc=\u002200-bd94ef8de39129cb13c92f987032087f-19453c68b0f516cd-00\u0022",
        "Strict-Transport-Security": "max-age=31536000; includeSubDomains",
        "x-aml-cluster": "vienna-eastus2-02",
        "X-Content-Type-Options": "nosniff",
        "x-ms-correlation-request-id": "bc9e14ef-5194-40de-9e62-854f819ee637",
        "x-ms-ratelimit-remaining-subscription-writes": "1161",
        "x-ms-response-type": "standard",
        "x-ms-routing-request-id": "WESTUS2:20230118T003230Z:bc9e14ef-5194-40de-9e62-854f819ee637",
        "x-request-time": "0.456"
      },
      "ResponseBody": {
        "id": "/subscriptions/00000000-0000-0000-0000-000000000/resourceGroups/00000/providers/Microsoft.MachineLearningServices/workspaces/00000/components/test_192581122512/versions/baz",
        "name": "baz",
        "type": "Microsoft.MachineLearningServices/workspaces/components/versions",
        "properties": {
          "description": null,
          "tags": {
            "tag": "tagvalue",
            "owner": "sdkteam"
          },
          "properties": {},
          "isArchived": false,
          "isAnonymous": false,
          "componentSpec": {
            "name": "test_192581122512",
            "version": "baz",
            "display_name": "CommandComponentBasic",
            "is_deterministic": "True",
            "type": "command",
            "description": "This is the basic command component",
            "tags": {
              "tag": "tagvalue",
              "owner": "sdkteam"
            },
            "inputs": {
              "component_in_path": {
                "type": "uri_folder",
                "optional": "False",
                "description": "A path"
              },
              "component_in_number": {
                "type": "number",
                "optional": "True",
                "default": "10.99",
                "description": "A number"
              }
            },
            "outputs": {
              "component_out_path": {
                "type": "uri_folder"
              }
            },
            "code": "azureml:/subscriptions/00000000-0000-0000-0000-000000000/resourceGroups/00000/providers/Microsoft.MachineLearningServices/workspaces/00000/codes/000000000000000000000/versions/1",
            "environment": "azureml://registries/azureml/environments/AzureML-sklearn-0.24-ubuntu18.04-py37-cpu/versions/1",
            "resources": {
              "instance_count": "1"
            },
            "command": "echo Hello World \u0026 echo $[[${{inputs.component_in_number}}]] \u0026 echo ${{inputs.component_in_path}} \u0026 echo ${{outputs.component_out_path}} \u003E ${{outputs.component_out_path}}/component_in_number",
            "$schema": "https://azuremlschemas.azureedge.net/development/commandComponent.schema.json"
          }
        },
        "systemData": {
          "createdAt": "2023-01-18T00:32:29.8700619\u002B00:00",
          "createdBy": "Diondra Peck",
          "createdByType": "User",
          "lastModifiedAt": "2023-01-18T00:32:29.9341176\u002B00:00",
          "lastModifiedBy": "Diondra Peck",
          "lastModifiedByType": "User"
        }
      }
    },
    {
      "RequestUri": "https://management.azure.com/subscriptions/00000000-0000-0000-0000-000000000/resourceGroups/00000/providers/Microsoft.MachineLearningServices/workspaces/00000?api-version=2022-10-01",
      "RequestMethod": "GET",
      "RequestHeaders": {
        "Accept": "application/json",
        "Accept-Encoding": "gzip, deflate",
        "Connection": "keep-alive",
        "User-Agent": "azure-ai-ml/1.4.0 azsdk-python-mgmt-machinelearningservices/0.1.0 Python/3.7.9 (Windows-10-10.0.22621-SP0)"
      },
      "RequestBody": null,
      "StatusCode": 200,
      "ResponseHeaders": {
        "Cache-Control": "no-cache",
        "Content-Encoding": "gzip",
        "Content-Type": "application/json; charset=utf-8",
        "Date": "Wed, 18 Jan 2023 00:32:29 GMT",
        "Expires": "-1",
        "Pragma": "no-cache",
        "Request-Context": "appId=cid-v1:2d2e8e63-272e-4b3c-8598-4ee570a0e70d",
        "Server-Timing": "traceparent;desc=\u002200-f708c8a9a75cabdc6cbcc3fca9a81ddd-7173cb767a710420-00\u0022",
        "Strict-Transport-Security": "max-age=31536000; includeSubDomains",
        "Transfer-Encoding": "chunked",
        "Vary": [
          "Accept-Encoding",
          "Accept-Encoding"
        ],
        "x-aml-cluster": "vienna-eastus2-02",
        "X-Content-Type-Options": "nosniff",
        "x-ms-correlation-request-id": "949c26b7-227f-4436-9d95-89922e2c903c",
        "x-ms-ratelimit-remaining-subscription-reads": "11962",
        "x-ms-response-type": "standard",
        "x-ms-routing-request-id": "WESTUS2:20230118T003230Z:949c26b7-227f-4436-9d95-89922e2c903c",
        "x-request-time": "0.017"
      },
      "ResponseBody": {
        "id": "/subscriptions/00000000-0000-0000-0000-000000000/resourceGroups/00000/providers/Microsoft.MachineLearningServices/workspaces/00000",
        "name": "00000",
        "type": "Microsoft.MachineLearningServices/workspaces",
        "location": "eastus2",
        "tags": {},
        "etag": null,
        "properties": {
          "friendlyName": "00000",
          "description": "",
          "storageAccount": "/subscriptions/00000000-0000-0000-0000-000000000/resourceGroups/00000/providers/Microsoft.Storage/storageAccounts/sadnuammrwdeilc",
          "keyVault": "/subscriptions/00000000-0000-0000-0000-000000000/resourceGroups/00000/providers/Microsoft.Keyvault/vaults/kvtesthhy5m5pqcjec6",
          "applicationInsights": "/subscriptions/00000000-0000-0000-0000-000000000/resourceGroups/00000/providers/Microsoft.insights/components/aidnuammrwdeilc",
          "hbiWorkspace": false,
          "tenantId": "72f988bf-86f1-41af-91ab-2d7cd011db47",
          "imageBuildCompute": null,
          "provisioningState": "Succeeded",
          "v1LegacyMode": false,
          "softDeleteEnabled": false,
          "containerRegistry": "/subscriptions/00000000-0000-0000-0000-000000000/resourceGroups/00000/providers/Microsoft.ContainerRegistry/registries/crdnuammrwdeilc",
          "notebookInfo": {
            "resourceId": "493ca697a7f447848820635d6ef3a5f0",
            "fqdn": "ml-sdkvnextcli-eastus2-c33afa53-cead-40f1-8d1d-ac5976604612.eastus2.notebooks.azure.net",
            "isPrivateLinkEnabled": false,
            "notebookPreparationError": null
          },
          "storageHnsEnabled": false,
          "workspaceId": "c33afa53-cead-40f1-8d1d-ac5976604612",
          "linkedModelInventoryArmId": null,
          "privateLinkCount": 0,
          "publicNetworkAccess": "Enabled",
          "discoveryUrl": "https://eastus2.api.azureml.ms/discovery",
          "mlFlowTrackingUri": "azureml://eastus2.api.azureml.ms/mlflow/v1.0/subscriptions/00000000-0000-0000-0000-000000000/resourceGroups/00000/providers/Microsoft.MachineLearningServices/workspaces/00000",
          "sdkTelemetryAppInsightsKey": "066b0d89-53d2-4b58-8bc8-ac382527e4fb",
          "sasGetterUri": "",
          "enableDataIsolation": false
        },
        "identity": {
          "type": "SystemAssigned",
          "principalId": "ab3f5d04-98db-441d-97a8-f558ea82f4ef",
          "tenantId": "72f988bf-86f1-41af-91ab-2d7cd011db47"
        },
        "sku": {
          "name": "Basic",
          "tier": "Basic"
        },
        "systemData": {
          "createdAt": "2023-01-17T23:08:06.6643232Z",
          "createdBy": "dipeck@microsoft.com",
          "createdByType": "User",
          "lastModifiedAt": "2023-01-17T23:08:06.6643232Z",
          "lastModifiedBy": "dipeck@microsoft.com",
          "lastModifiedByType": "User"
        }
      }
    },
    {
      "RequestUri": "https://eastus2.api.azureml.ms/content/v2.0/subscriptions/00000000-0000-0000-0000-000000000/resourceGroups/00000/providers/Microsoft.MachineLearningServices/workspaces/00000/snapshots/getByHash?hash=d3c05b496c685e7e5a204e3cebc689086bd0f622c2975d8090c18968739a464a\u0026hashVersion=202208",
      "RequestMethod": "POST",
      "RequestHeaders": {
        "Accept": "*/*",
        "Accept-Encoding": "gzip, deflate",
        "Connection": "keep-alive",
        "Content-Length": "0",
        "Content-Type": "application/json; charset=UTF-8",
        "User-Agent": "azure-ai-ml/1.4.0 azsdk-python-core/1.26.3 Python/3.7.9 (Windows-10-10.0.22621-SP0)"
      },
      "RequestBody": null,
      "StatusCode": 400,
      "ResponseHeaders": {
        "Connection": "keep-alive",
        "Content-Length": "557",
        "Content-Type": "application/json; charset=utf-8",
        "Date": "Wed, 18 Jan 2023 00:32:31 GMT",
        "Request-Context": "appId=cid-v1:2d2e8e63-272e-4b3c-8598-4ee570a0e70d",
        "Strict-Transport-Security": "max-age=15724800; includeSubDomains; preload",
        "x-aml-cluster": "vienna-eastus2-02",
        "X-Content-Type-Options": "nosniff",
        "x-ms-response-type": "standard",
        "x-request-time": "0.016"
      },
      "ResponseBody": {
        "error": {
          "code": "UserError",
          "severity": null,
          "message": "Request body could not be read. Ensure data was provided in the request body and that the content-type header is correct.",
          "messageFormat": null,
          "messageParameters": {},
          "referenceCode": null,
          "detailsUri": null,
          "target": null,
          "details": [],
          "innerError": null,
          "debugInfo": null,
          "additionalInfo": null
        },
        "correlation": null,
        "environment": null,
        "location": null,
        "time": "0001-01-01T00:00:00\u002B00:00",
        "componentName": null
      }
    },
    {
      "RequestUri": "https://eastus2.api.azureml.ms/assetstore/v1.0/temporaryDataReference/createOrGet",
      "RequestMethod": "POST",
      "RequestHeaders": {
        "Accept": "*/*",
        "Accept-Encoding": "gzip, deflate",
        "Connection": "keep-alive",
        "Content-Length": "253",
        "Content-Type": "application/json; charset=UTF-8",
        "User-Agent": "azure-ai-ml/1.4.0 azsdk-python-core/1.26.3 Python/3.7.9 (Windows-10-10.0.22621-SP0)"
      },
      "RequestBody": {
        "assetId": "azureml://locations/eastus2/workspaces/c33afa53-cead-40f1-8d1d-ac5976604612/codes/000000000000000000000/versions/1",
        "temporaryDataReferenceId": "c41f3f80-6077-441d-8902-4dd644a10324",
        "temporaryDataReferenceType": "TemporaryBlobReference"
      },
      "StatusCode": 200,
      "ResponseHeaders": {
        "Connection": "keep-alive",
        "Content-Encoding": "gzip",
        "Content-Type": "application/json; charset=utf-8",
        "Date": "Wed, 18 Jan 2023 00:32:33 GMT",
        "Request-Context": "appId=cid-v1:2d2e8e63-272e-4b3c-8598-4ee570a0e70d",
        "Strict-Transport-Security": "max-age=15724800; includeSubDomains; preload",
        "Transfer-Encoding": "chunked",
        "Vary": "Accept-Encoding",
        "x-aml-cluster": "vienna-eastus2-02",
        "X-Content-Type-Options": "nosniff",
        "x-ms-response-type": "standard",
        "x-request-time": "0.356"
      },
      "ResponseBody": {
        "blobReferenceForConsumption": {
          "blobUri": "https://sadnuammrwdeilc.blob.core.windows.net:443/c33afa53-c-f745d9c5-b982-5977-a54a-63abf98e8d9a",
          "storageAccountArmId": "/subscriptions/00000000-0000-0000-0000-000000000/resourceGroups/00000/providers/Microsoft.Storage/storageAccounts/sadnuammrwdeilc",
          "credential": {
            "sasUri": "https://sadnuammrwdeilc.blob.core.windows.net/c33afa53-c-f745d9c5-b982-5977-a54a-63abf98e8d9a?skoid=ab3f5d04-98db-441d-97a8-f558ea82f4ef\u0026sktid=72f988bf-86f1-41af-91ab-2d7cd011db47\u0026skt=2023-01-17T23%3A58%3A03Z\u0026ske=2023-01-19T08%3A08%3A03Z\u0026sks=b\u0026skv=2019-07-07\u0026sv=2021-08-06\u0026st=2023-01-18T00%3A22%3A33Z\u0026se=2023-01-18T08%3A32%3A33Z\u0026sr=c\u0026sp=rcwl\u0026sig=oTldWVGFVlviKxuhMEhuNoYTjHSLse4%2F6SYm4J6bw54%3D",
            "wasbsUri": null,
            "credentialType": "SAS"
          }
        },
        "imageReferenceForConsumption": null,
        "temporaryDataReferenceId": "c41f3f80-6077-441d-8902-4dd644a10324",
        "temporaryDataReferenceType": null
      }
    },
    {
      "RequestUri": "https://sadnuammrwdeilc.blob.core.windows.net/c33afa53-c-f745d9c5-b982-5977-a54a-63abf98e8d9a/COMPONENT_PLACEHOLDER?skoid=ab3f5d04-98db-441d-97a8-f558ea82f4ef\u0026sktid=72f988bf-86f1-41af-91ab-2d7cd011db47\u0026skt=2023-01-17T23%3A58%3A03Z\u0026ske=2023-01-19T08%3A08%3A03Z\u0026sks=b\u0026skv=2019-07-07\u0026sv=2021-08-06\u0026st=2023-01-18T00%3A22%3A33Z\u0026se=2023-01-18T08%3A32%3A33Z\u0026sr=c\u0026sp=rcwl\u0026sig=oTldWVGFVlviKxuhMEhuNoYTjHSLse4%2F6SYm4J6bw54%3D",
      "RequestMethod": "HEAD",
      "RequestHeaders": {
        "Accept": "application/xml",
        "Accept-Encoding": "gzip, deflate",
        "Connection": "keep-alive",
        "User-Agent": "azsdk-python-storage-blob/12.14.1 Python/3.7.9 (Windows-10-10.0.22621-SP0)",
        "x-ms-date": "Wed, 18 Jan 2023 00:32:33 GMT",
        "x-ms-version": "2021-08-06"
      },
      "RequestBody": null,
      "StatusCode": 404,
      "ResponseHeaders": {
        "Date": "Wed, 18 Jan 2023 00:32:33 GMT",
        "Server": [
          "Windows-Azure-Blob/1.0",
          "Microsoft-HTTPAPI/2.0"
        ],
        "Transfer-Encoding": "chunked",
        "Vary": "Origin",
        "x-ms-error-code": "BlobNotFound",
        "x-ms-version": "2021-08-06"
      },
      "ResponseBody": null
    },
    {
      "RequestUri": "https://sadnuammrwdeilc.blob.core.windows.net/c33afa53-c-f745d9c5-b982-5977-a54a-63abf98e8d9a/COMPONENT_PLACEHOLDER?skoid=ab3f5d04-98db-441d-97a8-f558ea82f4ef\u0026sktid=72f988bf-86f1-41af-91ab-2d7cd011db47\u0026skt=2023-01-17T23%3A58%3A03Z\u0026ske=2023-01-19T08%3A08%3A03Z\u0026sks=b\u0026skv=2019-07-07\u0026sv=2021-08-06\u0026st=2023-01-18T00%3A22%3A33Z\u0026se=2023-01-18T08%3A32%3A33Z\u0026sr=c\u0026sp=rcwl\u0026sig=oTldWVGFVlviKxuhMEhuNoYTjHSLse4%2F6SYm4J6bw54%3D",
      "RequestMethod": "PUT",
      "RequestHeaders": {
        "Accept": "application/xml",
        "Accept-Encoding": "gzip, deflate",
        "Connection": "keep-alive",
        "Content-Length": "35",
        "Content-Type": "application/octet-stream",
        "If-None-Match": "*",
        "User-Agent": "azsdk-python-storage-blob/12.14.1 Python/3.7.9 (Windows-10-10.0.22621-SP0)",
        "x-ms-blob-type": "BlockBlob",
        "x-ms-date": "Wed, 18 Jan 2023 00:32:33 GMT",
        "x-ms-version": "2021-08-06"
      },
      "RequestBody": "Y29tbWFuZF9jb21wb25lbnQ6IGNvZGVfcGxhY2Vob2xkZXI=",
      "StatusCode": 201,
      "ResponseHeaders": {
        "Content-Length": "0",
        "Content-MD5": "L/DnSpFIn\u002BjaQWc\u002BsUQdcw==",
        "Date": "Wed, 18 Jan 2023 00:32:33 GMT",
        "ETag": "\u00220x8DAF8EB7DE30221\u0022",
        "Last-Modified": "Wed, 18 Jan 2023 00:32:33 GMT",
        "Server": [
          "Windows-Azure-Blob/1.0",
          "Microsoft-HTTPAPI/2.0"
        ],
        "x-ms-content-crc64": "KWRPkj\u002BQ\u002BTE=",
        "x-ms-request-server-encrypted": "true",
        "x-ms-version": "2021-08-06"
      },
      "ResponseBody": null
    },
    {
      "RequestUri": "https://sadnuammrwdeilc.blob.core.windows.net/c33afa53-c-f745d9c5-b982-5977-a54a-63abf98e8d9a/COMPONENT_PLACEHOLDER?comp=metadata\u0026skoid=ab3f5d04-98db-441d-97a8-f558ea82f4ef\u0026sktid=72f988bf-86f1-41af-91ab-2d7cd011db47\u0026skt=2023-01-17T23%3A58%3A03Z\u0026ske=2023-01-19T08%3A08%3A03Z\u0026sks=b\u0026skv=2019-07-07\u0026sv=2021-08-06\u0026st=2023-01-18T00%3A22%3A33Z\u0026se=2023-01-18T08%3A32%3A33Z\u0026sr=c\u0026sp=rcwl\u0026sig=oTldWVGFVlviKxuhMEhuNoYTjHSLse4%2F6SYm4J6bw54%3D",
      "RequestMethod": "PUT",
      "RequestHeaders": {
        "Accept": "application/xml",
        "Accept-Encoding": "gzip, deflate",
        "Connection": "keep-alive",
        "Content-Length": "0",
        "User-Agent": "azsdk-python-storage-blob/12.14.1 Python/3.7.9 (Windows-10-10.0.22621-SP0)",
        "x-ms-date": "Wed, 18 Jan 2023 00:32:34 GMT",
        "x-ms-meta-name": "000000000000000000000",
        "x-ms-meta-upload_status": "completed",
        "x-ms-meta-version": "1",
        "x-ms-version": "2021-08-06"
      },
      "RequestBody": null,
      "StatusCode": 200,
      "ResponseHeaders": {
        "Content-Length": "0",
        "Date": "Wed, 18 Jan 2023 00:32:33 GMT",
        "ETag": "\u00220x8DAF8EB7DF5EB18\u0022",
        "Last-Modified": "Wed, 18 Jan 2023 00:32:34 GMT",
        "Server": [
          "Windows-Azure-Blob/1.0",
          "Microsoft-HTTPAPI/2.0"
        ],
        "x-ms-request-server-encrypted": "true",
        "x-ms-version": "2021-08-06"
      },
      "ResponseBody": null
    },
    {
      "RequestUri": "https://management.azure.com/subscriptions/00000000-0000-0000-0000-000000000/resourceGroups/00000/providers/Microsoft.MachineLearningServices/workspaces/00000/codes/000000000000000000000/versions/1?api-version=2022-05-01",
      "RequestMethod": "PUT",
      "RequestHeaders": {
        "Accept": "application/json",
        "Accept-Encoding": "gzip, deflate",
        "Connection": "keep-alive",
        "Content-Length": "241",
        "Content-Type": "application/json",
        "User-Agent": "azure-ai-ml/1.4.0 azsdk-python-mgmt-machinelearningservices/0.1.0 Python/3.7.9 (Windows-10-10.0.22621-SP0)"
      },
      "RequestBody": {
        "properties": {
          "properties": {
            "hash_sha256": "0000000000000",
            "hash_version": "0000000000000"
          },
          "isAnonymous": true,
          "isArchived": false,
          "codeUri": "https://sadnuammrwdeilc.blob.core.windows.net:443/c33afa53-c-f745d9c5-b982-5977-a54a-63abf98e8d9a/"
        }
      },
      "StatusCode": 201,
      "ResponseHeaders": {
        "Cache-Control": "no-cache",
        "Content-Length": "754",
        "Content-Type": "application/json; charset=utf-8",
        "Date": "Wed, 18 Jan 2023 00:32:33 GMT",
        "Expires": "-1",
        "Location": "https://management.azure.com/subscriptions/00000000-0000-0000-0000-000000000/resourceGroups/00000/providers/Microsoft.MachineLearningServices/workspaces/00000/codes/000000000000000000000/versions/1?api-version=2022-05-01",
        "Pragma": "no-cache",
        "Request-Context": "appId=cid-v1:2d2e8e63-272e-4b3c-8598-4ee570a0e70d",
        "Server-Timing": "traceparent;desc=\u002200-898e880bbda074067a87c0fd0f7f4b95-7ff96a7e2fec4254-00\u0022",
        "Strict-Transport-Security": "max-age=31536000; includeSubDomains",
        "x-aml-cluster": "vienna-eastus2-02",
        "X-Content-Type-Options": "nosniff",
        "x-ms-correlation-request-id": "44e133ce-934d-41d5-9d12-0871c37890ab",
        "x-ms-ratelimit-remaining-subscription-writes": "1160",
        "x-ms-response-type": "standard",
        "x-ms-routing-request-id": "WESTUS2:20230118T003234Z:44e133ce-934d-41d5-9d12-0871c37890ab",
        "x-request-time": "0.244"
      },
      "ResponseBody": {
        "id": "/subscriptions/00000000-0000-0000-0000-000000000/resourceGroups/00000/providers/Microsoft.MachineLearningServices/workspaces/00000/codes/000000000000000000000/versions/1",
        "name": "1",
        "type": "Microsoft.MachineLearningServices/workspaces/codes/versions",
        "properties": {
          "description": null,
          "tags": {},
          "properties": {
            "hash_sha256": "0000000000000",
            "hash_version": "0000000000000"
          },
          "isArchived": false,
          "isAnonymous": false,
          "codeUri": "https://sadnuammrwdeilc.blob.core.windows.net:443/c33afa53-c-f745d9c5-b982-5977-a54a-63abf98e8d9a/"
        },
        "systemData": {
          "createdAt": "2023-01-18T00:32:34.4309113\u002B00:00",
          "createdBy": "Diondra Peck",
          "createdByType": "User",
          "lastModifiedAt": "2023-01-18T00:32:34.4309113\u002B00:00",
          "lastModifiedBy": "Diondra Peck",
          "lastModifiedByType": "User"
        }
      }
    },
    {
      "RequestUri": "https://management.azure.com/subscriptions/00000000-0000-0000-0000-000000000/resourceGroups/00000/providers/Microsoft.MachineLearningServices/workspaces/00000/components/test_192581122512/versions/foobar?api-version=2022-10-01",
      "RequestMethod": "PUT",
      "RequestHeaders": {
        "Accept": "application/json",
        "Accept-Encoding": "gzip, deflate",
        "Connection": "keep-alive",
        "Content-Length": "1272",
        "Content-Type": "application/json",
        "User-Agent": "azure-ai-ml/1.4.0 azsdk-python-mgmt-machinelearningservices/0.1.0 Python/3.7.9 (Windows-10-10.0.22621-SP0)"
      },
      "RequestBody": {
        "properties": {
          "description": "This is the basic command component",
          "properties": {},
          "tags": {
            "tag": "tagvalue",
            "owner": "sdkteam"
          },
          "isAnonymous": false,
          "isArchived": false,
          "componentSpec": {
            "command": "echo Hello World \u0026 echo $[[${{inputs.component_in_number}}]] \u0026 echo ${{inputs.component_in_path}} \u0026 echo ${{outputs.component_out_path}} \u003E ${{outputs.component_out_path}}/component_in_number",
            "code": "azureml:/subscriptions/00000000-0000-0000-0000-000000000/resourceGroups/00000/providers/Microsoft.MachineLearningServices/workspaces/00000/codes/000000000000000000000/versions/1",
            "environment": "azureml:AzureML-sklearn-0.24-ubuntu18.04-py37-cpu:1",
            "name": "test_192581122512",
            "description": "This is the basic command component",
            "tags": {
              "tag": "tagvalue",
              "owner": "sdkteam"
            },
            "version": "foobar",
            "$schema": "https://azuremlschemas.azureedge.net/development/commandComponent.schema.json",
            "display_name": "CommandComponentBasic",
            "is_deterministic": true,
            "inputs": {
              "component_in_number": {
                "type": "number",
                "optional": true,
                "default": "10.99",
                "description": "A number"
              },
              "component_in_path": {
                "type": "uri_folder",
                "description": "A path"
              }
            },
            "outputs": {
              "component_out_path": {
                "type": "uri_folder"
              }
            },
            "type": "command",
            "_source": "YAML.COMPONENT"
          }
        }
      },
      "StatusCode": 201,
      "ResponseHeaders": {
        "Cache-Control": "no-cache",
        "Content-Length": "2200",
        "Content-Type": "application/json; charset=utf-8",
        "Date": "Wed, 18 Jan 2023 00:32:36 GMT",
        "Expires": "-1",
        "Location": "https://management.azure.com/subscriptions/00000000-0000-0000-0000-000000000/resourceGroups/00000/providers/Microsoft.MachineLearningServices/workspaces/00000/components/test_192581122512/versions/foobar?api-version=2022-10-01",
        "Pragma": "no-cache",
        "Request-Context": "appId=cid-v1:2d2e8e63-272e-4b3c-8598-4ee570a0e70d",
        "Server-Timing": "traceparent;desc=\u002200-d8f52f411528cc271e56fdcfba46ccdc-13c77dfc879eeefa-00\u0022",
        "Strict-Transport-Security": "max-age=31536000; includeSubDomains",
        "x-aml-cluster": "vienna-eastus2-02",
        "X-Content-Type-Options": "nosniff",
        "x-ms-correlation-request-id": "0b133829-1f13-4cdc-ba31-9e2c26254a6a",
        "x-ms-ratelimit-remaining-subscription-writes": "1159",
        "x-ms-response-type": "standard",
        "x-ms-routing-request-id": "WESTUS2:20230118T003237Z:0b133829-1f13-4cdc-ba31-9e2c26254a6a",
        "x-request-time": "0.469"
      },
      "ResponseBody": {
        "id": "/subscriptions/00000000-0000-0000-0000-000000000/resourceGroups/00000/providers/Microsoft.MachineLearningServices/workspaces/00000/components/test_192581122512/versions/foobar",
        "name": "foobar",
        "type": "Microsoft.MachineLearningServices/workspaces/components/versions",
        "properties": {
          "description": null,
          "tags": {
            "tag": "tagvalue",
            "owner": "sdkteam"
          },
          "properties": {},
          "isArchived": false,
          "isAnonymous": false,
          "componentSpec": {
            "name": "test_192581122512",
            "version": "foobar",
            "display_name": "CommandComponentBasic",
            "is_deterministic": "True",
            "type": "command",
            "description": "This is the basic command component",
            "tags": {
              "tag": "tagvalue",
              "owner": "sdkteam"
            },
            "inputs": {
              "component_in_path": {
                "type": "uri_folder",
                "optional": "False",
                "description": "A path"
              },
              "component_in_number": {
                "type": "number",
                "optional": "True",
                "default": "10.99",
                "description": "A number"
              }
            },
            "outputs": {
              "component_out_path": {
                "type": "uri_folder"
              }
            },
            "code": "azureml:/subscriptions/00000000-0000-0000-0000-000000000/resourceGroups/00000/providers/Microsoft.MachineLearningServices/workspaces/00000/codes/000000000000000000000/versions/1",
            "environment": "azureml://registries/azureml/environments/AzureML-sklearn-0.24-ubuntu18.04-py37-cpu/versions/1",
            "resources": {
              "instance_count": "1"
            },
            "command": "echo Hello World \u0026 echo $[[${{inputs.component_in_number}}]] \u0026 echo ${{inputs.component_in_path}} \u0026 echo ${{outputs.component_out_path}} \u003E ${{outputs.component_out_path}}/component_in_number",
            "$schema": "https://azuremlschemas.azureedge.net/development/commandComponent.schema.json"
          }
        },
        "systemData": {
          "createdAt": "2023-01-18T00:32:36.9295017\u002B00:00",
          "createdBy": "Diondra Peck",
          "createdByType": "User",
          "lastModifiedAt": "2023-01-18T00:32:36.9902039\u002B00:00",
          "lastModifiedBy": "Diondra Peck",
          "lastModifiedByType": "User"
        }
      }
    },
    {
      "RequestUri": "https://management.azure.com/subscriptions/00000000-0000-0000-0000-000000000/resourceGroups/00000/providers/Microsoft.MachineLearningServices/workspaces/00000/computes/cpu-cluster?api-version=2022-10-01-preview",
      "RequestMethod": "GET",
      "RequestHeaders": {
        "Accept": "application/json",
        "Accept-Encoding": "gzip, deflate",
        "Connection": "keep-alive",
        "User-Agent": "azure-ai-ml/1.4.0 azsdk-python-mgmt-machinelearningservices/0.1.0 Python/3.7.9 (Windows-10-10.0.22621-SP0)"
      },
      "RequestBody": null,
      "StatusCode": 200,
      "ResponseHeaders": {
        "Cache-Control": "no-cache",
        "Content-Encoding": "gzip",
        "Content-Type": "application/json; charset=utf-8",
        "Date": "Wed, 18 Jan 2023 00:32:49 GMT",
        "Expires": "-1",
        "Pragma": "no-cache",
        "Request-Context": "appId=cid-v1:2d2e8e63-272e-4b3c-8598-4ee570a0e70d",
        "Server-Timing": "traceparent;desc=\u002200-72f7a02cc822aaf1de4ecca440c8a9c4-b204af541207e4c8-00\u0022",
        "Strict-Transport-Security": "max-age=31536000; includeSubDomains",
        "Transfer-Encoding": "chunked",
        "Vary": [
          "Accept-Encoding",
          "Accept-Encoding"
        ],
        "x-aml-cluster": "vienna-eastus2-01",
        "X-Content-Type-Options": "nosniff",
        "x-ms-correlation-request-id": "1001d2a2-43e6-4e32-99e4-20dafac352ab",
        "x-ms-ratelimit-remaining-subscription-reads": "11961",
        "x-ms-response-type": "standard",
        "x-ms-routing-request-id": "WESTUS2:20230118T003249Z:1001d2a2-43e6-4e32-99e4-20dafac352ab",
        "x-request-time": "0.031"
      },
      "ResponseBody": {
        "id": "/subscriptions/00000000-0000-0000-0000-000000000/resourceGroups/00000/providers/Microsoft.MachineLearningServices/workspaces/00000/computes/cpu-cluster",
        "name": "cpu-cluster",
        "type": "Microsoft.MachineLearningServices/workspaces/computes",
        "location": "eastus2",
        "tags": {},
        "properties": {
          "createdOn": "2023-01-17T23:08:25.7828961\u002B00:00",
          "modifiedOn": "2023-01-17T23:08:29.3676077\u002B00:00",
          "disableLocalAuth": false,
          "description": null,
          "resourceId": null,
          "computeType": "AmlCompute",
          "computeLocation": "eastus2",
          "provisioningState": "Succeeded",
          "provisioningErrors": null,
          "isAttachedCompute": false,
          "properties": {
            "vmSize": "STANDARD_DS2_V2",
            "vmPriority": "Dedicated",
            "scaleSettings": {
              "maxNodeCount": 4,
              "minNodeCount": 0,
              "nodeIdleTimeBeforeScaleDown": "PT2M"
            },
            "subnet": null,
            "currentNodeCount": 4,
            "targetNodeCount": 4,
            "nodeStateCounts": {
              "preparingNodeCount": 3,
              "runningNodeCount": 1,
              "idleNodeCount": 0,
              "unusableNodeCount": 0,
              "leavingNodeCount": 0,
              "preemptedNodeCount": 0
            },
            "allocationState": "Steady",
            "allocationStateTransitionTime": "2023-01-18T00:30:11.795\u002B00:00",
            "errors": null,
            "remoteLoginPortPublicAccess": "Enabled",
            "osType": "Linux",
            "virtualMachineImage": null,
            "isolatedNetwork": false,
            "propertyBag": {}
          }
        }
      }
    },
    {
      "RequestUri": "https://management.azure.com/subscriptions/00000000-0000-0000-0000-000000000/resourceGroups/00000/providers/Microsoft.MachineLearningServices/workspaces/00000/computes/cpu-cluster?api-version=2022-10-01-preview",
      "RequestMethod": "GET",
      "RequestHeaders": {
        "Accept": "application/json",
        "Accept-Encoding": "gzip, deflate",
        "Connection": "keep-alive",
        "User-Agent": "azure-ai-ml/1.4.0 azsdk-python-mgmt-machinelearningservices/0.1.0 Python/3.7.9 (Windows-10-10.0.22621-SP0)"
      },
      "RequestBody": null,
      "StatusCode": 200,
      "ResponseHeaders": {
        "Cache-Control": "no-cache",
        "Content-Encoding": "gzip",
        "Content-Type": "application/json; charset=utf-8",
        "Date": "Wed, 18 Jan 2023 00:32:50 GMT",
        "Expires": "-1",
        "Pragma": "no-cache",
        "Request-Context": "appId=cid-v1:2d2e8e63-272e-4b3c-8598-4ee570a0e70d",
        "Server-Timing": "traceparent;desc=\u002200-a3c0ab1e0d9c511a35ba77b03cfd7201-b40b14d308eb2c5a-00\u0022",
        "Strict-Transport-Security": "max-age=31536000; includeSubDomains",
        "Transfer-Encoding": "chunked",
        "Vary": [
          "Accept-Encoding",
          "Accept-Encoding"
        ],
        "x-aml-cluster": "vienna-eastus2-01",
        "X-Content-Type-Options": "nosniff",
        "x-ms-correlation-request-id": "c3c1dfe7-0c37-4576-9e1e-1bfb75f114b7",
        "x-ms-ratelimit-remaining-subscription-reads": "11960",
        "x-ms-response-type": "standard",
        "x-ms-routing-request-id": "WESTUS2:20230118T003250Z:c3c1dfe7-0c37-4576-9e1e-1bfb75f114b7",
        "x-request-time": "0.049"
      },
      "ResponseBody": {
        "id": "/subscriptions/00000000-0000-0000-0000-000000000/resourceGroups/00000/providers/Microsoft.MachineLearningServices/workspaces/00000/computes/cpu-cluster",
        "name": "cpu-cluster",
        "type": "Microsoft.MachineLearningServices/workspaces/computes",
        "location": "eastus2",
        "tags": {},
        "properties": {
          "createdOn": "2023-01-17T23:08:25.7828961\u002B00:00",
          "modifiedOn": "2023-01-17T23:08:29.3676077\u002B00:00",
          "disableLocalAuth": false,
          "description": null,
          "resourceId": null,
          "computeType": "AmlCompute",
          "computeLocation": "eastus2",
          "provisioningState": "Succeeded",
          "provisioningErrors": null,
          "isAttachedCompute": false,
          "properties": {
            "vmSize": "STANDARD_DS2_V2",
            "vmPriority": "Dedicated",
            "scaleSettings": {
              "maxNodeCount": 4,
              "minNodeCount": 0,
              "nodeIdleTimeBeforeScaleDown": "PT2M"
            },
            "subnet": null,
            "currentNodeCount": 4,
            "targetNodeCount": 4,
            "nodeStateCounts": {
              "preparingNodeCount": 3,
              "runningNodeCount": 1,
              "idleNodeCount": 0,
              "unusableNodeCount": 0,
              "leavingNodeCount": 0,
              "preemptedNodeCount": 0
            },
            "allocationState": "Steady",
            "allocationStateTransitionTime": "2023-01-18T00:30:11.795\u002B00:00",
            "errors": null,
            "remoteLoginPortPublicAccess": "Enabled",
            "osType": "Linux",
            "virtualMachineImage": null,
            "isolatedNetwork": false,
            "propertyBag": {}
          }
        }
      }
    },
    {
      "RequestUri": "https://management.azure.com/subscriptions/00000000-0000-0000-0000-000000000/resourceGroups/00000/providers/Microsoft.MachineLearningServices/workspaces/00000/components/test_192581122512/versions?api-version=2022-10-01\u0026$orderBy=createdtime%20desc\u0026$top=1",
      "RequestMethod": "GET",
      "RequestHeaders": {
        "Accept": "application/json",
        "Accept-Encoding": "gzip, deflate",
        "Connection": "keep-alive",
        "User-Agent": "azure-ai-ml/1.4.0 azsdk-python-mgmt-machinelearningservices/0.1.0 Python/3.7.9 (Windows-10-10.0.22621-SP0)"
      },
      "RequestBody": null,
      "StatusCode": 200,
      "ResponseHeaders": {
        "Cache-Control": "no-cache",
        "Content-Encoding": "gzip",
        "Content-Type": "application/json; charset=utf-8",
        "Date": "Wed, 18 Jan 2023 00:32:50 GMT",
        "Expires": "-1",
        "Pragma": "no-cache",
        "Request-Context": "appId=cid-v1:2d2e8e63-272e-4b3c-8598-4ee570a0e70d",
        "Server-Timing": "traceparent;desc=\u002200-c4fb9b18d1b61c9c21fcf78e4a993836-b7715915c3572b47-00\u0022",
        "Strict-Transport-Security": "max-age=31536000; includeSubDomains",
        "Transfer-Encoding": "chunked",
        "Vary": [
          "Accept-Encoding",
          "Accept-Encoding"
        ],
        "x-aml-cluster": "vienna-eastus2-02",
        "X-Content-Type-Options": "nosniff",
        "x-ms-correlation-request-id": "e1feae9d-45fe-4aad-9102-7b1f3bc8221c",
        "x-ms-ratelimit-remaining-subscription-reads": "11959",
        "x-ms-response-type": "standard",
        "x-ms-routing-request-id": "WESTUS2:20230118T003250Z:e1feae9d-45fe-4aad-9102-7b1f3bc8221c",
        "x-request-time": "0.171"
      },
      "ResponseBody": {
        "value": [
          {
            "id": "/subscriptions/00000000-0000-0000-0000-000000000/resourceGroups/00000/providers/Microsoft.MachineLearningServices/workspaces/00000/components/test_192581122512/versions/foobar",
            "name": "foobar",
            "type": "Microsoft.MachineLearningServices/workspaces/components/versions",
            "properties": {
              "description": null,
              "tags": {
                "tag": "tagvalue",
                "owner": "sdkteam"
              },
              "properties": {},
              "isArchived": false,
              "isAnonymous": false,
              "componentSpec": {
                "name": "test_192581122512",
                "version": "foobar",
                "display_name": "CommandComponentBasic",
                "is_deterministic": "True",
                "type": "command",
                "description": "This is the basic command component",
                "tags": {
                  "tag": "tagvalue",
                  "owner": "sdkteam"
                },
                "inputs": {
                  "component_in_path": {
                    "type": "uri_folder",
                    "optional": "False",
                    "description": "A path"
                  },
                  "component_in_number": {
                    "type": "number",
                    "optional": "True",
                    "default": "10.99",
                    "description": "A number"
                  }
                },
                "outputs": {
                  "component_out_path": {
                    "type": "uri_folder"
                  }
                },
                "code": "azureml:/subscriptions/00000000-0000-0000-0000-000000000/resourceGroups/00000/providers/Microsoft.MachineLearningServices/workspaces/00000/codes/000000000000000000000/versions/1",
                "environment": "azureml://registries/azureml/environments/AzureML-sklearn-0.24-ubuntu18.04-py37-cpu/versions/1",
                "resources": {
                  "instance_count": "1"
                },
                "command": "echo Hello World \u0026 echo $[[${{inputs.component_in_number}}]] \u0026 echo ${{inputs.component_in_path}} \u0026 echo ${{outputs.component_out_path}} \u003E ${{outputs.component_out_path}}/component_in_number",
                "$schema": "https://azuremlschemas.azureedge.net/development/commandComponent.schema.json"
              }
            },
            "systemData": {
              "createdAt": "2023-01-18T00:32:36.9295017\u002B00:00",
              "createdBy": "Diondra Peck",
              "createdByType": "User",
              "lastModifiedAt": "2023-01-18T00:32:36.9902039\u002B00:00",
              "lastModifiedBy": "Diondra Peck",
              "lastModifiedByType": "User"
            }
          }
        ],
        "nextLink": "https://management.azure.com/subscriptions/00000000-0000-0000-0000-000000000/resourceGroups/00000/providers/Microsoft.MachineLearningServices/workspaces/00000/components/test_192581122512/versions?api-version=2022-10-01\u0026$orderBy=createdtime\u002Bdesc\u0026$top=1\u0026$skipToken=H4sIAAAAAAAAAz2MMQqAMAxF75LZRXDqWhEcdLEXCBgxWBLRFATp3aUdnB7_wX8vLDtea9AKr2IsCY1Vgh4k4F6YUjQ2EhQrc6bHloNPcG0D411_vQqB2zDe1EDPa5UDcvxlUMPoNZVGl3P-APPBkTd4AAAA"
      }
    },
    {
      "RequestUri": "https://management.azure.com/subscriptions/00000000-0000-0000-0000-000000000/resourceGroups/00000/providers/Microsoft.MachineLearningServices/workspaces/00000/datastores/workspaceblobstore?api-version=2022-10-01",
      "RequestMethod": "GET",
      "RequestHeaders": {
        "Accept": "application/json",
        "Accept-Encoding": "gzip, deflate",
        "Connection": "keep-alive",
        "User-Agent": "azure-ai-ml/1.4.0 azsdk-python-mgmt-machinelearningservices/0.1.0 Python/3.7.9 (Windows-10-10.0.22621-SP0)"
      },
      "RequestBody": null,
      "StatusCode": 200,
      "ResponseHeaders": {
        "Cache-Control": "no-cache",
        "Content-Encoding": "gzip",
        "Content-Type": "application/json; charset=utf-8",
        "Date": "Wed, 18 Jan 2023 00:32:51 GMT",
        "Expires": "-1",
        "Pragma": "no-cache",
        "Request-Context": "appId=cid-v1:2d2e8e63-272e-4b3c-8598-4ee570a0e70d",
        "Server-Timing": "traceparent;desc=\u002200-6869ce91246ba3cedb51c989a1d98a72-1716a4aaeed9a0e7-00\u0022",
        "Strict-Transport-Security": "max-age=31536000; includeSubDomains",
        "Transfer-Encoding": "chunked",
        "Vary": [
          "Accept-Encoding",
          "Accept-Encoding"
        ],
        "x-aml-cluster": "vienna-eastus2-02",
        "X-Content-Type-Options": "nosniff",
        "x-ms-correlation-request-id": "bae8303e-44e4-4961-880e-1681b22017ec",
        "x-ms-ratelimit-remaining-subscription-reads": "11958",
        "x-ms-response-type": "standard",
        "x-ms-routing-request-id": "WESTUS2:20230118T003251Z:bae8303e-44e4-4961-880e-1681b22017ec",
        "x-request-time": "0.131"
      },
      "ResponseBody": {
        "id": "/subscriptions/00000000-0000-0000-0000-000000000/resourceGroups/00000/providers/Microsoft.MachineLearningServices/workspaces/00000/datastores/workspaceblobstore",
        "name": "workspaceblobstore",
        "type": "Microsoft.MachineLearningServices/workspaces/datastores",
        "properties": {
          "description": null,
          "tags": null,
          "properties": null,
          "isDefault": true,
          "credentials": {
            "credentialsType": "AccountKey"
          },
          "datastoreType": "AzureBlob",
          "accountName": "sadnuammrwdeilc",
          "containerName": "azureml-blobstore-c33afa53-cead-40f1-8d1d-ac5976604612",
          "endpoint": "core.windows.net",
          "protocol": "https",
          "serviceDataAccessAuthIdentity": "WorkspaceSystemAssignedIdentity"
        },
        "systemData": {
          "createdAt": "2023-01-17T23:08:21.8676998\u002B00:00",
          "createdBy": "779301c0-18b2-4cdc-801b-a0a3368fee0a",
          "createdByType": "Application",
          "lastModifiedAt": "2023-01-17T23:08:22.378308\u002B00:00",
          "lastModifiedBy": "779301c0-18b2-4cdc-801b-a0a3368fee0a",
          "lastModifiedByType": "Application"
        }
      }
    },
    {
      "RequestUri": "https://management.azure.com/subscriptions/00000000-0000-0000-0000-000000000/resourceGroups/00000/providers/Microsoft.MachineLearningServices/workspaces/00000/datastores/workspaceblobstore/listSecrets?api-version=2022-10-01",
      "RequestMethod": "POST",
      "RequestHeaders": {
        "Accept": "application/json",
        "Accept-Encoding": "gzip, deflate",
        "Connection": "keep-alive",
        "Content-Length": "0",
        "User-Agent": "azure-ai-ml/1.4.0 azsdk-python-mgmt-machinelearningservices/0.1.0 Python/3.7.9 (Windows-10-10.0.22621-SP0)"
      },
      "RequestBody": null,
      "StatusCode": 200,
      "ResponseHeaders": {
        "Cache-Control": "no-cache",
        "Content-Encoding": "gzip",
        "Content-Type": "application/json; charset=utf-8",
        "Date": "Wed, 18 Jan 2023 00:32:51 GMT",
        "Expires": "-1",
        "Pragma": "no-cache",
        "Request-Context": "appId=cid-v1:2d2e8e63-272e-4b3c-8598-4ee570a0e70d",
        "Server-Timing": "traceparent;desc=\u002200-388abd89e1a2cfb17d9ee2f084ae93c0-410667112d2e8dc4-00\u0022",
        "Strict-Transport-Security": "max-age=31536000; includeSubDomains",
        "Transfer-Encoding": "chunked",
        "Vary": "Accept-Encoding",
        "x-aml-cluster": "vienna-eastus2-02",
        "X-Content-Type-Options": "nosniff",
        "x-ms-correlation-request-id": "c3347675-7b81-4f81-9d92-6e205b5d94c6",
        "x-ms-ratelimit-remaining-subscription-writes": "1190",
        "x-ms-response-type": "standard",
        "x-ms-routing-request-id": "WESTUS2:20230118T003251Z:c3347675-7b81-4f81-9d92-6e205b5d94c6",
        "x-request-time": "0.076"
      },
      "ResponseBody": {
        "secretsType": "AccountKey",
        "key": "dGhpcyBpcyBmYWtlIGtleQ=="
      }
    },
    {
      "RequestUri": "https://sadnuammrwdeilc.blob.core.windows.net/azureml-blobstore-c33afa53-cead-40f1-8d1d-ac5976604612/LocalUpload/00000000000000000000000000000000/data/sample1.csv",
      "RequestMethod": "HEAD",
      "RequestHeaders": {
        "Accept": "application/xml",
        "Accept-Encoding": "gzip, deflate",
        "Connection": "keep-alive",
        "User-Agent": "azsdk-python-storage-blob/12.14.1 Python/3.7.9 (Windows-10-10.0.22621-SP0)",
        "x-ms-date": "Wed, 18 Jan 2023 00:32:51 GMT",
        "x-ms-version": "2021-08-06"
      },
      "RequestBody": null,
      "StatusCode": 200,
      "ResponseHeaders": {
        "Accept-Ranges": "bytes",
        "Content-Length": "499",
        "Content-MD5": "kD7N5\u002BygjTfbYTFhyEo7RA==",
        "Content-Type": "application/octet-stream",
        "Date": "Wed, 18 Jan 2023 00:32:51 GMT",
        "ETag": "\u00220x8DAF8E960E8A3F1\u0022",
        "Last-Modified": "Wed, 18 Jan 2023 00:17:26 GMT",
        "Server": [
          "Windows-Azure-Blob/1.0",
          "Microsoft-HTTPAPI/2.0"
        ],
        "Vary": "Origin",
        "x-ms-access-tier": "Hot",
        "x-ms-access-tier-inferred": "true",
        "x-ms-blob-type": "BlockBlob",
        "x-ms-creation-time": "Wed, 18 Jan 2023 00:17:26 GMT",
        "x-ms-lease-state": "available",
        "x-ms-lease-status": "unlocked",
        "x-ms-meta-name": "799bfea1-e055-4775-831c-2cb11412d704",
        "x-ms-meta-upload_status": "completed",
        "x-ms-meta-version": "f835a1ea-9a30-41ff-921c-e217f2637880",
        "x-ms-server-encrypted": "true",
        "x-ms-version": "2021-08-06"
      },
      "ResponseBody": null
    },
    {
      "RequestUri": "https://sadnuammrwdeilc.blob.core.windows.net/azureml-blobstore-c33afa53-cead-40f1-8d1d-ac5976604612/az-ml-artifacts/00000000000000000000000000000000/data/sample1.csv",
      "RequestMethod": "HEAD",
      "RequestHeaders": {
        "Accept": "application/xml",
        "Accept-Encoding": "gzip, deflate",
        "Connection": "keep-alive",
        "User-Agent": "azsdk-python-storage-blob/12.14.1 Python/3.7.9 (Windows-10-10.0.22621-SP0)",
        "x-ms-date": "Wed, 18 Jan 2023 00:32:51 GMT",
        "x-ms-version": "2021-08-06"
      },
      "RequestBody": null,
      "StatusCode": 404,
      "ResponseHeaders": {
        "Date": "Wed, 18 Jan 2023 00:32:51 GMT",
        "Server": [
          "Windows-Azure-Blob/1.0",
          "Microsoft-HTTPAPI/2.0"
        ],
        "Transfer-Encoding": "chunked",
        "Vary": "Origin",
        "x-ms-error-code": "BlobNotFound",
        "x-ms-version": "2021-08-06"
      },
      "ResponseBody": null
    },
    {
      "RequestUri": "https://management.azure.com/subscriptions/00000000-0000-0000-0000-000000000/resourceGroups/00000/providers/Microsoft.MachineLearningServices/workspaces/00000/jobs/test_893023986293?api-version=2022-10-01-preview",
      "RequestMethod": "PUT",
      "RequestHeaders": {
        "Accept": "application/json",
        "Accept-Encoding": "gzip, deflate",
        "Connection": "keep-alive",
        "Content-Length": "1465",
        "Content-Type": "application/json",
        "User-Agent": "azure-ai-ml/1.4.0 azsdk-python-mgmt-machinelearningservices/0.1.0 Python/3.7.9 (Windows-10-10.0.22621-SP0)"
      },
      "RequestBody": {
        "properties": {
          "description": "The hello world pipeline job with file inline components",
          "properties": {},
          "tags": {
            "tag": "tagvalue",
            "owner": "sdkteam"
          },
          "computeId": "/subscriptions/00000000-0000-0000-0000-000000000/resourceGroups/00000/providers/Microsoft.MachineLearningServices/workspaces/00000/computes/cpu-cluster",
          "displayName": "test_893023986293",
          "experimentName": "azure-ai-ml",
          "isArchived": false,
          "jobType": "Pipeline",
          "inputs": {
            "job_in_number": {
              "jobInputType": "literal",
              "value": "10"
            },
            "job_in_path": {
              "mode": "ReadOnlyMount",
              "uri": "azureml://datastores/workspaceblobstore/paths/LocalUpload/00000000000000000000000000000000/data/",
              "jobInputType": "uri_folder"
            }
          },
          "jobs": {
            "hello_world_component_inline_file": {
              "name": "hello_world_component_inline_file",
              "type": "command",
              "computeId": "/subscriptions/00000000-0000-0000-0000-000000000/resourceGroups/00000/providers/Microsoft.MachineLearningServices/workspaces/00000/computes/cpu-cluster",
              "inputs": {
                "component_in_number": {
                  "job_input_type": "literal",
                  "value": "${{parent.inputs.job_in_number}}"
                },
                "component_in_path": {
                  "job_input_type": "literal",
                  "value": "${{parent.inputs.job_in_path}}"
                }
              },
              "_source": "REMOTE.WORKSPACE.COMPONENT",
              "componentId": "/subscriptions/00000000-0000-0000-0000-000000000/resourceGroups/00000/providers/Microsoft.MachineLearningServices/workspaces/00000/components/test_192581122512/versions/foobar"
            }
          },
          "outputs": {},
          "settings": {
            "_source": "YAML.JOB"
          }
        }
      },
      "StatusCode": 201,
      "ResponseHeaders": {
        "Cache-Control": "no-cache",
        "Content-Length": "3582",
        "Content-Type": "application/json; charset=utf-8",
        "Date": "Wed, 18 Jan 2023 00:32:54 GMT",
        "Expires": "-1",
        "Location": "https://management.azure.com/subscriptions/00000000-0000-0000-0000-000000000/resourceGroups/00000/providers/Microsoft.MachineLearningServices/workspaces/00000/jobs/test_893023986293?api-version=2022-10-01-preview",
        "Pragma": "no-cache",
        "Request-Context": "appId=cid-v1:2d2e8e63-272e-4b3c-8598-4ee570a0e70d",
        "Server-Timing": "traceparent;desc=\u002200-fecd3695ed3fed98a914d40b85db9c61-9a765c1eec51bd98-00\u0022",
        "Strict-Transport-Security": "max-age=31536000; includeSubDomains",
        "x-aml-cluster": "vienna-eastus2-02",
        "X-Content-Type-Options": "nosniff",
        "x-ms-correlation-request-id": "d4ed851f-08fa-4205-95da-716fb24b2909",
        "x-ms-ratelimit-remaining-subscription-writes": "1158",
        "x-ms-response-type": "standard",
        "x-ms-routing-request-id": "WESTUS2:20230118T003254Z:d4ed851f-08fa-4205-95da-716fb24b2909",
        "x-request-time": "1.449"
      },
      "ResponseBody": {
        "id": "/subscriptions/00000000-0000-0000-0000-000000000/resourceGroups/00000/providers/Microsoft.MachineLearningServices/workspaces/00000/jobs/test_893023986293",
        "name": "test_893023986293",
        "type": "Microsoft.MachineLearningServices/workspaces/jobs",
        "properties": {
          "description": "The hello world pipeline job with file inline components",
          "tags": {
            "tag": "tagvalue",
            "owner": "sdkteam"
          },
          "properties": {
            "azureml.DevPlatv2": "true",
            "azureml.runsource": "azureml.PipelineRun",
            "runSource": "MFE",
            "runType": "HTTP",
            "azureml.parameters": "{\u0022job_in_number\u0022:\u002210\u0022}",
            "azureml.continue_on_step_failure": "False",
            "azureml.continue_on_failed_optional_input": "True",
            "azureml.defaultComputeName": "cpu-cluster",
            "azureml.defaultDataStoreName": "workspaceblobstore",
            "azureml.pipelineComponent": "pipelinerun"
          },
          "displayName": "test_893023986293",
          "status": "Preparing",
          "experimentName": "azure-ai-ml",
          "services": {
            "Tracking": {
              "jobServiceType": "Tracking",
              "port": null,
              "endpoint": "azureml://eastus2.api.azureml.ms/mlflow/v1.0/subscriptions/00000000-0000-0000-0000-000000000/resourceGroups/00000/providers/Microsoft.MachineLearningServices/workspaces/00000?",
              "status": null,
              "errorMessage": null,
              "properties": null,
              "nodes": null
            },
            "Studio": {
              "jobServiceType": "Studio",
              "port": null,
              "endpoint": "https://ml.azure.com/runs/test_893023986293?wsid=/subscriptions/00000000-0000-0000-0000-000000000/resourcegroups/00000/workspaces/00000",
              "status": null,
              "errorMessage": null,
              "properties": null,
              "nodes": null
            }
          },
          "computeId": "/subscriptions/00000000-0000-0000-0000-000000000/resourceGroups/00000/providers/Microsoft.MachineLearningServices/workspaces/00000/computes/cpu-cluster",
          "isArchived": false,
          "identity": null,
          "componentId": null,
          "jobType": "Pipeline",
          "settings": {
            "_source": "YAML.JOB"
          },
          "jobs": {
            "hello_world_component_inline_file": {
              "name": "hello_world_component_inline_file",
              "type": "command",
              "computeId": "/subscriptions/00000000-0000-0000-0000-000000000/resourceGroups/00000/providers/Microsoft.MachineLearningServices/workspaces/00000/computes/cpu-cluster",
              "inputs": {
                "component_in_number": {
                  "job_input_type": "literal",
                  "value": "${{parent.inputs.job_in_number}}"
                },
                "component_in_path": {
                  "job_input_type": "literal",
                  "value": "${{parent.inputs.job_in_path}}"
                }
              },
              "_source": "REMOTE.WORKSPACE.COMPONENT",
              "componentId": "/subscriptions/00000000-0000-0000-0000-000000000/resourceGroups/00000/providers/Microsoft.MachineLearningServices/workspaces/00000/components/test_192581122512/versions/foobar"
            }
          },
          "inputs": {
            "job_in_number": {
              "description": null,
              "jobInputType": "literal",
              "value": "10"
            },
            "job_in_path": {
              "description": null,
              "uri": "azureml://datastores/workspaceblobstore/paths/LocalUpload/00000000000000000000000000000000/data/",
              "mode": "ReadOnlyMount",
              "jobInputType": "uri_folder"
            }
          },
          "outputs": {},
          "sourceJobId": null
        },
        "systemData": {
          "createdAt": "2023-01-18T00:32:53.7499445\u002B00:00",
          "createdBy": "Diondra Peck",
          "createdByType": "User"
        }
      }
    }
  ],
  "Variables": {
    "component_name": "test_192581122512",
    "job_name": "test_893023986293"
  }
}
