{
  "Entries": [
    {
      "RequestUri": "https://management.azure.com/subscriptions/00000000-0000-0000-0000-000000000/resourceGroups/00000/providers/Microsoft.MachineLearningServices/workspaces/00000/computes/gpu-cluster?api-version=2022-01-01-preview",
      "RequestMethod": "GET",
      "RequestHeaders": {
        "Accept": "application/json",
        "Accept-Encoding": "gzip, deflate",
        "Connection": "keep-alive",
        "User-Agent": "azure-ai-ml/0.0.139 azsdk-python-mgmt-machinelearningservices/0.1.0 Python/3.9.13 (Windows-10-10.0.22622-SP0)"
      },
      "RequestBody": null,
      "StatusCode": 200,
      "ResponseHeaders": {
        "Cache-Control": "no-cache",
        "Content-Encoding": "gzip",
        "Content-Type": "application/json; charset=utf-8",
        "Date": "Fri, 23 Sep 2022 18:37:55 GMT",
        "Expires": "-1",
        "Pragma": "no-cache",
        "Request-Context": "appId=cid-v1:2d2e8e63-272e-4b3c-8598-4ee570a0e70d",
        "Server-Timing": "traceparent;desc=\u002200-e7e07a40b51422bcce20d2b0a703b061-8ec0957abb05858b-01\u0022",
        "Strict-Transport-Security": "max-age=31536000; includeSubDomains",
        "Transfer-Encoding": "chunked",
        "Vary": [
          "Accept-Encoding",
          "Accept-Encoding"
        ],
        "x-aml-cluster": "vienna-eastus2-02",
        "X-Content-Type-Options": "nosniff",
        "x-ms-correlation-request-id": "e09f20ec-5b28-465f-b167-218311cdbdd3",
        "x-ms-ratelimit-remaining-subscription-reads": "11977",
        "x-ms-response-type": "standard",
        "x-ms-routing-request-id": "SOUTHEASTASIA:20220923T183755Z:e09f20ec-5b28-465f-b167-218311cdbdd3",
        "x-request-time": "0.034"
      },
      "ResponseBody": {
        "id": "/subscriptions/00000000-0000-0000-0000-000000000/resourceGroups/00000/providers/Microsoft.MachineLearningServices/workspaces/00000/computes/gpu-cluster",
        "name": "gpu-cluster",
        "type": "Microsoft.MachineLearningServices/workspaces/computes",
        "location": "eastus2",
        "tags": {},
        "properties": {
          "createdOn": "2022-09-22T03:11:29.7706914\u002B00:00",
          "modifiedOn": "2022-09-22T03:11:30.2032599\u002B00:00",
          "disableLocalAuth": false,
          "description": null,
          "resourceId": null,
          "computeType": "AmlCompute",
          "computeLocation": "eastus2",
          "provisioningState": "Failed",
          "provisioningErrors": [
            {
              "error": {
                "code": "VmSizeNotSupported",
                "message": "STANDARD_ND6S is not supported in region eastus2. Please choose a different VM size."
              }
            }
          ],
          "isAttachedCompute": false,
          "properties": {
            "vmSize": "STANDARD_ND6S",
            "vmPriority": "Dedicated",
            "scaleSettings": {
              "maxNodeCount": 4,
              "minNodeCount": 0,
              "nodeIdleTimeBeforeScaleDown": null
            },
            "subnet": null,
            "currentNodeCount": null,
            "targetNodeCount": null,
            "nodeStateCounts": null,
            "allocationState": null,
            "errors": null,
            "remoteLoginPortPublicAccess": "NotSpecified",
            "virtualMachineImage": null,
            "isolatedNetwork": false
          }
        }
      }
    },
    {
      "RequestUri": "https://management.azure.com/subscriptions/00000000-0000-0000-0000-000000000/resourceGroups/00000/providers/Microsoft.MachineLearningServices/workspaces/00000/datastores/workspaceblobstore?api-version=2022-05-01",
      "RequestMethod": "GET",
      "RequestHeaders": {
        "Accept": "application/json",
        "Accept-Encoding": "gzip, deflate",
        "Connection": "keep-alive",
        "User-Agent": "azure-ai-ml/0.0.139 azsdk-python-mgmt-machinelearningservices/0.1.0 Python/3.9.13 (Windows-10-10.0.22622-SP0)"
      },
      "RequestBody": null,
      "StatusCode": 200,
      "ResponseHeaders": {
        "Cache-Control": "no-cache",
        "Content-Encoding": "gzip",
        "Content-Type": "application/json; charset=utf-8",
        "Date": "Fri, 23 Sep 2022 18:37:57 GMT",
        "Expires": "-1",
        "Pragma": "no-cache",
        "Request-Context": "appId=cid-v1:2d2e8e63-272e-4b3c-8598-4ee570a0e70d",
        "Server-Timing": "traceparent;desc=\u002200-dd31f07ef55306f7557944715572cd17-aeeec6902f8d9059-01\u0022",
        "Strict-Transport-Security": "max-age=31536000; includeSubDomains",
        "Transfer-Encoding": "chunked",
        "Vary": [
          "Accept-Encoding",
          "Accept-Encoding"
        ],
        "x-aml-cluster": "vienna-eastus2-01",
        "X-Content-Type-Options": "nosniff",
        "x-ms-correlation-request-id": "aea6aeac-c2d6-45ec-8c97-b0483f1e927d",
        "x-ms-ratelimit-remaining-subscription-reads": "11976",
        "x-ms-response-type": "standard",
        "x-ms-routing-request-id": "SOUTHEASTASIA:20220923T183758Z:aea6aeac-c2d6-45ec-8c97-b0483f1e927d",
        "x-request-time": "0.073"
      },
      "ResponseBody": {
        "id": "/subscriptions/00000000-0000-0000-0000-000000000/resourceGroups/00000/providers/Microsoft.MachineLearningServices/workspaces/00000/datastores/workspaceblobstore",
        "name": "workspaceblobstore",
        "type": "Microsoft.MachineLearningServices/workspaces/datastores",
        "properties": {
          "description": null,
          "tags": null,
          "properties": null,
          "isDefault": true,
          "credentials": {
            "credentialsType": "AccountKey"
          },
          "datastoreType": "AzureBlob",
          "accountName": "sav6dhrxexwlv7g",
          "containerName": "azureml-blobstore-e950f876-7257-4cf3-99a5-ff66812ac44c",
          "endpoint": "core.windows.net",
          "protocol": "https",
          "serviceDataAccessAuthIdentity": "WorkspaceSystemAssignedIdentity"
        },
        "systemData": {
          "createdAt": "2022-09-22T03:07:29.4396872\u002B00:00",
          "createdBy": "779301c0-18b2-4cdc-801b-a0a3368fee0a",
          "createdByType": "Application",
          "lastModifiedAt": "2022-09-22T03:07:30.424941\u002B00:00",
          "lastModifiedBy": "779301c0-18b2-4cdc-801b-a0a3368fee0a",
          "lastModifiedByType": "Application"
        }
      }
    },
    {
      "RequestUri": "https://management.azure.com/subscriptions/00000000-0000-0000-0000-000000000/resourceGroups/00000/providers/Microsoft.MachineLearningServices/workspaces/00000/datastores/workspaceblobstore/listSecrets?api-version=2022-05-01",
      "RequestMethod": "POST",
      "RequestHeaders": {
        "Accept": "application/json",
        "Accept-Encoding": "gzip, deflate",
        "Connection": "keep-alive",
        "Content-Length": "0",
        "User-Agent": "azure-ai-ml/0.0.139 azsdk-python-mgmt-machinelearningservices/0.1.0 Python/3.9.13 (Windows-10-10.0.22622-SP0)"
      },
      "RequestBody": null,
      "StatusCode": 200,
      "ResponseHeaders": {
        "Cache-Control": "no-cache",
        "Content-Encoding": "gzip",
        "Content-Type": "application/json; charset=utf-8",
        "Date": "Fri, 23 Sep 2022 18:37:58 GMT",
        "Expires": "-1",
        "Pragma": "no-cache",
        "Request-Context": "appId=cid-v1:2d2e8e63-272e-4b3c-8598-4ee570a0e70d",
        "Server-Timing": "traceparent;desc=\u002200-f3ca96a13e4619f9121a2e5c899f61f3-de6a4b3c6f959dd3-01\u0022",
        "Strict-Transport-Security": "max-age=31536000; includeSubDomains",
        "Transfer-Encoding": "chunked",
        "Vary": "Accept-Encoding",
        "x-aml-cluster": "vienna-eastus2-01",
        "X-Content-Type-Options": "nosniff",
        "x-ms-correlation-request-id": "410bbd86-0de3-453c-8b67-ca4ba912816f",
        "x-ms-ratelimit-remaining-subscription-writes": "1180",
        "x-ms-response-type": "standard",
        "x-ms-routing-request-id": "SOUTHEASTASIA:20220923T183759Z:410bbd86-0de3-453c-8b67-ca4ba912816f",
        "x-request-time": "0.232"
      },
      "ResponseBody": {
        "secretsType": "AccountKey",
        "key": "dGhpcyBpcyBmYWtlIGtleQ=="
      }
    },
    {
      "RequestUri": "https://sav6dhrxexwlv7g.blob.core.windows.net/azureml-blobstore-e950f876-7257-4cf3-99a5-ff66812ac44c/LocalUpload/00000000000000000000000000000000/train/MLTable",
      "RequestMethod": "HEAD",
      "RequestHeaders": {
        "Accept": "application/xml",
        "Accept-Encoding": "gzip, deflate",
        "Connection": "keep-alive",
        "User-Agent": "azsdk-python-storage-blob/12.13.1 Python/3.9.13 (Windows-10-10.0.22622-SP0)",
        "x-ms-date": "Fri, 23 Sep 2022 18:38:01 GMT",
        "x-ms-version": "2021-08-06"
      },
      "RequestBody": null,
      "StatusCode": 200,
      "ResponseHeaders": {
        "Accept-Ranges": "bytes",
        "Content-Length": "264",
        "Content-MD5": "bxQgDk/2/IhOiVcx8\u002BLMhg==",
        "Content-Type": "application/octet-stream",
        "Date": "Fri, 23 Sep 2022 18:37:58 GMT",
        "ETag": "\u00220x8DA9D7B10D8097C\u0022",
        "Last-Modified": "Fri, 23 Sep 2022 15:48:31 GMT",
        "Server": [
          "Windows-Azure-Blob/1.0",
          "Microsoft-HTTPAPI/2.0"
        ],
        "Vary": "Origin",
        "x-ms-access-tier": "Hot",
        "x-ms-access-tier-inferred": "true",
        "x-ms-blob-type": "BlockBlob",
        "x-ms-creation-time": "Fri, 23 Sep 2022 15:48:31 GMT",
        "x-ms-lease-state": "available",
        "x-ms-lease-status": "unlocked",
        "x-ms-meta-name": "57277494-a6cd-4903-996f-ad115e220387",
        "x-ms-meta-upload_status": "completed",
        "x-ms-meta-version": "54ac021d-c648-420d-9abd-3437ef2360bb",
        "x-ms-server-encrypted": "true",
        "x-ms-version": "2021-08-06"
      },
      "ResponseBody": null
    },
    {
      "RequestUri": "https://sav6dhrxexwlv7g.blob.core.windows.net/azureml-blobstore-e950f876-7257-4cf3-99a5-ff66812ac44c/az-ml-artifacts/00000000000000000000000000000000/train/MLTable",
      "RequestMethod": "HEAD",
      "RequestHeaders": {
        "Accept": "application/xml",
        "Accept-Encoding": "gzip, deflate",
        "Connection": "keep-alive",
        "User-Agent": "azsdk-python-storage-blob/12.13.1 Python/3.9.13 (Windows-10-10.0.22622-SP0)",
        "x-ms-date": "Fri, 23 Sep 2022 18:38:01 GMT",
        "x-ms-version": "2021-08-06"
      },
      "RequestBody": null,
      "StatusCode": 404,
      "ResponseHeaders": {
        "Date": "Fri, 23 Sep 2022 18:37:59 GMT",
        "Server": [
          "Windows-Azure-Blob/1.0",
          "Microsoft-HTTPAPI/2.0"
        ],
        "Transfer-Encoding": "chunked",
        "Vary": "Origin",
        "x-ms-error-code": "BlobNotFound",
        "x-ms-version": "2021-08-06"
      },
      "ResponseBody": null
    },
    {
      "RequestUri": "https://management.azure.com/subscriptions/00000000-0000-0000-0000-000000000/resourceGroups/00000/providers/Microsoft.MachineLearningServices/workspaces/00000/datastores/workspaceblobstore?api-version=2022-05-01",
      "RequestMethod": "GET",
      "RequestHeaders": {
        "Accept": "application/json",
        "Accept-Encoding": "gzip, deflate",
        "Connection": "keep-alive",
        "User-Agent": "azure-ai-ml/0.0.139 azsdk-python-mgmt-machinelearningservices/0.1.0 Python/3.9.13 (Windows-10-10.0.22622-SP0)"
      },
      "RequestBody": null,
      "StatusCode": 200,
      "ResponseHeaders": {
        "Cache-Control": "no-cache",
        "Content-Encoding": "gzip",
        "Content-Type": "application/json; charset=utf-8",
        "Date": "Fri, 23 Sep 2022 18:38:00 GMT",
        "Expires": "-1",
        "Pragma": "no-cache",
        "Request-Context": "appId=cid-v1:2d2e8e63-272e-4b3c-8598-4ee570a0e70d",
        "Server-Timing": "traceparent;desc=\u002200-6c00580d59510e06437238d9c661bed2-72b12cb8614e47b2-01\u0022",
        "Strict-Transport-Security": "max-age=31536000; includeSubDomains",
        "Transfer-Encoding": "chunked",
        "Vary": [
          "Accept-Encoding",
          "Accept-Encoding"
        ],
        "x-aml-cluster": "vienna-eastus2-01",
        "X-Content-Type-Options": "nosniff",
        "x-ms-correlation-request-id": "eb6db8b8-5f1c-4b72-a030-7ece2009d6e1",
        "x-ms-ratelimit-remaining-subscription-reads": "11975",
        "x-ms-response-type": "standard",
        "x-ms-routing-request-id": "SOUTHEASTASIA:20220923T183800Z:eb6db8b8-5f1c-4b72-a030-7ece2009d6e1",
        "x-request-time": "0.077"
      },
      "ResponseBody": {
        "id": "/subscriptions/00000000-0000-0000-0000-000000000/resourceGroups/00000/providers/Microsoft.MachineLearningServices/workspaces/00000/datastores/workspaceblobstore",
        "name": "workspaceblobstore",
        "type": "Microsoft.MachineLearningServices/workspaces/datastores",
        "properties": {
          "description": null,
          "tags": null,
          "properties": null,
          "isDefault": true,
          "credentials": {
            "credentialsType": "AccountKey"
          },
          "datastoreType": "AzureBlob",
          "accountName": "sav6dhrxexwlv7g",
          "containerName": "azureml-blobstore-e950f876-7257-4cf3-99a5-ff66812ac44c",
          "endpoint": "core.windows.net",
          "protocol": "https",
          "serviceDataAccessAuthIdentity": "WorkspaceSystemAssignedIdentity"
        },
        "systemData": {
          "createdAt": "2022-09-22T03:07:29.4396872\u002B00:00",
          "createdBy": "779301c0-18b2-4cdc-801b-a0a3368fee0a",
          "createdByType": "Application",
          "lastModifiedAt": "2022-09-22T03:07:30.424941\u002B00:00",
          "lastModifiedBy": "779301c0-18b2-4cdc-801b-a0a3368fee0a",
          "lastModifiedByType": "Application"
        }
      }
    },
    {
      "RequestUri": "https://management.azure.com/subscriptions/00000000-0000-0000-0000-000000000/resourceGroups/00000/providers/Microsoft.MachineLearningServices/workspaces/00000/datastores/workspaceblobstore/listSecrets?api-version=2022-05-01",
      "RequestMethod": "POST",
      "RequestHeaders": {
        "Accept": "application/json",
        "Accept-Encoding": "gzip, deflate",
        "Connection": "keep-alive",
        "Content-Length": "0",
        "User-Agent": "azure-ai-ml/0.0.139 azsdk-python-mgmt-machinelearningservices/0.1.0 Python/3.9.13 (Windows-10-10.0.22622-SP0)"
      },
      "RequestBody": null,
      "StatusCode": 200,
      "ResponseHeaders": {
        "Cache-Control": "no-cache",
        "Content-Encoding": "gzip",
        "Content-Type": "application/json; charset=utf-8",
        "Date": "Fri, 23 Sep 2022 18:38:00 GMT",
        "Expires": "-1",
        "Pragma": "no-cache",
        "Request-Context": "appId=cid-v1:2d2e8e63-272e-4b3c-8598-4ee570a0e70d",
        "Server-Timing": "traceparent;desc=\u002200-95c5526132053856e124a53fee5b7555-62a2e557f3784d90-01\u0022",
        "Strict-Transport-Security": "max-age=31536000; includeSubDomains",
        "Transfer-Encoding": "chunked",
        "Vary": "Accept-Encoding",
        "x-aml-cluster": "vienna-eastus2-01",
        "X-Content-Type-Options": "nosniff",
        "x-ms-correlation-request-id": "80ffb724-2286-4f83-881f-9f735b819c07",
        "x-ms-ratelimit-remaining-subscription-writes": "1179",
        "x-ms-response-type": "standard",
        "x-ms-routing-request-id": "SOUTHEASTASIA:20220923T183801Z:80ffb724-2286-4f83-881f-9f735b819c07",
        "x-request-time": "0.081"
      },
      "ResponseBody": {
        "secretsType": "AccountKey",
        "key": "dGhpcyBpcyBmYWtlIGtleQ=="
      }
    },
    {
      "RequestUri": "https://sav6dhrxexwlv7g.blob.core.windows.net/azureml-blobstore-e950f876-7257-4cf3-99a5-ff66812ac44c/LocalUpload/00000000000000000000000000000000/valid/MLTable",
      "RequestMethod": "HEAD",
      "RequestHeaders": {
        "Accept": "application/xml",
        "Accept-Encoding": "gzip, deflate",
        "Connection": "keep-alive",
        "User-Agent": "azsdk-python-storage-blob/12.13.1 Python/3.9.13 (Windows-10-10.0.22622-SP0)",
        "x-ms-date": "Fri, 23 Sep 2022 18:38:03 GMT",
        "x-ms-version": "2021-08-06"
      },
      "RequestBody": null,
      "StatusCode": 200,
      "ResponseHeaders": {
        "Accept-Ranges": "bytes",
        "Content-Length": "269",
        "Content-MD5": "WaHfrrWZTI6RIAay8\u002BmxMg==",
        "Content-Type": "application/octet-stream",
        "Date": "Fri, 23 Sep 2022 18:38:01 GMT",
        "ETag": "\u00220x8DA9D7B12D600B7\u0022",
        "Last-Modified": "Fri, 23 Sep 2022 15:48:34 GMT",
        "Server": [
          "Windows-Azure-Blob/1.0",
          "Microsoft-HTTPAPI/2.0"
        ],
        "Vary": "Origin",
        "x-ms-access-tier": "Hot",
        "x-ms-access-tier-inferred": "true",
        "x-ms-blob-type": "BlockBlob",
        "x-ms-creation-time": "Fri, 23 Sep 2022 15:48:34 GMT",
        "x-ms-lease-state": "available",
        "x-ms-lease-status": "unlocked",
        "x-ms-meta-name": "d0491f24-ae24-448f-90e4-8c725cb53a00",
        "x-ms-meta-upload_status": "completed",
        "x-ms-meta-version": "de4cec3c-b35d-4018-b63f-bfa5fe391558",
        "x-ms-server-encrypted": "true",
        "x-ms-version": "2021-08-06"
      },
      "ResponseBody": null
    },
    {
      "RequestUri": "https://sav6dhrxexwlv7g.blob.core.windows.net/azureml-blobstore-e950f876-7257-4cf3-99a5-ff66812ac44c/az-ml-artifacts/00000000000000000000000000000000/valid/MLTable",
      "RequestMethod": "HEAD",
      "RequestHeaders": {
        "Accept": "application/xml",
        "Accept-Encoding": "gzip, deflate",
        "Connection": "keep-alive",
        "User-Agent": "azsdk-python-storage-blob/12.13.1 Python/3.9.13 (Windows-10-10.0.22622-SP0)",
        "x-ms-date": "Fri, 23 Sep 2022 18:38:03 GMT",
        "x-ms-version": "2021-08-06"
      },
      "RequestBody": null,
      "StatusCode": 404,
      "ResponseHeaders": {
        "Date": "Fri, 23 Sep 2022 18:38:01 GMT",
        "Server": [
          "Windows-Azure-Blob/1.0",
          "Microsoft-HTTPAPI/2.0"
        ],
        "Transfer-Encoding": "chunked",
        "Vary": "Origin",
        "x-ms-error-code": "BlobNotFound",
        "x-ms-version": "2021-08-06"
      },
      "ResponseBody": null
    },
    {
      "RequestUri": "https://management.azure.com/subscriptions/00000000-0000-0000-0000-000000000/resourceGroups/00000/providers/Microsoft.MachineLearningServices/workspaces/00000/jobs/test_188752022740?api-version=2022-06-01-preview",
      "RequestMethod": "PUT",
      "RequestHeaders": {
        "Accept": "application/json",
        "Accept-Encoding": "gzip, deflate",
        "Connection": "keep-alive",
        "Content-Length": "1992",
        "Content-Type": "application/json",
        "User-Agent": "azure-ai-ml/0.0.139 azsdk-python-mgmt-machinelearningservices/0.1.0 Python/3.9.13 (Windows-10-10.0.22622-SP0)"
      },
      "RequestBody": {
        "properties": {
          "description": "The hello world pipeline job",
          "properties": {},
          "tags": {
            "tag": "tagvalue",
            "owner": "sdkteam"
          },
          "computeId": "/subscriptions/00000000-0000-0000-0000-000000000/resourceGroups/00000/providers/Microsoft.MachineLearningServices/workspaces/00000/computes/gpu-cluster",
          "displayName": "test_188752022740",
          "experimentName": "my_first_experiment_image_multiclass_classification",
          "isArchived": false,
          "jobType": "Pipeline",
          "inputs": {
            "image_multiclass_classification_train_data": {
              "uri": "azureml://datastores/workspaceblobstore/paths/LocalUpload/00000000000000000000000000000000/train",
              "jobInputType": "mltable"
            },
            "image_multiclass_classification_validate_data": {
              "uri": "azureml://datastores/workspaceblobstore/paths/LocalUpload/00000000000000000000000000000000/valid",
              "jobInputType": "mltable"
            }
          },
          "jobs": {
            "hello_automl_image_multiclass_classification": {
              "name": "hello_automl_image_multiclass_classification",
              "tags": {},
              "properties": {},
              "type": "automl",
              "outputs": {},
              "log_verbosity": "info",
              "training_data": "${{parent.inputs.image_multiclass_classification_train_data}}",
              "limits": {
                "max_concurrent_trials": 4,
                "max_trials": 20,
                "timeout_minutes": 60
              },
              "sweep": {
                "sampling_algorithm": "random",
                "early_termination": {
                  "evaluation_interval": 10,
                  "delay_evaluation": 0,
                  "type": "bandit",
                  "slack_factor": 0.2,
                  "slack_amount": 0.0
                }
              },
              "target_column_name": "label",
              "validation_data": "${{parent.inputs.image_multiclass_classification_validate_data}}",
              "training_parameters": {
                "checkpoint_frequency": 1,
                "early_stopping": true,
                "early_stopping_delay": 2,
                "early_stopping_patience": 2,
                "evaluation_frequency": 1
              },
              "search_space": [
                {
                  "learning_rate": "uniform(0.005,0.05)",
                  "warmup_cosine_lr_warmup_epochs": "choice(0,3)",
                  "optimizer": "choice(\u0027sgd\u0027,\u0027adam\u0027,\u0027adamw\u0027)",
                  "model_name": "choice(\u0027vitb16r224\u0027)"
                }
              ],
              "task": "image_classification",
              "primary_metric": "accuracy"
            }
          },
          "outputs": {},
          "settings": {
            "continue_on_step_failure": false,
            "_source": "YAML.JOB"
          }
        }
      },
      "StatusCode": 201,
      "ResponseHeaders": {
        "Cache-Control": "no-cache",
        "Content-Length": "4356",
        "Content-Type": "application/json; charset=utf-8",
        "Date": "Fri, 23 Sep 2022 18:38:08 GMT",
        "Expires": "-1",
        "Location": "https://management.azure.com/subscriptions/00000000-0000-0000-0000-000000000/resourceGroups/00000/providers/Microsoft.MachineLearningServices/workspaces/00000/jobs/test_188752022740?api-version=2022-06-01-preview",
        "Pragma": "no-cache",
        "Request-Context": "appId=cid-v1:2d2e8e63-272e-4b3c-8598-4ee570a0e70d",
        "Server-Timing": "traceparent;desc=\u002200-4a7144717257b5c6eefd9fbd5830e8f6-6e1c53e43cc681f7-01\u0022",
        "Strict-Transport-Security": "max-age=31536000; includeSubDomains",
        "x-aml-cluster": "vienna-eastus2-01",
        "X-Content-Type-Options": "nosniff",
        "x-ms-correlation-request-id": "ef5cc279-c6c7-438b-8e0b-e5d448262713",
        "x-ms-ratelimit-remaining-subscription-writes": "1193",
        "x-ms-response-type": "standard",
        "x-ms-routing-request-id": "SOUTHEASTASIA:20220923T183809Z:ef5cc279-c6c7-438b-8e0b-e5d448262713",
        "x-request-time": "3.375"
      },
      "ResponseBody": {
        "id": "/subscriptions/00000000-0000-0000-0000-000000000/resourceGroups/00000/providers/Microsoft.MachineLearningServices/workspaces/00000/jobs/test_188752022740",
        "name": "test_188752022740",
        "type": "Microsoft.MachineLearningServices/workspaces/jobs",
        "properties": {
          "description": "The hello world pipeline job",
          "tags": {
            "tag": "tagvalue",
            "owner": "sdkteam"
          },
          "properties": {
            "azureml.DevPlatv2": "true",
            "azureml.runsource": "azureml.PipelineRun",
            "runSource": "MFE",
            "runType": "HTTP",
            "azureml.parameters": "{}",
            "azureml.continue_on_step_failure": "False",
            "azureml.continue_on_failed_optional_input": "True",
            "azureml.defaultComputeName": "gpu-cluster",
            "azureml.defaultDataStoreName": "workspaceblobstore",
            "azureml.pipelineComponent": "pipelinerun"
          },
          "displayName": "test_188752022740",
          "status": "Preparing",
          "experimentName": "my_first_experiment_image_multiclass_classification",
          "services": {
            "Tracking": {
              "jobServiceType": "Tracking",
              "port": null,
              "endpoint": "azureml://eastus2.api.azureml.ms/mlflow/v1.0/subscriptions/00000000-0000-0000-0000-000000000/resourceGroups/00000/providers/Microsoft.MachineLearningServices/workspaces/00000?",
              "status": null,
              "errorMessage": null,
              "properties": null
            },
            "Studio": {
              "jobServiceType": "Studio",
              "port": null,
              "endpoint": "https://ml.azure.com/runs/test_188752022740?wsid=/subscriptions/00000000-0000-0000-0000-000000000/resourcegroups/00000/workspaces/00000",
              "status": null,
              "errorMessage": null,
              "properties": null
            }
          },
          "computeId": "/subscriptions/00000000-0000-0000-0000-000000000/resourceGroups/00000/providers/Microsoft.MachineLearningServices/workspaces/00000/computes/gpu-cluster",
          "isArchived": false,
          "identity": null,
          "componentId": null,
          "jobType": "Pipeline",
          "settings": {
            "continue_on_step_failure": false,
            "_source": "YAML.JOB"
          },
          "jobs": {
            "hello_automl_image_multiclass_classification": {
              "name": "hello_automl_image_multiclass_classification",
              "tags": {},
              "properties": {},
              "type": "automl",
              "outputs": {},
              "log_verbosity": "info",
              "training_data": "${{parent.inputs.image_multiclass_classification_train_data}}",
              "limits": {
                "max_concurrent_trials": 4,
                "max_trials": 20,
                "timeout_minutes": 60
              },
              "sweep": {
                "sampling_algorithm": "random",
                "early_termination": {
                  "evaluation_interval": 10,
                  "delay_evaluation": 0,
                  "type": "bandit",
                  "slack_factor": 0.2,
                  "slack_amount": 0.0
                }
              },
              "target_column_name": "label",
              "validation_data": "${{parent.inputs.image_multiclass_classification_validate_data}}",
              "training_parameters": {
                "checkpoint_frequency": 1,
                "early_stopping": true,
                "early_stopping_delay": 2,
                "early_stopping_patience": 2,
                "evaluation_frequency": 1
              },
              "search_space": [
                {
                  "learning_rate": "uniform(0.005,0.05)",
                  "warmup_cosine_lr_warmup_epochs": "choice(0,3)",
                  "optimizer": "choice(\u0027sgd\u0027,\u0027adam\u0027,\u0027adamw\u0027)",
                  "model_name": "choice(\u0027vitb16r224\u0027)"
                }
              ],
              "task": "image_classification",
              "primary_metric": "accuracy"
            }
          },
          "inputs": {
            "image_multiclass_classification_train_data": {
              "description": null,
              "uri": "azureml://datastores/workspaceblobstore/paths/LocalUpload/00000000000000000000000000000000/train",
              "mode": "ReadOnlyMount",
              "jobInputType": "mltable"
            },
            "image_multiclass_classification_validate_data": {
              "description": null,
              "uri": "azureml://datastores/workspaceblobstore/paths/LocalUpload/00000000000000000000000000000000/valid",
              "mode": "ReadOnlyMount",
              "jobInputType": "mltable"
            }
          },
          "outputs": {},
          "sourceJobId": null
        },
        "systemData": {
          "createdAt": "2022-09-23T18:38:08.6511523\u002B00:00",
          "createdBy": "Zhengfei Wang",
          "createdByType": "User"
        }
      }
    },
    {
      "RequestUri": "https://management.azure.com/subscriptions/00000000-0000-0000-0000-000000000/resourceGroups/00000/providers/Microsoft.MachineLearningServices/workspaces/00000/jobs/test_188752022740/cancel?api-version=2022-06-01-preview",
      "RequestMethod": "POST",
      "RequestHeaders": {
        "Accept": "application/json",
        "Accept-Encoding": "gzip, deflate",
        "Connection": "keep-alive",
        "Content-Length": "0",
        "User-Agent": "azure-ai-ml/0.0.139 azsdk-python-mgmt-machinelearningservices/0.1.0 Python/3.9.13 (Windows-10-10.0.22622-SP0)"
      },
      "RequestBody": null,
      "StatusCode": 400,
      "ResponseHeaders": {
        "Cache-Control": "no-cache",
        "Content-Length": "1220",
        "Content-Type": "application/json; charset=utf-8",
        "Date": "Fri, 23 Sep 2022 18:38:25 GMT",
        "Expires": "-1",
        "Pragma": "no-cache",
        "Request-Context": "appId=cid-v1:2d2e8e63-272e-4b3c-8598-4ee570a0e70d",
        "Strict-Transport-Security": "max-age=31536000; includeSubDomains",
        "x-aml-cluster": "vienna-eastus2-01",
        "X-Content-Type-Options": "nosniff",
        "x-ms-correlation-request-id": "25be2fc1-7638-475e-92c1-1f938cf07146",
        "x-ms-ratelimit-remaining-subscription-writes": "1178",
        "x-ms-response-type": "error",
        "x-ms-routing-request-id": "SOUTHEASTASIA:20220923T183826Z:25be2fc1-7638-475e-92c1-1f938cf07146",
        "x-request-time": "15.134"
      },
      "ResponseBody": {
        "error": {
          "code": "UserError",
          "message": "The pipeline run test_188752022740 is in terminal status, it can\u0027t be canceled.",
          "details": [],
          "additionalInfo": [
            {
              "type": "ComponentName",
              "info": {
                "value": "managementfrontend"
              }
            },
            {
              "type": "Correlation",
              "info": {
                "value": {
                  "operation": "b722bd18d282ae98d0b3951dafbca2f4",
                  "request": "67baa458edbe6bcc"
                }
              }
            },
            {
              "type": "Environment",
              "info": {
                "value": "eastus2"
              }
            },
            {
              "type": "Location",
              "info": {
                "value": "eastus2"
              }
            },
            {
              "type": "Time",
              "info": {
                "value": "2022-09-23T18:38:26.6857956\u002B00:00"
              }
            },
            {
              "type": "InnerError",
              "info": {
                "value": {
                  "code": "BadArgument",
                  "innerError": {
                    "code": "ArgumentInvalid",
                    "innerError": {
                      "code": "CancelPipelineRunInTerminalStatus",
                      "innerError": null
                    }
                  }
                }
              }
            }
          ]
        }
      }
    }
  ],
  "Variables": {
    "name": "test_188752022740"
  }
}
