{
  "Entries": [
    {
      "RequestUri": "https://management.azure.com/subscriptions/00000000-0000-0000-0000-000000000/resourceGroups/00000/providers/Microsoft.MachineLearningServices/workspaces/00000/computes/cpu-cluster?api-version=2022-10-01-preview",
      "RequestMethod": "GET",
      "RequestHeaders": {
        "Accept": "application/json",
        "Accept-Encoding": "gzip, deflate",
        "Connection": "keep-alive",
        "User-Agent": "azure-ai-ml/1.5.0 azsdk-python-mgmt-machinelearningservices/0.1.0 Python/3.7.9 (Windows-10-10.0.22621-SP0)"
      },
      "RequestBody": null,
      "StatusCode": 200,
      "ResponseHeaders": {
        "Cache-Control": "no-cache",
        "Content-Encoding": "gzip",
        "Content-Type": "application/json; charset=utf-8",
        "Date": "Thu, 23 Feb 2023 21:44:59 GMT",
        "Expires": "-1",
        "Pragma": "no-cache",
        "Request-Context": "appId=cid-v1:2d2e8e63-272e-4b3c-8598-4ee570a0e70d",
        "Server-Timing": "traceparent;desc=\u002200-2acfc25796cef4922298c71b8fff04f0-f4da909a81251934-01\u0022",
        "Strict-Transport-Security": "max-age=31536000; includeSubDomains",
        "Transfer-Encoding": "chunked",
        "Vary": [
          "Accept-Encoding",
          "Accept-Encoding"
        ],
        "x-aml-cluster": "vienna-eastus2-01",
        "X-Content-Type-Options": "nosniff",
        "x-ms-correlation-request-id": "417fd4f6-8df4-475e-bddb-6b8a122e6103",
        "x-ms-ratelimit-remaining-subscription-reads": "11995",
        "x-ms-response-type": "standard",
        "x-ms-routing-request-id": "WESTUS2:20230223T214459Z:417fd4f6-8df4-475e-bddb-6b8a122e6103",
        "x-request-time": "0.049"
      },
      "ResponseBody": {
        "id": "/subscriptions/00000000-0000-0000-0000-000000000/resourceGroups/00000/providers/Microsoft.MachineLearningServices/workspaces/00000/computes/cpu-cluster",
        "name": "cpu-cluster",
        "type": "Microsoft.MachineLearningServices/workspaces/computes",
        "location": "eastus2",
        "tags": {},
        "properties": {
          "createdOn": "2023-02-23T02:09:37.0381833\u002B00:00",
          "modifiedOn": "2023-02-23T02:09:40.5544927\u002B00:00",
          "disableLocalAuth": false,
          "description": null,
          "resourceId": null,
          "computeType": "AmlCompute",
          "computeLocation": "eastus2",
          "provisioningState": "Succeeded",
          "provisioningErrors": null,
          "isAttachedCompute": false,
          "properties": {
            "vmSize": "STANDARD_DS2_V2",
            "vmPriority": "Dedicated",
            "scaleSettings": {
              "maxNodeCount": 4,
              "minNodeCount": 0,
              "nodeIdleTimeBeforeScaleDown": "PT2M"
            },
            "subnet": null,
            "currentNodeCount": 2,
            "targetNodeCount": 2,
            "nodeStateCounts": {
              "preparingNodeCount": 0,
              "runningNodeCount": 0,
              "idleNodeCount": 2,
              "unusableNodeCount": 0,
              "leavingNodeCount": 0,
              "preemptedNodeCount": 0
            },
            "allocationState": "Steady",
            "allocationStateTransitionTime": "2023-02-23T21:42:35.996\u002B00:00",
            "errors": null,
            "remoteLoginPortPublicAccess": "Enabled",
            "osType": "Linux",
            "virtualMachineImage": null,
            "isolatedNetwork": false,
            "propertyBag": {}
          }
        }
      }
    },
    {
      "RequestUri": "https://management.azure.com/subscriptions/00000000-0000-0000-0000-000000000/resourceGroups/00000/providers/Microsoft.MachineLearningServices/workspaces/00000/computes/cpu-cluster?api-version=2022-10-01-preview",
      "RequestMethod": "GET",
      "RequestHeaders": {
        "Accept": "application/json",
        "Accept-Encoding": "gzip, deflate",
        "Connection": "keep-alive",
        "User-Agent": "azure-ai-ml/1.5.0 azsdk-python-mgmt-machinelearningservices/0.1.0 Python/3.7.9 (Windows-10-10.0.22621-SP0)"
      },
      "RequestBody": null,
      "StatusCode": 200,
      "ResponseHeaders": {
        "Cache-Control": "no-cache",
        "Content-Encoding": "gzip",
        "Content-Type": "application/json; charset=utf-8",
        "Date": "Thu, 23 Feb 2023 21:45:00 GMT",
        "Expires": "-1",
        "Pragma": "no-cache",
        "Request-Context": "appId=cid-v1:2d2e8e63-272e-4b3c-8598-4ee570a0e70d",
        "Server-Timing": "traceparent;desc=\u002200-6e1ea1d027b543fe79266d8d3a2e3599-06b706239887a787-01\u0022",
        "Strict-Transport-Security": "max-age=31536000; includeSubDomains",
        "Transfer-Encoding": "chunked",
        "Vary": [
          "Accept-Encoding",
          "Accept-Encoding"
        ],
        "x-aml-cluster": "vienna-eastus2-01",
        "X-Content-Type-Options": "nosniff",
        "x-ms-correlation-request-id": "d6f629fc-a9cf-49a0-9db0-258b84b4963a",
        "x-ms-ratelimit-remaining-subscription-reads": "11994",
        "x-ms-response-type": "standard",
        "x-ms-routing-request-id": "WESTUS2:20230223T214500Z:d6f629fc-a9cf-49a0-9db0-258b84b4963a",
        "x-request-time": "0.043"
      },
      "ResponseBody": {
        "id": "/subscriptions/00000000-0000-0000-0000-000000000/resourceGroups/00000/providers/Microsoft.MachineLearningServices/workspaces/00000/computes/cpu-cluster",
        "name": "cpu-cluster",
        "type": "Microsoft.MachineLearningServices/workspaces/computes",
        "location": "eastus2",
        "tags": {},
        "properties": {
          "createdOn": "2023-02-23T02:09:37.0381833\u002B00:00",
          "modifiedOn": "2023-02-23T02:09:40.5544927\u002B00:00",
          "disableLocalAuth": false,
          "description": null,
          "resourceId": null,
          "computeType": "AmlCompute",
          "computeLocation": "eastus2",
          "provisioningState": "Succeeded",
          "provisioningErrors": null,
          "isAttachedCompute": false,
          "properties": {
            "vmSize": "STANDARD_DS2_V2",
            "vmPriority": "Dedicated",
            "scaleSettings": {
              "maxNodeCount": 4,
              "minNodeCount": 0,
              "nodeIdleTimeBeforeScaleDown": "PT2M"
            },
            "subnet": null,
            "currentNodeCount": 2,
            "targetNodeCount": 2,
            "nodeStateCounts": {
              "preparingNodeCount": 0,
              "runningNodeCount": 0,
              "idleNodeCount": 2,
              "unusableNodeCount": 0,
              "leavingNodeCount": 0,
              "preemptedNodeCount": 0
            },
            "allocationState": "Steady",
            "allocationStateTransitionTime": "2023-02-23T21:42:35.996\u002B00:00",
            "errors": null,
            "remoteLoginPortPublicAccess": "Enabled",
            "osType": "Linux",
            "virtualMachineImage": null,
            "isolatedNetwork": false,
            "propertyBag": {}
          }
        }
      }
    },
    {
      "RequestUri": "https://management.azure.com/subscriptions/00000000-0000-0000-0000-000000000/resourceGroups/00000/providers/Microsoft.MachineLearningServices/workspaces/00000/computes/cpu-cluster?api-version=2022-10-01-preview",
      "RequestMethod": "GET",
      "RequestHeaders": {
        "Accept": "application/json",
        "Accept-Encoding": "gzip, deflate",
        "Connection": "keep-alive",
        "User-Agent": "azure-ai-ml/1.5.0 azsdk-python-mgmt-machinelearningservices/0.1.0 Python/3.7.9 (Windows-10-10.0.22621-SP0)"
      },
      "RequestBody": null,
      "StatusCode": 200,
      "ResponseHeaders": {
        "Cache-Control": "no-cache",
        "Content-Encoding": "gzip",
        "Content-Type": "application/json; charset=utf-8",
        "Date": "Thu, 23 Feb 2023 21:45:00 GMT",
        "Expires": "-1",
        "Pragma": "no-cache",
        "Request-Context": "appId=cid-v1:2d2e8e63-272e-4b3c-8598-4ee570a0e70d",
        "Server-Timing": "traceparent;desc=\u002200-e8fa7740e6aada7e24873b06d2b25508-a0744880ce16657d-01\u0022",
        "Strict-Transport-Security": "max-age=31536000; includeSubDomains",
        "Transfer-Encoding": "chunked",
        "Vary": [
          "Accept-Encoding",
          "Accept-Encoding"
        ],
        "x-aml-cluster": "vienna-eastus2-01",
        "X-Content-Type-Options": "nosniff",
        "x-ms-correlation-request-id": "54968309-664c-4a1f-8dd2-eb0151f4e016",
        "x-ms-ratelimit-remaining-subscription-reads": "11993",
        "x-ms-response-type": "standard",
        "x-ms-routing-request-id": "WESTUS2:20230223T214500Z:54968309-664c-4a1f-8dd2-eb0151f4e016",
        "x-request-time": "0.048"
      },
      "ResponseBody": {
        "id": "/subscriptions/00000000-0000-0000-0000-000000000/resourceGroups/00000/providers/Microsoft.MachineLearningServices/workspaces/00000/computes/cpu-cluster",
        "name": "cpu-cluster",
        "type": "Microsoft.MachineLearningServices/workspaces/computes",
        "location": "eastus2",
        "tags": {},
        "properties": {
          "createdOn": "2023-02-23T02:09:37.0381833\u002B00:00",
          "modifiedOn": "2023-02-23T02:09:40.5544927\u002B00:00",
          "disableLocalAuth": false,
          "description": null,
          "resourceId": null,
          "computeType": "AmlCompute",
          "computeLocation": "eastus2",
          "provisioningState": "Succeeded",
          "provisioningErrors": null,
          "isAttachedCompute": false,
          "properties": {
            "vmSize": "STANDARD_DS2_V2",
            "vmPriority": "Dedicated",
            "scaleSettings": {
              "maxNodeCount": 4,
              "minNodeCount": 0,
              "nodeIdleTimeBeforeScaleDown": "PT2M"
            },
            "subnet": null,
            "currentNodeCount": 2,
            "targetNodeCount": 2,
            "nodeStateCounts": {
              "preparingNodeCount": 0,
              "runningNodeCount": 0,
              "idleNodeCount": 2,
              "unusableNodeCount": 0,
              "leavingNodeCount": 0,
              "preemptedNodeCount": 0
            },
            "allocationState": "Steady",
            "allocationStateTransitionTime": "2023-02-23T21:42:35.996\u002B00:00",
            "errors": null,
            "remoteLoginPortPublicAccess": "Enabled",
            "osType": "Linux",
            "virtualMachineImage": null,
            "isolatedNetwork": false,
            "propertyBag": {}
          }
        }
      }
    },
    {
      "RequestUri": "https://management.azure.com/subscriptions/00000000-0000-0000-0000-000000000/resourceGroups/00000/providers/Microsoft.MachineLearningServices/workspaces/00000?api-version=2022-10-01",
      "RequestMethod": "GET",
      "RequestHeaders": {
        "Accept": "application/json",
        "Accept-Encoding": "gzip, deflate",
        "Connection": "keep-alive",
        "User-Agent": "azure-ai-ml/1.5.0 azsdk-python-mgmt-machinelearningservices/0.1.0 Python/3.7.9 (Windows-10-10.0.22621-SP0)"
      },
      "RequestBody": null,
      "StatusCode": 200,
      "ResponseHeaders": {
        "Cache-Control": "no-cache",
        "Content-Encoding": "gzip",
        "Content-Type": "application/json; charset=utf-8",
        "Date": "Thu, 23 Feb 2023 21:45:03 GMT",
        "Expires": "-1",
        "Pragma": "no-cache",
        "Request-Context": "appId=cid-v1:2d2e8e63-272e-4b3c-8598-4ee570a0e70d",
        "Server-Timing": "traceparent;desc=\u002200-6fa12fc1aba0f86cbaa35acebd9ecfa7-7218e34618e85fb4-01\u0022",
        "Strict-Transport-Security": "max-age=31536000; includeSubDomains",
        "Transfer-Encoding": "chunked",
        "Vary": [
          "Accept-Encoding",
          "Accept-Encoding"
        ],
        "x-aml-cluster": "vienna-eastus2-02",
        "X-Content-Type-Options": "nosniff",
        "x-ms-correlation-request-id": "ab8c0a6a-d8f8-42af-8f8e-fcdda4c09f05",
        "x-ms-ratelimit-remaining-subscription-reads": "11992",
        "x-ms-response-type": "standard",
        "x-ms-routing-request-id": "WESTUS2:20230223T214503Z:ab8c0a6a-d8f8-42af-8f8e-fcdda4c09f05",
        "x-request-time": "0.544"
      },
      "ResponseBody": {
        "id": "/subscriptions/00000000-0000-0000-0000-000000000/resourceGroups/00000/providers/Microsoft.MachineLearningServices/workspaces/00000",
        "name": "00000",
        "type": "Microsoft.MachineLearningServices/workspaces",
        "location": "eastus2",
        "tags": {},
        "etag": null,
        "properties": {
          "friendlyName": "00000",
          "description": "",
          "storageAccount": "/subscriptions/00000000-0000-0000-0000-000000000/resourceGroups/00000/providers/Microsoft.Storage/storageAccounts/saveorz2izv2bas",
          "keyVault": "/subscriptions/00000000-0000-0000-0000-000000000/resourceGroups/00000/providers/Microsoft.Keyvault/vaults/kvtest4k4d3fds6sjxs",
          "applicationInsights": "/subscriptions/00000000-0000-0000-0000-000000000/resourceGroups/00000/providers/Microsoft.insights/components/aiveorz2izv2bas",
          "hbiWorkspace": false,
          "tenantId": "72f988bf-86f1-41af-91ab-2d7cd011db47",
          "imageBuildCompute": null,
          "provisioningState": "Succeeded",
          "v1LegacyMode": false,
          "softDeleteEnabled": false,
          "containerRegistry": "/subscriptions/00000000-0000-0000-0000-000000000/resourceGroups/00000/providers/Microsoft.ContainerRegistry/registries/crveorz2izv2bas",
          "notebookInfo": {
            "resourceId": "0000000-0000-0000-0000-000000000000",
            "fqdn": "ml-sdkvnextcli-eastus2-2d1e66ae-85e3-42c0-be91-34de66397f26.eastus2.notebooks.azure.net",
            "isPrivateLinkEnabled": false,
            "notebookPreparationError": null
          },
          "storageHnsEnabled": false,
          "workspaceId": "2d1e66ae-85e3-42c0-be91-34de66397f26",
          "linkedModelInventoryArmId": null,
          "privateLinkCount": 0,
          "publicNetworkAccess": "Enabled",
          "discoveryUrl": "https://eastus2.api.azureml.ms/discovery",
          "mlFlowTrackingUri": "azureml://eastus2.api.azureml.ms/mlflow/v1.0/subscriptions/00000000-0000-0000-0000-000000000/resourceGroups/00000/providers/Microsoft.MachineLearningServices/workspaces/00000",
          "sdkTelemetryAppInsightsKey": "0000000-0000-0000-0000-000000000000",
          "sasGetterUri": "",
          "enableDataIsolation": false
        },
        "identity": {
          "type": "SystemAssigned",
          "principalId": "0000000-0000-0000-0000-000000000000",
          "tenantId": "72f988bf-86f1-41af-91ab-2d7cd011db47"
        },
        "kind": "Default",
        "sku": {
          "name": "Basic",
          "tier": "Basic"
        },
        "systemData": {
          "createdAt": "2023-02-23T02:09:00.5159669Z",
          "createdBy": "dipeck@microsoft.com",
          "createdByType": "User",
          "lastModifiedAt": "2023-02-23T02:09:00.5159669Z",
          "lastModifiedBy": "dipeck@microsoft.com",
          "lastModifiedByType": "User"
        }
      }
    },
    {
      "RequestUri": "https://management.azure.com/subscriptions/00000000-0000-0000-0000-000000000/resourceGroups/00000/providers/Microsoft.MachineLearningServices/workspaces/00000?api-version=2022-10-01",
      "RequestMethod": "GET",
      "RequestHeaders": {
        "Accept": "application/json",
        "Accept-Encoding": "gzip, deflate",
        "Connection": "keep-alive",
        "User-Agent": "azure-ai-ml/1.5.0 azsdk-python-mgmt-machinelearningservices/0.1.0 Python/3.7.9 (Windows-10-10.0.22621-SP0)"
      },
      "RequestBody": null,
      "StatusCode": 200,
      "ResponseHeaders": {
        "Cache-Control": "no-cache",
        "Content-Encoding": "gzip",
        "Content-Type": "application/json; charset=utf-8",
        "Date": "Thu, 23 Feb 2023 21:45:03 GMT",
        "Expires": "-1",
        "Pragma": "no-cache",
        "Request-Context": "appId=cid-v1:2d2e8e63-272e-4b3c-8598-4ee570a0e70d",
        "Server-Timing": "traceparent;desc=\u002200-bf5c684cbfc8bcfb2e187889c3500d29-fc2e1d1f45eefb8a-01\u0022",
        "Strict-Transport-Security": "max-age=31536000; includeSubDomains",
        "Transfer-Encoding": "chunked",
        "Vary": [
          "Accept-Encoding",
          "Accept-Encoding"
        ],
        "x-aml-cluster": "vienna-eastus2-02",
        "X-Content-Type-Options": "nosniff",
        "x-ms-correlation-request-id": "1b3b2558-5ac2-4a8d-a50c-b8cd3b0bbed8",
        "x-ms-ratelimit-remaining-subscription-reads": "11991",
        "x-ms-response-type": "standard",
        "x-ms-routing-request-id": "WESTUS2:20230223T214504Z:1b3b2558-5ac2-4a8d-a50c-b8cd3b0bbed8",
        "x-request-time": "0.317"
      },
      "ResponseBody": {
        "id": "/subscriptions/00000000-0000-0000-0000-000000000/resourceGroups/00000/providers/Microsoft.MachineLearningServices/workspaces/00000",
        "name": "00000",
        "type": "Microsoft.MachineLearningServices/workspaces",
        "location": "eastus2",
        "tags": {},
        "etag": null,
        "properties": {
          "friendlyName": "00000",
          "description": "",
          "storageAccount": "/subscriptions/00000000-0000-0000-0000-000000000/resourceGroups/00000/providers/Microsoft.Storage/storageAccounts/saveorz2izv2bas",
          "keyVault": "/subscriptions/00000000-0000-0000-0000-000000000/resourceGroups/00000/providers/Microsoft.Keyvault/vaults/kvtest4k4d3fds6sjxs",
          "applicationInsights": "/subscriptions/00000000-0000-0000-0000-000000000/resourceGroups/00000/providers/Microsoft.insights/components/aiveorz2izv2bas",
          "hbiWorkspace": false,
          "tenantId": "72f988bf-86f1-41af-91ab-2d7cd011db47",
          "imageBuildCompute": null,
          "provisioningState": "Succeeded",
          "v1LegacyMode": false,
          "softDeleteEnabled": false,
          "containerRegistry": "/subscriptions/00000000-0000-0000-0000-000000000/resourceGroups/00000/providers/Microsoft.ContainerRegistry/registries/crveorz2izv2bas",
          "notebookInfo": {
            "resourceId": "0000000-0000-0000-0000-000000000000",
            "fqdn": "ml-sdkvnextcli-eastus2-2d1e66ae-85e3-42c0-be91-34de66397f26.eastus2.notebooks.azure.net",
            "isPrivateLinkEnabled": false,
            "notebookPreparationError": null
          },
          "storageHnsEnabled": false,
          "workspaceId": "2d1e66ae-85e3-42c0-be91-34de66397f26",
          "linkedModelInventoryArmId": null,
          "privateLinkCount": 0,
          "publicNetworkAccess": "Enabled",
          "discoveryUrl": "https://eastus2.api.azureml.ms/discovery",
          "mlFlowTrackingUri": "azureml://eastus2.api.azureml.ms/mlflow/v1.0/subscriptions/00000000-0000-0000-0000-000000000/resourceGroups/00000/providers/Microsoft.MachineLearningServices/workspaces/00000",
          "sdkTelemetryAppInsightsKey": "0000000-0000-0000-0000-000000000000",
          "sasGetterUri": "",
          "enableDataIsolation": false
        },
        "identity": {
          "type": "SystemAssigned",
          "principalId": "0000000-0000-0000-0000-000000000000",
          "tenantId": "72f988bf-86f1-41af-91ab-2d7cd011db47"
        },
        "kind": "Default",
        "sku": {
          "name": "Basic",
          "tier": "Basic"
        },
        "systemData": {
          "createdAt": "2023-02-23T02:09:00.5159669Z",
          "createdBy": "dipeck@microsoft.com",
          "createdByType": "User",
          "lastModifiedAt": "2023-02-23T02:09:00.5159669Z",
          "lastModifiedBy": "dipeck@microsoft.com",
          "lastModifiedByType": "User"
        }
      }
    },
    {
      "RequestUri": "https://eastus2.api.azureml.ms/content/v2.0/subscriptions/00000000-0000-0000-0000-000000000/resourceGroups/00000/providers/Microsoft.MachineLearningServices/workspaces/00000/snapshots/getByHash?hash=d3c05b496c685e7e5a204e3cebc689086bd0f622c2975d8090c18968739a464a\u0026hashVersion=202208",
      "RequestMethod": "GET",
      "RequestHeaders": {
        "Accept": "*/*",
        "Accept-Encoding": "gzip, deflate",
        "Connection": "keep-alive",
        "Content-Type": "application/json; charset=UTF-8",
        "User-Agent": "azure-ai-ml/1.5.0 azsdk-python-core/1.26.3 Python/3.7.9 (Windows-10-10.0.22621-SP0)"
      },
      "RequestBody": null,
      "StatusCode": 200,
      "ResponseHeaders": {
        "Connection": "keep-alive",
        "Content-Encoding": "gzip",
        "Content-Type": "application/json; charset=utf-8",
        "Date": "Thu, 23 Feb 2023 21:45:06 GMT",
        "Request-Context": "appId=cid-v1:2d2e8e63-272e-4b3c-8598-4ee570a0e70d",
        "Strict-Transport-Security": "max-age=15724800; includeSubDomains; preload",
        "Transfer-Encoding": "chunked",
        "Vary": "Accept-Encoding",
        "x-aml-cluster": "vienna-eastus2-02",
        "X-Content-Type-Options": "nosniff",
        "x-ms-response-type": "standard",
        "x-request-time": "1.275"
      },
      "ResponseBody": {
        "snapshotType": "LocalFiles",
        "id": "9b43efc6-3388-4585-99dc-71aea82a739c",
        "root": {
          "name": "",
          "hash": null,
          "type": "Directory",
          "timestamp": "0001-01-01T00:00:00\u002B00:00",
          "sasUrl": null,
          "absoluteUrl": null,
          "sizeBytes": 0,
          "sizeSet": false,
          "children": {
            "COMPONENT_PLACEHOLDER": {
              "name": "COMPONENT_PLACEHOLDER",
              "hash": "2FF0E74A91489FE8DA41673EB1441D73",
              "type": "File",
              "timestamp": "0001-01-01T00:00:00\u002B00:00",
              "sasUrl": null,
              "absoluteUrl": null,
              "sizeBytes": 35,
              "sizeSet": true,
              "children": {}
            }
          }
        },
        "tags": {},
        "properties": {
          "hash_sha256": "d3c05b496c685e7e5a204e3cebc689086bd0f622c2975d8090c18968739a464a",
          "hash_version": "202208",
          "azureml.codeUri": "https://saveorz2izv2bas.blob.core.windows.net:443/000000000000000000000000000000000000/"
        },
        "description": null,
        "name": "e7a3f40e-eb47-4499-9b80-1e5d911878f8",
        "version": "1",
        "createdBy": {
          "userObjectId": "b3a957de-450c-4ca7-b2aa-88dd98c87fef",
          "userPuId": "10037FFEAD05DD5D",
          "userIdp": null,
          "userAltSecId": null,
          "userIss": "https://sts.windows.net/72f988bf-86f1-41af-91ab-2d7cd011db47/",
          "userTenantId": "72f988bf-86f1-41af-91ab-2d7cd011db47",
          "userName": "Diondra Peck",
          "upn": null
        },
        "createdTime": "2023-02-23T02:16:10.3151666\u002B00:00",
        "modifiedBy": {
          "userObjectId": "b3a957de-450c-4ca7-b2aa-88dd98c87fef",
          "userPuId": "10037FFEAD05DD5D",
          "userIdp": null,
          "userAltSecId": null,
          "userIss": "https://sts.windows.net/72f988bf-86f1-41af-91ab-2d7cd011db47/",
          "userTenantId": "72f988bf-86f1-41af-91ab-2d7cd011db47",
          "userName": "Diondra Peck",
          "upn": null
        },
        "modifiedTime": "2023-02-23T02:16:10.3151666\u002B00:00",
        "gitRepositoryCommit": null,
        "uri": "https://saveorz2izv2bas.blob.core.windows.net:443/000000000000000000000000000000000000/",
        "contentHash": "d3c05b496c685e7e5a204e3cebc689086bd0f622c2975d8090c18968739a464a",
        "hashVersion": "202208",
        "provisioningState": "Succeeded"
      }
    },
    {
      "RequestUri": "https://eastus2.api.azureml.ms/content/v2.0/subscriptions/00000000-0000-0000-0000-000000000/resourceGroups/00000/providers/Microsoft.MachineLearningServices/workspaces/00000/snapshots/getByHash?hash=d3c05b496c685e7e5a204e3cebc689086bd0f622c2975d8090c18968739a464a\u0026hashVersion=202208",
      "RequestMethod": "GET",
      "RequestHeaders": {
        "Accept": "*/*",
        "Accept-Encoding": "gzip, deflate",
        "Connection": "keep-alive",
        "Content-Type": "application/json; charset=UTF-8",
        "User-Agent": "azure-ai-ml/1.5.0 azsdk-python-core/1.26.3 Python/3.7.9 (Windows-10-10.0.22621-SP0)"
      },
      "RequestBody": null,
      "StatusCode": 200,
      "ResponseHeaders": {
        "Connection": "keep-alive",
        "Content-Encoding": "gzip",
        "Content-Type": "application/json; charset=utf-8",
        "Date": "Thu, 23 Feb 2023 21:45:07 GMT",
        "Request-Context": "appId=cid-v1:2d2e8e63-272e-4b3c-8598-4ee570a0e70d",
        "Strict-Transport-Security": "max-age=15724800; includeSubDomains; preload",
        "Transfer-Encoding": "chunked",
        "Vary": "Accept-Encoding",
        "x-aml-cluster": "vienna-eastus2-02",
        "X-Content-Type-Options": "nosniff",
        "x-ms-response-type": "standard",
        "x-request-time": "0.809"
      },
      "ResponseBody": {
        "snapshotType": "LocalFiles",
        "id": "9b43efc6-3388-4585-99dc-71aea82a739c",
        "root": {
          "name": "",
          "hash": null,
          "type": "Directory",
          "timestamp": "0001-01-01T00:00:00\u002B00:00",
          "sasUrl": null,
          "absoluteUrl": null,
          "sizeBytes": 0,
          "sizeSet": false,
          "children": {
            "COMPONENT_PLACEHOLDER": {
              "name": "COMPONENT_PLACEHOLDER",
              "hash": "2FF0E74A91489FE8DA41673EB1441D73",
              "type": "File",
              "timestamp": "0001-01-01T00:00:00\u002B00:00",
              "sasUrl": null,
              "absoluteUrl": null,
              "sizeBytes": 35,
              "sizeSet": true,
              "children": {}
            }
          }
        },
        "tags": {},
        "properties": {
          "hash_sha256": "d3c05b496c685e7e5a204e3cebc689086bd0f622c2975d8090c18968739a464a",
          "hash_version": "202208",
          "azureml.codeUri": "https://saveorz2izv2bas.blob.core.windows.net:443/000000000000000000000000000000000000/"
        },
        "description": null,
        "name": "e7a3f40e-eb47-4499-9b80-1e5d911878f8",
        "version": "1",
        "createdBy": {
          "userObjectId": "b3a957de-450c-4ca7-b2aa-88dd98c87fef",
          "userPuId": "10037FFEAD05DD5D",
          "userIdp": null,
          "userAltSecId": null,
          "userIss": "https://sts.windows.net/72f988bf-86f1-41af-91ab-2d7cd011db47/",
          "userTenantId": "72f988bf-86f1-41af-91ab-2d7cd011db47",
          "userName": "Diondra Peck",
          "upn": null
        },
        "createdTime": "2023-02-23T02:16:10.3151666\u002B00:00",
        "modifiedBy": {
          "userObjectId": "b3a957de-450c-4ca7-b2aa-88dd98c87fef",
          "userPuId": "10037FFEAD05DD5D",
          "userIdp": null,
          "userAltSecId": null,
          "userIss": "https://sts.windows.net/72f988bf-86f1-41af-91ab-2d7cd011db47/",
          "userTenantId": "72f988bf-86f1-41af-91ab-2d7cd011db47",
          "userName": "Diondra Peck",
          "upn": null
        },
        "modifiedTime": "2023-02-23T02:16:10.3151666\u002B00:00",
        "gitRepositoryCommit": null,
        "uri": "https://saveorz2izv2bas.blob.core.windows.net:443/000000000000000000000000000000000000/",
        "contentHash": "d3c05b496c685e7e5a204e3cebc689086bd0f622c2975d8090c18968739a464a",
        "hashVersion": "202208",
        "provisioningState": "Succeeded"
      }
    },
    {
      "RequestUri": "https://management.azure.com/subscriptions/00000000-0000-0000-0000-000000000/resourceGroups/00000/providers/Microsoft.MachineLearningServices/workspaces/00000/codes/e7a3f40e-eb47-4499-9b80-1e5d911878f8/versions/1?api-version=2022-05-01",
      "RequestMethod": "GET",
      "RequestHeaders": {
        "Accept": "application/json",
        "Accept-Encoding": "gzip, deflate",
        "Connection": "keep-alive",
        "User-Agent": "azure-ai-ml/1.5.0 azsdk-python-mgmt-machinelearningservices/0.1.0 Python/3.7.9 (Windows-10-10.0.22621-SP0)"
      },
      "RequestBody": null,
      "StatusCode": 200,
      "ResponseHeaders": {
        "Cache-Control": "no-cache",
        "Content-Encoding": "gzip",
        "Content-Type": "application/json; charset=utf-8",
        "Date": "Thu, 23 Feb 2023 21:45:09 GMT",
        "Expires": "-1",
        "Pragma": "no-cache",
        "Request-Context": "appId=cid-v1:2d2e8e63-272e-4b3c-8598-4ee570a0e70d",
        "Server-Timing": "traceparent;desc=\u002200-f3bd80a58ea50558f8d79be1d6abde90-e593705121a618d1-01\u0022",
        "Strict-Transport-Security": "max-age=31536000; includeSubDomains",
        "Transfer-Encoding": "chunked",
        "Vary": [
          "Accept-Encoding",
          "Accept-Encoding"
        ],
        "x-aml-cluster": "vienna-eastus2-02",
        "X-Content-Type-Options": "nosniff",
        "x-ms-correlation-request-id": "06b54029-59f7-4a5a-b9e5-9991a327e012",
        "x-ms-ratelimit-remaining-subscription-reads": "11990",
        "x-ms-response-type": "standard",
        "x-ms-routing-request-id": "WESTUS2:20230223T214509Z:06b54029-59f7-4a5a-b9e5-9991a327e012",
        "x-request-time": "0.504"
      },
      "ResponseBody": {
        "id": "/subscriptions/00000000-0000-0000-0000-000000000/resourceGroups/00000/providers/Microsoft.MachineLearningServices/workspaces/00000/codes/e7a3f40e-eb47-4499-9b80-1e5d911878f8/versions/1",
        "name": "1",
        "type": "Microsoft.MachineLearningServices/workspaces/codes/versions",
        "properties": {
          "description": null,
          "tags": {},
          "properties": {
            "hash_sha256": "0000000000000",
            "hash_version": "0000000000000"
          },
          "isArchived": false,
          "isAnonymous": false,
          "codeUri": "https://saveorz2izv2bas.blob.core.windows.net:443/000000000000000000000000000000000000/"
        },
        "systemData": {
          "createdAt": "2023-02-23T02:16:10.3151666\u002B00:00",
          "createdBy": "Diondra Peck",
          "createdByType": "User",
          "lastModifiedAt": "2023-02-23T02:16:10.3151666\u002B00:00",
          "lastModifiedBy": "Diondra Peck",
          "lastModifiedByType": "User"
        }
      }
    },
    {
      "RequestUri": "https://management.azure.com/subscriptions/00000000-0000-0000-0000-000000000/resourceGroups/00000/providers/Microsoft.MachineLearningServices/workspaces/00000/codes/e7a3f40e-eb47-4499-9b80-1e5d911878f8/versions/1?api-version=2022-05-01",
      "RequestMethod": "GET",
      "RequestHeaders": {
        "Accept": "application/json",
        "Accept-Encoding": "gzip, deflate",
        "Connection": "keep-alive",
        "User-Agent": "azure-ai-ml/1.5.0 azsdk-python-mgmt-machinelearningservices/0.1.0 Python/3.7.9 (Windows-10-10.0.22621-SP0)"
      },
      "RequestBody": null,
      "StatusCode": 200,
      "ResponseHeaders": {
        "Cache-Control": "no-cache",
        "Content-Encoding": "gzip",
        "Content-Type": "application/json; charset=utf-8",
        "Date": "Thu, 23 Feb 2023 21:45:09 GMT",
        "Expires": "-1",
        "Pragma": "no-cache",
        "Request-Context": "appId=cid-v1:2d2e8e63-272e-4b3c-8598-4ee570a0e70d",
        "Server-Timing": "traceparent;desc=\u002200-ea5fd7fa65893332eb02abac63e5bab2-50016470b7568cb4-01\u0022",
        "Strict-Transport-Security": "max-age=31536000; includeSubDomains",
        "Transfer-Encoding": "chunked",
        "Vary": [
          "Accept-Encoding",
          "Accept-Encoding"
        ],
        "x-aml-cluster": "vienna-eastus2-02",
        "X-Content-Type-Options": "nosniff",
        "x-ms-correlation-request-id": "490b4abf-2444-49bd-955c-146f842c2dee",
        "x-ms-ratelimit-remaining-subscription-reads": "11999",
        "x-ms-response-type": "standard",
        "x-ms-routing-request-id": "WESTUS2:20230223T214510Z:490b4abf-2444-49bd-955c-146f842c2dee",
        "x-request-time": "0.390"
      },
      "ResponseBody": {
        "id": "/subscriptions/00000000-0000-0000-0000-000000000/resourceGroups/00000/providers/Microsoft.MachineLearningServices/workspaces/00000/codes/e7a3f40e-eb47-4499-9b80-1e5d911878f8/versions/1",
        "name": "1",
        "type": "Microsoft.MachineLearningServices/workspaces/codes/versions",
        "properties": {
          "description": null,
          "tags": {},
          "properties": {
            "hash_sha256": "0000000000000",
            "hash_version": "0000000000000"
          },
          "isArchived": false,
          "isAnonymous": false,
          "codeUri": "https://saveorz2izv2bas.blob.core.windows.net:443/000000000000000000000000000000000000/"
        },
        "systemData": {
          "createdAt": "2023-02-23T02:16:10.3151666\u002B00:00",
          "createdBy": "Diondra Peck",
          "createdByType": "User",
          "lastModifiedAt": "2023-02-23T02:16:10.3151666\u002B00:00",
          "lastModifiedBy": "Diondra Peck",
          "lastModifiedByType": "User"
        }
      }
    },
    {
      "RequestUri": "https://management.azure.com/subscriptions/00000000-0000-0000-0000-000000000/resourceGroups/00000/providers/Microsoft.MachineLearningServices/workspaces/00000/components/azureml_anonymous/versions/18783b59-d1d7-da7a-2425-cf5d027afc38?api-version=2022-10-01",
      "RequestMethod": "PUT",
      "RequestHeaders": {
        "Accept": "application/json",
        "Accept-Encoding": "gzip, deflate",
        "Connection": "keep-alive",
        "Content-Length": "765",
        "Content-Type": "application/json",
        "User-Agent": "azure-ai-ml/1.5.0 azsdk-python-mgmt-machinelearningservices/0.1.0 Python/3.7.9 (Windows-10-10.0.22621-SP0)"
      },
      "RequestBody": {
        "properties": {
          "description": "Simple job that writes hello world to file.",
          "properties": {},
          "tags": {},
          "isAnonymous": true,
          "isArchived": false,
          "componentSpec": {
            "command": "echo \u0022Hello World\u0022 \u003E ${{outputs.component_out_path_2}}/helloworld.txt",
            "code": "azureml:/subscriptions/00000000-0000-0000-0000-000000000/resourceGroups/00000/providers/Microsoft.MachineLearningServices/workspaces/00000/codes/e7a3f40e-eb47-4499-9b80-1e5d911878f8/versions/1",
            "environment": "azureml:AzureML-sklearn-1.0-ubuntu20.04-py38-cpu:33",
            "name": "azureml_anonymous",
            "description": "Simple job that writes hello world to file.",
            "version": "1",
            "is_deterministic": true,
            "outputs": {
              "component_out_path_2": {
                "type": "uri_folder"
              }
            },
            "type": "command",
            "_source": "YAML.JOB"
          }
        }
      },
      "StatusCode": 201,
      "ResponseHeaders": {
        "Cache-Control": "no-cache",
        "Content-Length": "1635",
        "Content-Type": "application/json; charset=utf-8",
        "Date": "Thu, 23 Feb 2023 21:45:14 GMT",
        "Expires": "-1",
        "Location": "https://management.azure.com/subscriptions/00000000-0000-0000-0000-000000000/resourceGroups/00000/providers/Microsoft.MachineLearningServices/workspaces/00000/components/azureml_anonymous/versions/18783b59-d1d7-da7a-2425-cf5d027afc38?api-version=2022-10-01",
        "Pragma": "no-cache",
        "Request-Context": "appId=cid-v1:2d2e8e63-272e-4b3c-8598-4ee570a0e70d",
        "Server-Timing": "traceparent;desc=\u002200-86785d369991433dc44fd4711cc2ef8e-374288eb117217b7-01\u0022",
        "Strict-Transport-Security": "max-age=31536000; includeSubDomains",
        "x-aml-cluster": "vienna-eastus2-02",
        "X-Content-Type-Options": "nosniff",
        "x-ms-correlation-request-id": "e6a3c412-06f9-415a-b382-7a7d0e02a2d6",
        "x-ms-ratelimit-remaining-subscription-writes": "1199",
        "x-ms-response-type": "standard",
        "x-ms-routing-request-id": "WESTUS2:20230223T214514Z:e6a3c412-06f9-415a-b382-7a7d0e02a2d6",
        "x-request-time": "4.694"
      },
      "ResponseBody": {
        "id": "/subscriptions/00000000-0000-0000-0000-000000000/resourceGroups/00000/providers/Microsoft.MachineLearningServices/workspaces/00000/components/azureml_anonymous/versions/e7df3579-7b19-4a07-96e9-cc48b706a1fc",
        "name": "e7df3579-7b19-4a07-96e9-cc48b706a1fc",
        "type": "Microsoft.MachineLearningServices/workspaces/components/versions",
        "properties": {
          "description": null,
          "tags": {},
          "properties": {},
          "isArchived": false,
          "isAnonymous": true,
          "componentSpec": {
            "name": "azureml_anonymous",
            "version": "1",
            "is_deterministic": "True",
            "type": "command",
            "description": "Simple job that writes hello world to file.",
            "outputs": {
              "component_out_path_2": {
                "type": "uri_folder"
              }
            },
            "code": "azureml:/subscriptions/00000000-0000-0000-0000-000000000/resourceGroups/00000/providers/Microsoft.MachineLearningServices/workspaces/00000/codes/e7a3f40e-eb47-4499-9b80-1e5d911878f8/versions/1",
            "environment": "azureml://registries/azureml/environments/AzureML-sklearn-1.0-ubuntu20.04-py38-cpu/versions/33",
            "resources": {
              "instance_count": "1"
            },
            "command": "echo \u0022Hello World\u0022 \u003E ${{outputs.component_out_path_2}}/helloworld.txt",
            "$schema": "https://componentsdk.azureedge.net/jsonschema/CommandComponent.json"
          }
        },
        "systemData": {
          "createdAt": "2023-02-23T21:12:01.7766808\u002B00:00",
          "createdBy": "Diondra Peck",
          "createdByType": "User",
          "lastModifiedAt": "2023-02-23T21:12:01.842094\u002B00:00",
          "lastModifiedBy": "Diondra Peck",
          "lastModifiedByType": "User"
        }
      }
    },
    {
      "RequestUri": "https://management.azure.com/subscriptions/00000000-0000-0000-0000-000000000/resourceGroups/00000/providers/Microsoft.MachineLearningServices/workspaces/00000/components/azureml_anonymous/versions/ee3c093a-30f9-604e-cc63-266f634cadba?api-version=2022-10-01",
      "RequestMethod": "PUT",
      "RequestHeaders": {
        "Accept": "application/json",
        "Accept-Encoding": "gzip, deflate",
        "Connection": "keep-alive",
        "Content-Length": "782",
        "Content-Type": "application/json",
        "User-Agent": "azure-ai-ml/1.5.0 azsdk-python-mgmt-machinelearningservices/0.1.0 Python/3.7.9 (Windows-10-10.0.22621-SP0)"
      },
      "RequestBody": {
        "properties": {
          "description": "Simple job that writes hello world to file.",
          "properties": {},
          "tags": {},
          "isAnonymous": true,
          "isArchived": false,
          "componentSpec": {
            "command": "echo \u0022Hello World\u0022 \u003E ${{outputs.component_out_path_1}}/helloworld.txt",
            "code": "azureml:/subscriptions/00000000-0000-0000-0000-000000000/resourceGroups/00000/providers/Microsoft.MachineLearningServices/workspaces/00000/codes/e7a3f40e-eb47-4499-9b80-1e5d911878f8/versions/1",
            "environment": "azureml:AzureML-sklearn-1.0-ubuntu20.04-py38-cpu:33",
            "name": "azureml_anonymous",
            "description": "Simple job that writes hello world to file.",
            "version": "1",
            "is_deterministic": true,
            "outputs": {
              "component_out_path_1": {
                "type": "uri_folder",
                "mode": "mount"
              }
            },
            "type": "command",
            "_source": "YAML.JOB"
          }
        }
      },
      "StatusCode": 201,
      "ResponseHeaders": {
        "Cache-Control": "no-cache",
        "Content-Length": "1636",
        "Content-Type": "application/json; charset=utf-8",
        "Date": "Thu, 23 Feb 2023 21:45:15 GMT",
        "Expires": "-1",
        "Location": "https://management.azure.com/subscriptions/00000000-0000-0000-0000-000000000/resourceGroups/00000/providers/Microsoft.MachineLearningServices/workspaces/00000/components/azureml_anonymous/versions/ee3c093a-30f9-604e-cc63-266f634cadba?api-version=2022-10-01",
        "Pragma": "no-cache",
        "Request-Context": "appId=cid-v1:2d2e8e63-272e-4b3c-8598-4ee570a0e70d",
        "Server-Timing": "traceparent;desc=\u002200-4f84d6154b9dd7247f4256ad416937ae-932a6002d01379f2-01\u0022",
        "Strict-Transport-Security": "max-age=31536000; includeSubDomains",
        "x-aml-cluster": "vienna-eastus2-02",
        "X-Content-Type-Options": "nosniff",
        "x-ms-correlation-request-id": "862c7eb9-d053-436f-afd6-12d601dca896",
        "x-ms-ratelimit-remaining-subscription-writes": "1199",
        "x-ms-response-type": "standard",
        "x-ms-routing-request-id": "WESTUS2:20230223T214515Z:862c7eb9-d053-436f-afd6-12d601dca896",
        "x-request-time": "3.711"
      },
      "ResponseBody": {
        "id": "/subscriptions/00000000-0000-0000-0000-000000000/resourceGroups/00000/providers/Microsoft.MachineLearningServices/workspaces/00000/components/azureml_anonymous/versions/ad512e99-74f2-45ff-bf36-887b00b2dcc9",
        "name": "ad512e99-74f2-45ff-bf36-887b00b2dcc9",
        "type": "Microsoft.MachineLearningServices/workspaces/components/versions",
        "properties": {
          "description": null,
          "tags": {},
          "properties": {},
          "isArchived": false,
          "isAnonymous": true,
          "componentSpec": {
            "name": "azureml_anonymous",
            "version": "1",
            "is_deterministic": "True",
            "type": "command",
            "description": "Simple job that writes hello world to file.",
            "outputs": {
              "component_out_path_1": {
                "type": "uri_folder"
              }
            },
            "code": "azureml:/subscriptions/00000000-0000-0000-0000-000000000/resourceGroups/00000/providers/Microsoft.MachineLearningServices/workspaces/00000/codes/e7a3f40e-eb47-4499-9b80-1e5d911878f8/versions/1",
            "environment": "azureml://registries/azureml/environments/AzureML-sklearn-1.0-ubuntu20.04-py38-cpu/versions/33",
            "resources": {
              "instance_count": "1"
            },
            "command": "echo \u0022Hello World\u0022 \u003E ${{outputs.component_out_path_1}}/helloworld.txt",
            "$schema": "https://componentsdk.azureedge.net/jsonschema/CommandComponent.json"
          }
        },
        "systemData": {
          "createdAt": "2023-02-23T21:12:00.7222832\u002B00:00",
          "createdBy": "Diondra Peck",
          "createdByType": "User",
          "lastModifiedAt": "2023-02-23T21:12:00.8112475\u002B00:00",
          "lastModifiedBy": "Diondra Peck",
          "lastModifiedByType": "User"
        }
      }
    },
    {
      "RequestUri": "https://management.azure.com/subscriptions/00000000-0000-0000-0000-000000000/resourceGroups/00000/providers/Microsoft.MachineLearningServices/workspaces/00000/jobs/test_949348733858?api-version=2022-12-01-preview",
      "RequestMethod": "PUT",
      "RequestHeaders": {
        "Accept": "application/json",
        "Accept-Encoding": "gzip, deflate",
        "Connection": "keep-alive",
        "Content-Length": "1733",
        "Content-Type": "application/json",
        "User-Agent": "azure-ai-ml/1.5.0 azsdk-python-mgmt-machinelearningservices/0.1.0 Python/3.7.9 (Windows-10-10.0.22621-SP0)"
      },
      "RequestBody": {
        "properties": {
          "description": "The hello world pipeline job with inline command job having inputs",
          "properties": {},
          "tags": {
            "tag": "tagvalue",
            "owner": "sdkteam"
          },
          "computeId": "/subscriptions/00000000-0000-0000-0000-000000000/resourceGroups/00000/providers/Microsoft.MachineLearningServices/workspaces/00000/computes/cpu-cluster",
          "displayName": "test_949348733858",
          "experimentName": "azure-ai-ml",
          "isArchived": false,
          "jobType": "Pipeline",
          "inputs": {},
          "jobs": {
            "hello_world_inline_commandjob_1": {
              "name": "hello_world_inline_commandjob_1",
              "type": "command",
              "computeId": "/subscriptions/00000000-0000-0000-0000-000000000/resourceGroups/00000/providers/Microsoft.MachineLearningServices/workspaces/00000/computes/cpu-cluster",
              "outputs": {
                "component_out_path_1": {
                  "value": "${{parent.outputs.job_out_path_1}}",
                  "type": "literal"
                }
              },
              "_source": "YAML.JOB",
              "componentId": "/subscriptions/00000000-0000-0000-0000-000000000/resourceGroups/00000/providers/Microsoft.MachineLearningServices/workspaces/00000/components/azureml_anonymous/versions/ad512e99-74f2-45ff-bf36-887b00b2dcc9"
            },
            "hello_world_inline_commandjob_2": {
              "name": "hello_world_inline_commandjob_2",
              "type": "command",
              "computeId": "/subscriptions/00000000-0000-0000-0000-000000000/resourceGroups/00000/providers/Microsoft.MachineLearningServices/workspaces/00000/computes/cpu-cluster",
              "_source": "YAML.JOB",
              "componentId": "/subscriptions/00000000-0000-0000-0000-000000000/resourceGroups/00000/providers/Microsoft.MachineLearningServices/workspaces/00000/components/azureml_anonymous/versions/e7df3579-7b19-4a07-96e9-cc48b706a1fc"
            }
          },
          "outputs": {
            "job_out_path_1": {
              "mode": "ReadWriteMount",
              "jobOutputType": "uri_folder"
            }
          },
          "settings": {
            "_source": "YAML.JOB"
          }
        }
      },
      "StatusCode": 201,
      "ResponseHeaders": {
        "Cache-Control": "no-cache",
        "Content-Length": "3845",
        "Content-Type": "application/json; charset=utf-8",
        "Date": "Thu, 23 Feb 2023 21:45:21 GMT",
        "Expires": "-1",
        "Location": "https://management.azure.com/subscriptions/00000000-0000-0000-0000-000000000/resourceGroups/00000/providers/Microsoft.MachineLearningServices/workspaces/00000/jobs/test_949348733858?api-version=2022-12-01-preview",
        "Pragma": "no-cache",
        "Request-Context": "appId=cid-v1:2d2e8e63-272e-4b3c-8598-4ee570a0e70d",
        "Server-Timing": "traceparent;desc=\u002200-30ec8c704df0ea344a0eff0612096280-d187aefd48203f52-01\u0022",
        "Strict-Transport-Security": "max-age=31536000; includeSubDomains",
        "x-aml-cluster": "vienna-eastus2-02",
        "X-Content-Type-Options": "nosniff",
        "x-ms-correlation-request-id": "05c750bd-cbc4-4856-b9ab-a8f84632e052",
        "x-ms-ratelimit-remaining-subscription-writes": "1198",
        "x-ms-response-type": "standard",
        "x-ms-routing-request-id": "WESTUS2:20230223T214521Z:05c750bd-cbc4-4856-b9ab-a8f84632e052",
        "x-request-time": "3.183"
      },
      "ResponseBody": {
        "id": "/subscriptions/00000000-0000-0000-0000-000000000/resourceGroups/00000/providers/Microsoft.MachineLearningServices/workspaces/00000/jobs/test_949348733858",
        "name": "test_949348733858",
        "type": "Microsoft.MachineLearningServices/workspaces/jobs",
        "properties": {
          "description": "The hello world pipeline job with inline command job having inputs",
          "tags": {
            "tag": "tagvalue",
            "owner": "sdkteam"
          },
          "properties": {
            "azureml.DevPlatv2": "true",
            "azureml.runsource": "azureml.PipelineRun",
            "runSource": "MFE",
            "runType": "HTTP",
            "azureml.parameters": "{}",
            "azureml.continue_on_step_failure": "False",
            "azureml.continue_on_failed_optional_input": "True",
            "azureml.defaultComputeName": "cpu-cluster",
            "azureml.defaultDataStoreName": "workspaceblobstore",
            "azureml.pipelineComponent": "pipelinerun"
          },
          "displayName": "test_949348733858",
          "status": "Preparing",
          "experimentName": "azure-ai-ml",
          "services": {
            "Tracking": {
              "jobServiceType": "Tracking",
              "port": null,
              "endpoint": "azureml://eastus2.api.azureml.ms/mlflow/v1.0/subscriptions/00000000-0000-0000-0000-000000000/resourceGroups/00000/providers/Microsoft.MachineLearningServices/workspaces/00000?",
              "status": null,
              "errorMessage": null,
              "properties": null,
              "nodes": null
            },
            "Studio": {
              "jobServiceType": "Studio",
              "port": null,
              "endpoint": "https://ml.azure.com/runs/test_949348733858?wsid=/subscriptions/00000000-0000-0000-0000-000000000/resourcegroups/00000/workspaces/00000",
              "status": null,
              "errorMessage": null,
              "properties": null,
              "nodes": null
            }
          },
          "computeId": "/subscriptions/00000000-0000-0000-0000-000000000/resourceGroups/00000/providers/Microsoft.MachineLearningServices/workspaces/00000/computes/cpu-cluster",
          "isArchived": false,
          "identity": null,
          "componentId": null,
          "jobType": "Pipeline",
          "settings": {
            "_source": "YAML.JOB"
          },
          "jobs": {
            "hello_world_inline_commandjob_1": {
              "name": "hello_world_inline_commandjob_1",
              "type": "command",
              "computeId": "/subscriptions/00000000-0000-0000-0000-000000000/resourceGroups/00000/providers/Microsoft.MachineLearningServices/workspaces/00000/computes/cpu-cluster",
              "outputs": {
                "component_out_path_1": {
                  "value": "${{parent.outputs.job_out_path_1}}",
                  "type": "literal"
                }
              },
              "_source": "YAML.JOB",
              "componentId": "/subscriptions/00000000-0000-0000-0000-000000000/resourceGroups/00000/providers/Microsoft.MachineLearningServices/workspaces/00000/components/azureml_anonymous/versions/ad512e99-74f2-45ff-bf36-887b00b2dcc9"
            },
            "hello_world_inline_commandjob_2": {
              "name": "hello_world_inline_commandjob_2",
              "type": "command",
              "computeId": "/subscriptions/00000000-0000-0000-0000-000000000/resourceGroups/00000/providers/Microsoft.MachineLearningServices/workspaces/00000/computes/cpu-cluster",
              "_source": "YAML.JOB",
              "componentId": "/subscriptions/00000000-0000-0000-0000-000000000/resourceGroups/00000/providers/Microsoft.MachineLearningServices/workspaces/00000/components/azureml_anonymous/versions/e7df3579-7b19-4a07-96e9-cc48b706a1fc"
            }
          },
          "inputs": {},
          "outputs": {
            "job_out_path_1": {
              "description": null,
              "uri": null,
              "assetName": null,
              "assetVersion": null,
              "mode": "ReadWriteMount",
              "jobOutputType": "uri_folder"
            }
          },
          "sourceJobId": null
        },
        "systemData": {
          "createdAt": "2023-02-23T21:45:20.1967165\u002B00:00",
          "createdBy": "Diondra Peck",
          "createdByType": "User"
        }
      }
    },
    {
      "RequestUri": "https://management.azure.com/subscriptions/00000000-0000-0000-0000-000000000/resourceGroups/00000/providers/Microsoft.MachineLearningServices/workspaces/00000/jobs/test_949348733858?api-version=2022-12-01-preview",
      "RequestMethod": "GET",
      "RequestHeaders": {
        "Accept": "application/json",
        "Accept-Encoding": "gzip, deflate",
        "Connection": "keep-alive",
        "User-Agent": "azure-ai-ml/1.5.0 azsdk-python-mgmt-machinelearningservices/0.1.0 Python/3.7.9 (Windows-10-10.0.22621-SP0)"
      },
      "RequestBody": null,
      "StatusCode": 200,
      "ResponseHeaders": {
        "Cache-Control": "no-cache",
        "Content-Encoding": "gzip",
        "Content-Type": "application/json; charset=utf-8",
        "Date": "Thu, 23 Feb 2023 21:45:26 GMT",
        "Expires": "-1",
        "Pragma": "no-cache",
        "Request-Context": "appId=cid-v1:2d2e8e63-272e-4b3c-8598-4ee570a0e70d",
        "Server-Timing": "traceparent;desc=\u002200-29797c2702dbdc04cf7987182559b67a-727a83b1ba4d2065-01\u0022",
        "Strict-Transport-Security": "max-age=31536000; includeSubDomains",
        "Transfer-Encoding": "chunked",
        "Vary": [
          "Accept-Encoding",
          "Accept-Encoding"
        ],
        "x-aml-cluster": "vienna-eastus2-02",
        "X-Content-Type-Options": "nosniff",
        "x-ms-correlation-request-id": "b539e4e4-1768-4637-931b-d99a5ee67186",
        "x-ms-ratelimit-remaining-subscription-reads": "11998",
        "x-ms-response-type": "standard",
        "x-ms-routing-request-id": "WESTUS2:20230223T214526Z:b539e4e4-1768-4637-931b-d99a5ee67186",
        "x-request-time": "0.119"
      },
      "ResponseBody": {
        "id": "/subscriptions/00000000-0000-0000-0000-000000000/resourceGroups/00000/providers/Microsoft.MachineLearningServices/workspaces/00000/jobs/test_949348733858",
        "name": "test_949348733858",
        "type": "Microsoft.MachineLearningServices/workspaces/jobs",
        "properties": {
          "description": "The hello world pipeline job with inline command job having inputs",
          "tags": {
            "tag": "tagvalue",
            "owner": "sdkteam"
          },
          "properties": {
            "azureml.DevPlatv2": "true",
            "azureml.runsource": "azureml.PipelineRun",
            "runSource": "MFE",
            "runType": "HTTP",
            "azureml.parameters": "{}",
            "azureml.continue_on_step_failure": "False",
            "azureml.continue_on_failed_optional_input": "True",
            "azureml.defaultComputeName": "cpu-cluster",
            "azureml.defaultDataStoreName": "workspaceblobstore",
            "azureml.pipelineComponent": "pipelinerun",
            "azureml.pipelines.stages": "{\u0022Initialization\u0022:null,\u0022Execution\u0022:{\u0022StartTime\u0022:\u00222023-02-23T21:45:21.548049\u002B00:00\u0022,\u0022EndTime\u0022:\u00222023-02-23T21:45:22.1572078\u002B00:00\u0022,\u0022Status\u0022:\u0022Finished\u0022}}"
          },
          "displayName": "test_949348733858",
          "status": "Completed",
          "experimentName": "azure-ai-ml",
          "services": {
            "Tracking": {
              "jobServiceType": "Tracking",
              "port": null,
              "endpoint": "azureml://eastus2.api.azureml.ms/mlflow/v1.0/subscriptions/00000000-0000-0000-0000-000000000/resourceGroups/00000/providers/Microsoft.MachineLearningServices/workspaces/00000?",
              "status": null,
              "errorMessage": null,
              "properties": null,
              "nodes": null
            },
            "Studio": {
              "jobServiceType": "Studio",
              "port": null,
              "endpoint": "https://ml.azure.com/runs/test_949348733858?wsid=/subscriptions/00000000-0000-0000-0000-000000000/resourcegroups/00000/workspaces/00000",
              "status": null,
              "errorMessage": null,
              "properties": null,
              "nodes": null
            }
          },
          "computeId": "/subscriptions/00000000-0000-0000-0000-000000000/resourceGroups/00000/providers/Microsoft.MachineLearningServices/workspaces/00000/computes/cpu-cluster",
          "isArchived": false,
          "identity": null,
          "componentId": null,
          "jobType": "Pipeline",
          "settings": {
            "_source": "YAML.JOB"
          },
          "jobs": {
            "hello_world_inline_commandjob_1": {
              "name": "hello_world_inline_commandjob_1",
              "type": "command",
              "computeId": "/subscriptions/00000000-0000-0000-0000-000000000/resourceGroups/00000/providers/Microsoft.MachineLearningServices/workspaces/00000/computes/cpu-cluster",
              "outputs": {
                "component_out_path_1": {
                  "value": "${{parent.outputs.job_out_path_1}}",
                  "type": "literal"
                }
              },
              "_source": "YAML.JOB",
              "componentId": "/subscriptions/00000000-0000-0000-0000-000000000/resourceGroups/00000/providers/Microsoft.MachineLearningServices/workspaces/00000/components/azureml_anonymous/versions/ad512e99-74f2-45ff-bf36-887b00b2dcc9"
            },
            "hello_world_inline_commandjob_2": {
              "name": "hello_world_inline_commandjob_2",
              "type": "command",
              "computeId": "/subscriptions/00000000-0000-0000-0000-000000000/resourceGroups/00000/providers/Microsoft.MachineLearningServices/workspaces/00000/computes/cpu-cluster",
              "_source": "YAML.JOB",
              "componentId": "/subscriptions/00000000-0000-0000-0000-000000000/resourceGroups/00000/providers/Microsoft.MachineLearningServices/workspaces/00000/components/azureml_anonymous/versions/e7df3579-7b19-4a07-96e9-cc48b706a1fc"
            }
          },
          "inputs": {},
          "outputs": {
            "job_out_path_1": {
              "description": null,
              "uri": null,
              "assetName": null,
              "assetVersion": null,
              "mode": "ReadWriteMount",
              "jobOutputType": "uri_folder"
            }
          },
          "sourceJobId": null
        },
        "systemData": {
          "createdAt": "2023-02-23T21:45:20.1967165\u002B00:00",
          "createdBy": "Diondra Peck",
          "createdByType": "User"
        }
      }
    },
    {
      "RequestUri": "https://management.azure.com/subscriptions/00000000-0000-0000-0000-000000000/resourceGroups/00000/providers/Microsoft.MachineLearningServices/workspaces/00000/jobs/test_949348733858?api-version=2022-12-01-preview",
      "RequestMethod": "GET",
      "RequestHeaders": {
        "Accept": "application/json",
        "Accept-Encoding": "gzip, deflate",
        "Connection": "keep-alive",
        "User-Agent": "azure-ai-ml/1.5.0 azsdk-python-mgmt-machinelearningservices/0.1.0 Python/3.7.9 (Windows-10-10.0.22621-SP0)"
      },
      "RequestBody": null,
      "StatusCode": 200,
      "ResponseHeaders": {
        "Cache-Control": "no-cache",
        "Content-Encoding": "gzip",
        "Content-Type": "application/json; charset=utf-8",
        "Date": "Thu, 23 Feb 2023 21:45:28 GMT",
        "Expires": "-1",
        "Pragma": "no-cache",
        "Request-Context": "appId=cid-v1:2d2e8e63-272e-4b3c-8598-4ee570a0e70d",
        "Server-Timing": "traceparent;desc=\u002200-29af6fa2fb065f1930ef76e7c974bfa6-fa3fdcb23456699a-01\u0022",
        "Strict-Transport-Security": "max-age=31536000; includeSubDomains",
        "Transfer-Encoding": "chunked",
        "Vary": [
          "Accept-Encoding",
          "Accept-Encoding"
        ],
        "x-aml-cluster": "vienna-eastus2-02",
        "X-Content-Type-Options": "nosniff",
        "x-ms-correlation-request-id": "ab5fbf86-d9b2-4d56-9907-29f5eaf93af6",
        "x-ms-ratelimit-remaining-subscription-reads": "11997",
        "x-ms-response-type": "standard",
        "x-ms-routing-request-id": "WESTUS2:20230223T214528Z:ab5fbf86-d9b2-4d56-9907-29f5eaf93af6",
        "x-request-time": "0.134"
      },
      "ResponseBody": {
        "id": "/subscriptions/00000000-0000-0000-0000-000000000/resourceGroups/00000/providers/Microsoft.MachineLearningServices/workspaces/00000/jobs/test_949348733858",
        "name": "test_949348733858",
        "type": "Microsoft.MachineLearningServices/workspaces/jobs",
        "properties": {
          "description": "The hello world pipeline job with inline command job having inputs",
          "tags": {
            "tag": "tagvalue",
            "owner": "sdkteam"
          },
          "properties": {
            "azureml.DevPlatv2": "true",
            "azureml.runsource": "azureml.PipelineRun",
            "runSource": "MFE",
            "runType": "HTTP",
            "azureml.parameters": "{}",
            "azureml.continue_on_step_failure": "False",
            "azureml.continue_on_failed_optional_input": "True",
            "azureml.defaultComputeName": "cpu-cluster",
            "azureml.defaultDataStoreName": "workspaceblobstore",
            "azureml.pipelineComponent": "pipelinerun",
            "azureml.pipelines.stages": "{\u0022Initialization\u0022:null,\u0022Execution\u0022:{\u0022StartTime\u0022:\u00222023-02-23T21:45:21.548049\u002B00:00\u0022,\u0022EndTime\u0022:\u00222023-02-23T21:45:22.1572078\u002B00:00\u0022,\u0022Status\u0022:\u0022Finished\u0022}}"
          },
          "displayName": "test_949348733858",
          "status": "Completed",
          "experimentName": "azure-ai-ml",
          "services": {
            "Tracking": {
              "jobServiceType": "Tracking",
              "port": null,
              "endpoint": "azureml://eastus2.api.azureml.ms/mlflow/v1.0/subscriptions/00000000-0000-0000-0000-000000000/resourceGroups/00000/providers/Microsoft.MachineLearningServices/workspaces/00000?",
              "status": null,
              "errorMessage": null,
              "properties": null,
              "nodes": null
            },
            "Studio": {
              "jobServiceType": "Studio",
              "port": null,
              "endpoint": "https://ml.azure.com/runs/test_949348733858?wsid=/subscriptions/00000000-0000-0000-0000-000000000/resourcegroups/00000/workspaces/00000",
              "status": null,
              "errorMessage": null,
              "properties": null,
              "nodes": null
            }
          },
          "computeId": "/subscriptions/00000000-0000-0000-0000-000000000/resourceGroups/00000/providers/Microsoft.MachineLearningServices/workspaces/00000/computes/cpu-cluster",
          "isArchived": false,
          "identity": null,
          "componentId": null,
          "jobType": "Pipeline",
          "settings": {
            "_source": "YAML.JOB"
          },
          "jobs": {
            "hello_world_inline_commandjob_1": {
              "name": "hello_world_inline_commandjob_1",
              "type": "command",
              "computeId": "/subscriptions/00000000-0000-0000-0000-000000000/resourceGroups/00000/providers/Microsoft.MachineLearningServices/workspaces/00000/computes/cpu-cluster",
              "outputs": {
                "component_out_path_1": {
                  "value": "${{parent.outputs.job_out_path_1}}",
                  "type": "literal"
                }
              },
              "_source": "YAML.JOB",
              "componentId": "/subscriptions/00000000-0000-0000-0000-000000000/resourceGroups/00000/providers/Microsoft.MachineLearningServices/workspaces/00000/components/azureml_anonymous/versions/ad512e99-74f2-45ff-bf36-887b00b2dcc9"
            },
            "hello_world_inline_commandjob_2": {
              "name": "hello_world_inline_commandjob_2",
              "type": "command",
              "computeId": "/subscriptions/00000000-0000-0000-0000-000000000/resourceGroups/00000/providers/Microsoft.MachineLearningServices/workspaces/00000/computes/cpu-cluster",
              "_source": "YAML.JOB",
              "componentId": "/subscriptions/00000000-0000-0000-0000-000000000/resourceGroups/00000/providers/Microsoft.MachineLearningServices/workspaces/00000/components/azureml_anonymous/versions/e7df3579-7b19-4a07-96e9-cc48b706a1fc"
            }
          },
          "inputs": {},
          "outputs": {
            "job_out_path_1": {
              "description": null,
              "uri": null,
              "assetName": null,
              "assetVersion": null,
              "mode": "ReadWriteMount",
              "jobOutputType": "uri_folder"
            }
          },
          "sourceJobId": null
        },
        "systemData": {
          "createdAt": "2023-02-23T21:45:20.1967165\u002B00:00",
          "createdBy": "Diondra Peck",
          "createdByType": "User"
        }
      }
    },
    {
      "RequestUri": "https://management.azure.com/subscriptions/00000000-0000-0000-0000-000000000/resourceGroups/00000/providers/Microsoft.MachineLearningServices/workspaces/00000?api-version=2022-12-01-preview",
      "RequestMethod": "GET",
      "RequestHeaders": {
        "Accept": "application/json",
        "Accept-Encoding": "gzip, deflate",
        "Connection": "keep-alive",
        "User-Agent": "azure-ai-ml/1.5.0 azsdk-python-mgmt-machinelearningservices/0.1.0 Python/3.7.9 (Windows-10-10.0.22621-SP0)"
      },
      "RequestBody": null,
      "StatusCode": 200,
      "ResponseHeaders": {
        "Cache-Control": "no-cache",
        "Content-Encoding": "gzip",
        "Content-Type": "application/json; charset=utf-8",
        "Date": "Thu, 23 Feb 2023 21:45:32 GMT",
        "Expires": "-1",
        "Pragma": "no-cache",
        "Request-Context": "appId=cid-v1:2d2e8e63-272e-4b3c-8598-4ee570a0e70d",
        "Server-Timing": "traceparent;desc=\u002200-1357207dee26a86fefe94f2448ed167c-ca6d4686a1acd8fd-01\u0022",
        "Strict-Transport-Security": "max-age=31536000; includeSubDomains",
        "Transfer-Encoding": "chunked",
        "Vary": [
          "Accept-Encoding",
          "Accept-Encoding"
        ],
        "x-aml-cluster": "vienna-eastus2-02",
        "X-Content-Type-Options": "nosniff",
        "x-ms-correlation-request-id": "5e7ae2f3-24e2-41e3-9068-5f3b9b0c42a2",
        "x-ms-ratelimit-remaining-subscription-reads": "11996",
        "x-ms-response-type": "standard",
        "x-ms-routing-request-id": "WESTUS2:20230223T214533Z:5e7ae2f3-24e2-41e3-9068-5f3b9b0c42a2",
        "x-request-time": "0.188"
      },
      "ResponseBody": {
        "id": "/subscriptions/00000000-0000-0000-0000-000000000/resourceGroups/00000/providers/Microsoft.MachineLearningServices/workspaces/00000",
        "name": "00000",
        "type": "Microsoft.MachineLearningServices/workspaces",
        "location": "eastus2",
        "tags": {},
        "etag": null,
        "properties": {
          "friendlyName": "00000",
          "description": "",
          "storageAccount": "/subscriptions/00000000-0000-0000-0000-000000000/resourceGroups/00000/providers/Microsoft.Storage/storageAccounts/saveorz2izv2bas",
          "keyVault": "/subscriptions/00000000-0000-0000-0000-000000000/resourceGroups/00000/providers/Microsoft.Keyvault/vaults/kvtest4k4d3fds6sjxs",
          "applicationInsights": "/subscriptions/00000000-0000-0000-0000-000000000/resourceGroups/00000/providers/Microsoft.insights/components/aiveorz2izv2bas",
          "hbiWorkspace": false,
          "tenantId": "72f988bf-86f1-41af-91ab-2d7cd011db47",
          "imageBuildCompute": null,
          "provisioningState": "Succeeded",
          "v1LegacyMode": false,
          "softDeleteEnabled": false,
          "containerRegistry": "/subscriptions/00000000-0000-0000-0000-000000000/resourceGroups/00000/providers/Microsoft.ContainerRegistry/registries/crveorz2izv2bas",
          "notebookInfo": {
            "resourceId": "0000000-0000-0000-0000-000000000000",
            "fqdn": "ml-sdkvnextcli-eastus2-2d1e66ae-85e3-42c0-be91-34de66397f26.eastus2.notebooks.azure.net",
            "isPrivateLinkEnabled": false,
            "notebookPreparationError": null
          },
          "storageHnsEnabled": false,
          "workspaceId": "2d1e66ae-85e3-42c0-be91-34de66397f26",
          "linkedModelInventoryArmId": null,
          "privateLinkCount": 0,
          "publicNetworkAccess": "Enabled",
          "discoveryUrl": "https://eastus2.api.azureml.ms/discovery",
          "mlFlowTrackingUri": "azureml://eastus2.api.azureml.ms/mlflow/v1.0/subscriptions/00000000-0000-0000-0000-000000000/resourceGroups/00000/providers/Microsoft.MachineLearningServices/workspaces/00000",
          "sdkTelemetryAppInsightsKey": "0000000-0000-0000-0000-000000000000",
          "sasGetterUri": "",
          "enableDataIsolation": false
        },
        "identity": {
          "type": "SystemAssigned",
          "principalId": "0000000-0000-0000-0000-000000000000",
          "tenantId": "72f988bf-86f1-41af-91ab-2d7cd011db47"
        },
        "kind": "Default",
        "sku": {
          "name": "Basic",
          "tier": "Basic"
        },
        "systemData": {
          "createdAt": "2023-02-23T02:09:00.5159669Z",
          "createdBy": "dipeck@microsoft.com",
          "createdByType": "User",
          "lastModifiedAt": "2023-02-23T02:09:00.5159669Z",
          "lastModifiedBy": "dipeck@microsoft.com",
          "lastModifiedByType": "User"
        }
      }
    },
    {
      "RequestUri": "https://eastus2.api.azureml.ms/discovery",
      "RequestMethod": "GET",
      "RequestHeaders": {
        "Accept": "*/*",
        "Accept-Encoding": "gzip, deflate",
        "Connection": "keep-alive",
        "User-Agent": "azure-ai-ml/1.5.0 azsdk-python-core/1.26.3 Python/3.7.9 (Windows-10-10.0.22621-SP0)"
      },
      "RequestBody": null,
      "StatusCode": 200,
      "ResponseHeaders": {
        "Access-Control-Allow-Credentials": "false",
        "Access-Control-Allow-Origin": "*",
        "Access-Control-Expose-Headers": "Content-Length, Content-Range, Content-Type, Retry-After, Location, x-request-time, x-ms-client-request-id",
        "Access-Control-Max-Age": "2520",
        "Connection": "keep-alive",
        "Content-Encoding": "gzip",
        "Content-Type": "application/json; charset=utf-8",
        "Date": "Thu, 23 Feb 2023 21:45:33 GMT",
        "Request-Context": "appId=cid-v1:2d2e8e63-272e-4b3c-8598-4ee570a0e70d",
        "Server-Timing": "traceparent;desc=\u002200-d97f37b7e7f3506e401407750ce97d0a-9d718aa3afa75a00-00\u0022",
        "Strict-Transport-Security": "max-age=15724800; includeSubDomains; preload",
        "Transfer-Encoding": "chunked",
        "Vary": "Accept-Encoding",
        "x-aml-cluster": "vienna-eastus2-02",
        "X-Content-Type-Options": [
          "nosniff",
          "nosniff"
        ],
        "x-ms-response-type": "standard",
        "x-request-time": "0.101"
      },
      "ResponseBody": {
        "api": "https://eastus2.api.azureml.ms",
        "catalog": "https://catalog.cortanaanalytics.com",
        "experimentation": "https://eastus2.experiments.azureml.net",
        "gallery": "https://gallery.cortanaintelligence.com/project",
        "history": "https://eastus2.experiments.azureml.net",
        "hyperdrive": "https://eastus2.experiments.azureml.net",
        "labeling": "https://eastus2.experiments.azureml.net",
        "modelmanagement": "https://eastus2.modelmanagement.azureml.net",
        "pipelines": "https://eastus2.aether.ms",
        "studio": "https://ml.azure.com"
      }
    },
    {
      "RequestUri": "https://eastus2.api.azureml.ms/history/v1.0/subscriptions/00000000-0000-0000-0000-000000000/resourceGroups/00000/providers/Microsoft.MachineLearningServices/workspaces/00000/runs/test_949348733858/children",
      "RequestMethod": "GET",
      "RequestHeaders": {
        "Accept": "application/json",
        "Accept-Encoding": "gzip, deflate",
        "Connection": "keep-alive",
        "User-Agent": "azure-ai-ml/1.5.0 azsdk-python-mgmt-machinelearningservices/0.1.0 Python/3.7.9 (Windows-10-10.0.22621-SP0)"
      },
      "RequestBody": null,
      "StatusCode": 200,
      "ResponseHeaders": {
        "Connection": "keep-alive",
        "Content-Encoding": "gzip",
        "Content-Type": "application/json; charset=utf-8",
        "Date": "Thu, 23 Feb 2023 21:45:37 GMT",
        "Request-Context": "appId=cid-v1:2d2e8e63-272e-4b3c-8598-4ee570a0e70d",
        "Strict-Transport-Security": "max-age=15724800; includeSubDomains; preload",
        "Transfer-Encoding": "chunked",
        "Vary": "Accept-Encoding",
        "x-aml-cluster": "vienna-eastus2-02",
        "X-Content-Type-Options": "nosniff",
        "x-ms-response-type": "standard",
        "x-request-time": "0.113"
      },
      "ResponseBody": {
        "value": [
          {
            "runNumber": 1677188721,
            "rootRunId": "test_949348733858",
            "createdUtc": "2023-02-23T21:45:21.6893428\u002B00:00",
            "createdBy": {
              "userObjectId": "b3a957de-450c-4ca7-b2aa-88dd98c87fef",
              "userPuId": "10037FFEAD05DD5D",
              "userIdp": null,
              "userAltSecId": null,
              "userIss": "https://sts.windows.net/72f988bf-86f1-41af-91ab-2d7cd011db47/",
              "userTenantId": "72f988bf-86f1-41af-91ab-2d7cd011db47",
              "userName": "Diondra Peck",
              "upn": null
            },
            "userId": "b3a957de-450c-4ca7-b2aa-88dd98c87fef",
            "token": null,
            "tokenExpiryTimeUtc": null,
            "error": null,
            "warnings": null,
            "revision": 2,
            "statusRevision": 0,
            "runUuid": "fe80ccf5-82c6-49c7-8f2c-a9d0f272d4e3",
            "parentRunUuid": "f305ddc8-f416-418d-81d7-0f9ed2a4a5f5",
            "rootRunUuid": "f305ddc8-f416-418d-81d7-0f9ed2a4a5f5",
            "lastStartTimeUtc": null,
            "currentComputeTime": null,
            "computeDuration": "00:00:00.0480097",
            "effectiveStartTimeUtc": null,
            "lastModifiedBy": {
              "userObjectId": "b3a957de-450c-4ca7-b2aa-88dd98c87fef",
              "userPuId": "10037FFEAD05DD5D",
              "userIdp": null,
              "userAltSecId": null,
              "userIss": "https://sts.windows.net/72f988bf-86f1-41af-91ab-2d7cd011db47/",
              "userTenantId": "72f988bf-86f1-41af-91ab-2d7cd011db47",
              "userName": "Diondra Peck",
              "upn": null
            },
            "lastModifiedUtc": "2023-02-23T21:45:21.6893428\u002B00:00",
            "duration": "00:00:00.0480097",
            "cancelationReason": null,
            "currentAttemptId": null,
            "runId": "963d5430-390c-4802-a4b3-9d2b97738fee",
            "parentRunId": "test_949348733858",
            "experimentId": "7a70681f-6bc0-4637-a0fa-dda075252721",
            "status": "Completed",
            "startTimeUtc": "2023-02-23T21:45:21.6893428\u002B00:00",
            "endTimeUtc": "2023-02-23T21:45:21.7373525\u002B00:00",
            "scheduleId": null,
            "displayName": "hello_world_inline_commandjob_2",
            "name": "azureml_anonymous",
            "dataContainerId": "dcid.9146e8cf-2c9c-4a43-8fea-b08a38e34c87",
            "description": null,
            "hidden": false,
            "runType": "azureml.StepRun",
            "runTypeV2": {
              "orchestrator": null,
              "traits": [
                "azureml.StepRun"
              ],
              "attribution": null,
              "computeType": null
            },
            "properties": {
              "azureml.isreused": "true",
              "azureml.reusedrunid": "9146e8cf-2c9c-4a43-8fea-b08a38e34c87",
              "azureml.reusednodeid": "2e1d9d3e",
              "azureml.reusedpipeline": "test_215383168621",
              "azureml.reusedpipelinerunid": "test_215383168621",
              "azureml.runsource": "azureml.StepRun",
              "azureml.nodeid": "e3833144",
              "ContentSnapshotId": "9b43efc6-3388-4585-99dc-71aea82a739c",
              "StepType": "PythonScriptStep",
              "ComputeTargetType": "AmlCompute",
              "azureml.moduleid": "e7df3579-7b19-4a07-96e9-cc48b706a1fc",
              "azureml.moduleName": "azureml_anonymous",
              "azureml.moduleVersion": "1",
              "azureml.pipeline": "test_949348733858",
              "azureml.pipelinerunid": "test_949348733858",
              "azureml.DevPlatv2": "true",
              "azureml.pipelineComponent": "masterescloud",
              "_azureml.ComputeTargetType": "amlctrain",
              "ProcessInfoFile": "azureml-logs/process_info.json",
              "ProcessStatusFile": "azureml-logs/process_status.json"
            },
            "parameters": {},
            "actionUris": {
              "Cancel": "https://eastus2.api.azureml.ms/studioservice/apiv2/subscriptions/00000000-0000-0000-0000-000000000/resourceGroups/00000/workspaces/00000/runs/963d5430-390c-4802-a4b3-9d2b97738fee/Cancel"
            },
            "scriptName": null,
            "target": "cpu-cluster",
            "uniqueChildRunComputeTargets": [],
            "tags": {
              "azureml.nodeid": "e3833144",
              "azureml.pipeline": "test_949348733858",
              "_aml_system_ComputeTargetStatus": "{\u0022AllocationState\u0022:\u0022steady\u0022,\u0022PreparingNodeCount\u0022:0,\u0022RunningNodeCount\u0022:4,\u0022CurrentNodeCount\u0022:4}"
            },
            "settings": {},
            "services": {},
            "inputDatasets": [],
            "outputDatasets": [],
            "runDefinition": null,
            "jobSpecification": null,
            "primaryMetricName": null,
            "createdFrom": null,
            "cancelUri": "https://eastus2.api.azureml.ms/studioservice/apiv2/subscriptions/00000000-0000-0000-0000-000000000/resourceGroups/00000/workspaces/00000/runs/963d5430-390c-4802-a4b3-9d2b97738fee/Cancel",
            "completeUri": null,
            "diagnosticsUri": null,
            "computeRequest": null,
            "compute": null,
            "retainForLifetimeOfWorkspace": null,
            "queueingInfo": null,
            "inputs": null,
            "outputs": null
          },
          {
            "runNumber": 1677188721,
            "rootRunId": "test_949348733858",
            "createdUtc": "2023-02-23T21:45:21.7310003\u002B00:00",
            "createdBy": {
              "userObjectId": "b3a957de-450c-4ca7-b2aa-88dd98c87fef",
              "userPuId": "10037FFEAD05DD5D",
              "userIdp": null,
              "userAltSecId": null,
              "userIss": "https://sts.windows.net/72f988bf-86f1-41af-91ab-2d7cd011db47/",
              "userTenantId": "72f988bf-86f1-41af-91ab-2d7cd011db47",
              "userName": "Diondra Peck",
              "upn": null
            },
            "userId": "b3a957de-450c-4ca7-b2aa-88dd98c87fef",
            "token": null,
            "tokenExpiryTimeUtc": null,
            "error": null,
            "warnings": null,
            "revision": 2,
            "statusRevision": 0,
            "runUuid": "4ccc746e-e862-4371-8824-20e7fb2ea2b6",
            "parentRunUuid": "f305ddc8-f416-418d-81d7-0f9ed2a4a5f5",
            "rootRunUuid": "f305ddc8-f416-418d-81d7-0f9ed2a4a5f5",
            "lastStartTimeUtc": null,
            "currentComputeTime": null,
            "computeDuration": "00:00:00.0539715",
            "effectiveStartTimeUtc": null,
            "lastModifiedBy": {
              "userObjectId": "b3a957de-450c-4ca7-b2aa-88dd98c87fef",
              "userPuId": "10037FFEAD05DD5D",
              "userIdp": null,
              "userAltSecId": null,
              "userIss": "https://sts.windows.net/72f988bf-86f1-41af-91ab-2d7cd011db47/",
              "userTenantId": "72f988bf-86f1-41af-91ab-2d7cd011db47",
              "userName": "Diondra Peck",
              "upn": null
            },
            "lastModifiedUtc": "2023-02-23T21:45:21.7310003\u002B00:00",
            "duration": "00:00:00.0539715",
            "cancelationReason": null,
            "currentAttemptId": null,
            "runId": "3b1793b9-f785-41d9-8490-6eb4398bf6b7",
            "parentRunId": "test_949348733858",
            "experimentId": "7a70681f-6bc0-4637-a0fa-dda075252721",
            "status": "Completed",
            "startTimeUtc": "2023-02-23T21:45:21.7310003\u002B00:00",
            "endTimeUtc": "2023-02-23T21:45:21.7849718\u002B00:00",
            "scheduleId": null,
            "displayName": "hello_world_inline_commandjob_1",
            "name": "azureml_anonymous",
            "dataContainerId": "dcid.762637b5-7414-45e8-aae1-fe77a5861521",
            "description": null,
            "hidden": false,
            "runType": "azureml.StepRun",
            "runTypeV2": {
              "orchestrator": null,
              "traits": [
                "azureml.StepRun"
              ],
              "attribution": null,
              "computeType": null
            },
            "properties": {
              "azureml.isreused": "true",
              "azureml.reusedrunid": "762637b5-7414-45e8-aae1-fe77a5861521",
              "azureml.reusednodeid": "025b5ac4",
              "azureml.reusedpipeline": "test_215383168621",
              "azureml.reusedpipelinerunid": "test_215383168621",
              "azureml.runsource": "azureml.StepRun",
              "azureml.nodeid": "241c62e1",
              "ContentSnapshotId": "9b43efc6-3388-4585-99dc-71aea82a739c",
              "StepType": "PythonScriptStep",
              "ComputeTargetType": "AmlCompute",
              "azureml.moduleid": "ad512e99-74f2-45ff-bf36-887b00b2dcc9",
              "azureml.moduleName": "azureml_anonymous",
              "azureml.moduleVersion": "1",
              "azureml.pipeline": "test_949348733858",
              "azureml.pipelinerunid": "test_949348733858",
              "azureml.DevPlatv2": "true",
              "azureml.pipelineComponent": "masterescloud",
              "_azureml.ComputeTargetType": "amlctrain",
              "ProcessInfoFile": "azureml-logs/process_info.json",
              "ProcessStatusFile": "azureml-logs/process_status.json"
            },
            "parameters": {},
            "actionUris": {
              "Cancel": "https://eastus2.api.azureml.ms/studioservice/apiv2/subscriptions/00000000-0000-0000-0000-000000000/resourceGroups/00000/workspaces/00000/runs/3b1793b9-f785-41d9-8490-6eb4398bf6b7/Cancel"
            },
            "scriptName": null,
            "target": "cpu-cluster",
            "uniqueChildRunComputeTargets": [],
            "tags": {
              "azureml.nodeid": "241c62e1",
              "azureml.pipeline": "test_949348733858",
              "_aml_system_ComputeTargetStatus": "{\u0022AllocationState\u0022:\u0022steady\u0022,\u0022PreparingNodeCount\u0022:0,\u0022RunningNodeCount\u0022:4,\u0022CurrentNodeCount\u0022:4}"
            },
            "settings": {},
            "services": {},
            "inputDatasets": [],
            "outputDatasets": [],
            "runDefinition": null,
            "jobSpecification": null,
            "primaryMetricName": null,
            "createdFrom": null,
            "cancelUri": "https://eastus2.api.azureml.ms/studioservice/apiv2/subscriptions/00000000-0000-0000-0000-000000000/resourceGroups/00000/workspaces/00000/runs/3b1793b9-f785-41d9-8490-6eb4398bf6b7/Cancel",
            "completeUri": null,
            "diagnosticsUri": null,
            "computeRequest": null,
            "compute": null,
            "retainForLifetimeOfWorkspace": null,
            "queueingInfo": null,
            "inputs": null,
            "outputs": null
          }
        ]
      }
    },
    {
      "RequestUri": "https://management.azure.com/subscriptions/00000000-0000-0000-0000-000000000/resourceGroups/00000/providers/Microsoft.MachineLearningServices/workspaces/00000/jobs/3b1793b9-f785-41d9-8490-6eb4398bf6b7?api-version=2022-12-01-preview",
      "RequestMethod": "GET",
      "RequestHeaders": {
        "Accept": "application/json",
        "Accept-Encoding": "gzip, deflate",
        "Connection": "keep-alive",
        "User-Agent": "azure-ai-ml/1.5.0 azsdk-python-mgmt-machinelearningservices/0.1.0 Python/3.7.9 (Windows-10-10.0.22621-SP0)"
      },
      "RequestBody": null,
      "StatusCode": 200,
      "ResponseHeaders": {
        "Cache-Control": "no-cache",
        "Content-Encoding": "gzip",
        "Content-Type": "application/json; charset=utf-8",
        "Date": "Thu, 23 Feb 2023 21:45:37 GMT",
        "Expires": "-1",
        "Pragma": "no-cache",
        "Request-Context": "appId=cid-v1:2d2e8e63-272e-4b3c-8598-4ee570a0e70d",
        "Server-Timing": "traceparent;desc=\u002200-9e3ff3732491b716a8df7ab2d3947310-a98016dc07e4d2e7-01\u0022",
        "Strict-Transport-Security": "max-age=31536000; includeSubDomains",
        "Transfer-Encoding": "chunked",
        "Vary": [
          "Accept-Encoding",
          "Accept-Encoding"
        ],
        "x-aml-cluster": "vienna-eastus2-02",
        "X-Content-Type-Options": "nosniff",
        "x-ms-correlation-request-id": "2865fec3-f8f7-42ed-b1b0-7adf97c4c9ae",
        "x-ms-ratelimit-remaining-subscription-reads": "11995",
        "x-ms-response-type": "standard",
        "x-ms-routing-request-id": "WESTUS2:20230223T214537Z:2865fec3-f8f7-42ed-b1b0-7adf97c4c9ae",
        "x-request-time": "0.190"
      },
      "ResponseBody": {
        "id": "/subscriptions/00000000-0000-0000-0000-000000000/resourceGroups/00000/providers/Microsoft.MachineLearningServices/workspaces/00000/jobs/3b1793b9-f785-41d9-8490-6eb4398bf6b7",
        "name": "3b1793b9-f785-41d9-8490-6eb4398bf6b7",
        "type": "Microsoft.MachineLearningServices/workspaces/jobs",
        "systemData": {
          "createdAt": "2023-02-23T21:45:21.7310003\u002B00:00",
          "createdBy": "Diondra Peck",
          "createdByType": "User"
        }
      }
    },
    {
      "RequestUri": "https://eastus2.api.azureml.ms/history/v1.0/subscriptions/00000000-0000-0000-0000-000000000/resourceGroups/00000/providers/Microsoft.MachineLearningServices/workspaces/00000/runs/3b1793b9-f785-41d9-8490-6eb4398bf6b7",
      "RequestMethod": "GET",
      "RequestHeaders": {
        "Accept": "application/json",
        "Accept-Encoding": "gzip, deflate",
        "Connection": "keep-alive",
        "User-Agent": "azure-ai-ml/1.5.0 azsdk-python-mgmt-machinelearningservices/0.1.0 Python/3.7.9 (Windows-10-10.0.22621-SP0)"
      },
      "RequestBody": null,
      "StatusCode": 200,
      "ResponseHeaders": {
        "Connection": "keep-alive",
        "Content-Encoding": "gzip",
        "Content-Type": "application/json; charset=utf-8",
        "Date": "Thu, 23 Feb 2023 21:45:38 GMT",
        "Request-Context": "appId=cid-v1:2d2e8e63-272e-4b3c-8598-4ee570a0e70d",
        "Strict-Transport-Security": "max-age=15724800; includeSubDomains; preload",
        "Transfer-Encoding": "chunked",
        "Vary": "Accept-Encoding",
        "x-aml-cluster": "vienna-eastus2-02",
        "X-Content-Type-Options": "nosniff",
        "x-ms-response-type": "standard",
        "x-request-time": "0.076"
      },
      "ResponseBody": {
        "runNumber": 1677188721,
        "rootRunId": "test_949348733858",
        "createdUtc": "2023-02-23T21:45:21.7310003\u002B00:00",
        "createdBy": {
          "userObjectId": "b3a957de-450c-4ca7-b2aa-88dd98c87fef",
          "userPuId": "10037FFEAD05DD5D",
          "userIdp": null,
          "userAltSecId": null,
          "userIss": "https://sts.windows.net/72f988bf-86f1-41af-91ab-2d7cd011db47/",
          "userTenantId": "72f988bf-86f1-41af-91ab-2d7cd011db47",
          "userName": "Diondra Peck",
          "upn": null
        },
        "userId": "b3a957de-450c-4ca7-b2aa-88dd98c87fef",
        "token": null,
        "tokenExpiryTimeUtc": null,
        "error": null,
        "warnings": null,
        "revision": 2,
        "statusRevision": 0,
        "runUuid": "4ccc746e-e862-4371-8824-20e7fb2ea2b6",
        "parentRunUuid": "f305ddc8-f416-418d-81d7-0f9ed2a4a5f5",
        "rootRunUuid": "f305ddc8-f416-418d-81d7-0f9ed2a4a5f5",
        "lastStartTimeUtc": null,
        "currentComputeTime": null,
        "computeDuration": "00:00:00.0539715",
        "effectiveStartTimeUtc": null,
        "lastModifiedBy": {
          "userObjectId": "b3a957de-450c-4ca7-b2aa-88dd98c87fef",
          "userPuId": "10037FFEAD05DD5D",
          "userIdp": null,
          "userAltSecId": null,
          "userIss": "https://sts.windows.net/72f988bf-86f1-41af-91ab-2d7cd011db47/",
          "userTenantId": "72f988bf-86f1-41af-91ab-2d7cd011db47",
          "userName": "Diondra Peck",
          "upn": null
        },
        "lastModifiedUtc": "2023-02-23T21:45:21.7310003\u002B00:00",
        "duration": "00:00:00.0539715",
        "cancelationReason": null,
        "currentAttemptId": null,
        "runId": "3b1793b9-f785-41d9-8490-6eb4398bf6b7",
        "parentRunId": "test_949348733858",
        "experimentId": "7a70681f-6bc0-4637-a0fa-dda075252721",
        "status": "Completed",
        "startTimeUtc": "2023-02-23T21:45:21.7310003\u002B00:00",
        "endTimeUtc": "2023-02-23T21:45:21.7849718\u002B00:00",
        "scheduleId": null,
        "displayName": "hello_world_inline_commandjob_1",
        "name": "azureml_anonymous",
        "dataContainerId": "dcid.762637b5-7414-45e8-aae1-fe77a5861521",
        "description": null,
        "hidden": false,
        "runType": "azureml.StepRun",
        "runTypeV2": {
          "orchestrator": null,
          "traits": [
            "azureml.StepRun"
          ],
          "attribution": null,
          "computeType": null
        },
        "properties": {
          "azureml.isreused": "true",
          "azureml.reusedrunid": "762637b5-7414-45e8-aae1-fe77a5861521",
          "azureml.reusednodeid": "025b5ac4",
          "azureml.reusedpipeline": "test_215383168621",
          "azureml.reusedpipelinerunid": "test_215383168621",
          "azureml.runsource": "azureml.StepRun",
          "azureml.nodeid": "241c62e1",
          "ContentSnapshotId": "9b43efc6-3388-4585-99dc-71aea82a739c",
          "StepType": "PythonScriptStep",
          "ComputeTargetType": "AmlCompute",
          "azureml.moduleid": "ad512e99-74f2-45ff-bf36-887b00b2dcc9",
          "azureml.moduleName": "azureml_anonymous",
          "azureml.moduleVersion": "1",
          "azureml.pipeline": "test_949348733858",
          "azureml.pipelinerunid": "test_949348733858",
          "azureml.DevPlatv2": "true",
          "azureml.pipelineComponent": "masterescloud",
          "_azureml.ComputeTargetType": "amlctrain",
          "ProcessInfoFile": "azureml-logs/process_info.json",
          "ProcessStatusFile": "azureml-logs/process_status.json"
        },
        "parameters": {},
        "actionUris": {
          "Cancel": "https://eastus2.api.azureml.ms/studioservice/apiv2/subscriptions/00000000-0000-0000-0000-000000000/resourceGroups/00000/workspaces/00000/runs/3b1793b9-f785-41d9-8490-6eb4398bf6b7/Cancel"
        },
        "scriptName": null,
        "target": "cpu-cluster",
        "uniqueChildRunComputeTargets": [],
        "tags": {
          "azureml.nodeid": "241c62e1",
          "azureml.pipeline": "test_949348733858",
          "_aml_system_ComputeTargetStatus": "{\u0022AllocationState\u0022:\u0022steady\u0022,\u0022PreparingNodeCount\u0022:0,\u0022RunningNodeCount\u0022:4,\u0022CurrentNodeCount\u0022:4}"
        },
        "settings": {},
        "services": {},
        "inputDatasets": [],
        "outputDatasets": [],
        "runDefinition": null,
        "jobSpecification": null,
        "primaryMetricName": null,
        "createdFrom": null,
        "cancelUri": "https://eastus2.api.azureml.ms/studioservice/apiv2/subscriptions/00000000-0000-0000-0000-000000000/resourceGroups/00000/workspaces/00000/runs/3b1793b9-f785-41d9-8490-6eb4398bf6b7/Cancel",
        "completeUri": null,
        "diagnosticsUri": null,
        "computeRequest": null,
        "compute": null,
        "retainForLifetimeOfWorkspace": null,
        "queueingInfo": null,
        "inputs": null,
        "outputs": null
      }
    }
  ],
  "Variables": {
    "name": "test_949348733858"
  }
}
