{
  "Entries": [
    {
      "RequestUri": "https://management.azure.com/subscriptions/00000000-0000-0000-0000-000000000/resourceGroups/00000/providers/Microsoft.MachineLearningServices/workspaces/00000/computes/cpu-cluster?api-version=2022-01-01-preview",
      "RequestMethod": "GET",
      "RequestHeaders": {
        "Accept": "application/json",
        "Accept-Encoding": "gzip, deflate",
        "Connection": "keep-alive",
        "User-Agent": "azure-ai-ml/0.0.139 azsdk-python-mgmt-machinelearningservices/0.1.0 Python/3.8.6 (Windows-10-10.0.22000-SP0)"
      },
      "RequestBody": null,
      "StatusCode": 200,
      "ResponseHeaders": {
        "Cache-Control": "no-cache",
        "Content-Encoding": "gzip",
        "Content-Type": "application/json; charset=utf-8",
        "Date": "Wed, 14 Sep 2022 21:44:35 GMT",
        "Expires": "-1",
        "Pragma": "no-cache",
        "Request-Context": "appId=cid-v1:17d65b70-e9ce-4ed5-9347-1f660ec782e9",
        "Server-Timing": "traceparent;desc=\u002200-729f2c12e94060785ead1d7571f9417b-3e3bbcff5098556a-01\u0022",
        "Strict-Transport-Security": "max-age=31536000; includeSubDomains",
        "Transfer-Encoding": "chunked",
        "Vary": [
          "Accept-Encoding",
          "Accept-Encoding"
        ],
        "x-aml-cluster": "vienna-eastus2euap-02",
        "X-Content-Type-Options": "nosniff",
        "x-ms-correlation-request-id": "ac6fa5fc-08ae-4353-962e-cb13f7da3d3a",
        "x-ms-ratelimit-remaining-subscription-reads": "11959",
        "x-ms-response-type": "standard",
        "x-ms-routing-request-id": "CANADACENTRAL:20220914T214436Z:ac6fa5fc-08ae-4353-962e-cb13f7da3d3a",
        "x-request-time": "0.044"
      },
      "ResponseBody": {
        "id": "/subscriptions/00000000-0000-0000-0000-000000000/resourceGroups/00000/providers/Microsoft.MachineLearningServices/workspaces/00000/computes/cpu-cluster",
        "name": "cpu-cluster",
        "type": "Microsoft.MachineLearningServices/workspaces/computes",
        "location": "eastus2euap",
        "tags": {},
        "properties": {
          "createdOn": "2022-09-12T00:11:27.8158938\u002B00:00",
          "modifiedOn": "2022-09-12T00:11:46.4464557\u002B00:00",
          "disableLocalAuth": false,
          "description": null,
          "resourceId": null,
          "computeType": "AmlCompute",
          "computeLocation": "eastus2euap",
          "provisioningState": "Succeeded",
          "provisioningErrors": null,
          "isAttachedCompute": false,
          "properties": {
            "vmSize": "STANDARD_DS2_V2",
            "vmPriority": "Dedicated",
            "scaleSettings": {
              "maxNodeCount": 4,
              "minNodeCount": 0,
              "nodeIdleTimeBeforeScaleDown": "PT2M"
            },
            "subnet": null,
            "currentNodeCount": 4,
            "targetNodeCount": 4,
            "nodeStateCounts": {
              "preparingNodeCount": 0,
              "runningNodeCount": 4,
              "idleNodeCount": 0,
              "unusableNodeCount": 0,
              "leavingNodeCount": 0,
              "preemptedNodeCount": 0
            },
            "allocationState": "Steady",
            "allocationStateTransitionTime": "2022-09-14T21:34:32.642\u002B00:00",
            "errors": null,
            "remoteLoginPortPublicAccess": "Enabled",
            "osType": "Linux",
            "virtualMachineImage": null,
            "isolatedNetwork": false,
            "propertyBag": {}
          }
        }
      }
    },
    {
      "RequestUri": "https://management.azure.com/subscriptions/00000000-0000-0000-0000-000000000/resourceGroups/00000/providers/Microsoft.MachineLearningServices/workspaces/00000/datastores/workspaceblobstore?api-version=2022-05-01",
      "RequestMethod": "GET",
      "RequestHeaders": {
        "Accept": "application/json",
        "Accept-Encoding": "gzip, deflate",
        "Connection": "keep-alive",
        "User-Agent": "azure-ai-ml/0.0.139 azsdk-python-mgmt-machinelearningservices/0.1.0 Python/3.8.6 (Windows-10-10.0.22000-SP0)"
      },
      "RequestBody": null,
      "StatusCode": 200,
      "ResponseHeaders": {
        "Cache-Control": "no-cache",
        "Content-Encoding": "gzip",
        "Content-Type": "application/json; charset=utf-8",
        "Date": "Wed, 14 Sep 2022 21:44:36 GMT",
        "Expires": "-1",
        "Pragma": "no-cache",
        "Request-Context": "appId=cid-v1:17d65b70-e9ce-4ed5-9347-1f660ec782e9",
        "Server-Timing": "traceparent;desc=\u002200-064d651f4f2ad18b5ce5681003aa303f-92f05057d0e596a4-01\u0022",
        "Strict-Transport-Security": "max-age=31536000; includeSubDomains",
        "Transfer-Encoding": "chunked",
        "Vary": [
          "Accept-Encoding",
          "Accept-Encoding"
        ],
        "x-aml-cluster": "vienna-eastus2euap-01",
        "X-Content-Type-Options": "nosniff",
        "x-ms-correlation-request-id": "930087a9-cb17-4924-b09a-bbb7632a2462",
        "x-ms-ratelimit-remaining-subscription-reads": "11958",
        "x-ms-response-type": "standard",
        "x-ms-routing-request-id": "CANADACENTRAL:20220914T214437Z:930087a9-cb17-4924-b09a-bbb7632a2462",
        "x-request-time": "0.108"
      },
      "ResponseBody": {
        "id": "/subscriptions/00000000-0000-0000-0000-000000000/resourceGroups/00000/providers/Microsoft.MachineLearningServices/workspaces/00000/datastores/workspaceblobstore",
        "name": "workspaceblobstore",
        "type": "Microsoft.MachineLearningServices/workspaces/datastores",
        "properties": {
          "description": null,
          "tags": null,
          "properties": null,
          "isDefault": true,
          "credentials": {
            "credentialsType": "AccountKey"
          },
          "datastoreType": "AzureBlob",
          "accountName": "sagh4dshas62md4",
          "containerName": "azureml-blobstore-ef5fd6ab-1b1a-4f8e-9635-014821c166f8",
          "endpoint": "core.windows.net",
          "protocol": "https",
          "serviceDataAccessAuthIdentity": "WorkspaceSystemAssignedIdentity"
        },
        "systemData": {
          "createdAt": "2022-09-12T00:11:18.2362953\u002B00:00",
          "createdBy": "779301c0-18b2-4cdc-801b-a0a3368fee0a",
          "createdByType": "Application",
          "lastModifiedAt": "2022-09-12T00:11:18.7663673\u002B00:00",
          "lastModifiedBy": "779301c0-18b2-4cdc-801b-a0a3368fee0a",
          "lastModifiedByType": "Application"
        }
      }
    },
    {
      "RequestUri": "https://management.azure.com/subscriptions/00000000-0000-0000-0000-000000000/resourceGroups/00000/providers/Microsoft.MachineLearningServices/workspaces/00000/datastores/workspaceblobstore/listSecrets?api-version=2022-05-01",
      "RequestMethod": "POST",
      "RequestHeaders": {
        "Accept": "application/json",
        "Accept-Encoding": "gzip, deflate",
        "Connection": "keep-alive",
        "Content-Length": "0",
        "User-Agent": "azure-ai-ml/0.0.139 azsdk-python-mgmt-machinelearningservices/0.1.0 Python/3.8.6 (Windows-10-10.0.22000-SP0)"
      },
      "RequestBody": null,
      "StatusCode": 200,
      "ResponseHeaders": {
        "Cache-Control": "no-cache",
        "Content-Encoding": "gzip",
        "Content-Type": "application/json; charset=utf-8",
        "Date": "Wed, 14 Sep 2022 21:44:37 GMT",
        "Expires": "-1",
        "Pragma": "no-cache",
        "Request-Context": "appId=cid-v1:17d65b70-e9ce-4ed5-9347-1f660ec782e9",
        "Server-Timing": "traceparent;desc=\u002200-166b509b15ecbbe74c43d09e8150e6ae-a0064ab6e33665c7-01\u0022",
        "Strict-Transport-Security": "max-age=31536000; includeSubDomains",
        "Transfer-Encoding": "chunked",
        "Vary": "Accept-Encoding",
        "x-aml-cluster": "vienna-eastus2euap-01",
        "X-Content-Type-Options": "nosniff",
        "x-ms-correlation-request-id": "810a4321-91e0-49c7-8e54-b6f9d6aff644",
        "x-ms-ratelimit-remaining-subscription-writes": "1166",
        "x-ms-response-type": "standard",
        "x-ms-routing-request-id": "CANADACENTRAL:20220914T214437Z:810a4321-91e0-49c7-8e54-b6f9d6aff644",
        "x-request-time": "0.094"
      },
      "ResponseBody": {
        "secretsType": "AccountKey",
        "key": "dGhpcyBpcyBmYWtlIGtleQ=="
      }
    },
    {
      "RequestUri": "https://sagh4dshas62md4.blob.core.windows.net/azureml-blobstore-ef5fd6ab-1b1a-4f8e-9635-014821c166f8/LocalUpload/000000000000000000000/train_src/train.py",
      "RequestMethod": "HEAD",
      "RequestHeaders": {
        "Accept": "application/xml",
        "Accept-Encoding": "gzip, deflate",
        "Connection": "keep-alive",
        "User-Agent": "azsdk-python-storage-blob/12.12.0 Python/3.8.6 (Windows-10-10.0.22000-SP0)",
        "x-ms-date": "Wed, 14 Sep 2022 21:44:36 GMT",
        "x-ms-version": "2021-06-08"
      },
      "RequestBody": null,
      "StatusCode": 404,
      "ResponseHeaders": {
        "Date": "Wed, 14 Sep 2022 21:44:37 GMT",
        "Server": [
          "Windows-Azure-Blob/1.0",
          "Microsoft-HTTPAPI/2.0"
        ],
        "Transfer-Encoding": "chunked",
        "Vary": "Origin",
        "x-ms-error-code": "BlobNotFound",
        "x-ms-version": "2021-06-08"
      },
      "ResponseBody": null
    },
    {
      "RequestUri": "https://sagh4dshas62md4.blob.core.windows.net/azureml-blobstore-ef5fd6ab-1b1a-4f8e-9635-014821c166f8/LocalUpload/000000000000000000000/train_src/train.py",
      "RequestMethod": "PUT",
      "RequestHeaders": {
        "Accept": "application/xml",
        "Accept-Encoding": "gzip, deflate",
        "Connection": "keep-alive",
        "Content-Length": "1502",
        "Content-MD5": "zAix1RSwqgjraik/VOQjSg==",
        "Content-Type": "application/octet-stream",
        "If-None-Match": "*",
        "User-Agent": "azsdk-python-storage-blob/12.12.0 Python/3.8.6 (Windows-10-10.0.22000-SP0)",
        "x-ms-blob-type": "BlockBlob",
        "x-ms-date": "Wed, 14 Sep 2022 21:44:36 GMT",
        "x-ms-version": "2021-06-08"
      },
      "RequestBody": "aW1wb3J0IGFyZ3BhcnNlDQppbXBvcnQgb3MNCmZyb20gZGF0ZXRpbWUgaW1wb3J0IGRhdGV0aW1lDQpmcm9tIHBhdGhsaWIgaW1wb3J0IFBhdGgNCmZyb20gdXVpZCBpbXBvcnQgdXVpZDQNCg0KcGFyc2VyID0gYXJncGFyc2UuQXJndW1lbnRQYXJzZXIoInRyYWluIikNCnBhcnNlci5hZGRfYXJndW1lbnQoIi0tdHJhaW5pbmdfZGF0YSIsIHR5cGU9c3RyLCBoZWxwPSJQYXRoIHRvIHRyYWluaW5nIGRhdGEiKQ0KcGFyc2VyLmFkZF9hcmd1bWVudCgiLS1tYXhfZXBvY2hzIiwgdHlwZT1pbnQsIGhlbHA9Ik1heCAjIG9mIGVwb2NocyBmb3IgdGhlIHRyYWluaW5nIikNCnBhcnNlci5hZGRfYXJndW1lbnQoIi0tbGVhcm5pbmdfcmF0ZSIsIHR5cGU9ZmxvYXQsIGhlbHA9IkxlYXJuaW5nIHJhdGUiKQ0KcGFyc2VyLmFkZF9hcmd1bWVudCgiLS1sZWFybmluZ19yYXRlX3NjaGVkdWxlIiwgdHlwZT1zdHIsIGhlbHA9IkxlYXJuaW5nIHJhdGUgc2NoZWR1bGUiKQ0KcGFyc2VyLmFkZF9hcmd1bWVudCgiLS1tb2RlbF9vdXRwdXQiLCB0eXBlPXN0ciwgaGVscD0iUGF0aCBvZiBvdXRwdXQgbW9kZWwiKQ0KDQphcmdzID0gcGFyc2VyLnBhcnNlX2FyZ3MoKQ0KDQpwcmludCgiaGVsbG8gdHJhaW5pbmcgd29ybGQuLi4iKQ0KDQpsaW5lcyA9IFsNCiAgICBmIlRyYWluaW5nIGRhdGEgcGF0aDoge2FyZ3MudHJhaW5pbmdfZGF0YX0iLA0KICAgIGYiTWF4IGVwb2Noczoge2FyZ3MubWF4X2Vwb2Noc30iLA0KICAgIGYiTGVhcm5pbmcgcmF0ZToge2FyZ3MubGVhcm5pbmdfcmF0ZX0iLA0KICAgIGYiTGVhcm5pbmcgcmF0ZToge2FyZ3MubGVhcm5pbmdfcmF0ZV9zY2hlZHVsZX0iLA0KICAgIGYiTW9kZWwgb3V0cHV0IHBhdGg6IHthcmdzLm1vZGVsX291dHB1dH0iLA0KXQ0KDQpmb3IgbGluZSBpbiBsaW5lczoNCiAgICBwcmludChsaW5lKQ0KDQpwcmludCgibW91bnRlZF9wYXRoIGZpbGVzOiAiKQ0KYXJyID0gb3MubGlzdGRpcihhcmdzLnRyYWluaW5nX2RhdGEpDQpwcmludChhcnIpDQoNCmZvciBmaWxlbmFtZSBpbiBhcnI6DQogICAgcHJpbnQoInJlYWRpbmcgZmlsZTogJXMgLi4uIiAlIGZpbGVuYW1lKQ0KICAgIHdpdGggb3Blbihvcy5wYXRoLmpvaW4oYXJncy50cmFpbmluZ19kYXRhLCBmaWxlbmFtZSksICJyIikgYXMgaGFuZGxlOg0KICAgICAgICBwcmludChoYW5kbGUucmVhZCgpKQ0KDQoNCiMgRG8gdGhlIHRyYWluIGFuZCBzYXZlIHRoZSB0cmFpbmVkIG1vZGVsIGFzIGEgZmlsZSBpbnRvIHRoZSBvdXRwdXQgZm9sZGVyLg0KIyBIZXJlIG9ubHkgb3V0cHV0IGEgZHVtbXkgZGF0YSBmb3IgZGVtby4NCmN1cnRpbWUgPSBkYXRldGltZS5ub3coKS5zdHJmdGltZSgiJWItJWQtJVkgJUg6JU06JVMiKQ0KbW9kZWwgPSBmIlRoaXMgaXMgYSBkdW1teSBtb2RlbCB3aXRoIGlkOiB7c3RyKHV1aWQ0KCkpfSBnZW5lcmF0ZWQgYXQ6IHtjdXJ0aW1lfVxuIg0KKFBhdGgoYXJncy5tb2RlbF9vdXRwdXQpIC8gIm1vZGVsLnR4dCIpLndyaXRlX3RleHQobW9kZWwpDQo=",
      "StatusCode": 201,
      "ResponseHeaders": {
        "Content-Length": "0",
        "Content-MD5": "zAix1RSwqgjraik/VOQjSg==",
        "Date": "Wed, 14 Sep 2022 21:44:37 GMT",
        "ETag": "\u00220x8DA969A526AF2E0\u0022",
        "Last-Modified": "Wed, 14 Sep 2022 21:44:37 GMT",
        "Server": [
          "Windows-Azure-Blob/1.0",
          "Microsoft-HTTPAPI/2.0"
        ],
        "x-ms-content-crc64": "NNazGlRjp\u002Bs=",
        "x-ms-request-server-encrypted": "true",
        "x-ms-version": "2021-06-08"
      },
      "ResponseBody": null
    },
    {
      "RequestUri": "https://sagh4dshas62md4.blob.core.windows.net/azureml-blobstore-ef5fd6ab-1b1a-4f8e-9635-014821c166f8/LocalUpload/000000000000000000000/train_src/train.py?comp=metadata",
      "RequestMethod": "PUT",
      "RequestHeaders": {
        "Accept": "application/xml",
        "Accept-Encoding": "gzip, deflate",
        "Connection": "keep-alive",
        "Content-Length": "0",
        "User-Agent": "azsdk-python-storage-blob/12.12.0 Python/3.8.6 (Windows-10-10.0.22000-SP0)",
        "x-ms-date": "Wed, 14 Sep 2022 21:44:36 GMT",
        "x-ms-meta-name": "000000000000000000000",
        "x-ms-meta-upload_status": "completed",
        "x-ms-meta-version": "1",
        "x-ms-version": "2021-06-08"
      },
      "RequestBody": null,
      "StatusCode": 200,
      "ResponseHeaders": {
        "Content-Length": "0",
        "Date": "Wed, 14 Sep 2022 21:44:37 GMT",
        "ETag": "\u00220x8DA969A527133E9\u0022",
        "Last-Modified": "Wed, 14 Sep 2022 21:44:37 GMT",
        "Server": [
          "Windows-Azure-Blob/1.0",
          "Microsoft-HTTPAPI/2.0"
        ],
        "x-ms-request-server-encrypted": "true",
        "x-ms-version": "2021-06-08"
      },
      "ResponseBody": null
    },
    {
      "RequestUri": "https://management.azure.com/subscriptions/00000000-0000-0000-0000-000000000/resourceGroups/00000/providers/Microsoft.MachineLearningServices/workspaces/00000/codes/000000000000000000000/versions/1?api-version=2022-05-01",
      "RequestMethod": "PUT",
      "RequestHeaders": {
        "Accept": "application/json",
        "Accept-Encoding": "gzip, deflate",
        "Connection": "keep-alive",
        "Content-Length": "342",
        "Content-Type": "application/json",
        "User-Agent": "azure-ai-ml/0.0.139 azsdk-python-mgmt-machinelearningservices/0.1.0 Python/3.8.6 (Windows-10-10.0.22000-SP0)"
      },
      "RequestBody": {
        "properties": {
          "properties": {
            "hash_sha256": "1903f575464dec762e31e38e9002d127aa955e0036399932dd6ace7307c9f3ab",
            "hash_version": "202208"
          },
          "isAnonymous": true,
          "isArchived": false,
          "codeUri": "https://sagh4dshas62md4.blob.core.windows.net/azureml-blobstore-ef5fd6ab-1b1a-4f8e-9635-014821c166f8/LocalUpload/000000000000000000000/train_src"
        }
      },
      "StatusCode": 201,
      "ResponseHeaders": {
        "Cache-Control": "no-cache",
        "Content-Length": "968",
        "Content-Type": "application/json; charset=utf-8",
        "Date": "Wed, 14 Sep 2022 21:44:38 GMT",
        "Expires": "-1",
        "Location": "https://management.azure.com/subscriptions/00000000-0000-0000-0000-000000000/resourceGroups/00000/providers/Microsoft.MachineLearningServices/workspaces/00000/codes/000000000000000000000/versions/1?api-version=2022-05-01",
        "Pragma": "no-cache",
        "Request-Context": "appId=cid-v1:17d65b70-e9ce-4ed5-9347-1f660ec782e9",
        "Server-Timing": "traceparent;desc=\u002200-90f036350a655ddd111d936802a381d1-2f8ce42297f72c7b-01\u0022",
        "Strict-Transport-Security": "max-age=31536000; includeSubDomains",
        "x-aml-cluster": "vienna-eastus2euap-01",
        "X-Content-Type-Options": "nosniff",
        "x-ms-correlation-request-id": "1fbe0097-f4b3-4ca8-9f5c-24f8676a5ea8",
        "x-ms-ratelimit-remaining-subscription-writes": "1170",
        "x-ms-response-type": "standard",
        "x-ms-routing-request-id": "CANADACENTRAL:20220914T214438Z:1fbe0097-f4b3-4ca8-9f5c-24f8676a5ea8",
        "x-request-time": "0.194"
      },
      "ResponseBody": {
        "id": "/subscriptions/00000000-0000-0000-0000-000000000/resourceGroups/00000/providers/Microsoft.MachineLearningServices/workspaces/00000/codes/000000000000000000000/versions/1",
        "name": "1",
        "type": "Microsoft.MachineLearningServices/workspaces/codes/versions",
        "properties": {
          "description": null,
          "tags": {},
          "properties": {
            "hash_sha256": "1903f575464dec762e31e38e9002d127aa955e0036399932dd6ace7307c9f3ab",
            "hash_version": "202208"
          },
          "isArchived": false,
          "isAnonymous": false,
          "codeUri": "https://sagh4dshas62md4.blob.core.windows.net/azureml-blobstore-ef5fd6ab-1b1a-4f8e-9635-014821c166f8/LocalUpload/000000000000000000000/train_src"
        },
        "systemData": {
          "createdAt": "2022-09-14T21:44:38.7287534\u002B00:00",
          "createdBy": "Neehar Duvvuri",
          "createdByType": "User",
          "lastModifiedAt": "2022-09-14T21:44:38.7287534\u002B00:00",
          "lastModifiedBy": "Neehar Duvvuri",
          "lastModifiedByType": "User"
        }
      }
    },
    {
      "RequestUri": "https://management.azure.com/subscriptions/00000000-0000-0000-0000-000000000/resourceGroups/00000/providers/Microsoft.MachineLearningServices/workspaces/00000/components/azureml_anonymous/versions/000000000000000000000?api-version=2022-05-01",
      "RequestMethod": "PUT",
      "RequestHeaders": {
        "Accept": "application/json",
        "Accept-Encoding": "gzip, deflate",
        "Connection": "keep-alive",
        "Content-Length": "1414",
        "Content-Type": "application/json",
        "User-Agent": "azure-ai-ml/0.0.139 azsdk-python-mgmt-machinelearningservices/0.1.0 Python/3.8.6 (Windows-10-10.0.22000-SP0)"
      },
      "RequestBody": {
        "properties": {
          "description": "A dummy training component",
          "properties": {},
          "tags": {},
          "isAnonymous": true,
          "isArchived": false,
          "componentSpec": {
            "command": "python train.py --training_data ${{inputs.training_data}} $[[--max_epochs ${{inputs.max_epochs}}]] --learning_rate ${{inputs.learning_rate}} --learning_rate_schedule ${{inputs.learning_rate_schedule}} --model_output ${{outputs.model_output}}",
            "code": "azureml:/subscriptions/00000000-0000-0000-0000-000000000/resourceGroups/00000/providers/Microsoft.MachineLearningServices/workspaces/00000/codes/000000000000000000000/versions/1",
            "environment": "azureml:/subscriptions/00000000-0000-0000-0000-000000000/resourceGroups/00000/providers/Microsoft.MachineLearningServices/workspaces/00000/environments/AzureML-sklearn-0.24-ubuntu18.04-py37-cpu/versions/5",
            "name": "azureml_anonymous",
            "description": "A dummy training component",
            "tags": {},
            "version": "000000000000000000000",
            "$schema": "https://azuremlschemas.azureedge.net/latest/commandComponent.schema.json",
            "display_name": "Train Model",
            "is_deterministic": true,
            "inputs": {
              "training_data": {
                "type": "uri_folder"
              },
              "max_epochs": {
                "type": "integer",
                "optional": true
              },
              "learning_rate": {
                "type": "number",
                "default": "0.01"
              },
              "learning_rate_schedule": {
                "type": "string",
                "default": "time-based"
              }
            },
            "outputs": {
              "model_output": {
                "type": "uri_folder"
              }
            },
            "type": "command",
            "_source": "YAML.JOB"
          }
        }
      },
      "StatusCode": 201,
      "ResponseHeaders": {
        "Cache-Control": "no-cache",
        "Content-Length": "2441",
        "Content-Type": "application/json; charset=utf-8",
        "Date": "Wed, 14 Sep 2022 21:44:39 GMT",
        "Expires": "-1",
        "Location": "https://management.azure.com/subscriptions/00000000-0000-0000-0000-000000000/resourceGroups/00000/providers/Microsoft.MachineLearningServices/workspaces/00000/components/azureml_anonymous/versions/000000000000000000000?api-version=2022-05-01",
        "Pragma": "no-cache",
        "Request-Context": "appId=cid-v1:17d65b70-e9ce-4ed5-9347-1f660ec782e9",
        "Server-Timing": "traceparent;desc=\u002200-224cc8c0307ebf78d33013216b1dd735-fc4b38a86bfad48c-01\u0022",
        "Strict-Transport-Security": "max-age=31536000; includeSubDomains",
        "x-aml-cluster": "vienna-eastus2euap-01",
        "X-Content-Type-Options": "nosniff",
        "x-ms-correlation-request-id": "8b78d989-f66e-4a33-9969-b3e8fcd2a222",
        "x-ms-ratelimit-remaining-subscription-writes": "1169",
        "x-ms-response-type": "standard",
        "x-ms-routing-request-id": "CANADACENTRAL:20220914T214439Z:8b78d989-f66e-4a33-9969-b3e8fcd2a222",
        "x-request-time": "0.687"
      },
      "ResponseBody": {
        "id": "/subscriptions/00000000-0000-0000-0000-000000000/resourceGroups/00000/providers/Microsoft.MachineLearningServices/workspaces/00000/components/azureml_anonymous/versions/81553d38-29a6-4712-9344-2fef5ffdbdf7",
        "name": "81553d38-29a6-4712-9344-2fef5ffdbdf7",
        "type": "Microsoft.MachineLearningServices/workspaces/components/versions",
        "properties": {
          "description": null,
          "tags": {},
          "properties": {},
          "isArchived": false,
          "isAnonymous": true,
          "componentSpec": {
            "name": "azureml_anonymous",
            "version": "81553d38-29a6-4712-9344-2fef5ffdbdf7",
            "display_name": "Train Model",
            "is_deterministic": "True",
            "type": "command",
            "description": "A dummy training component",
            "inputs": {
              "training_data": {
                "type": "uri_folder",
                "optional": "False"
              },
              "max_epochs": {
                "type": "integer",
                "optional": "True"
              },
              "learning_rate": {
                "type": "number",
                "optional": "False",
                "default": "0.01"
              },
              "learning_rate_schedule": {
                "type": "string",
                "optional": "False",
                "default": "time-based"
              }
            },
            "outputs": {
              "model_output": {
                "type": "uri_folder"
              }
            },
            "code": "azureml:/subscriptions/00000000-0000-0000-0000-000000000/resourceGroups/00000/providers/Microsoft.MachineLearningServices/workspaces/00000/codes/000000000000000000000/versions/1",
            "environment": "azureml:/subscriptions/00000000-0000-0000-0000-000000000/resourceGroups/00000/providers/Microsoft.MachineLearningServices/workspaces/00000/environments/AzureML-sklearn-0.24-ubuntu18.04-py37-cpu/versions/5",
            "resources": {
              "instance_count": "1"
            },
            "command": "python train.py --training_data ${{inputs.training_data}} $[[--max_epochs ${{inputs.max_epochs}}]] --learning_rate ${{inputs.learning_rate}} --learning_rate_schedule ${{inputs.learning_rate_schedule}} --model_output ${{outputs.model_output}}",
            "$schema": "https://azuremlschemas.azureedge.net/latest/commandComponent.schema.json"
          }
        },
        "systemData": {
          "createdAt": "2022-09-14T21:44:39.4327288\u002B00:00",
          "createdBy": "Neehar Duvvuri",
          "createdByType": "User",
          "lastModifiedAt": "2022-09-14T21:44:39.4327288\u002B00:00",
          "lastModifiedBy": "Neehar Duvvuri",
          "lastModifiedByType": "User"
        }
      }
    },
    {
      "RequestUri": "https://management.azure.com/subscriptions/00000000-0000-0000-0000-000000000/resourceGroups/00000/providers/Microsoft.MachineLearningServices/workspaces/00000/datastores/workspaceblobstore?api-version=2022-05-01",
      "RequestMethod": "GET",
      "RequestHeaders": {
        "Accept": "application/json",
        "Accept-Encoding": "gzip, deflate",
        "Connection": "keep-alive",
        "User-Agent": "azure-ai-ml/0.0.139 azsdk-python-mgmt-machinelearningservices/0.1.0 Python/3.8.6 (Windows-10-10.0.22000-SP0)"
      },
      "RequestBody": null,
      "StatusCode": 200,
      "ResponseHeaders": {
        "Cache-Control": "no-cache",
        "Content-Encoding": "gzip",
        "Content-Type": "application/json; charset=utf-8",
        "Date": "Wed, 14 Sep 2022 21:44:39 GMT",
        "Expires": "-1",
        "Pragma": "no-cache",
        "Request-Context": "appId=cid-v1:17d65b70-e9ce-4ed5-9347-1f660ec782e9",
        "Server-Timing": "traceparent;desc=\u002200-421211d83c2a0c116fce5183af635f9c-284583f59103173c-01\u0022",
        "Strict-Transport-Security": "max-age=31536000; includeSubDomains",
        "Transfer-Encoding": "chunked",
        "Vary": [
          "Accept-Encoding",
          "Accept-Encoding"
        ],
        "x-aml-cluster": "vienna-eastus2euap-01",
        "X-Content-Type-Options": "nosniff",
        "x-ms-correlation-request-id": "32d6ae02-dfbd-4eb4-ae75-b87c84095d15",
        "x-ms-ratelimit-remaining-subscription-reads": "11957",
        "x-ms-response-type": "standard",
        "x-ms-routing-request-id": "CANADACENTRAL:20220914T214439Z:32d6ae02-dfbd-4eb4-ae75-b87c84095d15",
        "x-request-time": "0.085"
      },
      "ResponseBody": {
        "id": "/subscriptions/00000000-0000-0000-0000-000000000/resourceGroups/00000/providers/Microsoft.MachineLearningServices/workspaces/00000/datastores/workspaceblobstore",
        "name": "workspaceblobstore",
        "type": "Microsoft.MachineLearningServices/workspaces/datastores",
        "properties": {
          "description": null,
          "tags": null,
          "properties": null,
          "isDefault": true,
          "credentials": {
            "credentialsType": "AccountKey"
          },
          "datastoreType": "AzureBlob",
          "accountName": "sagh4dshas62md4",
          "containerName": "azureml-blobstore-ef5fd6ab-1b1a-4f8e-9635-014821c166f8",
          "endpoint": "core.windows.net",
          "protocol": "https",
          "serviceDataAccessAuthIdentity": "WorkspaceSystemAssignedIdentity"
        },
        "systemData": {
          "createdAt": "2022-09-12T00:11:18.2362953\u002B00:00",
          "createdBy": "779301c0-18b2-4cdc-801b-a0a3368fee0a",
          "createdByType": "Application",
          "lastModifiedAt": "2022-09-12T00:11:18.7663673\u002B00:00",
          "lastModifiedBy": "779301c0-18b2-4cdc-801b-a0a3368fee0a",
          "lastModifiedByType": "Application"
        }
      }
    },
    {
      "RequestUri": "https://management.azure.com/subscriptions/00000000-0000-0000-0000-000000000/resourceGroups/00000/providers/Microsoft.MachineLearningServices/workspaces/00000/datastores/workspaceblobstore/listSecrets?api-version=2022-05-01",
      "RequestMethod": "POST",
      "RequestHeaders": {
        "Accept": "application/json",
        "Accept-Encoding": "gzip, deflate",
        "Connection": "keep-alive",
        "Content-Length": "0",
        "User-Agent": "azure-ai-ml/0.0.139 azsdk-python-mgmt-machinelearningservices/0.1.0 Python/3.8.6 (Windows-10-10.0.22000-SP0)"
      },
      "RequestBody": null,
      "StatusCode": 200,
      "ResponseHeaders": {
        "Cache-Control": "no-cache",
        "Content-Encoding": "gzip",
        "Content-Type": "application/json; charset=utf-8",
        "Date": "Wed, 14 Sep 2022 21:44:39 GMT",
        "Expires": "-1",
        "Pragma": "no-cache",
        "Request-Context": "appId=cid-v1:17d65b70-e9ce-4ed5-9347-1f660ec782e9",
        "Server-Timing": "traceparent;desc=\u002200-44203ad3e9da49f3b92390f402001329-5232827a7ded37f4-01\u0022",
        "Strict-Transport-Security": "max-age=31536000; includeSubDomains",
        "Transfer-Encoding": "chunked",
        "Vary": "Accept-Encoding",
        "x-aml-cluster": "vienna-eastus2euap-01",
        "X-Content-Type-Options": "nosniff",
        "x-ms-correlation-request-id": "d1e6f50e-917e-4dda-bef1-7c79f1a1d179",
        "x-ms-ratelimit-remaining-subscription-writes": "1165",
        "x-ms-response-type": "standard",
        "x-ms-routing-request-id": "CANADACENTRAL:20220914T214440Z:d1e6f50e-917e-4dda-bef1-7c79f1a1d179",
        "x-request-time": "0.098"
      },
      "ResponseBody": {
        "secretsType": "AccountKey",
        "key": "dGhpcyBpcyBmYWtlIGtleQ=="
      }
    },
    {
      "RequestUri": "https://management.azure.com/subscriptions/00000000-0000-0000-0000-000000000/providers/Microsoft.MachineLearningServices/locations/eastus2euap/mfeOperationResults/jc:ef5fd6ab-1b1a-4f8e-9635-014821c166f8:test_159700641250?api-version=2022-06-01-preview",
      "RequestMethod": "GET",
      "RequestHeaders": {
        "Accept": "*/*",
        "Accept-Encoding": "gzip, deflate",
        "Connection": "keep-alive",
        "User-Agent": "azure-ai-ml/0.0.139 azsdk-python-mgmt-machinelearningservices/0.1.0 Python/3.8.6 (Windows-10-10.0.22000-SP0)"
      },
      "RequestBody": null,
      "StatusCode": 200,
      "ResponseHeaders": {
        "Cache-Control": "no-cache",
        "Content-Length": "0",
        "Date": "Wed, 14 Sep 2022 21:44:40 GMT",
        "Expires": "-1",
        "Pragma": "no-cache",
        "Request-Context": "appId=cid-v1:17d65b70-e9ce-4ed5-9347-1f660ec782e9",
        "Server-Timing": "traceparent;desc=\u002200-f722d14df963ee966d1e95a6bafded9b-1baf9cdd0b41f5a6-01\u0022",
        "Strict-Transport-Security": "max-age=31536000; includeSubDomains",
        "x-aml-cluster": "vienna-eastus2euap-01",
        "X-Content-Type-Options": "nosniff",
        "x-ms-correlation-request-id": "b6bc0c0e-688b-4b30-90ea-ad3b79eed2e5",
        "x-ms-ratelimit-remaining-subscription-reads": "11777",
        "x-ms-response-type": "standard",
        "x-ms-routing-request-id": "CANADACENTRAL:20220914T214440Z:b6bc0c0e-688b-4b30-90ea-ad3b79eed2e5",
        "x-request-time": "0.029"
      },
      "ResponseBody": null
    },
    {
      "RequestUri": "https://sagh4dshas62md4.blob.core.windows.net/azureml-blobstore-ef5fd6ab-1b1a-4f8e-9635-014821c166f8/LocalUpload/000000000000000000000/data/sample1.csv",
      "RequestMethod": "HEAD",
      "RequestHeaders": {
        "Accept": "application/xml",
        "Accept-Encoding": "gzip, deflate",
        "Connection": "keep-alive",
        "User-Agent": "azsdk-python-storage-blob/12.12.0 Python/3.8.6 (Windows-10-10.0.22000-SP0)",
        "x-ms-date": "Wed, 14 Sep 2022 21:44:39 GMT",
        "x-ms-version": "2021-06-08"
      },
      "RequestBody": null,
      "StatusCode": 404,
      "ResponseHeaders": {
        "Date": "Wed, 14 Sep 2022 21:44:39 GMT",
        "Server": [
          "Windows-Azure-Blob/1.0",
          "Microsoft-HTTPAPI/2.0"
        ],
        "Transfer-Encoding": "chunked",
        "Vary": "Origin",
        "x-ms-error-code": "BlobNotFound",
        "x-ms-version": "2021-06-08"
      },
      "ResponseBody": null
    },
    {
      "RequestUri": "https://sagh4dshas62md4.blob.core.windows.net/azureml-blobstore-ef5fd6ab-1b1a-4f8e-9635-014821c166f8/LocalUpload/000000000000000000000/data/sample1.csv",
      "RequestMethod": "PUT",
      "RequestHeaders": {
        "Accept": "application/xml",
        "Accept-Encoding": "gzip, deflate",
        "Connection": "keep-alive",
        "Content-Length": "508",
        "Content-MD5": "dUQjYq1qrTeqLOaZ4N2AUQ==",
        "Content-Type": "application/octet-stream",
        "If-None-Match": "*",
        "User-Agent": "azsdk-python-storage-blob/12.12.0 Python/3.8.6 (Windows-10-10.0.22000-SP0)",
        "x-ms-blob-type": "BlockBlob",
        "x-ms-date": "Wed, 14 Sep 2022 21:44:39 GMT",
        "x-ms-version": "2021-06-08"
      },
      "RequestBody": "Ik1vbnRoIiwgIkF2ZXJhZ2UiLCAiMjAwNSIsICIyMDA2IiwgIjIwMDciLCAiMjAwOCIsICIyMDA5IiwgIjIwMTAiLCAiMjAxMSIsICIyMDEyIiwgIjIwMTMiLCAiMjAxNCIsICIyMDE1Ig0KIk1heSIsICAwLjEsICAwLCAgMCwgMSwgMSwgMCwgMCwgMCwgMiwgMCwgIDAsICAwDQoiSnVuIiwgIDAuNSwgIDIsICAxLCAxLCAwLCAwLCAxLCAxLCAyLCAyLCAgMCwgIDENCiJKdWwiLCAgMC43LCAgNSwgIDEsIDEsIDIsIDAsIDEsIDMsIDAsIDIsICAyLCAgMQ0KIkF1ZyIsICAyLjMsICA2LCAgMywgMiwgNCwgNCwgNCwgNywgOCwgMiwgIDIsICAzDQoiU2VwIiwgIDMuNSwgIDYsICA0LCA3LCA0LCAyLCA4LCA1LCAyLCA1LCAgMiwgIDUNCiJPY3QiLCAgMi4wLCAgOCwgIDAsIDEsIDMsIDIsIDUsIDEsIDUsIDIsICAzLCAgMA0KIk5vdiIsICAwLjUsICAzLCAgMCwgMCwgMSwgMSwgMCwgMSwgMCwgMSwgIDAsICAxDQoiRGVjIiwgIDAuMCwgIDEsICAwLCAxLCAwLCAwLCAwLCAwLCAwLCAwLCAgMCwgIDENCg==",
      "StatusCode": 201,
      "ResponseHeaders": {
        "Content-Length": "0",
        "Content-MD5": "dUQjYq1qrTeqLOaZ4N2AUQ==",
        "Date": "Wed, 14 Sep 2022 21:44:39 GMT",
        "ETag": "\u00220x8DA969A53EAE2B9\u0022",
        "Last-Modified": "Wed, 14 Sep 2022 21:44:40 GMT",
        "Server": [
          "Windows-Azure-Blob/1.0",
          "Microsoft-HTTPAPI/2.0"
        ],
        "x-ms-content-crc64": "LmKBlnkUM08=",
        "x-ms-request-server-encrypted": "true",
        "x-ms-version": "2021-06-08"
      },
      "ResponseBody": null
    },
    {
      "RequestUri": "https://sagh4dshas62md4.blob.core.windows.net/azureml-blobstore-ef5fd6ab-1b1a-4f8e-9635-014821c166f8/LocalUpload/000000000000000000000/data/sample1.csv?comp=metadata",
      "RequestMethod": "PUT",
      "RequestHeaders": {
        "Accept": "application/xml",
        "Accept-Encoding": "gzip, deflate",
        "Connection": "keep-alive",
        "Content-Length": "0",
        "User-Agent": "azsdk-python-storage-blob/12.12.0 Python/3.8.6 (Windows-10-10.0.22000-SP0)",
        "x-ms-date": "Wed, 14 Sep 2022 21:44:39 GMT",
        "x-ms-meta-name": "e30aa597-03f3-459c-9a00-ed0a46c6b93c",
        "x-ms-meta-upload_status": "completed",
        "x-ms-meta-version": "8c745b30-519a-4ea4-bc4a-1658d59f6d5b",
        "x-ms-version": "2021-06-08"
      },
      "RequestBody": null,
      "StatusCode": 200,
      "ResponseHeaders": {
        "Content-Length": "0",
        "Date": "Wed, 14 Sep 2022 21:44:39 GMT",
        "ETag": "\u00220x8DA969A53F1BFF1\u0022",
        "Last-Modified": "Wed, 14 Sep 2022 21:44:40 GMT",
        "Server": [
          "Windows-Azure-Blob/1.0",
          "Microsoft-HTTPAPI/2.0"
        ],
        "x-ms-request-server-encrypted": "true",
        "x-ms-version": "2021-06-08"
      },
      "ResponseBody": null
    },
    {
      "RequestUri": "https://management.azure.com/subscriptions/00000000-0000-0000-0000-000000000/resourceGroups/00000/providers/Microsoft.MachineLearningServices/workspaces/00000/jobs/test_137142190646?api-version=2022-06-01-preview",
      "RequestMethod": "PUT",
      "RequestHeaders": {
        "Accept": "application/json",
        "Accept-Encoding": "gzip, deflate",
        "Connection": "keep-alive",
        "Content-Length": "1867",
        "Content-Type": "application/json",
        "User-Agent": "azure-ai-ml/0.0.139 azsdk-python-mgmt-machinelearningservices/0.1.0 Python/3.8.6 (Windows-10-10.0.22000-SP0)"
      },
      "RequestBody": {
        "properties": {
          "properties": {
            "mlflow.source.git.repoURL": "fake_git_url",
            "mlflow.source.git.branch": "fake_git_branch",
            "mlflow.source.git.commit": "fake_git_commit",
            "azureml.git.dirty": "fake_git_dirty_value"
          },
          "tags": {},
          "displayName": "test_137142190646",
          "experimentName": "azure-ai-ml",
          "isArchived": false,
          "jobType": "Pipeline",
          "inputs": {
            "training_input": {
              "uri": "azureml://datastores/workspaceblobstore/paths/LocalUpload/000000000000000000000/data/",
              "jobInputType": "uri_folder"
            },
            "training_max_epochs": {
              "jobInputType": "literal",
              "value": "20"
            },
            "training_learning_rate": {
              "jobInputType": "literal",
              "value": "1.8"
            },
            "learning_rate_schedule": {
              "jobInputType": "literal",
              "value": "time-based"
            }
          },
          "jobs": {
            "train_job": {
              "resources": null,
              "distribution": null,
              "limits": null,
              "environment_variables": {},
              "name": "train_job",
              "type": "command",
              "display_name": null,
              "tags": {},
              "computeId": "/subscriptions/00000000-0000-0000-0000-000000000/resourceGroups/00000/providers/Microsoft.MachineLearningServices/workspaces/00000/computes/cpu-cluster",
              "inputs": {
                "training_data": {
                  "job_input_type": "literal",
                  "value": "${{parent.inputs.training_input}}",
                  "mode": "ReadOnlyMount"
                },
                "max_epochs": {
                  "job_input_type": "literal",
                  "value": "${{parent.inputs.training_max_epochs}}"
                },
                "learning_rate": {
                  "job_input_type": "literal",
                  "value": "${{parent.inputs.training_learning_rate}}"
                },
                "learning_rate_schedule": {
                  "job_input_type": "literal",
                  "value": "${{parent.inputs.learning_rate_schedule}}"
                }
              },
              "outputs": {
                "model_output": {
                  "value": "${{parent.outputs.trained_model}}",
                  "type": "literal",
                  "mode": "Upload"
                }
              },
              "_source": "YAML.JOB",
              "componentId": "/subscriptions/00000000-0000-0000-0000-000000000/resourceGroups/00000/providers/Microsoft.MachineLearningServices/workspaces/00000/components/azureml_anonymous/versions/81553d38-29a6-4712-9344-2fef5ffdbdf7"
            }
          },
          "outputs": {
            "trained_model": {
              "jobOutputType": "uri_folder"
            }
          },
          "settings": {
            "_source": "YAML.JOB"
          }
        }
      },
      "StatusCode": 201,
      "ResponseHeaders": {
        "Cache-Control": "no-cache",
        "Content-Length": "3479",
        "Content-Type": "application/json; charset=utf-8",
        "Date": "Wed, 14 Sep 2022 21:44:45 GMT",
        "Expires": "-1",
        "Location": "https://management.azure.com/subscriptions/00000000-0000-0000-0000-000000000/resourceGroups/00000/providers/Microsoft.MachineLearningServices/workspaces/00000/jobs/test_137142190646?api-version=2022-06-01-preview",
        "Pragma": "no-cache",
        "Request-Context": "appId=cid-v1:17d65b70-e9ce-4ed5-9347-1f660ec782e9",
        "Server-Timing": "traceparent;desc=\u002200-b5428094e15861e977ac6de3fc6d1dd4-12fb14f95c036b8c-01\u0022",
        "Strict-Transport-Security": "max-age=31536000; includeSubDomains",
        "x-aml-cluster": "vienna-eastus2euap-01",
        "X-Content-Type-Options": "nosniff",
        "x-ms-correlation-request-id": "5d960094-bef2-46a8-8bb5-5d23e7f44932",
        "x-ms-ratelimit-remaining-subscription-writes": "1050",
        "x-ms-response-type": "standard",
        "x-ms-routing-request-id": "CANADACENTRAL:20220914T214445Z:5d960094-bef2-46a8-8bb5-5d23e7f44932",
        "x-request-time": "2.719"
      },
      "ResponseBody": {
        "id": "/subscriptions/00000000-0000-0000-0000-000000000/resourceGroups/00000/providers/Microsoft.MachineLearningServices/workspaces/00000/jobs/test_137142190646",
        "name": "test_137142190646",
        "type": "Microsoft.MachineLearningServices/workspaces/jobs",
        "properties": {
          "description": null,
          "tags": {},
          "properties": {
            "mlflow.source.git.repoURL": "fake_git_url",
            "mlflow.source.git.branch": "fake_git_branch",
            "mlflow.source.git.commit": "fake_git_commit",
            "azureml.git.dirty": "fake_git_dirty_value",
            "azureml.DevPlatv2": "true",
            "azureml.runsource": "azureml.PipelineRun",
            "runSource": "MFE",
            "runType": "HTTP",
            "azureml.parameters": "{\u0022training_max_epochs\u0022:\u002220\u0022,\u0022training_learning_rate\u0022:\u00221.8\u0022,\u0022learning_rate_schedule\u0022:\u0022time-based\u0022}",
            "azureml.continue_on_step_failure": "False",
            "azureml.continue_on_failed_optional_input": "True",
            "azureml.defaultDataStoreName": "workspaceblobstore",
            "azureml.pipelineComponent": "pipelinerun"
          },
          "displayName": "test_137142190646",
          "status": "Preparing",
          "experimentName": "azure-ai-ml",
          "services": {
            "Tracking": {
              "jobServiceType": "Tracking",
              "port": null,
              "endpoint": "azureml://eastus2euap.api.azureml.ms/mlflow/v1.0/subscriptions/00000000-0000-0000-0000-000000000/resourceGroups/00000/providers/Microsoft.MachineLearningServices/workspaces/00000?",
              "status": null,
              "errorMessage": null,
              "properties": null
            },
            "Studio": {
              "jobServiceType": "Studio",
              "port": null,
              "endpoint": "https://ml.azure.com/runs/test_137142190646?wsid=/subscriptions/00000000-0000-0000-0000-000000000/resourcegroups/00000/workspaces/00000",
              "status": null,
              "errorMessage": null,
              "properties": null
            }
          },
          "computeId": null,
          "isArchived": false,
          "identity": null,
          "componentId": null,
          "jobType": "Pipeline",
          "settings": {
            "_source": "YAML.JOB"
          },
          "jobs": {
            "train_job": {
              "resources": null,
              "distribution": null,
              "limits": null,
              "environment_variables": {},
              "name": "train_job",
              "type": "command",
              "display_name": null,
              "tags": {},
              "computeId": "/subscriptions/00000000-0000-0000-0000-000000000/resourceGroups/00000/providers/Microsoft.MachineLearningServices/workspaces/00000/computes/cpu-cluster",
              "inputs": {
                "training_data": {
                  "job_input_type": "literal",
                  "value": "${{parent.inputs.training_input}}",
                  "mode": "ReadOnlyMount"
                },
                "max_epochs": {
                  "job_input_type": "literal",
                  "value": "${{parent.inputs.training_max_epochs}}"
                },
                "learning_rate": {
                  "job_input_type": "literal",
                  "value": "${{parent.inputs.training_learning_rate}}"
                },
                "learning_rate_schedule": {
                  "job_input_type": "literal",
                  "value": "${{parent.inputs.learning_rate_schedule}}"
                }
              },
              "outputs": {
                "model_output": {
                  "value": "${{parent.outputs.trained_model}}",
                  "type": "literal",
                  "mode": "Upload"
                }
              },
              "_source": "YAML.JOB",
              "componentId": "/subscriptions/00000000-0000-0000-0000-000000000/resourceGroups/00000/providers/Microsoft.MachineLearningServices/workspaces/00000/components/azureml_anonymous/versions/81553d38-29a6-4712-9344-2fef5ffdbdf7"
            }
          },
          "inputs": {
            "training_input": {
              "description": null,
              "uri": "azureml://datastores/workspaceblobstore/paths/LocalUpload/000000000000000000000/data/",
              "mode": "ReadOnlyMount",
              "jobInputType": "uri_folder"
            },
            "training_max_epochs": {
              "description": null,
              "jobInputType": "literal",
              "value": "20"
            },
            "training_learning_rate": {
              "description": null,
              "jobInputType": "literal",
              "value": "1.8"
            },
            "learning_rate_schedule": {
              "description": null,
              "jobInputType": "literal",
              "value": "time-based"
            }
          },
          "outputs": {
            "trained_model": {
              "description": null,
              "uri": null,
              "mode": "ReadWriteMount",
              "jobOutputType": "uri_folder"
            }
          },
          "sourceJobId": null
        },
        "systemData": {
          "createdAt": "2022-09-14T21:44:45.1688301\u002B00:00",
          "createdBy": "Neehar Duvvuri",
          "createdByType": "User"
        }
      }
    }
  ],
  "Variables": {
    "name": "test_137142190646"
  }
}
