{
  "Entries": [
    {
      "RequestUri": "https://management.azure.com/subscriptions/00000000-0000-0000-0000-000000000/resourceGroups/00000/providers/Microsoft.MachineLearningServices/workspaces/00000/components/azureml_anonymous/versions/feadc209-42ec-4adb-c774-833ef195a4c5?api-version=2022-10-01",
      "RequestMethod": "PUT",
      "RequestHeaders": {
        "Accept": "application/json",
        "Accept-Encoding": "gzip, deflate",
        "Connection": "keep-alive",
        "Content-Length": "1077",
        "Content-Type": "application/json",
        "User-Agent": "azure-ai-ml/1.6.0 azsdk-python-mgmt-machinelearningservices/0.1.0 Python/3.9.10 (Windows-10-10.0.22621-SP0)"
      },
      "RequestBody": {
        "properties": {
          "description": "This is the basic command component",
          "properties": {},
          "tags": {
            "tag": "tagvalue",
            "owner": "sdkteam"
          },
          "isAnonymous": true,
          "isArchived": false,
          "componentSpec": {
            "command": "echo Hello World \u0026 echo $[[${{inputs.component_in_number}}]] \u0026 echo ${{inputs.component_in_path}} \u0026 echo ${{outputs.component_out_path}} \u003E ${{outputs.component_out_path}}/component_in_number",
            "environment": "azureml:AzureML-sklearn-1.0-ubuntu20.04-py38-cpu:33",
            "name": "azureml_anonymous",
            "description": "This is the basic command component",
            "tags": {
              "tag": "tagvalue",
              "owner": "sdkteam"
            },
            "version": "1",
            "$schema": "https://azuremlschemas.azureedge.net/development/commandComponent.schema.json",
            "display_name": "CommandComponentBasic",
            "is_deterministic": true,
            "inputs": {
              "component_in_number": {
                "type": "number",
                "optional": true,
                "default": "10.99",
                "description": "A number"
              },
              "component_in_path": {
                "type": "uri_folder",
                "description": "A path"
              }
            },
            "outputs": {
              "component_out_path": {
                "type": "uri_folder"
              }
            },
            "type": "command",
            "_source": "YAML.COMPONENT"
          }
        }
      },
      "StatusCode": 201,
      "ResponseHeaders": {
        "Cache-Control": "no-cache",
        "Content-Length": "2061",
        "Content-Type": "application/json; charset=utf-8",
        "Date": "Tue, 28 Mar 2023 06:14:14 GMT",
        "Expires": "-1",
        "Location": "https://management.azure.com/subscriptions/00000000-0000-0000-0000-000000000/resourceGroups/00000/providers/Microsoft.MachineLearningServices/workspaces/00000/components/azureml_anonymous/versions/feadc209-42ec-4adb-c774-833ef195a4c5?api-version=2022-10-01",
        "Pragma": "no-cache",
        "Request-Context": "appId=cid-v1:2d2e8e63-272e-4b3c-8598-4ee570a0e70d",
        "Server-Timing": "traceparent;desc=\u002200-20e0c12f3d23962c0d20a6363d777e28-f34c6bfdcada8ace-01\u0022",
        "Strict-Transport-Security": "max-age=31536000; includeSubDomains",
        "x-aml-cluster": "vienna-eastus-02",
        "X-Content-Type-Options": "nosniff",
        "x-ms-correlation-request-id": "eb622ec1-5a38-4dbd-8e9d-e5f5d3e76eb5",
        "x-ms-ratelimit-remaining-subscription-writes": "1197",
        "x-ms-response-type": "standard",
        "x-ms-routing-request-id": "JAPANEAST:20230328T061414Z:eb622ec1-5a38-4dbd-8e9d-e5f5d3e76eb5",
        "x-request-time": "0.361"
      },
      "ResponseBody": {
        "id": "/subscriptions/00000000-0000-0000-0000-000000000/resourceGroups/00000/providers/Microsoft.MachineLearningServices/workspaces/00000/components/azureml_anonymous/versions/64dbbd38-5755-4cfe-8cf6-330590b81275",
        "name": "64dbbd38-5755-4cfe-8cf6-330590b81275",
        "type": "Microsoft.MachineLearningServices/workspaces/components/versions",
        "properties": {
          "description": null,
          "tags": {
            "tag": "tagvalue",
            "owner": "sdkteam"
          },
          "properties": {},
          "isArchived": false,
          "isAnonymous": true,
          "componentSpec": {
            "$schema": "https://azuremlschemas.azureedge.net/development/commandComponent.schema.json",
            "name": "azureml_anonymous",
            "version": "1",
            "display_name": "CommandComponentBasic",
            "is_deterministic": "True",
            "type": "command",
            "description": "This is the basic command component",
            "tags": {
              "tag": "tagvalue",
              "owner": "sdkteam"
            },
            "inputs": {
              "component_in_path": {
                "type": "uri_folder",
                "optional": "False",
                "description": "A path"
              },
              "component_in_number": {
                "type": "number",
                "optional": "True",
                "default": "10.99",
                "description": "A number"
              }
            },
            "outputs": {
              "component_out_path": {
                "type": "uri_folder"
              }
            },
            "environment": "azureml://registries/azureml/environments/AzureML-sklearn-1.0-ubuntu20.04-py38-cpu/versions/33",
            "resources": {
              "instance_count": "1"
            },
            "command": "echo Hello World \u0026 echo $[[${{inputs.component_in_number}}]] \u0026 echo ${{inputs.component_in_path}} \u0026 echo ${{outputs.component_out_path}} \u003E ${{outputs.component_out_path}}/component_in_number"
          }
        },
        "systemData": {
          "createdAt": "2023-03-28T05:59:44.9315888\u002B00:00",
          "createdBy": "Xingzhi Zhang",
          "createdByType": "User",
          "lastModifiedAt": "2023-03-28T05:59:45.0249634\u002B00:00",
          "lastModifiedBy": "Xingzhi Zhang",
          "lastModifiedByType": "User"
        }
      }
    },
    {
      "RequestUri": "https://management.azure.com/subscriptions/00000000-0000-0000-0000-000000000/resourceGroups/00000/providers/Microsoft.MachineLearningServices/workspaces/00000/components/azureml_anonymous/versions/52c15253-8ef8-3096-b191-fa11f0a88724?api-version=2022-10-01",
      "RequestMethod": "PUT",
      "RequestHeaders": {
        "Accept": "application/json",
        "Accept-Encoding": "gzip, deflate",
        "Connection": "keep-alive",
        "Content-Length": "1402",
        "Content-Type": "application/json",
        "User-Agent": "azure-ai-ml/1.6.0 azsdk-python-mgmt-machinelearningservices/0.1.0 Python/3.9.10 (Windows-10-10.0.22621-SP0)"
      },
      "RequestBody": {
        "properties": {
          "properties": {},
          "tags": {},
          "isAnonymous": true,
          "isArchived": false,
          "componentSpec": {
            "settings": {
              "default_compute": "azureml:cpu-cluster"
            },
            "name": "azureml_anonymous",
            "version": "1",
            "display_name": "parallel_for_pipeline",
            "type": "pipeline",
            "jobs": {
              "parallel_body": {
                "name": "parallel_body",
                "type": "command",
                "inputs": {
                  "component_in_path": {
                    "uri": "https://dprepdata.blob.core.windows.net/demo/Titanic.csv",
                    "job_input_type": "uri_file"
                  }
                },
                "_source": "YAML.COMPONENT",
                "componentId": "/subscriptions/00000000-0000-0000-0000-000000000/resourceGroups/00000/providers/Microsoft.MachineLearningServices/workspaces/00000/components/azureml_anonymous/versions/64dbbd38-5755-4cfe-8cf6-330590b81275"
              },
              "parallel_node": {
                "body": "${{parent.jobs.parallel_body}}",
                "type": "parallel_for",
                "items": "[{\u0022component_in_number\u0022: 1}, {\u0022component_in_number\u0022: 2}]",
                "_source": "YAML.JOB"
              },
              "after_node": {
                "name": "after_node",
                "type": "command",
                "inputs": {
                  "component_in_path": {
                    "job_input_type": "literal",
                    "value": "${{parent.jobs.parallel_node.outputs.component_out_path}}"
                  }
                },
                "_source": "YAML.COMPONENT",
                "componentId": "/subscriptions/00000000-0000-0000-0000-000000000/resourceGroups/00000/providers/Microsoft.MachineLearningServices/workspaces/00000/components/azureml_anonymous/versions/64dbbd38-5755-4cfe-8cf6-330590b81275"
              }
            },
            "_source": "YAML.COMPONENT",
            "sourceJobId": null
          }
        }
      },
      "StatusCode": 201,
      "ResponseHeaders": {
        "Cache-Control": "no-cache",
        "Content-Length": "947",
        "Content-Type": "application/json; charset=utf-8",
        "Date": "Tue, 28 Mar 2023 06:14:16 GMT",
        "Expires": "-1",
        "Location": "https://management.azure.com/subscriptions/00000000-0000-0000-0000-000000000/resourceGroups/00000/providers/Microsoft.MachineLearningServices/workspaces/00000/components/azureml_anonymous/versions/52c15253-8ef8-3096-b191-fa11f0a88724?api-version=2022-10-01",
        "Pragma": "no-cache",
        "Request-Context": "appId=cid-v1:2d2e8e63-272e-4b3c-8598-4ee570a0e70d",
        "Server-Timing": "traceparent;desc=\u002200-d320e73a727b63fc82a019ef18b3fd36-03ba1e75cd357c38-01\u0022",
        "Strict-Transport-Security": "max-age=31536000; includeSubDomains",
        "x-aml-cluster": "vienna-eastus-02",
        "X-Content-Type-Options": "nosniff",
        "x-ms-correlation-request-id": "d44141ec-d00a-466a-aa50-082687311603",
        "x-ms-ratelimit-remaining-subscription-writes": "1196",
        "x-ms-response-type": "standard",
        "x-ms-routing-request-id": "JAPANEAST:20230328T061416Z:d44141ec-d00a-466a-aa50-082687311603",
        "x-request-time": "0.900"
      },
      "ResponseBody": {
        "id": "/subscriptions/00000000-0000-0000-0000-000000000/resourceGroups/00000/providers/Microsoft.MachineLearningServices/workspaces/00000/components/azureml_anonymous/versions/e5475f94-8987-4928-a4d7-a759051395a8",
        "name": "e5475f94-8987-4928-a4d7-a759051395a8",
        "type": "Microsoft.MachineLearningServices/workspaces/components/versions",
        "properties": {
          "description": null,
          "tags": {},
          "properties": {},
          "isArchived": false,
          "isAnonymous": true,
          "componentSpec": {
            "name": "azureml_anonymous",
            "version": "1",
            "display_name": "parallel_for_pipeline",
            "is_deterministic": "False",
            "type": "pipeline"
          }
        },
        "systemData": {
          "createdAt": "2023-03-28T06:14:16.4941289\u002B00:00",
          "createdBy": "Xingzhi Zhang",
          "createdByType": "User",
          "lastModifiedAt": "2023-03-28T06:14:16.4941289\u002B00:00",
          "lastModifiedBy": "Xingzhi Zhang",
          "lastModifiedByType": "User"
        }
      }
    },
    {
      "RequestUri": "https://management.azure.com/subscriptions/00000000-0000-0000-0000-000000000/resourceGroups/00000/providers/Microsoft.MachineLearningServices/workspaces/00000/jobs/000000000000000000000?api-version=2023-02-01-preview",
      "RequestMethod": "PUT",
      "RequestHeaders": {
        "Accept": "application/json",
        "Accept-Encoding": "gzip, deflate",
        "Connection": "keep-alive",
        "Content-Length": "736",
        "Content-Type": "application/json",
        "User-Agent": "azure-ai-ml/1.6.0 azsdk-python-mgmt-machinelearningservices/0.1.0 Python/3.9.10 (Windows-10-10.0.22621-SP0)"
      },
      "RequestBody": {
        "properties": {
          "description": "A pipeline job created against a pipeline component",
          "properties": {},
          "tags": {},
          "componentId": "/subscriptions/00000000-0000-0000-0000-000000000/resourceGroups/00000/providers/Microsoft.MachineLearningServices/workspaces/00000/components/azureml_anonymous/versions/e5475f94-8987-4928-a4d7-a759051395a8",
          "displayName": "pipeline_job_from_pipeline_component",
          "experimentName": "azure-ai-ml",
          "isArchived": false,
          "jobType": "Pipeline",
          "inputs": {},
          "jobs": {},
          "outputs": {},
          "settings": {
            "default_compute": "/subscriptions/00000000-0000-0000-0000-000000000/resourceGroups/00000/providers/Microsoft.MachineLearningServices/workspaces/00000/computes/cpu-cluster",
            "_source": "REMOTE.WORKSPACE.JOB"
          }
        }
      },
      "StatusCode": 201,
      "ResponseHeaders": {
        "Cache-Control": "no-cache",
        "Content-Length": "2801",
        "Content-Type": "application/json; charset=utf-8",
        "Date": "Tue, 28 Mar 2023 06:14:19 GMT",
        "Expires": "-1",
        "Location": "https://management.azure.com/subscriptions/00000000-0000-0000-0000-000000000/resourceGroups/00000/providers/Microsoft.MachineLearningServices/workspaces/00000/jobs/000000000000000000000?api-version=2023-02-01-preview",
        "Pragma": "no-cache",
        "Request-Context": "appId=cid-v1:2d2e8e63-272e-4b3c-8598-4ee570a0e70d",
        "Server-Timing": "traceparent;desc=\u002200-8174dce8f1ddc62ba37f176acf3d6666-cb80fa0b6b074210-01\u0022",
        "Strict-Transport-Security": "max-age=31536000; includeSubDomains",
        "x-aml-cluster": "vienna-eastus-02",
        "X-Content-Type-Options": "nosniff",
        "x-ms-correlation-request-id": "96a1e7ed-ce94-46e6-9ce9-3b376fdfe81e",
        "x-ms-ratelimit-remaining-subscription-writes": "1195",
        "x-ms-response-type": "standard",
        "x-ms-routing-request-id": "JAPANEAST:20230328T061420Z:96a1e7ed-ce94-46e6-9ce9-3b376fdfe81e",
        "x-request-time": "1.401"
      },
      "ResponseBody": {
        "id": "/subscriptions/00000000-0000-0000-0000-000000000/resourceGroups/00000/providers/Microsoft.MachineLearningServices/workspaces/00000/jobs/000000000000000000000",
        "name": "000000000000000000000",
        "type": "Microsoft.MachineLearningServices/workspaces/jobs",
        "properties": {
          "description": "A pipeline job created against a pipeline component",
          "tags": {},
          "properties": {
            "azureml.SourceComponentId": "/subscriptions/00000000-0000-0000-0000-000000000/resourceGroups/00000/providers/Microsoft.MachineLearningServices/workspaces/00000/components/azureml_anonymous/versions/e5475f94-8987-4928-a4d7-a759051395a8",
            "azureml.DevPlatv2": "true",
            "azureml.runsource": "azureml.PipelineRun",
            "runSource": "MFE",
            "runType": "HTTP",
            "azureml.parameters": "{}",
            "azureml.continue_on_step_failure": "True",
            "azureml.continue_on_failed_optional_input": "True",
            "azureml.defaultComputeName": "cpu-cluster",
            "azureml.defaultDataStoreName": "workspaceblobstore",
            "azureml.pipelineComponent": "pipelinerun"
          },
          "displayName": "pipeline_job_from_pipeline_component",
          "status": "Preparing",
          "experimentName": "azure-ai-ml",
          "services": {
            "Tracking": {
              "jobServiceType": "Tracking",
              "port": null,
              "endpoint": "azureml://eastus.api.azureml.ms/mlflow/v1.0/subscriptions/00000000-0000-0000-0000-000000000/resourceGroups/00000/providers/Microsoft.MachineLearningServices/workspaces/00000?",
              "status": null,
              "errorMessage": null,
              "properties": null,
              "nodes": null
            },
            "Studio": {
              "jobServiceType": "Studio",
              "port": null,
              "endpoint": "https://ml.azure.com/runs/000000000000000000000?wsid=/subscriptions/00000000-0000-0000-0000-000000000/resourcegroups/00000/workspaces/00000",
              "status": null,
              "errorMessage": null,
              "properties": null,
              "nodes": null
            }
          },
          "computeId": null,
          "isArchived": false,
          "identity": null,
          "componentId": "/subscriptions/00000000-0000-0000-0000-000000000/resourceGroups/00000/providers/Microsoft.MachineLearningServices/workspaces/00000/components/azureml_anonymous/versions/e5475f94-8987-4928-a4d7-a759051395a8",
          "notificationSetting": null,
          "jobType": "Pipeline",
          "settings": {
            "default_compute": "/subscriptions/00000000-0000-0000-0000-000000000/resourceGroups/00000/providers/Microsoft.MachineLearningServices/workspaces/00000/computes/cpu-cluster",
            "_source": "REMOTE.WORKSPACE.JOB"
          },
          "jobs": {},
          "inputs": {},
          "outputs": {},
          "sourceJobId": null
        },
        "systemData": {
          "createdAt": "2023-03-28T06:14:19.8667485\u002B00:00",
          "createdBy": "Xingzhi Zhang",
          "createdByType": "User"
        }
      }
    },
    {
      "RequestUri": "https://management.azure.com/subscriptions/00000000-0000-0000-0000-000000000/resourceGroups/00000/providers/Microsoft.MachineLearningServices/workspaces/00000/jobs/000000000000000000000/cancel?api-version=2023-02-01-preview",
      "RequestMethod": "POST",
      "RequestHeaders": {
        "Accept": "application/json",
        "Accept-Encoding": "gzip, deflate",
        "Connection": "keep-alive",
        "Content-Length": "0",
        "User-Agent": "azure-ai-ml/1.6.0 azsdk-python-mgmt-machinelearningservices/0.1.0 Python/3.9.10 (Windows-10-10.0.22621-SP0)"
      },
      "RequestBody": null,
      "StatusCode": 202,
      "ResponseHeaders": {
        "Cache-Control": "no-cache",
        "Content-Length": "4",
        "Content-Type": "application/json; charset=utf-8",
        "Date": "Tue, 28 Mar 2023 06:14:23 GMT",
        "Expires": "-1",
        "Location": "https://management.azure.com/subscriptions/00000000-0000-0000-0000-000000000/providers/Microsoft.MachineLearningServices/locations/eastus/mfeOperationResults/jc:9d0665a4-e9b0-4159-b185-882b60937c19:000000000000000000000?api-version=2023-02-01-preview",
        "Pragma": "no-cache",
        "Request-Context": "appId=cid-v1:2d2e8e63-272e-4b3c-8598-4ee570a0e70d",
        "Strict-Transport-Security": "max-age=31536000; includeSubDomains",
        "x-aml-cluster": "vienna-eastus-02",
        "X-Content-Type-Options": "nosniff",
        "x-ms-async-operation-timeout": "PT1H",
        "x-ms-correlation-request-id": "b00329b9-359a-4168-913e-9a6039673cdb",
        "x-ms-ratelimit-remaining-subscription-writes": "1197",
        "x-ms-response-type": "standard",
        "x-ms-routing-request-id": "JAPANEAST:20230328T061423Z:b00329b9-359a-4168-913e-9a6039673cdb",
        "x-request-time": "0.765"
      },
      "ResponseBody": "null"
    },
    {
      "RequestUri": "https://management.azure.com/subscriptions/00000000-0000-0000-0000-000000000/providers/Microsoft.MachineLearningServices/locations/eastus/mfeOperationResults/jc:9d0665a4-e9b0-4159-b185-882b60937c19:000000000000000000000?api-version=2023-02-01-preview",
      "RequestMethod": "GET",
      "RequestHeaders": {
        "Accept": "*/*",
        "Accept-Encoding": "gzip, deflate",
        "Connection": "keep-alive",
        "User-Agent": "azure-ai-ml/1.6.0 azsdk-python-mgmt-machinelearningservices/0.1.0 Python/3.9.10 (Windows-10-10.0.22621-SP0)"
      },
      "RequestBody": null,
      "StatusCode": 202,
      "ResponseHeaders": {
        "Cache-Control": "no-cache",
        "Content-Length": "2",
        "Content-Type": "application/json; charset=utf-8",
        "Date": "Tue, 28 Mar 2023 06:14:23 GMT",
        "Expires": "-1",
        "Location": "https://management.azure.com/subscriptions/00000000-0000-0000-0000-000000000/providers/Microsoft.MachineLearningServices/locations/eastus/mfeOperationResults/jc:9d0665a4-e9b0-4159-b185-882b60937c19:000000000000000000000?api-version=2023-02-01-preview",
        "Pragma": "no-cache",
        "Request-Context": "appId=cid-v1:2d2e8e63-272e-4b3c-8598-4ee570a0e70d",
        "Strict-Transport-Security": "max-age=31536000; includeSubDomains",
        "x-aml-cluster": "vienna-eastus-02",
        "X-Content-Type-Options": "nosniff",
        "x-ms-correlation-request-id": "d6fae0f1-5f66-4193-9eb9-807df6578c1e",
        "x-ms-ratelimit-remaining-subscription-reads": "11994",
        "x-ms-response-type": "standard",
        "x-ms-routing-request-id": "JAPANEAST:20230328T061424Z:d6fae0f1-5f66-4193-9eb9-807df6578c1e",
        "x-request-time": "0.059"
      },
      "ResponseBody": {}
    },
    {
      "RequestUri": "https://management.azure.com/subscriptions/00000000-0000-0000-0000-000000000/providers/Microsoft.MachineLearningServices/locations/eastus/mfeOperationResults/jc:9d0665a4-e9b0-4159-b185-882b60937c19:000000000000000000000?api-version=2023-02-01-preview",
      "RequestMethod": "GET",
      "RequestHeaders": {
        "Accept": "*/*",
        "Accept-Encoding": "gzip, deflate",
        "Connection": "keep-alive",
        "User-Agent": "azure-ai-ml/1.6.0 azsdk-python-mgmt-machinelearningservices/0.1.0 Python/3.9.10 (Windows-10-10.0.22621-SP0)"
      },
      "RequestBody": null,
      "StatusCode": 200,
      "ResponseHeaders": {
        "Cache-Control": "no-cache",
        "Content-Length": "0",
        "Date": "Tue, 28 Mar 2023 06:14:54 GMT",
        "Expires": "-1",
        "Pragma": "no-cache",
        "Request-Context": "appId=cid-v1:2d2e8e63-272e-4b3c-8598-4ee570a0e70d",
        "Server-Timing": "traceparent;desc=\u002200-73f8ce7b95380877c7492fa1c7216bb4-648abbb25e8ae8d3-01\u0022",
        "Strict-Transport-Security": "max-age=31536000; includeSubDomains",
        "x-aml-cluster": "vienna-eastus-02",
        "X-Content-Type-Options": "nosniff",
        "x-ms-correlation-request-id": "72b67eba-d3b0-435a-8476-0464c72149ed",
        "x-ms-ratelimit-remaining-subscription-reads": "11993",
        "x-ms-response-type": "standard",
        "x-ms-routing-request-id": "JAPANEAST:20230328T061454Z:72b67eba-d3b0-435a-8476-0464c72149ed",
        "x-request-time": "0.034"
      },
      "ResponseBody": null
    }
  ],
  "Variables": {}
}
