{
  "Entries": [
    {
      "RequestUri": "https://management.azure.com/subscriptions/00000000-0000-0000-0000-000000000/resourceGroups/00000/providers/Microsoft.MachineLearningServices/workspaces/00000/computes/cpu-cluster?api-version=2022-10-01-preview",
      "RequestMethod": "GET",
      "RequestHeaders": {
        "Accept": "application/json",
        "Accept-Encoding": "gzip, deflate",
        "Connection": "keep-alive",
        "User-Agent": "azure-ai-ml/1.5.0 azsdk-python-mgmt-machinelearningservices/0.1.0 Python/3.7.9 (Windows-10-10.0.22621-SP0)"
      },
      "RequestBody": null,
      "StatusCode": 200,
      "ResponseHeaders": {
        "Cache-Control": "no-cache",
        "Content-Encoding": "gzip",
        "Content-Type": "application/json; charset=utf-8",
        "Date": "Thu, 02 Mar 2023 06:13:09 GMT",
        "Expires": "-1",
        "Pragma": "no-cache",
        "Request-Context": "appId=cid-v1:512cc15a-13b5-415b-bfd0-dce7accb6bb1",
        "Server-Timing": "traceparent;desc=\u002200-81f24adb010578fd857ac1fce75672cc-e21b36ec7b8ba3b6-01\u0022",
        "Strict-Transport-Security": "max-age=31536000; includeSubDomains",
        "Transfer-Encoding": "chunked",
        "Vary": [
          "Accept-Encoding",
          "Accept-Encoding"
        ],
        "x-aml-cluster": "vienna-test-westus2-01",
        "X-Content-Type-Options": "nosniff",
        "x-ms-correlation-request-id": "b4904358-fd06-48ef-b013-87b1ad8cbe9b",
        "x-ms-ratelimit-remaining-subscription-reads": "11994",
        "x-ms-response-type": "standard",
        "x-ms-routing-request-id": "WESTUS2:20230302T061309Z:b4904358-fd06-48ef-b013-87b1ad8cbe9b",
        "x-request-time": "0.232"
      },
      "ResponseBody": {
        "id": "/subscriptions/00000000-0000-0000-0000-000000000/resourceGroups/00000/providers/Microsoft.MachineLearningServices/workspaces/00000/computes/cpu-cluster",
        "name": "cpu-cluster",
        "type": "Microsoft.MachineLearningServices/workspaces/computes",
        "location": "centraluseuap",
        "tags": {},
        "properties": {
          "createdOn": "2023-03-02T05:05:08.8347604\u002B00:00",
          "modifiedOn": "2023-03-02T05:05:19.2728628\u002B00:00",
          "disableLocalAuth": false,
          "description": null,
          "resourceId": null,
          "computeType": "AmlCompute",
          "computeLocation": "centraluseuap",
          "provisioningState": "Succeeded",
          "provisioningErrors": null,
          "isAttachedCompute": false,
          "properties": {
            "vmSize": "STANDARD_DS2_V2",
            "vmPriority": "Dedicated",
            "scaleSettings": {
              "maxNodeCount": 4,
              "minNodeCount": 0,
              "nodeIdleTimeBeforeScaleDown": "PT2M"
            },
            "subnet": null,
            "currentNodeCount": 0,
            "targetNodeCount": 0,
            "nodeStateCounts": {
              "preparingNodeCount": 0,
              "runningNodeCount": 0,
              "idleNodeCount": 0,
              "unusableNodeCount": 0,
              "leavingNodeCount": 0,
              "preemptedNodeCount": 0
            },
            "allocationState": "Steady",
            "allocationStateTransitionTime": "2023-03-02T05:05:14.939\u002B00:00",
            "errors": null,
            "remoteLoginPortPublicAccess": "Enabled",
            "osType": "Linux",
            "virtualMachineImage": null,
            "isolatedNetwork": false,
            "enableBatchPrivateLink": false,
            "propertyBag": {}
          }
        }
      }
    },
    {
      "RequestUri": "https://management.azure.com/subscriptions/00000000-0000-0000-0000-000000000/resourceGroups/00000/providers/Microsoft.MachineLearningServices/workspaces/00000?api-version=2022-10-01",
      "RequestMethod": "GET",
      "RequestHeaders": {
        "Accept": "application/json",
        "Accept-Encoding": "gzip, deflate",
        "Connection": "keep-alive",
        "User-Agent": "azure-ai-ml/1.5.0 azsdk-python-mgmt-machinelearningservices/0.1.0 Python/3.7.9 (Windows-10-10.0.22621-SP0)"
      },
      "RequestBody": null,
      "StatusCode": 200,
      "ResponseHeaders": {
        "Cache-Control": "no-cache",
        "Content-Encoding": "gzip",
        "Content-Type": "application/json; charset=utf-8",
        "Date": "Thu, 02 Mar 2023 06:13:10 GMT",
        "Expires": "-1",
        "Pragma": "no-cache",
        "request-context": "appId=cid-v1:512cc15a-13b5-415b-bfd0-dce7accb6bb1",
        "Server-Timing": "traceparent;desc=\u002200-559271d51501621571bd58efa2bf8039-f73bf585839e7f46-01\u0022",
        "Strict-Transport-Security": "max-age=31536000; includeSubDomains",
        "Transfer-Encoding": "chunked",
        "Vary": [
          "Accept-Encoding",
          "Accept-Encoding"
        ],
        "x-aml-cluster": "vienna-test-westus2-01",
        "X-Content-Type-Options": "nosniff",
        "x-ms-correlation-request-id": "7055c5ae-1b96-4f8a-8e33-601daa2ab82f",
        "x-ms-ratelimit-remaining-subscription-reads": "11993",
        "x-ms-response-type": "standard",
        "x-ms-routing-request-id": "WESTUS2:20230302T061311Z:7055c5ae-1b96-4f8a-8e33-601daa2ab82f",
        "x-request-time": "0.013"
      },
      "ResponseBody": {
        "id": "/subscriptions/00000000-0000-0000-0000-000000000/resourceGroups/00000/providers/Microsoft.MachineLearningServices/workspaces/00000",
        "name": "00000",
        "type": "Microsoft.MachineLearningServices/workspaces",
        "location": "centraluseuap",
        "tags": {},
        "etag": null,
        "properties": {
          "friendlyName": "00000",
          "description": "",
          "storageAccount": "/subscriptions/00000000-0000-0000-0000-000000000/resourceGroups/00000/providers/Microsoft.Storage/storageAccounts/sabwy6aywr6q3xa",
          "keyVault": "/subscriptions/00000000-0000-0000-0000-000000000/resourceGroups/00000/providers/Microsoft.Keyvault/vaults/kvtestxhqgox57wyoei",
          "applicationInsights": "/subscriptions/00000000-0000-0000-0000-000000000/resourceGroups/00000/providers/Microsoft.insights/components/aibwy6aywr6q3xa",
          "hbiWorkspace": false,
          "tenantId": "72f988bf-86f1-41af-91ab-2d7cd011db47",
          "imageBuildCompute": null,
          "provisioningState": "Succeeded",
          "v1LegacyMode": false,
          "softDeleteEnabled": false,
          "containerRegistry": "/subscriptions/00000000-0000-0000-0000-000000000/resourceGroups/00000/providers/Microsoft.ContainerRegistry/registries/crbwy6aywr6q3xa",
          "creationTime": "2023-03-02T05:04:47.9826667Z",
          "notebookInfo": {
            "resourceId": "0000000-0000-0000-0000-000000000000",
            "fqdn": "ml-sdkvnextc-centraluseuap-691a3670-144c-489b-a527-ce78b4bc2ecc.centraluseuap.notebooks.azure.net",
            "isPrivateLinkEnabled": false,
            "notebookPreparationError": null
          },
          "storageHnsEnabled": false,
          "workspaceId": "691a3670-144c-489b-a527-ce78b4bc2ecc",
          "linkedModelInventoryArmId": null,
          "privateLinkCount": 0,
          "publicNetworkAccess": "Enabled",
          "discoveryUrl": "https://master.api.azureml-test.ms/discovery",
          "mlFlowTrackingUri": "azureml://master.api.azureml-test.ms/mlflow/v1.0/subscriptions/00000000-0000-0000-0000-000000000/resourceGroups/00000/providers/Microsoft.MachineLearningServices/workspaces/00000",
          "sdkTelemetryAppInsightsKey": "0000000-0000-0000-0000-000000000000",
          "sasGetterUri": "",
          "enableDataIsolation": false
        },
        "identity": {
          "type": "SystemAssigned",
          "principalId": "0000000-0000-0000-0000-000000000000",
          "tenantId": "72f988bf-86f1-41af-91ab-2d7cd011db47"
        },
        "kind": "Default",
        "sku": {
          "name": "Basic",
          "tier": "Basic"
        },
        "systemData": {
          "createdAt": "2023-03-02T05:04:47.9826667Z",
          "createdBy": "alias@contoso.com",
          "createdByType": "User",
          "lastModifiedAt": "2023-03-02T05:04:47.9826667Z",
          "lastModifiedBy": "alias@contoso.com",
          "lastModifiedByType": "User"
        }
      }
    },
    {
      "RequestUri": "https://master.api.azureml-test.ms/content/v2.0/subscriptions/00000000-0000-0000-0000-000000000/resourceGroups/00000/providers/Microsoft.MachineLearningServices/workspaces/00000/snapshots/getByHash?hash=3bbea9eabcdecfad6a337bb5aa60294dd094ff5ac7ca712e3e66a76be8b8490d\u0026hashVersion=202208",
      "RequestMethod": "GET",
      "RequestHeaders": {
        "Accept": "*/*",
        "Accept-Encoding": "gzip, deflate",
        "Connection": "keep-alive",
        "Content-Type": "application/json; charset=UTF-8",
        "User-Agent": "azure-ai-ml/1.5.0 azsdk-python-core/1.26.3 Python/3.7.9 (Windows-10-10.0.22621-SP0)"
      },
      "RequestBody": null,
      "StatusCode": 404,
      "ResponseHeaders": {
        "Connection": "keep-alive",
        "Content-Encoding": "gzip",
        "Content-Type": "application/json; charset=utf-8",
        "Date": "Thu, 02 Mar 2023 06:13:12 GMT",
        "request-context": "appId=cid-v1:512cc15a-13b5-415b-bfd0-dce7accb6bb1",
        "Strict-Transport-Security": "max-age=15724800; includeSubDomains; preload",
        "Transfer-Encoding": "chunked",
        "Vary": "Accept-Encoding",
        "x-aml-cluster": "vienna-test-westus2-01",
        "X-Content-Type-Options": "nosniff",
        "x-ms-response-type": "error",
        "x-request-time": "0.026"
      },
      "ResponseBody": {
        "error": {
          "code": "UserError",
          "severity": null,
          "message": "Snapshot with hash 3bbea9eabcdecfad6a337bb5aa60294dd094ff5ac7ca712e3e66a76be8b8490d was not found",
          "messageFormat": null,
          "messageParameters": null,
          "referenceCode": null,
          "detailsUri": null,
          "target": null,
          "details": [],
          "innerError": {
            "code": "NotFoundError",
            "innerError": null
          },
          "debugInfo": {
            "type": "Common.WebApi.Exceptions.ResourceNotFoundException",
            "message": "Snapshot with hash 3bbea9eabcdecfad6a337bb5aa60294dd094ff5ac7ca712e3e66a76be8b8490d was not found",
            "stackTrace": "   at Microsoft.MachineLearning.ProjectContent.EntryPoints.Controllers.SnapshotControllerV2.GetSnapshotByHash(WorkspaceContext2 workspaceContext, String hash, String hashVersion) in /mnt/vss/_work/1/s/src/azureml-api/src/ProjectContent/EntryPoints/Controllers/SnapshotControllerV2.cs:line 616\n   at lambda_method1253(Closure , Object )\n   at Microsoft.AspNetCore.Mvc.Infrastructure.ActionMethodExecutor.AwaitableObjectResultExecutor.Execute(IActionResultTypeMapper mapper, ObjectMethodExecutor executor, Object controller, Object[] arguments)\n   at Microsoft.AspNetCore.Mvc.Infrastructure.ControllerActionInvoker.\u003CInvokeActionMethodAsync\u003Eg__Logged|12_1(ControllerActionInvoker invoker)\n   at Microsoft.AspNetCore.Mvc.Infrastructure.ControllerActionInvoker.\u003CInvokeNextActionFilterAsync\u003Eg__Awaited|10_0(ControllerActionInvoker invoker, Task lastTask, State next, Scope scope, Object state, Boolean isCompleted)\n   at Microsoft.AspNetCore.Mvc.Infrastructure.ControllerActionInvoker.Rethrow(ActionExecutedContextSealed context)\n   at Microsoft.AspNetCore.Mvc.Infrastructure.ControllerActionInvoker.Next(State\u0026 next, Scope\u0026 scope, Object\u0026 state, Boolean\u0026 isCompleted)\n   at Microsoft.AspNetCore.Mvc.Infrastructure.ControllerActionInvoker.\u003CInvokeInnerFilterAsync\u003Eg__Awaited|13_0(ControllerActionInvoker invoker, Task lastTask, State next, Scope scope, Object state, Boolean isCompleted)\n   at Microsoft.AspNetCore.Mvc.Infrastructure.ResourceInvoker.\u003CInvokeNextExceptionFilterAsync\u003Eg__Awaited|26_0(ResourceInvoker invoker, Task lastTask, State next, Scope scope, Object state, Boolean isCompleted)",
            "innerException": null,
            "data": {},
            "errorResponse": null
          },
          "additionalInfo": null
        },
        "correlation": {
          "operation": "da2223cdf63dcfbb581a2d80cca9ecc8",
          "request": "584aa2fdab514b82"
        },
        "environment": "master",
        "location": "westus2",
        "time": "2023-03-02T06:13:12.9280667\u002B00:00",
        "componentName": "project"
      }
    },
    {
      "RequestUri": "https://master.api.azureml-test.ms/assetstore/v1.0/temporaryDataReference/createOrGet",
      "RequestMethod": "POST",
      "RequestHeaders": {
        "Accept": "*/*",
        "Accept-Encoding": "gzip, deflate",
        "Connection": "keep-alive",
        "Content-Length": "244",
        "Content-Type": "application/json; charset=UTF-8",
        "User-Agent": "azure-ai-ml/1.5.0 azsdk-python-core/1.26.3 Python/3.7.9 (Windows-10-10.0.22621-SP0)"
      },
      "RequestBody": {
        "assetId": "azureml://locations/centraluseuap/workspaces/691a3670-144c-489b-a527-ce78b4bc2ecc/codes/000000000000000000000/versions/1",
        "temporaryDataReferenceId": "000000000000000000000",
        "temporaryDataReferenceType": "TemporaryBlobReference"
      },
      "StatusCode": 403,
      "ResponseHeaders": {
        "Connection": "keep-alive",
        "Content-Encoding": "gzip",
        "Content-Type": "application/json; charset=utf-8",
        "Date": "Thu, 02 Mar 2023 06:13:14 GMT",
        "request-context": "appId=cid-v1:512cc15a-13b5-415b-bfd0-dce7accb6bb1",
        "Strict-Transport-Security": "max-age=15724800; includeSubDomains; preload",
        "Transfer-Encoding": "chunked",
        "Vary": "Accept-Encoding",
        "x-aml-cluster": "vienna-test-westus2-01",
        "X-Content-Type-Options": "nosniff",
        "x-ms-response-type": "error",
        "x-request-time": "0.054"
      },
      "ResponseBody": {
        "error": {
          "code": "UserError",
          "severity": null,
          "message": "User is not authorized to access provided resources due to not having read access to specified resources for following asset types: codes.",
          "messageFormat": "User is not authorized to access provided resources due to {reason}.",
          "messageParameters": {
            "reason": "not having read access to specified resources for following asset types: codes"
          },
          "referenceCode": null,
          "detailsUri": null,
          "target": null,
          "details": [],
          "innerError": {
            "code": "Auth",
            "innerError": {
              "code": "Authorization",
              "innerError": null
            }
          },
          "debugInfo": {
            "type": "Microsoft.MachineLearning.Common.Assets.UnauthorizedResourceAccessException",
            "message": "User is not authorized to access provided resources due to not having read access to specified resources for following asset types: codes.",
            "stackTrace": "   at Microsoft.MachineLearning.Common.Assets.Authorization.AssetAuthorizationHandler.AuthorizeUserForAssets(AuthorizationContext authorizationContext, AssetsRoleBasedAuthorizationRequest authorizationRequest, Func\u00602 isPublicContainerCheck, Func\u00602 shouldSkipWorkspaceDueToKnownFailure, Func\u00602 shouldSkipRegistryDueToKnownFailure, Boolean privateLinkCheckAlreadyDone, Func\u00602 isUserAgentSafeToTrustForPrivateLink, List\u00601 actionsToCheck) in /mnt/vss/_work/1/s/src/azureml-api/src/Common/Assets/Authorization/AssetAuthorizationHandler.cs:line 189\n   at Microsoft.MachineLearning.Feed.Services.ResourceProvider.AssetAuthorizationProvider.AuthorizeAssetWriteOrDeleteRequestForWorkspace(AssetId assetId, Boolean isDeleteRequest, CancellationToken cancellationToken) in /mnt/vss/_work/1/s/src/azureml-api/src/Feed/Services/ResourceProvider/AssetAuthorizationProvider.cs:line 331\n   at Microsoft.MachineLearning.Feed.Services.ResourceProvider.AssetAuthorizationProvider.AuthorizeAssetWriteRequest(AssetId assetId, CancellationToken cancellationToken) in /mnt/vss/_work/1/s/src/azureml-api/src/Feed/Services/ResourceProvider/AssetAuthorizationProvider.cs:line 96\n   at Microsoft.MachineLearning.Feed.EntryPoints.Controllers.AssetStore.TemporaryDataReferenceController.CreateOrGetTemporaryDataReference(TemporaryDataReferenceRequestDto temporaryDataReferenceRequest) in /mnt/vss/_work/1/s/src/azureml-api/src/Feed/EntryPoints/Controllers/AssetStore/TemporaryDataReferenceController.cs:line 50\n   at lambda_method1048(Closure , Object )\n   at Microsoft.AspNetCore.Mvc.Infrastructure.ActionMethodExecutor.AwaitableObjectResultExecutor.Execute(IActionResultTypeMapper mapper, ObjectMethodExecutor executor, Object controller, Object[] arguments)\n   at Microsoft.AspNetCore.Mvc.Infrastructure.ControllerActionInvoker.\u003CInvokeActionMethodAsync\u003Eg__Logged|12_1(ControllerActionInvoker invoker)\n   at Microsoft.AspNetCore.Mvc.Infrastructure.ControllerActionInvoker.\u003CInvokeNextActionFilterAsync\u003Eg__Awaited|10_0(ControllerActionInvoker invoker, Task lastTask, State next, Scope scope, Object state, Boolean isCompleted)\n   at Microsoft.AspNetCore.Mvc.Infrastructure.ControllerActionInvoker.Rethrow(ActionExecutedContextSealed context)\n   at Microsoft.AspNetCore.Mvc.Infrastructure.ControllerActionInvoker.Next(State\u0026 next, Scope\u0026 scope, Object\u0026 state, Boolean\u0026 isCompleted)\n   at Microsoft.AspNetCore.Mvc.Infrastructure.ControllerActionInvoker.\u003CInvokeInnerFilterAsync\u003Eg__Awaited|13_0(ControllerActionInvoker invoker, Task lastTask, State next, Scope scope, Object state, Boolean isCompleted)\n   at Microsoft.AspNetCore.Mvc.Infrastructure.ResourceInvoker.\u003CInvokeNextExceptionFilterAsync\u003Eg__Awaited|26_0(ResourceInvoker invoker, Task lastTask, State next, Scope scope, Object state, Boolean isCompleted)",
            "innerException": null,
            "data": {
              "BaseError": {
                "Definition": {
                  "MessageFormat": "User is not authorized to access provided resources due to {reason}.",
                  "DetailsUri": null,
                  "IsTransient": null,
                  "CodesHierarchy": [
                    "UserError",
                    "Auth",
                    "Authorization"
                  ],
                  "Code": "Authorization"
                },
                "Message": "User is not authorized to access provided resources due to not having read access to specified resources for following asset types: codes.",
                "MessageParameters": {
                  "reason": "not having read access to specified resources for following asset types: codes"
                },
                "Target": null,
                "RetryAfterSeconds": null
              }
            },
            "errorResponse": null
          },
          "additionalInfo": null
        },
        "correlation": {
          "operation": "2a0d4a5155b7ff83c10aa921d5a13710",
          "request": "7f01167abbfd0b78"
        },
        "environment": "master",
        "location": "westus2",
        "time": "2023-03-02T06:13:14.535923\u002B00:00",
        "componentName": "assetstore"
      }
    },
    {
      "RequestUri": "https://master.api.azureml-test.ms/assetstore/v1.0/temporaryDataReference/createOrGet",
      "RequestMethod": "POST",
      "RequestHeaders": {
        "Accept": "*/*",
        "Accept-Encoding": "gzip, deflate",
        "Connection": "keep-alive",
        "Content-Length": "244",
        "Content-Type": "application/json; charset=UTF-8",
        "User-Agent": "azure-ai-ml/1.5.0 azsdk-python-core/1.26.3 Python/3.7.9 (Windows-10-10.0.22621-SP0)"
      },
      "RequestBody": {
        "assetId": "azureml://locations/centraluseuap/workspaces/691a3670-144c-489b-a527-ce78b4bc2ecc/codes/000000000000000000000/versions/1",
        "temporaryDataReferenceId": "000000000000000000000",
        "temporaryDataReferenceType": "TemporaryBlobReference"
      },
      "StatusCode": 403,
      "ResponseHeaders": {
        "Connection": "keep-alive",
        "Content-Encoding": "gzip",
        "Content-Type": "application/json; charset=utf-8",
        "Date": "Thu, 02 Mar 2023 06:13:15 GMT",
        "request-context": "appId=cid-v1:512cc15a-13b5-415b-bfd0-dce7accb6bb1",
        "Strict-Transport-Security": "max-age=15724800; includeSubDomains; preload",
        "Transfer-Encoding": "chunked",
        "Vary": "Accept-Encoding",
        "x-aml-cluster": "vienna-test-westus2-01",
        "X-Content-Type-Options": "nosniff",
        "x-ms-response-type": "error",
        "x-request-time": "0.012"
      },
      "ResponseBody": {
        "error": {
          "code": "UserError",
          "severity": null,
          "message": "User is not authorized to access provided resources due to not having read access to specified resources for following asset types: codes.",
          "messageFormat": "User is not authorized to access provided resources due to {reason}.",
          "messageParameters": {
            "reason": "not having read access to specified resources for following asset types: codes"
          },
          "referenceCode": null,
          "detailsUri": null,
          "target": null,
          "details": [],
          "innerError": {
            "code": "Auth",
            "innerError": {
              "code": "Authorization",
              "innerError": null
            }
          },
          "debugInfo": {
            "type": "Microsoft.MachineLearning.Common.Assets.UnauthorizedResourceAccessException",
            "message": "User is not authorized to access provided resources due to not having read access to specified resources for following asset types: codes.",
            "stackTrace": "   at Microsoft.MachineLearning.Common.Assets.Authorization.AssetAuthorizationHandler.AuthorizeUserForAssets(AuthorizationContext authorizationContext, AssetsRoleBasedAuthorizationRequest authorizationRequest, Func\u00602 isPublicContainerCheck, Func\u00602 shouldSkipWorkspaceDueToKnownFailure, Func\u00602 shouldSkipRegistryDueToKnownFailure, Boolean privateLinkCheckAlreadyDone, Func\u00602 isUserAgentSafeToTrustForPrivateLink, List\u00601 actionsToCheck) in /mnt/vss/_work/1/s/src/azureml-api/src/Common/Assets/Authorization/AssetAuthorizationHandler.cs:line 189\n   at Microsoft.MachineLearning.Feed.Services.ResourceProvider.AssetAuthorizationProvider.AuthorizeAssetWriteOrDeleteRequestForWorkspace(AssetId assetId, Boolean isDeleteRequest, CancellationToken cancellationToken) in /mnt/vss/_work/1/s/src/azureml-api/src/Feed/Services/ResourceProvider/AssetAuthorizationProvider.cs:line 331\n   at Microsoft.MachineLearning.Feed.Services.ResourceProvider.AssetAuthorizationProvider.AuthorizeAssetWriteRequest(AssetId assetId, CancellationToken cancellationToken) in /mnt/vss/_work/1/s/src/azureml-api/src/Feed/Services/ResourceProvider/AssetAuthorizationProvider.cs:line 96\n   at Microsoft.MachineLearning.Feed.EntryPoints.Controllers.AssetStore.TemporaryDataReferenceController.CreateOrGetTemporaryDataReference(TemporaryDataReferenceRequestDto temporaryDataReferenceRequest) in /mnt/vss/_work/1/s/src/azureml-api/src/Feed/EntryPoints/Controllers/AssetStore/TemporaryDataReferenceController.cs:line 53\n   at lambda_method608(Closure , Object )\n   at Microsoft.AspNetCore.Mvc.Infrastructure.ActionMethodExecutor.AwaitableObjectResultExecutor.Execute(IActionResultTypeMapper mapper, ObjectMethodExecutor executor, Object controller, Object[] arguments)\n   at Microsoft.AspNetCore.Mvc.Infrastructure.ControllerActionInvoker.\u003CInvokeActionMethodAsync\u003Eg__Logged|12_1(ControllerActionInvoker invoker)\n   at Microsoft.AspNetCore.Mvc.Infrastructure.ControllerActionInvoker.\u003CInvokeNextActionFilterAsync\u003Eg__Awaited|10_0(ControllerActionInvoker invoker, Task lastTask, State next, Scope scope, Object state, Boolean isCompleted)\n   at Microsoft.AspNetCore.Mvc.Infrastructure.ControllerActionInvoker.Rethrow(ActionExecutedContextSealed context)\n   at Microsoft.AspNetCore.Mvc.Infrastructure.ControllerActionInvoker.Next(State\u0026 next, Scope\u0026 scope, Object\u0026 state, Boolean\u0026 isCompleted)\n   at Microsoft.AspNetCore.Mvc.Infrastructure.ControllerActionInvoker.\u003CInvokeInnerFilterAsync\u003Eg__Awaited|13_0(ControllerActionInvoker invoker, Task lastTask, State next, Scope scope, Object state, Boolean isCompleted)\n   at Microsoft.AspNetCore.Mvc.Infrastructure.ResourceInvoker.\u003CInvokeNextExceptionFilterAsync\u003Eg__Awaited|26_0(ResourceInvoker invoker, Task lastTask, State next, Scope scope, Object state, Boolean isCompleted)",
            "innerException": null,
            "data": {
              "BaseError": {
                "Definition": {
                  "MessageFormat": "User is not authorized to access provided resources due to {reason}.",
                  "DetailsUri": null,
                  "IsTransient": null,
                  "CodesHierarchy": [
                    "UserError",
                    "Auth",
                    "Authorization"
                  ],
                  "Code": "Authorization"
                },
                "Message": "User is not authorized to access provided resources due to not having read access to specified resources for following asset types: codes.",
                "MessageParameters": {
                  "reason": "not having read access to specified resources for following asset types: codes"
                },
                "Target": null,
                "RetryAfterSeconds": null
              }
            },
            "errorResponse": null
          },
          "additionalInfo": null
        },
        "correlation": {
          "operation": "fb67db69045c421c48239011a5ad5444",
          "request": "503663a935ef26b8"
        },
        "environment": "master",
        "location": "westus2",
        "time": "2023-03-02T06:13:15.8801976\u002B00:00",
        "componentName": "assetstore"
      }
    },
    {
      "RequestUri": "https://master.api.azureml-test.ms/assetstore/v1.0/temporaryDataReference/createOrGet",
      "RequestMethod": "POST",
      "RequestHeaders": {
        "Accept": "*/*",
        "Accept-Encoding": "gzip, deflate",
        "Connection": "keep-alive",
        "Content-Length": "244",
        "Content-Type": "application/json; charset=UTF-8",
        "User-Agent": "azure-ai-ml/1.5.0 azsdk-python-core/1.26.3 Python/3.7.9 (Windows-10-10.0.22621-SP0)"
      },
      "RequestBody": {
        "assetId": "azureml://locations/centraluseuap/workspaces/691a3670-144c-489b-a527-ce78b4bc2ecc/codes/000000000000000000000/versions/1",
        "temporaryDataReferenceId": "000000000000000000000",
        "temporaryDataReferenceType": "TemporaryBlobReference"
      },
      "StatusCode": 403,
      "ResponseHeaders": {
        "Connection": "keep-alive",
        "Content-Encoding": "gzip",
        "Content-Type": "application/json; charset=utf-8",
        "Date": "Thu, 02 Mar 2023 06:13:17 GMT",
        "request-context": "appId=cid-v1:512cc15a-13b5-415b-bfd0-dce7accb6bb1",
        "Strict-Transport-Security": "max-age=15724800; includeSubDomains; preload",
        "Transfer-Encoding": "chunked",
        "Vary": "Accept-Encoding",
        "x-aml-cluster": "vienna-test-westus2-01",
        "X-Content-Type-Options": "nosniff",
        "x-ms-response-type": "error",
        "x-request-time": "0.012"
      },
      "ResponseBody": {
        "error": {
          "code": "UserError",
          "severity": null,
          "message": "User is not authorized to access provided resources due to not having read access to specified resources for following asset types: codes.",
          "messageFormat": "User is not authorized to access provided resources due to {reason}.",
          "messageParameters": {
            "reason": "not having read access to specified resources for following asset types: codes"
          },
          "referenceCode": null,
          "detailsUri": null,
          "target": null,
          "details": [],
          "innerError": {
            "code": "Auth",
            "innerError": {
              "code": "Authorization",
              "innerError": null
            }
          },
          "debugInfo": {
            "type": "Microsoft.MachineLearning.Common.Assets.UnauthorizedResourceAccessException",
            "message": "User is not authorized to access provided resources due to not having read access to specified resources for following asset types: codes.",
            "stackTrace": "   at Microsoft.MachineLearning.Common.Assets.Authorization.AssetAuthorizationHandler.AuthorizeUserForAssets(AuthorizationContext authorizationContext, AssetsRoleBasedAuthorizationRequest authorizationRequest, Func\u00602 isPublicContainerCheck, Func\u00602 shouldSkipWorkspaceDueToKnownFailure, Func\u00602 shouldSkipRegistryDueToKnownFailure, Boolean privateLinkCheckAlreadyDone, Func\u00602 isUserAgentSafeToTrustForPrivateLink, List\u00601 actionsToCheck) in /mnt/vss/_work/1/s/src/azureml-api/src/Common/Assets/Authorization/AssetAuthorizationHandler.cs:line 189\n   at Microsoft.MachineLearning.Feed.Services.ResourceProvider.AssetAuthorizationProvider.AuthorizeAssetWriteOrDeleteRequestForWorkspace(AssetId assetId, Boolean isDeleteRequest, CancellationToken cancellationToken) in /mnt/vss/_work/1/s/src/azureml-api/src/Feed/Services/ResourceProvider/AssetAuthorizationProvider.cs:line 331\n   at Microsoft.MachineLearning.Feed.Services.ResourceProvider.AssetAuthorizationProvider.AuthorizeAssetWriteRequest(AssetId assetId, CancellationToken cancellationToken) in /mnt/vss/_work/1/s/src/azureml-api/src/Feed/Services/ResourceProvider/AssetAuthorizationProvider.cs:line 96\n   at Microsoft.MachineLearning.Feed.EntryPoints.Controllers.AssetStore.TemporaryDataReferenceController.CreateOrGetTemporaryDataReference(TemporaryDataReferenceRequestDto temporaryDataReferenceRequest) in /mnt/vss/_work/1/s/src/azureml-api/src/Feed/EntryPoints/Controllers/AssetStore/TemporaryDataReferenceController.cs:line 53\n   at lambda_method1060(Closure , Object )\n   at Microsoft.AspNetCore.Mvc.Infrastructure.ActionMethodExecutor.AwaitableObjectResultExecutor.Execute(IActionResultTypeMapper mapper, ObjectMethodExecutor executor, Object controller, Object[] arguments)\n   at Microsoft.AspNetCore.Mvc.Infrastructure.ControllerActionInvoker.\u003CInvokeActionMethodAsync\u003Eg__Logged|12_1(ControllerActionInvoker invoker)\n   at Microsoft.AspNetCore.Mvc.Infrastructure.ControllerActionInvoker.\u003CInvokeNextActionFilterAsync\u003Eg__Awaited|10_0(ControllerActionInvoker invoker, Task lastTask, State next, Scope scope, Object state, Boolean isCompleted)\n   at Microsoft.AspNetCore.Mvc.Infrastructure.ControllerActionInvoker.Rethrow(ActionExecutedContextSealed context)\n   at Microsoft.AspNetCore.Mvc.Infrastructure.ControllerActionInvoker.Next(State\u0026 next, Scope\u0026 scope, Object\u0026 state, Boolean\u0026 isCompleted)\n   at Microsoft.AspNetCore.Mvc.Infrastructure.ControllerActionInvoker.\u003CInvokeInnerFilterAsync\u003Eg__Awaited|13_0(ControllerActionInvoker invoker, Task lastTask, State next, Scope scope, Object state, Boolean isCompleted)\n   at Microsoft.AspNetCore.Mvc.Infrastructure.ResourceInvoker.\u003CInvokeNextExceptionFilterAsync\u003Eg__Awaited|26_0(ResourceInvoker invoker, Task lastTask, State next, Scope scope, Object state, Boolean isCompleted)",
            "innerException": null,
            "data": {
              "BaseError": {
                "Definition": {
                  "MessageFormat": "User is not authorized to access provided resources due to {reason}.",
                  "DetailsUri": null,
                  "IsTransient": null,
                  "CodesHierarchy": [
                    "UserError",
                    "Auth",
                    "Authorization"
                  ],
                  "Code": "Authorization"
                },
                "Message": "User is not authorized to access provided resources due to not having read access to specified resources for following asset types: codes.",
                "MessageParameters": {
                  "reason": "not having read access to specified resources for following asset types: codes"
                },
                "Target": null,
                "RetryAfterSeconds": null
              }
            },
            "errorResponse": null
          },
          "additionalInfo": null
        },
        "correlation": {
          "operation": "73b45e0380e4d5dc1dc791dd9eb32803",
          "request": "a2b8b02dad133655"
        },
        "environment": "master",
        "location": "westus2",
        "time": "2023-03-02T06:13:17.68353\u002B00:00",
        "componentName": "assetstore"
      }
    }
  ],
  "Variables": {
    "name": "test_149574936101"
  }
}
