{
  "Entries": [
    {
      "RequestUri": "https://management.azure.com/subscriptions/00000000-0000-0000-0000-000000000/resourceGroups/00000/providers/Microsoft.MachineLearningServices/workspaces/00000/computes/cpu-cluster?api-version=2022-10-01-preview",
      "RequestMethod": "GET",
      "RequestHeaders": {
        "Accept": "application/json",
        "Accept-Encoding": "gzip, deflate",
        "Connection": "keep-alive",
        "User-Agent": "azure-ai-ml/1.6.0 azsdk-python-mgmt-machinelearningservices/0.1.0 Python/3.10.11 (Windows-10-10.0.19045-SP0)"
      },
      "RequestBody": null,
      "StatusCode": 200,
      "ResponseHeaders": {
        "Cache-Control": "no-cache",
        "Content-Encoding": "gzip",
        "Content-Type": "application/json; charset=utf-8",
        "Date": "Sun, 09 Apr 2023 01:38:38 GMT",
        "Expires": "-1",
        "Pragma": "no-cache",
        "request-context": "appId=cid-v1:512cc15a-13b5-415b-bfd0-dce7accb6bb1",
        "Server-Timing": "traceparent;desc=\u002200-6c40bcd59a3483ece8a80c40c3bd0afa-ca98f04c314be4cc-01\u0022",
        "Strict-Transport-Security": "max-age=31536000; includeSubDomains",
        "Transfer-Encoding": "chunked",
        "Vary": [
          "Accept-Encoding",
          "Accept-Encoding"
        ],
        "x-aml-cluster": "vienna-test-westus2-02",
        "X-Content-Type-Options": "nosniff",
        "x-ms-correlation-request-id": "4e10ea67-b08a-4029-b278-3f1b676bd590",
        "x-ms-ratelimit-remaining-subscription-reads": "11999",
        "x-ms-response-type": "standard",
        "x-ms-routing-request-id": "WESTUS2:20230409T013838Z:4e10ea67-b08a-4029-b278-3f1b676bd590",
        "x-request-time": "0.088"
      },
      "ResponseBody": {
        "id": "/subscriptions/00000000-0000-0000-0000-000000000/resourceGroups/00000/providers/Microsoft.MachineLearningServices/workspaces/00000/computes/cpu-cluster",
        "name": "cpu-cluster",
        "type": "Microsoft.MachineLearningServices/workspaces/computes",
        "location": "centraluseuap",
        "tags": {},
        "properties": {
          "createdOn": "2023-04-07T22:03:53.3028094\u002B00:00",
          "modifiedOn": "2023-04-07T22:04:04.7412586\u002B00:00",
          "disableLocalAuth": false,
          "description": null,
          "resourceId": null,
          "computeType": "AmlCompute",
          "computeLocation": "centraluseuap",
          "provisioningState": "Succeeded",
          "provisioningErrors": null,
          "isAttachedCompute": false,
          "properties": {
            "vmSize": "STANDARD_DS2_V2",
            "vmPriority": "Dedicated",
            "scaleSettings": {
              "maxNodeCount": 4,
              "minNodeCount": 0,
              "nodeIdleTimeBeforeScaleDown": "PT2M"
            },
            "subnet": null,
            "currentNodeCount": 0,
            "targetNodeCount": 0,
            "nodeStateCounts": {
              "preparingNodeCount": 0,
              "runningNodeCount": 0,
              "idleNodeCount": 0,
              "unusableNodeCount": 0,
              "leavingNodeCount": 0,
              "preemptedNodeCount": 0
            },
            "allocationState": "Steady",
            "allocationStateTransitionTime": "2023-04-09T01:33:24.686\u002B00:00",
            "errors": null,
            "remoteLoginPortPublicAccess": "Enabled",
            "osType": "Linux",
            "virtualMachineImage": null,
            "isolatedNetwork": false,
            "enableBatchPrivateLink": false,
            "propertyBag": {}
          }
        }
      }
    },
    {
      "RequestUri": "https://management.azure.com/subscriptions/00000000-0000-0000-0000-000000000/resourceGroups/00000/providers/Microsoft.MachineLearningServices/workspaces/00000/computes/gpu-cluster?api-version=2022-10-01-preview",
      "RequestMethod": "GET",
      "RequestHeaders": {
        "Accept": "application/json",
        "Accept-Encoding": "gzip, deflate",
        "Connection": "keep-alive",
        "User-Agent": "azure-ai-ml/1.6.0 azsdk-python-mgmt-machinelearningservices/0.1.0 Python/3.10.11 (Windows-10-10.0.19045-SP0)"
      },
      "RequestBody": null,
      "StatusCode": 200,
      "ResponseHeaders": {
        "Cache-Control": "no-cache",
        "Content-Encoding": "gzip",
        "Content-Type": "application/json; charset=utf-8",
        "Date": "Sun, 09 Apr 2023 01:38:39 GMT",
        "Expires": "-1",
        "Pragma": "no-cache",
        "request-context": "appId=cid-v1:512cc15a-13b5-415b-bfd0-dce7accb6bb1",
        "Server-Timing": "traceparent;desc=\u002200-633d06c312ba1dc25e95f89c68dcbb71-97ec9b1f75c71144-01\u0022",
        "Strict-Transport-Security": "max-age=31536000; includeSubDomains",
        "Transfer-Encoding": "chunked",
        "Vary": [
          "Accept-Encoding",
          "Accept-Encoding"
        ],
        "x-aml-cluster": "vienna-test-westus2-02",
        "X-Content-Type-Options": "nosniff",
        "x-ms-correlation-request-id": "440d7693-dba2-484b-8c23-49e8386a0f03",
        "x-ms-ratelimit-remaining-subscription-reads": "11998",
        "x-ms-response-type": "standard",
        "x-ms-routing-request-id": "WESTUS2:20230409T013839Z:440d7693-dba2-484b-8c23-49e8386a0f03",
        "x-request-time": "0.090"
      },
      "ResponseBody": {
        "id": "/subscriptions/00000000-0000-0000-0000-000000000/resourceGroups/00000/providers/Microsoft.MachineLearningServices/workspaces/00000/computes/gpu-cluster",
        "name": "gpu-cluster",
        "type": "Microsoft.MachineLearningServices/workspaces/computes",
        "location": "centraluseuap",
        "tags": {},
        "properties": {
          "createdOn": "2023-04-09T01:31:49.9174342\u002B00:00",
          "modifiedOn": "2023-04-09T01:32:20.1604256\u002B00:00",
          "disableLocalAuth": false,
          "description": null,
          "resourceId": null,
          "computeType": "AmlCompute",
          "computeLocation": "centraluseuap",
          "provisioningState": "Succeeded",
          "provisioningErrors": null,
          "isAttachedCompute": false,
          "properties": {
            "vmSize": "STANDARD_NC6",
            "vmPriority": "Dedicated",
            "scaleSettings": {
              "maxNodeCount": 1,
              "minNodeCount": 0,
              "nodeIdleTimeBeforeScaleDown": "PT2M"
            },
            "subnet": null,
            "currentNodeCount": 0,
            "targetNodeCount": 0,
            "nodeStateCounts": {
              "preparingNodeCount": 0,
              "runningNodeCount": 0,
              "idleNodeCount": 0,
              "unusableNodeCount": 0,
              "leavingNodeCount": 0,
              "preemptedNodeCount": 0
            },
            "allocationState": "Steady",
            "allocationStateTransitionTime": "2023-04-09T01:32:16.419\u002B00:00",
            "errors": null,
            "remoteLoginPortPublicAccess": "Disabled",
            "osType": "Linux",
            "virtualMachineImage": null,
            "isolatedNetwork": false,
            "enableBatchPrivateLink": false,
            "propertyBag": {}
          }
        }
      }
    },
    {
      "RequestUri": "https://management.azure.com/subscriptions/00000000-0000-0000-0000-000000000/resourceGroups/00000/providers/Microsoft.MachineLearningServices/workspaces/00000/datastores/workspaceblobstore?api-version=2022-10-01",
      "RequestMethod": "GET",
      "RequestHeaders": {
        "Accept": "application/json",
        "Accept-Encoding": "gzip, deflate",
        "Connection": "keep-alive",
        "User-Agent": "azure-ai-ml/1.6.0 azsdk-python-mgmt-machinelearningservices/0.1.0 Python/3.10.11 (Windows-10-10.0.19045-SP0)"
      },
      "RequestBody": null,
      "StatusCode": 200,
      "ResponseHeaders": {
        "Cache-Control": "no-cache",
        "Content-Encoding": "gzip",
        "Content-Type": "application/json; charset=utf-8",
        "Date": "Sun, 09 Apr 2023 01:38:40 GMT",
        "Expires": "-1",
        "Pragma": "no-cache",
        "request-context": "appId=cid-v1:512cc15a-13b5-415b-bfd0-dce7accb6bb1",
        "Server-Timing": "traceparent;desc=\u002200-caa66081af14eb3a371f231217b1eaaf-892db69ee76d5914-01\u0022",
        "Strict-Transport-Security": "max-age=31536000; includeSubDomains",
        "Transfer-Encoding": "chunked",
        "Vary": [
          "Accept-Encoding",
          "Accept-Encoding"
        ],
        "x-aml-cluster": "vienna-test-westus2-02",
        "X-Content-Type-Options": "nosniff",
        "x-ms-correlation-request-id": "de8f5793-03f2-4f05-8063-5092c5267461",
        "x-ms-ratelimit-remaining-subscription-reads": "11997",
        "x-ms-response-type": "standard",
        "x-ms-routing-request-id": "WESTUS2:20230409T013840Z:de8f5793-03f2-4f05-8063-5092c5267461",
        "x-request-time": "0.108"
      },
      "ResponseBody": {
        "id": "/subscriptions/00000000-0000-0000-0000-000000000/resourceGroups/00000/providers/Microsoft.MachineLearningServices/workspaces/00000/datastores/workspaceblobstore",
        "name": "workspaceblobstore",
        "type": "Microsoft.MachineLearningServices/workspaces/datastores",
        "properties": {
          "description": null,
          "tags": null,
          "properties": null,
          "isDefault": true,
          "credentials": {
            "credentialsType": "AccountKey"
          },
          "datastoreType": "AzureBlob",
          "accountName": "sab6b272nokaeak",
          "containerName": "azureml-blobstore-061273aa-2956-4aff-8628-0fad8c820f9e",
          "endpoint": "core.windows.net",
          "protocol": "https",
          "serviceDataAccessAuthIdentity": "WorkspaceSystemAssignedIdentity"
        },
        "systemData": {
          "createdAt": "2023-04-07T22:03:48.498579\u002B00:00",
          "createdBy": "779301c0-18b2-4cdc-801b-a0a3368fee0a",
          "createdByType": "Application",
          "lastModifiedAt": "2023-04-07T22:03:49.2565567\u002B00:00",
          "lastModifiedBy": "779301c0-18b2-4cdc-801b-a0a3368fee0a",
          "lastModifiedByType": "Application"
        }
      }
    },
    {
      "RequestUri": "https://management.azure.com/subscriptions/00000000-0000-0000-0000-000000000/resourceGroups/00000/providers/Microsoft.MachineLearningServices/workspaces/00000/datastores/workspaceblobstore/listSecrets?api-version=2022-10-01",
      "RequestMethod": "POST",
      "RequestHeaders": {
        "Accept": "application/json",
        "Accept-Encoding": "gzip, deflate",
        "Connection": "keep-alive",
        "Content-Length": "0",
        "User-Agent": "azure-ai-ml/1.6.0 azsdk-python-mgmt-machinelearningservices/0.1.0 Python/3.10.11 (Windows-10-10.0.19045-SP0)"
      },
      "RequestBody": null,
      "StatusCode": 200,
      "ResponseHeaders": {
        "Cache-Control": "no-cache",
        "Content-Encoding": "gzip",
        "Content-Type": "application/json; charset=utf-8",
        "Date": "Sun, 09 Apr 2023 01:38:41 GMT",
        "Expires": "-1",
        "Pragma": "no-cache",
        "request-context": "appId=cid-v1:512cc15a-13b5-415b-bfd0-dce7accb6bb1",
        "Server-Timing": "traceparent;desc=\u002200-90829a0d00b6ebcb7f106e1669a9adf5-156e5ce8412615e5-01\u0022",
        "Strict-Transport-Security": "max-age=31536000; includeSubDomains",
        "Transfer-Encoding": "chunked",
        "Vary": "Accept-Encoding",
        "x-aml-cluster": "vienna-test-westus2-02",
        "X-Content-Type-Options": "nosniff",
        "x-ms-correlation-request-id": "e515a884-6f04-4dc0-88fb-86812d75d3a7",
        "x-ms-ratelimit-remaining-subscription-writes": "1199",
        "x-ms-response-type": "standard",
        "x-ms-routing-request-id": "WESTUS2:20230409T013841Z:e515a884-6f04-4dc0-88fb-86812d75d3a7",
        "x-request-time": "0.341"
      },
      "ResponseBody": {
        "secretsType": "AccountKey",
        "key": "dGhpcyBpcyBmYWtlIGtleQ=="
      }
    },
    {
      "RequestUri": "https://sab6b272nokaeak.blob.core.windows.net/000000000000000000000000000000000000/LocalUpload/00000000000000000000000000000000/data/sample1.csv",
      "RequestMethod": "HEAD",
      "RequestHeaders": {
        "Accept": "application/xml",
        "Accept-Encoding": "gzip, deflate",
        "Connection": "keep-alive",
        "User-Agent": "azsdk-python-storage-blob/12.15.0 Python/3.10.11 (Windows-10-10.0.19045-SP0)",
        "x-ms-date": "Sun, 09 Apr 2023 01:38:40 GMT",
        "x-ms-version": "2021-12-02"
      },
      "RequestBody": null,
      "StatusCode": 200,
      "ResponseHeaders": {
        "Accept-Ranges": "bytes",
        "Content-Length": "508",
        "Content-MD5": "dUQjYq1qrTeqLOaZ4N2AUQ==",
        "Content-Type": "application/octet-stream",
        "Date": "Sun, 09 Apr 2023 01:38:40 GMT",
        "ETag": "\u00220x8DB3896B21A3473\u0022",
        "Last-Modified": "Sun, 09 Apr 2023 01:06:48 GMT",
        "Server": [
          "Windows-Azure-Blob/1.0",
          "Microsoft-HTTPAPI/2.0"
        ],
        "Vary": "Origin",
        "x-ms-access-tier": "Hot",
        "x-ms-access-tier-inferred": "true",
        "x-ms-blob-type": "BlockBlob",
        "x-ms-creation-time": "Sun, 09 Apr 2023 01:06:48 GMT",
        "x-ms-lease-state": "available",
        "x-ms-lease-status": "unlocked",
        "x-ms-meta-name": "b2084716-a912-41d7-9f39-eb3621a23fbe",
        "x-ms-meta-upload_status": "completed",
        "x-ms-meta-version": "544cb934-a291-4126-9a25-56d94233856a",
        "x-ms-server-encrypted": "true",
        "x-ms-version": "2021-12-02"
      },
      "ResponseBody": null
    },
    {
      "RequestUri": "https://sab6b272nokaeak.blob.core.windows.net/000000000000000000000000000000000000/az-ml-artifacts/00000000000000000000000000000000/data/sample1.csv",
      "RequestMethod": "HEAD",
      "RequestHeaders": {
        "Accept": "application/xml",
        "Accept-Encoding": "gzip, deflate",
        "Connection": "keep-alive",
        "User-Agent": "azsdk-python-storage-blob/12.15.0 Python/3.10.11 (Windows-10-10.0.19045-SP0)",
        "x-ms-date": "Sun, 09 Apr 2023 01:38:41 GMT",
        "x-ms-version": "2021-12-02"
      },
      "RequestBody": null,
      "StatusCode": 404,
      "ResponseHeaders": {
        "Date": "Sun, 09 Apr 2023 01:38:40 GMT",
        "Server": [
          "Windows-Azure-Blob/1.0",
          "Microsoft-HTTPAPI/2.0"
        ],
        "Transfer-Encoding": "chunked",
        "Vary": "Origin",
        "x-ms-error-code": "BlobNotFound",
        "x-ms-version": "2021-12-02"
      },
      "ResponseBody": null
    },
    {
      "RequestUri": "https://management.azure.com/subscriptions/00000000-0000-0000-0000-000000000/resourceGroups/00000/providers/Microsoft.MachineLearningServices/workspaces/00000/components/azureml_anonymous/versions/000000000000000000000?api-version=2022-10-01",
      "RequestMethod": "PUT",
      "RequestHeaders": {
        "Accept": "application/json",
        "Accept-Encoding": "gzip, deflate",
        "Connection": "keep-alive",
        "Content-Length": "1671",
        "Content-Type": "application/json",
        "User-Agent": "azure-ai-ml/1.6.0 azsdk-python-mgmt-machinelearningservices/0.1.0 Python/3.10.11 (Windows-10-10.0.19045-SP0)"
      },
      "RequestBody": {
        "properties": {
          "description": "This is the command component for sweep",
          "properties": {},
          "tags": {
            "tag": "tagvalue",
            "owner": "sdkteam"
          },
          "isAnonymous": true,
          "isArchived": false,
          "componentSpec": {
            "command": "echo \u0022Start training ...\u0022 \u0026\u0026 python mnist.py --data_folder ${{inputs.data_folder}} --batch_size ${{inputs.batch_size}} --first_layer_neurons ${{inputs.first_layer_neurons}} --second_layer_neurons ${{inputs.second_layer_neurons}} --third_layer_neurons ${{inputs.third_layer_neurons}} --epochs ${{inputs.epochs}} --f1 ${{inputs.f1}} --f2 ${{inputs.f2}} --weight_decay ${{inputs.weight_decay}} --momentum ${{inputs.momentum}} --learning_rate ${{inputs.learning_rate}} --saved_model ${{outputs.trained_model_dir}}",
            "environment": "azureml:AzureML-sklearn-1.0-ubuntu20.04-py38-cpu:33",
            "name": "azureml_anonymous",
            "description": "This is the command component for sweep",
            "tags": {
              "tag": "tagvalue",
              "owner": "sdkteam"
            },
            "version": "1",
            "$schema": "https://azuremlschemas.azureedge.net/development/commandComponent.schema.json",
            "display_name": "CommandComponentForSweep",
            "is_deterministic": true,
            "inputs": {
              "batch_size": {
                "type": "integer"
              },
              "first_layer_neurons": {
                "type": "integer"
              },
              "second_layer_neurons": {
                "type": "integer"
              },
              "third_layer_neurons": {
                "type": "integer"
              },
              "epochs": {
                "type": "integer"
              },
              "momentum": {
                "type": "number"
              },
              "weight_decay": {
                "type": "number"
              },
              "learning_rate": {
                "type": "number"
              },
              "f1": {
                "type": "number"
              },
              "f2": {
                "type": "number"
              },
              "random_seed": {
                "type": "integer",
                "default": "42"
              },
              "data_folder": {
                "type": "mltable"
              }
            },
            "outputs": {
              "trained_model_dir": {
                "type": "mlflow_model"
              }
            },
            "type": "command",
            "_source": "YAML.JOB"
          }
        }
      },
      "StatusCode": 201,
      "ResponseHeaders": {
        "Cache-Control": "no-cache",
        "Content-Length": "3248",
        "Content-Type": "application/json; charset=utf-8",
        "Date": "Sun, 09 Apr 2023 01:38:42 GMT",
        "Expires": "-1",
        "Location": "https://management.azure.com/subscriptions/00000000-0000-0000-0000-000000000/resourceGroups/00000/providers/Microsoft.MachineLearningServices/workspaces/00000/components/azureml_anonymous/versions/000000000000000000000?api-version=2022-10-01",
        "Pragma": "no-cache",
        "request-context": "appId=cid-v1:512cc15a-13b5-415b-bfd0-dce7accb6bb1",
        "Server-Timing": "traceparent;desc=\u002200-d20d5bc2e9b1837298293425375f7324-2327bdbaf04134eb-01\u0022",
        "Strict-Transport-Security": "max-age=31536000; includeSubDomains",
        "x-aml-cluster": "vienna-test-westus2-02",
        "X-Content-Type-Options": "nosniff",
        "x-ms-correlation-request-id": "c0d46851-e0ed-4050-9cbc-2e5dd0c69df1",
        "x-ms-ratelimit-remaining-subscription-writes": "1199",
        "x-ms-response-type": "standard",
        "x-ms-routing-request-id": "WESTUS2:20230409T013843Z:c0d46851-e0ed-4050-9cbc-2e5dd0c69df1",
        "x-request-time": "0.933"
      },
      "ResponseBody": {
        "id": "/subscriptions/00000000-0000-0000-0000-000000000/resourceGroups/00000/providers/Microsoft.MachineLearningServices/workspaces/00000/components/azureml_anonymous/versions/31ab3d9e-ac28-46a0-a0e2-654db62bbf7c",
        "name": "31ab3d9e-ac28-46a0-a0e2-654db62bbf7c",
        "type": "Microsoft.MachineLearningServices/workspaces/components/versions",
        "properties": {
          "description": null,
          "tags": {
            "tag": "tagvalue",
            "owner": "sdkteam"
          },
          "properties": {},
          "isArchived": false,
          "isAnonymous": true,
          "componentSpec": {
            "$schema": "https://azuremlschemas.azureedge.net/development/commandComponent.schema.json",
            "name": "azureml_anonymous",
            "version": "1",
            "display_name": "CommandComponentForSweep",
            "is_deterministic": "True",
            "type": "command",
            "description": "This is the command component for sweep",
            "tags": {
              "tag": "tagvalue",
              "owner": "sdkteam"
            },
            "inputs": {
              "data_folder": {
                "type": "mltable",
                "optional": "False"
              },
              "batch_size": {
                "type": "integer",
                "optional": "False"
              },
              "first_layer_neurons": {
                "type": "integer",
                "optional": "False"
              },
              "second_layer_neurons": {
                "type": "integer",
                "optional": "False"
              },
              "third_layer_neurons": {
                "type": "integer",
                "optional": "False"
              },
              "epochs": {
                "type": "integer",
                "optional": "False"
              },
              "momentum": {
                "type": "number",
                "optional": "False"
              },
              "weight_decay": {
                "type": "number",
                "optional": "False"
              },
              "learning_rate": {
                "type": "number",
                "optional": "False"
              },
              "f1": {
                "type": "number",
                "optional": "False"
              },
              "f2": {
                "type": "number",
                "optional": "False"
              },
              "random_seed": {
                "type": "integer",
                "optional": "False",
                "default": "42"
              }
            },
            "outputs": {
              "trained_model_dir": {
                "type": "mlflow_model"
              }
            },
            "environment": "azureml://registries/azureml-dev/environments/AzureML-sklearn-1.0-ubuntu20.04-py38-cpu/versions/33",
            "resources": {
              "instance_count": "1"
            },
            "command": "echo \u0022Start training ...\u0022 \u0026\u0026 python mnist.py --data_folder ${{inputs.data_folder}} --batch_size ${{inputs.batch_size}} --first_layer_neurons ${{inputs.first_layer_neurons}} --second_layer_neurons ${{inputs.second_layer_neurons}} --third_layer_neurons ${{inputs.third_layer_neurons}} --epochs ${{inputs.epochs}} --f1 ${{inputs.f1}} --f2 ${{inputs.f2}} --weight_decay ${{inputs.weight_decay}} --momentum ${{inputs.momentum}} --learning_rate ${{inputs.learning_rate}} --saved_model ${{outputs.trained_model_dir}}"
          }
        },
        "systemData": {
          "createdAt": "2023-04-09T01:06:49.8443893\u002B00:00",
          "createdBy": "Diondra Peck",
          "createdByType": "User",
          "lastModifiedAt": "2023-04-09T01:06:50.3843116\u002B00:00",
          "lastModifiedBy": "Diondra Peck",
          "lastModifiedByType": "User"
        }
      }
    },
    {
      "RequestUri": "https://master.api.azureml-test.ms/mferp/managementfrontend/subscriptions/00000000-0000-0000-0000-000000000/resourceGroups/00000/providers/Microsoft.MachineLearningServices/workspaces/00000/codes/000000000000000000000/versions?api-version=2023-04-01\u0026hash=711ef3ada0dc1d61138386a9c96e8f16978d485b05e158bf59dca80dcfc85f2d\u0026hashVersion=202208",
      "RequestMethod": "GET",
      "RequestHeaders": {
        "Accept": "application/json",
        "Accept-Encoding": "gzip, deflate",
        "Connection": "keep-alive",
        "User-Agent": "azure-ai-ml/1.6.0 azsdk-python-mgmt-machinelearningservices/0.1.0 Python/3.10.11 (Windows-10-10.0.19045-SP0)"
      },
      "RequestBody": null,
      "StatusCode": 200,
      "ResponseHeaders": {
        "Connection": "keep-alive",
        "Content-Encoding": "gzip",
        "Content-Type": "application/json; charset=utf-8",
        "Date": "Sun, 09 Apr 2023 01:38:43 GMT",
        "request-context": "appId=cid-v1:512cc15a-13b5-415b-bfd0-dce7accb6bb1",
        "Server-Timing": "traceparent;desc=\u002200-069daaccf4c6b6ae2ca9206b20634c8b-593d86fb1dc0cc5d-00\u0022",
        "Strict-Transport-Security": "max-age=15724800; includeSubDomains; preload",
        "Transfer-Encoding": "chunked",
        "Vary": "Accept-Encoding",
        "x-aml-cluster": "vienna-test-westus2-02",
        "X-Content-Type-Options": [
          "nosniff",
          "nosniff"
        ],
        "x-ms-response-type": "standard",
        "x-request-time": "0.286"
      },
      "ResponseBody": {
        "value": [
          {
            "id": "/subscriptions/00000000-0000-0000-0000-000000000/resourceGroups/00000/providers/Microsoft.MachineLearningServices/workspaces/00000/codes/53235a81-c8b2-47d1-89d9-e442d09f3ee0/versions/1",
            "name": "1",
            "type": "Microsoft.MachineLearningServices/workspaces/codes/versions",
            "properties": {
              "description": null,
              "tags": {},
              "properties": {
                "hash_sha256": "711ef3ada0dc1d61138386a9c96e8f16978d485b05e158bf59dca80dcfc85f2d",
                "hash_version": "202208"
              },
              "isArchived": false,
              "isAnonymous": false,
              "codeUri": "https://sab6b272nokaeak.blob.core.windows.net:443/061273aa-2-51771a72-a8a2-541b-9e50-d84291be6f45/python",
              "provisioningState": "Succeeded"
            },
            "systemData": {
              "createdAt": "2023-04-07T22:52:48.1379422\u002B00:00",
              "createdBy": "Diondra Peck",
              "createdByType": "User",
              "lastModifiedAt": "2023-04-07T22:52:48.1379422\u002B00:00",
              "lastModifiedBy": "Diondra Peck",
              "lastModifiedByType": "User"
            }
          }
        ]
      }
    },
    {
      "RequestUri": "https://master.api.azureml-test.ms/mferp/managementfrontend/subscriptions/00000000-0000-0000-0000-000000000/resourceGroups/00000/providers/Microsoft.MachineLearningServices/workspaces/00000/codes/53235a81-c8b2-47d1-89d9-e442d09f3ee0/versions/1?api-version=2023-04-01",
      "RequestMethod": "GET",
      "RequestHeaders": {
        "Accept": "application/json",
        "Accept-Encoding": "gzip, deflate",
        "Connection": "keep-alive",
        "User-Agent": "azure-ai-ml/1.6.0 azsdk-python-mgmt-machinelearningservices/0.1.0 Python/3.10.11 (Windows-10-10.0.19045-SP0)"
      },
      "RequestBody": null,
      "StatusCode": 200,
      "ResponseHeaders": {
        "Connection": "keep-alive",
        "Content-Encoding": "gzip",
        "Content-Type": "application/json; charset=utf-8",
        "Date": "Sun, 09 Apr 2023 01:38:43 GMT",
        "request-context": "appId=cid-v1:512cc15a-13b5-415b-bfd0-dce7accb6bb1",
        "Server-Timing": "traceparent;desc=\u002200-bcfc890a6e75a6d136abd395cb46eca3-f1e2c0656b86050a-00\u0022",
        "Strict-Transport-Security": "max-age=15724800; includeSubDomains; preload",
        "Transfer-Encoding": "chunked",
        "Vary": "Accept-Encoding",
        "x-aml-cluster": "vienna-test-westus2-02",
        "X-Content-Type-Options": [
          "nosniff",
          "nosniff"
        ],
        "x-ms-response-type": "standard",
        "x-request-time": "0.225"
      },
      "ResponseBody": {
        "id": "/subscriptions/00000000-0000-0000-0000-000000000/resourceGroups/00000/providers/Microsoft.MachineLearningServices/workspaces/00000/codes/53235a81-c8b2-47d1-89d9-e442d09f3ee0/versions/1",
        "name": "1",
        "type": "Microsoft.MachineLearningServices/workspaces/codes/versions",
        "properties": {
          "description": null,
          "tags": {},
          "properties": {
            "hash_sha256": "0000000000000",
            "hash_version": "0000000000000"
          },
          "isArchived": false,
          "isAnonymous": false,
          "codeUri": "https://sab6b272nokaeak.blob.core.windows.net:443/061273aa-2-51771a72-a8a2-541b-9e50-d84291be6f45/python",
          "provisioningState": "Succeeded"
        },
        "systemData": {
          "createdAt": "2023-04-07T22:52:48.1379422\u002B00:00",
          "createdBy": "Diondra Peck",
          "createdByType": "User",
          "lastModifiedAt": "2023-04-07T22:52:48.1379422\u002B00:00",
          "lastModifiedBy": "Diondra Peck",
          "lastModifiedByType": "User"
        }
      }
    },
    {
      "RequestUri": "https://management.azure.com/subscriptions/00000000-0000-0000-0000-000000000/resourceGroups/00000/providers/Microsoft.MachineLearningServices/workspaces/00000/components/azureml_anonymous/versions/000000000000000000000?api-version=2022-10-01",
      "RequestMethod": "PUT",
      "RequestHeaders": {
        "Accept": "application/json",
        "Accept-Encoding": "gzip, deflate",
        "Connection": "keep-alive",
        "Content-Length": "685",
        "Content-Type": "application/json",
        "User-Agent": "azure-ai-ml/1.6.0 azsdk-python-mgmt-machinelearningservices/0.1.0 Python/3.10.11 (Windows-10-10.0.19045-SP0)"
      },
      "RequestBody": {
        "properties": {
          "properties": {},
          "tags": {},
          "isAnonymous": true,
          "isArchived": false,
          "componentSpec": {
            "command": "echo Hello World \u0026 echo ${{inputs.component_in_number}}",
            "code": "azureml:/subscriptions/00000000-0000-0000-0000-000000000/resourceGroups/00000/providers/Microsoft.MachineLearningServices/workspaces/00000/codes/53235a81-c8b2-47d1-89d9-e442d09f3ee0/versions/1",
            "environment": "azureml:AzureML-sklearn-1.0-ubuntu20.04-py38-cpu:33",
            "name": "azureml_anonymous",
            "version": "1",
            "is_deterministic": true,
            "inputs": {
              "component_in_number": {
                "type": "integer",
                "optional": false,
                "default": "10",
                "description": "Am integer"
              }
            },
            "type": "command",
            "_source": "YAML.JOB"
          }
        }
      },
      "StatusCode": 201,
      "ResponseHeaders": {
        "Cache-Control": "no-cache",
        "Content-Length": "1560",
        "Content-Type": "application/json; charset=utf-8",
        "Date": "Sun, 09 Apr 2023 01:38:44 GMT",
        "Expires": "-1",
        "Location": "https://management.azure.com/subscriptions/00000000-0000-0000-0000-000000000/resourceGroups/00000/providers/Microsoft.MachineLearningServices/workspaces/00000/components/azureml_anonymous/versions/000000000000000000000?api-version=2022-10-01",
        "Pragma": "no-cache",
        "request-context": "appId=cid-v1:512cc15a-13b5-415b-bfd0-dce7accb6bb1",
        "Server-Timing": "traceparent;desc=\u002200-32ee7bad1b035f9eb4ccf800ee8c8c27-9435c0b3a30fc79a-01\u0022",
        "Strict-Transport-Security": "max-age=31536000; includeSubDomains",
        "x-aml-cluster": "vienna-test-westus2-02",
        "X-Content-Type-Options": "nosniff",
        "x-ms-correlation-request-id": "1ae178d4-ffde-4a14-aad0-12f4eae39c16",
        "x-ms-ratelimit-remaining-subscription-writes": "1198",
        "x-ms-response-type": "standard",
        "x-ms-routing-request-id": "WESTUS2:20230409T013844Z:1ae178d4-ffde-4a14-aad0-12f4eae39c16",
        "x-request-time": "0.649"
      },
      "ResponseBody": {
        "id": "/subscriptions/00000000-0000-0000-0000-000000000/resourceGroups/00000/providers/Microsoft.MachineLearningServices/workspaces/00000/components/azureml_anonymous/versions/72f21fa1-f2c8-43c4-bbc7-0de30b16d6e4",
        "name": "72f21fa1-f2c8-43c4-bbc7-0de30b16d6e4",
        "type": "Microsoft.MachineLearningServices/workspaces/components/versions",
        "properties": {
          "description": null,
          "tags": {},
          "properties": {},
          "isArchived": false,
          "isAnonymous": true,
          "componentSpec": {
            "name": "azureml_anonymous",
            "version": "1",
            "is_deterministic": "True",
            "type": "command",
            "inputs": {
              "component_in_number": {
                "type": "integer",
                "optional": "False",
                "default": "10",
                "description": "Am integer"
              }
            },
            "code": "azureml:/subscriptions/00000000-0000-0000-0000-000000000/resourceGroups/00000/providers/Microsoft.MachineLearningServices/workspaces/00000/codes/53235a81-c8b2-47d1-89d9-e442d09f3ee0/versions/1",
            "environment": "azureml://registries/azureml-dev/environments/AzureML-sklearn-1.0-ubuntu20.04-py38-cpu/versions/33",
            "resources": {
              "instance_count": "1"
            },
            "command": "echo Hello World \u0026 echo ${{inputs.component_in_number}}"
          }
        },
        "systemData": {
          "createdAt": "2023-04-09T00:16:31.5981057\u002B00:00",
          "createdBy": "Diondra Peck",
          "createdByType": "User",
          "lastModifiedAt": "2023-04-09T00:16:31.9396417\u002B00:00",
          "lastModifiedBy": "Diondra Peck",
          "lastModifiedByType": "User"
        }
      }
    },
    {
      "RequestUri": "https://management.azure.com/subscriptions/00000000-0000-0000-0000-000000000/resourceGroups/00000/providers/Microsoft.MachineLearningServices/workspaces/00000/jobs/test_451401752392?api-version=2023-02-01-preview",
      "RequestMethod": "PUT",
      "RequestHeaders": {
        "Accept": "application/json",
        "Accept-Encoding": "gzip, deflate",
        "Connection": "keep-alive",
        "Content-Length": "3445",
        "Content-Type": "application/json",
        "User-Agent": "azure-ai-ml/1.6.0 azsdk-python-mgmt-machinelearningservices/0.1.0 Python/3.10.11 (Windows-10-10.0.19045-SP0)"
      },
      "RequestBody": {
        "properties": {
          "description": "The hello world pipeline job with inline components",
          "properties": {},
          "tags": {
            "tag": "tagvalue",
            "owner": "sdkteam"
          },
          "computeId": "/subscriptions/00000000-0000-0000-0000-000000000/resourceGroups/00000/providers/Microsoft.MachineLearningServices/workspaces/00000/computes/cpu-cluster",
          "displayName": "test_451401752392",
          "experimentName": "azure-ai-ml",
          "isArchived": false,
          "jobType": "Pipeline",
          "inputs": {
            "job_in_number": {
              "jobInputType": "literal",
              "value": "10.01"
            },
            "job_in_other_number": {
              "jobInputType": "literal",
              "value": "15"
            }
          },
          "jobs": {
            "hello_sweep_inline_trial": {
              "limits": {
                "max_concurrent_trials": 10,
                "max_total_trials": 20,
                "timeout": 7200
              },
              "sampling_algorithm": "random",
              "objective": {
                "goal": "maximize",
                "primary_metric": "accuracy"
              },
              "early_termination": {
                "delay_evaluation": 200,
                "evaluation_interval": 100,
                "policy_type": "MedianStopping"
              },
              "search_space": {
                "component_in_number": {
                  "values": [
                    1,
                    2
                  ],
                  "type": "choice"
                }
              },
              "name": "hello_sweep_inline_trial",
              "type": "sweep",
              "computeId": "/subscriptions/00000000-0000-0000-0000-000000000/resourceGroups/00000/providers/Microsoft.MachineLearningServices/workspaces/00000/computes/gpu-cluster",
              "_source": "YAML.JOB",
              "trial": {
                "componentId": "/subscriptions/00000000-0000-0000-0000-000000000/resourceGroups/00000/providers/Microsoft.MachineLearningServices/workspaces/00000/components/azureml_anonymous/versions/72f21fa1-f2c8-43c4-bbc7-0de30b16d6e4"
              }
            },
            "hello_sweep_inline_file_trial": {
              "limits": {
                "max_total_trials": 3
              },
              "sampling_algorithm": "random",
              "objective": {
                "goal": "maximize",
                "primary_metric": "accuracy"
              },
              "search_space": {
                "batch_size": {
                  "values": [
                    25,
                    35
                  ],
                  "type": "choice"
                },
                "first_layer_neurons": {
                  "type": "randint",
                  "upper": 50
                },
                "second_layer_neurons": {
                  "type": "quniform",
                  "min_value": 10,
                  "max_value": 50,
                  "q": 5
                },
                "third_layer_neurons": {
                  "type": "qlognormal",
                  "mu": 5,
                  "sigma": 1,
                  "q": 5
                },
                "epochs": {
                  "type": "qloguniform",
                  "min_value": 1,
                  "max_value": 5,
                  "q": 5
                },
                "momentum": {
                  "type": "qnormal",
                  "mu": 10,
                  "sigma": 5,
                  "q": 2
                },
                "weight_decay": {
                  "type": "lognormal",
                  "mu": 0,
                  "sigma": 1
                },
                "learning_rate": {
                  "type": "loguniform",
                  "min_value": -6,
                  "max_value": -1
                },
                "f1": {
                  "type": "normal",
                  "mu": 0,
                  "sigma": 1
                },
                "f2": {
                  "type": "uniform",
                  "min_value": 10,
                  "max_value": 20
                }
              },
              "name": "hello_sweep_inline_file_trial",
              "type": "sweep",
              "inputs": {
                "data_folder": {
                  "mode": "ReadOnlyMount",
                  "uri": "azureml://datastores/workspaceblobstore/paths/LocalUpload/00000000000000000000000000000000/data",
                  "job_input_type": "mltable"
                }
              },
              "_source": "YAML.JOB",
              "trial": {
                "componentId": "/subscriptions/00000000-0000-0000-0000-000000000/resourceGroups/00000/providers/Microsoft.MachineLearningServices/workspaces/00000/components/azureml_anonymous/versions/31ab3d9e-ac28-46a0-a0e2-654db62bbf7c"
              }
            },
            "hello_sweep_inline_remote_trial": {
              "limits": {
                "max_total_trials": 3
              },
              "sampling_algorithm": "random",
              "objective": {
                "goal": "maximize",
                "primary_metric": "accuracy"
              },
              "search_space": {
                "component_in_number": {
                  "values": [
                    25,
                    35
                  ],
                  "type": "choice"
                }
              },
              "name": "hello_sweep_inline_remote_trial",
              "type": "sweep",
              "_source": "REMOTE.WORKSPACE.COMPONENT",
              "trial": {
                "componentId": "/subscriptions/00000000-0000-0000-0000-000000000/resourceGroups/00000/providers/Microsoft.MachineLearningServices/workspaces/00000/components/microsoftsamplescommandcomponentbasic_nopaths_test/versions/1"
              }
            }
          },
          "outputs": {},
          "settings": {
            "_source": "YAML.JOB"
          }
        }
      },
      "StatusCode": 404,
      "ResponseHeaders": {
        "Cache-Control": "no-cache",
        "Content-Length": "1061",
        "Content-Type": "application/json; charset=utf-8",
        "Date": "Sun, 09 Apr 2023 01:38:46 GMT",
        "Expires": "-1",
        "Pragma": "no-cache",
        "request-context": "appId=cid-v1:512cc15a-13b5-415b-bfd0-dce7accb6bb1",
        "Strict-Transport-Security": "max-age=31536000; includeSubDomains",
        "Vary": "Accept-Encoding",
        "x-aml-cluster": "vienna-test-westus2-02",
        "X-Content-Type-Options": "nosniff",
        "x-ms-correlation-request-id": "bcc848d2-19b4-4a71-ba50-981ac384d6cd",
        "x-ms-ratelimit-remaining-subscription-writes": "1197",
        "x-ms-response-type": "error",
        "x-ms-routing-request-id": "WESTUS2:20230409T013846Z:bcc848d2-19b4-4a71-ba50-981ac384d6cd",
        "x-request-time": "0.458"
      },
      "ResponseBody": {
        "error": {
          "code": "NotFound",
          "message": "key: /subscriptions/00000000-0000-0000-0000-000000000/resourceGroups/00000/providers/Microsoft.MachineLearningServices/workspaces/00000/components/microsoftsamplescommandcomponentbasic_nopaths_test/versions/1, Message: Not found component microsoftsamplescommandcomponentbasic_nopaths_test.",
          "details": [],
          "additionalInfo": [
            {
              "type": "ComponentName",
              "info": {
                "value": "managementfrontend"
              }
            },
            {
              "type": "Correlation",
              "info": {
                "value": {
                  "operation": "19132b13732de9ba4a1f407b207a90bd",
                  "request": "304b5ef1e3e2052f"
                }
              }
            },
            {
              "type": "Environment",
              "info": {
                "value": "master"
              }
            },
            {
              "type": "Location",
              "info": {
                "value": "westus2"
              }
            },
            {
              "type": "Time",
              "info": {
                "value": "2023-04-09T01:38:46.5029458\u002B00:00"
              }
            }
          ]
        }
      }
    }
  ],
  "Variables": {
    "name": "test_451401752392"
  }
}
