{
  "Entries": [
    {
      "RequestUri": "https://management.azure.com/subscriptions/00000000-0000-0000-0000-000000000/resourceGroups/00000/providers/Microsoft.MachineLearningServices/workspaces/00000/computes/cpu-cluster?api-version=2022-10-01-preview",
      "RequestMethod": "GET",
      "RequestHeaders": {
        "Accept": "application/json",
        "Accept-Encoding": "gzip, deflate",
        "Connection": "keep-alive",
        "User-Agent": "azure-ai-ml/1.5.0 azsdk-python-mgmt-machinelearningservices/0.1.0 Python/3.7.9 (Windows-10-10.0.22621-SP0)"
      },
      "RequestBody": null,
      "StatusCode": 200,
      "ResponseHeaders": {
        "Cache-Control": "no-cache",
        "Content-Encoding": "gzip",
        "Content-Type": "application/json; charset=utf-8",
        "Date": "Tue, 14 Feb 2023 19:19:53 GMT",
        "Expires": "-1",
        "Pragma": "no-cache",
        "Request-Context": "appId=cid-v1:2d2e8e63-272e-4b3c-8598-4ee570a0e70d",
        "Server-Timing": "traceparent;desc=\u002200-a2a1fc739ab29b1e0bc4c41fc6bad5d5-92db8cad37d53b29-01\u0022",
        "Strict-Transport-Security": "max-age=31536000; includeSubDomains",
        "Transfer-Encoding": "chunked",
        "Vary": [
          "Accept-Encoding",
          "Accept-Encoding"
        ],
        "x-aml-cluster": "vienna-eastus2-01",
        "X-Content-Type-Options": "nosniff",
        "x-ms-correlation-request-id": "e3f13871-77a2-489b-b90b-5e833ea1dcd0",
        "x-ms-ratelimit-remaining-subscription-reads": "11999",
        "x-ms-response-type": "standard",
        "x-ms-routing-request-id": "WESTUS2:20230214T191953Z:e3f13871-77a2-489b-b90b-5e833ea1dcd0",
        "x-request-time": "0.053"
      },
      "ResponseBody": {
        "id": "/subscriptions/00000000-0000-0000-0000-000000000/resourceGroups/00000/providers/Microsoft.MachineLearningServices/workspaces/00000/computes/cpu-cluster",
        "name": "cpu-cluster",
        "type": "Microsoft.MachineLearningServices/workspaces/computes",
        "location": "eastus2",
        "tags": {},
        "properties": {
          "createdOn": "2023-02-13T17:11:25.9357988\u002B00:00",
          "modifiedOn": "2023-02-13T17:11:29.6078331\u002B00:00",
          "disableLocalAuth": false,
          "description": null,
          "resourceId": null,
          "computeType": "AmlCompute",
          "computeLocation": "eastus2",
          "provisioningState": "Succeeded",
          "provisioningErrors": null,
          "isAttachedCompute": false,
          "properties": {
            "vmSize": "STANDARD_DS2_V2",
            "vmPriority": "Dedicated",
            "scaleSettings": {
              "maxNodeCount": 4,
              "minNodeCount": 0,
              "nodeIdleTimeBeforeScaleDown": "PT2M"
            },
            "subnet": null,
            "currentNodeCount": 3,
            "targetNodeCount": 0,
            "nodeStateCounts": {
              "preparingNodeCount": 0,
              "runningNodeCount": 0,
              "idleNodeCount": 0,
              "unusableNodeCount": 0,
              "leavingNodeCount": 3,
              "preemptedNodeCount": 0
            },
            "allocationState": "Resizing",
            "allocationStateTransitionTime": "2023-02-14T19:17:00.424\u002B00:00",
            "errors": null,
            "remoteLoginPortPublicAccess": "Enabled",
            "osType": "Linux",
            "virtualMachineImage": null,
            "isolatedNetwork": false,
            "propertyBag": {}
          }
        }
      }
    },
    {
      "RequestUri": "https://management.azure.com/subscriptions/00000000-0000-0000-0000-000000000/resourceGroups/00000/providers/Microsoft.MachineLearningServices/workspaces/00000/computes/cpu-cluster?api-version=2022-10-01-preview",
      "RequestMethod": "GET",
      "RequestHeaders": {
        "Accept": "application/json",
        "Accept-Encoding": "gzip, deflate",
        "Connection": "keep-alive",
        "User-Agent": "azure-ai-ml/1.5.0 azsdk-python-mgmt-machinelearningservices/0.1.0 Python/3.7.9 (Windows-10-10.0.22621-SP0)"
      },
      "RequestBody": null,
      "StatusCode": 200,
      "ResponseHeaders": {
        "Cache-Control": "no-cache",
        "Content-Encoding": "gzip",
        "Content-Type": "application/json; charset=utf-8",
        "Date": "Tue, 14 Feb 2023 19:19:53 GMT",
        "Expires": "-1",
        "Pragma": "no-cache",
        "Request-Context": "appId=cid-v1:2d2e8e63-272e-4b3c-8598-4ee570a0e70d",
        "Server-Timing": "traceparent;desc=\u002200-ea4ea1ef28f20608fea22d232292d1a9-a692001f5901506c-01\u0022",
        "Strict-Transport-Security": "max-age=31536000; includeSubDomains",
        "Transfer-Encoding": "chunked",
        "Vary": [
          "Accept-Encoding",
          "Accept-Encoding"
        ],
        "x-aml-cluster": "vienna-eastus2-01",
        "X-Content-Type-Options": "nosniff",
        "x-ms-correlation-request-id": "47fce80b-6aff-495e-9783-ca8ed818edf6",
        "x-ms-ratelimit-remaining-subscription-reads": "11998",
        "x-ms-response-type": "standard",
        "x-ms-routing-request-id": "WESTUS2:20230214T191953Z:47fce80b-6aff-495e-9783-ca8ed818edf6",
        "x-request-time": "0.037"
      },
      "ResponseBody": {
        "id": "/subscriptions/00000000-0000-0000-0000-000000000/resourceGroups/00000/providers/Microsoft.MachineLearningServices/workspaces/00000/computes/cpu-cluster",
        "name": "cpu-cluster",
        "type": "Microsoft.MachineLearningServices/workspaces/computes",
        "location": "eastus2",
        "tags": {},
        "properties": {
          "createdOn": "2023-02-13T17:11:25.9357988\u002B00:00",
          "modifiedOn": "2023-02-13T17:11:29.6078331\u002B00:00",
          "disableLocalAuth": false,
          "description": null,
          "resourceId": null,
          "computeType": "AmlCompute",
          "computeLocation": "eastus2",
          "provisioningState": "Succeeded",
          "provisioningErrors": null,
          "isAttachedCompute": false,
          "properties": {
            "vmSize": "STANDARD_DS2_V2",
            "vmPriority": "Dedicated",
            "scaleSettings": {
              "maxNodeCount": 4,
              "minNodeCount": 0,
              "nodeIdleTimeBeforeScaleDown": "PT2M"
            },
            "subnet": null,
            "currentNodeCount": 3,
            "targetNodeCount": 0,
            "nodeStateCounts": {
              "preparingNodeCount": 0,
              "runningNodeCount": 0,
              "idleNodeCount": 0,
              "unusableNodeCount": 0,
              "leavingNodeCount": 3,
              "preemptedNodeCount": 0
            },
            "allocationState": "Resizing",
            "allocationStateTransitionTime": "2023-02-14T19:17:00.424\u002B00:00",
            "errors": null,
            "remoteLoginPortPublicAccess": "Enabled",
            "osType": "Linux",
            "virtualMachineImage": null,
            "isolatedNetwork": false,
            "propertyBag": {}
          }
        }
      }
    },
    {
      "RequestUri": "https://management.azure.com/subscriptions/00000000-0000-0000-0000-000000000/resourceGroups/00000/providers/Microsoft.MachineLearningServices/workspaces/00000/environments/CliV2AnonymousEnvironment/versions/7926e182b294d8644f987381c0081e94?api-version=2022-05-01",
      "RequestMethod": "PUT",
      "RequestHeaders": {
        "Accept": "application/json",
        "Accept-Encoding": "gzip, deflate",
        "Connection": "keep-alive",
        "Content-Length": "379",
        "Content-Type": "application/json",
        "User-Agent": "azure-ai-ml/1.5.0 azsdk-python-mgmt-machinelearningservices/0.1.0 Python/3.7.9 (Windows-10-10.0.22621-SP0)"
      },
      "RequestBody": {
        "properties": {
          "isAnonymous": true,
          "isArchived": false,
          "condaFile": "channels:\n- defaults\ndependencies:\n- python=3.8.12\n- pip=21.2.2\n- pip:\n  - --extra-index-url=https://azuremlsdktestpypi.azureedge.net/sdk-cli-v2\n  - mldesigner==0.0.71974906\n  - mlflow\n  - azureml-mlflow\nname: example-environment\n",
          "image": "mcr.microsoft.com/azureml/openmpi3.1.2-ubuntu18.04"
        }
      },
      "StatusCode": 201,
      "ResponseHeaders": {
        "Cache-Control": "no-cache",
        "Content-Length": "1275",
        "Content-Type": "application/json; charset=utf-8",
        "Date": "Tue, 14 Feb 2023 19:19:56 GMT",
        "Expires": "-1",
        "Location": "https://management.azure.com/subscriptions/00000000-0000-0000-0000-000000000/resourceGroups/00000/providers/Microsoft.MachineLearningServices/workspaces/00000/environments/CliV2AnonymousEnvironment/versions/7926e182b294d8644f987381c0081e94?api-version=2022-05-01",
        "Pragma": "no-cache",
        "Request-Context": "appId=cid-v1:2d2e8e63-272e-4b3c-8598-4ee570a0e70d",
        "Server-Timing": "traceparent;desc=\u002200-e08f8f932e9cf74920790dfb6eaf0fc7-6cbb33bdf48f19d6-01\u0022",
        "Strict-Transport-Security": "max-age=31536000; includeSubDomains",
        "x-aml-cluster": "vienna-eastus2-01",
        "X-Content-Type-Options": "nosniff",
        "x-ms-correlation-request-id": "53df233a-73fc-4d16-aeb1-faccc091cd0e",
        "x-ms-ratelimit-remaining-subscription-writes": "1199",
        "x-ms-response-type": "standard",
        "x-ms-routing-request-id": "WESTUS2:20230214T191956Z:53df233a-73fc-4d16-aeb1-faccc091cd0e",
        "x-request-time": "1.039"
      },
      "ResponseBody": {
        "id": "/subscriptions/00000000-0000-0000-0000-000000000/resourceGroups/00000/providers/Microsoft.MachineLearningServices/workspaces/00000/environments/CliV2AnonymousEnvironment/versions/7926e182b294d8644f987381c0081e94",
        "name": "7926e182b294d8644f987381c0081e94",
        "type": "Microsoft.MachineLearningServices/workspaces/environments/versions",
        "properties": {
          "description": null,
          "tags": {},
          "properties": {},
          "isArchived": false,
          "isAnonymous": true,
          "environmentType": "UserCreated",
          "image": "mcr.microsoft.com/azureml/openmpi3.1.2-ubuntu18.04",
          "condaFile": "{\n  \u0022channels\u0022: [\n    \u0022defaults\u0022\n  ],\n  \u0022dependencies\u0022: [\n    \u0022python=3.8.12\u0022,\n    \u0022pip=21.2.2\u0022,\n    {\n      \u0022pip\u0022: [\n        \u0022--extra-index-url=https://azuremlsdktestpypi.azureedge.net/sdk-cli-v2\u0022,\n        \u0022mldesigner==0.0.71974906\u0022,\n        \u0022mlflow\u0022,\n        \u0022azureml-mlflow\u0022\n      ]\n    }\n  ],\n  \u0022name\u0022: \u0022example-environment\u0022\n}",
          "osType": "Linux"
        },
        "systemData": {
          "createdAt": "2023-02-14T07:00:19.9186579\u002B00:00",
          "createdBy": "Diondra Peck",
          "createdByType": "User",
          "lastModifiedAt": "2023-02-14T07:00:19.9186579\u002B00:00",
          "lastModifiedBy": "Diondra Peck",
          "lastModifiedByType": "User"
        }
      }
    },
    {
      "RequestUri": "https://management.azure.com/subscriptions/00000000-0000-0000-0000-000000000/resourceGroups/00000/providers/Microsoft.MachineLearningServices/workspaces/00000/environments/CliV2AnonymousEnvironment/versions/7926e182b294d8644f987381c0081e94?api-version=2022-05-01",
      "RequestMethod": "PUT",
      "RequestHeaders": {
        "Accept": "application/json",
        "Accept-Encoding": "gzip, deflate",
        "Connection": "keep-alive",
        "Content-Length": "379",
        "Content-Type": "application/json",
        "User-Agent": "azure-ai-ml/1.5.0 azsdk-python-mgmt-machinelearningservices/0.1.0 Python/3.7.9 (Windows-10-10.0.22621-SP0)"
      },
      "RequestBody": {
        "properties": {
          "isAnonymous": true,
          "isArchived": false,
          "condaFile": "channels:\n- defaults\ndependencies:\n- python=3.8.12\n- pip=21.2.2\n- pip:\n  - --extra-index-url=https://azuremlsdktestpypi.azureedge.net/sdk-cli-v2\n  - mldesigner==0.0.71974906\n  - mlflow\n  - azureml-mlflow\nname: example-environment\n",
          "image": "mcr.microsoft.com/azureml/openmpi3.1.2-ubuntu18.04"
        }
      },
      "StatusCode": 201,
      "ResponseHeaders": {
        "Cache-Control": "no-cache",
        "Content-Length": "1275",
        "Content-Type": "application/json; charset=utf-8",
        "Date": "Tue, 14 Feb 2023 19:19:57 GMT",
        "Expires": "-1",
        "Location": "https://management.azure.com/subscriptions/00000000-0000-0000-0000-000000000/resourceGroups/00000/providers/Microsoft.MachineLearningServices/workspaces/00000/environments/CliV2AnonymousEnvironment/versions/7926e182b294d8644f987381c0081e94?api-version=2022-05-01",
        "Pragma": "no-cache",
        "Request-Context": "appId=cid-v1:2d2e8e63-272e-4b3c-8598-4ee570a0e70d",
        "Server-Timing": "traceparent;desc=\u002200-7ab999b051d502624d4ab6f87afdff80-f4b9ddad4240b979-01\u0022",
        "Strict-Transport-Security": "max-age=31536000; includeSubDomains",
        "x-aml-cluster": "vienna-eastus2-01",
        "X-Content-Type-Options": "nosniff",
        "x-ms-correlation-request-id": "8bd40d9e-eed3-432c-9185-236a31fd4d17",
        "x-ms-ratelimit-remaining-subscription-writes": "1198",
        "x-ms-response-type": "standard",
        "x-ms-routing-request-id": "WESTUS2:20230214T191957Z:8bd40d9e-eed3-432c-9185-236a31fd4d17",
        "x-request-time": "0.193"
      },
      "ResponseBody": {
        "id": "/subscriptions/00000000-0000-0000-0000-000000000/resourceGroups/00000/providers/Microsoft.MachineLearningServices/workspaces/00000/environments/CliV2AnonymousEnvironment/versions/7926e182b294d8644f987381c0081e94",
        "name": "7926e182b294d8644f987381c0081e94",
        "type": "Microsoft.MachineLearningServices/workspaces/environments/versions",
        "properties": {
          "description": null,
          "tags": {},
          "properties": {},
          "isArchived": false,
          "isAnonymous": true,
          "environmentType": "UserCreated",
          "image": "mcr.microsoft.com/azureml/openmpi3.1.2-ubuntu18.04",
          "condaFile": "{\n  \u0022channels\u0022: [\n    \u0022defaults\u0022\n  ],\n  \u0022dependencies\u0022: [\n    \u0022python=3.8.12\u0022,\n    \u0022pip=21.2.2\u0022,\n    {\n      \u0022pip\u0022: [\n        \u0022--extra-index-url=https://azuremlsdktestpypi.azureedge.net/sdk-cli-v2\u0022,\n        \u0022mldesigner==0.0.71974906\u0022,\n        \u0022mlflow\u0022,\n        \u0022azureml-mlflow\u0022\n      ]\n    }\n  ],\n  \u0022name\u0022: \u0022example-environment\u0022\n}",
          "osType": "Linux"
        },
        "systemData": {
          "createdAt": "2023-02-14T07:00:19.9186579\u002B00:00",
          "createdBy": "Diondra Peck",
          "createdByType": "User",
          "lastModifiedAt": "2023-02-14T07:00:19.9186579\u002B00:00",
          "lastModifiedBy": "Diondra Peck",
          "lastModifiedByType": "User"
        }
      }
    },
    {
      "RequestUri": "https://management.azure.com/subscriptions/00000000-0000-0000-0000-000000000/resourceGroups/00000/providers/Microsoft.MachineLearningServices/workspaces/00000/environments/CliV2AnonymousEnvironment/versions/7926e182b294d8644f987381c0081e94?api-version=2022-05-01",
      "RequestMethod": "PUT",
      "RequestHeaders": {
        "Accept": "application/json",
        "Accept-Encoding": "gzip, deflate",
        "Connection": "keep-alive",
        "Content-Length": "379",
        "Content-Type": "application/json",
        "User-Agent": "azure-ai-ml/1.5.0 azsdk-python-mgmt-machinelearningservices/0.1.0 Python/3.7.9 (Windows-10-10.0.22621-SP0)"
      },
      "RequestBody": {
        "properties": {
          "isAnonymous": true,
          "isArchived": false,
          "condaFile": "channels:\n- defaults\ndependencies:\n- python=3.8.12\n- pip=21.2.2\n- pip:\n  - --extra-index-url=https://azuremlsdktestpypi.azureedge.net/sdk-cli-v2\n  - mldesigner==0.0.71974906\n  - mlflow\n  - azureml-mlflow\nname: example-environment\n",
          "image": "mcr.microsoft.com/azureml/openmpi3.1.2-ubuntu18.04"
        }
      },
      "StatusCode": 201,
      "ResponseHeaders": {
        "Cache-Control": "no-cache",
        "Content-Length": "1275",
        "Content-Type": "application/json; charset=utf-8",
        "Date": "Tue, 14 Feb 2023 19:19:57 GMT",
        "Expires": "-1",
        "Location": "https://management.azure.com/subscriptions/00000000-0000-0000-0000-000000000/resourceGroups/00000/providers/Microsoft.MachineLearningServices/workspaces/00000/environments/CliV2AnonymousEnvironment/versions/7926e182b294d8644f987381c0081e94?api-version=2022-05-01",
        "Pragma": "no-cache",
        "Request-Context": "appId=cid-v1:2d2e8e63-272e-4b3c-8598-4ee570a0e70d",
        "Server-Timing": "traceparent;desc=\u002200-afdbb4581f0640729ee7dc213ed66286-f5b1025f34727f10-01\u0022",
        "Strict-Transport-Security": "max-age=31536000; includeSubDomains",
        "x-aml-cluster": "vienna-eastus2-01",
        "X-Content-Type-Options": "nosniff",
        "x-ms-correlation-request-id": "1ee61b6e-5729-416f-bf80-943dfccfa7b2",
        "x-ms-ratelimit-remaining-subscription-writes": "1197",
        "x-ms-response-type": "standard",
        "x-ms-routing-request-id": "WESTUS2:20230214T191957Z:1ee61b6e-5729-416f-bf80-943dfccfa7b2",
        "x-request-time": "0.115"
      },
      "ResponseBody": {
        "id": "/subscriptions/00000000-0000-0000-0000-000000000/resourceGroups/00000/providers/Microsoft.MachineLearningServices/workspaces/00000/environments/CliV2AnonymousEnvironment/versions/7926e182b294d8644f987381c0081e94",
        "name": "7926e182b294d8644f987381c0081e94",
        "type": "Microsoft.MachineLearningServices/workspaces/environments/versions",
        "properties": {
          "description": null,
          "tags": {},
          "properties": {},
          "isArchived": false,
          "isAnonymous": true,
          "environmentType": "UserCreated",
          "image": "mcr.microsoft.com/azureml/openmpi3.1.2-ubuntu18.04",
          "condaFile": "{\n  \u0022channels\u0022: [\n    \u0022defaults\u0022\n  ],\n  \u0022dependencies\u0022: [\n    \u0022python=3.8.12\u0022,\n    \u0022pip=21.2.2\u0022,\n    {\n      \u0022pip\u0022: [\n        \u0022--extra-index-url=https://azuremlsdktestpypi.azureedge.net/sdk-cli-v2\u0022,\n        \u0022mldesigner==0.0.71974906\u0022,\n        \u0022mlflow\u0022,\n        \u0022azureml-mlflow\u0022\n      ]\n    }\n  ],\n  \u0022name\u0022: \u0022example-environment\u0022\n}",
          "osType": "Linux"
        },
        "systemData": {
          "createdAt": "2023-02-14T07:00:19.9186579\u002B00:00",
          "createdBy": "Diondra Peck",
          "createdByType": "User",
          "lastModifiedAt": "2023-02-14T07:00:19.9186579\u002B00:00",
          "lastModifiedBy": "Diondra Peck",
          "lastModifiedByType": "User"
        }
      }
    },
    {
      "RequestUri": "https://management.azure.com/subscriptions/00000000-0000-0000-0000-000000000/resourceGroups/00000/providers/Microsoft.MachineLearningServices/workspaces/00000/environments/CliV2AnonymousEnvironment/versions/7926e182b294d8644f987381c0081e94?api-version=2022-05-01",
      "RequestMethod": "PUT",
      "RequestHeaders": {
        "Accept": "application/json",
        "Accept-Encoding": "gzip, deflate",
        "Connection": "keep-alive",
        "Content-Length": "379",
        "Content-Type": "application/json",
        "User-Agent": "azure-ai-ml/1.5.0 azsdk-python-mgmt-machinelearningservices/0.1.0 Python/3.7.9 (Windows-10-10.0.22621-SP0)"
      },
      "RequestBody": {
        "properties": {
          "isAnonymous": true,
          "isArchived": false,
          "condaFile": "channels:\n- defaults\ndependencies:\n- python=3.8.12\n- pip=21.2.2\n- pip:\n  - --extra-index-url=https://azuremlsdktestpypi.azureedge.net/sdk-cli-v2\n  - mldesigner==0.0.71974906\n  - mlflow\n  - azureml-mlflow\nname: example-environment\n",
          "image": "mcr.microsoft.com/azureml/openmpi3.1.2-ubuntu18.04"
        }
      },
      "StatusCode": 201,
      "ResponseHeaders": {
        "Cache-Control": "no-cache",
        "Content-Length": "1275",
        "Content-Type": "application/json; charset=utf-8",
        "Date": "Tue, 14 Feb 2023 19:19:58 GMT",
        "Expires": "-1",
        "Location": "https://management.azure.com/subscriptions/00000000-0000-0000-0000-000000000/resourceGroups/00000/providers/Microsoft.MachineLearningServices/workspaces/00000/environments/CliV2AnonymousEnvironment/versions/7926e182b294d8644f987381c0081e94?api-version=2022-05-01",
        "Pragma": "no-cache",
        "Request-Context": "appId=cid-v1:2d2e8e63-272e-4b3c-8598-4ee570a0e70d",
        "Server-Timing": "traceparent;desc=\u002200-c5dc4a8451f81365282783312485442e-aa0fb538d610969d-01\u0022",
        "Strict-Transport-Security": "max-age=31536000; includeSubDomains",
        "x-aml-cluster": "vienna-eastus2-01",
        "X-Content-Type-Options": "nosniff",
        "x-ms-correlation-request-id": "b4ab63b1-f022-4359-9991-f3624ca55322",
        "x-ms-ratelimit-remaining-subscription-writes": "1196",
        "x-ms-response-type": "standard",
        "x-ms-routing-request-id": "WESTUS2:20230214T191958Z:b4ab63b1-f022-4359-9991-f3624ca55322",
        "x-request-time": "0.198"
      },
      "ResponseBody": {
        "id": "/subscriptions/00000000-0000-0000-0000-000000000/resourceGroups/00000/providers/Microsoft.MachineLearningServices/workspaces/00000/environments/CliV2AnonymousEnvironment/versions/7926e182b294d8644f987381c0081e94",
        "name": "7926e182b294d8644f987381c0081e94",
        "type": "Microsoft.MachineLearningServices/workspaces/environments/versions",
        "properties": {
          "description": null,
          "tags": {},
          "properties": {},
          "isArchived": false,
          "isAnonymous": true,
          "environmentType": "UserCreated",
          "image": "mcr.microsoft.com/azureml/openmpi3.1.2-ubuntu18.04",
          "condaFile": "{\n  \u0022channels\u0022: [\n    \u0022defaults\u0022\n  ],\n  \u0022dependencies\u0022: [\n    \u0022python=3.8.12\u0022,\n    \u0022pip=21.2.2\u0022,\n    {\n      \u0022pip\u0022: [\n        \u0022--extra-index-url=https://azuremlsdktestpypi.azureedge.net/sdk-cli-v2\u0022,\n        \u0022mldesigner==0.0.71974906\u0022,\n        \u0022mlflow\u0022,\n        \u0022azureml-mlflow\u0022\n      ]\n    }\n  ],\n  \u0022name\u0022: \u0022example-environment\u0022\n}",
          "osType": "Linux"
        },
        "systemData": {
          "createdAt": "2023-02-14T07:00:19.9186579\u002B00:00",
          "createdBy": "Diondra Peck",
          "createdByType": "User",
          "lastModifiedAt": "2023-02-14T07:00:19.9186579\u002B00:00",
          "lastModifiedBy": "Diondra Peck",
          "lastModifiedByType": "User"
        }
      }
    },
    {
      "RequestUri": "https://management.azure.com/subscriptions/00000000-0000-0000-0000-000000000/resourceGroups/00000/providers/Microsoft.MachineLearningServices/workspaces/00000?api-version=2022-10-01",
      "RequestMethod": "GET",
      "RequestHeaders": {
        "Accept": "application/json",
        "Accept-Encoding": "gzip, deflate",
        "Connection": "keep-alive",
        "User-Agent": "azure-ai-ml/1.5.0 azsdk-python-mgmt-machinelearningservices/0.1.0 Python/3.7.9 (Windows-10-10.0.22621-SP0)"
      },
      "RequestBody": null,
      "StatusCode": 200,
      "ResponseHeaders": {
        "Cache-Control": "no-cache",
        "Content-Encoding": "gzip",
        "Content-Type": "application/json; charset=utf-8",
        "Date": "Tue, 14 Feb 2023 19:19:59 GMT",
        "Expires": "-1",
        "Pragma": "no-cache",
        "Request-Context": "appId=cid-v1:2d2e8e63-272e-4b3c-8598-4ee570a0e70d",
        "Server-Timing": "traceparent;desc=\u002200-7014c0bc5bb3df23f2b10d94588cef28-ca8cccc1356f2d19-01\u0022",
        "Strict-Transport-Security": "max-age=31536000; includeSubDomains",
        "Transfer-Encoding": "chunked",
        "Vary": [
          "Accept-Encoding",
          "Accept-Encoding"
        ],
        "x-aml-cluster": "vienna-eastus2-01",
        "X-Content-Type-Options": "nosniff",
        "x-ms-correlation-request-id": "eabc7425-d58e-4624-9bd1-8adea2a355cd",
        "x-ms-ratelimit-remaining-subscription-reads": "11997",
        "x-ms-response-type": "standard",
        "x-ms-routing-request-id": "WESTUS2:20230214T191959Z:eabc7425-d58e-4624-9bd1-8adea2a355cd",
        "x-request-time": "0.047"
      },
      "ResponseBody": {
        "id": "/subscriptions/00000000-0000-0000-0000-000000000/resourceGroups/00000/providers/Microsoft.MachineLearningServices/workspaces/00000",
        "name": "00000",
        "type": "Microsoft.MachineLearningServices/workspaces",
        "location": "eastus2",
        "tags": {},
        "etag": null,
        "properties": {
          "friendlyName": "00000",
          "description": "",
          "storageAccount": "/subscriptions/00000000-0000-0000-0000-000000000/resourceGroups/00000/providers/Microsoft.Storage/storageAccounts/saocxrxy4dyx3oa",
          "keyVault": "/subscriptions/00000000-0000-0000-0000-000000000/resourceGroups/00000/providers/Microsoft.Keyvault/vaults/kvtestasvsnmm4pzm5a",
          "applicationInsights": "/subscriptions/00000000-0000-0000-0000-000000000/resourceGroups/00000/providers/Microsoft.insights/components/aiocxrxy4dyx3oa",
          "hbiWorkspace": false,
          "tenantId": "72f988bf-86f1-41af-91ab-2d7cd011db47",
          "imageBuildCompute": null,
          "provisioningState": "Succeeded",
          "v1LegacyMode": false,
          "softDeleteEnabled": false,
          "containerRegistry": "/subscriptions/00000000-0000-0000-0000-000000000/resourceGroups/00000/providers/Microsoft.ContainerRegistry/registries/crocxrxy4dyx3oa",
          "notebookInfo": {
            "resourceId": "0000000-0000-0000-0000-000000000000",
            "fqdn": "ml-sdkvnextcli-eastus2-43bdc2d7-9930-46b1-b7d0-0e906bdb656a.eastus2.notebooks.azure.net",
            "isPrivateLinkEnabled": false,
            "notebookPreparationError": null
          },
          "storageHnsEnabled": false,
          "workspaceId": "43bdc2d7-9930-46b1-b7d0-0e906bdb656a",
          "linkedModelInventoryArmId": null,
          "privateLinkCount": 0,
          "publicNetworkAccess": "Enabled",
          "discoveryUrl": "https://eastus2.api.azureml.ms/discovery",
          "mlFlowTrackingUri": "azureml://eastus2.api.azureml.ms/mlflow/v1.0/subscriptions/00000000-0000-0000-0000-000000000/resourceGroups/00000/providers/Microsoft.MachineLearningServices/workspaces/00000",
          "sdkTelemetryAppInsightsKey": "0000000-0000-0000-0000-000000000000",
          "sasGetterUri": "",
          "enableDataIsolation": false
        },
        "identity": {
          "type": "SystemAssigned",
          "principalId": "0000000-0000-0000-0000-000000000000",
          "tenantId": "72f988bf-86f1-41af-91ab-2d7cd011db47"
        },
        "kind": "Default",
        "sku": {
          "name": "Basic",
          "tier": "Basic"
        },
        "systemData": {
          "createdAt": "2023-02-13T17:10:49.3829227Z",
          "createdBy": "dipeck@microsoft.com",
          "createdByType": "User",
          "lastModifiedAt": "2023-02-13T17:10:49.3829227Z",
          "lastModifiedBy": "dipeck@microsoft.com",
          "lastModifiedByType": "User"
        }
      }
    },
    {
      "RequestUri": "https://eastus2.api.azureml.ms/content/v2.0/subscriptions/00000000-0000-0000-0000-000000000/resourceGroups/00000/providers/Microsoft.MachineLearningServices/workspaces/00000/snapshots/getByHash?hash=766fde550e28ae79ca19c7a59e4d68982dc2358481e6948b2b35fb37a41b9e14\u0026hashVersion=202208",
      "RequestMethod": "GET",
      "RequestHeaders": {
        "Accept": "*/*",
        "Accept-Encoding": "gzip, deflate",
        "Connection": "keep-alive",
        "Content-Type": "application/json; charset=UTF-8",
        "User-Agent": "azure-ai-ml/1.5.0 azsdk-python-core/1.26.3 Python/3.7.9 (Windows-10-10.0.22621-SP0)"
      },
      "RequestBody": null,
      "StatusCode": 200,
      "ResponseHeaders": {
        "Connection": "keep-alive",
        "Content-Encoding": "gzip",
        "Content-Type": "application/json; charset=utf-8",
        "Date": "Tue, 14 Feb 2023 19:20:02 GMT",
        "Request-Context": "appId=cid-v1:2d2e8e63-272e-4b3c-8598-4ee570a0e70d",
        "Strict-Transport-Security": "max-age=15724800; includeSubDomains; preload",
        "Transfer-Encoding": "chunked",
        "Vary": "Accept-Encoding",
        "x-aml-cluster": "vienna-eastus2-01",
        "X-Content-Type-Options": "nosniff",
        "x-ms-response-type": "standard",
        "x-request-time": "0.334"
      },
      "ResponseBody": {
        "snapshotType": "LocalFiles",
        "id": "6a4de811-b8f1-46bb-8546-bc859296c58e",
        "root": {
          "name": "",
          "hash": null,
          "type": "Directory",
          "timestamp": "0001-01-01T00:00:00\u002B00:00",
          "sasUrl": null,
          "absoluteUrl": null,
          "sizeBytes": 0,
          "sizeSet": false,
          "children": {
            "basic_component.py": {
              "name": "basic_component.py",
              "hash": "CCD8967EFFFA626DB8A98240B13D020C",
              "type": "File",
              "timestamp": "0001-01-01T00:00:00\u002B00:00",
              "sasUrl": null,
              "absoluteUrl": null,
              "sizeBytes": 1443,
              "sizeSet": true,
              "children": {}
            }
          }
        },
        "tags": {},
        "properties": {
          "hash_sha256": "766fde550e28ae79ca19c7a59e4d68982dc2358481e6948b2b35fb37a41b9e14",
          "hash_version": "202208",
          "azureml.codeUri": "https://saocxrxy4dyx3oa.blob.core.windows.net:443/43bdc2d7-9-9d63f7fb-38a7-5a8e-abc6-953a449d6923/basic_component"
        },
        "description": null,
        "name": "b153eceb-abf4-4646-a91b-73c7b3df97a8",
        "version": "1",
        "createdBy": {
          "userObjectId": "b3a957de-450c-4ca7-b2aa-88dd98c87fef",
          "userPuId": "10037FFEAD05DD5D",
          "userIdp": null,
          "userAltSecId": null,
          "userIss": "https://sts.windows.net/72f988bf-86f1-41af-91ab-2d7cd011db47/",
          "userTenantId": "72f988bf-86f1-41af-91ab-2d7cd011db47",
          "userName": "Diondra Peck",
          "upn": null
        },
        "createdTime": "2023-02-14T07:00:44.7614643\u002B00:00",
        "modifiedBy": {
          "userObjectId": "b3a957de-450c-4ca7-b2aa-88dd98c87fef",
          "userPuId": "10037FFEAD05DD5D",
          "userIdp": null,
          "userAltSecId": null,
          "userIss": "https://sts.windows.net/72f988bf-86f1-41af-91ab-2d7cd011db47/",
          "userTenantId": "72f988bf-86f1-41af-91ab-2d7cd011db47",
          "userName": "Diondra Peck",
          "upn": null
        },
        "modifiedTime": "2023-02-14T07:00:44.7614643\u002B00:00",
        "gitRepositoryCommit": null,
        "uri": "https://saocxrxy4dyx3oa.blob.core.windows.net:443/43bdc2d7-9-9d63f7fb-38a7-5a8e-abc6-953a449d6923/basic_component",
        "contentHash": "766fde550e28ae79ca19c7a59e4d68982dc2358481e6948b2b35fb37a41b9e14",
        "hashVersion": "202208",
        "provisioningState": "Succeeded"
      }
    },
    {
      "RequestUri": "https://management.azure.com/subscriptions/00000000-0000-0000-0000-000000000/resourceGroups/00000/providers/Microsoft.MachineLearningServices/workspaces/00000/codes/b153eceb-abf4-4646-a91b-73c7b3df97a8/versions/1?api-version=2022-05-01",
      "RequestMethod": "GET",
      "RequestHeaders": {
        "Accept": "application/json",
        "Accept-Encoding": "gzip, deflate",
        "Connection": "keep-alive",
        "User-Agent": "azure-ai-ml/1.5.0 azsdk-python-mgmt-machinelearningservices/0.1.0 Python/3.7.9 (Windows-10-10.0.22621-SP0)"
      },
      "RequestBody": null,
      "StatusCode": 200,
      "ResponseHeaders": {
        "Cache-Control": "no-cache",
        "Content-Encoding": "gzip",
        "Content-Type": "application/json; charset=utf-8",
        "Date": "Tue, 14 Feb 2023 19:20:02 GMT",
        "Expires": "-1",
        "Pragma": "no-cache",
        "Request-Context": "appId=cid-v1:2d2e8e63-272e-4b3c-8598-4ee570a0e70d",
        "Server-Timing": "traceparent;desc=\u002200-dcd1e78492a1ff066157f61e6d5a14cb-17e125314b9369de-01\u0022",
        "Strict-Transport-Security": "max-age=31536000; includeSubDomains",
        "Transfer-Encoding": "chunked",
        "Vary": [
          "Accept-Encoding",
          "Accept-Encoding"
        ],
        "x-aml-cluster": "vienna-eastus2-01",
        "X-Content-Type-Options": "nosniff",
        "x-ms-correlation-request-id": "3d37193f-9dcd-4c76-b637-786847ca9390",
        "x-ms-ratelimit-remaining-subscription-reads": "11996",
        "x-ms-response-type": "standard",
        "x-ms-routing-request-id": "WESTUS2:20230214T192002Z:3d37193f-9dcd-4c76-b637-786847ca9390",
        "x-request-time": "0.062"
      },
      "ResponseBody": {
        "id": "/subscriptions/00000000-0000-0000-0000-000000000/resourceGroups/00000/providers/Microsoft.MachineLearningServices/workspaces/00000/codes/b153eceb-abf4-4646-a91b-73c7b3df97a8/versions/1",
        "name": "1",
        "type": "Microsoft.MachineLearningServices/workspaces/codes/versions",
        "properties": {
          "description": null,
          "tags": {},
          "properties": {
            "hash_sha256": "0000000000000",
            "hash_version": "0000000000000"
          },
          "isArchived": false,
          "isAnonymous": false,
          "codeUri": "https://saocxrxy4dyx3oa.blob.core.windows.net:443/43bdc2d7-9-9d63f7fb-38a7-5a8e-abc6-953a449d6923/basic_component"
        },
        "systemData": {
          "createdAt": "2023-02-14T07:00:44.7614643\u002B00:00",
          "createdBy": "Diondra Peck",
          "createdByType": "User",
          "lastModifiedAt": "2023-02-14T07:00:44.7614643\u002B00:00",
          "lastModifiedBy": "Diondra Peck",
          "lastModifiedByType": "User"
        }
      }
    },
    {
      "RequestUri": "https://management.azure.com/subscriptions/00000000-0000-0000-0000-000000000/resourceGroups/00000/providers/Microsoft.MachineLearningServices/workspaces/00000/components/azureml_anonymous/versions/000000000000000000000?api-version=2022-10-01",
      "RequestMethod": "PUT",
      "RequestHeaders": {
        "Accept": "application/json",
        "Accept-Encoding": "gzip, deflate",
        "Connection": "keep-alive",
        "Content-Length": "1417",
        "Content-Type": "application/json",
        "User-Agent": "azure-ai-ml/1.5.0 azsdk-python-mgmt-machinelearningservices/0.1.0 Python/3.7.9 (Windows-10-10.0.22621-SP0)"
      },
      "RequestBody": {
        "properties": {
          "properties": {},
          "tags": {},
          "isAnonymous": true,
          "isArchived": false,
          "componentSpec": {
            "command": "python basic_component.py $[[--component_in_number ${{inputs.component_in_number}}]] $[[--component_in_number_1 ${{inputs.component_in_number_1}}]] --component_in_path ${{inputs.component_in_path}} --output_in_path ${{outputs.output_in_path}}",
            "code": "azureml:/subscriptions/00000000-0000-0000-0000-000000000/resourceGroups/00000/providers/Microsoft.MachineLearningServices/workspaces/00000/codes/b153eceb-abf4-4646-a91b-73c7b3df97a8/versions/1",
            "environment": "azureml:/subscriptions/00000000-0000-0000-0000-000000000/resourceGroups/00000/providers/Microsoft.MachineLearningServices/workspaces/00000/environments/CliV2AnonymousEnvironment/versions/7926e182b294d8644f987381c0081e94",
            "name": "azureml_anonymous",
            "version": "1",
            "$schema": "https://azuremlschemas.azureedge.net/latest/commandComponent.schema.json",
            "display_name": "Basic component",
            "is_deterministic": true,
            "inputs": {
              "component_in_number": {
                "type": "integer",
                "optional": true
              },
              "component_in_number_1": {
                "type": "integer",
                "optional": true
              },
              "component_in_path": {
                "type": "uri_folder"
              }
            },
            "outputs": {
              "output_in_path": {
                "type": "uri_folder"
              },
              "output_in_number": {
                "type": "integer",
                "is_control": true
              },
              "is_number_larger_than_zero": {
                "type": "boolean",
                "is_control": true
              }
            },
            "type": "command",
            "_source": "YAML.COMPONENT"
          }
        }
      },
      "StatusCode": 201,
      "ResponseHeaders": {
        "Cache-Control": "no-cache",
        "Content-Length": "2451",
        "Content-Type": "application/json; charset=utf-8",
        "Date": "Tue, 14 Feb 2023 19:20:03 GMT",
        "Expires": "-1",
        "Location": "https://management.azure.com/subscriptions/00000000-0000-0000-0000-000000000/resourceGroups/00000/providers/Microsoft.MachineLearningServices/workspaces/00000/components/azureml_anonymous/versions/000000000000000000000?api-version=2022-10-01",
        "Pragma": "no-cache",
        "Request-Context": "appId=cid-v1:2d2e8e63-272e-4b3c-8598-4ee570a0e70d",
        "Server-Timing": "traceparent;desc=\u002200-e7c7c1b875bde6a5d1973de6d56dc9f7-efe3e2ea023e6458-01\u0022",
        "Strict-Transport-Security": "max-age=31536000; includeSubDomains",
        "x-aml-cluster": "vienna-eastus2-01",
        "X-Content-Type-Options": "nosniff",
        "x-ms-correlation-request-id": "cb6bad35-2d7d-4909-8def-1c7675ae7daf",
        "x-ms-ratelimit-remaining-subscription-writes": "1195",
        "x-ms-response-type": "standard",
        "x-ms-routing-request-id": "WESTUS2:20230214T192003Z:cb6bad35-2d7d-4909-8def-1c7675ae7daf",
        "x-request-time": "0.525"
      },
      "ResponseBody": {
        "id": "/subscriptions/00000000-0000-0000-0000-000000000/resourceGroups/00000/providers/Microsoft.MachineLearningServices/workspaces/00000/components/azureml_anonymous/versions/3daaa39a-d871-4254-be0d-20ac794f84a6",
        "name": "3daaa39a-d871-4254-be0d-20ac794f84a6",
        "type": "Microsoft.MachineLearningServices/workspaces/components/versions",
        "properties": {
          "description": null,
          "tags": {},
          "properties": {},
          "isArchived": false,
          "isAnonymous": true,
          "componentSpec": {
            "name": "azureml_anonymous",
            "version": "1",
            "display_name": "Basic component",
            "is_deterministic": "True",
            "type": "command",
            "inputs": {
              "component_in_path": {
                "type": "uri_folder",
                "optional": "False"
              },
              "component_in_number": {
                "type": "integer",
                "optional": "True"
              },
              "component_in_number_1": {
                "type": "integer",
                "optional": "True"
              }
            },
            "outputs": {
              "output_in_path": {
                "type": "uri_folder"
              },
              "output_in_number": {
                "type": "integer",
                "is_control": "True"
              },
              "is_number_larger_than_zero": {
                "type": "boolean",
                "is_control": "True"
              }
            },
            "code": "azureml:/subscriptions/00000000-0000-0000-0000-000000000/resourceGroups/00000/providers/Microsoft.MachineLearningServices/workspaces/00000/codes/b153eceb-abf4-4646-a91b-73c7b3df97a8/versions/1",
            "environment": "azureml:/subscriptions/00000000-0000-0000-0000-000000000/resourceGroups/00000/providers/Microsoft.MachineLearningServices/workspaces/00000/environments/CliV2AnonymousEnvironment/versions/7926e182b294d8644f987381c0081e94",
            "resources": {
              "instance_count": "1"
            },
            "command": "python basic_component.py $[[--component_in_number ${{inputs.component_in_number}}]] $[[--component_in_number_1 ${{inputs.component_in_number_1}}]] --component_in_path ${{inputs.component_in_path}} --output_in_path ${{outputs.output_in_path}}",
            "$schema": "https://azuremlschemas.azureedge.net/latest/commandComponent.schema.json"
          }
        },
        "systemData": {
          "createdAt": "2023-02-14T07:00:46.108131\u002B00:00",
          "createdBy": "Diondra Peck",
          "createdByType": "User",
          "lastModifiedAt": "2023-02-14T07:00:46.1721456\u002B00:00",
          "lastModifiedBy": "Diondra Peck",
          "lastModifiedByType": "User"
        }
      }
    },
    {
      "RequestUri": "https://management.azure.com/subscriptions/00000000-0000-0000-0000-000000000/resourceGroups/00000/providers/Microsoft.MachineLearningServices/workspaces/00000/components/azureml_anonymous/versions/000000000000000000000?api-version=2022-10-01",
      "RequestMethod": "PUT",
      "RequestHeaders": {
        "Accept": "application/json",
        "Accept-Encoding": "gzip, deflate",
        "Connection": "keep-alive",
        "Content-Length": "1635",
        "Content-Type": "application/json",
        "User-Agent": "azure-ai-ml/1.5.0 azsdk-python-mgmt-machinelearningservices/0.1.0 Python/3.7.9 (Windows-10-10.0.22621-SP0)"
      },
      "RequestBody": {
        "properties": {
          "description": "Do while body without primitive inputs",
          "properties": {},
          "tags": {},
          "isAnonymous": true,
          "isArchived": false,
          "componentSpec": {
            "name": "azureml_anonymous",
            "description": "Do while body without primitive inputs",
            "version": "1",
            "$schema": "https://azuremlschemas.azureedge.net/latest/pipelineComponent.schema.json",
            "display_name": "do_while_body_without_primitive_inputs",
            "inputs": {
              "component_in_path": {
                "type": "uri_folder"
              },
              "component_in_number": {
                "type": "integer",
                "optional": true
              }
            },
            "outputs": {
              "output_in_path": {
                "type": "uri_folder"
              },
              "output_in_number": {
                "type": "integer",
                "is_control": true
              },
              "is_number_larger_than_zero": {
                "type": "boolean",
                "is_control": true
              }
            },
            "type": "pipeline",
            "jobs": {
              "write_input_num": {
                "name": "write_input_num",
                "type": "command",
                "inputs": {
                  "component_in_number": {
                    "job_input_type": "literal",
                    "value": "${{parent.inputs.component_in_number}}"
                  },
                  "component_in_path": {
                    "job_input_type": "literal",
                    "value": "${{parent.inputs.component_in_path}}"
                  }
                },
                "outputs": {
                  "output_in_path": {
                    "value": "${{parent.outputs.output_in_path}}",
                    "type": "literal"
                  },
                  "output_in_number": {
                    "value": "${{parent.outputs.output_in_number}}",
                    "type": "literal"
                  },
                  "is_number_larger_than_zero": {
                    "value": "${{parent.outputs.is_number_larger_than_zero}}",
                    "type": "literal"
                  }
                },
                "_source": "YAML.COMPONENT",
                "componentId": "/subscriptions/00000000-0000-0000-0000-000000000/resourceGroups/00000/providers/Microsoft.MachineLearningServices/workspaces/00000/components/azureml_anonymous/versions/3daaa39a-d871-4254-be0d-20ac794f84a6"
              }
            },
            "_source": "YAML.COMPONENT",
            "sourceJobId": null
          }
        }
      },
      "StatusCode": 201,
      "ResponseHeaders": {
        "Cache-Control": "no-cache",
        "Content-Length": "1826",
        "Content-Type": "application/json; charset=utf-8",
        "Date": "Tue, 14 Feb 2023 19:20:04 GMT",
        "Expires": "-1",
        "Location": "https://management.azure.com/subscriptions/00000000-0000-0000-0000-000000000/resourceGroups/00000/providers/Microsoft.MachineLearningServices/workspaces/00000/components/azureml_anonymous/versions/000000000000000000000?api-version=2022-10-01",
        "Pragma": "no-cache",
        "Request-Context": "appId=cid-v1:2d2e8e63-272e-4b3c-8598-4ee570a0e70d",
        "Server-Timing": "traceparent;desc=\u002200-3e34832e060a14da80014d512aa0db1f-9ae6fe6af0007441-01\u0022",
        "Strict-Transport-Security": "max-age=31536000; includeSubDomains",
        "x-aml-cluster": "vienna-eastus2-01",
        "X-Content-Type-Options": "nosniff",
        "x-ms-correlation-request-id": "84155b07-606a-440b-8c21-2a45d6cf736e",
        "x-ms-ratelimit-remaining-subscription-writes": "1194",
        "x-ms-response-type": "standard",
        "x-ms-routing-request-id": "WESTUS2:20230214T192005Z:84155b07-606a-440b-8c21-2a45d6cf736e",
        "x-request-time": "0.679"
      },
      "ResponseBody": {
        "id": "/subscriptions/00000000-0000-0000-0000-000000000/resourceGroups/00000/providers/Microsoft.MachineLearningServices/workspaces/00000/components/azureml_anonymous/versions/9b82c97c-5034-4c70-9369-1491138d3165",
        "name": "9b82c97c-5034-4c70-9369-1491138d3165",
        "type": "Microsoft.MachineLearningServices/workspaces/components/versions",
        "properties": {
          "description": null,
          "tags": {},
          "properties": {
            "azureml.DatasetAccessModeGraphId": "707a5287-0965-4a53-9bac-2a49ae749190",
            "azureml.AssetAccessModeGraphId": "a9f38591-c633-460a-a22a-7692a9b94c09"
          },
          "isArchived": false,
          "isAnonymous": true,
          "componentSpec": {
            "name": "azureml_anonymous",
            "version": "1",
            "display_name": "do_while_body_without_primitive_inputs",
            "is_deterministic": "False",
            "type": "pipeline",
            "description": "Do while body without primitive inputs",
            "inputs": {
              "component_in_path": {
                "type": "uri_folder",
                "optional": "False"
              },
              "component_in_number": {
                "type": "integer",
                "optional": "True"
              }
            },
            "outputs": {
              "output_in_path": {
                "type": "uri_folder"
              },
              "output_in_number": {
                "type": "integer",
                "is_control": "True"
              },
              "is_number_larger_than_zero": {
                "type": "boolean",
                "is_control": "True"
              }
            },
            "$schema": "https://azuremlschemas.azureedge.net/latest/pipelineComponent.schema.json"
          }
        },
        "systemData": {
          "createdAt": "2023-02-14T19:20:04.9069887\u002B00:00",
          "createdBy": "Diondra Peck",
          "createdByType": "User",
          "lastModifiedAt": "2023-02-14T19:20:04.9069887\u002B00:00",
          "lastModifiedBy": "Diondra Peck",
          "lastModifiedByType": "User"
        }
      }
    },
    {
      "RequestUri": "https://management.azure.com/subscriptions/00000000-0000-0000-0000-000000000/resourceGroups/00000/providers/Microsoft.MachineLearningServices/workspaces/00000/datastores/workspaceblobstore?api-version=2022-10-01",
      "RequestMethod": "GET",
      "RequestHeaders": {
        "Accept": "application/json",
        "Accept-Encoding": "gzip, deflate",
        "Connection": "keep-alive",
        "User-Agent": "azure-ai-ml/1.5.0 azsdk-python-mgmt-machinelearningservices/0.1.0 Python/3.7.9 (Windows-10-10.0.22621-SP0)"
      },
      "RequestBody": null,
      "StatusCode": 200,
      "ResponseHeaders": {
        "Cache-Control": "no-cache",
        "Content-Encoding": "gzip",
        "Content-Type": "application/json; charset=utf-8",
        "Date": "Tue, 14 Feb 2023 19:20:05 GMT",
        "Expires": "-1",
        "Pragma": "no-cache",
        "Request-Context": "appId=cid-v1:2d2e8e63-272e-4b3c-8598-4ee570a0e70d",
        "Server-Timing": "traceparent;desc=\u002200-32818f99d5530281d02a0b8b3acc9087-4532436288ed050d-01\u0022",
        "Strict-Transport-Security": "max-age=31536000; includeSubDomains",
        "Transfer-Encoding": "chunked",
        "Vary": [
          "Accept-Encoding",
          "Accept-Encoding"
        ],
        "x-aml-cluster": "vienna-eastus2-01",
        "X-Content-Type-Options": "nosniff",
        "x-ms-correlation-request-id": "32637de0-8214-47f6-a6f9-cff47853810b",
        "x-ms-ratelimit-remaining-subscription-reads": "11995",
        "x-ms-response-type": "standard",
        "x-ms-routing-request-id": "WESTUS2:20230214T192005Z:32637de0-8214-47f6-a6f9-cff47853810b",
        "x-request-time": "0.076"
      },
      "ResponseBody": {
        "id": "/subscriptions/00000000-0000-0000-0000-000000000/resourceGroups/00000/providers/Microsoft.MachineLearningServices/workspaces/00000/datastores/workspaceblobstore",
        "name": "workspaceblobstore",
        "type": "Microsoft.MachineLearningServices/workspaces/datastores",
        "properties": {
          "description": null,
          "tags": null,
          "properties": null,
          "isDefault": true,
          "credentials": {
            "credentialsType": "AccountKey"
          },
          "datastoreType": "AzureBlob",
          "accountName": "saocxrxy4dyx3oa",
          "containerName": "azureml-blobstore-43bdc2d7-9930-46b1-b7d0-0e906bdb656a",
          "endpoint": "core.windows.net",
          "protocol": "https",
          "serviceDataAccessAuthIdentity": "WorkspaceSystemAssignedIdentity"
        },
        "systemData": {
          "createdAt": "2023-02-13T17:11:13.2628496\u002B00:00",
          "createdBy": "779301c0-18b2-4cdc-801b-a0a3368fee0a",
          "createdByType": "Application",
          "lastModifiedAt": "2023-02-13T17:11:13.9880587\u002B00:00",
          "lastModifiedBy": "779301c0-18b2-4cdc-801b-a0a3368fee0a",
          "lastModifiedByType": "Application"
        }
      }
    },
    {
      "RequestUri": "https://management.azure.com/subscriptions/00000000-0000-0000-0000-000000000/resourceGroups/00000/providers/Microsoft.MachineLearningServices/workspaces/00000/datastores/workspaceblobstore/listSecrets?api-version=2022-10-01",
      "RequestMethod": "POST",
      "RequestHeaders": {
        "Accept": "application/json",
        "Accept-Encoding": "gzip, deflate",
        "Connection": "keep-alive",
        "Content-Length": "0",
        "User-Agent": "azure-ai-ml/1.5.0 azsdk-python-mgmt-machinelearningservices/0.1.0 Python/3.7.9 (Windows-10-10.0.22621-SP0)"
      },
      "RequestBody": null,
      "StatusCode": 200,
      "ResponseHeaders": {
        "Cache-Control": "no-cache",
        "Content-Encoding": "gzip",
        "Content-Type": "application/json; charset=utf-8",
        "Date": "Tue, 14 Feb 2023 19:20:05 GMT",
        "Expires": "-1",
        "Pragma": "no-cache",
        "Request-Context": "appId=cid-v1:2d2e8e63-272e-4b3c-8598-4ee570a0e70d",
        "Server-Timing": "traceparent;desc=\u002200-ea50fb4fa68e73d027c60925eae3a92c-1e0dd673e61ad54d-01\u0022",
        "Strict-Transport-Security": "max-age=31536000; includeSubDomains",
        "Transfer-Encoding": "chunked",
        "Vary": "Accept-Encoding",
        "x-aml-cluster": "vienna-eastus2-01",
        "X-Content-Type-Options": "nosniff",
        "x-ms-correlation-request-id": "36aac222-59d1-4166-9e1a-53ad15793405",
        "x-ms-ratelimit-remaining-subscription-writes": "1199",
        "x-ms-response-type": "standard",
        "x-ms-routing-request-id": "WESTUS2:20230214T192005Z:36aac222-59d1-4166-9e1a-53ad15793405",
        "x-request-time": "0.087"
      },
      "ResponseBody": {
        "secretsType": "AccountKey",
        "key": "dGhpcyBpcyBmYWtlIGtleQ=="
      }
    },
    {
      "RequestUri": "https://saocxrxy4dyx3oa.blob.core.windows.net/azureml-blobstore-43bdc2d7-9930-46b1-b7d0-0e906bdb656a/LocalUpload/00000000000000000000000000000000/do_while/components/basic_component.yml",
      "RequestMethod": "HEAD",
      "RequestHeaders": {
        "Accept": "application/xml",
        "Accept-Encoding": "gzip, deflate",
        "Connection": "keep-alive",
        "User-Agent": "azsdk-python-storage-blob/12.14.1 Python/3.7.9 (Windows-10-10.0.22621-SP0)",
        "x-ms-date": "Tue, 14 Feb 2023 19:20:05 GMT",
        "x-ms-version": "2021-08-06"
      },
      "RequestBody": null,
      "StatusCode": 200,
      "ResponseHeaders": {
        "Accept-Ranges": "bytes",
        "Content-Length": "1188",
        "Content-MD5": "sVSIiPDSdsgQRBAi9TDVJA==",
        "Content-Type": "application/octet-stream",
        "Date": "Tue, 14 Feb 2023 19:20:05 GMT",
        "ETag": "\u00220x8DB0E593586DD07\u0022",
        "Last-Modified": "Tue, 14 Feb 2023 07:00:51 GMT",
        "Server": [
          "Windows-Azure-Blob/1.0",
          "Microsoft-HTTPAPI/2.0"
        ],
        "Vary": "Origin",
        "x-ms-access-tier": "Hot",
        "x-ms-access-tier-inferred": "true",
        "x-ms-blob-type": "BlockBlob",
        "x-ms-creation-time": "Tue, 14 Feb 2023 07:00:49 GMT",
        "x-ms-lease-state": "available",
        "x-ms-lease-status": "unlocked",
        "x-ms-meta-name": "2d8412d2-f79f-4e61-a58a-305c6ca57dd7",
        "x-ms-meta-upload_status": "completed",
        "x-ms-meta-version": "56ff5768-f05c-4b59-b780-276137cb48ee",
        "x-ms-server-encrypted": "true",
        "x-ms-version": "2021-08-06"
      },
      "ResponseBody": null
    },
    {
      "RequestUri": "https://saocxrxy4dyx3oa.blob.core.windows.net/azureml-blobstore-43bdc2d7-9930-46b1-b7d0-0e906bdb656a/az-ml-artifacts/00000000000000000000000000000000/do_while/components/basic_component.yml",
      "RequestMethod": "HEAD",
      "RequestHeaders": {
        "Accept": "application/xml",
        "Accept-Encoding": "gzip, deflate",
        "Connection": "keep-alive",
        "User-Agent": "azsdk-python-storage-blob/12.14.1 Python/3.7.9 (Windows-10-10.0.22621-SP0)",
        "x-ms-date": "Tue, 14 Feb 2023 19:20:06 GMT",
        "x-ms-version": "2021-08-06"
      },
      "RequestBody": null,
      "StatusCode": 404,
      "ResponseHeaders": {
        "Date": "Tue, 14 Feb 2023 19:20:05 GMT",
        "Server": [
          "Windows-Azure-Blob/1.0",
          "Microsoft-HTTPAPI/2.0"
        ],
        "Transfer-Encoding": "chunked",
        "Vary": "Origin",
        "x-ms-error-code": "BlobNotFound",
        "x-ms-version": "2021-08-06"
      },
      "ResponseBody": null
    },
    {
      "RequestUri": "https://management.azure.com/subscriptions/00000000-0000-0000-0000-000000000/resourceGroups/00000/providers/Microsoft.MachineLearningServices/workspaces/00000/jobs/test_889795530710?api-version=2022-12-01-preview",
      "RequestMethod": "PUT",
      "RequestHeaders": {
        "Accept": "application/json",
        "Accept-Encoding": "gzip, deflate",
        "Connection": "keep-alive",
        "Content-Length": "4325",
        "Content-Type": "application/json",
        "User-Agent": "azure-ai-ml/1.5.0 azsdk-python-mgmt-machinelearningservices/0.1.0 Python/3.7.9 (Windows-10-10.0.22621-SP0)"
      },
      "RequestBody": {
        "properties": {
          "properties": {},
          "tags": {},
          "displayName": "pipeline_with_do_while_node",
          "experimentName": "pipeline_with_do_while_node",
          "isArchived": false,
          "jobType": "Pipeline",
          "inputs": {
            "component_in_path": {
              "uri": "azureml://datastores/workspaceblobstore/paths/LocalUpload/00000000000000000000000000000000/do_while/",
              "jobInputType": "uri_folder"
            },
            "component_in_number": {
              "jobInputType": "literal",
              "value": "3"
            }
          },
          "jobs": {
            "pipeline_body_node": {
              "name": "pipeline_body_node",
              "type": "pipeline",
              "inputs": {
                "component_in_path": {
                  "job_input_type": "literal",
                  "value": "${{parent.inputs.component_in_path}}"
                },
                "component_in_number": {
                  "job_input_type": "literal",
                  "value": "${{parent.inputs.component_in_number}}"
                }
              },
              "_source": "YAML.COMPONENT",
              "componentId": "/subscriptions/00000000-0000-0000-0000-000000000/resourceGroups/00000/providers/Microsoft.MachineLearningServices/workspaces/00000/components/azureml_anonymous/versions/9b82c97c-5034-4c70-9369-1491138d3165"
            },
            "do_while_job_with_pipeline_job": {
              "body": "${{parent.jobs.pipeline_body_node}}",
              "type": "do_while",
              "condition": "is_number_larger_than_zero",
              "mapping": {
                "output_in_path": [
                  "component_in_path"
                ]
              },
              "limits": {
                "max_iteration_count": 5
              },
              "_source": "YAML.JOB"
            },
            "pipeline_body_node_for_while_true": {
              "name": "pipeline_body_node_for_while_true",
              "type": "pipeline",
              "inputs": {
                "component_in_path": {
                  "job_input_type": "literal",
                  "value": "${{parent.inputs.component_in_path}}"
                },
                "component_in_number": {
                  "job_input_type": "literal",
                  "value": "${{parent.inputs.component_in_number}}"
                }
              },
              "_source": "YAML.COMPONENT",
              "componentId": "/subscriptions/00000000-0000-0000-0000-000000000/resourceGroups/00000/providers/Microsoft.MachineLearningServices/workspaces/00000/components/azureml_anonymous/versions/9b82c97c-5034-4c70-9369-1491138d3165"
            },
            "do_while_true_job_with_pipeline_job": {
              "body": "${{parent.jobs.pipeline_body_node_for_while_true}}",
              "type": "do_while",
              "mapping": {
                "output_in_path": [
                  "component_in_path"
                ]
              },
              "limits": {
                "max_iteration_count": 5
              },
              "_source": "YAML.JOB"
            },
            "command_component_body_node": {
              "name": "command_component_body_node",
              "type": "command",
              "computeId": "/subscriptions/00000000-0000-0000-0000-000000000/resourceGroups/00000/providers/Microsoft.MachineLearningServices/workspaces/00000/computes/cpu-cluster",
              "inputs": {
                "component_in_number": {
                  "job_input_type": "literal",
                  "value": "${{parent.inputs.component_in_number}}"
                },
                "component_in_path": {
                  "job_input_type": "literal",
                  "value": "${{parent.inputs.component_in_path}}"
                }
              },
              "_source": "YAML.COMPONENT",
              "componentId": "/subscriptions/00000000-0000-0000-0000-000000000/resourceGroups/00000/providers/Microsoft.MachineLearningServices/workspaces/00000/components/azureml_anonymous/versions/3daaa39a-d871-4254-be0d-20ac794f84a6"
            },
            "do_while_job_with_command_component": {
              "body": "${{parent.jobs.command_component_body_node}}",
              "type": "do_while",
              "condition": "is_number_larger_than_zero",
              "mapping": {
                "output_in_path": [
                  "component_in_path"
                ]
              },
              "limits": {
                "max_iteration_count": 5
              },
              "_source": "YAML.JOB"
            },
            "get_do_while_result": {
              "name": "get_do_while_result",
              "type": "command",
              "computeId": "/subscriptions/00000000-0000-0000-0000-000000000/resourceGroups/00000/providers/Microsoft.MachineLearningServices/workspaces/00000/computes/cpu-cluster",
              "inputs": {
                "component_in_path": {
                  "job_input_type": "literal",
                  "value": "${{parent.jobs.pipeline_body_node.outputs.output_in_path}}"
                }
              },
              "outputs": {
                "output_in_path": {
                  "value": "${{parent.outputs.output_in_path}}",
                  "type": "literal"
                }
              },
              "_source": "YAML.COMPONENT",
              "componentId": "/subscriptions/00000000-0000-0000-0000-000000000/resourceGroups/00000/providers/Microsoft.MachineLearningServices/workspaces/00000/components/azureml_anonymous/versions/3daaa39a-d871-4254-be0d-20ac794f84a6"
            }
          },
          "outputs": {
            "output_in_path": {
              "mode": "Upload",
              "jobOutputType": "uri_folder"
            }
          },
          "settings": {
            "default_compute": "/subscriptions/00000000-0000-0000-0000-000000000/resourceGroups/00000/providers/Microsoft.MachineLearningServices/workspaces/00000/computes/cpu-cluster",
            "default_datastore": "/subscriptions/00000000-0000-0000-0000-000000000/resourceGroups/00000/providers/Microsoft.MachineLearningServices/workspaces/00000/datastores/workspaceblobstore",
            "continue_on_step_failure": false,
            "force_rerun": true,
            "_source": "YAML.JOB"
          }
        }
      },
      "StatusCode": 201,
      "ResponseHeaders": {
        "Cache-Control": "no-cache",
        "Content-Length": "7563",
        "Content-Type": "application/json; charset=utf-8",
        "Date": "Tue, 14 Feb 2023 19:20:10 GMT",
        "Expires": "-1",
        "Location": "https://management.azure.com/subscriptions/00000000-0000-0000-0000-000000000/resourceGroups/00000/providers/Microsoft.MachineLearningServices/workspaces/00000/jobs/test_889795530710?api-version=2022-12-01-preview",
        "Pragma": "no-cache",
        "Request-Context": "appId=cid-v1:2d2e8e63-272e-4b3c-8598-4ee570a0e70d",
        "Server-Timing": "traceparent;desc=\u002200-ffafa1e34baf524c43088e7b6ac8006e-db5d55336408c7a9-01\u0022",
        "Strict-Transport-Security": "max-age=31536000; includeSubDomains",
        "x-aml-cluster": "vienna-eastus2-01",
        "X-Content-Type-Options": "nosniff",
        "x-ms-correlation-request-id": "2aa77b04-3e43-475e-9ca4-aaad406b85b0",
        "x-ms-ratelimit-remaining-subscription-writes": "1193",
        "x-ms-response-type": "standard",
        "x-ms-routing-request-id": "WESTUS2:20230214T192010Z:2aa77b04-3e43-475e-9ca4-aaad406b85b0",
        "x-request-time": "1.731"
      },
      "ResponseBody": {
        "id": "/subscriptions/00000000-0000-0000-0000-000000000/resourceGroups/00000/providers/Microsoft.MachineLearningServices/workspaces/00000/jobs/test_889795530710",
        "name": "test_889795530710",
        "type": "Microsoft.MachineLearningServices/workspaces/jobs",
        "properties": {
          "description": null,
          "tags": {},
          "properties": {
            "azureml.DevPlatv2": "true",
            "azureml.runsource": "azureml.PipelineRun",
            "runSource": "MFE",
            "runType": "HTTP",
            "azureml.parameters": "{\u0022component_in_number\u0022:\u00223\u0022}",
            "azureml.continue_on_step_failure": "False",
            "azureml.continue_on_failed_optional_input": "True",
            "azureml.enforceRerun": "True",
            "azureml.defaultComputeName": "cpu-cluster",
            "azureml.defaultDataStoreName": "workspaceblobstore",
            "azureml.pipelineComponent": "pipelinerun"
          },
          "displayName": "pipeline_with_do_while_node",
          "status": "Preparing",
          "experimentName": "pipeline_with_do_while_node",
          "services": {
            "Tracking": {
              "jobServiceType": "Tracking",
              "port": null,
              "endpoint": "azureml://eastus2.api.azureml.ms/mlflow/v1.0/subscriptions/00000000-0000-0000-0000-000000000/resourceGroups/00000/providers/Microsoft.MachineLearningServices/workspaces/00000?",
              "status": null,
              "errorMessage": null,
              "properties": null,
              "nodes": null
            },
            "Studio": {
              "jobServiceType": "Studio",
              "port": null,
              "endpoint": "https://ml.azure.com/runs/test_889795530710?wsid=/subscriptions/00000000-0000-0000-0000-000000000/resourcegroups/00000/workspaces/00000",
              "status": null,
              "errorMessage": null,
              "properties": null,
              "nodes": null
            }
          },
          "computeId": null,
          "isArchived": false,
          "identity": null,
          "componentId": null,
          "jobType": "Pipeline",
          "settings": {
            "default_compute": "/subscriptions/00000000-0000-0000-0000-000000000/resourceGroups/00000/providers/Microsoft.MachineLearningServices/workspaces/00000/computes/cpu-cluster",
            "default_datastore": "/subscriptions/00000000-0000-0000-0000-000000000/resourceGroups/00000/providers/Microsoft.MachineLearningServices/workspaces/00000/datastores/workspaceblobstore",
            "continue_on_step_failure": false,
            "force_rerun": true,
            "_source": "YAML.JOB"
          },
          "jobs": {
            "pipeline_body_node": {
              "name": "pipeline_body_node",
              "type": "pipeline",
              "inputs": {
                "component_in_path": {
                  "job_input_type": "literal",
                  "value": "${{parent.inputs.component_in_path}}"
                },
                "component_in_number": {
                  "job_input_type": "literal",
                  "value": "${{parent.inputs.component_in_number}}"
                }
              },
              "_source": "YAML.COMPONENT",
              "componentId": "/subscriptions/00000000-0000-0000-0000-000000000/resourceGroups/00000/providers/Microsoft.MachineLearningServices/workspaces/00000/components/azureml_anonymous/versions/9b82c97c-5034-4c70-9369-1491138d3165"
            },
            "do_while_job_with_pipeline_job": {
              "body": "${{parent.jobs.pipeline_body_node}}",
              "type": "do_while",
              "condition": "is_number_larger_than_zero",
              "mapping": {
                "output_in_path": [
                  "component_in_path"
                ]
              },
              "limits": {
                "max_iteration_count": 5
              },
              "_source": "YAML.JOB"
            },
            "pipeline_body_node_for_while_true": {
              "name": "pipeline_body_node_for_while_true",
              "type": "pipeline",
              "inputs": {
                "component_in_path": {
                  "job_input_type": "literal",
                  "value": "${{parent.inputs.component_in_path}}"
                },
                "component_in_number": {
                  "job_input_type": "literal",
                  "value": "${{parent.inputs.component_in_number}}"
                }
              },
              "_source": "YAML.COMPONENT",
              "componentId": "/subscriptions/00000000-0000-0000-0000-000000000/resourceGroups/00000/providers/Microsoft.MachineLearningServices/workspaces/00000/components/azureml_anonymous/versions/9b82c97c-5034-4c70-9369-1491138d3165"
            },
            "do_while_true_job_with_pipeline_job": {
              "body": "${{parent.jobs.pipeline_body_node_for_while_true}}",
              "type": "do_while",
              "mapping": {
                "output_in_path": [
                  "component_in_path"
                ]
              },
              "limits": {
                "max_iteration_count": 5
              },
              "_source": "YAML.JOB"
            },
            "command_component_body_node": {
              "name": "command_component_body_node",
              "type": "command",
              "computeId": "/subscriptions/00000000-0000-0000-0000-000000000/resourceGroups/00000/providers/Microsoft.MachineLearningServices/workspaces/00000/computes/cpu-cluster",
              "inputs": {
                "component_in_number": {
                  "job_input_type": "literal",
                  "value": "${{parent.inputs.component_in_number}}"
                },
                "component_in_path": {
                  "job_input_type": "literal",
                  "value": "${{parent.inputs.component_in_path}}"
                }
              },
              "_source": "YAML.COMPONENT",
              "componentId": "/subscriptions/00000000-0000-0000-0000-000000000/resourceGroups/00000/providers/Microsoft.MachineLearningServices/workspaces/00000/components/azureml_anonymous/versions/3daaa39a-d871-4254-be0d-20ac794f84a6"
            },
            "do_while_job_with_command_component": {
              "body": "${{parent.jobs.command_component_body_node}}",
              "type": "do_while",
              "condition": "is_number_larger_than_zero",
              "mapping": {
                "output_in_path": [
                  "component_in_path"
                ]
              },
              "limits": {
                "max_iteration_count": 5
              },
              "_source": "YAML.JOB"
            },
            "get_do_while_result": {
              "name": "get_do_while_result",
              "type": "command",
              "computeId": "/subscriptions/00000000-0000-0000-0000-000000000/resourceGroups/00000/providers/Microsoft.MachineLearningServices/workspaces/00000/computes/cpu-cluster",
              "inputs": {
                "component_in_path": {
                  "job_input_type": "literal",
                  "value": "${{parent.jobs.pipeline_body_node.outputs.output_in_path}}"
                }
              },
              "outputs": {
                "output_in_path": {
                  "value": "${{parent.outputs.output_in_path}}",
                  "type": "literal"
                }
              },
              "_source": "YAML.COMPONENT",
              "componentId": "/subscriptions/00000000-0000-0000-0000-000000000/resourceGroups/00000/providers/Microsoft.MachineLearningServices/workspaces/00000/components/azureml_anonymous/versions/3daaa39a-d871-4254-be0d-20ac794f84a6"
            }
          },
          "inputs": {
            "component_in_path": {
              "description": null,
              "uri": "azureml://datastores/workspaceblobstore/paths/LocalUpload/00000000000000000000000000000000/do_while/",
              "mode": "ReadOnlyMount",
              "jobInputType": "uri_folder"
            },
            "component_in_number": {
              "description": null,
              "jobInputType": "literal",
              "value": "3"
            }
          },
          "outputs": {
            "output_in_path": {
              "description": null,
              "uri": null,
              "assetName": null,
              "assetVersion": null,
              "mode": "Upload",
              "jobOutputType": "uri_folder"
            }
          },
          "sourceJobId": null
        },
        "systemData": {
          "createdAt": "2023-02-14T19:20:09.8411097\u002B00:00",
          "createdBy": "Diondra Peck",
          "createdByType": "User"
        }
      }
    },
    {
      "RequestUri": "https://management.azure.com/subscriptions/00000000-0000-0000-0000-000000000/resourceGroups/00000/providers/Microsoft.MachineLearningServices/workspaces/00000/jobs/test_889795530710/cancel?api-version=2022-12-01-preview",
      "RequestMethod": "POST",
      "RequestHeaders": {
        "Accept": "application/json",
        "Accept-Encoding": "gzip, deflate",
        "Connection": "keep-alive",
        "Content-Length": "0",
        "User-Agent": "azure-ai-ml/1.5.0 azsdk-python-mgmt-machinelearningservices/0.1.0 Python/3.7.9 (Windows-10-10.0.22621-SP0)"
      },
      "RequestBody": null,
      "StatusCode": 202,
      "ResponseHeaders": {
        "Cache-Control": "no-cache",
        "Content-Length": "4",
        "Content-Type": "application/json; charset=utf-8",
        "Date": "Tue, 14 Feb 2023 19:20:12 GMT",
        "Expires": "-1",
        "Location": "https://management.azure.com/subscriptions/00000000-0000-0000-0000-000000000/providers/Microsoft.MachineLearningServices/locations/eastus2/mfeOperationResults/jc:43bdc2d7-9930-46b1-b7d0-0e906bdb656a:test_889795530710?api-version=2022-12-01-preview",
        "Pragma": "no-cache",
        "Request-Context": "appId=cid-v1:2d2e8e63-272e-4b3c-8598-4ee570a0e70d",
        "Strict-Transport-Security": "max-age=31536000; includeSubDomains",
        "x-aml-cluster": "vienna-eastus2-01",
        "X-Content-Type-Options": "nosniff",
        "x-ms-async-operation-timeout": "PT1H",
        "x-ms-correlation-request-id": "5563d543-fedb-4ae9-928f-852363c03f64",
        "x-ms-ratelimit-remaining-subscription-writes": "1198",
        "x-ms-response-type": "standard",
        "x-ms-routing-request-id": "WESTUS2:20230214T192013Z:5563d543-fedb-4ae9-928f-852363c03f64",
        "x-request-time": "0.792"
      },
      "ResponseBody": "null"
    },
    {
      "RequestUri": "https://management.azure.com/subscriptions/00000000-0000-0000-0000-000000000/providers/Microsoft.MachineLearningServices/locations/eastus2/mfeOperationResults/jc:43bdc2d7-9930-46b1-b7d0-0e906bdb656a:test_889795530710?api-version=2022-12-01-preview",
      "RequestMethod": "GET",
      "RequestHeaders": {
        "Accept": "*/*",
        "Accept-Encoding": "gzip, deflate",
        "Connection": "keep-alive",
        "User-Agent": "azure-ai-ml/1.5.0 azsdk-python-mgmt-machinelearningservices/0.1.0 Python/3.7.9 (Windows-10-10.0.22621-SP0)"
      },
      "RequestBody": null,
      "StatusCode": 202,
      "ResponseHeaders": {
        "Cache-Control": "no-cache",
        "Content-Length": "2",
        "Content-Type": "application/json; charset=utf-8",
        "Date": "Tue, 14 Feb 2023 19:20:13 GMT",
        "Expires": "-1",
        "Location": "https://management.azure.com/subscriptions/00000000-0000-0000-0000-000000000/providers/Microsoft.MachineLearningServices/locations/eastus2/mfeOperationResults/jc:43bdc2d7-9930-46b1-b7d0-0e906bdb656a:test_889795530710?api-version=2022-12-01-preview",
        "Pragma": "no-cache",
        "Request-Context": "appId=cid-v1:2d2e8e63-272e-4b3c-8598-4ee570a0e70d",
        "Strict-Transport-Security": "max-age=31536000; includeSubDomains",
        "x-aml-cluster": "vienna-eastus2-01",
        "X-Content-Type-Options": "nosniff",
        "x-ms-correlation-request-id": "93a12fc2-85ec-4683-b62a-e9a7c3c3459e",
        "x-ms-ratelimit-remaining-subscription-reads": "11994",
        "x-ms-response-type": "standard",
        "x-ms-routing-request-id": "WESTUS2:20230214T192013Z:93a12fc2-85ec-4683-b62a-e9a7c3c3459e",
        "x-request-time": "0.061"
      },
      "ResponseBody": {}
    },
    {
      "RequestUri": "https://management.azure.com/subscriptions/00000000-0000-0000-0000-000000000/providers/Microsoft.MachineLearningServices/locations/eastus2/mfeOperationResults/jc:43bdc2d7-9930-46b1-b7d0-0e906bdb656a:test_889795530710?api-version=2022-12-01-preview",
      "RequestMethod": "GET",
      "RequestHeaders": {
        "Accept": "*/*",
        "Accept-Encoding": "gzip, deflate",
        "Connection": "keep-alive",
        "User-Agent": "azure-ai-ml/1.5.0 azsdk-python-mgmt-machinelearningservices/0.1.0 Python/3.7.9 (Windows-10-10.0.22621-SP0)"
      },
      "RequestBody": null,
      "StatusCode": 200,
      "ResponseHeaders": {
        "Cache-Control": "no-cache",
        "Content-Length": "0",
        "Date": "Tue, 14 Feb 2023 19:20:43 GMT",
        "Expires": "-1",
        "Pragma": "no-cache",
        "Request-Context": "appId=cid-v1:2d2e8e63-272e-4b3c-8598-4ee570a0e70d",
        "Server-Timing": "traceparent;desc=\u002200-228a36025a131092e8bef7b4423da918-c1754dec5e9694a9-01\u0022",
        "Strict-Transport-Security": "max-age=31536000; includeSubDomains",
        "x-aml-cluster": "vienna-eastus2-01",
        "X-Content-Type-Options": "nosniff",
        "x-ms-correlation-request-id": "ca564540-cfad-4367-bd28-b26d1317e8db",
        "x-ms-ratelimit-remaining-subscription-reads": "11993",
        "x-ms-response-type": "standard",
        "x-ms-routing-request-id": "WESTUS2:20230214T192043Z:ca564540-cfad-4367-bd28-b26d1317e8db",
        "x-request-time": "0.028"
      },
      "ResponseBody": null
    }
  ],
  "Variables": {
    "name": "test_889795530710"
  }
}
