{
  "Entries": [
    {
      "RequestUri": "https://management.azure.com/subscriptions/00000000-0000-0000-0000-000000000/resourceGroups/00000/providers/Microsoft.MachineLearningServices/workspaces/00000/environments/CliV2AnonymousEnvironment/versions/de330be7295a60292e69e4d0aca3cd6b?api-version=2022-05-01",
      "RequestMethod": "PUT",
      "RequestHeaders": {
        "Accept": "application/json",
        "Accept-Encoding": "gzip, deflate",
        "Connection": "keep-alive",
        "Content-Length": "379",
        "Content-Type": "application/json",
        "User-Agent": "azure-ai-ml/1.5.0 azsdk-python-mgmt-machinelearningservices/0.1.0 Python/3.7.9 (Windows-10-10.0.22621-SP0)"
      },
      "RequestBody": {
        "properties": {
          "isAnonymous": true,
          "isArchived": false,
          "condaFile": "channels:\n- defaults\ndependencies:\n- python=3.8.12\n- pip=21.2.2\n- pip:\n  - --extra-index-url=https://azuremlsdktestpypi.azureedge.net/sdk-cli-v2\n  - mldesigner==0.0.72212755\n  - mlflow\n  - azureml-mlflow\nname: default_environment\n",
          "image": "mcr.microsoft.com/azureml/openmpi3.1.2-ubuntu18.04"
        }
      },
      "StatusCode": 201,
      "ResponseHeaders": {
        "Build-ID": "ch1",
        "Cache-Control": "no-cache",
        "Content-Length": "1275",
        "Content-Type": "application/json; charset=utf-8",
        "Date": "Wed, 22 Feb 2023 18:46:02 GMT",
        "Expires": "-1",
        "Location": "https://management.azure.com/subscriptions/00000000-0000-0000-0000-000000000/resourceGroups/00000/providers/Microsoft.MachineLearningServices/workspaces/00000/environments/CliV2AnonymousEnvironment/versions/de330be7295a60292e69e4d0aca3cd6b?api-version=2022-05-01",
        "Pragma": "no-cache",
        "Request-Context": "appId=cid-v1:2d2e8e63-272e-4b3c-8598-4ee570a0e70d",
        "Server-Timing": "traceparent;desc=\u002200-f69633a3d40384c691377dd5f386172f-f30cf8af450fbbdc-01\u0022",
        "Strict-Transport-Security": "max-age=31536000; includeSubDomains",
        "x-aml-cluster": "vienna-eastus2-01",
        "X-Content-Type-Options": "nosniff",
        "x-ms-correlation-request-id": "ac2411e2-f39e-4a90-bf9c-5db036ef0aca",
        "x-ms-ratelimit-remaining-subscription-writes": "1199",
        "x-ms-response-type": "standard",
        "x-ms-routing-request-id": "WESTUS2:20230222T184603Z:ac2411e2-f39e-4a90-bf9c-5db036ef0aca",
        "x-request-time": "11.004"
      },
      "ResponseBody": {
        "id": "/subscriptions/00000000-0000-0000-0000-000000000/resourceGroups/00000/providers/Microsoft.MachineLearningServices/workspaces/00000/environments/CliV2AnonymousEnvironment/versions/de330be7295a60292e69e4d0aca3cd6b",
        "name": "de330be7295a60292e69e4d0aca3cd6b",
        "type": "Microsoft.MachineLearningServices/workspaces/environments/versions",
        "properties": {
          "description": null,
          "tags": {},
          "properties": {},
          "isArchived": false,
          "isAnonymous": true,
          "environmentType": "UserCreated",
          "image": "mcr.microsoft.com/azureml/openmpi3.1.2-ubuntu18.04",
          "condaFile": "{\n  \u0022channels\u0022: [\n    \u0022defaults\u0022\n  ],\n  \u0022dependencies\u0022: [\n    \u0022python=3.8.12\u0022,\n    \u0022pip=21.2.2\u0022,\n    {\n      \u0022pip\u0022: [\n        \u0022--extra-index-url=https://azuremlsdktestpypi.azureedge.net/sdk-cli-v2\u0022,\n        \u0022mldesigner==0.0.72212755\u0022,\n        \u0022mlflow\u0022,\n        \u0022azureml-mlflow\u0022\n      ]\n    }\n  ],\n  \u0022name\u0022: \u0022default_environment\u0022\n}",
          "osType": "Linux"
        },
        "systemData": {
          "createdAt": "2023-02-22T18:45:52.5869426\u002B00:00",
          "createdBy": "Diondra Peck",
          "createdByType": "User",
          "lastModifiedAt": "2023-02-22T18:45:52.5869426\u002B00:00",
          "lastModifiedBy": "Diondra Peck",
          "lastModifiedByType": "User"
        }
      }
    },
    {
      "RequestUri": "https://management.azure.com/subscriptions/00000000-0000-0000-0000-000000000/resourceGroups/00000/providers/Microsoft.MachineLearningServices/workspaces/00000/environments/CliV2AnonymousEnvironment/versions/17c075d9307dbb12fb04c2cbf7087b50?api-version=2022-05-01",
      "RequestMethod": "PUT",
      "RequestHeaders": {
        "Accept": "application/json",
        "Accept-Encoding": "gzip, deflate",
        "Connection": "keep-alive",
        "Content-Length": "269",
        "Content-Type": "application/json",
        "User-Agent": "azure-ai-ml/1.5.0 azsdk-python-mgmt-machinelearningservices/0.1.0 Python/3.7.9 (Windows-10-10.0.22621-SP0)"
      },
      "RequestBody": {
        "properties": {
          "isAnonymous": true,
          "isArchived": false,
          "condaFile": "channels:\n- conda-forge\ndependencies:\n- python=3.7.9\n- pip\n- pip:\n  - pyjokes\nname: demo_env\n",
          "image": "mcr.microsoft.com/azureml/openmpi4.1.0-cuda11.0.3-cudnn8-ubuntu18.04:20210405.v1"
        }
      },
      "StatusCode": 201,
      "ResponseHeaders": {
        "Build-ID": "ch2",
        "Cache-Control": "no-cache",
        "Content-Length": "1138",
        "Content-Type": "application/json; charset=utf-8",
        "Date": "Wed, 22 Feb 2023 18:46:13 GMT",
        "Expires": "-1",
        "Location": "https://management.azure.com/subscriptions/00000000-0000-0000-0000-000000000/resourceGroups/00000/providers/Microsoft.MachineLearningServices/workspaces/00000/environments/CliV2AnonymousEnvironment/versions/17c075d9307dbb12fb04c2cbf7087b50?api-version=2022-05-01",
        "Pragma": "no-cache",
        "Request-Context": "appId=cid-v1:2d2e8e63-272e-4b3c-8598-4ee570a0e70d",
        "Server-Timing": "traceparent;desc=\u002200-9b383e9d84746a7d42d5e1ff6472c824-ee9a646a8967c700-01\u0022",
        "Strict-Transport-Security": "max-age=31536000; includeSubDomains",
        "x-aml-cluster": "vienna-eastus2-01",
        "X-Content-Type-Options": "nosniff",
        "x-ms-correlation-request-id": "905cc092-7102-4a78-b446-2ce7a6d863f6",
        "x-ms-ratelimit-remaining-subscription-writes": "1198",
        "x-ms-response-type": "standard",
        "x-ms-routing-request-id": "WESTUS2:20230222T184614Z:905cc092-7102-4a78-b446-2ce7a6d863f6",
        "x-request-time": "10.772"
      },
      "ResponseBody": {
        "id": "/subscriptions/00000000-0000-0000-0000-000000000/resourceGroups/00000/providers/Microsoft.MachineLearningServices/workspaces/00000/environments/CliV2AnonymousEnvironment/versions/17c075d9307dbb12fb04c2cbf7087b50",
        "name": "17c075d9307dbb12fb04c2cbf7087b50",
        "type": "Microsoft.MachineLearningServices/workspaces/environments/versions",
        "properties": {
          "description": null,
          "tags": {},
          "properties": {},
          "isArchived": false,
          "isAnonymous": true,
          "environmentType": "UserCreated",
          "image": "mcr.microsoft.com/azureml/openmpi4.1.0-cuda11.0.3-cudnn8-ubuntu18.04:20210405.v1",
          "condaFile": "{\n  \u0022channels\u0022: [\n    \u0022conda-forge\u0022\n  ],\n  \u0022dependencies\u0022: [\n    \u0022python=3.7.9\u0022,\n    \u0022pip\u0022,\n    {\n      \u0022pip\u0022: [\n        \u0022pyjokes\u0022\n      ]\n    }\n  ],\n  \u0022name\u0022: \u0022demo_env\u0022\n}",
          "osType": "Linux"
        },
        "systemData": {
          "createdAt": "2023-02-22T18:46:04.1019204\u002B00:00",
          "createdBy": "Diondra Peck",
          "createdByType": "User",
          "lastModifiedAt": "2023-02-22T18:46:04.1019204\u002B00:00",
          "lastModifiedBy": "Diondra Peck",
          "lastModifiedByType": "User"
        }
      }
    },
    {
      "RequestUri": "https://management.azure.com/subscriptions/00000000-0000-0000-0000-000000000/resourceGroups/00000/providers/Microsoft.MachineLearningServices/workspaces/00000/environments/CliV2AnonymousEnvironment/versions/17c075d9307dbb12fb04c2cbf7087b50?api-version=2022-05-01",
      "RequestMethod": "PUT",
      "RequestHeaders": {
        "Accept": "application/json",
        "Accept-Encoding": "gzip, deflate",
        "Connection": "keep-alive",
        "Content-Length": "269",
        "Content-Type": "application/json",
        "User-Agent": "azure-ai-ml/1.5.0 azsdk-python-mgmt-machinelearningservices/0.1.0 Python/3.7.9 (Windows-10-10.0.22621-SP0)"
      },
      "RequestBody": {
        "properties": {
          "isAnonymous": true,
          "isArchived": false,
          "condaFile": "channels:\n- conda-forge\ndependencies:\n- python=3.7.9\n- pip\n- pip:\n  - pyjokes\nname: demo_env\n",
          "image": "mcr.microsoft.com/azureml/openmpi4.1.0-cuda11.0.3-cudnn8-ubuntu18.04:20210405.v1"
        }
      },
      "StatusCode": 201,
      "ResponseHeaders": {
        "Build-ID": "ch2",
        "Cache-Control": "no-cache",
        "Content-Length": "1138",
        "Content-Type": "application/json; charset=utf-8",
        "Date": "Wed, 22 Feb 2023 18:46:14 GMT",
        "Expires": "-1",
        "Location": "https://management.azure.com/subscriptions/00000000-0000-0000-0000-000000000/resourceGroups/00000/providers/Microsoft.MachineLearningServices/workspaces/00000/environments/CliV2AnonymousEnvironment/versions/17c075d9307dbb12fb04c2cbf7087b50?api-version=2022-05-01",
        "Pragma": "no-cache",
        "Request-Context": "appId=cid-v1:2d2e8e63-272e-4b3c-8598-4ee570a0e70d",
        "Server-Timing": "traceparent;desc=\u002200-b3b23481612fc44d512e863dbaa85299-9b4c1d40bbf1d901-01\u0022",
        "Strict-Transport-Security": "max-age=31536000; includeSubDomains",
        "x-aml-cluster": "vienna-eastus2-01",
        "X-Content-Type-Options": "nosniff",
        "x-ms-correlation-request-id": "666777f9-a470-4206-a250-4ad9adaaadf3",
        "x-ms-ratelimit-remaining-subscription-writes": "1197",
        "x-ms-response-type": "standard",
        "x-ms-routing-request-id": "WESTUS2:20230222T184615Z:666777f9-a470-4206-a250-4ad9adaaadf3",
        "x-request-time": "0.511"
      },
      "ResponseBody": {
        "id": "/subscriptions/00000000-0000-0000-0000-000000000/resourceGroups/00000/providers/Microsoft.MachineLearningServices/workspaces/00000/environments/CliV2AnonymousEnvironment/versions/17c075d9307dbb12fb04c2cbf7087b50",
        "name": "17c075d9307dbb12fb04c2cbf7087b50",
        "type": "Microsoft.MachineLearningServices/workspaces/environments/versions",
        "properties": {
          "description": null,
          "tags": {},
          "properties": {},
          "isArchived": false,
          "isAnonymous": true,
          "environmentType": "UserCreated",
          "image": "mcr.microsoft.com/azureml/openmpi4.1.0-cuda11.0.3-cudnn8-ubuntu18.04:20210405.v1",
          "condaFile": "{\n  \u0022channels\u0022: [\n    \u0022conda-forge\u0022\n  ],\n  \u0022dependencies\u0022: [\n    \u0022python=3.7.9\u0022,\n    \u0022pip\u0022,\n    {\n      \u0022pip\u0022: [\n        \u0022pyjokes\u0022\n      ]\n    }\n  ],\n  \u0022name\u0022: \u0022demo_env\u0022\n}",
          "osType": "Linux"
        },
        "systemData": {
          "createdAt": "2023-02-22T18:46:04.1019204\u002B00:00",
          "createdBy": "Diondra Peck",
          "createdByType": "User",
          "lastModifiedAt": "2023-02-22T18:46:04.1019204\u002B00:00",
          "lastModifiedBy": "Diondra Peck",
          "lastModifiedByType": "User"
        }
      }
    },
    {
      "RequestUri": "https://management.azure.com/subscriptions/00000000-0000-0000-0000-000000000/resourceGroups/00000/providers/Microsoft.MachineLearningServices/workspaces/00000?api-version=2022-10-01",
      "RequestMethod": "GET",
      "RequestHeaders": {
        "Accept": "application/json",
        "Accept-Encoding": "gzip, deflate",
        "Connection": "keep-alive",
        "User-Agent": "azure-ai-ml/1.5.0 azsdk-python-mgmt-machinelearningservices/0.1.0 Python/3.7.9 (Windows-10-10.0.22621-SP0)"
      },
      "RequestBody": null,
      "StatusCode": 200,
      "ResponseHeaders": {
        "Cache-Control": "no-cache",
        "Content-Encoding": "gzip",
        "Content-Type": "application/json; charset=utf-8",
        "Date": "Wed, 22 Feb 2023 18:46:17 GMT",
        "Expires": "-1",
        "Pragma": "no-cache",
        "Request-Context": "appId=cid-v1:2d2e8e63-272e-4b3c-8598-4ee570a0e70d",
        "Server-Timing": "traceparent;desc=\u002200-dce0170f39798e08997119e633fe4111-4bb07e1790ab8e24-01\u0022",
        "Strict-Transport-Security": "max-age=31536000; includeSubDomains",
        "Transfer-Encoding": "chunked",
        "Vary": [
          "Accept-Encoding",
          "Accept-Encoding"
        ],
        "x-aml-cluster": "vienna-eastus2-01",
        "X-Content-Type-Options": "nosniff",
        "x-ms-correlation-request-id": "5e4bc84f-db57-4c0e-848e-353ccfa0b9db",
        "x-ms-ratelimit-remaining-subscription-reads": "11999",
        "x-ms-response-type": "standard",
        "x-ms-routing-request-id": "WESTUS2:20230222T184618Z:5e4bc84f-db57-4c0e-848e-353ccfa0b9db",
        "x-request-time": "0.669"
      },
      "ResponseBody": {
        "id": "/subscriptions/00000000-0000-0000-0000-000000000/resourceGroups/00000/providers/Microsoft.MachineLearningServices/workspaces/00000",
        "name": "00000",
        "type": "Microsoft.MachineLearningServices/workspaces",
        "location": "eastus2",
        "tags": {},
        "etag": null,
        "properties": {
          "friendlyName": "00000",
          "description": "",
          "storageAccount": "/subscriptions/00000000-0000-0000-0000-000000000/resourceGroups/00000/providers/Microsoft.Storage/storageAccounts/saewdd2vjxiyc5a",
          "keyVault": "/subscriptions/00000000-0000-0000-0000-000000000/resourceGroups/00000/providers/Microsoft.Keyvault/vaults/kvtestzv7yhmvidwex6",
          "applicationInsights": "/subscriptions/00000000-0000-0000-0000-000000000/resourceGroups/00000/providers/Microsoft.insights/components/aiewdd2vjxiyc5a",
          "hbiWorkspace": false,
          "tenantId": "72f988bf-86f1-41af-91ab-2d7cd011db47",
          "imageBuildCompute": null,
          "provisioningState": "Succeeded",
          "v1LegacyMode": false,
          "softDeleteEnabled": false,
          "containerRegistry": "/subscriptions/00000000-0000-0000-0000-000000000/resourceGroups/00000/providers/Microsoft.ContainerRegistry/registries/crewdd2vjxiyc5a",
          "notebookInfo": {
            "resourceId": "0000000-0000-0000-0000-000000000000",
            "fqdn": "ml-sdkvnextcli-eastus2-74fb7293-405d-4c03-912d-33e739ee11c8.eastus2.notebooks.azure.net",
            "isPrivateLinkEnabled": false,
            "notebookPreparationError": null
          },
          "storageHnsEnabled": false,
          "workspaceId": "74fb7293-405d-4c03-912d-33e739ee11c8",
          "linkedModelInventoryArmId": null,
          "privateLinkCount": 0,
          "publicNetworkAccess": "Enabled",
          "discoveryUrl": "https://eastus2.api.azureml.ms/discovery",
          "mlFlowTrackingUri": "azureml://eastus2.api.azureml.ms/mlflow/v1.0/subscriptions/00000000-0000-0000-0000-000000000/resourceGroups/00000/providers/Microsoft.MachineLearningServices/workspaces/00000",
          "sdkTelemetryAppInsightsKey": "0000000-0000-0000-0000-000000000000",
          "sasGetterUri": "",
          "enableDataIsolation": false
        },
        "identity": {
          "type": "SystemAssigned",
          "principalId": "0000000-0000-0000-0000-000000000000",
          "tenantId": "72f988bf-86f1-41af-91ab-2d7cd011db47"
        },
        "kind": "Default",
        "sku": {
          "name": "Basic",
          "tier": "Basic"
        },
        "systemData": {
          "createdAt": "2023-02-22T17:11:18.4346596Z",
          "createdBy": "dipeck@microsoft.com",
          "createdByType": "User",
          "lastModifiedAt": "2023-02-22T17:11:18.4346596Z",
          "lastModifiedBy": "dipeck@microsoft.com",
          "lastModifiedByType": "User"
        }
      }
    },
    {
      "RequestUri": "https://management.azure.com/subscriptions/00000000-0000-0000-0000-000000000/resourceGroups/00000/providers/Microsoft.MachineLearningServices/workspaces/00000?api-version=2022-10-01",
      "RequestMethod": "GET",
      "RequestHeaders": {
        "Accept": "application/json",
        "Accept-Encoding": "gzip, deflate",
        "Connection": "keep-alive",
        "User-Agent": "azure-ai-ml/1.5.0 azsdk-python-mgmt-machinelearningservices/0.1.0 Python/3.7.9 (Windows-10-10.0.22621-SP0)"
      },
      "RequestBody": null,
      "StatusCode": 200,
      "ResponseHeaders": {
        "Cache-Control": "no-cache",
        "Content-Encoding": "gzip",
        "Content-Type": "application/json; charset=utf-8",
        "Date": "Wed, 22 Feb 2023 18:46:18 GMT",
        "Expires": "-1",
        "Pragma": "no-cache",
        "Request-Context": "appId=cid-v1:2d2e8e63-272e-4b3c-8598-4ee570a0e70d",
        "Server-Timing": "traceparent;desc=\u002200-00d19fce98717c5ca5840af041079846-d960f21fc48210e2-01\u0022",
        "Strict-Transport-Security": "max-age=31536000; includeSubDomains",
        "Transfer-Encoding": "chunked",
        "Vary": [
          "Accept-Encoding",
          "Accept-Encoding"
        ],
        "x-aml-cluster": "vienna-eastus2-01",
        "X-Content-Type-Options": "nosniff",
        "x-ms-correlation-request-id": "dfd6b16f-ebd2-4fd6-9959-ddd7dbc72148",
        "x-ms-ratelimit-remaining-subscription-reads": "11998",
        "x-ms-response-type": "standard",
        "x-ms-routing-request-id": "WESTUS2:20230222T184618Z:dfd6b16f-ebd2-4fd6-9959-ddd7dbc72148",
        "x-request-time": "0.032"
      },
      "ResponseBody": {
        "id": "/subscriptions/00000000-0000-0000-0000-000000000/resourceGroups/00000/providers/Microsoft.MachineLearningServices/workspaces/00000",
        "name": "00000",
        "type": "Microsoft.MachineLearningServices/workspaces",
        "location": "eastus2",
        "tags": {},
        "etag": null,
        "properties": {
          "friendlyName": "00000",
          "description": "",
          "storageAccount": "/subscriptions/00000000-0000-0000-0000-000000000/resourceGroups/00000/providers/Microsoft.Storage/storageAccounts/saewdd2vjxiyc5a",
          "keyVault": "/subscriptions/00000000-0000-0000-0000-000000000/resourceGroups/00000/providers/Microsoft.Keyvault/vaults/kvtestzv7yhmvidwex6",
          "applicationInsights": "/subscriptions/00000000-0000-0000-0000-000000000/resourceGroups/00000/providers/Microsoft.insights/components/aiewdd2vjxiyc5a",
          "hbiWorkspace": false,
          "tenantId": "72f988bf-86f1-41af-91ab-2d7cd011db47",
          "imageBuildCompute": null,
          "provisioningState": "Succeeded",
          "v1LegacyMode": false,
          "softDeleteEnabled": false,
          "containerRegistry": "/subscriptions/00000000-0000-0000-0000-000000000/resourceGroups/00000/providers/Microsoft.ContainerRegistry/registries/crewdd2vjxiyc5a",
          "notebookInfo": {
            "resourceId": "0000000-0000-0000-0000-000000000000",
            "fqdn": "ml-sdkvnextcli-eastus2-74fb7293-405d-4c03-912d-33e739ee11c8.eastus2.notebooks.azure.net",
            "isPrivateLinkEnabled": false,
            "notebookPreparationError": null
          },
          "storageHnsEnabled": false,
          "workspaceId": "74fb7293-405d-4c03-912d-33e739ee11c8",
          "linkedModelInventoryArmId": null,
          "privateLinkCount": 0,
          "publicNetworkAccess": "Enabled",
          "discoveryUrl": "https://eastus2.api.azureml.ms/discovery",
          "mlFlowTrackingUri": "azureml://eastus2.api.azureml.ms/mlflow/v1.0/subscriptions/00000000-0000-0000-0000-000000000/resourceGroups/00000/providers/Microsoft.MachineLearningServices/workspaces/00000",
          "sdkTelemetryAppInsightsKey": "0000000-0000-0000-0000-000000000000",
          "sasGetterUri": "",
          "enableDataIsolation": false
        },
        "identity": {
          "type": "SystemAssigned",
          "principalId": "0000000-0000-0000-0000-000000000000",
          "tenantId": "72f988bf-86f1-41af-91ab-2d7cd011db47"
        },
        "kind": "Default",
        "sku": {
          "name": "Basic",
          "tier": "Basic"
        },
        "systemData": {
          "createdAt": "2023-02-22T17:11:18.4346596Z",
          "createdBy": "dipeck@microsoft.com",
          "createdByType": "User",
          "lastModifiedAt": "2023-02-22T17:11:18.4346596Z",
          "lastModifiedBy": "dipeck@microsoft.com",
          "lastModifiedByType": "User"
        }
      }
    },
    {
      "RequestUri": "https://eastus2.api.azureml.ms/content/v2.0/subscriptions/00000000-0000-0000-0000-000000000/resourceGroups/00000/providers/Microsoft.MachineLearningServices/workspaces/00000/snapshots/getByHash?hash=5960b79d175d40f6b269724e6f5ceef6a2cf0708da9f6870219fd7676b9adbe8\u0026hashVersion=202208",
      "RequestMethod": "GET",
      "RequestHeaders": {
        "Accept": "*/*",
        "Accept-Encoding": "gzip, deflate",
        "Connection": "keep-alive",
        "Content-Type": "application/json; charset=UTF-8",
        "User-Agent": "azure-ai-ml/1.5.0 azsdk-python-core/1.26.3 Python/3.7.9 (Windows-10-10.0.22621-SP0)"
      },
      "RequestBody": null,
      "StatusCode": 404,
      "ResponseHeaders": {
        "Connection": "keep-alive",
        "Content-Encoding": "gzip",
        "Content-Type": "application/json; charset=utf-8",
        "Date": "Wed, 22 Feb 2023 18:46:21 GMT",
        "Request-Context": "appId=cid-v1:2d2e8e63-272e-4b3c-8598-4ee570a0e70d",
        "Strict-Transport-Security": "max-age=15724800; includeSubDomains; preload",
        "Transfer-Encoding": "chunked",
        "Vary": "Accept-Encoding",
        "x-aml-cluster": "vienna-eastus2-01",
        "X-Content-Type-Options": "nosniff",
        "x-ms-response-type": "error",
        "x-request-time": "0.108"
      },
      "ResponseBody": {
        "error": {
          "code": "UserError",
          "severity": null,
          "message": "Snapshot with hash 5960b79d175d40f6b269724e6f5ceef6a2cf0708da9f6870219fd7676b9adbe8 was not found",
          "messageFormat": null,
          "messageParameters": null,
          "referenceCode": null,
          "detailsUri": null,
          "target": null,
          "details": [],
          "innerError": {
            "code": "NotFoundError",
            "innerError": null
          },
          "debugInfo": null,
          "additionalInfo": null
        },
        "correlation": {
          "operation": "fd8aacec728332ad3605b620bdfbbce3",
          "request": "006159ae91ac9936"
        },
        "environment": "eastus2",
        "location": "eastus2",
        "time": "2023-02-22T18:46:21.6650115\u002B00:00",
        "componentName": "project"
      }
    },
    {
      "RequestUri": "https://eastus2.api.azureml.ms/content/v2.0/subscriptions/00000000-0000-0000-0000-000000000/resourceGroups/00000/providers/Microsoft.MachineLearningServices/workspaces/00000/snapshots/getByHash?hash=5b710757809bf7fe8a94b7c20b24c40d56a215392c19c7d7b51ada5fed2feee6\u0026hashVersion=202208",
      "RequestMethod": "GET",
      "RequestHeaders": {
        "Accept": "*/*",
        "Accept-Encoding": "gzip, deflate",
        "Connection": "keep-alive",
        "Content-Type": "application/json; charset=UTF-8",
        "User-Agent": "azure-ai-ml/1.5.0 azsdk-python-core/1.26.3 Python/3.7.9 (Windows-10-10.0.22621-SP0)"
      },
      "RequestBody": null,
      "StatusCode": 404,
      "ResponseHeaders": {
        "Connection": "keep-alive",
        "Content-Encoding": "gzip",
        "Content-Type": "application/json; charset=utf-8",
        "Date": "Wed, 22 Feb 2023 18:46:21 GMT",
        "Request-Context": "appId=cid-v1:2d2e8e63-272e-4b3c-8598-4ee570a0e70d",
        "Strict-Transport-Security": "max-age=15724800; includeSubDomains; preload",
        "Transfer-Encoding": "chunked",
        "Vary": "Accept-Encoding",
        "x-aml-cluster": "vienna-eastus2-01",
        "X-Content-Type-Options": "nosniff",
        "x-ms-response-type": "error",
        "x-request-time": "0.034"
      },
      "ResponseBody": {
        "error": {
          "code": "UserError",
          "severity": null,
          "message": "Snapshot with hash 5b710757809bf7fe8a94b7c20b24c40d56a215392c19c7d7b51ada5fed2feee6 was not found",
          "messageFormat": null,
          "messageParameters": null,
          "referenceCode": null,
          "detailsUri": null,
          "target": null,
          "details": [],
          "innerError": {
            "code": "NotFoundError",
            "innerError": null
          },
          "debugInfo": null,
          "additionalInfo": null
        },
        "correlation": {
          "operation": "e00538a8ed9049fe6560edfaface1219",
          "request": "a60a44bdf749ed5f"
        },
        "environment": "eastus2",
        "location": "eastus2",
        "time": "2023-02-22T18:46:21.7866006\u002B00:00",
        "componentName": "project"
      }
    },
    {
      "RequestUri": "https://eastus2.api.azureml.ms/assetstore/v1.0/temporaryDataReference/createOrGet",
      "RequestMethod": "POST",
      "RequestHeaders": {
        "Accept": "*/*",
        "Accept-Encoding": "gzip, deflate",
        "Connection": "keep-alive",
        "Content-Length": "238",
        "Content-Type": "application/json; charset=UTF-8",
        "User-Agent": "azure-ai-ml/1.5.0 azsdk-python-core/1.26.3 Python/3.7.9 (Windows-10-10.0.22621-SP0)"
      },
      "RequestBody": {
        "assetId": "azureml://locations/eastus2/workspaces/74fb7293-405d-4c03-912d-33e739ee11c8/codes/000000000000000000000/versions/1",
        "temporaryDataReferenceId": "000000000000000000000",
        "temporaryDataReferenceType": "TemporaryBlobReference"
      },
      "StatusCode": 200,
      "ResponseHeaders": {
        "Connection": "keep-alive",
        "Content-Encoding": "gzip",
        "Content-Type": "application/json; charset=utf-8",
        "Date": "Wed, 22 Feb 2023 18:46:25 GMT",
        "Request-Context": "appId=cid-v1:2d2e8e63-272e-4b3c-8598-4ee570a0e70d",
        "Strict-Transport-Security": "max-age=15724800; includeSubDomains; preload",
        "Transfer-Encoding": "chunked",
        "Vary": "Accept-Encoding",
        "x-aml-cluster": "vienna-eastus2-01",
        "X-Content-Type-Options": "nosniff",
        "x-ms-response-type": "standard",
        "x-request-time": "0.878"
      },
      "ResponseBody": {
        "blobReferenceForConsumption": {
          "blobUri": "https://saewdd2vjxiyc5a.blob.core.windows.net:443/000000000000000000000000000000000000",
          "storageAccountArmId": "/subscriptions/00000000-0000-0000-0000-000000000/resourceGroups/00000/providers/Microsoft.Storage/storageAccounts/saewdd2vjxiyc5a",
          "credential": {
            "sasUri": "https://saewdd2vjxiyc5a.blob.core.windows.net/000000000000000000000000000000000000?skoid=10e0075d-d0d5-40e7-b6b0-8d2a79376914\u0026sktid=72f988bf-86f1-41af-91ab-2d7cd011db47\u0026skt=000000000000000000000000\u0026ske=000000000000000000000000\u0026sks=b\u0026skv=2019-07-07\u0026sv=2021-08-06\u0026st=2023-02-22T18%3A36%3A25Z\u0026se=2023-02-23T02%3A46%3A25Z\u0026sr=c\u0026sp=rcwl\u0026sig=000000000000000000000000000000000000",
            "wasbsUri": null,
            "credentialType": "SAS"
          }
        },
        "imageReferenceForConsumption": null,
        "temporaryDataReferenceId": "000000000000000000000",
        "temporaryDataReferenceType": null
      }
    },
    {
      "RequestUri": "https://saewdd2vjxiyc5a.blob.core.windows.net/000000000000000000000000000000000000/component_with_conditional_output/entry.py?skoid=10e0075d-d0d5-40e7-b6b0-8d2a79376914\u0026sktid=72f988bf-86f1-41af-91ab-2d7cd011db47\u0026skt=000000000000000000000000\u0026ske=000000000000000000000000\u0026sks=b\u0026skv=2019-07-07\u0026sv=2021-08-06\u0026st=2023-02-22T18%3A36%3A25Z\u0026se=2023-02-23T02%3A46%3A25Z\u0026sr=c\u0026sp=rcwl\u0026sig=000000000000000000000000000000000000",
      "RequestMethod": "HEAD",
      "RequestHeaders": {
        "Accept": "application/xml",
        "Accept-Encoding": "gzip, deflate",
        "Connection": "keep-alive",
        "User-Agent": "azsdk-python-storage-blob/12.14.1 Python/3.7.9 (Windows-10-10.0.22621-SP0)",
        "x-ms-date": "Wed, 22 Feb 2023 18:46:25 GMT",
        "x-ms-version": "2021-08-06"
      },
      "RequestBody": null,
      "StatusCode": 404,
      "ResponseHeaders": {
        "Date": "Wed, 22 Feb 2023 18:46:25 GMT",
        "Server": [
          "Windows-Azure-Blob/1.0",
          "Microsoft-HTTPAPI/2.0"
        ],
        "Transfer-Encoding": "chunked",
        "Vary": "Origin",
        "x-ms-error-code": "BlobNotFound",
        "x-ms-version": "2021-08-06"
      },
      "ResponseBody": null
    },
    {
      "RequestUri": "https://eastus2.api.azureml.ms/assetstore/v1.0/temporaryDataReference/createOrGet",
      "RequestMethod": "POST",
      "RequestHeaders": {
        "Accept": "*/*",
        "Accept-Encoding": "gzip, deflate",
        "Connection": "keep-alive",
        "Content-Length": "238",
        "Content-Type": "application/json; charset=UTF-8",
        "User-Agent": "azure-ai-ml/1.5.0 azsdk-python-core/1.26.3 Python/3.7.9 (Windows-10-10.0.22621-SP0)"
      },
      "RequestBody": {
        "assetId": "azureml://locations/eastus2/workspaces/74fb7293-405d-4c03-912d-33e739ee11c8/codes/000000000000000000000/versions/1",
        "temporaryDataReferenceId": "000000000000000000000",
        "temporaryDataReferenceType": "TemporaryBlobReference"
      },
      "StatusCode": 200,
      "ResponseHeaders": {
        "Connection": "keep-alive",
        "Content-Encoding": "gzip",
        "Content-Type": "application/json; charset=utf-8",
        "Date": "Wed, 22 Feb 2023 18:46:26 GMT",
        "Request-Context": "appId=cid-v1:2d2e8e63-272e-4b3c-8598-4ee570a0e70d",
        "Strict-Transport-Security": "max-age=15724800; includeSubDomains; preload",
        "Transfer-Encoding": "chunked",
        "Vary": "Accept-Encoding",
        "x-aml-cluster": "vienna-eastus2-01",
        "X-Content-Type-Options": "nosniff",
        "x-ms-response-type": "standard",
        "x-request-time": "1.912"
      },
      "ResponseBody": {
        "blobReferenceForConsumption": {
          "blobUri": "https://saewdd2vjxiyc5a.blob.core.windows.net:443/000000000000000000000000000000000000",
          "storageAccountArmId": "/subscriptions/00000000-0000-0000-0000-000000000/resourceGroups/00000/providers/Microsoft.Storage/storageAccounts/saewdd2vjxiyc5a",
          "credential": {
            "sasUri": "https://saewdd2vjxiyc5a.blob.core.windows.net/000000000000000000000000000000000000?skoid=10e0075d-d0d5-40e7-b6b0-8d2a79376914\u0026sktid=72f988bf-86f1-41af-91ab-2d7cd011db47\u0026skt=000000000000000000000000\u0026ske=000000000000000000000000\u0026sks=b\u0026skv=2019-07-07\u0026sv=2021-08-06\u0026st=2023-02-22T18%3A36%3A26Z\u0026se=2023-02-23T02%3A46%3A26Z\u0026sr=c\u0026sp=rcwl\u0026sig=000000000000000000000000000000000000",
            "wasbsUri": null,
            "credentialType": "SAS"
          }
        },
        "imageReferenceForConsumption": null,
        "temporaryDataReferenceId": "000000000000000000000",
        "temporaryDataReferenceType": null
      }
    },
    {
      "RequestUri": "https://saewdd2vjxiyc5a.blob.core.windows.net/000000000000000000000000000000000000/component_with_conditional_output/entry.py?skoid=10e0075d-d0d5-40e7-b6b0-8d2a79376914\u0026sktid=72f988bf-86f1-41af-91ab-2d7cd011db47\u0026skt=000000000000000000000000\u0026ske=000000000000000000000000\u0026sks=b\u0026skv=2019-07-07\u0026sv=2021-08-06\u0026st=2023-02-22T18%3A36%3A25Z\u0026se=2023-02-23T02%3A46%3A25Z\u0026sr=c\u0026sp=rcwl\u0026sig=000000000000000000000000000000000000",
      "RequestMethod": "PUT",
      "RequestHeaders": {
        "Accept": "application/xml",
        "Accept-Encoding": "gzip, deflate",
        "Connection": "keep-alive",
        "Content-Length": "518",
        "Content-MD5": "Ac1w58j\u002BrBZjJNoA4QYJnw==",
        "Content-Type": "application/octet-stream",
        "If-None-Match": "*",
        "User-Agent": "azsdk-python-storage-blob/12.14.1 Python/3.7.9 (Windows-10-10.0.22621-SP0)",
        "x-ms-blob-type": "BlockBlob",
        "x-ms-date": "Wed, 22 Feb 2023 18:46:26 GMT",
        "x-ms-version": "2021-08-06"
      },
      "RequestBody": "IyAtLS0tLS0tLS0tLS0tLS0tLS0tLS0tLS0tLS0tLS0tLS0tLS0tLS0tLS0tLS0tLS0tLS0tLS0tLS0KIyBDb3B5cmlnaHQgKGMpIE1pY3Jvc29mdCBDb3Jwb3JhdGlvbi4gQWxsIHJpZ2h0cyByZXNlcnZlZC4KIyAtLS0tLS0tLS0tLS0tLS0tLS0tLS0tLS0tLS0tLS0tLS0tLS0tLS0tLS0tLS0tLS0tLS0tLS0tLS0KZnJvbSBtbGRlc2lnbmVyIGltcG9ydCBPdXRwdXQsIGNvbW1hbmRfY29tcG9uZW50CgoKQGNvbW1hbmRfY29tcG9uZW50KCkKZGVmIGJhc2ljX2NvbXBvbmVudCgKICAgIG91dHB1dDE6IE91dHB1dCh0eXBlPSJib29sZWFuIiwgaXNfY29udHJvbD1UcnVlKSwKICAgIG91dHB1dDI6IE91dHB1dCh0eXBlPSJib29sZWFuIiwgaXNfY29udHJvbD1UcnVlKSwKICAgIG91dHB1dDM6IE91dHB1dCh0eXBlPSJib29sZWFuIiksCikgLT4gT3V0cHV0KHR5cGU9ImJvb2xlYW4iLCBpc19jb250cm9sPVRydWUpOgogICAgIiIibW9kdWxlIHJ1biBsb2dpYyBnb2VzIGhlcmUiIiIKICAgIHJldHVybiBGYWxzZQo=",
      "StatusCode": 201,
      "ResponseHeaders": {
        "Content-Length": "0",
        "Content-MD5": "Ac1w58j\u002BrBZjJNoA4QYJnw==",
        "Date": "Wed, 22 Feb 2023 18:46:25 GMT",
        "ETag": "\u00220x8DB15051A5171F9\u0022",
        "Last-Modified": "Wed, 22 Feb 2023 18:46:26 GMT",
        "Server": [
          "Windows-Azure-Blob/1.0",
          "Microsoft-HTTPAPI/2.0"
        ],
        "x-ms-content-crc64": "OIJ/NROmGmQ=",
        "x-ms-request-server-encrypted": "true",
        "x-ms-version": "2021-08-06"
      },
      "ResponseBody": null
    },
    {
      "RequestUri": "https://saewdd2vjxiyc5a.blob.core.windows.net/000000000000000000000000000000000000/component_with_conditional_output/spec.yaml?skoid=10e0075d-d0d5-40e7-b6b0-8d2a79376914\u0026sktid=72f988bf-86f1-41af-91ab-2d7cd011db47\u0026skt=000000000000000000000000\u0026ske=000000000000000000000000\u0026sks=b\u0026skv=2019-07-07\u0026sv=2021-08-06\u0026st=2023-02-22T18%3A36%3A25Z\u0026se=2023-02-23T02%3A46%3A25Z\u0026sr=c\u0026sp=rcwl\u0026sig=000000000000000000000000000000000000",
      "RequestMethod": "PUT",
      "RequestHeaders": {
        "Accept": "application/xml",
        "Accept-Encoding": "gzip, deflate",
        "Connection": "keep-alive",
        "Content-Length": "1040",
        "Content-MD5": "SsqQWfYTl1HfpFOCpvuXbA==",
        "Content-Type": "application/octet-stream",
        "If-None-Match": "*",
        "User-Agent": "azsdk-python-storage-blob/12.14.1 Python/3.7.9 (Windows-10-10.0.22621-SP0)",
        "x-ms-blob-type": "BlockBlob",
        "x-ms-date": "Wed, 22 Feb 2023 18:46:26 GMT",
        "x-ms-version": "2021-08-06"
      },
      "RequestBody": "bmFtZTogYmFzaWNfY29tcG9uZW50CnZlcnNpb246ICcxJwpkaXNwbGF5X25hbWU6IGJhc2ljX2NvbXBvbmVudApkZXNjcmlwdGlvbjogbW9kdWxlIHJ1biBsb2dpYyBnb2VzIGhlcmUKdHlwZTogY29tbWFuZApvdXRwdXRzOgogIG91dHB1dDE6CiAgICB0eXBlOiBib29sZWFuCiAgICBpc19jb250cm9sOiB0cnVlCiAgb3V0cHV0MjoKICAgIHR5cGU6IGJvb2xlYW4KICAgIGlzX2NvbnRyb2w6IHRydWUKICBvdXRwdXQzOgogICAgdHlwZTogYm9vbGVhbgogIG91dHB1dDoKICAgIHR5cGU6IGJvb2xlYW4KICAgIGlzX2NvbnRyb2w6IHRydWUKY29tbWFuZDogbWxkZXNpZ25lciBleGVjdXRlIC0tc291cmNlIGVudHJ5LnB5IC0tbmFtZSBiYXNpY19jb21wb25lbnQgLS1vdXRwdXRzCiAgb3V0cHV0MT0ke3tvdXRwdXRzLm91dHB1dDF9fSBvdXRwdXQyPSR7e291dHB1dHMub3V0cHV0Mn19IG91dHB1dDM9JHt7b3V0cHV0cy5vdXRwdXQzfX0KICBvdXRwdXQ9JHt7b3V0cHV0cy5vdXRwdXR9fQplbnZpcm9ubWVudDoKICBuYW1lOiBDbGlWMkFub255bW91c0Vudmlyb25tZW50CiAgdGFnczoge30KICB2ZXJzaW9uOiBkZTMzMGJlNzI5NWE2MDI5MmU2OWU0ZDBhY2EzY2Q2YgogIGltYWdlOiBtY3IubWljcm9zb2Z0LmNvbS9henVyZW1sL29wZW5tcGkzLjEuMi11YnVudHUxOC4wNAogIGNvbmRhX2ZpbGU6CiAgICBuYW1lOiBkZWZhdWx0X2Vudmlyb25tZW50CiAgICBjaGFubmVsczoKICAgIC0gZGVmYXVsdHMKICAgIGRlcGVuZGVuY2llczoKICAgIC0gcHl0aG9uPTMuOC4xMgogICAgLSBwaXA9MjEuMi4yCiAgICAtIHBpcDoKICAgICAgLSAtLWV4dHJhLWluZGV4LXVybD1odHRwczovL2F6dXJlbWxzZGt0ZXN0cHlwaS5henVyZWVkZ2UubmV0L3Nkay1jbGktdjIKICAgICAgLSBtbGRlc2lnbmVyPT0wLjAuNzIyMTI3NTUKICAgICAgLSBtbGZsb3cKICAgICAgLSBhenVyZW1sLW1sZmxvdwpjb2RlOiAuLwp0YWdzOgogIGNvZGVnZW5CeTogbWxkZXNpZ25lcgppc19kZXRlcm1pbmlzdGljOiB0cnVlCmVudmlyb25tZW50X3ZhcmlhYmxlczoge30=",
      "StatusCode": 201,
      "ResponseHeaders": {
        "Content-Length": "0",
        "Content-MD5": "SsqQWfYTl1HfpFOCpvuXbA==",
        "Date": "Wed, 22 Feb 2023 18:46:25 GMT",
        "ETag": "\u00220x8DB15051A734CBE\u0022",
        "Last-Modified": "Wed, 22 Feb 2023 18:46:26 GMT",
        "Server": [
          "Windows-Azure-Blob/1.0",
          "Microsoft-HTTPAPI/2.0"
        ],
        "x-ms-content-crc64": "7B9DDCWTymA=",
        "x-ms-request-server-encrypted": "true",
        "x-ms-version": "2021-08-06"
      },
      "ResponseBody": null
    },
    {
      "RequestUri": "https://saewdd2vjxiyc5a.blob.core.windows.net/000000000000000000000000000000000000/src/hello.py?skoid=10e0075d-d0d5-40e7-b6b0-8d2a79376914\u0026sktid=72f988bf-86f1-41af-91ab-2d7cd011db47\u0026skt=000000000000000000000000\u0026ske=000000000000000000000000\u0026sks=b\u0026skv=2019-07-07\u0026sv=2021-08-06\u0026st=2023-02-22T18%3A36%3A26Z\u0026se=2023-02-23T02%3A46%3A26Z\u0026sr=c\u0026sp=rcwl\u0026sig=000000000000000000000000000000000000",
      "RequestMethod": "HEAD",
      "RequestHeaders": {
        "Accept": "application/xml",
        "Accept-Encoding": "gzip, deflate",
        "Connection": "keep-alive",
        "User-Agent": "azsdk-python-storage-blob/12.14.1 Python/3.7.9 (Windows-10-10.0.22621-SP0)",
        "x-ms-date": "Wed, 22 Feb 2023 18:46:26 GMT",
        "x-ms-version": "2021-08-06"
      },
      "RequestBody": null,
      "StatusCode": 404,
      "ResponseHeaders": {
        "Date": "Wed, 22 Feb 2023 18:46:25 GMT",
        "Server": [
          "Windows-Azure-Blob/1.0",
          "Microsoft-HTTPAPI/2.0"
        ],
        "Transfer-Encoding": "chunked",
        "Vary": "Origin",
        "x-ms-error-code": "BlobNotFound",
        "x-ms-version": "2021-08-06"
      },
      "ResponseBody": null
    },
    {
      "RequestUri": "https://saewdd2vjxiyc5a.blob.core.windows.net/000000000000000000000000000000000000/component_with_conditional_output/entry.py?comp=metadata\u0026skoid=10e0075d-d0d5-40e7-b6b0-8d2a79376914\u0026sktid=72f988bf-86f1-41af-91ab-2d7cd011db47\u0026skt=000000000000000000000000\u0026ske=000000000000000000000000\u0026sks=b\u0026skv=2019-07-07\u0026sv=2021-08-06\u0026st=2023-02-22T18%3A36%3A25Z\u0026se=2023-02-23T02%3A46%3A25Z\u0026sr=c\u0026sp=rcwl\u0026sig=000000000000000000000000000000000000",
      "RequestMethod": "PUT",
      "RequestHeaders": {
        "Accept": "application/xml",
        "Accept-Encoding": "gzip, deflate",
        "Connection": "keep-alive",
        "Content-Length": "0",
        "User-Agent": "azsdk-python-storage-blob/12.14.1 Python/3.7.9 (Windows-10-10.0.22621-SP0)",
        "x-ms-date": "Wed, 22 Feb 2023 18:46:26 GMT",
        "x-ms-meta-name": "000000000000000000000",
        "x-ms-meta-upload_status": "completed",
        "x-ms-meta-version": "1",
        "x-ms-version": "2021-08-06"
      },
      "RequestBody": null,
      "StatusCode": 200,
      "ResponseHeaders": {
        "Content-Length": "0",
        "Date": "Wed, 22 Feb 2023 18:46:26 GMT",
        "ETag": "\u00220x8DB15051AACCAAA\u0022",
        "Last-Modified": "Wed, 22 Feb 2023 18:46:26 GMT",
        "Server": [
          "Windows-Azure-Blob/1.0",
          "Microsoft-HTTPAPI/2.0"
        ],
        "x-ms-request-server-encrypted": "true",
        "x-ms-version": "2021-08-06"
      },
      "ResponseBody": null
    },
    {
      "RequestUri": "https://saewdd2vjxiyc5a.blob.core.windows.net/000000000000000000000000000000000000/src/hello.py?skoid=10e0075d-d0d5-40e7-b6b0-8d2a79376914\u0026sktid=72f988bf-86f1-41af-91ab-2d7cd011db47\u0026skt=000000000000000000000000\u0026ske=000000000000000000000000\u0026sks=b\u0026skv=2019-07-07\u0026sv=2021-08-06\u0026st=2023-02-22T18%3A36%3A26Z\u0026se=2023-02-23T02%3A46%3A26Z\u0026sr=c\u0026sp=rcwl\u0026sig=000000000000000000000000000000000000",
      "RequestMethod": "PUT",
      "RequestHeaders": {
        "Accept": "application/xml",
        "Accept-Encoding": "gzip, deflate",
        "Connection": "keep-alive",
        "Content-Length": "157",
        "Content-MD5": "HnsVMIZTPoAQQtYh0ASU2Q==",
        "Content-Type": "application/octet-stream",
        "If-None-Match": "*",
        "User-Agent": "azsdk-python-storage-blob/12.14.1 Python/3.7.9 (Windows-10-10.0.22621-SP0)",
        "x-ms-blob-type": "BlockBlob",
        "x-ms-date": "Wed, 22 Feb 2023 18:46:26 GMT",
        "x-ms-version": "2021-08-06"
      },
      "RequestBody": "cHJpbnQoIkhlbGxvIFB5dGhvbiBXb3JsZFxuSSB0ZWxsIGEgbmV3IGpva2UgZWFjaCB0aW1lIHlvdSBydW4gbWUuIFRvZGF5J3Mgam9rZTpcbiIpCgppbXBvcnQgcHlqb2tlcwoKcHJpbnQocHlqb2tlcy5nZXRfam9rZSgpKQoKcHJpbnQoIlxuSG93IHdhcyBpdD8/XG5cbiIpCg==",
      "StatusCode": 201,
      "ResponseHeaders": {
        "Content-Length": "0",
        "Content-MD5": "HnsVMIZTPoAQQtYh0ASU2Q==",
        "Date": "Wed, 22 Feb 2023 18:46:26 GMT",
        "ETag": "\u00220x8DB15051AC2724B\u0022",
        "Last-Modified": "Wed, 22 Feb 2023 18:46:27 GMT",
        "Server": [
          "Windows-Azure-Blob/1.0",
          "Microsoft-HTTPAPI/2.0"
        ],
        "x-ms-content-crc64": "FyeDlHCNq\u002BQ=",
        "x-ms-request-server-encrypted": "true",
        "x-ms-version": "2021-08-06"
      },
      "ResponseBody": null
    },
    {
      "RequestUri": "https://saewdd2vjxiyc5a.blob.core.windows.net/000000000000000000000000000000000000/src/hello.py?comp=metadata\u0026skoid=10e0075d-d0d5-40e7-b6b0-8d2a79376914\u0026sktid=72f988bf-86f1-41af-91ab-2d7cd011db47\u0026skt=000000000000000000000000\u0026ske=000000000000000000000000\u0026sks=b\u0026skv=2019-07-07\u0026sv=2021-08-06\u0026st=2023-02-22T18%3A36%3A26Z\u0026se=2023-02-23T02%3A46%3A26Z\u0026sr=c\u0026sp=rcwl\u0026sig=000000000000000000000000000000000000",
      "RequestMethod": "PUT",
      "RequestHeaders": {
        "Accept": "application/xml",
        "Accept-Encoding": "gzip, deflate",
        "Connection": "keep-alive",
        "Content-Length": "0",
        "User-Agent": "azsdk-python-storage-blob/12.14.1 Python/3.7.9 (Windows-10-10.0.22621-SP0)",
        "x-ms-date": "Wed, 22 Feb 2023 18:46:27 GMT",
        "x-ms-meta-name": "000000000000000000000",
        "x-ms-meta-upload_status": "completed",
        "x-ms-meta-version": "1",
        "x-ms-version": "2021-08-06"
      },
      "RequestBody": null,
      "StatusCode": 200,
      "ResponseHeaders": {
        "Content-Length": "0",
        "Date": "Wed, 22 Feb 2023 18:46:26 GMT",
        "ETag": "\u00220x8DB15051ADBC2D7\u0022",
        "Last-Modified": "Wed, 22 Feb 2023 18:46:27 GMT",
        "Server": [
          "Windows-Azure-Blob/1.0",
          "Microsoft-HTTPAPI/2.0"
        ],
        "x-ms-request-server-encrypted": "true",
        "x-ms-version": "2021-08-06"
      },
      "ResponseBody": null
    },
    {
      "RequestUri": "https://management.azure.com/subscriptions/00000000-0000-0000-0000-000000000/resourceGroups/00000/providers/Microsoft.MachineLearningServices/workspaces/00000/codes/000000000000000000000/versions/1?api-version=2022-05-01",
      "RequestMethod": "PUT",
      "RequestHeaders": {
        "Accept": "application/json",
        "Accept-Encoding": "gzip, deflate",
        "Connection": "keep-alive",
        "Content-Length": "263",
        "Content-Type": "application/json",
        "User-Agent": "azure-ai-ml/1.5.0 azsdk-python-mgmt-machinelearningservices/0.1.0 Python/3.7.9 (Windows-10-10.0.22621-SP0)"
      },
      "RequestBody": {
        "properties": {
          "properties": {
            "hash_sha256": "0000000000000",
            "hash_version": "0000000000000"
          },
          "isAnonymous": true,
          "isArchived": false,
          "codeUri": "https://saewdd2vjxiyc5a.blob.core.windows.net:443/000000000000000000000000000000000000/component_with_conditional_output"
        }
      },
      "StatusCode": 201,
      "ResponseHeaders": {
        "Cache-Control": "no-cache",
        "Content-Length": "776",
        "Content-Type": "application/json; charset=utf-8",
        "Date": "Wed, 22 Feb 2023 18:46:27 GMT",
        "Expires": "-1",
        "Location": "https://management.azure.com/subscriptions/00000000-0000-0000-0000-000000000/resourceGroups/00000/providers/Microsoft.MachineLearningServices/workspaces/00000/codes/000000000000000000000/versions/1?api-version=2022-05-01",
        "Pragma": "no-cache",
        "Request-Context": "appId=cid-v1:2d2e8e63-272e-4b3c-8598-4ee570a0e70d",
        "Server-Timing": "traceparent;desc=\u002200-c93d6afb41c5efbf1bd5ca0af2195e02-107b0fe61f3108f8-01\u0022",
        "Strict-Transport-Security": "max-age=31536000; includeSubDomains",
        "x-aml-cluster": "vienna-eastus2-01",
        "X-Content-Type-Options": "nosniff",
        "x-ms-correlation-request-id": "6d635049-3cec-403f-994c-44b59f242b27",
        "x-ms-ratelimit-remaining-subscription-writes": "1196",
        "x-ms-response-type": "standard",
        "x-ms-routing-request-id": "WESTUS2:20230222T184628Z:6d635049-3cec-403f-994c-44b59f242b27",
        "x-request-time": "1.250"
      },
      "ResponseBody": {
        "id": "/subscriptions/00000000-0000-0000-0000-000000000/resourceGroups/00000/providers/Microsoft.MachineLearningServices/workspaces/00000/codes/000000000000000000000/versions/1",
        "name": "1",
        "type": "Microsoft.MachineLearningServices/workspaces/codes/versions",
        "properties": {
          "description": null,
          "tags": {},
          "properties": {
            "hash_sha256": "0000000000000",
            "hash_version": "0000000000000"
          },
          "isArchived": false,
          "isAnonymous": false,
          "codeUri": "https://saewdd2vjxiyc5a.blob.core.windows.net:443/000000000000000000000000000000000000/component_with_conditional_output"
        },
        "systemData": {
          "createdAt": "2023-02-22T18:46:27.5774441\u002B00:00",
          "createdBy": "Diondra Peck",
          "createdByType": "User",
          "lastModifiedAt": "2023-02-22T18:46:27.5774441\u002B00:00",
          "lastModifiedBy": "Diondra Peck",
          "lastModifiedByType": "User"
        }
      }
    },
    {
      "RequestUri": "https://management.azure.com/subscriptions/00000000-0000-0000-0000-000000000/resourceGroups/00000/providers/Microsoft.MachineLearningServices/workspaces/00000/codes/000000000000000000000/versions/1?api-version=2022-05-01",
      "RequestMethod": "PUT",
      "RequestHeaders": {
        "Accept": "application/json",
        "Accept-Encoding": "gzip, deflate",
        "Connection": "keep-alive",
        "Content-Length": "233",
        "Content-Type": "application/json",
        "User-Agent": "azure-ai-ml/1.5.0 azsdk-python-mgmt-machinelearningservices/0.1.0 Python/3.7.9 (Windows-10-10.0.22621-SP0)"
      },
      "RequestBody": {
        "properties": {
          "properties": {
            "hash_sha256": "0000000000000",
            "hash_version": "0000000000000"
          },
          "isAnonymous": true,
          "isArchived": false,
          "codeUri": "https://saewdd2vjxiyc5a.blob.core.windows.net:443/000000000000000000000000000000000000/src"
        }
      },
      "StatusCode": 201,
      "ResponseHeaders": {
        "Cache-Control": "no-cache",
        "Content-Length": "746",
        "Content-Type": "application/json; charset=utf-8",
        "Date": "Wed, 22 Feb 2023 18:46:28 GMT",
        "Expires": "-1",
        "Location": "https://management.azure.com/subscriptions/00000000-0000-0000-0000-000000000/resourceGroups/00000/providers/Microsoft.MachineLearningServices/workspaces/00000/codes/000000000000000000000/versions/1?api-version=2022-05-01",
        "Pragma": "no-cache",
        "Request-Context": "appId=cid-v1:2d2e8e63-272e-4b3c-8598-4ee570a0e70d",
        "Server-Timing": "traceparent;desc=\u002200-d45cd85f6ab252bd09f0aae3a1c14f0b-d711de779c9e2e51-01\u0022",
        "Strict-Transport-Security": "max-age=31536000; includeSubDomains",
        "x-aml-cluster": "vienna-eastus2-01",
        "X-Content-Type-Options": "nosniff",
        "x-ms-correlation-request-id": "39466fbc-6342-4d0e-8999-b49a722b6032",
        "x-ms-ratelimit-remaining-subscription-writes": "1199",
        "x-ms-response-type": "standard",
        "x-ms-routing-request-id": "WESTUS2:20230222T184629Z:39466fbc-6342-4d0e-8999-b49a722b6032",
        "x-request-time": "0.832"
      },
      "ResponseBody": {
        "id": "/subscriptions/00000000-0000-0000-0000-000000000/resourceGroups/00000/providers/Microsoft.MachineLearningServices/workspaces/00000/codes/000000000000000000000/versions/1",
        "name": "1",
        "type": "Microsoft.MachineLearningServices/workspaces/codes/versions",
        "properties": {
          "description": null,
          "tags": {},
          "properties": {
            "hash_sha256": "0000000000000",
            "hash_version": "0000000000000"
          },
          "isArchived": false,
          "isAnonymous": false,
          "codeUri": "https://saewdd2vjxiyc5a.blob.core.windows.net:443/000000000000000000000000000000000000/src"
        },
        "systemData": {
          "createdAt": "2023-02-22T18:46:28.5757928\u002B00:00",
          "createdBy": "Diondra Peck",
          "createdByType": "User",
          "lastModifiedAt": "2023-02-22T18:46:28.5757928\u002B00:00",
          "lastModifiedBy": "Diondra Peck",
          "lastModifiedByType": "User"
        }
      }
    },
    {
      "RequestUri": "https://management.azure.com/subscriptions/00000000-0000-0000-0000-000000000/resourceGroups/00000/providers/Microsoft.MachineLearningServices/workspaces/00000/components/azureml_anonymous/versions/000000000000000000000?api-version=2022-10-01",
      "RequestMethod": "PUT",
      "RequestHeaders": {
        "Accept": "application/json",
        "Accept-Encoding": "gzip, deflate",
        "Connection": "keep-alive",
        "Content-Length": "1238",
        "Content-Type": "application/json",
        "User-Agent": "azure-ai-ml/1.5.0 azsdk-python-mgmt-machinelearningservices/0.1.0 Python/3.7.9 (Windows-10-10.0.22621-SP0)"
      },
      "RequestBody": {
        "properties": {
          "description": "module run logic goes here",
          "properties": {},
          "tags": {
            "codegenBy": "mldesigner"
          },
          "isAnonymous": true,
          "isArchived": false,
          "componentSpec": {
            "command": "mldesigner execute --source entry.py --name basic_component --outputs output1=${{outputs.output1}} output2=${{outputs.output2}} output3=${{outputs.output3}} output=${{outputs.output}}",
            "code": "azureml:/subscriptions/00000000-0000-0000-0000-000000000/resourceGroups/00000/providers/Microsoft.MachineLearningServices/workspaces/00000/codes/000000000000000000000/versions/1",
            "environment": "azureml:/subscriptions/00000000-0000-0000-0000-000000000/resourceGroups/00000/providers/Microsoft.MachineLearningServices/workspaces/00000/environments/CliV2AnonymousEnvironment/versions/de330be7295a60292e69e4d0aca3cd6b",
            "name": "azureml_anonymous",
            "description": "module run logic goes here",
            "tags": {
              "codegenBy": "mldesigner"
            },
            "version": "1",
            "display_name": "basic_component",
            "is_deterministic": true,
            "outputs": {
              "output1": {
                "type": "boolean",
                "is_control": true
              },
              "output2": {
                "type": "boolean",
                "is_control": true
              },
              "output3": {
                "type": "boolean"
              },
              "output": {
                "type": "boolean",
                "is_control": true
              }
            },
            "type": "command",
            "_source": "YAML.COMPONENT"
          }
        }
      },
      "StatusCode": 201,
      "ResponseHeaders": {
        "Cache-Control": "no-cache",
        "Content-Length": "2237",
        "Content-Type": "application/json; charset=utf-8",
        "Date": "Wed, 22 Feb 2023 18:46:29 GMT",
        "Expires": "-1",
        "Location": "https://management.azure.com/subscriptions/00000000-0000-0000-0000-000000000/resourceGroups/00000/providers/Microsoft.MachineLearningServices/workspaces/00000/components/azureml_anonymous/versions/000000000000000000000?api-version=2022-10-01",
        "Pragma": "no-cache",
        "Request-Context": "appId=cid-v1:2d2e8e63-272e-4b3c-8598-4ee570a0e70d",
        "Server-Timing": "traceparent;desc=\u002200-0d697dc011b90f20161af675c0bd172c-b7d5808e39a958d9-01\u0022",
        "Strict-Transport-Security": "max-age=31536000; includeSubDomains",
        "x-aml-cluster": "vienna-eastus2-01",
        "X-Content-Type-Options": "nosniff",
        "x-ms-correlation-request-id": "a91db9b7-1bc0-4cf4-9e2d-66637ae82630",
        "x-ms-ratelimit-remaining-subscription-writes": "1195",
        "x-ms-response-type": "standard",
        "x-ms-routing-request-id": "WESTUS2:20230222T184630Z:a91db9b7-1bc0-4cf4-9e2d-66637ae82630",
        "x-request-time": "1.418"
      },
      "ResponseBody": {
        "id": "/subscriptions/00000000-0000-0000-0000-000000000/resourceGroups/00000/providers/Microsoft.MachineLearningServices/workspaces/00000/components/azureml_anonymous/versions/f0afdfe7-e2f8-4945-a2e1-c3965b122d35",
        "name": "f0afdfe7-e2f8-4945-a2e1-c3965b122d35",
        "type": "Microsoft.MachineLearningServices/workspaces/components/versions",
        "properties": {
          "description": null,
          "tags": {
            "codegenBy": "mldesigner"
          },
          "properties": {},
          "isArchived": false,
          "isAnonymous": true,
          "componentSpec": {
            "name": "azureml_anonymous",
            "version": "1",
            "display_name": "basic_component",
            "is_deterministic": "True",
            "type": "command",
            "description": "module run logic goes here",
            "tags": {
              "codegenBy": "mldesigner"
            },
            "outputs": {
              "output1": {
                "type": "boolean",
                "is_control": "True"
              },
              "output2": {
                "type": "boolean",
                "is_control": "True"
              },
              "output3": {
                "type": "boolean"
              },
              "output": {
                "type": "boolean",
                "is_control": "True"
              }
            },
            "code": "azureml:/subscriptions/00000000-0000-0000-0000-000000000/resourceGroups/00000/providers/Microsoft.MachineLearningServices/workspaces/00000/codes/000000000000000000000/versions/1",
            "environment": "azureml:/subscriptions/00000000-0000-0000-0000-000000000/resourceGroups/00000/providers/Microsoft.MachineLearningServices/workspaces/00000/environments/CliV2AnonymousEnvironment/versions/de330be7295a60292e69e4d0aca3cd6b",
            "resources": {
              "instance_count": "1"
            },
            "command": "mldesigner execute --source entry.py --name basic_component --outputs output1=${{outputs.output1}} output2=${{outputs.output2}} output3=${{outputs.output3}} output=${{outputs.output}}",
            "$schema": "https://componentsdk.azureedge.net/jsonschema/CommandComponent.json"
          }
        },
        "systemData": {
          "createdAt": "2023-02-22T18:46:30.2805819\u002B00:00",
          "createdBy": "Diondra Peck",
          "createdByType": "User",
          "lastModifiedAt": "2023-02-22T18:46:30.2805819\u002B00:00",
          "lastModifiedBy": "Diondra Peck",
          "lastModifiedByType": "User"
        }
      }
    },
    {
      "RequestUri": "https://management.azure.com/subscriptions/00000000-0000-0000-0000-000000000/resourceGroups/00000/providers/Microsoft.MachineLearningServices/workspaces/00000/components/azureml_anonymous/versions/000000000000000000000?api-version=2022-10-01",
      "RequestMethod": "PUT",
      "RequestHeaders": {
        "Accept": "application/json",
        "Accept-Encoding": "gzip, deflate",
        "Connection": "keep-alive",
        "Content-Length": "948",
        "Content-Type": "application/json",
        "User-Agent": "azure-ai-ml/1.5.0 azsdk-python-mgmt-machinelearningservices/0.1.0 Python/3.7.9 (Windows-10-10.0.22621-SP0)"
      },
      "RequestBody": {
        "properties": {
          "properties": {},
          "tags": {},
          "isAnonymous": true,
          "isArchived": false,
          "componentSpec": {
            "command": "echo ${{inputs.component_in_number}} \u0026 python hello.py",
            "code": "azureml:/subscriptions/00000000-0000-0000-0000-000000000/resourceGroups/00000/providers/Microsoft.MachineLearningServices/workspaces/00000/codes/000000000000000000000/versions/1",
            "environment": "azureml:/subscriptions/00000000-0000-0000-0000-000000000/resourceGroups/00000/providers/Microsoft.MachineLearningServices/workspaces/00000/environments/CliV2AnonymousEnvironment/versions/17c075d9307dbb12fb04c2cbf7087b50",
            "name": "azureml_anonymous",
            "version": "1",
            "$schema": "https://azuremlschemas.azureedge.net/latest/commandComponent.schema.json",
            "display_name": "Hello_Python_World",
            "is_deterministic": true,
            "inputs": {
              "component_in_number": {
                "type": "number",
                "optional": false,
                "description": "A number"
              }
            },
            "type": "command",
            "_source": "YAML.COMPONENT"
          }
        }
      },
      "StatusCode": 201,
      "ResponseHeaders": {
        "Cache-Control": "no-cache",
        "Content-Length": "1770",
        "Content-Type": "application/json; charset=utf-8",
        "Date": "Wed, 22 Feb 2023 18:46:30 GMT",
        "Expires": "-1",
        "Location": "https://management.azure.com/subscriptions/00000000-0000-0000-0000-000000000/resourceGroups/00000/providers/Microsoft.MachineLearningServices/workspaces/00000/components/azureml_anonymous/versions/000000000000000000000?api-version=2022-10-01",
        "Pragma": "no-cache",
        "Request-Context": "appId=cid-v1:2d2e8e63-272e-4b3c-8598-4ee570a0e70d",
        "Server-Timing": "traceparent;desc=\u002200-165eb76a59256bece25e565131def953-0cb952355c536046-01\u0022",
        "Strict-Transport-Security": "max-age=31536000; includeSubDomains",
        "x-aml-cluster": "vienna-eastus2-01",
        "X-Content-Type-Options": "nosniff",
        "x-ms-correlation-request-id": "560b3322-b8cb-407d-adb4-b6bab6cb343d",
        "x-ms-ratelimit-remaining-subscription-writes": "1198",
        "x-ms-response-type": "standard",
        "x-ms-routing-request-id": "WESTUS2:20230222T184630Z:560b3322-b8cb-407d-adb4-b6bab6cb343d",
        "x-request-time": "0.837"
      },
      "ResponseBody": {
        "id": "/subscriptions/00000000-0000-0000-0000-000000000/resourceGroups/00000/providers/Microsoft.MachineLearningServices/workspaces/00000/components/azureml_anonymous/versions/4b306666-7e76-442b-957f-cbb5f3f524cd",
        "name": "4b306666-7e76-442b-957f-cbb5f3f524cd",
        "type": "Microsoft.MachineLearningServices/workspaces/components/versions",
        "properties": {
          "description": null,
          "tags": {},
          "properties": {},
          "isArchived": false,
          "isAnonymous": true,
          "componentSpec": {
            "name": "azureml_anonymous",
            "version": "1",
            "display_name": "Hello_Python_World",
            "is_deterministic": "True",
            "type": "command",
            "inputs": {
              "component_in_number": {
                "type": "number",
                "optional": "False",
                "description": "A number"
              }
            },
            "code": "azureml:/subscriptions/00000000-0000-0000-0000-000000000/resourceGroups/00000/providers/Microsoft.MachineLearningServices/workspaces/00000/codes/000000000000000000000/versions/1",
            "environment": "azureml:/subscriptions/00000000-0000-0000-0000-000000000/resourceGroups/00000/providers/Microsoft.MachineLearningServices/workspaces/00000/environments/CliV2AnonymousEnvironment/versions/17c075d9307dbb12fb04c2cbf7087b50",
            "resources": {
              "instance_count": "1"
            },
            "command": "echo ${{inputs.component_in_number}} \u0026 python hello.py",
            "$schema": "https://azuremlschemas.azureedge.net/latest/commandComponent.schema.json"
          }
        },
        "systemData": {
          "createdAt": "2023-02-22T18:46:30.567498\u002B00:00",
          "createdBy": "Diondra Peck",
          "createdByType": "User",
          "lastModifiedAt": "2023-02-22T18:46:30.567498\u002B00:00",
          "lastModifiedBy": "Diondra Peck",
          "lastModifiedByType": "User"
        }
      }
    },
    {
      "RequestUri": "https://management.azure.com/subscriptions/00000000-0000-0000-0000-000000000/resourceGroups/00000/providers/Microsoft.MachineLearningServices/workspaces/00000/components/azureml_anonymous/versions/000000000000000000000?api-version=2022-10-01",
      "RequestMethod": "PUT",
      "RequestHeaders": {
        "Accept": "application/json",
        "Accept-Encoding": "gzip, deflate",
        "Connection": "keep-alive",
        "Content-Length": "1667",
        "Content-Type": "application/json",
        "User-Agent": "azure-ai-ml/1.5.0 azsdk-python-mgmt-machinelearningservices/0.1.0 Python/3.7.9 (Windows-10-10.0.22621-SP0)"
      },
      "RequestBody": {
        "properties": {
          "properties": {},
          "tags": {},
          "isAnonymous": true,
          "isArchived": false,
          "componentSpec": {
            "settings": {
              "default_compute": "azureml:cpu-cluster"
            },
            "name": "azureml_anonymous",
            "version": "1",
            "$schema": "https://azuremlschemas.azureedge.net/latest/pipelineJob.schema.json",
            "display_name": "condition_pipeline",
            "type": "pipeline",
            "jobs": {
              "result": {
                "name": "result",
                "type": "command",
                "_source": "YAML.COMPONENT",
                "componentId": "/subscriptions/00000000-0000-0000-0000-000000000/resourceGroups/00000/providers/Microsoft.MachineLearningServices/workspaces/00000/components/azureml_anonymous/versions/f0afdfe7-e2f8-4945-a2e1-c3965b122d35"
              },
              "node1": {
                "name": "node1",
                "type": "command",
                "inputs": {
                  "component_in_number": {
                    "job_input_type": "literal",
                    "value": "1"
                  }
                },
                "_source": "YAML.COMPONENT",
                "componentId": "/subscriptions/00000000-0000-0000-0000-000000000/resourceGroups/00000/providers/Microsoft.MachineLearningServices/workspaces/00000/components/azureml_anonymous/versions/4b306666-7e76-442b-957f-cbb5f3f524cd"
              },
              "node2": {
                "name": "node2",
                "type": "command",
                "inputs": {
                  "component_in_number": {
                    "job_input_type": "literal",
                    "value": "2"
                  }
                },
                "_source": "YAML.COMPONENT",
                "componentId": "/subscriptions/00000000-0000-0000-0000-000000000/resourceGroups/00000/providers/Microsoft.MachineLearningServices/workspaces/00000/components/azureml_anonymous/versions/4b306666-7e76-442b-957f-cbb5f3f524cd"
              },
              "conditionnode": {
                "type": "if_else",
                "condition": "${{parent.jobs.result.outputs.output}}",
                "true_block": "${{parent.jobs.node2}}",
                "false_block": "${{parent.jobs.node1}}",
                "_source": "YAML.JOB"
              }
            },
            "_source": "YAML.COMPONENT",
            "sourceJobId": null
          }
        }
      },
      "StatusCode": 201,
      "ResponseHeaders": {
        "Cache-Control": "no-cache",
        "Content-Length": "1030",
        "Content-Type": "application/json; charset=utf-8",
        "Date": "Wed, 22 Feb 2023 18:46:37 GMT",
        "Expires": "-1",
        "Location": "https://management.azure.com/subscriptions/00000000-0000-0000-0000-000000000/resourceGroups/00000/providers/Microsoft.MachineLearningServices/workspaces/00000/components/azureml_anonymous/versions/000000000000000000000?api-version=2022-10-01",
        "Pragma": "no-cache",
        "Request-Context": "appId=cid-v1:2d2e8e63-272e-4b3c-8598-4ee570a0e70d",
        "Server-Timing": "traceparent;desc=\u002200-e34456e9970808f84d39e062efc681dc-3a620215d5c14269-01\u0022",
        "Strict-Transport-Security": "max-age=31536000; includeSubDomains",
        "x-aml-cluster": "vienna-eastus2-01",
        "X-Content-Type-Options": "nosniff",
        "x-ms-correlation-request-id": "9932bf22-91f0-400d-bc9d-1a5d007e2242",
        "x-ms-ratelimit-remaining-subscription-writes": "1197",
        "x-ms-response-type": "standard",
        "x-ms-routing-request-id": "WESTUS2:20230222T184637Z:9932bf22-91f0-400d-bc9d-1a5d007e2242",
        "x-request-time": "5.527"
      },
      "ResponseBody": {
        "id": "/subscriptions/00000000-0000-0000-0000-000000000/resourceGroups/00000/providers/Microsoft.MachineLearningServices/workspaces/00000/components/azureml_anonymous/versions/b2349647-556f-4c30-a5cf-e434882faa2d",
        "name": "b2349647-556f-4c30-a5cf-e434882faa2d",
        "type": "Microsoft.MachineLearningServices/workspaces/components/versions",
        "properties": {
          "description": null,
          "tags": {},
          "properties": {},
          "isArchived": false,
          "isAnonymous": true,
          "componentSpec": {
            "name": "azureml_anonymous",
            "version": "1",
            "display_name": "condition_pipeline",
            "is_deterministic": "False",
            "type": "pipeline",
            "$schema": "https://azuremlschemas.azureedge.net/latest/pipelineJob.schema.json"
          }
        },
        "systemData": {
          "createdAt": "2023-02-22T18:46:37.1385846\u002B00:00",
          "createdBy": "Diondra Peck",
          "createdByType": "User",
          "lastModifiedAt": "2023-02-22T18:46:37.1385846\u002B00:00",
          "lastModifiedBy": "Diondra Peck",
          "lastModifiedByType": "User"
        }
      }
    },
    {
      "RequestUri": "https://management.azure.com/subscriptions/00000000-0000-0000-0000-000000000/resourceGroups/00000/providers/Microsoft.MachineLearningServices/workspaces/00000/jobs/000000000000000000000?api-version=2022-12-01-preview",
      "RequestMethod": "PUT",
      "RequestHeaders": {
        "Accept": "application/json",
        "Accept-Encoding": "gzip, deflate",
        "Connection": "keep-alive",
        "Content-Length": "736",
        "Content-Type": "application/json",
        "User-Agent": "azure-ai-ml/1.5.0 azsdk-python-mgmt-machinelearningservices/0.1.0 Python/3.7.9 (Windows-10-10.0.22621-SP0)"
      },
      "RequestBody": {
        "properties": {
          "description": "A pipeline job created against a pipeline component",
          "properties": {},
          "tags": {},
          "componentId": "/subscriptions/00000000-0000-0000-0000-000000000/resourceGroups/00000/providers/Microsoft.MachineLearningServices/workspaces/00000/components/azureml_anonymous/versions/b2349647-556f-4c30-a5cf-e434882faa2d",
          "displayName": "pipeline_job_from_pipeline_component",
          "experimentName": "azure-ai-ml",
          "isArchived": false,
          "jobType": "Pipeline",
          "inputs": {},
          "jobs": {},
          "outputs": {},
          "settings": {
            "default_compute": "/subscriptions/00000000-0000-0000-0000-000000000/resourceGroups/00000/providers/Microsoft.MachineLearningServices/workspaces/00000/computes/cpu-cluster",
            "_source": "REMOTE.WORKSPACE.JOB"
          }
        }
      },
      "StatusCode": 201,
      "ResponseHeaders": {
        "Cache-Control": "no-cache",
        "Content-Length": "2768",
        "Content-Type": "application/json; charset=utf-8",
        "Date": "Wed, 22 Feb 2023 18:46:41 GMT",
        "Expires": "-1",
        "Location": "https://management.azure.com/subscriptions/00000000-0000-0000-0000-000000000/resourceGroups/00000/providers/Microsoft.MachineLearningServices/workspaces/00000/jobs/000000000000000000000?api-version=2022-12-01-preview",
        "Pragma": "no-cache",
        "Request-Context": "appId=cid-v1:2d2e8e63-272e-4b3c-8598-4ee570a0e70d",
        "Server-Timing": "traceparent;desc=\u002200-1f2408e513b51360e10122cb5972de88-57fd20f305ea86d2-01\u0022",
        "Strict-Transport-Security": "max-age=31536000; includeSubDomains",
        "x-aml-cluster": "vienna-eastus2-01",
        "X-Content-Type-Options": "nosniff",
        "x-ms-correlation-request-id": "34303d67-7b1e-4487-8119-24963a8ebcdf",
        "x-ms-ratelimit-remaining-subscription-writes": "1196",
        "x-ms-response-type": "standard",
        "x-ms-routing-request-id": "WESTUS2:20230222T184641Z:34303d67-7b1e-4487-8119-24963a8ebcdf",
        "x-request-time": "2.347"
      },
      "ResponseBody": {
        "id": "/subscriptions/00000000-0000-0000-0000-000000000/resourceGroups/00000/providers/Microsoft.MachineLearningServices/workspaces/00000/jobs/000000000000000000000",
        "name": "000000000000000000000",
        "type": "Microsoft.MachineLearningServices/workspaces/jobs",
        "properties": {
          "description": "A pipeline job created against a pipeline component",
          "tags": {},
          "properties": {
            "azureml.SourceComponentId": "/subscriptions/00000000-0000-0000-0000-000000000/resourceGroups/00000/providers/Microsoft.MachineLearningServices/workspaces/00000/components/azureml_anonymous/versions/b2349647-556f-4c30-a5cf-e434882faa2d",
            "azureml.DevPlatv2": "true",
            "azureml.runsource": "azureml.PipelineRun",
            "runSource": "MFE",
            "runType": "HTTP",
            "azureml.parameters": "{}",
            "azureml.continue_on_step_failure": "True",
            "azureml.continue_on_failed_optional_input": "True",
            "azureml.defaultComputeName": "cpu-cluster",
            "azureml.defaultDataStoreName": "workspaceblobstore",
            "azureml.pipelineComponent": "pipelinerun"
          },
          "displayName": "pipeline_job_from_pipeline_component",
          "status": "Preparing",
          "experimentName": "azure-ai-ml",
          "services": {
            "Tracking": {
              "jobServiceType": "Tracking",
              "port": null,
              "endpoint": "azureml://eastus2.api.azureml.ms/mlflow/v1.0/subscriptions/00000000-0000-0000-0000-000000000/resourceGroups/00000/providers/Microsoft.MachineLearningServices/workspaces/00000?",
              "status": null,
              "errorMessage": null,
              "properties": null,
              "nodes": null
            },
            "Studio": {
              "jobServiceType": "Studio",
              "port": null,
              "endpoint": "https://ml.azure.com/runs/000000000000000000000?wsid=/subscriptions/00000000-0000-0000-0000-000000000/resourcegroups/00000/workspaces/00000",
              "status": null,
              "errorMessage": null,
              "properties": null,
              "nodes": null
            }
          },
          "computeId": null,
          "isArchived": false,
          "identity": null,
          "componentId": "/subscriptions/00000000-0000-0000-0000-000000000/resourceGroups/00000/providers/Microsoft.MachineLearningServices/workspaces/00000/components/azureml_anonymous/versions/b2349647-556f-4c30-a5cf-e434882faa2d",
          "jobType": "Pipeline",
          "settings": {
            "default_compute": "/subscriptions/00000000-0000-0000-0000-000000000/resourceGroups/00000/providers/Microsoft.MachineLearningServices/workspaces/00000/computes/cpu-cluster",
            "_source": "REMOTE.WORKSPACE.JOB"
          },
          "jobs": {},
          "inputs": {},
          "outputs": {},
          "sourceJobId": null
        },
        "systemData": {
          "createdAt": "2023-02-22T18:46:40.4033136\u002B00:00",
          "createdBy": "Diondra Peck",
          "createdByType": "User"
        }
      }
    },
    {
      "RequestUri": "https://management.azure.com/subscriptions/00000000-0000-0000-0000-000000000/resourceGroups/00000/providers/Microsoft.MachineLearningServices/workspaces/00000/jobs/000000000000000000000/cancel?api-version=2022-12-01-preview",
      "RequestMethod": "POST",
      "RequestHeaders": {
        "Accept": "application/json",
        "Accept-Encoding": "gzip, deflate",
        "Connection": "keep-alive",
        "Content-Length": "0",
        "User-Agent": "azure-ai-ml/1.5.0 azsdk-python-mgmt-machinelearningservices/0.1.0 Python/3.7.9 (Windows-10-10.0.22621-SP0)"
      },
      "RequestBody": null,
      "StatusCode": 202,
      "ResponseHeaders": {
        "Cache-Control": "no-cache",
        "Content-Length": "4",
        "Content-Type": "application/json; charset=utf-8",
        "Date": "Wed, 22 Feb 2023 18:46:44 GMT",
        "Expires": "-1",
        "Location": "https://management.azure.com/subscriptions/00000000-0000-0000-0000-000000000/providers/Microsoft.MachineLearningServices/locations/eastus2/mfeOperationResults/jc:74fb7293-405d-4c03-912d-33e739ee11c8:000000000000000000000?api-version=2022-12-01-preview",
        "Pragma": "no-cache",
        "Request-Context": "appId=cid-v1:2d2e8e63-272e-4b3c-8598-4ee570a0e70d",
        "Strict-Transport-Security": "max-age=31536000; includeSubDomains",
        "x-aml-cluster": "vienna-eastus2-01",
        "X-Content-Type-Options": "nosniff",
        "x-ms-async-operation-timeout": "PT1H",
        "x-ms-correlation-request-id": "1d1c5cbe-eaa0-4a2c-ac99-b0cb56e794c4",
        "x-ms-ratelimit-remaining-subscription-writes": "1199",
        "x-ms-response-type": "standard",
        "x-ms-routing-request-id": "WESTUS2:20230222T184644Z:1d1c5cbe-eaa0-4a2c-ac99-b0cb56e794c4",
        "x-request-time": "0.752"
      },
      "ResponseBody": "null"
    },
    {
      "RequestUri": "https://management.azure.com/subscriptions/00000000-0000-0000-0000-000000000/providers/Microsoft.MachineLearningServices/locations/eastus2/mfeOperationResults/jc:74fb7293-405d-4c03-912d-33e739ee11c8:000000000000000000000?api-version=2022-12-01-preview",
      "RequestMethod": "GET",
      "RequestHeaders": {
        "Accept": "*/*",
        "Accept-Encoding": "gzip, deflate",
        "Connection": "keep-alive",
        "User-Agent": "azure-ai-ml/1.5.0 azsdk-python-mgmt-machinelearningservices/0.1.0 Python/3.7.9 (Windows-10-10.0.22621-SP0)"
      },
      "RequestBody": null,
      "StatusCode": 202,
      "ResponseHeaders": {
        "Cache-Control": "no-cache",
        "Content-Length": "2",
        "Content-Type": "application/json; charset=utf-8",
        "Date": "Wed, 22 Feb 2023 18:46:44 GMT",
        "Expires": "-1",
        "Location": "https://management.azure.com/subscriptions/00000000-0000-0000-0000-000000000/providers/Microsoft.MachineLearningServices/locations/eastus2/mfeOperationResults/jc:74fb7293-405d-4c03-912d-33e739ee11c8:000000000000000000000?api-version=2022-12-01-preview",
        "Pragma": "no-cache",
        "Request-Context": "appId=cid-v1:2d2e8e63-272e-4b3c-8598-4ee570a0e70d",
        "Strict-Transport-Security": "max-age=31536000; includeSubDomains",
        "x-aml-cluster": "vienna-eastus2-02",
        "X-Content-Type-Options": "nosniff",
        "x-ms-correlation-request-id": "5954d475-a7fe-4825-8c6c-edc990274677",
        "x-ms-ratelimit-remaining-subscription-reads": "11999",
        "x-ms-response-type": "standard",
        "x-ms-routing-request-id": "WESTUS2:20230222T184644Z:5954d475-a7fe-4825-8c6c-edc990274677",
        "x-request-time": "0.055"
      },
      "ResponseBody": {}
    },
    {
      "RequestUri": "https://management.azure.com/subscriptions/00000000-0000-0000-0000-000000000/providers/Microsoft.MachineLearningServices/locations/eastus2/mfeOperationResults/jc:74fb7293-405d-4c03-912d-33e739ee11c8:000000000000000000000?api-version=2022-12-01-preview",
      "RequestMethod": "GET",
      "RequestHeaders": {
        "Accept": "*/*",
        "Accept-Encoding": "gzip, deflate",
        "Connection": "keep-alive",
        "User-Agent": "azure-ai-ml/1.5.0 azsdk-python-mgmt-machinelearningservices/0.1.0 Python/3.7.9 (Windows-10-10.0.22621-SP0)"
      },
      "RequestBody": null,
      "StatusCode": 200,
      "ResponseHeaders": {
        "Cache-Control": "no-cache",
        "Content-Length": "0",
        "Date": "Wed, 22 Feb 2023 18:47:15 GMT",
        "Expires": "-1",
        "Pragma": "no-cache",
        "Request-Context": "appId=cid-v1:2d2e8e63-272e-4b3c-8598-4ee570a0e70d",
        "Server-Timing": "traceparent;desc=\u002200-02305f1374edd1a255c7657a82e91443-bed2746dacb4c950-01\u0022",
        "Strict-Transport-Security": "max-age=31536000; includeSubDomains",
        "x-aml-cluster": "vienna-eastus2-02",
        "X-Content-Type-Options": "nosniff",
        "x-ms-correlation-request-id": "f7f8ebc2-926a-4adf-81c6-834edf00030b",
        "x-ms-ratelimit-remaining-subscription-reads": "11998",
        "x-ms-response-type": "standard",
        "x-ms-routing-request-id": "WESTUS2:20230222T184715Z:f7f8ebc2-926a-4adf-81c6-834edf00030b",
        "x-request-time": "0.028"
      },
      "ResponseBody": null
    }
  ],
  "Variables": {}
}
