{
  "Entries": [
    {
      "RequestUri": "https://management.azure.com/subscriptions/00000000-0000-0000-0000-000000000/resourceGroups/00000/providers/Microsoft.MachineLearningServices/workspaces/00000/computes/gpu-cluster?api-version=2022-01-01-preview",
      "RequestMethod": "GET",
      "RequestHeaders": {
        "Accept": "application/json",
        "Accept-Encoding": "gzip, deflate",
        "Connection": "keep-alive",
        "User-Agent": "azure-ai-ml/0.0.139 azsdk-python-mgmt-machinelearningservices/0.1.0 Python/3.9.13 (Windows-10-10.0.22622-SP0)"
      },
      "RequestBody": null,
      "StatusCode": 200,
      "ResponseHeaders": {
        "Cache-Control": "no-cache",
        "Content-Encoding": "gzip",
        "Content-Type": "application/json; charset=utf-8",
        "Date": "Fri, 23 Sep 2022 15:47:45 GMT",
        "Expires": "-1",
        "Pragma": "no-cache",
        "Request-Context": "appId=cid-v1:2d2e8e63-272e-4b3c-8598-4ee570a0e70d",
        "Server-Timing": "traceparent;desc=\u002200-88cca727123582c5425cf7146d34ba45-cfb0496a03a60418-01\u0022",
        "Strict-Transport-Security": "max-age=31536000; includeSubDomains",
        "Transfer-Encoding": "chunked",
        "Vary": [
          "Accept-Encoding",
          "Accept-Encoding"
        ],
        "x-aml-cluster": "vienna-eastus2-02",
        "X-Content-Type-Options": "nosniff",
        "x-ms-correlation-request-id": "0bc816da-c195-4ee3-9103-6a52d79cf203",
        "x-ms-ratelimit-remaining-subscription-reads": "11984",
        "x-ms-response-type": "standard",
        "x-ms-routing-request-id": "KOREACENTRAL:20220923T154745Z:0bc816da-c195-4ee3-9103-6a52d79cf203",
        "x-request-time": "0.022"
      },
      "ResponseBody": {
        "id": "/subscriptions/00000000-0000-0000-0000-000000000/resourceGroups/00000/providers/Microsoft.MachineLearningServices/workspaces/00000/computes/gpu-cluster",
        "name": "gpu-cluster",
        "type": "Microsoft.MachineLearningServices/workspaces/computes",
        "location": "eastus2",
        "tags": {},
        "properties": {
          "createdOn": "2022-09-22T03:11:29.7706914\u002B00:00",
          "modifiedOn": "2022-09-22T03:11:30.2032599\u002B00:00",
          "disableLocalAuth": false,
          "description": null,
          "resourceId": null,
          "computeType": "AmlCompute",
          "computeLocation": "eastus2",
          "provisioningState": "Failed",
          "provisioningErrors": [
            {
              "error": {
                "code": "VmSizeNotSupported",
                "message": "STANDARD_ND6S is not supported in region eastus2. Please choose a different VM size."
              }
            }
          ],
          "isAttachedCompute": false,
          "properties": {
            "vmSize": "STANDARD_ND6S",
            "vmPriority": "Dedicated",
            "scaleSettings": {
              "maxNodeCount": 4,
              "minNodeCount": 0,
              "nodeIdleTimeBeforeScaleDown": null
            },
            "subnet": null,
            "currentNodeCount": null,
            "targetNodeCount": null,
            "nodeStateCounts": null,
            "allocationState": null,
            "errors": null,
            "remoteLoginPortPublicAccess": "NotSpecified",
            "virtualMachineImage": null,
            "isolatedNetwork": false
          }
        }
      }
    },
    {
      "RequestUri": "https://management.azure.com/subscriptions/00000000-0000-0000-0000-000000000/resourceGroups/00000/providers/Microsoft.MachineLearningServices/workspaces/00000/datastores/workspaceblobstore?api-version=2022-05-01",
      "RequestMethod": "GET",
      "RequestHeaders": {
        "Accept": "application/json",
        "Accept-Encoding": "gzip, deflate",
        "Connection": "keep-alive",
        "User-Agent": "azure-ai-ml/0.0.139 azsdk-python-mgmt-machinelearningservices/0.1.0 Python/3.9.13 (Windows-10-10.0.22622-SP0)"
      },
      "RequestBody": null,
      "StatusCode": 200,
      "ResponseHeaders": {
        "Cache-Control": "no-cache",
        "Content-Encoding": "gzip",
        "Content-Type": "application/json; charset=utf-8",
        "Date": "Fri, 23 Sep 2022 15:47:48 GMT",
        "Expires": "-1",
        "Pragma": "no-cache",
        "Request-Context": "appId=cid-v1:2d2e8e63-272e-4b3c-8598-4ee570a0e70d",
        "Server-Timing": "traceparent;desc=\u002200-375a1398d8d7dd08e98102ea4f1e2000-66976f93158ca556-01\u0022",
        "Strict-Transport-Security": "max-age=31536000; includeSubDomains",
        "Transfer-Encoding": "chunked",
        "Vary": [
          "Accept-Encoding",
          "Accept-Encoding"
        ],
        "x-aml-cluster": "vienna-eastus2-01",
        "X-Content-Type-Options": "nosniff",
        "x-ms-correlation-request-id": "adfbeffc-b913-48d0-b6a2-b3d5cdef1b86",
        "x-ms-ratelimit-remaining-subscription-reads": "11983",
        "x-ms-response-type": "standard",
        "x-ms-routing-request-id": "KOREACENTRAL:20220923T154748Z:adfbeffc-b913-48d0-b6a2-b3d5cdef1b86",
        "x-request-time": "0.092"
      },
      "ResponseBody": {
        "id": "/subscriptions/00000000-0000-0000-0000-000000000/resourceGroups/00000/providers/Microsoft.MachineLearningServices/workspaces/00000/datastores/workspaceblobstore",
        "name": "workspaceblobstore",
        "type": "Microsoft.MachineLearningServices/workspaces/datastores",
        "properties": {
          "description": null,
          "tags": null,
          "properties": null,
          "isDefault": true,
          "credentials": {
            "credentialsType": "AccountKey"
          },
          "datastoreType": "AzureBlob",
          "accountName": "sav6dhrxexwlv7g",
          "containerName": "azureml-blobstore-e950f876-7257-4cf3-99a5-ff66812ac44c",
          "endpoint": "core.windows.net",
          "protocol": "https",
          "serviceDataAccessAuthIdentity": "WorkspaceSystemAssignedIdentity"
        },
        "systemData": {
          "createdAt": "2022-09-22T03:07:29.4396872\u002B00:00",
          "createdBy": "779301c0-18b2-4cdc-801b-a0a3368fee0a",
          "createdByType": "Application",
          "lastModifiedAt": "2022-09-22T03:07:30.424941\u002B00:00",
          "lastModifiedBy": "779301c0-18b2-4cdc-801b-a0a3368fee0a",
          "lastModifiedByType": "Application"
        }
      }
    },
    {
      "RequestUri": "https://management.azure.com/subscriptions/00000000-0000-0000-0000-000000000/resourceGroups/00000/providers/Microsoft.MachineLearningServices/workspaces/00000/datastores/workspaceblobstore/listSecrets?api-version=2022-05-01",
      "RequestMethod": "POST",
      "RequestHeaders": {
        "Accept": "application/json",
        "Accept-Encoding": "gzip, deflate",
        "Connection": "keep-alive",
        "Content-Length": "0",
        "User-Agent": "azure-ai-ml/0.0.139 azsdk-python-mgmt-machinelearningservices/0.1.0 Python/3.9.13 (Windows-10-10.0.22622-SP0)"
      },
      "RequestBody": null,
      "StatusCode": 200,
      "ResponseHeaders": {
        "Cache-Control": "no-cache",
        "Content-Encoding": "gzip",
        "Content-Type": "application/json; charset=utf-8",
        "Date": "Fri, 23 Sep 2022 15:47:49 GMT",
        "Expires": "-1",
        "Pragma": "no-cache",
        "Request-Context": "appId=cid-v1:2d2e8e63-272e-4b3c-8598-4ee570a0e70d",
        "Server-Timing": "traceparent;desc=\u002200-5a40fcfd81178cff4aab3b91fd5c1363-c3cd15477b617adc-01\u0022",
        "Strict-Transport-Security": "max-age=31536000; includeSubDomains",
        "Transfer-Encoding": "chunked",
        "Vary": "Accept-Encoding",
        "x-aml-cluster": "vienna-eastus2-01",
        "X-Content-Type-Options": "nosniff",
        "x-ms-correlation-request-id": "2c2b07ec-32e3-496c-bc67-76ae6db7e9db",
        "x-ms-ratelimit-remaining-subscription-writes": "1186",
        "x-ms-response-type": "standard",
        "x-ms-routing-request-id": "KOREACENTRAL:20220923T154749Z:2c2b07ec-32e3-496c-bc67-76ae6db7e9db",
        "x-request-time": "0.198"
      },
      "ResponseBody": {
        "secretsType": "AccountKey",
        "key": "dGhpcyBpcyBmYWtlIGtleQ=="
      }
    },
    {
      "RequestUri": "https://sav6dhrxexwlv7g.blob.core.windows.net/azureml-blobstore-e950f876-7257-4cf3-99a5-ff66812ac44c/LocalUpload/00000000000000000000000000000000/train/MLTable",
      "RequestMethod": "HEAD",
      "RequestHeaders": {
        "Accept": "application/xml",
        "Accept-Encoding": "gzip, deflate",
        "Connection": "keep-alive",
        "User-Agent": "azsdk-python-storage-blob/12.13.1 Python/3.9.13 (Windows-10-10.0.22622-SP0)",
        "x-ms-date": "Fri, 23 Sep 2022 15:47:51 GMT",
        "x-ms-version": "2021-08-06"
      },
      "RequestBody": null,
      "StatusCode": 404,
      "ResponseHeaders": {
        "Date": "Fri, 23 Sep 2022 15:47:49 GMT",
        "Server": [
          "Windows-Azure-Blob/1.0",
          "Microsoft-HTTPAPI/2.0"
        ],
        "Transfer-Encoding": "chunked",
        "Vary": "Origin",
        "x-ms-error-code": "BlobNotFound",
        "x-ms-version": "2021-08-06"
      },
      "ResponseBody": null
    },
    {
      "RequestUri": "https://sav6dhrxexwlv7g.blob.core.windows.net/azureml-blobstore-e950f876-7257-4cf3-99a5-ff66812ac44c/LocalUpload/00000000000000000000000000000000/train/MLTable",
      "RequestMethod": "PUT",
      "RequestHeaders": {
        "Accept": "application/xml",
        "Accept-Encoding": "gzip, deflate",
        "Connection": "keep-alive",
        "Content-Length": "147",
        "Content-MD5": "P7GsnZaXDEDX/DJLN0O5nA==",
        "Content-Type": "application/octet-stream",
        "If-None-Match": "*",
        "User-Agent": "azsdk-python-storage-blob/12.13.1 Python/3.9.13 (Windows-10-10.0.22622-SP0)",
        "x-ms-blob-type": "BlockBlob",
        "x-ms-date": "Fri, 23 Sep 2022 15:47:52 GMT",
        "x-ms-version": "2021-08-06"
      },
      "RequestBody": "cGF0aHM6DQogIC0gZmlsZTogaHR0cHM6Ly9hdXRvbWxzYW1wbGVub3RlYm9va2RhdGEuYmxvYi5jb3JlLndpbmRvd3MubmV0L2F1dG9tbC1zYW1wbGUtbmxwLWRhdGEvdGV4dC1uZXJfdHJhaW4udHh0DQp0cmFuc2Zvcm1hdGlvbnM6DQogIC0gdGFrZTogMQ0K",
      "StatusCode": 201,
      "ResponseHeaders": {
        "Content-Length": "0",
        "Content-MD5": "P7GsnZaXDEDX/DJLN0O5nA==",
        "Date": "Fri, 23 Sep 2022 15:47:50 GMT",
        "ETag": "\u00220x8DA9D7AF8518A86\u0022",
        "Last-Modified": "Fri, 23 Sep 2022 15:47:50 GMT",
        "Server": [
          "Windows-Azure-Blob/1.0",
          "Microsoft-HTTPAPI/2.0"
        ],
        "x-ms-content-crc64": "isr5WG0FQsk=",
        "x-ms-request-server-encrypted": "true",
        "x-ms-version": "2021-08-06"
      },
      "ResponseBody": null
    },
    {
      "RequestUri": "https://sav6dhrxexwlv7g.blob.core.windows.net/azureml-blobstore-e950f876-7257-4cf3-99a5-ff66812ac44c/LocalUpload/00000000000000000000000000000000/train/MLTable?comp=metadata",
      "RequestMethod": "PUT",
      "RequestHeaders": {
        "Accept": "application/xml",
        "Accept-Encoding": "gzip, deflate",
        "Connection": "keep-alive",
        "Content-Length": "0",
        "User-Agent": "azsdk-python-storage-blob/12.13.1 Python/3.9.13 (Windows-10-10.0.22622-SP0)",
        "x-ms-date": "Fri, 23 Sep 2022 15:47:52 GMT",
        "x-ms-meta-name": "81170f10-c794-4864-a5aa-18b9c4f20f8f",
        "x-ms-meta-upload_status": "completed",
        "x-ms-meta-version": "97bd65c7-44d6-4c29-a758-1c034959a5fa",
        "x-ms-version": "2021-08-06"
      },
      "RequestBody": null,
      "StatusCode": 200,
      "ResponseHeaders": {
        "Content-Length": "0",
        "Date": "Fri, 23 Sep 2022 15:47:50 GMT",
        "ETag": "\u00220x8DA9D7AF8838FC1\u0022",
        "Last-Modified": "Fri, 23 Sep 2022 15:47:50 GMT",
        "Server": [
          "Windows-Azure-Blob/1.0",
          "Microsoft-HTTPAPI/2.0"
        ],
        "x-ms-request-server-encrypted": "true",
        "x-ms-version": "2021-08-06"
      },
      "ResponseBody": null
    },
    {
      "RequestUri": "https://management.azure.com/subscriptions/00000000-0000-0000-0000-000000000/resourceGroups/00000/providers/Microsoft.MachineLearningServices/workspaces/00000/datastores/workspaceblobstore?api-version=2022-05-01",
      "RequestMethod": "GET",
      "RequestHeaders": {
        "Accept": "application/json",
        "Accept-Encoding": "gzip, deflate",
        "Connection": "keep-alive",
        "User-Agent": "azure-ai-ml/0.0.139 azsdk-python-mgmt-machinelearningservices/0.1.0 Python/3.9.13 (Windows-10-10.0.22622-SP0)"
      },
      "RequestBody": null,
      "StatusCode": 200,
      "ResponseHeaders": {
        "Cache-Control": "no-cache",
        "Content-Encoding": "gzip",
        "Content-Type": "application/json; charset=utf-8",
        "Date": "Fri, 23 Sep 2022 15:47:52 GMT",
        "Expires": "-1",
        "Pragma": "no-cache",
        "Request-Context": "appId=cid-v1:2d2e8e63-272e-4b3c-8598-4ee570a0e70d",
        "Server-Timing": "traceparent;desc=\u002200-5b3d8d50921218cf944212802f98cd3d-6c31cdf5dfbb8ff6-01\u0022",
        "Strict-Transport-Security": "max-age=31536000; includeSubDomains",
        "Transfer-Encoding": "chunked",
        "Vary": [
          "Accept-Encoding",
          "Accept-Encoding"
        ],
        "x-aml-cluster": "vienna-eastus2-01",
        "X-Content-Type-Options": "nosniff",
        "x-ms-correlation-request-id": "72594554-fe6c-4463-82b2-b808732dc258",
        "x-ms-ratelimit-remaining-subscription-reads": "11982",
        "x-ms-response-type": "standard",
        "x-ms-routing-request-id": "KOREACENTRAL:20220923T154752Z:72594554-fe6c-4463-82b2-b808732dc258",
        "x-request-time": "0.144"
      },
      "ResponseBody": {
        "id": "/subscriptions/00000000-0000-0000-0000-000000000/resourceGroups/00000/providers/Microsoft.MachineLearningServices/workspaces/00000/datastores/workspaceblobstore",
        "name": "workspaceblobstore",
        "type": "Microsoft.MachineLearningServices/workspaces/datastores",
        "properties": {
          "description": null,
          "tags": null,
          "properties": null,
          "isDefault": true,
          "credentials": {
            "credentialsType": "AccountKey"
          },
          "datastoreType": "AzureBlob",
          "accountName": "sav6dhrxexwlv7g",
          "containerName": "azureml-blobstore-e950f876-7257-4cf3-99a5-ff66812ac44c",
          "endpoint": "core.windows.net",
          "protocol": "https",
          "serviceDataAccessAuthIdentity": "WorkspaceSystemAssignedIdentity"
        },
        "systemData": {
          "createdAt": "2022-09-22T03:07:29.4396872\u002B00:00",
          "createdBy": "779301c0-18b2-4cdc-801b-a0a3368fee0a",
          "createdByType": "Application",
          "lastModifiedAt": "2022-09-22T03:07:30.424941\u002B00:00",
          "lastModifiedBy": "779301c0-18b2-4cdc-801b-a0a3368fee0a",
          "lastModifiedByType": "Application"
        }
      }
    },
    {
      "RequestUri": "https://management.azure.com/subscriptions/00000000-0000-0000-0000-000000000/resourceGroups/00000/providers/Microsoft.MachineLearningServices/workspaces/00000/datastores/workspaceblobstore/listSecrets?api-version=2022-05-01",
      "RequestMethod": "POST",
      "RequestHeaders": {
        "Accept": "application/json",
        "Accept-Encoding": "gzip, deflate",
        "Connection": "keep-alive",
        "Content-Length": "0",
        "User-Agent": "azure-ai-ml/0.0.139 azsdk-python-mgmt-machinelearningservices/0.1.0 Python/3.9.13 (Windows-10-10.0.22622-SP0)"
      },
      "RequestBody": null,
      "StatusCode": 200,
      "ResponseHeaders": {
        "Cache-Control": "no-cache",
        "Content-Encoding": "gzip",
        "Content-Type": "application/json; charset=utf-8",
        "Date": "Fri, 23 Sep 2022 15:47:52 GMT",
        "Expires": "-1",
        "Pragma": "no-cache",
        "Request-Context": "appId=cid-v1:2d2e8e63-272e-4b3c-8598-4ee570a0e70d",
        "Server-Timing": "traceparent;desc=\u002200-fe84b67925bfe66e8654e687d2087bfc-d53161f098e92fcf-01\u0022",
        "Strict-Transport-Security": "max-age=31536000; includeSubDomains",
        "Transfer-Encoding": "chunked",
        "Vary": "Accept-Encoding",
        "x-aml-cluster": "vienna-eastus2-01",
        "X-Content-Type-Options": "nosniff",
        "x-ms-correlation-request-id": "251eb0b4-c82c-4941-8d46-72068a89ab37",
        "x-ms-ratelimit-remaining-subscription-writes": "1185",
        "x-ms-response-type": "standard",
        "x-ms-routing-request-id": "KOREACENTRAL:20220923T154753Z:251eb0b4-c82c-4941-8d46-72068a89ab37",
        "x-request-time": "0.130"
      },
      "ResponseBody": {
        "secretsType": "AccountKey",
        "key": "dGhpcyBpcyBmYWtlIGtleQ=="
      }
    },
    {
      "RequestUri": "https://sav6dhrxexwlv7g.blob.core.windows.net/azureml-blobstore-e950f876-7257-4cf3-99a5-ff66812ac44c/LocalUpload/00000000000000000000000000000000/valid/MLTable",
      "RequestMethod": "HEAD",
      "RequestHeaders": {
        "Accept": "application/xml",
        "Accept-Encoding": "gzip, deflate",
        "Connection": "keep-alive",
        "User-Agent": "azsdk-python-storage-blob/12.13.1 Python/3.9.13 (Windows-10-10.0.22622-SP0)",
        "x-ms-date": "Fri, 23 Sep 2022 15:47:55 GMT",
        "x-ms-version": "2021-08-06"
      },
      "RequestBody": null,
      "StatusCode": 404,
      "ResponseHeaders": {
        "Date": "Fri, 23 Sep 2022 15:47:53 GMT",
        "Server": [
          "Windows-Azure-Blob/1.0",
          "Microsoft-HTTPAPI/2.0"
        ],
        "Transfer-Encoding": "chunked",
        "Vary": "Origin",
        "x-ms-error-code": "BlobNotFound",
        "x-ms-version": "2021-08-06"
      },
      "ResponseBody": null
    },
    {
      "RequestUri": "https://sav6dhrxexwlv7g.blob.core.windows.net/azureml-blobstore-e950f876-7257-4cf3-99a5-ff66812ac44c/LocalUpload/00000000000000000000000000000000/valid/MLTable",
      "RequestMethod": "PUT",
      "RequestHeaders": {
        "Accept": "application/xml",
        "Accept-Encoding": "gzip, deflate",
        "Connection": "keep-alive",
        "Content-Length": "147",
        "Content-MD5": "rPxzBke97x5/DWxWuJSBsQ==",
        "Content-Type": "application/octet-stream",
        "If-None-Match": "*",
        "User-Agent": "azsdk-python-storage-blob/12.13.1 Python/3.9.13 (Windows-10-10.0.22622-SP0)",
        "x-ms-blob-type": "BlockBlob",
        "x-ms-date": "Fri, 23 Sep 2022 15:47:56 GMT",
        "x-ms-version": "2021-08-06"
      },
      "RequestBody": "cGF0aHM6DQogIC0gZmlsZTogaHR0cHM6Ly9hdXRvbWxzYW1wbGVub3RlYm9va2RhdGEuYmxvYi5jb3JlLndpbmRvd3MubmV0L2F1dG9tbC1zYW1wbGUtbmxwLWRhdGEvdGV4dC1uZXJfdmFsaWQudHh0DQp0cmFuc2Zvcm1hdGlvbnM6DQogIC0gdGFrZTogMQ0K",
      "StatusCode": 201,
      "ResponseHeaders": {
        "Content-Length": "0",
        "Content-MD5": "rPxzBke97x5/DWxWuJSBsQ==",
        "Date": "Fri, 23 Sep 2022 15:47:53 GMT",
        "ETag": "\u00220x8DA9D7AFA92C297\u0022",
        "Last-Modified": "Fri, 23 Sep 2022 15:47:54 GMT",
        "Server": [
          "Windows-Azure-Blob/1.0",
          "Microsoft-HTTPAPI/2.0"
        ],
        "x-ms-content-crc64": "fFDC4VpW\u002Bgo=",
        "x-ms-request-server-encrypted": "true",
        "x-ms-version": "2021-08-06"
      },
      "ResponseBody": null
    },
    {
      "RequestUri": "https://sav6dhrxexwlv7g.blob.core.windows.net/azureml-blobstore-e950f876-7257-4cf3-99a5-ff66812ac44c/LocalUpload/00000000000000000000000000000000/valid/MLTable?comp=metadata",
      "RequestMethod": "PUT",
      "RequestHeaders": {
        "Accept": "application/xml",
        "Accept-Encoding": "gzip, deflate",
        "Connection": "keep-alive",
        "Content-Length": "0",
        "User-Agent": "azsdk-python-storage-blob/12.13.1 Python/3.9.13 (Windows-10-10.0.22622-SP0)",
        "x-ms-date": "Fri, 23 Sep 2022 15:47:56 GMT",
        "x-ms-meta-name": "957dcf85-e0f5-4c3d-a804-26f8d3064ffb",
        "x-ms-meta-upload_status": "completed",
        "x-ms-meta-version": "019f02b7-b1b4-475d-a25d-da57f4d89ce7",
        "x-ms-version": "2021-08-06"
      },
      "RequestBody": null,
      "StatusCode": 200,
      "ResponseHeaders": {
        "Content-Length": "0",
        "Date": "Fri, 23 Sep 2022 15:47:54 GMT",
        "ETag": "\u00220x8DA9D7AFAC6EA65\u0022",
        "Last-Modified": "Fri, 23 Sep 2022 15:47:54 GMT",
        "Server": [
          "Windows-Azure-Blob/1.0",
          "Microsoft-HTTPAPI/2.0"
        ],
        "x-ms-request-server-encrypted": "true",
        "x-ms-version": "2021-08-06"
      },
      "ResponseBody": null
    },
    {
      "RequestUri": "https://management.azure.com/subscriptions/00000000-0000-0000-0000-000000000/resourceGroups/00000/providers/Microsoft.MachineLearningServices/workspaces/00000/jobs/test_59883894689?api-version=2022-06-01-preview",
      "RequestMethod": "PUT",
      "RequestHeaders": {
        "Accept": "application/json",
        "Accept-Encoding": "gzip, deflate",
        "Connection": "keep-alive",
        "Content-Length": "1172",
        "Content-Type": "application/json",
        "User-Agent": "azure-ai-ml/0.0.139 azsdk-python-mgmt-machinelearningservices/0.1.0 Python/3.9.13 (Windows-10-10.0.22622-SP0)"
      },
      "RequestBody": {
        "properties": {
          "properties": {},
          "tags": {
            "tag": "tagvalue",
            "owner": "sdkteam"
          },
          "computeId": "/subscriptions/00000000-0000-0000-0000-000000000/resourceGroups/00000/providers/Microsoft.MachineLearningServices/workspaces/00000/computes/gpu-cluster",
          "displayName": "test_59883894689",
          "experimentName": "my_first_experiment",
          "isArchived": false,
          "jobType": "Pipeline",
          "inputs": {
            "text_ner_training_data": {
              "uri": "azureml://datastores/workspaceblobstore/paths/LocalUpload/00000000000000000000000000000000/train",
              "jobInputType": "mltable"
            },
            "text_ner_validation_data": {
              "uri": "azureml://datastores/workspaceblobstore/paths/LocalUpload/00000000000000000000000000000000/valid",
              "jobInputType": "mltable"
            }
          },
          "jobs": {
            "automl_text_ner": {
              "name": "automl_text_ner",
              "tags": {},
              "properties": {},
              "type": "automl",
              "outputs": {},
              "log_verbosity": "info",
              "training_data": "${{parent.inputs.text_ner_training_data}}",
              "limits": {
                "max_trials": 1,
                "timeout_minutes": 60
              },
              "validation_data": "${{parent.inputs.text_ner_validation_data}}",
              "task": "text_ner",
              "primary_metric": "accuracy"
            }
          },
          "outputs": {},
          "settings": {
            "continue_on_step_failure": false,
            "_source": "YAML.JOB"
          }
        }
      },
      "StatusCode": 201,
      "ResponseHeaders": {
        "Cache-Control": "no-cache",
        "Content-Length": "3270",
        "Content-Type": "application/json; charset=utf-8",
        "Date": "Fri, 23 Sep 2022 15:48:03 GMT",
        "Expires": "-1",
        "Location": "https://management.azure.com/subscriptions/00000000-0000-0000-0000-000000000/resourceGroups/00000/providers/Microsoft.MachineLearningServices/workspaces/00000/jobs/test_59883894689?api-version=2022-06-01-preview",
        "Pragma": "no-cache",
        "Request-Context": "appId=cid-v1:2d2e8e63-272e-4b3c-8598-4ee570a0e70d",
        "Server-Timing": "traceparent;desc=\u002200-9ef2b12c33837128ef1ce77005c3150f-dacbff212471f024-01\u0022",
        "Strict-Transport-Security": "max-age=31536000; includeSubDomains",
        "x-aml-cluster": "vienna-eastus2-01",
        "X-Content-Type-Options": "nosniff",
        "x-ms-correlation-request-id": "a6b4f535-f238-4c2b-94d4-c2d3439dea76",
        "x-ms-ratelimit-remaining-subscription-writes": "1195",
        "x-ms-response-type": "standard",
        "x-ms-routing-request-id": "KOREACENTRAL:20220923T154803Z:a6b4f535-f238-4c2b-94d4-c2d3439dea76",
        "x-request-time": "3.891"
      },
      "ResponseBody": {
        "id": "/subscriptions/00000000-0000-0000-0000-000000000/resourceGroups/00000/providers/Microsoft.MachineLearningServices/workspaces/00000/jobs/test_59883894689",
        "name": "test_59883894689",
        "type": "Microsoft.MachineLearningServices/workspaces/jobs",
        "properties": {
          "description": null,
          "tags": {
            "tag": "tagvalue",
            "owner": "sdkteam"
          },
          "properties": {
            "azureml.DevPlatv2": "true",
            "azureml.runsource": "azureml.PipelineRun",
            "runSource": "MFE",
            "runType": "HTTP",
            "azureml.parameters": "{}",
            "azureml.continue_on_step_failure": "False",
            "azureml.continue_on_failed_optional_input": "True",
            "azureml.defaultComputeName": "gpu-cluster",
            "azureml.defaultDataStoreName": "workspaceblobstore",
            "azureml.pipelineComponent": "pipelinerun"
          },
          "displayName": "test_59883894689",
          "status": "Preparing",
          "experimentName": "my_first_experiment",
          "services": {
            "Tracking": {
              "jobServiceType": "Tracking",
              "port": null,
              "endpoint": "azureml://eastus2.api.azureml.ms/mlflow/v1.0/subscriptions/00000000-0000-0000-0000-000000000/resourceGroups/00000/providers/Microsoft.MachineLearningServices/workspaces/00000?",
              "status": null,
              "errorMessage": null,
              "properties": null
            },
            "Studio": {
              "jobServiceType": "Studio",
              "port": null,
              "endpoint": "https://ml.azure.com/runs/test_59883894689?wsid=/subscriptions/00000000-0000-0000-0000-000000000/resourcegroups/00000/workspaces/00000",
              "status": null,
              "errorMessage": null,
              "properties": null
            }
          },
          "computeId": "/subscriptions/00000000-0000-0000-0000-000000000/resourceGroups/00000/providers/Microsoft.MachineLearningServices/workspaces/00000/computes/gpu-cluster",
          "isArchived": false,
          "identity": null,
          "componentId": null,
          "jobType": "Pipeline",
          "settings": {
            "continue_on_step_failure": false,
            "_source": "YAML.JOB"
          },
          "jobs": {
            "automl_text_ner": {
              "name": "automl_text_ner",
              "tags": {},
              "properties": {},
              "type": "automl",
              "outputs": {},
              "log_verbosity": "info",
              "training_data": "${{parent.inputs.text_ner_training_data}}",
              "limits": {
                "max_trials": 1,
                "timeout_minutes": 60
              },
              "validation_data": "${{parent.inputs.text_ner_validation_data}}",
              "task": "text_ner",
              "primary_metric": "accuracy"
            }
          },
          "inputs": {
            "text_ner_training_data": {
              "description": null,
              "uri": "azureml://datastores/workspaceblobstore/paths/LocalUpload/00000000000000000000000000000000/train",
              "mode": "ReadOnlyMount",
              "jobInputType": "mltable"
            },
            "text_ner_validation_data": {
              "description": null,
              "uri": "azureml://datastores/workspaceblobstore/paths/LocalUpload/00000000000000000000000000000000/valid",
              "mode": "ReadOnlyMount",
              "jobInputType": "mltable"
            }
          },
          "outputs": {},
          "sourceJobId": null
        },
        "systemData": {
          "createdAt": "2022-09-23T15:48:02.8666816\u002B00:00",
          "createdBy": "Zhengfei Wang",
          "createdByType": "User"
        }
      }
    },
    {
      "RequestUri": "https://management.azure.com/subscriptions/00000000-0000-0000-0000-000000000/resourceGroups/00000/providers/Microsoft.MachineLearningServices/workspaces/00000/jobs/test_59883894689/cancel?api-version=2022-06-01-preview",
      "RequestMethod": "POST",
      "RequestHeaders": {
        "Accept": "application/json",
        "Accept-Encoding": "gzip, deflate",
        "Connection": "keep-alive",
        "Content-Length": "0",
        "User-Agent": "azure-ai-ml/0.0.139 azsdk-python-mgmt-machinelearningservices/0.1.0 Python/3.9.13 (Windows-10-10.0.22622-SP0)"
      },
      "RequestBody": null,
      "StatusCode": 400,
      "ResponseHeaders": {
        "Cache-Control": "no-cache",
        "Content-Length": "1219",
        "Content-Type": "application/json; charset=utf-8",
        "Date": "Fri, 23 Sep 2022 15:48:20 GMT",
        "Expires": "-1",
        "Pragma": "no-cache",
        "Request-Context": "appId=cid-v1:2d2e8e63-272e-4b3c-8598-4ee570a0e70d",
        "Strict-Transport-Security": "max-age=31536000; includeSubDomains",
        "x-aml-cluster": "vienna-eastus2-01",
        "X-Content-Type-Options": "nosniff",
        "x-ms-correlation-request-id": "a9071aa1-345c-4140-8c21-c773d787106c",
        "x-ms-ratelimit-remaining-subscription-writes": "1184",
        "x-ms-response-type": "error",
        "x-ms-routing-request-id": "KOREACENTRAL:20220923T154821Z:a9071aa1-345c-4140-8c21-c773d787106c",
        "x-request-time": "15.142"
      },
      "ResponseBody": {
        "error": {
          "code": "UserError",
          "message": "The pipeline run test_59883894689 is in terminal status, it can\u0027t be canceled.",
          "details": [],
          "additionalInfo": [
            {
              "type": "ComponentName",
              "info": {
                "value": "managementfrontend"
              }
            },
            {
              "type": "Correlation",
              "info": {
                "value": {
                  "operation": "4a675f0bdd69c9fa6fc7e8ac1e27d224",
                  "request": "be51225cce58fa67"
                }
              }
            },
            {
              "type": "Environment",
              "info": {
                "value": "eastus2"
              }
            },
            {
              "type": "Location",
              "info": {
                "value": "eastus2"
              }
            },
            {
              "type": "Time",
              "info": {
                "value": "2022-09-23T15:48:21.4583491\u002B00:00"
              }
            },
            {
              "type": "InnerError",
              "info": {
                "value": {
                  "code": "BadArgument",
                  "innerError": {
                    "code": "ArgumentInvalid",
                    "innerError": {
                      "code": "CancelPipelineRunInTerminalStatus",
                      "innerError": null
                    }
                  }
                }
              }
            }
          ]
        }
      }
    }
  ],
  "Variables": {
    "name": "test_59883894689"
  }
}
