{
  "Entries": [
    {
      "RequestUri": "https://management.azure.com/subscriptions/00000000-0000-0000-0000-000000000/resourceGroups/00000/providers/Microsoft.MachineLearningServices/workspaces/00000/computes/cpu-cluster?api-version=2022-10-01-preview",
      "RequestMethod": "GET",
      "RequestHeaders": {
        "Accept": "application/json",
        "Accept-Encoding": "gzip, deflate",
        "Connection": "keep-alive",
        "User-Agent": "azure-ai-ml/1.5.0 azsdk-python-mgmt-machinelearningservices/0.1.0 Python/3.7.9 (Windows-10-10.0.22621-SP0)"
      },
      "RequestBody": null,
      "StatusCode": 200,
      "ResponseHeaders": {
        "Cache-Control": "no-cache",
        "Content-Encoding": "gzip",
        "Content-Type": "application/json; charset=utf-8",
        "Date": "Sun, 12 Feb 2023 04:30:46 GMT",
        "Expires": "-1",
        "Pragma": "no-cache",
        "Request-Context": "appId=cid-v1:2d2e8e63-272e-4b3c-8598-4ee570a0e70d",
        "Server-Timing": "traceparent;desc=\u002200-3cbd2bc6118fbaa3c2bffb66246fa936-5191035dd73cb510-01\u0022",
        "Strict-Transport-Security": "max-age=31536000; includeSubDomains",
        "Transfer-Encoding": "chunked",
        "Vary": [
          "Accept-Encoding",
          "Accept-Encoding"
        ],
        "x-aml-cluster": "vienna-eastus2-02",
        "X-Content-Type-Options": "nosniff",
        "x-ms-correlation-request-id": "842d1784-b9e7-4db7-8c44-cf80f6a87bcc",
        "x-ms-ratelimit-remaining-subscription-reads": "11981",
        "x-ms-response-type": "standard",
        "x-ms-routing-request-id": "WESTUS2:20230212T043047Z:842d1784-b9e7-4db7-8c44-cf80f6a87bcc",
        "x-request-time": "0.060"
      },
      "ResponseBody": {
        "id": "/subscriptions/00000000-0000-0000-0000-000000000/resourceGroups/00000/providers/Microsoft.MachineLearningServices/workspaces/00000/computes/cpu-cluster",
        "name": "cpu-cluster",
        "type": "Microsoft.MachineLearningServices/workspaces/computes",
        "location": "eastus2",
        "tags": {},
        "properties": {
          "createdOn": "2023-02-09T01:54:27.5698654\u002B00:00",
          "modifiedOn": "2023-02-09T01:54:31.3327171\u002B00:00",
          "disableLocalAuth": false,
          "description": null,
          "resourceId": null,
          "computeType": "AmlCompute",
          "computeLocation": "eastus2",
          "provisioningState": "Succeeded",
          "provisioningErrors": null,
          "isAttachedCompute": false,
          "properties": {
            "vmSize": "STANDARD_DS2_V2",
            "vmPriority": "Dedicated",
            "scaleSettings": {
              "maxNodeCount": 4,
              "minNodeCount": 0,
              "nodeIdleTimeBeforeScaleDown": "PT2M"
            },
            "subnet": null,
            "currentNodeCount": 0,
            "targetNodeCount": 0,
            "nodeStateCounts": {
              "preparingNodeCount": 0,
              "runningNodeCount": 0,
              "idleNodeCount": 0,
              "unusableNodeCount": 0,
              "leavingNodeCount": 0,
              "preemptedNodeCount": 0
            },
            "allocationState": "Steady",
            "allocationStateTransitionTime": "2023-02-12T03:57:36.987\u002B00:00",
            "errors": null,
            "remoteLoginPortPublicAccess": "Enabled",
            "osType": "Linux",
            "virtualMachineImage": null,
            "isolatedNetwork": false,
            "propertyBag": {}
          }
        }
      }
    },
    {
      "RequestUri": "https://management.azure.com/subscriptions/00000000-0000-0000-0000-000000000/resourceGroups/00000/providers/Microsoft.MachineLearningServices/workspaces/00000/computes/cpu-cluster?api-version=2022-10-01-preview",
      "RequestMethod": "GET",
      "RequestHeaders": {
        "Accept": "application/json",
        "Accept-Encoding": "gzip, deflate",
        "Connection": "keep-alive",
        "User-Agent": "azure-ai-ml/1.5.0 azsdk-python-mgmt-machinelearningservices/0.1.0 Python/3.7.9 (Windows-10-10.0.22621-SP0)"
      },
      "RequestBody": null,
      "StatusCode": 200,
      "ResponseHeaders": {
        "Cache-Control": "no-cache",
        "Content-Encoding": "gzip",
        "Content-Type": "application/json; charset=utf-8",
        "Date": "Sun, 12 Feb 2023 04:30:47 GMT",
        "Expires": "-1",
        "Pragma": "no-cache",
        "Request-Context": "appId=cid-v1:2d2e8e63-272e-4b3c-8598-4ee570a0e70d",
        "Server-Timing": "traceparent;desc=\u002200-78eef5390fd2ba51f5a2b39b803e0df6-0421333b93735854-01\u0022",
        "Strict-Transport-Security": "max-age=31536000; includeSubDomains",
        "Transfer-Encoding": "chunked",
        "Vary": [
          "Accept-Encoding",
          "Accept-Encoding"
        ],
        "x-aml-cluster": "vienna-eastus2-02",
        "X-Content-Type-Options": "nosniff",
        "x-ms-correlation-request-id": "62600125-5ef5-438f-a329-4c1fcb579b0e",
        "x-ms-ratelimit-remaining-subscription-reads": "11980",
        "x-ms-response-type": "standard",
        "x-ms-routing-request-id": "WESTUS2:20230212T043047Z:62600125-5ef5-438f-a329-4c1fcb579b0e",
        "x-request-time": "0.062"
      },
      "ResponseBody": {
        "id": "/subscriptions/00000000-0000-0000-0000-000000000/resourceGroups/00000/providers/Microsoft.MachineLearningServices/workspaces/00000/computes/cpu-cluster",
        "name": "cpu-cluster",
        "type": "Microsoft.MachineLearningServices/workspaces/computes",
        "location": "eastus2",
        "tags": {},
        "properties": {
          "createdOn": "2023-02-09T01:54:27.5698654\u002B00:00",
          "modifiedOn": "2023-02-09T01:54:31.3327171\u002B00:00",
          "disableLocalAuth": false,
          "description": null,
          "resourceId": null,
          "computeType": "AmlCompute",
          "computeLocation": "eastus2",
          "provisioningState": "Succeeded",
          "provisioningErrors": null,
          "isAttachedCompute": false,
          "properties": {
            "vmSize": "STANDARD_DS2_V2",
            "vmPriority": "Dedicated",
            "scaleSettings": {
              "maxNodeCount": 4,
              "minNodeCount": 0,
              "nodeIdleTimeBeforeScaleDown": "PT2M"
            },
            "subnet": null,
            "currentNodeCount": 0,
            "targetNodeCount": 0,
            "nodeStateCounts": {
              "preparingNodeCount": 0,
              "runningNodeCount": 0,
              "idleNodeCount": 0,
              "unusableNodeCount": 0,
              "leavingNodeCount": 0,
              "preemptedNodeCount": 0
            },
            "allocationState": "Steady",
            "allocationStateTransitionTime": "2023-02-12T03:57:36.987\u002B00:00",
            "errors": null,
            "remoteLoginPortPublicAccess": "Enabled",
            "osType": "Linux",
            "virtualMachineImage": null,
            "isolatedNetwork": false,
            "propertyBag": {}
          }
        }
      }
    },
    {
      "RequestUri": "https://management.azure.com/subscriptions/00000000-0000-0000-0000-000000000/resourceGroups/00000/providers/Microsoft.MachineLearningServices/workspaces/00000?api-version=2022-10-01",
      "RequestMethod": "GET",
      "RequestHeaders": {
        "Accept": "application/json",
        "Accept-Encoding": "gzip, deflate",
        "Connection": "keep-alive",
        "User-Agent": "azure-ai-ml/1.5.0 azsdk-python-mgmt-machinelearningservices/0.1.0 Python/3.7.9 (Windows-10-10.0.22621-SP0)"
      },
      "RequestBody": null,
      "StatusCode": 200,
      "ResponseHeaders": {
        "Cache-Control": "no-cache",
        "Content-Encoding": "gzip",
        "Content-Type": "application/json; charset=utf-8",
        "Date": "Sun, 12 Feb 2023 04:30:49 GMT",
        "Expires": "-1",
        "Pragma": "no-cache",
        "Request-Context": "appId=cid-v1:2d2e8e63-272e-4b3c-8598-4ee570a0e70d",
        "Server-Timing": "traceparent;desc=\u002200-af8252c8b7bf39cc570d453f0b70b5fa-5fc8d58ae0f75d55-01\u0022",
        "Strict-Transport-Security": "max-age=31536000; includeSubDomains",
        "Transfer-Encoding": "chunked",
        "Vary": [
          "Accept-Encoding",
          "Accept-Encoding"
        ],
        "x-aml-cluster": "vienna-eastus2-01",
        "X-Content-Type-Options": "nosniff",
        "x-ms-correlation-request-id": "062e5c7e-4db4-4381-a37d-3c16d33a60c0",
        "x-ms-ratelimit-remaining-subscription-reads": "11979",
        "x-ms-response-type": "standard",
        "x-ms-routing-request-id": "WESTUS2:20230212T043049Z:062e5c7e-4db4-4381-a37d-3c16d33a60c0",
        "x-request-time": "0.020"
      },
      "ResponseBody": {
        "id": "/subscriptions/00000000-0000-0000-0000-000000000/resourceGroups/00000/providers/Microsoft.MachineLearningServices/workspaces/00000",
        "name": "00000",
        "type": "Microsoft.MachineLearningServices/workspaces",
        "location": "eastus2",
        "tags": {},
        "etag": null,
        "properties": {
          "friendlyName": "00000",
          "description": "",
          "storageAccount": "/subscriptions/00000000-0000-0000-0000-000000000/resourceGroups/00000/providers/Microsoft.Storage/storageAccounts/safat2f6rn4hclg",
          "keyVault": "/subscriptions/00000000-0000-0000-0000-000000000/resourceGroups/00000/providers/Microsoft.Keyvault/vaults/kvtestkwk2ikhiolcmu",
          "applicationInsights": "/subscriptions/00000000-0000-0000-0000-000000000/resourceGroups/00000/providers/Microsoft.insights/components/aifat2f6rn4hclg",
          "hbiWorkspace": false,
          "tenantId": "72f988bf-86f1-41af-91ab-2d7cd011db47",
          "imageBuildCompute": null,
          "provisioningState": "Succeeded",
          "v1LegacyMode": false,
          "softDeleteEnabled": false,
          "containerRegistry": "/subscriptions/00000000-0000-0000-0000-000000000/resourceGroups/00000/providers/Microsoft.ContainerRegistry/registries/crfat2f6rn4hclg",
          "notebookInfo": {
            "resourceId": "0000000-0000-0000-0000-000000000000",
            "fqdn": "ml-sdkvnextcli-eastus2-f7a7a6a9-166d-4f8e-9423-60668c799dd1.eastus2.notebooks.azure.net",
            "isPrivateLinkEnabled": false,
            "notebookPreparationError": null
          },
          "storageHnsEnabled": false,
          "workspaceId": "f7a7a6a9-166d-4f8e-9423-60668c799dd1",
          "linkedModelInventoryArmId": null,
          "privateLinkCount": 0,
          "publicNetworkAccess": "Enabled",
          "discoveryUrl": "https://eastus2.api.azureml.ms/discovery",
          "mlFlowTrackingUri": "azureml://eastus2.api.azureml.ms/mlflow/v1.0/subscriptions/00000000-0000-0000-0000-000000000/resourceGroups/00000/providers/Microsoft.MachineLearningServices/workspaces/00000",
          "sdkTelemetryAppInsightsKey": "0000000-0000-0000-0000-000000000000",
          "sasGetterUri": "",
          "enableDataIsolation": false
        },
        "identity": {
          "type": "SystemAssigned",
          "principalId": "0000000-0000-0000-0000-000000000000",
          "tenantId": "72f988bf-86f1-41af-91ab-2d7cd011db47"
        },
        "kind": "Default",
        "sku": {
          "name": "Basic",
          "tier": "Basic"
        },
        "systemData": {
          "createdAt": "2023-02-09T01:53:50.8086974Z",
          "createdBy": "dipeck@microsoft.com",
          "createdByType": "User",
          "lastModifiedAt": "2023-02-09T01:53:50.8086974Z",
          "lastModifiedBy": "dipeck@microsoft.com",
          "lastModifiedByType": "User"
        }
      }
    },
    {
      "RequestUri": "https://eastus2.api.azureml.ms/content/v2.0/subscriptions/00000000-0000-0000-0000-000000000/resourceGroups/00000/providers/Microsoft.MachineLearningServices/workspaces/00000/snapshots/getByHash?hash=d3c05b496c685e7e5a204e3cebc689086bd0f622c2975d8090c18968739a464a\u0026hashVersion=202208",
      "RequestMethod": "GET",
      "RequestHeaders": {
        "Accept": "*/*",
        "Accept-Encoding": "gzip, deflate",
        "Connection": "keep-alive",
        "Content-Type": "application/json; charset=UTF-8",
        "User-Agent": "azure-ai-ml/1.5.0 azsdk-python-core/1.26.3 Python/3.7.9 (Windows-10-10.0.22621-SP0)"
      },
      "RequestBody": null,
      "StatusCode": 200,
      "ResponseHeaders": {
        "Connection": "keep-alive",
        "Content-Encoding": "gzip",
        "Content-Type": "application/json; charset=utf-8",
        "Date": "Sun, 12 Feb 2023 04:30:50 GMT",
        "Request-Context": "appId=cid-v1:2d2e8e63-272e-4b3c-8598-4ee570a0e70d",
        "Strict-Transport-Security": "max-age=15724800; includeSubDomains; preload",
        "Transfer-Encoding": "chunked",
        "Vary": "Accept-Encoding",
        "x-aml-cluster": "vienna-eastus2-02",
        "X-Content-Type-Options": "nosniff",
        "x-ms-response-type": "standard",
        "x-request-time": "0.049"
      },
      "ResponseBody": {
        "snapshotType": "LocalFiles",
        "id": "36e721f6-9af7-4594-8211-d87935c6ea68",
        "root": {
          "name": "",
          "hash": null,
          "type": "Directory",
          "timestamp": "0001-01-01T00:00:00\u002B00:00",
          "sasUrl": null,
          "absoluteUrl": null,
          "sizeBytes": 0,
          "sizeSet": false,
          "children": {
            "COMPONENT_PLACEHOLDER": {
              "name": "COMPONENT_PLACEHOLDER",
              "hash": "2FF0E74A91489FE8DA41673EB1441D73",
              "type": "File",
              "timestamp": "0001-01-01T00:00:00\u002B00:00",
              "sasUrl": null,
              "absoluteUrl": null,
              "sizeBytes": 35,
              "sizeSet": true,
              "children": {}
            }
          }
        },
        "tags": {},
        "properties": {
          "hash_sha256": "d3c05b496c685e7e5a204e3cebc689086bd0f622c2975d8090c18968739a464a",
          "hash_version": "202208",
          "azureml.codeUri": "https://safat2f6rn4hclg.blob.core.windows.net:443/f7a7a6a9-1-86388875-dda4-563f-ab2b-30deadecd2c5/"
        },
        "description": null,
        "name": "c5e725e4-390c-4ed9-8afd-37e3b074f122",
        "version": "1",
        "createdBy": {
          "userObjectId": "b3a957de-450c-4ca7-b2aa-88dd98c87fef",
          "userPuId": "10037FFEAD05DD5D",
          "userIdp": null,
          "userAltSecId": null,
          "userIss": "https://sts.windows.net/72f988bf-86f1-41af-91ab-2d7cd011db47/",
          "userTenantId": "72f988bf-86f1-41af-91ab-2d7cd011db47",
          "userName": "Diondra Peck",
          "upn": null
        },
        "createdTime": "2023-02-10T05:46:32.7207975\u002B00:00",
        "modifiedBy": {
          "userObjectId": "b3a957de-450c-4ca7-b2aa-88dd98c87fef",
          "userPuId": "10037FFEAD05DD5D",
          "userIdp": null,
          "userAltSecId": null,
          "userIss": "https://sts.windows.net/72f988bf-86f1-41af-91ab-2d7cd011db47/",
          "userTenantId": "72f988bf-86f1-41af-91ab-2d7cd011db47",
          "userName": "Diondra Peck",
          "upn": null
        },
        "modifiedTime": "2023-02-10T05:46:32.7207975\u002B00:00",
        "gitRepositoryCommit": null,
        "uri": "https://safat2f6rn4hclg.blob.core.windows.net:443/f7a7a6a9-1-86388875-dda4-563f-ab2b-30deadecd2c5/",
        "contentHash": "d3c05b496c685e7e5a204e3cebc689086bd0f622c2975d8090c18968739a464a",
        "hashVersion": "202208",
        "provisioningState": "Succeeded"
      }
    },
    {
      "RequestUri": "https://management.azure.com/subscriptions/00000000-0000-0000-0000-000000000/resourceGroups/00000/providers/Microsoft.MachineLearningServices/workspaces/00000/codes/c5e725e4-390c-4ed9-8afd-37e3b074f122/versions/1?api-version=2022-05-01",
      "RequestMethod": "GET",
      "RequestHeaders": {
        "Accept": "application/json",
        "Accept-Encoding": "gzip, deflate",
        "Connection": "keep-alive",
        "User-Agent": "azure-ai-ml/1.5.0 azsdk-python-mgmt-machinelearningservices/0.1.0 Python/3.7.9 (Windows-10-10.0.22621-SP0)"
      },
      "RequestBody": null,
      "StatusCode": 200,
      "ResponseHeaders": {
        "Cache-Control": "no-cache",
        "Content-Encoding": "gzip",
        "Content-Type": "application/json; charset=utf-8",
        "Date": "Sun, 12 Feb 2023 04:30:52 GMT",
        "Expires": "-1",
        "Pragma": "no-cache",
        "Request-Context": "appId=cid-v1:2d2e8e63-272e-4b3c-8598-4ee570a0e70d",
        "Server-Timing": "traceparent;desc=\u002200-56e0ffebddcf005a57debfee395db87e-babd43ced8e7f40e-01\u0022",
        "Strict-Transport-Security": "max-age=31536000; includeSubDomains",
        "Transfer-Encoding": "chunked",
        "Vary": [
          "Accept-Encoding",
          "Accept-Encoding"
        ],
        "x-aml-cluster": "vienna-eastus2-01",
        "X-Content-Type-Options": "nosniff",
        "x-ms-correlation-request-id": "3a34dbd2-9b11-4797-ac6e-4d4bb21e505d",
        "x-ms-ratelimit-remaining-subscription-reads": "11978",
        "x-ms-response-type": "standard",
        "x-ms-routing-request-id": "WESTUS2:20230212T043052Z:3a34dbd2-9b11-4797-ac6e-4d4bb21e505d",
        "x-request-time": "0.049"
      },
      "ResponseBody": {
        "id": "/subscriptions/00000000-0000-0000-0000-000000000/resourceGroups/00000/providers/Microsoft.MachineLearningServices/workspaces/00000/codes/c5e725e4-390c-4ed9-8afd-37e3b074f122/versions/1",
        "name": "1",
        "type": "Microsoft.MachineLearningServices/workspaces/codes/versions",
        "properties": {
          "description": null,
          "tags": {},
          "properties": {
            "hash_sha256": "0000000000000",
            "hash_version": "0000000000000"
          },
          "isArchived": false,
          "isAnonymous": false,
          "codeUri": "https://safat2f6rn4hclg.blob.core.windows.net:443/f7a7a6a9-1-86388875-dda4-563f-ab2b-30deadecd2c5/"
        },
        "systemData": {
          "createdAt": "2023-02-10T05:46:32.7207975\u002B00:00",
          "createdBy": "Diondra Peck",
          "createdByType": "User",
          "lastModifiedAt": "2023-02-10T05:46:32.7207975\u002B00:00",
          "lastModifiedBy": "Diondra Peck",
          "lastModifiedByType": "User"
        }
      }
    },
    {
      "RequestUri": "https://management.azure.com/subscriptions/00000000-0000-0000-0000-000000000/resourceGroups/00000/providers/Microsoft.MachineLearningServices/workspaces/00000/components/azureml_anonymous/versions/000000000000000000000?api-version=2022-10-01",
      "RequestMethod": "PUT",
      "RequestHeaders": {
        "Accept": "application/json",
        "Accept-Encoding": "gzip, deflate",
        "Connection": "keep-alive",
        "Content-Length": "1275",
        "Content-Type": "application/json",
        "User-Agent": "azure-ai-ml/1.5.0 azsdk-python-mgmt-machinelearningservices/0.1.0 Python/3.7.9 (Windows-10-10.0.22621-SP0)"
      },
      "RequestBody": {
        "properties": {
          "description": "This is the basic command component",
          "properties": {},
          "tags": {
            "tag": "tagvalue",
            "owner": "sdkteam"
          },
          "isAnonymous": true,
          "isArchived": false,
          "componentSpec": {
            "command": "echo Hello World \u0026 echo $[[${{inputs.component_in_number}}]] \u0026 echo ${{inputs.component_in_path}} \u0026 echo ${{outputs.component_out_path}} \u003E ${{outputs.component_out_path}}/component_in_number",
            "code": "azureml:/subscriptions/00000000-0000-0000-0000-000000000/resourceGroups/00000/providers/Microsoft.MachineLearningServices/workspaces/00000/codes/c5e725e4-390c-4ed9-8afd-37e3b074f122/versions/1",
            "environment": "azureml:AzureML-sklearn-0.24-ubuntu18.04-py37-cpu:1",
            "name": "azureml_anonymous",
            "description": "This is the basic command component",
            "tags": {
              "tag": "tagvalue",
              "owner": "sdkteam"
            },
            "version": "1",
            "$schema": "https://azuremlschemas.azureedge.net/development/commandComponent.schema.json",
            "display_name": "CommandComponentBasic",
            "is_deterministic": true,
            "inputs": {
              "component_in_number": {
                "type": "number",
                "optional": true,
                "default": "10.99",
                "description": "A number"
              },
              "component_in_path": {
                "type": "uri_folder",
                "description": "A path"
              }
            },
            "outputs": {
              "component_out_path": {
                "type": "uri_folder"
              }
            },
            "type": "command",
            "_source": "YAML.JOB"
          }
        }
      },
      "StatusCode": 201,
      "ResponseHeaders": {
        "Cache-Control": "no-cache",
        "Content-Length": "2269",
        "Content-Type": "application/json; charset=utf-8",
        "Date": "Sun, 12 Feb 2023 04:30:52 GMT",
        "Expires": "-1",
        "Location": "https://management.azure.com/subscriptions/00000000-0000-0000-0000-000000000/resourceGroups/00000/providers/Microsoft.MachineLearningServices/workspaces/00000/components/azureml_anonymous/versions/000000000000000000000?api-version=2022-10-01",
        "Pragma": "no-cache",
        "Request-Context": "appId=cid-v1:2d2e8e63-272e-4b3c-8598-4ee570a0e70d",
        "Server-Timing": "traceparent;desc=\u002200-f97959a47d562e3912059f4d561cbc73-0ac1b2ed43f2c740-01\u0022",
        "Strict-Transport-Security": "max-age=31536000; includeSubDomains",
        "x-aml-cluster": "vienna-eastus2-01",
        "X-Content-Type-Options": "nosniff",
        "x-ms-correlation-request-id": "76d315ab-c64e-455a-980a-5e36af208004",
        "x-ms-ratelimit-remaining-subscription-writes": "1186",
        "x-ms-response-type": "standard",
        "x-ms-routing-request-id": "WESTUS2:20230212T043053Z:76d315ab-c64e-455a-980a-5e36af208004",
        "x-request-time": "0.426"
      },
      "ResponseBody": {
        "id": "/subscriptions/00000000-0000-0000-0000-000000000/resourceGroups/00000/providers/Microsoft.MachineLearningServices/workspaces/00000/components/azureml_anonymous/versions/0337055c-f11c-482b-a0a1-894faabe6779",
        "name": "0337055c-f11c-482b-a0a1-894faabe6779",
        "type": "Microsoft.MachineLearningServices/workspaces/components/versions",
        "properties": {
          "description": null,
          "tags": {
            "tag": "tagvalue",
            "owner": "sdkteam"
          },
          "properties": {},
          "isArchived": false,
          "isAnonymous": true,
          "componentSpec": {
            "name": "azureml_anonymous",
            "version": "1",
            "display_name": "CommandComponentBasic",
            "is_deterministic": "True",
            "type": "command",
            "description": "This is the basic command component",
            "tags": {
              "tag": "tagvalue",
              "owner": "sdkteam"
            },
            "inputs": {
              "component_in_path": {
                "type": "uri_folder",
                "optional": "False",
                "description": "A path"
              },
              "component_in_number": {
                "type": "number",
                "optional": "True",
                "default": "10.99",
                "description": "A number"
              }
            },
            "outputs": {
              "component_out_path": {
                "type": "uri_folder"
              }
            },
            "code": "azureml:/subscriptions/00000000-0000-0000-0000-000000000/resourceGroups/00000/providers/Microsoft.MachineLearningServices/workspaces/00000/codes/c5e725e4-390c-4ed9-8afd-37e3b074f122/versions/1",
            "environment": "azureml://registries/azureml/environments/AzureML-sklearn-0.24-ubuntu18.04-py37-cpu/versions/1",
            "resources": {
              "instance_count": "1"
            },
            "command": "echo Hello World \u0026 echo $[[${{inputs.component_in_number}}]] \u0026 echo ${{inputs.component_in_path}} \u0026 echo ${{outputs.component_out_path}} \u003E ${{outputs.component_out_path}}/component_in_number",
            "$schema": "https://azuremlschemas.azureedge.net/development/commandComponent.schema.json"
          }
        },
        "systemData": {
          "createdAt": "2023-02-10T18:00:02.3347488\u002B00:00",
          "createdBy": "Diondra Peck",
          "createdByType": "User",
          "lastModifiedAt": "2023-02-10T18:00:02.4044543\u002B00:00",
          "lastModifiedBy": "Diondra Peck",
          "lastModifiedByType": "User"
        }
      }
    },
    {
      "RequestUri": "https://management.azure.com/subscriptions/00000000-0000-0000-0000-000000000/resourceGroups/00000/providers/Microsoft.MachineLearningServices/workspaces/00000/datastores/workspaceblobstore?api-version=2022-10-01",
      "RequestMethod": "GET",
      "RequestHeaders": {
        "Accept": "application/json",
        "Accept-Encoding": "gzip, deflate",
        "Connection": "keep-alive",
        "User-Agent": "azure-ai-ml/1.5.0 azsdk-python-mgmt-machinelearningservices/0.1.0 Python/3.7.9 (Windows-10-10.0.22621-SP0)"
      },
      "RequestBody": null,
      "StatusCode": 200,
      "ResponseHeaders": {
        "Cache-Control": "no-cache",
        "Content-Encoding": "gzip",
        "Content-Type": "application/json; charset=utf-8",
        "Date": "Sun, 12 Feb 2023 04:30:53 GMT",
        "Expires": "-1",
        "Pragma": "no-cache",
        "Request-Context": "appId=cid-v1:2d2e8e63-272e-4b3c-8598-4ee570a0e70d",
        "Server-Timing": "traceparent;desc=\u002200-b51dbe819d335c59f3b4eabd38813dc3-9ec926530d14c343-01\u0022",
        "Strict-Transport-Security": "max-age=31536000; includeSubDomains",
        "Transfer-Encoding": "chunked",
        "Vary": [
          "Accept-Encoding",
          "Accept-Encoding"
        ],
        "x-aml-cluster": "vienna-eastus2-01",
        "X-Content-Type-Options": "nosniff",
        "x-ms-correlation-request-id": "763ef084-66f0-44ae-a8d0-52505304c572",
        "x-ms-ratelimit-remaining-subscription-reads": "11977",
        "x-ms-response-type": "standard",
        "x-ms-routing-request-id": "WESTUS2:20230212T043053Z:763ef084-66f0-44ae-a8d0-52505304c572",
        "x-request-time": "0.096"
      },
      "ResponseBody": {
        "id": "/subscriptions/00000000-0000-0000-0000-000000000/resourceGroups/00000/providers/Microsoft.MachineLearningServices/workspaces/00000/datastores/workspaceblobstore",
        "name": "workspaceblobstore",
        "type": "Microsoft.MachineLearningServices/workspaces/datastores",
        "properties": {
          "description": null,
          "tags": null,
          "properties": null,
          "isDefault": true,
          "credentials": {
            "credentialsType": "AccountKey"
          },
          "datastoreType": "AzureBlob",
          "accountName": "safat2f6rn4hclg",
          "containerName": "azureml-blobstore-f7a7a6a9-166d-4f8e-9423-60668c799dd1",
          "endpoint": "core.windows.net",
          "protocol": "https",
          "serviceDataAccessAuthIdentity": "WorkspaceSystemAssignedIdentity"
        },
        "systemData": {
          "createdAt": "2023-02-09T01:54:14.8328018\u002B00:00",
          "createdBy": "779301c0-18b2-4cdc-801b-a0a3368fee0a",
          "createdByType": "Application",
          "lastModifiedAt": "2023-02-09T01:54:15.4266439\u002B00:00",
          "lastModifiedBy": "779301c0-18b2-4cdc-801b-a0a3368fee0a",
          "lastModifiedByType": "Application"
        }
      }
    },
    {
      "RequestUri": "https://management.azure.com/subscriptions/00000000-0000-0000-0000-000000000/resourceGroups/00000/providers/Microsoft.MachineLearningServices/workspaces/00000/datastores/workspaceblobstore/listSecrets?api-version=2022-10-01",
      "RequestMethod": "POST",
      "RequestHeaders": {
        "Accept": "application/json",
        "Accept-Encoding": "gzip, deflate",
        "Connection": "keep-alive",
        "Content-Length": "0",
        "User-Agent": "azure-ai-ml/1.5.0 azsdk-python-mgmt-machinelearningservices/0.1.0 Python/3.7.9 (Windows-10-10.0.22621-SP0)"
      },
      "RequestBody": null,
      "StatusCode": 200,
      "ResponseHeaders": {
        "Cache-Control": "no-cache",
        "Content-Encoding": "gzip",
        "Content-Type": "application/json; charset=utf-8",
        "Date": "Sun, 12 Feb 2023 04:30:53 GMT",
        "Expires": "-1",
        "Pragma": "no-cache",
        "Request-Context": "appId=cid-v1:2d2e8e63-272e-4b3c-8598-4ee570a0e70d",
        "Server-Timing": "traceparent;desc=\u002200-90b758662fcd306ba30c8d898145df3f-ea13e90a4b173211-01\u0022",
        "Strict-Transport-Security": "max-age=31536000; includeSubDomains",
        "Transfer-Encoding": "chunked",
        "Vary": "Accept-Encoding",
        "x-aml-cluster": "vienna-eastus2-01",
        "X-Content-Type-Options": "nosniff",
        "x-ms-correlation-request-id": "2a895b07-1d3e-43cf-bb83-c9063b30da14",
        "x-ms-ratelimit-remaining-subscription-writes": "1195",
        "x-ms-response-type": "standard",
        "x-ms-routing-request-id": "WESTUS2:20230212T043054Z:2a895b07-1d3e-43cf-bb83-c9063b30da14",
        "x-request-time": "0.075"
      },
      "ResponseBody": {
        "secretsType": "AccountKey",
        "key": "dGhpcyBpcyBmYWtlIGtleQ=="
      }
    },
    {
      "RequestUri": "https://safat2f6rn4hclg.blob.core.windows.net/azureml-blobstore-f7a7a6a9-166d-4f8e-9423-60668c799dd1/LocalUpload/00000000000000000000000000000000/data/sample1.csv",
      "RequestMethod": "HEAD",
      "RequestHeaders": {
        "Accept": "application/xml",
        "Accept-Encoding": "gzip, deflate",
        "Connection": "keep-alive",
        "User-Agent": "azsdk-python-storage-blob/12.14.1 Python/3.7.9 (Windows-10-10.0.22621-SP0)",
        "x-ms-date": "Sun, 12 Feb 2023 04:30:54 GMT",
        "x-ms-version": "2021-08-06"
      },
      "RequestBody": null,
      "StatusCode": 200,
      "ResponseHeaders": {
        "Accept-Ranges": "bytes",
        "Content-Length": "499",
        "Content-MD5": "kD7N5\u002BygjTfbYTFhyEo7RA==",
        "Content-Type": "application/octet-stream",
        "Date": "Sun, 12 Feb 2023 04:30:53 GMT",
        "ETag": "\u00220x8DB0A44A847D81E\u0022",
        "Last-Modified": "Thu, 09 Feb 2023 02:23:40 GMT",
        "Server": [
          "Windows-Azure-Blob/1.0",
          "Microsoft-HTTPAPI/2.0"
        ],
        "Vary": "Origin",
        "x-ms-access-tier": "Hot",
        "x-ms-access-tier-inferred": "true",
        "x-ms-blob-type": "BlockBlob",
        "x-ms-creation-time": "Thu, 09 Feb 2023 02:23:39 GMT",
        "x-ms-lease-state": "available",
        "x-ms-lease-status": "unlocked",
        "x-ms-meta-name": "c1166f0b-1354-4e4b-af57-7a425c41999e",
        "x-ms-meta-upload_status": "completed",
        "x-ms-meta-version": "5cfc8745-c7da-4612-baf2-af1f63436df4",
        "x-ms-server-encrypted": "true",
        "x-ms-version": "2021-08-06"
      },
      "ResponseBody": null
    },
    {
      "RequestUri": "https://safat2f6rn4hclg.blob.core.windows.net/azureml-blobstore-f7a7a6a9-166d-4f8e-9423-60668c799dd1/az-ml-artifacts/00000000000000000000000000000000/data/sample1.csv",
      "RequestMethod": "HEAD",
      "RequestHeaders": {
        "Accept": "application/xml",
        "Accept-Encoding": "gzip, deflate",
        "Connection": "keep-alive",
        "User-Agent": "azsdk-python-storage-blob/12.14.1 Python/3.7.9 (Windows-10-10.0.22621-SP0)",
        "x-ms-date": "Sun, 12 Feb 2023 04:30:54 GMT",
        "x-ms-version": "2021-08-06"
      },
      "RequestBody": null,
      "StatusCode": 404,
      "ResponseHeaders": {
        "Date": "Sun, 12 Feb 2023 04:30:53 GMT",
        "Server": [
          "Windows-Azure-Blob/1.0",
          "Microsoft-HTTPAPI/2.0"
        ],
        "Transfer-Encoding": "chunked",
        "Vary": "Origin",
        "x-ms-error-code": "BlobNotFound",
        "x-ms-version": "2021-08-06"
      },
      "ResponseBody": null
    },
    {
      "RequestUri": "https://management.azure.com/subscriptions/00000000-0000-0000-0000-000000000/resourceGroups/00000/providers/Microsoft.MachineLearningServices/workspaces/00000/jobs/test_984922866620?api-version=2022-12-01-preview",
      "RequestMethod": "PUT",
      "RequestHeaders": {
        "Accept": "application/json",
        "Accept-Encoding": "gzip, deflate",
        "Connection": "keep-alive",
        "Content-Length": "1477",
        "Content-Type": "application/json",
        "User-Agent": "azure-ai-ml/1.5.0 azsdk-python-mgmt-machinelearningservices/0.1.0 Python/3.7.9 (Windows-10-10.0.22621-SP0)"
      },
      "RequestBody": {
        "properties": {
          "description": "The hello world pipeline job with file inline components",
          "properties": {},
          "tags": {
            "tag": "tagvalue",
            "owner": "sdkteam"
          },
          "computeId": "/subscriptions/00000000-0000-0000-0000-000000000/resourceGroups/00000/providers/Microsoft.MachineLearningServices/workspaces/00000/computes/cpu-cluster",
          "displayName": "test_984922866620",
          "experimentName": "azure-ai-ml",
          "isArchived": false,
          "jobType": "Pipeline",
          "inputs": {
            "job_in_number": {
              "jobInputType": "literal",
              "value": "10"
            },
            "job_in_path": {
              "mode": "ReadOnlyMount",
              "uri": "azureml://datastores/workspaceblobstore/paths/LocalUpload/00000000000000000000000000000000/data/",
              "jobInputType": "uri_folder"
            }
          },
          "jobs": {
            "hello_world_component_inline_file": {
              "name": "hello_world_component_inline_file",
              "type": "command",
              "computeId": "/subscriptions/00000000-0000-0000-0000-000000000/resourceGroups/00000/providers/Microsoft.MachineLearningServices/workspaces/00000/computes/cpu-cluster",
              "inputs": {
                "component_in_number": {
                  "job_input_type": "literal",
                  "value": "${{parent.inputs.job_in_number}}"
                },
                "component_in_path": {
                  "job_input_type": "literal",
                  "value": "${{parent.inputs.job_in_path}}"
                }
              },
              "_source": "YAML.JOB",
              "componentId": "/subscriptions/00000000-0000-0000-0000-000000000/resourceGroups/00000/providers/Microsoft.MachineLearningServices/workspaces/00000/components/azureml_anonymous/versions/0337055c-f11c-482b-a0a1-894faabe6779"
            }
          },
          "outputs": {},
          "settings": {
            "_source": "YAML.JOB"
          }
        }
      },
      "StatusCode": 201,
      "ResponseHeaders": {
        "Cache-Control": "no-cache",
        "Content-Length": "3593",
        "Content-Type": "application/json; charset=utf-8",
        "Date": "Sun, 12 Feb 2023 04:30:56 GMT",
        "Expires": "-1",
        "Location": "https://management.azure.com/subscriptions/00000000-0000-0000-0000-000000000/resourceGroups/00000/providers/Microsoft.MachineLearningServices/workspaces/00000/jobs/test_984922866620?api-version=2022-12-01-preview",
        "Pragma": "no-cache",
        "Request-Context": "appId=cid-v1:2d2e8e63-272e-4b3c-8598-4ee570a0e70d",
        "Server-Timing": "traceparent;desc=\u002200-0bbb27052349ab374aee13b54b75a65f-30c8adbb37e8f820-01\u0022",
        "Strict-Transport-Security": "max-age=31536000; includeSubDomains",
        "x-aml-cluster": "vienna-eastus2-01",
        "X-Content-Type-Options": "nosniff",
        "x-ms-correlation-request-id": "01f749c9-c182-4d66-a858-8f5e6b32825e",
        "x-ms-ratelimit-remaining-subscription-writes": "1185",
        "x-ms-response-type": "standard",
        "x-ms-routing-request-id": "WESTUS2:20230212T043057Z:01f749c9-c182-4d66-a858-8f5e6b32825e",
        "x-request-time": "1.215"
      },
      "ResponseBody": {
        "id": "/subscriptions/00000000-0000-0000-0000-000000000/resourceGroups/00000/providers/Microsoft.MachineLearningServices/workspaces/00000/jobs/test_984922866620",
        "name": "test_984922866620",
        "type": "Microsoft.MachineLearningServices/workspaces/jobs",
        "properties": {
          "description": "The hello world pipeline job with file inline components",
          "tags": {
            "tag": "tagvalue",
            "owner": "sdkteam"
          },
          "properties": {
            "azureml.DevPlatv2": "true",
            "azureml.runsource": "azureml.PipelineRun",
            "runSource": "MFE",
            "runType": "HTTP",
            "azureml.parameters": "{\u0022job_in_number\u0022:\u002210\u0022}",
            "azureml.continue_on_step_failure": "False",
            "azureml.continue_on_failed_optional_input": "True",
            "azureml.defaultComputeName": "cpu-cluster",
            "azureml.defaultDataStoreName": "workspaceblobstore",
            "azureml.pipelineComponent": "pipelinerun"
          },
          "displayName": "test_984922866620",
          "status": "Preparing",
          "experimentName": "azure-ai-ml",
          "services": {
            "Tracking": {
              "jobServiceType": "Tracking",
              "port": null,
              "endpoint": "azureml://eastus2.api.azureml.ms/mlflow/v1.0/subscriptions/00000000-0000-0000-0000-000000000/resourceGroups/00000/providers/Microsoft.MachineLearningServices/workspaces/00000?",
              "status": null,
              "errorMessage": null,
              "properties": null,
              "nodes": null
            },
            "Studio": {
              "jobServiceType": "Studio",
              "port": null,
              "endpoint": "https://ml.azure.com/runs/test_984922866620?wsid=/subscriptions/00000000-0000-0000-0000-000000000/resourcegroups/00000/workspaces/00000",
              "status": null,
              "errorMessage": null,
              "properties": null,
              "nodes": null
            }
          },
          "computeId": "/subscriptions/00000000-0000-0000-0000-000000000/resourceGroups/00000/providers/Microsoft.MachineLearningServices/workspaces/00000/computes/cpu-cluster",
          "isArchived": false,
          "identity": null,
          "componentId": null,
          "jobType": "Pipeline",
          "settings": {
            "_source": "YAML.JOB"
          },
          "jobs": {
            "hello_world_component_inline_file": {
              "name": "hello_world_component_inline_file",
              "type": "command",
              "computeId": "/subscriptions/00000000-0000-0000-0000-000000000/resourceGroups/00000/providers/Microsoft.MachineLearningServices/workspaces/00000/computes/cpu-cluster",
              "inputs": {
                "component_in_number": {
                  "job_input_type": "literal",
                  "value": "${{parent.inputs.job_in_number}}"
                },
                "component_in_path": {
                  "job_input_type": "literal",
                  "value": "${{parent.inputs.job_in_path}}"
                }
              },
              "_source": "YAML.JOB",
              "componentId": "/subscriptions/00000000-0000-0000-0000-000000000/resourceGroups/00000/providers/Microsoft.MachineLearningServices/workspaces/00000/components/azureml_anonymous/versions/0337055c-f11c-482b-a0a1-894faabe6779"
            }
          },
          "inputs": {
            "job_in_number": {
              "description": null,
              "jobInputType": "literal",
              "value": "10"
            },
            "job_in_path": {
              "description": null,
              "uri": "azureml://datastores/workspaceblobstore/paths/LocalUpload/00000000000000000000000000000000/data/",
              "mode": "ReadOnlyMount",
              "jobInputType": "uri_folder"
            }
          },
          "outputs": {},
          "sourceJobId": null
        },
        "systemData": {
          "createdAt": "2023-02-12T04:30:56.779172\u002B00:00",
          "createdBy": "Diondra Peck",
          "createdByType": "User"
        }
      }
    },
    {
      "RequestUri": "https://management.azure.com/subscriptions/00000000-0000-0000-0000-000000000/resourceGroups/00000/providers/Microsoft.MachineLearningServices/workspaces/00000/components/azureml_anonymous/versions/0337055c-f11c-482b-a0a1-894faabe6779?api-version=2022-10-01",
      "RequestMethod": "GET",
      "RequestHeaders": {
        "Accept": "application/json",
        "Accept-Encoding": "gzip, deflate",
        "Connection": "keep-alive",
        "User-Agent": "azure-ai-ml/1.5.0 azsdk-python-mgmt-machinelearningservices/0.1.0 Python/3.7.9 (Windows-10-10.0.22621-SP0)"
      },
      "RequestBody": null,
      "StatusCode": 200,
      "ResponseHeaders": {
        "Cache-Control": "no-cache",
        "Content-Encoding": "gzip",
        "Content-Type": "application/json; charset=utf-8",
        "Date": "Sun, 12 Feb 2023 04:30:58 GMT",
        "Expires": "-1",
        "Pragma": "no-cache",
        "Request-Context": "appId=cid-v1:2d2e8e63-272e-4b3c-8598-4ee570a0e70d",
        "Server-Timing": "traceparent;desc=\u002200-149d15d671bf0d15b5fba0ddeef58281-f14ad63d716d0b02-01\u0022",
        "Strict-Transport-Security": "max-age=31536000; includeSubDomains",
        "Transfer-Encoding": "chunked",
        "Vary": [
          "Accept-Encoding",
          "Accept-Encoding"
        ],
        "x-aml-cluster": "vienna-eastus2-01",
        "X-Content-Type-Options": "nosniff",
        "x-ms-correlation-request-id": "ab7abfdd-a027-457a-88e6-ad9992a8de76",
        "x-ms-ratelimit-remaining-subscription-reads": "11976",
        "x-ms-response-type": "standard",
        "x-ms-routing-request-id": "WESTUS2:20230212T043058Z:ab7abfdd-a027-457a-88e6-ad9992a8de76",
        "x-request-time": "0.067"
      },
      "ResponseBody": {
        "id": "/subscriptions/00000000-0000-0000-0000-000000000/resourceGroups/00000/providers/Microsoft.MachineLearningServices/workspaces/00000/components/azureml_anonymous/versions/0337055c-f11c-482b-a0a1-894faabe6779",
        "name": "0337055c-f11c-482b-a0a1-894faabe6779",
        "type": "Microsoft.MachineLearningServices/workspaces/components/versions",
        "properties": {
          "description": null,
          "tags": {
            "tag": "tagvalue",
            "owner": "sdkteam"
          },
          "properties": {},
          "isArchived": false,
          "isAnonymous": true,
          "componentSpec": {
            "name": "azureml_anonymous",
            "version": "1",
            "display_name": "CommandComponentBasic",
            "is_deterministic": "True",
            "type": "command",
            "description": "This is the basic command component",
            "tags": {
              "tag": "tagvalue",
              "owner": "sdkteam"
            },
            "inputs": {
              "component_in_path": {
                "type": "uri_folder",
                "optional": "False",
                "description": "A path"
              },
              "component_in_number": {
                "type": "number",
                "optional": "True",
                "default": "10.99",
                "description": "A number"
              }
            },
            "outputs": {
              "component_out_path": {
                "type": "uri_folder"
              }
            },
            "code": "azureml:/subscriptions/00000000-0000-0000-0000-000000000/resourceGroups/00000/providers/Microsoft.MachineLearningServices/workspaces/00000/codes/c5e725e4-390c-4ed9-8afd-37e3b074f122/versions/1",
            "environment": "azureml://registries/azureml/environments/AzureML-sklearn-0.24-ubuntu18.04-py37-cpu/versions/1",
            "resources": {
              "instance_count": "1"
            },
            "command": "echo Hello World \u0026 echo $[[${{inputs.component_in_number}}]] \u0026 echo ${{inputs.component_in_path}} \u0026 echo ${{outputs.component_out_path}} \u003E ${{outputs.component_out_path}}/component_in_number",
            "$schema": "https://azuremlschemas.azureedge.net/development/commandComponent.schema.json"
          }
        },
        "systemData": {
          "createdAt": "2023-02-10T18:00:02.3347488\u002B00:00",
          "createdBy": "Diondra Peck",
          "createdByType": "User",
          "lastModifiedAt": "2023-02-10T18:00:02.4044543\u002B00:00",
          "lastModifiedBy": "Diondra Peck",
          "lastModifiedByType": "User"
        }
      }
    }
  ],
  "Variables": {
    "name": "test_984922866620"
  }
}
