{
  "Entries": [
    {
      "RequestUri": "https://management.azure.com/subscriptions/00000000-0000-0000-0000-000000000/resourceGroups/00000/providers/Microsoft.MachineLearningServices/workspaces/00000/datastores/workspaceblobstore?api-version=2022-05-01",
      "RequestMethod": "GET",
      "RequestHeaders": {
        "Accept": "application/json",
        "Accept-Encoding": "gzip, deflate",
        "Connection": "keep-alive",
        "User-Agent": "azure-ai-ml/1.1.0 azsdk-python-mgmt-machinelearningservices/0.1.0 Python/3.8.13 (macOS-13.0-arm64-i386-64bit)"
      },
      "RequestBody": null,
      "StatusCode": 200,
      "ResponseHeaders": {
        "Cache-Control": "no-cache",
        "Content-Length": "1068",
        "Content-Type": "application/json; charset=utf-8",
        "Date": "Wed, 09 Nov 2022 07:03:32 GMT",
        "Expires": "-1",
        "Pragma": "no-cache",
        "Request-Context": "appId=cid-v1:2d2e8e63-272e-4b3c-8598-4ee570a0e70d",
        "Server-Timing": "traceparent;desc=\u002200-9b3fa3197f1c84e7435e89f367a5f5fe-a3762bd760804a6f-00\u0022",
        "Strict-Transport-Security": "max-age=31536000; includeSubDomains",
        "Vary": "Accept-Encoding",
        "x-aml-cluster": "vienna-eastus2-02",
        "X-Content-Type-Options": "nosniff",
        "x-ms-correlation-request-id": "14205cad-adca-4a67-beb9-a295c5a027c2",
        "x-ms-ratelimit-remaining-subscription-reads": "11867",
        "x-ms-response-type": "standard",
        "x-ms-routing-request-id": "JAPANEAST:20221109T070332Z:14205cad-adca-4a67-beb9-a295c5a027c2",
        "x-request-time": "0.161"
      },
      "ResponseBody": {
        "id": "/subscriptions/00000000-0000-0000-0000-000000000/resourceGroups/00000/providers/Microsoft.MachineLearningServices/workspaces/00000/datastores/workspaceblobstore",
        "name": "workspaceblobstore",
        "type": "Microsoft.MachineLearningServices/workspaces/datastores",
        "properties": {
          "description": null,
          "tags": null,
          "properties": null,
          "isDefault": true,
          "credentials": {
            "credentialsType": "AccountKey"
          },
          "datastoreType": "AzureBlob",
          "accountName": "sav3u7rijui4cza",
          "containerName": "azureml-blobstore-a6db4a2a-8424-44da-a5a8-d604852f4fc3",
          "endpoint": "core.windows.net",
          "protocol": "https",
          "serviceDataAccessAuthIdentity": "WorkspaceSystemAssignedIdentity"
        },
        "systemData": {
          "createdAt": "2022-10-10T07:43:07.7818269\u002B00:00",
          "createdBy": "779301c0-18b2-4cdc-801b-a0a3368fee0a",
          "createdByType": "Application",
          "lastModifiedAt": "2022-10-10T07:43:08.5293577\u002B00:00",
          "lastModifiedBy": "779301c0-18b2-4cdc-801b-a0a3368fee0a",
          "lastModifiedByType": "Application"
        }
      }
    },
    {
      "RequestUri": "https://management.azure.com/subscriptions/00000000-0000-0000-0000-000000000/resourceGroups/00000/providers/Microsoft.MachineLearningServices/workspaces/00000/datastores/workspaceblobstore/listSecrets?api-version=2022-05-01",
      "RequestMethod": "POST",
      "RequestHeaders": {
        "Accept": "application/json",
        "Accept-Encoding": "gzip, deflate",
        "Connection": "keep-alive",
        "Content-Length": "0",
        "User-Agent": "azure-ai-ml/1.1.0 azsdk-python-mgmt-machinelearningservices/0.1.0 Python/3.8.13 (macOS-13.0-arm64-i386-64bit)"
      },
      "RequestBody": null,
      "StatusCode": 200,
      "ResponseHeaders": {
        "Cache-Control": "no-cache",
        "Content-Length": "61",
        "Content-Type": "application/json; charset=utf-8",
        "Date": "Wed, 09 Nov 2022 07:03:33 GMT",
        "Expires": "-1",
        "Pragma": "no-cache",
        "Request-Context": "appId=cid-v1:2d2e8e63-272e-4b3c-8598-4ee570a0e70d",
        "Server-Timing": "traceparent;desc=\u002200-cb7332d79de82b025d8da7c01fbdb0f4-236129b33e484470-01\u0022",
        "Strict-Transport-Security": "max-age=31536000; includeSubDomains",
        "x-aml-cluster": "vienna-eastus2-02",
        "X-Content-Type-Options": "nosniff",
        "x-ms-correlation-request-id": "f53eeb26-85d6-427e-80a8-c071e8842afb",
        "x-ms-ratelimit-remaining-subscription-writes": "1127",
        "x-ms-response-type": "standard",
        "x-ms-routing-request-id": "JAPANEAST:20221109T070333Z:f53eeb26-85d6-427e-80a8-c071e8842afb",
        "x-request-time": "0.198"
      },
      "ResponseBody": {
        "secretsType": "AccountKey",
        "key": "dGhpcyBpcyBmYWtlIGtleQ=="
      }
    },
    {
      "RequestUri": "https://sav3u7rijui4cza.blob.core.windows.net/azureml-blobstore-a6db4a2a-8424-44da-a5a8-d604852f4fc3/LocalUpload/00000000000000000000000000000000/COMPONENT_PLACEHOLDER",
      "RequestMethod": "HEAD",
      "RequestHeaders": {
        "Accept": "application/xml",
        "Accept-Encoding": "gzip, deflate",
        "Connection": "keep-alive",
        "User-Agent": "azsdk-python-storage-blob/12.13.1 Python/3.8.13 (macOS-13.0-arm64-i386-64bit)",
        "x-ms-date": "Wed, 09 Nov 2022 07:03:33 GMT",
        "x-ms-version": "2021-08-06"
      },
      "RequestBody": null,
      "StatusCode": 200,
      "ResponseHeaders": {
        "Accept-Ranges": "bytes",
        "Content-Length": "35",
        "Content-MD5": "L/DnSpFIn\u002BjaQWc\u002BsUQdcw==",
        "Content-Type": "application/octet-stream",
        "Date": "Wed, 09 Nov 2022 07:03:33 GMT",
        "ETag": "\u00220x8DAC13EFDFF2C0D\u0022",
        "Last-Modified": "Tue, 08 Nov 2022 04:09:11 GMT",
        "Server": [
          "Windows-Azure-Blob/1.0",
          "Microsoft-HTTPAPI/2.0"
        ],
        "Vary": "Origin",
        "x-ms-access-tier": "Hot",
        "x-ms-access-tier-inferred": "true",
        "x-ms-blob-type": "BlockBlob",
        "x-ms-creation-time": "Tue, 08 Nov 2022 04:09:11 GMT",
        "x-ms-lease-state": "available",
        "x-ms-lease-status": "unlocked",
        "x-ms-meta-name": "5d0c2440-3f92-4bf0-a277-a2158e0ee09d",
        "x-ms-meta-upload_status": "completed",
        "x-ms-meta-version": "1",
        "x-ms-server-encrypted": "true",
        "x-ms-version": "2021-08-06"
      },
      "ResponseBody": null
    },
    {
      "RequestUri": "https://sav3u7rijui4cza.blob.core.windows.net/azureml-blobstore-a6db4a2a-8424-44da-a5a8-d604852f4fc3/az-ml-artifacts/00000000000000000000000000000000/COMPONENT_PLACEHOLDER",
      "RequestMethod": "HEAD",
      "RequestHeaders": {
        "Accept": "application/xml",
        "Accept-Encoding": "gzip, deflate",
        "Connection": "keep-alive",
        "User-Agent": "azsdk-python-storage-blob/12.13.1 Python/3.8.13 (macOS-13.0-arm64-i386-64bit)",
        "x-ms-date": "Wed, 09 Nov 2022 07:03:33 GMT",
        "x-ms-version": "2021-08-06"
      },
      "RequestBody": null,
      "StatusCode": 404,
      "ResponseHeaders": {
        "Date": "Wed, 09 Nov 2022 07:03:33 GMT",
        "Server": [
          "Windows-Azure-Blob/1.0",
          "Microsoft-HTTPAPI/2.0"
        ],
        "Transfer-Encoding": "chunked",
        "Vary": "Origin",
        "x-ms-error-code": "BlobNotFound",
        "x-ms-version": "2021-08-06"
      },
      "ResponseBody": null
    },
    {
      "RequestUri": "https://management.azure.com/subscriptions/00000000-0000-0000-0000-000000000/resourceGroups/00000/providers/Microsoft.MachineLearningServices/workspaces/00000/codes/5d0c2440-3f92-4bf0-a277-a2158e0ee09d/versions/1?api-version=2022-05-01",
      "RequestMethod": "PUT",
      "RequestHeaders": {
        "Accept": "application/json",
        "Accept-Encoding": "gzip, deflate",
        "Connection": "keep-alive",
        "Content-Length": "288",
        "Content-Type": "application/json",
        "User-Agent": "azure-ai-ml/1.1.0 azsdk-python-mgmt-machinelearningservices/0.1.0 Python/3.8.13 (macOS-13.0-arm64-i386-64bit)"
      },
      "RequestBody": {
        "properties": {
          "properties": {
            "hash_sha256": "0000000000000",
            "hash_version": "0000000000000"
          },
          "isAnonymous": true,
          "isArchived": false,
          "codeUri": "https://sav3u7rijui4cza.blob.core.windows.net/azureml-blobstore-a6db4a2a-8424-44da-a5a8-d604852f4fc3/LocalUpload/00000000000000000000000000000000"
        }
      },
      "StatusCode": 200,
      "ResponseHeaders": {
        "Cache-Control": "no-cache",
        "Content-Length": "812",
        "Content-Type": "application/json; charset=utf-8",
        "Date": "Wed, 09 Nov 2022 07:03:34 GMT",
        "Expires": "-1",
        "Pragma": "no-cache",
        "Request-Context": "appId=cid-v1:2d2e8e63-272e-4b3c-8598-4ee570a0e70d",
        "Server-Timing": "traceparent;desc=\u002200-1abb93aa84a3972a57466e30d0d81137-db6a1ff73a51a5d8-00\u0022",
        "Strict-Transport-Security": "max-age=31536000; includeSubDomains",
        "Vary": "Accept-Encoding",
        "x-aml-cluster": "vienna-eastus2-02",
        "X-Content-Type-Options": "nosniff",
        "x-ms-correlation-request-id": "73d6b1be-f702-404b-86f4-2394f8f715fa",
        "x-ms-ratelimit-remaining-subscription-writes": "1030",
        "x-ms-response-type": "standard",
        "x-ms-routing-request-id": "JAPANEAST:20221109T070334Z:73d6b1be-f702-404b-86f4-2394f8f715fa",
        "x-request-time": "0.060"
      },
      "ResponseBody": {
        "id": "/subscriptions/00000000-0000-0000-0000-000000000/resourceGroups/00000/providers/Microsoft.MachineLearningServices/workspaces/00000/codes/5d0c2440-3f92-4bf0-a277-a2158e0ee09d/versions/1",
        "name": "1",
        "type": "Microsoft.MachineLearningServices/workspaces/codes/versions",
        "properties": {
          "description": null,
          "tags": {},
          "properties": {
            "hash_sha256": "0000000000000",
            "hash_version": "0000000000000"
          },
          "isArchived": false,
          "isAnonymous": false,
          "codeUri": "https://sav3u7rijui4cza.blob.core.windows.net/azureml-blobstore-a6db4a2a-8424-44da-a5a8-d604852f4fc3/LocalUpload/00000000000000000000000000000000"
        },
        "systemData": {
          "createdAt": "2022-11-08T04:09:13.0225939\u002B00:00",
          "createdBy": "Honglin Du",
          "createdByType": "User",
          "lastModifiedAt": "2022-11-09T07:03:34.8078941\u002B00:00",
          "lastModifiedBy": "Honglin Du",
          "lastModifiedByType": "User"
        }
      }
    },
    {
      "RequestUri": "https://management.azure.com/subscriptions/00000000-0000-0000-0000-000000000/resourceGroups/00000/providers/Microsoft.MachineLearningServices/workspaces/00000/components/azureml_anonymous/versions/000000000000000000000?api-version=2022-05-01",
      "RequestMethod": "PUT",
      "RequestHeaders": {
        "Accept": "application/json",
        "Accept-Encoding": "gzip, deflate",
        "Connection": "keep-alive",
        "Content-Length": "1700",
        "Content-Type": "application/json",
        "User-Agent": "azure-ai-ml/1.1.0 azsdk-python-mgmt-machinelearningservices/0.1.0 Python/3.8.13 (macOS-13.0-arm64-i386-64bit)"
      },
      "RequestBody": {
        "properties": {
          "description": "Component with default and optional parameters",
          "properties": {},
          "tags": {
            "tag": "tagvalue",
            "owner": "sdkteam"
          },
          "isAnonymous": true,
          "isArchived": false,
          "componentSpec": {
            "command": "echo Hello World \u0026 echo required_param ${{inputs.required_param}} \u0026 echo required_param_with_default ${{inputs.required_param_with_default}} \u0026 $[[echo optional_param ${{inputs.optional_param}} \u0026]] $[[echo optional_param_with_default ${{inputs.optional_param_with_default}} \u0026]] echo required_input ${{inputs.required_input}} \u0026 $[[echo optional_input ${{inputs.optional_input}} \u0026]]",
            "code": "azureml:/subscriptions/00000000-0000-0000-0000-000000000/resourceGroups/00000/providers/Microsoft.MachineLearningServices/workspaces/00000/codes/5d0c2440-3f92-4bf0-a277-a2158e0ee09d/versions/1",
            "environment": "azureml:AzureML-sklearn-0.24-ubuntu18.04-py37-cpu:1",
            "name": "azureml_anonymous",
            "description": "Component with default and optional parameters",
            "tags": {
              "tag": "tagvalue",
              "owner": "sdkteam"
            },
            "version": "000000000000000000000",
            "$schema": "https://azuremlschemas.azureedge.net/development/commandComponent.schema.json",
            "display_name": "Component with default and optional parameters",
            "is_deterministic": true,
            "inputs": {
              "required_input": {
                "type": "uri_folder"
              },
              "optional_input": {
                "type": "uri_folder",
                "optional": true
              },
              "required_param": {
                "type": "string"
              },
              "required_param_with_default": {
                "type": "string",
                "default": "required_param_with_default"
              },
              "optional_param": {
                "type": "string",
                "optional": true
              },
              "optional_param_with_default": {
                "type": "string",
                "optional": true,
                "default": "optional_param_with_default"
              }
            },
            "type": "command",
            "_source": "YAML.COMPONENT"
          }
        }
      },
      "StatusCode": 201,
      "ResponseHeaders": {
        "Cache-Control": "no-cache",
        "Content-Length": "2834",
        "Content-Type": "application/json; charset=utf-8",
        "Date": "Wed, 09 Nov 2022 07:03:35 GMT",
        "Expires": "-1",
        "Location": "https://management.azure.com/subscriptions/00000000-0000-0000-0000-000000000/resourceGroups/00000/providers/Microsoft.MachineLearningServices/workspaces/00000/components/azureml_anonymous/versions/000000000000000000000?api-version=2022-05-01",
        "Pragma": "no-cache",
        "Request-Context": "appId=cid-v1:2d2e8e63-272e-4b3c-8598-4ee570a0e70d",
        "Server-Timing": "traceparent;desc=\u002200-231c63a1c21c5d87fb0d9de6b82b42d2-fdbc45dd2c485fe6-00\u0022",
        "Strict-Transport-Security": "max-age=31536000; includeSubDomains",
        "x-aml-cluster": "vienna-eastus2-02",
        "X-Content-Type-Options": "nosniff",
        "x-ms-correlation-request-id": "8d7cdad5-bdfe-46f2-aac7-b5c4b11df595",
        "x-ms-ratelimit-remaining-subscription-writes": "1029",
        "x-ms-response-type": "standard",
        "x-ms-routing-request-id": "JAPANEAST:20221109T070335Z:8d7cdad5-bdfe-46f2-aac7-b5c4b11df595",
        "x-request-time": "0.397"
      },
      "ResponseBody": {
        "id": "/subscriptions/00000000-0000-0000-0000-000000000/resourceGroups/00000/providers/Microsoft.MachineLearningServices/workspaces/00000/components/azureml_anonymous/versions/888e2c29-49f7-4059-ae5c-47f9cb6ab0a3",
        "name": "888e2c29-49f7-4059-ae5c-47f9cb6ab0a3",
        "type": "Microsoft.MachineLearningServices/workspaces/components/versions",
        "properties": {
          "description": null,
          "tags": {
            "tag": "tagvalue",
            "owner": "sdkteam"
          },
          "properties": {},
          "isArchived": false,
          "isAnonymous": true,
          "componentSpec": {
            "name": "azureml_anonymous",
            "version": "888e2c29-49f7-4059-ae5c-47f9cb6ab0a3",
            "display_name": "Component with default and optional parameters",
            "is_deterministic": "True",
            "type": "command",
            "description": "Component with default and optional parameters",
            "tags": {
              "tag": "tagvalue",
              "owner": "sdkteam"
            },
            "inputs": {
              "required_input": {
                "type": "uri_folder",
                "optional": "False"
              },
              "optional_input": {
                "type": "uri_folder",
                "optional": "True"
              },
              "required_param": {
                "type": "string",
                "optional": "False"
              },
              "required_param_with_default": {
                "type": "string",
                "optional": "False",
                "default": "required_param_with_default"
              },
              "optional_param": {
                "type": "string",
                "optional": "True"
              },
              "optional_param_with_default": {
                "type": "string",
                "optional": "True",
                "default": "optional_param_with_default"
              }
            },
            "code": "azureml:/subscriptions/00000000-0000-0000-0000-000000000/resourceGroups/00000/providers/Microsoft.MachineLearningServices/workspaces/00000/codes/5d0c2440-3f92-4bf0-a277-a2158e0ee09d/versions/1",
            "environment": "azureml://registries/azureml/environments/AzureML-sklearn-0.24-ubuntu18.04-py37-cpu/versions/1",
            "resources": {
              "instance_count": "1"
            },
            "command": "echo Hello World \u0026 echo required_param ${{inputs.required_param}} \u0026 echo required_param_with_default ${{inputs.required_param_with_default}} \u0026 $[[echo optional_param ${{inputs.optional_param}} \u0026]] $[[echo optional_param_with_default ${{inputs.optional_param_with_default}} \u0026]] echo required_input ${{inputs.required_input}} \u0026 $[[echo optional_input ${{inputs.optional_input}} \u0026]]",
            "$schema": "https://azuremlschemas.azureedge.net/development/commandComponent.schema.json"
          }
        },
        "systemData": {
          "createdAt": "2022-11-08T04:14:56.5730688\u002B00:00",
          "createdBy": "Honglin Du",
          "createdByType": "User",
          "lastModifiedAt": "2022-11-08T04:14:56.8278003\u002B00:00",
          "lastModifiedBy": "Honglin Du",
          "lastModifiedByType": "User"
        }
      }
    },
    {
      "RequestUri": "https://management.azure.com/subscriptions/00000000-0000-0000-0000-000000000/resourceGroups/00000/providers/Microsoft.MachineLearningServices/workspaces/00000/jobs/000000000000000000000?api-version=2022-10-01-preview",
      "RequestMethod": "PUT",
      "RequestHeaders": {
        "Accept": "application/json",
        "Accept-Encoding": "gzip, deflate",
        "Connection": "keep-alive",
        "Content-Length": "1606",
        "Content-Type": "application/json",
        "User-Agent": "azure-ai-ml/1.1.0 azsdk-python-mgmt-machinelearningservices/0.1.0 Python/3.8.13 (macOS-13.0-arm64-i386-64bit)"
      },
      "RequestBody": {
        "properties": {
          "properties": {},
          "tags": {},
          "displayName": "pipeline_with_default_optional_parameters",
          "experimentName": "default_optional_pipeline",
          "isArchived": false,
          "jobType": "Pipeline",
          "inputs": {
            "required_input": {
              "uri": "https://dprepdata.blob.core.windows.net/demo/Titanic.csv",
              "jobInputType": "uri_file"
            },
            "required_param": {
              "jobInputType": "literal",
              "value": "hello"
            },
            "required_param_with_default": {
              "jobInputType": "literal",
              "value": "required_param_with_default"
            },
            "optional_param_with_default": {
              "jobInputType": "literal",
              "value": "optional_param_with_default"
            }
          },
          "jobs": {
            "default_optional_component": {
              "name": "default_optional_component",
              "type": "command",
              "inputs": {
                "required_input": {
                  "job_input_type": "literal",
                  "value": "${{parent.inputs.required_input}}"
                },
                "required_param": {
                  "job_input_type": "literal",
                  "value": "${{parent.inputs.required_param}}"
                },
                "required_param_with_default": {
                  "job_input_type": "literal",
                  "value": "${{parent.inputs.required_param_with_default}}"
                },
                "optional_param_with_default": {
                  "job_input_type": "literal",
                  "value": "${{parent.inputs.optional_param_with_default}}"
                }
              },
              "_source": "YAML.COMPONENT",
              "componentId": "/subscriptions/00000000-0000-0000-0000-000000000/resourceGroups/00000/providers/Microsoft.MachineLearningServices/workspaces/00000/components/azureml_anonymous/versions/888e2c29-49f7-4059-ae5c-47f9cb6ab0a3"
            }
          },
          "outputs": {},
          "settings": {
            "default_compute": "/subscriptions/00000000-0000-0000-0000-000000000/resourceGroups/00000/providers/Microsoft.MachineLearningServices/workspaces/00000/computes/cpu-cluster",
            "_source": "DSL"
          }
        }
      },
      "StatusCode": 201,
      "ResponseHeaders": {
        "Cache-Control": "no-cache",
        "Content-Length": "4119",
        "Content-Type": "application/json; charset=utf-8",
        "Date": "Wed, 09 Nov 2022 07:03:42 GMT",
        "Expires": "-1",
        "Location": "https://management.azure.com/subscriptions/00000000-0000-0000-0000-000000000/resourceGroups/00000/providers/Microsoft.MachineLearningServices/workspaces/00000/jobs/000000000000000000000?api-version=2022-10-01-preview",
        "Pragma": "no-cache",
        "Request-Context": "appId=cid-v1:2d2e8e63-272e-4b3c-8598-4ee570a0e70d",
        "Server-Timing": "traceparent;desc=\u002200-d6b8c6db702ea2fdebbe083479ff8428-bc6f883515af434d-00\u0022",
        "Strict-Transport-Security": "max-age=31536000; includeSubDomains",
        "x-aml-cluster": "vienna-eastus2-02",
        "X-Content-Type-Options": "nosniff",
        "x-ms-correlation-request-id": "b47067f5-f05c-4e69-b101-73879354b23d",
        "x-ms-ratelimit-remaining-subscription-writes": "1028",
        "x-ms-response-type": "standard",
        "x-ms-routing-request-id": "JAPANEAST:20221109T070342Z:b47067f5-f05c-4e69-b101-73879354b23d",
        "x-request-time": "3.285"
      },
      "ResponseBody": {
        "id": "/subscriptions/00000000-0000-0000-0000-000000000/resourceGroups/00000/providers/Microsoft.MachineLearningServices/workspaces/00000/jobs/000000000000000000000",
        "name": "000000000000000000000",
        "type": "Microsoft.MachineLearningServices/workspaces/jobs",
        "properties": {
          "description": null,
          "tags": {},
          "properties": {
            "azureml.DevPlatv2": "true",
            "azureml.runsource": "azureml.PipelineRun",
            "runSource": "MFE",
            "runType": "HTTP",
            "azureml.parameters": "{\u0022required_param\u0022:\u0022hello\u0022,\u0022required_param_with_default\u0022:\u0022required_param_with_default\u0022,\u0022optional_param_with_default\u0022:\u0022optional_param_with_default\u0022}",
            "azureml.continue_on_step_failure": "False",
            "azureml.continue_on_failed_optional_input": "True",
            "azureml.defaultComputeName": "cpu-cluster",
            "azureml.defaultDataStoreName": "workspaceblobstore",
            "azureml.pipelineComponent": "pipelinerun"
          },
          "displayName": "pipeline_with_default_optional_parameters",
          "status": "Preparing",
          "experimentName": "default_optional_pipeline",
          "services": {
            "Tracking": {
              "jobServiceType": "Tracking",
              "port": null,
              "endpoint": "azureml://eastus2.api.azureml.ms/mlflow/v1.0/subscriptions/00000000-0000-0000-0000-000000000/resourceGroups/00000/providers/Microsoft.MachineLearningServices/workspaces/00000?",
              "status": null,
              "errorMessage": null,
              "properties": null,
              "nodes": null
            },
            "Studio": {
              "jobServiceType": "Studio",
              "port": null,
              "endpoint": "https://ml.azure.com/runs/000000000000000000000?wsid=/subscriptions/00000000-0000-0000-0000-000000000/resourcegroups/00000/workspaces/00000",
              "status": null,
              "errorMessage": null,
              "properties": null,
              "nodes": null
            }
          },
          "computeId": null,
          "isArchived": false,
          "identity": null,
          "componentId": null,
          "jobType": "Pipeline",
          "settings": {
            "default_compute": "/subscriptions/00000000-0000-0000-0000-000000000/resourceGroups/00000/providers/Microsoft.MachineLearningServices/workspaces/00000/computes/cpu-cluster",
            "_source": "DSL"
          },
          "jobs": {
            "default_optional_component": {
              "name": "default_optional_component",
              "type": "command",
              "inputs": {
                "required_input": {
                  "job_input_type": "literal",
                  "value": "${{parent.inputs.required_input}}"
                },
                "required_param": {
                  "job_input_type": "literal",
                  "value": "${{parent.inputs.required_param}}"
                },
                "required_param_with_default": {
                  "job_input_type": "literal",
                  "value": "${{parent.inputs.required_param_with_default}}"
                },
                "optional_param_with_default": {
                  "job_input_type": "literal",
                  "value": "${{parent.inputs.optional_param_with_default}}"
                }
              },
              "_source": "YAML.COMPONENT",
              "componentId": "/subscriptions/00000000-0000-0000-0000-000000000/resourceGroups/00000/providers/Microsoft.MachineLearningServices/workspaces/00000/components/azureml_anonymous/versions/888e2c29-49f7-4059-ae5c-47f9cb6ab0a3"
            }
          },
          "inputs": {
            "required_input": {
              "description": null,
              "uri": "https://dprepdata.blob.core.windows.net/demo/Titanic.csv",
              "mode": "ReadOnlyMount",
              "jobInputType": "uri_file"
            },
            "required_param": {
              "description": null,
              "jobInputType": "literal",
              "value": "hello"
            },
            "required_param_with_default": {
              "description": null,
              "jobInputType": "literal",
              "value": "required_param_with_default"
            },
            "optional_param_with_default": {
              "description": null,
              "jobInputType": "literal",
              "value": "optional_param_with_default"
            }
          },
          "outputs": {},
          "sourceJobId": null
        },
        "systemData": {
          "createdAt": "2022-11-09T07:03:41.910418\u002B00:00",
          "createdBy": "Honglin Du",
          "createdByType": "User"
        }
      }
    },
    {
      "RequestUri": "https://management.azure.com/subscriptions/00000000-0000-0000-0000-000000000/resourceGroups/00000/providers/Microsoft.MachineLearningServices/workspaces/00000/jobs/000000000000000000000?api-version=2022-10-01-preview",
      "RequestMethod": "PUT",
      "RequestHeaders": {
        "Accept": "application/json",
        "Accept-Encoding": "gzip, deflate",
        "Connection": "keep-alive",
        "Content-Length": "1588",
        "Content-Type": "application/json",
        "User-Agent": "azure-ai-ml/1.1.0 azsdk-python-mgmt-machinelearningservices/0.1.0 Python/3.8.13 (macOS-13.0-arm64-i386-64bit)"
      },
      "RequestBody": {
        "properties": {
          "properties": {},
          "tags": {},
          "displayName": "pipeline_with_default_optional_parameters",
          "experimentName": "default_optional_pipeline",
          "isArchived": false,
          "jobType": "Pipeline",
          "inputs": {
            "required_input": {
              "uri": "https://dprepdata.blob.core.windows.net/demo/Titanic.csv",
              "jobInputType": "uri_file"
            },
            "required_param": {
              "jobInputType": "literal",
              "value": "hello"
            },
            "required_param_with_default": {
              "jobInputType": "literal",
              "value": "required_param_with_default"
            },
            "optional_param_with_default": {
              "jobInputType": "literal",
              "value": "optional_param_with_default"
            }
          },
          "jobs": {
            "azureml_anonymous": {
              "name": "azureml_anonymous",
              "type": "command",
              "inputs": {
                "required_input": {
                  "job_input_type": "literal",
                  "value": "${{parent.inputs.required_input}}"
                },
                "required_param": {
                  "job_input_type": "literal",
                  "value": "${{parent.inputs.required_param}}"
                },
                "required_param_with_default": {
                  "job_input_type": "literal",
                  "value": "${{parent.inputs.required_param_with_default}}"
                },
                "optional_param_with_default": {
                  "job_input_type": "literal",
                  "value": "${{parent.inputs.optional_param_with_default}}"
                }
              },
              "_source": "YAML.COMPONENT",
              "componentId": "/subscriptions/00000000-0000-0000-0000-000000000/resourceGroups/00000/providers/Microsoft.MachineLearningServices/workspaces/00000/components/azureml_anonymous/versions/888e2c29-49f7-4059-ae5c-47f9cb6ab0a3"
            }
          },
          "outputs": {},
          "settings": {
            "default_compute": "/subscriptions/00000000-0000-0000-0000-000000000/resourceGroups/00000/providers/Microsoft.MachineLearningServices/workspaces/00000/computes/cpu-cluster",
            "_source": "DSL"
          }
        }
      },
      "StatusCode": 201,
      "ResponseHeaders": {
        "Cache-Control": "no-cache",
        "Content-Length": "4101",
        "Content-Type": "application/json; charset=utf-8",
        "Date": "Wed, 09 Nov 2022 07:03:48 GMT",
        "Expires": "-1",
        "Location": "https://management.azure.com/subscriptions/00000000-0000-0000-0000-000000000/resourceGroups/00000/providers/Microsoft.MachineLearningServices/workspaces/00000/jobs/000000000000000000000?api-version=2022-10-01-preview",
        "Pragma": "no-cache",
        "Request-Context": "appId=cid-v1:2d2e8e63-272e-4b3c-8598-4ee570a0e70d",
        "Server-Timing": "traceparent;desc=\u002200-a10e25cf692fba6740e1274525c9a8cf-bdd65a9ef1cca7b7-00\u0022",
        "Strict-Transport-Security": "max-age=31536000; includeSubDomains",
        "x-aml-cluster": "vienna-eastus2-02",
        "X-Content-Type-Options": "nosniff",
        "x-ms-correlation-request-id": "737e5c0f-493d-441a-9ce4-9a4bf0e7a6d0",
        "x-ms-ratelimit-remaining-subscription-writes": "1027",
        "x-ms-response-type": "standard",
        "x-ms-routing-request-id": "JAPANEAST:20221109T070348Z:737e5c0f-493d-441a-9ce4-9a4bf0e7a6d0",
        "x-request-time": "3.277"
      },
      "ResponseBody": {
        "id": "/subscriptions/00000000-0000-0000-0000-000000000/resourceGroups/00000/providers/Microsoft.MachineLearningServices/workspaces/00000/jobs/000000000000000000000",
        "name": "000000000000000000000",
        "type": "Microsoft.MachineLearningServices/workspaces/jobs",
        "properties": {
          "description": null,
          "tags": {},
          "properties": {
            "azureml.DevPlatv2": "true",
            "azureml.runsource": "azureml.PipelineRun",
            "runSource": "MFE",
            "runType": "HTTP",
            "azureml.parameters": "{\u0022required_param\u0022:\u0022hello\u0022,\u0022required_param_with_default\u0022:\u0022required_param_with_default\u0022,\u0022optional_param_with_default\u0022:\u0022optional_param_with_default\u0022}",
            "azureml.continue_on_step_failure": "False",
            "azureml.continue_on_failed_optional_input": "True",
            "azureml.defaultComputeName": "cpu-cluster",
            "azureml.defaultDataStoreName": "workspaceblobstore",
            "azureml.pipelineComponent": "pipelinerun"
          },
          "displayName": "pipeline_with_default_optional_parameters",
          "status": "Preparing",
          "experimentName": "default_optional_pipeline",
          "services": {
            "Tracking": {
              "jobServiceType": "Tracking",
              "port": null,
              "endpoint": "azureml://eastus2.api.azureml.ms/mlflow/v1.0/subscriptions/00000000-0000-0000-0000-000000000/resourceGroups/00000/providers/Microsoft.MachineLearningServices/workspaces/00000?",
              "status": null,
              "errorMessage": null,
              "properties": null,
              "nodes": null
            },
            "Studio": {
              "jobServiceType": "Studio",
              "port": null,
              "endpoint": "https://ml.azure.com/runs/000000000000000000000?wsid=/subscriptions/00000000-0000-0000-0000-000000000/resourcegroups/00000/workspaces/00000",
              "status": null,
              "errorMessage": null,
              "properties": null,
              "nodes": null
            }
          },
          "computeId": null,
          "isArchived": false,
          "identity": null,
          "componentId": null,
          "jobType": "Pipeline",
          "settings": {
            "default_compute": "/subscriptions/00000000-0000-0000-0000-000000000/resourceGroups/00000/providers/Microsoft.MachineLearningServices/workspaces/00000/computes/cpu-cluster",
            "_source": "DSL"
          },
          "jobs": {
            "azureml_anonymous": {
              "name": "azureml_anonymous",
              "type": "command",
              "inputs": {
                "required_input": {
                  "job_input_type": "literal",
                  "value": "${{parent.inputs.required_input}}"
                },
                "required_param": {
                  "job_input_type": "literal",
                  "value": "${{parent.inputs.required_param}}"
                },
                "required_param_with_default": {
                  "job_input_type": "literal",
                  "value": "${{parent.inputs.required_param_with_default}}"
                },
                "optional_param_with_default": {
                  "job_input_type": "literal",
                  "value": "${{parent.inputs.optional_param_with_default}}"
                }
              },
              "_source": "YAML.COMPONENT",
              "componentId": "/subscriptions/00000000-0000-0000-0000-000000000/resourceGroups/00000/providers/Microsoft.MachineLearningServices/workspaces/00000/components/azureml_anonymous/versions/888e2c29-49f7-4059-ae5c-47f9cb6ab0a3"
            }
          },
          "inputs": {
            "required_input": {
              "description": null,
              "uri": "https://dprepdata.blob.core.windows.net/demo/Titanic.csv",
              "mode": "ReadOnlyMount",
              "jobInputType": "uri_file"
            },
            "required_param": {
              "description": null,
              "jobInputType": "literal",
              "value": "hello"
            },
            "required_param_with_default": {
              "description": null,
              "jobInputType": "literal",
              "value": "required_param_with_default"
            },
            "optional_param_with_default": {
              "description": null,
              "jobInputType": "literal",
              "value": "optional_param_with_default"
            }
          },
          "outputs": {},
          "sourceJobId": null
        },
        "systemData": {
          "createdAt": "2022-11-09T07:03:48.151766\u002B00:00",
          "createdBy": "Honglin Du",
          "createdByType": "User"
        }
      }
    }
  ],
  "Variables": {}
}
