{
  "Entries": [
    {
      "RequestUri": "https://management.azure.com/subscriptions/00000000-0000-0000-0000-000000000/resourceGroups/00000/providers/Microsoft.MachineLearningServices/workspaces/00000/environments/CliV2AnonymousEnvironment/versions/6eedff85d2f858b9cd4e12021dbc722e?api-version=2023-04-01-preview",
      "RequestMethod": "PUT",
      "RequestHeaders": {
        "Accept": "application/json",
        "Accept-Encoding": "gzip, deflate",
        "Connection": "keep-alive",
        "Content-Length": "535",
        "Content-Type": "application/json",
        "User-Agent": "azure-ai-ml/1.7.0 azsdk-python-mgmt-machinelearningservices/1.0.0b1 Python/3.10.2 (Windows-10-10.0.22621-SP0)"
      },
      "RequestBody": {
        "properties": {
          "isAnonymous": true,
          "isArchived": false,
          "condaFile": "channels:\n- defaults\ndependencies:\n- python=3.8.12\n- pip=21.2.2\n- pip:\n  - --extra-index-url=https://azuremlsdktestpypi.azureedge.net/sdk-cli-v2\n  - mldesigner==0.1.0b6\n  - mlflow==1.29.0\n  - azureml-mlflow==1.45.0\n  - azure-ai-ml==1.0.0\n  - azure-core==1.26.0\n  - azure-common==1.1.28\n  - azureml-core==1.45.0.post2\n  - azure-ml-component==0.9.13.post1\n  - azure-identity==1.11.0\n",
          "image": "mcr.microsoft.com/azureml/openmpi4.1.0-ubuntu20.04"
        }
      },
      "StatusCode": 201,
      "ResponseHeaders": {
        "Build-ID": "cf3",
        "Cache-Control": "no-cache",
        "Content-Length": "1629",
        "Content-Type": "application/json; charset=utf-8",
        "Date": "Fri, 28 Apr 2023 00:13:35 GMT",
        "Expires": "-1",
        "Location": "https://management.azure.com/subscriptions/00000000-0000-0000-0000-000000000/resourceGroups/00000/providers/Microsoft.MachineLearningServices/workspaces/00000/environments/CliV2AnonymousEnvironment/versions/6eedff85d2f858b9cd4e12021dbc722e?api-version=2023-04-01-preview",
        "Pragma": "no-cache",
        "Request-Context": "appId=cid-v1:2d2e8e63-272e-4b3c-8598-4ee570a0e70d",
        "Server-Timing": "traceparent;desc=\u002200-02f0b5e1a8a8acf0a93c29a7569666f8-c9ac8c3ecaaa60e5-01\u0022",
        "Strict-Transport-Security": "max-age=31536000; includeSubDomains",
        "x-aml-cluster": "vienna-westus-02",
        "X-Content-Type-Options": "nosniff",
        "x-ms-correlation-request-id": "fec3e50e-0ccf-44b0-87ce-626c062d246b",
        "x-ms-ratelimit-remaining-subscription-writes": "1172",
        "x-ms-response-type": "standard",
        "x-ms-routing-request-id": "WESTUS:20230428T001335Z:fec3e50e-0ccf-44b0-87ce-626c062d246b",
        "x-request-time": "0.402"
      },
      "ResponseBody": {
        "id": "/subscriptions/00000000-0000-0000-0000-000000000/resourceGroups/00000/providers/Microsoft.MachineLearningServices/workspaces/00000/environments/CliV2AnonymousEnvironment/versions/6eedff85d2f858b9cd4e12021dbc722e",
        "name": "6eedff85d2f858b9cd4e12021dbc722e",
        "type": "Microsoft.MachineLearningServices/workspaces/environments/versions",
        "properties": {
          "description": null,
          "tags": {},
          "properties": {},
          "isArchived": false,
          "isAnonymous": true,
          "autoDeleteSetting": null,
          "environmentType": "UserCreated",
          "image": "mcr.microsoft.com/azureml/openmpi4.1.0-ubuntu20.04",
          "condaFile": "{\n  \u0022channels\u0022: [\n    \u0022defaults\u0022\n  ],\n  \u0022dependencies\u0022: [\n    \u0022python=3.8.12\u0022,\n    \u0022pip=21.2.2\u0022,\n    {\n      \u0022pip\u0022: [\n        \u0022--extra-index-url=https://azuremlsdktestpypi.azureedge.net/sdk-cli-v2\u0022,\n        \u0022mldesigner==0.1.0b6\u0022,\n        \u0022mlflow==1.29.0\u0022,\n        \u0022azureml-mlflow==1.45.0\u0022,\n        \u0022azure-ai-ml==1.0.0\u0022,\n        \u0022azure-core==1.26.0\u0022,\n        \u0022azure-common==1.1.28\u0022,\n        \u0022azureml-core==1.45.0.post2\u0022,\n        \u0022azure-ml-component==0.9.13.post1\u0022,\n        \u0022azure-identity==1.11.0\u0022\n      ]\n    }\n  ]\n}",
          "osType": "Linux",
          "autoRebuild": "Disabled",
          "provisioningState": "Succeeded",
          "stage": "Logged",
          "intellectualProperty": null
        },
        "systemData": {
          "createdAt": "2023-04-28T00:13:18.259103\u002B00:00",
          "createdBy": "Mayank Kumar",
          "createdByType": "User",
          "lastModifiedAt": "2023-04-28T00:13:18.259103\u002B00:00",
          "lastModifiedBy": "Mayank Kumar",
          "lastModifiedByType": "User"
        }
      }
    },
    {
      "RequestUri": "https://management.azure.com/subscriptions/00000000-0000-0000-0000-000000000/resourceGroups/00000/providers/Microsoft.MachineLearningServices/workspaces/00000/environments/CliV2AnonymousEnvironment/versions/6eedff85d2f858b9cd4e12021dbc722e?api-version=2023-04-01-preview",
      "RequestMethod": "PUT",
      "RequestHeaders": {
        "Accept": "application/json",
        "Accept-Encoding": "gzip, deflate",
        "Connection": "keep-alive",
        "Content-Length": "535",
        "Content-Type": "application/json",
        "User-Agent": "azure-ai-ml/1.7.0 azsdk-python-mgmt-machinelearningservices/1.0.0b1 Python/3.10.2 (Windows-10-10.0.22621-SP0)"
      },
      "RequestBody": {
        "properties": {
          "isAnonymous": true,
          "isArchived": false,
          "condaFile": "channels:\n- defaults\ndependencies:\n- python=3.8.12\n- pip=21.2.2\n- pip:\n  - --extra-index-url=https://azuremlsdktestpypi.azureedge.net/sdk-cli-v2\n  - mldesigner==0.1.0b6\n  - mlflow==1.29.0\n  - azureml-mlflow==1.45.0\n  - azure-ai-ml==1.0.0\n  - azure-core==1.26.0\n  - azure-common==1.1.28\n  - azureml-core==1.45.0.post2\n  - azure-ml-component==0.9.13.post1\n  - azure-identity==1.11.0\n",
          "image": "mcr.microsoft.com/azureml/openmpi4.1.0-ubuntu20.04"
        }
      },
      "StatusCode": 201,
      "ResponseHeaders": {
        "Build-ID": "cf3",
        "Cache-Control": "no-cache",
        "Content-Length": "1629",
        "Content-Type": "application/json; charset=utf-8",
        "Date": "Fri, 28 Apr 2023 00:13:35 GMT",
        "Expires": "-1",
        "Location": "https://management.azure.com/subscriptions/00000000-0000-0000-0000-000000000/resourceGroups/00000/providers/Microsoft.MachineLearningServices/workspaces/00000/environments/CliV2AnonymousEnvironment/versions/6eedff85d2f858b9cd4e12021dbc722e?api-version=2023-04-01-preview",
        "Pragma": "no-cache",
        "Request-Context": "appId=cid-v1:2d2e8e63-272e-4b3c-8598-4ee570a0e70d",
        "Server-Timing": "traceparent;desc=\u002200-499d58384e6f47b212b4f2155b7a8f2d-c50fc565eeef0804-01\u0022",
        "Strict-Transport-Security": "max-age=31536000; includeSubDomains",
        "x-aml-cluster": "vienna-westus-02",
        "X-Content-Type-Options": "nosniff",
        "x-ms-correlation-request-id": "6e172624-ffab-43ce-a366-2ef3cc587ee8",
        "x-ms-ratelimit-remaining-subscription-writes": "1171",
        "x-ms-response-type": "standard",
        "x-ms-routing-request-id": "WESTUS:20230428T001335Z:6e172624-ffab-43ce-a366-2ef3cc587ee8",
        "x-request-time": "0.215"
      },
      "ResponseBody": {
        "id": "/subscriptions/00000000-0000-0000-0000-000000000/resourceGroups/00000/providers/Microsoft.MachineLearningServices/workspaces/00000/environments/CliV2AnonymousEnvironment/versions/6eedff85d2f858b9cd4e12021dbc722e",
        "name": "6eedff85d2f858b9cd4e12021dbc722e",
        "type": "Microsoft.MachineLearningServices/workspaces/environments/versions",
        "properties": {
          "description": null,
          "tags": {},
          "properties": {},
          "isArchived": false,
          "isAnonymous": true,
          "autoDeleteSetting": null,
          "environmentType": "UserCreated",
          "image": "mcr.microsoft.com/azureml/openmpi4.1.0-ubuntu20.04",
          "condaFile": "{\n  \u0022channels\u0022: [\n    \u0022defaults\u0022\n  ],\n  \u0022dependencies\u0022: [\n    \u0022python=3.8.12\u0022,\n    \u0022pip=21.2.2\u0022,\n    {\n      \u0022pip\u0022: [\n        \u0022--extra-index-url=https://azuremlsdktestpypi.azureedge.net/sdk-cli-v2\u0022,\n        \u0022mldesigner==0.1.0b6\u0022,\n        \u0022mlflow==1.29.0\u0022,\n        \u0022azureml-mlflow==1.45.0\u0022,\n        \u0022azure-ai-ml==1.0.0\u0022,\n        \u0022azure-core==1.26.0\u0022,\n        \u0022azure-common==1.1.28\u0022,\n        \u0022azureml-core==1.45.0.post2\u0022,\n        \u0022azure-ml-component==0.9.13.post1\u0022,\n        \u0022azure-identity==1.11.0\u0022\n      ]\n    }\n  ]\n}",
          "osType": "Linux",
          "autoRebuild": "Disabled",
          "provisioningState": "Succeeded",
          "stage": "Logged",
          "intellectualProperty": null
        },
        "systemData": {
          "createdAt": "2023-04-28T00:13:18.259103\u002B00:00",
          "createdBy": "Mayank Kumar",
          "createdByType": "User",
          "lastModifiedAt": "2023-04-28T00:13:18.259103\u002B00:00",
          "lastModifiedBy": "Mayank Kumar",
          "lastModifiedByType": "User"
        }
      }
    },
    {
      "RequestUri": "https://management.azure.com/subscriptions/00000000-0000-0000-0000-000000000/resourceGroups/00000/providers/Microsoft.MachineLearningServices/workspaces/00000/components/azureml_anonymous/versions/000000000000000000000?api-version=2022-10-01",
      "RequestMethod": "PUT",
      "RequestHeaders": {
        "Accept": "application/json",
        "Accept-Encoding": "gzip, deflate",
        "Connection": "keep-alive",
        "Content-Length": "1886",
        "Content-Type": "application/json",
        "User-Agent": "azure-ai-ml/1.7.0 azsdk-python-mgmt-machinelearningservices/0.1.0 Python/3.10.2 (Windows-10-10.0.22621-SP0)"
      },
      "RequestBody": {
        "properties": {
          "properties": {},
          "tags": {
            "codegenBy": "mldesigner"
          },
          "isAnonymous": true,
          "isArchived": false,
          "componentSpec": {
            "command": "mldesigner execute --source entry.py --name do_while_body_component --inputs input_1=\u0022${{inputs.input_1}}\u0022 input_2=\u0022${{inputs.input_2}}\u0022 bool_param=\u0022${{inputs.bool_param}}\u0022 int_param=\u0022${{inputs.int_param}}\u0022 float_param=\u0022${{inputs.float_param}}\u0022 str_param=\u0022${{inputs.str_param}}\u0022 --outputs output_1=\u0022${{outputs.output_1}}\u0022 output_2=\u0022${{outputs.output_2}}\u0022 condition=\u0022${{outputs.condition}}\u0022 bool_param_output=\u0022${{outputs.bool_param_output}}\u0022 int_param_output=\u0022${{outputs.int_param_output}}\u0022 float_param_output=\u0022${{outputs.float_param_output}}\u0022 str_param_output=\u0022${{outputs.str_param_output}}\u0022",
            "environment": "azureml:/subscriptions/00000000-0000-0000-0000-000000000/resourceGroups/00000/providers/Microsoft.MachineLearningServices/workspaces/00000/environments/CliV2AnonymousEnvironment/versions/6eedff85d2f858b9cd4e12021dbc722e",
            "name": "do_while_body_component",
            "tags": {
              "codegenBy": "mldesigner"
            },
            "$schema": "https://azuremlschemas.azureedge.net/development/commandComponent.schema.json",
            "display_name": "do_while_body_component",
            "is_deterministic": true,
            "inputs": {
              "input_1": {
                "type": "uri_folder"
              },
              "input_2": {
                "type": "uri_folder"
              },
              "bool_param": {
                "type": "boolean"
              },
              "int_param": {
                "type": "integer"
              },
              "float_param": {
                "type": "number"
              },
              "str_param": {
                "type": "string"
              }
            },
            "outputs": {
              "output_1": {
                "type": "uri_folder"
              },
              "output_2": {
                "type": "uri_folder"
              },
              "condition": {
                "type": "boolean",
                "is_control": true
              },
              "bool_param_output": {
                "type": "boolean",
                "is_control": true
              },
              "int_param_output": {
                "type": "integer",
                "is_control": true
              },
              "float_param_output": {
                "type": "number",
                "is_control": true
              },
              "str_param_output": {
                "type": "string",
                "is_control": true
              }
            },
            "type": "command",
            "_source": "YAML.COMPONENT"
          }
        }
      },
      "StatusCode": 201,
      "ResponseHeaders": {
        "Cache-Control": "no-cache",
        "Content-Length": "3306",
        "Content-Type": "application/json; charset=utf-8",
        "Date": "Fri, 28 Apr 2023 00:13:37 GMT",
        "Expires": "-1",
        "Location": "https://management.azure.com/subscriptions/00000000-0000-0000-0000-000000000/resourceGroups/00000/providers/Microsoft.MachineLearningServices/workspaces/00000/components/azureml_anonymous/versions/000000000000000000000?api-version=2022-10-01",
        "Pragma": "no-cache",
        "Request-Context": "appId=cid-v1:2d2e8e63-272e-4b3c-8598-4ee570a0e70d",
        "Server-Timing": "traceparent;desc=\u002200-2f15276bdb5bb5b2ca1f40d19377e4cb-dcb3f3d10e5fec82-01\u0022",
        "Strict-Transport-Security": "max-age=31536000; includeSubDomains",
        "x-aml-cluster": "vienna-westus-02",
        "X-Content-Type-Options": "nosniff",
        "x-ms-correlation-request-id": "8a68cdac-18b5-4a2e-8ae9-105ee5f595aa",
        "x-ms-ratelimit-remaining-subscription-writes": "1170",
        "x-ms-response-type": "standard",
        "x-ms-routing-request-id": "WESTUS:20230428T001337Z:8a68cdac-18b5-4a2e-8ae9-105ee5f595aa",
        "x-request-time": "0.255"
      },
      "ResponseBody": {
        "id": "/subscriptions/00000000-0000-0000-0000-000000000/resourceGroups/00000/providers/Microsoft.MachineLearningServices/workspaces/00000/components/azureml_anonymous/versions/8abd621a-2fd8-433f-a91b-4f0f54dcbb77",
        "name": "8abd621a-2fd8-433f-a91b-4f0f54dcbb77",
        "type": "Microsoft.MachineLearningServices/workspaces/components/versions",
        "properties": {
          "description": null,
          "tags": {
            "codegenBy": "mldesigner"
          },
          "properties": {},
          "isArchived": false,
          "isAnonymous": true,
          "componentSpec": {
            "$schema": "https://azuremlschemas.azureedge.net/development/commandComponent.schema.json",
            "name": "do_while_body_component",
            "display_name": "do_while_body_component",
            "is_deterministic": "True",
            "type": "command",
            "tags": {
              "codegenBy": "mldesigner"
            },
            "inputs": {
              "input_1": {
                "type": "uri_folder",
                "optional": "False"
              },
              "input_2": {
                "type": "uri_folder",
                "optional": "False"
              },
              "bool_param": {
                "type": "boolean",
                "optional": "False"
              },
              "int_param": {
                "type": "integer",
                "optional": "False"
              },
              "float_param": {
                "type": "number",
                "optional": "False"
              },
              "str_param": {
                "type": "string",
                "optional": "False"
              }
            },
            "outputs": {
              "output_1": {
                "type": "uri_folder"
              },
              "output_2": {
                "type": "uri_folder"
              },
              "condition": {
                "type": "boolean",
                "is_control": "True"
              },
              "bool_param_output": {
                "type": "boolean",
                "is_control": "True"
              },
              "int_param_output": {
                "type": "integer",
                "is_control": "True"
              },
              "float_param_output": {
                "type": "number",
                "is_control": "True"
              },
              "str_param_output": {
                "type": "string",
                "is_control": "True"
              }
            },
            "environment": "azureml:/subscriptions/00000000-0000-0000-0000-000000000/resourceGroups/00000/providers/Microsoft.MachineLearningServices/workspaces/00000/environments/CliV2AnonymousEnvironment/versions/6eedff85d2f858b9cd4e12021dbc722e",
            "resources": {
              "instance_count": "1"
            },
            "command": "mldesigner execute --source entry.py --name do_while_body_component --inputs input_1=\u0022${{inputs.input_1}}\u0022 input_2=\u0022${{inputs.input_2}}\u0022 bool_param=\u0022${{inputs.bool_param}}\u0022 int_param=\u0022${{inputs.int_param}}\u0022 float_param=\u0022${{inputs.float_param}}\u0022 str_param=\u0022${{inputs.str_param}}\u0022 --outputs output_1=\u0022${{outputs.output_1}}\u0022 output_2=\u0022${{outputs.output_2}}\u0022 condition=\u0022${{outputs.condition}}\u0022 bool_param_output=\u0022${{outputs.bool_param_output}}\u0022 int_param_output=\u0022${{outputs.int_param_output}}\u0022 float_param_output=\u0022${{outputs.float_param_output}}\u0022 str_param_output=\u0022${{outputs.str_param_output}}\u0022"
          }
        },
        "systemData": {
          "createdAt": "2023-04-28T00:13:37.3025386\u002B00:00",
          "createdBy": "Mayank Kumar",
          "createdByType": "User",
          "lastModifiedAt": "2023-04-28T00:13:37.3025386\u002B00:00",
          "lastModifiedBy": "Mayank Kumar",
          "lastModifiedByType": "User"
        }
      }
    },
    {
      "RequestUri": "https://management.azure.com/subscriptions/00000000-0000-0000-0000-000000000/resourceGroups/00000/providers/Microsoft.MachineLearningServices/workspaces/00000/components/azureml_anonymous/versions/000000000000000000000?api-version=2022-10-01",
      "RequestMethod": "PUT",
      "RequestHeaders": {
        "Accept": "application/json",
        "Accept-Encoding": "gzip, deflate",
        "Connection": "keep-alive",
        "Content-Length": "1735",
        "Content-Type": "application/json",
        "User-Agent": "azure-ai-ml/1.7.0 azsdk-python-mgmt-machinelearningservices/0.1.0 Python/3.10.2 (Windows-10-10.0.22621-SP0)"
      },
      "RequestBody": {
        "properties": {
          "properties": {},
          "tags": {
            "codegenBy": "mldesigner"
          },
          "isAnonymous": true,
          "isArchived": false,
          "componentSpec": {
            "command": "mldesigner execute --source entry.py --name primitive_component_with_normal_input_output_v2 --inputs input_data=\u0022${{inputs.input_data}}\u0022 parambool=\u0022${{inputs.parambool}}\u0022 paramint=\u0022${{inputs.paramint}}\u0022 paramfloat=\u0022${{inputs.paramfloat}}\u0022 paramstr=\u0022${{inputs.paramstr}}\u0022 --outputs output_data=\u0022${{outputs.output_data}}\u0022 bool_param_output=\u0022${{outputs.bool_param_output}}\u0022 int_param_output=\u0022${{outputs.int_param_output}}\u0022 float_param_output=\u0022${{outputs.float_param_output}}\u0022 str_param_output=\u0022${{outputs.str_param_output}}\u0022",
            "environment": "azureml:/subscriptions/00000000-0000-0000-0000-000000000/resourceGroups/00000/providers/Microsoft.MachineLearningServices/workspaces/00000/environments/CliV2AnonymousEnvironment/versions/6eedff85d2f858b9cd4e12021dbc722e",
            "name": "primitive_component_with_normal_input_output_v2",
            "tags": {
              "codegenBy": "mldesigner"
            },
            "$schema": "https://azuremlschemas.azureedge.net/development/commandComponent.schema.json",
            "display_name": "primitive_component_with_normal_input_output_v2",
            "is_deterministic": true,
            "inputs": {
              "input_data": {
                "type": "uri_folder"
              },
              "parambool": {
                "type": "boolean"
              },
              "paramint": {
                "type": "integer"
              },
              "paramfloat": {
                "type": "number"
              },
              "paramstr": {
                "type": "string"
              }
            },
            "outputs": {
              "output_data": {
                "type": "uri_folder"
              },
              "bool_param_output": {
                "type": "boolean",
                "is_control": true
              },
              "int_param_output": {
                "type": "integer",
                "is_control": true
              },
              "float_param_output": {
                "type": "number",
                "is_control": true
              },
              "str_param_output": {
                "type": "string",
                "is_control": true
              }
            },
            "type": "command",
            "_source": "YAML.COMPONENT"
          }
        }
      },
      "StatusCode": 201,
      "ResponseHeaders": {
        "Cache-Control": "no-cache",
        "Content-Length": "3026",
        "Content-Type": "application/json; charset=utf-8",
        "Date": "Fri, 28 Apr 2023 00:13:37 GMT",
        "Expires": "-1",
        "Location": "https://management.azure.com/subscriptions/00000000-0000-0000-0000-000000000/resourceGroups/00000/providers/Microsoft.MachineLearningServices/workspaces/00000/components/azureml_anonymous/versions/000000000000000000000?api-version=2022-10-01",
        "Pragma": "no-cache",
        "Request-Context": "appId=cid-v1:2d2e8e63-272e-4b3c-8598-4ee570a0e70d",
        "Server-Timing": "traceparent;desc=\u002200-16dbbec6c329605f9aea43f8d9179ea1-aa0371f243842fce-01\u0022",
        "Strict-Transport-Security": "max-age=31536000; includeSubDomains",
        "x-aml-cluster": "vienna-westus-01",
        "X-Content-Type-Options": "nosniff",
        "x-ms-correlation-request-id": "27d3c613-c1ec-49af-bc5c-be66e8256aa1",
        "x-ms-ratelimit-remaining-subscription-writes": "1199",
        "x-ms-response-type": "standard",
        "x-ms-routing-request-id": "WESTCENTRALUS:20230428T001337Z:27d3c613-c1ec-49af-bc5c-be66e8256aa1",
        "x-request-time": "0.252"
      },
      "ResponseBody": {
        "id": "/subscriptions/00000000-0000-0000-0000-000000000/resourceGroups/00000/providers/Microsoft.MachineLearningServices/workspaces/00000/components/azureml_anonymous/versions/647a6eb1-0336-4a9c-a401-ea6d9fb31870",
        "name": "647a6eb1-0336-4a9c-a401-ea6d9fb31870",
        "type": "Microsoft.MachineLearningServices/workspaces/components/versions",
        "properties": {
          "description": null,
          "tags": {
            "codegenBy": "mldesigner"
          },
          "properties": {},
          "isArchived": false,
          "isAnonymous": true,
          "componentSpec": {
            "$schema": "https://azuremlschemas.azureedge.net/development/commandComponent.schema.json",
            "name": "primitive_component_with_normal_input_output_v2",
            "display_name": "primitive_component_with_normal_input_output_v2",
            "is_deterministic": "True",
            "type": "command",
            "tags": {
              "codegenBy": "mldesigner"
            },
            "inputs": {
              "input_data": {
                "type": "uri_folder",
                "optional": "False"
              },
              "parambool": {
                "type": "boolean",
                "optional": "False"
              },
              "paramint": {
                "type": "integer",
                "optional": "False"
              },
              "paramfloat": {
                "type": "number",
                "optional": "False"
              },
              "paramstr": {
                "type": "string",
                "optional": "False"
              }
            },
            "outputs": {
              "output_data": {
                "type": "uri_folder"
              },
              "bool_param_output": {
                "type": "boolean",
                "is_control": "True"
              },
              "int_param_output": {
                "type": "integer",
                "is_control": "True"
              },
              "float_param_output": {
                "type": "number",
                "is_control": "True"
              },
              "str_param_output": {
                "type": "string",
                "is_control": "True"
              }
            },
            "environment": "azureml:/subscriptions/00000000-0000-0000-0000-000000000/resourceGroups/00000/providers/Microsoft.MachineLearningServices/workspaces/00000/environments/CliV2AnonymousEnvironment/versions/6eedff85d2f858b9cd4e12021dbc722e",
            "resources": {
              "instance_count": "1"
            },
            "command": "mldesigner execute --source entry.py --name primitive_component_with_normal_input_output_v2 --inputs input_data=\u0022${{inputs.input_data}}\u0022 parambool=\u0022${{inputs.parambool}}\u0022 paramint=\u0022${{inputs.paramint}}\u0022 paramfloat=\u0022${{inputs.paramfloat}}\u0022 paramstr=\u0022${{inputs.paramstr}}\u0022 --outputs output_data=\u0022${{outputs.output_data}}\u0022 bool_param_output=\u0022${{outputs.bool_param_output}}\u0022 int_param_output=\u0022${{outputs.int_param_output}}\u0022 float_param_output=\u0022${{outputs.float_param_output}}\u0022 str_param_output=\u0022${{outputs.str_param_output}}\u0022"
          }
        },
        "systemData": {
          "createdAt": "2023-04-28T00:13:37.798115\u002B00:00",
          "createdBy": "Mayank Kumar",
          "createdByType": "User",
          "lastModifiedAt": "2023-04-28T00:13:37.798115\u002B00:00",
          "lastModifiedBy": "Mayank Kumar",
          "lastModifiedByType": "User"
        }
      }
    },
    {
      "RequestUri": "https://management.azure.com/subscriptions/00000000-0000-0000-0000-000000000/resourceGroups/00000/providers/Microsoft.MachineLearningServices/workspaces/00000/jobs/000000000000000000000?api-version=2023-04-01-preview",
      "RequestMethod": "PUT",
      "RequestHeaders": {
        "Accept": "application/json",
        "Accept-Encoding": "gzip, deflate",
        "Connection": "keep-alive",
        "Content-Length": "3419",
        "Content-Type": "application/json",
        "User-Agent": "azure-ai-ml/1.7.0 azsdk-python-mgmt-machinelearningservices/1.0.0b1 Python/3.10.2 (Windows-10-10.0.22621-SP0)"
      },
      "RequestBody": {
        "properties": {
          "properties": {},
          "tags": {},
          "displayName": "test_pipeline",
          "experimentName": "azure-ai-ml",
          "isArchived": false,
          "jobType": "Pipeline",
          "inputs": {
            "input_data": {
              "jobInputType": "uri_file",
              "uri": "https://dprepdata.blob.core.windows.net/demo/Titanic.csv"
            },
            "int_param": {
              "jobInputType": "literal",
              "value": "4"
            },
            "bool_param": {
              "jobInputType": "literal",
              "value": "True"
            },
            "float_param": {
              "jobInputType": "literal",
              "value": "22.0"
            },
            "str_param": {
              "jobInputType": "literal",
              "value": "string_param_no_space"
            }
          },
          "jobs": {
            "do_while_body_func": {
              "name": "do_while_body_func",
              "type": "command",
              "inputs": {
                "input_1": {
                  "job_input_type": "literal",
                  "value": "${{parent.inputs.input_data}}"
                },
                "input_2": {
                  "job_input_type": "literal",
                  "value": "${{parent.inputs.input_data}}"
                },
                "bool_param": {
                  "job_input_type": "literal",
                  "value": "${{parent.inputs.bool_param}}"
                },
                "int_param": {
                  "job_input_type": "literal",
                  "value": "${{parent.inputs.int_param}}"
                },
                "float_param": {
                  "job_input_type": "literal",
                  "value": "${{parent.inputs.float_param}}"
                },
                "str_param": {
                  "job_input_type": "literal",
                  "value": "${{parent.inputs.str_param}}"
                }
              },
              "_source": "YAML.COMPONENT",
              "componentId": "/subscriptions/00000000-0000-0000-0000-000000000/resourceGroups/00000/providers/Microsoft.MachineLearningServices/workspaces/00000/components/azureml_anonymous/versions/8abd621a-2fd8-433f-a91b-4f0f54dcbb77"
            },
            "dowhile": {
              "body": "${{parent.jobs.do_while_body_func}}",
              "type": "do_while",
              "condition": "condition",
              "mapping": {
                "${{parent.jobs.do_while_body_func.outputs.output_1}}": [
                  "input_1"
                ],
                "${{parent.jobs.do_while_body_func.outputs.output_2}}": [
                  "input_2"
                ],
                "${{parent.jobs.do_while_body_func.outputs.int_param_output}}": [
                  "int_param"
                ],
                "${{parent.jobs.do_while_body_func.outputs.bool_param_output}}": [
                  "bool_param"
                ],
                "${{parent.jobs.do_while_body_func.outputs.float_param_output}}": [
                  "float_param"
                ],
                "${{parent.jobs.do_while_body_func.outputs.str_param_output}}": [
                  "str_param"
                ]
              },
              "limits": {
                "max_iteration_count": 3
              },
              "_source": "DSL"
            },
            "primitive_output_component_true": {
              "name": "primitive_output_component_true",
              "type": "command",
              "inputs": {
                "input_data": {
                  "job_input_type": "literal",
                  "value": "${{parent.jobs.do_while_body_func.outputs.output_1}}"
                },
                "parambool": {
                  "job_input_type": "literal",
                  "value": "${{parent.jobs.do_while_body_func.outputs.bool_param_output}}"
                },
                "paramint": {
                  "job_input_type": "literal",
                  "value": "${{parent.jobs.do_while_body_func.outputs.int_param_output}}"
                },
                "paramfloat": {
                  "job_input_type": "literal",
                  "value": "${{parent.jobs.do_while_body_func.outputs.float_param_output}}"
                },
                "paramstr": {
                  "job_input_type": "literal",
                  "value": "${{parent.jobs.do_while_body_func.outputs.str_param_output}}"
                }
              },
              "_source": "YAML.COMPONENT",
              "componentId": "/subscriptions/00000000-0000-0000-0000-000000000/resourceGroups/00000/providers/Microsoft.MachineLearningServices/workspaces/00000/components/azureml_anonymous/versions/647a6eb1-0336-4a9c-a401-ea6d9fb31870"
            },
            "conditionnode": {
              "type": "if_else",
              "condition": "${{parent.jobs.do_while_body_func.outputs.condition}}",
              "true_block": "${{parent.jobs.primitive_output_component_true}}",
              "_source": "DSL"
            }
          },
          "outputs": {},
          "settings": {
            "default_compute": "/subscriptions/00000000-0000-0000-0000-000000000/resourceGroups/00000/providers/Microsoft.MachineLearningServices/workspaces/00000/computes/cpu-cluster",
            "continue_on_step_failure": true,
            "_source": "DSL"
          }
        }
      },
      "StatusCode": 201,
      "ResponseHeaders": {
        "Cache-Control": "no-cache",
        "Content-Length": "6194",
        "Content-Type": "application/json; charset=utf-8",
        "Date": "Fri, 28 Apr 2023 00:13:38 GMT",
        "Expires": "-1",
        "Location": "https://management.azure.com/subscriptions/00000000-0000-0000-0000-000000000/resourceGroups/00000/providers/Microsoft.MachineLearningServices/workspaces/00000/jobs/000000000000000000000?api-version=2023-04-01-preview",
        "Pragma": "no-cache",
        "Request-Context": "appId=cid-v1:2d2e8e63-272e-4b3c-8598-4ee570a0e70d",
        "Server-Timing": "traceparent;desc=\u002200-0480b3b24fdcfe99f64e51c1dff9e923-361b21fa125ac76f-01\u0022",
        "Strict-Transport-Security": "max-age=31536000; includeSubDomains",
        "x-aml-cluster": "vienna-westus-01",
        "X-Content-Type-Options": "nosniff",
        "x-ms-correlation-request-id": "58354ced-3fae-47e7-9f78-0b872d8d9f53",
        "x-ms-ratelimit-remaining-subscription-writes": "1198",
        "x-ms-response-type": "standard",
        "x-ms-routing-request-id": "WESTCENTRALUS:20230428T001338Z:58354ced-3fae-47e7-9f78-0b872d8d9f53",
        "x-request-time": "0.399"
      },
      "ResponseBody": {
        "id": "/subscriptions/00000000-0000-0000-0000-000000000/resourceGroups/00000/providers/Microsoft.MachineLearningServices/workspaces/00000/jobs/000000000000000000000",
        "name": "000000000000000000000",
        "type": "Microsoft.MachineLearningServices/workspaces/jobs",
        "properties": {
          "description": null,
          "tags": {},
          "properties": {},
          "displayName": "test_pipeline",
          "status": "NotStarted",
          "experimentName": "azure-ai-ml",
          "services": {
            "Tracking": {
              "jobServiceType": "Tracking",
              "port": null,
              "endpoint": "azureml://westus.api.azureml.ms/mlflow/v1.0/subscriptions/00000000-0000-0000-0000-000000000/resourceGroups/00000/providers/Microsoft.MachineLearningServices/workspaces/00000?",
              "status": null,
              "errorMessage": null,
              "properties": null,
              "nodes": null
            },
            "Studio": {
              "jobServiceType": "Studio",
              "port": null,
              "endpoint": "https://ml.azure.com/runs/000000000000000000000?wsid=/subscriptions/00000000-0000-0000-0000-000000000/resourcegroups/00000/workspaces/00000",
              "status": null,
              "errorMessage": null,
              "properties": null,
              "nodes": null
            }
          },
          "computeId": null,
          "isArchived": false,
          "identity": null,
          "componentId": null,
          "notificationSetting": null,
          "secretsConfiguration": null,
          "jobType": "Pipeline",
          "settings": {
            "default_compute": "/subscriptions/00000000-0000-0000-0000-000000000/resourceGroups/00000/providers/Microsoft.MachineLearningServices/workspaces/00000/computes/cpu-cluster",
            "continue_on_step_failure": true,
            "_source": "DSL"
          },
          "jobs": {
            "do_while_body_func": {
              "name": "do_while_body_func",
              "type": "command",
              "inputs": {
                "input_1": {
                  "job_input_type": "literal",
                  "value": "${{parent.inputs.input_data}}"
                },
                "input_2": {
                  "job_input_type": "literal",
                  "value": "${{parent.inputs.input_data}}"
                },
                "bool_param": {
                  "job_input_type": "literal",
                  "value": "${{parent.inputs.bool_param}}"
                },
                "int_param": {
                  "job_input_type": "literal",
                  "value": "${{parent.inputs.int_param}}"
                },
                "float_param": {
                  "job_input_type": "literal",
                  "value": "${{parent.inputs.float_param}}"
                },
                "str_param": {
                  "job_input_type": "literal",
                  "value": "${{parent.inputs.str_param}}"
                }
              },
              "_source": "YAML.COMPONENT",
              "componentId": "/subscriptions/00000000-0000-0000-0000-000000000/resourceGroups/00000/providers/Microsoft.MachineLearningServices/workspaces/00000/components/azureml_anonymous/versions/8abd621a-2fd8-433f-a91b-4f0f54dcbb77"
            },
            "dowhile": {
              "body": "${{parent.jobs.do_while_body_func}}",
              "type": "do_while",
              "condition": "condition",
              "mapping": {
                "${{parent.jobs.do_while_body_func.outputs.output_1}}": [
                  "input_1"
                ],
                "${{parent.jobs.do_while_body_func.outputs.output_2}}": [
                  "input_2"
                ],
                "${{parent.jobs.do_while_body_func.outputs.int_param_output}}": [
                  "int_param"
                ],
                "${{parent.jobs.do_while_body_func.outputs.bool_param_output}}": [
                  "bool_param"
                ],
                "${{parent.jobs.do_while_body_func.outputs.float_param_output}}": [
                  "float_param"
                ],
                "${{parent.jobs.do_while_body_func.outputs.str_param_output}}": [
                  "str_param"
                ]
              },
              "limits": {
                "max_iteration_count": 3
              },
              "_source": "DSL"
            },
            "primitive_output_component_true": {
              "name": "primitive_output_component_true",
              "type": "command",
              "inputs": {
                "input_data": {
                  "job_input_type": "literal",
                  "value": "${{parent.jobs.do_while_body_func.outputs.output_1}}"
                },
                "parambool": {
                  "job_input_type": "literal",
                  "value": "${{parent.jobs.do_while_body_func.outputs.bool_param_output}}"
                },
                "paramint": {
                  "job_input_type": "literal",
                  "value": "${{parent.jobs.do_while_body_func.outputs.int_param_output}}"
                },
                "paramfloat": {
                  "job_input_type": "literal",
                  "value": "${{parent.jobs.do_while_body_func.outputs.float_param_output}}"
                },
                "paramstr": {
                  "job_input_type": "literal",
                  "value": "${{parent.jobs.do_while_body_func.outputs.str_param_output}}"
                }
              },
              "_source": "YAML.COMPONENT",
              "componentId": "/subscriptions/00000000-0000-0000-0000-000000000/resourceGroups/00000/providers/Microsoft.MachineLearningServices/workspaces/00000/components/azureml_anonymous/versions/647a6eb1-0336-4a9c-a401-ea6d9fb31870"
            },
            "conditionnode": {
              "type": "if_else",
              "condition": "${{parent.jobs.do_while_body_func.outputs.condition}}",
              "true_block": "${{parent.jobs.primitive_output_component_true}}",
              "_source": "DSL"
            }
          },
          "inputs": {
            "input_data": {
              "description": null,
              "uri": "https://dprepdata.blob.core.windows.net/demo/Titanic.csv",
              "mode": "ReadOnlyMount",
              "jobInputType": "uri_file"
            },
            "int_param": {
              "description": null,
              "jobInputType": "literal",
              "value": "4"
            },
            "bool_param": {
              "description": null,
              "jobInputType": "literal",
              "value": "True"
            },
            "float_param": {
              "description": null,
              "jobInputType": "literal",
              "value": "22.0"
            },
            "str_param": {
              "description": null,
              "jobInputType": "literal",
              "value": "string_param_no_space"
            }
          },
          "outputs": {},
          "sourceJobId": null
        },
        "systemData": {
          "createdAt": "2023-04-28T00:13:38.4929862\u002B00:00",
          "createdBy": "Mayank Kumar",
          "createdByType": "User"
        }
      }
    },
    {
      "RequestUri": "https://management.azure.com/subscriptions/00000000-0000-0000-0000-000000000/resourceGroups/00000/providers/Microsoft.MachineLearningServices/workspaces/00000/jobs/000000000000000000000/cancel?api-version=2023-04-01-preview",
      "RequestMethod": "POST",
      "RequestHeaders": {
        "Accept": "application/json",
        "Accept-Encoding": "gzip, deflate",
        "Connection": "keep-alive",
        "Content-Length": "0",
        "User-Agent": "azure-ai-ml/1.7.0 azsdk-python-mgmt-machinelearningservices/1.0.0b1 Python/3.10.2 (Windows-10-10.0.22621-SP0)"
      },
      "RequestBody": null,
      "StatusCode": 202,
      "ResponseHeaders": {
        "Cache-Control": "no-cache",
        "Content-Length": "4",
        "Content-Type": "application/json; charset=utf-8",
        "Date": "Fri, 28 Apr 2023 00:13:39 GMT",
        "Expires": "-1",
        "Location": "https://management.azure.com/subscriptions/00000000-0000-0000-0000-000000000/providers/Microsoft.MachineLearningServices/locations/westus/mfeOperationResults/jc:c175bf40-45b6-4a45-ad07-cd676627a78e:000000000000000000000?api-version=2023-04-01-preview",
        "Pragma": "no-cache",
        "Request-Context": "appId=cid-v1:2d2e8e63-272e-4b3c-8598-4ee570a0e70d",
        "Strict-Transport-Security": "max-age=31536000; includeSubDomains",
        "x-aml-cluster": "vienna-westus-01",
        "X-Content-Type-Options": "nosniff",
        "x-ms-async-operation-timeout": "PT1H",
        "x-ms-correlation-request-id": "5c7efed3-faad-4b2b-8016-978ec944802d",
        "x-ms-ratelimit-remaining-subscription-writes": "1198",
        "x-ms-response-type": "standard",
        "x-ms-routing-request-id": "WESTCENTRALUS:20230428T001340Z:5c7efed3-faad-4b2b-8016-978ec944802d",
        "x-request-time": "0.205"
      },
      "ResponseBody": "null"
    },
    {
      "RequestUri": "https://management.azure.com/subscriptions/00000000-0000-0000-0000-000000000/providers/Microsoft.MachineLearningServices/locations/westus/mfeOperationResults/jc:c175bf40-45b6-4a45-ad07-cd676627a78e:000000000000000000000?api-version=2023-04-01-preview",
      "RequestMethod": "GET",
      "RequestHeaders": {
        "Accept": "*/*",
        "Accept-Encoding": "gzip, deflate",
        "Connection": "keep-alive",
        "User-Agent": "azure-ai-ml/1.7.0 azsdk-python-mgmt-machinelearningservices/1.0.0b1 Python/3.10.2 (Windows-10-10.0.22621-SP0)"
      },
      "RequestBody": null,
      "StatusCode": 202,
      "ResponseHeaders": {
        "Cache-Control": "no-cache",
        "Content-Length": "2",
        "Content-Type": "application/json; charset=utf-8",
        "Date": "Fri, 28 Apr 2023 00:13:40 GMT",
        "Expires": "-1",
        "Location": "https://management.azure.com/subscriptions/00000000-0000-0000-0000-000000000/providers/Microsoft.MachineLearningServices/locations/westus/mfeOperationResults/jc:c175bf40-45b6-4a45-ad07-cd676627a78e:000000000000000000000?api-version=2023-04-01-preview",
        "Pragma": "no-cache",
        "Request-Context": "appId=cid-v1:2d2e8e63-272e-4b3c-8598-4ee570a0e70d",
        "Strict-Transport-Security": "max-age=31536000; includeSubDomains",
        "x-aml-cluster": "vienna-westus-01",
        "X-Content-Type-Options": "nosniff",
        "x-ms-correlation-request-id": "5e56a3e3-901b-4434-8247-db82ff574ad3",
        "x-ms-ratelimit-remaining-subscription-reads": "11997",
        "x-ms-response-type": "standard",
        "x-ms-routing-request-id": "WESTCENTRALUS:20230428T001340Z:5e56a3e3-901b-4434-8247-db82ff574ad3",
        "x-request-time": "0.021"
      },
      "ResponseBody": {}
    },
    {
      "RequestUri": "https://management.azure.com/subscriptions/00000000-0000-0000-0000-000000000/providers/Microsoft.MachineLearningServices/locations/westus/mfeOperationResults/jc:c175bf40-45b6-4a45-ad07-cd676627a78e:000000000000000000000?api-version=2023-04-01-preview",
      "RequestMethod": "GET",
      "RequestHeaders": {
        "Accept": "*/*",
        "Accept-Encoding": "gzip, deflate",
        "Connection": "keep-alive",
        "User-Agent": "azure-ai-ml/1.7.0 azsdk-python-mgmt-machinelearningservices/1.0.0b1 Python/3.10.2 (Windows-10-10.0.22621-SP0)"
      },
      "RequestBody": null,
      "StatusCode": 200,
      "ResponseHeaders": {
        "Cache-Control": "no-cache",
        "Content-Length": "0",
        "Date": "Fri, 28 Apr 2023 00:14:09 GMT",
        "Expires": "-1",
        "Pragma": "no-cache",
        "Request-Context": "appId=cid-v1:2d2e8e63-272e-4b3c-8598-4ee570a0e70d",
        "Server-Timing": "traceparent;desc=\u002200-61b006788b189086c08966904b92d5e7-1500e4c07f705c03-01\u0022",
        "Strict-Transport-Security": "max-age=31536000; includeSubDomains",
        "x-aml-cluster": "vienna-westus-01",
        "X-Content-Type-Options": "nosniff",
        "x-ms-correlation-request-id": "a3b3a7a6-e6e5-41c0-b898-ee8ad1263f6f",
        "x-ms-ratelimit-remaining-subscription-reads": "11996",
        "x-ms-response-type": "standard",
        "x-ms-routing-request-id": "WESTCENTRALUS:20230428T001410Z:a3b3a7a6-e6e5-41c0-b898-ee8ad1263f6f",
        "x-request-time": "0.045"
      },
      "ResponseBody": null
    }
  ],
  "Variables": {}
}
