{
  "Entries": [
    {
      "RequestUri": "https://management.azure.com/subscriptions/00000000-0000-0000-0000-000000000/resourceGroups/00000/providers/Microsoft.MachineLearningServices/workspaces/00000/computes/cpu-cluster?api-version=2022-10-01-preview",
      "RequestMethod": "GET",
      "RequestHeaders": {
        "Accept": "application/json",
        "Accept-Encoding": "gzip, deflate",
        "Connection": "keep-alive",
        "User-Agent": "azure-ai-ml/1.8.0 azsdk-python-mgmt-machinelearningservices/0.1.0 Python/3.8.12 (Windows-10-10.0.22621-SP0)"
      },
      "RequestBody": null,
      "StatusCode": 200,
      "ResponseHeaders": {
        "Cache-Control": "no-cache",
        "Content-Encoding": "gzip",
        "Content-Type": "application/json; charset=utf-8",
        "Date": "Wed, 24 May 2023 03:22:16 GMT",
        "Expires": "-1",
        "Pragma": "no-cache",
        "Request-Context": "appId=cid-v1:2d2e8e63-272e-4b3c-8598-4ee570a0e70d",
        "Server-Timing": "traceparent;desc=\u002200-d79ef6caf1849efb2e13d3af2fcb5d7b-47bd871fafab3ce0-00\u0022",
        "Strict-Transport-Security": "max-age=31536000; includeSubDomains",
        "Transfer-Encoding": "chunked",
        "Vary": [
          "Accept-Encoding",
          "Accept-Encoding"
        ],
        "x-aml-cluster": "vienna-eastus2-02",
        "X-Content-Type-Options": "nosniff",
        "x-ms-correlation-request-id": "5a66383d-98b1-4a9f-922d-3a89b62217f0",
        "x-ms-ratelimit-remaining-subscription-reads": "11990",
        "x-ms-response-type": "standard",
        "x-ms-routing-request-id": "JAPANEAST:20230524T032216Z:5a66383d-98b1-4a9f-922d-3a89b62217f0",
        "x-request-time": "0.040"
      },
      "ResponseBody": {
        "id": "/subscriptions/00000000-0000-0000-0000-000000000/resourceGroups/00000/providers/Microsoft.MachineLearningServices/workspaces/00000/computes/cpu-cluster",
        "name": "cpu-cluster",
        "type": "Microsoft.MachineLearningServices/workspaces/computes",
        "location": "eastus2",
        "tags": {},
        "properties": {
          "createdOn": "2023-05-22T04:38:38.5054857\u002B00:00",
          "modifiedOn": "2023-05-22T04:38:42.3818157\u002B00:00",
          "disableLocalAuth": false,
          "description": null,
          "resourceId": null,
          "computeType": "AmlCompute",
          "computeLocation": "eastus2",
          "provisioningState": "Succeeded",
          "provisioningErrors": null,
          "isAttachedCompute": false,
          "properties": {
            "vmSize": "STANDARD_DS3_V2",
            "vmPriority": "Dedicated",
            "scaleSettings": {
              "maxNodeCount": 3,
              "minNodeCount": 1,
              "nodeIdleTimeBeforeScaleDown": "PT2M"
            },
            "subnet": null,
            "currentNodeCount": 1,
            "targetNodeCount": 1,
            "nodeStateCounts": {
              "preparingNodeCount": 0,
              "runningNodeCount": 0,
              "idleNodeCount": 1,
              "unusableNodeCount": 0,
              "leavingNodeCount": 0,
              "preemptedNodeCount": 0
            },
            "allocationState": "Steady",
            "allocationStateTransitionTime": "2023-05-24T03:19:42.34\u002B00:00",
            "errors": null,
            "remoteLoginPortPublicAccess": "Disabled",
            "osType": "Linux",
            "virtualMachineImage": null,
            "isolatedNetwork": false,
            "enableBatchPrivateLink": false,
            "propertyBag": {}
          }
        }
      }
    },
    {
      "RequestUri": "https://management.azure.com/subscriptions/00000000-0000-0000-0000-000000000/resourceGroups/00000/providers/Microsoft.MachineLearningServices/workspaces/00000/codes/000000000000000000000/versions?api-version=2023-04-01\u0026hash=d4cb323175e35068b8198108551581f1d18336f059cc180689785ecc8e09cdf4\u0026hashVersion=202208",
      "RequestMethod": "GET",
      "RequestHeaders": {
        "Accept": "application/json",
        "Accept-Encoding": "gzip, deflate",
        "Connection": "keep-alive",
        "User-Agent": "azure-ai-ml/1.8.0 azsdk-python-mgmt-machinelearningservices/0.1.0 Python/3.8.12 (Windows-10-10.0.22621-SP0)"
      },
      "RequestBody": null,
      "StatusCode": 200,
      "ResponseHeaders": {
        "Cache-Control": "no-cache",
        "Content-Encoding": "gzip",
        "Content-Type": "application/json; charset=utf-8",
        "Date": "Wed, 24 May 2023 03:22:18 GMT",
        "Expires": "-1",
        "Pragma": "no-cache",
        "Request-Context": "appId=cid-v1:2d2e8e63-272e-4b3c-8598-4ee570a0e70d",
        "Server-Timing": "traceparent;desc=\u002200-ab30424d7ef421874c31671fd68d49d3-fa9efa31deb1432a-00\u0022",
        "Strict-Transport-Security": "max-age=31536000; includeSubDomains",
        "Transfer-Encoding": "chunked",
        "Vary": [
          "Accept-Encoding",
          "Accept-Encoding"
        ],
        "x-aml-cluster": "vienna-eastus2-02",
        "X-Content-Type-Options": "nosniff",
        "x-ms-correlation-request-id": "c69162af-11c9-4c6f-8b6f-5368b3ab8cfb",
        "x-ms-ratelimit-remaining-subscription-reads": "11989",
        "x-ms-response-type": "standard",
        "x-ms-routing-request-id": "JAPANEAST:20230524T032218Z:c69162af-11c9-4c6f-8b6f-5368b3ab8cfb",
        "x-request-time": "0.044"
      },
      "ResponseBody": {
        "value": [
          {
            "id": "/subscriptions/00000000-0000-0000-0000-000000000/resourceGroups/00000/providers/Microsoft.MachineLearningServices/workspaces/00000/codes/000000000000000000000/versions/1",
            "name": "1",
            "type": "Microsoft.MachineLearningServices/workspaces/codes/versions",
            "properties": {
              "description": null,
              "tags": {},
              "properties": {
                "hash_sha256": "d4cb323175e35068b8198108551581f1d18336f059cc180689785ecc8e09cdf4",
                "hash_version": "202208"
              },
              "isArchived": false,
              "isAnonymous": false,
              "codeUri": "https://amltest5899420437.blob.core.windows.net:443/0bdd51b6-c-ca0f7237-87d1-5e69-bfb8-97d76d687cda/train_src",
              "provisioningState": "Succeeded"
            },
            "systemData": {
              "createdAt": "2023-05-24T03:12:03.3622997\u002B00:00",
              "createdBy": "Chenyang Zhang",
              "createdByType": "User",
              "lastModifiedAt": "2023-05-24T03:12:03.3622997\u002B00:00",
              "lastModifiedBy": "Chenyang Zhang",
              "lastModifiedByType": "User"
            }
          }
        ]
      }
    },
    {
      "RequestUri": "https://management.azure.com/subscriptions/00000000-0000-0000-0000-000000000/resourceGroups/00000/providers/Microsoft.MachineLearningServices/workspaces/00000/codes/000000000000000000000/versions/1?api-version=2023-04-01",
      "RequestMethod": "GET",
      "RequestHeaders": {
        "Accept": "application/json",
        "Accept-Encoding": "gzip, deflate",
        "Connection": "keep-alive",
        "User-Agent": "azure-ai-ml/1.8.0 azsdk-python-mgmt-machinelearningservices/0.1.0 Python/3.8.12 (Windows-10-10.0.22621-SP0)"
      },
      "RequestBody": null,
      "StatusCode": 200,
      "ResponseHeaders": {
        "Cache-Control": "no-cache",
        "Content-Encoding": "gzip",
        "Content-Type": "application/json; charset=utf-8",
        "Date": "Wed, 24 May 2023 03:22:18 GMT",
        "Expires": "-1",
        "Pragma": "no-cache",
        "Request-Context": "appId=cid-v1:2d2e8e63-272e-4b3c-8598-4ee570a0e70d",
        "Server-Timing": "traceparent;desc=\u002200-84a8f982442fb56ad83fbd6ad7e48f2a-9c6dde58e1ad4fc3-00\u0022",
        "Strict-Transport-Security": "max-age=31536000; includeSubDomains",
        "Transfer-Encoding": "chunked",
        "Vary": [
          "Accept-Encoding",
          "Accept-Encoding"
        ],
        "x-aml-cluster": "vienna-eastus2-02",
        "X-Content-Type-Options": "nosniff",
        "x-ms-correlation-request-id": "5afaf388-4d77-489a-97b6-d4a5fe1387dd",
        "x-ms-ratelimit-remaining-subscription-reads": "11988",
        "x-ms-response-type": "standard",
        "x-ms-routing-request-id": "JAPANEAST:20230524T032218Z:5afaf388-4d77-489a-97b6-d4a5fe1387dd",
        "x-request-time": "0.048"
      },
      "ResponseBody": {
        "id": "/subscriptions/00000000-0000-0000-0000-000000000/resourceGroups/00000/providers/Microsoft.MachineLearningServices/workspaces/00000/codes/000000000000000000000/versions/1",
        "name": "1",
        "type": "Microsoft.MachineLearningServices/workspaces/codes/versions",
        "properties": {
          "description": null,
          "tags": {},
          "properties": {
            "hash_sha256": "0000000000000",
            "hash_version": "0000000000000"
          },
          "isArchived": false,
          "isAnonymous": false,
          "codeUri": "https://amltest5899420437.blob.core.windows.net:443/0bdd51b6-c-ca0f7237-87d1-5e69-bfb8-97d76d687cda/train_src",
          "provisioningState": "Succeeded"
        },
        "systemData": {
          "createdAt": "2023-05-24T03:12:03.3622997\u002B00:00",
          "createdBy": "Chenyang Zhang",
          "createdByType": "User",
          "lastModifiedAt": "2023-05-24T03:12:03.3622997\u002B00:00",
          "lastModifiedBy": "Chenyang Zhang",
          "lastModifiedByType": "User"
        }
      }
    },
    {
      "RequestUri": "https://management.azure.com/subscriptions/00000000-0000-0000-0000-000000000/resourceGroups/00000/providers/Microsoft.MachineLearningServices/workspaces/00000/codes/000000000000000000000/versions?api-version=2023-04-01\u0026hash=8a7ba1795af83e5c01f1a93dc9e3e7e84abccd4218e264408a3d8fbb02f5d945\u0026hashVersion=202208",
      "RequestMethod": "GET",
      "RequestHeaders": {
        "Accept": "application/json",
        "Accept-Encoding": "gzip, deflate",
        "Connection": "keep-alive",
        "User-Agent": "azure-ai-ml/1.8.0 azsdk-python-mgmt-machinelearningservices/0.1.0 Python/3.8.12 (Windows-10-10.0.22621-SP0)"
      },
      "RequestBody": null,
      "StatusCode": 200,
      "ResponseHeaders": {
        "Cache-Control": "no-cache",
        "Content-Encoding": "gzip",
        "Content-Type": "application/json; charset=utf-8",
        "Date": "Wed, 24 May 2023 03:22:18 GMT",
        "Expires": "-1",
        "Pragma": "no-cache",
        "Request-Context": "appId=cid-v1:2d2e8e63-272e-4b3c-8598-4ee570a0e70d",
        "Server-Timing": "traceparent;desc=\u002200-ac71a786671a63ec87f00099f5d06599-bcd8f61df4e73dcc-00\u0022",
        "Strict-Transport-Security": "max-age=31536000; includeSubDomains",
        "Transfer-Encoding": "chunked",
        "Vary": [
          "Accept-Encoding",
          "Accept-Encoding"
        ],
        "x-aml-cluster": "vienna-eastus2-01",
        "X-Content-Type-Options": "nosniff",
        "x-ms-correlation-request-id": "c99429e7-5592-4132-bf75-b02176887f1f",
        "x-ms-ratelimit-remaining-subscription-reads": "11952",
        "x-ms-response-type": "standard",
        "x-ms-routing-request-id": "JAPANEAST:20230524T032218Z:c99429e7-5592-4132-bf75-b02176887f1f",
        "x-request-time": "0.048"
      },
      "ResponseBody": {
        "value": [
          {
            "id": "/subscriptions/00000000-0000-0000-0000-000000000/resourceGroups/00000/providers/Microsoft.MachineLearningServices/workspaces/00000/codes/000000000000000000000/versions/1",
            "name": "1",
            "type": "Microsoft.MachineLearningServices/workspaces/codes/versions",
            "properties": {
              "description": null,
              "tags": {},
              "properties": {
                "hash_sha256": "8a7ba1795af83e5c01f1a93dc9e3e7e84abccd4218e264408a3d8fbb02f5d945",
                "hash_version": "202208"
              },
              "isArchived": false,
              "isAnonymous": false,
              "codeUri": "https://amltest5899420437.blob.core.windows.net:443/0bdd51b6-c-60ce6388-bb58-5b2d-9fbb-7e38fb952b0f/eval_src",
              "provisioningState": "Succeeded"
            },
            "systemData": {
              "createdAt": "2023-05-24T03:12:02.4009775\u002B00:00",
              "createdBy": "Chenyang Zhang",
              "createdByType": "User",
              "lastModifiedAt": "2023-05-24T03:12:02.4009775\u002B00:00",
              "lastModifiedBy": "Chenyang Zhang",
              "lastModifiedByType": "User"
            }
          }
        ]
      }
    },
    {
      "RequestUri": "https://management.azure.com/subscriptions/00000000-0000-0000-0000-000000000/resourceGroups/00000/providers/Microsoft.MachineLearningServices/workspaces/00000/codes/000000000000000000000/versions?api-version=2023-04-01\u0026hash=b2e16a36d4aeb790f582e397e26e58a904a37031ab30d16026d00c689c49591f\u0026hashVersion=202208",
      "RequestMethod": "GET",
      "RequestHeaders": {
        "Accept": "application/json",
        "Accept-Encoding": "gzip, deflate",
        "Connection": "keep-alive",
        "User-Agent": "azure-ai-ml/1.8.0 azsdk-python-mgmt-machinelearningservices/0.1.0 Python/3.8.12 (Windows-10-10.0.22621-SP0)"
      },
      "RequestBody": null,
      "StatusCode": 200,
      "ResponseHeaders": {
        "Cache-Control": "no-cache",
        "Content-Encoding": "gzip",
        "Content-Type": "application/json; charset=utf-8",
        "Date": "Wed, 24 May 2023 03:22:18 GMT",
        "Expires": "-1",
        "Pragma": "no-cache",
        "Request-Context": "appId=cid-v1:2d2e8e63-272e-4b3c-8598-4ee570a0e70d",
        "Server-Timing": "traceparent;desc=\u002200-4e38a617fa33a271bf837d11a139137c-5d93bfa22a6e4241-00\u0022",
        "Strict-Transport-Security": "max-age=31536000; includeSubDomains",
        "Transfer-Encoding": "chunked",
        "Vary": [
          "Accept-Encoding",
          "Accept-Encoding"
        ],
        "x-aml-cluster": "vienna-eastus2-01",
        "X-Content-Type-Options": "nosniff",
        "x-ms-correlation-request-id": "6a21197c-c770-40c7-b611-7013acbce4b1",
        "x-ms-ratelimit-remaining-subscription-reads": "11995",
        "x-ms-response-type": "standard",
        "x-ms-routing-request-id": "JAPANEAST:20230524T032219Z:6a21197c-c770-40c7-b611-7013acbce4b1",
        "x-request-time": "0.049"
      },
      "ResponseBody": {
        "value": [
          {
            "id": "/subscriptions/00000000-0000-0000-0000-000000000/resourceGroups/00000/providers/Microsoft.MachineLearningServices/workspaces/00000/codes/000000000000000000000/versions/1",
            "name": "1",
            "type": "Microsoft.MachineLearningServices/workspaces/codes/versions",
            "properties": {
              "description": null,
              "tags": {},
              "properties": {
                "hash_sha256": "b2e16a36d4aeb790f582e397e26e58a904a37031ab30d16026d00c689c49591f",
                "hash_version": "202208"
              },
              "isArchived": false,
              "isAnonymous": false,
              "codeUri": "https://amltest5899420437.blob.core.windows.net:443/0bdd51b6-c-8136a23f-2190-54fd-a133-e6e3f2a92086/score_src",
              "provisioningState": "Succeeded"
            },
            "systemData": {
              "createdAt": "2023-05-24T03:12:03.5298547\u002B00:00",
              "createdBy": "Chenyang Zhang",
              "createdByType": "User",
              "lastModifiedAt": "2023-05-24T03:12:03.5298547\u002B00:00",
              "lastModifiedBy": "Chenyang Zhang",
              "lastModifiedByType": "User"
            }
          }
        ]
      }
    },
    {
      "RequestUri": "https://management.azure.com/subscriptions/00000000-0000-0000-0000-000000000/resourceGroups/00000/providers/Microsoft.MachineLearningServices/workspaces/00000/codes/000000000000000000000/versions/1?api-version=2023-04-01",
      "RequestMethod": "GET",
      "RequestHeaders": {
        "Accept": "application/json",
        "Accept-Encoding": "gzip, deflate",
        "Connection": "keep-alive",
        "User-Agent": "azure-ai-ml/1.8.0 azsdk-python-mgmt-machinelearningservices/0.1.0 Python/3.8.12 (Windows-10-10.0.22621-SP0)"
      },
      "RequestBody": null,
      "StatusCode": 200,
      "ResponseHeaders": {
        "Cache-Control": "no-cache",
        "Content-Encoding": "gzip",
        "Content-Type": "application/json; charset=utf-8",
        "Date": "Wed, 24 May 2023 03:22:18 GMT",
        "Expires": "-1",
        "Pragma": "no-cache",
        "Request-Context": "appId=cid-v1:2d2e8e63-272e-4b3c-8598-4ee570a0e70d",
        "Server-Timing": "traceparent;desc=\u002200-fac91cd8dab835f687068ed3d9d9306f-8a332121b0b04180-00\u0022",
        "Strict-Transport-Security": "max-age=31536000; includeSubDomains",
        "Transfer-Encoding": "chunked",
        "Vary": [
          "Accept-Encoding",
          "Accept-Encoding"
        ],
        "x-aml-cluster": "vienna-eastus2-01",
        "X-Content-Type-Options": "nosniff",
        "x-ms-correlation-request-id": "291cf701-d086-4344-95fe-fbdcc5278890",
        "x-ms-ratelimit-remaining-subscription-reads": "11951",
        "x-ms-response-type": "standard",
        "x-ms-routing-request-id": "JAPANEAST:20230524T032219Z:291cf701-d086-4344-95fe-fbdcc5278890",
        "x-request-time": "0.034"
      },
      "ResponseBody": {
        "id": "/subscriptions/00000000-0000-0000-0000-000000000/resourceGroups/00000/providers/Microsoft.MachineLearningServices/workspaces/00000/codes/000000000000000000000/versions/1",
        "name": "1",
        "type": "Microsoft.MachineLearningServices/workspaces/codes/versions",
        "properties": {
          "description": null,
          "tags": {},
          "properties": {
            "hash_sha256": "0000000000000",
            "hash_version": "0000000000000"
          },
          "isArchived": false,
          "isAnonymous": false,
          "codeUri": "https://amltest5899420437.blob.core.windows.net:443/0bdd51b6-c-60ce6388-bb58-5b2d-9fbb-7e38fb952b0f/eval_src",
          "provisioningState": "Succeeded"
        },
        "systemData": {
          "createdAt": "2023-05-24T03:12:02.4009775\u002B00:00",
          "createdBy": "Chenyang Zhang",
          "createdByType": "User",
          "lastModifiedAt": "2023-05-24T03:12:02.4009775\u002B00:00",
          "lastModifiedBy": "Chenyang Zhang",
          "lastModifiedByType": "User"
        }
      }
    },
    {
      "RequestUri": "https://management.azure.com/subscriptions/00000000-0000-0000-0000-000000000/resourceGroups/00000/providers/Microsoft.MachineLearningServices/workspaces/00000/codes/000000000000000000000/versions/1?api-version=2023-04-01",
      "RequestMethod": "GET",
      "RequestHeaders": {
        "Accept": "application/json",
        "Accept-Encoding": "gzip, deflate",
        "Connection": "keep-alive",
        "User-Agent": "azure-ai-ml/1.8.0 azsdk-python-mgmt-machinelearningservices/0.1.0 Python/3.8.12 (Windows-10-10.0.22621-SP0)"
      },
      "RequestBody": null,
      "StatusCode": 200,
      "ResponseHeaders": {
        "Cache-Control": "no-cache",
        "Content-Encoding": "gzip",
        "Content-Type": "application/json; charset=utf-8",
        "Date": "Wed, 24 May 2023 03:22:18 GMT",
        "Expires": "-1",
        "Pragma": "no-cache",
        "Request-Context": "appId=cid-v1:2d2e8e63-272e-4b3c-8598-4ee570a0e70d",
        "Server-Timing": "traceparent;desc=\u002200-10b098cf743aecc62205f50a562f8abd-8ad318841928ae28-00\u0022",
        "Strict-Transport-Security": "max-age=31536000; includeSubDomains",
        "Transfer-Encoding": "chunked",
        "Vary": [
          "Accept-Encoding",
          "Accept-Encoding"
        ],
        "x-aml-cluster": "vienna-eastus2-01",
        "X-Content-Type-Options": "nosniff",
        "x-ms-correlation-request-id": "7be7cf63-d0bb-42e1-a434-a332fe67b028",
        "x-ms-ratelimit-remaining-subscription-reads": "11994",
        "x-ms-response-type": "standard",
        "x-ms-routing-request-id": "JAPANEAST:20230524T032219Z:7be7cf63-d0bb-42e1-a434-a332fe67b028",
        "x-request-time": "0.033"
      },
      "ResponseBody": {
        "id": "/subscriptions/00000000-0000-0000-0000-000000000/resourceGroups/00000/providers/Microsoft.MachineLearningServices/workspaces/00000/codes/000000000000000000000/versions/1",
        "name": "1",
        "type": "Microsoft.MachineLearningServices/workspaces/codes/versions",
        "properties": {
          "description": null,
          "tags": {},
          "properties": {
            "hash_sha256": "0000000000000",
            "hash_version": "0000000000000"
          },
          "isArchived": false,
          "isAnonymous": false,
          "codeUri": "https://amltest5899420437.blob.core.windows.net:443/0bdd51b6-c-8136a23f-2190-54fd-a133-e6e3f2a92086/score_src",
          "provisioningState": "Succeeded"
        },
        "systemData": {
          "createdAt": "2023-05-24T03:12:03.5298547\u002B00:00",
          "createdBy": "Chenyang Zhang",
          "createdByType": "User",
          "lastModifiedAt": "2023-05-24T03:12:03.5298547\u002B00:00",
          "lastModifiedBy": "Chenyang Zhang",
          "lastModifiedByType": "User"
        }
      }
    },
    {
      "RequestUri": "https://management.azure.com/subscriptions/00000000-0000-0000-0000-000000000/resourceGroups/00000/providers/Microsoft.MachineLearningServices/workspaces/00000/components/azureml_anonymous/versions/000000000000000000000?api-version=2022-10-01",
      "RequestMethod": "PUT",
      "RequestHeaders": {
        "Accept": "application/json",
        "Accept-Encoding": "gzip, deflate",
        "Connection": "keep-alive",
        "Content-Length": "993",
        "Content-Type": "application/json",
        "User-Agent": "azure-ai-ml/1.8.0 azsdk-python-mgmt-machinelearningservices/0.1.0 Python/3.8.12 (Windows-10-10.0.22621-SP0)"
      },
      "RequestBody": {
        "properties": {
          "properties": {},
          "tags": {},
          "isAnonymous": true,
          "isArchived": false,
          "componentSpec": {
            "command": "python train.py --training_data ${{inputs.training_data}} --max_epocs ${{inputs.max_epocs}} --learning_rate ${{inputs.learning_rate}} --learning_rate_schedule ${{inputs.learning_rate_schedule}} --model_output ${{outputs.model_output}} ",
            "code": "azureml:/subscriptions/00000000-0000-0000-0000-000000000/resourceGroups/00000/providers/Microsoft.MachineLearningServices/workspaces/00000/codes/000000000000000000000/versions/1",
            "environment": "azureml:AzureML-sklearn-1.0-ubuntu20.04-py38-cpu:33",
            "name": "azureml_anonymous",
            "version": "1",
            "is_deterministic": true,
            "inputs": {
              "training_data": {
                "type": "uri_folder"
              },
              "max_epocs": {
                "type": "integer"
              },
              "learning_rate": {
                "type": "number",
                "default": "0.01"
              },
              "learning_rate_schedule": {
                "type": "string",
                "default": "time-based"
              }
            },
            "outputs": {
              "model_output": {
                "type": "uri_folder"
              }
            },
            "type": "command",
            "_source": "CLASS"
          }
        }
      },
      "StatusCode": 201,
      "ResponseHeaders": {
        "Cache-Control": "no-cache",
        "Content-Length": "2109",
        "Content-Type": "application/json; charset=utf-8",
        "Date": "Wed, 24 May 2023 03:22:21 GMT",
        "Expires": "-1",
        "Location": "https://management.azure.com/subscriptions/00000000-0000-0000-0000-000000000/resourceGroups/00000/providers/Microsoft.MachineLearningServices/workspaces/00000/components/azureml_anonymous/versions/000000000000000000000?api-version=2022-10-01",
        "Pragma": "no-cache",
        "Request-Context": "appId=cid-v1:2d2e8e63-272e-4b3c-8598-4ee570a0e70d",
        "Server-Timing": "traceparent;desc=\u002200-2c81c5542b1d28d7f8683509ba927010-452518a5f49d4e0b-01\u0022",
        "Strict-Transport-Security": "max-age=31536000; includeSubDomains",
        "x-aml-cluster": "vienna-eastus2-01",
        "X-Content-Type-Options": "nosniff",
        "x-ms-correlation-request-id": "87965600-82b0-47db-8216-a56fa8cfc223",
        "x-ms-ratelimit-remaining-subscription-writes": "1197",
        "x-ms-response-type": "standard",
        "x-ms-routing-request-id": "JAPANEAST:20230524T032221Z:87965600-82b0-47db-8216-a56fa8cfc223",
        "x-request-time": "0.417"
      },
      "ResponseBody": {
        "id": "/subscriptions/00000000-0000-0000-0000-000000000/resourceGroups/00000/providers/Microsoft.MachineLearningServices/workspaces/00000/components/azureml_anonymous/versions/548009c5-f53b-435f-b16b-1af2b2653c87",
        "name": "548009c5-f53b-435f-b16b-1af2b2653c87",
        "type": "Microsoft.MachineLearningServices/workspaces/components/versions",
        "properties": {
          "description": null,
          "tags": {},
          "properties": {},
          "isArchived": false,
          "isAnonymous": true,
          "componentSpec": {
            "name": "azureml_anonymous",
            "version": "1",
            "is_deterministic": "True",
            "type": "command",
            "inputs": {
              "training_data": {
                "type": "uri_folder",
                "optional": "False"
              },
              "max_epocs": {
                "type": "integer",
                "optional": "False"
              },
              "learning_rate": {
                "type": "number",
                "optional": "False",
                "default": "0.01"
              },
              "learning_rate_schedule": {
                "type": "string",
                "optional": "False",
                "default": "time-based"
              }
            },
            "outputs": {
              "model_output": {
                "type": "uri_folder"
              }
            },
            "code": "azureml:/subscriptions/00000000-0000-0000-0000-000000000/resourceGroups/00000/providers/Microsoft.MachineLearningServices/workspaces/00000/codes/000000000000000000000/versions/1",
            "environment": "azureml://registries/azureml/environments/AzureML-sklearn-1.0-ubuntu20.04-py38-cpu/versions/33",
            "resources": {
              "instance_count": "1"
            },
            "command": "python train.py --training_data ${{inputs.training_data}} --max_epocs ${{inputs.max_epocs}} --learning_rate ${{inputs.learning_rate}} --learning_rate_schedule ${{inputs.learning_rate_schedule}} --model_output ${{outputs.model_output}} "
          }
        },
        "systemData": {
          "createdAt": "2023-05-24T03:22:21.5958403\u002B00:00",
          "createdBy": "Chenyang Zhang",
          "createdByType": "User",
          "lastModifiedAt": "2023-05-24T03:22:21.5958403\u002B00:00",
          "lastModifiedBy": "Chenyang Zhang",
          "lastModifiedByType": "User"
        }
      }
    },
    {
      "RequestUri": "https://management.azure.com/subscriptions/00000000-0000-0000-0000-000000000/resourceGroups/00000/providers/Microsoft.MachineLearningServices/workspaces/00000/components/azureml_anonymous/versions/000000000000000000000?api-version=2022-10-01",
      "RequestMethod": "PUT",
      "RequestHeaders": {
        "Accept": "application/json",
        "Accept-Encoding": "gzip, deflate",
        "Connection": "keep-alive",
        "Content-Length": "694",
        "Content-Type": "application/json",
        "User-Agent": "azure-ai-ml/1.8.0 azsdk-python-mgmt-machinelearningservices/0.1.0 Python/3.8.12 (Windows-10-10.0.22621-SP0)"
      },
      "RequestBody": {
        "properties": {
          "properties": {},
          "tags": {},
          "isAnonymous": true,
          "isArchived": false,
          "componentSpec": {
            "command": "python eval.py --scoring_result ${{inputs.scoring_result}} --eval_output ${{outputs.eval_output}}",
            "code": "azureml:/subscriptions/00000000-0000-0000-0000-000000000/resourceGroups/00000/providers/Microsoft.MachineLearningServices/workspaces/00000/codes/000000000000000000000/versions/1",
            "environment": "azureml:AzureML-sklearn-1.0-ubuntu20.04-py38-cpu:33",
            "name": "azureml_anonymous",
            "version": "1",
            "is_deterministic": true,
            "inputs": {
              "scoring_result": {
                "type": "uri_folder"
              }
            },
            "outputs": {
              "eval_output": {
                "type": "uri_folder"
              }
            },
            "type": "command",
            "_source": "CLASS"
          }
        }
      },
      "StatusCode": 201,
      "ResponseHeaders": {
        "Cache-Control": "no-cache",
        "Content-Length": "1613",
        "Content-Type": "application/json; charset=utf-8",
        "Date": "Wed, 24 May 2023 03:22:20 GMT",
        "Expires": "-1",
        "Location": "https://management.azure.com/subscriptions/00000000-0000-0000-0000-000000000/resourceGroups/00000/providers/Microsoft.MachineLearningServices/workspaces/00000/components/azureml_anonymous/versions/000000000000000000000?api-version=2022-10-01",
        "Pragma": "no-cache",
        "Request-Context": "appId=cid-v1:2d2e8e63-272e-4b3c-8598-4ee570a0e70d",
        "Server-Timing": "traceparent;desc=\u002200-fa37ae11e2b880fbe338747809ac7abd-660a5fecde150ba1-01\u0022",
        "Strict-Transport-Security": "max-age=31536000; includeSubDomains",
        "x-aml-cluster": "vienna-eastus2-01",
        "X-Content-Type-Options": "nosniff",
        "x-ms-correlation-request-id": "5990a79f-739b-4eef-a207-136ed322d9ed",
        "x-ms-ratelimit-remaining-subscription-writes": "1165",
        "x-ms-response-type": "standard",
        "x-ms-routing-request-id": "JAPANEAST:20230524T032221Z:5990a79f-739b-4eef-a207-136ed322d9ed",
        "x-request-time": "0.545"
      },
      "ResponseBody": {
        "id": "/subscriptions/00000000-0000-0000-0000-000000000/resourceGroups/00000/providers/Microsoft.MachineLearningServices/workspaces/00000/components/azureml_anonymous/versions/175751a6-4eec-497c-a94a-ab6e8e6cd969",
        "name": "175751a6-4eec-497c-a94a-ab6e8e6cd969",
        "type": "Microsoft.MachineLearningServices/workspaces/components/versions",
        "properties": {
          "description": null,
          "tags": {},
          "properties": {},
          "isArchived": false,
          "isAnonymous": true,
          "componentSpec": {
            "name": "azureml_anonymous",
            "version": "1",
            "is_deterministic": "True",
            "type": "command",
            "inputs": {
              "scoring_result": {
                "type": "uri_folder",
                "optional": "False"
              }
            },
            "outputs": {
              "eval_output": {
                "type": "uri_folder"
              }
            },
            "code": "azureml:/subscriptions/00000000-0000-0000-0000-000000000/resourceGroups/00000/providers/Microsoft.MachineLearningServices/workspaces/00000/codes/000000000000000000000/versions/1",
            "environment": "azureml://registries/azureml/environments/AzureML-sklearn-1.0-ubuntu20.04-py38-cpu/versions/33",
            "resources": {
              "instance_count": "1"
            },
            "command": "python eval.py --scoring_result ${{inputs.scoring_result}} --eval_output ${{outputs.eval_output}}"
          }
        },
        "systemData": {
          "createdAt": "2023-05-24T03:22:21.7370914\u002B00:00",
          "createdBy": "Chenyang Zhang",
          "createdByType": "User",
          "lastModifiedAt": "2023-05-24T03:22:21.7370914\u002B00:00",
          "lastModifiedBy": "Chenyang Zhang",
          "lastModifiedByType": "User"
        }
      }
    },
    {
      "RequestUri": "https://management.azure.com/subscriptions/00000000-0000-0000-0000-000000000/resourceGroups/00000/providers/Microsoft.MachineLearningServices/workspaces/00000/components/azureml_anonymous/versions/000000000000000000000?api-version=2022-10-01",
      "RequestMethod": "PUT",
      "RequestHeaders": {
        "Accept": "application/json",
        "Accept-Encoding": "gzip, deflate",
        "Connection": "keep-alive",
        "Content-Length": "761",
        "Content-Type": "application/json",
        "User-Agent": "azure-ai-ml/1.8.0 azsdk-python-mgmt-machinelearningservices/0.1.0 Python/3.8.12 (Windows-10-10.0.22621-SP0)"
      },
      "RequestBody": {
        "properties": {
          "properties": {},
          "tags": {},
          "isAnonymous": true,
          "isArchived": false,
          "componentSpec": {
            "command": "python score.py --model_input ${{inputs.model_input}} --test_data ${{inputs.test_data}} --score_output ${{outputs.score_output}} ",
            "code": "azureml:/subscriptions/00000000-0000-0000-0000-000000000/resourceGroups/00000/providers/Microsoft.MachineLearningServices/workspaces/00000/codes/000000000000000000000/versions/1",
            "environment": "azureml:AzureML-sklearn-1.0-ubuntu20.04-py38-cpu:33",
            "name": "azureml_anonymous",
            "version": "1",
            "is_deterministic": true,
            "inputs": {
              "model_input": {
                "type": "uri_folder"
              },
              "test_data": {
                "type": "uri_folder"
              }
            },
            "outputs": {
              "score_output": {
                "type": "uri_folder"
              }
            },
            "type": "command",
            "_source": "CLASS"
          }
        }
      },
      "StatusCode": 201,
      "ResponseHeaders": {
        "Cache-Control": "no-cache",
        "Content-Length": "1739",
        "Content-Type": "application/json; charset=utf-8",
        "Date": "Wed, 24 May 2023 03:22:21 GMT",
        "Expires": "-1",
        "Location": "https://management.azure.com/subscriptions/00000000-0000-0000-0000-000000000/resourceGroups/00000/providers/Microsoft.MachineLearningServices/workspaces/00000/components/azureml_anonymous/versions/000000000000000000000?api-version=2022-10-01",
        "Pragma": "no-cache",
        "Request-Context": "appId=cid-v1:2d2e8e63-272e-4b3c-8598-4ee570a0e70d",
        "Server-Timing": "traceparent;desc=\u002200-b93871adc680b45177a56485d74d9fbc-def78339e7decc74-01\u0022",
        "Strict-Transport-Security": "max-age=31536000; includeSubDomains",
        "x-aml-cluster": "vienna-eastus2-02",
        "X-Content-Type-Options": "nosniff",
        "x-ms-correlation-request-id": "28d94a4e-5af9-4787-aa5e-6bc1e515e806",
        "x-ms-ratelimit-remaining-subscription-writes": "1190",
        "x-ms-response-type": "standard",
        "x-ms-routing-request-id": "JAPANEAST:20230524T032221Z:28d94a4e-5af9-4787-aa5e-6bc1e515e806",
        "x-request-time": "0.437"
      },
      "ResponseBody": {
        "id": "/subscriptions/00000000-0000-0000-0000-000000000/resourceGroups/00000/providers/Microsoft.MachineLearningServices/workspaces/00000/components/azureml_anonymous/versions/68b7d3c3-e925-4026-a706-c82d14afffbb",
        "name": "68b7d3c3-e925-4026-a706-c82d14afffbb",
        "type": "Microsoft.MachineLearningServices/workspaces/components/versions",
        "properties": {
          "description": null,
          "tags": {},
          "properties": {},
          "isArchived": false,
          "isAnonymous": true,
          "componentSpec": {
            "name": "azureml_anonymous",
            "version": "1",
            "is_deterministic": "True",
            "type": "command",
            "inputs": {
              "model_input": {
                "type": "uri_folder",
                "optional": "False"
              },
              "test_data": {
                "type": "uri_folder",
                "optional": "False"
              }
            },
            "outputs": {
              "score_output": {
                "type": "uri_folder"
              }
            },
            "code": "azureml:/subscriptions/00000000-0000-0000-0000-000000000/resourceGroups/00000/providers/Microsoft.MachineLearningServices/workspaces/00000/codes/000000000000000000000/versions/1",
            "environment": "azureml://registries/azureml/environments/AzureML-sklearn-1.0-ubuntu20.04-py38-cpu/versions/33",
            "resources": {
              "instance_count": "1"
            },
            "command": "python score.py --model_input ${{inputs.model_input}} --test_data ${{inputs.test_data}} --score_output ${{outputs.score_output}} "
          }
        },
        "systemData": {
          "createdAt": "2023-05-24T03:22:21.7671844\u002B00:00",
          "createdBy": "Chenyang Zhang",
          "createdByType": "User",
          "lastModifiedAt": "2023-05-24T03:22:21.7671844\u002B00:00",
          "lastModifiedBy": "Chenyang Zhang",
          "lastModifiedByType": "User"
        }
      }
    },
    {
      "RequestUri": "https://management.azure.com/subscriptions/00000000-0000-0000-0000-000000000/resourceGroups/00000/providers/Microsoft.MachineLearningServices/workspaces/00000/datastores/workspaceblobstore?api-version=2022-10-01",
      "RequestMethod": "GET",
      "RequestHeaders": {
        "Accept": "application/json",
        "Accept-Encoding": "gzip, deflate",
        "Connection": "keep-alive",
        "User-Agent": "azure-ai-ml/1.8.0 azsdk-python-mgmt-machinelearningservices/0.1.0 Python/3.8.12 (Windows-10-10.0.22621-SP0)"
      },
      "RequestBody": null,
      "StatusCode": 200,
      "ResponseHeaders": {
        "Cache-Control": "no-cache",
        "Content-Encoding": "gzip",
        "Content-Type": "application/json; charset=utf-8",
        "Date": "Wed, 24 May 2023 03:22:21 GMT",
        "Expires": "-1",
        "Pragma": "no-cache",
        "Request-Context": "appId=cid-v1:2d2e8e63-272e-4b3c-8598-4ee570a0e70d",
        "Server-Timing": "traceparent;desc=\u002200-4dc1fa8f7be51e254aaca52aae5c38cc-c1c8a847bffa7012-00\u0022",
        "Strict-Transport-Security": "max-age=31536000; includeSubDomains",
        "Transfer-Encoding": "chunked",
        "Vary": [
          "Accept-Encoding",
          "Accept-Encoding"
        ],
        "x-aml-cluster": "vienna-eastus2-02",
        "X-Content-Type-Options": "nosniff",
        "x-ms-correlation-request-id": "5ee4e515-5517-46d0-bb89-ca5af31bc5d8",
        "x-ms-ratelimit-remaining-subscription-reads": "11987",
        "x-ms-response-type": "standard",
        "x-ms-routing-request-id": "JAPANEAST:20230524T032222Z:5ee4e515-5517-46d0-bb89-ca5af31bc5d8",
        "x-request-time": "0.067"
      },
      "ResponseBody": {
        "id": "/subscriptions/00000000-0000-0000-0000-000000000/resourceGroups/00000/providers/Microsoft.MachineLearningServices/workspaces/00000/datastores/workspaceblobstore",
        "name": "workspaceblobstore",
        "type": "Microsoft.MachineLearningServices/workspaces/datastores",
        "properties": {
          "description": null,
          "tags": null,
          "properties": null,
          "isDefault": true,
          "credentials": {
            "credentialsType": "AccountKey"
          },
          "datastoreType": "AzureBlob",
          "accountName": "amltest5899420437",
          "containerName": "azureml-blobstore-0bdd51b6-cd9c-4978-b870-99997b393b81",
          "endpoint": "core.windows.net",
          "protocol": "https",
          "serviceDataAccessAuthIdentity": "WorkspaceSystemAssignedIdentity"
        },
        "systemData": {
          "createdAt": "2023-05-19T09:41:55.3790868\u002B00:00",
          "createdBy": "779301c0-18b2-4cdc-801b-a0a3368fee0a",
          "createdByType": "Application",
          "lastModifiedAt": "2023-05-19T09:41:56.0641774\u002B00:00",
          "lastModifiedBy": "779301c0-18b2-4cdc-801b-a0a3368fee0a",
          "lastModifiedByType": "Application"
        }
      }
    },
    {
      "RequestUri": "https://management.azure.com/subscriptions/00000000-0000-0000-0000-000000000/resourceGroups/00000/providers/Microsoft.MachineLearningServices/workspaces/00000/datastores/workspaceblobstore/listSecrets?api-version=2022-10-01",
      "RequestMethod": "POST",
      "RequestHeaders": {
        "Accept": "application/json",
        "Accept-Encoding": "gzip, deflate",
        "Connection": "keep-alive",
        "Content-Length": "0",
        "User-Agent": "azure-ai-ml/1.8.0 azsdk-python-mgmt-machinelearningservices/0.1.0 Python/3.8.12 (Windows-10-10.0.22621-SP0)"
      },
      "RequestBody": null,
      "StatusCode": 200,
      "ResponseHeaders": {
        "Cache-Control": "no-cache",
        "Content-Encoding": "gzip",
        "Content-Type": "application/json; charset=utf-8",
        "Date": "Wed, 24 May 2023 03:22:22 GMT",
        "Expires": "-1",
        "Pragma": "no-cache",
        "Request-Context": "appId=cid-v1:2d2e8e63-272e-4b3c-8598-4ee570a0e70d",
        "Server-Timing": "traceparent;desc=\u002200-24c54ff8894e44e73ddc36badf4c136a-d749573da8f9b63b-01\u0022",
        "Strict-Transport-Security": "max-age=31536000; includeSubDomains",
        "Transfer-Encoding": "chunked",
        "Vary": "Accept-Encoding",
        "x-aml-cluster": "vienna-eastus2-02",
        "X-Content-Type-Options": "nosniff",
        "x-ms-correlation-request-id": "d49b38a3-a17b-4fde-9ee7-2b4408bd01ed",
        "x-ms-ratelimit-remaining-subscription-writes": "1196",
        "x-ms-response-type": "standard",
        "x-ms-routing-request-id": "JAPANEAST:20230524T032223Z:d49b38a3-a17b-4fde-9ee7-2b4408bd01ed",
        "x-request-time": "0.107"
      },
      "ResponseBody": {
        "secretsType": "AccountKey",
        "key": "dGhpcyBpcyBmYWtlIGtleQ=="
      }
    },
    {
      "RequestUri": "https://amltest5899420437.blob.core.windows.net/azureml-blobstore-0bdd51b6-cd9c-4978-b870-99997b393b81/LocalUpload/00000000000000000000000000000000/data/sample1.csv",
      "RequestMethod": "HEAD",
      "RequestHeaders": {
        "Accept": "application/xml",
        "Accept-Encoding": "gzip, deflate",
        "Connection": "keep-alive",
        "User-Agent": "azsdk-python-storage-blob/12.16.0 Python/3.8.12 (Windows-10-10.0.22621-SP0)",
        "x-ms-date": "Wed, 24 May 2023 03:22:23 GMT",
        "x-ms-version": "2022-11-02"
      },
      "RequestBody": null,
      "StatusCode": 200,
      "ResponseHeaders": {
        "Accept-Ranges": "bytes",
        "Content-Length": "508",
        "Content-MD5": "dUQjYq1qrTeqLOaZ4N2AUQ==",
        "Content-Type": "application/octet-stream",
        "Date": "Wed, 24 May 2023 03:22:22 GMT",
        "ETag": "\u00220x8DB5C04A2A54F02\u0022",
        "Last-Modified": "Wed, 24 May 2023 03:11:58 GMT",
        "Server": [
          "Windows-Azure-Blob/1.0",
          "Microsoft-HTTPAPI/2.0"
        ],
        "x-ms-access-tier": "Hot",
        "x-ms-access-tier-inferred": "true",
        "x-ms-blob-type": "BlockBlob",
        "x-ms-creation-time": "Wed, 24 May 2023 03:11:57 GMT",
        "x-ms-lease-state": "available",
        "x-ms-lease-status": "unlocked",
        "x-ms-meta-name": "b84353b8-e7ba-4e3f-9218-b34d9206df75",
        "x-ms-meta-upload_status": "completed",
        "x-ms-meta-version": "ca92ce34-833b-4db8-8bec-2521c2e1d804",
        "x-ms-server-encrypted": "true",
        "x-ms-version": "2022-11-02"
      },
      "ResponseBody": null
    },
    {
      "RequestUri": "https://amltest5899420437.blob.core.windows.net/azureml-blobstore-0bdd51b6-cd9c-4978-b870-99997b393b81/az-ml-artifacts/00000000000000000000000000000000/data/sample1.csv",
      "RequestMethod": "HEAD",
      "RequestHeaders": {
        "Accept": "application/xml",
        "Accept-Encoding": "gzip, deflate",
        "Connection": "keep-alive",
        "User-Agent": "azsdk-python-storage-blob/12.16.0 Python/3.8.12 (Windows-10-10.0.22621-SP0)",
        "x-ms-date": "Wed, 24 May 2023 03:22:23 GMT",
        "x-ms-version": "2022-11-02"
      },
      "RequestBody": null,
      "StatusCode": 404,
      "ResponseHeaders": {
        "Date": "Wed, 24 May 2023 03:22:22 GMT",
        "Server": [
          "Windows-Azure-Blob/1.0",
          "Microsoft-HTTPAPI/2.0"
        ],
        "Transfer-Encoding": "chunked",
        "x-ms-error-code": "BlobNotFound",
        "x-ms-version": "2022-11-02"
      },
      "ResponseBody": null
    },
    {
      "RequestUri": "https://management.azure.com/subscriptions/00000000-0000-0000-0000-000000000/resourceGroups/00000/providers/Microsoft.MachineLearningServices/workspaces/00000/datastores/workspaceblobstore?api-version=2022-10-01",
      "RequestMethod": "GET",
      "RequestHeaders": {
        "Accept": "application/json",
        "Accept-Encoding": "gzip, deflate",
        "Connection": "keep-alive",
        "User-Agent": "azure-ai-ml/1.8.0 azsdk-python-mgmt-machinelearningservices/0.1.0 Python/3.8.12 (Windows-10-10.0.22621-SP0)"
      },
      "RequestBody": null,
      "StatusCode": 200,
      "ResponseHeaders": {
        "Cache-Control": "no-cache",
        "Content-Encoding": "gzip",
        "Content-Type": "application/json; charset=utf-8",
        "Date": "Wed, 24 May 2023 03:22:23 GMT",
        "Expires": "-1",
        "Pragma": "no-cache",
        "Request-Context": "appId=cid-v1:2d2e8e63-272e-4b3c-8598-4ee570a0e70d",
        "Server-Timing": "traceparent;desc=\u002200-c59744aedc5f3ae93054a709d4e305de-3f136d8611fd0775-00\u0022",
        "Strict-Transport-Security": "max-age=31536000; includeSubDomains",
        "Transfer-Encoding": "chunked",
        "Vary": [
          "Accept-Encoding",
          "Accept-Encoding"
        ],
        "x-aml-cluster": "vienna-eastus2-02",
        "X-Content-Type-Options": "nosniff",
        "x-ms-correlation-request-id": "b05e9f05-e40a-4231-8415-1b38979bbdf7",
        "x-ms-ratelimit-remaining-subscription-reads": "11986",
        "x-ms-response-type": "standard",
        "x-ms-routing-request-id": "JAPANEAST:20230524T032224Z:b05e9f05-e40a-4231-8415-1b38979bbdf7",
        "x-request-time": "0.105"
      },
      "ResponseBody": {
        "id": "/subscriptions/00000000-0000-0000-0000-000000000/resourceGroups/00000/providers/Microsoft.MachineLearningServices/workspaces/00000/datastores/workspaceblobstore",
        "name": "workspaceblobstore",
        "type": "Microsoft.MachineLearningServices/workspaces/datastores",
        "properties": {
          "description": null,
          "tags": null,
          "properties": null,
          "isDefault": true,
          "credentials": {
            "credentialsType": "AccountKey"
          },
          "datastoreType": "AzureBlob",
          "accountName": "amltest5899420437",
          "containerName": "azureml-blobstore-0bdd51b6-cd9c-4978-b870-99997b393b81",
          "endpoint": "core.windows.net",
          "protocol": "https",
          "serviceDataAccessAuthIdentity": "WorkspaceSystemAssignedIdentity"
        },
        "systemData": {
          "createdAt": "2023-05-19T09:41:55.3790868\u002B00:00",
          "createdBy": "779301c0-18b2-4cdc-801b-a0a3368fee0a",
          "createdByType": "Application",
          "lastModifiedAt": "2023-05-19T09:41:56.0641774\u002B00:00",
          "lastModifiedBy": "779301c0-18b2-4cdc-801b-a0a3368fee0a",
          "lastModifiedByType": "Application"
        }
      }
    },
    {
      "RequestUri": "https://management.azure.com/subscriptions/00000000-0000-0000-0000-000000000/resourceGroups/00000/providers/Microsoft.MachineLearningServices/workspaces/00000/datastores/workspaceblobstore/listSecrets?api-version=2022-10-01",
      "RequestMethod": "POST",
      "RequestHeaders": {
        "Accept": "application/json",
        "Accept-Encoding": "gzip, deflate",
        "Connection": "keep-alive",
        "Content-Length": "0",
        "User-Agent": "azure-ai-ml/1.8.0 azsdk-python-mgmt-machinelearningservices/0.1.0 Python/3.8.12 (Windows-10-10.0.22621-SP0)"
      },
      "RequestBody": null,
      "StatusCode": 200,
      "ResponseHeaders": {
        "Cache-Control": "no-cache",
        "Content-Encoding": "gzip",
        "Content-Type": "application/json; charset=utf-8",
        "Date": "Wed, 24 May 2023 03:22:24 GMT",
        "Expires": "-1",
        "Pragma": "no-cache",
        "Request-Context": "appId=cid-v1:2d2e8e63-272e-4b3c-8598-4ee570a0e70d",
        "Server-Timing": "traceparent;desc=\u002200-bae834f5e24b6d641dbd4fd8c260af8d-d554ab730d4342ef-01\u0022",
        "Strict-Transport-Security": "max-age=31536000; includeSubDomains",
        "Transfer-Encoding": "chunked",
        "Vary": "Accept-Encoding",
        "x-aml-cluster": "vienna-eastus2-02",
        "X-Content-Type-Options": "nosniff",
        "x-ms-correlation-request-id": "3009de5b-44b2-4ca2-bfec-28a6095af697",
        "x-ms-ratelimit-remaining-subscription-writes": "1195",
        "x-ms-response-type": "standard",
        "x-ms-routing-request-id": "JAPANEAST:20230524T032224Z:3009de5b-44b2-4ca2-bfec-28a6095af697",
        "x-request-time": "0.078"
      },
      "ResponseBody": {
        "secretsType": "AccountKey",
        "key": "dGhpcyBpcyBmYWtlIGtleQ=="
      }
    },
    {
      "RequestUri": "https://amltest5899420437.blob.core.windows.net/azureml-blobstore-0bdd51b6-cd9c-4978-b870-99997b393b81/LocalUpload/00000000000000000000000000000000/data/sample1.csv",
      "RequestMethod": "HEAD",
      "RequestHeaders": {
        "Accept": "application/xml",
        "Accept-Encoding": "gzip, deflate",
        "Connection": "keep-alive",
        "User-Agent": "azsdk-python-storage-blob/12.16.0 Python/3.8.12 (Windows-10-10.0.22621-SP0)",
        "x-ms-date": "Wed, 24 May 2023 03:22:24 GMT",
        "x-ms-version": "2022-11-02"
      },
      "RequestBody": null,
      "StatusCode": 200,
      "ResponseHeaders": {
        "Accept-Ranges": "bytes",
        "Content-Length": "508",
        "Content-MD5": "dUQjYq1qrTeqLOaZ4N2AUQ==",
        "Content-Type": "application/octet-stream",
        "Date": "Wed, 24 May 2023 03:22:24 GMT",
        "ETag": "\u00220x8DB5C04A2A54F02\u0022",
        "Last-Modified": "Wed, 24 May 2023 03:11:58 GMT",
        "Server": [
          "Windows-Azure-Blob/1.0",
          "Microsoft-HTTPAPI/2.0"
        ],
        "x-ms-access-tier": "Hot",
        "x-ms-access-tier-inferred": "true",
        "x-ms-blob-type": "BlockBlob",
        "x-ms-creation-time": "Wed, 24 May 2023 03:11:57 GMT",
        "x-ms-lease-state": "available",
        "x-ms-lease-status": "unlocked",
        "x-ms-meta-name": "b84353b8-e7ba-4e3f-9218-b34d9206df75",
        "x-ms-meta-upload_status": "completed",
        "x-ms-meta-version": "ca92ce34-833b-4db8-8bec-2521c2e1d804",
        "x-ms-server-encrypted": "true",
        "x-ms-version": "2022-11-02"
      },
      "ResponseBody": null
    },
    {
      "RequestUri": "https://amltest5899420437.blob.core.windows.net/azureml-blobstore-0bdd51b6-cd9c-4978-b870-99997b393b81/az-ml-artifacts/00000000000000000000000000000000/data/sample1.csv",
      "RequestMethod": "HEAD",
      "RequestHeaders": {
        "Accept": "application/xml",
        "Accept-Encoding": "gzip, deflate",
        "Connection": "keep-alive",
        "User-Agent": "azsdk-python-storage-blob/12.16.0 Python/3.8.12 (Windows-10-10.0.22621-SP0)",
        "x-ms-date": "Wed, 24 May 2023 03:22:24 GMT",
        "x-ms-version": "2022-11-02"
      },
      "RequestBody": null,
      "StatusCode": 404,
      "ResponseHeaders": {
        "Date": "Wed, 24 May 2023 03:22:24 GMT",
        "Server": [
          "Windows-Azure-Blob/1.0",
          "Microsoft-HTTPAPI/2.0"
        ],
        "Transfer-Encoding": "chunked",
        "x-ms-error-code": "BlobNotFound",
        "x-ms-version": "2022-11-02"
      },
      "ResponseBody": null
    },
    {
      "RequestUri": "https://management.azure.com/subscriptions/00000000-0000-0000-0000-000000000/resourceGroups/00000/providers/Microsoft.MachineLearningServices/workspaces/00000/jobs/000000000000000000000?api-version=2023-04-01-preview",
      "RequestMethod": "PUT",
      "RequestHeaders": {
        "Accept": "application/json",
        "Accept-Encoding": "gzip, deflate",
        "Connection": "keep-alive",
        "Content-Length": "3392",
        "Content-Type": "application/json",
        "User-Agent": "azure-ai-ml/1.8.0 azsdk-python-mgmt-machinelearningservices/0.1.0 Python/3.8.12 (Windows-10-10.0.22621-SP0)"
      },
      "RequestBody": {
        "properties": {
          "description": "E2E dummy train-score-eval pipeline with components defined inline in pipeline job",
          "properties": {},
          "tags": {},
          "computeId": "/subscriptions/00000000-0000-0000-0000-000000000/resourceGroups/00000/providers/Microsoft.MachineLearningServices/workspaces/00000/computes/cpu-cluster",
          "displayName": "e2e_inline_components",
          "experimentName": "azure-ai-ml",
          "isArchived": false,
          "jobType": "Pipeline",
          "inputs": {
            "pipeline_job_training_input": {
              "uri": "azureml://datastores/workspaceblobstore/paths/LocalUpload/00000000000000000000000000000000/data/",
              "jobInputType": "uri_folder"
            },
            "pipeline_job_test_input": {
              "uri": "azureml://datastores/workspaceblobstore/paths/LocalUpload/00000000000000000000000000000000/data/",
              "jobInputType": "uri_folder"
            },
            "pipeline_job_training_max_epocs": {
              "jobInputType": "literal",
              "value": "20"
            },
            "pipeline_job_training_learning_rate": {
              "jobInputType": "literal",
              "value": "1.8"
            },
            "pipeline_job_learning_rate_schedule": {
              "jobInputType": "literal",
              "value": "time-based"
            }
          },
          "jobs": {
            "train_job": {
              "name": "train_job",
              "type": "command",
              "inputs": {
                "training_data": {
                  "job_input_type": "literal",
                  "value": "${{parent.inputs.pipeline_job_training_input}}"
                },
                "max_epocs": {
                  "job_input_type": "literal",
                  "value": "${{parent.inputs.pipeline_job_training_max_epocs}}"
                },
                "learning_rate": {
                  "job_input_type": "literal",
                  "value": "${{parent.inputs.pipeline_job_training_learning_rate}}"
                },
                "learning_rate_schedule": {
                  "job_input_type": "literal",
                  "value": "${{parent.inputs.pipeline_job_learning_rate_schedule}}"
                }
              },
              "outputs": {
                "model_output": {
                  "value": "${{parent.outputs.pipeline_job_trained_model}}",
                  "type": "literal"
                }
              },
              "_source": "CLASS",
              "componentId": "/subscriptions/00000000-0000-0000-0000-000000000/resourceGroups/00000/providers/Microsoft.MachineLearningServices/workspaces/00000/components/azureml_anonymous/versions/548009c5-f53b-435f-b16b-1af2b2653c87"
            },
            "score_job": {
              "name": "score_job",
              "type": "command",
              "inputs": {
                "model_input": {
                  "job_input_type": "literal",
                  "value": "${{parent.jobs.train_job.outputs.model_output}}"
                },
                "test_data": {
                  "job_input_type": "literal",
                  "value": "${{parent.inputs.pipeline_job_test_input}}"
                }
              },
              "outputs": {
                "score_output": {
                  "value": "${{parent.outputs.pipeline_job_scored_data}}",
                  "type": "literal"
                }
              },
              "_source": "CLASS",
              "componentId": "/subscriptions/00000000-0000-0000-0000-000000000/resourceGroups/00000/providers/Microsoft.MachineLearningServices/workspaces/00000/components/azureml_anonymous/versions/68b7d3c3-e925-4026-a706-c82d14afffbb"
            },
            "evaluate_job": {
              "name": "evaluate_job",
              "type": "command",
              "inputs": {
                "scoring_result": {
                  "job_input_type": "literal",
                  "value": "${{parent.jobs.score_job.outputs.score_output}}"
                }
              },
              "outputs": {
                "eval_output": {
                  "value": "${{parent.outputs.pipeline_job_evaluation_report}}",
                  "type": "literal"
                }
              },
              "_source": "CLASS",
              "componentId": "/subscriptions/00000000-0000-0000-0000-000000000/resourceGroups/00000/providers/Microsoft.MachineLearningServices/workspaces/00000/components/azureml_anonymous/versions/175751a6-4eec-497c-a94a-ab6e8e6cd969"
            }
          },
          "outputs": {
            "pipeline_job_trained_model": {
              "mode": "ReadWriteMount",
              "jobOutputType": "uri_folder"
            },
            "pipeline_job_scored_data": {
              "mode": "ReadWriteMount",
              "jobOutputType": "uri_folder"
            },
            "pipeline_job_evaluation_report": {
              "mode": "ReadWriteMount",
              "jobOutputType": "uri_folder"
            }
          },
          "settings": {
            "_source": "DSL"
          }
        }
      },
      "StatusCode": 201,
      "ResponseHeaders": {
        "Cache-Control": "no-cache",
        "Content-Length": "7074",
        "Content-Type": "application/json; charset=utf-8",
        "Date": "Wed, 24 May 2023 03:22:30 GMT",
        "Expires": "-1",
        "Location": "https://management.azure.com/subscriptions/00000000-0000-0000-0000-000000000/resourceGroups/00000/providers/Microsoft.MachineLearningServices/workspaces/00000/jobs/000000000000000000000?api-version=2023-04-01-preview",
        "Pragma": "no-cache",
        "Request-Context": "appId=cid-v1:2d2e8e63-272e-4b3c-8598-4ee570a0e70d",
        "Server-Timing": "traceparent;desc=\u002200-6c5e6e96a82fdd0fb793fea71d0ca07c-4aa4e0c3cde02f8a-01\u0022",
        "Strict-Transport-Security": "max-age=31536000; includeSubDomains",
        "x-aml-cluster": "vienna-eastus2-02",
        "X-Content-Type-Options": "nosniff",
        "x-ms-correlation-request-id": "6dad4595-a82f-4fed-9d4a-ca97f78939cf",
        "x-ms-ratelimit-remaining-subscription-writes": "1189",
        "x-ms-response-type": "standard",
        "x-ms-routing-request-id": "JAPANEAST:20230524T032231Z:6dad4595-a82f-4fed-9d4a-ca97f78939cf",
        "x-request-time": "4.381"
      },
      "ResponseBody": {
        "id": "/subscriptions/00000000-0000-0000-0000-000000000/resourceGroups/00000/providers/Microsoft.MachineLearningServices/workspaces/00000/jobs/000000000000000000000",
        "name": "000000000000000000000",
        "type": "Microsoft.MachineLearningServices/workspaces/jobs",
        "properties": {
          "description": "E2E dummy train-score-eval pipeline with components defined inline in pipeline job",
          "tags": {},
          "properties": {
            "azureml.DevPlatv2": "true",
            "azureml.DatasetAccessMode": "Asset",
            "azureml.runsource": "azureml.PipelineRun",
            "runSource": "MFE",
            "runType": "HTTP",
            "azureml.parameters": "{\u0022pipeline_job_training_max_epocs\u0022:\u002220\u0022,\u0022pipeline_job_training_learning_rate\u0022:\u00221.8\u0022,\u0022pipeline_job_learning_rate_schedule\u0022:\u0022time-based\u0022}",
            "azureml.continue_on_step_failure": "True",
            "azureml.continue_on_failed_optional_input": "True",
            "azureml.enforceRerun": "False",
            "azureml.defaultComputeName": "cpu-cluster",
            "azureml.defaultDataStoreName": "workspaceblobstore",
            "azureml.pipelineComponent": "pipelinerun"
          },
          "displayName": "e2e_inline_components",
          "status": "Preparing",
          "experimentName": "azure-ai-ml",
          "services": {
            "Tracking": {
              "jobServiceType": "Tracking",
              "port": null,
              "endpoint": "azureml://eastus2.api.azureml.ms/mlflow/v1.0/subscriptions/00000000-0000-0000-0000-000000000/resourceGroups/00000/providers/Microsoft.MachineLearningServices/workspaces/00000?",
              "status": null,
              "errorMessage": null,
              "properties": null,
              "nodes": null
            },
            "Studio": {
              "jobServiceType": "Studio",
              "port": null,
              "endpoint": "https://ml.azure.com/runs/000000000000000000000?wsid=/subscriptions/00000000-0000-0000-0000-000000000/resourcegroups/00000/workspaces/00000",
              "status": null,
              "errorMessage": null,
              "properties": null,
              "nodes": null
            }
          },
          "computeId": "/subscriptions/00000000-0000-0000-0000-000000000/resourceGroups/00000/providers/Microsoft.MachineLearningServices/workspaces/00000/computes/cpu-cluster",
          "isArchived": false,
          "identity": null,
          "componentId": null,
          "notificationSetting": null,
          "secretsConfiguration": null,
          "jobType": "Pipeline",
          "settings": {
            "_source": "DSL"
          },
          "jobs": {
            "train_job": {
              "name": "train_job",
              "type": "command",
              "inputs": {
                "training_data": {
                  "job_input_type": "literal",
                  "value": "${{parent.inputs.pipeline_job_training_input}}"
                },
                "max_epocs": {
                  "job_input_type": "literal",
                  "value": "${{parent.inputs.pipeline_job_training_max_epocs}}"
                },
                "learning_rate": {
                  "job_input_type": "literal",
                  "value": "${{parent.inputs.pipeline_job_training_learning_rate}}"
                },
                "learning_rate_schedule": {
                  "job_input_type": "literal",
                  "value": "${{parent.inputs.pipeline_job_learning_rate_schedule}}"
                }
              },
              "outputs": {
                "model_output": {
                  "value": "${{parent.outputs.pipeline_job_trained_model}}",
                  "type": "literal"
                }
              },
              "_source": "CLASS",
              "componentId": "/subscriptions/00000000-0000-0000-0000-000000000/resourceGroups/00000/providers/Microsoft.MachineLearningServices/workspaces/00000/components/azureml_anonymous/versions/548009c5-f53b-435f-b16b-1af2b2653c87"
            },
            "score_job": {
              "name": "score_job",
              "type": "command",
              "inputs": {
                "model_input": {
                  "job_input_type": "literal",
                  "value": "${{parent.jobs.train_job.outputs.model_output}}"
                },
                "test_data": {
                  "job_input_type": "literal",
                  "value": "${{parent.inputs.pipeline_job_test_input}}"
                }
              },
              "outputs": {
                "score_output": {
                  "value": "${{parent.outputs.pipeline_job_scored_data}}",
                  "type": "literal"
                }
              },
              "_source": "CLASS",
              "componentId": "/subscriptions/00000000-0000-0000-0000-000000000/resourceGroups/00000/providers/Microsoft.MachineLearningServices/workspaces/00000/components/azureml_anonymous/versions/68b7d3c3-e925-4026-a706-c82d14afffbb"
            },
            "evaluate_job": {
              "name": "evaluate_job",
              "type": "command",
              "inputs": {
                "scoring_result": {
                  "job_input_type": "literal",
                  "value": "${{parent.jobs.score_job.outputs.score_output}}"
                }
              },
              "outputs": {
                "eval_output": {
                  "value": "${{parent.outputs.pipeline_job_evaluation_report}}",
                  "type": "literal"
                }
              },
              "_source": "CLASS",
              "componentId": "/subscriptions/00000000-0000-0000-0000-000000000/resourceGroups/00000/providers/Microsoft.MachineLearningServices/workspaces/00000/components/azureml_anonymous/versions/175751a6-4eec-497c-a94a-ab6e8e6cd969"
            }
          },
          "inputs": {
            "pipeline_job_training_input": {
              "description": null,
              "uri": "azureml://datastores/workspaceblobstore/paths/LocalUpload/00000000000000000000000000000000/data/",
              "mode": "ReadOnlyMount",
              "jobInputType": "uri_folder"
            },
            "pipeline_job_test_input": {
              "description": null,
              "uri": "azureml://datastores/workspaceblobstore/paths/LocalUpload/00000000000000000000000000000000/data/",
              "mode": "ReadOnlyMount",
              "jobInputType": "uri_folder"
            },
            "pipeline_job_training_max_epocs": {
              "description": null,
              "jobInputType": "literal",
              "value": "20"
            },
            "pipeline_job_training_learning_rate": {
              "description": null,
              "jobInputType": "literal",
              "value": "1.8"
            },
            "pipeline_job_learning_rate_schedule": {
              "description": null,
              "jobInputType": "literal",
              "value": "time-based"
            }
          },
          "outputs": {
            "pipeline_job_trained_model": {
              "description": null,
              "uri": null,
              "assetName": null,
              "assetVersion": null,
              "mode": "ReadWriteMount",
              "autoDeleteSetting": null,
              "jobOutputType": "uri_folder"
            },
            "pipeline_job_scored_data": {
              "description": null,
              "uri": null,
              "assetName": null,
              "assetVersion": null,
              "mode": "ReadWriteMount",
              "autoDeleteSetting": null,
              "jobOutputType": "uri_folder"
            },
            "pipeline_job_evaluation_report": {
              "description": null,
              "uri": null,
              "assetName": null,
              "assetVersion": null,
              "mode": "ReadWriteMount",
              "autoDeleteSetting": null,
              "jobOutputType": "uri_folder"
            }
          },
          "sourceJobId": null
        },
        "systemData": {
          "createdAt": "2023-05-24T03:22:30.7448246\u002B00:00",
          "createdBy": "Chenyang Zhang",
          "createdByType": "User"
        }
      }
    },
    {
      "RequestUri": "https://management.azure.com/subscriptions/00000000-0000-0000-0000-000000000/resourceGroups/00000/providers/Microsoft.MachineLearningServices/workspaces/00000/jobs/000000000000000000000/cancel?api-version=2023-04-01-preview",
      "RequestMethod": "POST",
      "RequestHeaders": {
        "Accept": "application/json",
        "Accept-Encoding": "gzip, deflate",
        "Connection": "keep-alive",
        "Content-Length": "0",
        "User-Agent": "azure-ai-ml/1.8.0 azsdk-python-mgmt-machinelearningservices/0.1.0 Python/3.8.12 (Windows-10-10.0.22621-SP0)"
      },
      "RequestBody": null,
      "StatusCode": 202,
      "ResponseHeaders": {
        "Cache-Control": "no-cache",
        "Content-Length": "4",
        "Content-Type": "application/json; charset=utf-8",
        "Date": "Wed, 24 May 2023 03:22:33 GMT",
        "Expires": "-1",
        "Location": "https://management.azure.com/subscriptions/00000000-0000-0000-0000-000000000/providers/Microsoft.MachineLearningServices/locations/eastus2/mfeOperationResults/jc:0bdd51b6-cd9c-4978-b870-99997b393b81:000000000000000000000?api-version=2023-04-01-preview",
        "Pragma": "no-cache",
        "Request-Context": "appId=cid-v1:2d2e8e63-272e-4b3c-8598-4ee570a0e70d",
        "Strict-Transport-Security": "max-age=31536000; includeSubDomains",
        "x-aml-cluster": "vienna-eastus2-02",
        "X-Content-Type-Options": "nosniff",
        "x-ms-async-operation-timeout": "PT1H",
        "x-ms-correlation-request-id": "e9434136-7100-47f8-ad44-dc3a236d6248",
        "x-ms-ratelimit-remaining-subscription-writes": "1194",
        "x-ms-response-type": "standard",
        "x-ms-routing-request-id": "JAPANEAST:20230524T032233Z:e9434136-7100-47f8-ad44-dc3a236d6248",
        "x-request-time": "0.621"
      },
      "ResponseBody": "null"
    },
    {
      "RequestUri": "https://management.azure.com/subscriptions/00000000-0000-0000-0000-000000000/providers/Microsoft.MachineLearningServices/locations/eastus2/mfeOperationResults/jc:0bdd51b6-cd9c-4978-b870-99997b393b81:000000000000000000000?api-version=2023-04-01-preview",
      "RequestMethod": "GET",
      "RequestHeaders": {
        "Accept": "*/*",
        "Accept-Encoding": "gzip, deflate",
        "Connection": "keep-alive",
        "User-Agent": "azure-ai-ml/1.8.0 azsdk-python-mgmt-machinelearningservices/0.1.0 Python/3.8.12 (Windows-10-10.0.22621-SP0)"
      },
      "RequestBody": null,
      "StatusCode": 202,
      "ResponseHeaders": {
        "Cache-Control": "no-cache",
        "Content-Length": "2",
        "Content-Type": "application/json; charset=utf-8",
        "Date": "Wed, 24 May 2023 03:22:33 GMT",
        "Expires": "-1",
        "Location": "https://management.azure.com/subscriptions/00000000-0000-0000-0000-000000000/providers/Microsoft.MachineLearningServices/locations/eastus2/mfeOperationResults/jc:0bdd51b6-cd9c-4978-b870-99997b393b81:000000000000000000000?api-version=2023-04-01-preview",
        "Pragma": "no-cache",
        "Request-Context": "appId=cid-v1:2d2e8e63-272e-4b3c-8598-4ee570a0e70d",
        "Strict-Transport-Security": "max-age=31536000; includeSubDomains",
        "x-aml-cluster": "vienna-eastus2-02",
        "X-Content-Type-Options": "nosniff",
        "x-ms-correlation-request-id": "e2810619-9764-4166-8704-2440727e5829",
        "x-ms-ratelimit-remaining-subscription-reads": "11985",
        "x-ms-response-type": "standard",
        "x-ms-routing-request-id": "JAPANEAST:20230524T032234Z:e2810619-9764-4166-8704-2440727e5829",
        "x-request-time": "0.029"
      },
      "ResponseBody": {}
    },
    {
      "RequestUri": "https://management.azure.com/subscriptions/00000000-0000-0000-0000-000000000/providers/Microsoft.MachineLearningServices/locations/eastus2/mfeOperationResults/jc:0bdd51b6-cd9c-4978-b870-99997b393b81:000000000000000000000?api-version=2023-04-01-preview",
      "RequestMethod": "GET",
      "RequestHeaders": {
        "Accept": "*/*",
        "Accept-Encoding": "gzip, deflate",
        "Connection": "keep-alive",
        "User-Agent": "azure-ai-ml/1.8.0 azsdk-python-mgmt-machinelearningservices/0.1.0 Python/3.8.12 (Windows-10-10.0.22621-SP0)"
      },
      "RequestBody": null,
      "StatusCode": 200,
      "ResponseHeaders": {
        "Cache-Control": "no-cache",
        "Content-Length": "0",
        "Date": "Wed, 24 May 2023 03:23:03 GMT",
        "Expires": "-1",
        "Pragma": "no-cache",
        "Request-Context": "appId=cid-v1:2d2e8e63-272e-4b3c-8598-4ee570a0e70d",
        "Server-Timing": "traceparent;desc=\u002200-f73dfa4a98a1a5278fa203a6af26721f-4236454e35f8f8fc-00\u0022",
        "Strict-Transport-Security": "max-age=31536000; includeSubDomains",
        "x-aml-cluster": "vienna-eastus2-02",
        "X-Content-Type-Options": "nosniff",
        "x-ms-correlation-request-id": "ff653a4a-5350-4300-b435-3c3d443b2347",
        "x-ms-ratelimit-remaining-subscription-reads": "11984",
        "x-ms-response-type": "standard",
        "x-ms-routing-request-id": "JAPANEAST:20230524T032304Z:ff653a4a-5350-4300-b435-3c3d443b2347",
        "x-request-time": "0.052"
      },
      "ResponseBody": null
    }
  ],
  "Variables": {}
}
