{
  "Entries": [
    {
      "RequestUri": "https://management.azure.com/subscriptions/00000000-0000-0000-0000-000000000/resourceGroups/00000/providers/Microsoft.MachineLearningServices/workspaces/00000/computes/cpu-cluster?api-version=2022-10-01-preview",
      "RequestMethod": "GET",
      "RequestHeaders": {
        "Accept": "application/json",
        "Accept-Encoding": "gzip, deflate",
        "Connection": "keep-alive",
        "User-Agent": "azure-ai-ml/1.4.0 azsdk-python-mgmt-machinelearningservices/0.1.0 Python/3.8.13 (Windows-10-10.0.19045-SP0)"
      },
      "RequestBody": null,
      "StatusCode": 200,
      "ResponseHeaders": {
        "Cache-Control": "no-cache",
        "Content-Encoding": "gzip",
        "Content-Type": "application/json; charset=utf-8",
        "Date": "Thu, 19 Jan 2023 06:58:35 GMT",
        "Expires": "-1",
        "Pragma": "no-cache",
        "Request-Context": "appId=cid-v1:512cc15a-13b5-415b-bfd0-dce7accb6bb1",
        "Server-Timing": "traceparent;desc=\u002200-8164bfae7d6ccf533285dbc4e9278a97-1f27dbf80510e26f-01\u0022",
        "Strict-Transport-Security": "max-age=31536000; includeSubDomains",
        "Transfer-Encoding": "chunked",
        "Vary": [
          "Accept-Encoding",
          "Accept-Encoding"
        ],
        "x-aml-cluster": "vienna-test-westus2-02",
        "X-Content-Type-Options": "nosniff",
        "x-ms-correlation-request-id": "f475d326-6d0b-4cc2-9819-d1b6d1c788d7",
        "x-ms-ratelimit-remaining-subscription-reads": "11999",
        "x-ms-response-type": "standard",
        "x-ms-routing-request-id": "JAPANEAST:20230119T065836Z:f475d326-6d0b-4cc2-9819-d1b6d1c788d7",
        "x-request-time": "0.226"
      },
      "ResponseBody": {
        "id": "/subscriptions/00000000-0000-0000-0000-000000000/resourceGroups/00000/providers/Microsoft.MachineLearningServices/workspaces/00000/computes/cpu-cluster",
        "name": "cpu-cluster",
        "type": "Microsoft.MachineLearningServices/workspaces/computes",
        "location": "centraluseuap",
        "tags": {},
        "properties": {
          "createdOn": "2022-09-22T09:02:22.1899959\u002B00:00",
          "modifiedOn": "2022-11-21T09:48:12.4511558\u002B00:00",
          "disableLocalAuth": false,
          "description": null,
          "resourceId": null,
          "computeType": "AmlCompute",
          "computeLocation": "centraluseuap",
          "provisioningState": "Succeeded",
          "provisioningErrors": null,
          "isAttachedCompute": false,
          "properties": {
            "vmSize": "STANDARD_DS2_V2",
            "vmPriority": "Dedicated",
            "scaleSettings": {
              "maxNodeCount": 6,
              "minNodeCount": 1,
              "nodeIdleTimeBeforeScaleDown": "PT2M"
            },
            "subnet": null,
            "currentNodeCount": 6,
            "targetNodeCount": 6,
            "nodeStateCounts": {
              "preparingNodeCount": 0,
              "runningNodeCount": 6,
              "idleNodeCount": 0,
              "unusableNodeCount": 0,
              "leavingNodeCount": 0,
              "preemptedNodeCount": 0
            },
            "allocationState": "Steady",
            "allocationStateTransitionTime": "2023-01-06T18:59:34.232\u002B00:00",
            "errors": null,
            "remoteLoginPortPublicAccess": "Enabled",
            "osType": "Linux",
            "virtualMachineImage": null,
            "isolatedNetwork": false,
            "propertyBag": {}
          }
        }
      }
    },
    {
      "RequestUri": "https://management.azure.com/subscriptions/00000000-0000-0000-0000-000000000/resourceGroups/00000/providers/Microsoft.MachineLearningServices/workspaces/00000/datastores/workspaceblobstore?api-version=2022-10-01",
      "RequestMethod": "GET",
      "RequestHeaders": {
        "Accept": "application/json",
        "Accept-Encoding": "gzip, deflate",
        "Connection": "keep-alive",
        "User-Agent": "azure-ai-ml/1.4.0 azsdk-python-mgmt-machinelearningservices/0.1.0 Python/3.8.13 (Windows-10-10.0.19045-SP0)"
      },
      "RequestBody": null,
      "StatusCode": 200,
      "ResponseHeaders": {
        "Cache-Control": "no-cache",
        "Content-Encoding": "gzip",
        "Content-Type": "application/json; charset=utf-8",
        "Date": "Thu, 19 Jan 2023 06:58:39 GMT",
        "Expires": "-1",
        "Pragma": "no-cache",
        "Request-Context": "appId=cid-v1:512cc15a-13b5-415b-bfd0-dce7accb6bb1",
        "Server-Timing": "traceparent;desc=\u002200-d1bcc236d3865f2d909ecea77e26a8e9-93b7d22998473f35-01\u0022",
        "Strict-Transport-Security": "max-age=31536000; includeSubDomains",
        "Transfer-Encoding": "chunked",
        "Vary": [
          "Accept-Encoding",
          "Accept-Encoding"
        ],
        "x-aml-cluster": "vienna-test-westus2-01",
        "X-Content-Type-Options": "nosniff",
        "x-ms-correlation-request-id": "6fc845a6-d91b-4c91-846e-46b05f67f194",
        "x-ms-ratelimit-remaining-subscription-reads": "11998",
        "x-ms-response-type": "standard",
        "x-ms-routing-request-id": "JAPANEAST:20230119T065840Z:6fc845a6-d91b-4c91-846e-46b05f67f194",
        "x-request-time": "0.202"
      },
      "ResponseBody": {
        "id": "/subscriptions/00000000-0000-0000-0000-000000000/resourceGroups/00000/providers/Microsoft.MachineLearningServices/workspaces/00000/datastores/workspaceblobstore",
        "name": "workspaceblobstore",
        "type": "Microsoft.MachineLearningServices/workspaces/datastores",
        "properties": {
          "description": null,
          "tags": null,
          "properties": null,
          "isDefault": true,
          "credentials": {
            "credentialsType": "AccountKey"
          },
          "datastoreType": "AzureBlob",
          "accountName": "sagvgsoim6nmhbq",
          "containerName": "azureml-blobstore-e61cd5e2-512f-475e-9842-5e2a973993b8",
          "endpoint": "core.windows.net",
          "protocol": "https",
          "serviceDataAccessAuthIdentity": "WorkspaceSystemAssignedIdentity"
        },
        "systemData": {
          "createdAt": "2022-09-22T09:02:03.2629568\u002B00:00",
          "createdBy": "779301c0-18b2-4cdc-801b-a0a3368fee0a",
          "createdByType": "Application",
          "lastModifiedAt": "2022-09-22T09:02:04.166989\u002B00:00",
          "lastModifiedBy": "779301c0-18b2-4cdc-801b-a0a3368fee0a",
          "lastModifiedByType": "Application"
        }
      }
    },
    {
      "RequestUri": "https://management.azure.com/subscriptions/00000000-0000-0000-0000-000000000/resourceGroups/00000/providers/Microsoft.MachineLearningServices/workspaces/00000/datastores/workspaceblobstore/listSecrets?api-version=2022-10-01",
      "RequestMethod": "POST",
      "RequestHeaders": {
        "Accept": "application/json",
        "Accept-Encoding": "gzip, deflate",
        "Connection": "keep-alive",
        "Content-Length": "0",
        "User-Agent": "azure-ai-ml/1.4.0 azsdk-python-mgmt-machinelearningservices/0.1.0 Python/3.8.13 (Windows-10-10.0.19045-SP0)"
      },
      "RequestBody": null,
      "StatusCode": 200,
      "ResponseHeaders": {
        "Cache-Control": "no-cache",
        "Content-Encoding": "gzip",
        "Content-Type": "application/json; charset=utf-8",
        "Date": "Thu, 19 Jan 2023 06:58:40 GMT",
        "Expires": "-1",
        "Pragma": "no-cache",
        "Request-Context": "appId=cid-v1:512cc15a-13b5-415b-bfd0-dce7accb6bb1",
        "Server-Timing": "traceparent;desc=\u002200-be95ea6b5deb16c35f1adcb28b2405f7-d87c2069f6ef01f2-01\u0022",
        "Strict-Transport-Security": "max-age=31536000; includeSubDomains",
        "Transfer-Encoding": "chunked",
        "Vary": "Accept-Encoding",
        "x-aml-cluster": "vienna-test-westus2-01",
        "X-Content-Type-Options": "nosniff",
        "x-ms-correlation-request-id": "3a778d82-7440-487b-897f-b0e3477ea9ab",
        "x-ms-ratelimit-remaining-subscription-writes": "1199",
        "x-ms-response-type": "standard",
        "x-ms-routing-request-id": "JAPANEAST:20230119T065841Z:3a778d82-7440-487b-897f-b0e3477ea9ab",
        "x-request-time": "0.594"
      },
      "ResponseBody": {
        "secretsType": "AccountKey",
        "key": "dGhpcyBpcyBmYWtlIGtleQ=="
      }
    },
    {
      "RequestUri": "https://sagvgsoim6nmhbq.blob.core.windows.net/azureml-blobstore-e61cd5e2-512f-475e-9842-5e2a973993b8/LocalUpload/00000000000000000000000000000000/COMPONENT_PLACEHOLDER",
      "RequestMethod": "HEAD",
      "RequestHeaders": {
        "Accept": "application/xml",
        "Accept-Encoding": "gzip, deflate",
        "Connection": "keep-alive",
        "User-Agent": "azsdk-python-storage-blob/12.13.1 Python/3.8.13 (Windows-10-10.0.19045-SP0)",
        "x-ms-date": "Thu, 19 Jan 2023 06:58:41 GMT",
        "x-ms-version": "2021-08-06"
      },
      "RequestBody": null,
      "StatusCode": 200,
      "ResponseHeaders": {
        "Accept-Ranges": "bytes",
        "Content-Length": "35",
        "Content-MD5": "L/DnSpFIn\u002BjaQWc\u002BsUQdcw==",
        "Content-Type": "application/octet-stream",
        "Date": "Thu, 19 Jan 2023 06:58:42 GMT",
        "ETag": "\u00220x8DA9D48E17467D7\u0022",
        "Last-Modified": "Fri, 23 Sep 2022 09:49:17 GMT",
        "Server": [
          "Windows-Azure-Blob/1.0",
          "Microsoft-HTTPAPI/2.0"
        ],
        "Vary": "Origin",
        "x-ms-access-tier": "Hot",
        "x-ms-access-tier-inferred": "true",
        "x-ms-blob-type": "BlockBlob",
        "x-ms-creation-time": "Fri, 23 Sep 2022 09:49:16 GMT",
        "x-ms-lease-state": "available",
        "x-ms-lease-status": "unlocked",
        "x-ms-meta-name": "9c9cfba9-82bd-45db-ad06-07009d1d9672",
        "x-ms-meta-upload_status": "completed",
        "x-ms-meta-version": "1",
        "x-ms-server-encrypted": "true",
        "x-ms-version": "2021-08-06"
      },
      "ResponseBody": null
    },
    {
      "RequestUri": "https://sagvgsoim6nmhbq.blob.core.windows.net/azureml-blobstore-e61cd5e2-512f-475e-9842-5e2a973993b8/az-ml-artifacts/00000000000000000000000000000000/COMPONENT_PLACEHOLDER",
      "RequestMethod": "HEAD",
      "RequestHeaders": {
        "Accept": "application/xml",
        "Accept-Encoding": "gzip, deflate",
        "Connection": "keep-alive",
        "User-Agent": "azsdk-python-storage-blob/12.13.1 Python/3.8.13 (Windows-10-10.0.19045-SP0)",
        "x-ms-date": "Thu, 19 Jan 2023 06:58:42 GMT",
        "x-ms-version": "2021-08-06"
      },
      "RequestBody": null,
      "StatusCode": 404,
      "ResponseHeaders": {
        "Date": "Thu, 19 Jan 2023 06:58:43 GMT",
        "Server": [
          "Windows-Azure-Blob/1.0",
          "Microsoft-HTTPAPI/2.0"
        ],
        "Transfer-Encoding": "chunked",
        "Vary": "Origin",
        "x-ms-error-code": "BlobNotFound",
        "x-ms-version": "2021-08-06"
      },
      "ResponseBody": null
    },
    {
      "RequestUri": "https://management.azure.com/subscriptions/00000000-0000-0000-0000-000000000/resourceGroups/00000/providers/Microsoft.MachineLearningServices/workspaces/00000/codes/9c9cfba9-82bd-45db-ad06-07009d1d9672/versions/1?api-version=2022-05-01",
      "RequestMethod": "PUT",
      "RequestHeaders": {
        "Accept": "application/json",
        "Accept-Encoding": "gzip, deflate",
        "Connection": "keep-alive",
        "Content-Length": "288",
        "Content-Type": "application/json",
        "User-Agent": "azure-ai-ml/1.4.0 azsdk-python-mgmt-machinelearningservices/0.1.0 Python/3.8.13 (Windows-10-10.0.19045-SP0)"
      },
      "RequestBody": {
        "properties": {
          "properties": {
            "hash_sha256": "0000000000000",
            "hash_version": "0000000000000"
          },
          "isAnonymous": true,
          "isArchived": false,
          "codeUri": "https://sagvgsoim6nmhbq.blob.core.windows.net/azureml-blobstore-e61cd5e2-512f-475e-9842-5e2a973993b8/LocalUpload/00000000000000000000000000000000"
        }
      },
      "StatusCode": 200,
      "ResponseHeaders": {
        "Cache-Control": "no-cache",
        "Content-Encoding": "gzip",
        "Content-Type": "application/json; charset=utf-8",
        "Date": "Thu, 19 Jan 2023 06:58:47 GMT",
        "Expires": "-1",
        "Pragma": "no-cache",
        "Request-Context": "appId=cid-v1:512cc15a-13b5-415b-bfd0-dce7accb6bb1",
        "Server-Timing": "traceparent;desc=\u002200-a6b9e36279a25aafea43a8d854db2782-b462a3eba5c0cf15-01\u0022",
        "Strict-Transport-Security": "max-age=31536000; includeSubDomains",
        "Transfer-Encoding": "chunked",
        "Vary": [
          "Accept-Encoding",
          "Accept-Encoding"
        ],
        "x-aml-cluster": "vienna-test-westus2-01",
        "X-Content-Type-Options": "nosniff",
        "x-ms-correlation-request-id": "1c1042cf-5d5c-4a52-9057-e3f79888b06a",
        "x-ms-ratelimit-remaining-subscription-writes": "1199",
        "x-ms-response-type": "standard",
        "x-ms-routing-request-id": "JAPANEAST:20230119T065847Z:1c1042cf-5d5c-4a52-9057-e3f79888b06a",
        "x-request-time": "1.073"
      },
      "ResponseBody": {
        "id": "/subscriptions/00000000-0000-0000-0000-000000000/resourceGroups/00000/providers/Microsoft.MachineLearningServices/workspaces/00000/codes/9c9cfba9-82bd-45db-ad06-07009d1d9672/versions/1",
        "name": "1",
        "type": "Microsoft.MachineLearningServices/workspaces/codes/versions",
        "properties": {
          "description": null,
          "tags": {},
          "properties": {
            "hash_sha256": "0000000000000",
            "hash_version": "0000000000000"
          },
          "isArchived": false,
          "isAnonymous": false,
          "codeUri": "https://sagvgsoim6nmhbq.blob.core.windows.net/azureml-blobstore-e61cd5e2-512f-475e-9842-5e2a973993b8/LocalUpload/00000000000000000000000000000000"
        },
        "systemData": {
          "createdAt": "2022-09-23T09:49:20.984936\u002B00:00",
          "createdBy": "Ying Chen",
          "createdByType": "User",
          "lastModifiedAt": "2023-01-19T06:58:47.0184067\u002B00:00",
          "lastModifiedBy": "Han Wang",
          "lastModifiedByType": "User"
        }
      }
    },
    {
      "RequestUri": "https://management.azure.com/subscriptions/00000000-0000-0000-0000-000000000/resourceGroups/00000/providers/Microsoft.MachineLearningServices/workspaces/00000/components/azureml_anonymous/versions/8c18b842-a49d-2a9d-d6e3-59bf9ed59701?api-version=2022-10-01",
      "RequestMethod": "PUT",
      "RequestHeaders": {
        "Accept": "application/json",
        "Accept-Encoding": "gzip, deflate",
        "Connection": "keep-alive",
        "Content-Length": "1308",
        "Content-Type": "application/json",
        "User-Agent": "azure-ai-ml/1.4.0 azsdk-python-mgmt-machinelearningservices/0.1.0 Python/3.8.13 (Windows-10-10.0.19045-SP0)"
      },
      "RequestBody": {
        "properties": {
          "description": "This is the basic command component",
          "properties": {},
          "tags": {
            "tag": "tagvalue",
            "owner": "sdkteam"
          },
          "isAnonymous": true,
          "isArchived": false,
          "componentSpec": {
            "command": "echo Hello World \u0026 echo $[[${{inputs.component_in_number}}]] \u0026 echo ${{inputs.component_in_path}} \u0026 echo ${{outputs.component_out_path}} \u003E ${{outputs.component_out_path}}/component_in_number",
            "code": "azureml:/subscriptions/00000000-0000-0000-0000-000000000/resourceGroups/00000/providers/Microsoft.MachineLearningServices/workspaces/00000/codes/9c9cfba9-82bd-45db-ad06-07009d1d9672/versions/1",
            "environment": "azureml:AzureML-sklearn-0.24-ubuntu18.04-py37-cpu:1",
            "name": "microsoftsamples_command_component_basic",
            "description": "This is the basic command component",
            "tags": {
              "tag": "tagvalue",
              "owner": "sdkteam"
            },
            "version": "0.0.1",
            "$schema": "https://azuremlschemas.azureedge.net/development/commandComponent.schema.json",
            "display_name": "CommandComponentBasic",
            "is_deterministic": true,
            "inputs": {
              "component_in_number": {
                "type": "number",
                "optional": true,
                "default": "10.99",
                "description": "A number"
              },
              "component_in_path": {
                "type": "uri_folder",
                "description": "A path"
              }
            },
            "outputs": {
              "component_out_path": {
                "type": "uri_folder"
              }
            },
            "type": "command",
            "_source": "YAML.COMPONENT"
          }
        }
      },
      "StatusCode": 201,
      "ResponseHeaders": {
        "Cache-Control": "no-cache",
        "Content-Length": "2310",
        "Content-Type": "application/json; charset=utf-8",
        "Date": "Thu, 19 Jan 2023 06:58:51 GMT",
        "Expires": "-1",
        "Location": "https://management.azure.com/subscriptions/00000000-0000-0000-0000-000000000/resourceGroups/00000/providers/Microsoft.MachineLearningServices/workspaces/00000/components/azureml_anonymous/versions/8c18b842-a49d-2a9d-d6e3-59bf9ed59701?api-version=2022-10-01",
        "Pragma": "no-cache",
        "Request-Context": "appId=cid-v1:512cc15a-13b5-415b-bfd0-dce7accb6bb1",
        "Server-Timing": "traceparent;desc=\u002200-a6316ce84811ec87f627024b393cca7c-bfeee912dd1af81c-01\u0022",
        "Strict-Transport-Security": "max-age=31536000; includeSubDomains",
        "x-aml-cluster": "vienna-test-westus2-01",
        "X-Content-Type-Options": "nosniff",
        "x-ms-correlation-request-id": "fd3c7938-262d-4c0a-90b8-0035892de837",
        "x-ms-ratelimit-remaining-subscription-writes": "1198",
        "x-ms-response-type": "standard",
        "x-ms-routing-request-id": "JAPANEAST:20230119T065851Z:fd3c7938-262d-4c0a-90b8-0035892de837",
        "x-request-time": "3.598"
      },
      "ResponseBody": {
        "id": "/subscriptions/00000000-0000-0000-0000-000000000/resourceGroups/00000/providers/Microsoft.MachineLearningServices/workspaces/00000/components/azureml_anonymous/versions/b0c56ee9-98ff-44a0-b03e-08ac3b2640bf",
        "name": "b0c56ee9-98ff-44a0-b03e-08ac3b2640bf",
        "type": "Microsoft.MachineLearningServices/workspaces/components/versions",
        "properties": {
          "description": null,
          "tags": {
            "tag": "tagvalue",
            "owner": "sdkteam"
          },
          "properties": {},
          "isArchived": false,
          "isAnonymous": true,
          "componentSpec": {
            "name": "azureml_anonymous",
            "version": "b0c56ee9-98ff-44a0-b03e-08ac3b2640bf",
            "display_name": "CommandComponentBasic",
            "is_deterministic": "True",
            "type": "command",
            "description": "This is the basic command component",
            "tags": {
              "tag": "tagvalue",
              "owner": "sdkteam"
            },
            "inputs": {
              "component_in_path": {
                "type": "uri_folder",
                "optional": "False",
                "description": "A path"
              },
              "component_in_number": {
                "type": "number",
                "optional": "True",
                "default": "10.99",
                "description": "A number"
              }
            },
            "outputs": {
              "component_out_path": {
                "type": "uri_folder"
              }
            },
            "code": "azureml:/subscriptions/00000000-0000-0000-0000-000000000/resourceGroups/00000/providers/Microsoft.MachineLearningServices/workspaces/00000/codes/9c9cfba9-82bd-45db-ad06-07009d1d9672/versions/1",
            "environment": "azureml://registries/azureml-dev/environments/AzureML-sklearn-0.24-ubuntu18.04-py37-cpu/versions/1",
            "resources": {
              "instance_count": "1"
            },
            "command": "echo Hello World \u0026 echo $[[${{inputs.component_in_number}}]] \u0026 echo ${{inputs.component_in_path}} \u0026 echo ${{outputs.component_out_path}} \u003E ${{outputs.component_out_path}}/component_in_number",
            "$schema": "https://azuremlschemas.azureedge.net/development/commandComponent.schema.json"
          }
        },
        "systemData": {
          "createdAt": "2022-12-30T01:29:18.1623315\u002B00:00",
          "createdBy": "Xingzhi Zhang",
          "createdByType": "User",
          "lastModifiedAt": "2022-12-30T01:29:18.6082073\u002B00:00",
          "lastModifiedBy": "Xingzhi Zhang",
          "lastModifiedByType": "User"
        }
      }
    },
    {
      "RequestUri": "https://management.azure.com/subscriptions/00000000-0000-0000-0000-000000000/resourceGroups/00000/providers/Microsoft.MachineLearningServices/workspaces/00000/jobs/000000000000000000000?api-version=2022-10-01-preview",
      "RequestMethod": "PUT",
      "RequestHeaders": {
        "Accept": "application/json",
        "Accept-Encoding": "gzip, deflate",
        "Connection": "keep-alive",
        "Content-Length": "1754",
        "Content-Type": "application/json",
        "User-Agent": "azure-ai-ml/1.4.0 azsdk-python-mgmt-machinelearningservices/0.1.0 Python/3.8.13 (Windows-10-10.0.19045-SP0)"
      },
      "RequestBody": {
        "properties": {
          "properties": {},
          "tags": {},
          "displayName": "parallel_for_pipeline",
          "experimentName": "azure-ai-ml",
          "isArchived": false,
          "jobType": "Pipeline",
          "inputs": {},
          "jobs": {
            "parallel_body": {
              "name": "parallel_body",
              "type": "command",
              "_source": "YAML.COMPONENT",
              "componentId": "/subscriptions/00000000-0000-0000-0000-000000000/resourceGroups/00000/providers/Microsoft.MachineLearningServices/workspaces/00000/components/azureml_anonymous/versions/b0c56ee9-98ff-44a0-b03e-08ac3b2640bf"
            },
            "parallel_node": {
              "body": "${{parent.jobs.parallel_body}}",
              "type": "parallel_for",
              "items": "[{\u0022component_in_path\u0022: {\u0022uri\u0022: \u0022https://dprepdata.blob.core.windows.net/demo/Titanic.csv\u0022, \u0022job_input_type\u0022: \u0022uri_file\u0022}, \u0022component_in_number\u0022: 1}, {\u0022component_in_path\u0022: {\u0022uri\u0022: \u0022https://dprepdata.blob.core.windows.net/demo/Titanic.csv\u0022, \u0022job_input_type\u0022: \u0022uri_file\u0022}, \u0022component_in_number\u0022: 2}]"
            },
            "after_node": {
              "name": "after_node",
              "type": "command",
              "computeId": "/subscriptions/00000000-0000-0000-0000-000000000/resourceGroups/00000/providers/Microsoft.MachineLearningServices/workspaces/00000/computes/cpu-cluster",
              "inputs": {
                "component_in_path": {
                  "job_input_type": "literal",
                  "value": "${{parent.jobs.parallel_node.outputs.component_out_path}}"
                }
              },
              "_source": "YAML.COMPONENT",
              "componentId": "/subscriptions/00000000-0000-0000-0000-000000000/resourceGroups/00000/providers/Microsoft.MachineLearningServices/workspaces/00000/components/azureml_anonymous/versions/b0c56ee9-98ff-44a0-b03e-08ac3b2640bf"
            }
          },
          "outputs": {},
          "settings": {
            "default_compute": "/subscriptions/00000000-0000-0000-0000-000000000/resourceGroups/00000/providers/Microsoft.MachineLearningServices/workspaces/00000/computes/cpu-cluster",
            "_source": "DSL"
          }
        }
      },
      "StatusCode": 201,
      "ResponseHeaders": {
        "Cache-Control": "no-cache",
        "Content-Length": "3793",
        "Content-Type": "application/json; charset=utf-8",
        "Date": "Thu, 19 Jan 2023 06:58:54 GMT",
        "Expires": "-1",
        "Location": "https://management.azure.com/subscriptions/00000000-0000-0000-0000-000000000/resourceGroups/00000/providers/Microsoft.MachineLearningServices/workspaces/00000/jobs/000000000000000000000?api-version=2022-10-01-preview",
        "Pragma": "no-cache",
        "Request-Context": "appId=cid-v1:512cc15a-13b5-415b-bfd0-dce7accb6bb1",
        "Server-Timing": "traceparent;desc=\u002200-08af3fe3112b568b186cc7f3fcc4e75d-0d7fe8ab46b0b27d-01\u0022",
        "Strict-Transport-Security": "max-age=31536000; includeSubDomains",
        "x-aml-cluster": "vienna-test-westus2-01",
        "X-Content-Type-Options": "nosniff",
        "x-ms-correlation-request-id": "71f3326f-b8d0-43de-997b-96e7683970a8",
        "x-ms-ratelimit-remaining-subscription-writes": "1197",
        "x-ms-response-type": "standard",
        "x-ms-routing-request-id": "JAPANEAST:20230119T065854Z:71f3326f-b8d0-43de-997b-96e7683970a8",
        "x-request-time": "2.567"
      },
      "ResponseBody": {
        "id": "/subscriptions/00000000-0000-0000-0000-000000000/resourceGroups/00000/providers/Microsoft.MachineLearningServices/workspaces/00000/jobs/000000000000000000000",
        "name": "000000000000000000000",
        "type": "Microsoft.MachineLearningServices/workspaces/jobs",
        "properties": {
          "description": null,
          "tags": {},
          "properties": {
            "azureml.DevPlatv2": "true",
            "azureml.runsource": "azureml.PipelineRun",
            "runSource": "MFE",
            "runType": "HTTP",
            "azureml.parameters": "{}",
            "azureml.continue_on_step_failure": "False",
            "azureml.continue_on_failed_optional_input": "True",
            "azureml.defaultComputeName": "cpu-cluster",
            "azureml.defaultDataStoreName": "workspaceblobstore",
            "azureml.pipelineComponent": "pipelinerun"
          },
          "displayName": "parallel_for_pipeline",
          "status": "Preparing",
          "experimentName": "azure-ai-ml",
          "services": {
            "Tracking": {
              "jobServiceType": "Tracking",
              "port": null,
              "endpoint": "azureml://master.api.azureml-test.ms/mlflow/v1.0/subscriptions/00000000-0000-0000-0000-000000000/resourceGroups/00000/providers/Microsoft.MachineLearningServices/workspaces/00000?",
              "status": null,
              "errorMessage": null,
              "properties": null,
              "nodes": null
            },
            "Studio": {
              "jobServiceType": "Studio",
              "port": null,
              "endpoint": "https://ml.azure.com/runs/000000000000000000000?wsid=/subscriptions/00000000-0000-0000-0000-000000000/resourcegroups/00000/workspaces/00000",
              "status": null,
              "errorMessage": null,
              "properties": null,
              "nodes": null
            }
          },
          "computeId": null,
          "isArchived": false,
          "identity": null,
          "componentId": null,
          "jobType": "Pipeline",
          "settings": {
            "default_compute": "/subscriptions/00000000-0000-0000-0000-000000000/resourceGroups/00000/providers/Microsoft.MachineLearningServices/workspaces/00000/computes/cpu-cluster",
            "_source": "DSL"
          },
          "jobs": {
            "parallel_body": {
              "name": "parallel_body",
              "type": "command",
              "_source": "YAML.COMPONENT",
              "componentId": "/subscriptions/00000000-0000-0000-0000-000000000/resourceGroups/00000/providers/Microsoft.MachineLearningServices/workspaces/00000/components/azureml_anonymous/versions/b0c56ee9-98ff-44a0-b03e-08ac3b2640bf"
            },
            "parallel_node": {
              "body": "${{parent.jobs.parallel_body}}",
              "type": "parallel_for",
              "items": "[{\u0022component_in_path\u0022: {\u0022uri\u0022: \u0022https://dprepdata.blob.core.windows.net/demo/Titanic.csv\u0022, \u0022job_input_type\u0022: \u0022uri_file\u0022}, \u0022component_in_number\u0022: 1}, {\u0022component_in_path\u0022: {\u0022uri\u0022: \u0022https://dprepdata.blob.core.windows.net/demo/Titanic.csv\u0022, \u0022job_input_type\u0022: \u0022uri_file\u0022}, \u0022component_in_number\u0022: 2}]"
            },
            "after_node": {
              "name": "after_node",
              "type": "command",
              "computeId": "/subscriptions/00000000-0000-0000-0000-000000000/resourceGroups/00000/providers/Microsoft.MachineLearningServices/workspaces/00000/computes/cpu-cluster",
              "inputs": {
                "component_in_path": {
                  "job_input_type": "literal",
                  "value": "${{parent.jobs.parallel_node.outputs.component_out_path}}"
                }
              },
              "_source": "YAML.COMPONENT",
              "componentId": "/subscriptions/00000000-0000-0000-0000-000000000/resourceGroups/00000/providers/Microsoft.MachineLearningServices/workspaces/00000/components/azureml_anonymous/versions/b0c56ee9-98ff-44a0-b03e-08ac3b2640bf"
            }
          },
          "inputs": {},
          "outputs": {},
          "sourceJobId": null
        },
        "systemData": {
          "createdAt": "2023-01-19T06:58:53.8919005\u002B00:00",
          "createdBy": "Han Wang",
          "createdByType": "User"
        }
      }
    },
    {
      "RequestUri": "https://management.azure.com/subscriptions/00000000-0000-0000-0000-000000000/resourceGroups/00000/providers/Microsoft.MachineLearningServices/workspaces/00000/jobs/000000000000000000000/cancel?api-version=2022-10-01-preview",
      "RequestMethod": "POST",
      "RequestHeaders": {
        "Accept": "application/json",
        "Accept-Encoding": "gzip, deflate",
        "Connection": "keep-alive",
        "Content-Length": "0",
        "User-Agent": "azure-ai-ml/1.4.0 azsdk-python-mgmt-machinelearningservices/0.1.0 Python/3.8.13 (Windows-10-10.0.19045-SP0)"
      },
      "RequestBody": null,
      "StatusCode": 400,
      "ResponseHeaders": {
        "Cache-Control": "no-cache",
        "Content-Length": "1223",
        "Content-Type": "application/json; charset=utf-8",
        "Date": "Thu, 19 Jan 2023 06:59:13 GMT",
        "Expires": "-1",
        "Pragma": "no-cache",
        "Request-Context": "appId=cid-v1:512cc15a-13b5-415b-bfd0-dce7accb6bb1",
        "Strict-Transport-Security": "max-age=31536000; includeSubDomains",
        "x-aml-cluster": "vienna-test-westus2-01",
        "X-Content-Type-Options": "nosniff",
        "x-ms-correlation-request-id": "0bd8b675-1b7f-47ba-a791-d673645effe7",
        "x-ms-ratelimit-remaining-subscription-writes": "1198",
        "x-ms-response-type": "error",
        "x-ms-routing-request-id": "JAPANEAST:20230119T065913Z:0bd8b675-1b7f-47ba-a791-d673645effe7",
        "x-request-time": "16.013"
      },
      "ResponseBody": {
        "error": {
          "code": "UserError",
          "message": "The pipeline run 000000000000000000000 is in terminal status, it can\u0027t be canceled.",
          "details": [],
          "additionalInfo": [
            {
              "type": "ComponentName",
              "info": {
                "value": "managementfrontend"
              }
            },
            {
              "type": "Correlation",
              "info": {
                "value": {
                  "operation": "3f8a121e390308f78eaf5983f2023cdd",
                  "request": "38e8ac0d7f6f8c1e"
                }
              }
            },
            {
              "type": "Environment",
              "info": {
                "value": "master"
              }
            },
            {
              "type": "Location",
              "info": {
                "value": "westus2"
              }
            },
            {
              "type": "Time",
              "info": {
                "value": "2023-01-19T06:59:13.1400168\u002B00:00"
              }
            },
            {
              "type": "InnerError",
              "info": {
                "value": {
                  "code": "BadArgument",
                  "innerError": {
                    "code": "ArgumentInvalid",
                    "innerError": {
                      "code": "CancelPipelineRunInTerminalStatus",
                      "innerError": null
                    }
                  }
                }
              }
            }
          ]
        }
      }
    }
  ],
  "Variables": {}
}
