{
  "Entries": [
    {
      "RequestUri": "https://management.azure.com/subscriptions/00000000-0000-0000-0000-000000000/resourceGroups/00000/providers/Microsoft.MachineLearningServices/workspaces/00000/codes/000000000000000000000/versions?api-version=2023-04-01\u0026hash=130742b0e91b2c36796e829acefbbce3d05e65f002768115bb2b30355200e4a7\u0026hashVersion=202208",
      "RequestMethod": "GET",
      "RequestHeaders": {
        "Accept": "application/json",
        "Accept-Encoding": "gzip, deflate",
        "Connection": "keep-alive",
        "User-Agent": "azure-ai-ml/1.6.0 azsdk-python-mgmt-machinelearningservices/0.1.0 Python/3.7.13 (Linux-5.15.90.1-microsoft-standard-WSL2-x86_64-with-debian-bookworm-sid)"
      },
      "RequestBody": null,
      "StatusCode": 200,
      "ResponseHeaders": {
        "Cache-Control": "no-cache",
        "Content-Encoding": "gzip",
        "Content-Type": "application/json; charset=utf-8",
        "Date": "Mon, 24 Apr 2023 04:00:17 GMT",
        "Expires": "-1",
        "Pragma": "no-cache",
        "Request-Context": "appId=cid-v1:2d2e8e63-272e-4b3c-8598-4ee570a0e70d",
        "Server-Timing": "traceparent;desc=\u002200-874899293bdba9633c82b424fd9c1c2a-1ee148faecc7b003-01\u0022",
        "Strict-Transport-Security": "max-age=31536000; includeSubDomains",
        "Transfer-Encoding": "chunked",
        "Vary": [
          "Accept-Encoding",
          "Accept-Encoding"
        ],
        "x-aml-cluster": "vienna-eastus-02",
        "X-Content-Type-Options": "nosniff",
        "x-ms-correlation-request-id": "516383ec-02f8-41c7-a9f9-d69cd4bd41f6",
        "x-ms-ratelimit-remaining-subscription-reads": "11992",
        "x-ms-response-type": "standard",
        "x-ms-routing-request-id": "CANADACENTRAL:20230424T040018Z:516383ec-02f8-41c7-a9f9-d69cd4bd41f6",
        "x-request-time": "0.099"
      },
      "ResponseBody": {
        "value": [
          {
            "id": "/subscriptions/00000000-0000-0000-0000-000000000/resourceGroups/00000/providers/Microsoft.MachineLearningServices/workspaces/00000/codes/f4e96966-d034-4f76-9428-883f6606c9f1/versions/1",
            "name": "1",
            "type": "Microsoft.MachineLearningServices/workspaces/codes/versions",
            "properties": {
              "description": null,
              "tags": {},
              "properties": {
                "hash_sha256": "130742b0e91b2c36796e829acefbbce3d05e65f002768115bb2b30355200e4a7",
                "hash_version": "202208"
              },
              "isArchived": false,
              "isAnonymous": false,
              "codeUri": "https://samcw32zcnpjldw.blob.core.windows.net:443/72e8eff8-1-1eb8f8e2-6a39-5f50-9268-47f3373943f9/src",
              "provisioningState": "Succeeded"
            },
            "systemData": {
              "createdAt": "2023-04-22T07:02:42.3321043\u002B00:00",
              "createdBy": "Firstname Lastname",
              "createdByType": "User",
              "lastModifiedAt": "2023-04-22T07:02:42.3321043\u002B00:00",
              "lastModifiedBy": "Firstname Lastname",
              "lastModifiedByType": "User"
            }
          }
        ]
      }
    },
    {
      "RequestUri": "https://management.azure.com/subscriptions/00000000-0000-0000-0000-000000000/resourceGroups/00000/providers/Microsoft.MachineLearningServices/workspaces/00000/codes/000000000000000000000/versions?api-version=2023-04-01\u0026hash=130742b0e91b2c36796e829acefbbce3d05e65f002768115bb2b30355200e4a7\u0026hashVersion=202208",
      "RequestMethod": "GET",
      "RequestHeaders": {
        "Accept": "application/json",
        "Accept-Encoding": "gzip, deflate",
        "Connection": "keep-alive",
        "User-Agent": "azure-ai-ml/1.6.0 azsdk-python-mgmt-machinelearningservices/0.1.0 Python/3.7.13 (Linux-5.15.90.1-microsoft-standard-WSL2-x86_64-with-debian-bookworm-sid)"
      },
      "RequestBody": null,
      "StatusCode": 200,
      "ResponseHeaders": {
        "Cache-Control": "no-cache",
        "Content-Encoding": "gzip",
        "Content-Type": "application/json; charset=utf-8",
        "Date": "Mon, 24 Apr 2023 04:00:17 GMT",
        "Expires": "-1",
        "Pragma": "no-cache",
        "Request-Context": "appId=cid-v1:2d2e8e63-272e-4b3c-8598-4ee570a0e70d",
        "Server-Timing": "traceparent;desc=\u002200-35aff9a73738a71f626745279d7c47de-6900ad0501a01d3c-01\u0022",
        "Strict-Transport-Security": "max-age=31536000; includeSubDomains",
        "Transfer-Encoding": "chunked",
        "Vary": [
          "Accept-Encoding",
          "Accept-Encoding"
        ],
        "x-aml-cluster": "vienna-eastus-02",
        "X-Content-Type-Options": "nosniff",
        "x-ms-correlation-request-id": "9d5e9dda-d92a-4d66-9012-edc50653bc18",
        "x-ms-ratelimit-remaining-subscription-reads": "11978",
        "x-ms-response-type": "standard",
        "x-ms-routing-request-id": "CANADACENTRAL:20230424T040018Z:9d5e9dda-d92a-4d66-9012-edc50653bc18",
        "x-request-time": "0.040"
      },
      "ResponseBody": {
        "value": [
          {
            "id": "/subscriptions/00000000-0000-0000-0000-000000000/resourceGroups/00000/providers/Microsoft.MachineLearningServices/workspaces/00000/codes/f4e96966-d034-4f76-9428-883f6606c9f1/versions/1",
            "name": "1",
            "type": "Microsoft.MachineLearningServices/workspaces/codes/versions",
            "properties": {
              "description": null,
              "tags": {},
              "properties": {
                "hash_sha256": "130742b0e91b2c36796e829acefbbce3d05e65f002768115bb2b30355200e4a7",
                "hash_version": "202208"
              },
              "isArchived": false,
              "isAnonymous": false,
              "codeUri": "https://samcw32zcnpjldw.blob.core.windows.net:443/72e8eff8-1-1eb8f8e2-6a39-5f50-9268-47f3373943f9/src",
              "provisioningState": "Succeeded"
            },
            "systemData": {
              "createdAt": "2023-04-22T07:02:42.3321043\u002B00:00",
              "createdBy": "Firstname Lastname",
              "createdByType": "User",
              "lastModifiedAt": "2023-04-22T07:02:42.3321043\u002B00:00",
              "lastModifiedBy": "Firstname Lastname",
              "lastModifiedByType": "User"
            }
          }
        ]
      }
    },
    {
      "RequestUri": "https://management.azure.com/subscriptions/00000000-0000-0000-0000-000000000/resourceGroups/00000/providers/Microsoft.MachineLearningServices/workspaces/00000/codes/f4e96966-d034-4f76-9428-883f6606c9f1/versions/1?api-version=2023-04-01",
      "RequestMethod": "GET",
      "RequestHeaders": {
        "Accept": "application/json",
        "Accept-Encoding": "gzip, deflate",
        "Connection": "keep-alive",
        "User-Agent": "azure-ai-ml/1.6.0 azsdk-python-mgmt-machinelearningservices/0.1.0 Python/3.7.13 (Linux-5.15.90.1-microsoft-standard-WSL2-x86_64-with-debian-bookworm-sid)"
      },
      "RequestBody": null,
      "StatusCode": 200,
      "ResponseHeaders": {
        "Cache-Control": "no-cache",
        "Content-Encoding": "gzip",
        "Content-Type": "application/json; charset=utf-8",
        "Date": "Mon, 24 Apr 2023 04:00:17 GMT",
        "Expires": "-1",
        "Pragma": "no-cache",
        "Request-Context": "appId=cid-v1:2d2e8e63-272e-4b3c-8598-4ee570a0e70d",
        "Server-Timing": "traceparent;desc=\u002200-2749ed15105e1e20c13a88e74e7e7db9-b87b5e3e25cc277e-01\u0022",
        "Strict-Transport-Security": "max-age=31536000; includeSubDomains",
        "Transfer-Encoding": "chunked",
        "Vary": [
          "Accept-Encoding",
          "Accept-Encoding"
        ],
        "x-aml-cluster": "vienna-eastus-02",
        "X-Content-Type-Options": "nosniff",
        "x-ms-correlation-request-id": "de464f5b-049d-4dc3-a157-791a490f0daa",
        "x-ms-ratelimit-remaining-subscription-reads": "11991",
        "x-ms-response-type": "standard",
        "x-ms-routing-request-id": "CANADACENTRAL:20230424T040018Z:de464f5b-049d-4dc3-a157-791a490f0daa",
        "x-request-time": "0.049"
      },
      "ResponseBody": {
        "id": "/subscriptions/00000000-0000-0000-0000-000000000/resourceGroups/00000/providers/Microsoft.MachineLearningServices/workspaces/00000/codes/f4e96966-d034-4f76-9428-883f6606c9f1/versions/1",
        "name": "1",
        "type": "Microsoft.MachineLearningServices/workspaces/codes/versions",
        "properties": {
          "description": null,
          "tags": {},
          "properties": {
            "hash_sha256": "0000000000000",
            "hash_version": "0000000000000"
          },
          "isArchived": false,
          "isAnonymous": false,
          "codeUri": "https://samcw32zcnpjldw.blob.core.windows.net:443/72e8eff8-1-1eb8f8e2-6a39-5f50-9268-47f3373943f9/src",
          "provisioningState": "Succeeded"
        },
        "systemData": {
          "createdAt": "2023-04-22T07:02:42.3321043\u002B00:00",
          "createdBy": "Firstname Lastname",
          "createdByType": "User",
          "lastModifiedAt": "2023-04-22T07:02:42.3321043\u002B00:00",
          "lastModifiedBy": "Firstname Lastname",
          "lastModifiedByType": "User"
        }
      }
    },
    {
      "RequestUri": "https://management.azure.com/subscriptions/00000000-0000-0000-0000-000000000/resourceGroups/00000/providers/Microsoft.MachineLearningServices/workspaces/00000/codes/f4e96966-d034-4f76-9428-883f6606c9f1/versions/1?api-version=2023-04-01",
      "RequestMethod": "GET",
      "RequestHeaders": {
        "Accept": "application/json",
        "Accept-Encoding": "gzip, deflate",
        "Connection": "keep-alive",
        "User-Agent": "azure-ai-ml/1.6.0 azsdk-python-mgmt-machinelearningservices/0.1.0 Python/3.7.13 (Linux-5.15.90.1-microsoft-standard-WSL2-x86_64-with-debian-bookworm-sid)"
      },
      "RequestBody": null,
      "StatusCode": 200,
      "ResponseHeaders": {
        "Cache-Control": "no-cache",
        "Content-Encoding": "gzip",
        "Content-Type": "application/json; charset=utf-8",
        "Date": "Mon, 24 Apr 2023 04:00:18 GMT",
        "Expires": "-1",
        "Pragma": "no-cache",
        "Request-Context": "appId=cid-v1:2d2e8e63-272e-4b3c-8598-4ee570a0e70d",
        "Server-Timing": "traceparent;desc=\u002200-30d28b435d40a658540ce2e22b8b08c2-8b37441a861b0b1c-01\u0022",
        "Strict-Transport-Security": "max-age=31536000; includeSubDomains",
        "Transfer-Encoding": "chunked",
        "Vary": [
          "Accept-Encoding",
          "Accept-Encoding"
        ],
        "x-aml-cluster": "vienna-eastus-02",
        "X-Content-Type-Options": "nosniff",
        "x-ms-correlation-request-id": "7613dfe1-11b1-497f-827e-9a05b80ec76d",
        "x-ms-ratelimit-remaining-subscription-reads": "11990",
        "x-ms-response-type": "standard",
        "x-ms-routing-request-id": "CANADACENTRAL:20230424T040019Z:7613dfe1-11b1-497f-827e-9a05b80ec76d",
        "x-request-time": "0.070"
      },
      "ResponseBody": {
        "id": "/subscriptions/00000000-0000-0000-0000-000000000/resourceGroups/00000/providers/Microsoft.MachineLearningServices/workspaces/00000/codes/f4e96966-d034-4f76-9428-883f6606c9f1/versions/1",
        "name": "1",
        "type": "Microsoft.MachineLearningServices/workspaces/codes/versions",
        "properties": {
          "description": null,
          "tags": {},
          "properties": {
            "hash_sha256": "0000000000000",
            "hash_version": "0000000000000"
          },
          "isArchived": false,
          "isAnonymous": false,
          "codeUri": "https://samcw32zcnpjldw.blob.core.windows.net:443/72e8eff8-1-1eb8f8e2-6a39-5f50-9268-47f3373943f9/src",
          "provisioningState": "Succeeded"
        },
        "systemData": {
          "createdAt": "2023-04-22T07:02:42.3321043\u002B00:00",
          "createdBy": "Firstname Lastname",
          "createdByType": "User",
          "lastModifiedAt": "2023-04-22T07:02:42.3321043\u002B00:00",
          "lastModifiedBy": "Firstname Lastname",
          "lastModifiedByType": "User"
        }
      }
    },
    {
      "RequestUri": "https://management.azure.com/subscriptions/00000000-0000-0000-0000-000000000/resourceGroups/00000/providers/Microsoft.MachineLearningServices/workspaces/00000/components/azureml_anonymous/versions/000000000000000000000?api-version=2022-10-01",
      "RequestMethod": "PUT",
      "RequestHeaders": {
        "Accept": "application/json",
        "Accept-Encoding": "gzip, deflate",
        "Connection": "keep-alive",
        "Content-Length": "786",
        "Content-Type": "application/json",
        "User-Agent": "azure-ai-ml/1.6.0 azsdk-python-mgmt-machinelearningservices/0.1.0 Python/3.7.13 (Linux-5.15.90.1-microsoft-standard-WSL2-x86_64-with-debian-bookworm-sid)"
      },
      "RequestBody": {
        "properties": {
          "properties": {},
          "tags": {},
          "isAnonymous": true,
          "isArchived": false,
          "componentSpec": {
            "code": "azureml:/subscriptions/00000000-0000-0000-0000-000000000/resourceGroups/00000/providers/Microsoft.MachineLearningServices/workspaces/00000/codes/f4e96966-d034-4f76-9428-883f6606c9f1/versions/1",
            "entry": {
              "file": "add_greeting_column.py"
            },
            "py_files": [
              "utils.zip"
            ],
            "files": [
              "my_files.txt"
            ],
            "conf": {
              "spark.driver.cores": 2,
              "spark.driver.memory": "1g",
              "spark.executor.cores": 1,
              "spark.executor.memory": "1g",
              "spark.executor.instances": 1
            },
            "args": "--file_input ${{inputs.file_input}}",
            "name": "azureml_anonymous",
            "version": "1",
            "is_deterministic": true,
            "inputs": {
              "file_input": {
                "type": "uri_file",
                "mode": "direct"
              }
            },
            "type": "spark",
            "_source": "BUILDER"
          }
        }
      },
      "StatusCode": 201,
      "ResponseHeaders": {
        "Cache-Control": "no-cache",
        "Content-Length": "1320",
        "Content-Type": "application/json; charset=utf-8",
        "Date": "Mon, 24 Apr 2023 04:00:28 GMT",
        "Expires": "-1",
        "Location": "https://management.azure.com/subscriptions/00000000-0000-0000-0000-000000000/resourceGroups/00000/providers/Microsoft.MachineLearningServices/workspaces/00000/components/azureml_anonymous/versions/000000000000000000000?api-version=2022-10-01",
        "Pragma": "no-cache",
        "Request-Context": "appId=cid-v1:2d2e8e63-272e-4b3c-8598-4ee570a0e70d",
        "Server-Timing": "traceparent;desc=\u002200-e831da9802954c4c9ad190e0fa04352d-2f437cad0ae753b0-01\u0022",
        "Strict-Transport-Security": "max-age=31536000; includeSubDomains",
        "x-aml-cluster": "vienna-eastus-02",
        "X-Content-Type-Options": "nosniff",
        "x-ms-correlation-request-id": "54ef1382-5072-4c6d-9f4e-1ee8f09ef676",
        "x-ms-ratelimit-remaining-subscription-writes": "1195",
        "x-ms-response-type": "standard",
        "x-ms-routing-request-id": "CANADACENTRAL:20230424T040028Z:54ef1382-5072-4c6d-9f4e-1ee8f09ef676",
        "x-request-time": "0.239"
      },
      "ResponseBody": {
        "id": "/subscriptions/00000000-0000-0000-0000-000000000/resourceGroups/00000/providers/Microsoft.MachineLearningServices/workspaces/00000/components/azureml_anonymous/versions/20ae263f-b0ba-4de7-82dd-e38dc4a20ac3",
        "name": "20ae263f-b0ba-4de7-82dd-e38dc4a20ac3",
        "type": "Microsoft.MachineLearningServices/workspaces/components/versions",
        "properties": {
          "description": null,
          "tags": {},
          "properties": {},
          "isArchived": false,
          "isAnonymous": true,
          "componentSpec": {
            "name": "azureml_anonymous",
            "version": "1",
            "is_deterministic": "True",
            "type": "spark",
            "inputs": {
              "file_input": {
                "type": "uri_file",
                "optional": "False"
              }
            },
            "code": "azureml:/subscriptions/00000000-0000-0000-0000-000000000/resourceGroups/00000/providers/Microsoft.MachineLearningServices/workspaces/00000/codes/f4e96966-d034-4f76-9428-883f6606c9f1/versions/1",
            "args": "--file_input ${{inputs.file_input}}",
            "entry": {
              "file": "add_greeting_column.py"
            },
            "files": [
              "my_files.txt"
            ],
            "py_files": [
              "utils.zip"
            ],
            "conf": {
              "spark.driver.cores": "2",
              "spark.driver.memory": "1g",
              "spark.executor.cores": "1",
              "spark.executor.memory": "1g",
              "spark.executor.instances": "1"
            }
          }
        },
        "systemData": {
          "createdAt": "2023-04-22T07:30:40.2983628\u002B00:00",
          "createdBy": "Firstname Lastname",
          "createdByType": "User",
          "lastModifiedAt": "2023-04-22T07:30:40.3689745\u002B00:00",
          "lastModifiedBy": "Firstname Lastname",
          "lastModifiedByType": "User"
        }
      }
    },
    {
      "RequestUri": "https://management.azure.com/subscriptions/00000000-0000-0000-0000-000000000/resourceGroups/00000/providers/Microsoft.MachineLearningServices/workspaces/00000/components/azureml_anonymous/versions/000000000000000000000?api-version=2022-10-01",
      "RequestMethod": "PUT",
      "RequestHeaders": {
        "Accept": "application/json",
        "Accept-Encoding": "gzip, deflate",
        "Connection": "keep-alive",
        "Content-Length": "873",
        "Content-Type": "application/json",
        "User-Agent": "azure-ai-ml/1.6.0 azsdk-python-mgmt-machinelearningservices/0.1.0 Python/3.7.13 (Linux-5.15.90.1-microsoft-standard-WSL2-x86_64-with-debian-bookworm-sid)"
      },
      "RequestBody": {
        "properties": {
          "properties": {},
          "tags": {},
          "isAnonymous": true,
          "isArchived": false,
          "componentSpec": {
            "code": "azureml:/subscriptions/00000000-0000-0000-0000-000000000/resourceGroups/00000/providers/Microsoft.MachineLearningServices/workspaces/00000/codes/f4e96966-d034-4f76-9428-883f6606c9f1/versions/1",
            "entry": {
              "file": "count_by_row.py"
            },
            "jars": [
              "scalaproj.jar"
            ],
            "files": [
              "my_files.txt"
            ],
            "conf": {
              "spark.driver.cores": 2,
              "spark.driver.memory": "1g",
              "spark.executor.cores": 1,
              "spark.executor.memory": "1g",
              "spark.executor.instances": 1
            },
            "args": "--file_input ${{inputs.file_input}} --output ${{outputs.output}}",
            "name": "azureml_anonymous",
            "version": "1",
            "is_deterministic": true,
            "inputs": {
              "file_input": {
                "type": "uri_file",
                "mode": "direct"
              }
            },
            "outputs": {
              "output": {
                "type": "uri_folder",
                "mode": "direct"
              }
            },
            "type": "spark",
            "_source": "BUILDER"
          }
        }
      },
      "StatusCode": 201,
      "ResponseHeaders": {
        "Cache-Control": "no-cache",
        "Content-Length": "1384",
        "Content-Type": "application/json; charset=utf-8",
        "Date": "Mon, 24 Apr 2023 04:00:28 GMT",
        "Expires": "-1",
        "Location": "https://management.azure.com/subscriptions/00000000-0000-0000-0000-000000000/resourceGroups/00000/providers/Microsoft.MachineLearningServices/workspaces/00000/components/azureml_anonymous/versions/000000000000000000000?api-version=2022-10-01",
        "Pragma": "no-cache",
        "Request-Context": "appId=cid-v1:2d2e8e63-272e-4b3c-8598-4ee570a0e70d",
        "Server-Timing": "traceparent;desc=\u002200-317a1ae24a057a579302b80633d81936-e984630a1dd54880-01\u0022",
        "Strict-Transport-Security": "max-age=31536000; includeSubDomains",
        "x-aml-cluster": "vienna-eastus-02",
        "X-Content-Type-Options": "nosniff",
        "x-ms-correlation-request-id": "f8f21eeb-93e1-4097-a36d-2ce588beff4e",
        "x-ms-ratelimit-remaining-subscription-writes": "1194",
        "x-ms-response-type": "standard",
        "x-ms-routing-request-id": "CANADACENTRAL:20230424T040028Z:f8f21eeb-93e1-4097-a36d-2ce588beff4e",
        "x-request-time": "0.388"
      },
      "ResponseBody": {
        "id": "/subscriptions/00000000-0000-0000-0000-000000000/resourceGroups/00000/providers/Microsoft.MachineLearningServices/workspaces/00000/components/azureml_anonymous/versions/5aaabf97-4571-4fb3-8087-e1d3fa784c4a",
        "name": "5aaabf97-4571-4fb3-8087-e1d3fa784c4a",
        "type": "Microsoft.MachineLearningServices/workspaces/components/versions",
        "properties": {
          "description": null,
          "tags": {},
          "properties": {},
          "isArchived": false,
          "isAnonymous": true,
          "componentSpec": {
            "name": "azureml_anonymous",
            "version": "1",
            "is_deterministic": "True",
            "type": "spark",
            "inputs": {
              "file_input": {
                "type": "uri_file",
                "optional": "False"
              }
            },
            "outputs": {
              "output": {
                "type": "uri_folder"
              }
            },
            "code": "azureml:/subscriptions/00000000-0000-0000-0000-000000000/resourceGroups/00000/providers/Microsoft.MachineLearningServices/workspaces/00000/codes/f4e96966-d034-4f76-9428-883f6606c9f1/versions/1",
            "args": "--file_input ${{inputs.file_input}} --output ${{outputs.output}}",
            "entry": {
              "file": "count_by_row.py"
            },
            "files": [
              "my_files.txt"
            ],
            "jars": [
              "scalaproj.jar"
            ],
            "conf": {
              "spark.driver.cores": "2",
              "spark.driver.memory": "1g",
              "spark.executor.cores": "1",
              "spark.executor.memory": "1g",
              "spark.executor.instances": "1"
            }
          }
        },
        "systemData": {
          "createdAt": "2023-04-22T07:30:40.5259725\u002B00:00",
          "createdBy": "Firstname Lastname",
          "createdByType": "User",
          "lastModifiedAt": "2023-04-22T07:30:40.591484\u002B00:00",
          "lastModifiedBy": "Firstname Lastname",
          "lastModifiedByType": "User"
        }
      }
    },
    {
      "RequestUri": "https://management.azure.com/subscriptions/00000000-0000-0000-0000-000000000/resourceGroups/00000/providers/Microsoft.MachineLearningServices/workspaces/00000/datastores/workspaceblobstore?api-version=2022-10-01",
      "RequestMethod": "GET",
      "RequestHeaders": {
        "Accept": "application/json",
        "Accept-Encoding": "gzip, deflate",
        "Connection": "keep-alive",
        "User-Agent": "azure-ai-ml/1.6.0 azsdk-python-mgmt-machinelearningservices/0.1.0 Python/3.7.13 (Linux-5.15.90.1-microsoft-standard-WSL2-x86_64-with-debian-bookworm-sid)"
      },
      "RequestBody": null,
      "StatusCode": 200,
      "ResponseHeaders": {
        "Cache-Control": "no-cache",
        "Content-Encoding": "gzip",
        "Content-Type": "application/json; charset=utf-8",
        "Date": "Mon, 24 Apr 2023 04:00:29 GMT",
        "Expires": "-1",
        "Pragma": "no-cache",
        "Request-Context": "appId=cid-v1:2d2e8e63-272e-4b3c-8598-4ee570a0e70d",
        "Server-Timing": "traceparent;desc=\u002200-80e535beacde8b6f8b2d3c27c58a4c28-59829d57e1ac8071-01\u0022",
        "Strict-Transport-Security": "max-age=31536000; includeSubDomains",
        "Transfer-Encoding": "chunked",
        "Vary": [
          "Accept-Encoding",
          "Accept-Encoding"
        ],
        "x-aml-cluster": "vienna-eastus-02",
        "X-Content-Type-Options": "nosniff",
        "x-ms-correlation-request-id": "b10e1473-f244-4aab-ba37-9c81a5180a48",
        "x-ms-ratelimit-remaining-subscription-reads": "11989",
        "x-ms-response-type": "standard",
        "x-ms-routing-request-id": "CANADACENTRAL:20230424T040029Z:b10e1473-f244-4aab-ba37-9c81a5180a48",
        "x-request-time": "0.153"
      },
      "ResponseBody": {
        "id": "/subscriptions/00000000-0000-0000-0000-000000000/resourceGroups/00000/providers/Microsoft.MachineLearningServices/workspaces/00000/datastores/workspaceblobstore",
        "name": "workspaceblobstore",
        "type": "Microsoft.MachineLearningServices/workspaces/datastores",
        "properties": {
          "description": null,
          "tags": null,
          "properties": null,
          "isDefault": true,
          "credentials": {
            "credentialsType": "AccountKey"
          },
          "datastoreType": "AzureBlob",
          "accountName": "samcw32zcnpjldw",
          "containerName": "azureml-blobstore-72e8eff8-148b-4582-a07d-efc79559f19f",
          "endpoint": "core.windows.net",
          "protocol": "https",
          "serviceDataAccessAuthIdentity": "WorkspaceSystemAssignedIdentity"
        },
        "systemData": {
          "createdAt": "2023-04-22T04:25:24.8100138\u002B00:00",
          "createdBy": "779301c0-18b2-4cdc-801b-a0a3368fee0a",
          "createdByType": "Application",
          "lastModifiedAt": "2023-04-22T04:25:25.4215298\u002B00:00",
          "lastModifiedBy": "779301c0-18b2-4cdc-801b-a0a3368fee0a",
          "lastModifiedByType": "Application"
        }
      }
    },
    {
      "RequestUri": "https://management.azure.com/subscriptions/00000000-0000-0000-0000-000000000/resourceGroups/00000/providers/Microsoft.MachineLearningServices/workspaces/00000/datastores/workspaceblobstore/listSecrets?api-version=2022-10-01",
      "RequestMethod": "POST",
      "RequestHeaders": {
        "Accept": "application/json",
        "Accept-Encoding": "gzip, deflate",
        "Connection": "keep-alive",
        "Content-Length": "0",
        "User-Agent": "azure-ai-ml/1.6.0 azsdk-python-mgmt-machinelearningservices/0.1.0 Python/3.7.13 (Linux-5.15.90.1-microsoft-standard-WSL2-x86_64-with-debian-bookworm-sid)"
      },
      "RequestBody": null,
      "StatusCode": 200,
      "ResponseHeaders": {
        "Cache-Control": "no-cache",
        "Content-Encoding": "gzip",
        "Content-Type": "application/json; charset=utf-8",
        "Date": "Mon, 24 Apr 2023 04:00:29 GMT",
        "Expires": "-1",
        "Pragma": "no-cache",
        "Request-Context": "appId=cid-v1:2d2e8e63-272e-4b3c-8598-4ee570a0e70d",
        "Server-Timing": "traceparent;desc=\u002200-2e58e7e7c8fd2c26fffeb693772c21b1-9ded7956fe9ddd25-01\u0022",
        "Strict-Transport-Security": "max-age=31536000; includeSubDomains",
        "Transfer-Encoding": "chunked",
        "Vary": "Accept-Encoding",
        "x-aml-cluster": "vienna-eastus-02",
        "X-Content-Type-Options": "nosniff",
        "x-ms-correlation-request-id": "e859776b-3ea0-4180-be04-003daa609459",
        "x-ms-ratelimit-remaining-subscription-writes": "1194",
        "x-ms-response-type": "standard",
        "x-ms-routing-request-id": "CANADACENTRAL:20230424T040029Z:e859776b-3ea0-4180-be04-003daa609459",
        "x-request-time": "0.191"
      },
      "ResponseBody": {
        "secretsType": "AccountKey",
        "key": "dGhpcyBpcyBmYWtlIGtleQ=="
      }
    },
    {
      "RequestUri": "https://samcw32zcnpjldw.blob.core.windows.net/azureml-blobstore-72e8eff8-148b-4582-a07d-efc79559f19f/LocalUpload/00000000000000000000000000000000/iris.csv",
      "RequestMethod": "HEAD",
      "RequestHeaders": {
        "Accept": "application/xml",
        "Accept-Encoding": "gzip, deflate",
        "Connection": "keep-alive",
        "User-Agent": "azsdk-python-storage-blob/12.16.0 Python/3.7.13 (Linux-5.15.90.1-microsoft-standard-WSL2-x86_64-with-debian-bookworm-sid)",
        "x-ms-date": "Mon, 24 Apr 2023 04:00:27 GMT",
        "x-ms-version": "2022-11-02"
      },
      "RequestBody": null,
      "StatusCode": 200,
      "ResponseHeaders": {
        "Accept-Ranges": "bytes",
        "Content-Length": "4608",
        "Content-MD5": "XRrMlLBQw8xkEE3P\u002Bec4mg==",
        "Content-Type": "application/octet-stream",
        "Date": "Mon, 24 Apr 2023 04:00:29 GMT",
        "ETag": "\u00220x8DB42FF9723E39A\u0022",
        "Last-Modified": "Sat, 22 Apr 2023 07:02:52 GMT",
        "Server": [
          "Windows-Azure-Blob/1.0",
          "Microsoft-HTTPAPI/2.0"
        ],
        "x-ms-access-tier": "Hot",
        "x-ms-access-tier-inferred": "true",
        "x-ms-blob-type": "BlockBlob",
        "x-ms-creation-time": "Sat, 22 Apr 2023 07:02:52 GMT",
        "x-ms-lease-state": "available",
        "x-ms-lease-status": "unlocked",
        "x-ms-meta-name": "f87536ce-6533-4e80-bf97-05cf1b904089",
        "x-ms-meta-upload_status": "completed",
        "x-ms-meta-version": "aac7c686-d0cb-42c9-8773-1571c0e82906",
        "x-ms-server-encrypted": "true",
        "x-ms-version": "2022-11-02"
      },
      "ResponseBody": null
    },
    {
      "RequestUri": "https://samcw32zcnpjldw.blob.core.windows.net/azureml-blobstore-72e8eff8-148b-4582-a07d-efc79559f19f/az-ml-artifacts/00000000000000000000000000000000/iris.csv",
      "RequestMethod": "HEAD",
      "RequestHeaders": {
        "Accept": "application/xml",
        "Accept-Encoding": "gzip, deflate",
        "Connection": "keep-alive",
        "User-Agent": "azsdk-python-storage-blob/12.16.0 Python/3.7.13 (Linux-5.15.90.1-microsoft-standard-WSL2-x86_64-with-debian-bookworm-sid)",
        "x-ms-date": "Mon, 24 Apr 2023 04:00:28 GMT",
        "x-ms-version": "2022-11-02"
      },
      "RequestBody": null,
      "StatusCode": 404,
      "ResponseHeaders": {
        "Date": "Mon, 24 Apr 2023 04:00:29 GMT",
        "Server": [
          "Windows-Azure-Blob/1.0",
          "Microsoft-HTTPAPI/2.0"
        ],
        "Transfer-Encoding": "chunked",
        "x-ms-error-code": "BlobNotFound",
        "x-ms-version": "2022-11-02"
      },
      "ResponseBody": null
    },
    {
      "RequestUri": "https://management.azure.com/subscriptions/00000000-0000-0000-0000-000000000/resourceGroups/00000/providers/Microsoft.MachineLearningServices/workspaces/00000/jobs/000000000000000000000?api-version=2023-04-01-preview",
      "RequestMethod": "PUT",
      "RequestHeaders": {
        "Accept": "application/json",
        "Accept-Encoding": "gzip, deflate",
        "Connection": "keep-alive",
        "Content-Length": "2388",
        "Content-Type": "application/json",
        "User-Agent": "azure-ai-ml/1.6.0 azsdk-python-mgmt-machinelearningservices/0.1.0 Python/3.7.13 (Linux-5.15.90.1-microsoft-standard-WSL2-x86_64-with-debian-bookworm-sid)"
      },
      "RequestBody": {
        "properties": {
          "description": "submit a pipeline with spark job",
          "properties": {},
          "tags": {},
          "displayName": "spark_pipeline_from_builder",
          "experimentName": "azure-ai-ml",
          "isArchived": false,
          "jobType": "Pipeline",
          "inputs": {
            "iris_data": {
              "mode": "Direct",
              "uri": "azureml://datastores/workspaceblobstore/paths/LocalUpload/00000000000000000000000000000000/iris.csv",
              "jobInputType": "uri_file"
            }
          },
          "jobs": {
            "add_greeting_column": {
              "type": "spark",
              "resources": {
                "instance_type": "standard_e4s_v3",
                "runtime_version": "3.2.0"
              },
              "py_files": [
                "utils.zip"
              ],
              "files": [
                "my_files.txt"
              ],
              "identity": {
                "identity_type": "UserIdentity"
              },
              "conf": {
                "spark.driver.cores": 2,
                "spark.driver.memory": "1g",
                "spark.executor.cores": 1,
                "spark.executor.memory": "1g",
                "spark.executor.instances": 1
              },
              "args": "--file_input ${{inputs.file_input}}",
              "name": "add_greeting_column",
              "inputs": {
                "file_input": {
                  "job_input_type": "literal",
                  "value": "${{parent.inputs.iris_data}}"
                }
              },
              "_source": "BUILDER",
              "componentId": "/subscriptions/00000000-0000-0000-0000-000000000/resourceGroups/00000/providers/Microsoft.MachineLearningServices/workspaces/00000/components/azureml_anonymous/versions/20ae263f-b0ba-4de7-82dd-e38dc4a20ac3",
              "entry": {
                "spark_job_entry_type": "SparkJobPythonEntry",
                "file": "add_greeting_column.py"
              }
            },
            "count_by_row": {
              "type": "spark",
              "resources": {
                "instance_type": "standard_e4s_v3",
                "runtime_version": "3.2.0"
              },
              "jars": [
                "scalaproj.jar"
              ],
              "files": [
                "my_files.txt"
              ],
              "identity": {
                "identity_type": "UserIdentity"
              },
              "conf": {
                "spark.driver.cores": 2,
                "spark.driver.memory": "1g",
                "spark.executor.cores": 1,
                "spark.executor.memory": "1g",
                "spark.executor.instances": 1
              },
              "args": "--file_input ${{inputs.file_input}} --output ${{outputs.output}}",
              "name": "count_by_row",
              "inputs": {
                "file_input": {
                  "job_input_type": "literal",
                  "value": "${{parent.inputs.iris_data}}"
                }
              },
              "outputs": {
                "output": {
                  "value": "${{parent.outputs.output}}",
                  "type": "literal"
                }
              },
              "_source": "BUILDER",
              "componentId": "/subscriptions/00000000-0000-0000-0000-000000000/resourceGroups/00000/providers/Microsoft.MachineLearningServices/workspaces/00000/components/azureml_anonymous/versions/5aaabf97-4571-4fb3-8087-e1d3fa784c4a",
              "entry": {
                "spark_job_entry_type": "SparkJobPythonEntry",
                "file": "count_by_row.py"
              }
            }
          },
          "outputs": {
            "output": {
              "mode": "Direct",
              "jobOutputType": "uri_folder"
            }
          },
          "settings": {
            "_source": "DSL"
          }
        }
      },
      "StatusCode": 201,
      "ResponseHeaders": {
        "Cache-Control": "no-cache",
        "Content-Length": "3479",
        "Content-Type": "application/json; charset=utf-8",
        "Date": "Mon, 24 Apr 2023 04:00:38 GMT",
        "Expires": "-1",
        "Location": "https://management.azure.com/subscriptions/00000000-0000-0000-0000-000000000/resourceGroups/00000/providers/Microsoft.MachineLearningServices/workspaces/00000/jobs/000000000000000000000?api-version=2023-04-01-preview",
        "Pragma": "no-cache",
        "Request-Context": "appId=cid-v1:2d2e8e63-272e-4b3c-8598-4ee570a0e70d",
        "Server-Timing": "traceparent;desc=\u002200-21c17492fd562447d02f2362fc20e99d-e3beeb4c0f6bca06-01\u0022",
        "Strict-Transport-Security": "max-age=31536000; includeSubDomains",
        "x-aml-cluster": "vienna-eastus-02",
        "X-Content-Type-Options": "nosniff",
        "x-ms-correlation-request-id": "29312130-dc63-4af9-988c-5a99f3b7ab58",
        "x-ms-ratelimit-remaining-subscription-writes": "1193",
        "x-ms-response-type": "standard",
        "x-ms-routing-request-id": "CANADACENTRAL:20230424T040038Z:29312130-dc63-4af9-988c-5a99f3b7ab58",
        "x-request-time": "0.366"
      },
      "ResponseBody": {
        "id": "/subscriptions/00000000-0000-0000-0000-000000000/resourceGroups/00000/providers/Microsoft.MachineLearningServices/workspaces/00000/jobs/000000000000000000000",
        "name": "000000000000000000000",
        "type": "Microsoft.MachineLearningServices/workspaces/jobs",
        "properties": {
          "description": "submit a pipeline with spark job",
          "tags": {},
          "properties": {},
          "displayName": "spark_pipeline_from_builder",
          "status": "NotStarted",
          "experimentName": "azure-ai-ml",
          "services": {
            "Tracking": {
              "jobServiceType": "Tracking",
              "port": null,
              "endpoint": "azureml://eastus.api.azureml.ms/mlflow/v1.0/subscriptions/00000000-0000-0000-0000-000000000/resourceGroups/00000/providers/Microsoft.MachineLearningServices/workspaces/00000?",
              "status": null,
              "errorMessage": null,
              "properties": null,
              "nodes": null
            },
            "Studio": {
              "jobServiceType": "Studio",
              "port": null,
              "endpoint": "https://ml.azure.com/runs/000000000000000000000?wsid=/subscriptions/00000000-0000-0000-0000-000000000/resourcegroups/00000/workspaces/00000",
              "status": null,
              "errorMessage": null,
              "properties": null,
              "nodes": null
            }
          },
          "computeId": null,
          "isArchived": false,
          "identity": null,
          "componentId": null,
          "notificationSetting": null,
          "secretsConfiguration": null,
          "jobType": "Pipeline",
          "settings": {
            "_source": "DSL"
          },
          "jobs": {
            "add_greeting_column": {
              "type": "spark",
              "resources": {
                "instance_type": "standard_e4s_v3",
                "runtime_version": "3.2.0"
              },
              "py_files": [
                "utils.zip"
              ],
              "files": [
                "my_files.txt"
              ],
              "identity": {
                "identity_type": "UserIdentity"
              },
              "conf": {
                "spark.driver.cores": 2,
                "spark.driver.memory": "1g",
                "spark.executor.cores": 1,
                "spark.executor.memory": "1g",
                "spark.executor.instances": 1
              },
              "args": "--file_input ${{inputs.file_input}}",
              "name": "add_greeting_column",
              "inputs": {
                "file_input": {
                  "job_input_type": "literal",
                  "value": "${{parent.inputs.iris_data}}"
                }
              },
              "_source": "BUILDER",
              "componentId": "/subscriptions/00000000-0000-0000-0000-000000000/resourceGroups/00000/providers/Microsoft.MachineLearningServices/workspaces/00000/components/azureml_anonymous/versions/20ae263f-b0ba-4de7-82dd-e38dc4a20ac3",
              "entry": {
                "spark_job_entry_type": "SparkJobPythonEntry",
                "file": "add_greeting_column.py"
              }
            },
            "count_by_row": {
              "type": "spark",
              "resources": {
                "instance_type": "standard_e4s_v3",
                "runtime_version": "3.2.0"
              },
              "jars": [
                "scalaproj.jar"
              ],
              "files": [
                "my_files.txt"
              ],
              "identity": {
                "identity_type": "UserIdentity"
              },
              "conf": {
                "spark.driver.cores": 2,
                "spark.driver.memory": "1g",
                "spark.executor.cores": 1,
                "spark.executor.memory": "1g",
                "spark.executor.instances": 1
              },
              "args": "--file_input ${{inputs.file_input}} --output ${{outputs.output}}",
              "name": "count_by_row",
              "inputs": {
                "file_input": {
                  "job_input_type": "literal",
                  "value": "${{parent.inputs.iris_data}}"
                }
              },
              "outputs": {
                "output": {
                  "value": "${{parent.outputs.output}}",
                  "type": "literal"
                }
              },
              "_source": "BUILDER",
              "componentId": "/subscriptions/00000000-0000-0000-0000-000000000/resourceGroups/00000/providers/Microsoft.MachineLearningServices/workspaces/00000/components/azureml_anonymous/versions/5aaabf97-4571-4fb3-8087-e1d3fa784c4a",
              "entry": {
                "spark_job_entry_type": "SparkJobPythonEntry",
                "file": "count_by_row.py"
              }
            }
          },
          "inputs": {
            "iris_data": {
              "description": null,
              "uri": "azureml://datastores/workspaceblobstore/paths/LocalUpload/00000000000000000000000000000000/iris.csv",
              "mode": "Direct",
              "jobInputType": "uri_file"
            }
          },
          "outputs": {
            "output": {
              "description": null,
              "uri": null,
              "assetName": null,
              "assetVersion": null,
              "mode": "Direct",
              "autoDeleteSetting": null,
              "jobOutputType": "uri_folder"
            }
          },
          "sourceJobId": null
        },
        "systemData": {
          "createdAt": "2023-04-24T04:00:38.6903917\u002B00:00",
          "createdBy": "Firstname Lastname",
          "createdByType": "User"
        }
      }
    },
    {
      "RequestUri": "https://management.azure.com/subscriptions/00000000-0000-0000-0000-000000000/resourceGroups/00000/providers/Microsoft.MachineLearningServices/workspaces/00000/jobs/000000000000000000000/cancel?api-version=2023-04-01-preview",
      "RequestMethod": "POST",
      "RequestHeaders": {
        "Accept": "application/json",
        "Accept-Encoding": "gzip, deflate",
        "Connection": "keep-alive",
        "Content-Length": "0",
        "User-Agent": "azure-ai-ml/1.6.0 azsdk-python-mgmt-machinelearningservices/0.1.0 Python/3.7.13 (Linux-5.15.90.1-microsoft-standard-WSL2-x86_64-with-debian-bookworm-sid)"
      },
      "RequestBody": null,
      "StatusCode": 202,
      "ResponseHeaders": {
        "Cache-Control": "no-cache",
        "Content-Length": "4",
        "Content-Type": "application/json; charset=utf-8",
        "Date": "Mon, 24 Apr 2023 04:00:47 GMT",
        "Expires": "-1",
        "Location": "https://management.azure.com/subscriptions/00000000-0000-0000-0000-000000000/providers/Microsoft.MachineLearningServices/locations/eastus/mfeOperationResults/jc:72e8eff8-148b-4582-a07d-efc79559f19f:000000000000000000000?api-version=2023-04-01-preview",
        "Pragma": "no-cache",
        "Request-Context": "appId=cid-v1:2d2e8e63-272e-4b3c-8598-4ee570a0e70d",
        "Strict-Transport-Security": "max-age=31536000; includeSubDomains",
        "x-aml-cluster": "vienna-eastus-02",
        "X-Content-Type-Options": "nosniff",
        "x-ms-async-operation-timeout": "PT1H",
        "x-ms-correlation-request-id": "a3a82d54-2e52-4b4a-bc27-2f4193cc14df",
        "x-ms-ratelimit-remaining-subscription-writes": "1193",
        "x-ms-response-type": "standard",
        "x-ms-routing-request-id": "CANADACENTRAL:20230424T040047Z:a3a82d54-2e52-4b4a-bc27-2f4193cc14df",
        "x-request-time": "0.546"
      },
      "ResponseBody": "null"
    },
    {
      "RequestUri": "https://management.azure.com/subscriptions/00000000-0000-0000-0000-000000000/providers/Microsoft.MachineLearningServices/locations/eastus/mfeOperationResults/jc:72e8eff8-148b-4582-a07d-efc79559f19f:000000000000000000000?api-version=2023-04-01-preview",
      "RequestMethod": "GET",
      "RequestHeaders": {
        "Accept": "*/*",
        "Accept-Encoding": "gzip, deflate",
        "Connection": "keep-alive",
        "User-Agent": "azure-ai-ml/1.6.0 azsdk-python-mgmt-machinelearningservices/0.1.0 Python/3.7.13 (Linux-5.15.90.1-microsoft-standard-WSL2-x86_64-with-debian-bookworm-sid)"
      },
      "RequestBody": null,
      "StatusCode": 202,
      "ResponseHeaders": {
        "Cache-Control": "no-cache",
        "Content-Length": "2",
        "Content-Type": "application/json; charset=utf-8",
        "Date": "Mon, 24 Apr 2023 04:00:47 GMT",
        "Expires": "-1",
        "Location": "https://management.azure.com/subscriptions/00000000-0000-0000-0000-000000000/providers/Microsoft.MachineLearningServices/locations/eastus/mfeOperationResults/jc:72e8eff8-148b-4582-a07d-efc79559f19f:000000000000000000000?api-version=2023-04-01-preview",
        "Pragma": "no-cache",
        "Request-Context": "appId=cid-v1:2d2e8e63-272e-4b3c-8598-4ee570a0e70d",
        "Strict-Transport-Security": "max-age=31536000; includeSubDomains",
        "x-aml-cluster": "vienna-eastus-02",
        "X-Content-Type-Options": "nosniff",
        "x-ms-correlation-request-id": "f4925259-2639-4a86-be65-501e4431b7a9",
        "x-ms-ratelimit-remaining-subscription-reads": "11988",
        "x-ms-response-type": "standard",
        "x-ms-routing-request-id": "CANADACENTRAL:20230424T040047Z:f4925259-2639-4a86-be65-501e4431b7a9",
        "x-request-time": "0.049"
      },
      "ResponseBody": {}
    },
    {
      "RequestUri": "https://management.azure.com/subscriptions/00000000-0000-0000-0000-000000000/providers/Microsoft.MachineLearningServices/locations/eastus/mfeOperationResults/jc:72e8eff8-148b-4582-a07d-efc79559f19f:000000000000000000000?api-version=2023-04-01-preview",
      "RequestMethod": "GET",
      "RequestHeaders": {
        "Accept": "*/*",
        "Accept-Encoding": "gzip, deflate",
        "Connection": "keep-alive",
        "User-Agent": "azure-ai-ml/1.6.0 azsdk-python-mgmt-machinelearningservices/0.1.0 Python/3.7.13 (Linux-5.15.90.1-microsoft-standard-WSL2-x86_64-with-debian-bookworm-sid)"
      },
      "RequestBody": null,
      "StatusCode": 200,
      "ResponseHeaders": {
        "Cache-Control": "no-cache",
        "Content-Length": "0",
        "Date": "Mon, 24 Apr 2023 04:01:19 GMT",
        "Expires": "-1",
        "Pragma": "no-cache",
        "Request-Context": "appId=cid-v1:2d2e8e63-272e-4b3c-8598-4ee570a0e70d",
        "Server-Timing": "traceparent;desc=\u002200-36f481d3a29e995f866adb5cce3c5165-ef65fc96832c1f4c-01\u0022",
        "Strict-Transport-Security": "max-age=31536000; includeSubDomains",
        "x-aml-cluster": "vienna-eastus-02",
        "X-Content-Type-Options": "nosniff",
        "x-ms-correlation-request-id": "a3fb8b81-b242-4a62-9c91-4de4efca8e56",
        "x-ms-ratelimit-remaining-subscription-reads": "11987",
        "x-ms-response-type": "standard",
        "x-ms-routing-request-id": "CANADACENTRAL:20230424T040120Z:a3fb8b81-b242-4a62-9c91-4de4efca8e56",
        "x-request-time": "0.057"
      },
      "ResponseBody": null
    }
  ],
  "Variables": {}
}
