{
  "Entries": [
    {
      "RequestUri": "https://management.azure.com/subscriptions/00000000-0000-0000-0000-000000000/resourceGroups/00000/providers/Microsoft.MachineLearningServices/workspaces/00000/jobs/000000000000000000000?api-version=2022-12-01-preview",
      "RequestMethod": "PUT",
      "RequestHeaders": {
        "Accept": "application/json",
        "Accept-Encoding": "gzip, deflate",
        "Connection": "keep-alive",
        "Content-Length": "1770",
        "Content-Type": "application/json",
        "User-Agent": "azure-ai-ml/1.5.0 azsdk-python-mgmt-machinelearningservices/0.1.0 Python/3.7.9 (Windows-10-10.0.22621-SP0)"
      },
      "RequestBody": {
        "properties": {
          "description": "submit a pipeline with data transfer import database job",
          "properties": {},
          "tags": {},
          "displayName": "data_transfer_import_database_pipeline_from_builder",
          "experimentName": "azure-ai-ml",
          "isArchived": false,
          "jobType": "Pipeline",
          "inputs": {
            "query_source_snowflake": {
              "jobInputType": "literal",
              "value": "select * from TPCH_SF1000.PARTSUPP limit 10"
            },
            "connection_target_azuresql": {
              "jobInputType": "literal",
              "value": "azureml:my_snowflake_connection"
            }
          },
          "jobs": {
            "snowflake_blob_node_input": {
              "type": "data_transfer",
              "task": "import_data",
              "source": {
                "type": "database",
                "query": "select * from TPCH_SF1000.PARTSUPP limit 10",
                "connection": "azureml:my_snowflake_connection"
              },
              "name": "snowflake_blob_node_input",
              "outputs": {
                "sink": {
                  "uri": "azureml://datastores/workspaceblobstore_sas/paths/importjob/${{name}}/output_dir/snowflake/",
                  "job_output_type": "mltable"
                }
              },
              "_source": "BUILTIN",
              "componentId": "azureml://registries/azureml-dev/components/import_data_database/versions/0.0.1"
            },
            "snowflake_blob": {
              "type": "data_transfer",
              "task": "import_data",
              "source": {
                "type": "database",
                "query": "${{parent.inputs.query_source_snowflake}}",
                "connection": "${{parent.inputs.connection_target_azuresql}}"
              },
              "name": "snowflake_blob",
              "outputs": {
                "sink": {
                  "uri": "azureml://datastores/workspaceblobstore_sas/paths/importjob/${{name}}/output_dir/snowflake/",
                  "job_output_type": "mltable"
                }
              },
              "_source": "BUILTIN",
              "componentId": "azureml://registries/azureml-dev/components/import_data_database/versions/0.0.1"
            }
          },
          "outputs": {},
          "settings": {
            "default_compute": "/subscriptions/00000000-0000-0000-0000-000000000/resourceGroups/00000/providers/Microsoft.MachineLearningServices/workspaces/00000/computes/serverless",
            "_source": "DSL"
          }
        }
      },
      "StatusCode": 201,
      "ResponseHeaders": {
        "Cache-Control": "no-cache",
        "Content-Length": "3276",
        "Content-Type": "application/json; charset=utf-8",
        "Date": "Sun, 05 Mar 2023 05:11:18 GMT",
        "Expires": "-1",
        "Location": "https://management.azure.com/subscriptions/00000000-0000-0000-0000-000000000/resourceGroups/00000/providers/Microsoft.MachineLearningServices/workspaces/00000/jobs/000000000000000000000?api-version=2022-12-01-preview",
        "Pragma": "no-cache",
        "request-context": "appId=cid-v1:512cc15a-13b5-415b-bfd0-dce7accb6bb1",
        "Server-Timing": "traceparent;desc=\u002200-49d642a755d04a4edcaaf605eb3796c6-666276639a0af674-01\u0022",
        "Strict-Transport-Security": "max-age=31536000; includeSubDomains",
        "x-aml-cluster": "vienna-test-westus2-02",
        "X-Content-Type-Options": "nosniff",
        "x-ms-correlation-request-id": "e0807345-cd33-4b68-a949-e3ce5500aff3",
        "x-ms-ratelimit-remaining-subscription-writes": "1159",
        "x-ms-response-type": "standard",
        "x-ms-routing-request-id": "WESTUS2:20230305T051119Z:e0807345-cd33-4b68-a949-e3ce5500aff3",
        "x-request-time": "3.254"
      },
      "ResponseBody": {
        "id": "/subscriptions/00000000-0000-0000-0000-000000000/resourceGroups/00000/providers/Microsoft.MachineLearningServices/workspaces/00000/jobs/000000000000000000000",
        "name": "000000000000000000000",
        "type": "Microsoft.MachineLearningServices/workspaces/jobs",
        "properties": {
          "description": "submit a pipeline with data transfer import database job",
          "tags": {},
          "properties": {
            "azureml.DevPlatv2": "true",
            "azureml.runsource": "azureml.PipelineRun",
            "runSource": "MFE",
            "runType": "HTTP",
            "azureml.parameters": "{\u0022query_source_snowflake\u0022:\u0022select * from TPCH_SF1000.PARTSUPP limit 10\u0022,\u0022connection_target_azuresql\u0022:\u0022my_snowflake_connection\u0022}",
            "azureml.continue_on_step_failure": "False",
            "azureml.continue_on_failed_optional_input": "True",
            "azureml.defaultComputeName": "serverless",
            "azureml.defaultDataStoreName": "workspaceblobstore",
            "azureml.pipelineComponent": "pipelinerun"
          },
          "displayName": "data_transfer_import_database_pipeline_from_builder",
          "status": "Preparing",
          "experimentName": "azure-ai-ml",
          "services": {
            "Tracking": {
              "jobServiceType": "Tracking",
              "port": null,
              "endpoint": "azureml://master.api.azureml-test.ms/mlflow/v1.0/subscriptions/00000000-0000-0000-0000-000000000/resourceGroups/00000/providers/Microsoft.MachineLearningServices/workspaces/00000?",
              "status": null,
              "errorMessage": null,
              "properties": null,
              "nodes": null
            },
            "Studio": {
              "jobServiceType": "Studio",
              "port": null,
              "endpoint": "https://ml.azure.com/runs/000000000000000000000?wsid=/subscriptions/00000000-0000-0000-0000-000000000/resourcegroups/00000/workspaces/00000",
              "status": null,
              "errorMessage": null,
              "properties": null,
              "nodes": null
            }
          },
          "computeId": null,
          "isArchived": false,
          "identity": null,
          "componentId": null,
          "jobType": "Pipeline",
          "settings": {
            "default_compute": "/subscriptions/00000000-0000-0000-0000-000000000/resourceGroups/00000/providers/Microsoft.MachineLearningServices/workspaces/00000/computes/serverless",
            "_source": "DSL"
          },
          "jobs": {
            "snowflake_blob_node_input": {
              "type": "data_transfer",
              "task": "import_data",
              "source": {
                "type": "database",
                "query": "select * from TPCH_SF1000.PARTSUPP limit 10",
                "connection": "azureml:my_snowflake_connection"
              },
              "name": "snowflake_blob_node_input",
              "outputs": {
                "sink": {
                  "uri": "azureml://datastores/workspaceblobstore_sas/paths/importjob/${{name}}/output_dir/snowflake/",
                  "job_output_type": "mltable"
                }
              },
              "_source": "BUILTIN",
              "componentId": "azureml://registries/azureml-dev/components/import_data_database/versions/0.0.1"
            },
            "snowflake_blob": {
              "type": "data_transfer",
              "task": "import_data",
              "source": {
                "type": "database",
                "query": "${{parent.inputs.query_source_snowflake}}",
                "connection": "${{parent.inputs.connection_target_azuresql}}"
              },
              "name": "snowflake_blob",
              "outputs": {
                "sink": {
                  "uri": "azureml://datastores/workspaceblobstore_sas/paths/importjob/${{name}}/output_dir/snowflake/",
                  "job_output_type": "mltable"
                }
              },
              "_source": "BUILTIN",
              "componentId": "azureml://registries/azureml-dev/components/import_data_database/versions/0.0.1"
            }
          },
          "inputs": {
            "query_source_snowflake": {
              "description": null,
              "jobInputType": "literal",
              "value": "select * from TPCH_SF1000.PARTSUPP limit 10"
            },
            "connection_target_azuresql": {
              "description": null,
              "jobInputType": "literal",
              "value": "azureml:my_snowflake_connection"
            }
          },
          "outputs": {},
          "sourceJobId": null
        },
        "systemData": {
          "createdAt": "2023-03-05T05:11:18.8162014\u002B00:00",
          "createdBy": "Firstname Lastname",
          "createdByType": "User"
        }
      }
    },
    {
      "RequestUri": "https://management.azure.com/subscriptions/00000000-0000-0000-0000-000000000/resourceGroups/00000/providers/Microsoft.MachineLearningServices/workspaces/00000/jobs/000000000000000000000/cancel?api-version=2022-12-01-preview",
      "RequestMethod": "POST",
      "RequestHeaders": {
        "Accept": "application/json",
        "Accept-Encoding": "gzip, deflate",
        "Connection": "keep-alive",
        "Content-Length": "0",
        "User-Agent": "azure-ai-ml/1.5.0 azsdk-python-mgmt-machinelearningservices/0.1.0 Python/3.7.9 (Windows-10-10.0.22621-SP0)"
      },
      "RequestBody": null,
      "StatusCode": 202,
      "ResponseHeaders": {
        "Cache-Control": "no-cache",
        "Content-Length": "4",
        "Content-Type": "application/json; charset=utf-8",
        "Date": "Sun, 05 Mar 2023 05:11:21 GMT",
        "Expires": "-1",
        "Location": "https://management.azure.com/subscriptions/00000000-0000-0000-0000-000000000/providers/Microsoft.MachineLearningServices/locations/centraluseuap/mfeOperationResults/jc:288fbc99-974d-4a49-b40f-53b041fe40cc:000000000000000000000?api-version=2022-12-01-preview",
        "Pragma": "no-cache",
        "request-context": "appId=cid-v1:512cc15a-13b5-415b-bfd0-dce7accb6bb1",
        "Strict-Transport-Security": "max-age=31536000; includeSubDomains",
        "x-aml-cluster": "vienna-test-westus2-02",
        "X-Content-Type-Options": "nosniff",
        "x-ms-async-operation-timeout": "PT1H",
        "x-ms-correlation-request-id": "2215e4fb-c2e0-43cd-ace6-73a14ad7fee5",
        "x-ms-ratelimit-remaining-subscription-writes": "1156",
        "x-ms-response-type": "standard",
        "x-ms-routing-request-id": "WESTUS2:20230305T051121Z:2215e4fb-c2e0-43cd-ace6-73a14ad7fee5",
        "x-request-time": "0.751"
      },
      "ResponseBody": "null"
    },
    {
      "RequestUri": "https://management.azure.com/subscriptions/00000000-0000-0000-0000-000000000/providers/Microsoft.MachineLearningServices/locations/centraluseuap/mfeOperationResults/jc:288fbc99-974d-4a49-b40f-53b041fe40cc:000000000000000000000?api-version=2022-12-01-preview",
      "RequestMethod": "GET",
      "RequestHeaders": {
        "Accept": "*/*",
        "Accept-Encoding": "gzip, deflate",
        "Connection": "keep-alive",
        "User-Agent": "azure-ai-ml/1.5.0 azsdk-python-mgmt-machinelearningservices/0.1.0 Python/3.7.9 (Windows-10-10.0.22621-SP0)"
      },
      "RequestBody": null,
      "StatusCode": 202,
      "ResponseHeaders": {
        "Cache-Control": "no-cache",
        "Content-Length": "2",
        "Content-Type": "application/json; charset=utf-8",
        "Date": "Sun, 05 Mar 2023 05:11:21 GMT",
        "Expires": "-1",
        "Location": "https://management.azure.com/subscriptions/00000000-0000-0000-0000-000000000/providers/Microsoft.MachineLearningServices/locations/centraluseuap/mfeOperationResults/jc:288fbc99-974d-4a49-b40f-53b041fe40cc:000000000000000000000?api-version=2022-12-01-preview",
        "Pragma": "no-cache",
        "request-context": "appId=cid-v1:512cc15a-13b5-415b-bfd0-dce7accb6bb1",
        "Strict-Transport-Security": "max-age=31536000; includeSubDomains",
        "x-aml-cluster": "vienna-test-westus2-01",
        "X-Content-Type-Options": "nosniff",
        "x-ms-correlation-request-id": "b1deec6f-2c0f-416e-bbf1-a130e6cc4629",
        "x-ms-ratelimit-remaining-subscription-reads": "11893",
        "x-ms-response-type": "standard",
        "x-ms-routing-request-id": "WESTUS2:20230305T051121Z:b1deec6f-2c0f-416e-bbf1-a130e6cc4629",
        "x-request-time": "0.028"
      },
      "ResponseBody": {}
    },
    {
      "RequestUri": "https://management.azure.com/subscriptions/00000000-0000-0000-0000-000000000/providers/Microsoft.MachineLearningServices/locations/centraluseuap/mfeOperationResults/jc:288fbc99-974d-4a49-b40f-53b041fe40cc:000000000000000000000?api-version=2022-12-01-preview",
      "RequestMethod": "GET",
      "RequestHeaders": {
        "Accept": "*/*",
        "Accept-Encoding": "gzip, deflate",
        "Connection": "keep-alive",
        "User-Agent": "azure-ai-ml/1.5.0 azsdk-python-mgmt-machinelearningservices/0.1.0 Python/3.7.9 (Windows-10-10.0.22621-SP0)"
      },
      "RequestBody": null,
      "StatusCode": 200,
      "ResponseHeaders": {
        "Cache-Control": "no-cache",
        "Content-Length": "0",
        "Date": "Sun, 05 Mar 2023 05:11:51 GMT",
        "Expires": "-1",
        "Pragma": "no-cache",
        "request-context": "appId=cid-v1:512cc15a-13b5-415b-bfd0-dce7accb6bb1",
        "Server-Timing": "traceparent;desc=\u002200-8b4a1772ff0714a593cb231e7525e1a5-2ad49fe6359c51f7-01\u0022",
        "Strict-Transport-Security": "max-age=31536000; includeSubDomains",
        "x-aml-cluster": "vienna-test-westus2-01",
        "X-Content-Type-Options": "nosniff",
        "x-ms-correlation-request-id": "384a8f96-a587-4942-ac62-60a157509029",
        "x-ms-ratelimit-remaining-subscription-reads": "11892",
        "x-ms-response-type": "standard",
        "x-ms-routing-request-id": "WESTUS2:20230305T051151Z:384a8f96-a587-4942-ac62-60a157509029",
        "x-request-time": "0.034"
      },
      "ResponseBody": null
    }
  ],
  "Variables": {}
}
