{
  "Entries": [
    {
      "RequestUri": "https://management.azure.com/subscriptions/00000000-0000-0000-0000-000000000/resourceGroups/00000/providers/Microsoft.MachineLearningServices/workspaces/00000-canary/datastores/workspaceblobstore?api-version=2022-10-01",
      "RequestMethod": "GET",
      "RequestHeaders": {
        "Accept": "application/json",
        "Accept-Encoding": "gzip, deflate",
        "Connection": "keep-alive",
        "User-Agent": "azure-ai-ml/1.5.0 az00000-python-mgmt-machinelearningservices/0.1.0 Python/3.8.13 (Windows-10-10.0.22000-SP0)"
      },
      "RequestBody": null,
      "StatusCode": 200,
      "ResponseHeaders": {
        "Cache-Control": "no-cache",
        "Content-Encoding": "gzip",
        "Content-Type": "application/json; charset=utf-8",
        "Date": "Fri, 03 Mar 2023 02:57:32 GMT",
        "Expires": "-1",
        "Pragma": "no-cache",
        "Request-Context": "appId=cid-v1:17d65b70-e9ce-4ed5-9347-1f660ec782e9",
        "Server-Timing": "traceparent;desc=\u002200-7499c39a0aa934e3366064eae6b82124-042d80a49e344390-01\u0022",
        "Strict-Transport-Security": "max-age=31536000; includeSubDomains",
        "Transfer-Encoding": "chunked",
        "Vary": [
          "Accept-Encoding",
          "Accept-Encoding"
        ],
        "x-aml-cluster": "vienna-eastus2euap-02",
        "X-Content-Type-Options": "nosniff",
        "x-ms-correlation-request-id": "4a3040e7-2f5f-4764-85fa-129797c61e0d",
        "x-ms-ratelimit-remaining-subscription-reads": "11997",
        "x-ms-response-type": "standard",
        "x-ms-routing-request-id": "JAPANEAST:20230303T025732Z:4a3040e7-2f5f-4764-85fa-129797c61e0d",
        "x-request-time": "0.112"
      },
      "ResponseBody": {
        "id": "/subscriptions/00000000-0000-0000-0000-000000000/resourceGroups/00000/providers/Microsoft.MachineLearningServices/workspaces/00000-canary/datastores/workspaceblobstore",
        "name": "workspaceblobstore",
        "type": "Microsoft.MachineLearningServices/workspaces/datastores",
        "properties": {
          "description": null,
          "tags": null,
          "properties": null,
          "isDefault": true,
          "credentials": {
            "credentialsType": "AccountKey"
          },
          "datastoreType": "AzureBlob",
          "accountName": "00000canary9173837871",
          "containerName": "azureml-blobstore-296119a5-4b49-4d46-8bc2-199ef997ce62",
          "endpoint": "core.windows.net",
          "protocol": "https",
          "serviceDataAccessAuthIdentity": "WorkspaceSystemAssignedIdentity"
        },
        "systemData": {
          "createdAt": "2022-08-03T08:58:56.8282984\u002B00:00",
          "createdBy": "779301c0-18b2-4cdc-801b-a0a3368fee0a",
          "createdByType": "Application",
          "lastModifiedAt": "2022-08-03T08:58:57.6613626\u002B00:00",
          "lastModifiedBy": "779301c0-18b2-4cdc-801b-a0a3368fee0a",
          "lastModifiedByType": "Application"
        }
      }
    },
    {
      "RequestUri": "https://management.azure.com/subscriptions/00000000-0000-0000-0000-000000000/resourceGroups/00000/providers/Microsoft.MachineLearningServices/workspaces/00000-canary/datastores/workspaceblobstore/listSecrets?api-version=2022-10-01",
      "RequestMethod": "POST",
      "RequestHeaders": {
        "Accept": "application/json",
        "Accept-Encoding": "gzip, deflate",
        "Connection": "keep-alive",
        "Content-Length": "0",
        "User-Agent": "azure-ai-ml/1.5.0 az00000-python-mgmt-machinelearningservices/0.1.0 Python/3.8.13 (Windows-10-10.0.22000-SP0)"
      },
      "RequestBody": null,
      "StatusCode": 200,
      "ResponseHeaders": {
        "Cache-Control": "no-cache",
        "Content-Encoding": "gzip",
        "Content-Type": "application/json; charset=utf-8",
        "Date": "Fri, 03 Mar 2023 02:57:33 GMT",
        "Expires": "-1",
        "Pragma": "no-cache",
        "Request-Context": "appId=cid-v1:17d65b70-e9ce-4ed5-9347-1f660ec782e9",
        "Server-Timing": "traceparent;desc=\u002200-9904924cad6c8753d29cb852a159d1ea-1ca8e2c583ee00e9-01\u0022",
        "Strict-Transport-Security": "max-age=31536000; includeSubDomains",
        "Transfer-Encoding": "chunked",
        "Vary": "Accept-Encoding",
        "x-aml-cluster": "vienna-eastus2euap-02",
        "X-Content-Type-Options": "nosniff",
        "x-ms-correlation-request-id": "abbe6f53-37ba-4dcd-9f98-49950967adb5",
        "x-ms-ratelimit-remaining-subscription-writes": "1199",
        "x-ms-response-type": "standard",
        "x-ms-routing-request-id": "JAPANEAST:20230303T025733Z:abbe6f53-37ba-4dcd-9f98-49950967adb5",
        "x-request-time": "0.209"
      },
      "ResponseBody": {
        "secretsType": "AccountKey",
        "key": "dGhpcyBpcyBmYWtlIGtleQ=="
      }
    },
    {
      "RequestUri": "https://00000canary9173837871.blob.core.windows.net/azureml-blobstore-296119a5-4b49-4d46-8bc2-199ef997ce62/LocalUpload/00000000000000000000000000000000/testFile_ForSqlDB.parquet",
      "RequestMethod": "HEAD",
      "RequestHeaders": {
        "Accept": "application/xml",
        "Accept-Encoding": "gzip, deflate",
        "Connection": "keep-alive",
        "User-Agent": "az00000-python-storage-blob/12.13.1 Python/3.8.13 (Windows-10-10.0.22000-SP0)",
        "x-ms-date": "Fri, 03 Mar 2023 02:57:34 GMT",
        "x-ms-version": "2021-08-06"
      },
      "RequestBody": null,
      "StatusCode": 200,
      "ResponseHeaders": {
        "Accept-Ranges": "bytes",
        "Content-Length": "460",
        "Content-MD5": "yEVdiDaCQ2KROmNhs\u002BM\u002BLg==",
        "Content-Type": "application/octet-stream",
        "Date": "Fri, 03 Mar 2023 02:57:33 GMT",
        "ETag": "\u00220x8DB1B92E7852956\u0022",
        "Last-Modified": "Fri, 03 Mar 2023 02:56:36 GMT",
        "Server": [
          "Windows-Azure-Blob/1.0",
          "Microsoft-HTTPAPI/2.0"
        ],
        "Vary": "Origin",
        "x-ms-access-tier": "Hot",
        "x-ms-access-tier-inferred": "true",
        "x-ms-blob-type": "BlockBlob",
        "x-ms-creation-time": "Fri, 03 Mar 2023 02:56:36 GMT",
        "x-ms-lease-state": "available",
        "x-ms-lease-status": "unlocked",
        "x-ms-meta-name": "28228db4-a9f4-48e6-81c3-d0ec71cbe63a",
        "x-ms-meta-upload_status": "completed",
        "x-ms-meta-version": "ed52c300-641e-46ea-ac8e-49db941af402",
        "x-ms-server-encrypted": "true",
        "x-ms-version": "2021-08-06"
      },
      "ResponseBody": null
    },
    {
      "RequestUri": "https://00000canary9173837871.blob.core.windows.net/azureml-blobstore-296119a5-4b49-4d46-8bc2-199ef997ce62/az-ml-artifacts/00000000000000000000000000000000/testFile_ForSqlDB.parquet",
      "RequestMethod": "HEAD",
      "RequestHeaders": {
        "Accept": "application/xml",
        "Accept-Encoding": "gzip, deflate",
        "Connection": "keep-alive",
        "User-Agent": "az00000-python-storage-blob/12.13.1 Python/3.8.13 (Windows-10-10.0.22000-SP0)",
        "x-ms-date": "Fri, 03 Mar 2023 02:57:35 GMT",
        "x-ms-version": "2021-08-06"
      },
      "RequestBody": null,
      "StatusCode": 404,
      "ResponseHeaders": {
        "Date": "Fri, 03 Mar 2023 02:57:34 GMT",
        "Server": [
          "Windows-Azure-Blob/1.0",
          "Microsoft-HTTPAPI/2.0"
        ],
        "Transfer-Encoding": "chunked",
        "Vary": "Origin",
        "x-ms-error-code": "BlobNotFound",
        "x-ms-version": "2021-08-06"
      },
      "ResponseBody": null
    },
    {
      "RequestUri": "https://management.azure.com/subscriptions/00000000-0000-0000-0000-000000000/resourceGroups/00000/providers/Microsoft.MachineLearningServices/workspaces/00000-canary/components/azureml_anonymous/versions/00fa584e-4559-af53-491b-206bb6d828a3?api-version=2022-10-01",
      "RequestMethod": "PUT",
      "RequestHeaders": {
        "Accept": "application/json",
        "Accept-Encoding": "gzip, deflate",
        "Connection": "keep-alive",
        "Content-Length": "543",
        "Content-Type": "application/json",
        "User-Agent": "azure-ai-ml/1.5.0 az00000-python-mgmt-machinelearningservices/0.1.0 Python/3.8.13 (Windows-10-10.0.22000-SP0)"
      },
      "RequestBody": {
        "properties": {
          "properties": {},
          "tags": {},
          "isAnonymous": true,
          "isArchived": false,
          "componentSpec": {
            "name": "datatransfer_merge_files",
            "$schema": "http://azureml/00000-2-0/DataTransferComponent.json",
            "display_name": "Data Transfer Component merge-files",
            "is_deterministic": true,
            "inputs": {
              "folder1": {
                "type": "uri_folder"
              },
              "folder2": {
                "type": "uri_folder"
              }
            },
            "outputs": {
              "output_folder": {
                "type": "uri_folder"
              }
            },
            "type": "data_transfer",
            "task": "copy_data",
            "data_copy_mode": "merge_with_overwrite",
            "_source": "YAML.COMPONENT"
          }
        }
      },
      "StatusCode": 201,
      "ResponseHeaders": {
        "Cache-Control": "no-cache",
        "Content-Length": "1116",
        "Content-Type": "application/json; charset=utf-8",
        "Date": "Fri, 03 Mar 2023 02:57:35 GMT",
        "Expires": "-1",
        "Location": "https://management.azure.com/subscriptions/00000000-0000-0000-0000-000000000/resourceGroups/00000/providers/Microsoft.MachineLearningServices/workspaces/00000-canary/components/azureml_anonymous/versions/00fa584e-4559-af53-491b-206bb6d828a3?api-version=2022-10-01",
        "Pragma": "no-cache",
        "Request-Context": "appId=cid-v1:17d65b70-e9ce-4ed5-9347-1f660ec782e9",
        "Server-Timing": "traceparent;desc=\u002200-d678bb2cc1aae3e728bbab33f716594f-4051913bd92deee6-01\u0022",
        "Strict-Transport-Security": "max-age=31536000; includeSubDomains",
        "x-aml-cluster": "vienna-eastus2euap-02",
        "X-Content-Type-Options": "nosniff",
        "x-ms-correlation-request-id": "fc6d0e70-644f-4f76-81ce-75a6e217f5ae",
        "x-ms-ratelimit-remaining-subscription-writes": "1199",
        "x-ms-response-type": "standard",
        "x-ms-routing-request-id": "JAPANEAST:20230303T025735Z:fc6d0e70-644f-4f76-81ce-75a6e217f5ae",
        "x-request-time": "0.170"
      },
      "ResponseBody": {
        "id": "/subscriptions/00000000-0000-0000-0000-000000000/resourceGroups/00000/providers/Microsoft.MachineLearningServices/workspaces/00000-canary/components/azureml_anonymous/versions/42997675-cb70-442d-95a9-1896c5fc5e97",
        "name": "42997675-cb70-442d-95a9-1896c5fc5e97",
        "type": "Microsoft.MachineLearningServices/workspaces/components/versions",
        "properties": {
          "description": null,
          "tags": {},
          "properties": {},
          "isArchived": false,
          "isAnonymous": true,
          "componentSpec": {
            "name": "datatransfer_merge_files",
            "display_name": "Data Transfer Component merge-files",
            "is_deterministic": "True",
            "type": "data_transfer",
            "inputs": {
              "folder1": {
                "type": "uri_folder",
                "optional": "False"
              },
              "folder2": {
                "type": "uri_folder",
                "optional": "False"
              }
            },
            "outputs": {
              "output_folder": {
                "type": "uri_folder"
              }
            },
            "task": "copy_data",
            "data_copy_mode": "merge_with_overwrite",
            "$schema": "http://azureml/00000-2-0/DataTransferComponent.json"
          }
        },
        "systemData": {
          "createdAt": "2023-03-03T02:50:42.5867247\u002B00:00",
          "createdBy": "Firstname Lastname",
          "createdByType": "User",
          "lastModifiedAt": "2023-03-03T02:50:42.674917\u002B00:00",
          "lastModifiedBy": "Firstname Lastname",
          "lastModifiedByType": "User"
        }
      }
    },
    {
      "RequestUri": "https://management.azure.com/subscriptions/00000000-0000-0000-0000-000000000/resourceGroups/00000/providers/Microsoft.MachineLearningServices/workspaces/00000-canary/jobs/000000000000000000000?api-version=2022-12-01-preview",
      "RequestMethod": "PUT",
      "RequestHeaders": {
        "Accept": "application/json",
        "Accept-Encoding": "gzip, deflate",
        "Connection": "keep-alive",
        "Content-Length": "2690",
        "Content-Type": "application/json",
        "User-Agent": "azure-ai-ml/1.5.0 az00000-python-mgmt-machinelearningservices/0.1.0 Python/3.8.13 (Windows-10-10.0.22000-SP0)"
      },
      "RequestBody": {
        "properties": {
          "description": "submit a pipeline with data transfer job",
          "properties": {},
          "tags": {},
          "displayName": "data_transfer_pipeline_from_yaml",
          "experimentName": "azure-ai-ml",
          "isArchived": false,
          "jobType": "Pipeline",
          "inputs": {
            "query_source_sql": {
              "jobInputType": "literal",
              "value": "select top(10) Name from SalesLT.ProductCategory"
            },
            "path_source_s3": {
              "jobInputType": "literal",
              "value": "test1/*"
            }
          },
          "jobs": {
            "snowflake_blob": {
              "type": "data_transfer",
              "task": "import_data",
              "source": {
                "type": "database",
                "query": "${{parent.inputs.query_source_sql}}",
                "connection": "azureml:my_azuresqldb_connection"
              },
              "name": "snowflake_blob",
              "outputs": {
                "sink": {
                  "job_output_type": "mltable"
                }
              },
              "_source": "BUILTIN",
              "componentId": "azureml://registries/azureml-preview/components/import_data_database/versions/0.0.1"
            },
            "s3_blob": {
              "type": "data_transfer",
              "task": "import_data",
              "source": {
                "type": "file_system",
                "path": "${{parent.inputs.path_source_s3}}",
                "connection": "azureml:my-s3-connection"
              },
              "name": "s3_blob",
              "outputs": {
                "sink": {
                  "job_output_type": "uri_folder"
                }
              },
              "_source": "BUILTIN",
              "componentId": "azureml://registries/azureml-preview/components/import_data_file_system/versions/0.0.1"
            },
            "merge_files": {
              "type": "data_transfer",
              "task": "copy_data",
              "name": "merge_files",
              "inputs": {
                "folder1": {
                  "job_input_type": "literal",
                  "value": "${{parent.jobs.s3_blob.outputs.sink}}"
                },
                "folder2": {
                  "job_input_type": "literal",
                  "value": "${{parent.jobs.snowflake_blob.outputs.sink}}"
                }
              },
              "outputs": {
                "output_folder": {
                  "value": "${{parent.outputs.merged_blob}}",
                  "type": "literal"
                }
              },
              "_source": "YAML.COMPONENT",
              "componentId": "/subscriptions/00000000-0000-0000-0000-000000000/resourceGroups/00000/providers/Microsoft.MachineLearningServices/workspaces/00000-canary/components/azureml_anonymous/versions/42997675-cb70-442d-95a9-1896c5fc5e97",
              "data_copy_mode": "merge_with_overwrite"
            },
            "blob_azuresql": {
              "type": "data_transfer",
              "task": "export_data",
              "sink": {
                "type": "database",
                "table_name": "dbo.Persons",
                "connection": "azureml:my_export_azuresqldb_connection"
              },
              "name": "blob_azuresql",
              "inputs": {
                "source": {
                  "uri": "azureml://datastores/workspaceblobstore/paths/LocalUpload/00000000000000000000000000000000/testFile_ForSqlDB.parquet",
                  "job_input_type": "uri_file"
                }
              },
              "_source": "BUILTIN",
              "componentId": "azureml://registries/azureml-preview/components/export_data_database/versions/0.0.1"
            }
          },
          "outputs": {
            "merged_blob": {
              "jobOutputType": "uri_folder"
            }
          },
          "settings": {
            "default_compute": "/subscriptions/00000000-0000-0000-0000-000000000/resourceGroups/00000/providers/Microsoft.MachineLearningServices/workspaces/00000-canary/computes/serverless",
            "_source": "DSL"
          }
        }
      },
      "StatusCode": 201,
      "ResponseHeaders": {
        "Cache-Control": "no-cache",
        "Content-Length": "4227",
        "Content-Type": "application/json; charset=utf-8",
        "Date": "Fri, 03 Mar 2023 02:57:40 GMT",
        "Expires": "-1",
        "Location": "https://management.azure.com/subscriptions/00000000-0000-0000-0000-000000000/resourceGroups/00000/providers/Microsoft.MachineLearningServices/workspaces/00000-canary/jobs/000000000000000000000?api-version=2022-12-01-preview",
        "Pragma": "no-cache",
        "Request-Context": "appId=cid-v1:17d65b70-e9ce-4ed5-9347-1f660ec782e9",
        "Server-Timing": "traceparent;desc=\u002200-c8ec46e93d47374a4d5d37f3b9749a37-3d9ee78f2f264ed1-01\u0022",
        "Strict-Transport-Security": "max-age=31536000; includeSubDomains",
        "x-aml-cluster": "vienna-eastus2euap-02",
        "X-Content-Type-Options": "nosniff",
        "x-ms-correlation-request-id": "76274a76-de71-427d-9855-f7d564592052",
        "x-ms-ratelimit-remaining-subscription-writes": "1198",
        "x-ms-response-type": "standard",
        "x-ms-routing-request-id": "JAPANEAST:20230303T025740Z:76274a76-de71-427d-9855-f7d564592052",
        "x-request-time": "2.031"
      },
      "ResponseBody": {
        "id": "/subscriptions/00000000-0000-0000-0000-000000000/resourceGroups/00000/providers/Microsoft.MachineLearningServices/workspaces/00000-canary/jobs/000000000000000000000",
        "name": "000000000000000000000",
        "type": "Microsoft.MachineLearningServices/workspaces/jobs",
        "properties": {
          "description": "submit a pipeline with data transfer job",
          "tags": {},
          "properties": {
            "azureml.DevPlatv2": "true",
            "azureml.runsource": "azureml.PipelineRun",
            "runSource": "MFE",
            "runType": "HTTP",
            "azureml.parameters": "{\u0022query_source_sql\u0022:\u0022select top(10) Name from SalesLT.ProductCategory\u0022,\u0022path_source_s3\u0022:\u0022test1/*\u0022}",
            "azureml.continue_on_step_failure": "False",
            "azureml.continue_on_failed_optional_input": "True",
            "azureml.defaultComputeName": "serverless",
            "azureml.defaultDataStoreName": "workspaceblobstore",
            "azureml.pipelineComponent": "pipelinerun"
          },
          "displayName": "data_transfer_pipeline_from_yaml",
          "status": "Preparing",
          "experimentName": "azure-ai-ml",
          "services": {
            "Tracking": {
              "jobServiceType": "Tracking",
              "port": null,
              "endpoint": "azureml://eastus2euap.api.azureml.ms/mlflow/v1.0/subscriptions/00000000-0000-0000-0000-000000000/resourceGroups/00000/providers/Microsoft.MachineLearningServices/workspaces/00000-canary?",
              "status": null,
              "errorMessage": null,
              "properties": null,
              "nodes": null
            },
            "Studio": {
              "jobServiceType": "Studio",
              "port": null,
              "endpoint": "https://ml.azure.com/runs/000000000000000000000?wsid=/subscriptions/00000000-0000-0000-0000-000000000/resourcegroups/00000/workspaces/00000-canary",
              "status": null,
              "errorMessage": null,
              "properties": null,
              "nodes": null
            }
          },
          "computeId": null,
          "isArchived": false,
          "identity": null,
          "componentId": null,
          "jobType": "Pipeline",
          "settings": {
            "default_compute": "/subscriptions/00000000-0000-0000-0000-000000000/resourceGroups/00000/providers/Microsoft.MachineLearningServices/workspaces/00000-canary/computes/serverless",
            "_source": "DSL"
          },
          "jobs": {
            "snowflake_blob": {
              "type": "data_transfer",
              "task": "import_data",
              "source": {
                "type": "database",
                "query": "${{parent.inputs.query_source_sql}}",
                "connection": "azureml:my_azuresqldb_connection"
              },
              "name": "snowflake_blob",
              "outputs": {
                "sink": {
                  "job_output_type": "mltable"
                }
              },
              "_source": "BUILTIN",
              "componentId": "azureml://registries/azureml-preview/components/import_data_database/versions/0.0.1"
            },
            "s3_blob": {
              "type": "data_transfer",
              "task": "import_data",
              "source": {
                "type": "file_system",
                "path": "${{parent.inputs.path_source_s3}}",
                "connection": "azureml:my-s3-connection"
              },
              "name": "s3_blob",
              "outputs": {
                "sink": {
                  "job_output_type": "uri_folder"
                }
              },
              "_source": "BUILTIN",
              "componentId": "azureml://registries/azureml-preview/components/import_data_file_system/versions/0.0.1"
            },
            "merge_files": {
              "type": "data_transfer",
              "task": "copy_data",
              "name": "merge_files",
              "inputs": {
                "folder1": {
                  "job_input_type": "literal",
                  "value": "${{parent.jobs.s3_blob.outputs.sink}}"
                },
                "folder2": {
                  "job_input_type": "literal",
                  "value": "${{parent.jobs.snowflake_blob.outputs.sink}}"
                }
              },
              "outputs": {
                "output_folder": {
                  "value": "${{parent.outputs.merged_blob}}",
                  "type": "literal"
                }
              },
              "_source": "YAML.COMPONENT",
              "componentId": "/subscriptions/00000000-0000-0000-0000-000000000/resourceGroups/00000/providers/Microsoft.MachineLearningServices/workspaces/00000-canary/components/azureml_anonymous/versions/42997675-cb70-442d-95a9-1896c5fc5e97",
              "data_copy_mode": "merge_with_overwrite"
            },
            "blob_azuresql": {
              "type": "data_transfer",
              "task": "export_data",
              "sink": {
                "type": "database",
                "table_name": "dbo.Persons",
                "connection": "azureml:my_export_azuresqldb_connection"
              },
              "name": "blob_azuresql",
              "inputs": {
                "source": {
                  "uri": "azureml://datastores/workspaceblobstore/paths/LocalUpload/00000000000000000000000000000000/testFile_ForSqlDB.parquet",
                  "job_input_type": "uri_file"
                }
              },
              "_source": "BUILTIN",
              "componentId": "azureml://registries/azureml-preview/components/export_data_database/versions/0.0.1"
            }
          },
          "inputs": {
            "query_source_sql": {
              "description": null,
              "jobInputType": "literal",
              "value": "select top(10) Name from SalesLT.ProductCategory"
            },
            "path_source_s3": {
              "description": null,
              "jobInputType": "literal",
              "value": "test1/*"
            }
          },
          "outputs": {
            "merged_blob": {
              "description": null,
              "uri": null,
              "assetName": null,
              "assetVersion": null,
              "mode": "ReadWriteMount",
              "jobOutputType": "uri_folder"
            }
          },
          "sourceJobId": null
        },
        "systemData": {
          "createdAt": "2023-03-03T02:57:39.8138283\u002B00:00",
          "createdBy": "Firstname Lastname",
          "createdByType": "User"
        }
      }
    },
    {
      "RequestUri": "https://management.azure.com/subscriptions/00000000-0000-0000-0000-000000000/resourceGroups/00000/providers/Microsoft.MachineLearningServices/workspaces/00000-canary/jobs/000000000000000000000/cancel?api-version=2022-12-01-preview",
      "RequestMethod": "POST",
      "RequestHeaders": {
        "Accept": "application/json",
        "Accept-Encoding": "gzip, deflate",
        "Connection": "keep-alive",
        "Content-Length": "0",
        "User-Agent": "azure-ai-ml/1.5.0 az00000-python-mgmt-machinelearningservices/0.1.0 Python/3.8.13 (Windows-10-10.0.22000-SP0)"
      },
      "RequestBody": null,
      "StatusCode": 202,
      "ResponseHeaders": {
        "Cache-Control": "no-cache",
        "Content-Length": "4",
        "Content-Type": "application/json; charset=utf-8",
        "Date": "Fri, 03 Mar 2023 02:57:43 GMT",
        "Expires": "-1",
        "Location": "https://management.azure.com/subscriptions/00000000-0000-0000-0000-000000000/providers/Microsoft.MachineLearningServices/locations/eastus2euap/mfeOperationResults/jc:296119a5-4b49-4d46-8bc2-199ef997ce62:000000000000000000000?api-version=2022-12-01-preview",
        "Pragma": "no-cache",
        "Request-Context": "appId=cid-v1:17d65b70-e9ce-4ed5-9347-1f660ec782e9",
        "Strict-Transport-Security": "max-age=31536000; includeSubDomains",
        "x-aml-cluster": "vienna-eastus2euap-02",
        "X-Content-Type-Options": "nosniff",
        "x-ms-async-operation-timeout": "PT1H",
        "x-ms-correlation-request-id": "8a6c8b58-6516-4047-9869-cad1d72b2b3c",
        "x-ms-ratelimit-remaining-subscription-writes": "1198",
        "x-ms-response-type": "standard",
        "x-ms-routing-request-id": "JAPANEAST:20230303T025743Z:8a6c8b58-6516-4047-9869-cad1d72b2b3c",
        "x-request-time": "0.796"
      },
      "ResponseBody": "null"
    },
    {
      "RequestUri": "https://management.azure.com/subscriptions/00000000-0000-0000-0000-000000000/providers/Microsoft.MachineLearningServices/locations/eastus2euap/mfeOperationResults/jc:296119a5-4b49-4d46-8bc2-199ef997ce62:000000000000000000000?api-version=2022-12-01-preview",
      "RequestMethod": "GET",
      "RequestHeaders": {
        "Accept": "*/*",
        "Accept-Encoding": "gzip, deflate",
        "Connection": "keep-alive",
        "User-Agent": "azure-ai-ml/1.5.0 az00000-python-mgmt-machinelearningservices/0.1.0 Python/3.8.13 (Windows-10-10.0.22000-SP0)"
      },
      "RequestBody": null,
      "StatusCode": 202,
      "ResponseHeaders": {
        "Cache-Control": "no-cache",
        "Content-Length": "2",
        "Content-Type": "application/json; charset=utf-8",
        "Date": "Fri, 03 Mar 2023 02:57:44 GMT",
        "Expires": "-1",
        "Location": "https://management.azure.com/subscriptions/00000000-0000-0000-0000-000000000/providers/Microsoft.MachineLearningServices/locations/eastus2euap/mfeOperationResults/jc:296119a5-4b49-4d46-8bc2-199ef997ce62:000000000000000000000?api-version=2022-12-01-preview",
        "Pragma": "no-cache",
        "Request-Context": "appId=cid-v1:17d65b70-e9ce-4ed5-9347-1f660ec782e9",
        "Strict-Transport-Security": "max-age=31536000; includeSubDomains",
        "x-aml-cluster": "vienna-eastus2euap-01",
        "X-Content-Type-Options": "nosniff",
        "x-ms-correlation-request-id": "cbee66b7-9b4a-4d8e-a852-18f4da338b79",
        "x-ms-ratelimit-remaining-subscription-reads": "11996",
        "x-ms-response-type": "standard",
        "x-ms-routing-request-id": "JAPANEAST:20230303T025744Z:cbee66b7-9b4a-4d8e-a852-18f4da338b79",
        "x-request-time": "0.080"
      },
      "ResponseBody": {}
    },
    {
      "RequestUri": "https://management.azure.com/subscriptions/00000000-0000-0000-0000-000000000/providers/Microsoft.MachineLearningServices/locations/eastus2euap/mfeOperationResults/jc:296119a5-4b49-4d46-8bc2-199ef997ce62:000000000000000000000?api-version=2022-12-01-preview",
      "RequestMethod": "GET",
      "RequestHeaders": {
        "Accept": "*/*",
        "Accept-Encoding": "gzip, deflate",
        "Connection": "keep-alive",
        "User-Agent": "azure-ai-ml/1.5.0 az00000-python-mgmt-machinelearningservices/0.1.0 Python/3.8.13 (Windows-10-10.0.22000-SP0)"
      },
      "RequestBody": null,
      "StatusCode": 200,
      "ResponseHeaders": {
        "Cache-Control": "no-cache",
        "Content-Length": "0",
        "Date": "Fri, 03 Mar 2023 02:58:14 GMT",
        "Expires": "-1",
        "Pragma": "no-cache",
        "Request-Context": "appId=cid-v1:17d65b70-e9ce-4ed5-9347-1f660ec782e9",
        "Server-Timing": "traceparent;desc=\u002200-0c18914fd38ebfcc2c51a5d32ac7fd2d-216271ae04df3410-01\u0022",
        "Strict-Transport-Security": "max-age=31536000; includeSubDomains",
        "x-aml-cluster": "vienna-eastus2euap-01",
        "X-Content-Type-Options": "nosniff",
        "x-ms-correlation-request-id": "8376e7cc-5f1c-42fe-b329-5625fe4dd249",
        "x-ms-ratelimit-remaining-subscription-reads": "11995",
        "x-ms-response-type": "standard",
        "x-ms-routing-request-id": "JAPANEAST:20230303T025815Z:8376e7cc-5f1c-42fe-b329-5625fe4dd249",
        "x-request-time": "0.064"
      },
      "ResponseBody": null
    }
  ],
  "Variables": {}
}
