{
  "Entries": [
    {
      "RequestUri": "https://management.azure.com/subscriptions/00000000-0000-0000-0000-000000000/resourceGroups/00000/providers/Microsoft.MachineLearningServices/workspaces/00000/datastores/workspaceblobstore?api-version=2022-10-01",
      "RequestMethod": "GET",
      "RequestHeaders": {
        "Accept": "application/json",
        "Accept-Encoding": "gzip, deflate",
        "Connection": "keep-alive",
        "User-Agent": "azure-ai-ml/1.4.0 azsdk-python-mgmt-machinelearningservices/0.1.0 Python/3.9.13 (Windows-10-10.0.22621-SP0)"
      },
      "RequestBody": null,
      "StatusCode": 200,
      "ResponseHeaders": {
        "Cache-Control": "no-cache",
        "Content-Encoding": "gzip",
        "Content-Type": "application/json; charset=utf-8",
        "Date": "Tue, 17 Jan 2023 10:47:54 GMT",
        "Expires": "-1",
        "Pragma": "no-cache",
        "Request-Context": "appId=cid-v1:512cc15a-13b5-415b-bfd0-dce7accb6bb1",
        "Server-Timing": "traceparent;desc=\u002200-e5167fd18dbd4f35b1d340e1bfe5868e-2cd50e9720669f5f-01\u0022",
        "Strict-Transport-Security": "max-age=31536000; includeSubDomains",
        "Transfer-Encoding": "chunked",
        "Vary": [
          "Accept-Encoding",
          "Accept-Encoding"
        ],
        "x-aml-cluster": "vienna-test-westus2-02",
        "X-Content-Type-Options": "nosniff",
        "x-ms-correlation-request-id": "dbd1e548-eceb-464b-8ab9-fd305f20c614",
        "x-ms-ratelimit-remaining-subscription-reads": "11999",
        "x-ms-response-type": "standard",
        "x-ms-routing-request-id": "JAPANEAST:20230117T104754Z:dbd1e548-eceb-464b-8ab9-fd305f20c614",
        "x-request-time": "0.142"
      },
      "ResponseBody": {
        "id": "/subscriptions/00000000-0000-0000-0000-000000000/resourceGroups/00000/providers/Microsoft.MachineLearningServices/workspaces/00000/datastores/workspaceblobstore",
        "name": "workspaceblobstore",
        "type": "Microsoft.MachineLearningServices/workspaces/datastores",
        "properties": {
          "description": null,
          "tags": null,
          "properties": null,
          "isDefault": true,
          "credentials": {
            "credentialsType": "AccountKey"
          },
          "datastoreType": "AzureBlob",
          "accountName": "sagvgsoim6nmhbq",
          "containerName": "azureml-blobstore-e61cd5e2-512f-475e-9842-5e2a973993b8",
          "endpoint": "core.windows.net",
          "protocol": "https",
          "serviceDataAccessAuthIdentity": "WorkspaceSystemAssignedIdentity"
        },
        "systemData": {
          "createdAt": "2022-09-22T09:02:03.2629568\u002B00:00",
          "createdBy": "779301c0-18b2-4cdc-801b-a0a3368fee0a",
          "createdByType": "Application",
          "lastModifiedAt": "2022-09-22T09:02:04.166989\u002B00:00",
          "lastModifiedBy": "779301c0-18b2-4cdc-801b-a0a3368fee0a",
          "lastModifiedByType": "Application"
        }
      }
    },
    {
      "RequestUri": "https://management.azure.com/subscriptions/00000000-0000-0000-0000-000000000/resourceGroups/00000/providers/Microsoft.MachineLearningServices/workspaces/00000/datastores/workspaceblobstore/listSecrets?api-version=2022-10-01",
      "RequestMethod": "POST",
      "RequestHeaders": {
        "Accept": "application/json",
        "Accept-Encoding": "gzip, deflate",
        "Connection": "keep-alive",
        "Content-Length": "0",
        "User-Agent": "azure-ai-ml/1.4.0 azsdk-python-mgmt-machinelearningservices/0.1.0 Python/3.9.13 (Windows-10-10.0.22621-SP0)"
      },
      "RequestBody": null,
      "StatusCode": 200,
      "ResponseHeaders": {
        "Cache-Control": "no-cache",
        "Content-Encoding": "gzip",
        "Content-Type": "application/json; charset=utf-8",
        "Date": "Tue, 17 Jan 2023 10:47:55 GMT",
        "Expires": "-1",
        "Pragma": "no-cache",
        "Request-Context": "appId=cid-v1:512cc15a-13b5-415b-bfd0-dce7accb6bb1",
        "Server-Timing": "traceparent;desc=\u002200-d74dc862f7870958f2f5b3c357f388b4-604c82a921e54d43-01\u0022",
        "Strict-Transport-Security": "max-age=31536000; includeSubDomains",
        "Transfer-Encoding": "chunked",
        "Vary": "Accept-Encoding",
        "x-aml-cluster": "vienna-test-westus2-02",
        "X-Content-Type-Options": "nosniff",
        "x-ms-correlation-request-id": "8ce6caf3-0ec7-45c3-bb9f-1620dd8dc0c8",
        "x-ms-ratelimit-remaining-subscription-writes": "1199",
        "x-ms-response-type": "standard",
        "x-ms-routing-request-id": "JAPANEAST:20230117T104755Z:8ce6caf3-0ec7-45c3-bb9f-1620dd8dc0c8",
        "x-request-time": "0.100"
      },
      "ResponseBody": {
        "secretsType": "AccountKey",
        "key": "dGhpcyBpcyBmYWtlIGtleQ=="
      }
    },
    {
      "RequestUri": "https://sagvgsoim6nmhbq.blob.core.windows.net/azureml-blobstore-e61cd5e2-512f-475e-9842-5e2a973993b8/LocalUpload/00000000000000000000000000000000/COMPONENT_PLACEHOLDER",
      "RequestMethod": "HEAD",
      "RequestHeaders": {
        "Accept": "application/xml",
        "Accept-Encoding": "gzip, deflate",
        "Connection": "keep-alive",
        "User-Agent": "azsdk-python-storage-blob/12.13.0 Python/3.9.13 (Windows-10-10.0.22621-SP0)",
        "x-ms-date": "Tue, 17 Jan 2023 10:47:55 GMT",
        "x-ms-version": "2021-08-06"
      },
      "RequestBody": null,
      "StatusCode": 200,
      "ResponseHeaders": {
        "Accept-Ranges": "bytes",
        "Content-Length": "35",
        "Content-MD5": "L/DnSpFIn\u002BjaQWc\u002BsUQdcw==",
        "Content-Type": "application/octet-stream",
        "Date": "Tue, 17 Jan 2023 10:47:56 GMT",
        "ETag": "\u00220x8DA9D48E17467D7\u0022",
        "Last-Modified": "Fri, 23 Sep 2022 09:49:17 GMT",
        "Server": [
          "Windows-Azure-Blob/1.0",
          "Microsoft-HTTPAPI/2.0"
        ],
        "Vary": "Origin",
        "x-ms-access-tier": "Hot",
        "x-ms-access-tier-inferred": "true",
        "x-ms-blob-type": "BlockBlob",
        "x-ms-creation-time": "Fri, 23 Sep 2022 09:49:16 GMT",
        "x-ms-lease-state": "available",
        "x-ms-lease-status": "unlocked",
        "x-ms-meta-name": "9c9cfba9-82bd-45db-ad06-07009d1d9672",
        "x-ms-meta-upload_status": "completed",
        "x-ms-meta-version": "1",
        "x-ms-server-encrypted": "true",
        "x-ms-version": "2021-08-06"
      },
      "ResponseBody": null
    },
    {
      "RequestUri": "https://sagvgsoim6nmhbq.blob.core.windows.net/azureml-blobstore-e61cd5e2-512f-475e-9842-5e2a973993b8/az-ml-artifacts/00000000000000000000000000000000/COMPONENT_PLACEHOLDER",
      "RequestMethod": "HEAD",
      "RequestHeaders": {
        "Accept": "application/xml",
        "Accept-Encoding": "gzip, deflate",
        "Connection": "keep-alive",
        "User-Agent": "azsdk-python-storage-blob/12.13.0 Python/3.9.13 (Windows-10-10.0.22621-SP0)",
        "x-ms-date": "Tue, 17 Jan 2023 10:47:56 GMT",
        "x-ms-version": "2021-08-06"
      },
      "RequestBody": null,
      "StatusCode": 404,
      "ResponseHeaders": {
        "Date": "Tue, 17 Jan 2023 10:47:57 GMT",
        "Server": [
          "Windows-Azure-Blob/1.0",
          "Microsoft-HTTPAPI/2.0"
        ],
        "Transfer-Encoding": "chunked",
        "Vary": "Origin",
        "x-ms-error-code": "BlobNotFound",
        "x-ms-version": "2021-08-06"
      },
      "ResponseBody": null
    },
    {
      "RequestUri": "https://management.azure.com/subscriptions/00000000-0000-0000-0000-000000000/resourceGroups/00000/providers/Microsoft.MachineLearningServices/workspaces/00000/codes/9c9cfba9-82bd-45db-ad06-07009d1d9672/versions/1?api-version=2022-05-01",
      "RequestMethod": "PUT",
      "RequestHeaders": {
        "Accept": "application/json",
        "Accept-Encoding": "gzip, deflate",
        "Connection": "keep-alive",
        "Content-Length": "288",
        "Content-Type": "application/json",
        "User-Agent": "azure-ai-ml/1.4.0 azsdk-python-mgmt-machinelearningservices/0.1.0 Python/3.9.13 (Windows-10-10.0.22621-SP0)"
      },
      "RequestBody": {
        "properties": {
          "properties": {
            "hash_sha256": "0000000000000",
            "hash_version": "0000000000000"
          },
          "isAnonymous": true,
          "isArchived": false,
          "codeUri": "https://sagvgsoim6nmhbq.blob.core.windows.net/azureml-blobstore-e61cd5e2-512f-475e-9842-5e2a973993b8/LocalUpload/00000000000000000000000000000000"
        }
      },
      "StatusCode": 200,
      "ResponseHeaders": {
        "Cache-Control": "no-cache",
        "Content-Encoding": "gzip",
        "Content-Type": "application/json; charset=utf-8",
        "Date": "Tue, 17 Jan 2023 10:48:00 GMT",
        "Expires": "-1",
        "Pragma": "no-cache",
        "Request-Context": "appId=cid-v1:512cc15a-13b5-415b-bfd0-dce7accb6bb1",
        "Server-Timing": "traceparent;desc=\u002200-37996c65abc4abdbc16b87d1d520771e-3525c6cbb1294b36-01\u0022",
        "Strict-Transport-Security": "max-age=31536000; includeSubDomains",
        "Transfer-Encoding": "chunked",
        "Vary": [
          "Accept-Encoding",
          "Accept-Encoding"
        ],
        "x-aml-cluster": "vienna-test-westus2-02",
        "X-Content-Type-Options": "nosniff",
        "x-ms-correlation-request-id": "570d9880-1fa3-497c-939d-9544c547250a",
        "x-ms-ratelimit-remaining-subscription-writes": "1199",
        "x-ms-response-type": "standard",
        "x-ms-routing-request-id": "JAPANEAST:20230117T104801Z:570d9880-1fa3-497c-939d-9544c547250a",
        "x-request-time": "0.376"
      },
      "ResponseBody": {
        "id": "/subscriptions/00000000-0000-0000-0000-000000000/resourceGroups/00000/providers/Microsoft.MachineLearningServices/workspaces/00000/codes/9c9cfba9-82bd-45db-ad06-07009d1d9672/versions/1",
        "name": "1",
        "type": "Microsoft.MachineLearningServices/workspaces/codes/versions",
        "properties": {
          "description": null,
          "tags": {},
          "properties": {
            "hash_sha256": "0000000000000",
            "hash_version": "0000000000000"
          },
          "isArchived": false,
          "isAnonymous": false,
          "codeUri": "https://sagvgsoim6nmhbq.blob.core.windows.net/azureml-blobstore-e61cd5e2-512f-475e-9842-5e2a973993b8/LocalUpload/00000000000000000000000000000000"
        },
        "systemData": {
          "createdAt": "2022-09-23T09:49:20.984936\u002B00:00",
          "createdBy": "Ying Chen",
          "createdByType": "User",
          "lastModifiedAt": "2023-01-17T10:48:00.9016719\u002B00:00",
          "lastModifiedBy": "Zhengfei Wang",
          "lastModifiedByType": "User"
        }
      }
    },
    {
      "RequestUri": "https://management.azure.com/subscriptions/00000000-0000-0000-0000-000000000/resourceGroups/00000/providers/Microsoft.MachineLearningServices/workspaces/00000/components/azureml_anonymous/versions/ee179a1c-a3c8-6964-b55f-cfd1cacb2ad0?api-version=2022-10-01",
      "RequestMethod": "PUT",
      "RequestHeaders": {
        "Accept": "application/json",
        "Accept-Encoding": "gzip, deflate",
        "Connection": "keep-alive",
        "Content-Length": "1726",
        "Content-Type": "application/json",
        "User-Agent": "azure-ai-ml/1.4.0 azsdk-python-mgmt-machinelearningservices/0.1.0 Python/3.9.13 (Windows-10-10.0.22621-SP0)"
      },
      "RequestBody": {
        "properties": {
          "description": "This is the basic command component with several input types",
          "properties": {},
          "tags": {
            "tag": "tagvalue",
            "owner": "sdkteam"
          },
          "isAnonymous": true,
          "isArchived": false,
          "componentSpec": {
            "command": "echo Hello World \u0026 echo ${{inputs.component_in_string}} \u0026 echo ${{inputs.component_in_ranged_integer}} \u0026 echo ${{inputs.component_in_enum}} \u0026 echo ${{inputs.component_in_boolean}} \u0026 echo ${{inputs.component_in_ranged_number}} \u0026",
            "code": "azureml:/subscriptions/00000000-0000-0000-0000-000000000/resourceGroups/00000/providers/Microsoft.MachineLearningServices/workspaces/00000/codes/9c9cfba9-82bd-45db-ad06-07009d1d9672/versions/1",
            "environment": "azureml:AzureML-sklearn-0.24-ubuntu18.04-py37-cpu:1",
            "name": "microsoft_samples_command_component_basic_inputs",
            "description": "This is the basic command component with several input types",
            "tags": {
              "tag": "tagvalue",
              "owner": "sdkteam"
            },
            "version": "1",
            "$schema": "https://azuremlschemas.azureedge.net/development/commandComponent.schema.json",
            "display_name": "CommandComponentBasicInputs",
            "is_deterministic": true,
            "inputs": {
              "component_in_string": {
                "type": "string",
                "description": "A string"
              },
              "component_in_ranged_integer": {
                "type": "integer",
                "optional": false,
                "default": "10",
                "description": "A ranged integer",
                "max": "100",
                "min": "1"
              },
              "component_in_enum": {
                "type": "string",
                "default": "hello",
                "description": "An enum",
                "enum": [
                  "hello",
                  "world"
                ]
              },
              "component_in_boolean": {
                "type": "boolean",
                "default": "False",
                "description": "A boolean"
              },
              "component_in_ranged_number": {
                "type": "number",
                "default": "10.0",
                "description": "A ranged number",
                "max": "8.0",
                "min": "2.0"
              }
            },
            "type": "command",
            "_source": "YAML.COMPONENT"
          }
        }
      },
      "StatusCode": 201,
      "ResponseHeaders": {
        "Cache-Control": "no-cache",
        "Content-Length": "2979",
        "Content-Type": "application/json; charset=utf-8",
        "Date": "Tue, 17 Jan 2023 10:48:03 GMT",
        "Expires": "-1",
        "Location": "https://management.azure.com/subscriptions/00000000-0000-0000-0000-000000000/resourceGroups/00000/providers/Microsoft.MachineLearningServices/workspaces/00000/components/azureml_anonymous/versions/ee179a1c-a3c8-6964-b55f-cfd1cacb2ad0?api-version=2022-10-01",
        "Pragma": "no-cache",
        "Request-Context": "appId=cid-v1:512cc15a-13b5-415b-bfd0-dce7accb6bb1",
        "Server-Timing": "traceparent;desc=\u002200-5001e854f4fd6a479f222817306b23db-dab2dd0378f277ad-01\u0022",
        "Strict-Transport-Security": "max-age=31536000; includeSubDomains",
        "x-aml-cluster": "vienna-test-westus2-02",
        "X-Content-Type-Options": "nosniff",
        "x-ms-correlation-request-id": "896c18c3-40f8-489e-8198-12a728fcda84",
        "x-ms-ratelimit-remaining-subscription-writes": "1198",
        "x-ms-response-type": "standard",
        "x-ms-routing-request-id": "JAPANEAST:20230117T104803Z:896c18c3-40f8-489e-8198-12a728fcda84",
        "x-request-time": "2.389"
      },
      "ResponseBody": {
        "id": "/subscriptions/00000000-0000-0000-0000-000000000/resourceGroups/00000/providers/Microsoft.MachineLearningServices/workspaces/00000/components/azureml_anonymous/versions/3725ce29-2ae2-467f-823a-fbf0774549a3",
        "name": "3725ce29-2ae2-467f-823a-fbf0774549a3",
        "type": "Microsoft.MachineLearningServices/workspaces/components/versions",
        "properties": {
          "description": null,
          "tags": {
            "tag": "tagvalue",
            "owner": "sdkteam"
          },
          "properties": {},
          "isArchived": false,
          "isAnonymous": true,
          "componentSpec": {
            "name": "azureml_anonymous",
            "version": "3725ce29-2ae2-467f-823a-fbf0774549a3",
            "display_name": "CommandComponentBasicInputs",
            "is_deterministic": "True",
            "type": "command",
            "description": "This is the basic command component with several input types",
            "tags": {
              "tag": "tagvalue",
              "owner": "sdkteam"
            },
            "inputs": {
              "component_in_string": {
                "type": "string",
                "optional": "False",
                "description": "A string"
              },
              "component_in_ranged_integer": {
                "type": "integer",
                "optional": "False",
                "default": "10",
                "description": "A ranged integer",
                "min": "1",
                "max": "100"
              },
              "component_in_enum": {
                "type": "string",
                "optional": "False",
                "default": "hello",
                "description": "An enum",
                "enum": [
                  "hello",
                  "world"
                ]
              },
              "component_in_boolean": {
                "type": "boolean",
                "optional": "False",
                "default": "False",
                "description": "A boolean"
              },
              "component_in_ranged_number": {
                "type": "number",
                "optional": "False",
                "default": "10.0",
                "description": "A ranged number",
                "min": "2.0",
                "max": "8.0"
              }
            },
            "code": "azureml:/subscriptions/00000000-0000-0000-0000-000000000/resourceGroups/00000/providers/Microsoft.MachineLearningServices/workspaces/00000/codes/9c9cfba9-82bd-45db-ad06-07009d1d9672/versions/1",
            "environment": "azureml://registries/azureml-dev/environments/AzureML-sklearn-0.24-ubuntu18.04-py37-cpu/versions/1",
            "resources": {
              "instance_count": "1"
            },
            "command": "echo Hello World \u0026 echo ${{inputs.component_in_string}} \u0026 echo ${{inputs.component_in_ranged_integer}} \u0026 echo ${{inputs.component_in_enum}} \u0026 echo ${{inputs.component_in_boolean}} \u0026 echo ${{inputs.component_in_ranged_number}} \u0026",
            "$schema": "https://azuremlschemas.azureedge.net/development/commandComponent.schema.json"
          }
        },
        "systemData": {
          "createdAt": "2022-12-30T01:39:31.474196\u002B00:00",
          "createdBy": "Xingzhi Zhang",
          "createdByType": "User",
          "lastModifiedAt": "2022-12-30T01:39:31.9066228\u002B00:00",
          "lastModifiedBy": "Xingzhi Zhang",
          "lastModifiedByType": "User"
        }
      }
    },
    {
      "RequestUri": "https://management.azure.com/subscriptions/00000000-0000-0000-0000-000000000/resourceGroups/00000/providers/Microsoft.MachineLearningServices/workspaces/00000/components/pipeline_with_group?api-version=2022-10-01",
      "RequestMethod": "GET",
      "RequestHeaders": {
        "Accept": "application/json",
        "Accept-Encoding": "gzip, deflate",
        "Connection": "keep-alive",
        "User-Agent": "azure-ai-ml/1.4.0 azsdk-python-mgmt-machinelearningservices/0.1.0 Python/3.9.13 (Windows-10-10.0.22621-SP0)"
      },
      "RequestBody": null,
      "StatusCode": 200,
      "ResponseHeaders": {
        "Cache-Control": "no-cache",
        "Content-Encoding": "gzip",
        "Content-Type": "application/json; charset=utf-8",
        "Date": "Tue, 17 Jan 2023 10:48:04 GMT",
        "Expires": "-1",
        "Pragma": "no-cache",
        "Request-Context": "appId=cid-v1:512cc15a-13b5-415b-bfd0-dce7accb6bb1",
        "Server-Timing": "traceparent;desc=\u002200-c959aec934b0d16bbc3761463649fe5d-aa3e43c62ae1c905-01\u0022",
        "Strict-Transport-Security": "max-age=31536000; includeSubDomains",
        "Transfer-Encoding": "chunked",
        "Vary": [
          "Accept-Encoding",
          "Accept-Encoding"
        ],
        "x-aml-cluster": "vienna-test-westus2-02",
        "X-Content-Type-Options": "nosniff",
        "x-ms-correlation-request-id": "27015b6c-a528-44ea-956e-b4d24465e618",
        "x-ms-ratelimit-remaining-subscription-reads": "11998",
        "x-ms-response-type": "standard",
        "x-ms-routing-request-id": "JAPANEAST:20230117T104804Z:27015b6c-a528-44ea-956e-b4d24465e618",
        "x-request-time": "0.138"
      },
      "ResponseBody": {
        "id": "/subscriptions/00000000-0000-0000-0000-000000000/resourceGroups/00000/providers/Microsoft.MachineLearningServices/workspaces/00000/components/pipeline_with_group",
        "name": "pipeline_with_group",
        "type": "Microsoft.MachineLearningServices/workspaces/components",
        "properties": {
          "description": "",
          "tags": {},
          "properties": {},
          "isArchived": false,
          "latestVersion": null,
          "nextVersion": "2023-01-17-10-48-04-4014693"
        },
        "systemData": {
          "createdAt": "2023-01-04T11:40:05.9131744\u002B00:00",
          "lastModifiedAt": "2023-01-17T10:47:26.0847927\u002B00:00"
        }
      }
    },
    {
      "RequestUri": "https://management.azure.com/subscriptions/00000000-0000-0000-0000-000000000/resourceGroups/00000/providers/Microsoft.MachineLearningServices/workspaces/00000/components/pipeline_with_group/versions/2023-01-17-10-48-04-4014693?api-version=2022-10-01",
      "RequestMethod": "PUT",
      "RequestHeaders": {
        "Accept": "application/json",
        "Accept-Encoding": "gzip, deflate",
        "Connection": "keep-alive",
        "Content-Length": "1331",
        "Content-Type": "application/json",
        "User-Agent": "azure-ai-ml/1.4.0 azsdk-python-mgmt-machinelearningservices/0.1.0 Python/3.9.13 (Windows-10-10.0.22621-SP0)"
      },
      "RequestBody": {
        "properties": {
          "properties": {},
          "tags": {},
          "isAnonymous": false,
          "isArchived": false,
          "componentSpec": {
            "name": "pipeline_with_group",
            "display_name": "pipeline_with_group",
            "inputs": {
              "group.sub.int_param": {
                "type": "integer",
                "max": "5",
                "min": "1"
              },
              "group.str_param": {
                "type": "string",
                "default": "test"
              },
              "group.bool_param": {
                "type": "boolean",
                "default": "True"
              },
              "group.number_param": {
                "type": "number",
                "default": "4.0"
              }
            },
            "type": "pipeline",
            "jobs": {
              "microsoft_samples_command_component_basic_inputs": {
                "name": "microsoft_samples_command_component_basic_inputs",
                "type": "command",
                "inputs": {
                  "component_in_string": {
                    "job_input_type": "literal",
                    "value": "${{parent.inputs.group.str_param}}"
                  },
                  "component_in_ranged_integer": {
                    "job_input_type": "literal",
                    "value": "${{parent.inputs.group.sub.int_param}}"
                  },
                  "component_in_boolean": {
                    "job_input_type": "literal",
                    "value": "${{parent.inputs.group.bool_param}}"
                  },
                  "component_in_ranged_number": {
                    "job_input_type": "literal",
                    "value": "${{parent.inputs.group.number_param}}"
                  }
                },
                "_source": "YAML.COMPONENT",
                "componentId": "/subscriptions/00000000-0000-0000-0000-000000000/resourceGroups/00000/providers/Microsoft.MachineLearningServices/workspaces/00000/components/azureml_anonymous/versions/3725ce29-2ae2-467f-823a-fbf0774549a3"
              }
            },
            "_source": "DSL",
            "sourceJobId": null
          }
        }
      },
      "StatusCode": 201,
      "ResponseHeaders": {
        "Cache-Control": "no-cache",
        "Content-Length": "1682",
        "Content-Type": "application/json; charset=utf-8",
        "Date": "Tue, 17 Jan 2023 10:48:06 GMT",
        "Expires": "-1",
        "Location": "https://management.azure.com/subscriptions/00000000-0000-0000-0000-000000000/resourceGroups/00000/providers/Microsoft.MachineLearningServices/workspaces/00000/components/pipeline_with_group/versions/2023-01-17-10-48-04-4014693?api-version=2022-10-01",
        "Pragma": "no-cache",
        "Request-Context": "appId=cid-v1:512cc15a-13b5-415b-bfd0-dce7accb6bb1",
        "Server-Timing": "traceparent;desc=\u002200-df64b6c42f7050bd5b16442fe7d3545b-ec06182dce2860e5-01\u0022",
        "Strict-Transport-Security": "max-age=31536000; includeSubDomains",
        "x-aml-cluster": "vienna-test-westus2-02",
        "X-Content-Type-Options": "nosniff",
        "x-ms-correlation-request-id": "a500f4b8-8a47-4af8-a019-49a7b11f8489",
        "x-ms-ratelimit-remaining-subscription-writes": "1197",
        "x-ms-response-type": "standard",
        "x-ms-routing-request-id": "JAPANEAST:20230117T104806Z:a500f4b8-8a47-4af8-a019-49a7b11f8489",
        "x-request-time": "2.067"
      },
      "ResponseBody": {
        "id": "/subscriptions/00000000-0000-0000-0000-000000000/resourceGroups/00000/providers/Microsoft.MachineLearningServices/workspaces/00000/components/pipeline_with_group/versions/2023-01-17-10-48-04-4014693",
        "name": "2023-01-17-10-48-04-4014693",
        "type": "Microsoft.MachineLearningServices/workspaces/components/versions",
        "properties": {
          "description": null,
          "tags": {},
          "properties": {
            "azureml.DatasetAccessModeGraphId": "0db3a70b-a8ec-45d5-b506-cfa5b5220f6e",
            "azureml.AssetAccessModeGraphId": "62b0a366-9d95-4c62-b030-971dcf26ff0c"
          },
          "isArchived": false,
          "isAnonymous": false,
          "componentSpec": {
            "name": "pipeline_with_group",
            "version": "2023-01-17-10-48-04-4014693",
            "display_name": "pipeline_with_group",
            "is_deterministic": "False",
            "type": "pipeline",
            "inputs": {
              "group.sub.int_param": {
                "type": "integer",
                "optional": "False",
                "min": "1",
                "max": "5"
              },
              "group.str_param": {
                "type": "string",
                "optional": "False",
                "default": "test"
              },
              "group.bool_param": {
                "type": "boolean",
                "optional": "False",
                "default": "True"
              },
              "group.number_param": {
                "type": "number",
                "optional": "False",
                "default": "4.0"
              }
            }
          }
        },
        "systemData": {
          "createdAt": "2023-01-17T10:48:06.0720047\u002B00:00",
          "createdBy": "Zhengfei Wang",
          "createdByType": "User",
          "lastModifiedAt": "2023-01-17T10:48:06.5703748\u002B00:00",
          "lastModifiedBy": "Zhengfei Wang",
          "lastModifiedByType": "User"
        }
      }
    },
    {
      "RequestUri": "https://management.azure.com/subscriptions/00000000-0000-0000-0000-000000000/resourceGroups/00000/providers/Microsoft.MachineLearningServices/workspaces/00000/jobs/000000000000000000000?api-version=2022-10-01-preview",
      "RequestMethod": "PUT",
      "RequestHeaders": {
        "Accept": "application/json",
        "Accept-Encoding": "gzip, deflate",
        "Connection": "keep-alive",
        "Content-Length": "847",
        "Content-Type": "application/json",
        "User-Agent": "azure-ai-ml/1.4.0 azsdk-python-mgmt-machinelearningservices/0.1.0 Python/3.9.13 (Windows-10-10.0.22621-SP0)"
      },
      "RequestBody": {
        "properties": {
          "properties": {},
          "tags": {},
          "componentId": "/subscriptions/00000000-0000-0000-0000-000000000/resourceGroups/00000/providers/Microsoft.MachineLearningServices/workspaces/00000/components/pipeline_with_group/versions/2023-01-17-10-48-04-4014693",
          "displayName": "pipeline_with_group",
          "experimentName": "azure-ai-ml",
          "isArchived": false,
          "jobType": "Pipeline",
          "inputs": {
            "group.number_param": {
              "jobInputType": "literal",
              "value": "4.0"
            },
            "group.str_param": {
              "jobInputType": "literal",
              "value": "testing"
            },
            "group.sub.int_param": {
              "jobInputType": "literal",
              "value": "4"
            }
          },
          "jobs": {},
          "outputs": {},
          "settings": {
            "default_compute": "/subscriptions/00000000-0000-0000-0000-000000000/resourceGroups/00000/providers/Microsoft.MachineLearningServices/workspaces/00000/computes/cpu-cluster",
            "_source": "REMOTE.WORKSPACE.COMPONENT"
          }
        }
      },
      "StatusCode": 201,
      "ResponseHeaders": {
        "Cache-Control": "no-cache",
        "Content-Length": "3203",
        "Content-Type": "application/json; charset=utf-8",
        "Date": "Tue, 17 Jan 2023 10:48:13 GMT",
        "Expires": "-1",
        "Location": "https://management.azure.com/subscriptions/00000000-0000-0000-0000-000000000/resourceGroups/00000/providers/Microsoft.MachineLearningServices/workspaces/00000/jobs/000000000000000000000?api-version=2022-10-01-preview",
        "Pragma": "no-cache",
        "Request-Context": "appId=cid-v1:512cc15a-13b5-415b-bfd0-dce7accb6bb1",
        "Server-Timing": "traceparent;desc=\u002200-1012db83dee7f0ecd9c5867f8ec38c40-109f2dcc02488a6d-01\u0022",
        "Strict-Transport-Security": "max-age=31536000; includeSubDomains",
        "x-aml-cluster": "vienna-test-westus2-02",
        "X-Content-Type-Options": "nosniff",
        "x-ms-correlation-request-id": "d85d3673-011b-4800-88d1-f9d5ec928111",
        "x-ms-ratelimit-remaining-subscription-writes": "1196",
        "x-ms-response-type": "standard",
        "x-ms-routing-request-id": "JAPANEAST:20230117T104813Z:d85d3673-011b-4800-88d1-f9d5ec928111",
        "x-request-time": "3.422"
      },
      "ResponseBody": {
        "id": "/subscriptions/00000000-0000-0000-0000-000000000/resourceGroups/00000/providers/Microsoft.MachineLearningServices/workspaces/00000/jobs/000000000000000000000",
        "name": "000000000000000000000",
        "type": "Microsoft.MachineLearningServices/workspaces/jobs",
        "properties": {
          "description": null,
          "tags": {},
          "properties": {
            "azureml.SourceComponentId": "/subscriptions/00000000-0000-0000-0000-000000000/resourceGroups/00000/providers/Microsoft.MachineLearningServices/workspaces/00000/components/pipeline_with_group/versions/2023-01-17-10-48-04-4014693",
            "azureml.DevPlatv2": "true",
            "azureml.runsource": "azureml.PipelineRun",
            "runSource": "MFE",
            "runType": "HTTP",
            "azureml.parameters": "{\u0022group.bool_param\u0022:\u0022True\u0022,\u0022group.number_param\u0022:\u00224.0\u0022,\u0022group.str_param\u0022:\u0022testing\u0022,\u0022group.sub.int_param\u0022:\u00224\u0022}",
            "azureml.continue_on_step_failure": "True",
            "azureml.continue_on_failed_optional_input": "True",
            "azureml.defaultComputeName": "cpu-cluster",
            "azureml.defaultDataStoreName": "workspaceblobstore",
            "azureml.pipelineComponent": "pipelinerun"
          },
          "displayName": "pipeline_with_group",
          "status": "Preparing",
          "experimentName": "azure-ai-ml",
          "services": {
            "Tracking": {
              "jobServiceType": "Tracking",
              "port": null,
              "endpoint": "azureml://master.api.azureml-test.ms/mlflow/v1.0/subscriptions/00000000-0000-0000-0000-000000000/resourceGroups/00000/providers/Microsoft.MachineLearningServices/workspaces/00000?",
              "status": null,
              "errorMessage": null,
              "properties": null,
              "nodes": null
            },
            "Studio": {
              "jobServiceType": "Studio",
              "port": null,
              "endpoint": "https://ml.azure.com/runs/000000000000000000000?wsid=/subscriptions/00000000-0000-0000-0000-000000000/resourcegroups/00000/workspaces/00000",
              "status": null,
              "errorMessage": null,
              "properties": null,
              "nodes": null
            }
          },
          "computeId": null,
          "isArchived": false,
          "identity": null,
          "componentId": "/subscriptions/00000000-0000-0000-0000-000000000/resourceGroups/00000/providers/Microsoft.MachineLearningServices/workspaces/00000/components/pipeline_with_group/versions/2023-01-17-10-48-04-4014693",
          "jobType": "Pipeline",
          "settings": {
            "default_compute": "/subscriptions/00000000-0000-0000-0000-000000000/resourceGroups/00000/providers/Microsoft.MachineLearningServices/workspaces/00000/computes/cpu-cluster",
            "_source": "REMOTE.WORKSPACE.COMPONENT"
          },
          "jobs": {},
          "inputs": {
            "group.number_param": {
              "description": null,
              "jobInputType": "literal",
              "value": "4.0"
            },
            "group.str_param": {
              "description": null,
              "jobInputType": "literal",
              "value": "testing"
            },
            "group.sub.int_param": {
              "description": null,
              "jobInputType": "literal",
              "value": "4"
            }
          },
          "outputs": {},
          "sourceJobId": null
        },
        "systemData": {
          "createdAt": "2023-01-17T10:48:12.5738658\u002B00:00",
          "createdBy": "Zhengfei Wang",
          "createdByType": "User"
        }
      }
    }
  ],
  "Variables": {}
}
