{
  "Entries": [
    {
      "RequestUri": "https://management.azure.com/subscriptions/00000000-0000-0000-0000-000000000/resourceGroups/00000/providers/Microsoft.MachineLearningServices/workspaces/00000/computes/cpu-cluster?api-version=2022-10-01-preview",
      "RequestMethod": "GET",
      "RequestHeaders": {
        "Accept": "application/json",
        "Accept-Encoding": "gzip, deflate",
        "Connection": "keep-alive",
        "User-Agent": "azure-ai-ml/1.5.0 azsdk-python-mgmt-machinelearningservices/0.1.0 Python/3.7.9 (Windows-10-10.0.22621-SP0)"
      },
      "RequestBody": null,
      "StatusCode": 200,
      "ResponseHeaders": {
        "Cache-Control": "no-cache",
        "Content-Encoding": "gzip",
        "Content-Type": "application/json; charset=utf-8",
        "Date": "Thu, 23 Feb 2023 19:33:20 GMT",
        "Expires": "-1",
        "Pragma": "no-cache",
        "Request-Context": "appId=cid-v1:2d2e8e63-272e-4b3c-8598-4ee570a0e70d",
        "Server-Timing": "traceparent;desc=\u002200-9c2ccbea2d5c63b566070341ecb436ec-cd540b619b061f54-01\u0022",
        "Strict-Transport-Security": "max-age=31536000; includeSubDomains",
        "Transfer-Encoding": "chunked",
        "Vary": [
          "Accept-Encoding",
          "Accept-Encoding"
        ],
        "x-aml-cluster": "vienna-eastus2-01",
        "X-Content-Type-Options": "nosniff",
        "x-ms-correlation-request-id": "4ee2a2e7-42eb-45e5-a809-bd1db513e398",
        "x-ms-ratelimit-remaining-subscription-reads": "11999",
        "x-ms-response-type": "standard",
        "x-ms-routing-request-id": "WESTUS2:20230223T193321Z:4ee2a2e7-42eb-45e5-a809-bd1db513e398",
        "x-request-time": "0.167"
      },
      "ResponseBody": {
        "id": "/subscriptions/00000000-0000-0000-0000-000000000/resourceGroups/00000/providers/Microsoft.MachineLearningServices/workspaces/00000/computes/cpu-cluster",
        "name": "cpu-cluster",
        "type": "Microsoft.MachineLearningServices/workspaces/computes",
        "location": "eastus2",
        "tags": {},
        "properties": {
          "createdOn": "2023-02-23T02:09:37.0381833\u002B00:00",
          "modifiedOn": "2023-02-23T02:09:40.5544927\u002B00:00",
          "disableLocalAuth": false,
          "description": null,
          "resourceId": null,
          "computeType": "AmlCompute",
          "computeLocation": "eastus2",
          "provisioningState": "Succeeded",
          "provisioningErrors": null,
          "isAttachedCompute": false,
          "properties": {
            "vmSize": "STANDARD_DS2_V2",
            "vmPriority": "Dedicated",
            "scaleSettings": {
              "maxNodeCount": 4,
              "minNodeCount": 0,
              "nodeIdleTimeBeforeScaleDown": "PT2M"
            },
            "subnet": null,
            "currentNodeCount": 0,
            "targetNodeCount": 0,
            "nodeStateCounts": {
              "preparingNodeCount": 0,
              "runningNodeCount": 0,
              "idleNodeCount": 0,
              "unusableNodeCount": 0,
              "leavingNodeCount": 0,
              "preemptedNodeCount": 0
            },
            "allocationState": "Steady",
            "allocationStateTransitionTime": "2023-02-23T19:25:02.755\u002B00:00",
            "errors": null,
            "remoteLoginPortPublicAccess": "Enabled",
            "osType": "Linux",
            "virtualMachineImage": null,
            "isolatedNetwork": false,
            "propertyBag": {}
          }
        }
      }
    },
    {
      "RequestUri": "https://management.azure.com/subscriptions/00000000-0000-0000-0000-000000000/resourceGroups/00000/providers/Microsoft.MachineLearningServices/workspaces/00000/computes/cpu-cluster?api-version=2022-10-01-preview",
      "RequestMethod": "GET",
      "RequestHeaders": {
        "Accept": "application/json",
        "Accept-Encoding": "gzip, deflate",
        "Connection": "keep-alive",
        "User-Agent": "azure-ai-ml/1.5.0 azsdk-python-mgmt-machinelearningservices/0.1.0 Python/3.7.9 (Windows-10-10.0.22621-SP0)"
      },
      "RequestBody": null,
      "StatusCode": 200,
      "ResponseHeaders": {
        "Cache-Control": "no-cache",
        "Content-Encoding": "gzip",
        "Content-Type": "application/json; charset=utf-8",
        "Date": "Thu, 23 Feb 2023 19:33:21 GMT",
        "Expires": "-1",
        "Pragma": "no-cache",
        "Request-Context": "appId=cid-v1:2d2e8e63-272e-4b3c-8598-4ee570a0e70d",
        "Server-Timing": "traceparent;desc=\u002200-3d15071d9f54a2bdf8cf124ea88442a7-ef9052568083244e-01\u0022",
        "Strict-Transport-Security": "max-age=31536000; includeSubDomains",
        "Transfer-Encoding": "chunked",
        "Vary": [
          "Accept-Encoding",
          "Accept-Encoding"
        ],
        "x-aml-cluster": "vienna-eastus2-01",
        "X-Content-Type-Options": "nosniff",
        "x-ms-correlation-request-id": "87ddbc4d-c9c8-4d67-b7fb-650a77743417",
        "x-ms-ratelimit-remaining-subscription-reads": "11998",
        "x-ms-response-type": "standard",
        "x-ms-routing-request-id": "WESTUS2:20230223T193322Z:87ddbc4d-c9c8-4d67-b7fb-650a77743417",
        "x-request-time": "0.231"
      },
      "ResponseBody": {
        "id": "/subscriptions/00000000-0000-0000-0000-000000000/resourceGroups/00000/providers/Microsoft.MachineLearningServices/workspaces/00000/computes/cpu-cluster",
        "name": "cpu-cluster",
        "type": "Microsoft.MachineLearningServices/workspaces/computes",
        "location": "eastus2",
        "tags": {},
        "properties": {
          "createdOn": "2023-02-23T02:09:37.0381833\u002B00:00",
          "modifiedOn": "2023-02-23T02:09:40.5544927\u002B00:00",
          "disableLocalAuth": false,
          "description": null,
          "resourceId": null,
          "computeType": "AmlCompute",
          "computeLocation": "eastus2",
          "provisioningState": "Succeeded",
          "provisioningErrors": null,
          "isAttachedCompute": false,
          "properties": {
            "vmSize": "STANDARD_DS2_V2",
            "vmPriority": "Dedicated",
            "scaleSettings": {
              "maxNodeCount": 4,
              "minNodeCount": 0,
              "nodeIdleTimeBeforeScaleDown": "PT2M"
            },
            "subnet": null,
            "currentNodeCount": 0,
            "targetNodeCount": 0,
            "nodeStateCounts": {
              "preparingNodeCount": 0,
              "runningNodeCount": 0,
              "idleNodeCount": 0,
              "unusableNodeCount": 0,
              "leavingNodeCount": 0,
              "preemptedNodeCount": 0
            },
            "allocationState": "Steady",
            "allocationStateTransitionTime": "2023-02-23T19:25:02.755\u002B00:00",
            "errors": null,
            "remoteLoginPortPublicAccess": "Enabled",
            "osType": "Linux",
            "virtualMachineImage": null,
            "isolatedNetwork": false,
            "propertyBag": {}
          }
        }
      }
    },
    {
      "RequestUri": "https://management.azure.com/subscriptions/00000000-0000-0000-0000-000000000/resourceGroups/00000/providers/Microsoft.MachineLearningServices/workspaces/00000/computes/cpu-cluster?api-version=2022-10-01-preview",
      "RequestMethod": "GET",
      "RequestHeaders": {
        "Accept": "application/json",
        "Accept-Encoding": "gzip, deflate",
        "Connection": "keep-alive",
        "User-Agent": "azure-ai-ml/1.5.0 azsdk-python-mgmt-machinelearningservices/0.1.0 Python/3.7.9 (Windows-10-10.0.22621-SP0)"
      },
      "RequestBody": null,
      "StatusCode": 200,
      "ResponseHeaders": {
        "Cache-Control": "no-cache",
        "Content-Encoding": "gzip",
        "Content-Type": "application/json; charset=utf-8",
        "Date": "Thu, 23 Feb 2023 19:33:21 GMT",
        "Expires": "-1",
        "Pragma": "no-cache",
        "Request-Context": "appId=cid-v1:2d2e8e63-272e-4b3c-8598-4ee570a0e70d",
        "Server-Timing": "traceparent;desc=\u002200-7d54516a763ee168b3018e29fda0f6ff-a5e40e1eecb3836c-01\u0022",
        "Strict-Transport-Security": "max-age=31536000; includeSubDomains",
        "Transfer-Encoding": "chunked",
        "Vary": [
          "Accept-Encoding",
          "Accept-Encoding"
        ],
        "x-aml-cluster": "vienna-eastus2-01",
        "X-Content-Type-Options": "nosniff",
        "x-ms-correlation-request-id": "ce7b5023-7221-493f-95a4-63b0c7382f31",
        "x-ms-ratelimit-remaining-subscription-reads": "11997",
        "x-ms-response-type": "standard",
        "x-ms-routing-request-id": "WESTUS2:20230223T193322Z:ce7b5023-7221-493f-95a4-63b0c7382f31",
        "x-request-time": "0.257"
      },
      "ResponseBody": {
        "id": "/subscriptions/00000000-0000-0000-0000-000000000/resourceGroups/00000/providers/Microsoft.MachineLearningServices/workspaces/00000/computes/cpu-cluster",
        "name": "cpu-cluster",
        "type": "Microsoft.MachineLearningServices/workspaces/computes",
        "location": "eastus2",
        "tags": {},
        "properties": {
          "createdOn": "2023-02-23T02:09:37.0381833\u002B00:00",
          "modifiedOn": "2023-02-23T02:09:40.5544927\u002B00:00",
          "disableLocalAuth": false,
          "description": null,
          "resourceId": null,
          "computeType": "AmlCompute",
          "computeLocation": "eastus2",
          "provisioningState": "Succeeded",
          "provisioningErrors": null,
          "isAttachedCompute": false,
          "properties": {
            "vmSize": "STANDARD_DS2_V2",
            "vmPriority": "Dedicated",
            "scaleSettings": {
              "maxNodeCount": 4,
              "minNodeCount": 0,
              "nodeIdleTimeBeforeScaleDown": "PT2M"
            },
            "subnet": null,
            "currentNodeCount": 0,
            "targetNodeCount": 0,
            "nodeStateCounts": {
              "preparingNodeCount": 0,
              "runningNodeCount": 0,
              "idleNodeCount": 0,
              "unusableNodeCount": 0,
              "leavingNodeCount": 0,
              "preemptedNodeCount": 0
            },
            "allocationState": "Steady",
            "allocationStateTransitionTime": "2023-02-23T19:25:02.755\u002B00:00",
            "errors": null,
            "remoteLoginPortPublicAccess": "Enabled",
            "osType": "Linux",
            "virtualMachineImage": null,
            "isolatedNetwork": false,
            "propertyBag": {}
          }
        }
      }
    },
    {
      "RequestUri": "https://management.azure.com/subscriptions/00000000-0000-0000-0000-000000000/resourceGroups/00000/providers/Microsoft.MachineLearningServices/workspaces/00000/computes/cpu-cluster?api-version=2022-10-01-preview",
      "RequestMethod": "GET",
      "RequestHeaders": {
        "Accept": "application/json",
        "Accept-Encoding": "gzip, deflate",
        "Connection": "keep-alive",
        "User-Agent": "azure-ai-ml/1.5.0 azsdk-python-mgmt-machinelearningservices/0.1.0 Python/3.7.9 (Windows-10-10.0.22621-SP0)"
      },
      "RequestBody": null,
      "StatusCode": 200,
      "ResponseHeaders": {
        "Cache-Control": "no-cache",
        "Content-Encoding": "gzip",
        "Content-Type": "application/json; charset=utf-8",
        "Date": "Thu, 23 Feb 2023 19:33:22 GMT",
        "Expires": "-1",
        "Pragma": "no-cache",
        "Request-Context": "appId=cid-v1:2d2e8e63-272e-4b3c-8598-4ee570a0e70d",
        "Server-Timing": "traceparent;desc=\u002200-43c84f0e6fa16ebb92e2f5d4747ea7c4-9bcb424518e7db3f-01\u0022",
        "Strict-Transport-Security": "max-age=31536000; includeSubDomains",
        "Transfer-Encoding": "chunked",
        "Vary": [
          "Accept-Encoding",
          "Accept-Encoding"
        ],
        "x-aml-cluster": "vienna-eastus2-01",
        "X-Content-Type-Options": "nosniff",
        "x-ms-correlation-request-id": "403c06a2-19e2-46a6-ac60-da30a47c38f2",
        "x-ms-ratelimit-remaining-subscription-reads": "11996",
        "x-ms-response-type": "standard",
        "x-ms-routing-request-id": "WESTUS2:20230223T193323Z:403c06a2-19e2-46a6-ac60-da30a47c38f2",
        "x-request-time": "0.255"
      },
      "ResponseBody": {
        "id": "/subscriptions/00000000-0000-0000-0000-000000000/resourceGroups/00000/providers/Microsoft.MachineLearningServices/workspaces/00000/computes/cpu-cluster",
        "name": "cpu-cluster",
        "type": "Microsoft.MachineLearningServices/workspaces/computes",
        "location": "eastus2",
        "tags": {},
        "properties": {
          "createdOn": "2023-02-23T02:09:37.0381833\u002B00:00",
          "modifiedOn": "2023-02-23T02:09:40.5544927\u002B00:00",
          "disableLocalAuth": false,
          "description": null,
          "resourceId": null,
          "computeType": "AmlCompute",
          "computeLocation": "eastus2",
          "provisioningState": "Succeeded",
          "provisioningErrors": null,
          "isAttachedCompute": false,
          "properties": {
            "vmSize": "STANDARD_DS2_V2",
            "vmPriority": "Dedicated",
            "scaleSettings": {
              "maxNodeCount": 4,
              "minNodeCount": 0,
              "nodeIdleTimeBeforeScaleDown": "PT2M"
            },
            "subnet": null,
            "currentNodeCount": 0,
            "targetNodeCount": 0,
            "nodeStateCounts": {
              "preparingNodeCount": 0,
              "runningNodeCount": 0,
              "idleNodeCount": 0,
              "unusableNodeCount": 0,
              "leavingNodeCount": 0,
              "preemptedNodeCount": 0
            },
            "allocationState": "Steady",
            "allocationStateTransitionTime": "2023-02-23T19:25:02.755\u002B00:00",
            "errors": null,
            "remoteLoginPortPublicAccess": "Enabled",
            "osType": "Linux",
            "virtualMachineImage": null,
            "isolatedNetwork": false,
            "propertyBag": {}
          }
        }
      }
    },
    {
      "RequestUri": "https://management.azure.com/subscriptions/00000000-0000-0000-0000-000000000/resourceGroups/00000/providers/Microsoft.MachineLearningServices/workspaces/00000/datastores/workspaceblobstore?api-version=2022-10-01",
      "RequestMethod": "GET",
      "RequestHeaders": {
        "Accept": "application/json",
        "Accept-Encoding": "gzip, deflate",
        "Connection": "keep-alive",
        "User-Agent": "azure-ai-ml/1.5.0 azsdk-python-mgmt-machinelearningservices/0.1.0 Python/3.7.9 (Windows-10-10.0.22621-SP0)"
      },
      "RequestBody": null,
      "StatusCode": 200,
      "ResponseHeaders": {
        "Cache-Control": "no-cache",
        "Content-Encoding": "gzip",
        "Content-Type": "application/json; charset=utf-8",
        "Date": "Thu, 23 Feb 2023 19:33:24 GMT",
        "Expires": "-1",
        "Pragma": "no-cache",
        "Request-Context": "appId=cid-v1:2d2e8e63-272e-4b3c-8598-4ee570a0e70d",
        "Server-Timing": "traceparent;desc=\u002200-9b26ac6c091d20ebbae76cc9f50b5bf4-1d5e4337b7fc7ff1-01\u0022",
        "Strict-Transport-Security": "max-age=31536000; includeSubDomains",
        "Transfer-Encoding": "chunked",
        "Vary": [
          "Accept-Encoding",
          "Accept-Encoding"
        ],
        "x-aml-cluster": "vienna-eastus2-02",
        "X-Content-Type-Options": "nosniff",
        "x-ms-correlation-request-id": "f06c75e0-7785-478e-872a-57d2315fd39a",
        "x-ms-ratelimit-remaining-subscription-reads": "11995",
        "x-ms-response-type": "standard",
        "x-ms-routing-request-id": "WESTUS2:20230223T193325Z:f06c75e0-7785-478e-872a-57d2315fd39a",
        "x-request-time": "0.570"
      },
      "ResponseBody": {
        "id": "/subscriptions/00000000-0000-0000-0000-000000000/resourceGroups/00000/providers/Microsoft.MachineLearningServices/workspaces/00000/datastores/workspaceblobstore",
        "name": "workspaceblobstore",
        "type": "Microsoft.MachineLearningServices/workspaces/datastores",
        "properties": {
          "description": null,
          "tags": null,
          "properties": null,
          "isDefault": true,
          "credentials": {
            "credentialsType": "AccountKey"
          },
          "datastoreType": "AzureBlob",
          "accountName": "saveorz2izv2bas",
          "containerName": "azureml-blobstore-2d1e66ae-85e3-42c0-be91-34de66397f26",
          "endpoint": "core.windows.net",
          "protocol": "https",
          "serviceDataAccessAuthIdentity": "WorkspaceSystemAssignedIdentity"
        },
        "systemData": {
          "createdAt": "2023-02-23T02:09:20.7946807\u002B00:00",
          "createdBy": "779301c0-18b2-4cdc-801b-a0a3368fee0a",
          "createdByType": "Application",
          "lastModifiedAt": "2023-02-23T02:09:21.4547132\u002B00:00",
          "lastModifiedBy": "779301c0-18b2-4cdc-801b-a0a3368fee0a",
          "lastModifiedByType": "Application"
        }
      }
    },
    {
      "RequestUri": "https://management.azure.com/subscriptions/00000000-0000-0000-0000-000000000/resourceGroups/00000/providers/Microsoft.MachineLearningServices/workspaces/00000/datastores/workspaceblobstore/listSecrets?api-version=2022-10-01",
      "RequestMethod": "POST",
      "RequestHeaders": {
        "Accept": "application/json",
        "Accept-Encoding": "gzip, deflate",
        "Connection": "keep-alive",
        "Content-Length": "0",
        "User-Agent": "azure-ai-ml/1.5.0 azsdk-python-mgmt-machinelearningservices/0.1.0 Python/3.7.9 (Windows-10-10.0.22621-SP0)"
      },
      "RequestBody": null,
      "StatusCode": 200,
      "ResponseHeaders": {
        "Cache-Control": "no-cache",
        "Content-Encoding": "gzip",
        "Content-Type": "application/json; charset=utf-8",
        "Date": "Thu, 23 Feb 2023 19:33:25 GMT",
        "Expires": "-1",
        "Pragma": "no-cache",
        "Request-Context": "appId=cid-v1:2d2e8e63-272e-4b3c-8598-4ee570a0e70d",
        "Server-Timing": "traceparent;desc=\u002200-1068433478550e84520da6b764f9dcf3-6435cc92fa10c3fc-01\u0022",
        "Strict-Transport-Security": "max-age=31536000; includeSubDomains",
        "Transfer-Encoding": "chunked",
        "Vary": "Accept-Encoding",
        "x-aml-cluster": "vienna-eastus2-02",
        "X-Content-Type-Options": "nosniff",
        "x-ms-correlation-request-id": "e85e4bd8-f4a9-417b-a337-e49a6fff167a",
        "x-ms-ratelimit-remaining-subscription-writes": "1199",
        "x-ms-response-type": "standard",
        "x-ms-routing-request-id": "WESTUS2:20230223T193326Z:e85e4bd8-f4a9-417b-a337-e49a6fff167a",
        "x-request-time": "0.861"
      },
      "ResponseBody": {
        "secretsType": "AccountKey",
        "key": "dGhpcyBpcyBmYWtlIGtleQ=="
      }
    },
    {
      "RequestUri": "https://saveorz2izv2bas.blob.core.windows.net/azureml-blobstore-2d1e66ae-85e3-42c0-be91-34de66397f26/LocalUpload/00000000000000000000000000000000/data/sample1.csv",
      "RequestMethod": "HEAD",
      "RequestHeaders": {
        "Accept": "application/xml",
        "Accept-Encoding": "gzip, deflate",
        "Connection": "keep-alive",
        "User-Agent": "azsdk-python-storage-blob/12.14.1 Python/3.7.9 (Windows-10-10.0.22621-SP0)",
        "x-ms-date": "Thu, 23 Feb 2023 19:33:26 GMT",
        "x-ms-version": "2021-08-06"
      },
      "RequestBody": null,
      "StatusCode": 200,
      "ResponseHeaders": {
        "Accept-Ranges": "bytes",
        "Content-Length": "499",
        "Content-MD5": "kD7N5\u002BygjTfbYTFhyEo7RA==",
        "Content-Type": "application/octet-stream",
        "Date": "Thu, 23 Feb 2023 19:33:27 GMT",
        "ETag": "\u00220x8DB15444E15BC78\u0022",
        "Last-Modified": "Thu, 23 Feb 2023 02:18:51 GMT",
        "Server": [
          "Windows-Azure-Blob/1.0",
          "Microsoft-HTTPAPI/2.0"
        ],
        "Vary": "Origin",
        "x-ms-access-tier": "Hot",
        "x-ms-access-tier-inferred": "true",
        "x-ms-blob-type": "BlockBlob",
        "x-ms-creation-time": "Thu, 23 Feb 2023 02:18:51 GMT",
        "x-ms-lease-state": "available",
        "x-ms-lease-status": "unlocked",
        "x-ms-meta-name": "474b2deb-5552-44f0-b87f-df067fbfad5e",
        "x-ms-meta-upload_status": "completed",
        "x-ms-meta-version": "c60c640b-115d-4627-97bb-c73afe107525",
        "x-ms-server-encrypted": "true",
        "x-ms-version": "2021-08-06"
      },
      "ResponseBody": null
    },
    {
      "RequestUri": "https://saveorz2izv2bas.blob.core.windows.net/azureml-blobstore-2d1e66ae-85e3-42c0-be91-34de66397f26/az-ml-artifacts/00000000000000000000000000000000/data/sample1.csv",
      "RequestMethod": "HEAD",
      "RequestHeaders": {
        "Accept": "application/xml",
        "Accept-Encoding": "gzip, deflate",
        "Connection": "keep-alive",
        "User-Agent": "azsdk-python-storage-blob/12.14.1 Python/3.7.9 (Windows-10-10.0.22621-SP0)",
        "x-ms-date": "Thu, 23 Feb 2023 19:33:27 GMT",
        "x-ms-version": "2021-08-06"
      },
      "RequestBody": null,
      "StatusCode": 404,
      "ResponseHeaders": {
        "Date": "Thu, 23 Feb 2023 19:33:27 GMT",
        "Server": [
          "Windows-Azure-Blob/1.0",
          "Microsoft-HTTPAPI/2.0"
        ],
        "Transfer-Encoding": "chunked",
        "Vary": "Origin",
        "x-ms-error-code": "BlobNotFound",
        "x-ms-version": "2021-08-06"
      },
      "ResponseBody": null
    },
    {
      "RequestUri": "https://management.azure.com/subscriptions/00000000-0000-0000-0000-000000000/resourceGroups/00000/providers/Microsoft.MachineLearningServices/workspaces/00000?api-version=2022-10-01",
      "RequestMethod": "GET",
      "RequestHeaders": {
        "Accept": "application/json",
        "Accept-Encoding": "gzip, deflate",
        "Connection": "keep-alive",
        "User-Agent": "azure-ai-ml/1.5.0 azsdk-python-mgmt-machinelearningservices/0.1.0 Python/3.7.9 (Windows-10-10.0.22621-SP0)"
      },
      "RequestBody": null,
      "StatusCode": 200,
      "ResponseHeaders": {
        "Cache-Control": "no-cache",
        "Content-Encoding": "gzip",
        "Content-Type": "application/json; charset=utf-8",
        "Date": "Thu, 23 Feb 2023 19:33:27 GMT",
        "Expires": "-1",
        "Pragma": "no-cache",
        "Request-Context": "appId=cid-v1:2d2e8e63-272e-4b3c-8598-4ee570a0e70d",
        "Server-Timing": "traceparent;desc=\u002200-b1c2cf256d3c7864b8b95b05240d1fbd-15916d15c9ce2f38-01\u0022",
        "Strict-Transport-Security": "max-age=31536000; includeSubDomains",
        "Transfer-Encoding": "chunked",
        "Vary": [
          "Accept-Encoding",
          "Accept-Encoding"
        ],
        "x-aml-cluster": "vienna-eastus2-02",
        "X-Content-Type-Options": "nosniff",
        "x-ms-correlation-request-id": "ae49a6e2-7ab2-42fe-885e-6eb16d1f7a39",
        "x-ms-ratelimit-remaining-subscription-reads": "11994",
        "x-ms-response-type": "standard",
        "x-ms-routing-request-id": "WESTUS2:20230223T193328Z:ae49a6e2-7ab2-42fe-885e-6eb16d1f7a39",
        "x-request-time": "0.184"
      },
      "ResponseBody": {
        "id": "/subscriptions/00000000-0000-0000-0000-000000000/resourceGroups/00000/providers/Microsoft.MachineLearningServices/workspaces/00000",
        "name": "00000",
        "type": "Microsoft.MachineLearningServices/workspaces",
        "location": "eastus2",
        "tags": {},
        "etag": null,
        "properties": {
          "friendlyName": "00000",
          "description": "",
          "storageAccount": "/subscriptions/00000000-0000-0000-0000-000000000/resourceGroups/00000/providers/Microsoft.Storage/storageAccounts/saveorz2izv2bas",
          "keyVault": "/subscriptions/00000000-0000-0000-0000-000000000/resourceGroups/00000/providers/Microsoft.Keyvault/vaults/kvtest4k4d3fds6sjxs",
          "applicationInsights": "/subscriptions/00000000-0000-0000-0000-000000000/resourceGroups/00000/providers/Microsoft.insights/components/aiveorz2izv2bas",
          "hbiWorkspace": false,
          "tenantId": "72f988bf-86f1-41af-91ab-2d7cd011db47",
          "imageBuildCompute": null,
          "provisioningState": "Succeeded",
          "v1LegacyMode": false,
          "softDeleteEnabled": false,
          "containerRegistry": "/subscriptions/00000000-0000-0000-0000-000000000/resourceGroups/00000/providers/Microsoft.ContainerRegistry/registries/crveorz2izv2bas",
          "notebookInfo": {
            "resourceId": "0000000-0000-0000-0000-000000000000",
            "fqdn": "ml-sdkvnextcli-eastus2-2d1e66ae-85e3-42c0-be91-34de66397f26.eastus2.notebooks.azure.net",
            "isPrivateLinkEnabled": false,
            "notebookPreparationError": null
          },
          "storageHnsEnabled": false,
          "workspaceId": "2d1e66ae-85e3-42c0-be91-34de66397f26",
          "linkedModelInventoryArmId": null,
          "privateLinkCount": 0,
          "publicNetworkAccess": "Enabled",
          "discoveryUrl": "https://eastus2.api.azureml.ms/discovery",
          "mlFlowTrackingUri": "azureml://eastus2.api.azureml.ms/mlflow/v1.0/subscriptions/00000000-0000-0000-0000-000000000/resourceGroups/00000/providers/Microsoft.MachineLearningServices/workspaces/00000",
          "sdkTelemetryAppInsightsKey": "0000000-0000-0000-0000-000000000000",
          "sasGetterUri": "",
          "enableDataIsolation": false
        },
        "identity": {
          "type": "SystemAssigned",
          "principalId": "0000000-0000-0000-0000-000000000000",
          "tenantId": "72f988bf-86f1-41af-91ab-2d7cd011db47"
        },
        "kind": "Default",
        "sku": {
          "name": "Basic",
          "tier": "Basic"
        },
        "systemData": {
          "createdAt": "2023-02-23T02:09:00.5159669Z",
          "createdBy": "dipeck@microsoft.com",
          "createdByType": "User",
          "lastModifiedAt": "2023-02-23T02:09:00.5159669Z",
          "lastModifiedBy": "dipeck@microsoft.com",
          "lastModifiedByType": "User"
        }
      }
    },
    {
      "RequestUri": "https://management.azure.com/subscriptions/00000000-0000-0000-0000-000000000/resourceGroups/00000/providers/Microsoft.MachineLearningServices/workspaces/00000?api-version=2022-10-01",
      "RequestMethod": "GET",
      "RequestHeaders": {
        "Accept": "application/json",
        "Accept-Encoding": "gzip, deflate",
        "Connection": "keep-alive",
        "User-Agent": "azure-ai-ml/1.5.0 azsdk-python-mgmt-machinelearningservices/0.1.0 Python/3.7.9 (Windows-10-10.0.22621-SP0)"
      },
      "RequestBody": null,
      "StatusCode": 200,
      "ResponseHeaders": {
        "Cache-Control": "no-cache",
        "Content-Encoding": "gzip",
        "Content-Type": "application/json; charset=utf-8",
        "Date": "Thu, 23 Feb 2023 19:33:27 GMT",
        "Expires": "-1",
        "Pragma": "no-cache",
        "Request-Context": "appId=cid-v1:2d2e8e63-272e-4b3c-8598-4ee570a0e70d",
        "Server-Timing": "traceparent;desc=\u002200-d4c6f4d85e4b1f6efacc81b2a18ac740-c4e7796824558ac7-01\u0022",
        "Strict-Transport-Security": "max-age=31536000; includeSubDomains",
        "Transfer-Encoding": "chunked",
        "Vary": [
          "Accept-Encoding",
          "Accept-Encoding"
        ],
        "x-aml-cluster": "vienna-eastus2-02",
        "X-Content-Type-Options": "nosniff",
        "x-ms-correlation-request-id": "40d3b34b-28d4-43bd-b1cd-9ba0a01c191a",
        "x-ms-ratelimit-remaining-subscription-reads": "11993",
        "x-ms-response-type": "standard",
        "x-ms-routing-request-id": "WESTUS2:20230223T193328Z:40d3b34b-28d4-43bd-b1cd-9ba0a01c191a",
        "x-request-time": "0.162"
      },
      "ResponseBody": {
        "id": "/subscriptions/00000000-0000-0000-0000-000000000/resourceGroups/00000/providers/Microsoft.MachineLearningServices/workspaces/00000",
        "name": "00000",
        "type": "Microsoft.MachineLearningServices/workspaces",
        "location": "eastus2",
        "tags": {},
        "etag": null,
        "properties": {
          "friendlyName": "00000",
          "description": "",
          "storageAccount": "/subscriptions/00000000-0000-0000-0000-000000000/resourceGroups/00000/providers/Microsoft.Storage/storageAccounts/saveorz2izv2bas",
          "keyVault": "/subscriptions/00000000-0000-0000-0000-000000000/resourceGroups/00000/providers/Microsoft.Keyvault/vaults/kvtest4k4d3fds6sjxs",
          "applicationInsights": "/subscriptions/00000000-0000-0000-0000-000000000/resourceGroups/00000/providers/Microsoft.insights/components/aiveorz2izv2bas",
          "hbiWorkspace": false,
          "tenantId": "72f988bf-86f1-41af-91ab-2d7cd011db47",
          "imageBuildCompute": null,
          "provisioningState": "Succeeded",
          "v1LegacyMode": false,
          "softDeleteEnabled": false,
          "containerRegistry": "/subscriptions/00000000-0000-0000-0000-000000000/resourceGroups/00000/providers/Microsoft.ContainerRegistry/registries/crveorz2izv2bas",
          "notebookInfo": {
            "resourceId": "0000000-0000-0000-0000-000000000000",
            "fqdn": "ml-sdkvnextcli-eastus2-2d1e66ae-85e3-42c0-be91-34de66397f26.eastus2.notebooks.azure.net",
            "isPrivateLinkEnabled": false,
            "notebookPreparationError": null
          },
          "storageHnsEnabled": false,
          "workspaceId": "2d1e66ae-85e3-42c0-be91-34de66397f26",
          "linkedModelInventoryArmId": null,
          "privateLinkCount": 0,
          "publicNetworkAccess": "Enabled",
          "discoveryUrl": "https://eastus2.api.azureml.ms/discovery",
          "mlFlowTrackingUri": "azureml://eastus2.api.azureml.ms/mlflow/v1.0/subscriptions/00000000-0000-0000-0000-000000000/resourceGroups/00000/providers/Microsoft.MachineLearningServices/workspaces/00000",
          "sdkTelemetryAppInsightsKey": "0000000-0000-0000-0000-000000000000",
          "sasGetterUri": "",
          "enableDataIsolation": false
        },
        "identity": {
          "type": "SystemAssigned",
          "principalId": "0000000-0000-0000-0000-000000000000",
          "tenantId": "72f988bf-86f1-41af-91ab-2d7cd011db47"
        },
        "kind": "Default",
        "sku": {
          "name": "Basic",
          "tier": "Basic"
        },
        "systemData": {
          "createdAt": "2023-02-23T02:09:00.5159669Z",
          "createdBy": "dipeck@microsoft.com",
          "createdByType": "User",
          "lastModifiedAt": "2023-02-23T02:09:00.5159669Z",
          "lastModifiedBy": "dipeck@microsoft.com",
          "lastModifiedByType": "User"
        }
      }
    },
    {
      "RequestUri": "https://management.azure.com/subscriptions/00000000-0000-0000-0000-000000000/resourceGroups/00000/providers/Microsoft.MachineLearningServices/workspaces/00000?api-version=2022-10-01",
      "RequestMethod": "GET",
      "RequestHeaders": {
        "Accept": "application/json",
        "Accept-Encoding": "gzip, deflate",
        "Connection": "keep-alive",
        "User-Agent": "azure-ai-ml/1.5.0 azsdk-python-mgmt-machinelearningservices/0.1.0 Python/3.7.9 (Windows-10-10.0.22621-SP0)"
      },
      "RequestBody": null,
      "StatusCode": 200,
      "ResponseHeaders": {
        "Cache-Control": "no-cache",
        "Content-Encoding": "gzip",
        "Content-Type": "application/json; charset=utf-8",
        "Date": "Thu, 23 Feb 2023 19:33:28 GMT",
        "Expires": "-1",
        "Pragma": "no-cache",
        "Request-Context": "appId=cid-v1:2d2e8e63-272e-4b3c-8598-4ee570a0e70d",
        "Server-Timing": "traceparent;desc=\u002200-ae299e58e592fbd52a6fc87103963916-55a67b572e492013-01\u0022",
        "Strict-Transport-Security": "max-age=31536000; includeSubDomains",
        "Transfer-Encoding": "chunked",
        "Vary": [
          "Accept-Encoding",
          "Accept-Encoding"
        ],
        "x-aml-cluster": "vienna-eastus2-02",
        "X-Content-Type-Options": "nosniff",
        "x-ms-correlation-request-id": "c472d936-4155-40a2-b903-4ef55825d8e1",
        "x-ms-ratelimit-remaining-subscription-reads": "11999",
        "x-ms-response-type": "standard",
        "x-ms-routing-request-id": "WESTUS2:20230223T193329Z:c472d936-4155-40a2-b903-4ef55825d8e1",
        "x-request-time": "0.187"
      },
      "ResponseBody": {
        "id": "/subscriptions/00000000-0000-0000-0000-000000000/resourceGroups/00000/providers/Microsoft.MachineLearningServices/workspaces/00000",
        "name": "00000",
        "type": "Microsoft.MachineLearningServices/workspaces",
        "location": "eastus2",
        "tags": {},
        "etag": null,
        "properties": {
          "friendlyName": "00000",
          "description": "",
          "storageAccount": "/subscriptions/00000000-0000-0000-0000-000000000/resourceGroups/00000/providers/Microsoft.Storage/storageAccounts/saveorz2izv2bas",
          "keyVault": "/subscriptions/00000000-0000-0000-0000-000000000/resourceGroups/00000/providers/Microsoft.Keyvault/vaults/kvtest4k4d3fds6sjxs",
          "applicationInsights": "/subscriptions/00000000-0000-0000-0000-000000000/resourceGroups/00000/providers/Microsoft.insights/components/aiveorz2izv2bas",
          "hbiWorkspace": false,
          "tenantId": "72f988bf-86f1-41af-91ab-2d7cd011db47",
          "imageBuildCompute": null,
          "provisioningState": "Succeeded",
          "v1LegacyMode": false,
          "softDeleteEnabled": false,
          "containerRegistry": "/subscriptions/00000000-0000-0000-0000-000000000/resourceGroups/00000/providers/Microsoft.ContainerRegistry/registries/crveorz2izv2bas",
          "notebookInfo": {
            "resourceId": "0000000-0000-0000-0000-000000000000",
            "fqdn": "ml-sdkvnextcli-eastus2-2d1e66ae-85e3-42c0-be91-34de66397f26.eastus2.notebooks.azure.net",
            "isPrivateLinkEnabled": false,
            "notebookPreparationError": null
          },
          "storageHnsEnabled": false,
          "workspaceId": "2d1e66ae-85e3-42c0-be91-34de66397f26",
          "linkedModelInventoryArmId": null,
          "privateLinkCount": 0,
          "publicNetworkAccess": "Enabled",
          "discoveryUrl": "https://eastus2.api.azureml.ms/discovery",
          "mlFlowTrackingUri": "azureml://eastus2.api.azureml.ms/mlflow/v1.0/subscriptions/00000000-0000-0000-0000-000000000/resourceGroups/00000/providers/Microsoft.MachineLearningServices/workspaces/00000",
          "sdkTelemetryAppInsightsKey": "0000000-0000-0000-0000-000000000000",
          "sasGetterUri": "",
          "enableDataIsolation": false
        },
        "identity": {
          "type": "SystemAssigned",
          "principalId": "0000000-0000-0000-0000-000000000000",
          "tenantId": "72f988bf-86f1-41af-91ab-2d7cd011db47"
        },
        "kind": "Default",
        "sku": {
          "name": "Basic",
          "tier": "Basic"
        },
        "systemData": {
          "createdAt": "2023-02-23T02:09:00.5159669Z",
          "createdBy": "dipeck@microsoft.com",
          "createdByType": "User",
          "lastModifiedAt": "2023-02-23T02:09:00.5159669Z",
          "lastModifiedBy": "dipeck@microsoft.com",
          "lastModifiedByType": "User"
        }
      }
    },
    {
      "RequestUri": "https://eastus2.api.azureml.ms/content/v2.0/subscriptions/00000000-0000-0000-0000-000000000/resourceGroups/00000/providers/Microsoft.MachineLearningServices/workspaces/00000/snapshots/getByHash?hash=e4dea8ce1d89a91c67e9690b25556d8b0dcfba2bd0e5c09f1aa1b3d45defc643\u0026hashVersion=202208",
      "RequestMethod": "GET",
      "RequestHeaders": {
        "Accept": "*/*",
        "Accept-Encoding": "gzip, deflate",
        "Connection": "keep-alive",
        "Content-Type": "application/json; charset=UTF-8",
        "User-Agent": "azure-ai-ml/1.5.0 azsdk-python-core/1.26.3 Python/3.7.9 (Windows-10-10.0.22621-SP0)"
      },
      "RequestBody": null,
      "StatusCode": 200,
      "ResponseHeaders": {
        "Connection": "keep-alive",
        "Content-Encoding": "gzip",
        "Content-Type": "application/json; charset=utf-8",
        "Date": "Thu, 23 Feb 2023 19:33:31 GMT",
        "Request-Context": "appId=cid-v1:2d2e8e63-272e-4b3c-8598-4ee570a0e70d",
        "Strict-Transport-Security": "max-age=15724800; includeSubDomains; preload",
        "Transfer-Encoding": "chunked",
        "Vary": "Accept-Encoding",
        "x-aml-cluster": "vienna-eastus2-02",
        "X-Content-Type-Options": "nosniff",
        "x-ms-response-type": "standard",
        "x-request-time": "0.427"
      },
      "ResponseBody": {
        "snapshotType": "LocalFiles",
        "id": "3b8583d4-16c2-455c-80b9-233113545262",
        "root": {
          "name": "",
          "hash": null,
          "type": "Directory",
          "timestamp": "0001-01-01T00:00:00\u002B00:00",
          "sasUrl": null,
          "absoluteUrl": null,
          "sizeBytes": 0,
          "sizeSet": false,
          "children": {
            "score.py": {
              "name": "score.py",
              "hash": "FB5AFB9C3E935A8E76BF1B3447F142C6",
              "type": "File",
              "timestamp": "0001-01-01T00:00:00\u002B00:00",
              "sasUrl": null,
              "absoluteUrl": null,
              "sizeBytes": 910,
              "sizeSet": true,
              "children": {}
            }
          }
        },
        "tags": {},
        "properties": {
          "hash_sha256": "e4dea8ce1d89a91c67e9690b25556d8b0dcfba2bd0e5c09f1aa1b3d45defc643",
          "hash_version": "202208",
          "azureml.codeUri": "https://saveorz2izv2bas.blob.core.windows.net:443/2d1e66ae-8-0edb0d19-8fe9-5280-ad2f-3c2f41975cb9/score_src"
        },
        "description": null,
        "name": "655a9854-280d-4631-926a-ffd1856288c5",
        "version": "1",
        "createdBy": {
          "userObjectId": "b3a957de-450c-4ca7-b2aa-88dd98c87fef",
          "userPuId": "10037FFEAD05DD5D",
          "userIdp": null,
          "userAltSecId": null,
          "userIss": "https://sts.windows.net/72f988bf-86f1-41af-91ab-2d7cd011db47/",
          "userTenantId": "72f988bf-86f1-41af-91ab-2d7cd011db47",
          "userName": "Diondra Peck",
          "upn": null
        },
        "createdTime": "2023-02-23T02:39:19.4815476\u002B00:00",
        "modifiedBy": {
          "userObjectId": "b3a957de-450c-4ca7-b2aa-88dd98c87fef",
          "userPuId": "10037FFEAD05DD5D",
          "userIdp": null,
          "userAltSecId": null,
          "userIss": "https://sts.windows.net/72f988bf-86f1-41af-91ab-2d7cd011db47/",
          "userTenantId": "72f988bf-86f1-41af-91ab-2d7cd011db47",
          "userName": "Diondra Peck",
          "upn": null
        },
        "modifiedTime": "2023-02-23T02:39:19.4815476\u002B00:00",
        "gitRepositoryCommit": null,
        "uri": "https://saveorz2izv2bas.blob.core.windows.net:443/2d1e66ae-8-0edb0d19-8fe9-5280-ad2f-3c2f41975cb9/score_src",
        "contentHash": "e4dea8ce1d89a91c67e9690b25556d8b0dcfba2bd0e5c09f1aa1b3d45defc643",
        "hashVersion": "202208",
        "provisioningState": "Succeeded"
      }
    },
    {
      "RequestUri": "https://eastus2.api.azureml.ms/content/v2.0/subscriptions/00000000-0000-0000-0000-000000000/resourceGroups/00000/providers/Microsoft.MachineLearningServices/workspaces/00000/snapshots/getByHash?hash=5b9f2894ca0da09aeae471a50949e49c4a0c3a64dc2ee4df146e30902222ac5c\u0026hashVersion=202208",
      "RequestMethod": "GET",
      "RequestHeaders": {
        "Accept": "*/*",
        "Accept-Encoding": "gzip, deflate",
        "Connection": "keep-alive",
        "Content-Type": "application/json; charset=UTF-8",
        "User-Agent": "azure-ai-ml/1.5.0 azsdk-python-core/1.26.3 Python/3.7.9 (Windows-10-10.0.22621-SP0)"
      },
      "RequestBody": null,
      "StatusCode": 200,
      "ResponseHeaders": {
        "Connection": "keep-alive",
        "Content-Encoding": "gzip",
        "Content-Type": "application/json; charset=utf-8",
        "Date": "Thu, 23 Feb 2023 19:33:32 GMT",
        "Request-Context": "appId=cid-v1:2d2e8e63-272e-4b3c-8598-4ee570a0e70d",
        "Strict-Transport-Security": "max-age=15724800; includeSubDomains; preload",
        "Transfer-Encoding": "chunked",
        "Vary": "Accept-Encoding",
        "x-aml-cluster": "vienna-eastus2-02",
        "X-Content-Type-Options": "nosniff",
        "x-ms-response-type": "standard",
        "x-request-time": "1.240"
      },
      "ResponseBody": {
        "snapshotType": "LocalFiles",
        "id": "11cae085-c43d-493a-9e21-41d44dd6ed49",
        "root": {
          "name": "",
          "hash": null,
          "type": "Directory",
          "timestamp": "0001-01-01T00:00:00\u002B00:00",
          "sasUrl": null,
          "absoluteUrl": null,
          "sizeBytes": 0,
          "sizeSet": false,
          "children": {
            "train.py": {
              "name": "train.py",
              "hash": "A545E05472CC7269B38339EC81BA06C5",
              "type": "File",
              "timestamp": "0001-01-01T00:00:00\u002B00:00",
              "sasUrl": null,
              "absoluteUrl": null,
              "sizeBytes": 1455,
              "sizeSet": true,
              "children": {}
            }
          }
        },
        "tags": {},
        "properties": {
          "hash_sha256": "5b9f2894ca0da09aeae471a50949e49c4a0c3a64dc2ee4df146e30902222ac5c",
          "hash_version": "202208",
          "azureml.codeUri": "https://saveorz2izv2bas.blob.core.windows.net:443/2d1e66ae-8-056b2c23-03e3-5e92-9cb2-8672de29f4f1/train_src"
        },
        "description": null,
        "name": "f02ddb1b-bfc3-4987-940c-aae04e594f5b",
        "version": "1",
        "createdBy": {
          "userObjectId": "b3a957de-450c-4ca7-b2aa-88dd98c87fef",
          "userPuId": "10037FFEAD05DD5D",
          "userIdp": null,
          "userAltSecId": null,
          "userIss": "https://sts.windows.net/72f988bf-86f1-41af-91ab-2d7cd011db47/",
          "userTenantId": "72f988bf-86f1-41af-91ab-2d7cd011db47",
          "userName": "Diondra Peck",
          "upn": null
        },
        "createdTime": "2023-02-23T07:10:24.3909713\u002B00:00",
        "modifiedBy": {
          "userObjectId": "b3a957de-450c-4ca7-b2aa-88dd98c87fef",
          "userPuId": "10037FFEAD05DD5D",
          "userIdp": null,
          "userAltSecId": null,
          "userIss": "https://sts.windows.net/72f988bf-86f1-41af-91ab-2d7cd011db47/",
          "userTenantId": "72f988bf-86f1-41af-91ab-2d7cd011db47",
          "userName": "Diondra Peck",
          "upn": null
        },
        "modifiedTime": "2023-02-23T07:10:24.3909713\u002B00:00",
        "gitRepositoryCommit": null,
        "uri": "https://saveorz2izv2bas.blob.core.windows.net:443/2d1e66ae-8-056b2c23-03e3-5e92-9cb2-8672de29f4f1/train_src",
        "contentHash": "5b9f2894ca0da09aeae471a50949e49c4a0c3a64dc2ee4df146e30902222ac5c",
        "hashVersion": "202208",
        "provisioningState": "Succeeded"
      }
    },
    {
      "RequestUri": "https://eastus2.api.azureml.ms/content/v2.0/subscriptions/00000000-0000-0000-0000-000000000/resourceGroups/00000/providers/Microsoft.MachineLearningServices/workspaces/00000/snapshots/getByHash?hash=cc9785a8060d8d4dda77e9280e6842522a7f78804f91706eedfbd9a467703ecf\u0026hashVersion=202208",
      "RequestMethod": "GET",
      "RequestHeaders": {
        "Accept": "*/*",
        "Accept-Encoding": "gzip, deflate",
        "Connection": "keep-alive",
        "Content-Type": "application/json; charset=UTF-8",
        "User-Agent": "azure-ai-ml/1.5.0 azsdk-python-core/1.26.3 Python/3.7.9 (Windows-10-10.0.22621-SP0)"
      },
      "RequestBody": null,
      "StatusCode": 200,
      "ResponseHeaders": {
        "Connection": "keep-alive",
        "Content-Encoding": "gzip",
        "Content-Type": "application/json; charset=utf-8",
        "Date": "Thu, 23 Feb 2023 19:33:32 GMT",
        "Request-Context": "appId=cid-v1:2d2e8e63-272e-4b3c-8598-4ee570a0e70d",
        "Strict-Transport-Security": "max-age=15724800; includeSubDomains; preload",
        "Transfer-Encoding": "chunked",
        "Vary": "Accept-Encoding",
        "x-aml-cluster": "vienna-eastus2-02",
        "X-Content-Type-Options": "nosniff",
        "x-ms-response-type": "standard",
        "x-request-time": "0.560"
      },
      "ResponseBody": {
        "snapshotType": "LocalFiles",
        "id": "1be22acc-fb35-4481-976e-3db3b35cb1f2",
        "root": {
          "name": "",
          "hash": null,
          "type": "Directory",
          "timestamp": "0001-01-01T00:00:00\u002B00:00",
          "sasUrl": null,
          "absoluteUrl": null,
          "sizeBytes": 0,
          "sizeSet": false,
          "children": {
            "eval.py": {
              "name": "eval.py",
              "hash": "38B877ECE2942F565CC95D7B49144B5F",
              "type": "File",
              "timestamp": "0001-01-01T00:00:00\u002B00:00",
              "sasUrl": null,
              "absoluteUrl": null,
              "sizeBytes": 770,
              "sizeSet": true,
              "children": {}
            }
          }
        },
        "tags": {},
        "properties": {
          "hash_sha256": "cc9785a8060d8d4dda77e9280e6842522a7f78804f91706eedfbd9a467703ecf",
          "hash_version": "202208",
          "azureml.codeUri": "https://saveorz2izv2bas.blob.core.windows.net:443/2d1e66ae-8-b978f543-8eb0-51ed-a57b-353e708cac77/eval_src"
        },
        "description": null,
        "name": "b307ba96-f2d1-408b-b8fc-97de06543a37",
        "version": "1",
        "createdBy": {
          "userObjectId": "b3a957de-450c-4ca7-b2aa-88dd98c87fef",
          "userPuId": "10037FFEAD05DD5D",
          "userIdp": null,
          "userAltSecId": null,
          "userIss": "https://sts.windows.net/72f988bf-86f1-41af-91ab-2d7cd011db47/",
          "userTenantId": "72f988bf-86f1-41af-91ab-2d7cd011db47",
          "userName": "Diondra Peck",
          "upn": null
        },
        "createdTime": "2023-02-23T02:39:19.7819701\u002B00:00",
        "modifiedBy": {
          "userObjectId": "b3a957de-450c-4ca7-b2aa-88dd98c87fef",
          "userPuId": "10037FFEAD05DD5D",
          "userIdp": null,
          "userAltSecId": null,
          "userIss": "https://sts.windows.net/72f988bf-86f1-41af-91ab-2d7cd011db47/",
          "userTenantId": "72f988bf-86f1-41af-91ab-2d7cd011db47",
          "userName": "Diondra Peck",
          "upn": null
        },
        "modifiedTime": "2023-02-23T02:39:19.7819701\u002B00:00",
        "gitRepositoryCommit": null,
        "uri": "https://saveorz2izv2bas.blob.core.windows.net:443/2d1e66ae-8-b978f543-8eb0-51ed-a57b-353e708cac77/eval_src",
        "contentHash": "cc9785a8060d8d4dda77e9280e6842522a7f78804f91706eedfbd9a467703ecf",
        "hashVersion": "202208",
        "provisioningState": "Succeeded"
      }
    },
    {
      "RequestUri": "https://management.azure.com/subscriptions/00000000-0000-0000-0000-000000000/resourceGroups/00000/providers/Microsoft.MachineLearningServices/workspaces/00000/codes/655a9854-280d-4631-926a-ffd1856288c5/versions/1?api-version=2022-05-01",
      "RequestMethod": "GET",
      "RequestHeaders": {
        "Accept": "application/json",
        "Accept-Encoding": "gzip, deflate",
        "Connection": "keep-alive",
        "User-Agent": "azure-ai-ml/1.5.0 azsdk-python-mgmt-machinelearningservices/0.1.0 Python/3.7.9 (Windows-10-10.0.22621-SP0)"
      },
      "RequestBody": null,
      "StatusCode": 200,
      "ResponseHeaders": {
        "Cache-Control": "no-cache",
        "Content-Encoding": "gzip",
        "Content-Type": "application/json; charset=utf-8",
        "Date": "Thu, 23 Feb 2023 19:33:33 GMT",
        "Expires": "-1",
        "Pragma": "no-cache",
        "Request-Context": "appId=cid-v1:2d2e8e63-272e-4b3c-8598-4ee570a0e70d",
        "Server-Timing": "traceparent;desc=\u002200-8c0c29fed448e10a72ad60986fe48cf2-8ddf28eef77ce343-01\u0022",
        "Strict-Transport-Security": "max-age=31536000; includeSubDomains",
        "Transfer-Encoding": "chunked",
        "Vary": [
          "Accept-Encoding",
          "Accept-Encoding"
        ],
        "x-aml-cluster": "vienna-eastus2-02",
        "X-Content-Type-Options": "nosniff",
        "x-ms-correlation-request-id": "b6d87a7f-e7f1-4fb2-8d5f-d3716def9959",
        "x-ms-ratelimit-remaining-subscription-reads": "11998",
        "x-ms-response-type": "standard",
        "x-ms-routing-request-id": "WESTUS2:20230223T193334Z:b6d87a7f-e7f1-4fb2-8d5f-d3716def9959",
        "x-request-time": "0.248"
      },
      "ResponseBody": {
        "id": "/subscriptions/00000000-0000-0000-0000-000000000/resourceGroups/00000/providers/Microsoft.MachineLearningServices/workspaces/00000/codes/655a9854-280d-4631-926a-ffd1856288c5/versions/1",
        "name": "1",
        "type": "Microsoft.MachineLearningServices/workspaces/codes/versions",
        "properties": {
          "description": null,
          "tags": {},
          "properties": {
            "hash_sha256": "0000000000000",
            "hash_version": "0000000000000"
          },
          "isArchived": false,
          "isAnonymous": false,
          "codeUri": "https://saveorz2izv2bas.blob.core.windows.net:443/2d1e66ae-8-0edb0d19-8fe9-5280-ad2f-3c2f41975cb9/score_src"
        },
        "systemData": {
          "createdAt": "2023-02-23T02:39:19.4815476\u002B00:00",
          "createdBy": "Diondra Peck",
          "createdByType": "User",
          "lastModifiedAt": "2023-02-23T02:39:19.4815476\u002B00:00",
          "lastModifiedBy": "Diondra Peck",
          "lastModifiedByType": "User"
        }
      }
    },
    {
      "RequestUri": "https://management.azure.com/subscriptions/00000000-0000-0000-0000-000000000/resourceGroups/00000/providers/Microsoft.MachineLearningServices/workspaces/00000/codes/f02ddb1b-bfc3-4987-940c-aae04e594f5b/versions/1?api-version=2022-05-01",
      "RequestMethod": "GET",
      "RequestHeaders": {
        "Accept": "application/json",
        "Accept-Encoding": "gzip, deflate",
        "Connection": "keep-alive",
        "User-Agent": "azure-ai-ml/1.5.0 azsdk-python-mgmt-machinelearningservices/0.1.0 Python/3.7.9 (Windows-10-10.0.22621-SP0)"
      },
      "RequestBody": null,
      "StatusCode": 200,
      "ResponseHeaders": {
        "Cache-Control": "no-cache",
        "Content-Encoding": "gzip",
        "Content-Type": "application/json; charset=utf-8",
        "Date": "Thu, 23 Feb 2023 19:33:33 GMT",
        "Expires": "-1",
        "Pragma": "no-cache",
        "Request-Context": "appId=cid-v1:2d2e8e63-272e-4b3c-8598-4ee570a0e70d",
        "Server-Timing": "traceparent;desc=\u002200-2d070f69247b686538e45999948749cf-2b2106faa41e5566-01\u0022",
        "Strict-Transport-Security": "max-age=31536000; includeSubDomains",
        "Transfer-Encoding": "chunked",
        "Vary": [
          "Accept-Encoding",
          "Accept-Encoding"
        ],
        "x-aml-cluster": "vienna-eastus2-02",
        "X-Content-Type-Options": "nosniff",
        "x-ms-correlation-request-id": "a77b5d6c-8a0d-4553-a818-d27921bba09c",
        "x-ms-ratelimit-remaining-subscription-reads": "11992",
        "x-ms-response-type": "standard",
        "x-ms-routing-request-id": "WESTUS2:20230223T193334Z:a77b5d6c-8a0d-4553-a818-d27921bba09c",
        "x-request-time": "0.154"
      },
      "ResponseBody": {
        "id": "/subscriptions/00000000-0000-0000-0000-000000000/resourceGroups/00000/providers/Microsoft.MachineLearningServices/workspaces/00000/codes/f02ddb1b-bfc3-4987-940c-aae04e594f5b/versions/1",
        "name": "1",
        "type": "Microsoft.MachineLearningServices/workspaces/codes/versions",
        "properties": {
          "description": null,
          "tags": {},
          "properties": {
            "hash_sha256": "0000000000000",
            "hash_version": "0000000000000"
          },
          "isArchived": false,
          "isAnonymous": false,
          "codeUri": "https://saveorz2izv2bas.blob.core.windows.net:443/2d1e66ae-8-056b2c23-03e3-5e92-9cb2-8672de29f4f1/train_src"
        },
        "systemData": {
          "createdAt": "2023-02-23T07:10:24.3909713\u002B00:00",
          "createdBy": "Diondra Peck",
          "createdByType": "User",
          "lastModifiedAt": "2023-02-23T07:10:24.3909713\u002B00:00",
          "lastModifiedBy": "Diondra Peck",
          "lastModifiedByType": "User"
        }
      }
    },
    {
      "RequestUri": "https://management.azure.com/subscriptions/00000000-0000-0000-0000-000000000/resourceGroups/00000/providers/Microsoft.MachineLearningServices/workspaces/00000/codes/b307ba96-f2d1-408b-b8fc-97de06543a37/versions/1?api-version=2022-05-01",
      "RequestMethod": "GET",
      "RequestHeaders": {
        "Accept": "application/json",
        "Accept-Encoding": "gzip, deflate",
        "Connection": "keep-alive",
        "User-Agent": "azure-ai-ml/1.5.0 azsdk-python-mgmt-machinelearningservices/0.1.0 Python/3.7.9 (Windows-10-10.0.22621-SP0)"
      },
      "RequestBody": null,
      "StatusCode": 200,
      "ResponseHeaders": {
        "Cache-Control": "no-cache",
        "Content-Encoding": "gzip",
        "Content-Type": "application/json; charset=utf-8",
        "Date": "Thu, 23 Feb 2023 19:33:35 GMT",
        "Expires": "-1",
        "Pragma": "no-cache",
        "Request-Context": "appId=cid-v1:2d2e8e63-272e-4b3c-8598-4ee570a0e70d",
        "Server-Timing": "traceparent;desc=\u002200-2589efdfedff551cc0c19803b95e686f-6295d4c4eefb8585-01\u0022",
        "Strict-Transport-Security": "max-age=31536000; includeSubDomains",
        "Transfer-Encoding": "chunked",
        "Vary": [
          "Accept-Encoding",
          "Accept-Encoding"
        ],
        "x-aml-cluster": "vienna-eastus2-02",
        "X-Content-Type-Options": "nosniff",
        "x-ms-correlation-request-id": "332fa054-c8ab-447e-a2d8-b7db5c1d66cd",
        "x-ms-ratelimit-remaining-subscription-reads": "11998",
        "x-ms-response-type": "standard",
        "x-ms-routing-request-id": "WESTUS2:20230223T193335Z:332fa054-c8ab-447e-a2d8-b7db5c1d66cd",
        "x-request-time": "0.203"
      },
      "ResponseBody": {
        "id": "/subscriptions/00000000-0000-0000-0000-000000000/resourceGroups/00000/providers/Microsoft.MachineLearningServices/workspaces/00000/codes/b307ba96-f2d1-408b-b8fc-97de06543a37/versions/1",
        "name": "1",
        "type": "Microsoft.MachineLearningServices/workspaces/codes/versions",
        "properties": {
          "description": null,
          "tags": {},
          "properties": {
            "hash_sha256": "0000000000000",
            "hash_version": "0000000000000"
          },
          "isArchived": false,
          "isAnonymous": false,
          "codeUri": "https://saveorz2izv2bas.blob.core.windows.net:443/2d1e66ae-8-b978f543-8eb0-51ed-a57b-353e708cac77/eval_src"
        },
        "systemData": {
          "createdAt": "2023-02-23T02:39:19.7819701\u002B00:00",
          "createdBy": "Diondra Peck",
          "createdByType": "User",
          "lastModifiedAt": "2023-02-23T02:39:19.7819701\u002B00:00",
          "lastModifiedBy": "Diondra Peck",
          "lastModifiedByType": "User"
        }
      }
    },
    {
      "RequestUri": "https://management.azure.com/subscriptions/00000000-0000-0000-0000-000000000/resourceGroups/00000/providers/Microsoft.MachineLearningServices/workspaces/00000/components/azureml_anonymous/versions/bf366c86-6144-4503-3820-090349e6cc79?api-version=2022-10-01",
      "RequestMethod": "PUT",
      "RequestHeaders": {
        "Accept": "application/json",
        "Accept-Encoding": "gzip, deflate",
        "Connection": "keep-alive",
        "Content-Length": "1030",
        "Content-Type": "application/json",
        "User-Agent": "azure-ai-ml/1.5.0 azsdk-python-mgmt-machinelearningservices/0.1.0 Python/3.7.9 (Windows-10-10.0.22621-SP0)"
      },
      "RequestBody": {
        "properties": {
          "properties": {},
          "tags": {},
          "isAnonymous": true,
          "isArchived": false,
          "componentSpec": {
            "command": "python train.py --training_data ${{inputs.training_data}} --max_epocs ${{inputs.max_epocs}} --learning_rate ${{inputs.learning_rate}} --learning_rate_schedule ${{inputs.learning_rate_schedule}} --model_output ${{outputs.model_output}}",
            "code": "azureml:/subscriptions/00000000-0000-0000-0000-000000000/resourceGroups/00000/providers/Microsoft.MachineLearningServices/workspaces/00000/codes/f02ddb1b-bfc3-4987-940c-aae04e594f5b/versions/1",
            "environment": "azureml:AzureML-sklearn-1.0-ubuntu20.04-py38-cpu:33",
            "name": "train",
            "version": "10",
            "display_name": "Train",
            "is_deterministic": true,
            "inputs": {
              "training_data": {
                "type": "uri_folder"
              },
              "max_epocs": {
                "type": "integer"
              },
              "learning_rate": {
                "type": "number",
                "default": "0.01"
              },
              "learning_rate_schedule": {
                "type": "string",
                "default": "time-based"
              }
            },
            "outputs": {
              "model_output": {
                "type": "uri_folder"
              }
            },
            "type": "command",
            "_source": "YAML.COMPONENT"
          }
        }
      },
      "StatusCode": 201,
      "ResponseHeaders": {
        "Cache-Control": "no-cache",
        "Content-Length": "2227",
        "Content-Type": "application/json; charset=utf-8",
        "Date": "Thu, 23 Feb 2023 19:33:38 GMT",
        "Expires": "-1",
        "Location": "https://management.azure.com/subscriptions/00000000-0000-0000-0000-000000000/resourceGroups/00000/providers/Microsoft.MachineLearningServices/workspaces/00000/components/azureml_anonymous/versions/bf366c86-6144-4503-3820-090349e6cc79?api-version=2022-10-01",
        "Pragma": "no-cache",
        "Request-Context": "appId=cid-v1:2d2e8e63-272e-4b3c-8598-4ee570a0e70d",
        "Server-Timing": "traceparent;desc=\u002200-47b8ba5884a001f330995a8df2790b6d-63c3e3fba0e6cfee-01\u0022",
        "Strict-Transport-Security": "max-age=31536000; includeSubDomains",
        "x-aml-cluster": "vienna-eastus2-02",
        "X-Content-Type-Options": "nosniff",
        "x-ms-correlation-request-id": "f7c9f70d-287b-48b2-a5f0-5efef8141049",
        "x-ms-ratelimit-remaining-subscription-writes": "1199",
        "x-ms-response-type": "standard",
        "x-ms-routing-request-id": "WESTUS2:20230223T193338Z:f7c9f70d-287b-48b2-a5f0-5efef8141049",
        "x-request-time": "2.926"
      },
      "ResponseBody": {
        "id": "/subscriptions/00000000-0000-0000-0000-000000000/resourceGroups/00000/providers/Microsoft.MachineLearningServices/workspaces/00000/components/azureml_anonymous/versions/ae26ade4-db79-46ee-ab85-303f3b27293b",
        "name": "ae26ade4-db79-46ee-ab85-303f3b27293b",
        "type": "Microsoft.MachineLearningServices/workspaces/components/versions",
        "properties": {
          "description": null,
          "tags": {},
          "properties": {},
          "isArchived": false,
          "isAnonymous": true,
          "componentSpec": {
            "name": "train",
            "version": "10",
            "display_name": "Train",
            "is_deterministic": "True",
            "type": "command",
            "inputs": {
              "training_data": {
                "type": "uri_folder",
                "optional": "False"
              },
              "max_epocs": {
                "type": "integer",
                "optional": "False"
              },
              "learning_rate": {
                "type": "number",
                "optional": "False",
                "default": "0.01"
              },
              "learning_rate_schedule": {
                "type": "string",
                "optional": "False",
                "default": "time-based"
              }
            },
            "outputs": {
              "model_output": {
                "type": "uri_folder"
              }
            },
            "code": "azureml:/subscriptions/00000000-0000-0000-0000-000000000/resourceGroups/00000/providers/Microsoft.MachineLearningServices/workspaces/00000/codes/f02ddb1b-bfc3-4987-940c-aae04e594f5b/versions/1",
            "environment": "azureml://registries/azureml/environments/AzureML-sklearn-1.0-ubuntu20.04-py38-cpu/versions/33",
            "resources": {
              "instance_count": "1"
            },
            "command": "python train.py --training_data ${{inputs.training_data}} --max_epocs ${{inputs.max_epocs}} --learning_rate ${{inputs.learning_rate}} --learning_rate_schedule ${{inputs.learning_rate_schedule}} --model_output ${{outputs.model_output}}",
            "$schema": "https://componentsdk.azureedge.net/jsonschema/CommandComponent.json"
          }
        },
        "systemData": {
          "createdAt": "2023-02-23T19:33:38.0829355\u002B00:00",
          "createdBy": "Diondra Peck",
          "createdByType": "User",
          "lastModifiedAt": "2023-02-23T19:33:38.0829355\u002B00:00",
          "lastModifiedBy": "Diondra Peck",
          "lastModifiedByType": "User"
        }
      }
    },
    {
      "RequestUri": "https://management.azure.com/subscriptions/00000000-0000-0000-0000-000000000/resourceGroups/00000/providers/Microsoft.MachineLearningServices/workspaces/00000/components/azureml_anonymous/versions/dcb9eda1-7ea4-7949-f016-5453950004e9?api-version=2022-10-01",
      "RequestMethod": "PUT",
      "RequestHeaders": {
        "Accept": "application/json",
        "Accept-Encoding": "gzip, deflate",
        "Connection": "keep-alive",
        "Content-Length": "798",
        "Content-Type": "application/json",
        "User-Agent": "azure-ai-ml/1.5.0 azsdk-python-mgmt-machinelearningservices/0.1.0 Python/3.7.9 (Windows-10-10.0.22621-SP0)"
      },
      "RequestBody": {
        "properties": {
          "properties": {},
          "tags": {},
          "isAnonymous": true,
          "isArchived": false,
          "componentSpec": {
            "command": "python score.py --model_input ${{inputs.model_input}} --test_data ${{inputs.test_data}} --score_output ${{outputs.score_output}}",
            "code": "azureml:/subscriptions/00000000-0000-0000-0000-000000000/resourceGroups/00000/providers/Microsoft.MachineLearningServices/workspaces/00000/codes/655a9854-280d-4631-926a-ffd1856288c5/versions/1",
            "environment": "azureml:AzureML-sklearn-1.0-ubuntu20.04-py38-cpu:33",
            "name": "score",
            "version": "10",
            "display_name": "Score",
            "is_deterministic": true,
            "inputs": {
              "model_input": {
                "type": "uri_folder"
              },
              "test_data": {
                "type": "uri_folder"
              }
            },
            "outputs": {
              "score_output": {
                "type": "uri_folder"
              }
            },
            "type": "command",
            "_source": "YAML.COMPONENT"
          }
        }
      },
      "StatusCode": 201,
      "ResponseHeaders": {
        "Cache-Control": "no-cache",
        "Content-Length": "1857",
        "Content-Type": "application/json; charset=utf-8",
        "Date": "Thu, 23 Feb 2023 19:33:37 GMT",
        "Expires": "-1",
        "Location": "https://management.azure.com/subscriptions/00000000-0000-0000-0000-000000000/resourceGroups/00000/providers/Microsoft.MachineLearningServices/workspaces/00000/components/azureml_anonymous/versions/dcb9eda1-7ea4-7949-f016-5453950004e9?api-version=2022-10-01",
        "Pragma": "no-cache",
        "Request-Context": "appId=cid-v1:2d2e8e63-272e-4b3c-8598-4ee570a0e70d",
        "Server-Timing": "traceparent;desc=\u002200-d889b8392389615c22083eb1491770aa-0d2f2f4f50b0d359-01\u0022",
        "Strict-Transport-Security": "max-age=31536000; includeSubDomains",
        "x-aml-cluster": "vienna-eastus2-02",
        "X-Content-Type-Options": "nosniff",
        "x-ms-correlation-request-id": "13cfb974-7bea-4a03-95f8-1da2cad5fb32",
        "x-ms-ratelimit-remaining-subscription-writes": "1199",
        "x-ms-response-type": "standard",
        "x-ms-routing-request-id": "WESTUS2:20230223T193338Z:13cfb974-7bea-4a03-95f8-1da2cad5fb32",
        "x-request-time": "3.580"
      },
      "ResponseBody": {
        "id": "/subscriptions/00000000-0000-0000-0000-000000000/resourceGroups/00000/providers/Microsoft.MachineLearningServices/workspaces/00000/components/azureml_anonymous/versions/2e94875d-96f5-4563-820b-895f291ad747",
        "name": "2e94875d-96f5-4563-820b-895f291ad747",
        "type": "Microsoft.MachineLearningServices/workspaces/components/versions",
        "properties": {
          "description": null,
          "tags": {},
          "properties": {},
          "isArchived": false,
          "isAnonymous": true,
          "componentSpec": {
            "name": "score",
            "version": "10",
            "display_name": "Score",
            "is_deterministic": "True",
            "type": "command",
            "inputs": {
              "model_input": {
                "type": "uri_folder",
                "optional": "False"
              },
              "test_data": {
                "type": "uri_folder",
                "optional": "False"
              }
            },
            "outputs": {
              "score_output": {
                "type": "uri_folder"
              }
            },
            "code": "azureml:/subscriptions/00000000-0000-0000-0000-000000000/resourceGroups/00000/providers/Microsoft.MachineLearningServices/workspaces/00000/codes/655a9854-280d-4631-926a-ffd1856288c5/versions/1",
            "environment": "azureml://registries/azureml/environments/AzureML-sklearn-1.0-ubuntu20.04-py38-cpu/versions/33",
            "resources": {
              "instance_count": "1"
            },
            "command": "python score.py --model_input ${{inputs.model_input}} --test_data ${{inputs.test_data}} --score_output ${{outputs.score_output}}",
            "$schema": "https://componentsdk.azureedge.net/jsonschema/CommandComponent.json"
          }
        },
        "systemData": {
          "createdAt": "2023-02-23T19:33:38.4002896\u002B00:00",
          "createdBy": "Diondra Peck",
          "createdByType": "User",
          "lastModifiedAt": "2023-02-23T19:33:38.4002896\u002B00:00",
          "lastModifiedBy": "Diondra Peck",
          "lastModifiedByType": "User"
        }
      }
    },
    {
      "RequestUri": "https://management.azure.com/subscriptions/00000000-0000-0000-0000-000000000/resourceGroups/00000/providers/Microsoft.MachineLearningServices/workspaces/00000/components/azureml_anonymous/versions/1060056c-25da-9e28-ab2f-7ec753d66dbb?api-version=2022-10-01",
      "RequestMethod": "PUT",
      "RequestHeaders": {
        "Accept": "application/json",
        "Accept-Encoding": "gzip, deflate",
        "Connection": "keep-alive",
        "Content-Length": "730",
        "Content-Type": "application/json",
        "User-Agent": "azure-ai-ml/1.5.0 azsdk-python-mgmt-machinelearningservices/0.1.0 Python/3.7.9 (Windows-10-10.0.22621-SP0)"
      },
      "RequestBody": {
        "properties": {
          "properties": {},
          "tags": {},
          "isAnonymous": true,
          "isArchived": false,
          "componentSpec": {
            "command": "python eval.py --scoring_result ${{inputs.scoring_result}} --eval_output ${{outputs.eval_output}}",
            "code": "azureml:/subscriptions/00000000-0000-0000-0000-000000000/resourceGroups/00000/providers/Microsoft.MachineLearningServices/workspaces/00000/codes/b307ba96-f2d1-408b-b8fc-97de06543a37/versions/1",
            "environment": "azureml:AzureML-sklearn-1.0-ubuntu20.04-py38-cpu:33",
            "name": "eval",
            "version": "10",
            "display_name": "Eval",
            "is_deterministic": true,
            "inputs": {
              "scoring_result": {
                "type": "uri_folder"
              }
            },
            "outputs": {
              "eval_output": {
                "type": "uri_folder"
              }
            },
            "type": "command",
            "_source": "YAML.COMPONENT"
          }
        }
      },
      "StatusCode": 201,
      "ResponseHeaders": {
        "Cache-Control": "no-cache",
        "Content-Length": "1730",
        "Content-Type": "application/json; charset=utf-8",
        "Date": "Thu, 23 Feb 2023 19:33:38 GMT",
        "Expires": "-1",
        "Location": "https://management.azure.com/subscriptions/00000000-0000-0000-0000-000000000/resourceGroups/00000/providers/Microsoft.MachineLearningServices/workspaces/00000/components/azureml_anonymous/versions/1060056c-25da-9e28-ab2f-7ec753d66dbb?api-version=2022-10-01",
        "Pragma": "no-cache",
        "Request-Context": "appId=cid-v1:2d2e8e63-272e-4b3c-8598-4ee570a0e70d",
        "Server-Timing": "traceparent;desc=\u002200-34e5e8c52d07c4dda289e3c886fb74b2-403d1aa4d76dc533-01\u0022",
        "Strict-Transport-Security": "max-age=31536000; includeSubDomains",
        "x-aml-cluster": "vienna-eastus2-02",
        "X-Content-Type-Options": "nosniff",
        "x-ms-correlation-request-id": "698c674b-223b-46d9-a56e-6f7eeea0835d",
        "x-ms-ratelimit-remaining-subscription-writes": "1199",
        "x-ms-response-type": "standard",
        "x-ms-routing-request-id": "WESTUS2:20230223T193338Z:698c674b-223b-46d9-a56e-6f7eeea0835d",
        "x-request-time": "2.900"
      },
      "ResponseBody": {
        "id": "/subscriptions/00000000-0000-0000-0000-000000000/resourceGroups/00000/providers/Microsoft.MachineLearningServices/workspaces/00000/components/azureml_anonymous/versions/1ca52d75-3a90-468b-9ccc-1a89539bc519",
        "name": "1ca52d75-3a90-468b-9ccc-1a89539bc519",
        "type": "Microsoft.MachineLearningServices/workspaces/components/versions",
        "properties": {
          "description": null,
          "tags": {},
          "properties": {},
          "isArchived": false,
          "isAnonymous": true,
          "componentSpec": {
            "name": "eval",
            "version": "10",
            "display_name": "Eval",
            "is_deterministic": "True",
            "type": "command",
            "inputs": {
              "scoring_result": {
                "type": "uri_folder",
                "optional": "False"
              }
            },
            "outputs": {
              "eval_output": {
                "type": "uri_folder"
              }
            },
            "code": "azureml:/subscriptions/00000000-0000-0000-0000-000000000/resourceGroups/00000/providers/Microsoft.MachineLearningServices/workspaces/00000/codes/b307ba96-f2d1-408b-b8fc-97de06543a37/versions/1",
            "environment": "azureml://registries/azureml/environments/AzureML-sklearn-1.0-ubuntu20.04-py38-cpu/versions/33",
            "resources": {
              "instance_count": "1"
            },
            "command": "python eval.py --scoring_result ${{inputs.scoring_result}} --eval_output ${{outputs.eval_output}}",
            "$schema": "https://componentsdk.azureedge.net/jsonschema/CommandComponent.json"
          }
        },
        "systemData": {
          "createdAt": "2023-02-23T19:33:38.5357513\u002B00:00",
          "createdBy": "Diondra Peck",
          "createdByType": "User",
          "lastModifiedAt": "2023-02-23T19:33:38.5357513\u002B00:00",
          "lastModifiedBy": "Diondra Peck",
          "lastModifiedByType": "User"
        }
      }
    },
    {
      "RequestUri": "https://management.azure.com/subscriptions/00000000-0000-0000-0000-000000000/resourceGroups/00000/providers/Microsoft.MachineLearningServices/workspaces/00000/datastores/workspaceblobstore?api-version=2022-10-01",
      "RequestMethod": "GET",
      "RequestHeaders": {
        "Accept": "application/json",
        "Accept-Encoding": "gzip, deflate",
        "Connection": "keep-alive",
        "User-Agent": "azure-ai-ml/1.5.0 azsdk-python-mgmt-machinelearningservices/0.1.0 Python/3.7.9 (Windows-10-10.0.22621-SP0)"
      },
      "RequestBody": null,
      "StatusCode": 200,
      "ResponseHeaders": {
        "Cache-Control": "no-cache",
        "Content-Encoding": "gzip",
        "Content-Type": "application/json; charset=utf-8",
        "Date": "Thu, 23 Feb 2023 19:33:38 GMT",
        "Expires": "-1",
        "Pragma": "no-cache",
        "Request-Context": "appId=cid-v1:2d2e8e63-272e-4b3c-8598-4ee570a0e70d",
        "Server-Timing": "traceparent;desc=\u002200-b513c3978fd3ec511f5838159459d43e-20f4107f16538509-01\u0022",
        "Strict-Transport-Security": "max-age=31536000; includeSubDomains",
        "Transfer-Encoding": "chunked",
        "Vary": [
          "Accept-Encoding",
          "Accept-Encoding"
        ],
        "x-aml-cluster": "vienna-eastus2-02",
        "X-Content-Type-Options": "nosniff",
        "x-ms-correlation-request-id": "b06dc0cc-3046-4585-9cbc-ae321ea7fe45",
        "x-ms-ratelimit-remaining-subscription-reads": "11997",
        "x-ms-response-type": "standard",
        "x-ms-routing-request-id": "WESTUS2:20230223T193339Z:b06dc0cc-3046-4585-9cbc-ae321ea7fe45",
        "x-request-time": "0.156"
      },
      "ResponseBody": {
        "id": "/subscriptions/00000000-0000-0000-0000-000000000/resourceGroups/00000/providers/Microsoft.MachineLearningServices/workspaces/00000/datastores/workspaceblobstore",
        "name": "workspaceblobstore",
        "type": "Microsoft.MachineLearningServices/workspaces/datastores",
        "properties": {
          "description": null,
          "tags": null,
          "properties": null,
          "isDefault": true,
          "credentials": {
            "credentialsType": "AccountKey"
          },
          "datastoreType": "AzureBlob",
          "accountName": "saveorz2izv2bas",
          "containerName": "azureml-blobstore-2d1e66ae-85e3-42c0-be91-34de66397f26",
          "endpoint": "core.windows.net",
          "protocol": "https",
          "serviceDataAccessAuthIdentity": "WorkspaceSystemAssignedIdentity"
        },
        "systemData": {
          "createdAt": "2023-02-23T02:09:20.7946807\u002B00:00",
          "createdBy": "779301c0-18b2-4cdc-801b-a0a3368fee0a",
          "createdByType": "Application",
          "lastModifiedAt": "2023-02-23T02:09:21.4547132\u002B00:00",
          "lastModifiedBy": "779301c0-18b2-4cdc-801b-a0a3368fee0a",
          "lastModifiedByType": "Application"
        }
      }
    },
    {
      "RequestUri": "https://management.azure.com/subscriptions/00000000-0000-0000-0000-000000000/resourceGroups/00000/providers/Microsoft.MachineLearningServices/workspaces/00000/datastores/workspaceblobstore/listSecrets?api-version=2022-10-01",
      "RequestMethod": "POST",
      "RequestHeaders": {
        "Accept": "application/json",
        "Accept-Encoding": "gzip, deflate",
        "Connection": "keep-alive",
        "Content-Length": "0",
        "User-Agent": "azure-ai-ml/1.5.0 azsdk-python-mgmt-machinelearningservices/0.1.0 Python/3.7.9 (Windows-10-10.0.22621-SP0)"
      },
      "RequestBody": null,
      "StatusCode": 200,
      "ResponseHeaders": {
        "Cache-Control": "no-cache",
        "Content-Encoding": "gzip",
        "Content-Type": "application/json; charset=utf-8",
        "Date": "Thu, 23 Feb 2023 19:33:39 GMT",
        "Expires": "-1",
        "Pragma": "no-cache",
        "Request-Context": "appId=cid-v1:2d2e8e63-272e-4b3c-8598-4ee570a0e70d",
        "Server-Timing": "traceparent;desc=\u002200-d0e0f754edb09819fc5c7648e2ab4cd0-b0edf91c5ff2c0ae-01\u0022",
        "Strict-Transport-Security": "max-age=31536000; includeSubDomains",
        "Transfer-Encoding": "chunked",
        "Vary": "Accept-Encoding",
        "x-aml-cluster": "vienna-eastus2-02",
        "X-Content-Type-Options": "nosniff",
        "x-ms-correlation-request-id": "f087bf07-9485-4f33-9abe-567cad68609c",
        "x-ms-ratelimit-remaining-subscription-writes": "1199",
        "x-ms-response-type": "standard",
        "x-ms-routing-request-id": "WESTUS2:20230223T193339Z:f087bf07-9485-4f33-9abe-567cad68609c",
        "x-request-time": "0.112"
      },
      "ResponseBody": {
        "secretsType": "AccountKey",
        "key": "dGhpcyBpcyBmYWtlIGtleQ=="
      }
    },
    {
      "RequestUri": "https://saveorz2izv2bas.blob.core.windows.net/azureml-blobstore-2d1e66ae-85e3-42c0-be91-34de66397f26/LocalUpload/00000000000000000000000000000000/data/sample1.csv",
      "RequestMethod": "HEAD",
      "RequestHeaders": {
        "Accept": "application/xml",
        "Accept-Encoding": "gzip, deflate",
        "Connection": "keep-alive",
        "User-Agent": "azsdk-python-storage-blob/12.14.1 Python/3.7.9 (Windows-10-10.0.22621-SP0)",
        "x-ms-date": "Thu, 23 Feb 2023 19:33:39 GMT",
        "x-ms-version": "2021-08-06"
      },
      "RequestBody": null,
      "StatusCode": 200,
      "ResponseHeaders": {
        "Accept-Ranges": "bytes",
        "Content-Length": "499",
        "Content-MD5": "kD7N5\u002BygjTfbYTFhyEo7RA==",
        "Content-Type": "application/octet-stream",
        "Date": "Thu, 23 Feb 2023 19:33:39 GMT",
        "ETag": "\u00220x8DB15444E15BC78\u0022",
        "Last-Modified": "Thu, 23 Feb 2023 02:18:51 GMT",
        "Server": [
          "Windows-Azure-Blob/1.0",
          "Microsoft-HTTPAPI/2.0"
        ],
        "Vary": "Origin",
        "x-ms-access-tier": "Hot",
        "x-ms-access-tier-inferred": "true",
        "x-ms-blob-type": "BlockBlob",
        "x-ms-creation-time": "Thu, 23 Feb 2023 02:18:51 GMT",
        "x-ms-lease-state": "available",
        "x-ms-lease-status": "unlocked",
        "x-ms-meta-name": "474b2deb-5552-44f0-b87f-df067fbfad5e",
        "x-ms-meta-upload_status": "completed",
        "x-ms-meta-version": "c60c640b-115d-4627-97bb-c73afe107525",
        "x-ms-server-encrypted": "true",
        "x-ms-version": "2021-08-06"
      },
      "ResponseBody": null
    },
    {
      "RequestUri": "https://saveorz2izv2bas.blob.core.windows.net/azureml-blobstore-2d1e66ae-85e3-42c0-be91-34de66397f26/az-ml-artifacts/00000000000000000000000000000000/data/sample1.csv",
      "RequestMethod": "HEAD",
      "RequestHeaders": {
        "Accept": "application/xml",
        "Accept-Encoding": "gzip, deflate",
        "Connection": "keep-alive",
        "User-Agent": "azsdk-python-storage-blob/12.14.1 Python/3.7.9 (Windows-10-10.0.22621-SP0)",
        "x-ms-date": "Thu, 23 Feb 2023 19:33:39 GMT",
        "x-ms-version": "2021-08-06"
      },
      "RequestBody": null,
      "StatusCode": 404,
      "ResponseHeaders": {
        "Date": "Thu, 23 Feb 2023 19:33:39 GMT",
        "Server": [
          "Windows-Azure-Blob/1.0",
          "Microsoft-HTTPAPI/2.0"
        ],
        "Transfer-Encoding": "chunked",
        "Vary": "Origin",
        "x-ms-error-code": "BlobNotFound",
        "x-ms-version": "2021-08-06"
      },
      "ResponseBody": null
    },
    {
      "RequestUri": "https://management.azure.com/subscriptions/00000000-0000-0000-0000-000000000/resourceGroups/00000/providers/Microsoft.MachineLearningServices/workspaces/00000/jobs/000000000000000000000?api-version=2022-12-01-preview",
      "RequestMethod": "PUT",
      "RequestHeaders": {
        "Accept": "application/json",
        "Accept-Encoding": "gzip, deflate",
        "Connection": "keep-alive",
        "Content-Length": "3636",
        "Content-Type": "application/json",
        "User-Agent": "azure-ai-ml/1.5.0 azsdk-python-mgmt-machinelearningservices/0.1.0 Python/3.7.9 (Windows-10-10.0.22621-SP0)"
      },
      "RequestBody": {
        "properties": {
          "description": "Dummy train-score-eval pipeline with local components",
          "properties": {},
          "tags": {},
          "computeId": "/subscriptions/00000000-0000-0000-0000-000000000/resourceGroups/00000/providers/Microsoft.MachineLearningServices/workspaces/00000/computes/cpu-cluster",
          "displayName": "e2e_local_components",
          "experimentName": "azure-ai-ml",
          "isArchived": false,
          "jobType": "Pipeline",
          "inputs": {
            "pipeline_job_training_input": {
              "uri": "azureml://datastores/workspaceblobstore/paths/LocalUpload/00000000000000000000000000000000/data/",
              "jobInputType": "uri_folder"
            },
            "pipeline_job_training_max_epocs": {
              "jobInputType": "literal",
              "value": "20"
            },
            "pipeline_job_training_learning_rate": {
              "jobInputType": "literal",
              "value": "1.8"
            },
            "pipeline_job_learning_rate_schedule": {
              "jobInputType": "literal",
              "value": "time-based"
            }
          },
          "jobs": {
            "train_job": {
              "name": "train_job",
              "type": "command",
              "computeId": "/subscriptions/00000000-0000-0000-0000-000000000/resourceGroups/00000/providers/Microsoft.MachineLearningServices/workspaces/00000/computes/cpu-cluster",
              "inputs": {
                "training_data": {
                  "job_input_type": "literal",
                  "value": "${{parent.inputs.pipeline_job_training_input}}"
                },
                "max_epocs": {
                  "job_input_type": "literal",
                  "value": "${{parent.inputs.pipeline_job_training_max_epocs}}"
                },
                "learning_rate": {
                  "job_input_type": "literal",
                  "value": "${{parent.inputs.pipeline_job_training_learning_rate}}"
                },
                "learning_rate_schedule": {
                  "job_input_type": "literal",
                  "value": "${{parent.inputs.pipeline_job_learning_rate_schedule}}"
                }
              },
              "outputs": {
                "model_output": {
                  "value": "${{parent.outputs.pipeline_job_trained_model}}",
                  "type": "literal"
                }
              },
              "_source": "YAML.COMPONENT",
              "componentId": "/subscriptions/00000000-0000-0000-0000-000000000/resourceGroups/00000/providers/Microsoft.MachineLearningServices/workspaces/00000/components/azureml_anonymous/versions/ae26ade4-db79-46ee-ab85-303f3b27293b"
            },
            "score_job": {
              "name": "score_job",
              "type": "command",
              "computeId": "/subscriptions/00000000-0000-0000-0000-000000000/resourceGroups/00000/providers/Microsoft.MachineLearningServices/workspaces/00000/computes/cpu-cluster",
              "inputs": {
                "model_input": {
                  "job_input_type": "literal",
                  "value": "${{parent.jobs.train_job.outputs.model_output}}"
                },
                "test_data": {
                  "uri": "azureml://datastores/workspaceblobstore/paths/LocalUpload/00000000000000000000000000000000/data/",
                  "job_input_type": "uri_folder"
                }
              },
              "outputs": {
                "score_output": {
                  "mode": "Upload",
                  "job_output_type": "uri_folder"
                }
              },
              "_source": "YAML.COMPONENT",
              "componentId": "/subscriptions/00000000-0000-0000-0000-000000000/resourceGroups/00000/providers/Microsoft.MachineLearningServices/workspaces/00000/components/azureml_anonymous/versions/2e94875d-96f5-4563-820b-895f291ad747"
            },
            "evaluate_job": {
              "name": "evaluate_job",
              "type": "command",
              "computeId": "/subscriptions/00000000-0000-0000-0000-000000000/resourceGroups/00000/providers/Microsoft.MachineLearningServices/workspaces/00000/computes/cpu-cluster",
              "inputs": {
                "scoring_result": {
                  "job_input_type": "literal",
                  "value": "${{parent.jobs.score_job.outputs.score_output}}"
                }
              },
              "outputs": {
                "eval_output": {
                  "value": "${{parent.outputs.pipeline_job_evaluation_report}}",
                  "type": "literal"
                }
              },
              "_source": "YAML.COMPONENT",
              "componentId": "/subscriptions/00000000-0000-0000-0000-000000000/resourceGroups/00000/providers/Microsoft.MachineLearningServices/workspaces/00000/components/azureml_anonymous/versions/1ca52d75-3a90-468b-9ccc-1a89539bc519"
            }
          },
          "outputs": {
            "pipeline_job_trained_model": {
              "mode": "Upload",
              "jobOutputType": "uri_folder"
            },
            "pipeline_job_evaluation_report": {
              "jobOutputType": "uri_folder"
            }
          },
          "settings": {
            "_source": "DSL"
          }
        }
      },
      "StatusCode": 201,
      "ResponseHeaders": {
        "Cache-Control": "no-cache",
        "Content-Length": "6883",
        "Content-Type": "application/json; charset=utf-8",
        "Date": "Thu, 23 Feb 2023 19:33:46 GMT",
        "Expires": "-1",
        "Location": "https://management.azure.com/subscriptions/00000000-0000-0000-0000-000000000/resourceGroups/00000/providers/Microsoft.MachineLearningServices/workspaces/00000/jobs/000000000000000000000?api-version=2022-12-01-preview",
        "Pragma": "no-cache",
        "Request-Context": "appId=cid-v1:2d2e8e63-272e-4b3c-8598-4ee570a0e70d",
        "Server-Timing": "traceparent;desc=\u002200-85a39dc09e3a6303f96b3860c2820c4c-7e13b333f906e5de-01\u0022",
        "Strict-Transport-Security": "max-age=31536000; includeSubDomains",
        "x-aml-cluster": "vienna-eastus2-02",
        "X-Content-Type-Options": "nosniff",
        "x-ms-correlation-request-id": "e7e16db9-537c-4024-8c8f-7cb98b2c2c42",
        "x-ms-ratelimit-remaining-subscription-writes": "1198",
        "x-ms-response-type": "standard",
        "x-ms-routing-request-id": "WESTUS2:20230223T193346Z:e7e16db9-537c-4024-8c8f-7cb98b2c2c42",
        "x-request-time": "4.907"
      },
      "ResponseBody": {
        "id": "/subscriptions/00000000-0000-0000-0000-000000000/resourceGroups/00000/providers/Microsoft.MachineLearningServices/workspaces/00000/jobs/000000000000000000000",
        "name": "000000000000000000000",
        "type": "Microsoft.MachineLearningServices/workspaces/jobs",
        "properties": {
          "description": "Dummy train-score-eval pipeline with local components",
          "tags": {},
          "properties": {
            "azureml.DevPlatv2": "true",
            "azureml.runsource": "azureml.PipelineRun",
            "runSource": "MFE",
            "runType": "HTTP",
            "azureml.parameters": "{\u0022pipeline_job_training_max_epocs\u0022:\u002220\u0022,\u0022pipeline_job_training_learning_rate\u0022:\u00221.8\u0022,\u0022pipeline_job_learning_rate_schedule\u0022:\u0022time-based\u0022}",
            "azureml.continue_on_step_failure": "False",
            "azureml.continue_on_failed_optional_input": "True",
            "azureml.defaultComputeName": "cpu-cluster",
            "azureml.defaultDataStoreName": "workspaceblobstore",
            "azureml.pipelineComponent": "pipelinerun"
          },
          "displayName": "e2e_local_components",
          "status": "Preparing",
          "experimentName": "azure-ai-ml",
          "services": {
            "Tracking": {
              "jobServiceType": "Tracking",
              "port": null,
              "endpoint": "azureml://eastus2.api.azureml.ms/mlflow/v1.0/subscriptions/00000000-0000-0000-0000-000000000/resourceGroups/00000/providers/Microsoft.MachineLearningServices/workspaces/00000?",
              "status": null,
              "errorMessage": null,
              "properties": null,
              "nodes": null
            },
            "Studio": {
              "jobServiceType": "Studio",
              "port": null,
              "endpoint": "https://ml.azure.com/runs/000000000000000000000?wsid=/subscriptions/00000000-0000-0000-0000-000000000/resourcegroups/00000/workspaces/00000",
              "status": null,
              "errorMessage": null,
              "properties": null,
              "nodes": null
            }
          },
          "computeId": "/subscriptions/00000000-0000-0000-0000-000000000/resourceGroups/00000/providers/Microsoft.MachineLearningServices/workspaces/00000/computes/cpu-cluster",
          "isArchived": false,
          "identity": null,
          "componentId": null,
          "jobType": "Pipeline",
          "settings": {
            "_source": "DSL"
          },
          "jobs": {
            "train_job": {
              "name": "train_job",
              "type": "command",
              "computeId": "/subscriptions/00000000-0000-0000-0000-000000000/resourceGroups/00000/providers/Microsoft.MachineLearningServices/workspaces/00000/computes/cpu-cluster",
              "inputs": {
                "training_data": {
                  "job_input_type": "literal",
                  "value": "${{parent.inputs.pipeline_job_training_input}}"
                },
                "max_epocs": {
                  "job_input_type": "literal",
                  "value": "${{parent.inputs.pipeline_job_training_max_epocs}}"
                },
                "learning_rate": {
                  "job_input_type": "literal",
                  "value": "${{parent.inputs.pipeline_job_training_learning_rate}}"
                },
                "learning_rate_schedule": {
                  "job_input_type": "literal",
                  "value": "${{parent.inputs.pipeline_job_learning_rate_schedule}}"
                }
              },
              "outputs": {
                "model_output": {
                  "value": "${{parent.outputs.pipeline_job_trained_model}}",
                  "type": "literal"
                }
              },
              "_source": "YAML.COMPONENT",
              "componentId": "/subscriptions/00000000-0000-0000-0000-000000000/resourceGroups/00000/providers/Microsoft.MachineLearningServices/workspaces/00000/components/azureml_anonymous/versions/ae26ade4-db79-46ee-ab85-303f3b27293b"
            },
            "score_job": {
              "name": "score_job",
              "type": "command",
              "computeId": "/subscriptions/00000000-0000-0000-0000-000000000/resourceGroups/00000/providers/Microsoft.MachineLearningServices/workspaces/00000/computes/cpu-cluster",
              "inputs": {
                "model_input": {
                  "job_input_type": "literal",
                  "value": "${{parent.jobs.train_job.outputs.model_output}}"
                },
                "test_data": {
                  "uri": "azureml://datastores/workspaceblobstore/paths/LocalUpload/00000000000000000000000000000000/data/",
                  "job_input_type": "uri_folder"
                }
              },
              "outputs": {
                "score_output": {
                  "mode": "Upload",
                  "job_output_type": "uri_folder"
                }
              },
              "_source": "YAML.COMPONENT",
              "componentId": "/subscriptions/00000000-0000-0000-0000-000000000/resourceGroups/00000/providers/Microsoft.MachineLearningServices/workspaces/00000/components/azureml_anonymous/versions/2e94875d-96f5-4563-820b-895f291ad747"
            },
            "evaluate_job": {
              "name": "evaluate_job",
              "type": "command",
              "computeId": "/subscriptions/00000000-0000-0000-0000-000000000/resourceGroups/00000/providers/Microsoft.MachineLearningServices/workspaces/00000/computes/cpu-cluster",
              "inputs": {
                "scoring_result": {
                  "job_input_type": "literal",
                  "value": "${{parent.jobs.score_job.outputs.score_output}}"
                }
              },
              "outputs": {
                "eval_output": {
                  "value": "${{parent.outputs.pipeline_job_evaluation_report}}",
                  "type": "literal"
                }
              },
              "_source": "YAML.COMPONENT",
              "componentId": "/subscriptions/00000000-0000-0000-0000-000000000/resourceGroups/00000/providers/Microsoft.MachineLearningServices/workspaces/00000/components/azureml_anonymous/versions/1ca52d75-3a90-468b-9ccc-1a89539bc519"
            }
          },
          "inputs": {
            "pipeline_job_training_input": {
              "description": null,
              "uri": "azureml://datastores/workspaceblobstore/paths/LocalUpload/00000000000000000000000000000000/data/",
              "mode": "ReadOnlyMount",
              "jobInputType": "uri_folder"
            },
            "pipeline_job_training_max_epocs": {
              "description": null,
              "jobInputType": "literal",
              "value": "20"
            },
            "pipeline_job_training_learning_rate": {
              "description": null,
              "jobInputType": "literal",
              "value": "1.8"
            },
            "pipeline_job_learning_rate_schedule": {
              "description": null,
              "jobInputType": "literal",
              "value": "time-based"
            }
          },
          "outputs": {
            "pipeline_job_trained_model": {
              "description": null,
              "uri": null,
              "assetName": null,
              "assetVersion": null,
              "mode": "Upload",
              "jobOutputType": "uri_folder"
            },
            "pipeline_job_evaluation_report": {
              "description": null,
              "uri": null,
              "assetName": null,
              "assetVersion": null,
              "mode": "ReadWriteMount",
              "jobOutputType": "uri_folder"
            }
          },
          "sourceJobId": null
        },
        "systemData": {
          "createdAt": "2023-02-23T19:33:46.1946976\u002B00:00",
          "createdBy": "Diondra Peck",
          "createdByType": "User"
        }
      }
    },
    {
      "RequestUri": "https://management.azure.com/subscriptions/00000000-0000-0000-0000-000000000/resourceGroups/00000/providers/Microsoft.MachineLearningServices/workspaces/00000/jobs/000000000000000000000/cancel?api-version=2022-12-01-preview",
      "RequestMethod": "POST",
      "RequestHeaders": {
        "Accept": "application/json",
        "Accept-Encoding": "gzip, deflate",
        "Connection": "keep-alive",
        "Content-Length": "0",
        "User-Agent": "azure-ai-ml/1.5.0 azsdk-python-mgmt-machinelearningservices/0.1.0 Python/3.7.9 (Windows-10-10.0.22621-SP0)"
      },
      "RequestBody": null,
      "StatusCode": 202,
      "ResponseHeaders": {
        "Cache-Control": "no-cache",
        "Content-Length": "4",
        "Content-Type": "application/json; charset=utf-8",
        "Date": "Thu, 23 Feb 2023 19:33:49 GMT",
        "Expires": "-1",
        "Location": "https://management.azure.com/subscriptions/00000000-0000-0000-0000-000000000/providers/Microsoft.MachineLearningServices/locations/eastus2/mfeOperationResults/jc:2d1e66ae-85e3-42c0-be91-34de66397f26:000000000000000000000?api-version=2022-12-01-preview",
        "Pragma": "no-cache",
        "Request-Context": "appId=cid-v1:2d2e8e63-272e-4b3c-8598-4ee570a0e70d",
        "Strict-Transport-Security": "max-age=31536000; includeSubDomains",
        "x-aml-cluster": "vienna-eastus2-02",
        "X-Content-Type-Options": "nosniff",
        "x-ms-async-operation-timeout": "PT1H",
        "x-ms-correlation-request-id": "e70840ce-25ee-4f43-a88d-16e49421206e",
        "x-ms-ratelimit-remaining-subscription-writes": "1198",
        "x-ms-response-type": "standard",
        "x-ms-routing-request-id": "WESTUS2:20230223T193349Z:e70840ce-25ee-4f43-a88d-16e49421206e",
        "x-request-time": "1.480"
      },
      "ResponseBody": "null"
    },
    {
      "RequestUri": "https://management.azure.com/subscriptions/00000000-0000-0000-0000-000000000/providers/Microsoft.MachineLearningServices/locations/eastus2/mfeOperationResults/jc:2d1e66ae-85e3-42c0-be91-34de66397f26:000000000000000000000?api-version=2022-12-01-preview",
      "RequestMethod": "GET",
      "RequestHeaders": {
        "Accept": "*/*",
        "Accept-Encoding": "gzip, deflate",
        "Connection": "keep-alive",
        "User-Agent": "azure-ai-ml/1.5.0 azsdk-python-mgmt-machinelearningservices/0.1.0 Python/3.7.9 (Windows-10-10.0.22621-SP0)"
      },
      "RequestBody": null,
      "StatusCode": 200,
      "ResponseHeaders": {
        "Cache-Control": "no-cache",
        "Content-Length": "0",
        "Date": "Thu, 23 Feb 2023 19:33:50 GMT",
        "Expires": "-1",
        "Pragma": "no-cache",
        "Request-Context": "appId=cid-v1:2d2e8e63-272e-4b3c-8598-4ee570a0e70d",
        "Server-Timing": "traceparent;desc=\u002200-b889c7e42e7a4ff591060cb9a87bd935-cc86bc4efd745174-01\u0022",
        "Strict-Transport-Security": "max-age=31536000; includeSubDomains",
        "x-aml-cluster": "vienna-eastus2-01",
        "X-Content-Type-Options": "nosniff",
        "x-ms-correlation-request-id": "a9f22d3b-9bd8-4a53-8cfb-d76d1d7fa743",
        "x-ms-ratelimit-remaining-subscription-reads": "11996",
        "x-ms-response-type": "standard",
        "x-ms-routing-request-id": "WESTUS2:20230223T193350Z:a9f22d3b-9bd8-4a53-8cfb-d76d1d7fa743",
        "x-request-time": "0.365"
      },
      "ResponseBody": null
    }
  ],
  "Variables": {}
}
