{
  "Entries": [
    {
      "RequestUri": "https://management.azure.com/subscriptions/00000000-0000-0000-0000-000000000/resourceGroups/00000/providers/Microsoft.MachineLearningServices/workspaces/00000?api-version=2022-10-01",
      "RequestMethod": "GET",
      "RequestHeaders": {
        "Accept": "application/json",
        "Accept-Encoding": "gzip, deflate",
        "Connection": "keep-alive",
        "User-Agent": "azure-ai-ml/1.5.0 azsdk-python-mgmt-machinelearningservices/0.1.0 Python/3.7.9 (Windows-10-10.0.22621-SP0)"
      },
      "RequestBody": null,
      "StatusCode": 200,
      "ResponseHeaders": {
        "Cache-Control": "no-cache",
        "Content-Encoding": "gzip",
        "Content-Type": "application/json; charset=utf-8",
        "Date": "Thu, 23 Feb 2023 22:06:47 GMT",
        "Expires": "-1",
        "Pragma": "no-cache",
        "Request-Context": "appId=cid-v1:2d2e8e63-272e-4b3c-8598-4ee570a0e70d",
        "Server-Timing": "traceparent;desc=\u002200-ecbba8c68e1d5969a85a98e8efbfe661-f2b5772f2127d911-01\u0022",
        "Strict-Transport-Security": "max-age=31536000; includeSubDomains",
        "Transfer-Encoding": "chunked",
        "Vary": [
          "Accept-Encoding",
          "Accept-Encoding"
        ],
        "x-aml-cluster": "vienna-eastus2-02",
        "X-Content-Type-Options": "nosniff",
        "x-ms-correlation-request-id": "3c3eced5-8d2a-4987-ab1c-05759ed1393b",
        "x-ms-ratelimit-remaining-subscription-reads": "11988",
        "x-ms-response-type": "standard",
        "x-ms-routing-request-id": "WESTUS:20230223T220647Z:3c3eced5-8d2a-4987-ab1c-05759ed1393b",
        "x-request-time": "0.121"
      },
      "ResponseBody": {
        "id": "/subscriptions/00000000-0000-0000-0000-000000000/resourceGroups/00000/providers/Microsoft.MachineLearningServices/workspaces/00000",
        "name": "00000",
        "type": "Microsoft.MachineLearningServices/workspaces",
        "location": "eastus2",
        "tags": {},
        "etag": null,
        "properties": {
          "friendlyName": "00000",
          "description": "",
          "storageAccount": "/subscriptions/00000000-0000-0000-0000-000000000/resourceGroups/00000/providers/Microsoft.Storage/storageAccounts/saveorz2izv2bas",
          "keyVault": "/subscriptions/00000000-0000-0000-0000-000000000/resourceGroups/00000/providers/Microsoft.Keyvault/vaults/kvtest4k4d3fds6sjxs",
          "applicationInsights": "/subscriptions/00000000-0000-0000-0000-000000000/resourceGroups/00000/providers/Microsoft.insights/components/aiveorz2izv2bas",
          "hbiWorkspace": false,
          "tenantId": "72f988bf-86f1-41af-91ab-2d7cd011db47",
          "imageBuildCompute": null,
          "provisioningState": "Succeeded",
          "v1LegacyMode": false,
          "softDeleteEnabled": false,
          "containerRegistry": "/subscriptions/00000000-0000-0000-0000-000000000/resourceGroups/00000/providers/Microsoft.ContainerRegistry/registries/crveorz2izv2bas",
          "notebookInfo": {
            "resourceId": "0000000-0000-0000-0000-000000000000",
            "fqdn": "ml-sdkvnextcli-eastus2-2d1e66ae-85e3-42c0-be91-34de66397f26.eastus2.notebooks.azure.net",
            "isPrivateLinkEnabled": false,
            "notebookPreparationError": null
          },
          "storageHnsEnabled": false,
          "workspaceId": "2d1e66ae-85e3-42c0-be91-34de66397f26",
          "linkedModelInventoryArmId": null,
          "privateLinkCount": 0,
          "publicNetworkAccess": "Enabled",
          "discoveryUrl": "https://eastus2.api.azureml.ms/discovery",
          "mlFlowTrackingUri": "azureml://eastus2.api.azureml.ms/mlflow/v1.0/subscriptions/00000000-0000-0000-0000-000000000/resourceGroups/00000/providers/Microsoft.MachineLearningServices/workspaces/00000",
          "sdkTelemetryAppInsightsKey": "0000000-0000-0000-0000-000000000000",
          "sasGetterUri": "",
          "enableDataIsolation": false
        },
        "identity": {
          "type": "SystemAssigned",
          "principalId": "0000000-0000-0000-0000-000000000000",
          "tenantId": "72f988bf-86f1-41af-91ab-2d7cd011db47"
        },
        "kind": "Default",
        "sku": {
          "name": "Basic",
          "tier": "Basic"
        },
        "systemData": {
          "createdAt": "2023-02-23T02:09:00.5159669Z",
          "createdBy": "dipeck@microsoft.com",
          "createdByType": "User",
          "lastModifiedAt": "2023-02-23T02:09:00.5159669Z",
          "lastModifiedBy": "dipeck@microsoft.com",
          "lastModifiedByType": "User"
        }
      }
    },
    {
      "RequestUri": "https://eastus2.api.azureml.ms/content/v2.0/subscriptions/00000000-0000-0000-0000-000000000/resourceGroups/00000/providers/Microsoft.MachineLearningServices/workspaces/00000/snapshots/getByHash?hash=d3c05b496c685e7e5a204e3cebc689086bd0f622c2975d8090c18968739a464a\u0026hashVersion=202208",
      "RequestMethod": "GET",
      "RequestHeaders": {
        "Accept": "*/*",
        "Accept-Encoding": "gzip, deflate",
        "Connection": "keep-alive",
        "Content-Type": "application/json; charset=UTF-8",
        "User-Agent": "azure-ai-ml/1.5.0 azsdk-python-core/1.26.3 Python/3.7.9 (Windows-10-10.0.22621-SP0)"
      },
      "RequestBody": null,
      "StatusCode": 200,
      "ResponseHeaders": {
        "Connection": "keep-alive",
        "Content-Encoding": "gzip",
        "Content-Type": "application/json; charset=utf-8",
        "Date": "Thu, 23 Feb 2023 22:06:51 GMT",
        "Request-Context": "appId=cid-v1:2d2e8e63-272e-4b3c-8598-4ee570a0e70d",
        "Strict-Transport-Security": "max-age=15724800; includeSubDomains; preload",
        "Transfer-Encoding": "chunked",
        "Vary": "Accept-Encoding",
        "x-aml-cluster": "vienna-eastus2-02",
        "X-Content-Type-Options": "nosniff",
        "x-ms-response-type": "standard",
        "x-request-time": "0.465"
      },
      "ResponseBody": {
        "snapshotType": "LocalFiles",
        "id": "9b43efc6-3388-4585-99dc-71aea82a739c",
        "root": {
          "name": "",
          "hash": null,
          "type": "Directory",
          "timestamp": "0001-01-01T00:00:00\u002B00:00",
          "sasUrl": null,
          "absoluteUrl": null,
          "sizeBytes": 0,
          "sizeSet": false,
          "children": {
            "COMPONENT_PLACEHOLDER": {
              "name": "COMPONENT_PLACEHOLDER",
              "hash": "2FF0E74A91489FE8DA41673EB1441D73",
              "type": "File",
              "timestamp": "0001-01-01T00:00:00\u002B00:00",
              "sasUrl": null,
              "absoluteUrl": null,
              "sizeBytes": 35,
              "sizeSet": true,
              "children": {}
            }
          }
        },
        "tags": {},
        "properties": {
          "hash_sha256": "d3c05b496c685e7e5a204e3cebc689086bd0f622c2975d8090c18968739a464a",
          "hash_version": "202208",
          "azureml.codeUri": "https://saveorz2izv2bas.blob.core.windows.net:443/2d1e66ae-8-4d828c93-7c8f-558b-b99d-d21850cf37d9/"
        },
        "description": null,
        "name": "e7a3f40e-eb47-4499-9b80-1e5d911878f8",
        "version": "1",
        "createdBy": {
          "userObjectId": "b3a957de-450c-4ca7-b2aa-88dd98c87fef",
          "userPuId": "10037FFEAD05DD5D",
          "userIdp": null,
          "userAltSecId": null,
          "userIss": "https://sts.windows.net/72f988bf-86f1-41af-91ab-2d7cd011db47/",
          "userTenantId": "72f988bf-86f1-41af-91ab-2d7cd011db47",
          "userName": "Diondra Peck",
          "upn": null
        },
        "createdTime": "2023-02-23T02:16:10.3151666\u002B00:00",
        "modifiedBy": {
          "userObjectId": "b3a957de-450c-4ca7-b2aa-88dd98c87fef",
          "userPuId": "10037FFEAD05DD5D",
          "userIdp": null,
          "userAltSecId": null,
          "userIss": "https://sts.windows.net/72f988bf-86f1-41af-91ab-2d7cd011db47/",
          "userTenantId": "72f988bf-86f1-41af-91ab-2d7cd011db47",
          "userName": "Diondra Peck",
          "upn": null
        },
        "modifiedTime": "2023-02-23T02:16:10.3151666\u002B00:00",
        "gitRepositoryCommit": null,
        "uri": "https://saveorz2izv2bas.blob.core.windows.net:443/2d1e66ae-8-4d828c93-7c8f-558b-b99d-d21850cf37d9/",
        "contentHash": "d3c05b496c685e7e5a204e3cebc689086bd0f622c2975d8090c18968739a464a",
        "hashVersion": "202208",
        "provisioningState": "Succeeded"
      }
    },
    {
      "RequestUri": "https://management.azure.com/subscriptions/00000000-0000-0000-0000-000000000/resourceGroups/00000/providers/Microsoft.MachineLearningServices/workspaces/00000/codes/e7a3f40e-eb47-4499-9b80-1e5d911878f8/versions/1?api-version=2022-05-01",
      "RequestMethod": "GET",
      "RequestHeaders": {
        "Accept": "application/json",
        "Accept-Encoding": "gzip, deflate",
        "Connection": "keep-alive",
        "User-Agent": "azure-ai-ml/1.5.0 azsdk-python-mgmt-machinelearningservices/0.1.0 Python/3.7.9 (Windows-10-10.0.22621-SP0)"
      },
      "RequestBody": null,
      "StatusCode": 200,
      "ResponseHeaders": {
        "Cache-Control": "no-cache",
        "Content-Encoding": "gzip",
        "Content-Type": "application/json; charset=utf-8",
        "Date": "Thu, 23 Feb 2023 22:06:53 GMT",
        "Expires": "-1",
        "Pragma": "no-cache",
        "Request-Context": "appId=cid-v1:2d2e8e63-272e-4b3c-8598-4ee570a0e70d",
        "Server-Timing": "traceparent;desc=\u002200-f8e1dfe4067c6fca4edd4df4f5af0d62-c8244e1e3ee610ba-01\u0022",
        "Strict-Transport-Security": "max-age=31536000; includeSubDomains",
        "Transfer-Encoding": "chunked",
        "Vary": [
          "Accept-Encoding",
          "Accept-Encoding"
        ],
        "x-aml-cluster": "vienna-eastus2-02",
        "X-Content-Type-Options": "nosniff",
        "x-ms-correlation-request-id": "14d72746-597b-4fbb-8034-f504a5de9a5b",
        "x-ms-ratelimit-remaining-subscription-reads": "11987",
        "x-ms-response-type": "standard",
        "x-ms-routing-request-id": "WESTUS:20230223T220653Z:14d72746-597b-4fbb-8034-f504a5de9a5b",
        "x-request-time": "0.283"
      },
      "ResponseBody": {
        "id": "/subscriptions/00000000-0000-0000-0000-000000000/resourceGroups/00000/providers/Microsoft.MachineLearningServices/workspaces/00000/codes/e7a3f40e-eb47-4499-9b80-1e5d911878f8/versions/1",
        "name": "1",
        "type": "Microsoft.MachineLearningServices/workspaces/codes/versions",
        "properties": {
          "description": null,
          "tags": {},
          "properties": {
            "hash_sha256": "0000000000000",
            "hash_version": "0000000000000"
          },
          "isArchived": false,
          "isAnonymous": false,
          "codeUri": "https://saveorz2izv2bas.blob.core.windows.net:443/2d1e66ae-8-4d828c93-7c8f-558b-b99d-d21850cf37d9/"
        },
        "systemData": {
          "createdAt": "2023-02-23T02:16:10.3151666\u002B00:00",
          "createdBy": "Diondra Peck",
          "createdByType": "User",
          "lastModifiedAt": "2023-02-23T02:16:10.3151666\u002B00:00",
          "lastModifiedBy": "Diondra Peck",
          "lastModifiedByType": "User"
        }
      }
    },
    {
      "RequestUri": "https://management.azure.com/subscriptions/00000000-0000-0000-0000-000000000/resourceGroups/00000/providers/Microsoft.MachineLearningServices/workspaces/00000/environments/CliV2AnonymousEnvironment/versions/6eedff85d2f858b9cd4e12021dbc722e?api-version=2022-05-01",
      "RequestMethod": "PUT",
      "RequestHeaders": {
        "Accept": "application/json",
        "Accept-Encoding": "gzip, deflate",
        "Connection": "keep-alive",
        "Content-Length": "535",
        "Content-Type": "application/json",
        "User-Agent": "azure-ai-ml/1.5.0 azsdk-python-mgmt-machinelearningservices/0.1.0 Python/3.7.9 (Windows-10-10.0.22621-SP0)"
      },
      "RequestBody": {
        "properties": {
          "isAnonymous": true,
          "isArchived": false,
          "condaFile": "channels:\n- defaults\ndependencies:\n- python=3.8.12\n- pip=21.2.2\n- pip:\n  - --extra-index-url=https://azuremlsdktestpypi.azureedge.net/sdk-cli-v2\n  - mldesigner==0.1.0b6\n  - mlflow==1.29.0\n  - azureml-mlflow==1.45.0\n  - azure-ai-ml==1.0.0\n  - azure-core==1.26.0\n  - azure-common==1.1.28\n  - azureml-core==1.45.0.post2\n  - azure-ml-component==0.9.13.post1\n  - azure-identity==1.11.0\n",
          "image": "mcr.microsoft.com/azureml/openmpi4.1.0-ubuntu20.04"
        }
      },
      "StatusCode": 201,
      "ResponseHeaders": {
        "Cache-Control": "no-cache",
        "Content-Length": "1474",
        "Content-Type": "application/json; charset=utf-8",
        "Date": "Thu, 23 Feb 2023 22:06:55 GMT",
        "Expires": "-1",
        "Location": "https://management.azure.com/subscriptions/00000000-0000-0000-0000-000000000/resourceGroups/00000/providers/Microsoft.MachineLearningServices/workspaces/00000/environments/CliV2AnonymousEnvironment/versions/6eedff85d2f858b9cd4e12021dbc722e?api-version=2022-05-01",
        "Pragma": "no-cache",
        "Request-Context": "appId=cid-v1:2d2e8e63-272e-4b3c-8598-4ee570a0e70d",
        "Server-Timing": "traceparent;desc=\u002200-838d619e43d9c8360758251237dd6e5b-73a9de78d7a66c71-01\u0022",
        "Strict-Transport-Security": "max-age=31536000; includeSubDomains",
        "x-aml-cluster": "vienna-eastus2-02",
        "X-Content-Type-Options": "nosniff",
        "x-ms-correlation-request-id": "e1bf1843-04c5-42ee-83bb-4e7b8dbbdf11",
        "x-ms-ratelimit-remaining-subscription-writes": "1191",
        "x-ms-response-type": "standard",
        "x-ms-routing-request-id": "WESTUS:20230223T220655Z:e1bf1843-04c5-42ee-83bb-4e7b8dbbdf11",
        "x-request-time": "1.007"
      },
      "ResponseBody": {
        "id": "/subscriptions/00000000-0000-0000-0000-000000000/resourceGroups/00000/providers/Microsoft.MachineLearningServices/workspaces/00000/environments/CliV2AnonymousEnvironment/versions/6eedff85d2f858b9cd4e12021dbc722e",
        "name": "6eedff85d2f858b9cd4e12021dbc722e",
        "type": "Microsoft.MachineLearningServices/workspaces/environments/versions",
        "properties": {
          "description": null,
          "tags": {},
          "properties": {},
          "isArchived": false,
          "isAnonymous": true,
          "environmentType": "UserCreated",
          "image": "mcr.microsoft.com/azureml/openmpi4.1.0-ubuntu20.04",
          "condaFile": "{\n  \u0022channels\u0022: [\n    \u0022defaults\u0022\n  ],\n  \u0022dependencies\u0022: [\n    \u0022python=3.8.12\u0022,\n    \u0022pip=21.2.2\u0022,\n    {\n      \u0022pip\u0022: [\n        \u0022--extra-index-url=https://azuremlsdktestpypi.azureedge.net/sdk-cli-v2\u0022,\n        \u0022mldesigner==0.1.0b6\u0022,\n        \u0022mlflow==1.29.0\u0022,\n        \u0022azureml-mlflow==1.45.0\u0022,\n        \u0022azure-ai-ml==1.0.0\u0022,\n        \u0022azure-core==1.26.0\u0022,\n        \u0022azure-common==1.1.28\u0022,\n        \u0022azureml-core==1.45.0.post2\u0022,\n        \u0022azure-ml-component==0.9.13.post1\u0022,\n        \u0022azure-identity==1.11.0\u0022\n      ]\n    }\n  ]\n}",
          "osType": "Linux"
        },
        "systemData": {
          "createdAt": "2023-02-23T06:59:47.4157313\u002B00:00",
          "createdBy": "Diondra Peck",
          "createdByType": "User",
          "lastModifiedAt": "2023-02-23T06:59:47.4157313\u002B00:00",
          "lastModifiedBy": "Diondra Peck",
          "lastModifiedByType": "User"
        }
      }
    },
    {
      "RequestUri": "https://management.azure.com/subscriptions/00000000-0000-0000-0000-000000000/resourceGroups/00000/providers/Microsoft.MachineLearningServices/workspaces/00000/components/primitive_component_with_normal_input_output_v2?api-version=2022-10-01",
      "RequestMethod": "GET",
      "RequestHeaders": {
        "Accept": "application/json",
        "Accept-Encoding": "gzip, deflate",
        "Connection": "keep-alive",
        "User-Agent": "azure-ai-ml/1.5.0 azsdk-python-mgmt-machinelearningservices/0.1.0 Python/3.7.9 (Windows-10-10.0.22621-SP0)"
      },
      "RequestBody": null,
      "StatusCode": 200,
      "ResponseHeaders": {
        "Cache-Control": "no-cache",
        "Content-Encoding": "gzip",
        "Content-Type": "application/json; charset=utf-8",
        "Date": "Thu, 23 Feb 2023 22:06:56 GMT",
        "Expires": "-1",
        "Pragma": "no-cache",
        "Request-Context": "appId=cid-v1:2d2e8e63-272e-4b3c-8598-4ee570a0e70d",
        "Server-Timing": "traceparent;desc=\u002200-f5da9c82dd57bef00592ee4423b7e86f-3d2edaf42c85ff5c-01\u0022",
        "Strict-Transport-Security": "max-age=31536000; includeSubDomains",
        "Transfer-Encoding": "chunked",
        "Vary": [
          "Accept-Encoding",
          "Accept-Encoding"
        ],
        "x-aml-cluster": "vienna-eastus2-02",
        "X-Content-Type-Options": "nosniff",
        "x-ms-correlation-request-id": "e381b9c0-1d8b-4521-a959-5f67e1b27574",
        "x-ms-ratelimit-remaining-subscription-reads": "11986",
        "x-ms-response-type": "standard",
        "x-ms-routing-request-id": "WESTUS:20230223T220656Z:e381b9c0-1d8b-4521-a959-5f67e1b27574",
        "x-request-time": "0.167"
      },
      "ResponseBody": {
        "id": "/subscriptions/00000000-0000-0000-0000-000000000/resourceGroups/00000/providers/Microsoft.MachineLearningServices/workspaces/00000/components/primitive_component_with_normal_input_output_v2",
        "name": "primitive_component_with_normal_input_output_v2",
        "type": "Microsoft.MachineLearningServices/workspaces/components",
        "properties": {
          "description": "",
          "tags": {},
          "properties": {},
          "isArchived": false,
          "latestVersion": null,
          "nextVersion": "2023-02-23-22-06-56-0375453"
        },
        "systemData": {
          "createdAt": "2023-02-23T06:59:59.5696006\u002B00:00",
          "lastModifiedAt": "2023-02-23T06:59:59.6186582\u002B00:00"
        }
      }
    },
    {
      "RequestUri": "https://management.azure.com/subscriptions/00000000-0000-0000-0000-000000000/resourceGroups/00000/providers/Microsoft.MachineLearningServices/workspaces/00000/components/primitive_component_with_normal_input_output_v2/versions/2023-02-23-22-06-56-0375453?api-version=2022-10-01",
      "RequestMethod": "PUT",
      "RequestHeaders": {
        "Accept": "application/json",
        "Accept-Encoding": "gzip, deflate",
        "Connection": "keep-alive",
        "Content-Length": "1965",
        "Content-Type": "application/json",
        "User-Agent": "azure-ai-ml/1.5.0 azsdk-python-mgmt-machinelearningservices/0.1.0 Python/3.7.9 (Windows-10-10.0.22621-SP0)"
      },
      "RequestBody": {
        "properties": {
          "properties": {},
          "tags": {
            "codegenBy": "mldesigner"
          },
          "isAnonymous": false,
          "isArchived": false,
          "componentSpec": {
            "command": "mldesigner execute --source entry.py --name primitive_component_with_normal_input_output_v2 --inputs input_data=\u0022${{inputs.input_data}}\u0022 parambool=\u0022${{inputs.parambool}}\u0022 paramint=\u0022${{inputs.paramint}}\u0022 paramfloat=\u0022${{inputs.paramfloat}}\u0022 paramstr=\u0022${{inputs.paramstr}}\u0022 --outputs output_data=\u0022${{outputs.output_data}}\u0022 bool_param_output=\u0022${{outputs.bool_param_output}}\u0022 int_param_output=\u0022${{outputs.int_param_output}}\u0022 float_param_output=\u0022${{outputs.float_param_output}}\u0022 str_param_output=\u0022${{outputs.str_param_output}}\u0022",
            "code": "azureml:/subscriptions/00000000-0000-0000-0000-000000000/resourceGroups/00000/providers/Microsoft.MachineLearningServices/workspaces/00000/codes/e7a3f40e-eb47-4499-9b80-1e5d911878f8/versions/1",
            "environment": "azureml:/subscriptions/00000000-0000-0000-0000-000000000/resourceGroups/00000/providers/Microsoft.MachineLearningServices/workspaces/00000/environments/CliV2AnonymousEnvironment/versions/6eedff85d2f858b9cd4e12021dbc722e",
            "name": "primitive_component_with_normal_input_output_v2",
            "tags": {
              "codegenBy": "mldesigner"
            },
            "$schema": "https://azuremlschemas.azureedge.net/development/commandComponent.schema.json",
            "display_name": "primitive_component_with_normal_input_output_v2",
            "is_deterministic": true,
            "inputs": {
              "input_data": {
                "type": "uri_folder"
              },
              "parambool": {
                "type": "boolean"
              },
              "paramint": {
                "type": "integer"
              },
              "paramfloat": {
                "type": "number"
              },
              "paramstr": {
                "type": "string"
              }
            },
            "outputs": {
              "output_data": {
                "type": "uri_folder"
              },
              "bool_param_output": {
                "type": "boolean",
                "is_control": true,
                "early_available": true
              },
              "int_param_output": {
                "type": "integer",
                "is_control": true
              },
              "float_param_output": {
                "type": "number",
                "is_control": true
              },
              "str_param_output": {
                "type": "string",
                "is_control": true
              }
            },
            "type": "command",
            "_source": "YAML.COMPONENT"
          }
        }
      },
      "StatusCode": 201,
      "ResponseHeaders": {
        "Cache-Control": "no-cache",
        "Content-Length": "3336",
        "Content-Type": "application/json; charset=utf-8",
        "Date": "Thu, 23 Feb 2023 22:06:56 GMT",
        "Expires": "-1",
        "Location": "https://management.azure.com/subscriptions/00000000-0000-0000-0000-000000000/resourceGroups/00000/providers/Microsoft.MachineLearningServices/workspaces/00000/components/primitive_component_with_normal_input_output_v2/versions/2023-02-23-22-06-56-0375453?api-version=2022-10-01",
        "Pragma": "no-cache",
        "Request-Context": "appId=cid-v1:2d2e8e63-272e-4b3c-8598-4ee570a0e70d",
        "Server-Timing": "traceparent;desc=\u002200-2c8aae53846d7d89f1847000ac25c524-976b6f002516ec8f-01\u0022",
        "Strict-Transport-Security": "max-age=31536000; includeSubDomains",
        "x-aml-cluster": "vienna-eastus2-02",
        "X-Content-Type-Options": "nosniff",
        "x-ms-correlation-request-id": "59816c7f-0666-4c35-b02d-f2528016a378",
        "x-ms-ratelimit-remaining-subscription-writes": "1190",
        "x-ms-response-type": "standard",
        "x-ms-routing-request-id": "WESTUS:20230223T220657Z:59816c7f-0666-4c35-b02d-f2528016a378",
        "x-request-time": "0.622"
      },
      "ResponseBody": {
        "id": "/subscriptions/00000000-0000-0000-0000-000000000/resourceGroups/00000/providers/Microsoft.MachineLearningServices/workspaces/00000/components/primitive_component_with_normal_input_output_v2/versions/2023-02-23-22-06-56-0375453",
        "name": "2023-02-23-22-06-56-0375453",
        "type": "Microsoft.MachineLearningServices/workspaces/components/versions",
        "properties": {
          "description": null,
          "tags": {
            "codegenBy": "mldesigner"
          },
          "properties": {},
          "isArchived": false,
          "isAnonymous": false,
          "componentSpec": {
            "name": "primitive_component_with_normal_input_output_v2",
            "version": "2023-02-23-22-06-56-0375453",
            "display_name": "primitive_component_with_normal_input_output_v2",
            "is_deterministic": "True",
            "type": "command",
            "tags": {
              "codegenBy": "mldesigner"
            },
            "inputs": {
              "input_data": {
                "type": "uri_folder",
                "optional": "False"
              },
              "parambool": {
                "type": "boolean",
                "optional": "False"
              },
              "paramint": {
                "type": "integer",
                "optional": "False"
              },
              "paramfloat": {
                "type": "number",
                "optional": "False"
              },
              "paramstr": {
                "type": "string",
                "optional": "False"
              }
            },
            "outputs": {
              "output_data": {
                "type": "uri_folder"
              },
              "bool_param_output": {
                "type": "boolean",
                "is_control": "True",
                "early_available": "True"
              },
              "int_param_output": {
                "type": "integer",
                "is_control": "True"
              },
              "float_param_output": {
                "type": "number",
                "is_control": "True"
              },
              "str_param_output": {
                "type": "string",
                "is_control": "True"
              }
            },
            "code": "azureml:/subscriptions/00000000-0000-0000-0000-000000000/resourceGroups/00000/providers/Microsoft.MachineLearningServices/workspaces/00000/codes/e7a3f40e-eb47-4499-9b80-1e5d911878f8/versions/1",
            "environment": "azureml:/subscriptions/00000000-0000-0000-0000-000000000/resourceGroups/00000/providers/Microsoft.MachineLearningServices/workspaces/00000/environments/CliV2AnonymousEnvironment/versions/6eedff85d2f858b9cd4e12021dbc722e",
            "resources": {
              "instance_count": "1"
            },
            "command": "mldesigner execute --source entry.py --name primitive_component_with_normal_input_output_v2 --inputs input_data=\u0022${{inputs.input_data}}\u0022 parambool=\u0022${{inputs.parambool}}\u0022 paramint=\u0022${{inputs.paramint}}\u0022 paramfloat=\u0022${{inputs.paramfloat}}\u0022 paramstr=\u0022${{inputs.paramstr}}\u0022 --outputs output_data=\u0022${{outputs.output_data}}\u0022 bool_param_output=\u0022${{outputs.bool_param_output}}\u0022 int_param_output=\u0022${{outputs.int_param_output}}\u0022 float_param_output=\u0022${{outputs.float_param_output}}\u0022 str_param_output=\u0022${{outputs.str_param_output}}\u0022",
            "$schema": "https://azuremlschemas.azureedge.net/development/commandComponent.schema.json"
          }
        },
        "systemData": {
          "createdAt": "2023-02-23T22:06:56.8407456\u002B00:00",
          "createdBy": "Diondra Peck",
          "createdByType": "User",
          "lastModifiedAt": "2023-02-23T22:06:56.9181805\u002B00:00",
          "lastModifiedBy": "Diondra Peck",
          "lastModifiedByType": "User"
        }
      }
    },
    {
      "RequestUri": "https://management.azure.com/subscriptions/00000000-0000-0000-0000-000000000/resourceGroups/00000/providers/Microsoft.MachineLearningServices/workspaces/00000/components/azureml_anonymous/versions/4b84be43-98bb-958c-a5ed-0a7493944d52?api-version=2022-10-01",
      "RequestMethod": "PUT",
      "RequestHeaders": {
        "Accept": "application/json",
        "Accept-Encoding": "gzip, deflate",
        "Connection": "keep-alive",
        "Content-Length": "1964",
        "Content-Type": "application/json",
        "User-Agent": "azure-ai-ml/1.5.0 azsdk-python-mgmt-machinelearningservices/0.1.0 Python/3.7.9 (Windows-10-10.0.22621-SP0)"
      },
      "RequestBody": {
        "properties": {
          "properties": {},
          "tags": {
            "codegenBy": "mldesigner"
          },
          "isAnonymous": true,
          "isArchived": false,
          "componentSpec": {
            "command": "mldesigner execute --source entry.py --name primitive_component_with_normal_input_output_v2 --inputs input_data=\u0022${{inputs.input_data}}\u0022 parambool=\u0022${{inputs.parambool}}\u0022 paramint=\u0022${{inputs.paramint}}\u0022 paramfloat=\u0022${{inputs.paramfloat}}\u0022 paramstr=\u0022${{inputs.paramstr}}\u0022 --outputs output_data=\u0022${{outputs.output_data}}\u0022 bool_param_output=\u0022${{outputs.bool_param_output}}\u0022 int_param_output=\u0022${{outputs.int_param_output}}\u0022 float_param_output=\u0022${{outputs.float_param_output}}\u0022 str_param_output=\u0022${{outputs.str_param_output}}\u0022",
            "code": "azureml:/subscriptions/00000000-0000-0000-0000-000000000/resourceGroups/00000/providers/Microsoft.MachineLearningServices/workspaces/00000/codes/e7a3f40e-eb47-4499-9b80-1e5d911878f8/versions/1",
            "environment": "azureml:/subscriptions/00000000-0000-0000-0000-000000000/resourceGroups/00000/providers/Microsoft.MachineLearningServices/workspaces/00000/environments/CliV2AnonymousEnvironment/versions/6eedff85d2f858b9cd4e12021dbc722e",
            "name": "primitive_component_with_normal_input_output_v2",
            "tags": {
              "codegenBy": "mldesigner"
            },
            "$schema": "https://azuremlschemas.azureedge.net/development/commandComponent.schema.json",
            "display_name": "primitive_component_with_normal_input_output_v2",
            "is_deterministic": true,
            "inputs": {
              "input_data": {
                "type": "uri_folder"
              },
              "parambool": {
                "type": "boolean"
              },
              "paramint": {
                "type": "integer"
              },
              "paramfloat": {
                "type": "number"
              },
              "paramstr": {
                "type": "string"
              }
            },
            "outputs": {
              "output_data": {
                "type": "uri_folder"
              },
              "bool_param_output": {
                "type": "boolean",
                "is_control": true,
                "early_available": true
              },
              "int_param_output": {
                "type": "integer",
                "is_control": true
              },
              "float_param_output": {
                "type": "number",
                "is_control": true
              },
              "str_param_output": {
                "type": "string",
                "is_control": true
              }
            },
            "type": "command",
            "_source": "YAML.COMPONENT"
          }
        }
      },
      "StatusCode": 201,
      "ResponseHeaders": {
        "Cache-Control": "no-cache",
        "Content-Length": "3275",
        "Content-Type": "application/json; charset=utf-8",
        "Date": "Thu, 23 Feb 2023 22:06:58 GMT",
        "Expires": "-1",
        "Location": "https://management.azure.com/subscriptions/00000000-0000-0000-0000-000000000/resourceGroups/00000/providers/Microsoft.MachineLearningServices/workspaces/00000/components/azureml_anonymous/versions/4b84be43-98bb-958c-a5ed-0a7493944d52?api-version=2022-10-01",
        "Pragma": "no-cache",
        "Request-Context": "appId=cid-v1:2d2e8e63-272e-4b3c-8598-4ee570a0e70d",
        "Server-Timing": "traceparent;desc=\u002200-e39d345267b8eaa635ae453dfbfe944a-43194e65bbb8390a-01\u0022",
        "Strict-Transport-Security": "max-age=31536000; includeSubDomains",
        "x-aml-cluster": "vienna-eastus2-02",
        "X-Content-Type-Options": "nosniff",
        "x-ms-correlation-request-id": "6755bb95-c89b-4d27-b49c-ae035ad94313",
        "x-ms-ratelimit-remaining-subscription-writes": "1189",
        "x-ms-response-type": "standard",
        "x-ms-routing-request-id": "WESTUS:20230223T220658Z:6755bb95-c89b-4d27-b49c-ae035ad94313",
        "x-request-time": "0.543"
      },
      "ResponseBody": {
        "id": "/subscriptions/00000000-0000-0000-0000-000000000/resourceGroups/00000/providers/Microsoft.MachineLearningServices/workspaces/00000/components/azureml_anonymous/versions/62d94204-5d50-4141-88a8-94e435f44e03",
        "name": "62d94204-5d50-4141-88a8-94e435f44e03",
        "type": "Microsoft.MachineLearningServices/workspaces/components/versions",
        "properties": {
          "description": null,
          "tags": {
            "codegenBy": "mldesigner"
          },
          "properties": {},
          "isArchived": false,
          "isAnonymous": true,
          "componentSpec": {
            "name": "primitive_component_with_normal_input_output_v2",
            "display_name": "primitive_component_with_normal_input_output_v2",
            "is_deterministic": "True",
            "type": "command",
            "tags": {
              "codegenBy": "mldesigner"
            },
            "inputs": {
              "input_data": {
                "type": "uri_folder",
                "optional": "False"
              },
              "parambool": {
                "type": "boolean",
                "optional": "False"
              },
              "paramint": {
                "type": "integer",
                "optional": "False"
              },
              "paramfloat": {
                "type": "number",
                "optional": "False"
              },
              "paramstr": {
                "type": "string",
                "optional": "False"
              }
            },
            "outputs": {
              "output_data": {
                "type": "uri_folder"
              },
              "bool_param_output": {
                "type": "boolean",
                "is_control": "True",
                "early_available": "True"
              },
              "int_param_output": {
                "type": "integer",
                "is_control": "True"
              },
              "float_param_output": {
                "type": "number",
                "is_control": "True"
              },
              "str_param_output": {
                "type": "string",
                "is_control": "True"
              }
            },
            "code": "azureml:/subscriptions/00000000-0000-0000-0000-000000000/resourceGroups/00000/providers/Microsoft.MachineLearningServices/workspaces/00000/codes/e7a3f40e-eb47-4499-9b80-1e5d911878f8/versions/1",
            "environment": "azureml:/subscriptions/00000000-0000-0000-0000-000000000/resourceGroups/00000/providers/Microsoft.MachineLearningServices/workspaces/00000/environments/CliV2AnonymousEnvironment/versions/6eedff85d2f858b9cd4e12021dbc722e",
            "resources": {
              "instance_count": "1"
            },
            "command": "mldesigner execute --source entry.py --name primitive_component_with_normal_input_output_v2 --inputs input_data=\u0022${{inputs.input_data}}\u0022 parambool=\u0022${{inputs.parambool}}\u0022 paramint=\u0022${{inputs.paramint}}\u0022 paramfloat=\u0022${{inputs.paramfloat}}\u0022 paramstr=\u0022${{inputs.paramstr}}\u0022 --outputs output_data=\u0022${{outputs.output_data}}\u0022 bool_param_output=\u0022${{outputs.bool_param_output}}\u0022 int_param_output=\u0022${{outputs.int_param_output}}\u0022 float_param_output=\u0022${{outputs.float_param_output}}\u0022 str_param_output=\u0022${{outputs.str_param_output}}\u0022",
            "$schema": "https://azuremlschemas.azureedge.net/development/commandComponent.schema.json"
          }
        },
        "systemData": {
          "createdAt": "2023-02-23T07:00:00.9567387\u002B00:00",
          "createdBy": "Diondra Peck",
          "createdByType": "User",
          "lastModifiedAt": "2023-02-23T07:00:01.0420996\u002B00:00",
          "lastModifiedBy": "Diondra Peck",
          "lastModifiedByType": "User"
        }
      }
    },
    {
      "RequestUri": "https://management.azure.com/subscriptions/00000000-0000-0000-0000-000000000/resourceGroups/00000/providers/Microsoft.MachineLearningServices/workspaces/00000/components/test_pipeline_component_control_output?api-version=2022-10-01",
      "RequestMethod": "GET",
      "RequestHeaders": {
        "Accept": "application/json",
        "Accept-Encoding": "gzip, deflate",
        "Connection": "keep-alive",
        "User-Agent": "azure-ai-ml/1.5.0 azsdk-python-mgmt-machinelearningservices/0.1.0 Python/3.7.9 (Windows-10-10.0.22621-SP0)"
      },
      "RequestBody": null,
      "StatusCode": 200,
      "ResponseHeaders": {
        "Cache-Control": "no-cache",
        "Content-Encoding": "gzip",
        "Content-Type": "application/json; charset=utf-8",
        "Date": "Thu, 23 Feb 2023 22:06:58 GMT",
        "Expires": "-1",
        "Pragma": "no-cache",
        "Request-Context": "appId=cid-v1:2d2e8e63-272e-4b3c-8598-4ee570a0e70d",
        "Server-Timing": "traceparent;desc=\u002200-f8e470f1803b9198bb48445d5ef1d0eb-2e387f056fcccee8-01\u0022",
        "Strict-Transport-Security": "max-age=31536000; includeSubDomains",
        "Transfer-Encoding": "chunked",
        "Vary": [
          "Accept-Encoding",
          "Accept-Encoding"
        ],
        "x-aml-cluster": "vienna-eastus2-02",
        "X-Content-Type-Options": "nosniff",
        "x-ms-correlation-request-id": "76f4052e-480e-445a-8a35-56b7c28719cb",
        "x-ms-ratelimit-remaining-subscription-reads": "11985",
        "x-ms-response-type": "standard",
        "x-ms-routing-request-id": "WESTUS:20230223T220658Z:76f4052e-480e-445a-8a35-56b7c28719cb",
        "x-request-time": "0.240"
      },
      "ResponseBody": {
        "id": "/subscriptions/00000000-0000-0000-0000-000000000/resourceGroups/00000/providers/Microsoft.MachineLearningServices/workspaces/00000/components/test_pipeline_component_control_output",
        "name": "test_pipeline_component_control_output",
        "type": "Microsoft.MachineLearningServices/workspaces/components",
        "properties": {
          "description": "",
          "tags": {},
          "properties": {},
          "isArchived": false,
          "latestVersion": null,
          "nextVersion": "2023-02-23-22-06-58-5362145"
        },
        "systemData": {
          "createdAt": "2023-02-23T07:00:03.556992\u002B00:00",
          "lastModifiedAt": "2023-02-23T07:00:03.5970519\u002B00:00"
        }
      }
    },
    {
      "RequestUri": "https://management.azure.com/subscriptions/00000000-0000-0000-0000-000000000/resourceGroups/00000/providers/Microsoft.MachineLearningServices/workspaces/00000/components/test_pipeline_component_control_output/versions/2023-02-23-22-06-58-5362145?api-version=2022-10-01",
      "RequestMethod": "PUT",
      "RequestHeaders": {
        "Accept": "application/json",
        "Accept-Encoding": "gzip, deflate",
        "Connection": "keep-alive",
        "Content-Length": "1703",
        "Content-Type": "application/json",
        "User-Agent": "azure-ai-ml/1.5.0 azsdk-python-mgmt-machinelearningservices/0.1.0 Python/3.7.9 (Windows-10-10.0.22621-SP0)"
      },
      "RequestBody": {
        "properties": {
          "properties": {},
          "tags": {},
          "isAnonymous": false,
          "isArchived": false,
          "componentSpec": {
            "name": "test_pipeline_component_control_output",
            "display_name": "test_pipeline_component_control_output",
            "outputs": {
              "output_data": {
                "type": "uri_folder"
              },
              "bool_param_output": {
                "type": "boolean",
                "is_control": true
              },
              "int_param_output": {
                "type": "integer",
                "is_control": true
              },
              "float_param_output": {
                "type": "number",
                "is_control": true
              },
              "str_param_output": {
                "type": "string",
                "is_control": true
              }
            },
            "type": "pipeline",
            "jobs": {
              "node": {
                "name": "node",
                "type": "command",
                "inputs": {
                  "input_data": {
                    "uri": "https://dprepdata.blob.core.windows.net/demo/Titanic.csv",
                    "job_input_type": "uri_file"
                  },
                  "parambool": {
                    "job_input_type": "literal",
                    "value": "True"
                  },
                  "paramint": {
                    "job_input_type": "literal",
                    "value": "2"
                  },
                  "paramfloat": {
                    "job_input_type": "literal",
                    "value": "2.2"
                  },
                  "paramstr": {
                    "job_input_type": "literal",
                    "value": "test"
                  }
                },
                "outputs": {
                  "output_data": {
                    "value": "${{parent.outputs.output_data}}",
                    "type": "literal"
                  },
                  "bool_param_output": {
                    "value": "${{parent.outputs.bool_param_output}}",
                    "type": "literal"
                  },
                  "int_param_output": {
                    "value": "${{parent.outputs.int_param_output}}",
                    "type": "literal"
                  },
                  "float_param_output": {
                    "value": "${{parent.outputs.float_param_output}}",
                    "type": "literal"
                  },
                  "str_param_output": {
                    "value": "${{parent.outputs.str_param_output}}",
                    "type": "literal"
                  }
                },
                "_source": "YAML.COMPONENT",
                "componentId": "/subscriptions/00000000-0000-0000-0000-000000000/resourceGroups/00000/providers/Microsoft.MachineLearningServices/workspaces/00000/components/azureml_anonymous/versions/62d94204-5d50-4141-88a8-94e435f44e03"
              }
            },
            "_source": "DSL",
            "sourceJobId": null
          }
        }
      },
      "StatusCode": 201,
      "ResponseHeaders": {
        "Cache-Control": "no-cache",
        "Content-Length": "1512",
        "Content-Type": "application/json; charset=utf-8",
        "Date": "Thu, 23 Feb 2023 22:07:00 GMT",
        "Expires": "-1",
        "Location": "https://management.azure.com/subscriptions/00000000-0000-0000-0000-000000000/resourceGroups/00000/providers/Microsoft.MachineLearningServices/workspaces/00000/components/test_pipeline_component_control_output/versions/2023-02-23-22-06-58-5362145?api-version=2022-10-01",
        "Pragma": "no-cache",
        "Request-Context": "appId=cid-v1:2d2e8e63-272e-4b3c-8598-4ee570a0e70d",
        "Server-Timing": "traceparent;desc=\u002200-6b05c8bce1d0b5d33fa5c94101e0abaf-63a03912b87832e2-01\u0022",
        "Strict-Transport-Security": "max-age=31536000; includeSubDomains",
        "x-aml-cluster": "vienna-eastus2-02",
        "X-Content-Type-Options": "nosniff",
        "x-ms-correlation-request-id": "06c9de6a-1d5b-4c73-babb-2a21ab2cf07b",
        "x-ms-ratelimit-remaining-subscription-writes": "1188",
        "x-ms-response-type": "standard",
        "x-ms-routing-request-id": "WESTUS:20230223T220700Z:06c9de6a-1d5b-4c73-babb-2a21ab2cf07b",
        "x-request-time": "1.526"
      },
      "ResponseBody": {
        "id": "/subscriptions/00000000-0000-0000-0000-000000000/resourceGroups/00000/providers/Microsoft.MachineLearningServices/workspaces/00000/components/test_pipeline_component_control_output/versions/2023-02-23-22-06-58-5362145",
        "name": "2023-02-23-22-06-58-5362145",
        "type": "Microsoft.MachineLearningServices/workspaces/components/versions",
        "properties": {
          "description": null,
          "tags": {},
          "properties": {},
          "isArchived": false,
          "isAnonymous": false,
          "componentSpec": {
            "name": "test_pipeline_component_control_output",
            "version": "2023-02-23-22-06-58-5362145",
            "display_name": "test_pipeline_component_control_output",
            "is_deterministic": "False",
            "type": "pipeline",
            "outputs": {
              "output_data": {
                "type": "uri_folder"
              },
              "bool_param_output": {
                "type": "boolean",
                "is_control": "True",
                "early_available": "True"
              },
              "int_param_output": {
                "type": "integer",
                "is_control": "True"
              },
              "float_param_output": {
                "type": "number",
                "is_control": "True"
              },
              "str_param_output": {
                "type": "string",
                "is_control": "True"
              }
            }
          }
        },
        "systemData": {
          "createdAt": "2023-02-23T22:07:00.3315874\u002B00:00",
          "createdBy": "Diondra Peck",
          "createdByType": "User",
          "lastModifiedAt": "2023-02-23T22:07:00.3934751\u002B00:00",
          "lastModifiedBy": "Diondra Peck",
          "lastModifiedByType": "User"
        }
      }
    }
  ],
  "Variables": {}
}
