{
  "Entries": [
    {
      "RequestUri": "https://management.azure.com/subscriptions/00000000-0000-0000-0000-000000000/resourceGroups/00000/providers/Microsoft.MachineLearningServices/workspaces/00000/computes/cpu-cluster?api-version=2022-10-01-preview",
      "RequestMethod": "GET",
      "RequestHeaders": {
        "Accept": "application/json",
        "Accept-Encoding": "gzip, deflate",
        "Connection": "keep-alive",
        "User-Agent": "azure-ai-ml/1.5.0 azsdk-python-mgmt-machinelearningservices/0.1.0 Python/3.7.9 (Windows-10-10.0.22621-SP0)"
      },
      "RequestBody": null,
      "StatusCode": 200,
      "ResponseHeaders": {
        "Cache-Control": "no-cache",
        "Content-Encoding": "gzip",
        "Content-Type": "application/json; charset=utf-8",
        "Date": "Thu, 23 Feb 2023 07:12:24 GMT",
        "Expires": "-1",
        "Pragma": "no-cache",
        "Request-Context": "appId=cid-v1:2d2e8e63-272e-4b3c-8598-4ee570a0e70d",
        "Server-Timing": "traceparent;desc=\u002200-b472d9de55251a20210f12af4ead0982-4506d112119d6172-01\u0022",
        "Strict-Transport-Security": "max-age=31536000; includeSubDomains",
        "Transfer-Encoding": "chunked",
        "Vary": [
          "Accept-Encoding",
          "Accept-Encoding"
        ],
        "x-aml-cluster": "vienna-eastus2-01",
        "X-Content-Type-Options": "nosniff",
        "x-ms-correlation-request-id": "33a31c44-c682-49e3-a927-5a8c76b75bbe",
        "x-ms-ratelimit-remaining-subscription-reads": "11995",
        "x-ms-response-type": "standard",
        "x-ms-routing-request-id": "WESTUS2:20230223T071224Z:33a31c44-c682-49e3-a927-5a8c76b75bbe",
        "x-request-time": "0.038"
      },
      "ResponseBody": {
        "id": "/subscriptions/00000000-0000-0000-0000-000000000/resourceGroups/00000/providers/Microsoft.MachineLearningServices/workspaces/00000/computes/cpu-cluster",
        "name": "cpu-cluster",
        "type": "Microsoft.MachineLearningServices/workspaces/computes",
        "location": "eastus2",
        "tags": {},
        "properties": {
          "createdOn": "2023-02-23T02:09:37.0381833\u002B00:00",
          "modifiedOn": "2023-02-23T02:09:40.5544927\u002B00:00",
          "disableLocalAuth": false,
          "description": null,
          "resourceId": null,
          "computeType": "AmlCompute",
          "computeLocation": "eastus2",
          "provisioningState": "Succeeded",
          "provisioningErrors": null,
          "isAttachedCompute": false,
          "properties": {
            "vmSize": "STANDARD_DS2_V2",
            "vmPriority": "Dedicated",
            "scaleSettings": {
              "maxNodeCount": 4,
              "minNodeCount": 0,
              "nodeIdleTimeBeforeScaleDown": "PT2M"
            },
            "subnet": null,
            "currentNodeCount": 2,
            "targetNodeCount": 1,
            "nodeStateCounts": {
              "preparingNodeCount": 0,
              "runningNodeCount": 0,
              "idleNodeCount": 2,
              "unusableNodeCount": 0,
              "leavingNodeCount": 0,
              "preemptedNodeCount": 0
            },
            "allocationState": "Resizing",
            "allocationStateTransitionTime": "2023-02-23T07:11:38.206\u002B00:00",
            "errors": null,
            "remoteLoginPortPublicAccess": "Enabled",
            "osType": "Linux",
            "virtualMachineImage": null,
            "isolatedNetwork": false,
            "propertyBag": {}
          }
        }
      }
    },
    {
      "RequestUri": "https://management.azure.com/subscriptions/00000000-0000-0000-0000-000000000/resourceGroups/00000/providers/Microsoft.MachineLearningServices/workspaces/00000?api-version=2022-10-01",
      "RequestMethod": "GET",
      "RequestHeaders": {
        "Accept": "application/json",
        "Accept-Encoding": "gzip, deflate",
        "Connection": "keep-alive",
        "User-Agent": "azure-ai-ml/1.5.0 azsdk-python-mgmt-machinelearningservices/0.1.0 Python/3.7.9 (Windows-10-10.0.22621-SP0)"
      },
      "RequestBody": null,
      "StatusCode": 200,
      "ResponseHeaders": {
        "Cache-Control": "no-cache",
        "Content-Encoding": "gzip",
        "Content-Type": "application/json; charset=utf-8",
        "Date": "Thu, 23 Feb 2023 07:12:26 GMT",
        "Expires": "-1",
        "Pragma": "no-cache",
        "Request-Context": "appId=cid-v1:2d2e8e63-272e-4b3c-8598-4ee570a0e70d",
        "Server-Timing": "traceparent;desc=\u002200-a08302c0910371758627c6dbf678de79-5de287f8c67357d6-01\u0022",
        "Strict-Transport-Security": "max-age=31536000; includeSubDomains",
        "Transfer-Encoding": "chunked",
        "Vary": [
          "Accept-Encoding",
          "Accept-Encoding"
        ],
        "x-aml-cluster": "vienna-eastus2-02",
        "X-Content-Type-Options": "nosniff",
        "x-ms-correlation-request-id": "bb68eeae-5167-4802-8d89-ccbbf28a67ff",
        "x-ms-ratelimit-remaining-subscription-reads": "11994",
        "x-ms-response-type": "standard",
        "x-ms-routing-request-id": "WESTUS2:20230223T071226Z:bb68eeae-5167-4802-8d89-ccbbf28a67ff",
        "x-request-time": "0.027"
      },
      "ResponseBody": {
        "id": "/subscriptions/00000000-0000-0000-0000-000000000/resourceGroups/00000/providers/Microsoft.MachineLearningServices/workspaces/00000",
        "name": "00000",
        "type": "Microsoft.MachineLearningServices/workspaces",
        "location": "eastus2",
        "tags": {},
        "etag": null,
        "properties": {
          "friendlyName": "00000",
          "description": "",
          "storageAccount": "/subscriptions/00000000-0000-0000-0000-000000000/resourceGroups/00000/providers/Microsoft.Storage/storageAccounts/saveorz2izv2bas",
          "keyVault": "/subscriptions/00000000-0000-0000-0000-000000000/resourceGroups/00000/providers/Microsoft.Keyvault/vaults/kvtest4k4d3fds6sjxs",
          "applicationInsights": "/subscriptions/00000000-0000-0000-0000-000000000/resourceGroups/00000/providers/Microsoft.insights/components/aiveorz2izv2bas",
          "hbiWorkspace": false,
          "tenantId": "72f988bf-86f1-41af-91ab-2d7cd011db47",
          "imageBuildCompute": null,
          "provisioningState": "Succeeded",
          "v1LegacyMode": false,
          "softDeleteEnabled": false,
          "containerRegistry": "/subscriptions/00000000-0000-0000-0000-000000000/resourceGroups/00000/providers/Microsoft.ContainerRegistry/registries/crveorz2izv2bas",
          "notebookInfo": {
            "resourceId": "0000000-0000-0000-0000-000000000000",
            "fqdn": "ml-sdkvnextcli-eastus2-2d1e66ae-85e3-42c0-be91-34de66397f26.eastus2.notebooks.azure.net",
            "isPrivateLinkEnabled": false,
            "notebookPreparationError": null
          },
          "storageHnsEnabled": false,
          "workspaceId": "2d1e66ae-85e3-42c0-be91-34de66397f26",
          "linkedModelInventoryArmId": null,
          "privateLinkCount": 0,
          "publicNetworkAccess": "Enabled",
          "discoveryUrl": "https://eastus2.api.azureml.ms/discovery",
          "mlFlowTrackingUri": "azureml://eastus2.api.azureml.ms/mlflow/v1.0/subscriptions/00000000-0000-0000-0000-000000000/resourceGroups/00000/providers/Microsoft.MachineLearningServices/workspaces/00000",
          "sdkTelemetryAppInsightsKey": "0000000-0000-0000-0000-000000000000",
          "sasGetterUri": "",
          "enableDataIsolation": false
        },
        "identity": {
          "type": "SystemAssigned",
          "principalId": "0000000-0000-0000-0000-000000000000",
          "tenantId": "72f988bf-86f1-41af-91ab-2d7cd011db47"
        },
        "kind": "Default",
        "sku": {
          "name": "Basic",
          "tier": "Basic"
        },
        "systemData": {
          "createdAt": "2023-02-23T02:09:00.5159669Z",
          "createdBy": "dipeck@microsoft.com",
          "createdByType": "User",
          "lastModifiedAt": "2023-02-23T02:09:00.5159669Z",
          "lastModifiedBy": "dipeck@microsoft.com",
          "lastModifiedByType": "User"
        }
      }
    },
    {
      "RequestUri": "https://management.azure.com/subscriptions/00000000-0000-0000-0000-000000000/resourceGroups/00000/providers/Microsoft.MachineLearningServices/workspaces/00000?api-version=2022-10-01",
      "RequestMethod": "GET",
      "RequestHeaders": {
        "Accept": "application/json",
        "Accept-Encoding": "gzip, deflate",
        "Connection": "keep-alive",
        "User-Agent": "azure-ai-ml/1.5.0 azsdk-python-mgmt-machinelearningservices/0.1.0 Python/3.7.9 (Windows-10-10.0.22621-SP0)"
      },
      "RequestBody": null,
      "StatusCode": 200,
      "ResponseHeaders": {
        "Cache-Control": "no-cache",
        "Content-Encoding": "gzip",
        "Content-Type": "application/json; charset=utf-8",
        "Date": "Thu, 23 Feb 2023 07:12:26 GMT",
        "Expires": "-1",
        "Pragma": "no-cache",
        "Request-Context": "appId=cid-v1:2d2e8e63-272e-4b3c-8598-4ee570a0e70d",
        "Server-Timing": "traceparent;desc=\u002200-16fcbd22b623a7fe3b33b35536b9ef53-27d5d5c00dca8d0c-01\u0022",
        "Strict-Transport-Security": "max-age=31536000; includeSubDomains",
        "Transfer-Encoding": "chunked",
        "Vary": [
          "Accept-Encoding",
          "Accept-Encoding"
        ],
        "x-aml-cluster": "vienna-eastus2-02",
        "X-Content-Type-Options": "nosniff",
        "x-ms-correlation-request-id": "5ec0e1f7-c38f-4627-b056-e013e64b048b",
        "x-ms-ratelimit-remaining-subscription-reads": "11999",
        "x-ms-response-type": "standard",
        "x-ms-routing-request-id": "WESTUS2:20230223T071226Z:5ec0e1f7-c38f-4627-b056-e013e64b048b",
        "x-request-time": "0.065"
      },
      "ResponseBody": {
        "id": "/subscriptions/00000000-0000-0000-0000-000000000/resourceGroups/00000/providers/Microsoft.MachineLearningServices/workspaces/00000",
        "name": "00000",
        "type": "Microsoft.MachineLearningServices/workspaces",
        "location": "eastus2",
        "tags": {},
        "etag": null,
        "properties": {
          "friendlyName": "00000",
          "description": "",
          "storageAccount": "/subscriptions/00000000-0000-0000-0000-000000000/resourceGroups/00000/providers/Microsoft.Storage/storageAccounts/saveorz2izv2bas",
          "keyVault": "/subscriptions/00000000-0000-0000-0000-000000000/resourceGroups/00000/providers/Microsoft.Keyvault/vaults/kvtest4k4d3fds6sjxs",
          "applicationInsights": "/subscriptions/00000000-0000-0000-0000-000000000/resourceGroups/00000/providers/Microsoft.insights/components/aiveorz2izv2bas",
          "hbiWorkspace": false,
          "tenantId": "72f988bf-86f1-41af-91ab-2d7cd011db47",
          "imageBuildCompute": null,
          "provisioningState": "Succeeded",
          "v1LegacyMode": false,
          "softDeleteEnabled": false,
          "containerRegistry": "/subscriptions/00000000-0000-0000-0000-000000000/resourceGroups/00000/providers/Microsoft.ContainerRegistry/registries/crveorz2izv2bas",
          "notebookInfo": {
            "resourceId": "0000000-0000-0000-0000-000000000000",
            "fqdn": "ml-sdkvnextcli-eastus2-2d1e66ae-85e3-42c0-be91-34de66397f26.eastus2.notebooks.azure.net",
            "isPrivateLinkEnabled": false,
            "notebookPreparationError": null
          },
          "storageHnsEnabled": false,
          "workspaceId": "2d1e66ae-85e3-42c0-be91-34de66397f26",
          "linkedModelInventoryArmId": null,
          "privateLinkCount": 0,
          "publicNetworkAccess": "Enabled",
          "discoveryUrl": "https://eastus2.api.azureml.ms/discovery",
          "mlFlowTrackingUri": "azureml://eastus2.api.azureml.ms/mlflow/v1.0/subscriptions/00000000-0000-0000-0000-000000000/resourceGroups/00000/providers/Microsoft.MachineLearningServices/workspaces/00000",
          "sdkTelemetryAppInsightsKey": "0000000-0000-0000-0000-000000000000",
          "sasGetterUri": "",
          "enableDataIsolation": false
        },
        "identity": {
          "type": "SystemAssigned",
          "principalId": "0000000-0000-0000-0000-000000000000",
          "tenantId": "72f988bf-86f1-41af-91ab-2d7cd011db47"
        },
        "kind": "Default",
        "sku": {
          "name": "Basic",
          "tier": "Basic"
        },
        "systemData": {
          "createdAt": "2023-02-23T02:09:00.5159669Z",
          "createdBy": "dipeck@microsoft.com",
          "createdByType": "User",
          "lastModifiedAt": "2023-02-23T02:09:00.5159669Z",
          "lastModifiedBy": "dipeck@microsoft.com",
          "lastModifiedByType": "User"
        }
      }
    },
    {
      "RequestUri": "https://management.azure.com/subscriptions/00000000-0000-0000-0000-000000000/resourceGroups/00000/providers/Microsoft.MachineLearningServices/workspaces/00000?api-version=2022-10-01",
      "RequestMethod": "GET",
      "RequestHeaders": {
        "Accept": "application/json",
        "Accept-Encoding": "gzip, deflate",
        "Connection": "keep-alive",
        "User-Agent": "azure-ai-ml/1.5.0 azsdk-python-mgmt-machinelearningservices/0.1.0 Python/3.7.9 (Windows-10-10.0.22621-SP0)"
      },
      "RequestBody": null,
      "StatusCode": 200,
      "ResponseHeaders": {
        "Cache-Control": "no-cache",
        "Content-Encoding": "gzip",
        "Content-Type": "application/json; charset=utf-8",
        "Date": "Thu, 23 Feb 2023 07:12:25 GMT",
        "Expires": "-1",
        "Pragma": "no-cache",
        "Request-Context": "appId=cid-v1:2d2e8e63-272e-4b3c-8598-4ee570a0e70d",
        "Server-Timing": "traceparent;desc=\u002200-42722323e8c4e15b00a12907f0729bea-2ff58696d92fea77-01\u0022",
        "Strict-Transport-Security": "max-age=31536000; includeSubDomains",
        "Transfer-Encoding": "chunked",
        "Vary": [
          "Accept-Encoding",
          "Accept-Encoding"
        ],
        "x-aml-cluster": "vienna-eastus2-01",
        "X-Content-Type-Options": "nosniff",
        "x-ms-correlation-request-id": "d04a107a-ffda-4846-8091-88735cc0d554",
        "x-ms-ratelimit-remaining-subscription-reads": "11971",
        "x-ms-response-type": "standard",
        "x-ms-routing-request-id": "WESTUS2:20230223T071226Z:d04a107a-ffda-4846-8091-88735cc0d554",
        "x-request-time": "0.107"
      },
      "ResponseBody": {
        "id": "/subscriptions/00000000-0000-0000-0000-000000000/resourceGroups/00000/providers/Microsoft.MachineLearningServices/workspaces/00000",
        "name": "00000",
        "type": "Microsoft.MachineLearningServices/workspaces",
        "location": "eastus2",
        "tags": {},
        "etag": null,
        "properties": {
          "friendlyName": "00000",
          "description": "",
          "storageAccount": "/subscriptions/00000000-0000-0000-0000-000000000/resourceGroups/00000/providers/Microsoft.Storage/storageAccounts/saveorz2izv2bas",
          "keyVault": "/subscriptions/00000000-0000-0000-0000-000000000/resourceGroups/00000/providers/Microsoft.Keyvault/vaults/kvtest4k4d3fds6sjxs",
          "applicationInsights": "/subscriptions/00000000-0000-0000-0000-000000000/resourceGroups/00000/providers/Microsoft.insights/components/aiveorz2izv2bas",
          "hbiWorkspace": false,
          "tenantId": "72f988bf-86f1-41af-91ab-2d7cd011db47",
          "imageBuildCompute": null,
          "provisioningState": "Succeeded",
          "v1LegacyMode": false,
          "softDeleteEnabled": false,
          "containerRegistry": "/subscriptions/00000000-0000-0000-0000-000000000/resourceGroups/00000/providers/Microsoft.ContainerRegistry/registries/crveorz2izv2bas",
          "notebookInfo": {
            "resourceId": "0000000-0000-0000-0000-000000000000",
            "fqdn": "ml-sdkvnextcli-eastus2-2d1e66ae-85e3-42c0-be91-34de66397f26.eastus2.notebooks.azure.net",
            "isPrivateLinkEnabled": false,
            "notebookPreparationError": null
          },
          "storageHnsEnabled": false,
          "workspaceId": "2d1e66ae-85e3-42c0-be91-34de66397f26",
          "linkedModelInventoryArmId": null,
          "privateLinkCount": 0,
          "publicNetworkAccess": "Enabled",
          "discoveryUrl": "https://eastus2.api.azureml.ms/discovery",
          "mlFlowTrackingUri": "azureml://eastus2.api.azureml.ms/mlflow/v1.0/subscriptions/00000000-0000-0000-0000-000000000/resourceGroups/00000/providers/Microsoft.MachineLearningServices/workspaces/00000",
          "sdkTelemetryAppInsightsKey": "0000000-0000-0000-0000-000000000000",
          "sasGetterUri": "",
          "enableDataIsolation": false
        },
        "identity": {
          "type": "SystemAssigned",
          "principalId": "0000000-0000-0000-0000-000000000000",
          "tenantId": "72f988bf-86f1-41af-91ab-2d7cd011db47"
        },
        "kind": "Default",
        "sku": {
          "name": "Basic",
          "tier": "Basic"
        },
        "systemData": {
          "createdAt": "2023-02-23T02:09:00.5159669Z",
          "createdBy": "dipeck@microsoft.com",
          "createdByType": "User",
          "lastModifiedAt": "2023-02-23T02:09:00.5159669Z",
          "lastModifiedBy": "dipeck@microsoft.com",
          "lastModifiedByType": "User"
        }
      }
    },
    {
      "RequestUri": "https://eastus2.api.azureml.ms/content/v2.0/subscriptions/00000000-0000-0000-0000-000000000/resourceGroups/00000/providers/Microsoft.MachineLearningServices/workspaces/00000/snapshots/getByHash?hash=810ad5671ad6b6969573d0fbd5e4c46091fc6d17a618f5f1db348d4d6dc4f3b0\u0026hashVersion=202208",
      "RequestMethod": "GET",
      "RequestHeaders": {
        "Accept": "*/*",
        "Accept-Encoding": "gzip, deflate",
        "Connection": "keep-alive",
        "Content-Type": "application/json; charset=UTF-8",
        "User-Agent": "azure-ai-ml/1.5.0 azsdk-python-core/1.26.3 Python/3.7.9 (Windows-10-10.0.22621-SP0)"
      },
      "RequestBody": null,
      "StatusCode": 404,
      "ResponseHeaders": {
        "Connection": "keep-alive",
        "Content-Encoding": "gzip",
        "Content-Type": "application/json; charset=utf-8",
        "Date": "Thu, 23 Feb 2023 07:12:28 GMT",
        "Request-Context": "appId=cid-v1:2d2e8e63-272e-4b3c-8598-4ee570a0e70d",
        "Strict-Transport-Security": "max-age=15724800; includeSubDomains; preload",
        "Transfer-Encoding": "chunked",
        "Vary": "Accept-Encoding",
        "x-aml-cluster": "vienna-eastus2-02",
        "X-Content-Type-Options": "nosniff",
        "x-ms-response-type": "error",
        "x-request-time": "0.032"
      },
      "ResponseBody": {
        "error": {
          "code": "UserError",
          "severity": null,
          "message": "Snapshot with hash 810ad5671ad6b6969573d0fbd5e4c46091fc6d17a618f5f1db348d4d6dc4f3b0 was not found",
          "messageFormat": null,
          "messageParameters": null,
          "referenceCode": null,
          "detailsUri": null,
          "target": null,
          "details": [],
          "innerError": {
            "code": "NotFoundError",
            "innerError": null
          },
          "debugInfo": null,
          "additionalInfo": null
        },
        "correlation": {
          "operation": "4385259cfdab6e51a39d6087017bd869",
          "request": "91feb7b99701d840"
        },
        "environment": "eastus2",
        "location": "eastus2",
        "time": "2023-02-23T07:12:28.3766805\u002B00:00",
        "componentName": "project"
      }
    },
    {
      "RequestUri": "https://eastus2.api.azureml.ms/content/v2.0/subscriptions/00000000-0000-0000-0000-000000000/resourceGroups/00000/providers/Microsoft.MachineLearningServices/workspaces/00000/snapshots/getByHash?hash=b85a3047f448a0ae473fa9cedf9b99c0184bbeb5dc933c62c8846eaf0f08b7c2\u0026hashVersion=202208",
      "RequestMethod": "GET",
      "RequestHeaders": {
        "Accept": "*/*",
        "Accept-Encoding": "gzip, deflate",
        "Connection": "keep-alive",
        "Content-Type": "application/json; charset=UTF-8",
        "User-Agent": "azure-ai-ml/1.5.0 azsdk-python-core/1.26.3 Python/3.7.9 (Windows-10-10.0.22621-SP0)"
      },
      "RequestBody": null,
      "StatusCode": 404,
      "ResponseHeaders": {
        "Connection": "keep-alive",
        "Content-Encoding": "gzip",
        "Content-Type": "application/json; charset=utf-8",
        "Date": "Thu, 23 Feb 2023 07:12:28 GMT",
        "Request-Context": "appId=cid-v1:2d2e8e63-272e-4b3c-8598-4ee570a0e70d",
        "Strict-Transport-Security": "max-age=15724800; includeSubDomains; preload",
        "Transfer-Encoding": "chunked",
        "Vary": "Accept-Encoding",
        "x-aml-cluster": "vienna-eastus2-01",
        "X-Content-Type-Options": "nosniff",
        "x-ms-response-type": "error",
        "x-request-time": "0.033"
      },
      "ResponseBody": {
        "error": {
          "code": "UserError",
          "severity": null,
          "message": "Snapshot with hash b85a3047f448a0ae473fa9cedf9b99c0184bbeb5dc933c62c8846eaf0f08b7c2 was not found",
          "messageFormat": null,
          "messageParameters": null,
          "referenceCode": null,
          "detailsUri": null,
          "target": null,
          "details": [],
          "innerError": {
            "code": "NotFoundError",
            "innerError": null
          },
          "debugInfo": null,
          "additionalInfo": null
        },
        "correlation": {
          "operation": "b68eb54443881b02ad8aa66713c72919",
          "request": "71ef524f7c219e33"
        },
        "environment": "eastus2",
        "location": "eastus2",
        "time": "2023-02-23T07:12:28.3857227\u002B00:00",
        "componentName": "project"
      }
    },
    {
      "RequestUri": "https://eastus2.api.azureml.ms/content/v2.0/subscriptions/00000000-0000-0000-0000-000000000/resourceGroups/00000/providers/Microsoft.MachineLearningServices/workspaces/00000/snapshots/getByHash?hash=93b2a60435fd35776b3c8ba5a0de0bbfb074563f45e862fa0345f9c6dfef7b75\u0026hashVersion=202208",
      "RequestMethod": "GET",
      "RequestHeaders": {
        "Accept": "*/*",
        "Accept-Encoding": "gzip, deflate",
        "Connection": "keep-alive",
        "Content-Type": "application/json; charset=UTF-8",
        "User-Agent": "azure-ai-ml/1.5.0 azsdk-python-core/1.26.3 Python/3.7.9 (Windows-10-10.0.22621-SP0)"
      },
      "RequestBody": null,
      "StatusCode": 404,
      "ResponseHeaders": {
        "Connection": "keep-alive",
        "Content-Encoding": "gzip",
        "Content-Type": "application/json; charset=utf-8",
        "Date": "Thu, 23 Feb 2023 07:12:28 GMT",
        "Request-Context": "appId=cid-v1:2d2e8e63-272e-4b3c-8598-4ee570a0e70d",
        "Strict-Transport-Security": "max-age=15724800; includeSubDomains; preload",
        "Transfer-Encoding": "chunked",
        "Vary": "Accept-Encoding",
        "x-aml-cluster": "vienna-eastus2-02",
        "X-Content-Type-Options": "nosniff",
        "x-ms-response-type": "error",
        "x-request-time": "0.036"
      },
      "ResponseBody": {
        "error": {
          "code": "UserError",
          "severity": null,
          "message": "Snapshot with hash 93b2a60435fd35776b3c8ba5a0de0bbfb074563f45e862fa0345f9c6dfef7b75 was not found",
          "messageFormat": null,
          "messageParameters": null,
          "referenceCode": null,
          "detailsUri": null,
          "target": null,
          "details": [],
          "innerError": {
            "code": "NotFoundError",
            "innerError": null
          },
          "debugInfo": null,
          "additionalInfo": null
        },
        "correlation": {
          "operation": "536d949cf6fde4a5e686dade3994fd09",
          "request": "753a25e43169b971"
        },
        "environment": "eastus2",
        "location": "eastus2",
        "time": "2023-02-23T07:12:28.5664858\u002B00:00",
        "componentName": "project"
      }
    },
    {
      "RequestUri": "https://eastus2.api.azureml.ms/assetstore/v1.0/temporaryDataReference/createOrGet",
      "RequestMethod": "POST",
      "RequestHeaders": {
        "Accept": "*/*",
        "Accept-Encoding": "gzip, deflate",
        "Connection": "keep-alive",
        "Content-Length": "253",
        "Content-Type": "application/json; charset=UTF-8",
        "User-Agent": "azure-ai-ml/1.5.0 azsdk-python-core/1.26.3 Python/3.7.9 (Windows-10-10.0.22621-SP0)"
      },
      "RequestBody": {
        "assetId": "azureml://locations/eastus2/workspaces/2d1e66ae-85e3-42c0-be91-34de66397f26/codes/40f5bfe8-b121-4d69-a525-ec67ebab0c24/versions/1",
        "temporaryDataReferenceId": "000000000000000000000",
        "temporaryDataReferenceType": "TemporaryBlobReference"
      },
      "StatusCode": 200,
      "ResponseHeaders": {
        "Connection": "keep-alive",
        "Content-Encoding": "gzip",
        "Content-Type": "application/json; charset=utf-8",
        "Date": "Thu, 23 Feb 2023 07:12:30 GMT",
        "Request-Context": "appId=cid-v1:2d2e8e63-272e-4b3c-8598-4ee570a0e70d",
        "Strict-Transport-Security": "max-age=15724800; includeSubDomains; preload",
        "Transfer-Encoding": "chunked",
        "Vary": "Accept-Encoding",
        "x-aml-cluster": "vienna-eastus2-02",
        "X-Content-Type-Options": "nosniff",
        "x-ms-response-type": "standard",
        "x-request-time": "0.145"
      },
      "ResponseBody": {
        "blobReferenceForConsumption": {
          "blobUri": "https://saveorz2izv2bas.blob.core.windows.net:443/2d1e66ae-8-b243ba66-feff-599e-9f28-85d60e97efed",
          "storageAccountArmId": "/subscriptions/00000000-0000-0000-0000-000000000/resourceGroups/00000/providers/Microsoft.Storage/storageAccounts/saveorz2izv2bas",
          "credential": {
            "sasUri": "https://saveorz2izv2bas.blob.core.windows.net/2d1e66ae-8-b243ba66-feff-599e-9f28-85d60e97efed?skoid=a7dd2c6d-73fb-4c57-85b2-5c1af4f6364a\u0026sktid=72f988bf-86f1-41af-91ab-2d7cd011db47\u0026skt=2023-02-23T02%3A03%3A03Z\u0026ske=2023-02-24T10%3A13%3A03Z\u0026sks=b\u0026skv=2019-07-07\u0026sv=2021-08-06\u0026st=2023-02-23T07%3A02%3A30Z\u0026se=2023-02-23T15%3A12%3A30Z\u0026sr=c\u0026sp=rcwl\u0026sig=0000000000000000000000000000000000003D",
            "wasbsUri": null,
            "credentialType": "SAS"
          }
        },
        "imageReferenceForConsumption": null,
        "temporaryDataReferenceId": "000000000000000000000",
        "temporaryDataReferenceType": null
      }
    },
    {
      "RequestUri": "https://saveorz2izv2bas.blob.core.windows.net/2d1e66ae-8-b243ba66-feff-599e-9f28-85d60e97efed/componentC_src/hello.py?skoid=a7dd2c6d-73fb-4c57-85b2-5c1af4f6364a\u0026sktid=72f988bf-86f1-41af-91ab-2d7cd011db47\u0026skt=2023-02-23T02%3A03%3A03Z\u0026ske=2023-02-24T10%3A13%3A03Z\u0026sks=b\u0026skv=2019-07-07\u0026sv=2021-08-06\u0026st=2023-02-23T07%3A02%3A30Z\u0026se=2023-02-23T15%3A12%3A30Z\u0026sr=c\u0026sp=rcwl\u0026sig=0000000000000000000000000000000000003D",
      "RequestMethod": "HEAD",
      "RequestHeaders": {
        "Accept": "application/xml",
        "Accept-Encoding": "gzip, deflate",
        "Connection": "keep-alive",
        "User-Agent": "azsdk-python-storage-blob/12.14.1 Python/3.7.9 (Windows-10-10.0.22621-SP0)",
        "x-ms-date": "Thu, 23 Feb 2023 07:12:30 GMT",
        "x-ms-version": "2021-08-06"
      },
      "RequestBody": null,
      "StatusCode": 404,
      "ResponseHeaders": {
        "Date": "Thu, 23 Feb 2023 07:12:30 GMT",
        "Server": [
          "Windows-Azure-Blob/1.0",
          "Microsoft-HTTPAPI/2.0"
        ],
        "Transfer-Encoding": "chunked",
        "Vary": "Origin",
        "x-ms-error-code": "BlobNotFound",
        "x-ms-version": "2021-08-06"
      },
      "ResponseBody": null
    },
    {
      "RequestUri": "https://eastus2.api.azureml.ms/assetstore/v1.0/temporaryDataReference/createOrGet",
      "RequestMethod": "POST",
      "RequestHeaders": {
        "Accept": "*/*",
        "Accept-Encoding": "gzip, deflate",
        "Connection": "keep-alive",
        "Content-Length": "253",
        "Content-Type": "application/json; charset=UTF-8",
        "User-Agent": "azure-ai-ml/1.5.0 azsdk-python-core/1.26.3 Python/3.7.9 (Windows-10-10.0.22621-SP0)"
      },
      "RequestBody": {
        "assetId": "azureml://locations/eastus2/workspaces/2d1e66ae-85e3-42c0-be91-34de66397f26/codes/e624980e-40b9-4815-941c-c5869a954648/versions/1",
        "temporaryDataReferenceId": "000000000000000000000",
        "temporaryDataReferenceType": "TemporaryBlobReference"
      },
      "StatusCode": 200,
      "ResponseHeaders": {
        "Connection": "keep-alive",
        "Content-Encoding": "gzip",
        "Content-Type": "application/json; charset=utf-8",
        "Date": "Thu, 23 Feb 2023 07:12:30 GMT",
        "Request-Context": "appId=cid-v1:2d2e8e63-272e-4b3c-8598-4ee570a0e70d",
        "Strict-Transport-Security": "max-age=15724800; includeSubDomains; preload",
        "Transfer-Encoding": "chunked",
        "Vary": "Accept-Encoding",
        "x-aml-cluster": "vienna-eastus2-02",
        "X-Content-Type-Options": "nosniff",
        "x-ms-response-type": "standard",
        "x-request-time": "0.398"
      },
      "ResponseBody": {
        "blobReferenceForConsumption": {
          "blobUri": "https://saveorz2izv2bas.blob.core.windows.net:443/2d1e66ae-8-0269322f-0299-5c0e-a458-beee6763f542",
          "storageAccountArmId": "/subscriptions/00000000-0000-0000-0000-000000000/resourceGroups/00000/providers/Microsoft.Storage/storageAccounts/saveorz2izv2bas",
          "credential": {
            "sasUri": "https://saveorz2izv2bas.blob.core.windows.net/2d1e66ae-8-0269322f-0299-5c0e-a458-beee6763f542?skoid=a7dd2c6d-73fb-4c57-85b2-5c1af4f6364a\u0026sktid=72f988bf-86f1-41af-91ab-2d7cd011db47\u0026skt=2023-02-23T02%3A03%3A03Z\u0026ske=2023-02-24T10%3A13%3A03Z\u0026sks=b\u0026skv=2019-07-07\u0026sv=2021-08-06\u0026st=2023-02-23T07%3A02%3A30Z\u0026se=2023-02-23T15%3A12%3A30Z\u0026sr=c\u0026sp=rcwl\u0026sig=000000000000000000000000000000000000",
            "wasbsUri": null,
            "credentialType": "SAS"
          }
        },
        "imageReferenceForConsumption": null,
        "temporaryDataReferenceId": "000000000000000000000",
        "temporaryDataReferenceType": null
      }
    },
    {
      "RequestUri": "https://eastus2.api.azureml.ms/assetstore/v1.0/temporaryDataReference/createOrGet",
      "RequestMethod": "POST",
      "RequestHeaders": {
        "Accept": "*/*",
        "Accept-Encoding": "gzip, deflate",
        "Connection": "keep-alive",
        "Content-Length": "253",
        "Content-Type": "application/json; charset=UTF-8",
        "User-Agent": "azure-ai-ml/1.5.0 azsdk-python-core/1.26.3 Python/3.7.9 (Windows-10-10.0.22621-SP0)"
      },
      "RequestBody": {
        "assetId": "azureml://locations/eastus2/workspaces/2d1e66ae-85e3-42c0-be91-34de66397f26/codes/93d2a367-afd5-4aa0-b7a5-8aea4f62b26a/versions/1",
        "temporaryDataReferenceId": "000000000000000000000",
        "temporaryDataReferenceType": "TemporaryBlobReference"
      },
      "StatusCode": 200,
      "ResponseHeaders": {
        "Connection": "keep-alive",
        "Content-Encoding": "gzip",
        "Content-Type": "application/json; charset=utf-8",
        "Date": "Thu, 23 Feb 2023 07:12:30 GMT",
        "Request-Context": "appId=cid-v1:2d2e8e63-272e-4b3c-8598-4ee570a0e70d",
        "Strict-Transport-Security": "max-age=15724800; includeSubDomains; preload",
        "Transfer-Encoding": "chunked",
        "Vary": "Accept-Encoding",
        "x-aml-cluster": "vienna-eastus2-01",
        "X-Content-Type-Options": "nosniff",
        "x-ms-response-type": "standard",
        "x-request-time": "0.313"
      },
      "ResponseBody": {
        "blobReferenceForConsumption": {
          "blobUri": "https://saveorz2izv2bas.blob.core.windows.net:443/2d1e66ae-8-8781fceb-997e-5904-821b-b7c706754eaa",
          "storageAccountArmId": "/subscriptions/00000000-0000-0000-0000-000000000/resourceGroups/00000/providers/Microsoft.Storage/storageAccounts/saveorz2izv2bas",
          "credential": {
            "sasUri": "https://saveorz2izv2bas.blob.core.windows.net/2d1e66ae-8-8781fceb-997e-5904-821b-b7c706754eaa?skoid=a7dd2c6d-73fb-4c57-85b2-5c1af4f6364a\u0026sktid=72f988bf-86f1-41af-91ab-2d7cd011db47\u0026skt=2023-02-23T02%3A03%3A03Z\u0026ske=2023-02-24T10%3A13%3A03Z\u0026sks=b\u0026skv=2019-07-07\u0026sv=2021-08-06\u0026st=2023-02-23T07%3A02%3A30Z\u0026se=2023-02-23T15%3A12%3A30Z\u0026sr=c\u0026sp=rcwl\u0026sig=000000000000000000000000000000000000",
            "wasbsUri": null,
            "credentialType": "SAS"
          }
        },
        "imageReferenceForConsumption": null,
        "temporaryDataReferenceId": "000000000000000000000",
        "temporaryDataReferenceType": null
      }
    },
    {
      "RequestUri": "https://saveorz2izv2bas.blob.core.windows.net/2d1e66ae-8-b243ba66-feff-599e-9f28-85d60e97efed/componentC_src/hello.py?skoid=a7dd2c6d-73fb-4c57-85b2-5c1af4f6364a\u0026sktid=72f988bf-86f1-41af-91ab-2d7cd011db47\u0026skt=2023-02-23T02%3A03%3A03Z\u0026ske=2023-02-24T10%3A13%3A03Z\u0026sks=b\u0026skv=2019-07-07\u0026sv=2021-08-06\u0026st=2023-02-23T07%3A02%3A30Z\u0026se=2023-02-23T15%3A12%3A30Z\u0026sr=c\u0026sp=rcwl\u0026sig=0000000000000000000000000000000000003D",
      "RequestMethod": "PUT",
      "RequestHeaders": {
        "Accept": "application/xml",
        "Accept-Encoding": "gzip, deflate",
        "Connection": "keep-alive",
        "Content-Length": "979",
        "Content-MD5": "S7PwPUSHep0OuX6yU/ovbg==",
        "Content-Type": "application/octet-stream",
        "If-None-Match": "*",
        "User-Agent": "azsdk-python-storage-blob/12.14.1 Python/3.7.9 (Windows-10-10.0.22621-SP0)",
        "x-ms-blob-type": "BlockBlob",
        "x-ms-date": "Thu, 23 Feb 2023 07:12:30 GMT",
        "x-ms-version": "2021-08-06"
      },
      "RequestBody": "aW1wb3J0IGFyZ3BhcnNlCmltcG9ydCBvcwpmcm9tIGRhdGV0aW1lIGltcG9ydCBkYXRldGltZQoKcGFyc2VyID0gYXJncGFyc2UuQXJndW1lbnRQYXJzZXIoKQpwYXJzZXIuYWRkX2FyZ3VtZW50KCItLWNvbXBvbmVudENfaW5wdXQiLCB0eXBlPXN0cikKcGFyc2VyLmFkZF9hcmd1bWVudCgiLS1jb21wb25lbnRDX291dHB1dCIsIHR5cGU9c3RyKQoKcHJpbnQoIkhlbGxvIFB5dGhvbiBXb3JsZC4uLlxuSSdtIGNvbXBvbmVudEMgOi0pIikKCmFyZ3MgPSBwYXJzZXIucGFyc2VfYXJncygpCgpwcmludCgiY29tcG9uZW50Q19pbnB1dCBwYXRoOiAlcyIgJSBhcmdzLmNvbXBvbmVudENfaW5wdXQpCnByaW50KCJjb21wb25lbnRDX291dHB1dCBwYXRoOiAlcyIgJSBhcmdzLmNvbXBvbmVudENfb3V0cHV0KQoKcHJpbnQoImZpbGVzIGluIGlucHV0IHBhdGg6ICIpCmFyciA9IG9zLmxpc3RkaXIoYXJncy5jb21wb25lbnRDX2lucHV0KQpwcmludChhcnIpCgpmb3IgZmlsZW5hbWUgaW4gYXJyOgogICAgcHJpbnQoInJlYWRpbmcgZmlsZTogJXMgLi4uIiAlIGZpbGVuYW1lKQogICAgd2l0aCBvcGVuKG9zLnBhdGguam9pbihhcmdzLmNvbXBvbmVudENfaW5wdXQsIGZpbGVuYW1lKSwgInIiKSBhcyBoYW5kbGU6CiAgICAgICAgcHJpbnQoaGFuZGxlLnJlYWQoKSkKCmN1cl90aW1lX3N0ciA9IGRhdGV0aW1lLm5vdygpLnN0cmZ0aW1lKCIlYi0lZC0lWS0lSC0lTS0lUyIpCgpwcmludCgiV3JpdGluZyBmaWxlOiAlcyIgJSBvcy5wYXRoLmpvaW4oYXJncy5jb21wb25lbnRDX291dHB1dCwgImZpbGUtIiArIGN1cl90aW1lX3N0ciArICIudHh0IikpCndpdGggb3Blbihvcy5wYXRoLmpvaW4oYXJncy5jb21wb25lbnRDX291dHB1dCwgImZpbGUtIiArIGN1cl90aW1lX3N0ciArICIudHh0IiksICJ3dCIpIGFzIHRleHRfZmlsZToKICAgIHByaW50KGYiTG9nZ2luZyBkYXRlIHRpbWU6IHtjdXJfdGltZV9zdHJ9IiwgZmlsZT10ZXh0X2ZpbGUpCg==",
      "StatusCode": 201,
      "ResponseHeaders": {
        "Content-Length": "0",
        "Content-MD5": "S7PwPUSHep0OuX6yU/ovbg==",
        "Date": "Thu, 23 Feb 2023 07:12:30 GMT",
        "ETag": "\u00220x8DB156D53D768B2\u0022",
        "Last-Modified": "Thu, 23 Feb 2023 07:12:30 GMT",
        "Server": [
          "Windows-Azure-Blob/1.0",
          "Microsoft-HTTPAPI/2.0"
        ],
        "x-ms-content-crc64": "MURwWGPAAwk=",
        "x-ms-request-server-encrypted": "true",
        "x-ms-version": "2021-08-06"
      },
      "ResponseBody": null
    },
    {
      "RequestUri": "https://saveorz2izv2bas.blob.core.windows.net/2d1e66ae-8-b243ba66-feff-599e-9f28-85d60e97efed/componentC_src/hello.py?comp=metadata\u0026skoid=a7dd2c6d-73fb-4c57-85b2-5c1af4f6364a\u0026sktid=72f988bf-86f1-41af-91ab-2d7cd011db47\u0026skt=2023-02-23T02%3A03%3A03Z\u0026ske=2023-02-24T10%3A13%3A03Z\u0026sks=b\u0026skv=2019-07-07\u0026sv=2021-08-06\u0026st=2023-02-23T07%3A02%3A30Z\u0026se=2023-02-23T15%3A12%3A30Z\u0026sr=c\u0026sp=rcwl\u0026sig=0000000000000000000000000000000000003D",
      "RequestMethod": "PUT",
      "RequestHeaders": {
        "Accept": "application/xml",
        "Accept-Encoding": "gzip, deflate",
        "Connection": "keep-alive",
        "Content-Length": "0",
        "User-Agent": "azsdk-python-storage-blob/12.14.1 Python/3.7.9 (Windows-10-10.0.22621-SP0)",
        "x-ms-date": "Thu, 23 Feb 2023 07:12:30 GMT",
        "x-ms-meta-name": "40f5bfe8-b121-4d69-a525-ec67ebab0c24",
        "x-ms-meta-upload_status": "completed",
        "x-ms-meta-version": "1",
        "x-ms-version": "2021-08-06"
      },
      "RequestBody": null,
      "StatusCode": 200,
      "ResponseHeaders": {
        "Content-Length": "0",
        "Date": "Thu, 23 Feb 2023 07:12:30 GMT",
        "ETag": "\u00220x8DB156D53F37818\u0022",
        "Last-Modified": "Thu, 23 Feb 2023 07:12:30 GMT",
        "Server": [
          "Windows-Azure-Blob/1.0",
          "Microsoft-HTTPAPI/2.0"
        ],
        "x-ms-request-server-encrypted": "true",
        "x-ms-version": "2021-08-06"
      },
      "ResponseBody": null
    },
    {
      "RequestUri": "https://saveorz2izv2bas.blob.core.windows.net/2d1e66ae-8-8781fceb-997e-5904-821b-b7c706754eaa/componentA_src/hello.py?skoid=a7dd2c6d-73fb-4c57-85b2-5c1af4f6364a\u0026sktid=72f988bf-86f1-41af-91ab-2d7cd011db47\u0026skt=2023-02-23T02%3A03%3A03Z\u0026ske=2023-02-24T10%3A13%3A03Z\u0026sks=b\u0026skv=2019-07-07\u0026sv=2021-08-06\u0026st=2023-02-23T07%3A02%3A30Z\u0026se=2023-02-23T15%3A12%3A30Z\u0026sr=c\u0026sp=rcwl\u0026sig=000000000000000000000000000000000000",
      "RequestMethod": "HEAD",
      "RequestHeaders": {
        "Accept": "application/xml",
        "Accept-Encoding": "gzip, deflate",
        "Connection": "keep-alive",
        "User-Agent": "azsdk-python-storage-blob/12.14.1 Python/3.7.9 (Windows-10-10.0.22621-SP0)",
        "x-ms-date": "Thu, 23 Feb 2023 07:12:30 GMT",
        "x-ms-version": "2021-08-06"
      },
      "RequestBody": null,
      "StatusCode": 404,
      "ResponseHeaders": {
        "Date": "Thu, 23 Feb 2023 07:12:30 GMT",
        "Server": [
          "Windows-Azure-Blob/1.0",
          "Microsoft-HTTPAPI/2.0"
        ],
        "Transfer-Encoding": "chunked",
        "Vary": "Origin",
        "x-ms-error-code": "BlobNotFound",
        "x-ms-version": "2021-08-06"
      },
      "ResponseBody": null
    },
    {
      "RequestUri": "https://saveorz2izv2bas.blob.core.windows.net/2d1e66ae-8-0269322f-0299-5c0e-a458-beee6763f542/componentB_src/hello.py?skoid=a7dd2c6d-73fb-4c57-85b2-5c1af4f6364a\u0026sktid=72f988bf-86f1-41af-91ab-2d7cd011db47\u0026skt=2023-02-23T02%3A03%3A03Z\u0026ske=2023-02-24T10%3A13%3A03Z\u0026sks=b\u0026skv=2019-07-07\u0026sv=2021-08-06\u0026st=2023-02-23T07%3A02%3A30Z\u0026se=2023-02-23T15%3A12%3A30Z\u0026sr=c\u0026sp=rcwl\u0026sig=000000000000000000000000000000000000",
      "RequestMethod": "HEAD",
      "RequestHeaders": {
        "Accept": "application/xml",
        "Accept-Encoding": "gzip, deflate",
        "Connection": "keep-alive",
        "User-Agent": "azsdk-python-storage-blob/12.14.1 Python/3.7.9 (Windows-10-10.0.22621-SP0)",
        "x-ms-date": "Thu, 23 Feb 2023 07:12:30 GMT",
        "x-ms-version": "2021-08-06"
      },
      "RequestBody": null,
      "StatusCode": 404,
      "ResponseHeaders": {
        "Date": "Thu, 23 Feb 2023 07:12:30 GMT",
        "Server": [
          "Windows-Azure-Blob/1.0",
          "Microsoft-HTTPAPI/2.0"
        ],
        "Transfer-Encoding": "chunked",
        "Vary": "Origin",
        "x-ms-error-code": "BlobNotFound",
        "x-ms-version": "2021-08-06"
      },
      "ResponseBody": null
    },
    {
      "RequestUri": "https://saveorz2izv2bas.blob.core.windows.net/2d1e66ae-8-8781fceb-997e-5904-821b-b7c706754eaa/componentA_src/hello.py?skoid=a7dd2c6d-73fb-4c57-85b2-5c1af4f6364a\u0026sktid=72f988bf-86f1-41af-91ab-2d7cd011db47\u0026skt=2023-02-23T02%3A03%3A03Z\u0026ske=2023-02-24T10%3A13%3A03Z\u0026sks=b\u0026skv=2019-07-07\u0026sv=2021-08-06\u0026st=2023-02-23T07%3A02%3A30Z\u0026se=2023-02-23T15%3A12%3A30Z\u0026sr=c\u0026sp=rcwl\u0026sig=000000000000000000000000000000000000",
      "RequestMethod": "PUT",
      "RequestHeaders": {
        "Accept": "application/xml",
        "Accept-Encoding": "gzip, deflate",
        "Connection": "keep-alive",
        "Content-Length": "979",
        "Content-MD5": "SusK\u002B5Z7D8zbYkqtW2Jylw==",
        "Content-Type": "application/octet-stream",
        "If-None-Match": "*",
        "User-Agent": "azsdk-python-storage-blob/12.14.1 Python/3.7.9 (Windows-10-10.0.22621-SP0)",
        "x-ms-blob-type": "BlockBlob",
        "x-ms-date": "Thu, 23 Feb 2023 07:12:30 GMT",
        "x-ms-version": "2021-08-06"
      },
      "RequestBody": "aW1wb3J0IGFyZ3BhcnNlCmltcG9ydCBvcwpmcm9tIGRhdGV0aW1lIGltcG9ydCBkYXRldGltZQoKcGFyc2VyID0gYXJncGFyc2UuQXJndW1lbnRQYXJzZXIoKQpwYXJzZXIuYWRkX2FyZ3VtZW50KCItLWNvbXBvbmVudEFfaW5wdXQiLCB0eXBlPXN0cikKcGFyc2VyLmFkZF9hcmd1bWVudCgiLS1jb21wb25lbnRBX291dHB1dCIsIHR5cGU9c3RyKQoKcHJpbnQoIkhlbGxvIFB5dGhvbiBXb3JsZC4uLlxuSSdtIGNvbXBvbmVudEEgOi0pIikKCmFyZ3MgPSBwYXJzZXIucGFyc2VfYXJncygpCgpwcmludCgiY29tcG9uZW50QV9pbnB1dCBwYXRoOiAlcyIgJSBhcmdzLmNvbXBvbmVudEFfaW5wdXQpCnByaW50KCJjb21wb25lbnRBX291dHB1dCBwYXRoOiAlcyIgJSBhcmdzLmNvbXBvbmVudEFfb3V0cHV0KQoKcHJpbnQoImZpbGVzIGluIGlucHV0IHBhdGg6ICIpCmFyciA9IG9zLmxpc3RkaXIoYXJncy5jb21wb25lbnRBX2lucHV0KQpwcmludChhcnIpCgpmb3IgZmlsZW5hbWUgaW4gYXJyOgogICAgcHJpbnQoInJlYWRpbmcgZmlsZTogJXMgLi4uIiAlIGZpbGVuYW1lKQogICAgd2l0aCBvcGVuKG9zLnBhdGguam9pbihhcmdzLmNvbXBvbmVudEFfaW5wdXQsIGZpbGVuYW1lKSwgInIiKSBhcyBoYW5kbGU6CiAgICAgICAgcHJpbnQoaGFuZGxlLnJlYWQoKSkKCmN1cl90aW1lX3N0ciA9IGRhdGV0aW1lLm5vdygpLnN0cmZ0aW1lKCIlYi0lZC0lWS0lSC0lTS0lUyIpCgpwcmludCgiV3JpdGluZyBmaWxlOiAlcyIgJSBvcy5wYXRoLmpvaW4oYXJncy5jb21wb25lbnRBX291dHB1dCwgImZpbGUtIiArIGN1cl90aW1lX3N0ciArICIudHh0IikpCndpdGggb3Blbihvcy5wYXRoLmpvaW4oYXJncy5jb21wb25lbnRBX291dHB1dCwgImZpbGUtIiArIGN1cl90aW1lX3N0ciArICIudHh0IiksICJ3dCIpIGFzIHRleHRfZmlsZToKICAgIHByaW50KGYiTG9nZ2luZyBkYXRlIHRpbWU6IHtjdXJfdGltZV9zdHJ9IiwgZmlsZT10ZXh0X2ZpbGUpCg==",
      "StatusCode": 201,
      "ResponseHeaders": {
        "Content-Length": "0",
        "Content-MD5": "SusK\u002B5Z7D8zbYkqtW2Jylw==",
        "Date": "Thu, 23 Feb 2023 07:12:30 GMT",
        "ETag": "\u00220x8DB156D541CA4EE\u0022",
        "Last-Modified": "Thu, 23 Feb 2023 07:12:30 GMT",
        "Server": [
          "Windows-Azure-Blob/1.0",
          "Microsoft-HTTPAPI/2.0"
        ],
        "x-ms-content-crc64": "ZZDKzV4rSN8=",
        "x-ms-request-server-encrypted": "true",
        "x-ms-version": "2021-08-06"
      },
      "ResponseBody": null
    },
    {
      "RequestUri": "https://saveorz2izv2bas.blob.core.windows.net/2d1e66ae-8-0269322f-0299-5c0e-a458-beee6763f542/componentB_src/hello.py?skoid=a7dd2c6d-73fb-4c57-85b2-5c1af4f6364a\u0026sktid=72f988bf-86f1-41af-91ab-2d7cd011db47\u0026skt=2023-02-23T02%3A03%3A03Z\u0026ske=2023-02-24T10%3A13%3A03Z\u0026sks=b\u0026skv=2019-07-07\u0026sv=2021-08-06\u0026st=2023-02-23T07%3A02%3A30Z\u0026se=2023-02-23T15%3A12%3A30Z\u0026sr=c\u0026sp=rcwl\u0026sig=000000000000000000000000000000000000",
      "RequestMethod": "PUT",
      "RequestHeaders": {
        "Accept": "application/xml",
        "Accept-Encoding": "gzip, deflate",
        "Connection": "keep-alive",
        "Content-Length": "979",
        "Content-MD5": "ZuE1aWQV/AqbBpYGpi8vrA==",
        "Content-Type": "application/octet-stream",
        "If-None-Match": "*",
        "User-Agent": "azsdk-python-storage-blob/12.14.1 Python/3.7.9 (Windows-10-10.0.22621-SP0)",
        "x-ms-blob-type": "BlockBlob",
        "x-ms-date": "Thu, 23 Feb 2023 07:12:31 GMT",
        "x-ms-version": "2021-08-06"
      },
      "RequestBody": "aW1wb3J0IGFyZ3BhcnNlCmltcG9ydCBvcwpmcm9tIGRhdGV0aW1lIGltcG9ydCBkYXRldGltZQoKcGFyc2VyID0gYXJncGFyc2UuQXJndW1lbnRQYXJzZXIoKQpwYXJzZXIuYWRkX2FyZ3VtZW50KCItLWNvbXBvbmVudEJfaW5wdXQiLCB0eXBlPXN0cikKcGFyc2VyLmFkZF9hcmd1bWVudCgiLS1jb21wb25lbnRCX291dHB1dCIsIHR5cGU9c3RyKQoKcHJpbnQoIkhlbGxvIFB5dGhvbiBXb3JsZC4uLlxuSSdtIGNvbXBvbmVudEIgOi0pIikKCmFyZ3MgPSBwYXJzZXIucGFyc2VfYXJncygpCgpwcmludCgiY29tcG9uZW50Ql9pbnB1dCBwYXRoOiAlcyIgJSBhcmdzLmNvbXBvbmVudEJfaW5wdXQpCnByaW50KCJjb21wb25lbnRCX291dHB1dCBwYXRoOiAlcyIgJSBhcmdzLmNvbXBvbmVudEJfb3V0cHV0KQoKcHJpbnQoImZpbGVzIGluIGlucHV0IHBhdGg6ICIpCmFyciA9IG9zLmxpc3RkaXIoYXJncy5jb21wb25lbnRCX2lucHV0KQpwcmludChhcnIpCgpmb3IgZmlsZW5hbWUgaW4gYXJyOgogICAgcHJpbnQoInJlYWRpbmcgZmlsZTogJXMgLi4uIiAlIGZpbGVuYW1lKQogICAgd2l0aCBvcGVuKG9zLnBhdGguam9pbihhcmdzLmNvbXBvbmVudEJfaW5wdXQsIGZpbGVuYW1lKSwgInIiKSBhcyBoYW5kbGU6CiAgICAgICAgcHJpbnQoaGFuZGxlLnJlYWQoKSkKCmN1cl90aW1lX3N0ciA9IGRhdGV0aW1lLm5vdygpLnN0cmZ0aW1lKCIlYi0lZC0lWS0lSC0lTS0lUyIpCgpwcmludCgiV3JpdGluZyBmaWxlOiAlcyIgJSBvcy5wYXRoLmpvaW4oYXJncy5jb21wb25lbnRCX291dHB1dCwgImZpbGUtIiArIGN1cl90aW1lX3N0ciArICIudHh0IikpCndpdGggb3Blbihvcy5wYXRoLmpvaW4oYXJncy5jb21wb25lbnRCX291dHB1dCwgImZpbGUtIiArIGN1cl90aW1lX3N0ciArICIudHh0IiksICJ3dCIpIGFzIHRleHRfZmlsZToKICAgIHByaW50KGYiTG9nZ2luZyBkYXRlIHRpbWU6IHtjdXJfdGltZV9zdHJ9IiwgZmlsZT10ZXh0X2ZpbGUpCg==",
      "StatusCode": 201,
      "ResponseHeaders": {
        "Content-Length": "0",
        "Content-MD5": "ZuE1aWQV/AqbBpYGpi8vrA==",
        "Date": "Thu, 23 Feb 2023 07:12:30 GMT",
        "ETag": "\u00220x8DB156D54346F38\u0022",
        "Last-Modified": "Thu, 23 Feb 2023 07:12:31 GMT",
        "Server": [
          "Windows-Azure-Blob/1.0",
          "Microsoft-HTTPAPI/2.0"
        ],
        "x-ms-content-crc64": "Gy6tkv01JmI=",
        "x-ms-request-server-encrypted": "true",
        "x-ms-version": "2021-08-06"
      },
      "ResponseBody": null
    },
    {
      "RequestUri": "https://saveorz2izv2bas.blob.core.windows.net/2d1e66ae-8-8781fceb-997e-5904-821b-b7c706754eaa/componentA_src/hello.py?comp=metadata\u0026skoid=a7dd2c6d-73fb-4c57-85b2-5c1af4f6364a\u0026sktid=72f988bf-86f1-41af-91ab-2d7cd011db47\u0026skt=2023-02-23T02%3A03%3A03Z\u0026ske=2023-02-24T10%3A13%3A03Z\u0026sks=b\u0026skv=2019-07-07\u0026sv=2021-08-06\u0026st=2023-02-23T07%3A02%3A30Z\u0026se=2023-02-23T15%3A12%3A30Z\u0026sr=c\u0026sp=rcwl\u0026sig=000000000000000000000000000000000000",
      "RequestMethod": "PUT",
      "RequestHeaders": {
        "Accept": "application/xml",
        "Accept-Encoding": "gzip, deflate",
        "Connection": "keep-alive",
        "Content-Length": "0",
        "User-Agent": "azsdk-python-storage-blob/12.14.1 Python/3.7.9 (Windows-10-10.0.22621-SP0)",
        "x-ms-date": "Thu, 23 Feb 2023 07:12:31 GMT",
        "x-ms-meta-name": "93d2a367-afd5-4aa0-b7a5-8aea4f62b26a",
        "x-ms-meta-upload_status": "completed",
        "x-ms-meta-version": "1",
        "x-ms-version": "2021-08-06"
      },
      "RequestBody": null,
      "StatusCode": 200,
      "ResponseHeaders": {
        "Content-Length": "0",
        "Date": "Thu, 23 Feb 2023 07:12:30 GMT",
        "ETag": "\u00220x8DB156D5450307F\u0022",
        "Last-Modified": "Thu, 23 Feb 2023 07:12:31 GMT",
        "Server": [
          "Windows-Azure-Blob/1.0",
          "Microsoft-HTTPAPI/2.0"
        ],
        "x-ms-request-server-encrypted": "true",
        "x-ms-version": "2021-08-06"
      },
      "ResponseBody": null
    },
    {
      "RequestUri": "https://saveorz2izv2bas.blob.core.windows.net/2d1e66ae-8-0269322f-0299-5c0e-a458-beee6763f542/componentB_src/hello.py?comp=metadata\u0026skoid=a7dd2c6d-73fb-4c57-85b2-5c1af4f6364a\u0026sktid=72f988bf-86f1-41af-91ab-2d7cd011db47\u0026skt=2023-02-23T02%3A03%3A03Z\u0026ske=2023-02-24T10%3A13%3A03Z\u0026sks=b\u0026skv=2019-07-07\u0026sv=2021-08-06\u0026st=2023-02-23T07%3A02%3A30Z\u0026se=2023-02-23T15%3A12%3A30Z\u0026sr=c\u0026sp=rcwl\u0026sig=000000000000000000000000000000000000",
      "RequestMethod": "PUT",
      "RequestHeaders": {
        "Accept": "application/xml",
        "Accept-Encoding": "gzip, deflate",
        "Connection": "keep-alive",
        "Content-Length": "0",
        "User-Agent": "azsdk-python-storage-blob/12.14.1 Python/3.7.9 (Windows-10-10.0.22621-SP0)",
        "x-ms-date": "Thu, 23 Feb 2023 07:12:31 GMT",
        "x-ms-meta-name": "e624980e-40b9-4815-941c-c5869a954648",
        "x-ms-meta-upload_status": "completed",
        "x-ms-meta-version": "1",
        "x-ms-version": "2021-08-06"
      },
      "RequestBody": null,
      "StatusCode": 200,
      "ResponseHeaders": {
        "Content-Length": "0",
        "Date": "Thu, 23 Feb 2023 07:12:30 GMT",
        "ETag": "\u00220x8DB156D54578269\u0022",
        "Last-Modified": "Thu, 23 Feb 2023 07:12:31 GMT",
        "Server": [
          "Windows-Azure-Blob/1.0",
          "Microsoft-HTTPAPI/2.0"
        ],
        "x-ms-request-server-encrypted": "true",
        "x-ms-version": "2021-08-06"
      },
      "ResponseBody": null
    },
    {
      "RequestUri": "https://management.azure.com/subscriptions/00000000-0000-0000-0000-000000000/resourceGroups/00000/providers/Microsoft.MachineLearningServices/workspaces/00000/codes/40f5bfe8-b121-4d69-a525-ec67ebab0c24/versions/1?api-version=2022-05-01",
      "RequestMethod": "PUT",
      "RequestHeaders": {
        "Accept": "application/json",
        "Accept-Encoding": "gzip, deflate",
        "Connection": "keep-alive",
        "Content-Length": "255",
        "Content-Type": "application/json",
        "User-Agent": "azure-ai-ml/1.5.0 azsdk-python-mgmt-machinelearningservices/0.1.0 Python/3.7.9 (Windows-10-10.0.22621-SP0)"
      },
      "RequestBody": {
        "properties": {
          "properties": {
            "hash_sha256": "0000000000000",
            "hash_version": "0000000000000"
          },
          "isAnonymous": true,
          "isArchived": false,
          "codeUri": "https://saveorz2izv2bas.blob.core.windows.net:443/2d1e66ae-8-b243ba66-feff-599e-9f28-85d60e97efed/componentC_src"
        }
      },
      "StatusCode": 201,
      "ResponseHeaders": {
        "Cache-Control": "no-cache",
        "Content-Length": "783",
        "Content-Type": "application/json; charset=utf-8",
        "Date": "Thu, 23 Feb 2023 07:12:31 GMT",
        "Expires": "-1",
        "Location": "https://management.azure.com/subscriptions/00000000-0000-0000-0000-000000000/resourceGroups/00000/providers/Microsoft.MachineLearningServices/workspaces/00000/codes/40f5bfe8-b121-4d69-a525-ec67ebab0c24/versions/1?api-version=2022-05-01",
        "Pragma": "no-cache",
        "Request-Context": "appId=cid-v1:2d2e8e63-272e-4b3c-8598-4ee570a0e70d",
        "Server-Timing": "traceparent;desc=\u002200-959b8e42c725bde72aca258480e07a62-a43b396612eef032-01\u0022",
        "Strict-Transport-Security": "max-age=31536000; includeSubDomains",
        "x-aml-cluster": "vienna-eastus2-01",
        "X-Content-Type-Options": "nosniff",
        "x-ms-correlation-request-id": "727380e5-a72a-42b7-923c-8a7e3df794d8",
        "x-ms-ratelimit-remaining-subscription-writes": "1186",
        "x-ms-response-type": "standard",
        "x-ms-routing-request-id": "WESTUS2:20230223T071232Z:727380e5-a72a-42b7-923c-8a7e3df794d8",
        "x-request-time": "0.246"
      },
      "ResponseBody": {
        "id": "/subscriptions/00000000-0000-0000-0000-000000000/resourceGroups/00000/providers/Microsoft.MachineLearningServices/workspaces/00000/codes/40f5bfe8-b121-4d69-a525-ec67ebab0c24/versions/1",
        "name": "1",
        "type": "Microsoft.MachineLearningServices/workspaces/codes/versions",
        "properties": {
          "description": null,
          "tags": {},
          "properties": {
            "hash_sha256": "0000000000000",
            "hash_version": "0000000000000"
          },
          "isArchived": false,
          "isAnonymous": false,
          "codeUri": "https://saveorz2izv2bas.blob.core.windows.net:443/2d1e66ae-8-b243ba66-feff-599e-9f28-85d60e97efed/componentC_src"
        },
        "systemData": {
          "createdAt": "2023-02-23T07:12:32.4458888\u002B00:00",
          "createdBy": "Diondra Peck",
          "createdByType": "User",
          "lastModifiedAt": "2023-02-23T07:12:32.4458888\u002B00:00",
          "lastModifiedBy": "Diondra Peck",
          "lastModifiedByType": "User"
        }
      }
    },
    {
      "RequestUri": "https://management.azure.com/subscriptions/00000000-0000-0000-0000-000000000/resourceGroups/00000/providers/Microsoft.MachineLearningServices/workspaces/00000/codes/93d2a367-afd5-4aa0-b7a5-8aea4f62b26a/versions/1?api-version=2022-05-01",
      "RequestMethod": "PUT",
      "RequestHeaders": {
        "Accept": "application/json",
        "Accept-Encoding": "gzip, deflate",
        "Connection": "keep-alive",
        "Content-Length": "255",
        "Content-Type": "application/json",
        "User-Agent": "azure-ai-ml/1.5.0 azsdk-python-mgmt-machinelearningservices/0.1.0 Python/3.7.9 (Windows-10-10.0.22621-SP0)"
      },
      "RequestBody": {
        "properties": {
          "properties": {
            "hash_sha256": "0000000000000",
            "hash_version": "0000000000000"
          },
          "isAnonymous": true,
          "isArchived": false,
          "codeUri": "https://saveorz2izv2bas.blob.core.windows.net:443/2d1e66ae-8-8781fceb-997e-5904-821b-b7c706754eaa/componentA_src"
        }
      },
      "StatusCode": 201,
      "ResponseHeaders": {
        "Cache-Control": "no-cache",
        "Content-Length": "783",
        "Content-Type": "application/json; charset=utf-8",
        "Date": "Thu, 23 Feb 2023 07:12:32 GMT",
        "Expires": "-1",
        "Location": "https://management.azure.com/subscriptions/00000000-0000-0000-0000-000000000/resourceGroups/00000/providers/Microsoft.MachineLearningServices/workspaces/00000/codes/93d2a367-afd5-4aa0-b7a5-8aea4f62b26a/versions/1?api-version=2022-05-01",
        "Pragma": "no-cache",
        "Request-Context": "appId=cid-v1:2d2e8e63-272e-4b3c-8598-4ee570a0e70d",
        "Server-Timing": "traceparent;desc=\u002200-70aa2aa10c90762eb22188d1b7926703-49ce89f8ca2feaec-01\u0022",
        "Strict-Transport-Security": "max-age=31536000; includeSubDomains",
        "x-aml-cluster": "vienna-eastus2-01",
        "X-Content-Type-Options": "nosniff",
        "x-ms-correlation-request-id": "17965110-3cac-4f29-9328-6f3a1f4a9159",
        "x-ms-ratelimit-remaining-subscription-writes": "1185",
        "x-ms-response-type": "standard",
        "x-ms-routing-request-id": "WESTUS2:20230223T071233Z:17965110-3cac-4f29-9328-6f3a1f4a9159",
        "x-request-time": "0.372"
      },
      "ResponseBody": {
        "id": "/subscriptions/00000000-0000-0000-0000-000000000/resourceGroups/00000/providers/Microsoft.MachineLearningServices/workspaces/00000/codes/93d2a367-afd5-4aa0-b7a5-8aea4f62b26a/versions/1",
        "name": "1",
        "type": "Microsoft.MachineLearningServices/workspaces/codes/versions",
        "properties": {
          "description": null,
          "tags": {},
          "properties": {
            "hash_sha256": "0000000000000",
            "hash_version": "0000000000000"
          },
          "isArchived": false,
          "isAnonymous": false,
          "codeUri": "https://saveorz2izv2bas.blob.core.windows.net:443/2d1e66ae-8-8781fceb-997e-5904-821b-b7c706754eaa/componentA_src"
        },
        "systemData": {
          "createdAt": "2023-02-23T07:12:33.2790875\u002B00:00",
          "createdBy": "Diondra Peck",
          "createdByType": "User",
          "lastModifiedAt": "2023-02-23T07:12:33.2790875\u002B00:00",
          "lastModifiedBy": "Diondra Peck",
          "lastModifiedByType": "User"
        }
      }
    },
    {
      "RequestUri": "https://management.azure.com/subscriptions/00000000-0000-0000-0000-000000000/resourceGroups/00000/providers/Microsoft.MachineLearningServices/workspaces/00000/codes/e624980e-40b9-4815-941c-c5869a954648/versions/1?api-version=2022-05-01",
      "RequestMethod": "PUT",
      "RequestHeaders": {
        "Accept": "application/json",
        "Accept-Encoding": "gzip, deflate",
        "Connection": "keep-alive",
        "Content-Length": "255",
        "Content-Type": "application/json",
        "User-Agent": "azure-ai-ml/1.5.0 azsdk-python-mgmt-machinelearningservices/0.1.0 Python/3.7.9 (Windows-10-10.0.22621-SP0)"
      },
      "RequestBody": {
        "properties": {
          "properties": {
            "hash_sha256": "0000000000000",
            "hash_version": "0000000000000"
          },
          "isAnonymous": true,
          "isArchived": false,
          "codeUri": "https://saveorz2izv2bas.blob.core.windows.net:443/2d1e66ae-8-0269322f-0299-5c0e-a458-beee6763f542/componentB_src"
        }
      },
      "StatusCode": 201,
      "ResponseHeaders": {
        "Cache-Control": "no-cache",
        "Content-Length": "783",
        "Content-Type": "application/json; charset=utf-8",
        "Date": "Thu, 23 Feb 2023 07:12:33 GMT",
        "Expires": "-1",
        "Location": "https://management.azure.com/subscriptions/00000000-0000-0000-0000-000000000/resourceGroups/00000/providers/Microsoft.MachineLearningServices/workspaces/00000/codes/e624980e-40b9-4815-941c-c5869a954648/versions/1?api-version=2022-05-01",
        "Pragma": "no-cache",
        "Request-Context": "appId=cid-v1:2d2e8e63-272e-4b3c-8598-4ee570a0e70d",
        "Server-Timing": "traceparent;desc=\u002200-71f438bd6221d3294ea1bf280c7b21ca-993ed91847dd724d-01\u0022",
        "Strict-Transport-Security": "max-age=31536000; includeSubDomains",
        "x-aml-cluster": "vienna-eastus2-02",
        "X-Content-Type-Options": "nosniff",
        "x-ms-correlation-request-id": "79687deb-0372-421d-baba-fdf99084aa73",
        "x-ms-ratelimit-remaining-subscription-writes": "1196",
        "x-ms-response-type": "standard",
        "x-ms-routing-request-id": "WESTUS2:20230223T071233Z:79687deb-0372-421d-baba-fdf99084aa73",
        "x-request-time": "0.255"
      },
      "ResponseBody": {
        "id": "/subscriptions/00000000-0000-0000-0000-000000000/resourceGroups/00000/providers/Microsoft.MachineLearningServices/workspaces/00000/codes/e624980e-40b9-4815-941c-c5869a954648/versions/1",
        "name": "1",
        "type": "Microsoft.MachineLearningServices/workspaces/codes/versions",
        "properties": {
          "description": null,
          "tags": {},
          "properties": {
            "hash_sha256": "0000000000000",
            "hash_version": "0000000000000"
          },
          "isArchived": false,
          "isAnonymous": false,
          "codeUri": "https://saveorz2izv2bas.blob.core.windows.net:443/2d1e66ae-8-0269322f-0299-5c0e-a458-beee6763f542/componentB_src"
        },
        "systemData": {
          "createdAt": "2023-02-23T07:12:33.4663181\u002B00:00",
          "createdBy": "Diondra Peck",
          "createdByType": "User",
          "lastModifiedAt": "2023-02-23T07:12:33.4663181\u002B00:00",
          "lastModifiedBy": "Diondra Peck",
          "lastModifiedByType": "User"
        }
      }
    },
    {
      "RequestUri": "https://management.azure.com/subscriptions/00000000-0000-0000-0000-000000000/resourceGroups/00000/providers/Microsoft.MachineLearningServices/workspaces/00000/components/azureml_anonymous/versions/8978b235-280c-6b82-1a54-2b6fc4e8bd07?api-version=2022-10-01",
      "RequestMethod": "PUT",
      "RequestHeaders": {
        "Accept": "application/json",
        "Accept-Encoding": "gzip, deflate",
        "Connection": "keep-alive",
        "Content-Length": "767",
        "Content-Type": "application/json",
        "User-Agent": "azure-ai-ml/1.5.0 azsdk-python-mgmt-machinelearningservices/0.1.0 Python/3.7.9 (Windows-10-10.0.22621-SP0)"
      },
      "RequestBody": {
        "properties": {
          "properties": {},
          "tags": {},
          "isAnonymous": true,
          "isArchived": false,
          "componentSpec": {
            "command": "python hello.py --componentC_input ${{inputs.componentC_input}} --componentC_output ${{outputs.componentC_output}}",
            "code": "azureml:/subscriptions/00000000-0000-0000-0000-000000000/resourceGroups/00000/providers/Microsoft.MachineLearningServices/workspaces/00000/codes/40f5bfe8-b121-4d69-a525-ec67ebab0c24/versions/1",
            "environment": "azureml:AzureML-sklearn-0.24-ubuntu18.04-py37-cpu:5",
            "name": "component_c",
            "version": "1",
            "display_name": "componentC",
            "is_deterministic": true,
            "inputs": {
              "componentC_input": {
                "type": "uri_folder"
              }
            },
            "outputs": {
              "componentC_output": {
                "type": "uri_folder"
              }
            },
            "type": "command",
            "_source": "YAML.COMPONENT"
          }
        }
      },
      "StatusCode": 201,
      "ResponseHeaders": {
        "Cache-Control": "no-cache",
        "Content-Length": "1767",
        "Content-Type": "application/json; charset=utf-8",
        "Date": "Thu, 23 Feb 2023 07:12:33 GMT",
        "Expires": "-1",
        "Location": "https://management.azure.com/subscriptions/00000000-0000-0000-0000-000000000/resourceGroups/00000/providers/Microsoft.MachineLearningServices/workspaces/00000/components/azureml_anonymous/versions/8978b235-280c-6b82-1a54-2b6fc4e8bd07?api-version=2022-10-01",
        "Pragma": "no-cache",
        "Request-Context": "appId=cid-v1:2d2e8e63-272e-4b3c-8598-4ee570a0e70d",
        "Server-Timing": "traceparent;desc=\u002200-f324822f7bd245adbfb60ef70d142149-f896c878af5d48ba-01\u0022",
        "Strict-Transport-Security": "max-age=31536000; includeSubDomains",
        "x-aml-cluster": "vienna-eastus2-02",
        "X-Content-Type-Options": "nosniff",
        "x-ms-correlation-request-id": "5b5ec958-1347-429f-b49c-22f3a71e3806",
        "x-ms-ratelimit-remaining-subscription-writes": "1197",
        "x-ms-response-type": "standard",
        "x-ms-routing-request-id": "WESTUS2:20230223T071233Z:5b5ec958-1347-429f-b49c-22f3a71e3806",
        "x-request-time": "0.800"
      },
      "ResponseBody": {
        "id": "/subscriptions/00000000-0000-0000-0000-000000000/resourceGroups/00000/providers/Microsoft.MachineLearningServices/workspaces/00000/components/azureml_anonymous/versions/6ff3fc87-3b88-48f2-bdb5-42e24a3138e2",
        "name": "6ff3fc87-3b88-48f2-bdb5-42e24a3138e2",
        "type": "Microsoft.MachineLearningServices/workspaces/components/versions",
        "properties": {
          "description": null,
          "tags": {},
          "properties": {},
          "isArchived": false,
          "isAnonymous": true,
          "componentSpec": {
            "name": "component_c",
            "version": "1",
            "display_name": "componentC",
            "is_deterministic": "True",
            "type": "command",
            "inputs": {
              "componentC_input": {
                "type": "uri_folder",
                "optional": "False"
              }
            },
            "outputs": {
              "componentc_output": {
                "type": "uri_folder"
              }
            },
            "code": "azureml:/subscriptions/00000000-0000-0000-0000-000000000/resourceGroups/00000/providers/Microsoft.MachineLearningServices/workspaces/00000/codes/40f5bfe8-b121-4d69-a525-ec67ebab0c24/versions/1",
            "environment": "azureml://registries/azureml/environments/AzureML-sklearn-0.24-ubuntu18.04-py37-cpu/versions/5",
            "resources": {
              "instance_count": "1"
            },
            "command": "python hello.py --componentC_input ${{inputs.componentC_input}} --componentC_output ${{outputs.componentC_output}}",
            "$schema": "https://componentsdk.azureedge.net/jsonschema/CommandComponent.json"
          }
        },
        "systemData": {
          "createdAt": "2023-02-23T07:12:33.5943814\u002B00:00",
          "createdBy": "Diondra Peck",
          "createdByType": "User",
          "lastModifiedAt": "2023-02-23T07:12:33.5943814\u002B00:00",
          "lastModifiedBy": "Diondra Peck",
          "lastModifiedByType": "User"
        }
      }
    },
    {
      "RequestUri": "https://management.azure.com/subscriptions/00000000-0000-0000-0000-000000000/resourceGroups/00000/providers/Microsoft.MachineLearningServices/workspaces/00000/components/azureml_anonymous/versions/6d105ab3-732a-c857-cab1-144c1a9d8670?api-version=2022-10-01",
      "RequestMethod": "PUT",
      "RequestHeaders": {
        "Accept": "application/json",
        "Accept-Encoding": "gzip, deflate",
        "Connection": "keep-alive",
        "Content-Length": "767",
        "Content-Type": "application/json",
        "User-Agent": "azure-ai-ml/1.5.0 azsdk-python-mgmt-machinelearningservices/0.1.0 Python/3.7.9 (Windows-10-10.0.22621-SP0)"
      },
      "RequestBody": {
        "properties": {
          "properties": {},
          "tags": {},
          "isAnonymous": true,
          "isArchived": false,
          "componentSpec": {
            "command": "python hello.py --componentB_input ${{inputs.componentB_input}} --componentB_output ${{outputs.componentB_output}}",
            "code": "azureml:/subscriptions/00000000-0000-0000-0000-000000000/resourceGroups/00000/providers/Microsoft.MachineLearningServices/workspaces/00000/codes/e624980e-40b9-4815-941c-c5869a954648/versions/1",
            "environment": "azureml:AzureML-sklearn-0.24-ubuntu18.04-py37-cpu:5",
            "name": "component_b",
            "version": "1",
            "display_name": "componentB",
            "is_deterministic": true,
            "inputs": {
              "componentB_input": {
                "type": "uri_folder"
              }
            },
            "outputs": {
              "componentB_output": {
                "type": "uri_folder"
              }
            },
            "type": "command",
            "_source": "YAML.COMPONENT"
          }
        }
      },
      "StatusCode": 201,
      "ResponseHeaders": {
        "Cache-Control": "no-cache",
        "Content-Length": "1767",
        "Content-Type": "application/json; charset=utf-8",
        "Date": "Thu, 23 Feb 2023 07:12:33 GMT",
        "Expires": "-1",
        "Location": "https://management.azure.com/subscriptions/00000000-0000-0000-0000-000000000/resourceGroups/00000/providers/Microsoft.MachineLearningServices/workspaces/00000/components/azureml_anonymous/versions/6d105ab3-732a-c857-cab1-144c1a9d8670?api-version=2022-10-01",
        "Pragma": "no-cache",
        "Request-Context": "appId=cid-v1:2d2e8e63-272e-4b3c-8598-4ee570a0e70d",
        "Server-Timing": "traceparent;desc=\u002200-42188356ac0c98c00e9ee7cad7ad5484-4129de979c1e4093-01\u0022",
        "Strict-Transport-Security": "max-age=31536000; includeSubDomains",
        "x-aml-cluster": "vienna-eastus2-02",
        "X-Content-Type-Options": "nosniff",
        "x-ms-correlation-request-id": "7968352f-dafa-4c3a-a02d-a79a5b6f0e4b",
        "x-ms-ratelimit-remaining-subscription-writes": "1195",
        "x-ms-response-type": "standard",
        "x-ms-routing-request-id": "WESTUS2:20230223T071234Z:7968352f-dafa-4c3a-a02d-a79a5b6f0e4b",
        "x-request-time": "0.518"
      },
      "ResponseBody": {
        "id": "/subscriptions/00000000-0000-0000-0000-000000000/resourceGroups/00000/providers/Microsoft.MachineLearningServices/workspaces/00000/components/azureml_anonymous/versions/2cf7e9ea-525d-43ad-b79b-288306b2dba1",
        "name": "2cf7e9ea-525d-43ad-b79b-288306b2dba1",
        "type": "Microsoft.MachineLearningServices/workspaces/components/versions",
        "properties": {
          "description": null,
          "tags": {},
          "properties": {},
          "isArchived": false,
          "isAnonymous": true,
          "componentSpec": {
            "name": "component_b",
            "version": "1",
            "display_name": "componentB",
            "is_deterministic": "True",
            "type": "command",
            "inputs": {
              "componentB_input": {
                "type": "uri_folder",
                "optional": "False"
              }
            },
            "outputs": {
              "componentb_output": {
                "type": "uri_folder"
              }
            },
            "code": "azureml:/subscriptions/00000000-0000-0000-0000-000000000/resourceGroups/00000/providers/Microsoft.MachineLearningServices/workspaces/00000/codes/e624980e-40b9-4815-941c-c5869a954648/versions/1",
            "environment": "azureml://registries/azureml/environments/AzureML-sklearn-0.24-ubuntu18.04-py37-cpu/versions/5",
            "resources": {
              "instance_count": "1"
            },
            "command": "python hello.py --componentB_input ${{inputs.componentB_input}} --componentB_output ${{outputs.componentB_output}}",
            "$schema": "https://componentsdk.azureedge.net/jsonschema/CommandComponent.json"
          }
        },
        "systemData": {
          "createdAt": "2023-02-23T07:12:34.4321787\u002B00:00",
          "createdBy": "Diondra Peck",
          "createdByType": "User",
          "lastModifiedAt": "2023-02-23T07:12:34.4321787\u002B00:00",
          "lastModifiedBy": "Diondra Peck",
          "lastModifiedByType": "User"
        }
      }
    },
    {
      "RequestUri": "https://management.azure.com/subscriptions/00000000-0000-0000-0000-000000000/resourceGroups/00000/providers/Microsoft.MachineLearningServices/workspaces/00000/components/azureml_anonymous/versions/a9aa1d80-c4cf-fb37-0028-c2281069c9a2?api-version=2022-10-01",
      "RequestMethod": "PUT",
      "RequestHeaders": {
        "Accept": "application/json",
        "Accept-Encoding": "gzip, deflate",
        "Connection": "keep-alive",
        "Content-Length": "767",
        "Content-Type": "application/json",
        "User-Agent": "azure-ai-ml/1.5.0 azsdk-python-mgmt-machinelearningservices/0.1.0 Python/3.7.9 (Windows-10-10.0.22621-SP0)"
      },
      "RequestBody": {
        "properties": {
          "properties": {},
          "tags": {},
          "isAnonymous": true,
          "isArchived": false,
          "componentSpec": {
            "command": "python hello.py --componentA_input ${{inputs.componentA_input}} --componentA_output ${{outputs.componentA_output}}",
            "code": "azureml:/subscriptions/00000000-0000-0000-0000-000000000/resourceGroups/00000/providers/Microsoft.MachineLearningServices/workspaces/00000/codes/93d2a367-afd5-4aa0-b7a5-8aea4f62b26a/versions/1",
            "environment": "azureml:AzureML-sklearn-0.24-ubuntu18.04-py37-cpu:5",
            "name": "component_a",
            "version": "1",
            "display_name": "componentA",
            "is_deterministic": true,
            "inputs": {
              "componentA_input": {
                "type": "uri_folder"
              }
            },
            "outputs": {
              "componentA_output": {
                "type": "uri_folder"
              }
            },
            "type": "command",
            "_source": "YAML.COMPONENT"
          }
        }
      },
      "StatusCode": 201,
      "ResponseHeaders": {
        "Cache-Control": "no-cache",
        "Content-Length": "1767",
        "Content-Type": "application/json; charset=utf-8",
        "Date": "Thu, 23 Feb 2023 07:12:33 GMT",
        "Expires": "-1",
        "Location": "https://management.azure.com/subscriptions/00000000-0000-0000-0000-000000000/resourceGroups/00000/providers/Microsoft.MachineLearningServices/workspaces/00000/components/azureml_anonymous/versions/a9aa1d80-c4cf-fb37-0028-c2281069c9a2?api-version=2022-10-01",
        "Pragma": "no-cache",
        "Request-Context": "appId=cid-v1:2d2e8e63-272e-4b3c-8598-4ee570a0e70d",
        "Server-Timing": "traceparent;desc=\u002200-e62cb6a650203550a105f370a7a6af13-836b99fd4756fb34-01\u0022",
        "Strict-Transport-Security": "max-age=31536000; includeSubDomains",
        "x-aml-cluster": "vienna-eastus2-01",
        "X-Content-Type-Options": "nosniff",
        "x-ms-correlation-request-id": "6f6426a0-cf76-497a-b1b3-373750f367d7",
        "x-ms-ratelimit-remaining-subscription-writes": "1184",
        "x-ms-response-type": "standard",
        "x-ms-routing-request-id": "WESTUS2:20230223T071234Z:6f6426a0-cf76-497a-b1b3-373750f367d7",
        "x-request-time": "0.524"
      },
      "ResponseBody": {
        "id": "/subscriptions/00000000-0000-0000-0000-000000000/resourceGroups/00000/providers/Microsoft.MachineLearningServices/workspaces/00000/components/azureml_anonymous/versions/d76b26e8-aad7-44cf-9ce8-4935258f1b20",
        "name": "d76b26e8-aad7-44cf-9ce8-4935258f1b20",
        "type": "Microsoft.MachineLearningServices/workspaces/components/versions",
        "properties": {
          "description": null,
          "tags": {},
          "properties": {},
          "isArchived": false,
          "isAnonymous": true,
          "componentSpec": {
            "name": "component_a",
            "version": "1",
            "display_name": "componentA",
            "is_deterministic": "True",
            "type": "command",
            "inputs": {
              "componentA_input": {
                "type": "uri_folder",
                "optional": "False"
              }
            },
            "outputs": {
              "componenta_output": {
                "type": "uri_folder"
              }
            },
            "code": "azureml:/subscriptions/00000000-0000-0000-0000-000000000/resourceGroups/00000/providers/Microsoft.MachineLearningServices/workspaces/00000/codes/93d2a367-afd5-4aa0-b7a5-8aea4f62b26a/versions/1",
            "environment": "azureml://registries/azureml/environments/AzureML-sklearn-0.24-ubuntu18.04-py37-cpu/versions/5",
            "resources": {
              "instance_count": "1"
            },
            "command": "python hello.py --componentA_input ${{inputs.componentA_input}} --componentA_output ${{outputs.componentA_output}}",
            "$schema": "https://componentsdk.azureedge.net/jsonschema/CommandComponent.json"
          }
        },
        "systemData": {
          "createdAt": "2023-02-23T07:12:34.4255802\u002B00:00",
          "createdBy": "Diondra Peck",
          "createdByType": "User",
          "lastModifiedAt": "2023-02-23T07:12:34.4255802\u002B00:00",
          "lastModifiedBy": "Diondra Peck",
          "lastModifiedByType": "User"
        }
      }
    },
    {
      "RequestUri": "https://management.azure.com/subscriptions/00000000-0000-0000-0000-000000000/resourceGroups/00000/providers/Microsoft.MachineLearningServices/workspaces/00000/jobs/000000000000000000000?api-version=2022-12-01-preview",
      "RequestMethod": "PUT",
      "RequestHeaders": {
        "Accept": "application/json",
        "Accept-Encoding": "gzip, deflate",
        "Connection": "keep-alive",
        "Content-Length": "2482",
        "Content-Type": "application/json",
        "User-Agent": "azure-ai-ml/1.5.0 azsdk-python-mgmt-machinelearningservices/0.1.0 Python/3.7.9 (Windows-10-10.0.22621-SP0)"
      },
      "RequestBody": {
        "properties": {
          "properties": {},
          "tags": {},
          "computeId": "/subscriptions/00000000-0000-0000-0000-000000000/resourceGroups/00000/providers/Microsoft.MachineLearningServices/workspaces/00000/computes/cpu-cluster",
          "displayName": "pipeline_with_data",
          "experimentName": "azure-ai-ml",
          "isArchived": false,
          "jobType": "Pipeline",
          "inputs": {
            "pipeline_sample_input_data": {
              "uri": "https://dprepdata.blob.core.windows.net/demo/Titanic.csv",
              "jobInputType": "uri_file"
            }
          },
          "jobs": {
            "component_a_job": {
              "name": "component_a_job",
              "type": "command",
              "inputs": {
                "componentA_input": {
                  "job_input_type": "literal",
                  "value": "${{parent.inputs.pipeline_sample_input_data}}"
                }
              },
              "outputs": {
                "componentA_output": {
                  "value": "${{parent.outputs.pipeline_sample_output_data_A}}",
                  "type": "literal"
                }
              },
              "_source": "YAML.COMPONENT",
              "componentId": "/subscriptions/00000000-0000-0000-0000-000000000/resourceGroups/00000/providers/Microsoft.MachineLearningServices/workspaces/00000/components/azureml_anonymous/versions/d76b26e8-aad7-44cf-9ce8-4935258f1b20"
            },
            "component_b_job": {
              "name": "component_b_job",
              "type": "command",
              "inputs": {
                "componentB_input": {
                  "job_input_type": "literal",
                  "value": "${{parent.jobs.component_a_job.outputs.componentA_output}}"
                }
              },
              "outputs": {
                "componentB_output": {
                  "value": "${{parent.outputs.pipeline_sample_output_data_B}}",
                  "type": "literal"
                }
              },
              "_source": "YAML.COMPONENT",
              "componentId": "/subscriptions/00000000-0000-0000-0000-000000000/resourceGroups/00000/providers/Microsoft.MachineLearningServices/workspaces/00000/components/azureml_anonymous/versions/2cf7e9ea-525d-43ad-b79b-288306b2dba1"
            },
            "component_c_job": {
              "name": "component_c_job",
              "type": "command",
              "inputs": {
                "componentC_input": {
                  "job_input_type": "literal",
                  "value": "${{parent.jobs.component_b_job.outputs.componentB_output}}"
                }
              },
              "outputs": {
                "componentC_output": {
                  "value": "${{parent.outputs.pipeline_sample_output_data_C}}",
                  "type": "literal"
                }
              },
              "_source": "YAML.COMPONENT",
              "componentId": "/subscriptions/00000000-0000-0000-0000-000000000/resourceGroups/00000/providers/Microsoft.MachineLearningServices/workspaces/00000/components/azureml_anonymous/versions/6ff3fc87-3b88-48f2-bdb5-42e24a3138e2"
            }
          },
          "outputs": {
            "pipeline_sample_output_data_A": {
              "mode": "Upload",
              "jobOutputType": "uri_folder"
            },
            "pipeline_sample_output_data_B": {
              "mode": "ReadWriteMount",
              "jobOutputType": "uri_folder"
            },
            "pipeline_sample_output_data_C": {
              "mode": "Upload",
              "jobOutputType": "uri_folder"
            }
          },
          "settings": {
            "_source": "DSL"
          }
        }
      },
      "StatusCode": 201,
      "ResponseHeaders": {
        "Cache-Control": "no-cache",
        "Content-Length": "5331",
        "Content-Type": "application/json; charset=utf-8",
        "Date": "Thu, 23 Feb 2023 07:12:38 GMT",
        "Expires": "-1",
        "Location": "https://management.azure.com/subscriptions/00000000-0000-0000-0000-000000000/resourceGroups/00000/providers/Microsoft.MachineLearningServices/workspaces/00000/jobs/000000000000000000000?api-version=2022-12-01-preview",
        "Pragma": "no-cache",
        "Request-Context": "appId=cid-v1:2d2e8e63-272e-4b3c-8598-4ee570a0e70d",
        "Server-Timing": "traceparent;desc=\u002200-ef88cbeac10f34369f4117753e23727d-8b1fb6e7a6762ea1-01\u0022",
        "Strict-Transport-Security": "max-age=31536000; includeSubDomains",
        "x-aml-cluster": "vienna-eastus2-01",
        "X-Content-Type-Options": "nosniff",
        "x-ms-correlation-request-id": "c90243e5-9fe9-4617-bbfc-1c0a03b4b7bd",
        "x-ms-ratelimit-remaining-subscription-writes": "1183",
        "x-ms-response-type": "standard",
        "x-ms-routing-request-id": "WESTUS2:20230223T071239Z:c90243e5-9fe9-4617-bbfc-1c0a03b4b7bd",
        "x-request-time": "2.927"
      },
      "ResponseBody": {
        "id": "/subscriptions/00000000-0000-0000-0000-000000000/resourceGroups/00000/providers/Microsoft.MachineLearningServices/workspaces/00000/jobs/000000000000000000000",
        "name": "000000000000000000000",
        "type": "Microsoft.MachineLearningServices/workspaces/jobs",
        "properties": {
          "description": null,
          "tags": {},
          "properties": {
            "azureml.DevPlatv2": "true",
            "azureml.runsource": "azureml.PipelineRun",
            "runSource": "MFE",
            "runType": "HTTP",
            "azureml.parameters": "{}",
            "azureml.continue_on_step_failure": "False",
            "azureml.continue_on_failed_optional_input": "True",
            "azureml.defaultComputeName": "cpu-cluster",
            "azureml.defaultDataStoreName": "workspaceblobstore",
            "azureml.pipelineComponent": "pipelinerun"
          },
          "displayName": "pipeline_with_data",
          "status": "Preparing",
          "experimentName": "azure-ai-ml",
          "services": {
            "Tracking": {
              "jobServiceType": "Tracking",
              "port": null,
              "endpoint": "azureml://eastus2.api.azureml.ms/mlflow/v1.0/subscriptions/00000000-0000-0000-0000-000000000/resourceGroups/00000/providers/Microsoft.MachineLearningServices/workspaces/00000?",
              "status": null,
              "errorMessage": null,
              "properties": null,
              "nodes": null
            },
            "Studio": {
              "jobServiceType": "Studio",
              "port": null,
              "endpoint": "https://ml.azure.com/runs/000000000000000000000?wsid=/subscriptions/00000000-0000-0000-0000-000000000/resourcegroups/00000/workspaces/00000",
              "status": null,
              "errorMessage": null,
              "properties": null,
              "nodes": null
            }
          },
          "computeId": "/subscriptions/00000000-0000-0000-0000-000000000/resourceGroups/00000/providers/Microsoft.MachineLearningServices/workspaces/00000/computes/cpu-cluster",
          "isArchived": false,
          "identity": null,
          "componentId": null,
          "jobType": "Pipeline",
          "settings": {
            "_source": "DSL"
          },
          "jobs": {
            "component_a_job": {
              "name": "component_a_job",
              "type": "command",
              "inputs": {
                "componentA_input": {
                  "job_input_type": "literal",
                  "value": "${{parent.inputs.pipeline_sample_input_data}}"
                }
              },
              "outputs": {
                "componentA_output": {
                  "value": "${{parent.outputs.pipeline_sample_output_data_A}}",
                  "type": "literal"
                }
              },
              "_source": "YAML.COMPONENT",
              "componentId": "/subscriptions/00000000-0000-0000-0000-000000000/resourceGroups/00000/providers/Microsoft.MachineLearningServices/workspaces/00000/components/azureml_anonymous/versions/d76b26e8-aad7-44cf-9ce8-4935258f1b20"
            },
            "component_b_job": {
              "name": "component_b_job",
              "type": "command",
              "inputs": {
                "componentB_input": {
                  "job_input_type": "literal",
                  "value": "${{parent.jobs.component_a_job.outputs.componentA_output}}"
                }
              },
              "outputs": {
                "componentB_output": {
                  "value": "${{parent.outputs.pipeline_sample_output_data_B}}",
                  "type": "literal"
                }
              },
              "_source": "YAML.COMPONENT",
              "componentId": "/subscriptions/00000000-0000-0000-0000-000000000/resourceGroups/00000/providers/Microsoft.MachineLearningServices/workspaces/00000/components/azureml_anonymous/versions/2cf7e9ea-525d-43ad-b79b-288306b2dba1"
            },
            "component_c_job": {
              "name": "component_c_job",
              "type": "command",
              "inputs": {
                "componentC_input": {
                  "job_input_type": "literal",
                  "value": "${{parent.jobs.component_b_job.outputs.componentB_output}}"
                }
              },
              "outputs": {
                "componentC_output": {
                  "value": "${{parent.outputs.pipeline_sample_output_data_C}}",
                  "type": "literal"
                }
              },
              "_source": "YAML.COMPONENT",
              "componentId": "/subscriptions/00000000-0000-0000-0000-000000000/resourceGroups/00000/providers/Microsoft.MachineLearningServices/workspaces/00000/components/azureml_anonymous/versions/6ff3fc87-3b88-48f2-bdb5-42e24a3138e2"
            }
          },
          "inputs": {
            "pipeline_sample_input_data": {
              "description": null,
              "uri": "https://dprepdata.blob.core.windows.net/demo/Titanic.csv",
              "mode": "ReadOnlyMount",
              "jobInputType": "uri_file"
            }
          },
          "outputs": {
            "pipeline_sample_output_data_A": {
              "description": null,
              "uri": null,
              "assetName": null,
              "assetVersion": null,
              "mode": "Upload",
              "jobOutputType": "uri_folder"
            },
            "pipeline_sample_output_data_B": {
              "description": null,
              "uri": null,
              "assetName": null,
              "assetVersion": null,
              "mode": "ReadWriteMount",
              "jobOutputType": "uri_folder"
            },
            "pipeline_sample_output_data_C": {
              "description": null,
              "uri": null,
              "assetName": null,
              "assetVersion": null,
              "mode": "Upload",
              "jobOutputType": "uri_folder"
            }
          },
          "sourceJobId": null
        },
        "systemData": {
          "createdAt": "2023-02-23T07:12:38.6061316\u002B00:00",
          "createdBy": "Diondra Peck",
          "createdByType": "User"
        }
      }
    },
    {
      "RequestUri": "https://management.azure.com/subscriptions/00000000-0000-0000-0000-000000000/resourceGroups/00000/providers/Microsoft.MachineLearningServices/workspaces/00000/jobs/000000000000000000000/cancel?api-version=2022-12-01-preview",
      "RequestMethod": "POST",
      "RequestHeaders": {
        "Accept": "application/json",
        "Accept-Encoding": "gzip, deflate",
        "Connection": "keep-alive",
        "Content-Length": "0",
        "User-Agent": "azure-ai-ml/1.5.0 azsdk-python-mgmt-machinelearningservices/0.1.0 Python/3.7.9 (Windows-10-10.0.22621-SP0)"
      },
      "RequestBody": null,
      "StatusCode": 202,
      "ResponseHeaders": {
        "Cache-Control": "no-cache",
        "Content-Length": "4",
        "Content-Type": "application/json; charset=utf-8",
        "Date": "Thu, 23 Feb 2023 07:12:41 GMT",
        "Expires": "-1",
        "Location": "https://management.azure.com/subscriptions/00000000-0000-0000-0000-000000000/providers/Microsoft.MachineLearningServices/locations/eastus2/mfeOperationResults/jc:2d1e66ae-85e3-42c0-be91-34de66397f26:000000000000000000000?api-version=2022-12-01-preview",
        "Pragma": "no-cache",
        "Request-Context": "appId=cid-v1:2d2e8e63-272e-4b3c-8598-4ee570a0e70d",
        "Strict-Transport-Security": "max-age=31536000; includeSubDomains",
        "x-aml-cluster": "vienna-eastus2-01",
        "X-Content-Type-Options": "nosniff",
        "x-ms-async-operation-timeout": "PT1H",
        "x-ms-correlation-request-id": "c43c9871-49f8-4bcf-9bb9-2c202c96b5cb",
        "x-ms-ratelimit-remaining-subscription-writes": "1194",
        "x-ms-response-type": "standard",
        "x-ms-routing-request-id": "WESTUS2:20230223T071241Z:c43c9871-49f8-4bcf-9bb9-2c202c96b5cb",
        "x-request-time": "0.507"
      },
      "ResponseBody": "null"
    },
    {
      "RequestUri": "https://management.azure.com/subscriptions/00000000-0000-0000-0000-000000000/providers/Microsoft.MachineLearningServices/locations/eastus2/mfeOperationResults/jc:2d1e66ae-85e3-42c0-be91-34de66397f26:000000000000000000000?api-version=2022-12-01-preview",
      "RequestMethod": "GET",
      "RequestHeaders": {
        "Accept": "*/*",
        "Accept-Encoding": "gzip, deflate",
        "Connection": "keep-alive",
        "User-Agent": "azure-ai-ml/1.5.0 azsdk-python-mgmt-machinelearningservices/0.1.0 Python/3.7.9 (Windows-10-10.0.22621-SP0)"
      },
      "RequestBody": null,
      "StatusCode": 200,
      "ResponseHeaders": {
        "Cache-Control": "no-cache",
        "Content-Length": "0",
        "Date": "Thu, 23 Feb 2023 07:12:41 GMT",
        "Expires": "-1",
        "Pragma": "no-cache",
        "Request-Context": "appId=cid-v1:2d2e8e63-272e-4b3c-8598-4ee570a0e70d",
        "Server-Timing": "traceparent;desc=\u002200-cf4809ec48012591a7b58fe1826e9d6f-d1ec53163c8cfb48-01\u0022",
        "Strict-Transport-Security": "max-age=31536000; includeSubDomains",
        "x-aml-cluster": "vienna-eastus2-02",
        "X-Content-Type-Options": "nosniff",
        "x-ms-correlation-request-id": "d7b61ebb-d4e4-4d06-887b-7ea33b4a4b1f",
        "x-ms-ratelimit-remaining-subscription-reads": "11970",
        "x-ms-response-type": "standard",
        "x-ms-routing-request-id": "WESTUS2:20230223T071241Z:d7b61ebb-d4e4-4d06-887b-7ea33b4a4b1f",
        "x-request-time": "0.052"
      },
      "ResponseBody": null
    }
  ],
  "Variables": {}
}
