{
  "Entries": [
    {
      "RequestUri": "https://management.azure.com/subscriptions/00000000-0000-0000-0000-000000000/resourceGroups/00000/providers/Microsoft.MachineLearningServices/workspaces/00000/jobs/000000000000000000000?api-version=2023-02-01-preview",
      "RequestMethod": "PUT",
      "RequestHeaders": {
        "Accept": "application/json",
        "Accept-Encoding": "gzip, deflate",
        "Connection": "keep-alive",
        "Content-Length": "1770",
        "Content-Type": "application/json",
        "User-Agent": "azure-ai-ml/1.5.0 azsdk-python-mgmt-machinelearningservices/0.1.0 Python/3.7.9 (Windows-10-10.0.22621-SP0)"
      },
      "RequestBody": {
        "properties": {
          "description": "submit a pipeline with data transfer import database job",
          "properties": {},
          "tags": {},
          "displayName": "data_transfer_import_database_pipeline_from_builder",
          "experimentName": "azure-ai-ml",
          "isArchived": false,
          "jobType": "Pipeline",
          "inputs": {
            "query_source_snowflake": {
              "jobInputType": "literal",
              "value": "select * from TPCH_SF1000.PARTSUPP limit 10"
            },
            "connection_target_azuresql": {
              "jobInputType": "literal",
              "value": "azureml:my_snowflake_connection"
            }
          },
          "jobs": {
            "snowflake_blob_node_input": {
              "type": "data_transfer",
              "task": "import_data",
              "source": {
                "type": "database",
                "query": "select * from TPCH_SF1000.PARTSUPP limit 10",
                "connection": "azureml:my_snowflake_connection"
              },
              "name": "snowflake_blob_node_input",
              "outputs": {
                "sink": {
                  "uri": "azureml://datastores/workspaceblobstore_sas/paths/importjob/${{name}}/output_dir/snowflake/",
                  "job_output_type": "mltable"
                }
              },
              "_source": "BUILTIN",
              "componentId": "azureml://registries/azureml-dev/components/import_data_database/versions/0.0.1"
            },
            "snowflake_blob": {
              "type": "data_transfer",
              "task": "import_data",
              "source": {
                "type": "database",
                "query": "${{parent.inputs.query_source_snowflake}}",
                "connection": "${{parent.inputs.connection_target_azuresql}}"
              },
              "name": "snowflake_blob",
              "outputs": {
                "sink": {
                  "uri": "azureml://datastores/workspaceblobstore_sas/paths/importjob/${{name}}/output_dir/snowflake/",
                  "job_output_type": "mltable"
                }
              },
              "_source": "BUILTIN",
              "componentId": "azureml://registries/azureml-dev/components/import_data_database/versions/0.0.1"
            }
          },
          "outputs": {},
          "settings": {
            "default_compute": "/subscriptions/00000000-0000-0000-0000-000000000/resourceGroups/00000/providers/Microsoft.MachineLearningServices/workspaces/00000/computes/serverless",
            "_source": "DSL"
          }
        }
      },
      "StatusCode": 201,
      "ResponseHeaders": {
        "Cache-Control": "no-cache",
        "Content-Length": "3303",
        "Content-Type": "application/json; charset=utf-8",
        "Date": "Sun, 05 Mar 2023 21:20:39 GMT",
        "Expires": "-1",
        "Location": "https://management.azure.com/subscriptions/00000000-0000-0000-0000-000000000/resourceGroups/00000/providers/Microsoft.MachineLearningServices/workspaces/00000/jobs/000000000000000000000?api-version=2023-02-01-preview",
        "Pragma": "no-cache",
        "request-context": "appId=cid-v1:512cc15a-13b5-415b-bfd0-dce7accb6bb1",
        "Server-Timing": "traceparent;desc=\u002200-b29b64095f2f07841e75f5f51ec5c260-36298fe119aa0d6d-01\u0022",
        "Strict-Transport-Security": "max-age=31536000; includeSubDomains",
        "x-aml-cluster": "vienna-test-westus2-02",
        "X-Content-Type-Options": "nosniff",
        "x-ms-correlation-request-id": "ccbee5df-5a2c-4c97-a0fd-776afe8e7ed8",
        "x-ms-ratelimit-remaining-subscription-writes": "1173",
        "x-ms-response-type": "standard",
        "x-ms-routing-request-id": "WESTUS2:20230305T212040Z:ccbee5df-5a2c-4c97-a0fd-776afe8e7ed8",
        "x-request-time": "4.101"
      },
      "ResponseBody": {
        "id": "/subscriptions/00000000-0000-0000-0000-000000000/resourceGroups/00000/providers/Microsoft.MachineLearningServices/workspaces/00000/jobs/000000000000000000000",
        "name": "000000000000000000000",
        "type": "Microsoft.MachineLearningServices/workspaces/jobs",
        "properties": {
          "description": "submit a pipeline with data transfer import database job",
          "tags": {},
          "properties": {
            "azureml.DevPlatv2": "true",
            "azureml.runsource": "azureml.PipelineRun",
            "runSource": "MFE",
            "runType": "HTTP",
            "azureml.parameters": "{\u0022query_source_snowflake\u0022:\u0022select * from TPCH_SF1000.PARTSUPP limit 10\u0022,\u0022connection_target_azuresql\u0022:\u0022my_snowflake_connection\u0022}",
            "azureml.continue_on_step_failure": "False",
            "azureml.continue_on_failed_optional_input": "True",
            "azureml.defaultComputeName": "serverless",
            "azureml.defaultDataStoreName": "workspaceblobstore",
            "azureml.pipelineComponent": "pipelinerun"
          },
          "displayName": "data_transfer_import_database_pipeline_from_builder",
          "status": "Preparing",
          "experimentName": "azure-ai-ml",
          "services": {
            "Tracking": {
              "jobServiceType": "Tracking",
              "port": null,
              "endpoint": "azureml://master.api.azureml-test.ms/mlflow/v1.0/subscriptions/00000000-0000-0000-0000-000000000/resourceGroups/00000/providers/Microsoft.MachineLearningServices/workspaces/00000?",
              "status": null,
              "errorMessage": null,
              "properties": null,
              "nodes": null
            },
            "Studio": {
              "jobServiceType": "Studio",
              "port": null,
              "endpoint": "https://ml.azure.com/runs/000000000000000000000?wsid=/subscriptions/00000000-0000-0000-0000-000000000/resourcegroups/00000/workspaces/00000",
              "status": null,
              "errorMessage": null,
              "properties": null,
              "nodes": null
            }
          },
          "computeId": null,
          "isArchived": false,
          "identity": null,
          "componentId": null,
          "notificationSetting": null,
          "jobType": "Pipeline",
          "settings": {
            "default_compute": "/subscriptions/00000000-0000-0000-0000-000000000/resourceGroups/00000/providers/Microsoft.MachineLearningServices/workspaces/00000/computes/serverless",
            "_source": "DSL"
          },
          "jobs": {
            "snowflake_blob_node_input": {
              "type": "data_transfer",
              "task": "import_data",
              "source": {
                "type": "database",
                "query": "select * from TPCH_SF1000.PARTSUPP limit 10",
                "connection": "azureml:my_snowflake_connection"
              },
              "name": "snowflake_blob_node_input",
              "outputs": {
                "sink": {
                  "uri": "azureml://datastores/workspaceblobstore_sas/paths/importjob/${{name}}/output_dir/snowflake/",
                  "job_output_type": "mltable"
                }
              },
              "_source": "BUILTIN",
              "componentId": "azureml://registries/azureml-dev/components/import_data_database/versions/0.0.1"
            },
            "snowflake_blob": {
              "type": "data_transfer",
              "task": "import_data",
              "source": {
                "type": "database",
                "query": "${{parent.inputs.query_source_snowflake}}",
                "connection": "${{parent.inputs.connection_target_azuresql}}"
              },
              "name": "snowflake_blob",
              "outputs": {
                "sink": {
                  "uri": "azureml://datastores/workspaceblobstore_sas/paths/importjob/${{name}}/output_dir/snowflake/",
                  "job_output_type": "mltable"
                }
              },
              "_source": "BUILTIN",
              "componentId": "azureml://registries/azureml-dev/components/import_data_database/versions/0.0.1"
            }
          },
          "inputs": {
            "query_source_snowflake": {
              "description": null,
              "jobInputType": "literal",
              "value": "select * from TPCH_SF1000.PARTSUPP limit 10"
            },
            "connection_target_azuresql": {
              "description": null,
              "jobInputType": "literal",
              "value": "azureml:my_snowflake_connection"
            }
          },
          "outputs": {},
          "sourceJobId": null
        },
        "systemData": {
          "createdAt": "2023-03-05T21:20:40.0229978\u002B00:00",
          "createdBy": "Firstname Lastname",
          "createdByType": "User"
        }
      }
    },
    {
      "RequestUri": "https://management.azure.com/subscriptions/00000000-0000-0000-0000-000000000/resourceGroups/00000/providers/Microsoft.MachineLearningServices/workspaces/00000/jobs/000000000000000000000/cancel?api-version=2023-02-01-preview",
      "RequestMethod": "POST",
      "RequestHeaders": {
        "Accept": "application/json",
        "Accept-Encoding": "gzip, deflate",
        "Connection": "keep-alive",
        "Content-Length": "0",
        "User-Agent": "azure-ai-ml/1.5.0 azsdk-python-mgmt-machinelearningservices/0.1.0 Python/3.7.9 (Windows-10-10.0.22621-SP0)"
      },
      "RequestBody": null,
      "StatusCode": 202,
      "ResponseHeaders": {
        "Cache-Control": "no-cache",
        "Content-Length": "4",
        "Content-Type": "application/json; charset=utf-8",
        "Date": "Sun, 05 Mar 2023 21:20:41 GMT",
        "Expires": "-1",
        "Location": "https://management.azure.com/subscriptions/00000000-0000-0000-0000-000000000/providers/Microsoft.MachineLearningServices/locations/centraluseuap/mfeOperationResults/jc:288fbc99-974d-4a49-b40f-53b041fe40cc:000000000000000000000?api-version=2023-02-01-preview",
        "Pragma": "no-cache",
        "request-context": "appId=cid-v1:512cc15a-13b5-415b-bfd0-dce7accb6bb1",
        "Strict-Transport-Security": "max-age=31536000; includeSubDomains",
        "x-aml-cluster": "vienna-test-westus2-02",
        "X-Content-Type-Options": "nosniff",
        "x-ms-async-operation-timeout": "PT1H",
        "x-ms-correlation-request-id": "620d03e2-2b3e-41bb-84ed-14a7fab425ba",
        "x-ms-ratelimit-remaining-subscription-writes": "1176",
        "x-ms-response-type": "standard",
        "x-ms-routing-request-id": "WESTUS2:20230305T212042Z:620d03e2-2b3e-41bb-84ed-14a7fab425ba",
        "x-request-time": "0.699"
      },
      "ResponseBody": "null"
    },
    {
      "RequestUri": "https://management.azure.com/subscriptions/00000000-0000-0000-0000-000000000/providers/Microsoft.MachineLearningServices/locations/centraluseuap/mfeOperationResults/jc:288fbc99-974d-4a49-b40f-53b041fe40cc:000000000000000000000?api-version=2023-02-01-preview",
      "RequestMethod": "GET",
      "RequestHeaders": {
        "Accept": "*/*",
        "Accept-Encoding": "gzip, deflate",
        "Connection": "keep-alive",
        "User-Agent": "azure-ai-ml/1.5.0 azsdk-python-mgmt-machinelearningservices/0.1.0 Python/3.7.9 (Windows-10-10.0.22621-SP0)"
      },
      "RequestBody": null,
      "StatusCode": 202,
      "ResponseHeaders": {
        "Cache-Control": "no-cache",
        "Content-Length": "2",
        "Content-Type": "application/json; charset=utf-8",
        "Date": "Sun, 05 Mar 2023 21:20:42 GMT",
        "Expires": "-1",
        "Location": "https://management.azure.com/subscriptions/00000000-0000-0000-0000-000000000/providers/Microsoft.MachineLearningServices/locations/centraluseuap/mfeOperationResults/jc:288fbc99-974d-4a49-b40f-53b041fe40cc:000000000000000000000?api-version=2023-02-01-preview",
        "Pragma": "no-cache",
        "request-context": "appId=cid-v1:512cc15a-13b5-415b-bfd0-dce7accb6bb1",
        "Strict-Transport-Security": "max-age=31536000; includeSubDomains",
        "x-aml-cluster": "vienna-test-westus2-02",
        "X-Content-Type-Options": "nosniff",
        "x-ms-correlation-request-id": "f81d1287-9e23-4764-bd1c-7e883a40028a",
        "x-ms-ratelimit-remaining-subscription-reads": "11948",
        "x-ms-response-type": "standard",
        "x-ms-routing-request-id": "WESTUS2:20230305T212042Z:f81d1287-9e23-4764-bd1c-7e883a40028a",
        "x-request-time": "0.037"
      },
      "ResponseBody": {}
    },
    {
      "RequestUri": "https://management.azure.com/subscriptions/00000000-0000-0000-0000-000000000/providers/Microsoft.MachineLearningServices/locations/centraluseuap/mfeOperationResults/jc:288fbc99-974d-4a49-b40f-53b041fe40cc:000000000000000000000?api-version=2023-02-01-preview",
      "RequestMethod": "GET",
      "RequestHeaders": {
        "Accept": "*/*",
        "Accept-Encoding": "gzip, deflate",
        "Connection": "keep-alive",
        "User-Agent": "azure-ai-ml/1.5.0 azsdk-python-mgmt-machinelearningservices/0.1.0 Python/3.7.9 (Windows-10-10.0.22621-SP0)"
      },
      "RequestBody": null,
      "StatusCode": 200,
      "ResponseHeaders": {
        "Cache-Control": "no-cache",
        "Content-Length": "0",
        "Date": "Sun, 05 Mar 2023 21:21:12 GMT",
        "Expires": "-1",
        "Pragma": "no-cache",
        "request-context": "appId=cid-v1:512cc15a-13b5-415b-bfd0-dce7accb6bb1",
        "Server-Timing": "traceparent;desc=\u002200-0fbcdfcf80f784e8e8b6435c0c13f40d-226e420d121cb154-01\u0022",
        "Strict-Transport-Security": "max-age=31536000; includeSubDomains",
        "x-aml-cluster": "vienna-test-westus2-02",
        "X-Content-Type-Options": "nosniff",
        "x-ms-correlation-request-id": "6ed72d49-3798-46b3-94b4-3a31ddc1257d",
        "x-ms-ratelimit-remaining-subscription-reads": "11947",
        "x-ms-response-type": "standard",
        "x-ms-routing-request-id": "WESTUS2:20230305T212113Z:6ed72d49-3798-46b3-94b4-3a31ddc1257d",
        "x-request-time": "0.023"
      },
      "ResponseBody": null
    }
  ],
  "Variables": {}
}
