{
  "Entries": [
    {
      "RequestUri": "https://management.azure.com/subscriptions/00000000-0000-0000-0000-000000000/resourceGroups/00000/providers/Microsoft.MachineLearningServices/workspaces/00000/computes/cpu-cluster?api-version=2022-01-01-preview",
      "RequestMethod": "GET",
      "RequestHeaders": {
        "Accept": "application/json",
        "Accept-Encoding": "gzip, deflate",
        "Connection": "keep-alive",
        "User-Agent": "azure-ai-ml/0.1.0 azsdk-python-mgmt-machinelearningservices/0.1.0 Python/3.8.5 (Windows-10-10.0.19041-SP0)"
      },
      "RequestBody": null,
      "StatusCode": 200,
      "ResponseHeaders": {
        "Cache-Control": "no-cache",
        "Content-Encoding": "gzip",
        "Content-Type": "application/json; charset=utf-8",
        "Date": "Thu, 29 Sep 2022 23:34:06 GMT",
        "Expires": "-1",
        "Pragma": "no-cache",
        "Request-Context": "appId=cid-v1:512cc15a-13b5-415b-bfd0-dce7accb6bb1",
        "Server-Timing": "traceparent;desc=\u002200-4a852c559bd20c25aa0aa746dfd04170-93f1da10108513c0-01\u0022",
        "Strict-Transport-Security": "max-age=31536000; includeSubDomains",
        "Transfer-Encoding": "chunked",
        "Vary": [
          "Accept-Encoding",
          "Accept-Encoding"
        ],
        "x-aml-cluster": "vienna-test-westus2-01",
        "X-Content-Type-Options": "nosniff",
        "x-ms-correlation-request-id": "38a6ea38-21bd-47c0-a26a-5640512e0e01",
        "x-ms-ratelimit-remaining-subscription-reads": "11915",
        "x-ms-response-type": "standard",
        "x-ms-routing-request-id": "WESTUS2:20220929T233406Z:38a6ea38-21bd-47c0-a26a-5640512e0e01",
        "x-request-time": "0.258"
      },
      "ResponseBody": {
        "id": "/subscriptions/00000000-0000-0000-0000-000000000/resourceGroups/00000/providers/Microsoft.MachineLearningServices/workspaces/00000/computes/cpu-cluster",
        "name": "cpu-cluster",
        "type": "Microsoft.MachineLearningServices/workspaces/computes",
        "location": "centraluseuap",
        "tags": {},
        "properties": {
          "createdOn": "2022-09-29T22:16:14.236098\u002B00:00",
          "modifiedOn": "2022-09-29T22:17:32.3214572\u002B00:00",
          "disableLocalAuth": false,
          "description": null,
          "resourceId": null,
          "computeType": "AmlCompute",
          "computeLocation": "centraluseuap",
          "provisioningState": "Succeeded",
          "provisioningErrors": null,
          "isAttachedCompute": false,
          "properties": {
            "vmSize": "STANDARD_DS2_V2",
            "vmPriority": "Dedicated",
            "scaleSettings": {
              "maxNodeCount": 4,
              "minNodeCount": 0,
              "nodeIdleTimeBeforeScaleDown": "PT2M"
            },
            "subnet": null,
            "currentNodeCount": 2,
            "targetNodeCount": 4,
            "nodeStateCounts": {
              "preparingNodeCount": 0,
              "runningNodeCount": 2,
              "idleNodeCount": 0,
              "unusableNodeCount": 0,
              "leavingNodeCount": 0,
              "preemptedNodeCount": 0
            },
            "allocationState": "Resizing",
            "allocationStateTransitionTime": "2022-09-29T23:30:16.916\u002B00:00",
            "errors": null,
            "remoteLoginPortPublicAccess": "Enabled",
            "osType": "Linux",
            "virtualMachineImage": null,
            "isolatedNetwork": false,
            "propertyBag": {}
          }
        }
      }
    },
    {
      "RequestUri": "https://management.azure.com/subscriptions/00000000-0000-0000-0000-000000000/resourceGroups/00000/providers/Microsoft.MachineLearningServices/workspaces/00000/datastores/workspaceblobstore?api-version=2022-05-01",
      "RequestMethod": "GET",
      "RequestHeaders": {
        "Accept": "application/json",
        "Accept-Encoding": "gzip, deflate",
        "Connection": "keep-alive",
        "User-Agent": "azure-ai-ml/0.1.0 azsdk-python-mgmt-machinelearningservices/0.1.0 Python/3.8.5 (Windows-10-10.0.19041-SP0)"
      },
      "RequestBody": null,
      "StatusCode": 200,
      "ResponseHeaders": {
        "Cache-Control": "no-cache",
        "Content-Encoding": "gzip",
        "Content-Type": "application/json; charset=utf-8",
        "Date": "Thu, 29 Sep 2022 23:34:07 GMT",
        "Expires": "-1",
        "Pragma": "no-cache",
        "Request-Context": "appId=cid-v1:512cc15a-13b5-415b-bfd0-dce7accb6bb1",
        "Server-Timing": "traceparent;desc=\u002200-f54afa3c5166b9f9ed6c8ff64fa7bdc3-8dd50db91a26b2a0-01\u0022",
        "Strict-Transport-Security": "max-age=31536000; includeSubDomains",
        "Transfer-Encoding": "chunked",
        "Vary": [
          "Accept-Encoding",
          "Accept-Encoding"
        ],
        "x-aml-cluster": "vienna-test-westus2-02",
        "X-Content-Type-Options": "nosniff",
        "x-ms-correlation-request-id": "a7931a96-24ec-4c0f-9c95-b3db8ed70d1e",
        "x-ms-ratelimit-remaining-subscription-reads": "11914",
        "x-ms-response-type": "standard",
        "x-ms-routing-request-id": "WESTUS2:20220929T233407Z:a7931a96-24ec-4c0f-9c95-b3db8ed70d1e",
        "x-request-time": "0.085"
      },
      "ResponseBody": {
        "id": "/subscriptions/00000000-0000-0000-0000-000000000/resourceGroups/00000/providers/Microsoft.MachineLearningServices/workspaces/00000/datastores/workspaceblobstore",
        "name": "workspaceblobstore",
        "type": "Microsoft.MachineLearningServices/workspaces/datastores",
        "properties": {
          "description": null,
          "tags": null,
          "properties": null,
          "isDefault": true,
          "credentials": {
            "credentialsType": "AccountKey"
          },
          "datastoreType": "AzureBlob",
          "accountName": "sas3vrosykmdp4s",
          "containerName": "azureml-blobstore-86253a4f-a7a6-4008-8c86-ce9cf2978bc1",
          "endpoint": "core.windows.net",
          "protocol": "https",
          "serviceDataAccessAuthIdentity": "WorkspaceSystemAssignedIdentity"
        },
        "systemData": {
          "createdAt": "2022-09-29T22:16:05.5940148\u002B00:00",
          "createdBy": "779301c0-18b2-4cdc-801b-a0a3368fee0a",
          "createdByType": "Application",
          "lastModifiedAt": "2022-09-29T22:16:06.5431636\u002B00:00",
          "lastModifiedBy": "779301c0-18b2-4cdc-801b-a0a3368fee0a",
          "lastModifiedByType": "Application"
        }
      }
    },
    {
      "RequestUri": "https://management.azure.com/subscriptions/00000000-0000-0000-0000-000000000/resourceGroups/00000/providers/Microsoft.MachineLearningServices/workspaces/00000/datastores/workspaceblobstore/listSecrets?api-version=2022-05-01",
      "RequestMethod": "POST",
      "RequestHeaders": {
        "Accept": "application/json",
        "Accept-Encoding": "gzip, deflate",
        "Connection": "keep-alive",
        "Content-Length": "0",
        "User-Agent": "azure-ai-ml/0.1.0 azsdk-python-mgmt-machinelearningservices/0.1.0 Python/3.8.5 (Windows-10-10.0.19041-SP0)"
      },
      "RequestBody": null,
      "StatusCode": 200,
      "ResponseHeaders": {
        "Cache-Control": "no-cache",
        "Content-Encoding": "gzip",
        "Content-Type": "application/json; charset=utf-8",
        "Date": "Thu, 29 Sep 2022 23:34:07 GMT",
        "Expires": "-1",
        "Pragma": "no-cache",
        "Request-Context": "appId=cid-v1:512cc15a-13b5-415b-bfd0-dce7accb6bb1",
        "Server-Timing": "traceparent;desc=\u002200-eaa2fa7d15efcfc050ca87830ca9734a-ffd0d98bc429c747-01\u0022",
        "Strict-Transport-Security": "max-age=31536000; includeSubDomains",
        "Transfer-Encoding": "chunked",
        "Vary": "Accept-Encoding",
        "x-aml-cluster": "vienna-test-westus2-02",
        "X-Content-Type-Options": "nosniff",
        "x-ms-correlation-request-id": "cb2c1b7f-fc96-4ba4-a35f-42c7c634c309",
        "x-ms-ratelimit-remaining-subscription-writes": "1148",
        "x-ms-response-type": "standard",
        "x-ms-routing-request-id": "WESTUS2:20220929T233408Z:cb2c1b7f-fc96-4ba4-a35f-42c7c634c309",
        "x-request-time": "0.088"
      },
      "ResponseBody": {
        "secretsType": "AccountKey",
        "key": "dGhpcyBpcyBmYWtlIGtleQ=="
      }
    },
    {
      "RequestUri": "https://sas3vrosykmdp4s.blob.core.windows.net/azureml-blobstore-86253a4f-a7a6-4008-8c86-ce9cf2978bc1/LocalUpload/00000000000000000000000000000000/data/sample1.csv",
      "RequestMethod": "HEAD",
      "RequestHeaders": {
        "Accept": "application/xml",
        "Accept-Encoding": "gzip, deflate",
        "Connection": "keep-alive",
        "User-Agent": "azsdk-python-storage-blob/12.9.0 Python/3.8.5 (Windows-10-10.0.19041-SP0)",
        "x-ms-date": "Thu, 29 Sep 2022 23:34:08 GMT",
        "x-ms-version": "2020-10-02"
      },
      "RequestBody": null,
      "StatusCode": 200,
      "ResponseHeaders": {
        "Accept-Ranges": "bytes",
        "Content-Length": "499",
        "Content-MD5": "kD7N5\u002BygjTfbYTFhyEo7RA==",
        "Content-Type": "application/octet-stream",
        "Date": "Thu, 29 Sep 2022 23:34:08 GMT",
        "ETag": "\u00220x8DAA2730C5EF7E8\u0022",
        "Last-Modified": "Thu, 29 Sep 2022 23:33:43 GMT",
        "Server": [
          "Windows-Azure-Blob/1.0",
          "Microsoft-HTTPAPI/2.0"
        ],
        "Vary": "Origin",
        "x-ms-access-tier": "Hot",
        "x-ms-access-tier-inferred": "true",
        "x-ms-blob-type": "BlockBlob",
        "x-ms-creation-time": "Thu, 29 Sep 2022 23:33:43 GMT",
        "x-ms-lease-state": "available",
        "x-ms-lease-status": "unlocked",
        "x-ms-meta-name": "be174f69-45d6-4b52-8147-6eb54190b726",
        "x-ms-meta-upload_status": "completed",
        "x-ms-meta-version": "363cf64f-33e5-4ceb-9cf4-c38bd7011b4e",
        "x-ms-server-encrypted": "true",
        "x-ms-version": "2020-10-02"
      },
      "ResponseBody": null
    },
    {
      "RequestUri": "https://sas3vrosykmdp4s.blob.core.windows.net/azureml-blobstore-86253a4f-a7a6-4008-8c86-ce9cf2978bc1/az-ml-artifacts/00000000000000000000000000000000/data/sample1.csv",
      "RequestMethod": "HEAD",
      "RequestHeaders": {
        "Accept": "application/xml",
        "Accept-Encoding": "gzip, deflate",
        "Connection": "keep-alive",
        "User-Agent": "azsdk-python-storage-blob/12.9.0 Python/3.8.5 (Windows-10-10.0.19041-SP0)",
        "x-ms-date": "Thu, 29 Sep 2022 23:34:08 GMT",
        "x-ms-version": "2020-10-02"
      },
      "RequestBody": null,
      "StatusCode": 404,
      "ResponseHeaders": {
        "Date": "Thu, 29 Sep 2022 23:34:08 GMT",
        "Server": [
          "Windows-Azure-Blob/1.0",
          "Microsoft-HTTPAPI/2.0"
        ],
        "Transfer-Encoding": "chunked",
        "Vary": "Origin",
        "x-ms-error-code": "BlobNotFound",
        "x-ms-version": "2020-10-02"
      },
      "ResponseBody": null
    },
    {
      "RequestUri": "https://management.azure.com/subscriptions/00000000-0000-0000-0000-000000000/resourceGroups/00000/providers/Microsoft.MachineLearningServices/workspaces/00000/jobs/000000000000000000000?api-version=2022-06-01-preview",
      "RequestMethod": "PUT",
      "RequestHeaders": {
        "Accept": "application/json",
        "Accept-Encoding": "gzip, deflate",
        "Connection": "keep-alive",
        "Content-Length": "1982",
        "Content-Type": "application/json",
        "User-Agent": "azure-ai-ml/0.1.0 azsdk-python-mgmt-machinelearningservices/0.1.0 Python/3.8.5 (Windows-10-10.0.19041-SP0)"
      },
      "RequestBody": {
        "properties": {
          "description": "E2E dummy pipeline with components defined via yaml.",
          "properties": {},
          "tags": {},
          "computeId": "/subscriptions/00000000-0000-0000-0000-000000000/resourceGroups/00000/providers/Microsoft.MachineLearningServices/workspaces/00000/computes/cpu-cluster",
          "displayName": "e2e_local_components",
          "experimentName": "azure-ai-ml",
          "isArchived": false,
          "jobType": "Pipeline",
          "inputs": {
            "training_input": {
              "mode": "Download",
              "uri": "azureml://datastores/workspaceblobstore/paths/LocalUpload/00000000000000000000000000000000/data/",
              "jobInputType": "uri_folder"
            },
            "training_max_epochs": {
              "jobInputType": "literal",
              "value": "20"
            },
            "training_learning_rate": {
              "jobInputType": "literal",
              "value": "1.8"
            },
            "learning_rate_schedule": {
              "jobInputType": "literal",
              "value": "time-based"
            }
          },
          "jobs": {
            "train_with_sample_data": {
              "resources": null,
              "distribution": null,
              "limits": null,
              "environment_variables": {},
              "name": "train_with_sample_data",
              "type": "command",
              "display_name": null,
              "tags": {},
              "computeId": null,
              "inputs": {
                "training_data": {
                  "job_input_type": "literal",
                  "value": "${{parent.inputs.training_input}}",
                  "mode": "ReadOnlyMount"
                },
                "max_epochs": {
                  "job_input_type": "literal",
                  "value": "${{parent.inputs.training_max_epochs}}"
                },
                "learning_rate": {
                  "job_input_type": "literal",
                  "value": "${{parent.inputs.training_learning_rate}}"
                },
                "learning_rate_schedule": {
                  "job_input_type": "literal",
                  "value": "${{parent.inputs.learning_rate_schedule}}"
                }
              },
              "outputs": {
                "model_output": {
                  "value": "${{parent.outputs.trained_model}}",
                  "type": "literal",
                  "mode": "Upload"
                }
              },
              "properties": {},
              "_source": "YAML.COMPONENT",
              "componentId": "/subscriptions/00000000-0000-0000-0000-000000000/resourceGroups/00000/providers/Microsoft.MachineLearningServices/workspaces/00000/components/azureml_anonymous/versions/8e707c2a-09b2-444b-b29d-f3b19c865f87"
            }
          },
          "outputs": {
            "trained_model": {
              "mode": "ReadWriteMount",
              "jobOutputType": "uri_folder"
            }
          },
          "settings": {
            "_source": "DSL"
          }
        }
      },
      "StatusCode": 201,
      "ResponseHeaders": {
        "Cache-Control": "no-cache",
        "Content-Length": "4574",
        "Content-Type": "application/json; charset=utf-8",
        "Date": "Thu, 29 Sep 2022 23:34:12 GMT",
        "Expires": "-1",
        "Location": "https://management.azure.com/subscriptions/00000000-0000-0000-0000-000000000/resourceGroups/00000/providers/Microsoft.MachineLearningServices/workspaces/00000/jobs/000000000000000000000?api-version=2022-06-01-preview",
        "Pragma": "no-cache",
        "Request-Context": "appId=cid-v1:512cc15a-13b5-415b-bfd0-dce7accb6bb1",
        "Server-Timing": "traceparent;desc=\u002200-f8527e83b0b750e3615f8b179f5ee61f-9f0588394a779e41-01\u0022",
        "Strict-Transport-Security": "max-age=31536000; includeSubDomains",
        "x-aml-cluster": "vienna-test-westus2-02",
        "X-Content-Type-Options": "nosniff",
        "x-ms-correlation-request-id": "c46f4958-5735-41ee-860b-11b6399fa17b",
        "x-ms-ratelimit-remaining-subscription-writes": "1084",
        "x-ms-response-type": "standard",
        "x-ms-routing-request-id": "WESTUS2:20220929T233412Z:c46f4958-5735-41ee-860b-11b6399fa17b",
        "x-request-time": "2.955"
      },
      "ResponseBody": {
        "id": "/subscriptions/00000000-0000-0000-0000-000000000/resourceGroups/00000/providers/Microsoft.MachineLearningServices/workspaces/00000/jobs/000000000000000000000",
        "name": "000000000000000000000",
        "type": "Microsoft.MachineLearningServices/workspaces/jobs",
        "properties": {
          "description": "E2E dummy pipeline with components defined via yaml.",
          "tags": {},
          "properties": {
            "azureml.DevPlatv2": "true",
            "azureml.runsource": "azureml.PipelineRun",
            "runSource": "MFE",
            "runType": "HTTP",
            "azureml.parameters": "{\u0022training_max_epochs\u0022:\u002220\u0022,\u0022training_learning_rate\u0022:\u00221.8\u0022,\u0022learning_rate_schedule\u0022:\u0022time-based\u0022}",
            "azureml.continue_on_step_failure": "False",
            "azureml.continue_on_failed_optional_input": "True",
            "azureml.defaultComputeName": "cpu-cluster",
            "azureml.defaultDataStoreName": "workspaceblobstore",
            "azureml.pipelineComponent": "pipelinerun"
          },
          "displayName": "e2e_local_components",
          "status": "Preparing",
          "experimentName": "azure-ai-ml",
          "services": {
            "Tracking": {
              "jobServiceType": "Tracking",
              "port": null,
              "endpoint": "azureml://master.api.azureml-test.ms/mlflow/v1.0/subscriptions/00000000-0000-0000-0000-000000000/resourceGroups/00000/providers/Microsoft.MachineLearningServices/workspaces/00000?",
              "status": null,
              "errorMessage": null,
              "properties": null
            },
            "Studio": {
              "jobServiceType": "Studio",
              "port": null,
              "endpoint": "https://ml.azure.com/runs/000000000000000000000?wsid=/subscriptions/00000000-0000-0000-0000-000000000/resourcegroups/00000/workspaces/00000",
              "status": null,
              "errorMessage": null,
              "properties": null
            }
          },
          "computeId": "/subscriptions/00000000-0000-0000-0000-000000000/resourceGroups/00000/providers/Microsoft.MachineLearningServices/workspaces/00000/computes/cpu-cluster",
          "isArchived": false,
          "identity": null,
          "componentId": null,
          "jobType": "Pipeline",
          "settings": {
            "_source": "DSL"
          },
          "jobs": {
            "train_with_sample_data": {
              "resources": null,
              "distribution": null,
              "limits": null,
              "environment_variables": {},
              "name": "train_with_sample_data",
              "type": "command",
              "display_name": null,
              "tags": {},
              "computeId": null,
              "inputs": {
                "training_data": {
                  "job_input_type": "literal",
                  "value": "${{parent.inputs.training_input}}",
                  "mode": "ReadOnlyMount"
                },
                "max_epochs": {
                  "job_input_type": "literal",
                  "value": "${{parent.inputs.training_max_epochs}}"
                },
                "learning_rate": {
                  "job_input_type": "literal",
                  "value": "${{parent.inputs.training_learning_rate}}"
                },
                "learning_rate_schedule": {
                  "job_input_type": "literal",
                  "value": "${{parent.inputs.learning_rate_schedule}}"
                }
              },
              "outputs": {
                "model_output": {
                  "value": "${{parent.outputs.trained_model}}",
                  "type": "literal",
                  "mode": "Upload"
                }
              },
              "properties": {},
              "_source": "YAML.COMPONENT",
              "componentId": "/subscriptions/00000000-0000-0000-0000-000000000/resourceGroups/00000/providers/Microsoft.MachineLearningServices/workspaces/00000/components/azureml_anonymous/versions/8e707c2a-09b2-444b-b29d-f3b19c865f87"
            }
          },
          "inputs": {
            "training_input": {
              "description": null,
              "uri": "azureml://datastores/workspaceblobstore/paths/LocalUpload/00000000000000000000000000000000/data/",
              "mode": "Download",
              "jobInputType": "uri_folder"
            },
            "training_max_epochs": {
              "description": null,
              "jobInputType": "literal",
              "value": "20"
            },
            "training_learning_rate": {
              "description": null,
              "jobInputType": "literal",
              "value": "1.8"
            },
            "learning_rate_schedule": {
              "description": null,
              "jobInputType": "literal",
              "value": "time-based"
            }
          },
          "outputs": {
            "trained_model": {
              "description": null,
              "uri": null,
              "mode": "ReadWriteMount",
              "jobOutputType": "uri_folder"
            }
          },
          "sourceJobId": null
        },
        "systemData": {
          "createdAt": "2022-09-29T23:34:12.226833\u002B00:00",
          "createdBy": "Aditi Singhal",
          "createdByType": "User"
        }
      }
    }
  ],
  "Variables": {}
}
