{
  "Entries": [
    {
      "RequestUri": "https://management.azure.com/subscriptions/00000000-0000-0000-0000-000000000/resourceGroups/00000/providers/Microsoft.MachineLearningServices/workspaces/00000/components/azureml_anonymous/versions/b409fe57-b171-52d9-ee39-2bb6c1485cd1?api-version=2022-10-01",
      "RequestMethod": "PUT",
      "RequestHeaders": {
        "Accept": "application/json",
        "Accept-Encoding": "gzip, deflate",
        "Connection": "keep-alive",
        "Content-Length": "1485",
        "Content-Type": "application/json",
        "User-Agent": "azure-ai-ml/1.6.0 azsdk-python-mgmt-machinelearningservices/0.1.0 Python/3.9.10 (Windows-10-10.0.22621-SP0)"
      },
      "RequestBody": {
        "properties": {
          "description": "Component with default and optional parameters",
          "properties": {},
          "tags": {
            "tag": "tagvalue",
            "owner": "sdkteam"
          },
          "isAnonymous": true,
          "isArchived": false,
          "componentSpec": {
            "command": "echo Hello World \u0026 echo required_param ${{inputs.required_param}} \u0026 echo required_param_with_default ${{inputs.required_param_with_default}} \u0026 $[[echo optional_param ${{inputs.optional_param}} \u0026]] $[[echo optional_param_with_default ${{inputs.optional_param_with_default}} \u0026]] echo required_input ${{inputs.required_input}} \u0026 $[[echo optional_input ${{inputs.optional_input}} \u0026]]",
            "environment": "azureml:AzureML-sklearn-1.0-ubuntu20.04-py38-cpu:33",
            "name": "default_optional_component",
            "description": "Component with default and optional parameters",
            "tags": {
              "tag": "tagvalue",
              "owner": "sdkteam"
            },
            "version": "1",
            "$schema": "https://azuremlschemas.azureedge.net/development/commandComponent.schema.json",
            "display_name": "Component with default and optional parameters",
            "is_deterministic": true,
            "inputs": {
              "required_input": {
                "type": "uri_folder"
              },
              "optional_input": {
                "type": "uri_folder",
                "optional": true
              },
              "required_param": {
                "type": "string"
              },
              "required_param_with_default": {
                "type": "string",
                "default": "required_param_with_default"
              },
              "optional_param": {
                "type": "string",
                "optional": true
              },
              "optional_param_with_default": {
                "type": "string",
                "optional": true,
                "default": "optional_param_with_default"
              }
            },
            "type": "command",
            "_source": "YAML.COMPONENT"
          }
        }
      },
      "StatusCode": 201,
      "ResponseHeaders": {
        "Cache-Control": "no-cache",
        "Content-Length": "2604",
        "Content-Type": "application/json; charset=utf-8",
        "Date": "Tue, 28 Mar 2023 05:36:57 GMT",
        "Expires": "-1",
        "Location": "https://management.azure.com/subscriptions/00000000-0000-0000-0000-000000000/resourceGroups/00000/providers/Microsoft.MachineLearningServices/workspaces/00000/components/azureml_anonymous/versions/b409fe57-b171-52d9-ee39-2bb6c1485cd1?api-version=2022-10-01",
        "Pragma": "no-cache",
        "Request-Context": "appId=cid-v1:2d2e8e63-272e-4b3c-8598-4ee570a0e70d",
        "Server-Timing": "traceparent;desc=\u002200-66c47326b9e3927800fb55de0561e87b-51f56e724beff36e-01\u0022",
        "Strict-Transport-Security": "max-age=31536000; includeSubDomains",
        "x-aml-cluster": "vienna-eastus-01",
        "X-Content-Type-Options": "nosniff",
        "x-ms-correlation-request-id": "4dca16ee-0977-4bd6-826d-50a02d25613c",
        "x-ms-ratelimit-remaining-subscription-writes": "1199",
        "x-ms-response-type": "standard",
        "x-ms-routing-request-id": "JAPANEAST:20230328T053657Z:4dca16ee-0977-4bd6-826d-50a02d25613c",
        "x-request-time": "0.402"
      },
      "ResponseBody": {
        "id": "/subscriptions/00000000-0000-0000-0000-000000000/resourceGroups/00000/providers/Microsoft.MachineLearningServices/workspaces/00000/components/azureml_anonymous/versions/8b8961f5-1480-4b2a-b4e4-28be339496c0",
        "name": "8b8961f5-1480-4b2a-b4e4-28be339496c0",
        "type": "Microsoft.MachineLearningServices/workspaces/components/versions",
        "properties": {
          "description": null,
          "tags": {
            "tag": "tagvalue",
            "owner": "sdkteam"
          },
          "properties": {},
          "isArchived": false,
          "isAnonymous": true,
          "componentSpec": {
            "$schema": "https://azuremlschemas.azureedge.net/development/commandComponent.schema.json",
            "name": "default_optional_component",
            "version": "1",
            "display_name": "Component with default and optional parameters",
            "is_deterministic": "True",
            "type": "command",
            "description": "Component with default and optional parameters",
            "tags": {
              "tag": "tagvalue",
              "owner": "sdkteam"
            },
            "inputs": {
              "required_input": {
                "type": "uri_folder",
                "optional": "False"
              },
              "optional_input": {
                "type": "uri_folder",
                "optional": "True"
              },
              "required_param": {
                "type": "string",
                "optional": "False"
              },
              "required_param_with_default": {
                "type": "string",
                "optional": "False",
                "default": "required_param_with_default"
              },
              "optional_param": {
                "type": "string",
                "optional": "True"
              },
              "optional_param_with_default": {
                "type": "string",
                "optional": "True",
                "default": "optional_param_with_default"
              }
            },
            "environment": "azureml://registries/azureml/environments/AzureML-sklearn-1.0-ubuntu20.04-py38-cpu/versions/33",
            "resources": {
              "instance_count": "1"
            },
            "command": "echo Hello World \u0026 echo required_param ${{inputs.required_param}} \u0026 echo required_param_with_default ${{inputs.required_param_with_default}} \u0026 $[[echo optional_param ${{inputs.optional_param}} \u0026]] $[[echo optional_param_with_default ${{inputs.optional_param_with_default}} \u0026]] echo required_input ${{inputs.required_input}} \u0026 $[[echo optional_input ${{inputs.optional_input}} \u0026]]"
          }
        },
        "systemData": {
          "createdAt": "2023-03-28T05:36:57.6695016\u002B00:00",
          "createdBy": "Xingzhi Zhang",
          "createdByType": "User",
          "lastModifiedAt": "2023-03-28T05:36:57.6695016\u002B00:00",
          "lastModifiedBy": "Xingzhi Zhang",
          "lastModifiedByType": "User"
        }
      }
    },
    {
      "RequestUri": "https://management.azure.com/subscriptions/00000000-0000-0000-0000-000000000/resourceGroups/00000/providers/Microsoft.MachineLearningServices/workspaces/00000/jobs/000000000000000000000?api-version=2023-02-01-preview",
      "RequestMethod": "PUT",
      "RequestHeaders": {
        "Accept": "application/json",
        "Accept-Encoding": "gzip, deflate",
        "Connection": "keep-alive",
        "Content-Length": "1554",
        "Content-Type": "application/json",
        "User-Agent": "azure-ai-ml/1.6.0 azsdk-python-mgmt-machinelearningservices/0.1.0 Python/3.9.10 (Windows-10-10.0.22621-SP0)"
      },
      "RequestBody": {
        "properties": {
          "properties": {},
          "tags": {},
          "displayName": "pipeline_with_default_optional_parameters",
          "experimentName": "default_optional_pipeline",
          "isArchived": false,
          "jobType": "Pipeline",
          "inputs": {
            "required_input": {
              "uri": "https://dprepdata.blob.core.windows.net/demo/Titanic.csv",
              "jobInputType": "uri_file"
            },
            "required_param": {
              "jobInputType": "literal",
              "value": "hello"
            },
            "required_param_with_default": {
              "jobInputType": "literal",
              "value": "required_param_with_default"
            },
            "optional_param": {
              "jobInputType": "literal",
              "value": "optional_param"
            }
          },
          "jobs": {
            "default_optional_component": {
              "name": "default_optional_component",
              "type": "command",
              "inputs": {
                "required_input": {
                  "job_input_type": "literal",
                  "value": "${{parent.inputs.required_input}}"
                },
                "required_param": {
                  "job_input_type": "literal",
                  "value": "${{parent.inputs.required_param}}"
                },
                "required_param_with_default": {
                  "job_input_type": "literal",
                  "value": "${{parent.inputs.required_param_with_default}}"
                },
                "optional_param": {
                  "job_input_type": "literal",
                  "value": "${{parent.inputs.optional_param}}"
                }
              },
              "_source": "YAML.COMPONENT",
              "componentId": "/subscriptions/00000000-0000-0000-0000-000000000/resourceGroups/00000/providers/Microsoft.MachineLearningServices/workspaces/00000/components/azureml_anonymous/versions/8b8961f5-1480-4b2a-b4e4-28be339496c0"
            }
          },
          "outputs": {},
          "settings": {
            "default_compute": "/subscriptions/00000000-0000-0000-0000-000000000/resourceGroups/00000/providers/Microsoft.MachineLearningServices/workspaces/00000/computes/cpu-cluster",
            "_source": "DSL"
          }
        }
      },
      "StatusCode": 201,
      "ResponseHeaders": {
        "Cache-Control": "no-cache",
        "Content-Length": "4076",
        "Content-Type": "application/json; charset=utf-8",
        "Date": "Tue, 28 Mar 2023 05:37:02 GMT",
        "Expires": "-1",
        "Location": "https://management.azure.com/subscriptions/00000000-0000-0000-0000-000000000/resourceGroups/00000/providers/Microsoft.MachineLearningServices/workspaces/00000/jobs/000000000000000000000?api-version=2023-02-01-preview",
        "Pragma": "no-cache",
        "Request-Context": "appId=cid-v1:2d2e8e63-272e-4b3c-8598-4ee570a0e70d",
        "Server-Timing": "traceparent;desc=\u002200-9b9a54d25c954e4e5b7411e4f7670558-80da2b4e01888708-01\u0022",
        "Strict-Transport-Security": "max-age=31536000; includeSubDomains",
        "x-aml-cluster": "vienna-eastus-01",
        "X-Content-Type-Options": "nosniff",
        "x-ms-correlation-request-id": "0bdde045-636f-4751-8bb0-39813d6eba74",
        "x-ms-ratelimit-remaining-subscription-writes": "1198",
        "x-ms-response-type": "standard",
        "x-ms-routing-request-id": "JAPANEAST:20230328T053703Z:0bdde045-636f-4751-8bb0-39813d6eba74",
        "x-request-time": "3.028"
      },
      "ResponseBody": {
        "id": "/subscriptions/00000000-0000-0000-0000-000000000/resourceGroups/00000/providers/Microsoft.MachineLearningServices/workspaces/00000/jobs/000000000000000000000",
        "name": "000000000000000000000",
        "type": "Microsoft.MachineLearningServices/workspaces/jobs",
        "properties": {
          "description": null,
          "tags": {},
          "properties": {
            "azureml.DevPlatv2": "true",
            "azureml.runsource": "azureml.PipelineRun",
            "runSource": "MFE",
            "runType": "HTTP",
            "azureml.parameters": "{\u0022required_param\u0022:\u0022hello\u0022,\u0022required_param_with_default\u0022:\u0022required_param_with_default\u0022,\u0022optional_param\u0022:\u0022optional_param\u0022}",
            "azureml.continue_on_step_failure": "True",
            "azureml.continue_on_failed_optional_input": "True",
            "azureml.defaultComputeName": "cpu-cluster",
            "azureml.defaultDataStoreName": "workspaceblobstore",
            "azureml.pipelineComponent": "pipelinerun"
          },
          "displayName": "pipeline_with_default_optional_parameters",
          "status": "Preparing",
          "experimentName": "default_optional_pipeline",
          "services": {
            "Tracking": {
              "jobServiceType": "Tracking",
              "port": null,
              "endpoint": "azureml://eastus.api.azureml.ms/mlflow/v1.0/subscriptions/00000000-0000-0000-0000-000000000/resourceGroups/00000/providers/Microsoft.MachineLearningServices/workspaces/00000?",
              "status": null,
              "errorMessage": null,
              "properties": null,
              "nodes": null
            },
            "Studio": {
              "jobServiceType": "Studio",
              "port": null,
              "endpoint": "https://ml.azure.com/runs/000000000000000000000?wsid=/subscriptions/00000000-0000-0000-0000-000000000/resourcegroups/00000/workspaces/00000",
              "status": null,
              "errorMessage": null,
              "properties": null,
              "nodes": null
            }
          },
          "computeId": null,
          "isArchived": false,
          "identity": null,
          "componentId": null,
          "notificationSetting": null,
          "jobType": "Pipeline",
          "settings": {
            "default_compute": "/subscriptions/00000000-0000-0000-0000-000000000/resourceGroups/00000/providers/Microsoft.MachineLearningServices/workspaces/00000/computes/cpu-cluster",
            "_source": "DSL"
          },
          "jobs": {
            "default_optional_component": {
              "name": "default_optional_component",
              "type": "command",
              "inputs": {
                "required_input": {
                  "job_input_type": "literal",
                  "value": "${{parent.inputs.required_input}}"
                },
                "required_param": {
                  "job_input_type": "literal",
                  "value": "${{parent.inputs.required_param}}"
                },
                "required_param_with_default": {
                  "job_input_type": "literal",
                  "value": "${{parent.inputs.required_param_with_default}}"
                },
                "optional_param": {
                  "job_input_type": "literal",
                  "value": "${{parent.inputs.optional_param}}"
                }
              },
              "_source": "YAML.COMPONENT",
              "componentId": "/subscriptions/00000000-0000-0000-0000-000000000/resourceGroups/00000/providers/Microsoft.MachineLearningServices/workspaces/00000/components/azureml_anonymous/versions/8b8961f5-1480-4b2a-b4e4-28be339496c0"
            }
          },
          "inputs": {
            "required_input": {
              "description": null,
              "uri": "https://dprepdata.blob.core.windows.net/demo/Titanic.csv",
              "mode": "ReadOnlyMount",
              "jobInputType": "uri_file"
            },
            "required_param": {
              "description": null,
              "jobInputType": "literal",
              "value": "hello"
            },
            "required_param_with_default": {
              "description": null,
              "jobInputType": "literal",
              "value": "required_param_with_default"
            },
            "optional_param": {
              "description": null,
              "jobInputType": "literal",
              "value": "optional_param"
            }
          },
          "outputs": {},
          "sourceJobId": null
        },
        "systemData": {
          "createdAt": "2023-03-28T05:37:02.7062353\u002B00:00",
          "createdBy": "Xingzhi Zhang",
          "createdByType": "User"
        }
      }
    },
    {
      "RequestUri": "https://management.azure.com/subscriptions/00000000-0000-0000-0000-000000000/resourceGroups/00000/providers/Microsoft.MachineLearningServices/workspaces/00000/jobs/000000000000000000000?api-version=2023-02-01-preview",
      "RequestMethod": "PUT",
      "RequestHeaders": {
        "Accept": "application/json",
        "Accept-Encoding": "gzip, deflate",
        "Connection": "keep-alive",
        "Content-Length": "1554",
        "Content-Type": "application/json",
        "User-Agent": "azure-ai-ml/1.6.0 azsdk-python-mgmt-machinelearningservices/0.1.0 Python/3.9.10 (Windows-10-10.0.22621-SP0)"
      },
      "RequestBody": {
        "properties": {
          "properties": {},
          "tags": {},
          "displayName": "pipeline_with_default_optional_parameters",
          "experimentName": "default_optional_pipeline",
          "isArchived": false,
          "jobType": "Pipeline",
          "inputs": {
            "required_input": {
              "uri": "https://dprepdata.blob.core.windows.net/demo/Titanic.csv",
              "jobInputType": "uri_file"
            },
            "required_param": {
              "jobInputType": "literal",
              "value": "hello"
            },
            "required_param_with_default": {
              "jobInputType": "literal",
              "value": "required_param_with_default"
            },
            "optional_param": {
              "jobInputType": "literal",
              "value": "optional_param"
            }
          },
          "jobs": {
            "default_optional_component": {
              "name": "default_optional_component",
              "type": "command",
              "inputs": {
                "required_input": {
                  "job_input_type": "literal",
                  "value": "${{parent.inputs.required_input}}"
                },
                "required_param": {
                  "job_input_type": "literal",
                  "value": "${{parent.inputs.required_param}}"
                },
                "required_param_with_default": {
                  "job_input_type": "literal",
                  "value": "${{parent.inputs.required_param_with_default}}"
                },
                "optional_param": {
                  "job_input_type": "literal",
                  "value": "${{parent.inputs.optional_param}}"
                }
              },
              "_source": "YAML.COMPONENT",
              "componentId": "/subscriptions/00000000-0000-0000-0000-000000000/resourceGroups/00000/providers/Microsoft.MachineLearningServices/workspaces/00000/components/azureml_anonymous/versions/8b8961f5-1480-4b2a-b4e4-28be339496c0"
            }
          },
          "outputs": {},
          "settings": {
            "default_compute": "/subscriptions/00000000-0000-0000-0000-000000000/resourceGroups/00000/providers/Microsoft.MachineLearningServices/workspaces/00000/computes/cpu-cluster",
            "_source": "DSL"
          }
        }
      },
      "StatusCode": 201,
      "ResponseHeaders": {
        "Cache-Control": "no-cache",
        "Content-Length": "4076",
        "Content-Type": "application/json; charset=utf-8",
        "Date": "Tue, 28 Mar 2023 05:37:06 GMT",
        "Expires": "-1",
        "Location": "https://management.azure.com/subscriptions/00000000-0000-0000-0000-000000000/resourceGroups/00000/providers/Microsoft.MachineLearningServices/workspaces/00000/jobs/000000000000000000000?api-version=2023-02-01-preview",
        "Pragma": "no-cache",
        "Request-Context": "appId=cid-v1:2d2e8e63-272e-4b3c-8598-4ee570a0e70d",
        "Server-Timing": "traceparent;desc=\u002200-2d8932fa073bcae24b2e56afa842825e-ac5e858ed3bc88de-01\u0022",
        "Strict-Transport-Security": "max-age=31536000; includeSubDomains",
        "x-aml-cluster": "vienna-eastus-01",
        "X-Content-Type-Options": "nosniff",
        "x-ms-correlation-request-id": "4135e7d4-ca1e-4a62-9ad4-0c37f9539fbe",
        "x-ms-ratelimit-remaining-subscription-writes": "1197",
        "x-ms-response-type": "standard",
        "x-ms-routing-request-id": "JAPANEAST:20230328T053706Z:4135e7d4-ca1e-4a62-9ad4-0c37f9539fbe",
        "x-request-time": "1.183"
      },
      "ResponseBody": {
        "id": "/subscriptions/00000000-0000-0000-0000-000000000/resourceGroups/00000/providers/Microsoft.MachineLearningServices/workspaces/00000/jobs/000000000000000000000",
        "name": "000000000000000000000",
        "type": "Microsoft.MachineLearningServices/workspaces/jobs",
        "properties": {
          "description": null,
          "tags": {},
          "properties": {
            "azureml.DevPlatv2": "true",
            "azureml.runsource": "azureml.PipelineRun",
            "runSource": "MFE",
            "runType": "HTTP",
            "azureml.parameters": "{\u0022required_param\u0022:\u0022hello\u0022,\u0022required_param_with_default\u0022:\u0022required_param_with_default\u0022,\u0022optional_param\u0022:\u0022optional_param\u0022}",
            "azureml.continue_on_step_failure": "True",
            "azureml.continue_on_failed_optional_input": "True",
            "azureml.defaultComputeName": "cpu-cluster",
            "azureml.defaultDataStoreName": "workspaceblobstore",
            "azureml.pipelineComponent": "pipelinerun"
          },
          "displayName": "pipeline_with_default_optional_parameters",
          "status": "Preparing",
          "experimentName": "default_optional_pipeline",
          "services": {
            "Tracking": {
              "jobServiceType": "Tracking",
              "port": null,
              "endpoint": "azureml://eastus.api.azureml.ms/mlflow/v1.0/subscriptions/00000000-0000-0000-0000-000000000/resourceGroups/00000/providers/Microsoft.MachineLearningServices/workspaces/00000?",
              "status": null,
              "errorMessage": null,
              "properties": null,
              "nodes": null
            },
            "Studio": {
              "jobServiceType": "Studio",
              "port": null,
              "endpoint": "https://ml.azure.com/runs/000000000000000000000?wsid=/subscriptions/00000000-0000-0000-0000-000000000/resourcegroups/00000/workspaces/00000",
              "status": null,
              "errorMessage": null,
              "properties": null,
              "nodes": null
            }
          },
          "computeId": null,
          "isArchived": false,
          "identity": null,
          "componentId": null,
          "notificationSetting": null,
          "jobType": "Pipeline",
          "settings": {
            "default_compute": "/subscriptions/00000000-0000-0000-0000-000000000/resourceGroups/00000/providers/Microsoft.MachineLearningServices/workspaces/00000/computes/cpu-cluster",
            "_source": "DSL"
          },
          "jobs": {
            "default_optional_component": {
              "name": "default_optional_component",
              "type": "command",
              "inputs": {
                "required_input": {
                  "job_input_type": "literal",
                  "value": "${{parent.inputs.required_input}}"
                },
                "required_param": {
                  "job_input_type": "literal",
                  "value": "${{parent.inputs.required_param}}"
                },
                "required_param_with_default": {
                  "job_input_type": "literal",
                  "value": "${{parent.inputs.required_param_with_default}}"
                },
                "optional_param": {
                  "job_input_type": "literal",
                  "value": "${{parent.inputs.optional_param}}"
                }
              },
              "_source": "YAML.COMPONENT",
              "componentId": "/subscriptions/00000000-0000-0000-0000-000000000/resourceGroups/00000/providers/Microsoft.MachineLearningServices/workspaces/00000/components/azureml_anonymous/versions/8b8961f5-1480-4b2a-b4e4-28be339496c0"
            }
          },
          "inputs": {
            "required_input": {
              "description": null,
              "uri": "https://dprepdata.blob.core.windows.net/demo/Titanic.csv",
              "mode": "ReadOnlyMount",
              "jobInputType": "uri_file"
            },
            "required_param": {
              "description": null,
              "jobInputType": "literal",
              "value": "hello"
            },
            "required_param_with_default": {
              "description": null,
              "jobInputType": "literal",
              "value": "required_param_with_default"
            },
            "optional_param": {
              "description": null,
              "jobInputType": "literal",
              "value": "optional_param"
            }
          },
          "outputs": {},
          "sourceJobId": null
        },
        "systemData": {
          "createdAt": "2023-03-28T05:37:06.2949624\u002B00:00",
          "createdBy": "Xingzhi Zhang",
          "createdByType": "User"
        }
      }
    },
    {
      "RequestUri": "https://management.azure.com/subscriptions/00000000-0000-0000-0000-000000000/resourceGroups/00000/providers/Microsoft.MachineLearningServices/workspaces/00000/jobs/000000000000000000000?api-version=2023-02-01-preview",
      "RequestMethod": "PUT",
      "RequestHeaders": {
        "Accept": "application/json",
        "Accept-Encoding": "gzip, deflate",
        "Connection": "keep-alive",
        "Content-Length": "1351",
        "Content-Type": "application/json",
        "User-Agent": "azure-ai-ml/1.6.0 azsdk-python-mgmt-machinelearningservices/0.1.0 Python/3.9.10 (Windows-10-10.0.22621-SP0)"
      },
      "RequestBody": {
        "properties": {
          "properties": {},
          "tags": {},
          "displayName": "pipeline_with_default_optional_parameters",
          "experimentName": "default_optional_pipeline",
          "isArchived": false,
          "jobType": "Pipeline",
          "inputs": {
            "required_param": {
              "jobInputType": "literal",
              "value": "hello"
            }
          },
          "jobs": {
            "default_optional_component": {
              "name": "default_optional_component",
              "type": "command",
              "inputs": {
                "required_param": {
                  "job_input_type": "literal",
                  "value": "${{parent.inputs.required_param}}"
                },
                "required_input": {
                  "uri": "https://dprepdata.blob.core.windows.net/demo/Titanic.csv",
                  "job_input_type": "uri_file"
                },
                "required_param_with_default": {
                  "job_input_type": "literal",
                  "value": "required_param_with_default"
                },
                "optional_param": {
                  "job_input_type": "literal",
                  "value": "optional_param"
                },
                "optional_param_with_default": {
                  "job_input_type": "literal",
                  "value": "optional_param_with_default"
                }
              },
              "_source": "YAML.COMPONENT",
              "componentId": "/subscriptions/00000000-0000-0000-0000-000000000/resourceGroups/00000/providers/Microsoft.MachineLearningServices/workspaces/00000/components/azureml_anonymous/versions/8b8961f5-1480-4b2a-b4e4-28be339496c0"
            }
          },
          "outputs": {},
          "settings": {
            "default_compute": "/subscriptions/00000000-0000-0000-0000-000000000/resourceGroups/00000/providers/Microsoft.MachineLearningServices/workspaces/00000/computes/cpu-cluster",
            "_source": "DSL"
          }
        }
      },
      "StatusCode": 201,
      "ResponseHeaders": {
        "Cache-Control": "no-cache",
        "Content-Length": "3607",
        "Content-Type": "application/json; charset=utf-8",
        "Date": "Tue, 28 Mar 2023 05:37:09 GMT",
        "Expires": "-1",
        "Location": "https://management.azure.com/subscriptions/00000000-0000-0000-0000-000000000/resourceGroups/00000/providers/Microsoft.MachineLearningServices/workspaces/00000/jobs/000000000000000000000?api-version=2023-02-01-preview",
        "Pragma": "no-cache",
        "Request-Context": "appId=cid-v1:2d2e8e63-272e-4b3c-8598-4ee570a0e70d",
        "Server-Timing": "traceparent;desc=\u002200-a4593e9cec7f5182a91f0014d25673d0-17f6f96261cb863d-01\u0022",
        "Strict-Transport-Security": "max-age=31536000; includeSubDomains",
        "x-aml-cluster": "vienna-eastus-01",
        "X-Content-Type-Options": "nosniff",
        "x-ms-correlation-request-id": "abcbc8ad-9ab5-40eb-bef3-7a9b0d23714c",
        "x-ms-ratelimit-remaining-subscription-writes": "1196",
        "x-ms-response-type": "standard",
        "x-ms-routing-request-id": "JAPANEAST:20230328T053709Z:abcbc8ad-9ab5-40eb-bef3-7a9b0d23714c",
        "x-request-time": "1.092"
      },
      "ResponseBody": {
        "id": "/subscriptions/00000000-0000-0000-0000-000000000/resourceGroups/00000/providers/Microsoft.MachineLearningServices/workspaces/00000/jobs/000000000000000000000",
        "name": "000000000000000000000",
        "type": "Microsoft.MachineLearningServices/workspaces/jobs",
        "properties": {
          "description": null,
          "tags": {},
          "properties": {
            "azureml.DevPlatv2": "true",
            "azureml.runsource": "azureml.PipelineRun",
            "runSource": "MFE",
            "runType": "HTTP",
            "azureml.parameters": "{\u0022required_param\u0022:\u0022hello\u0022}",
            "azureml.continue_on_step_failure": "True",
            "azureml.continue_on_failed_optional_input": "True",
            "azureml.defaultComputeName": "cpu-cluster",
            "azureml.defaultDataStoreName": "workspaceblobstore",
            "azureml.pipelineComponent": "pipelinerun"
          },
          "displayName": "pipeline_with_default_optional_parameters",
          "status": "Preparing",
          "experimentName": "default_optional_pipeline",
          "services": {
            "Tracking": {
              "jobServiceType": "Tracking",
              "port": null,
              "endpoint": "azureml://eastus.api.azureml.ms/mlflow/v1.0/subscriptions/00000000-0000-0000-0000-000000000/resourceGroups/00000/providers/Microsoft.MachineLearningServices/workspaces/00000?",
              "status": null,
              "errorMessage": null,
              "properties": null,
              "nodes": null
            },
            "Studio": {
              "jobServiceType": "Studio",
              "port": null,
              "endpoint": "https://ml.azure.com/runs/000000000000000000000?wsid=/subscriptions/00000000-0000-0000-0000-000000000/resourcegroups/00000/workspaces/00000",
              "status": null,
              "errorMessage": null,
              "properties": null,
              "nodes": null
            }
          },
          "computeId": null,
          "isArchived": false,
          "identity": null,
          "componentId": null,
          "notificationSetting": null,
          "jobType": "Pipeline",
          "settings": {
            "default_compute": "/subscriptions/00000000-0000-0000-0000-000000000/resourceGroups/00000/providers/Microsoft.MachineLearningServices/workspaces/00000/computes/cpu-cluster",
            "_source": "DSL"
          },
          "jobs": {
            "default_optional_component": {
              "name": "default_optional_component",
              "type": "command",
              "inputs": {
                "required_param": {
                  "job_input_type": "literal",
                  "value": "${{parent.inputs.required_param}}"
                },
                "required_input": {
                  "uri": "https://dprepdata.blob.core.windows.net/demo/Titanic.csv",
                  "job_input_type": "uri_file"
                },
                "required_param_with_default": {
                  "job_input_type": "literal",
                  "value": "required_param_with_default"
                },
                "optional_param": {
                  "job_input_type": "literal",
                  "value": "optional_param"
                },
                "optional_param_with_default": {
                  "job_input_type": "literal",
                  "value": "optional_param_with_default"
                }
              },
              "_source": "YAML.COMPONENT",
              "componentId": "/subscriptions/00000000-0000-0000-0000-000000000/resourceGroups/00000/providers/Microsoft.MachineLearningServices/workspaces/00000/components/azureml_anonymous/versions/8b8961f5-1480-4b2a-b4e4-28be339496c0"
            }
          },
          "inputs": {
            "required_param": {
              "description": null,
              "jobInputType": "literal",
              "value": "hello"
            }
          },
          "outputs": {},
          "sourceJobId": null
        },
        "systemData": {
          "createdAt": "2023-03-28T05:37:09.5200172\u002B00:00",
          "createdBy": "Xingzhi Zhang",
          "createdByType": "User"
        }
      }
    }
  ],
  "Variables": {}
}
