{
  "Entries": [
    {
      "RequestUri": "https://management.azure.com/subscriptions/00000000-0000-0000-0000-000000000/resourceGroups/00000/providers/Microsoft.MachineLearningServices/workspaces/00000/computes/cpu-cluster?api-version=2022-10-01-preview",
      "RequestMethod": "GET",
      "RequestHeaders": {
        "Accept": "application/json",
        "Accept-Encoding": "gzip, deflate",
        "Connection": "keep-alive",
        "User-Agent": "azure-ai-ml/1.4.0 azsdk-python-mgmt-machinelearningservices/0.1.0 Python/3.7.9 (Windows-10-10.0.22621-SP0)"
      },
      "RequestBody": null,
      "StatusCode": 200,
      "ResponseHeaders": {
        "Cache-Control": "no-cache",
        "Content-Encoding": "gzip",
        "Content-Type": "application/json; charset=utf-8",
        "Date": "Wed, 18 Jan 2023 04:23:38 GMT",
        "Expires": "-1",
        "Pragma": "no-cache",
        "Request-Context": "appId=cid-v1:2d2e8e63-272e-4b3c-8598-4ee570a0e70d",
        "Server-Timing": "traceparent;desc=\u002200-cd9388b85fe8b31323cc48c0037c0bfe-017531e693f93e8a-00\u0022",
        "Strict-Transport-Security": "max-age=31536000; includeSubDomains",
        "Transfer-Encoding": "chunked",
        "Vary": [
          "Accept-Encoding",
          "Accept-Encoding"
        ],
        "x-aml-cluster": "vienna-eastus2-01",
        "X-Content-Type-Options": "nosniff",
        "x-ms-correlation-request-id": "e8bbb3ab-568c-409f-84b8-5eef95c63b78",
        "x-ms-ratelimit-remaining-subscription-reads": "11999",
        "x-ms-response-type": "standard",
        "x-ms-routing-request-id": "WESTUS2:20230118T042339Z:e8bbb3ab-568c-409f-84b8-5eef95c63b78",
        "x-request-time": "0.041"
      },
      "ResponseBody": {
        "id": "/subscriptions/00000000-0000-0000-0000-000000000/resourceGroups/00000/providers/Microsoft.MachineLearningServices/workspaces/00000/computes/cpu-cluster",
        "name": "cpu-cluster",
        "type": "Microsoft.MachineLearningServices/workspaces/computes",
        "location": "eastus2",
        "tags": {},
        "properties": {
          "createdOn": "2023-01-17T23:08:25.7828961\u002B00:00",
          "modifiedOn": "2023-01-17T23:08:29.3676077\u002B00:00",
          "disableLocalAuth": false,
          "description": null,
          "resourceId": null,
          "computeType": "AmlCompute",
          "computeLocation": "eastus2",
          "provisioningState": "Succeeded",
          "provisioningErrors": null,
          "isAttachedCompute": false,
          "properties": {
            "vmSize": "STANDARD_DS2_V2",
            "vmPriority": "Dedicated",
            "scaleSettings": {
              "maxNodeCount": 4,
              "minNodeCount": 0,
              "nodeIdleTimeBeforeScaleDown": "PT2M"
            },
            "subnet": null,
            "currentNodeCount": 0,
            "targetNodeCount": 0,
            "nodeStateCounts": {
              "preparingNodeCount": 0,
              "runningNodeCount": 0,
              "idleNodeCount": 0,
              "unusableNodeCount": 0,
              "leavingNodeCount": 0,
              "preemptedNodeCount": 0
            },
            "allocationState": "Steady",
            "allocationStateTransitionTime": "2023-01-18T02:34:19.4\u002B00:00",
            "errors": null,
            "remoteLoginPortPublicAccess": "Enabled",
            "osType": "Linux",
            "virtualMachineImage": null,
            "isolatedNetwork": false,
            "propertyBag": {}
          }
        }
      }
    },
    {
      "RequestUri": "https://management.azure.com/subscriptions/00000000-0000-0000-0000-000000000/resourceGroups/00000/providers/Microsoft.MachineLearningServices/workspaces/00000?api-version=2022-10-01",
      "RequestMethod": "GET",
      "RequestHeaders": {
        "Accept": "application/json",
        "Accept-Encoding": "gzip, deflate",
        "Connection": "keep-alive",
        "User-Agent": "azure-ai-ml/1.4.0 azsdk-python-mgmt-machinelearningservices/0.1.0 Python/3.7.9 (Windows-10-10.0.22621-SP0)"
      },
      "RequestBody": null,
      "StatusCode": 200,
      "ResponseHeaders": {
        "Cache-Control": "no-cache",
        "Content-Encoding": "gzip",
        "Content-Type": "application/json; charset=utf-8",
        "Date": "Wed, 18 Jan 2023 04:23:40 GMT",
        "Expires": "-1",
        "Pragma": "no-cache",
        "Request-Context": "appId=cid-v1:2d2e8e63-272e-4b3c-8598-4ee570a0e70d",
        "Server-Timing": "traceparent;desc=\u002200-05234f733af2ad35fa25f3e953e75edf-0f6ee0cce6272e8d-00\u0022",
        "Strict-Transport-Security": "max-age=31536000; includeSubDomains",
        "Transfer-Encoding": "chunked",
        "Vary": [
          "Accept-Encoding",
          "Accept-Encoding"
        ],
        "x-aml-cluster": "vienna-eastus2-01",
        "X-Content-Type-Options": "nosniff",
        "x-ms-correlation-request-id": "245bd5b5-f07e-4128-9402-9ceceabd3d8c",
        "x-ms-ratelimit-remaining-subscription-reads": "11984",
        "x-ms-response-type": "standard",
        "x-ms-routing-request-id": "WESTUS2:20230118T042341Z:245bd5b5-f07e-4128-9402-9ceceabd3d8c",
        "x-request-time": "0.015"
      },
      "ResponseBody": {
        "id": "/subscriptions/00000000-0000-0000-0000-000000000/resourceGroups/00000/providers/Microsoft.MachineLearningServices/workspaces/00000",
        "name": "00000",
        "type": "Microsoft.MachineLearningServices/workspaces",
        "location": "eastus2",
        "tags": {},
        "etag": null,
        "properties": {
          "friendlyName": "00000",
          "description": "",
          "storageAccount": "/subscriptions/00000000-0000-0000-0000-000000000/resourceGroups/00000/providers/Microsoft.Storage/storageAccounts/sadnuammrwdeilc",
          "keyVault": "/subscriptions/00000000-0000-0000-0000-000000000/resourceGroups/00000/providers/Microsoft.Keyvault/vaults/kvtesthhy5m5pqcjec6",
          "applicationInsights": "/subscriptions/00000000-0000-0000-0000-000000000/resourceGroups/00000/providers/Microsoft.insights/components/aidnuammrwdeilc",
          "hbiWorkspace": false,
          "tenantId": "72f988bf-86f1-41af-91ab-2d7cd011db47",
          "imageBuildCompute": null,
          "provisioningState": "Succeeded",
          "v1LegacyMode": false,
          "softDeleteEnabled": false,
          "containerRegistry": "/subscriptions/00000000-0000-0000-0000-000000000/resourceGroups/00000/providers/Microsoft.ContainerRegistry/registries/crdnuammrwdeilc",
          "notebookInfo": {
            "resourceId": "493ca697a7f447848820635d6ef3a5f0",
            "fqdn": "ml-sdkvnextcli-eastus2-c33afa53-cead-40f1-8d1d-ac5976604612.eastus2.notebooks.azure.net",
            "isPrivateLinkEnabled": false,
            "notebookPreparationError": null
          },
          "storageHnsEnabled": false,
          "workspaceId": "c33afa53-cead-40f1-8d1d-ac5976604612",
          "linkedModelInventoryArmId": null,
          "privateLinkCount": 0,
          "publicNetworkAccess": "Enabled",
          "discoveryUrl": "https://eastus2.api.azureml.ms/discovery",
          "mlFlowTrackingUri": "azureml://eastus2.api.azureml.ms/mlflow/v1.0/subscriptions/00000000-0000-0000-0000-000000000/resourceGroups/00000/providers/Microsoft.MachineLearningServices/workspaces/00000",
          "sdkTelemetryAppInsightsKey": "066b0d89-53d2-4b58-8bc8-ac382527e4fb",
          "sasGetterUri": "",
          "enableDataIsolation": false
        },
        "identity": {
          "type": "SystemAssigned",
          "principalId": "ab3f5d04-98db-441d-97a8-f558ea82f4ef",
          "tenantId": "72f988bf-86f1-41af-91ab-2d7cd011db47"
        },
        "sku": {
          "name": "Basic",
          "tier": "Basic"
        },
        "systemData": {
          "createdAt": "2023-01-17T23:08:06.6643232Z",
          "createdBy": "dipeck@microsoft.com",
          "createdByType": "User",
          "lastModifiedAt": "2023-01-17T23:08:06.6643232Z",
          "lastModifiedBy": "dipeck@microsoft.com",
          "lastModifiedByType": "User"
        }
      }
    },
    {
      "RequestUri": "https://management.azure.com/subscriptions/00000000-0000-0000-0000-000000000/resourceGroups/00000/providers/Microsoft.MachineLearningServices/workspaces/00000?api-version=2022-10-01",
      "RequestMethod": "GET",
      "RequestHeaders": {
        "Accept": "application/json",
        "Accept-Encoding": "gzip, deflate",
        "Connection": "keep-alive",
        "User-Agent": "azure-ai-ml/1.4.0 azsdk-python-mgmt-machinelearningservices/0.1.0 Python/3.7.9 (Windows-10-10.0.22621-SP0)"
      },
      "RequestBody": null,
      "StatusCode": 200,
      "ResponseHeaders": {
        "Cache-Control": "no-cache",
        "Content-Encoding": "gzip",
        "Content-Type": "application/json; charset=utf-8",
        "Date": "Wed, 18 Jan 2023 04:23:40 GMT",
        "Expires": "-1",
        "Pragma": "no-cache",
        "Request-Context": "appId=cid-v1:2d2e8e63-272e-4b3c-8598-4ee570a0e70d",
        "Server-Timing": "traceparent;desc=\u002200-56cf831abd8aeeda3988fb30cfd44696-c1c1c986fda0723b-00\u0022",
        "Strict-Transport-Security": "max-age=31536000; includeSubDomains",
        "Transfer-Encoding": "chunked",
        "Vary": [
          "Accept-Encoding",
          "Accept-Encoding"
        ],
        "x-aml-cluster": "vienna-eastus2-02",
        "X-Content-Type-Options": "nosniff",
        "x-ms-correlation-request-id": "5a312cef-0a87-4607-981f-14d4ed993dd8",
        "x-ms-ratelimit-remaining-subscription-reads": "11998",
        "x-ms-response-type": "standard",
        "x-ms-routing-request-id": "WESTUS2:20230118T042341Z:5a312cef-0a87-4607-981f-14d4ed993dd8",
        "x-request-time": "0.017"
      },
      "ResponseBody": {
        "id": "/subscriptions/00000000-0000-0000-0000-000000000/resourceGroups/00000/providers/Microsoft.MachineLearningServices/workspaces/00000",
        "name": "00000",
        "type": "Microsoft.MachineLearningServices/workspaces",
        "location": "eastus2",
        "tags": {},
        "etag": null,
        "properties": {
          "friendlyName": "00000",
          "description": "",
          "storageAccount": "/subscriptions/00000000-0000-0000-0000-000000000/resourceGroups/00000/providers/Microsoft.Storage/storageAccounts/sadnuammrwdeilc",
          "keyVault": "/subscriptions/00000000-0000-0000-0000-000000000/resourceGroups/00000/providers/Microsoft.Keyvault/vaults/kvtesthhy5m5pqcjec6",
          "applicationInsights": "/subscriptions/00000000-0000-0000-0000-000000000/resourceGroups/00000/providers/Microsoft.insights/components/aidnuammrwdeilc",
          "hbiWorkspace": false,
          "tenantId": "72f988bf-86f1-41af-91ab-2d7cd011db47",
          "imageBuildCompute": null,
          "provisioningState": "Succeeded",
          "v1LegacyMode": false,
          "softDeleteEnabled": false,
          "containerRegistry": "/subscriptions/00000000-0000-0000-0000-000000000/resourceGroups/00000/providers/Microsoft.ContainerRegistry/registries/crdnuammrwdeilc",
          "notebookInfo": {
            "resourceId": "493ca697a7f447848820635d6ef3a5f0",
            "fqdn": "ml-sdkvnextcli-eastus2-c33afa53-cead-40f1-8d1d-ac5976604612.eastus2.notebooks.azure.net",
            "isPrivateLinkEnabled": false,
            "notebookPreparationError": null
          },
          "storageHnsEnabled": false,
          "workspaceId": "c33afa53-cead-40f1-8d1d-ac5976604612",
          "linkedModelInventoryArmId": null,
          "privateLinkCount": 0,
          "publicNetworkAccess": "Enabled",
          "discoveryUrl": "https://eastus2.api.azureml.ms/discovery",
          "mlFlowTrackingUri": "azureml://eastus2.api.azureml.ms/mlflow/v1.0/subscriptions/00000000-0000-0000-0000-000000000/resourceGroups/00000/providers/Microsoft.MachineLearningServices/workspaces/00000",
          "sdkTelemetryAppInsightsKey": "066b0d89-53d2-4b58-8bc8-ac382527e4fb",
          "sasGetterUri": "",
          "enableDataIsolation": false
        },
        "identity": {
          "type": "SystemAssigned",
          "principalId": "ab3f5d04-98db-441d-97a8-f558ea82f4ef",
          "tenantId": "72f988bf-86f1-41af-91ab-2d7cd011db47"
        },
        "sku": {
          "name": "Basic",
          "tier": "Basic"
        },
        "systemData": {
          "createdAt": "2023-01-17T23:08:06.6643232Z",
          "createdBy": "dipeck@microsoft.com",
          "createdByType": "User",
          "lastModifiedAt": "2023-01-17T23:08:06.6643232Z",
          "lastModifiedBy": "dipeck@microsoft.com",
          "lastModifiedByType": "User"
        }
      }
    },
    {
      "RequestUri": "https://management.azure.com/subscriptions/00000000-0000-0000-0000-000000000/resourceGroups/00000/providers/Microsoft.MachineLearningServices/workspaces/00000?api-version=2022-10-01",
      "RequestMethod": "GET",
      "RequestHeaders": {
        "Accept": "application/json",
        "Accept-Encoding": "gzip, deflate",
        "Connection": "keep-alive",
        "User-Agent": "azure-ai-ml/1.4.0 azsdk-python-mgmt-machinelearningservices/0.1.0 Python/3.7.9 (Windows-10-10.0.22621-SP0)"
      },
      "RequestBody": null,
      "StatusCode": 200,
      "ResponseHeaders": {
        "Cache-Control": "no-cache",
        "Content-Encoding": "gzip",
        "Content-Type": "application/json; charset=utf-8",
        "Date": "Wed, 18 Jan 2023 04:23:40 GMT",
        "Expires": "-1",
        "Pragma": "no-cache",
        "Request-Context": "appId=cid-v1:2d2e8e63-272e-4b3c-8598-4ee570a0e70d",
        "Server-Timing": "traceparent;desc=\u002200-407e0e7aa2657ad040ea08674a1e4939-d2b59325459ca20d-00\u0022",
        "Strict-Transport-Security": "max-age=31536000; includeSubDomains",
        "Transfer-Encoding": "chunked",
        "Vary": [
          "Accept-Encoding",
          "Accept-Encoding"
        ],
        "x-aml-cluster": "vienna-eastus2-02",
        "X-Content-Type-Options": "nosniff",
        "x-ms-correlation-request-id": "279a6efb-b951-4f3a-80a3-5b20c3cfc469",
        "x-ms-ratelimit-remaining-subscription-reads": "11997",
        "x-ms-response-type": "standard",
        "x-ms-routing-request-id": "WESTUS2:20230118T042341Z:279a6efb-b951-4f3a-80a3-5b20c3cfc469",
        "x-request-time": "0.020"
      },
      "ResponseBody": {
        "id": "/subscriptions/00000000-0000-0000-0000-000000000/resourceGroups/00000/providers/Microsoft.MachineLearningServices/workspaces/00000",
        "name": "00000",
        "type": "Microsoft.MachineLearningServices/workspaces",
        "location": "eastus2",
        "tags": {},
        "etag": null,
        "properties": {
          "friendlyName": "00000",
          "description": "",
          "storageAccount": "/subscriptions/00000000-0000-0000-0000-000000000/resourceGroups/00000/providers/Microsoft.Storage/storageAccounts/sadnuammrwdeilc",
          "keyVault": "/subscriptions/00000000-0000-0000-0000-000000000/resourceGroups/00000/providers/Microsoft.Keyvault/vaults/kvtesthhy5m5pqcjec6",
          "applicationInsights": "/subscriptions/00000000-0000-0000-0000-000000000/resourceGroups/00000/providers/Microsoft.insights/components/aidnuammrwdeilc",
          "hbiWorkspace": false,
          "tenantId": "72f988bf-86f1-41af-91ab-2d7cd011db47",
          "imageBuildCompute": null,
          "provisioningState": "Succeeded",
          "v1LegacyMode": false,
          "softDeleteEnabled": false,
          "containerRegistry": "/subscriptions/00000000-0000-0000-0000-000000000/resourceGroups/00000/providers/Microsoft.ContainerRegistry/registries/crdnuammrwdeilc",
          "notebookInfo": {
            "resourceId": "493ca697a7f447848820635d6ef3a5f0",
            "fqdn": "ml-sdkvnextcli-eastus2-c33afa53-cead-40f1-8d1d-ac5976604612.eastus2.notebooks.azure.net",
            "isPrivateLinkEnabled": false,
            "notebookPreparationError": null
          },
          "storageHnsEnabled": false,
          "workspaceId": "c33afa53-cead-40f1-8d1d-ac5976604612",
          "linkedModelInventoryArmId": null,
          "privateLinkCount": 0,
          "publicNetworkAccess": "Enabled",
          "discoveryUrl": "https://eastus2.api.azureml.ms/discovery",
          "mlFlowTrackingUri": "azureml://eastus2.api.azureml.ms/mlflow/v1.0/subscriptions/00000000-0000-0000-0000-000000000/resourceGroups/00000/providers/Microsoft.MachineLearningServices/workspaces/00000",
          "sdkTelemetryAppInsightsKey": "066b0d89-53d2-4b58-8bc8-ac382527e4fb",
          "sasGetterUri": "",
          "enableDataIsolation": false
        },
        "identity": {
          "type": "SystemAssigned",
          "principalId": "ab3f5d04-98db-441d-97a8-f558ea82f4ef",
          "tenantId": "72f988bf-86f1-41af-91ab-2d7cd011db47"
        },
        "sku": {
          "name": "Basic",
          "tier": "Basic"
        },
        "systemData": {
          "createdAt": "2023-01-17T23:08:06.6643232Z",
          "createdBy": "dipeck@microsoft.com",
          "createdByType": "User",
          "lastModifiedAt": "2023-01-17T23:08:06.6643232Z",
          "lastModifiedBy": "dipeck@microsoft.com",
          "lastModifiedByType": "User"
        }
      }
    },
    {
      "RequestUri": "https://management.azure.com/subscriptions/00000000-0000-0000-0000-000000000/resourceGroups/00000/providers/Microsoft.MachineLearningServices/workspaces/00000?api-version=2022-10-01",
      "RequestMethod": "GET",
      "RequestHeaders": {
        "Accept": "application/json",
        "Accept-Encoding": "gzip, deflate",
        "Connection": "keep-alive",
        "User-Agent": "azure-ai-ml/1.4.0 azsdk-python-mgmt-machinelearningservices/0.1.0 Python/3.7.9 (Windows-10-10.0.22621-SP0)"
      },
      "RequestBody": null,
      "StatusCode": 200,
      "ResponseHeaders": {
        "Cache-Control": "no-cache",
        "Content-Encoding": "gzip",
        "Content-Type": "application/json; charset=utf-8",
        "Date": "Wed, 18 Jan 2023 04:23:41 GMT",
        "Expires": "-1",
        "Pragma": "no-cache",
        "Request-Context": "appId=cid-v1:2d2e8e63-272e-4b3c-8598-4ee570a0e70d",
        "Server-Timing": "traceparent;desc=\u002200-c7f3c95281a1e71f8ae2d1c07e27ffc7-4efbdba9755d3493-00\u0022",
        "Strict-Transport-Security": "max-age=31536000; includeSubDomains",
        "Transfer-Encoding": "chunked",
        "Vary": [
          "Accept-Encoding",
          "Accept-Encoding"
        ],
        "x-aml-cluster": "vienna-eastus2-01",
        "X-Content-Type-Options": "nosniff",
        "x-ms-correlation-request-id": "2cb090f3-93cd-4e93-bd93-61548fae0736",
        "x-ms-ratelimit-remaining-subscription-reads": "11983",
        "x-ms-response-type": "standard",
        "x-ms-routing-request-id": "WESTUS2:20230118T042341Z:2cb090f3-93cd-4e93-bd93-61548fae0736",
        "x-request-time": "0.015"
      },
      "ResponseBody": {
        "id": "/subscriptions/00000000-0000-0000-0000-000000000/resourceGroups/00000/providers/Microsoft.MachineLearningServices/workspaces/00000",
        "name": "00000",
        "type": "Microsoft.MachineLearningServices/workspaces",
        "location": "eastus2",
        "tags": {},
        "etag": null,
        "properties": {
          "friendlyName": "00000",
          "description": "",
          "storageAccount": "/subscriptions/00000000-0000-0000-0000-000000000/resourceGroups/00000/providers/Microsoft.Storage/storageAccounts/sadnuammrwdeilc",
          "keyVault": "/subscriptions/00000000-0000-0000-0000-000000000/resourceGroups/00000/providers/Microsoft.Keyvault/vaults/kvtesthhy5m5pqcjec6",
          "applicationInsights": "/subscriptions/00000000-0000-0000-0000-000000000/resourceGroups/00000/providers/Microsoft.insights/components/aidnuammrwdeilc",
          "hbiWorkspace": false,
          "tenantId": "72f988bf-86f1-41af-91ab-2d7cd011db47",
          "imageBuildCompute": null,
          "provisioningState": "Succeeded",
          "v1LegacyMode": false,
          "softDeleteEnabled": false,
          "containerRegistry": "/subscriptions/00000000-0000-0000-0000-000000000/resourceGroups/00000/providers/Microsoft.ContainerRegistry/registries/crdnuammrwdeilc",
          "notebookInfo": {
            "resourceId": "493ca697a7f447848820635d6ef3a5f0",
            "fqdn": "ml-sdkvnextcli-eastus2-c33afa53-cead-40f1-8d1d-ac5976604612.eastus2.notebooks.azure.net",
            "isPrivateLinkEnabled": false,
            "notebookPreparationError": null
          },
          "storageHnsEnabled": false,
          "workspaceId": "c33afa53-cead-40f1-8d1d-ac5976604612",
          "linkedModelInventoryArmId": null,
          "privateLinkCount": 0,
          "publicNetworkAccess": "Enabled",
          "discoveryUrl": "https://eastus2.api.azureml.ms/discovery",
          "mlFlowTrackingUri": "azureml://eastus2.api.azureml.ms/mlflow/v1.0/subscriptions/00000000-0000-0000-0000-000000000/resourceGroups/00000/providers/Microsoft.MachineLearningServices/workspaces/00000",
          "sdkTelemetryAppInsightsKey": "066b0d89-53d2-4b58-8bc8-ac382527e4fb",
          "sasGetterUri": "",
          "enableDataIsolation": false
        },
        "identity": {
          "type": "SystemAssigned",
          "principalId": "ab3f5d04-98db-441d-97a8-f558ea82f4ef",
          "tenantId": "72f988bf-86f1-41af-91ab-2d7cd011db47"
        },
        "sku": {
          "name": "Basic",
          "tier": "Basic"
        },
        "systemData": {
          "createdAt": "2023-01-17T23:08:06.6643232Z",
          "createdBy": "dipeck@microsoft.com",
          "createdByType": "User",
          "lastModifiedAt": "2023-01-17T23:08:06.6643232Z",
          "lastModifiedBy": "dipeck@microsoft.com",
          "lastModifiedByType": "User"
        }
      }
    },
    {
      "RequestUri": "https://management.azure.com/subscriptions/00000000-0000-0000-0000-000000000/resourceGroups/00000/providers/Microsoft.MachineLearningServices/workspaces/00000?api-version=2022-10-01",
      "RequestMethod": "GET",
      "RequestHeaders": {
        "Accept": "application/json",
        "Accept-Encoding": "gzip, deflate",
        "Connection": "keep-alive",
        "User-Agent": "azure-ai-ml/1.4.0 azsdk-python-mgmt-machinelearningservices/0.1.0 Python/3.7.9 (Windows-10-10.0.22621-SP0)"
      },
      "RequestBody": null,
      "StatusCode": 200,
      "ResponseHeaders": {
        "Cache-Control": "no-cache",
        "Content-Encoding": "gzip",
        "Content-Type": "application/json; charset=utf-8",
        "Date": "Wed, 18 Jan 2023 04:23:41 GMT",
        "Expires": "-1",
        "Pragma": "no-cache",
        "Request-Context": "appId=cid-v1:2d2e8e63-272e-4b3c-8598-4ee570a0e70d",
        "Server-Timing": "traceparent;desc=\u002200-351518a9ab502d7adeecfeafca5ac527-78d00fd5636f071d-00\u0022",
        "Strict-Transport-Security": "max-age=31536000; includeSubDomains",
        "Transfer-Encoding": "chunked",
        "Vary": [
          "Accept-Encoding",
          "Accept-Encoding"
        ],
        "x-aml-cluster": "vienna-eastus2-01",
        "X-Content-Type-Options": "nosniff",
        "x-ms-correlation-request-id": "6d53685c-262f-4b38-bbc2-18383fa86cce",
        "x-ms-ratelimit-remaining-subscription-reads": "11999",
        "x-ms-response-type": "standard",
        "x-ms-routing-request-id": "WESTUS2:20230118T042341Z:6d53685c-262f-4b38-bbc2-18383fa86cce",
        "x-request-time": "0.016"
      },
      "ResponseBody": {
        "id": "/subscriptions/00000000-0000-0000-0000-000000000/resourceGroups/00000/providers/Microsoft.MachineLearningServices/workspaces/00000",
        "name": "00000",
        "type": "Microsoft.MachineLearningServices/workspaces",
        "location": "eastus2",
        "tags": {},
        "etag": null,
        "properties": {
          "friendlyName": "00000",
          "description": "",
          "storageAccount": "/subscriptions/00000000-0000-0000-0000-000000000/resourceGroups/00000/providers/Microsoft.Storage/storageAccounts/sadnuammrwdeilc",
          "keyVault": "/subscriptions/00000000-0000-0000-0000-000000000/resourceGroups/00000/providers/Microsoft.Keyvault/vaults/kvtesthhy5m5pqcjec6",
          "applicationInsights": "/subscriptions/00000000-0000-0000-0000-000000000/resourceGroups/00000/providers/Microsoft.insights/components/aidnuammrwdeilc",
          "hbiWorkspace": false,
          "tenantId": "72f988bf-86f1-41af-91ab-2d7cd011db47",
          "imageBuildCompute": null,
          "provisioningState": "Succeeded",
          "v1LegacyMode": false,
          "softDeleteEnabled": false,
          "containerRegistry": "/subscriptions/00000000-0000-0000-0000-000000000/resourceGroups/00000/providers/Microsoft.ContainerRegistry/registries/crdnuammrwdeilc",
          "notebookInfo": {
            "resourceId": "493ca697a7f447848820635d6ef3a5f0",
            "fqdn": "ml-sdkvnextcli-eastus2-c33afa53-cead-40f1-8d1d-ac5976604612.eastus2.notebooks.azure.net",
            "isPrivateLinkEnabled": false,
            "notebookPreparationError": null
          },
          "storageHnsEnabled": false,
          "workspaceId": "c33afa53-cead-40f1-8d1d-ac5976604612",
          "linkedModelInventoryArmId": null,
          "privateLinkCount": 0,
          "publicNetworkAccess": "Enabled",
          "discoveryUrl": "https://eastus2.api.azureml.ms/discovery",
          "mlFlowTrackingUri": "azureml://eastus2.api.azureml.ms/mlflow/v1.0/subscriptions/00000000-0000-0000-0000-000000000/resourceGroups/00000/providers/Microsoft.MachineLearningServices/workspaces/00000",
          "sdkTelemetryAppInsightsKey": "066b0d89-53d2-4b58-8bc8-ac382527e4fb",
          "sasGetterUri": "",
          "enableDataIsolation": false
        },
        "identity": {
          "type": "SystemAssigned",
          "principalId": "ab3f5d04-98db-441d-97a8-f558ea82f4ef",
          "tenantId": "72f988bf-86f1-41af-91ab-2d7cd011db47"
        },
        "sku": {
          "name": "Basic",
          "tier": "Basic"
        },
        "systemData": {
          "createdAt": "2023-01-17T23:08:06.6643232Z",
          "createdBy": "dipeck@microsoft.com",
          "createdByType": "User",
          "lastModifiedAt": "2023-01-17T23:08:06.6643232Z",
          "lastModifiedBy": "dipeck@microsoft.com",
          "lastModifiedByType": "User"
        }
      }
    },
    {
      "RequestUri": "https://eastus2.api.azureml.ms/content/v2.0/subscriptions/00000000-0000-0000-0000-000000000/resourceGroups/00000/providers/Microsoft.MachineLearningServices/workspaces/00000/snapshots/getByHash?hash=15679f334ed4ec2b052475eb6a14ac547953d5bef9757ded91918482492f2204\u0026hashVersion=202208",
      "RequestMethod": "POST",
      "RequestHeaders": {
        "Accept": "*/*",
        "Accept-Encoding": "gzip, deflate",
        "Connection": "keep-alive",
        "Content-Length": "0",
        "Content-Type": "application/json; charset=UTF-8",
        "User-Agent": "azure-ai-ml/1.4.0 azsdk-python-core/1.26.3 Python/3.7.9 (Windows-10-10.0.22621-SP0)"
      },
      "RequestBody": null,
      "StatusCode": 400,
      "ResponseHeaders": {
        "Connection": "keep-alive",
        "Content-Length": "557",
        "Content-Type": "application/json; charset=utf-8",
        "Date": "Wed, 18 Jan 2023 04:23:42 GMT",
        "Request-Context": "appId=cid-v1:2d2e8e63-272e-4b3c-8598-4ee570a0e70d",
        "Strict-Transport-Security": "max-age=15724800; includeSubDomains; preload",
        "x-aml-cluster": "vienna-eastus2-01",
        "X-Content-Type-Options": "nosniff",
        "x-ms-response-type": "standard",
        "x-request-time": "0.018"
      },
      "ResponseBody": {
        "error": {
          "code": "UserError",
          "severity": null,
          "message": "Request body could not be read. Ensure data was provided in the request body and that the content-type header is correct.",
          "messageFormat": null,
          "messageParameters": {},
          "referenceCode": null,
          "detailsUri": null,
          "target": null,
          "details": [],
          "innerError": null,
          "debugInfo": null,
          "additionalInfo": null
        },
        "correlation": null,
        "environment": null,
        "location": null,
        "time": "0001-01-01T00:00:00\u002B00:00",
        "componentName": null
      }
    },
    {
      "RequestUri": "https://eastus2.api.azureml.ms/content/v2.0/subscriptions/00000000-0000-0000-0000-000000000/resourceGroups/00000/providers/Microsoft.MachineLearningServices/workspaces/00000/snapshots/getByHash?hash=fdff5d9fb5eea78120f256d5bf3541889aa3d645e8c57f0d453731c577b90029\u0026hashVersion=202208",
      "RequestMethod": "POST",
      "RequestHeaders": {
        "Accept": "*/*",
        "Accept-Encoding": "gzip, deflate",
        "Connection": "keep-alive",
        "Content-Length": "0",
        "Content-Type": "application/json; charset=UTF-8",
        "User-Agent": "azure-ai-ml/1.4.0 azsdk-python-core/1.26.3 Python/3.7.9 (Windows-10-10.0.22621-SP0)"
      },
      "RequestBody": null,
      "StatusCode": 400,
      "ResponseHeaders": {
        "Connection": "keep-alive",
        "Content-Length": "557",
        "Content-Type": "application/json; charset=utf-8",
        "Date": "Wed, 18 Jan 2023 04:23:43 GMT",
        "Request-Context": "appId=cid-v1:2d2e8e63-272e-4b3c-8598-4ee570a0e70d",
        "Strict-Transport-Security": "max-age=15724800; includeSubDomains; preload",
        "x-aml-cluster": "vienna-eastus2-02",
        "X-Content-Type-Options": "nosniff",
        "x-ms-response-type": "standard",
        "x-request-time": "0.015"
      },
      "ResponseBody": {
        "error": {
          "code": "UserError",
          "severity": null,
          "message": "Request body could not be read. Ensure data was provided in the request body and that the content-type header is correct.",
          "messageFormat": null,
          "messageParameters": {},
          "referenceCode": null,
          "detailsUri": null,
          "target": null,
          "details": [],
          "innerError": null,
          "debugInfo": null,
          "additionalInfo": null
        },
        "correlation": null,
        "environment": null,
        "location": null,
        "time": "0001-01-01T00:00:00\u002B00:00",
        "componentName": null
      }
    },
    {
      "RequestUri": "https://eastus2.api.azureml.ms/content/v2.0/subscriptions/00000000-0000-0000-0000-000000000/resourceGroups/00000/providers/Microsoft.MachineLearningServices/workspaces/00000/snapshots/getByHash?hash=cb0186b28e0fa7578eb22078011a7a623342e34eec353fb33821693adbbaad60\u0026hashVersion=202208",
      "RequestMethod": "POST",
      "RequestHeaders": {
        "Accept": "*/*",
        "Accept-Encoding": "gzip, deflate",
        "Connection": "keep-alive",
        "Content-Length": "0",
        "Content-Type": "application/json; charset=UTF-8",
        "User-Agent": "azure-ai-ml/1.4.0 azsdk-python-core/1.26.3 Python/3.7.9 (Windows-10-10.0.22621-SP0)"
      },
      "RequestBody": null,
      "StatusCode": 400,
      "ResponseHeaders": {
        "Connection": "keep-alive",
        "Content-Length": "557",
        "Content-Type": "application/json; charset=utf-8",
        "Date": "Wed, 18 Jan 2023 04:23:43 GMT",
        "Request-Context": "appId=cid-v1:2d2e8e63-272e-4b3c-8598-4ee570a0e70d",
        "Strict-Transport-Security": "max-age=15724800; includeSubDomains; preload",
        "x-aml-cluster": "vienna-eastus2-02",
        "X-Content-Type-Options": "nosniff",
        "x-ms-response-type": "standard",
        "x-request-time": "0.012"
      },
      "ResponseBody": {
        "error": {
          "code": "UserError",
          "severity": null,
          "message": "Request body could not be read. Ensure data was provided in the request body and that the content-type header is correct.",
          "messageFormat": null,
          "messageParameters": {},
          "referenceCode": null,
          "detailsUri": null,
          "target": null,
          "details": [],
          "innerError": null,
          "debugInfo": null,
          "additionalInfo": null
        },
        "correlation": null,
        "environment": null,
        "location": null,
        "time": "0001-01-01T00:00:00\u002B00:00",
        "componentName": null
      }
    },
    {
      "RequestUri": "https://eastus2.api.azureml.ms/content/v2.0/subscriptions/00000000-0000-0000-0000-000000000/resourceGroups/00000/providers/Microsoft.MachineLearningServices/workspaces/00000/snapshots/getByHash?hash=71337aa9a67367389ae1f0d2cae3e76f295c28c85ce9c7a6b297a5eb42f6d05e\u0026hashVersion=202208",
      "RequestMethod": "POST",
      "RequestHeaders": {
        "Accept": "*/*",
        "Accept-Encoding": "gzip, deflate",
        "Connection": "keep-alive",
        "Content-Length": "0",
        "Content-Type": "application/json; charset=UTF-8",
        "User-Agent": "azure-ai-ml/1.4.0 azsdk-python-core/1.26.3 Python/3.7.9 (Windows-10-10.0.22621-SP0)"
      },
      "RequestBody": null,
      "StatusCode": 400,
      "ResponseHeaders": {
        "Connection": "keep-alive",
        "Content-Length": "557",
        "Content-Type": "application/json; charset=utf-8",
        "Date": "Wed, 18 Jan 2023 04:23:43 GMT",
        "Request-Context": "appId=cid-v1:2d2e8e63-272e-4b3c-8598-4ee570a0e70d",
        "Strict-Transport-Security": "max-age=15724800; includeSubDomains; preload",
        "x-aml-cluster": "vienna-eastus2-01",
        "X-Content-Type-Options": "nosniff",
        "x-ms-response-type": "standard",
        "x-request-time": "0.019"
      },
      "ResponseBody": {
        "error": {
          "code": "UserError",
          "severity": null,
          "message": "Request body could not be read. Ensure data was provided in the request body and that the content-type header is correct.",
          "messageFormat": null,
          "messageParameters": {},
          "referenceCode": null,
          "detailsUri": null,
          "target": null,
          "details": [],
          "innerError": null,
          "debugInfo": null,
          "additionalInfo": null
        },
        "correlation": null,
        "environment": null,
        "location": null,
        "time": "0001-01-01T00:00:00\u002B00:00",
        "componentName": null
      }
    },
    {
      "RequestUri": "https://eastus2.api.azureml.ms/assetstore/v1.0/temporaryDataReference/createOrGet",
      "RequestMethod": "POST",
      "RequestHeaders": {
        "Accept": "*/*",
        "Accept-Encoding": "gzip, deflate",
        "Connection": "keep-alive",
        "Content-Length": "268",
        "Content-Type": "application/json; charset=UTF-8",
        "User-Agent": "azure-ai-ml/1.4.0 azsdk-python-core/1.26.3 Python/3.7.9 (Windows-10-10.0.22621-SP0)"
      },
      "RequestBody": {
        "assetId": "azureml://locations/eastus2/workspaces/c33afa53-cead-40f1-8d1d-ac5976604612/codes/fe35d527-a366-47b6-9671-b34bce087216/versions/1",
        "temporaryDataReferenceId": "53f72321-0a8a-4ab2-949b-a441edadd75d",
        "temporaryDataReferenceType": "TemporaryBlobReference"
      },
      "StatusCode": 200,
      "ResponseHeaders": {
        "Connection": "keep-alive",
        "Content-Encoding": "gzip",
        "Content-Type": "application/json; charset=utf-8",
        "Date": "Wed, 18 Jan 2023 04:23:44 GMT",
        "Request-Context": "appId=cid-v1:2d2e8e63-272e-4b3c-8598-4ee570a0e70d",
        "Strict-Transport-Security": "max-age=15724800; includeSubDomains; preload",
        "Transfer-Encoding": "chunked",
        "Vary": "Accept-Encoding",
        "x-aml-cluster": "vienna-eastus2-02",
        "X-Content-Type-Options": "nosniff",
        "x-ms-response-type": "standard",
        "x-request-time": "0.096"
      },
      "ResponseBody": {
        "blobReferenceForConsumption": {
          "blobUri": "https://sadnuammrwdeilc.blob.core.windows.net:443/c33afa53-c-bc8312d7-e0ed-5dfc-8174-5916e28bfb91",
          "storageAccountArmId": "/subscriptions/00000000-0000-0000-0000-000000000/resourceGroups/00000/providers/Microsoft.Storage/storageAccounts/sadnuammrwdeilc",
          "credential": {
            "sasUri": "https://sadnuammrwdeilc.blob.core.windows.net/c33afa53-c-bc8312d7-e0ed-5dfc-8174-5916e28bfb91?skoid=ab3f5d04-98db-441d-97a8-f558ea82f4ef\u0026sktid=72f988bf-86f1-41af-91ab-2d7cd011db47\u0026skt=2023-01-17T23%3A58%3A03Z\u0026ske=2023-01-19T08%3A08%3A03Z\u0026sks=b\u0026skv=2019-07-07\u0026sv=2021-08-06\u0026st=2023-01-18T04%3A13%3A44Z\u0026se=2023-01-18T12%3A23%3A44Z\u0026sr=c\u0026sp=rcwl\u0026sig=w3BpOy0WuAyKsnFdm1oO7vB6sdO93jcvqUHNoRY56SU%3D",
            "wasbsUri": null,
            "credentialType": "SAS"
          }
        },
        "imageReferenceForConsumption": null,
        "temporaryDataReferenceId": "53f72321-0a8a-4ab2-949b-a441edadd75d",
        "temporaryDataReferenceType": null
      }
    },
    {
      "RequestUri": "https://eastus2.api.azureml.ms/content/v2.0/subscriptions/00000000-0000-0000-0000-000000000/resourceGroups/00000/providers/Microsoft.MachineLearningServices/workspaces/00000/snapshots/getByHash?hash=a08aae4e16580db96a268092e76e23d5e678818ac0cf9262dfafbdb91e4c709b\u0026hashVersion=202208",
      "RequestMethod": "POST",
      "RequestHeaders": {
        "Accept": "*/*",
        "Accept-Encoding": "gzip, deflate",
        "Connection": "keep-alive",
        "Content-Length": "0",
        "Content-Type": "application/json; charset=UTF-8",
        "User-Agent": "azure-ai-ml/1.4.0 azsdk-python-core/1.26.3 Python/3.7.9 (Windows-10-10.0.22621-SP0)"
      },
      "RequestBody": null,
      "StatusCode": 400,
      "ResponseHeaders": {
        "Connection": "keep-alive",
        "Content-Length": "557",
        "Content-Type": "application/json; charset=utf-8",
        "Date": "Wed, 18 Jan 2023 04:23:44 GMT",
        "Request-Context": "appId=cid-v1:2d2e8e63-272e-4b3c-8598-4ee570a0e70d",
        "Strict-Transport-Security": "max-age=15724800; includeSubDomains; preload",
        "x-aml-cluster": "vienna-eastus2-01",
        "X-Content-Type-Options": "nosniff",
        "x-ms-response-type": "standard",
        "x-request-time": "0.016"
      },
      "ResponseBody": {
        "error": {
          "code": "UserError",
          "severity": null,
          "message": "Request body could not be read. Ensure data was provided in the request body and that the content-type header is correct.",
          "messageFormat": null,
          "messageParameters": {},
          "referenceCode": null,
          "detailsUri": null,
          "target": null,
          "details": [],
          "innerError": null,
          "debugInfo": null,
          "additionalInfo": null
        },
        "correlation": null,
        "environment": null,
        "location": null,
        "time": "0001-01-01T00:00:00\u002B00:00",
        "componentName": null
      }
    },
    {
      "RequestUri": "https://eastus2.api.azureml.ms/assetstore/v1.0/temporaryDataReference/createOrGet",
      "RequestMethod": "POST",
      "RequestHeaders": {
        "Accept": "*/*",
        "Accept-Encoding": "gzip, deflate",
        "Connection": "keep-alive",
        "Content-Length": "268",
        "Content-Type": "application/json; charset=UTF-8",
        "User-Agent": "azure-ai-ml/1.4.0 azsdk-python-core/1.26.3 Python/3.7.9 (Windows-10-10.0.22621-SP0)"
      },
      "RequestBody": {
        "assetId": "azureml://locations/eastus2/workspaces/c33afa53-cead-40f1-8d1d-ac5976604612/codes/942ef78e-966d-45d6-807d-ec3bd2194f8d/versions/1",
        "temporaryDataReferenceId": "59f45900-1d29-467e-b741-bef243f74022",
        "temporaryDataReferenceType": "TemporaryBlobReference"
      },
      "StatusCode": 200,
      "ResponseHeaders": {
        "Connection": "keep-alive",
        "Content-Encoding": "gzip",
        "Content-Type": "application/json; charset=utf-8",
        "Date": "Wed, 18 Jan 2023 04:23:44 GMT",
        "Request-Context": "appId=cid-v1:2d2e8e63-272e-4b3c-8598-4ee570a0e70d",
        "Strict-Transport-Security": "max-age=15724800; includeSubDomains; preload",
        "Transfer-Encoding": "chunked",
        "Vary": "Accept-Encoding",
        "x-aml-cluster": "vienna-eastus2-02",
        "X-Content-Type-Options": "nosniff",
        "x-ms-response-type": "standard",
        "x-request-time": "0.111"
      },
      "ResponseBody": {
        "blobReferenceForConsumption": {
          "blobUri": "https://sadnuammrwdeilc.blob.core.windows.net:443/c33afa53-c-aed98858-2f81-5b4c-a641-3393022dfd66",
          "storageAccountArmId": "/subscriptions/00000000-0000-0000-0000-000000000/resourceGroups/00000/providers/Microsoft.Storage/storageAccounts/sadnuammrwdeilc",
          "credential": {
            "sasUri": "https://sadnuammrwdeilc.blob.core.windows.net/c33afa53-c-aed98858-2f81-5b4c-a641-3393022dfd66?skoid=ab3f5d04-98db-441d-97a8-f558ea82f4ef\u0026sktid=72f988bf-86f1-41af-91ab-2d7cd011db47\u0026skt=2023-01-17T23%3A58%3A03Z\u0026ske=2023-01-19T08%3A08%3A03Z\u0026sks=b\u0026skv=2019-07-07\u0026sv=2021-08-06\u0026st=2023-01-18T04%3A13%3A44Z\u0026se=2023-01-18T12%3A23%3A44Z\u0026sr=c\u0026sp=rcwl\u0026sig=ujKQubvTdP764S%2BIt4JUvG6SsUKLp51gyHa7%2Bo8b9L8%3D",
            "wasbsUri": null,
            "credentialType": "SAS"
          }
        },
        "imageReferenceForConsumption": null,
        "temporaryDataReferenceId": "59f45900-1d29-467e-b741-bef243f74022",
        "temporaryDataReferenceType": null
      }
    },
    {
      "RequestUri": "https://sadnuammrwdeilc.blob.core.windows.net/c33afa53-c-bc8312d7-e0ed-5dfc-8174-5916e28bfb91/score_src/score.py?skoid=ab3f5d04-98db-441d-97a8-f558ea82f4ef\u0026sktid=72f988bf-86f1-41af-91ab-2d7cd011db47\u0026skt=2023-01-17T23%3A58%3A03Z\u0026ske=2023-01-19T08%3A08%3A03Z\u0026sks=b\u0026skv=2019-07-07\u0026sv=2021-08-06\u0026st=2023-01-18T04%3A13%3A44Z\u0026se=2023-01-18T12%3A23%3A44Z\u0026sr=c\u0026sp=rcwl\u0026sig=w3BpOy0WuAyKsnFdm1oO7vB6sdO93jcvqUHNoRY56SU%3D",
      "RequestMethod": "HEAD",
      "RequestHeaders": {
        "Accept": "application/xml",
        "Accept-Encoding": "gzip, deflate",
        "Connection": "keep-alive",
        "User-Agent": "azsdk-python-storage-blob/12.14.1 Python/3.7.9 (Windows-10-10.0.22621-SP0)",
        "x-ms-date": "Wed, 18 Jan 2023 04:23:44 GMT",
        "x-ms-version": "2021-08-06"
      },
      "RequestBody": null,
      "StatusCode": 404,
      "ResponseHeaders": {
        "Date": "Wed, 18 Jan 2023 04:23:44 GMT",
        "Server": [
          "Windows-Azure-Blob/1.0",
          "Microsoft-HTTPAPI/2.0"
        ],
        "Transfer-Encoding": "chunked",
        "Vary": "Origin",
        "x-ms-error-code": "BlobNotFound",
        "x-ms-version": "2021-08-06"
      },
      "ResponseBody": null
    },
    {
      "RequestUri": "https://sadnuammrwdeilc.blob.core.windows.net/c33afa53-c-aed98858-2f81-5b4c-a641-3393022dfd66/predict_src/predict.py?skoid=ab3f5d04-98db-441d-97a8-f558ea82f4ef\u0026sktid=72f988bf-86f1-41af-91ab-2d7cd011db47\u0026skt=2023-01-17T23%3A58%3A03Z\u0026ske=2023-01-19T08%3A08%3A03Z\u0026sks=b\u0026skv=2019-07-07\u0026sv=2021-08-06\u0026st=2023-01-18T04%3A13%3A44Z\u0026se=2023-01-18T12%3A23%3A44Z\u0026sr=c\u0026sp=rcwl\u0026sig=ujKQubvTdP764S%2BIt4JUvG6SsUKLp51gyHa7%2Bo8b9L8%3D",
      "RequestMethod": "HEAD",
      "RequestHeaders": {
        "Accept": "application/xml",
        "Accept-Encoding": "gzip, deflate",
        "Connection": "keep-alive",
        "User-Agent": "azsdk-python-storage-blob/12.14.1 Python/3.7.9 (Windows-10-10.0.22621-SP0)",
        "x-ms-date": "Wed, 18 Jan 2023 04:23:45 GMT",
        "x-ms-version": "2021-08-06"
      },
      "RequestBody": null,
      "StatusCode": 404,
      "ResponseHeaders": {
        "Date": "Wed, 18 Jan 2023 04:23:44 GMT",
        "Server": [
          "Windows-Azure-Blob/1.0",
          "Microsoft-HTTPAPI/2.0"
        ],
        "Transfer-Encoding": "chunked",
        "Vary": "Origin",
        "x-ms-error-code": "BlobNotFound",
        "x-ms-version": "2021-08-06"
      },
      "ResponseBody": null
    },
    {
      "RequestUri": "https://sadnuammrwdeilc.blob.core.windows.net/c33afa53-c-bc8312d7-e0ed-5dfc-8174-5916e28bfb91/score_src/score.py?skoid=ab3f5d04-98db-441d-97a8-f558ea82f4ef\u0026sktid=72f988bf-86f1-41af-91ab-2d7cd011db47\u0026skt=2023-01-17T23%3A58%3A03Z\u0026ske=2023-01-19T08%3A08%3A03Z\u0026sks=b\u0026skv=2019-07-07\u0026sv=2021-08-06\u0026st=2023-01-18T04%3A13%3A44Z\u0026se=2023-01-18T12%3A23%3A44Z\u0026sr=c\u0026sp=rcwl\u0026sig=w3BpOy0WuAyKsnFdm1oO7vB6sdO93jcvqUHNoRY56SU%3D",
      "RequestMethod": "PUT",
      "RequestHeaders": {
        "Accept": "application/xml",
        "Accept-Encoding": "gzip, deflate",
        "Connection": "keep-alive",
        "Content-Length": "2158",
        "Content-MD5": "B5go0ZCoPrnLKfGWoLk8BQ==",
        "Content-Type": "application/octet-stream",
        "If-None-Match": "*",
        "User-Agent": "azsdk-python-storage-blob/12.14.1 Python/3.7.9 (Windows-10-10.0.22621-SP0)",
        "x-ms-blob-type": "BlockBlob",
        "x-ms-date": "Wed, 18 Jan 2023 04:23:45 GMT",
        "x-ms-version": "2021-08-06"
      },
      "RequestBody": "aW1wb3J0IGFyZ3BhcnNlCmltcG9ydCBvcwppbXBvcnQgcGlja2xlCmZyb20gcGF0aGxpYiBpbXBvcnQgUGF0aAoKaW1wb3J0IHBhbmRhcyBhcyBwZApmcm9tIHNrbGVhcm4ubGluZWFyX21vZGVsIGltcG9ydCBMaW5lYXJSZWdyZXNzaW9uCmZyb20gc2tsZWFybi5tZXRyaWNzIGltcG9ydCBtZWFuX3NxdWFyZWRfZXJyb3IsIHIyX3Njb3JlCgpwYXJzZXIgPSBhcmdwYXJzZS5Bcmd1bWVudFBhcnNlcigic2NvcmUiKQpwYXJzZXIuYWRkX2FyZ3VtZW50KCItLXByZWRpY3Rpb25zIiwgdHlwZT1zdHIsIGhlbHA9IlBhdGggb2YgcHJlZGljdGlvbnMgYW5kIGFjdHVhbCBkYXRhIikKcGFyc2VyLmFkZF9hcmd1bWVudCgiLS1tb2RlbCIsIHR5cGU9c3RyLCBoZWxwPSJQYXRoIHRvIG1vZGVsIikKcGFyc2VyLmFkZF9hcmd1bWVudCgiLS1zY29yZV9yZXBvcnQiLCB0eXBlPXN0ciwgaGVscD0iUGF0aCB0byBzY29yZSByZXBvcnQiKQoKCmFyZ3MgPSBwYXJzZXIucGFyc2VfYXJncygpCgpwcmludCgiaGVsbG8gc2NvcmluZyB3b3JsZC4uLiIpCgpsaW5lcyA9IFsKICAgIGYiTW9kZWwgcGF0aDoge2FyZ3MubW9kZWx9IiwKICAgIGYiUHJlZGljdGlvbnMgcGF0aDoge2FyZ3MucHJlZGljdGlvbnN9IiwKICAgIGYiU2NvcmluZyBvdXRwdXQgcGF0aDoge2FyZ3Muc2NvcmVfcmVwb3J0fSIsCl0KCmZvciBsaW5lIGluIGxpbmVzOgogICAgcHJpbnQobGluZSkKCiMgTG9hZCB0aGUgdGVzdCBkYXRhIHdpdGggcHJlZGljdGVkIHZhbHVlcwoKcHJpbnQoIm1vdW50ZWRfcGF0aCBmaWxlczogIikKYXJyID0gb3MubGlzdGRpcihhcmdzLnByZWRpY3Rpb25zKQoKcHJpbnQoYXJyKQpkZl9saXN0ID0gW10KZm9yIGZpbGVuYW1lIGluIGFycjoKICAgIHByaW50KCJyZWFkaW5nIGZpbGU6ICVzIC4uLiIgJSBmaWxlbmFtZSkKICAgIHdpdGggb3Blbihvcy5wYXRoLmpvaW4oYXJncy5wcmVkaWN0aW9ucywgZmlsZW5hbWUpLCAiciIpIGFzIGhhbmRsZToKICAgICAgICAjIHByaW50IChoYW5kbGUucmVhZCgpKQogICAgICAgIGlucHV0X2RmID0gcGQucmVhZF9jc3YoKFBhdGgoYXJncy5wcmVkaWN0aW9ucykgLyBmaWxlbmFtZSkpCiAgICAgICAgZGZfbGlzdC5hcHBlbmQoaW5wdXRfZGYpCgp0ZXN0X2RhdGEgPSBkZl9saXN0WzBdCgojIExvYWQgdGhlIG1vZGVsIGZyb20gaW5wdXQgcG9ydAptb2RlbCA9IHBpY2tsZS5sb2FkKG9wZW4oKFBhdGgoYXJncy5tb2RlbCkgLyAibW9kZWwuc2F2IiksICJyYiIpKQoKIyBQcmludCB0aGUgcmVzdWx0cyBvZiBzY29yaW5nIHRoZSBwcmVkaWN0aW9ucyBhZ2FpbnN0IGFjdHVhbCB2YWx1ZXMgaW4gdGhlIHRlc3QgZGF0YQojIFRoZSBjb2VmZmljaWVudHMKcHJpbnQoIkNvZWZmaWNpZW50czogXG4iLCBtb2RlbC5jb2VmXykKCmFjdHVhbHMgPSB0ZXN0X2RhdGFbImFjdHVhbF9jb3N0Il0KcHJlZGljdGlvbnMgPSB0ZXN0X2RhdGFbInByZWRpY3RlZF9jb3N0Il0KCiMgVGhlIG1lYW4gc3F1YXJlZCBlcnJvcgpwcmludCgiTWVhbiBzcXVhcmVkIGVycm9yOiAlLjJmIiAlIG1lYW5fc3F1YXJlZF9lcnJvcihhY3R1YWxzLCBwcmVkaWN0aW9ucykpCiMgVGhlIGNvZWZmaWNpZW50IG9mIGRldGVybWluYXRpb246IDEgaXMgcGVyZmVjdCBwcmVkaWN0aW9uCnByaW50KCJDb2VmZmljaWVudCBvZiBkZXRlcm1pbmF0aW9uOiAlLjJmIiAlIHIyX3Njb3JlKGFjdHVhbHMsIHByZWRpY3Rpb25zKSkKcHJpbnQoIk1vZGVsOiAiLCBtb2RlbCkKCiMgUHJpbnQgc2NvcmUgcmVwb3J0IHRvIGEgdGV4dCBmaWxlCihQYXRoKGFyZ3Muc2NvcmVfcmVwb3J0KSAvICJzY29yZS50eHQiKS53cml0ZV90ZXh0KCJTY29yZWQgd2l0aCB0aGUgZm9sbG93aW5nIG1vZGVsOlxue30iLmZvcm1hdChtb2RlbCkpCndpdGggb3BlbigoUGF0aChhcmdzLnNjb3JlX3JlcG9ydCkgLyAic2NvcmUudHh0IiksICJhIikgYXMgZjoKICAgIGYud3JpdGUoIlxuIENvZWZmaWNpZW50czogXG4gJXMgXG4iICUgc3RyKG1vZGVsLmNvZWZfKSkKICAgIGYud3JpdGUoIk1lYW4gc3F1YXJlZCBlcnJvcjogJS4yZiBcbiIgJSBtZWFuX3NxdWFyZWRfZXJyb3IoYWN0dWFscywgcHJlZGljdGlvbnMpKQogICAgZi53cml0ZSgiQ29lZmZpY2llbnQgb2YgZGV0ZXJtaW5hdGlvbjogJS4yZiBcbiIgJSByMl9zY29yZShhY3R1YWxzLCBwcmVkaWN0aW9ucykpCg==",
      "StatusCode": 201,
      "ResponseHeaders": {
        "Content-Length": "0",
        "Content-MD5": "B5go0ZCoPrnLKfGWoLk8BQ==",
        "Date": "Wed, 18 Jan 2023 04:23:44 GMT",
        "ETag": "\u00220x8DAF90BC9C8AA82\u0022",
        "Last-Modified": "Wed, 18 Jan 2023 04:23:45 GMT",
        "Server": [
          "Windows-Azure-Blob/1.0",
          "Microsoft-HTTPAPI/2.0"
        ],
        "x-ms-content-crc64": "gf9wrSJXES4=",
        "x-ms-request-server-encrypted": "true",
        "x-ms-version": "2021-08-06"
      },
      "ResponseBody": null
    },
    {
      "RequestUri": "https://eastus2.api.azureml.ms/assetstore/v1.0/temporaryDataReference/createOrGet",
      "RequestMethod": "POST",
      "RequestHeaders": {
        "Accept": "*/*",
        "Accept-Encoding": "gzip, deflate",
        "Connection": "keep-alive",
        "Content-Length": "268",
        "Content-Type": "application/json; charset=UTF-8",
        "User-Agent": "azure-ai-ml/1.4.0 azsdk-python-core/1.26.3 Python/3.7.9 (Windows-10-10.0.22621-SP0)"
      },
      "RequestBody": {
        "assetId": "azureml://locations/eastus2/workspaces/c33afa53-cead-40f1-8d1d-ac5976604612/codes/91bfba57-351b-47a6-af95-fcb880bdb3d9/versions/1",
        "temporaryDataReferenceId": "f06a780e-08f3-43f6-bd14-06a06990762b",
        "temporaryDataReferenceType": "TemporaryBlobReference"
      },
      "StatusCode": 200,
      "ResponseHeaders": {
        "Connection": "keep-alive",
        "Content-Encoding": "gzip",
        "Content-Type": "application/json; charset=utf-8",
        "Date": "Wed, 18 Jan 2023 04:23:45 GMT",
        "Request-Context": "appId=cid-v1:2d2e8e63-272e-4b3c-8598-4ee570a0e70d",
        "Strict-Transport-Security": "max-age=15724800; includeSubDomains; preload",
        "Transfer-Encoding": "chunked",
        "Vary": "Accept-Encoding",
        "x-aml-cluster": "vienna-eastus2-02",
        "X-Content-Type-Options": "nosniff",
        "x-ms-response-type": "standard",
        "x-request-time": "0.094"
      },
      "ResponseBody": {
        "blobReferenceForConsumption": {
          "blobUri": "https://sadnuammrwdeilc.blob.core.windows.net:443/c33afa53-c-d6fe7e50-6fdf-5f1e-9378-c8b28d906187",
          "storageAccountArmId": "/subscriptions/00000000-0000-0000-0000-000000000/resourceGroups/00000/providers/Microsoft.Storage/storageAccounts/sadnuammrwdeilc",
          "credential": {
            "sasUri": "https://sadnuammrwdeilc.blob.core.windows.net/c33afa53-c-d6fe7e50-6fdf-5f1e-9378-c8b28d906187?skoid=ab3f5d04-98db-441d-97a8-f558ea82f4ef\u0026sktid=72f988bf-86f1-41af-91ab-2d7cd011db47\u0026skt=2023-01-17T23%3A58%3A03Z\u0026ske=2023-01-19T08%3A08%3A03Z\u0026sks=b\u0026skv=2019-07-07\u0026sv=2021-08-06\u0026st=2023-01-18T04%3A13%3A45Z\u0026se=2023-01-18T12%3A23%3A45Z\u0026sr=c\u0026sp=rcwl\u0026sig=AumP7Q%2FrYQtLPXD95sZ3tmSz4aDwolBDSmGBUx0gyWo%3D",
            "wasbsUri": null,
            "credentialType": "SAS"
          }
        },
        "imageReferenceForConsumption": null,
        "temporaryDataReferenceId": "f06a780e-08f3-43f6-bd14-06a06990762b",
        "temporaryDataReferenceType": null
      }
    },
    {
      "RequestUri": "https://eastus2.api.azureml.ms/assetstore/v1.0/temporaryDataReference/createOrGet",
      "RequestMethod": "POST",
      "RequestHeaders": {
        "Accept": "*/*",
        "Accept-Encoding": "gzip, deflate",
        "Connection": "keep-alive",
        "Content-Length": "268",
        "Content-Type": "application/json; charset=UTF-8",
        "User-Agent": "azure-ai-ml/1.4.0 azsdk-python-core/1.26.3 Python/3.7.9 (Windows-10-10.0.22621-SP0)"
      },
      "RequestBody": {
        "assetId": "azureml://locations/eastus2/workspaces/c33afa53-cead-40f1-8d1d-ac5976604612/codes/32986aaf-8a9f-4dae-9960-225d751f672a/versions/1",
        "temporaryDataReferenceId": "b3e23b38-435a-43cd-840e-3e635b2edeae",
        "temporaryDataReferenceType": "TemporaryBlobReference"
      },
      "StatusCode": 200,
      "ResponseHeaders": {
        "Connection": "keep-alive",
        "Content-Encoding": "gzip",
        "Content-Type": "application/json; charset=utf-8",
        "Date": "Wed, 18 Jan 2023 04:23:45 GMT",
        "Request-Context": "appId=cid-v1:2d2e8e63-272e-4b3c-8598-4ee570a0e70d",
        "Strict-Transport-Security": "max-age=15724800; includeSubDomains; preload",
        "Transfer-Encoding": "chunked",
        "Vary": "Accept-Encoding",
        "x-aml-cluster": "vienna-eastus2-01",
        "X-Content-Type-Options": "nosniff",
        "x-ms-response-type": "standard",
        "x-request-time": "0.310"
      },
      "ResponseBody": {
        "blobReferenceForConsumption": {
          "blobUri": "https://sadnuammrwdeilc.blob.core.windows.net:443/c33afa53-c-686d87fb-2a6a-5172-a4a7-f6e2eaea829d",
          "storageAccountArmId": "/subscriptions/00000000-0000-0000-0000-000000000/resourceGroups/00000/providers/Microsoft.Storage/storageAccounts/sadnuammrwdeilc",
          "credential": {
            "sasUri": "https://sadnuammrwdeilc.blob.core.windows.net/c33afa53-c-686d87fb-2a6a-5172-a4a7-f6e2eaea829d?skoid=ab3f5d04-98db-441d-97a8-f558ea82f4ef\u0026sktid=72f988bf-86f1-41af-91ab-2d7cd011db47\u0026skt=2023-01-17T23%3A58%3A03Z\u0026ske=2023-01-19T08%3A08%3A03Z\u0026sks=b\u0026skv=2019-07-07\u0026sv=2021-08-06\u0026st=2023-01-18T04%3A13%3A45Z\u0026se=2023-01-18T12%3A23%3A45Z\u0026sr=c\u0026sp=rcwl\u0026sig=PfMhCXg5t1kyWA3V60QDt7RJVq8qIRfRSEP7zBCACFg%3D",
            "wasbsUri": null,
            "credentialType": "SAS"
          }
        },
        "imageReferenceForConsumption": null,
        "temporaryDataReferenceId": "b3e23b38-435a-43cd-840e-3e635b2edeae",
        "temporaryDataReferenceType": null
      }
    },
    {
      "RequestUri": "https://sadnuammrwdeilc.blob.core.windows.net/c33afa53-c-bc8312d7-e0ed-5dfc-8174-5916e28bfb91/score_src/score.py?comp=metadata\u0026skoid=ab3f5d04-98db-441d-97a8-f558ea82f4ef\u0026sktid=72f988bf-86f1-41af-91ab-2d7cd011db47\u0026skt=2023-01-17T23%3A58%3A03Z\u0026ske=2023-01-19T08%3A08%3A03Z\u0026sks=b\u0026skv=2019-07-07\u0026sv=2021-08-06\u0026st=2023-01-18T04%3A13%3A44Z\u0026se=2023-01-18T12%3A23%3A44Z\u0026sr=c\u0026sp=rcwl\u0026sig=w3BpOy0WuAyKsnFdm1oO7vB6sdO93jcvqUHNoRY56SU%3D",
      "RequestMethod": "PUT",
      "RequestHeaders": {
        "Accept": "application/xml",
        "Accept-Encoding": "gzip, deflate",
        "Connection": "keep-alive",
        "Content-Length": "0",
        "User-Agent": "azsdk-python-storage-blob/12.14.1 Python/3.7.9 (Windows-10-10.0.22621-SP0)",
        "x-ms-date": "Wed, 18 Jan 2023 04:23:45 GMT",
        "x-ms-meta-name": "fe35d527-a366-47b6-9671-b34bce087216",
        "x-ms-meta-upload_status": "completed",
        "x-ms-meta-version": "1",
        "x-ms-version": "2021-08-06"
      },
      "RequestBody": null,
      "StatusCode": 200,
      "ResponseHeaders": {
        "Content-Length": "0",
        "Date": "Wed, 18 Jan 2023 04:23:44 GMT",
        "ETag": "\u00220x8DAF90BC9DEA03E\u0022",
        "Last-Modified": "Wed, 18 Jan 2023 04:23:45 GMT",
        "Server": [
          "Windows-Azure-Blob/1.0",
          "Microsoft-HTTPAPI/2.0"
        ],
        "x-ms-request-server-encrypted": "true",
        "x-ms-version": "2021-08-06"
      },
      "ResponseBody": null
    },
    {
      "RequestUri": "https://sadnuammrwdeilc.blob.core.windows.net/c33afa53-c-aed98858-2f81-5b4c-a641-3393022dfd66/predict_src/predict.py?skoid=ab3f5d04-98db-441d-97a8-f558ea82f4ef\u0026sktid=72f988bf-86f1-41af-91ab-2d7cd011db47\u0026skt=2023-01-17T23%3A58%3A03Z\u0026ske=2023-01-19T08%3A08%3A03Z\u0026sks=b\u0026skv=2019-07-07\u0026sv=2021-08-06\u0026st=2023-01-18T04%3A13%3A44Z\u0026se=2023-01-18T12%3A23%3A44Z\u0026sr=c\u0026sp=rcwl\u0026sig=ujKQubvTdP764S%2BIt4JUvG6SsUKLp51gyHa7%2Bo8b9L8%3D",
      "RequestMethod": "PUT",
      "RequestHeaders": {
        "Accept": "application/xml",
        "Accept-Encoding": "gzip, deflate",
        "Connection": "keep-alive",
        "Content-Length": "2343",
        "Content-MD5": "/HveePP\u002BP\u002BsrDcI\u002BYQfRcQ==",
        "Content-Type": "application/octet-stream",
        "If-None-Match": "*",
        "User-Agent": "azsdk-python-storage-blob/12.14.1 Python/3.7.9 (Windows-10-10.0.22621-SP0)",
        "x-ms-blob-type": "BlockBlob",
        "x-ms-date": "Wed, 18 Jan 2023 04:23:45 GMT",
        "x-ms-version": "2021-08-06"
      },
      "RequestBody": "aW1wb3J0IGFyZ3BhcnNlCmltcG9ydCBvcwppbXBvcnQgcGlja2xlCmZyb20gcGF0aGxpYiBpbXBvcnQgUGF0aAoKaW1wb3J0IHBhbmRhcyBhcyBwZApmcm9tIHNrbGVhcm4ubGluZWFyX21vZGVsIGltcG9ydCBMaW5lYXJSZWdyZXNzaW9uCgpwYXJzZXIgPSBhcmdwYXJzZS5Bcmd1bWVudFBhcnNlcigicHJlZGljdCIpCnBhcnNlci5hZGRfYXJndW1lbnQoIi0tbW9kZWxfaW5wdXQiLCB0eXBlPXN0ciwgaGVscD0iUGF0aCBvZiBpbnB1dCBtb2RlbCIpCnBhcnNlci5hZGRfYXJndW1lbnQoIi0tdGVzdF9kYXRhIiwgdHlwZT1zdHIsIGhlbHA9IlBhdGggdG8gdGVzdCBkYXRhIikKcGFyc2VyLmFkZF9hcmd1bWVudCgiLS1wcmVkaWN0aW9ucyIsIHR5cGU9c3RyLCBoZWxwPSJQYXRoIG9mIHByZWRpY3Rpb25zIikKCmFyZ3MgPSBwYXJzZXIucGFyc2VfYXJncygpCgpwcmludCgiaGVsbG8gc2NvcmluZyB3b3JsZC4uLiIpCgpsaW5lcyA9IFsKICAgIGYiTW9kZWwgcGF0aDoge2FyZ3MubW9kZWxfaW5wdXR9IiwKICAgIGYiVGVzdCBkYXRhIHBhdGg6IHthcmdzLnRlc3RfZGF0YX0iLAogICAgZiJQcmVkaWN0aW9ucyBwYXRoOiB7YXJncy5wcmVkaWN0aW9uc30iLApdCgpmb3IgbGluZSBpbiBsaW5lczoKICAgIHByaW50KGxpbmUpCgojIExvYWQgYW5kIHNwbGl0IHRoZSB0ZXN0IGRhdGEKCnByaW50KCJtb3VudGVkX3BhdGggZmlsZXM6ICIpCmFyciA9IG9zLmxpc3RkaXIoYXJncy50ZXN0X2RhdGEpCgpwcmludChhcnIpCmRmX2xpc3QgPSBbXQpmb3IgZmlsZW5hbWUgaW4gYXJyOgogICAgcHJpbnQoInJlYWRpbmcgZmlsZTogJXMgLi4uIiAlIGZpbGVuYW1lKQogICAgd2l0aCBvcGVuKG9zLnBhdGguam9pbihhcmdzLnRlc3RfZGF0YSwgZmlsZW5hbWUpLCAiciIpIGFzIGhhbmRsZToKICAgICAgICAjIHByaW50IChoYW5kbGUucmVhZCgpKQogICAgICAgIGlucHV0X2RmID0gcGQucmVhZF9jc3YoKFBhdGgoYXJncy50ZXN0X2RhdGEpIC8gZmlsZW5hbWUpKQogICAgICAgIGRmX2xpc3QuYXBwZW5kKGlucHV0X2RmKQoKdGVzdF9kYXRhID0gZGZfbGlzdFswXQp0ZXN0eSA9IHRlc3RfZGF0YVsiY29zdCJdCiMgdGVzdFggPSB0ZXN0X2RhdGEuZHJvcChbJ2Nvc3QnXSwgYXhpcz0xKQp0ZXN0WCA9IHRlc3RfZGF0YVsKICAgIFsKICAgICAgICAiZGlzdGFuY2UiLAogICAgICAgICJkcm9wb2ZmX2xhdGl0dWRlIiwKICAgICAgICAiZHJvcG9mZl9sb25naXR1ZGUiLAogICAgICAgICJwYXNzZW5nZXJzIiwKICAgICAgICAicGlja3VwX2xhdGl0dWRlIiwKICAgICAgICAicGlja3VwX2xvbmdpdHVkZSIsCiAgICAgICAgInN0b3JlX2ZvcndhcmQiLAogICAgICAgICJ2ZW5kb3IiLAogICAgICAgICJwaWNrdXBfd2Vla2RheSIsCiAgICAgICAgInBpY2t1cF9tb250aCIsCiAgICAgICAgInBpY2t1cF9tb250aGRheSIsCiAgICAgICAgInBpY2t1cF9ob3VyIiwKICAgICAgICAicGlja3VwX21pbnV0ZSIsCiAgICAgICAgInBpY2t1cF9zZWNvbmQiLAogICAgICAgICJkcm9wb2ZmX3dlZWtkYXkiLAogICAgICAgICJkcm9wb2ZmX21vbnRoIiwKICAgICAgICAiZHJvcG9mZl9tb250aGRheSIsCiAgICAgICAgImRyb3BvZmZfaG91ciIsCiAgICAgICAgImRyb3BvZmZfbWludXRlIiwKICAgICAgICAiZHJvcG9mZl9zZWNvbmQiLAogICAgXQpdCnByaW50KHRlc3RYLnNoYXBlKQpwcmludCh0ZXN0WC5jb2x1bW5zKQoKIyBMb2FkIHRoZSBtb2RlbCBmcm9tIGlucHV0IHBvcnQKbW9kZWwgPSBwaWNrbGUubG9hZChvcGVuKChQYXRoKGFyZ3MubW9kZWxfaW5wdXQpIC8gIm1vZGVsLnNhdiIpLCAicmIiKSkKIyBtb2RlbCA9IChQYXRoKGFyZ3MubW9kZWxfaW5wdXQpIC8gJ21vZGVsLnR4dCcpLnJlYWRfdGV4dCgpCiMgcHJpbnQoJ01vZGVsOiAnLCBtb2RlbCkKCiMgTWFrZSBwcmVkaWN0aW9ucyBvbiB0ZXN0WCBkYXRhIGFuZCByZWNvcmQgdGhlbSBpbiBhIGNvbHVtbiBuYW1lZCBwcmVkaWN0ZWRfY29zdApwcmVkaWN0aW9ucyA9IG1vZGVsLnByZWRpY3QodGVzdFgpCnRlc3RYWyJwcmVkaWN0ZWRfY29zdCJdID0gcHJlZGljdGlvbnMKcHJpbnQodGVzdFguc2hhcGUpCgojIENvbXBhcmUgcHJlZGljdGlvbnMgdG8gYWN0dWFscyAodGVzdHkpCm91dHB1dF9kYXRhID0gcGQuRGF0YUZyYW1lKHRlc3RYKQpvdXRwdXRfZGF0YVsiYWN0dWFsX2Nvc3QiXSA9IHRlc3R5CgoKIyBTYXZlIHRoZSBvdXRwdXQgZGF0YSB3aXRoIGZlYXR1cmUgY29sdW1ucywgcHJlZGljdGVkIGNvc3QsIGFuZCBhY3R1YWwgY29zdCBpbiBjc3YgZmlsZQpvdXRwdXRfZGF0YSA9IG91dHB1dF9kYXRhLnRvX2NzdigoUGF0aChhcmdzLnByZWRpY3Rpb25zKSAvICJwcmVkaWN0aW9ucy5jc3YiKSkK",
      "StatusCode": 201,
      "ResponseHeaders": {
        "Content-Length": "0",
        "Content-MD5": "/HveePP\u002BP\u002BsrDcI\u002BYQfRcQ==",
        "Date": "Wed, 18 Jan 2023 04:23:45 GMT",
        "ETag": "\u00220x8DAF90BC9E04DB1\u0022",
        "Last-Modified": "Wed, 18 Jan 2023 04:23:45 GMT",
        "Server": [
          "Windows-Azure-Blob/1.0",
          "Microsoft-HTTPAPI/2.0"
        ],
        "x-ms-content-crc64": "ejSh1QU85Y4=",
        "x-ms-request-server-encrypted": "true",
        "x-ms-version": "2021-08-06"
      },
      "ResponseBody": null
    },
    {
      "RequestUri": "https://sadnuammrwdeilc.blob.core.windows.net/c33afa53-c-d6fe7e50-6fdf-5f1e-9378-c8b28d906187/prep_src/prep.py?skoid=ab3f5d04-98db-441d-97a8-f558ea82f4ef\u0026sktid=72f988bf-86f1-41af-91ab-2d7cd011db47\u0026skt=2023-01-17T23%3A58%3A03Z\u0026ske=2023-01-19T08%3A08%3A03Z\u0026sks=b\u0026skv=2019-07-07\u0026sv=2021-08-06\u0026st=2023-01-18T04%3A13%3A45Z\u0026se=2023-01-18T12%3A23%3A45Z\u0026sr=c\u0026sp=rcwl\u0026sig=AumP7Q%2FrYQtLPXD95sZ3tmSz4aDwolBDSmGBUx0gyWo%3D",
      "RequestMethod": "HEAD",
      "RequestHeaders": {
        "Accept": "application/xml",
        "Accept-Encoding": "gzip, deflate",
        "Connection": "keep-alive",
        "User-Agent": "azsdk-python-storage-blob/12.14.1 Python/3.7.9 (Windows-10-10.0.22621-SP0)",
        "x-ms-date": "Wed, 18 Jan 2023 04:23:45 GMT",
        "x-ms-version": "2021-08-06"
      },
      "RequestBody": null,
      "StatusCode": 404,
      "ResponseHeaders": {
        "Date": "Wed, 18 Jan 2023 04:23:44 GMT",
        "Server": [
          "Windows-Azure-Blob/1.0",
          "Microsoft-HTTPAPI/2.0"
        ],
        "Transfer-Encoding": "chunked",
        "Vary": "Origin",
        "x-ms-error-code": "BlobNotFound",
        "x-ms-version": "2021-08-06"
      },
      "ResponseBody": null
    },
    {
      "RequestUri": "https://sadnuammrwdeilc.blob.core.windows.net/c33afa53-c-aed98858-2f81-5b4c-a641-3393022dfd66/predict_src/predict.py?comp=metadata\u0026skoid=ab3f5d04-98db-441d-97a8-f558ea82f4ef\u0026sktid=72f988bf-86f1-41af-91ab-2d7cd011db47\u0026skt=2023-01-17T23%3A58%3A03Z\u0026ske=2023-01-19T08%3A08%3A03Z\u0026sks=b\u0026skv=2019-07-07\u0026sv=2021-08-06\u0026st=2023-01-18T04%3A13%3A44Z\u0026se=2023-01-18T12%3A23%3A44Z\u0026sr=c\u0026sp=rcwl\u0026sig=ujKQubvTdP764S%2BIt4JUvG6SsUKLp51gyHa7%2Bo8b9L8%3D",
      "RequestMethod": "PUT",
      "RequestHeaders": {
        "Accept": "application/xml",
        "Accept-Encoding": "gzip, deflate",
        "Connection": "keep-alive",
        "Content-Length": "0",
        "User-Agent": "azsdk-python-storage-blob/12.14.1 Python/3.7.9 (Windows-10-10.0.22621-SP0)",
        "x-ms-date": "Wed, 18 Jan 2023 04:23:45 GMT",
        "x-ms-meta-name": "942ef78e-966d-45d6-807d-ec3bd2194f8d",
        "x-ms-meta-upload_status": "completed",
        "x-ms-meta-version": "1",
        "x-ms-version": "2021-08-06"
      },
      "RequestBody": null,
      "StatusCode": 200,
      "ResponseHeaders": {
        "Content-Length": "0",
        "Date": "Wed, 18 Jan 2023 04:23:44 GMT",
        "ETag": "\u00220x8DAF90BCA01174A\u0022",
        "Last-Modified": "Wed, 18 Jan 2023 04:23:45 GMT",
        "Server": [
          "Windows-Azure-Blob/1.0",
          "Microsoft-HTTPAPI/2.0"
        ],
        "x-ms-request-server-encrypted": "true",
        "x-ms-version": "2021-08-06"
      },
      "ResponseBody": null
    },
    {
      "RequestUri": "https://sadnuammrwdeilc.blob.core.windows.net/c33afa53-c-d6fe7e50-6fdf-5f1e-9378-c8b28d906187/prep_src/prep.py?skoid=ab3f5d04-98db-441d-97a8-f558ea82f4ef\u0026sktid=72f988bf-86f1-41af-91ab-2d7cd011db47\u0026skt=2023-01-17T23%3A58%3A03Z\u0026ske=2023-01-19T08%3A08%3A03Z\u0026sks=b\u0026skv=2019-07-07\u0026sv=2021-08-06\u0026st=2023-01-18T04%3A13%3A45Z\u0026se=2023-01-18T12%3A23%3A45Z\u0026sr=c\u0026sp=rcwl\u0026sig=AumP7Q%2FrYQtLPXD95sZ3tmSz4aDwolBDSmGBUx0gyWo%3D",
      "RequestMethod": "PUT",
      "RequestHeaders": {
        "Accept": "application/xml",
        "Accept-Encoding": "gzip, deflate",
        "Connection": "keep-alive",
        "Content-Length": "4006",
        "Content-MD5": "3nrak4424KaI34njQWPybA==",
        "Content-Type": "application/octet-stream",
        "If-None-Match": "*",
        "User-Agent": "azsdk-python-storage-blob/12.14.1 Python/3.7.9 (Windows-10-10.0.22621-SP0)",
        "x-ms-blob-type": "BlockBlob",
        "x-ms-date": "Wed, 18 Jan 2023 04:23:45 GMT",
        "x-ms-version": "2021-08-06"
      },
      "RequestBody": "aW1wb3J0IGFyZ3BhcnNlCmltcG9ydCBvcwpmcm9tIHBhdGhsaWIgaW1wb3J0IFBhdGgKCmltcG9ydCBwYW5kYXMgYXMgcGQKZnJvbSBza2xlYXJuLmxpbmVhcl9tb2RlbCBpbXBvcnQgTGluZWFyUmVncmVzc2lvbgpmcm9tIHNrbGVhcm4ubW9kZWxfc2VsZWN0aW9uIGltcG9ydCB0cmFpbl90ZXN0X3NwbGl0CmZyb20gdHlwaW5nX2V4dGVuc2lvbnMgaW1wb3J0IENvbmNhdGVuYXRlCgpwYXJzZXIgPSBhcmdwYXJzZS5Bcmd1bWVudFBhcnNlcigicHJlcCIpCnBhcnNlci5hZGRfYXJndW1lbnQoIi0tcmF3X2RhdGEiLCB0eXBlPXN0ciwgaGVscD0iUGF0aCB0byByYXcgZGF0YSIpCnBhcnNlci5hZGRfYXJndW1lbnQoIi0tcHJlcF9kYXRhIiwgdHlwZT1zdHIsIGhlbHA9IlBhdGggb2YgcHJlcHBlZCBkYXRhIikKCmFyZ3MgPSBwYXJzZXIucGFyc2VfYXJncygpCgpwcmludCgiaGVsbG8gdHJhaW5pbmcgd29ybGQuLi4iKQoKbGluZXMgPSBbCiAgICBmIlJhdyBkYXRhIHBhdGg6IHthcmdzLnJhd19kYXRhfSIsCiAgICBmIkRhdGEgb3V0cHV0IHBhdGg6IHthcmdzLnByZXBfZGF0YX0iLApdCgpmb3IgbGluZSBpbiBsaW5lczoKICAgIHByaW50KGxpbmUpCgpwcmludCgibW91bnRlZF9wYXRoIGZpbGVzOiAiKQphcnIgPSBvcy5saXN0ZGlyKGFyZ3MucmF3X2RhdGEpCnByaW50KGFycikKCmRmX2xpc3QgPSBbXQpmb3IgZmlsZW5hbWUgaW4gYXJyOgogICAgcHJpbnQoInJlYWRpbmcgZmlsZTogJXMgLi4uIiAlIGZpbGVuYW1lKQogICAgd2l0aCBvcGVuKG9zLnBhdGguam9pbihhcmdzLnJhd19kYXRhLCBmaWxlbmFtZSksICJyIikgYXMgaGFuZGxlOgogICAgICAgICMgcHJpbnQgKGhhbmRsZS5yZWFkKCkpCiAgICAgICAgIyAoJ2lucHV0X2RmXyVzJyAlIGZpbGVuYW1lKSA9IHBkLnJlYWRfY3N2KChQYXRoKGFyZ3MudHJhaW5pbmdfZGF0YSkgLyBmaWxlbmFtZSkpCiAgICAgICAgaW5wdXRfZGYgPSBwZC5yZWFkX2NzdigoUGF0aChhcmdzLnJhd19kYXRhKSAvIGZpbGVuYW1lKSkKICAgICAgICBkZl9saXN0LmFwcGVuZChpbnB1dF9kZikKCgojIFByZXAgdGhlIGdyZWVuIGFuZCB5ZWxsb3cgdGF4aSBkYXRhCmdyZWVuX2RhdGEgPSBkZl9saXN0WzBdCnllbGxvd19kYXRhID0gZGZfbGlzdFsxXQoKIyBEZWZpbmUgdXNlZnVsIGNvbHVtbnMgbmVlZGVkIGZvciB0aGUgQXp1cmUgTWFjaGluZSBMZWFybmluZyBOWUMgVGF4aSB0dXRvcmlhbAoKdXNlZnVsX2NvbHVtbnMgPSBzdHIoCiAgICBbCiAgICAgICAgImNvc3QiLAogICAgICAgICJkaXN0YW5jZSIsCiAgICAgICAgImRyb3BvZmZfZGF0ZXRpbWUiLAogICAgICAgICJkcm9wb2ZmX2xhdGl0dWRlIiwKICAgICAgICAiZHJvcG9mZl9sb25naXR1ZGUiLAogICAgICAgICJwYXNzZW5nZXJzIiwKICAgICAgICAicGlja3VwX2RhdGV0aW1lIiwKICAgICAgICAicGlja3VwX2xhdGl0dWRlIiwKICAgICAgICAicGlja3VwX2xvbmdpdHVkZSIsCiAgICAgICAgInN0b3JlX2ZvcndhcmQiLAogICAgICAgICJ2ZW5kb3IiLAogICAgXQopLnJlcGxhY2UoIiwiLCAiOyIpCnByaW50KHVzZWZ1bF9jb2x1bW5zKQoKIyBSZW5hbWUgY29sdW1ucyBhcyBwZXIgQXp1cmUgTWFjaGluZSBMZWFybmluZyBOWUMgVGF4aSB0dXRvcmlhbApncmVlbl9jb2x1bW5zID0gc3RyKAogICAgewogICAgICAgICJ2ZW5kb3JJRCI6ICJ2ZW5kb3IiLAogICAgICAgICJscGVwUGlja3VwRGF0ZXRpbWUiOiAicGlja3VwX2RhdGV0aW1lIiwKICAgICAgICAibHBlcERyb3BvZmZEYXRldGltZSI6ICJkcm9wb2ZmX2RhdGV0aW1lIiwKICAgICAgICAic3RvcmVBbmRGd2RGbGFnIjogInN0b3JlX2ZvcndhcmQiLAogICAgICAgICJwaWNrdXBMb25naXR1ZGUiOiAicGlja3VwX2xvbmdpdHVkZSIsCiAgICAgICAgInBpY2t1cExhdGl0dWRlIjogInBpY2t1cF9sYXRpdHVkZSIsCiAgICAgICAgImRyb3BvZmZMb25naXR1ZGUiOiAiZHJvcG9mZl9sb25naXR1ZGUiLAogICAgICAgICJkcm9wb2ZmTGF0aXR1ZGUiOiAiZHJvcG9mZl9sYXRpdHVkZSIsCiAgICAgICAgInBhc3NlbmdlckNvdW50IjogInBhc3NlbmdlcnMiLAogICAgICAgICJmYXJlQW1vdW50IjogImNvc3QiLAogICAgICAgICJ0cmlwRGlzdGFuY2UiOiAiZGlzdGFuY2UiLAogICAgfQopLnJlcGxhY2UoIiwiLCAiOyIpCgp5ZWxsb3dfY29sdW1ucyA9IHN0cigKICAgIHsKICAgICAgICAidmVuZG9ySUQiOiAidmVuZG9yIiwKICAgICAgICAidHBlcFBpY2t1cERhdGVUaW1lIjogInBpY2t1cF9kYXRldGltZSIsCiAgICAgICAgInRwZXBEcm9wb2ZmRGF0ZVRpbWUiOiAiZHJvcG9mZl9kYXRldGltZSIsCiAgICAgICAgInN0b3JlQW5kRndkRmxhZyI6ICJzdG9yZV9mb3J3YXJkIiwKICAgICAgICAic3RhcnRMb24iOiAicGlja3VwX2xvbmdpdHVkZSIsCiAgICAgICAgInN0YXJ0TGF0IjogInBpY2t1cF9sYXRpdHVkZSIsCiAgICAgICAgImVuZExvbiI6ICJkcm9wb2ZmX2xvbmdpdHVkZSIsCiAgICAgICAgImVuZExhdCI6ICJkcm9wb2ZmX2xhdGl0dWRlIiwKICAgICAgICAicGFzc2VuZ2VyQ291bnQiOiAicGFzc2VuZ2VycyIsCiAgICAgICAgImZhcmVBbW91bnQiOiAiY29zdCIsCiAgICAgICAgInRyaXBEaXN0YW5jZSI6ICJkaXN0YW5jZSIsCiAgICB9CikucmVwbGFjZSgiLCIsICI7IikKCnByaW50KCJncmVlbl9jb2x1bW5zOiAiICsgZ3JlZW5fY29sdW1ucykKcHJpbnQoInllbGxvd19jb2x1bW5zOiAiICsgeWVsbG93X2NvbHVtbnMpCgojIFRoZXNlIGZ1bmN0aW9ucyBlbnN1cmUgdGhhdCBudWxsIGRhdGEgaXMgcmVtb3ZlZCBmcm9tIHRoZSBkYXRhc2V0LAojIHdoaWNoIHdpbGwgaGVscCBpbmNyZWFzZSBtYWNoaW5lIGxlYXJuaW5nIG1vZGVsIGFjY3VyYWN5LgoKCmRlZiBnZXRfZGljdChkaWN0X3N0cik6CiAgICBwYWlycyA9IGRpY3Rfc3RyLnN0cmlwKCJ7fSIpLnNwbGl0KCI7IikKICAgIG5ld19kaWN0ID0ge30KICAgIGZvciBwYWlyIGluIHBhaXJzOgogICAgICAgIHByaW50KHBhaXIpCiAgICAgICAga2V5LCB2YWx1ZSA9IHBhaXIuc3RyaXAoKS5zcGxpdCgiOiIpCiAgICAgICAgbmV3X2RpY3Rba2V5LnN0cmlwKCkuc3RyaXAoIiciKV0gPSB2YWx1ZS5zdHJpcCgpLnN0cmlwKCInIikKICAgIHJldHVybiBuZXdfZGljdAoKCmRlZiBjbGVhbnNlRGF0YShkYXRhLCBjb2x1bW5zLCB1c2VmdWxfY29sdW1ucyk6CiAgICB1c2VmdWxfY29sdW1ucyA9IFtzLnN0cmlwKCkuc3RyaXAoIiciKSBmb3IgcyBpbiB1c2VmdWxfY29sdW1ucy5zdHJpcCgiW10iKS5zcGxpdCgiOyIpXQogICAgbmV3X2NvbHVtbnMgPSBnZXRfZGljdChjb2x1bW5zKQoKICAgIG5ld19kZiA9IChkYXRhLmRyb3BuYShob3c9ImFsbCIpLnJlbmFtZShjb2x1bW5zPW5ld19jb2x1bW5zKSlbdXNlZnVsX2NvbHVtbnNdCgogICAgbmV3X2RmLnJlc2V0X2luZGV4KGlucGxhY2U9VHJ1ZSwgZHJvcD1UcnVlKQogICAgcmV0dXJuIG5ld19kZgoKCmdyZWVuX2RhdGFfY2xlYW4gPSBjbGVhbnNlRGF0YShncmVlbl9kYXRhLCBncmVlbl9jb2x1bW5zLCB1c2VmdWxfY29sdW1ucykKeWVsbG93X2RhdGFfY2xlYW4gPSBjbGVhbnNlRGF0YSh5ZWxsb3dfZGF0YSwgeWVsbG93X2NvbHVtbnMsIHVzZWZ1bF9jb2x1bW5zKQoKIyBBcHBlbmQgeWVsbG93IGRhdGEgdG8gZ3JlZW4gZGF0YQpjb21iaW5lZF9kZiA9IGdyZWVuX2RhdGFfY2xlYW4uYXBwZW5kKHllbGxvd19kYXRhX2NsZWFuLCBpZ25vcmVfaW5kZXg9VHJ1ZSkKY29tYmluZWRfZGYucmVzZXRfaW5kZXgoaW5wbGFjZT1UcnVlLCBkcm9wPVRydWUpCgpvdXRwdXRfZ3JlZW4gPSBncmVlbl9kYXRhX2NsZWFuLnRvX2NzdigoUGF0aChhcmdzLnByZXBfZGF0YSkgLyAiZ3JlZW5fcHJlcF9kYXRhLmNzdiIpKQpvdXRwdXRfeWVsbG93ID0geWVsbG93X2RhdGFfY2xlYW4udG9fY3N2KChQYXRoKGFyZ3MucHJlcF9kYXRhKSAvICJ5ZWxsb3dfcHJlcF9kYXRhLmNzdiIpKQptZXJnZWRfZGF0YSA9IGNvbWJpbmVkX2RmLnRvX2NzdigoUGF0aChhcmdzLnByZXBfZGF0YSkgLyAibWVyZ2VkX2RhdGEuY3N2IikpCg==",
      "StatusCode": 201,
      "ResponseHeaders": {
        "Content-Length": "0",
        "Content-MD5": "3nrak4424KaI34njQWPybA==",
        "Date": "Wed, 18 Jan 2023 04:23:44 GMT",
        "ETag": "\u00220x8DAF90BCA211DB3\u0022",
        "Last-Modified": "Wed, 18 Jan 2023 04:23:45 GMT",
        "Server": [
          "Windows-Azure-Blob/1.0",
          "Microsoft-HTTPAPI/2.0"
        ],
        "x-ms-content-crc64": "tEEDrIOdBsM=",
        "x-ms-request-server-encrypted": "true",
        "x-ms-version": "2021-08-06"
      },
      "ResponseBody": null
    },
    {
      "RequestUri": "https://sadnuammrwdeilc.blob.core.windows.net/c33afa53-c-686d87fb-2a6a-5172-a4a7-f6e2eaea829d/transform_src/transform.py?skoid=ab3f5d04-98db-441d-97a8-f558ea82f4ef\u0026sktid=72f988bf-86f1-41af-91ab-2d7cd011db47\u0026skt=2023-01-17T23%3A58%3A03Z\u0026ske=2023-01-19T08%3A08%3A03Z\u0026sks=b\u0026skv=2019-07-07\u0026sv=2021-08-06\u0026st=2023-01-18T04%3A13%3A45Z\u0026se=2023-01-18T12%3A23%3A45Z\u0026sr=c\u0026sp=rcwl\u0026sig=PfMhCXg5t1kyWA3V60QDt7RJVq8qIRfRSEP7zBCACFg%3D",
      "RequestMethod": "HEAD",
      "RequestHeaders": {
        "Accept": "application/xml",
        "Accept-Encoding": "gzip, deflate",
        "Connection": "keep-alive",
        "User-Agent": "azsdk-python-storage-blob/12.14.1 Python/3.7.9 (Windows-10-10.0.22621-SP0)",
        "x-ms-date": "Wed, 18 Jan 2023 04:23:45 GMT",
        "x-ms-version": "2021-08-06"
      },
      "RequestBody": null,
      "StatusCode": 404,
      "ResponseHeaders": {
        "Date": "Wed, 18 Jan 2023 04:23:45 GMT",
        "Server": [
          "Windows-Azure-Blob/1.0",
          "Microsoft-HTTPAPI/2.0"
        ],
        "Transfer-Encoding": "chunked",
        "Vary": "Origin",
        "x-ms-error-code": "BlobNotFound",
        "x-ms-version": "2021-08-06"
      },
      "ResponseBody": null
    },
    {
      "RequestUri": "https://sadnuammrwdeilc.blob.core.windows.net/c33afa53-c-d6fe7e50-6fdf-5f1e-9378-c8b28d906187/prep_src/prep.py?comp=metadata\u0026skoid=ab3f5d04-98db-441d-97a8-f558ea82f4ef\u0026sktid=72f988bf-86f1-41af-91ab-2d7cd011db47\u0026skt=2023-01-17T23%3A58%3A03Z\u0026ske=2023-01-19T08%3A08%3A03Z\u0026sks=b\u0026skv=2019-07-07\u0026sv=2021-08-06\u0026st=2023-01-18T04%3A13%3A45Z\u0026se=2023-01-18T12%3A23%3A45Z\u0026sr=c\u0026sp=rcwl\u0026sig=AumP7Q%2FrYQtLPXD95sZ3tmSz4aDwolBDSmGBUx0gyWo%3D",
      "RequestMethod": "PUT",
      "RequestHeaders": {
        "Accept": "application/xml",
        "Accept-Encoding": "gzip, deflate",
        "Connection": "keep-alive",
        "Content-Length": "0",
        "User-Agent": "azsdk-python-storage-blob/12.14.1 Python/3.7.9 (Windows-10-10.0.22621-SP0)",
        "x-ms-date": "Wed, 18 Jan 2023 04:23:45 GMT",
        "x-ms-meta-name": "91bfba57-351b-47a6-af95-fcb880bdb3d9",
        "x-ms-meta-upload_status": "completed",
        "x-ms-meta-version": "1",
        "x-ms-version": "2021-08-06"
      },
      "RequestBody": null,
      "StatusCode": 200,
      "ResponseHeaders": {
        "Content-Length": "0",
        "Date": "Wed, 18 Jan 2023 04:23:44 GMT",
        "ETag": "\u00220x8DAF90BCA34F0DE\u0022",
        "Last-Modified": "Wed, 18 Jan 2023 04:23:45 GMT",
        "Server": [
          "Windows-Azure-Blob/1.0",
          "Microsoft-HTTPAPI/2.0"
        ],
        "x-ms-request-server-encrypted": "true",
        "x-ms-version": "2021-08-06"
      },
      "ResponseBody": null
    },
    {
      "RequestUri": "https://sadnuammrwdeilc.blob.core.windows.net/c33afa53-c-686d87fb-2a6a-5172-a4a7-f6e2eaea829d/transform_src/transform.py?skoid=ab3f5d04-98db-441d-97a8-f558ea82f4ef\u0026sktid=72f988bf-86f1-41af-91ab-2d7cd011db47\u0026skt=2023-01-17T23%3A58%3A03Z\u0026ske=2023-01-19T08%3A08%3A03Z\u0026sks=b\u0026skv=2019-07-07\u0026sv=2021-08-06\u0026st=2023-01-18T04%3A13%3A45Z\u0026se=2023-01-18T12%3A23%3A45Z\u0026sr=c\u0026sp=rcwl\u0026sig=PfMhCXg5t1kyWA3V60QDt7RJVq8qIRfRSEP7zBCACFg%3D",
      "RequestMethod": "PUT",
      "RequestHeaders": {
        "Accept": "application/xml",
        "Accept-Encoding": "gzip, deflate",
        "Connection": "keep-alive",
        "Content-Length": "5373",
        "Content-MD5": "NMW6dJvn3OPXLFc1afOaaA==",
        "Content-Type": "application/octet-stream",
        "If-None-Match": "*",
        "User-Agent": "azsdk-python-storage-blob/12.14.1 Python/3.7.9 (Windows-10-10.0.22621-SP0)",
        "x-ms-blob-type": "BlockBlob",
        "x-ms-date": "Wed, 18 Jan 2023 04:23:45 GMT",
        "x-ms-version": "2021-08-06"
      },
      "RequestBody": "aW1wb3J0IGFyZ3BhcnNlCmltcG9ydCBvcwpmcm9tIHBhdGhsaWIgaW1wb3J0IFBhdGgKCmltcG9ydCBudW1weSBhcyBucAppbXBvcnQgcGFuZGFzIGFzIHBkCgpwYXJzZXIgPSBhcmdwYXJzZS5Bcmd1bWVudFBhcnNlcigidHJhbnNmb3JtIikKcGFyc2VyLmFkZF9hcmd1bWVudCgiLS1jbGVhbl9kYXRhIiwgdHlwZT1zdHIsIGhlbHA9IlBhdGggdG8gcHJlcHBlZCBkYXRhIikKcGFyc2VyLmFkZF9hcmd1bWVudCgiLS10cmFuc2Zvcm1lZF9kYXRhIiwgdHlwZT1zdHIsIGhlbHA9IlBhdGggb2Ygb3V0cHV0IGRhdGEiKQoKYXJncyA9IHBhcnNlci5wYXJzZV9hcmdzKCkKCgpsaW5lcyA9IFsKICAgIGYiQ2xlYW4gZGF0YSBwYXRoOiB7YXJncy5jbGVhbl9kYXRhfSIsCiAgICBmIlRyYW5zZm9ybWVkIGRhdGEgb3V0cHV0IHBhdGg6IHthcmdzLnRyYW5zZm9ybWVkX2RhdGF9IiwKXQoKZm9yIGxpbmUgaW4gbGluZXM6CiAgICBwcmludChsaW5lKQoKcHJpbnQoIm1vdW50ZWRfcGF0aCBmaWxlczogIikKYXJyID0gb3MubGlzdGRpcihhcmdzLmNsZWFuX2RhdGEpCnByaW50KGFycikKCmRmX2xpc3QgPSBbXQpmb3IgZmlsZW5hbWUgaW4gYXJyOgogICAgcHJpbnQoInJlYWRpbmcgZmlsZTogJXMgLi4uIiAlIGZpbGVuYW1lKQogICAgd2l0aCBvcGVuKG9zLnBhdGguam9pbihhcmdzLmNsZWFuX2RhdGEsIGZpbGVuYW1lKSwgInIiKSBhcyBoYW5kbGU6CiAgICAgICAgIyBwcmludCAoaGFuZGxlLnJlYWQoKSkKICAgICAgICAjICgnaW5wdXRfZGZfJXMnICUgZmlsZW5hbWUpID0gcGQucmVhZF9jc3YoKFBhdGgoYXJncy50cmFpbmluZ19kYXRhKSAvIGZpbGVuYW1lKSkKICAgICAgICBpbnB1dF9kZiA9IHBkLnJlYWRfY3N2KChQYXRoKGFyZ3MuY2xlYW5fZGF0YSkgLyBmaWxlbmFtZSkpCiAgICAgICAgZGZfbGlzdC5hcHBlbmQoaW5wdXRfZGYpCgoKIyBUcmFuc2Zvcm0gdGhlIGRhdGEKY29tYmluZWRfZGYgPSBkZl9saXN0WzFdCiMgVGhlc2UgZnVuY3Rpb25zIGZpbHRlciBvdXQgY29vcmRpbmF0ZXMgZm9yIGxvY2F0aW9ucyB0aGF0IGFyZSBvdXRzaWRlIHRoZSBjaXR5IGJvcmRlci4KCiMgRmlsdGVyIG91dCBjb29yZGluYXRlcyBmb3IgbG9jYXRpb25zIHRoYXQgYXJlIG91dHNpZGUgdGhlIGNpdHkgYm9yZGVyLgojIENoYWluIHRoZSBjb2x1bW4gZmlsdGVyIGNvbW1hbmRzIHdpdGhpbiB0aGUgZmlsdGVyKCkgZnVuY3Rpb24KIyBhbmQgZGVmaW5lIHRoZSBtaW5pbXVtIGFuZCBtYXhpbXVtIGJvdW5kcyBmb3IgZWFjaCBmaWVsZAoKY29tYmluZWRfZGYgPSBjb21iaW5lZF9kZi5hc3R5cGUoCiAgICB7CiAgICAgICAgInBpY2t1cF9sb25naXR1ZGUiOiAiZmxvYXQ2NCIsCiAgICAgICAgInBpY2t1cF9sYXRpdHVkZSI6ICJmbG9hdDY0IiwKICAgICAgICAiZHJvcG9mZl9sb25naXR1ZGUiOiAiZmxvYXQ2NCIsCiAgICAgICAgImRyb3BvZmZfbGF0aXR1ZGUiOiAiZmxvYXQ2NCIsCiAgICB9CikKCmxhdGxvbmdfZmlsdGVyZWRfZGYgPSBjb21iaW5lZF9kZlsKICAgIChjb21iaW5lZF9kZi5waWNrdXBfbG9uZ2l0dWRlIDw9IC03My43MikKICAgICYgKGNvbWJpbmVkX2RmLnBpY2t1cF9sb25naXR1ZGUgPj0gLTc0LjA5KQogICAgJiAoY29tYmluZWRfZGYucGlja3VwX2xhdGl0dWRlIDw9IDQwLjg4KQogICAgJiAoY29tYmluZWRfZGYucGlja3VwX2xhdGl0dWRlID49IDQwLjUzKQogICAgJiAoY29tYmluZWRfZGYuZHJvcG9mZl9sb25naXR1ZGUgPD0gLTczLjcyKQogICAgJiAoY29tYmluZWRfZGYuZHJvcG9mZl9sb25naXR1ZGUgPj0gLTc0LjcyKQogICAgJiAoY29tYmluZWRfZGYuZHJvcG9mZl9sYXRpdHVkZSA8PSA0MC44OCkKICAgICYgKGNvbWJpbmVkX2RmLmRyb3BvZmZfbGF0aXR1ZGUgPj0gNDAuNTMpCl0KCmxhdGxvbmdfZmlsdGVyZWRfZGYucmVzZXRfaW5kZXgoaW5wbGFjZT1UcnVlLCBkcm9wPVRydWUpCgojIFRoZXNlIGZ1bmN0aW9ucyByZXBsYWNlIHVuZGVmaW5lZCB2YWx1ZXMgYW5kIHJlbmFtZSB0byB1c2UgbWVhbmluZ2Z1bCBuYW1lcy4KcmVwbGFjZWRfc3Rmb3JfdmFsc19kZiA9IGxhdGxvbmdfZmlsdGVyZWRfZGYucmVwbGFjZSh7InN0b3JlX2ZvcndhcmQiOiAiMCJ9LCB7InN0b3JlX2ZvcndhcmQiOiAiTiJ9KS5maWxsbmEoCiAgICB7InN0b3JlX2ZvcndhcmQiOiAiTiJ9CikKCnJlcGxhY2VkX2Rpc3RhbmNlX3ZhbHNfZGYgPSByZXBsYWNlZF9zdGZvcl92YWxzX2RmLnJlcGxhY2UoeyJkaXN0YW5jZSI6ICIuMDAifSwgeyJkaXN0YW5jZSI6IDB9KS5maWxsbmEoeyJkaXN0YW5jZSI6IDB9KQoKbm9ybWFsaXplZF9kZiA9IHJlcGxhY2VkX2Rpc3RhbmNlX3ZhbHNfZGYuYXN0eXBlKHsiZGlzdGFuY2UiOiAiZmxvYXQ2NCJ9KQoKIyBUaGVzZSBmdW5jdGlvbnMgdHJhbnNmb3JtIHRoZSByZW5hbWVkIGRhdGEgdG8gYmUgdXNlZCBmaW5hbGx5IGZvciB0cmFpbmluZy4KCiMgU3BsaXQgdGhlIHBpY2t1cCBhbmQgZHJvcG9mZiBkYXRlIGZ1cnRoZXIgaW50byB0aGUgZGF5IG9mIHRoZSB3ZWVrLCBkYXkgb2YgdGhlIG1vbnRoLCBhbmQgbW9udGggdmFsdWVzLgojIFRvIGdldCB0aGUgZGF5IG9mIHRoZSB3ZWVrIHZhbHVlLCB1c2UgdGhlIGRlcml2ZV9jb2x1bW5fYnlfZXhhbXBsZSgpIGZ1bmN0aW9uLgojIFRoZSBmdW5jdGlvbiB0YWtlcyBhbiBhcnJheSBwYXJhbWV0ZXIgb2YgZXhhbXBsZSBvYmplY3RzIHRoYXQgZGVmaW5lIHRoZSBpbnB1dCBkYXRhLAojIGFuZCB0aGUgcHJlZmVycmVkIG91dHB1dC4gVGhlIGZ1bmN0aW9uIGF1dG9tYXRpY2FsbHkgZGV0ZXJtaW5lcyB5b3VyIHByZWZlcnJlZCB0cmFuc2Zvcm1hdGlvbi4KIyBGb3IgdGhlIHBpY2t1cCBhbmQgZHJvcG9mZiB0aW1lIGNvbHVtbnMsIHNwbGl0IHRoZSB0aW1lIGludG8gdGhlIGhvdXIsIG1pbnV0ZSwgYW5kIHNlY29uZCBieSB1c2luZwojIHRoZSBzcGxpdF9jb2x1bW5fYnlfZXhhbXBsZSgpIGZ1bmN0aW9uIHdpdGggbm8gZXhhbXBsZSBwYXJhbWV0ZXIuIEFmdGVyIHlvdSBnZW5lcmF0ZSB0aGUgbmV3IGZlYXR1cmVzLAojIHVzZSB0aGUgZHJvcF9jb2x1bW5zKCkgZnVuY3Rpb24gdG8gZGVsZXRlIHRoZSBvcmlnaW5hbCBmaWVsZHMgYXMgdGhlIG5ld2x5IGdlbmVyYXRlZCBmZWF0dXJlcyBhcmUgcHJlZmVycmVkLgojIFJlbmFtZSB0aGUgcmVzdCBvZiB0aGUgZmllbGRzIHRvIHVzZSBtZWFuaW5nZnVsIGRlc2NyaXB0aW9ucy4KCnRlbXAgPSBwZC5EYXRldGltZUluZGV4KG5vcm1hbGl6ZWRfZGZbInBpY2t1cF9kYXRldGltZSJdLCBkdHlwZT0iZGF0ZXRpbWU2NFtuc10iKQpub3JtYWxpemVkX2RmWyJwaWNrdXBfZGF0ZSJdID0gdGVtcC5kYXRlCm5vcm1hbGl6ZWRfZGZbInBpY2t1cF93ZWVrZGF5Il0gPSB0ZW1wLmRheW9md2Vlawpub3JtYWxpemVkX2RmWyJwaWNrdXBfbW9udGgiXSA9IHRlbXAubW9udGgKbm9ybWFsaXplZF9kZlsicGlja3VwX21vbnRoZGF5Il0gPSB0ZW1wLmRheQpub3JtYWxpemVkX2RmWyJwaWNrdXBfdGltZSJdID0gdGVtcC50aW1lCm5vcm1hbGl6ZWRfZGZbInBpY2t1cF9ob3VyIl0gPSB0ZW1wLmhvdXIKbm9ybWFsaXplZF9kZlsicGlja3VwX21pbnV0ZSJdID0gdGVtcC5taW51dGUKbm9ybWFsaXplZF9kZlsicGlja3VwX3NlY29uZCJdID0gdGVtcC5zZWNvbmQKCnRlbXAgPSBwZC5EYXRldGltZUluZGV4KG5vcm1hbGl6ZWRfZGZbImRyb3BvZmZfZGF0ZXRpbWUiXSwgZHR5cGU9ImRhdGV0aW1lNjRbbnNdIikKbm9ybWFsaXplZF9kZlsiZHJvcG9mZl9kYXRlIl0gPSB0ZW1wLmRhdGUKbm9ybWFsaXplZF9kZlsiZHJvcG9mZl93ZWVrZGF5Il0gPSB0ZW1wLmRheW9md2Vlawpub3JtYWxpemVkX2RmWyJkcm9wb2ZmX21vbnRoIl0gPSB0ZW1wLm1vbnRoCm5vcm1hbGl6ZWRfZGZbImRyb3BvZmZfbW9udGhkYXkiXSA9IHRlbXAuZGF5Cm5vcm1hbGl6ZWRfZGZbImRyb3BvZmZfdGltZSJdID0gdGVtcC50aW1lCm5vcm1hbGl6ZWRfZGZbImRyb3BvZmZfaG91ciJdID0gdGVtcC5ob3VyCm5vcm1hbGl6ZWRfZGZbImRyb3BvZmZfbWludXRlIl0gPSB0ZW1wLm1pbnV0ZQpub3JtYWxpemVkX2RmWyJkcm9wb2ZmX3NlY29uZCJdID0gdGVtcC5zZWNvbmQKCmRlbCBub3JtYWxpemVkX2RmWyJwaWNrdXBfZGF0ZXRpbWUiXQpkZWwgbm9ybWFsaXplZF9kZlsiZHJvcG9mZl9kYXRldGltZSJdCgpub3JtYWxpemVkX2RmLnJlc2V0X2luZGV4KGlucGxhY2U9VHJ1ZSwgZHJvcD1UcnVlKQoKCnByaW50KG5vcm1hbGl6ZWRfZGYuaGVhZCkKcHJpbnQobm9ybWFsaXplZF9kZi5kdHlwZXMpCgoKIyBEcm9wIHRoZSBwaWNrdXBfZGF0ZSwgZHJvcG9mZl9kYXRlLCBwaWNrdXBfdGltZSwgZHJvcG9mZl90aW1lIGNvbHVtbnMgYmVjYXVzZSB0aGV5J3JlCiMgbm8gbG9uZ2VyIG5lZWRlZCAoZ3JhbnVsYXIgdGltZSBmZWF0dXJlcyBsaWtlIGhvdXIsCiMgbWludXRlIGFuZCBzZWNvbmQgYXJlIG1vcmUgdXNlZnVsIGZvciBtb2RlbCB0cmFpbmluZykuCmRlbCBub3JtYWxpemVkX2RmWyJwaWNrdXBfZGF0ZSJdCmRlbCBub3JtYWxpemVkX2RmWyJkcm9wb2ZmX2RhdGUiXQpkZWwgbm9ybWFsaXplZF9kZlsicGlja3VwX3RpbWUiXQpkZWwgbm9ybWFsaXplZF9kZlsiZHJvcG9mZl90aW1lIl0KCiMgQ2hhbmdlIHRoZSBzdG9yZV9mb3J3YXJkIGNvbHVtbiB0byBiaW5hcnkgdmFsdWVzCm5vcm1hbGl6ZWRfZGZbInN0b3JlX2ZvcndhcmQiXSA9IG5wLndoZXJlKChub3JtYWxpemVkX2RmLnN0b3JlX2ZvcndhcmQgPT0gIk4iKSwgMCwgMSkKCiMgQmVmb3JlIHlvdSBwYWNrYWdlIHRoZSBkYXRhc2V0LCBydW4gdHdvIGZpbmFsIGZpbHRlcnMgb24gdGhlIGRhdGFzZXQuCiMgVG8gZWxpbWluYXRlIGluY29ycmVjdGx5IGNhcHR1cmVkIGRhdGEgcG9pbnRzLAojIGZpbHRlciB0aGUgZGF0YXNldCBvbiByZWNvcmRzIHdoZXJlIGJvdGggdGhlIGNvc3QgYW5kIGRpc3RhbmNlIHZhcmlhYmxlIHZhbHVlcyBhcmUgZ3JlYXRlciB0aGFuIHplcm8uCiMgVGhpcyBzdGVwIHdpbGwgc2lnbmlmaWNhbnRseSBpbXByb3ZlIG1hY2hpbmUgbGVhcm5pbmcgbW9kZWwgYWNjdXJhY3ksCiMgYmVjYXVzZSBkYXRhIHBvaW50cyB3aXRoIGEgemVybyBjb3N0IG9yIGRpc3RhbmNlIHJlcHJlc2VudCBtYWpvciBvdXRsaWVycyB0aGF0IHRocm93IG9mZiBwcmVkaWN0aW9uIGFjY3VyYWN5LgoKZmluYWxfZGYgPSBub3JtYWxpemVkX2RmWyhub3JtYWxpemVkX2RmLmRpc3RhbmNlID4gMCkgJiAobm9ybWFsaXplZF9kZi5jb3N0ID4gMCldCmZpbmFsX2RmLnJlc2V0X2luZGV4KGlucGxhY2U9VHJ1ZSwgZHJvcD1UcnVlKQpwcmludChmaW5hbF9kZi5oZWFkKQoKIyBPdXRwdXQgZGF0YQp0cmFuc2Zvcm1lZF9kYXRhID0gZmluYWxfZGYudG9fY3N2KChQYXRoKGFyZ3MudHJhbnNmb3JtZWRfZGF0YSkgLyAidHJhbnNmb3JtZWRfZGF0YS5jc3YiKSkK",
      "StatusCode": 201,
      "ResponseHeaders": {
        "Content-Length": "0",
        "Content-MD5": "NMW6dJvn3OPXLFc1afOaaA==",
        "Date": "Wed, 18 Jan 2023 04:23:45 GMT",
        "ETag": "\u00220x8DAF90BCA7265FF\u0022",
        "Last-Modified": "Wed, 18 Jan 2023 04:23:46 GMT",
        "Server": [
          "Windows-Azure-Blob/1.0",
          "Microsoft-HTTPAPI/2.0"
        ],
        "x-ms-content-crc64": "3cbw0fMI3QQ=",
        "x-ms-request-server-encrypted": "true",
        "x-ms-version": "2021-08-06"
      },
      "ResponseBody": null
    },
    {
      "RequestUri": "https://sadnuammrwdeilc.blob.core.windows.net/c33afa53-c-686d87fb-2a6a-5172-a4a7-f6e2eaea829d/transform_src/transform.py?comp=metadata\u0026skoid=ab3f5d04-98db-441d-97a8-f558ea82f4ef\u0026sktid=72f988bf-86f1-41af-91ab-2d7cd011db47\u0026skt=2023-01-17T23%3A58%3A03Z\u0026ske=2023-01-19T08%3A08%3A03Z\u0026sks=b\u0026skv=2019-07-07\u0026sv=2021-08-06\u0026st=2023-01-18T04%3A13%3A45Z\u0026se=2023-01-18T12%3A23%3A45Z\u0026sr=c\u0026sp=rcwl\u0026sig=PfMhCXg5t1kyWA3V60QDt7RJVq8qIRfRSEP7zBCACFg%3D",
      "RequestMethod": "PUT",
      "RequestHeaders": {
        "Accept": "application/xml",
        "Accept-Encoding": "gzip, deflate",
        "Connection": "keep-alive",
        "Content-Length": "0",
        "User-Agent": "azsdk-python-storage-blob/12.14.1 Python/3.7.9 (Windows-10-10.0.22621-SP0)",
        "x-ms-date": "Wed, 18 Jan 2023 04:23:46 GMT",
        "x-ms-meta-name": "32986aaf-8a9f-4dae-9960-225d751f672a",
        "x-ms-meta-upload_status": "completed",
        "x-ms-meta-version": "1",
        "x-ms-version": "2021-08-06"
      },
      "RequestBody": null,
      "StatusCode": 200,
      "ResponseHeaders": {
        "Content-Length": "0",
        "Date": "Wed, 18 Jan 2023 04:23:45 GMT",
        "ETag": "\u00220x8DAF90BCA85C417\u0022",
        "Last-Modified": "Wed, 18 Jan 2023 04:23:46 GMT",
        "Server": [
          "Windows-Azure-Blob/1.0",
          "Microsoft-HTTPAPI/2.0"
        ],
        "x-ms-request-server-encrypted": "true",
        "x-ms-version": "2021-08-06"
      },
      "ResponseBody": null
    },
    {
      "RequestUri": "https://eastus2.api.azureml.ms/assetstore/v1.0/temporaryDataReference/createOrGet",
      "RequestMethod": "POST",
      "RequestHeaders": {
        "Accept": "*/*",
        "Accept-Encoding": "gzip, deflate",
        "Connection": "keep-alive",
        "Content-Length": "268",
        "Content-Type": "application/json; charset=UTF-8",
        "User-Agent": "azure-ai-ml/1.4.0 azsdk-python-core/1.26.3 Python/3.7.9 (Windows-10-10.0.22621-SP0)"
      },
      "RequestBody": {
        "assetId": "azureml://locations/eastus2/workspaces/c33afa53-cead-40f1-8d1d-ac5976604612/codes/9d67d79d-81c8-40e5-86c0-11f03b7fa525/versions/1",
        "temporaryDataReferenceId": "9c0119d6-1ef5-46d5-9902-93a9aaf20adf",
        "temporaryDataReferenceType": "TemporaryBlobReference"
      },
      "StatusCode": 200,
      "ResponseHeaders": {
        "Connection": "keep-alive",
        "Content-Encoding": "gzip",
        "Content-Type": "application/json; charset=utf-8",
        "Date": "Wed, 18 Jan 2023 04:23:46 GMT",
        "Request-Context": "appId=cid-v1:2d2e8e63-272e-4b3c-8598-4ee570a0e70d",
        "Strict-Transport-Security": "max-age=15724800; includeSubDomains; preload",
        "Transfer-Encoding": "chunked",
        "Vary": "Accept-Encoding",
        "x-aml-cluster": "vienna-eastus2-01",
        "X-Content-Type-Options": "nosniff",
        "x-ms-response-type": "standard",
        "x-request-time": "0.090"
      },
      "ResponseBody": {
        "blobReferenceForConsumption": {
          "blobUri": "https://sadnuammrwdeilc.blob.core.windows.net:443/c33afa53-c-849b34dd-03cb-5e3f-b041-8d17606f2ddc",
          "storageAccountArmId": "/subscriptions/00000000-0000-0000-0000-000000000/resourceGroups/00000/providers/Microsoft.Storage/storageAccounts/sadnuammrwdeilc",
          "credential": {
            "sasUri": "https://sadnuammrwdeilc.blob.core.windows.net/c33afa53-c-849b34dd-03cb-5e3f-b041-8d17606f2ddc?skoid=ab3f5d04-98db-441d-97a8-f558ea82f4ef\u0026sktid=72f988bf-86f1-41af-91ab-2d7cd011db47\u0026skt=2023-01-17T23%3A58%3A03Z\u0026ske=2023-01-19T08%3A08%3A03Z\u0026sks=b\u0026skv=2019-07-07\u0026sv=2021-08-06\u0026st=2023-01-18T04%3A13%3A46Z\u0026se=2023-01-18T12%3A23%3A46Z\u0026sr=c\u0026sp=rcwl\u0026sig=lzTg5Eqav0ATruwCDme85pT3Aoy44gX59IKmVjy5s48%3D",
            "wasbsUri": null,
            "credentialType": "SAS"
          }
        },
        "imageReferenceForConsumption": null,
        "temporaryDataReferenceId": "9c0119d6-1ef5-46d5-9902-93a9aaf20adf",
        "temporaryDataReferenceType": null
      }
    },
    {
      "RequestUri": "https://sadnuammrwdeilc.blob.core.windows.net/c33afa53-c-849b34dd-03cb-5e3f-b041-8d17606f2ddc/train_src/train.py?skoid=ab3f5d04-98db-441d-97a8-f558ea82f4ef\u0026sktid=72f988bf-86f1-41af-91ab-2d7cd011db47\u0026skt=2023-01-17T23%3A58%3A03Z\u0026ske=2023-01-19T08%3A08%3A03Z\u0026sks=b\u0026skv=2019-07-07\u0026sv=2021-08-06\u0026st=2023-01-18T04%3A13%3A46Z\u0026se=2023-01-18T12%3A23%3A46Z\u0026sr=c\u0026sp=rcwl\u0026sig=lzTg5Eqav0ATruwCDme85pT3Aoy44gX59IKmVjy5s48%3D",
      "RequestMethod": "HEAD",
      "RequestHeaders": {
        "Accept": "application/xml",
        "Accept-Encoding": "gzip, deflate",
        "Connection": "keep-alive",
        "User-Agent": "azsdk-python-storage-blob/12.14.1 Python/3.7.9 (Windows-10-10.0.22621-SP0)",
        "x-ms-date": "Wed, 18 Jan 2023 04:23:46 GMT",
        "x-ms-version": "2021-08-06"
      },
      "RequestBody": null,
      "StatusCode": 404,
      "ResponseHeaders": {
        "Date": "Wed, 18 Jan 2023 04:23:45 GMT",
        "Server": [
          "Windows-Azure-Blob/1.0",
          "Microsoft-HTTPAPI/2.0"
        ],
        "Transfer-Encoding": "chunked",
        "Vary": "Origin",
        "x-ms-error-code": "BlobNotFound",
        "x-ms-version": "2021-08-06"
      },
      "ResponseBody": null
    },
    {
      "RequestUri": "https://sadnuammrwdeilc.blob.core.windows.net/c33afa53-c-849b34dd-03cb-5e3f-b041-8d17606f2ddc/train_src/train.py?skoid=ab3f5d04-98db-441d-97a8-f558ea82f4ef\u0026sktid=72f988bf-86f1-41af-91ab-2d7cd011db47\u0026skt=2023-01-17T23%3A58%3A03Z\u0026ske=2023-01-19T08%3A08%3A03Z\u0026sks=b\u0026skv=2019-07-07\u0026sv=2021-08-06\u0026st=2023-01-18T04%3A13%3A46Z\u0026se=2023-01-18T12%3A23%3A46Z\u0026sr=c\u0026sp=rcwl\u0026sig=lzTg5Eqav0ATruwCDme85pT3Aoy44gX59IKmVjy5s48%3D",
      "RequestMethod": "PUT",
      "RequestHeaders": {
        "Accept": "application/xml",
        "Accept-Encoding": "gzip, deflate",
        "Connection": "keep-alive",
        "Content-Length": "2336",
        "Content-MD5": "IzgpwNGZG0RRzsa9OgvFyw==",
        "Content-Type": "application/octet-stream",
        "If-None-Match": "*",
        "User-Agent": "azsdk-python-storage-blob/12.14.1 Python/3.7.9 (Windows-10-10.0.22621-SP0)",
        "x-ms-blob-type": "BlockBlob",
        "x-ms-date": "Wed, 18 Jan 2023 04:23:46 GMT",
        "x-ms-version": "2021-08-06"
      },
      "RequestBody": "aW1wb3J0IGFyZ3BhcnNlCmltcG9ydCBvcwppbXBvcnQgcGlja2xlCmZyb20gcGF0aGxpYiBpbXBvcnQgUGF0aAoKaW1wb3J0IHBhbmRhcyBhcyBwZApmcm9tIHNrbGVhcm4ubGluZWFyX21vZGVsIGltcG9ydCBMaW5lYXJSZWdyZXNzaW9uCmZyb20gc2tsZWFybi5tb2RlbF9zZWxlY3Rpb24gaW1wb3J0IHRyYWluX3Rlc3Rfc3BsaXQKCnBhcnNlciA9IGFyZ3BhcnNlLkFyZ3VtZW50UGFyc2VyKCJ0cmFpbiIpCnBhcnNlci5hZGRfYXJndW1lbnQoIi0tdHJhaW5pbmdfZGF0YSIsIHR5cGU9c3RyLCBoZWxwPSJQYXRoIHRvIHRyYWluaW5nIGRhdGEiKQpwYXJzZXIuYWRkX2FyZ3VtZW50KCItLXRlc3RfZGF0YSIsIHR5cGU9c3RyLCBoZWxwPSJQYXRoIHRvIHRlc3QgZGF0YSIpCnBhcnNlci5hZGRfYXJndW1lbnQoIi0tbW9kZWxfb3V0cHV0IiwgdHlwZT1zdHIsIGhlbHA9IlBhdGggb2Ygb3V0cHV0IG1vZGVsIikKCmFyZ3MgPSBwYXJzZXIucGFyc2VfYXJncygpCgpwcmludCgiaGVsbG8gdHJhaW5pbmcgd29ybGQuLi4iKQoKbGluZXMgPSBbCiAgICBmIlRyYWluaW5nIGRhdGEgcGF0aDoge2FyZ3MudHJhaW5pbmdfZGF0YX0iLAogICAgZiJUZXN0IGRhdGEgcGF0aDoge2FyZ3MudGVzdF9kYXRhfSIsCiAgICBmIk1vZGVsIG91dHB1dCBwYXRoOiB7YXJncy5tb2RlbF9vdXRwdXR9IiwKXQoKZm9yIGxpbmUgaW4gbGluZXM6CiAgICBwcmludChsaW5lKQoKcHJpbnQoIm1vdW50ZWRfcGF0aCBmaWxlczogIikKYXJyID0gb3MubGlzdGRpcihhcmdzLnRyYWluaW5nX2RhdGEpCnByaW50KGFycikKCmRmX2xpc3QgPSBbXQpmb3IgZmlsZW5hbWUgaW4gYXJyOgogICAgcHJpbnQoInJlYWRpbmcgZmlsZTogJXMgLi4uIiAlIGZpbGVuYW1lKQogICAgd2l0aCBvcGVuKG9zLnBhdGguam9pbihhcmdzLnRyYWluaW5nX2RhdGEsIGZpbGVuYW1lKSwgInIiKSBhcyBoYW5kbGU6CiAgICAgICAgIyBwcmludCAoaGFuZGxlLnJlYWQoKSkKICAgICAgICBpbnB1dF9kZiA9IHBkLnJlYWRfY3N2KChQYXRoKGFyZ3MudHJhaW5pbmdfZGF0YSkgLyBmaWxlbmFtZSkpCiAgICAgICAgZGZfbGlzdC5hcHBlbmQoaW5wdXRfZGYpCgp0cmFpbl9kYXRhID0gZGZfbGlzdFswXQpwcmludCh0cmFpbl9kYXRhLmNvbHVtbnMpCgojIFNwbGl0IHRoZSBkYXRhIGludG8gaW5wdXQoWCkgYW5kIG91dHB1dCh5KQp5ID0gdHJhaW5fZGF0YVsiY29zdCJdCiMgWCA9IHRyYWluX2RhdGEuZHJvcChbJ2Nvc3QnXSwgYXhpcz0xKQpYID0gdHJhaW5fZGF0YVsKICAgIFsKICAgICAgICAiZGlzdGFuY2UiLAogICAgICAgICJkcm9wb2ZmX2xhdGl0dWRlIiwKICAgICAgICAiZHJvcG9mZl9sb25naXR1ZGUiLAogICAgICAgICJwYXNzZW5nZXJzIiwKICAgICAgICAicGlja3VwX2xhdGl0dWRlIiwKICAgICAgICAicGlja3VwX2xvbmdpdHVkZSIsCiAgICAgICAgInN0b3JlX2ZvcndhcmQiLAogICAgICAgICJ2ZW5kb3IiLAogICAgICAgICJwaWNrdXBfd2Vla2RheSIsCiAgICAgICAgInBpY2t1cF9tb250aCIsCiAgICAgICAgInBpY2t1cF9tb250aGRheSIsCiAgICAgICAgInBpY2t1cF9ob3VyIiwKICAgICAgICAicGlja3VwX21pbnV0ZSIsCiAgICAgICAgInBpY2t1cF9zZWNvbmQiLAogICAgICAgICJkcm9wb2ZmX3dlZWtkYXkiLAogICAgICAgICJkcm9wb2ZmX21vbnRoIiwKICAgICAgICAiZHJvcG9mZl9tb250aGRheSIsCiAgICAgICAgImRyb3BvZmZfaG91ciIsCiAgICAgICAgImRyb3BvZmZfbWludXRlIiwKICAgICAgICAiZHJvcG9mZl9zZWNvbmQiLAogICAgXQpdCgojIFNwbGl0IHRoZSBkYXRhIGludG8gdHJhaW4gYW5kIHRlc3Qgc2V0cwp0cmFpblgsIHRlc3RYLCB0cmFpbnksIHRlc3R5ID0gdHJhaW5fdGVzdF9zcGxpdChYLCB5LCB0ZXN0X3NpemU9MC4zLCByYW5kb21fc3RhdGU9NDIpCnByaW50KHRyYWluWC5zaGFwZSkKcHJpbnQodHJhaW5YLmNvbHVtbnMpCgojIFRyYWluIGEgTGluZWFyIFJlZ3Jlc3Npb24gTW9kZWwgd2l0aCB0aGUgdHJhaW4gc2V0Cm1vZGVsID0gTGluZWFyUmVncmVzc2lvbigpLmZpdCh0cmFpblgsIHRyYWlueSkKcHJpbnQobW9kZWwuc2NvcmUodHJhaW5YLCB0cmFpbnkpKQoKCiMgT3V0cHV0IHRoZSBtb2RlbCBhbmQgdGVzdCBkYXRhCnBpY2tsZS5kdW1wKG1vZGVsLCBvcGVuKChQYXRoKGFyZ3MubW9kZWxfb3V0cHV0KSAvICJtb2RlbC5zYXYiKSwgIndiIikpCiMgdGVzdF9kYXRhID0gcGQuRGF0YUZyYW1lKHRlc3RYLCBjb2x1bW5zID0gKQp0ZXN0WFsiY29zdCJdID0gdGVzdHkKcHJpbnQodGVzdFguc2hhcGUpCnRlc3RfZGF0YSA9IHRlc3RYLnRvX2NzdigoUGF0aChhcmdzLnRlc3RfZGF0YSkgLyAidGVzdF9kYXRhLmNzdiIpKQo=",
      "StatusCode": 201,
      "ResponseHeaders": {
        "Content-Length": "0",
        "Content-MD5": "IzgpwNGZG0RRzsa9OgvFyw==",
        "Date": "Wed, 18 Jan 2023 04:23:46 GMT",
        "ETag": "\u00220x8DAF90BCAE49EF9\u0022",
        "Last-Modified": "Wed, 18 Jan 2023 04:23:47 GMT",
        "Server": [
          "Windows-Azure-Blob/1.0",
          "Microsoft-HTTPAPI/2.0"
        ],
        "x-ms-content-crc64": "VeO85J2jQo0=",
        "x-ms-request-server-encrypted": "true",
        "x-ms-version": "2021-08-06"
      },
      "ResponseBody": null
    },
    {
      "RequestUri": "https://sadnuammrwdeilc.blob.core.windows.net/c33afa53-c-849b34dd-03cb-5e3f-b041-8d17606f2ddc/train_src/train.py?comp=metadata\u0026skoid=ab3f5d04-98db-441d-97a8-f558ea82f4ef\u0026sktid=72f988bf-86f1-41af-91ab-2d7cd011db47\u0026skt=2023-01-17T23%3A58%3A03Z\u0026ske=2023-01-19T08%3A08%3A03Z\u0026sks=b\u0026skv=2019-07-07\u0026sv=2021-08-06\u0026st=2023-01-18T04%3A13%3A46Z\u0026se=2023-01-18T12%3A23%3A46Z\u0026sr=c\u0026sp=rcwl\u0026sig=lzTg5Eqav0ATruwCDme85pT3Aoy44gX59IKmVjy5s48%3D",
      "RequestMethod": "PUT",
      "RequestHeaders": {
        "Accept": "application/xml",
        "Accept-Encoding": "gzip, deflate",
        "Connection": "keep-alive",
        "Content-Length": "0",
        "User-Agent": "azsdk-python-storage-blob/12.14.1 Python/3.7.9 (Windows-10-10.0.22621-SP0)",
        "x-ms-date": "Wed, 18 Jan 2023 04:23:47 GMT",
        "x-ms-meta-name": "9d67d79d-81c8-40e5-86c0-11f03b7fa525",
        "x-ms-meta-upload_status": "completed",
        "x-ms-meta-version": "1",
        "x-ms-version": "2021-08-06"
      },
      "RequestBody": null,
      "StatusCode": 200,
      "ResponseHeaders": {
        "Content-Length": "0",
        "Date": "Wed, 18 Jan 2023 04:23:46 GMT",
        "ETag": "\u00220x8DAF90BCB201893\u0022",
        "Last-Modified": "Wed, 18 Jan 2023 04:23:47 GMT",
        "Server": [
          "Windows-Azure-Blob/1.0",
          "Microsoft-HTTPAPI/2.0"
        ],
        "x-ms-request-server-encrypted": "true",
        "x-ms-version": "2021-08-06"
      },
      "ResponseBody": null
    },
    {
      "RequestUri": "https://management.azure.com/subscriptions/00000000-0000-0000-0000-000000000/resourceGroups/00000/providers/Microsoft.MachineLearningServices/workspaces/00000/codes/942ef78e-966d-45d6-807d-ec3bd2194f8d/versions/1?api-version=2022-05-01",
      "RequestMethod": "PUT",
      "RequestHeaders": {
        "Accept": "application/json",
        "Accept-Encoding": "gzip, deflate",
        "Connection": "keep-alive",
        "Content-Length": "252",
        "Content-Type": "application/json",
        "User-Agent": "azure-ai-ml/1.4.0 azsdk-python-mgmt-machinelearningservices/0.1.0 Python/3.7.9 (Windows-10-10.0.22621-SP0)"
      },
      "RequestBody": {
        "properties": {
          "properties": {
            "hash_sha256": "0000000000000",
            "hash_version": "0000000000000"
          },
          "isAnonymous": true,
          "isArchived": false,
          "codeUri": "https://sadnuammrwdeilc.blob.core.windows.net:443/c33afa53-c-aed98858-2f81-5b4c-a641-3393022dfd66/predict_src"
        }
      },
      "StatusCode": 201,
      "ResponseHeaders": {
        "Cache-Control": "no-cache",
        "Content-Length": "780",
        "Content-Type": "application/json; charset=utf-8",
        "Date": "Wed, 18 Jan 2023 04:23:46 GMT",
        "Expires": "-1",
        "Location": "https://management.azure.com/subscriptions/00000000-0000-0000-0000-000000000/resourceGroups/00000/providers/Microsoft.MachineLearningServices/workspaces/00000/codes/942ef78e-966d-45d6-807d-ec3bd2194f8d/versions/1?api-version=2022-05-01",
        "Pragma": "no-cache",
        "Request-Context": "appId=cid-v1:2d2e8e63-272e-4b3c-8598-4ee570a0e70d",
        "Server-Timing": "traceparent;desc=\u002200-c6cd29ed4d37df0db95e669d8efd66b2-de91eacef9aa9021-00\u0022",
        "Strict-Transport-Security": "max-age=31536000; includeSubDomains",
        "x-aml-cluster": "vienna-eastus2-01",
        "X-Content-Type-Options": "nosniff",
        "x-ms-correlation-request-id": "b22033bd-f03b-43da-9328-0363ad398a17",
        "x-ms-ratelimit-remaining-subscription-writes": "1187",
        "x-ms-response-type": "standard",
        "x-ms-routing-request-id": "WESTUS2:20230118T042347Z:b22033bd-f03b-43da-9328-0363ad398a17",
        "x-request-time": "0.186"
      },
      "ResponseBody": {
        "id": "/subscriptions/00000000-0000-0000-0000-000000000/resourceGroups/00000/providers/Microsoft.MachineLearningServices/workspaces/00000/codes/942ef78e-966d-45d6-807d-ec3bd2194f8d/versions/1",
        "name": "1",
        "type": "Microsoft.MachineLearningServices/workspaces/codes/versions",
        "properties": {
          "description": null,
          "tags": {},
          "properties": {
            "hash_sha256": "0000000000000",
            "hash_version": "0000000000000"
          },
          "isArchived": false,
          "isAnonymous": false,
          "codeUri": "https://sadnuammrwdeilc.blob.core.windows.net:443/c33afa53-c-aed98858-2f81-5b4c-a641-3393022dfd66/predict_src"
        },
        "systemData": {
          "createdAt": "2023-01-18T04:23:47.3445769\u002B00:00",
          "createdBy": "Diondra Peck",
          "createdByType": "User",
          "lastModifiedAt": "2023-01-18T04:23:47.3445769\u002B00:00",
          "lastModifiedBy": "Diondra Peck",
          "lastModifiedByType": "User"
        }
      }
    },
    {
      "RequestUri": "https://management.azure.com/subscriptions/00000000-0000-0000-0000-000000000/resourceGroups/00000/providers/Microsoft.MachineLearningServices/workspaces/00000/codes/fe35d527-a366-47b6-9671-b34bce087216/versions/1?api-version=2022-05-01",
      "RequestMethod": "PUT",
      "RequestHeaders": {
        "Accept": "application/json",
        "Accept-Encoding": "gzip, deflate",
        "Connection": "keep-alive",
        "Content-Length": "250",
        "Content-Type": "application/json",
        "User-Agent": "azure-ai-ml/1.4.0 azsdk-python-mgmt-machinelearningservices/0.1.0 Python/3.7.9 (Windows-10-10.0.22621-SP0)"
      },
      "RequestBody": {
        "properties": {
          "properties": {
            "hash_sha256": "0000000000000",
            "hash_version": "0000000000000"
          },
          "isAnonymous": true,
          "isArchived": false,
          "codeUri": "https://sadnuammrwdeilc.blob.core.windows.net:443/c33afa53-c-bc8312d7-e0ed-5dfc-8174-5916e28bfb91/score_src"
        }
      },
      "StatusCode": 201,
      "ResponseHeaders": {
        "Cache-Control": "no-cache",
        "Content-Length": "778",
        "Content-Type": "application/json; charset=utf-8",
        "Date": "Wed, 18 Jan 2023 04:23:47 GMT",
        "Expires": "-1",
        "Location": "https://management.azure.com/subscriptions/00000000-0000-0000-0000-000000000/resourceGroups/00000/providers/Microsoft.MachineLearningServices/workspaces/00000/codes/fe35d527-a366-47b6-9671-b34bce087216/versions/1?api-version=2022-05-01",
        "Pragma": "no-cache",
        "Request-Context": "appId=cid-v1:2d2e8e63-272e-4b3c-8598-4ee570a0e70d",
        "Server-Timing": "traceparent;desc=\u002200-24aea12cf87b6d856d46d457e359c67a-d457d15d9d5fcb59-00\u0022",
        "Strict-Transport-Security": "max-age=31536000; includeSubDomains",
        "x-aml-cluster": "vienna-eastus2-01",
        "X-Content-Type-Options": "nosniff",
        "x-ms-correlation-request-id": "237dbcb9-5ff4-40bb-882f-ffd24008b482",
        "x-ms-ratelimit-remaining-subscription-writes": "1199",
        "x-ms-response-type": "standard",
        "x-ms-routing-request-id": "WESTUS2:20230118T042347Z:237dbcb9-5ff4-40bb-882f-ffd24008b482",
        "x-request-time": "0.210"
      },
      "ResponseBody": {
        "id": "/subscriptions/00000000-0000-0000-0000-000000000/resourceGroups/00000/providers/Microsoft.MachineLearningServices/workspaces/00000/codes/fe35d527-a366-47b6-9671-b34bce087216/versions/1",
        "name": "1",
        "type": "Microsoft.MachineLearningServices/workspaces/codes/versions",
        "properties": {
          "description": null,
          "tags": {},
          "properties": {
            "hash_sha256": "0000000000000",
            "hash_version": "0000000000000"
          },
          "isArchived": false,
          "isAnonymous": false,
          "codeUri": "https://sadnuammrwdeilc.blob.core.windows.net:443/c33afa53-c-bc8312d7-e0ed-5dfc-8174-5916e28bfb91/score_src"
        },
        "systemData": {
          "createdAt": "2023-01-18T04:23:47.7012727\u002B00:00",
          "createdBy": "Diondra Peck",
          "createdByType": "User",
          "lastModifiedAt": "2023-01-18T04:23:47.7012727\u002B00:00",
          "lastModifiedBy": "Diondra Peck",
          "lastModifiedByType": "User"
        }
      }
    },
    {
      "RequestUri": "https://management.azure.com/subscriptions/00000000-0000-0000-0000-000000000/resourceGroups/00000/providers/Microsoft.MachineLearningServices/workspaces/00000/codes/9d67d79d-81c8-40e5-86c0-11f03b7fa525/versions/1?api-version=2022-05-01",
      "RequestMethod": "PUT",
      "RequestHeaders": {
        "Accept": "application/json",
        "Accept-Encoding": "gzip, deflate",
        "Connection": "keep-alive",
        "Content-Length": "250",
        "Content-Type": "application/json",
        "User-Agent": "azure-ai-ml/1.4.0 azsdk-python-mgmt-machinelearningservices/0.1.0 Python/3.7.9 (Windows-10-10.0.22621-SP0)"
      },
      "RequestBody": {
        "properties": {
          "properties": {
            "hash_sha256": "0000000000000",
            "hash_version": "0000000000000"
          },
          "isAnonymous": true,
          "isArchived": false,
          "codeUri": "https://sadnuammrwdeilc.blob.core.windows.net:443/c33afa53-c-849b34dd-03cb-5e3f-b041-8d17606f2ddc/train_src"
        }
      },
      "StatusCode": 201,
      "ResponseHeaders": {
        "Cache-Control": "no-cache",
        "Content-Length": "778",
        "Content-Type": "application/json; charset=utf-8",
        "Date": "Wed, 18 Jan 2023 04:23:48 GMT",
        "Expires": "-1",
        "Location": "https://management.azure.com/subscriptions/00000000-0000-0000-0000-000000000/resourceGroups/00000/providers/Microsoft.MachineLearningServices/workspaces/00000/codes/9d67d79d-81c8-40e5-86c0-11f03b7fa525/versions/1?api-version=2022-05-01",
        "Pragma": "no-cache",
        "Request-Context": "appId=cid-v1:2d2e8e63-272e-4b3c-8598-4ee570a0e70d",
        "Server-Timing": "traceparent;desc=\u002200-7b120fd5c26024bfc0854de2306ba1ba-4e205bfd08c14bfb-00\u0022",
        "Strict-Transport-Security": "max-age=31536000; includeSubDomains",
        "x-aml-cluster": "vienna-eastus2-02",
        "X-Content-Type-Options": "nosniff",
        "x-ms-correlation-request-id": "961efe6e-7521-43ad-be89-739570db487b",
        "x-ms-ratelimit-remaining-subscription-writes": "1199",
        "x-ms-response-type": "standard",
        "x-ms-routing-request-id": "WESTUS2:20230118T042348Z:961efe6e-7521-43ad-be89-739570db487b",
        "x-request-time": "0.248"
      },
      "ResponseBody": {
        "id": "/subscriptions/00000000-0000-0000-0000-000000000/resourceGroups/00000/providers/Microsoft.MachineLearningServices/workspaces/00000/codes/9d67d79d-81c8-40e5-86c0-11f03b7fa525/versions/1",
        "name": "1",
        "type": "Microsoft.MachineLearningServices/workspaces/codes/versions",
        "properties": {
          "description": null,
          "tags": {},
          "properties": {
            "hash_sha256": "0000000000000",
            "hash_version": "0000000000000"
          },
          "isArchived": false,
          "isAnonymous": false,
          "codeUri": "https://sadnuammrwdeilc.blob.core.windows.net:443/c33afa53-c-849b34dd-03cb-5e3f-b041-8d17606f2ddc/train_src"
        },
        "systemData": {
          "createdAt": "2023-01-18T04:23:48.3988535\u002B00:00",
          "createdBy": "Diondra Peck",
          "createdByType": "User",
          "lastModifiedAt": "2023-01-18T04:23:48.3988535\u002B00:00",
          "lastModifiedBy": "Diondra Peck",
          "lastModifiedByType": "User"
        }
      }
    },
    {
      "RequestUri": "https://management.azure.com/subscriptions/00000000-0000-0000-0000-000000000/resourceGroups/00000/providers/Microsoft.MachineLearningServices/workspaces/00000/components/azureml_anonymous/versions/8956ec41-d318-ebc8-75cb-779f61e76bb1?api-version=2022-10-01",
      "RequestMethod": "PUT",
      "RequestHeaders": {
        "Accept": "application/json",
        "Accept-Encoding": "gzip, deflate",
        "Connection": "keep-alive",
        "Content-Length": "803",
        "Content-Type": "application/json",
        "User-Agent": "azure-ai-ml/1.4.0 azsdk-python-mgmt-machinelearningservices/0.1.0 Python/3.7.9 (Windows-10-10.0.22621-SP0)"
      },
      "RequestBody": {
        "properties": {
          "properties": {},
          "tags": {},
          "isAnonymous": true,
          "isArchived": false,
          "componentSpec": {
            "command": "python score.py --predictions ${{inputs.predictions}} --model ${{inputs.model}} --score_report ${{outputs.score_report}}",
            "code": "azureml:/subscriptions/00000000-0000-0000-0000-000000000/resourceGroups/00000/providers/Microsoft.MachineLearningServices/workspaces/00000/codes/fe35d527-a366-47b6-9671-b34bce087216/versions/1",
            "environment": "azureml:AzureML-sklearn-0.24-ubuntu18.04-py37-cuda11-gpu:3",
            "name": "score_model",
            "version": "1",
            "display_name": "ScoreModel",
            "is_deterministic": true,
            "inputs": {
              "predictions": {
                "type": "uri_folder"
              },
              "model": {
                "type": "uri_folder"
              }
            },
            "outputs": {
              "score_report": {
                "type": "uri_folder"
              }
            },
            "type": "command",
            "_source": "YAML.COMPONENT"
          }
        }
      },
      "StatusCode": 201,
      "ResponseHeaders": {
        "Cache-Control": "no-cache",
        "Content-Length": "1903",
        "Content-Type": "application/json; charset=utf-8",
        "Date": "Wed, 18 Jan 2023 04:23:48 GMT",
        "Expires": "-1",
        "Location": "https://management.azure.com/subscriptions/00000000-0000-0000-0000-000000000/resourceGroups/00000/providers/Microsoft.MachineLearningServices/workspaces/00000/components/azureml_anonymous/versions/8956ec41-d318-ebc8-75cb-779f61e76bb1?api-version=2022-10-01",
        "Pragma": "no-cache",
        "Request-Context": "appId=cid-v1:2d2e8e63-272e-4b3c-8598-4ee570a0e70d",
        "Server-Timing": "traceparent;desc=\u002200-a84f09f4f5e55cc04226a501df927839-40f943fa1d69bf03-00\u0022",
        "Strict-Transport-Security": "max-age=31536000; includeSubDomains",
        "x-aml-cluster": "vienna-eastus2-01",
        "X-Content-Type-Options": "nosniff",
        "x-ms-correlation-request-id": "583bf399-e7dc-4e54-962d-dae377c25767",
        "x-ms-ratelimit-remaining-subscription-writes": "1198",
        "x-ms-response-type": "standard",
        "x-ms-routing-request-id": "WESTUS2:20230118T042348Z:583bf399-e7dc-4e54-962d-dae377c25767",
        "x-request-time": "0.416"
      },
      "ResponseBody": {
        "id": "/subscriptions/00000000-0000-0000-0000-000000000/resourceGroups/00000/providers/Microsoft.MachineLearningServices/workspaces/00000/components/azureml_anonymous/versions/f2886e76-ed07-42c1-bf12-3b56cbae3b48",
        "name": "f2886e76-ed07-42c1-bf12-3b56cbae3b48",
        "type": "Microsoft.MachineLearningServices/workspaces/components/versions",
        "properties": {
          "description": null,
          "tags": {},
          "properties": {},
          "isArchived": false,
          "isAnonymous": true,
          "componentSpec": {
            "name": "azureml_anonymous",
            "version": "f2886e76-ed07-42c1-bf12-3b56cbae3b48",
            "display_name": "ScoreModel",
            "is_deterministic": "True",
            "type": "command",
            "inputs": {
              "predictions": {
                "type": "uri_folder",
                "optional": "False"
              },
              "model": {
                "type": "uri_folder",
                "optional": "False"
              }
            },
            "outputs": {
              "score_report": {
                "type": "uri_folder"
              }
            },
            "code": "azureml:/subscriptions/00000000-0000-0000-0000-000000000/resourceGroups/00000/providers/Microsoft.MachineLearningServices/workspaces/00000/codes/fe35d527-a366-47b6-9671-b34bce087216/versions/1",
            "environment": "azureml://registries/azureml/environments/AzureML-sklearn-0.24-ubuntu18.04-py37-cuda11-gpu/versions/3",
            "resources": {
              "instance_count": "1"
            },
            "command": "python score.py --predictions ${{inputs.predictions}} --model ${{inputs.model}} --score_report ${{outputs.score_report}}",
            "$schema": "https://componentsdk.azureedge.net/jsonschema/CommandComponent.json"
          }
        },
        "systemData": {
          "createdAt": "2023-01-18T04:23:48.6645544\u002B00:00",
          "createdBy": "Diondra Peck",
          "createdByType": "User",
          "lastModifiedAt": "2023-01-18T04:23:48.6645544\u002B00:00",
          "lastModifiedBy": "Diondra Peck",
          "lastModifiedByType": "User"
        }
      }
    },
    {
      "RequestUri": "https://management.azure.com/subscriptions/00000000-0000-0000-0000-000000000/resourceGroups/00000/providers/Microsoft.MachineLearningServices/workspaces/00000/codes/32986aaf-8a9f-4dae-9960-225d751f672a/versions/1?api-version=2022-05-01",
      "RequestMethod": "PUT",
      "RequestHeaders": {
        "Accept": "application/json",
        "Accept-Encoding": "gzip, deflate",
        "Connection": "keep-alive",
        "Content-Length": "254",
        "Content-Type": "application/json",
        "User-Agent": "azure-ai-ml/1.4.0 azsdk-python-mgmt-machinelearningservices/0.1.0 Python/3.7.9 (Windows-10-10.0.22621-SP0)"
      },
      "RequestBody": {
        "properties": {
          "properties": {
            "hash_sha256": "0000000000000",
            "hash_version": "0000000000000"
          },
          "isAnonymous": true,
          "isArchived": false,
          "codeUri": "https://sadnuammrwdeilc.blob.core.windows.net:443/c33afa53-c-686d87fb-2a6a-5172-a4a7-f6e2eaea829d/transform_src"
        }
      },
      "StatusCode": 201,
      "ResponseHeaders": {
        "Cache-Control": "no-cache",
        "Content-Length": "782",
        "Content-Type": "application/json; charset=utf-8",
        "Date": "Wed, 18 Jan 2023 04:23:48 GMT",
        "Expires": "-1",
        "Location": "https://management.azure.com/subscriptions/00000000-0000-0000-0000-000000000/resourceGroups/00000/providers/Microsoft.MachineLearningServices/workspaces/00000/codes/32986aaf-8a9f-4dae-9960-225d751f672a/versions/1?api-version=2022-05-01",
        "Pragma": "no-cache",
        "Request-Context": "appId=cid-v1:2d2e8e63-272e-4b3c-8598-4ee570a0e70d",
        "Server-Timing": "traceparent;desc=\u002200-7b602440c62cc479f81af9dd5db3c729-d6715cefa113a4ea-00\u0022",
        "Strict-Transport-Security": "max-age=31536000; includeSubDomains",
        "x-aml-cluster": "vienna-eastus2-02",
        "X-Content-Type-Options": "nosniff",
        "x-ms-correlation-request-id": "f2bf00ce-fca9-4271-af81-30bbd3cbd7cd",
        "x-ms-ratelimit-remaining-subscription-writes": "1199",
        "x-ms-response-type": "standard",
        "x-ms-routing-request-id": "WESTUS2:20230118T042349Z:f2bf00ce-fca9-4271-af81-30bbd3cbd7cd",
        "x-request-time": "0.306"
      },
      "ResponseBody": {
        "id": "/subscriptions/00000000-0000-0000-0000-000000000/resourceGroups/00000/providers/Microsoft.MachineLearningServices/workspaces/00000/codes/32986aaf-8a9f-4dae-9960-225d751f672a/versions/1",
        "name": "1",
        "type": "Microsoft.MachineLearningServices/workspaces/codes/versions",
        "properties": {
          "description": null,
          "tags": {},
          "properties": {
            "hash_sha256": "0000000000000",
            "hash_version": "0000000000000"
          },
          "isArchived": false,
          "isAnonymous": false,
          "codeUri": "https://sadnuammrwdeilc.blob.core.windows.net:443/c33afa53-c-686d87fb-2a6a-5172-a4a7-f6e2eaea829d/transform_src"
        },
        "systemData": {
          "createdAt": "2023-01-18T04:23:49.0788805\u002B00:00",
          "createdBy": "Diondra Peck",
          "createdByType": "User",
          "lastModifiedAt": "2023-01-18T04:23:49.0788805\u002B00:00",
          "lastModifiedBy": "Diondra Peck",
          "lastModifiedByType": "User"
        }
      }
    },
    {
      "RequestUri": "https://management.azure.com/subscriptions/00000000-0000-0000-0000-000000000/resourceGroups/00000/providers/Microsoft.MachineLearningServices/workspaces/00000/components/azureml_anonymous/versions/f5a4d43e-8ece-14e4-1e78-bfb68c745271?api-version=2022-10-01",
      "RequestMethod": "PUT",
      "RequestHeaders": {
        "Accept": "application/json",
        "Accept-Encoding": "gzip, deflate",
        "Connection": "keep-alive",
        "Content-Length": "827",
        "Content-Type": "application/json",
        "User-Agent": "azure-ai-ml/1.4.0 azsdk-python-mgmt-machinelearningservices/0.1.0 Python/3.7.9 (Windows-10-10.0.22621-SP0)"
      },
      "RequestBody": {
        "properties": {
          "properties": {},
          "tags": {},
          "isAnonymous": true,
          "isArchived": false,
          "componentSpec": {
            "command": "python predict.py --model_input ${{inputs.model_input}} --test_data ${{inputs.test_data}} --predictions ${{outputs.predictions}}",
            "code": "azureml:/subscriptions/00000000-0000-0000-0000-000000000/resourceGroups/00000/providers/Microsoft.MachineLearningServices/workspaces/00000/codes/942ef78e-966d-45d6-807d-ec3bd2194f8d/versions/1",
            "environment": "azureml:AzureML-sklearn-0.24-ubuntu18.04-py37-cuda11-gpu:3",
            "name": "predict_taxi_fares",
            "version": "1",
            "display_name": "PredictTaxiFares",
            "is_deterministic": true,
            "inputs": {
              "model_input": {
                "type": "uri_folder"
              },
              "test_data": {
                "type": "uri_folder"
              }
            },
            "outputs": {
              "predictions": {
                "type": "uri_folder"
              }
            },
            "type": "command",
            "_source": "YAML.COMPONENT"
          }
        }
      },
      "StatusCode": 201,
      "ResponseHeaders": {
        "Cache-Control": "no-cache",
        "Content-Length": "1920",
        "Content-Type": "application/json; charset=utf-8",
        "Date": "Wed, 18 Jan 2023 04:23:47 GMT",
        "Expires": "-1",
        "Location": "https://management.azure.com/subscriptions/00000000-0000-0000-0000-000000000/resourceGroups/00000/providers/Microsoft.MachineLearningServices/workspaces/00000/components/azureml_anonymous/versions/f5a4d43e-8ece-14e4-1e78-bfb68c745271?api-version=2022-10-01",
        "Pragma": "no-cache",
        "Request-Context": "appId=cid-v1:2d2e8e63-272e-4b3c-8598-4ee570a0e70d",
        "Server-Timing": "traceparent;desc=\u002200-cc5f127a342c002d3a8649112fc4564c-f36f257c232fec28-00\u0022",
        "Strict-Transport-Security": "max-age=31536000; includeSubDomains",
        "x-aml-cluster": "vienna-eastus2-01",
        "X-Content-Type-Options": "nosniff",
        "x-ms-correlation-request-id": "d0b953f3-2b01-49af-827a-961beca0c1e9",
        "x-ms-ratelimit-remaining-subscription-writes": "1186",
        "x-ms-response-type": "standard",
        "x-ms-routing-request-id": "WESTUS2:20230118T042348Z:d0b953f3-2b01-49af-827a-961beca0c1e9",
        "x-request-time": "0.512"
      },
      "ResponseBody": {
        "id": "/subscriptions/00000000-0000-0000-0000-000000000/resourceGroups/00000/providers/Microsoft.MachineLearningServices/workspaces/00000/components/azureml_anonymous/versions/9b8e0b52-3848-4479-ba98-555dcf42ddb7",
        "name": "9b8e0b52-3848-4479-ba98-555dcf42ddb7",
        "type": "Microsoft.MachineLearningServices/workspaces/components/versions",
        "properties": {
          "description": null,
          "tags": {},
          "properties": {},
          "isArchived": false,
          "isAnonymous": true,
          "componentSpec": {
            "name": "azureml_anonymous",
            "version": "9b8e0b52-3848-4479-ba98-555dcf42ddb7",
            "display_name": "PredictTaxiFares",
            "is_deterministic": "True",
            "type": "command",
            "inputs": {
              "model_input": {
                "type": "uri_folder",
                "optional": "False"
              },
              "test_data": {
                "type": "uri_folder",
                "optional": "False"
              }
            },
            "outputs": {
              "predictions": {
                "type": "uri_folder"
              }
            },
            "code": "azureml:/subscriptions/00000000-0000-0000-0000-000000000/resourceGroups/00000/providers/Microsoft.MachineLearningServices/workspaces/00000/codes/942ef78e-966d-45d6-807d-ec3bd2194f8d/versions/1",
            "environment": "azureml://registries/azureml/environments/AzureML-sklearn-0.24-ubuntu18.04-py37-cuda11-gpu/versions/3",
            "resources": {
              "instance_count": "1"
            },
            "command": "python predict.py --model_input ${{inputs.model_input}} --test_data ${{inputs.test_data}} --predictions ${{outputs.predictions}}",
            "$schema": "https://componentsdk.azureedge.net/jsonschema/CommandComponent.json"
          }
        },
        "systemData": {
          "createdAt": "2023-01-18T04:23:48.2011693\u002B00:00",
          "createdBy": "Diondra Peck",
          "createdByType": "User",
          "lastModifiedAt": "2023-01-18T04:23:48.2011693\u002B00:00",
          "lastModifiedBy": "Diondra Peck",
          "lastModifiedByType": "User"
        }
      }
    },
    {
      "RequestUri": "https://management.azure.com/subscriptions/00000000-0000-0000-0000-000000000/resourceGroups/00000/providers/Microsoft.MachineLearningServices/workspaces/00000/components/azureml_anonymous/versions/e57c6177-f960-94b6-d6f0-ff7392703018?api-version=2022-10-01",
      "RequestMethod": "PUT",
      "RequestHeaders": {
        "Accept": "application/json",
        "Accept-Encoding": "gzip, deflate",
        "Connection": "keep-alive",
        "Content-Length": "856",
        "Content-Type": "application/json",
        "User-Agent": "azure-ai-ml/1.4.0 azsdk-python-mgmt-machinelearningservices/0.1.0 Python/3.7.9 (Windows-10-10.0.22621-SP0)"
      },
      "RequestBody": {
        "properties": {
          "properties": {},
          "tags": {},
          "isAnonymous": true,
          "isArchived": false,
          "componentSpec": {
            "command": "python train.py --training_data ${{inputs.training_data}} --test_data ${{outputs.test_data}} --model_output ${{outputs.model_output}}",
            "code": "azureml:/subscriptions/00000000-0000-0000-0000-000000000/resourceGroups/00000/providers/Microsoft.MachineLearningServices/workspaces/00000/codes/9d67d79d-81c8-40e5-86c0-11f03b7fa525/versions/1",
            "environment": "azureml:AzureML-sklearn-0.24-ubuntu18.04-py37-cuda11-gpu:3",
            "name": "train_linear_regression_model",
            "version": "1",
            "display_name": "TrainLinearRegressionModel",
            "is_deterministic": true,
            "inputs": {
              "training_data": {
                "type": "uri_folder"
              }
            },
            "outputs": {
              "model_output": {
                "type": "uri_folder"
              },
              "test_data": {
                "type": "uri_folder"
              }
            },
            "type": "command",
            "_source": "YAML.COMPONENT"
          }
        }
      },
      "StatusCode": 201,
      "ResponseHeaders": {
        "Cache-Control": "no-cache",
        "Content-Length": "1907",
        "Content-Type": "application/json; charset=utf-8",
        "Date": "Wed, 18 Jan 2023 04:23:49 GMT",
        "Expires": "-1",
        "Location": "https://management.azure.com/subscriptions/00000000-0000-0000-0000-000000000/resourceGroups/00000/providers/Microsoft.MachineLearningServices/workspaces/00000/components/azureml_anonymous/versions/e57c6177-f960-94b6-d6f0-ff7392703018?api-version=2022-10-01",
        "Pragma": "no-cache",
        "Request-Context": "appId=cid-v1:2d2e8e63-272e-4b3c-8598-4ee570a0e70d",
        "Server-Timing": "traceparent;desc=\u002200-6b485ed80b530883d38ce4975dbc76c5-5fa0ab65060a426b-00\u0022",
        "Strict-Transport-Security": "max-age=31536000; includeSubDomains",
        "x-aml-cluster": "vienna-eastus2-02",
        "X-Content-Type-Options": "nosniff",
        "x-ms-correlation-request-id": "cf9d3c81-98ed-4d14-9249-13176cda30e8",
        "x-ms-ratelimit-remaining-subscription-writes": "1198",
        "x-ms-response-type": "standard",
        "x-ms-routing-request-id": "WESTUS2:20230118T042349Z:cf9d3c81-98ed-4d14-9249-13176cda30e8",
        "x-request-time": "0.444"
      },
      "ResponseBody": {
        "id": "/subscriptions/00000000-0000-0000-0000-000000000/resourceGroups/00000/providers/Microsoft.MachineLearningServices/workspaces/00000/components/azureml_anonymous/versions/b25bc51a-d341-4325-a6a1-4f8986247a41",
        "name": "b25bc51a-d341-4325-a6a1-4f8986247a41",
        "type": "Microsoft.MachineLearningServices/workspaces/components/versions",
        "properties": {
          "description": null,
          "tags": {},
          "properties": {},
          "isArchived": false,
          "isAnonymous": true,
          "componentSpec": {
            "name": "azureml_anonymous",
            "version": "b25bc51a-d341-4325-a6a1-4f8986247a41",
            "display_name": "TrainLinearRegressionModel",
            "is_deterministic": "True",
            "type": "command",
            "inputs": {
              "training_data": {
                "type": "uri_folder",
                "optional": "False"
              }
            },
            "outputs": {
              "model_output": {
                "type": "uri_folder"
              },
              "test_data": {
                "type": "uri_folder"
              }
            },
            "code": "azureml:/subscriptions/00000000-0000-0000-0000-000000000/resourceGroups/00000/providers/Microsoft.MachineLearningServices/workspaces/00000/codes/9d67d79d-81c8-40e5-86c0-11f03b7fa525/versions/1",
            "environment": "azureml://registries/azureml/environments/AzureML-sklearn-0.24-ubuntu18.04-py37-cuda11-gpu/versions/3",
            "resources": {
              "instance_count": "1"
            },
            "command": "python train.py --training_data ${{inputs.training_data}} --test_data ${{outputs.test_data}} --model_output ${{outputs.model_output}}",
            "$schema": "https://componentsdk.azureedge.net/jsonschema/CommandComponent.json"
          }
        },
        "systemData": {
          "createdAt": "2023-01-18T04:23:49.4111337\u002B00:00",
          "createdBy": "Diondra Peck",
          "createdByType": "User",
          "lastModifiedAt": "2023-01-18T04:23:49.4111337\u002B00:00",
          "lastModifiedBy": "Diondra Peck",
          "lastModifiedByType": "User"
        }
      }
    },
    {
      "RequestUri": "https://management.azure.com/subscriptions/00000000-0000-0000-0000-000000000/resourceGroups/00000/providers/Microsoft.MachineLearningServices/workspaces/00000/components/azureml_anonymous/versions/6dad9fd4-df86-02fc-65fc-ee5fdb4192ac?api-version=2022-10-01",
      "RequestMethod": "PUT",
      "RequestHeaders": {
        "Accept": "application/json",
        "Accept-Encoding": "gzip, deflate",
        "Connection": "keep-alive",
        "Content-Length": "782",
        "Content-Type": "application/json",
        "User-Agent": "azure-ai-ml/1.4.0 azsdk-python-mgmt-machinelearningservices/0.1.0 Python/3.7.9 (Windows-10-10.0.22621-SP0)"
      },
      "RequestBody": {
        "properties": {
          "properties": {},
          "tags": {},
          "isAnonymous": true,
          "isArchived": false,
          "componentSpec": {
            "command": "python transform.py --clean_data ${{inputs.clean_data}} --transformed_data ${{outputs.transformed_data}}",
            "code": "azureml:/subscriptions/00000000-0000-0000-0000-000000000/resourceGroups/00000/providers/Microsoft.MachineLearningServices/workspaces/00000/codes/32986aaf-8a9f-4dae-9960-225d751f672a/versions/1",
            "environment": "azureml:AzureML-sklearn-0.24-ubuntu18.04-py37-cuda11-gpu:3",
            "name": "taxi_feature_engineering",
            "version": "1",
            "display_name": "TaxiFeatureEngineering",
            "is_deterministic": true,
            "inputs": {
              "clean_data": {
                "type": "uri_folder"
              }
            },
            "outputs": {
              "transformed_data": {
                "type": "uri_folder"
              }
            },
            "type": "command",
            "_source": "YAML.COMPONENT"
          }
        }
      },
      "StatusCode": 201,
      "ResponseHeaders": {
        "Cache-Control": "no-cache",
        "Content-Length": "1808",
        "Content-Type": "application/json; charset=utf-8",
        "Date": "Wed, 18 Jan 2023 04:23:49 GMT",
        "Expires": "-1",
        "Location": "https://management.azure.com/subscriptions/00000000-0000-0000-0000-000000000/resourceGroups/00000/providers/Microsoft.MachineLearningServices/workspaces/00000/components/azureml_anonymous/versions/6dad9fd4-df86-02fc-65fc-ee5fdb4192ac?api-version=2022-10-01",
        "Pragma": "no-cache",
        "Request-Context": "appId=cid-v1:2d2e8e63-272e-4b3c-8598-4ee570a0e70d",
        "Server-Timing": "traceparent;desc=\u002200-b959fd503b5deabdfd630123383c88d9-aa00e2da2945e04a-00\u0022",
        "Strict-Transport-Security": "max-age=31536000; includeSubDomains",
        "x-aml-cluster": "vienna-eastus2-02",
        "X-Content-Type-Options": "nosniff",
        "x-ms-correlation-request-id": "94e80c01-0115-4a56-ae9a-448c5faf25d6",
        "x-ms-ratelimit-remaining-subscription-writes": "1198",
        "x-ms-response-type": "standard",
        "x-ms-routing-request-id": "WESTUS2:20230118T042350Z:94e80c01-0115-4a56-ae9a-448c5faf25d6",
        "x-request-time": "0.469"
      },
      "ResponseBody": {
        "id": "/subscriptions/00000000-0000-0000-0000-000000000/resourceGroups/00000/providers/Microsoft.MachineLearningServices/workspaces/00000/components/azureml_anonymous/versions/ef2f1b50-0468-4a52-8940-bd21d8dab616",
        "name": "ef2f1b50-0468-4a52-8940-bd21d8dab616",
        "type": "Microsoft.MachineLearningServices/workspaces/components/versions",
        "properties": {
          "description": null,
          "tags": {},
          "properties": {},
          "isArchived": false,
          "isAnonymous": true,
          "componentSpec": {
            "name": "azureml_anonymous",
            "version": "ef2f1b50-0468-4a52-8940-bd21d8dab616",
            "display_name": "TaxiFeatureEngineering",
            "is_deterministic": "True",
            "type": "command",
            "inputs": {
              "clean_data": {
                "type": "uri_folder",
                "optional": "False"
              }
            },
            "outputs": {
              "transformed_data": {
                "type": "uri_folder"
              }
            },
            "code": "azureml:/subscriptions/00000000-0000-0000-0000-000000000/resourceGroups/00000/providers/Microsoft.MachineLearningServices/workspaces/00000/codes/32986aaf-8a9f-4dae-9960-225d751f672a/versions/1",
            "environment": "azureml://registries/azureml/environments/AzureML-sklearn-0.24-ubuntu18.04-py37-cuda11-gpu/versions/3",
            "resources": {
              "instance_count": "1"
            },
            "command": "python transform.py --clean_data ${{inputs.clean_data}} --transformed_data ${{outputs.transformed_data}}",
            "$schema": "https://componentsdk.azureedge.net/jsonschema/CommandComponent.json"
          }
        },
        "systemData": {
          "createdAt": "2023-01-18T04:23:50.228793\u002B00:00",
          "createdBy": "Diondra Peck",
          "createdByType": "User",
          "lastModifiedAt": "2023-01-18T04:23:50.228793\u002B00:00",
          "lastModifiedBy": "Diondra Peck",
          "lastModifiedByType": "User"
        }
      }
    },
    {
      "RequestUri": "https://management.azure.com/subscriptions/00000000-0000-0000-0000-000000000/resourceGroups/00000/providers/Microsoft.MachineLearningServices/workspaces/00000/codes/91bfba57-351b-47a6-af95-fcb880bdb3d9/versions/1?api-version=2022-05-01",
      "RequestMethod": "PUT",
      "RequestHeaders": {
        "Accept": "application/json",
        "Accept-Encoding": "gzip, deflate",
        "Connection": "keep-alive",
        "Content-Length": "249",
        "Content-Type": "application/json",
        "User-Agent": "azure-ai-ml/1.4.0 azsdk-python-mgmt-machinelearningservices/0.1.0 Python/3.7.9 (Windows-10-10.0.22621-SP0)"
      },
      "RequestBody": {
        "properties": {
          "properties": {
            "hash_sha256": "0000000000000",
            "hash_version": "0000000000000"
          },
          "isAnonymous": true,
          "isArchived": false,
          "codeUri": "https://sadnuammrwdeilc.blob.core.windows.net:443/c33afa53-c-d6fe7e50-6fdf-5f1e-9378-c8b28d906187/prep_src"
        }
      },
      "StatusCode": 201,
      "ResponseHeaders": {
        "Cache-Control": "no-cache",
        "Content-Length": "775",
        "Content-Type": "application/json; charset=utf-8",
        "Date": "Wed, 18 Jan 2023 04:28:53 GMT",
        "Expires": "-1",
        "Location": "https://management.azure.com/subscriptions/00000000-0000-0000-0000-000000000/resourceGroups/00000/providers/Microsoft.MachineLearningServices/workspaces/00000/codes/91bfba57-351b-47a6-af95-fcb880bdb3d9/versions/1?api-version=2022-05-01",
        "Pragma": "no-cache",
        "Request-Context": "appId=cid-v1:2d2e8e63-272e-4b3c-8598-4ee570a0e70d",
        "Server-Timing": "traceparent;desc=\u002200-7280645e81808b1bc8d7208999c37c6c-26079b96bb8bab82-00\u0022",
        "Strict-Transport-Security": "max-age=31536000; includeSubDomains",
        "x-aml-cluster": "vienna-eastus2-01",
        "X-Content-Type-Options": "nosniff",
        "x-ms-correlation-request-id": "95ebba8b-cc55-4193-9cdb-25be0462da3c",
        "x-ms-ratelimit-remaining-subscription-writes": "1199",
        "x-ms-response-type": "standard",
        "x-ms-routing-request-id": "WESTUS:20230118T042853Z:95ebba8b-cc55-4193-9cdb-25be0462da3c",
        "x-request-time": "0.462"
      },
      "ResponseBody": {
        "id": "/subscriptions/00000000-0000-0000-0000-000000000/resourceGroups/00000/providers/Microsoft.MachineLearningServices/workspaces/00000/codes/91bfba57-351b-47a6-af95-fcb880bdb3d9/versions/1",
        "name": "1",
        "type": "Microsoft.MachineLearningServices/workspaces/codes/versions",
        "properties": {
          "description": null,
          "tags": {},
          "properties": {
            "hash_sha256": "0000000000000",
            "hash_version": "0000000000000"
          },
          "isArchived": false,
          "isAnonymous": false,
          "codeUri": "https://sadnuammrwdeilc.blob.core.windows.net:443/c33afa53-c-d6fe7e50-6fdf-5f1e-9378-c8b28d906187/prep_src"
        },
        "systemData": {
          "createdAt": "2023-01-18T04:28:53.566273\u002B00:00",
          "createdBy": "Diondra Peck",
          "createdByType": "User",
          "lastModifiedAt": "2023-01-18T04:28:53.566273\u002B00:00",
          "lastModifiedBy": "Diondra Peck",
          "lastModifiedByType": "User"
        }
      }
    },
    {
      "RequestUri": "https://management.azure.com/subscriptions/00000000-0000-0000-0000-000000000/resourceGroups/00000/providers/Microsoft.MachineLearningServices/workspaces/00000/components/azureml_anonymous/versions/df63151a-95c9-a7d9-433d-c8ffd402e342?api-version=2022-10-01",
      "RequestMethod": "PUT",
      "RequestHeaders": {
        "Accept": "application/json",
        "Accept-Encoding": "gzip, deflate",
        "Connection": "keep-alive",
        "Content-Length": "730",
        "Content-Type": "application/json",
        "User-Agent": "azure-ai-ml/1.4.0 azsdk-python-mgmt-machinelearningservices/0.1.0 Python/3.7.9 (Windows-10-10.0.22621-SP0)"
      },
      "RequestBody": {
        "properties": {
          "properties": {},
          "tags": {},
          "isAnonymous": true,
          "isArchived": false,
          "componentSpec": {
            "command": "python prep.py --raw_data ${{inputs.raw_data}} --prep_data ${{outputs.prep_data}}",
            "code": "azureml:/subscriptions/00000000-0000-0000-0000-000000000/resourceGroups/00000/providers/Microsoft.MachineLearningServices/workspaces/00000/codes/91bfba57-351b-47a6-af95-fcb880bdb3d9/versions/1",
            "environment": "azureml:AzureML-sklearn-0.24-ubuntu18.04-py37-cuda11-gpu:3",
            "name": "prep_taxi_data",
            "version": "1",
            "display_name": "PrepTaxiData",
            "is_deterministic": true,
            "inputs": {
              "raw_data": {
                "type": "uri_folder"
              }
            },
            "outputs": {
              "prep_data": {
                "type": "uri_folder"
              }
            },
            "type": "command",
            "_source": "YAML.COMPONENT"
          }
        }
      },
      "StatusCode": 201,
      "ResponseHeaders": {
        "Cache-Control": "no-cache",
        "Content-Length": "1768",
        "Content-Type": "application/json; charset=utf-8",
        "Date": "Wed, 18 Jan 2023 04:28:55 GMT",
        "Expires": "-1",
        "Location": "https://management.azure.com/subscriptions/00000000-0000-0000-0000-000000000/resourceGroups/00000/providers/Microsoft.MachineLearningServices/workspaces/00000/components/azureml_anonymous/versions/df63151a-95c9-a7d9-433d-c8ffd402e342?api-version=2022-10-01",
        "Pragma": "no-cache",
        "Request-Context": "appId=cid-v1:2d2e8e63-272e-4b3c-8598-4ee570a0e70d",
        "Server-Timing": "traceparent;desc=\u002200-16727759befdf1f075573f62df1b190b-e26b64c1c1092177-00\u0022",
        "Strict-Transport-Security": "max-age=31536000; includeSubDomains",
        "x-aml-cluster": "vienna-eastus2-01",
        "X-Content-Type-Options": "nosniff",
        "x-ms-correlation-request-id": "f684a14e-353f-4858-98c7-34a4c56eb69c",
        "x-ms-ratelimit-remaining-subscription-writes": "1198",
        "x-ms-response-type": "standard",
        "x-ms-routing-request-id": "WESTUS:20230118T042855Z:f684a14e-353f-4858-98c7-34a4c56eb69c",
        "x-request-time": "0.909"
      },
      "ResponseBody": {
        "id": "/subscriptions/00000000-0000-0000-0000-000000000/resourceGroups/00000/providers/Microsoft.MachineLearningServices/workspaces/00000/components/azureml_anonymous/versions/c69dca0b-db86-4421-a1f9-3a222211abb4",
        "name": "c69dca0b-db86-4421-a1f9-3a222211abb4",
        "type": "Microsoft.MachineLearningServices/workspaces/components/versions",
        "properties": {
          "description": null,
          "tags": {},
          "properties": {},
          "isArchived": false,
          "isAnonymous": true,
          "componentSpec": {
            "name": "azureml_anonymous",
            "version": "c69dca0b-db86-4421-a1f9-3a222211abb4",
            "display_name": "PrepTaxiData",
            "is_deterministic": "True",
            "type": "command",
            "inputs": {
              "raw_data": {
                "type": "uri_folder",
                "optional": "False"
              }
            },
            "outputs": {
              "prep_data": {
                "type": "uri_folder"
              }
            },
            "code": "azureml:/subscriptions/00000000-0000-0000-0000-000000000/resourceGroups/00000/providers/Microsoft.MachineLearningServices/workspaces/00000/codes/91bfba57-351b-47a6-af95-fcb880bdb3d9/versions/1",
            "environment": "azureml://registries/azureml/environments/AzureML-sklearn-0.24-ubuntu18.04-py37-cuda11-gpu/versions/3",
            "resources": {
              "instance_count": "1"
            },
            "command": "python prep.py --raw_data ${{inputs.raw_data}} --prep_data ${{outputs.prep_data}}",
            "$schema": "https://componentsdk.azureedge.net/jsonschema/CommandComponent.json"
          }
        },
        "systemData": {
          "createdAt": "2023-01-18T04:28:55.1592702\u002B00:00",
          "createdBy": "Diondra Peck",
          "createdByType": "User",
          "lastModifiedAt": "2023-01-18T04:28:55.1592702\u002B00:00",
          "lastModifiedBy": "Diondra Peck",
          "lastModifiedByType": "User"
        }
      }
    },
    {
      "RequestUri": "https://management.azure.com/subscriptions/00000000-0000-0000-0000-000000000/resourceGroups/00000/providers/Microsoft.MachineLearningServices/workspaces/00000/datastores/workspaceblobstore?api-version=2022-10-01",
      "RequestMethod": "GET",
      "RequestHeaders": {
        "Accept": "application/json",
        "Accept-Encoding": "gzip, deflate",
        "Connection": "keep-alive",
        "User-Agent": "azure-ai-ml/1.4.0 azsdk-python-mgmt-machinelearningservices/0.1.0 Python/3.7.9 (Windows-10-10.0.22621-SP0)"
      },
      "RequestBody": null,
      "StatusCode": 200,
      "ResponseHeaders": {
        "Cache-Control": "no-cache",
        "Content-Encoding": "gzip",
        "Content-Type": "application/json; charset=utf-8",
        "Date": "Wed, 18 Jan 2023 04:28:55 GMT",
        "Expires": "-1",
        "Pragma": "no-cache",
        "Request-Context": "appId=cid-v1:2d2e8e63-272e-4b3c-8598-4ee570a0e70d",
        "Server-Timing": "traceparent;desc=\u002200-5143b8fc57c4a757d59a1aebfdba122b-5be15896a4b404c4-00\u0022",
        "Strict-Transport-Security": "max-age=31536000; includeSubDomains",
        "Transfer-Encoding": "chunked",
        "Vary": [
          "Accept-Encoding",
          "Accept-Encoding"
        ],
        "x-aml-cluster": "vienna-eastus2-01",
        "X-Content-Type-Options": "nosniff",
        "x-ms-correlation-request-id": "0ff20e99-6f79-4797-a835-1cace9738012",
        "x-ms-ratelimit-remaining-subscription-reads": "11999",
        "x-ms-response-type": "standard",
        "x-ms-routing-request-id": "WESTUS:20230118T042855Z:0ff20e99-6f79-4797-a835-1cace9738012",
        "x-request-time": "0.102"
      },
      "ResponseBody": {
        "id": "/subscriptions/00000000-0000-0000-0000-000000000/resourceGroups/00000/providers/Microsoft.MachineLearningServices/workspaces/00000/datastores/workspaceblobstore",
        "name": "workspaceblobstore",
        "type": "Microsoft.MachineLearningServices/workspaces/datastores",
        "properties": {
          "description": null,
          "tags": null,
          "properties": null,
          "isDefault": true,
          "credentials": {
            "credentialsType": "AccountKey"
          },
          "datastoreType": "AzureBlob",
          "accountName": "sadnuammrwdeilc",
          "containerName": "azureml-blobstore-c33afa53-cead-40f1-8d1d-ac5976604612",
          "endpoint": "core.windows.net",
          "protocol": "https",
          "serviceDataAccessAuthIdentity": "WorkspaceSystemAssignedIdentity"
        },
        "systemData": {
          "createdAt": "2023-01-17T23:08:21.8676998\u002B00:00",
          "createdBy": "779301c0-18b2-4cdc-801b-a0a3368fee0a",
          "createdByType": "Application",
          "lastModifiedAt": "2023-01-17T23:08:22.378308\u002B00:00",
          "lastModifiedBy": "779301c0-18b2-4cdc-801b-a0a3368fee0a",
          "lastModifiedByType": "Application"
        }
      }
    },
    {
      "RequestUri": "https://management.azure.com/subscriptions/00000000-0000-0000-0000-000000000/resourceGroups/00000/providers/Microsoft.MachineLearningServices/workspaces/00000/datastores/workspaceblobstore/listSecrets?api-version=2022-10-01",
      "RequestMethod": "POST",
      "RequestHeaders": {
        "Accept": "application/json",
        "Accept-Encoding": "gzip, deflate",
        "Connection": "keep-alive",
        "Content-Length": "0",
        "User-Agent": "azure-ai-ml/1.4.0 azsdk-python-mgmt-machinelearningservices/0.1.0 Python/3.7.9 (Windows-10-10.0.22621-SP0)"
      },
      "RequestBody": null,
      "StatusCode": 200,
      "ResponseHeaders": {
        "Cache-Control": "no-cache",
        "Content-Encoding": "gzip",
        "Content-Type": "application/json; charset=utf-8",
        "Date": "Wed, 18 Jan 2023 04:28:56 GMT",
        "Expires": "-1",
        "Pragma": "no-cache",
        "Request-Context": "appId=cid-v1:2d2e8e63-272e-4b3c-8598-4ee570a0e70d",
        "Server-Timing": "traceparent;desc=\u002200-6cf27b002fcdff06d98f0b5843d15770-66b912c51715fc66-00\u0022",
        "Strict-Transport-Security": "max-age=31536000; includeSubDomains",
        "Transfer-Encoding": "chunked",
        "Vary": "Accept-Encoding",
        "x-aml-cluster": "vienna-eastus2-01",
        "X-Content-Type-Options": "nosniff",
        "x-ms-correlation-request-id": "9a63fc31-2311-47d7-80be-cb9a20b7b6e3",
        "x-ms-ratelimit-remaining-subscription-writes": "1199",
        "x-ms-response-type": "standard",
        "x-ms-routing-request-id": "WESTUS:20230118T042856Z:9a63fc31-2311-47d7-80be-cb9a20b7b6e3",
        "x-request-time": "0.105"
      },
      "ResponseBody": {
        "secretsType": "AccountKey",
        "key": "dGhpcyBpcyBmYWtlIGtleQ=="
      }
    },
    {
      "RequestUri": "https://sadnuammrwdeilc.blob.core.windows.net/azureml-blobstore-c33afa53-cead-40f1-8d1d-ac5976604612/LocalUpload/00000000000000000000000000000000/data/greenTaxiData.csv",
      "RequestMethod": "HEAD",
      "RequestHeaders": {
        "Accept": "application/xml",
        "Accept-Encoding": "gzip, deflate",
        "Connection": "keep-alive",
        "User-Agent": "azsdk-python-storage-blob/12.14.1 Python/3.7.9 (Windows-10-10.0.22621-SP0)",
        "x-ms-date": "Wed, 18 Jan 2023 04:28:56 GMT",
        "x-ms-version": "2021-08-06"
      },
      "RequestBody": null,
      "StatusCode": 200,
      "ResponseHeaders": {
        "Accept-Ranges": "bytes",
        "Content-Length": "825765",
        "Content-MD5": "kp1vj7pGK9AZd92/gxE7xQ==",
        "Content-Type": "application/octet-stream",
        "Date": "Wed, 18 Jan 2023 04:28:57 GMT",
        "ETag": "\u00220x8DAF8F776DD2284\u0022",
        "Last-Modified": "Wed, 18 Jan 2023 01:58:16 GMT",
        "Server": [
          "Windows-Azure-Blob/1.0",
          "Microsoft-HTTPAPI/2.0"
        ],
        "Vary": "Origin",
        "x-ms-access-tier": "Hot",
        "x-ms-access-tier-inferred": "true",
        "x-ms-blob-type": "BlockBlob",
        "x-ms-creation-time": "Wed, 18 Jan 2023 01:58:15 GMT",
        "x-ms-lease-state": "available",
        "x-ms-lease-status": "unlocked",
        "x-ms-meta-name": "958a68ef-4272-40bf-90c6-8afcb3fbcce4",
        "x-ms-meta-upload_status": "completed",
        "x-ms-meta-version": "bb541f81-452e-4fa5-a5af-15bb788987fc",
        "x-ms-server-encrypted": "true",
        "x-ms-version": "2021-08-06"
      },
      "ResponseBody": null
    },
    {
      "RequestUri": "https://sadnuammrwdeilc.blob.core.windows.net/azureml-blobstore-c33afa53-cead-40f1-8d1d-ac5976604612/az-ml-artifacts/00000000000000000000000000000000/data/greenTaxiData.csv",
      "RequestMethod": "HEAD",
      "RequestHeaders": {
        "Accept": "application/xml",
        "Accept-Encoding": "gzip, deflate",
        "Connection": "keep-alive",
        "User-Agent": "azsdk-python-storage-blob/12.14.1 Python/3.7.9 (Windows-10-10.0.22621-SP0)",
        "x-ms-date": "Wed, 18 Jan 2023 04:28:58 GMT",
        "x-ms-version": "2021-08-06"
      },
      "RequestBody": null,
      "StatusCode": 404,
      "ResponseHeaders": {
        "Date": "Wed, 18 Jan 2023 04:28:57 GMT",
        "Server": [
          "Windows-Azure-Blob/1.0",
          "Microsoft-HTTPAPI/2.0"
        ],
        "Transfer-Encoding": "chunked",
        "Vary": "Origin",
        "x-ms-error-code": "BlobNotFound",
        "x-ms-version": "2021-08-06"
      },
      "ResponseBody": null
    },
    {
      "RequestUri": "https://management.azure.com/subscriptions/00000000-0000-0000-0000-000000000/resourceGroups/00000/providers/Microsoft.MachineLearningServices/workspaces/00000/jobs/000000000000000000000?api-version=2022-10-01-preview",
      "RequestMethod": "PUT",
      "RequestHeaders": {
        "Accept": "application/json",
        "Accept-Encoding": "gzip, deflate",
        "Connection": "keep-alive",
        "Content-Length": "4247",
        "Content-Type": "application/json",
        "User-Agent": "azure-ai-ml/1.4.0 azsdk-python-mgmt-machinelearningservices/0.1.0 Python/3.7.9 (Windows-10-10.0.22621-SP0)"
      },
      "RequestBody": {
        "properties": {
          "properties": {},
          "tags": {},
          "computeId": "/subscriptions/00000000-0000-0000-0000-000000000/resourceGroups/00000/providers/Microsoft.MachineLearningServices/workspaces/00000/computes/cpu-cluster",
          "displayName": "sample_pipeline",
          "experimentName": "nyc_taxi_data_regression",
          "isArchived": false,
          "jobType": "Pipeline",
          "inputs": {
            "pipeline_job_input": {
              "uri": "azureml://datastores/workspaceblobstore/paths/LocalUpload/00000000000000000000000000000000/data/",
              "jobInputType": "uri_folder"
            }
          },
          "jobs": {
            "prep_job": {
              "name": "prep_job",
              "type": "command",
              "inputs": {
                "raw_data": {
                  "job_input_type": "literal",
                  "value": "${{parent.inputs.pipeline_job_input}}"
                }
              },
              "outputs": {
                "prep_data": {
                  "value": "${{parent.outputs.pipeline_job_prepped_data}}",
                  "type": "literal"
                }
              },
              "_source": "YAML.COMPONENT",
              "componentId": "/subscriptions/00000000-0000-0000-0000-000000000/resourceGroups/00000/providers/Microsoft.MachineLearningServices/workspaces/00000/components/azureml_anonymous/versions/c69dca0b-db86-4421-a1f9-3a222211abb4"
            },
            "transform_job": {
              "name": "transform_job",
              "type": "command",
              "inputs": {
                "clean_data": {
                  "job_input_type": "literal",
                  "value": "${{parent.jobs.prep_job.outputs.prep_data}}"
                }
              },
              "outputs": {
                "transformed_data": {
                  "value": "${{parent.outputs.pipeline_job_transformed_data}}",
                  "type": "literal"
                }
              },
              "_source": "YAML.COMPONENT",
              "componentId": "/subscriptions/00000000-0000-0000-0000-000000000/resourceGroups/00000/providers/Microsoft.MachineLearningServices/workspaces/00000/components/azureml_anonymous/versions/ef2f1b50-0468-4a52-8940-bd21d8dab616"
            },
            "train_job": {
              "name": "train_job",
              "type": "command",
              "inputs": {
                "training_data": {
                  "job_input_type": "literal",
                  "value": "${{parent.jobs.transform_job.outputs.transformed_data}}"
                }
              },
              "outputs": {
                "model_output": {
                  "value": "${{parent.outputs.pipeline_job_trained_model}}",
                  "type": "literal"
                },
                "test_data": {
                  "value": "${{parent.outputs.pipeline_job_test_data}}",
                  "type": "literal"
                }
              },
              "_source": "YAML.COMPONENT",
              "componentId": "/subscriptions/00000000-0000-0000-0000-000000000/resourceGroups/00000/providers/Microsoft.MachineLearningServices/workspaces/00000/components/azureml_anonymous/versions/b25bc51a-d341-4325-a6a1-4f8986247a41"
            },
            "predict_job": {
              "name": "predict_job",
              "type": "command",
              "inputs": {
                "model_input": {
                  "job_input_type": "literal",
                  "value": "${{parent.jobs.train_job.outputs.model_output}}"
                },
                "test_data": {
                  "job_input_type": "literal",
                  "value": "${{parent.jobs.train_job.outputs.test_data}}"
                }
              },
              "outputs": {
                "predictions": {
                  "value": "${{parent.outputs.pipeline_job_predictions}}",
                  "type": "literal"
                }
              },
              "_source": "YAML.COMPONENT",
              "componentId": "/subscriptions/00000000-0000-0000-0000-000000000/resourceGroups/00000/providers/Microsoft.MachineLearningServices/workspaces/00000/components/azureml_anonymous/versions/9b8e0b52-3848-4479-ba98-555dcf42ddb7"
            },
            "score_job": {
              "name": "score_job",
              "type": "command",
              "inputs": {
                "predictions": {
                  "job_input_type": "literal",
                  "value": "${{parent.jobs.predict_job.outputs.predictions}}"
                },
                "model": {
                  "job_input_type": "literal",
                  "value": "${{parent.jobs.train_job.outputs.model_output}}"
                }
              },
              "outputs": {
                "score_report": {
                  "value": "${{parent.outputs.pipeline_job_score_report}}",
                  "type": "literal"
                }
              },
              "_source": "YAML.COMPONENT",
              "componentId": "/subscriptions/00000000-0000-0000-0000-000000000/resourceGroups/00000/providers/Microsoft.MachineLearningServices/workspaces/00000/components/azureml_anonymous/versions/f2886e76-ed07-42c1-bf12-3b56cbae3b48"
            }
          },
          "outputs": {
            "pipeline_job_prepped_data": {
              "mode": "ReadWriteMount",
              "jobOutputType": "uri_folder"
            },
            "pipeline_job_transformed_data": {
              "mode": "ReadWriteMount",
              "jobOutputType": "uri_folder"
            },
            "pipeline_job_trained_model": {
              "mode": "ReadWriteMount",
              "jobOutputType": "uri_folder"
            },
            "pipeline_job_test_data": {
              "mode": "ReadWriteMount",
              "jobOutputType": "uri_folder"
            },
            "pipeline_job_predictions": {
              "mode": "ReadWriteMount",
              "jobOutputType": "uri_folder"
            },
            "pipeline_job_score_report": {
              "mode": "ReadWriteMount",
              "jobOutputType": "uri_folder"
            }
          },
          "settings": {
            "default_datastore": "/subscriptions/00000000-0000-0000-0000-000000000/resourceGroups/00000/providers/Microsoft.MachineLearningServices/workspaces/00000/datastores/workspaceblobstore",
            "_source": "DSL"
          }
        }
      },
      "StatusCode": 201,
      "ResponseHeaders": {
        "Cache-Control": "no-cache",
        "Content-Length": "7657",
        "Content-Type": "application/json; charset=utf-8",
        "Date": "Wed, 18 Jan 2023 04:29:03 GMT",
        "Expires": "-1",
        "Location": "https://management.azure.com/subscriptions/00000000-0000-0000-0000-000000000/resourceGroups/00000/providers/Microsoft.MachineLearningServices/workspaces/00000/jobs/000000000000000000000?api-version=2022-10-01-preview",
        "Pragma": "no-cache",
        "Request-Context": "appId=cid-v1:2d2e8e63-272e-4b3c-8598-4ee570a0e70d",
        "Server-Timing": "traceparent;desc=\u002200-82444a9b0dc71ce5b7fa17f335c4fb58-724e95edd77655df-00\u0022",
        "Strict-Transport-Security": "max-age=31536000; includeSubDomains",
        "x-aml-cluster": "vienna-eastus2-01",
        "X-Content-Type-Options": "nosniff",
        "x-ms-correlation-request-id": "ba97a684-c658-4451-8f44-6f7d11889f44",
        "x-ms-ratelimit-remaining-subscription-writes": "1197",
        "x-ms-response-type": "standard",
        "x-ms-routing-request-id": "WESTUS:20230118T042903Z:ba97a684-c658-4451-8f44-6f7d11889f44",
        "x-request-time": "4.026"
      },
      "ResponseBody": {
        "id": "/subscriptions/00000000-0000-0000-0000-000000000/resourceGroups/00000/providers/Microsoft.MachineLearningServices/workspaces/00000/jobs/000000000000000000000",
        "name": "000000000000000000000",
        "type": "Microsoft.MachineLearningServices/workspaces/jobs",
        "properties": {
          "description": null,
          "tags": {},
          "properties": {
            "azureml.DevPlatv2": "true",
            "azureml.runsource": "azureml.PipelineRun",
            "runSource": "MFE",
            "runType": "HTTP",
            "azureml.parameters": "{}",
            "azureml.continue_on_step_failure": "False",
            "azureml.continue_on_failed_optional_input": "True",
            "azureml.defaultComputeName": "cpu-cluster",
            "azureml.defaultDataStoreName": "workspaceblobstore",
            "azureml.pipelineComponent": "pipelinerun"
          },
          "displayName": "sample_pipeline",
          "status": "Preparing",
          "experimentName": "nyc_taxi_data_regression",
          "services": {
            "Tracking": {
              "jobServiceType": "Tracking",
              "port": null,
              "endpoint": "azureml://eastus2.api.azureml.ms/mlflow/v1.0/subscriptions/00000000-0000-0000-0000-000000000/resourceGroups/00000/providers/Microsoft.MachineLearningServices/workspaces/00000?",
              "status": null,
              "errorMessage": null,
              "properties": null,
              "nodes": null
            },
            "Studio": {
              "jobServiceType": "Studio",
              "port": null,
              "endpoint": "https://ml.azure.com/runs/000000000000000000000?wsid=/subscriptions/00000000-0000-0000-0000-000000000/resourcegroups/00000/workspaces/00000",
              "status": null,
              "errorMessage": null,
              "properties": null,
              "nodes": null
            }
          },
          "computeId": "/subscriptions/00000000-0000-0000-0000-000000000/resourceGroups/00000/providers/Microsoft.MachineLearningServices/workspaces/00000/computes/cpu-cluster",
          "isArchived": false,
          "identity": null,
          "componentId": null,
          "jobType": "Pipeline",
          "settings": {
            "default_datastore": "/subscriptions/00000000-0000-0000-0000-000000000/resourceGroups/00000/providers/Microsoft.MachineLearningServices/workspaces/00000/datastores/workspaceblobstore",
            "_source": "DSL"
          },
          "jobs": {
            "prep_job": {
              "name": "prep_job",
              "type": "command",
              "inputs": {
                "raw_data": {
                  "job_input_type": "literal",
                  "value": "${{parent.inputs.pipeline_job_input}}"
                }
              },
              "outputs": {
                "prep_data": {
                  "value": "${{parent.outputs.pipeline_job_prepped_data}}",
                  "type": "literal"
                }
              },
              "_source": "YAML.COMPONENT",
              "componentId": "/subscriptions/00000000-0000-0000-0000-000000000/resourceGroups/00000/providers/Microsoft.MachineLearningServices/workspaces/00000/components/azureml_anonymous/versions/c69dca0b-db86-4421-a1f9-3a222211abb4"
            },
            "transform_job": {
              "name": "transform_job",
              "type": "command",
              "inputs": {
                "clean_data": {
                  "job_input_type": "literal",
                  "value": "${{parent.jobs.prep_job.outputs.prep_data}}"
                }
              },
              "outputs": {
                "transformed_data": {
                  "value": "${{parent.outputs.pipeline_job_transformed_data}}",
                  "type": "literal"
                }
              },
              "_source": "YAML.COMPONENT",
              "componentId": "/subscriptions/00000000-0000-0000-0000-000000000/resourceGroups/00000/providers/Microsoft.MachineLearningServices/workspaces/00000/components/azureml_anonymous/versions/ef2f1b50-0468-4a52-8940-bd21d8dab616"
            },
            "train_job": {
              "name": "train_job",
              "type": "command",
              "inputs": {
                "training_data": {
                  "job_input_type": "literal",
                  "value": "${{parent.jobs.transform_job.outputs.transformed_data}}"
                }
              },
              "outputs": {
                "model_output": {
                  "value": "${{parent.outputs.pipeline_job_trained_model}}",
                  "type": "literal"
                },
                "test_data": {
                  "value": "${{parent.outputs.pipeline_job_test_data}}",
                  "type": "literal"
                }
              },
              "_source": "YAML.COMPONENT",
              "componentId": "/subscriptions/00000000-0000-0000-0000-000000000/resourceGroups/00000/providers/Microsoft.MachineLearningServices/workspaces/00000/components/azureml_anonymous/versions/b25bc51a-d341-4325-a6a1-4f8986247a41"
            },
            "predict_job": {
              "name": "predict_job",
              "type": "command",
              "inputs": {
                "model_input": {
                  "job_input_type": "literal",
                  "value": "${{parent.jobs.train_job.outputs.model_output}}"
                },
                "test_data": {
                  "job_input_type": "literal",
                  "value": "${{parent.jobs.train_job.outputs.test_data}}"
                }
              },
              "outputs": {
                "predictions": {
                  "value": "${{parent.outputs.pipeline_job_predictions}}",
                  "type": "literal"
                }
              },
              "_source": "YAML.COMPONENT",
              "componentId": "/subscriptions/00000000-0000-0000-0000-000000000/resourceGroups/00000/providers/Microsoft.MachineLearningServices/workspaces/00000/components/azureml_anonymous/versions/9b8e0b52-3848-4479-ba98-555dcf42ddb7"
            },
            "score_job": {
              "name": "score_job",
              "type": "command",
              "inputs": {
                "predictions": {
                  "job_input_type": "literal",
                  "value": "${{parent.jobs.predict_job.outputs.predictions}}"
                },
                "model": {
                  "job_input_type": "literal",
                  "value": "${{parent.jobs.train_job.outputs.model_output}}"
                }
              },
              "outputs": {
                "score_report": {
                  "value": "${{parent.outputs.pipeline_job_score_report}}",
                  "type": "literal"
                }
              },
              "_source": "YAML.COMPONENT",
              "componentId": "/subscriptions/00000000-0000-0000-0000-000000000/resourceGroups/00000/providers/Microsoft.MachineLearningServices/workspaces/00000/components/azureml_anonymous/versions/f2886e76-ed07-42c1-bf12-3b56cbae3b48"
            }
          },
          "inputs": {
            "pipeline_job_input": {
              "description": null,
              "uri": "azureml://datastores/workspaceblobstore/paths/LocalUpload/00000000000000000000000000000000/data/",
              "mode": "ReadOnlyMount",
              "jobInputType": "uri_folder"
            }
          },
          "outputs": {
            "pipeline_job_prepped_data": {
              "description": null,
              "uri": null,
              "mode": "ReadWriteMount",
              "jobOutputType": "uri_folder"
            },
            "pipeline_job_transformed_data": {
              "description": null,
              "uri": null,
              "mode": "ReadWriteMount",
              "jobOutputType": "uri_folder"
            },
            "pipeline_job_trained_model": {
              "description": null,
              "uri": null,
              "mode": "ReadWriteMount",
              "jobOutputType": "uri_folder"
            },
            "pipeline_job_test_data": {
              "description": null,
              "uri": null,
              "mode": "ReadWriteMount",
              "jobOutputType": "uri_folder"
            },
            "pipeline_job_predictions": {
              "description": null,
              "uri": null,
              "mode": "ReadWriteMount",
              "jobOutputType": "uri_folder"
            },
            "pipeline_job_score_report": {
              "description": null,
              "uri": null,
              "mode": "ReadWriteMount",
              "jobOutputType": "uri_folder"
            }
          },
          "sourceJobId": null
        },
        "systemData": {
          "createdAt": "2023-01-18T04:29:02.9344973\u002B00:00",
          "createdBy": "Diondra Peck",
          "createdByType": "User"
        }
      }
    }
  ],
  "Variables": {}
}
