{
  "Entries": [
    {
      "RequestUri": "https://management.azure.com/subscriptions/00000000-0000-0000-0000-000000000/resourceGroups/00000/providers/Microsoft.MachineLearningServices/workspaces/00000/datastores/workspaceblobstore?api-version=2022-05-01",
      "RequestMethod": "GET",
      "RequestHeaders": {
        "Accept": "application/json",
        "Accept-Encoding": "gzip, deflate",
        "Connection": "keep-alive",
        "User-Agent": "azure-ai-ml/1.1.0 azsdk-python-mgmt-machinelearningservices/0.1.0 Python/3.8.13 (macOS-13.0-arm64-i386-64bit)"
      },
      "RequestBody": null,
      "StatusCode": 200,
      "ResponseHeaders": {
        "Cache-Control": "no-cache",
        "Content-Length": "1068",
        "Content-Type": "application/json; charset=utf-8",
        "Date": "Wed, 09 Nov 2022 07:02:01 GMT",
        "Expires": "-1",
        "Pragma": "no-cache",
        "Request-Context": "appId=cid-v1:2d2e8e63-272e-4b3c-8598-4ee570a0e70d",
        "Server-Timing": "traceparent;desc=\u002200-70b49b8e6670aa458406e1d01a9ab31e-9cd6d6f68c8988d5-00\u0022",
        "Strict-Transport-Security": "max-age=31536000; includeSubDomains",
        "Vary": "Accept-Encoding",
        "x-aml-cluster": "vienna-eastus2-02",
        "X-Content-Type-Options": "nosniff",
        "x-ms-correlation-request-id": "eed28a30-a4b0-4c9c-81ab-40636dfab7fb",
        "x-ms-ratelimit-remaining-subscription-reads": "11875",
        "x-ms-response-type": "standard",
        "x-ms-routing-request-id": "JAPANEAST:20221109T070201Z:eed28a30-a4b0-4c9c-81ab-40636dfab7fb",
        "x-request-time": "0.141"
      },
      "ResponseBody": {
        "id": "/subscriptions/00000000-0000-0000-0000-000000000/resourceGroups/00000/providers/Microsoft.MachineLearningServices/workspaces/00000/datastores/workspaceblobstore",
        "name": "workspaceblobstore",
        "type": "Microsoft.MachineLearningServices/workspaces/datastores",
        "properties": {
          "description": null,
          "tags": null,
          "properties": null,
          "isDefault": true,
          "credentials": {
            "credentialsType": "AccountKey"
          },
          "datastoreType": "AzureBlob",
          "accountName": "sav3u7rijui4cza",
          "containerName": "azureml-blobstore-a6db4a2a-8424-44da-a5a8-d604852f4fc3",
          "endpoint": "core.windows.net",
          "protocol": "https",
          "serviceDataAccessAuthIdentity": "WorkspaceSystemAssignedIdentity"
        },
        "systemData": {
          "createdAt": "2022-10-10T07:43:07.7818269\u002B00:00",
          "createdBy": "779301c0-18b2-4cdc-801b-a0a3368fee0a",
          "createdByType": "Application",
          "lastModifiedAt": "2022-10-10T07:43:08.5293577\u002B00:00",
          "lastModifiedBy": "779301c0-18b2-4cdc-801b-a0a3368fee0a",
          "lastModifiedByType": "Application"
        }
      }
    },
    {
      "RequestUri": "https://management.azure.com/subscriptions/00000000-0000-0000-0000-000000000/resourceGroups/00000/providers/Microsoft.MachineLearningServices/workspaces/00000/datastores/workspaceblobstore/listSecrets?api-version=2022-05-01",
      "RequestMethod": "POST",
      "RequestHeaders": {
        "Accept": "application/json",
        "Accept-Encoding": "gzip, deflate",
        "Connection": "keep-alive",
        "Content-Length": "0",
        "User-Agent": "azure-ai-ml/1.1.0 azsdk-python-mgmt-machinelearningservices/0.1.0 Python/3.8.13 (macOS-13.0-arm64-i386-64bit)"
      },
      "RequestBody": null,
      "StatusCode": 200,
      "ResponseHeaders": {
        "Cache-Control": "no-cache",
        "Content-Length": "61",
        "Content-Type": "application/json; charset=utf-8",
        "Date": "Wed, 09 Nov 2022 07:02:01 GMT",
        "Expires": "-1",
        "Pragma": "no-cache",
        "Request-Context": "appId=cid-v1:2d2e8e63-272e-4b3c-8598-4ee570a0e70d",
        "Server-Timing": "traceparent;desc=\u002200-a722a8a652a4d76c983c1265f641a0d7-b22e3dc8ab95f5e2-00\u0022",
        "Strict-Transport-Security": "max-age=31536000; includeSubDomains",
        "x-aml-cluster": "vienna-eastus2-02",
        "X-Content-Type-Options": "nosniff",
        "x-ms-correlation-request-id": "a378e5f5-98d7-40d0-a152-6062495c5336",
        "x-ms-ratelimit-remaining-subscription-writes": "1133",
        "x-ms-response-type": "standard",
        "x-ms-routing-request-id": "JAPANEAST:20221109T070201Z:a378e5f5-98d7-40d0-a152-6062495c5336",
        "x-request-time": "0.092"
      },
      "ResponseBody": {
        "secretsType": "AccountKey",
        "key": "dGhpcyBpcyBmYWtlIGtleQ=="
      }
    },
    {
      "RequestUri": "https://sav3u7rijui4cza.blob.core.windows.net/azureml-blobstore-a6db4a2a-8424-44da-a5a8-d604852f4fc3/LocalUpload/00000000000000000000000000000000/COMPONENT_PLACEHOLDER",
      "RequestMethod": "HEAD",
      "RequestHeaders": {
        "Accept": "application/xml",
        "Accept-Encoding": "gzip, deflate",
        "Connection": "keep-alive",
        "User-Agent": "azsdk-python-storage-blob/12.13.1 Python/3.8.13 (macOS-13.0-arm64-i386-64bit)",
        "x-ms-date": "Wed, 09 Nov 2022 07:02:01 GMT",
        "x-ms-version": "2021-08-06"
      },
      "RequestBody": null,
      "StatusCode": 200,
      "ResponseHeaders": {
        "Accept-Ranges": "bytes",
        "Content-Length": "35",
        "Content-MD5": "L/DnSpFIn\u002BjaQWc\u002BsUQdcw==",
        "Content-Type": "application/octet-stream",
        "Date": "Wed, 09 Nov 2022 07:02:01 GMT",
        "ETag": "\u00220x8DAC13EFDFF2C0D\u0022",
        "Last-Modified": "Tue, 08 Nov 2022 04:09:11 GMT",
        "Server": [
          "Windows-Azure-Blob/1.0",
          "Microsoft-HTTPAPI/2.0"
        ],
        "Vary": "Origin",
        "x-ms-access-tier": "Hot",
        "x-ms-access-tier-inferred": "true",
        "x-ms-blob-type": "BlockBlob",
        "x-ms-creation-time": "Tue, 08 Nov 2022 04:09:11 GMT",
        "x-ms-lease-state": "available",
        "x-ms-lease-status": "unlocked",
        "x-ms-meta-name": "5d0c2440-3f92-4bf0-a277-a2158e0ee09d",
        "x-ms-meta-upload_status": "completed",
        "x-ms-meta-version": "1",
        "x-ms-server-encrypted": "true",
        "x-ms-version": "2021-08-06"
      },
      "ResponseBody": null
    },
    {
      "RequestUri": "https://sav3u7rijui4cza.blob.core.windows.net/azureml-blobstore-a6db4a2a-8424-44da-a5a8-d604852f4fc3/az-ml-artifacts/00000000000000000000000000000000/COMPONENT_PLACEHOLDER",
      "RequestMethod": "HEAD",
      "RequestHeaders": {
        "Accept": "application/xml",
        "Accept-Encoding": "gzip, deflate",
        "Connection": "keep-alive",
        "User-Agent": "azsdk-python-storage-blob/12.13.1 Python/3.8.13 (macOS-13.0-arm64-i386-64bit)",
        "x-ms-date": "Wed, 09 Nov 2022 07:02:02 GMT",
        "x-ms-version": "2021-08-06"
      },
      "RequestBody": null,
      "StatusCode": 404,
      "ResponseHeaders": {
        "Date": "Wed, 09 Nov 2022 07:02:02 GMT",
        "Server": [
          "Windows-Azure-Blob/1.0",
          "Microsoft-HTTPAPI/2.0"
        ],
        "Transfer-Encoding": "chunked",
        "Vary": "Origin",
        "x-ms-error-code": "BlobNotFound",
        "x-ms-version": "2021-08-06"
      },
      "ResponseBody": null
    },
    {
      "RequestUri": "https://management.azure.com/subscriptions/00000000-0000-0000-0000-000000000/resourceGroups/00000/providers/Microsoft.MachineLearningServices/workspaces/00000/codes/5d0c2440-3f92-4bf0-a277-a2158e0ee09d/versions/1?api-version=2022-05-01",
      "RequestMethod": "PUT",
      "RequestHeaders": {
        "Accept": "application/json",
        "Accept-Encoding": "gzip, deflate",
        "Connection": "keep-alive",
        "Content-Length": "288",
        "Content-Type": "application/json",
        "User-Agent": "azure-ai-ml/1.1.0 azsdk-python-mgmt-machinelearningservices/0.1.0 Python/3.8.13 (macOS-13.0-arm64-i386-64bit)"
      },
      "RequestBody": {
        "properties": {
          "properties": {
            "hash_sha256": "0000000000000",
            "hash_version": "0000000000000"
          },
          "isAnonymous": true,
          "isArchived": false,
          "codeUri": "https://sav3u7rijui4cza.blob.core.windows.net/azureml-blobstore-a6db4a2a-8424-44da-a5a8-d604852f4fc3/LocalUpload/00000000000000000000000000000000"
        }
      },
      "StatusCode": 200,
      "ResponseHeaders": {
        "Cache-Control": "no-cache",
        "Content-Length": "812",
        "Content-Type": "application/json; charset=utf-8",
        "Date": "Wed, 09 Nov 2022 07:02:03 GMT",
        "Expires": "-1",
        "Pragma": "no-cache",
        "Request-Context": "appId=cid-v1:2d2e8e63-272e-4b3c-8598-4ee570a0e70d",
        "Server-Timing": "traceparent;desc=\u002200-9ca470bcac50fed7b7983a50dd81ae02-ffa5a20c302a5201-00\u0022",
        "Strict-Transport-Security": "max-age=31536000; includeSubDomains",
        "Vary": "Accept-Encoding",
        "x-aml-cluster": "vienna-eastus2-02",
        "X-Content-Type-Options": "nosniff",
        "x-ms-correlation-request-id": "b9d42daa-856d-4689-ad37-344d529050bb",
        "x-ms-ratelimit-remaining-subscription-writes": "1049",
        "x-ms-response-type": "standard",
        "x-ms-routing-request-id": "JAPANEAST:20221109T070203Z:b9d42daa-856d-4689-ad37-344d529050bb",
        "x-request-time": "0.065"
      },
      "ResponseBody": {
        "id": "/subscriptions/00000000-0000-0000-0000-000000000/resourceGroups/00000/providers/Microsoft.MachineLearningServices/workspaces/00000/codes/5d0c2440-3f92-4bf0-a277-a2158e0ee09d/versions/1",
        "name": "1",
        "type": "Microsoft.MachineLearningServices/workspaces/codes/versions",
        "properties": {
          "description": null,
          "tags": {},
          "properties": {
            "hash_sha256": "0000000000000",
            "hash_version": "0000000000000"
          },
          "isArchived": false,
          "isAnonymous": false,
          "codeUri": "https://sav3u7rijui4cza.blob.core.windows.net/azureml-blobstore-a6db4a2a-8424-44da-a5a8-d604852f4fc3/LocalUpload/00000000000000000000000000000000"
        },
        "systemData": {
          "createdAt": "2022-11-08T04:09:13.0225939\u002B00:00",
          "createdBy": "Honglin Du",
          "createdByType": "User",
          "lastModifiedAt": "2022-11-09T07:02:03.3431452\u002B00:00",
          "lastModifiedBy": "Honglin Du",
          "lastModifiedByType": "User"
        }
      }
    },
    {
      "RequestUri": "https://management.azure.com/subscriptions/00000000-0000-0000-0000-000000000/resourceGroups/00000/providers/Microsoft.MachineLearningServices/workspaces/00000/components/test_optional_input_component_test_543727214752?api-version=2022-05-01",
      "RequestMethod": "GET",
      "RequestHeaders": {
        "Accept": "application/json",
        "Accept-Encoding": "gzip, deflate",
        "Connection": "keep-alive",
        "User-Agent": "azure-ai-ml/1.1.0 azsdk-python-mgmt-machinelearningservices/0.1.0 Python/3.8.13 (macOS-13.0-arm64-i386-64bit)"
      },
      "RequestBody": null,
      "StatusCode": 404,
      "ResponseHeaders": {
        "Cache-Control": "no-cache",
        "Content-Length": "1098",
        "Content-Type": "application/json; charset=utf-8",
        "Date": "Wed, 09 Nov 2022 07:02:04 GMT",
        "Expires": "-1",
        "Pragma": "no-cache",
        "Request-Context": "appId=cid-v1:2d2e8e63-272e-4b3c-8598-4ee570a0e70d",
        "Strict-Transport-Security": "max-age=31536000; includeSubDomains",
        "Vary": "Accept-Encoding",
        "x-aml-cluster": "vienna-eastus2-02",
        "X-Content-Type-Options": "nosniff",
        "x-ms-correlation-request-id": "37a06973-482b-49c1-9e25-c52dd478edef",
        "x-ms-ratelimit-remaining-subscription-reads": "11874",
        "x-ms-response-type": "error",
        "x-ms-routing-request-id": "JAPANEAST:20221109T070204Z:37a06973-482b-49c1-9e25-c52dd478edef",
        "x-request-time": "0.100"
      },
      "ResponseBody": {
        "error": {
          "code": "UserError",
          "message": "Not found component test_optional_input_component_test_543727214752.",
          "details": [],
          "additionalInfo": [
            {
              "type": "ComponentName",
              "info": {
                "value": "managementfrontend"
              }
            },
            {
              "type": "Correlation",
              "info": {
                "value": {
                  "operation": "cc4e814afe616bfa584d9d94b343cbdf",
                  "request": "c58e1e988cb53089"
                }
              }
            },
            {
              "type": "Environment",
              "info": {
                "value": "eastus2"
              }
            },
            {
              "type": "Location",
              "info": {
                "value": "eastus2"
              }
            },
            {
              "type": "Time",
              "info": {
                "value": "2022-11-09T07:02:04.213853\u002B00:00"
              }
            },
            {
              "type": "InnerError",
              "info": {
                "value": {
                  "code": "NotFound",
                  "innerError": {
                    "code": "ComponentNotFound",
                    "innerError": null
                  }
                }
              }
            }
          ]
        }
      }
    },
    {
      "RequestUri": "https://management.azure.com/subscriptions/00000000-0000-0000-0000-000000000/resourceGroups/00000/providers/Microsoft.MachineLearningServices/workspaces/00000/components/test_optional_input_component_test_543727214752/versions/1?api-version=2022-05-01",
      "RequestMethod": "PUT",
      "RequestHeaders": {
        "Accept": "application/json",
        "Accept-Encoding": "gzip, deflate",
        "Connection": "keep-alive",
        "Content-Length": "1569",
        "Content-Type": "application/json",
        "User-Agent": "azure-ai-ml/1.1.0 azsdk-python-mgmt-machinelearningservices/0.1.0 Python/3.8.13 (macOS-13.0-arm64-i386-64bit)"
      },
      "RequestBody": {
        "properties": {
          "properties": {},
          "tags": {},
          "isAnonymous": false,
          "isArchived": false,
          "componentSpec": {
            "command": "echo \u0022hello world\u0022 \u0026 echo $[[${{inputs.float}}]] \u0026 echo $[[${{inputs.integer}}]] \u0026 echo $[[${{inputs.string}}]] \u0026 echo $[[${{inputs.boolean}}]] \u0026 echo ${{inputs.uri_folder}} \u0026 echo $[[${{inputs.optional_0}}]] \u0026 echo $[[${{inputs.optional_1}}]]\u0026 echo $[[${{inputs.optional_2}}]]",
            "code": "azureml:/subscriptions/00000000-0000-0000-0000-000000000/resourceGroups/00000/providers/Microsoft.MachineLearningServices/workspaces/00000/codes/5d0c2440-3f92-4bf0-a277-a2158e0ee09d/versions/1",
            "environment": "azureml:AzureML-sklearn-0.24-ubuntu18.04-py37-cpu:5",
            "resources": {
              "instance_count": 2
            },
            "distribution": {
              "type": "pytorch",
              "process_count_per_instance": 2
            },
            "name": "test_optional_input_component_test_543727214752",
            "display_name": "command_with_optional_inputs",
            "is_deterministic": true,
            "inputs": {
              "float": {
                "type": "number",
                "optional": true,
                "default": "1.1",
                "max": "5.0",
                "min": "0.0"
              },
              "integer": {
                "type": "integer",
                "optional": true,
                "default": "2",
                "max": "4",
                "min": "-1"
              },
              "string": {
                "type": "string",
                "optional": true,
                "default": "default_str"
              },
              "boolean": {
                "type": "boolean",
                "optional": true,
                "default": "False"
              },
              "uri_folder": {
                "type": "uri_folder"
              },
              "optional_0": {
                "type": "uri_file",
                "optional": true
              },
              "optional_1": {
                "type": "number",
                "optional": true
              },
              "optional_2": {
                "type": "number",
                "optional": true,
                "default": "1.2"
              }
            },
            "outputs": {
              "component_out_path": {
                "type": "uri_folder"
              }
            },
            "type": "command",
            "_source": "BUILDER"
          }
        }
      },
      "StatusCode": 201,
      "ResponseHeaders": {
        "Cache-Control": "no-cache",
        "Content-Length": "2914",
        "Content-Type": "application/json; charset=utf-8",
        "Date": "Wed, 09 Nov 2022 07:02:05 GMT",
        "Expires": "-1",
        "Location": "https://management.azure.com/subscriptions/00000000-0000-0000-0000-000000000/resourceGroups/00000/providers/Microsoft.MachineLearningServices/workspaces/00000/components/test_optional_input_component_test_543727214752/versions/1?api-version=2022-05-01",
        "Pragma": "no-cache",
        "Request-Context": "appId=cid-v1:2d2e8e63-272e-4b3c-8598-4ee570a0e70d",
        "Server-Timing": "traceparent;desc=\u002200-479df6f3e3d9011f9ded670b79fd0e5e-a25848c6bfae2bdd-00\u0022",
        "Strict-Transport-Security": "max-age=31536000; includeSubDomains",
        "x-aml-cluster": "vienna-eastus2-02",
        "X-Content-Type-Options": "nosniff",
        "x-ms-correlation-request-id": "41670a8e-17d1-4727-83f1-2af4227d11c9",
        "x-ms-ratelimit-remaining-subscription-writes": "1048",
        "x-ms-response-type": "standard",
        "x-ms-routing-request-id": "JAPANEAST:20221109T070205Z:41670a8e-17d1-4727-83f1-2af4227d11c9",
        "x-request-time": "0.744"
      },
      "ResponseBody": {
        "id": "/subscriptions/00000000-0000-0000-0000-000000000/resourceGroups/00000/providers/Microsoft.MachineLearningServices/workspaces/00000/components/test_optional_input_component_test_543727214752/versions/1",
        "name": "1",
        "type": "Microsoft.MachineLearningServices/workspaces/components/versions",
        "properties": {
          "description": null,
          "tags": {},
          "properties": {},
          "isArchived": false,
          "isAnonymous": false,
          "componentSpec": {
            "name": "test_optional_input_component_test_543727214752",
            "version": "1",
            "display_name": "command_with_optional_inputs",
            "is_deterministic": "True",
            "type": "command",
            "inputs": {
              "uri_folder": {
                "type": "uri_folder",
                "optional": "False"
              },
              "optional_0": {
                "type": "uri_file",
                "optional": "True"
              },
              "float": {
                "type": "number",
                "optional": "True",
                "default": "1.1",
                "min": "0.0",
                "max": "5.0"
              },
              "integer": {
                "type": "integer",
                "optional": "True",
                "default": "2",
                "min": "-1",
                "max": "4"
              },
              "string": {
                "type": "string",
                "optional": "True",
                "default": "default_str"
              },
              "boolean": {
                "type": "boolean",
                "optional": "True",
                "default": "False"
              },
              "optional_1": {
                "type": "number",
                "optional": "True"
              },
              "optional_2": {
                "type": "number",
                "optional": "True",
                "default": "1.2"
              }
            },
            "outputs": {
              "component_out_path": {
                "type": "uri_folder"
              }
            },
            "code": "azureml:/subscriptions/00000000-0000-0000-0000-000000000/resourceGroups/00000/providers/Microsoft.MachineLearningServices/workspaces/00000/codes/5d0c2440-3f92-4bf0-a277-a2158e0ee09d/versions/1",
            "environment": "azureml://registries/azureml/environments/AzureML-sklearn-0.24-ubuntu18.04-py37-cpu/versions/5",
            "resources": {
              "instance_count": "2"
            },
            "distribution": {
              "process_count_per_instance": "2",
              "type": "Pytorch"
            },
            "command": "echo \u0022hello world\u0022 \u0026 echo $[[${{inputs.float}}]] \u0026 echo $[[${{inputs.integer}}]] \u0026 echo $[[${{inputs.string}}]] \u0026 echo $[[${{inputs.boolean}}]] \u0026 echo ${{inputs.uri_folder}} \u0026 echo $[[${{inputs.optional_0}}]] \u0026 echo $[[${{inputs.optional_1}}]]\u0026 echo $[[${{inputs.optional_2}}]]",
            "$schema": "https://componentsdk.azureedge.net/jsonschema/CommandComponent.json"
          }
        },
        "systemData": {
          "createdAt": "2022-11-09T07:02:05.3197869\u002B00:00",
          "createdBy": "Honglin Du",
          "createdByType": "User",
          "lastModifiedAt": "2022-11-09T07:02:05.4942791\u002B00:00",
          "lastModifiedBy": "Honglin Du",
          "lastModifiedByType": "User"
        }
      }
    },
    {
      "RequestUri": "https://management.azure.com/subscriptions/00000000-0000-0000-0000-000000000/resourceGroups/00000/providers/Microsoft.MachineLearningServices/workspaces/00000/computes/cpu-cluster?api-version=2022-01-01-preview",
      "RequestMethod": "GET",
      "RequestHeaders": {
        "Accept": "application/json",
        "Accept-Encoding": "gzip, deflate",
        "Connection": "keep-alive",
        "User-Agent": "azure-ai-ml/1.1.0 azsdk-python-mgmt-machinelearningservices/0.1.0 Python/3.8.13 (macOS-13.0-arm64-i386-64bit)"
      },
      "RequestBody": null,
      "StatusCode": 200,
      "ResponseHeaders": {
        "Cache-Control": "no-cache",
        "Content-Length": "2324",
        "Content-Type": "application/json; charset=utf-8",
        "Date": "Wed, 09 Nov 2022 07:02:07 GMT",
        "Expires": "-1",
        "Pragma": "no-cache",
        "Request-Context": "appId=cid-v1:2d2e8e63-272e-4b3c-8598-4ee570a0e70d",
        "Server-Timing": "traceparent;desc=\u002200-43d0d8c56d0b228d1bb3929144b77909-c8ea193a9451eb23-00\u0022",
        "Strict-Transport-Security": "max-age=31536000; includeSubDomains",
        "Vary": "Accept-Encoding",
        "x-aml-cluster": "vienna-eastus2-01",
        "X-Content-Type-Options": "nosniff",
        "x-ms-correlation-request-id": "4f494cdf-681a-4181-845d-059712a600ba",
        "x-ms-ratelimit-remaining-subscription-reads": "11873",
        "x-ms-response-type": "standard",
        "x-ms-routing-request-id": "JAPANEAST:20221109T070207Z:4f494cdf-681a-4181-845d-059712a600ba",
        "x-request-time": "0.039"
      },
      "ResponseBody": {
        "id": "/subscriptions/00000000-0000-0000-0000-000000000/resourceGroups/00000/providers/Microsoft.MachineLearningServices/workspaces/00000/computes/cpu-cluster",
        "name": "cpu-cluster",
        "type": "Microsoft.MachineLearningServices/workspaces/computes",
        "location": "eastus2",
        "tags": {},
        "properties": {
          "createdOn": "2022-10-10T07:44:03.2104968\u002B00:00",
          "modifiedOn": "2022-11-08T03:58:27.2396848\u002B00:00",
          "disableLocalAuth": false,
          "description": null,
          "resourceId": null,
          "computeType": "AmlCompute",
          "computeLocation": "eastus2",
          "provisioningState": "Succeeded",
          "provisioningErrors": null,
          "isAttachedCompute": false,
          "properties": {
            "vmSize": "STANDARD_DS2_V2",
            "vmPriority": "Dedicated",
            "scaleSettings": {
              "maxNodeCount": 4,
              "minNodeCount": 0,
              "nodeIdleTimeBeforeScaleDown": "PT2M"
            },
            "subnet": null,
            "currentNodeCount": 0,
            "targetNodeCount": 4,
            "nodeStateCounts": {
              "preparingNodeCount": 0,
              "runningNodeCount": 0,
              "idleNodeCount": 0,
              "unusableNodeCount": 0,
              "leavingNodeCount": 0,
              "preemptedNodeCount": 0
            },
            "allocationState": "Resizing",
            "allocationStateTransitionTime": "2022-11-09T06:58:46.984\u002B00:00",
            "errors": [
              {
                "error": {
                  "code": "DiskFull",
                  "message": "ComputeNode.Id=tvmps_25bdd33ba76ae904868f0d8a8bc994109e3853cb13dd20f1d243514c1888f652_d: There is not enough disk space on the node,ComputeNode.Id=tvmps_f7f7e63c6f88130c82796b85e4238fe862f1fe69b42971f932efcc907999eb2e_d: There is not enough disk space on the node",
                  "details": [
                    {
                      "code": "Message",
                      "message": "The VM disk is full. Delete jobs, tasks, or files on the node to free up space and then reboot the node."
                    },
                    {
                      "code": "Message",
                      "message": "The VM disk is full. Delete jobs, tasks, or files on the node to free up space and then reboot the node."
                    }
                  ]
                }
              }
            ],
            "remoteLoginPortPublicAccess": "Enabled",
            "osType": "Linux",
            "virtualMachineImage": null,
            "isolatedNetwork": false,
            "propertyBag": {}
          }
        }
      }
    },
    {
      "RequestUri": "https://management.azure.com/subscriptions/00000000-0000-0000-0000-000000000/resourceGroups/00000/providers/Microsoft.MachineLearningServices/workspaces/00000/datastores/workspaceblobstore?api-version=2022-05-01",
      "RequestMethod": "GET",
      "RequestHeaders": {
        "Accept": "application/json",
        "Accept-Encoding": "gzip, deflate",
        "Connection": "keep-alive",
        "User-Agent": "azure-ai-ml/1.1.0 azsdk-python-mgmt-machinelearningservices/0.1.0 Python/3.8.13 (macOS-13.0-arm64-i386-64bit)"
      },
      "RequestBody": null,
      "StatusCode": 200,
      "ResponseHeaders": {
        "Cache-Control": "no-cache",
        "Content-Length": "1068",
        "Content-Type": "application/json; charset=utf-8",
        "Date": "Wed, 09 Nov 2022 07:02:08 GMT",
        "Expires": "-1",
        "Pragma": "no-cache",
        "Request-Context": "appId=cid-v1:2d2e8e63-272e-4b3c-8598-4ee570a0e70d",
        "Server-Timing": "traceparent;desc=\u002200-82b74189252d7030d71e548b5e9487f7-cc45931b54218dea-00\u0022",
        "Strict-Transport-Security": "max-age=31536000; includeSubDomains",
        "Vary": "Accept-Encoding",
        "x-aml-cluster": "vienna-eastus2-02",
        "X-Content-Type-Options": "nosniff",
        "x-ms-correlation-request-id": "71be20f2-447c-47ee-badd-ced5c67b6bc5",
        "x-ms-ratelimit-remaining-subscription-reads": "11872",
        "x-ms-response-type": "standard",
        "x-ms-routing-request-id": "JAPANEAST:20221109T070208Z:71be20f2-447c-47ee-badd-ced5c67b6bc5",
        "x-request-time": "0.115"
      },
      "ResponseBody": {
        "id": "/subscriptions/00000000-0000-0000-0000-000000000/resourceGroups/00000/providers/Microsoft.MachineLearningServices/workspaces/00000/datastores/workspaceblobstore",
        "name": "workspaceblobstore",
        "type": "Microsoft.MachineLearningServices/workspaces/datastores",
        "properties": {
          "description": null,
          "tags": null,
          "properties": null,
          "isDefault": true,
          "credentials": {
            "credentialsType": "AccountKey"
          },
          "datastoreType": "AzureBlob",
          "accountName": "sav3u7rijui4cza",
          "containerName": "azureml-blobstore-a6db4a2a-8424-44da-a5a8-d604852f4fc3",
          "endpoint": "core.windows.net",
          "protocol": "https",
          "serviceDataAccessAuthIdentity": "WorkspaceSystemAssignedIdentity"
        },
        "systemData": {
          "createdAt": "2022-10-10T07:43:07.7818269\u002B00:00",
          "createdBy": "779301c0-18b2-4cdc-801b-a0a3368fee0a",
          "createdByType": "Application",
          "lastModifiedAt": "2022-10-10T07:43:08.5293577\u002B00:00",
          "lastModifiedBy": "779301c0-18b2-4cdc-801b-a0a3368fee0a",
          "lastModifiedByType": "Application"
        }
      }
    },
    {
      "RequestUri": "https://management.azure.com/subscriptions/00000000-0000-0000-0000-000000000/resourceGroups/00000/providers/Microsoft.MachineLearningServices/workspaces/00000/datastores/workspaceblobstore/listSecrets?api-version=2022-05-01",
      "RequestMethod": "POST",
      "RequestHeaders": {
        "Accept": "application/json",
        "Accept-Encoding": "gzip, deflate",
        "Connection": "keep-alive",
        "Content-Length": "0",
        "User-Agent": "azure-ai-ml/1.1.0 azsdk-python-mgmt-machinelearningservices/0.1.0 Python/3.8.13 (macOS-13.0-arm64-i386-64bit)"
      },
      "RequestBody": null,
      "StatusCode": 200,
      "ResponseHeaders": {
        "Cache-Control": "no-cache",
        "Content-Length": "61",
        "Content-Type": "application/json; charset=utf-8",
        "Date": "Wed, 09 Nov 2022 07:02:09 GMT",
        "Expires": "-1",
        "Pragma": "no-cache",
        "Request-Context": "appId=cid-v1:2d2e8e63-272e-4b3c-8598-4ee570a0e70d",
        "Server-Timing": "traceparent;desc=\u002200-018eb7ac10cf7c3995208758ebfa252f-f157d4c42a6843ab-00\u0022",
        "Strict-Transport-Security": "max-age=31536000; includeSubDomains",
        "x-aml-cluster": "vienna-eastus2-02",
        "X-Content-Type-Options": "nosniff",
        "x-ms-correlation-request-id": "954026b7-dc79-4150-994a-41ddd08cee29",
        "x-ms-ratelimit-remaining-subscription-writes": "1132",
        "x-ms-response-type": "standard",
        "x-ms-routing-request-id": "JAPANEAST:20221109T070209Z:954026b7-dc79-4150-994a-41ddd08cee29",
        "x-request-time": "0.091"
      },
      "ResponseBody": {
        "secretsType": "AccountKey",
        "key": "dGhpcyBpcyBmYWtlIGtleQ=="
      }
    },
    {
      "RequestUri": "https://sav3u7rijui4cza.blob.core.windows.net/azureml-blobstore-a6db4a2a-8424-44da-a5a8-d604852f4fc3/LocalUpload/00000000000000000000000000000000/COMPONENT_PLACEHOLDER",
      "RequestMethod": "HEAD",
      "RequestHeaders": {
        "Accept": "application/xml",
        "Accept-Encoding": "gzip, deflate",
        "Connection": "keep-alive",
        "User-Agent": "azsdk-python-storage-blob/12.13.1 Python/3.8.13 (macOS-13.0-arm64-i386-64bit)",
        "x-ms-date": "Wed, 09 Nov 2022 07:02:09 GMT",
        "x-ms-version": "2021-08-06"
      },
      "RequestBody": null,
      "StatusCode": 200,
      "ResponseHeaders": {
        "Accept-Ranges": "bytes",
        "Content-Length": "35",
        "Content-MD5": "L/DnSpFIn\u002BjaQWc\u002BsUQdcw==",
        "Content-Type": "application/octet-stream",
        "Date": "Wed, 09 Nov 2022 07:02:09 GMT",
        "ETag": "\u00220x8DAC13EFDFF2C0D\u0022",
        "Last-Modified": "Tue, 08 Nov 2022 04:09:11 GMT",
        "Server": [
          "Windows-Azure-Blob/1.0",
          "Microsoft-HTTPAPI/2.0"
        ],
        "Vary": "Origin",
        "x-ms-access-tier": "Hot",
        "x-ms-access-tier-inferred": "true",
        "x-ms-blob-type": "BlockBlob",
        "x-ms-creation-time": "Tue, 08 Nov 2022 04:09:11 GMT",
        "x-ms-lease-state": "available",
        "x-ms-lease-status": "unlocked",
        "x-ms-meta-name": "5d0c2440-3f92-4bf0-a277-a2158e0ee09d",
        "x-ms-meta-upload_status": "completed",
        "x-ms-meta-version": "1",
        "x-ms-server-encrypted": "true",
        "x-ms-version": "2021-08-06"
      },
      "ResponseBody": null
    },
    {
      "RequestUri": "https://sav3u7rijui4cza.blob.core.windows.net/azureml-blobstore-a6db4a2a-8424-44da-a5a8-d604852f4fc3/az-ml-artifacts/00000000000000000000000000000000/COMPONENT_PLACEHOLDER",
      "RequestMethod": "HEAD",
      "RequestHeaders": {
        "Accept": "application/xml",
        "Accept-Encoding": "gzip, deflate",
        "Connection": "keep-alive",
        "User-Agent": "azsdk-python-storage-blob/12.13.1 Python/3.8.13 (macOS-13.0-arm64-i386-64bit)",
        "x-ms-date": "Wed, 09 Nov 2022 07:02:09 GMT",
        "x-ms-version": "2021-08-06"
      },
      "RequestBody": null,
      "StatusCode": 404,
      "ResponseHeaders": {
        "Date": "Wed, 09 Nov 2022 07:02:09 GMT",
        "Server": [
          "Windows-Azure-Blob/1.0",
          "Microsoft-HTTPAPI/2.0"
        ],
        "Transfer-Encoding": "chunked",
        "Vary": "Origin",
        "x-ms-error-code": "BlobNotFound",
        "x-ms-version": "2021-08-06"
      },
      "ResponseBody": null
    },
    {
      "RequestUri": "https://management.azure.com/subscriptions/00000000-0000-0000-0000-000000000/resourceGroups/00000/providers/Microsoft.MachineLearningServices/workspaces/00000/codes/5d0c2440-3f92-4bf0-a277-a2158e0ee09d/versions/1?api-version=2022-05-01",
      "RequestMethod": "PUT",
      "RequestHeaders": {
        "Accept": "application/json",
        "Accept-Encoding": "gzip, deflate",
        "Connection": "keep-alive",
        "Content-Length": "288",
        "Content-Type": "application/json",
        "User-Agent": "azure-ai-ml/1.1.0 azsdk-python-mgmt-machinelearningservices/0.1.0 Python/3.8.13 (macOS-13.0-arm64-i386-64bit)"
      },
      "RequestBody": {
        "properties": {
          "properties": {
            "hash_sha256": "0000000000000",
            "hash_version": "0000000000000"
          },
          "isAnonymous": true,
          "isArchived": false,
          "codeUri": "https://sav3u7rijui4cza.blob.core.windows.net/azureml-blobstore-a6db4a2a-8424-44da-a5a8-d604852f4fc3/LocalUpload/00000000000000000000000000000000"
        }
      },
      "StatusCode": 200,
      "ResponseHeaders": {
        "Cache-Control": "no-cache",
        "Content-Length": "811",
        "Content-Type": "application/json; charset=utf-8",
        "Date": "Wed, 09 Nov 2022 07:02:10 GMT",
        "Expires": "-1",
        "Pragma": "no-cache",
        "Request-Context": "appId=cid-v1:2d2e8e63-272e-4b3c-8598-4ee570a0e70d",
        "Server-Timing": "traceparent;desc=\u002200-617570ded3a69f5d30cc4e107d51f604-8d67e55a9cf1df6c-00\u0022",
        "Strict-Transport-Security": "max-age=31536000; includeSubDomains",
        "Vary": "Accept-Encoding",
        "x-aml-cluster": "vienna-eastus2-02",
        "X-Content-Type-Options": "nosniff",
        "x-ms-correlation-request-id": "a545c3f3-6229-4dbc-a143-3c484c376c68",
        "x-ms-ratelimit-remaining-subscription-writes": "1047",
        "x-ms-response-type": "standard",
        "x-ms-routing-request-id": "JAPANEAST:20221109T070210Z:a545c3f3-6229-4dbc-a143-3c484c376c68",
        "x-request-time": "0.064"
      },
      "ResponseBody": {
        "id": "/subscriptions/00000000-0000-0000-0000-000000000/resourceGroups/00000/providers/Microsoft.MachineLearningServices/workspaces/00000/codes/5d0c2440-3f92-4bf0-a277-a2158e0ee09d/versions/1",
        "name": "1",
        "type": "Microsoft.MachineLearningServices/workspaces/codes/versions",
        "properties": {
          "description": null,
          "tags": {},
          "properties": {
            "hash_sha256": "0000000000000",
            "hash_version": "0000000000000"
          },
          "isArchived": false,
          "isAnonymous": false,
          "codeUri": "https://sav3u7rijui4cza.blob.core.windows.net/azureml-blobstore-a6db4a2a-8424-44da-a5a8-d604852f4fc3/LocalUpload/00000000000000000000000000000000"
        },
        "systemData": {
          "createdAt": "2022-11-08T04:09:13.0225939\u002B00:00",
          "createdBy": "Honglin Du",
          "createdByType": "User",
          "lastModifiedAt": "2022-11-09T07:02:10.566869\u002B00:00",
          "lastModifiedBy": "Honglin Du",
          "lastModifiedByType": "User"
        }
      }
    },
    {
      "RequestUri": "https://management.azure.com/subscriptions/00000000-0000-0000-0000-000000000/resourceGroups/00000/providers/Microsoft.MachineLearningServices/workspaces/00000/components/azureml_anonymous/versions/000000000000000000000?api-version=2022-05-01",
      "RequestMethod": "PUT",
      "RequestHeaders": {
        "Accept": "application/json",
        "Accept-Encoding": "gzip, deflate",
        "Connection": "keep-alive",
        "Content-Length": "1499",
        "Content-Type": "application/json",
        "User-Agent": "azure-ai-ml/1.1.0 azsdk-python-mgmt-machinelearningservices/0.1.0 Python/3.8.13 (macOS-13.0-arm64-i386-64bit)"
      },
      "RequestBody": {
        "properties": {
          "description": "This is the basic command component with optional inputs",
          "properties": {},
          "tags": {
            "tag": "tagvalue",
            "owner": "sdkteam"
          },
          "isAnonymous": true,
          "isArchived": false,
          "componentSpec": {
            "command": "echo Hello World \u0026 echo $[[${{inputs.component_in_number}}]] \u0026 echo $[[${{inputs.component_in_path_optional}}]] \u0026 echo ${{inputs.component_in_path}} \u0026 echo ${{outputs.component_out_path}} \u003E ${{outputs.component_out_path}}/component_in_number",
            "code": "azureml:/subscriptions/00000000-0000-0000-0000-000000000/resourceGroups/00000/providers/Microsoft.MachineLearningServices/workspaces/00000/codes/5d0c2440-3f92-4bf0-a277-a2158e0ee09d/versions/1",
            "environment": "azureml:AzureML-sklearn-0.24-ubuntu18.04-py37-cpu:1",
            "name": "azureml_anonymous",
            "description": "This is the basic command component with optional inputs",
            "tags": {
              "tag": "tagvalue",
              "owner": "sdkteam"
            },
            "version": "000000000000000000000",
            "$schema": "https://azuremlschemas.azureedge.net/development/commandComponent.schema.json",
            "display_name": "CommandComponentBasicWithOptionalInputs",
            "is_deterministic": true,
            "inputs": {
              "component_in_number": {
                "type": "number",
                "optional": true,
                "description": "A number"
              },
              "component_in_path": {
                "type": "uri_folder",
                "description": "A path"
              },
              "component_in_path_optional": {
                "type": "uri_folder",
                "description": "An optional path",
                "optional": true
              }
            },
            "outputs": {
              "component_out_path": {
                "type": "uri_folder"
              }
            },
            "type": "command",
            "_source": "YAML.COMPONENT"
          }
        }
      },
      "StatusCode": 201,
      "ResponseHeaders": {
        "Cache-Control": "no-cache",
        "Content-Length": "2517",
        "Content-Type": "application/json; charset=utf-8",
        "Date": "Wed, 09 Nov 2022 07:02:11 GMT",
        "Expires": "-1",
        "Location": "https://management.azure.com/subscriptions/00000000-0000-0000-0000-000000000/resourceGroups/00000/providers/Microsoft.MachineLearningServices/workspaces/00000/components/azureml_anonymous/versions/000000000000000000000?api-version=2022-05-01",
        "Pragma": "no-cache",
        "Request-Context": "appId=cid-v1:2d2e8e63-272e-4b3c-8598-4ee570a0e70d",
        "Server-Timing": "traceparent;desc=\u002200-12766c6eed1bc1c4703d30063a31fc25-2f359acbf6010ac1-00\u0022",
        "Strict-Transport-Security": "max-age=31536000; includeSubDomains",
        "x-aml-cluster": "vienna-eastus2-02",
        "X-Content-Type-Options": "nosniff",
        "x-ms-correlation-request-id": "417035d3-8d6b-4cf8-bcc9-1755000ee602",
        "x-ms-ratelimit-remaining-subscription-writes": "1046",
        "x-ms-response-type": "standard",
        "x-ms-routing-request-id": "JAPANEAST:20221109T070211Z:417035d3-8d6b-4cf8-bcc9-1755000ee602",
        "x-request-time": "0.408"
      },
      "ResponseBody": {
        "id": "/subscriptions/00000000-0000-0000-0000-000000000/resourceGroups/00000/providers/Microsoft.MachineLearningServices/workspaces/00000/components/azureml_anonymous/versions/3e1e3687-78a2-4af2-9afb-40341951db0c",
        "name": "3e1e3687-78a2-4af2-9afb-40341951db0c",
        "type": "Microsoft.MachineLearningServices/workspaces/components/versions",
        "properties": {
          "description": null,
          "tags": {
            "tag": "tagvalue",
            "owner": "sdkteam"
          },
          "properties": {},
          "isArchived": false,
          "isAnonymous": true,
          "componentSpec": {
            "name": "azureml_anonymous",
            "version": "3e1e3687-78a2-4af2-9afb-40341951db0c",
            "display_name": "CommandComponentBasicWithOptionalInputs",
            "is_deterministic": "True",
            "type": "command",
            "description": "This is the basic command component with optional inputs",
            "tags": {
              "tag": "tagvalue",
              "owner": "sdkteam"
            },
            "inputs": {
              "component_in_path": {
                "type": "uri_folder",
                "optional": "False",
                "description": "A path"
              },
              "component_in_path_optional": {
                "type": "uri_folder",
                "optional": "True",
                "description": "An optional path"
              },
              "component_in_number": {
                "type": "number",
                "optional": "True",
                "description": "A number"
              }
            },
            "outputs": {
              "component_out_path": {
                "type": "uri_folder"
              }
            },
            "code": "azureml:/subscriptions/00000000-0000-0000-0000-000000000/resourceGroups/00000/providers/Microsoft.MachineLearningServices/workspaces/00000/codes/5d0c2440-3f92-4bf0-a277-a2158e0ee09d/versions/1",
            "environment": "azureml://registries/azureml/environments/AzureML-sklearn-0.24-ubuntu18.04-py37-cpu/versions/1",
            "resources": {
              "instance_count": "1"
            },
            "command": "echo Hello World \u0026 echo $[[${{inputs.component_in_number}}]] \u0026 echo $[[${{inputs.component_in_path_optional}}]] \u0026 echo ${{inputs.component_in_path}} \u0026 echo ${{outputs.component_out_path}} \u003E ${{outputs.component_out_path}}/component_in_number",
            "$schema": "https://azuremlschemas.azureedge.net/development/commandComponent.schema.json"
          }
        },
        "systemData": {
          "createdAt": "2022-11-08T04:14:09.9966016\u002B00:00",
          "createdBy": "Honglin Du",
          "createdByType": "User",
          "lastModifiedAt": "2022-11-08T04:14:10.2240655\u002B00:00",
          "lastModifiedBy": "Honglin Du",
          "lastModifiedByType": "User"
        }
      }
    },
    {
      "RequestUri": "https://management.azure.com/subscriptions/00000000-0000-0000-0000-000000000/resourceGroups/00000/providers/Microsoft.MachineLearningServices/workspaces/00000/components/azureml_anonymous/versions/000000000000000000000?api-version=2022-05-01",
      "RequestMethod": "PUT",
      "RequestHeaders": {
        "Accept": "application/json",
        "Accept-Encoding": "gzip, deflate",
        "Connection": "keep-alive",
        "Content-Length": "1727",
        "Content-Type": "application/json",
        "User-Agent": "azure-ai-ml/1.1.0 azsdk-python-mgmt-machinelearningservices/0.1.0 Python/3.8.13 (macOS-13.0-arm64-i386-64bit)"
      },
      "RequestBody": {
        "properties": {
          "properties": {},
          "tags": {},
          "isAnonymous": true,
          "isArchived": false,
          "componentSpec": {
            "command": "echo \u0022hello world\u0022 \u0026 echo $[[${{inputs.float}}]] \u0026 echo $[[${{inputs.integer}}]] \u0026 echo $[[${{inputs.string}}]] \u0026 echo $[[${{inputs.boolean}}]] \u0026 echo ${{inputs.uri_folder}} \u0026 echo $[[${{inputs.optional_0}}]] \u0026 echo $[[${{inputs.optional_1}}]]\u0026 echo $[[${{inputs.optional_2}}]]",
            "code": "azureml:/subscriptions/00000000-0000-0000-0000-000000000/resourceGroups/00000/providers/Microsoft.MachineLearningServices/workspaces/00000/codes/5d0c2440-3f92-4bf0-a277-a2158e0ee09d/versions/1",
            "environment": "azureml:/subscriptions/00000000-0000-0000-0000-000000000/resourceGroups/00000/providers/Microsoft.MachineLearningServices/workspaces/00000/environments/AzureML-sklearn-0.24-ubuntu18.04-py37-cpu/versions/5",
            "resources": {
              "instance_count": 2
            },
            "distribution": {
              "type": "pytorch",
              "process_count_per_instance": 2
            },
            "name": "azureml_anonymous",
            "version": "000000000000000000000",
            "display_name": "command_with_optional_inputs",
            "is_deterministic": true,
            "inputs": {
              "float": {
                "type": "number",
                "optional": true,
                "default": "1.1",
                "max": "5.0",
                "min": "0.0"
              },
              "integer": {
                "type": "integer",
                "optional": true,
                "default": "2",
                "max": "4",
                "min": "-1"
              },
              "string": {
                "type": "string",
                "optional": true,
                "default": "default_str"
              },
              "boolean": {
                "type": "boolean",
                "optional": true,
                "default": "False"
              },
              "uri_folder": {
                "type": "uri_folder"
              },
              "optional_0": {
                "type": "uri_file",
                "optional": true
              },
              "optional_1": {
                "type": "number",
                "optional": true
              },
              "optional_2": {
                "type": "number",
                "optional": true,
                "default": "1.2"
              }
            },
            "outputs": {
              "component_out_path": {
                "type": "uri_folder"
              }
            },
            "type": "command",
            "_source": "BUILDER"
          }
        }
      },
      "StatusCode": 201,
      "ResponseHeaders": {
        "Cache-Control": "no-cache",
        "Content-Length": "3068",
        "Content-Type": "application/json; charset=utf-8",
        "Date": "Wed, 09 Nov 2022 07:02:12 GMT",
        "Expires": "-1",
        "Location": "https://management.azure.com/subscriptions/00000000-0000-0000-0000-000000000/resourceGroups/00000/providers/Microsoft.MachineLearningServices/workspaces/00000/components/azureml_anonymous/versions/000000000000000000000?api-version=2022-05-01",
        "Pragma": "no-cache",
        "Request-Context": "appId=cid-v1:2d2e8e63-272e-4b3c-8598-4ee570a0e70d",
        "Server-Timing": "traceparent;desc=\u002200-4bcbb1745c7f49e5af8228ce788925e7-36f17380d5625576-00\u0022",
        "Strict-Transport-Security": "max-age=31536000; includeSubDomains",
        "x-aml-cluster": "vienna-eastus2-02",
        "X-Content-Type-Options": "nosniff",
        "x-ms-correlation-request-id": "f48712be-499b-47d2-b693-20936d884137",
        "x-ms-ratelimit-remaining-subscription-writes": "1045",
        "x-ms-response-type": "standard",
        "x-ms-routing-request-id": "JAPANEAST:20221109T070213Z:f48712be-499b-47d2-b693-20936d884137",
        "x-request-time": "0.352"
      },
      "ResponseBody": {
        "id": "/subscriptions/00000000-0000-0000-0000-000000000/resourceGroups/00000/providers/Microsoft.MachineLearningServices/workspaces/00000/components/azureml_anonymous/versions/87611e51-f56d-49a1-8e01-9664b98cc9f8",
        "name": "87611e51-f56d-49a1-8e01-9664b98cc9f8",
        "type": "Microsoft.MachineLearningServices/workspaces/components/versions",
        "properties": {
          "description": null,
          "tags": {},
          "properties": {},
          "isArchived": false,
          "isAnonymous": true,
          "componentSpec": {
            "name": "azureml_anonymous",
            "version": "87611e51-f56d-49a1-8e01-9664b98cc9f8",
            "display_name": "command_with_optional_inputs",
            "is_deterministic": "True",
            "type": "command",
            "inputs": {
              "uri_folder": {
                "type": "uri_folder",
                "optional": "False"
              },
              "optional_0": {
                "type": "uri_file",
                "optional": "True"
              },
              "float": {
                "type": "number",
                "optional": "True",
                "default": "1.1",
                "min": "0.0",
                "max": "5.0"
              },
              "integer": {
                "type": "integer",
                "optional": "True",
                "default": "2",
                "min": "-1",
                "max": "4"
              },
              "string": {
                "type": "string",
                "optional": "True",
                "default": "default_str"
              },
              "boolean": {
                "type": "boolean",
                "optional": "True",
                "default": "False"
              },
              "optional_1": {
                "type": "number",
                "optional": "True"
              },
              "optional_2": {
                "type": "number",
                "optional": "True",
                "default": "1.2"
              }
            },
            "outputs": {
              "component_out_path": {
                "type": "uri_folder"
              }
            },
            "code": "azureml:/subscriptions/00000000-0000-0000-0000-000000000/resourceGroups/00000/providers/Microsoft.MachineLearningServices/workspaces/00000/codes/5d0c2440-3f92-4bf0-a277-a2158e0ee09d/versions/1",
            "environment": "azureml:/subscriptions/00000000-0000-0000-0000-000000000/resourceGroups/00000/providers/Microsoft.MachineLearningServices/workspaces/00000/environments/AzureML-sklearn-0.24-ubuntu18.04-py37-cpu/versions/5",
            "resources": {
              "instance_count": "2"
            },
            "distribution": {
              "process_count_per_instance": "2",
              "type": "Pytorch"
            },
            "command": "echo \u0022hello world\u0022 \u0026 echo $[[${{inputs.float}}]] \u0026 echo $[[${{inputs.integer}}]] \u0026 echo $[[${{inputs.string}}]] \u0026 echo $[[${{inputs.boolean}}]] \u0026 echo ${{inputs.uri_folder}} \u0026 echo $[[${{inputs.optional_0}}]] \u0026 echo $[[${{inputs.optional_1}}]]\u0026 echo $[[${{inputs.optional_2}}]]",
            "$schema": "https://componentsdk.azureedge.net/jsonschema/CommandComponent.json"
          }
        },
        "systemData": {
          "createdAt": "2022-11-08T04:14:11.3924131\u002B00:00",
          "createdBy": "Honglin Du",
          "createdByType": "User",
          "lastModifiedAt": "2022-11-08T04:14:11.5745921\u002B00:00",
          "lastModifiedBy": "Honglin Du",
          "lastModifiedByType": "User"
        }
      }
    },
    {
      "RequestUri": "https://management.azure.com/subscriptions/00000000-0000-0000-0000-000000000/resourceGroups/00000/providers/Microsoft.MachineLearningServices/workspaces/00000/jobs/000000000000000000000?api-version=2022-10-01-preview",
      "RequestMethod": "PUT",
      "RequestHeaders": {
        "Accept": "application/json",
        "Accept-Encoding": "gzip, deflate",
        "Connection": "keep-alive",
        "Content-Length": "1825",
        "Content-Type": "application/json",
        "User-Agent": "azure-ai-ml/1.1.0 azsdk-python-mgmt-machinelearningservices/0.1.0 Python/3.8.13 (macOS-13.0-arm64-i386-64bit)"
      },
      "RequestBody": {
        "properties": {
          "description": "The command node with optional inputs",
          "properties": {},
          "tags": {
            "owner": "sdkteam",
            "tag": "tagvalue"
          },
          "computeId": "/subscriptions/00000000-0000-0000-0000-000000000/resourceGroups/00000/providers/Microsoft.MachineLearningServices/workspaces/00000/computes/cpu-cluster",
          "displayName": "test_optional_input_component_pipeline_test_861034667618",
          "experimentName": "azure-ai-ml",
          "isArchived": false,
          "jobType": "Pipeline",
          "inputs": {
            "job_in_file": {
              "uri": "https://dprepdata.blob.core.windows.net/demo/Titanic.csv",
              "jobInputType": "uri_file"
            }
          },
          "jobs": {
            "node1": {
              "name": "node1",
              "type": "command",
              "inputs": {
                "component_in_path": {
                  "job_input_type": "literal",
                  "value": "${{parent.inputs.job_in_file}}"
                }
              },
              "_source": "YAML.COMPONENT",
              "componentId": "/subscriptions/00000000-0000-0000-0000-000000000/resourceGroups/00000/providers/Microsoft.MachineLearningServices/workspaces/00000/components/azureml_anonymous/versions/3e1e3687-78a2-4af2-9afb-40341951db0c"
            },
            "node2": {
              "resources": {
                "instance_count": 2
              },
              "distribution": {
                "distribution_type": "PyTorch",
                "process_count_per_instance": 2
              },
              "environment_variables": {
                "environ": "val"
              },
              "name": "node2",
              "type": "command",
              "display_name": "command_with_optional_inputs",
              "inputs": {
                "uri_folder": {
                  "job_input_type": "literal",
                  "value": "${{parent.jobs.node1.outputs.component_out_path}}"
                }
              },
              "outputs": {
                "component_out_path": {
                  "value": "${{parent.outputs.pipeline_output}}",
                  "type": "literal"
                }
              },
              "_source": "BUILDER",
              "componentId": "/subscriptions/00000000-0000-0000-0000-000000000/resourceGroups/00000/providers/Microsoft.MachineLearningServices/workspaces/00000/components/azureml_anonymous/versions/87611e51-f56d-49a1-8e01-9664b98cc9f8"
            }
          },
          "outputs": {
            "pipeline_output": {
              "jobOutputType": "uri_folder"
            }
          },
          "settings": {
            "_source": "DSL"
          }
        }
      },
      "StatusCode": 201,
      "ResponseHeaders": {
        "Cache-Control": "no-cache",
        "Content-Length": "4228",
        "Content-Type": "application/json; charset=utf-8",
        "Date": "Wed, 09 Nov 2022 07:02:19 GMT",
        "Expires": "-1",
        "Location": "https://management.azure.com/subscriptions/00000000-0000-0000-0000-000000000/resourceGroups/00000/providers/Microsoft.MachineLearningServices/workspaces/00000/jobs/000000000000000000000?api-version=2022-10-01-preview",
        "Pragma": "no-cache",
        "Request-Context": "appId=cid-v1:2d2e8e63-272e-4b3c-8598-4ee570a0e70d",
        "Server-Timing": "traceparent;desc=\u002200-c14f957001e9923ab223446d78077191-7dd47eb818f91880-00\u0022",
        "Strict-Transport-Security": "max-age=31536000; includeSubDomains",
        "x-aml-cluster": "vienna-eastus2-02",
        "X-Content-Type-Options": "nosniff",
        "x-ms-correlation-request-id": "cce2f75e-eab4-409b-82dd-cbca97accf1b",
        "x-ms-ratelimit-remaining-subscription-writes": "1044",
        "x-ms-response-type": "standard",
        "x-ms-routing-request-id": "JAPANEAST:20221109T070220Z:cce2f75e-eab4-409b-82dd-cbca97accf1b",
        "x-request-time": "3.621"
      },
      "ResponseBody": {
        "id": "/subscriptions/00000000-0000-0000-0000-000000000/resourceGroups/00000/providers/Microsoft.MachineLearningServices/workspaces/00000/jobs/000000000000000000000",
        "name": "000000000000000000000",
        "type": "Microsoft.MachineLearningServices/workspaces/jobs",
        "properties": {
          "description": "The command node with optional inputs",
          "tags": {
            "owner": "sdkteam",
            "tag": "tagvalue"
          },
          "properties": {
            "azureml.DevPlatv2": "true",
            "azureml.runsource": "azureml.PipelineRun",
            "runSource": "MFE",
            "runType": "HTTP",
            "azureml.parameters": "{}",
            "azureml.continue_on_step_failure": "False",
            "azureml.continue_on_failed_optional_input": "True",
            "azureml.defaultComputeName": "cpu-cluster",
            "azureml.defaultDataStoreName": "workspaceblobstore",
            "azureml.pipelineComponent": "pipelinerun"
          },
          "displayName": "test_optional_input_component_pipeline_test_861034667618",
          "status": "Preparing",
          "experimentName": "azure-ai-ml",
          "services": {
            "Tracking": {
              "jobServiceType": "Tracking",
              "port": null,
              "endpoint": "azureml://eastus2.api.azureml.ms/mlflow/v1.0/subscriptions/00000000-0000-0000-0000-000000000/resourceGroups/00000/providers/Microsoft.MachineLearningServices/workspaces/00000?",
              "status": null,
              "errorMessage": null,
              "properties": null,
              "nodes": null
            },
            "Studio": {
              "jobServiceType": "Studio",
              "port": null,
              "endpoint": "https://ml.azure.com/runs/000000000000000000000?wsid=/subscriptions/00000000-0000-0000-0000-000000000/resourcegroups/00000/workspaces/00000",
              "status": null,
              "errorMessage": null,
              "properties": null,
              "nodes": null
            }
          },
          "computeId": "/subscriptions/00000000-0000-0000-0000-000000000/resourceGroups/00000/providers/Microsoft.MachineLearningServices/workspaces/00000/computes/cpu-cluster",
          "isArchived": false,
          "identity": null,
          "componentId": null,
          "jobType": "Pipeline",
          "settings": {
            "_source": "DSL"
          },
          "jobs": {
            "node1": {
              "name": "node1",
              "type": "command",
              "inputs": {
                "component_in_path": {
                  "job_input_type": "literal",
                  "value": "${{parent.inputs.job_in_file}}"
                }
              },
              "_source": "YAML.COMPONENT",
              "componentId": "/subscriptions/00000000-0000-0000-0000-000000000/resourceGroups/00000/providers/Microsoft.MachineLearningServices/workspaces/00000/components/azureml_anonymous/versions/3e1e3687-78a2-4af2-9afb-40341951db0c"
            },
            "node2": {
              "resources": {
                "instance_count": 2
              },
              "distribution": {
                "distribution_type": "PyTorch",
                "process_count_per_instance": 2
              },
              "environment_variables": {
                "environ": "val"
              },
              "name": "node2",
              "type": "command",
              "display_name": "command_with_optional_inputs",
              "inputs": {
                "uri_folder": {
                  "job_input_type": "literal",
                  "value": "${{parent.jobs.node1.outputs.component_out_path}}"
                }
              },
              "outputs": {
                "component_out_path": {
                  "value": "${{parent.outputs.pipeline_output}}",
                  "type": "literal"
                }
              },
              "_source": "BUILDER",
              "componentId": "/subscriptions/00000000-0000-0000-0000-000000000/resourceGroups/00000/providers/Microsoft.MachineLearningServices/workspaces/00000/components/azureml_anonymous/versions/87611e51-f56d-49a1-8e01-9664b98cc9f8"
            }
          },
          "inputs": {
            "job_in_file": {
              "description": null,
              "uri": "https://dprepdata.blob.core.windows.net/demo/Titanic.csv",
              "mode": "ReadOnlyMount",
              "jobInputType": "uri_file"
            }
          },
          "outputs": {
            "pipeline_output": {
              "description": null,
              "uri": null,
              "mode": "ReadWriteMount",
              "jobOutputType": "uri_folder"
            }
          },
          "sourceJobId": null
        },
        "systemData": {
          "createdAt": "2022-11-09T07:02:19.6150445\u002B00:00",
          "createdBy": "Honglin Du",
          "createdByType": "User"
        }
      }
    }
  ],
  "Variables": {
    "component_name": "test_543727214752",
    "pipeline_name": "test_861034667618"
  }
}
