{
  "Entries": [
    {
      "RequestUri": "https://management.azure.com/subscriptions/00000000-0000-0000-0000-000000000/resourceGroups/00000/providers/Microsoft.MachineLearningServices/workspaces/00000/components/azureml_anonymous/versions/feadc209-42ec-4adb-c774-833ef195a4c5?api-version=2022-10-01",
      "RequestMethod": "PUT",
      "RequestHeaders": {
        "Accept": "application/json",
        "Accept-Encoding": "gzip, deflate",
        "Connection": "keep-alive",
        "Content-Length": "1104",
        "Content-Type": "application/json",
        "User-Agent": "azure-ai-ml/1.6.0 azsdk-python-mgmt-machinelearningservices/0.1.0 Python/3.9.10 (Windows-10-10.0.22621-SP0)"
      },
      "RequestBody": {
        "properties": {
          "description": "This is the basic command component",
          "properties": {},
          "tags": {
            "tag": "tagvalue",
            "owner": "sdkteam"
          },
          "isAnonymous": true,
          "isArchived": false,
          "componentSpec": {
            "command": "echo Hello World \u0026 echo $[[${{inputs.component_in_number}}]] \u0026 echo ${{inputs.component_in_path}} \u0026 echo ${{outputs.component_out_path}} \u003E ${{outputs.component_out_path}}/component_in_number",
            "environment": "azureml:AzureML-sklearn-1.0-ubuntu20.04-py38-cpu:33",
            "name": "microsoftsamples_command_component_basic",
            "description": "This is the basic command component",
            "tags": {
              "tag": "tagvalue",
              "owner": "sdkteam"
            },
            "version": "0.0.1",
            "$schema": "https://azuremlschemas.azureedge.net/development/commandComponent.schema.json",
            "display_name": "CommandComponentBasic",
            "is_deterministic": true,
            "inputs": {
              "component_in_number": {
                "type": "number",
                "optional": true,
                "default": "10.99",
                "description": "A number"
              },
              "component_in_path": {
                "type": "uri_folder",
                "description": "A path"
              }
            },
            "outputs": {
              "component_out_path": {
                "type": "uri_folder"
              }
            },
            "type": "command",
            "_source": "YAML.COMPONENT"
          }
        }
      },
      "StatusCode": 201,
      "ResponseHeaders": {
        "Cache-Control": "no-cache",
        "Content-Length": "2088",
        "Content-Type": "application/json; charset=utf-8",
        "Date": "Tue, 28 Mar 2023 05:49:45 GMT",
        "Expires": "-1",
        "Location": "https://management.azure.com/subscriptions/00000000-0000-0000-0000-000000000/resourceGroups/00000/providers/Microsoft.MachineLearningServices/workspaces/00000/components/azureml_anonymous/versions/feadc209-42ec-4adb-c774-833ef195a4c5?api-version=2022-10-01",
        "Pragma": "no-cache",
        "Request-Context": "appId=cid-v1:2d2e8e63-272e-4b3c-8598-4ee570a0e70d",
        "Server-Timing": "traceparent;desc=\u002200-06a9c0767c6226755f67d45e2ff48cae-b10b0c3b8890f22c-01\u0022",
        "Strict-Transport-Security": "max-age=31536000; includeSubDomains",
        "x-aml-cluster": "vienna-eastus-01",
        "X-Content-Type-Options": "nosniff",
        "x-ms-correlation-request-id": "bbb0e995-4d65-4bf4-b271-36acb5790643",
        "x-ms-ratelimit-remaining-subscription-writes": "1197",
        "x-ms-response-type": "standard",
        "x-ms-routing-request-id": "JAPANEAST:20230328T054946Z:bbb0e995-4d65-4bf4-b271-36acb5790643",
        "x-request-time": "0.251"
      },
      "ResponseBody": {
        "id": "/subscriptions/00000000-0000-0000-0000-000000000/resourceGroups/00000/providers/Microsoft.MachineLearningServices/workspaces/00000/components/azureml_anonymous/versions/0058bbf4-895b-49ad-bb57-a6125b38550b",
        "name": "0058bbf4-895b-49ad-bb57-a6125b38550b",
        "type": "Microsoft.MachineLearningServices/workspaces/components/versions",
        "properties": {
          "description": null,
          "tags": {
            "tag": "tagvalue",
            "owner": "sdkteam"
          },
          "properties": {},
          "isArchived": false,
          "isAnonymous": true,
          "componentSpec": {
            "$schema": "https://azuremlschemas.azureedge.net/development/commandComponent.schema.json",
            "name": "microsoftsamples_command_component_basic",
            "version": "0.0.1",
            "display_name": "CommandComponentBasic",
            "is_deterministic": "True",
            "type": "command",
            "description": "This is the basic command component",
            "tags": {
              "tag": "tagvalue",
              "owner": "sdkteam"
            },
            "inputs": {
              "component_in_path": {
                "type": "uri_folder",
                "optional": "False",
                "description": "A path"
              },
              "component_in_number": {
                "type": "number",
                "optional": "True",
                "default": "10.99",
                "description": "A number"
              }
            },
            "outputs": {
              "component_out_path": {
                "type": "uri_folder"
              }
            },
            "environment": "azureml://registries/azureml/environments/AzureML-sklearn-1.0-ubuntu20.04-py38-cpu/versions/33",
            "resources": {
              "instance_count": "1"
            },
            "command": "echo Hello World \u0026 echo $[[${{inputs.component_in_number}}]] \u0026 echo ${{inputs.component_in_path}} \u0026 echo ${{outputs.component_out_path}} \u003E ${{outputs.component_out_path}}/component_in_number"
          }
        },
        "systemData": {
          "createdAt": "2023-03-28T05:30:45.1010686\u002B00:00",
          "createdBy": "Xingzhi Zhang",
          "createdByType": "User",
          "lastModifiedAt": "2023-03-28T05:30:45.1562432\u002B00:00",
          "lastModifiedBy": "Xingzhi Zhang",
          "lastModifiedByType": "User"
        }
      }
    },
    {
      "RequestUri": "https://management.azure.com/subscriptions/00000000-0000-0000-0000-000000000/resourceGroups/00000/providers/Microsoft.MachineLearningServices/workspaces/00000/jobs/000000000000000000000?api-version=2023-02-01-preview",
      "RequestMethod": "PUT",
      "RequestHeaders": {
        "Accept": "application/json",
        "Accept-Encoding": "gzip, deflate",
        "Connection": "keep-alive",
        "Content-Length": "1070",
        "Content-Type": "application/json",
        "User-Agent": "azure-ai-ml/1.6.0 azsdk-python-mgmt-machinelearningservices/0.1.0 Python/3.9.10 (Windows-10-10.0.22621-SP0)"
      },
      "RequestBody": {
        "properties": {
          "properties": {},
          "tags": {},
          "displayName": "my_pipeline",
          "experimentName": "azure-ai-ml",
          "isArchived": false,
          "jobType": "Pipeline",
          "inputs": {},
          "jobs": {
            "node1": {
              "name": "node1",
              "type": "command",
              "inputs": {
                "component_in_number": {
                  "job_input_type": "literal",
                  "value": "1"
                },
                "component_in_path": {
                  "uri": "https://dprepdata.blob.core.windows.net/demo/Titanic.csv",
                  "job_input_type": "uri_file"
                }
              },
              "outputs": {
                "component_out_path": {
                  "value": "${{parent.outputs.output1}}",
                  "type": "literal"
                }
              },
              "_source": "YAML.COMPONENT",
              "componentId": "/subscriptions/00000000-0000-0000-0000-000000000/resourceGroups/00000/providers/Microsoft.MachineLearningServices/workspaces/00000/components/azureml_anonymous/versions/0058bbf4-895b-49ad-bb57-a6125b38550b"
            }
          },
          "outputs": {
            "output1": {
              "description": "new description",
              "jobOutputType": "uri_folder"
            }
          },
          "settings": {
            "default_compute": "/subscriptions/00000000-0000-0000-0000-000000000/resourceGroups/00000/providers/Microsoft.MachineLearningServices/workspaces/00000/computes/cpu-cluster",
            "_source": "DSL"
          }
        }
      },
      "StatusCode": 201,
      "ResponseHeaders": {
        "Cache-Control": "no-cache",
        "Content-Length": "3307",
        "Content-Type": "application/json; charset=utf-8",
        "Date": "Tue, 28 Mar 2023 05:49:48 GMT",
        "Expires": "-1",
        "Location": "https://management.azure.com/subscriptions/00000000-0000-0000-0000-000000000/resourceGroups/00000/providers/Microsoft.MachineLearningServices/workspaces/00000/jobs/000000000000000000000?api-version=2023-02-01-preview",
        "Pragma": "no-cache",
        "Request-Context": "appId=cid-v1:2d2e8e63-272e-4b3c-8598-4ee570a0e70d",
        "Server-Timing": "traceparent;desc=\u002200-b20c5cbce209659b566aac330682d5a2-42a3a206c5f9fff3-01\u0022",
        "Strict-Transport-Security": "max-age=31536000; includeSubDomains",
        "x-aml-cluster": "vienna-eastus-01",
        "X-Content-Type-Options": "nosniff",
        "x-ms-correlation-request-id": "3ebe75bb-b24f-48c3-bc53-ed07be45b997",
        "x-ms-ratelimit-remaining-subscription-writes": "1196",
        "x-ms-response-type": "standard",
        "x-ms-routing-request-id": "JAPANEAST:20230328T054949Z:3ebe75bb-b24f-48c3-bc53-ed07be45b997",
        "x-request-time": "1.087"
      },
      "ResponseBody": {
        "id": "/subscriptions/00000000-0000-0000-0000-000000000/resourceGroups/00000/providers/Microsoft.MachineLearningServices/workspaces/00000/jobs/000000000000000000000",
        "name": "000000000000000000000",
        "type": "Microsoft.MachineLearningServices/workspaces/jobs",
        "properties": {
          "description": null,
          "tags": {},
          "properties": {
            "azureml.DevPlatv2": "true",
            "azureml.runsource": "azureml.PipelineRun",
            "runSource": "MFE",
            "runType": "HTTP",
            "azureml.parameters": "{}",
            "azureml.continue_on_step_failure": "True",
            "azureml.continue_on_failed_optional_input": "True",
            "azureml.defaultComputeName": "cpu-cluster",
            "azureml.defaultDataStoreName": "workspaceblobstore",
            "azureml.pipelineComponent": "pipelinerun"
          },
          "displayName": "my_pipeline",
          "status": "Preparing",
          "experimentName": "azure-ai-ml",
          "services": {
            "Tracking": {
              "jobServiceType": "Tracking",
              "port": null,
              "endpoint": "azureml://eastus.api.azureml.ms/mlflow/v1.0/subscriptions/00000000-0000-0000-0000-000000000/resourceGroups/00000/providers/Microsoft.MachineLearningServices/workspaces/00000?",
              "status": null,
              "errorMessage": null,
              "properties": null,
              "nodes": null
            },
            "Studio": {
              "jobServiceType": "Studio",
              "port": null,
              "endpoint": "https://ml.azure.com/runs/000000000000000000000?wsid=/subscriptions/00000000-0000-0000-0000-000000000/resourcegroups/00000/workspaces/00000",
              "status": null,
              "errorMessage": null,
              "properties": null,
              "nodes": null
            }
          },
          "computeId": null,
          "isArchived": false,
          "identity": null,
          "componentId": null,
          "notificationSetting": null,
          "jobType": "Pipeline",
          "settings": {
            "default_compute": "/subscriptions/00000000-0000-0000-0000-000000000/resourceGroups/00000/providers/Microsoft.MachineLearningServices/workspaces/00000/computes/cpu-cluster",
            "_source": "DSL"
          },
          "jobs": {
            "node1": {
              "name": "node1",
              "type": "command",
              "inputs": {
                "component_in_number": {
                  "job_input_type": "literal",
                  "value": "1"
                },
                "component_in_path": {
                  "uri": "https://dprepdata.blob.core.windows.net/demo/Titanic.csv",
                  "job_input_type": "uri_file"
                }
              },
              "outputs": {
                "component_out_path": {
                  "value": "${{parent.outputs.output1}}",
                  "type": "literal"
                }
              },
              "_source": "YAML.COMPONENT",
              "componentId": "/subscriptions/00000000-0000-0000-0000-000000000/resourceGroups/00000/providers/Microsoft.MachineLearningServices/workspaces/00000/components/azureml_anonymous/versions/0058bbf4-895b-49ad-bb57-a6125b38550b"
            }
          },
          "inputs": {},
          "outputs": {
            "output1": {
              "description": "new description",
              "uri": null,
              "assetName": null,
              "assetVersion": null,
              "mode": "ReadWriteMount",
              "jobOutputType": "uri_folder"
            }
          },
          "sourceJobId": null
        },
        "systemData": {
          "createdAt": "2023-03-28T05:49:49.4239902\u002B00:00",
          "createdBy": "Xingzhi Zhang",
          "createdByType": "User"
        }
      }
    },
    {
      "RequestUri": "https://management.azure.com/subscriptions/00000000-0000-0000-0000-000000000/resourceGroups/00000/providers/Microsoft.MachineLearningServices/workspaces/00000/jobs/000000000000000000000/cancel?api-version=2023-02-01-preview",
      "RequestMethod": "POST",
      "RequestHeaders": {
        "Accept": "application/json",
        "Accept-Encoding": "gzip, deflate",
        "Connection": "keep-alive",
        "Content-Length": "0",
        "User-Agent": "azure-ai-ml/1.6.0 azsdk-python-mgmt-machinelearningservices/0.1.0 Python/3.9.10 (Windows-10-10.0.22621-SP0)"
      },
      "RequestBody": null,
      "StatusCode": 202,
      "ResponseHeaders": {
        "Cache-Control": "no-cache",
        "Content-Length": "4",
        "Content-Type": "application/json; charset=utf-8",
        "Date": "Tue, 28 Mar 2023 05:49:52 GMT",
        "Expires": "-1",
        "Location": "https://management.azure.com/subscriptions/00000000-0000-0000-0000-000000000/providers/Microsoft.MachineLearningServices/locations/eastus/mfeOperationResults/jc:9d0665a4-e9b0-4159-b185-882b60937c19:000000000000000000000?api-version=2023-02-01-preview",
        "Pragma": "no-cache",
        "Request-Context": "appId=cid-v1:2d2e8e63-272e-4b3c-8598-4ee570a0e70d",
        "Strict-Transport-Security": "max-age=31536000; includeSubDomains",
        "x-aml-cluster": "vienna-eastus-01",
        "X-Content-Type-Options": "nosniff",
        "x-ms-async-operation-timeout": "PT1H",
        "x-ms-correlation-request-id": "ad476cfc-a303-465c-9038-32e5a073a33e",
        "x-ms-ratelimit-remaining-subscription-writes": "1199",
        "x-ms-response-type": "standard",
        "x-ms-routing-request-id": "JAPANEAST:20230328T054953Z:ad476cfc-a303-465c-9038-32e5a073a33e",
        "x-request-time": "0.524"
      },
      "ResponseBody": "null"
    },
    {
      "RequestUri": "https://management.azure.com/subscriptions/00000000-0000-0000-0000-000000000/providers/Microsoft.MachineLearningServices/locations/eastus/mfeOperationResults/jc:9d0665a4-e9b0-4159-b185-882b60937c19:000000000000000000000?api-version=2023-02-01-preview",
      "RequestMethod": "GET",
      "RequestHeaders": {
        "Accept": "*/*",
        "Accept-Encoding": "gzip, deflate",
        "Connection": "keep-alive",
        "User-Agent": "azure-ai-ml/1.6.0 azsdk-python-mgmt-machinelearningservices/0.1.0 Python/3.9.10 (Windows-10-10.0.22621-SP0)"
      },
      "RequestBody": null,
      "StatusCode": 202,
      "ResponseHeaders": {
        "Cache-Control": "no-cache",
        "Content-Length": "2",
        "Content-Type": "application/json; charset=utf-8",
        "Date": "Tue, 28 Mar 2023 05:49:53 GMT",
        "Expires": "-1",
        "Location": "https://management.azure.com/subscriptions/00000000-0000-0000-0000-000000000/providers/Microsoft.MachineLearningServices/locations/eastus/mfeOperationResults/jc:9d0665a4-e9b0-4159-b185-882b60937c19:000000000000000000000?api-version=2023-02-01-preview",
        "Pragma": "no-cache",
        "Request-Context": "appId=cid-v1:2d2e8e63-272e-4b3c-8598-4ee570a0e70d",
        "Strict-Transport-Security": "max-age=31536000; includeSubDomains",
        "x-aml-cluster": "vienna-eastus-02",
        "X-Content-Type-Options": "nosniff",
        "x-ms-correlation-request-id": "1f230407-432d-418d-8b5e-3f221242cb77",
        "x-ms-ratelimit-remaining-subscription-reads": "11999",
        "x-ms-response-type": "standard",
        "x-ms-routing-request-id": "JAPANEAST:20230328T054953Z:1f230407-432d-418d-8b5e-3f221242cb77",
        "x-request-time": "0.031"
      },
      "ResponseBody": {}
    },
    {
      "RequestUri": "https://management.azure.com/subscriptions/00000000-0000-0000-0000-000000000/providers/Microsoft.MachineLearningServices/locations/eastus/mfeOperationResults/jc:9d0665a4-e9b0-4159-b185-882b60937c19:000000000000000000000?api-version=2023-02-01-preview",
      "RequestMethod": "GET",
      "RequestHeaders": {
        "Accept": "*/*",
        "Accept-Encoding": "gzip, deflate",
        "Connection": "keep-alive",
        "User-Agent": "azure-ai-ml/1.6.0 azsdk-python-mgmt-machinelearningservices/0.1.0 Python/3.9.10 (Windows-10-10.0.22621-SP0)"
      },
      "RequestBody": null,
      "StatusCode": 200,
      "ResponseHeaders": {
        "Cache-Control": "no-cache",
        "Content-Length": "0",
        "Date": "Tue, 28 Mar 2023 05:50:23 GMT",
        "Expires": "-1",
        "Pragma": "no-cache",
        "Request-Context": "appId=cid-v1:2d2e8e63-272e-4b3c-8598-4ee570a0e70d",
        "Server-Timing": "traceparent;desc=\u002200-a9a9340e8a8b59b5ad31079c6671d9b0-57ac6a85fac09d49-01\u0022",
        "Strict-Transport-Security": "max-age=31536000; includeSubDomains",
        "x-aml-cluster": "vienna-eastus-02",
        "X-Content-Type-Options": "nosniff",
        "x-ms-correlation-request-id": "6fb8651d-efb1-4ebc-a22c-ce4bbbec218c",
        "x-ms-ratelimit-remaining-subscription-reads": "11998",
        "x-ms-response-type": "standard",
        "x-ms-routing-request-id": "JAPANEAST:20230328T055024Z:6fb8651d-efb1-4ebc-a22c-ce4bbbec218c",
        "x-request-time": "0.055"
      },
      "ResponseBody": null
    },
    {
      "RequestUri": "https://management.azure.com/subscriptions/00000000-0000-0000-0000-000000000/resourceGroups/00000/providers/Microsoft.MachineLearningServices/workspaces/00000/components/my_pipeline?api-version=2022-10-01",
      "RequestMethod": "GET",
      "RequestHeaders": {
        "Accept": "application/json",
        "Accept-Encoding": "gzip, deflate",
        "Connection": "keep-alive",
        "User-Agent": "azure-ai-ml/1.6.0 azsdk-python-mgmt-machinelearningservices/0.1.0 Python/3.9.10 (Windows-10-10.0.22621-SP0)"
      },
      "RequestBody": null,
      "StatusCode": 200,
      "ResponseHeaders": {
        "Cache-Control": "no-cache",
        "Content-Encoding": "gzip",
        "Content-Type": "application/json; charset=utf-8",
        "Date": "Tue, 28 Mar 2023 05:50:23 GMT",
        "Expires": "-1",
        "Pragma": "no-cache",
        "Request-Context": "appId=cid-v1:2d2e8e63-272e-4b3c-8598-4ee570a0e70d",
        "Server-Timing": "traceparent;desc=\u002200-ded3c224d189493c61d901c4be4a47ab-fc25d18e936abda4-01\u0022",
        "Strict-Transport-Security": "max-age=31536000; includeSubDomains",
        "Transfer-Encoding": "chunked",
        "Vary": [
          "Accept-Encoding",
          "Accept-Encoding"
        ],
        "x-aml-cluster": "vienna-eastus-01",
        "X-Content-Type-Options": "nosniff",
        "x-ms-correlation-request-id": "75147333-4c90-4a3a-91a1-28b4ffd1f6c2",
        "x-ms-ratelimit-remaining-subscription-reads": "11997",
        "x-ms-response-type": "standard",
        "x-ms-routing-request-id": "JAPANEAST:20230328T055024Z:75147333-4c90-4a3a-91a1-28b4ffd1f6c2",
        "x-request-time": "0.081"
      },
      "ResponseBody": {
        "id": "/subscriptions/00000000-0000-0000-0000-000000000/resourceGroups/00000/providers/Microsoft.MachineLearningServices/workspaces/00000/components/my_pipeline",
        "name": "my_pipeline",
        "type": "Microsoft.MachineLearningServices/workspaces/components",
        "properties": {
          "description": "",
          "tags": {},
          "properties": {},
          "isArchived": false,
          "latestVersion": null,
          "nextVersion": "2023-03-28-05-50-24-8155110"
        },
        "systemData": {
          "createdAt": "2023-03-28T05:37:47.7730295\u002B00:00",
          "lastModifiedAt": "2023-03-28T05:37:47.8593904\u002B00:00"
        }
      }
    },
    {
      "RequestUri": "https://management.azure.com/subscriptions/00000000-0000-0000-0000-000000000/resourceGroups/00000/providers/Microsoft.MachineLearningServices/workspaces/00000/components/my_pipeline/versions/2023-03-28-05-50-24-8155110?api-version=2022-10-01",
      "RequestMethod": "PUT",
      "RequestHeaders": {
        "Accept": "application/json",
        "Accept-Encoding": "gzip, deflate",
        "Connection": "keep-alive",
        "Content-Length": "909",
        "Content-Type": "application/json",
        "User-Agent": "azure-ai-ml/1.6.0 azsdk-python-mgmt-machinelearningservices/0.1.0 Python/3.9.10 (Windows-10-10.0.22621-SP0)"
      },
      "RequestBody": {
        "properties": {
          "properties": {},
          "tags": {},
          "isAnonymous": false,
          "isArchived": false,
          "componentSpec": {
            "name": "my_pipeline",
            "display_name": "my_pipeline",
            "outputs": {
              "output1": {
                "type": "uri_folder",
                "description": "new description"
              }
            },
            "type": "pipeline",
            "jobs": {
              "node1": {
                "name": "node1",
                "type": "command",
                "inputs": {
                  "component_in_number": {
                    "job_input_type": "literal",
                    "value": "1"
                  },
                  "component_in_path": {
                    "uri": "https://dprepdata.blob.core.windows.net/demo/Titanic.csv",
                    "job_input_type": "uri_file"
                  }
                },
                "outputs": {
                  "component_out_path": {
                    "value": "${{parent.outputs.output1}}",
                    "type": "literal"
                  }
                },
                "_source": "YAML.COMPONENT",
                "componentId": "/subscriptions/00000000-0000-0000-0000-000000000/resourceGroups/00000/providers/Microsoft.MachineLearningServices/workspaces/00000/components/azureml_anonymous/versions/0058bbf4-895b-49ad-bb57-a6125b38550b"
              }
            },
            "_source": "DSL",
            "sourceJobId": null
          }
        }
      },
      "StatusCode": 201,
      "ResponseHeaders": {
        "Cache-Control": "no-cache",
        "Content-Length": "1068",
        "Content-Type": "application/json; charset=utf-8",
        "Date": "Tue, 28 Mar 2023 05:50:26 GMT",
        "Expires": "-1",
        "Location": "https://management.azure.com/subscriptions/00000000-0000-0000-0000-000000000/resourceGroups/00000/providers/Microsoft.MachineLearningServices/workspaces/00000/components/my_pipeline/versions/2023-03-28-05-50-24-8155110?api-version=2022-10-01",
        "Pragma": "no-cache",
        "Request-Context": "appId=cid-v1:2d2e8e63-272e-4b3c-8598-4ee570a0e70d",
        "Server-Timing": "traceparent;desc=\u002200-bc4297c367d07e9a5b1d623c7723ce8b-13399fe14b1acdff-01\u0022",
        "Strict-Transport-Security": "max-age=31536000; includeSubDomains",
        "x-aml-cluster": "vienna-eastus-01",
        "X-Content-Type-Options": "nosniff",
        "x-ms-correlation-request-id": "ddbc6683-0243-457c-bd70-ca382eede7fa",
        "x-ms-ratelimit-remaining-subscription-writes": "1195",
        "x-ms-response-type": "standard",
        "x-ms-routing-request-id": "JAPANEAST:20230328T055027Z:ddbc6683-0243-457c-bd70-ca382eede7fa",
        "x-request-time": "2.091"
      },
      "ResponseBody": {
        "id": "/subscriptions/00000000-0000-0000-0000-000000000/resourceGroups/00000/providers/Microsoft.MachineLearningServices/workspaces/00000/components/my_pipeline/versions/2023-03-28-05-50-24-8155110",
        "name": "2023-03-28-05-50-24-8155110",
        "type": "Microsoft.MachineLearningServices/workspaces/components/versions",
        "properties": {
          "description": null,
          "tags": {},
          "properties": {},
          "isArchived": false,
          "isAnonymous": false,
          "componentSpec": {
            "name": "my_pipeline",
            "version": "2023-03-28-05-50-24-8155110",
            "display_name": "my_pipeline",
            "is_deterministic": "False",
            "type": "pipeline",
            "outputs": {
              "output1": {
                "type": "uri_folder",
                "description": "new description"
              }
            }
          }
        },
        "systemData": {
          "createdAt": "2023-03-28T05:50:27.2265062\u002B00:00",
          "createdBy": "Xingzhi Zhang",
          "createdByType": "User",
          "lastModifiedAt": "2023-03-28T05:50:27.3184409\u002B00:00",
          "lastModifiedBy": "Xingzhi Zhang",
          "lastModifiedByType": "User"
        }
      }
    }
  ],
  "Variables": {}
}
