{
  "Entries": [
    {
      "RequestUri": "https://management.azure.com/subscriptions/00000000-0000-0000-0000-000000000/resourceGroups/00000/providers/Microsoft.MachineLearningServices/workspaces/00000?api-version=2022-10-01",
      "RequestMethod": "GET",
      "RequestHeaders": {
        "Accept": "application/json",
        "Accept-Encoding": "gzip, deflate",
        "Connection": "keep-alive",
        "User-Agent": "azure-ai-ml/1.5.0 azsdk-python-mgmt-machinelearningservices/0.1.0 Python/3.7.9 (Windows-10-10.0.22621-SP0)"
      },
      "RequestBody": null,
      "StatusCode": 200,
      "ResponseHeaders": {
        "Cache-Control": "no-cache",
        "Content-Encoding": "gzip",
        "Content-Type": "application/json; charset=utf-8",
        "Date": "Wed, 01 Mar 2023 19:24:57 GMT",
        "Expires": "-1",
        "Pragma": "no-cache",
        "Request-Context": "appId=cid-v1:2d2e8e63-272e-4b3c-8598-4ee570a0e70d",
        "Server-Timing": "traceparent;desc=\u002200-6dec37b67d7bfb95f706be797bd1c82e-0edca2784a22deaa-01\u0022",
        "Strict-Transport-Security": "max-age=31536000; includeSubDomains",
        "Transfer-Encoding": "chunked",
        "Vary": [
          "Accept-Encoding",
          "Accept-Encoding"
        ],
        "x-aml-cluster": "vienna-eastus2-01",
        "X-Content-Type-Options": "nosniff",
        "x-ms-correlation-request-id": "e72e7815-3696-444f-a88b-8b22cbc18ea5",
        "x-ms-ratelimit-remaining-subscription-reads": "11999",
        "x-ms-response-type": "standard",
        "x-ms-routing-request-id": "WESTUS2:20230301T192458Z:e72e7815-3696-444f-a88b-8b22cbc18ea5",
        "x-request-time": "0.114"
      },
      "ResponseBody": {
        "id": "/subscriptions/00000000-0000-0000-0000-000000000/resourceGroups/00000/providers/Microsoft.MachineLearningServices/workspaces/00000",
        "name": "00000",
        "type": "Microsoft.MachineLearningServices/workspaces",
        "location": "eastus2",
        "tags": {},
        "etag": null,
        "properties": {
          "friendlyName": "00000",
          "description": "",
          "storageAccount": "/subscriptions/00000000-0000-0000-0000-000000000/resourceGroups/00000/providers/Microsoft.Storage/storageAccounts/saveorz2izv2bas",
          "keyVault": "/subscriptions/00000000-0000-0000-0000-000000000/resourceGroups/00000/providers/Microsoft.Keyvault/vaults/kvtest4k4d3fds6sjxs",
          "applicationInsights": "/subscriptions/00000000-0000-0000-0000-000000000/resourceGroups/00000/providers/Microsoft.insights/components/aiveorz2izv2bas",
          "hbiWorkspace": false,
          "tenantId": "72f988bf-86f1-41af-91ab-2d7cd011db47",
          "imageBuildCompute": null,
          "provisioningState": "Succeeded",
          "v1LegacyMode": false,
          "softDeleteEnabled": false,
          "containerRegistry": "/subscriptions/00000000-0000-0000-0000-000000000/resourceGroups/00000/providers/Microsoft.ContainerRegistry/registries/crveorz2izv2bas",
          "notebookInfo": {
            "resourceId": "0000000-0000-0000-0000-000000000000",
            "fqdn": "ml-sdkvnextcli-eastus2-2d1e66ae-85e3-42c0-be91-34de66397f26.eastus2.notebooks.azure.net",
            "isPrivateLinkEnabled": false,
            "notebookPreparationError": null
          },
          "datastoreType": "AzureBlob",
          "accountName": "sa7tmr6bcsy7aeu",
          "containerName": "azureml-blobstore-ecbb7cb0-7fe6-4581-aa65-c0ed290f5304",
          "endpoint": "core.windows.net",
          "protocol": "https",
          "serviceDataAccessAuthIdentity": "WorkspaceSystemAssignedIdentity"
        },
        "systemData": {
          "createdAt": "2023-03-01T18:54:34.5655417\u002B00:00",
          "createdBy": "779301c0-18b2-4cdc-801b-a0a3368fee0a",
          "createdByType": "Application",
          "lastModifiedAt": "2023-03-01T18:54:35.1429263\u002B00:00",
          "lastModifiedBy": "779301c0-18b2-4cdc-801b-a0a3368fee0a",
          "lastModifiedByType": "Application"
        }
      }
    },
    {
      "RequestUri": "https://eastus2.api.azureml.ms/content/v2.0/subscriptions/00000000-0000-0000-0000-000000000/resourceGroups/00000/providers/Microsoft.MachineLearningServices/workspaces/00000/snapshots/getByHash?hash=d3c05b496c685e7e5a204e3cebc689086bd0f622c2975d8090c18968739a464a\u0026hashVersion=202208",
      "RequestMethod": "GET",
      "RequestHeaders": {
        "Accept": "*/*",
        "Accept-Encoding": "gzip, deflate",
        "Connection": "keep-alive",
        "Content-Length": "0",
        "User-Agent": "azure-ai-ml/1.5.0 azsdk-python-mgmt-machinelearningservices/0.1.0 Python/3.7.9 (Windows-10-10.0.22621-SP0)"
      },
      "RequestBody": null,
      "StatusCode": 200,
      "ResponseHeaders": {
        "Connection": "keep-alive",
        "Content-Encoding": "gzip",
        "Content-Type": "application/json; charset=utf-8",
        "Date": "Wed, 01 Mar 2023 19:24:58 GMT",
        "Expires": "-1",
        "Pragma": "no-cache",
        "Request-Context": "appId=cid-v1:2d2e8e63-272e-4b3c-8598-4ee570a0e70d",
        "Server-Timing": "traceparent;desc=\u002200-e06c6f0181b0452742ec95019a5f0b31-77eb4af83fb58b0b-01\u0022",
        "Strict-Transport-Security": "max-age=31536000; includeSubDomains",
        "Transfer-Encoding": "chunked",
        "Vary": "Accept-Encoding",
        "x-aml-cluster": "vienna-eastus2-01",
        "X-Content-Type-Options": "nosniff",
        "x-ms-correlation-request-id": "2619af51-a269-450f-ad79-f1172ecb4d67",
        "x-ms-ratelimit-remaining-subscription-writes": "1199",
        "x-ms-response-type": "standard",
        "x-ms-routing-request-id": "WESTUS2:20230301T192459Z:2619af51-a269-450f-ad79-f1172ecb4d67",
        "x-request-time": "0.178"
      },
      "ResponseBody": {
        "snapshotType": "LocalFiles",
        "id": "9b43efc6-3388-4585-99dc-71aea82a739c",
        "root": {
          "name": "",
          "hash": null,
          "type": "Directory",
          "timestamp": "0001-01-01T00:00:00\u002B00:00",
          "sasUrl": null,
          "absoluteUrl": null,
          "sizeBytes": 0,
          "sizeSet": false,
          "children": {
            "COMPONENT_PLACEHOLDER": {
              "name": "COMPONENT_PLACEHOLDER",
              "hash": "2FF0E74A91489FE8DA41673EB1441D73",
              "type": "File",
              "timestamp": "0001-01-01T00:00:00\u002B00:00",
              "sasUrl": null,
              "absoluteUrl": null,
              "sizeBytes": 35,
              "sizeSet": true,
              "children": {}
            }
          }
        },
        "tags": {},
        "properties": {
          "hash_sha256": "d3c05b496c685e7e5a204e3cebc689086bd0f622c2975d8090c18968739a464a",
          "hash_version": "202208",
          "azureml.codeUri": "https://saveorz2izv2bas.blob.core.windows.net:443/2d1e66ae-8-4d828c93-7c8f-558b-b99d-d21850cf37d9/"
        },
        "description": null,
        "name": "e7a3f40e-eb47-4499-9b80-1e5d911878f8",
        "version": "1",
        "createdBy": {
          "userObjectId": "b3a957de-450c-4ca7-b2aa-88dd98c87fef",
          "userPuId": "10037FFEAD05DD5D",
          "userIdp": null,
          "userAltSecId": null,
          "userIss": "https://sts.windows.net/72f988bf-86f1-41af-91ab-2d7cd011db47/",
          "userTenantId": "72f988bf-86f1-41af-91ab-2d7cd011db47",
          "userName": "Diondra Peck",
          "upn": null
        },
        "createdTime": "2023-02-23T02:16:10.3151666\u002B00:00",
        "modifiedBy": {
          "userObjectId": "b3a957de-450c-4ca7-b2aa-88dd98c87fef",
          "userPuId": "10037FFEAD05DD5D",
          "userIdp": null,
          "userAltSecId": null,
          "userIss": "https://sts.windows.net/72f988bf-86f1-41af-91ab-2d7cd011db47/",
          "userTenantId": "72f988bf-86f1-41af-91ab-2d7cd011db47",
          "userName": "Diondra Peck",
          "upn": null
        },
        "modifiedTime": "2023-02-23T02:16:10.3151666\u002B00:00",
        "gitRepositoryCommit": null,
        "uri": "https://saveorz2izv2bas.blob.core.windows.net:443/2d1e66ae-8-4d828c93-7c8f-558b-b99d-d21850cf37d9/",
        "contentHash": "d3c05b496c685e7e5a204e3cebc689086bd0f622c2975d8090c18968739a464a",
        "hashVersion": "202208",
        "provisioningState": "Succeeded"
      }
    },
    {
      "RequestUri": "https://sa7tmr6bcsy7aeu.blob.core.windows.net/azureml-blobstore-ecbb7cb0-7fe6-4581-aa65-c0ed290f5304/LocalUpload/00000000000000000000000000000000/COMPONENT_PLACEHOLDER",
      "RequestMethod": "HEAD",
      "RequestHeaders": {
        "Accept": "application/xml",
        "Accept-Encoding": "gzip, deflate",
        "Connection": "keep-alive",
        "User-Agent": "azsdk-python-storage-blob/12.14.1 Python/3.7.9 (Windows-10-10.0.22621-SP0)",
        "x-ms-date": "Wed, 01 Mar 2023 19:24:59 GMT",
        "x-ms-version": "2021-08-06"
      },
      "RequestBody": null,
      "StatusCode": 200,
      "ResponseHeaders": {
        "Accept-Ranges": "bytes",
        "Content-Length": "35",
        "Content-MD5": "L/DnSpFIn\u002BjaQWc\u002BsUQdcw==",
        "Content-Type": "application/octet-stream",
        "Date": "Wed, 01 Mar 2023 19:25:01 GMT",
        "ETag": "\u00220x8DB1A894AB1FB77\u0022",
        "Last-Modified": "Wed, 01 Mar 2023 19:15:16 GMT",
        "Server": [
          "Windows-Azure-Blob/1.0",
          "Microsoft-HTTPAPI/2.0"
        ],
        "Vary": "Origin",
        "x-ms-access-tier": "Hot",
        "x-ms-access-tier-inferred": "true",
        "x-ms-blob-type": "BlockBlob",
        "x-ms-creation-time": "Wed, 01 Mar 2023 19:15:16 GMT",
        "x-ms-lease-state": "available",
        "x-ms-lease-status": "unlocked",
        "x-ms-meta-name": "5330c30d-feea-4148-b3ec-5c06ce51c74c",
        "x-ms-meta-upload_status": "completed",
        "x-ms-meta-version": "1",
        "x-ms-server-encrypted": "true",
        "x-ms-version": "2021-08-06"
      },
      "ResponseBody": null
    },
    {
      "RequestUri": "https://sa7tmr6bcsy7aeu.blob.core.windows.net/azureml-blobstore-ecbb7cb0-7fe6-4581-aa65-c0ed290f5304/az-ml-artifacts/00000000000000000000000000000000/COMPONENT_PLACEHOLDER",
      "RequestMethod": "HEAD",
      "RequestHeaders": {
        "Accept": "application/xml",
        "Accept-Encoding": "gzip, deflate",
        "Connection": "keep-alive",
        "User-Agent": "azsdk-python-storage-blob/12.14.1 Python/3.7.9 (Windows-10-10.0.22621-SP0)",
        "x-ms-date": "Wed, 01 Mar 2023 19:25:02 GMT",
        "x-ms-version": "2021-08-06"
      },
      "RequestBody": null,
      "StatusCode": 404,
      "ResponseHeaders": {
        "Date": "Wed, 01 Mar 2023 19:25:01 GMT",
        "Server": [
          "Windows-Azure-Blob/1.0",
          "Microsoft-HTTPAPI/2.0"
        ],
        "Transfer-Encoding": "chunked",
        "Vary": "Origin",
        "x-ms-error-code": "BlobNotFound",
        "x-ms-version": "2021-08-06"
      },
      "ResponseBody": null
    },
    {
      "RequestUri": "https://management.azure.com/subscriptions/00000000-0000-0000-0000-000000000/resourceGroups/00000/providers/Microsoft.MachineLearningServices/workspaces/00000/codes/5330c30d-feea-4148-b3ec-5c06ce51c74c/versions/1?api-version=2022-05-01",
      "RequestMethod": "PUT",
      "RequestHeaders": {
        "Accept": "application/json",
        "Accept-Encoding": "gzip, deflate",
        "Connection": "keep-alive",
        "Content-Length": "288",
        "Content-Type": "application/json",
        "User-Agent": "azure-ai-ml/1.5.0 azsdk-python-mgmt-machinelearningservices/0.1.0 Python/3.7.9 (Windows-10-10.0.22621-SP0)"
      },
      "RequestBody": {
        "properties": {
          "properties": {
            "hash_sha256": "0000000000000",
            "hash_version": "0000000000000"
          },
          "isAnonymous": true,
          "isArchived": false,
          "codeUri": "https://sa7tmr6bcsy7aeu.blob.core.windows.net/azureml-blobstore-ecbb7cb0-7fe6-4581-aa65-c0ed290f5304/LocalUpload/00000000000000000000000000000000"
        }
      },
      "RequestBody": null,
      "StatusCode": 200,
      "ResponseHeaders": {
        "Cache-Control": "no-cache",
        "Content-Encoding": "gzip",
        "Content-Type": "application/json; charset=utf-8",
        "Date": "Wed, 01 Mar 2023 19:25:03 GMT",
        "Expires": "-1",
        "Pragma": "no-cache",
        "Request-Context": "appId=cid-v1:2d2e8e63-272e-4b3c-8598-4ee570a0e70d",
        "Server-Timing": "traceparent;desc=\u002200-9cad392127f1887810c2c1c6eb956e39-b6a3eb092df85a1a-01\u0022",
        "Strict-Transport-Security": "max-age=31536000; includeSubDomains",
        "Transfer-Encoding": "chunked",
        "Vary": [
          "Accept-Encoding",
          "Accept-Encoding"
        ],
        "x-aml-cluster": "vienna-eastus2-01",
        "X-Content-Type-Options": "nosniff",
        "x-ms-correlation-request-id": "52df3fdd-ae6f-4a06-b4f8-40950a96b572",
        "x-ms-ratelimit-remaining-subscription-writes": "1199",
        "x-ms-response-type": "standard",
        "x-ms-routing-request-id": "WESTUS2:20230301T192504Z:52df3fdd-ae6f-4a06-b4f8-40950a96b572",
        "x-request-time": "0.121"
      },
      "ResponseBody": {
        "id": "/subscriptions/00000000-0000-0000-0000-000000000/resourceGroups/00000/providers/Microsoft.MachineLearningServices/workspaces/00000/codes/5330c30d-feea-4148-b3ec-5c06ce51c74c/versions/1",
        "name": "1",
        "type": "Microsoft.MachineLearningServices/workspaces/codes/versions",
        "properties": {
          "description": null,
          "tags": {},
          "properties": {
            "hash_sha256": "0000000000000",
            "hash_version": "0000000000000"
          },
          "isArchived": false,
          "isAnonymous": false,
          "codeUri": "https://sa7tmr6bcsy7aeu.blob.core.windows.net/azureml-blobstore-ecbb7cb0-7fe6-4581-aa65-c0ed290f5304/LocalUpload/00000000000000000000000000000000"
        },
        "systemData": {
          "createdAt": "2023-03-01T19:15:17.4075491\u002B00:00",
          "createdBy": "Firstname Lastname",
          "createdByType": "User",
          "lastModifiedAt": "2023-03-01T19:25:04.2629102\u002B00:00",
          "lastModifiedBy": "Firstname Lastname",
          "lastModifiedByType": "User"
        }
      }
    },
    {
      "RequestUri": "https://management.azure.com/subscriptions/00000000-0000-0000-0000-000000000/resourceGroups/00000/providers/Microsoft.MachineLearningServices/workspaces/00000/components/azureml_anonymous/versions/2df59313-2766-e48c-6813-ff0e8dc6e7bb?api-version=2022-10-01",
      "RequestMethod": "PUT",
      "RequestHeaders": {
        "Accept": "application/json",
        "Accept-Encoding": "gzip, deflate",
        "Connection": "keep-alive",
        "Content-Length": "1308",
        "Content-Type": "application/json",
        "User-Agent": "azure-ai-ml/1.5.0 azsdk-python-mgmt-machinelearningservices/0.1.0 Python/3.7.9 (Windows-10-10.0.22621-SP0)"
      },
      "RequestBody": {
        "properties": {
          "description": "This is the basic command component",
          "properties": {},
          "tags": {
            "tag": "tagvalue",
            "owner": "sdkteam"
          },
          "isAnonymous": true,
          "isArchived": false,
          "componentSpec": {
            "command": "echo Hello World \u0026 echo $[[${{inputs.component_in_number}}]] \u0026 echo ${{inputs.component_in_path}} \u0026 echo ${{outputs.component_out_path}} \u003E ${{outputs.component_out_path}}/component_in_number",
            "code": "azureml:/subscriptions/00000000-0000-0000-0000-000000000/resourceGroups/00000/providers/Microsoft.MachineLearningServices/workspaces/00000/codes/5330c30d-feea-4148-b3ec-5c06ce51c74c/versions/1",
            "environment": "azureml:AzureML-sklearn-1.0-ubuntu20.04-py38-cpu:33",
            "name": "microsoftsamples_command_component_basic",
            "description": "This is the basic command component",
            "tags": {
              "tag": "tagvalue",
              "owner": "sdkteam"
            },
            "version": "0.0.1",
            "$schema": "https://azuremlschemas.azureedge.net/development/commandComponent.schema.json",
            "display_name": "CommandComponentBasic",
            "is_deterministic": true,
            "inputs": {
              "component_in_number": {
                "type": "number",
                "optional": true,
                "default": "10.99",
                "description": "A number"
              },
              "component_in_path": {
                "type": "uri_folder",
                "description": "A path"
              }
            },
            "outputs": {
              "component_out_path": {
                "type": "uri_folder"
              }
            },
            "type": "command",
            "_source": "YAML.COMPONENT"
          }
        }
      },
      "StatusCode": 201,
      "ResponseHeaders": {
        "Cache-Control": "no-cache",
        "Content-Length": "2295",
        "Content-Type": "application/json; charset=utf-8",
        "Date": "Wed, 01 Mar 2023 19:25:04 GMT",
        "Expires": "-1",
        "Location": "https://management.azure.com/subscriptions/00000000-0000-0000-0000-000000000/resourceGroups/00000/providers/Microsoft.MachineLearningServices/workspaces/00000/components/azureml_anonymous/versions/2df59313-2766-e48c-6813-ff0e8dc6e7bb?api-version=2022-10-01",
        "Pragma": "no-cache",
        "Request-Context": "appId=cid-v1:2d2e8e63-272e-4b3c-8598-4ee570a0e70d",
        "Server-Timing": "traceparent;desc=\u002200-04cae900c056b80d7438eab4906cc7bf-11851eff176c6db5-01\u0022",
        "Strict-Transport-Security": "max-age=31536000; includeSubDomains",
        "x-aml-cluster": "vienna-eastus2-01",
        "X-Content-Type-Options": "nosniff",
        "x-ms-correlation-request-id": "eba8d93b-214b-47ff-8163-2c4cd5cf9b56",
        "x-ms-ratelimit-remaining-subscription-writes": "1198",
        "x-ms-response-type": "standard",
        "x-ms-routing-request-id": "WESTUS2:20230301T192505Z:eba8d93b-214b-47ff-8163-2c4cd5cf9b56",
        "x-request-time": "0.556"
      },
      "ResponseBody": {
        "id": "/subscriptions/00000000-0000-0000-0000-000000000/resourceGroups/00000/providers/Microsoft.MachineLearningServices/workspaces/00000/components/azureml_anonymous/versions/7a5dbecb-c64c-41de-8972-a9172b8dcd04",
        "name": "7a5dbecb-c64c-41de-8972-a9172b8dcd04",
        "type": "Microsoft.MachineLearningServices/workspaces/components/versions",
        "properties": {
          "description": null,
          "tags": {
            "tag": "tagvalue",
            "owner": "sdkteam"
          },
          "properties": {},
          "isArchived": false,
          "isAnonymous": true,
          "componentSpec": {
            "name": "microsoftsamples_command_component_basic",
            "version": "0.0.1",
            "display_name": "CommandComponentBasic",
            "is_deterministic": "True",
            "type": "command",
            "description": "This is the basic command component",
            "tags": {
              "tag": "tagvalue",
              "owner": "sdkteam"
            },
            "inputs": {
              "component_in_path": {
                "type": "uri_folder",
                "optional": "False",
                "description": "A path"
              },
              "component_in_number": {
                "type": "number",
                "optional": "True",
                "default": "10.99",
                "description": "A number"
              }
            },
            "outputs": {
              "component_out_path": {
                "type": "uri_folder"
              }
            },
            "code": "azureml:/subscriptions/00000000-0000-0000-0000-000000000/resourceGroups/00000/providers/Microsoft.MachineLearningServices/workspaces/00000/codes/5330c30d-feea-4148-b3ec-5c06ce51c74c/versions/1",
            "environment": "azureml://registries/azureml/environments/AzureML-sklearn-1.0-ubuntu20.04-py38-cpu/versions/33",
            "resources": {
              "instance_count": "1"
            },
            "command": "echo Hello World \u0026 echo $[[${{inputs.component_in_number}}]] \u0026 echo ${{inputs.component_in_path}} \u0026 echo ${{outputs.component_out_path}} \u003E ${{outputs.component_out_path}}/component_in_number",
            "$schema": "https://azuremlschemas.azureedge.net/development/commandComponent.schema.json"
          }
        },
        "systemData": {
          "createdAt": "2023-03-01T19:16:25.9549434\u002B00:00",
          "createdBy": "Firstname Lastname",
          "createdByType": "User",
          "lastModifiedAt": "2023-03-01T19:16:26.0208139\u002B00:00",
          "lastModifiedBy": "Firstname Lastname",
          "lastModifiedByType": "User"
        }
      }
    },
    {
      "RequestUri": "https://management.azure.com/subscriptions/00000000-0000-0000-0000-000000000/resourceGroups/00000/providers/Microsoft.MachineLearningServices/workspaces/00000/components/azureml_anonymous/versions/543568e2-93a9-7f8d-72b2-aedca1dcda2b?api-version=2022-10-01",
      "RequestMethod": "PUT",
      "RequestHeaders": {
        "Accept": "application/json",
        "Accept-Encoding": "gzip, deflate",
        "Connection": "keep-alive",
        "Content-Length": "832",
        "Content-Type": "application/json",
        "User-Agent": "azure-ai-ml/1.5.0 azsdk-python-mgmt-machinelearningservices/0.1.0 Python/3.7.9 (Windows-10-10.0.22621-SP0)"
      },
      "RequestBody": {
        "properties": {
          "properties": {},
          "tags": {},
          "isAnonymous": true,
          "isArchived": false,
          "componentSpec": {
            "name": "sub_pipeline",
            "display_name": "sub_pipeline",
            "outputs": {
              "sub_pipeine_a_output": {
                "type": "uri_folder"
              }
            },
            "type": "pipeline",
            "jobs": {
              "node": {
                "name": "node",
                "type": "command",
                "inputs": {
                  "component_in_path": {
                    "uri": "https://dprepdata.blob.core.windows.net/demo/Titanic.csv",
                    "job_input_type": "uri_file"
                  }
                },
                "outputs": {
                  "component_out_path": {
                    "value": "${{parent.outputs.sub_pipeine_a_output}}",
                    "type": "literal"
                  }
                },
                "_source": "YAML.COMPONENT",
                "componentId": "/subscriptions/00000000-0000-0000-0000-000000000/resourceGroups/00000/providers/Microsoft.MachineLearningServices/workspaces/00000/components/azureml_anonymous/versions/7a5dbecb-c64c-41de-8972-a9172b8dcd04"
              }
            },
            "_source": "DSL",
            "sourceJobId": null
          }
        }
      },
      "StatusCode": 201,
      "ResponseHeaders": {
        "Cache-Control": "no-cache",
        "Content-Length": "1012",
        "Content-Type": "application/json; charset=utf-8",
        "Date": "Wed, 01 Mar 2023 19:25:06 GMT",
        "Expires": "-1",
        "Location": "https://management.azure.com/subscriptions/00000000-0000-0000-0000-000000000/resourceGroups/00000/providers/Microsoft.MachineLearningServices/workspaces/00000/components/azureml_anonymous/versions/543568e2-93a9-7f8d-72b2-aedca1dcda2b?api-version=2022-10-01",
        "Pragma": "no-cache",
        "Request-Context": "appId=cid-v1:2d2e8e63-272e-4b3c-8598-4ee570a0e70d",
        "Server-Timing": "traceparent;desc=\u002200-17201e8513c71c0e766bd35291032b2c-7fa3281b335ec334-01\u0022",
        "Strict-Transport-Security": "max-age=31536000; includeSubDomains",
        "x-aml-cluster": "vienna-eastus2-01",
        "X-Content-Type-Options": "nosniff",
        "x-ms-correlation-request-id": "b4050603-f230-417e-a52e-715fe1f25e6f",
        "x-ms-ratelimit-remaining-subscription-writes": "1197",
        "x-ms-response-type": "standard",
        "x-ms-routing-request-id": "WESTUS2:20230301T192507Z:b4050603-f230-417e-a52e-715fe1f25e6f",
        "x-request-time": "1.229"
      },
      "ResponseBody": {
        "id": "/subscriptions/00000000-0000-0000-0000-000000000/resourceGroups/00000/providers/Microsoft.MachineLearningServices/workspaces/00000/components/azureml_anonymous/versions/14b558fc-451a-4e64-8753-c47733d77a80",
        "name": "14b558fc-451a-4e64-8753-c47733d77a80",
        "type": "Microsoft.MachineLearningServices/workspaces/components/versions",
        "properties": {
          "description": null,
          "tags": {},
          "properties": {},
          "isArchived": false,
          "isAnonymous": true,
          "componentSpec": {
            "name": "sub_pipeline",
            "display_name": "sub_pipeline",
            "is_deterministic": "False",
            "type": "pipeline",
            "outputs": {
              "sub_pipeine_a_output": {
                "type": "uri_folder"
              }
            }
          }
        },
        "systemData": {
          "createdAt": "2023-03-01T19:25:07.2416622\u002B00:00",
          "createdBy": "Firstname Lastname",
          "createdByType": "User",
          "lastModifiedAt": "2023-03-01T19:25:07.2416622\u002B00:00",
          "lastModifiedBy": "Firstname Lastname",
          "lastModifiedByType": "User"
        }
      }
    },
    {
      "RequestUri": "https://management.azure.com/subscriptions/00000000-0000-0000-0000-000000000/resourceGroups/00000/providers/Microsoft.MachineLearningServices/workspaces/00000/jobs/000000000000000000000?api-version=2022-12-01-preview",
      "RequestMethod": "PUT",
      "RequestHeaders": {
        "Accept": "application/json",
        "Accept-Encoding": "gzip, deflate",
        "Connection": "keep-alive",
        "Content-Length": "2517",
        "Content-Type": "application/json",
        "User-Agent": "azure-ai-ml/1.5.0 azsdk-python-mgmt-machinelearningservices/0.1.0 Python/3.7.9 (Windows-10-10.0.22621-SP0)"
      },
      "RequestBody": {
        "properties": {
          "properties": {},
          "tags": {},
          "displayName": "register_both_output",
          "experimentName": "azure-ai-ml",
          "isArchived": false,
          "jobType": "Pipeline",
          "inputs": {},
          "jobs": {
            "node": {
              "name": "node",
              "type": "command",
              "inputs": {
                "component_in_path": {
                  "uri": "https://dprepdata.blob.core.windows.net/demo/Titanic.csv",
                  "job_input_type": "uri_file"
                }
              },
              "outputs": {
                "component_out_path": {
                  "value": "${{parent.outputs.pipeine_a_output}}",
                  "type": "literal"
                }
              },
              "_source": "YAML.COMPONENT",
              "componentId": "/subscriptions/00000000-0000-0000-0000-000000000/resourceGroups/00000/providers/Microsoft.MachineLearningServices/workspaces/00000/components/azureml_anonymous/versions/7a5dbecb-c64c-41de-8972-a9172b8dcd04"
            },
            "node_2": {
              "name": "node_2",
              "type": "command",
              "inputs": {
                "component_in_path": {
                  "uri": "https://dprepdata.blob.core.windows.net/demo/Titanic.csv",
                  "job_input_type": "uri_file"
                }
              },
              "outputs": {
                "component_out_path": {
                  "job_output_type": "uri_folder",
                  "name": "n2_output",
                  "version": "v1"
                }
              },
              "_source": "YAML.COMPONENT",
              "componentId": "/subscriptions/00000000-0000-0000-0000-000000000/resourceGroups/00000/providers/Microsoft.MachineLearningServices/workspaces/00000/components/azureml_anonymous/versions/7a5dbecb-c64c-41de-8972-a9172b8dcd04"
            },
            "node_3": {
              "name": "node_3",
              "type": "command",
              "inputs": {
                "component_in_path": {
                  "uri": "https://dprepdata.blob.core.windows.net/demo/Titanic.csv",
                  "job_input_type": "uri_file"
                }
              },
              "outputs": {
                "component_out_path": {
                  "job_output_type": "uri_folder",
                  "name": "n3_output"
                }
              },
              "_source": "YAML.COMPONENT",
              "componentId": "/subscriptions/00000000-0000-0000-0000-000000000/resourceGroups/00000/providers/Microsoft.MachineLearningServices/workspaces/00000/components/azureml_anonymous/versions/7a5dbecb-c64c-41de-8972-a9172b8dcd04"
            },
            "sub_node": {
              "name": "sub_node",
              "type": "pipeline",
              "outputs": {
                "sub_pipeine_a_output": {
                  "job_output_type": "uri_folder",
                  "name": "sub_pipeline",
                  "version": "v1"
                }
              },
              "_source": "DSL",
              "componentId": "/subscriptions/00000000-0000-0000-0000-000000000/resourceGroups/00000/providers/Microsoft.MachineLearningServices/workspaces/00000/components/azureml_anonymous/versions/14b558fc-451a-4e64-8753-c47733d77a80"
            }
          },
          "outputs": {
            "pipeine_a_output": {
              "assetName": "p1_output",
              "assetVersion": "v1",
              "jobOutputType": "uri_folder"
            }
          },
          "settings": {
            "default_compute": "/subscriptions/00000000-0000-0000-0000-000000000/resourceGroups/00000/providers/Microsoft.MachineLearningServices/workspaces/00000/computes/cpu-cluster",
            "_source": "DSL"
          }
        }
      },
      "StatusCode": 201,
      "ResponseHeaders": {
        "Cache-Control": "no-cache",
        "Content-Length": "3893",
        "Content-Type": "application/json; charset=utf-8",
        "Date": "Wed, 01 Mar 2023 19:25:10 GMT",
        "Expires": "-1",
        "Location": "https://management.azure.com/subscriptions/00000000-0000-0000-0000-000000000/resourceGroups/00000/providers/Microsoft.MachineLearningServices/workspaces/00000/jobs/000000000000000000000?api-version=2022-12-01-preview",
        "Pragma": "no-cache",
        "Request-Context": "appId=cid-v1:2d2e8e63-272e-4b3c-8598-4ee570a0e70d",
        "Server-Timing": "traceparent;desc=\u002200-0b61c6659737f535e3336c22c9004dbf-3f35dbe7e03ea410-01\u0022",
        "Strict-Transport-Security": "max-age=31536000; includeSubDomains",
        "x-aml-cluster": "vienna-eastus2-01",
        "X-Content-Type-Options": "nosniff",
        "x-ms-correlation-request-id": "555b4346-e7a2-4dde-94fa-f8a060907f1a",
        "x-ms-ratelimit-remaining-subscription-writes": "1196",
        "x-ms-response-type": "standard",
        "x-ms-routing-request-id": "WESTUS2:20230301T192510Z:555b4346-e7a2-4dde-94fa-f8a060907f1a",
        "x-request-time": "1.464"
      },
      "ResponseBody": {
        "id": "/subscriptions/00000000-0000-0000-0000-000000000/resourceGroups/00000/providers/Microsoft.MachineLearningServices/workspaces/00000/jobs/000000000000000000000",
        "name": "000000000000000000000",
        "type": "Microsoft.MachineLearningServices/workspaces/jobs",
        "properties": {
          "description": null,
          "tags": {},
          "properties": {
            "azureml.DevPlatv2": "true",
            "azureml.runsource": "azureml.PipelineRun",
            "runSource": "MFE",
            "runType": "HTTP",
            "azureml.parameters": "{}",
            "azureml.continue_on_step_failure": "False",
            "azureml.continue_on_failed_optional_input": "True",
            "azureml.defaultComputeName": "cpu-cluster",
            "azureml.defaultDataStoreName": "workspaceblobstore",
            "azureml.pipelineComponent": "pipelinerun"
          },
          "displayName": "register_both_output",
          "status": "Preparing",
          "experimentName": "azure-ai-ml",
          "services": {
            "Tracking": {
              "jobServiceType": "Tracking",
              "port": null,
              "endpoint": "azureml://eastus2.api.azureml.ms/mlflow/v1.0/subscriptions/00000000-0000-0000-0000-000000000/resourceGroups/00000/providers/Microsoft.MachineLearningServices/workspaces/00000?",
              "status": null,
              "errorMessage": null,
              "properties": null,
              "nodes": null
            },
            "Studio": {
              "jobServiceType": "Studio",
              "port": null,
              "endpoint": "https://ml.azure.com/runs/000000000000000000000?wsid=/subscriptions/00000000-0000-0000-0000-000000000/resourcegroups/00000/workspaces/00000",
              "status": null,
              "errorMessage": null,
              "properties": null,
              "nodes": null
            }
          },
          "computeId": null,
          "isArchived": false,
          "identity": null,
          "componentId": null,
          "jobType": "Pipeline",
          "settings": {
            "default_compute": "/subscriptions/00000000-0000-0000-0000-000000000/resourceGroups/00000/providers/Microsoft.MachineLearningServices/workspaces/00000/computes/cpu-cluster",
            "_source": "DSL"
          },
          "jobs": {
            "node": {
              "name": "node",
              "type": "command",
              "inputs": {
                "component_in_path": {
                  "uri": "https://dprepdata.blob.core.windows.net/demo/Titanic.csv",
                  "job_input_type": "uri_file"
                }
              },
              "outputs": {
                "component_out_path": {
                  "value": "${{parent.outputs.pipeine_a_output}}",
                  "type": "literal"
                }
              },
              "_source": "YAML.COMPONENT",
              "componentId": "/subscriptions/00000000-0000-0000-0000-000000000/resourceGroups/00000/providers/Microsoft.MachineLearningServices/workspaces/00000/components/azureml_anonymous/versions/7a5dbecb-c64c-41de-8972-a9172b8dcd04"
            },
            "node_2": {
              "name": "node_2",
              "type": "command",
              "inputs": {
                "component_in_path": {
                  "uri": "https://dprepdata.blob.core.windows.net/demo/Titanic.csv",
                  "job_input_type": "uri_file"
                }
              },
              "outputs": {
                "component_out_path": {
                  "job_output_type": "uri_folder",
                  "name": "n2_output",
                  "version": "v1"
                }
              },
              "_source": "YAML.COMPONENT",
              "componentId": "/subscriptions/00000000-0000-0000-0000-000000000/resourceGroups/00000/providers/Microsoft.MachineLearningServices/workspaces/00000/components/azureml_anonymous/versions/7a5dbecb-c64c-41de-8972-a9172b8dcd04"
            },
            "node_3": {
              "name": "node_3",
              "type": "command",
              "inputs": {
                "component_in_path": {
                  "uri": "https://dprepdata.blob.core.windows.net/demo/Titanic.csv",
                  "job_input_type": "uri_file"
                }
              },
              "outputs": {
                "component_out_path": {
                  "job_output_type": "uri_folder",
                  "name": "n3_output"
                }
              },
              "_source": "YAML.COMPONENT",
              "componentId": "/subscriptions/00000000-0000-0000-0000-000000000/resourceGroups/00000/providers/Microsoft.MachineLearningServices/workspaces/00000/components/azureml_anonymous/versions/7a5dbecb-c64c-41de-8972-a9172b8dcd04"
            },
            "sub_node": {
              "name": "sub_node",
              "type": "pipeline",
              "outputs": {
                "sub_pipeine_a_output": {
                  "job_output_type": "uri_folder",
                  "name": "sub_pipeline",
                  "version": "v1"
                }
              },
              "_source": "DSL",
              "componentId": "/subscriptions/00000000-0000-0000-0000-000000000/resourceGroups/00000/providers/Microsoft.MachineLearningServices/workspaces/00000/components/azureml_anonymous/versions/14b558fc-451a-4e64-8753-c47733d77a80"
            }
          },
          "inputs": {},
          "outputs": {
            "pipeine_a_output": {
              "description": null,
              "uri": null,
              "assetName": "p1_output",
              "assetVersion": "v1",
              "mode": "ReadWriteMount",
              "jobOutputType": "uri_folder"
            }
          },
          "sourceJobId": null
        },
        "systemData": {
          "createdAt": "2023-03-01T19:25:10.1484337\u002B00:00",
          "createdBy": "Firstname Lastname",
          "createdByType": "User"
        }
      }
    },
    {
      "RequestUri": "https://management.azure.com/subscriptions/00000000-0000-0000-0000-000000000/resourceGroups/00000/providers/Microsoft.MachineLearningServices/workspaces/00000/jobs/000000000000000000000/cancel?api-version=2022-12-01-preview",
      "RequestMethod": "POST",
      "RequestHeaders": {
        "Accept": "application/json",
        "Accept-Encoding": "gzip, deflate",
        "Connection": "keep-alive",
        "Content-Length": "0",
        "User-Agent": "azure-ai-ml/1.5.0 azsdk-python-mgmt-machinelearningservices/0.1.0 Python/3.7.9 (Windows-10-10.0.22621-SP0)"
      },
      "RequestBody": null,
      "StatusCode": 202,
      "ResponseHeaders": {
        "Cache-Control": "no-cache",
        "Content-Length": "4",
        "Content-Type": "application/json; charset=utf-8",
        "Date": "Wed, 01 Mar 2023 19:25:12 GMT",
        "Expires": "-1",
        "Location": "https://management.azure.com/subscriptions/00000000-0000-0000-0000-000000000/providers/Microsoft.MachineLearningServices/locations/eastus2/mfeOperationResults/jc:ecbb7cb0-7fe6-4581-aa65-c0ed290f5304:000000000000000000000?api-version=2022-12-01-preview",
        "Pragma": "no-cache",
        "Request-Context": "appId=cid-v1:2d2e8e63-272e-4b3c-8598-4ee570a0e70d",
        "Strict-Transport-Security": "max-age=31536000; includeSubDomains",
        "x-aml-cluster": "vienna-eastus2-01",
        "X-Content-Type-Options": "nosniff",
        "x-ms-async-operation-timeout": "PT1H",
        "x-ms-correlation-request-id": "c64e1b81-e86c-42bd-ba86-37b71db0bc81",
        "x-ms-ratelimit-remaining-subscription-writes": "1198",
        "x-ms-response-type": "standard",
        "x-ms-routing-request-id": "WESTUS2:20230301T192513Z:c64e1b81-e86c-42bd-ba86-37b71db0bc81",
        "x-request-time": "0.550"
      },
      "ResponseBody": "null"
    },
    {
      "RequestUri": "https://management.azure.com/subscriptions/00000000-0000-0000-0000-000000000/providers/Microsoft.MachineLearningServices/locations/eastus2/mfeOperationResults/jc:ecbb7cb0-7fe6-4581-aa65-c0ed290f5304:000000000000000000000?api-version=2022-12-01-preview",
      "RequestMethod": "GET",
      "RequestHeaders": {
        "Accept": "*/*",
        "Accept-Encoding": "gzip, deflate",
        "Connection": "keep-alive",
        "User-Agent": "azure-ai-ml/1.5.0 azsdk-python-mgmt-machinelearningservices/0.1.0 Python/3.7.9 (Windows-10-10.0.22621-SP0)"
      },
      "RequestBody": null,
      "StatusCode": 200,
      "ResponseHeaders": {
        "Cache-Control": "no-cache",
        "Content-Length": "0",
        "Date": "Wed, 01 Mar 2023 19:25:13 GMT",
        "Expires": "-1",
        "Pragma": "no-cache",
        "Request-Context": "appId=cid-v1:2d2e8e63-272e-4b3c-8598-4ee570a0e70d",
        "Server-Timing": "traceparent;desc=\u002200-7ef79c4249a5ce3d28f2f19235311579-0412861e2b25848e-01\u0022",
        "Strict-Transport-Security": "max-age=31536000; includeSubDomains",
        "x-aml-cluster": "vienna-eastus2-02",
        "X-Content-Type-Options": "nosniff",
        "x-ms-correlation-request-id": "f9276063-edd3-488f-9907-32c8d049e0e3",
        "x-ms-ratelimit-remaining-subscription-reads": "11998",
        "x-ms-response-type": "standard",
        "x-ms-routing-request-id": "WESTUS2:20230301T192513Z:f9276063-edd3-488f-9907-32c8d049e0e3",
        "x-request-time": "0.047"
      },
      "ResponseBody": null
    }
  ],
  "Variables": {}
}
