{
  "Entries": [
    {
      "RequestUri": "https://management.azure.com/subscriptions/00000000-0000-0000-0000-000000000/resourceGroups/00000/providers/Microsoft.MachineLearningServices/workspaces/00000/environments/CliV2AnonymousEnvironment/versions/6eedff85d2f858b9cd4e12021dbc722e?api-version=2022-05-01",
      "RequestMethod": "PUT",
      "RequestHeaders": {
        "Accept": "application/json",
        "Accept-Encoding": "gzip, deflate",
        "Connection": "keep-alive",
        "Content-Length": "535",
        "Content-Type": "application/json",
        "User-Agent": "azure-ai-ml/1.5.0 azsdk-python-mgmt-machinelearningservices/0.1.0 Python/3.7.9 (Windows-10-10.0.22621-SP0)"
      },
      "RequestBody": {
        "properties": {
          "isAnonymous": true,
          "isArchived": false,
          "condaFile": "channels:\n- defaults\ndependencies:\n- python=3.8.12\n- pip=21.2.2\n- pip:\n  - --extra-index-url=https://azuremlsdktestpypi.azureedge.net/sdk-cli-v2\n  - mldesigner==0.1.0b6\n  - mlflow==1.29.0\n  - azureml-mlflow==1.45.0\n  - azure-ai-ml==1.0.0\n  - azure-core==1.26.0\n  - azure-common==1.1.28\n  - azureml-core==1.45.0.post2\n  - azure-ml-component==0.9.13.post1\n  - azure-identity==1.11.0\n",
          "image": "mcr.microsoft.com/azureml/openmpi4.1.0-ubuntu20.04"
        }
      },
      "StatusCode": 201,
      "ResponseHeaders": {
        "Cache-Control": "no-cache",
        "Content-Length": "1474",
        "Content-Type": "application/json; charset=utf-8",
        "Date": "Thu, 23 Feb 2023 22:07:03 GMT",
        "Expires": "-1",
        "Location": "https://management.azure.com/subscriptions/00000000-0000-0000-0000-000000000/resourceGroups/00000/providers/Microsoft.MachineLearningServices/workspaces/00000/environments/CliV2AnonymousEnvironment/versions/6eedff85d2f858b9cd4e12021dbc722e?api-version=2022-05-01",
        "Pragma": "no-cache",
        "Request-Context": "appId=cid-v1:2d2e8e63-272e-4b3c-8598-4ee570a0e70d",
        "Server-Timing": "traceparent;desc=\u002200-dd33e6587af52c59e4e0b9b45954494d-9d1594c708e366ba-01\u0022",
        "Strict-Transport-Security": "max-age=31536000; includeSubDomains",
        "x-aml-cluster": "vienna-eastus2-02",
        "X-Content-Type-Options": "nosniff",
        "x-ms-correlation-request-id": "6e0bd440-2f19-4794-9371-e8beb0d1bf12",
        "x-ms-ratelimit-remaining-subscription-writes": "1187",
        "x-ms-response-type": "standard",
        "x-ms-routing-request-id": "WESTUS:20230223T220703Z:6e0bd440-2f19-4794-9371-e8beb0d1bf12",
        "x-request-time": "0.237"
      },
      "ResponseBody": {
        "id": "/subscriptions/00000000-0000-0000-0000-000000000/resourceGroups/00000/providers/Microsoft.MachineLearningServices/workspaces/00000/environments/CliV2AnonymousEnvironment/versions/6eedff85d2f858b9cd4e12021dbc722e",
        "name": "6eedff85d2f858b9cd4e12021dbc722e",
        "type": "Microsoft.MachineLearningServices/workspaces/environments/versions",
        "properties": {
          "description": null,
          "tags": {},
          "properties": {},
          "isArchived": false,
          "isAnonymous": true,
          "environmentType": "UserCreated",
          "image": "mcr.microsoft.com/azureml/openmpi4.1.0-ubuntu20.04",
          "condaFile": "{\n  \u0022channels\u0022: [\n    \u0022defaults\u0022\n  ],\n  \u0022dependencies\u0022: [\n    \u0022python=3.8.12\u0022,\n    \u0022pip=21.2.2\u0022,\n    {\n      \u0022pip\u0022: [\n        \u0022--extra-index-url=https://azuremlsdktestpypi.azureedge.net/sdk-cli-v2\u0022,\n        \u0022mldesigner==0.1.0b6\u0022,\n        \u0022mlflow==1.29.0\u0022,\n        \u0022azureml-mlflow==1.45.0\u0022,\n        \u0022azure-ai-ml==1.0.0\u0022,\n        \u0022azure-core==1.26.0\u0022,\n        \u0022azure-common==1.1.28\u0022,\n        \u0022azureml-core==1.45.0.post2\u0022,\n        \u0022azure-ml-component==0.9.13.post1\u0022,\n        \u0022azure-identity==1.11.0\u0022\n      ]\n    }\n  ]\n}",
          "osType": "Linux"
        },
        "systemData": {
          "createdAt": "2023-02-23T06:59:47.4157313\u002B00:00",
          "createdBy": "Diondra Peck",
          "createdByType": "User",
          "lastModifiedAt": "2023-02-23T06:59:47.4157313\u002B00:00",
          "lastModifiedBy": "Diondra Peck",
          "lastModifiedByType": "User"
        }
      }
    },
    {
      "RequestUri": "https://management.azure.com/subscriptions/00000000-0000-0000-0000-000000000/resourceGroups/00000/providers/Microsoft.MachineLearningServices/workspaces/00000/environments/CliV2AnonymousEnvironment/versions/6eedff85d2f858b9cd4e12021dbc722e?api-version=2022-05-01",
      "RequestMethod": "PUT",
      "RequestHeaders": {
        "Accept": "application/json",
        "Accept-Encoding": "gzip, deflate",
        "Connection": "keep-alive",
        "Content-Length": "535",
        "Content-Type": "application/json",
        "User-Agent": "azure-ai-ml/1.5.0 azsdk-python-mgmt-machinelearningservices/0.1.0 Python/3.7.9 (Windows-10-10.0.22621-SP0)"
      },
      "RequestBody": {
        "properties": {
          "isAnonymous": true,
          "isArchived": false,
          "condaFile": "channels:\n- defaults\ndependencies:\n- python=3.8.12\n- pip=21.2.2\n- pip:\n  - --extra-index-url=https://azuremlsdktestpypi.azureedge.net/sdk-cli-v2\n  - mldesigner==0.1.0b6\n  - mlflow==1.29.0\n  - azureml-mlflow==1.45.0\n  - azure-ai-ml==1.0.0\n  - azure-core==1.26.0\n  - azure-common==1.1.28\n  - azureml-core==1.45.0.post2\n  - azure-ml-component==0.9.13.post1\n  - azure-identity==1.11.0\n",
          "image": "mcr.microsoft.com/azureml/openmpi4.1.0-ubuntu20.04"
        }
      },
      "StatusCode": 201,
      "ResponseHeaders": {
        "Cache-Control": "no-cache",
        "Content-Length": "1474",
        "Content-Type": "application/json; charset=utf-8",
        "Date": "Thu, 23 Feb 2023 22:07:04 GMT",
        "Expires": "-1",
        "Location": "https://management.azure.com/subscriptions/00000000-0000-0000-0000-000000000/resourceGroups/00000/providers/Microsoft.MachineLearningServices/workspaces/00000/environments/CliV2AnonymousEnvironment/versions/6eedff85d2f858b9cd4e12021dbc722e?api-version=2022-05-01",
        "Pragma": "no-cache",
        "Request-Context": "appId=cid-v1:2d2e8e63-272e-4b3c-8598-4ee570a0e70d",
        "Server-Timing": "traceparent;desc=\u002200-bef3f08db9931c1e2e0dc040371f4cea-ea14086f588cfce5-01\u0022",
        "Strict-Transport-Security": "max-age=31536000; includeSubDomains",
        "x-aml-cluster": "vienna-eastus2-02",
        "X-Content-Type-Options": "nosniff",
        "x-ms-correlation-request-id": "56544592-b39f-4387-ad75-f49b6593bc02",
        "x-ms-ratelimit-remaining-subscription-writes": "1186",
        "x-ms-response-type": "standard",
        "x-ms-routing-request-id": "WESTUS:20230223T220704Z:56544592-b39f-4387-ad75-f49b6593bc02",
        "x-request-time": "0.597"
      },
      "ResponseBody": {
        "id": "/subscriptions/00000000-0000-0000-0000-000000000/resourceGroups/00000/providers/Microsoft.MachineLearningServices/workspaces/00000/environments/CliV2AnonymousEnvironment/versions/6eedff85d2f858b9cd4e12021dbc722e",
        "name": "6eedff85d2f858b9cd4e12021dbc722e",
        "type": "Microsoft.MachineLearningServices/workspaces/environments/versions",
        "properties": {
          "description": null,
          "tags": {},
          "properties": {},
          "isArchived": false,
          "isAnonymous": true,
          "environmentType": "UserCreated",
          "image": "mcr.microsoft.com/azureml/openmpi4.1.0-ubuntu20.04",
          "condaFile": "{\n  \u0022channels\u0022: [\n    \u0022defaults\u0022\n  ],\n  \u0022dependencies\u0022: [\n    \u0022python=3.8.12\u0022,\n    \u0022pip=21.2.2\u0022,\n    {\n      \u0022pip\u0022: [\n        \u0022--extra-index-url=https://azuremlsdktestpypi.azureedge.net/sdk-cli-v2\u0022,\n        \u0022mldesigner==0.1.0b6\u0022,\n        \u0022mlflow==1.29.0\u0022,\n        \u0022azureml-mlflow==1.45.0\u0022,\n        \u0022azure-ai-ml==1.0.0\u0022,\n        \u0022azure-core==1.26.0\u0022,\n        \u0022azure-common==1.1.28\u0022,\n        \u0022azureml-core==1.45.0.post2\u0022,\n        \u0022azure-ml-component==0.9.13.post1\u0022,\n        \u0022azure-identity==1.11.0\u0022\n      ]\n    }\n  ]\n}",
          "osType": "Linux"
        },
        "systemData": {
          "createdAt": "2023-02-23T06:59:47.4157313\u002B00:00",
          "createdBy": "Diondra Peck",
          "createdByType": "User",
          "lastModifiedAt": "2023-02-23T06:59:47.4157313\u002B00:00",
          "lastModifiedBy": "Diondra Peck",
          "lastModifiedByType": "User"
        }
      }
    },
    {
      "RequestUri": "https://management.azure.com/subscriptions/00000000-0000-0000-0000-000000000/resourceGroups/00000/providers/Microsoft.MachineLearningServices/workspaces/00000?api-version=2022-10-01",
      "RequestMethod": "GET",
      "RequestHeaders": {
        "Accept": "application/json",
        "Accept-Encoding": "gzip, deflate",
        "Connection": "keep-alive",
        "User-Agent": "azure-ai-ml/1.5.0 azsdk-python-mgmt-machinelearningservices/0.1.0 Python/3.7.9 (Windows-10-10.0.22621-SP0)"
      },
      "RequestBody": null,
      "StatusCode": 200,
      "ResponseHeaders": {
        "Cache-Control": "no-cache",
        "Content-Encoding": "gzip",
        "Content-Type": "application/json; charset=utf-8",
        "Date": "Thu, 23 Feb 2023 22:07:08 GMT",
        "Expires": "-1",
        "Pragma": "no-cache",
        "Request-Context": "appId=cid-v1:2d2e8e63-272e-4b3c-8598-4ee570a0e70d",
        "Server-Timing": "traceparent;desc=\u002200-85230a73d614b571d41bff0fce188646-5ad1756c5045a4a2-01\u0022",
        "Strict-Transport-Security": "max-age=31536000; includeSubDomains",
        "Transfer-Encoding": "chunked",
        "Vary": [
          "Accept-Encoding",
          "Accept-Encoding"
        ],
        "x-aml-cluster": "vienna-eastus2-02",
        "X-Content-Type-Options": "nosniff",
        "x-ms-correlation-request-id": "51cf287d-b669-49fb-a0a9-5737356dc5a7",
        "x-ms-ratelimit-remaining-subscription-reads": "11984",
        "x-ms-response-type": "standard",
        "x-ms-routing-request-id": "WESTUS:20230223T220708Z:51cf287d-b669-49fb-a0a9-5737356dc5a7",
        "x-request-time": "0.154"
      },
      "ResponseBody": {
        "id": "/subscriptions/00000000-0000-0000-0000-000000000/resourceGroups/00000/providers/Microsoft.MachineLearningServices/workspaces/00000",
        "name": "00000",
        "type": "Microsoft.MachineLearningServices/workspaces",
        "location": "eastus2",
        "tags": {},
        "etag": null,
        "properties": {
          "friendlyName": "00000",
          "description": "",
          "storageAccount": "/subscriptions/00000000-0000-0000-0000-000000000/resourceGroups/00000/providers/Microsoft.Storage/storageAccounts/saveorz2izv2bas",
          "keyVault": "/subscriptions/00000000-0000-0000-0000-000000000/resourceGroups/00000/providers/Microsoft.Keyvault/vaults/kvtest4k4d3fds6sjxs",
          "applicationInsights": "/subscriptions/00000000-0000-0000-0000-000000000/resourceGroups/00000/providers/Microsoft.insights/components/aiveorz2izv2bas",
          "hbiWorkspace": false,
          "tenantId": "72f988bf-86f1-41af-91ab-2d7cd011db47",
          "imageBuildCompute": null,
          "provisioningState": "Succeeded",
          "v1LegacyMode": false,
          "softDeleteEnabled": false,
          "containerRegistry": "/subscriptions/00000000-0000-0000-0000-000000000/resourceGroups/00000/providers/Microsoft.ContainerRegistry/registries/crveorz2izv2bas",
          "notebookInfo": {
            "resourceId": "0000000-0000-0000-0000-000000000000",
            "fqdn": "ml-sdkvnextcli-eastus2-2d1e66ae-85e3-42c0-be91-34de66397f26.eastus2.notebooks.azure.net",
            "isPrivateLinkEnabled": false,
            "notebookPreparationError": null
          },
          "storageHnsEnabled": false,
          "workspaceId": "2d1e66ae-85e3-42c0-be91-34de66397f26",
          "linkedModelInventoryArmId": null,
          "privateLinkCount": 0,
          "publicNetworkAccess": "Enabled",
          "discoveryUrl": "https://eastus2.api.azureml.ms/discovery",
          "mlFlowTrackingUri": "azureml://eastus2.api.azureml.ms/mlflow/v1.0/subscriptions/00000000-0000-0000-0000-000000000/resourceGroups/00000/providers/Microsoft.MachineLearningServices/workspaces/00000",
          "sdkTelemetryAppInsightsKey": "0000000-0000-0000-0000-000000000000",
          "sasGetterUri": "",
          "enableDataIsolation": false
        },
        "identity": {
          "type": "SystemAssigned",
          "principalId": "0000000-0000-0000-0000-000000000000",
          "tenantId": "72f988bf-86f1-41af-91ab-2d7cd011db47"
        },
        "kind": "Default",
        "sku": {
          "name": "Basic",
          "tier": "Basic"
        },
        "systemData": {
          "createdAt": "2023-02-23T02:09:00.5159669Z",
          "createdBy": "dipeck@microsoft.com",
          "createdByType": "User",
          "lastModifiedAt": "2023-02-23T02:09:00.5159669Z",
          "lastModifiedBy": "dipeck@microsoft.com",
          "lastModifiedByType": "User"
        }
      }
    },
    {
      "RequestUri": "https://management.azure.com/subscriptions/00000000-0000-0000-0000-000000000/resourceGroups/00000/providers/Microsoft.MachineLearningServices/workspaces/00000?api-version=2022-10-01",
      "RequestMethod": "GET",
      "RequestHeaders": {
        "Accept": "application/json",
        "Accept-Encoding": "gzip, deflate",
        "Connection": "keep-alive",
        "User-Agent": "azure-ai-ml/1.5.0 azsdk-python-mgmt-machinelearningservices/0.1.0 Python/3.7.9 (Windows-10-10.0.22621-SP0)"
      },
      "RequestBody": null,
      "StatusCode": 200,
      "ResponseHeaders": {
        "Cache-Control": "no-cache",
        "Content-Encoding": "gzip",
        "Content-Type": "application/json; charset=utf-8",
        "Date": "Thu, 23 Feb 2023 22:07:08 GMT",
        "Expires": "-1",
        "Pragma": "no-cache",
        "Request-Context": "appId=cid-v1:2d2e8e63-272e-4b3c-8598-4ee570a0e70d",
        "Server-Timing": "traceparent;desc=\u002200-28d005ca9f5b8f76833b4fbd439e779f-ae98b71d1ab55805-01\u0022",
        "Strict-Transport-Security": "max-age=31536000; includeSubDomains",
        "Transfer-Encoding": "chunked",
        "Vary": [
          "Accept-Encoding",
          "Accept-Encoding"
        ],
        "x-aml-cluster": "vienna-eastus2-02",
        "X-Content-Type-Options": "nosniff",
        "x-ms-correlation-request-id": "82b94f09-7215-4e14-971e-c5e4e84bfd8c",
        "x-ms-ratelimit-remaining-subscription-reads": "11983",
        "x-ms-response-type": "standard",
        "x-ms-routing-request-id": "WESTUS:20230223T220708Z:82b94f09-7215-4e14-971e-c5e4e84bfd8c",
        "x-request-time": "0.114"
      },
      "ResponseBody": {
        "id": "/subscriptions/00000000-0000-0000-0000-000000000/resourceGroups/00000/providers/Microsoft.MachineLearningServices/workspaces/00000",
        "name": "00000",
        "type": "Microsoft.MachineLearningServices/workspaces",
        "location": "eastus2",
        "tags": {},
        "etag": null,
        "properties": {
          "friendlyName": "00000",
          "description": "",
          "storageAccount": "/subscriptions/00000000-0000-0000-0000-000000000/resourceGroups/00000/providers/Microsoft.Storage/storageAccounts/saveorz2izv2bas",
          "keyVault": "/subscriptions/00000000-0000-0000-0000-000000000/resourceGroups/00000/providers/Microsoft.Keyvault/vaults/kvtest4k4d3fds6sjxs",
          "applicationInsights": "/subscriptions/00000000-0000-0000-0000-000000000/resourceGroups/00000/providers/Microsoft.insights/components/aiveorz2izv2bas",
          "hbiWorkspace": false,
          "tenantId": "72f988bf-86f1-41af-91ab-2d7cd011db47",
          "imageBuildCompute": null,
          "provisioningState": "Succeeded",
          "v1LegacyMode": false,
          "softDeleteEnabled": false,
          "containerRegistry": "/subscriptions/00000000-0000-0000-0000-000000000/resourceGroups/00000/providers/Microsoft.ContainerRegistry/registries/crveorz2izv2bas",
          "notebookInfo": {
            "resourceId": "0000000-0000-0000-0000-000000000000",
            "fqdn": "ml-sdkvnextcli-eastus2-2d1e66ae-85e3-42c0-be91-34de66397f26.eastus2.notebooks.azure.net",
            "isPrivateLinkEnabled": false,
            "notebookPreparationError": null
          },
          "storageHnsEnabled": false,
          "workspaceId": "2d1e66ae-85e3-42c0-be91-34de66397f26",
          "linkedModelInventoryArmId": null,
          "privateLinkCount": 0,
          "publicNetworkAccess": "Enabled",
          "discoveryUrl": "https://eastus2.api.azureml.ms/discovery",
          "mlFlowTrackingUri": "azureml://eastus2.api.azureml.ms/mlflow/v1.0/subscriptions/00000000-0000-0000-0000-000000000/resourceGroups/00000/providers/Microsoft.MachineLearningServices/workspaces/00000",
          "sdkTelemetryAppInsightsKey": "0000000-0000-0000-0000-000000000000",
          "sasGetterUri": "",
          "enableDataIsolation": false
        },
        "identity": {
          "type": "SystemAssigned",
          "principalId": "0000000-0000-0000-0000-000000000000",
          "tenantId": "72f988bf-86f1-41af-91ab-2d7cd011db47"
        },
        "kind": "Default",
        "sku": {
          "name": "Basic",
          "tier": "Basic"
        },
        "systemData": {
          "createdAt": "2023-02-23T02:09:00.5159669Z",
          "createdBy": "dipeck@microsoft.com",
          "createdByType": "User",
          "lastModifiedAt": "2023-02-23T02:09:00.5159669Z",
          "lastModifiedBy": "dipeck@microsoft.com",
          "lastModifiedByType": "User"
        }
      }
    },
    {
      "RequestUri": "https://eastus2.api.azureml.ms/content/v2.0/subscriptions/00000000-0000-0000-0000-000000000/resourceGroups/00000/providers/Microsoft.MachineLearningServices/workspaces/00000/snapshots/getByHash?hash=d3c05b496c685e7e5a204e3cebc689086bd0f622c2975d8090c18968739a464a\u0026hashVersion=202208",
      "RequestMethod": "GET",
      "RequestHeaders": {
        "Accept": "*/*",
        "Accept-Encoding": "gzip, deflate",
        "Connection": "keep-alive",
        "Content-Type": "application/json; charset=UTF-8",
        "User-Agent": "azure-ai-ml/1.5.0 azsdk-python-core/1.26.3 Python/3.7.9 (Windows-10-10.0.22621-SP0)"
      },
      "RequestBody": null,
      "StatusCode": 200,
      "ResponseHeaders": {
        "Connection": "keep-alive",
        "Content-Encoding": "gzip",
        "Content-Type": "application/json; charset=utf-8",
        "Date": "Thu, 23 Feb 2023 22:07:11 GMT",
        "Request-Context": "appId=cid-v1:2d2e8e63-272e-4b3c-8598-4ee570a0e70d",
        "Strict-Transport-Security": "max-age=15724800; includeSubDomains; preload",
        "Transfer-Encoding": "chunked",
        "Vary": "Accept-Encoding",
        "x-aml-cluster": "vienna-eastus2-02",
        "X-Content-Type-Options": "nosniff",
        "x-ms-response-type": "standard",
        "x-request-time": "0.797"
      },
      "ResponseBody": {
        "snapshotType": "LocalFiles",
        "id": "9b43efc6-3388-4585-99dc-71aea82a739c",
        "root": {
          "name": "",
          "hash": null,
          "type": "Directory",
          "timestamp": "0001-01-01T00:00:00\u002B00:00",
          "sasUrl": null,
          "absoluteUrl": null,
          "sizeBytes": 0,
          "sizeSet": false,
          "children": {
            "COMPONENT_PLACEHOLDER": {
              "name": "COMPONENT_PLACEHOLDER",
              "hash": "2FF0E74A91489FE8DA41673EB1441D73",
              "type": "File",
              "timestamp": "0001-01-01T00:00:00\u002B00:00",
              "sasUrl": null,
              "absoluteUrl": null,
              "sizeBytes": 35,
              "sizeSet": true,
              "children": {}
            }
          }
        },
        "tags": {},
        "properties": {
          "hash_sha256": "d3c05b496c685e7e5a204e3cebc689086bd0f622c2975d8090c18968739a464a",
          "hash_version": "202208",
          "azureml.codeUri": "https://saveorz2izv2bas.blob.core.windows.net:443/2d1e66ae-8-4d828c93-7c8f-558b-b99d-d21850cf37d9/"
        },
        "description": null,
        "name": "e7a3f40e-eb47-4499-9b80-1e5d911878f8",
        "version": "1",
        "createdBy": {
          "userObjectId": "b3a957de-450c-4ca7-b2aa-88dd98c87fef",
          "userPuId": "10037FFEAD05DD5D",
          "userIdp": null,
          "userAltSecId": null,
          "userIss": "https://sts.windows.net/72f988bf-86f1-41af-91ab-2d7cd011db47/",
          "userTenantId": "72f988bf-86f1-41af-91ab-2d7cd011db47",
          "userName": "Diondra Peck",
          "upn": null
        },
        "createdTime": "2023-02-23T02:16:10.3151666\u002B00:00",
        "modifiedBy": {
          "userObjectId": "b3a957de-450c-4ca7-b2aa-88dd98c87fef",
          "userPuId": "10037FFEAD05DD5D",
          "userIdp": null,
          "userAltSecId": null,
          "userIss": "https://sts.windows.net/72f988bf-86f1-41af-91ab-2d7cd011db47/",
          "userTenantId": "72f988bf-86f1-41af-91ab-2d7cd011db47",
          "userName": "Diondra Peck",
          "upn": null
        },
        "modifiedTime": "2023-02-23T02:16:10.3151666\u002B00:00",
        "gitRepositoryCommit": null,
        "uri": "https://saveorz2izv2bas.blob.core.windows.net:443/2d1e66ae-8-4d828c93-7c8f-558b-b99d-d21850cf37d9/",
        "contentHash": "d3c05b496c685e7e5a204e3cebc689086bd0f622c2975d8090c18968739a464a",
        "hashVersion": "202208",
        "provisioningState": "Succeeded"
      }
    },
    {
      "RequestUri": "https://eastus2.api.azureml.ms/content/v2.0/subscriptions/00000000-0000-0000-0000-000000000/resourceGroups/00000/providers/Microsoft.MachineLearningServices/workspaces/00000/snapshots/getByHash?hash=d3c05b496c685e7e5a204e3cebc689086bd0f622c2975d8090c18968739a464a\u0026hashVersion=202208",
      "RequestMethod": "GET",
      "RequestHeaders": {
        "Accept": "*/*",
        "Accept-Encoding": "gzip, deflate",
        "Connection": "keep-alive",
        "Content-Type": "application/json; charset=UTF-8",
        "User-Agent": "azure-ai-ml/1.5.0 azsdk-python-core/1.26.3 Python/3.7.9 (Windows-10-10.0.22621-SP0)"
      },
      "RequestBody": null,
      "StatusCode": 200,
      "ResponseHeaders": {
        "Connection": "keep-alive",
        "Content-Encoding": "gzip",
        "Content-Type": "application/json; charset=utf-8",
        "Date": "Thu, 23 Feb 2023 22:07:12 GMT",
        "Request-Context": "appId=cid-v1:2d2e8e63-272e-4b3c-8598-4ee570a0e70d",
        "Strict-Transport-Security": "max-age=15724800; includeSubDomains; preload",
        "Transfer-Encoding": "chunked",
        "Vary": "Accept-Encoding",
        "x-aml-cluster": "vienna-eastus2-02",
        "X-Content-Type-Options": "nosniff",
        "x-ms-response-type": "standard",
        "x-request-time": "0.653"
      },
      "ResponseBody": {
        "snapshotType": "LocalFiles",
        "id": "9b43efc6-3388-4585-99dc-71aea82a739c",
        "root": {
          "name": "",
          "hash": null,
          "type": "Directory",
          "timestamp": "0001-01-01T00:00:00\u002B00:00",
          "sasUrl": null,
          "absoluteUrl": null,
          "sizeBytes": 0,
          "sizeSet": false,
          "children": {
            "COMPONENT_PLACEHOLDER": {
              "name": "COMPONENT_PLACEHOLDER",
              "hash": "2FF0E74A91489FE8DA41673EB1441D73",
              "type": "File",
              "timestamp": "0001-01-01T00:00:00\u002B00:00",
              "sasUrl": null,
              "absoluteUrl": null,
              "sizeBytes": 35,
              "sizeSet": true,
              "children": {}
            }
          }
        },
        "tags": {},
        "properties": {
          "hash_sha256": "d3c05b496c685e7e5a204e3cebc689086bd0f622c2975d8090c18968739a464a",
          "hash_version": "202208",
          "azureml.codeUri": "https://saveorz2izv2bas.blob.core.windows.net:443/2d1e66ae-8-4d828c93-7c8f-558b-b99d-d21850cf37d9/"
        },
        "description": null,
        "name": "e7a3f40e-eb47-4499-9b80-1e5d911878f8",
        "version": "1",
        "createdBy": {
          "userObjectId": "b3a957de-450c-4ca7-b2aa-88dd98c87fef",
          "userPuId": "10037FFEAD05DD5D",
          "userIdp": null,
          "userAltSecId": null,
          "userIss": "https://sts.windows.net/72f988bf-86f1-41af-91ab-2d7cd011db47/",
          "userTenantId": "72f988bf-86f1-41af-91ab-2d7cd011db47",
          "userName": "Diondra Peck",
          "upn": null
        },
        "createdTime": "2023-02-23T02:16:10.3151666\u002B00:00",
        "modifiedBy": {
          "userObjectId": "b3a957de-450c-4ca7-b2aa-88dd98c87fef",
          "userPuId": "10037FFEAD05DD5D",
          "userIdp": null,
          "userAltSecId": null,
          "userIss": "https://sts.windows.net/72f988bf-86f1-41af-91ab-2d7cd011db47/",
          "userTenantId": "72f988bf-86f1-41af-91ab-2d7cd011db47",
          "userName": "Diondra Peck",
          "upn": null
        },
        "modifiedTime": "2023-02-23T02:16:10.3151666\u002B00:00",
        "gitRepositoryCommit": null,
        "uri": "https://saveorz2izv2bas.blob.core.windows.net:443/2d1e66ae-8-4d828c93-7c8f-558b-b99d-d21850cf37d9/",
        "contentHash": "d3c05b496c685e7e5a204e3cebc689086bd0f622c2975d8090c18968739a464a",
        "hashVersion": "202208",
        "provisioningState": "Succeeded"
      }
    },
    {
      "RequestUri": "https://management.azure.com/subscriptions/00000000-0000-0000-0000-000000000/resourceGroups/00000/providers/Microsoft.MachineLearningServices/workspaces/00000/codes/e7a3f40e-eb47-4499-9b80-1e5d911878f8/versions/1?api-version=2022-05-01",
      "RequestMethod": "GET",
      "RequestHeaders": {
        "Accept": "application/json",
        "Accept-Encoding": "gzip, deflate",
        "Connection": "keep-alive",
        "User-Agent": "azure-ai-ml/1.5.0 azsdk-python-mgmt-machinelearningservices/0.1.0 Python/3.7.9 (Windows-10-10.0.22621-SP0)"
      },
      "RequestBody": null,
      "StatusCode": 200,
      "ResponseHeaders": {
        "Cache-Control": "no-cache",
        "Content-Encoding": "gzip",
        "Content-Type": "application/json; charset=utf-8",
        "Date": "Thu, 23 Feb 2023 22:07:12 GMT",
        "Expires": "-1",
        "Pragma": "no-cache",
        "Request-Context": "appId=cid-v1:2d2e8e63-272e-4b3c-8598-4ee570a0e70d",
        "Server-Timing": "traceparent;desc=\u002200-0968b015919a3f61d648b2de70caa0d7-1d8fdaf2999cdf2b-01\u0022",
        "Strict-Transport-Security": "max-age=31536000; includeSubDomains",
        "Transfer-Encoding": "chunked",
        "Vary": [
          "Accept-Encoding",
          "Accept-Encoding"
        ],
        "x-aml-cluster": "vienna-eastus2-01",
        "X-Content-Type-Options": "nosniff",
        "x-ms-correlation-request-id": "26a936c3-d3c3-41fd-8fee-de49f92fe5f2",
        "x-ms-ratelimit-remaining-subscription-reads": "11999",
        "x-ms-response-type": "standard",
        "x-ms-routing-request-id": "WESTUS2:20230223T220713Z:26a936c3-d3c3-41fd-8fee-de49f92fe5f2",
        "x-request-time": "0.170"
      },
      "ResponseBody": {
        "id": "/subscriptions/00000000-0000-0000-0000-000000000/resourceGroups/00000/providers/Microsoft.MachineLearningServices/workspaces/00000/codes/e7a3f40e-eb47-4499-9b80-1e5d911878f8/versions/1",
        "name": "1",
        "type": "Microsoft.MachineLearningServices/workspaces/codes/versions",
        "properties": {
          "description": null,
          "tags": {},
          "properties": {
            "hash_sha256": "0000000000000",
            "hash_version": "0000000000000"
          },
          "isArchived": false,
          "isAnonymous": false,
          "codeUri": "https://saveorz2izv2bas.blob.core.windows.net:443/2d1e66ae-8-4d828c93-7c8f-558b-b99d-d21850cf37d9/"
        },
        "systemData": {
          "createdAt": "2023-02-23T02:16:10.3151666\u002B00:00",
          "createdBy": "Diondra Peck",
          "createdByType": "User",
          "lastModifiedAt": "2023-02-23T02:16:10.3151666\u002B00:00",
          "lastModifiedBy": "Diondra Peck",
          "lastModifiedByType": "User"
        }
      }
    },
    {
      "RequestUri": "https://management.azure.com/subscriptions/00000000-0000-0000-0000-000000000/resourceGroups/00000/providers/Microsoft.MachineLearningServices/workspaces/00000/codes/e7a3f40e-eb47-4499-9b80-1e5d911878f8/versions/1?api-version=2022-05-01",
      "RequestMethod": "GET",
      "RequestHeaders": {
        "Accept": "application/json",
        "Accept-Encoding": "gzip, deflate",
        "Connection": "keep-alive",
        "User-Agent": "azure-ai-ml/1.5.0 azsdk-python-mgmt-machinelearningservices/0.1.0 Python/3.7.9 (Windows-10-10.0.22621-SP0)"
      },
      "RequestBody": null,
      "StatusCode": 200,
      "ResponseHeaders": {
        "Cache-Control": "no-cache",
        "Content-Encoding": "gzip",
        "Content-Type": "application/json; charset=utf-8",
        "Date": "Thu, 23 Feb 2023 22:07:13 GMT",
        "Expires": "-1",
        "Pragma": "no-cache",
        "Request-Context": "appId=cid-v1:2d2e8e63-272e-4b3c-8598-4ee570a0e70d",
        "Server-Timing": "traceparent;desc=\u002200-76a70ec0d97ccd7e0e9f362d9a060ac8-b5f1716ca3829d98-01\u0022",
        "Strict-Transport-Security": "max-age=31536000; includeSubDomains",
        "Transfer-Encoding": "chunked",
        "Vary": [
          "Accept-Encoding",
          "Accept-Encoding"
        ],
        "x-aml-cluster": "vienna-eastus2-02",
        "X-Content-Type-Options": "nosniff",
        "x-ms-correlation-request-id": "a228440f-a1d3-4657-9bcd-c21318017d04",
        "x-ms-ratelimit-remaining-subscription-reads": "11982",
        "x-ms-response-type": "standard",
        "x-ms-routing-request-id": "WESTUS:20230223T220713Z:a228440f-a1d3-4657-9bcd-c21318017d04",
        "x-request-time": "0.364"
      },
      "ResponseBody": {
        "id": "/subscriptions/00000000-0000-0000-0000-000000000/resourceGroups/00000/providers/Microsoft.MachineLearningServices/workspaces/00000/codes/e7a3f40e-eb47-4499-9b80-1e5d911878f8/versions/1",
        "name": "1",
        "type": "Microsoft.MachineLearningServices/workspaces/codes/versions",
        "properties": {
          "description": null,
          "tags": {},
          "properties": {
            "hash_sha256": "0000000000000",
            "hash_version": "0000000000000"
          },
          "isArchived": false,
          "isAnonymous": false,
          "codeUri": "https://saveorz2izv2bas.blob.core.windows.net:443/2d1e66ae-8-4d828c93-7c8f-558b-b99d-d21850cf37d9/"
        },
        "systemData": {
          "createdAt": "2023-02-23T02:16:10.3151666\u002B00:00",
          "createdBy": "Diondra Peck",
          "createdByType": "User",
          "lastModifiedAt": "2023-02-23T02:16:10.3151666\u002B00:00",
          "lastModifiedBy": "Diondra Peck",
          "lastModifiedByType": "User"
        }
      }
    },
    {
      "RequestUri": "https://management.azure.com/subscriptions/00000000-0000-0000-0000-000000000/resourceGroups/00000/providers/Microsoft.MachineLearningServices/workspaces/00000/components/azureml_anonymous/versions/246d63db-e8e8-507c-3093-bea76d4c09c0?api-version=2022-10-01",
      "RequestMethod": "PUT",
      "RequestHeaders": {
        "Accept": "application/json",
        "Accept-Encoding": "gzip, deflate",
        "Connection": "keep-alive",
        "Content-Length": "1939",
        "Content-Type": "application/json",
        "User-Agent": "azure-ai-ml/1.5.0 azsdk-python-mgmt-machinelearningservices/0.1.0 Python/3.7.9 (Windows-10-10.0.22621-SP0)"
      },
      "RequestBody": {
        "properties": {
          "properties": {},
          "tags": {
            "codegenBy": "mldesigner"
          },
          "isAnonymous": true,
          "isArchived": false,
          "componentSpec": {
            "command": "mldesigner execute --source entry.py --name primitive_component_with_normal_input_output_v2 --inputs input_data=\u0022${{inputs.input_data}}\u0022 parambool=\u0022${{inputs.parambool}}\u0022 paramint=\u0022${{inputs.paramint}}\u0022 paramfloat=\u0022${{inputs.paramfloat}}\u0022 paramstr=\u0022${{inputs.paramstr}}\u0022 --outputs output_data=\u0022${{outputs.output_data}}\u0022 bool_param_output=\u0022${{outputs.bool_param_output}}\u0022 int_param_output=\u0022${{outputs.int_param_output}}\u0022 float_param_output=\u0022${{outputs.float_param_output}}\u0022 str_param_output=\u0022${{outputs.str_param_output}}\u0022",
            "code": "azureml:/subscriptions/00000000-0000-0000-0000-000000000/resourceGroups/00000/providers/Microsoft.MachineLearningServices/workspaces/00000/codes/e7a3f40e-eb47-4499-9b80-1e5d911878f8/versions/1",
            "environment": "azureml:/subscriptions/00000000-0000-0000-0000-000000000/resourceGroups/00000/providers/Microsoft.MachineLearningServices/workspaces/00000/environments/CliV2AnonymousEnvironment/versions/6eedff85d2f858b9cd4e12021dbc722e",
            "name": "primitive_component_with_normal_input_output_v2",
            "tags": {
              "codegenBy": "mldesigner"
            },
            "$schema": "https://azuremlschemas.azureedge.net/development/commandComponent.schema.json",
            "display_name": "primitive_component_with_normal_input_output_v2",
            "is_deterministic": true,
            "inputs": {
              "input_data": {
                "type": "uri_folder"
              },
              "parambool": {
                "type": "boolean"
              },
              "paramint": {
                "type": "integer"
              },
              "paramfloat": {
                "type": "number"
              },
              "paramstr": {
                "type": "string"
              }
            },
            "outputs": {
              "output_data": {
                "type": "uri_folder"
              },
              "bool_param_output": {
                "type": "boolean",
                "is_control": true
              },
              "int_param_output": {
                "type": "integer",
                "is_control": true
              },
              "float_param_output": {
                "type": "number",
                "is_control": true
              },
              "str_param_output": {
                "type": "string",
                "is_control": true
              }
            },
            "type": "command",
            "_source": "YAML.COMPONENT"
          }
        }
      },
      "StatusCode": 201,
      "ResponseHeaders": {
        "Cache-Control": "no-cache",
        "Content-Length": "3238",
        "Content-Type": "application/json; charset=utf-8",
        "Date": "Thu, 23 Feb 2023 22:07:14 GMT",
        "Expires": "-1",
        "Location": "https://management.azure.com/subscriptions/00000000-0000-0000-0000-000000000/resourceGroups/00000/providers/Microsoft.MachineLearningServices/workspaces/00000/components/azureml_anonymous/versions/246d63db-e8e8-507c-3093-bea76d4c09c0?api-version=2022-10-01",
        "Pragma": "no-cache",
        "Request-Context": "appId=cid-v1:2d2e8e63-272e-4b3c-8598-4ee570a0e70d",
        "Server-Timing": "traceparent;desc=\u002200-60966aea58c9ab70b2dc3020280f72e3-1b5c432af480f534-01\u0022",
        "Strict-Transport-Security": "max-age=31536000; includeSubDomains",
        "x-aml-cluster": "vienna-eastus2-02",
        "X-Content-Type-Options": "nosniff",
        "x-ms-correlation-request-id": "dea61a7f-9558-4442-8867-0e33a2569967",
        "x-ms-ratelimit-remaining-subscription-writes": "1185",
        "x-ms-response-type": "standard",
        "x-ms-routing-request-id": "WESTUS:20230223T220714Z:dea61a7f-9558-4442-8867-0e33a2569967",
        "x-request-time": "0.679"
      },
      "ResponseBody": {
        "id": "/subscriptions/00000000-0000-0000-0000-000000000/resourceGroups/00000/providers/Microsoft.MachineLearningServices/workspaces/00000/components/azureml_anonymous/versions/46aa9a0b-2e6e-4b2d-a0b4-daae280786c9",
        "name": "46aa9a0b-2e6e-4b2d-a0b4-daae280786c9",
        "type": "Microsoft.MachineLearningServices/workspaces/components/versions",
        "properties": {
          "description": null,
          "tags": {
            "codegenBy": "mldesigner"
          },
          "properties": {},
          "isArchived": false,
          "isAnonymous": true,
          "componentSpec": {
            "name": "primitive_component_with_normal_input_output_v2",
            "display_name": "primitive_component_with_normal_input_output_v2",
            "is_deterministic": "True",
            "type": "command",
            "tags": {
              "codegenBy": "mldesigner"
            },
            "inputs": {
              "input_data": {
                "type": "uri_folder",
                "optional": "False"
              },
              "parambool": {
                "type": "boolean",
                "optional": "False"
              },
              "paramint": {
                "type": "integer",
                "optional": "False"
              },
              "paramfloat": {
                "type": "number",
                "optional": "False"
              },
              "paramstr": {
                "type": "string",
                "optional": "False"
              }
            },
            "outputs": {
              "output_data": {
                "type": "uri_folder"
              },
              "bool_param_output": {
                "type": "boolean",
                "is_control": "True"
              },
              "int_param_output": {
                "type": "integer",
                "is_control": "True"
              },
              "float_param_output": {
                "type": "number",
                "is_control": "True"
              },
              "str_param_output": {
                "type": "string",
                "is_control": "True"
              }
            },
            "code": "azureml:/subscriptions/00000000-0000-0000-0000-000000000/resourceGroups/00000/providers/Microsoft.MachineLearningServices/workspaces/00000/codes/e7a3f40e-eb47-4499-9b80-1e5d911878f8/versions/1",
            "environment": "azureml:/subscriptions/00000000-0000-0000-0000-000000000/resourceGroups/00000/providers/Microsoft.MachineLearningServices/workspaces/00000/environments/CliV2AnonymousEnvironment/versions/6eedff85d2f858b9cd4e12021dbc722e",
            "resources": {
              "instance_count": "1"
            },
            "command": "mldesigner execute --source entry.py --name primitive_component_with_normal_input_output_v2 --inputs input_data=\u0022${{inputs.input_data}}\u0022 parambool=\u0022${{inputs.parambool}}\u0022 paramint=\u0022${{inputs.paramint}}\u0022 paramfloat=\u0022${{inputs.paramfloat}}\u0022 paramstr=\u0022${{inputs.paramstr}}\u0022 --outputs output_data=\u0022${{outputs.output_data}}\u0022 bool_param_output=\u0022${{outputs.bool_param_output}}\u0022 int_param_output=\u0022${{outputs.int_param_output}}\u0022 float_param_output=\u0022${{outputs.float_param_output}}\u0022 str_param_output=\u0022${{outputs.str_param_output}}\u0022",
            "$schema": "https://azuremlschemas.azureedge.net/development/commandComponent.schema.json"
          }
        },
        "systemData": {
          "createdAt": "2023-02-23T07:00:13.1756858\u002B00:00",
          "createdBy": "Diondra Peck",
          "createdByType": "User",
          "lastModifiedAt": "2023-02-23T07:00:13.2582294\u002B00:00",
          "lastModifiedBy": "Diondra Peck",
          "lastModifiedByType": "User"
        }
      }
    },
    {
      "RequestUri": "https://management.azure.com/subscriptions/00000000-0000-0000-0000-000000000/resourceGroups/00000/providers/Microsoft.MachineLearningServices/workspaces/00000/components/azureml_anonymous/versions/79efe0af-8e3a-d87e-6270-21343e9c018c?api-version=2022-10-01",
      "RequestMethod": "PUT",
      "RequestHeaders": {
        "Accept": "application/json",
        "Accept-Encoding": "gzip, deflate",
        "Connection": "keep-alive",
        "Content-Length": "2090",
        "Content-Type": "application/json",
        "User-Agent": "azure-ai-ml/1.5.0 azsdk-python-mgmt-machinelearningservices/0.1.0 Python/3.7.9 (Windows-10-10.0.22621-SP0)"
      },
      "RequestBody": {
        "properties": {
          "properties": {},
          "tags": {
            "codegenBy": "mldesigner"
          },
          "isAnonymous": true,
          "isArchived": false,
          "componentSpec": {
            "command": "mldesigner execute --source entry.py --name do_while_body_component --inputs input_1=\u0022${{inputs.input_1}}\u0022 input_2=\u0022${{inputs.input_2}}\u0022 bool_param=\u0022${{inputs.bool_param}}\u0022 int_param=\u0022${{inputs.int_param}}\u0022 float_param=\u0022${{inputs.float_param}}\u0022 str_param=\u0022${{inputs.str_param}}\u0022 --outputs output_1=\u0022${{outputs.output_1}}\u0022 output_2=\u0022${{outputs.output_2}}\u0022 condition=\u0022${{outputs.condition}}\u0022 bool_param_output=\u0022${{outputs.bool_param_output}}\u0022 int_param_output=\u0022${{outputs.int_param_output}}\u0022 float_param_output=\u0022${{outputs.float_param_output}}\u0022 str_param_output=\u0022${{outputs.str_param_output}}\u0022",
            "code": "azureml:/subscriptions/00000000-0000-0000-0000-000000000/resourceGroups/00000/providers/Microsoft.MachineLearningServices/workspaces/00000/codes/e7a3f40e-eb47-4499-9b80-1e5d911878f8/versions/1",
            "environment": "azureml:/subscriptions/00000000-0000-0000-0000-000000000/resourceGroups/00000/providers/Microsoft.MachineLearningServices/workspaces/00000/environments/CliV2AnonymousEnvironment/versions/6eedff85d2f858b9cd4e12021dbc722e",
            "name": "do_while_body_component",
            "tags": {
              "codegenBy": "mldesigner"
            },
            "$schema": "https://azuremlschemas.azureedge.net/development/commandComponent.schema.json",
            "display_name": "do_while_body_component",
            "is_deterministic": true,
            "inputs": {
              "input_1": {
                "type": "uri_folder"
              },
              "input_2": {
                "type": "uri_folder"
              },
              "bool_param": {
                "type": "boolean"
              },
              "int_param": {
                "type": "integer"
              },
              "float_param": {
                "type": "number"
              },
              "str_param": {
                "type": "string"
              }
            },
            "outputs": {
              "output_1": {
                "type": "uri_folder"
              },
              "output_2": {
                "type": "uri_folder"
              },
              "condition": {
                "type": "boolean",
                "is_control": true
              },
              "bool_param_output": {
                "type": "boolean",
                "is_control": true
              },
              "int_param_output": {
                "type": "integer",
                "is_control": true
              },
              "float_param_output": {
                "type": "number",
                "is_control": true
              },
              "str_param_output": {
                "type": "string",
                "is_control": true
              }
            },
            "type": "command",
            "_source": "YAML.COMPONENT"
          }
        }
      },
      "StatusCode": 201,
      "ResponseHeaders": {
        "Cache-Control": "no-cache",
        "Content-Length": "3516",
        "Content-Type": "application/json; charset=utf-8",
        "Date": "Thu, 23 Feb 2023 22:07:15 GMT",
        "Expires": "-1",
        "Location": "https://management.azure.com/subscriptions/00000000-0000-0000-0000-000000000/resourceGroups/00000/providers/Microsoft.MachineLearningServices/workspaces/00000/components/azureml_anonymous/versions/79efe0af-8e3a-d87e-6270-21343e9c018c?api-version=2022-10-01",
        "Pragma": "no-cache",
        "Request-Context": "appId=cid-v1:2d2e8e63-272e-4b3c-8598-4ee570a0e70d",
        "Server-Timing": "traceparent;desc=\u002200-aa55886d3d9a410efe876df32089e654-f8f0295ce860059d-01\u0022",
        "Strict-Transport-Security": "max-age=31536000; includeSubDomains",
        "x-aml-cluster": "vienna-eastus2-01",
        "X-Content-Type-Options": "nosniff",
        "x-ms-correlation-request-id": "1f5ca489-0361-4158-9dc7-36765e5a1273",
        "x-ms-ratelimit-remaining-subscription-writes": "1199",
        "x-ms-response-type": "standard",
        "x-ms-routing-request-id": "WESTUS2:20230223T220716Z:1f5ca489-0361-4158-9dc7-36765e5a1273",
        "x-request-time": "1.928"
      },
      "ResponseBody": {
        "id": "/subscriptions/00000000-0000-0000-0000-000000000/resourceGroups/00000/providers/Microsoft.MachineLearningServices/workspaces/00000/components/azureml_anonymous/versions/db76e678-2bce-45fb-b4ec-9a5c254911cd",
        "name": "db76e678-2bce-45fb-b4ec-9a5c254911cd",
        "type": "Microsoft.MachineLearningServices/workspaces/components/versions",
        "properties": {
          "description": null,
          "tags": {
            "codegenBy": "mldesigner"
          },
          "properties": {},
          "isArchived": false,
          "isAnonymous": true,
          "componentSpec": {
            "name": "do_while_body_component",
            "display_name": "do_while_body_component",
            "is_deterministic": "True",
            "type": "command",
            "tags": {
              "codegenBy": "mldesigner"
            },
            "inputs": {
              "input_1": {
                "type": "uri_folder",
                "optional": "False"
              },
              "input_2": {
                "type": "uri_folder",
                "optional": "False"
              },
              "bool_param": {
                "type": "boolean",
                "optional": "False"
              },
              "int_param": {
                "type": "integer",
                "optional": "False"
              },
              "float_param": {
                "type": "number",
                "optional": "False"
              },
              "str_param": {
                "type": "string",
                "optional": "False"
              }
            },
            "outputs": {
              "output_1": {
                "type": "uri_folder"
              },
              "output_2": {
                "type": "uri_folder"
              },
              "condition": {
                "type": "boolean",
                "is_control": "True"
              },
              "bool_param_output": {
                "type": "boolean",
                "is_control": "True"
              },
              "int_param_output": {
                "type": "integer",
                "is_control": "True"
              },
              "float_param_output": {
                "type": "number",
                "is_control": "True"
              },
              "str_param_output": {
                "type": "string",
                "is_control": "True"
              }
            },
            "code": "azureml:/subscriptions/00000000-0000-0000-0000-000000000/resourceGroups/00000/providers/Microsoft.MachineLearningServices/workspaces/00000/codes/e7a3f40e-eb47-4499-9b80-1e5d911878f8/versions/1",
            "environment": "azureml:/subscriptions/00000000-0000-0000-0000-000000000/resourceGroups/00000/providers/Microsoft.MachineLearningServices/workspaces/00000/environments/CliV2AnonymousEnvironment/versions/6eedff85d2f858b9cd4e12021dbc722e",
            "resources": {
              "instance_count": "1"
            },
            "command": "mldesigner execute --source entry.py --name do_while_body_component --inputs input_1=\u0022${{inputs.input_1}}\u0022 input_2=\u0022${{inputs.input_2}}\u0022 bool_param=\u0022${{inputs.bool_param}}\u0022 int_param=\u0022${{inputs.int_param}}\u0022 float_param=\u0022${{inputs.float_param}}\u0022 str_param=\u0022${{inputs.str_param}}\u0022 --outputs output_1=\u0022${{outputs.output_1}}\u0022 output_2=\u0022${{outputs.output_2}}\u0022 condition=\u0022${{outputs.condition}}\u0022 bool_param_output=\u0022${{outputs.bool_param_output}}\u0022 int_param_output=\u0022${{outputs.int_param_output}}\u0022 float_param_output=\u0022${{outputs.float_param_output}}\u0022 str_param_output=\u0022${{outputs.str_param_output}}\u0022",
            "$schema": "https://azuremlschemas.azureedge.net/development/commandComponent.schema.json"
          }
        },
        "systemData": {
          "createdAt": "2023-02-23T07:00:12.0462555\u002B00:00",
          "createdBy": "Diondra Peck",
          "createdByType": "User",
          "lastModifiedAt": "2023-02-23T07:00:12.1018109\u002B00:00",
          "lastModifiedBy": "Diondra Peck",
          "lastModifiedByType": "User"
        }
      }
    },
    {
      "RequestUri": "https://management.azure.com/subscriptions/00000000-0000-0000-0000-000000000/resourceGroups/00000/providers/Microsoft.MachineLearningServices/workspaces/00000/jobs/000000000000000000000?api-version=2022-12-01-preview",
      "RequestMethod": "PUT",
      "RequestHeaders": {
        "Accept": "application/json",
        "Accept-Encoding": "gzip, deflate",
        "Connection": "keep-alive",
        "Content-Length": "3419",
        "Content-Type": "application/json",
        "User-Agent": "azure-ai-ml/1.5.0 azsdk-python-mgmt-machinelearningservices/0.1.0 Python/3.7.9 (Windows-10-10.0.22621-SP0)"
      },
      "RequestBody": {
        "properties": {
          "properties": {},
          "tags": {},
          "displayName": "test_pipeline",
          "experimentName": "azure-ai-ml",
          "isArchived": false,
          "jobType": "Pipeline",
          "inputs": {
            "input_data": {
              "uri": "https://dprepdata.blob.core.windows.net/demo/Titanic.csv",
              "jobInputType": "uri_file"
            },
            "int_param": {
              "jobInputType": "literal",
              "value": "4"
            },
            "bool_param": {
              "jobInputType": "literal",
              "value": "True"
            },
            "float_param": {
              "jobInputType": "literal",
              "value": "22.0"
            },
            "str_param": {
              "jobInputType": "literal",
              "value": "string_param_no_space"
            }
          },
          "jobs": {
            "do_while_body_func": {
              "name": "do_while_body_func",
              "type": "command",
              "inputs": {
                "input_1": {
                  "job_input_type": "literal",
                  "value": "${{parent.inputs.input_data}}"
                },
                "input_2": {
                  "job_input_type": "literal",
                  "value": "${{parent.inputs.input_data}}"
                },
                "bool_param": {
                  "job_input_type": "literal",
                  "value": "${{parent.inputs.bool_param}}"
                },
                "int_param": {
                  "job_input_type": "literal",
                  "value": "${{parent.inputs.int_param}}"
                },
                "float_param": {
                  "job_input_type": "literal",
                  "value": "${{parent.inputs.float_param}}"
                },
                "str_param": {
                  "job_input_type": "literal",
                  "value": "${{parent.inputs.str_param}}"
                }
              },
              "_source": "YAML.COMPONENT",
              "componentId": "/subscriptions/00000000-0000-0000-0000-000000000/resourceGroups/00000/providers/Microsoft.MachineLearningServices/workspaces/00000/components/azureml_anonymous/versions/db76e678-2bce-45fb-b4ec-9a5c254911cd"
            },
            "dowhile": {
              "body": "${{parent.jobs.do_while_body_func}}",
              "type": "do_while",
              "condition": "condition",
              "mapping": {
                "${{parent.jobs.do_while_body_func.outputs.output_1}}": [
                  "input_1"
                ],
                "${{parent.jobs.do_while_body_func.outputs.output_2}}": [
                  "input_2"
                ],
                "${{parent.jobs.do_while_body_func.outputs.int_param_output}}": [
                  "int_param"
                ],
                "${{parent.jobs.do_while_body_func.outputs.bool_param_output}}": [
                  "bool_param"
                ],
                "${{parent.jobs.do_while_body_func.outputs.float_param_output}}": [
                  "float_param"
                ],
                "${{parent.jobs.do_while_body_func.outputs.str_param_output}}": [
                  "str_param"
                ]
              },
              "limits": {
                "max_iteration_count": 3
              },
              "_source": "DSL"
            },
            "primitive_output_component_true": {
              "name": "primitive_output_component_true",
              "type": "command",
              "inputs": {
                "input_data": {
                  "job_input_type": "literal",
                  "value": "${{parent.jobs.do_while_body_func.outputs.output_1}}"
                },
                "parambool": {
                  "job_input_type": "literal",
                  "value": "${{parent.jobs.do_while_body_func.outputs.bool_param_output}}"
                },
                "paramint": {
                  "job_input_type": "literal",
                  "value": "${{parent.jobs.do_while_body_func.outputs.int_param_output}}"
                },
                "paramfloat": {
                  "job_input_type": "literal",
                  "value": "${{parent.jobs.do_while_body_func.outputs.float_param_output}}"
                },
                "paramstr": {
                  "job_input_type": "literal",
                  "value": "${{parent.jobs.do_while_body_func.outputs.str_param_output}}"
                }
              },
              "_source": "YAML.COMPONENT",
              "componentId": "/subscriptions/00000000-0000-0000-0000-000000000/resourceGroups/00000/providers/Microsoft.MachineLearningServices/workspaces/00000/components/azureml_anonymous/versions/46aa9a0b-2e6e-4b2d-a0b4-daae280786c9"
            },
            "conditionnode": {
              "type": "if_else",
              "condition": "${{parent.jobs.do_while_body_func.outputs.condition}}",
              "true_block": "${{parent.jobs.primitive_output_component_true}}",
              "_source": "DSL"
            }
          },
          "outputs": {},
          "settings": {
            "default_compute": "/subscriptions/00000000-0000-0000-0000-000000000/resourceGroups/00000/providers/Microsoft.MachineLearningServices/workspaces/00000/computes/cpu-cluster",
            "continue_on_step_failure": true,
            "_source": "DSL"
          }
        }
      },
      "StatusCode": 201,
      "ResponseHeaders": {
        "Cache-Control": "no-cache",
        "Content-Length": "6678",
        "Content-Type": "application/json; charset=utf-8",
        "Date": "Thu, 23 Feb 2023 22:07:19 GMT",
        "Expires": "-1",
        "Location": "https://management.azure.com/subscriptions/00000000-0000-0000-0000-000000000/resourceGroups/00000/providers/Microsoft.MachineLearningServices/workspaces/00000/jobs/000000000000000000000?api-version=2022-12-01-preview",
        "Pragma": "no-cache",
        "Request-Context": "appId=cid-v1:2d2e8e63-272e-4b3c-8598-4ee570a0e70d",
        "Server-Timing": "traceparent;desc=\u002200-fcd413bac54e60b88f49c7a320311a0f-bc93bbb8db461c9d-01\u0022",
        "Strict-Transport-Security": "max-age=31536000; includeSubDomains",
        "x-aml-cluster": "vienna-eastus2-01",
        "X-Content-Type-Options": "nosniff",
        "x-ms-correlation-request-id": "132c821f-71ae-4e3b-a446-6bd07778890e",
        "x-ms-ratelimit-remaining-subscription-writes": "1198",
        "x-ms-response-type": "standard",
        "x-ms-routing-request-id": "WESTUS2:20230223T220720Z:132c821f-71ae-4e3b-a446-6bd07778890e",
        "x-request-time": "2.581"
      },
      "ResponseBody": {
        "id": "/subscriptions/00000000-0000-0000-0000-000000000/resourceGroups/00000/providers/Microsoft.MachineLearningServices/workspaces/00000/jobs/000000000000000000000",
        "name": "000000000000000000000",
        "type": "Microsoft.MachineLearningServices/workspaces/jobs",
        "properties": {
          "description": null,
          "tags": {},
          "properties": {
            "azureml.DevPlatv2": "true",
            "azureml.runsource": "azureml.PipelineRun",
            "runSource": "MFE",
            "runType": "HTTP",
            "azureml.parameters": "{\u0022int_param\u0022:\u00224\u0022,\u0022bool_param\u0022:\u0022True\u0022,\u0022float_param\u0022:\u002222.0\u0022,\u0022str_param\u0022:\u0022string_param_no_space\u0022}",
            "azureml.continue_on_step_failure": "True",
            "azureml.continue_on_failed_optional_input": "True",
            "azureml.defaultComputeName": "cpu-cluster",
            "azureml.defaultDataStoreName": "workspaceblobstore",
            "azureml.pipelineComponent": "pipelinerun"
          },
          "displayName": "test_pipeline",
          "status": "Preparing",
          "experimentName": "azure-ai-ml",
          "services": {
            "Tracking": {
              "jobServiceType": "Tracking",
              "port": null,
              "endpoint": "azureml://eastus2.api.azureml.ms/mlflow/v1.0/subscriptions/00000000-0000-0000-0000-000000000/resourceGroups/00000/providers/Microsoft.MachineLearningServices/workspaces/00000?",
              "status": null,
              "errorMessage": null,
              "properties": null,
              "nodes": null
            },
            "Studio": {
              "jobServiceType": "Studio",
              "port": null,
              "endpoint": "https://ml.azure.com/runs/000000000000000000000?wsid=/subscriptions/00000000-0000-0000-0000-000000000/resourcegroups/00000/workspaces/00000",
              "status": null,
              "errorMessage": null,
              "properties": null,
              "nodes": null
            }
          },
          "computeId": null,
          "isArchived": false,
          "identity": null,
          "componentId": null,
          "jobType": "Pipeline",
          "settings": {
            "default_compute": "/subscriptions/00000000-0000-0000-0000-000000000/resourceGroups/00000/providers/Microsoft.MachineLearningServices/workspaces/00000/computes/cpu-cluster",
            "continue_on_step_failure": true,
            "_source": "DSL"
          },
          "jobs": {
            "do_while_body_func": {
              "name": "do_while_body_func",
              "type": "command",
              "inputs": {
                "input_1": {
                  "job_input_type": "literal",
                  "value": "${{parent.inputs.input_data}}"
                },
                "input_2": {
                  "job_input_type": "literal",
                  "value": "${{parent.inputs.input_data}}"
                },
                "bool_param": {
                  "job_input_type": "literal",
                  "value": "${{parent.inputs.bool_param}}"
                },
                "int_param": {
                  "job_input_type": "literal",
                  "value": "${{parent.inputs.int_param}}"
                },
                "float_param": {
                  "job_input_type": "literal",
                  "value": "${{parent.inputs.float_param}}"
                },
                "str_param": {
                  "job_input_type": "literal",
                  "value": "${{parent.inputs.str_param}}"
                }
              },
              "_source": "YAML.COMPONENT",
              "componentId": "/subscriptions/00000000-0000-0000-0000-000000000/resourceGroups/00000/providers/Microsoft.MachineLearningServices/workspaces/00000/components/azureml_anonymous/versions/db76e678-2bce-45fb-b4ec-9a5c254911cd"
            },
            "dowhile": {
              "body": "${{parent.jobs.do_while_body_func}}",
              "type": "do_while",
              "condition": "condition",
              "mapping": {
                "${{parent.jobs.do_while_body_func.outputs.output_1}}": [
                  "input_1"
                ],
                "${{parent.jobs.do_while_body_func.outputs.output_2}}": [
                  "input_2"
                ],
                "${{parent.jobs.do_while_body_func.outputs.int_param_output}}": [
                  "int_param"
                ],
                "${{parent.jobs.do_while_body_func.outputs.bool_param_output}}": [
                  "bool_param"
                ],
                "${{parent.jobs.do_while_body_func.outputs.float_param_output}}": [
                  "float_param"
                ],
                "${{parent.jobs.do_while_body_func.outputs.str_param_output}}": [
                  "str_param"
                ]
              },
              "limits": {
                "max_iteration_count": 3
              },
              "_source": "DSL"
            },
            "primitive_output_component_true": {
              "name": "primitive_output_component_true",
              "type": "command",
              "inputs": {
                "input_data": {
                  "job_input_type": "literal",
                  "value": "${{parent.jobs.do_while_body_func.outputs.output_1}}"
                },
                "parambool": {
                  "job_input_type": "literal",
                  "value": "${{parent.jobs.do_while_body_func.outputs.bool_param_output}}"
                },
                "paramint": {
                  "job_input_type": "literal",
                  "value": "${{parent.jobs.do_while_body_func.outputs.int_param_output}}"
                },
                "paramfloat": {
                  "job_input_type": "literal",
                  "value": "${{parent.jobs.do_while_body_func.outputs.float_param_output}}"
                },
                "paramstr": {
                  "job_input_type": "literal",
                  "value": "${{parent.jobs.do_while_body_func.outputs.str_param_output}}"
                }
              },
              "_source": "YAML.COMPONENT",
              "componentId": "/subscriptions/00000000-0000-0000-0000-000000000/resourceGroups/00000/providers/Microsoft.MachineLearningServices/workspaces/00000/components/azureml_anonymous/versions/46aa9a0b-2e6e-4b2d-a0b4-daae280786c9"
            },
            "conditionnode": {
              "type": "if_else",
              "condition": "${{parent.jobs.do_while_body_func.outputs.condition}}",
              "true_block": "${{parent.jobs.primitive_output_component_true}}",
              "_source": "DSL"
            }
          },
          "inputs": {
            "input_data": {
              "description": null,
              "uri": "https://dprepdata.blob.core.windows.net/demo/Titanic.csv",
              "mode": "ReadOnlyMount",
              "jobInputType": "uri_file"
            },
            "int_param": {
              "description": null,
              "jobInputType": "literal",
              "value": "4"
            },
            "bool_param": {
              "description": null,
              "jobInputType": "literal",
              "value": "True"
            },
            "float_param": {
              "description": null,
              "jobInputType": "literal",
              "value": "22.0"
            },
            "str_param": {
              "description": null,
              "jobInputType": "literal",
              "value": "string_param_no_space"
            }
          },
          "outputs": {},
          "sourceJobId": null
        },
        "systemData": {
          "createdAt": "2023-02-23T22:07:19.850365\u002B00:00",
          "createdBy": "Diondra Peck",
          "createdByType": "User"
        }
      }
    },
    {
      "RequestUri": "https://management.azure.com/subscriptions/00000000-0000-0000-0000-000000000/resourceGroups/00000/providers/Microsoft.MachineLearningServices/workspaces/00000/jobs/000000000000000000000/cancel?api-version=2022-12-01-preview",
      "RequestMethod": "POST",
      "RequestHeaders": {
        "Accept": "application/json",
        "Accept-Encoding": "gzip, deflate",
        "Connection": "keep-alive",
        "Content-Length": "0",
        "User-Agent": "azure-ai-ml/1.5.0 azsdk-python-mgmt-machinelearningservices/0.1.0 Python/3.7.9 (Windows-10-10.0.22621-SP0)"
      },
      "RequestBody": null,
      "StatusCode": 202,
      "ResponseHeaders": {
        "Cache-Control": "no-cache",
        "Content-Length": "4",
        "Content-Type": "application/json; charset=utf-8",
        "Date": "Thu, 23 Feb 2023 22:07:22 GMT",
        "Expires": "-1",
        "Location": "https://management.azure.com/subscriptions/00000000-0000-0000-0000-000000000/providers/Microsoft.MachineLearningServices/locations/eastus2/mfeOperationResults/jc:2d1e66ae-85e3-42c0-be91-34de66397f26:000000000000000000000?api-version=2022-12-01-preview",
        "Pragma": "no-cache",
        "Request-Context": "appId=cid-v1:2d2e8e63-272e-4b3c-8598-4ee570a0e70d",
        "Strict-Transport-Security": "max-age=31536000; includeSubDomains",
        "x-aml-cluster": "vienna-eastus2-01",
        "X-Content-Type-Options": "nosniff",
        "x-ms-async-operation-timeout": "PT1H",
        "x-ms-correlation-request-id": "1b48233d-6fc5-4117-a68d-b016f4598295",
        "x-ms-ratelimit-remaining-subscription-writes": "1199",
        "x-ms-response-type": "standard",
        "x-ms-routing-request-id": "WESTUS2:20230223T220722Z:1b48233d-6fc5-4117-a68d-b016f4598295",
        "x-request-time": "0.793"
      },
      "ResponseBody": "null"
    },
    {
      "RequestUri": "https://management.azure.com/subscriptions/00000000-0000-0000-0000-000000000/providers/Microsoft.MachineLearningServices/locations/eastus2/mfeOperationResults/jc:2d1e66ae-85e3-42c0-be91-34de66397f26:000000000000000000000?api-version=2022-12-01-preview",
      "RequestMethod": "GET",
      "RequestHeaders": {
        "Accept": "*/*",
        "Accept-Encoding": "gzip, deflate",
        "Connection": "keep-alive",
        "User-Agent": "azure-ai-ml/1.5.0 azsdk-python-mgmt-machinelearningservices/0.1.0 Python/3.7.9 (Windows-10-10.0.22621-SP0)"
      },
      "RequestBody": null,
      "StatusCode": 202,
      "ResponseHeaders": {
        "Cache-Control": "no-cache",
        "Content-Length": "2",
        "Content-Type": "application/json; charset=utf-8",
        "Date": "Thu, 23 Feb 2023 22:07:22 GMT",
        "Expires": "-1",
        "Location": "https://management.azure.com/subscriptions/00000000-0000-0000-0000-000000000/providers/Microsoft.MachineLearningServices/locations/eastus2/mfeOperationResults/jc:2d1e66ae-85e3-42c0-be91-34de66397f26:000000000000000000000?api-version=2022-12-01-preview",
        "Pragma": "no-cache",
        "Request-Context": "appId=cid-v1:2d2e8e63-272e-4b3c-8598-4ee570a0e70d",
        "Strict-Transport-Security": "max-age=31536000; includeSubDomains",
        "x-aml-cluster": "vienna-eastus2-01",
        "X-Content-Type-Options": "nosniff",
        "x-ms-correlation-request-id": "aa90bb38-6d78-4a9e-9506-d919ab870213",
        "x-ms-ratelimit-remaining-subscription-reads": "11998",
        "x-ms-response-type": "standard",
        "x-ms-routing-request-id": "WESTUS2:20230223T220723Z:aa90bb38-6d78-4a9e-9506-d919ab870213",
        "x-request-time": "0.067"
      },
      "ResponseBody": {}
    },
    {
      "RequestUri": "https://management.azure.com/subscriptions/00000000-0000-0000-0000-000000000/providers/Microsoft.MachineLearningServices/locations/eastus2/mfeOperationResults/jc:2d1e66ae-85e3-42c0-be91-34de66397f26:000000000000000000000?api-version=2022-12-01-preview",
      "RequestMethod": "GET",
      "RequestHeaders": {
        "Accept": "*/*",
        "Accept-Encoding": "gzip, deflate",
        "Connection": "keep-alive",
        "User-Agent": "azure-ai-ml/1.5.0 azsdk-python-mgmt-machinelearningservices/0.1.0 Python/3.7.9 (Windows-10-10.0.22621-SP0)"
      },
      "RequestBody": null,
      "StatusCode": 200,
      "ResponseHeaders": {
        "Cache-Control": "no-cache",
        "Content-Length": "0",
        "Date": "Thu, 23 Feb 2023 22:07:54 GMT",
        "Expires": "-1",
        "Pragma": "no-cache",
        "Request-Context": "appId=cid-v1:2d2e8e63-272e-4b3c-8598-4ee570a0e70d",
        "Server-Timing": "traceparent;desc=\u002200-f4f67a40c7ea41efc4401741fa018870-c7b27e02652fd58b-01\u0022",
        "Strict-Transport-Security": "max-age=31536000; includeSubDomains",
        "x-aml-cluster": "vienna-eastus2-01",
        "X-Content-Type-Options": "nosniff",
        "x-ms-correlation-request-id": "4808671c-1b19-417f-b89f-efaa06e04f43",
        "x-ms-ratelimit-remaining-subscription-reads": "11997",
        "x-ms-response-type": "standard",
        "x-ms-routing-request-id": "WESTUS2:20230223T220754Z:4808671c-1b19-417f-b89f-efaa06e04f43",
        "x-request-time": "0.484"
      },
      "ResponseBody": null
    }
  ],
  "Variables": {}
}
