{
  "Entries": [
    {
      "RequestUri": "https://management.azure.com/subscriptions/00000000-0000-0000-0000-000000000/resourceGroups/00000/providers/Microsoft.MachineLearningServices/workspaces/00000?api-version=2022-10-01",
      "RequestMethod": "GET",
      "RequestHeaders": {
        "Accept": "application/json",
        "Accept-Encoding": "gzip, deflate",
        "Connection": "keep-alive",
        "User-Agent": "azure-ai-ml/1.5.0 azsdk-python-mgmt-machinelearningservices/0.1.0 Python/3.7.9 (Windows-10-10.0.22621-SP0)"
      },
      "RequestBody": null,
      "StatusCode": 200,
      "ResponseHeaders": {
        "Cache-Control": "no-cache",
        "Content-Encoding": "gzip",
        "Content-Type": "application/json; charset=utf-8",
        "Date": "Thu, 02 Mar 2023 08:44:44 GMT",
        "Expires": "-1",
        "Pragma": "no-cache",
        "request-context": "appId=cid-v1:512cc15a-13b5-415b-bfd0-dce7accb6bb1",
        "Server-Timing": "traceparent;desc=\u002200-c6334f99da9127668908d44e6df9c087-dc9d2e626187c3ee-01\u0022",
        "Strict-Transport-Security": "max-age=31536000; includeSubDomains",
        "Transfer-Encoding": "chunked",
        "Vary": [
          "Accept-Encoding",
          "Accept-Encoding"
        ],
        "x-aml-cluster": "vienna-test-westus2-01",
        "X-Content-Type-Options": "nosniff",
        "x-ms-correlation-request-id": "43f752e5-695e-40f4-8285-c10be2d9094b",
        "x-ms-ratelimit-remaining-subscription-reads": "11976",
        "x-ms-response-type": "standard",
        "x-ms-routing-request-id": "WESTUS2:20230302T084445Z:43f752e5-695e-40f4-8285-c10be2d9094b",
        "x-request-time": "0.011"
      },
      "ResponseBody": {
        "id": "/subscriptions/00000000-0000-0000-0000-000000000/resourceGroups/00000/providers/Microsoft.MachineLearningServices/workspaces/00000",
        "name": "00000",
        "type": "Microsoft.MachineLearningServices/workspaces",
        "location": "centraluseuap",
        "tags": {},
        "etag": null,
        "properties": {
          "friendlyName": "00000",
          "description": "",
          "storageAccount": "/subscriptions/00000000-0000-0000-0000-000000000/resourceGroups/00000/providers/Microsoft.Storage/storageAccounts/sabwy6aywr6q3xa",
          "keyVault": "/subscriptions/00000000-0000-0000-0000-000000000/resourceGroups/00000/providers/Microsoft.Keyvault/vaults/kvtestxhqgox57wyoei",
          "applicationInsights": "/subscriptions/00000000-0000-0000-0000-000000000/resourceGroups/00000/providers/Microsoft.insights/components/aibwy6aywr6q3xa",
          "hbiWorkspace": false,
          "tenantId": "72f988bf-86f1-41af-91ab-2d7cd011db47",
          "imageBuildCompute": null,
          "provisioningState": "Succeeded",
          "v1LegacyMode": false,
          "softDeleteEnabled": false,
          "containerRegistry": "/subscriptions/00000000-0000-0000-0000-000000000/resourceGroups/00000/providers/Microsoft.ContainerRegistry/registries/crbwy6aywr6q3xa",
          "creationTime": "2023-03-02T05:04:47.9826667Z",
          "notebookInfo": {
            "resourceId": "0000000-0000-0000-0000-000000000000",
            "fqdn": "ml-sdkvnextc-centraluseuap-691a3670-144c-489b-a527-ce78b4bc2ecc.centraluseuap.notebooks.azure.net",
            "isPrivateLinkEnabled": false,
            "notebookPreparationError": null
          },
          "storageHnsEnabled": false,
          "workspaceId": "691a3670-144c-489b-a527-ce78b4bc2ecc",
          "linkedModelInventoryArmId": null,
          "privateLinkCount": 0,
          "publicNetworkAccess": "Enabled",
          "discoveryUrl": "https://master.api.azureml-test.ms/discovery",
          "mlFlowTrackingUri": "azureml://master.api.azureml-test.ms/mlflow/v1.0/subscriptions/00000000-0000-0000-0000-000000000/resourceGroups/00000/providers/Microsoft.MachineLearningServices/workspaces/00000",
          "sdkTelemetryAppInsightsKey": "0000000-0000-0000-0000-000000000000",
          "sasGetterUri": "",
          "enableDataIsolation": false
        },
        "identity": {
          "type": "SystemAssigned",
          "principalId": "0000000-0000-0000-0000-000000000000",
          "tenantId": "72f988bf-86f1-41af-91ab-2d7cd011db47"
        },
        "kind": "Default",
        "sku": {
          "name": "Basic",
          "tier": "Basic"
        },
        "systemData": {
          "createdAt": "2023-03-02T05:04:47.9826667Z",
          "createdBy": "alias@contoso.com",
          "createdByType": "User",
          "lastModifiedAt": "2023-03-02T05:04:47.9826667Z",
          "lastModifiedBy": "alias@contoso.com",
          "lastModifiedByType": "User"
        }
      }
    },
    {
      "RequestUri": "https://master.api.azureml-test.ms/content/v2.0/subscriptions/00000000-0000-0000-0000-000000000/resourceGroups/00000/providers/Microsoft.MachineLearningServices/workspaces/00000/snapshots/getByHash?hash=d3c05b496c685e7e5a204e3cebc689086bd0f622c2975d8090c18968739a464a\u0026hashVersion=202208",
      "RequestMethod": "GET",
      "RequestHeaders": {
        "Accept": "*/*",
        "Accept-Encoding": "gzip, deflate",
        "Connection": "keep-alive",
        "Content-Type": "application/json; charset=UTF-8",
        "User-Agent": "azure-ai-ml/1.5.0 azsdk-python-core/1.26.3 Python/3.7.9 (Windows-10-10.0.22621-SP0)"
      },
      "RequestBody": null,
      "StatusCode": 200,
      "ResponseHeaders": {
        "Connection": "keep-alive",
        "Content-Encoding": "gzip",
        "Content-Type": "application/json; charset=utf-8",
        "Date": "Thu, 02 Mar 2023 08:44:47 GMT",
        "request-context": "appId=cid-v1:512cc15a-13b5-415b-bfd0-dce7accb6bb1",
        "Strict-Transport-Security": "max-age=15724800; includeSubDomains; preload",
        "Transfer-Encoding": "chunked",
        "Vary": "Accept-Encoding",
        "x-aml-cluster": "vienna-test-westus2-02",
        "X-Content-Type-Options": "nosniff",
        "x-ms-response-type": "standard",
        "x-request-time": "0.061"
      },
      "ResponseBody": {
        "snapshotType": "LocalFiles",
        "id": "67cceef9-a051-47a0-bd22-c940bfe2f5c7",
        "root": {
          "name": "",
          "hash": null,
          "type": "Directory",
          "timestamp": "0001-01-01T00:00:00\u002B00:00",
          "sasUrl": null,
          "absoluteUrl": null,
          "sizeBytes": 0,
          "sizeSet": false,
          "children": {
            "COMPONENT_PLACEHOLDER": {
              "name": "COMPONENT_PLACEHOLDER",
              "hash": "2FF0E74A91489FE8DA41673EB1441D73",
              "type": "File",
              "timestamp": "0001-01-01T00:00:00\u002B00:00",
              "sasUrl": null,
              "absoluteUrl": null,
              "sizeBytes": 35,
              "sizeSet": true,
              "children": {}
            }
          }
        },
        "tags": {},
        "properties": {
          "hash_sha256": "d3c05b496c685e7e5a204e3cebc689086bd0f622c2975d8090c18968739a464a",
          "hash_version": "202208",
          "azureml.codeUri": "https://sabwy6aywr6q3xa.blob.core.windows.net:443/691a3670-1-df23673a-24d7-5c4b-83a4-ffc5abb28431/"
        },
        "description": null,
        "name": "82feae8d-d72f-47c6-aa30-add8ea5249f1",
        "version": "1",
        "createdBy": {
          "userObjectId": "b3a957de-450c-4ca7-b2aa-88dd98c87fef",
          "userPuId": "10037FFEAD05DD5D",
          "userIdp": null,
          "userAltSecId": null,
          "userIss": "https://sts.windows.net/72f988bf-86f1-41af-91ab-2d7cd011db47/",
          "userTenantId": "72f988bf-86f1-41af-91ab-2d7cd011db47",
          "userName": "Firstname Lastname",
          "upn": null
        },
        "createdTime": "2023-03-02T05:37:12.4203957\u002B00:00",
        "modifiedBy": {
          "userObjectId": "b3a957de-450c-4ca7-b2aa-88dd98c87fef",
          "userPuId": "10037FFEAD05DD5D",
          "userIdp": null,
          "userAltSecId": null,
          "userIss": "https://sts.windows.net/72f988bf-86f1-41af-91ab-2d7cd011db47/",
          "userTenantId": "72f988bf-86f1-41af-91ab-2d7cd011db47",
          "userName": "Diondra Peck",
          "upn": null
        },
        "modifiedTime": "2023-03-02T05:37:12.4203957\u002B00:00",
        "gitRepositoryCommit": null,
        "uri": "https://sabwy6aywr6q3xa.blob.core.windows.net:443/691a3670-1-df23673a-24d7-5c4b-83a4-ffc5abb28431/",
        "contentHash": "d3c05b496c685e7e5a204e3cebc689086bd0f622c2975d8090c18968739a464a",
        "hashVersion": "202208",
        "provisioningState": "Succeeded"
      }
    },
    {
      "RequestUri": "https://management.azure.com/subscriptions/00000000-0000-0000-0000-000000000/resourceGroups/00000/providers/Microsoft.MachineLearningServices/workspaces/00000/codes/82feae8d-d72f-47c6-aa30-add8ea5249f1/versions/1?api-version=2022-05-01",
      "RequestMethod": "GET",
      "RequestHeaders": {
        "Accept": "application/json",
        "Accept-Encoding": "gzip, deflate",
        "Connection": "keep-alive",
        "User-Agent": "azure-ai-ml/1.5.0 azsdk-python-mgmt-machinelearningservices/0.1.0 Python/3.7.9 (Windows-10-10.0.22621-SP0)"
      },
      "RequestBody": null,
      "StatusCode": 200,
      "ResponseHeaders": {
        "Cache-Control": "no-cache",
        "Content-Encoding": "gzip",
        "Content-Type": "application/json; charset=utf-8",
        "Date": "Thu, 02 Mar 2023 08:44:49 GMT",
        "Expires": "-1",
        "Pragma": "no-cache",
        "request-context": "appId=cid-v1:512cc15a-13b5-415b-bfd0-dce7accb6bb1",
        "Server-Timing": "traceparent;desc=\u002200-57cd91da9d82faafa83688437f60e3ee-ffc071c75f5d6b74-01\u0022",
        "Strict-Transport-Security": "max-age=31536000; includeSubDomains",
        "Transfer-Encoding": "chunked",
        "Vary": [
          "Accept-Encoding",
          "Accept-Encoding"
        ],
        "x-aml-cluster": "vienna-test-westus2-02",
        "X-Content-Type-Options": "nosniff",
        "x-ms-correlation-request-id": "346b459b-b370-449d-af67-d21894703599",
        "x-ms-ratelimit-remaining-subscription-reads": "11975",
        "x-ms-response-type": "standard",
        "x-ms-routing-request-id": "WESTUS2:20230302T084449Z:346b459b-b370-449d-af67-d21894703599",
        "x-request-time": "0.170"
      },
      "ResponseBody": {
        "id": "/subscriptions/00000000-0000-0000-0000-000000000/resourceGroups/00000/providers/Microsoft.MachineLearningServices/workspaces/00000/codes/82feae8d-d72f-47c6-aa30-add8ea5249f1/versions/1",
        "name": "1",
        "type": "Microsoft.MachineLearningServices/workspaces/codes/versions",
        "properties": {
          "description": null,
          "tags": {},
          "properties": {
            "hash_sha256": "0000000000000",
            "hash_version": "0000000000000"
          },
          "isArchived": false,
          "isAnonymous": false,
          "codeUri": "https://sabwy6aywr6q3xa.blob.core.windows.net:443/691a3670-1-df23673a-24d7-5c4b-83a4-ffc5abb28431/"
        },
        "systemData": {
          "createdAt": "2023-03-02T05:37:12.4203957\u002B00:00",
          "createdBy": "Firstname Lastname",
          "createdByType": "User",
          "lastModifiedAt": "2023-03-02T05:37:12.4203957\u002B00:00",
          "lastModifiedBy": "Firstname Lastname",
          "lastModifiedByType": "User"
        }
      }
    },
    {
      "RequestUri": "https://management.azure.com/subscriptions/00000000-0000-0000-0000-000000000/resourceGroups/00000/providers/Microsoft.MachineLearningServices/workspaces/00000/components/azureml_anonymous/versions/b3a59eff-8a10-9db2-c2e2-20e0d6624478?api-version=2022-10-01",
      "RequestMethod": "PUT",
      "RequestHeaders": {
        "Accept": "application/json",
        "Accept-Encoding": "gzip, deflate",
        "Connection": "keep-alive",
        "Content-Length": "1689",
        "Content-Type": "application/json",
        "User-Agent": "azure-ai-ml/1.5.0 azsdk-python-mgmt-machinelearningservices/0.1.0 Python/3.7.9 (Windows-10-10.0.22621-SP0)"
      },
      "RequestBody": {
        "properties": {
          "description": "Component with default and optional parameters",
          "properties": {},
          "tags": {
            "tag": "tagvalue",
            "owner": "sdkteam"
          },
          "isAnonymous": true,
          "isArchived": false,
          "componentSpec": {
            "command": "echo Hello World \u0026 echo required_param ${{inputs.required_param}} \u0026 echo required_param_with_default ${{inputs.required_param_with_default}} \u0026 $[[echo optional_param ${{inputs.optional_param}} \u0026]] $[[echo optional_param_with_default ${{inputs.optional_param_with_default}} \u0026]] echo required_input ${{inputs.required_input}} \u0026 $[[echo optional_input ${{inputs.optional_input}} \u0026]]",
            "code": "azureml:/subscriptions/00000000-0000-0000-0000-000000000/resourceGroups/00000/providers/Microsoft.MachineLearningServices/workspaces/00000/codes/82feae8d-d72f-47c6-aa30-add8ea5249f1/versions/1",
            "environment": "azureml:AzureML-sklearn-1.0-ubuntu20.04-py38-cpu:33",
            "name": "default_optional_component",
            "description": "Component with default and optional parameters",
            "tags": {
              "tag": "tagvalue",
              "owner": "sdkteam"
            },
            "version": "1",
            "$schema": "https://azuremlschemas.azureedge.net/development/commandComponent.schema.json",
            "display_name": "Component with default and optional parameters",
            "is_deterministic": true,
            "inputs": {
              "required_input": {
                "type": "uri_folder"
              },
              "optional_input": {
                "type": "uri_folder",
                "optional": true
              },
              "required_param": {
                "type": "string"
              },
              "required_param_with_default": {
                "type": "string",
                "default": "required_param_with_default"
              },
              "optional_param": {
                "type": "string",
                "optional": true
              },
              "optional_param_with_default": {
                "type": "string",
                "optional": true,
                "default": "optional_param_with_default"
              }
            },
            "type": "command",
            "_source": "YAML.COMPONENT"
          }
        }
      },
      "StatusCode": 201,
      "ResponseHeaders": {
        "Cache-Control": "no-cache",
        "Content-Length": "2265",
        "Content-Type": "application/json; charset=utf-8",
        "Date": "Thu, 02 Mar 2023 08:44:51 GMT",
        "Expires": "-1",
        "Location": "https://management.azure.com/subscriptions/00000000-0000-0000-0000-000000000/resourceGroups/00000/providers/Microsoft.MachineLearningServices/workspaces/00000/components/azureml_anonymous/versions/b3a59eff-8a10-9db2-c2e2-20e0d6624478?api-version=2022-10-01",
        "Pragma": "no-cache",
        "request-context": "appId=cid-v1:512cc15a-13b5-415b-bfd0-dce7accb6bb1",
        "Server-Timing": "traceparent;desc=\u002200-23966abb3d4d77168977b256ac107820-f7e6551cc658d715-01\u0022",
        "Strict-Transport-Security": "max-age=31536000; includeSubDomains",
        "x-aml-cluster": "vienna-test-westus2-02",
        "X-Content-Type-Options": "nosniff",
        "x-ms-correlation-request-id": "17669eee-cc67-4240-bc1d-9e385e18b32a",
        "x-ms-ratelimit-remaining-subscription-writes": "1175",
        "x-ms-response-type": "standard",
        "x-ms-routing-request-id": "WESTUS2:20230302T084451Z:17669eee-cc67-4240-bc1d-9e385e18b32a",
        "x-request-time": "1.057"
      },
      "ResponseBody": {
        "id": "/subscriptions/00000000-0000-0000-0000-000000000/resourceGroups/00000/providers/Microsoft.MachineLearningServices/workspaces/00000/components/azureml_anonymous/versions/6d1125a5-db7f-4aa1-a662-eb5b5f66a814",
        "name": "6d1125a5-db7f-4aa1-a662-eb5b5f66a814",
        "type": "Microsoft.MachineLearningServices/workspaces/components/versions",
        "properties": {
          "description": null,
          "tags": {
            "tag": "tagvalue",
            "owner": "sdkteam"
          },
          "properties": {},
          "isArchived": false,
          "isAnonymous": true,
          "componentSpec": {
            "name": "default_optional_component",
            "version": "1",
            "display_name": "Component with default and optional parameters",
            "is_deterministic": "True",
            "type": "command",
            "description": "Component with default and optional parameters",
            "tags": {
              "tag": "tagvalue",
              "owner": "sdkteam"
            },
            "inputs": {
              "required_input": {
                "type": "uri_folder",
                "optional": "False"
              },
              "optional_input": {
                "type": "uri_folder",
                "optional": "True"
              },
              "required_param": {
                "type": "string",
                "optional": "False"
              },
              "required_param_with_default": {
                "type": "string",
                "optional": "False",
                "default": "required_param_with_default"
              },
              "optional_param": {
                "type": "string",
                "optional": "True"
              },
              "optional_param_with_default": {
                "type": "string",
                "optional": "True",
                "default": "optional_param_with_default"
              }
            },
            "code": "azureml:/subscriptions/00000000-0000-0000-0000-000000000/resourceGroups/00000/providers/Microsoft.MachineLearningServices/workspaces/00000/codes/82feae8d-d72f-47c6-aa30-add8ea5249f1/versions/1",
            "environment": "azureml://registries/azureml-dev/environments/AzureML-sklearn-1.0-ubuntu20.04-py38-cpu/versions/33",
            "resources": {
              "instance_count": "1"
            },
            "command": "echo Hello World \u0026 echo required_param ${{inputs.required_param}} \u0026 echo required_param_with_default ${{inputs.required_param_with_default}} \u0026 $[[echo optional_param ${{inputs.optional_param}} \u0026]] $[[echo optional_param_with_default ${{inputs.optional_param_with_default}} \u0026]] echo required_input ${{inputs.required_input}} \u0026 $[[echo optional_input ${{inputs.optional_input}} \u0026]]",
            "$schema": "https://azuremlschemas.azureedge.net/development/commandComponent.schema.json"
          }
        },
        "systemData": {
          "createdAt": "2023-03-02T08:42:15.8914054\u002B00:00",
          "createdBy": "Firstname Lastname",
          "createdByType": "User",
          "lastModifiedAt": "2023-03-02T08:42:16.244761\u002B00:00",
          "lastModifiedBy": "Firstname Lastname",
          "lastModifiedByType": "User"
        }
      }
    },
    {
      "RequestUri": "https://management.azure.com/subscriptions/00000000-0000-0000-0000-000000000/resourceGroups/00000/providers/Microsoft.MachineLearningServices/workspaces/00000/jobs/000000000000000000000?api-version=2022-12-01-preview",
      "RequestMethod": "PUT",
      "RequestHeaders": {
        "Accept": "application/json",
        "Accept-Encoding": "gzip, deflate",
        "Connection": "keep-alive",
        "Content-Length": "1554",
        "Content-Type": "application/json",
        "User-Agent": "azure-ai-ml/1.5.0 azsdk-python-mgmt-machinelearningservices/0.1.0 Python/3.7.9 (Windows-10-10.0.22621-SP0)"
      },
      "RequestBody": {
        "properties": {
          "properties": {},
          "tags": {},
          "displayName": "pipeline_with_default_optional_parameters",
          "experimentName": "default_optional_pipeline",
          "isArchived": false,
          "jobType": "Pipeline",
          "inputs": {
            "required_input": {
              "uri": "https://dprepdata.blob.core.windows.net/demo/Titanic.csv",
              "jobInputType": "uri_file"
            },
            "required_param": {
              "jobInputType": "literal",
              "value": "hello"
            },
            "required_param_with_default": {
              "jobInputType": "literal",
              "value": "required_param_with_default"
            },
            "optional_param": {
              "jobInputType": "literal",
              "value": "optional_param"
            }
          },
          "jobs": {
            "default_optional_component": {
              "name": "default_optional_component",
              "type": "command",
              "inputs": {
                "required_input": {
                  "job_input_type": "literal",
                  "value": "${{parent.inputs.required_input}}"
                },
                "required_param": {
                  "job_input_type": "literal",
                  "value": "${{parent.inputs.required_param}}"
                },
                "required_param_with_default": {
                  "job_input_type": "literal",
                  "value": "${{parent.inputs.required_param_with_default}}"
                },
                "optional_param": {
                  "job_input_type": "literal",
                  "value": "${{parent.inputs.optional_param}}"
                }
              },
              "_source": "YAML.COMPONENT",
              "componentId": "/subscriptions/00000000-0000-0000-0000-000000000/resourceGroups/00000/providers/Microsoft.MachineLearningServices/workspaces/00000/components/azureml_anonymous/versions/6d1125a5-db7f-4aa1-a662-eb5b5f66a814"
            }
          },
          "outputs": {},
          "settings": {
            "default_compute": "/subscriptions/00000000-0000-0000-0000-000000000/resourceGroups/00000/providers/Microsoft.MachineLearningServices/workspaces/00000/computes/cpu-cluster",
            "_source": "DSL"
          }
        }
      },
      "StatusCode": 201,
      "ResponseHeaders": {
        "Cache-Control": "no-cache",
        "Content-Length": "3148",
        "Content-Type": "application/json; charset=utf-8",
        "Date": "Thu, 02 Mar 2023 08:44:56 GMT",
        "Expires": "-1",
        "Location": "https://management.azure.com/subscriptions/00000000-0000-0000-0000-000000000/resourceGroups/00000/providers/Microsoft.MachineLearningServices/workspaces/00000/jobs/000000000000000000000?api-version=2022-12-01-preview",
        "Pragma": "no-cache",
        "request-context": "appId=cid-v1:512cc15a-13b5-415b-bfd0-dce7accb6bb1",
        "Server-Timing": "traceparent;desc=\u002200-e47a9718f0829bd0140f3212f218affb-f419b5c34567da5f-01\u0022",
        "Strict-Transport-Security": "max-age=31536000; includeSubDomains",
        "x-aml-cluster": "vienna-test-westus2-02",
        "X-Content-Type-Options": "nosniff",
        "x-ms-correlation-request-id": "b243ba09-f8bc-49b7-abee-94f38523b043",
        "x-ms-ratelimit-remaining-subscription-writes": "1174",
        "x-ms-response-type": "standard",
        "x-ms-routing-request-id": "WESTUS2:20230302T084456Z:b243ba09-f8bc-49b7-abee-94f38523b043",
        "x-request-time": "2.186"
      },
      "ResponseBody": {
        "id": "/subscriptions/00000000-0000-0000-0000-000000000/resourceGroups/00000/providers/Microsoft.MachineLearningServices/workspaces/00000/jobs/000000000000000000000",
        "name": "000000000000000000000",
        "type": "Microsoft.MachineLearningServices/workspaces/jobs",
        "properties": {
          "description": null,
          "tags": {},
          "properties": {
            "azureml.DevPlatv2": "true",
            "azureml.runsource": "azureml.PipelineRun",
            "runSource": "MFE",
            "runType": "HTTP",
            "azureml.parameters": "{\u0022required_param\u0022:\u0022hello\u0022,\u0022required_param_with_default\u0022:\u0022required_param_with_default\u0022,\u0022optional_param\u0022:\u0022optional_param\u0022}",
            "azureml.continue_on_step_failure": "False",
            "azureml.continue_on_failed_optional_input": "True",
            "azureml.defaultComputeName": "cpu-cluster",
            "azureml.defaultDataStoreName": "workspaceblobstore",
            "azureml.pipelineComponent": "pipelinerun"
          },
          "displayName": "pipeline_with_default_optional_parameters",
          "status": "Preparing",
          "experimentName": "default_optional_pipeline",
          "services": {
            "Tracking": {
              "jobServiceType": "Tracking",
              "port": null,
              "endpoint": "azureml://master.api.azureml-test.ms/mlflow/v1.0/subscriptions/00000000-0000-0000-0000-000000000/resourceGroups/00000/providers/Microsoft.MachineLearningServices/workspaces/00000?",
              "status": null,
              "errorMessage": null,
              "properties": null,
              "nodes": null
            },
            "Studio": {
              "jobServiceType": "Studio",
              "port": null,
              "endpoint": "https://ml.azure.com/runs/000000000000000000000?wsid=/subscriptions/00000000-0000-0000-0000-000000000/resourcegroups/00000/workspaces/00000",
              "status": null,
              "errorMessage": null,
              "properties": null,
              "nodes": null
            }
          },
          "computeId": null,
          "isArchived": false,
          "identity": null,
          "componentId": null,
          "jobType": "Pipeline",
          "settings": {
            "default_compute": "/subscriptions/00000000-0000-0000-0000-000000000/resourceGroups/00000/providers/Microsoft.MachineLearningServices/workspaces/00000/computes/cpu-cluster",
            "_source": "DSL"
          },
          "jobs": {
            "default_optional_component": {
              "name": "default_optional_component",
              "type": "command",
              "inputs": {
                "required_input": {
                  "job_input_type": "literal",
                  "value": "${{parent.inputs.required_input}}"
                },
                "required_param": {
                  "job_input_type": "literal",
                  "value": "${{parent.inputs.required_param}}"
                },
                "required_param_with_default": {
                  "job_input_type": "literal",
                  "value": "${{parent.inputs.required_param_with_default}}"
                },
                "optional_param": {
                  "job_input_type": "literal",
                  "value": "${{parent.inputs.optional_param}}"
                }
              },
              "_source": "YAML.COMPONENT",
              "componentId": "/subscriptions/00000000-0000-0000-0000-000000000/resourceGroups/00000/providers/Microsoft.MachineLearningServices/workspaces/00000/components/azureml_anonymous/versions/6d1125a5-db7f-4aa1-a662-eb5b5f66a814"
            }
          },
          "inputs": {
            "required_input": {
              "description": null,
              "uri": "https://dprepdata.blob.core.windows.net/demo/Titanic.csv",
              "mode": "ReadOnlyMount",
              "jobInputType": "uri_file"
            },
            "required_param": {
              "description": null,
              "jobInputType": "literal",
              "value": "hello"
            },
            "required_param_with_default": {
              "description": null,
              "jobInputType": "literal",
              "value": "required_param_with_default"
            },
            "optional_param": {
              "description": null,
              "jobInputType": "literal",
              "value": "optional_param"
            }
          },
          "outputs": {},
          "sourceJobId": null
        },
        "systemData": {
          "createdAt": "2023-03-02T08:44:55.7128575\u002B00:00",
          "createdBy": "Firstname Lastname",
          "createdByType": "User"
        }
      }
    },
    {
      "RequestUri": "https://management.azure.com/subscriptions/00000000-0000-0000-0000-000000000/resourceGroups/00000/providers/Microsoft.MachineLearningServices/workspaces/00000/jobs/000000000000000000000?api-version=2022-12-01-preview",
      "RequestMethod": "PUT",
      "RequestHeaders": {
        "Accept": "application/json",
        "Accept-Encoding": "gzip, deflate",
        "Connection": "keep-alive",
        "Content-Length": "1554",
        "Content-Type": "application/json",
        "User-Agent": "azure-ai-ml/1.5.0 azsdk-python-mgmt-machinelearningservices/0.1.0 Python/3.7.9 (Windows-10-10.0.22621-SP0)"
      },
      "RequestBody": {
        "properties": {
          "properties": {},
          "tags": {},
          "displayName": "pipeline_with_default_optional_parameters",
          "experimentName": "default_optional_pipeline",
          "isArchived": false,
          "jobType": "Pipeline",
          "inputs": {
            "required_input": {
              "uri": "https://dprepdata.blob.core.windows.net/demo/Titanic.csv",
              "jobInputType": "uri_file"
            },
            "required_param": {
              "jobInputType": "literal",
              "value": "hello"
            },
            "required_param_with_default": {
              "jobInputType": "literal",
              "value": "required_param_with_default"
            },
            "optional_param": {
              "jobInputType": "literal",
              "value": "optional_param"
            }
          },
          "jobs": {
            "default_optional_component": {
              "name": "default_optional_component",
              "type": "command",
              "inputs": {
                "required_input": {
                  "job_input_type": "literal",
                  "value": "${{parent.inputs.required_input}}"
                },
                "required_param": {
                  "job_input_type": "literal",
                  "value": "${{parent.inputs.required_param}}"
                },
                "required_param_with_default": {
                  "job_input_type": "literal",
                  "value": "${{parent.inputs.required_param_with_default}}"
                },
                "optional_param": {
                  "job_input_type": "literal",
                  "value": "${{parent.inputs.optional_param}}"
                }
              },
              "_source": "YAML.COMPONENT",
              "componentId": "/subscriptions/00000000-0000-0000-0000-000000000/resourceGroups/00000/providers/Microsoft.MachineLearningServices/workspaces/00000/components/azureml_anonymous/versions/6d1125a5-db7f-4aa1-a662-eb5b5f66a814"
            }
          },
          "outputs": {},
          "settings": {
            "default_compute": "/subscriptions/00000000-0000-0000-0000-000000000/resourceGroups/00000/providers/Microsoft.MachineLearningServices/workspaces/00000/computes/cpu-cluster",
            "_source": "DSL"
          }
        }
      },
      "StatusCode": 201,
      "ResponseHeaders": {
        "Cache-Control": "no-cache",
        "Content-Length": "3147",
        "Content-Type": "application/json; charset=utf-8",
        "Date": "Thu, 02 Mar 2023 08:45:01 GMT",
        "Expires": "-1",
        "Location": "https://management.azure.com/subscriptions/00000000-0000-0000-0000-000000000/resourceGroups/00000/providers/Microsoft.MachineLearningServices/workspaces/00000/jobs/000000000000000000000?api-version=2022-12-01-preview",
        "Pragma": "no-cache",
        "request-context": "appId=cid-v1:512cc15a-13b5-415b-bfd0-dce7accb6bb1",
        "Server-Timing": "traceparent;desc=\u002200-861f56516b3615a363189bbd7fcc1966-3d39787b833e1943-01\u0022",
        "Strict-Transport-Security": "max-age=31536000; includeSubDomains",
        "x-aml-cluster": "vienna-test-westus2-02",
        "X-Content-Type-Options": "nosniff",
        "x-ms-correlation-request-id": "d6067f1f-4c4e-45e1-9a38-4f038fdbc880",
        "x-ms-ratelimit-remaining-subscription-writes": "1173",
        "x-ms-response-type": "standard",
        "x-ms-routing-request-id": "WESTUS2:20230302T084501Z:d6067f1f-4c4e-45e1-9a38-4f038fdbc880",
        "x-request-time": "2.362"
      },
      "ResponseBody": {
        "id": "/subscriptions/00000000-0000-0000-0000-000000000/resourceGroups/00000/providers/Microsoft.MachineLearningServices/workspaces/00000/jobs/000000000000000000000",
        "name": "000000000000000000000",
        "type": "Microsoft.MachineLearningServices/workspaces/jobs",
        "properties": {
          "description": null,
          "tags": {},
          "properties": {
            "azureml.DevPlatv2": "true",
            "azureml.runsource": "azureml.PipelineRun",
            "runSource": "MFE",
            "runType": "HTTP",
            "azureml.parameters": "{\u0022required_param\u0022:\u0022hello\u0022,\u0022required_param_with_default\u0022:\u0022required_param_with_default\u0022,\u0022optional_param\u0022:\u0022optional_param\u0022}",
            "azureml.continue_on_step_failure": "False",
            "azureml.continue_on_failed_optional_input": "True",
            "azureml.defaultComputeName": "cpu-cluster",
            "azureml.defaultDataStoreName": "workspaceblobstore",
            "azureml.pipelineComponent": "pipelinerun"
          },
          "displayName": "pipeline_with_default_optional_parameters",
          "status": "Preparing",
          "experimentName": "default_optional_pipeline",
          "services": {
            "Tracking": {
              "jobServiceType": "Tracking",
              "port": null,
              "endpoint": "azureml://master.api.azureml-test.ms/mlflow/v1.0/subscriptions/00000000-0000-0000-0000-000000000/resourceGroups/00000/providers/Microsoft.MachineLearningServices/workspaces/00000?",
              "status": null,
              "errorMessage": null,
              "properties": null,
              "nodes": null
            },
            "Studio": {
              "jobServiceType": "Studio",
              "port": null,
              "endpoint": "https://ml.azure.com/runs/000000000000000000000?wsid=/subscriptions/00000000-0000-0000-0000-000000000/resourcegroups/00000/workspaces/00000",
              "status": null,
              "errorMessage": null,
              "properties": null,
              "nodes": null
            }
          },
          "computeId": null,
          "isArchived": false,
          "identity": null,
          "componentId": null,
          "jobType": "Pipeline",
          "settings": {
            "default_compute": "/subscriptions/00000000-0000-0000-0000-000000000/resourceGroups/00000/providers/Microsoft.MachineLearningServices/workspaces/00000/computes/cpu-cluster",
            "_source": "DSL"
          },
          "jobs": {
            "default_optional_component": {
              "name": "default_optional_component",
              "type": "command",
              "inputs": {
                "required_input": {
                  "job_input_type": "literal",
                  "value": "${{parent.inputs.required_input}}"
                },
                "required_param": {
                  "job_input_type": "literal",
                  "value": "${{parent.inputs.required_param}}"
                },
                "required_param_with_default": {
                  "job_input_type": "literal",
                  "value": "${{parent.inputs.required_param_with_default}}"
                },
                "optional_param": {
                  "job_input_type": "literal",
                  "value": "${{parent.inputs.optional_param}}"
                }
              },
              "_source": "YAML.COMPONENT",
              "componentId": "/subscriptions/00000000-0000-0000-0000-000000000/resourceGroups/00000/providers/Microsoft.MachineLearningServices/workspaces/00000/components/azureml_anonymous/versions/6d1125a5-db7f-4aa1-a662-eb5b5f66a814"
            }
          },
          "inputs": {
            "required_input": {
              "description": null,
              "uri": "https://dprepdata.blob.core.windows.net/demo/Titanic.csv",
              "mode": "ReadOnlyMount",
              "jobInputType": "uri_file"
            },
            "required_param": {
              "description": null,
              "jobInputType": "literal",
              "value": "hello"
            },
            "required_param_with_default": {
              "description": null,
              "jobInputType": "literal",
              "value": "required_param_with_default"
            },
            "optional_param": {
              "description": null,
              "jobInputType": "literal",
              "value": "optional_param"
            }
          },
          "outputs": {},
          "sourceJobId": null
        },
        "systemData": {
          "createdAt": "2023-03-02T08:45:01.206443\u002B00:00",
          "createdBy": "Firstname Lastname",
          "createdByType": "User"
        }
      }
    },
    {
      "RequestUri": "https://management.azure.com/subscriptions/00000000-0000-0000-0000-000000000/resourceGroups/00000/providers/Microsoft.MachineLearningServices/workspaces/00000/jobs/000000000000000000000?api-version=2022-12-01-preview",
      "RequestMethod": "PUT",
      "RequestHeaders": {
        "Accept": "application/json",
        "Accept-Encoding": "gzip, deflate",
        "Connection": "keep-alive",
        "Content-Length": "1351",
        "Content-Type": "application/json",
        "User-Agent": "azure-ai-ml/1.5.0 azsdk-python-mgmt-machinelearningservices/0.1.0 Python/3.7.9 (Windows-10-10.0.22621-SP0)"
      },
      "RequestBody": {
        "properties": {
          "properties": {},
          "tags": {},
          "displayName": "pipeline_with_default_optional_parameters",
          "experimentName": "default_optional_pipeline",
          "isArchived": false,
          "jobType": "Pipeline",
          "inputs": {
            "required_param": {
              "jobInputType": "literal",
              "value": "hello"
            }
          },
          "jobs": {
            "default_optional_component": {
              "name": "default_optional_component",
              "type": "command",
              "inputs": {
                "required_param": {
                  "job_input_type": "literal",
                  "value": "${{parent.inputs.required_param}}"
                },
                "required_input": {
                  "uri": "https://dprepdata.blob.core.windows.net/demo/Titanic.csv",
                  "job_input_type": "uri_file"
                },
                "required_param_with_default": {
                  "job_input_type": "literal",
                  "value": "required_param_with_default"
                },
                "optional_param": {
                  "job_input_type": "literal",
                  "value": "optional_param"
                },
                "optional_param_with_default": {
                  "job_input_type": "literal",
                  "value": "optional_param_with_default"
                }
              },
              "_source": "YAML.COMPONENT",
              "componentId": "/subscriptions/00000000-0000-0000-0000-000000000/resourceGroups/00000/providers/Microsoft.MachineLearningServices/workspaces/00000/components/azureml_anonymous/versions/6d1125a5-db7f-4aa1-a662-eb5b5f66a814"
            }
          },
          "outputs": {},
          "settings": {
            "default_compute": "/subscriptions/00000000-0000-0000-0000-000000000/resourceGroups/00000/providers/Microsoft.MachineLearningServices/workspaces/00000/computes/cpu-cluster",
            "_source": "DSL"
          }
        }
      },
      "StatusCode": 201,
      "ResponseHeaders": {
        "Cache-Control": "no-cache",
        "Content-Length": "2773",
        "Content-Type": "application/json; charset=utf-8",
        "Date": "Thu, 02 Mar 2023 08:45:05 GMT",
        "Expires": "-1",
        "Location": "https://management.azure.com/subscriptions/00000000-0000-0000-0000-000000000/resourceGroups/00000/providers/Microsoft.MachineLearningServices/workspaces/00000/jobs/000000000000000000000?api-version=2022-12-01-preview",
        "Pragma": "no-cache",
        "request-context": "appId=cid-v1:512cc15a-13b5-415b-bfd0-dce7accb6bb1",
        "Server-Timing": "traceparent;desc=\u002200-46d3d45e3b48c997a6bfea4d184d226e-0762c10af28ad542-01\u0022",
        "Strict-Transport-Security": "max-age=31536000; includeSubDomains",
        "x-aml-cluster": "vienna-test-westus2-02",
        "X-Content-Type-Options": "nosniff",
        "x-ms-correlation-request-id": "4ab51768-188d-46b9-a306-7b7c4734e757",
        "x-ms-ratelimit-remaining-subscription-writes": "1172",
        "x-ms-response-type": "standard",
        "x-ms-routing-request-id": "WESTUS2:20230302T084506Z:4ab51768-188d-46b9-a306-7b7c4734e757",
        "x-request-time": "2.058"
      },
      "ResponseBody": {
        "id": "/subscriptions/00000000-0000-0000-0000-000000000/resourceGroups/00000/providers/Microsoft.MachineLearningServices/workspaces/00000/jobs/000000000000000000000",
        "name": "000000000000000000000",
        "type": "Microsoft.MachineLearningServices/workspaces/jobs",
        "properties": {
          "description": null,
          "tags": {},
          "properties": {
            "azureml.DevPlatv2": "true",
            "azureml.runsource": "azureml.PipelineRun",
            "runSource": "MFE",
            "runType": "HTTP",
            "azureml.parameters": "{\u0022required_param\u0022:\u0022hello\u0022}",
            "azureml.continue_on_step_failure": "False",
            "azureml.continue_on_failed_optional_input": "True",
            "azureml.defaultComputeName": "cpu-cluster",
            "azureml.defaultDataStoreName": "workspaceblobstore",
            "azureml.pipelineComponent": "pipelinerun"
          },
          "displayName": "pipeline_with_default_optional_parameters",
          "status": "Preparing",
          "experimentName": "default_optional_pipeline",
          "services": {
            "Tracking": {
              "jobServiceType": "Tracking",
              "port": null,
              "endpoint": "azureml://master.api.azureml-test.ms/mlflow/v1.0/subscriptions/00000000-0000-0000-0000-000000000/resourceGroups/00000/providers/Microsoft.MachineLearningServices/workspaces/00000?",
              "status": null,
              "errorMessage": null,
              "properties": null,
              "nodes": null
            },
            "Studio": {
              "jobServiceType": "Studio",
              "port": null,
              "endpoint": "https://ml.azure.com/runs/000000000000000000000?wsid=/subscriptions/00000000-0000-0000-0000-000000000/resourcegroups/00000/workspaces/00000",
              "status": null,
              "errorMessage": null,
              "properties": null,
              "nodes": null
            }
          },
          "computeId": null,
          "isArchived": false,
          "identity": null,
          "componentId": null,
          "jobType": "Pipeline",
          "settings": {
            "default_compute": "/subscriptions/00000000-0000-0000-0000-000000000/resourceGroups/00000/providers/Microsoft.MachineLearningServices/workspaces/00000/computes/cpu-cluster",
            "_source": "DSL"
          },
          "jobs": {
            "default_optional_component": {
              "name": "default_optional_component",
              "type": "command",
              "inputs": {
                "required_param": {
                  "job_input_type": "literal",
                  "value": "${{parent.inputs.required_param}}"
                },
                "required_input": {
                  "uri": "https://dprepdata.blob.core.windows.net/demo/Titanic.csv",
                  "job_input_type": "uri_file"
                },
                "required_param_with_default": {
                  "job_input_type": "literal",
                  "value": "required_param_with_default"
                },
                "optional_param": {
                  "job_input_type": "literal",
                  "value": "optional_param"
                },
                "optional_param_with_default": {
                  "job_input_type": "literal",
                  "value": "optional_param_with_default"
                }
              },
              "_source": "YAML.COMPONENT",
              "componentId": "/subscriptions/00000000-0000-0000-0000-000000000/resourceGroups/00000/providers/Microsoft.MachineLearningServices/workspaces/00000/components/azureml_anonymous/versions/6d1125a5-db7f-4aa1-a662-eb5b5f66a814"
            }
          },
          "inputs": {
            "required_param": {
              "description": null,
              "jobInputType": "literal",
              "value": "hello"
            }
          },
          "outputs": {},
          "sourceJobId": null
        },
        "systemData": {
          "createdAt": "2023-03-02T08:45:05.7793824\u002B00:00",
          "createdBy": "Firstname Lastname",
          "createdByType": "User"
        }
      }
    }
  ],
  "Variables": {}
}
