{
  "Entries": [
    {
      "RequestUri": "https://management.azure.com/subscriptions/00000000-0000-0000-0000-000000000/resourceGroups/00000/providers/Microsoft.MachineLearningServices/workspaces/00000/codes/000000000000000000000/versions?api-version=2023-04-01\u0026hash=566b9f7c38ce881c37c43491db60b6f37c470c55fa1bb8f0f7987e7902d85a71\u0026hashVersion=202208",
      "RequestMethod": "GET",
      "RequestHeaders": {
        "Accept": "application/json",
        "Accept-Encoding": "gzip, deflate",
        "Connection": "keep-alive",
        "User-Agent": "azure-ai-ml/1.8.0 azsdk-python-mgmt-machinelearningservices/0.1.0 Python/3.8.12 (Windows-10-10.0.22621-SP0)"
      },
      "RequestBody": null,
      "StatusCode": 200,
      "ResponseHeaders": {
        "Cache-Control": "no-cache",
        "Content-Encoding": "gzip",
        "Content-Type": "application/json; charset=utf-8",
        "Date": "Wed, 24 May 2023 03:11:08 GMT",
        "Expires": "-1",
        "Pragma": "no-cache",
        "Request-Context": "appId=cid-v1:2d2e8e63-272e-4b3c-8598-4ee570a0e70d",
        "Server-Timing": "traceparent;desc=\u002200-d979059ddacb24f7a9a417266659d2de-1b370484204662d3-00\u0022",
        "Strict-Transport-Security": "max-age=31536000; includeSubDomains",
        "Transfer-Encoding": "chunked",
        "Vary": "Accept-Encoding",
        "x-aml-cluster": "vienna-eastus2-02",
        "X-Content-Type-Options": "nosniff",
        "x-ms-correlation-request-id": "7b24ea0f-49a3-4f0f-81d8-204f33a23893",
        "x-ms-ratelimit-remaining-subscription-reads": "11986",
        "x-ms-response-type": "standard",
        "x-ms-routing-request-id": "JAPANEAST:20230524T031109Z:7b24ea0f-49a3-4f0f-81d8-204f33a23893",
        "x-request-time": "0.053"
      },
      "ResponseBody": {
        "value": []
      }
    },
    {
      "RequestUri": "https://management.azure.com/subscriptions/00000000-0000-0000-0000-000000000/resourceGroups/00000/providers/Microsoft.MachineLearningServices/workspaces/00000/codes/000000000000000000000/versions/1/startPendingUpload?api-version=2023-04-01",
      "RequestMethod": "POST",
      "RequestHeaders": {
        "Accept": "application/json",
        "Accept-Encoding": "gzip, deflate",
        "Connection": "keep-alive",
        "Content-Length": "47",
        "Content-Type": "application/json",
        "User-Agent": "azure-ai-ml/1.8.0 azsdk-python-mgmt-machinelearningservices/0.1.0 Python/3.8.12 (Windows-10-10.0.22621-SP0)"
      },
      "RequestBody": {
        "pendingUploadType": "TemporaryBlobReference"
      },
      "StatusCode": 200,
      "ResponseHeaders": {
        "Cache-Control": "no-cache",
        "Content-Encoding": "gzip",
        "Content-Type": "application/json; charset=utf-8",
        "Date": "Wed, 24 May 2023 03:11:08 GMT",
        "Expires": "-1",
        "Pragma": "no-cache",
        "Request-Context": "appId=cid-v1:2d2e8e63-272e-4b3c-8598-4ee570a0e70d",
        "Server-Timing": "traceparent;desc=\u002200-fc9913397ef626081fb9d5853adcfdcf-1394046bdaef033a-01\u0022",
        "Strict-Transport-Security": "max-age=31536000; includeSubDomains",
        "Transfer-Encoding": "chunked",
        "Vary": [
          "Accept-Encoding",
          "Accept-Encoding"
        ],
        "x-aml-cluster": "vienna-eastus2-02",
        "X-Content-Type-Options": "nosniff",
        "x-ms-correlation-request-id": "ab030187-234c-4757-a4d5-ba8f895b3e0d",
        "x-ms-ratelimit-remaining-subscription-writes": "1189",
        "x-ms-response-type": "standard",
        "x-ms-routing-request-id": "JAPANEAST:20230524T031109Z:ab030187-234c-4757-a4d5-ba8f895b3e0d",
        "x-request-time": "0.255"
      },
      "ResponseBody": {
        "blobReferenceForConsumption": {
          "blobUri": "https://amltest5899420437.blob.core.windows.net:443/0bdd51b6-c-e2af7358-632a-55d6-b8e5-1242f51c5986",
          "storageAccountArmId": "/subscriptions/00000000-0000-0000-0000-000000000/resourceGroups/00000/providers/Microsoft.Storage/storageAccounts/amltest5899420437",
          "credential": {
            "credentialType": "SAS",
            "sasUri": "https://amltest5899420437.blob.core.windows.net/0bdd51b6-c-e2af7358-632a-55d6-b8e5-1242f51c5986?skoid=372c30a9-c04f-422f-b38c-872e6b7d5540\u0026sktid=72f988bf-86f1-41af-91ab-2d7cd011db47\u0026skt=2023-05-24T02%3A49%3A26Z\u0026ske=2023-05-25T10%3A59%3A26Z\u0026sks=b\u0026skv=2019-07-07\u0026sv=2021-10-04\u0026st=2023-05-24T03%3A01%3A09Z\u0026se=2023-05-24T11%3A11%3A09Z\u0026sr=c\u0026sp=rcwl\u0026sig=000000000000000000000000000000000000"
          }
        },
        "pendingUploadId": "61aa9c61-6b16-46ca-9328-ff77c1b1227d",
        "pendingUploadType": "None"
      }
    },
    {
      "RequestUri": "https://management.azure.com/subscriptions/00000000-0000-0000-0000-000000000/resourceGroups/00000/providers/Microsoft.MachineLearningServices/workspaces/00000/codes/000000000000000000000/versions?api-version=2023-04-01\u0026hash=566b9f7c38ce881c37c43491db60b6f37c470c55fa1bb8f0f7987e7902d85a71\u0026hashVersion=202208",
      "RequestMethod": "GET",
      "RequestHeaders": {
        "Accept": "application/json",
        "Accept-Encoding": "gzip, deflate",
        "Connection": "keep-alive",
        "User-Agent": "azure-ai-ml/1.8.0 azsdk-python-mgmt-machinelearningservices/0.1.0 Python/3.8.12 (Windows-10-10.0.22621-SP0)"
      },
      "RequestBody": null,
      "StatusCode": 200,
      "ResponseHeaders": {
        "Cache-Control": "no-cache",
        "Content-Encoding": "gzip",
        "Content-Type": "application/json; charset=utf-8",
        "Date": "Wed, 24 May 2023 03:11:09 GMT",
        "Expires": "-1",
        "Pragma": "no-cache",
        "Request-Context": "appId=cid-v1:2d2e8e63-272e-4b3c-8598-4ee570a0e70d",
        "Server-Timing": "traceparent;desc=\u002200-6037ed19cadb94c2e979f998cd27569b-fbf9a92744511fbc-00\u0022",
        "Strict-Transport-Security": "max-age=31536000; includeSubDomains",
        "Transfer-Encoding": "chunked",
        "Vary": "Accept-Encoding",
        "x-aml-cluster": "vienna-eastus2-02",
        "X-Content-Type-Options": "nosniff",
        "x-ms-correlation-request-id": "13da5d10-db44-4288-b739-eba091fd82fa",
        "x-ms-ratelimit-remaining-subscription-reads": "11999",
        "x-ms-response-type": "standard",
        "x-ms-routing-request-id": "JAPANEAST:20230524T031109Z:13da5d10-db44-4288-b739-eba091fd82fa",
        "x-request-time": "0.031"
      },
      "ResponseBody": {
        "value": []
      }
    },
    {
      "RequestUri": "https://management.azure.com/subscriptions/00000000-0000-0000-0000-000000000/resourceGroups/00000/providers/Microsoft.MachineLearningServices/workspaces/00000/codes/000000000000000000000/versions?api-version=2023-04-01\u0026hash=566b9f7c38ce881c37c43491db60b6f37c470c55fa1bb8f0f7987e7902d85a71\u0026hashVersion=202208",
      "RequestMethod": "GET",
      "RequestHeaders": {
        "Accept": "application/json",
        "Accept-Encoding": "gzip, deflate",
        "Connection": "keep-alive",
        "User-Agent": "azure-ai-ml/1.8.0 azsdk-python-mgmt-machinelearningservices/0.1.0 Python/3.8.12 (Windows-10-10.0.22621-SP0)"
      },
      "RequestBody": null,
      "StatusCode": 200,
      "ResponseHeaders": {
        "Cache-Control": "no-cache",
        "Content-Encoding": "gzip",
        "Content-Type": "application/json; charset=utf-8",
        "Date": "Wed, 24 May 2023 03:11:08 GMT",
        "Expires": "-1",
        "Pragma": "no-cache",
        "Request-Context": "appId=cid-v1:2d2e8e63-272e-4b3c-8598-4ee570a0e70d",
        "Server-Timing": "traceparent;desc=\u002200-60b0b756cd9ec521855d98e1fa9ba04f-856a8dab4f277a0e-00\u0022",
        "Strict-Transport-Security": "max-age=31536000; includeSubDomains",
        "Transfer-Encoding": "chunked",
        "Vary": "Accept-Encoding",
        "x-aml-cluster": "vienna-eastus2-02",
        "X-Content-Type-Options": "nosniff",
        "x-ms-correlation-request-id": "af18412f-e762-4690-9625-b4aa2683d508",
        "x-ms-ratelimit-remaining-subscription-reads": "11993",
        "x-ms-response-type": "standard",
        "x-ms-routing-request-id": "JAPANEAST:20230524T031109Z:af18412f-e762-4690-9625-b4aa2683d508",
        "x-request-time": "0.036"
      },
      "ResponseBody": {
        "value": []
      }
    },
    {
      "RequestUri": "https://management.azure.com/subscriptions/00000000-0000-0000-0000-000000000/resourceGroups/00000/providers/Microsoft.MachineLearningServices/workspaces/00000/codes/000000000000000000000/versions?api-version=2023-04-01\u0026hash=566b9f7c38ce881c37c43491db60b6f37c470c55fa1bb8f0f7987e7902d85a71\u0026hashVersion=202208",
      "RequestMethod": "GET",
      "RequestHeaders": {
        "Accept": "application/json",
        "Accept-Encoding": "gzip, deflate",
        "Connection": "keep-alive",
        "User-Agent": "azure-ai-ml/1.8.0 azsdk-python-mgmt-machinelearningservices/0.1.0 Python/3.8.12 (Windows-10-10.0.22621-SP0)"
      },
      "RequestBody": null,
      "StatusCode": 200,
      "ResponseHeaders": {
        "Cache-Control": "no-cache",
        "Content-Encoding": "gzip",
        "Content-Type": "application/json; charset=utf-8",
        "Date": "Wed, 24 May 2023 03:11:08 GMT",
        "Expires": "-1",
        "Pragma": "no-cache",
        "Request-Context": "appId=cid-v1:2d2e8e63-272e-4b3c-8598-4ee570a0e70d",
        "Server-Timing": "traceparent;desc=\u002200-ac55417fce2be846215402a9213413d4-9d0327134fda3f9b-00\u0022",
        "Strict-Transport-Security": "max-age=31536000; includeSubDomains",
        "Transfer-Encoding": "chunked",
        "Vary": "Accept-Encoding",
        "x-aml-cluster": "vienna-eastus2-01",
        "X-Content-Type-Options": "nosniff",
        "x-ms-correlation-request-id": "ef1d3f3c-572c-4949-8e16-a3ec8297d597",
        "x-ms-ratelimit-remaining-subscription-reads": "11999",
        "x-ms-response-type": "standard",
        "x-ms-routing-request-id": "JAPANEAST:20230524T031109Z:ef1d3f3c-572c-4949-8e16-a3ec8297d597",
        "x-request-time": "0.029"
      },
      "ResponseBody": {
        "value": []
      }
    },
    {
      "RequestUri": "https://management.azure.com/subscriptions/00000000-0000-0000-0000-000000000/resourceGroups/00000/providers/Microsoft.MachineLearningServices/workspaces/00000/codes/000000000000000000000/versions?api-version=2023-04-01\u0026hash=566b9f7c38ce881c37c43491db60b6f37c470c55fa1bb8f0f7987e7902d85a71\u0026hashVersion=202208",
      "RequestMethod": "GET",
      "RequestHeaders": {
        "Accept": "application/json",
        "Accept-Encoding": "gzip, deflate",
        "Connection": "keep-alive",
        "User-Agent": "azure-ai-ml/1.8.0 azsdk-python-mgmt-machinelearningservices/0.1.0 Python/3.8.12 (Windows-10-10.0.22621-SP0)"
      },
      "RequestBody": null,
      "StatusCode": 200,
      "ResponseHeaders": {
        "Cache-Control": "no-cache",
        "Content-Encoding": "gzip",
        "Content-Type": "application/json; charset=utf-8",
        "Date": "Wed, 24 May 2023 03:11:09 GMT",
        "Expires": "-1",
        "Pragma": "no-cache",
        "Request-Context": "appId=cid-v1:2d2e8e63-272e-4b3c-8598-4ee570a0e70d",
        "Server-Timing": "traceparent;desc=\u002200-011876dc884912a3e802b3ffca235afa-5228bdaaa98cf230-01\u0022",
        "Strict-Transport-Security": "max-age=31536000; includeSubDomains",
        "Transfer-Encoding": "chunked",
        "Vary": "Accept-Encoding",
        "x-aml-cluster": "vienna-eastus2-01",
        "X-Content-Type-Options": "nosniff",
        "x-ms-correlation-request-id": "401ed3aa-f351-445d-a583-1c0ce5a2820d",
        "x-ms-ratelimit-remaining-subscription-reads": "11998",
        "x-ms-response-type": "standard",
        "x-ms-routing-request-id": "JAPANEAST:20230524T031109Z:401ed3aa-f351-445d-a583-1c0ce5a2820d",
        "x-request-time": "0.027"
      },
      "ResponseBody": {
        "value": []
      }
    },
    {
      "RequestUri": "https://management.azure.com/subscriptions/00000000-0000-0000-0000-000000000/resourceGroups/00000/providers/Microsoft.MachineLearningServices/workspaces/00000/codes/000000000000000000000/versions/1/startPendingUpload?api-version=2023-04-01",
      "RequestMethod": "POST",
      "RequestHeaders": {
        "Accept": "application/json",
        "Accept-Encoding": "gzip, deflate",
        "Connection": "keep-alive",
        "Content-Length": "47",
        "Content-Type": "application/json",
        "User-Agent": "azure-ai-ml/1.8.0 azsdk-python-mgmt-machinelearningservices/0.1.0 Python/3.8.12 (Windows-10-10.0.22621-SP0)"
      },
      "RequestBody": {
        "pendingUploadType": "TemporaryBlobReference"
      },
      "StatusCode": 200,
      "ResponseHeaders": {
        "Cache-Control": "no-cache",
        "Content-Encoding": "gzip",
        "Content-Type": "application/json; charset=utf-8",
        "Date": "Wed, 24 May 2023 03:11:09 GMT",
        "Expires": "-1",
        "Pragma": "no-cache",
        "Request-Context": "appId=cid-v1:2d2e8e63-272e-4b3c-8598-4ee570a0e70d",
        "Server-Timing": "traceparent;desc=\u002200-7a088d8e1a99121696fbe4f547e00b4e-0c23eb14eb0f5f7d-01\u0022",
        "Strict-Transport-Security": "max-age=31536000; includeSubDomains",
        "Transfer-Encoding": "chunked",
        "Vary": [
          "Accept-Encoding",
          "Accept-Encoding"
        ],
        "x-aml-cluster": "vienna-eastus2-01",
        "X-Content-Type-Options": "nosniff",
        "x-ms-correlation-request-id": "cf068ab7-5c91-465d-8da1-f5e52e0fc469",
        "x-ms-ratelimit-remaining-subscription-writes": "1199",
        "x-ms-response-type": "standard",
        "x-ms-routing-request-id": "JAPANEAST:20230524T031110Z:cf068ab7-5c91-465d-8da1-f5e52e0fc469",
        "x-request-time": "0.175"
      },
      "ResponseBody": {
        "blobReferenceForConsumption": {
          "blobUri": "https://amltest5899420437.blob.core.windows.net:443/0bdd51b6-c-6d37c19f-119d-5013-b052-1cfd15c3d003",
          "storageAccountArmId": "/subscriptions/00000000-0000-0000-0000-000000000/resourceGroups/00000/providers/Microsoft.Storage/storageAccounts/amltest5899420437",
          "credential": {
            "credentialType": "SAS",
            "sasUri": "https://amltest5899420437.blob.core.windows.net/0bdd51b6-c-6d37c19f-119d-5013-b052-1cfd15c3d003?skoid=372c30a9-c04f-422f-b38c-872e6b7d5540\u0026sktid=72f988bf-86f1-41af-91ab-2d7cd011db47\u0026skt=2023-05-24T02%3A49%3A26Z\u0026ske=2023-05-25T10%3A59%3A26Z\u0026sks=b\u0026skv=2019-07-07\u0026sv=2021-10-04\u0026st=2023-05-24T03%3A01%3A10Z\u0026se=2023-05-24T11%3A11%3A10Z\u0026sr=c\u0026sp=rcwl\u0026sig=000000000000000000000000000000000000"
          }
        },
        "pendingUploadId": "489feb44-6c5b-4775-a3a2-f6a68021da9e",
        "pendingUploadType": "None"
      }
    },
    {
      "RequestUri": "https://management.azure.com/subscriptions/00000000-0000-0000-0000-000000000/resourceGroups/00000/providers/Microsoft.MachineLearningServices/workspaces/00000/codes/000000000000000000000/versions/1/startPendingUpload?api-version=2023-04-01",
      "RequestMethod": "POST",
      "RequestHeaders": {
        "Accept": "application/json",
        "Accept-Encoding": "gzip, deflate",
        "Connection": "keep-alive",
        "Content-Length": "47",
        "Content-Type": "application/json",
        "User-Agent": "azure-ai-ml/1.8.0 azsdk-python-mgmt-machinelearningservices/0.1.0 Python/3.8.12 (Windows-10-10.0.22621-SP0)"
      },
      "RequestBody": {
        "pendingUploadType": "TemporaryBlobReference"
      },
      "StatusCode": 200,
      "ResponseHeaders": {
        "Cache-Control": "no-cache",
        "Content-Encoding": "gzip",
        "Content-Type": "application/json; charset=utf-8",
        "Date": "Wed, 24 May 2023 03:11:09 GMT",
        "Expires": "-1",
        "Pragma": "no-cache",
        "Request-Context": "appId=cid-v1:2d2e8e63-272e-4b3c-8598-4ee570a0e70d",
        "Server-Timing": "traceparent;desc=\u002200-38dec13f0b7bb7136a5202a0c05222b9-0e9fc60187729484-01\u0022",
        "Strict-Transport-Security": "max-age=31536000; includeSubDomains",
        "Transfer-Encoding": "chunked",
        "Vary": [
          "Accept-Encoding",
          "Accept-Encoding"
        ],
        "x-aml-cluster": "vienna-eastus2-01",
        "X-Content-Type-Options": "nosniff",
        "x-ms-correlation-request-id": "0a211dfc-bf4a-4c9b-a6c2-abeff6660eb9",
        "x-ms-ratelimit-remaining-subscription-writes": "1199",
        "x-ms-response-type": "standard",
        "x-ms-routing-request-id": "JAPANEAST:20230524T031110Z:0a211dfc-bf4a-4c9b-a6c2-abeff6660eb9",
        "x-request-time": "0.204"
      },
      "ResponseBody": {
        "blobReferenceForConsumption": {
          "blobUri": "https://amltest5899420437.blob.core.windows.net:443/0bdd51b6-c-6b318410-c371-5509-8ee2-113cd75c78ba",
          "storageAccountArmId": "/subscriptions/00000000-0000-0000-0000-000000000/resourceGroups/00000/providers/Microsoft.Storage/storageAccounts/amltest5899420437",
          "credential": {
            "credentialType": "SAS",
            "sasUri": "https://amltest5899420437.blob.core.windows.net/0bdd51b6-c-6b318410-c371-5509-8ee2-113cd75c78ba?skoid=372c30a9-c04f-422f-b38c-872e6b7d5540\u0026sktid=72f988bf-86f1-41af-91ab-2d7cd011db47\u0026skt=2023-05-24T02%3A49%3A26Z\u0026ske=2023-05-25T10%3A59%3A26Z\u0026sks=b\u0026skv=2019-07-07\u0026sv=2021-10-04\u0026st=2023-05-24T03%3A01%3A10Z\u0026se=2023-05-24T11%3A11%3A10Z\u0026sr=c\u0026sp=rcwl\u0026sig=000000000000000000000000000000000000"
          }
        },
        "pendingUploadId": "7fb3e4b4-8551-45a3-b8b2-050c5f3ace82",
        "pendingUploadType": "None"
      }
    },
    {
      "RequestUri": "https://management.azure.com/subscriptions/00000000-0000-0000-0000-000000000/resourceGroups/00000/providers/Microsoft.MachineLearningServices/workspaces/00000/codes/000000000000000000000/versions/1/startPendingUpload?api-version=2023-04-01",
      "RequestMethod": "POST",
      "RequestHeaders": {
        "Accept": "application/json",
        "Accept-Encoding": "gzip, deflate",
        "Connection": "keep-alive",
        "Content-Length": "47",
        "Content-Type": "application/json",
        "User-Agent": "azure-ai-ml/1.8.0 azsdk-python-mgmt-machinelearningservices/0.1.0 Python/3.8.12 (Windows-10-10.0.22621-SP0)"
      },
      "RequestBody": {
        "pendingUploadType": "TemporaryBlobReference"
      },
      "StatusCode": 200,
      "ResponseHeaders": {
        "Cache-Control": "no-cache",
        "Content-Encoding": "gzip",
        "Content-Type": "application/json; charset=utf-8",
        "Date": "Wed, 24 May 2023 03:11:10 GMT",
        "Expires": "-1",
        "Pragma": "no-cache",
        "Request-Context": "appId=cid-v1:2d2e8e63-272e-4b3c-8598-4ee570a0e70d",
        "Server-Timing": "traceparent;desc=\u002200-f8fbb4a0ecc367d4b6c6053a168fc0da-456a3c862006fbfd-01\u0022",
        "Strict-Transport-Security": "max-age=31536000; includeSubDomains",
        "Transfer-Encoding": "chunked",
        "Vary": [
          "Accept-Encoding",
          "Accept-Encoding"
        ],
        "x-aml-cluster": "vienna-eastus2-02",
        "X-Content-Type-Options": "nosniff",
        "x-ms-correlation-request-id": "bbff1260-8299-4634-a3f9-454b7d37366b",
        "x-ms-ratelimit-remaining-subscription-writes": "1199",
        "x-ms-response-type": "standard",
        "x-ms-routing-request-id": "JAPANEAST:20230524T031110Z:bbff1260-8299-4634-a3f9-454b7d37366b",
        "x-request-time": "0.428"
      },
      "ResponseBody": {
        "blobReferenceForConsumption": {
          "blobUri": "https://amltest5899420437.blob.core.windows.net:443/0bdd51b6-c-8054a217-e93d-558a-9a18-54696ea542cb",
          "storageAccountArmId": "/subscriptions/00000000-0000-0000-0000-000000000/resourceGroups/00000/providers/Microsoft.Storage/storageAccounts/amltest5899420437",
          "credential": {
            "credentialType": "SAS",
            "sasUri": "https://amltest5899420437.blob.core.windows.net/0bdd51b6-c-8054a217-e93d-558a-9a18-54696ea542cb?skoid=372c30a9-c04f-422f-b38c-872e6b7d5540\u0026sktid=72f988bf-86f1-41af-91ab-2d7cd011db47\u0026skt=2023-05-24T02%3A49%3A26Z\u0026ske=2023-05-25T10%3A59%3A26Z\u0026sks=b\u0026skv=2019-07-07\u0026sv=2021-10-04\u0026st=2023-05-24T03%3A01%3A10Z\u0026se=2023-05-24T11%3A11%3A10Z\u0026sr=c\u0026sp=rcwl\u0026sig=000000000000000000000000000000000000"
          }
        },
        "pendingUploadId": "8740dfc5-e58c-4f97-a39d-4bfe88753473",
        "pendingUploadType": "None"
      }
    },
    {
      "RequestUri": "https://management.azure.com/subscriptions/00000000-0000-0000-0000-000000000/resourceGroups/00000/providers/Microsoft.MachineLearningServices/workspaces/00000/codes/000000000000000000000/versions/1/startPendingUpload?api-version=2023-04-01",
      "RequestMethod": "POST",
      "RequestHeaders": {
        "Accept": "application/json",
        "Accept-Encoding": "gzip, deflate",
        "Connection": "keep-alive",
        "Content-Length": "47",
        "Content-Type": "application/json",
        "User-Agent": "azure-ai-ml/1.8.0 azsdk-python-mgmt-machinelearningservices/0.1.0 Python/3.8.12 (Windows-10-10.0.22621-SP0)"
      },
      "RequestBody": {
        "pendingUploadType": "TemporaryBlobReference"
      },
      "StatusCode": 200,
      "ResponseHeaders": {
        "Cache-Control": "no-cache",
        "Content-Encoding": "gzip",
        "Content-Type": "application/json; charset=utf-8",
        "Date": "Wed, 24 May 2023 03:11:09 GMT",
        "Expires": "-1",
        "Pragma": "no-cache",
        "Request-Context": "appId=cid-v1:2d2e8e63-272e-4b3c-8598-4ee570a0e70d",
        "Server-Timing": "traceparent;desc=\u002200-5d1b94e3e64478da93baab37ad9a979a-6841df58b6a8b72e-01\u0022",
        "Strict-Transport-Security": "max-age=31536000; includeSubDomains",
        "Transfer-Encoding": "chunked",
        "Vary": [
          "Accept-Encoding",
          "Accept-Encoding"
        ],
        "x-aml-cluster": "vienna-eastus2-02",
        "X-Content-Type-Options": "nosniff",
        "x-ms-correlation-request-id": "233b245f-f8e2-4f20-b79b-60cbf621c273",
        "x-ms-ratelimit-remaining-subscription-writes": "1199",
        "x-ms-response-type": "standard",
        "x-ms-routing-request-id": "JAPANEAST:20230524T031110Z:233b245f-f8e2-4f20-b79b-60cbf621c273",
        "x-request-time": "0.487"
      },
      "ResponseBody": {
        "blobReferenceForConsumption": {
          "blobUri": "https://amltest5899420437.blob.core.windows.net:443/0bdd51b6-c-1c5607fe-ac3c-5b46-a21e-79f7ee93a413",
          "storageAccountArmId": "/subscriptions/00000000-0000-0000-0000-000000000/resourceGroups/00000/providers/Microsoft.Storage/storageAccounts/amltest5899420437",
          "credential": {
            "credentialType": "SAS",
            "sasUri": "https://amltest5899420437.blob.core.windows.net/0bdd51b6-c-1c5607fe-ac3c-5b46-a21e-79f7ee93a413?skoid=372c30a9-c04f-422f-b38c-872e6b7d5540\u0026sktid=72f988bf-86f1-41af-91ab-2d7cd011db47\u0026skt=2023-05-24T02%3A49%3A26Z\u0026ske=2023-05-25T10%3A59%3A26Z\u0026sks=b\u0026skv=2019-07-07\u0026sv=2021-10-04\u0026st=2023-05-24T03%3A01%3A10Z\u0026se=2023-05-24T11%3A11%3A10Z\u0026sr=c\u0026sp=rcwl\u0026sig=000000000000000000000000000000000000"
          }
        },
        "pendingUploadId": "2fba0c03-02f6-4554-9d3d-5996176acafe",
        "pendingUploadType": "None"
      }
    },
    {
      "RequestUri": "https://amltest5899420437.blob.core.windows.net/0bdd51b6-c-e2af7358-632a-55d6-b8e5-1242f51c5986/src/primitive_type_components.py?skoid=372c30a9-c04f-422f-b38c-872e6b7d5540\u0026sktid=72f988bf-86f1-41af-91ab-2d7cd011db47\u0026skt=2023-05-24T02%3A49%3A26Z\u0026ske=2023-05-25T10%3A59%3A26Z\u0026sks=b\u0026skv=2019-07-07\u0026sv=2021-10-04\u0026st=2023-05-24T03%3A01%3A09Z\u0026se=2023-05-24T11%3A11%3A09Z\u0026sr=c\u0026sp=rcwl\u0026sig=000000000000000000000000000000000000",
      "RequestMethod": "HEAD",
      "RequestHeaders": {
        "Accept": "application/xml",
        "Accept-Encoding": "gzip, deflate",
        "Connection": "keep-alive",
        "User-Agent": "azsdk-python-storage-blob/12.16.0 Python/3.8.12 (Windows-10-10.0.22621-SP0)",
        "x-ms-date": "Wed, 24 May 2023 03:11:09 GMT",
        "x-ms-version": "2022-11-02"
      },
      "RequestBody": null,
      "StatusCode": 404,
      "ResponseHeaders": {
        "Date": "Wed, 24 May 2023 03:11:10 GMT",
        "Server": [
          "Windows-Azure-Blob/1.0",
          "Microsoft-HTTPAPI/2.0"
        ],
        "Transfer-Encoding": "chunked",
        "x-ms-error-code": "BlobNotFound",
        "x-ms-version": "2022-11-02"
      },
      "ResponseBody": null
    },
    {
      "RequestUri": "https://amltest5899420437.blob.core.windows.net/0bdd51b6-c-6d37c19f-119d-5013-b052-1cfd15c3d003/src/primitive_type_components.py?skoid=372c30a9-c04f-422f-b38c-872e6b7d5540\u0026sktid=72f988bf-86f1-41af-91ab-2d7cd011db47\u0026skt=2023-05-24T02%3A49%3A26Z\u0026ske=2023-05-25T10%3A59%3A26Z\u0026sks=b\u0026skv=2019-07-07\u0026sv=2021-10-04\u0026st=2023-05-24T03%3A01%3A10Z\u0026se=2023-05-24T11%3A11%3A10Z\u0026sr=c\u0026sp=rcwl\u0026sig=000000000000000000000000000000000000",
      "RequestMethod": "HEAD",
      "RequestHeaders": {
        "Accept": "application/xml",
        "Accept-Encoding": "gzip, deflate",
        "Connection": "keep-alive",
        "User-Agent": "azsdk-python-storage-blob/12.16.0 Python/3.8.12 (Windows-10-10.0.22621-SP0)",
        "x-ms-date": "Wed, 24 May 2023 03:11:10 GMT",
        "x-ms-version": "2022-11-02"
      },
      "RequestBody": null,
      "StatusCode": 404,
      "ResponseHeaders": {
        "Date": "Wed, 24 May 2023 03:11:10 GMT",
        "Server": [
          "Windows-Azure-Blob/1.0",
          "Microsoft-HTTPAPI/2.0"
        ],
        "Transfer-Encoding": "chunked",
        "x-ms-error-code": "BlobNotFound",
        "x-ms-version": "2022-11-02"
      },
      "ResponseBody": null
    },
    {
      "RequestUri": "https://amltest5899420437.blob.core.windows.net/0bdd51b6-c-6b318410-c371-5509-8ee2-113cd75c78ba/src/primitive_type_components.py?skoid=372c30a9-c04f-422f-b38c-872e6b7d5540\u0026sktid=72f988bf-86f1-41af-91ab-2d7cd011db47\u0026skt=2023-05-24T02%3A49%3A26Z\u0026ske=2023-05-25T10%3A59%3A26Z\u0026sks=b\u0026skv=2019-07-07\u0026sv=2021-10-04\u0026st=2023-05-24T03%3A01%3A10Z\u0026se=2023-05-24T11%3A11%3A10Z\u0026sr=c\u0026sp=rcwl\u0026sig=000000000000000000000000000000000000",
      "RequestMethod": "HEAD",
      "RequestHeaders": {
        "Accept": "application/xml",
        "Accept-Encoding": "gzip, deflate",
        "Connection": "keep-alive",
        "User-Agent": "azsdk-python-storage-blob/12.16.0 Python/3.8.12 (Windows-10-10.0.22621-SP0)",
        "x-ms-date": "Wed, 24 May 2023 03:11:10 GMT",
        "x-ms-version": "2022-11-02"
      },
      "RequestBody": null,
      "StatusCode": 404,
      "ResponseHeaders": {
        "Date": "Wed, 24 May 2023 03:11:10 GMT",
        "Server": [
          "Windows-Azure-Blob/1.0",
          "Microsoft-HTTPAPI/2.0"
        ],
        "Transfer-Encoding": "chunked",
        "x-ms-error-code": "BlobNotFound",
        "x-ms-version": "2022-11-02"
      },
      "ResponseBody": null
    },
    {
      "RequestUri": "https://amltest5899420437.blob.core.windows.net/0bdd51b6-c-8054a217-e93d-558a-9a18-54696ea542cb/src/primitive_type_components.py?skoid=372c30a9-c04f-422f-b38c-872e6b7d5540\u0026sktid=72f988bf-86f1-41af-91ab-2d7cd011db47\u0026skt=2023-05-24T02%3A49%3A26Z\u0026ske=2023-05-25T10%3A59%3A26Z\u0026sks=b\u0026skv=2019-07-07\u0026sv=2021-10-04\u0026st=2023-05-24T03%3A01%3A10Z\u0026se=2023-05-24T11%3A11%3A10Z\u0026sr=c\u0026sp=rcwl\u0026sig=000000000000000000000000000000000000",
      "RequestMethod": "HEAD",
      "RequestHeaders": {
        "Accept": "application/xml",
        "Accept-Encoding": "gzip, deflate",
        "Connection": "keep-alive",
        "User-Agent": "azsdk-python-storage-blob/12.16.0 Python/3.8.12 (Windows-10-10.0.22621-SP0)",
        "x-ms-date": "Wed, 24 May 2023 03:11:10 GMT",
        "x-ms-version": "2022-11-02"
      },
      "RequestBody": null,
      "StatusCode": 404,
      "ResponseHeaders": {
        "Date": "Wed, 24 May 2023 03:11:11 GMT",
        "Server": [
          "Windows-Azure-Blob/1.0",
          "Microsoft-HTTPAPI/2.0"
        ],
        "Transfer-Encoding": "chunked",
        "x-ms-error-code": "BlobNotFound",
        "x-ms-version": "2022-11-02"
      },
      "ResponseBody": null
    },
    {
      "RequestUri": "https://amltest5899420437.blob.core.windows.net/0bdd51b6-c-e2af7358-632a-55d6-b8e5-1242f51c5986/src/primitive_type_components.py?skoid=372c30a9-c04f-422f-b38c-872e6b7d5540\u0026sktid=72f988bf-86f1-41af-91ab-2d7cd011db47\u0026skt=2023-05-24T02%3A49%3A26Z\u0026ske=2023-05-25T10%3A59%3A26Z\u0026sks=b\u0026skv=2019-07-07\u0026sv=2021-10-04\u0026st=2023-05-24T03%3A01%3A09Z\u0026se=2023-05-24T11%3A11%3A09Z\u0026sr=c\u0026sp=rcwl\u0026sig=000000000000000000000000000000000000",
      "RequestMethod": "PUT",
      "RequestHeaders": {
        "Accept": "application/xml",
        "Accept-Encoding": "gzip, deflate",
        "Connection": "keep-alive",
        "Content-Length": "860",
        "Content-MD5": "tpZGhdCex08rfNEX6/iLNg==",
        "Content-Type": "application/octet-stream",
        "If-None-Match": "*",
        "User-Agent": "azsdk-python-storage-blob/12.16.0 Python/3.8.12 (Windows-10-10.0.22621-SP0)",
        "x-ms-blob-type": "BlockBlob",
        "x-ms-date": "Wed, 24 May 2023 03:11:10 GMT",
        "x-ms-version": "2022-11-02"
      },
      "RequestBody": "IyB0aGlzIGZpbGUgc2hhbGwgbm90IGJlIGltcG9ydGVkIGJ5IGFueSBvdGhlciBmaWxlcw0KZnJvbSBtbGRlc2lnbmVyIGltcG9ydCBPdXRwdXQsIGNvbW1hbmRfY29tcG9uZW50DQoNCg0KQGNvbW1hbmRfY29tcG9uZW50DQpkZWYgYmFzaWNfY29tcG9uZW50X2Z1bmMoYm9vbF9wYXJhbTogYm9vbCwgaW50X3BhcmFtOiBpbnQsIGZsb2F0X3BhcmFtOiBmbG9hdCwgc3RyX3BhcmFtOiBzdHIpOg0KICAgIHByaW50KCJib29sX3BhcmFtOiIsIGJvb2xfcGFyYW0pDQogICAgcHJpbnQoImludF9wYXJhbToiLCBpbnRfcGFyYW0pDQogICAgcHJpbnQoImZsb2F0X3BhcmFtOiIsIGZsb2F0X3BhcmFtKQ0KICAgIHByaW50KCJzdHJfcGFyYW06Iiwgc3RyX3BhcmFtKQ0KDQoNCkBjb21tYW5kX2NvbXBvbmVudA0KZGVmIGNvbXBvbmVudF93aXRoX2Jvb2xlYW5fb3V0cHV0KCkgLT4gT3V0cHV0KHR5cGU9ImJvb2xlYW4iLCBpc19jb250cm9sPVRydWUpOg0KICAgIHJldHVybiBUcnVlDQoNCg0KQGNvbW1hbmRfY29tcG9uZW50DQpkZWYgY29tcG9uZW50X3dpdGhfaW50ZWdlcl9vdXRwdXQoKSAtPiBPdXRwdXQodHlwZT0iaW50ZWdlciIsIGlzX2NvbnRyb2w9VHJ1ZSk6DQogICAgcmV0dXJuIDANCg0KDQpAY29tbWFuZF9jb21wb25lbnQNCmRlZiBjb21wb25lbnRfd2l0aF9udW1iZXJfb3V0cHV0KCkgLT4gT3V0cHV0KHR5cGU9Im51bWJlciIsIGlzX2NvbnRyb2w9VHJ1ZSk6DQogICAgcmV0dXJuIDMuMTQNCg0KDQpAY29tbWFuZF9jb21wb25lbnQNCmRlZiBjb21wb25lbnRfd2l0aF9zdHJpbmdfb3V0cHV0KCkgLT4gT3V0cHV0KHR5cGU9InN0cmluZyIsIGlzX2NvbnRyb2w9VHJ1ZSk6DQogICAgcmV0dXJuICJzdHJpbmciDQo=",
      "StatusCode": 201,
      "ResponseHeaders": {
        "Content-Length": "0",
        "Content-MD5": "tpZGhdCex08rfNEX6/iLNg==",
        "Date": "Wed, 24 May 2023 03:11:10 GMT",
        "ETag": "\u00220x8DB5C0486D7FF3B\u0022",
        "Last-Modified": "Wed, 24 May 2023 03:11:11 GMT",
        "Server": [
          "Windows-Azure-Blob/1.0",
          "Microsoft-HTTPAPI/2.0"
        ],
        "x-ms-content-crc64": "0BHGwDMIF\u002Bs=",
        "x-ms-request-server-encrypted": "true",
        "x-ms-version": "2022-11-02"
      },
      "ResponseBody": null
    },
    {
      "RequestUri": "https://amltest5899420437.blob.core.windows.net/0bdd51b6-c-1c5607fe-ac3c-5b46-a21e-79f7ee93a413/src/primitive_type_components.py?skoid=372c30a9-c04f-422f-b38c-872e6b7d5540\u0026sktid=72f988bf-86f1-41af-91ab-2d7cd011db47\u0026skt=2023-05-24T02%3A49%3A26Z\u0026ske=2023-05-25T10%3A59%3A26Z\u0026sks=b\u0026skv=2019-07-07\u0026sv=2021-10-04\u0026st=2023-05-24T03%3A01%3A10Z\u0026se=2023-05-24T11%3A11%3A10Z\u0026sr=c\u0026sp=rcwl\u0026sig=000000000000000000000000000000000000",
      "RequestMethod": "HEAD",
      "RequestHeaders": {
        "Accept": "application/xml",
        "Accept-Encoding": "gzip, deflate",
        "Connection": "keep-alive",
        "User-Agent": "azsdk-python-storage-blob/12.16.0 Python/3.8.12 (Windows-10-10.0.22621-SP0)",
        "x-ms-date": "Wed, 24 May 2023 03:11:10 GMT",
        "x-ms-version": "2022-11-02"
      },
      "RequestBody": null,
      "StatusCode": 404,
      "ResponseHeaders": {
        "Date": "Wed, 24 May 2023 03:11:10 GMT",
        "Server": [
          "Windows-Azure-Blob/1.0",
          "Microsoft-HTTPAPI/2.0"
        ],
        "Transfer-Encoding": "chunked",
        "x-ms-error-code": "BlobNotFound",
        "x-ms-version": "2022-11-02"
      },
      "ResponseBody": null
    },
    {
      "RequestUri": "https://amltest5899420437.blob.core.windows.net/0bdd51b6-c-6d37c19f-119d-5013-b052-1cfd15c3d003/src/primitive_type_components.py?skoid=372c30a9-c04f-422f-b38c-872e6b7d5540\u0026sktid=72f988bf-86f1-41af-91ab-2d7cd011db47\u0026skt=2023-05-24T02%3A49%3A26Z\u0026ske=2023-05-25T10%3A59%3A26Z\u0026sks=b\u0026skv=2019-07-07\u0026sv=2021-10-04\u0026st=2023-05-24T03%3A01%3A10Z\u0026se=2023-05-24T11%3A11%3A10Z\u0026sr=c\u0026sp=rcwl\u0026sig=000000000000000000000000000000000000",
      "RequestMethod": "PUT",
      "RequestHeaders": {
        "Accept": "application/xml",
        "Accept-Encoding": "gzip, deflate",
        "Connection": "keep-alive",
        "Content-Length": "860",
        "Content-MD5": "tpZGhdCex08rfNEX6/iLNg==",
        "Content-Type": "application/octet-stream",
        "If-None-Match": "*",
        "User-Agent": "azsdk-python-storage-blob/12.16.0 Python/3.8.12 (Windows-10-10.0.22621-SP0)",
        "x-ms-blob-type": "BlockBlob",
        "x-ms-date": "Wed, 24 May 2023 03:11:11 GMT",
        "x-ms-version": "2022-11-02"
      },
      "RequestBody": "IyB0aGlzIGZpbGUgc2hhbGwgbm90IGJlIGltcG9ydGVkIGJ5IGFueSBvdGhlciBmaWxlcw0KZnJvbSBtbGRlc2lnbmVyIGltcG9ydCBPdXRwdXQsIGNvbW1hbmRfY29tcG9uZW50DQoNCg0KQGNvbW1hbmRfY29tcG9uZW50DQpkZWYgYmFzaWNfY29tcG9uZW50X2Z1bmMoYm9vbF9wYXJhbTogYm9vbCwgaW50X3BhcmFtOiBpbnQsIGZsb2F0X3BhcmFtOiBmbG9hdCwgc3RyX3BhcmFtOiBzdHIpOg0KICAgIHByaW50KCJib29sX3BhcmFtOiIsIGJvb2xfcGFyYW0pDQogICAgcHJpbnQoImludF9wYXJhbToiLCBpbnRfcGFyYW0pDQogICAgcHJpbnQoImZsb2F0X3BhcmFtOiIsIGZsb2F0X3BhcmFtKQ0KICAgIHByaW50KCJzdHJfcGFyYW06Iiwgc3RyX3BhcmFtKQ0KDQoNCkBjb21tYW5kX2NvbXBvbmVudA0KZGVmIGNvbXBvbmVudF93aXRoX2Jvb2xlYW5fb3V0cHV0KCkgLT4gT3V0cHV0KHR5cGU9ImJvb2xlYW4iLCBpc19jb250cm9sPVRydWUpOg0KICAgIHJldHVybiBUcnVlDQoNCg0KQGNvbW1hbmRfY29tcG9uZW50DQpkZWYgY29tcG9uZW50X3dpdGhfaW50ZWdlcl9vdXRwdXQoKSAtPiBPdXRwdXQodHlwZT0iaW50ZWdlciIsIGlzX2NvbnRyb2w9VHJ1ZSk6DQogICAgcmV0dXJuIDANCg0KDQpAY29tbWFuZF9jb21wb25lbnQNCmRlZiBjb21wb25lbnRfd2l0aF9udW1iZXJfb3V0cHV0KCkgLT4gT3V0cHV0KHR5cGU9Im51bWJlciIsIGlzX2NvbnRyb2w9VHJ1ZSk6DQogICAgcmV0dXJuIDMuMTQNCg0KDQpAY29tbWFuZF9jb21wb25lbnQNCmRlZiBjb21wb25lbnRfd2l0aF9zdHJpbmdfb3V0cHV0KCkgLT4gT3V0cHV0KHR5cGU9InN0cmluZyIsIGlzX2NvbnRyb2w9VHJ1ZSk6DQogICAgcmV0dXJuICJzdHJpbmciDQo=",
      "StatusCode": 201,
      "ResponseHeaders": {
        "Content-Length": "0",
        "Content-MD5": "tpZGhdCex08rfNEX6/iLNg==",
        "Date": "Wed, 24 May 2023 03:11:10 GMT",
        "ETag": "\u00220x8DB5C0486ED7FBC\u0022",
        "Last-Modified": "Wed, 24 May 2023 03:11:11 GMT",
        "Server": [
          "Windows-Azure-Blob/1.0",
          "Microsoft-HTTPAPI/2.0"
        ],
        "x-ms-content-crc64": "0BHGwDMIF\u002Bs=",
        "x-ms-request-server-encrypted": "true",
        "x-ms-version": "2022-11-02"
      },
      "ResponseBody": null
    },
    {
      "RequestUri": "https://amltest5899420437.blob.core.windows.net/0bdd51b6-c-6b318410-c371-5509-8ee2-113cd75c78ba/src/primitive_type_components.py?skoid=372c30a9-c04f-422f-b38c-872e6b7d5540\u0026sktid=72f988bf-86f1-41af-91ab-2d7cd011db47\u0026skt=2023-05-24T02%3A49%3A26Z\u0026ske=2023-05-25T10%3A59%3A26Z\u0026sks=b\u0026skv=2019-07-07\u0026sv=2021-10-04\u0026st=2023-05-24T03%3A01%3A10Z\u0026se=2023-05-24T11%3A11%3A10Z\u0026sr=c\u0026sp=rcwl\u0026sig=000000000000000000000000000000000000",
      "RequestMethod": "PUT",
      "RequestHeaders": {
        "Accept": "application/xml",
        "Accept-Encoding": "gzip, deflate",
        "Connection": "keep-alive",
        "Content-Length": "860",
        "Content-MD5": "tpZGhdCex08rfNEX6/iLNg==",
        "Content-Type": "application/octet-stream",
        "If-None-Match": "*",
        "User-Agent": "azsdk-python-storage-blob/12.16.0 Python/3.8.12 (Windows-10-10.0.22621-SP0)",
        "x-ms-blob-type": "BlockBlob",
        "x-ms-date": "Wed, 24 May 2023 03:11:11 GMT",
        "x-ms-version": "2022-11-02"
      },
      "RequestBody": "IyB0aGlzIGZpbGUgc2hhbGwgbm90IGJlIGltcG9ydGVkIGJ5IGFueSBvdGhlciBmaWxlcw0KZnJvbSBtbGRlc2lnbmVyIGltcG9ydCBPdXRwdXQsIGNvbW1hbmRfY29tcG9uZW50DQoNCg0KQGNvbW1hbmRfY29tcG9uZW50DQpkZWYgYmFzaWNfY29tcG9uZW50X2Z1bmMoYm9vbF9wYXJhbTogYm9vbCwgaW50X3BhcmFtOiBpbnQsIGZsb2F0X3BhcmFtOiBmbG9hdCwgc3RyX3BhcmFtOiBzdHIpOg0KICAgIHByaW50KCJib29sX3BhcmFtOiIsIGJvb2xfcGFyYW0pDQogICAgcHJpbnQoImludF9wYXJhbToiLCBpbnRfcGFyYW0pDQogICAgcHJpbnQoImZsb2F0X3BhcmFtOiIsIGZsb2F0X3BhcmFtKQ0KICAgIHByaW50KCJzdHJfcGFyYW06Iiwgc3RyX3BhcmFtKQ0KDQoNCkBjb21tYW5kX2NvbXBvbmVudA0KZGVmIGNvbXBvbmVudF93aXRoX2Jvb2xlYW5fb3V0cHV0KCkgLT4gT3V0cHV0KHR5cGU9ImJvb2xlYW4iLCBpc19jb250cm9sPVRydWUpOg0KICAgIHJldHVybiBUcnVlDQoNCg0KQGNvbW1hbmRfY29tcG9uZW50DQpkZWYgY29tcG9uZW50X3dpdGhfaW50ZWdlcl9vdXRwdXQoKSAtPiBPdXRwdXQodHlwZT0iaW50ZWdlciIsIGlzX2NvbnRyb2w9VHJ1ZSk6DQogICAgcmV0dXJuIDANCg0KDQpAY29tbWFuZF9jb21wb25lbnQNCmRlZiBjb21wb25lbnRfd2l0aF9udW1iZXJfb3V0cHV0KCkgLT4gT3V0cHV0KHR5cGU9Im51bWJlciIsIGlzX2NvbnRyb2w9VHJ1ZSk6DQogICAgcmV0dXJuIDMuMTQNCg0KDQpAY29tbWFuZF9jb21wb25lbnQNCmRlZiBjb21wb25lbnRfd2l0aF9zdHJpbmdfb3V0cHV0KCkgLT4gT3V0cHV0KHR5cGU9InN0cmluZyIsIGlzX2NvbnRyb2w9VHJ1ZSk6DQogICAgcmV0dXJuICJzdHJpbmciDQo=",
      "StatusCode": 201,
      "ResponseHeaders": {
        "Content-Length": "0",
        "Content-MD5": "tpZGhdCex08rfNEX6/iLNg==",
        "Date": "Wed, 24 May 2023 03:11:11 GMT",
        "ETag": "\u00220x8DB5C0486F01766\u0022",
        "Last-Modified": "Wed, 24 May 2023 03:11:11 GMT",
        "Server": [
          "Windows-Azure-Blob/1.0",
          "Microsoft-HTTPAPI/2.0"
        ],
        "x-ms-content-crc64": "0BHGwDMIF\u002Bs=",
        "x-ms-request-server-encrypted": "true",
        "x-ms-version": "2022-11-02"
      },
      "ResponseBody": null
    },
    {
      "RequestUri": "https://amltest5899420437.blob.core.windows.net/0bdd51b6-c-e2af7358-632a-55d6-b8e5-1242f51c5986/src/primitive_type_components.py?comp=metadata\u0026skoid=372c30a9-c04f-422f-b38c-872e6b7d5540\u0026sktid=72f988bf-86f1-41af-91ab-2d7cd011db47\u0026skt=2023-05-24T02%3A49%3A26Z\u0026ske=2023-05-25T10%3A59%3A26Z\u0026sks=b\u0026skv=2019-07-07\u0026sv=2021-10-04\u0026st=2023-05-24T03%3A01%3A09Z\u0026se=2023-05-24T11%3A11%3A09Z\u0026sr=c\u0026sp=rcwl\u0026sig=000000000000000000000000000000000000",
      "RequestMethod": "PUT",
      "RequestHeaders": {
        "Accept": "application/xml",
        "Accept-Encoding": "gzip, deflate",
        "Connection": "keep-alive",
        "Content-Length": "0",
        "User-Agent": "azsdk-python-storage-blob/12.16.0 Python/3.8.12 (Windows-10-10.0.22621-SP0)",
        "x-ms-date": "Wed, 24 May 2023 03:11:11 GMT",
        "x-ms-meta-name": "000000000000000000000",
        "x-ms-meta-upload_status": "completed",
        "x-ms-meta-version": "1",
        "x-ms-version": "2022-11-02"
      },
      "RequestBody": null,
      "StatusCode": 200,
      "ResponseHeaders": {
        "Content-Length": "0",
        "Date": "Wed, 24 May 2023 03:11:11 GMT",
        "ETag": "\u00220x8DB5C0486FC9897\u0022",
        "Last-Modified": "Wed, 24 May 2023 03:11:11 GMT",
        "Server": [
          "Windows-Azure-Blob/1.0",
          "Microsoft-HTTPAPI/2.0"
        ],
        "x-ms-request-server-encrypted": "true",
        "x-ms-version": "2022-11-02"
      },
      "ResponseBody": null
    },
    {
      "RequestUri": "https://amltest5899420437.blob.core.windows.net/0bdd51b6-c-8054a217-e93d-558a-9a18-54696ea542cb/src/primitive_type_components.py?skoid=372c30a9-c04f-422f-b38c-872e6b7d5540\u0026sktid=72f988bf-86f1-41af-91ab-2d7cd011db47\u0026skt=2023-05-24T02%3A49%3A26Z\u0026ske=2023-05-25T10%3A59%3A26Z\u0026sks=b\u0026skv=2019-07-07\u0026sv=2021-10-04\u0026st=2023-05-24T03%3A01%3A10Z\u0026se=2023-05-24T11%3A11%3A10Z\u0026sr=c\u0026sp=rcwl\u0026sig=000000000000000000000000000000000000",
      "RequestMethod": "PUT",
      "RequestHeaders": {
        "Accept": "application/xml",
        "Accept-Encoding": "gzip, deflate",
        "Connection": "keep-alive",
        "Content-Length": "860",
        "Content-MD5": "tpZGhdCex08rfNEX6/iLNg==",
        "Content-Type": "application/octet-stream",
        "If-None-Match": "*",
        "User-Agent": "azsdk-python-storage-blob/12.16.0 Python/3.8.12 (Windows-10-10.0.22621-SP0)",
        "x-ms-blob-type": "BlockBlob",
        "x-ms-date": "Wed, 24 May 2023 03:11:11 GMT",
        "x-ms-version": "2022-11-02"
      },
      "RequestBody": "IyB0aGlzIGZpbGUgc2hhbGwgbm90IGJlIGltcG9ydGVkIGJ5IGFueSBvdGhlciBmaWxlcw0KZnJvbSBtbGRlc2lnbmVyIGltcG9ydCBPdXRwdXQsIGNvbW1hbmRfY29tcG9uZW50DQoNCg0KQGNvbW1hbmRfY29tcG9uZW50DQpkZWYgYmFzaWNfY29tcG9uZW50X2Z1bmMoYm9vbF9wYXJhbTogYm9vbCwgaW50X3BhcmFtOiBpbnQsIGZsb2F0X3BhcmFtOiBmbG9hdCwgc3RyX3BhcmFtOiBzdHIpOg0KICAgIHByaW50KCJib29sX3BhcmFtOiIsIGJvb2xfcGFyYW0pDQogICAgcHJpbnQoImludF9wYXJhbToiLCBpbnRfcGFyYW0pDQogICAgcHJpbnQoImZsb2F0X3BhcmFtOiIsIGZsb2F0X3BhcmFtKQ0KICAgIHByaW50KCJzdHJfcGFyYW06Iiwgc3RyX3BhcmFtKQ0KDQoNCkBjb21tYW5kX2NvbXBvbmVudA0KZGVmIGNvbXBvbmVudF93aXRoX2Jvb2xlYW5fb3V0cHV0KCkgLT4gT3V0cHV0KHR5cGU9ImJvb2xlYW4iLCBpc19jb250cm9sPVRydWUpOg0KICAgIHJldHVybiBUcnVlDQoNCg0KQGNvbW1hbmRfY29tcG9uZW50DQpkZWYgY29tcG9uZW50X3dpdGhfaW50ZWdlcl9vdXRwdXQoKSAtPiBPdXRwdXQodHlwZT0iaW50ZWdlciIsIGlzX2NvbnRyb2w9VHJ1ZSk6DQogICAgcmV0dXJuIDANCg0KDQpAY29tbWFuZF9jb21wb25lbnQNCmRlZiBjb21wb25lbnRfd2l0aF9udW1iZXJfb3V0cHV0KCkgLT4gT3V0cHV0KHR5cGU9Im51bWJlciIsIGlzX2NvbnRyb2w9VHJ1ZSk6DQogICAgcmV0dXJuIDMuMTQNCg0KDQpAY29tbWFuZF9jb21wb25lbnQNCmRlZiBjb21wb25lbnRfd2l0aF9zdHJpbmdfb3V0cHV0KCkgLT4gT3V0cHV0KHR5cGU9InN0cmluZyIsIGlzX2NvbnRyb2w9VHJ1ZSk6DQogICAgcmV0dXJuICJzdHJpbmciDQo=",
      "StatusCode": 201,
      "ResponseHeaders": {
        "Content-Length": "0",
        "Content-MD5": "tpZGhdCex08rfNEX6/iLNg==",
        "Date": "Wed, 24 May 2023 03:11:11 GMT",
        "ETag": "\u00220x8DB5C0486FCBFA2\u0022",
        "Last-Modified": "Wed, 24 May 2023 03:11:11 GMT",
        "Server": [
          "Windows-Azure-Blob/1.0",
          "Microsoft-HTTPAPI/2.0"
        ],
        "x-ms-content-crc64": "0BHGwDMIF\u002Bs=",
        "x-ms-request-server-encrypted": "true",
        "x-ms-version": "2022-11-02"
      },
      "ResponseBody": null
    },
    {
      "RequestUri": "https://amltest5899420437.blob.core.windows.net/0bdd51b6-c-1c5607fe-ac3c-5b46-a21e-79f7ee93a413/src/primitive_type_components.py?skoid=372c30a9-c04f-422f-b38c-872e6b7d5540\u0026sktid=72f988bf-86f1-41af-91ab-2d7cd011db47\u0026skt=2023-05-24T02%3A49%3A26Z\u0026ske=2023-05-25T10%3A59%3A26Z\u0026sks=b\u0026skv=2019-07-07\u0026sv=2021-10-04\u0026st=2023-05-24T03%3A01%3A10Z\u0026se=2023-05-24T11%3A11%3A10Z\u0026sr=c\u0026sp=rcwl\u0026sig=000000000000000000000000000000000000",
      "RequestMethod": "PUT",
      "RequestHeaders": {
        "Accept": "application/xml",
        "Accept-Encoding": "gzip, deflate",
        "Connection": "keep-alive",
        "Content-Length": "860",
        "Content-MD5": "tpZGhdCex08rfNEX6/iLNg==",
        "Content-Type": "application/octet-stream",
        "If-None-Match": "*",
        "User-Agent": "azsdk-python-storage-blob/12.16.0 Python/3.8.12 (Windows-10-10.0.22621-SP0)",
        "x-ms-blob-type": "BlockBlob",
        "x-ms-date": "Wed, 24 May 2023 03:11:11 GMT",
        "x-ms-version": "2022-11-02"
      },
      "RequestBody": "IyB0aGlzIGZpbGUgc2hhbGwgbm90IGJlIGltcG9ydGVkIGJ5IGFueSBvdGhlciBmaWxlcw0KZnJvbSBtbGRlc2lnbmVyIGltcG9ydCBPdXRwdXQsIGNvbW1hbmRfY29tcG9uZW50DQoNCg0KQGNvbW1hbmRfY29tcG9uZW50DQpkZWYgYmFzaWNfY29tcG9uZW50X2Z1bmMoYm9vbF9wYXJhbTogYm9vbCwgaW50X3BhcmFtOiBpbnQsIGZsb2F0X3BhcmFtOiBmbG9hdCwgc3RyX3BhcmFtOiBzdHIpOg0KICAgIHByaW50KCJib29sX3BhcmFtOiIsIGJvb2xfcGFyYW0pDQogICAgcHJpbnQoImludF9wYXJhbToiLCBpbnRfcGFyYW0pDQogICAgcHJpbnQoImZsb2F0X3BhcmFtOiIsIGZsb2F0X3BhcmFtKQ0KICAgIHByaW50KCJzdHJfcGFyYW06Iiwgc3RyX3BhcmFtKQ0KDQoNCkBjb21tYW5kX2NvbXBvbmVudA0KZGVmIGNvbXBvbmVudF93aXRoX2Jvb2xlYW5fb3V0cHV0KCkgLT4gT3V0cHV0KHR5cGU9ImJvb2xlYW4iLCBpc19jb250cm9sPVRydWUpOg0KICAgIHJldHVybiBUcnVlDQoNCg0KQGNvbW1hbmRfY29tcG9uZW50DQpkZWYgY29tcG9uZW50X3dpdGhfaW50ZWdlcl9vdXRwdXQoKSAtPiBPdXRwdXQodHlwZT0iaW50ZWdlciIsIGlzX2NvbnRyb2w9VHJ1ZSk6DQogICAgcmV0dXJuIDANCg0KDQpAY29tbWFuZF9jb21wb25lbnQNCmRlZiBjb21wb25lbnRfd2l0aF9udW1iZXJfb3V0cHV0KCkgLT4gT3V0cHV0KHR5cGU9Im51bWJlciIsIGlzX2NvbnRyb2w9VHJ1ZSk6DQogICAgcmV0dXJuIDMuMTQNCg0KDQpAY29tbWFuZF9jb21wb25lbnQNCmRlZiBjb21wb25lbnRfd2l0aF9zdHJpbmdfb3V0cHV0KCkgLT4gT3V0cHV0KHR5cGU9InN0cmluZyIsIGlzX2NvbnRyb2w9VHJ1ZSk6DQogICAgcmV0dXJuICJzdHJpbmciDQo=",
      "StatusCode": 201,
      "ResponseHeaders": {
        "Content-Length": "0",
        "Content-MD5": "tpZGhdCex08rfNEX6/iLNg==",
        "Date": "Wed, 24 May 2023 03:11:11 GMT",
        "ETag": "\u00220x8DB5C04870F335A\u0022",
        "Last-Modified": "Wed, 24 May 2023 03:11:11 GMT",
        "Server": [
          "Windows-Azure-Blob/1.0",
          "Microsoft-HTTPAPI/2.0"
        ],
        "x-ms-content-crc64": "0BHGwDMIF\u002Bs=",
        "x-ms-request-server-encrypted": "true",
        "x-ms-version": "2022-11-02"
      },
      "ResponseBody": null
    },
    {
      "RequestUri": "https://amltest5899420437.blob.core.windows.net/0bdd51b6-c-6d37c19f-119d-5013-b052-1cfd15c3d003/src/primitive_type_components.py?comp=metadata\u0026skoid=372c30a9-c04f-422f-b38c-872e6b7d5540\u0026sktid=72f988bf-86f1-41af-91ab-2d7cd011db47\u0026skt=2023-05-24T02%3A49%3A26Z\u0026ske=2023-05-25T10%3A59%3A26Z\u0026sks=b\u0026skv=2019-07-07\u0026sv=2021-10-04\u0026st=2023-05-24T03%3A01%3A10Z\u0026se=2023-05-24T11%3A11%3A10Z\u0026sr=c\u0026sp=rcwl\u0026sig=000000000000000000000000000000000000",
      "RequestMethod": "PUT",
      "RequestHeaders": {
        "Accept": "application/xml",
        "Accept-Encoding": "gzip, deflate",
        "Connection": "keep-alive",
        "Content-Length": "0",
        "User-Agent": "azsdk-python-storage-blob/12.16.0 Python/3.8.12 (Windows-10-10.0.22621-SP0)",
        "x-ms-date": "Wed, 24 May 2023 03:11:11 GMT",
        "x-ms-meta-name": "000000000000000000000",
        "x-ms-meta-upload_status": "completed",
        "x-ms-meta-version": "1",
        "x-ms-version": "2022-11-02"
      },
      "RequestBody": null,
      "StatusCode": 200,
      "ResponseHeaders": {
        "Content-Length": "0",
        "Date": "Wed, 24 May 2023 03:11:11 GMT",
        "ETag": "\u00220x8DB5C048711CB09\u0022",
        "Last-Modified": "Wed, 24 May 2023 03:11:11 GMT",
        "Server": [
          "Windows-Azure-Blob/1.0",
          "Microsoft-HTTPAPI/2.0"
        ],
        "x-ms-request-server-encrypted": "true",
        "x-ms-version": "2022-11-02"
      },
      "ResponseBody": null
    },
    {
      "RequestUri": "https://amltest5899420437.blob.core.windows.net/0bdd51b6-c-6b318410-c371-5509-8ee2-113cd75c78ba/src/primitive_type_components.py?comp=metadata\u0026skoid=372c30a9-c04f-422f-b38c-872e6b7d5540\u0026sktid=72f988bf-86f1-41af-91ab-2d7cd011db47\u0026skt=2023-05-24T02%3A49%3A26Z\u0026ske=2023-05-25T10%3A59%3A26Z\u0026sks=b\u0026skv=2019-07-07\u0026sv=2021-10-04\u0026st=2023-05-24T03%3A01%3A10Z\u0026se=2023-05-24T11%3A11%3A10Z\u0026sr=c\u0026sp=rcwl\u0026sig=000000000000000000000000000000000000",
      "RequestMethod": "PUT",
      "RequestHeaders": {
        "Accept": "application/xml",
        "Accept-Encoding": "gzip, deflate",
        "Connection": "keep-alive",
        "Content-Length": "0",
        "User-Agent": "azsdk-python-storage-blob/12.16.0 Python/3.8.12 (Windows-10-10.0.22621-SP0)",
        "x-ms-date": "Wed, 24 May 2023 03:11:11 GMT",
        "x-ms-meta-name": "000000000000000000000",
        "x-ms-meta-upload_status": "completed",
        "x-ms-meta-version": "1",
        "x-ms-version": "2022-11-02"
      },
      "RequestBody": null,
      "StatusCode": 200,
      "ResponseHeaders": {
        "Content-Length": "0",
        "Date": "Wed, 24 May 2023 03:11:11 GMT",
        "ETag": "\u00220x8DB5C048714D7CE\u0022",
        "Last-Modified": "Wed, 24 May 2023 03:11:11 GMT",
        "Server": [
          "Windows-Azure-Blob/1.0",
          "Microsoft-HTTPAPI/2.0"
        ],
        "x-ms-request-server-encrypted": "true",
        "x-ms-version": "2022-11-02"
      },
      "ResponseBody": null
    },
    {
      "RequestUri": "https://amltest5899420437.blob.core.windows.net/0bdd51b6-c-8054a217-e93d-558a-9a18-54696ea542cb/src/primitive_type_components.py?comp=metadata\u0026skoid=372c30a9-c04f-422f-b38c-872e6b7d5540\u0026sktid=72f988bf-86f1-41af-91ab-2d7cd011db47\u0026skt=2023-05-24T02%3A49%3A26Z\u0026ske=2023-05-25T10%3A59%3A26Z\u0026sks=b\u0026skv=2019-07-07\u0026sv=2021-10-04\u0026st=2023-05-24T03%3A01%3A10Z\u0026se=2023-05-24T11%3A11%3A10Z\u0026sr=c\u0026sp=rcwl\u0026sig=000000000000000000000000000000000000",
      "RequestMethod": "PUT",
      "RequestHeaders": {
        "Accept": "application/xml",
        "Accept-Encoding": "gzip, deflate",
        "Connection": "keep-alive",
        "Content-Length": "0",
        "User-Agent": "azsdk-python-storage-blob/12.16.0 Python/3.8.12 (Windows-10-10.0.22621-SP0)",
        "x-ms-date": "Wed, 24 May 2023 03:11:11 GMT",
        "x-ms-meta-name": "000000000000000000000",
        "x-ms-meta-upload_status": "completed",
        "x-ms-meta-version": "1",
        "x-ms-version": "2022-11-02"
      },
      "RequestBody": null,
      "StatusCode": 200,
      "ResponseHeaders": {
        "Content-Length": "0",
        "Date": "Wed, 24 May 2023 03:11:11 GMT",
        "ETag": "\u00220x8DB5C0487210AF0\u0022",
        "Last-Modified": "Wed, 24 May 2023 03:11:11 GMT",
        "Server": [
          "Windows-Azure-Blob/1.0",
          "Microsoft-HTTPAPI/2.0"
        ],
        "x-ms-request-server-encrypted": "true",
        "x-ms-version": "2022-11-02"
      },
      "ResponseBody": null
    },
    {
      "RequestUri": "https://amltest5899420437.blob.core.windows.net/0bdd51b6-c-1c5607fe-ac3c-5b46-a21e-79f7ee93a413/src/primitive_type_components.py?comp=metadata\u0026skoid=372c30a9-c04f-422f-b38c-872e6b7d5540\u0026sktid=72f988bf-86f1-41af-91ab-2d7cd011db47\u0026skt=2023-05-24T02%3A49%3A26Z\u0026ske=2023-05-25T10%3A59%3A26Z\u0026sks=b\u0026skv=2019-07-07\u0026sv=2021-10-04\u0026st=2023-05-24T03%3A01%3A10Z\u0026se=2023-05-24T11%3A11%3A10Z\u0026sr=c\u0026sp=rcwl\u0026sig=000000000000000000000000000000000000",
      "RequestMethod": "PUT",
      "RequestHeaders": {
        "Accept": "application/xml",
        "Accept-Encoding": "gzip, deflate",
        "Connection": "keep-alive",
        "Content-Length": "0",
        "User-Agent": "azsdk-python-storage-blob/12.16.0 Python/3.8.12 (Windows-10-10.0.22621-SP0)",
        "x-ms-date": "Wed, 24 May 2023 03:11:11 GMT",
        "x-ms-meta-name": "000000000000000000000",
        "x-ms-meta-upload_status": "completed",
        "x-ms-meta-version": "1",
        "x-ms-version": "2022-11-02"
      },
      "RequestBody": null,
      "StatusCode": 200,
      "ResponseHeaders": {
        "Content-Length": "0",
        "Date": "Wed, 24 May 2023 03:11:11 GMT",
        "ETag": "\u00220x8DB5C0487337EA3\u0022",
        "Last-Modified": "Wed, 24 May 2023 03:11:12 GMT",
        "Server": [
          "Windows-Azure-Blob/1.0",
          "Microsoft-HTTPAPI/2.0"
        ],
        "x-ms-request-server-encrypted": "true",
        "x-ms-version": "2022-11-02"
      },
      "ResponseBody": null
    },
    {
      "RequestUri": "https://management.azure.com/subscriptions/00000000-0000-0000-0000-000000000/resourceGroups/00000/providers/Microsoft.MachineLearningServices/workspaces/00000/codes/000000000000000000000/versions/1?api-version=2023-04-01",
      "RequestMethod": "PUT",
      "RequestHeaders": {
        "Accept": "application/json",
        "Accept-Encoding": "gzip, deflate",
        "Connection": "keep-alive",
        "Content-Length": "246",
        "Content-Type": "application/json",
        "User-Agent": "azure-ai-ml/1.8.0 azsdk-python-mgmt-machinelearningservices/0.1.0 Python/3.8.12 (Windows-10-10.0.22621-SP0)"
      },
      "RequestBody": {
        "properties": {
          "properties": {
            "hash_sha256": "0000000000000",
            "hash_version": "0000000000000"
          },
          "isAnonymous": true,
          "isArchived": false,
          "codeUri": "https://amltest5899420437.blob.core.windows.net:443/0bdd51b6-c-e2af7358-632a-55d6-b8e5-1242f51c5986/src"
        }
      },
      "StatusCode": 201,
      "ResponseHeaders": {
        "Cache-Control": "no-cache",
        "Content-Length": "793",
        "Content-Type": "application/json; charset=utf-8",
        "Date": "Wed, 24 May 2023 03:11:11 GMT",
        "Expires": "-1",
        "Location": "https://management.azure.com/subscriptions/00000000-0000-0000-0000-000000000/resourceGroups/00000/providers/Microsoft.MachineLearningServices/workspaces/00000/codes/000000000000000000000/versions/1?api-version=2023-04-01",
        "Pragma": "no-cache",
        "Request-Context": "appId=cid-v1:2d2e8e63-272e-4b3c-8598-4ee570a0e70d",
        "Server-Timing": "traceparent;desc=\u002200-5b13704d39d7a7db41db10adc52b165c-e98d5dbdfac4c1da-01\u0022",
        "Strict-Transport-Security": "max-age=31536000; includeSubDomains",
        "x-aml-cluster": "vienna-eastus2-02",
        "X-Content-Type-Options": "nosniff",
        "x-ms-correlation-request-id": "f32425bb-bb33-4dd6-9e41-e7dfa82c1490",
        "x-ms-ratelimit-remaining-subscription-writes": "1198",
        "x-ms-response-type": "standard",
        "x-ms-routing-request-id": "JAPANEAST:20230524T031112Z:f32425bb-bb33-4dd6-9e41-e7dfa82c1490",
        "x-request-time": "0.227"
      },
      "ResponseBody": {
        "id": "/subscriptions/00000000-0000-0000-0000-000000000/resourceGroups/00000/providers/Microsoft.MachineLearningServices/workspaces/00000/codes/000000000000000000000/versions/1",
        "name": "1",
        "type": "Microsoft.MachineLearningServices/workspaces/codes/versions",
        "properties": {
          "description": null,
          "tags": {},
          "properties": {
            "hash_sha256": "0000000000000",
            "hash_version": "0000000000000"
          },
          "isArchived": false,
          "isAnonymous": false,
          "codeUri": "https://amltest5899420437.blob.core.windows.net:443/0bdd51b6-c-e2af7358-632a-55d6-b8e5-1242f51c5986/src",
          "provisioningState": "Succeeded"
        },
        "systemData": {
          "createdAt": "2023-05-24T03:11:12.303827\u002B00:00",
          "createdBy": "Chenyang Zhang",
          "createdByType": "User",
          "lastModifiedAt": "2023-05-24T03:11:12.303827\u002B00:00",
          "lastModifiedBy": "Chenyang Zhang",
          "lastModifiedByType": "User"
        }
      }
    },
    {
      "RequestUri": "https://management.azure.com/subscriptions/00000000-0000-0000-0000-000000000/resourceGroups/00000/providers/Microsoft.MachineLearningServices/workspaces/00000/codes/000000000000000000000/versions/1?api-version=2023-04-01",
      "RequestMethod": "PUT",
      "RequestHeaders": {
        "Accept": "application/json",
        "Accept-Encoding": "gzip, deflate",
        "Connection": "keep-alive",
        "Content-Length": "246",
        "Content-Type": "application/json",
        "User-Agent": "azure-ai-ml/1.8.0 azsdk-python-mgmt-machinelearningservices/0.1.0 Python/3.8.12 (Windows-10-10.0.22621-SP0)"
      },
      "RequestBody": {
        "properties": {
          "properties": {
            "hash_sha256": "0000000000000",
            "hash_version": "0000000000000"
          },
          "isAnonymous": true,
          "isArchived": false,
          "codeUri": "https://amltest5899420437.blob.core.windows.net:443/0bdd51b6-c-6d37c19f-119d-5013-b052-1cfd15c3d003/src"
        }
      },
      "StatusCode": 201,
      "ResponseHeaders": {
        "Cache-Control": "no-cache",
        "Content-Length": "793",
        "Content-Type": "application/json; charset=utf-8",
        "Date": "Wed, 24 May 2023 03:11:12 GMT",
        "Expires": "-1",
        "Location": "https://management.azure.com/subscriptions/00000000-0000-0000-0000-000000000/resourceGroups/00000/providers/Microsoft.MachineLearningServices/workspaces/00000/codes/000000000000000000000/versions/1?api-version=2023-04-01",
        "Pragma": "no-cache",
        "Request-Context": "appId=cid-v1:2d2e8e63-272e-4b3c-8598-4ee570a0e70d",
        "Server-Timing": "traceparent;desc=\u002200-143cece8199204ff58ae86e9c2938f09-4407265d9e78c742-01\u0022",
        "Strict-Transport-Security": "max-age=31536000; includeSubDomains",
        "x-aml-cluster": "vienna-eastus2-02",
        "X-Content-Type-Options": "nosniff",
        "x-ms-correlation-request-id": "2c208edc-4e3b-4308-a2c5-7fdf324665e9",
        "x-ms-ratelimit-remaining-subscription-writes": "1198",
        "x-ms-response-type": "standard",
        "x-ms-routing-request-id": "JAPANEAST:20230524T031112Z:2c208edc-4e3b-4308-a2c5-7fdf324665e9",
        "x-request-time": "0.240"
      },
      "ResponseBody": {
        "id": "/subscriptions/00000000-0000-0000-0000-000000000/resourceGroups/00000/providers/Microsoft.MachineLearningServices/workspaces/00000/codes/000000000000000000000/versions/1",
        "name": "1",
        "type": "Microsoft.MachineLearningServices/workspaces/codes/versions",
        "properties": {
          "description": null,
          "tags": {},
          "properties": {
            "hash_sha256": "0000000000000",
            "hash_version": "0000000000000"
          },
          "isArchived": false,
          "isAnonymous": false,
          "codeUri": "https://amltest5899420437.blob.core.windows.net:443/0bdd51b6-c-6d37c19f-119d-5013-b052-1cfd15c3d003/src",
          "provisioningState": "Succeeded"
        },
        "systemData": {
          "createdAt": "2023-05-24T03:11:12.472914\u002B00:00",
          "createdBy": "Chenyang Zhang",
          "createdByType": "User",
          "lastModifiedAt": "2023-05-24T03:11:12.472914\u002B00:00",
          "lastModifiedBy": "Chenyang Zhang",
          "lastModifiedByType": "User"
        }
      }
    },
    {
      "RequestUri": "https://management.azure.com/subscriptions/00000000-0000-0000-0000-000000000/resourceGroups/00000/providers/Microsoft.MachineLearningServices/workspaces/00000/codes/000000000000000000000/versions/1?api-version=2023-04-01",
      "RequestMethod": "PUT",
      "RequestHeaders": {
        "Accept": "application/json",
        "Accept-Encoding": "gzip, deflate",
        "Connection": "keep-alive",
        "Content-Length": "246",
        "Content-Type": "application/json",
        "User-Agent": "azure-ai-ml/1.8.0 azsdk-python-mgmt-machinelearningservices/0.1.0 Python/3.8.12 (Windows-10-10.0.22621-SP0)"
      },
      "RequestBody": {
        "properties": {
          "properties": {
            "hash_sha256": "0000000000000",
            "hash_version": "0000000000000"
          },
          "isAnonymous": true,
          "isArchived": false,
          "codeUri": "https://amltest5899420437.blob.core.windows.net:443/0bdd51b6-c-6b318410-c371-5509-8ee2-113cd75c78ba/src"
        }
      },
      "StatusCode": 201,
      "ResponseHeaders": {
        "Cache-Control": "no-cache",
        "Content-Length": "795",
        "Content-Type": "application/json; charset=utf-8",
        "Date": "Wed, 24 May 2023 03:11:11 GMT",
        "Expires": "-1",
        "Location": "https://management.azure.com/subscriptions/00000000-0000-0000-0000-000000000/resourceGroups/00000/providers/Microsoft.MachineLearningServices/workspaces/00000/codes/000000000000000000000/versions/1?api-version=2023-04-01",
        "Pragma": "no-cache",
        "Request-Context": "appId=cid-v1:2d2e8e63-272e-4b3c-8598-4ee570a0e70d",
        "Server-Timing": "traceparent;desc=\u002200-7fd394e131d411b430d9348e5b01a4f9-bb50189159db3408-01\u0022",
        "Strict-Transport-Security": "max-age=31536000; includeSubDomains",
        "x-aml-cluster": "vienna-eastus2-01",
        "X-Content-Type-Options": "nosniff",
        "x-ms-correlation-request-id": "dcb95401-389e-4b21-aab1-70e7a9eb149d",
        "x-ms-ratelimit-remaining-subscription-writes": "1198",
        "x-ms-response-type": "standard",
        "x-ms-routing-request-id": "JAPANEAST:20230524T031112Z:dcb95401-389e-4b21-aab1-70e7a9eb149d",
        "x-request-time": "0.252"
      },
      "ResponseBody": {
        "id": "/subscriptions/00000000-0000-0000-0000-000000000/resourceGroups/00000/providers/Microsoft.MachineLearningServices/workspaces/00000/codes/000000000000000000000/versions/1",
        "name": "1",
        "type": "Microsoft.MachineLearningServices/workspaces/codes/versions",
        "properties": {
          "description": null,
          "tags": {},
          "properties": {
            "hash_sha256": "0000000000000",
            "hash_version": "0000000000000"
          },
          "isArchived": false,
          "isAnonymous": false,
          "codeUri": "https://amltest5899420437.blob.core.windows.net:443/0bdd51b6-c-6b318410-c371-5509-8ee2-113cd75c78ba/src",
          "provisioningState": "Succeeded"
        },
        "systemData": {
          "createdAt": "2023-05-24T03:11:12.4791975\u002B00:00",
          "createdBy": "Chenyang Zhang",
          "createdByType": "User",
          "lastModifiedAt": "2023-05-24T03:11:12.4791975\u002B00:00",
          "lastModifiedBy": "Chenyang Zhang",
          "lastModifiedByType": "User"
        }
      }
    },
    {
      "RequestUri": "https://management.azure.com/subscriptions/00000000-0000-0000-0000-000000000/resourceGroups/00000/providers/Microsoft.MachineLearningServices/workspaces/00000/codes/000000000000000000000/versions/1?api-version=2023-04-01",
      "RequestMethod": "PUT",
      "RequestHeaders": {
        "Accept": "application/json",
        "Accept-Encoding": "gzip, deflate",
        "Connection": "keep-alive",
        "Content-Length": "246",
        "Content-Type": "application/json",
        "User-Agent": "azure-ai-ml/1.8.0 azsdk-python-mgmt-machinelearningservices/0.1.0 Python/3.8.12 (Windows-10-10.0.22621-SP0)"
      },
      "RequestBody": {
        "properties": {
          "properties": {
            "hash_sha256": "0000000000000",
            "hash_version": "0000000000000"
          },
          "isAnonymous": true,
          "isArchived": false,
          "codeUri": "https://amltest5899420437.blob.core.windows.net:443/0bdd51b6-c-8054a217-e93d-558a-9a18-54696ea542cb/src"
        }
      },
      "StatusCode": 201,
      "ResponseHeaders": {
        "Cache-Control": "no-cache",
        "Content-Length": "795",
        "Content-Type": "application/json; charset=utf-8",
        "Date": "Wed, 24 May 2023 03:11:11 GMT",
        "Expires": "-1",
        "Location": "https://management.azure.com/subscriptions/00000000-0000-0000-0000-000000000/resourceGroups/00000/providers/Microsoft.MachineLearningServices/workspaces/00000/codes/000000000000000000000/versions/1?api-version=2023-04-01",
        "Pragma": "no-cache",
        "Request-Context": "appId=cid-v1:2d2e8e63-272e-4b3c-8598-4ee570a0e70d",
        "Server-Timing": "traceparent;desc=\u002200-4b5c3b4d22c6df0d452987a700103208-c34d532b18e3802d-01\u0022",
        "Strict-Transport-Security": "max-age=31536000; includeSubDomains",
        "x-aml-cluster": "vienna-eastus2-01",
        "X-Content-Type-Options": "nosniff",
        "x-ms-correlation-request-id": "15bf1e8b-a8ac-4094-8512-bb37783ca988",
        "x-ms-ratelimit-remaining-subscription-writes": "1198",
        "x-ms-response-type": "standard",
        "x-ms-routing-request-id": "JAPANEAST:20230524T031112Z:15bf1e8b-a8ac-4094-8512-bb37783ca988",
        "x-request-time": "0.263"
      },
      "ResponseBody": {
        "id": "/subscriptions/00000000-0000-0000-0000-000000000/resourceGroups/00000/providers/Microsoft.MachineLearningServices/workspaces/00000/codes/000000000000000000000/versions/1",
        "name": "1",
        "type": "Microsoft.MachineLearningServices/workspaces/codes/versions",
        "properties": {
          "description": null,
          "tags": {},
          "properties": {
            "hash_sha256": "0000000000000",
            "hash_version": "0000000000000"
          },
          "isArchived": false,
          "isAnonymous": false,
          "codeUri": "https://amltest5899420437.blob.core.windows.net:443/0bdd51b6-c-8054a217-e93d-558a-9a18-54696ea542cb/src",
          "provisioningState": "Succeeded"
        },
        "systemData": {
          "createdAt": "2023-05-24T03:11:12.5727482\u002B00:00",
          "createdBy": "Chenyang Zhang",
          "createdByType": "User",
          "lastModifiedAt": "2023-05-24T03:11:12.5727482\u002B00:00",
          "lastModifiedBy": "Chenyang Zhang",
          "lastModifiedByType": "User"
        }
      }
    },
    {
      "RequestUri": "https://management.azure.com/subscriptions/00000000-0000-0000-0000-000000000/resourceGroups/00000/providers/Microsoft.MachineLearningServices/workspaces/00000/codes/000000000000000000000/versions/1?api-version=2023-04-01",
      "RequestMethod": "PUT",
      "RequestHeaders": {
        "Accept": "application/json",
        "Accept-Encoding": "gzip, deflate",
        "Connection": "keep-alive",
        "Content-Length": "246",
        "Content-Type": "application/json",
        "User-Agent": "azure-ai-ml/1.8.0 azsdk-python-mgmt-machinelearningservices/0.1.0 Python/3.8.12 (Windows-10-10.0.22621-SP0)"
      },
      "RequestBody": {
        "properties": {
          "properties": {
            "hash_sha256": "0000000000000",
            "hash_version": "0000000000000"
          },
          "isAnonymous": true,
          "isArchived": false,
          "codeUri": "https://amltest5899420437.blob.core.windows.net:443/0bdd51b6-c-1c5607fe-ac3c-5b46-a21e-79f7ee93a413/src"
        }
      },
      "StatusCode": 201,
      "ResponseHeaders": {
        "Cache-Control": "no-cache",
        "Content-Length": "795",
        "Content-Type": "application/json; charset=utf-8",
        "Date": "Wed, 24 May 2023 03:11:12 GMT",
        "Expires": "-1",
        "Location": "https://management.azure.com/subscriptions/00000000-0000-0000-0000-000000000/resourceGroups/00000/providers/Microsoft.MachineLearningServices/workspaces/00000/codes/000000000000000000000/versions/1?api-version=2023-04-01",
        "Pragma": "no-cache",
        "Request-Context": "appId=cid-v1:2d2e8e63-272e-4b3c-8598-4ee570a0e70d",
        "Server-Timing": "traceparent;desc=\u002200-89c41e0d6ce1b977fc0d49ce197a088a-06c642a4b872c97d-01\u0022",
        "Strict-Transport-Security": "max-age=31536000; includeSubDomains",
        "x-aml-cluster": "vienna-eastus2-02",
        "X-Content-Type-Options": "nosniff",
        "x-ms-correlation-request-id": "5caa69d4-fe65-4457-8625-44bc7b0ade1c",
        "x-ms-ratelimit-remaining-subscription-writes": "1188",
        "x-ms-response-type": "standard",
        "x-ms-routing-request-id": "JAPANEAST:20230524T031112Z:5caa69d4-fe65-4457-8625-44bc7b0ade1c",
        "x-request-time": "0.188"
      },
      "ResponseBody": {
        "id": "/subscriptions/00000000-0000-0000-0000-000000000/resourceGroups/00000/providers/Microsoft.MachineLearningServices/workspaces/00000/codes/000000000000000000000/versions/1",
        "name": "1",
        "type": "Microsoft.MachineLearningServices/workspaces/codes/versions",
        "properties": {
          "description": null,
          "tags": {},
          "properties": {
            "hash_sha256": "0000000000000",
            "hash_version": "0000000000000"
          },
          "isArchived": false,
          "isAnonymous": false,
          "codeUri": "https://amltest5899420437.blob.core.windows.net:443/0bdd51b6-c-1c5607fe-ac3c-5b46-a21e-79f7ee93a413/src",
          "provisioningState": "Succeeded"
        },
        "systemData": {
          "createdAt": "2023-05-24T03:11:12.8227163\u002B00:00",
          "createdBy": "Chenyang Zhang",
          "createdByType": "User",
          "lastModifiedAt": "2023-05-24T03:11:12.8227163\u002B00:00",
          "lastModifiedBy": "Chenyang Zhang",
          "lastModifiedByType": "User"
        }
      }
    },
    {
      "RequestUri": "https://management.azure.com/subscriptions/00000000-0000-0000-0000-000000000/resourceGroups/00000/providers/Microsoft.MachineLearningServices/workspaces/00000/components/azureml_anonymous/versions/4a5e1d10-86ae-33ce-4c3a-87c13005f524?api-version=2022-10-01",
      "RequestMethod": "PUT",
      "RequestHeaders": {
        "Accept": "application/json",
        "Accept-Encoding": "gzip, deflate",
        "Connection": "keep-alive",
        "Content-Length": "961",
        "Content-Type": "application/json",
        "User-Agent": "azure-ai-ml/1.8.0 azsdk-python-mgmt-machinelearningservices/0.1.0 Python/3.8.12 (Windows-10-10.0.22621-SP0)"
      },
      "RequestBody": {
        "properties": {
          "properties": {},
          "tags": {},
          "isAnonymous": true,
          "isArchived": false,
          "componentSpec": {
            "command": "mldesigner execute --source primitive_type_components.py --name basic_component_func --inputs bool_param=${{inputs.bool_param}} int_param=${{inputs.int_param}}  float_param=${{inputs.float_param}} str_param=${{inputs.str_param}}",
            "code": "azureml:/subscriptions/00000000-0000-0000-0000-000000000/resourceGroups/00000/providers/Microsoft.MachineLearningServices/workspaces/00000/codes/000000000000000000000/versions/1",
            "environment": "azureml://registries/azureml/environments/mldesigner/labels/latest",
            "name": "basic_component",
            "$schema": "https://azuremlschemas.azureedge.net/latest/commandComponent.schema.json",
            "is_deterministic": true,
            "inputs": {
              "bool_param": {
                "type": "boolean"
              },
              "int_param": {
                "type": "integer"
              },
              "float_param": {
                "type": "number"
              },
              "str_param": {
                "type": "string"
              }
            },
            "type": "command",
            "_source": "YAML.COMPONENT"
          }
        }
      },
      "StatusCode": 201,
      "ResponseHeaders": {
        "Cache-Control": "no-cache",
        "Content-Length": "1960",
        "Content-Type": "application/json; charset=utf-8",
        "Date": "Wed, 24 May 2023 03:11:15 GMT",
        "Expires": "-1",
        "Location": "https://management.azure.com/subscriptions/00000000-0000-0000-0000-000000000/resourceGroups/00000/providers/Microsoft.MachineLearningServices/workspaces/00000/components/azureml_anonymous/versions/4a5e1d10-86ae-33ce-4c3a-87c13005f524?api-version=2022-10-01",
        "Pragma": "no-cache",
        "Request-Context": "appId=cid-v1:2d2e8e63-272e-4b3c-8598-4ee570a0e70d",
        "Server-Timing": "traceparent;desc=\u002200-9874dc7eb3ff405d57289e866004c392-cc6fed540ddd3763-01\u0022",
        "Strict-Transport-Security": "max-age=31536000; includeSubDomains",
        "x-aml-cluster": "vienna-eastus2-02",
        "X-Content-Type-Options": "nosniff",
        "x-ms-correlation-request-id": "a0fe097d-4357-450f-9e3a-2a220672a1e2",
        "x-ms-ratelimit-remaining-subscription-writes": "1187",
        "x-ms-response-type": "standard",
        "x-ms-routing-request-id": "JAPANEAST:20230524T031115Z:a0fe097d-4357-450f-9e3a-2a220672a1e2",
        "x-request-time": "0.839"
      },
      "ResponseBody": {
        "id": "/subscriptions/00000000-0000-0000-0000-000000000/resourceGroups/00000/providers/Microsoft.MachineLearningServices/workspaces/00000/components/azureml_anonymous/versions/3b2f650a-ef66-4afa-8a3b-03cfe3cd2a16",
        "name": "3b2f650a-ef66-4afa-8a3b-03cfe3cd2a16",
        "type": "Microsoft.MachineLearningServices/workspaces/components/versions",
        "properties": {
          "description": null,
          "tags": {},
          "properties": {},
          "isArchived": false,
          "isAnonymous": true,
          "componentSpec": {
            "$schema": "https://azuremlschemas.azureedge.net/latest/commandComponent.schema.json",
            "name": "basic_component",
            "is_deterministic": "True",
            "type": "command",
            "inputs": {
              "bool_param": {
                "type": "boolean",
                "optional": "False"
              },
              "int_param": {
                "type": "integer",
                "optional": "False"
              },
              "float_param": {
                "type": "number",
                "optional": "False"
              },
              "str_param": {
                "type": "string",
                "optional": "False"
              }
            },
            "code": "azureml:/subscriptions/00000000-0000-0000-0000-000000000/resourceGroups/00000/providers/Microsoft.MachineLearningServices/workspaces/00000/codes/000000000000000000000/versions/1",
            "environment": "azureml://registries/azureml/environments/mldesigner/versions/6",
            "resources": {
              "instance_count": "1"
            },
            "command": "mldesigner execute --source primitive_type_components.py --name basic_component_func --inputs bool_param=${{inputs.bool_param}} int_param=${{inputs.int_param}}  float_param=${{inputs.float_param}} str_param=${{inputs.str_param}}"
          }
        },
        "systemData": {
          "createdAt": "2023-05-24T03:11:15.2020208\u002B00:00",
          "createdBy": "Chenyang Zhang",
          "createdByType": "User",
          "lastModifiedAt": "2023-05-24T03:11:15.2020208\u002B00:00",
          "lastModifiedBy": "Chenyang Zhang",
          "lastModifiedByType": "User"
        }
      }
    },
    {
      "RequestUri": "https://management.azure.com/subscriptions/00000000-0000-0000-0000-000000000/resourceGroups/00000/providers/Microsoft.MachineLearningServices/workspaces/00000/components/azureml_anonymous/versions/ebc1bf01-b0d7-8e74-c963-bd2785c9a111?api-version=2022-10-01",
      "RequestMethod": "PUT",
      "RequestHeaders": {
        "Accept": "application/json",
        "Accept-Encoding": "gzip, deflate",
        "Connection": "keep-alive",
        "Content-Length": "784",
        "Content-Type": "application/json",
        "User-Agent": "azure-ai-ml/1.8.0 azsdk-python-mgmt-machinelearningservices/0.1.0 Python/3.8.12 (Windows-10-10.0.22621-SP0)"
      },
      "RequestBody": {
        "properties": {
          "properties": {},
          "tags": {},
          "isAnonymous": true,
          "isArchived": false,
          "componentSpec": {
            "command": "mldesigner execute --source primitive_type_components.py --name component_with_string_output --outputs output=${{outputs.output}}",
            "code": "azureml:/subscriptions/00000000-0000-0000-0000-000000000/resourceGroups/00000/providers/Microsoft.MachineLearningServices/workspaces/00000/codes/000000000000000000000/versions/1",
            "environment": "azureml://registries/azureml/environments/mldesigner/labels/latest",
            "name": "component_return_string",
            "$schema": "https://azuremlschemas.azureedge.net/latest/commandComponent.schema.json",
            "is_deterministic": true,
            "outputs": {
              "output": {
                "type": "string",
                "is_control": true
              }
            },
            "type": "command",
            "_source": "YAML.COMPONENT"
          }
        }
      },
      "StatusCode": 201,
      "ResponseHeaders": {
        "Cache-Control": "no-cache",
        "Content-Length": "1587",
        "Content-Type": "application/json; charset=utf-8",
        "Date": "Wed, 24 May 2023 03:11:14 GMT",
        "Expires": "-1",
        "Location": "https://management.azure.com/subscriptions/00000000-0000-0000-0000-000000000/resourceGroups/00000/providers/Microsoft.MachineLearningServices/workspaces/00000/components/azureml_anonymous/versions/ebc1bf01-b0d7-8e74-c963-bd2785c9a111?api-version=2022-10-01",
        "Pragma": "no-cache",
        "Request-Context": "appId=cid-v1:2d2e8e63-272e-4b3c-8598-4ee570a0e70d",
        "Server-Timing": "traceparent;desc=\u002200-2a28e5dad65bc8823704b40c1489d1c7-fad3e4ec8381e3bb-01\u0022",
        "Strict-Transport-Security": "max-age=31536000; includeSubDomains",
        "x-aml-cluster": "vienna-eastus2-01",
        "X-Content-Type-Options": "nosniff",
        "x-ms-correlation-request-id": "fa1be88a-aca7-4252-8538-73f00438c871",
        "x-ms-ratelimit-remaining-subscription-writes": "1197",
        "x-ms-response-type": "standard",
        "x-ms-routing-request-id": "JAPANEAST:20230524T031115Z:fa1be88a-aca7-4252-8538-73f00438c871",
        "x-request-time": "0.632"
      },
      "ResponseBody": {
        "id": "/subscriptions/00000000-0000-0000-0000-000000000/resourceGroups/00000/providers/Microsoft.MachineLearningServices/workspaces/00000/components/azureml_anonymous/versions/bffbc612-20b1-4d67-a740-b10cc345e356",
        "name": "bffbc612-20b1-4d67-a740-b10cc345e356",
        "type": "Microsoft.MachineLearningServices/workspaces/components/versions",
        "properties": {
          "description": null,
          "tags": {},
          "properties": {},
          "isArchived": false,
          "isAnonymous": true,
          "componentSpec": {
            "$schema": "https://azuremlschemas.azureedge.net/latest/commandComponent.schema.json",
            "name": "component_return_string",
            "is_deterministic": "True",
            "type": "command",
            "outputs": {
              "output": {
                "type": "string",
                "is_control": "True"
              }
            },
            "code": "azureml:/subscriptions/00000000-0000-0000-0000-000000000/resourceGroups/00000/providers/Microsoft.MachineLearningServices/workspaces/00000/codes/000000000000000000000/versions/1",
            "environment": "azureml://registries/azureml/environments/mldesigner/versions/6",
            "resources": {
              "instance_count": "1"
            },
            "command": "mldesigner execute --source primitive_type_components.py --name component_with_string_output --outputs output=${{outputs.output}}"
          }
        },
        "systemData": {
          "createdAt": "2023-05-24T03:11:15.2639632\u002B00:00",
          "createdBy": "Chenyang Zhang",
          "createdByType": "User",
          "lastModifiedAt": "2023-05-24T03:11:15.2639632\u002B00:00",
          "lastModifiedBy": "Chenyang Zhang",
          "lastModifiedByType": "User"
        }
      }
    },
    {
      "RequestUri": "https://management.azure.com/subscriptions/00000000-0000-0000-0000-000000000/resourceGroups/00000/providers/Microsoft.MachineLearningServices/workspaces/00000/components/azureml_anonymous/versions/693cea1c-cfaa-9054-1ed9-00027ed4b228?api-version=2022-10-01",
      "RequestMethod": "PUT",
      "RequestHeaders": {
        "Accept": "application/json",
        "Accept-Encoding": "gzip, deflate",
        "Connection": "keep-alive",
        "Content-Length": "784",
        "Content-Type": "application/json",
        "User-Agent": "azure-ai-ml/1.8.0 azsdk-python-mgmt-machinelearningservices/0.1.0 Python/3.8.12 (Windows-10-10.0.22621-SP0)"
      },
      "RequestBody": {
        "properties": {
          "properties": {},
          "tags": {},
          "isAnonymous": true,
          "isArchived": false,
          "componentSpec": {
            "command": "mldesigner execute --source primitive_type_components.py --name component_with_number_output --outputs output=${{outputs.output}}",
            "code": "azureml:/subscriptions/00000000-0000-0000-0000-000000000/resourceGroups/00000/providers/Microsoft.MachineLearningServices/workspaces/00000/codes/000000000000000000000/versions/1",
            "environment": "azureml://registries/azureml/environments/mldesigner/labels/latest",
            "name": "component_return_number",
            "$schema": "https://azuremlschemas.azureedge.net/latest/commandComponent.schema.json",
            "is_deterministic": true,
            "outputs": {
              "output": {
                "type": "number",
                "is_control": true
              }
            },
            "type": "command",
            "_source": "YAML.COMPONENT"
          }
        }
      },
      "StatusCode": 201,
      "ResponseHeaders": {
        "Cache-Control": "no-cache",
        "Content-Length": "1587",
        "Content-Type": "application/json; charset=utf-8",
        "Date": "Wed, 24 May 2023 03:11:15 GMT",
        "Expires": "-1",
        "Location": "https://management.azure.com/subscriptions/00000000-0000-0000-0000-000000000/resourceGroups/00000/providers/Microsoft.MachineLearningServices/workspaces/00000/components/azureml_anonymous/versions/693cea1c-cfaa-9054-1ed9-00027ed4b228?api-version=2022-10-01",
        "Pragma": "no-cache",
        "Request-Context": "appId=cid-v1:2d2e8e63-272e-4b3c-8598-4ee570a0e70d",
        "Server-Timing": "traceparent;desc=\u002200-cc3f3d74be0792fe5e881319dcccc1fe-bf4cec9b9db9ea4b-01\u0022",
        "Strict-Transport-Security": "max-age=31536000; includeSubDomains",
        "x-aml-cluster": "vienna-eastus2-02",
        "X-Content-Type-Options": "nosniff",
        "x-ms-correlation-request-id": "bc474563-73f5-4fb5-baa8-1f14e4f205b0",
        "x-ms-ratelimit-remaining-subscription-writes": "1197",
        "x-ms-response-type": "standard",
        "x-ms-routing-request-id": "JAPANEAST:20230524T031115Z:bc474563-73f5-4fb5-baa8-1f14e4f205b0",
        "x-request-time": "0.606"
      },
      "ResponseBody": {
        "id": "/subscriptions/00000000-0000-0000-0000-000000000/resourceGroups/00000/providers/Microsoft.MachineLearningServices/workspaces/00000/components/azureml_anonymous/versions/dd91a25c-edd4-4994-b5f0-a831b5fa5191",
        "name": "dd91a25c-edd4-4994-b5f0-a831b5fa5191",
        "type": "Microsoft.MachineLearningServices/workspaces/components/versions",
        "properties": {
          "description": null,
          "tags": {},
          "properties": {},
          "isArchived": false,
          "isAnonymous": true,
          "componentSpec": {
            "$schema": "https://azuremlschemas.azureedge.net/latest/commandComponent.schema.json",
            "name": "component_return_number",
            "is_deterministic": "True",
            "type": "command",
            "outputs": {
              "output": {
                "type": "number",
                "is_control": "True"
              }
            },
            "code": "azureml:/subscriptions/00000000-0000-0000-0000-000000000/resourceGroups/00000/providers/Microsoft.MachineLearningServices/workspaces/00000/codes/000000000000000000000/versions/1",
            "environment": "azureml://registries/azureml/environments/mldesigner/versions/6",
            "resources": {
              "instance_count": "1"
            },
            "command": "mldesigner execute --source primitive_type_components.py --name component_with_number_output --outputs output=${{outputs.output}}"
          }
        },
        "systemData": {
          "createdAt": "2023-05-24T03:11:15.2715982\u002B00:00",
          "createdBy": "Chenyang Zhang",
          "createdByType": "User",
          "lastModifiedAt": "2023-05-24T03:11:15.2715982\u002B00:00",
          "lastModifiedBy": "Chenyang Zhang",
          "lastModifiedByType": "User"
        }
      }
    },
    {
      "RequestUri": "https://management.azure.com/subscriptions/00000000-0000-0000-0000-000000000/resourceGroups/00000/providers/Microsoft.MachineLearningServices/workspaces/00000/components/azureml_anonymous/versions/83e00103-3a83-f1ec-4453-b7e9c2918a8b?api-version=2022-10-01",
      "RequestMethod": "PUT",
      "RequestHeaders": {
        "Accept": "application/json",
        "Accept-Encoding": "gzip, deflate",
        "Connection": "keep-alive",
        "Content-Length": "787",
        "Content-Type": "application/json",
        "User-Agent": "azure-ai-ml/1.8.0 azsdk-python-mgmt-machinelearningservices/0.1.0 Python/3.8.12 (Windows-10-10.0.22621-SP0)"
      },
      "RequestBody": {
        "properties": {
          "properties": {},
          "tags": {},
          "isAnonymous": true,
          "isArchived": false,
          "componentSpec": {
            "command": "mldesigner execute --source primitive_type_components.py --name component_with_integer_output --outputs output=${{outputs.output}}",
            "code": "azureml:/subscriptions/00000000-0000-0000-0000-000000000/resourceGroups/00000/providers/Microsoft.MachineLearningServices/workspaces/00000/codes/000000000000000000000/versions/1",
            "environment": "azureml://registries/azureml/environments/mldesigner/labels/latest",
            "name": "component_return_integer",
            "$schema": "https://azuremlschemas.azureedge.net/latest/commandComponent.schema.json",
            "is_deterministic": true,
            "outputs": {
              "output": {
                "type": "integer",
                "is_control": true
              }
            },
            "type": "command",
            "_source": "YAML.COMPONENT"
          }
        }
      },
      "StatusCode": 201,
      "ResponseHeaders": {
        "Cache-Control": "no-cache",
        "Content-Length": "1590",
        "Content-Type": "application/json; charset=utf-8",
        "Date": "Wed, 24 May 2023 03:11:14 GMT",
        "Expires": "-1",
        "Location": "https://management.azure.com/subscriptions/00000000-0000-0000-0000-000000000/resourceGroups/00000/providers/Microsoft.MachineLearningServices/workspaces/00000/components/azureml_anonymous/versions/83e00103-3a83-f1ec-4453-b7e9c2918a8b?api-version=2022-10-01",
        "Pragma": "no-cache",
        "Request-Context": "appId=cid-v1:2d2e8e63-272e-4b3c-8598-4ee570a0e70d",
        "Server-Timing": "traceparent;desc=\u002200-703bd304b54c5bdbcefe8a81f7bd57b0-e498606164cde101-01\u0022",
        "Strict-Transport-Security": "max-age=31536000; includeSubDomains",
        "x-aml-cluster": "vienna-eastus2-01",
        "X-Content-Type-Options": "nosniff",
        "x-ms-correlation-request-id": "037b83cd-d0a1-44bb-911e-9e2f26cb7918",
        "x-ms-ratelimit-remaining-subscription-writes": "1197",
        "x-ms-response-type": "standard",
        "x-ms-routing-request-id": "JAPANEAST:20230524T031115Z:037b83cd-d0a1-44bb-911e-9e2f26cb7918",
        "x-request-time": "0.632"
      },
      "ResponseBody": {
        "id": "/subscriptions/00000000-0000-0000-0000-000000000/resourceGroups/00000/providers/Microsoft.MachineLearningServices/workspaces/00000/components/azureml_anonymous/versions/94c60581-2d31-45ea-9eb4-6e07fa8ad71f",
        "name": "94c60581-2d31-45ea-9eb4-6e07fa8ad71f",
        "type": "Microsoft.MachineLearningServices/workspaces/components/versions",
        "properties": {
          "description": null,
          "tags": {},
          "properties": {},
          "isArchived": false,
          "isAnonymous": true,
          "componentSpec": {
            "$schema": "https://azuremlschemas.azureedge.net/latest/commandComponent.schema.json",
            "name": "component_return_integer",
            "is_deterministic": "True",
            "type": "command",
            "outputs": {
              "output": {
                "type": "integer",
                "is_control": "True"
              }
            },
            "code": "azureml:/subscriptions/00000000-0000-0000-0000-000000000/resourceGroups/00000/providers/Microsoft.MachineLearningServices/workspaces/00000/codes/000000000000000000000/versions/1",
            "environment": "azureml://registries/azureml/environments/mldesigner/versions/6",
            "resources": {
              "instance_count": "1"
            },
            "command": "mldesigner execute --source primitive_type_components.py --name component_with_integer_output --outputs output=${{outputs.output}}"
          }
        },
        "systemData": {
          "createdAt": "2023-05-24T03:11:15.2502929\u002B00:00",
          "createdBy": "Chenyang Zhang",
          "createdByType": "User",
          "lastModifiedAt": "2023-05-24T03:11:15.2502929\u002B00:00",
          "lastModifiedBy": "Chenyang Zhang",
          "lastModifiedByType": "User"
        }
      }
    },
    {
      "RequestUri": "https://management.azure.com/subscriptions/00000000-0000-0000-0000-000000000/resourceGroups/00000/providers/Microsoft.MachineLearningServices/workspaces/00000/components/azureml_anonymous/versions/e5ec4a60-9c81-feda-6a93-29aa3db5d1ad?api-version=2022-10-01",
      "RequestMethod": "PUT",
      "RequestHeaders": {
        "Accept": "application/json",
        "Accept-Encoding": "gzip, deflate",
        "Connection": "keep-alive",
        "Content-Length": "787",
        "Content-Type": "application/json",
        "User-Agent": "azure-ai-ml/1.8.0 azsdk-python-mgmt-machinelearningservices/0.1.0 Python/3.8.12 (Windows-10-10.0.22621-SP0)"
      },
      "RequestBody": {
        "properties": {
          "properties": {},
          "tags": {},
          "isAnonymous": true,
          "isArchived": false,
          "componentSpec": {
            "command": "mldesigner execute --source primitive_type_components.py --name component_with_boolean_output --outputs output=${{outputs.output}}",
            "code": "azureml:/subscriptions/00000000-0000-0000-0000-000000000/resourceGroups/00000/providers/Microsoft.MachineLearningServices/workspaces/00000/codes/000000000000000000000/versions/1",
            "environment": "azureml://registries/azureml/environments/mldesigner/labels/latest",
            "name": "component_return_boolean",
            "$schema": "https://azuremlschemas.azureedge.net/latest/commandComponent.schema.json",
            "is_deterministic": true,
            "outputs": {
              "output": {
                "type": "boolean",
                "is_control": true
              }
            },
            "type": "command",
            "_source": "YAML.COMPONENT"
          }
        }
      },
      "StatusCode": 201,
      "ResponseHeaders": {
        "Cache-Control": "no-cache",
        "Content-Length": "1590",
        "Content-Type": "application/json; charset=utf-8",
        "Date": "Wed, 24 May 2023 03:11:14 GMT",
        "Expires": "-1",
        "Location": "https://management.azure.com/subscriptions/00000000-0000-0000-0000-000000000/resourceGroups/00000/providers/Microsoft.MachineLearningServices/workspaces/00000/components/azureml_anonymous/versions/e5ec4a60-9c81-feda-6a93-29aa3db5d1ad?api-version=2022-10-01",
        "Pragma": "no-cache",
        "Request-Context": "appId=cid-v1:2d2e8e63-272e-4b3c-8598-4ee570a0e70d",
        "Server-Timing": "traceparent;desc=\u002200-8421edb8cef742a6a2f744337a5bc02d-0b7e64a4e6ee2b5f-01\u0022",
        "Strict-Transport-Security": "max-age=31536000; includeSubDomains",
        "x-aml-cluster": "vienna-eastus2-02",
        "X-Content-Type-Options": "nosniff",
        "x-ms-correlation-request-id": "c6326b60-1cf3-4514-a573-da74fa6aeb91",
        "x-ms-ratelimit-remaining-subscription-writes": "1197",
        "x-ms-response-type": "standard",
        "x-ms-routing-request-id": "JAPANEAST:20230524T031115Z:c6326b60-1cf3-4514-a573-da74fa6aeb91",
        "x-request-time": "0.702"
      },
      "ResponseBody": {
        "id": "/subscriptions/00000000-0000-0000-0000-000000000/resourceGroups/00000/providers/Microsoft.MachineLearningServices/workspaces/00000/components/azureml_anonymous/versions/19b53492-4bf1-403b-af45-46cfd6719bf0",
        "name": "19b53492-4bf1-403b-af45-46cfd6719bf0",
        "type": "Microsoft.MachineLearningServices/workspaces/components/versions",
        "properties": {
          "description": null,
          "tags": {},
          "properties": {},
          "isArchived": false,
          "isAnonymous": true,
          "componentSpec": {
            "$schema": "https://azuremlschemas.azureedge.net/latest/commandComponent.schema.json",
            "name": "component_return_boolean",
            "is_deterministic": "True",
            "type": "command",
            "outputs": {
              "output": {
                "type": "boolean",
                "is_control": "True"
              }
            },
            "code": "azureml:/subscriptions/00000000-0000-0000-0000-000000000/resourceGroups/00000/providers/Microsoft.MachineLearningServices/workspaces/00000/codes/000000000000000000000/versions/1",
            "environment": "azureml://registries/azureml/environments/mldesigner/versions/6",
            "resources": {
              "instance_count": "1"
            },
            "command": "mldesigner execute --source primitive_type_components.py --name component_with_boolean_output --outputs output=${{outputs.output}}"
          }
        },
        "systemData": {
          "createdAt": "2023-05-24T03:11:15.5626805\u002B00:00",
          "createdBy": "Chenyang Zhang",
          "createdByType": "User",
          "lastModifiedAt": "2023-05-24T03:11:15.5626805\u002B00:00",
          "lastModifiedBy": "Chenyang Zhang",
          "lastModifiedByType": "User"
        }
      }
    },
    {
      "RequestUri": "https://management.azure.com/subscriptions/00000000-0000-0000-0000-000000000/resourceGroups/00000/providers/Microsoft.MachineLearningServices/workspaces/00000/components/azureml_anonymous/versions/8ace29b0-6566-6458-8a6a-8516ce395b64?api-version=2022-10-01",
      "RequestMethod": "PUT",
      "RequestHeaders": {
        "Accept": "application/json",
        "Accept-Encoding": "gzip, deflate",
        "Connection": "keep-alive",
        "Content-Length": "1081",
        "Content-Type": "application/json",
        "User-Agent": "azure-ai-ml/1.8.0 azsdk-python-mgmt-machinelearningservices/0.1.0 Python/3.8.12 (Windows-10-10.0.22621-SP0)"
      },
      "RequestBody": {
        "properties": {
          "properties": {},
          "tags": {},
          "isAnonymous": true,
          "isArchived": false,
          "componentSpec": {
            "name": "pipeline_component_func",
            "display_name": "pipeline_component_func",
            "inputs": {
              "bool_param": {
                "type": "boolean"
              },
              "int_param": {
                "type": "integer"
              },
              "float_param": {
                "type": "number"
              },
              "str_param": {
                "type": "string"
              }
            },
            "type": "pipeline",
            "jobs": {
              "basic_component": {
                "name": "basic_component",
                "type": "command",
                "inputs": {
                  "bool_param": {
                    "job_input_type": "literal",
                    "value": "${{parent.inputs.bool_param}}"
                  },
                  "int_param": {
                    "job_input_type": "literal",
                    "value": "${{parent.inputs.int_param}}"
                  },
                  "float_param": {
                    "job_input_type": "literal",
                    "value": "${{parent.inputs.float_param}}"
                  },
                  "str_param": {
                    "job_input_type": "literal",
                    "value": "${{parent.inputs.str_param}}"
                  }
                },
                "_source": "YAML.COMPONENT",
                "componentId": "/subscriptions/00000000-0000-0000-0000-000000000/resourceGroups/00000/providers/Microsoft.MachineLearningServices/workspaces/00000/components/azureml_anonymous/versions/3b2f650a-ef66-4afa-8a3b-03cfe3cd2a16"
              }
            },
            "_source": "DSL",
            "sourceJobId": null
          }
        }
      },
      "StatusCode": 201,
      "ResponseHeaders": {
        "Cache-Control": "no-cache",
        "Content-Length": "1334",
        "Content-Type": "application/json; charset=utf-8",
        "Date": "Wed, 24 May 2023 03:11:16 GMT",
        "Expires": "-1",
        "Location": "https://management.azure.com/subscriptions/00000000-0000-0000-0000-000000000/resourceGroups/00000/providers/Microsoft.MachineLearningServices/workspaces/00000/components/azureml_anonymous/versions/8ace29b0-6566-6458-8a6a-8516ce395b64?api-version=2022-10-01",
        "Pragma": "no-cache",
        "Request-Context": "appId=cid-v1:2d2e8e63-272e-4b3c-8598-4ee570a0e70d",
        "Server-Timing": "traceparent;desc=\u002200-cbf9f40081b4e3f9ce7a58e3d1088ca2-655a048f8b767d50-01\u0022",
        "Strict-Transport-Security": "max-age=31536000; includeSubDomains",
        "x-aml-cluster": "vienna-eastus2-02",
        "X-Content-Type-Options": "nosniff",
        "x-ms-correlation-request-id": "6f22935b-5bde-4a69-ad16-17b87837edb0",
        "x-ms-ratelimit-remaining-subscription-writes": "1196",
        "x-ms-response-type": "standard",
        "x-ms-routing-request-id": "JAPANEAST:20230524T031116Z:6f22935b-5bde-4a69-ad16-17b87837edb0",
        "x-request-time": "0.672"
      },
      "ResponseBody": {
        "id": "/subscriptions/00000000-0000-0000-0000-000000000/resourceGroups/00000/providers/Microsoft.MachineLearningServices/workspaces/00000/components/azureml_anonymous/versions/e90fcb18-7337-440e-a6fe-959d86d8675c",
        "name": "e90fcb18-7337-440e-a6fe-959d86d8675c",
        "type": "Microsoft.MachineLearningServices/workspaces/components/versions",
        "properties": {
          "description": null,
          "tags": {},
          "properties": {},
          "isArchived": false,
          "isAnonymous": true,
          "componentSpec": {
            "name": "pipeline_component_func",
            "display_name": "pipeline_component_func",
            "is_deterministic": "False",
            "type": "pipeline",
            "inputs": {
              "bool_param": {
                "type": "boolean",
                "optional": "False"
              },
              "int_param": {
                "type": "integer",
                "optional": "False"
              },
              "float_param": {
                "type": "number",
                "optional": "False"
              },
              "str_param": {
                "type": "string",
                "optional": "False"
              }
            }
          }
        },
        "systemData": {
          "createdAt": "2023-05-24T03:11:16.7875425\u002B00:00",
          "createdBy": "Chenyang Zhang",
          "createdByType": "User",
          "lastModifiedAt": "2023-05-24T03:11:16.7875425\u002B00:00",
          "lastModifiedBy": "Chenyang Zhang",
          "lastModifiedByType": "User"
        }
      }
    },
    {
      "RequestUri": "https://management.azure.com/subscriptions/00000000-0000-0000-0000-000000000/resourceGroups/00000/providers/Microsoft.MachineLearningServices/workspaces/00000/jobs/000000000000000000000?api-version=2023-04-01-preview",
      "RequestMethod": "PUT",
      "RequestHeaders": {
        "Accept": "application/json",
        "Accept-Encoding": "gzip, deflate",
        "Connection": "keep-alive",
        "Content-Length": "2342",
        "Content-Type": "application/json",
        "User-Agent": "azure-ai-ml/1.8.0 azsdk-python-mgmt-machinelearningservices/0.1.0 Python/3.8.12 (Windows-10-10.0.22621-SP0)"
      },
      "RequestBody": {
        "properties": {
          "properties": {},
          "tags": {},
          "displayName": "pipeline_func",
          "experimentName": "azure-ai-ml",
          "isArchived": false,
          "jobType": "Pipeline",
          "inputs": {},
          "jobs": {
            "bool_node": {
              "name": "bool_node",
              "type": "command",
              "_source": "YAML.COMPONENT",
              "componentId": "/subscriptions/00000000-0000-0000-0000-000000000/resourceGroups/00000/providers/Microsoft.MachineLearningServices/workspaces/00000/components/azureml_anonymous/versions/19b53492-4bf1-403b-af45-46cfd6719bf0"
            },
            "int_node": {
              "name": "int_node",
              "type": "command",
              "_source": "YAML.COMPONENT",
              "componentId": "/subscriptions/00000000-0000-0000-0000-000000000/resourceGroups/00000/providers/Microsoft.MachineLearningServices/workspaces/00000/components/azureml_anonymous/versions/94c60581-2d31-45ea-9eb4-6e07fa8ad71f"
            },
            "float_node": {
              "name": "float_node",
              "type": "command",
              "_source": "YAML.COMPONENT",
              "componentId": "/subscriptions/00000000-0000-0000-0000-000000000/resourceGroups/00000/providers/Microsoft.MachineLearningServices/workspaces/00000/components/azureml_anonymous/versions/dd91a25c-edd4-4994-b5f0-a831b5fa5191"
            },
            "str_node": {
              "name": "str_node",
              "type": "command",
              "_source": "YAML.COMPONENT",
              "componentId": "/subscriptions/00000000-0000-0000-0000-000000000/resourceGroups/00000/providers/Microsoft.MachineLearningServices/workspaces/00000/components/azureml_anonymous/versions/bffbc612-20b1-4d67-a740-b10cc345e356"
            },
            "pipeline_node": {
              "name": "pipeline_node",
              "type": "pipeline",
              "inputs": {
                "bool_param": {
                  "job_input_type": "literal",
                  "value": "${{parent.jobs.bool_node.outputs.output}}"
                },
                "int_param": {
                  "job_input_type": "literal",
                  "value": "${{parent.jobs.int_node.outputs.output}}"
                },
                "float_param": {
                  "job_input_type": "literal",
                  "value": "${{parent.jobs.float_node.outputs.output}}"
                },
                "str_param": {
                  "job_input_type": "literal",
                  "value": "${{parent.jobs.str_node.outputs.output}}"
                }
              },
              "_source": "DSL",
              "componentId": "/subscriptions/00000000-0000-0000-0000-000000000/resourceGroups/00000/providers/Microsoft.MachineLearningServices/workspaces/00000/components/azureml_anonymous/versions/e90fcb18-7337-440e-a6fe-959d86d8675c"
            }
          },
          "outputs": {},
          "settings": {
            "default_compute": "/subscriptions/00000000-0000-0000-0000-000000000/resourceGroups/00000/providers/Microsoft.MachineLearningServices/workspaces/00000/computes/cpu-cluster",
            "_source": "DSL"
          }
        }
      },
      "StatusCode": 201,
      "ResponseHeaders": {
        "Cache-Control": "no-cache",
        "Content-Length": "4762",
        "Content-Type": "application/json; charset=utf-8",
        "Date": "Wed, 24 May 2023 03:11:23 GMT",
        "Expires": "-1",
        "Location": "https://management.azure.com/subscriptions/00000000-0000-0000-0000-000000000/resourceGroups/00000/providers/Microsoft.MachineLearningServices/workspaces/00000/jobs/000000000000000000000?api-version=2023-04-01-preview",
        "Pragma": "no-cache",
        "Request-Context": "appId=cid-v1:2d2e8e63-272e-4b3c-8598-4ee570a0e70d",
        "Server-Timing": "traceparent;desc=\u002200-c9999cfcc34087f802ea2e624f9829dd-4d9ab49b999d79d9-01\u0022",
        "Strict-Transport-Security": "max-age=31536000; includeSubDomains",
        "x-aml-cluster": "vienna-eastus2-02",
        "X-Content-Type-Options": "nosniff",
        "x-ms-correlation-request-id": "ee38c135-1c99-4310-9c97-0f9191c47d9c",
        "x-ms-ratelimit-remaining-subscription-writes": "1195",
        "x-ms-response-type": "standard",
        "x-ms-routing-request-id": "JAPANEAST:20230524T031124Z:ee38c135-1c99-4310-9c97-0f9191c47d9c",
        "x-request-time": "5.560"
      },
      "ResponseBody": {
        "id": "/subscriptions/00000000-0000-0000-0000-000000000/resourceGroups/00000/providers/Microsoft.MachineLearningServices/workspaces/00000/jobs/000000000000000000000",
        "name": "000000000000000000000",
        "type": "Microsoft.MachineLearningServices/workspaces/jobs",
        "properties": {
          "description": null,
          "tags": {},
          "properties": {
            "azureml.DevPlatv2": "true",
            "azureml.DatasetAccessMode": "Asset",
            "azureml.runsource": "azureml.PipelineRun",
            "runSource": "MFE",
            "runType": "HTTP",
            "azureml.parameters": "{}",
            "azureml.continue_on_step_failure": "True",
            "azureml.continue_on_failed_optional_input": "True",
            "azureml.enforceRerun": "False",
            "azureml.defaultComputeName": "cpu-cluster",
            "azureml.defaultDataStoreName": "workspaceblobstore",
            "azureml.pipelineComponent": "pipelinerun"
          },
          "displayName": "pipeline_func",
          "status": "Preparing",
          "experimentName": "azure-ai-ml",
          "services": {
            "Tracking": {
              "jobServiceType": "Tracking",
              "port": null,
              "endpoint": "azureml://eastus2.api.azureml.ms/mlflow/v1.0/subscriptions/00000000-0000-0000-0000-000000000/resourceGroups/00000/providers/Microsoft.MachineLearningServices/workspaces/00000?",
              "status": null,
              "errorMessage": null,
              "properties": null,
              "nodes": null
            },
            "Studio": {
              "jobServiceType": "Studio",
              "port": null,
              "endpoint": "https://ml.azure.com/runs/000000000000000000000?wsid=/subscriptions/00000000-0000-0000-0000-000000000/resourcegroups/00000/workspaces/00000",
              "status": null,
              "errorMessage": null,
              "properties": null,
              "nodes": null
            }
          },
          "computeId": null,
          "isArchived": false,
          "identity": null,
          "componentId": null,
          "notificationSetting": null,
          "secretsConfiguration": null,
          "jobType": "Pipeline",
          "settings": {
            "default_compute": "/subscriptions/00000000-0000-0000-0000-000000000/resourceGroups/00000/providers/Microsoft.MachineLearningServices/workspaces/00000/computes/cpu-cluster",
            "_source": "DSL"
          },
          "jobs": {
            "bool_node": {
              "name": "bool_node",
              "type": "command",
              "_source": "YAML.COMPONENT",
              "componentId": "/subscriptions/00000000-0000-0000-0000-000000000/resourceGroups/00000/providers/Microsoft.MachineLearningServices/workspaces/00000/components/azureml_anonymous/versions/19b53492-4bf1-403b-af45-46cfd6719bf0"
            },
            "int_node": {
              "name": "int_node",
              "type": "command",
              "_source": "YAML.COMPONENT",
              "componentId": "/subscriptions/00000000-0000-0000-0000-000000000/resourceGroups/00000/providers/Microsoft.MachineLearningServices/workspaces/00000/components/azureml_anonymous/versions/94c60581-2d31-45ea-9eb4-6e07fa8ad71f"
            },
            "float_node": {
              "name": "float_node",
              "type": "command",
              "_source": "YAML.COMPONENT",
              "componentId": "/subscriptions/00000000-0000-0000-0000-000000000/resourceGroups/00000/providers/Microsoft.MachineLearningServices/workspaces/00000/components/azureml_anonymous/versions/dd91a25c-edd4-4994-b5f0-a831b5fa5191"
            },
            "str_node": {
              "name": "str_node",
              "type": "command",
              "_source": "YAML.COMPONENT",
              "componentId": "/subscriptions/00000000-0000-0000-0000-000000000/resourceGroups/00000/providers/Microsoft.MachineLearningServices/workspaces/00000/components/azureml_anonymous/versions/bffbc612-20b1-4d67-a740-b10cc345e356"
            },
            "pipeline_node": {
              "name": "pipeline_node",
              "type": "pipeline",
              "inputs": {
                "bool_param": {
                  "job_input_type": "literal",
                  "value": "${{parent.jobs.bool_node.outputs.output}}"
                },
                "int_param": {
                  "job_input_type": "literal",
                  "value": "${{parent.jobs.int_node.outputs.output}}"
                },
                "float_param": {
                  "job_input_type": "literal",
                  "value": "${{parent.jobs.float_node.outputs.output}}"
                },
                "str_param": {
                  "job_input_type": "literal",
                  "value": "${{parent.jobs.str_node.outputs.output}}"
                }
              },
              "_source": "DSL",
              "componentId": "/subscriptions/00000000-0000-0000-0000-000000000/resourceGroups/00000/providers/Microsoft.MachineLearningServices/workspaces/00000/components/azureml_anonymous/versions/e90fcb18-7337-440e-a6fe-959d86d8675c"
            }
          },
          "inputs": {},
          "outputs": {},
          "sourceJobId": null
        },
        "systemData": {
          "createdAt": "2023-05-24T03:11:24.0403531\u002B00:00",
          "createdBy": "Chenyang Zhang",
          "createdByType": "User"
        }
      }
    },
    {
      "RequestUri": "https://management.azure.com/subscriptions/00000000-0000-0000-0000-000000000/resourceGroups/00000/providers/Microsoft.MachineLearningServices/workspaces/00000/jobs/000000000000000000000/cancel?api-version=2023-04-01-preview",
      "RequestMethod": "POST",
      "RequestHeaders": {
        "Accept": "application/json",
        "Accept-Encoding": "gzip, deflate",
        "Connection": "keep-alive",
        "Content-Length": "0",
        "User-Agent": "azure-ai-ml/1.8.0 azsdk-python-mgmt-machinelearningservices/0.1.0 Python/3.8.12 (Windows-10-10.0.22621-SP0)"
      },
      "RequestBody": null,
      "StatusCode": 202,
      "ResponseHeaders": {
        "Cache-Control": "no-cache",
        "Content-Length": "4",
        "Content-Type": "application/json; charset=utf-8",
        "Date": "Wed, 24 May 2023 03:11:25 GMT",
        "Expires": "-1",
        "Location": "https://management.azure.com/subscriptions/00000000-0000-0000-0000-000000000/providers/Microsoft.MachineLearningServices/locations/eastus2/mfeOperationResults/jc:0bdd51b6-cd9c-4978-b870-99997b393b81:000000000000000000000?api-version=2023-04-01-preview",
        "Pragma": "no-cache",
        "Request-Context": "appId=cid-v1:2d2e8e63-272e-4b3c-8598-4ee570a0e70d",
        "Strict-Transport-Security": "max-age=31536000; includeSubDomains",
        "x-aml-cluster": "vienna-eastus2-02",
        "X-Content-Type-Options": "nosniff",
        "x-ms-async-operation-timeout": "PT1H",
        "x-ms-correlation-request-id": "9e0fd8be-01b6-4952-8ded-b6916eee6585",
        "x-ms-ratelimit-remaining-subscription-writes": "1199",
        "x-ms-response-type": "standard",
        "x-ms-routing-request-id": "JAPANEAST:20230524T031126Z:9e0fd8be-01b6-4952-8ded-b6916eee6585",
        "x-request-time": "0.393"
      },
      "ResponseBody": "null"
    },
    {
      "RequestUri": "https://management.azure.com/subscriptions/00000000-0000-0000-0000-000000000/providers/Microsoft.MachineLearningServices/locations/eastus2/mfeOperationResults/jc:0bdd51b6-cd9c-4978-b870-99997b393b81:000000000000000000000?api-version=2023-04-01-preview",
      "RequestMethod": "GET",
      "RequestHeaders": {
        "Accept": "*/*",
        "Accept-Encoding": "gzip, deflate",
        "Connection": "keep-alive",
        "User-Agent": "azure-ai-ml/1.8.0 azsdk-python-mgmt-machinelearningservices/0.1.0 Python/3.8.12 (Windows-10-10.0.22621-SP0)"
      },
      "RequestBody": null,
      "StatusCode": 200,
      "ResponseHeaders": {
        "Cache-Control": "no-cache",
        "Content-Length": "0",
        "Date": "Wed, 24 May 2023 03:11:26 GMT",
        "Expires": "-1",
        "Pragma": "no-cache",
        "Request-Context": "appId=cid-v1:2d2e8e63-272e-4b3c-8598-4ee570a0e70d",
        "Server-Timing": "traceparent;desc=\u002200-43735817366d422232196cca1002d8b4-c98d2add02450756-00\u0022",
        "Strict-Transport-Security": "max-age=31536000; includeSubDomains",
        "x-aml-cluster": "vienna-eastus2-01",
        "X-Content-Type-Options": "nosniff",
        "x-ms-correlation-request-id": "bc86cf00-d604-404d-b383-dd9ff64bf7ac",
        "x-ms-ratelimit-remaining-subscription-reads": "11998",
        "x-ms-response-type": "standard",
        "x-ms-routing-request-id": "JAPANEAST:20230524T031127Z:bc86cf00-d604-404d-b383-dd9ff64bf7ac",
        "x-request-time": "0.047"
      },
      "ResponseBody": null
    }
  ],
  "Variables": {}
}
