{
  "Entries": [
    {
      "RequestUri": "https://management.azure.com/subscriptions/00000000-0000-0000-0000-000000000/resourceGroups/00000/providers/Microsoft.MachineLearningServices/workspaces/00000?api-version=2022-10-01",
      "RequestMethod": "GET",
      "RequestHeaders": {
        "Accept": "application/json",
        "Accept-Encoding": "gzip, deflate",
        "Connection": "keep-alive",
        "User-Agent": "azure-ai-ml/1.5.0 azsdk-python-mgmt-machinelearningservices/0.1.0 Python/3.7.9 (Windows-10-10.0.22621-SP0)"
      },
      "RequestBody": null,
      "StatusCode": 200,
      "ResponseHeaders": {
        "Cache-Control": "no-cache",
        "Content-Encoding": "gzip",
        "Content-Type": "application/json; charset=utf-8",
        "Date": "Mon, 06 Mar 2023 02:40:32 GMT",
        "Expires": "-1",
        "Pragma": "no-cache",
        "request-context": "appId=cid-v1:512cc15a-13b5-415b-bfd0-dce7accb6bb1",
        "Server-Timing": "traceparent;desc=\u002200-c303a5f3faa1555b627dc8af1c5ac9d9-a96ccb1f88cf8f98-01\u0022",
        "Strict-Transport-Security": "max-age=31536000; includeSubDomains",
        "Transfer-Encoding": "chunked",
        "Vary": [
          "Accept-Encoding",
          "Accept-Encoding"
        ],
        "x-aml-cluster": "vienna-test-westus2-01",
        "X-Content-Type-Options": "nosniff",
        "x-ms-correlation-request-id": "7e44f260-fba2-4460-93b9-180169caaab4",
        "x-ms-ratelimit-remaining-subscription-reads": "11999",
        "x-ms-response-type": "standard",
        "x-ms-routing-request-id": "WESTUS2:20230306T024032Z:7e44f260-fba2-4460-93b9-180169caaab4",
        "x-request-time": "0.011"
      },
      "ResponseBody": {
        "id": "/subscriptions/00000000-0000-0000-0000-000000000/resourceGroups/00000/providers/Microsoft.MachineLearningServices/workspaces/00000",
        "name": "00000",
        "type": "Microsoft.MachineLearningServices/workspaces",
        "location": "centraluseuap",
        "tags": {},
        "etag": null,
        "properties": {
          "friendlyName": "00000",
          "description": "",
          "storageAccount": "/subscriptions/00000000-0000-0000-0000-000000000/resourceGroups/00000/providers/Microsoft.Storage/storageAccounts/sao4t3kk7y2kdxs",
          "keyVault": "/subscriptions/00000000-0000-0000-0000-000000000/resourceGroups/00000/providers/Microsoft.Keyvault/vaults/kvtestyqyt6ben5jtz6",
          "applicationInsights": "/subscriptions/00000000-0000-0000-0000-000000000/resourceGroups/00000/providers/Microsoft.insights/components/aio4t3kk7y2kdxs",
          "hbiWorkspace": false,
          "tenantId": "72f988bf-86f1-41af-91ab-2d7cd011db47",
          "imageBuildCompute": null,
          "provisioningState": "Succeeded",
          "v1LegacyMode": false,
          "softDeleteEnabled": false,
          "containerRegistry": "/subscriptions/00000000-0000-0000-0000-000000000/resourceGroups/00000/providers/Microsoft.ContainerRegistry/registries/cro4t3kk7y2kdxs",
          "creationTime": "2023-03-06T02:27:59.9799414Z",
          "notebookInfo": {
            "resourceId": "0000000-0000-0000-0000-000000000000",
            "fqdn": "ml-sdkvnextc-centraluseuap-25fd3f03-898c-4211-9cc3-9b723a66326c.centraluseuap.notebooks.azure.net",
            "isPrivateLinkEnabled": false,
            "notebookPreparationError": null
          },
          "storageHnsEnabled": false,
          "workspaceId": "25fd3f03-898c-4211-9cc3-9b723a66326c",
          "linkedModelInventoryArmId": null,
          "privateLinkCount": 0,
          "publicNetworkAccess": "Enabled",
          "discoveryUrl": "https://master.api.azureml-test.ms/discovery",
          "mlFlowTrackingUri": "azureml://master.api.azureml-test.ms/mlflow/v1.0/subscriptions/00000000-0000-0000-0000-000000000/resourceGroups/00000/providers/Microsoft.MachineLearningServices/workspaces/00000",
          "sdkTelemetryAppInsightsKey": "0000000-0000-0000-0000-000000000000",
          "sasGetterUri": "",
          "enableDataIsolation": false
        },
        "identity": {
          "type": "SystemAssigned",
          "principalId": "0000000-0000-0000-0000-000000000000",
          "tenantId": "72f988bf-86f1-41af-91ab-2d7cd011db47"
        },
        "kind": "Default",
        "sku": {
          "name": "Basic",
          "tier": "Basic"
        },
        "systemData": {
          "createdAt": "2023-03-06T02:27:59.9799414Z",
          "createdBy": "alias@contoso.com",
          "createdByType": "User",
          "lastModifiedAt": "2023-03-06T02:27:59.9799414Z",
          "lastModifiedBy": "alias@contoso.com",
          "lastModifiedByType": "User"
        }
      }
    },
    {
      "RequestUri": "https://master.api.azureml-test.ms/content/v2.0/subscriptions/00000000-0000-0000-0000-000000000/resourceGroups/00000/providers/Microsoft.MachineLearningServices/workspaces/00000/snapshots/getByHash?hash=ca6459f829642a4a40d03092f6d5b08a2aac512d76d9469bdd20ad0c63f4a65c\u0026hashVersion=202208",
      "RequestMethod": "GET",
      "RequestHeaders": {
        "Accept": "*/*",
        "Accept-Encoding": "gzip, deflate",
        "Connection": "keep-alive",
        "Content-Type": "application/json; charset=UTF-8",
        "User-Agent": "azure-ai-ml/1.5.0 azsdk-python-core/1.26.3 Python/3.7.9 (Windows-10-10.0.22621-SP0)"
      },
      "RequestBody": null,
      "StatusCode": 404,
      "ResponseHeaders": {
        "Connection": "keep-alive",
        "Content-Encoding": "gzip",
        "Content-Type": "application/json; charset=utf-8",
        "Date": "Mon, 06 Mar 2023 02:40:36 GMT",
        "request-context": "appId=cid-v1:512cc15a-13b5-415b-bfd0-dce7accb6bb1",
        "Strict-Transport-Security": "max-age=15724800; includeSubDomains; preload",
        "Transfer-Encoding": "chunked",
        "Vary": "Accept-Encoding",
        "x-aml-cluster": "vienna-test-westus2-01",
        "X-Content-Type-Options": "nosniff",
        "x-ms-response-type": "error",
        "x-request-time": "0.069"
      },
      "ResponseBody": {
        "error": {
          "code": "UserError",
          "severity": null,
          "message": "Snapshot with hash ca6459f829642a4a40d03092f6d5b08a2aac512d76d9469bdd20ad0c63f4a65c was not found",
          "messageFormat": null,
          "messageParameters": null,
          "referenceCode": null,
          "detailsUri": null,
          "target": null,
          "details": [],
          "innerError": {
            "code": "NotFoundError",
            "innerError": null
          },
          "debugInfo": {
            "type": "Common.WebApi.Exceptions.ResourceNotFoundException",
            "message": "Snapshot with hash ca6459f829642a4a40d03092f6d5b08a2aac512d76d9469bdd20ad0c63f4a65c was not found",
            "stackTrace": "   at Microsoft.MachineLearning.ProjectContent.EntryPoints.Controllers.SnapshotControllerV2.GetSnapshotByHash(WorkspaceContext2 workspaceContext, String hash, String hashVersion) in /mnt/vss/_work/1/s/src/azureml-api/src/ProjectContent/EntryPoints/Controllers/SnapshotControllerV2.cs:line 616\n   at lambda_method1127(Closure , Object )\n   at Microsoft.AspNetCore.Mvc.Infrastructure.ActionMethodExecutor.AwaitableObjectResultExecutor.Execute(IActionResultTypeMapper mapper, ObjectMethodExecutor executor, Object controller, Object[] arguments)\n   at Microsoft.AspNetCore.Mvc.Infrastructure.ControllerActionInvoker.\u003CInvokeActionMethodAsync\u003Eg__Logged|12_1(ControllerActionInvoker invoker)\n   at Microsoft.AspNetCore.Mvc.Infrastructure.ControllerActionInvoker.\u003CInvokeNextActionFilterAsync\u003Eg__Awaited|10_0(ControllerActionInvoker invoker, Task lastTask, State next, Scope scope, Object state, Boolean isCompleted)\n   at Microsoft.AspNetCore.Mvc.Infrastructure.ControllerActionInvoker.Rethrow(ActionExecutedContextSealed context)\n   at Microsoft.AspNetCore.Mvc.Infrastructure.ControllerActionInvoker.Next(State\u0026 next, Scope\u0026 scope, Object\u0026 state, Boolean\u0026 isCompleted)\n   at Microsoft.AspNetCore.Mvc.Infrastructure.ControllerActionInvoker.\u003CInvokeInnerFilterAsync\u003Eg__Awaited|13_0(ControllerActionInvoker invoker, Task lastTask, State next, Scope scope, Object state, Boolean isCompleted)\n   at Microsoft.AspNetCore.Mvc.Infrastructure.ResourceInvoker.\u003CInvokeNextExceptionFilterAsync\u003Eg__Awaited|26_0(ResourceInvoker invoker, Task lastTask, State next, Scope scope, Object state, Boolean isCompleted)",
            "innerException": null,
            "data": {},
            "errorResponse": null
          },
          "additionalInfo": null
        },
        "correlation": {
          "operation": "3985ed610bafca9e2de66c0b890d2b5a",
          "request": "8d7efbc62f7dd45b"
        },
        "environment": "master",
        "location": "westus2",
        "time": "2023-03-06T02:40:36.2968621\u002B00:00",
        "componentName": "project"
      }
    },
    {
      "RequestUri": "https://master.api.azureml-test.ms/assetstore/v1.0/temporaryDataReference/createOrGet",
      "RequestMethod": "POST",
      "RequestHeaders": {
        "Accept": "*/*",
        "Accept-Encoding": "gzip, deflate",
        "Connection": "keep-alive",
        "Content-Length": "259",
        "Content-Type": "application/json; charset=UTF-8",
        "User-Agent": "azure-ai-ml/1.5.0 azsdk-python-core/1.26.3 Python/3.7.9 (Windows-10-10.0.22621-SP0)"
      },
      "RequestBody": {
        "assetId": "azureml://locations/centraluseuap/workspaces/25fd3f03-898c-4211-9cc3-9b723a66326c/codes/23a9245f-c7d2-44b7-90db-d9081b6e3581/versions/1",
        "temporaryDataReferenceId": "000000000000000000000",
        "temporaryDataReferenceType": "TemporaryBlobReference"
      },
      "StatusCode": 200,
      "ResponseHeaders": {
        "Connection": "keep-alive",
        "Content-Encoding": "gzip",
        "Content-Type": "application/json; charset=utf-8",
        "Date": "Mon, 06 Mar 2023 02:40:41 GMT",
        "request-context": "appId=cid-v1:512cc15a-13b5-415b-bfd0-dce7accb6bb1",
        "Strict-Transport-Security": "max-age=15724800; includeSubDomains; preload",
        "Transfer-Encoding": "chunked",
        "Vary": "Accept-Encoding",
        "x-aml-cluster": "vienna-test-westus2-01",
        "X-Content-Type-Options": "nosniff",
        "x-ms-response-type": "standard",
        "x-request-time": "0.754"
      },
      "ResponseBody": {
        "blobReferenceForConsumption": {
          "blobUri": "https://sao4t3kk7y2kdxs.blob.core.windows.net:443/25fd3f03-8-4e390bed-cb56-57d1-8a89-ad4d1825df17",
          "storageAccountArmId": "/subscriptions/00000000-0000-0000-0000-000000000/resourceGroups/00000/providers/Microsoft.Storage/storageAccounts/sao4t3kk7y2kdxs",
          "credential": {
            "sasUri": "https://sao4t3kk7y2kdxs.blob.core.windows.net/25fd3f03-8-4e390bed-cb56-57d1-8a89-ad4d1825df17?skoid=e3f42e2c-d581-4b65-a966-631cfa961328\u0026sktid=72f988bf-86f1-41af-91ab-2d7cd011db47\u0026skt=2023-03-06T02%3A20%3A23Z\u0026ske=2023-03-07T10%3A30%3A23Z\u0026sks=b\u0026skv=2019-07-07\u0026sv=2021-08-06\u0026st=2023-03-06T02%3A30%3A41Z\u0026se=2023-03-06T10%3A40%3A41Z\u0026sr=c\u0026sp=rcwl\u0026sig=000000000000000000000000000000000000",
            "wasbsUri": null,
            "credentialType": "SAS"
          }
        },
        "imageReferenceForConsumption": null,
        "temporaryDataReferenceId": "000000000000000000000",
        "temporaryDataReferenceType": null
      }
    },
    {
      "RequestUri": "https://sao4t3kk7y2kdxs.blob.core.windows.net/25fd3f03-8-4e390bed-cb56-57d1-8a89-ad4d1825df17/src/convert_data.py?skoid=e3f42e2c-d581-4b65-a966-631cfa961328\u0026sktid=72f988bf-86f1-41af-91ab-2d7cd011db47\u0026skt=2023-03-06T02%3A20%3A23Z\u0026ske=2023-03-07T10%3A30%3A23Z\u0026sks=b\u0026skv=2019-07-07\u0026sv=2021-08-06\u0026st=2023-03-06T02%3A30%3A41Z\u0026se=2023-03-06T10%3A40%3A41Z\u0026sr=c\u0026sp=rcwl\u0026sig=000000000000000000000000000000000000",
      "RequestMethod": "HEAD",
      "RequestHeaders": {
        "Accept": "application/xml",
        "Accept-Encoding": "gzip, deflate",
        "Connection": "keep-alive",
        "User-Agent": "azsdk-python-storage-blob/12.14.1 Python/3.7.9 (Windows-10-10.0.22621-SP0)",
        "x-ms-date": "Mon, 06 Mar 2023 02:40:42 GMT",
        "x-ms-version": "2021-08-06"
      },
      "RequestBody": null,
      "StatusCode": 404,
      "ResponseHeaders": {
        "Date": "Mon, 06 Mar 2023 02:40:42 GMT",
        "Server": [
          "Windows-Azure-Blob/1.0",
          "Microsoft-HTTPAPI/2.0"
        ],
        "Transfer-Encoding": "chunked",
        "Vary": "Origin",
        "x-ms-error-code": "BlobNotFound",
        "x-ms-version": "2021-08-06"
      },
      "ResponseBody": null
    },
    {
      "RequestUri": "https://sao4t3kk7y2kdxs.blob.core.windows.net/25fd3f03-8-4e390bed-cb56-57d1-8a89-ad4d1825df17/src/convert_data.py?skoid=e3f42e2c-d581-4b65-a966-631cfa961328\u0026sktid=72f988bf-86f1-41af-91ab-2d7cd011db47\u0026skt=2023-03-06T02%3A20%3A23Z\u0026ske=2023-03-07T10%3A30%3A23Z\u0026sks=b\u0026skv=2019-07-07\u0026sv=2021-08-06\u0026st=2023-03-06T02%3A30%3A41Z\u0026se=2023-03-06T10%3A40%3A41Z\u0026sr=c\u0026sp=rcwl\u0026sig=000000000000000000000000000000000000",
      "RequestMethod": "PUT",
      "RequestHeaders": {
        "Accept": "application/xml",
        "Accept-Encoding": "gzip, deflate",
        "Connection": "keep-alive",
        "Content-Length": "938",
        "Content-MD5": "jWvALmotN8At/gwdYNFPcA==",
        "Content-Type": "application/octet-stream",
        "If-None-Match": "*",
        "User-Agent": "azsdk-python-storage-blob/12.14.1 Python/3.7.9 (Windows-10-10.0.22621-SP0)",
        "x-ms-blob-type": "BlockBlob",
        "x-ms-date": "Mon, 06 Mar 2023 02:40:43 GMT",
        "x-ms-version": "2021-08-06"
      },
      "RequestBody": "aW1wb3J0IGFyZ3BhcnNlCmltcG9ydCBvcwpmcm9tIHBhdGhsaWIgaW1wb3J0IFBhdGgKCnBhcnNlciA9IGFyZ3BhcnNlLkFyZ3VtZW50UGFyc2VyKCkKcGFyc2VyLmFkZF9hcmd1bWVudCgiLS1pbnB1dF9kYXRhIiwgdHlwZT1zdHIpCnBhcnNlci5hZGRfYXJndW1lbnQoIi0tZmlsZV9vdXRwdXRfZGF0YSIsIHR5cGU9c3RyKQoKYXJncyA9IHBhcnNlci5wYXJzZV9hcmdzKCkKCnByaW50KCJpbnB1dF9kYXRhIHBhdGg6ICVzIiAlIGFyZ3MuaW5wdXRfZGF0YSkKCnByaW50KCJmaWxlcyBpbiBpbnB1dF9kYXRhIHBhdGg6ICIpCmFyciA9IG9zLmxpc3RkaXIoYXJncy5pbnB1dF9kYXRhKQpwcmludChhcnIpCgpvdXRwdXRfZGlyID0gUGF0aChhcmdzLmZpbGVfb3V0cHV0X2RhdGEpCnByaW50KCJmaWxlX291dHB1dF9kaXIiLCBvdXRwdXRfZGlyKQpwcmludCgiZmlsZV9vdXRwdXRfZGlyIGV4aXRzIiwgUGF0aChvdXRwdXRfZGlyKS5leGlzdHMoKSkKCk1MVGFibGUgPSBvdXRwdXRfZGlyIC8gIk1MVGFibGUiCk1MVGFibGUud3JpdGVfdGV4dCgicGF0aHM6IikKCmZvciBmaWxlX25hbWUgaW4gYXJyOgogICAgZGF0YV9wYXRoID0gUGF0aChhcmdzLmlucHV0X2RhdGEgKyAiLyIgKyBmaWxlX25hbWUpCiAgICBwcmludCgiUHJvY2Vzc2luZyB7fSIuZm9ybWF0KGRhdGFfcGF0aCkpCiAgICAob3V0cHV0X2RpciAvIGRhdGFfcGF0aC5uYW1lKS53cml0ZV90ZXh0KGZpbGVfbmFtZSkKICAgIHdpdGggTUxUYWJsZS5vcGVuKG1vZGU9ImEiKSBhcyBmOgogICAgICAgIGYud3JpdGUoZiJcbiAgLSBmaWxlOiAuL3tkYXRhX3BhdGgubmFtZX0iKQogICAgIyBzaHV0aWwubW92ZShkYXRhX3BhdGgsIFBhdGgob3V0cHV0X2RpciAvIGRhdGFfcGF0aC5uYW1lKSkKICAgICMgTUxUYWJsZS53cml0ZV90ZXh0KGYiXHRcdC1cdGZpbGU6XHQuL3tkYXRhX3BhdGgubmFtZX0iKQo=",
      "StatusCode": 201,
      "ResponseHeaders": {
        "Content-Length": "0",
        "Content-MD5": "jWvALmotN8At/gwdYNFPcA==",
        "Date": "Mon, 06 Mar 2023 02:40:43 GMT",
        "ETag": "\u00220x8DB1DEC2E8EF542\u0022",
        "Last-Modified": "Mon, 06 Mar 2023 02:40:43 GMT",
        "Server": [
          "Windows-Azure-Blob/1.0",
          "Microsoft-HTTPAPI/2.0"
        ],
        "x-ms-content-crc64": "VDVzmZlvzuQ=",
        "x-ms-request-server-encrypted": "true",
        "x-ms-version": "2021-08-06"
      },
      "ResponseBody": null
    },
    {
      "RequestUri": "https://sao4t3kk7y2kdxs.blob.core.windows.net/25fd3f03-8-4e390bed-cb56-57d1-8a89-ad4d1825df17/src/score.py?skoid=e3f42e2c-d581-4b65-a966-631cfa961328\u0026sktid=72f988bf-86f1-41af-91ab-2d7cd011db47\u0026skt=2023-03-06T02%3A20%3A23Z\u0026ske=2023-03-07T10%3A30%3A23Z\u0026sks=b\u0026skv=2019-07-07\u0026sv=2021-08-06\u0026st=2023-03-06T02%3A30%3A41Z\u0026se=2023-03-06T10%3A40%3A41Z\u0026sr=c\u0026sp=rcwl\u0026sig=000000000000000000000000000000000000",
      "RequestMethod": "PUT",
      "RequestHeaders": {
        "Accept": "application/xml",
        "Accept-Encoding": "gzip, deflate",
        "Connection": "keep-alive",
        "Content-Length": "1340",
        "Content-MD5": "ltqExQtHuaQHSgKUtRgiPw==",
        "Content-Type": "application/octet-stream",
        "If-None-Match": "*",
        "User-Agent": "azsdk-python-storage-blob/12.14.1 Python/3.7.9 (Windows-10-10.0.22621-SP0)",
        "x-ms-blob-type": "BlockBlob",
        "x-ms-date": "Mon, 06 Mar 2023 02:40:43 GMT",
        "x-ms-version": "2021-08-06"
      },
      "RequestBody": "IyAtLS0tLS0tLS0tLS0tLS0tLS0tLS0tLS0tLS0tLS0tLS0tLS0tLS0tLS0tLS0tLS0tLS0tLS0tLS0KIyBDb3B5cmlnaHQgKGMpIE1pY3Jvc29mdCBDb3Jwb3JhdGlvbi4gQWxsIHJpZ2h0cyByZXNlcnZlZC4KIyAtLS0tLS0tLS0tLS0tLS0tLS0tLS0tLS0tLS0tLS0tLS0tLS0tLS0tLS0tLS0tLS0tLS0tLS0tLS0KIiIiVGhpcyBtb2R1bGUgc2ltdWxhdGUgcnVuKCkgd2hpY2ggY2FuIHNwZWNpZnkgc3VjY2VlZCBldmVyeSBuIGl0ZW1zIGZyb20gYXJndW1lbnQuIiIiCmltcG9ydCBhcmdwYXJzZQpmcm9tIHBhdGhsaWIgaW1wb3J0IFBhdGgKCgpkZWYgaW5pdCgpOgogICAgIiIiSW5pdC4iIiIKICAgIGdsb2JhbCBPVVRQVVRfUEFUSAoKICAgIHBhcnNlciA9IGFyZ3BhcnNlLkFyZ3VtZW50UGFyc2VyKGFsbG93X2FiYnJldj1GYWxzZSwgZGVzY3JpcHRpb249IlBhcmFsbGVsUnVuU3RlcCBBZ2VudCIpCiAgICBwYXJzZXIuYWRkX2FyZ3VtZW50KCItLWpvYl9vdXRwdXRfcGF0aCIsIHR5cGU9c3RyLCBkZWZhdWx0PTApCiAgICBhcmdzLCBfID0gcGFyc2VyLnBhcnNlX2tub3duX2FyZ3MoKQogICAgT1VUUFVUX1BBVEggPSBhcmdzLmpvYl9vdXRwdXRfcGF0aAogICAgcHJpbnQoIlBhc3MgdGhyb3VnaCBpbml0IGRvbmUiKQoKCmRlZiBydW4obWluaV9iYXRjaCk6CiAgICAiIiJSdW4uIiIiCgogICAgZm9yIGZpbGVfcGF0aCBpbiBtaW5pX2JhdGNoOgogICAgICAgIGZpbGUgPSBQYXRoKGZpbGVfcGF0aCkKICAgICAgICBwcmludCgiUHJvY2Vzc2luZyB7fSIuZm9ybWF0KGZpbGUpKQogICAgICAgIGFzc2VydCBmaWxlLmV4aXN0cygpCgogICAgICAgICMgVHdvIGN1c3RvbWVycyByZXBvcnRlZCB0cmFuc2llbnQgZXJyb3Igd2hlbiB1c2luZyBPdXRwdXRGaWxlRGF0YXNldENvbmZpZy4KICAgICAgICAjIEl0IGhpdHMgIkZpbGVOb3RGb3VuZEVycm9yIiB3aGVuIHdyaXRpbmcgdG8gYSBmaWxlIGluIHRoZSBvdXRwdXRfZGlyIGZvbGRlciwKICAgICAgICAjICBldmVuIHRoZSBmb2xkZXIgZGlkIGV4aXN0IHBlciBsb2dzLgogICAgICAgICMgVGhpcyBpcyB0byBzaW11bGF0ZSBzdWNoIGNhc2UgYW5kIGhvcGUgd2UgY2FuIHJlcHJvIGluIG91ciBnYXRlZCBidWlsZC4KICAgICAgICBvdXRwdXRfZGlyID0gUGF0aChPVVRQVVRfUEFUSCkKICAgICAgICBwcmludCgib3V0cHV0X2RpciIsIG91dHB1dF9kaXIpCiAgICAgICAgcHJpbnQoIm91dHB1dF9kaXIgZXhpdHMiLCBQYXRoKG91dHB1dF9kaXIpLmV4aXN0cygpKQogICAgICAgIChQYXRoKG91dHB1dF9kaXIpIC8gZmlsZS5uYW1lKS53cml0ZV90ZXh0KGZpbGVfcGF0aCkKCiAgICByZXR1cm4gbWluaV9iYXRjaAo=",
      "StatusCode": 201,
      "ResponseHeaders": {
        "Content-Length": "0",
        "Content-MD5": "ltqExQtHuaQHSgKUtRgiPw==",
        "Date": "Mon, 06 Mar 2023 02:40:43 GMT",
        "ETag": "\u00220x8DB1DEC2E9E8362\u0022",
        "Last-Modified": "Mon, 06 Mar 2023 02:40:43 GMT",
        "Server": [
          "Windows-Azure-Blob/1.0",
          "Microsoft-HTTPAPI/2.0"
        ],
        "x-ms-content-crc64": "wXR6G9rDk7I=",
        "x-ms-request-server-encrypted": "true",
        "x-ms-version": "2021-08-06"
      },
      "ResponseBody": null
    },
    {
      "RequestUri": "https://sao4t3kk7y2kdxs.blob.core.windows.net/25fd3f03-8-4e390bed-cb56-57d1-8a89-ad4d1825df17/src/convert_data.py?comp=metadata\u0026skoid=e3f42e2c-d581-4b65-a966-631cfa961328\u0026sktid=72f988bf-86f1-41af-91ab-2d7cd011db47\u0026skt=2023-03-06T02%3A20%3A23Z\u0026ske=2023-03-07T10%3A30%3A23Z\u0026sks=b\u0026skv=2019-07-07\u0026sv=2021-08-06\u0026st=2023-03-06T02%3A30%3A41Z\u0026se=2023-03-06T10%3A40%3A41Z\u0026sr=c\u0026sp=rcwl\u0026sig=000000000000000000000000000000000000",
      "RequestMethod": "PUT",
      "RequestHeaders": {
        "Accept": "application/xml",
        "Accept-Encoding": "gzip, deflate",
        "Connection": "keep-alive",
        "Content-Length": "0",
        "User-Agent": "azsdk-python-storage-blob/12.14.1 Python/3.7.9 (Windows-10-10.0.22621-SP0)",
        "x-ms-date": "Mon, 06 Mar 2023 02:40:43 GMT",
        "x-ms-meta-name": "23a9245f-c7d2-44b7-90db-d9081b6e3581",
        "x-ms-meta-upload_status": "completed",
        "x-ms-meta-version": "1",
        "x-ms-version": "2021-08-06"
      },
      "RequestBody": null,
      "StatusCode": 200,
      "ResponseHeaders": {
        "Content-Length": "0",
        "Date": "Mon, 06 Mar 2023 02:40:43 GMT",
        "ETag": "\u00220x8DB1DEC2EABEEED\u0022",
        "Last-Modified": "Mon, 06 Mar 2023 02:40:43 GMT",
        "Server": [
          "Windows-Azure-Blob/1.0",
          "Microsoft-HTTPAPI/2.0"
        ],
        "x-ms-request-server-encrypted": "true",
        "x-ms-version": "2021-08-06"
      },
      "ResponseBody": null
    },
    {
      "RequestUri": "https://management.azure.com/subscriptions/00000000-0000-0000-0000-000000000/resourceGroups/00000/providers/Microsoft.MachineLearningServices/workspaces/00000/codes/23a9245f-c7d2-44b7-90db-d9081b6e3581/versions/1?api-version=2022-05-01",
      "RequestMethod": "PUT",
      "RequestHeaders": {
        "Accept": "application/json",
        "Accept-Encoding": "gzip, deflate",
        "Connection": "keep-alive",
        "Content-Length": "244",
        "Content-Type": "application/json",
        "User-Agent": "azure-ai-ml/1.5.0 azsdk-python-mgmt-machinelearningservices/0.1.0 Python/3.7.9 (Windows-10-10.0.22621-SP0)"
      },
      "RequestBody": {
        "properties": {
          "properties": {
            "hash_sha256": "0000000000000",
            "hash_version": "0000000000000"
          },
          "isAnonymous": true,
          "isArchived": false,
          "codeUri": "https://sao4t3kk7y2kdxs.blob.core.windows.net:443/25fd3f03-8-4e390bed-cb56-57d1-8a89-ad4d1825df17/src"
        }
      },
      "StatusCode": 201,
      "ResponseHeaders": {
        "Cache-Control": "no-cache",
        "Content-Length": "782",
        "Content-Type": "application/json; charset=utf-8",
        "Date": "Mon, 06 Mar 2023 02:40:46 GMT",
        "Expires": "-1",
        "Location": "https://management.azure.com/subscriptions/00000000-0000-0000-0000-000000000/resourceGroups/00000/providers/Microsoft.MachineLearningServices/workspaces/00000/codes/23a9245f-c7d2-44b7-90db-d9081b6e3581/versions/1?api-version=2022-05-01",
        "Pragma": "no-cache",
        "request-context": "appId=cid-v1:512cc15a-13b5-415b-bfd0-dce7accb6bb1",
        "Server-Timing": "traceparent;desc=\u002200-90e58b353b0f63c30a3923f79316df0c-3eff00e9d6dbf27f-01\u0022",
        "Strict-Transport-Security": "max-age=31536000; includeSubDomains",
        "x-aml-cluster": "vienna-test-westus2-02",
        "X-Content-Type-Options": "nosniff",
        "x-ms-correlation-request-id": "0b3497b3-59e9-4349-bf0d-c4b195088440",
        "x-ms-ratelimit-remaining-subscription-writes": "1199",
        "x-ms-response-type": "standard",
        "x-ms-routing-request-id": "WESTUS2:20230306T024046Z:0b3497b3-59e9-4349-bf0d-c4b195088440",
        "x-request-time": "0.687"
      },
      "ResponseBody": {
        "id": "/subscriptions/00000000-0000-0000-0000-000000000/resourceGroups/00000/providers/Microsoft.MachineLearningServices/workspaces/00000/codes/23a9245f-c7d2-44b7-90db-d9081b6e3581/versions/1",
        "name": "1",
        "type": "Microsoft.MachineLearningServices/workspaces/codes/versions",
        "properties": {
          "description": null,
          "tags": {},
          "properties": {
            "hash_sha256": "0000000000000",
            "hash_version": "0000000000000"
          },
          "isArchived": false,
          "isAnonymous": false,
          "codeUri": "https://sao4t3kk7y2kdxs.blob.core.windows.net:443/25fd3f03-8-4e390bed-cb56-57d1-8a89-ad4d1825df17/src"
        },
        "systemData": {
          "createdAt": "2023-03-06T02:40:46.498749\u002B00:00",
          "createdBy": "Firstname Lastname",
          "createdByType": "User",
          "lastModifiedAt": "2023-03-06T02:40:46.498749\u002B00:00",
          "lastModifiedBy": "Firstname Lastname",
          "lastModifiedByType": "User"
        }
      }
    },
    {
      "RequestUri": "https://management.azure.com/subscriptions/00000000-0000-0000-0000-000000000/resourceGroups/00000/providers/Microsoft.MachineLearningServices/workspaces/00000?api-version=2022-10-01",
      "RequestMethod": "GET",
      "RequestHeaders": {
        "Accept": "application/json",
        "Accept-Encoding": "gzip, deflate",
        "Connection": "keep-alive",
        "User-Agent": "azure-ai-ml/1.5.0 azsdk-python-mgmt-machinelearningservices/0.1.0 Python/3.7.9 (Windows-10-10.0.22621-SP0)"
      },
      "RequestBody": null,
      "StatusCode": 200,
      "ResponseHeaders": {
        "Cache-Control": "no-cache",
        "Content-Encoding": "gzip",
        "Content-Type": "application/json; charset=utf-8",
        "Date": "Mon, 06 Mar 2023 02:40:46 GMT",
        "Expires": "-1",
        "Pragma": "no-cache",
        "request-context": "appId=cid-v1:512cc15a-13b5-415b-bfd0-dce7accb6bb1",
        "Server-Timing": "traceparent;desc=\u002200-9cd4096c4840c90a331eedea346527e2-f4e3b51f28b37832-01\u0022",
        "Strict-Transport-Security": "max-age=31536000; includeSubDomains",
        "Transfer-Encoding": "chunked",
        "Vary": [
          "Accept-Encoding",
          "Accept-Encoding"
        ],
        "x-aml-cluster": "vienna-test-westus2-01",
        "X-Content-Type-Options": "nosniff",
        "x-ms-correlation-request-id": "833aa2d0-8bf1-489b-a6d3-20d9593638d5",
        "x-ms-ratelimit-remaining-subscription-reads": "11998",
        "x-ms-response-type": "standard",
        "x-ms-routing-request-id": "WESTUS2:20230306T024047Z:833aa2d0-8bf1-489b-a6d3-20d9593638d5",
        "x-request-time": "0.012"
      },
      "ResponseBody": {
        "id": "/subscriptions/00000000-0000-0000-0000-000000000/resourceGroups/00000/providers/Microsoft.MachineLearningServices/workspaces/00000",
        "name": "00000",
        "type": "Microsoft.MachineLearningServices/workspaces",
        "location": "centraluseuap",
        "tags": {},
        "etag": null,
        "properties": {
          "friendlyName": "00000",
          "description": "",
          "storageAccount": "/subscriptions/00000000-0000-0000-0000-000000000/resourceGroups/00000/providers/Microsoft.Storage/storageAccounts/sao4t3kk7y2kdxs",
          "keyVault": "/subscriptions/00000000-0000-0000-0000-000000000/resourceGroups/00000/providers/Microsoft.Keyvault/vaults/kvtestyqyt6ben5jtz6",
          "applicationInsights": "/subscriptions/00000000-0000-0000-0000-000000000/resourceGroups/00000/providers/Microsoft.insights/components/aio4t3kk7y2kdxs",
          "hbiWorkspace": false,
          "tenantId": "72f988bf-86f1-41af-91ab-2d7cd011db47",
          "imageBuildCompute": null,
          "provisioningState": "Succeeded",
          "v1LegacyMode": false,
          "softDeleteEnabled": false,
          "containerRegistry": "/subscriptions/00000000-0000-0000-0000-000000000/resourceGroups/00000/providers/Microsoft.ContainerRegistry/registries/cro4t3kk7y2kdxs",
          "creationTime": "2023-03-06T02:27:59.9799414Z",
          "notebookInfo": {
            "resourceId": "0000000-0000-0000-0000-000000000000",
            "fqdn": "ml-sdkvnextc-centraluseuap-25fd3f03-898c-4211-9cc3-9b723a66326c.centraluseuap.notebooks.azure.net",
            "isPrivateLinkEnabled": false,
            "notebookPreparationError": null
          },
          "storageHnsEnabled": false,
          "workspaceId": "25fd3f03-898c-4211-9cc3-9b723a66326c",
          "linkedModelInventoryArmId": null,
          "privateLinkCount": 0,
          "publicNetworkAccess": "Enabled",
          "discoveryUrl": "https://master.api.azureml-test.ms/discovery",
          "mlFlowTrackingUri": "azureml://master.api.azureml-test.ms/mlflow/v1.0/subscriptions/00000000-0000-0000-0000-000000000/resourceGroups/00000/providers/Microsoft.MachineLearningServices/workspaces/00000",
          "sdkTelemetryAppInsightsKey": "0000000-0000-0000-0000-000000000000",
          "sasGetterUri": "",
          "enableDataIsolation": false
        },
        "identity": {
          "type": "SystemAssigned",
          "principalId": "0000000-0000-0000-0000-000000000000",
          "tenantId": "72f988bf-86f1-41af-91ab-2d7cd011db47"
        },
        "kind": "Default",
        "sku": {
          "name": "Basic",
          "tier": "Basic"
        },
        "systemData": {
          "createdAt": "2023-03-06T02:27:59.9799414Z",
          "createdBy": "alias@contoso.com",
          "createdByType": "User",
          "lastModifiedAt": "2023-03-06T02:27:59.9799414Z",
          "lastModifiedBy": "alias@contoso.com",
          "lastModifiedByType": "User"
        }
      }
    },
    {
      "RequestUri": "https://master.api.azureml-test.ms/content/v2.0/subscriptions/00000000-0000-0000-0000-000000000/resourceGroups/00000/providers/Microsoft.MachineLearningServices/workspaces/00000/snapshots/getByHash?hash=ca6459f829642a4a40d03092f6d5b08a2aac512d76d9469bdd20ad0c63f4a65c\u0026hashVersion=202208",
      "RequestMethod": "GET",
      "RequestHeaders": {
        "Accept": "*/*",
        "Accept-Encoding": "gzip, deflate",
        "Connection": "keep-alive",
        "Content-Type": "application/json; charset=UTF-8",
        "User-Agent": "azure-ai-ml/1.5.0 azsdk-python-core/1.26.3 Python/3.7.9 (Windows-10-10.0.22621-SP0)"
      },
      "RequestBody": null,
      "StatusCode": 200,
      "ResponseHeaders": {
        "Connection": "keep-alive",
        "Content-Encoding": "gzip",
        "Content-Type": "application/json; charset=utf-8",
        "Date": "Mon, 06 Mar 2023 02:40:51 GMT",
        "request-context": "appId=cid-v1:512cc15a-13b5-415b-bfd0-dce7accb6bb1",
        "Strict-Transport-Security": "max-age=15724800; includeSubDomains; preload",
        "Transfer-Encoding": "chunked",
        "Vary": "Accept-Encoding",
        "x-aml-cluster": "vienna-test-westus2-01",
        "X-Content-Type-Options": "nosniff",
        "x-ms-response-type": "standard",
        "x-request-time": "0.308"
      },
      "ResponseBody": {
        "snapshotType": "LocalFiles",
        "id": "bbbf16e6-d34c-4f85-b4b6-f5aeda323288",
        "root": {
          "name": "",
          "hash": null,
          "type": "Directory",
          "timestamp": "0001-01-01T00:00:00\u002B00:00",
          "sasUrl": null,
          "absoluteUrl": null,
          "sizeBytes": 0,
          "sizeSet": false,
          "children": {
            "convert_data.py": {
              "name": "convert_data.py",
              "hash": "8D6BC02E6A2D37C02DFE0C1D60D14F70",
              "type": "File",
              "timestamp": "0001-01-01T00:00:00\u002B00:00",
              "sasUrl": null,
              "absoluteUrl": null,
              "sizeBytes": 938,
              "sizeSet": true,
              "children": {}
            },
            "score.py": {
              "name": "score.py",
              "hash": "96DA84C50B47B9A4074A0294B518223F",
              "type": "File",
              "timestamp": "0001-01-01T00:00:00\u002B00:00",
              "sasUrl": null,
              "absoluteUrl": null,
              "sizeBytes": 1340,
              "sizeSet": true,
              "children": {}
            }
          }
        },
        "tags": {},
        "properties": {
          "hash_sha256": "ca6459f829642a4a40d03092f6d5b08a2aac512d76d9469bdd20ad0c63f4a65c",
          "hash_version": "202208",
          "azureml.codeUri": "https://sao4t3kk7y2kdxs.blob.core.windows.net:443/25fd3f03-8-4e390bed-cb56-57d1-8a89-ad4d1825df17/src"
        },
        "description": null,
        "name": "23a9245f-c7d2-44b7-90db-d9081b6e3581",
        "version": "1",
        "createdBy": {
          "userObjectId": "b3a957de-450c-4ca7-b2aa-88dd98c87fef",
          "userPuId": "10037FFEAD05DD5D",
          "userIdp": null,
          "userAltSecId": null,
          "userIss": "https://sts.windows.net/72f988bf-86f1-41af-91ab-2d7cd011db47/",
          "userTenantId": "72f988bf-86f1-41af-91ab-2d7cd011db47",
          "userName": "Firstname Lastname",
          "upn": null
        },
        "createdTime": "2023-03-06T02:40:46.498749\u002B00:00",
        "modifiedBy": {
          "userObjectId": "b3a957de-450c-4ca7-b2aa-88dd98c87fef",
          "userPuId": "10037FFEAD05DD5D",
          "userIdp": null,
          "userAltSecId": null,
          "userIss": "https://sts.windows.net/72f988bf-86f1-41af-91ab-2d7cd011db47/",
          "userTenantId": "72f988bf-86f1-41af-91ab-2d7cd011db47",
          "userName": "Diondra Peck",
          "upn": null
        },
        "modifiedTime": "2023-03-06T02:40:46.498749\u002B00:00",
        "gitRepositoryCommit": null,
        "uri": "https://sao4t3kk7y2kdxs.blob.core.windows.net:443/25fd3f03-8-4e390bed-cb56-57d1-8a89-ad4d1825df17/src",
        "contentHash": "ca6459f829642a4a40d03092f6d5b08a2aac512d76d9469bdd20ad0c63f4a65c",
        "hashVersion": "202208",
        "provisioningState": "Succeeded"
      }
    },
    {
      "RequestUri": "https://management.azure.com/subscriptions/00000000-0000-0000-0000-000000000/resourceGroups/00000/providers/Microsoft.MachineLearningServices/workspaces/00000/codes/23a9245f-c7d2-44b7-90db-d9081b6e3581/versions/1?api-version=2022-05-01",
      "RequestMethod": "GET",
      "RequestHeaders": {
        "Accept": "application/json",
        "Accept-Encoding": "gzip, deflate",
        "Connection": "keep-alive",
        "User-Agent": "azure-ai-ml/1.5.0 azsdk-python-mgmt-machinelearningservices/0.1.0 Python/3.7.9 (Windows-10-10.0.22621-SP0)"
      },
      "RequestBody": null,
      "StatusCode": 200,
      "ResponseHeaders": {
        "Cache-Control": "no-cache",
        "Content-Encoding": "gzip",
        "Content-Type": "application/json; charset=utf-8",
        "Date": "Mon, 06 Mar 2023 02:40:50 GMT",
        "Expires": "-1",
        "Pragma": "no-cache",
        "request-context": "appId=cid-v1:512cc15a-13b5-415b-bfd0-dce7accb6bb1",
        "Server-Timing": "traceparent;desc=\u002200-3beced9ecce2bdac179ee36f86bb0b40-c14e4a341edde0c6-01\u0022",
        "Strict-Transport-Security": "max-age=31536000; includeSubDomains",
        "Transfer-Encoding": "chunked",
        "Vary": [
          "Accept-Encoding",
          "Accept-Encoding"
        ],
        "x-aml-cluster": "vienna-test-westus2-02",
        "X-Content-Type-Options": "nosniff",
        "x-ms-correlation-request-id": "1bab7f1f-5628-4157-b140-81bf9c5618b6",
        "x-ms-ratelimit-remaining-subscription-reads": "11997",
        "x-ms-response-type": "standard",
        "x-ms-routing-request-id": "WESTUS2:20230306T024051Z:1bab7f1f-5628-4157-b140-81bf9c5618b6",
        "x-request-time": "0.074"
      },
      "ResponseBody": {
        "id": "/subscriptions/00000000-0000-0000-0000-000000000/resourceGroups/00000/providers/Microsoft.MachineLearningServices/workspaces/00000/codes/23a9245f-c7d2-44b7-90db-d9081b6e3581/versions/1",
        "name": "1",
        "type": "Microsoft.MachineLearningServices/workspaces/codes/versions",
        "properties": {
          "description": null,
          "tags": {},
          "properties": {
            "hash_sha256": "0000000000000",
            "hash_version": "0000000000000"
          },
          "isArchived": false,
          "isAnonymous": false,
          "codeUri": "https://sao4t3kk7y2kdxs.blob.core.windows.net:443/25fd3f03-8-4e390bed-cb56-57d1-8a89-ad4d1825df17/src"
        },
        "systemData": {
          "createdAt": "2023-03-06T02:40:46.498749\u002B00:00",
          "createdBy": "Firstname Lastname",
          "createdByType": "User",
          "lastModifiedAt": "2023-03-06T02:40:46.498749\u002B00:00",
          "lastModifiedBy": "Firstname Lastname",
          "lastModifiedByType": "User"
        }
      }
    },
    {
      "RequestUri": "https://management.azure.com/subscriptions/00000000-0000-0000-0000-000000000/resourceGroups/00000/providers/Microsoft.MachineLearningServices/workspaces/00000?api-version=2022-10-01",
      "RequestMethod": "GET",
      "RequestHeaders": {
        "Accept": "application/json",
        "Accept-Encoding": "gzip, deflate",
        "Connection": "keep-alive",
        "User-Agent": "azure-ai-ml/1.5.0 azsdk-python-mgmt-machinelearningservices/0.1.0 Python/3.7.9 (Windows-10-10.0.22621-SP0)"
      },
      "RequestBody": null,
      "StatusCode": 200,
      "ResponseHeaders": {
        "Cache-Control": "no-cache",
        "Content-Encoding": "gzip",
        "Content-Type": "application/json; charset=utf-8",
        "Date": "Mon, 06 Mar 2023 02:40:51 GMT",
        "Expires": "-1",
        "Pragma": "no-cache",
        "request-context": "appId=cid-v1:512cc15a-13b5-415b-bfd0-dce7accb6bb1",
        "Server-Timing": "traceparent;desc=\u002200-c263fbc1366ae24c99e1059371f81571-241bff7eddc406b6-01\u0022",
        "Strict-Transport-Security": "max-age=31536000; includeSubDomains",
        "Transfer-Encoding": "chunked",
        "Vary": [
          "Accept-Encoding",
          "Accept-Encoding"
        ],
        "x-aml-cluster": "vienna-test-westus2-01",
        "X-Content-Type-Options": "nosniff",
        "x-ms-correlation-request-id": "4a479d54-4a22-4bd0-93c2-51a16394a8ba",
        "x-ms-ratelimit-remaining-subscription-reads": "11996",
        "x-ms-response-type": "standard",
        "x-ms-routing-request-id": "WESTUS2:20230306T024051Z:4a479d54-4a22-4bd0-93c2-51a16394a8ba",
        "x-request-time": "0.012"
      },
      "ResponseBody": {
        "id": "/subscriptions/00000000-0000-0000-0000-000000000/resourceGroups/00000/providers/Microsoft.MachineLearningServices/workspaces/00000",
        "name": "00000",
        "type": "Microsoft.MachineLearningServices/workspaces",
        "location": "centraluseuap",
        "tags": {},
        "etag": null,
        "properties": {
          "friendlyName": "00000",
          "description": "",
          "storageAccount": "/subscriptions/00000000-0000-0000-0000-000000000/resourceGroups/00000/providers/Microsoft.Storage/storageAccounts/sao4t3kk7y2kdxs",
          "keyVault": "/subscriptions/00000000-0000-0000-0000-000000000/resourceGroups/00000/providers/Microsoft.Keyvault/vaults/kvtestyqyt6ben5jtz6",
          "applicationInsights": "/subscriptions/00000000-0000-0000-0000-000000000/resourceGroups/00000/providers/Microsoft.insights/components/aio4t3kk7y2kdxs",
          "hbiWorkspace": false,
          "tenantId": "72f988bf-86f1-41af-91ab-2d7cd011db47",
          "imageBuildCompute": null,
          "provisioningState": "Succeeded",
          "v1LegacyMode": false,
          "softDeleteEnabled": false,
          "containerRegistry": "/subscriptions/00000000-0000-0000-0000-000000000/resourceGroups/00000/providers/Microsoft.ContainerRegistry/registries/cro4t3kk7y2kdxs",
          "creationTime": "2023-03-06T02:27:59.9799414Z",
          "notebookInfo": {
            "resourceId": "0000000-0000-0000-0000-000000000000",
            "fqdn": "ml-sdkvnextc-centraluseuap-25fd3f03-898c-4211-9cc3-9b723a66326c.centraluseuap.notebooks.azure.net",
            "isPrivateLinkEnabled": false,
            "notebookPreparationError": null
          },
          "storageHnsEnabled": false,
          "workspaceId": "25fd3f03-898c-4211-9cc3-9b723a66326c",
          "linkedModelInventoryArmId": null,
          "privateLinkCount": 0,
          "publicNetworkAccess": "Enabled",
          "discoveryUrl": "https://master.api.azureml-test.ms/discovery",
          "mlFlowTrackingUri": "azureml://master.api.azureml-test.ms/mlflow/v1.0/subscriptions/00000000-0000-0000-0000-000000000/resourceGroups/00000/providers/Microsoft.MachineLearningServices/workspaces/00000",
          "sdkTelemetryAppInsightsKey": "0000000-0000-0000-0000-000000000000",
          "sasGetterUri": "",
          "enableDataIsolation": false
        },
        "identity": {
          "type": "SystemAssigned",
          "principalId": "0000000-0000-0000-0000-000000000000",
          "tenantId": "72f988bf-86f1-41af-91ab-2d7cd011db47"
        },
        "kind": "Default",
        "sku": {
          "name": "Basic",
          "tier": "Basic"
        },
        "systemData": {
          "createdAt": "2023-03-06T02:27:59.9799414Z",
          "createdBy": "alias@contoso.com",
          "createdByType": "User",
          "lastModifiedAt": "2023-03-06T02:27:59.9799414Z",
          "lastModifiedBy": "alias@contoso.com",
          "lastModifiedByType": "User"
        }
      }
    },
    {
      "RequestUri": "https://master.api.azureml-test.ms/content/v2.0/subscriptions/00000000-0000-0000-0000-000000000/resourceGroups/00000/providers/Microsoft.MachineLearningServices/workspaces/00000/snapshots/getByHash?hash=ca6459f829642a4a40d03092f6d5b08a2aac512d76d9469bdd20ad0c63f4a65c\u0026hashVersion=202208",
      "RequestMethod": "GET",
      "RequestHeaders": {
        "Accept": "*/*",
        "Accept-Encoding": "gzip, deflate",
        "Connection": "keep-alive",
        "Content-Type": "application/json; charset=UTF-8",
        "User-Agent": "azure-ai-ml/1.5.0 azsdk-python-core/1.26.3 Python/3.7.9 (Windows-10-10.0.22621-SP0)"
      },
      "RequestBody": null,
      "StatusCode": 200,
      "ResponseHeaders": {
        "Connection": "keep-alive",
        "Content-Encoding": "gzip",
        "Content-Type": "application/json; charset=utf-8",
        "Date": "Mon, 06 Mar 2023 02:40:54 GMT",
        "request-context": "appId=cid-v1:512cc15a-13b5-415b-bfd0-dce7accb6bb1",
        "Strict-Transport-Security": "max-age=15724800; includeSubDomains; preload",
        "Transfer-Encoding": "chunked",
        "Vary": "Accept-Encoding",
        "x-aml-cluster": "vienna-test-westus2-01",
        "X-Content-Type-Options": "nosniff",
        "x-ms-response-type": "standard",
        "x-request-time": "0.231"
      },
      "ResponseBody": {
        "snapshotType": "LocalFiles",
        "id": "bbbf16e6-d34c-4f85-b4b6-f5aeda323288",
        "root": {
          "name": "",
          "hash": null,
          "type": "Directory",
          "timestamp": "0001-01-01T00:00:00\u002B00:00",
          "sasUrl": null,
          "absoluteUrl": null,
          "sizeBytes": 0,
          "sizeSet": false,
          "children": {
            "convert_data.py": {
              "name": "convert_data.py",
              "hash": "8D6BC02E6A2D37C02DFE0C1D60D14F70",
              "type": "File",
              "timestamp": "0001-01-01T00:00:00\u002B00:00",
              "sasUrl": null,
              "absoluteUrl": null,
              "sizeBytes": 938,
              "sizeSet": true,
              "children": {}
            },
            "score.py": {
              "name": "score.py",
              "hash": "96DA84C50B47B9A4074A0294B518223F",
              "type": "File",
              "timestamp": "0001-01-01T00:00:00\u002B00:00",
              "sasUrl": null,
              "absoluteUrl": null,
              "sizeBytes": 1340,
              "sizeSet": true,
              "children": {}
            }
          }
        },
        "tags": {},
        "properties": {
          "hash_sha256": "ca6459f829642a4a40d03092f6d5b08a2aac512d76d9469bdd20ad0c63f4a65c",
          "hash_version": "202208",
          "azureml.codeUri": "https://sao4t3kk7y2kdxs.blob.core.windows.net:443/25fd3f03-8-4e390bed-cb56-57d1-8a89-ad4d1825df17/src"
        },
        "description": null,
        "name": "23a9245f-c7d2-44b7-90db-d9081b6e3581",
        "version": "1",
        "createdBy": {
          "userObjectId": "b3a957de-450c-4ca7-b2aa-88dd98c87fef",
          "userPuId": "10037FFEAD05DD5D",
          "userIdp": null,
          "userAltSecId": null,
          "userIss": "https://sts.windows.net/72f988bf-86f1-41af-91ab-2d7cd011db47/",
          "userTenantId": "72f988bf-86f1-41af-91ab-2d7cd011db47",
          "userName": "Firstname Lastname",
          "upn": null
        },
        "createdTime": "2023-03-06T02:40:46.498749\u002B00:00",
        "modifiedBy": {
          "userObjectId": "b3a957de-450c-4ca7-b2aa-88dd98c87fef",
          "userPuId": "10037FFEAD05DD5D",
          "userIdp": null,
          "userAltSecId": null,
          "userIss": "https://sts.windows.net/72f988bf-86f1-41af-91ab-2d7cd011db47/",
          "userTenantId": "72f988bf-86f1-41af-91ab-2d7cd011db47",
          "userName": "Diondra Peck",
          "upn": null
        },
        "modifiedTime": "2023-03-06T02:40:46.498749\u002B00:00",
        "gitRepositoryCommit": null,
        "uri": "https://sao4t3kk7y2kdxs.blob.core.windows.net:443/25fd3f03-8-4e390bed-cb56-57d1-8a89-ad4d1825df17/src",
        "contentHash": "ca6459f829642a4a40d03092f6d5b08a2aac512d76d9469bdd20ad0c63f4a65c",
        "hashVersion": "202208",
        "provisioningState": "Succeeded"
      }
    },
    {
      "RequestUri": "https://management.azure.com/subscriptions/00000000-0000-0000-0000-000000000/resourceGroups/00000/providers/Microsoft.MachineLearningServices/workspaces/00000/codes/23a9245f-c7d2-44b7-90db-d9081b6e3581/versions/1?api-version=2022-05-01",
      "RequestMethod": "GET",
      "RequestHeaders": {
        "Accept": "application/json",
        "Accept-Encoding": "gzip, deflate",
        "Connection": "keep-alive",
        "User-Agent": "azure-ai-ml/1.5.0 azsdk-python-mgmt-machinelearningservices/0.1.0 Python/3.7.9 (Windows-10-10.0.22621-SP0)"
      },
      "RequestBody": null,
      "StatusCode": 200,
      "ResponseHeaders": {
        "Cache-Control": "no-cache",
        "Content-Encoding": "gzip",
        "Content-Type": "application/json; charset=utf-8",
        "Date": "Mon, 06 Mar 2023 02:40:54 GMT",
        "Expires": "-1",
        "Pragma": "no-cache",
        "request-context": "appId=cid-v1:512cc15a-13b5-415b-bfd0-dce7accb6bb1",
        "Server-Timing": "traceparent;desc=\u002200-44d67db0bb7826fe81b1622260785248-931048c0f9bce4a0-01\u0022",
        "Strict-Transport-Security": "max-age=31536000; includeSubDomains",
        "Transfer-Encoding": "chunked",
        "Vary": [
          "Accept-Encoding",
          "Accept-Encoding"
        ],
        "x-aml-cluster": "vienna-test-westus2-02",
        "X-Content-Type-Options": "nosniff",
        "x-ms-correlation-request-id": "dec7734b-b592-4510-a43d-c4dde997b288",
        "x-ms-ratelimit-remaining-subscription-reads": "11999",
        "x-ms-response-type": "standard",
        "x-ms-routing-request-id": "WESTUS2:20230306T024055Z:dec7734b-b592-4510-a43d-c4dde997b288",
        "x-request-time": "0.214"
      },
      "ResponseBody": {
        "id": "/subscriptions/00000000-0000-0000-0000-000000000/resourceGroups/00000/providers/Microsoft.MachineLearningServices/workspaces/00000/codes/23a9245f-c7d2-44b7-90db-d9081b6e3581/versions/1",
        "name": "1",
        "type": "Microsoft.MachineLearningServices/workspaces/codes/versions",
        "properties": {
          "description": null,
          "tags": {},
          "properties": {
            "hash_sha256": "0000000000000",
            "hash_version": "0000000000000"
          },
          "isArchived": false,
          "isAnonymous": false,
          "codeUri": "https://sao4t3kk7y2kdxs.blob.core.windows.net:443/25fd3f03-8-4e390bed-cb56-57d1-8a89-ad4d1825df17/src"
        },
        "systemData": {
          "createdAt": "2023-03-06T02:40:46.498749\u002B00:00",
          "createdBy": "Firstname Lastname",
          "createdByType": "User",
          "lastModifiedAt": "2023-03-06T02:40:46.498749\u002B00:00",
          "lastModifiedBy": "Firstname Lastname",
          "lastModifiedByType": "User"
        }
      }
    },
    {
      "RequestUri": "https://management.azure.com/subscriptions/00000000-0000-0000-0000-000000000/resourceGroups/00000/providers/Microsoft.MachineLearningServices/workspaces/00000/components/azureml_anonymous/versions/a35e20ee-62ec-2a9e-2e8b-9edb49487217?api-version=2022-10-01",
      "RequestMethod": "PUT",
      "RequestHeaders": {
        "Accept": "application/json",
        "Accept-Encoding": "gzip, deflate",
        "Connection": "keep-alive",
        "Content-Length": "1192",
        "Content-Type": "application/json",
        "User-Agent": "azure-ai-ml/1.5.0 azsdk-python-mgmt-machinelearningservices/0.1.0 Python/3.7.9 (Windows-10-10.0.22621-SP0)"
      },
      "RequestBody": {
        "properties": {
          "description": "parallel component for batch score",
          "properties": {},
          "tags": {},
          "isAnonymous": true,
          "isArchived": false,
          "componentSpec": {
            "name": "file_batch_score",
            "description": "parallel component for batch score",
            "version": "1.0.0",
            "$schema": "http://azureml/sdk-2-0/ParallelComponent.json",
            "display_name": "BatchScore",
            "is_deterministic": true,
            "inputs": {
              "job_data_path": {
                "type": "mltable",
                "description": "The data to be split and scored in parallel.",
                "optional": false
              }
            },
            "outputs": {
              "job_output_path": {
                "type": "uri_folder"
              }
            },
            "type": "parallel",
            "resources": {
              "instance_count": 2
            },
            "task": {
              "type": "run_function",
              "code": "azureml:/subscriptions/00000000-0000-0000-0000-000000000/resourceGroups/00000/providers/Microsoft.MachineLearningServices/workspaces/00000/codes/23a9245f-c7d2-44b7-90db-d9081b6e3581/versions/1",
              "entry_script": "score.py",
              "program_arguments": "--job_output_path ${{outputs.job_output_path}}",
              "environment": "azureml:AzureML-sklearn-1.0-ubuntu20.04-py38-cpu:33"
            },
            "mini_batch_size": "1",
            "input_data": "${{inputs.job_data_path}}",
            "max_concurrency_per_instance": 1,
            "mini_batch_error_threshold": 1,
            "_source": "YAML.COMPONENT"
          }
        }
      },
      "StatusCode": 201,
      "ResponseHeaders": {
        "Cache-Control": "no-cache",
        "Content-Length": "1763",
        "Content-Type": "application/json; charset=utf-8",
        "Date": "Mon, 06 Mar 2023 02:40:55 GMT",
        "Expires": "-1",
        "Location": "https://management.azure.com/subscriptions/00000000-0000-0000-0000-000000000/resourceGroups/00000/providers/Microsoft.MachineLearningServices/workspaces/00000/components/azureml_anonymous/versions/a35e20ee-62ec-2a9e-2e8b-9edb49487217?api-version=2022-10-01",
        "Pragma": "no-cache",
        "request-context": "appId=cid-v1:512cc15a-13b5-415b-bfd0-dce7accb6bb1",
        "Server-Timing": "traceparent;desc=\u002200-de132c078ffa9b44b5f5e98d4c585ee9-192bc696e1183b6f-01\u0022",
        "Strict-Transport-Security": "max-age=31536000; includeSubDomains",
        "x-aml-cluster": "vienna-test-westus2-02",
        "X-Content-Type-Options": "nosniff",
        "x-ms-correlation-request-id": "287d23d1-2632-4f41-8ccc-77aa9455e19d",
        "x-ms-ratelimit-remaining-subscription-writes": "1198",
        "x-ms-response-type": "standard",
        "x-ms-routing-request-id": "WESTUS2:20230306T024056Z:287d23d1-2632-4f41-8ccc-77aa9455e19d",
        "x-request-time": "4.006"
      },
      "ResponseBody": {
        "id": "/subscriptions/00000000-0000-0000-0000-000000000/resourceGroups/00000/providers/Microsoft.MachineLearningServices/workspaces/00000/components/azureml_anonymous/versions/d0daf271-6881-4f63-8a1b-17ff9f6918ee",
        "name": "d0daf271-6881-4f63-8a1b-17ff9f6918ee",
        "type": "Microsoft.MachineLearningServices/workspaces/components/versions",
        "properties": {
          "description": null,
          "tags": {},
          "properties": {},
          "isArchived": false,
          "isAnonymous": true,
          "componentSpec": {
            "name": "file_batch_score",
            "version": "1.0.0",
            "display_name": "BatchScore",
            "is_deterministic": "True",
            "type": "parallel",
            "description": "parallel component for batch score",
            "inputs": {
              "job_data_path": {
                "type": "mltable",
                "optional": "False",
                "description": "The data to be split and scored in parallel."
              }
            },
            "outputs": {
              "job_output_path": {
                "type": "uri_folder"
              }
            },
            "task": {
              "code": "azureml:/subscriptions/00000000-0000-0000-0000-000000000/resourceGroups/00000/providers/Microsoft.MachineLearningServices/workspaces/00000/codes/23a9245f-c7d2-44b7-90db-d9081b6e3581/versions/1",
              "environment": "azureml://registries/azureml-dev/environments/AzureML-sklearn-1.0-ubuntu20.04-py38-cpu/versions/33",
              "program_arguments": "--job_output_path ${{outputs.job_output_path}}",
              "entry_script": "score.py",
              "type": "run_function"
            },
            "input_data": "${{inputs.job_data_path}}",
            "error_threshold": "-1",
            "logging_level": "INFO",
            "max_concurrency_per_instance": "1",
            "mini_batch_error_threshold": "1",
            "mini_batch_size": "1",
            "retry_settings": {
              "max_retries": "3",
              "timeout": "60"
            },
            "$schema": "http://azureml/sdk-2-0/ParallelComponent.json"
          }
        },
        "systemData": {
          "createdAt": "2023-03-06T02:40:55.6363142\u002B00:00",
          "createdBy": "Firstname Lastname",
          "createdByType": "User",
          "lastModifiedAt": "2023-03-06T02:40:55.6363142\u002B00:00",
          "lastModifiedBy": "Firstname Lastname",
          "lastModifiedByType": "User"
        }
      }
    },
    {
      "RequestUri": "https://management.azure.com/subscriptions/00000000-0000-0000-0000-000000000/resourceGroups/00000/providers/Microsoft.MachineLearningServices/workspaces/00000/components/azureml_anonymous/versions/2ca89b3a-0c5b-9c55-c3f8-b7dfdeee9f6e?api-version=2022-10-01",
      "RequestMethod": "PUT",
      "RequestHeaders": {
        "Accept": "application/json",
        "Accept-Encoding": "gzip, deflate",
        "Connection": "keep-alive",
        "Content-Length": "791",
        "Content-Type": "application/json",
        "User-Agent": "azure-ai-ml/1.5.0 azsdk-python-mgmt-machinelearningservices/0.1.0 Python/3.7.9 (Windows-10-10.0.22621-SP0)"
      },
      "RequestBody": {
        "properties": {
          "properties": {},
          "tags": {},
          "isAnonymous": true,
          "isArchived": false,
          "componentSpec": {
            "command": "python convert_data.py --input_data ${{inputs.input_data}} --file_output_data ${{outputs.file_output_data}}",
            "code": "azureml:/subscriptions/00000000-0000-0000-0000-000000000/resourceGroups/00000/providers/Microsoft.MachineLearningServices/workspaces/00000/codes/23a9245f-c7d2-44b7-90db-d9081b6e3581/versions/1",
            "environment": "azureml:AzureML-sklearn-1.0-ubuntu20.04-py38-cpu:33",
            "name": "convert_to_mltable_file_dataset",
            "version": "1",
            "display_name": "Convert_To_Mltable_File_Dataset",
            "is_deterministic": true,
            "inputs": {
              "input_data": {
                "type": "uri_folder"
              }
            },
            "outputs": {
              "file_output_data": {
                "type": "mltable"
              }
            },
            "type": "command",
            "_source": "YAML.COMPONENT"
          }
        }
      },
      "StatusCode": 201,
      "ResponseHeaders": {
        "Cache-Control": "no-cache",
        "Content-Length": "1502",
        "Content-Type": "application/json; charset=utf-8",
        "Date": "Mon, 06 Mar 2023 02:40:56 GMT",
        "Expires": "-1",
        "Location": "https://management.azure.com/subscriptions/00000000-0000-0000-0000-000000000/resourceGroups/00000/providers/Microsoft.MachineLearningServices/workspaces/00000/components/azureml_anonymous/versions/2ca89b3a-0c5b-9c55-c3f8-b7dfdeee9f6e?api-version=2022-10-01",
        "Pragma": "no-cache",
        "request-context": "appId=cid-v1:512cc15a-13b5-415b-bfd0-dce7accb6bb1",
        "Server-Timing": "traceparent;desc=\u002200-94b7e42332a27ba00a307440626be148-5c9b1940a7e87dfe-01\u0022",
        "Strict-Transport-Security": "max-age=31536000; includeSubDomains",
        "x-aml-cluster": "vienna-test-westus2-02",
        "X-Content-Type-Options": "nosniff",
        "x-ms-correlation-request-id": "055e50c7-5781-4bda-8458-ad57fee6c8e1",
        "x-ms-ratelimit-remaining-subscription-writes": "1199",
        "x-ms-response-type": "standard",
        "x-ms-routing-request-id": "WESTUS2:20230306T024057Z:055e50c7-5781-4bda-8458-ad57fee6c8e1",
        "x-request-time": "1.396"
      },
      "ResponseBody": {
        "id": "/subscriptions/00000000-0000-0000-0000-000000000/resourceGroups/00000/providers/Microsoft.MachineLearningServices/workspaces/00000/components/azureml_anonymous/versions/47a03f0d-6e5f-4712-9be8-7fec4223812b",
        "name": "47a03f0d-6e5f-4712-9be8-7fec4223812b",
        "type": "Microsoft.MachineLearningServices/workspaces/components/versions",
        "properties": {
          "description": null,
          "tags": {},
          "properties": {},
          "isArchived": false,
          "isAnonymous": true,
          "componentSpec": {
            "name": "convert_to_mltable_file_dataset",
            "version": "1",
            "display_name": "Convert_To_Mltable_File_Dataset",
            "is_deterministic": "True",
            "type": "command",
            "inputs": {
              "input_data": {
                "type": "uri_folder",
                "optional": "False"
              }
            },
            "outputs": {
              "file_output_data": {
                "type": "mltable"
              }
            },
            "code": "azureml:/subscriptions/00000000-0000-0000-0000-000000000/resourceGroups/00000/providers/Microsoft.MachineLearningServices/workspaces/00000/codes/23a9245f-c7d2-44b7-90db-d9081b6e3581/versions/1",
            "environment": "azureml://registries/azureml-dev/environments/AzureML-sklearn-1.0-ubuntu20.04-py38-cpu/versions/33",
            "resources": {
              "instance_count": "1"
            },
            "command": "python convert_data.py --input_data ${{inputs.input_data}} --file_output_data ${{outputs.file_output_data}}",
            "$schema": "https://componentsdk.azureedge.net/jsonschema/CommandComponent.json"
          }
        },
        "systemData": {
          "createdAt": "2023-03-06T02:40:56.6081968\u002B00:00",
          "createdBy": "Firstname Lastname",
          "createdByType": "User",
          "lastModifiedAt": "2023-03-06T02:40:56.6081968\u002B00:00",
          "lastModifiedBy": "Firstname Lastname",
          "lastModifiedByType": "User"
        }
      }
    },
    {
      "RequestUri": "https://management.azure.com/subscriptions/00000000-0000-0000-0000-000000000/resourceGroups/00000/providers/Microsoft.MachineLearningServices/workspaces/00000/datastores/workspaceblobstore?api-version=2022-10-01",
      "RequestMethod": "GET",
      "RequestHeaders": {
        "Accept": "application/json",
        "Accept-Encoding": "gzip, deflate",
        "Connection": "keep-alive",
        "User-Agent": "azure-ai-ml/1.5.0 azsdk-python-mgmt-machinelearningservices/0.1.0 Python/3.7.9 (Windows-10-10.0.22621-SP0)"
      },
      "RequestBody": null,
      "StatusCode": 200,
      "ResponseHeaders": {
        "Cache-Control": "no-cache",
        "Content-Encoding": "gzip",
        "Content-Type": "application/json; charset=utf-8",
        "Date": "Mon, 06 Mar 2023 02:40:57 GMT",
        "Expires": "-1",
        "Pragma": "no-cache",
        "request-context": "appId=cid-v1:512cc15a-13b5-415b-bfd0-dce7accb6bb1",
        "Server-Timing": "traceparent;desc=\u002200-d66a55071692e0eb53f8ab7ac7da14a6-f401cac6e9d528a5-01\u0022",
        "Strict-Transport-Security": "max-age=31536000; includeSubDomains",
        "Transfer-Encoding": "chunked",
        "Vary": [
          "Accept-Encoding",
          "Accept-Encoding"
        ],
        "x-aml-cluster": "vienna-test-westus2-02",
        "X-Content-Type-Options": "nosniff",
        "x-ms-correlation-request-id": "400e787d-39d7-447d-8eff-2eb2aa7d0d7e",
        "x-ms-ratelimit-remaining-subscription-reads": "11998",
        "x-ms-response-type": "standard",
        "x-ms-routing-request-id": "WESTUS2:20230306T024057Z:400e787d-39d7-447d-8eff-2eb2aa7d0d7e",
        "x-request-time": "0.110"
      },
      "ResponseBody": {
        "id": "/subscriptions/00000000-0000-0000-0000-000000000/resourceGroups/00000/providers/Microsoft.MachineLearningServices/workspaces/00000/datastores/workspaceblobstore",
        "name": "workspaceblobstore",
        "type": "Microsoft.MachineLearningServices/workspaces/datastores",
        "properties": {
          "description": null,
          "tags": null,
          "properties": null,
          "isDefault": true,
          "credentials": {
            "credentialsType": "AccountKey"
          },
          "datastoreType": "AzureBlob",
          "accountName": "sao4t3kk7y2kdxs",
          "containerName": "azureml-blobstore-25fd3f03-898c-4211-9cc3-9b723a66326c",
          "endpoint": "core.windows.net",
          "protocol": "https",
          "serviceDataAccessAuthIdentity": "WorkspaceSystemAssignedIdentity"
        },
        "systemData": {
          "createdAt": "2023-03-06T02:28:29.3018122\u002B00:00",
          "createdBy": "779301c0-18b2-4cdc-801b-a0a3368fee0a",
          "createdByType": "Application",
          "lastModifiedAt": "2023-03-06T02:28:30.2052107\u002B00:00",
          "lastModifiedBy": "779301c0-18b2-4cdc-801b-a0a3368fee0a",
          "lastModifiedByType": "Application"
        }
      }
    },
    {
      "RequestUri": "https://management.azure.com/subscriptions/00000000-0000-0000-0000-000000000/resourceGroups/00000/providers/Microsoft.MachineLearningServices/workspaces/00000/datastores/workspaceblobstore/listSecrets?api-version=2022-10-01",
      "RequestMethod": "POST",
      "RequestHeaders": {
        "Accept": "application/json",
        "Accept-Encoding": "gzip, deflate",
        "Connection": "keep-alive",
        "Content-Length": "0",
        "User-Agent": "azure-ai-ml/1.5.0 azsdk-python-mgmt-machinelearningservices/0.1.0 Python/3.7.9 (Windows-10-10.0.22621-SP0)"
      },
      "RequestBody": null,
      "StatusCode": 200,
      "ResponseHeaders": {
        "Cache-Control": "no-cache",
        "Content-Encoding": "gzip",
        "Content-Type": "application/json; charset=utf-8",
        "Date": "Mon, 06 Mar 2023 02:40:57 GMT",
        "Expires": "-1",
        "Pragma": "no-cache",
        "request-context": "appId=cid-v1:512cc15a-13b5-415b-bfd0-dce7accb6bb1",
        "Server-Timing": "traceparent;desc=\u002200-cb28bc6971c25bd35c759c0ee097b3df-597993f36d812240-01\u0022",
        "Strict-Transport-Security": "max-age=31536000; includeSubDomains",
        "Transfer-Encoding": "chunked",
        "Vary": "Accept-Encoding",
        "x-aml-cluster": "vienna-test-westus2-02",
        "X-Content-Type-Options": "nosniff",
        "x-ms-correlation-request-id": "d60a4cd9-145c-4a2a-8ddc-16293b1e0c03",
        "x-ms-ratelimit-remaining-subscription-writes": "1199",
        "x-ms-response-type": "standard",
        "x-ms-routing-request-id": "WESTUS2:20230306T024058Z:d60a4cd9-145c-4a2a-8ddc-16293b1e0c03",
        "x-request-time": "0.504"
      },
      "ResponseBody": {
        "secretsType": "AccountKey",
        "key": "dGhpcyBpcyBmYWtlIGtleQ=="
      }
    },
    {
      "RequestUri": "https://sao4t3kk7y2kdxs.blob.core.windows.net/azureml-blobstore-25fd3f03-898c-4211-9cc3-9b723a66326c/LocalUpload/00000000000000000000000000000000/mnist-data/0.png",
      "RequestMethod": "HEAD",
      "RequestHeaders": {
        "Accept": "application/xml",
        "Accept-Encoding": "gzip, deflate",
        "Connection": "keep-alive",
        "User-Agent": "azsdk-python-storage-blob/12.14.1 Python/3.7.9 (Windows-10-10.0.22621-SP0)",
        "x-ms-date": "Mon, 06 Mar 2023 02:40:58 GMT",
        "x-ms-version": "2021-08-06"
      },
      "RequestBody": null,
      "StatusCode": 404,
      "ResponseHeaders": {
        "Date": "Mon, 06 Mar 2023 02:40:58 GMT",
        "Server": [
          "Windows-Azure-Blob/1.0",
          "Microsoft-HTTPAPI/2.0"
        ],
        "Transfer-Encoding": "chunked",
        "Vary": "Origin",
        "x-ms-error-code": "BlobNotFound",
        "x-ms-version": "2021-08-06"
      },
      "ResponseBody": null
    },
    {
      "RequestUri": "https://sao4t3kk7y2kdxs.blob.core.windows.net/azureml-blobstore-25fd3f03-898c-4211-9cc3-9b723a66326c/LocalUpload/00000000000000000000000000000000/mnist-data/2.png",
      "RequestMethod": "PUT",
      "RequestHeaders": {
        "Accept": "application/xml",
        "Accept-Encoding": "gzip, deflate",
        "Connection": "keep-alive",
        "Content-Length": "181",
        "Content-MD5": "ZFD2PtrWo3KKbhKY8o6U0Q==",
        "Content-Type": "application/octet-stream",
        "If-None-Match": "*",
        "User-Agent": "azsdk-python-storage-blob/12.14.1 Python/3.7.9 (Windows-10-10.0.22621-SP0)",
        "x-ms-blob-type": "BlockBlob",
        "x-ms-date": "Mon, 06 Mar 2023 02:40:58 GMT",
        "x-ms-version": "2021-08-06"
      },
      "RequestBody": "iVBORw0KGgoAAAANSUhEUgAAABwAAAAcCAAAAABXZoBIAAAAfElEQVR4nGNgGARA7V8ubsnwP0G4Jds/4pbT/TINt2TIP3vckqfuc\u002BOUU/h3A7fG\u002BH\u002BHcUv2/PPFKWf59iwHTsma/0txm7r6XyBOOYkX13FrrPg3H7fk9H99uCWf/HPCKWf7G49k77\u002BzzLjkuK7/q8SpkfXYBi7c7qEXAACSSyaQJMO2CwAAAABJRU5ErkJggg==",
      "StatusCode": 201,
      "ResponseHeaders": {
        "Content-Length": "0",
        "Content-MD5": "ZFD2PtrWo3KKbhKY8o6U0Q==",
        "Date": "Mon, 06 Mar 2023 02:40:58 GMT",
        "ETag": "\u00220x8DB1DEC37EFEFBA\u0022",
        "Last-Modified": "Mon, 06 Mar 2023 02:40:59 GMT",
        "Server": [
          "Windows-Azure-Blob/1.0",
          "Microsoft-HTTPAPI/2.0"
        ],
        "x-ms-content-crc64": "JgB64NheC6Y=",
        "x-ms-request-server-encrypted": "true",
        "x-ms-version": "2021-08-06"
      },
      "ResponseBody": null
    },
    {
      "RequestUri": "https://sao4t3kk7y2kdxs.blob.core.windows.net/azureml-blobstore-25fd3f03-898c-4211-9cc3-9b723a66326c/LocalUpload/00000000000000000000000000000000/mnist-data/0.png",
      "RequestMethod": "PUT",
      "RequestHeaders": {
        "Accept": "application/xml",
        "Accept-Encoding": "gzip, deflate",
        "Connection": "keep-alive",
        "Content-Length": "223",
        "Content-MD5": "yLW2CQQeldeN1S7hH1/5Nw==",
        "Content-Type": "application/octet-stream",
        "If-None-Match": "*",
        "User-Agent": "azsdk-python-storage-blob/12.14.1 Python/3.7.9 (Windows-10-10.0.22621-SP0)",
        "x-ms-blob-type": "BlockBlob",
        "x-ms-date": "Mon, 06 Mar 2023 02:40:58 GMT",
        "x-ms-version": "2021-08-06"
      },
      "RequestBody": "iVBORw0KGgoAAAANSUhEUgAAABwAAAAcCAAAAABXZoBIAAAApklEQVR4nGNgGG4gZOf86TYqOCTv/QOCj8egYJUJiqRzkUfR4sf/HgKV/Hr6718PpnZBJz5nZ2dr0Tf/snDaH/z3ohAuObGX/4Nxamz8904Hl5z1z392ODW2/tvNikuO8\u002BwPK5wa6/5twynn/fuDJS454bv/luGSYz7977YyLkm1f/98ccnJP/hXzIhLsvXfPxNccraf8EhW/vt3WwO35HmcUYUFAADoRUgXjdCLBAAAAABJRU5ErkJggg==",
      "StatusCode": 201,
      "ResponseHeaders": {
        "Content-Length": "0",
        "Content-MD5": "yLW2CQQeldeN1S7hH1/5Nw==",
        "Date": "Mon, 06 Mar 2023 02:40:58 GMT",
        "ETag": "\u00220x8DB1DEC37E939F5\u0022",
        "Last-Modified": "Mon, 06 Mar 2023 02:40:59 GMT",
        "Server": [
          "Windows-Azure-Blob/1.0",
          "Microsoft-HTTPAPI/2.0"
        ],
        "x-ms-content-crc64": "udv6YBRBC3o=",
        "x-ms-request-server-encrypted": "true",
        "x-ms-version": "2021-08-06"
      },
      "ResponseBody": null
    },
    {
      "RequestUri": "https://sao4t3kk7y2kdxs.blob.core.windows.net/azureml-blobstore-25fd3f03-898c-4211-9cc3-9b723a66326c/LocalUpload/00000000000000000000000000000000/mnist-data/3.png",
      "RequestMethod": "PUT",
      "RequestHeaders": {
        "Accept": "application/xml",
        "Accept-Encoding": "gzip, deflate",
        "Connection": "keep-alive",
        "Content-Length": "266",
        "Content-MD5": "u9vq0WTYgE2NVJ8dagwc/w==",
        "Content-Type": "application/octet-stream",
        "If-None-Match": "*",
        "User-Agent": "azsdk-python-storage-blob/12.14.1 Python/3.7.9 (Windows-10-10.0.22621-SP0)",
        "x-ms-blob-type": "BlockBlob",
        "x-ms-date": "Mon, 06 Mar 2023 02:40:58 GMT",
        "x-ms-version": "2021-08-06"
      },
      "RequestBody": "iVBORw0KGgoAAAANSUhEUgAAABwAAAAcCAAAAABXZoBIAAAA0UlEQVR4nGNgGGDAPe3vKXlckqq/f//NxiEnehS3ZN6\u002B30DJlbl22CT//gZJ/v59xxhTbtv/v0Dw6h6QwJCzvwvSOdnXruH370w0OYXnQBPvdHIxMMg/\u002B/25kBXDF3tEwMxcoDJldMmTchCm/AkMSYQzFE79/7sERbLn928YE9PYmzBJUXug057JYZecAPTQXVsGrJLb7gIlt6D589bfv56eT/7\u002BBQcTmhxDIThYIcRkdElguEAkn\u002B1V5kKXZLDrg0jiiE\u002BPdb/XunvIYZekGwAAcICQlxrnDN8AAAAASUVORK5CYII=",
      "StatusCode": 201,
      "ResponseHeaders": {
        "Content-Length": "0",
        "Content-MD5": "u9vq0WTYgE2NVJ8dagwc/w==",
        "Date": "Mon, 06 Mar 2023 02:40:59 GMT",
        "ETag": "\u00220x8DB1DEC37FD825A\u0022",
        "Last-Modified": "Mon, 06 Mar 2023 02:40:59 GMT",
        "Server": [
          "Windows-Azure-Blob/1.0",
          "Microsoft-HTTPAPI/2.0"
        ],
        "x-ms-content-crc64": "EysDbvmWNSg=",
        "x-ms-request-server-encrypted": "true",
        "x-ms-version": "2021-08-06"
      },
      "ResponseBody": null
    },
    {
      "RequestUri": "https://sao4t3kk7y2kdxs.blob.core.windows.net/azureml-blobstore-25fd3f03-898c-4211-9cc3-9b723a66326c/LocalUpload/00000000000000000000000000000000/mnist-data/1.png",
      "RequestMethod": "PUT",
      "RequestHeaders": {
        "Accept": "application/xml",
        "Accept-Encoding": "gzip, deflate",
        "Connection": "keep-alive",
        "Content-Length": "255",
        "Content-MD5": "4soERrkbkp\u002BoJQfBCzPTxw==",
        "Content-Type": "application/octet-stream",
        "If-None-Match": "*",
        "User-Agent": "azsdk-python-storage-blob/12.14.1 Python/3.7.9 (Windows-10-10.0.22621-SP0)",
        "x-ms-blob-type": "BlockBlob",
        "x-ms-date": "Mon, 06 Mar 2023 02:40:58 GMT",
        "x-ms-version": "2021-08-06"
      },
      "RequestBody": "iVBORw0KGgoAAAANSUhEUgAAABwAAAAcCAAAAABXZoBIAAAAxklEQVR4nGNgoDUoqV39//\u002B0WKxyK/\u002BCwS05HHJX\u002Bzb8/VuFKWfy6\u002B8lBR4GtnN/ezAlfX9fkgRSVT/\u002BOmIxVl4IRF78i1USDEq//z3GhUPO5/vf5/a4NDb8/TsBl9yGb3/n8\u002BCQk3z196UyLo3H/v7txSXn9\u002BPvXlyGCp/Ao7Ht79\u002B1uDQy/Pj7VxKXHEhSWwQIWBlYRURUp02bNpkLRRIMVvQvg7KqEZLr/iLAz\u002B/fV5aWWiKZW1ZdXQ3SNLu6WhOn5QMMADeOcLN/VWHoAAAAAElFTkSuQmCC",
      "StatusCode": 201,
      "ResponseHeaders": {
        "Content-Length": "0",
        "Content-MD5": "4soERrkbkp\u002BoJQfBCzPTxw==",
        "Date": "Mon, 06 Mar 2023 02:40:58 GMT",
        "ETag": "\u00220x8DB1DEC37FD825A\u0022",
        "Last-Modified": "Mon, 06 Mar 2023 02:40:59 GMT",
        "Server": [
          "Windows-Azure-Blob/1.0",
          "Microsoft-HTTPAPI/2.0"
        ],
        "x-ms-content-crc64": "GFNu8HXRRJ0=",
        "x-ms-request-server-encrypted": "true",
        "x-ms-version": "2021-08-06"
      },
      "ResponseBody": null
    },
    {
      "RequestUri": "https://sao4t3kk7y2kdxs.blob.core.windows.net/azureml-blobstore-25fd3f03-898c-4211-9cc3-9b723a66326c/LocalUpload/00000000000000000000000000000000/mnist-data/MLTable",
      "RequestMethod": "PUT",
      "RequestHeaders": {
        "Accept": "application/xml",
        "Accept-Encoding": "gzip, deflate",
        "Connection": "keep-alive",
        "Content-Length": "79",
        "Content-MD5": "7zeyWI64YGa2uwX4\u002BTxQyw==",
        "Content-Type": "application/octet-stream",
        "If-None-Match": "*",
        "User-Agent": "azsdk-python-storage-blob/12.14.1 Python/3.7.9 (Windows-10-10.0.22621-SP0)",
        "x-ms-blob-type": "BlockBlob",
        "x-ms-date": "Mon, 06 Mar 2023 02:40:58 GMT",
        "x-ms-version": "2021-08-06"
      },
      "RequestBody": "cGF0aHM6CiAgLSBmaWxlOiAuLzAucG5nCiAgLSBmaWxlOiAuLzEucG5nCiAgLSBmaWxlOiAuLzIucG5nCiAgLSBmaWxlOiAuLzMucG5nCg==",
      "StatusCode": 201,
      "ResponseHeaders": {
        "Content-Length": "0",
        "Content-MD5": "7zeyWI64YGa2uwX4\u002BTxQyw==",
        "Date": "Mon, 06 Mar 2023 02:40:59 GMT",
        "ETag": "\u00220x8DB1DEC38132A0A\u0022",
        "Last-Modified": "Mon, 06 Mar 2023 02:40:59 GMT",
        "Server": [
          "Windows-Azure-Blob/1.0",
          "Microsoft-HTTPAPI/2.0"
        ],
        "x-ms-content-crc64": "XyX/9IMWGbk=",
        "x-ms-request-server-encrypted": "true",
        "x-ms-version": "2021-08-06"
      },
      "ResponseBody": null
    },
    {
      "RequestUri": "https://sao4t3kk7y2kdxs.blob.core.windows.net/azureml-blobstore-25fd3f03-898c-4211-9cc3-9b723a66326c/LocalUpload/00000000000000000000000000000000/mnist-data/0.png?comp=metadata",
      "RequestMethod": "PUT",
      "RequestHeaders": {
        "Accept": "application/xml",
        "Accept-Encoding": "gzip, deflate",
        "Connection": "keep-alive",
        "Content-Length": "0",
        "User-Agent": "azsdk-python-storage-blob/12.14.1 Python/3.7.9 (Windows-10-10.0.22621-SP0)",
        "x-ms-date": "Mon, 06 Mar 2023 02:40:59 GMT",
        "x-ms-meta-name": "6264ef2e-9cd6-4969-a024-602f4248beb9",
        "x-ms-meta-upload_status": "completed",
        "x-ms-meta-version": "b7c00087-0e46-4480-a939-3c0fa8a0854f",
        "x-ms-version": "2021-08-06"
      },
      "RequestBody": null,
      "StatusCode": 200,
      "ResponseHeaders": {
        "Content-Length": "0",
        "Date": "Mon, 06 Mar 2023 02:40:59 GMT",
        "ETag": "\u00220x8DB1DEC382883AF\u0022",
        "Last-Modified": "Mon, 06 Mar 2023 02:40:59 GMT",
        "Server": [
          "Windows-Azure-Blob/1.0",
          "Microsoft-HTTPAPI/2.0"
        ],
        "x-ms-request-server-encrypted": "true",
        "x-ms-version": "2021-08-06"
      },
      "ResponseBody": null
    },
    {
      "RequestUri": "https://management.azure.com/subscriptions/00000000-0000-0000-0000-000000000/resourceGroups/00000/providers/Microsoft.MachineLearningServices/workspaces/00000/jobs/000000000000000000000?api-version=2023-02-01-preview",
      "RequestMethod": "PUT",
      "RequestHeaders": {
        "Accept": "application/json",
        "Accept-Encoding": "gzip, deflate",
        "Connection": "keep-alive",
        "Content-Length": "3353",
        "Content-Type": "application/json",
        "User-Agent": "azure-ai-ml/1.5.0 azsdk-python-mgmt-machinelearningservices/0.1.0 Python/3.7.9 (Windows-10-10.0.22621-SP0)"
      },
      "RequestBody": {
        "properties": {
          "properties": {},
          "tags": {},
          "displayName": "parallel_in_pipeline",
          "experimentName": "parallel_in_pipeline",
          "isArchived": false,
          "jobType": "Pipeline",
          "inputs": {
            "job_data_path": {
              "mode": "EvalMount",
              "uri": "azureml://datastores/workspaceblobstore/paths/LocalUpload/00000000000000000000000000000000/mnist-data",
              "jobInputType": "mltable"
            }
          },
          "jobs": {
            "batch_inference_node1": {
              "type": "parallel",
              "resources": {
                "instance_count": 2
              },
              "mini_batch_error_threshold": 1,
              "max_concurrency_per_instance": 1,
              "task": {
                "type": "run_function",
                "code": "azureml:/subscriptions/00000000-0000-0000-0000-000000000/resourceGroups/00000/providers/Microsoft.MachineLearningServices/workspaces/00000/codes/23a9245f-c7d2-44b7-90db-d9081b6e3581/versions/1",
                "entry_script": "score.py",
                "program_arguments": "--job_output_path ${{outputs.job_output_path}}",
                "environment": "azureml:AzureML-sklearn-1.0-ubuntu20.04-py38-cpu:33"
              },
              "input_data": "${{inputs.job_data_path}}",
              "name": "batch_inference_node1",
              "inputs": {
                "job_data_path": {
                  "job_input_type": "literal",
                  "value": "${{parent.inputs.job_data_path}}"
                }
              },
              "_source": "YAML.COMPONENT",
              "componentId": "/subscriptions/00000000-0000-0000-0000-000000000/resourceGroups/00000/providers/Microsoft.MachineLearningServices/workspaces/00000/components/azureml_anonymous/versions/d0daf271-6881-4f63-8a1b-17ff9f6918ee",
              "mini_batch_size": 1
            },
            "convert_data_node": {
              "name": "convert_data_node",
              "type": "command",
              "inputs": {
                "input_data": {
                  "job_input_type": "literal",
                  "value": "${{parent.jobs.batch_inference_node1.outputs.job_output_path}}"
                }
              },
              "outputs": {
                "file_output_data": {
                  "job_output_type": "mltable"
                }
              },
              "_source": "YAML.COMPONENT",
              "componentId": "/subscriptions/00000000-0000-0000-0000-000000000/resourceGroups/00000/providers/Microsoft.MachineLearningServices/workspaces/00000/components/azureml_anonymous/versions/47a03f0d-6e5f-4712-9be8-7fec4223812b"
            },
            "batch_inference_node2": {
              "type": "parallel",
              "resources": {
                "instance_count": 2
              },
              "mini_batch_error_threshold": 1,
              "max_concurrency_per_instance": 1,
              "task": {
                "type": "run_function",
                "code": "azureml:/subscriptions/00000000-0000-0000-0000-000000000/resourceGroups/00000/providers/Microsoft.MachineLearningServices/workspaces/00000/codes/23a9245f-c7d2-44b7-90db-d9081b6e3581/versions/1",
                "entry_script": "score.py",
                "program_arguments": "--job_output_path ${{outputs.job_output_path}}",
                "environment": "azureml:AzureML-sklearn-1.0-ubuntu20.04-py38-cpu:33"
              },
              "input_data": "${{inputs.job_data_path}}",
              "name": "batch_inference_node2",
              "inputs": {
                "job_data_path": {
                  "job_input_type": "literal",
                  "value": "${{parent.jobs.convert_data_node.outputs.file_output_data}}",
                  "mode": "EvalMount"
                }
              },
              "outputs": {
                "job_output_path": {
                  "value": "${{parent.outputs.job_out_data}}",
                  "type": "literal"
                }
              },
              "_source": "YAML.COMPONENT",
              "componentId": "/subscriptions/00000000-0000-0000-0000-000000000/resourceGroups/00000/providers/Microsoft.MachineLearningServices/workspaces/00000/components/azureml_anonymous/versions/d0daf271-6881-4f63-8a1b-17ff9f6918ee",
              "mini_batch_size": 1
            }
          },
          "outputs": {
            "job_out_data": {
              "mode": "Upload",
              "jobOutputType": "uri_folder"
            }
          },
          "settings": {
            "default_compute": "/subscriptions/00000000-0000-0000-0000-000000000/resourceGroups/00000/providers/Microsoft.MachineLearningServices/workspaces/00000/computes/cpu-cluster",
            "_source": "DSL"
          }
        }
      },
      "StatusCode": 201,
      "ResponseHeaders": {
        "Cache-Control": "no-cache",
        "Content-Length": "4769",
        "Content-Type": "application/json; charset=utf-8",
        "Date": "Mon, 06 Mar 2023 02:41:09 GMT",
        "Expires": "-1",
        "Location": "https://management.azure.com/subscriptions/00000000-0000-0000-0000-000000000/resourceGroups/00000/providers/Microsoft.MachineLearningServices/workspaces/00000/jobs/000000000000000000000?api-version=2023-02-01-preview",
        "Pragma": "no-cache",
        "request-context": "appId=cid-v1:512cc15a-13b5-415b-bfd0-dce7accb6bb1",
        "Server-Timing": "traceparent;desc=\u002200-6bf31da413b55b1594f0dc6c3ee695dc-3d46805c3a426dd7-01\u0022",
        "Strict-Transport-Security": "max-age=31536000; includeSubDomains",
        "x-aml-cluster": "vienna-test-westus2-02",
        "X-Content-Type-Options": "nosniff",
        "x-ms-correlation-request-id": "ba0b70c9-f668-40d8-8dfa-9a92eb107be1",
        "x-ms-ratelimit-remaining-subscription-writes": "1198",
        "x-ms-response-type": "standard",
        "x-ms-routing-request-id": "WESTUS2:20230306T024110Z:ba0b70c9-f668-40d8-8dfa-9a92eb107be1",
        "x-request-time": "7.252"
      },
      "ResponseBody": {
        "id": "/subscriptions/00000000-0000-0000-0000-000000000/resourceGroups/00000/providers/Microsoft.MachineLearningServices/workspaces/00000/jobs/000000000000000000000",
        "name": "000000000000000000000",
        "type": "Microsoft.MachineLearningServices/workspaces/jobs",
        "properties": {
          "description": null,
          "tags": {},
          "properties": {
            "azureml.DevPlatv2": "true",
            "azureml.runsource": "azureml.PipelineRun",
            "runSource": "MFE",
            "runType": "HTTP",
            "azureml.parameters": "{}",
            "azureml.continue_on_step_failure": "False",
            "azureml.continue_on_failed_optional_input": "True",
            "azureml.defaultComputeName": "cpu-cluster",
            "azureml.defaultDataStoreName": "workspaceblobstore",
            "azureml.pipelineComponent": "pipelinerun"
          },
          "displayName": "parallel_in_pipeline",
          "status": "Preparing",
          "experimentName": "parallel_in_pipeline",
          "services": {
            "Tracking": {
              "jobServiceType": "Tracking",
              "port": null,
              "endpoint": "azureml://master.api.azureml-test.ms/mlflow/v1.0/subscriptions/00000000-0000-0000-0000-000000000/resourceGroups/00000/providers/Microsoft.MachineLearningServices/workspaces/00000?",
              "status": null,
              "errorMessage": null,
              "properties": null,
              "nodes": null
            },
            "Studio": {
              "jobServiceType": "Studio",
              "port": null,
              "endpoint": "https://ml.azure.com/runs/000000000000000000000?wsid=/subscriptions/00000000-0000-0000-0000-000000000/resourcegroups/00000/workspaces/00000",
              "status": null,
              "errorMessage": null,
              "properties": null,
              "nodes": null
            }
          },
          "computeId": null,
          "isArchived": false,
          "identity": null,
          "componentId": null,
          "notificationSetting": null,
          "jobType": "Pipeline",
          "settings": {
            "default_compute": "/subscriptions/00000000-0000-0000-0000-000000000/resourceGroups/00000/providers/Microsoft.MachineLearningServices/workspaces/00000/computes/cpu-cluster",
            "_source": "DSL"
          },
          "jobs": {
            "batch_inference_node1": {
              "type": "parallel",
              "resources": {
                "instance_count": 2
              },
              "mini_batch_error_threshold": 1,
              "max_concurrency_per_instance": 1,
              "task": {
                "type": "run_function",
                "code": "azureml:/subscriptions/00000000-0000-0000-0000-000000000/resourceGroups/00000/providers/Microsoft.MachineLearningServices/workspaces/00000/codes/23a9245f-c7d2-44b7-90db-d9081b6e3581/versions/1",
                "entry_script": "score.py",
                "program_arguments": "--job_output_path ${{outputs.job_output_path}}",
                "environment": "azureml:AzureML-sklearn-1.0-ubuntu20.04-py38-cpu:33"
              },
              "input_data": "${{inputs.job_data_path}}",
              "name": "batch_inference_node1",
              "inputs": {
                "job_data_path": {
                  "job_input_type": "literal",
                  "value": "${{parent.inputs.job_data_path}}"
                }
              },
              "_source": "YAML.COMPONENT",
              "componentId": "/subscriptions/00000000-0000-0000-0000-000000000/resourceGroups/00000/providers/Microsoft.MachineLearningServices/workspaces/00000/components/azureml_anonymous/versions/d0daf271-6881-4f63-8a1b-17ff9f6918ee",
              "mini_batch_size": 1
            },
            "convert_data_node": {
              "name": "convert_data_node",
              "type": "command",
              "inputs": {
                "input_data": {
                  "job_input_type": "literal",
                  "value": "${{parent.jobs.batch_inference_node1.outputs.job_output_path}}"
                }
              },
              "outputs": {
                "file_output_data": {
                  "job_output_type": "mltable"
                }
              },
              "_source": "YAML.COMPONENT",
              "componentId": "/subscriptions/00000000-0000-0000-0000-000000000/resourceGroups/00000/providers/Microsoft.MachineLearningServices/workspaces/00000/components/azureml_anonymous/versions/47a03f0d-6e5f-4712-9be8-7fec4223812b"
            },
            "batch_inference_node2": {
              "type": "parallel",
              "resources": {
                "instance_count": 2
              },
              "mini_batch_error_threshold": 1,
              "max_concurrency_per_instance": 1,
              "task": {
                "type": "run_function",
                "code": "azureml:/subscriptions/00000000-0000-0000-0000-000000000/resourceGroups/00000/providers/Microsoft.MachineLearningServices/workspaces/00000/codes/23a9245f-c7d2-44b7-90db-d9081b6e3581/versions/1",
                "entry_script": "score.py",
                "program_arguments": "--job_output_path ${{outputs.job_output_path}}",
                "environment": "azureml:AzureML-sklearn-1.0-ubuntu20.04-py38-cpu:33"
              },
              "input_data": "${{inputs.job_data_path}}",
              "name": "batch_inference_node2",
              "inputs": {
                "job_data_path": {
                  "job_input_type": "literal",
                  "value": "${{parent.jobs.convert_data_node.outputs.file_output_data}}",
                  "mode": "EvalMount"
                }
              },
              "outputs": {
                "job_output_path": {
                  "value": "${{parent.outputs.job_out_data}}",
                  "type": "literal"
                }
              },
              "_source": "YAML.COMPONENT",
              "componentId": "/subscriptions/00000000-0000-0000-0000-000000000/resourceGroups/00000/providers/Microsoft.MachineLearningServices/workspaces/00000/components/azureml_anonymous/versions/d0daf271-6881-4f63-8a1b-17ff9f6918ee",
              "mini_batch_size": 1
            }
          },
          "inputs": {
            "job_data_path": {
              "description": null,
              "uri": "azureml://datastores/workspaceblobstore/paths/LocalUpload/00000000000000000000000000000000/mnist-data",
              "mode": "EvalMount",
              "jobInputType": "mltable"
            }
          },
          "outputs": {
            "job_out_data": {
              "description": null,
              "uri": null,
              "assetName": null,
              "assetVersion": null,
              "mode": "Upload",
              "jobOutputType": "uri_folder"
            }
          },
          "sourceJobId": null
        },
        "systemData": {
          "createdAt": "2023-03-06T02:41:09.8381538\u002B00:00",
          "createdBy": "Firstname Lastname",
          "createdByType": "User"
        }
      }
    },
    {
      "RequestUri": "https://management.azure.com/subscriptions/00000000-0000-0000-0000-000000000/resourceGroups/00000/providers/Microsoft.MachineLearningServices/workspaces/00000/jobs/000000000000000000000/cancel?api-version=2023-02-01-preview",
      "RequestMethod": "POST",
      "RequestHeaders": {
        "Accept": "application/json",
        "Accept-Encoding": "gzip, deflate",
        "Connection": "keep-alive",
        "Content-Length": "0",
        "User-Agent": "azure-ai-ml/1.5.0 azsdk-python-mgmt-machinelearningservices/0.1.0 Python/3.7.9 (Windows-10-10.0.22621-SP0)"
      },
      "RequestBody": null,
      "StatusCode": 202,
      "ResponseHeaders": {
        "Cache-Control": "no-cache",
        "Content-Length": "4",
        "Content-Type": "application/json; charset=utf-8",
        "Date": "Mon, 06 Mar 2023 02:41:14 GMT",
        "Expires": "-1",
        "Location": "https://management.azure.com/subscriptions/00000000-0000-0000-0000-000000000/providers/Microsoft.MachineLearningServices/locations/centraluseuap/mfeOperationResults/jc:25fd3f03-898c-4211-9cc3-9b723a66326c:000000000000000000000?api-version=2023-02-01-preview",
        "Pragma": "no-cache",
        "request-context": "appId=cid-v1:512cc15a-13b5-415b-bfd0-dce7accb6bb1",
        "Strict-Transport-Security": "max-age=31536000; includeSubDomains",
        "x-aml-cluster": "vienna-test-westus2-02",
        "X-Content-Type-Options": "nosniff",
        "x-ms-async-operation-timeout": "PT1H",
        "x-ms-correlation-request-id": "40282b23-1ded-4a4d-865d-547665897ac0",
        "x-ms-ratelimit-remaining-subscription-writes": "1198",
        "x-ms-response-type": "standard",
        "x-ms-routing-request-id": "WESTUS2:20230306T024115Z:40282b23-1ded-4a4d-865d-547665897ac0",
        "x-request-time": "0.921"
      },
      "ResponseBody": "null"
    },
    {
      "RequestUri": "https://management.azure.com/subscriptions/00000000-0000-0000-0000-000000000/providers/Microsoft.MachineLearningServices/locations/centraluseuap/mfeOperationResults/jc:25fd3f03-898c-4211-9cc3-9b723a66326c:000000000000000000000?api-version=2023-02-01-preview",
      "RequestMethod": "GET",
      "RequestHeaders": {
        "Accept": "*/*",
        "Accept-Encoding": "gzip, deflate",
        "Connection": "keep-alive",
        "User-Agent": "azure-ai-ml/1.5.0 azsdk-python-mgmt-machinelearningservices/0.1.0 Python/3.7.9 (Windows-10-10.0.22621-SP0)"
      },
      "RequestBody": null,
      "StatusCode": 202,
      "ResponseHeaders": {
        "Cache-Control": "no-cache",
        "Content-Length": "2",
        "Content-Type": "application/json; charset=utf-8",
        "Date": "Mon, 06 Mar 2023 02:41:15 GMT",
        "Expires": "-1",
        "Location": "https://management.azure.com/subscriptions/00000000-0000-0000-0000-000000000/providers/Microsoft.MachineLearningServices/locations/centraluseuap/mfeOperationResults/jc:25fd3f03-898c-4211-9cc3-9b723a66326c:000000000000000000000?api-version=2023-02-01-preview",
        "Pragma": "no-cache",
        "request-context": "appId=cid-v1:512cc15a-13b5-415b-bfd0-dce7accb6bb1",
        "Strict-Transport-Security": "max-age=31536000; includeSubDomains",
        "x-aml-cluster": "vienna-test-westus2-02",
        "X-Content-Type-Options": "nosniff",
        "x-ms-correlation-request-id": "0936a069-867d-495e-8d05-74b83ea311a2",
        "x-ms-ratelimit-remaining-subscription-reads": "11997",
        "x-ms-response-type": "standard",
        "x-ms-routing-request-id": "WESTUS2:20230306T024115Z:0936a069-867d-495e-8d05-74b83ea311a2",
        "x-request-time": "0.026"
      },
      "ResponseBody": {}
    },
    {
      "RequestUri": "https://management.azure.com/subscriptions/00000000-0000-0000-0000-000000000/providers/Microsoft.MachineLearningServices/locations/centraluseuap/mfeOperationResults/jc:25fd3f03-898c-4211-9cc3-9b723a66326c:000000000000000000000?api-version=2023-02-01-preview",
      "RequestMethod": "GET",
      "RequestHeaders": {
        "Accept": "*/*",
        "Accept-Encoding": "gzip, deflate",
        "Connection": "keep-alive",
        "User-Agent": "azure-ai-ml/1.5.0 azsdk-python-mgmt-machinelearningservices/0.1.0 Python/3.7.9 (Windows-10-10.0.22621-SP0)"
      },
      "RequestBody": null,
      "StatusCode": 200,
      "ResponseHeaders": {
        "Cache-Control": "no-cache",
        "Content-Length": "0",
        "Date": "Mon, 06 Mar 2023 02:41:45 GMT",
        "Expires": "-1",
        "Pragma": "no-cache",
        "request-context": "appId=cid-v1:512cc15a-13b5-415b-bfd0-dce7accb6bb1",
        "Server-Timing": "traceparent;desc=\u002200-1b15c5972a52d12d9d16554cdacd3850-6c2a35ba02e94513-01\u0022",
        "Strict-Transport-Security": "max-age=31536000; includeSubDomains",
        "x-aml-cluster": "vienna-test-westus2-02",
        "X-Content-Type-Options": "nosniff",
        "x-ms-correlation-request-id": "0ec75672-edcb-412a-9bfe-f5db8e07236c",
        "x-ms-ratelimit-remaining-subscription-reads": "11996",
        "x-ms-response-type": "standard",
        "x-ms-routing-request-id": "WESTUS2:20230306T024145Z:0ec75672-edcb-412a-9bfe-f5db8e07236c",
        "x-request-time": "0.037"
      },
      "ResponseBody": null
    }
  ],
  "Variables": {}
}
