{
  "Entries": [
    {
      "RequestUri": "https://management.azure.com/subscriptions/00000000-0000-0000-0000-000000000/resourceGroups/00000/providers/Microsoft.MachineLearningServices/workspaces/00000/computes/gpu-cluster?api-version=2022-01-01-preview",
      "RequestMethod": "GET",
      "RequestHeaders": {
        "Accept": "application/json",
        "Accept-Encoding": "gzip, deflate",
        "Connection": "keep-alive",
        "User-Agent": "azure-ai-ml/1.1.0 azsdk-python-mgmt-machinelearningservices/0.1.0 Python/3.9.13 (Windows-10-10.0.22621-SP0)"
      },
      "RequestBody": null,
      "StatusCode": 200,
      "ResponseHeaders": {
        "Cache-Control": "no-cache",
        "Content-Length": "1512",
        "Content-Type": "application/json; charset=utf-8",
        "Date": "Fri, 04 Nov 2022 08:57:49 GMT",
        "Expires": "-1",
        "Pragma": "no-cache",
        "Request-Context": "appId=cid-v1:2d2e8e63-272e-4b3c-8598-4ee570a0e70d",
        "Server-Timing": "traceparent;desc=\u002200-a9a512707ade0e5071553d7adde21ca1-f4c3ba00a300cdc9-00\u0022",
        "Strict-Transport-Security": "max-age=31536000; includeSubDomains",
        "Vary": "Accept-Encoding",
        "x-aml-cluster": "vienna-eastus-01",
        "X-Content-Type-Options": "nosniff",
        "x-ms-correlation-request-id": "b7068e17-cd84-499c-9f4d-ef3a1a775806",
        "x-ms-ratelimit-remaining-subscription-reads": "11998",
        "x-ms-response-type": "standard",
        "x-ms-routing-request-id": "JAPANEAST:20221104T085750Z:b7068e17-cd84-499c-9f4d-ef3a1a775806",
        "x-request-time": "0.042"
      },
      "ResponseBody": {
        "id": "/subscriptions/00000000-0000-0000-0000-000000000/resourceGroups/AmlComponentNotebook/providers/Microsoft.MachineLearningServices/workspaces/00000/computes/gpu-cluster",
        "name": "gpu-cluster",
        "type": "Microsoft.MachineLearningServices/workspaces/computes",
        "location": "eastus",
        "tags": {},
        "properties": {
          "createdOn": "2022-10-31T00:23:51.8405652\u002B00:00",
          "modifiedOn": "2022-10-31T00:23:56.2024588\u002B00:00",
          "disableLocalAuth": false,
          "description": null,
          "resourceId": null,
          "computeType": "AmlCompute",
          "computeLocation": "eastus",
          "provisioningState": "Succeeded",
          "provisioningErrors": null,
          "isAttachedCompute": false,
          "properties": {
            "vmSize": "STANDARD_NC12",
            "vmPriority": "Dedicated",
            "scaleSettings": {
              "maxNodeCount": 4,
              "minNodeCount": 0,
              "nodeIdleTimeBeforeScaleDown": "PT30M"
            },
            "subnet": null,
            "currentNodeCount": 0,
            "targetNodeCount": 0,
            "nodeStateCounts": {
              "preparingNodeCount": 0,
              "runningNodeCount": 0,
              "idleNodeCount": 0,
              "unusableNodeCount": 0,
              "leavingNodeCount": 0,
              "preemptedNodeCount": 0
            },
            "allocationState": "Steady",
            "allocationStateTransitionTime": "2022-10-31T02:28:27.528\u002B00:00",
            "errors": null,
            "remoteLoginPortPublicAccess": "Enabled",
            "osType": "Linux",
            "virtualMachineImage": null,
            "isolatedNetwork": false,
            "propertyBag": {}
          }
        }
      }
    },
    {
      "RequestUri": "https://management.azure.com/subscriptions/00000000-0000-0000-0000-000000000/resourceGroups/00000/providers/Microsoft.MachineLearningServices/workspaces/00000/datastores/workspaceblobstore?api-version=2022-05-01",
      "RequestMethod": "GET",
      "RequestHeaders": {
        "Accept": "application/json",
        "Accept-Encoding": "gzip, deflate",
        "Connection": "keep-alive",
        "User-Agent": "azure-ai-ml/1.1.0 azsdk-python-mgmt-machinelearningservices/0.1.0 Python/3.9.13 (Windows-10-10.0.22621-SP0)"
      },
      "RequestBody": null,
      "StatusCode": 200,
      "ResponseHeaders": {
        "Cache-Control": "no-cache",
        "Content-Length": "1071",
        "Content-Type": "application/json; charset=utf-8",
        "Date": "Fri, 04 Nov 2022 08:57:52 GMT",
        "Expires": "-1",
        "Pragma": "no-cache",
        "Request-Context": "appId=cid-v1:2d2e8e63-272e-4b3c-8598-4ee570a0e70d",
        "Server-Timing": "traceparent;desc=\u002200-d0f1eef89551a729ad13bab13207270f-6bd70a7e8935f81f-00\u0022",
        "Strict-Transport-Security": "max-age=31536000; includeSubDomains",
        "Vary": "Accept-Encoding",
        "x-aml-cluster": "vienna-eastus-01",
        "X-Content-Type-Options": "nosniff",
        "x-ms-correlation-request-id": "72613355-bef8-445c-b6e9-c51152ca899a",
        "x-ms-ratelimit-remaining-subscription-reads": "11997",
        "x-ms-response-type": "standard",
        "x-ms-routing-request-id": "JAPANEAST:20221104T085752Z:72613355-bef8-445c-b6e9-c51152ca899a",
        "x-request-time": "0.128"
      },
      "ResponseBody": {
        "id": "/subscriptions/00000000-0000-0000-0000-000000000/resourceGroups/00000/providers/Microsoft.MachineLearningServices/workspaces/00000/datastores/workspaceblobstore",
        "name": "workspaceblobstore",
        "type": "Microsoft.MachineLearningServices/workspaces/datastores",
        "properties": {
          "description": null,
          "tags": null,
          "properties": null,
          "isDefault": true,
          "credentials": {
            "credentialsType": "AccountKey"
          },
          "datastoreType": "AzureBlob",
          "accountName": "teststorageaccount",
          "containerName": "azureml-blobstore-6d334fd6-79ff-46da-972b-2a0c0eda678f",
          "endpoint": "core.windows.net",
          "protocol": "https",
          "serviceDataAccessAuthIdentity": "WorkspaceSystemAssignedIdentity"
        },
        "systemData": {
          "createdAt": "2022-10-31T00:23:40.3670316\u002B00:00",
          "createdBy": "779301c0-18b2-4cdc-801b-a0a3368fee0a",
          "createdByType": "Application",
          "lastModifiedAt": "2022-10-31T00:23:41.0619586\u002B00:00",
          "lastModifiedBy": "779301c0-18b2-4cdc-801b-a0a3368fee0a",
          "lastModifiedByType": "Application"
        }
      }
    },
    {
      "RequestUri": "https://management.azure.com/subscriptions/00000000-0000-0000-0000-000000000/resourceGroups/00000/providers/Microsoft.MachineLearningServices/workspaces/00000/datastores/workspaceblobstore/listSecrets?api-version=2022-05-01",
      "RequestMethod": "POST",
      "RequestHeaders": {
        "Accept": "application/json",
        "Accept-Encoding": "gzip, deflate",
        "Connection": "keep-alive",
        "Content-Length": "0",
        "User-Agent": "azure-ai-ml/1.1.0 azsdk-python-mgmt-machinelearningservices/0.1.0 Python/3.9.13 (Windows-10-10.0.22621-SP0)"
      },
      "RequestBody": null,
      "StatusCode": 200,
      "ResponseHeaders": {
        "Cache-Control": "no-cache",
        "Content-Length": "61",
        "Content-Type": "application/json; charset=utf-8",
        "Date": "Fri, 04 Nov 2022 08:57:53 GMT",
        "Expires": "-1",
        "Pragma": "no-cache",
        "Request-Context": "appId=cid-v1:2d2e8e63-272e-4b3c-8598-4ee570a0e70d",
        "Server-Timing": "traceparent;desc=\u002200-60aef858e89e0916586aeaf0e64c0752-0c6632843c75bd22-00\u0022",
        "Strict-Transport-Security": "max-age=31536000; includeSubDomains",
        "x-aml-cluster": "vienna-eastus-01",
        "X-Content-Type-Options": "nosniff",
        "x-ms-correlation-request-id": "3f45258f-2a49-4f8f-822f-e8bbb162014e",
        "x-ms-ratelimit-remaining-subscription-writes": "1199",
        "x-ms-response-type": "standard",
        "x-ms-routing-request-id": "JAPANEAST:20221104T085753Z:3f45258f-2a49-4f8f-822f-e8bbb162014e",
        "x-request-time": "0.285"
      },
      "ResponseBody": {
        "secretsType": "AccountKey",
        "key": "dGhpcyBpcyBmYWtlIGtleQ=="
      }
    },
    {
      "RequestUri": "https://teststorageaccount.blob.core.windows.net/azureml-blobstore-6d334fd6-79ff-46da-972b-2a0c0eda678f/LocalUpload/00000000000000000000000000000000/COMPONENT_PLACEHOLDER",
      "RequestMethod": "HEAD",
      "RequestHeaders": {
        "Accept": "application/xml",
        "Accept-Encoding": "gzip, deflate",
        "Connection": "keep-alive",
        "User-Agent": "azsdk-python-storage-blob/12.13.1 Python/3.9.13 (Windows-10-10.0.22621-SP0)",
        "x-ms-date": "Fri, 04 Nov 2022 08:57:52 GMT",
        "x-ms-version": "2021-08-06"
      },
      "RequestBody": null,
      "StatusCode": 200,
      "ResponseHeaders": {
        "Accept-Ranges": "bytes",
        "Content-Length": "35",
        "Content-MD5": "L/DnSpFIn\u002BjaQWc\u002BsUQdcw==",
        "Content-Type": "application/octet-stream",
        "Date": "Fri, 04 Nov 2022 08:57:53 GMT",
        "ETag": "\u00220x8DABE421A2C7825\u0022",
        "Last-Modified": "Fri, 04 Nov 2022 08:53:54 GMT",
        "Server": [
          "Windows-Azure-Blob/1.0",
          "Microsoft-HTTPAPI/2.0"
        ],
        "Vary": "Origin",
        "x-ms-access-tier": "Hot",
        "x-ms-access-tier-inferred": "true",
        "x-ms-blob-type": "BlockBlob",
        "x-ms-creation-time": "Fri, 04 Nov 2022 08:53:54 GMT",
        "x-ms-lease-state": "available",
        "x-ms-lease-status": "unlocked",
        "x-ms-meta-name": "94a7e131-6059-4c34-991e-49c238a2d03b",
        "x-ms-meta-upload_status": "completed",
        "x-ms-meta-version": "1",
        "x-ms-server-encrypted": "true",
        "x-ms-version": "2021-08-06"
      },
      "ResponseBody": null
    },
    {
      "RequestUri": "https://teststorageaccount.blob.core.windows.net/azureml-blobstore-6d334fd6-79ff-46da-972b-2a0c0eda678f/az-ml-artifacts/00000000000000000000000000000000/COMPONENT_PLACEHOLDER",
      "RequestMethod": "HEAD",
      "RequestHeaders": {
        "Accept": "application/xml",
        "Accept-Encoding": "gzip, deflate",
        "Connection": "keep-alive",
        "User-Agent": "azsdk-python-storage-blob/12.13.1 Python/3.9.13 (Windows-10-10.0.22621-SP0)",
        "x-ms-date": "Fri, 04 Nov 2022 08:57:54 GMT",
        "x-ms-version": "2021-08-06"
      },
      "RequestBody": null,
      "StatusCode": 404,
      "ResponseHeaders": {
        "Date": "Fri, 04 Nov 2022 08:57:54 GMT",
        "Server": [
          "Windows-Azure-Blob/1.0",
          "Microsoft-HTTPAPI/2.0"
        ],
        "Transfer-Encoding": "chunked",
        "Vary": "Origin",
        "x-ms-error-code": "BlobNotFound",
        "x-ms-version": "2021-08-06"
      },
      "ResponseBody": null
    },
    {
      "RequestUri": "https://management.azure.com/subscriptions/00000000-0000-0000-0000-000000000/resourceGroups/00000/providers/Microsoft.MachineLearningServices/workspaces/00000/codes/94a7e131-6059-4c34-991e-49c238a2d03b/versions/1?api-version=2022-05-01",
      "RequestMethod": "PUT",
      "RequestHeaders": {
        "Accept": "application/json",
        "Accept-Encoding": "gzip, deflate",
        "Connection": "keep-alive",
        "Content-Length": "291",
        "Content-Type": "application/json",
        "User-Agent": "azure-ai-ml/1.1.0 azsdk-python-mgmt-machinelearningservices/0.1.0 Python/3.9.13 (Windows-10-10.0.22621-SP0)"
      },
      "RequestBody": {
        "properties": {
          "properties": {
            "hash_sha256": "0000000000000",
            "hash_version": "0000000000000"
          },
          "isAnonymous": true,
          "isArchived": false,
          "codeUri": "https://teststorageaccount.blob.core.windows.net/azureml-blobstore-6d334fd6-79ff-46da-972b-2a0c0eda678f/LocalUpload/00000000000000000000000000000000"
        }
      },
      "StatusCode": 200,
      "ResponseHeaders": {
        "Cache-Control": "no-cache",
        "Content-Length": "821",
        "Content-Type": "application/json; charset=utf-8",
        "Date": "Fri, 04 Nov 2022 08:57:55 GMT",
        "Expires": "-1",
        "Pragma": "no-cache",
        "Request-Context": "appId=cid-v1:2d2e8e63-272e-4b3c-8598-4ee570a0e70d",
        "Server-Timing": "traceparent;desc=\u002200-2b2de2b76bb0cadfb4c470d86dc6849a-8733db18325393a6-00\u0022",
        "Strict-Transport-Security": "max-age=31536000; includeSubDomains",
        "Vary": "Accept-Encoding",
        "x-aml-cluster": "vienna-eastus-01",
        "X-Content-Type-Options": "nosniff",
        "x-ms-correlation-request-id": "bcd77375-3221-4920-bb1c-c2ed63ed4755",
        "x-ms-ratelimit-remaining-subscription-writes": "1199",
        "x-ms-response-type": "standard",
        "x-ms-routing-request-id": "JAPANEAST:20221104T085756Z:bcd77375-3221-4920-bb1c-c2ed63ed4755",
        "x-request-time": "0.168"
      },
      "ResponseBody": "{\u0022id\u0022:\u0022/subscriptions/00000000-0000-0000-0000-000000000/resourceGroups/00000/providers/Microsoft.MachineLearningServices/workspaces/00000/codes/94a7e131-6059-4c34-991e-49c238a2d03b/versions/1\u0022,\u0022name\u0022:\u00221\u0022,\u0022type\u0022:\u0022Microsoft.MachineLearningServices/workspaces/codes/versions\u0022,\u0022properties\u0022:{\u0022description\u0022:null,\u0022tags\u0022:{},\u0022properties\u0022:{\u0022hash_sha256\u0022:\u00220000000000000\u0022,\u0022hash_version\u0022:\u00220000000000000\u0022},\u0022isArchived\u0022:false,\u0022isAnonymous\u0022:false,\u0022codeUri\u0022:\u0022https://teststorageaccount.blob.core.windows.net/azureml-blobstore-6d334fd6-79ff-46da-972b-2a0c0eda678f/LocalUpload/000000000000000000000000000000000000systemData\u0022:{\u0022createdAt\u0022:\u00222022-11-04T08:53:54.7453042\u002B00:00\u0022,\u0022createdBy\u0022:\u0022Zhengfei Wang\u0022,\u0022createdByType\u0022:\u0022User\u0022,\u0022lastModifiedAt\u0022:\u00222022-11-04T08:57:56.0853531\u002B00:00\u0022,\u0022lastModifiedBy\u0022:\u0022Zhengfei Wang\u0022,\u0022lastModifiedByType\u0022:\u0022User\u0022}}"
    },
    {
      "RequestUri": "https://management.azure.com/subscriptions/00000000-0000-0000-0000-000000000/resourceGroups/00000/providers/Microsoft.MachineLearningServices/workspaces/00000/components/azureml_anonymous/versions/000000000000000000000?api-version=2022-05-01",
      "RequestMethod": "PUT",
      "RequestHeaders": {
        "Accept": "application/json",
        "Accept-Encoding": "gzip, deflate",
        "Connection": "keep-alive",
        "Content-Length": "1320",
        "Content-Type": "application/json",
        "User-Agent": "azure-ai-ml/1.1.0 azsdk-python-mgmt-machinelearningservices/0.1.0 Python/3.9.13 (Windows-10-10.0.22621-SP0)"
      },
      "RequestBody": {
        "properties": {
          "description": "This is the mpi command component",
          "properties": {},
          "tags": {
            "tag": "tagvalue",
            "owner": "sdkteam"
          },
          "isAnonymous": true,
          "isArchived": false,
          "componentSpec": {
            "command": "echo Hello World \u0026 echo ${{inputs.component_in_number}} \u0026 echo ${{inputs.component_in_path}} \u0026 echo ${{outputs.component_out_path}}",
            "code": "azureml:/subscriptions/00000000-0000-0000-0000-000000000/resourceGroups/00000/providers/Microsoft.MachineLearningServices/workspaces/00000/codes/94a7e131-6059-4c34-991e-49c238a2d03b/versions/1",
            "environment": "azureml:AzureML-sklearn-0.24-ubuntu18.04-py37-cpu:1",
            "resources": {
              "instance_count": 2
            },
            "distribution": {
              "type": "mpi",
              "process_count_per_instance": 1
            },
            "name": "azureml_anonymous",
            "description": "This is the mpi command component",
            "tags": {
              "tag": "tagvalue",
              "owner": "sdkteam"
            },
            "version": "000000000000000000000",
            "$schema": "https://azuremlschemas.azureedge.net/development/commandComponent.schema.json",
            "display_name": "CommandComponentMpi",
            "is_deterministic": true,
            "inputs": {
              "component_in_number": {
                "type": "number",
                "default": "10.99",
                "description": "A number"
              },
              "component_in_path": {
                "type": "uri_folder",
                "description": "A path"
              }
            },
            "outputs": {
              "component_out_path": {
                "type": "uri_folder"
              }
            },
            "type": "command",
            "_source": "YAML.COMPONENT"
          }
        }
      },
      "StatusCode": 201,
      "ResponseHeaders": {
        "Cache-Control": "no-cache",
        "Content-Length": "2342",
        "Content-Type": "application/json; charset=utf-8",
        "Date": "Fri, 04 Nov 2022 08:57:57 GMT",
        "Expires": "-1",
        "Location": "https://management.azure.com/subscriptions/00000000-0000-0000-0000-000000000/resourceGroups/00000/providers/Microsoft.MachineLearningServices/workspaces/00000/components/azureml_anonymous/versions/000000000000000000000?api-version=2022-05-01",
        "Pragma": "no-cache",
        "Request-Context": "appId=cid-v1:2d2e8e63-272e-4b3c-8598-4ee570a0e70d",
        "Server-Timing": "traceparent;desc=\u002200-a70ac41d859f0a8ce9b322fe02c434e6-17a4f98a7cc71833-00\u0022",
        "Strict-Transport-Security": "max-age=31536000; includeSubDomains",
        "x-aml-cluster": "vienna-eastus-01",
        "X-Content-Type-Options": "nosniff",
        "x-ms-correlation-request-id": "f67d7c77-dc2c-4a51-bd14-b5f0c4e02137",
        "x-ms-ratelimit-remaining-subscription-writes": "1198",
        "x-ms-response-type": "standard",
        "x-ms-routing-request-id": "JAPANEAST:20221104T085757Z:f67d7c77-dc2c-4a51-bd14-b5f0c4e02137",
        "x-request-time": "0.912"
      },
      "ResponseBody": {
        "id": "/subscriptions/00000000-0000-0000-0000-000000000/resourceGroups/00000/providers/Microsoft.MachineLearningServices/workspaces/00000/components/azureml_anonymous/versions/8598fa96-efdb-44c4-9d15-1cfa734bb71c",
        "name": "8598fa96-efdb-44c4-9d15-1cfa734bb71c",
        "type": "Microsoft.MachineLearningServices/workspaces/components/versions",
        "properties": {
          "description": null,
          "tags": {
            "tag": "tagvalue",
            "owner": "sdkteam"
          },
          "properties": {},
          "isArchived": false,
          "isAnonymous": true,
          "componentSpec": {
            "name": "azureml_anonymous",
            "version": "8598fa96-efdb-44c4-9d15-1cfa734bb71c",
            "display_name": "CommandComponentMpi",
            "is_deterministic": "True",
            "type": "command",
            "description": "This is the mpi command component",
            "tags": {
              "tag": "tagvalue",
              "owner": "sdkteam"
            },
            "inputs": {
              "component_in_path": {
                "type": "uri_folder",
                "optional": "False",
                "description": "A path"
              },
              "component_in_number": {
                "type": "number",
                "optional": "False",
                "default": "10.99",
                "description": "A number"
              }
            },
            "outputs": {
              "component_out_path": {
                "type": "uri_folder"
              }
            },
            "code": "azureml:/subscriptions/00000000-0000-0000-0000-000000000/resourceGroups/00000/providers/Microsoft.MachineLearningServices/workspaces/00000/codes/94a7e131-6059-4c34-991e-49c238a2d03b/versions/1",
            "environment": "azureml://registries/azureml/environments/AzureML-sklearn-0.24-ubuntu18.04-py37-cpu/versions/1",
            "resources": {
              "instance_count": "2"
            },
            "distribution": {
              "process_count_per_instance": "1",
              "type": "Mpi"
            },
            "command": "echo Hello World \u0026 echo ${{inputs.component_in_number}} \u0026 echo ${{inputs.component_in_path}} \u0026 echo ${{outputs.component_out_path}}",
            "$schema": "https://azuremlschemas.azureedge.net/development/commandComponent.schema.json"
          }
        },
        "systemData": {
          "createdAt": "2022-11-04T08:57:57.2859625\u002B00:00",
          "createdBy": "Zhengfei Wang",
          "createdByType": "User",
          "lastModifiedAt": "2022-11-04T08:57:57.2859625\u002B00:00",
          "lastModifiedBy": "Zhengfei Wang",
          "lastModifiedByType": "User"
        }
      }
    },
    {
      "RequestUri": "https://management.azure.com/subscriptions/00000000-0000-0000-0000-000000000/resourceGroups/00000/providers/Microsoft.MachineLearningServices/workspaces/00000/datastores/workspaceblobstore?api-version=2022-05-01",
      "RequestMethod": "GET",
      "RequestHeaders": {
        "Accept": "application/json",
        "Accept-Encoding": "gzip, deflate",
        "Connection": "keep-alive",
        "User-Agent": "azure-ai-ml/1.1.0 azsdk-python-mgmt-machinelearningservices/0.1.0 Python/3.9.13 (Windows-10-10.0.22621-SP0)"
      },
      "RequestBody": null,
      "StatusCode": 200,
      "ResponseHeaders": {
        "Cache-Control": "no-cache",
        "Content-Length": "1071",
        "Content-Type": "application/json; charset=utf-8",
        "Date": "Fri, 04 Nov 2022 08:57:58 GMT",
        "Expires": "-1",
        "Pragma": "no-cache",
        "Request-Context": "appId=cid-v1:2d2e8e63-272e-4b3c-8598-4ee570a0e70d",
        "Server-Timing": "traceparent;desc=\u002200-14471a14fe21433fff3dab53cdeb14bf-18946661b1309e1f-00\u0022",
        "Strict-Transport-Security": "max-age=31536000; includeSubDomains",
        "Vary": "Accept-Encoding",
        "x-aml-cluster": "vienna-eastus-01",
        "X-Content-Type-Options": "nosniff",
        "x-ms-correlation-request-id": "41529992-491f-43c9-a430-c2d2ea1f9f42",
        "x-ms-ratelimit-remaining-subscription-reads": "11996",
        "x-ms-response-type": "standard",
        "x-ms-routing-request-id": "JAPANEAST:20221104T085759Z:41529992-491f-43c9-a430-c2d2ea1f9f42",
        "x-request-time": "0.108"
      },
      "ResponseBody": {
        "id": "/subscriptions/00000000-0000-0000-0000-000000000/resourceGroups/00000/providers/Microsoft.MachineLearningServices/workspaces/00000/datastores/workspaceblobstore",
        "name": "workspaceblobstore",
        "type": "Microsoft.MachineLearningServices/workspaces/datastores",
        "properties": {
          "description": null,
          "tags": null,
          "properties": null,
          "isDefault": true,
          "credentials": {
            "credentialsType": "AccountKey"
          },
          "datastoreType": "AzureBlob",
          "accountName": "teststorageaccount",
          "containerName": "azureml-blobstore-6d334fd6-79ff-46da-972b-2a0c0eda678f",
          "endpoint": "core.windows.net",
          "protocol": "https",
          "serviceDataAccessAuthIdentity": "WorkspaceSystemAssignedIdentity"
        },
        "systemData": {
          "createdAt": "2022-10-31T00:23:40.3670316\u002B00:00",
          "createdBy": "779301c0-18b2-4cdc-801b-a0a3368fee0a",
          "createdByType": "Application",
          "lastModifiedAt": "2022-10-31T00:23:41.0619586\u002B00:00",
          "lastModifiedBy": "779301c0-18b2-4cdc-801b-a0a3368fee0a",
          "lastModifiedByType": "Application"
        }
      }
    },
    {
      "RequestUri": "https://management.azure.com/subscriptions/00000000-0000-0000-0000-000000000/resourceGroups/00000/providers/Microsoft.MachineLearningServices/workspaces/00000/datastores/workspaceblobstore/listSecrets?api-version=2022-05-01",
      "RequestMethod": "POST",
      "RequestHeaders": {
        "Accept": "application/json",
        "Accept-Encoding": "gzip, deflate",
        "Connection": "keep-alive",
        "Content-Length": "0",
        "User-Agent": "azure-ai-ml/1.1.0 azsdk-python-mgmt-machinelearningservices/0.1.0 Python/3.9.13 (Windows-10-10.0.22621-SP0)"
      },
      "RequestBody": null,
      "StatusCode": 200,
      "ResponseHeaders": {
        "Cache-Control": "no-cache",
        "Content-Length": "61",
        "Content-Type": "application/json; charset=utf-8",
        "Date": "Fri, 04 Nov 2022 08:58:00 GMT",
        "Expires": "-1",
        "Pragma": "no-cache",
        "Request-Context": "appId=cid-v1:2d2e8e63-272e-4b3c-8598-4ee570a0e70d",
        "Server-Timing": "traceparent;desc=\u002200-128b56bc27309c2c59cd0d244014d383-fcb01e99f47f9ff7-00\u0022",
        "Strict-Transport-Security": "max-age=31536000; includeSubDomains",
        "x-aml-cluster": "vienna-eastus-01",
        "X-Content-Type-Options": "nosniff",
        "x-ms-correlation-request-id": "4bf48dd1-e5c2-459a-8fed-898de6b97efd",
        "x-ms-ratelimit-remaining-subscription-writes": "1198",
        "x-ms-response-type": "standard",
        "x-ms-routing-request-id": "JAPANEAST:20221104T085801Z:4bf48dd1-e5c2-459a-8fed-898de6b97efd",
        "x-request-time": "0.161"
      },
      "ResponseBody": {
        "secretsType": "AccountKey",
        "key": "dGhpcyBpcyBmYWtlIGtleQ=="
      }
    },
    {
      "RequestUri": "https://teststorageaccount.blob.core.windows.net/azureml-blobstore-6d334fd6-79ff-46da-972b-2a0c0eda678f/LocalUpload/00000000000000000000000000000000/COMPONENT_PLACEHOLDER",
      "RequestMethod": "HEAD",
      "RequestHeaders": {
        "Accept": "application/xml",
        "Accept-Encoding": "gzip, deflate",
        "Connection": "keep-alive",
        "User-Agent": "azsdk-python-storage-blob/12.13.1 Python/3.9.13 (Windows-10-10.0.22621-SP0)",
        "x-ms-date": "Fri, 04 Nov 2022 08:58:00 GMT",
        "x-ms-version": "2021-08-06"
      },
      "RequestBody": null,
      "StatusCode": 200,
      "ResponseHeaders": {
        "Accept-Ranges": "bytes",
        "Content-Length": "35",
        "Content-MD5": "L/DnSpFIn\u002BjaQWc\u002BsUQdcw==",
        "Content-Type": "application/octet-stream",
        "Date": "Fri, 04 Nov 2022 08:58:00 GMT",
        "ETag": "\u00220x8DABE421A2C7825\u0022",
        "Last-Modified": "Fri, 04 Nov 2022 08:53:54 GMT",
        "Server": [
          "Windows-Azure-Blob/1.0",
          "Microsoft-HTTPAPI/2.0"
        ],
        "Vary": "Origin",
        "x-ms-access-tier": "Hot",
        "x-ms-access-tier-inferred": "true",
        "x-ms-blob-type": "BlockBlob",
        "x-ms-creation-time": "Fri, 04 Nov 2022 08:53:54 GMT",
        "x-ms-lease-state": "available",
        "x-ms-lease-status": "unlocked",
        "x-ms-meta-name": "94a7e131-6059-4c34-991e-49c238a2d03b",
        "x-ms-meta-upload_status": "completed",
        "x-ms-meta-version": "1",
        "x-ms-server-encrypted": "true",
        "x-ms-version": "2021-08-06"
      },
      "ResponseBody": null
    },
    {
      "RequestUri": "https://teststorageaccount.blob.core.windows.net/azureml-blobstore-6d334fd6-79ff-46da-972b-2a0c0eda678f/az-ml-artifacts/00000000000000000000000000000000/COMPONENT_PLACEHOLDER",
      "RequestMethod": "HEAD",
      "RequestHeaders": {
        "Accept": "application/xml",
        "Accept-Encoding": "gzip, deflate",
        "Connection": "keep-alive",
        "User-Agent": "azsdk-python-storage-blob/12.13.1 Python/3.9.13 (Windows-10-10.0.22621-SP0)",
        "x-ms-date": "Fri, 04 Nov 2022 08:58:00 GMT",
        "x-ms-version": "2021-08-06"
      },
      "RequestBody": null,
      "StatusCode": 404,
      "ResponseHeaders": {
        "Date": "Fri, 04 Nov 2022 08:58:00 GMT",
        "Server": [
          "Windows-Azure-Blob/1.0",
          "Microsoft-HTTPAPI/2.0"
        ],
        "Transfer-Encoding": "chunked",
        "Vary": "Origin",
        "x-ms-error-code": "BlobNotFound",
        "x-ms-version": "2021-08-06"
      },
      "ResponseBody": null
    },
    {
      "RequestUri": "https://management.azure.com/subscriptions/00000000-0000-0000-0000-000000000/resourceGroups/00000/providers/Microsoft.MachineLearningServices/workspaces/00000/codes/94a7e131-6059-4c34-991e-49c238a2d03b/versions/1?api-version=2022-05-01",
      "RequestMethod": "PUT",
      "RequestHeaders": {
        "Accept": "application/json",
        "Accept-Encoding": "gzip, deflate",
        "Connection": "keep-alive",
        "Content-Length": "291",
        "Content-Type": "application/json",
        "User-Agent": "azure-ai-ml/1.1.0 azsdk-python-mgmt-machinelearningservices/0.1.0 Python/3.9.13 (Windows-10-10.0.22621-SP0)"
      },
      "RequestBody": {
        "properties": {
          "properties": {
            "hash_sha256": "0000000000000",
            "hash_version": "0000000000000"
          },
          "isAnonymous": true,
          "isArchived": false,
          "codeUri": "https://teststorageaccount.blob.core.windows.net/azureml-blobstore-6d334fd6-79ff-46da-972b-2a0c0eda678f/LocalUpload/00000000000000000000000000000000"
        }
      },
      "StatusCode": 200,
      "ResponseHeaders": {
        "Cache-Control": "no-cache",
        "Content-Length": "820",
        "Content-Type": "application/json; charset=utf-8",
        "Date": "Fri, 04 Nov 2022 08:58:01 GMT",
        "Expires": "-1",
        "Pragma": "no-cache",
        "Request-Context": "appId=cid-v1:2d2e8e63-272e-4b3c-8598-4ee570a0e70d",
        "Server-Timing": "traceparent;desc=\u002200-a3d9a7c4a4fb5cb3f8f399fa5cab4c01-1af629dc65585c2c-00\u0022",
        "Strict-Transport-Security": "max-age=31536000; includeSubDomains",
        "Vary": "Accept-Encoding",
        "x-aml-cluster": "vienna-eastus-01",
        "X-Content-Type-Options": "nosniff",
        "x-ms-correlation-request-id": "9f64807c-2d3d-43ae-9acb-de30fa50e2c7",
        "x-ms-ratelimit-remaining-subscription-writes": "1197",
        "x-ms-response-type": "standard",
        "x-ms-routing-request-id": "JAPANEAST:20221104T085802Z:9f64807c-2d3d-43ae-9acb-de30fa50e2c7",
        "x-request-time": "0.148"
      },
      "ResponseBody": "{\u0022id\u0022:\u0022/subscriptions/00000000-0000-0000-0000-000000000/resourceGroups/00000/providers/Microsoft.MachineLearningServices/workspaces/00000/codes/94a7e131-6059-4c34-991e-49c238a2d03b/versions/1\u0022,\u0022name\u0022:\u00221\u0022,\u0022type\u0022:\u0022Microsoft.MachineLearningServices/workspaces/codes/versions\u0022,\u0022properties\u0022:{\u0022description\u0022:null,\u0022tags\u0022:{},\u0022properties\u0022:{\u0022hash_sha256\u0022:\u00220000000000000\u0022,\u0022hash_version\u0022:\u00220000000000000\u0022},\u0022isArchived\u0022:false,\u0022isAnonymous\u0022:false,\u0022codeUri\u0022:\u0022https://teststorageaccount.blob.core.windows.net/azureml-blobstore-6d334fd6-79ff-46da-972b-2a0c0eda678f/LocalUpload/000000000000000000000000000000000000systemData\u0022:{\u0022createdAt\u0022:\u00222022-11-04T08:53:54.7453042\u002B00:00\u0022,\u0022createdBy\u0022:\u0022Zhengfei Wang\u0022,\u0022createdByType\u0022:\u0022User\u0022,\u0022lastModifiedAt\u0022:\u00222022-11-04T08:58:02.005178\u002B00:00\u0022,\u0022lastModifiedBy\u0022:\u0022Zhengfei Wang\u0022,\u0022lastModifiedByType\u0022:\u0022User\u0022}}"
    },
    {
      "RequestUri": "https://management.azure.com/subscriptions/00000000-0000-0000-0000-000000000/resourceGroups/00000/providers/Microsoft.MachineLearningServices/workspaces/00000/components/azureml_anonymous/versions/000000000000000000000?api-version=2022-05-01",
      "RequestMethod": "PUT",
      "RequestHeaders": {
        "Accept": "application/json",
        "Accept-Encoding": "gzip, deflate",
        "Connection": "keep-alive",
        "Content-Length": "1336",
        "Content-Type": "application/json",
        "User-Agent": "azure-ai-ml/1.1.0 azsdk-python-mgmt-machinelearningservices/0.1.0 Python/3.9.13 (Windows-10-10.0.22621-SP0)"
      },
      "RequestBody": {
        "properties": {
          "description": "This is the pytorch command component",
          "properties": {},
          "tags": {
            "tag": "tagvalue",
            "owner": "sdkteam"
          },
          "isAnonymous": true,
          "isArchived": false,
          "componentSpec": {
            "command": "echo Hello World \u0026 echo ${{inputs.component_in_number}} \u0026 echo ${{inputs.component_in_path}} \u0026 echo ${{outputs.component_out_path}}",
            "code": "azureml:/subscriptions/00000000-0000-0000-0000-000000000/resourceGroups/00000/providers/Microsoft.MachineLearningServices/workspaces/00000/codes/94a7e131-6059-4c34-991e-49c238a2d03b/versions/1",
            "environment": "azureml:AzureML-sklearn-0.24-ubuntu18.04-py37-cpu:1",
            "resources": {
              "instance_count": 2
            },
            "distribution": {
              "type": "pytorch",
              "process_count_per_instance": 4
            },
            "name": "azureml_anonymous",
            "description": "This is the pytorch command component",
            "tags": {
              "tag": "tagvalue",
              "owner": "sdkteam"
            },
            "version": "000000000000000000000",
            "$schema": "https://azuremlschemas.azureedge.net/development/commandComponent.schema.json",
            "display_name": "CommandComponentPytorch",
            "is_deterministic": true,
            "inputs": {
              "component_in_number": {
                "type": "number",
                "default": "10.99",
                "description": "A number"
              },
              "component_in_path": {
                "type": "uri_folder",
                "description": "A path"
              }
            },
            "outputs": {
              "component_out_path": {
                "type": "uri_folder"
              }
            },
            "type": "command",
            "_source": "YAML.COMPONENT"
          }
        }
      },
      "StatusCode": 201,
      "ResponseHeaders": {
        "Cache-Control": "no-cache",
        "Content-Length": "2354",
        "Content-Type": "application/json; charset=utf-8",
        "Date": "Fri, 04 Nov 2022 08:58:03 GMT",
        "Expires": "-1",
        "Location": "https://management.azure.com/subscriptions/00000000-0000-0000-0000-000000000/resourceGroups/00000/providers/Microsoft.MachineLearningServices/workspaces/00000/components/azureml_anonymous/versions/000000000000000000000?api-version=2022-05-01",
        "Pragma": "no-cache",
        "Request-Context": "appId=cid-v1:2d2e8e63-272e-4b3c-8598-4ee570a0e70d",
        "Server-Timing": "traceparent;desc=\u002200-107d5377581ef5419cfc30bc966d5c98-36566d828f9eb41a-00\u0022",
        "Strict-Transport-Security": "max-age=31536000; includeSubDomains",
        "x-aml-cluster": "vienna-eastus-01",
        "X-Content-Type-Options": "nosniff",
        "x-ms-correlation-request-id": "1e771f83-0db6-46bb-9d63-b6b9e6ebd7a3",
        "x-ms-ratelimit-remaining-subscription-writes": "1196",
        "x-ms-response-type": "standard",
        "x-ms-routing-request-id": "JAPANEAST:20221104T085803Z:1e771f83-0db6-46bb-9d63-b6b9e6ebd7a3",
        "x-request-time": "0.906"
      },
      "ResponseBody": {
        "id": "/subscriptions/00000000-0000-0000-0000-000000000/resourceGroups/00000/providers/Microsoft.MachineLearningServices/workspaces/00000/components/azureml_anonymous/versions/0446d19d-dcd6-4e4c-9196-b48803f88c88",
        "name": "0446d19d-dcd6-4e4c-9196-b48803f88c88",
        "type": "Microsoft.MachineLearningServices/workspaces/components/versions",
        "properties": {
          "description": null,
          "tags": {
            "tag": "tagvalue",
            "owner": "sdkteam"
          },
          "properties": {},
          "isArchived": false,
          "isAnonymous": true,
          "componentSpec": {
            "name": "azureml_anonymous",
            "version": "0446d19d-dcd6-4e4c-9196-b48803f88c88",
            "display_name": "CommandComponentPytorch",
            "is_deterministic": "True",
            "type": "command",
            "description": "This is the pytorch command component",
            "tags": {
              "tag": "tagvalue",
              "owner": "sdkteam"
            },
            "inputs": {
              "component_in_path": {
                "type": "uri_folder",
                "optional": "False",
                "description": "A path"
              },
              "component_in_number": {
                "type": "number",
                "optional": "False",
                "default": "10.99",
                "description": "A number"
              }
            },
            "outputs": {
              "component_out_path": {
                "type": "uri_folder"
              }
            },
            "code": "azureml:/subscriptions/00000000-0000-0000-0000-000000000/resourceGroups/00000/providers/Microsoft.MachineLearningServices/workspaces/00000/codes/94a7e131-6059-4c34-991e-49c238a2d03b/versions/1",
            "environment": "azureml://registries/azureml/environments/AzureML-sklearn-0.24-ubuntu18.04-py37-cpu/versions/1",
            "resources": {
              "instance_count": "2"
            },
            "distribution": {
              "process_count_per_instance": "4",
              "type": "Pytorch"
            },
            "command": "echo Hello World \u0026 echo ${{inputs.component_in_number}} \u0026 echo ${{inputs.component_in_path}} \u0026 echo ${{outputs.component_out_path}}",
            "$schema": "https://azuremlschemas.azureedge.net/development/commandComponent.schema.json"
          }
        },
        "systemData": {
          "createdAt": "2022-11-04T08:58:03.1193434\u002B00:00",
          "createdBy": "Zhengfei Wang",
          "createdByType": "User",
          "lastModifiedAt": "2022-11-04T08:58:03.1193434\u002B00:00",
          "lastModifiedBy": "Zhengfei Wang",
          "lastModifiedByType": "User"
        }
      }
    },
    {
      "RequestUri": "https://management.azure.com/subscriptions/00000000-0000-0000-0000-000000000/resourceGroups/00000/providers/Microsoft.MachineLearningServices/workspaces/00000/datastores/workspaceblobstore?api-version=2022-05-01",
      "RequestMethod": "GET",
      "RequestHeaders": {
        "Accept": "application/json",
        "Accept-Encoding": "gzip, deflate",
        "Connection": "keep-alive",
        "User-Agent": "azure-ai-ml/1.1.0 azsdk-python-mgmt-machinelearningservices/0.1.0 Python/3.9.13 (Windows-10-10.0.22621-SP0)"
      },
      "RequestBody": null,
      "StatusCode": 200,
      "ResponseHeaders": {
        "Cache-Control": "no-cache",
        "Content-Length": "1071",
        "Content-Type": "application/json; charset=utf-8",
        "Date": "Fri, 04 Nov 2022 08:58:03 GMT",
        "Expires": "-1",
        "Pragma": "no-cache",
        "Request-Context": "appId=cid-v1:2d2e8e63-272e-4b3c-8598-4ee570a0e70d",
        "Server-Timing": "traceparent;desc=\u002200-29959677170038396f031625d2172959-69fa6c3f5776a3aa-00\u0022",
        "Strict-Transport-Security": "max-age=31536000; includeSubDomains",
        "Vary": "Accept-Encoding",
        "x-aml-cluster": "vienna-eastus-01",
        "X-Content-Type-Options": "nosniff",
        "x-ms-correlation-request-id": "479fc0ce-8a49-443e-b52e-bb75530dbd7b",
        "x-ms-ratelimit-remaining-subscription-reads": "11995",
        "x-ms-response-type": "standard",
        "x-ms-routing-request-id": "JAPANEAST:20221104T085804Z:479fc0ce-8a49-443e-b52e-bb75530dbd7b",
        "x-request-time": "0.102"
      },
      "ResponseBody": {
        "id": "/subscriptions/00000000-0000-0000-0000-000000000/resourceGroups/00000/providers/Microsoft.MachineLearningServices/workspaces/00000/datastores/workspaceblobstore",
        "name": "workspaceblobstore",
        "type": "Microsoft.MachineLearningServices/workspaces/datastores",
        "properties": {
          "description": null,
          "tags": null,
          "properties": null,
          "isDefault": true,
          "credentials": {
            "credentialsType": "AccountKey"
          },
          "datastoreType": "AzureBlob",
          "accountName": "teststorageaccount",
          "containerName": "azureml-blobstore-6d334fd6-79ff-46da-972b-2a0c0eda678f",
          "endpoint": "core.windows.net",
          "protocol": "https",
          "serviceDataAccessAuthIdentity": "WorkspaceSystemAssignedIdentity"
        },
        "systemData": {
          "createdAt": "2022-10-31T00:23:40.3670316\u002B00:00",
          "createdBy": "779301c0-18b2-4cdc-801b-a0a3368fee0a",
          "createdByType": "Application",
          "lastModifiedAt": "2022-10-31T00:23:41.0619586\u002B00:00",
          "lastModifiedBy": "779301c0-18b2-4cdc-801b-a0a3368fee0a",
          "lastModifiedByType": "Application"
        }
      }
    },
    {
      "RequestUri": "https://management.azure.com/subscriptions/00000000-0000-0000-0000-000000000/resourceGroups/00000/providers/Microsoft.MachineLearningServices/workspaces/00000/datastores/workspaceblobstore/listSecrets?api-version=2022-05-01",
      "RequestMethod": "POST",
      "RequestHeaders": {
        "Accept": "application/json",
        "Accept-Encoding": "gzip, deflate",
        "Connection": "keep-alive",
        "Content-Length": "0",
        "User-Agent": "azure-ai-ml/1.1.0 azsdk-python-mgmt-machinelearningservices/0.1.0 Python/3.9.13 (Windows-10-10.0.22621-SP0)"
      },
      "RequestBody": null,
      "StatusCode": 200,
      "ResponseHeaders": {
        "Cache-Control": "no-cache",
        "Content-Length": "61",
        "Content-Type": "application/json; charset=utf-8",
        "Date": "Fri, 04 Nov 2022 08:58:04 GMT",
        "Expires": "-1",
        "Pragma": "no-cache",
        "Request-Context": "appId=cid-v1:2d2e8e63-272e-4b3c-8598-4ee570a0e70d",
        "Server-Timing": "traceparent;desc=\u002200-b7a5146db7b574aa8a09a97f9875c3bc-0839a4df1d32d5ca-00\u0022",
        "Strict-Transport-Security": "max-age=31536000; includeSubDomains",
        "x-aml-cluster": "vienna-eastus-01",
        "X-Content-Type-Options": "nosniff",
        "x-ms-correlation-request-id": "0756b2d1-ce8e-4a75-8b40-1feb2fe449f8",
        "x-ms-ratelimit-remaining-subscription-writes": "1197",
        "x-ms-response-type": "standard",
        "x-ms-routing-request-id": "JAPANEAST:20221104T085804Z:0756b2d1-ce8e-4a75-8b40-1feb2fe449f8",
        "x-request-time": "0.114"
      },
      "ResponseBody": {
        "secretsType": "AccountKey",
        "key": "dGhpcyBpcyBmYWtlIGtleQ=="
      }
    },
    {
      "RequestUri": "https://teststorageaccount.blob.core.windows.net/azureml-blobstore-6d334fd6-79ff-46da-972b-2a0c0eda678f/LocalUpload/00000000000000000000000000000000/COMPONENT_PLACEHOLDER",
      "RequestMethod": "HEAD",
      "RequestHeaders": {
        "Accept": "application/xml",
        "Accept-Encoding": "gzip, deflate",
        "Connection": "keep-alive",
        "User-Agent": "azsdk-python-storage-blob/12.13.1 Python/3.9.13 (Windows-10-10.0.22621-SP0)",
        "x-ms-date": "Fri, 04 Nov 2022 08:58:04 GMT",
        "x-ms-version": "2021-08-06"
      },
      "RequestBody": null,
      "StatusCode": 200,
      "ResponseHeaders": {
        "Accept-Ranges": "bytes",
        "Content-Length": "35",
        "Content-MD5": "L/DnSpFIn\u002BjaQWc\u002BsUQdcw==",
        "Content-Type": "application/octet-stream",
        "Date": "Fri, 04 Nov 2022 08:58:04 GMT",
        "ETag": "\u00220x8DABE421A2C7825\u0022",
        "Last-Modified": "Fri, 04 Nov 2022 08:53:54 GMT",
        "Server": [
          "Windows-Azure-Blob/1.0",
          "Microsoft-HTTPAPI/2.0"
        ],
        "Vary": "Origin",
        "x-ms-access-tier": "Hot",
        "x-ms-access-tier-inferred": "true",
        "x-ms-blob-type": "BlockBlob",
        "x-ms-creation-time": "Fri, 04 Nov 2022 08:53:54 GMT",
        "x-ms-lease-state": "available",
        "x-ms-lease-status": "unlocked",
        "x-ms-meta-name": "94a7e131-6059-4c34-991e-49c238a2d03b",
        "x-ms-meta-upload_status": "completed",
        "x-ms-meta-version": "1",
        "x-ms-server-encrypted": "true",
        "x-ms-version": "2021-08-06"
      },
      "ResponseBody": null
    },
    {
      "RequestUri": "https://teststorageaccount.blob.core.windows.net/azureml-blobstore-6d334fd6-79ff-46da-972b-2a0c0eda678f/az-ml-artifacts/00000000000000000000000000000000/COMPONENT_PLACEHOLDER",
      "RequestMethod": "HEAD",
      "RequestHeaders": {
        "Accept": "application/xml",
        "Accept-Encoding": "gzip, deflate",
        "Connection": "keep-alive",
        "User-Agent": "azsdk-python-storage-blob/12.13.1 Python/3.9.13 (Windows-10-10.0.22621-SP0)",
        "x-ms-date": "Fri, 04 Nov 2022 08:58:04 GMT",
        "x-ms-version": "2021-08-06"
      },
      "RequestBody": null,
      "StatusCode": 404,
      "ResponseHeaders": {
        "Date": "Fri, 04 Nov 2022 08:58:04 GMT",
        "Server": [
          "Windows-Azure-Blob/1.0",
          "Microsoft-HTTPAPI/2.0"
        ],
        "Transfer-Encoding": "chunked",
        "Vary": "Origin",
        "x-ms-error-code": "BlobNotFound",
        "x-ms-version": "2021-08-06"
      },
      "ResponseBody": null
    },
    {
      "RequestUri": "https://management.azure.com/subscriptions/00000000-0000-0000-0000-000000000/resourceGroups/00000/providers/Microsoft.MachineLearningServices/workspaces/00000/codes/94a7e131-6059-4c34-991e-49c238a2d03b/versions/1?api-version=2022-05-01",
      "RequestMethod": "PUT",
      "RequestHeaders": {
        "Accept": "application/json",
        "Accept-Encoding": "gzip, deflate",
        "Connection": "keep-alive",
        "Content-Length": "291",
        "Content-Type": "application/json",
        "User-Agent": "azure-ai-ml/1.1.0 azsdk-python-mgmt-machinelearningservices/0.1.0 Python/3.9.13 (Windows-10-10.0.22621-SP0)"
      },
      "RequestBody": {
        "properties": {
          "properties": {
            "hash_sha256": "0000000000000",
            "hash_version": "0000000000000"
          },
          "isAnonymous": true,
          "isArchived": false,
          "codeUri": "https://teststorageaccount.blob.core.windows.net/azureml-blobstore-6d334fd6-79ff-46da-972b-2a0c0eda678f/LocalUpload/00000000000000000000000000000000"
        }
      },
      "StatusCode": 200,
      "ResponseHeaders": {
        "Cache-Control": "no-cache",
        "Content-Length": "821",
        "Content-Type": "application/json; charset=utf-8",
        "Date": "Fri, 04 Nov 2022 08:58:05 GMT",
        "Expires": "-1",
        "Pragma": "no-cache",
        "Request-Context": "appId=cid-v1:2d2e8e63-272e-4b3c-8598-4ee570a0e70d",
        "Server-Timing": "traceparent;desc=\u002200-016b408105857700a507cea03123d78f-c98082ece02c0b4b-01\u0022",
        "Strict-Transport-Security": "max-age=31536000; includeSubDomains",
        "Vary": "Accept-Encoding",
        "x-aml-cluster": "vienna-eastus-01",
        "X-Content-Type-Options": "nosniff",
        "x-ms-correlation-request-id": "2efd5bc9-4022-47f9-ad9c-a6e1fab3b217",
        "x-ms-ratelimit-remaining-subscription-writes": "1195",
        "x-ms-response-type": "standard",
        "x-ms-routing-request-id": "JAPANEAST:20221104T085805Z:2efd5bc9-4022-47f9-ad9c-a6e1fab3b217",
        "x-request-time": "0.076"
      },
      "ResponseBody": "{\u0022id\u0022:\u0022/subscriptions/00000000-0000-0000-0000-000000000/resourceGroups/00000/providers/Microsoft.MachineLearningServices/workspaces/00000/codes/94a7e131-6059-4c34-991e-49c238a2d03b/versions/1\u0022,\u0022name\u0022:\u00221\u0022,\u0022type\u0022:\u0022Microsoft.MachineLearningServices/workspaces/codes/versions\u0022,\u0022properties\u0022:{\u0022description\u0022:null,\u0022tags\u0022:{},\u0022properties\u0022:{\u0022hash_sha256\u0022:\u00220000000000000\u0022,\u0022hash_version\u0022:\u00220000000000000\u0022},\u0022isArchived\u0022:false,\u0022isAnonymous\u0022:false,\u0022codeUri\u0022:\u0022https://teststorageaccount.blob.core.windows.net/azureml-blobstore-6d334fd6-79ff-46da-972b-2a0c0eda678f/LocalUpload/000000000000000000000000000000000000systemData\u0022:{\u0022createdAt\u0022:\u00222022-11-04T08:53:54.7453042\u002B00:00\u0022,\u0022createdBy\u0022:\u0022Zhengfei Wang\u0022,\u0022createdByType\u0022:\u0022User\u0022,\u0022lastModifiedAt\u0022:\u00222022-11-04T08:58:05.8279809\u002B00:00\u0022,\u0022lastModifiedBy\u0022:\u0022Zhengfei Wang\u0022,\u0022lastModifiedByType\u0022:\u0022User\u0022}}"
    },
    {
      "RequestUri": "https://management.azure.com/subscriptions/00000000-0000-0000-0000-000000000/resourceGroups/00000/providers/Microsoft.MachineLearningServices/workspaces/00000/components/azureml_anonymous/versions/000000000000000000000?api-version=2022-05-01",
      "RequestMethod": "PUT",
      "RequestHeaders": {
        "Accept": "application/json",
        "Accept-Encoding": "gzip, deflate",
        "Connection": "keep-alive",
        "Content-Length": "1363",
        "Content-Type": "application/json",
        "User-Agent": "azure-ai-ml/1.1.0 azsdk-python-mgmt-machinelearningservices/0.1.0 Python/3.9.13 (Windows-10-10.0.22621-SP0)"
      },
      "RequestBody": {
        "properties": {
          "description": "This is the TensorFlow command component",
          "properties": {},
          "tags": {
            "tag": "tagvalue",
            "owner": "sdkteam"
          },
          "isAnonymous": true,
          "isArchived": false,
          "componentSpec": {
            "command": "echo Hello World \u0026 echo ${{inputs.component_in_number}} \u0026 echo ${{inputs.component_in_path}} \u0026 echo ${{outputs.component_out_path}}",
            "code": "azureml:/subscriptions/00000000-0000-0000-0000-000000000/resourceGroups/00000/providers/Microsoft.MachineLearningServices/workspaces/00000/codes/94a7e131-6059-4c34-991e-49c238a2d03b/versions/1",
            "environment": "azureml:AzureML-sklearn-0.24-ubuntu18.04-py37-cpu:1",
            "resources": {
              "instance_count": 2
            },
            "distribution": {
              "type": "tensorflow",
              "parameter_server_count": 1,
              "worker_count": 2
            },
            "name": "azureml_anonymous",
            "description": "This is the TensorFlow command component",
            "tags": {
              "tag": "tagvalue",
              "owner": "sdkteam"
            },
            "version": "000000000000000000000",
            "$schema": "https://azuremlschemas.azureedge.net/development/commandComponent.schema.json",
            "display_name": "CommandComponentTensorFlow",
            "is_deterministic": true,
            "inputs": {
              "component_in_number": {
                "type": "number",
                "default": "10.99",
                "description": "A number"
              },
              "component_in_path": {
                "type": "uri_folder",
                "description": "A path"
              }
            },
            "outputs": {
              "component_out_path": {
                "type": "uri_folder"
              }
            },
            "type": "command",
            "_source": "YAML.COMPONENT"
          }
        }
      },
      "StatusCode": 201,
      "ResponseHeaders": {
        "Cache-Control": "no-cache",
        "Content-Length": "2388",
        "Content-Type": "application/json; charset=utf-8",
        "Date": "Fri, 04 Nov 2022 08:58:06 GMT",
        "Expires": "-1",
        "Location": "https://management.azure.com/subscriptions/00000000-0000-0000-0000-000000000/resourceGroups/00000/providers/Microsoft.MachineLearningServices/workspaces/00000/components/azureml_anonymous/versions/000000000000000000000?api-version=2022-05-01",
        "Pragma": "no-cache",
        "Request-Context": "appId=cid-v1:2d2e8e63-272e-4b3c-8598-4ee570a0e70d",
        "Server-Timing": "traceparent;desc=\u002200-2605f0be2fc4e3590d9379ec31607ac4-2ca7400ff09b2779-00\u0022",
        "Strict-Transport-Security": "max-age=31536000; includeSubDomains",
        "x-aml-cluster": "vienna-eastus-01",
        "X-Content-Type-Options": "nosniff",
        "x-ms-correlation-request-id": "ba46d7b7-5123-4a6f-8e03-fb4b5e425b70",
        "x-ms-ratelimit-remaining-subscription-writes": "1194",
        "x-ms-response-type": "standard",
        "x-ms-routing-request-id": "JAPANEAST:20221104T085807Z:ba46d7b7-5123-4a6f-8e03-fb4b5e425b70",
        "x-request-time": "0.837"
      },
      "ResponseBody": {
        "id": "/subscriptions/00000000-0000-0000-0000-000000000/resourceGroups/00000/providers/Microsoft.MachineLearningServices/workspaces/00000/components/azureml_anonymous/versions/618736fd-4d4a-4c4b-9e54-281453991660",
        "name": "618736fd-4d4a-4c4b-9e54-281453991660",
        "type": "Microsoft.MachineLearningServices/workspaces/components/versions",
        "properties": {
          "description": null,
          "tags": {
            "tag": "tagvalue",
            "owner": "sdkteam"
          },
          "properties": {},
          "isArchived": false,
          "isAnonymous": true,
          "componentSpec": {
            "name": "azureml_anonymous",
            "version": "618736fd-4d4a-4c4b-9e54-281453991660",
            "display_name": "CommandComponentTensorFlow",
            "is_deterministic": "True",
            "type": "command",
            "description": "This is the TensorFlow command component",
            "tags": {
              "tag": "tagvalue",
              "owner": "sdkteam"
            },
            "inputs": {
              "component_in_path": {
                "type": "uri_folder",
                "optional": "False",
                "description": "A path"
              },
              "component_in_number": {
                "type": "number",
                "optional": "False",
                "default": "10.99",
                "description": "A number"
              }
            },
            "outputs": {
              "component_out_path": {
                "type": "uri_folder"
              }
            },
            "code": "azureml:/subscriptions/00000000-0000-0000-0000-000000000/resourceGroups/00000/providers/Microsoft.MachineLearningServices/workspaces/00000/codes/94a7e131-6059-4c34-991e-49c238a2d03b/versions/1",
            "environment": "azureml://registries/azureml/environments/AzureML-sklearn-0.24-ubuntu18.04-py37-cpu/versions/1",
            "resources": {
              "instance_count": "2"
            },
            "distribution": {
              "parameter_server_count": "1",
              "worker_count": "2",
              "type": "TensorFlow"
            },
            "command": "echo Hello World \u0026 echo ${{inputs.component_in_number}} \u0026 echo ${{inputs.component_in_path}} \u0026 echo ${{outputs.component_out_path}}",
            "$schema": "https://azuremlschemas.azureedge.net/development/commandComponent.schema.json"
          }
        },
        "systemData": {
          "createdAt": "2022-11-04T08:58:06.9445468\u002B00:00",
          "createdBy": "Zhengfei Wang",
          "createdByType": "User",
          "lastModifiedAt": "2022-11-04T08:58:06.9445468\u002B00:00",
          "lastModifiedBy": "Zhengfei Wang",
          "lastModifiedByType": "User"
        }
      }
    },
    {
      "RequestUri": "https://management.azure.com/subscriptions/00000000-0000-0000-0000-000000000/resourceGroups/00000/providers/Microsoft.MachineLearningServices/workspaces/00000/jobs/000000000000000000000?api-version=2022-10-01-preview",
      "RequestMethod": "PUT",
      "RequestHeaders": {
        "Accept": "application/json",
        "Accept-Encoding": "gzip, deflate",
        "Connection": "keep-alive",
        "Content-Length": "3150",
        "Content-Type": "application/json",
        "User-Agent": "azure-ai-ml/1.1.0 azsdk-python-mgmt-machinelearningservices/0.1.0 Python/3.9.13 (Windows-10-10.0.22621-SP0)"
      },
      "RequestBody": {
        "properties": {
          "description": "The hello world pipeline job",
          "properties": {},
          "tags": {
            "owner": "sdkteam",
            "tag": "tagvalue"
          },
          "computeId": "/subscriptions/00000000-0000-0000-0000-000000000/resourceGroups/AmlComponentNotebook/providers/Microsoft.MachineLearningServices/workspaces/00000/computes/gpu-cluster",
          "displayName": "test_94376223115",
          "experimentName": "dsl_pipeline_e2e",
          "isArchived": false,
          "jobType": "Pipeline",
          "inputs": {
            "job_in_number": {
              "jobInputType": "literal",
              "value": "10"
            },
            "job_in_path": {
              "uri": "https://dprepdata.blob.core.windows.net/demo/Titanic.csv",
              "jobInputType": "uri_file"
            }
          },
          "jobs": {
            "hello_world_component_mpi": {
              "resources": {
                "instance_count": 2,
                "properties": {}
              },
              "distribution": {
                "distribution_type": "Mpi",
                "process_count_per_instance": 2
              },
              "limits": null,
              "environment_variables": {},
              "name": "hello_world_component_mpi",
              "type": "command",
              "display_name": null,
              "tags": {},
              "computeId": null,
              "inputs": {
                "component_in_number": {
                  "job_input_type": "literal",
                  "value": "${{parent.inputs.job_in_number}}"
                },
                "component_in_path": {
                  "job_input_type": "literal",
                  "value": "${{parent.inputs.job_in_path}}"
                }
              },
              "outputs": {},
              "properties": {},
              "_source": "YAML.COMPONENT",
              "componentId": "/subscriptions/00000000-0000-0000-0000-000000000/resourceGroups/00000/providers/Microsoft.MachineLearningServices/workspaces/00000/components/azureml_anonymous/versions/8598fa96-efdb-44c4-9d15-1cfa734bb71c"
            },
            "hello_world_component_pytorch": {
              "resources": {
                "instance_count": 2,
                "properties": {}
              },
              "distribution": {
                "distribution_type": "PyTorch",
                "process_count_per_instance": 2
              },
              "limits": null,
              "environment_variables": {},
              "name": "hello_world_component_pytorch",
              "type": "command",
              "display_name": null,
              "tags": {},
              "computeId": null,
              "inputs": {
                "component_in_number": {
                  "job_input_type": "literal",
                  "value": "${{parent.inputs.job_in_number}}"
                },
                "component_in_path": {
                  "job_input_type": "literal",
                  "value": "${{parent.inputs.job_in_path}}"
                }
              },
              "outputs": {},
              "properties": {},
              "_source": "YAML.COMPONENT",
              "componentId": "/subscriptions/00000000-0000-0000-0000-000000000/resourceGroups/00000/providers/Microsoft.MachineLearningServices/workspaces/00000/components/azureml_anonymous/versions/0446d19d-dcd6-4e4c-9196-b48803f88c88"
            },
            "hello_world_component_tensorflow": {
              "resources": {
                "instance_count": 2,
                "properties": {}
              },
              "distribution": {
                "distribution_type": "TensorFlow",
                "parameter_server_count": 0,
                "worker_count": 2
              },
              "limits": null,
              "environment_variables": {},
              "name": "hello_world_component_tensorflow",
              "type": "command",
              "display_name": null,
              "tags": {},
              "computeId": null,
              "inputs": {
                "component_in_number": {
                  "job_input_type": "literal",
                  "value": "${{parent.inputs.job_in_number}}"
                },
                "component_in_path": {
                  "job_input_type": "literal",
                  "value": "${{parent.inputs.job_in_path}}"
                }
              },
              "outputs": {},
              "properties": {},
              "_source": "YAML.COMPONENT",
              "componentId": "/subscriptions/00000000-0000-0000-0000-000000000/resourceGroups/00000/providers/Microsoft.MachineLearningServices/workspaces/00000/components/azureml_anonymous/versions/618736fd-4d4a-4c4b-9e54-281453991660"
            }
          },
          "outputs": {},
          "settings": {
            "_source": "DSL"
          }
        }
      },
      "StatusCode": 201,
      "ResponseHeaders": {
        "Cache-Control": "no-cache",
        "Content-Length": "6014",
        "Content-Type": "application/json; charset=utf-8",
        "Date": "Fri, 04 Nov 2022 08:58:16 GMT",
        "Expires": "-1",
        "Location": "https://management.azure.com/subscriptions/00000000-0000-0000-0000-000000000/resourceGroups/00000/providers/Microsoft.MachineLearningServices/workspaces/00000/jobs/000000000000000000000?api-version=2022-10-01-preview",
        "Pragma": "no-cache",
        "Request-Context": "appId=cid-v1:2d2e8e63-272e-4b3c-8598-4ee570a0e70d",
        "Server-Timing": "traceparent;desc=\u002200-234ef6b053d3f9c357cb3651afc70ebd-9fd0350c98c9a985-00\u0022",
        "Strict-Transport-Security": "max-age=31536000; includeSubDomains",
        "x-aml-cluster": "vienna-eastus-01",
        "X-Content-Type-Options": "nosniff",
        "x-ms-correlation-request-id": "f92fe434-c7dc-43ab-8881-007b042409e2",
        "x-ms-ratelimit-remaining-subscription-writes": "1193",
        "x-ms-response-type": "standard",
        "x-ms-routing-request-id": "JAPANEAST:20221104T085817Z:f92fe434-c7dc-43ab-8881-007b042409e2",
        "x-request-time": "4.923"
      },
      "ResponseBody": {
        "id": "/subscriptions/00000000-0000-0000-0000-000000000/resourceGroups/00000/providers/Microsoft.MachineLearningServices/workspaces/00000/jobs/000000000000000000000",
        "name": "000000000000000000000",
        "type": "Microsoft.MachineLearningServices/workspaces/jobs",
        "properties": {
          "description": "The hello world pipeline job",
          "tags": {
            "owner": "sdkteam",
            "tag": "tagvalue"
          },
          "properties": {
            "azureml.DevPlatv2": "true",
            "azureml.runsource": "azureml.PipelineRun",
            "runSource": "MFE",
            "runType": "HTTP",
            "azureml.parameters": "{\u0022job_in_number\u0022:\u002210\u0022}",
            "azureml.continue_on_step_failure": "False",
            "azureml.continue_on_failed_optional_input": "True",
            "azureml.defaultComputeName": "gpu-cluster",
            "azureml.defaultDataStoreName": "workspaceblobstore",
            "azureml.pipelineComponent": "pipelinerun"
          },
          "displayName": "test_94376223115",
          "status": "Preparing",
          "experimentName": "dsl_pipeline_e2e",
          "services": {
            "Tracking": {
              "jobServiceType": "Tracking",
              "port": null,
              "endpoint": "azureml://eastus.api.azureml.ms/mlflow/v1.0/subscriptions/00000000-0000-0000-0000-000000000/resourceGroups/00000/providers/Microsoft.MachineLearningServices/workspaces/00000?",
              "status": null,
              "errorMessage": null,
              "properties": null,
              "nodes": null
            },
            "Studio": {
              "jobServiceType": "Studio",
              "port": null,
              "endpoint": "https://ml.azure.com/runs/000000000000000000000?wsid=/subscriptions/00000000-0000-0000-0000-000000000/resourcegroups/00000/workspaces/00000",
              "status": null,
              "errorMessage": null,
              "properties": null,
              "nodes": null
            }
          },
          "computeId": "/subscriptions/00000000-0000-0000-0000-000000000/resourceGroups/AmlComponentNotebook/providers/Microsoft.MachineLearningServices/workspaces/00000/computes/gpu-cluster",
          "isArchived": false,
          "identity": null,
          "componentId": null,
          "jobType": "Pipeline",
          "settings": {
            "_source": "DSL"
          },
          "jobs": {
            "hello_world_component_mpi": {
              "resources": {
                "instance_count": 2,
                "properties": {}
              },
              "distribution": {
                "distribution_type": "Mpi",
                "process_count_per_instance": 2
              },
              "limits": null,
              "environment_variables": {},
              "name": "hello_world_component_mpi",
              "type": "command",
              "display_name": null,
              "tags": {},
              "computeId": null,
              "inputs": {
                "component_in_number": {
                  "job_input_type": "literal",
                  "value": "${{parent.inputs.job_in_number}}"
                },
                "component_in_path": {
                  "job_input_type": "literal",
                  "value": "${{parent.inputs.job_in_path}}"
                }
              },
              "outputs": {},
              "properties": {},
              "_source": "YAML.COMPONENT",
              "componentId": "/subscriptions/00000000-0000-0000-0000-000000000/resourceGroups/00000/providers/Microsoft.MachineLearningServices/workspaces/00000/components/azureml_anonymous/versions/8598fa96-efdb-44c4-9d15-1cfa734bb71c"
            },
            "hello_world_component_pytorch": {
              "resources": {
                "instance_count": 2,
                "properties": {}
              },
              "distribution": {
                "distribution_type": "PyTorch",
                "process_count_per_instance": 2
              },
              "limits": null,
              "environment_variables": {},
              "name": "hello_world_component_pytorch",
              "type": "command",
              "display_name": null,
              "tags": {},
              "computeId": null,
              "inputs": {
                "component_in_number": {
                  "job_input_type": "literal",
                  "value": "${{parent.inputs.job_in_number}}"
                },
                "component_in_path": {
                  "job_input_type": "literal",
                  "value": "${{parent.inputs.job_in_path}}"
                }
              },
              "outputs": {},
              "properties": {},
              "_source": "YAML.COMPONENT",
              "componentId": "/subscriptions/00000000-0000-0000-0000-000000000/resourceGroups/00000/providers/Microsoft.MachineLearningServices/workspaces/00000/components/azureml_anonymous/versions/0446d19d-dcd6-4e4c-9196-b48803f88c88"
            },
            "hello_world_component_tensorflow": {
              "resources": {
                "instance_count": 2,
                "properties": {}
              },
              "distribution": {
                "distribution_type": "TensorFlow",
                "parameter_server_count": 0,
                "worker_count": 2
              },
              "limits": null,
              "environment_variables": {},
              "name": "hello_world_component_tensorflow",
              "type": "command",
              "display_name": null,
              "tags": {},
              "computeId": null,
              "inputs": {
                "component_in_number": {
                  "job_input_type": "literal",
                  "value": "${{parent.inputs.job_in_number}}"
                },
                "component_in_path": {
                  "job_input_type": "literal",
                  "value": "${{parent.inputs.job_in_path}}"
                }
              },
              "outputs": {},
              "properties": {},
              "_source": "YAML.COMPONENT",
              "componentId": "/subscriptions/00000000-0000-0000-0000-000000000/resourceGroups/00000/providers/Microsoft.MachineLearningServices/workspaces/00000/components/azureml_anonymous/versions/618736fd-4d4a-4c4b-9e54-281453991660"
            }
          },
          "inputs": {
            "job_in_number": {
              "description": null,
              "jobInputType": "literal",
              "value": "10"
            },
            "job_in_path": {
              "description": null,
              "uri": "https://dprepdata.blob.core.windows.net/demo/Titanic.csv",
              "mode": "ReadOnlyMount",
              "jobInputType": "uri_file"
            }
          },
          "outputs": {},
          "sourceJobId": null
        },
        "systemData": {
          "createdAt": "2022-11-04T08:58:16.8144641\u002B00:00",
          "createdBy": "Zhengfei Wang",
          "createdByType": "User"
        }
      }
    }
  ],
  "Variables": {
    "pipeline_name": "test_94376223115"
  }
}
