{
  "Entries": [
    {
      "RequestUri": "https://management.azure.com/subscriptions/00000000-0000-0000-0000-000000000/resourceGroups/00000/providers/Microsoft.MachineLearningServices/workspaces/00000/computes/cpu-cluster?api-version=2022-10-01-preview",
      "RequestMethod": "GET",
      "RequestHeaders": {
        "Accept": "application/json",
        "Accept-Encoding": "gzip, deflate",
        "Connection": "keep-alive",
        "User-Agent": "azure-ai-ml/1.5.0 azsdk-python-mgmt-machinelearningservices/0.1.0 Python/3.7.9 (Windows-10-10.0.22621-SP0)"
      },
      "RequestBody": null,
      "StatusCode": 200,
      "ResponseHeaders": {
        "Cache-Control": "no-cache",
        "Content-Encoding": "gzip",
        "Content-Type": "application/json; charset=utf-8",
        "Date": "Thu, 02 Mar 2023 08:50:48 GMT",
        "Expires": "-1",
        "Pragma": "no-cache",
        "Request-Context": "appId=cid-v1:512cc15a-13b5-415b-bfd0-dce7accb6bb1",
        "Server-Timing": "traceparent;desc=\u002200-526a09d917aa3efef7b2a422c6d464e5-3d1dc7a200ecb171-01\u0022",
        "Strict-Transport-Security": "max-age=31536000; includeSubDomains",
        "Transfer-Encoding": "chunked",
        "Vary": [
          "Accept-Encoding",
          "Accept-Encoding"
        ],
        "x-aml-cluster": "vienna-test-westus2-02",
        "X-Content-Type-Options": "nosniff",
        "x-ms-correlation-request-id": "73ddaad8-c76a-45aa-be5d-d4bc5825e61b",
        "x-ms-ratelimit-remaining-subscription-reads": "11934",
        "x-ms-response-type": "standard",
        "x-ms-routing-request-id": "WESTUS2:20230302T085048Z:73ddaad8-c76a-45aa-be5d-d4bc5825e61b",
        "x-request-time": "0.216"
      },
      "ResponseBody": {
        "id": "/subscriptions/00000000-0000-0000-0000-000000000/resourceGroups/00000/providers/Microsoft.MachineLearningServices/workspaces/00000/computes/cpu-cluster",
        "name": "cpu-cluster",
        "type": "Microsoft.MachineLearningServices/workspaces/computes",
        "location": "centraluseuap",
        "tags": {},
        "properties": {
          "createdOn": "2023-03-02T05:05:08.8347604\u002B00:00",
          "modifiedOn": "2023-03-02T05:05:19.2728628\u002B00:00",
          "disableLocalAuth": false,
          "description": null,
          "resourceId": null,
          "computeType": "AmlCompute",
          "computeLocation": "centraluseuap",
          "provisioningState": "Succeeded",
          "provisioningErrors": null,
          "isAttachedCompute": false,
          "properties": {
            "vmSize": "STANDARD_DS2_V2",
            "vmPriority": "Dedicated",
            "scaleSettings": {
              "maxNodeCount": 4,
              "minNodeCount": 0,
              "nodeIdleTimeBeforeScaleDown": "PT2M"
            },
            "subnet": null,
            "currentNodeCount": 4,
            "targetNodeCount": 2,
            "nodeStateCounts": {
              "preparingNodeCount": 0,
              "runningNodeCount": 0,
              "idleNodeCount": 2,
              "unusableNodeCount": 0,
              "leavingNodeCount": 2,
              "preemptedNodeCount": 0
            },
            "allocationState": "Resizing",
            "allocationStateTransitionTime": "2023-03-02T08:49:13.756\u002B00:00",
            "errors": null,
            "remoteLoginPortPublicAccess": "Enabled",
            "osType": "Linux",
            "virtualMachineImage": null,
            "isolatedNetwork": false,
            "enableBatchPrivateLink": false,
            "propertyBag": {}
          }
        }
      }
    },
    {
      "RequestUri": "https://management.azure.com/subscriptions/00000000-0000-0000-0000-000000000/resourceGroups/00000/providers/Microsoft.MachineLearningServices/workspaces/00000?api-version=2022-10-01",
      "RequestMethod": "GET",
      "RequestHeaders": {
        "Accept": "application/json",
        "Accept-Encoding": "gzip, deflate",
        "Connection": "keep-alive",
        "User-Agent": "azure-ai-ml/1.5.0 azsdk-python-mgmt-machinelearningservices/0.1.0 Python/3.7.9 (Windows-10-10.0.22621-SP0)"
      },
      "RequestBody": null,
      "StatusCode": 200,
      "ResponseHeaders": {
        "Cache-Control": "no-cache",
        "Content-Encoding": "gzip",
        "Content-Type": "application/json; charset=utf-8",
        "Date": "Thu, 02 Mar 2023 08:50:50 GMT",
        "Expires": "-1",
        "Pragma": "no-cache",
        "request-context": "appId=cid-v1:512cc15a-13b5-415b-bfd0-dce7accb6bb1",
        "Server-Timing": "traceparent;desc=\u002200-b4143de08015b9adfaca074bfc6b2365-e54b61749f760837-01\u0022",
        "Strict-Transport-Security": "max-age=31536000; includeSubDomains",
        "Transfer-Encoding": "chunked",
        "Vary": [
          "Accept-Encoding",
          "Accept-Encoding"
        ],
        "x-aml-cluster": "vienna-test-westus2-02",
        "X-Content-Type-Options": "nosniff",
        "x-ms-correlation-request-id": "3be9a68a-1dc8-4873-8f27-5bddb0486bf1",
        "x-ms-ratelimit-remaining-subscription-reads": "11933",
        "x-ms-response-type": "standard",
        "x-ms-routing-request-id": "WESTUS2:20230302T085051Z:3be9a68a-1dc8-4873-8f27-5bddb0486bf1",
        "x-request-time": "0.012"
      },
      "ResponseBody": {
        "id": "/subscriptions/00000000-0000-0000-0000-000000000/resourceGroups/00000/providers/Microsoft.MachineLearningServices/workspaces/00000",
        "name": "00000",
        "type": "Microsoft.MachineLearningServices/workspaces",
        "location": "centraluseuap",
        "tags": {},
        "etag": null,
        "properties": {
          "friendlyName": "00000",
          "description": "",
          "storageAccount": "/subscriptions/00000000-0000-0000-0000-000000000/resourceGroups/00000/providers/Microsoft.Storage/storageAccounts/sabwy6aywr6q3xa",
          "keyVault": "/subscriptions/00000000-0000-0000-0000-000000000/resourceGroups/00000/providers/Microsoft.Keyvault/vaults/kvtestxhqgox57wyoei",
          "applicationInsights": "/subscriptions/00000000-0000-0000-0000-000000000/resourceGroups/00000/providers/Microsoft.insights/components/aibwy6aywr6q3xa",
          "hbiWorkspace": false,
          "tenantId": "72f988bf-86f1-41af-91ab-2d7cd011db47",
          "imageBuildCompute": null,
          "provisioningState": "Succeeded",
          "v1LegacyMode": false,
          "softDeleteEnabled": false,
          "containerRegistry": "/subscriptions/00000000-0000-0000-0000-000000000/resourceGroups/00000/providers/Microsoft.ContainerRegistry/registries/crbwy6aywr6q3xa",
          "creationTime": "2023-03-02T05:04:47.9826667Z",
          "notebookInfo": {
            "resourceId": "0000000-0000-0000-0000-000000000000",
            "fqdn": "ml-sdkvnextc-centraluseuap-691a3670-144c-489b-a527-ce78b4bc2ecc.centraluseuap.notebooks.azure.net",
            "isPrivateLinkEnabled": false,
            "notebookPreparationError": null
          },
          "storageHnsEnabled": false,
          "workspaceId": "691a3670-144c-489b-a527-ce78b4bc2ecc",
          "linkedModelInventoryArmId": null,
          "privateLinkCount": 0,
          "publicNetworkAccess": "Enabled",
          "discoveryUrl": "https://master.api.azureml-test.ms/discovery",
          "mlFlowTrackingUri": "azureml://master.api.azureml-test.ms/mlflow/v1.0/subscriptions/00000000-0000-0000-0000-000000000/resourceGroups/00000/providers/Microsoft.MachineLearningServices/workspaces/00000",
          "sdkTelemetryAppInsightsKey": "0000000-0000-0000-0000-000000000000",
          "sasGetterUri": "",
          "enableDataIsolation": false
        },
        "identity": {
          "type": "SystemAssigned",
          "principalId": "0000000-0000-0000-0000-000000000000",
          "tenantId": "72f988bf-86f1-41af-91ab-2d7cd011db47"
        },
        "kind": "Default",
        "sku": {
          "name": "Basic",
          "tier": "Basic"
        },
        "systemData": {
          "createdAt": "2023-03-02T05:04:47.9826667Z",
          "createdBy": "alias@contoso.com",
          "createdByType": "User",
          "lastModifiedAt": "2023-03-02T05:04:47.9826667Z",
          "lastModifiedBy": "alias@contoso.com",
          "lastModifiedByType": "User"
        }
      }
    },
    {
      "RequestUri": "https://master.api.azureml-test.ms/content/v2.0/subscriptions/00000000-0000-0000-0000-000000000/resourceGroups/00000/providers/Microsoft.MachineLearningServices/workspaces/00000/snapshots/getByHash?hash=2735546483b0329614357785c9ce58e15d3c43b1401bacc7e587e6526ff79af5\u0026hashVersion=202208",
      "RequestMethod": "GET",
      "RequestHeaders": {
        "Accept": "*/*",
        "Accept-Encoding": "gzip, deflate",
        "Connection": "keep-alive",
        "Content-Type": "application/json; charset=UTF-8",
        "User-Agent": "azure-ai-ml/1.5.0 azsdk-python-core/1.26.3 Python/3.7.9 (Windows-10-10.0.22621-SP0)"
      },
      "RequestBody": null,
      "StatusCode": 404,
      "ResponseHeaders": {
        "Connection": "keep-alive",
        "Content-Encoding": "gzip",
        "Content-Type": "application/json; charset=utf-8",
        "Date": "Thu, 02 Mar 2023 08:50:54 GMT",
        "request-context": "appId=cid-v1:512cc15a-13b5-415b-bfd0-dce7accb6bb1",
        "Strict-Transport-Security": "max-age=15724800; includeSubDomains; preload",
        "Transfer-Encoding": "chunked",
        "Vary": "Accept-Encoding",
        "x-aml-cluster": "vienna-test-westus2-02",
        "X-Content-Type-Options": "nosniff",
        "x-ms-response-type": "error",
        "x-request-time": "0.020"
      },
      "ResponseBody": {
        "error": {
          "code": "UserError",
          "severity": null,
          "message": "Snapshot with hash 2735546483b0329614357785c9ce58e15d3c43b1401bacc7e587e6526ff79af5 was not found",
          "messageFormat": null,
          "messageParameters": null,
          "referenceCode": null,
          "detailsUri": null,
          "target": null,
          "details": [],
          "innerError": {
            "code": "NotFoundError",
            "innerError": null
          },
          "debugInfo": {
            "type": "Common.WebApi.Exceptions.ResourceNotFoundException",
            "message": "Snapshot with hash 2735546483b0329614357785c9ce58e15d3c43b1401bacc7e587e6526ff79af5 was not found",
            "stackTrace": "   at Microsoft.MachineLearning.ProjectContent.EntryPoints.Controllers.SnapshotControllerV2.GetSnapshotByHash(WorkspaceContext2 workspaceContext, String hash, String hashVersion) in /mnt/vss/_work/1/s/src/azureml-api/src/ProjectContent/EntryPoints/Controllers/SnapshotControllerV2.cs:line 617\n   at lambda_method939(Closure , Object )\n   at Microsoft.AspNetCore.Mvc.Infrastructure.ActionMethodExecutor.AwaitableObjectResultExecutor.Execute(IActionResultTypeMapper mapper, ObjectMethodExecutor executor, Object controller, Object[] arguments)\n   at Microsoft.AspNetCore.Mvc.Infrastructure.ControllerActionInvoker.\u003CInvokeActionMethodAsync\u003Eg__Logged|12_1(ControllerActionInvoker invoker)\n   at Microsoft.AspNetCore.Mvc.Infrastructure.ControllerActionInvoker.\u003CInvokeNextActionFilterAsync\u003Eg__Awaited|10_0(ControllerActionInvoker invoker, Task lastTask, State next, Scope scope, Object state, Boolean isCompleted)\n   at Microsoft.AspNetCore.Mvc.Infrastructure.ControllerActionInvoker.Rethrow(ActionExecutedContextSealed context)\n   at Microsoft.AspNetCore.Mvc.Infrastructure.ControllerActionInvoker.Next(State\u0026 next, Scope\u0026 scope, Object\u0026 state, Boolean\u0026 isCompleted)\n   at Microsoft.AspNetCore.Mvc.Infrastructure.ControllerActionInvoker.\u003CInvokeInnerFilterAsync\u003Eg__Awaited|13_0(ControllerActionInvoker invoker, Task lastTask, State next, Scope scope, Object state, Boolean isCompleted)\n   at Microsoft.AspNetCore.Mvc.Infrastructure.ResourceInvoker.\u003CInvokeNextExceptionFilterAsync\u003Eg__Awaited|26_0(ResourceInvoker invoker, Task lastTask, State next, Scope scope, Object state, Boolean isCompleted)",
            "innerException": null,
            "data": {},
            "errorResponse": null
          },
          "additionalInfo": null
        },
        "correlation": {
          "operation": "7899868bc99da84562e29646dcc19d7a",
          "request": "2992e4818e5d3304"
        },
        "environment": "master",
        "location": "westus2",
        "time": "2023-03-02T08:50:54.3918293\u002B00:00",
        "componentName": "project"
      }
    },
    {
      "RequestUri": "https://master.api.azureml-test.ms/assetstore/v1.0/temporaryDataReference/createOrGet",
      "RequestMethod": "POST",
      "RequestHeaders": {
        "Accept": "*/*",
        "Accept-Encoding": "gzip, deflate",
        "Connection": "keep-alive",
        "Content-Length": "259",
        "Content-Type": "application/json; charset=UTF-8",
        "User-Agent": "azure-ai-ml/1.5.0 azsdk-python-core/1.26.3 Python/3.7.9 (Windows-10-10.0.22621-SP0)"
      },
      "RequestBody": {
        "assetId": "azureml://locations/centraluseuap/workspaces/691a3670-144c-489b-a527-ce78b4bc2ecc/codes/c20c3c1e-3ad5-4683-95dd-dd2d86f9cf36/versions/1",
        "temporaryDataReferenceId": "000000000000000000000",
        "temporaryDataReferenceType": "TemporaryBlobReference"
      },
      "StatusCode": 403,
      "ResponseHeaders": {
        "Connection": "keep-alive",
        "Content-Encoding": "gzip",
        "Content-Type": "application/json; charset=utf-8",
        "Date": "Thu, 02 Mar 2023 08:50:56 GMT",
        "request-context": "appId=cid-v1:512cc15a-13b5-415b-bfd0-dce7accb6bb1",
        "Strict-Transport-Security": "max-age=15724800; includeSubDomains; preload",
        "Transfer-Encoding": "chunked",
        "Vary": "Accept-Encoding",
        "x-aml-cluster": "vienna-test-westus2-02",
        "X-Content-Type-Options": "nosniff",
        "x-ms-response-type": "error",
        "x-request-time": "0.016"
      },
      "ResponseBody": {
        "error": {
          "code": "UserError",
          "severity": null,
          "message": "User is not authorized to access provided resources due to not having read access to specified resources for following asset types: codes.",
          "messageFormat": "User is not authorized to access provided resources due to {reason}.",
          "messageParameters": {
            "reason": "not having read access to specified resources for following asset types: codes"
          },
          "referenceCode": null,
          "detailsUri": null,
          "target": null,
          "details": [],
          "innerError": {
            "code": "Auth",
            "innerError": {
              "code": "Authorization",
              "innerError": null
            }
          },
          "debugInfo": {
            "type": "Microsoft.MachineLearning.Common.Assets.UnauthorizedResourceAccessException",
            "message": "User is not authorized to access provided resources due to not having read access to specified resources for following asset types: codes.",
            "stackTrace": "   at Microsoft.MachineLearning.Common.Assets.Authorization.AssetAuthorizationHandler.AuthorizeUserForAssets(AuthorizationContext authorizationContext, AssetsRoleBasedAuthorizationRequest authorizationRequest, Func\u00602 isPublicContainerCheck, Func\u00602 shouldSkipWorkspaceDueToKnownFailure, Func\u00602 shouldSkipRegistryDueToKnownFailure, Boolean privateLinkCheckAlreadyDone, Func\u00602 isUserAgentSafeToTrustForPrivateLink, List\u00601 actionsToCheck) in /mnt/vss/_work/1/s/src/azureml-api/src/Common/Assets/Authorization/AssetAuthorizationHandler.cs:line 189\n   at Microsoft.MachineLearning.Feed.Services.ResourceProvider.AssetAuthorizationProvider.AuthorizeAssetWriteOrDeleteRequestForWorkspace(AssetId assetId, Boolean isDeleteRequest, CancellationToken cancellationToken) in /mnt/vss/_work/1/s/src/azureml-api/src/Feed/Services/ResourceProvider/AssetAuthorizationProvider.cs:line 331\n   at Microsoft.MachineLearning.Feed.Services.ResourceProvider.AssetAuthorizationProvider.AuthorizeAssetWriteRequest(AssetId assetId, CancellationToken cancellationToken) in /mnt/vss/_work/1/s/src/azureml-api/src/Feed/Services/ResourceProvider/AssetAuthorizationProvider.cs:line 90\n   at Microsoft.MachineLearning.Feed.EntryPoints.Controllers.AssetStore.TemporaryDataReferenceController.CreateOrGetTemporaryDataReference(TemporaryDataReferenceRequestDto temporaryDataReferenceRequest) in /mnt/vss/_work/1/s/src/azureml-api/src/Feed/EntryPoints/Controllers/AssetStore/TemporaryDataReferenceController.cs:line 53\n   at lambda_method773(Closure , Object )\n   at Microsoft.AspNetCore.Mvc.Infrastructure.ActionMethodExecutor.AwaitableObjectResultExecutor.Execute(IActionResultTypeMapper mapper, ObjectMethodExecutor executor, Object controller, Object[] arguments)\n   at Microsoft.AspNetCore.Mvc.Infrastructure.ControllerActionInvoker.\u003CInvokeActionMethodAsync\u003Eg__Logged|12_1(ControllerActionInvoker invoker)\n   at Microsoft.AspNetCore.Mvc.Infrastructure.ControllerActionInvoker.\u003CInvokeNextActionFilterAsync\u003Eg__Awaited|10_0(ControllerActionInvoker invoker, Task lastTask, State next, Scope scope, Object state, Boolean isCompleted)\n   at Microsoft.AspNetCore.Mvc.Infrastructure.ControllerActionInvoker.Rethrow(ActionExecutedContextSealed context)\n   at Microsoft.AspNetCore.Mvc.Infrastructure.ControllerActionInvoker.Next(State\u0026 next, Scope\u0026 scope, Object\u0026 state, Boolean\u0026 isCompleted)\n   at Microsoft.AspNetCore.Mvc.Infrastructure.ControllerActionInvoker.\u003CInvokeInnerFilterAsync\u003Eg__Awaited|13_0(ControllerActionInvoker invoker, Task lastTask, State next, Scope scope, Object state, Boolean isCompleted)\n   at Microsoft.AspNetCore.Mvc.Infrastructure.ResourceInvoker.\u003CInvokeNextExceptionFilterAsync\u003Eg__Awaited|26_0(ResourceInvoker invoker, Task lastTask, State next, Scope scope, Object state, Boolean isCompleted)",
            "innerException": null,
            "data": {
              "BaseError": {
                "Definition": {
                  "MessageFormat": "User is not authorized to access provided resources due to {reason}.",
                  "DetailsUri": null,
                  "IsTransient": null,
                  "CodesHierarchy": [
                    "UserError",
                    "Auth",
                    "Authorization"
                  ],
                  "Code": "Authorization"
                },
                "Message": "User is not authorized to access provided resources due to not having read access to specified resources for following asset types: codes.",
                "MessageParameters": {
                  "reason": "not having read access to specified resources for following asset types: codes"
                },
                "Target": null,
                "RetryAfterSeconds": null
              }
            },
            "errorResponse": null
          },
          "additionalInfo": null
        },
        "correlation": {
          "operation": "40533a2badf77c0acab7f01cef2f0b70",
          "request": "d45546cd700f25ef"
        },
        "environment": "master",
        "location": "westus2",
        "time": "2023-03-02T08:50:56.6384018\u002B00:00",
        "componentName": "assetstore"
      }
    },
    {
      "RequestUri": "https://master.api.azureml-test.ms/assetstore/v1.0/temporaryDataReference/createOrGet",
      "RequestMethod": "POST",
      "RequestHeaders": {
        "Accept": "*/*",
        "Accept-Encoding": "gzip, deflate",
        "Connection": "keep-alive",
        "Content-Length": "259",
        "Content-Type": "application/json; charset=UTF-8",
        "User-Agent": "azure-ai-ml/1.5.0 azsdk-python-core/1.26.3 Python/3.7.9 (Windows-10-10.0.22621-SP0)"
      },
      "RequestBody": {
        "assetId": "azureml://locations/centraluseuap/workspaces/691a3670-144c-489b-a527-ce78b4bc2ecc/codes/c20c3c1e-3ad5-4683-95dd-dd2d86f9cf36/versions/1",
        "temporaryDataReferenceId": "000000000000000000000",
        "temporaryDataReferenceType": "TemporaryBlobReference"
      },
      "StatusCode": 403,
      "ResponseHeaders": {
        "Connection": "keep-alive",
        "Content-Encoding": "gzip",
        "Content-Type": "application/json; charset=utf-8",
        "Date": "Thu, 02 Mar 2023 08:50:57 GMT",
        "request-context": "appId=cid-v1:512cc15a-13b5-415b-bfd0-dce7accb6bb1",
        "Strict-Transport-Security": "max-age=15724800; includeSubDomains; preload",
        "Transfer-Encoding": "chunked",
        "Vary": "Accept-Encoding",
        "x-aml-cluster": "vienna-test-westus2-02",
        "X-Content-Type-Options": "nosniff",
        "x-ms-response-type": "error",
        "x-request-time": "0.016"
      },
      "ResponseBody": {
        "error": {
          "code": "UserError",
          "severity": null,
          "message": "User is not authorized to access provided resources due to not having read access to specified resources for following asset types: codes.",
          "messageFormat": "User is not authorized to access provided resources due to {reason}.",
          "messageParameters": {
            "reason": "not having read access to specified resources for following asset types: codes"
          },
          "referenceCode": null,
          "detailsUri": null,
          "target": null,
          "details": [],
          "innerError": {
            "code": "Auth",
            "innerError": {
              "code": "Authorization",
              "innerError": null
            }
          },
          "debugInfo": {
            "type": "Microsoft.MachineLearning.Common.Assets.UnauthorizedResourceAccessException",
            "message": "User is not authorized to access provided resources due to not having read access to specified resources for following asset types: codes.",
            "stackTrace": "   at Microsoft.MachineLearning.Common.Assets.Authorization.AssetAuthorizationHandler.AuthorizeUserForAssets(AuthorizationContext authorizationContext, AssetsRoleBasedAuthorizationRequest authorizationRequest, Func\u00602 isPublicContainerCheck, Func\u00602 shouldSkipWorkspaceDueToKnownFailure, Func\u00602 shouldSkipRegistryDueToKnownFailure, Boolean privateLinkCheckAlreadyDone, Func\u00602 isUserAgentSafeToTrustForPrivateLink, List\u00601 actionsToCheck) in /mnt/vss/_work/1/s/src/azureml-api/src/Common/Assets/Authorization/AssetAuthorizationHandler.cs:line 189\n   at Microsoft.MachineLearning.Feed.Services.ResourceProvider.AssetAuthorizationProvider.AuthorizeAssetWriteOrDeleteRequestForWorkspace(AssetId assetId, Boolean isDeleteRequest, CancellationToken cancellationToken) in /mnt/vss/_work/1/s/src/azureml-api/src/Feed/Services/ResourceProvider/AssetAuthorizationProvider.cs:line 331\n   at Microsoft.MachineLearning.Feed.Services.ResourceProvider.AssetAuthorizationProvider.AuthorizeAssetWriteRequest(AssetId assetId, CancellationToken cancellationToken) in /mnt/vss/_work/1/s/src/azureml-api/src/Feed/Services/ResourceProvider/AssetAuthorizationProvider.cs:line 90\n   at Microsoft.MachineLearning.Feed.EntryPoints.Controllers.AssetStore.TemporaryDataReferenceController.CreateOrGetTemporaryDataReference(TemporaryDataReferenceRequestDto temporaryDataReferenceRequest) in /mnt/vss/_work/1/s/src/azureml-api/src/Feed/EntryPoints/Controllers/AssetStore/TemporaryDataReferenceController.cs:line 53\n   at lambda_method773(Closure , Object )\n   at Microsoft.AspNetCore.Mvc.Infrastructure.ActionMethodExecutor.AwaitableObjectResultExecutor.Execute(IActionResultTypeMapper mapper, ObjectMethodExecutor executor, Object controller, Object[] arguments)\n   at Microsoft.AspNetCore.Mvc.Infrastructure.ControllerActionInvoker.\u003CInvokeActionMethodAsync\u003Eg__Logged|12_1(ControllerActionInvoker invoker)\n   at Microsoft.AspNetCore.Mvc.Infrastructure.ControllerActionInvoker.\u003CInvokeNextActionFilterAsync\u003Eg__Awaited|10_0(ControllerActionInvoker invoker, Task lastTask, State next, Scope scope, Object state, Boolean isCompleted)\n   at Microsoft.AspNetCore.Mvc.Infrastructure.ControllerActionInvoker.Rethrow(ActionExecutedContextSealed context)\n   at Microsoft.AspNetCore.Mvc.Infrastructure.ControllerActionInvoker.Next(State\u0026 next, Scope\u0026 scope, Object\u0026 state, Boolean\u0026 isCompleted)\n   at Microsoft.AspNetCore.Mvc.Infrastructure.ControllerActionInvoker.\u003CInvokeInnerFilterAsync\u003Eg__Awaited|13_0(ControllerActionInvoker invoker, Task lastTask, State next, Scope scope, Object state, Boolean isCompleted)\n   at Microsoft.AspNetCore.Mvc.Infrastructure.ResourceInvoker.\u003CInvokeNextExceptionFilterAsync\u003Eg__Awaited|26_0(ResourceInvoker invoker, Task lastTask, State next, Scope scope, Object state, Boolean isCompleted)",
            "innerException": null,
            "data": {
              "BaseError": {
                "Definition": {
                  "MessageFormat": "User is not authorized to access provided resources due to {reason}.",
                  "DetailsUri": null,
                  "IsTransient": null,
                  "CodesHierarchy": [
                    "UserError",
                    "Auth",
                    "Authorization"
                  ],
                  "Code": "Authorization"
                },
                "Message": "User is not authorized to access provided resources due to not having read access to specified resources for following asset types: codes.",
                "MessageParameters": {
                  "reason": "not having read access to specified resources for following asset types: codes"
                },
                "Target": null,
                "RetryAfterSeconds": null
              }
            },
            "errorResponse": null
          },
          "additionalInfo": null
        },
        "correlation": {
          "operation": "52c92765dd32a867a1b27fbd585c8a3d",
          "request": "dc36fffe08d8b95a"
        },
        "environment": "master",
        "location": "westus2",
        "time": "2023-03-02T08:50:57.4359303\u002B00:00",
        "componentName": "assetstore"
      }
    },
    {
      "RequestUri": "https://master.api.azureml-test.ms/assetstore/v1.0/temporaryDataReference/createOrGet",
      "RequestMethod": "POST",
      "RequestHeaders": {
        "Accept": "*/*",
        "Accept-Encoding": "gzip, deflate",
        "Connection": "keep-alive",
        "Content-Length": "259",
        "Content-Type": "application/json; charset=UTF-8",
        "User-Agent": "azure-ai-ml/1.5.0 azsdk-python-core/1.26.3 Python/3.7.9 (Windows-10-10.0.22621-SP0)"
      },
      "RequestBody": {
        "assetId": "azureml://locations/centraluseuap/workspaces/691a3670-144c-489b-a527-ce78b4bc2ecc/codes/c20c3c1e-3ad5-4683-95dd-dd2d86f9cf36/versions/1",
        "temporaryDataReferenceId": "000000000000000000000",
        "temporaryDataReferenceType": "TemporaryBlobReference"
      },
      "StatusCode": 403,
      "ResponseHeaders": {
        "Connection": "keep-alive",
        "Content-Encoding": "gzip",
        "Content-Type": "application/json; charset=utf-8",
        "Date": "Thu, 02 Mar 2023 08:50:58 GMT",
        "request-context": "appId=cid-v1:512cc15a-13b5-415b-bfd0-dce7accb6bb1",
        "Strict-Transport-Security": "max-age=15724800; includeSubDomains; preload",
        "Transfer-Encoding": "chunked",
        "Vary": "Accept-Encoding",
        "x-aml-cluster": "vienna-test-westus2-02",
        "X-Content-Type-Options": "nosniff",
        "x-ms-response-type": "error",
        "x-request-time": "0.020"
      },
      "ResponseBody": {
        "error": {
          "code": "UserError",
          "severity": null,
          "message": "User is not authorized to access provided resources due to not having read access to specified resources for following asset types: codes.",
          "messageFormat": "User is not authorized to access provided resources due to {reason}.",
          "messageParameters": {
            "reason": "not having read access to specified resources for following asset types: codes"
          },
          "referenceCode": null,
          "detailsUri": null,
          "target": null,
          "details": [],
          "innerError": {
            "code": "Auth",
            "innerError": {
              "code": "Authorization",
              "innerError": null
            }
          },
          "debugInfo": {
            "type": "Microsoft.MachineLearning.Common.Assets.UnauthorizedResourceAccessException",
            "message": "User is not authorized to access provided resources due to not having read access to specified resources for following asset types: codes.",
            "stackTrace": "   at Microsoft.MachineLearning.Common.Assets.Authorization.AssetAuthorizationHandler.AuthorizeUserForAssets(AuthorizationContext authorizationContext, AssetsRoleBasedAuthorizationRequest authorizationRequest, Func\u00602 isPublicContainerCheck, Func\u00602 shouldSkipWorkspaceDueToKnownFailure, Func\u00602 shouldSkipRegistryDueToKnownFailure, Boolean privateLinkCheckAlreadyDone, Func\u00602 isUserAgentSafeToTrustForPrivateLink, List\u00601 actionsToCheck) in /mnt/vss/_work/1/s/src/azureml-api/src/Common/Assets/Authorization/AssetAuthorizationHandler.cs:line 189\n   at Microsoft.MachineLearning.Feed.Services.ResourceProvider.AssetAuthorizationProvider.AuthorizeAssetWriteOrDeleteRequestForWorkspace(AssetId assetId, Boolean isDeleteRequest, CancellationToken cancellationToken) in /mnt/vss/_work/1/s/src/azureml-api/src/Feed/Services/ResourceProvider/AssetAuthorizationProvider.cs:line 331\n   at Microsoft.MachineLearning.Feed.Services.ResourceProvider.AssetAuthorizationProvider.AuthorizeAssetWriteRequest(AssetId assetId, CancellationToken cancellationToken) in /mnt/vss/_work/1/s/src/azureml-api/src/Feed/Services/ResourceProvider/AssetAuthorizationProvider.cs:line 96\n   at Microsoft.MachineLearning.Feed.EntryPoints.Controllers.AssetStore.TemporaryDataReferenceController.CreateOrGetTemporaryDataReference(TemporaryDataReferenceRequestDto temporaryDataReferenceRequest) in /mnt/vss/_work/1/s/src/azureml-api/src/Feed/EntryPoints/Controllers/AssetStore/TemporaryDataReferenceController.cs:line 53\n   at lambda_method329(Closure , Object )\n   at Microsoft.AspNetCore.Mvc.Infrastructure.ActionMethodExecutor.AwaitableObjectResultExecutor.Execute(IActionResultTypeMapper mapper, ObjectMethodExecutor executor, Object controller, Object[] arguments)\n   at Microsoft.AspNetCore.Mvc.Infrastructure.ControllerActionInvoker.\u003CInvokeActionMethodAsync\u003Eg__Logged|12_1(ControllerActionInvoker invoker)\n   at Microsoft.AspNetCore.Mvc.Infrastructure.ControllerActionInvoker.\u003CInvokeNextActionFilterAsync\u003Eg__Awaited|10_0(ControllerActionInvoker invoker, Task lastTask, State next, Scope scope, Object state, Boolean isCompleted)\n   at Microsoft.AspNetCore.Mvc.Infrastructure.ControllerActionInvoker.Rethrow(ActionExecutedContextSealed context)\n   at Microsoft.AspNetCore.Mvc.Infrastructure.ControllerActionInvoker.Next(State\u0026 next, Scope\u0026 scope, Object\u0026 state, Boolean\u0026 isCompleted)\n   at Microsoft.AspNetCore.Mvc.Infrastructure.ControllerActionInvoker.\u003CInvokeInnerFilterAsync\u003Eg__Awaited|13_0(ControllerActionInvoker invoker, Task lastTask, State next, Scope scope, Object state, Boolean isCompleted)\n   at Microsoft.AspNetCore.Mvc.Infrastructure.ResourceInvoker.\u003CInvokeNextExceptionFilterAsync\u003Eg__Awaited|26_0(ResourceInvoker invoker, Task lastTask, State next, Scope scope, Object state, Boolean isCompleted)",
            "innerException": null,
            "data": {
              "BaseError": {
                "Definition": {
                  "MessageFormat": "User is not authorized to access provided resources due to {reason}.",
                  "DetailsUri": null,
                  "IsTransient": null,
                  "CodesHierarchy": [
                    "UserError",
                    "Auth",
                    "Authorization"
                  ],
                  "Code": "Authorization"
                },
                "Message": "User is not authorized to access provided resources due to not having read access to specified resources for following asset types: codes.",
                "MessageParameters": {
                  "reason": "not having read access to specified resources for following asset types: codes"
                },
                "Target": null,
                "RetryAfterSeconds": null
              }
            },
            "errorResponse": null
          },
          "additionalInfo": null
        },
        "correlation": {
          "operation": "b1d131e134aa838b51bf7f1492054b9b",
          "request": "71e83f23111dccb6"
        },
        "environment": "master",
        "location": "westus2",
        "time": "2023-03-02T08:50:58.9435099\u002B00:00",
        "componentName": "assetstore"
      }
    }
  ],
  "Variables": {}
}
