{
  "Entries": [
    {
      "RequestUri": "https://management.azure.com/subscriptions/00000000-0000-0000-0000-000000000/resourceGroups/00000/providers/Microsoft.MachineLearningServices/workspaces/00000/computes/cpu-cluster?api-version=2022-10-01-preview",
      "RequestMethod": "GET",
      "RequestHeaders": {
        "Accept": "application/json",
        "Accept-Encoding": "gzip, deflate",
        "Connection": "keep-alive",
        "User-Agent": "azure-ai-ml/1.5.0 azsdk-python-mgmt-machinelearningservices/0.1.0 Python/3.10.6 (Linux-5.15.79.1-microsoft-standard-WSL2-x86_64-with-glibc2.35)"
      },
      "RequestBody": null,
      "StatusCode": 200,
      "ResponseHeaders": {
        "Cache-Control": "no-cache",
        "Content-Encoding": "gzip",
        "Content-Type": "application/json; charset=utf-8",
        "Date": "Tue, 21 Feb 2023 20:56:42 GMT",
        "Expires": "-1",
        "Pragma": "no-cache",
        "Request-Context": "appId=cid-v1:2d2e8e63-272e-4b3c-8598-4ee570a0e70d",
        "Server-Timing": "traceparent;desc=\u002200-b8469217b6f013727d0556600e893558-d160e8548a1dcf52-01\u0022",
        "Strict-Transport-Security": "max-age=31536000; includeSubDomains",
        "Transfer-Encoding": "chunked",
        "Vary": [
          "Accept-Encoding",
          "Accept-Encoding"
        ],
        "x-aml-cluster": "vienna-eastus-02",
        "X-Content-Type-Options": "nosniff",
        "x-ms-correlation-request-id": "75237319-35b2-4b31-be8e-c7ea282d3c57",
        "x-ms-ratelimit-remaining-subscription-reads": "11961",
        "x-ms-response-type": "standard",
        "x-ms-routing-request-id": "CANADACENTRAL:20230221T205643Z:75237319-35b2-4b31-be8e-c7ea282d3c57",
        "x-request-time": "0.051"
      },
      "ResponseBody": {
        "id": "/subscriptions/00000000-0000-0000-0000-000000000/resourceGroups/00000/providers/Microsoft.MachineLearningServices/workspaces/00000/computes/cpu-cluster",
        "name": "cpu-cluster",
        "type": "Microsoft.MachineLearningServices/workspaces/computes",
        "location": "eastus",
        "tags": {},
        "properties": {
          "createdOn": "2023-02-18T09:22:48.8321811\u002B00:00",
          "modifiedOn": "2023-02-20T22:34:01.0617008\u002B00:00",
          "disableLocalAuth": false,
          "description": null,
          "resourceId": null,
          "computeType": "AmlCompute",
          "computeLocation": "eastus",
          "provisioningState": "Succeeded",
          "provisioningErrors": null,
          "isAttachedCompute": false,
          "properties": {
            "vmSize": "STANDARD_DS2_V2",
            "vmPriority": "Dedicated",
            "scaleSettings": {
              "maxNodeCount": 4,
              "minNodeCount": 0,
              "nodeIdleTimeBeforeScaleDown": "PT20M"
            },
            "subnet": null,
            "currentNodeCount": 4,
            "targetNodeCount": 4,
            "nodeStateCounts": {
              "preparingNodeCount": 0,
              "runningNodeCount": 0,
              "idleNodeCount": 4,
              "unusableNodeCount": 0,
              "leavingNodeCount": 0,
              "preemptedNodeCount": 0
            },
            "allocationState": "Steady",
            "allocationStateTransitionTime": "2023-02-21T20:46:52.65\u002B00:00",
            "errors": null,
            "remoteLoginPortPublicAccess": "Enabled",
            "osType": "Linux",
            "virtualMachineImage": null,
            "isolatedNetwork": false,
            "propertyBag": {}
          }
        }
      }
    },
    {
      "RequestUri": "https://management.azure.com/subscriptions/00000000-0000-0000-0000-000000000/resourceGroups/00000/providers/Microsoft.MachineLearningServices/workspaces/00000/datastores/workspaceblobstore?api-version=2022-10-01",
      "RequestMethod": "GET",
      "RequestHeaders": {
        "Accept": "application/json",
        "Accept-Encoding": "gzip, deflate",
        "Connection": "keep-alive",
        "User-Agent": "azure-ai-ml/1.5.0 azsdk-python-mgmt-machinelearningservices/0.1.0 Python/3.10.6 (Linux-5.15.79.1-microsoft-standard-WSL2-x86_64-with-glibc2.35)"
      },
      "RequestBody": null,
      "StatusCode": 200,
      "ResponseHeaders": {
        "Cache-Control": "no-cache",
        "Content-Encoding": "gzip",
        "Content-Type": "application/json; charset=utf-8",
        "Date": "Tue, 21 Feb 2023 20:56:45 GMT",
        "Expires": "-1",
        "Pragma": "no-cache",
        "Request-Context": "appId=cid-v1:2d2e8e63-272e-4b3c-8598-4ee570a0e70d",
        "Server-Timing": "traceparent;desc=\u002200-8971b606d16077a4551ede2932d2ecf8-0fe49ff098da1702-01\u0022",
        "Strict-Transport-Security": "max-age=31536000; includeSubDomains",
        "Transfer-Encoding": "chunked",
        "Vary": [
          "Accept-Encoding",
          "Accept-Encoding"
        ],
        "x-aml-cluster": "vienna-eastus-01",
        "X-Content-Type-Options": "nosniff",
        "x-ms-correlation-request-id": "29ccad1c-14bc-4e04-8a3d-4fde822e69d7",
        "x-ms-ratelimit-remaining-subscription-reads": "11960",
        "x-ms-response-type": "standard",
        "x-ms-routing-request-id": "CANADACENTRAL:20230221T205645Z:29ccad1c-14bc-4e04-8a3d-4fde822e69d7",
        "x-request-time": "0.159"
      },
      "ResponseBody": {
        "id": "/subscriptions/00000000-0000-0000-0000-000000000/resourceGroups/00000/providers/Microsoft.MachineLearningServices/workspaces/00000/datastores/workspaceblobstore",
        "name": "workspaceblobstore",
        "type": "Microsoft.MachineLearningServices/workspaces/datastores",
        "properties": {
          "description": null,
          "tags": null,
          "properties": null,
          "isDefault": true,
          "credentials": {
            "credentialsType": "AccountKey"
          },
          "datastoreType": "AzureBlob",
          "accountName": "samcw32zcnpjldw",
          "containerName": "azureml-blobstore-3bd2018e-4b43-401e-ad49-85df181c9e0a",
          "endpoint": "core.windows.net",
          "protocol": "https",
          "serviceDataAccessAuthIdentity": "WorkspaceSystemAssignedIdentity"
        },
        "systemData": {
          "createdAt": "2023-02-18T09:22:33.5645164\u002B00:00",
          "createdBy": "779301c0-18b2-4cdc-801b-a0a3368fee0a",
          "createdByType": "Application",
          "lastModifiedAt": "2023-02-18T09:22:34.1712214\u002B00:00",
          "lastModifiedBy": "779301c0-18b2-4cdc-801b-a0a3368fee0a",
          "lastModifiedByType": "Application"
        }
      }
    },
    {
      "RequestUri": "https://management.azure.com/subscriptions/00000000-0000-0000-0000-000000000/resourceGroups/00000/providers/Microsoft.MachineLearningServices/workspaces/00000/datastores/workspaceblobstore/listSecrets?api-version=2022-10-01",
      "RequestMethod": "POST",
      "RequestHeaders": {
        "Accept": "application/json",
        "Accept-Encoding": "gzip, deflate",
        "Connection": "keep-alive",
        "Content-Length": "0",
        "User-Agent": "azure-ai-ml/1.5.0 azsdk-python-mgmt-machinelearningservices/0.1.0 Python/3.10.6 (Linux-5.15.79.1-microsoft-standard-WSL2-x86_64-with-glibc2.35)"
      },
      "RequestBody": null,
      "StatusCode": 200,
      "ResponseHeaders": {
        "Cache-Control": "no-cache",
        "Content-Encoding": "gzip",
        "Content-Type": "application/json; charset=utf-8",
        "Date": "Tue, 21 Feb 2023 20:56:45 GMT",
        "Expires": "-1",
        "Pragma": "no-cache",
        "Request-Context": "appId=cid-v1:2d2e8e63-272e-4b3c-8598-4ee570a0e70d",
        "Server-Timing": "traceparent;desc=\u002200-2287482e4cbeef1173f6263df92619fc-68a0c816bcd5376e-01\u0022",
        "Strict-Transport-Security": "max-age=31536000; includeSubDomains",
        "Transfer-Encoding": "chunked",
        "Vary": "Accept-Encoding",
        "x-aml-cluster": "vienna-eastus-01",
        "X-Content-Type-Options": "nosniff",
        "x-ms-correlation-request-id": "2d154211-cbe6-4de7-9f8e-020ef33494db",
        "x-ms-ratelimit-remaining-subscription-writes": "1181",
        "x-ms-response-type": "standard",
        "x-ms-routing-request-id": "CANADACENTRAL:20230221T205646Z:2d154211-cbe6-4de7-9f8e-020ef33494db",
        "x-request-time": "0.100"
      },
      "ResponseBody": {
        "secretsType": "AccountKey",
        "key": "dGhpcyBpcyBmYWtlIGtleQ=="
      }
    },
    {
      "RequestUri": "https://samcw32zcnpjldw.blob.core.windows.net/azureml-blobstore-3bd2018e-4b43-401e-ad49-85df181c9e0a/LocalUpload/00000000000000000000000000000000/COMPONENT_PLACEHOLDER",
      "RequestMethod": "HEAD",
      "RequestHeaders": {
        "Accept": "application/xml",
        "Accept-Encoding": "gzip, deflate",
        "Connection": "keep-alive",
        "User-Agent": "azsdk-python-storage-blob/12.14.1 Python/3.10.6 (Linux-5.15.79.1-microsoft-standard-WSL2-x86_64-with-glibc2.35)",
        "x-ms-date": "Tue, 21 Feb 2023 20:56:45 GMT",
        "x-ms-version": "2021-08-06"
      },
      "RequestBody": null,
      "StatusCode": 200,
      "ResponseHeaders": {
        "Accept-Ranges": "bytes",
        "Content-Length": "35",
        "Content-MD5": "L/DnSpFIn\u002BjaQWc\u002BsUQdcw==",
        "Content-Type": "application/octet-stream",
        "Date": "Tue, 21 Feb 2023 20:56:45 GMT",
        "ETag": "\u00220x8DB1192C06E1C79\u0022",
        "Last-Modified": "Sat, 18 Feb 2023 09:30:19 GMT",
        "Server": [
          "Windows-Azure-Blob/1.0",
          "Microsoft-HTTPAPI/2.0"
        ],
        "Vary": "Origin",
        "x-ms-access-tier": "Hot",
        "x-ms-access-tier-inferred": "true",
        "x-ms-blob-type": "BlockBlob",
        "x-ms-creation-time": "Sat, 18 Feb 2023 09:30:19 GMT",
        "x-ms-lease-state": "available",
        "x-ms-lease-status": "unlocked",
        "x-ms-meta-name": "c4b5a984-a0c9-4622-a5cf-f22114f04941",
        "x-ms-meta-upload_status": "completed",
        "x-ms-meta-version": "1",
        "x-ms-server-encrypted": "true",
        "x-ms-version": "2021-08-06"
      },
      "ResponseBody": null
    },
    {
      "RequestUri": "https://samcw32zcnpjldw.blob.core.windows.net/azureml-blobstore-3bd2018e-4b43-401e-ad49-85df181c9e0a/az-ml-artifacts/00000000000000000000000000000000/COMPONENT_PLACEHOLDER",
      "RequestMethod": "HEAD",
      "RequestHeaders": {
        "Accept": "application/xml",
        "Accept-Encoding": "gzip, deflate",
        "Connection": "keep-alive",
        "User-Agent": "azsdk-python-storage-blob/12.14.1 Python/3.10.6 (Linux-5.15.79.1-microsoft-standard-WSL2-x86_64-with-glibc2.35)",
        "x-ms-date": "Tue, 21 Feb 2023 20:56:46 GMT",
        "x-ms-version": "2021-08-06"
      },
      "RequestBody": null,
      "StatusCode": 404,
      "ResponseHeaders": {
        "Date": "Tue, 21 Feb 2023 20:56:45 GMT",
        "Server": [
          "Windows-Azure-Blob/1.0",
          "Microsoft-HTTPAPI/2.0"
        ],
        "Transfer-Encoding": "chunked",
        "Vary": "Origin",
        "x-ms-error-code": "BlobNotFound",
        "x-ms-version": "2021-08-06"
      },
      "ResponseBody": null
    },
    {
      "RequestUri": "https://management.azure.com/subscriptions/00000000-0000-0000-0000-000000000/resourceGroups/00000/providers/Microsoft.MachineLearningServices/workspaces/00000/codes/c4b5a984-a0c9-4622-a5cf-f22114f04941/versions/1?api-version=2022-05-01",
      "RequestMethod": "PUT",
      "RequestHeaders": {
        "Accept": "application/json",
        "Accept-Encoding": "gzip, deflate",
        "Connection": "keep-alive",
        "Content-Length": "288",
        "Content-Type": "application/json",
        "User-Agent": "azure-ai-ml/1.5.0 azsdk-python-mgmt-machinelearningservices/0.1.0 Python/3.10.6 (Linux-5.15.79.1-microsoft-standard-WSL2-x86_64-with-glibc2.35)"
      },
      "RequestBody": {
        "properties": {
          "properties": {
            "hash_sha256": "0000000000000",
            "hash_version": "0000000000000"
          },
          "isAnonymous": true,
          "isArchived": false,
          "codeUri": "https://samcw32zcnpjldw.blob.core.windows.net/azureml-blobstore-3bd2018e-4b43-401e-ad49-85df181c9e0a/LocalUpload/00000000000000000000000000000000"
        }
      },
      "StatusCode": 200,
      "ResponseHeaders": {
        "Cache-Control": "no-cache",
        "Content-Encoding": "gzip",
        "Content-Type": "application/json; charset=utf-8",
        "Date": "Tue, 21 Feb 2023 20:56:48 GMT",
        "Expires": "-1",
        "Pragma": "no-cache",
        "Request-Context": "appId=cid-v1:2d2e8e63-272e-4b3c-8598-4ee570a0e70d",
        "Server-Timing": "traceparent;desc=\u002200-daad60762df633fa1361dfd61058e83d-b85fe796dac2be88-01\u0022",
        "Strict-Transport-Security": "max-age=31536000; includeSubDomains",
        "Transfer-Encoding": "chunked",
        "Vary": [
          "Accept-Encoding",
          "Accept-Encoding"
        ],
        "x-aml-cluster": "vienna-eastus-01",
        "X-Content-Type-Options": "nosniff",
        "x-ms-correlation-request-id": "24df03d8-5d1b-4f29-9237-0a89b24b92ae",
        "x-ms-ratelimit-remaining-subscription-writes": "1166",
        "x-ms-response-type": "standard",
        "x-ms-routing-request-id": "CANADACENTRAL:20230221T205649Z:24df03d8-5d1b-4f29-9237-0a89b24b92ae",
        "x-request-time": "0.179"
      },
      "ResponseBody": {
        "id": "/subscriptions/00000000-0000-0000-0000-000000000/resourceGroups/00000/providers/Microsoft.MachineLearningServices/workspaces/00000/codes/c4b5a984-a0c9-4622-a5cf-f22114f04941/versions/1",
        "name": "1",
        "type": "Microsoft.MachineLearningServices/workspaces/codes/versions",
        "properties": {
          "description": null,
          "tags": {},
          "properties": {
            "hash_sha256": "0000000000000",
            "hash_version": "0000000000000"
          },
          "isArchived": false,
          "isAnonymous": false,
          "codeUri": "https://samcw32zcnpjldw.blob.core.windows.net/azureml-blobstore-3bd2018e-4b43-401e-ad49-85df181c9e0a/LocalUpload/00000000000000000000000000000000"
        },
        "systemData": {
          "createdAt": "2023-02-18T09:30:23.7478116\u002B00:00",
          "createdBy": "Firstname Lastname",
          "createdByType": "User",
          "lastModifiedAt": "2023-02-21T20:56:49.6221863\u002B00:00",
          "lastModifiedBy": "Firstname Lastname",
          "lastModifiedByType": "User"
        }
      }
    },
    {
      "RequestUri": "https://management.azure.com/subscriptions/00000000-0000-0000-0000-000000000/resourceGroups/00000/providers/Microsoft.MachineLearningServices/workspaces/00000/components/azureml_anonymous/versions/c69b468f-5cf3-2edb-680e-f382769c983d?api-version=2022-10-01",
      "RequestMethod": "PUT",
      "RequestHeaders": {
        "Accept": "application/json",
        "Accept-Encoding": "gzip, deflate",
        "Connection": "keep-alive",
        "Content-Length": "1308",
        "Content-Type": "application/json",
        "User-Agent": "azure-ai-ml/1.5.0 azsdk-python-mgmt-machinelearningservices/0.1.0 Python/3.10.6 (Linux-5.15.79.1-microsoft-standard-WSL2-x86_64-with-glibc2.35)"
      },
      "RequestBody": {
        "properties": {
          "description": "This is the basic command component",
          "properties": {},
          "tags": {
            "tag": "tagvalue",
            "owner": "sdkteam"
          },
          "isAnonymous": true,
          "isArchived": false,
          "componentSpec": {
            "command": "echo Hello World \u0026 echo $[[${{inputs.component_in_number}}]] \u0026 echo ${{inputs.component_in_path}} \u0026 echo ${{outputs.component_out_path}} \u003E ${{outputs.component_out_path}}/component_in_number",
            "code": "azureml:/subscriptions/00000000-0000-0000-0000-000000000/resourceGroups/00000/providers/Microsoft.MachineLearningServices/workspaces/00000/codes/c4b5a984-a0c9-4622-a5cf-f22114f04941/versions/1",
            "environment": "azureml:AzureML-sklearn-1.0-ubuntu20.04-py38-cpu:33",
            "name": "microsoftsamples_command_component_basic",
            "description": "This is the basic command component",
            "tags": {
              "tag": "tagvalue",
              "owner": "sdkteam"
            },
            "version": "0.0.1",
            "$schema": "https://azuremlschemas.azureedge.net/development/commandComponent.schema.json",
            "display_name": "CommandComponentBasic",
            "is_deterministic": true,
            "inputs": {
              "component_in_number": {
                "type": "number",
                "optional": true,
                "default": "10.99",
                "description": "A number"
              },
              "component_in_path": {
                "type": "uri_folder",
                "description": "A path"
              }
            },
            "outputs": {
              "component_out_path": {
                "type": "uri_folder"
              }
            },
            "type": "command",
            "_source": "YAML.COMPONENT"
          }
        }
      },
      "StatusCode": 201,
      "ResponseHeaders": {
        "Cache-Control": "no-cache",
        "Content-Length": "1860",
        "Content-Type": "application/json; charset=utf-8",
        "Date": "Tue, 21 Feb 2023 20:56:49 GMT",
        "Expires": "-1",
        "Location": "https://management.azure.com/subscriptions/00000000-0000-0000-0000-000000000/resourceGroups/00000/providers/Microsoft.MachineLearningServices/workspaces/00000/components/azureml_anonymous/versions/c69b468f-5cf3-2edb-680e-f382769c983d?api-version=2022-10-01",
        "Pragma": "no-cache",
        "Request-Context": "appId=cid-v1:2d2e8e63-272e-4b3c-8598-4ee570a0e70d",
        "Server-Timing": "traceparent;desc=\u002200-917ed8a67d96ea020e9cff8ab0f6ea31-b11cd2418d353caa-01\u0022",
        "Strict-Transport-Security": "max-age=31536000; includeSubDomains",
        "x-aml-cluster": "vienna-eastus-01",
        "X-Content-Type-Options": "nosniff",
        "x-ms-correlation-request-id": "aec3a09a-f08d-4c36-be4d-07eb09e87523",
        "x-ms-ratelimit-remaining-subscription-writes": "1165",
        "x-ms-response-type": "standard",
        "x-ms-routing-request-id": "CANADACENTRAL:20230221T205650Z:aec3a09a-f08d-4c36-be4d-07eb09e87523",
        "x-request-time": "0.588"
      },
      "ResponseBody": {
        "id": "/subscriptions/00000000-0000-0000-0000-000000000/resourceGroups/00000/providers/Microsoft.MachineLearningServices/workspaces/00000/components/azureml_anonymous/versions/68824f44-e08e-486f-b3e1-20c610731caa",
        "name": "68824f44-e08e-486f-b3e1-20c610731caa",
        "type": "Microsoft.MachineLearningServices/workspaces/components/versions",
        "properties": {
          "description": null,
          "tags": {
            "tag": "tagvalue",
            "owner": "sdkteam"
          },
          "properties": {},
          "isArchived": false,
          "isAnonymous": true,
          "componentSpec": {
            "name": "microsoftsamples_command_component_basic",
            "version": "0.0.1",
            "display_name": "CommandComponentBasic",
            "is_deterministic": "True",
            "type": "command",
            "description": "This is the basic command component",
            "tags": {
              "tag": "tagvalue",
              "owner": "sdkteam"
            },
            "inputs": {
              "component_in_path": {
                "type": "uri_folder",
                "optional": "False",
                "description": "A path"
              },
              "component_in_number": {
                "type": "number",
                "optional": "True",
                "default": "10.99",
                "description": "A number"
              }
            },
            "outputs": {
              "component_out_path": {
                "type": "uri_folder"
              }
            },
            "code": "azureml:/subscriptions/00000000-0000-0000-0000-000000000/resourceGroups/00000/providers/Microsoft.MachineLearningServices/workspaces/00000/codes/c4b5a984-a0c9-4622-a5cf-f22114f04941/versions/1",
            "environment": "azureml://registries/azureml/environments/AzureML-sklearn-1.0-ubuntu20.04-py38-cpu/versions/33",
            "resources": {
              "instance_count": "1"
            },
            "command": "echo Hello World \u0026 echo $[[${{inputs.component_in_number}}]] \u0026 echo ${{inputs.component_in_path}} \u0026 echo ${{outputs.component_out_path}} \u003E ${{outputs.component_out_path}}/component_in_number",
            "$schema": "https://azuremlschemas.azureedge.net/development/commandComponent.schema.json"
          }
        },
        "systemData": {
          "createdAt": "2023-02-18T09:32:29.8019177\u002B00:00",
          "createdBy": "Firstname Lastname",
          "createdByType": "User",
          "lastModifiedAt": "2023-02-18T09:32:29.8982296\u002B00:00",
          "lastModifiedBy": "Firstname Lastname",
          "lastModifiedByType": "User"
        }
      }
    },
    {
      "RequestUri": "https://management.azure.com/subscriptions/00000000-0000-0000-0000-000000000/resourceGroups/00000/providers/Microsoft.MachineLearningServices/workspaces/00000/jobs/000000000000000000000?api-version=2022-12-01-preview",
      "RequestMethod": "PUT",
      "RequestHeaders": {
        "Accept": "application/json",
        "Accept-Encoding": "gzip, deflate",
        "Connection": "keep-alive",
        "Content-Length": "1129",
        "Content-Type": "application/json",
        "User-Agent": "azure-ai-ml/1.5.0 azsdk-python-mgmt-machinelearningservices/0.1.0 Python/3.10.6 (Linux-5.15.79.1-microsoft-standard-WSL2-x86_64-with-glibc2.35)"
      },
      "RequestBody": {
        "properties": {
          "properties": {},
          "tags": {},
          "displayName": "pipeline",
          "experimentName": "azure-ai-ml",
          "isArchived": false,
          "jobType": "Pipeline",
          "inputs": {
            "component_in_number": {
              "jobInputType": "literal",
              "value": "10"
            },
            "component_in_path": {
              "uri": "https://dprepdata.blob.core.windows.net/demo/Titanic.csv",
              "jobInputType": "uri_file"
            }
          },
          "jobs": {
            "node1": {
              "name": "node1",
              "type": "command",
              "computeId": "/subscriptions/00000000-0000-0000-0000-000000000/resourceGroups/00000/providers/Microsoft.MachineLearningServices/workspaces/00000/computes/cpu-cluster",
              "inputs": {
                "component_in_number": {
                  "job_input_type": "literal",
                  "value": "${{parent.inputs.component_in_number}}"
                },
                "component_in_path": {
                  "job_input_type": "literal",
                  "value": "${{parent.inputs.component_in_path}}"
                }
              },
              "_source": "YAML.COMPONENT",
              "jeff_special_option": {
                "foo": "bar"
              },
              "componentId": "/subscriptions/00000000-0000-0000-0000-000000000/resourceGroups/00000/providers/Microsoft.MachineLearningServices/workspaces/00000/components/azureml_anonymous/versions/68824f44-e08e-486f-b3e1-20c610731caa"
            }
          },
          "outputs": {},
          "settings": {
            "_source": "DSL"
          }
        }
      },
      "StatusCode": 201,
      "ResponseHeaders": {
        "Cache-Control": "no-cache",
        "Content-Length": "2554",
        "Content-Type": "application/json; charset=utf-8",
        "Date": "Tue, 21 Feb 2023 20:56:53 GMT",
        "Expires": "-1",
        "Location": "https://management.azure.com/subscriptions/00000000-0000-0000-0000-000000000/resourceGroups/00000/providers/Microsoft.MachineLearningServices/workspaces/00000/jobs/000000000000000000000?api-version=2022-12-01-preview",
        "Pragma": "no-cache",
        "Request-Context": "appId=cid-v1:2d2e8e63-272e-4b3c-8598-4ee570a0e70d",
        "Server-Timing": "traceparent;desc=\u002200-266a843ee6dca865dbf7a3aeaf7ce941-f0f99984aeabaf32-01\u0022",
        "Strict-Transport-Security": "max-age=31536000; includeSubDomains",
        "x-aml-cluster": "vienna-eastus-01",
        "X-Content-Type-Options": "nosniff",
        "x-ms-correlation-request-id": "8d301f97-84e4-4cf0-941a-92ec265b98ff",
        "x-ms-ratelimit-remaining-subscription-writes": "1164",
        "x-ms-response-type": "standard",
        "x-ms-routing-request-id": "CANADACENTRAL:20230221T205654Z:8d301f97-84e4-4cf0-941a-92ec265b98ff",
        "x-request-time": "1.535"
      },
      "ResponseBody": {
        "id": "/subscriptions/00000000-0000-0000-0000-000000000/resourceGroups/00000/providers/Microsoft.MachineLearningServices/workspaces/00000/jobs/000000000000000000000",
        "name": "000000000000000000000",
        "type": "Microsoft.MachineLearningServices/workspaces/jobs",
        "properties": {
          "description": null,
          "tags": {},
          "properties": {
            "azureml.DevPlatv2": "true",
            "azureml.runsource": "azureml.PipelineRun",
            "runSource": "MFE",
            "runType": "HTTP",
            "azureml.parameters": "{\u0022component_in_number\u0022:\u002210\u0022}",
            "azureml.continue_on_step_failure": "False",
            "azureml.continue_on_failed_optional_input": "True",
            "azureml.defaultDataStoreName": "workspaceblobstore",
            "azureml.pipelineComponent": "pipelinerun"
          },
          "displayName": "pipeline",
          "status": "Preparing",
          "experimentName": "azure-ai-ml",
          "services": {
            "Tracking": {
              "jobServiceType": "Tracking",
              "port": null,
              "endpoint": "azureml://eastus.api.azureml.ms/mlflow/v1.0/subscriptions/00000000-0000-0000-0000-000000000/resourceGroups/00000/providers/Microsoft.MachineLearningServices/workspaces/00000?",
              "status": null,
              "errorMessage": null,
              "properties": null,
              "nodes": null
            },
            "Studio": {
              "jobServiceType": "Studio",
              "port": null,
              "endpoint": "https://ml.azure.com/runs/000000000000000000000?wsid=/subscriptions/00000000-0000-0000-0000-000000000/resourcegroups/00000/workspaces/00000",
              "status": null,
              "errorMessage": null,
              "properties": null,
              "nodes": null
            }
          },
          "computeId": null,
          "isArchived": false,
          "identity": null,
          "componentId": null,
          "jobType": "Pipeline",
          "settings": {
            "_source": "DSL"
          },
          "jobs": {
            "node1": {
              "name": "node1",
              "type": "command",
              "computeId": "/subscriptions/00000000-0000-0000-0000-000000000/resourceGroups/00000/providers/Microsoft.MachineLearningServices/workspaces/00000/computes/cpu-cluster",
              "inputs": {
                "component_in_number": {
                  "job_input_type": "literal",
                  "value": "${{parent.inputs.component_in_number}}"
                },
                "component_in_path": {
                  "job_input_type": "literal",
                  "value": "${{parent.inputs.component_in_path}}"
                }
              },
              "_source": "YAML.COMPONENT",
              "jeff_special_option": {
                "foo": "bar"
              },
              "componentId": "/subscriptions/00000000-0000-0000-0000-000000000/resourceGroups/00000/providers/Microsoft.MachineLearningServices/workspaces/00000/components/azureml_anonymous/versions/68824f44-e08e-486f-b3e1-20c610731caa"
            }
          },
          "inputs": {
            "component_in_number": {
              "description": null,
              "jobInputType": "literal",
              "value": "10"
            },
            "component_in_path": {
              "description": null,
              "uri": "https://dprepdata.blob.core.windows.net/demo/Titanic.csv",
              "mode": "ReadOnlyMount",
              "jobInputType": "uri_file"
            }
          },
          "outputs": {},
          "sourceJobId": null
        },
        "systemData": {
          "createdAt": "2023-02-21T20:56:54.3469994\u002B00:00",
          "createdBy": "Firstname Lastname",
          "createdByType": "User"
        }
      }
    }
  ],
  "Variables": {}
}
