{
  "Entries": [
    {
      "RequestUri": "https://management.azure.com/subscriptions/00000000-0000-0000-0000-000000000/resourceGroups/00000/providers/Microsoft.MachineLearningServices/workspaces/00000/computes/cpu-cluster?api-version=2022-10-01-preview",
      "RequestMethod": "GET",
      "RequestHeaders": {
        "Accept": "application/json",
        "Accept-Encoding": "gzip, deflate",
        "Connection": "keep-alive",
        "User-Agent": "azure-ai-ml/1.5.0 azsdk-python-mgmt-machinelearningservices/0.1.0 Python/3.7.9 (Windows-10-10.0.22621-SP0)"
      },
      "RequestBody": null,
      "StatusCode": 200,
      "ResponseHeaders": {
        "Cache-Control": "no-cache",
        "Content-Encoding": "gzip",
        "Content-Type": "application/json; charset=utf-8",
        "Date": "Fri, 03 Mar 2023 23:52:44 GMT",
        "Expires": "-1",
        "Pragma": "no-cache",
        "Request-Context": "appId=cid-v1:512cc15a-13b5-415b-bfd0-dce7accb6bb1",
        "Server-Timing": "traceparent;desc=\u002200-37d609657e9bd55261811a4cca6dc16f-bf034dbeacbc0aec-01\u0022",
        "Strict-Transport-Security": "max-age=31536000; includeSubDomains",
        "Transfer-Encoding": "chunked",
        "Vary": [
          "Accept-Encoding",
          "Accept-Encoding"
        ],
        "x-aml-cluster": "vienna-test-westus2-02",
        "X-Content-Type-Options": "nosniff",
        "x-ms-correlation-request-id": "bd68f1ed-41f4-43d6-a073-b9e4650fcd4c",
        "x-ms-ratelimit-remaining-subscription-reads": "11999",
        "x-ms-response-type": "standard",
        "x-ms-routing-request-id": "WESTUS2:20230303T235245Z:bd68f1ed-41f4-43d6-a073-b9e4650fcd4c",
        "x-request-time": "0.240"
      },
      "ResponseBody": {
        "id": "/subscriptions/00000000-0000-0000-0000-000000000/resourceGroups/00000/providers/Microsoft.MachineLearningServices/workspaces/00000/computes/cpu-cluster",
        "name": "cpu-cluster",
        "type": "Microsoft.MachineLearningServices/workspaces/computes",
        "location": "centraluseuap",
        "tags": {},
        "properties": {
          "createdOn": "2023-03-03T20:15:53.6718786\u002B00:00",
          "modifiedOn": "2023-03-03T20:16:07.2474943\u002B00:00",
          "disableLocalAuth": false,
          "description": null,
          "resourceId": null,
          "computeType": "AmlCompute",
          "computeLocation": "centraluseuap",
          "provisioningState": "Succeeded",
          "provisioningErrors": null,
          "isAttachedCompute": false,
          "properties": {
            "vmSize": "STANDARD_DS2_V2",
            "vmPriority": "Dedicated",
            "scaleSettings": {
              "maxNodeCount": 4,
              "minNodeCount": 0,
              "nodeIdleTimeBeforeScaleDown": "PT2M"
            },
            "subnet": null,
            "currentNodeCount": 1,
            "targetNodeCount": 1,
            "nodeStateCounts": {
              "preparingNodeCount": 0,
              "runningNodeCount": 1,
              "idleNodeCount": 0,
              "unusableNodeCount": 0,
              "leavingNodeCount": 0,
              "preemptedNodeCount": 0
            },
            "allocationState": "Steady",
            "allocationStateTransitionTime": "2023-03-03T23:50:07.42\u002B00:00",
            "errors": null,
            "remoteLoginPortPublicAccess": "Enabled",
            "osType": "Linux",
            "virtualMachineImage": null,
            "isolatedNetwork": false,
            "enableBatchPrivateLink": false,
            "propertyBag": {}
          }
        }
      }
    },
    {
      "RequestUri": "https://management.azure.com/subscriptions/00000000-0000-0000-0000-000000000/resourceGroups/00000/providers/Microsoft.MachineLearningServices/workspaces/00000?api-version=2022-10-01",
      "RequestMethod": "GET",
      "RequestHeaders": {
        "Accept": "application/json",
        "Accept-Encoding": "gzip, deflate",
        "Connection": "keep-alive",
        "User-Agent": "azure-ai-ml/1.5.0 azsdk-python-mgmt-machinelearningservices/0.1.0 Python/3.7.9 (Windows-10-10.0.22621-SP0)"
      },
      "RequestBody": null,
      "StatusCode": 200,
      "ResponseHeaders": {
        "Cache-Control": "no-cache",
        "Content-Encoding": "gzip",
        "Content-Type": "application/json; charset=utf-8",
        "Date": "Fri, 03 Mar 2023 23:52:47 GMT",
        "Expires": "-1",
        "Pragma": "no-cache",
        "request-context": "appId=cid-v1:512cc15a-13b5-415b-bfd0-dce7accb6bb1",
        "Server-Timing": "traceparent;desc=\u002200-3b5b5d8f7569f68e3b7ce026546a3a28-ff721c3d710b0ee9-01\u0022",
        "Strict-Transport-Security": "max-age=31536000; includeSubDomains",
        "Transfer-Encoding": "chunked",
        "Vary": [
          "Accept-Encoding",
          "Accept-Encoding"
        ],
        "x-aml-cluster": "vienna-test-westus2-02",
        "X-Content-Type-Options": "nosniff",
        "x-ms-correlation-request-id": "5c78ff88-6a8b-47c9-a00c-3dbd7986ae08",
        "x-ms-ratelimit-remaining-subscription-reads": "11998",
        "x-ms-response-type": "standard",
        "x-ms-routing-request-id": "WESTUS2:20230303T235248Z:5c78ff88-6a8b-47c9-a00c-3dbd7986ae08",
        "x-request-time": "0.012"
      },
      "ResponseBody": {
        "id": "/subscriptions/00000000-0000-0000-0000-000000000/resourceGroups/00000/providers/Microsoft.MachineLearningServices/workspaces/00000",
        "name": "00000",
        "type": "Microsoft.MachineLearningServices/workspaces",
        "location": "centraluseuap",
        "tags": {},
        "etag": null,
        "properties": {
          "friendlyName": "00000",
          "description": "",
          "storageAccount": "/subscriptions/00000000-0000-0000-0000-000000000/resourceGroups/00000/providers/Microsoft.Storage/storageAccounts/sax5mzqu7xztpx4",
          "keyVault": "/subscriptions/00000000-0000-0000-0000-000000000/resourceGroups/00000/providers/Microsoft.Keyvault/vaults/kvtestsgwgquo2dadsi",
          "applicationInsights": "/subscriptions/00000000-0000-0000-0000-000000000/resourceGroups/00000/providers/Microsoft.insights/components/aix5mzqu7xztpx4",
          "hbiWorkspace": false,
          "tenantId": "72f988bf-86f1-41af-91ab-2d7cd011db47",
          "imageBuildCompute": null,
          "provisioningState": "Succeeded",
          "v1LegacyMode": false,
          "softDeleteEnabled": false,
          "containerRegistry": "/subscriptions/00000000-0000-0000-0000-000000000/resourceGroups/00000/providers/Microsoft.ContainerRegistry/registries/crx5mzqu7xztpx4",
          "creationTime": "2023-03-03T20:15:14.9243872Z",
          "notebookInfo": {
            "resourceId": "0000000-0000-0000-0000-000000000000",
            "fqdn": "ml-sdkvnextc-centraluseuap-288fbc99-974d-4a49-b40f-53b041fe40cc.centraluseuap.notebooks.azure.net",
            "isPrivateLinkEnabled": false,
            "notebookPreparationError": null
          },
          "storageHnsEnabled": false,
          "workspaceId": "288fbc99-974d-4a49-b40f-53b041fe40cc",
          "linkedModelInventoryArmId": null,
          "privateLinkCount": 0,
          "publicNetworkAccess": "Enabled",
          "discoveryUrl": "https://master.api.azureml-test.ms/discovery",
          "mlFlowTrackingUri": "azureml://master.api.azureml-test.ms/mlflow/v1.0/subscriptions/00000000-0000-0000-0000-000000000/resourceGroups/00000/providers/Microsoft.MachineLearningServices/workspaces/00000",
          "sdkTelemetryAppInsightsKey": "0000000-0000-0000-0000-000000000000",
          "sasGetterUri": "",
          "enableDataIsolation": false
        },
        "identity": {
          "type": "SystemAssigned",
          "principalId": "0000000-0000-0000-0000-000000000000",
          "tenantId": "72f988bf-86f1-41af-91ab-2d7cd011db47"
        },
        "kind": "Default",
        "sku": {
          "name": "Basic",
          "tier": "Basic"
        },
        "systemData": {
          "createdAt": "2023-03-03T20:15:14.9243872Z",
          "createdBy": "alias@contoso.com",
          "createdByType": "User",
          "lastModifiedAt": "2023-03-03T20:15:14.9243872Z",
          "lastModifiedBy": "alias@contoso.com",
          "lastModifiedByType": "User"
        }
      }
    },
    {
      "RequestUri": "https://management.azure.com/subscriptions/00000000-0000-0000-0000-000000000/resourceGroups/00000/providers/Microsoft.MachineLearningServices/workspaces/00000?api-version=2022-10-01",
      "RequestMethod": "GET",
      "RequestHeaders": {
        "Accept": "application/json",
        "Accept-Encoding": "gzip, deflate",
        "Connection": "keep-alive",
        "User-Agent": "azure-ai-ml/1.5.0 azsdk-python-mgmt-machinelearningservices/0.1.0 Python/3.7.9 (Windows-10-10.0.22621-SP0)"
      },
      "RequestBody": null,
      "StatusCode": 200,
      "ResponseHeaders": {
        "Cache-Control": "no-cache",
        "Content-Encoding": "gzip",
        "Content-Type": "application/json; charset=utf-8",
        "Date": "Fri, 03 Mar 2023 23:52:47 GMT",
        "Expires": "-1",
        "Pragma": "no-cache",
        "request-context": "appId=cid-v1:512cc15a-13b5-415b-bfd0-dce7accb6bb1",
        "Server-Timing": "traceparent;desc=\u002200-93da6613c5be13efb2ef8cdf75303eef-d29b6fa25d1174aa-01\u0022",
        "Strict-Transport-Security": "max-age=31536000; includeSubDomains",
        "Transfer-Encoding": "chunked",
        "Vary": [
          "Accept-Encoding",
          "Accept-Encoding"
        ],
        "x-aml-cluster": "vienna-test-westus2-02",
        "X-Content-Type-Options": "nosniff",
        "x-ms-correlation-request-id": "f984924d-745a-4d74-b718-b517a867a29a",
        "x-ms-ratelimit-remaining-subscription-reads": "11997",
        "x-ms-response-type": "standard",
        "x-ms-routing-request-id": "WESTUS2:20230303T235248Z:f984924d-745a-4d74-b718-b517a867a29a",
        "x-request-time": "0.011"
      },
      "ResponseBody": {
        "id": "/subscriptions/00000000-0000-0000-0000-000000000/resourceGroups/00000/providers/Microsoft.MachineLearningServices/workspaces/00000",
        "name": "00000",
        "type": "Microsoft.MachineLearningServices/workspaces",
        "location": "centraluseuap",
        "tags": {},
        "etag": null,
        "properties": {
          "friendlyName": "00000",
          "description": "",
          "storageAccount": "/subscriptions/00000000-0000-0000-0000-000000000/resourceGroups/00000/providers/Microsoft.Storage/storageAccounts/sax5mzqu7xztpx4",
          "keyVault": "/subscriptions/00000000-0000-0000-0000-000000000/resourceGroups/00000/providers/Microsoft.Keyvault/vaults/kvtestsgwgquo2dadsi",
          "applicationInsights": "/subscriptions/00000000-0000-0000-0000-000000000/resourceGroups/00000/providers/Microsoft.insights/components/aix5mzqu7xztpx4",
          "hbiWorkspace": false,
          "tenantId": "72f988bf-86f1-41af-91ab-2d7cd011db47",
          "imageBuildCompute": null,
          "provisioningState": "Succeeded",
          "v1LegacyMode": false,
          "softDeleteEnabled": false,
          "containerRegistry": "/subscriptions/00000000-0000-0000-0000-000000000/resourceGroups/00000/providers/Microsoft.ContainerRegistry/registries/crx5mzqu7xztpx4",
          "creationTime": "2023-03-03T20:15:14.9243872Z",
          "notebookInfo": {
            "resourceId": "0000000-0000-0000-0000-000000000000",
            "fqdn": "ml-sdkvnextc-centraluseuap-288fbc99-974d-4a49-b40f-53b041fe40cc.centraluseuap.notebooks.azure.net",
            "isPrivateLinkEnabled": false,
            "notebookPreparationError": null
          },
          "storageHnsEnabled": false,
          "workspaceId": "288fbc99-974d-4a49-b40f-53b041fe40cc",
          "linkedModelInventoryArmId": null,
          "privateLinkCount": 0,
          "publicNetworkAccess": "Enabled",
          "discoveryUrl": "https://master.api.azureml-test.ms/discovery",
          "mlFlowTrackingUri": "azureml://master.api.azureml-test.ms/mlflow/v1.0/subscriptions/00000000-0000-0000-0000-000000000/resourceGroups/00000/providers/Microsoft.MachineLearningServices/workspaces/00000",
          "sdkTelemetryAppInsightsKey": "0000000-0000-0000-0000-000000000000",
          "sasGetterUri": "",
          "enableDataIsolation": false
        },
        "identity": {
          "type": "SystemAssigned",
          "principalId": "0000000-0000-0000-0000-000000000000",
          "tenantId": "72f988bf-86f1-41af-91ab-2d7cd011db47"
        },
        "kind": "Default",
        "sku": {
          "name": "Basic",
          "tier": "Basic"
        },
        "systemData": {
          "createdAt": "2023-03-03T20:15:14.9243872Z",
          "createdBy": "alias@contoso.com",
          "createdByType": "User",
          "lastModifiedAt": "2023-03-03T20:15:14.9243872Z",
          "lastModifiedBy": "alias@contoso.com",
          "lastModifiedByType": "User"
        }
      }
    },
    {
      "RequestUri": "https://management.azure.com/subscriptions/00000000-0000-0000-0000-000000000/resourceGroups/00000/providers/Microsoft.MachineLearningServices/workspaces/00000?api-version=2022-10-01",
      "RequestMethod": "GET",
      "RequestHeaders": {
        "Accept": "application/json",
        "Accept-Encoding": "gzip, deflate",
        "Connection": "keep-alive",
        "User-Agent": "azure-ai-ml/1.5.0 azsdk-python-mgmt-machinelearningservices/0.1.0 Python/3.7.9 (Windows-10-10.0.22621-SP0)"
      },
      "RequestBody": null,
      "StatusCode": 200,
      "ResponseHeaders": {
        "Cache-Control": "no-cache",
        "Content-Encoding": "gzip",
        "Content-Type": "application/json; charset=utf-8",
        "Date": "Fri, 03 Mar 2023 23:52:48 GMT",
        "Expires": "-1",
        "Pragma": "no-cache",
        "request-context": "appId=cid-v1:512cc15a-13b5-415b-bfd0-dce7accb6bb1",
        "Server-Timing": "traceparent;desc=\u002200-5e519133c82032e0a814fa199a70226b-f5859b07399e9a8b-01\u0022",
        "Strict-Transport-Security": "max-age=31536000; includeSubDomains",
        "Transfer-Encoding": "chunked",
        "Vary": [
          "Accept-Encoding",
          "Accept-Encoding"
        ],
        "x-aml-cluster": "vienna-test-westus2-02",
        "X-Content-Type-Options": "nosniff",
        "x-ms-correlation-request-id": "5f565003-1384-402d-b06e-5b920f21ef9a",
        "x-ms-ratelimit-remaining-subscription-reads": "11996",
        "x-ms-response-type": "standard",
        "x-ms-routing-request-id": "WESTUS2:20230303T235248Z:5f565003-1384-402d-b06e-5b920f21ef9a",
        "x-request-time": "0.013"
      },
      "ResponseBody": {
        "id": "/subscriptions/00000000-0000-0000-0000-000000000/resourceGroups/00000/providers/Microsoft.MachineLearningServices/workspaces/00000",
        "name": "00000",
        "type": "Microsoft.MachineLearningServices/workspaces",
        "location": "centraluseuap",
        "tags": {},
        "etag": null,
        "properties": {
          "friendlyName": "00000",
          "description": "",
          "storageAccount": "/subscriptions/00000000-0000-0000-0000-000000000/resourceGroups/00000/providers/Microsoft.Storage/storageAccounts/sax5mzqu7xztpx4",
          "keyVault": "/subscriptions/00000000-0000-0000-0000-000000000/resourceGroups/00000/providers/Microsoft.Keyvault/vaults/kvtestsgwgquo2dadsi",
          "applicationInsights": "/subscriptions/00000000-0000-0000-0000-000000000/resourceGroups/00000/providers/Microsoft.insights/components/aix5mzqu7xztpx4",
          "hbiWorkspace": false,
          "tenantId": "72f988bf-86f1-41af-91ab-2d7cd011db47",
          "imageBuildCompute": null,
          "provisioningState": "Succeeded",
          "v1LegacyMode": false,
          "softDeleteEnabled": false,
          "containerRegistry": "/subscriptions/00000000-0000-0000-0000-000000000/resourceGroups/00000/providers/Microsoft.ContainerRegistry/registries/crx5mzqu7xztpx4",
          "creationTime": "2023-03-03T20:15:14.9243872Z",
          "notebookInfo": {
            "resourceId": "0000000-0000-0000-0000-000000000000",
            "fqdn": "ml-sdkvnextc-centraluseuap-288fbc99-974d-4a49-b40f-53b041fe40cc.centraluseuap.notebooks.azure.net",
            "isPrivateLinkEnabled": false,
            "notebookPreparationError": null
          },
          "storageHnsEnabled": false,
          "workspaceId": "288fbc99-974d-4a49-b40f-53b041fe40cc",
          "linkedModelInventoryArmId": null,
          "privateLinkCount": 0,
          "publicNetworkAccess": "Enabled",
          "discoveryUrl": "https://master.api.azureml-test.ms/discovery",
          "mlFlowTrackingUri": "azureml://master.api.azureml-test.ms/mlflow/v1.0/subscriptions/00000000-0000-0000-0000-000000000/resourceGroups/00000/providers/Microsoft.MachineLearningServices/workspaces/00000",
          "sdkTelemetryAppInsightsKey": "0000000-0000-0000-0000-000000000000",
          "sasGetterUri": "",
          "enableDataIsolation": false
        },
        "identity": {
          "type": "SystemAssigned",
          "principalId": "0000000-0000-0000-0000-000000000000",
          "tenantId": "72f988bf-86f1-41af-91ab-2d7cd011db47"
        },
        "kind": "Default",
        "sku": {
          "name": "Basic",
          "tier": "Basic"
        },
        "systemData": {
          "createdAt": "2023-03-03T20:15:14.9243872Z",
          "createdBy": "alias@contoso.com",
          "createdByType": "User",
          "lastModifiedAt": "2023-03-03T20:15:14.9243872Z",
          "lastModifiedBy": "alias@contoso.com",
          "lastModifiedByType": "User"
        }
      }
    },
    {
      "RequestUri": "https://management.azure.com/subscriptions/00000000-0000-0000-0000-000000000/resourceGroups/00000/providers/Microsoft.MachineLearningServices/workspaces/00000?api-version=2022-10-01",
      "RequestMethod": "GET",
      "RequestHeaders": {
        "Accept": "application/json",
        "Accept-Encoding": "gzip, deflate",
        "Connection": "keep-alive",
        "User-Agent": "azure-ai-ml/1.5.0 azsdk-python-mgmt-machinelearningservices/0.1.0 Python/3.7.9 (Windows-10-10.0.22621-SP0)"
      },
      "RequestBody": null,
      "StatusCode": 200,
      "ResponseHeaders": {
        "Cache-Control": "no-cache",
        "Content-Encoding": "gzip",
        "Content-Type": "application/json; charset=utf-8",
        "Date": "Fri, 03 Mar 2023 23:52:47 GMT",
        "Expires": "-1",
        "Pragma": "no-cache",
        "request-context": "appId=cid-v1:512cc15a-13b5-415b-bfd0-dce7accb6bb1",
        "Server-Timing": "traceparent;desc=\u002200-85955ffbd2709df74d8adc3ec3a20fab-aa0eebed4e83f198-01\u0022",
        "Strict-Transport-Security": "max-age=31536000; includeSubDomains",
        "Transfer-Encoding": "chunked",
        "Vary": [
          "Accept-Encoding",
          "Accept-Encoding"
        ],
        "x-aml-cluster": "vienna-test-westus2-02",
        "X-Content-Type-Options": "nosniff",
        "x-ms-correlation-request-id": "4736846a-7466-46e9-abb8-b89e4af4b16d",
        "x-ms-ratelimit-remaining-subscription-reads": "11999",
        "x-ms-response-type": "standard",
        "x-ms-routing-request-id": "WESTUS2:20230303T235248Z:4736846a-7466-46e9-abb8-b89e4af4b16d",
        "x-request-time": "0.012"
      },
      "ResponseBody": {
        "id": "/subscriptions/00000000-0000-0000-0000-000000000/resourceGroups/00000/providers/Microsoft.MachineLearningServices/workspaces/00000",
        "name": "00000",
        "type": "Microsoft.MachineLearningServices/workspaces",
        "location": "centraluseuap",
        "tags": {},
        "etag": null,
        "properties": {
          "friendlyName": "00000",
          "description": "",
          "storageAccount": "/subscriptions/00000000-0000-0000-0000-000000000/resourceGroups/00000/providers/Microsoft.Storage/storageAccounts/sax5mzqu7xztpx4",
          "keyVault": "/subscriptions/00000000-0000-0000-0000-000000000/resourceGroups/00000/providers/Microsoft.Keyvault/vaults/kvtestsgwgquo2dadsi",
          "applicationInsights": "/subscriptions/00000000-0000-0000-0000-000000000/resourceGroups/00000/providers/Microsoft.insights/components/aix5mzqu7xztpx4",
          "hbiWorkspace": false,
          "tenantId": "72f988bf-86f1-41af-91ab-2d7cd011db47",
          "imageBuildCompute": null,
          "provisioningState": "Succeeded",
          "v1LegacyMode": false,
          "softDeleteEnabled": false,
          "containerRegistry": "/subscriptions/00000000-0000-0000-0000-000000000/resourceGroups/00000/providers/Microsoft.ContainerRegistry/registries/crx5mzqu7xztpx4",
          "creationTime": "2023-03-03T20:15:14.9243872Z",
          "notebookInfo": {
            "resourceId": "0000000-0000-0000-0000-000000000000",
            "fqdn": "ml-sdkvnextc-centraluseuap-288fbc99-974d-4a49-b40f-53b041fe40cc.centraluseuap.notebooks.azure.net",
            "isPrivateLinkEnabled": false,
            "notebookPreparationError": null
          },
          "storageHnsEnabled": false,
          "workspaceId": "288fbc99-974d-4a49-b40f-53b041fe40cc",
          "linkedModelInventoryArmId": null,
          "privateLinkCount": 0,
          "publicNetworkAccess": "Enabled",
          "discoveryUrl": "https://master.api.azureml-test.ms/discovery",
          "mlFlowTrackingUri": "azureml://master.api.azureml-test.ms/mlflow/v1.0/subscriptions/00000000-0000-0000-0000-000000000/resourceGroups/00000/providers/Microsoft.MachineLearningServices/workspaces/00000",
          "sdkTelemetryAppInsightsKey": "0000000-0000-0000-0000-000000000000",
          "sasGetterUri": "",
          "enableDataIsolation": false
        },
        "identity": {
          "type": "SystemAssigned",
          "principalId": "0000000-0000-0000-0000-000000000000",
          "tenantId": "72f988bf-86f1-41af-91ab-2d7cd011db47"
        },
        "kind": "Default",
        "sku": {
          "name": "Basic",
          "tier": "Basic"
        },
        "systemData": {
          "createdAt": "2023-03-03T20:15:14.9243872Z",
          "createdBy": "alias@contoso.com",
          "createdByType": "User",
          "lastModifiedAt": "2023-03-03T20:15:14.9243872Z",
          "lastModifiedBy": "alias@contoso.com",
          "lastModifiedByType": "User"
        }
      }
    },
    {
      "RequestUri": "https://management.azure.com/subscriptions/00000000-0000-0000-0000-000000000/resourceGroups/00000/providers/Microsoft.MachineLearningServices/workspaces/00000?api-version=2022-10-01",
      "RequestMethod": "GET",
      "RequestHeaders": {
        "Accept": "application/json",
        "Accept-Encoding": "gzip, deflate",
        "Connection": "keep-alive",
        "User-Agent": "azure-ai-ml/1.5.0 azsdk-python-mgmt-machinelearningservices/0.1.0 Python/3.7.9 (Windows-10-10.0.22621-SP0)"
      },
      "RequestBody": null,
      "StatusCode": 200,
      "ResponseHeaders": {
        "Cache-Control": "no-cache",
        "Content-Encoding": "gzip",
        "Content-Type": "application/json; charset=utf-8",
        "Date": "Fri, 03 Mar 2023 23:52:48 GMT",
        "Expires": "-1",
        "Pragma": "no-cache",
        "request-context": "appId=cid-v1:512cc15a-13b5-415b-bfd0-dce7accb6bb1",
        "Server-Timing": "traceparent;desc=\u002200-a011748cfabdead1de94754c43777d99-abaa2d78e3f970d0-01\u0022",
        "Strict-Transport-Security": "max-age=31536000; includeSubDomains",
        "Transfer-Encoding": "chunked",
        "Vary": [
          "Accept-Encoding",
          "Accept-Encoding"
        ],
        "x-aml-cluster": "vienna-test-westus2-01",
        "X-Content-Type-Options": "nosniff",
        "x-ms-correlation-request-id": "6e0e31aa-8b7e-4d3f-9c5f-ab72b20efe96",
        "x-ms-ratelimit-remaining-subscription-reads": "11999",
        "x-ms-response-type": "standard",
        "x-ms-routing-request-id": "WESTUS2:20230303T235248Z:6e0e31aa-8b7e-4d3f-9c5f-ab72b20efe96",
        "x-request-time": "0.017"
      },
      "ResponseBody": {
        "id": "/subscriptions/00000000-0000-0000-0000-000000000/resourceGroups/00000/providers/Microsoft.MachineLearningServices/workspaces/00000",
        "name": "00000",
        "type": "Microsoft.MachineLearningServices/workspaces",
        "location": "centraluseuap",
        "tags": {},
        "etag": null,
        "properties": {
          "friendlyName": "00000",
          "description": "",
          "storageAccount": "/subscriptions/00000000-0000-0000-0000-000000000/resourceGroups/00000/providers/Microsoft.Storage/storageAccounts/sax5mzqu7xztpx4",
          "keyVault": "/subscriptions/00000000-0000-0000-0000-000000000/resourceGroups/00000/providers/Microsoft.Keyvault/vaults/kvtestsgwgquo2dadsi",
          "applicationInsights": "/subscriptions/00000000-0000-0000-0000-000000000/resourceGroups/00000/providers/Microsoft.insights/components/aix5mzqu7xztpx4",
          "hbiWorkspace": false,
          "tenantId": "72f988bf-86f1-41af-91ab-2d7cd011db47",
          "imageBuildCompute": null,
          "provisioningState": "Succeeded",
          "v1LegacyMode": false,
          "softDeleteEnabled": false,
          "containerRegistry": "/subscriptions/00000000-0000-0000-0000-000000000/resourceGroups/00000/providers/Microsoft.ContainerRegistry/registries/crx5mzqu7xztpx4",
          "creationTime": "2023-03-03T20:15:14.9243872Z",
          "notebookInfo": {
            "resourceId": "0000000-0000-0000-0000-000000000000",
            "fqdn": "ml-sdkvnextc-centraluseuap-288fbc99-974d-4a49-b40f-53b041fe40cc.centraluseuap.notebooks.azure.net",
            "isPrivateLinkEnabled": false,
            "notebookPreparationError": null
          },
          "storageHnsEnabled": false,
          "workspaceId": "288fbc99-974d-4a49-b40f-53b041fe40cc",
          "linkedModelInventoryArmId": null,
          "privateLinkCount": 0,
          "publicNetworkAccess": "Enabled",
          "discoveryUrl": "https://master.api.azureml-test.ms/discovery",
          "mlFlowTrackingUri": "azureml://master.api.azureml-test.ms/mlflow/v1.0/subscriptions/00000000-0000-0000-0000-000000000/resourceGroups/00000/providers/Microsoft.MachineLearningServices/workspaces/00000",
          "sdkTelemetryAppInsightsKey": "0000000-0000-0000-0000-000000000000",
          "sasGetterUri": "",
          "enableDataIsolation": false
        },
        "identity": {
          "type": "SystemAssigned",
          "principalId": "0000000-0000-0000-0000-000000000000",
          "tenantId": "72f988bf-86f1-41af-91ab-2d7cd011db47"
        },
        "kind": "Default",
        "sku": {
          "name": "Basic",
          "tier": "Basic"
        },
        "systemData": {
          "createdAt": "2023-03-03T20:15:14.9243872Z",
          "createdBy": "alias@contoso.com",
          "createdByType": "User",
          "lastModifiedAt": "2023-03-03T20:15:14.9243872Z",
          "lastModifiedBy": "alias@contoso.com",
          "lastModifiedByType": "User"
        }
      }
    },
    {
      "RequestUri": "https://master.api.azureml-test.ms/content/v2.0/subscriptions/00000000-0000-0000-0000-000000000/resourceGroups/00000/providers/Microsoft.MachineLearningServices/workspaces/00000/snapshots/getByHash?hash=a08aae4e16580db96a268092e76e23d5e678818ac0cf9262dfafbdb91e4c709b\u0026hashVersion=202208",
      "RequestMethod": "GET",
      "RequestHeaders": {
        "Accept": "*/*",
        "Accept-Encoding": "gzip, deflate",
        "Connection": "keep-alive",
        "Content-Type": "application/json; charset=UTF-8",
        "User-Agent": "azure-ai-ml/1.5.0 azsdk-python-core/1.26.3 Python/3.7.9 (Windows-10-10.0.22621-SP0)"
      },
      "RequestBody": null,
      "StatusCode": 200,
      "ResponseHeaders": {
        "Connection": "keep-alive",
        "Content-Encoding": "gzip",
        "Content-Type": "application/json; charset=utf-8",
        "Date": "Fri, 03 Mar 2023 23:52:51 GMT",
        "request-context": "appId=cid-v1:512cc15a-13b5-415b-bfd0-dce7accb6bb1",
        "Strict-Transport-Security": "max-age=15724800; includeSubDomains; preload",
        "Transfer-Encoding": "chunked",
        "Vary": "Accept-Encoding",
        "x-aml-cluster": "vienna-test-westus2-01",
        "X-Content-Type-Options": "nosniff",
        "x-ms-response-type": "standard",
        "x-request-time": "0.093"
      },
      "ResponseBody": {
        "snapshotType": "LocalFiles",
        "id": "2bdd6af1-29e4-4799-b228-a7b6fb948a4b",
        "root": {
          "name": "",
          "hash": null,
          "type": "Directory",
          "timestamp": "0001-01-01T00:00:00\u002B00:00",
          "sasUrl": null,
          "absoluteUrl": null,
          "sizeBytes": 0,
          "sizeSet": false,
          "children": {
            "train.py": {
              "name": "train.py",
              "hash": "233829C0D1991B4451CEC6BD3A0BC5CB",
              "type": "File",
              "timestamp": "0001-01-01T00:00:00\u002B00:00",
              "sasUrl": null,
              "absoluteUrl": null,
              "sizeBytes": 2336,
              "sizeSet": true,
              "children": {}
            }
          }
        },
        "tags": {},
        "properties": {
          "hash_sha256": "a08aae4e16580db96a268092e76e23d5e678818ac0cf9262dfafbdb91e4c709b",
          "hash_version": "202208",
          "azureml.codeUri": "https://sax5mzqu7xztpx4.blob.core.windows.net:443/288fbc99-9-8c9ee5af-6065-5487-8858-6a6b96a336f7/train_src"
        },
        "description": null,
        "name": "fb167865-0083-45d7-8585-4c9c87de42e1",
        "version": "1",
        "createdBy": {
          "userObjectId": "b3a957de-450c-4ca7-b2aa-88dd98c87fef",
          "userPuId": "10037FFEAD05DD5D",
          "userIdp": null,
          "userAltSecId": null,
          "userIss": "https://sts.windows.net/72f988bf-86f1-41af-91ab-2d7cd011db47/",
          "userTenantId": "72f988bf-86f1-41af-91ab-2d7cd011db47",
          "userName": "Firstname Lastname",
          "upn": null
        },
        "createdTime": "2023-03-03T23:47:28.6503838\u002B00:00",
        "modifiedBy": {
          "userObjectId": "b3a957de-450c-4ca7-b2aa-88dd98c87fef",
          "userPuId": "10037FFEAD05DD5D",
          "userIdp": null,
          "userAltSecId": null,
          "userIss": "https://sts.windows.net/72f988bf-86f1-41af-91ab-2d7cd011db47/",
          "userTenantId": "72f988bf-86f1-41af-91ab-2d7cd011db47",
          "userName": "Diondra Peck",
          "upn": null
        },
        "modifiedTime": "2023-03-03T23:47:28.6503838\u002B00:00",
        "gitRepositoryCommit": null,
        "uri": "https://sax5mzqu7xztpx4.blob.core.windows.net:443/288fbc99-9-8c9ee5af-6065-5487-8858-6a6b96a336f7/train_src",
        "contentHash": "a08aae4e16580db96a268092e76e23d5e678818ac0cf9262dfafbdb91e4c709b",
        "hashVersion": "202208",
        "provisioningState": "Succeeded"
      }
    },
    {
      "RequestUri": "https://master.api.azureml-test.ms/content/v2.0/subscriptions/00000000-0000-0000-0000-000000000/resourceGroups/00000/providers/Microsoft.MachineLearningServices/workspaces/00000/snapshots/getByHash?hash=71337aa9a67367389ae1f0d2cae3e76f295c28c85ce9c7a6b297a5eb42f6d05e\u0026hashVersion=202208",
      "RequestMethod": "GET",
      "RequestHeaders": {
        "Accept": "*/*",
        "Accept-Encoding": "gzip, deflate",
        "Connection": "keep-alive",
        "Content-Type": "application/json; charset=UTF-8",
        "User-Agent": "azure-ai-ml/1.5.0 azsdk-python-core/1.26.3 Python/3.7.9 (Windows-10-10.0.22621-SP0)"
      },
      "RequestBody": null,
      "StatusCode": 200,
      "ResponseHeaders": {
        "Connection": "keep-alive",
        "Content-Encoding": "gzip",
        "Content-Type": "application/json; charset=utf-8",
        "Date": "Fri, 03 Mar 2023 23:52:51 GMT",
        "request-context": "appId=cid-v1:512cc15a-13b5-415b-bfd0-dce7accb6bb1",
        "Strict-Transport-Security": "max-age=15724800; includeSubDomains; preload",
        "Transfer-Encoding": "chunked",
        "Vary": "Accept-Encoding",
        "x-aml-cluster": "vienna-test-westus2-01",
        "X-Content-Type-Options": "nosniff",
        "x-ms-response-type": "standard",
        "x-request-time": "0.097"
      },
      "ResponseBody": {
        "snapshotType": "LocalFiles",
        "id": "9fb9139d-bdff-4cf0-9c8b-93d20466427b",
        "root": {
          "name": "",
          "hash": null,
          "type": "Directory",
          "timestamp": "0001-01-01T00:00:00\u002B00:00",
          "sasUrl": null,
          "absoluteUrl": null,
          "sizeBytes": 0,
          "sizeSet": false,
          "children": {
            "prep.py": {
              "name": "prep.py",
              "hash": "DE7ADA938E36E0A688DF89E34163F26C",
              "type": "File",
              "timestamp": "0001-01-01T00:00:00\u002B00:00",
              "sasUrl": null,
              "absoluteUrl": null,
              "sizeBytes": 4006,
              "sizeSet": true,
              "children": {}
            }
          }
        },
        "tags": {},
        "properties": {
          "hash_sha256": "71337aa9a67367389ae1f0d2cae3e76f295c28c85ce9c7a6b297a5eb42f6d05e",
          "hash_version": "202208",
          "azureml.codeUri": "https://sax5mzqu7xztpx4.blob.core.windows.net:443/288fbc99-9-2da7ad5b-a0fc-5cd9-95f4-3211efa6c9eb/prep_src"
        },
        "description": null,
        "name": "3a60b4a6-bb8f-485b-8db8-030310740f38",
        "version": "1",
        "createdBy": {
          "userObjectId": "b3a957de-450c-4ca7-b2aa-88dd98c87fef",
          "userPuId": "10037FFEAD05DD5D",
          "userIdp": null,
          "userAltSecId": null,
          "userIss": "https://sts.windows.net/72f988bf-86f1-41af-91ab-2d7cd011db47/",
          "userTenantId": "72f988bf-86f1-41af-91ab-2d7cd011db47",
          "userName": "Firstname Lastname",
          "upn": null
        },
        "createdTime": "2023-03-03T23:47:36.9562093\u002B00:00",
        "modifiedBy": {
          "userObjectId": "b3a957de-450c-4ca7-b2aa-88dd98c87fef",
          "userPuId": "10037FFEAD05DD5D",
          "userIdp": null,
          "userAltSecId": null,
          "userIss": "https://sts.windows.net/72f988bf-86f1-41af-91ab-2d7cd011db47/",
          "userTenantId": "72f988bf-86f1-41af-91ab-2d7cd011db47",
          "userName": "Diondra Peck",
          "upn": null
        },
        "modifiedTime": "2023-03-03T23:47:36.9562093\u002B00:00",
        "gitRepositoryCommit": null,
        "uri": "https://sax5mzqu7xztpx4.blob.core.windows.net:443/288fbc99-9-2da7ad5b-a0fc-5cd9-95f4-3211efa6c9eb/prep_src",
        "contentHash": "71337aa9a67367389ae1f0d2cae3e76f295c28c85ce9c7a6b297a5eb42f6d05e",
        "hashVersion": "202208",
        "provisioningState": "Succeeded"
      }
    },
    {
      "RequestUri": "https://master.api.azureml-test.ms/content/v2.0/subscriptions/00000000-0000-0000-0000-000000000/resourceGroups/00000/providers/Microsoft.MachineLearningServices/workspaces/00000/snapshots/getByHash?hash=15679f334ed4ec2b052475eb6a14ac547953d5bef9757ded91918482492f2204\u0026hashVersion=202208",
      "RequestMethod": "GET",
      "RequestHeaders": {
        "Accept": "*/*",
        "Accept-Encoding": "gzip, deflate",
        "Connection": "keep-alive",
        "Content-Type": "application/json; charset=UTF-8",
        "User-Agent": "azure-ai-ml/1.5.0 azsdk-python-core/1.26.3 Python/3.7.9 (Windows-10-10.0.22621-SP0)"
      },
      "RequestBody": null,
      "StatusCode": 200,
      "ResponseHeaders": {
        "Connection": "keep-alive",
        "Content-Encoding": "gzip",
        "Content-Type": "application/json; charset=utf-8",
        "Date": "Fri, 03 Mar 2023 23:52:51 GMT",
        "request-context": "appId=cid-v1:512cc15a-13b5-415b-bfd0-dce7accb6bb1",
        "Strict-Transport-Security": "max-age=15724800; includeSubDomains; preload",
        "Transfer-Encoding": "chunked",
        "Vary": "Accept-Encoding",
        "x-aml-cluster": "vienna-test-westus2-01",
        "X-Content-Type-Options": "nosniff",
        "x-ms-response-type": "standard",
        "x-request-time": "0.230"
      },
      "ResponseBody": {
        "snapshotType": "LocalFiles",
        "id": "d6d5a09e-7f6a-4ce1-81df-0679338685e9",
        "root": {
          "name": "",
          "hash": null,
          "type": "Directory",
          "timestamp": "0001-01-01T00:00:00\u002B00:00",
          "sasUrl": null,
          "absoluteUrl": null,
          "sizeBytes": 0,
          "sizeSet": false,
          "children": {
            "score.py": {
              "name": "score.py",
              "hash": "079828D190A83EB9CB29F196A0B93C05",
              "type": "File",
              "timestamp": "0001-01-01T00:00:00\u002B00:00",
              "sasUrl": null,
              "absoluteUrl": null,
              "sizeBytes": 2158,
              "sizeSet": true,
              "children": {}
            }
          }
        },
        "tags": {},
        "properties": {
          "hash_sha256": "15679f334ed4ec2b052475eb6a14ac547953d5bef9757ded91918482492f2204",
          "hash_version": "202208",
          "azureml.codeUri": "https://sax5mzqu7xztpx4.blob.core.windows.net:443/288fbc99-9-1a71eb98-96aa-550c-90bd-b931819578c6/score_src"
        },
        "description": null,
        "name": "433ba9c8-e64b-43d4-8bf0-3bc47336df3d",
        "version": "1",
        "createdBy": {
          "userObjectId": "b3a957de-450c-4ca7-b2aa-88dd98c87fef",
          "userPuId": "10037FFEAD05DD5D",
          "userIdp": null,
          "userAltSecId": null,
          "userIss": "https://sts.windows.net/72f988bf-86f1-41af-91ab-2d7cd011db47/",
          "userTenantId": "72f988bf-86f1-41af-91ab-2d7cd011db47",
          "userName": "Firstname Lastname",
          "upn": null
        },
        "createdTime": "2023-03-03T23:47:37.6845383\u002B00:00",
        "modifiedBy": {
          "userObjectId": "b3a957de-450c-4ca7-b2aa-88dd98c87fef",
          "userPuId": "10037FFEAD05DD5D",
          "userIdp": null,
          "userAltSecId": null,
          "userIss": "https://sts.windows.net/72f988bf-86f1-41af-91ab-2d7cd011db47/",
          "userTenantId": "72f988bf-86f1-41af-91ab-2d7cd011db47",
          "userName": "Diondra Peck",
          "upn": null
        },
        "modifiedTime": "2023-03-03T23:47:37.6845383\u002B00:00",
        "gitRepositoryCommit": null,
        "uri": "https://sax5mzqu7xztpx4.blob.core.windows.net:443/288fbc99-9-1a71eb98-96aa-550c-90bd-b931819578c6/score_src",
        "contentHash": "15679f334ed4ec2b052475eb6a14ac547953d5bef9757ded91918482492f2204",
        "hashVersion": "202208",
        "provisioningState": "Succeeded"
      }
    },
    {
      "RequestUri": "https://master.api.azureml-test.ms/content/v2.0/subscriptions/00000000-0000-0000-0000-000000000/resourceGroups/00000/providers/Microsoft.MachineLearningServices/workspaces/00000/snapshots/getByHash?hash=fdff5d9fb5eea78120f256d5bf3541889aa3d645e8c57f0d453731c577b90029\u0026hashVersion=202208",
      "RequestMethod": "GET",
      "RequestHeaders": {
        "Accept": "*/*",
        "Accept-Encoding": "gzip, deflate",
        "Connection": "keep-alive",
        "Content-Type": "application/json; charset=UTF-8",
        "User-Agent": "azure-ai-ml/1.5.0 azsdk-python-core/1.26.3 Python/3.7.9 (Windows-10-10.0.22621-SP0)"
      },
      "RequestBody": null,
      "StatusCode": 200,
      "ResponseHeaders": {
        "Connection": "keep-alive",
        "Content-Encoding": "gzip",
        "Content-Type": "application/json; charset=utf-8",
        "Date": "Fri, 03 Mar 2023 23:52:51 GMT",
        "request-context": "appId=cid-v1:512cc15a-13b5-415b-bfd0-dce7accb6bb1",
        "Strict-Transport-Security": "max-age=15724800; includeSubDomains; preload",
        "Transfer-Encoding": "chunked",
        "Vary": "Accept-Encoding",
        "x-aml-cluster": "vienna-test-westus2-01",
        "X-Content-Type-Options": "nosniff",
        "x-ms-response-type": "standard",
        "x-request-time": "0.280"
      },
      "ResponseBody": {
        "snapshotType": "LocalFiles",
        "id": "09035979-e437-4711-85ab-ef84332d1b6f",
        "root": {
          "name": "",
          "hash": null,
          "type": "Directory",
          "timestamp": "0001-01-01T00:00:00\u002B00:00",
          "sasUrl": null,
          "absoluteUrl": null,
          "sizeBytes": 0,
          "sizeSet": false,
          "children": {
            "predict.py": {
              "name": "predict.py",
              "hash": "FC7BDE78F3FE3FEB2B0DC23E6107D171",
              "type": "File",
              "timestamp": "0001-01-01T00:00:00\u002B00:00",
              "sasUrl": null,
              "absoluteUrl": null,
              "sizeBytes": 2343,
              "sizeSet": true,
              "children": {}
            }
          }
        },
        "tags": {},
        "properties": {
          "hash_sha256": "fdff5d9fb5eea78120f256d5bf3541889aa3d645e8c57f0d453731c577b90029",
          "hash_version": "202208",
          "azureml.codeUri": "https://sax5mzqu7xztpx4.blob.core.windows.net:443/288fbc99-9-148b16a9-5ae3-5fa4-b95c-2749a19bcc87/predict_src"
        },
        "description": null,
        "name": "3cdc2046-ca8a-4bfd-94b9-e0b9a68263dc",
        "version": "1",
        "createdBy": {
          "userObjectId": "b3a957de-450c-4ca7-b2aa-88dd98c87fef",
          "userPuId": "10037FFEAD05DD5D",
          "userIdp": null,
          "userAltSecId": null,
          "userIss": "https://sts.windows.net/72f988bf-86f1-41af-91ab-2d7cd011db47/",
          "userTenantId": "72f988bf-86f1-41af-91ab-2d7cd011db47",
          "userName": "Firstname Lastname",
          "upn": null
        },
        "createdTime": "2023-03-03T23:47:36.8765527\u002B00:00",
        "modifiedBy": {
          "userObjectId": "b3a957de-450c-4ca7-b2aa-88dd98c87fef",
          "userPuId": "10037FFEAD05DD5D",
          "userIdp": null,
          "userAltSecId": null,
          "userIss": "https://sts.windows.net/72f988bf-86f1-41af-91ab-2d7cd011db47/",
          "userTenantId": "72f988bf-86f1-41af-91ab-2d7cd011db47",
          "userName": "Diondra Peck",
          "upn": null
        },
        "modifiedTime": "2023-03-03T23:47:36.8765527\u002B00:00",
        "gitRepositoryCommit": null,
        "uri": "https://sax5mzqu7xztpx4.blob.core.windows.net:443/288fbc99-9-148b16a9-5ae3-5fa4-b95c-2749a19bcc87/predict_src",
        "contentHash": "fdff5d9fb5eea78120f256d5bf3541889aa3d645e8c57f0d453731c577b90029",
        "hashVersion": "202208",
        "provisioningState": "Succeeded"
      }
    },
    {
      "RequestUri": "https://master.api.azureml-test.ms/content/v2.0/subscriptions/00000000-0000-0000-0000-000000000/resourceGroups/00000/providers/Microsoft.MachineLearningServices/workspaces/00000/snapshots/getByHash?hash=cb0186b28e0fa7578eb22078011a7a623342e34eec353fb33821693adbbaad60\u0026hashVersion=202208",
      "RequestMethod": "GET",
      "RequestHeaders": {
        "Accept": "*/*",
        "Accept-Encoding": "gzip, deflate",
        "Connection": "keep-alive",
        "Content-Type": "application/json; charset=UTF-8",
        "User-Agent": "azure-ai-ml/1.5.0 azsdk-python-core/1.26.3 Python/3.7.9 (Windows-10-10.0.22621-SP0)"
      },
      "RequestBody": null,
      "StatusCode": 200,
      "ResponseHeaders": {
        "Connection": "keep-alive",
        "Content-Encoding": "gzip",
        "Content-Type": "application/json; charset=utf-8",
        "Date": "Fri, 03 Mar 2023 23:52:51 GMT",
        "request-context": "appId=cid-v1:512cc15a-13b5-415b-bfd0-dce7accb6bb1",
        "Strict-Transport-Security": "max-age=15724800; includeSubDomains; preload",
        "Transfer-Encoding": "chunked",
        "Vary": "Accept-Encoding",
        "x-aml-cluster": "vienna-test-westus2-01",
        "X-Content-Type-Options": "nosniff",
        "x-ms-response-type": "standard",
        "x-request-time": "0.296"
      },
      "ResponseBody": {
        "snapshotType": "LocalFiles",
        "id": "be32976b-99c7-4d3b-a00e-a678d0baefd1",
        "root": {
          "name": "",
          "hash": null,
          "type": "Directory",
          "timestamp": "0001-01-01T00:00:00\u002B00:00",
          "sasUrl": null,
          "absoluteUrl": null,
          "sizeBytes": 0,
          "sizeSet": false,
          "children": {
            "transform.py": {
              "name": "transform.py",
              "hash": "34C5BA749BE7DCE3D72C573569F39A68",
              "type": "File",
              "timestamp": "0001-01-01T00:00:00\u002B00:00",
              "sasUrl": null,
              "absoluteUrl": null,
              "sizeBytes": 5373,
              "sizeSet": true,
              "children": {}
            }
          }
        },
        "tags": {},
        "properties": {
          "hash_sha256": "cb0186b28e0fa7578eb22078011a7a623342e34eec353fb33821693adbbaad60",
          "hash_version": "202208",
          "azureml.codeUri": "https://sax5mzqu7xztpx4.blob.core.windows.net:443/288fbc99-9-282dc179-820f-5587-855e-36f7b5f726ad/transform_src"
        },
        "description": null,
        "name": "7255fcc9-d0a4-42fa-9336-a9c55706b6bd",
        "version": "1",
        "createdBy": {
          "userObjectId": "b3a957de-450c-4ca7-b2aa-88dd98c87fef",
          "userPuId": "10037FFEAD05DD5D",
          "userIdp": null,
          "userAltSecId": null,
          "userIss": "https://sts.windows.net/72f988bf-86f1-41af-91ab-2d7cd011db47/",
          "userTenantId": "72f988bf-86f1-41af-91ab-2d7cd011db47",
          "userName": "Firstname Lastname",
          "upn": null
        },
        "createdTime": "2023-03-03T23:47:37.0526484\u002B00:00",
        "modifiedBy": {
          "userObjectId": "b3a957de-450c-4ca7-b2aa-88dd98c87fef",
          "userPuId": "10037FFEAD05DD5D",
          "userIdp": null,
          "userAltSecId": null,
          "userIss": "https://sts.windows.net/72f988bf-86f1-41af-91ab-2d7cd011db47/",
          "userTenantId": "72f988bf-86f1-41af-91ab-2d7cd011db47",
          "userName": "Diondra Peck",
          "upn": null
        },
        "modifiedTime": "2023-03-03T23:47:37.0526484\u002B00:00",
        "gitRepositoryCommit": null,
        "uri": "https://sax5mzqu7xztpx4.blob.core.windows.net:443/288fbc99-9-282dc179-820f-5587-855e-36f7b5f726ad/transform_src",
        "contentHash": "cb0186b28e0fa7578eb22078011a7a623342e34eec353fb33821693adbbaad60",
        "hashVersion": "202208",
        "provisioningState": "Succeeded"
      }
    },
    {
      "RequestUri": "https://management.azure.com/subscriptions/00000000-0000-0000-0000-000000000/resourceGroups/00000/providers/Microsoft.MachineLearningServices/workspaces/00000/codes/433ba9c8-e64b-43d4-8bf0-3bc47336df3d/versions/1?api-version=2022-05-01",
      "RequestMethod": "GET",
      "RequestHeaders": {
        "Accept": "application/json",
        "Accept-Encoding": "gzip, deflate",
        "Connection": "keep-alive",
        "User-Agent": "azure-ai-ml/1.5.0 azsdk-python-mgmt-machinelearningservices/0.1.0 Python/3.7.9 (Windows-10-10.0.22621-SP0)"
      },
      "RequestBody": null,
      "StatusCode": 200,
      "ResponseHeaders": {
        "Cache-Control": "no-cache",
        "Content-Encoding": "gzip",
        "Content-Type": "application/json; charset=utf-8",
        "Date": "Fri, 03 Mar 2023 23:52:54 GMT",
        "Expires": "-1",
        "Pragma": "no-cache",
        "request-context": "appId=cid-v1:512cc15a-13b5-415b-bfd0-dce7accb6bb1",
        "Server-Timing": "traceparent;desc=\u002200-c8f0d3a66eeb92d496a03fee1cda0b1e-0c2c72c9d58d32f9-01\u0022",
        "Strict-Transport-Security": "max-age=31536000; includeSubDomains",
        "Transfer-Encoding": "chunked",
        "Vary": [
          "Accept-Encoding",
          "Accept-Encoding"
        ],
        "x-aml-cluster": "vienna-test-westus2-01",
        "X-Content-Type-Options": "nosniff",
        "x-ms-correlation-request-id": "6acfb765-3109-4daf-aa76-6f51a8c44df9",
        "x-ms-ratelimit-remaining-subscription-reads": "11995",
        "x-ms-response-type": "standard",
        "x-ms-routing-request-id": "WESTUS2:20230303T235254Z:6acfb765-3109-4daf-aa76-6f51a8c44df9",
        "x-request-time": "0.094"
      },
      "ResponseBody": {
        "id": "/subscriptions/00000000-0000-0000-0000-000000000/resourceGroups/00000/providers/Microsoft.MachineLearningServices/workspaces/00000/codes/433ba9c8-e64b-43d4-8bf0-3bc47336df3d/versions/1",
        "name": "1",
        "type": "Microsoft.MachineLearningServices/workspaces/codes/versions",
        "properties": {
          "description": null,
          "tags": {},
          "properties": {
            "hash_sha256": "0000000000000",
            "hash_version": "0000000000000"
          },
          "isArchived": false,
          "isAnonymous": false,
          "codeUri": "https://sax5mzqu7xztpx4.blob.core.windows.net:443/288fbc99-9-1a71eb98-96aa-550c-90bd-b931819578c6/score_src"
        },
        "systemData": {
          "createdAt": "2023-03-03T23:47:37.6845383\u002B00:00",
          "createdBy": "Firstname Lastname",
          "createdByType": "User",
          "lastModifiedAt": "2023-03-03T23:47:37.6845383\u002B00:00",
          "lastModifiedBy": "Firstname Lastname",
          "lastModifiedByType": "User"
        }
      }
    },
    {
      "RequestUri": "https://management.azure.com/subscriptions/00000000-0000-0000-0000-000000000/resourceGroups/00000/providers/Microsoft.MachineLearningServices/workspaces/00000/codes/7255fcc9-d0a4-42fa-9336-a9c55706b6bd/versions/1?api-version=2022-05-01",
      "RequestMethod": "GET",
      "RequestHeaders": {
        "Accept": "application/json",
        "Accept-Encoding": "gzip, deflate",
        "Connection": "keep-alive",
        "User-Agent": "azure-ai-ml/1.5.0 azsdk-python-mgmt-machinelearningservices/0.1.0 Python/3.7.9 (Windows-10-10.0.22621-SP0)"
      },
      "RequestBody": null,
      "StatusCode": 200,
      "ResponseHeaders": {
        "Cache-Control": "no-cache",
        "Content-Encoding": "gzip",
        "Content-Type": "application/json; charset=utf-8",
        "Date": "Fri, 03 Mar 2023 23:52:54 GMT",
        "Expires": "-1",
        "Pragma": "no-cache",
        "request-context": "appId=cid-v1:512cc15a-13b5-415b-bfd0-dce7accb6bb1",
        "Server-Timing": "traceparent;desc=\u002200-a0ddd21de4e091b998a624914a3d633a-894e4082a7400230-01\u0022",
        "Strict-Transport-Security": "max-age=31536000; includeSubDomains",
        "Transfer-Encoding": "chunked",
        "Vary": [
          "Accept-Encoding",
          "Accept-Encoding"
        ],
        "x-aml-cluster": "vienna-test-westus2-01",
        "X-Content-Type-Options": "nosniff",
        "x-ms-correlation-request-id": "81f736b6-a034-4bce-a521-c1fc44750090",
        "x-ms-ratelimit-remaining-subscription-reads": "11999",
        "x-ms-response-type": "standard",
        "x-ms-routing-request-id": "WESTUS2:20230303T235254Z:81f736b6-a034-4bce-a521-c1fc44750090",
        "x-request-time": "0.081"
      },
      "ResponseBody": {
        "id": "/subscriptions/00000000-0000-0000-0000-000000000/resourceGroups/00000/providers/Microsoft.MachineLearningServices/workspaces/00000/codes/7255fcc9-d0a4-42fa-9336-a9c55706b6bd/versions/1",
        "name": "1",
        "type": "Microsoft.MachineLearningServices/workspaces/codes/versions",
        "properties": {
          "description": null,
          "tags": {},
          "properties": {
            "hash_sha256": "0000000000000",
            "hash_version": "0000000000000"
          },
          "isArchived": false,
          "isAnonymous": false,
          "codeUri": "https://sax5mzqu7xztpx4.blob.core.windows.net:443/288fbc99-9-282dc179-820f-5587-855e-36f7b5f726ad/transform_src"
        },
        "systemData": {
          "createdAt": "2023-03-03T23:47:37.0526484\u002B00:00",
          "createdBy": "Firstname Lastname",
          "createdByType": "User",
          "lastModifiedAt": "2023-03-03T23:47:37.0526484\u002B00:00",
          "lastModifiedBy": "Firstname Lastname",
          "lastModifiedByType": "User"
        }
      }
    },
    {
      "RequestUri": "https://management.azure.com/subscriptions/00000000-0000-0000-0000-000000000/resourceGroups/00000/providers/Microsoft.MachineLearningServices/workspaces/00000/codes/fb167865-0083-45d7-8585-4c9c87de42e1/versions/1?api-version=2022-05-01",
      "RequestMethod": "GET",
      "RequestHeaders": {
        "Accept": "application/json",
        "Accept-Encoding": "gzip, deflate",
        "Connection": "keep-alive",
        "User-Agent": "azure-ai-ml/1.5.0 azsdk-python-mgmt-machinelearningservices/0.1.0 Python/3.7.9 (Windows-10-10.0.22621-SP0)"
      },
      "RequestBody": null,
      "StatusCode": 200,
      "ResponseHeaders": {
        "Cache-Control": "no-cache",
        "Content-Encoding": "gzip",
        "Content-Type": "application/json; charset=utf-8",
        "Date": "Fri, 03 Mar 2023 23:52:54 GMT",
        "Expires": "-1",
        "Pragma": "no-cache",
        "request-context": "appId=cid-v1:512cc15a-13b5-415b-bfd0-dce7accb6bb1",
        "Server-Timing": "traceparent;desc=\u002200-6cfe1ca6b726067efc85c1fa13e793be-dc4905187504eba0-01\u0022",
        "Strict-Transport-Security": "max-age=31536000; includeSubDomains",
        "Transfer-Encoding": "chunked",
        "Vary": [
          "Accept-Encoding",
          "Accept-Encoding"
        ],
        "x-aml-cluster": "vienna-test-westus2-02",
        "X-Content-Type-Options": "nosniff",
        "x-ms-correlation-request-id": "af5cf2a4-aae3-423e-a485-1ab6bf576f6a",
        "x-ms-ratelimit-remaining-subscription-reads": "11998",
        "x-ms-response-type": "standard",
        "x-ms-routing-request-id": "WESTUS2:20230303T235254Z:af5cf2a4-aae3-423e-a485-1ab6bf576f6a",
        "x-request-time": "0.220"
      },
      "ResponseBody": {
        "id": "/subscriptions/00000000-0000-0000-0000-000000000/resourceGroups/00000/providers/Microsoft.MachineLearningServices/workspaces/00000/codes/fb167865-0083-45d7-8585-4c9c87de42e1/versions/1",
        "name": "1",
        "type": "Microsoft.MachineLearningServices/workspaces/codes/versions",
        "properties": {
          "description": null,
          "tags": {},
          "properties": {
            "hash_sha256": "0000000000000",
            "hash_version": "0000000000000"
          },
          "isArchived": false,
          "isAnonymous": false,
          "codeUri": "https://sax5mzqu7xztpx4.blob.core.windows.net:443/288fbc99-9-8c9ee5af-6065-5487-8858-6a6b96a336f7/train_src"
        },
        "systemData": {
          "createdAt": "2023-03-03T23:47:28.6503838\u002B00:00",
          "createdBy": "Firstname Lastname",
          "createdByType": "User",
          "lastModifiedAt": "2023-03-03T23:47:28.6503838\u002B00:00",
          "lastModifiedBy": "Firstname Lastname",
          "lastModifiedByType": "User"
        }
      }
    },
    {
      "RequestUri": "https://management.azure.com/subscriptions/00000000-0000-0000-0000-000000000/resourceGroups/00000/providers/Microsoft.MachineLearningServices/workspaces/00000/codes/3cdc2046-ca8a-4bfd-94b9-e0b9a68263dc/versions/1?api-version=2022-05-01",
      "RequestMethod": "GET",
      "RequestHeaders": {
        "Accept": "application/json",
        "Accept-Encoding": "gzip, deflate",
        "Connection": "keep-alive",
        "User-Agent": "azure-ai-ml/1.5.0 azsdk-python-mgmt-machinelearningservices/0.1.0 Python/3.7.9 (Windows-10-10.0.22621-SP0)"
      },
      "RequestBody": null,
      "StatusCode": 200,
      "ResponseHeaders": {
        "Cache-Control": "no-cache",
        "Content-Encoding": "gzip",
        "Content-Type": "application/json; charset=utf-8",
        "Date": "Fri, 03 Mar 2023 23:52:54 GMT",
        "Expires": "-1",
        "Pragma": "no-cache",
        "request-context": "appId=cid-v1:512cc15a-13b5-415b-bfd0-dce7accb6bb1",
        "Server-Timing": "traceparent;desc=\u002200-8bf990e1abc3a8e74cfb27199776f55e-2d6cfdbe96e71d44-01\u0022",
        "Strict-Transport-Security": "max-age=31536000; includeSubDomains",
        "Transfer-Encoding": "chunked",
        "Vary": [
          "Accept-Encoding",
          "Accept-Encoding"
        ],
        "x-aml-cluster": "vienna-test-westus2-02",
        "X-Content-Type-Options": "nosniff",
        "x-ms-correlation-request-id": "eafd4de5-b9b9-4055-9f44-fee21ed4c42c",
        "x-ms-ratelimit-remaining-subscription-reads": "11999",
        "x-ms-response-type": "standard",
        "x-ms-routing-request-id": "WESTUS2:20230303T235254Z:eafd4de5-b9b9-4055-9f44-fee21ed4c42c",
        "x-request-time": "0.096"
      },
      "ResponseBody": {
        "id": "/subscriptions/00000000-0000-0000-0000-000000000/resourceGroups/00000/providers/Microsoft.MachineLearningServices/workspaces/00000/codes/3cdc2046-ca8a-4bfd-94b9-e0b9a68263dc/versions/1",
        "name": "1",
        "type": "Microsoft.MachineLearningServices/workspaces/codes/versions",
        "properties": {
          "description": null,
          "tags": {},
          "properties": {
            "hash_sha256": "0000000000000",
            "hash_version": "0000000000000"
          },
          "isArchived": false,
          "isAnonymous": false,
          "codeUri": "https://sax5mzqu7xztpx4.blob.core.windows.net:443/288fbc99-9-148b16a9-5ae3-5fa4-b95c-2749a19bcc87/predict_src"
        },
        "systemData": {
          "createdAt": "2023-03-03T23:47:36.8765527\u002B00:00",
          "createdBy": "Firstname Lastname",
          "createdByType": "User",
          "lastModifiedAt": "2023-03-03T23:47:36.8765527\u002B00:00",
          "lastModifiedBy": "Firstname Lastname",
          "lastModifiedByType": "User"
        }
      }
    },
    {
      "RequestUri": "https://management.azure.com/subscriptions/00000000-0000-0000-0000-000000000/resourceGroups/00000/providers/Microsoft.MachineLearningServices/workspaces/00000/codes/3a60b4a6-bb8f-485b-8db8-030310740f38/versions/1?api-version=2022-05-01",
      "RequestMethod": "GET",
      "RequestHeaders": {
        "Accept": "application/json",
        "Accept-Encoding": "gzip, deflate",
        "Connection": "keep-alive",
        "User-Agent": "azure-ai-ml/1.5.0 azsdk-python-mgmt-machinelearningservices/0.1.0 Python/3.7.9 (Windows-10-10.0.22621-SP0)"
      },
      "RequestBody": null,
      "StatusCode": 200,
      "ResponseHeaders": {
        "Cache-Control": "no-cache",
        "Content-Encoding": "gzip",
        "Content-Type": "application/json; charset=utf-8",
        "Date": "Fri, 03 Mar 2023 23:52:54 GMT",
        "Expires": "-1",
        "Pragma": "no-cache",
        "request-context": "appId=cid-v1:512cc15a-13b5-415b-bfd0-dce7accb6bb1",
        "Server-Timing": "traceparent;desc=\u002200-cb04e8a4a24f28a62984790965df1deb-8602e94539a85a54-01\u0022",
        "Strict-Transport-Security": "max-age=31536000; includeSubDomains",
        "Transfer-Encoding": "chunked",
        "Vary": [
          "Accept-Encoding",
          "Accept-Encoding"
        ],
        "x-aml-cluster": "vienna-test-westus2-02",
        "X-Content-Type-Options": "nosniff",
        "x-ms-correlation-request-id": "293f1e95-c71b-4751-8e03-e51de091a12c",
        "x-ms-ratelimit-remaining-subscription-reads": "11998",
        "x-ms-response-type": "standard",
        "x-ms-routing-request-id": "WESTUS2:20230303T235254Z:293f1e95-c71b-4751-8e03-e51de091a12c",
        "x-request-time": "0.212"
      },
      "ResponseBody": {
        "id": "/subscriptions/00000000-0000-0000-0000-000000000/resourceGroups/00000/providers/Microsoft.MachineLearningServices/workspaces/00000/codes/3a60b4a6-bb8f-485b-8db8-030310740f38/versions/1",
        "name": "1",
        "type": "Microsoft.MachineLearningServices/workspaces/codes/versions",
        "properties": {
          "description": null,
          "tags": {},
          "properties": {
            "hash_sha256": "0000000000000",
            "hash_version": "0000000000000"
          },
          "isArchived": false,
          "isAnonymous": false,
          "codeUri": "https://sax5mzqu7xztpx4.blob.core.windows.net:443/288fbc99-9-2da7ad5b-a0fc-5cd9-95f4-3211efa6c9eb/prep_src"
        },
        "systemData": {
          "createdAt": "2023-03-03T23:47:36.9562093\u002B00:00",
          "createdBy": "Firstname Lastname",
          "createdByType": "User",
          "lastModifiedAt": "2023-03-03T23:47:36.9562093\u002B00:00",
          "lastModifiedBy": "Firstname Lastname",
          "lastModifiedByType": "User"
        }
      }
    },
    {
      "RequestUri": "https://management.azure.com/subscriptions/00000000-0000-0000-0000-000000000/resourceGroups/00000/providers/Microsoft.MachineLearningServices/workspaces/00000/components/azureml_anonymous/versions/52007b83-5c94-eda6-d256-cbe3e58c64ab?api-version=2022-10-01",
      "RequestMethod": "PUT",
      "RequestHeaders": {
        "Accept": "application/json",
        "Accept-Encoding": "gzip, deflate",
        "Connection": "keep-alive",
        "Content-Length": "803",
        "Content-Type": "application/json",
        "User-Agent": "azure-ai-ml/1.5.0 azsdk-python-mgmt-machinelearningservices/0.1.0 Python/3.7.9 (Windows-10-10.0.22621-SP0)"
      },
      "RequestBody": {
        "properties": {
          "properties": {},
          "tags": {},
          "isAnonymous": true,
          "isArchived": false,
          "componentSpec": {
            "command": "python score.py --predictions ${{inputs.predictions}} --model ${{inputs.model}} --score_report ${{outputs.score_report}}",
            "code": "azureml:/subscriptions/00000000-0000-0000-0000-000000000/resourceGroups/00000/providers/Microsoft.MachineLearningServices/workspaces/00000/codes/433ba9c8-e64b-43d4-8bf0-3bc47336df3d/versions/1",
            "environment": "azureml:AzureML-sklearn-0.24-ubuntu18.04-py37-cuda11-gpu:3",
            "name": "score_model",
            "version": "1",
            "display_name": "ScoreModel",
            "is_deterministic": true,
            "inputs": {
              "predictions": {
                "type": "uri_folder"
              },
              "model": {
                "type": "uri_folder"
              }
            },
            "outputs": {
              "score_report": {
                "type": "uri_folder"
              }
            },
            "type": "command",
            "_source": "YAML.COMPONENT"
          }
        }
      },
      "StatusCode": 201,
      "ResponseHeaders": {
        "Cache-Control": "no-cache",
        "Content-Length": "1530",
        "Content-Type": "application/json; charset=utf-8",
        "Date": "Fri, 03 Mar 2023 23:52:55 GMT",
        "Expires": "-1",
        "Location": "https://management.azure.com/subscriptions/00000000-0000-0000-0000-000000000/resourceGroups/00000/providers/Microsoft.MachineLearningServices/workspaces/00000/components/azureml_anonymous/versions/52007b83-5c94-eda6-d256-cbe3e58c64ab?api-version=2022-10-01",
        "Pragma": "no-cache",
        "request-context": "appId=cid-v1:512cc15a-13b5-415b-bfd0-dce7accb6bb1",
        "Server-Timing": "traceparent;desc=\u002200-55aa2b29d7f13f39734266c05fe429da-2d25b2697ac9a874-01\u0022",
        "Strict-Transport-Security": "max-age=31536000; includeSubDomains",
        "x-aml-cluster": "vienna-test-westus2-02",
        "X-Content-Type-Options": "nosniff",
        "x-ms-correlation-request-id": "8184b59b-8b4f-4c2e-8852-293e84a72532",
        "x-ms-ratelimit-remaining-subscription-writes": "1199",
        "x-ms-response-type": "standard",
        "x-ms-routing-request-id": "WESTUS2:20230303T235256Z:8184b59b-8b4f-4c2e-8852-293e84a72532",
        "x-request-time": "1.613"
      },
      "ResponseBody": {
        "id": "/subscriptions/00000000-0000-0000-0000-000000000/resourceGroups/00000/providers/Microsoft.MachineLearningServices/workspaces/00000/components/azureml_anonymous/versions/dfbfc4e4-0f9f-4786-8ea0-025d6286c9cd",
        "name": "dfbfc4e4-0f9f-4786-8ea0-025d6286c9cd",
        "type": "Microsoft.MachineLearningServices/workspaces/components/versions",
        "properties": {
          "description": null,
          "tags": {},
          "properties": {},
          "isArchived": false,
          "isAnonymous": true,
          "componentSpec": {
            "name": "score_model",
            "version": "1",
            "display_name": "ScoreModel",
            "is_deterministic": "True",
            "type": "command",
            "inputs": {
              "predictions": {
                "type": "uri_folder",
                "optional": "False"
              },
              "model": {
                "type": "uri_folder",
                "optional": "False"
              }
            },
            "outputs": {
              "score_report": {
                "type": "uri_folder"
              }
            },
            "code": "azureml:/subscriptions/00000000-0000-0000-0000-000000000/resourceGroups/00000/providers/Microsoft.MachineLearningServices/workspaces/00000/codes/433ba9c8-e64b-43d4-8bf0-3bc47336df3d/versions/1",
            "environment": "azureml://registries/azureml-dev/environments/AzureML-sklearn-0.24-ubuntu18.04-py37-cuda11-gpu/versions/3",
            "resources": {
              "instance_count": "1"
            },
            "command": "python score.py --predictions ${{inputs.predictions}} --model ${{inputs.model}} --score_report ${{outputs.score_report}}",
            "$schema": "https://componentsdk.azureedge.net/jsonschema/CommandComponent.json"
          }
        },
        "systemData": {
          "createdAt": "2023-03-03T23:47:39.6364358\u002B00:00",
          "createdBy": "Firstname Lastname",
          "createdByType": "User",
          "lastModifiedAt": "2023-03-03T23:47:40.0883742\u002B00:00",
          "lastModifiedBy": "Firstname Lastname",
          "lastModifiedByType": "User"
        }
      }
    },
    {
      "RequestUri": "https://management.azure.com/subscriptions/00000000-0000-0000-0000-000000000/resourceGroups/00000/providers/Microsoft.MachineLearningServices/workspaces/00000/components/azureml_anonymous/versions/e9c056d0-5383-c043-b160-9ca067b910f8?api-version=2022-10-01",
      "RequestMethod": "PUT",
      "RequestHeaders": {
        "Accept": "application/json",
        "Accept-Encoding": "gzip, deflate",
        "Connection": "keep-alive",
        "Content-Length": "827",
        "Content-Type": "application/json",
        "User-Agent": "azure-ai-ml/1.5.0 azsdk-python-mgmt-machinelearningservices/0.1.0 Python/3.7.9 (Windows-10-10.0.22621-SP0)"
      },
      "RequestBody": {
        "properties": {
          "properties": {},
          "tags": {},
          "isAnonymous": true,
          "isArchived": false,
          "componentSpec": {
            "command": "python predict.py --model_input ${{inputs.model_input}} --test_data ${{inputs.test_data}} --predictions ${{outputs.predictions}}",
            "code": "azureml:/subscriptions/00000000-0000-0000-0000-000000000/resourceGroups/00000/providers/Microsoft.MachineLearningServices/workspaces/00000/codes/3cdc2046-ca8a-4bfd-94b9-e0b9a68263dc/versions/1",
            "environment": "azureml:AzureML-sklearn-0.24-ubuntu18.04-py37-cuda11-gpu:3",
            "name": "predict_taxi_fares",
            "version": "1",
            "display_name": "PredictTaxiFares",
            "is_deterministic": true,
            "inputs": {
              "model_input": {
                "type": "uri_folder"
              },
              "test_data": {
                "type": "uri_folder"
              }
            },
            "outputs": {
              "predictions": {
                "type": "uri_folder"
              }
            },
            "type": "command",
            "_source": "YAML.COMPONENT"
          }
        }
      },
      "StatusCode": 201,
      "ResponseHeaders": {
        "Cache-Control": "no-cache",
        "Content-Length": "1554",
        "Content-Type": "application/json; charset=utf-8",
        "Date": "Fri, 03 Mar 2023 23:52:56 GMT",
        "Expires": "-1",
        "Location": "https://management.azure.com/subscriptions/00000000-0000-0000-0000-000000000/resourceGroups/00000/providers/Microsoft.MachineLearningServices/workspaces/00000/components/azureml_anonymous/versions/e9c056d0-5383-c043-b160-9ca067b910f8?api-version=2022-10-01",
        "Pragma": "no-cache",
        "request-context": "appId=cid-v1:512cc15a-13b5-415b-bfd0-dce7accb6bb1",
        "Server-Timing": "traceparent;desc=\u002200-6e6e9a4164d2db73bea6d1596ea97124-b166f01eb07c8afb-01\u0022",
        "Strict-Transport-Security": "max-age=31536000; includeSubDomains",
        "x-aml-cluster": "vienna-test-westus2-02",
        "X-Content-Type-Options": "nosniff",
        "x-ms-correlation-request-id": "5ac0f8fb-95ef-4940-b7ae-d32f3e5e0cf6",
        "x-ms-ratelimit-remaining-subscription-writes": "1199",
        "x-ms-response-type": "standard",
        "x-ms-routing-request-id": "WESTUS2:20230303T235256Z:5ac0f8fb-95ef-4940-b7ae-d32f3e5e0cf6",
        "x-request-time": "1.606"
      },
      "ResponseBody": {
        "id": "/subscriptions/00000000-0000-0000-0000-000000000/resourceGroups/00000/providers/Microsoft.MachineLearningServices/workspaces/00000/components/azureml_anonymous/versions/95e8e451-ee48-4dc4-bd53-d2fef62870e3",
        "name": "95e8e451-ee48-4dc4-bd53-d2fef62870e3",
        "type": "Microsoft.MachineLearningServices/workspaces/components/versions",
        "properties": {
          "description": null,
          "tags": {},
          "properties": {},
          "isArchived": false,
          "isAnonymous": true,
          "componentSpec": {
            "name": "predict_taxi_fares",
            "version": "1",
            "display_name": "PredictTaxiFares",
            "is_deterministic": "True",
            "type": "command",
            "inputs": {
              "model_input": {
                "type": "uri_folder",
                "optional": "False"
              },
              "test_data": {
                "type": "uri_folder",
                "optional": "False"
              }
            },
            "outputs": {
              "predictions": {
                "type": "uri_folder"
              }
            },
            "code": "azureml:/subscriptions/00000000-0000-0000-0000-000000000/resourceGroups/00000/providers/Microsoft.MachineLearningServices/workspaces/00000/codes/3cdc2046-ca8a-4bfd-94b9-e0b9a68263dc/versions/1",
            "environment": "azureml://registries/azureml-dev/environments/AzureML-sklearn-0.24-ubuntu18.04-py37-cuda11-gpu/versions/3",
            "resources": {
              "instance_count": "1"
            },
            "command": "python predict.py --model_input ${{inputs.model_input}} --test_data ${{inputs.test_data}} --predictions ${{outputs.predictions}}",
            "$schema": "https://componentsdk.azureedge.net/jsonschema/CommandComponent.json"
          }
        },
        "systemData": {
          "createdAt": "2023-03-03T23:47:39.6653831\u002B00:00",
          "createdBy": "Firstname Lastname",
          "createdByType": "User",
          "lastModifiedAt": "2023-03-03T23:47:40.0865121\u002B00:00",
          "lastModifiedBy": "Firstname Lastname",
          "lastModifiedByType": "User"
        }
      }
    },
    {
      "RequestUri": "https://management.azure.com/subscriptions/00000000-0000-0000-0000-000000000/resourceGroups/00000/providers/Microsoft.MachineLearningServices/workspaces/00000/components/azureml_anonymous/versions/36e135f5-f1ed-61b9-b3e7-23e9c2e73a56?api-version=2022-10-01",
      "RequestMethod": "PUT",
      "RequestHeaders": {
        "Accept": "application/json",
        "Accept-Encoding": "gzip, deflate",
        "Connection": "keep-alive",
        "Content-Length": "730",
        "Content-Type": "application/json",
        "User-Agent": "azure-ai-ml/1.5.0 azsdk-python-mgmt-machinelearningservices/0.1.0 Python/3.7.9 (Windows-10-10.0.22621-SP0)"
      },
      "RequestBody": {
        "properties": {
          "properties": {},
          "tags": {},
          "isAnonymous": true,
          "isArchived": false,
          "componentSpec": {
            "command": "python prep.py --raw_data ${{inputs.raw_data}} --prep_data ${{outputs.prep_data}}",
            "code": "azureml:/subscriptions/00000000-0000-0000-0000-000000000/resourceGroups/00000/providers/Microsoft.MachineLearningServices/workspaces/00000/codes/3a60b4a6-bb8f-485b-8db8-030310740f38/versions/1",
            "environment": "azureml:AzureML-sklearn-0.24-ubuntu18.04-py37-cuda11-gpu:3",
            "name": "prep_taxi_data",
            "version": "1",
            "display_name": "PrepTaxiData",
            "is_deterministic": true,
            "inputs": {
              "raw_data": {
                "type": "uri_folder"
              }
            },
            "outputs": {
              "prep_data": {
                "type": "uri_folder"
              }
            },
            "type": "command",
            "_source": "YAML.COMPONENT"
          }
        }
      },
      "StatusCode": 201,
      "ResponseHeaders": {
        "Cache-Control": "no-cache",
        "Content-Length": "1441",
        "Content-Type": "application/json; charset=utf-8",
        "Date": "Fri, 03 Mar 2023 23:52:56 GMT",
        "Expires": "-1",
        "Location": "https://management.azure.com/subscriptions/00000000-0000-0000-0000-000000000/resourceGroups/00000/providers/Microsoft.MachineLearningServices/workspaces/00000/components/azureml_anonymous/versions/36e135f5-f1ed-61b9-b3e7-23e9c2e73a56?api-version=2022-10-01",
        "Pragma": "no-cache",
        "request-context": "appId=cid-v1:512cc15a-13b5-415b-bfd0-dce7accb6bb1",
        "Server-Timing": "traceparent;desc=\u002200-9f403bf3dfc9d4c9f28ffec2441afce2-fafea6fd58444e23-01\u0022",
        "Strict-Transport-Security": "max-age=31536000; includeSubDomains",
        "x-aml-cluster": "vienna-test-westus2-01",
        "X-Content-Type-Options": "nosniff",
        "x-ms-correlation-request-id": "0db1b2ea-78c1-491c-a4d1-f1be8441e778",
        "x-ms-ratelimit-remaining-subscription-writes": "1199",
        "x-ms-response-type": "standard",
        "x-ms-routing-request-id": "WESTUS2:20230303T235256Z:0db1b2ea-78c1-491c-a4d1-f1be8441e778",
        "x-request-time": "1.586"
      },
      "ResponseBody": {
        "id": "/subscriptions/00000000-0000-0000-0000-000000000/resourceGroups/00000/providers/Microsoft.MachineLearningServices/workspaces/00000/components/azureml_anonymous/versions/eb763f78-2bfb-4dcd-93c6-a182c83a355b",
        "name": "eb763f78-2bfb-4dcd-93c6-a182c83a355b",
        "type": "Microsoft.MachineLearningServices/workspaces/components/versions",
        "properties": {
          "description": null,
          "tags": {},
          "properties": {},
          "isArchived": false,
          "isAnonymous": true,
          "componentSpec": {
            "name": "prep_taxi_data",
            "version": "1",
            "display_name": "PrepTaxiData",
            "is_deterministic": "True",
            "type": "command",
            "inputs": {
              "raw_data": {
                "type": "uri_folder",
                "optional": "False"
              }
            },
            "outputs": {
              "prep_data": {
                "type": "uri_folder"
              }
            },
            "code": "azureml:/subscriptions/00000000-0000-0000-0000-000000000/resourceGroups/00000/providers/Microsoft.MachineLearningServices/workspaces/00000/codes/3a60b4a6-bb8f-485b-8db8-030310740f38/versions/1",
            "environment": "azureml://registries/azureml-dev/environments/AzureML-sklearn-0.24-ubuntu18.04-py37-cuda11-gpu/versions/3",
            "resources": {
              "instance_count": "1"
            },
            "command": "python prep.py --raw_data ${{inputs.raw_data}} --prep_data ${{outputs.prep_data}}",
            "$schema": "https://componentsdk.azureedge.net/jsonschema/CommandComponent.json"
          }
        },
        "systemData": {
          "createdAt": "2023-03-03T23:47:38.7819406\u002B00:00",
          "createdBy": "Firstname Lastname",
          "createdByType": "User",
          "lastModifiedAt": "2023-03-03T23:47:39.1705249\u002B00:00",
          "lastModifiedBy": "Firstname Lastname",
          "lastModifiedByType": "User"
        }
      }
    },
    {
      "RequestUri": "https://management.azure.com/subscriptions/00000000-0000-0000-0000-000000000/resourceGroups/00000/providers/Microsoft.MachineLearningServices/workspaces/00000/components/azureml_anonymous/versions/cb713b82-8517-c8ef-089b-10538bf28c99?api-version=2022-10-01",
      "RequestMethod": "PUT",
      "RequestHeaders": {
        "Accept": "application/json",
        "Accept-Encoding": "gzip, deflate",
        "Connection": "keep-alive",
        "Content-Length": "782",
        "Content-Type": "application/json",
        "User-Agent": "azure-ai-ml/1.5.0 azsdk-python-mgmt-machinelearningservices/0.1.0 Python/3.7.9 (Windows-10-10.0.22621-SP0)"
      },
      "RequestBody": {
        "properties": {
          "properties": {},
          "tags": {},
          "isAnonymous": true,
          "isArchived": false,
          "componentSpec": {
            "command": "python transform.py --clean_data ${{inputs.clean_data}} --transformed_data ${{outputs.transformed_data}}",
            "code": "azureml:/subscriptions/00000000-0000-0000-0000-000000000/resourceGroups/00000/providers/Microsoft.MachineLearningServices/workspaces/00000/codes/7255fcc9-d0a4-42fa-9336-a9c55706b6bd/versions/1",
            "environment": "azureml:AzureML-sklearn-0.24-ubuntu18.04-py37-cuda11-gpu:3",
            "name": "taxi_feature_engineering",
            "version": "1",
            "display_name": "TaxiFeatureEngineering",
            "is_deterministic": true,
            "inputs": {
              "clean_data": {
                "type": "uri_folder"
              }
            },
            "outputs": {
              "transformed_data": {
                "type": "uri_folder"
              }
            },
            "type": "command",
            "_source": "YAML.COMPONENT"
          }
        }
      },
      "StatusCode": 201,
      "ResponseHeaders": {
        "Cache-Control": "no-cache",
        "Content-Length": "1492",
        "Content-Type": "application/json; charset=utf-8",
        "Date": "Fri, 03 Mar 2023 23:52:56 GMT",
        "Expires": "-1",
        "Location": "https://management.azure.com/subscriptions/00000000-0000-0000-0000-000000000/resourceGroups/00000/providers/Microsoft.MachineLearningServices/workspaces/00000/components/azureml_anonymous/versions/cb713b82-8517-c8ef-089b-10538bf28c99?api-version=2022-10-01",
        "Pragma": "no-cache",
        "request-context": "appId=cid-v1:512cc15a-13b5-415b-bfd0-dce7accb6bb1",
        "Server-Timing": "traceparent;desc=\u002200-d67e88f3e75f848e6b001b0820415751-9f79528416d00174-01\u0022",
        "Strict-Transport-Security": "max-age=31536000; includeSubDomains",
        "x-aml-cluster": "vienna-test-westus2-02",
        "X-Content-Type-Options": "nosniff",
        "x-ms-correlation-request-id": "dd5773b8-b742-421b-be3e-4b7b961a4217",
        "x-ms-ratelimit-remaining-subscription-writes": "1199",
        "x-ms-response-type": "standard",
        "x-ms-routing-request-id": "WESTUS2:20230303T235256Z:dd5773b8-b742-421b-be3e-4b7b961a4217",
        "x-request-time": "1.674"
      },
      "ResponseBody": {
        "id": "/subscriptions/00000000-0000-0000-0000-000000000/resourceGroups/00000/providers/Microsoft.MachineLearningServices/workspaces/00000/components/azureml_anonymous/versions/fedb0c0e-6c2b-4ded-9af3-ab027c9f033a",
        "name": "fedb0c0e-6c2b-4ded-9af3-ab027c9f033a",
        "type": "Microsoft.MachineLearningServices/workspaces/components/versions",
        "properties": {
          "description": null,
          "tags": {},
          "properties": {},
          "isArchived": false,
          "isAnonymous": true,
          "componentSpec": {
            "name": "taxi_feature_engineering",
            "version": "1",
            "display_name": "TaxiFeatureEngineering",
            "is_deterministic": "True",
            "type": "command",
            "inputs": {
              "clean_data": {
                "type": "uri_folder",
                "optional": "False"
              }
            },
            "outputs": {
              "transformed_data": {
                "type": "uri_folder"
              }
            },
            "code": "azureml:/subscriptions/00000000-0000-0000-0000-000000000/resourceGroups/00000/providers/Microsoft.MachineLearningServices/workspaces/00000/codes/7255fcc9-d0a4-42fa-9336-a9c55706b6bd/versions/1",
            "environment": "azureml://registries/azureml-dev/environments/AzureML-sklearn-0.24-ubuntu18.04-py37-cuda11-gpu/versions/3",
            "resources": {
              "instance_count": "1"
            },
            "command": "python transform.py --clean_data ${{inputs.clean_data}} --transformed_data ${{outputs.transformed_data}}",
            "$schema": "https://componentsdk.azureedge.net/jsonschema/CommandComponent.json"
          }
        },
        "systemData": {
          "createdAt": "2023-03-03T23:47:43.7319909\u002B00:00",
          "createdBy": "Firstname Lastname",
          "createdByType": "User",
          "lastModifiedAt": "2023-03-03T23:47:44.151031\u002B00:00",
          "lastModifiedBy": "Firstname Lastname",
          "lastModifiedByType": "User"
        }
      }
    },
    {
      "RequestUri": "https://management.azure.com/subscriptions/00000000-0000-0000-0000-000000000/resourceGroups/00000/providers/Microsoft.MachineLearningServices/workspaces/00000/components/azureml_anonymous/versions/8826ce65-082d-e37e-8379-3306296dd095?api-version=2022-10-01",
      "RequestMethod": "PUT",
      "RequestHeaders": {
        "Accept": "application/json",
        "Accept-Encoding": "gzip, deflate",
        "Connection": "keep-alive",
        "Content-Length": "856",
        "Content-Type": "application/json",
        "User-Agent": "azure-ai-ml/1.5.0 azsdk-python-mgmt-machinelearningservices/0.1.0 Python/3.7.9 (Windows-10-10.0.22621-SP0)"
      },
      "RequestBody": {
        "properties": {
          "properties": {},
          "tags": {},
          "isAnonymous": true,
          "isArchived": false,
          "componentSpec": {
            "command": "python train.py --training_data ${{inputs.training_data}} --test_data ${{outputs.test_data}} --model_output ${{outputs.model_output}}",
            "code": "azureml:/subscriptions/00000000-0000-0000-0000-000000000/resourceGroups/00000/providers/Microsoft.MachineLearningServices/workspaces/00000/codes/fb167865-0083-45d7-8585-4c9c87de42e1/versions/1",
            "environment": "azureml:AzureML-sklearn-0.24-ubuntu18.04-py37-cuda11-gpu:3",
            "name": "train_linear_regression_model",
            "version": "1",
            "display_name": "TrainLinearRegressionModel",
            "is_deterministic": true,
            "inputs": {
              "training_data": {
                "type": "uri_folder"
              }
            },
            "outputs": {
              "model_output": {
                "type": "uri_folder"
              },
              "test_data": {
                "type": "uri_folder"
              }
            },
            "type": "command",
            "_source": "YAML.COMPONENT"
          }
        }
      },
      "StatusCode": 201,
      "ResponseHeaders": {
        "Cache-Control": "no-cache",
        "Content-Length": "1564",
        "Content-Type": "application/json; charset=utf-8",
        "Date": "Fri, 03 Mar 2023 23:52:56 GMT",
        "Expires": "-1",
        "Location": "https://management.azure.com/subscriptions/00000000-0000-0000-0000-000000000/resourceGroups/00000/providers/Microsoft.MachineLearningServices/workspaces/00000/components/azureml_anonymous/versions/8826ce65-082d-e37e-8379-3306296dd095?api-version=2022-10-01",
        "Pragma": "no-cache",
        "request-context": "appId=cid-v1:512cc15a-13b5-415b-bfd0-dce7accb6bb1",
        "Server-Timing": "traceparent;desc=\u002200-bdeaf7a2ba14f1572f1b7b37041b303f-8ee9134408364a78-01\u0022",
        "Strict-Transport-Security": "max-age=31536000; includeSubDomains",
        "x-aml-cluster": "vienna-test-westus2-01",
        "X-Content-Type-Options": "nosniff",
        "x-ms-correlation-request-id": "5046e219-cb33-4729-a022-6c221fc665e4",
        "x-ms-ratelimit-remaining-subscription-writes": "1199",
        "x-ms-response-type": "standard",
        "x-ms-routing-request-id": "WESTUS2:20230303T235257Z:5046e219-cb33-4729-a022-6c221fc665e4",
        "x-request-time": "1.989"
      },
      "ResponseBody": {
        "id": "/subscriptions/00000000-0000-0000-0000-000000000/resourceGroups/00000/providers/Microsoft.MachineLearningServices/workspaces/00000/components/azureml_anonymous/versions/1bf48595-6bba-4a1c-bc3a-70305be84af4",
        "name": "1bf48595-6bba-4a1c-bc3a-70305be84af4",
        "type": "Microsoft.MachineLearningServices/workspaces/components/versions",
        "properties": {
          "description": null,
          "tags": {},
          "properties": {},
          "isArchived": false,
          "isAnonymous": true,
          "componentSpec": {
            "name": "train_linear_regression_model",
            "version": "1",
            "display_name": "TrainLinearRegressionModel",
            "is_deterministic": "True",
            "type": "command",
            "inputs": {
              "training_data": {
                "type": "uri_folder",
                "optional": "False"
              }
            },
            "outputs": {
              "model_output": {
                "type": "uri_folder"
              },
              "test_data": {
                "type": "uri_folder"
              }
            },
            "code": "azureml:/subscriptions/00000000-0000-0000-0000-000000000/resourceGroups/00000/providers/Microsoft.MachineLearningServices/workspaces/00000/codes/fb167865-0083-45d7-8585-4c9c87de42e1/versions/1",
            "environment": "azureml://registries/azureml-dev/environments/AzureML-sklearn-0.24-ubuntu18.04-py37-cuda11-gpu/versions/3",
            "resources": {
              "instance_count": "1"
            },
            "command": "python train.py --training_data ${{inputs.training_data}} --test_data ${{outputs.test_data}} --model_output ${{outputs.model_output}}",
            "$schema": "https://componentsdk.azureedge.net/jsonschema/CommandComponent.json"
          }
        },
        "systemData": {
          "createdAt": "2023-03-03T23:47:35.6366238\u002B00:00",
          "createdBy": "Firstname Lastname",
          "createdByType": "User",
          "lastModifiedAt": "2023-03-03T23:47:36.1728078\u002B00:00",
          "lastModifiedBy": "Firstname Lastname",
          "lastModifiedByType": "User"
        }
      }
    },
    {
      "RequestUri": "https://management.azure.com/subscriptions/00000000-0000-0000-0000-000000000/resourceGroups/00000/providers/Microsoft.MachineLearningServices/workspaces/00000/datastores/workspaceblobstore?api-version=2022-10-01",
      "RequestMethod": "GET",
      "RequestHeaders": {
        "Accept": "application/json",
        "Accept-Encoding": "gzip, deflate",
        "Connection": "keep-alive",
        "User-Agent": "azure-ai-ml/1.5.0 azsdk-python-mgmt-machinelearningservices/0.1.0 Python/3.7.9 (Windows-10-10.0.22621-SP0)"
      },
      "RequestBody": null,
      "StatusCode": 200,
      "ResponseHeaders": {
        "Cache-Control": "no-cache",
        "Content-Encoding": "gzip",
        "Content-Type": "application/json; charset=utf-8",
        "Date": "Fri, 03 Mar 2023 23:52:57 GMT",
        "Expires": "-1",
        "Pragma": "no-cache",
        "request-context": "appId=cid-v1:512cc15a-13b5-415b-bfd0-dce7accb6bb1",
        "Server-Timing": "traceparent;desc=\u002200-376ca4a236bccc0174b9d5cc617657b6-b13a8bfbe71831df-01\u0022",
        "Strict-Transport-Security": "max-age=31536000; includeSubDomains",
        "Transfer-Encoding": "chunked",
        "Vary": [
          "Accept-Encoding",
          "Accept-Encoding"
        ],
        "x-aml-cluster": "vienna-test-westus2-01",
        "X-Content-Type-Options": "nosniff",
        "x-ms-correlation-request-id": "1109833c-ce84-4b1d-9fa6-1316a0285362",
        "x-ms-ratelimit-remaining-subscription-reads": "11998",
        "x-ms-response-type": "standard",
        "x-ms-routing-request-id": "WESTUS2:20230303T235258Z:1109833c-ce84-4b1d-9fa6-1316a0285362",
        "x-request-time": "0.214"
      },
      "ResponseBody": {
        "id": "/subscriptions/00000000-0000-0000-0000-000000000/resourceGroups/00000/providers/Microsoft.MachineLearningServices/workspaces/00000/datastores/workspaceblobstore",
        "name": "workspaceblobstore",
        "type": "Microsoft.MachineLearningServices/workspaces/datastores",
        "properties": {
          "description": null,
          "tags": null,
          "properties": null,
          "isDefault": true,
          "credentials": {
            "credentialsType": "AccountKey"
          },
          "datastoreType": "AzureBlob",
          "accountName": "sax5mzqu7xztpx4",
          "containerName": "azureml-blobstore-288fbc99-974d-4a49-b40f-53b041fe40cc",
          "endpoint": "core.windows.net",
          "protocol": "https",
          "serviceDataAccessAuthIdentity": "WorkspaceSystemAssignedIdentity"
        },
        "systemData": {
          "createdAt": "2023-03-03T20:15:35.8475982\u002B00:00",
          "createdBy": "779301c0-18b2-4cdc-801b-a0a3368fee0a",
          "createdByType": "Application",
          "lastModifiedAt": "2023-03-03T20:15:36.7830744\u002B00:00",
          "lastModifiedBy": "779301c0-18b2-4cdc-801b-a0a3368fee0a",
          "lastModifiedByType": "Application"
        }
      }
    },
    {
      "RequestUri": "https://management.azure.com/subscriptions/00000000-0000-0000-0000-000000000/resourceGroups/00000/providers/Microsoft.MachineLearningServices/workspaces/00000/datastores/workspaceblobstore/listSecrets?api-version=2022-10-01",
      "RequestMethod": "POST",
      "RequestHeaders": {
        "Accept": "application/json",
        "Accept-Encoding": "gzip, deflate",
        "Connection": "keep-alive",
        "Content-Length": "0",
        "User-Agent": "azure-ai-ml/1.5.0 azsdk-python-mgmt-machinelearningservices/0.1.0 Python/3.7.9 (Windows-10-10.0.22621-SP0)"
      },
      "RequestBody": null,
      "StatusCode": 200,
      "ResponseHeaders": {
        "Cache-Control": "no-cache",
        "Content-Encoding": "gzip",
        "Content-Type": "application/json; charset=utf-8",
        "Date": "Fri, 03 Mar 2023 23:52:57 GMT",
        "Expires": "-1",
        "Pragma": "no-cache",
        "request-context": "appId=cid-v1:512cc15a-13b5-415b-bfd0-dce7accb6bb1",
        "Server-Timing": "traceparent;desc=\u002200-1078613c57a762c942440093da088e63-a1e4b07042c28b32-01\u0022",
        "Strict-Transport-Security": "max-age=31536000; includeSubDomains",
        "Transfer-Encoding": "chunked",
        "Vary": "Accept-Encoding",
        "x-aml-cluster": "vienna-test-westus2-01",
        "X-Content-Type-Options": "nosniff",
        "x-ms-correlation-request-id": "57ff0712-83c5-477b-8464-3af42f7738d9",
        "x-ms-ratelimit-remaining-subscription-writes": "1199",
        "x-ms-response-type": "standard",
        "x-ms-routing-request-id": "WESTUS2:20230303T235258Z:57ff0712-83c5-477b-8464-3af42f7738d9",
        "x-request-time": "0.174"
      },
      "ResponseBody": {
        "secretsType": "AccountKey",
        "key": "dGhpcyBpcyBmYWtlIGtleQ=="
      }
    },
    {
      "RequestUri": "https://sax5mzqu7xztpx4.blob.core.windows.net/azureml-blobstore-288fbc99-974d-4a49-b40f-53b041fe40cc/LocalUpload/00000000000000000000000000000000/data/greenTaxiData.csv",
      "RequestMethod": "HEAD",
      "RequestHeaders": {
        "Accept": "application/xml",
        "Accept-Encoding": "gzip, deflate",
        "Connection": "keep-alive",
        "User-Agent": "azsdk-python-storage-blob/12.14.1 Python/3.7.9 (Windows-10-10.0.22621-SP0)",
        "x-ms-date": "Fri, 03 Mar 2023 23:52:58 GMT",
        "x-ms-version": "2021-08-06"
      },
      "RequestBody": null,
      "StatusCode": 200,
      "ResponseHeaders": {
        "Accept-Ranges": "bytes",
        "Content-Length": "825765",
        "Content-MD5": "kp1vj7pGK9AZd92/gxE7xQ==",
        "Content-Type": "application/octet-stream",
        "Date": "Fri, 03 Mar 2023 23:53:01 GMT",
        "ETag": "\u00220x8DB1C41B22C6240\u0022",
        "Last-Modified": "Fri, 03 Mar 2023 23:47:49 GMT",
        "Server": [
          "Windows-Azure-Blob/1.0",
          "Microsoft-HTTPAPI/2.0"
        ],
        "Vary": "Origin",
        "x-ms-access-tier": "Hot",
        "x-ms-access-tier-inferred": "true",
        "x-ms-blob-type": "BlockBlob",
        "x-ms-creation-time": "Fri, 03 Mar 2023 23:47:48 GMT",
        "x-ms-lease-state": "available",
        "x-ms-lease-status": "unlocked",
        "x-ms-meta-name": "6c32b121-884b-4d61-b223-71b6c3780321",
        "x-ms-meta-upload_status": "completed",
        "x-ms-meta-version": "ac47fa47-2dfa-4a99-a325-a5e09a3146e1",
        "x-ms-server-encrypted": "true",
        "x-ms-version": "2021-08-06"
      },
      "ResponseBody": null
    },
    {
      "RequestUri": "https://sax5mzqu7xztpx4.blob.core.windows.net/azureml-blobstore-288fbc99-974d-4a49-b40f-53b041fe40cc/az-ml-artifacts/00000000000000000000000000000000/data/greenTaxiData.csv",
      "RequestMethod": "HEAD",
      "RequestHeaders": {
        "Accept": "application/xml",
        "Accept-Encoding": "gzip, deflate",
        "Connection": "keep-alive",
        "User-Agent": "azsdk-python-storage-blob/12.14.1 Python/3.7.9 (Windows-10-10.0.22621-SP0)",
        "x-ms-date": "Fri, 03 Mar 2023 23:53:02 GMT",
        "x-ms-version": "2021-08-06"
      },
      "RequestBody": null,
      "StatusCode": 404,
      "ResponseHeaders": {
        "Date": "Fri, 03 Mar 2023 23:53:02 GMT",
        "Server": [
          "Windows-Azure-Blob/1.0",
          "Microsoft-HTTPAPI/2.0"
        ],
        "Transfer-Encoding": "chunked",
        "Vary": "Origin",
        "x-ms-error-code": "BlobNotFound",
        "x-ms-version": "2021-08-06"
      },
      "ResponseBody": null
    },
    {
      "RequestUri": "https://management.azure.com/subscriptions/00000000-0000-0000-0000-000000000/resourceGroups/00000/providers/Microsoft.MachineLearningServices/workspaces/00000/jobs/000000000000000000000?api-version=2022-12-01-preview",
      "RequestMethod": "PUT",
      "RequestHeaders": {
        "Accept": "application/json",
        "Accept-Encoding": "gzip, deflate",
        "Connection": "keep-alive",
        "Content-Length": "4247",
        "Content-Type": "application/json",
        "User-Agent": "azure-ai-ml/1.5.0 azsdk-python-mgmt-machinelearningservices/0.1.0 Python/3.7.9 (Windows-10-10.0.22621-SP0)"
      },
      "RequestBody": {
        "properties": {
          "properties": {},
          "tags": {},
          "computeId": "/subscriptions/00000000-0000-0000-0000-000000000/resourceGroups/00000/providers/Microsoft.MachineLearningServices/workspaces/00000/computes/cpu-cluster",
          "displayName": "sample_pipeline",
          "experimentName": "nyc_taxi_data_regression",
          "isArchived": false,
          "jobType": "Pipeline",
          "inputs": {
            "pipeline_job_input": {
              "uri": "azureml://datastores/workspaceblobstore/paths/LocalUpload/00000000000000000000000000000000/data/",
              "jobInputType": "uri_folder"
            }
          },
          "jobs": {
            "prep_job": {
              "name": "prep_job",
              "type": "command",
              "inputs": {
                "raw_data": {
                  "job_input_type": "literal",
                  "value": "${{parent.inputs.pipeline_job_input}}"
                }
              },
              "outputs": {
                "prep_data": {
                  "value": "${{parent.outputs.pipeline_job_prepped_data}}",
                  "type": "literal"
                }
              },
              "_source": "YAML.COMPONENT",
              "componentId": "/subscriptions/00000000-0000-0000-0000-000000000/resourceGroups/00000/providers/Microsoft.MachineLearningServices/workspaces/00000/components/azureml_anonymous/versions/eb763f78-2bfb-4dcd-93c6-a182c83a355b"
            },
            "transform_job": {
              "name": "transform_job",
              "type": "command",
              "inputs": {
                "clean_data": {
                  "job_input_type": "literal",
                  "value": "${{parent.jobs.prep_job.outputs.prep_data}}"
                }
              },
              "outputs": {
                "transformed_data": {
                  "value": "${{parent.outputs.pipeline_job_transformed_data}}",
                  "type": "literal"
                }
              },
              "_source": "YAML.COMPONENT",
              "componentId": "/subscriptions/00000000-0000-0000-0000-000000000/resourceGroups/00000/providers/Microsoft.MachineLearningServices/workspaces/00000/components/azureml_anonymous/versions/fedb0c0e-6c2b-4ded-9af3-ab027c9f033a"
            },
            "train_job": {
              "name": "train_job",
              "type": "command",
              "inputs": {
                "training_data": {
                  "job_input_type": "literal",
                  "value": "${{parent.jobs.transform_job.outputs.transformed_data}}"
                }
              },
              "outputs": {
                "model_output": {
                  "value": "${{parent.outputs.pipeline_job_trained_model}}",
                  "type": "literal"
                },
                "test_data": {
                  "value": "${{parent.outputs.pipeline_job_test_data}}",
                  "type": "literal"
                }
              },
              "_source": "YAML.COMPONENT",
              "componentId": "/subscriptions/00000000-0000-0000-0000-000000000/resourceGroups/00000/providers/Microsoft.MachineLearningServices/workspaces/00000/components/azureml_anonymous/versions/1bf48595-6bba-4a1c-bc3a-70305be84af4"
            },
            "predict_job": {
              "name": "predict_job",
              "type": "command",
              "inputs": {
                "model_input": {
                  "job_input_type": "literal",
                  "value": "${{parent.jobs.train_job.outputs.model_output}}"
                },
                "test_data": {
                  "job_input_type": "literal",
                  "value": "${{parent.jobs.train_job.outputs.test_data}}"
                }
              },
              "outputs": {
                "predictions": {
                  "value": "${{parent.outputs.pipeline_job_predictions}}",
                  "type": "literal"
                }
              },
              "_source": "YAML.COMPONENT",
              "componentId": "/subscriptions/00000000-0000-0000-0000-000000000/resourceGroups/00000/providers/Microsoft.MachineLearningServices/workspaces/00000/components/azureml_anonymous/versions/95e8e451-ee48-4dc4-bd53-d2fef62870e3"
            },
            "score_job": {
              "name": "score_job",
              "type": "command",
              "inputs": {
                "predictions": {
                  "job_input_type": "literal",
                  "value": "${{parent.jobs.predict_job.outputs.predictions}}"
                },
                "model": {
                  "job_input_type": "literal",
                  "value": "${{parent.jobs.train_job.outputs.model_output}}"
                }
              },
              "outputs": {
                "score_report": {
                  "value": "${{parent.outputs.pipeline_job_score_report}}",
                  "type": "literal"
                }
              },
              "_source": "YAML.COMPONENT",
              "componentId": "/subscriptions/00000000-0000-0000-0000-000000000/resourceGroups/00000/providers/Microsoft.MachineLearningServices/workspaces/00000/components/azureml_anonymous/versions/dfbfc4e4-0f9f-4786-8ea0-025d6286c9cd"
            }
          },
          "outputs": {
            "pipeline_job_prepped_data": {
              "mode": "ReadWriteMount",
              "jobOutputType": "uri_folder"
            },
            "pipeline_job_transformed_data": {
              "mode": "ReadWriteMount",
              "jobOutputType": "uri_folder"
            },
            "pipeline_job_trained_model": {
              "mode": "ReadWriteMount",
              "jobOutputType": "uri_folder"
            },
            "pipeline_job_test_data": {
              "mode": "ReadWriteMount",
              "jobOutputType": "uri_folder"
            },
            "pipeline_job_predictions": {
              "mode": "ReadWriteMount",
              "jobOutputType": "uri_folder"
            },
            "pipeline_job_score_report": {
              "mode": "ReadWriteMount",
              "jobOutputType": "uri_folder"
            }
          },
          "settings": {
            "default_datastore": "/subscriptions/00000000-0000-0000-0000-000000000/resourceGroups/00000/providers/Microsoft.MachineLearningServices/workspaces/00000/datastores/workspaceblobstore",
            "_source": "DSL"
          }
        }
      },
      "StatusCode": 201,
      "ResponseHeaders": {
        "Cache-Control": "no-cache",
        "Content-Length": "5933",
        "Content-Type": "application/json; charset=utf-8",
        "Date": "Fri, 03 Mar 2023 23:53:07 GMT",
        "Expires": "-1",
        "Location": "https://management.azure.com/subscriptions/00000000-0000-0000-0000-000000000/resourceGroups/00000/providers/Microsoft.MachineLearningServices/workspaces/00000/jobs/000000000000000000000?api-version=2022-12-01-preview",
        "Pragma": "no-cache",
        "request-context": "appId=cid-v1:512cc15a-13b5-415b-bfd0-dce7accb6bb1",
        "Server-Timing": "traceparent;desc=\u002200-af0cab11ae9f9ea2e5cf5ab54b7671c1-07aaf1b53a350b6c-01\u0022",
        "Strict-Transport-Security": "max-age=31536000; includeSubDomains",
        "x-aml-cluster": "vienna-test-westus2-01",
        "X-Content-Type-Options": "nosniff",
        "x-ms-correlation-request-id": "147e4aa3-11d8-4877-a0fd-cccffa57d027",
        "x-ms-ratelimit-remaining-subscription-writes": "1198",
        "x-ms-response-type": "standard",
        "x-ms-routing-request-id": "WESTUS2:20230303T235307Z:147e4aa3-11d8-4877-a0fd-cccffa57d027",
        "x-request-time": "2.941"
      },
      "ResponseBody": {
        "id": "/subscriptions/00000000-0000-0000-0000-000000000/resourceGroups/00000/providers/Microsoft.MachineLearningServices/workspaces/00000/jobs/000000000000000000000",
        "name": "000000000000000000000",
        "type": "Microsoft.MachineLearningServices/workspaces/jobs",
        "properties": {
          "description": null,
          "tags": {},
          "properties": {
            "azureml.DevPlatv2": "true",
            "azureml.runsource": "azureml.PipelineRun",
            "runSource": "MFE",
            "runType": "HTTP",
            "azureml.parameters": "{}",
            "azureml.continue_on_step_failure": "False",
            "azureml.continue_on_failed_optional_input": "True",
            "azureml.defaultComputeName": "cpu-cluster",
            "azureml.defaultDataStoreName": "workspaceblobstore",
            "azureml.pipelineComponent": "pipelinerun"
          },
          "displayName": "sample_pipeline",
          "status": "Preparing",
          "experimentName": "nyc_taxi_data_regression",
          "services": {
            "Tracking": {
              "jobServiceType": "Tracking",
              "port": null,
              "endpoint": "azureml://master.api.azureml-test.ms/mlflow/v1.0/subscriptions/00000000-0000-0000-0000-000000000/resourceGroups/00000/providers/Microsoft.MachineLearningServices/workspaces/00000?",
              "status": null,
              "errorMessage": null,
              "properties": null,
              "nodes": null
            },
            "Studio": {
              "jobServiceType": "Studio",
              "port": null,
              "endpoint": "https://ml.azure.com/runs/000000000000000000000?wsid=/subscriptions/00000000-0000-0000-0000-000000000/resourcegroups/00000/workspaces/00000",
              "status": null,
              "errorMessage": null,
              "properties": null,
              "nodes": null
            }
          },
          "computeId": "/subscriptions/00000000-0000-0000-0000-000000000/resourceGroups/00000/providers/Microsoft.MachineLearningServices/workspaces/00000/computes/cpu-cluster",
          "isArchived": false,
          "identity": null,
          "componentId": null,
          "jobType": "Pipeline",
          "settings": {
            "default_datastore": "/subscriptions/00000000-0000-0000-0000-000000000/resourceGroups/00000/providers/Microsoft.MachineLearningServices/workspaces/00000/datastores/workspaceblobstore",
            "_source": "DSL"
          },
          "jobs": {
            "prep_job": {
              "name": "prep_job",
              "type": "command",
              "inputs": {
                "raw_data": {
                  "job_input_type": "literal",
                  "value": "${{parent.inputs.pipeline_job_input}}"
                }
              },
              "outputs": {
                "prep_data": {
                  "value": "${{parent.outputs.pipeline_job_prepped_data}}",
                  "type": "literal"
                }
              },
              "_source": "YAML.COMPONENT",
              "componentId": "/subscriptions/00000000-0000-0000-0000-000000000/resourceGroups/00000/providers/Microsoft.MachineLearningServices/workspaces/00000/components/azureml_anonymous/versions/eb763f78-2bfb-4dcd-93c6-a182c83a355b"
            },
            "transform_job": {
              "name": "transform_job",
              "type": "command",
              "inputs": {
                "clean_data": {
                  "job_input_type": "literal",
                  "value": "${{parent.jobs.prep_job.outputs.prep_data}}"
                }
              },
              "outputs": {
                "transformed_data": {
                  "value": "${{parent.outputs.pipeline_job_transformed_data}}",
                  "type": "literal"
                }
              },
              "_source": "YAML.COMPONENT",
              "componentId": "/subscriptions/00000000-0000-0000-0000-000000000/resourceGroups/00000/providers/Microsoft.MachineLearningServices/workspaces/00000/components/azureml_anonymous/versions/fedb0c0e-6c2b-4ded-9af3-ab027c9f033a"
            },
            "train_job": {
              "name": "train_job",
              "type": "command",
              "inputs": {
                "training_data": {
                  "job_input_type": "literal",
                  "value": "${{parent.jobs.transform_job.outputs.transformed_data}}"
                }
              },
              "outputs": {
                "model_output": {
                  "value": "${{parent.outputs.pipeline_job_trained_model}}",
                  "type": "literal"
                },
                "test_data": {
                  "value": "${{parent.outputs.pipeline_job_test_data}}",
                  "type": "literal"
                }
              },
              "_source": "YAML.COMPONENT",
              "componentId": "/subscriptions/00000000-0000-0000-0000-000000000/resourceGroups/00000/providers/Microsoft.MachineLearningServices/workspaces/00000/components/azureml_anonymous/versions/1bf48595-6bba-4a1c-bc3a-70305be84af4"
            },
            "predict_job": {
              "name": "predict_job",
              "type": "command",
              "inputs": {
                "model_input": {
                  "job_input_type": "literal",
                  "value": "${{parent.jobs.train_job.outputs.model_output}}"
                },
                "test_data": {
                  "job_input_type": "literal",
                  "value": "${{parent.jobs.train_job.outputs.test_data}}"
                }
              },
              "outputs": {
                "predictions": {
                  "value": "${{parent.outputs.pipeline_job_predictions}}",
                  "type": "literal"
                }
              },
              "_source": "YAML.COMPONENT",
              "componentId": "/subscriptions/00000000-0000-0000-0000-000000000/resourceGroups/00000/providers/Microsoft.MachineLearningServices/workspaces/00000/components/azureml_anonymous/versions/95e8e451-ee48-4dc4-bd53-d2fef62870e3"
            },
            "score_job": {
              "name": "score_job",
              "type": "command",
              "inputs": {
                "predictions": {
                  "job_input_type": "literal",
                  "value": "${{parent.jobs.predict_job.outputs.predictions}}"
                },
                "model": {
                  "job_input_type": "literal",
                  "value": "${{parent.jobs.train_job.outputs.model_output}}"
                }
              },
              "outputs": {
                "score_report": {
                  "value": "${{parent.outputs.pipeline_job_score_report}}",
                  "type": "literal"
                }
              },
              "_source": "YAML.COMPONENT",
              "componentId": "/subscriptions/00000000-0000-0000-0000-000000000/resourceGroups/00000/providers/Microsoft.MachineLearningServices/workspaces/00000/components/azureml_anonymous/versions/dfbfc4e4-0f9f-4786-8ea0-025d6286c9cd"
            }
          },
          "inputs": {
            "pipeline_job_input": {
              "description": null,
              "uri": "azureml://datastores/workspaceblobstore/paths/LocalUpload/00000000000000000000000000000000/data/",
              "mode": "ReadOnlyMount",
              "jobInputType": "uri_folder"
            }
          },
          "outputs": {
            "pipeline_job_prepped_data": {
              "description": null,
              "uri": null,
              "assetName": null,
              "assetVersion": null,
              "mode": "ReadWriteMount",
              "jobOutputType": "uri_folder"
            },
            "pipeline_job_transformed_data": {
              "description": null,
              "uri": null,
              "assetName": null,
              "assetVersion": null,
              "mode": "ReadWriteMount",
              "jobOutputType": "uri_folder"
            },
            "pipeline_job_trained_model": {
              "description": null,
              "uri": null,
              "assetName": null,
              "assetVersion": null,
              "mode": "ReadWriteMount",
              "jobOutputType": "uri_folder"
            },
            "pipeline_job_test_data": {
              "description": null,
              "uri": null,
              "assetName": null,
              "assetVersion": null,
              "mode": "ReadWriteMount",
              "jobOutputType": "uri_folder"
            },
            "pipeline_job_predictions": {
              "description": null,
              "uri": null,
              "assetName": null,
              "assetVersion": null,
              "mode": "ReadWriteMount",
              "jobOutputType": "uri_folder"
            },
            "pipeline_job_score_report": {
              "description": null,
              "uri": null,
              "assetName": null,
              "assetVersion": null,
              "mode": "ReadWriteMount",
              "jobOutputType": "uri_folder"
            }
          },
          "sourceJobId": null
        },
        "systemData": {
          "createdAt": "2023-03-03T23:53:07.1453459\u002B00:00",
          "createdBy": "Firstname Lastname",
          "createdByType": "User"
        }
      }
    }
  ],
  "Variables": {}
}
