{
  "Entries": [
    {
      "RequestUri": "https://management.azure.com/subscriptions/00000000-0000-0000-0000-000000000/resourceGroups/00000/providers/Microsoft.MachineLearningServices/workspaces/00000/datastores/workspaceblobstore?api-version=2022-05-01",
      "RequestMethod": "GET",
      "RequestHeaders": {
        "Accept": "application/json",
        "Accept-Encoding": "gzip, deflate",
        "Connection": "keep-alive",
        "User-Agent": "azure-ai-ml/0.0.139 azsdk-python-mgmt-machinelearningservices/0.1.0 Python/3.9.13 (Windows-10-10.0.22622-SP0)"
      },
      "RequestBody": null,
      "StatusCode": 200,
      "ResponseHeaders": {
        "Cache-Control": "no-cache",
        "Content-Encoding": "gzip",
        "Content-Type": "application/json; charset=utf-8",
        "Date": "Fri, 23 Sep 2022 16:22:52 GMT",
        "Expires": "-1",
        "Pragma": "no-cache",
        "Request-Context": "appId=cid-v1:2d2e8e63-272e-4b3c-8598-4ee570a0e70d",
        "Server-Timing": "traceparent;desc=\u002200-93271256c04549051be3dd2b6bf5fdeb-22769547b17d4b91-01\u0022",
        "Strict-Transport-Security": "max-age=31536000; includeSubDomains",
        "Transfer-Encoding": "chunked",
        "Vary": [
          "Accept-Encoding",
          "Accept-Encoding"
        ],
        "x-aml-cluster": "vienna-eastus2-02",
        "X-Content-Type-Options": "nosniff",
        "x-ms-correlation-request-id": "3e390ed2-1a24-4897-be08-5e9f632d47ad",
        "x-ms-ratelimit-remaining-subscription-reads": "11962",
        "x-ms-response-type": "standard",
        "x-ms-routing-request-id": "KOREACENTRAL:20220923T162252Z:3e390ed2-1a24-4897-be08-5e9f632d47ad",
        "x-request-time": "0.089"
      },
      "ResponseBody": {
        "id": "/subscriptions/00000000-0000-0000-0000-000000000/resourceGroups/00000/providers/Microsoft.MachineLearningServices/workspaces/00000/datastores/workspaceblobstore",
        "name": "workspaceblobstore",
        "type": "Microsoft.MachineLearningServices/workspaces/datastores",
        "properties": {
          "description": null,
          "tags": null,
          "properties": null,
          "isDefault": true,
          "credentials": {
            "credentialsType": "AccountKey"
          },
          "datastoreType": "AzureBlob",
          "accountName": "sav6dhrxexwlv7g",
          "containerName": "azureml-blobstore-e950f876-7257-4cf3-99a5-ff66812ac44c",
          "endpoint": "core.windows.net",
          "protocol": "https",
          "serviceDataAccessAuthIdentity": "WorkspaceSystemAssignedIdentity"
        },
        "systemData": {
          "createdAt": "2022-09-22T03:07:29.4396872\u002B00:00",
          "createdBy": "779301c0-18b2-4cdc-801b-a0a3368fee0a",
          "createdByType": "Application",
          "lastModifiedAt": "2022-09-22T03:07:30.424941\u002B00:00",
          "lastModifiedBy": "779301c0-18b2-4cdc-801b-a0a3368fee0a",
          "lastModifiedByType": "Application"
        }
      }
    },
    {
      "RequestUri": "https://management.azure.com/subscriptions/00000000-0000-0000-0000-000000000/resourceGroups/00000/providers/Microsoft.MachineLearningServices/workspaces/00000/datastores/workspaceblobstore/listSecrets?api-version=2022-05-01",
      "RequestMethod": "POST",
      "RequestHeaders": {
        "Accept": "application/json",
        "Accept-Encoding": "gzip, deflate",
        "Connection": "keep-alive",
        "Content-Length": "0",
        "User-Agent": "azure-ai-ml/0.0.139 azsdk-python-mgmt-machinelearningservices/0.1.0 Python/3.9.13 (Windows-10-10.0.22622-SP0)"
      },
      "RequestBody": null,
      "StatusCode": 200,
      "ResponseHeaders": {
        "Cache-Control": "no-cache",
        "Content-Encoding": "gzip",
        "Content-Type": "application/json; charset=utf-8",
        "Date": "Fri, 23 Sep 2022 16:22:53 GMT",
        "Expires": "-1",
        "Pragma": "no-cache",
        "Request-Context": "appId=cid-v1:2d2e8e63-272e-4b3c-8598-4ee570a0e70d",
        "Server-Timing": "traceparent;desc=\u002200-57be8213dd957e56ee689f3d3ba985cd-815f3b1f4c5177fa-01\u0022",
        "Strict-Transport-Security": "max-age=31536000; includeSubDomains",
        "Transfer-Encoding": "chunked",
        "Vary": "Accept-Encoding",
        "x-aml-cluster": "vienna-eastus2-02",
        "X-Content-Type-Options": "nosniff",
        "x-ms-correlation-request-id": "bf1f6a74-df1c-416c-a9d5-0f513e687d90",
        "x-ms-ratelimit-remaining-subscription-writes": "1175",
        "x-ms-response-type": "standard",
        "x-ms-routing-request-id": "KOREACENTRAL:20220923T162253Z:bf1f6a74-df1c-416c-a9d5-0f513e687d90",
        "x-request-time": "0.126"
      },
      "ResponseBody": {
        "secretsType": "AccountKey",
        "key": "dGhpcyBpcyBmYWtlIGtleQ=="
      }
    },
    {
      "RequestUri": "https://sav6dhrxexwlv7g.blob.core.windows.net/azureml-blobstore-e950f876-7257-4cf3-99a5-ff66812ac44c/LocalUpload/00000000000000000000000000000000/COMPONENT_PLACEHOLDER",
      "RequestMethod": "HEAD",
      "RequestHeaders": {
        "Accept": "application/xml",
        "Accept-Encoding": "gzip, deflate",
        "Connection": "keep-alive",
        "User-Agent": "azsdk-python-storage-blob/12.13.1 Python/3.9.13 (Windows-10-10.0.22622-SP0)",
        "x-ms-date": "Fri, 23 Sep 2022 16:22:55 GMT",
        "x-ms-version": "2021-08-06"
      },
      "RequestBody": null,
      "StatusCode": 200,
      "ResponseHeaders": {
        "Accept-Ranges": "bytes",
        "Content-Length": "35",
        "Content-MD5": "L/DnSpFIn\u002BjaQWc\u002BsUQdcw==",
        "Content-Type": "application/octet-stream",
        "Date": "Fri, 23 Sep 2022 16:22:53 GMT",
        "ETag": "\u00220x8DA9D772BED71A9\u0022",
        "Last-Modified": "Fri, 23 Sep 2022 15:20:38 GMT",
        "Server": [
          "Windows-Azure-Blob/1.0",
          "Microsoft-HTTPAPI/2.0"
        ],
        "Vary": "Origin",
        "x-ms-access-tier": "Hot",
        "x-ms-access-tier-inferred": "true",
        "x-ms-blob-type": "BlockBlob",
        "x-ms-creation-time": "Fri, 23 Sep 2022 15:20:37 GMT",
        "x-ms-lease-state": "available",
        "x-ms-lease-status": "unlocked",
        "x-ms-meta-name": "20a552d5-eb53-46d2-ab75-a24c4e5ee7f2",
        "x-ms-meta-upload_status": "completed",
        "x-ms-meta-version": "1",
        "x-ms-server-encrypted": "true",
        "x-ms-version": "2021-08-06"
      },
      "ResponseBody": null
    },
    {
      "RequestUri": "https://sav6dhrxexwlv7g.blob.core.windows.net/azureml-blobstore-e950f876-7257-4cf3-99a5-ff66812ac44c/az-ml-artifacts/00000000000000000000000000000000/COMPONENT_PLACEHOLDER",
      "RequestMethod": "HEAD",
      "RequestHeaders": {
        "Accept": "application/xml",
        "Accept-Encoding": "gzip, deflate",
        "Connection": "keep-alive",
        "User-Agent": "azsdk-python-storage-blob/12.13.1 Python/3.9.13 (Windows-10-10.0.22622-SP0)",
        "x-ms-date": "Fri, 23 Sep 2022 16:22:56 GMT",
        "x-ms-version": "2021-08-06"
      },
      "RequestBody": null,
      "StatusCode": 404,
      "ResponseHeaders": {
        "Date": "Fri, 23 Sep 2022 16:22:54 GMT",
        "Server": [
          "Windows-Azure-Blob/1.0",
          "Microsoft-HTTPAPI/2.0"
        ],
        "Transfer-Encoding": "chunked",
        "Vary": "Origin",
        "x-ms-error-code": "BlobNotFound",
        "x-ms-version": "2021-08-06"
      },
      "ResponseBody": null
    },
    {
      "RequestUri": "https://management.azure.com/subscriptions/00000000-0000-0000-0000-000000000/resourceGroups/00000/providers/Microsoft.MachineLearningServices/workspaces/00000/codes/20a552d5-eb53-46d2-ab75-a24c4e5ee7f2/versions/1?api-version=2022-05-01",
      "RequestMethod": "PUT",
      "RequestHeaders": {
        "Accept": "application/json",
        "Accept-Encoding": "gzip, deflate",
        "Connection": "keep-alive",
        "Content-Length": "288",
        "Content-Type": "application/json",
        "User-Agent": "azure-ai-ml/0.0.139 azsdk-python-mgmt-machinelearningservices/0.1.0 Python/3.9.13 (Windows-10-10.0.22622-SP0)"
      },
      "RequestBody": {
        "properties": {
          "properties": {
            "hash_sha256": "0000000000000",
            "hash_version": "0000000000000"
          },
          "isAnonymous": true,
          "isArchived": false,
          "codeUri": "https://sav6dhrxexwlv7g.blob.core.windows.net/azureml-blobstore-e950f876-7257-4cf3-99a5-ff66812ac44c/LocalUpload/00000000000000000000000000000000"
        }
      },
      "StatusCode": 200,
      "ResponseHeaders": {
        "Cache-Control": "no-cache",
        "Content-Encoding": "gzip",
        "Content-Type": "application/json; charset=utf-8",
        "Date": "Fri, 23 Sep 2022 16:22:54 GMT",
        "Expires": "-1",
        "Pragma": "no-cache",
        "Request-Context": "appId=cid-v1:2d2e8e63-272e-4b3c-8598-4ee570a0e70d",
        "Server-Timing": "traceparent;desc=\u002200-f2cc0e8da729612cce6169abf2abc806-e586ddcfa0f5421c-01\u0022",
        "Strict-Transport-Security": "max-age=31536000; includeSubDomains",
        "Transfer-Encoding": "chunked",
        "Vary": [
          "Accept-Encoding",
          "Accept-Encoding"
        ],
        "x-aml-cluster": "vienna-eastus2-02",
        "X-Content-Type-Options": "nosniff",
        "x-ms-correlation-request-id": "1cbc0cfa-cd2d-49b8-be58-076127b05da2",
        "x-ms-ratelimit-remaining-subscription-writes": "1137",
        "x-ms-response-type": "standard",
        "x-ms-routing-request-id": "KOREACENTRAL:20220923T162255Z:1cbc0cfa-cd2d-49b8-be58-076127b05da2",
        "x-request-time": "0.150"
      },
      "ResponseBody": {
        "id": "/subscriptions/00000000-0000-0000-0000-000000000/resourceGroups/00000/providers/Microsoft.MachineLearningServices/workspaces/00000/codes/20a552d5-eb53-46d2-ab75-a24c4e5ee7f2/versions/1",
        "name": "1",
        "type": "Microsoft.MachineLearningServices/workspaces/codes/versions",
        "properties": {
          "description": null,
          "tags": {},
          "properties": {
            "hash_sha256": "0000000000000",
            "hash_version": "0000000000000"
          },
          "isArchived": false,
          "isAnonymous": false,
          "codeUri": "https://sav6dhrxexwlv7g.blob.core.windows.net/azureml-blobstore-e950f876-7257-4cf3-99a5-ff66812ac44c/LocalUpload/00000000000000000000000000000000"
        },
        "systemData": {
          "createdAt": "2022-09-23T15:20:39.7504863\u002B00:00",
          "createdBy": "Zhengfei Wang",
          "createdByType": "User",
          "lastModifiedAt": "2022-09-23T16:22:55.2645054\u002B00:00",
          "lastModifiedBy": "Zhengfei Wang",
          "lastModifiedByType": "User"
        }
      }
    },
    {
      "RequestUri": "https://management.azure.com/subscriptions/00000000-0000-0000-0000-000000000/resourceGroups/00000/providers/Microsoft.MachineLearningServices/workspaces/00000/components/azureml_anonymous/versions/000000000000000000000?api-version=2022-05-01",
      "RequestMethod": "PUT",
      "RequestHeaders": {
        "Accept": "application/json",
        "Accept-Encoding": "gzip, deflate",
        "Connection": "keep-alive",
        "Content-Length": "1868",
        "Content-Type": "application/json",
        "User-Agent": "azure-ai-ml/0.0.139 azsdk-python-mgmt-machinelearningservices/0.1.0 Python/3.9.13 (Windows-10-10.0.22622-SP0)"
      },
      "RequestBody": {
        "properties": {
          "description": "Component with default and optional parameters",
          "properties": {},
          "tags": {
            "tag": "tagvalue",
            "owner": "sdkteam"
          },
          "isAnonymous": true,
          "isArchived": false,
          "componentSpec": {
            "command": "echo Hello World \u0026 echo required_param ${{inputs.required_param}} \u0026 echo required_param_with_default ${{inputs.required_param_with_default}} \u0026 $[[echo optional_param ${{inputs.optional_param}} \u0026]] $[[echo optional_param_with_default ${{inputs.optional_param_with_default}} \u0026]] echo required_input ${{inputs.required_input}} \u0026 $[[echo optional_input ${{inputs.optional_input}} \u0026]]",
            "code": "azureml:/subscriptions/00000000-0000-0000-0000-000000000/resourceGroups/00000/providers/Microsoft.MachineLearningServices/workspaces/00000/codes/20a552d5-eb53-46d2-ab75-a24c4e5ee7f2/versions/1",
            "environment": "azureml:/subscriptions/00000000-0000-0000-0000-000000000/resourceGroups/00000/providers/Microsoft.MachineLearningServices/workspaces/00000/environments/AzureML-sklearn-0.24-ubuntu18.04-py37-cpu/versions/1",
            "name": "azureml_anonymous",
            "description": "Component with default and optional parameters",
            "tags": {
              "tag": "tagvalue",
              "owner": "sdkteam"
            },
            "version": "000000000000000000000",
            "$schema": "https://azuremlschemas.azureedge.net/development/commandComponent.schema.json",
            "display_name": "Component with default and optional parameters",
            "is_deterministic": true,
            "inputs": {
              "required_input": {
                "type": "uri_folder"
              },
              "optional_input": {
                "type": "uri_folder",
                "optional": true
              },
              "required_param": {
                "type": "string"
              },
              "required_param_with_default": {
                "type": "string",
                "default": "required_param_with_default"
              },
              "optional_param": {
                "type": "string",
                "optional": true
              },
              "optional_param_with_default": {
                "type": "string",
                "optional": true,
                "default": "optional_param_with_default"
              }
            },
            "outputs": {},
            "type": "command",
            "_source": "YAML.COMPONENT"
          }
        }
      },
      "StatusCode": 201,
      "ResponseHeaders": {
        "Cache-Control": "no-cache",
        "Content-Length": "2950",
        "Content-Type": "application/json; charset=utf-8",
        "Date": "Fri, 23 Sep 2022 16:22:56 GMT",
        "Expires": "-1",
        "Location": "https://management.azure.com/subscriptions/00000000-0000-0000-0000-000000000/resourceGroups/00000/providers/Microsoft.MachineLearningServices/workspaces/00000/components/azureml_anonymous/versions/000000000000000000000?api-version=2022-05-01",
        "Pragma": "no-cache",
        "Request-Context": "appId=cid-v1:2d2e8e63-272e-4b3c-8598-4ee570a0e70d",
        "Server-Timing": "traceparent;desc=\u002200-e397289b20dd6990a698f6ba010386c5-4eaff0231591b14a-01\u0022",
        "Strict-Transport-Security": "max-age=31536000; includeSubDomains",
        "x-aml-cluster": "vienna-eastus2-02",
        "X-Content-Type-Options": "nosniff",
        "x-ms-correlation-request-id": "4738f2bb-d9b3-4488-b3d9-1b1a3c8aea60",
        "x-ms-ratelimit-remaining-subscription-writes": "1136",
        "x-ms-response-type": "standard",
        "x-ms-routing-request-id": "KOREACENTRAL:20220923T162256Z:4738f2bb-d9b3-4488-b3d9-1b1a3c8aea60",
        "x-request-time": "0.447"
      },
      "ResponseBody": {
        "id": "/subscriptions/00000000-0000-0000-0000-000000000/resourceGroups/00000/providers/Microsoft.MachineLearningServices/workspaces/00000/components/azureml_anonymous/versions/00ea3a38-ff46-4b2f-91a1-8c70a425d2f5",
        "name": "00ea3a38-ff46-4b2f-91a1-8c70a425d2f5",
        "type": "Microsoft.MachineLearningServices/workspaces/components/versions",
        "properties": {
          "description": null,
          "tags": {
            "tag": "tagvalue",
            "owner": "sdkteam"
          },
          "properties": {},
          "isArchived": false,
          "isAnonymous": true,
          "componentSpec": {
            "name": "azureml_anonymous",
            "version": "00ea3a38-ff46-4b2f-91a1-8c70a425d2f5",
            "display_name": "Component with default and optional parameters",
            "is_deterministic": "True",
            "type": "command",
            "description": "Component with default and optional parameters",
            "tags": {
              "tag": "tagvalue",
              "owner": "sdkteam"
            },
            "inputs": {
              "required_input": {
                "type": "uri_folder",
                "optional": "False"
              },
              "optional_input": {
                "type": "uri_folder",
                "optional": "True"
              },
              "required_param": {
                "type": "string",
                "optional": "False"
              },
              "required_param_with_default": {
                "type": "string",
                "optional": "False",
                "default": "required_param_with_default"
              },
              "optional_param": {
                "type": "string",
                "optional": "True"
              },
              "optional_param_with_default": {
                "type": "string",
                "optional": "True",
                "default": "optional_param_with_default"
              }
            },
            "code": "azureml:/subscriptions/00000000-0000-0000-0000-000000000/resourceGroups/00000/providers/Microsoft.MachineLearningServices/workspaces/00000/codes/20a552d5-eb53-46d2-ab75-a24c4e5ee7f2/versions/1",
            "environment": "azureml:/subscriptions/00000000-0000-0000-0000-000000000/resourceGroups/00000/providers/Microsoft.MachineLearningServices/workspaces/00000/environments/AzureML-sklearn-0.24-ubuntu18.04-py37-cpu/versions/1",
            "resources": {
              "instance_count": "1"
            },
            "command": "echo Hello World \u0026 echo required_param ${{inputs.required_param}} \u0026 echo required_param_with_default ${{inputs.required_param_with_default}} \u0026 $[[echo optional_param ${{inputs.optional_param}} \u0026]] $[[echo optional_param_with_default ${{inputs.optional_param_with_default}} \u0026]] echo required_input ${{inputs.required_input}} \u0026 $[[echo optional_input ${{inputs.optional_input}} \u0026]]",
            "$schema": "https://azuremlschemas.azureedge.net/development/commandComponent.schema.json"
          }
        },
        "systemData": {
          "createdAt": "2022-09-23T16:21:49.5868048\u002B00:00",
          "createdBy": "Zhengfei Wang",
          "createdByType": "User",
          "lastModifiedAt": "2022-09-23T16:21:49.7502091\u002B00:00",
          "lastModifiedBy": "Zhengfei Wang",
          "lastModifiedByType": "User"
        }
      }
    },
    {
      "RequestUri": "https://management.azure.com/subscriptions/00000000-0000-0000-0000-000000000/resourceGroups/00000/providers/Microsoft.MachineLearningServices/workspaces/00000/components/valid_pipeline_func?api-version=2022-05-01",
      "RequestMethod": "GET",
      "RequestHeaders": {
        "Accept": "application/json",
        "Accept-Encoding": "gzip, deflate",
        "Connection": "keep-alive",
        "User-Agent": "azure-ai-ml/0.0.139 azsdk-python-mgmt-machinelearningservices/0.1.0 Python/3.9.13 (Windows-10-10.0.22622-SP0)"
      },
      "RequestBody": null,
      "StatusCode": 404,
      "ResponseHeaders": {
        "Cache-Control": "no-cache",
        "Content-Length": "1071",
        "Content-Type": "application/json; charset=utf-8",
        "Date": "Fri, 23 Sep 2022 16:22:57 GMT",
        "Expires": "-1",
        "Pragma": "no-cache",
        "Request-Context": "appId=cid-v1:2d2e8e63-272e-4b3c-8598-4ee570a0e70d",
        "Strict-Transport-Security": "max-age=31536000; includeSubDomains",
        "Vary": "Accept-Encoding",
        "x-aml-cluster": "vienna-eastus2-02",
        "X-Content-Type-Options": "nosniff",
        "x-ms-correlation-request-id": "5f7195ad-36b2-47b7-87a6-abfef57b3f64",
        "x-ms-ratelimit-remaining-subscription-reads": "11961",
        "x-ms-response-type": "error",
        "x-ms-routing-request-id": "KOREACENTRAL:20220923T162257Z:5f7195ad-36b2-47b7-87a6-abfef57b3f64",
        "x-request-time": "0.095"
      },
      "ResponseBody": {
        "error": {
          "code": "UserError",
          "message": "Not found component valid_pipeline_func.",
          "details": [],
          "additionalInfo": [
            {
              "type": "ComponentName",
              "info": {
                "value": "managementfrontend"
              }
            },
            {
              "type": "Correlation",
              "info": {
                "value": {
                  "operation": "c55246a87a8d560c00ca488b4071575b",
                  "request": "e98786ad31ae1e88"
                }
              }
            },
            {
              "type": "Environment",
              "info": {
                "value": "eastus2"
              }
            },
            {
              "type": "Location",
              "info": {
                "value": "eastus2"
              }
            },
            {
              "type": "Time",
              "info": {
                "value": "2022-09-23T16:22:57.8083032\u002B00:00"
              }
            },
            {
              "type": "InnerError",
              "info": {
                "value": {
                  "code": "NotFound",
                  "innerError": {
                    "code": "ComponentNotFound",
                    "innerError": null
                  }
                }
              }
            }
          ]
        }
      }
    },
    {
      "RequestUri": "https://management.azure.com/subscriptions/00000000-0000-0000-0000-000000000/resourceGroups/00000/providers/Microsoft.MachineLearningServices/workspaces/00000/components/valid_pipeline_func/versions/1?api-version=2022-05-01",
      "RequestMethod": "PUT",
      "RequestHeaders": {
        "Accept": "application/json",
        "Accept-Encoding": "gzip, deflate",
        "Connection": "keep-alive",
        "Content-Length": "1835",
        "Content-Type": "application/json",
        "User-Agent": "azure-ai-ml/0.0.139 azsdk-python-mgmt-machinelearningservices/0.1.0 Python/3.9.13 (Windows-10-10.0.22622-SP0)"
      },
      "RequestBody": {
        "properties": {
          "properties": {},
          "tags": {},
          "isAnonymous": false,
          "isArchived": false,
          "componentSpec": {
            "name": "valid_pipeline_func",
            "tags": {},
            "display_name": "valid_pipeline_func",
            "is_deterministic": true,
            "inputs": {
              "required_input": {
                "type": "uri_folder"
              },
              "required_param": {
                "type": "string"
              },
              "node_compute": {
                "type": "string",
                "default": "cpu-cluster"
              }
            },
            "outputs": {},
            "type": "pipeline",
            "jobs": {
              "node2_1": {
                "resources": null,
                "distribution": null,
                "limits": null,
                "environment_variables": {},
                "name": "node2_1",
                "type": "command",
                "display_name": null,
                "tags": {},
                "computeId": null,
                "inputs": {
                  "required_input": {
                    "job_input_type": "literal",
                    "value": "${{parent.inputs.required_input}}"
                  },
                  "required_param": {
                    "job_input_type": "literal",
                    "value": "${{parent.inputs.required_param}}"
                  }
                },
                "outputs": {},
                "properties": {},
                "_source": "YAML.COMPONENT",
                "componentId": "/subscriptions/00000000-0000-0000-0000-000000000/resourceGroups/00000/providers/Microsoft.MachineLearningServices/workspaces/00000/components/azureml_anonymous/versions/00ea3a38-ff46-4b2f-91a1-8c70a425d2f5"
              },
              "node2": {
                "resources": null,
                "distribution": null,
                "limits": null,
                "environment_variables": {},
                "name": "node2",
                "type": "command",
                "display_name": null,
                "tags": {},
                "computeId": "${{parent.inputs.node_compute}}",
                "inputs": {
                  "required_input": {
                    "job_input_type": "literal",
                    "value": "${{parent.inputs.required_input}}"
                  },
                  "required_param": {
                    "job_input_type": "literal",
                    "value": "${{parent.inputs.required_param}}"
                  }
                },
                "outputs": {},
                "properties": {},
                "_source": "YAML.COMPONENT",
                "componentId": "/subscriptions/00000000-0000-0000-0000-000000000/resourceGroups/00000/providers/Microsoft.MachineLearningServices/workspaces/00000/components/azureml_anonymous/versions/00ea3a38-ff46-4b2f-91a1-8c70a425d2f5"
              }
            },
            "_source": "DSL",
            "sourceJobId": null
          }
        }
      },
      "StatusCode": 201,
      "ResponseHeaders": {
        "Cache-Control": "no-cache",
        "Content-Length": "1322",
        "Content-Type": "application/json; charset=utf-8",
        "Date": "Fri, 23 Sep 2022 16:22:58 GMT",
        "Expires": "-1",
        "Location": "https://management.azure.com/subscriptions/00000000-0000-0000-0000-000000000/resourceGroups/00000/providers/Microsoft.MachineLearningServices/workspaces/00000/components/valid_pipeline_func/versions/1?api-version=2022-05-01",
        "Pragma": "no-cache",
        "Request-Context": "appId=cid-v1:2d2e8e63-272e-4b3c-8598-4ee570a0e70d",
        "Server-Timing": "traceparent;desc=\u002200-414376f038b1b30f2d24508c3955fd6b-511b70df40b490ba-01\u0022",
        "Strict-Transport-Security": "max-age=31536000; includeSubDomains",
        "x-aml-cluster": "vienna-eastus2-02",
        "X-Content-Type-Options": "nosniff",
        "x-ms-correlation-request-id": "d3b2a6a8-a4b1-4821-9185-c14cd4bd3736",
        "x-ms-ratelimit-remaining-subscription-writes": "1135",
        "x-ms-response-type": "standard",
        "x-ms-routing-request-id": "KOREACENTRAL:20220923T162259Z:d3b2a6a8-a4b1-4821-9185-c14cd4bd3736",
        "x-request-time": "0.957"
      },
      "ResponseBody": {
        "id": "/subscriptions/00000000-0000-0000-0000-000000000/resourceGroups/00000/providers/Microsoft.MachineLearningServices/workspaces/00000/components/valid_pipeline_func/versions/1",
        "name": "1",
        "type": "Microsoft.MachineLearningServices/workspaces/components/versions",
        "properties": {
          "description": null,
          "tags": {},
          "properties": {},
          "isArchived": false,
          "isAnonymous": false,
          "componentSpec": {
            "name": "valid_pipeline_func",
            "version": "1",
            "display_name": "valid_pipeline_func",
            "is_deterministic": "True",
            "type": "pipeline",
            "inputs": {
              "required_input": {
                "type": "uri_folder",
                "optional": "False"
              },
              "required_param": {
                "type": "string",
                "optional": "False"
              },
              "node_compute": {
                "type": "string",
                "optional": "False",
                "default": "cpu-cluster"
              }
            },
            "$schema": "https://componentsdk.azureedge.net/jsonschema/CommandComponent.json"
          }
        },
        "systemData": {
          "createdAt": "2022-09-23T16:22:58.9491009\u002B00:00",
          "createdBy": "Zhengfei Wang",
          "createdByType": "User",
          "lastModifiedAt": "2022-09-23T16:22:59.1417226\u002B00:00",
          "lastModifiedBy": "Zhengfei Wang",
          "lastModifiedByType": "User"
        }
      }
    }
  ],
  "Variables": {}
}
