{
  "Entries": [
    {
      "RequestUri": "https://management.azure.com/subscriptions/00000000-0000-0000-0000-000000000/resourceGroups/00000/providers/Microsoft.MachineLearningServices/workspaces/00000/computes/cpu-cluster?api-version=2022-10-01-preview",
      "RequestMethod": "GET",
      "RequestHeaders": {
        "Accept": "application/json",
        "Accept-Encoding": "gzip, deflate",
        "Connection": "keep-alive",
        "User-Agent": "azure-ai-ml/1.7.0 azsdk-python-mgmt-machinelearningservices/0.1.0 Python/3.10.2 (Windows-10-10.0.22621-SP0)"
      },
      "RequestBody": null,
      "StatusCode": 200,
      "ResponseHeaders": {
        "Cache-Control": "no-cache",
        "Content-Encoding": "gzip",
        "Content-Type": "application/json; charset=utf-8",
        "Date": "Fri, 28 Apr 2023 00:20:56 GMT",
        "Expires": "-1",
        "Pragma": "no-cache",
        "Request-Context": "appId=cid-v1:2d2e8e63-272e-4b3c-8598-4ee570a0e70d",
        "Server-Timing": "traceparent;desc=\u002200-69be4454c90315e3a31bf665d1dab350-3f1f745baa4c90a8-01\u0022",
        "Strict-Transport-Security": "max-age=31536000; includeSubDomains",
        "Transfer-Encoding": "chunked",
        "Vary": [
          "Accept-Encoding",
          "Accept-Encoding"
        ],
        "x-aml-cluster": "vienna-westus-02",
        "X-Content-Type-Options": "nosniff",
        "x-ms-correlation-request-id": "d8e476b8-5cb4-4afa-8ab6-e2f6a5b60334",
        "x-ms-ratelimit-remaining-subscription-reads": "11960",
        "x-ms-response-type": "standard",
        "x-ms-routing-request-id": "WESTCENTRALUS:20230428T002056Z:d8e476b8-5cb4-4afa-8ab6-e2f6a5b60334",
        "x-request-time": "0.045"
      },
      "ResponseBody": {
        "id": "/subscriptions/00000000-0000-0000-0000-000000000/resourceGroups/00000/providers/Microsoft.MachineLearningServices/workspaces/00000/computes/cpu-cluster",
        "name": "cpu-cluster",
        "type": "Microsoft.MachineLearningServices/workspaces/computes",
        "location": "westus",
        "tags": {},
        "properties": {
          "createdOn": "2023-04-27T23:26:47.8371838\u002B00:00",
          "modifiedOn": "2023-04-27T23:26:54.5512751\u002B00:00",
          "disableLocalAuth": false,
          "description": null,
          "resourceId": null,
          "computeType": "AmlCompute",
          "computeLocation": "westus",
          "provisioningState": "Succeeded",
          "provisioningErrors": null,
          "isAttachedCompute": false,
          "properties": {
            "vmSize": "STANDARD_DS2_V2",
            "vmPriority": "Dedicated",
            "scaleSettings": {
              "maxNodeCount": 4,
              "minNodeCount": 0,
              "nodeIdleTimeBeforeScaleDown": "PT2M"
            },
            "subnet": null,
            "currentNodeCount": 4,
            "targetNodeCount": 4,
            "nodeStateCounts": {
              "preparingNodeCount": 0,
              "runningNodeCount": 4,
              "idleNodeCount": 0,
              "unusableNodeCount": 0,
              "leavingNodeCount": 0,
              "preemptedNodeCount": 0
            },
            "allocationState": "Steady",
            "allocationStateTransitionTime": "2023-04-28T00:17:06.371\u002B00:00",
            "errors": null,
            "remoteLoginPortPublicAccess": "Enabled",
            "osType": "Linux",
            "virtualMachineImage": null,
            "isolatedNetwork": false,
            "enableBatchPrivateLink": false,
            "propertyBag": {}
          }
        }
      }
    },
    {
      "RequestUri": "https://management.azure.com/subscriptions/00000000-0000-0000-0000-000000000/resourceGroups/00000/providers/Microsoft.MachineLearningServices/workspaces/00000/codes/000000000000000000000/versions?api-version=2023-04-01\u0026hash=2735546483b0329614357785c9ce58e15d3c43b1401bacc7e587e6526ff79af5\u0026hashVersion=202208",
      "RequestMethod": "GET",
      "RequestHeaders": {
        "Accept": "application/json",
        "Accept-Encoding": "gzip, deflate",
        "Connection": "keep-alive",
        "User-Agent": "azure-ai-ml/1.7.0 azsdk-python-mgmt-machinelearningservices/0.1.0 Python/3.10.2 (Windows-10-10.0.22621-SP0)"
      },
      "RequestBody": null,
      "StatusCode": 200,
      "ResponseHeaders": {
        "Cache-Control": "no-cache",
        "Content-Encoding": "gzip",
        "Content-Type": "application/json; charset=utf-8",
        "Date": "Fri, 28 Apr 2023 00:20:57 GMT",
        "Expires": "-1",
        "Pragma": "no-cache",
        "Request-Context": "appId=cid-v1:2d2e8e63-272e-4b3c-8598-4ee570a0e70d",
        "Server-Timing": "traceparent;desc=\u002200-189ff6656903de30c2a771663f53c35e-8a47e24ed8bd169e-01\u0022",
        "Strict-Transport-Security": "max-age=31536000; includeSubDomains",
        "Transfer-Encoding": "chunked",
        "Vary": [
          "Accept-Encoding",
          "Accept-Encoding"
        ],
        "x-aml-cluster": "vienna-westus-01",
        "X-Content-Type-Options": "nosniff",
        "x-ms-correlation-request-id": "92968546-a7f1-44d5-9a7d-ad6baf1263d8",
        "x-ms-ratelimit-remaining-subscription-reads": "11959",
        "x-ms-response-type": "standard",
        "x-ms-routing-request-id": "WESTCENTRALUS:20230428T002057Z:92968546-a7f1-44d5-9a7d-ad6baf1263d8",
        "x-request-time": "0.035"
      },
      "ResponseBody": {
        "value": [
          {
            "id": "/subscriptions/00000000-0000-0000-0000-000000000/resourceGroups/00000/providers/Microsoft.MachineLearningServices/workspaces/00000/codes/aa4b11fc-c62e-4320-ab76-e6b09eceee7a/versions/1",
            "name": "1",
            "type": "Microsoft.MachineLearningServices/workspaces/codes/versions",
            "properties": {
              "description": null,
              "tags": {},
              "properties": {
                "hash_sha256": "2735546483b0329614357785c9ce58e15d3c43b1401bacc7e587e6526ff79af5",
                "hash_version": "202208"
              },
              "isArchived": false,
              "isAnonymous": false,
              "codeUri": "https://sai5u33ielswnpy.blob.core.windows.net:443/c175bf40-4-f543d2fc-bf79-501a-a550-970842396b1b/train_src",
              "provisioningState": "Succeeded"
            },
            "systemData": {
              "createdAt": "2023-04-27T23:48:34.922843\u002B00:00",
              "createdBy": "Mayank Kumar",
              "createdByType": "User",
              "lastModifiedAt": "2023-04-27T23:48:34.922843\u002B00:00",
              "lastModifiedBy": "Mayank Kumar",
              "lastModifiedByType": "User"
            }
          }
        ]
      }
    },
    {
      "RequestUri": "https://management.azure.com/subscriptions/00000000-0000-0000-0000-000000000/resourceGroups/00000/providers/Microsoft.MachineLearningServices/workspaces/00000/codes/aa4b11fc-c62e-4320-ab76-e6b09eceee7a/versions/1?api-version=2023-04-01",
      "RequestMethod": "GET",
      "RequestHeaders": {
        "Accept": "application/json",
        "Accept-Encoding": "gzip, deflate",
        "Connection": "keep-alive",
        "User-Agent": "azure-ai-ml/1.7.0 azsdk-python-mgmt-machinelearningservices/0.1.0 Python/3.10.2 (Windows-10-10.0.22621-SP0)"
      },
      "RequestBody": null,
      "StatusCode": 200,
      "ResponseHeaders": {
        "Cache-Control": "no-cache",
        "Content-Encoding": "gzip",
        "Content-Type": "application/json; charset=utf-8",
        "Date": "Fri, 28 Apr 2023 00:20:57 GMT",
        "Expires": "-1",
        "Pragma": "no-cache",
        "Request-Context": "appId=cid-v1:2d2e8e63-272e-4b3c-8598-4ee570a0e70d",
        "Server-Timing": "traceparent;desc=\u002200-f2d2494a4a04ed8eaa738f4c1ff264b1-f1c2b852ca969fa7-01\u0022",
        "Strict-Transport-Security": "max-age=31536000; includeSubDomains",
        "Transfer-Encoding": "chunked",
        "Vary": [
          "Accept-Encoding",
          "Accept-Encoding"
        ],
        "x-aml-cluster": "vienna-westus-01",
        "X-Content-Type-Options": "nosniff",
        "x-ms-correlation-request-id": "7a03e175-8d32-4057-96b7-70572803b681",
        "x-ms-ratelimit-remaining-subscription-reads": "11958",
        "x-ms-response-type": "standard",
        "x-ms-routing-request-id": "WESTCENTRALUS:20230428T002057Z:7a03e175-8d32-4057-96b7-70572803b681",
        "x-request-time": "0.034"
      },
      "ResponseBody": {
        "id": "/subscriptions/00000000-0000-0000-0000-000000000/resourceGroups/00000/providers/Microsoft.MachineLearningServices/workspaces/00000/codes/aa4b11fc-c62e-4320-ab76-e6b09eceee7a/versions/1",
        "name": "1",
        "type": "Microsoft.MachineLearningServices/workspaces/codes/versions",
        "properties": {
          "description": null,
          "tags": {},
          "properties": {
            "hash_sha256": "0000000000000",
            "hash_version": "0000000000000"
          },
          "isArchived": false,
          "isAnonymous": false,
          "codeUri": "https://sai5u33ielswnpy.blob.core.windows.net:443/c175bf40-4-f543d2fc-bf79-501a-a550-970842396b1b/train_src",
          "provisioningState": "Succeeded"
        },
        "systemData": {
          "createdAt": "2023-04-27T23:48:34.922843\u002B00:00",
          "createdBy": "Mayank Kumar",
          "createdByType": "User",
          "lastModifiedAt": "2023-04-27T23:48:34.922843\u002B00:00",
          "lastModifiedBy": "Mayank Kumar",
          "lastModifiedByType": "User"
        }
      }
    },
    {
      "RequestUri": "https://management.azure.com/subscriptions/00000000-0000-0000-0000-000000000/resourceGroups/00000/providers/Microsoft.MachineLearningServices/workspaces/00000/components/azureml_anonymous/versions/a50c9cdf-3f38-dd7c-611b-f5ed2da3dfe9?api-version=2022-10-01",
      "RequestMethod": "PUT",
      "RequestHeaders": {
        "Accept": "application/json",
        "Accept-Encoding": "gzip, deflate",
        "Connection": "keep-alive",
        "Content-Length": "1248",
        "Content-Type": "application/json",
        "User-Agent": "azure-ai-ml/1.7.0 azsdk-python-mgmt-machinelearningservices/0.1.0 Python/3.10.2 (Windows-10-10.0.22621-SP0)"
      },
      "RequestBody": {
        "properties": {
          "description": "A dummy training component",
          "properties": {},
          "tags": {},
          "isAnonymous": true,
          "isArchived": false,
          "componentSpec": {
            "command": "python train.py --training_data ${{inputs.training_data}} $[[--max_epochs ${{inputs.max_epochs}}]] --learning_rate ${{inputs.learning_rate}} --learning_rate_schedule ${{inputs.learning_rate_schedule}} --model_output ${{outputs.model_output}}",
            "code": "azureml:/subscriptions/00000000-0000-0000-0000-000000000/resourceGroups/00000/providers/Microsoft.MachineLearningServices/workspaces/00000/codes/aa4b11fc-c62e-4320-ab76-e6b09eceee7a/versions/1",
            "environment": "azureml:AzureML-sklearn-1.0-ubuntu20.04-py38-cpu:33",
            "name": "train_model",
            "description": "A dummy training component",
            "version": "0.0.1",
            "$schema": "https://azuremlschemas.azureedge.net/latest/commandComponent.schema.json",
            "display_name": "Train Model",
            "is_deterministic": true,
            "inputs": {
              "training_data": {
                "type": "uri_folder"
              },
              "max_epochs": {
                "type": "integer",
                "optional": true
              },
              "learning_rate": {
                "type": "number",
                "default": "0.01"
              },
              "learning_rate_schedule": {
                "type": "string",
                "default": "time-based"
              }
            },
            "outputs": {
              "model_output": {
                "type": "uri_folder"
              }
            },
            "type": "command",
            "_source": "YAML.COMPONENT"
          }
        }
      },
      "StatusCode": 201,
      "ResponseHeaders": {
        "Cache-Control": "no-cache",
        "Content-Length": "2305",
        "Content-Type": "application/json; charset=utf-8",
        "Date": "Fri, 28 Apr 2023 00:20:59 GMT",
        "Expires": "-1",
        "Location": "https://management.azure.com/subscriptions/00000000-0000-0000-0000-000000000/resourceGroups/00000/providers/Microsoft.MachineLearningServices/workspaces/00000/components/azureml_anonymous/versions/a50c9cdf-3f38-dd7c-611b-f5ed2da3dfe9?api-version=2022-10-01",
        "Pragma": "no-cache",
        "Request-Context": "appId=cid-v1:2d2e8e63-272e-4b3c-8598-4ee570a0e70d",
        "Server-Timing": "traceparent;desc=\u002200-cbb149df46096797c1a40b7393b56a68-3055f08d84d310be-01\u0022",
        "Strict-Transport-Security": "max-age=31536000; includeSubDomains",
        "x-aml-cluster": "vienna-westus-01",
        "X-Content-Type-Options": "nosniff",
        "x-ms-correlation-request-id": "29858b2f-39cb-4306-b967-bf5a08cc7da0",
        "x-ms-ratelimit-remaining-subscription-writes": "1148",
        "x-ms-response-type": "standard",
        "x-ms-routing-request-id": "WESTCENTRALUS:20230428T002059Z:29858b2f-39cb-4306-b967-bf5a08cc7da0",
        "x-request-time": "0.452"
      },
      "ResponseBody": {
        "id": "/subscriptions/00000000-0000-0000-0000-000000000/resourceGroups/00000/providers/Microsoft.MachineLearningServices/workspaces/00000/components/azureml_anonymous/versions/aea89a84-46a4-4e86-87de-1e1702abd354",
        "name": "aea89a84-46a4-4e86-87de-1e1702abd354",
        "type": "Microsoft.MachineLearningServices/workspaces/components/versions",
        "properties": {
          "description": null,
          "tags": {},
          "properties": {},
          "isArchived": false,
          "isAnonymous": true,
          "componentSpec": {
            "$schema": "https://azuremlschemas.azureedge.net/latest/commandComponent.schema.json",
            "name": "train_model",
            "version": "0.0.1",
            "display_name": "Train Model",
            "is_deterministic": "True",
            "type": "command",
            "description": "A dummy training component",
            "inputs": {
              "training_data": {
                "type": "uri_folder",
                "optional": "False"
              },
              "max_epochs": {
                "type": "integer",
                "optional": "True"
              },
              "learning_rate": {
                "type": "number",
                "optional": "False",
                "default": "0.01"
              },
              "learning_rate_schedule": {
                "type": "string",
                "optional": "False",
                "default": "time-based"
              }
            },
            "outputs": {
              "model_output": {
                "type": "uri_folder"
              }
            },
            "code": "azureml:/subscriptions/00000000-0000-0000-0000-000000000/resourceGroups/00000/providers/Microsoft.MachineLearningServices/workspaces/00000/codes/aa4b11fc-c62e-4320-ab76-e6b09eceee7a/versions/1",
            "environment": "azureml://registries/azureml/environments/AzureML-sklearn-1.0-ubuntu20.04-py38-cpu/versions/33",
            "resources": {
              "instance_count": "1"
            },
            "command": "python train.py --training_data ${{inputs.training_data}} $[[--max_epochs ${{inputs.max_epochs}}]] --learning_rate ${{inputs.learning_rate}} --learning_rate_schedule ${{inputs.learning_rate_schedule}} --model_output ${{outputs.model_output}}"
          }
        },
        "systemData": {
          "createdAt": "2023-04-27T23:48:36.5172678\u002B00:00",
          "createdBy": "Mayank Kumar",
          "createdByType": "User",
          "lastModifiedAt": "2023-04-27T23:48:36.5598816\u002B00:00",
          "lastModifiedBy": "Mayank Kumar",
          "lastModifiedByType": "User"
        }
      }
    },
    {
      "RequestUri": "https://management.azure.com/subscriptions/00000000-0000-0000-0000-000000000/resourceGroups/00000/providers/Microsoft.MachineLearningServices/workspaces/00000/datastores/workspaceblobstore?api-version=2022-10-01",
      "RequestMethod": "GET",
      "RequestHeaders": {
        "Accept": "application/json",
        "Accept-Encoding": "gzip, deflate",
        "Connection": "keep-alive",
        "User-Agent": "azure-ai-ml/1.7.0 azsdk-python-mgmt-machinelearningservices/0.1.0 Python/3.10.2 (Windows-10-10.0.22621-SP0)"
      },
      "RequestBody": null,
      "StatusCode": 200,
      "ResponseHeaders": {
        "Cache-Control": "no-cache",
        "Content-Encoding": "gzip",
        "Content-Type": "application/json; charset=utf-8",
        "Date": "Fri, 28 Apr 2023 00:20:59 GMT",
        "Expires": "-1",
        "Pragma": "no-cache",
        "Request-Context": "appId=cid-v1:2d2e8e63-272e-4b3c-8598-4ee570a0e70d",
        "Server-Timing": "traceparent;desc=\u002200-db7473995ef179c2fab4f606c855651d-43e9989e99cf7f29-01\u0022",
        "Strict-Transport-Security": "max-age=31536000; includeSubDomains",
        "Transfer-Encoding": "chunked",
        "Vary": [
          "Accept-Encoding",
          "Accept-Encoding"
        ],
        "x-aml-cluster": "vienna-westus-01",
        "X-Content-Type-Options": "nosniff",
        "x-ms-correlation-request-id": "6bcfb892-a6ab-4000-baba-22de5e43b14b",
        "x-ms-ratelimit-remaining-subscription-reads": "11957",
        "x-ms-response-type": "standard",
        "x-ms-routing-request-id": "WESTCENTRALUS:20230428T002100Z:6bcfb892-a6ab-4000-baba-22de5e43b14b",
        "x-request-time": "0.086"
      },
      "ResponseBody": {
        "id": "/subscriptions/00000000-0000-0000-0000-000000000/resourceGroups/00000/providers/Microsoft.MachineLearningServices/workspaces/00000/datastores/workspaceblobstore",
        "name": "workspaceblobstore",
        "type": "Microsoft.MachineLearningServices/workspaces/datastores",
        "properties": {
          "description": null,
          "tags": null,
          "properties": null,
          "isDefault": true,
          "credentials": {
            "credentialsType": "AccountKey"
          },
          "datastoreType": "AzureBlob",
          "accountName": "sai5u33ielswnpy",
          "containerName": "azureml-blobstore-c175bf40-45b6-4a45-ad07-cd676627a78e",
          "endpoint": "core.windows.net",
          "protocol": "https",
          "serviceDataAccessAuthIdentity": "WorkspaceSystemAssignedIdentity"
        },
        "systemData": {
          "createdAt": "2023-04-27T23:26:39.3078564\u002B00:00",
          "createdBy": "779301c0-18b2-4cdc-801b-a0a3368fee0a",
          "createdByType": "Application",
          "lastModifiedAt": "2023-04-27T23:26:39.9898306\u002B00:00",
          "lastModifiedBy": "779301c0-18b2-4cdc-801b-a0a3368fee0a",
          "lastModifiedByType": "Application"
        }
      }
    },
    {
      "RequestUri": "https://management.azure.com/subscriptions/00000000-0000-0000-0000-000000000/resourceGroups/00000/providers/Microsoft.MachineLearningServices/workspaces/00000/datastores/workspaceblobstore/listSecrets?api-version=2022-10-01",
      "RequestMethod": "POST",
      "RequestHeaders": {
        "Accept": "application/json",
        "Accept-Encoding": "gzip, deflate",
        "Connection": "keep-alive",
        "Content-Length": "0",
        "User-Agent": "azure-ai-ml/1.7.0 azsdk-python-mgmt-machinelearningservices/0.1.0 Python/3.10.2 (Windows-10-10.0.22621-SP0)"
      },
      "RequestBody": null,
      "StatusCode": 200,
      "ResponseHeaders": {
        "Cache-Control": "no-cache",
        "Content-Encoding": "gzip",
        "Content-Type": "application/json; charset=utf-8",
        "Date": "Fri, 28 Apr 2023 00:21:00 GMT",
        "Expires": "-1",
        "Pragma": "no-cache",
        "Request-Context": "appId=cid-v1:2d2e8e63-272e-4b3c-8598-4ee570a0e70d",
        "Server-Timing": "traceparent;desc=\u002200-a3688c022befe652b65a2a3ce52629fd-77d268aea534b042-01\u0022",
        "Strict-Transport-Security": "max-age=31536000; includeSubDomains",
        "Transfer-Encoding": "chunked",
        "Vary": "Accept-Encoding",
        "x-aml-cluster": "vienna-westus-01",
        "X-Content-Type-Options": "nosniff",
        "x-ms-correlation-request-id": "a5bc8248-f028-466e-81ad-43b68ca7a29b",
        "x-ms-ratelimit-remaining-subscription-writes": "1193",
        "x-ms-response-type": "standard",
        "x-ms-routing-request-id": "WESTCENTRALUS:20230428T002100Z:a5bc8248-f028-466e-81ad-43b68ca7a29b",
        "x-request-time": "0.094"
      },
      "ResponseBody": {
        "secretsType": "AccountKey",
        "key": "dGhpcyBpcyBmYWtlIGtleQ=="
      }
    },
    {
      "RequestUri": "https://sai5u33ielswnpy.blob.core.windows.net/azureml-blobstore-c175bf40-45b6-4a45-ad07-cd676627a78e/LocalUpload/00000000000000000000000000000000/data/sample1.csv",
      "RequestMethod": "HEAD",
      "RequestHeaders": {
        "Accept": "application/xml",
        "Accept-Encoding": "gzip, deflate",
        "Connection": "keep-alive",
        "User-Agent": "azsdk-python-storage-blob/12.14.1 Python/3.10.2 (Windows-10-10.0.22621-SP0)",
        "x-ms-date": "Fri, 28 Apr 2023 00:21:00 GMT",
        "x-ms-version": "2021-08-06"
      },
      "RequestBody": null,
      "StatusCode": 200,
      "ResponseHeaders": {
        "Accept-Ranges": "bytes",
        "Content-Length": "499",
        "Content-MD5": "kD7N5\u002BygjTfbYTFhyEo7RA==",
        "Content-Type": "application/octet-stream",
        "Date": "Fri, 28 Apr 2023 00:20:59 GMT",
        "ETag": "\u00220x8DB4779EB9BB864\u0022",
        "Last-Modified": "Thu, 27 Apr 2023 23:48:37 GMT",
        "Server": [
          "Windows-Azure-Blob/1.0",
          "Microsoft-HTTPAPI/2.0"
        ],
        "Vary": "Origin",
        "x-ms-access-tier": "Hot",
        "x-ms-access-tier-inferred": "true",
        "x-ms-blob-type": "BlockBlob",
        "x-ms-creation-time": "Thu, 27 Apr 2023 23:48:37 GMT",
        "x-ms-lease-state": "available",
        "x-ms-lease-status": "unlocked",
        "x-ms-meta-name": "9259dce3-4555-4355-819b-a3a8d669f130",
        "x-ms-meta-upload_status": "completed",
        "x-ms-meta-version": "b3bf0bfd-0bd9-4c03-807f-2fa91fb82518",
        "x-ms-server-encrypted": "true",
        "x-ms-version": "2021-08-06"
      },
      "ResponseBody": null
    },
    {
      "RequestUri": "https://sai5u33ielswnpy.blob.core.windows.net/azureml-blobstore-c175bf40-45b6-4a45-ad07-cd676627a78e/az-ml-artifacts/00000000000000000000000000000000/data/sample1.csv",
      "RequestMethod": "HEAD",
      "RequestHeaders": {
        "Accept": "application/xml",
        "Accept-Encoding": "gzip, deflate",
        "Connection": "keep-alive",
        "User-Agent": "azsdk-python-storage-blob/12.14.1 Python/3.10.2 (Windows-10-10.0.22621-SP0)",
        "x-ms-date": "Fri, 28 Apr 2023 00:21:00 GMT",
        "x-ms-version": "2021-08-06"
      },
      "RequestBody": null,
      "StatusCode": 404,
      "ResponseHeaders": {
        "Date": "Fri, 28 Apr 2023 00:20:59 GMT",
        "Server": [
          "Windows-Azure-Blob/1.0",
          "Microsoft-HTTPAPI/2.0"
        ],
        "Transfer-Encoding": "chunked",
        "Vary": "Origin",
        "x-ms-error-code": "BlobNotFound",
        "x-ms-version": "2021-08-06"
      },
      "ResponseBody": null
    },
    {
      "RequestUri": "https://management.azure.com/subscriptions/00000000-0000-0000-0000-000000000/resourceGroups/00000/providers/Microsoft.MachineLearningServices/workspaces/00000/jobs/000000000000000000000?api-version=2023-04-01-preview",
      "RequestMethod": "PUT",
      "RequestHeaders": {
        "Accept": "application/json",
        "Accept-Encoding": "gzip, deflate",
        "Connection": "keep-alive",
        "Content-Length": "1736",
        "Content-Type": "application/json",
        "User-Agent": "azure-ai-ml/1.7.0 azsdk-python-mgmt-machinelearningservices/1.0.0b1 Python/3.10.2 (Windows-10-10.0.22621-SP0)"
      },
      "RequestBody": {
        "properties": {
          "description": "E2E dummy pipeline with components defined via yaml.",
          "properties": {},
          "tags": {},
          "computeId": "/subscriptions/00000000-0000-0000-0000-000000000/resourceGroups/00000/providers/Microsoft.MachineLearningServices/workspaces/00000/computes/cpu-cluster",
          "displayName": "e2e_local_components",
          "experimentName": "azure-ai-ml",
          "isArchived": false,
          "jobType": "Pipeline",
          "inputs": {
            "training_input": {
              "jobInputType": "uri_folder",
              "uri": "azureml://datastores/workspaceblobstore/paths/LocalUpload/00000000000000000000000000000000/data/"
            },
            "training_max_epochs": {
              "jobInputType": "literal",
              "value": "20"
            },
            "training_learning_rate": {
              "jobInputType": "literal",
              "value": "1.8"
            },
            "learning_rate_schedule": {
              "jobInputType": "literal",
              "value": "time-based"
            }
          },
          "jobs": {
            "train_with_sample_data": {
              "name": "train_with_sample_data",
              "type": "command",
              "inputs": {
                "training_data": {
                  "job_input_type": "literal",
                  "value": "${{parent.inputs.training_input}}"
                },
                "max_epochs": {
                  "job_input_type": "literal",
                  "value": "${{parent.inputs.training_max_epochs}}"
                },
                "learning_rate": {
                  "job_input_type": "literal",
                  "value": "${{parent.inputs.training_learning_rate}}"
                },
                "learning_rate_schedule": {
                  "job_input_type": "literal",
                  "value": "${{parent.inputs.learning_rate_schedule}}"
                }
              },
              "outputs": {
                "model_output": {
                  "value": "${{parent.outputs.trained_model}}",
                  "type": "literal"
                }
              },
              "_source": "YAML.COMPONENT",
              "componentId": "/subscriptions/00000000-0000-0000-0000-000000000/resourceGroups/00000/providers/Microsoft.MachineLearningServices/workspaces/00000/components/azureml_anonymous/versions/aea89a84-46a4-4e86-87de-1e1702abd354"
            }
          },
          "outputs": {
            "trained_model": {
              "jobOutputType": "uri_folder"
            }
          },
          "settings": {
            "_source": "DSL"
          }
        }
      },
      "StatusCode": 201,
      "ResponseHeaders": {
        "Cache-Control": "no-cache",
        "Content-Length": "3940",
        "Content-Type": "application/json; charset=utf-8",
        "Date": "Fri, 28 Apr 2023 00:21:01 GMT",
        "Expires": "-1",
        "Location": "https://management.azure.com/subscriptions/00000000-0000-0000-0000-000000000/resourceGroups/00000/providers/Microsoft.MachineLearningServices/workspaces/00000/jobs/000000000000000000000?api-version=2023-04-01-preview",
        "Pragma": "no-cache",
        "Request-Context": "appId=cid-v1:2d2e8e63-272e-4b3c-8598-4ee570a0e70d",
        "Server-Timing": "traceparent;desc=\u002200-da56f85f5bd62e3a1de2c9c091c0fb7f-da03eec267a5b9cf-01\u0022",
        "Strict-Transport-Security": "max-age=31536000; includeSubDomains",
        "x-aml-cluster": "vienna-westus-01",
        "X-Content-Type-Options": "nosniff",
        "x-ms-correlation-request-id": "d0ba7fc7-7763-4194-84f0-c9b8de9c3466",
        "x-ms-ratelimit-remaining-subscription-writes": "1147",
        "x-ms-response-type": "standard",
        "x-ms-routing-request-id": "WESTCENTRALUS:20230428T002102Z:d0ba7fc7-7763-4194-84f0-c9b8de9c3466",
        "x-request-time": "0.268"
      },
      "ResponseBody": {
        "id": "/subscriptions/00000000-0000-0000-0000-000000000/resourceGroups/00000/providers/Microsoft.MachineLearningServices/workspaces/00000/jobs/000000000000000000000",
        "name": "000000000000000000000",
        "type": "Microsoft.MachineLearningServices/workspaces/jobs",
        "properties": {
          "description": "E2E dummy pipeline with components defined via yaml.",
          "tags": {},
          "properties": {},
          "displayName": "e2e_local_components",
          "status": "NotStarted",
          "experimentName": "azure-ai-ml",
          "services": {
            "Tracking": {
              "jobServiceType": "Tracking",
              "port": null,
              "endpoint": "azureml://westus.api.azureml.ms/mlflow/v1.0/subscriptions/00000000-0000-0000-0000-000000000/resourceGroups/00000/providers/Microsoft.MachineLearningServices/workspaces/00000?",
              "status": null,
              "errorMessage": null,
              "properties": null,
              "nodes": null
            },
            "Studio": {
              "jobServiceType": "Studio",
              "port": null,
              "endpoint": "https://ml.azure.com/runs/000000000000000000000?wsid=/subscriptions/00000000-0000-0000-0000-000000000/resourcegroups/00000/workspaces/00000",
              "status": null,
              "errorMessage": null,
              "properties": null,
              "nodes": null
            }
          },
          "computeId": "/subscriptions/00000000-0000-0000-0000-000000000/resourceGroups/00000/providers/Microsoft.MachineLearningServices/workspaces/00000/computes/cpu-cluster",
          "isArchived": false,
          "identity": null,
          "componentId": null,
          "notificationSetting": null,
          "secretsConfiguration": null,
          "jobType": "Pipeline",
          "settings": {
            "_source": "DSL"
          },
          "jobs": {
            "train_with_sample_data": {
              "name": "train_with_sample_data",
              "type": "command",
              "inputs": {
                "training_data": {
                  "job_input_type": "literal",
                  "value": "${{parent.inputs.training_input}}"
                },
                "max_epochs": {
                  "job_input_type": "literal",
                  "value": "${{parent.inputs.training_max_epochs}}"
                },
                "learning_rate": {
                  "job_input_type": "literal",
                  "value": "${{parent.inputs.training_learning_rate}}"
                },
                "learning_rate_schedule": {
                  "job_input_type": "literal",
                  "value": "${{parent.inputs.learning_rate_schedule}}"
                }
              },
              "outputs": {
                "model_output": {
                  "value": "${{parent.outputs.trained_model}}",
                  "type": "literal"
                }
              },
              "_source": "YAML.COMPONENT",
              "componentId": "/subscriptions/00000000-0000-0000-0000-000000000/resourceGroups/00000/providers/Microsoft.MachineLearningServices/workspaces/00000/components/azureml_anonymous/versions/aea89a84-46a4-4e86-87de-1e1702abd354"
            }
          },
          "inputs": {
            "training_input": {
              "description": null,
              "uri": "azureml://datastores/workspaceblobstore/paths/LocalUpload/00000000000000000000000000000000/data/",
              "mode": "ReadOnlyMount",
              "jobInputType": "uri_folder"
            },
            "training_max_epochs": {
              "description": null,
              "jobInputType": "literal",
              "value": "20"
            },
            "training_learning_rate": {
              "description": null,
              "jobInputType": "literal",
              "value": "1.8"
            },
            "learning_rate_schedule": {
              "description": null,
              "jobInputType": "literal",
              "value": "time-based"
            }
          },
          "outputs": {
            "trained_model": {
              "description": null,
              "uri": null,
              "assetName": null,
              "assetVersion": null,
              "mode": "ReadWriteMount",
              "autoDeleteSetting": null,
              "jobOutputType": "uri_folder"
            }
          },
          "sourceJobId": null
        },
        "systemData": {
          "createdAt": "2023-04-28T00:21:01.9211144\u002B00:00",
          "createdBy": "Mayank Kumar",
          "createdByType": "User"
        }
      }
    }
  ],
  "Variables": {}
}
