{
  "Entries": [
    {
      "RequestUri": "https://management.azure.com/subscriptions/00000000-0000-0000-0000-000000000/resourceGroups/00000/providers/Microsoft.MachineLearningServices/workspaces/00000/computes/cpu-cluster?api-version=2022-01-01-preview",
      "RequestMethod": "GET",
      "RequestHeaders": {
        "Accept": "application/json",
        "Accept-Encoding": "gzip, deflate",
        "Connection": "keep-alive",
        "User-Agent": "azure-ai-ml/1.1.0 azsdk-python-mgmt-machinelearningservices/0.1.0 Python/3.9.13 (Windows-10-10.0.22621-SP0)"
      },
      "RequestBody": null,
      "StatusCode": 200,
      "ResponseHeaders": {
        "Cache-Control": "no-cache",
        "Content-Encoding": "gzip",
        "Content-Type": "application/json; charset=utf-8",
        "Date": "Fri, 04 Nov 2022 08:55:25 GMT",
        "Expires": "-1",
        "Pragma": "no-cache",
        "Request-Context": "appId=cid-v1:2d2e8e63-272e-4b3c-8598-4ee570a0e70d",
        "Server-Timing": "traceparent;desc=\u002200-ee7e57d16f92cb44ced773f394e6daf5-8ce09184abdee6e6-00\u0022",
        "Strict-Transport-Security": "max-age=31536000; includeSubDomains",
        "Transfer-Encoding": "chunked",
        "Vary": [
          "Accept-Encoding",
          "Accept-Encoding"
        ],
        "x-aml-cluster": "vienna-eastus-02",
        "X-Content-Type-Options": "nosniff",
        "x-ms-correlation-request-id": "6c5a7559-8df9-4c95-8385-b4870882ed30",
        "x-ms-ratelimit-remaining-subscription-reads": "11992",
        "x-ms-response-type": "standard",
        "x-ms-routing-request-id": "JAPANEAST:20221104T085525Z:6c5a7559-8df9-4c95-8385-b4870882ed30",
        "x-request-time": "0.046"
      },
      "ResponseBody": {
        "id": "/subscriptions/00000000-0000-0000-0000-000000000/resourceGroups/AmlComponentNotebook/providers/Microsoft.MachineLearningServices/workspaces/00000/computes/cpu-cluster",
        "name": "cpu-cluster",
        "type": "Microsoft.MachineLearningServices/workspaces/computes",
        "location": "eastus",
        "tags": {},
        "properties": {
          "createdOn": "2022-10-31T00:23:42.334928\u002B00:00",
          "modifiedOn": "2022-10-31T00:23:45.9965016\u002B00:00",
          "disableLocalAuth": false,
          "description": null,
          "resourceId": null,
          "computeType": "AmlCompute",
          "computeLocation": "eastus",
          "provisioningState": "Succeeded",
          "provisioningErrors": null,
          "isAttachedCompute": false,
          "properties": {
            "vmSize": "STANDARD_D2_V2",
            "vmPriority": "Dedicated",
            "scaleSettings": {
              "maxNodeCount": 30,
              "minNodeCount": 0,
              "nodeIdleTimeBeforeScaleDown": "PT45M"
            },
            "subnet": null,
            "currentNodeCount": 0,
            "targetNodeCount": 0,
            "nodeStateCounts": {
              "preparingNodeCount": 0,
              "runningNodeCount": 0,
              "idleNodeCount": 0,
              "unusableNodeCount": 0,
              "leavingNodeCount": 0,
              "preemptedNodeCount": 0
            },
            "allocationState": "Steady",
            "allocationStateTransitionTime": "2022-11-04T02:14:20.078\u002B00:00",
            "errors": null,
            "remoteLoginPortPublicAccess": "Enabled",
            "osType": "Linux",
            "virtualMachineImage": null,
            "isolatedNetwork": false,
            "propertyBag": {}
          }
        }
      }
    },
    {
      "RequestUri": "https://management.azure.com/subscriptions/00000000-0000-0000-0000-000000000/resourceGroups/00000/providers/Microsoft.MachineLearningServices/workspaces/00000/computes/gpu-cluster?api-version=2022-01-01-preview",
      "RequestMethod": "GET",
      "RequestHeaders": {
        "Accept": "application/json",
        "Accept-Encoding": "gzip, deflate",
        "Connection": "keep-alive",
        "User-Agent": "azure-ai-ml/1.1.0 azsdk-python-mgmt-machinelearningservices/0.1.0 Python/3.9.13 (Windows-10-10.0.22621-SP0)"
      },
      "RequestBody": null,
      "StatusCode": 200,
      "ResponseHeaders": {
        "Cache-Control": "no-cache",
        "Content-Encoding": "gzip",
        "Content-Type": "application/json; charset=utf-8",
        "Date": "Fri, 04 Nov 2022 08:55:25 GMT",
        "Expires": "-1",
        "Pragma": "no-cache",
        "Request-Context": "appId=cid-v1:2d2e8e63-272e-4b3c-8598-4ee570a0e70d",
        "Server-Timing": "traceparent;desc=\u002200-feccac09ac89230b5990b0aafa59f386-9e8822ab24d20e03-00\u0022",
        "Strict-Transport-Security": "max-age=31536000; includeSubDomains",
        "Transfer-Encoding": "chunked",
        "Vary": [
          "Accept-Encoding",
          "Accept-Encoding"
        ],
        "x-aml-cluster": "vienna-eastus-02",
        "X-Content-Type-Options": "nosniff",
        "x-ms-correlation-request-id": "f822759e-c62b-4f86-a709-d62c89501dbc",
        "x-ms-ratelimit-remaining-subscription-reads": "11991",
        "x-ms-response-type": "standard",
        "x-ms-routing-request-id": "JAPANEAST:20221104T085525Z:f822759e-c62b-4f86-a709-d62c89501dbc",
        "x-request-time": "0.037"
      },
      "ResponseBody": {
        "id": "/subscriptions/00000000-0000-0000-0000-000000000/resourceGroups/AmlComponentNotebook/providers/Microsoft.MachineLearningServices/workspaces/00000/computes/gpu-cluster",
        "name": "gpu-cluster",
        "type": "Microsoft.MachineLearningServices/workspaces/computes",
        "location": "eastus",
        "tags": {},
        "properties": {
          "createdOn": "2022-10-31T00:23:51.8405652\u002B00:00",
          "modifiedOn": "2022-10-31T00:23:56.2024588\u002B00:00",
          "disableLocalAuth": false,
          "description": null,
          "resourceId": null,
          "computeType": "AmlCompute",
          "computeLocation": "eastus",
          "provisioningState": "Succeeded",
          "provisioningErrors": null,
          "isAttachedCompute": false,
          "properties": {
            "vmSize": "STANDARD_NC12",
            "vmPriority": "Dedicated",
            "scaleSettings": {
              "maxNodeCount": 4,
              "minNodeCount": 0,
              "nodeIdleTimeBeforeScaleDown": "PT30M"
            },
            "subnet": null,
            "currentNodeCount": 0,
            "targetNodeCount": 0,
            "nodeStateCounts": {
              "preparingNodeCount": 0,
              "runningNodeCount": 0,
              "idleNodeCount": 0,
              "unusableNodeCount": 0,
              "leavingNodeCount": 0,
              "preemptedNodeCount": 0
            },
            "allocationState": "Steady",
            "allocationStateTransitionTime": "2022-10-31T02:28:27.528\u002B00:00",
            "errors": null,
            "remoteLoginPortPublicAccess": "Enabled",
            "osType": "Linux",
            "virtualMachineImage": null,
            "isolatedNetwork": false,
            "propertyBag": {}
          }
        }
      }
    },
    {
      "RequestUri": "https://management.azure.com/subscriptions/00000000-0000-0000-0000-000000000/resourceGroups/00000/providers/Microsoft.MachineLearningServices/workspaces/00000/computes/cpu-cluster?api-version=2022-01-01-preview",
      "RequestMethod": "GET",
      "RequestHeaders": {
        "Accept": "application/json",
        "Accept-Encoding": "gzip, deflate",
        "Connection": "keep-alive",
        "User-Agent": "azure-ai-ml/1.1.0 azsdk-python-mgmt-machinelearningservices/0.1.0 Python/3.9.13 (Windows-10-10.0.22621-SP0)"
      },
      "RequestBody": null,
      "StatusCode": 200,
      "ResponseHeaders": {
        "Cache-Control": "no-cache",
        "Content-Encoding": "gzip",
        "Content-Type": "application/json; charset=utf-8",
        "Date": "Fri, 04 Nov 2022 08:55:26 GMT",
        "Expires": "-1",
        "Pragma": "no-cache",
        "Request-Context": "appId=cid-v1:2d2e8e63-272e-4b3c-8598-4ee570a0e70d",
        "Server-Timing": "traceparent;desc=\u002200-40ceaf2382a428d5f5f7b1c324386507-b7b7b9fb74c35cf7-00\u0022",
        "Strict-Transport-Security": "max-age=31536000; includeSubDomains",
        "Transfer-Encoding": "chunked",
        "Vary": [
          "Accept-Encoding",
          "Accept-Encoding"
        ],
        "x-aml-cluster": "vienna-eastus-02",
        "X-Content-Type-Options": "nosniff",
        "x-ms-correlation-request-id": "9ff57c38-89e1-477d-83dd-274de1ee718c",
        "x-ms-ratelimit-remaining-subscription-reads": "11990",
        "x-ms-response-type": "standard",
        "x-ms-routing-request-id": "JAPANEAST:20221104T085527Z:9ff57c38-89e1-477d-83dd-274de1ee718c",
        "x-request-time": "0.039"
      },
      "ResponseBody": {
        "id": "/subscriptions/00000000-0000-0000-0000-000000000/resourceGroups/AmlComponentNotebook/providers/Microsoft.MachineLearningServices/workspaces/00000/computes/cpu-cluster",
        "name": "cpu-cluster",
        "type": "Microsoft.MachineLearningServices/workspaces/computes",
        "location": "eastus",
        "tags": {},
        "properties": {
          "createdOn": "2022-10-31T00:23:42.334928\u002B00:00",
          "modifiedOn": "2022-10-31T00:23:45.9965016\u002B00:00",
          "disableLocalAuth": false,
          "description": null,
          "resourceId": null,
          "computeType": "AmlCompute",
          "computeLocation": "eastus",
          "provisioningState": "Succeeded",
          "provisioningErrors": null,
          "isAttachedCompute": false,
          "properties": {
            "vmSize": "STANDARD_D2_V2",
            "vmPriority": "Dedicated",
            "scaleSettings": {
              "maxNodeCount": 30,
              "minNodeCount": 0,
              "nodeIdleTimeBeforeScaleDown": "PT45M"
            },
            "subnet": null,
            "currentNodeCount": 0,
            "targetNodeCount": 0,
            "nodeStateCounts": {
              "preparingNodeCount": 0,
              "runningNodeCount": 0,
              "idleNodeCount": 0,
              "unusableNodeCount": 0,
              "leavingNodeCount": 0,
              "preemptedNodeCount": 0
            },
            "allocationState": "Steady",
            "allocationStateTransitionTime": "2022-11-04T02:14:20.078\u002B00:00",
            "errors": null,
            "remoteLoginPortPublicAccess": "Enabled",
            "osType": "Linux",
            "virtualMachineImage": null,
            "isolatedNetwork": false,
            "propertyBag": {}
          }
        }
      }
    },
    {
      "RequestUri": "https://management.azure.com/subscriptions/00000000-0000-0000-0000-000000000/resourceGroups/00000/providers/Microsoft.MachineLearningServices/workspaces/00000/datastores/workspaceblobstore?api-version=2022-05-01",
      "RequestMethod": "GET",
      "RequestHeaders": {
        "Accept": "application/json",
        "Accept-Encoding": "gzip, deflate",
        "Connection": "keep-alive",
        "User-Agent": "azure-ai-ml/1.1.0 azsdk-python-mgmt-machinelearningservices/0.1.0 Python/3.9.13 (Windows-10-10.0.22621-SP0)"
      },
      "RequestBody": null,
      "StatusCode": 200,
      "ResponseHeaders": {
        "Cache-Control": "no-cache",
        "Content-Encoding": "gzip",
        "Content-Type": "application/json; charset=utf-8",
        "Date": "Fri, 04 Nov 2022 08:55:29 GMT",
        "Expires": "-1",
        "Pragma": "no-cache",
        "Request-Context": "appId=cid-v1:2d2e8e63-272e-4b3c-8598-4ee570a0e70d",
        "Server-Timing": "traceparent;desc=\u002200-6415a57e1e1a5718e523b8b03892890f-616427934abb228b-00\u0022",
        "Strict-Transport-Security": "max-age=31536000; includeSubDomains",
        "Transfer-Encoding": "chunked",
        "Vary": [
          "Accept-Encoding",
          "Accept-Encoding"
        ],
        "x-aml-cluster": "vienna-eastus-02",
        "X-Content-Type-Options": "nosniff",
        "x-ms-correlation-request-id": "6698a3bd-5ae6-4b30-aca8-09aad1f8f0c5",
        "x-ms-ratelimit-remaining-subscription-reads": "11989",
        "x-ms-response-type": "standard",
        "x-ms-routing-request-id": "JAPANEAST:20221104T085529Z:6698a3bd-5ae6-4b30-aca8-09aad1f8f0c5",
        "x-request-time": "0.116"
      },
      "ResponseBody": {
        "id": "/subscriptions/00000000-0000-0000-0000-000000000/resourceGroups/00000/providers/Microsoft.MachineLearningServices/workspaces/00000/datastores/workspaceblobstore",
        "name": "workspaceblobstore",
        "type": "Microsoft.MachineLearningServices/workspaces/datastores",
        "properties": {
          "description": null,
          "tags": null,
          "properties": null,
          "isDefault": true,
          "credentials": {
            "credentialsType": "AccountKey"
          },
          "datastoreType": "AzureBlob",
          "accountName": "teststorageaccount",
          "containerName": "azureml-blobstore-6d334fd6-79ff-46da-972b-2a0c0eda678f",
          "endpoint": "core.windows.net",
          "protocol": "https",
          "serviceDataAccessAuthIdentity": "WorkspaceSystemAssignedIdentity"
        },
        "systemData": {
          "createdAt": "2022-10-31T00:23:40.3670316\u002B00:00",
          "createdBy": "779301c0-18b2-4cdc-801b-a0a3368fee0a",
          "createdByType": "Application",
          "lastModifiedAt": "2022-10-31T00:23:41.0619586\u002B00:00",
          "lastModifiedBy": "779301c0-18b2-4cdc-801b-a0a3368fee0a",
          "lastModifiedByType": "Application"
        }
      }
    },
    {
      "RequestUri": "https://management.azure.com/subscriptions/00000000-0000-0000-0000-000000000/resourceGroups/00000/providers/Microsoft.MachineLearningServices/workspaces/00000/datastores/workspaceblobstore/listSecrets?api-version=2022-05-01",
      "RequestMethod": "POST",
      "RequestHeaders": {
        "Accept": "application/json",
        "Accept-Encoding": "gzip, deflate",
        "Connection": "keep-alive",
        "Content-Length": "0",
        "User-Agent": "azure-ai-ml/1.1.0 azsdk-python-mgmt-machinelearningservices/0.1.0 Python/3.9.13 (Windows-10-10.0.22621-SP0)"
      },
      "RequestBody": null,
      "StatusCode": 200,
      "ResponseHeaders": {
        "Cache-Control": "no-cache",
        "Content-Encoding": "gzip",
        "Content-Type": "application/json; charset=utf-8",
        "Date": "Fri, 04 Nov 2022 08:55:30 GMT",
        "Expires": "-1",
        "Pragma": "no-cache",
        "Request-Context": "appId=cid-v1:2d2e8e63-272e-4b3c-8598-4ee570a0e70d",
        "Server-Timing": "traceparent;desc=\u002200-3f883676f4645201aa5b5153cee3c731-f1c3ff2020627e1d-01\u0022",
        "Strict-Transport-Security": "max-age=31536000; includeSubDomains",
        "Transfer-Encoding": "chunked",
        "Vary": "Accept-Encoding",
        "x-aml-cluster": "vienna-eastus-02",
        "X-Content-Type-Options": "nosniff",
        "x-ms-correlation-request-id": "dcedd1cf-a859-4bc8-af1d-b485685bd635",
        "x-ms-ratelimit-remaining-subscription-writes": "1199",
        "x-ms-response-type": "standard",
        "x-ms-routing-request-id": "JAPANEAST:20221104T085530Z:dcedd1cf-a859-4bc8-af1d-b485685bd635",
        "x-request-time": "0.166"
      },
      "ResponseBody": {
        "secretsType": "AccountKey",
        "key": "dGhpcyBpcyBmYWtlIGtleQ=="
      }
    },
    {
      "RequestUri": "https://teststorageaccount.blob.core.windows.net/azureml-blobstore-6d334fd6-79ff-46da-972b-2a0c0eda678f/LocalUpload/00000000000000000000000000000000/train_src/train.py",
      "RequestMethod": "HEAD",
      "RequestHeaders": {
        "Accept": "application/xml",
        "Accept-Encoding": "gzip, deflate",
        "Connection": "keep-alive",
        "User-Agent": "azsdk-python-storage-blob/12.13.1 Python/3.9.13 (Windows-10-10.0.22621-SP0)",
        "x-ms-date": "Fri, 04 Nov 2022 08:55:30 GMT",
        "x-ms-version": "2021-08-06"
      },
      "RequestBody": null,
      "StatusCode": 200,
      "ResponseHeaders": {
        "Accept-Ranges": "bytes",
        "Content-Length": "1498",
        "Content-MD5": "bknQRwZOwpy5fofohDUViQ==",
        "Content-Type": "application/octet-stream",
        "Date": "Fri, 04 Nov 2022 08:55:31 GMT",
        "ETag": "\u00220x8DABE42144DB81D\u0022",
        "Last-Modified": "Fri, 04 Nov 2022 08:53:44 GMT",
        "Server": [
          "Windows-Azure-Blob/1.0",
          "Microsoft-HTTPAPI/2.0"
        ],
        "Vary": "Origin",
        "x-ms-access-tier": "Hot",
        "x-ms-access-tier-inferred": "true",
        "x-ms-blob-type": "BlockBlob",
        "x-ms-creation-time": "Fri, 04 Nov 2022 08:53:43 GMT",
        "x-ms-lease-state": "available",
        "x-ms-lease-status": "unlocked",
        "x-ms-meta-name": "9f6cf510-9b93-481d-9886-97fd6c78efdb",
        "x-ms-meta-upload_status": "completed",
        "x-ms-meta-version": "1",
        "x-ms-server-encrypted": "true",
        "x-ms-version": "2021-08-06"
      },
      "ResponseBody": null
    },
    {
      "RequestUri": "https://teststorageaccount.blob.core.windows.net/azureml-blobstore-6d334fd6-79ff-46da-972b-2a0c0eda678f/az-ml-artifacts/00000000000000000000000000000000/train_src/train.py",
      "RequestMethod": "HEAD",
      "RequestHeaders": {
        "Accept": "application/xml",
        "Accept-Encoding": "gzip, deflate",
        "Connection": "keep-alive",
        "User-Agent": "azsdk-python-storage-blob/12.13.1 Python/3.9.13 (Windows-10-10.0.22621-SP0)",
        "x-ms-date": "Fri, 04 Nov 2022 08:55:31 GMT",
        "x-ms-version": "2021-08-06"
      },
      "RequestBody": null,
      "StatusCode": 404,
      "ResponseHeaders": {
        "Date": "Fri, 04 Nov 2022 08:55:31 GMT",
        "Server": [
          "Windows-Azure-Blob/1.0",
          "Microsoft-HTTPAPI/2.0"
        ],
        "Transfer-Encoding": "chunked",
        "Vary": "Origin",
        "x-ms-error-code": "BlobNotFound",
        "x-ms-version": "2021-08-06"
      },
      "ResponseBody": null
    },
    {
      "RequestUri": "https://management.azure.com/subscriptions/00000000-0000-0000-0000-000000000/resourceGroups/00000/providers/Microsoft.MachineLearningServices/workspaces/00000/codes/9f6cf510-9b93-481d-9886-97fd6c78efdb/versions/1?api-version=2022-05-01",
      "RequestMethod": "PUT",
      "RequestHeaders": {
        "Accept": "application/json",
        "Accept-Encoding": "gzip, deflate",
        "Connection": "keep-alive",
        "Content-Length": "301",
        "Content-Type": "application/json",
        "User-Agent": "azure-ai-ml/1.1.0 azsdk-python-mgmt-machinelearningservices/0.1.0 Python/3.9.13 (Windows-10-10.0.22621-SP0)"
      },
      "RequestBody": {
        "properties": {
          "properties": {
            "hash_sha256": "0000000000000",
            "hash_version": "0000000000000"
          },
          "isAnonymous": true,
          "isArchived": false,
          "codeUri": "https://teststorageaccount.blob.core.windows.net/azureml-blobstore-6d334fd6-79ff-46da-972b-2a0c0eda678f/LocalUpload/00000000000000000000000000000000/train_src"
        }
      },
      "StatusCode": 200,
      "ResponseHeaders": {
        "Cache-Control": "no-cache",
        "Content-Encoding": "gzip",
        "Content-Type": "application/json; charset=utf-8",
        "Date": "Fri, 04 Nov 2022 08:55:32 GMT",
        "Expires": "-1",
        "Pragma": "no-cache",
        "Request-Context": "appId=cid-v1:2d2e8e63-272e-4b3c-8598-4ee570a0e70d",
        "Server-Timing": "traceparent;desc=\u002200-22be8458f3d3724fdf1c9e55b592ec53-54d821e70958c847-00\u0022",
        "Strict-Transport-Security": "max-age=31536000; includeSubDomains",
        "Transfer-Encoding": "chunked",
        "Vary": [
          "Accept-Encoding",
          "Accept-Encoding"
        ],
        "x-aml-cluster": "vienna-eastus-02",
        "X-Content-Type-Options": "nosniff",
        "x-ms-correlation-request-id": "ab69b7b7-6a44-46a0-bd79-74cf08cbe94d",
        "x-ms-ratelimit-remaining-subscription-writes": "1199",
        "x-ms-response-type": "standard",
        "x-ms-routing-request-id": "JAPANEAST:20221104T085533Z:ab69b7b7-6a44-46a0-bd79-74cf08cbe94d",
        "x-request-time": "0.142"
      },
      "ResponseBody": {
        "id": "/subscriptions/00000000-0000-0000-0000-000000000/resourceGroups/00000/providers/Microsoft.MachineLearningServices/workspaces/00000/codes/9f6cf510-9b93-481d-9886-97fd6c78efdb/versions/1",
        "name": "1",
        "type": "Microsoft.MachineLearningServices/workspaces/codes/versions",
        "properties": {
          "description": null,
          "tags": {},
          "properties": {
            "hash_sha256": "0000000000000",
            "hash_version": "0000000000000"
          },
          "isArchived": false,
          "isAnonymous": false,
          "codeUri": "https://teststorageaccount.blob.core.windows.net/azureml-blobstore-6d334fd6-79ff-46da-972b-2a0c0eda678f/LocalUpload/00000000000000000000000000000000/train_src"
        },
        "systemData": {
          "createdAt": "2022-11-04T08:53:46.6665218\u002B00:00",
          "createdBy": "Zhengfei Wang",
          "createdByType": "User",
          "lastModifiedAt": "2022-11-04T08:55:33.1065248\u002B00:00",
          "lastModifiedBy": "Zhengfei Wang",
          "lastModifiedByType": "User"
        }
      }
    },
    {
      "RequestUri": "https://management.azure.com/subscriptions/00000000-0000-0000-0000-000000000/resourceGroups/00000/providers/Microsoft.MachineLearningServices/workspaces/00000/components/azureml_anonymous/versions/000000000000000000000?api-version=2022-05-01",
      "RequestMethod": "PUT",
      "RequestHeaders": {
        "Accept": "application/json",
        "Accept-Encoding": "gzip, deflate",
        "Connection": "keep-alive",
        "Content-Length": "1089",
        "Content-Type": "application/json",
        "User-Agent": "azure-ai-ml/1.1.0 azsdk-python-mgmt-machinelearningservices/0.1.0 Python/3.9.13 (Windows-10-10.0.22621-SP0)"
      },
      "RequestBody": {
        "properties": {
          "properties": {},
          "tags": {},
          "isAnonymous": true,
          "isArchived": false,
          "componentSpec": {
            "command": "python train.py --training_data ${{inputs.training_data}} --max_epocs ${{inputs.max_epocs}} --learning_rate ${{inputs.learning_rate}} --learning_rate_schedule ${{inputs.learning_rate_schedule}} --model_output ${{outputs.model_output}}",
            "code": "azureml:/subscriptions/00000000-0000-0000-0000-000000000/resourceGroups/00000/providers/Microsoft.MachineLearningServices/workspaces/00000/codes/9f6cf510-9b93-481d-9886-97fd6c78efdb/versions/1",
            "environment": "azureml:AzureML-sklearn-0.24-ubuntu18.04-py37-cpu:5",
            "name": "azureml_anonymous",
            "tags": {},
            "version": "000000000000000000000",
            "display_name": "my-train-job",
            "is_deterministic": true,
            "inputs": {
              "training_data": {
                "type": "uri_folder"
              },
              "max_epocs": {
                "type": "integer",
                "default": "20"
              },
              "learning_rate": {
                "type": "number",
                "default": "1.8"
              },
              "learning_rate_schedule": {
                "type": "string",
                "default": "time-based"
              }
            },
            "outputs": {
              "model_output": {
                "type": "uri_folder"
              }
            },
            "type": "command",
            "_source": "BUILDER"
          }
        }
      },
      "StatusCode": 201,
      "ResponseHeaders": {
        "Cache-Control": "no-cache",
        "Content-Length": "2308",
        "Content-Type": "application/json; charset=utf-8",
        "Date": "Fri, 04 Nov 2022 08:55:33 GMT",
        "Expires": "-1",
        "Location": "https://management.azure.com/subscriptions/00000000-0000-0000-0000-000000000/resourceGroups/00000/providers/Microsoft.MachineLearningServices/workspaces/00000/components/azureml_anonymous/versions/000000000000000000000?api-version=2022-05-01",
        "Pragma": "no-cache",
        "Request-Context": "appId=cid-v1:2d2e8e63-272e-4b3c-8598-4ee570a0e70d",
        "Server-Timing": "traceparent;desc=\u002200-76de907679acea52ca111f0bdbf02af7-24c297b2513974fa-00\u0022",
        "Strict-Transport-Security": "max-age=31536000; includeSubDomains",
        "x-aml-cluster": "vienna-eastus-02",
        "X-Content-Type-Options": "nosniff",
        "x-ms-correlation-request-id": "998ea931-e16c-45b2-b49e-64629e39f4a0",
        "x-ms-ratelimit-remaining-subscription-writes": "1198",
        "x-ms-response-type": "standard",
        "x-ms-routing-request-id": "JAPANEAST:20221104T085534Z:998ea931-e16c-45b2-b49e-64629e39f4a0",
        "x-request-time": "0.511"
      },
      "ResponseBody": {
        "id": "/subscriptions/00000000-0000-0000-0000-000000000/resourceGroups/00000/providers/Microsoft.MachineLearningServices/workspaces/00000/components/azureml_anonymous/versions/edfab98a-60c3-4077-ba78-3c79cf580452",
        "name": "edfab98a-60c3-4077-ba78-3c79cf580452",
        "type": "Microsoft.MachineLearningServices/workspaces/components/versions",
        "properties": {
          "description": null,
          "tags": {},
          "properties": {},
          "isArchived": false,
          "isAnonymous": true,
          "componentSpec": {
            "name": "azureml_anonymous",
            "version": "edfab98a-60c3-4077-ba78-3c79cf580452",
            "display_name": "my-train-job",
            "is_deterministic": "True",
            "type": "command",
            "inputs": {
              "training_data": {
                "type": "uri_folder",
                "optional": "False"
              },
              "max_epocs": {
                "type": "integer",
                "optional": "False",
                "default": "20"
              },
              "learning_rate": {
                "type": "number",
                "optional": "False",
                "default": "1.8"
              },
              "learning_rate_schedule": {
                "type": "string",
                "optional": "False",
                "default": "time-based"
              }
            },
            "outputs": {
              "model_output": {
                "type": "uri_folder"
              }
            },
            "code": "azureml:/subscriptions/00000000-0000-0000-0000-000000000/resourceGroups/00000/providers/Microsoft.MachineLearningServices/workspaces/00000/codes/9f6cf510-9b93-481d-9886-97fd6c78efdb/versions/1",
            "environment": "azureml://registries/azureml/environments/AzureML-sklearn-0.24-ubuntu18.04-py37-cpu/versions/5",
            "resources": {
              "instance_count": "1"
            },
            "command": "python train.py --training_data ${{inputs.training_data}} --max_epocs ${{inputs.max_epocs}} --learning_rate ${{inputs.learning_rate}} --learning_rate_schedule ${{inputs.learning_rate_schedule}} --model_output ${{outputs.model_output}}",
            "$schema": "https://componentsdk.azureedge.net/jsonschema/CommandComponent.json"
          }
        },
        "systemData": {
          "createdAt": "2022-11-04T08:53:48.8601108\u002B00:00",
          "createdBy": "Zhengfei Wang",
          "createdByType": "User",
          "lastModifiedAt": "2022-11-04T08:53:49.0274602\u002B00:00",
          "lastModifiedBy": "Zhengfei Wang",
          "lastModifiedByType": "User"
        }
      }
    },
    {
      "RequestUri": "https://management.azure.com/subscriptions/00000000-0000-0000-0000-000000000/resourceGroups/00000/providers/Microsoft.MachineLearningServices/workspaces/00000/datastores/workspaceblobstore?api-version=2022-05-01",
      "RequestMethod": "GET",
      "RequestHeaders": {
        "Accept": "application/json",
        "Accept-Encoding": "gzip, deflate",
        "Connection": "keep-alive",
        "User-Agent": "azure-ai-ml/1.1.0 azsdk-python-mgmt-machinelearningservices/0.1.0 Python/3.9.13 (Windows-10-10.0.22621-SP0)"
      },
      "RequestBody": null,
      "StatusCode": 200,
      "ResponseHeaders": {
        "Cache-Control": "no-cache",
        "Content-Encoding": "gzip",
        "Content-Type": "application/json; charset=utf-8",
        "Date": "Fri, 04 Nov 2022 08:55:34 GMT",
        "Expires": "-1",
        "Pragma": "no-cache",
        "Request-Context": "appId=cid-v1:2d2e8e63-272e-4b3c-8598-4ee570a0e70d",
        "Server-Timing": "traceparent;desc=\u002200-0c15819718b2873df52835091949e4df-1d1ede1d745bc043-00\u0022",
        "Strict-Transport-Security": "max-age=31536000; includeSubDomains",
        "Transfer-Encoding": "chunked",
        "Vary": [
          "Accept-Encoding",
          "Accept-Encoding"
        ],
        "x-aml-cluster": "vienna-eastus-02",
        "X-Content-Type-Options": "nosniff",
        "x-ms-correlation-request-id": "f0be1df8-ae1a-47c6-baac-28cffa9baf59",
        "x-ms-ratelimit-remaining-subscription-reads": "11988",
        "x-ms-response-type": "standard",
        "x-ms-routing-request-id": "JAPANEAST:20221104T085534Z:f0be1df8-ae1a-47c6-baac-28cffa9baf59",
        "x-request-time": "0.112"
      },
      "ResponseBody": {
        "id": "/subscriptions/00000000-0000-0000-0000-000000000/resourceGroups/00000/providers/Microsoft.MachineLearningServices/workspaces/00000/datastores/workspaceblobstore",
        "name": "workspaceblobstore",
        "type": "Microsoft.MachineLearningServices/workspaces/datastores",
        "properties": {
          "description": null,
          "tags": null,
          "properties": null,
          "isDefault": true,
          "credentials": {
            "credentialsType": "AccountKey"
          },
          "datastoreType": "AzureBlob",
          "accountName": "teststorageaccount",
          "containerName": "azureml-blobstore-6d334fd6-79ff-46da-972b-2a0c0eda678f",
          "endpoint": "core.windows.net",
          "protocol": "https",
          "serviceDataAccessAuthIdentity": "WorkspaceSystemAssignedIdentity"
        },
        "systemData": {
          "createdAt": "2022-10-31T00:23:40.3670316\u002B00:00",
          "createdBy": "779301c0-18b2-4cdc-801b-a0a3368fee0a",
          "createdByType": "Application",
          "lastModifiedAt": "2022-10-31T00:23:41.0619586\u002B00:00",
          "lastModifiedBy": "779301c0-18b2-4cdc-801b-a0a3368fee0a",
          "lastModifiedByType": "Application"
        }
      }
    },
    {
      "RequestUri": "https://management.azure.com/subscriptions/00000000-0000-0000-0000-000000000/resourceGroups/00000/providers/Microsoft.MachineLearningServices/workspaces/00000/datastores/workspaceblobstore/listSecrets?api-version=2022-05-01",
      "RequestMethod": "POST",
      "RequestHeaders": {
        "Accept": "application/json",
        "Accept-Encoding": "gzip, deflate",
        "Connection": "keep-alive",
        "Content-Length": "0",
        "User-Agent": "azure-ai-ml/1.1.0 azsdk-python-mgmt-machinelearningservices/0.1.0 Python/3.9.13 (Windows-10-10.0.22621-SP0)"
      },
      "RequestBody": null,
      "StatusCode": 200,
      "ResponseHeaders": {
        "Cache-Control": "no-cache",
        "Content-Encoding": "gzip",
        "Content-Type": "application/json; charset=utf-8",
        "Date": "Fri, 04 Nov 2022 08:55:35 GMT",
        "Expires": "-1",
        "Pragma": "no-cache",
        "Request-Context": "appId=cid-v1:2d2e8e63-272e-4b3c-8598-4ee570a0e70d",
        "Server-Timing": "traceparent;desc=\u002200-00c8acf35a3b4f880c07f509c4cdc54d-fe6b89741a7f88fa-00\u0022",
        "Strict-Transport-Security": "max-age=31536000; includeSubDomains",
        "Transfer-Encoding": "chunked",
        "Vary": "Accept-Encoding",
        "x-aml-cluster": "vienna-eastus-02",
        "X-Content-Type-Options": "nosniff",
        "x-ms-correlation-request-id": "6d6d4a80-f24f-485c-98e6-cc673deb25a2",
        "x-ms-ratelimit-remaining-subscription-writes": "1198",
        "x-ms-response-type": "standard",
        "x-ms-routing-request-id": "JAPANEAST:20221104T085535Z:6d6d4a80-f24f-485c-98e6-cc673deb25a2",
        "x-request-time": "0.092"
      },
      "ResponseBody": {
        "secretsType": "AccountKey",
        "key": "dGhpcyBpcyBmYWtlIGtleQ=="
      }
    },
    {
      "RequestUri": "https://teststorageaccount.blob.core.windows.net/azureml-blobstore-6d334fd6-79ff-46da-972b-2a0c0eda678f/LocalUpload/00000000000000000000000000000000/train_src/train.py",
      "RequestMethod": "HEAD",
      "RequestHeaders": {
        "Accept": "application/xml",
        "Accept-Encoding": "gzip, deflate",
        "Connection": "keep-alive",
        "User-Agent": "azsdk-python-storage-blob/12.13.1 Python/3.9.13 (Windows-10-10.0.22621-SP0)",
        "x-ms-date": "Fri, 04 Nov 2022 08:55:34 GMT",
        "x-ms-version": "2021-08-06"
      },
      "RequestBody": null,
      "StatusCode": 200,
      "ResponseHeaders": {
        "Accept-Ranges": "bytes",
        "Content-Length": "1498",
        "Content-MD5": "bknQRwZOwpy5fofohDUViQ==",
        "Content-Type": "application/octet-stream",
        "Date": "Fri, 04 Nov 2022 08:55:35 GMT",
        "ETag": "\u00220x8DABE42144DB81D\u0022",
        "Last-Modified": "Fri, 04 Nov 2022 08:53:44 GMT",
        "Server": [
          "Windows-Azure-Blob/1.0",
          "Microsoft-HTTPAPI/2.0"
        ],
        "Vary": "Origin",
        "x-ms-access-tier": "Hot",
        "x-ms-access-tier-inferred": "true",
        "x-ms-blob-type": "BlockBlob",
        "x-ms-creation-time": "Fri, 04 Nov 2022 08:53:43 GMT",
        "x-ms-lease-state": "available",
        "x-ms-lease-status": "unlocked",
        "x-ms-meta-name": "9f6cf510-9b93-481d-9886-97fd6c78efdb",
        "x-ms-meta-upload_status": "completed",
        "x-ms-meta-version": "1",
        "x-ms-server-encrypted": "true",
        "x-ms-version": "2021-08-06"
      },
      "ResponseBody": null
    },
    {
      "RequestUri": "https://teststorageaccount.blob.core.windows.net/azureml-blobstore-6d334fd6-79ff-46da-972b-2a0c0eda678f/az-ml-artifacts/00000000000000000000000000000000/train_src/train.py",
      "RequestMethod": "HEAD",
      "RequestHeaders": {
        "Accept": "application/xml",
        "Accept-Encoding": "gzip, deflate",
        "Connection": "keep-alive",
        "User-Agent": "azsdk-python-storage-blob/12.13.1 Python/3.9.13 (Windows-10-10.0.22621-SP0)",
        "x-ms-date": "Fri, 04 Nov 2022 08:55:35 GMT",
        "x-ms-version": "2021-08-06"
      },
      "RequestBody": null,
      "StatusCode": 404,
      "ResponseHeaders": {
        "Date": "Fri, 04 Nov 2022 08:55:35 GMT",
        "Server": [
          "Windows-Azure-Blob/1.0",
          "Microsoft-HTTPAPI/2.0"
        ],
        "Transfer-Encoding": "chunked",
        "Vary": "Origin",
        "x-ms-error-code": "BlobNotFound",
        "x-ms-version": "2021-08-06"
      },
      "ResponseBody": null
    },
    {
      "RequestUri": "https://management.azure.com/subscriptions/00000000-0000-0000-0000-000000000/resourceGroups/00000/providers/Microsoft.MachineLearningServices/workspaces/00000/codes/9f6cf510-9b93-481d-9886-97fd6c78efdb/versions/1?api-version=2022-05-01",
      "RequestMethod": "PUT",
      "RequestHeaders": {
        "Accept": "application/json",
        "Accept-Encoding": "gzip, deflate",
        "Connection": "keep-alive",
        "Content-Length": "301",
        "Content-Type": "application/json",
        "User-Agent": "azure-ai-ml/1.1.0 azsdk-python-mgmt-machinelearningservices/0.1.0 Python/3.9.13 (Windows-10-10.0.22621-SP0)"
      },
      "RequestBody": {
        "properties": {
          "properties": {
            "hash_sha256": "0000000000000",
            "hash_version": "0000000000000"
          },
          "isAnonymous": true,
          "isArchived": false,
          "codeUri": "https://teststorageaccount.blob.core.windows.net/azureml-blobstore-6d334fd6-79ff-46da-972b-2a0c0eda678f/LocalUpload/00000000000000000000000000000000/train_src"
        }
      },
      "StatusCode": 200,
      "ResponseHeaders": {
        "Cache-Control": "no-cache",
        "Content-Encoding": "gzip",
        "Content-Type": "application/json; charset=utf-8",
        "Date": "Fri, 04 Nov 2022 08:55:36 GMT",
        "Expires": "-1",
        "Pragma": "no-cache",
        "Request-Context": "appId=cid-v1:2d2e8e63-272e-4b3c-8598-4ee570a0e70d",
        "Server-Timing": "traceparent;desc=\u002200-af1cdf5b91d2f0a767f984fa4e17fdf0-119cdd4eb83f49de-00\u0022",
        "Strict-Transport-Security": "max-age=31536000; includeSubDomains",
        "Transfer-Encoding": "chunked",
        "Vary": [
          "Accept-Encoding",
          "Accept-Encoding"
        ],
        "x-aml-cluster": "vienna-eastus-02",
        "X-Content-Type-Options": "nosniff",
        "x-ms-correlation-request-id": "dff5b891-a637-4c4b-8ce5-471de9c5ef37",
        "x-ms-ratelimit-remaining-subscription-writes": "1197",
        "x-ms-response-type": "standard",
        "x-ms-routing-request-id": "JAPANEAST:20221104T085536Z:dff5b891-a637-4c4b-8ce5-471de9c5ef37",
        "x-request-time": "0.079"
      },
      "ResponseBody": {
        "id": "/subscriptions/00000000-0000-0000-0000-000000000/resourceGroups/00000/providers/Microsoft.MachineLearningServices/workspaces/00000/codes/9f6cf510-9b93-481d-9886-97fd6c78efdb/versions/1",
        "name": "1",
        "type": "Microsoft.MachineLearningServices/workspaces/codes/versions",
        "properties": {
          "description": null,
          "tags": {},
          "properties": {
            "hash_sha256": "0000000000000",
            "hash_version": "0000000000000"
          },
          "isArchived": false,
          "isAnonymous": false,
          "codeUri": "https://teststorageaccount.blob.core.windows.net/azureml-blobstore-6d334fd6-79ff-46da-972b-2a0c0eda678f/LocalUpload/00000000000000000000000000000000/train_src"
        },
        "systemData": {
          "createdAt": "2022-11-04T08:53:46.6665218\u002B00:00",
          "createdBy": "Zhengfei Wang",
          "createdByType": "User",
          "lastModifiedAt": "2022-11-04T08:55:36.4981741\u002B00:00",
          "lastModifiedBy": "Zhengfei Wang",
          "lastModifiedByType": "User"
        }
      }
    },
    {
      "RequestUri": "https://management.azure.com/subscriptions/00000000-0000-0000-0000-000000000/resourceGroups/00000/providers/Microsoft.MachineLearningServices/workspaces/00000/components/azureml_anonymous/versions/000000000000000000000?api-version=2022-05-01",
      "RequestMethod": "PUT",
      "RequestHeaders": {
        "Accept": "application/json",
        "Accept-Encoding": "gzip, deflate",
        "Connection": "keep-alive",
        "Content-Length": "841",
        "Content-Type": "application/json",
        "User-Agent": "azure-ai-ml/1.1.0 azsdk-python-mgmt-machinelearningservices/0.1.0 Python/3.9.13 (Windows-10-10.0.22621-SP0)"
      },
      "RequestBody": {
        "properties": {
          "properties": {},
          "tags": {},
          "isAnonymous": true,
          "isArchived": false,
          "componentSpec": {
            "command": "python score.py --model_input ${{inputs.model_input}} --test_data ${{inputs.test_data}} --score_output ${{outputs.score_output}}",
            "code": "azureml:/subscriptions/00000000-0000-0000-0000-000000000/resourceGroups/00000/providers/Microsoft.MachineLearningServices/workspaces/00000/codes/9f6cf510-9b93-481d-9886-97fd6c78efdb/versions/1",
            "environment": "azureml:AzureML-sklearn-0.24-ubuntu18.04-py37-cpu:5",
            "name": "azureml_anonymous",
            "tags": {},
            "version": "000000000000000000000",
            "display_name": "my-score-job",
            "is_deterministic": true,
            "inputs": {
              "model_input": {
                "type": "uri_folder"
              },
              "test_data": {
                "type": "uri_folder"
              }
            },
            "outputs": {
              "score_output": {
                "type": "uri_folder"
              }
            },
            "type": "command",
            "_source": "BUILDER"
          }
        }
      },
      "StatusCode": 201,
      "ResponseHeaders": {
        "Cache-Control": "no-cache",
        "Content-Length": "1912",
        "Content-Type": "application/json; charset=utf-8",
        "Date": "Fri, 04 Nov 2022 08:55:37 GMT",
        "Expires": "-1",
        "Location": "https://management.azure.com/subscriptions/00000000-0000-0000-0000-000000000/resourceGroups/00000/providers/Microsoft.MachineLearningServices/workspaces/00000/components/azureml_anonymous/versions/000000000000000000000?api-version=2022-05-01",
        "Pragma": "no-cache",
        "Request-Context": "appId=cid-v1:2d2e8e63-272e-4b3c-8598-4ee570a0e70d",
        "Server-Timing": "traceparent;desc=\u002200-24503a0f919e13620c0a2bdc96bdd972-de8376366b985113-00\u0022",
        "Strict-Transport-Security": "max-age=31536000; includeSubDomains",
        "x-aml-cluster": "vienna-eastus-02",
        "X-Content-Type-Options": "nosniff",
        "x-ms-correlation-request-id": "8e8a30ef-9a82-4650-9b64-bfa492e5e69a",
        "x-ms-ratelimit-remaining-subscription-writes": "1196",
        "x-ms-response-type": "standard",
        "x-ms-routing-request-id": "JAPANEAST:20221104T085537Z:8e8a30ef-9a82-4650-9b64-bfa492e5e69a",
        "x-request-time": "0.638"
      },
      "ResponseBody": {
        "id": "/subscriptions/00000000-0000-0000-0000-000000000/resourceGroups/00000/providers/Microsoft.MachineLearningServices/workspaces/00000/components/azureml_anonymous/versions/75eac159-a786-4b79-96cc-8739c8a4b1b9",
        "name": "75eac159-a786-4b79-96cc-8739c8a4b1b9",
        "type": "Microsoft.MachineLearningServices/workspaces/components/versions",
        "properties": {
          "description": null,
          "tags": {},
          "properties": {},
          "isArchived": false,
          "isAnonymous": true,
          "componentSpec": {
            "name": "azureml_anonymous",
            "version": "75eac159-a786-4b79-96cc-8739c8a4b1b9",
            "display_name": "my-score-job",
            "is_deterministic": "True",
            "type": "command",
            "inputs": {
              "model_input": {
                "type": "uri_folder",
                "optional": "False"
              },
              "test_data": {
                "type": "uri_folder",
                "optional": "False"
              }
            },
            "outputs": {
              "score_output": {
                "type": "uri_folder"
              }
            },
            "code": "azureml:/subscriptions/00000000-0000-0000-0000-000000000/resourceGroups/00000/providers/Microsoft.MachineLearningServices/workspaces/00000/codes/9f6cf510-9b93-481d-9886-97fd6c78efdb/versions/1",
            "environment": "azureml://registries/azureml/environments/AzureML-sklearn-0.24-ubuntu18.04-py37-cpu/versions/5",
            "resources": {
              "instance_count": "1"
            },
            "command": "python score.py --model_input ${{inputs.model_input}} --test_data ${{inputs.test_data}} --score_output ${{outputs.score_output}}",
            "$schema": "https://componentsdk.azureedge.net/jsonschema/CommandComponent.json"
          }
        },
        "systemData": {
          "createdAt": "2022-11-04T08:53:52.2120136\u002B00:00",
          "createdBy": "Zhengfei Wang",
          "createdByType": "User",
          "lastModifiedAt": "2022-11-04T08:53:52.3953753\u002B00:00",
          "lastModifiedBy": "Zhengfei Wang",
          "lastModifiedByType": "User"
        }
      }
    },
    {
      "RequestUri": "https://management.azure.com/subscriptions/00000000-0000-0000-0000-000000000/resourceGroups/00000/providers/Microsoft.MachineLearningServices/workspaces/00000/datastores/workspaceblobstore?api-version=2022-05-01",
      "RequestMethod": "GET",
      "RequestHeaders": {
        "Accept": "application/json",
        "Accept-Encoding": "gzip, deflate",
        "Connection": "keep-alive",
        "User-Agent": "azure-ai-ml/1.1.0 azsdk-python-mgmt-machinelearningservices/0.1.0 Python/3.9.13 (Windows-10-10.0.22621-SP0)"
      },
      "RequestBody": null,
      "StatusCode": 200,
      "ResponseHeaders": {
        "Cache-Control": "no-cache",
        "Content-Encoding": "gzip",
        "Content-Type": "application/json; charset=utf-8",
        "Date": "Fri, 04 Nov 2022 08:55:37 GMT",
        "Expires": "-1",
        "Pragma": "no-cache",
        "Request-Context": "appId=cid-v1:2d2e8e63-272e-4b3c-8598-4ee570a0e70d",
        "Server-Timing": "traceparent;desc=\u002200-abb20bf61d62f5fe7ff50fcc501cdfe9-3fa9731bd1833a57-00\u0022",
        "Strict-Transport-Security": "max-age=31536000; includeSubDomains",
        "Transfer-Encoding": "chunked",
        "Vary": [
          "Accept-Encoding",
          "Accept-Encoding"
        ],
        "x-aml-cluster": "vienna-eastus-02",
        "X-Content-Type-Options": "nosniff",
        "x-ms-correlation-request-id": "97123f6c-531d-4fef-90a0-ef8e96048d84",
        "x-ms-ratelimit-remaining-subscription-reads": "11987",
        "x-ms-response-type": "standard",
        "x-ms-routing-request-id": "JAPANEAST:20221104T085538Z:97123f6c-531d-4fef-90a0-ef8e96048d84",
        "x-request-time": "0.087"
      },
      "ResponseBody": {
        "id": "/subscriptions/00000000-0000-0000-0000-000000000/resourceGroups/00000/providers/Microsoft.MachineLearningServices/workspaces/00000/datastores/workspaceblobstore",
        "name": "workspaceblobstore",
        "type": "Microsoft.MachineLearningServices/workspaces/datastores",
        "properties": {
          "description": null,
          "tags": null,
          "properties": null,
          "isDefault": true,
          "credentials": {
            "credentialsType": "AccountKey"
          },
          "datastoreType": "AzureBlob",
          "accountName": "teststorageaccount",
          "containerName": "azureml-blobstore-6d334fd6-79ff-46da-972b-2a0c0eda678f",
          "endpoint": "core.windows.net",
          "protocol": "https",
          "serviceDataAccessAuthIdentity": "WorkspaceSystemAssignedIdentity"
        },
        "systemData": {
          "createdAt": "2022-10-31T00:23:40.3670316\u002B00:00",
          "createdBy": "779301c0-18b2-4cdc-801b-a0a3368fee0a",
          "createdByType": "Application",
          "lastModifiedAt": "2022-10-31T00:23:41.0619586\u002B00:00",
          "lastModifiedBy": "779301c0-18b2-4cdc-801b-a0a3368fee0a",
          "lastModifiedByType": "Application"
        }
      }
    },
    {
      "RequestUri": "https://management.azure.com/subscriptions/00000000-0000-0000-0000-000000000/resourceGroups/00000/providers/Microsoft.MachineLearningServices/workspaces/00000/datastores/workspaceblobstore/listSecrets?api-version=2022-05-01",
      "RequestMethod": "POST",
      "RequestHeaders": {
        "Accept": "application/json",
        "Accept-Encoding": "gzip, deflate",
        "Connection": "keep-alive",
        "Content-Length": "0",
        "User-Agent": "azure-ai-ml/1.1.0 azsdk-python-mgmt-machinelearningservices/0.1.0 Python/3.9.13 (Windows-10-10.0.22621-SP0)"
      },
      "RequestBody": null,
      "StatusCode": 200,
      "ResponseHeaders": {
        "Cache-Control": "no-cache",
        "Content-Encoding": "gzip",
        "Content-Type": "application/json; charset=utf-8",
        "Date": "Fri, 04 Nov 2022 08:55:38 GMT",
        "Expires": "-1",
        "Pragma": "no-cache",
        "Request-Context": "appId=cid-v1:2d2e8e63-272e-4b3c-8598-4ee570a0e70d",
        "Server-Timing": "traceparent;desc=\u002200-9500343119cb6968a8b147d8b4d13b77-b881f4c8e877a2e5-00\u0022",
        "Strict-Transport-Security": "max-age=31536000; includeSubDomains",
        "Transfer-Encoding": "chunked",
        "Vary": "Accept-Encoding",
        "x-aml-cluster": "vienna-eastus-02",
        "X-Content-Type-Options": "nosniff",
        "x-ms-correlation-request-id": "25a331e8-37f6-484d-b906-095b87f2520d",
        "x-ms-ratelimit-remaining-subscription-writes": "1197",
        "x-ms-response-type": "standard",
        "x-ms-routing-request-id": "JAPANEAST:20221104T085538Z:25a331e8-37f6-484d-b906-095b87f2520d",
        "x-request-time": "0.111"
      },
      "ResponseBody": {
        "secretsType": "AccountKey",
        "key": "dGhpcyBpcyBmYWtlIGtleQ=="
      }
    },
    {
      "RequestUri": "https://teststorageaccount.blob.core.windows.net/azureml-blobstore-6d334fd6-79ff-46da-972b-2a0c0eda678f/LocalUpload/00000000000000000000000000000000/COMPONENT_PLACEHOLDER",
      "RequestMethod": "HEAD",
      "RequestHeaders": {
        "Accept": "application/xml",
        "Accept-Encoding": "gzip, deflate",
        "Connection": "keep-alive",
        "User-Agent": "azsdk-python-storage-blob/12.13.1 Python/3.9.13 (Windows-10-10.0.22621-SP0)",
        "x-ms-date": "Fri, 04 Nov 2022 08:55:38 GMT",
        "x-ms-version": "2021-08-06"
      },
      "RequestBody": null,
      "StatusCode": 200,
      "ResponseHeaders": {
        "Accept-Ranges": "bytes",
        "Content-Length": "35",
        "Content-MD5": "L/DnSpFIn\u002BjaQWc\u002BsUQdcw==",
        "Content-Type": "application/octet-stream",
        "Date": "Fri, 04 Nov 2022 08:55:38 GMT",
        "ETag": "\u00220x8DABE421A2C7825\u0022",
        "Last-Modified": "Fri, 04 Nov 2022 08:53:54 GMT",
        "Server": [
          "Windows-Azure-Blob/1.0",
          "Microsoft-HTTPAPI/2.0"
        ],
        "Vary": "Origin",
        "x-ms-access-tier": "Hot",
        "x-ms-access-tier-inferred": "true",
        "x-ms-blob-type": "BlockBlob",
        "x-ms-creation-time": "Fri, 04 Nov 2022 08:53:54 GMT",
        "x-ms-lease-state": "available",
        "x-ms-lease-status": "unlocked",
        "x-ms-meta-name": "94a7e131-6059-4c34-991e-49c238a2d03b",
        "x-ms-meta-upload_status": "completed",
        "x-ms-meta-version": "1",
        "x-ms-server-encrypted": "true",
        "x-ms-version": "2021-08-06"
      },
      "ResponseBody": null
    },
    {
      "RequestUri": "https://teststorageaccount.blob.core.windows.net/azureml-blobstore-6d334fd6-79ff-46da-972b-2a0c0eda678f/az-ml-artifacts/00000000000000000000000000000000/COMPONENT_PLACEHOLDER",
      "RequestMethod": "HEAD",
      "RequestHeaders": {
        "Accept": "application/xml",
        "Accept-Encoding": "gzip, deflate",
        "Connection": "keep-alive",
        "User-Agent": "azsdk-python-storage-blob/12.13.1 Python/3.9.13 (Windows-10-10.0.22621-SP0)",
        "x-ms-date": "Fri, 04 Nov 2022 08:55:38 GMT",
        "x-ms-version": "2021-08-06"
      },
      "RequestBody": null,
      "StatusCode": 404,
      "ResponseHeaders": {
        "Date": "Fri, 04 Nov 2022 08:55:38 GMT",
        "Server": [
          "Windows-Azure-Blob/1.0",
          "Microsoft-HTTPAPI/2.0"
        ],
        "Transfer-Encoding": "chunked",
        "Vary": "Origin",
        "x-ms-error-code": "BlobNotFound",
        "x-ms-version": "2021-08-06"
      },
      "ResponseBody": null
    },
    {
      "RequestUri": "https://management.azure.com/subscriptions/00000000-0000-0000-0000-000000000/resourceGroups/00000/providers/Microsoft.MachineLearningServices/workspaces/00000/codes/94a7e131-6059-4c34-991e-49c238a2d03b/versions/1?api-version=2022-05-01",
      "RequestMethod": "PUT",
      "RequestHeaders": {
        "Accept": "application/json",
        "Accept-Encoding": "gzip, deflate",
        "Connection": "keep-alive",
        "Content-Length": "291",
        "Content-Type": "application/json",
        "User-Agent": "azure-ai-ml/1.1.0 azsdk-python-mgmt-machinelearningservices/0.1.0 Python/3.9.13 (Windows-10-10.0.22621-SP0)"
      },
      "RequestBody": {
        "properties": {
          "properties": {
            "hash_sha256": "0000000000000",
            "hash_version": "0000000000000"
          },
          "isAnonymous": true,
          "isArchived": false,
          "codeUri": "https://teststorageaccount.blob.core.windows.net/azureml-blobstore-6d334fd6-79ff-46da-972b-2a0c0eda678f/LocalUpload/00000000000000000000000000000000"
        }
      },
      "StatusCode": 200,
      "ResponseHeaders": {
        "Cache-Control": "no-cache",
        "Content-Encoding": "gzip",
        "Content-Type": "application/json; charset=utf-8",
        "Date": "Fri, 04 Nov 2022 08:55:39 GMT",
        "Expires": "-1",
        "Pragma": "no-cache",
        "Request-Context": "appId=cid-v1:2d2e8e63-272e-4b3c-8598-4ee570a0e70d",
        "Server-Timing": "traceparent;desc=\u002200-114a3b7742aad7bacf8b3923023ae399-d614e32b0e7d008e-00\u0022",
        "Strict-Transport-Security": "max-age=31536000; includeSubDomains",
        "Transfer-Encoding": "chunked",
        "Vary": [
          "Accept-Encoding",
          "Accept-Encoding"
        ],
        "x-aml-cluster": "vienna-eastus-02",
        "X-Content-Type-Options": "nosniff",
        "x-ms-correlation-request-id": "70bfa1eb-0545-401f-a009-8b2c57d34ea2",
        "x-ms-ratelimit-remaining-subscription-writes": "1195",
        "x-ms-response-type": "standard",
        "x-ms-routing-request-id": "JAPANEAST:20221104T085539Z:70bfa1eb-0545-401f-a009-8b2c57d34ea2",
        "x-request-time": "0.086"
      },
      "ResponseBody": "{\u0022id\u0022:\u0022/subscriptions/00000000-0000-0000-0000-000000000/resourceGroups/00000/providers/Microsoft.MachineLearningServices/workspaces/00000/codes/94a7e131-6059-4c34-991e-49c238a2d03b/versions/1\u0022,\u0022name\u0022:\u00221\u0022,\u0022type\u0022:\u0022Microsoft.MachineLearningServices/workspaces/codes/versions\u0022,\u0022properties\u0022:{\u0022description\u0022:null,\u0022tags\u0022:{},\u0022properties\u0022:{\u0022hash_sha256\u0022:\u00220000000000000\u0022,\u0022hash_version\u0022:\u00220000000000000\u0022},\u0022isArchived\u0022:false,\u0022isAnonymous\u0022:false,\u0022codeUri\u0022:\u0022https://teststorageaccount.blob.core.windows.net/azureml-blobstore-6d334fd6-79ff-46da-972b-2a0c0eda678f/LocalUpload/000000000000000000000000000000000000systemData\u0022:{\u0022createdAt\u0022:\u00222022-11-04T08:53:54.7453042\u002B00:00\u0022,\u0022createdBy\u0022:\u0022Zhengfei Wang\u0022,\u0022createdByType\u0022:\u0022User\u0022,\u0022lastModifiedAt\u0022:\u00222022-11-04T08:55:39.666803\u002B00:00\u0022,\u0022lastModifiedBy\u0022:\u0022Zhengfei Wang\u0022,\u0022lastModifiedByType\u0022:\u0022User\u0022}}"
    },
    {
      "RequestUri": "https://management.azure.com/subscriptions/00000000-0000-0000-0000-000000000/resourceGroups/00000/providers/Microsoft.MachineLearningServices/workspaces/00000/components/azureml_anonymous/versions/000000000000000000000?api-version=2022-05-01",
      "RequestMethod": "PUT",
      "RequestHeaders": {
        "Accept": "application/json",
        "Accept-Encoding": "gzip, deflate",
        "Connection": "keep-alive",
        "Content-Length": "701",
        "Content-Type": "application/json",
        "User-Agent": "azure-ai-ml/1.1.0 azsdk-python-mgmt-machinelearningservices/0.1.0 Python/3.9.13 (Windows-10-10.0.22621-SP0)"
      },
      "RequestBody": {
        "properties": {
          "properties": {},
          "tags": {},
          "isAnonymous": true,
          "isArchived": false,
          "componentSpec": {
            "command": "echo \u0022hello world\u0022",
            "code": "azureml:/subscriptions/00000000-0000-0000-0000-000000000/resourceGroups/00000/providers/Microsoft.MachineLearningServices/workspaces/00000/codes/94a7e131-6059-4c34-991e-49c238a2d03b/versions/1",
            "environment": "azureml:AzureML-sklearn-0.24-ubuntu18.04-py37-cpu:5",
            "name": "azureml_anonymous",
            "tags": {},
            "version": "000000000000000000000",
            "display_name": "my-evaluate-job",
            "is_deterministic": true,
            "inputs": {
              "scoring_result": {
                "type": "uri_folder"
              }
            },
            "outputs": {
              "eval_output": {
                "type": "uri_folder"
              }
            },
            "type": "command",
            "_source": "BUILDER"
          }
        }
      },
      "StatusCode": 201,
      "ResponseHeaders": {
        "Cache-Control": "no-cache",
        "Content-Length": "1713",
        "Content-Type": "application/json; charset=utf-8",
        "Date": "Fri, 04 Nov 2022 08:55:40 GMT",
        "Expires": "-1",
        "Location": "https://management.azure.com/subscriptions/00000000-0000-0000-0000-000000000/resourceGroups/00000/providers/Microsoft.MachineLearningServices/workspaces/00000/components/azureml_anonymous/versions/000000000000000000000?api-version=2022-05-01",
        "Pragma": "no-cache",
        "Request-Context": "appId=cid-v1:2d2e8e63-272e-4b3c-8598-4ee570a0e70d",
        "Server-Timing": "traceparent;desc=\u002200-d4c7a9070b8f7b86014980c177c5e466-58b5e14c03b5b873-00\u0022",
        "Strict-Transport-Security": "max-age=31536000; includeSubDomains",
        "x-aml-cluster": "vienna-eastus-02",
        "X-Content-Type-Options": "nosniff",
        "x-ms-correlation-request-id": "014363fb-9f6f-4722-95ba-1a246d90dfa1",
        "x-ms-ratelimit-remaining-subscription-writes": "1194",
        "x-ms-response-type": "standard",
        "x-ms-routing-request-id": "JAPANEAST:20221104T085540Z:014363fb-9f6f-4722-95ba-1a246d90dfa1",
        "x-request-time": "0.440"
      },
      "ResponseBody": {
        "id": "/subscriptions/00000000-0000-0000-0000-000000000/resourceGroups/00000/providers/Microsoft.MachineLearningServices/workspaces/00000/components/azureml_anonymous/versions/0a6b67db-06d1-415c-8582-9d9e8d7c0819",
        "name": "0a6b67db-06d1-415c-8582-9d9e8d7c0819",
        "type": "Microsoft.MachineLearningServices/workspaces/components/versions",
        "properties": {
          "description": null,
          "tags": {},
          "properties": {},
          "isArchived": false,
          "isAnonymous": true,
          "componentSpec": {
            "name": "azureml_anonymous",
            "version": "0a6b67db-06d1-415c-8582-9d9e8d7c0819",
            "display_name": "my-evaluate-job",
            "is_deterministic": "True",
            "type": "command",
            "inputs": {
              "scoring_result": {
                "type": "uri_folder",
                "optional": "False"
              }
            },
            "outputs": {
              "eval_output": {
                "type": "uri_folder"
              }
            },
            "code": "azureml:/subscriptions/00000000-0000-0000-0000-000000000/resourceGroups/00000/providers/Microsoft.MachineLearningServices/workspaces/00000/codes/94a7e131-6059-4c34-991e-49c238a2d03b/versions/1",
            "environment": "azureml://registries/azureml/environments/AzureML-sklearn-0.24-ubuntu18.04-py37-cpu/versions/5",
            "resources": {
              "instance_count": "1"
            },
            "command": "echo \u0022hello world\u0022",
            "$schema": "https://componentsdk.azureedge.net/jsonschema/CommandComponent.json"
          }
        },
        "systemData": {
          "createdAt": "2022-11-04T08:53:55.7986323\u002B00:00",
          "createdBy": "Zhengfei Wang",
          "createdByType": "User",
          "lastModifiedAt": "2022-11-04T08:53:55.9891569\u002B00:00",
          "lastModifiedBy": "Zhengfei Wang",
          "lastModifiedByType": "User"
        }
      }
    },
    {
      "RequestUri": "https://management.azure.com/subscriptions/00000000-0000-0000-0000-000000000/resourceGroups/00000/providers/Microsoft.MachineLearningServices/workspaces/00000/datastores/workspaceblobstore?api-version=2022-05-01",
      "RequestMethod": "GET",
      "RequestHeaders": {
        "Accept": "application/json",
        "Accept-Encoding": "gzip, deflate",
        "Connection": "keep-alive",
        "User-Agent": "azure-ai-ml/1.1.0 azsdk-python-mgmt-machinelearningservices/0.1.0 Python/3.9.13 (Windows-10-10.0.22621-SP0)"
      },
      "RequestBody": null,
      "StatusCode": 200,
      "ResponseHeaders": {
        "Cache-Control": "no-cache",
        "Content-Encoding": "gzip",
        "Content-Type": "application/json; charset=utf-8",
        "Date": "Fri, 04 Nov 2022 08:55:40 GMT",
        "Expires": "-1",
        "Pragma": "no-cache",
        "Request-Context": "appId=cid-v1:2d2e8e63-272e-4b3c-8598-4ee570a0e70d",
        "Server-Timing": "traceparent;desc=\u002200-6864b08ca86912eea332a74b9007b60c-1b9575928536d96b-00\u0022",
        "Strict-Transport-Security": "max-age=31536000; includeSubDomains",
        "Transfer-Encoding": "chunked",
        "Vary": [
          "Accept-Encoding",
          "Accept-Encoding"
        ],
        "x-aml-cluster": "vienna-eastus-02",
        "X-Content-Type-Options": "nosniff",
        "x-ms-correlation-request-id": "3de32aec-d821-49c1-ad31-e23e95313d64",
        "x-ms-ratelimit-remaining-subscription-reads": "11986",
        "x-ms-response-type": "standard",
        "x-ms-routing-request-id": "JAPANEAST:20221104T085541Z:3de32aec-d821-49c1-ad31-e23e95313d64",
        "x-request-time": "0.091"
      },
      "ResponseBody": {
        "id": "/subscriptions/00000000-0000-0000-0000-000000000/resourceGroups/00000/providers/Microsoft.MachineLearningServices/workspaces/00000/datastores/workspaceblobstore",
        "name": "workspaceblobstore",
        "type": "Microsoft.MachineLearningServices/workspaces/datastores",
        "properties": {
          "description": null,
          "tags": null,
          "properties": null,
          "isDefault": true,
          "credentials": {
            "credentialsType": "AccountKey"
          },
          "datastoreType": "AzureBlob",
          "accountName": "teststorageaccount",
          "containerName": "azureml-blobstore-6d334fd6-79ff-46da-972b-2a0c0eda678f",
          "endpoint": "core.windows.net",
          "protocol": "https",
          "serviceDataAccessAuthIdentity": "WorkspaceSystemAssignedIdentity"
        },
        "systemData": {
          "createdAt": "2022-10-31T00:23:40.3670316\u002B00:00",
          "createdBy": "779301c0-18b2-4cdc-801b-a0a3368fee0a",
          "createdByType": "Application",
          "lastModifiedAt": "2022-10-31T00:23:41.0619586\u002B00:00",
          "lastModifiedBy": "779301c0-18b2-4cdc-801b-a0a3368fee0a",
          "lastModifiedByType": "Application"
        }
      }
    },
    {
      "RequestUri": "https://management.azure.com/subscriptions/00000000-0000-0000-0000-000000000/resourceGroups/00000/providers/Microsoft.MachineLearningServices/workspaces/00000/datastores/workspaceblobstore/listSecrets?api-version=2022-05-01",
      "RequestMethod": "POST",
      "RequestHeaders": {
        "Accept": "application/json",
        "Accept-Encoding": "gzip, deflate",
        "Connection": "keep-alive",
        "Content-Length": "0",
        "User-Agent": "azure-ai-ml/1.1.0 azsdk-python-mgmt-machinelearningservices/0.1.0 Python/3.9.13 (Windows-10-10.0.22621-SP0)"
      },
      "RequestBody": null,
      "StatusCode": 200,
      "ResponseHeaders": {
        "Cache-Control": "no-cache",
        "Content-Encoding": "gzip",
        "Content-Type": "application/json; charset=utf-8",
        "Date": "Fri, 04 Nov 2022 08:55:41 GMT",
        "Expires": "-1",
        "Pragma": "no-cache",
        "Request-Context": "appId=cid-v1:2d2e8e63-272e-4b3c-8598-4ee570a0e70d",
        "Server-Timing": "traceparent;desc=\u002200-c99f5f2a6a65fd89e3c34880ae4aef8e-43ee7b69872661aa-00\u0022",
        "Strict-Transport-Security": "max-age=31536000; includeSubDomains",
        "Transfer-Encoding": "chunked",
        "Vary": "Accept-Encoding",
        "x-aml-cluster": "vienna-eastus-02",
        "X-Content-Type-Options": "nosniff",
        "x-ms-correlation-request-id": "367d9716-f7c6-4992-9cc4-e00ab608205e",
        "x-ms-ratelimit-remaining-subscription-writes": "1196",
        "x-ms-response-type": "standard",
        "x-ms-routing-request-id": "JAPANEAST:20221104T085541Z:367d9716-f7c6-4992-9cc4-e00ab608205e",
        "x-request-time": "0.098"
      },
      "ResponseBody": {
        "secretsType": "AccountKey",
        "key": "dGhpcyBpcyBmYWtlIGtleQ=="
      }
    },
    {
      "RequestUri": "https://teststorageaccount.blob.core.windows.net/azureml-blobstore-6d334fd6-79ff-46da-972b-2a0c0eda678f/LocalUpload/00000000000000000000000000000000/data/sample1.csv",
      "RequestMethod": "HEAD",
      "RequestHeaders": {
        "Accept": "application/xml",
        "Accept-Encoding": "gzip, deflate",
        "Connection": "keep-alive",
        "User-Agent": "azsdk-python-storage-blob/12.13.1 Python/3.9.13 (Windows-10-10.0.22621-SP0)",
        "x-ms-date": "Fri, 04 Nov 2022 08:55:41 GMT",
        "x-ms-version": "2021-08-06"
      },
      "RequestBody": null,
      "StatusCode": 200,
      "ResponseHeaders": {
        "Accept-Ranges": "bytes",
        "Content-Length": "508",
        "Content-MD5": "dUQjYq1qrTeqLOaZ4N2AUQ==",
        "Content-Type": "application/octet-stream",
        "Date": "Fri, 04 Nov 2022 08:55:41 GMT",
        "ETag": "\u00220x8DABE421C576C27\u0022",
        "Last-Modified": "Fri, 04 Nov 2022 08:53:57 GMT",
        "Server": [
          "Windows-Azure-Blob/1.0",
          "Microsoft-HTTPAPI/2.0"
        ],
        "Vary": "Origin",
        "x-ms-access-tier": "Hot",
        "x-ms-access-tier-inferred": "true",
        "x-ms-blob-type": "BlockBlob",
        "x-ms-creation-time": "Fri, 04 Nov 2022 08:53:57 GMT",
        "x-ms-lease-state": "available",
        "x-ms-lease-status": "unlocked",
        "x-ms-meta-name": "1772cdc6-49a7-49ce-a904-6c936c9d0c57",
        "x-ms-meta-upload_status": "completed",
        "x-ms-meta-version": "fc2bc1a1-b6e6-4054-b6f8-a08ab3516307",
        "x-ms-server-encrypted": "true",
        "x-ms-version": "2021-08-06"
      },
      "ResponseBody": null
    },
    {
      "RequestUri": "https://teststorageaccount.blob.core.windows.net/azureml-blobstore-6d334fd6-79ff-46da-972b-2a0c0eda678f/az-ml-artifacts/00000000000000000000000000000000/data/sample1.csv",
      "RequestMethod": "HEAD",
      "RequestHeaders": {
        "Accept": "application/xml",
        "Accept-Encoding": "gzip, deflate",
        "Connection": "keep-alive",
        "User-Agent": "azsdk-python-storage-blob/12.13.1 Python/3.9.13 (Windows-10-10.0.22621-SP0)",
        "x-ms-date": "Fri, 04 Nov 2022 08:55:41 GMT",
        "x-ms-version": "2021-08-06"
      },
      "RequestBody": null,
      "StatusCode": 404,
      "ResponseHeaders": {
        "Date": "Fri, 04 Nov 2022 08:55:41 GMT",
        "Server": [
          "Windows-Azure-Blob/1.0",
          "Microsoft-HTTPAPI/2.0"
        ],
        "Transfer-Encoding": "chunked",
        "Vary": "Origin",
        "x-ms-error-code": "BlobNotFound",
        "x-ms-version": "2021-08-06"
      },
      "ResponseBody": null
    },
    {
      "RequestUri": "https://management.azure.com/subscriptions/00000000-0000-0000-0000-000000000/resourceGroups/00000/providers/Microsoft.MachineLearningServices/workspaces/00000/datastores/workspaceblobstore?api-version=2022-05-01",
      "RequestMethod": "GET",
      "RequestHeaders": {
        "Accept": "application/json",
        "Accept-Encoding": "gzip, deflate",
        "Connection": "keep-alive",
        "User-Agent": "azure-ai-ml/1.1.0 azsdk-python-mgmt-machinelearningservices/0.1.0 Python/3.9.13 (Windows-10-10.0.22621-SP0)"
      },
      "RequestBody": null,
      "StatusCode": 200,
      "ResponseHeaders": {
        "Cache-Control": "no-cache",
        "Content-Encoding": "gzip",
        "Content-Type": "application/json; charset=utf-8",
        "Date": "Fri, 04 Nov 2022 08:55:42 GMT",
        "Expires": "-1",
        "Pragma": "no-cache",
        "Request-Context": "appId=cid-v1:2d2e8e63-272e-4b3c-8598-4ee570a0e70d",
        "Server-Timing": "traceparent;desc=\u002200-4754b941edb887c49d3d4842cc566858-cc672e9a8454c38b-00\u0022",
        "Strict-Transport-Security": "max-age=31536000; includeSubDomains",
        "Transfer-Encoding": "chunked",
        "Vary": [
          "Accept-Encoding",
          "Accept-Encoding"
        ],
        "x-aml-cluster": "vienna-eastus-02",
        "X-Content-Type-Options": "nosniff",
        "x-ms-correlation-request-id": "6c6b8051-7a91-4b61-bb09-7c8e8b094112",
        "x-ms-ratelimit-remaining-subscription-reads": "11985",
        "x-ms-response-type": "standard",
        "x-ms-routing-request-id": "JAPANEAST:20221104T085542Z:6c6b8051-7a91-4b61-bb09-7c8e8b094112",
        "x-request-time": "0.158"
      },
      "ResponseBody": {
        "id": "/subscriptions/00000000-0000-0000-0000-000000000/resourceGroups/00000/providers/Microsoft.MachineLearningServices/workspaces/00000/datastores/workspaceblobstore",
        "name": "workspaceblobstore",
        "type": "Microsoft.MachineLearningServices/workspaces/datastores",
        "properties": {
          "description": null,
          "tags": null,
          "properties": null,
          "isDefault": true,
          "credentials": {
            "credentialsType": "AccountKey"
          },
          "datastoreType": "AzureBlob",
          "accountName": "teststorageaccount",
          "containerName": "azureml-blobstore-6d334fd6-79ff-46da-972b-2a0c0eda678f",
          "endpoint": "core.windows.net",
          "protocol": "https",
          "serviceDataAccessAuthIdentity": "WorkspaceSystemAssignedIdentity"
        },
        "systemData": {
          "createdAt": "2022-10-31T00:23:40.3670316\u002B00:00",
          "createdBy": "779301c0-18b2-4cdc-801b-a0a3368fee0a",
          "createdByType": "Application",
          "lastModifiedAt": "2022-10-31T00:23:41.0619586\u002B00:00",
          "lastModifiedBy": "779301c0-18b2-4cdc-801b-a0a3368fee0a",
          "lastModifiedByType": "Application"
        }
      }
    },
    {
      "RequestUri": "https://management.azure.com/subscriptions/00000000-0000-0000-0000-000000000/resourceGroups/00000/providers/Microsoft.MachineLearningServices/workspaces/00000/datastores/workspaceblobstore/listSecrets?api-version=2022-05-01",
      "RequestMethod": "POST",
      "RequestHeaders": {
        "Accept": "application/json",
        "Accept-Encoding": "gzip, deflate",
        "Connection": "keep-alive",
        "Content-Length": "0",
        "User-Agent": "azure-ai-ml/1.1.0 azsdk-python-mgmt-machinelearningservices/0.1.0 Python/3.9.13 (Windows-10-10.0.22621-SP0)"
      },
      "RequestBody": null,
      "StatusCode": 200,
      "ResponseHeaders": {
        "Cache-Control": "no-cache",
        "Content-Encoding": "gzip",
        "Content-Type": "application/json; charset=utf-8",
        "Date": "Fri, 04 Nov 2022 08:55:43 GMT",
        "Expires": "-1",
        "Pragma": "no-cache",
        "Request-Context": "appId=cid-v1:2d2e8e63-272e-4b3c-8598-4ee570a0e70d",
        "Server-Timing": "traceparent;desc=\u002200-1781f511b7ae3f011dbefb3a49b05cf6-3795bc20109225f7-01\u0022",
        "Strict-Transport-Security": "max-age=31536000; includeSubDomains",
        "Transfer-Encoding": "chunked",
        "Vary": "Accept-Encoding",
        "x-aml-cluster": "vienna-eastus-02",
        "X-Content-Type-Options": "nosniff",
        "x-ms-correlation-request-id": "c84a1ed4-e7cd-4103-96f2-381bbefc1e3c",
        "x-ms-ratelimit-remaining-subscription-writes": "1195",
        "x-ms-response-type": "standard",
        "x-ms-routing-request-id": "JAPANEAST:20221104T085543Z:c84a1ed4-e7cd-4103-96f2-381bbefc1e3c",
        "x-request-time": "0.254"
      },
      "ResponseBody": {
        "secretsType": "AccountKey",
        "key": "dGhpcyBpcyBmYWtlIGtleQ=="
      }
    },
    {
      "RequestUri": "https://teststorageaccount.blob.core.windows.net/azureml-blobstore-6d334fd6-79ff-46da-972b-2a0c0eda678f/LocalUpload/00000000000000000000000000000000/data/sample1.csv",
      "RequestMethod": "HEAD",
      "RequestHeaders": {
        "Accept": "application/xml",
        "Accept-Encoding": "gzip, deflate",
        "Connection": "keep-alive",
        "User-Agent": "azsdk-python-storage-blob/12.13.1 Python/3.9.13 (Windows-10-10.0.22621-SP0)",
        "x-ms-date": "Fri, 04 Nov 2022 08:55:42 GMT",
        "x-ms-version": "2021-08-06"
      },
      "RequestBody": null,
      "StatusCode": 200,
      "ResponseHeaders": {
        "Accept-Ranges": "bytes",
        "Content-Length": "508",
        "Content-MD5": "dUQjYq1qrTeqLOaZ4N2AUQ==",
        "Content-Type": "application/octet-stream",
        "Date": "Fri, 04 Nov 2022 08:55:43 GMT",
        "ETag": "\u00220x8DABE421C576C27\u0022",
        "Last-Modified": "Fri, 04 Nov 2022 08:53:57 GMT",
        "Server": [
          "Windows-Azure-Blob/1.0",
          "Microsoft-HTTPAPI/2.0"
        ],
        "Vary": "Origin",
        "x-ms-access-tier": "Hot",
        "x-ms-access-tier-inferred": "true",
        "x-ms-blob-type": "BlockBlob",
        "x-ms-creation-time": "Fri, 04 Nov 2022 08:53:57 GMT",
        "x-ms-lease-state": "available",
        "x-ms-lease-status": "unlocked",
        "x-ms-meta-name": "1772cdc6-49a7-49ce-a904-6c936c9d0c57",
        "x-ms-meta-upload_status": "completed",
        "x-ms-meta-version": "fc2bc1a1-b6e6-4054-b6f8-a08ab3516307",
        "x-ms-server-encrypted": "true",
        "x-ms-version": "2021-08-06"
      },
      "ResponseBody": null
    },
    {
      "RequestUri": "https://teststorageaccount.blob.core.windows.net/azureml-blobstore-6d334fd6-79ff-46da-972b-2a0c0eda678f/az-ml-artifacts/00000000000000000000000000000000/data/sample1.csv",
      "RequestMethod": "HEAD",
      "RequestHeaders": {
        "Accept": "application/xml",
        "Accept-Encoding": "gzip, deflate",
        "Connection": "keep-alive",
        "User-Agent": "azsdk-python-storage-blob/12.13.1 Python/3.9.13 (Windows-10-10.0.22621-SP0)",
        "x-ms-date": "Fri, 04 Nov 2022 08:55:43 GMT",
        "x-ms-version": "2021-08-06"
      },
      "RequestBody": null,
      "StatusCode": 404,
      "ResponseHeaders": {
        "Date": "Fri, 04 Nov 2022 08:55:43 GMT",
        "Server": [
          "Windows-Azure-Blob/1.0",
          "Microsoft-HTTPAPI/2.0"
        ],
        "Transfer-Encoding": "chunked",
        "Vary": "Origin",
        "x-ms-error-code": "BlobNotFound",
        "x-ms-version": "2021-08-06"
      },
      "ResponseBody": null
    },
    {
      "RequestUri": "https://management.azure.com/subscriptions/00000000-0000-0000-0000-000000000/resourceGroups/00000/providers/Microsoft.MachineLearningServices/workspaces/00000/datastores/workspaceblobstore?api-version=2022-05-01",
      "RequestMethod": "GET",
      "RequestHeaders": {
        "Accept": "application/json",
        "Accept-Encoding": "gzip, deflate",
        "Connection": "keep-alive",
        "User-Agent": "azure-ai-ml/1.1.0 azsdk-python-mgmt-machinelearningservices/0.1.0 Python/3.9.13 (Windows-10-10.0.22621-SP0)"
      },
      "RequestBody": null,
      "StatusCode": 200,
      "ResponseHeaders": {
        "Cache-Control": "no-cache",
        "Content-Encoding": "gzip",
        "Content-Type": "application/json; charset=utf-8",
        "Date": "Fri, 04 Nov 2022 08:55:44 GMT",
        "Expires": "-1",
        "Pragma": "no-cache",
        "Request-Context": "appId=cid-v1:2d2e8e63-272e-4b3c-8598-4ee570a0e70d",
        "Server-Timing": "traceparent;desc=\u002200-b899bfe5e28da259b3d3934dde6b6c8d-c3af62088deb0a99-00\u0022",
        "Strict-Transport-Security": "max-age=31536000; includeSubDomains",
        "Transfer-Encoding": "chunked",
        "Vary": [
          "Accept-Encoding",
          "Accept-Encoding"
        ],
        "x-aml-cluster": "vienna-eastus-02",
        "X-Content-Type-Options": "nosniff",
        "x-ms-correlation-request-id": "16948c89-1e24-4a8c-8467-4ac82506daa4",
        "x-ms-ratelimit-remaining-subscription-reads": "11984",
        "x-ms-response-type": "standard",
        "x-ms-routing-request-id": "JAPANEAST:20221104T085544Z:16948c89-1e24-4a8c-8467-4ac82506daa4",
        "x-request-time": "0.100"
      },
      "ResponseBody": {
        "id": "/subscriptions/00000000-0000-0000-0000-000000000/resourceGroups/00000/providers/Microsoft.MachineLearningServices/workspaces/00000/datastores/workspaceblobstore",
        "name": "workspaceblobstore",
        "type": "Microsoft.MachineLearningServices/workspaces/datastores",
        "properties": {
          "description": null,
          "tags": null,
          "properties": null,
          "isDefault": true,
          "credentials": {
            "credentialsType": "AccountKey"
          },
          "datastoreType": "AzureBlob",
          "accountName": "teststorageaccount",
          "containerName": "azureml-blobstore-6d334fd6-79ff-46da-972b-2a0c0eda678f",
          "endpoint": "core.windows.net",
          "protocol": "https",
          "serviceDataAccessAuthIdentity": "WorkspaceSystemAssignedIdentity"
        },
        "systemData": {
          "createdAt": "2022-10-31T00:23:40.3670316\u002B00:00",
          "createdBy": "779301c0-18b2-4cdc-801b-a0a3368fee0a",
          "createdByType": "Application",
          "lastModifiedAt": "2022-10-31T00:23:41.0619586\u002B00:00",
          "lastModifiedBy": "779301c0-18b2-4cdc-801b-a0a3368fee0a",
          "lastModifiedByType": "Application"
        }
      }
    },
    {
      "RequestUri": "https://management.azure.com/subscriptions/00000000-0000-0000-0000-000000000/resourceGroups/00000/providers/Microsoft.MachineLearningServices/workspaces/00000/datastores/workspaceblobstore/listSecrets?api-version=2022-05-01",
      "RequestMethod": "POST",
      "RequestHeaders": {
        "Accept": "application/json",
        "Accept-Encoding": "gzip, deflate",
        "Connection": "keep-alive",
        "Content-Length": "0",
        "User-Agent": "azure-ai-ml/1.1.0 azsdk-python-mgmt-machinelearningservices/0.1.0 Python/3.9.13 (Windows-10-10.0.22621-SP0)"
      },
      "RequestBody": null,
      "StatusCode": 200,
      "ResponseHeaders": {
        "Cache-Control": "no-cache",
        "Content-Encoding": "gzip",
        "Content-Type": "application/json; charset=utf-8",
        "Date": "Fri, 04 Nov 2022 08:55:44 GMT",
        "Expires": "-1",
        "Pragma": "no-cache",
        "Request-Context": "appId=cid-v1:2d2e8e63-272e-4b3c-8598-4ee570a0e70d",
        "Server-Timing": "traceparent;desc=\u002200-12d87e23c0b5931bcb0a6bfba4db77f2-82ccb0fa5fcbb5e6-00\u0022",
        "Strict-Transport-Security": "max-age=31536000; includeSubDomains",
        "Transfer-Encoding": "chunked",
        "Vary": "Accept-Encoding",
        "x-aml-cluster": "vienna-eastus-02",
        "X-Content-Type-Options": "nosniff",
        "x-ms-correlation-request-id": "00296d67-a9ee-431b-81b0-18ad87a9b05b",
        "x-ms-ratelimit-remaining-subscription-writes": "1194",
        "x-ms-response-type": "standard",
        "x-ms-routing-request-id": "JAPANEAST:20221104T085545Z:00296d67-a9ee-431b-81b0-18ad87a9b05b",
        "x-request-time": "0.097"
      },
      "ResponseBody": {
        "secretsType": "AccountKey",
        "key": "dGhpcyBpcyBmYWtlIGtleQ=="
      }
    },
    {
      "RequestUri": "https://teststorageaccount.blob.core.windows.net/azureml-blobstore-6d334fd6-79ff-46da-972b-2a0c0eda678f/LocalUpload/00000000000000000000000000000000/data/sample1.csv",
      "RequestMethod": "HEAD",
      "RequestHeaders": {
        "Accept": "application/xml",
        "Accept-Encoding": "gzip, deflate",
        "Connection": "keep-alive",
        "User-Agent": "azsdk-python-storage-blob/12.13.1 Python/3.9.13 (Windows-10-10.0.22621-SP0)",
        "x-ms-date": "Fri, 04 Nov 2022 08:55:44 GMT",
        "x-ms-version": "2021-08-06"
      },
      "RequestBody": null,
      "StatusCode": 200,
      "ResponseHeaders": {
        "Accept-Ranges": "bytes",
        "Content-Length": "508",
        "Content-MD5": "dUQjYq1qrTeqLOaZ4N2AUQ==",
        "Content-Type": "application/octet-stream",
        "Date": "Fri, 04 Nov 2022 08:55:44 GMT",
        "ETag": "\u00220x8DABE421C576C27\u0022",
        "Last-Modified": "Fri, 04 Nov 2022 08:53:57 GMT",
        "Server": [
          "Windows-Azure-Blob/1.0",
          "Microsoft-HTTPAPI/2.0"
        ],
        "Vary": "Origin",
        "x-ms-access-tier": "Hot",
        "x-ms-access-tier-inferred": "true",
        "x-ms-blob-type": "BlockBlob",
        "x-ms-creation-time": "Fri, 04 Nov 2022 08:53:57 GMT",
        "x-ms-lease-state": "available",
        "x-ms-lease-status": "unlocked",
        "x-ms-meta-name": "1772cdc6-49a7-49ce-a904-6c936c9d0c57",
        "x-ms-meta-upload_status": "completed",
        "x-ms-meta-version": "fc2bc1a1-b6e6-4054-b6f8-a08ab3516307",
        "x-ms-server-encrypted": "true",
        "x-ms-version": "2021-08-06"
      },
      "ResponseBody": null
    },
    {
      "RequestUri": "https://teststorageaccount.blob.core.windows.net/azureml-blobstore-6d334fd6-79ff-46da-972b-2a0c0eda678f/az-ml-artifacts/00000000000000000000000000000000/data/sample1.csv",
      "RequestMethod": "HEAD",
      "RequestHeaders": {
        "Accept": "application/xml",
        "Accept-Encoding": "gzip, deflate",
        "Connection": "keep-alive",
        "User-Agent": "azsdk-python-storage-blob/12.13.1 Python/3.9.13 (Windows-10-10.0.22621-SP0)",
        "x-ms-date": "Fri, 04 Nov 2022 08:55:44 GMT",
        "x-ms-version": "2021-08-06"
      },
      "RequestBody": null,
      "StatusCode": 404,
      "ResponseHeaders": {
        "Date": "Fri, 04 Nov 2022 08:55:45 GMT",
        "Server": [
          "Windows-Azure-Blob/1.0",
          "Microsoft-HTTPAPI/2.0"
        ],
        "Transfer-Encoding": "chunked",
        "Vary": "Origin",
        "x-ms-error-code": "BlobNotFound",
        "x-ms-version": "2021-08-06"
      },
      "ResponseBody": null
    },
    {
      "RequestUri": "https://management.azure.com/subscriptions/00000000-0000-0000-0000-000000000/resourceGroups/00000/providers/Microsoft.MachineLearningServices/workspaces/00000/datastores/workspaceblobstore?api-version=2022-05-01",
      "RequestMethod": "GET",
      "RequestHeaders": {
        "Accept": "application/json",
        "Accept-Encoding": "gzip, deflate",
        "Connection": "keep-alive",
        "User-Agent": "azure-ai-ml/1.1.0 azsdk-python-mgmt-machinelearningservices/0.1.0 Python/3.9.13 (Windows-10-10.0.22621-SP0)"
      },
      "RequestBody": null,
      "StatusCode": 200,
      "ResponseHeaders": {
        "Cache-Control": "no-cache",
        "Content-Encoding": "gzip",
        "Content-Type": "application/json; charset=utf-8",
        "Date": "Fri, 04 Nov 2022 08:55:45 GMT",
        "Expires": "-1",
        "Pragma": "no-cache",
        "Request-Context": "appId=cid-v1:2d2e8e63-272e-4b3c-8598-4ee570a0e70d",
        "Server-Timing": "traceparent;desc=\u002200-7707bd598474471cc1054f577f93d6ca-a6a0e4bee2f145ea-00\u0022",
        "Strict-Transport-Security": "max-age=31536000; includeSubDomains",
        "Transfer-Encoding": "chunked",
        "Vary": [
          "Accept-Encoding",
          "Accept-Encoding"
        ],
        "x-aml-cluster": "vienna-eastus-02",
        "X-Content-Type-Options": "nosniff",
        "x-ms-correlation-request-id": "2cc7ee22-1b94-4ea7-8302-e36df101dafa",
        "x-ms-ratelimit-remaining-subscription-reads": "11983",
        "x-ms-response-type": "standard",
        "x-ms-routing-request-id": "JAPANEAST:20221104T085546Z:2cc7ee22-1b94-4ea7-8302-e36df101dafa",
        "x-request-time": "0.114"
      },
      "ResponseBody": {
        "id": "/subscriptions/00000000-0000-0000-0000-000000000/resourceGroups/00000/providers/Microsoft.MachineLearningServices/workspaces/00000/datastores/workspaceblobstore",
        "name": "workspaceblobstore",
        "type": "Microsoft.MachineLearningServices/workspaces/datastores",
        "properties": {
          "description": null,
          "tags": null,
          "properties": null,
          "isDefault": true,
          "credentials": {
            "credentialsType": "AccountKey"
          },
          "datastoreType": "AzureBlob",
          "accountName": "teststorageaccount",
          "containerName": "azureml-blobstore-6d334fd6-79ff-46da-972b-2a0c0eda678f",
          "endpoint": "core.windows.net",
          "protocol": "https",
          "serviceDataAccessAuthIdentity": "WorkspaceSystemAssignedIdentity"
        },
        "systemData": {
          "createdAt": "2022-10-31T00:23:40.3670316\u002B00:00",
          "createdBy": "779301c0-18b2-4cdc-801b-a0a3368fee0a",
          "createdByType": "Application",
          "lastModifiedAt": "2022-10-31T00:23:41.0619586\u002B00:00",
          "lastModifiedBy": "779301c0-18b2-4cdc-801b-a0a3368fee0a",
          "lastModifiedByType": "Application"
        }
      }
    },
    {
      "RequestUri": "https://management.azure.com/subscriptions/00000000-0000-0000-0000-000000000/resourceGroups/00000/providers/Microsoft.MachineLearningServices/workspaces/00000/datastores/workspaceblobstore/listSecrets?api-version=2022-05-01",
      "RequestMethod": "POST",
      "RequestHeaders": {
        "Accept": "application/json",
        "Accept-Encoding": "gzip, deflate",
        "Connection": "keep-alive",
        "Content-Length": "0",
        "User-Agent": "azure-ai-ml/1.1.0 azsdk-python-mgmt-machinelearningservices/0.1.0 Python/3.9.13 (Windows-10-10.0.22621-SP0)"
      },
      "RequestBody": null,
      "StatusCode": 200,
      "ResponseHeaders": {
        "Cache-Control": "no-cache",
        "Content-Encoding": "gzip",
        "Content-Type": "application/json; charset=utf-8",
        "Date": "Fri, 04 Nov 2022 08:55:46 GMT",
        "Expires": "-1",
        "Pragma": "no-cache",
        "Request-Context": "appId=cid-v1:2d2e8e63-272e-4b3c-8598-4ee570a0e70d",
        "Server-Timing": "traceparent;desc=\u002200-609726fbed2d8f835cad6d58ed9d041d-2147e385cc771057-00\u0022",
        "Strict-Transport-Security": "max-age=31536000; includeSubDomains",
        "Transfer-Encoding": "chunked",
        "Vary": "Accept-Encoding",
        "x-aml-cluster": "vienna-eastus-02",
        "X-Content-Type-Options": "nosniff",
        "x-ms-correlation-request-id": "1e3d6e2a-06fe-4214-8a7b-6c68692936d5",
        "x-ms-ratelimit-remaining-subscription-writes": "1193",
        "x-ms-response-type": "standard",
        "x-ms-routing-request-id": "JAPANEAST:20221104T085546Z:1e3d6e2a-06fe-4214-8a7b-6c68692936d5",
        "x-request-time": "0.108"
      },
      "ResponseBody": {
        "secretsType": "AccountKey",
        "key": "dGhpcyBpcyBmYWtlIGtleQ=="
      }
    },
    {
      "RequestUri": "https://teststorageaccount.blob.core.windows.net/azureml-blobstore-6d334fd6-79ff-46da-972b-2a0c0eda678f/LocalUpload/00000000000000000000000000000000/data/sample1.csv",
      "RequestMethod": "HEAD",
      "RequestHeaders": {
        "Accept": "application/xml",
        "Accept-Encoding": "gzip, deflate",
        "Connection": "keep-alive",
        "User-Agent": "azsdk-python-storage-blob/12.13.1 Python/3.9.13 (Windows-10-10.0.22621-SP0)",
        "x-ms-date": "Fri, 04 Nov 2022 08:55:46 GMT",
        "x-ms-version": "2021-08-06"
      },
      "RequestBody": null,
      "StatusCode": 200,
      "ResponseHeaders": {
        "Accept-Ranges": "bytes",
        "Content-Length": "508",
        "Content-MD5": "dUQjYq1qrTeqLOaZ4N2AUQ==",
        "Content-Type": "application/octet-stream",
        "Date": "Fri, 04 Nov 2022 08:55:46 GMT",
        "ETag": "\u00220x8DABE421C576C27\u0022",
        "Last-Modified": "Fri, 04 Nov 2022 08:53:57 GMT",
        "Server": [
          "Windows-Azure-Blob/1.0",
          "Microsoft-HTTPAPI/2.0"
        ],
        "Vary": "Origin",
        "x-ms-access-tier": "Hot",
        "x-ms-access-tier-inferred": "true",
        "x-ms-blob-type": "BlockBlob",
        "x-ms-creation-time": "Fri, 04 Nov 2022 08:53:57 GMT",
        "x-ms-lease-state": "available",
        "x-ms-lease-status": "unlocked",
        "x-ms-meta-name": "1772cdc6-49a7-49ce-a904-6c936c9d0c57",
        "x-ms-meta-upload_status": "completed",
        "x-ms-meta-version": "fc2bc1a1-b6e6-4054-b6f8-a08ab3516307",
        "x-ms-server-encrypted": "true",
        "x-ms-version": "2021-08-06"
      },
      "ResponseBody": null
    },
    {
      "RequestUri": "https://teststorageaccount.blob.core.windows.net/azureml-blobstore-6d334fd6-79ff-46da-972b-2a0c0eda678f/az-ml-artifacts/00000000000000000000000000000000/data/sample1.csv",
      "RequestMethod": "HEAD",
      "RequestHeaders": {
        "Accept": "application/xml",
        "Accept-Encoding": "gzip, deflate",
        "Connection": "keep-alive",
        "User-Agent": "azsdk-python-storage-blob/12.13.1 Python/3.9.13 (Windows-10-10.0.22621-SP0)",
        "x-ms-date": "Fri, 04 Nov 2022 08:55:46 GMT",
        "x-ms-version": "2021-08-06"
      },
      "RequestBody": null,
      "StatusCode": 404,
      "ResponseHeaders": {
        "Date": "Fri, 04 Nov 2022 08:55:46 GMT",
        "Server": [
          "Windows-Azure-Blob/1.0",
          "Microsoft-HTTPAPI/2.0"
        ],
        "Transfer-Encoding": "chunked",
        "Vary": "Origin",
        "x-ms-error-code": "BlobNotFound",
        "x-ms-version": "2021-08-06"
      },
      "ResponseBody": null
    },
    {
      "RequestUri": "https://management.azure.com/subscriptions/00000000-0000-0000-0000-000000000/resourceGroups/00000/providers/Microsoft.MachineLearningServices/workspaces/00000/jobs/000000000000000000000?api-version=2022-10-01-preview",
      "RequestMethod": "PUT",
      "RequestHeaders": {
        "Accept": "application/json",
        "Accept-Encoding": "gzip, deflate",
        "Connection": "keep-alive",
        "Content-Length": "3554",
        "Content-Type": "application/json",
        "User-Agent": "azure-ai-ml/1.1.0 azsdk-python-mgmt-machinelearningservices/0.1.0 Python/3.9.13 (Windows-10-10.0.22621-SP0)"
      },
      "RequestBody": {
        "properties": {
          "properties": {},
          "tags": {},
          "computeId": "/subscriptions/00000000-0000-0000-0000-000000000/resourceGroups/AmlComponentNotebook/providers/Microsoft.MachineLearningServices/workspaces/00000/computes/cpu-cluster",
          "displayName": "command_job_in_pipeline",
          "experimentName": "azure-ai-ml",
          "isArchived": false,
          "jobType": "Pipeline",
          "inputs": {
            "pipeline_job_training_input": {
              "uri": "azureml://datastores/workspaceblobstore/paths/LocalUpload/00000000000000000000000000000000/data/",
              "jobInputType": "uri_folder"
            },
            "pipeline_job_test_input": {
              "uri": "azureml://datastores/workspaceblobstore/paths/LocalUpload/00000000000000000000000000000000/data/",
              "jobInputType": "uri_folder"
            },
            "pipeline_job_training_max_epocs": {
              "jobInputType": "literal",
              "value": "20"
            },
            "pipeline_job_training_learning_rate": {
              "jobInputType": "literal",
              "value": "1.8"
            },
            "pipeline_job_learning_rate_schedule": {
              "jobInputType": "literal",
              "value": "time-based"
            }
          },
          "jobs": {
            "train_job": {
              "resources": null,
              "distribution": null,
              "limits": null,
              "environment_variables": {},
              "name": "train_job",
              "type": "command",
              "display_name": "my-train-job",
              "tags": {},
              "computeId": null,
              "inputs": {
                "training_data": {
                  "uri": "azureml://datastores/workspaceblobstore/paths/LocalUpload/00000000000000000000000000000000/data/",
                  "job_input_type": "uri_folder"
                },
                "max_epocs": {
                  "job_input_type": "literal",
                  "value": "20"
                },
                "learning_rate": {
                  "job_input_type": "literal",
                  "value": "1.8"
                },
                "learning_rate_schedule": {
                  "job_input_type": "literal",
                  "value": "time-based"
                }
              },
              "outputs": {},
              "properties": {},
              "_source": "BUILDER",
              "componentId": "/subscriptions/00000000-0000-0000-0000-000000000/resourceGroups/00000/providers/Microsoft.MachineLearningServices/workspaces/00000/components/azureml_anonymous/versions/edfab98a-60c3-4077-ba78-3c79cf580452"
            },
            "score_job": {
              "resources": null,
              "distribution": null,
              "limits": null,
              "environment_variables": {},
              "name": "score_job",
              "type": "command",
              "display_name": "my-score-job",
              "tags": {},
              "computeId": "/subscriptions/00000000-0000-0000-0000-000000000/resourceGroups/AmlComponentNotebook/providers/Microsoft.MachineLearningServices/workspaces/00000/computes/gpu-cluster",
              "inputs": {
                "model_input": {
                  "job_input_type": "literal",
                  "value": "${{parent.jobs.train_job.outputs.model_output}}"
                },
                "test_data": {
                  "job_input_type": "literal",
                  "value": "${{parent.inputs.pipeline_job_test_input}}"
                }
              },
              "outputs": {},
              "properties": {},
              "_source": "BUILDER",
              "componentId": "/subscriptions/00000000-0000-0000-0000-000000000/resourceGroups/00000/providers/Microsoft.MachineLearningServices/workspaces/00000/components/azureml_anonymous/versions/75eac159-a786-4b79-96cc-8739c8a4b1b9"
            },
            "evaluate_job": {
              "resources": null,
              "distribution": null,
              "limits": null,
              "environment_variables": {},
              "name": "evaluate_job",
              "type": "command",
              "display_name": "my-evaluate-job",
              "tags": {},
              "computeId": "/subscriptions/00000000-0000-0000-0000-000000000/resourceGroups/AmlComponentNotebook/providers/Microsoft.MachineLearningServices/workspaces/00000/computes/cpu-cluster",
              "inputs": {
                "scoring_result": {
                  "uri": "azureml://datastores/workspaceblobstore/paths/LocalUpload/00000000000000000000000000000000/data/",
                  "job_input_type": "uri_folder"
                }
              },
              "outputs": {},
              "properties": {},
              "_source": "BUILDER",
              "componentId": "/subscriptions/00000000-0000-0000-0000-000000000/resourceGroups/00000/providers/Microsoft.MachineLearningServices/workspaces/00000/components/azureml_anonymous/versions/0a6b67db-06d1-415c-8582-9d9e8d7c0819"
            }
          },
          "outputs": {},
          "settings": {
            "_source": "DSL"
          }
        }
      },
      "StatusCode": 201,
      "ResponseHeaders": {
        "Cache-Control": "no-cache",
        "Content-Length": "6608",
        "Content-Type": "application/json; charset=utf-8",
        "Date": "Fri, 04 Nov 2022 08:55:55 GMT",
        "Expires": "-1",
        "Location": "https://management.azure.com/subscriptions/00000000-0000-0000-0000-000000000/resourceGroups/00000/providers/Microsoft.MachineLearningServices/workspaces/00000/jobs/000000000000000000000?api-version=2022-10-01-preview",
        "Pragma": "no-cache",
        "Request-Context": "appId=cid-v1:2d2e8e63-272e-4b3c-8598-4ee570a0e70d",
        "Server-Timing": "traceparent;desc=\u002200-45918b2686473a5ad43cfc0f19dcca34-51e1c077b6885c45-00\u0022",
        "Strict-Transport-Security": "max-age=31536000; includeSubDomains",
        "x-aml-cluster": "vienna-eastus-02",
        "X-Content-Type-Options": "nosniff",
        "x-ms-correlation-request-id": "9e9e6f84-772e-46c5-befd-245038373bbc",
        "x-ms-ratelimit-remaining-subscription-writes": "1193",
        "x-ms-response-type": "standard",
        "x-ms-routing-request-id": "JAPANEAST:20221104T085556Z:9e9e6f84-772e-46c5-befd-245038373bbc",
        "x-request-time": "4.069"
      },
      "ResponseBody": {
        "id": "/subscriptions/00000000-0000-0000-0000-000000000/resourceGroups/00000/providers/Microsoft.MachineLearningServices/workspaces/00000/jobs/000000000000000000000",
        "name": "000000000000000000000",
        "type": "Microsoft.MachineLearningServices/workspaces/jobs",
        "properties": {
          "description": null,
          "tags": {},
          "properties": {
            "azureml.DevPlatv2": "true",
            "azureml.runsource": "azureml.PipelineRun",
            "runSource": "MFE",
            "runType": "HTTP",
            "azureml.parameters": "{\u0022pipeline_job_training_max_epocs\u0022:\u002220\u0022,\u0022pipeline_job_training_learning_rate\u0022:\u00221.8\u0022,\u0022pipeline_job_learning_rate_schedule\u0022:\u0022time-based\u0022}",
            "azureml.continue_on_step_failure": "False",
            "azureml.continue_on_failed_optional_input": "True",
            "azureml.defaultComputeName": "cpu-cluster",
            "azureml.defaultDataStoreName": "workspaceblobstore",
            "azureml.pipelineComponent": "pipelinerun"
          },
          "displayName": "command_job_in_pipeline",
          "status": "Preparing",
          "experimentName": "azure-ai-ml",
          "services": {
            "Tracking": {
              "jobServiceType": "Tracking",
              "port": null,
              "endpoint": "azureml://eastus.api.azureml.ms/mlflow/v1.0/subscriptions/00000000-0000-0000-0000-000000000/resourceGroups/00000/providers/Microsoft.MachineLearningServices/workspaces/00000?",
              "status": null,
              "errorMessage": null,
              "properties": null,
              "nodes": null
            },
            "Studio": {
              "jobServiceType": "Studio",
              "port": null,
              "endpoint": "https://ml.azure.com/runs/000000000000000000000?wsid=/subscriptions/00000000-0000-0000-0000-000000000/resourcegroups/00000/workspaces/00000",
              "status": null,
              "errorMessage": null,
              "properties": null,
              "nodes": null
            }
          },
          "computeId": "/subscriptions/00000000-0000-0000-0000-000000000/resourceGroups/AmlComponentNotebook/providers/Microsoft.MachineLearningServices/workspaces/00000/computes/cpu-cluster",
          "isArchived": false,
          "identity": null,
          "componentId": null,
          "jobType": "Pipeline",
          "settings": {
            "_source": "DSL"
          },
          "jobs": {
            "train_job": {
              "resources": null,
              "distribution": null,
              "limits": null,
              "environment_variables": {},
              "name": "train_job",
              "type": "command",
              "display_name": "my-train-job",
              "tags": {},
              "computeId": null,
              "inputs": {
                "training_data": {
                  "uri": "azureml://datastores/workspaceblobstore/paths/LocalUpload/00000000000000000000000000000000/data/",
                  "job_input_type": "uri_folder"
                },
                "max_epocs": {
                  "job_input_type": "literal",
                  "value": "20"
                },
                "learning_rate": {
                  "job_input_type": "literal",
                  "value": "1.8"
                },
                "learning_rate_schedule": {
                  "job_input_type": "literal",
                  "value": "time-based"
                }
              },
              "outputs": {},
              "properties": {},
              "_source": "BUILDER",
              "componentId": "/subscriptions/00000000-0000-0000-0000-000000000/resourceGroups/00000/providers/Microsoft.MachineLearningServices/workspaces/00000/components/azureml_anonymous/versions/edfab98a-60c3-4077-ba78-3c79cf580452"
            },
            "score_job": {
              "resources": null,
              "distribution": null,
              "limits": null,
              "environment_variables": {},
              "name": "score_job",
              "type": "command",
              "display_name": "my-score-job",
              "tags": {},
              "computeId": "/subscriptions/00000000-0000-0000-0000-000000000/resourceGroups/AmlComponentNotebook/providers/Microsoft.MachineLearningServices/workspaces/00000/computes/gpu-cluster",
              "inputs": {
                "model_input": {
                  "job_input_type": "literal",
                  "value": "${{parent.jobs.train_job.outputs.model_output}}"
                },
                "test_data": {
                  "job_input_type": "literal",
                  "value": "${{parent.inputs.pipeline_job_test_input}}"
                }
              },
              "outputs": {},
              "properties": {},
              "_source": "BUILDER",
              "componentId": "/subscriptions/00000000-0000-0000-0000-000000000/resourceGroups/00000/providers/Microsoft.MachineLearningServices/workspaces/00000/components/azureml_anonymous/versions/75eac159-a786-4b79-96cc-8739c8a4b1b9"
            },
            "evaluate_job": {
              "resources": null,
              "distribution": null,
              "limits": null,
              "environment_variables": {},
              "name": "evaluate_job",
              "type": "command",
              "display_name": "my-evaluate-job",
              "tags": {},
              "computeId": "/subscriptions/00000000-0000-0000-0000-000000000/resourceGroups/AmlComponentNotebook/providers/Microsoft.MachineLearningServices/workspaces/00000/computes/cpu-cluster",
              "inputs": {
                "scoring_result": {
                  "uri": "azureml://datastores/workspaceblobstore/paths/LocalUpload/00000000000000000000000000000000/data/",
                  "job_input_type": "uri_folder"
                }
              },
              "outputs": {},
              "properties": {},
              "_source": "BUILDER",
              "componentId": "/subscriptions/00000000-0000-0000-0000-000000000/resourceGroups/00000/providers/Microsoft.MachineLearningServices/workspaces/00000/components/azureml_anonymous/versions/0a6b67db-06d1-415c-8582-9d9e8d7c0819"
            }
          },
          "inputs": {
            "pipeline_job_training_input": {
              "description": null,
              "uri": "azureml://datastores/workspaceblobstore/paths/LocalUpload/00000000000000000000000000000000/data/",
              "mode": "ReadOnlyMount",
              "jobInputType": "uri_folder"
            },
            "pipeline_job_test_input": {
              "description": null,
              "uri": "azureml://datastores/workspaceblobstore/paths/LocalUpload/00000000000000000000000000000000/data/",
              "mode": "ReadOnlyMount",
              "jobInputType": "uri_folder"
            },
            "pipeline_job_training_max_epocs": {
              "description": null,
              "jobInputType": "literal",
              "value": "20"
            },
            "pipeline_job_training_learning_rate": {
              "description": null,
              "jobInputType": "literal",
              "value": "1.8"
            },
            "pipeline_job_learning_rate_schedule": {
              "description": null,
              "jobInputType": "literal",
              "value": "time-based"
            }
          },
          "outputs": {},
          "sourceJobId": null
        },
        "systemData": {
          "createdAt": "2022-11-04T08:55:55.6726043\u002B00:00",
          "createdBy": "Zhengfei Wang",
          "createdByType": "User"
        }
      }
    }
  ],
  "Variables": {}
}
