{
  "Entries": [
    {
      "RequestUri": "https://management.azure.com/subscriptions/00000000-0000-0000-0000-000000000/resourceGroups/00000/providers/Microsoft.MachineLearningServices/workspaces/00000/computes/cpu-cluster?api-version=2022-10-01-preview",
      "RequestMethod": "GET",
      "RequestHeaders": {
        "Accept": "application/json",
        "Accept-Encoding": "gzip, deflate",
        "Connection": "keep-alive",
        "User-Agent": "azure-ai-ml/1.3.0 azsdk-python-mgmt-machinelearningservices/0.1.0 Python/3.9.13 (Windows-10-10.0.19045-SP0)"
      },
      "RequestBody": null,
      "StatusCode": 200,
      "ResponseHeaders": {
        "Cache-Control": "no-cache",
        "Content-Encoding": "gzip",
        "Content-Type": "application/json; charset=utf-8",
        "Date": "Fri, 30 Dec 2022 01:47:20 GMT",
        "Expires": "-1",
        "Pragma": "no-cache",
        "Request-Context": "appId=cid-v1:512cc15a-13b5-415b-bfd0-dce7accb6bb1",
        "Server-Timing": "traceparent;desc=\u002200-a0cecbe4a9ab916ba49e26ad3e6a6266-56a1ea96205bb9aa-00\u0022",
        "Strict-Transport-Security": "max-age=31536000; includeSubDomains",
        "Transfer-Encoding": "chunked",
        "Vary": [
          "Accept-Encoding",
          "Accept-Encoding"
        ],
        "x-aml-cluster": "vienna-test-westus2-01",
        "X-Content-Type-Options": "nosniff",
        "x-ms-correlation-request-id": "4b3e87c4-bf31-4b8b-9e82-b8f8fb5b2072",
        "x-ms-ratelimit-remaining-subscription-reads": "11885",
        "x-ms-response-type": "standard",
        "x-ms-routing-request-id": "JAPANEAST:20221230T014720Z:4b3e87c4-bf31-4b8b-9e82-b8f8fb5b2072",
        "x-request-time": "0.249"
      },
      "ResponseBody": {
        "id": "/subscriptions/00000000-0000-0000-0000-000000000/resourceGroups/00000/providers/Microsoft.MachineLearningServices/workspaces/00000/computes/cpu-cluster",
        "name": "cpu-cluster",
        "type": "Microsoft.MachineLearningServices/workspaces/computes",
        "location": "centraluseuap",
        "tags": {},
        "properties": {
          "createdOn": "2022-09-22T09:02:22.1899959\u002B00:00",
          "modifiedOn": "2022-11-21T09:48:12.4511558\u002B00:00",
          "disableLocalAuth": false,
          "description": null,
          "resourceId": null,
          "computeType": "AmlCompute",
          "computeLocation": "centraluseuap",
          "provisioningState": "Succeeded",
          "provisioningErrors": null,
          "isAttachedCompute": false,
          "properties": {
            "vmSize": "STANDARD_DS2_V2",
            "vmPriority": "Dedicated",
            "scaleSettings": {
              "maxNodeCount": 6,
              "minNodeCount": 1,
              "nodeIdleTimeBeforeScaleDown": "PT2M"
            },
            "subnet": null,
            "currentNodeCount": 3,
            "targetNodeCount": 3,
            "nodeStateCounts": {
              "preparingNodeCount": 0,
              "runningNodeCount": 1,
              "idleNodeCount": 2,
              "unusableNodeCount": 0,
              "leavingNodeCount": 0,
              "preemptedNodeCount": 0
            },
            "allocationState": "Resizing",
            "allocationStateTransitionTime": "2022-12-30T01:46:26.911\u002B00:00",
            "errors": [
              {
                "error": {
                  "code": "DiskFull",
                  "message": "ComputeNode.Id=tvmps_60145e777ca38376f5547ff4c637506809cfb6b23dfd4c19924050c765a96870_d: There is not enough disk space on the node",
                  "details": [
                    {
                      "code": "Message",
                      "message": "The VM disk is full. Delete jobs, tasks, or files on the node to free up space and then reboot the node."
                    }
                  ]
                }
              }
            ],
            "remoteLoginPortPublicAccess": "Enabled",
            "osType": "Linux",
            "virtualMachineImage": null,
            "isolatedNetwork": false,
            "propertyBag": {}
          }
        }
      }
    },
    {
      "RequestUri": "https://management.azure.com/subscriptions/00000000-0000-0000-0000-000000000/resourceGroups/00000/providers/Microsoft.MachineLearningServices/workspaces/00000/datastores/workspaceblobstore?api-version=2022-05-01",
      "RequestMethod": "GET",
      "RequestHeaders": {
        "Accept": "application/json",
        "Accept-Encoding": "gzip, deflate",
        "Connection": "keep-alive",
        "User-Agent": "azure-ai-ml/1.3.0 azsdk-python-mgmt-machinelearningservices/0.1.0 Python/3.9.13 (Windows-10-10.0.19045-SP0)"
      },
      "RequestBody": null,
      "StatusCode": 200,
      "ResponseHeaders": {
        "Cache-Control": "no-cache",
        "Content-Encoding": "gzip",
        "Content-Type": "application/json; charset=utf-8",
        "Date": "Fri, 30 Dec 2022 01:47:22 GMT",
        "Expires": "-1",
        "Pragma": "no-cache",
        "Request-Context": "appId=cid-v1:512cc15a-13b5-415b-bfd0-dce7accb6bb1",
        "Server-Timing": "traceparent;desc=\u002200-a440a4a8db55af65b602953cd75e9206-e9dfb048183260fc-00\u0022",
        "Strict-Transport-Security": "max-age=31536000; includeSubDomains",
        "Transfer-Encoding": "chunked",
        "Vary": [
          "Accept-Encoding",
          "Accept-Encoding"
        ],
        "x-aml-cluster": "vienna-test-westus2-02",
        "X-Content-Type-Options": "nosniff",
        "x-ms-correlation-request-id": "4afcaa54-c0a5-4041-90ff-f2df5e4e794a",
        "x-ms-ratelimit-remaining-subscription-reads": "11884",
        "x-ms-response-type": "standard",
        "x-ms-routing-request-id": "JAPANEAST:20221230T014722Z:4afcaa54-c0a5-4041-90ff-f2df5e4e794a",
        "x-request-time": "0.093"
      },
      "ResponseBody": {
        "id": "/subscriptions/00000000-0000-0000-0000-000000000/resourceGroups/00000/providers/Microsoft.MachineLearningServices/workspaces/00000/datastores/workspaceblobstore",
        "name": "workspaceblobstore",
        "type": "Microsoft.MachineLearningServices/workspaces/datastores",
        "properties": {
          "description": null,
          "tags": null,
          "properties": null,
          "isDefault": true,
          "credentials": {
            "credentialsType": "AccountKey"
          },
          "datastoreType": "AzureBlob",
          "accountName": "sagvgsoim6nmhbq",
          "containerName": "azureml-blobstore-e61cd5e2-512f-475e-9842-5e2a973993b8",
          "endpoint": "core.windows.net",
          "protocol": "https",
          "serviceDataAccessAuthIdentity": "WorkspaceSystemAssignedIdentity"
        },
        "systemData": {
          "createdAt": "2022-09-22T09:02:03.2629568\u002B00:00",
          "createdBy": "779301c0-18b2-4cdc-801b-a0a3368fee0a",
          "createdByType": "Application",
          "lastModifiedAt": "2022-09-22T09:02:04.166989\u002B00:00",
          "lastModifiedBy": "779301c0-18b2-4cdc-801b-a0a3368fee0a",
          "lastModifiedByType": "Application"
        }
      }
    },
    {
      "RequestUri": "https://management.azure.com/subscriptions/00000000-0000-0000-0000-000000000/resourceGroups/00000/providers/Microsoft.MachineLearningServices/workspaces/00000/datastores/workspaceblobstore/listSecrets?api-version=2022-05-01",
      "RequestMethod": "POST",
      "RequestHeaders": {
        "Accept": "application/json",
        "Accept-Encoding": "gzip, deflate",
        "Connection": "keep-alive",
        "Content-Length": "0",
        "User-Agent": "azure-ai-ml/1.3.0 azsdk-python-mgmt-machinelearningservices/0.1.0 Python/3.9.13 (Windows-10-10.0.19045-SP0)"
      },
      "RequestBody": null,
      "StatusCode": 200,
      "ResponseHeaders": {
        "Cache-Control": "no-cache",
        "Content-Encoding": "gzip",
        "Content-Type": "application/json; charset=utf-8",
        "Date": "Fri, 30 Dec 2022 01:47:22 GMT",
        "Expires": "-1",
        "Pragma": "no-cache",
        "Request-Context": "appId=cid-v1:512cc15a-13b5-415b-bfd0-dce7accb6bb1",
        "Server-Timing": "traceparent;desc=\u002200-1eed4345eee2c74e03921b5ac44e5ff9-a44ebe5f3c1fe4d0-00\u0022",
        "Strict-Transport-Security": "max-age=31536000; includeSubDomains",
        "Transfer-Encoding": "chunked",
        "Vary": "Accept-Encoding",
        "x-aml-cluster": "vienna-test-westus2-02",
        "X-Content-Type-Options": "nosniff",
        "x-ms-correlation-request-id": "fc2587a3-5975-422f-b7e0-194c655c958d",
        "x-ms-ratelimit-remaining-subscription-writes": "1135",
        "x-ms-response-type": "standard",
        "x-ms-routing-request-id": "JAPANEAST:20221230T014723Z:fc2587a3-5975-422f-b7e0-194c655c958d",
        "x-request-time": "0.140"
      },
      "ResponseBody": {
        "secretsType": "AccountKey",
        "key": "dGhpcyBpcyBmYWtlIGtleQ=="
      }
    },
    {
      "RequestUri": "https://sagvgsoim6nmhbq.blob.core.windows.net/azureml-blobstore-e61cd5e2-512f-475e-9842-5e2a973993b8/LocalUpload/00000000000000000000000000000000/COMPONENT_PLACEHOLDER",
      "RequestMethod": "HEAD",
      "RequestHeaders": {
        "Accept": "application/xml",
        "Accept-Encoding": "gzip, deflate",
        "Connection": "keep-alive",
        "User-Agent": "azsdk-python-storage-blob/12.14.1 Python/3.9.13 (Windows-10-10.0.19045-SP0)",
        "x-ms-date": "Fri, 30 Dec 2022 01:47:23 GMT",
        "x-ms-version": "2021-08-06"
      },
      "RequestBody": null,
      "StatusCode": 200,
      "ResponseHeaders": {
        "Accept-Ranges": "bytes",
        "Content-Length": "35",
        "Content-MD5": "L/DnSpFIn\u002BjaQWc\u002BsUQdcw==",
        "Content-Type": "application/octet-stream",
        "Date": "Fri, 30 Dec 2022 01:47:22 GMT",
        "ETag": "\u00220x8DA9D48E17467D7\u0022",
        "Last-Modified": "Fri, 23 Sep 2022 09:49:17 GMT",
        "Server": [
          "Windows-Azure-Blob/1.0",
          "Microsoft-HTTPAPI/2.0"
        ],
        "Vary": "Origin",
        "x-ms-access-tier": "Hot",
        "x-ms-access-tier-inferred": "true",
        "x-ms-blob-type": "BlockBlob",
        "x-ms-creation-time": "Fri, 23 Sep 2022 09:49:16 GMT",
        "x-ms-lease-state": "available",
        "x-ms-lease-status": "unlocked",
        "x-ms-meta-name": "9c9cfba9-82bd-45db-ad06-07009d1d9672",
        "x-ms-meta-upload_status": "completed",
        "x-ms-meta-version": "1",
        "x-ms-server-encrypted": "true",
        "x-ms-version": "2021-08-06"
      },
      "ResponseBody": null
    },
    {
      "RequestUri": "https://sagvgsoim6nmhbq.blob.core.windows.net/azureml-blobstore-e61cd5e2-512f-475e-9842-5e2a973993b8/az-ml-artifacts/00000000000000000000000000000000/COMPONENT_PLACEHOLDER",
      "RequestMethod": "HEAD",
      "RequestHeaders": {
        "Accept": "application/xml",
        "Accept-Encoding": "gzip, deflate",
        "Connection": "keep-alive",
        "User-Agent": "azsdk-python-storage-blob/12.14.1 Python/3.9.13 (Windows-10-10.0.19045-SP0)",
        "x-ms-date": "Fri, 30 Dec 2022 01:47:23 GMT",
        "x-ms-version": "2021-08-06"
      },
      "RequestBody": null,
      "StatusCode": 404,
      "ResponseHeaders": {
        "Date": "Fri, 30 Dec 2022 01:47:22 GMT",
        "Server": [
          "Windows-Azure-Blob/1.0",
          "Microsoft-HTTPAPI/2.0"
        ],
        "Transfer-Encoding": "chunked",
        "Vary": "Origin",
        "x-ms-error-code": "BlobNotFound",
        "x-ms-version": "2021-08-06"
      },
      "ResponseBody": null
    },
    {
      "RequestUri": "https://management.azure.com/subscriptions/00000000-0000-0000-0000-000000000/resourceGroups/00000/providers/Microsoft.MachineLearningServices/workspaces/00000/codes/9c9cfba9-82bd-45db-ad06-07009d1d9672/versions/1?api-version=2022-05-01",
      "RequestMethod": "PUT",
      "RequestHeaders": {
        "Accept": "application/json",
        "Accept-Encoding": "gzip, deflate",
        "Connection": "keep-alive",
        "Content-Length": "288",
        "Content-Type": "application/json",
        "User-Agent": "azure-ai-ml/1.3.0 azsdk-python-mgmt-machinelearningservices/0.1.0 Python/3.9.13 (Windows-10-10.0.19045-SP0)"
      },
      "RequestBody": {
        "properties": {
          "properties": {
            "hash_sha256": "0000000000000",
            "hash_version": "0000000000000"
          },
          "isAnonymous": true,
          "isArchived": false,
          "codeUri": "https://sagvgsoim6nmhbq.blob.core.windows.net/azureml-blobstore-e61cd5e2-512f-475e-9842-5e2a973993b8/LocalUpload/00000000000000000000000000000000"
        }
      },
      "StatusCode": 200,
      "ResponseHeaders": {
        "Cache-Control": "no-cache",
        "Content-Encoding": "gzip",
        "Content-Type": "application/json; charset=utf-8",
        "Date": "Fri, 30 Dec 2022 01:47:24 GMT",
        "Expires": "-1",
        "Pragma": "no-cache",
        "Request-Context": "appId=cid-v1:512cc15a-13b5-415b-bfd0-dce7accb6bb1",
        "Server-Timing": "traceparent;desc=\u002200-bb2b8d018c0eb7f774b7ba45763bfd89-a0a0f4d8032715e9-00\u0022",
        "Strict-Transport-Security": "max-age=31536000; includeSubDomains",
        "Transfer-Encoding": "chunked",
        "Vary": [
          "Accept-Encoding",
          "Accept-Encoding"
        ],
        "x-aml-cluster": "vienna-test-westus2-02",
        "X-Content-Type-Options": "nosniff",
        "x-ms-correlation-request-id": "1cf4af05-83fa-4ea4-af3d-5d9d575d603d",
        "x-ms-ratelimit-remaining-subscription-writes": "1058",
        "x-ms-response-type": "standard",
        "x-ms-routing-request-id": "JAPANEAST:20221230T014724Z:1cf4af05-83fa-4ea4-af3d-5d9d575d603d",
        "x-request-time": "0.252"
      },
      "ResponseBody": {
        "id": "/subscriptions/00000000-0000-0000-0000-000000000/resourceGroups/00000/providers/Microsoft.MachineLearningServices/workspaces/00000/codes/9c9cfba9-82bd-45db-ad06-07009d1d9672/versions/1",
        "name": "1",
        "type": "Microsoft.MachineLearningServices/workspaces/codes/versions",
        "properties": {
          "description": null,
          "tags": {},
          "properties": {
            "hash_sha256": "0000000000000",
            "hash_version": "0000000000000"
          },
          "isArchived": false,
          "isAnonymous": false,
          "codeUri": "https://sagvgsoim6nmhbq.blob.core.windows.net/azureml-blobstore-e61cd5e2-512f-475e-9842-5e2a973993b8/LocalUpload/00000000000000000000000000000000"
        },
        "systemData": {
          "createdAt": "2022-09-23T09:49:20.984936\u002B00:00",
          "createdBy": "Ying Chen",
          "createdByType": "User",
          "lastModifiedAt": "2022-12-30T01:47:24.2053582\u002B00:00",
          "lastModifiedBy": "Xingzhi Zhang",
          "lastModifiedByType": "User"
        }
      }
    },
    {
      "RequestUri": "https://management.azure.com/subscriptions/00000000-0000-0000-0000-000000000/resourceGroups/00000/providers/Microsoft.MachineLearningServices/workspaces/00000/components/azureml_anonymous/versions/8c18b842-a49d-2a9d-d6e3-59bf9ed59701?api-version=2022-05-01",
      "RequestMethod": "PUT",
      "RequestHeaders": {
        "Accept": "application/json",
        "Accept-Encoding": "gzip, deflate",
        "Connection": "keep-alive",
        "Content-Length": "1285",
        "Content-Type": "application/json",
        "User-Agent": "azure-ai-ml/1.3.0 azsdk-python-mgmt-machinelearningservices/0.1.0 Python/3.9.13 (Windows-10-10.0.19045-SP0)"
      },
      "RequestBody": {
        "properties": {
          "description": "This is the basic command component",
          "properties": {},
          "tags": {
            "tag": "tagvalue",
            "owner": "sdkteam"
          },
          "isAnonymous": true,
          "isArchived": false,
          "componentSpec": {
            "command": "echo Hello World \u0026 echo $[[${{inputs.component_in_number}}]] \u0026 echo ${{inputs.component_in_path}} \u0026 echo ${{outputs.component_out_path}} \u003E ${{outputs.component_out_path}}/component_in_number",
            "code": "azureml:/subscriptions/00000000-0000-0000-0000-000000000/resourceGroups/00000/providers/Microsoft.MachineLearningServices/workspaces/00000/codes/9c9cfba9-82bd-45db-ad06-07009d1d9672/versions/1",
            "environment": "azureml:AzureML-sklearn-0.24-ubuntu18.04-py37-cpu:1",
            "name": "test_719737027351",
            "description": "This is the basic command component",
            "tags": {
              "tag": "tagvalue",
              "owner": "sdkteam"
            },
            "version": "0.0.1",
            "$schema": "https://azuremlschemas.azureedge.net/development/commandComponent.schema.json",
            "display_name": "CommandComponentBasic",
            "is_deterministic": true,
            "inputs": {
              "component_in_number": {
                "type": "number",
                "optional": true,
                "default": "10.99",
                "description": "A number"
              },
              "component_in_path": {
                "type": "uri_folder",
                "description": "A path"
              }
            },
            "outputs": {
              "component_out_path": {
                "type": "uri_folder"
              }
            },
            "type": "command",
            "_source": "YAML.COMPONENT"
          }
        }
      },
      "StatusCode": 201,
      "ResponseHeaders": {
        "Cache-Control": "no-cache",
        "Content-Length": "2310",
        "Content-Type": "application/json; charset=utf-8",
        "Date": "Fri, 30 Dec 2022 01:47:26 GMT",
        "Expires": "-1",
        "Location": "https://management.azure.com/subscriptions/00000000-0000-0000-0000-000000000/resourceGroups/00000/providers/Microsoft.MachineLearningServices/workspaces/00000/components/azureml_anonymous/versions/8c18b842-a49d-2a9d-d6e3-59bf9ed59701?api-version=2022-05-01",
        "Pragma": "no-cache",
        "Request-Context": "appId=cid-v1:512cc15a-13b5-415b-bfd0-dce7accb6bb1",
        "Server-Timing": "traceparent;desc=\u002200-47844a251a7cc65e0acfb2fffa78e35c-b69668e76ce77dac-00\u0022",
        "Strict-Transport-Security": "max-age=31536000; includeSubDomains",
        "x-aml-cluster": "vienna-test-westus2-02",
        "X-Content-Type-Options": "nosniff",
        "x-ms-correlation-request-id": "5c3edc09-22a5-4a00-8ad8-b6cdcbad069e",
        "x-ms-ratelimit-remaining-subscription-writes": "1057",
        "x-ms-response-type": "standard",
        "x-ms-routing-request-id": "JAPANEAST:20221230T014726Z:5c3edc09-22a5-4a00-8ad8-b6cdcbad069e",
        "x-request-time": "1.905"
      },
      "ResponseBody": {
        "id": "/subscriptions/00000000-0000-0000-0000-000000000/resourceGroups/00000/providers/Microsoft.MachineLearningServices/workspaces/00000/components/azureml_anonymous/versions/40b0e2fe-80d0-4b51-a53e-ecd631c7dcbe",
        "name": "40b0e2fe-80d0-4b51-a53e-ecd631c7dcbe",
        "type": "Microsoft.MachineLearningServices/workspaces/components/versions",
        "properties": {
          "description": null,
          "tags": {
            "tag": "tagvalue",
            "owner": "sdkteam"
          },
          "properties": {},
          "isArchived": false,
          "isAnonymous": true,
          "componentSpec": {
            "name": "azureml_anonymous",
            "version": "40b0e2fe-80d0-4b51-a53e-ecd631c7dcbe",
            "display_name": "CommandComponentBasic",
            "is_deterministic": "True",
            "type": "command",
            "description": "This is the basic command component",
            "tags": {
              "tag": "tagvalue",
              "owner": "sdkteam"
            },
            "inputs": {
              "component_in_path": {
                "type": "uri_folder",
                "optional": "False",
                "description": "A path"
              },
              "component_in_number": {
                "type": "number",
                "optional": "True",
                "default": "10.99",
                "description": "A number"
              }
            },
            "outputs": {
              "component_out_path": {
                "type": "uri_folder"
              }
            },
            "code": "azureml:/subscriptions/00000000-0000-0000-0000-000000000/resourceGroups/00000/providers/Microsoft.MachineLearningServices/workspaces/00000/codes/9c9cfba9-82bd-45db-ad06-07009d1d9672/versions/1",
            "environment": "azureml://registries/azureml-dev/environments/AzureML-sklearn-0.24-ubuntu18.04-py37-cpu/versions/1",
            "resources": {
              "instance_count": "1"
            },
            "command": "echo Hello World \u0026 echo $[[${{inputs.component_in_number}}]] \u0026 echo ${{inputs.component_in_path}} \u0026 echo ${{outputs.component_out_path}} \u003E ${{outputs.component_out_path}}/component_in_number",
            "$schema": "https://azuremlschemas.azureedge.net/development/commandComponent.schema.json"
          }
        },
        "systemData": {
          "createdAt": "2022-12-30T01:47:26.1518822\u002B00:00",
          "createdBy": "Xingzhi Zhang",
          "createdByType": "User",
          "lastModifiedAt": "2022-12-30T01:47:26.1518822\u002B00:00",
          "lastModifiedBy": "Xingzhi Zhang",
          "lastModifiedByType": "User"
        }
      }
    },
    {
      "RequestUri": "https://management.azure.com/subscriptions/00000000-0000-0000-0000-000000000/resourceGroups/00000/providers/Microsoft.MachineLearningServices/workspaces/00000/jobs/000000000000000000000?api-version=2022-10-01-preview",
      "RequestMethod": "PUT",
      "RequestHeaders": {
        "Accept": "application/json",
        "Accept-Encoding": "gzip, deflate",
        "Connection": "keep-alive",
        "Content-Length": "1829",
        "Content-Type": "application/json",
        "User-Agent": "azure-ai-ml/1.3.0 azsdk-python-mgmt-machinelearningservices/0.1.0 Python/3.9.13 (Windows-10-10.0.19045-SP0)"
      },
      "RequestBody": {
        "properties": {
          "description": "The hello world pipeline job",
          "properties": {},
          "tags": {
            "owner": "sdkteam",
            "tag": "tagvalue"
          },
          "computeId": "/subscriptions/00000000-0000-0000-0000-000000000/resourceGroups/00000/providers/Microsoft.MachineLearningServices/workspaces/00000/computes/cpu-cluster",
          "displayName": "test_512279120637",
          "experimentName": "dsl_pipeline_e2e",
          "isArchived": false,
          "jobType": "Pipeline",
          "inputs": {
            "job_in_number": {
              "jobInputType": "literal",
              "value": "10"
            },
            "job_in_other_number": {
              "jobInputType": "literal",
              "value": "15"
            },
            "job_in_path": {
              "uri": "https://dprepdata.blob.core.windows.net/demo/Titanic.csv",
              "jobInputType": "uri_file"
            }
          },
          "jobs": {
            "test_719737027351": {
              "name": "test_719737027351",
              "type": "command",
              "inputs": {
                "component_in_number": {
                  "job_input_type": "literal",
                  "value": "${{parent.inputs.job_in_number}}"
                },
                "component_in_path": {
                  "job_input_type": "literal",
                  "value": "${{parent.inputs.job_in_path}}"
                }
              },
              "_source": "YAML.COMPONENT",
              "componentId": "/subscriptions/00000000-0000-0000-0000-000000000/resourceGroups/00000/providers/Microsoft.MachineLearningServices/workspaces/00000/components/azureml_anonymous/versions/40b0e2fe-80d0-4b51-a53e-ecd631c7dcbe"
            },
            "test_719737027351_1": {
              "name": "test_719737027351_1",
              "type": "command",
              "inputs": {
                "component_in_number": {
                  "job_input_type": "literal",
                  "value": "${{parent.inputs.job_in_other_number}}"
                },
                "component_in_path": {
                  "job_input_type": "literal",
                  "value": "${{parent.inputs.job_in_path}}"
                }
              },
              "_source": "YAML.COMPONENT",
              "componentId": "/subscriptions/00000000-0000-0000-0000-000000000/resourceGroups/00000/providers/Microsoft.MachineLearningServices/workspaces/00000/components/azureml_anonymous/versions/40b0e2fe-80d0-4b51-a53e-ecd631c7dcbe"
            }
          },
          "outputs": {},
          "settings": {
            "continue_on_step_failure": true,
            "_source": "DSL"
          }
        }
      },
      "StatusCode": 201,
      "ResponseHeaders": {
        "Cache-Control": "no-cache",
        "Content-Length": "4231",
        "Content-Type": "application/json; charset=utf-8",
        "Date": "Fri, 30 Dec 2022 01:47:29 GMT",
        "Expires": "-1",
        "Location": "https://management.azure.com/subscriptions/00000000-0000-0000-0000-000000000/resourceGroups/00000/providers/Microsoft.MachineLearningServices/workspaces/00000/jobs/000000000000000000000?api-version=2022-10-01-preview",
        "Pragma": "no-cache",
        "Request-Context": "appId=cid-v1:512cc15a-13b5-415b-bfd0-dce7accb6bb1",
        "Server-Timing": "traceparent;desc=\u002200-388e58f478a15e0707a42189887c9242-2cfca0bafcfea33e-00\u0022",
        "Strict-Transport-Security": "max-age=31536000; includeSubDomains",
        "x-aml-cluster": "vienna-test-westus2-02",
        "X-Content-Type-Options": "nosniff",
        "x-ms-correlation-request-id": "9a5a4a48-56ee-4c15-a4d5-1008251caecd",
        "x-ms-ratelimit-remaining-subscription-writes": "1056",
        "x-ms-response-type": "standard",
        "x-ms-routing-request-id": "JAPANEAST:20221230T014729Z:9a5a4a48-56ee-4c15-a4d5-1008251caecd",
        "x-request-time": "2.547"
      },
      "ResponseBody": {
        "id": "/subscriptions/00000000-0000-0000-0000-000000000/resourceGroups/00000/providers/Microsoft.MachineLearningServices/workspaces/00000/jobs/000000000000000000000",
        "name": "000000000000000000000",
        "type": "Microsoft.MachineLearningServices/workspaces/jobs",
        "properties": {
          "description": "The hello world pipeline job",
          "tags": {
            "owner": "sdkteam",
            "tag": "tagvalue"
          },
          "properties": {
            "azureml.DevPlatv2": "true",
            "azureml.runsource": "azureml.PipelineRun",
            "runSource": "MFE",
            "runType": "HTTP",
            "azureml.parameters": "{\u0022job_in_number\u0022:\u002210\u0022,\u0022job_in_other_number\u0022:\u002215\u0022}",
            "azureml.continue_on_step_failure": "True",
            "azureml.continue_on_failed_optional_input": "True",
            "azureml.defaultComputeName": "cpu-cluster",
            "azureml.defaultDataStoreName": "workspaceblobstore",
            "azureml.pipelineComponent": "pipelinerun"
          },
          "displayName": "test_512279120637",
          "status": "Preparing",
          "experimentName": "dsl_pipeline_e2e",
          "services": {
            "Tracking": {
              "jobServiceType": "Tracking",
              "port": null,
              "endpoint": "azureml://master.api.azureml-test.ms/mlflow/v1.0/subscriptions/00000000-0000-0000-0000-000000000/resourceGroups/00000/providers/Microsoft.MachineLearningServices/workspaces/00000?",
              "status": null,
              "errorMessage": null,
              "properties": null,
              "nodes": null
            },
            "Studio": {
              "jobServiceType": "Studio",
              "port": null,
              "endpoint": "https://ml.azure.com/runs/000000000000000000000?wsid=/subscriptions/00000000-0000-0000-0000-000000000/resourcegroups/00000/workspaces/00000",
              "status": null,
              "errorMessage": null,
              "properties": null,
              "nodes": null
            }
          },
          "computeId": "/subscriptions/00000000-0000-0000-0000-000000000/resourceGroups/00000/providers/Microsoft.MachineLearningServices/workspaces/00000/computes/cpu-cluster",
          "isArchived": false,
          "identity": null,
          "componentId": null,
          "jobType": "Pipeline",
          "settings": {
            "continue_on_step_failure": true,
            "_source": "DSL"
          },
          "jobs": {
            "test_719737027351": {
              "name": "test_719737027351",
              "type": "command",
              "inputs": {
                "component_in_number": {
                  "job_input_type": "literal",
                  "value": "${{parent.inputs.job_in_number}}"
                },
                "component_in_path": {
                  "job_input_type": "literal",
                  "value": "${{parent.inputs.job_in_path}}"
                }
              },
              "_source": "YAML.COMPONENT",
              "componentId": "/subscriptions/00000000-0000-0000-0000-000000000/resourceGroups/00000/providers/Microsoft.MachineLearningServices/workspaces/00000/components/azureml_anonymous/versions/40b0e2fe-80d0-4b51-a53e-ecd631c7dcbe"
            },
            "test_719737027351_1": {
              "name": "test_719737027351_1",
              "type": "command",
              "inputs": {
                "component_in_number": {
                  "job_input_type": "literal",
                  "value": "${{parent.inputs.job_in_other_number}}"
                },
                "component_in_path": {
                  "job_input_type": "literal",
                  "value": "${{parent.inputs.job_in_path}}"
                }
              },
              "_source": "YAML.COMPONENT",
              "componentId": "/subscriptions/00000000-0000-0000-0000-000000000/resourceGroups/00000/providers/Microsoft.MachineLearningServices/workspaces/00000/components/azureml_anonymous/versions/40b0e2fe-80d0-4b51-a53e-ecd631c7dcbe"
            }
          },
          "inputs": {
            "job_in_number": {
              "description": null,
              "jobInputType": "literal",
              "value": "10"
            },
            "job_in_other_number": {
              "description": null,
              "jobInputType": "literal",
              "value": "15"
            },
            "job_in_path": {
              "description": null,
              "uri": "https://dprepdata.blob.core.windows.net/demo/Titanic.csv",
              "mode": "ReadOnlyMount",
              "jobInputType": "uri_file"
            }
          },
          "outputs": {},
          "sourceJobId": null
        },
        "systemData": {
          "createdAt": "2022-12-30T01:47:28.8754879\u002B00:00",
          "createdBy": "Xingzhi Zhang",
          "createdByType": "User"
        }
      }
    },
    {
      "RequestUri": "https://management.azure.com/subscriptions/00000000-0000-0000-0000-000000000/resourceGroups/00000/providers/Microsoft.MachineLearningServices/workspaces/00000/jobs/000000000000000000000?api-version=2022-10-01-preview",
      "RequestMethod": "GET",
      "RequestHeaders": {
        "Accept": "application/json",
        "Accept-Encoding": "gzip, deflate",
        "Connection": "keep-alive",
        "User-Agent": "azure-ai-ml/1.3.0 azsdk-python-mgmt-machinelearningservices/0.1.0 Python/3.9.13 (Windows-10-10.0.19045-SP0)"
      },
      "RequestBody": null,
      "StatusCode": 200,
      "ResponseHeaders": {
        "Cache-Control": "no-cache",
        "Content-Encoding": "gzip",
        "Content-Type": "application/json; charset=utf-8",
        "Date": "Fri, 30 Dec 2022 01:47:30 GMT",
        "Expires": "-1",
        "Pragma": "no-cache",
        "Request-Context": "appId=cid-v1:512cc15a-13b5-415b-bfd0-dce7accb6bb1",
        "Server-Timing": "traceparent;desc=\u002200-768663dfbc5b32d7b201a70309f8c7b8-3d95040ae09d8fb9-00\u0022",
        "Strict-Transport-Security": "max-age=31536000; includeSubDomains",
        "Transfer-Encoding": "chunked",
        "Vary": [
          "Accept-Encoding",
          "Accept-Encoding"
        ],
        "x-aml-cluster": "vienna-test-westus2-02",
        "X-Content-Type-Options": "nosniff",
        "x-ms-correlation-request-id": "d76131b8-657a-46ff-b6bd-8f85319f405f",
        "x-ms-ratelimit-remaining-subscription-reads": "11883",
        "x-ms-response-type": "standard",
        "x-ms-routing-request-id": "JAPANEAST:20221230T014731Z:d76131b8-657a-46ff-b6bd-8f85319f405f",
        "x-request-time": "0.098"
      },
      "ResponseBody": {
        "id": "/subscriptions/00000000-0000-0000-0000-000000000/resourceGroups/00000/providers/Microsoft.MachineLearningServices/workspaces/00000/jobs/000000000000000000000",
        "name": "000000000000000000000",
        "type": "Microsoft.MachineLearningServices/workspaces/jobs",
        "properties": {
          "description": "The hello world pipeline job",
          "tags": {
            "owner": "sdkteam",
            "tag": "tagvalue"
          },
          "properties": {
            "azureml.DevPlatv2": "true",
            "azureml.runsource": "azureml.PipelineRun",
            "runSource": "MFE",
            "runType": "HTTP",
            "azureml.parameters": "{\u0022job_in_number\u0022:\u002210\u0022,\u0022job_in_other_number\u0022:\u002215\u0022}",
            "azureml.continue_on_step_failure": "True",
            "azureml.continue_on_failed_optional_input": "True",
            "azureml.defaultComputeName": "cpu-cluster",
            "azureml.defaultDataStoreName": "workspaceblobstore",
            "azureml.pipelineComponent": "pipelinerun"
          },
          "displayName": "test_512279120637",
          "status": "Running",
          "experimentName": "dsl_pipeline_e2e",
          "services": {
            "Tracking": {
              "jobServiceType": "Tracking",
              "port": null,
              "endpoint": "azureml://master.api.azureml-test.ms/mlflow/v1.0/subscriptions/00000000-0000-0000-0000-000000000/resourceGroups/00000/providers/Microsoft.MachineLearningServices/workspaces/00000?",
              "status": null,
              "errorMessage": null,
              "properties": null,
              "nodes": null
            },
            "Studio": {
              "jobServiceType": "Studio",
              "port": null,
              "endpoint": "https://ml.azure.com/runs/000000000000000000000?wsid=/subscriptions/00000000-0000-0000-0000-000000000/resourcegroups/00000/workspaces/00000",
              "status": null,
              "errorMessage": null,
              "properties": null,
              "nodes": null
            }
          },
          "computeId": "/subscriptions/00000000-0000-0000-0000-000000000/resourceGroups/00000/providers/Microsoft.MachineLearningServices/workspaces/00000/computes/cpu-cluster",
          "isArchived": false,
          "identity": null,
          "componentId": null,
          "jobType": "Pipeline",
          "settings": {
            "continue_on_step_failure": true,
            "_source": "DSL"
          },
          "jobs": {
            "test_719737027351": {
              "name": "test_719737027351",
              "type": "command",
              "inputs": {
                "component_in_number": {
                  "job_input_type": "literal",
                  "value": "${{parent.inputs.job_in_number}}"
                },
                "component_in_path": {
                  "job_input_type": "literal",
                  "value": "${{parent.inputs.job_in_path}}"
                }
              },
              "_source": "YAML.COMPONENT",
              "componentId": "/subscriptions/00000000-0000-0000-0000-000000000/resourceGroups/00000/providers/Microsoft.MachineLearningServices/workspaces/00000/components/azureml_anonymous/versions/40b0e2fe-80d0-4b51-a53e-ecd631c7dcbe"
            },
            "test_719737027351_1": {
              "name": "test_719737027351_1",
              "type": "command",
              "inputs": {
                "component_in_number": {
                  "job_input_type": "literal",
                  "value": "${{parent.inputs.job_in_other_number}}"
                },
                "component_in_path": {
                  "job_input_type": "literal",
                  "value": "${{parent.inputs.job_in_path}}"
                }
              },
              "_source": "YAML.COMPONENT",
              "componentId": "/subscriptions/00000000-0000-0000-0000-000000000/resourceGroups/00000/providers/Microsoft.MachineLearningServices/workspaces/00000/components/azureml_anonymous/versions/40b0e2fe-80d0-4b51-a53e-ecd631c7dcbe"
            }
          },
          "inputs": {
            "job_in_number": {
              "description": null,
              "jobInputType": "literal",
              "value": "10"
            },
            "job_in_other_number": {
              "description": null,
              "jobInputType": "literal",
              "value": "15"
            },
            "job_in_path": {
              "description": null,
              "uri": "https://dprepdata.blob.core.windows.net/demo/Titanic.csv",
              "mode": "ReadOnlyMount",
              "jobInputType": "uri_file"
            }
          },
          "outputs": {},
          "sourceJobId": null
        },
        "systemData": {
          "createdAt": "2022-12-30T01:47:28.8754879\u002B00:00",
          "createdBy": "Xingzhi Zhang",
          "createdByType": "User"
        }
      }
    },
    {
      "RequestUri": "https://management.azure.com/subscriptions/00000000-0000-0000-0000-000000000/resourceGroups/00000/providers/Microsoft.MachineLearningServices/workspaces/00000/jobs/000000000000000000000?api-version=2022-10-01-preview",
      "RequestMethod": "GET",
      "RequestHeaders": {
        "Accept": "application/json",
        "Accept-Encoding": "gzip, deflate",
        "Connection": "keep-alive",
        "User-Agent": "azure-ai-ml/1.3.0 azsdk-python-mgmt-machinelearningservices/0.1.0 Python/3.9.13 (Windows-10-10.0.19045-SP0)"
      },
      "RequestBody": null,
      "StatusCode": 200,
      "ResponseHeaders": {
        "Cache-Control": "no-cache",
        "Content-Encoding": "gzip",
        "Content-Type": "application/json; charset=utf-8",
        "Date": "Fri, 30 Dec 2022 01:47:31 GMT",
        "Expires": "-1",
        "Pragma": "no-cache",
        "Request-Context": "appId=cid-v1:512cc15a-13b5-415b-bfd0-dce7accb6bb1",
        "Server-Timing": "traceparent;desc=\u002200-dbbab46bc9da0bdf3decc007baea638b-e1dafa6cf9a877d9-00\u0022",
        "Strict-Transport-Security": "max-age=31536000; includeSubDomains",
        "Transfer-Encoding": "chunked",
        "Vary": [
          "Accept-Encoding",
          "Accept-Encoding"
        ],
        "x-aml-cluster": "vienna-test-westus2-02",
        "X-Content-Type-Options": "nosniff",
        "x-ms-correlation-request-id": "6fd37268-2bb4-488d-afa8-f043b99bd893",
        "x-ms-ratelimit-remaining-subscription-reads": "11882",
        "x-ms-response-type": "standard",
        "x-ms-routing-request-id": "JAPANEAST:20221230T014732Z:6fd37268-2bb4-488d-afa8-f043b99bd893",
        "x-request-time": "0.087"
      },
      "ResponseBody": {
        "id": "/subscriptions/00000000-0000-0000-0000-000000000/resourceGroups/00000/providers/Microsoft.MachineLearningServices/workspaces/00000/jobs/000000000000000000000",
        "name": "000000000000000000000",
        "type": "Microsoft.MachineLearningServices/workspaces/jobs",
        "properties": {
          "description": "The hello world pipeline job",
          "tags": {
            "owner": "sdkteam",
            "tag": "tagvalue"
          },
          "properties": {
            "azureml.DevPlatv2": "true",
            "azureml.runsource": "azureml.PipelineRun",
            "runSource": "MFE",
            "runType": "HTTP",
            "azureml.parameters": "{\u0022job_in_number\u0022:\u002210\u0022,\u0022job_in_other_number\u0022:\u002215\u0022}",
            "azureml.continue_on_step_failure": "True",
            "azureml.continue_on_failed_optional_input": "True",
            "azureml.defaultComputeName": "cpu-cluster",
            "azureml.defaultDataStoreName": "workspaceblobstore",
            "azureml.pipelineComponent": "pipelinerun"
          },
          "displayName": "test_512279120637",
          "status": "Running",
          "experimentName": "dsl_pipeline_e2e",
          "services": {
            "Tracking": {
              "jobServiceType": "Tracking",
              "port": null,
              "endpoint": "azureml://master.api.azureml-test.ms/mlflow/v1.0/subscriptions/00000000-0000-0000-0000-000000000/resourceGroups/00000/providers/Microsoft.MachineLearningServices/workspaces/00000?",
              "status": null,
              "errorMessage": null,
              "properties": null,
              "nodes": null
            },
            "Studio": {
              "jobServiceType": "Studio",
              "port": null,
              "endpoint": "https://ml.azure.com/runs/000000000000000000000?wsid=/subscriptions/00000000-0000-0000-0000-000000000/resourcegroups/00000/workspaces/00000",
              "status": null,
              "errorMessage": null,
              "properties": null,
              "nodes": null
            }
          },
          "computeId": "/subscriptions/00000000-0000-0000-0000-000000000/resourceGroups/00000/providers/Microsoft.MachineLearningServices/workspaces/00000/computes/cpu-cluster",
          "isArchived": false,
          "identity": null,
          "componentId": null,
          "jobType": "Pipeline",
          "settings": {
            "continue_on_step_failure": true,
            "_source": "DSL"
          },
          "jobs": {
            "test_719737027351": {
              "name": "test_719737027351",
              "type": "command",
              "inputs": {
                "component_in_number": {
                  "job_input_type": "literal",
                  "value": "${{parent.inputs.job_in_number}}"
                },
                "component_in_path": {
                  "job_input_type": "literal",
                  "value": "${{parent.inputs.job_in_path}}"
                }
              },
              "_source": "YAML.COMPONENT",
              "componentId": "/subscriptions/00000000-0000-0000-0000-000000000/resourceGroups/00000/providers/Microsoft.MachineLearningServices/workspaces/00000/components/azureml_anonymous/versions/40b0e2fe-80d0-4b51-a53e-ecd631c7dcbe"
            },
            "test_719737027351_1": {
              "name": "test_719737027351_1",
              "type": "command",
              "inputs": {
                "component_in_number": {
                  "job_input_type": "literal",
                  "value": "${{parent.inputs.job_in_other_number}}"
                },
                "component_in_path": {
                  "job_input_type": "literal",
                  "value": "${{parent.inputs.job_in_path}}"
                }
              },
              "_source": "YAML.COMPONENT",
              "componentId": "/subscriptions/00000000-0000-0000-0000-000000000/resourceGroups/00000/providers/Microsoft.MachineLearningServices/workspaces/00000/components/azureml_anonymous/versions/40b0e2fe-80d0-4b51-a53e-ecd631c7dcbe"
            }
          },
          "inputs": {
            "job_in_number": {
              "description": null,
              "jobInputType": "literal",
              "value": "10"
            },
            "job_in_other_number": {
              "description": null,
              "jobInputType": "literal",
              "value": "15"
            },
            "job_in_path": {
              "description": null,
              "uri": "https://dprepdata.blob.core.windows.net/demo/Titanic.csv",
              "mode": "ReadOnlyMount",
              "jobInputType": "uri_file"
            }
          },
          "outputs": {},
          "sourceJobId": null
        },
        "systemData": {
          "createdAt": "2022-12-30T01:47:28.8754879\u002B00:00",
          "createdBy": "Xingzhi Zhang",
          "createdByType": "User"
        }
      }
    },
    {
      "RequestUri": "https://management.azure.com/subscriptions/00000000-0000-0000-0000-000000000/resourceGroups/00000/providers/Microsoft.MachineLearningServices/workspaces/00000/jobs/000000000000000000000?api-version=2022-10-01-preview",
      "RequestMethod": "GET",
      "RequestHeaders": {
        "Accept": "application/json",
        "Accept-Encoding": "gzip, deflate",
        "Connection": "keep-alive",
        "User-Agent": "azure-ai-ml/1.3.0 azsdk-python-mgmt-machinelearningservices/0.1.0 Python/3.9.13 (Windows-10-10.0.19045-SP0)"
      },
      "RequestBody": null,
      "StatusCode": 200,
      "ResponseHeaders": {
        "Cache-Control": "no-cache",
        "Content-Encoding": "gzip",
        "Content-Type": "application/json; charset=utf-8",
        "Date": "Fri, 30 Dec 2022 01:47:33 GMT",
        "Expires": "-1",
        "Pragma": "no-cache",
        "Request-Context": "appId=cid-v1:512cc15a-13b5-415b-bfd0-dce7accb6bb1",
        "Server-Timing": "traceparent;desc=\u002200-13b3d9c74c0e13ee71979b42f8a74ca3-df0715c1f6a84efc-00\u0022",
        "Strict-Transport-Security": "max-age=31536000; includeSubDomains",
        "Transfer-Encoding": "chunked",
        "Vary": [
          "Accept-Encoding",
          "Accept-Encoding"
        ],
        "x-aml-cluster": "vienna-test-westus2-02",
        "X-Content-Type-Options": "nosniff",
        "x-ms-correlation-request-id": "b4d95a64-61c6-45f2-94ae-1a544da69aa3",
        "x-ms-ratelimit-remaining-subscription-reads": "11881",
        "x-ms-response-type": "standard",
        "x-ms-routing-request-id": "JAPANEAST:20221230T014734Z:b4d95a64-61c6-45f2-94ae-1a544da69aa3",
        "x-request-time": "0.066"
      },
      "ResponseBody": {
        "id": "/subscriptions/00000000-0000-0000-0000-000000000/resourceGroups/00000/providers/Microsoft.MachineLearningServices/workspaces/00000/jobs/000000000000000000000",
        "name": "000000000000000000000",
        "type": "Microsoft.MachineLearningServices/workspaces/jobs",
        "properties": {
          "description": "The hello world pipeline job",
          "tags": {
            "owner": "sdkteam",
            "tag": "tagvalue"
          },
          "properties": {
            "azureml.DevPlatv2": "true",
            "azureml.runsource": "azureml.PipelineRun",
            "runSource": "MFE",
            "runType": "HTTP",
            "azureml.parameters": "{\u0022job_in_number\u0022:\u002210\u0022,\u0022job_in_other_number\u0022:\u002215\u0022}",
            "azureml.continue_on_step_failure": "True",
            "azureml.continue_on_failed_optional_input": "True",
            "azureml.defaultComputeName": "cpu-cluster",
            "azureml.defaultDataStoreName": "workspaceblobstore",
            "azureml.pipelineComponent": "pipelinerun"
          },
          "displayName": "test_512279120637",
          "status": "Running",
          "experimentName": "dsl_pipeline_e2e",
          "services": {
            "Tracking": {
              "jobServiceType": "Tracking",
              "port": null,
              "endpoint": "azureml://master.api.azureml-test.ms/mlflow/v1.0/subscriptions/00000000-0000-0000-0000-000000000/resourceGroups/00000/providers/Microsoft.MachineLearningServices/workspaces/00000?",
              "status": null,
              "errorMessage": null,
              "properties": null,
              "nodes": null
            },
            "Studio": {
              "jobServiceType": "Studio",
              "port": null,
              "endpoint": "https://ml.azure.com/runs/000000000000000000000?wsid=/subscriptions/00000000-0000-0000-0000-000000000/resourcegroups/00000/workspaces/00000",
              "status": null,
              "errorMessage": null,
              "properties": null,
              "nodes": null
            }
          },
          "computeId": "/subscriptions/00000000-0000-0000-0000-000000000/resourceGroups/00000/providers/Microsoft.MachineLearningServices/workspaces/00000/computes/cpu-cluster",
          "isArchived": false,
          "identity": null,
          "componentId": null,
          "jobType": "Pipeline",
          "settings": {
            "continue_on_step_failure": true,
            "_source": "DSL"
          },
          "jobs": {
            "test_719737027351": {
              "name": "test_719737027351",
              "type": "command",
              "inputs": {
                "component_in_number": {
                  "job_input_type": "literal",
                  "value": "${{parent.inputs.job_in_number}}"
                },
                "component_in_path": {
                  "job_input_type": "literal",
                  "value": "${{parent.inputs.job_in_path}}"
                }
              },
              "_source": "YAML.COMPONENT",
              "componentId": "/subscriptions/00000000-0000-0000-0000-000000000/resourceGroups/00000/providers/Microsoft.MachineLearningServices/workspaces/00000/components/azureml_anonymous/versions/40b0e2fe-80d0-4b51-a53e-ecd631c7dcbe"
            },
            "test_719737027351_1": {
              "name": "test_719737027351_1",
              "type": "command",
              "inputs": {
                "component_in_number": {
                  "job_input_type": "literal",
                  "value": "${{parent.inputs.job_in_other_number}}"
                },
                "component_in_path": {
                  "job_input_type": "literal",
                  "value": "${{parent.inputs.job_in_path}}"
                }
              },
              "_source": "YAML.COMPONENT",
              "componentId": "/subscriptions/00000000-0000-0000-0000-000000000/resourceGroups/00000/providers/Microsoft.MachineLearningServices/workspaces/00000/components/azureml_anonymous/versions/40b0e2fe-80d0-4b51-a53e-ecd631c7dcbe"
            }
          },
          "inputs": {
            "job_in_number": {
              "description": null,
              "jobInputType": "literal",
              "value": "10"
            },
            "job_in_other_number": {
              "description": null,
              "jobInputType": "literal",
              "value": "15"
            },
            "job_in_path": {
              "description": null,
              "uri": "https://dprepdata.blob.core.windows.net/demo/Titanic.csv",
              "mode": "ReadOnlyMount",
              "jobInputType": "uri_file"
            }
          },
          "outputs": {},
          "sourceJobId": null
        },
        "systemData": {
          "createdAt": "2022-12-30T01:47:28.8754879\u002B00:00",
          "createdBy": "Xingzhi Zhang",
          "createdByType": "User"
        }
      }
    },
    {
      "RequestUri": "https://management.azure.com/subscriptions/00000000-0000-0000-0000-000000000/resourceGroups/00000/providers/Microsoft.MachineLearningServices/workspaces/00000?api-version=2022-10-01-preview",
      "RequestMethod": "GET",
      "RequestHeaders": {
        "Accept": "application/json",
        "Accept-Encoding": "gzip, deflate",
        "Connection": "keep-alive",
        "User-Agent": "azure-ai-ml/1.3.0 azsdk-python-mgmt-machinelearningservices/0.1.0 Python/3.9.13 (Windows-10-10.0.19045-SP0)"
      },
      "RequestBody": null,
      "StatusCode": 200,
      "ResponseHeaders": {
        "Cache-Control": "no-cache",
        "Content-Encoding": "gzip",
        "Content-Type": "application/json; charset=utf-8",
        "Date": "Fri, 30 Dec 2022 01:47:36 GMT",
        "Expires": "-1",
        "Pragma": "no-cache",
        "Request-Context": "appId=cid-v1:512cc15a-13b5-415b-bfd0-dce7accb6bb1",
        "Server-Timing": "traceparent;desc=\u002200-f07e720e9bcb7f1a58567c2d1cdb9d6f-480fa66cd3f0c37a-00\u0022",
        "Strict-Transport-Security": "max-age=31536000; includeSubDomains",
        "Transfer-Encoding": "chunked",
        "Vary": [
          "Accept-Encoding",
          "Accept-Encoding"
        ],
        "x-aml-cluster": "vienna-test-westus2-01",
        "X-Content-Type-Options": "nosniff",
        "x-ms-correlation-request-id": "0026c72e-c497-4f4f-87b4-7fcf8f9a7390",
        "x-ms-ratelimit-remaining-subscription-reads": "11880",
        "x-ms-response-type": "standard",
        "x-ms-routing-request-id": "JAPANEAST:20221230T014736Z:0026c72e-c497-4f4f-87b4-7fcf8f9a7390",
        "x-request-time": "0.021"
      },
      "ResponseBody": {
        "id": "/subscriptions/00000000-0000-0000-0000-000000000/resourceGroups/00000/providers/Microsoft.MachineLearningServices/workspaces/00000",
        "name": "00000",
        "type": "Microsoft.MachineLearningServices/workspaces",
        "location": "centraluseuap",
        "tags": {},
        "etag": null,
        "properties": {
          "friendlyName": "00000",
          "description": "",
          "storageAccount": "/subscriptions/00000000-0000-0000-0000-000000000/resourceGroups/00000/providers/Microsoft.Storage/storageAccounts/sagvgsoim6nmhbq",
          "keyVault": "/subscriptions/00000000-0000-0000-0000-000000000/resourceGroups/00000/providers/Microsoft.Keyvault/vaults/kvtestpr7u5x2au3jhc",
          "applicationInsights": "/subscriptions/00000000-0000-0000-0000-000000000/resourceGroups/00000/providers/Microsoft.insights/components/aigvgsoim6nmhbq",
          "hbiWorkspace": false,
          "tenantId": "72f988bf-86f1-41af-91ab-2d7cd011db47",
          "imageBuildCompute": null,
          "provisioningState": "Succeeded",
          "v1LegacyMode": false,
          "softDeleteEnabled": false,
          "containerRegistry": "/subscriptions/00000000-0000-0000-0000-000000000/resourceGroups/00000/providers/Microsoft.ContainerRegistry/registries/crgvgsoim6nmhbq",
          "notebookInfo": {
            "resourceId": "03bead79e8914a36a2c6f7676a74b95d",
            "fqdn": "ml-sdkvnextc-centraluseuap-e61cd5e2-512f-475e-9842-5e2a973993b8.centraluseuap.notebooks.azure.net",
            "isPrivateLinkEnabled": false,
            "notebookPreparationError": null
          },
          "storageHnsEnabled": false,
          "workspaceId": "e61cd5e2-512f-475e-9842-5e2a973993b8",
          "linkedModelInventoryArmId": null,
          "privateLinkCount": 0,
          "publicNetworkAccess": "Enabled",
          "discoveryUrl": "https://master.api.azureml-test.ms/discovery",
          "mlFlowTrackingUri": "azureml://master.api.azureml-test.ms/mlflow/v1.0/subscriptions/00000000-0000-0000-0000-000000000/resourceGroups/00000/providers/Microsoft.MachineLearningServices/workspaces/00000",
          "sdkTelemetryAppInsightsKey": "e31c22bb-e424-4992-a495-6519750e273a",
          "sasGetterUri": ""
        },
        "identity": {
          "type": "SystemAssigned",
          "principalId": "c7a800ba-a2d2-42e3-90f5-e2bdbe3d7d7a",
          "tenantId": "72f988bf-86f1-41af-91ab-2d7cd011db47"
        },
        "sku": {
          "name": "Basic",
          "tier": "Basic"
        },
        "systemData": {
          "createdAt": "2022-09-22T09:01:53.4636435Z",
          "createdBy": "zhengfeiwang@microsoft.com",
          "createdByType": "User",
          "lastModifiedAt": "2022-09-22T09:03:59.1124626Z",
          "lastModifiedBy": "zhengfeiwang@microsoft.com",
          "lastModifiedByType": "User"
        }
      }
    },
    {
      "RequestUri": "https://master.api.azureml-test.ms/discovery",
      "RequestMethod": "GET",
      "RequestHeaders": {
        "Accept": "*/*",
        "Accept-Encoding": "gzip, deflate",
        "Connection": "keep-alive",
        "User-Agent": "azure-ai-ml/1.3.0 azsdk-python-core/1.26.2 Python/3.9.13 (Windows-10-10.0.19045-SP0)"
      },
      "RequestBody": null,
      "StatusCode": 200,
      "ResponseHeaders": {
        "Access-Control-Allow-Credentials": "false",
        "Access-Control-Allow-Origin": "*",
        "Access-Control-Expose-Headers": "Content-Length, Content-Range, Content-Type, Retry-After, Location, x-request-time, x-ms-client-request-id",
        "Access-Control-Max-Age": "2520",
        "Connection": "keep-alive",
        "Content-Encoding": "gzip",
        "Content-Type": "application/json; charset=utf-8",
        "Date": "Fri, 30 Dec 2022 01:47:37 GMT",
        "Request-Context": "appId=cid-v1:512cc15a-13b5-415b-bfd0-dce7accb6bb1",
        "Server-Timing": "traceparent;desc=\u002200-686d9571d867ec8720a78d49c419ff3d-51b8dc930530f9ee-00\u0022",
        "Strict-Transport-Security": "max-age=15724800; includeSubDomains; preload",
        "Transfer-Encoding": "chunked",
        "Vary": "Accept-Encoding",
        "x-aml-cluster": "vienna-test-westus2-01",
        "X-Content-Type-Options": [
          "nosniff",
          "nosniff"
        ],
        "x-ms-response-type": "standard",
        "x-request-time": "0.009"
      },
      "ResponseBody": {
        "api": "https://master.api.azureml-test.ms",
        "catalog": "https://catalog.cortanaanalytics.com",
        "experimentation": "https://master.experiments.azureml-test.net",
        "gallery": "https://gallery.cortanaintelligence.com/project",
        "history": "https://master.experiments.azureml-test.net",
        "hyperdrive": "https://master.experiments.azureml-test.net",
        "labeling": "https://master.experiments.azureml-test.net",
        "modelmanagement": "https://mms.azureml-test.net",
        "pipelines": "https://westus2.aether-dev.ms",
        "quota-manager": "https://master.experiments.azureml-test.net",
        "studio": "https://ml.azure.com"
      }
    },
    {
      "RequestUri": "https://master.api.azureml-test.ms/history/v1.0/subscriptions/00000000-0000-0000-0000-000000000/resourceGroups/00000/providers/Microsoft.MachineLearningServices/workspaces/00000/runs/000000000000000000000/children",
      "RequestMethod": "GET",
      "RequestHeaders": {
        "Accept": "application/json",
        "Accept-Encoding": "gzip, deflate",
        "Connection": "keep-alive",
        "User-Agent": "azure-ai-ml/1.3.0 azsdk-python-mgmt-machinelearningservices/0.1.0 Python/3.9.13 (Windows-10-10.0.19045-SP0)"
      },
      "RequestBody": null,
      "StatusCode": 200,
      "ResponseHeaders": {
        "Connection": "keep-alive",
        "Content-Encoding": "gzip",
        "Content-Type": "application/json; charset=utf-8",
        "Date": "Fri, 30 Dec 2022 01:47:39 GMT",
        "Request-Context": "appId=cid-v1:512cc15a-13b5-415b-bfd0-dce7accb6bb1",
        "Strict-Transport-Security": "max-age=15724800; includeSubDomains; preload",
        "Transfer-Encoding": "chunked",
        "Vary": "Accept-Encoding",
        "x-aml-cluster": "vienna-test-westus2-01",
        "X-Content-Type-Options": "nosniff",
        "x-ms-response-type": "standard",
        "x-request-time": "0.102"
      },
      "ResponseBody": {
        "value": [
          {
            "runNumber": 1672364854,
            "rootRunId": "000000000000000000000",
            "createdUtc": "2022-12-30T01:47:34.9055243\u002B00:00",
            "createdBy": {
              "userObjectId": "5722ac88-ce2c-4b12-b30d-6a19472a2a81",
              "userPuId": "10032001D9C91417",
              "userIdp": null,
              "userAltSecId": null,
              "userIss": "https://sts.windows.net/72f988bf-86f1-41af-91ab-2d7cd011db47/",
              "userTenantId": "72f988bf-86f1-41af-91ab-2d7cd011db47",
              "userName": "Xingzhi Zhang",
              "upn": null
            },
            "userId": "5722ac88-ce2c-4b12-b30d-6a19472a2a81",
            "token": null,
            "tokenExpiryTimeUtc": null,
            "error": null,
            "warnings": null,
            "revision": 2,
            "statusRevision": 1,
            "runUuid": "5ba93cd8-358d-4a01-91d1-fd4e0e47f0e3",
            "parentRunUuid": "2ec94620-97ca-4045-9a1d-e431b3e3eb58",
            "rootRunUuid": "2ec94620-97ca-4045-9a1d-e431b3e3eb58",
            "lastStartTimeUtc": null,
            "currentComputeTime": null,
            "computeDuration": "00:00:00",
            "effectiveStartTimeUtc": null,
            "lastModifiedBy": {
              "userObjectId": "5722ac88-ce2c-4b12-b30d-6a19472a2a81",
              "userPuId": "10032001D9C91417",
              "userIdp": null,
              "userAltSecId": null,
              "userIss": "https://sts.windows.net/72f988bf-86f1-41af-91ab-2d7cd011db47/",
              "userTenantId": "72f988bf-86f1-41af-91ab-2d7cd011db47",
              "userName": "Xingzhi Zhang",
              "upn": null
            },
            "lastModifiedUtc": "2022-12-30T01:47:34.9055243\u002B00:00",
            "duration": "00:00:00",
            "cancelationReason": null,
            "currentAttemptId": 1,
            "runId": "cd1ec52f-6eb9-4d18-a282-ecd641b163f6",
            "parentRunId": "000000000000000000000",
            "experimentId": "ce031622-70db-42a7-9e83-dceca36ac204",
            "status": "Completed",
            "startTimeUtc": "2022-12-30T01:47:34.9658727\u002B00:00",
            "endTimeUtc": "2022-12-30T01:47:34.9658727\u002B00:00",
            "scheduleId": null,
            "displayName": "test_719737027351_1",
            "name": "test_719737027351",
            "dataContainerId": "dcid.e88d7aeb-e9fb-4430-866e-dde25bdc2a6e",
            "description": null,
            "hidden": false,
            "runType": "azureml.StepRun",
            "runTypeV2": {
              "orchestrator": null,
              "traits": [
                "azureml.StepRun"
              ],
              "attribution": null,
              "computeType": null
            },
            "properties": {
              "azureml.isreused": "true",
              "azureml.reusedrunid": "e88d7aeb-e9fb-4430-866e-dde25bdc2a6e",
              "azureml.reusednodeid": "4b7e8e37",
              "azureml.reusedpipeline": "blue_shelf_j4hwcr54h2",
              "azureml.reusedpipelinerunid": "blue_shelf_j4hwcr54h2",
              "azureml.runsource": "azureml.StepRun",
              "azureml.nodeid": "fbe735fb",
              "ContentSnapshotId": "b8a99082-fb01-4e7e-b645-173522146666",
              "StepType": "PythonScriptStep",
              "ComputeTargetType": "AmlCompute",
              "azureml.moduleid": "40b0e2fe-80d0-4b51-a53e-ecd631c7dcbe",
              "azureml.moduleName": "test_719737027351",
              "azureml.moduleVersion": "0.0.1",
              "azureml.pipeline": "000000000000000000000",
              "azureml.pipelinerunid": "000000000000000000000",
              "azureml.DevPlatv2": "true",
              "azureml.pipelineComponent": "masterescloud",
              "_azureml.ComputeTargetType": "amlctrain",
              "ProcessInfoFile": "azureml-logs/process_info.json",
              "ProcessStatusFile": "azureml-logs/process_status.json"
            },
            "parameters": {},
            "actionUris": {
              "Cancel": "https://master.api.azureml-test.ms/studioservice/apiv2/subscriptions/00000000-0000-0000-0000-000000000/resourceGroups/00000/workspaces/00000/runs/cd1ec52f-6eb9-4d18-a282-ecd641b163f6/Cancel"
            },
            "scriptName": null,
            "target": "cpu-cluster",
            "uniqueChildRunComputeTargets": [],
            "tags": {
              "azureml.nodeid": "fbe735fb",
              "azureml.pipeline": "000000000000000000000",
              "_aml_system_ComputeTargetStatus": "{\u0022AllocationState\u0022:\u0022steady\u0022,\u0022PreparingNodeCount\u0022:0,\u0022RunningNodeCount\u0022:2,\u0022CurrentNodeCount\u0022:2}"
            },
            "settings": {},
            "services": {},
            "inputDatasets": [],
            "outputDatasets": [],
            "runDefinition": null,
            "jobSpecification": null,
            "primaryMetricName": null,
            "createdFrom": null,
            "cancelUri": "https://master.api.azureml-test.ms/studioservice/apiv2/subscriptions/00000000-0000-0000-0000-000000000/resourceGroups/00000/workspaces/00000/runs/cd1ec52f-6eb9-4d18-a282-ecd641b163f6/Cancel",
            "completeUri": null,
            "diagnosticsUri": null,
            "computeRequest": null,
            "compute": null,
            "retainForLifetimeOfWorkspace": null,
            "queueingInfo": null,
            "inputs": null,
            "outputs": null
          },
          {
            "runNumber": 1672364855,
            "rootRunId": "000000000000000000000",
            "createdUtc": "2022-12-30T01:47:35.4224089\u002B00:00",
            "createdBy": {
              "userObjectId": "5722ac88-ce2c-4b12-b30d-6a19472a2a81",
              "userPuId": "10032001D9C91417",
              "userIdp": null,
              "userAltSecId": null,
              "userIss": "https://sts.windows.net/72f988bf-86f1-41af-91ab-2d7cd011db47/",
              "userTenantId": "72f988bf-86f1-41af-91ab-2d7cd011db47",
              "userName": "Xingzhi Zhang",
              "upn": null
            },
            "userId": "5722ac88-ce2c-4b12-b30d-6a19472a2a81",
            "token": null,
            "tokenExpiryTimeUtc": null,
            "error": null,
            "warnings": null,
            "revision": 2,
            "statusRevision": 1,
            "runUuid": "62498d02-3712-4326-aa47-f958589d5245",
            "parentRunUuid": "2ec94620-97ca-4045-9a1d-e431b3e3eb58",
            "rootRunUuid": "2ec94620-97ca-4045-9a1d-e431b3e3eb58",
            "lastStartTimeUtc": null,
            "currentComputeTime": null,
            "computeDuration": "00:00:00",
            "effectiveStartTimeUtc": null,
            "lastModifiedBy": {
              "userObjectId": "5722ac88-ce2c-4b12-b30d-6a19472a2a81",
              "userPuId": "10032001D9C91417",
              "userIdp": null,
              "userAltSecId": null,
              "userIss": "https://sts.windows.net/72f988bf-86f1-41af-91ab-2d7cd011db47/",
              "userTenantId": "72f988bf-86f1-41af-91ab-2d7cd011db47",
              "userName": "Xingzhi Zhang",
              "upn": null
            },
            "lastModifiedUtc": "2022-12-30T01:47:35.4224089\u002B00:00",
            "duration": "00:00:00",
            "cancelationReason": null,
            "currentAttemptId": 1,
            "runId": "2e79d15a-9888-4835-b91e-815908fcedbc",
            "parentRunId": "000000000000000000000",
            "experimentId": "ce031622-70db-42a7-9e83-dceca36ac204",
            "status": "Completed",
            "startTimeUtc": "2022-12-30T01:47:35.4993197\u002B00:00",
            "endTimeUtc": "2022-12-30T01:47:35.4993197\u002B00:00",
            "scheduleId": null,
            "displayName": "test_719737027351",
            "name": "test_719737027351",
            "dataContainerId": "dcid.e7e38b9a-a0d7-4a4c-806e-dcd38a1bb40e",
            "description": null,
            "hidden": false,
            "runType": "azureml.StepRun",
            "runTypeV2": {
              "orchestrator": null,
              "traits": [
                "azureml.StepRun"
              ],
              "attribution": null,
              "computeType": null
            },
            "properties": {
              "azureml.isreused": "true",
              "azureml.reusedrunid": "e7e38b9a-a0d7-4a4c-806e-dcd38a1bb40e",
              "azureml.reusednodeid": "6ac20a91",
              "azureml.reusedpipeline": "blue_shelf_j4hwcr54h2",
              "azureml.reusedpipelinerunid": "blue_shelf_j4hwcr54h2",
              "azureml.runsource": "azureml.StepRun",
              "azureml.nodeid": "d0eeb843",
              "ContentSnapshotId": "b8a99082-fb01-4e7e-b645-173522146666",
              "StepType": "PythonScriptStep",
              "ComputeTargetType": "AmlCompute",
              "azureml.moduleid": "40b0e2fe-80d0-4b51-a53e-ecd631c7dcbe",
              "azureml.moduleName": "test_719737027351",
              "azureml.moduleVersion": "0.0.1",
              "azureml.pipeline": "000000000000000000000",
              "azureml.pipelinerunid": "000000000000000000000",
              "azureml.DevPlatv2": "true",
              "azureml.pipelineComponent": "masterescloud",
              "_azureml.ComputeTargetType": "amlctrain",
              "ProcessInfoFile": "azureml-logs/process_info.json",
              "ProcessStatusFile": "azureml-logs/process_status.json"
            },
            "parameters": {},
            "actionUris": {
              "Cancel": "https://master.api.azureml-test.ms/studioservice/apiv2/subscriptions/00000000-0000-0000-0000-000000000/resourceGroups/00000/workspaces/00000/runs/2e79d15a-9888-4835-b91e-815908fcedbc/Cancel"
            },
            "scriptName": null,
            "target": "cpu-cluster",
            "uniqueChildRunComputeTargets": [],
            "tags": {
              "azureml.nodeid": "d0eeb843",
              "azureml.pipeline": "000000000000000000000",
              "_aml_system_ComputeTargetStatus": "{\u0022AllocationState\u0022:\u0022steady\u0022,\u0022PreparingNodeCount\u0022:0,\u0022RunningNodeCount\u0022:2,\u0022CurrentNodeCount\u0022:2}"
            },
            "settings": {},
            "services": {},
            "inputDatasets": [],
            "outputDatasets": [],
            "runDefinition": null,
            "jobSpecification": null,
            "primaryMetricName": null,
            "createdFrom": null,
            "cancelUri": "https://master.api.azureml-test.ms/studioservice/apiv2/subscriptions/00000000-0000-0000-0000-000000000/resourceGroups/00000/workspaces/00000/runs/2e79d15a-9888-4835-b91e-815908fcedbc/Cancel",
            "completeUri": null,
            "diagnosticsUri": null,
            "computeRequest": null,
            "compute": null,
            "retainForLifetimeOfWorkspace": null,
            "queueingInfo": null,
            "inputs": null,
            "outputs": null
          }
        ]
      }
    },
    {
      "RequestUri": "https://management.azure.com/subscriptions/00000000-0000-0000-0000-000000000/resourceGroups/00000/providers/Microsoft.MachineLearningServices/workspaces/00000/jobs/cd1ec52f-6eb9-4d18-a282-ecd641b163f6?api-version=2022-10-01-preview",
      "RequestMethod": "GET",
      "RequestHeaders": {
        "Accept": "application/json",
        "Accept-Encoding": "gzip, deflate",
        "Connection": "keep-alive",
        "User-Agent": "azure-ai-ml/1.3.0 azsdk-python-mgmt-machinelearningservices/0.1.0 Python/3.9.13 (Windows-10-10.0.19045-SP0)"
      },
      "RequestBody": null,
      "StatusCode": 200,
      "ResponseHeaders": {
        "Cache-Control": "no-cache",
        "Content-Encoding": "gzip",
        "Content-Type": "application/json; charset=utf-8",
        "Date": "Fri, 30 Dec 2022 01:47:39 GMT",
        "Expires": "-1",
        "Pragma": "no-cache",
        "Request-Context": "appId=cid-v1:512cc15a-13b5-415b-bfd0-dce7accb6bb1",
        "Server-Timing": "traceparent;desc=\u002200-eed68cae837805be6916f8c0cbea2834-c93b1f1bcdeeb385-00\u0022",
        "Strict-Transport-Security": "max-age=31536000; includeSubDomains",
        "Transfer-Encoding": "chunked",
        "Vary": [
          "Accept-Encoding",
          "Accept-Encoding"
        ],
        "x-aml-cluster": "vienna-test-westus2-02",
        "X-Content-Type-Options": "nosniff",
        "x-ms-correlation-request-id": "a8863c9e-3fb1-4bc0-8eac-20c5c7fab0ba",
        "x-ms-ratelimit-remaining-subscription-reads": "11879",
        "x-ms-response-type": "standard",
        "x-ms-routing-request-id": "JAPANEAST:20221230T014740Z:a8863c9e-3fb1-4bc0-8eac-20c5c7fab0ba",
        "x-request-time": "0.049"
      },
      "ResponseBody": {
        "id": "/subscriptions/00000000-0000-0000-0000-000000000/resourceGroups/00000/providers/Microsoft.MachineLearningServices/workspaces/00000/jobs/cd1ec52f-6eb9-4d18-a282-ecd641b163f6",
        "name": "cd1ec52f-6eb9-4d18-a282-ecd641b163f6",
        "type": "Microsoft.MachineLearningServices/workspaces/jobs",
        "systemData": {
          "createdAt": "2022-12-30T01:47:34.9055243\u002B00:00",
          "createdBy": "Xingzhi Zhang",
          "createdByType": "User"
        }
      }
    },
    {
      "RequestUri": "https://master.api.azureml-test.ms/history/v1.0/subscriptions/00000000-0000-0000-0000-000000000/resourceGroups/00000/providers/Microsoft.MachineLearningServices/workspaces/00000/runs/cd1ec52f-6eb9-4d18-a282-ecd641b163f6",
      "RequestMethod": "GET",
      "RequestHeaders": {
        "Accept": "application/json",
        "Accept-Encoding": "gzip, deflate",
        "Connection": "keep-alive",
        "User-Agent": "azure-ai-ml/1.3.0 azsdk-python-mgmt-machinelearningservices/0.1.0 Python/3.9.13 (Windows-10-10.0.19045-SP0)"
      },
      "RequestBody": null,
      "StatusCode": 200,
      "ResponseHeaders": {
        "Connection": "keep-alive",
        "Content-Encoding": "gzip",
        "Content-Type": "application/json; charset=utf-8",
        "Date": "Fri, 30 Dec 2022 01:47:40 GMT",
        "Request-Context": "appId=cid-v1:512cc15a-13b5-415b-bfd0-dce7accb6bb1",
        "Strict-Transport-Security": "max-age=15724800; includeSubDomains; preload",
        "Transfer-Encoding": "chunked",
        "Vary": "Accept-Encoding",
        "x-aml-cluster": "vienna-test-westus2-01",
        "X-Content-Type-Options": "nosniff",
        "x-ms-response-type": "standard",
        "x-request-time": "0.023"
      },
      "ResponseBody": {
        "runNumber": 1672364854,
        "rootRunId": "000000000000000000000",
        "createdUtc": "2022-12-30T01:47:34.9055243\u002B00:00",
        "createdBy": {
          "userObjectId": "5722ac88-ce2c-4b12-b30d-6a19472a2a81",
          "userPuId": "10032001D9C91417",
          "userIdp": null,
          "userAltSecId": null,
          "userIss": "https://sts.windows.net/72f988bf-86f1-41af-91ab-2d7cd011db47/",
          "userTenantId": "72f988bf-86f1-41af-91ab-2d7cd011db47",
          "userName": "Xingzhi Zhang",
          "upn": null
        },
        "userId": "5722ac88-ce2c-4b12-b30d-6a19472a2a81",
        "token": null,
        "tokenExpiryTimeUtc": null,
        "error": null,
        "warnings": null,
        "revision": 2,
        "statusRevision": 1,
        "runUuid": "5ba93cd8-358d-4a01-91d1-fd4e0e47f0e3",
        "parentRunUuid": "2ec94620-97ca-4045-9a1d-e431b3e3eb58",
        "rootRunUuid": "2ec94620-97ca-4045-9a1d-e431b3e3eb58",
        "lastStartTimeUtc": null,
        "currentComputeTime": null,
        "computeDuration": "00:00:00",
        "effectiveStartTimeUtc": null,
        "lastModifiedBy": {
          "userObjectId": "5722ac88-ce2c-4b12-b30d-6a19472a2a81",
          "userPuId": "10032001D9C91417",
          "userIdp": null,
          "userAltSecId": null,
          "userIss": "https://sts.windows.net/72f988bf-86f1-41af-91ab-2d7cd011db47/",
          "userTenantId": "72f988bf-86f1-41af-91ab-2d7cd011db47",
          "userName": "Xingzhi Zhang",
          "upn": null
        },
        "lastModifiedUtc": "2022-12-30T01:47:34.9055243\u002B00:00",
        "duration": "00:00:00",
        "cancelationReason": null,
        "currentAttemptId": 1,
        "runId": "cd1ec52f-6eb9-4d18-a282-ecd641b163f6",
        "parentRunId": "000000000000000000000",
        "experimentId": "ce031622-70db-42a7-9e83-dceca36ac204",
        "status": "Completed",
        "startTimeUtc": "2022-12-30T01:47:34.9658727\u002B00:00",
        "endTimeUtc": "2022-12-30T01:47:34.9658727\u002B00:00",
        "scheduleId": null,
        "displayName": "test_719737027351_1",
        "name": "test_719737027351",
        "dataContainerId": "dcid.e88d7aeb-e9fb-4430-866e-dde25bdc2a6e",
        "description": null,
        "hidden": false,
        "runType": "azureml.StepRun",
        "runTypeV2": {
          "orchestrator": null,
          "traits": [
            "azureml.StepRun"
          ],
          "attribution": null,
          "computeType": null
        },
        "properties": {
          "azureml.isreused": "true",
          "azureml.reusedrunid": "e88d7aeb-e9fb-4430-866e-dde25bdc2a6e",
          "azureml.reusednodeid": "4b7e8e37",
          "azureml.reusedpipeline": "blue_shelf_j4hwcr54h2",
          "azureml.reusedpipelinerunid": "blue_shelf_j4hwcr54h2",
          "azureml.runsource": "azureml.StepRun",
          "azureml.nodeid": "fbe735fb",
          "ContentSnapshotId": "b8a99082-fb01-4e7e-b645-173522146666",
          "StepType": "PythonScriptStep",
          "ComputeTargetType": "AmlCompute",
          "azureml.moduleid": "40b0e2fe-80d0-4b51-a53e-ecd631c7dcbe",
          "azureml.moduleName": "test_719737027351",
          "azureml.moduleVersion": "0.0.1",
          "azureml.pipeline": "000000000000000000000",
          "azureml.pipelinerunid": "000000000000000000000",
          "azureml.DevPlatv2": "true",
          "azureml.pipelineComponent": "masterescloud",
          "_azureml.ComputeTargetType": "amlctrain",
          "ProcessInfoFile": "azureml-logs/process_info.json",
          "ProcessStatusFile": "azureml-logs/process_status.json"
        },
        "parameters": {},
        "actionUris": {
          "Cancel": "https://master.api.azureml-test.ms/studioservice/apiv2/subscriptions/00000000-0000-0000-0000-000000000/resourceGroups/00000/workspaces/00000/runs/cd1ec52f-6eb9-4d18-a282-ecd641b163f6/Cancel"
        },
        "scriptName": null,
        "target": "cpu-cluster",
        "uniqueChildRunComputeTargets": [],
        "tags": {
          "azureml.nodeid": "fbe735fb",
          "azureml.pipeline": "000000000000000000000",
          "_aml_system_ComputeTargetStatus": "{\u0022AllocationState\u0022:\u0022steady\u0022,\u0022PreparingNodeCount\u0022:0,\u0022RunningNodeCount\u0022:2,\u0022CurrentNodeCount\u0022:2}"
        },
        "settings": {},
        "services": {},
        "inputDatasets": [],
        "outputDatasets": [],
        "runDefinition": null,
        "jobSpecification": null,
        "primaryMetricName": null,
        "createdFrom": null,
        "cancelUri": "https://master.api.azureml-test.ms/studioservice/apiv2/subscriptions/00000000-0000-0000-0000-000000000/resourceGroups/00000/workspaces/00000/runs/cd1ec52f-6eb9-4d18-a282-ecd641b163f6/Cancel",
        "completeUri": null,
        "diagnosticsUri": null,
        "computeRequest": null,
        "compute": null,
        "retainForLifetimeOfWorkspace": null,
        "queueingInfo": null,
        "inputs": null,
        "outputs": null
      }
    },
    {
      "RequestUri": "https://management.azure.com/subscriptions/00000000-0000-0000-0000-000000000/resourceGroups/00000/providers/Microsoft.MachineLearningServices/workspaces/00000/jobs/cd1ec52f-6eb9-4d18-a282-ecd641b163f6?api-version=2022-10-01-preview",
      "RequestMethod": "GET",
      "RequestHeaders": {
        "Accept": "application/json",
        "Accept-Encoding": "gzip, deflate",
        "Connection": "keep-alive",
        "User-Agent": "azure-ai-ml/1.3.0 azsdk-python-mgmt-machinelearningservices/0.1.0 Python/3.9.13 (Windows-10-10.0.19045-SP0)"
      },
      "RequestBody": null,
      "StatusCode": 200,
      "ResponseHeaders": {
        "Cache-Control": "no-cache",
        "Content-Encoding": "gzip",
        "Content-Type": "application/json; charset=utf-8",
        "Date": "Fri, 30 Dec 2022 01:47:39 GMT",
        "Expires": "-1",
        "Pragma": "no-cache",
        "Request-Context": "appId=cid-v1:512cc15a-13b5-415b-bfd0-dce7accb6bb1",
        "Server-Timing": "traceparent;desc=\u002200-091b8a562a4d8b33ce0164114070e0cd-c6bc04de729bd3ed-00\u0022",
        "Strict-Transport-Security": "max-age=31536000; includeSubDomains",
        "Transfer-Encoding": "chunked",
        "Vary": [
          "Accept-Encoding",
          "Accept-Encoding"
        ],
        "x-aml-cluster": "vienna-test-westus2-02",
        "X-Content-Type-Options": "nosniff",
        "x-ms-correlation-request-id": "16df6344-1545-4c7a-83cc-77e9e512a0ad",
        "x-ms-ratelimit-remaining-subscription-reads": "11878",
        "x-ms-response-type": "standard",
        "x-ms-routing-request-id": "JAPANEAST:20221230T014740Z:16df6344-1545-4c7a-83cc-77e9e512a0ad",
        "x-request-time": "0.056"
      },
      "ResponseBody": {
        "id": "/subscriptions/00000000-0000-0000-0000-000000000/resourceGroups/00000/providers/Microsoft.MachineLearningServices/workspaces/00000/jobs/cd1ec52f-6eb9-4d18-a282-ecd641b163f6",
        "name": "cd1ec52f-6eb9-4d18-a282-ecd641b163f6",
        "type": "Microsoft.MachineLearningServices/workspaces/jobs",
        "systemData": {
          "createdAt": "2022-12-30T01:47:34.9055243\u002B00:00",
          "createdBy": "Xingzhi Zhang",
          "createdByType": "User"
        }
      }
    },
    {
      "RequestUri": "https://master.api.azureml-test.ms/history/v1.0/subscriptions/00000000-0000-0000-0000-000000000/resourceGroups/00000/providers/Microsoft.MachineLearningServices/workspaces/00000/runs/cd1ec52f-6eb9-4d18-a282-ecd641b163f6",
      "RequestMethod": "GET",
      "RequestHeaders": {
        "Accept": "application/json",
        "Accept-Encoding": "gzip, deflate",
        "Connection": "keep-alive",
        "User-Agent": "azure-ai-ml/1.3.0 azsdk-python-mgmt-machinelearningservices/0.1.0 Python/3.9.13 (Windows-10-10.0.19045-SP0)"
      },
      "RequestBody": null,
      "StatusCode": 200,
      "ResponseHeaders": {
        "Connection": "keep-alive",
        "Content-Encoding": "gzip",
        "Content-Type": "application/json; charset=utf-8",
        "Date": "Fri, 30 Dec 2022 01:47:40 GMT",
        "Request-Context": "appId=cid-v1:512cc15a-13b5-415b-bfd0-dce7accb6bb1",
        "Strict-Transport-Security": "max-age=15724800; includeSubDomains; preload",
        "Transfer-Encoding": "chunked",
        "Vary": "Accept-Encoding",
        "x-aml-cluster": "vienna-test-westus2-01",
        "X-Content-Type-Options": "nosniff",
        "x-ms-response-type": "standard",
        "x-request-time": "0.017"
      },
      "ResponseBody": {
        "runNumber": 1672364854,
        "rootRunId": "000000000000000000000",
        "createdUtc": "2022-12-30T01:47:34.9055243\u002B00:00",
        "createdBy": {
          "userObjectId": "5722ac88-ce2c-4b12-b30d-6a19472a2a81",
          "userPuId": "10032001D9C91417",
          "userIdp": null,
          "userAltSecId": null,
          "userIss": "https://sts.windows.net/72f988bf-86f1-41af-91ab-2d7cd011db47/",
          "userTenantId": "72f988bf-86f1-41af-91ab-2d7cd011db47",
          "userName": "Xingzhi Zhang",
          "upn": null
        },
        "userId": "5722ac88-ce2c-4b12-b30d-6a19472a2a81",
        "token": null,
        "tokenExpiryTimeUtc": null,
        "error": null,
        "warnings": null,
        "revision": 2,
        "statusRevision": 1,
        "runUuid": "5ba93cd8-358d-4a01-91d1-fd4e0e47f0e3",
        "parentRunUuid": "2ec94620-97ca-4045-9a1d-e431b3e3eb58",
        "rootRunUuid": "2ec94620-97ca-4045-9a1d-e431b3e3eb58",
        "lastStartTimeUtc": null,
        "currentComputeTime": null,
        "computeDuration": "00:00:00",
        "effectiveStartTimeUtc": null,
        "lastModifiedBy": {
          "userObjectId": "5722ac88-ce2c-4b12-b30d-6a19472a2a81",
          "userPuId": "10032001D9C91417",
          "userIdp": null,
          "userAltSecId": null,
          "userIss": "https://sts.windows.net/72f988bf-86f1-41af-91ab-2d7cd011db47/",
          "userTenantId": "72f988bf-86f1-41af-91ab-2d7cd011db47",
          "userName": "Xingzhi Zhang",
          "upn": null
        },
        "lastModifiedUtc": "2022-12-30T01:47:34.9055243\u002B00:00",
        "duration": "00:00:00",
        "cancelationReason": null,
        "currentAttemptId": 1,
        "runId": "cd1ec52f-6eb9-4d18-a282-ecd641b163f6",
        "parentRunId": "000000000000000000000",
        "experimentId": "ce031622-70db-42a7-9e83-dceca36ac204",
        "status": "Completed",
        "startTimeUtc": "2022-12-30T01:47:34.9658727\u002B00:00",
        "endTimeUtc": "2022-12-30T01:47:34.9658727\u002B00:00",
        "scheduleId": null,
        "displayName": "test_719737027351_1",
        "name": "test_719737027351",
        "dataContainerId": "dcid.e88d7aeb-e9fb-4430-866e-dde25bdc2a6e",
        "description": null,
        "hidden": false,
        "runType": "azureml.StepRun",
        "runTypeV2": {
          "orchestrator": null,
          "traits": [
            "azureml.StepRun"
          ],
          "attribution": null,
          "computeType": null
        },
        "properties": {
          "azureml.isreused": "true",
          "azureml.reusedrunid": "e88d7aeb-e9fb-4430-866e-dde25bdc2a6e",
          "azureml.reusednodeid": "4b7e8e37",
          "azureml.reusedpipeline": "blue_shelf_j4hwcr54h2",
          "azureml.reusedpipelinerunid": "blue_shelf_j4hwcr54h2",
          "azureml.runsource": "azureml.StepRun",
          "azureml.nodeid": "fbe735fb",
          "ContentSnapshotId": "b8a99082-fb01-4e7e-b645-173522146666",
          "StepType": "PythonScriptStep",
          "ComputeTargetType": "AmlCompute",
          "azureml.moduleid": "40b0e2fe-80d0-4b51-a53e-ecd631c7dcbe",
          "azureml.moduleName": "test_719737027351",
          "azureml.moduleVersion": "0.0.1",
          "azureml.pipeline": "000000000000000000000",
          "azureml.pipelinerunid": "000000000000000000000",
          "azureml.DevPlatv2": "true",
          "azureml.pipelineComponent": "masterescloud",
          "_azureml.ComputeTargetType": "amlctrain",
          "ProcessInfoFile": "azureml-logs/process_info.json",
          "ProcessStatusFile": "azureml-logs/process_status.json"
        },
        "parameters": {},
        "actionUris": {
          "Cancel": "https://master.api.azureml-test.ms/studioservice/apiv2/subscriptions/00000000-0000-0000-0000-000000000/resourceGroups/00000/workspaces/00000/runs/cd1ec52f-6eb9-4d18-a282-ecd641b163f6/Cancel"
        },
        "scriptName": null,
        "target": "cpu-cluster",
        "uniqueChildRunComputeTargets": [],
        "tags": {
          "azureml.nodeid": "fbe735fb",
          "azureml.pipeline": "000000000000000000000",
          "_aml_system_ComputeTargetStatus": "{\u0022AllocationState\u0022:\u0022steady\u0022,\u0022PreparingNodeCount\u0022:0,\u0022RunningNodeCount\u0022:2,\u0022CurrentNodeCount\u0022:2}"
        },
        "settings": {},
        "services": {},
        "inputDatasets": [],
        "outputDatasets": [],
        "runDefinition": null,
        "jobSpecification": null,
        "primaryMetricName": null,
        "createdFrom": null,
        "cancelUri": "https://master.api.azureml-test.ms/studioservice/apiv2/subscriptions/00000000-0000-0000-0000-000000000/resourceGroups/00000/workspaces/00000/runs/cd1ec52f-6eb9-4d18-a282-ecd641b163f6/Cancel",
        "completeUri": null,
        "diagnosticsUri": null,
        "computeRequest": null,
        "compute": null,
        "retainForLifetimeOfWorkspace": null,
        "queueingInfo": null,
        "inputs": null,
        "outputs": null
      }
    },
    {
      "RequestUri": "https://management.azure.com/subscriptions/00000000-0000-0000-0000-000000000/resourceGroups/00000/providers/Microsoft.MachineLearningServices/workspaces/00000/jobs/2e79d15a-9888-4835-b91e-815908fcedbc?api-version=2022-10-01-preview",
      "RequestMethod": "GET",
      "RequestHeaders": {
        "Accept": "application/json",
        "Accept-Encoding": "gzip, deflate",
        "Connection": "keep-alive",
        "User-Agent": "azure-ai-ml/1.3.0 azsdk-python-mgmt-machinelearningservices/0.1.0 Python/3.9.13 (Windows-10-10.0.19045-SP0)"
      },
      "RequestBody": null,
      "StatusCode": 200,
      "ResponseHeaders": {
        "Cache-Control": "no-cache",
        "Content-Encoding": "gzip",
        "Content-Type": "application/json; charset=utf-8",
        "Date": "Fri, 30 Dec 2022 01:47:40 GMT",
        "Expires": "-1",
        "Pragma": "no-cache",
        "Request-Context": "appId=cid-v1:512cc15a-13b5-415b-bfd0-dce7accb6bb1",
        "Server-Timing": "traceparent;desc=\u002200-419f67a84c8f6e6ef8e8fd57bb6b06a0-0c72bd3f76e46a67-00\u0022",
        "Strict-Transport-Security": "max-age=31536000; includeSubDomains",
        "Transfer-Encoding": "chunked",
        "Vary": [
          "Accept-Encoding",
          "Accept-Encoding"
        ],
        "x-aml-cluster": "vienna-test-westus2-02",
        "X-Content-Type-Options": "nosniff",
        "x-ms-correlation-request-id": "ba50ce06-e98c-4576-bf7f-4910c2af98f6",
        "x-ms-ratelimit-remaining-subscription-reads": "11877",
        "x-ms-response-type": "standard",
        "x-ms-routing-request-id": "JAPANEAST:20221230T014741Z:ba50ce06-e98c-4576-bf7f-4910c2af98f6",
        "x-request-time": "0.055"
      },
      "ResponseBody": {
        "id": "/subscriptions/00000000-0000-0000-0000-000000000/resourceGroups/00000/providers/Microsoft.MachineLearningServices/workspaces/00000/jobs/2e79d15a-9888-4835-b91e-815908fcedbc",
        "name": "2e79d15a-9888-4835-b91e-815908fcedbc",
        "type": "Microsoft.MachineLearningServices/workspaces/jobs",
        "systemData": {
          "createdAt": "2022-12-30T01:47:35.4224089\u002B00:00",
          "createdBy": "Xingzhi Zhang",
          "createdByType": "User"
        }
      }
    },
    {
      "RequestUri": "https://master.api.azureml-test.ms/history/v1.0/subscriptions/00000000-0000-0000-0000-000000000/resourceGroups/00000/providers/Microsoft.MachineLearningServices/workspaces/00000/runs/2e79d15a-9888-4835-b91e-815908fcedbc",
      "RequestMethod": "GET",
      "RequestHeaders": {
        "Accept": "application/json",
        "Accept-Encoding": "gzip, deflate",
        "Connection": "keep-alive",
        "User-Agent": "azure-ai-ml/1.3.0 azsdk-python-mgmt-machinelearningservices/0.1.0 Python/3.9.13 (Windows-10-10.0.19045-SP0)"
      },
      "RequestBody": null,
      "StatusCode": 200,
      "ResponseHeaders": {
        "Connection": "keep-alive",
        "Content-Encoding": "gzip",
        "Content-Type": "application/json; charset=utf-8",
        "Date": "Fri, 30 Dec 2022 01:47:42 GMT",
        "Request-Context": "appId=cid-v1:512cc15a-13b5-415b-bfd0-dce7accb6bb1",
        "Strict-Transport-Security": "max-age=15724800; includeSubDomains; preload",
        "Transfer-Encoding": "chunked",
        "Vary": "Accept-Encoding",
        "x-aml-cluster": "vienna-test-westus2-01",
        "X-Content-Type-Options": "nosniff",
        "x-ms-response-type": "standard",
        "x-request-time": "0.045"
      },
      "ResponseBody": {
        "runNumber": 1672364855,
        "rootRunId": "000000000000000000000",
        "createdUtc": "2022-12-30T01:47:35.4224089\u002B00:00",
        "createdBy": {
          "userObjectId": "5722ac88-ce2c-4b12-b30d-6a19472a2a81",
          "userPuId": "10032001D9C91417",
          "userIdp": null,
          "userAltSecId": null,
          "userIss": "https://sts.windows.net/72f988bf-86f1-41af-91ab-2d7cd011db47/",
          "userTenantId": "72f988bf-86f1-41af-91ab-2d7cd011db47",
          "userName": "Xingzhi Zhang",
          "upn": null
        },
        "userId": "5722ac88-ce2c-4b12-b30d-6a19472a2a81",
        "token": null,
        "tokenExpiryTimeUtc": null,
        "error": null,
        "warnings": null,
        "revision": 2,
        "statusRevision": 1,
        "runUuid": "62498d02-3712-4326-aa47-f958589d5245",
        "parentRunUuid": "2ec94620-97ca-4045-9a1d-e431b3e3eb58",
        "rootRunUuid": "2ec94620-97ca-4045-9a1d-e431b3e3eb58",
        "lastStartTimeUtc": null,
        "currentComputeTime": null,
        "computeDuration": "00:00:00",
        "effectiveStartTimeUtc": null,
        "lastModifiedBy": {
          "userObjectId": "5722ac88-ce2c-4b12-b30d-6a19472a2a81",
          "userPuId": "10032001D9C91417",
          "userIdp": null,
          "userAltSecId": null,
          "userIss": "https://sts.windows.net/72f988bf-86f1-41af-91ab-2d7cd011db47/",
          "userTenantId": "72f988bf-86f1-41af-91ab-2d7cd011db47",
          "userName": "Xingzhi Zhang",
          "upn": null
        },
        "lastModifiedUtc": "2022-12-30T01:47:35.4224089\u002B00:00",
        "duration": "00:00:00",
        "cancelationReason": null,
        "currentAttemptId": 1,
        "runId": "2e79d15a-9888-4835-b91e-815908fcedbc",
        "parentRunId": "000000000000000000000",
        "experimentId": "ce031622-70db-42a7-9e83-dceca36ac204",
        "status": "Completed",
        "startTimeUtc": "2022-12-30T01:47:35.4993197\u002B00:00",
        "endTimeUtc": "2022-12-30T01:47:35.4993197\u002B00:00",
        "scheduleId": null,
        "displayName": "test_719737027351",
        "name": "test_719737027351",
        "dataContainerId": "dcid.e7e38b9a-a0d7-4a4c-806e-dcd38a1bb40e",
        "description": null,
        "hidden": false,
        "runType": "azureml.StepRun",
        "runTypeV2": {
          "orchestrator": null,
          "traits": [
            "azureml.StepRun"
          ],
          "attribution": null,
          "computeType": null
        },
        "properties": {
          "azureml.isreused": "true",
          "azureml.reusedrunid": "e7e38b9a-a0d7-4a4c-806e-dcd38a1bb40e",
          "azureml.reusednodeid": "6ac20a91",
          "azureml.reusedpipeline": "blue_shelf_j4hwcr54h2",
          "azureml.reusedpipelinerunid": "blue_shelf_j4hwcr54h2",
          "azureml.runsource": "azureml.StepRun",
          "azureml.nodeid": "d0eeb843",
          "ContentSnapshotId": "b8a99082-fb01-4e7e-b645-173522146666",
          "StepType": "PythonScriptStep",
          "ComputeTargetType": "AmlCompute",
          "azureml.moduleid": "40b0e2fe-80d0-4b51-a53e-ecd631c7dcbe",
          "azureml.moduleName": "test_719737027351",
          "azureml.moduleVersion": "0.0.1",
          "azureml.pipeline": "000000000000000000000",
          "azureml.pipelinerunid": "000000000000000000000",
          "azureml.DevPlatv2": "true",
          "azureml.pipelineComponent": "masterescloud",
          "_azureml.ComputeTargetType": "amlctrain",
          "ProcessInfoFile": "azureml-logs/process_info.json",
          "ProcessStatusFile": "azureml-logs/process_status.json"
        },
        "parameters": {},
        "actionUris": {
          "Cancel": "https://master.api.azureml-test.ms/studioservice/apiv2/subscriptions/00000000-0000-0000-0000-000000000/resourceGroups/00000/workspaces/00000/runs/2e79d15a-9888-4835-b91e-815908fcedbc/Cancel"
        },
        "scriptName": null,
        "target": "cpu-cluster",
        "uniqueChildRunComputeTargets": [],
        "tags": {
          "azureml.nodeid": "d0eeb843",
          "azureml.pipeline": "000000000000000000000",
          "_aml_system_ComputeTargetStatus": "{\u0022AllocationState\u0022:\u0022steady\u0022,\u0022PreparingNodeCount\u0022:0,\u0022RunningNodeCount\u0022:2,\u0022CurrentNodeCount\u0022:2}"
        },
        "settings": {},
        "services": {},
        "inputDatasets": [],
        "outputDatasets": [],
        "runDefinition": null,
        "jobSpecification": null,
        "primaryMetricName": null,
        "createdFrom": null,
        "cancelUri": "https://master.api.azureml-test.ms/studioservice/apiv2/subscriptions/00000000-0000-0000-0000-000000000/resourceGroups/00000/workspaces/00000/runs/2e79d15a-9888-4835-b91e-815908fcedbc/Cancel",
        "completeUri": null,
        "diagnosticsUri": null,
        "computeRequest": null,
        "compute": null,
        "retainForLifetimeOfWorkspace": null,
        "queueingInfo": null,
        "inputs": null,
        "outputs": null
      }
    },
    {
      "RequestUri": "https://management.azure.com/subscriptions/00000000-0000-0000-0000-000000000/resourceGroups/00000/providers/Microsoft.MachineLearningServices/workspaces/00000/jobs/2e79d15a-9888-4835-b91e-815908fcedbc?api-version=2022-10-01-preview",
      "RequestMethod": "GET",
      "RequestHeaders": {
        "Accept": "application/json",
        "Accept-Encoding": "gzip, deflate",
        "Connection": "keep-alive",
        "User-Agent": "azure-ai-ml/1.3.0 azsdk-python-mgmt-machinelearningservices/0.1.0 Python/3.9.13 (Windows-10-10.0.19045-SP0)"
      },
      "RequestBody": null,
      "StatusCode": 200,
      "ResponseHeaders": {
        "Cache-Control": "no-cache",
        "Content-Encoding": "gzip",
        "Content-Type": "application/json; charset=utf-8",
        "Date": "Fri, 30 Dec 2022 01:47:41 GMT",
        "Expires": "-1",
        "Pragma": "no-cache",
        "Request-Context": "appId=cid-v1:512cc15a-13b5-415b-bfd0-dce7accb6bb1",
        "Server-Timing": "traceparent;desc=\u002200-e0222f90ea15a3ea7f1197967829f76f-5abc1d0359b8eb07-00\u0022",
        "Strict-Transport-Security": "max-age=31536000; includeSubDomains",
        "Transfer-Encoding": "chunked",
        "Vary": [
          "Accept-Encoding",
          "Accept-Encoding"
        ],
        "x-aml-cluster": "vienna-test-westus2-02",
        "X-Content-Type-Options": "nosniff",
        "x-ms-correlation-request-id": "ee2a0cf2-94bb-4d2d-9afd-1091f8c560e0",
        "x-ms-ratelimit-remaining-subscription-reads": "11876",
        "x-ms-response-type": "standard",
        "x-ms-routing-request-id": "JAPANEAST:20221230T014742Z:ee2a0cf2-94bb-4d2d-9afd-1091f8c560e0",
        "x-request-time": "0.097"
      },
      "ResponseBody": {
        "id": "/subscriptions/00000000-0000-0000-0000-000000000/resourceGroups/00000/providers/Microsoft.MachineLearningServices/workspaces/00000/jobs/2e79d15a-9888-4835-b91e-815908fcedbc",
        "name": "2e79d15a-9888-4835-b91e-815908fcedbc",
        "type": "Microsoft.MachineLearningServices/workspaces/jobs",
        "systemData": {
          "createdAt": "2022-12-30T01:47:35.4224089\u002B00:00",
          "createdBy": "Xingzhi Zhang",
          "createdByType": "User"
        }
      }
    },
    {
      "RequestUri": "https://master.api.azureml-test.ms/history/v1.0/subscriptions/00000000-0000-0000-0000-000000000/resourceGroups/00000/providers/Microsoft.MachineLearningServices/workspaces/00000/runs/2e79d15a-9888-4835-b91e-815908fcedbc",
      "RequestMethod": "GET",
      "RequestHeaders": {
        "Accept": "application/json",
        "Accept-Encoding": "gzip, deflate",
        "Connection": "keep-alive",
        "User-Agent": "azure-ai-ml/1.3.0 azsdk-python-mgmt-machinelearningservices/0.1.0 Python/3.9.13 (Windows-10-10.0.19045-SP0)"
      },
      "RequestBody": null,
      "StatusCode": 200,
      "ResponseHeaders": {
        "Connection": "keep-alive",
        "Content-Encoding": "gzip",
        "Content-Type": "application/json; charset=utf-8",
        "Date": "Fri, 30 Dec 2022 01:47:42 GMT",
        "Request-Context": "appId=cid-v1:512cc15a-13b5-415b-bfd0-dce7accb6bb1",
        "Strict-Transport-Security": "max-age=15724800; includeSubDomains; preload",
        "Transfer-Encoding": "chunked",
        "Vary": "Accept-Encoding",
        "x-aml-cluster": "vienna-test-westus2-01",
        "X-Content-Type-Options": "nosniff",
        "x-ms-response-type": "standard",
        "x-request-time": "0.047"
      },
      "ResponseBody": {
        "runNumber": 1672364855,
        "rootRunId": "000000000000000000000",
        "createdUtc": "2022-12-30T01:47:35.4224089\u002B00:00",
        "createdBy": {
          "userObjectId": "5722ac88-ce2c-4b12-b30d-6a19472a2a81",
          "userPuId": "10032001D9C91417",
          "userIdp": null,
          "userAltSecId": null,
          "userIss": "https://sts.windows.net/72f988bf-86f1-41af-91ab-2d7cd011db47/",
          "userTenantId": "72f988bf-86f1-41af-91ab-2d7cd011db47",
          "userName": "Xingzhi Zhang",
          "upn": null
        },
        "userId": "5722ac88-ce2c-4b12-b30d-6a19472a2a81",
        "token": null,
        "tokenExpiryTimeUtc": null,
        "error": null,
        "warnings": null,
        "revision": 2,
        "statusRevision": 1,
        "runUuid": "62498d02-3712-4326-aa47-f958589d5245",
        "parentRunUuid": "2ec94620-97ca-4045-9a1d-e431b3e3eb58",
        "rootRunUuid": "2ec94620-97ca-4045-9a1d-e431b3e3eb58",
        "lastStartTimeUtc": null,
        "currentComputeTime": null,
        "computeDuration": "00:00:00",
        "effectiveStartTimeUtc": null,
        "lastModifiedBy": {
          "userObjectId": "5722ac88-ce2c-4b12-b30d-6a19472a2a81",
          "userPuId": "10032001D9C91417",
          "userIdp": null,
          "userAltSecId": null,
          "userIss": "https://sts.windows.net/72f988bf-86f1-41af-91ab-2d7cd011db47/",
          "userTenantId": "72f988bf-86f1-41af-91ab-2d7cd011db47",
          "userName": "Xingzhi Zhang",
          "upn": null
        },
        "lastModifiedUtc": "2022-12-30T01:47:35.4224089\u002B00:00",
        "duration": "00:00:00",
        "cancelationReason": null,
        "currentAttemptId": 1,
        "runId": "2e79d15a-9888-4835-b91e-815908fcedbc",
        "parentRunId": "000000000000000000000",
        "experimentId": "ce031622-70db-42a7-9e83-dceca36ac204",
        "status": "Completed",
        "startTimeUtc": "2022-12-30T01:47:35.4993197\u002B00:00",
        "endTimeUtc": "2022-12-30T01:47:35.4993197\u002B00:00",
        "scheduleId": null,
        "displayName": "test_719737027351",
        "name": "test_719737027351",
        "dataContainerId": "dcid.e7e38b9a-a0d7-4a4c-806e-dcd38a1bb40e",
        "description": null,
        "hidden": false,
        "runType": "azureml.StepRun",
        "runTypeV2": {
          "orchestrator": null,
          "traits": [
            "azureml.StepRun"
          ],
          "attribution": null,
          "computeType": null
        },
        "properties": {
          "azureml.isreused": "true",
          "azureml.reusedrunid": "e7e38b9a-a0d7-4a4c-806e-dcd38a1bb40e",
          "azureml.reusednodeid": "6ac20a91",
          "azureml.reusedpipeline": "blue_shelf_j4hwcr54h2",
          "azureml.reusedpipelinerunid": "blue_shelf_j4hwcr54h2",
          "azureml.runsource": "azureml.StepRun",
          "azureml.nodeid": "d0eeb843",
          "ContentSnapshotId": "b8a99082-fb01-4e7e-b645-173522146666",
          "StepType": "PythonScriptStep",
          "ComputeTargetType": "AmlCompute",
          "azureml.moduleid": "40b0e2fe-80d0-4b51-a53e-ecd631c7dcbe",
          "azureml.moduleName": "test_719737027351",
          "azureml.moduleVersion": "0.0.1",
          "azureml.pipeline": "000000000000000000000",
          "azureml.pipelinerunid": "000000000000000000000",
          "azureml.DevPlatv2": "true",
          "azureml.pipelineComponent": "masterescloud",
          "_azureml.ComputeTargetType": "amlctrain",
          "ProcessInfoFile": "azureml-logs/process_info.json",
          "ProcessStatusFile": "azureml-logs/process_status.json"
        },
        "parameters": {},
        "actionUris": {
          "Cancel": "https://master.api.azureml-test.ms/studioservice/apiv2/subscriptions/00000000-0000-0000-0000-000000000/resourceGroups/00000/workspaces/00000/runs/2e79d15a-9888-4835-b91e-815908fcedbc/Cancel"
        },
        "scriptName": null,
        "target": "cpu-cluster",
        "uniqueChildRunComputeTargets": [],
        "tags": {
          "azureml.nodeid": "d0eeb843",
          "azureml.pipeline": "000000000000000000000",
          "_aml_system_ComputeTargetStatus": "{\u0022AllocationState\u0022:\u0022steady\u0022,\u0022PreparingNodeCount\u0022:0,\u0022RunningNodeCount\u0022:2,\u0022CurrentNodeCount\u0022:2}"
        },
        "settings": {},
        "services": {},
        "inputDatasets": [],
        "outputDatasets": [],
        "runDefinition": null,
        "jobSpecification": null,
        "primaryMetricName": null,
        "createdFrom": null,
        "cancelUri": "https://master.api.azureml-test.ms/studioservice/apiv2/subscriptions/00000000-0000-0000-0000-000000000/resourceGroups/00000/workspaces/00000/runs/2e79d15a-9888-4835-b91e-815908fcedbc/Cancel",
        "completeUri": null,
        "diagnosticsUri": null,
        "computeRequest": null,
        "compute": null,
        "retainForLifetimeOfWorkspace": null,
        "queueingInfo": null,
        "inputs": null,
        "outputs": null
      }
    }
  ],
  "Variables": {
    "component_name": "test_719737027351",
    "pipeline_name": "test_512279120637"
  }
}
