{
  "Entries": [
    {
      "RequestUri": "https://management.azure.com/subscriptions/00000000-0000-0000-0000-000000000/resourceGroups/00000/providers/Microsoft.MachineLearningServices/workspaces/00000/codes/000000000000000000000/versions?api-version=2023-04-01\u0026hash=000000000000000000000000000000000000\u0026hashVersion=202208",
      "RequestMethod": "GET",
      "RequestHeaders": {
        "Accept": "application/json",
        "Accept-Encoding": "gzip, deflate",
        "Connection": "keep-alive",
        "User-Agent": "azure-ai-ml/1.7.0 azsdk-python-mgmt-machinelearningservices/0.1.0 Python/3.9.10 (Windows-10-10.0.22621-SP0)"
      },
      "RequestBody": null,
      "StatusCode": 200,
      "ResponseHeaders": {
        "Cache-Control": "no-cache",
        "Content-Encoding": "gzip",
        "Content-Type": "application/json; charset=utf-8",
        "Date": "Fri, 28 Apr 2023 09:28:07 GMT",
        "Expires": "-1",
        "Pragma": "no-cache",
        "request-context": "appId=cid-v1:512cc15a-13b5-415b-bfd0-dce7accb6bb1",
        "Server-Timing": "traceparent;desc=\u002200-7d4c45021f86f3b25917b4d87c66e5fd-26fbe41e90a58e72-01\u0022",
        "Strict-Transport-Security": "max-age=31536000; includeSubDomains",
        "Transfer-Encoding": "chunked",
        "Vary": [
          "Accept-Encoding",
          "Accept-Encoding"
        ],
        "x-aml-cluster": "vienna-test-westus2-01",
        "X-Content-Type-Options": "nosniff",
        "x-ms-correlation-request-id": "98de0ee0-6787-4ce8-a023-771d778ad2e9",
        "x-ms-ratelimit-remaining-subscription-reads": "11970",
        "x-ms-response-type": "standard",
        "x-ms-routing-request-id": "JAPANEAST:20230428T092807Z:98de0ee0-6787-4ce8-a023-771d778ad2e9",
        "x-request-time": "0.310"
      },
      "ResponseBody": {
        "value": [
          {
            "id": "/subscriptions/00000000-0000-0000-0000-000000000/resourceGroups/00000/providers/Microsoft.MachineLearningServices/workspaces/00000/codes/000000000000000000000/versions/1",
            "name": "1",
            "type": "Microsoft.MachineLearningServices/workspaces/codes/versions",
            "properties": {
              "description": null,
              "tags": {},
              "properties": {
                "hash_sha256": "d34e16ae30a8d74e4f0033367587d48cd57334e04a416f95e87e5a2b180d2dd2",
                "hash_version": "202208"
              },
              "isArchived": false,
              "isAnonymous": false,
              "codeUri": "https://sdknotebstoragee77090213.blob.core.windows.net:443/7f206fe8-7-9e041472-053e-5b0b-83f4-f117e1ae2429/src",
              "provisioningState": "Succeeded"
            },
            "systemData": {
              "createdAt": "2023-04-28T03:58:14.2419203\u002B00:00",
              "createdBy": "Xingzhi Zhang",
              "createdByType": "User",
              "lastModifiedAt": "2023-04-28T03:58:14.2419203\u002B00:00",
              "lastModifiedBy": "Xingzhi Zhang",
              "lastModifiedByType": "User"
            }
          }
        ]
      }
    },
    {
      "RequestUri": "https://management.azure.com/subscriptions/00000000-0000-0000-0000-000000000/resourceGroups/00000/providers/Microsoft.MachineLearningServices/workspaces/00000/codes/000000000000000000000/versions/1?api-version=2023-04-01",
      "RequestMethod": "GET",
      "RequestHeaders": {
        "Accept": "application/json",
        "Accept-Encoding": "gzip, deflate",
        "Connection": "keep-alive",
        "User-Agent": "azure-ai-ml/1.7.0 azsdk-python-mgmt-machinelearningservices/0.1.0 Python/3.9.10 (Windows-10-10.0.22621-SP0)"
      },
      "RequestBody": null,
      "StatusCode": 200,
      "ResponseHeaders": {
        "Cache-Control": "no-cache",
        "Content-Encoding": "gzip",
        "Content-Type": "application/json; charset=utf-8",
        "Date": "Fri, 28 Apr 2023 09:28:07 GMT",
        "Expires": "-1",
        "Pragma": "no-cache",
        "request-context": "appId=cid-v1:512cc15a-13b5-415b-bfd0-dce7accb6bb1",
        "Server-Timing": "traceparent;desc=\u002200-8d5d309b565b072fd827ccd0c8a5305c-1e87ae0daf4f0fe4-01\u0022",
        "Strict-Transport-Security": "max-age=31536000; includeSubDomains",
        "Transfer-Encoding": "chunked",
        "Vary": [
          "Accept-Encoding",
          "Accept-Encoding"
        ],
        "x-aml-cluster": "vienna-test-westus2-01",
        "X-Content-Type-Options": "nosniff",
        "x-ms-correlation-request-id": "17ce5123-14ec-48f0-bc0f-f4961b817f1f",
        "x-ms-ratelimit-remaining-subscription-reads": "11969",
        "x-ms-response-type": "standard",
        "x-ms-routing-request-id": "JAPANEAST:20230428T092808Z:17ce5123-14ec-48f0-bc0f-f4961b817f1f",
        "x-request-time": "0.117"
      },
      "ResponseBody": {
        "id": "/subscriptions/00000000-0000-0000-0000-000000000/resourceGroups/00000/providers/Microsoft.MachineLearningServices/workspaces/00000/codes/000000000000000000000/versions/1",
        "name": "1",
        "type": "Microsoft.MachineLearningServices/workspaces/codes/versions",
        "properties": {
          "description": null,
          "tags": {},
          "properties": {
            "hash_sha256": "0000000000000",
            "hash_version": "0000000000000"
          },
          "isArchived": false,
          "isAnonymous": false,
          "codeUri": "https://sdknotebstoragee77090213.blob.core.windows.net:443/7f206fe8-7-9e041472-053e-5b0b-83f4-f117e1ae2429/src",
          "provisioningState": "Succeeded"
        },
        "systemData": {
          "createdAt": "2023-04-28T03:58:14.0377747\u002B00:00",
          "createdBy": "Xingzhi Zhang",
          "createdByType": "User",
          "lastModifiedAt": "2023-04-28T03:58:14.0377747\u002B00:00",
          "lastModifiedBy": "Xingzhi Zhang",
          "lastModifiedByType": "User"
        }
      }
    },
    {
      "RequestUri": "https://management.azure.com/subscriptions/00000000-0000-0000-0000-000000000/resourceGroups/00000/providers/Microsoft.MachineLearningServices/workspaces/00000/codes/000000000000000000000/versions?api-version=2023-04-01\u0026hash=000000000000000000000000000000000000\u0026hashVersion=202208",
      "RequestMethod": "GET",
      "RequestHeaders": {
        "Accept": "application/json",
        "Accept-Encoding": "gzip, deflate",
        "Connection": "keep-alive",
        "User-Agent": "azure-ai-ml/1.7.0 azsdk-python-mgmt-machinelearningservices/0.1.0 Python/3.9.10 (Windows-10-10.0.22621-SP0)"
      },
      "RequestBody": null,
      "StatusCode": 200,
      "ResponseHeaders": {
        "Cache-Control": "no-cache",
        "Content-Encoding": "gzip",
        "Content-Type": "application/json; charset=utf-8",
        "Date": "Fri, 28 Apr 2023 09:28:08 GMT",
        "Expires": "-1",
        "Pragma": "no-cache",
        "request-context": "appId=cid-v1:512cc15a-13b5-415b-bfd0-dce7accb6bb1",
        "Server-Timing": "traceparent;desc=\u002200-4102e5643981088075bfe3cda80c4ac8-58b4e28a53b1fc08-01\u0022",
        "Strict-Transport-Security": "max-age=31536000; includeSubDomains",
        "Transfer-Encoding": "chunked",
        "Vary": [
          "Accept-Encoding",
          "Accept-Encoding"
        ],
        "x-aml-cluster": "vienna-test-westus2-01",
        "X-Content-Type-Options": "nosniff",
        "x-ms-correlation-request-id": "26785ce9-37a3-40df-8ad6-01a4a8132650",
        "x-ms-ratelimit-remaining-subscription-reads": "11999",
        "x-ms-response-type": "standard",
        "x-ms-routing-request-id": "JAPANEAST:20230428T092808Z:26785ce9-37a3-40df-8ad6-01a4a8132650",
        "x-request-time": "0.313"
      },
      "ResponseBody": {
        "value": [
          {
            "id": "/subscriptions/00000000-0000-0000-0000-000000000/resourceGroups/00000/providers/Microsoft.MachineLearningServices/workspaces/00000/codes/000000000000000000000/versions/1",
            "name": "1",
            "type": "Microsoft.MachineLearningServices/workspaces/codes/versions",
            "properties": {
              "description": null,
              "tags": {},
              "properties": {
                "hash_sha256": "d34e16ae30a8d74e4f0033367587d48cd57334e04a416f95e87e5a2b180d2dd2",
                "hash_version": "202208"
              },
              "isArchived": false,
              "isAnonymous": false,
              "codeUri": "https://sdknotebstoragee77090213.blob.core.windows.net:443/7f206fe8-7-9e041472-053e-5b0b-83f4-f117e1ae2429/src",
              "provisioningState": "Succeeded"
            },
            "systemData": {
              "createdAt": "2023-04-28T03:58:14.2419203\u002B00:00",
              "createdBy": "Xingzhi Zhang",
              "createdByType": "User",
              "lastModifiedAt": "2023-04-28T03:58:14.2419203\u002B00:00",
              "lastModifiedBy": "Xingzhi Zhang",
              "lastModifiedByType": "User"
            }
          }
        ]
      }
    },
    {
      "RequestUri": "https://management.azure.com/subscriptions/00000000-0000-0000-0000-000000000/resourceGroups/00000/providers/Microsoft.MachineLearningServices/workspaces/00000/codes/000000000000000000000/versions/1?api-version=2023-04-01",
      "RequestMethod": "GET",
      "RequestHeaders": {
        "Accept": "application/json",
        "Accept-Encoding": "gzip, deflate",
        "Connection": "keep-alive",
        "User-Agent": "azure-ai-ml/1.7.0 azsdk-python-mgmt-machinelearningservices/0.1.0 Python/3.9.10 (Windows-10-10.0.22621-SP0)"
      },
      "RequestBody": null,
      "StatusCode": 200,
      "ResponseHeaders": {
        "Cache-Control": "no-cache",
        "Content-Encoding": "gzip",
        "Content-Type": "application/json; charset=utf-8",
        "Date": "Fri, 28 Apr 2023 09:28:08 GMT",
        "Expires": "-1",
        "Pragma": "no-cache",
        "request-context": "appId=cid-v1:512cc15a-13b5-415b-bfd0-dce7accb6bb1",
        "Server-Timing": "traceparent;desc=\u002200-512d457b2a9cfbb6a0fd42bad7c477ba-c42251b44f67faa0-01\u0022",
        "Strict-Transport-Security": "max-age=31536000; includeSubDomains",
        "Transfer-Encoding": "chunked",
        "Vary": [
          "Accept-Encoding",
          "Accept-Encoding"
        ],
        "x-aml-cluster": "vienna-test-westus2-01",
        "X-Content-Type-Options": "nosniff",
        "x-ms-correlation-request-id": "a2bd78cb-fe91-43e0-9690-f9a238708d0d",
        "x-ms-ratelimit-remaining-subscription-reads": "11998",
        "x-ms-response-type": "standard",
        "x-ms-routing-request-id": "JAPANEAST:20230428T092809Z:a2bd78cb-fe91-43e0-9690-f9a238708d0d",
        "x-request-time": "0.100"
      },
      "ResponseBody": {
        "id": "/subscriptions/00000000-0000-0000-0000-000000000/resourceGroups/00000/providers/Microsoft.MachineLearningServices/workspaces/00000/codes/000000000000000000000/versions/1",
        "name": "1",
        "type": "Microsoft.MachineLearningServices/workspaces/codes/versions",
        "properties": {
          "description": null,
          "tags": {},
          "properties": {
            "hash_sha256": "0000000000000",
            "hash_version": "0000000000000"
          },
          "isArchived": false,
          "isAnonymous": false,
          "codeUri": "https://sdknotebstoragee77090213.blob.core.windows.net:443/7f206fe8-7-9e041472-053e-5b0b-83f4-f117e1ae2429/src",
          "provisioningState": "Succeeded"
        },
        "systemData": {
          "createdAt": "2023-04-28T03:58:14.0377747\u002B00:00",
          "createdBy": "Xingzhi Zhang",
          "createdByType": "User",
          "lastModifiedAt": "2023-04-28T03:58:14.0377747\u002B00:00",
          "lastModifiedBy": "Xingzhi Zhang",
          "lastModifiedByType": "User"
        }
      }
    },
    {
      "RequestUri": "https://management.azure.com/subscriptions/00000000-0000-0000-0000-000000000/resourceGroups/00000/providers/Microsoft.MachineLearningServices/workspaces/00000/components/azureml_anonymous/versions/000000000000000000000?api-version=2022-10-01",
      "RequestMethod": "PUT",
      "RequestHeaders": {
        "Accept": "application/json",
        "Accept-Encoding": "gzip, deflate",
        "Connection": "keep-alive",
        "Content-Length": "771",
        "Content-Type": "application/json",
        "User-Agent": "azure-ai-ml/1.7.0 azsdk-python-mgmt-machinelearningservices/0.1.0 Python/3.9.10 (Windows-10-10.0.22621-SP0)"
      },
      "RequestBody": {
        "properties": {
          "properties": {},
          "tags": {},
          "isAnonymous": true,
          "isArchived": false,
          "componentSpec": {
            "code": "azureml:/subscriptions/00000000-0000-0000-0000-000000000/resourceGroups/00000/providers/Microsoft.MachineLearningServices/workspaces/00000/codes/000000000000000000000/versions/1",
            "entry": {
              "file": "add_greeting_column.py"
            },
            "py_files": [
              "utils.zip"
            ],
            "files": [
              "my_files.txt"
            ],
            "conf": {
              "spark.driver.cores": 2,
              "spark.driver.memory": "1g",
              "spark.executor.cores": 1,
              "spark.executor.memory": "1g",
              "spark.executor.instances": 1
            },
            "args": "--file_input ${{inputs.file_input}}",
            "name": "azureml_anonymous",
            "version": "1",
            "is_deterministic": true,
            "inputs": {
              "file_input": {
                "type": "uri_file",
                "mode": "direct"
              }
            },
            "type": "spark",
            "_source": "BUILDER"
          }
        }
      },
      "StatusCode": 201,
      "ResponseHeaders": {
        "Cache-Control": "no-cache",
        "Content-Length": "1643",
        "Content-Type": "application/json; charset=utf-8",
        "Date": "Fri, 28 Apr 2023 09:28:10 GMT",
        "Expires": "-1",
        "Location": "https://management.azure.com/subscriptions/00000000-0000-0000-0000-000000000/resourceGroups/00000/providers/Microsoft.MachineLearningServices/workspaces/00000/components/azureml_anonymous/versions/000000000000000000000?api-version=2022-10-01",
        "Pragma": "no-cache",
        "request-context": "appId=cid-v1:512cc15a-13b5-415b-bfd0-dce7accb6bb1",
        "Server-Timing": "traceparent;desc=\u002200-961238e4e8cadff1a59b90d4b0050d7a-390b34e0574f37f0-01\u0022",
        "Strict-Transport-Security": "max-age=31536000; includeSubDomains",
        "x-aml-cluster": "vienna-test-westus2-01",
        "X-Content-Type-Options": "nosniff",
        "x-ms-correlation-request-id": "9d2777e2-c063-437e-af47-a1d9ae40b75e",
        "x-ms-ratelimit-remaining-subscription-writes": "1199",
        "x-ms-response-type": "standard",
        "x-ms-routing-request-id": "JAPANEAST:20230428T092810Z:9d2777e2-c063-437e-af47-a1d9ae40b75e",
        "x-request-time": "0.628"
      },
      "ResponseBody": {
        "id": "/subscriptions/00000000-0000-0000-0000-000000000/resourceGroups/00000/providers/Microsoft.MachineLearningServices/workspaces/00000/components/azureml_anonymous/versions/a9f96a51-222c-4bd5-962b-1565e06320ad",
        "name": "a9f96a51-222c-4bd5-962b-1565e06320ad",
        "type": "Microsoft.MachineLearningServices/workspaces/components/versions",
        "properties": {
          "description": null,
          "tags": {},
          "properties": {},
          "isArchived": false,
          "isAnonymous": true,
          "componentSpec": {
            "name": "azureml_anonymous",
            "version": "1",
            "is_deterministic": "True",
            "type": "spark",
            "inputs": {
              "file_input": {
                "type": "uri_file",
                "optional": "False"
              }
            },
            "code": "azureml:/subscriptions/00000000-0000-0000-0000-000000000/resourceGroups/00000/providers/Microsoft.MachineLearningServices/workspaces/00000/codes/000000000000000000000/versions/1",
            "args": "--file_input ${{inputs.file_input}}",
            "entry": {
              "file": "add_greeting_column.py"
            },
            "files": [
              "my_files.txt"
            ],
            "py_files": [
              "utils.zip"
            ],
            "conf": {
              "spark.driver.cores": "2",
              "spark.driver.memory": "1g",
              "spark.executor.cores": "1",
              "spark.executor.memory": "1g",
              "spark.executor.instances": "1"
            }
          }
        },
        "systemData": {
          "createdAt": "2023-04-28T03:58:59.6114935\u002B00:00",
          "createdBy": "Xingzhi Zhang",
          "createdByType": "User",
          "lastModifiedAt": "2023-04-28T03:58:59.9832806\u002B00:00",
          "lastModifiedBy": "Xingzhi Zhang",
          "lastModifiedByType": "User"
        }
      }
    },
    {
      "RequestUri": "https://management.azure.com/subscriptions/00000000-0000-0000-0000-000000000/resourceGroups/00000/providers/Microsoft.MachineLearningServices/workspaces/00000/components/azureml_anonymous/versions/000000000000000000000?api-version=2022-10-01",
      "RequestMethod": "PUT",
      "RequestHeaders": {
        "Accept": "application/json",
        "Accept-Encoding": "gzip, deflate",
        "Connection": "keep-alive",
        "Content-Length": "858",
        "Content-Type": "application/json",
        "User-Agent": "azure-ai-ml/1.7.0 azsdk-python-mgmt-machinelearningservices/0.1.0 Python/3.9.10 (Windows-10-10.0.22621-SP0)"
      },
      "RequestBody": {
        "properties": {
          "properties": {},
          "tags": {},
          "isAnonymous": true,
          "isArchived": false,
          "componentSpec": {
            "code": "azureml:/subscriptions/00000000-0000-0000-0000-000000000/resourceGroups/00000/providers/Microsoft.MachineLearningServices/workspaces/00000/codes/000000000000000000000/versions/1",
            "entry": {
              "file": "count_by_row.py"
            },
            "jars": [
              "scalaproj.jar"
            ],
            "files": [
              "my_files.txt"
            ],
            "conf": {
              "spark.driver.cores": 2,
              "spark.driver.memory": "1g",
              "spark.executor.cores": 1,
              "spark.executor.memory": "1g",
              "spark.executor.instances": 1
            },
            "args": "--file_input ${{inputs.file_input}} --output ${{outputs.output}}",
            "name": "azureml_anonymous",
            "version": "1",
            "is_deterministic": true,
            "inputs": {
              "file_input": {
                "type": "uri_file",
                "mode": "direct"
              }
            },
            "outputs": {
              "output": {
                "type": "uri_folder",
                "mode": "direct"
              }
            },
            "type": "spark",
            "_source": "BUILDER"
          }
        }
      },
      "StatusCode": 201,
      "ResponseHeaders": {
        "Cache-Control": "no-cache",
        "Content-Length": "1754",
        "Content-Type": "application/json; charset=utf-8",
        "Date": "Fri, 28 Apr 2023 09:28:11 GMT",
        "Expires": "-1",
        "Location": "https://management.azure.com/subscriptions/00000000-0000-0000-0000-000000000/resourceGroups/00000/providers/Microsoft.MachineLearningServices/workspaces/00000/components/azureml_anonymous/versions/000000000000000000000?api-version=2022-10-01",
        "Pragma": "no-cache",
        "request-context": "appId=cid-v1:512cc15a-13b5-415b-bfd0-dce7accb6bb1",
        "Server-Timing": "traceparent;desc=\u002200-16a4b990e40d5a1902a0fca4fe98e827-4208d39ab6b85559-01\u0022",
        "Strict-Transport-Security": "max-age=31536000; includeSubDomains",
        "x-aml-cluster": "vienna-test-westus2-01",
        "X-Content-Type-Options": "nosniff",
        "x-ms-correlation-request-id": "13cab498-ea3a-4306-9b6b-f513e407ba3a",
        "x-ms-ratelimit-remaining-subscription-writes": "1186",
        "x-ms-response-type": "standard",
        "x-ms-routing-request-id": "JAPANEAST:20230428T092811Z:13cab498-ea3a-4306-9b6b-f513e407ba3a",
        "x-request-time": "0.533"
      },
      "ResponseBody": {
        "id": "/subscriptions/00000000-0000-0000-0000-000000000/resourceGroups/00000/providers/Microsoft.MachineLearningServices/workspaces/00000/components/azureml_anonymous/versions/c532dc8e-9e5c-4efd-b4f6-aadb64120aa2",
        "name": "c532dc8e-9e5c-4efd-b4f6-aadb64120aa2",
        "type": "Microsoft.MachineLearningServices/workspaces/components/versions",
        "properties": {
          "description": null,
          "tags": {},
          "properties": {},
          "isArchived": false,
          "isAnonymous": true,
          "componentSpec": {
            "name": "azureml_anonymous",
            "version": "1",
            "is_deterministic": "True",
            "type": "spark",
            "inputs": {
              "file_input": {
                "type": "uri_file",
                "optional": "False"
              }
            },
            "outputs": {
              "output": {
                "type": "uri_folder"
              }
            },
            "code": "azureml:/subscriptions/00000000-0000-0000-0000-000000000/resourceGroups/00000/providers/Microsoft.MachineLearningServices/workspaces/00000/codes/000000000000000000000/versions/1",
            "args": "--file_input ${{inputs.file_input}} --output ${{outputs.output}}",
            "entry": {
              "file": "count_by_row.py"
            },
            "files": [
              "my_files.txt"
            ],
            "jars": [
              "scalaproj.jar"
            ],
            "conf": {
              "spark.driver.cores": "2",
              "spark.driver.memory": "1g",
              "spark.executor.cores": "1",
              "spark.executor.memory": "1g",
              "spark.executor.instances": "1"
            }
          }
        },
        "systemData": {
          "createdAt": "2023-04-28T03:58:59.9940659\u002B00:00",
          "createdBy": "Xingzhi Zhang",
          "createdByType": "User",
          "lastModifiedAt": "2023-04-28T03:59:00.4205594\u002B00:00",
          "lastModifiedBy": "Xingzhi Zhang",
          "lastModifiedByType": "User"
        }
      }
    },
    {
      "RequestUri": "https://management.azure.com/subscriptions/00000000-0000-0000-0000-000000000/resourceGroups/00000/providers/Microsoft.MachineLearningServices/workspaces/00000/datastores/workspaceblobstore?api-version=2022-10-01",
      "RequestMethod": "GET",
      "RequestHeaders": {
        "Accept": "application/json",
        "Accept-Encoding": "gzip, deflate",
        "Connection": "keep-alive",
        "User-Agent": "azure-ai-ml/1.7.0 azsdk-python-mgmt-machinelearningservices/0.1.0 Python/3.9.10 (Windows-10-10.0.22621-SP0)"
      },
      "RequestBody": null,
      "StatusCode": 200,
      "ResponseHeaders": {
        "Cache-Control": "no-cache",
        "Content-Encoding": "gzip",
        "Content-Type": "application/json; charset=utf-8",
        "Date": "Fri, 28 Apr 2023 09:28:11 GMT",
        "Expires": "-1",
        "Pragma": "no-cache",
        "request-context": "appId=cid-v1:512cc15a-13b5-415b-bfd0-dce7accb6bb1",
        "Server-Timing": "traceparent;desc=\u002200-f3cdf17c969d66751ba2397fae3a3eb3-903e954da1936961-01\u0022",
        "Strict-Transport-Security": "max-age=31536000; includeSubDomains",
        "Transfer-Encoding": "chunked",
        "Vary": [
          "Accept-Encoding",
          "Accept-Encoding"
        ],
        "x-aml-cluster": "vienna-test-westus2-01",
        "X-Content-Type-Options": "nosniff",
        "x-ms-correlation-request-id": "8a3dd909-16af-4bcb-be3b-f66aaa40728b",
        "x-ms-ratelimit-remaining-subscription-reads": "11968",
        "x-ms-response-type": "standard",
        "x-ms-routing-request-id": "JAPANEAST:20230428T092811Z:8a3dd909-16af-4bcb-be3b-f66aaa40728b",
        "x-request-time": "0.155"
      },
      "ResponseBody": {
        "id": "/subscriptions/00000000-0000-0000-0000-000000000/resourceGroups/00000/providers/Microsoft.MachineLearningServices/workspaces/00000/datastores/workspaceblobstore",
        "name": "workspaceblobstore",
        "type": "Microsoft.MachineLearningServices/workspaces/datastores",
        "properties": {
          "description": null,
          "tags": null,
          "properties": null,
          "isDefault": true,
          "credentials": {
            "credentialsType": "AccountKey"
          },
          "datastoreType": "AzureBlob",
          "accountName": "sdknotebstoragee77090213",
          "containerName": "azureml-blobstore-7f206fe8-725b-47a7-8040-1b9d73c77f3e",
          "endpoint": "core.windows.net",
          "protocol": "https",
          "serviceDataAccessAuthIdentity": "WorkspaceSystemAssignedIdentity"
        },
        "systemData": {
          "createdAt": "2022-12-05T16:07:20.3836694\u002B00:00",
          "createdBy": "779301c0-18b2-4cdc-801b-a0a3368fee0a",
          "createdByType": "Application",
          "lastModifiedAt": "2022-12-05T16:07:21.5117016\u002B00:00",
          "lastModifiedBy": "779301c0-18b2-4cdc-801b-a0a3368fee0a",
          "lastModifiedByType": "Application"
        }
      }
    },
    {
      "RequestUri": "https://management.azure.com/subscriptions/00000000-0000-0000-0000-000000000/resourceGroups/00000/providers/Microsoft.MachineLearningServices/workspaces/00000/datastores/workspaceblobstore/listSecrets?api-version=2022-10-01",
      "RequestMethod": "POST",
      "RequestHeaders": {
        "Accept": "application/json",
        "Accept-Encoding": "gzip, deflate",
        "Connection": "keep-alive",
        "Content-Length": "0",
        "User-Agent": "azure-ai-ml/1.7.0 azsdk-python-mgmt-machinelearningservices/0.1.0 Python/3.9.10 (Windows-10-10.0.22621-SP0)"
      },
      "RequestBody": null,
      "StatusCode": 200,
      "ResponseHeaders": {
        "Cache-Control": "no-cache",
        "Content-Encoding": "gzip",
        "Content-Type": "application/json; charset=utf-8",
        "Date": "Fri, 28 Apr 2023 09:28:12 GMT",
        "Expires": "-1",
        "Pragma": "no-cache",
        "request-context": "appId=cid-v1:512cc15a-13b5-415b-bfd0-dce7accb6bb1",
        "Server-Timing": "traceparent;desc=\u002200-44dd07b0b084c4baccd8ace98f64a195-7261938a6971eca1-01\u0022",
        "Strict-Transport-Security": "max-age=31536000; includeSubDomains",
        "Transfer-Encoding": "chunked",
        "Vary": "Accept-Encoding",
        "x-aml-cluster": "vienna-test-westus2-01",
        "X-Content-Type-Options": "nosniff",
        "x-ms-correlation-request-id": "ff6e1ac5-7dbd-4cf4-bffd-74a699d9987f",
        "x-ms-ratelimit-remaining-subscription-writes": "1192",
        "x-ms-response-type": "standard",
        "x-ms-routing-request-id": "JAPANEAST:20230428T092812Z:ff6e1ac5-7dbd-4cf4-bffd-74a699d9987f",
        "x-request-time": "0.159"
      },
      "ResponseBody": {
        "secretsType": "AccountKey",
        "key": "dGhpcyBpcyBmYWtlIGtleQ=="
      }
    },
    {
      "RequestUri": "https://sdknotebstoragee77090213.blob.core.windows.net/azureml-blobstore-7f206fe8-725b-47a7-8040-1b9d73c77f3e/LocalUpload/00000000000000000000000000000000/iris.csv",
      "RequestMethod": "HEAD",
      "RequestHeaders": {
        "Accept": "application/xml",
        "Accept-Encoding": "gzip, deflate",
        "Connection": "keep-alive",
        "User-Agent": "azsdk-python-storage-blob/12.14.0 Python/3.9.10 (Windows-10-10.0.22621-SP0)",
        "x-ms-date": "Fri, 28 Apr 2023 09:28:12 GMT",
        "x-ms-version": "2021-08-06"
      },
      "RequestBody": null,
      "StatusCode": 200,
      "ResponseHeaders": {
        "Accept-Ranges": "bytes",
        "Content-Length": "4759",
        "Content-MD5": "KozNjCoSdWCmMsSpKgfD\u002Bw==",
        "Content-Type": "application/octet-stream",
        "Date": "Fri, 28 Apr 2023 09:28:12 GMT",
        "ETag": "\u00220x8DB479CCD469541\u0022",
        "Last-Modified": "Fri, 28 Apr 2023 03:58:18 GMT",
        "Server": [
          "Windows-Azure-Blob/1.0",
          "Microsoft-HTTPAPI/2.0"
        ],
        "Vary": "Origin",
        "x-ms-access-tier": "Hot",
        "x-ms-access-tier-inferred": "true",
        "x-ms-blob-type": "BlockBlob",
        "x-ms-creation-time": "Fri, 28 Apr 2023 03:58:18 GMT",
        "x-ms-lease-state": "available",
        "x-ms-lease-status": "unlocked",
        "x-ms-meta-name": "d51b54f6-c26c-4db9-9604-d9d4b48dd623",
        "x-ms-meta-upload_status": "completed",
        "x-ms-meta-version": "2718a6f1-5de3-4c68-b1ca-48b0d81b9707",
        "x-ms-server-encrypted": "true",
        "x-ms-version": "2021-08-06"
      },
      "ResponseBody": null
    },
    {
      "RequestUri": "https://sdknotebstoragee77090213.blob.core.windows.net/azureml-blobstore-7f206fe8-725b-47a7-8040-1b9d73c77f3e/az-ml-artifacts/00000000000000000000000000000000/iris.csv",
      "RequestMethod": "HEAD",
      "RequestHeaders": {
        "Accept": "application/xml",
        "Accept-Encoding": "gzip, deflate",
        "Connection": "keep-alive",
        "User-Agent": "azsdk-python-storage-blob/12.14.0 Python/3.9.10 (Windows-10-10.0.22621-SP0)",
        "x-ms-date": "Fri, 28 Apr 2023 09:28:13 GMT",
        "x-ms-version": "2021-08-06"
      },
      "RequestBody": null,
      "StatusCode": 404,
      "ResponseHeaders": {
        "Date": "Fri, 28 Apr 2023 09:28:13 GMT",
        "Server": [
          "Windows-Azure-Blob/1.0",
          "Microsoft-HTTPAPI/2.0"
        ],
        "Transfer-Encoding": "chunked",
        "Vary": "Origin",
        "x-ms-error-code": "BlobNotFound",
        "x-ms-version": "2021-08-06"
      },
      "ResponseBody": null
    },
    {
      "RequestUri": "https://management.azure.com/subscriptions/00000000-0000-0000-0000-000000000/resourceGroups/00000/providers/Microsoft.MachineLearningServices/workspaces/00000/jobs/000000000000000000000?api-version=2023-04-01-preview",
      "RequestMethod": "PUT",
      "RequestHeaders": {
        "Accept": "application/json",
        "Accept-Encoding": "gzip, deflate",
        "Connection": "keep-alive",
        "Content-Length": "2388",
        "Content-Type": "application/json",
        "User-Agent": "azure-ai-ml/1.7.0 azsdk-python-mgmt-machinelearningservices/1.0.0b1 Python/3.9.10 (Windows-10-10.0.22621-SP0)"
      },
      "RequestBody": {
        "properties": {
          "description": "submit a pipeline with spark job",
          "properties": {},
          "tags": {},
          "displayName": "spark_pipeline_from_builder",
          "experimentName": "azure-ai-ml",
          "isArchived": false,
          "jobType": "Pipeline",
          "inputs": {
            "iris_data": {
              "jobInputType": "uri_file",
              "mode": "Direct",
              "uri": "azureml://datastores/workspaceblobstore/paths/LocalUpload/00000000000000000000000000000000/iris.csv"
            }
          },
          "jobs": {
            "add_greeting_column": {
              "type": "spark",
              "resources": {
                "instance_type": "standard_e4s_v3",
                "runtime_version": "3.2.0"
              },
              "py_files": [
                "utils.zip"
              ],
              "files": [
                "my_files.txt"
              ],
              "identity": {
                "identity_type": "UserIdentity"
              },
              "conf": {
                "spark.driver.cores": 2,
                "spark.driver.memory": "1g",
                "spark.executor.cores": 1,
                "spark.executor.memory": "1g",
                "spark.executor.instances": 1
              },
              "args": "--file_input ${{inputs.file_input}}",
              "name": "add_greeting_column",
              "inputs": {
                "file_input": {
                  "job_input_type": "literal",
                  "value": "${{parent.inputs.iris_data}}"
                }
              },
              "_source": "BUILDER",
              "componentId": "/subscriptions/00000000-0000-0000-0000-000000000/resourceGroups/00000/providers/Microsoft.MachineLearningServices/workspaces/00000/components/azureml_anonymous/versions/a9f96a51-222c-4bd5-962b-1565e06320ad",
              "entry": {
                "spark_job_entry_type": "SparkJobPythonEntry",
                "file": "add_greeting_column.py"
              }
            },
            "count_by_row": {
              "type": "spark",
              "resources": {
                "instance_type": "standard_e4s_v3",
                "runtime_version": "3.2.0"
              },
              "jars": [
                "scalaproj.jar"
              ],
              "files": [
                "my_files.txt"
              ],
              "identity": {
                "identity_type": "UserIdentity"
              },
              "conf": {
                "spark.driver.cores": 2,
                "spark.driver.memory": "1g",
                "spark.executor.cores": 1,
                "spark.executor.memory": "1g",
                "spark.executor.instances": 1
              },
              "args": "--file_input ${{inputs.file_input}} --output ${{outputs.output}}",
              "name": "count_by_row",
              "inputs": {
                "file_input": {
                  "job_input_type": "literal",
                  "value": "${{parent.inputs.iris_data}}"
                }
              },
              "outputs": {
                "output": {
                  "value": "${{parent.outputs.output}}",
                  "type": "literal"
                }
              },
              "_source": "BUILDER",
              "componentId": "/subscriptions/00000000-0000-0000-0000-000000000/resourceGroups/00000/providers/Microsoft.MachineLearningServices/workspaces/00000/components/azureml_anonymous/versions/c532dc8e-9e5c-4efd-b4f6-aadb64120aa2",
              "entry": {
                "spark_job_entry_type": "SparkJobPythonEntry",
                "file": "count_by_row.py"
              }
            }
          },
          "outputs": {
            "output": {
              "jobOutputType": "uri_folder",
              "mode": "Direct"
            }
          },
          "settings": {
            "_source": "DSL"
          }
        }
      },
      "StatusCode": 201,
      "ResponseHeaders": {
        "Cache-Control": "no-cache",
        "Content-Length": "5308",
        "Content-Type": "application/json; charset=utf-8",
        "Date": "Fri, 28 Apr 2023 09:28:18 GMT",
        "Expires": "-1",
        "Location": "https://management.azure.com/subscriptions/00000000-0000-0000-0000-000000000/resourceGroups/00000/providers/Microsoft.MachineLearningServices/workspaces/00000/jobs/000000000000000000000?api-version=2023-04-01-preview",
        "Pragma": "no-cache",
        "request-context": "appId=cid-v1:512cc15a-13b5-415b-bfd0-dce7accb6bb1",
        "Server-Timing": "traceparent;desc=\u002200-29a3422467bc47e3e56b731f2dcec164-5793603727ac0566-01\u0022",
        "Strict-Transport-Security": "max-age=31536000; includeSubDomains",
        "x-aml-cluster": "vienna-test-westus2-01",
        "X-Content-Type-Options": "nosniff",
        "x-ms-correlation-request-id": "e02c732d-1a97-497a-9b71-b70fafa2665c",
        "x-ms-ratelimit-remaining-subscription-writes": "1185",
        "x-ms-response-type": "standard",
        "x-ms-routing-request-id": "JAPANEAST:20230428T092818Z:e02c732d-1a97-497a-9b71-b70fafa2665c",
        "x-request-time": "3.010"
      },
      "ResponseBody": {
        "id": "/subscriptions/00000000-0000-0000-0000-000000000/resourceGroups/00000/providers/Microsoft.MachineLearningServices/workspaces/00000/jobs/000000000000000000000",
        "name": "000000000000000000000",
        "type": "Microsoft.MachineLearningServices/workspaces/jobs",
        "properties": {
          "description": "submit a pipeline with spark job",
          "tags": {},
          "properties": {
            "azureml.DevPlatv2": "true",
            "azureml.DatasetAccessMode": "Asset",
            "azureml.runsource": "azureml.PipelineRun",
            "runSource": "MFE",
            "runType": "HTTP",
            "azureml.parameters": "{}",
            "azureml.continue_on_step_failure": "True",
            "azureml.continue_on_failed_optional_input": "True",
            "azureml.enforceRerun": "False",
            "azureml.defaultDataStoreName": "workspaceblobstore",
            "azureml.pipelineComponent": "pipelinerun"
          },
          "displayName": "spark_pipeline_from_builder",
          "status": "Preparing",
          "experimentName": "azure-ai-ml",
          "services": {
            "Tracking": {
              "jobServiceType": "Tracking",
              "port": null,
              "endpoint": "azureml://master.api.azureml-test.ms/mlflow/v1.0/subscriptions/00000000-0000-0000-0000-000000000/resourceGroups/00000/providers/Microsoft.MachineLearningServices/workspaces/00000?",
              "status": null,
              "errorMessage": null,
              "properties": null,
              "nodes": null
            },
            "Studio": {
              "jobServiceType": "Studio",
              "port": null,
              "endpoint": "https://ml.azure.com/runs/000000000000000000000?wsid=/subscriptions/00000000-0000-0000-0000-000000000/resourcegroups/00000/workspaces/00000",
              "status": null,
              "errorMessage": null,
              "properties": null,
              "nodes": null
            }
          },
          "computeId": null,
          "isArchived": false,
          "identity": null,
          "componentId": null,
          "notificationSetting": null,
          "secretsConfiguration": null,
          "jobType": "Pipeline",
          "settings": {
            "_source": "DSL"
          },
          "jobs": {
            "add_greeting_column": {
              "type": "spark",
              "resources": {
                "instance_type": "standard_e4s_v3",
                "runtime_version": "3.2.0"
              },
              "py_files": [
                "utils.zip"
              ],
              "files": [
                "my_files.txt"
              ],
              "identity": {
                "identity_type": "UserIdentity"
              },
              "conf": {
                "spark.driver.cores": 2,
                "spark.driver.memory": "1g",
                "spark.executor.cores": 1,
                "spark.executor.memory": "1g",
                "spark.executor.instances": 1
              },
              "args": "--file_input ${{inputs.file_input}}",
              "name": "add_greeting_column",
              "inputs": {
                "file_input": {
                  "job_input_type": "literal",
                  "value": "${{parent.inputs.iris_data}}"
                }
              },
              "_source": "BUILDER",
              "componentId": "/subscriptions/00000000-0000-0000-0000-000000000/resourceGroups/00000/providers/Microsoft.MachineLearningServices/workspaces/00000/components/azureml_anonymous/versions/a9f96a51-222c-4bd5-962b-1565e06320ad",
              "entry": {
                "spark_job_entry_type": "SparkJobPythonEntry",
                "file": "add_greeting_column.py"
              }
            },
            "count_by_row": {
              "type": "spark",
              "resources": {
                "instance_type": "standard_e4s_v3",
                "runtime_version": "3.2.0"
              },
              "jars": [
                "scalaproj.jar"
              ],
              "files": [
                "my_files.txt"
              ],
              "identity": {
                "identity_type": "UserIdentity"
              },
              "conf": {
                "spark.driver.cores": 2,
                "spark.driver.memory": "1g",
                "spark.executor.cores": 1,
                "spark.executor.memory": "1g",
                "spark.executor.instances": 1
              },
              "args": "--file_input ${{inputs.file_input}} --output ${{outputs.output}}",
              "name": "count_by_row",
              "inputs": {
                "file_input": {
                  "job_input_type": "literal",
                  "value": "${{parent.inputs.iris_data}}"
                }
              },
              "outputs": {
                "output": {
                  "value": "${{parent.outputs.output}}",
                  "type": "literal"
                }
              },
              "_source": "BUILDER",
              "componentId": "/subscriptions/00000000-0000-0000-0000-000000000/resourceGroups/00000/providers/Microsoft.MachineLearningServices/workspaces/00000/components/azureml_anonymous/versions/c532dc8e-9e5c-4efd-b4f6-aadb64120aa2",
              "entry": {
                "spark_job_entry_type": "SparkJobPythonEntry",
                "file": "count_by_row.py"
              }
            }
          },
          "inputs": {
            "iris_data": {
              "description": null,
              "uri": "azureml://datastores/workspaceblobstore/paths/LocalUpload/00000000000000000000000000000000/iris.csv",
              "mode": "Direct",
              "jobInputType": "uri_file"
            }
          },
          "outputs": {
            "output": {
              "description": null,
              "uri": null,
              "assetName": null,
              "assetVersion": null,
              "mode": "Direct",
              "autoDeleteSetting": null,
              "jobOutputType": "uri_folder"
            }
          },
          "sourceJobId": null
        },
        "systemData": {
          "createdAt": "2023-04-28T09:28:17.9856388\u002B00:00",
          "createdBy": "Xingzhi Zhang",
          "createdByType": "User"
        }
      }
    },
    {
      "RequestUri": "https://management.azure.com/subscriptions/00000000-0000-0000-0000-000000000/resourceGroups/00000/providers/Microsoft.MachineLearningServices/workspaces/00000/jobs/000000000000000000000/cancel?api-version=2023-04-01-preview",
      "RequestMethod": "POST",
      "RequestHeaders": {
        "Accept": "application/json",
        "Accept-Encoding": "gzip, deflate",
        "Connection": "keep-alive",
        "Content-Length": "0",
        "User-Agent": "azure-ai-ml/1.7.0 azsdk-python-mgmt-machinelearningservices/1.0.0b1 Python/3.9.10 (Windows-10-10.0.22621-SP0)"
      },
      "RequestBody": null,
      "StatusCode": 202,
      "ResponseHeaders": {
        "Cache-Control": "no-cache",
        "Content-Length": "4",
        "Content-Type": "application/json; charset=utf-8",
        "Date": "Fri, 28 Apr 2023 09:28:20 GMT",
        "Expires": "-1",
        "Location": "https://management.azure.com/subscriptions/00000000-0000-0000-0000-000000000/providers/Microsoft.MachineLearningServices/locations/centraluseuap/mfeOperationResults/jc:7f206fe8-725b-47a7-8040-1b9d73c77f3e:000000000000000000000?api-version=2023-04-01-preview",
        "Pragma": "no-cache",
        "request-context": "appId=cid-v1:512cc15a-13b5-415b-bfd0-dce7accb6bb1",
        "Strict-Transport-Security": "max-age=31536000; includeSubDomains",
        "x-aml-cluster": "vienna-test-westus2-01",
        "X-Content-Type-Options": "nosniff",
        "x-ms-async-operation-timeout": "PT1H",
        "x-ms-correlation-request-id": "a6ccd2ca-f663-4fa3-8063-4ba99cb571ce",
        "x-ms-ratelimit-remaining-subscription-writes": "1191",
        "x-ms-response-type": "standard",
        "x-ms-routing-request-id": "JAPANEAST:20230428T092821Z:a6ccd2ca-f663-4fa3-8063-4ba99cb571ce",
        "x-request-time": "0.809"
      },
      "ResponseBody": "null"
    },
    {
      "RequestUri": "https://management.azure.com/subscriptions/00000000-0000-0000-0000-000000000/providers/Microsoft.MachineLearningServices/locations/centraluseuap/mfeOperationResults/jc:7f206fe8-725b-47a7-8040-1b9d73c77f3e:000000000000000000000?api-version=2023-04-01-preview",
      "RequestMethod": "GET",
      "RequestHeaders": {
        "Accept": "*/*",
        "Accept-Encoding": "gzip, deflate",
        "Connection": "keep-alive",
        "User-Agent": "azure-ai-ml/1.7.0 azsdk-python-mgmt-machinelearningservices/1.0.0b1 Python/3.9.10 (Windows-10-10.0.22621-SP0)"
      },
      "RequestBody": null,
      "StatusCode": 202,
      "ResponseHeaders": {
        "Cache-Control": "no-cache",
        "Content-Length": "2",
        "Content-Type": "application/json; charset=utf-8",
        "Date": "Fri, 28 Apr 2023 09:28:21 GMT",
        "Expires": "-1",
        "Location": "https://management.azure.com/subscriptions/00000000-0000-0000-0000-000000000/providers/Microsoft.MachineLearningServices/locations/centraluseuap/mfeOperationResults/jc:7f206fe8-725b-47a7-8040-1b9d73c77f3e:000000000000000000000?api-version=2023-04-01-preview",
        "Pragma": "no-cache",
        "request-context": "appId=cid-v1:512cc15a-13b5-415b-bfd0-dce7accb6bb1",
        "Strict-Transport-Security": "max-age=31536000; includeSubDomains",
        "x-aml-cluster": "vienna-test-westus2-02",
        "X-Content-Type-Options": "nosniff",
        "x-ms-correlation-request-id": "ec57c768-fd0c-4b9c-ade0-6233a17cf484",
        "x-ms-ratelimit-remaining-subscription-reads": "11967",
        "x-ms-response-type": "standard",
        "x-ms-routing-request-id": "JAPANEAST:20230428T092821Z:ec57c768-fd0c-4b9c-ade0-6233a17cf484",
        "x-request-time": "0.040"
      },
      "ResponseBody": {}
    },
    {
      "RequestUri": "https://management.azure.com/subscriptions/00000000-0000-0000-0000-000000000/providers/Microsoft.MachineLearningServices/locations/centraluseuap/mfeOperationResults/jc:7f206fe8-725b-47a7-8040-1b9d73c77f3e:000000000000000000000?api-version=2023-04-01-preview",
      "RequestMethod": "GET",
      "RequestHeaders": {
        "Accept": "*/*",
        "Accept-Encoding": "gzip, deflate",
        "Connection": "keep-alive",
        "User-Agent": "azure-ai-ml/1.7.0 azsdk-python-mgmt-machinelearningservices/1.0.0b1 Python/3.9.10 (Windows-10-10.0.22621-SP0)"
      },
      "RequestBody": null,
      "StatusCode": 200,
      "ResponseHeaders": {
        "Cache-Control": "no-cache",
        "Content-Length": "0",
        "Date": "Fri, 28 Apr 2023 09:28:51 GMT",
        "Expires": "-1",
        "Pragma": "no-cache",
        "request-context": "appId=cid-v1:512cc15a-13b5-415b-bfd0-dce7accb6bb1",
        "Server-Timing": "traceparent;desc=\u002200-3f0c66c985ac8c6995447600878d63cd-bcc05d2ebfa99b55-01\u0022",
        "Strict-Transport-Security": "max-age=31536000; includeSubDomains",
        "x-aml-cluster": "vienna-test-westus2-02",
        "X-Content-Type-Options": "nosniff",
        "x-ms-correlation-request-id": "31168211-9fbe-4b03-8b8b-934c17479f48",
        "x-ms-ratelimit-remaining-subscription-reads": "11966",
        "x-ms-response-type": "standard",
        "x-ms-routing-request-id": "JAPANEAST:20230428T092851Z:31168211-9fbe-4b03-8b8b-934c17479f48",
        "x-request-time": "0.035"
      },
      "ResponseBody": null
    }
  ],
  "Variables": {}
}
