{
  "Entries": [
    {
      "RequestUri": "https://management.azure.com/subscriptions/00000000-0000-0000-0000-000000000/resourceGroups/00000/providers/Microsoft.MachineLearningServices/workspaces/00000/datastores/workspaceblobstore?api-version=2022-05-01",
      "RequestMethod": "GET",
      "RequestHeaders": {
        "Accept": "application/json",
        "Accept-Encoding": "gzip, deflate",
        "Connection": "keep-alive",
        "User-Agent": "azure-ai-ml/1.3.0 azsdk-python-mgmt-machinelearningservices/0.1.0 Python/3.9.13 (Windows-10-10.0.19045-SP0)"
      },
      "RequestBody": null,
      "StatusCode": 200,
      "ResponseHeaders": {
        "Cache-Control": "no-cache",
        "Content-Encoding": "gzip",
        "Content-Type": "application/json; charset=utf-8",
        "Date": "Fri, 30 Dec 2022 01:48:40 GMT",
        "Expires": "-1",
        "Pragma": "no-cache",
        "Request-Context": "appId=cid-v1:512cc15a-13b5-415b-bfd0-dce7accb6bb1",
        "Server-Timing": "traceparent;desc=\u002200-5471af555a21a90c8fecc1223297d956-da55d3300f6d1cab-00\u0022",
        "Strict-Transport-Security": "max-age=31536000; includeSubDomains",
        "Transfer-Encoding": "chunked",
        "Vary": [
          "Accept-Encoding",
          "Accept-Encoding"
        ],
        "x-aml-cluster": "vienna-test-westus2-02",
        "X-Content-Type-Options": "nosniff",
        "x-ms-correlation-request-id": "98736528-76e9-43d8-b3df-e55d5933ca9c",
        "x-ms-ratelimit-remaining-subscription-reads": "11863",
        "x-ms-response-type": "standard",
        "x-ms-routing-request-id": "JAPANEAST:20221230T014841Z:98736528-76e9-43d8-b3df-e55d5933ca9c",
        "x-request-time": "0.091"
      },
      "ResponseBody": {
        "id": "/subscriptions/00000000-0000-0000-0000-000000000/resourceGroups/00000/providers/Microsoft.MachineLearningServices/workspaces/00000/datastores/workspaceblobstore",
        "name": "workspaceblobstore",
        "type": "Microsoft.MachineLearningServices/workspaces/datastores",
        "properties": {
          "description": null,
          "tags": null,
          "properties": null,
          "isDefault": true,
          "credentials": {
            "credentialsType": "AccountKey"
          },
          "datastoreType": "AzureBlob",
          "accountName": "sagvgsoim6nmhbq",
          "containerName": "azureml-blobstore-e61cd5e2-512f-475e-9842-5e2a973993b8",
          "endpoint": "core.windows.net",
          "protocol": "https",
          "serviceDataAccessAuthIdentity": "WorkspaceSystemAssignedIdentity"
        },
        "systemData": {
          "createdAt": "2022-09-22T09:02:03.2629568\u002B00:00",
          "createdBy": "779301c0-18b2-4cdc-801b-a0a3368fee0a",
          "createdByType": "Application",
          "lastModifiedAt": "2022-09-22T09:02:04.166989\u002B00:00",
          "lastModifiedBy": "779301c0-18b2-4cdc-801b-a0a3368fee0a",
          "lastModifiedByType": "Application"
        }
      }
    },
    {
      "RequestUri": "https://management.azure.com/subscriptions/00000000-0000-0000-0000-000000000/resourceGroups/00000/providers/Microsoft.MachineLearningServices/workspaces/00000/datastores/workspaceblobstore/listSecrets?api-version=2022-05-01",
      "RequestMethod": "POST",
      "RequestHeaders": {
        "Accept": "application/json",
        "Accept-Encoding": "gzip, deflate",
        "Connection": "keep-alive",
        "Content-Length": "0",
        "User-Agent": "azure-ai-ml/1.3.0 azsdk-python-mgmt-machinelearningservices/0.1.0 Python/3.9.13 (Windows-10-10.0.19045-SP0)"
      },
      "RequestBody": null,
      "StatusCode": 200,
      "ResponseHeaders": {
        "Cache-Control": "no-cache",
        "Content-Encoding": "gzip",
        "Content-Type": "application/json; charset=utf-8",
        "Date": "Fri, 30 Dec 2022 01:48:41 GMT",
        "Expires": "-1",
        "Pragma": "no-cache",
        "Request-Context": "appId=cid-v1:512cc15a-13b5-415b-bfd0-dce7accb6bb1",
        "Server-Timing": "traceparent;desc=\u002200-6b3d8d2afa14c8968b30e8cfe3b7453a-09231b6306041a23-00\u0022",
        "Strict-Transport-Security": "max-age=31536000; includeSubDomains",
        "Transfer-Encoding": "chunked",
        "Vary": "Accept-Encoding",
        "x-aml-cluster": "vienna-test-westus2-02",
        "X-Content-Type-Options": "nosniff",
        "x-ms-correlation-request-id": "154a0c55-030a-44d8-8984-b377fab9cb30",
        "x-ms-ratelimit-remaining-subscription-writes": "1127",
        "x-ms-response-type": "standard",
        "x-ms-routing-request-id": "JAPANEAST:20221230T014841Z:154a0c55-030a-44d8-8984-b377fab9cb30",
        "x-request-time": "0.101"
      },
      "ResponseBody": {
        "secretsType": "AccountKey",
        "key": "dGhpcyBpcyBmYWtlIGtleQ=="
      }
    },
    {
      "RequestUri": "https://sagvgsoim6nmhbq.blob.core.windows.net/azureml-blobstore-e61cd5e2-512f-475e-9842-5e2a973993b8/LocalUpload/00000000000000000000000000000000/src/add_greeting_column.py",
      "RequestMethod": "HEAD",
      "RequestHeaders": {
        "Accept": "application/xml",
        "Accept-Encoding": "gzip, deflate",
        "Connection": "keep-alive",
        "User-Agent": "azsdk-python-storage-blob/12.14.1 Python/3.9.13 (Windows-10-10.0.19045-SP0)",
        "x-ms-date": "Fri, 30 Dec 2022 01:48:41 GMT",
        "x-ms-version": "2021-08-06"
      },
      "RequestBody": null,
      "StatusCode": 200,
      "ResponseHeaders": {
        "Accept-Ranges": "bytes",
        "Content-Length": "493",
        "Content-MD5": "S6XtSOk6bzek6yCwPu1bJA==",
        "Content-Type": "application/octet-stream",
        "Date": "Fri, 30 Dec 2022 01:48:40 GMT",
        "ETag": "\u00220x8DAE68232EE3559\u0022",
        "Last-Modified": "Sun, 25 Dec 2022 14:13:30 GMT",
        "Server": [
          "Windows-Azure-Blob/1.0",
          "Microsoft-HTTPAPI/2.0"
        ],
        "Vary": "Origin",
        "x-ms-access-tier": "Hot",
        "x-ms-access-tier-inferred": "true",
        "x-ms-blob-type": "BlockBlob",
        "x-ms-creation-time": "Sun, 25 Dec 2022 14:13:28 GMT",
        "x-ms-lease-state": "available",
        "x-ms-lease-status": "unlocked",
        "x-ms-meta-name": "21661086-9074-4afd-9716-bab2ba4f951b",
        "x-ms-meta-upload_status": "completed",
        "x-ms-meta-version": "1",
        "x-ms-server-encrypted": "true",
        "x-ms-version": "2021-08-06"
      },
      "ResponseBody": null
    },
    {
      "RequestUri": "https://sagvgsoim6nmhbq.blob.core.windows.net/azureml-blobstore-e61cd5e2-512f-475e-9842-5e2a973993b8/az-ml-artifacts/00000000000000000000000000000000/src/add_greeting_column.py",
      "RequestMethod": "HEAD",
      "RequestHeaders": {
        "Accept": "application/xml",
        "Accept-Encoding": "gzip, deflate",
        "Connection": "keep-alive",
        "User-Agent": "azsdk-python-storage-blob/12.14.1 Python/3.9.13 (Windows-10-10.0.19045-SP0)",
        "x-ms-date": "Fri, 30 Dec 2022 01:48:41 GMT",
        "x-ms-version": "2021-08-06"
      },
      "RequestBody": null,
      "StatusCode": 404,
      "ResponseHeaders": {
        "Date": "Fri, 30 Dec 2022 01:48:41 GMT",
        "Server": [
          "Windows-Azure-Blob/1.0",
          "Microsoft-HTTPAPI/2.0"
        ],
        "Transfer-Encoding": "chunked",
        "Vary": "Origin",
        "x-ms-error-code": "BlobNotFound",
        "x-ms-version": "2021-08-06"
      },
      "ResponseBody": null
    },
    {
      "RequestUri": "https://management.azure.com/subscriptions/00000000-0000-0000-0000-000000000/resourceGroups/00000/providers/Microsoft.MachineLearningServices/workspaces/00000/codes/21661086-9074-4afd-9716-bab2ba4f951b/versions/1?api-version=2022-05-01",
      "RequestMethod": "PUT",
      "RequestHeaders": {
        "Accept": "application/json",
        "Accept-Encoding": "gzip, deflate",
        "Connection": "keep-alive",
        "Content-Length": "292",
        "Content-Type": "application/json",
        "User-Agent": "azure-ai-ml/1.3.0 azsdk-python-mgmt-machinelearningservices/0.1.0 Python/3.9.13 (Windows-10-10.0.19045-SP0)"
      },
      "RequestBody": {
        "properties": {
          "properties": {
            "hash_sha256": "0000000000000",
            "hash_version": "0000000000000"
          },
          "isAnonymous": true,
          "isArchived": false,
          "codeUri": "https://sagvgsoim6nmhbq.blob.core.windows.net/azureml-blobstore-e61cd5e2-512f-475e-9842-5e2a973993b8/LocalUpload/00000000000000000000000000000000/src"
        }
      },
      "StatusCode": 200,
      "ResponseHeaders": {
        "Cache-Control": "no-cache",
        "Content-Encoding": "gzip",
        "Content-Type": "application/json; charset=utf-8",
        "Date": "Fri, 30 Dec 2022 01:48:42 GMT",
        "Expires": "-1",
        "Pragma": "no-cache",
        "Request-Context": "appId=cid-v1:512cc15a-13b5-415b-bfd0-dce7accb6bb1",
        "Server-Timing": "traceparent;desc=\u002200-0fd9fe5783581ad910955df441d4f54a-4f48c93562ffdf75-00\u0022",
        "Strict-Transport-Security": "max-age=31536000; includeSubDomains",
        "Transfer-Encoding": "chunked",
        "Vary": [
          "Accept-Encoding",
          "Accept-Encoding"
        ],
        "x-aml-cluster": "vienna-test-westus2-02",
        "X-Content-Type-Options": "nosniff",
        "x-ms-correlation-request-id": "73f58113-1ce1-4636-8e37-01af3f1d6186",
        "x-ms-ratelimit-remaining-subscription-writes": "1046",
        "x-ms-response-type": "standard",
        "x-ms-routing-request-id": "JAPANEAST:20221230T014842Z:73f58113-1ce1-4636-8e37-01af3f1d6186",
        "x-request-time": "0.308"
      },
      "ResponseBody": {
        "id": "/subscriptions/00000000-0000-0000-0000-000000000/resourceGroups/00000/providers/Microsoft.MachineLearningServices/workspaces/00000/codes/21661086-9074-4afd-9716-bab2ba4f951b/versions/1",
        "name": "1",
        "type": "Microsoft.MachineLearningServices/workspaces/codes/versions",
        "properties": {
          "description": null,
          "tags": {},
          "properties": {
            "hash_sha256": "0000000000000",
            "hash_version": "0000000000000"
          },
          "isArchived": false,
          "isAnonymous": false,
          "codeUri": "https://sagvgsoim6nmhbq.blob.core.windows.net/azureml-blobstore-e61cd5e2-512f-475e-9842-5e2a973993b8/LocalUpload/00000000000000000000000000000000/src"
        },
        "systemData": {
          "createdAt": "2022-12-25T14:13:30.7365954\u002B00:00",
          "createdBy": "Xingzhi Zhang",
          "createdByType": "User",
          "lastModifiedAt": "2022-12-30T01:48:42.5644481\u002B00:00",
          "lastModifiedBy": "Xingzhi Zhang",
          "lastModifiedByType": "User"
        }
      }
    },
    {
      "RequestUri": "https://management.azure.com/subscriptions/00000000-0000-0000-0000-000000000/resourceGroups/00000/providers/Microsoft.MachineLearningServices/workspaces/00000/components/azureml_anonymous/versions/c01880a7-0f32-4cb4-795c-dbbd911f5f29?api-version=2022-05-01",
      "RequestMethod": "PUT",
      "RequestHeaders": {
        "Accept": "application/json",
        "Accept-Encoding": "gzip, deflate",
        "Connection": "keep-alive",
        "Content-Length": "1077",
        "Content-Type": "application/json",
        "User-Agent": "azure-ai-ml/1.3.0 azsdk-python-mgmt-machinelearningservices/0.1.0 Python/3.9.13 (Windows-10-10.0.19045-SP0)"
      },
      "RequestBody": {
        "properties": {
          "description": "Aml Spark add greeting column test module",
          "properties": {},
          "tags": {},
          "isAnonymous": true,
          "isArchived": false,
          "componentSpec": {
            "code": "azureml:/subscriptions/00000000-0000-0000-0000-000000000/resourceGroups/00000/providers/Microsoft.MachineLearningServices/workspaces/00000/codes/21661086-9074-4afd-9716-bab2ba4f951b/versions/1",
            "entry": {
              "file": "add_greeting_column.py"
            },
            "py_files": [
              "utils.zip"
            ],
            "files": [
              "my_files.txt"
            ],
            "conf": {
              "spark.driver.cores": 2,
              "spark.driver.memory": "1g",
              "spark.executor.cores": 1,
              "spark.executor.memory": "1g",
              "spark.executor.instances": 1
            },
            "args": "--file_input ${{inputs.file_input}}",
            "name": "add_greeting_column_spark_component",
            "description": "Aml Spark add greeting column test module",
            "version": "1",
            "$schema": "https://azuremlschemas.azureedge.net/latest/sparkComponent.schema.json",
            "display_name": "Aml Spark add greeting column test module",
            "is_deterministic": true,
            "inputs": {
              "file_input": {
                "type": "uri_file",
                "mode": "direct"
              }
            },
            "type": "spark",
            "_source": "YAML.COMPONENT"
          }
        }
      },
      "StatusCode": 201,
      "ResponseHeaders": {
        "Cache-Control": "no-cache",
        "Content-Length": "1917",
        "Content-Type": "application/json; charset=utf-8",
        "Date": "Fri, 30 Dec 2022 01:48:44 GMT",
        "Expires": "-1",
        "Location": "https://management.azure.com/subscriptions/00000000-0000-0000-0000-000000000/resourceGroups/00000/providers/Microsoft.MachineLearningServices/workspaces/00000/components/azureml_anonymous/versions/c01880a7-0f32-4cb4-795c-dbbd911f5f29?api-version=2022-05-01",
        "Pragma": "no-cache",
        "Request-Context": "appId=cid-v1:512cc15a-13b5-415b-bfd0-dce7accb6bb1",
        "Server-Timing": "traceparent;desc=\u002200-a07dc26e31b5bff9523c0b4e4c5227dc-70d3954cac9811ff-00\u0022",
        "Strict-Transport-Security": "max-age=31536000; includeSubDomains",
        "x-aml-cluster": "vienna-test-westus2-02",
        "X-Content-Type-Options": "nosniff",
        "x-ms-correlation-request-id": "9013f3a7-7123-45fd-b7df-7e696ec90995",
        "x-ms-ratelimit-remaining-subscription-writes": "1045",
        "x-ms-response-type": "standard",
        "x-ms-routing-request-id": "JAPANEAST:20221230T014844Z:9013f3a7-7123-45fd-b7df-7e696ec90995",
        "x-request-time": "1.220"
      },
      "ResponseBody": {
        "id": "/subscriptions/00000000-0000-0000-0000-000000000/resourceGroups/00000/providers/Microsoft.MachineLearningServices/workspaces/00000/components/azureml_anonymous/versions/dde00d2e-529f-49c7-9e86-3f22e233c177",
        "name": "dde00d2e-529f-49c7-9e86-3f22e233c177",
        "type": "Microsoft.MachineLearningServices/workspaces/components/versions",
        "properties": {
          "description": null,
          "tags": {},
          "properties": {},
          "isArchived": false,
          "isAnonymous": true,
          "componentSpec": {
            "name": "azureml_anonymous",
            "version": "dde00d2e-529f-49c7-9e86-3f22e233c177",
            "display_name": "Aml Spark add greeting column test module",
            "is_deterministic": "True",
            "type": "spark",
            "description": "Aml Spark add greeting column test module",
            "inputs": {
              "file_input": {
                "type": "uri_file",
                "optional": "False"
              }
            },
            "code": "azureml:/subscriptions/00000000-0000-0000-0000-000000000/resourceGroups/00000/providers/Microsoft.MachineLearningServices/workspaces/00000/codes/21661086-9074-4afd-9716-bab2ba4f951b/versions/1",
            "args": "--file_input ${{inputs.file_input}}",
            "entry": {
              "file": "add_greeting_column.py"
            },
            "files": [
              "my_files.txt"
            ],
            "py_files": [
              "utils.zip"
            ],
            "conf": {
              "spark.driver.cores": "2",
              "spark.driver.memory": "1g",
              "spark.executor.cores": "1",
              "spark.executor.memory": "1g",
              "spark.executor.instances": "1"
            },
            "$schema": "https://azuremlschemas.azureedge.net/latest/sparkComponent.schema.json"
          }
        },
        "systemData": {
          "createdAt": "2022-12-30T01:48:43.8485828\u002B00:00",
          "createdBy": "Xingzhi Zhang",
          "createdByType": "User",
          "lastModifiedAt": "2022-12-30T01:48:43.8485828\u002B00:00",
          "lastModifiedBy": "Xingzhi Zhang",
          "lastModifiedByType": "User"
        }
      }
    },
    {
      "RequestUri": "https://management.azure.com/subscriptions/00000000-0000-0000-0000-000000000/resourceGroups/00000/providers/Microsoft.MachineLearningServices/workspaces/00000/datastores/workspaceblobstore?api-version=2022-05-01",
      "RequestMethod": "GET",
      "RequestHeaders": {
        "Accept": "application/json",
        "Accept-Encoding": "gzip, deflate",
        "Connection": "keep-alive",
        "User-Agent": "azure-ai-ml/1.3.0 azsdk-python-mgmt-machinelearningservices/0.1.0 Python/3.9.13 (Windows-10-10.0.19045-SP0)"
      },
      "RequestBody": null,
      "StatusCode": 200,
      "ResponseHeaders": {
        "Cache-Control": "no-cache",
        "Content-Encoding": "gzip",
        "Content-Type": "application/json; charset=utf-8",
        "Date": "Fri, 30 Dec 2022 01:48:44 GMT",
        "Expires": "-1",
        "Pragma": "no-cache",
        "Request-Context": "appId=cid-v1:512cc15a-13b5-415b-bfd0-dce7accb6bb1",
        "Server-Timing": "traceparent;desc=\u002200-0d4498dd871f723757b5dc9de48f0109-7048db61fd8f6282-00\u0022",
        "Strict-Transport-Security": "max-age=31536000; includeSubDomains",
        "Transfer-Encoding": "chunked",
        "Vary": [
          "Accept-Encoding",
          "Accept-Encoding"
        ],
        "x-aml-cluster": "vienna-test-westus2-02",
        "X-Content-Type-Options": "nosniff",
        "x-ms-correlation-request-id": "9dbec057-f8d3-4f61-995e-a70ca01afff2",
        "x-ms-ratelimit-remaining-subscription-reads": "11862",
        "x-ms-response-type": "standard",
        "x-ms-routing-request-id": "JAPANEAST:20221230T014845Z:9dbec057-f8d3-4f61-995e-a70ca01afff2",
        "x-request-time": "0.111"
      },
      "ResponseBody": {
        "id": "/subscriptions/00000000-0000-0000-0000-000000000/resourceGroups/00000/providers/Microsoft.MachineLearningServices/workspaces/00000/datastores/workspaceblobstore",
        "name": "workspaceblobstore",
        "type": "Microsoft.MachineLearningServices/workspaces/datastores",
        "properties": {
          "description": null,
          "tags": null,
          "properties": null,
          "isDefault": true,
          "credentials": {
            "credentialsType": "AccountKey"
          },
          "datastoreType": "AzureBlob",
          "accountName": "sagvgsoim6nmhbq",
          "containerName": "azureml-blobstore-e61cd5e2-512f-475e-9842-5e2a973993b8",
          "endpoint": "core.windows.net",
          "protocol": "https",
          "serviceDataAccessAuthIdentity": "WorkspaceSystemAssignedIdentity"
        },
        "systemData": {
          "createdAt": "2022-09-22T09:02:03.2629568\u002B00:00",
          "createdBy": "779301c0-18b2-4cdc-801b-a0a3368fee0a",
          "createdByType": "Application",
          "lastModifiedAt": "2022-09-22T09:02:04.166989\u002B00:00",
          "lastModifiedBy": "779301c0-18b2-4cdc-801b-a0a3368fee0a",
          "lastModifiedByType": "Application"
        }
      }
    },
    {
      "RequestUri": "https://management.azure.com/subscriptions/00000000-0000-0000-0000-000000000/resourceGroups/00000/providers/Microsoft.MachineLearningServices/workspaces/00000/datastores/workspaceblobstore/listSecrets?api-version=2022-05-01",
      "RequestMethod": "POST",
      "RequestHeaders": {
        "Accept": "application/json",
        "Accept-Encoding": "gzip, deflate",
        "Connection": "keep-alive",
        "Content-Length": "0",
        "User-Agent": "azure-ai-ml/1.3.0 azsdk-python-mgmt-machinelearningservices/0.1.0 Python/3.9.13 (Windows-10-10.0.19045-SP0)"
      },
      "RequestBody": null,
      "StatusCode": 200,
      "ResponseHeaders": {
        "Cache-Control": "no-cache",
        "Content-Encoding": "gzip",
        "Content-Type": "application/json; charset=utf-8",
        "Date": "Fri, 30 Dec 2022 01:48:45 GMT",
        "Expires": "-1",
        "Pragma": "no-cache",
        "Request-Context": "appId=cid-v1:512cc15a-13b5-415b-bfd0-dce7accb6bb1",
        "Server-Timing": "traceparent;desc=\u002200-fdfeba778613b5cb22dbeeabaaab1560-8d86e1d3f812bd06-00\u0022",
        "Strict-Transport-Security": "max-age=31536000; includeSubDomains",
        "Transfer-Encoding": "chunked",
        "Vary": "Accept-Encoding",
        "x-aml-cluster": "vienna-test-westus2-02",
        "X-Content-Type-Options": "nosniff",
        "x-ms-correlation-request-id": "6ab78da2-2f7f-4217-b740-00a035736ef0",
        "x-ms-ratelimit-remaining-subscription-writes": "1126",
        "x-ms-response-type": "standard",
        "x-ms-routing-request-id": "JAPANEAST:20221230T014845Z:6ab78da2-2f7f-4217-b740-00a035736ef0",
        "x-request-time": "0.090"
      },
      "ResponseBody": {
        "secretsType": "AccountKey",
        "key": "dGhpcyBpcyBmYWtlIGtleQ=="
      }
    },
    {
      "RequestUri": "https://sagvgsoim6nmhbq.blob.core.windows.net/azureml-blobstore-e61cd5e2-512f-475e-9842-5e2a973993b8/LocalUpload/00000000000000000000000000000000/src/add_greeting_column.py",
      "RequestMethod": "HEAD",
      "RequestHeaders": {
        "Accept": "application/xml",
        "Accept-Encoding": "gzip, deflate",
        "Connection": "keep-alive",
        "User-Agent": "azsdk-python-storage-blob/12.14.1 Python/3.9.13 (Windows-10-10.0.19045-SP0)",
        "x-ms-date": "Fri, 30 Dec 2022 01:48:45 GMT",
        "x-ms-version": "2021-08-06"
      },
      "RequestBody": null,
      "StatusCode": 200,
      "ResponseHeaders": {
        "Accept-Ranges": "bytes",
        "Content-Length": "493",
        "Content-MD5": "S6XtSOk6bzek6yCwPu1bJA==",
        "Content-Type": "application/octet-stream",
        "Date": "Fri, 30 Dec 2022 01:48:44 GMT",
        "ETag": "\u00220x8DAE68232EE3559\u0022",
        "Last-Modified": "Sun, 25 Dec 2022 14:13:30 GMT",
        "Server": [
          "Windows-Azure-Blob/1.0",
          "Microsoft-HTTPAPI/2.0"
        ],
        "Vary": "Origin",
        "x-ms-access-tier": "Hot",
        "x-ms-access-tier-inferred": "true",
        "x-ms-blob-type": "BlockBlob",
        "x-ms-creation-time": "Sun, 25 Dec 2022 14:13:28 GMT",
        "x-ms-lease-state": "available",
        "x-ms-lease-status": "unlocked",
        "x-ms-meta-name": "21661086-9074-4afd-9716-bab2ba4f951b",
        "x-ms-meta-upload_status": "completed",
        "x-ms-meta-version": "1",
        "x-ms-server-encrypted": "true",
        "x-ms-version": "2021-08-06"
      },
      "ResponseBody": null
    },
    {
      "RequestUri": "https://sagvgsoim6nmhbq.blob.core.windows.net/azureml-blobstore-e61cd5e2-512f-475e-9842-5e2a973993b8/az-ml-artifacts/00000000000000000000000000000000/src/add_greeting_column.py",
      "RequestMethod": "HEAD",
      "RequestHeaders": {
        "Accept": "application/xml",
        "Accept-Encoding": "gzip, deflate",
        "Connection": "keep-alive",
        "User-Agent": "azsdk-python-storage-blob/12.14.1 Python/3.9.13 (Windows-10-10.0.19045-SP0)",
        "x-ms-date": "Fri, 30 Dec 2022 01:48:45 GMT",
        "x-ms-version": "2021-08-06"
      },
      "RequestBody": null,
      "StatusCode": 404,
      "ResponseHeaders": {
        "Date": "Fri, 30 Dec 2022 01:48:45 GMT",
        "Server": [
          "Windows-Azure-Blob/1.0",
          "Microsoft-HTTPAPI/2.0"
        ],
        "Transfer-Encoding": "chunked",
        "Vary": "Origin",
        "x-ms-error-code": "BlobNotFound",
        "x-ms-version": "2021-08-06"
      },
      "ResponseBody": null
    },
    {
      "RequestUri": "https://management.azure.com/subscriptions/00000000-0000-0000-0000-000000000/resourceGroups/00000/providers/Microsoft.MachineLearningServices/workspaces/00000/codes/21661086-9074-4afd-9716-bab2ba4f951b/versions/1?api-version=2022-05-01",
      "RequestMethod": "PUT",
      "RequestHeaders": {
        "Accept": "application/json",
        "Accept-Encoding": "gzip, deflate",
        "Connection": "keep-alive",
        "Content-Length": "292",
        "Content-Type": "application/json",
        "User-Agent": "azure-ai-ml/1.3.0 azsdk-python-mgmt-machinelearningservices/0.1.0 Python/3.9.13 (Windows-10-10.0.19045-SP0)"
      },
      "RequestBody": {
        "properties": {
          "properties": {
            "hash_sha256": "0000000000000",
            "hash_version": "0000000000000"
          },
          "isAnonymous": true,
          "isArchived": false,
          "codeUri": "https://sagvgsoim6nmhbq.blob.core.windows.net/azureml-blobstore-e61cd5e2-512f-475e-9842-5e2a973993b8/LocalUpload/00000000000000000000000000000000/src"
        }
      },
      "StatusCode": 200,
      "ResponseHeaders": {
        "Cache-Control": "no-cache",
        "Content-Encoding": "gzip",
        "Content-Type": "application/json; charset=utf-8",
        "Date": "Fri, 30 Dec 2022 01:48:46 GMT",
        "Expires": "-1",
        "Pragma": "no-cache",
        "Request-Context": "appId=cid-v1:512cc15a-13b5-415b-bfd0-dce7accb6bb1",
        "Server-Timing": "traceparent;desc=\u002200-35a452a437fa8f58bd9224ff53b36696-fd1c872526e6bef5-00\u0022",
        "Strict-Transport-Security": "max-age=31536000; includeSubDomains",
        "Transfer-Encoding": "chunked",
        "Vary": [
          "Accept-Encoding",
          "Accept-Encoding"
        ],
        "x-aml-cluster": "vienna-test-westus2-02",
        "X-Content-Type-Options": "nosniff",
        "x-ms-correlation-request-id": "2d353b07-0bf5-430b-b421-7e19eb3a6d79",
        "x-ms-ratelimit-remaining-subscription-writes": "1044",
        "x-ms-response-type": "standard",
        "x-ms-routing-request-id": "JAPANEAST:20221230T014846Z:2d353b07-0bf5-430b-b421-7e19eb3a6d79",
        "x-request-time": "0.225"
      },
      "ResponseBody": {
        "id": "/subscriptions/00000000-0000-0000-0000-000000000/resourceGroups/00000/providers/Microsoft.MachineLearningServices/workspaces/00000/codes/21661086-9074-4afd-9716-bab2ba4f951b/versions/1",
        "name": "1",
        "type": "Microsoft.MachineLearningServices/workspaces/codes/versions",
        "properties": {
          "description": null,
          "tags": {},
          "properties": {
            "hash_sha256": "0000000000000",
            "hash_version": "0000000000000"
          },
          "isArchived": false,
          "isAnonymous": false,
          "codeUri": "https://sagvgsoim6nmhbq.blob.core.windows.net/azureml-blobstore-e61cd5e2-512f-475e-9842-5e2a973993b8/LocalUpload/00000000000000000000000000000000/src"
        },
        "systemData": {
          "createdAt": "2022-12-25T14:13:30.7365954\u002B00:00",
          "createdBy": "Xingzhi Zhang",
          "createdByType": "User",
          "lastModifiedAt": "2022-12-30T01:48:46.369603\u002B00:00",
          "lastModifiedBy": "Xingzhi Zhang",
          "lastModifiedByType": "User"
        }
      }
    },
    {
      "RequestUri": "https://management.azure.com/subscriptions/00000000-0000-0000-0000-000000000/resourceGroups/00000/providers/Microsoft.MachineLearningServices/workspaces/00000/components/azureml_anonymous/versions/bdcf621f-2722-04f7-0b52-261d02817b91?api-version=2022-05-01",
      "RequestMethod": "PUT",
      "RequestHeaders": {
        "Accept": "application/json",
        "Accept-Encoding": "gzip, deflate",
        "Connection": "keep-alive",
        "Content-Length": "1136",
        "Content-Type": "application/json",
        "User-Agent": "azure-ai-ml/1.3.0 azsdk-python-mgmt-machinelearningservices/0.1.0 Python/3.9.13 (Windows-10-10.0.19045-SP0)"
      },
      "RequestBody": {
        "properties": {
          "description": "Aml Spark count by row test module",
          "properties": {},
          "tags": {},
          "isAnonymous": true,
          "isArchived": false,
          "componentSpec": {
            "code": "azureml:/subscriptions/00000000-0000-0000-0000-000000000/resourceGroups/00000/providers/Microsoft.MachineLearningServices/workspaces/00000/codes/21661086-9074-4afd-9716-bab2ba4f951b/versions/1",
            "entry": {
              "file": "count_by_row.py"
            },
            "jars": [
              "scalaproj.jar"
            ],
            "files": [
              "my_files.txt"
            ],
            "conf": {
              "spark.driver.cores": 2,
              "spark.driver.memory": "1g",
              "spark.executor.cores": 1,
              "spark.executor.memory": "1g",
              "spark.executor.instances": 1
            },
            "args": "--file_input ${{inputs.file_input}} --output ${{outputs.output}}",
            "name": "count_by_row_spark_component",
            "description": "Aml Spark count by row test module",
            "version": "1",
            "$schema": "https://azuremlschemas.azureedge.net/latest/sparkComponent.schema.json",
            "display_name": "Aml Spark count by row test module",
            "is_deterministic": true,
            "inputs": {
              "file_input": {
                "type": "uri_file",
                "mode": "direct"
              }
            },
            "outputs": {
              "output": {
                "type": "uri_folder",
                "mode": "direct"
              }
            },
            "type": "spark",
            "_source": "YAML.COMPONENT"
          }
        }
      },
      "StatusCode": 201,
      "ResponseHeaders": {
        "Cache-Control": "no-cache",
        "Content-Length": "2014",
        "Content-Type": "application/json; charset=utf-8",
        "Date": "Fri, 30 Dec 2022 01:48:47 GMT",
        "Expires": "-1",
        "Location": "https://management.azure.com/subscriptions/00000000-0000-0000-0000-000000000/resourceGroups/00000/providers/Microsoft.MachineLearningServices/workspaces/00000/components/azureml_anonymous/versions/bdcf621f-2722-04f7-0b52-261d02817b91?api-version=2022-05-01",
        "Pragma": "no-cache",
        "Request-Context": "appId=cid-v1:512cc15a-13b5-415b-bfd0-dce7accb6bb1",
        "Server-Timing": "traceparent;desc=\u002200-0b0b22264bdff35b7e259daa31f87a2a-9375fd74edfab86f-00\u0022",
        "Strict-Transport-Security": "max-age=31536000; includeSubDomains",
        "x-aml-cluster": "vienna-test-westus2-02",
        "X-Content-Type-Options": "nosniff",
        "x-ms-correlation-request-id": "95d634f2-953d-4a21-93ba-50898466bdbc",
        "x-ms-ratelimit-remaining-subscription-writes": "1043",
        "x-ms-response-type": "standard",
        "x-ms-routing-request-id": "JAPANEAST:20221230T014848Z:95d634f2-953d-4a21-93ba-50898466bdbc",
        "x-request-time": "1.092"
      },
      "ResponseBody": {
        "id": "/subscriptions/00000000-0000-0000-0000-000000000/resourceGroups/00000/providers/Microsoft.MachineLearningServices/workspaces/00000/components/azureml_anonymous/versions/d2160b1a-e749-435a-bbaf-e4b7c9355ec6",
        "name": "d2160b1a-e749-435a-bbaf-e4b7c9355ec6",
        "type": "Microsoft.MachineLearningServices/workspaces/components/versions",
        "properties": {
          "description": null,
          "tags": {},
          "properties": {},
          "isArchived": false,
          "isAnonymous": true,
          "componentSpec": {
            "name": "azureml_anonymous",
            "version": "d2160b1a-e749-435a-bbaf-e4b7c9355ec6",
            "display_name": "Aml Spark count by row test module",
            "is_deterministic": "True",
            "type": "spark",
            "description": "Aml Spark count by row test module",
            "inputs": {
              "file_input": {
                "type": "uri_file",
                "optional": "False"
              }
            },
            "outputs": {
              "output": {
                "type": "uri_folder"
              }
            },
            "code": "azureml:/subscriptions/00000000-0000-0000-0000-000000000/resourceGroups/00000/providers/Microsoft.MachineLearningServices/workspaces/00000/codes/21661086-9074-4afd-9716-bab2ba4f951b/versions/1",
            "args": "--file_input ${{inputs.file_input}} --output ${{outputs.output}}",
            "entry": {
              "file": "count_by_row.py"
            },
            "files": [
              "my_files.txt"
            ],
            "jars": [
              "scalaproj.jar"
            ],
            "conf": {
              "spark.driver.cores": "2",
              "spark.driver.memory": "1g",
              "spark.executor.cores": "1",
              "spark.executor.memory": "1g",
              "spark.executor.instances": "1"
            },
            "$schema": "https://azuremlschemas.azureedge.net/latest/sparkComponent.schema.json"
          }
        },
        "systemData": {
          "createdAt": "2022-12-30T01:48:47.5442955\u002B00:00",
          "createdBy": "Xingzhi Zhang",
          "createdByType": "User",
          "lastModifiedAt": "2022-12-30T01:48:47.5442955\u002B00:00",
          "lastModifiedBy": "Xingzhi Zhang",
          "lastModifiedByType": "User"
        }
      }
    },
    {
      "RequestUri": "https://management.azure.com/subscriptions/00000000-0000-0000-0000-000000000/resourceGroups/00000/providers/Microsoft.MachineLearningServices/workspaces/00000/datastores/workspaceblobstore?api-version=2022-05-01",
      "RequestMethod": "GET",
      "RequestHeaders": {
        "Accept": "application/json",
        "Accept-Encoding": "gzip, deflate",
        "Connection": "keep-alive",
        "User-Agent": "azure-ai-ml/1.3.0 azsdk-python-mgmt-machinelearningservices/0.1.0 Python/3.9.13 (Windows-10-10.0.19045-SP0)"
      },
      "RequestBody": null,
      "StatusCode": 200,
      "ResponseHeaders": {
        "Cache-Control": "no-cache",
        "Content-Encoding": "gzip",
        "Content-Type": "application/json; charset=utf-8",
        "Date": "Fri, 30 Dec 2022 01:48:48 GMT",
        "Expires": "-1",
        "Pragma": "no-cache",
        "Request-Context": "appId=cid-v1:512cc15a-13b5-415b-bfd0-dce7accb6bb1",
        "Server-Timing": "traceparent;desc=\u002200-69c5c84fac9983af12def4259223288b-92e10e01f1492099-00\u0022",
        "Strict-Transport-Security": "max-age=31536000; includeSubDomains",
        "Transfer-Encoding": "chunked",
        "Vary": [
          "Accept-Encoding",
          "Accept-Encoding"
        ],
        "x-aml-cluster": "vienna-test-westus2-02",
        "X-Content-Type-Options": "nosniff",
        "x-ms-correlation-request-id": "a17c6e80-fe7e-4139-aeec-584ff5c9d14e",
        "x-ms-ratelimit-remaining-subscription-reads": "11861",
        "x-ms-response-type": "standard",
        "x-ms-routing-request-id": "JAPANEAST:20221230T014848Z:a17c6e80-fe7e-4139-aeec-584ff5c9d14e",
        "x-request-time": "0.097"
      },
      "ResponseBody": {
        "id": "/subscriptions/00000000-0000-0000-0000-000000000/resourceGroups/00000/providers/Microsoft.MachineLearningServices/workspaces/00000/datastores/workspaceblobstore",
        "name": "workspaceblobstore",
        "type": "Microsoft.MachineLearningServices/workspaces/datastores",
        "properties": {
          "description": null,
          "tags": null,
          "properties": null,
          "isDefault": true,
          "credentials": {
            "credentialsType": "AccountKey"
          },
          "datastoreType": "AzureBlob",
          "accountName": "sagvgsoim6nmhbq",
          "containerName": "azureml-blobstore-e61cd5e2-512f-475e-9842-5e2a973993b8",
          "endpoint": "core.windows.net",
          "protocol": "https",
          "serviceDataAccessAuthIdentity": "WorkspaceSystemAssignedIdentity"
        },
        "systemData": {
          "createdAt": "2022-09-22T09:02:03.2629568\u002B00:00",
          "createdBy": "779301c0-18b2-4cdc-801b-a0a3368fee0a",
          "createdByType": "Application",
          "lastModifiedAt": "2022-09-22T09:02:04.166989\u002B00:00",
          "lastModifiedBy": "779301c0-18b2-4cdc-801b-a0a3368fee0a",
          "lastModifiedByType": "Application"
        }
      }
    },
    {
      "RequestUri": "https://management.azure.com/subscriptions/00000000-0000-0000-0000-000000000/resourceGroups/00000/providers/Microsoft.MachineLearningServices/workspaces/00000/datastores/workspaceblobstore/listSecrets?api-version=2022-05-01",
      "RequestMethod": "POST",
      "RequestHeaders": {
        "Accept": "application/json",
        "Accept-Encoding": "gzip, deflate",
        "Connection": "keep-alive",
        "Content-Length": "0",
        "User-Agent": "azure-ai-ml/1.3.0 azsdk-python-mgmt-machinelearningservices/0.1.0 Python/3.9.13 (Windows-10-10.0.19045-SP0)"
      },
      "RequestBody": null,
      "StatusCode": 200,
      "ResponseHeaders": {
        "Cache-Control": "no-cache",
        "Content-Encoding": "gzip",
        "Content-Type": "application/json; charset=utf-8",
        "Date": "Fri, 30 Dec 2022 01:48:48 GMT",
        "Expires": "-1",
        "Pragma": "no-cache",
        "Request-Context": "appId=cid-v1:512cc15a-13b5-415b-bfd0-dce7accb6bb1",
        "Server-Timing": "traceparent;desc=\u002200-5eaf9e18434a493e5a0aee129df30a40-ea330755f0344598-00\u0022",
        "Strict-Transport-Security": "max-age=31536000; includeSubDomains",
        "Transfer-Encoding": "chunked",
        "Vary": "Accept-Encoding",
        "x-aml-cluster": "vienna-test-westus2-02",
        "X-Content-Type-Options": "nosniff",
        "x-ms-correlation-request-id": "68fd579b-301f-4364-ae24-44572b7c6a3b",
        "x-ms-ratelimit-remaining-subscription-writes": "1125",
        "x-ms-response-type": "standard",
        "x-ms-routing-request-id": "JAPANEAST:20221230T014849Z:68fd579b-301f-4364-ae24-44572b7c6a3b",
        "x-request-time": "0.116"
      },
      "ResponseBody": {
        "secretsType": "AccountKey",
        "key": "dGhpcyBpcyBmYWtlIGtleQ=="
      }
    },
    {
      "RequestUri": "https://sagvgsoim6nmhbq.blob.core.windows.net/azureml-blobstore-e61cd5e2-512f-475e-9842-5e2a973993b8/LocalUpload/00000000000000000000000000000000/iris.csv",
      "RequestMethod": "HEAD",
      "RequestHeaders": {
        "Accept": "application/xml",
        "Accept-Encoding": "gzip, deflate",
        "Connection": "keep-alive",
        "User-Agent": "azsdk-python-storage-blob/12.14.1 Python/3.9.13 (Windows-10-10.0.19045-SP0)",
        "x-ms-date": "Fri, 30 Dec 2022 01:48:49 GMT",
        "x-ms-version": "2021-08-06"
      },
      "RequestBody": null,
      "StatusCode": 200,
      "ResponseHeaders": {
        "Accept-Ranges": "bytes",
        "Content-Length": "4759",
        "Content-MD5": "KozNjCoSdWCmMsSpKgfD\u002Bw==",
        "Content-Type": "application/octet-stream",
        "Date": "Fri, 30 Dec 2022 01:48:48 GMT",
        "ETag": "\u00220x8DAE68237A788D1\u0022",
        "Last-Modified": "Sun, 25 Dec 2022 14:13:38 GMT",
        "Server": [
          "Windows-Azure-Blob/1.0",
          "Microsoft-HTTPAPI/2.0"
        ],
        "Vary": "Origin",
        "x-ms-access-tier": "Hot",
        "x-ms-access-tier-inferred": "true",
        "x-ms-blob-type": "BlockBlob",
        "x-ms-creation-time": "Sun, 25 Dec 2022 14:13:37 GMT",
        "x-ms-lease-state": "available",
        "x-ms-lease-status": "unlocked",
        "x-ms-meta-name": "5594c790-ccee-4535-aa32-5bf406143c5d",
        "x-ms-meta-upload_status": "completed",
        "x-ms-meta-version": "b20cd380-b1da-47db-a600-fdbb97ef077a",
        "x-ms-server-encrypted": "true",
        "x-ms-version": "2021-08-06"
      },
      "ResponseBody": null
    },
    {
      "RequestUri": "https://sagvgsoim6nmhbq.blob.core.windows.net/azureml-blobstore-e61cd5e2-512f-475e-9842-5e2a973993b8/az-ml-artifacts/00000000000000000000000000000000/iris.csv",
      "RequestMethod": "HEAD",
      "RequestHeaders": {
        "Accept": "application/xml",
        "Accept-Encoding": "gzip, deflate",
        "Connection": "keep-alive",
        "User-Agent": "azsdk-python-storage-blob/12.14.1 Python/3.9.13 (Windows-10-10.0.19045-SP0)",
        "x-ms-date": "Fri, 30 Dec 2022 01:48:49 GMT",
        "x-ms-version": "2021-08-06"
      },
      "RequestBody": null,
      "StatusCode": 404,
      "ResponseHeaders": {
        "Date": "Fri, 30 Dec 2022 01:48:48 GMT",
        "Server": [
          "Windows-Azure-Blob/1.0",
          "Microsoft-HTTPAPI/2.0"
        ],
        "Transfer-Encoding": "chunked",
        "Vary": "Origin",
        "x-ms-error-code": "BlobNotFound",
        "x-ms-version": "2021-08-06"
      },
      "ResponseBody": null
    },
    {
      "RequestUri": "https://management.azure.com/subscriptions/00000000-0000-0000-0000-000000000/resourceGroups/00000/providers/Microsoft.MachineLearningServices/workspaces/00000/jobs/000000000000000000000?api-version=2022-10-01-preview",
      "RequestMethod": "PUT",
      "RequestHeaders": {
        "Accept": "application/json",
        "Accept-Encoding": "gzip, deflate",
        "Connection": "keep-alive",
        "Content-Length": "2372",
        "Content-Type": "application/json",
        "User-Agent": "azure-ai-ml/1.3.0 azsdk-python-mgmt-machinelearningservices/0.1.0 Python/3.9.13 (Windows-10-10.0.19045-SP0)"
      },
      "RequestBody": {
        "properties": {
          "properties": {},
          "tags": {},
          "displayName": "spark_pipeline_from_yaml",
          "experimentName": "spark_in_pipeline",
          "isArchived": false,
          "jobType": "Pipeline",
          "inputs": {
            "iris_data": {
              "mode": "Direct",
              "uri": "azureml://datastores/workspaceblobstore/paths/LocalUpload/00000000000000000000000000000000/iris.csv",
              "jobInputType": "uri_file"
            }
          },
          "jobs": {
            "add_greeting_column_node": {
              "type": "spark",
              "resources": {
                "instance_type": "standard_e4s_v3",
                "runtime_version": "3.1.0"
              },
              "py_files": [
                "utils.zip"
              ],
              "files": [
                "my_files.txt"
              ],
              "identity": {
                "identity_type": "UserIdentity"
              },
              "conf": {
                "spark.driver.cores": 2,
                "spark.driver.memory": "1g",
                "spark.executor.cores": 1,
                "spark.executor.memory": "1g",
                "spark.executor.instances": 1
              },
              "args": "--file_input ${{inputs.file_input}}",
              "name": "add_greeting_column_node",
              "inputs": {
                "file_input": {
                  "job_input_type": "literal",
                  "value": "${{parent.inputs.iris_data}}"
                }
              },
              "_source": "YAML.COMPONENT",
              "componentId": "/subscriptions/00000000-0000-0000-0000-000000000/resourceGroups/00000/providers/Microsoft.MachineLearningServices/workspaces/00000/components/azureml_anonymous/versions/dde00d2e-529f-49c7-9e86-3f22e233c177",
              "entry": {
                "spark_job_entry_type": "SparkJobPythonEntry",
                "file": "add_greeting_column.py"
              }
            },
            "count_by_row_node": {
              "type": "spark",
              "resources": {
                "instance_type": "standard_e4s_v3",
                "runtime_version": "3.1.0"
              },
              "jars": [
                "scalaproj.jar"
              ],
              "files": [
                "my_files.txt"
              ],
              "identity": {
                "identity_type": "UserIdentity"
              },
              "conf": {
                "spark.driver.cores": 2,
                "spark.driver.memory": "1g",
                "spark.executor.cores": 1,
                "spark.executor.memory": "1g",
                "spark.executor.instances": 1
              },
              "args": "--file_input ${{inputs.file_input}} --output ${{outputs.output}}",
              "name": "count_by_row_node",
              "inputs": {
                "file_input": {
                  "job_input_type": "literal",
                  "value": "${{parent.inputs.iris_data}}"
                }
              },
              "outputs": {
                "output": {
                  "value": "${{parent.outputs.output}}",
                  "type": "literal"
                }
              },
              "_source": "YAML.COMPONENT",
              "componentId": "/subscriptions/00000000-0000-0000-0000-000000000/resourceGroups/00000/providers/Microsoft.MachineLearningServices/workspaces/00000/components/azureml_anonymous/versions/d2160b1a-e749-435a-bbaf-e4b7c9355ec6",
              "entry": {
                "spark_job_entry_type": "SparkJobPythonEntry",
                "file": "count_by_row.py"
              }
            }
          },
          "outputs": {
            "output": {
              "mode": "Direct",
              "jobOutputType": "uri_file"
            }
          },
          "settings": {
            "_source": "DSL"
          }
        }
      },
      "StatusCode": 201,
      "ResponseHeaders": {
        "Cache-Control": "no-cache",
        "Content-Length": "5072",
        "Content-Type": "application/json; charset=utf-8",
        "Date": "Fri, 30 Dec 2022 01:48:54 GMT",
        "Expires": "-1",
        "Location": "https://management.azure.com/subscriptions/00000000-0000-0000-0000-000000000/resourceGroups/00000/providers/Microsoft.MachineLearningServices/workspaces/00000/jobs/000000000000000000000?api-version=2022-10-01-preview",
        "Pragma": "no-cache",
        "Request-Context": "appId=cid-v1:512cc15a-13b5-415b-bfd0-dce7accb6bb1",
        "Server-Timing": "traceparent;desc=\u002200-4b5de4d18ace20773aa9c61c82cab5c6-4ba33ace95c2487b-00\u0022",
        "Strict-Transport-Security": "max-age=31536000; includeSubDomains",
        "x-aml-cluster": "vienna-test-westus2-02",
        "X-Content-Type-Options": "nosniff",
        "x-ms-correlation-request-id": "d03c9f21-c8c9-4435-ac37-97b99d10e0fa",
        "x-ms-ratelimit-remaining-subscription-writes": "1042",
        "x-ms-response-type": "standard",
        "x-ms-routing-request-id": "JAPANEAST:20221230T014854Z:d03c9f21-c8c9-4435-ac37-97b99d10e0fa",
        "x-request-time": "3.420"
      },
      "ResponseBody": {
        "id": "/subscriptions/00000000-0000-0000-0000-000000000/resourceGroups/00000/providers/Microsoft.MachineLearningServices/workspaces/00000/jobs/000000000000000000000",
        "name": "000000000000000000000",
        "type": "Microsoft.MachineLearningServices/workspaces/jobs",
        "properties": {
          "description": null,
          "tags": {},
          "properties": {
            "azureml.DevPlatv2": "true",
            "azureml.runsource": "azureml.PipelineRun",
            "runSource": "MFE",
            "runType": "HTTP",
            "azureml.parameters": "{}",
            "azureml.continue_on_step_failure": "False",
            "azureml.continue_on_failed_optional_input": "True",
            "azureml.defaultDataStoreName": "workspaceblobstore",
            "azureml.pipelineComponent": "pipelinerun"
          },
          "displayName": "spark_pipeline_from_yaml",
          "status": "Preparing",
          "experimentName": "spark_in_pipeline",
          "services": {
            "Tracking": {
              "jobServiceType": "Tracking",
              "port": null,
              "endpoint": "azureml://master.api.azureml-test.ms/mlflow/v1.0/subscriptions/00000000-0000-0000-0000-000000000/resourceGroups/00000/providers/Microsoft.MachineLearningServices/workspaces/00000?",
              "status": null,
              "errorMessage": null,
              "properties": null,
              "nodes": null
            },
            "Studio": {
              "jobServiceType": "Studio",
              "port": null,
              "endpoint": "https://ml.azure.com/runs/000000000000000000000?wsid=/subscriptions/00000000-0000-0000-0000-000000000/resourcegroups/00000/workspaces/00000",
              "status": null,
              "errorMessage": null,
              "properties": null,
              "nodes": null
            }
          },
          "computeId": null,
          "isArchived": false,
          "identity": null,
          "componentId": null,
          "jobType": "Pipeline",
          "settings": {
            "_source": "DSL"
          },
          "jobs": {
            "add_greeting_column_node": {
              "type": "spark",
              "resources": {
                "instance_type": "standard_e4s_v3",
                "runtime_version": "3.1.0"
              },
              "py_files": [
                "utils.zip"
              ],
              "files": [
                "my_files.txt"
              ],
              "identity": {
                "identity_type": "UserIdentity"
              },
              "conf": {
                "spark.driver.cores": 2,
                "spark.driver.memory": "1g",
                "spark.executor.cores": 1,
                "spark.executor.memory": "1g",
                "spark.executor.instances": 1
              },
              "args": "--file_input ${{inputs.file_input}}",
              "name": "add_greeting_column_node",
              "inputs": {
                "file_input": {
                  "job_input_type": "literal",
                  "value": "${{parent.inputs.iris_data}}"
                }
              },
              "_source": "YAML.COMPONENT",
              "componentId": "/subscriptions/00000000-0000-0000-0000-000000000/resourceGroups/00000/providers/Microsoft.MachineLearningServices/workspaces/00000/components/azureml_anonymous/versions/dde00d2e-529f-49c7-9e86-3f22e233c177",
              "entry": {
                "spark_job_entry_type": "SparkJobPythonEntry",
                "file": "add_greeting_column.py"
              }
            },
            "count_by_row_node": {
              "type": "spark",
              "resources": {
                "instance_type": "standard_e4s_v3",
                "runtime_version": "3.1.0"
              },
              "jars": [
                "scalaproj.jar"
              ],
              "files": [
                "my_files.txt"
              ],
              "identity": {
                "identity_type": "UserIdentity"
              },
              "conf": {
                "spark.driver.cores": 2,
                "spark.driver.memory": "1g",
                "spark.executor.cores": 1,
                "spark.executor.memory": "1g",
                "spark.executor.instances": 1
              },
              "args": "--file_input ${{inputs.file_input}} --output ${{outputs.output}}",
              "name": "count_by_row_node",
              "inputs": {
                "file_input": {
                  "job_input_type": "literal",
                  "value": "${{parent.inputs.iris_data}}"
                }
              },
              "outputs": {
                "output": {
                  "value": "${{parent.outputs.output}}",
                  "type": "literal"
                }
              },
              "_source": "YAML.COMPONENT",
              "componentId": "/subscriptions/00000000-0000-0000-0000-000000000/resourceGroups/00000/providers/Microsoft.MachineLearningServices/workspaces/00000/components/azureml_anonymous/versions/d2160b1a-e749-435a-bbaf-e4b7c9355ec6",
              "entry": {
                "spark_job_entry_type": "SparkJobPythonEntry",
                "file": "count_by_row.py"
              }
            }
          },
          "inputs": {
            "iris_data": {
              "description": null,
              "uri": "azureml://datastores/workspaceblobstore/paths/LocalUpload/00000000000000000000000000000000/iris.csv",
              "mode": "Direct",
              "jobInputType": "uri_file"
            }
          },
          "outputs": {
            "output": {
              "description": null,
              "uri": null,
              "mode": "Direct",
              "jobOutputType": "uri_file"
            }
          },
          "sourceJobId": null
        },
        "systemData": {
          "createdAt": "2022-12-30T01:48:53.7565259\u002B00:00",
          "createdBy": "Xingzhi Zhang",
          "createdByType": "User"
        }
      }
    },
    {
      "RequestUri": "https://management.azure.com/subscriptions/00000000-0000-0000-0000-000000000/resourceGroups/00000/providers/Microsoft.MachineLearningServices/workspaces/00000/jobs/000000000000000000000/cancel?api-version=2022-10-01-preview",
      "RequestMethod": "POST",
      "RequestHeaders": {
        "Accept": "application/json",
        "Accept-Encoding": "gzip, deflate",
        "Connection": "keep-alive",
        "Content-Length": "0",
        "User-Agent": "azure-ai-ml/1.3.0 azsdk-python-mgmt-machinelearningservices/0.1.0 Python/3.9.13 (Windows-10-10.0.19045-SP0)"
      },
      "RequestBody": null,
      "StatusCode": 202,
      "ResponseHeaders": {
        "Cache-Control": "no-cache",
        "Content-Length": "4",
        "Content-Type": "application/json; charset=utf-8",
        "Date": "Fri, 30 Dec 2022 01:48:56 GMT",
        "Expires": "-1",
        "Location": "https://management.azure.com/subscriptions/00000000-0000-0000-0000-000000000/providers/Microsoft.MachineLearningServices/locations/centraluseuap/mfeOperationResults/jc:e61cd5e2-512f-475e-9842-5e2a973993b8:000000000000000000000?api-version=2022-10-01-preview",
        "Pragma": "no-cache",
        "Request-Context": "appId=cid-v1:512cc15a-13b5-415b-bfd0-dce7accb6bb1",
        "Strict-Transport-Security": "max-age=31536000; includeSubDomains",
        "x-aml-cluster": "vienna-test-westus2-02",
        "X-Content-Type-Options": "nosniff",
        "x-ms-async-operation-timeout": "PT1H",
        "x-ms-correlation-request-id": "c25c03e9-90a0-4c9f-8fa3-a993a0b8e8aa",
        "x-ms-ratelimit-remaining-subscription-writes": "1124",
        "x-ms-response-type": "standard",
        "x-ms-routing-request-id": "JAPANEAST:20221230T014857Z:c25c03e9-90a0-4c9f-8fa3-a993a0b8e8aa",
        "x-request-time": "0.911"
      },
      "ResponseBody": "null"
    },
    {
      "RequestUri": "https://management.azure.com/subscriptions/00000000-0000-0000-0000-000000000/providers/Microsoft.MachineLearningServices/locations/centraluseuap/mfeOperationResults/jc:e61cd5e2-512f-475e-9842-5e2a973993b8:000000000000000000000?api-version=2022-10-01-preview",
      "RequestMethod": "GET",
      "RequestHeaders": {
        "Accept": "*/*",
        "Accept-Encoding": "gzip, deflate",
        "Connection": "keep-alive",
        "User-Agent": "azure-ai-ml/1.3.0 azsdk-python-mgmt-machinelearningservices/0.1.0 Python/3.9.13 (Windows-10-10.0.19045-SP0)"
      },
      "RequestBody": null,
      "StatusCode": 202,
      "ResponseHeaders": {
        "Cache-Control": "no-cache",
        "Content-Length": "2",
        "Content-Type": "application/json; charset=utf-8",
        "Date": "Fri, 30 Dec 2022 01:48:56 GMT",
        "Expires": "-1",
        "Location": "https://management.azure.com/subscriptions/00000000-0000-0000-0000-000000000/providers/Microsoft.MachineLearningServices/locations/centraluseuap/mfeOperationResults/jc:e61cd5e2-512f-475e-9842-5e2a973993b8:000000000000000000000?api-version=2022-10-01-preview",
        "Pragma": "no-cache",
        "Request-Context": "appId=cid-v1:512cc15a-13b5-415b-bfd0-dce7accb6bb1",
        "Strict-Transport-Security": "max-age=31536000; includeSubDomains",
        "x-aml-cluster": "vienna-test-westus2-02",
        "X-Content-Type-Options": "nosniff",
        "x-ms-correlation-request-id": "4bed6eca-056c-4e0b-8783-7bf94cec6c03",
        "x-ms-ratelimit-remaining-subscription-reads": "11860",
        "x-ms-response-type": "standard",
        "x-ms-routing-request-id": "JAPANEAST:20221230T014857Z:4bed6eca-056c-4e0b-8783-7bf94cec6c03",
        "x-request-time": "0.031"
      },
      "ResponseBody": {}
    },
    {
      "RequestUri": "https://management.azure.com/subscriptions/00000000-0000-0000-0000-000000000/providers/Microsoft.MachineLearningServices/locations/centraluseuap/mfeOperationResults/jc:e61cd5e2-512f-475e-9842-5e2a973993b8:000000000000000000000?api-version=2022-10-01-preview",
      "RequestMethod": "GET",
      "RequestHeaders": {
        "Accept": "*/*",
        "Accept-Encoding": "gzip, deflate",
        "Connection": "keep-alive",
        "User-Agent": "azure-ai-ml/1.3.0 azsdk-python-mgmt-machinelearningservices/0.1.0 Python/3.9.13 (Windows-10-10.0.19045-SP0)"
      },
      "RequestBody": null,
      "StatusCode": 200,
      "ResponseHeaders": {
        "Cache-Control": "no-cache",
        "Content-Length": "0",
        "Date": "Fri, 30 Dec 2022 01:49:26 GMT",
        "Expires": "-1",
        "Pragma": "no-cache",
        "Request-Context": "appId=cid-v1:512cc15a-13b5-415b-bfd0-dce7accb6bb1",
        "Server-Timing": "traceparent;desc=\u002200-86f0d8440df2d93489f2313a8897fd38-2b305ca854c76082-00\u0022",
        "Strict-Transport-Security": "max-age=31536000; includeSubDomains",
        "x-aml-cluster": "vienna-test-westus2-02",
        "X-Content-Type-Options": "nosniff",
        "x-ms-correlation-request-id": "73e6a22d-c869-4f80-8279-253a88fcb067",
        "x-ms-ratelimit-remaining-subscription-reads": "11859",
        "x-ms-response-type": "standard",
        "x-ms-routing-request-id": "JAPANEAST:20221230T014927Z:73e6a22d-c869-4f80-8279-253a88fcb067",
        "x-request-time": "0.052"
      },
      "ResponseBody": null
    }
  ],
  "Variables": {}
}
