{
  "Entries": [
    {
      "RequestUri": "https://management.azure.com/subscriptions/00000000-0000-0000-0000-000000000/resourceGroups/00000/providers/Microsoft.MachineLearningServices/workspaces/00000/components/azureml_anonymous/versions/925b2c9b-7245-a745-6584-9584e8aada6a?api-version=2022-10-01",
      "RequestMethod": "PUT",
      "RequestHeaders": {
        "Accept": "application/json",
        "Accept-Encoding": "gzip, deflate",
        "Connection": "keep-alive",
        "Content-Length": "503",
        "Content-Type": "application/json",
        "User-Agent": "azure-ai-ml/1.5.0 azsdk-python-mgmt-machinelearningservices/0.1.0 Python/3.8.13 (Windows-10-10.0.22000-SP0)"
      },
      "RequestBody": {
        "properties": {
          "properties": {},
          "tags": {},
          "isAnonymous": true,
          "isArchived": false,
          "componentSpec": {
            "name": "datatransfer_copy_uri_files",
            "$schema": "http://azureml/sdk-2-0/DataTransferComponent.json",
            "display_name": "Data Transfer Component copy uri files",
            "is_deterministic": true,
            "inputs": {
              "input1": {
                "type": "uri_file"
              }
            },
            "outputs": {
              "output_folder": {
                "type": "uri_file"
              }
            },
            "type": "data_transfer",
            "task": "copy_data",
            "data_copy_mode": "fail_if_conflict",
            "_source": "YAML.COMPONENT"
          }
        }
      },
      "StatusCode": 201,
      "ResponseHeaders": {
        "Cache-Control": "no-cache",
        "Content-Length": "1256",
        "Content-Type": "application/json; charset=utf-8",
        "Date": "Tue, 21 Feb 2023 06:22:41 GMT",
        "Expires": "-1",
        "Location": "https://management.azure.com/subscriptions/00000000-0000-0000-0000-000000000/resourceGroups/00000/providers/Microsoft.MachineLearningServices/workspaces/00000/components/azureml_anonymous/versions/925b2c9b-7245-a745-6584-9584e8aada6a?api-version=2022-10-01",
        "Pragma": "no-cache",
        "Request-Context": "appId=cid-v1:512cc15a-13b5-415b-bfd0-dce7accb6bb1",
        "Server-Timing": "traceparent;desc=\u002200-b80f32b8da1469b20d22539e7899a720-ea7bb9e33e488a6a-01\u0022",
        "Strict-Transport-Security": "max-age=31536000; includeSubDomains",
        "x-aml-cluster": "vienna-test-westus2-02",
        "X-Content-Type-Options": "nosniff",
        "x-ms-correlation-request-id": "a8f9144c-625b-485a-a559-db6dc3929cb1",
        "x-ms-ratelimit-remaining-subscription-writes": "1199",
        "x-ms-response-type": "standard",
        "x-ms-routing-request-id": "JAPANEAST:20230221T062242Z:a8f9144c-625b-485a-a559-db6dc3929cb1",
        "x-request-time": "0.434"
      },
      "ResponseBody": {
        "id": "/subscriptions/00000000-0000-0000-0000-000000000/resourceGroups/00000/providers/Microsoft.MachineLearningServices/workspaces/00000/components/azureml_anonymous/versions/51c9b273-c449-41f4-afb9-c54cac2e23de",
        "name": "51c9b273-c449-41f4-afb9-c54cac2e23de",
        "type": "Microsoft.MachineLearningServices/workspaces/components/versions",
        "properties": {
          "description": null,
          "tags": {},
          "properties": {},
          "isArchived": false,
          "isAnonymous": true,
          "componentSpec": {
            "name": "datatransfer_copy_uri_files",
            "display_name": "Data Transfer Component copy uri files",
            "is_deterministic": "True",
            "type": "data_transfer",
            "inputs": {
              "input1": {
                "type": "uri_file",
                "optional": "False"
              }
            },
            "outputs": {
              "output_folder": {
                "type": "uri_file"
              }
            },
            "task": "copy_data",
            "$schema": "http://azureml/sdk-2-0/DataTransferComponent.json"
          }
        },
        "systemData": {
          "createdAt": "2023-02-07T07:15:48.2994963\u002B00:00",
          "createdBy": "Ying Chen",
          "createdByType": "User",
          "lastModifiedAt": "2023-02-07T07:15:48.6965021\u002B00:00",
          "lastModifiedBy": "Ying Chen",
          "lastModifiedByType": "User"
        }
      }
    },
    {
      "RequestUri": "https://management.azure.com/subscriptions/00000000-0000-0000-0000-000000000/resourceGroups/00000/providers/Microsoft.MachineLearningServices/workspaces/00000/datastores/workspaceblobstore?api-version=2022-10-01",
      "RequestMethod": "GET",
      "RequestHeaders": {
        "Accept": "application/json",
        "Accept-Encoding": "gzip, deflate",
        "Connection": "keep-alive",
        "User-Agent": "azure-ai-ml/1.5.0 azsdk-python-mgmt-machinelearningservices/0.1.0 Python/3.8.13 (Windows-10-10.0.22000-SP0)"
      },
      "RequestBody": null,
      "StatusCode": 200,
      "ResponseHeaders": {
        "Cache-Control": "no-cache",
        "Content-Encoding": "gzip",
        "Content-Type": "application/json; charset=utf-8",
        "Date": "Tue, 21 Feb 2023 06:22:42 GMT",
        "Expires": "-1",
        "Pragma": "no-cache",
        "Request-Context": "appId=cid-v1:512cc15a-13b5-415b-bfd0-dce7accb6bb1",
        "Server-Timing": "traceparent;desc=\u002200-b847337110a7152b4d883da110856f53-d66f9eafcc1819f4-01\u0022",
        "Strict-Transport-Security": "max-age=31536000; includeSubDomains",
        "Transfer-Encoding": "chunked",
        "Vary": [
          "Accept-Encoding",
          "Accept-Encoding"
        ],
        "x-aml-cluster": "vienna-test-westus2-02",
        "X-Content-Type-Options": "nosniff",
        "x-ms-correlation-request-id": "ae949e50-b9c3-46ce-af5e-798492615b3d",
        "x-ms-ratelimit-remaining-subscription-reads": "11998",
        "x-ms-response-type": "standard",
        "x-ms-routing-request-id": "JAPANEAST:20230221T062242Z:ae949e50-b9c3-46ce-af5e-798492615b3d",
        "x-request-time": "0.111"
      },
      "ResponseBody": {
        "id": "/subscriptions/00000000-0000-0000-0000-000000000/resourceGroups/00000/providers/Microsoft.MachineLearningServices/workspaces/00000/datastores/workspaceblobstore",
        "name": "workspaceblobstore",
        "type": "Microsoft.MachineLearningServices/workspaces/datastores",
        "properties": {
          "description": null,
          "tags": null,
          "properties": null,
          "isDefault": true,
          "credentials": {
            "credentialsType": "AccountKey"
          },
          "datastoreType": "AzureBlob",
          "accountName": "wse2etesstoragee3596509f",
          "containerName": "azureml-blobstore-80eaba04-c6ec-4775-8ddc-d538e9642c2d",
          "endpoint": "core.windows.net",
          "protocol": "https",
          "serviceDataAccessAuthIdentity": "WorkspaceSystemAssignedIdentity"
        },
        "systemData": {
          "createdAt": "2021-08-11T20:39:16.6529181\u002B00:00",
          "createdBy": "779301c0-18b2-4cdc-801b-a0a3368fee0a",
          "createdByType": "Application",
          "lastModifiedAt": "2021-08-11T20:39:18.1308849\u002B00:00",
          "lastModifiedBy": "779301c0-18b2-4cdc-801b-a0a3368fee0a",
          "lastModifiedByType": "Application"
        }
      }
    },
    {
      "RequestUri": "https://management.azure.com/subscriptions/00000000-0000-0000-0000-000000000/resourceGroups/00000/providers/Microsoft.MachineLearningServices/workspaces/00000/datastores/workspaceblobstore/listSecrets?api-version=2022-10-01",
      "RequestMethod": "POST",
      "RequestHeaders": {
        "Accept": "application/json",
        "Accept-Encoding": "gzip, deflate",
        "Connection": "keep-alive",
        "Content-Length": "0",
        "User-Agent": "azure-ai-ml/1.5.0 azsdk-python-mgmt-machinelearningservices/0.1.0 Python/3.8.13 (Windows-10-10.0.22000-SP0)"
      },
      "RequestBody": null,
      "StatusCode": 200,
      "ResponseHeaders": {
        "Cache-Control": "no-cache",
        "Content-Encoding": "gzip",
        "Content-Type": "application/json; charset=utf-8",
        "Date": "Tue, 21 Feb 2023 06:22:43 GMT",
        "Expires": "-1",
        "Pragma": "no-cache",
        "Request-Context": "appId=cid-v1:512cc15a-13b5-415b-bfd0-dce7accb6bb1",
        "Server-Timing": "traceparent;desc=\u002200-fb278cbc67ea23360ffb4b1e5713657a-43de0422be1d88c9-01\u0022",
        "Strict-Transport-Security": "max-age=31536000; includeSubDomains",
        "Transfer-Encoding": "chunked",
        "Vary": "Accept-Encoding",
        "x-aml-cluster": "vienna-test-westus2-02",
        "X-Content-Type-Options": "nosniff",
        "x-ms-correlation-request-id": "bf49f566-2d55-46c5-b245-4220e9de8ee6",
        "x-ms-ratelimit-remaining-subscription-writes": "1199",
        "x-ms-response-type": "standard",
        "x-ms-routing-request-id": "JAPANEAST:20230221T062243Z:bf49f566-2d55-46c5-b245-4220e9de8ee6",
        "x-request-time": "0.125"
      },
      "ResponseBody": {
        "secretsType": "AccountKey",
        "key": "dGhpcyBpcyBmYWtlIGtleQ=="
      }
    },
    {
      "RequestUri": "https://wse2etesstoragee3596509f.blob.core.windows.net/azureml-blobstore-80eaba04-c6ec-4775-8ddc-d538e9642c2d/LocalUpload/00000000000000000000000000000000/sample.csv",
      "RequestMethod": "HEAD",
      "RequestHeaders": {
        "Accept": "application/xml",
        "Accept-Encoding": "gzip, deflate",
        "Connection": "keep-alive",
        "User-Agent": "azsdk-python-storage-blob/12.13.1 Python/3.8.13 (Windows-10-10.0.22000-SP0)",
        "x-ms-date": "Tue, 21 Feb 2023 06:22:43 GMT",
        "x-ms-version": "2021-08-06"
      },
      "RequestBody": null,
      "StatusCode": 200,
      "ResponseHeaders": {
        "Accept-Ranges": "bytes",
        "Content-Length": "508",
        "Content-MD5": "dUQjYq1qrTeqLOaZ4N2AUQ==",
        "Content-Type": "application/octet-stream",
        "Date": "Tue, 21 Feb 2023 06:22:43 GMT",
        "ETag": "\u00220x8DB09C1BBCD7AA8\u0022",
        "Last-Modified": "Wed, 08 Feb 2023 10:46:28 GMT",
        "Server": [
          "Windows-Azure-Blob/1.0",
          "Microsoft-HTTPAPI/2.0"
        ],
        "Vary": "Origin",
        "x-ms-access-tier": "Hot",
        "x-ms-access-tier-inferred": "true",
        "x-ms-blob-type": "BlockBlob",
        "x-ms-creation-time": "Wed, 08 Feb 2023 10:46:28 GMT",
        "x-ms-lease-state": "available",
        "x-ms-lease-status": "unlocked",
        "x-ms-meta-name": "e4caa980-9b99-4ed9-82dc-ae16e7de6466",
        "x-ms-meta-upload_status": "completed",
        "x-ms-meta-version": "15c7d884-484f-4d21-8b86-a3c95d175d8c",
        "x-ms-server-encrypted": "true",
        "x-ms-version": "2021-08-06"
      },
      "ResponseBody": null
    },
    {
      "RequestUri": "https://wse2etesstoragee3596509f.blob.core.windows.net/azureml-blobstore-80eaba04-c6ec-4775-8ddc-d538e9642c2d/az-ml-artifacts/00000000000000000000000000000000/sample.csv",
      "RequestMethod": "HEAD",
      "RequestHeaders": {
        "Accept": "application/xml",
        "Accept-Encoding": "gzip, deflate",
        "Connection": "keep-alive",
        "User-Agent": "azsdk-python-storage-blob/12.13.1 Python/3.8.13 (Windows-10-10.0.22000-SP0)",
        "x-ms-date": "Tue, 21 Feb 2023 06:22:44 GMT",
        "x-ms-version": "2021-08-06"
      },
      "RequestBody": null,
      "StatusCode": 404,
      "ResponseHeaders": {
        "Date": "Tue, 21 Feb 2023 06:22:43 GMT",
        "Server": [
          "Windows-Azure-Blob/1.0",
          "Microsoft-HTTPAPI/2.0"
        ],
        "Transfer-Encoding": "chunked",
        "Vary": "Origin",
        "x-ms-error-code": "BlobNotFound",
        "x-ms-version": "2021-08-06"
      },
      "ResponseBody": null
    },
    {
      "RequestUri": "https://management.azure.com/subscriptions/00000000-0000-0000-0000-000000000/resourceGroups/00000/providers/Microsoft.MachineLearningServices/workspaces/00000/jobs/000000000000000000000?api-version=2022-12-01-preview",
      "RequestMethod": "PUT",
      "RequestHeaders": {
        "Accept": "application/json",
        "Accept-Encoding": "gzip, deflate",
        "Connection": "keep-alive",
        "Content-Length": "1244",
        "Content-Type": "application/json",
        "User-Agent": "azure-ai-ml/1.5.0 azsdk-python-mgmt-machinelearningservices/0.1.0 Python/3.8.13 (Windows-10-10.0.22000-SP0)"
      },
      "RequestBody": {
        "properties": {
          "description": "submit a pipeline with data transfer copy job",
          "properties": {},
          "tags": {},
          "displayName": "data_transfer_copy_pipeline_from_yaml",
          "experimentName": "azure-ai-ml",
          "isArchived": false,
          "jobType": "Pipeline",
          "inputs": {
            "input1": {
              "uri": "azureml://datastores/workspaceblobstore/paths/LocalUpload/00000000000000000000000000000000/sample.csv",
              "jobInputType": "uri_file"
            }
          },
          "jobs": {
            "merge_files": {
              "type": "data_transfer",
              "task": "copy_data",
              "name": "merge_files",
              "inputs": {
                "input1": {
                  "job_input_type": "literal",
                  "value": "${{parent.inputs.input1}}"
                }
              },
              "outputs": {
                "output_folder": {
                  "value": "${{parent.outputs.merged_blob}}",
                  "type": "literal"
                }
              },
              "_source": "YAML.COMPONENT",
              "componentId": "/subscriptions/00000000-0000-0000-0000-000000000/resourceGroups/00000/providers/Microsoft.MachineLearningServices/workspaces/00000/components/azureml_anonymous/versions/51c9b273-c449-41f4-afb9-c54cac2e23de",
              "data_copy_mode": "fail_if_conflict"
            }
          },
          "outputs": {
            "merged_blob": {
              "jobOutputType": "uri_file"
            }
          },
          "settings": {
            "default_compute": "/subscriptions/00000000-0000-0000-0000-000000000/resourceGroups/00000/providers/Microsoft.MachineLearningServices/workspaces/00000/computes/serverless",
            "_source": "DSL"
          }
        }
      },
      "StatusCode": 201,
      "ResponseHeaders": {
        "Cache-Control": "no-cache",
        "Content-Length": "3516",
        "Content-Type": "application/json; charset=utf-8",
        "Date": "Tue, 21 Feb 2023 06:22:49 GMT",
        "Expires": "-1",
        "Location": "https://management.azure.com/subscriptions/00000000-0000-0000-0000-000000000/resourceGroups/00000/providers/Microsoft.MachineLearningServices/workspaces/00000/jobs/000000000000000000000?api-version=2022-12-01-preview",
        "Pragma": "no-cache",
        "Request-Context": "appId=cid-v1:512cc15a-13b5-415b-bfd0-dce7accb6bb1",
        "Server-Timing": "traceparent;desc=\u002200-65bf45c0a8f070bac7ece339a48763b0-a7649ec398a9360e-01\u0022",
        "Strict-Transport-Security": "max-age=31536000; includeSubDomains",
        "x-aml-cluster": "vienna-test-westus2-02",
        "X-Content-Type-Options": "nosniff",
        "x-ms-correlation-request-id": "a7f2470b-160c-4222-82ca-7223543228b2",
        "x-ms-ratelimit-remaining-subscription-writes": "1198",
        "x-ms-response-type": "standard",
        "x-ms-routing-request-id": "JAPANEAST:20230221T062249Z:a7f2470b-160c-4222-82ca-7223543228b2",
        "x-request-time": "2.206"
      },
      "ResponseBody": {
        "id": "/subscriptions/00000000-0000-0000-0000-000000000/resourceGroups/00000/providers/Microsoft.MachineLearningServices/workspaces/00000/jobs/000000000000000000000",
        "name": "000000000000000000000",
        "type": "Microsoft.MachineLearningServices/workspaces/jobs",
        "properties": {
          "description": "submit a pipeline with data transfer copy job",
          "tags": {},
          "properties": {
            "azureml.DevPlatv2": "true",
            "azureml.runsource": "azureml.PipelineRun",
            "runSource": "MFE",
            "runType": "HTTP",
            "azureml.parameters": "{}",
            "azureml.continue_on_step_failure": "False",
            "azureml.continue_on_failed_optional_input": "True",
            "azureml.defaultComputeName": "serverless",
            "azureml.defaultDataStoreName": "workspaceblobstore",
            "azureml.pipelineComponent": "pipelinerun"
          },
          "displayName": "data_transfer_copy_pipeline_from_yaml",
          "status": "Preparing",
          "experimentName": "azure-ai-ml",
          "services": {
            "Tracking": {
              "jobServiceType": "Tracking",
              "port": null,
              "endpoint": "azureml://master.api.azureml-test.ms/mlflow/v1.0/subscriptions/00000000-0000-0000-0000-000000000/resourceGroups/00000/providers/Microsoft.MachineLearningServices/workspaces/00000?",
              "status": null,
              "errorMessage": null,
              "properties": null,
              "nodes": null
            },
            "Studio": {
              "jobServiceType": "Studio",
              "port": null,
              "endpoint": "https://ml.azure.com/runs/000000000000000000000?wsid=/subscriptions/00000000-0000-0000-0000-000000000/resourcegroups/00000/workspaces/00000",
              "status": null,
              "errorMessage": null,
              "properties": null,
              "nodes": null
            }
          },
          "computeId": null,
          "isArchived": false,
          "identity": null,
          "componentId": null,
          "jobType": "Pipeline",
          "settings": {
            "default_compute": "/subscriptions/00000000-0000-0000-0000-000000000/resourceGroups/00000/providers/Microsoft.MachineLearningServices/workspaces/00000/computes/serverless",
            "_source": "DSL"
          },
          "jobs": {
            "merge_files": {
              "type": "data_transfer",
              "task": "copy_data",
              "name": "merge_files",
              "inputs": {
                "input1": {
                  "job_input_type": "literal",
                  "value": "${{parent.inputs.input1}}"
                }
              },
              "outputs": {
                "output_folder": {
                  "value": "${{parent.outputs.merged_blob}}",
                  "type": "literal"
                }
              },
              "_source": "YAML.COMPONENT",
              "componentId": "/subscriptions/00000000-0000-0000-0000-000000000/resourceGroups/00000/providers/Microsoft.MachineLearningServices/workspaces/00000/components/azureml_anonymous/versions/51c9b273-c449-41f4-afb9-c54cac2e23de",
              "data_copy_mode": "fail_if_conflict"
            }
          },
          "inputs": {
            "input1": {
              "description": null,
              "uri": "azureml://datastores/workspaceblobstore/paths/LocalUpload/00000000000000000000000000000000/sample.csv",
              "mode": "ReadOnlyMount",
              "jobInputType": "uri_file"
            }
          },
          "outputs": {
            "merged_blob": {
              "description": null,
              "uri": null,
              "assetName": null,
              "assetVersion": null,
              "mode": "ReadWriteMount",
              "jobOutputType": "uri_file"
            }
          },
          "sourceJobId": null
        },
        "systemData": {
          "createdAt": "2023-02-21T06:22:49.045931\u002B00:00",
          "createdBy": "Ying Chen",
          "createdByType": "User"
        }
      }
    },
    {
      "RequestUri": "https://management.azure.com/subscriptions/00000000-0000-0000-0000-000000000/resourceGroups/00000/providers/Microsoft.MachineLearningServices/workspaces/00000/jobs/000000000000000000000/cancel?api-version=2022-12-01-preview",
      "RequestMethod": "POST",
      "RequestHeaders": {
        "Accept": "application/json",
        "Accept-Encoding": "gzip, deflate",
        "Connection": "keep-alive",
        "Content-Length": "0",
        "User-Agent": "azure-ai-ml/1.5.0 azsdk-python-mgmt-machinelearningservices/0.1.0 Python/3.8.13 (Windows-10-10.0.22000-SP0)"
      },
      "RequestBody": null,
      "StatusCode": 202,
      "ResponseHeaders": {
        "Cache-Control": "no-cache",
        "Content-Length": "4",
        "Content-Type": "application/json; charset=utf-8",
        "Date": "Tue, 21 Feb 2023 06:22:53 GMT",
        "Expires": "-1",
        "Location": "https://management.azure.com/subscriptions/00000000-0000-0000-0000-000000000/providers/Microsoft.MachineLearningServices/locations/centraluseuap/mfeOperationResults/jc:80eaba04-c6ec-4775-8ddc-d538e9642c2d:000000000000000000000?api-version=2022-12-01-preview",
        "Pragma": "no-cache",
        "Request-Context": "appId=cid-v1:512cc15a-13b5-415b-bfd0-dce7accb6bb1",
        "Strict-Transport-Security": "max-age=31536000; includeSubDomains",
        "x-aml-cluster": "vienna-test-westus2-02",
        "X-Content-Type-Options": "nosniff",
        "x-ms-async-operation-timeout": "PT1H",
        "x-ms-correlation-request-id": "9de68730-deac-43c9-90d0-18eed0563b23",
        "x-ms-ratelimit-remaining-subscription-writes": "1198",
        "x-ms-response-type": "standard",
        "x-ms-routing-request-id": "JAPANEAST:20230221T062253Z:9de68730-deac-43c9-90d0-18eed0563b23",
        "x-request-time": "1.099"
      },
      "ResponseBody": "null"
    },
    {
      "RequestUri": "https://management.azure.com/subscriptions/00000000-0000-0000-0000-000000000/providers/Microsoft.MachineLearningServices/locations/centraluseuap/mfeOperationResults/jc:80eaba04-c6ec-4775-8ddc-d538e9642c2d:000000000000000000000?api-version=2022-12-01-preview",
      "RequestMethod": "GET",
      "RequestHeaders": {
        "Accept": "*/*",
        "Accept-Encoding": "gzip, deflate",
        "Connection": "keep-alive",
        "User-Agent": "azure-ai-ml/1.5.0 azsdk-python-mgmt-machinelearningservices/0.1.0 Python/3.8.13 (Windows-10-10.0.22000-SP0)"
      },
      "RequestBody": null,
      "StatusCode": 202,
      "ResponseHeaders": {
        "Cache-Control": "no-cache",
        "Content-Length": "2",
        "Content-Type": "application/json; charset=utf-8",
        "Date": "Tue, 21 Feb 2023 06:22:53 GMT",
        "Expires": "-1",
        "Location": "https://management.azure.com/subscriptions/00000000-0000-0000-0000-000000000/providers/Microsoft.MachineLearningServices/locations/centraluseuap/mfeOperationResults/jc:80eaba04-c6ec-4775-8ddc-d538e9642c2d:000000000000000000000?api-version=2022-12-01-preview",
        "Pragma": "no-cache",
        "Request-Context": "appId=cid-v1:512cc15a-13b5-415b-bfd0-dce7accb6bb1",
        "Strict-Transport-Security": "max-age=31536000; includeSubDomains",
        "x-aml-cluster": "vienna-test-westus2-01",
        "X-Content-Type-Options": "nosniff",
        "x-ms-correlation-request-id": "17b9f043-566b-43d8-83fc-efbaf03b94bb",
        "x-ms-ratelimit-remaining-subscription-reads": "11997",
        "x-ms-response-type": "standard",
        "x-ms-routing-request-id": "JAPANEAST:20230221T062254Z:17b9f043-566b-43d8-83fc-efbaf03b94bb",
        "x-request-time": "0.032"
      },
      "ResponseBody": {}
    },
    {
      "RequestUri": "https://management.azure.com/subscriptions/00000000-0000-0000-0000-000000000/providers/Microsoft.MachineLearningServices/locations/centraluseuap/mfeOperationResults/jc:80eaba04-c6ec-4775-8ddc-d538e9642c2d:000000000000000000000?api-version=2022-12-01-preview",
      "RequestMethod": "GET",
      "RequestHeaders": {
        "Accept": "*/*",
        "Accept-Encoding": "gzip, deflate",
        "Connection": "keep-alive",
        "User-Agent": "azure-ai-ml/1.5.0 azsdk-python-mgmt-machinelearningservices/0.1.0 Python/3.8.13 (Windows-10-10.0.22000-SP0)"
      },
      "RequestBody": null,
      "StatusCode": 200,
      "ResponseHeaders": {
        "Cache-Control": "no-cache",
        "Content-Length": "0",
        "Date": "Tue, 21 Feb 2023 06:23:23 GMT",
        "Expires": "-1",
        "Pragma": "no-cache",
        "Request-Context": "appId=cid-v1:512cc15a-13b5-415b-bfd0-dce7accb6bb1",
        "Server-Timing": "traceparent;desc=\u002200-a997755d332a58937c86e299f3efe882-e87915b133a6d700-01\u0022",
        "Strict-Transport-Security": "max-age=31536000; includeSubDomains",
        "x-aml-cluster": "vienna-test-westus2-01",
        "X-Content-Type-Options": "nosniff",
        "x-ms-correlation-request-id": "7da29251-2c59-47ce-9c64-66b76daf703a",
        "x-ms-ratelimit-remaining-subscription-reads": "11996",
        "x-ms-response-type": "standard",
        "x-ms-routing-request-id": "JAPANEAST:20230221T062324Z:7da29251-2c59-47ce-9c64-66b76daf703a",
        "x-request-time": "0.044"
      },
      "ResponseBody": null
    }
  ],
  "Variables": {}
}
