interactions:
- request:
    body: '{"TableName": "uttable7671d3c"}'
    headers:
      Accept:
      - application/json;odata=minimalmetadata
      Accept-Encoding:
      - gzip, deflate
      Connection:
      - keep-alive
      Content-Length:
      - '31'
      Content-Type:
      - application/json;odata=nometadata
      DataServiceVersion:
      - '3.0'
      Date:
      - Tue, 21 Jul 2020 15:27:42 GMT
      User-Agent:
      - azsdk-python-storage-table/2019-07-07 Python/3.8.3 (Windows-10-10.0.19041-SP0)
      x-ms-date:
      - Tue, 21 Jul 2020 15:27:42 GMT
      x-ms-version:
      - '2019-07-07'
    method: POST
    uri: https://storagename.table.core.windows.net/Tables
  response:
    body:
      string: '{"odata.metadata":"https://storagename.table.core.windows.net/$metadata#Tables/@Element","TableName":"uttable7671d3c"}'
    headers:
      cache-control:
      - no-cache
      content-type:
      - application/json;odata=minimalmetadata;streaming=true;charset=utf-8
      date:
      - Tue, 21 Jul 2020 15:27:41 GMT
      location:
      - https://storagename.table.core.windows.net/Tables('uttable7671d3c')
      server:
      - Windows-Azure-Table/1.0 Microsoft-HTTPAPI/2.0
      transfer-encoding:
      - chunked
      x-content-type-options:
      - nosniff
      x-ms-version:
      - '2019-07-07'
    status:
      code: 201
      message: Created
- request:
    body: '{"PartitionKey": "pk7671d3c", "RowKey": "rk7671d3c", "age": "abc", "sex":
      "female", "sign": "aquarius", "birthday": "1991-10-04T00:00:00Z", "birthday@odata.type":
      "Edm.DateTime"}'
    headers:
      Accept:
      - '*/*'
      Accept-Encoding:
      - gzip, deflate
      Connection:
      - keep-alive
      Content-Length:
      - '178'
      Content-Type:
      - application/json
      DataServiceVersion:
      - '3.0'
      Date:
      - Tue, 21 Jul 2020 15:27:42 GMT
      User-Agent:
      - azsdk-python-storage-table/2019-07-07 Python/3.8.3 (Windows-10-10.0.19041-SP0)
      x-ms-date:
      - Tue, 21 Jul 2020 15:27:42 GMT
      x-ms-version:
      - '2019-07-07'
    method: PATCH
    uri: https://storagename.table.core.windows.net/uttable7671d3c(PartitionKey='pk7671d3c',RowKey='rk7671d3c')
  response:
    body:
      string: ''
    headers:
      cache-control:
      - no-cache
      content-length:
      - '0'
      date:
      - Tue, 21 Jul 2020 15:27:41 GMT
      etag:
      - W/"datetime'2020-07-21T15%3A27%3A41.3324139Z'"
      server:
      - Windows-Azure-Table/1.0 Microsoft-HTTPAPI/2.0
      x-content-type-options:
      - nosniff
      x-ms-version:
      - '2019-07-07'
    status:
      code: 204
      message: No Content
- request:
    body: null
    headers:
      Accept:
      - application/json;odata=minimalmetadata
      Accept-Encoding:
      - gzip, deflate
      Connection:
      - keep-alive
      DataServiceVersion:
      - '3.0'
      Date:
      - Tue, 21 Jul 2020 15:27:42 GMT
      User-Agent:
      - azsdk-python-storage-table/2019-07-07 Python/3.8.3 (Windows-10-10.0.19041-SP0)
      x-ms-date:
      - Tue, 21 Jul 2020 15:27:42 GMT
      x-ms-version:
      - '2019-07-07'
    method: GET
    uri: https://storagename.table.core.windows.net/uttable7671d3c(PartitionKey='pk7671d3c',RowKey='rk7671d3c')
  response:
    body:
      string: '{"odata.metadata":"https://storagename.table.core.windows.net/$metadata#uttable7671d3c/@Element","odata.etag":"W/\"datetime''2020-07-21T15%3A27%3A41.3324139Z''\"","PartitionKey":"pk7671d3c","RowKey":"rk7671d3c","Timestamp":"2020-07-21T15:27:41.3324139Z","age":"abc","birthday@odata.type":"Edm.DateTime","birthday":"1991-10-04T00:00:00Z","sex":"female","sign":"aquarius"}'
    headers:
      cache-control:
      - no-cache
      content-type:
      - application/json;odata=minimalmetadata;streaming=true;charset=utf-8
      date:
      - Tue, 21 Jul 2020 15:27:41 GMT
      etag:
      - W/"datetime'2020-07-21T15%3A27%3A41.3324139Z'"
      server:
      - Windows-Azure-Table/1.0 Microsoft-HTTPAPI/2.0
      transfer-encoding:
      - chunked
      x-content-type-options:
      - nosniff
      x-ms-version:
      - '2019-07-07'
    status:
      code: 200
      message: OK
- request:
    body: null
    headers:
      Accept:
      - '*/*'
      Accept-Encoding:
      - gzip, deflate
      Connection:
      - keep-alive
      Content-Length:
      - '0'
      Date:
      - Tue, 21 Jul 2020 15:27:42 GMT
      User-Agent:
      - azsdk-python-storage-table/2019-07-07 Python/3.8.3 (Windows-10-10.0.19041-SP0)
      x-ms-date:
      - Tue, 21 Jul 2020 15:27:42 GMT
      x-ms-version:
      - '2019-07-07'
    method: DELETE
    uri: https://storagename.table.core.windows.net/Tables('uttable7671d3c')
  response:
    body:
      string: ''
    headers:
      cache-control:
      - no-cache
      content-length:
      - '0'
      date:
      - Tue, 21 Jul 2020 15:27:41 GMT
      server:
      - Windows-Azure-Table/1.0 Microsoft-HTTPAPI/2.0
      x-content-type-options:
      - nosniff
      x-ms-version:
      - '2019-07-07'
    status:
      code: 204
      message: No Content
version: 1
