interactions:
- request:
    body: '{"TableName": "uttablea99a1781"}'
    headers:
      Accept:
      - application/json;odata=minimalmetadata
      Accept-Encoding:
      - gzip, deflate
      Connection:
      - keep-alive
      Content-Length:
      - '32'
      Content-Type:
      - application/json;odata=nometadata
      DataServiceVersion:
      - '3.0'
      Date:
      - Thu, 16 Jul 2020 15:25:13 GMT
      User-Agent:
      - azsdk-python-storage-table/2019-07-07 Python/3.8.3 (Windows-10-10.0.19041-SP0)
      x-ms-date:
      - Thu, 16 Jul 2020 15:25:13 GMT
      x-ms-version:
      - '2019-07-07'
    method: POST
    uri: https://storagename.table.core.windows.net/Tables
  response:
    body:
      string: '{"odata.metadata":"https://storagename.table.core.windows.net/$metadata#Tables/@Element","TableName":"uttablea99a1781"}'
    headers:
      cache-control:
      - no-cache
      content-type:
      - application/json;odata=minimalmetadata;streaming=true;charset=utf-8
      date:
      - Thu, 16 Jul 2020 15:25:12 GMT
      location:
      - https://storagename.table.core.windows.net/Tables('uttablea99a1781')
      server:
      - Windows-Azure-Table/1.0 Microsoft-HTTPAPI/2.0
      transfer-encoding:
      - chunked
      x-content-type-options:
      - nosniff
      x-ms-version:
      - '2019-07-07'
    status:
      code: 201
      message: Created
- request:
    body: '{"PartitionKey": "pka99a1781", "RowKey": "rka99a1781", "age": "39", "age@odata.type":
      "EdmType.INT64", "sex": "male", "married": true, "deceased": false, "ratio":
      3.1, "evenratio": 3.0, "large": "933311100", "large@odata.type": "EdmType.INT64",
      "Birthday": "1973-10-04T00:00:00Z", "Birthday@odata.type": "EdmType.DATETIME",
      "birthday": "1970-10-04T00:00:00Z", "birthday@odata.type": "EdmType.DATETIME",
      "binary": "YmluYXJ5", "binary@odata.type": "EdmType.BINARY", "other": 20, "clsid":
      "c9da6455-213d-42c9-9a79-3e9149a57833", "clsid@odata.type": "EdmType.GUID"}'
    headers:
      Accept:
      - application/json;odata=minimalmetadata
      Accept-Encoding:
      - gzip, deflate
      Connection:
      - keep-alive
      Content-Length:
      - '561'
      Content-Type:
      - application/json;odata=nometadata
      DataServiceVersion:
      - '3.0'
      Date:
      - Thu, 16 Jul 2020 15:25:14 GMT
      User-Agent:
      - azsdk-python-storage-table/2019-07-07 Python/3.8.3 (Windows-10-10.0.19041-SP0)
      x-ms-date:
      - Thu, 16 Jul 2020 15:25:14 GMT
      x-ms-version:
      - '2019-07-07'
    method: POST
    uri: https://storagename.table.core.windows.net/uttablea99a1781
  response:
    body:
      string: '{"odata.error":{"code":"InvalidInput","message":{"lang":"en-US","value":"An
        error occurred while processing this request.\nRequestId:035e444b-d002-0082-5485-5b4c52000000\nTime:2020-07-16T15:25:13.1507875Z"}}}'
    headers:
      content-type:
      - application/json;odata=minimalmetadata;streaming=true;charset=utf-8
      date:
      - Thu, 16 Jul 2020 15:25:12 GMT
      server:
      - Windows-Azure-Table/1.0 Microsoft-HTTPAPI/2.0
      transfer-encoding:
      - chunked
      x-content-type-options:
      - nosniff
      x-ms-version:
      - '2019-07-07'
    status:
      code: 400
      message: Bad Request
- request:
    body: null
    headers:
      Accept:
      - '*/*'
      Accept-Encoding:
      - gzip, deflate
      Connection:
      - keep-alive
      Content-Length:
      - '0'
      Date:
      - Thu, 16 Jul 2020 15:25:14 GMT
      User-Agent:
      - azsdk-python-storage-table/2019-07-07 Python/3.8.3 (Windows-10-10.0.19041-SP0)
      x-ms-date:
      - Thu, 16 Jul 2020 15:25:14 GMT
      x-ms-version:
      - '2019-07-07'
    method: DELETE
    uri: https://storagename.table.core.windows.net/Tables('uttablea99a1781')
  response:
    body:
      string: ''
    headers:
      cache-control:
      - no-cache
      content-length:
      - '0'
      date:
      - Thu, 16 Jul 2020 15:25:12 GMT
      server:
      - Windows-Azure-Table/1.0 Microsoft-HTTPAPI/2.0
      x-content-type-options:
      - nosniff
      x-ms-version:
      - '2019-07-07'
    status:
      code: 204
      message: No Content
version: 1
