interactions:
- request:
    body: '{"TableName": "uttable801016e8"}'
    headers:
      Accept:
      - application/json;odata=minimalmetadata
      Accept-Encoding:
      - gzip, deflate
      Connection:
      - keep-alive
      Content-Length:
      - '32'
      Content-Type:
      - application/json;odata=nometadata
      DataServiceVersion:
      - '3.0'
      Date:
      - Mon, 29 Jun 2020 17:16:46 GMT
      User-Agent:
      - azsdk-python-storage-table/2019-07-07 Python/3.8.3 (Windows-10-10.0.19041-SP0)
      x-ms-date:
      - Mon, 29 Jun 2020 17:16:46 GMT
      x-ms-version:
      - '2019-07-07'
    method: POST
    uri: https://storagename.table.core.windows.net/Tables
  response:
    body:
      string: '{"odata.metadata":"https://storagename.table.core.windows.net/$metadata#Tables/@Element","TableName":"uttable801016e8"}'
    headers:
      cache-control:
      - no-cache
      content-type:
      - application/json;odata=minimalmetadata;streaming=true;charset=utf-8
      date:
      - Mon, 29 Jun 2020 17:16:47 GMT
      location:
      - https://storagename.table.core.windows.net/Tables('uttable801016e8')
      server:
      - Windows-Azure-Table/1.0 Microsoft-HTTPAPI/2.0
      transfer-encoding:
      - chunked
      x-content-type-options:
      - nosniff
      x-ms-version:
      - '2019-07-07'
    status:
      code: 201
      message: Created
- request:
    body: '{"TableName": "querytable801016e8"}'
    headers:
      Accept:
      - application/json;odata=minimalmetadata
      Accept-Encoding:
      - gzip, deflate
      Connection:
      - keep-alive
      Content-Length:
      - '35'
      Content-Type:
      - application/json;odata=nometadata
      DataServiceVersion:
      - '3.0'
      Date:
      - Mon, 29 Jun 2020 17:16:47 GMT
      User-Agent:
      - azsdk-python-storage-table/2019-07-07 Python/3.8.3 (Windows-10-10.0.19041-SP0)
      x-ms-date:
      - Mon, 29 Jun 2020 17:16:47 GMT
      x-ms-version:
      - '2019-07-07'
    method: POST
    uri: https://storagename.table.core.windows.net/Tables
  response:
    body:
      string: '{"odata.metadata":"https://storagename.table.core.windows.net/$metadata#Tables/@Element","TableName":"querytable801016e8"}'
    headers:
      cache-control:
      - no-cache
      content-type:
      - application/json;odata=minimalmetadata;streaming=true;charset=utf-8
      date:
      - Mon, 29 Jun 2020 17:16:47 GMT
      location:
      - https://storagename.table.core.windows.net/Tables('querytable801016e8')
      server:
      - Windows-Azure-Table/1.0 Microsoft-HTTPAPI/2.0
      transfer-encoding:
      - chunked
      x-content-type-options:
      - nosniff
      x-ms-version:
      - '2019-07-07'
    status:
      code: 201
      message: Created
- request:
    body: '{"PartitionKey": "pk801016e8", "RowKey": "rk801016e81", "age": "39", "age@odata.type":
      "Edm.Int64", "sex": "male", "married": true, "deceased": false, "optional":
      null, "ratio": 3.1, "evenratio": 3.0, "large": "933311100", "large@odata.type":
      "Edm.Int64", "Birthday": "1973-10-04T00:00:00Z", "Birthday@odata.type": "Edm.DateTime",
      "birthday": "1970-10-04T00:00:00Z", "birthday@odata.type": "Edm.DateTime", "binary":
      "YmluYXJ5", "binary@odata.type": "Edm.Binary", "other": 20, "clsid": "c9da6455-213d-42c9-9a79-3e9149a57833",
      "clsid@odata.type": "Edm.Guid"}'
    headers:
      Accept:
      - application/json;odata=minimalmetadata
      Accept-Encoding:
      - gzip, deflate
      Connection:
      - keep-alive
      Content-Length:
      - '556'
      Content-Type:
      - application/json;odata=nometadata
      DataServiceVersion:
      - '3.0'
      Date:
      - Mon, 29 Jun 2020 17:16:47 GMT
      User-Agent:
      - azsdk-python-storage-table/2019-07-07 Python/3.8.3 (Windows-10-10.0.19041-SP0)
      x-ms-date:
      - Mon, 29 Jun 2020 17:16:47 GMT
      x-ms-version:
      - '2019-07-07'
    method: POST
    uri: https://storagename.table.core.windows.net/querytable801016e8
  response:
    body:
      string: '{"odata.metadata":"https://storagename.table.core.windows.net/$metadata#querytable801016e8/@Element","odata.etag":"W/\"datetime''2020-06-29T17%3A16%3A47.4551988Z''\"","PartitionKey":"pk801016e8","RowKey":"rk801016e81","Timestamp":"2020-06-29T17:16:47.4551988Z","age@odata.type":"Edm.Int64","age":"39","sex":"male","married":true,"deceased":false,"ratio":3.1,"evenratio":3.0,"large@odata.type":"Edm.Int64","large":"933311100","Birthday@odata.type":"Edm.DateTime","Birthday":"1973-10-04T00:00:00Z","birthday@odata.type":"Edm.DateTime","birthday":"1970-10-04T00:00:00Z","binary@odata.type":"Edm.Binary","binary":"YmluYXJ5","other":20,"clsid@odata.type":"Edm.Guid","clsid":"c9da6455-213d-42c9-9a79-3e9149a57833"}'
    headers:
      cache-control:
      - no-cache
      content-type:
      - application/json;odata=minimalmetadata;streaming=true;charset=utf-8
      date:
      - Mon, 29 Jun 2020 17:16:47 GMT
      etag:
      - W/"datetime'2020-06-29T17%3A16%3A47.4551988Z'"
      location:
      - https://storagename.table.core.windows.net/querytable801016e8(PartitionKey='pk801016e8',RowKey='rk801016e81')
      server:
      - Windows-Azure-Table/1.0 Microsoft-HTTPAPI/2.0
      transfer-encoding:
      - chunked
      x-content-type-options:
      - nosniff
      x-ms-version:
      - '2019-07-07'
    status:
      code: 201
      message: Created
- request:
    body: '{"PartitionKey": "pk801016e8", "RowKey": "rk801016e812", "age": "39", "age@odata.type":
      "Edm.Int64", "sex": "male", "married": true, "deceased": false, "optional":
      null, "ratio": 3.1, "evenratio": 3.0, "large": "933311100", "large@odata.type":
      "Edm.Int64", "Birthday": "1973-10-04T00:00:00Z", "Birthday@odata.type": "Edm.DateTime",
      "birthday": "1970-10-04T00:00:00Z", "birthday@odata.type": "Edm.DateTime", "binary":
      "YmluYXJ5", "binary@odata.type": "Edm.Binary", "other": 20, "clsid": "c9da6455-213d-42c9-9a79-3e9149a57833",
      "clsid@odata.type": "Edm.Guid"}'
    headers:
      Accept:
      - application/json;odata=minimalmetadata
      Accept-Encoding:
      - gzip, deflate
      Connection:
      - keep-alive
      Content-Length:
      - '557'
      Content-Type:
      - application/json;odata=nometadata
      DataServiceVersion:
      - '3.0'
      Date:
      - Mon, 29 Jun 2020 17:16:47 GMT
      User-Agent:
      - azsdk-python-storage-table/2019-07-07 Python/3.8.3 (Windows-10-10.0.19041-SP0)
      x-ms-date:
      - Mon, 29 Jun 2020 17:16:47 GMT
      x-ms-version:
      - '2019-07-07'
    method: POST
    uri: https://storagename.table.core.windows.net/querytable801016e8
  response:
    body:
      string: '{"odata.metadata":"https://storagename.table.core.windows.net/$metadata#querytable801016e8/@Element","odata.etag":"W/\"datetime''2020-06-29T17%3A16%3A47.5492651Z''\"","PartitionKey":"pk801016e8","RowKey":"rk801016e812","Timestamp":"2020-06-29T17:16:47.5492651Z","age@odata.type":"Edm.Int64","age":"39","sex":"male","married":true,"deceased":false,"ratio":3.1,"evenratio":3.0,"large@odata.type":"Edm.Int64","large":"933311100","Birthday@odata.type":"Edm.DateTime","Birthday":"1973-10-04T00:00:00Z","birthday@odata.type":"Edm.DateTime","birthday":"1970-10-04T00:00:00Z","binary@odata.type":"Edm.Binary","binary":"YmluYXJ5","other":20,"clsid@odata.type":"Edm.Guid","clsid":"c9da6455-213d-42c9-9a79-3e9149a57833"}'
    headers:
      cache-control:
      - no-cache
      content-type:
      - application/json;odata=minimalmetadata;streaming=true;charset=utf-8
      date:
      - Mon, 29 Jun 2020 17:16:47 GMT
      etag:
      - W/"datetime'2020-06-29T17%3A16%3A47.5492651Z'"
      location:
      - https://storagename.table.core.windows.net/querytable801016e8(PartitionKey='pk801016e8',RowKey='rk801016e812')
      server:
      - Windows-Azure-Table/1.0 Microsoft-HTTPAPI/2.0
      transfer-encoding:
      - chunked
      x-content-type-options:
      - nosniff
      x-ms-version:
      - '2019-07-07'
    status:
      code: 201
      message: Created
- request:
    body: '{"PartitionKey": "pk801016e8", "RowKey": "rk801016e8123", "age": "39",
      "age@odata.type": "Edm.Int64", "sex": "male", "married": true, "deceased": false,
      "optional": null, "ratio": 3.1, "evenratio": 3.0, "large": "933311100", "large@odata.type":
      "Edm.Int64", "Birthday": "1973-10-04T00:00:00Z", "Birthday@odata.type": "Edm.DateTime",
      "birthday": "1970-10-04T00:00:00Z", "birthday@odata.type": "Edm.DateTime", "binary":
      "YmluYXJ5", "binary@odata.type": "Edm.Binary", "other": 20, "clsid": "c9da6455-213d-42c9-9a79-3e9149a57833",
      "clsid@odata.type": "Edm.Guid"}'
    headers:
      Accept:
      - application/json;odata=minimalmetadata
      Accept-Encoding:
      - gzip, deflate
      Connection:
      - keep-alive
      Content-Length:
      - '558'
      Content-Type:
      - application/json;odata=nometadata
      DataServiceVersion:
      - '3.0'
      Date:
      - Mon, 29 Jun 2020 17:16:47 GMT
      User-Agent:
      - azsdk-python-storage-table/2019-07-07 Python/3.8.3 (Windows-10-10.0.19041-SP0)
      x-ms-date:
      - Mon, 29 Jun 2020 17:16:47 GMT
      x-ms-version:
      - '2019-07-07'
    method: POST
    uri: https://storagename.table.core.windows.net/querytable801016e8
  response:
    body:
      string: '{"odata.metadata":"https://storagename.table.core.windows.net/$metadata#querytable801016e8/@Element","odata.etag":"W/\"datetime''2020-06-29T17%3A16%3A47.6293215Z''\"","PartitionKey":"pk801016e8","RowKey":"rk801016e8123","Timestamp":"2020-06-29T17:16:47.6293215Z","age@odata.type":"Edm.Int64","age":"39","sex":"male","married":true,"deceased":false,"ratio":3.1,"evenratio":3.0,"large@odata.type":"Edm.Int64","large":"933311100","Birthday@odata.type":"Edm.DateTime","Birthday":"1973-10-04T00:00:00Z","birthday@odata.type":"Edm.DateTime","birthday":"1970-10-04T00:00:00Z","binary@odata.type":"Edm.Binary","binary":"YmluYXJ5","other":20,"clsid@odata.type":"Edm.Guid","clsid":"c9da6455-213d-42c9-9a79-3e9149a57833"}'
    headers:
      cache-control:
      - no-cache
      content-type:
      - application/json;odata=minimalmetadata;streaming=true;charset=utf-8
      date:
      - Mon, 29 Jun 2020 17:16:47 GMT
      etag:
      - W/"datetime'2020-06-29T17%3A16%3A47.6293215Z'"
      location:
      - https://storagename.table.core.windows.net/querytable801016e8(PartitionKey='pk801016e8',RowKey='rk801016e8123')
      server:
      - Windows-Azure-Table/1.0 Microsoft-HTTPAPI/2.0
      transfer-encoding:
      - chunked
      x-content-type-options:
      - nosniff
      x-ms-version:
      - '2019-07-07'
    status:
      code: 201
      message: Created
- request:
    body: '{"PartitionKey": "pk801016e8", "RowKey": "rk801016e81234", "age": "39",
      "age@odata.type": "Edm.Int64", "sex": "male", "married": true, "deceased": false,
      "optional": null, "ratio": 3.1, "evenratio": 3.0, "large": "933311100", "large@odata.type":
      "Edm.Int64", "Birthday": "1973-10-04T00:00:00Z", "Birthday@odata.type": "Edm.DateTime",
      "birthday": "1970-10-04T00:00:00Z", "birthday@odata.type": "Edm.DateTime", "binary":
      "YmluYXJ5", "binary@odata.type": "Edm.Binary", "other": 20, "clsid": "c9da6455-213d-42c9-9a79-3e9149a57833",
      "clsid@odata.type": "Edm.Guid"}'
    headers:
      Accept:
      - application/json;odata=minimalmetadata
      Accept-Encoding:
      - gzip, deflate
      Connection:
      - keep-alive
      Content-Length:
      - '559'
      Content-Type:
      - application/json;odata=nometadata
      DataServiceVersion:
      - '3.0'
      Date:
      - Mon, 29 Jun 2020 17:16:47 GMT
      User-Agent:
      - azsdk-python-storage-table/2019-07-07 Python/3.8.3 (Windows-10-10.0.19041-SP0)
      x-ms-date:
      - Mon, 29 Jun 2020 17:16:47 GMT
      x-ms-version:
      - '2019-07-07'
    method: POST
    uri: https://storagename.table.core.windows.net/querytable801016e8
  response:
    body:
      string: '{"odata.metadata":"https://storagename.table.core.windows.net/$metadata#querytable801016e8/@Element","odata.etag":"W/\"datetime''2020-06-29T17%3A16%3A47.718384Z''\"","PartitionKey":"pk801016e8","RowKey":"rk801016e81234","Timestamp":"2020-06-29T17:16:47.718384Z","age@odata.type":"Edm.Int64","age":"39","sex":"male","married":true,"deceased":false,"ratio":3.1,"evenratio":3.0,"large@odata.type":"Edm.Int64","large":"933311100","Birthday@odata.type":"Edm.DateTime","Birthday":"1973-10-04T00:00:00Z","birthday@odata.type":"Edm.DateTime","birthday":"1970-10-04T00:00:00Z","binary@odata.type":"Edm.Binary","binary":"YmluYXJ5","other":20,"clsid@odata.type":"Edm.Guid","clsid":"c9da6455-213d-42c9-9a79-3e9149a57833"}'
    headers:
      cache-control:
      - no-cache
      content-type:
      - application/json;odata=minimalmetadata;streaming=true;charset=utf-8
      date:
      - Mon, 29 Jun 2020 17:16:47 GMT
      etag:
      - W/"datetime'2020-06-29T17%3A16%3A47.718384Z'"
      location:
      - https://storagename.table.core.windows.net/querytable801016e8(PartitionKey='pk801016e8',RowKey='rk801016e81234')
      server:
      - Windows-Azure-Table/1.0 Microsoft-HTTPAPI/2.0
      transfer-encoding:
      - chunked
      x-content-type-options:
      - nosniff
      x-ms-version:
      - '2019-07-07'
    status:
      code: 201
      message: Created
- request:
    body: '{"PartitionKey": "pk801016e8", "RowKey": "rk801016e812345", "age": "39",
      "age@odata.type": "Edm.Int64", "sex": "male", "married": true, "deceased": false,
      "optional": null, "ratio": 3.1, "evenratio": 3.0, "large": "933311100", "large@odata.type":
      "Edm.Int64", "Birthday": "1973-10-04T00:00:00Z", "Birthday@odata.type": "Edm.DateTime",
      "birthday": "1970-10-04T00:00:00Z", "birthday@odata.type": "Edm.DateTime", "binary":
      "YmluYXJ5", "binary@odata.type": "Edm.Binary", "other": 20, "clsid": "c9da6455-213d-42c9-9a79-3e9149a57833",
      "clsid@odata.type": "Edm.Guid"}'
    headers:
      Accept:
      - application/json;odata=minimalmetadata
      Accept-Encoding:
      - gzip, deflate
      Connection:
      - keep-alive
      Content-Length:
      - '560'
      Content-Type:
      - application/json;odata=nometadata
      DataServiceVersion:
      - '3.0'
      Date:
      - Mon, 29 Jun 2020 17:16:47 GMT
      User-Agent:
      - azsdk-python-storage-table/2019-07-07 Python/3.8.3 (Windows-10-10.0.19041-SP0)
      x-ms-date:
      - Mon, 29 Jun 2020 17:16:47 GMT
      x-ms-version:
      - '2019-07-07'
    method: POST
    uri: https://storagename.table.core.windows.net/querytable801016e8
  response:
    body:
      string: '{"odata.metadata":"https://storagename.table.core.windows.net/$metadata#querytable801016e8/@Element","odata.etag":"W/\"datetime''2020-06-29T17%3A16%3A47.8044447Z''\"","PartitionKey":"pk801016e8","RowKey":"rk801016e812345","Timestamp":"2020-06-29T17:16:47.8044447Z","age@odata.type":"Edm.Int64","age":"39","sex":"male","married":true,"deceased":false,"ratio":3.1,"evenratio":3.0,"large@odata.type":"Edm.Int64","large":"933311100","Birthday@odata.type":"Edm.DateTime","Birthday":"1973-10-04T00:00:00Z","birthday@odata.type":"Edm.DateTime","birthday":"1970-10-04T00:00:00Z","binary@odata.type":"Edm.Binary","binary":"YmluYXJ5","other":20,"clsid@odata.type":"Edm.Guid","clsid":"c9da6455-213d-42c9-9a79-3e9149a57833"}'
    headers:
      cache-control:
      - no-cache
      content-type:
      - application/json;odata=minimalmetadata;streaming=true;charset=utf-8
      date:
      - Mon, 29 Jun 2020 17:16:47 GMT
      etag:
      - W/"datetime'2020-06-29T17%3A16%3A47.8044447Z'"
      location:
      - https://storagename.table.core.windows.net/querytable801016e8(PartitionKey='pk801016e8',RowKey='rk801016e812345')
      server:
      - Windows-Azure-Table/1.0 Microsoft-HTTPAPI/2.0
      transfer-encoding:
      - chunked
      x-content-type-options:
      - nosniff
      x-ms-version:
      - '2019-07-07'
    status:
      code: 201
      message: Created
- request:
    body: null
    headers:
      Accept:
      - application/json;odata=minimalmetadata
      Accept-Encoding:
      - gzip, deflate
      Connection:
      - keep-alive
      DataServiceVersion:
      - '3.0'
      Date:
      - Mon, 29 Jun 2020 17:16:47 GMT
      User-Agent:
      - azsdk-python-storage-table/2019-07-07 Python/3.8.3 (Windows-10-10.0.19041-SP0)
      x-ms-date:
      - Mon, 29 Jun 2020 17:16:47 GMT
      x-ms-version:
      - '2019-07-07'
    method: GET
    uri: https://storagename.table.core.windows.net/querytable801016e8()?$top=2
  response:
    body:
      string: '{"odata.metadata":"https://storagename.table.core.windows.net/$metadata#querytable801016e8","value":[{"odata.etag":"W/\"datetime''2020-06-29T17%3A16%3A47.4551988Z''\"","PartitionKey":"pk801016e8","RowKey":"rk801016e81","Timestamp":"2020-06-29T17:16:47.4551988Z","age@odata.type":"Edm.Int64","age":"39","sex":"male","married":true,"deceased":false,"ratio":3.1,"evenratio":3.0,"large@odata.type":"Edm.Int64","large":"933311100","Birthday@odata.type":"Edm.DateTime","Birthday":"1973-10-04T00:00:00Z","birthday@odata.type":"Edm.DateTime","birthday":"1970-10-04T00:00:00Z","binary@odata.type":"Edm.Binary","binary":"YmluYXJ5","other":20,"clsid@odata.type":"Edm.Guid","clsid":"c9da6455-213d-42c9-9a79-3e9149a57833"},{"odata.etag":"W/\"datetime''2020-06-29T17%3A16%3A47.5492651Z''\"","PartitionKey":"pk801016e8","RowKey":"rk801016e812","Timestamp":"2020-06-29T17:16:47.5492651Z","age@odata.type":"Edm.Int64","age":"39","sex":"male","married":true,"deceased":false,"ratio":3.1,"evenratio":3.0,"large@odata.type":"Edm.Int64","large":"933311100","Birthday@odata.type":"Edm.DateTime","Birthday":"1973-10-04T00:00:00Z","birthday@odata.type":"Edm.DateTime","birthday":"1970-10-04T00:00:00Z","binary@odata.type":"Edm.Binary","binary":"YmluYXJ5","other":20,"clsid@odata.type":"Edm.Guid","clsid":"c9da6455-213d-42c9-9a79-3e9149a57833"}]}'
    headers:
      cache-control:
      - no-cache
      content-type:
      - application/json;odata=minimalmetadata;streaming=true;charset=utf-8
      date:
      - Mon, 29 Jun 2020 17:16:47 GMT
      server:
      - Windows-Azure-Table/1.0 Microsoft-HTTPAPI/2.0
      transfer-encoding:
      - chunked
      x-content-type-options:
      - nosniff
      x-ms-continuation-nextpartitionkey:
      - 1!16!cGs4MDEwMTZlOA--
      x-ms-continuation-nextrowkey:
      - 1!20!cms4MDEwMTZlODEyMw--
      x-ms-version:
      - '2019-07-07'
    status:
      code: 200
      message: OK
- request:
    body: null
    headers:
      Accept:
      - application/json;odata=minimalmetadata
      Accept-Encoding:
      - gzip, deflate
      Connection:
      - keep-alive
      DataServiceVersion:
      - '3.0'
      Date:
      - Mon, 29 Jun 2020 17:16:47 GMT
      User-Agent:
      - azsdk-python-storage-table/2019-07-07 Python/3.8.3 (Windows-10-10.0.19041-SP0)
      x-ms-date:
      - Mon, 29 Jun 2020 17:16:47 GMT
      x-ms-version:
      - '2019-07-07'
    method: GET
    uri: https://storagename.table.core.windows.net/querytable801016e8()?$top=2&NextPartitionKey=1%2116%21cGs4MDEwMTZlOA--&NextRowKey=1%2120%21cms4MDEwMTZlODEyMw--
  response:
    body:
      string: '{"odata.metadata":"https://storagename.table.core.windows.net/$metadata#querytable801016e8","value":[{"odata.etag":"W/\"datetime''2020-06-29T17%3A16%3A47.6293215Z''\"","PartitionKey":"pk801016e8","RowKey":"rk801016e8123","Timestamp":"2020-06-29T17:16:47.6293215Z","age@odata.type":"Edm.Int64","age":"39","sex":"male","married":true,"deceased":false,"ratio":3.1,"evenratio":3.0,"large@odata.type":"Edm.Int64","large":"933311100","Birthday@odata.type":"Edm.DateTime","Birthday":"1973-10-04T00:00:00Z","birthday@odata.type":"Edm.DateTime","birthday":"1970-10-04T00:00:00Z","binary@odata.type":"Edm.Binary","binary":"YmluYXJ5","other":20,"clsid@odata.type":"Edm.Guid","clsid":"c9da6455-213d-42c9-9a79-3e9149a57833"},{"odata.etag":"W/\"datetime''2020-06-29T17%3A16%3A47.718384Z''\"","PartitionKey":"pk801016e8","RowKey":"rk801016e81234","Timestamp":"2020-06-29T17:16:47.718384Z","age@odata.type":"Edm.Int64","age":"39","sex":"male","married":true,"deceased":false,"ratio":3.1,"evenratio":3.0,"large@odata.type":"Edm.Int64","large":"933311100","Birthday@odata.type":"Edm.DateTime","Birthday":"1973-10-04T00:00:00Z","birthday@odata.type":"Edm.DateTime","birthday":"1970-10-04T00:00:00Z","binary@odata.type":"Edm.Binary","binary":"YmluYXJ5","other":20,"clsid@odata.type":"Edm.Guid","clsid":"c9da6455-213d-42c9-9a79-3e9149a57833"}]}'
    headers:
      cache-control:
      - no-cache
      content-type:
      - application/json;odata=minimalmetadata;streaming=true;charset=utf-8
      date:
      - Mon, 29 Jun 2020 17:16:47 GMT
      server:
      - Windows-Azure-Table/1.0 Microsoft-HTTPAPI/2.0
      transfer-encoding:
      - chunked
      x-content-type-options:
      - nosniff
      x-ms-continuation-nextpartitionkey:
      - 1!16!cGs4MDEwMTZlOA--
      x-ms-continuation-nextrowkey:
      - 1!20!cms4MDEwMTZlODEyMzQ1
      x-ms-version:
      - '2019-07-07'
    status:
      code: 200
      message: OK
- request:
    body: null
    headers:
      Accept:
      - application/json;odata=minimalmetadata
      Accept-Encoding:
      - gzip, deflate
      Connection:
      - keep-alive
      DataServiceVersion:
      - '3.0'
      Date:
      - Mon, 29 Jun 2020 17:16:47 GMT
      User-Agent:
      - azsdk-python-storage-table/2019-07-07 Python/3.8.3 (Windows-10-10.0.19041-SP0)
      x-ms-date:
      - Mon, 29 Jun 2020 17:16:47 GMT
      x-ms-version:
      - '2019-07-07'
    method: GET
    uri: https://storagename.table.core.windows.net/querytable801016e8()?$top=2&NextPartitionKey=1%2116%21cGs4MDEwMTZlOA--&NextRowKey=1%2120%21cms4MDEwMTZlODEyMzQ1
  response:
    body:
      string: '{"odata.metadata":"https://storagename.table.core.windows.net/$metadata#querytable801016e8","value":[{"odata.etag":"W/\"datetime''2020-06-29T17%3A16%3A47.8044447Z''\"","PartitionKey":"pk801016e8","RowKey":"rk801016e812345","Timestamp":"2020-06-29T17:16:47.8044447Z","age@odata.type":"Edm.Int64","age":"39","sex":"male","married":true,"deceased":false,"ratio":3.1,"evenratio":3.0,"large@odata.type":"Edm.Int64","large":"933311100","Birthday@odata.type":"Edm.DateTime","Birthday":"1973-10-04T00:00:00Z","birthday@odata.type":"Edm.DateTime","birthday":"1970-10-04T00:00:00Z","binary@odata.type":"Edm.Binary","binary":"YmluYXJ5","other":20,"clsid@odata.type":"Edm.Guid","clsid":"c9da6455-213d-42c9-9a79-3e9149a57833"}]}'
    headers:
      cache-control:
      - no-cache
      content-type:
      - application/json;odata=minimalmetadata;streaming=true;charset=utf-8
      date:
      - Mon, 29 Jun 2020 17:16:47 GMT
      server:
      - Windows-Azure-Table/1.0 Microsoft-HTTPAPI/2.0
      transfer-encoding:
      - chunked
      x-content-type-options:
      - nosniff
      x-ms-version:
      - '2019-07-07'
    status:
      code: 200
      message: OK
- request:
    body: null
    headers:
      Accept:
      - '*/*'
      Accept-Encoding:
      - gzip, deflate
      Connection:
      - keep-alive
      Content-Length:
      - '0'
      Date:
      - Mon, 29 Jun 2020 17:16:48 GMT
      User-Agent:
      - azsdk-python-storage-table/2019-07-07 Python/3.8.3 (Windows-10-10.0.19041-SP0)
      x-ms-date:
      - Mon, 29 Jun 2020 17:16:48 GMT
      x-ms-version:
      - '2019-07-07'
    method: DELETE
    uri: https://storagename.table.core.windows.net/Tables('uttable801016e8')
  response:
    body:
      string: ''
    headers:
      cache-control:
      - no-cache
      content-length:
      - '0'
      date:
      - Mon, 29 Jun 2020 17:16:47 GMT
      server:
      - Windows-Azure-Table/1.0 Microsoft-HTTPAPI/2.0
      x-content-type-options:
      - nosniff
      x-ms-version:
      - '2019-07-07'
    status:
      code: 204
      message: No Content
- request:
    body: null
    headers:
      Accept:
      - '*/*'
      Accept-Encoding:
      - gzip, deflate
      Connection:
      - keep-alive
      Content-Length:
      - '0'
      Date:
      - Mon, 29 Jun 2020 17:16:48 GMT
      User-Agent:
      - azsdk-python-storage-table/2019-07-07 Python/3.8.3 (Windows-10-10.0.19041-SP0)
      x-ms-date:
      - Mon, 29 Jun 2020 17:16:48 GMT
      x-ms-version:
      - '2019-07-07'
    method: DELETE
    uri: https://storagename.table.core.windows.net/Tables('querytable801016e8')
  response:
    body:
      string: ''
    headers:
      cache-control:
      - no-cache
      content-length:
      - '0'
      date:
      - Mon, 29 Jun 2020 17:16:47 GMT
      server:
      - Windows-Azure-Table/1.0 Microsoft-HTTPAPI/2.0
      x-content-type-options:
      - nosniff
      x-ms-version:
      - '2019-07-07'
    status:
      code: 204
      message: No Content
version: 1
