interactions:
- request:
    body: '{"TableName": "uttablec79a183d"}'
    headers:
      Accept:
      - application/json;odata=minimalmetadata
      Content-Length:
      - '32'
      Content-Type:
      - application/json;odata=nometadata
      DataServiceVersion:
      - '3.0'
      Date:
      - Thu, 02 Jul 2020 17:49:11 GMT
      User-Agent:
      - azsdk-python-storage-table/2019-07-07 Python/3.8.3 (Windows-10-10.0.19041-SP0)
      x-ms-date:
      - Thu, 02 Jul 2020 17:49:11 GMT
      x-ms-version:
      - '2019-07-07'
    method: POST
    uri: https://storagename.table.core.windows.net/Tables
  response:
    body:
      string: '{"odata.metadata":"https://storagename.table.core.windows.net/$metadata#Tables/@Element","TableName":"uttablec79a183d"}'
    headers:
      cache-control: no-cache
      content-type: application/json;odata=minimalmetadata;streaming=true;charset=utf-8
      date: Thu, 02 Jul 2020 17:49:08 GMT
      location: https://storagename.table.core.windows.net/Tables('uttablec79a183d')
      server: Windows-Azure-Table/1.0 Microsoft-HTTPAPI/2.0
      transfer-encoding: chunked
      x-content-type-options: nosniff
      x-ms-version: '2019-07-07'
    status:
      code: 201
      message: Created
    url: https://pyacrstoragedvrm5jjbskal.table.core.windows.net/Tables
- request:
    body: '{"RowKey": "rk", "PartitionKey": ""}'
    headers:
      Accept:
      - application/json;odata=minimalmetadata
      Content-Length:
      - '36'
      Content-Type:
      - application/json;odata=nometadata
      DataServiceVersion:
      - '3.0'
      Date:
      - Thu, 02 Jul 2020 17:49:11 GMT
      User-Agent:
      - azsdk-python-storage-table/2019-07-07 Python/3.8.3 (Windows-10-10.0.19041-SP0)
      x-ms-date:
      - Thu, 02 Jul 2020 17:49:11 GMT
      x-ms-version:
      - '2019-07-07'
    method: POST
    uri: https://storagename.table.core.windows.net/uttablec79a183d
  response:
    body:
      string: '{"odata.metadata":"https://storagename.table.core.windows.net/$metadata#uttablec79a183d/@Element","odata.etag":"W/\"datetime''2020-07-02T17%3A49%3A08.7223246Z''\"","PartitionKey":"","RowKey":"rk","Timestamp":"2020-07-02T17:49:08.7223246Z"}'
    headers:
      cache-control: no-cache
      content-type: application/json;odata=minimalmetadata;streaming=true;charset=utf-8
      date: Thu, 02 Jul 2020 17:49:08 GMT
      etag: W/"datetime'2020-07-02T17%3A49%3A08.7223246Z'"
      location: https://storagename.table.core.windows.net/uttablec79a183d(PartitionKey='',RowKey='rk')
      server: Windows-Azure-Table/1.0 Microsoft-HTTPAPI/2.0
      transfer-encoding: chunked
      x-content-type-options: nosniff
      x-ms-version: '2019-07-07'
    status:
      code: 201
      message: Created
    url: https://pyacrstoragedvrm5jjbskal.table.core.windows.net/uttablec79a183d
- request:
    body: null
    headers:
      Date:
      - Thu, 02 Jul 2020 17:49:11 GMT
      User-Agent:
      - azsdk-python-storage-table/2019-07-07 Python/3.8.3 (Windows-10-10.0.19041-SP0)
      x-ms-date:
      - Thu, 02 Jul 2020 17:49:11 GMT
      x-ms-version:
      - '2019-07-07'
    method: DELETE
    uri: https://storagename.table.core.windows.net/Tables('uttablec79a183d')
  response:
    body:
      string: ''
    headers:
      cache-control: no-cache
      content-length: '0'
      date: Thu, 02 Jul 2020 17:49:08 GMT
      server: Windows-Azure-Table/1.0 Microsoft-HTTPAPI/2.0
      x-content-type-options: nosniff
      x-ms-version: '2019-07-07'
    status:
      code: 204
      message: No Content
    url: https://pyacrstoragedvrm5jjbskal.table.core.windows.net/Tables('uttablec79a183d')
version: 1
