interactions:
- request:
    body: '{"TableName": "uttablefb67146a"}'
    headers:
      Accept:
      - application/json;odata=minimalmetadata
      Accept-Encoding:
      - gzip, deflate
      Connection:
      - keep-alive
      Content-Length:
      - '32'
      Content-Type:
      - application/json;odata=nometadata
      DataServiceVersion:
      - '3.0'
      Date:
      - Tue, 30 Jun 2020 17:36:07 GMT
      User-Agent:
      - azsdk-python-storage-table/2019-07-07 Python/3.8.3 (Windows-10-10.0.19041-SP0)
      x-ms-date:
      - Tue, 30 Jun 2020 17:36:07 GMT
      x-ms-version:
      - '2019-07-07'
    method: POST
    uri: https://storagename.table.core.windows.net/Tables
  response:
    body:
      string: '{"odata.metadata":"https://storagename.table.core.windows.net/$metadata#Tables/@Element","TableName":"uttablefb67146a"}'
    headers:
      cache-control:
      - no-cache
      content-type:
      - application/json;odata=minimalmetadata;streaming=true;charset=utf-8
      date:
      - Tue, 30 Jun 2020 17:36:07 GMT
      location:
      - https://storagename.table.core.windows.net/Tables('uttablefb67146a')
      server:
      - Windows-Azure-Table/1.0 Microsoft-HTTPAPI/2.0
      transfer-encoding:
      - chunked
      x-content-type-options:
      - nosniff
      x-ms-version:
      - '2019-07-07'
    status:
      code: 201
      message: Created
- request:
    body: '{"PartitionKey": "pkfb67146a", "RowKey": "rkfb67146a", "age": "abc", "sex":
      "female", "sign": "aquarius", "birthday": "1991-10-04T00:00:00Z", "birthday@odata.type":
      "Edm.DateTime"}'
    headers:
      Accept:
      - '*/*'
      Accept-Encoding:
      - gzip, deflate
      Connection:
      - keep-alive
      Content-Length:
      - '180'
      Content-Type:
      - application/json
      DataServiceVersion:
      - '3.0'
      Date:
      - Tue, 30 Jun 2020 17:36:08 GMT
      If-Match:
      - '*'
      User-Agent:
      - azsdk-python-storage-table/2019-07-07 Python/3.8.3 (Windows-10-10.0.19041-SP0)
      x-ms-date:
      - Tue, 30 Jun 2020 17:36:08 GMT
      x-ms-version:
      - '2019-07-07'
    method: PUT
    uri: https://storagename.table.core.windows.net/uttablefb67146a(PartitionKey='pkfb67146a',RowKey='rkfb67146a')
  response:
    body:
      string: '<?xml version="1.0" encoding="utf-8"?><error xmlns="http://schemas.microsoft.com/ado/2007/08/dataservices/metadata"><code>ResourceNotFound</code><message
        xml:lang="en-US">The specified resource does not exist.

        RequestId:29b92a1e-3002-0005-4c04-4f5d86000000

        Time:2020-06-30T17:36:07.7086553Z</message></error>'
    headers:
      cache-control:
      - no-cache
      content-type:
      - application/xml;charset=utf-8
      date:
      - Tue, 30 Jun 2020 17:36:07 GMT
      server:
      - Windows-Azure-Table/1.0 Microsoft-HTTPAPI/2.0
      transfer-encoding:
      - chunked
      x-content-type-options:
      - nosniff
      x-ms-version:
      - '2019-07-07'
    status:
      code: 404
      message: Not Found
- request:
    body: null
    headers:
      Accept:
      - '*/*'
      Accept-Encoding:
      - gzip, deflate
      Connection:
      - keep-alive
      Content-Length:
      - '0'
      Date:
      - Tue, 30 Jun 2020 17:36:08 GMT
      User-Agent:
      - azsdk-python-storage-table/2019-07-07 Python/3.8.3 (Windows-10-10.0.19041-SP0)
      x-ms-date:
      - Tue, 30 Jun 2020 17:36:08 GMT
      x-ms-version:
      - '2019-07-07'
    method: DELETE
    uri: https://storagename.table.core.windows.net/Tables('uttablefb67146a')
  response:
    body:
      string: ''
    headers:
      cache-control:
      - no-cache
      content-length:
      - '0'
      date:
      - Tue, 30 Jun 2020 17:36:07 GMT
      server:
      - Windows-Azure-Table/1.0 Microsoft-HTTPAPI/2.0
      x-content-type-options:
      - nosniff
      x-ms-version:
      - '2019-07-07'
    status:
      code: 204
      message: No Content
version: 1
