{
  "Entries": [
    {
      "RequestUri": "https://fakeendpoint.cognitiveservices.azure.com/metricsadvisor/v1.0/credentials",
      "RequestMethod": "POST",
      "RequestHeaders": {
        "Accept": "application/json",
        "Accept-Encoding": "gzip, deflate",
        "Content-Length": "255",
        "Content-Type": "application/json",
        "User-Agent": "azsdk-python-ai-metricsadvisor/1.1.0 Python/3.10.0 (Windows-10-10.0.22621-SP0)"
      },
      "RequestBody": {
        "dataSourceCredentialType": "DataLakeGen2SharedKey",
        "dataSourceCredentialName": "testdatalakecredential0c32e35e-d293-4b27-8a46-12546ec9d1aa",
        "dataSourceCredentialDescription": "my credential",
        "parameters": {
          "accountKey": "azure_datalake_account_key"
        }
      },
      "StatusCode": 201,
      "ResponseHeaders": {
        "apim-request-id": "4ddaa1df-cc5b-4cca-9016-3ed09ec24a67",
        "Content-Length": "0",
        "Date": "Thu, 29 Sep 2022 23:24:52 GMT",
        "Location": "https://fakeendpoint.cognitiveservices.azure.com/metricsadvisor/v1.0/credentials/2ecbb3db-7e0b-46fe-9d8d-33b08b2f32c7",
        "Strict-Transport-Security": "max-age=31536000; includeSubDomains; preload",
        "X-Content-Type-Options": "nosniff",
        "x-envoy-upstream-service-time": "276",
        "X-Request-ID": "4ddaa1df-cc5b-4cca-9016-3ed09ec24a67"
      },
      "ResponseBody": null
    },
    {
      "RequestUri": "https://fakeendpoint.cognitiveservices.azure.com/metricsadvisor/v1.0/credentials/2ecbb3db-7e0b-46fe-9d8d-33b08b2f32c7",
      "RequestMethod": "GET",
      "RequestHeaders": {
        "Accept": "application/json",
        "Accept-Encoding": "gzip, deflate",
        "User-Agent": "azsdk-python-ai-metricsadvisor/1.1.0 Python/3.10.0 (Windows-10-10.0.22621-SP0)"
      },
      "RequestBody": null,
      "StatusCode": 200,
      "ResponseHeaders": {
        "apim-request-id": "3dde8948-899d-42c7-97a8-bc0a5f8ee66c",
        "Content-Length": "270",
        "Content-Type": "application/json; charset=utf-8",
        "Date": "Thu, 29 Sep 2022 23:24:52 GMT",
        "Strict-Transport-Security": "max-age=31536000; includeSubDomains; preload",
        "X-Content-Type-Options": "nosniff",
        "x-envoy-upstream-service-time": "60",
        "X-Request-ID": "3dde8948-899d-42c7-97a8-bc0a5f8ee66c"
      },
      "ResponseBody": {
        "dataSourceCredentialId": "2ecbb3db-7e0b-46fe-9d8d-33b08b2f32c7",
        "dataSourceCredentialName": "testdatalakecredential0c32e35e-d293-4b27-8a46-12546ec9d1aa",
        "dataSourceCredentialDescription": "my credential",
        "dataSourceCredentialType": "DataLakeGen2SharedKey",
        "parameters": {}
      }
    },
    {
      "RequestUri": "https://fakeendpoint.cognitiveservices.azure.com/metricsadvisor/v1.0/credentials/2ecbb3db-7e0b-46fe-9d8d-33b08b2f32c7",
      "RequestMethod": "DELETE",
      "RequestHeaders": {
        "Accept": "application/json",
        "Accept-Encoding": "gzip, deflate",
        "Content-Length": "0",
        "User-Agent": "azsdk-python-ai-metricsadvisor/1.1.0 Python/3.10.0 (Windows-10-10.0.22621-SP0)"
      },
      "RequestBody": null,
      "StatusCode": 204,
      "ResponseHeaders": {
        "apim-request-id": "360f42b6-3c8d-4fd2-aca7-c4d7b0525dbe",
        "Content-Length": "0",
        "Date": "Thu, 29 Sep 2022 23:24:52 GMT",
        "Strict-Transport-Security": "max-age=31536000; includeSubDomains; preload",
        "X-Content-Type-Options": "nosniff",
        "x-envoy-upstream-service-time": "69",
        "X-Request-ID": "360f42b6-3c8d-4fd2-aca7-c4d7b0525dbe"
      },
      "ResponseBody": null
    }
  ],
  "Variables": {
    "credential_id": "2ecbb3db-7e0b-46fe-9d8d-33b08b2f32c7",
    "credential_name": "testdatalakecredential0c32e35e-d293-4b27-8a46-12546ec9d1aa"
  }
}
