{
  "Entries": [
    {
      "RequestUri": "https://fakeendpoint.cognitiveservices.azure.com/metricsadvisor/v1.0/dataFeeds",
      "RequestMethod": "POST",
      "RequestHeaders": {
        "Accept": "application/json",
        "Accept-Encoding": "gzip, deflate",
        "Content-Length": "709",
        "Content-Type": "application/json",
        "User-Agent": "azsdk-python-ai-metricsadvisor/1.1.0 Python/3.10.0 (Windows-10-10.0.22621-SP0)"
      },
      "RequestBody": {
        "dataSourceType": "AzureCosmosDB",
        "dataFeedName": "cosmosfeed399e3ce7-566e-4daf-aa7a-94a8fe01348a",
        "granularityName": "Daily",
        "metrics": [
          {
            "metricName": "cost"
          },
          {
            "metricName": "revenue"
          }
        ],
        "dimension": [
          {
            "dimensionName": "category"
          },
          {
            "dimensionName": "city"
          }
        ],
        "dataStartFrom": "2019-10-01T00:00:00.000Z",
        "startOffsetInSeconds": 0,
        "maxConcurrency": -1,
        "minRetryIntervalInSeconds": -1,
        "stopRetryAfterInSeconds": -1,
        "viewMode": "Private",
        "authenticationType": "Basic",
        "dataSourceParameter": {
          "connectionString": "azure_cosmosdb_connection_string",
          "sqlQuery": "\u0027SELECT * FROM Items I where I.Timestamp \u003E= @StartTime and I.Timestamp \u003C @EndTime\u0027",
          "database": "adsample",
          "collectionId": "adsample"
        }
      },
      "StatusCode": 201,
      "ResponseHeaders": {
        "apim-request-id": "a3836eb8-4144-41d0-8b21-11afebc493b7",
        "Content-Length": "0",
        "Date": "Thu, 29 Sep 2022 23:25:17 GMT",
        "Location": "https://fakeendpoint.cognitiveservices.azure.com/metricsadvisor/v1.0/dataFeeds/8c52ece0-58f9-4fdc-ace1-6e0df9143f7f",
        "Strict-Transport-Security": "max-age=31536000; includeSubDomains; preload",
        "X-Content-Type-Options": "nosniff",
        "x-envoy-upstream-service-time": "505",
        "X-Request-ID": "a3836eb8-4144-41d0-8b21-11afebc493b7"
      },
      "ResponseBody": null
    },
    {
      "RequestUri": "https://fakeendpoint.cognitiveservices.azure.com/metricsadvisor/v1.0/dataFeeds/8c52ece0-58f9-4fdc-ace1-6e0df9143f7f",
      "RequestMethod": "GET",
      "RequestHeaders": {
        "Accept": "application/json",
        "Accept-Encoding": "gzip, deflate",
        "User-Agent": "azsdk-python-ai-metricsadvisor/1.1.0 Python/3.10.0 (Windows-10-10.0.22621-SP0)"
      },
      "RequestBody": null,
      "StatusCode": 200,
      "ResponseHeaders": {
        "apim-request-id": "e068a345-5957-441a-86df-0537e08b628b",
        "Content-Length": "1294",
        "Content-Type": "application/json; charset=utf-8",
        "Date": "Thu, 29 Sep 2022 23:25:17 GMT",
        "Strict-Transport-Security": "max-age=31536000; includeSubDomains; preload",
        "X-Content-Type-Options": "nosniff",
        "x-envoy-upstream-service-time": "153",
        "X-Request-ID": "e068a345-5957-441a-86df-0537e08b628b"
      },
      "ResponseBody": {
        "dataFeedId": "8c52ece0-58f9-4fdc-ace1-6e0df9143f7f",
        "dataFeedName": "cosmosfeed399e3ce7-566e-4daf-aa7a-94a8fe01348a",
        "metrics": [
          {
            "metricId": "30d00d32-d1ca-4cf7-b86d-11c2ccf4f549",
            "metricName": "cost",
            "metricDisplayName": "cost",
            "metricDescription": ""
          },
          {
            "metricId": "55cac1ab-5630-46b4-8ce4-26cd9045ce2c",
            "metricName": "revenue",
            "metricDisplayName": "revenue",
            "metricDescription": ""
          }
        ],
        "dimension": [
          {
            "dimensionName": "category",
            "dimensionDisplayName": "category"
          },
          {
            "dimensionName": "city",
            "dimensionDisplayName": "city"
          }
        ],
        "dataStartFrom": "2019-10-01T00:00:00Z",
        "dataSourceType": "AzureCosmosDB",
        "timestampColumn": "",
        "startOffsetInSeconds": 0,
        "maxQueryPerMinute": 30.0,
        "granularityName": "Daily",
        "needRollup": "NoRollup",
        "fillMissingPointType": "PreviousValue",
        "fillMissingPointValue": 0.0,
        "rollUpMethod": "None",
        "dataFeedDescription": "",
        "stopRetryAfterInSeconds": -1,
        "minRetryIntervalInSeconds": -1,
        "maxConcurrency": -1,
        "viewMode": "Private",
        "admins": [
          "krpratic@microsoft.com"
        ],
        "viewers": [],
        "creator": "krpratic@microsoft.com",
        "status": "Active",
        "createdTime": "2022-09-29T23:25:17Z",
        "isAdmin": true,
        "actionLinkTemplate": "",
        "dataSourceParameter": {
          "database": "adsample",
          "sqlQuery": "\u0027SELECT * FROM Items I where I.Timestamp \u003E= @StartTime and I.Timestamp \u003C @EndTime\u0027",
          "collectionId": "adsample"
        },
        "authenticationType": "Basic"
      }
    },
    {
      "RequestUri": "https://fakeendpoint.cognitiveservices.azure.com/metricsadvisor/v1.0/dataFeeds/8c52ece0-58f9-4fdc-ace1-6e0df9143f7f",
      "RequestMethod": "DELETE",
      "RequestHeaders": {
        "Accept": "application/json",
        "Accept-Encoding": "gzip, deflate",
        "Content-Length": "0",
        "User-Agent": "azsdk-python-ai-metricsadvisor/1.1.0 Python/3.10.0 (Windows-10-10.0.22621-SP0)"
      },
      "RequestBody": null,
      "StatusCode": 204,
      "ResponseHeaders": {
        "apim-request-id": "db3c472f-7d1b-44d7-a703-de5e10ddc6ef",
        "Content-Length": "0",
        "Date": "Thu, 29 Sep 2022 23:25:17 GMT",
        "Strict-Transport-Security": "max-age=31536000; includeSubDomains; preload",
        "X-Content-Type-Options": "nosniff",
        "x-envoy-upstream-service-time": "294",
        "X-Request-ID": "db3c472f-7d1b-44d7-a703-de5e10ddc6ef"
      },
      "ResponseBody": null
    }
  ],
  "Variables": {
    "data_feed_id": "8c52ece0-58f9-4fdc-ace1-6e0df9143f7f",
    "data_feed_name": "cosmosfeed399e3ce7-566e-4daf-aa7a-94a8fe01348a"
  }
}
