{
  "Entries": [
    {
      "RequestUri": "https://fakeendpoint.cognitiveservices.azure.com/metricsadvisor/v1.0/alert/anomaly/configurations/a2e6eff5-d6ca-4fcc-bbdf-327cc3d38e4c",
      "RequestMethod": "GET",
      "RequestHeaders": {
        "Accept": "application/json",
        "Accept-Encoding": "gzip, deflate",
        "Authorization": "Sanitized",
        "User-Agent": "azsdk-python-ai-metricsadvisor/1.0.1 Python/3.10.0 (Windows-10-10.0.22000-SP0)",
        "x-ms-client-request-id": "b6fa943b-5e1e-11ec-94cb-6245b51668de"
      },
      "RequestBody": null,
      "StatusCode": 200,
      "ResponseHeaders": {
        "apim-request-id": "deb746fa-4a06-4fac-ad24-2ae79d40f9e0",
        "Content-Length": "1018",
        "Content-Type": "application/json; charset=utf-8",
        "Date": "Thu, 16 Dec 2021 03:17:34 GMT",
        "Strict-Transport-Security": "max-age=31536000; includeSubDomains; preload",
        "X-Content-Type-Options": "nosniff",
        "x-envoy-upstream-service-time": "98",
        "X-Request-ID": "deb746fa-4a06-4fac-ad24-2ae79d40f9e0"
      },
      "ResponseBody": {
        "anomalyAlertingConfigurationId": "a2e6eff5-d6ca-4fcc-bbdf-327cc3d38e4c",
        "name": "alertconfigvp4htxu5yu7rp",
        "description": "",
        "crossMetricsOperator": "AND",
        "splitAlertByDimensions": [],
        "hookIds": [],
        "metricAlertingConfigurations": [
          {
            "anomalyDetectionConfigurationId": "086b1c2f-6741-4540-90a5-a05b942eb8fe",
            "anomalyScopeType": "TopN",
            "negationOperation": false,
            "topNAnomalyScope": {
              "top": 5,
              "period": 10,
              "minTopCount": 9
            },
            "valueFilter": {
              "lower": 1.0,
              "upper": 5.0,
              "direction": "Both",
              "metricId": "1f4b9da4-88a7-452d-9789-b3a700390a9b",
              "triggerForMissing": false,
              "type": "Value"
            }
          },
          {
            "anomalyDetectionConfigurationId": "086b1c2f-6741-4540-90a5-a05b942eb8fe",
            "anomalyScopeType": "Dimension",
            "negationOperation": false,
            "dimensionAnomalyScope": {
              "dimension": {
                "region": "Beijing"
              }
            },
            "severityFilter": {
              "minAlertSeverity": "Low",
              "maxAlertSeverity": "High"
            }
          },
          {
            "anomalyDetectionConfigurationId": "086b1c2f-6741-4540-90a5-a05b942eb8fe",
            "anomalyScopeType": "All",
            "negationOperation": false,
            "severityFilter": {
              "minAlertSeverity": "Low",
              "maxAlertSeverity": "High"
            }
          }
        ]
      }
    },
    {
      "RequestUri": "https://fakeendpoint.cognitiveservices.azure.com/metricsadvisor/v1.0/alert/anomaly/configurations/a2e6eff5-d6ca-4fcc-bbdf-327cc3d38e4c",
      "RequestMethod": "PATCH",
      "RequestHeaders": {
        "Accept": "application/json",
        "Accept-Encoding": "gzip, deflate",
        "Authorization": "Sanitized",
        "Content-Length": "1163",
        "Content-Type": "application/merge-patch\u002Bjson",
        "User-Agent": "azsdk-python-ai-metricsadvisor/1.0.1 Python/3.10.0 (Windows-10-10.0.22000-SP0)",
        "x-ms-client-request-id": "b7102329-5e1e-11ec-92e5-6245b51668de"
      },
      "RequestBody": "{\u0022name\u0022: \u0022update5319e7a4-5298-40c2-a444-94b04f00f6ad\u0022, \u0022description\u0022: \u0022updateMe\u0022, \u0022crossMetricsOperator\u0022: \u0022OR\u0022, \u0022splitAlertByDimensions\u0022: [], \u0022hookIds\u0022: [], \u0022metricAlertingConfigurations\u0022: [{\u0022anomalyDetectionConfigurationId\u0022: \u0022086b1c2f-6741-4540-90a5-a05b942eb8fe\u0022, \u0022anomalyScopeType\u0022: \u0022TopN\u0022, \u0022topNAnomalyScope\u0022: {\u0022top\u0022: 5, \u0022period\u0022: 10, \u0022minTopCount\u0022: 9}, \u0022severityFilter\u0022: {\u0022minAlertSeverity\u0022: \u0022Low\u0022, \u0022maxAlertSeverity\u0022: \u0022High\u0022}, \u0022valueFilter\u0022: {\u0022lower\u0022: 1.0, \u0022upper\u0022: 5.0, \u0022direction\u0022: \u0022Both\u0022, \u0022type\u0022: \u0022Value\u0022, \u0022metricId\u0022: \u00221f4b9da4-88a7-452d-9789-b3a700390a9b\u0022}}, {\u0022anomalyDetectionConfigurationId\u0022: \u0022086b1c2f-6741-4540-90a5-a05b942eb8fe\u0022, \u0022anomalyScopeType\u0022: \u0022Dimension\u0022, \u0022dimensionAnomalyScope\u0022: {\u0022dimension\u0022: {\u0022region\u0022: \u0022Shenzhen\u0022}}, \u0022severityFilter\u0022: {\u0022minAlertSeverity\u0022: \u0022Low\u0022, \u0022maxAlertSeverity\u0022: \u0022High\u0022}, \u0022valueFilter\u0022: {\u0022lower\u0022: 1.0, \u0022upper\u0022: 5.0, \u0022direction\u0022: \u0022Both\u0022, \u0022type\u0022: \u0022Value\u0022}}, {\u0022anomalyDetectionConfigurationId\u0022: \u0022086b1c2f-6741-4540-90a5-a05b942eb8fe\u0022, \u0022anomalyScopeType\u0022: \u0022All\u0022, \u0022severityFilter\u0022: {\u0022minAlertSeverity\u0022: \u0022Low\u0022, \u0022maxAlertSeverity\u0022: \u0022High\u0022}, \u0022valueFilter\u0022: {\u0022lower\u0022: 1.0, \u0022upper\u0022: 5.0, \u0022direction\u0022: \u0022Both\u0022, \u0022type\u0022: \u0022Value\u0022}}]}",
      "StatusCode": 200,
      "ResponseHeaders": {
        "apim-request-id": "746f5ddd-e7d4-42e6-994e-67890fcd314e",
        "Content-Length": "1314",
        "Content-Type": "application/json; charset=utf-8",
        "Date": "Thu, 16 Dec 2021 03:17:35 GMT",
        "Strict-Transport-Security": "max-age=31536000; includeSubDomains; preload",
        "X-Content-Type-Options": "nosniff",
        "x-envoy-upstream-service-time": "248",
        "X-Request-ID": "746f5ddd-e7d4-42e6-994e-67890fcd314e"
      },
      "ResponseBody": {
        "anomalyAlertingConfigurationId": "a2e6eff5-d6ca-4fcc-bbdf-327cc3d38e4c",
        "name": "update5319e7a4-5298-40c2-a444-94b04f00f6ad",
        "description": "updateMe",
        "crossMetricsOperator": "OR",
        "splitAlertByDimensions": [],
        "hookIds": [],
        "metricAlertingConfigurations": [
          {
            "anomalyDetectionConfigurationId": "086b1c2f-6741-4540-90a5-a05b942eb8fe",
            "anomalyScopeType": "TopN",
            "negationOperation": false,
            "topNAnomalyScope": {
              "top": 5,
              "period": 10,
              "minTopCount": 9
            },
            "severityFilter": {
              "minAlertSeverity": "Low",
              "maxAlertSeverity": "High"
            },
            "valueFilter": {
              "lower": 1.0,
              "upper": 5.0,
              "direction": "Both",
              "metricId": "1f4b9da4-88a7-452d-9789-b3a700390a9b",
              "triggerForMissing": false,
              "type": "Value"
            }
          },
          {
            "anomalyDetectionConfigurationId": "086b1c2f-6741-4540-90a5-a05b942eb8fe",
            "anomalyScopeType": "Dimension",
            "negationOperation": false,
            "dimensionAnomalyScope": {
              "dimension": {
                "region": "Shenzhen"
              }
            },
            "severityFilter": {
              "minAlertSeverity": "Low",
              "maxAlertSeverity": "High"
            },
            "valueFilter": {
              "lower": 1.0,
              "upper": 5.0,
              "direction": "Both",
              "triggerForMissing": false,
              "type": "Value"
            }
          },
          {
            "anomalyDetectionConfigurationId": "086b1c2f-6741-4540-90a5-a05b942eb8fe",
            "anomalyScopeType": "All",
            "negationOperation": false,
            "severityFilter": {
              "minAlertSeverity": "Low",
              "maxAlertSeverity": "High"
            },
            "valueFilter": {
              "lower": 1.0,
              "upper": 5.0,
              "direction": "Both",
              "triggerForMissing": false,
              "type": "Value"
            }
          }
        ]
      }
    },
    {
      "RequestUri": "https://fakeendpoint.cognitiveservices.azure.com/metricsadvisor/v1.0/alert/anomaly/configurations/a2e6eff5-d6ca-4fcc-bbdf-327cc3d38e4c",
      "RequestMethod": "GET",
      "RequestHeaders": {
        "Accept": "application/json",
        "Accept-Encoding": "gzip, deflate",
        "Authorization": "Sanitized",
        "User-Agent": "azsdk-python-ai-metricsadvisor/1.0.1 Python/3.10.0 (Windows-10-10.0.22000-SP0)",
        "x-ms-client-request-id": "b73bdf9b-5e1e-11ec-876d-6245b51668de"
      },
      "RequestBody": null,
      "StatusCode": 200,
      "ResponseHeaders": {
        "apim-request-id": "dd98a95b-69f2-41cc-8b50-14b09b5ddd1a",
        "Content-Length": "1314",
        "Content-Type": "application/json; charset=utf-8",
        "Date": "Thu, 16 Dec 2021 03:17:35 GMT",
        "Strict-Transport-Security": "max-age=31536000; includeSubDomains; preload",
        "X-Content-Type-Options": "nosniff",
        "x-envoy-upstream-service-time": "61",
        "X-Request-ID": "dd98a95b-69f2-41cc-8b50-14b09b5ddd1a"
      },
      "ResponseBody": {
        "anomalyAlertingConfigurationId": "a2e6eff5-d6ca-4fcc-bbdf-327cc3d38e4c",
        "name": "update5319e7a4-5298-40c2-a444-94b04f00f6ad",
        "description": "updateMe",
        "crossMetricsOperator": "OR",
        "splitAlertByDimensions": [],
        "hookIds": [],
        "metricAlertingConfigurations": [
          {
            "anomalyDetectionConfigurationId": "086b1c2f-6741-4540-90a5-a05b942eb8fe",
            "anomalyScopeType": "TopN",
            "negationOperation": false,
            "topNAnomalyScope": {
              "top": 5,
              "period": 10,
              "minTopCount": 9
            },
            "severityFilter": {
              "minAlertSeverity": "Low",
              "maxAlertSeverity": "High"
            },
            "valueFilter": {
              "lower": 1.0,
              "upper": 5.0,
              "direction": "Both",
              "metricId": "1f4b9da4-88a7-452d-9789-b3a700390a9b",
              "triggerForMissing": false,
              "type": "Value"
            }
          },
          {
            "anomalyDetectionConfigurationId": "086b1c2f-6741-4540-90a5-a05b942eb8fe",
            "anomalyScopeType": "Dimension",
            "negationOperation": false,
            "dimensionAnomalyScope": {
              "dimension": {
                "region": "Shenzhen"
              }
            },
            "severityFilter": {
              "minAlertSeverity": "Low",
              "maxAlertSeverity": "High"
            },
            "valueFilter": {
              "lower": 1.0,
              "upper": 5.0,
              "direction": "Both",
              "triggerForMissing": false,
              "type": "Value"
            }
          },
          {
            "anomalyDetectionConfigurationId": "086b1c2f-6741-4540-90a5-a05b942eb8fe",
            "anomalyScopeType": "All",
            "negationOperation": false,
            "severityFilter": {
              "minAlertSeverity": "Low",
              "maxAlertSeverity": "High"
            },
            "valueFilter": {
              "lower": 1.0,
              "upper": 5.0,
              "direction": "Both",
              "triggerForMissing": false,
              "type": "Value"
            }
          }
        ]
      }
    },
    {
      "RequestUri": "https://fakeendpoint.cognitiveservices.azure.com/metricsadvisor/v1.0/dataFeeds/d581f2c2-2e07-40b1-9387-511ed1c65f6b",
      "RequestMethod": "DELETE",
      "RequestHeaders": {
        "Accept": "application/json",
        "Accept-Encoding": "gzip, deflate",
        "Authorization": "Sanitized",
        "Content-Length": "0",
        "User-Agent": "azsdk-python-ai-metricsadvisor/1.0.1 Python/3.10.0 (Windows-10-10.0.22000-SP0)",
        "x-ms-client-request-id": "b74eebdc-5e1e-11ec-9f1e-6245b51668de"
      },
      "RequestBody": null,
      "StatusCode": 204,
      "ResponseHeaders": {
        "apim-request-id": "b4786c4e-97a1-430a-9964-f038b907f97b",
        "Content-Length": "0",
        "Date": "Thu, 16 Dec 2021 03:17:35 GMT",
        "Strict-Transport-Security": "max-age=31536000; includeSubDomains; preload",
        "X-Content-Type-Options": "nosniff",
        "x-envoy-upstream-service-time": "300",
        "X-Request-ID": "b4786c4e-97a1-430a-9964-f038b907f97b"
      },
      "ResponseBody": null
    }
  ],
  "Variables": {
    "alert_config_id": "a2e6eff5-d6ca-4fcc-bbdf-327cc3d38e4c",
    "alert_config_name": "alertconfigvp4htxu5yu7rp",
    "alert_config_updated_name": "update5319e7a4-5298-40c2-a444-94b04f00f6ad",
    "data_feed_id": "d581f2c2-2e07-40b1-9387-511ed1c65f6b",
    "data_feed_metric_id": "1f4b9da4-88a7-452d-9789-b3a700390a9b",
    "data_feed_name": "datafeedd2vu3hw5r5mmkf5h",
    "detection_config_id": "086b1c2f-6741-4540-90a5-a05b942eb8fe",
    "detection_config_name": "detectionconfigkhcycr3qa"
  }
}
