{
  "Entries": [
    {
      "RequestUri": "https://fakeendpoint.cognitiveservices.azure.com/metricsadvisor/v1.0/enrichment/anomalyDetection/configurations/5a50e9b0-74ea-4689-8790-163b646ebcfc",
      "RequestMethod": "GET",
      "RequestHeaders": {
        "Accept": "application/json",
        "Accept-Encoding": "gzip, deflate",
        "Authorization": "Sanitized",
        "User-Agent": "azsdk-python-ai-metricsadvisor/1.0.1 Python/3.10.0 (Windows-10-10.0.22000-SP0)",
        "x-ms-client-request-id": "41f904bf-5e0d-11ec-815e-6245b51668de"
      },
      "RequestBody": null,
      "StatusCode": 200,
      "ResponseHeaders": {
        "apim-request-id": "0ebbf719-2f02-4fe7-907d-556114c3ecad",
        "Content-Length": "1203",
        "Content-Type": "application/json; charset=utf-8",
        "Date": "Thu, 16 Dec 2021 01:12:36 GMT",
        "Strict-Transport-Security": "max-age=31536000; includeSubDomains; preload",
        "X-Content-Type-Options": "nosniff",
        "x-envoy-upstream-service-time": "63",
        "X-Request-ID": "0ebbf719-2f02-4fe7-907d-556114c3ecad"
      },
      "ResponseBody": {
        "anomalyDetectionConfigurationId": "5a50e9b0-74ea-4689-8790-163b646ebcfc",
        "name": "detectionconfigoe6gzflp6",
        "description": "My test metric anomaly detection configuration",
        "metricId": "53e1dc28-3bfb-4051-959f-9751c7eaf7f8",
        "wholeMetricConfiguration": {
          "conditionOperator": "AND",
          "smartDetectionCondition": {
            "sensitivity": 50.0,
            "anomalyDetectorDirection": "Both",
            "suppressCondition": {
              "minNumber": 5,
              "minRatio": 5.0
            }
          },
          "hardThresholdCondition": {
            "lowerBound": 0.0,
            "upperBound": 100.0,
            "anomalyDetectorDirection": "Both",
            "suppressCondition": {
              "minNumber": 5,
              "minRatio": 5.0
            }
          },
          "changeThresholdCondition": {
            "changePercentage": 50.0,
            "shiftPoint": 30,
            "anomalyDetectorDirection": "Both",
            "withinRange": true,
            "suppressCondition": {
              "minNumber": 2,
              "minRatio": 2.0
            }
          }
        },
        "dimensionGroupOverrideConfigurations": [
          {
            "group": {
              "dimension": {
                "region": "Beijing"
              }
            },
            "smartDetectionCondition": {
              "sensitivity": 63.0,
              "anomalyDetectorDirection": "Both",
              "suppressCondition": {
                "minNumber": 1,
                "minRatio": 100.0
              }
            }
          }
        ],
        "seriesOverrideConfigurations": [
          {
            "series": {
              "dimension": {
                "region": "Beijing",
                "category": "Shoes Handbags \u0026 Sunglasses"
              }
            },
            "smartDetectionCondition": {
              "sensitivity": 63.0,
              "anomalyDetectorDirection": "Both",
              "suppressCondition": {
                "minNumber": 1,
                "minRatio": 100.0
              }
            }
          }
        ]
      }
    },
    {
      "RequestUri": "https://fakeendpoint.cognitiveservices.azure.com/metricsadvisor/v1.0/enrichment/anomalyDetection/configurations/5a50e9b0-74ea-4689-8790-163b646ebcfc",
      "RequestMethod": "PATCH",
      "RequestHeaders": {
        "Accept": "application/json",
        "Accept-Encoding": "gzip, deflate",
        "Authorization": "Sanitized",
        "Content-Length": "1774",
        "Content-Type": "application/merge-patch\u002Bjson",
        "User-Agent": "azsdk-python-ai-metricsadvisor/1.0.1 Python/3.10.0 (Windows-10-10.0.22000-SP0)",
        "x-ms-client-request-id": "420a383a-5e0d-11ec-8849-6245b51668de"
      },
      "RequestBody": "{\u0022name\u0022: \u0022updated\u0022, \u0022description\u0022: \u0022updated\u0022, \u0022wholeMetricConfiguration\u0022: {\u0022conditionOperator\u0022: \u0022OR\u0022, \u0022smartDetectionCondition\u0022: {\u0022sensitivity\u0022: 10.0, \u0022anomalyDetectorDirection\u0022: \u0022Up\u0022, \u0022suppressCondition\u0022: {\u0022minNumber\u0022: 5, \u0022minRatio\u0022: 2.0}}, \u0022hardThresholdCondition\u0022: {\u0022upperBound\u0022: 100.0, \u0022anomalyDetectorDirection\u0022: \u0022Up\u0022, \u0022suppressCondition\u0022: {\u0022minNumber\u0022: 5, \u0022minRatio\u0022: 2.0}}, \u0022changeThresholdCondition\u0022: {\u0022changePercentage\u0022: 20.0, \u0022shiftPoint\u0022: 10, \u0022withinRange\u0022: true, \u0022anomalyDetectorDirection\u0022: \u0022Both\u0022, \u0022suppressCondition\u0022: {\u0022minNumber\u0022: 5, \u0022minRatio\u0022: 2.0}}}, \u0022dimensionGroupOverrideConfigurations\u0022: [{\u0022group\u0022: {\u0022dimension\u0022: {\u0022region\u0022: \u0022Beijing\u0022}}, \u0022conditionOperator\u0022: \u0022AND\u0022, \u0022smartDetectionCondition\u0022: {\u0022sensitivity\u0022: 10.0, \u0022anomalyDetectorDirection\u0022: \u0022Up\u0022, \u0022suppressCondition\u0022: {\u0022minNumber\u0022: 5, \u0022minRatio\u0022: 2.0}}, \u0022hardThresholdCondition\u0022: {\u0022upperBound\u0022: 100.0, \u0022anomalyDetectorDirection\u0022: \u0022Up\u0022, \u0022suppressCondition\u0022: {\u0022minNumber\u0022: 5, \u0022minRatio\u0022: 2.0}}, \u0022changeThresholdCondition\u0022: {\u0022changePercentage\u0022: 20.0, \u0022shiftPoint\u0022: 10, \u0022withinRange\u0022: true, \u0022anomalyDetectorDirection\u0022: \u0022Both\u0022, \u0022suppressCondition\u0022: {\u0022minNumber\u0022: 5, \u0022minRatio\u0022: 2.0}}}], \u0022seriesOverrideConfigurations\u0022: [{\u0022series\u0022: {\u0022dimension\u0022: {\u0022region\u0022: \u0022Beijing\u0022, \u0022category\u0022: \u0022Shoes Handbags \u0026 Sunglasses\u0022}}, \u0022conditionOperator\u0022: \u0022AND\u0022, \u0022smartDetectionCondition\u0022: {\u0022sensitivity\u0022: 10.0, \u0022anomalyDetectorDirection\u0022: \u0022Up\u0022, \u0022suppressCondition\u0022: {\u0022minNumber\u0022: 5, \u0022minRatio\u0022: 2.0}}, \u0022hardThresholdCondition\u0022: {\u0022upperBound\u0022: 100.0, \u0022anomalyDetectorDirection\u0022: \u0022Up\u0022, \u0022suppressCondition\u0022: {\u0022minNumber\u0022: 5, \u0022minRatio\u0022: 2.0}}, \u0022changeThresholdCondition\u0022: {\u0022changePercentage\u0022: 20.0, \u0022shiftPoint\u0022: 10, \u0022withinRange\u0022: true, \u0022anomalyDetectorDirection\u0022: \u0022Both\u0022, \u0022suppressCondition\u0022: {\u0022minNumber\u0022: 5, \u0022minRatio\u0022: 2.0}}}]}",
      "StatusCode": 200,
      "ResponseHeaders": {
        "apim-request-id": "b9a615ac-0489-4a8e-ba91-7b098b1b6830",
        "Content-Length": "1773",
        "Content-Type": "application/json; charset=utf-8",
        "Date": "Thu, 16 Dec 2021 01:12:37 GMT",
        "Strict-Transport-Security": "max-age=31536000; includeSubDomains; preload",
        "X-Content-Type-Options": "nosniff",
        "x-envoy-upstream-service-time": "261",
        "X-Request-ID": "b9a615ac-0489-4a8e-ba91-7b098b1b6830"
      },
      "ResponseBody": {
        "anomalyDetectionConfigurationId": "5a50e9b0-74ea-4689-8790-163b646ebcfc",
        "name": "updated",
        "description": "updated",
        "metricId": "53e1dc28-3bfb-4051-959f-9751c7eaf7f8",
        "wholeMetricConfiguration": {
          "conditionOperator": "OR",
          "smartDetectionCondition": {
            "sensitivity": 10.0,
            "anomalyDetectorDirection": "Up",
            "suppressCondition": {
              "minNumber": 5,
              "minRatio": 2.0
            }
          },
          "hardThresholdCondition": {
            "upperBound": 100.0,
            "anomalyDetectorDirection": "Up",
            "suppressCondition": {
              "minNumber": 5,
              "minRatio": 2.0
            }
          },
          "changeThresholdCondition": {
            "changePercentage": 20.0,
            "shiftPoint": 10,
            "anomalyDetectorDirection": "Both",
            "withinRange": true,
            "suppressCondition": {
              "minNumber": 5,
              "minRatio": 2.0
            }
          }
        },
        "dimensionGroupOverrideConfigurations": [
          {
            "group": {
              "dimension": {
                "region": "Beijing"
              }
            },
            "conditionOperator": "AND",
            "smartDetectionCondition": {
              "sensitivity": 10.0,
              "anomalyDetectorDirection": "Up",
              "suppressCondition": {
                "minNumber": 5,
                "minRatio": 2.0
              }
            },
            "hardThresholdCondition": {
              "upperBound": 100.0,
              "anomalyDetectorDirection": "Up",
              "suppressCondition": {
                "minNumber": 5,
                "minRatio": 2.0
              }
            },
            "changeThresholdCondition": {
              "changePercentage": 20.0,
              "shiftPoint": 10,
              "anomalyDetectorDirection": "Both",
              "withinRange": true,
              "suppressCondition": {
                "minNumber": 5,
                "minRatio": 2.0
              }
            }
          }
        ],
        "seriesOverrideConfigurations": [
          {
            "series": {
              "dimension": {
                "region": "Beijing",
                "category": "Shoes Handbags \u0026 Sunglasses"
              }
            },
            "conditionOperator": "AND",
            "smartDetectionCondition": {
              "sensitivity": 10.0,
              "anomalyDetectorDirection": "Up",
              "suppressCondition": {
                "minNumber": 5,
                "minRatio": 2.0
              }
            },
            "hardThresholdCondition": {
              "upperBound": 100.0,
              "anomalyDetectorDirection": "Up",
              "suppressCondition": {
                "minNumber": 5,
                "minRatio": 2.0
              }
            },
            "changeThresholdCondition": {
              "changePercentage": 20.0,
              "shiftPoint": 10,
              "anomalyDetectorDirection": "Both",
              "withinRange": true,
              "suppressCondition": {
                "minNumber": 5,
                "minRatio": 2.0
              }
            }
          }
        ]
      }
    },
    {
      "RequestUri": "https://fakeendpoint.cognitiveservices.azure.com/metricsadvisor/v1.0/enrichment/anomalyDetection/configurations/5a50e9b0-74ea-4689-8790-163b646ebcfc",
      "RequestMethod": "GET",
      "RequestHeaders": {
        "Accept": "application/json",
        "Accept-Encoding": "gzip, deflate",
        "Authorization": "Sanitized",
        "User-Agent": "azsdk-python-ai-metricsadvisor/1.0.1 Python/3.10.0 (Windows-10-10.0.22000-SP0)",
        "x-ms-client-request-id": "4246fe4a-5e0d-11ec-8a6b-6245b51668de"
      },
      "RequestBody": null,
      "StatusCode": 200,
      "ResponseHeaders": {
        "apim-request-id": "fdf045c5-06b6-4d6a-a0d7-90741f9e4f68",
        "Content-Length": "1773",
        "Content-Type": "application/json; charset=utf-8",
        "Date": "Thu, 16 Dec 2021 01:12:37 GMT",
        "Strict-Transport-Security": "max-age=31536000; includeSubDomains; preload",
        "X-Content-Type-Options": "nosniff",
        "x-envoy-upstream-service-time": "40",
        "X-Request-ID": "fdf045c5-06b6-4d6a-a0d7-90741f9e4f68"
      },
      "ResponseBody": {
        "anomalyDetectionConfigurationId": "5a50e9b0-74ea-4689-8790-163b646ebcfc",
        "name": "updated",
        "description": "updated",
        "metricId": "53e1dc28-3bfb-4051-959f-9751c7eaf7f8",
        "wholeMetricConfiguration": {
          "conditionOperator": "OR",
          "smartDetectionCondition": {
            "sensitivity": 10.0,
            "anomalyDetectorDirection": "Up",
            "suppressCondition": {
              "minNumber": 5,
              "minRatio": 2.0
            }
          },
          "hardThresholdCondition": {
            "upperBound": 100.0,
            "anomalyDetectorDirection": "Up",
            "suppressCondition": {
              "minNumber": 5,
              "minRatio": 2.0
            }
          },
          "changeThresholdCondition": {
            "changePercentage": 20.0,
            "shiftPoint": 10,
            "anomalyDetectorDirection": "Both",
            "withinRange": true,
            "suppressCondition": {
              "minNumber": 5,
              "minRatio": 2.0
            }
          }
        },
        "dimensionGroupOverrideConfigurations": [
          {
            "group": {
              "dimension": {
                "region": "Beijing"
              }
            },
            "conditionOperator": "AND",
            "smartDetectionCondition": {
              "sensitivity": 10.0,
              "anomalyDetectorDirection": "Up",
              "suppressCondition": {
                "minNumber": 5,
                "minRatio": 2.0
              }
            },
            "hardThresholdCondition": {
              "upperBound": 100.0,
              "anomalyDetectorDirection": "Up",
              "suppressCondition": {
                "minNumber": 5,
                "minRatio": 2.0
              }
            },
            "changeThresholdCondition": {
              "changePercentage": 20.0,
              "shiftPoint": 10,
              "anomalyDetectorDirection": "Both",
              "withinRange": true,
              "suppressCondition": {
                "minNumber": 5,
                "minRatio": 2.0
              }
            }
          }
        ],
        "seriesOverrideConfigurations": [
          {
            "series": {
              "dimension": {
                "region": "Beijing",
                "category": "Shoes Handbags \u0026 Sunglasses"
              }
            },
            "conditionOperator": "AND",
            "smartDetectionCondition": {
              "sensitivity": 10.0,
              "anomalyDetectorDirection": "Up",
              "suppressCondition": {
                "minNumber": 5,
                "minRatio": 2.0
              }
            },
            "hardThresholdCondition": {
              "upperBound": 100.0,
              "anomalyDetectorDirection": "Up",
              "suppressCondition": {
                "minNumber": 5,
                "minRatio": 2.0
              }
            },
            "changeThresholdCondition": {
              "changePercentage": 20.0,
              "shiftPoint": 10,
              "anomalyDetectorDirection": "Both",
              "withinRange": true,
              "suppressCondition": {
                "minNumber": 5,
                "minRatio": 2.0
              }
            }
          }
        ]
      }
    },
    {
      "RequestUri": "https://fakeendpoint.cognitiveservices.azure.com/metricsadvisor/v1.0/dataFeeds/f113385b-1ad2-400f-9864-c6c93f3f3f87",
      "RequestMethod": "DELETE",
      "RequestHeaders": {
        "Accept": "application/json",
        "Accept-Encoding": "gzip, deflate",
        "Authorization": "Sanitized",
        "Content-Length": "0",
        "User-Agent": "azsdk-python-ai-metricsadvisor/1.0.1 Python/3.10.0 (Windows-10-10.0.22000-SP0)",
        "x-ms-client-request-id": "425374c2-5e0d-11ec-b10c-6245b51668de"
      },
      "RequestBody": null,
      "StatusCode": 204,
      "ResponseHeaders": {
        "apim-request-id": "57e9a2db-81e0-482b-8642-b11671a0e4ea",
        "Content-Length": "0",
        "Date": "Thu, 16 Dec 2021 01:12:37 GMT",
        "Strict-Transport-Security": "max-age=31536000; includeSubDomains; preload",
        "X-Content-Type-Options": "nosniff",
        "x-envoy-upstream-service-time": "254",
        "X-Request-ID": "57e9a2db-81e0-482b-8642-b11671a0e4ea"
      },
      "ResponseBody": null
    }
  ],
  "Variables": {
    "data_feed_id": "f113385b-1ad2-400f-9864-c6c93f3f3f87",
    "data_feed_metric_id": "53e1dc28-3bfb-4051-959f-9751c7eaf7f8",
    "data_feed_name": "datafeedeytqn33mdwlwhrma",
    "detection_config_id": "5a50e9b0-74ea-4689-8790-163b646ebcfc",
    "detection_config_name": "detectionconfigoe6gzflp6"
  }
}
