{
  "Entries": [
    {
      "RequestUri": "https://fakeendpoint.cognitiveservices.azure.com/metricsadvisor/v1.0/alert/anomaly/configurations",
      "RequestMethod": "POST",
      "RequestHeaders": {
        "Accept": "application/json",
        "Accept-Encoding": "gzip, deflate",
        "Content-Length": "333",
        "Content-Type": "application/json",
        "User-Agent": "azsdk-python-ai-metricsadvisor/1.0.1 Python/3.10.0 (Windows-10-10.0.22000-SP0)",
        "x-ms-client-request-id": "ddc0ad66-5e0c-11ec-b7fd-6245b51668de"
      },
      "RequestBody": "{\u0022name\u0022: \u0022alertconfiga7a2207c-1f7d-4144-9323-19f9273cae19\u0022, \u0022hookIds\u0022: [], \u0022metricAlertingConfigurations\u0022: [{\u0022anomalyDetectionConfigurationId\u0022: \u002209068482-1883-40aa-8134-6632edee30ac\u0022, \u0022anomalyScopeType\u0022: \u0022All\u0022, \u0022valueFilter\u0022: {\u0022lower\u0022: 1.0, \u0022direction\u0022: \u0022Down\u0022, \u0022type\u0022: \u0022Value\u0022, \u0022metricId\u0022: \u00226b701752-b99c-4358-bb99-ded600033ff5\u0022}}]}",
      "StatusCode": 201,
      "ResponseHeaders": {
        "apim-request-id": "da0c456b-5e64-4e09-adf2-328ff0690708",
        "Content-Length": "0",
        "Date": "Thu, 16 Dec 2021 01:09:49 GMT",
        "Location": "https://fakeendpoint.cognitiveservices.azure.com/metricsadvisor/v1.0/alert/anomaly/configurations/c10ba2d7-d8c0-4944-8135-ef5b7b421082",
        "Strict-Transport-Security": "max-age=31536000; includeSubDomains; preload",
        "X-Content-Type-Options": "nosniff",
        "x-envoy-upstream-service-time": "128",
        "X-Request-ID": "da0c456b-5e64-4e09-adf2-328ff0690708"
      },
      "ResponseBody": null
    },
    {
      "RequestUri": "https://fakeendpoint.cognitiveservices.azure.com/metricsadvisor/v1.0/alert/anomaly/configurations/c10ba2d7-d8c0-4944-8135-ef5b7b421082",
      "RequestMethod": "GET",
      "RequestHeaders": {
        "Accept": "application/json",
        "Accept-Encoding": "gzip, deflate",
        "User-Agent": "azsdk-python-ai-metricsadvisor/1.0.1 Python/3.10.0 (Windows-10-10.0.22000-SP0)",
        "x-ms-client-request-id": "dddd9479-5e0c-11ec-8e27-6245b51668de"
      },
      "RequestBody": null,
      "StatusCode": 200,
      "ResponseHeaders": {
        "apim-request-id": "bd660c15-5685-45a5-867b-a3fdb4352146",
        "Content-Length": "485",
        "Content-Type": "application/json; charset=utf-8",
        "Date": "Thu, 16 Dec 2021 01:09:49 GMT",
        "Strict-Transport-Security": "max-age=31536000; includeSubDomains; preload",
        "X-Content-Type-Options": "nosniff",
        "x-envoy-upstream-service-time": "117",
        "X-Request-ID": "bd660c15-5685-45a5-867b-a3fdb4352146"
      },
      "ResponseBody": {
        "anomalyAlertingConfigurationId": "c10ba2d7-d8c0-4944-8135-ef5b7b421082",
        "name": "alertconfiga7a2207c-1f7d-4144-9323-19f9273cae19",
        "description": "",
        "splitAlertByDimensions": [],
        "hookIds": [],
        "metricAlertingConfigurations": [
          {
            "anomalyDetectionConfigurationId": "09068482-1883-40aa-8134-6632edee30ac",
            "anomalyScopeType": "All",
            "negationOperation": false,
            "valueFilter": {
              "lower": 1.0,
              "direction": "Down",
              "metricId": "6b701752-b99c-4358-bb99-ded600033ff5",
              "triggerForMissing": false,
              "type": "Value"
            }
          }
        ]
      }
    },
    {
      "RequestUri": "https://fakeendpoint.cognitiveservices.azure.com/metricsadvisor/v1.0/dataFeeds/f199dc57-09c0-409b-b510-47adb3aa64c5",
      "RequestMethod": "DELETE",
      "RequestHeaders": {
        "Accept": "application/json",
        "Accept-Encoding": "gzip, deflate",
        "Content-Length": "0",
        "User-Agent": "azsdk-python-ai-metricsadvisor/1.0.1 Python/3.10.0 (Windows-10-10.0.22000-SP0)",
        "x-ms-client-request-id": "ddf56b52-5e0c-11ec-b4ca-6245b51668de"
      },
      "RequestBody": null,
      "StatusCode": 204,
      "ResponseHeaders": {
        "apim-request-id": "6b469002-c54e-41e8-9ddc-eb0d6553143c",
        "Content-Length": "0",
        "Date": "Thu, 16 Dec 2021 01:09:49 GMT",
        "Strict-Transport-Security": "max-age=31536000; includeSubDomains; preload",
        "X-Content-Type-Options": "nosniff",
        "x-envoy-upstream-service-time": "349",
        "X-Request-ID": "6b469002-c54e-41e8-9ddc-eb0d6553143c"
      },
      "ResponseBody": null
    }
  ],
  "Variables": {
    "alert_config_name": "alertconfiga7a2207c-1f7d-4144-9323-19f9273cae19",
    "data_feed_id": "f199dc57-09c0-409b-b510-47adb3aa64c5",
    "data_feed_metric_id": "6b701752-b99c-4358-bb99-ded600033ff5",
    "data_feed_name": "datafeeds6455asqxyi6p663",
    "detection_config_id": "09068482-1883-40aa-8134-6632edee30ac",
    "detection_config_name": "detectionconfigb5n6ytd3q"
  }
}
