{
  "Entries": [
    {
      "RequestUri": "https://fakeendpoint.cognitiveservices.azure.com/metricsadvisor/v1.0/alert/anomaly/configurations/1a827bc3-0109-44c1-b87f-870b3d09a0bb",
      "RequestMethod": "PATCH",
      "RequestHeaders": {
        "Accept": "application/json",
        "Accept-Encoding": "gzip, deflate",
        "Content-Length": "1092",
        "Content-Type": "application/merge-patch\u002Bjson",
        "User-Agent": "azsdk-python-ai-metricsadvisor/1.0.1 Python/3.10.0 (Windows-10-10.0.22000-SP0)",
        "x-ms-client-request-id": "fcd9a046-5e0c-11ec-96ea-6245b51668de"
      },
      "RequestBody": "{\u0022name\u0022: \u0022update\u0022, \u0022crossMetricsOperator\u0022: \u0022OR\u0022, \u0022metricAlertingConfigurations\u0022: [{\u0022anomalyDetectionConfigurationId\u0022: \u0022e64d4d7c-097d-4d06-9cca-6047e50c9fe7\u0022, \u0022anomalyScopeType\u0022: \u0022TopN\u0022, \u0022topNAnomalyScope\u0022: {\u0022top\u0022: 5, \u0022period\u0022: 10, \u0022minTopCount\u0022: 9}, \u0022severityFilter\u0022: {\u0022minAlertSeverity\u0022: \u0022Low\u0022, \u0022maxAlertSeverity\u0022: \u0022High\u0022}, \u0022valueFilter\u0022: {\u0022lower\u0022: 1.0, \u0022upper\u0022: 5.0, \u0022direction\u0022: \u0022Both\u0022, \u0022type\u0022: \u0022Value\u0022, \u0022metricId\u0022: \u00226e426263-46a7-4cf0-81af-d9b54d90ec16\u0022}}, {\u0022anomalyDetectionConfigurationId\u0022: \u0022e64d4d7c-097d-4d06-9cca-6047e50c9fe7\u0022, \u0022anomalyScopeType\u0022: \u0022Dimension\u0022, \u0022dimensionAnomalyScope\u0022: {\u0022dimension\u0022: {\u0022region\u0022: \u0022Shenzhen\u0022}}, \u0022severityFilter\u0022: {\u0022minAlertSeverity\u0022: \u0022Low\u0022, \u0022maxAlertSeverity\u0022: \u0022High\u0022}, \u0022valueFilter\u0022: {\u0022lower\u0022: 1.0, \u0022upper\u0022: 5.0, \u0022direction\u0022: \u0022Both\u0022, \u0022type\u0022: \u0022Value\u0022}}, {\u0022anomalyDetectionConfigurationId\u0022: \u0022e64d4d7c-097d-4d06-9cca-6047e50c9fe7\u0022, \u0022anomalyScopeType\u0022: \u0022All\u0022, \u0022severityFilter\u0022: {\u0022minAlertSeverity\u0022: \u0022Low\u0022, \u0022maxAlertSeverity\u0022: \u0022High\u0022}, \u0022valueFilter\u0022: {\u0022lower\u0022: 1.0, \u0022upper\u0022: 5.0, \u0022direction\u0022: \u0022Both\u0022, \u0022type\u0022: \u0022Value\u0022}}], \u0022description\u0022: \u0022update description\u0022}",
      "StatusCode": 200,
      "ResponseHeaders": {
        "apim-request-id": "eb5d73c2-c2ed-4703-a829-49e1371b050d",
        "Content-Length": "1288",
        "Content-Type": "application/json; charset=utf-8",
        "Date": "Thu, 16 Dec 2021 01:10:41 GMT",
        "Strict-Transport-Security": "max-age=31536000; includeSubDomains; preload",
        "X-Content-Type-Options": "nosniff",
        "x-envoy-upstream-service-time": "241",
        "X-Request-ID": "eb5d73c2-c2ed-4703-a829-49e1371b050d"
      },
      "ResponseBody": {
        "anomalyAlertingConfigurationId": "1a827bc3-0109-44c1-b87f-870b3d09a0bb",
        "name": "update",
        "description": "update description",
        "crossMetricsOperator": "OR",
        "splitAlertByDimensions": [],
        "hookIds": [],
        "metricAlertingConfigurations": [
          {
            "anomalyDetectionConfigurationId": "e64d4d7c-097d-4d06-9cca-6047e50c9fe7",
            "anomalyScopeType": "TopN",
            "negationOperation": false,
            "topNAnomalyScope": {
              "top": 5,
              "period": 10,
              "minTopCount": 9
            },
            "severityFilter": {
              "minAlertSeverity": "Low",
              "maxAlertSeverity": "High"
            },
            "valueFilter": {
              "lower": 1.0,
              "upper": 5.0,
              "direction": "Both",
              "metricId": "6e426263-46a7-4cf0-81af-d9b54d90ec16",
              "triggerForMissing": false,
              "type": "Value"
            }
          },
          {
            "anomalyDetectionConfigurationId": "e64d4d7c-097d-4d06-9cca-6047e50c9fe7",
            "anomalyScopeType": "Dimension",
            "negationOperation": false,
            "dimensionAnomalyScope": {
              "dimension": {
                "region": "Shenzhen"
              }
            },
            "severityFilter": {
              "minAlertSeverity": "Low",
              "maxAlertSeverity": "High"
            },
            "valueFilter": {
              "lower": 1.0,
              "upper": 5.0,
              "direction": "Both",
              "triggerForMissing": false,
              "type": "Value"
            }
          },
          {
            "anomalyDetectionConfigurationId": "e64d4d7c-097d-4d06-9cca-6047e50c9fe7",
            "anomalyScopeType": "All",
            "negationOperation": false,
            "severityFilter": {
              "minAlertSeverity": "Low",
              "maxAlertSeverity": "High"
            },
            "valueFilter": {
              "lower": 1.0,
              "upper": 5.0,
              "direction": "Both",
              "triggerForMissing": false,
              "type": "Value"
            }
          }
        ]
      }
    },
    {
      "RequestUri": "https://fakeendpoint.cognitiveservices.azure.com/metricsadvisor/v1.0/alert/anomaly/configurations/1a827bc3-0109-44c1-b87f-870b3d09a0bb",
      "RequestMethod": "GET",
      "RequestHeaders": {
        "Accept": "application/json",
        "Accept-Encoding": "gzip, deflate",
        "User-Agent": "azsdk-python-ai-metricsadvisor/1.0.1 Python/3.10.0 (Windows-10-10.0.22000-SP0)",
        "x-ms-client-request-id": "fd165738-5e0c-11ec-9aa0-6245b51668de"
      },
      "RequestBody": null,
      "StatusCode": 200,
      "ResponseHeaders": {
        "apim-request-id": "2b995722-31fc-4cda-b8d1-93ceab183b29",
        "Content-Length": "1288",
        "Content-Type": "application/json; charset=utf-8",
        "Date": "Thu, 16 Dec 2021 01:10:41 GMT",
        "Strict-Transport-Security": "max-age=31536000; includeSubDomains; preload",
        "X-Content-Type-Options": "nosniff",
        "x-envoy-upstream-service-time": "153",
        "X-Request-ID": "2b995722-31fc-4cda-b8d1-93ceab183b29"
      },
      "ResponseBody": {
        "anomalyAlertingConfigurationId": "1a827bc3-0109-44c1-b87f-870b3d09a0bb",
        "name": "update",
        "description": "update description",
        "crossMetricsOperator": "OR",
        "splitAlertByDimensions": [],
        "hookIds": [],
        "metricAlertingConfigurations": [
          {
            "anomalyDetectionConfigurationId": "e64d4d7c-097d-4d06-9cca-6047e50c9fe7",
            "anomalyScopeType": "TopN",
            "negationOperation": false,
            "topNAnomalyScope": {
              "top": 5,
              "period": 10,
              "minTopCount": 9
            },
            "severityFilter": {
              "minAlertSeverity": "Low",
              "maxAlertSeverity": "High"
            },
            "valueFilter": {
              "lower": 1.0,
              "upper": 5.0,
              "direction": "Both",
              "metricId": "6e426263-46a7-4cf0-81af-d9b54d90ec16",
              "triggerForMissing": false,
              "type": "Value"
            }
          },
          {
            "anomalyDetectionConfigurationId": "e64d4d7c-097d-4d06-9cca-6047e50c9fe7",
            "anomalyScopeType": "Dimension",
            "negationOperation": false,
            "dimensionAnomalyScope": {
              "dimension": {
                "region": "Shenzhen"
              }
            },
            "severityFilter": {
              "minAlertSeverity": "Low",
              "maxAlertSeverity": "High"
            },
            "valueFilter": {
              "lower": 1.0,
              "upper": 5.0,
              "direction": "Both",
              "triggerForMissing": false,
              "type": "Value"
            }
          },
          {
            "anomalyDetectionConfigurationId": "e64d4d7c-097d-4d06-9cca-6047e50c9fe7",
            "anomalyScopeType": "All",
            "negationOperation": false,
            "severityFilter": {
              "minAlertSeverity": "Low",
              "maxAlertSeverity": "High"
            },
            "valueFilter": {
              "lower": 1.0,
              "upper": 5.0,
              "direction": "Both",
              "triggerForMissing": false,
              "type": "Value"
            }
          }
        ]
      }
    },
    {
      "RequestUri": "https://fakeendpoint.cognitiveservices.azure.com/metricsadvisor/v1.0/dataFeeds/1f2b8419-82c9-4eea-a1a1-286b135d27e2",
      "RequestMethod": "DELETE",
      "RequestHeaders": {
        "Accept": "application/json",
        "Accept-Encoding": "gzip, deflate",
        "Content-Length": "0",
        "User-Agent": "azsdk-python-ai-metricsadvisor/1.0.1 Python/3.10.0 (Windows-10-10.0.22000-SP0)",
        "x-ms-client-request-id": "fd38bc59-5e0c-11ec-b19b-6245b51668de"
      },
      "RequestBody": null,
      "StatusCode": 204,
      "ResponseHeaders": {
        "apim-request-id": "42d517ce-bbfe-4ced-b823-0003592baac6",
        "Content-Length": "0",
        "Date": "Thu, 16 Dec 2021 01:10:41 GMT",
        "Strict-Transport-Security": "max-age=31536000; includeSubDomains; preload",
        "X-Content-Type-Options": "nosniff",
        "x-envoy-upstream-service-time": "360",
        "X-Request-ID": "42d517ce-bbfe-4ced-b823-0003592baac6"
      },
      "ResponseBody": null
    }
  ],
  "Variables": {
    "alert_config_id": "1a827bc3-0109-44c1-b87f-870b3d09a0bb",
    "alert_config_name": "alertconfiguxs6f4g3zwxhx",
    "data_feed_id": "1f2b8419-82c9-4eea-a1a1-286b135d27e2",
    "data_feed_metric_id": "6e426263-46a7-4cf0-81af-d9b54d90ec16",
    "data_feed_name": "datafeed336vypkeyeli6hgj",
    "detection_config_id": "e64d4d7c-097d-4d06-9cca-6047e50c9fe7",
    "detection_config_name": "detectionconfiga3zjwpml6"
  }
}
