{
  "Entries": [
    {
      "RequestUri": "https://fakeendpoint.cognitiveservices.azure.com/metricsadvisor/v1.0/enrichment/anomalyDetection/configurations/de6b7d98-17d2-48de-a648-d6d788fe1e29",
      "RequestMethod": "PATCH",
      "RequestHeaders": {
        "Accept": "application/json",
        "Accept-Encoding": "gzip, deflate",
        "Content-Length": "36",
        "Content-Type": "application/merge-patch\u002Bjson",
        "User-Agent": "azsdk-python-ai-metricsadvisor/1.0.1 Python/3.10.0 (Windows-10-10.0.22000-SP0)",
        "x-ms-client-request-id": "48df8f5a-5e0d-11ec-a96b-6245b51668de"
      },
      "RequestBody": "{\u0022name\u0022: \u0022reset\u0022, \u0022description\u0022: \u0022\u0022}",
      "StatusCode": 200,
      "ResponseHeaders": {
        "apim-request-id": "ad6f40e0-ec53-4bcf-ada4-f6792ecbc1b9",
        "Content-Length": "1138",
        "Content-Type": "application/json; charset=utf-8",
        "Date": "Thu, 16 Dec 2021 01:12:48 GMT",
        "Strict-Transport-Security": "max-age=31536000; includeSubDomains; preload",
        "X-Content-Type-Options": "nosniff",
        "x-envoy-upstream-service-time": "305",
        "X-Request-ID": "ad6f40e0-ec53-4bcf-ada4-f6792ecbc1b9"
      },
      "ResponseBody": {
        "anomalyDetectionConfigurationId": "de6b7d98-17d2-48de-a648-d6d788fe1e29",
        "name": "reset",
        "description": "",
        "metricId": "c66cc1c4-3c16-443a-b87a-41e5d2d9b840",
        "wholeMetricConfiguration": {
          "conditionOperator": "AND",
          "smartDetectionCondition": {
            "sensitivity": 50.0,
            "anomalyDetectorDirection": "Both",
            "suppressCondition": {
              "minNumber": 5,
              "minRatio": 5.0
            }
          },
          "hardThresholdCondition": {
            "lowerBound": 0.0,
            "upperBound": 100.0,
            "anomalyDetectorDirection": "Both",
            "suppressCondition": {
              "minNumber": 5,
              "minRatio": 5.0
            }
          },
          "changeThresholdCondition": {
            "changePercentage": 50.0,
            "shiftPoint": 30,
            "anomalyDetectorDirection": "Both",
            "withinRange": true,
            "suppressCondition": {
              "minNumber": 2,
              "minRatio": 2.0
            }
          }
        },
        "dimensionGroupOverrideConfigurations": [
          {
            "group": {
              "dimension": {
                "region": "Beijing"
              }
            },
            "smartDetectionCondition": {
              "sensitivity": 63.0,
              "anomalyDetectorDirection": "Both",
              "suppressCondition": {
                "minNumber": 1,
                "minRatio": 100.0
              }
            }
          }
        ],
        "seriesOverrideConfigurations": [
          {
            "series": {
              "dimension": {
                "region": "Beijing",
                "category": "Shoes Handbags \u0026 Sunglasses"
              }
            },
            "smartDetectionCondition": {
              "sensitivity": 63.0,
              "anomalyDetectorDirection": "Both",
              "suppressCondition": {
                "minNumber": 1,
                "minRatio": 100.0
              }
            }
          }
        ]
      }
    },
    {
      "RequestUri": "https://fakeendpoint.cognitiveservices.azure.com/metricsadvisor/v1.0/enrichment/anomalyDetection/configurations/de6b7d98-17d2-48de-a648-d6d788fe1e29",
      "RequestMethod": "GET",
      "RequestHeaders": {
        "Accept": "application/json",
        "Accept-Encoding": "gzip, deflate",
        "User-Agent": "azsdk-python-ai-metricsadvisor/1.0.1 Python/3.10.0 (Windows-10-10.0.22000-SP0)",
        "x-ms-client-request-id": "4916ae5e-5e0d-11ec-87a7-6245b51668de"
      },
      "RequestBody": null,
      "StatusCode": 200,
      "ResponseHeaders": {
        "apim-request-id": "d1227c51-acc9-4c1d-9eeb-84141585434e",
        "Content-Length": "1138",
        "Content-Type": "application/json; charset=utf-8",
        "Date": "Thu, 16 Dec 2021 01:12:48 GMT",
        "Strict-Transport-Security": "max-age=31536000; includeSubDomains; preload",
        "X-Content-Type-Options": "nosniff",
        "x-envoy-upstream-service-time": "124",
        "X-Request-ID": "d1227c51-acc9-4c1d-9eeb-84141585434e"
      },
      "ResponseBody": {
        "anomalyDetectionConfigurationId": "de6b7d98-17d2-48de-a648-d6d788fe1e29",
        "name": "reset",
        "description": "",
        "metricId": "c66cc1c4-3c16-443a-b87a-41e5d2d9b840",
        "wholeMetricConfiguration": {
          "conditionOperator": "AND",
          "smartDetectionCondition": {
            "sensitivity": 50.0,
            "anomalyDetectorDirection": "Both",
            "suppressCondition": {
              "minNumber": 5,
              "minRatio": 5.0
            }
          },
          "hardThresholdCondition": {
            "lowerBound": 0.0,
            "upperBound": 100.0,
            "anomalyDetectorDirection": "Both",
            "suppressCondition": {
              "minNumber": 5,
              "minRatio": 5.0
            }
          },
          "changeThresholdCondition": {
            "changePercentage": 50.0,
            "shiftPoint": 30,
            "anomalyDetectorDirection": "Both",
            "withinRange": true,
            "suppressCondition": {
              "minNumber": 2,
              "minRatio": 2.0
            }
          }
        },
        "dimensionGroupOverrideConfigurations": [
          {
            "group": {
              "dimension": {
                "region": "Beijing"
              }
            },
            "smartDetectionCondition": {
              "sensitivity": 63.0,
              "anomalyDetectorDirection": "Both",
              "suppressCondition": {
                "minNumber": 1,
                "minRatio": 100.0
              }
            }
          }
        ],
        "seriesOverrideConfigurations": [
          {
            "series": {
              "dimension": {
                "region": "Beijing",
                "category": "Shoes Handbags \u0026 Sunglasses"
              }
            },
            "smartDetectionCondition": {
              "sensitivity": 63.0,
              "anomalyDetectorDirection": "Both",
              "suppressCondition": {
                "minNumber": 1,
                "minRatio": 100.0
              }
            }
          }
        ]
      }
    },
    {
      "RequestUri": "https://fakeendpoint.cognitiveservices.azure.com/metricsadvisor/v1.0/dataFeeds/c3136447-8d6b-46af-9b80-8e2c0783048e",
      "RequestMethod": "DELETE",
      "RequestHeaders": {
        "Accept": "application/json",
        "Accept-Encoding": "gzip, deflate",
        "Content-Length": "0",
        "User-Agent": "azsdk-python-ai-metricsadvisor/1.0.1 Python/3.10.0 (Windows-10-10.0.22000-SP0)",
        "x-ms-client-request-id": "492f0e99-5e0d-11ec-9b48-6245b51668de"
      },
      "RequestBody": null,
      "StatusCode": 204,
      "ResponseHeaders": {
        "apim-request-id": "307f3cfa-d4d0-4029-ad55-a73015fda7dd",
        "Content-Length": "0",
        "Date": "Thu, 16 Dec 2021 01:12:49 GMT",
        "Strict-Transport-Security": "max-age=31536000; includeSubDomains; preload",
        "X-Content-Type-Options": "nosniff",
        "x-envoy-upstream-service-time": "282",
        "X-Request-ID": "307f3cfa-d4d0-4029-ad55-a73015fda7dd"
      },
      "ResponseBody": null
    }
  ],
  "Variables": {
    "data_feed_id": "c3136447-8d6b-46af-9b80-8e2c0783048e",
    "data_feed_metric_id": "c66cc1c4-3c16-443a-b87a-41e5d2d9b840",
    "data_feed_name": "datafeedl2sega2vfqilhikq",
    "detection_config_id": "de6b7d98-17d2-48de-a648-d6d788fe1e29",
    "detection_config_name": "detectionconfiggzcjtl2t3"
  }
}
