{
  "Entries": [
    {
      "RequestUri": "https://fakeendpoint.cognitiveservices.azure.com/metricsadvisor/v1.0/credentials",
      "RequestMethod": "POST",
      "RequestHeaders": {
        "Accept": "application/json",
        "Accept-Encoding": "gzip, deflate",
        "Content-Length": "517",
        "Content-Type": "application/json",
        "User-Agent": "azsdk-python-ai-metricsadvisor/1.0.1 Python/3.10.0 (Windows-10-10.0.22000-SP0)",
        "x-ms-client-request-id": "113de4f1-5e0d-11ec-87a5-6245b51668de"
      },
      "RequestBody": "{\u0022dataSourceCredentialType\u0022: \u0022ServicePrincipalInKV\u0022, \u0022dataSourceCredentialName\u0022: \u0022testserviceprincipalcredential67ea094d-0ef2-4584-a882-ad054e0ca50a\u0022, \u0022dataSourceCredentialDescription\u0022: \u0022my credential\u0022, \u0022parameters\u0022: {\u0022keyVaultEndpoint\u0022: \u0022key_vault_endpoint\u0022, \u0022keyVaultClientId\u0022: \u0022key_vault_client_id\u0022, \u0022keyVaultClientSecret\u0022: \u0022key_vault_client_secret\u0022, \u0022servicePrincipalIdNameInKV\u0022: \u0022service_principal_id_name_in_kv\u0022, \u0022servicePrincipalSecretNameInKV\u0022: \u0022service_principal_secret_name_in_kv\u0022, \u0022tenantId\u0022: \u0022tenant_id\u0022}}",
      "StatusCode": 201,
      "ResponseHeaders": {
        "apim-request-id": "5854a3e7-5992-443c-8af8-bd224e4b98ba",
        "Content-Length": "0",
        "Date": "Thu, 16 Dec 2021 01:11:15 GMT",
        "Location": "https://fakeendpoint.cognitiveservices.azure.com/metricsadvisor/v1.0/credentials/b444ea94-45b7-4b1b-a929-0fd3399c1b87",
        "Strict-Transport-Security": "max-age=31536000; includeSubDomains; preload",
        "X-Content-Type-Options": "nosniff",
        "x-envoy-upstream-service-time": "229",
        "X-Request-ID": "5854a3e7-5992-443c-8af8-bd224e4b98ba"
      },
      "ResponseBody": null
    },
    {
      "RequestUri": "https://fakeendpoint.cognitiveservices.azure.com/metricsadvisor/v1.0/credentials/b444ea94-45b7-4b1b-a929-0fd3399c1b87",
      "RequestMethod": "GET",
      "RequestHeaders": {
        "Accept": "application/json",
        "Accept-Encoding": "gzip, deflate",
        "User-Agent": "azsdk-python-ai-metricsadvisor/1.0.1 Python/3.10.0 (Windows-10-10.0.22000-SP0)",
        "x-ms-client-request-id": "11687d76-5e0d-11ec-90ab-6245b51668de"
      },
      "RequestBody": null,
      "StatusCode": 200,
      "ResponseHeaders": {
        "apim-request-id": "c041164c-e145-4d6c-bcd1-8739546f5162",
        "Content-Length": "514",
        "Content-Type": "application/json; charset=utf-8",
        "Date": "Thu, 16 Dec 2021 01:11:15 GMT",
        "Strict-Transport-Security": "max-age=31536000; includeSubDomains; preload",
        "X-Content-Type-Options": "nosniff",
        "x-envoy-upstream-service-time": "116",
        "X-Request-ID": "c041164c-e145-4d6c-bcd1-8739546f5162"
      },
      "ResponseBody": {
        "dataSourceCredentialId": "b444ea94-45b7-4b1b-a929-0fd3399c1b87",
        "dataSourceCredentialName": "testserviceprincipalcredential67ea094d-0ef2-4584-a882-ad054e0ca50a",
        "dataSourceCredentialDescription": "my credential",
        "dataSourceCredentialType": "ServicePrincipalInKV",
        "parameters": {
          "servicePrincipalSecretNameInKV": "service_principal_secret_name_in_kv",
          "servicePrincipalIdNameInKV": "service_principal_id_name_in_kv",
          "tenantId": "tenant_id",
          "keyVaultClientId": "key_vault_client_id",
          "keyVaultEndpoint": "key_vault_endpoint"
        }
      }
    },
    {
      "RequestUri": "https://fakeendpoint.cognitiveservices.azure.com/metricsadvisor/v1.0/credentials/b444ea94-45b7-4b1b-a929-0fd3399c1b87",
      "RequestMethod": "PATCH",
      "RequestHeaders": {
        "Accept": "application/json",
        "Accept-Encoding": "gzip, deflate",
        "Content-Length": "411",
        "Content-Type": "application/merge-patch\u002Bjson",
        "User-Agent": "azsdk-python-ai-metricsadvisor/1.0.1 Python/3.10.0 (Windows-10-10.0.22000-SP0)",
        "x-ms-client-request-id": "117fb439-5e0d-11ec-a644-6245b51668de"
      },
      "RequestBody": "{\u0022dataSourceCredentialType\u0022: \u0022ServicePrincipalInKV\u0022, \u0022dataSourceCredentialName\u0022: \u0022testserviceprincipalcredential67ea094d-0ef2-4584-a882-ad054e0ca50a\u0022, \u0022dataSourceCredentialDescription\u0022: \u0022update\u0022, \u0022parameters\u0022: {\u0022keyVaultEndpoint\u0022: \u0022update\u0022, \u0022keyVaultClientId\u0022: \u0022update\u0022, \u0022keyVaultClientSecret\u0022: \u0022update\u0022, \u0022servicePrincipalIdNameInKV\u0022: \u0022update\u0022, \u0022servicePrincipalSecretNameInKV\u0022: \u0022update\u0022, \u0022tenantId\u0022: \u0022update\u0022}}",
      "StatusCode": 200,
      "ResponseHeaders": {
        "apim-request-id": "14983d4c-bf81-4bf0-9a15-0e7c38d0c323",
        "Content-Length": "425",
        "Content-Type": "application/json; charset=utf-8",
        "Date": "Thu, 16 Dec 2021 01:11:16 GMT",
        "Strict-Transport-Security": "max-age=31536000; includeSubDomains; preload",
        "X-Content-Type-Options": "nosniff",
        "x-envoy-upstream-service-time": "454",
        "X-Request-ID": "14983d4c-bf81-4bf0-9a15-0e7c38d0c323"
      },
      "ResponseBody": {
        "dataSourceCredentialId": "b444ea94-45b7-4b1b-a929-0fd3399c1b87",
        "dataSourceCredentialName": "testserviceprincipalcredential67ea094d-0ef2-4584-a882-ad054e0ca50a",
        "dataSourceCredentialDescription": "update",
        "dataSourceCredentialType": "ServicePrincipalInKV",
        "parameters": {
          "servicePrincipalSecretNameInKV": "update",
          "servicePrincipalIdNameInKV": "update",
          "tenantId": "update",
          "keyVaultClientId": "update",
          "keyVaultEndpoint": "update"
        }
      }
    },
    {
      "RequestUri": "https://fakeendpoint.cognitiveservices.azure.com/metricsadvisor/v1.0/credentials/b444ea94-45b7-4b1b-a929-0fd3399c1b87",
      "RequestMethod": "DELETE",
      "RequestHeaders": {
        "Accept": "application/json",
        "Accept-Encoding": "gzip, deflate",
        "Content-Length": "0",
        "User-Agent": "azsdk-python-ai-metricsadvisor/1.0.1 Python/3.10.0 (Windows-10-10.0.22000-SP0)",
        "x-ms-client-request-id": "11c9d1d8-5e0d-11ec-a1db-6245b51668de"
      },
      "RequestBody": null,
      "StatusCode": 204,
      "ResponseHeaders": {
        "apim-request-id": "f597be0f-322d-42f4-adf8-e777f8162973",
        "Content-Length": "0",
        "Date": "Thu, 16 Dec 2021 01:11:16 GMT",
        "Strict-Transport-Security": "max-age=31536000; includeSubDomains; preload",
        "X-Content-Type-Options": "nosniff",
        "x-envoy-upstream-service-time": "130",
        "X-Request-ID": "f597be0f-322d-42f4-adf8-e777f8162973"
      },
      "ResponseBody": null
    }
  ],
  "Variables": {
    "credential_id": "b444ea94-45b7-4b1b-a929-0fd3399c1b87",
    "credential_name": "testserviceprincipalcredential67ea094d-0ef2-4584-a882-ad054e0ca50a"
  }
}
