{
  "Entries": [
    {
      "RequestUri": "https://fakeendpoint.cognitiveservices.azure.com/metricsadvisor/v1.0/enrichment/anomalyDetection/configurations",
      "RequestMethod": "POST",
      "RequestHeaders": {
        "Accept": "application/json",
        "Accept-Encoding": "gzip, deflate",
        "Content-Length": "2436",
        "Content-Type": "application/json",
        "User-Agent": "azsdk-python-ai-metricsadvisor/1.1.0 Python/3.10.0 (Windows-10-10.0.22621-SP0)"
      },
      "RequestBody": {
        "name": "testdetectionconfig28b8b076-07e0-43b2-9b16-50549056f308",
        "description": "My test metric anomaly detection configuration",
        "metricId": "145f1032-d0aa-4842-b279-0cc3938a6797",
        "wholeMetricConfiguration": {
          "conditionOperator": "AND",
          "smartDetectionCondition": {
            "sensitivity": 50.0,
            "anomalyDetectorDirection": "Both",
            "suppressCondition": {
              "minNumber": 5,
              "minRatio": 5.0
            }
          },
          "hardThresholdCondition": {
            "lowerBound": 0.0,
            "upperBound": 100.0,
            "anomalyDetectorDirection": "Both",
            "suppressCondition": {
              "minNumber": 5,
              "minRatio": 5.0
            }
          },
          "changeThresholdCondition": {
            "changePercentage": 50.0,
            "shiftPoint": 30,
            "withinRange": true,
            "anomalyDetectorDirection": "Both",
            "suppressCondition": {
              "minNumber": 2,
              "minRatio": 2.0
            }
          }
        },
        "dimensionGroupOverrideConfigurations": [
          {
            "conditionOperator": "AND",
            "smartDetectionCondition": {
              "sensitivity": 63.0,
              "anomalyDetectorDirection": "Both",
              "suppressCondition": {
                "minNumber": 1,
                "minRatio": 100.0
              }
            },
            "hardThresholdCondition": {
              "lowerBound": 0.0,
              "upperBound": 100.0,
              "anomalyDetectorDirection": "Both",
              "suppressCondition": {
                "minNumber": 5,
                "minRatio": 5.0
              }
            },
            "changeThresholdCondition": {
              "changePercentage": 50.0,
              "shiftPoint": 30,
              "withinRange": true,
              "anomalyDetectorDirection": "Both",
              "suppressCondition": {
                "minNumber": 2,
                "minRatio": 2.0
              }
            },
            "group": {
              "dimension": {
                "region": "Sao Paulo"
              }
            }
          },
          {
            "conditionOperator": "AND",
            "smartDetectionCondition": {
              "sensitivity": 63.0,
              "anomalyDetectorDirection": "Both",
              "suppressCondition": {
                "minNumber": 1,
                "minRatio": 100.0
              }
            },
            "group": {
              "dimension": {
                "region": "Seoul"
              }
            }
          }
        ],
        "seriesOverrideConfigurations": [
          {
            "conditionOperator": "AND",
            "smartDetectionCondition": {
              "sensitivity": 63.0,
              "anomalyDetectorDirection": "Both",
              "suppressCondition": {
                "minNumber": 1,
                "minRatio": 100.0
              }
            },
            "hardThresholdCondition": {
              "lowerBound": 0.0,
              "upperBound": 100.0,
              "anomalyDetectorDirection": "Both",
              "suppressCondition": {
                "minNumber": 5,
                "minRatio": 5.0
              }
            },
            "changeThresholdCondition": {
              "changePercentage": 50.0,
              "shiftPoint": 30,
              "withinRange": true,
              "anomalyDetectorDirection": "Both",
              "suppressCondition": {
                "minNumber": 2,
                "minRatio": 2.0
              }
            },
            "series": {
              "dimension": {
                "region": "Shenzhen",
                "category": "Jewelry"
              }
            }
          },
          {
            "conditionOperator": "AND",
            "smartDetectionCondition": {
              "sensitivity": 63.0,
              "anomalyDetectorDirection": "Both",
              "suppressCondition": {
                "minNumber": 1,
                "minRatio": 100.0
              }
            },
            "series": {
              "dimension": {
                "region": "Osaka",
                "category": "Cell Phones"
              }
            }
          }
        ]
      },
      "StatusCode": 201,
      "ResponseHeaders": {
        "apim-request-id": "01af4728-5e42-4d0b-89d1-7ab679bc79a2",
        "Content-Length": "0",
        "Date": "Thu, 29 Sep 2022 23:26:06 GMT",
        "Location": "https://fakeendpoint.cognitiveservices.azure.com/metricsadvisor/v1.0/enrichment/anomalyDetection/configurations/376e4525-75fb-49f7-9456-ef6bfcb7a61d",
        "Strict-Transport-Security": "max-age=31536000; includeSubDomains; preload",
        "X-Content-Type-Options": "nosniff",
        "x-envoy-upstream-service-time": "230",
        "X-Request-ID": "01af4728-5e42-4d0b-89d1-7ab679bc79a2"
      },
      "ResponseBody": null
    },
    {
      "RequestUri": "https://fakeendpoint.cognitiveservices.azure.com/metricsadvisor/v1.0/enrichment/anomalyDetection/configurations/376e4525-75fb-49f7-9456-ef6bfcb7a61d",
      "RequestMethod": "GET",
      "RequestHeaders": {
        "Accept": "application/json",
        "Accept-Encoding": "gzip, deflate",
        "User-Agent": "azsdk-python-ai-metricsadvisor/1.1.0 Python/3.10.0 (Windows-10-10.0.22621-SP0)"
      },
      "RequestBody": null,
      "StatusCode": 200,
      "ResponseHeaders": {
        "apim-request-id": "0df6e94e-e311-4f0c-b98a-1dc71308825a",
        "Content-Length": "2291",
        "Content-Type": "application/json; charset=utf-8",
        "Date": "Thu, 29 Sep 2022 23:26:06 GMT",
        "Strict-Transport-Security": "max-age=31536000; includeSubDomains; preload",
        "X-Content-Type-Options": "nosniff",
        "x-envoy-upstream-service-time": "94",
        "X-Request-ID": "0df6e94e-e311-4f0c-b98a-1dc71308825a"
      },
      "ResponseBody": {
        "anomalyDetectionConfigurationId": "376e4525-75fb-49f7-9456-ef6bfcb7a61d",
        "name": "testdetectionconfig28b8b076-07e0-43b2-9b16-50549056f308",
        "description": "My test metric anomaly detection configuration",
        "metricId": "145f1032-d0aa-4842-b279-0cc3938a6797",
        "wholeMetricConfiguration": {
          "conditionOperator": "AND",
          "smartDetectionCondition": {
            "sensitivity": 50.0,
            "anomalyDetectorDirection": "Both",
            "suppressCondition": {
              "minNumber": 5,
              "minRatio": 5.0
            }
          },
          "hardThresholdCondition": {
            "lowerBound": 0.0,
            "upperBound": 100.0,
            "anomalyDetectorDirection": "Both",
            "suppressCondition": {
              "minNumber": 5,
              "minRatio": 5.0
            }
          },
          "changeThresholdCondition": {
            "changePercentage": 50.0,
            "shiftPoint": 30,
            "anomalyDetectorDirection": "Both",
            "withinRange": true,
            "suppressCondition": {
              "minNumber": 2,
              "minRatio": 2.0
            }
          }
        },
        "dimensionGroupOverrideConfigurations": [
          {
            "group": {
              "dimension": {
                "region": "Sao Paulo"
              }
            },
            "conditionOperator": "AND",
            "smartDetectionCondition": {
              "sensitivity": 63.0,
              "anomalyDetectorDirection": "Both",
              "suppressCondition": {
                "minNumber": 1,
                "minRatio": 100.0
              }
            },
            "hardThresholdCondition": {
              "lowerBound": 0.0,
              "upperBound": 100.0,
              "anomalyDetectorDirection": "Both",
              "suppressCondition": {
                "minNumber": 5,
                "minRatio": 5.0
              }
            },
            "changeThresholdCondition": {
              "changePercentage": 50.0,
              "shiftPoint": 30,
              "anomalyDetectorDirection": "Both",
              "withinRange": true,
              "suppressCondition": {
                "minNumber": 2,
                "minRatio": 2.0
              }
            }
          },
          {
            "group": {
              "dimension": {
                "region": "Seoul"
              }
            },
            "smartDetectionCondition": {
              "sensitivity": 63.0,
              "anomalyDetectorDirection": "Both",
              "suppressCondition": {
                "minNumber": 1,
                "minRatio": 100.0
              }
            }
          }
        ],
        "seriesOverrideConfigurations": [
          {
            "series": {
              "dimension": {
                "region": "Shenzhen",
                "category": "Jewelry"
              }
            },
            "conditionOperator": "AND",
            "smartDetectionCondition": {
              "sensitivity": 63.0,
              "anomalyDetectorDirection": "Both",
              "suppressCondition": {
                "minNumber": 1,
                "minRatio": 100.0
              }
            },
            "hardThresholdCondition": {
              "lowerBound": 0.0,
              "upperBound": 100.0,
              "anomalyDetectorDirection": "Both",
              "suppressCondition": {
                "minNumber": 5,
                "minRatio": 5.0
              }
            },
            "changeThresholdCondition": {
              "changePercentage": 50.0,
              "shiftPoint": 30,
              "anomalyDetectorDirection": "Both",
              "withinRange": true,
              "suppressCondition": {
                "minNumber": 2,
                "minRatio": 2.0
              }
            }
          },
          {
            "series": {
              "dimension": {
                "region": "Osaka",
                "category": "Cell Phones"
              }
            },
            "smartDetectionCondition": {
              "sensitivity": 63.0,
              "anomalyDetectorDirection": "Both",
              "suppressCondition": {
                "minNumber": 1,
                "minRatio": 100.0
              }
            }
          }
        ]
      }
    },
    {
      "RequestUri": "https://fakeendpoint.cognitiveservices.azure.com/metricsadvisor/v1.0/dataFeeds/43d2ab4d-0452-4299-9c3c-01fba707cedd",
      "RequestMethod": "DELETE",
      "RequestHeaders": {
        "Accept": "application/json",
        "Accept-Encoding": "gzip, deflate",
        "Content-Length": "0",
        "User-Agent": "azsdk-python-ai-metricsadvisor/1.1.0 Python/3.10.0 (Windows-10-10.0.22621-SP0)"
      },
      "RequestBody": null,
      "StatusCode": 204,
      "ResponseHeaders": {
        "apim-request-id": "bc54f1e6-9611-4ee8-93b5-dad42f989ee5",
        "Content-Length": "0",
        "Date": "Thu, 29 Sep 2022 23:26:06 GMT",
        "Strict-Transport-Security": "max-age=31536000; includeSubDomains; preload",
        "X-Content-Type-Options": "nosniff",
        "x-envoy-upstream-service-time": "275",
        "X-Request-ID": "bc54f1e6-9611-4ee8-93b5-dad42f989ee5"
      },
      "ResponseBody": null
    }
  ],
  "Variables": {
    "data_feed_id": "43d2ab4d-0452-4299-9c3c-01fba707cedd",
    "data_feed_metric_id": "145f1032-d0aa-4842-b279-0cc3938a6797",
    "data_feed_name": "datafeed377a5dfb-c9d4-46b5-beeb-3e0a70f473dc",
    "detection_config_name": "testdetectionconfig28b8b076-07e0-43b2-9b16-50549056f308"
  }
}
