{
  "Entries": [
    {
      "RequestUri": "https://fakeendpoint.cognitiveservices.azure.com/metricsadvisor/v1.0/enrichment/anomalyDetection/configurations/b18cc0e5-69b2-4a1f-969e-cf547b6b4aa4",
      "RequestMethod": "PATCH",
      "RequestHeaders": {
        "Accept": "application/json",
        "Accept-Encoding": "gzip, deflate",
        "Content-Length": "1791",
        "Content-Type": "application/merge-patch\u002Bjson",
        "User-Agent": "azsdk-python-ai-metricsadvisor/1.0.1 Python/3.10.0 (Windows-10-10.0.22000-SP0)",
        "x-ms-client-request-id": "d912cad2-5e1f-11ec-952d-6245b51668de"
      },
      "RequestBody": "{\u0022name\u0022: \u0022update814369b8-10fd-4f06-9915-b290d3f4f0b1\u0022, \u0022wholeMetricConfiguration\u0022: {\u0022conditionOperator\u0022: \u0022OR\u0022, \u0022smartDetectionCondition\u0022: {\u0022sensitivity\u0022: 10.0, \u0022anomalyDetectorDirection\u0022: \u0022Up\u0022, \u0022suppressCondition\u0022: {\u0022minNumber\u0022: 5, \u0022minRatio\u0022: 2.0}}, \u0022hardThresholdCondition\u0022: {\u0022upperBound\u0022: 100.0, \u0022anomalyDetectorDirection\u0022: \u0022Up\u0022, \u0022suppressCondition\u0022: {\u0022minNumber\u0022: 5, \u0022minRatio\u0022: 2.0}}, \u0022changeThresholdCondition\u0022: {\u0022changePercentage\u0022: 20.0, \u0022shiftPoint\u0022: 10, \u0022withinRange\u0022: true, \u0022anomalyDetectorDirection\u0022: \u0022Both\u0022, \u0022suppressCondition\u0022: {\u0022minNumber\u0022: 5, \u0022minRatio\u0022: 2.0}}}, \u0022dimensionGroupOverrideConfigurations\u0022: [{\u0022group\u0022: {\u0022dimension\u0022: {\u0022region\u0022: \u0022Shenzen\u0022}}, \u0022conditionOperator\u0022: \u0022AND\u0022, \u0022smartDetectionCondition\u0022: {\u0022sensitivity\u0022: 10.0, \u0022anomalyDetectorDirection\u0022: \u0022Up\u0022, \u0022suppressCondition\u0022: {\u0022minNumber\u0022: 5, \u0022minRatio\u0022: 2.0}}, \u0022hardThresholdCondition\u0022: {\u0022upperBound\u0022: 100.0, \u0022anomalyDetectorDirection\u0022: \u0022Up\u0022, \u0022suppressCondition\u0022: {\u0022minNumber\u0022: 5, \u0022minRatio\u0022: 2.0}}, \u0022changeThresholdCondition\u0022: {\u0022changePercentage\u0022: 20.0, \u0022shiftPoint\u0022: 10, \u0022withinRange\u0022: true, \u0022anomalyDetectorDirection\u0022: \u0022Both\u0022, \u0022suppressCondition\u0022: {\u0022minNumber\u0022: 5, \u0022minRatio\u0022: 2.0}}}], \u0022seriesOverrideConfigurations\u0022: [{\u0022series\u0022: {\u0022dimension\u0022: {\u0022region\u0022: \u0022San Paulo\u0022, \u0022category\u0022: \u0022Jewelry\u0022}}, \u0022conditionOperator\u0022: \u0022AND\u0022, \u0022smartDetectionCondition\u0022: {\u0022sensitivity\u0022: 10.0, \u0022anomalyDetectorDirection\u0022: \u0022Up\u0022, \u0022suppressCondition\u0022: {\u0022minNumber\u0022: 5, \u0022minRatio\u0022: 2.0}}, \u0022hardThresholdCondition\u0022: {\u0022upperBound\u0022: 100.0, \u0022anomalyDetectorDirection\u0022: \u0022Up\u0022, \u0022suppressCondition\u0022: {\u0022minNumber\u0022: 5, \u0022minRatio\u0022: 2.0}}, \u0022changeThresholdCondition\u0022: {\u0022changePercentage\u0022: 20.0, \u0022shiftPoint\u0022: 10, \u0022withinRange\u0022: true, \u0022anomalyDetectorDirection\u0022: \u0022Both\u0022, \u0022suppressCondition\u0022: {\u0022minNumber\u0022: 5, \u0022minRatio\u0022: 2.0}}}], \u0022description\u0022: \u0022updated\u0022}",
      "StatusCode": 200,
      "ResponseHeaders": {
        "apim-request-id": "1e0ef1a7-b558-481a-ae0b-967d392a1c23",
        "Content-Length": "1790",
        "Content-Type": "application/json; charset=utf-8",
        "Date": "Thu, 16 Dec 2021 03:25:41 GMT",
        "Strict-Transport-Security": "max-age=31536000; includeSubDomains; preload",
        "X-Content-Type-Options": "nosniff",
        "x-envoy-upstream-service-time": "384",
        "X-Request-ID": "1e0ef1a7-b558-481a-ae0b-967d392a1c23"
      },
      "ResponseBody": {
        "anomalyDetectionConfigurationId": "b18cc0e5-69b2-4a1f-969e-cf547b6b4aa4",
        "name": "update814369b8-10fd-4f06-9915-b290d3f4f0b1",
        "description": "updated",
        "metricId": "67b23f9e-cd15-40d6-ba2e-d7cf7758b9cc",
        "wholeMetricConfiguration": {
          "conditionOperator": "OR",
          "smartDetectionCondition": {
            "sensitivity": 10.0,
            "anomalyDetectorDirection": "Up",
            "suppressCondition": {
              "minNumber": 5,
              "minRatio": 2.0
            }
          },
          "hardThresholdCondition": {
            "upperBound": 100.0,
            "anomalyDetectorDirection": "Up",
            "suppressCondition": {
              "minNumber": 5,
              "minRatio": 2.0
            }
          },
          "changeThresholdCondition": {
            "changePercentage": 20.0,
            "shiftPoint": 10,
            "anomalyDetectorDirection": "Both",
            "withinRange": true,
            "suppressCondition": {
              "minNumber": 5,
              "minRatio": 2.0
            }
          }
        },
        "dimensionGroupOverrideConfigurations": [
          {
            "group": {
              "dimension": {
                "region": "Shenzen"
              }
            },
            "conditionOperator": "AND",
            "smartDetectionCondition": {
              "sensitivity": 10.0,
              "anomalyDetectorDirection": "Up",
              "suppressCondition": {
                "minNumber": 5,
                "minRatio": 2.0
              }
            },
            "hardThresholdCondition": {
              "upperBound": 100.0,
              "anomalyDetectorDirection": "Up",
              "suppressCondition": {
                "minNumber": 5,
                "minRatio": 2.0
              }
            },
            "changeThresholdCondition": {
              "changePercentage": 20.0,
              "shiftPoint": 10,
              "anomalyDetectorDirection": "Both",
              "withinRange": true,
              "suppressCondition": {
                "minNumber": 5,
                "minRatio": 2.0
              }
            }
          }
        ],
        "seriesOverrideConfigurations": [
          {
            "series": {
              "dimension": {
                "region": "San Paulo",
                "category": "Jewelry"
              }
            },
            "conditionOperator": "AND",
            "smartDetectionCondition": {
              "sensitivity": 10.0,
              "anomalyDetectorDirection": "Up",
              "suppressCondition": {
                "minNumber": 5,
                "minRatio": 2.0
              }
            },
            "hardThresholdCondition": {
              "upperBound": 100.0,
              "anomalyDetectorDirection": "Up",
              "suppressCondition": {
                "minNumber": 5,
                "minRatio": 2.0
              }
            },
            "changeThresholdCondition": {
              "changePercentage": 20.0,
              "shiftPoint": 10,
              "anomalyDetectorDirection": "Both",
              "withinRange": true,
              "suppressCondition": {
                "minNumber": 5,
                "minRatio": 2.0
              }
            }
          }
        ]
      }
    },
    {
      "RequestUri": "https://fakeendpoint.cognitiveservices.azure.com/metricsadvisor/v1.0/enrichment/anomalyDetection/configurations/b18cc0e5-69b2-4a1f-969e-cf547b6b4aa4",
      "RequestMethod": "GET",
      "RequestHeaders": {
        "Accept": "application/json",
        "Accept-Encoding": "gzip, deflate",
        "User-Agent": "azsdk-python-ai-metricsadvisor/1.0.1 Python/3.10.0 (Windows-10-10.0.22000-SP0)",
        "x-ms-client-request-id": "d9551902-5e1f-11ec-8b52-6245b51668de"
      },
      "RequestBody": null,
      "StatusCode": 200,
      "ResponseHeaders": {
        "apim-request-id": "875474c5-3718-4876-a2be-28bf0f4f99b4",
        "Content-Length": "1790",
        "Content-Type": "application/json; charset=utf-8",
        "Date": "Thu, 16 Dec 2021 03:25:41 GMT",
        "Strict-Transport-Security": "max-age=31536000; includeSubDomains; preload",
        "X-Content-Type-Options": "nosniff",
        "x-envoy-upstream-service-time": "181",
        "X-Request-ID": "875474c5-3718-4876-a2be-28bf0f4f99b4"
      },
      "ResponseBody": {
        "anomalyDetectionConfigurationId": "b18cc0e5-69b2-4a1f-969e-cf547b6b4aa4",
        "name": "update814369b8-10fd-4f06-9915-b290d3f4f0b1",
        "description": "updated",
        "metricId": "67b23f9e-cd15-40d6-ba2e-d7cf7758b9cc",
        "wholeMetricConfiguration": {
          "conditionOperator": "OR",
          "smartDetectionCondition": {
            "sensitivity": 10.0,
            "anomalyDetectorDirection": "Up",
            "suppressCondition": {
              "minNumber": 5,
              "minRatio": 2.0
            }
          },
          "hardThresholdCondition": {
            "upperBound": 100.0,
            "anomalyDetectorDirection": "Up",
            "suppressCondition": {
              "minNumber": 5,
              "minRatio": 2.0
            }
          },
          "changeThresholdCondition": {
            "changePercentage": 20.0,
            "shiftPoint": 10,
            "anomalyDetectorDirection": "Both",
            "withinRange": true,
            "suppressCondition": {
              "minNumber": 5,
              "minRatio": 2.0
            }
          }
        },
        "dimensionGroupOverrideConfigurations": [
          {
            "group": {
              "dimension": {
                "region": "Shenzen"
              }
            },
            "conditionOperator": "AND",
            "smartDetectionCondition": {
              "sensitivity": 10.0,
              "anomalyDetectorDirection": "Up",
              "suppressCondition": {
                "minNumber": 5,
                "minRatio": 2.0
              }
            },
            "hardThresholdCondition": {
              "upperBound": 100.0,
              "anomalyDetectorDirection": "Up",
              "suppressCondition": {
                "minNumber": 5,
                "minRatio": 2.0
              }
            },
            "changeThresholdCondition": {
              "changePercentage": 20.0,
              "shiftPoint": 10,
              "anomalyDetectorDirection": "Both",
              "withinRange": true,
              "suppressCondition": {
                "minNumber": 5,
                "minRatio": 2.0
              }
            }
          }
        ],
        "seriesOverrideConfigurations": [
          {
            "series": {
              "dimension": {
                "region": "San Paulo",
                "category": "Jewelry"
              }
            },
            "conditionOperator": "AND",
            "smartDetectionCondition": {
              "sensitivity": 10.0,
              "anomalyDetectorDirection": "Up",
              "suppressCondition": {
                "minNumber": 5,
                "minRatio": 2.0
              }
            },
            "hardThresholdCondition": {
              "upperBound": 100.0,
              "anomalyDetectorDirection": "Up",
              "suppressCondition": {
                "minNumber": 5,
                "minRatio": 2.0
              }
            },
            "changeThresholdCondition": {
              "changePercentage": 20.0,
              "shiftPoint": 10,
              "anomalyDetectorDirection": "Both",
              "withinRange": true,
              "suppressCondition": {
                "minNumber": 5,
                "minRatio": 2.0
              }
            }
          }
        ]
      }
    },
    {
      "RequestUri": "https://fakeendpoint.cognitiveservices.azure.com/metricsadvisor/v1.0/dataFeeds/38b20af7-8f37-4c15-8c29-afc0d913a019",
      "RequestMethod": "DELETE",
      "RequestHeaders": {
        "Accept": "application/json",
        "Accept-Encoding": "gzip, deflate",
        "Content-Length": "0",
        "User-Agent": "azsdk-python-ai-metricsadvisor/1.0.1 Python/3.10.0 (Windows-10-10.0.22000-SP0)",
        "x-ms-client-request-id": "d9764b70-5e1f-11ec-b814-6245b51668de"
      },
      "RequestBody": null,
      "StatusCode": 204,
      "ResponseHeaders": {
        "apim-request-id": "9ccb188f-6204-4a12-85eb-b0d12f367504",
        "Content-Length": "0",
        "Date": "Thu, 16 Dec 2021 03:25:42 GMT",
        "Strict-Transport-Security": "max-age=31536000; includeSubDomains; preload",
        "X-Content-Type-Options": "nosniff",
        "x-envoy-upstream-service-time": "301",
        "X-Request-ID": "9ccb188f-6204-4a12-85eb-b0d12f367504"
      },
      "ResponseBody": null
    }
  ],
  "Variables": {
    "data_feed_id": "38b20af7-8f37-4c15-8c29-afc0d913a019",
    "data_feed_metric_id": "67b23f9e-cd15-40d6-ba2e-d7cf7758b9cc",
    "data_feed_name": "datafeedworciuigu2q5h7sz",
    "data_feed_updated_name": "update814369b8-10fd-4f06-9915-b290d3f4f0b1",
    "detection_config_id": "b18cc0e5-69b2-4a1f-969e-cf547b6b4aa4",
    "detection_config_name": "detectionconfigexilsyb6z"
  }
}
