{
  "Entries": [
    {
      "RequestUri": "https://fakeendpoint.cognitiveservices.azure.com/metricsadvisor/v1.0/hooks/ecd7754a-85c7-4979-8492-8e14d9a74d32",
      "RequestMethod": "GET",
      "RequestHeaders": {
        "Accept": "application/json",
        "Accept-Encoding": "gzip, deflate",
        "User-Agent": "azsdk-python-ai-metricsadvisor/1.0.1 Python/3.10.0 (Windows-10-10.0.22000-SP0)",
        "x-ms-client-request-id": "5dad76b2-5e0d-11ec-9ae7-6245b51668de"
      },
      "RequestBody": null,
      "StatusCode": 200,
      "ResponseHeaders": {
        "apim-request-id": "7502b040-0656-423a-b4bf-30c659e9efdb",
        "Content-Length": "296",
        "Content-Type": "application/json; charset=utf-8",
        "Date": "Thu, 16 Dec 2021 01:13:23 GMT",
        "Strict-Transport-Security": "max-age=31536000; includeSubDomains; preload",
        "X-Content-Type-Options": "nosniff",
        "x-envoy-upstream-service-time": "161",
        "X-Request-ID": "7502b040-0656-423a-b4bf-30c659e9efdb"
      },
      "ResponseBody": {
        "hookId": "ecd7754a-85c7-4979-8492-8e14d9a74d32",
        "hookName": "web_hookwuziyr54fgd2yw5t",
        "hookType": "Webhook",
        "externalLink": "external link",
        "description": "my web hook",
        "admins": [
          "krpratic@microsoft.com"
        ],
        "hookParameter": {
          "endpoint": "https://httpbin.org/post",
          "username": "krista",
          "password": "123"
        }
      }
    },
    {
      "RequestUri": "https://fakeendpoint.cognitiveservices.azure.com/metricsadvisor/v1.0/hooks/ecd7754a-85c7-4979-8492-8e14d9a74d32",
      "RequestMethod": "PATCH",
      "RequestHeaders": {
        "Accept": "application/json",
        "Accept-Encoding": "gzip, deflate",
        "Content-Length": "245",
        "Content-Type": "application/merge-patch\u002Bjson",
        "User-Agent": "azsdk-python-ai-metricsadvisor/1.0.1 Python/3.10.0 (Windows-10-10.0.22000-SP0)",
        "x-ms-client-request-id": "5dcc3553-5e0d-11ec-96f3-6245b51668de"
      },
      "RequestBody": "{\u0022hookType\u0022: \u0022Webhook\u0022, \u0022hookName\u0022: \u0022update\u0022, \u0022description\u0022: \u0022updateMe\u0022, \u0022externalLink\u0022: \u0022update\u0022, \u0022admins\u0022: [\u0022krpratic@microsoft.com\u0022], \u0022hookParameter\u0022: {\u0022endpoint\u0022: \u0022https://httpbin.org/post\u0022, \u0022username\u0022: \u0022myusername\u0022, \u0022password\u0022: \u0022password\u0022}}",
      "StatusCode": 200,
      "ResponseHeaders": {
        "apim-request-id": "76c3f3a5-d5f3-4ad2-8f4e-ec3861d705a5",
        "Content-Length": "277",
        "Content-Type": "application/json; charset=utf-8",
        "Date": "Thu, 16 Dec 2021 01:13:24 GMT",
        "Strict-Transport-Security": "max-age=31536000; includeSubDomains; preload",
        "X-Content-Type-Options": "nosniff",
        "x-envoy-upstream-service-time": "1086",
        "X-Request-ID": "76c3f3a5-d5f3-4ad2-8f4e-ec3861d705a5"
      },
      "ResponseBody": {
        "hookId": "ecd7754a-85c7-4979-8492-8e14d9a74d32",
        "hookName": "update",
        "hookType": "Webhook",
        "externalLink": "update",
        "description": "updateMe",
        "admins": [
          "krpratic@microsoft.com"
        ],
        "hookParameter": {
          "endpoint": "https://httpbin.org/post",
          "username": "myusername",
          "password": "password"
        }
      }
    },
    {
      "RequestUri": "https://fakeendpoint.cognitiveservices.azure.com/metricsadvisor/v1.0/hooks/ecd7754a-85c7-4979-8492-8e14d9a74d32",
      "RequestMethod": "GET",
      "RequestHeaders": {
        "Accept": "application/json",
        "Accept-Encoding": "gzip, deflate",
        "User-Agent": "azsdk-python-ai-metricsadvisor/1.0.1 Python/3.10.0 (Windows-10-10.0.22000-SP0)",
        "x-ms-client-request-id": "5e7713a1-5e0d-11ec-afcb-6245b51668de"
      },
      "RequestBody": null,
      "StatusCode": 200,
      "ResponseHeaders": {
        "apim-request-id": "9bc1b327-b8f9-4d7d-b9d7-bb2afad1fcf2",
        "Content-Length": "277",
        "Content-Type": "application/json; charset=utf-8",
        "Date": "Thu, 16 Dec 2021 01:13:24 GMT",
        "Strict-Transport-Security": "max-age=31536000; includeSubDomains; preload",
        "X-Content-Type-Options": "nosniff",
        "x-envoy-upstream-service-time": "157",
        "X-Request-ID": "9bc1b327-b8f9-4d7d-b9d7-bb2afad1fcf2"
      },
      "ResponseBody": {
        "hookId": "ecd7754a-85c7-4979-8492-8e14d9a74d32",
        "hookName": "update",
        "hookType": "Webhook",
        "externalLink": "update",
        "description": "updateMe",
        "admins": [
          "krpratic@microsoft.com"
        ],
        "hookParameter": {
          "endpoint": "https://httpbin.org/post",
          "username": "myusername",
          "password": "password"
        }
      }
    },
    {
      "RequestUri": "https://fakeendpoint.cognitiveservices.azure.com/metricsadvisor/v1.0/hooks/ecd7754a-85c7-4979-8492-8e14d9a74d32",
      "RequestMethod": "DELETE",
      "RequestHeaders": {
        "Accept": "application/json",
        "Accept-Encoding": "gzip, deflate",
        "Content-Length": "0",
        "User-Agent": "azsdk-python-ai-metricsadvisor/1.0.1 Python/3.10.0 (Windows-10-10.0.22000-SP0)",
        "x-ms-client-request-id": "5e936b33-5e0d-11ec-b0c0-6245b51668de"
      },
      "RequestBody": null,
      "StatusCode": 204,
      "ResponseHeaders": {
        "apim-request-id": "f46eecc0-0bfc-4123-a7b5-bafbdaea2514",
        "Content-Length": "0",
        "Date": "Thu, 16 Dec 2021 01:13:25 GMT",
        "Strict-Transport-Security": "max-age=31536000; includeSubDomains; preload",
        "X-Content-Type-Options": "nosniff",
        "x-envoy-upstream-service-time": "197",
        "X-Request-ID": "f46eecc0-0bfc-4123-a7b5-bafbdaea2514"
      },
      "ResponseBody": null
    }
  ],
  "Variables": {
    "web_hook_id": "ecd7754a-85c7-4979-8492-8e14d9a74d32",
    "web_hook_name": "web_hookwuziyr54fgd2yw5t"
  }
}
