{
  "Entries": [
    {
      "RequestUri": "https://fakeendpoint.cognitiveservices.azure.com/metricsadvisor/v1.0/alert/anomaly/configurations/8756c855-de00-4fb3-af5a-46ec95f6b3c9",
      "RequestMethod": "GET",
      "RequestHeaders": {
        "Accept": "application/json",
        "Accept-Encoding": "gzip, deflate",
        "Authorization": "Sanitized",
        "User-Agent": "azsdk-python-ai-metricsadvisor/1.0.1 Python/3.10.0 (Windows-10-10.0.22000-SP0)",
        "x-ms-client-request-id": "025ba07d-5e0d-11ec-af44-6245b51668de"
      },
      "RequestBody": null,
      "StatusCode": 200,
      "ResponseHeaders": {
        "apim-request-id": "c93e51ce-bee3-42cc-8be9-41231eae1097",
        "Content-Length": "1018",
        "Content-Type": "application/json; charset=utf-8",
        "Date": "Thu, 16 Dec 2021 01:10:50 GMT",
        "Strict-Transport-Security": "max-age=31536000; includeSubDomains; preload",
        "X-Content-Type-Options": "nosniff",
        "x-envoy-upstream-service-time": "58",
        "X-Request-ID": "c93e51ce-bee3-42cc-8be9-41231eae1097"
      },
      "ResponseBody": {
        "anomalyAlertingConfigurationId": "8756c855-de00-4fb3-af5a-46ec95f6b3c9",
        "name": "alertconfig2ngt7u6dwgv62",
        "description": "",
        "crossMetricsOperator": "AND",
        "splitAlertByDimensions": [],
        "hookIds": [],
        "metricAlertingConfigurations": [
          {
            "anomalyDetectionConfigurationId": "86d11e94-92fc-4ba8-9e73-b4f4e59d773e",
            "anomalyScopeType": "TopN",
            "negationOperation": false,
            "topNAnomalyScope": {
              "top": 5,
              "period": 10,
              "minTopCount": 9
            },
            "valueFilter": {
              "lower": 1.0,
              "upper": 5.0,
              "direction": "Both",
              "metricId": "1e64abb2-a563-47c1-abd3-13ea3f3536ce",
              "triggerForMissing": false,
              "type": "Value"
            }
          },
          {
            "anomalyDetectionConfigurationId": "86d11e94-92fc-4ba8-9e73-b4f4e59d773e",
            "anomalyScopeType": "Dimension",
            "negationOperation": false,
            "dimensionAnomalyScope": {
              "dimension": {
                "region": "Beijing"
              }
            },
            "severityFilter": {
              "minAlertSeverity": "Low",
              "maxAlertSeverity": "High"
            }
          },
          {
            "anomalyDetectionConfigurationId": "86d11e94-92fc-4ba8-9e73-b4f4e59d773e",
            "anomalyScopeType": "All",
            "negationOperation": false,
            "severityFilter": {
              "minAlertSeverity": "Low",
              "maxAlertSeverity": "High"
            }
          }
        ]
      }
    },
    {
      "RequestUri": "https://fakeendpoint.cognitiveservices.azure.com/metricsadvisor/v1.0/alert/anomaly/configurations/8756c855-de00-4fb3-af5a-46ec95f6b3c9",
      "RequestMethod": "PATCH",
      "RequestHeaders": {
        "Accept": "application/json",
        "Accept-Encoding": "gzip, deflate",
        "Authorization": "Sanitized",
        "Content-Length": "1129",
        "Content-Type": "application/merge-patch\u002Bjson",
        "User-Agent": "azsdk-python-ai-metricsadvisor/1.0.1 Python/3.10.0 (Windows-10-10.0.22000-SP0)",
        "x-ms-client-request-id": "0280a647-5e0d-11ec-b7d8-6245b51668de"
      },
      "RequestBody": "{\u0022name\u0022: \u0022updateMe\u0022, \u0022description\u0022: \u0022updateMe\u0022, \u0022crossMetricsOperator\u0022: \u0022OR\u0022, \u0022splitAlertByDimensions\u0022: [], \u0022hookIds\u0022: [], \u0022metricAlertingConfigurations\u0022: [{\u0022anomalyDetectionConfigurationId\u0022: \u002286d11e94-92fc-4ba8-9e73-b4f4e59d773e\u0022, \u0022anomalyScopeType\u0022: \u0022TopN\u0022, \u0022topNAnomalyScope\u0022: {\u0022top\u0022: 5, \u0022period\u0022: 10, \u0022minTopCount\u0022: 9}, \u0022severityFilter\u0022: {\u0022minAlertSeverity\u0022: \u0022Low\u0022, \u0022maxAlertSeverity\u0022: \u0022High\u0022}, \u0022valueFilter\u0022: {\u0022lower\u0022: 1.0, \u0022upper\u0022: 5.0, \u0022direction\u0022: \u0022Both\u0022, \u0022type\u0022: \u0022Value\u0022, \u0022metricId\u0022: \u00221e64abb2-a563-47c1-abd3-13ea3f3536ce\u0022}}, {\u0022anomalyDetectionConfigurationId\u0022: \u002286d11e94-92fc-4ba8-9e73-b4f4e59d773e\u0022, \u0022anomalyScopeType\u0022: \u0022Dimension\u0022, \u0022dimensionAnomalyScope\u0022: {\u0022dimension\u0022: {\u0022region\u0022: \u0022Shenzhen\u0022}}, \u0022severityFilter\u0022: {\u0022minAlertSeverity\u0022: \u0022Low\u0022, \u0022maxAlertSeverity\u0022: \u0022High\u0022}, \u0022valueFilter\u0022: {\u0022lower\u0022: 1.0, \u0022upper\u0022: 5.0, \u0022direction\u0022: \u0022Both\u0022, \u0022type\u0022: \u0022Value\u0022}}, {\u0022anomalyDetectionConfigurationId\u0022: \u002286d11e94-92fc-4ba8-9e73-b4f4e59d773e\u0022, \u0022anomalyScopeType\u0022: \u0022All\u0022, \u0022severityFilter\u0022: {\u0022minAlertSeverity\u0022: \u0022Low\u0022, \u0022maxAlertSeverity\u0022: \u0022High\u0022}, \u0022valueFilter\u0022: {\u0022lower\u0022: 1.0, \u0022upper\u0022: 5.0, \u0022direction\u0022: \u0022Both\u0022, \u0022type\u0022: \u0022Value\u0022}}]}",
      "StatusCode": 200,
      "ResponseHeaders": {
        "apim-request-id": "7c3c8b0c-d9b0-4a99-9888-28def4051842",
        "Content-Length": "1280",
        "Content-Type": "application/json; charset=utf-8",
        "Date": "Thu, 16 Dec 2021 01:10:51 GMT",
        "Strict-Transport-Security": "max-age=31536000; includeSubDomains; preload",
        "X-Content-Type-Options": "nosniff",
        "x-envoy-upstream-service-time": "182",
        "X-Request-ID": "7c3c8b0c-d9b0-4a99-9888-28def4051842"
      },
      "ResponseBody": {
        "anomalyAlertingConfigurationId": "8756c855-de00-4fb3-af5a-46ec95f6b3c9",
        "name": "updateMe",
        "description": "updateMe",
        "crossMetricsOperator": "OR",
        "splitAlertByDimensions": [],
        "hookIds": [],
        "metricAlertingConfigurations": [
          {
            "anomalyDetectionConfigurationId": "86d11e94-92fc-4ba8-9e73-b4f4e59d773e",
            "anomalyScopeType": "TopN",
            "negationOperation": false,
            "topNAnomalyScope": {
              "top": 5,
              "period": 10,
              "minTopCount": 9
            },
            "severityFilter": {
              "minAlertSeverity": "Low",
              "maxAlertSeverity": "High"
            },
            "valueFilter": {
              "lower": 1.0,
              "upper": 5.0,
              "direction": "Both",
              "metricId": "1e64abb2-a563-47c1-abd3-13ea3f3536ce",
              "triggerForMissing": false,
              "type": "Value"
            }
          },
          {
            "anomalyDetectionConfigurationId": "86d11e94-92fc-4ba8-9e73-b4f4e59d773e",
            "anomalyScopeType": "Dimension",
            "negationOperation": false,
            "dimensionAnomalyScope": {
              "dimension": {
                "region": "Shenzhen"
              }
            },
            "severityFilter": {
              "minAlertSeverity": "Low",
              "maxAlertSeverity": "High"
            },
            "valueFilter": {
              "lower": 1.0,
              "upper": 5.0,
              "direction": "Both",
              "triggerForMissing": false,
              "type": "Value"
            }
          },
          {
            "anomalyDetectionConfigurationId": "86d11e94-92fc-4ba8-9e73-b4f4e59d773e",
            "anomalyScopeType": "All",
            "negationOperation": false,
            "severityFilter": {
              "minAlertSeverity": "Low",
              "maxAlertSeverity": "High"
            },
            "valueFilter": {
              "lower": 1.0,
              "upper": 5.0,
              "direction": "Both",
              "triggerForMissing": false,
              "type": "Value"
            }
          }
        ]
      }
    },
    {
      "RequestUri": "https://fakeendpoint.cognitiveservices.azure.com/metricsadvisor/v1.0/alert/anomaly/configurations/8756c855-de00-4fb3-af5a-46ec95f6b3c9",
      "RequestMethod": "GET",
      "RequestHeaders": {
        "Accept": "application/json",
        "Accept-Encoding": "gzip, deflate",
        "Authorization": "Sanitized",
        "User-Agent": "azsdk-python-ai-metricsadvisor/1.0.1 Python/3.10.0 (Windows-10-10.0.22000-SP0)",
        "x-ms-client-request-id": "02abfb37-5e0d-11ec-8789-6245b51668de"
      },
      "RequestBody": null,
      "StatusCode": 200,
      "ResponseHeaders": {
        "apim-request-id": "453063cd-f306-4305-864e-62fe2d61ad4e",
        "Content-Length": "1280",
        "Content-Type": "application/json; charset=utf-8",
        "Date": "Thu, 16 Dec 2021 01:10:51 GMT",
        "Strict-Transport-Security": "max-age=31536000; includeSubDomains; preload",
        "X-Content-Type-Options": "nosniff",
        "x-envoy-upstream-service-time": "45",
        "X-Request-ID": "453063cd-f306-4305-864e-62fe2d61ad4e"
      },
      "ResponseBody": {
        "anomalyAlertingConfigurationId": "8756c855-de00-4fb3-af5a-46ec95f6b3c9",
        "name": "updateMe",
        "description": "updateMe",
        "crossMetricsOperator": "OR",
        "splitAlertByDimensions": [],
        "hookIds": [],
        "metricAlertingConfigurations": [
          {
            "anomalyDetectionConfigurationId": "86d11e94-92fc-4ba8-9e73-b4f4e59d773e",
            "anomalyScopeType": "TopN",
            "negationOperation": false,
            "topNAnomalyScope": {
              "top": 5,
              "period": 10,
              "minTopCount": 9
            },
            "severityFilter": {
              "minAlertSeverity": "Low",
              "maxAlertSeverity": "High"
            },
            "valueFilter": {
              "lower": 1.0,
              "upper": 5.0,
              "direction": "Both",
              "metricId": "1e64abb2-a563-47c1-abd3-13ea3f3536ce",
              "triggerForMissing": false,
              "type": "Value"
            }
          },
          {
            "anomalyDetectionConfigurationId": "86d11e94-92fc-4ba8-9e73-b4f4e59d773e",
            "anomalyScopeType": "Dimension",
            "negationOperation": false,
            "dimensionAnomalyScope": {
              "dimension": {
                "region": "Shenzhen"
              }
            },
            "severityFilter": {
              "minAlertSeverity": "Low",
              "maxAlertSeverity": "High"
            },
            "valueFilter": {
              "lower": 1.0,
              "upper": 5.0,
              "direction": "Both",
              "triggerForMissing": false,
              "type": "Value"
            }
          },
          {
            "anomalyDetectionConfigurationId": "86d11e94-92fc-4ba8-9e73-b4f4e59d773e",
            "anomalyScopeType": "All",
            "negationOperation": false,
            "severityFilter": {
              "minAlertSeverity": "Low",
              "maxAlertSeverity": "High"
            },
            "valueFilter": {
              "lower": 1.0,
              "upper": 5.0,
              "direction": "Both",
              "triggerForMissing": false,
              "type": "Value"
            }
          }
        ]
      }
    },
    {
      "RequestUri": "https://fakeendpoint.cognitiveservices.azure.com/metricsadvisor/v1.0/dataFeeds/7fe54f75-cabf-485c-8e8f-422367e33501",
      "RequestMethod": "DELETE",
      "RequestHeaders": {
        "Accept": "application/json",
        "Accept-Encoding": "gzip, deflate",
        "Authorization": "Sanitized",
        "Content-Length": "0",
        "User-Agent": "azsdk-python-ai-metricsadvisor/1.0.1 Python/3.10.0 (Windows-10-10.0.22000-SP0)",
        "x-ms-client-request-id": "02bedd24-5e0d-11ec-a9db-6245b51668de"
      },
      "RequestBody": null,
      "StatusCode": 204,
      "ResponseHeaders": {
        "apim-request-id": "3b6b02fc-08c6-48e0-99a2-0cabb1cc89c0",
        "Content-Length": "0",
        "Date": "Thu, 16 Dec 2021 01:10:51 GMT",
        "Strict-Transport-Security": "max-age=31536000; includeSubDomains; preload",
        "X-Content-Type-Options": "nosniff",
        "x-envoy-upstream-service-time": "283",
        "X-Request-ID": "3b6b02fc-08c6-48e0-99a2-0cabb1cc89c0"
      },
      "ResponseBody": null
    }
  ],
  "Variables": {
    "alert_config_id": "8756c855-de00-4fb3-af5a-46ec95f6b3c9",
    "alert_config_name": "alertconfig2ngt7u6dwgv62",
    "data_feed_id": "7fe54f75-cabf-485c-8e8f-422367e33501",
    "data_feed_metric_id": "1e64abb2-a563-47c1-abd3-13ea3f3536ce",
    "data_feed_name": "datafeedvz4yzz7igsoh57oz",
    "detection_config_id": "86d11e94-92fc-4ba8-9e73-b4f4e59d773e",
    "detection_config_name": "detectionconfig3y5cympy7"
  }
}
