{
  "Entries": [
    {
      "RequestUri": "https://fakeendpoint.cognitiveservices.azure.com/metricsadvisor/v1.0/alert/anomaly/configurations/9910b60f-0c72-4dc8-b39b-5003ba0c25c3",
      "RequestMethod": "GET",
      "RequestHeaders": {
        "Accept": "application/json",
        "Accept-Encoding": "gzip, deflate",
        "Authorization": "Sanitized",
        "User-Agent": "azsdk-python-ai-metricsadvisor/1.0.1 Python/3.10.0 (Windows-10-10.0.22000-SP0)",
        "x-ms-client-request-id": "fb0380ca-5e0c-11ec-8744-6245b51668de"
      },
      "RequestBody": null,
      "StatusCode": 200,
      "ResponseHeaders": {
        "apim-request-id": "fad2ef05-fded-48ed-9d44-3a7fe4031c07",
        "Content-Length": "1018",
        "Content-Type": "application/json; charset=utf-8",
        "Date": "Thu, 16 Dec 2021 01:10:38 GMT",
        "Strict-Transport-Security": "max-age=31536000; includeSubDomains; preload",
        "X-Content-Type-Options": "nosniff",
        "x-envoy-upstream-service-time": "45",
        "X-Request-ID": "fad2ef05-fded-48ed-9d44-3a7fe4031c07"
      },
      "ResponseBody": {
        "anomalyAlertingConfigurationId": "9910b60f-0c72-4dc8-b39b-5003ba0c25c3",
        "name": "alertconfiggzk4yk4lvushy",
        "description": "",
        "crossMetricsOperator": "AND",
        "splitAlertByDimensions": [],
        "hookIds": [],
        "metricAlertingConfigurations": [
          {
            "anomalyDetectionConfigurationId": "2b83f776-afdc-4af2-b5c7-70f02911c01e",
            "anomalyScopeType": "TopN",
            "negationOperation": false,
            "topNAnomalyScope": {
              "top": 5,
              "period": 10,
              "minTopCount": 9
            },
            "valueFilter": {
              "lower": 1.0,
              "upper": 5.0,
              "direction": "Both",
              "metricId": "be9fd367-ae20-423d-8354-c57a897904f0",
              "triggerForMissing": false,
              "type": "Value"
            }
          },
          {
            "anomalyDetectionConfigurationId": "2b83f776-afdc-4af2-b5c7-70f02911c01e",
            "anomalyScopeType": "Dimension",
            "negationOperation": false,
            "dimensionAnomalyScope": {
              "dimension": {
                "region": "Beijing"
              }
            },
            "severityFilter": {
              "minAlertSeverity": "Low",
              "maxAlertSeverity": "High"
            }
          },
          {
            "anomalyDetectionConfigurationId": "2b83f776-afdc-4af2-b5c7-70f02911c01e",
            "anomalyScopeType": "All",
            "negationOperation": false,
            "severityFilter": {
              "minAlertSeverity": "Low",
              "maxAlertSeverity": "High"
            }
          }
        ]
      }
    },
    {
      "RequestUri": "https://fakeendpoint.cognitiveservices.azure.com/metricsadvisor/v1.0/alert/anomaly/configurations/9910b60f-0c72-4dc8-b39b-5003ba0c25c3",
      "RequestMethod": "PATCH",
      "RequestHeaders": {
        "Accept": "application/json",
        "Accept-Encoding": "gzip, deflate",
        "Authorization": "Sanitized",
        "Content-Length": "1248",
        "Content-Type": "application/merge-patch\u002Bjson",
        "User-Agent": "azsdk-python-ai-metricsadvisor/1.0.1 Python/3.10.0 (Windows-10-10.0.22000-SP0)",
        "x-ms-client-request-id": "fb25f99e-5e0c-11ec-ae20-6245b51668de"
      },
      "RequestBody": "{\u0022name\u0022: \u0022update\u0022, \u0022description\u0022: \u0022update description\u0022, \u0022crossMetricsOperator\u0022: \u0022OR\u0022, \u0022splitAlertByDimensions\u0022: [], \u0022hookIds\u0022: [], \u0022metricAlertingConfigurations\u0022: [{\u0022anomalyDetectionConfigurationId\u0022: \u00222b83f776-afdc-4af2-b5c7-70f02911c01e\u0022, \u0022anomalyScopeType\u0022: \u0022TopN\u0022, \u0022negationOperation\u0022: false, \u0022topNAnomalyScope\u0022: {\u0022top\u0022: 5, \u0022period\u0022: 10, \u0022minTopCount\u0022: 9}, \u0022severityFilter\u0022: {\u0022minAlertSeverity\u0022: \u0022Low\u0022, \u0022maxAlertSeverity\u0022: \u0022High\u0022}, \u0022valueFilter\u0022: {\u0022lower\u0022: 1.0, \u0022upper\u0022: 5.0, \u0022direction\u0022: \u0022Both\u0022, \u0022type\u0022: \u0022Value\u0022, \u0022metricId\u0022: \u0022be9fd367-ae20-423d-8354-c57a897904f0\u0022, \u0022triggerForMissing\u0022: false}}, {\u0022anomalyDetectionConfigurationId\u0022: \u00222b83f776-afdc-4af2-b5c7-70f02911c01e\u0022, \u0022anomalyScopeType\u0022: \u0022Dimension\u0022, \u0022negationOperation\u0022: false, \u0022dimensionAnomalyScope\u0022: {\u0022dimension\u0022: {\u0022region\u0022: \u0022Beijing\u0022}}, \u0022severityFilter\u0022: {\u0022minAlertSeverity\u0022: \u0022Low\u0022, \u0022maxAlertSeverity\u0022: \u0022High\u0022}, \u0022valueFilter\u0022: {\u0022lower\u0022: 1.0, \u0022upper\u0022: 5.0, \u0022direction\u0022: \u0022Both\u0022, \u0022type\u0022: \u0022Value\u0022}}, {\u0022anomalyDetectionConfigurationId\u0022: \u00222b83f776-afdc-4af2-b5c7-70f02911c01e\u0022, \u0022anomalyScopeType\u0022: \u0022All\u0022, \u0022negationOperation\u0022: false, \u0022severityFilter\u0022: {\u0022minAlertSeverity\u0022: \u0022Low\u0022, \u0022maxAlertSeverity\u0022: \u0022High\u0022}, \u0022valueFilter\u0022: {\u0022lower\u0022: 1.0, \u0022upper\u0022: 5.0, \u0022direction\u0022: \u0022Both\u0022, \u0022type\u0022: \u0022Value\u0022}}]}",
      "StatusCode": 200,
      "ResponseHeaders": {
        "apim-request-id": "4dd605f1-e1b9-43c8-b397-c33e34209549",
        "Content-Length": "1287",
        "Content-Type": "application/json; charset=utf-8",
        "Date": "Thu, 16 Dec 2021 01:10:38 GMT",
        "Strict-Transport-Security": "max-age=31536000; includeSubDomains; preload",
        "X-Content-Type-Options": "nosniff",
        "x-envoy-upstream-service-time": "190",
        "X-Request-ID": "4dd605f1-e1b9-43c8-b397-c33e34209549"
      },
      "ResponseBody": {
        "anomalyAlertingConfigurationId": "9910b60f-0c72-4dc8-b39b-5003ba0c25c3",
        "name": "update",
        "description": "update description",
        "crossMetricsOperator": "OR",
        "splitAlertByDimensions": [],
        "hookIds": [],
        "metricAlertingConfigurations": [
          {
            "anomalyDetectionConfigurationId": "2b83f776-afdc-4af2-b5c7-70f02911c01e",
            "anomalyScopeType": "TopN",
            "negationOperation": false,
            "topNAnomalyScope": {
              "top": 5,
              "period": 10,
              "minTopCount": 9
            },
            "severityFilter": {
              "minAlertSeverity": "Low",
              "maxAlertSeverity": "High"
            },
            "valueFilter": {
              "lower": 1.0,
              "upper": 5.0,
              "direction": "Both",
              "metricId": "be9fd367-ae20-423d-8354-c57a897904f0",
              "triggerForMissing": false,
              "type": "Value"
            }
          },
          {
            "anomalyDetectionConfigurationId": "2b83f776-afdc-4af2-b5c7-70f02911c01e",
            "anomalyScopeType": "Dimension",
            "negationOperation": false,
            "dimensionAnomalyScope": {
              "dimension": {
                "region": "Beijing"
              }
            },
            "severityFilter": {
              "minAlertSeverity": "Low",
              "maxAlertSeverity": "High"
            },
            "valueFilter": {
              "lower": 1.0,
              "upper": 5.0,
              "direction": "Both",
              "triggerForMissing": false,
              "type": "Value"
            }
          },
          {
            "anomalyDetectionConfigurationId": "2b83f776-afdc-4af2-b5c7-70f02911c01e",
            "anomalyScopeType": "All",
            "negationOperation": false,
            "severityFilter": {
              "minAlertSeverity": "Low",
              "maxAlertSeverity": "High"
            },
            "valueFilter": {
              "lower": 1.0,
              "upper": 5.0,
              "direction": "Both",
              "triggerForMissing": false,
              "type": "Value"
            }
          }
        ]
      }
    },
    {
      "RequestUri": "https://fakeendpoint.cognitiveservices.azure.com/metricsadvisor/v1.0/alert/anomaly/configurations/9910b60f-0c72-4dc8-b39b-5003ba0c25c3",
      "RequestMethod": "GET",
      "RequestHeaders": {
        "Accept": "application/json",
        "Accept-Encoding": "gzip, deflate",
        "Authorization": "Sanitized",
        "User-Agent": "azsdk-python-ai-metricsadvisor/1.0.1 Python/3.10.0 (Windows-10-10.0.22000-SP0)",
        "x-ms-client-request-id": "fb4d3a3c-5e0c-11ec-a04e-6245b51668de"
      },
      "RequestBody": null,
      "StatusCode": 200,
      "ResponseHeaders": {
        "apim-request-id": "1d933ddc-f7de-4958-afb3-8d2f402f7739",
        "Content-Length": "1287",
        "Content-Type": "application/json; charset=utf-8",
        "Date": "Thu, 16 Dec 2021 01:10:38 GMT",
        "Strict-Transport-Security": "max-age=31536000; includeSubDomains; preload",
        "X-Content-Type-Options": "nosniff",
        "x-envoy-upstream-service-time": "58",
        "X-Request-ID": "1d933ddc-f7de-4958-afb3-8d2f402f7739"
      },
      "ResponseBody": {
        "anomalyAlertingConfigurationId": "9910b60f-0c72-4dc8-b39b-5003ba0c25c3",
        "name": "update",
        "description": "update description",
        "crossMetricsOperator": "OR",
        "splitAlertByDimensions": [],
        "hookIds": [],
        "metricAlertingConfigurations": [
          {
            "anomalyDetectionConfigurationId": "2b83f776-afdc-4af2-b5c7-70f02911c01e",
            "anomalyScopeType": "TopN",
            "negationOperation": false,
            "topNAnomalyScope": {
              "top": 5,
              "period": 10,
              "minTopCount": 9
            },
            "severityFilter": {
              "minAlertSeverity": "Low",
              "maxAlertSeverity": "High"
            },
            "valueFilter": {
              "lower": 1.0,
              "upper": 5.0,
              "direction": "Both",
              "metricId": "be9fd367-ae20-423d-8354-c57a897904f0",
              "triggerForMissing": false,
              "type": "Value"
            }
          },
          {
            "anomalyDetectionConfigurationId": "2b83f776-afdc-4af2-b5c7-70f02911c01e",
            "anomalyScopeType": "Dimension",
            "negationOperation": false,
            "dimensionAnomalyScope": {
              "dimension": {
                "region": "Beijing"
              }
            },
            "severityFilter": {
              "minAlertSeverity": "Low",
              "maxAlertSeverity": "High"
            },
            "valueFilter": {
              "lower": 1.0,
              "upper": 5.0,
              "direction": "Both",
              "triggerForMissing": false,
              "type": "Value"
            }
          },
          {
            "anomalyDetectionConfigurationId": "2b83f776-afdc-4af2-b5c7-70f02911c01e",
            "anomalyScopeType": "All",
            "negationOperation": false,
            "severityFilter": {
              "minAlertSeverity": "Low",
              "maxAlertSeverity": "High"
            },
            "valueFilter": {
              "lower": 1.0,
              "upper": 5.0,
              "direction": "Both",
              "triggerForMissing": false,
              "type": "Value"
            }
          }
        ]
      }
    },
    {
      "RequestUri": "https://fakeendpoint.cognitiveservices.azure.com/metricsadvisor/v1.0/dataFeeds/eb3e32a7-1b11-4f06-be1a-72f694e92205",
      "RequestMethod": "DELETE",
      "RequestHeaders": {
        "Accept": "application/json",
        "Accept-Encoding": "gzip, deflate",
        "Authorization": "Sanitized",
        "Content-Length": "0",
        "User-Agent": "azsdk-python-ai-metricsadvisor/1.0.1 Python/3.10.0 (Windows-10-10.0.22000-SP0)",
        "x-ms-client-request-id": "fb788f59-5e0c-11ec-8af5-6245b51668de"
      },
      "RequestBody": null,
      "StatusCode": 204,
      "ResponseHeaders": {
        "apim-request-id": "5a271bdf-35f7-40c7-9dee-3b5c65ccb723",
        "Content-Length": "0",
        "Date": "Thu, 16 Dec 2021 01:10:39 GMT",
        "Strict-Transport-Security": "max-age=31536000; includeSubDomains; preload",
        "X-Content-Type-Options": "nosniff",
        "x-envoy-upstream-service-time": "289",
        "X-Request-ID": "5a271bdf-35f7-40c7-9dee-3b5c65ccb723"
      },
      "ResponseBody": null
    }
  ],
  "Variables": {
    "alert_config_id": "9910b60f-0c72-4dc8-b39b-5003ba0c25c3",
    "alert_config_name": "alertconfiggzk4yk4lvushy",
    "data_feed_id": "eb3e32a7-1b11-4f06-be1a-72f694e92205",
    "data_feed_metric_id": "be9fd367-ae20-423d-8354-c57a897904f0",
    "data_feed_name": "datafeed7vwigeguftll3g55",
    "detection_config_id": "2b83f776-afdc-4af2-b5c7-70f02911c01e",
    "detection_config_name": "detectionconfigucllqr2jb"
  }
}
