{
  "Entries": [
    {
      "RequestUri": "https://fakeendpoint.cognitiveservices.azure.com/metricsadvisor/v1.0/credentials",
      "RequestMethod": "POST",
      "RequestHeaders": {
        "Accept": "application/json",
        "Accept-Encoding": "gzip, deflate",
        "Content-Length": "297",
        "Content-Type": "application/json",
        "User-Agent": "azsdk-python-ai-metricsadvisor/1.1.0 Python/3.10.0 (Windows-10-10.0.22621-SP0)"
      },
      "RequestBody": {
        "dataSourceCredentialType": "ServicePrincipal",
        "dataSourceCredentialName": "testserviceprincipalcredential5f5a5c35-0bbe-491e-b31b-f90a6bf3a783",
        "dataSourceCredentialDescription": "my credential",
        "parameters": {
          "clientId": "client_id",
          "clientSecret": "client_secret",
          "tenantId": "tenant_id"
        }
      },
      "StatusCode": 201,
      "ResponseHeaders": {
        "apim-request-id": "93d61f5a-61c5-40a5-9638-38b6e86c4af6",
        "Content-Length": "0",
        "Date": "Thu, 29 Sep 2022 23:25:01 GMT",
        "Location": "https://fakeendpoint.cognitiveservices.azure.com/metricsadvisor/v1.0/credentials/0b60f152-2e95-4271-9fac-7fec0e0de9db",
        "Strict-Transport-Security": "max-age=31536000; includeSubDomains; preload",
        "X-Content-Type-Options": "nosniff",
        "x-envoy-upstream-service-time": "212",
        "X-Request-ID": "93d61f5a-61c5-40a5-9638-38b6e86c4af6"
      },
      "ResponseBody": null
    },
    {
      "RequestUri": "https://fakeendpoint.cognitiveservices.azure.com/metricsadvisor/v1.0/credentials/0b60f152-2e95-4271-9fac-7fec0e0de9db",
      "RequestMethod": "GET",
      "RequestHeaders": {
        "Accept": "application/json",
        "Accept-Encoding": "gzip, deflate",
        "User-Agent": "azsdk-python-ai-metricsadvisor/1.1.0 Python/3.10.0 (Windows-10-10.0.22621-SP0)"
      },
      "RequestBody": null,
      "StatusCode": 200,
      "ResponseHeaders": {
        "apim-request-id": "ff8e41c8-7ac4-43f0-8fe7-c5551103ea72",
        "Content-Length": "318",
        "Content-Type": "application/json; charset=utf-8",
        "Date": "Thu, 29 Sep 2022 23:25:01 GMT",
        "Strict-Transport-Security": "max-age=31536000; includeSubDomains; preload",
        "X-Content-Type-Options": "nosniff",
        "x-envoy-upstream-service-time": "96",
        "X-Request-ID": "ff8e41c8-7ac4-43f0-8fe7-c5551103ea72"
      },
      "ResponseBody": {
        "dataSourceCredentialId": "0b60f152-2e95-4271-9fac-7fec0e0de9db",
        "dataSourceCredentialName": "testserviceprincipalcredential5f5a5c35-0bbe-491e-b31b-f90a6bf3a783",
        "dataSourceCredentialDescription": "my credential",
        "dataSourceCredentialType": "ServicePrincipal",
        "parameters": {
          "clientId": "client_id",
          "tenantId": "tenant_id"
        }
      }
    },
    {
      "RequestUri": "https://fakeendpoint.cognitiveservices.azure.com/metricsadvisor/v1.0/credentials/0b60f152-2e95-4271-9fac-7fec0e0de9db",
      "RequestMethod": "PATCH",
      "RequestHeaders": {
        "Accept": "application/json",
        "Accept-Encoding": "gzip, deflate",
        "Content-Length": "277",
        "Content-Type": "application/merge-patch\u002Bjson",
        "User-Agent": "azsdk-python-ai-metricsadvisor/1.1.0 Python/3.10.0 (Windows-10-10.0.22621-SP0)"
      },
      "RequestBody": {
        "dataSourceCredentialType": "ServicePrincipal",
        "dataSourceCredentialName": "testserviceprincipalcredential5f5a5c35-0bbe-491e-b31b-f90a6bf3a783",
        "dataSourceCredentialDescription": "update",
        "parameters": {
          "clientId": "update",
          "clientSecret": "update",
          "tenantId": "update"
        }
      },
      "StatusCode": 200,
      "ResponseHeaders": {
        "apim-request-id": "33f643fc-b842-4f6f-984b-e81daa20c25f",
        "Content-Length": "305",
        "Content-Type": "application/json; charset=utf-8",
        "Date": "Thu, 29 Sep 2022 23:25:02 GMT",
        "Strict-Transport-Security": "max-age=31536000; includeSubDomains; preload",
        "X-Content-Type-Options": "nosniff",
        "x-envoy-upstream-service-time": "260",
        "X-Request-ID": "33f643fc-b842-4f6f-984b-e81daa20c25f"
      },
      "ResponseBody": {
        "dataSourceCredentialId": "0b60f152-2e95-4271-9fac-7fec0e0de9db",
        "dataSourceCredentialName": "testserviceprincipalcredential5f5a5c35-0bbe-491e-b31b-f90a6bf3a783",
        "dataSourceCredentialDescription": "update",
        "dataSourceCredentialType": "ServicePrincipal",
        "parameters": {
          "clientId": "update",
          "tenantId": "update"
        }
      }
    },
    {
      "RequestUri": "https://fakeendpoint.cognitiveservices.azure.com/metricsadvisor/v1.0/credentials/0b60f152-2e95-4271-9fac-7fec0e0de9db",
      "RequestMethod": "DELETE",
      "RequestHeaders": {
        "Accept": "application/json",
        "Accept-Encoding": "gzip, deflate",
        "Content-Length": "0",
        "User-Agent": "azsdk-python-ai-metricsadvisor/1.1.0 Python/3.10.0 (Windows-10-10.0.22621-SP0)"
      },
      "RequestBody": null,
      "StatusCode": 204,
      "ResponseHeaders": {
        "apim-request-id": "c5fe6990-5793-40f1-a60b-9e5e9181df2b",
        "Content-Length": "0",
        "Date": "Thu, 29 Sep 2022 23:25:02 GMT",
        "Strict-Transport-Security": "max-age=31536000; includeSubDomains; preload",
        "X-Content-Type-Options": "nosniff",
        "x-envoy-upstream-service-time": "118",
        "X-Request-ID": "c5fe6990-5793-40f1-a60b-9e5e9181df2b"
      },
      "ResponseBody": null
    }
  ],
  "Variables": {
    "credential_id": "0b60f152-2e95-4271-9fac-7fec0e0de9db",
    "credential_name": "testserviceprincipalcredential5f5a5c35-0bbe-491e-b31b-f90a6bf3a783"
  }
}
