interactions:
- request:
    body: '{"location": "westus", "properties": {"addressSpace": {"addressPrefixes":
      ["10.0.0.0/16"]}, "subnets": [{"properties": {"addressPrefix": "10.0.0.0/24"},
      "name": "pyvmirsub507d1052"}], "enableDdosProtection": false, "enableVmProtection":
      false}}'
    headers:
      Accept:
      - application/json
      Accept-Encoding:
      - gzip, deflate
      Connection:
      - keep-alive
      Content-Length:
      - '244'
      Content-Type:
      - application/json; charset=utf-8
      User-Agent:
      - python/3.8.1 (Windows-10-10.0.18362-SP0) msrest/0.6.11 msrest_azure/0.6.3
        azure-mgmt-network/11.0.0 Azure-SDK-For-Python
      accept-language:
      - en-US
    method: PUT
    uri: https://management.azure.com/subscriptions/00000000-0000-0000-0000-000000000000/resourceGroups/test_mgmt_msi_test_create_msi_enabled_vm507d1052/providers/Microsoft.Network/virtualNetworks/pyvmirnet507d1052?api-version=2020-05-01
  response:
    body:
      string: "{\r\n  \"name\": \"pyvmirnet507d1052\",\r\n  \"id\": \"/subscriptions/00000000-0000-0000-0000-000000000000/resourceGroups/test_mgmt_msi_test_create_msi_enabled_vm507d1052/providers/Microsoft.Network/virtualNetworks/pyvmirnet507d1052\",\r\n
        \ \"etag\": \"W/\\\"bbc505a1-99e2-4311-a5ef-b48f33a6fb49\\\"\",\r\n  \"type\":
        \"Microsoft.Network/virtualNetworks\",\r\n  \"location\": \"westus\",\r\n
        \ \"properties\": {\r\n    \"provisioningState\": \"Updating\",\r\n    \"resourceGuid\":
        \"3abc331e-0b04-48f0-a738-3a49a2d74c07\",\r\n    \"addressSpace\": {\r\n      \"addressPrefixes\":
        [\r\n        \"10.0.0.0/16\"\r\n      ]\r\n    },\r\n    \"subnets\": [\r\n
        \     {\r\n        \"name\": \"pyvmirsub507d1052\",\r\n        \"id\": \"/subscriptions/00000000-0000-0000-0000-000000000000/resourceGroups/test_mgmt_msi_test_create_msi_enabled_vm507d1052/providers/Microsoft.Network/virtualNetworks/pyvmirnet507d1052/subnets/pyvmirsub507d1052\",\r\n
        \       \"etag\": \"W/\\\"bbc505a1-99e2-4311-a5ef-b48f33a6fb49\\\"\",\r\n
        \       \"properties\": {\r\n          \"provisioningState\": \"Updating\",\r\n
        \         \"addressPrefix\": \"10.0.0.0/24\",\r\n          \"delegations\":
        [],\r\n          \"privateEndpointNetworkPolicies\": \"Enabled\",\r\n          \"privateLinkServiceNetworkPolicies\":
        \"Enabled\"\r\n        },\r\n        \"type\": \"Microsoft.Network/virtualNetworks/subnets\"\r\n
        \     }\r\n    ],\r\n    \"virtualNetworkPeerings\": [],\r\n    \"enableDdosProtection\":
        false,\r\n    \"enableVmProtection\": false\r\n  }\r\n}"
    headers:
      azure-asyncnotification:
      - Enabled
      azure-asyncoperation:
      - https://management.azure.com/subscriptions/00000000-0000-0000-0000-000000000000/providers/Microsoft.Network/locations/westus/operations/294b44a7-bd96-4492-9720-b02b642c6ac5?api-version=2020-05-01
      cache-control:
      - no-cache
      content-length:
      - '1370'
      content-type:
      - application/json; charset=utf-8
      date:
      - Mon, 06 Jul 2020 07:44:17 GMT
      expires:
      - '-1'
      pragma:
      - no-cache
      server:
      - Microsoft-HTTPAPI/2.0
      - Microsoft-HTTPAPI/2.0
      strict-transport-security:
      - max-age=31536000; includeSubDomains
      x-content-type-options:
      - nosniff
      x-ms-arm-service-request-id:
      - b9348b7f-b6d5-48f1-8eb1-28d9e7f199f5
      x-ms-ratelimit-remaining-subscription-writes:
      - '1199'
    status:
      code: 201
      message: Created
- request:
    body: null
    headers:
      Accept:
      - application/json
      Accept-Encoding:
      - gzip, deflate
      Connection:
      - keep-alive
      User-Agent:
      - python/3.8.1 (Windows-10-10.0.18362-SP0) msrest/0.6.11 msrest_azure/0.6.3
        azure-mgmt-network/11.0.0 Azure-SDK-For-Python
    method: GET
    uri: https://management.azure.com/subscriptions/00000000-0000-0000-0000-000000000000/providers/Microsoft.Network/locations/westus/operations/294b44a7-bd96-4492-9720-b02b642c6ac5?api-version=2020-05-01
  response:
    body:
      string: "{\r\n  \"status\": \"Succeeded\"\r\n}"
    headers:
      cache-control:
      - no-cache
      content-length:
      - '29'
      content-type:
      - application/json; charset=utf-8
      date:
      - Mon, 06 Jul 2020 07:44:21 GMT
      expires:
      - '-1'
      pragma:
      - no-cache
      server:
      - Microsoft-HTTPAPI/2.0
      - Microsoft-HTTPAPI/2.0
      strict-transport-security:
      - max-age=31536000; includeSubDomains
      transfer-encoding:
      - chunked
      vary:
      - Accept-Encoding
      x-content-type-options:
      - nosniff
      x-ms-arm-service-request-id:
      - 4423c8ec-3f4e-4419-9241-eb4b69c03204
    status:
      code: 200
      message: OK
- request:
    body: null
    headers:
      Accept:
      - application/json
      Accept-Encoding:
      - gzip, deflate
      Connection:
      - keep-alive
      User-Agent:
      - python/3.8.1 (Windows-10-10.0.18362-SP0) msrest/0.6.11 msrest_azure/0.6.3
        azure-mgmt-network/11.0.0 Azure-SDK-For-Python
    method: GET
    uri: https://management.azure.com/subscriptions/00000000-0000-0000-0000-000000000000/resourceGroups/test_mgmt_msi_test_create_msi_enabled_vm507d1052/providers/Microsoft.Network/virtualNetworks/pyvmirnet507d1052?api-version=2020-05-01
  response:
    body:
      string: "{\r\n  \"name\": \"pyvmirnet507d1052\",\r\n  \"id\": \"/subscriptions/00000000-0000-0000-0000-000000000000/resourceGroups/test_mgmt_msi_test_create_msi_enabled_vm507d1052/providers/Microsoft.Network/virtualNetworks/pyvmirnet507d1052\",\r\n
        \ \"etag\": \"W/\\\"4c734375-7f91-4e84-8fda-94e31361777b\\\"\",\r\n  \"type\":
        \"Microsoft.Network/virtualNetworks\",\r\n  \"location\": \"westus\",\r\n
        \ \"properties\": {\r\n    \"provisioningState\": \"Succeeded\",\r\n    \"resourceGuid\":
        \"3abc331e-0b04-48f0-a738-3a49a2d74c07\",\r\n    \"addressSpace\": {\r\n      \"addressPrefixes\":
        [\r\n        \"10.0.0.0/16\"\r\n      ]\r\n    },\r\n    \"subnets\": [\r\n
        \     {\r\n        \"name\": \"pyvmirsub507d1052\",\r\n        \"id\": \"/subscriptions/00000000-0000-0000-0000-000000000000/resourceGroups/test_mgmt_msi_test_create_msi_enabled_vm507d1052/providers/Microsoft.Network/virtualNetworks/pyvmirnet507d1052/subnets/pyvmirsub507d1052\",\r\n
        \       \"etag\": \"W/\\\"4c734375-7f91-4e84-8fda-94e31361777b\\\"\",\r\n
        \       \"properties\": {\r\n          \"provisioningState\": \"Succeeded\",\r\n
        \         \"addressPrefix\": \"10.0.0.0/24\",\r\n          \"delegations\":
        [],\r\n          \"privateEndpointNetworkPolicies\": \"Enabled\",\r\n          \"privateLinkServiceNetworkPolicies\":
        \"Enabled\"\r\n        },\r\n        \"type\": \"Microsoft.Network/virtualNetworks/subnets\"\r\n
        \     }\r\n    ],\r\n    \"virtualNetworkPeerings\": [],\r\n    \"enableDdosProtection\":
        false,\r\n    \"enableVmProtection\": false\r\n  }\r\n}"
    headers:
      cache-control:
      - no-cache
      content-length:
      - '1372'
      content-type:
      - application/json; charset=utf-8
      date:
      - Mon, 06 Jul 2020 07:44:22 GMT
      etag:
      - W/"4c734375-7f91-4e84-8fda-94e31361777b"
      expires:
      - '-1'
      pragma:
      - no-cache
      server:
      - Microsoft-HTTPAPI/2.0
      - Microsoft-HTTPAPI/2.0
      strict-transport-security:
      - max-age=31536000; includeSubDomains
      transfer-encoding:
      - chunked
      vary:
      - Accept-Encoding
      x-content-type-options:
      - nosniff
      x-ms-arm-service-request-id:
      - fdb18fa9-4e28-47e7-ab3b-a702321fdc1e
    status:
      code: 200
      message: OK
- request:
    body: null
    headers:
      Accept:
      - application/json
      Accept-Encoding:
      - gzip, deflate
      Connection:
      - keep-alive
      User-Agent:
      - python/3.8.1 (Windows-10-10.0.18362-SP0) msrest/0.6.11 msrest_azure/0.6.3
        azure-mgmt-network/11.0.0 Azure-SDK-For-Python
      accept-language:
      - en-US
    method: GET
    uri: https://management.azure.com/subscriptions/00000000-0000-0000-0000-000000000000/resourceGroups/test_mgmt_msi_test_create_msi_enabled_vm507d1052/providers/Microsoft.Network/virtualNetworks/pyvmirnet507d1052/subnets/pyvmirsub507d1052?api-version=2020-05-01
  response:
    body:
      string: "{\r\n  \"name\": \"pyvmirsub507d1052\",\r\n  \"id\": \"/subscriptions/00000000-0000-0000-0000-000000000000/resourceGroups/test_mgmt_msi_test_create_msi_enabled_vm507d1052/providers/Microsoft.Network/virtualNetworks/pyvmirnet507d1052/subnets/pyvmirsub507d1052\",\r\n
        \ \"etag\": \"W/\\\"4c734375-7f91-4e84-8fda-94e31361777b\\\"\",\r\n  \"properties\":
        {\r\n    \"provisioningState\": \"Succeeded\",\r\n    \"addressPrefix\": \"10.0.0.0/24\",\r\n
        \   \"delegations\": [],\r\n    \"privateEndpointNetworkPolicies\": \"Enabled\",\r\n
        \   \"privateLinkServiceNetworkPolicies\": \"Enabled\"\r\n  },\r\n  \"type\":
        \"Microsoft.Network/virtualNetworks/subnets\"\r\n}"
    headers:
      cache-control:
      - no-cache
      content-length:
      - '591'
      content-type:
      - application/json; charset=utf-8
      date:
      - Mon, 06 Jul 2020 07:44:22 GMT
      etag:
      - W/"4c734375-7f91-4e84-8fda-94e31361777b"
      expires:
      - '-1'
      pragma:
      - no-cache
      server:
      - Microsoft-HTTPAPI/2.0
      - Microsoft-HTTPAPI/2.0
      strict-transport-security:
      - max-age=31536000; includeSubDomains
      transfer-encoding:
      - chunked
      vary:
      - Accept-Encoding
      x-content-type-options:
      - nosniff
      x-ms-arm-service-request-id:
      - c2ec6c98-df34-44ed-990c-139d0a5193dd
    status:
      code: 200
      message: OK
- request:
    body: 'b''{"location": "westus", "properties": {"ipConfigurations": [{"properties":
      {"privateIPAllocationMethod": "Dynamic", "subnet": {"id": "/subscriptions/00000000-0000-0000-0000-000000000000/resourceGroups/test_mgmt_msi_test_create_msi_enabled_vm507d1052/providers/Microsoft.Network/virtualNetworks/pyvmirnet507d1052/subnets/pyvmirsub507d1052",
      "properties": {"addressPrefix": "10.0.0.0/24", "delegations": [], "privateEndpointNetworkPolicies":
      "Enabled", "privateLinkServiceNetworkPolicies": "Enabled"}, "name": "pyvmirsub507d1052"}},
      "name": "pyarmconfig"}]}}'''
    headers:
      Accept:
      - application/json
      Accept-Encoding:
      - gzip, deflate
      Connection:
      - keep-alive
      Content-Length:
      - '555'
      Content-Type:
      - application/json; charset=utf-8
      User-Agent:
      - python/3.8.1 (Windows-10-10.0.18362-SP0) msrest/0.6.11 msrest_azure/0.6.3
        azure-mgmt-network/11.0.0 Azure-SDK-For-Python
      accept-language:
      - en-US
    method: PUT
    uri: https://management.azure.com/subscriptions/00000000-0000-0000-0000-000000000000/resourceGroups/test_mgmt_msi_test_create_msi_enabled_vm507d1052/providers/Microsoft.Network/networkInterfaces/pyvmirnic507d1052?api-version=2020-05-01
  response:
    body:
      string: "{\r\n  \"name\": \"pyvmirnic507d1052\",\r\n  \"id\": \"/subscriptions/00000000-0000-0000-0000-000000000000/resourceGroups/test_mgmt_msi_test_create_msi_enabled_vm507d1052/providers/Microsoft.Network/networkInterfaces/pyvmirnic507d1052\",\r\n
        \ \"etag\": \"W/\\\"d5c3432a-b17a-491c-b3fc-018de6ba3253\\\"\",\r\n  \"location\":
        \"westus\",\r\n  \"properties\": {\r\n    \"provisioningState\": \"Succeeded\",\r\n
        \   \"resourceGuid\": \"1fc0a7e5-87c9-4b5c-995f-71bc368f8f2c\",\r\n    \"ipConfigurations\":
        [\r\n      {\r\n        \"name\": \"pyarmconfig\",\r\n        \"id\": \"/subscriptions/00000000-0000-0000-0000-000000000000/resourceGroups/test_mgmt_msi_test_create_msi_enabled_vm507d1052/providers/Microsoft.Network/networkInterfaces/pyvmirnic507d1052/ipConfigurations/pyarmconfig\",\r\n
        \       \"etag\": \"W/\\\"d5c3432a-b17a-491c-b3fc-018de6ba3253\\\"\",\r\n
        \       \"type\": \"Microsoft.Network/networkInterfaces/ipConfigurations\",\r\n
        \       \"properties\": {\r\n          \"provisioningState\": \"Succeeded\",\r\n
        \         \"privateIPAddress\": \"10.0.0.4\",\r\n          \"privateIPAllocationMethod\":
        \"Dynamic\",\r\n          \"subnet\": {\r\n            \"id\": \"/subscriptions/00000000-0000-0000-0000-000000000000/resourceGroups/test_mgmt_msi_test_create_msi_enabled_vm507d1052/providers/Microsoft.Network/virtualNetworks/pyvmirnet507d1052/subnets/pyvmirsub507d1052\"\r\n
        \         },\r\n          \"primary\": true,\r\n          \"privateIPAddressVersion\":
        \"IPv4\"\r\n        }\r\n      }\r\n    ],\r\n    \"dnsSettings\": {\r\n      \"dnsServers\":
        [],\r\n      \"appliedDnsServers\": [],\r\n      \"internalDomainNameSuffix\":
        \"dyz1yoqebpyerjzyhje0fv0mah.dx.internal.cloudapp.net\"\r\n    },\r\n    \"enableAcceleratedNetworking\":
        false,\r\n    \"enableIPForwarding\": false,\r\n    \"hostedWorkloads\": [],\r\n
        \   \"tapConfigurations\": [],\r\n    \"nicType\": \"Standard\"\r\n  },\r\n
        \ \"type\": \"Microsoft.Network/networkInterfaces\"\r\n}"
    headers:
      azure-asyncnotification:
      - Enabled
      azure-asyncoperation:
      - https://management.azure.com/subscriptions/00000000-0000-0000-0000-000000000000/providers/Microsoft.Network/locations/westus/operations/f29fb0b1-21c9-4027-a619-9235afe94372?api-version=2020-05-01
      cache-control:
      - no-cache
      content-length:
      - '1780'
      content-type:
      - application/json; charset=utf-8
      date:
      - Mon, 06 Jul 2020 07:44:25 GMT
      expires:
      - '-1'
      pragma:
      - no-cache
      server:
      - Microsoft-HTTPAPI/2.0
      - Microsoft-HTTPAPI/2.0
      strict-transport-security:
      - max-age=31536000; includeSubDomains
      x-content-type-options:
      - nosniff
      x-ms-arm-service-request-id:
      - 8cce1452-fef7-459e-9f69-4bebb1fe8955
      x-ms-ratelimit-remaining-subscription-writes:
      - '1198'
    status:
      code: 201
      message: Created
- request:
    body: null
    headers:
      Accept:
      - application/json
      Accept-Encoding:
      - gzip, deflate
      Connection:
      - keep-alive
      User-Agent:
      - python/3.8.1 (Windows-10-10.0.18362-SP0) msrest/0.6.11 msrest_azure/0.6.3
        azure-mgmt-network/11.0.0 Azure-SDK-For-Python
    method: GET
    uri: https://management.azure.com/subscriptions/00000000-0000-0000-0000-000000000000/providers/Microsoft.Network/locations/westus/operations/f29fb0b1-21c9-4027-a619-9235afe94372?api-version=2020-05-01
  response:
    body:
      string: "{\r\n  \"status\": \"Succeeded\"\r\n}"
    headers:
      cache-control:
      - no-cache
      content-length:
      - '29'
      content-type:
      - application/json; charset=utf-8
      date:
      - Mon, 06 Jul 2020 07:44:56 GMT
      expires:
      - '-1'
      pragma:
      - no-cache
      server:
      - Microsoft-HTTPAPI/2.0
      - Microsoft-HTTPAPI/2.0
      strict-transport-security:
      - max-age=31536000; includeSubDomains
      transfer-encoding:
      - chunked
      vary:
      - Accept-Encoding
      x-content-type-options:
      - nosniff
      x-ms-arm-service-request-id:
      - 0a587240-1838-4510-b123-faf12ce36a13
    status:
      code: 200
      message: OK
- request:
    body: null
    headers:
      Accept:
      - application/json
      Accept-Encoding:
      - gzip, deflate
      Connection:
      - keep-alive
      User-Agent:
      - python/3.8.1 (Windows-10-10.0.18362-SP0) msrest/0.6.11 msrest_azure/0.6.3
        azure-mgmt-network/11.0.0 Azure-SDK-For-Python
    method: GET
    uri: https://management.azure.com/subscriptions/00000000-0000-0000-0000-000000000000/resourceGroups/test_mgmt_msi_test_create_msi_enabled_vm507d1052/providers/Microsoft.Network/networkInterfaces/pyvmirnic507d1052?api-version=2020-05-01
  response:
    body:
      string: "{\r\n  \"name\": \"pyvmirnic507d1052\",\r\n  \"id\": \"/subscriptions/00000000-0000-0000-0000-000000000000/resourceGroups/test_mgmt_msi_test_create_msi_enabled_vm507d1052/providers/Microsoft.Network/networkInterfaces/pyvmirnic507d1052\",\r\n
        \ \"etag\": \"W/\\\"d5c3432a-b17a-491c-b3fc-018de6ba3253\\\"\",\r\n  \"location\":
        \"westus\",\r\n  \"properties\": {\r\n    \"provisioningState\": \"Succeeded\",\r\n
        \   \"resourceGuid\": \"1fc0a7e5-87c9-4b5c-995f-71bc368f8f2c\",\r\n    \"ipConfigurations\":
        [\r\n      {\r\n        \"name\": \"pyarmconfig\",\r\n        \"id\": \"/subscriptions/00000000-0000-0000-0000-000000000000/resourceGroups/test_mgmt_msi_test_create_msi_enabled_vm507d1052/providers/Microsoft.Network/networkInterfaces/pyvmirnic507d1052/ipConfigurations/pyarmconfig\",\r\n
        \       \"etag\": \"W/\\\"d5c3432a-b17a-491c-b3fc-018de6ba3253\\\"\",\r\n
        \       \"type\": \"Microsoft.Network/networkInterfaces/ipConfigurations\",\r\n
        \       \"properties\": {\r\n          \"provisioningState\": \"Succeeded\",\r\n
        \         \"privateIPAddress\": \"10.0.0.4\",\r\n          \"privateIPAllocationMethod\":
        \"Dynamic\",\r\n          \"subnet\": {\r\n            \"id\": \"/subscriptions/00000000-0000-0000-0000-000000000000/resourceGroups/test_mgmt_msi_test_create_msi_enabled_vm507d1052/providers/Microsoft.Network/virtualNetworks/pyvmirnet507d1052/subnets/pyvmirsub507d1052\"\r\n
        \         },\r\n          \"primary\": true,\r\n          \"privateIPAddressVersion\":
        \"IPv4\"\r\n        }\r\n      }\r\n    ],\r\n    \"dnsSettings\": {\r\n      \"dnsServers\":
        [],\r\n      \"appliedDnsServers\": [],\r\n      \"internalDomainNameSuffix\":
        \"dyz1yoqebpyerjzyhje0fv0mah.dx.internal.cloudapp.net\"\r\n    },\r\n    \"enableAcceleratedNetworking\":
        false,\r\n    \"enableIPForwarding\": false,\r\n    \"hostedWorkloads\": [],\r\n
        \   \"tapConfigurations\": [],\r\n    \"nicType\": \"Standard\"\r\n  },\r\n
        \ \"type\": \"Microsoft.Network/networkInterfaces\"\r\n}"
    headers:
      cache-control:
      - no-cache
      content-length:
      - '1780'
      content-type:
      - application/json; charset=utf-8
      date:
      - Mon, 06 Jul 2020 07:44:56 GMT
      etag:
      - W/"d5c3432a-b17a-491c-b3fc-018de6ba3253"
      expires:
      - '-1'
      pragma:
      - no-cache
      server:
      - Microsoft-HTTPAPI/2.0
      - Microsoft-HTTPAPI/2.0
      strict-transport-security:
      - max-age=31536000; includeSubDomains
      transfer-encoding:
      - chunked
      vary:
      - Accept-Encoding
      x-content-type-options:
      - nosniff
      x-ms-arm-service-request-id:
      - 75b6696a-4350-4eaf-ba1f-153ea56ad28d
    status:
      code: 200
      message: OK
- request:
    body: 'b''{"location": "westus", "properties": {"hardwareProfile": {"vmSize":
      "Standard_DS1_v2"}, "storageProfile": {"imageReference": {"publisher": "Canonical",
      "offer": "UbuntuServer", "sku": "16.04.0-LTS", "version": "latest"}}, "osProfile":
      {"computerName": "test", "adminUsername": "Foo12", "adminPassword": "BaR@123test_mgmt_msi_test_create_msi_enabled_vm507d1052"},
      "networkProfile": {"networkInterfaces": [{"id": "/subscriptions/00000000-0000-0000-0000-000000000000/resourceGroups/test_mgmt_msi_test_create_msi_enabled_vm507d1052/providers/Microsoft.Network/networkInterfaces/pyvmirnic507d1052"}]}},
      "identity": {"type": "SystemAssigned"}}'''
    headers:
      Accept:
      - application/json
      Accept-Encoding:
      - gzip, deflate
      Connection:
      - keep-alive
      Content-Length:
      - '637'
      Content-Type:
      - application/json; charset=utf-8
      User-Agent:
      - python/3.8.1 (Windows-10-10.0.18362-SP0) msrest/0.6.11 msrest_azure/0.6.3
        azure-mgmt-compute/13.0.0 Azure-SDK-For-Python
      accept-language:
      - en-US
    method: PUT
    uri: https://management.azure.com/subscriptions/00000000-0000-0000-0000-000000000000/resourceGroups/test_mgmt_msi_test_create_msi_enabled_vm507d1052/providers/Microsoft.Compute/virtualMachines/pyvmirvm507d1052?api-version=2020-06-01
  response:
    body:
      string: "{\r\n  \"name\": \"pyvmirvm507d1052\",\r\n  \"id\": \"/subscriptions/00000000-0000-0000-0000-000000000000/resourceGroups/test_mgmt_msi_test_create_msi_enabled_vm507d1052/providers/Microsoft.Compute/virtualMachines/pyvmirvm507d1052\",\r\n
        \ \"type\": \"Microsoft.Compute/virtualMachines\",\r\n  \"location\": \"westus\",\r\n
        \ \"identity\": {\r\n    \"type\": \"SystemAssigned\",\r\n    \"principalId\":
        \"60037117-2896-44d6-a56e-8be4cf47b60c\",\r\n    \"tenantId\": \"72f988bf-86f1-41af-91ab-2d7cd011db47\"\r\n
        \ },\r\n  \"properties\": {\r\n    \"vmId\": \"ce6b46d6-8f5c-4745-b561-6c8c17951f3b\",\r\n
        \   \"hardwareProfile\": {\r\n      \"vmSize\": \"Standard_DS1_v2\"\r\n    },\r\n
        \   \"storageProfile\": {\r\n      \"imageReference\": {\r\n        \"publisher\":
        \"Canonical\",\r\n        \"offer\": \"UbuntuServer\",\r\n        \"sku\":
        \"16.04.0-LTS\",\r\n        \"version\": \"latest\",\r\n        \"exactVersion\":
        \"16.04.202006100\"\r\n      },\r\n      \"osDisk\": {\r\n        \"osType\":
        \"Linux\",\r\n        \"createOption\": \"FromImage\",\r\n        \"caching\":
        \"ReadWrite\",\r\n        \"managedDisk\": {\r\n          \"storageAccountType\":
        \"Premium_LRS\"\r\n        },\r\n        \"diskSizeGB\": 30\r\n      },\r\n
        \     \"dataDisks\": []\r\n    },\r\n    \"osProfile\": {\r\n      \"computerName\":
        \"test\",\r\n      \"adminUsername\": \"Foo12\",\r\n      \"linuxConfiguration\":
        {\r\n        \"disablePasswordAuthentication\": false,\r\n        \"provisionVMAgent\":
        true\r\n      },\r\n      \"secrets\": [],\r\n      \"allowExtensionOperations\":
        true,\r\n      \"requireGuestProvisionSignal\": true\r\n    },\r\n    \"networkProfile\":
        {\"networkInterfaces\":[{\"id\":\"/subscriptions/00000000-0000-0000-0000-000000000000/resourceGroups/test_mgmt_msi_test_create_msi_enabled_vm507d1052/providers/Microsoft.Network/networkInterfaces/pyvmirnic507d1052\"}]},\r\n
        \   \"provisioningState\": \"Creating\"\r\n  }\r\n}"
    headers:
      azure-asyncnotification:
      - Enabled
      azure-asyncoperation:
      - https://management.azure.com/subscriptions/00000000-0000-0000-0000-000000000000/providers/Microsoft.Compute/locations/westus/operations/eb16e683-98a5-4d1e-bd8f-bcb7f9ebe84f?api-version=2020-06-01
      cache-control:
      - no-cache
      content-length:
      - '1714'
      content-type:
      - application/json; charset=utf-8
      date:
      - Mon, 06 Jul 2020 07:45:08 GMT
      expires:
      - '-1'
      pragma:
      - no-cache
      server:
      - Microsoft-HTTPAPI/2.0
      - Microsoft-HTTPAPI/2.0
      strict-transport-security:
      - max-age=31536000; includeSubDomains
      x-content-type-options:
      - nosniff
      x-ms-ratelimit-remaining-resource:
      - Microsoft.Compute/PutVM3Min;239,Microsoft.Compute/PutVM30Min;1199
      x-ms-ratelimit-remaining-subscription-writes:
      - '1198'
    status:
      code: 201
      message: Created
- request:
    body: null
    headers:
      Accept:
      - application/json
      Accept-Encoding:
      - gzip, deflate
      Connection:
      - keep-alive
      User-Agent:
      - python/3.8.1 (Windows-10-10.0.18362-SP0) msrest/0.6.11 msrest_azure/0.6.3
        azure-mgmt-compute/13.0.0 Azure-SDK-For-Python
    method: GET
    uri: https://management.azure.com/subscriptions/00000000-0000-0000-0000-000000000000/providers/Microsoft.Compute/locations/westus/operations/eb16e683-98a5-4d1e-bd8f-bcb7f9ebe84f?api-version=2020-06-01
  response:
    body:
      string: "{\r\n  \"startTime\": \"2020-07-06T07:45:07.4390954+00:00\",\r\n  \"status\":
        \"InProgress\",\r\n  \"name\": \"eb16e683-98a5-4d1e-bd8f-bcb7f9ebe84f\"\r\n}"
    headers:
      cache-control:
      - no-cache
      content-length:
      - '134'
      content-type:
      - application/json; charset=utf-8
      date:
      - Mon, 06 Jul 2020 07:45:20 GMT
      expires:
      - '-1'
      pragma:
      - no-cache
      server:
      - Microsoft-HTTPAPI/2.0
      - Microsoft-HTTPAPI/2.0
      strict-transport-security:
      - max-age=31536000; includeSubDomains
      transfer-encoding:
      - chunked
      vary:
      - Accept-Encoding
      x-content-type-options:
      - nosniff
      x-ms-ratelimit-remaining-resource:
      - Microsoft.Compute/GetOperation3Min;14984,Microsoft.Compute/GetOperation30Min;29856
    status:
      code: 200
      message: OK
- request:
    body: null
    headers:
      Accept:
      - application/json
      Accept-Encoding:
      - gzip, deflate
      Connection:
      - keep-alive
      User-Agent:
      - python/3.8.1 (Windows-10-10.0.18362-SP0) msrest/0.6.11 msrest_azure/0.6.3
        azure-mgmt-compute/13.0.0 Azure-SDK-For-Python
    method: GET
    uri: https://management.azure.com/subscriptions/00000000-0000-0000-0000-000000000000/providers/Microsoft.Compute/locations/westus/operations/eb16e683-98a5-4d1e-bd8f-bcb7f9ebe84f?api-version=2020-06-01
  response:
    body:
      string: "{\r\n  \"startTime\": \"2020-07-06T07:45:07.4390954+00:00\",\r\n  \"endTime\":
        \"2020-07-06T07:45:48.6754049+00:00\",\r\n  \"status\": \"Succeeded\",\r\n
        \ \"name\": \"eb16e683-98a5-4d1e-bd8f-bcb7f9ebe84f\"\r\n}"
    headers:
      cache-control:
      - no-cache
      content-length:
      - '184'
      content-type:
      - application/json; charset=utf-8
      date:
      - Mon, 06 Jul 2020 07:45:55 GMT
      expires:
      - '-1'
      pragma:
      - no-cache
      server:
      - Microsoft-HTTPAPI/2.0
      - Microsoft-HTTPAPI/2.0
      strict-transport-security:
      - max-age=31536000; includeSubDomains
      transfer-encoding:
      - chunked
      vary:
      - Accept-Encoding
      x-content-type-options:
      - nosniff
      x-ms-ratelimit-remaining-resource:
      - Microsoft.Compute/GetOperation3Min;14981,Microsoft.Compute/GetOperation30Min;29851
    status:
      code: 200
      message: OK
- request:
    body: null
    headers:
      Accept:
      - application/json
      Accept-Encoding:
      - gzip, deflate
      Connection:
      - keep-alive
      User-Agent:
      - python/3.8.1 (Windows-10-10.0.18362-SP0) msrest/0.6.11 msrest_azure/0.6.3
        azure-mgmt-compute/13.0.0 Azure-SDK-For-Python
    method: GET
    uri: https://management.azure.com/subscriptions/00000000-0000-0000-0000-000000000000/resourceGroups/test_mgmt_msi_test_create_msi_enabled_vm507d1052/providers/Microsoft.Compute/virtualMachines/pyvmirvm507d1052?api-version=2020-06-01
  response:
    body:
      string: "{\r\n  \"name\": \"pyvmirvm507d1052\",\r\n  \"id\": \"/subscriptions/00000000-0000-0000-0000-000000000000/resourceGroups/test_mgmt_msi_test_create_msi_enabled_vm507d1052/providers/Microsoft.Compute/virtualMachines/pyvmirvm507d1052\",\r\n
        \ \"type\": \"Microsoft.Compute/virtualMachines\",\r\n  \"location\": \"westus\",\r\n
        \ \"identity\": {\r\n    \"type\": \"SystemAssigned\",\r\n    \"principalId\":
        \"60037117-2896-44d6-a56e-8be4cf47b60c\",\r\n    \"tenantId\": \"72f988bf-86f1-41af-91ab-2d7cd011db47\"\r\n
        \ },\r\n  \"properties\": {\r\n    \"vmId\": \"ce6b46d6-8f5c-4745-b561-6c8c17951f3b\",\r\n
        \   \"hardwareProfile\": {\r\n      \"vmSize\": \"Standard_DS1_v2\"\r\n    },\r\n
        \   \"storageProfile\": {\r\n      \"imageReference\": {\r\n        \"publisher\":
        \"Canonical\",\r\n        \"offer\": \"UbuntuServer\",\r\n        \"sku\":
        \"16.04.0-LTS\",\r\n        \"version\": \"latest\",\r\n        \"exactVersion\":
        \"16.04.202006100\"\r\n      },\r\n      \"osDisk\": {\r\n        \"osType\":
        \"Linux\",\r\n        \"name\": \"pyvmirvm507d1052_OsDisk_1_c9ef8461f9cf4626a15cccd6ee073494\",\r\n
        \       \"createOption\": \"FromImage\",\r\n        \"caching\": \"ReadWrite\",\r\n
        \       \"managedDisk\": {\r\n          \"storageAccountType\": \"Premium_LRS\",\r\n
        \         \"id\": \"/subscriptions/00000000-0000-0000-0000-000000000000/resourceGroups/TEST_MGMT_MSI_TEST_CREATE_MSI_ENABLED_VM507D1052/providers/Microsoft.Compute/disks/pyvmirvm507d1052_OsDisk_1_c9ef8461f9cf4626a15cccd6ee073494\"\r\n
        \       },\r\n        \"diskSizeGB\": 30\r\n      },\r\n      \"dataDisks\":
        []\r\n    },\r\n    \"osProfile\": {\r\n      \"computerName\": \"test\",\r\n
        \     \"adminUsername\": \"Foo12\",\r\n      \"linuxConfiguration\": {\r\n
        \       \"disablePasswordAuthentication\": false,\r\n        \"provisionVMAgent\":
        true\r\n      },\r\n      \"secrets\": [],\r\n      \"allowExtensionOperations\":
        true,\r\n      \"requireGuestProvisionSignal\": true\r\n    },\r\n    \"networkProfile\":
        {\"networkInterfaces\":[{\"id\":\"/subscriptions/00000000-0000-0000-0000-000000000000/resourceGroups/test_mgmt_msi_test_create_msi_enabled_vm507d1052/providers/Microsoft.Network/networkInterfaces/pyvmirnic507d1052\"}]},\r\n
        \   \"provisioningState\": \"Succeeded\"\r\n  }\r\n}"
    headers:
      cache-control:
      - no-cache
      content-length:
      - '2023'
      content-type:
      - application/json; charset=utf-8
      date:
      - Mon, 06 Jul 2020 07:45:55 GMT
      expires:
      - '-1'
      pragma:
      - no-cache
      server:
      - Microsoft-HTTPAPI/2.0
      - Microsoft-HTTPAPI/2.0
      strict-transport-security:
      - max-age=31536000; includeSubDomains
      transfer-encoding:
      - chunked
      vary:
      - Accept-Encoding
      x-content-type-options:
      - nosniff
      x-ms-ratelimit-remaining-resource:
      - Microsoft.Compute/LowCostGet3Min;3997,Microsoft.Compute/LowCostGet30Min;31985
    status:
      code: 200
      message: OK
version: 1
