interactions:
- request:
    body: '{"sku": {"name": "Standard_LRS"}, "kind": "Storage", "location": "westus",
      "properties": {"supportsHttpsTrafficOnly": true}}'
    headers:
      Accept:
      - application/json
      Accept-Encoding:
      - gzip, deflate
      Connection:
      - keep-alive
      Content-Length:
      - '124'
      Content-Type:
      - application/json; charset=utf-8
      User-Agent:
      - python/3.6.8 (Linux-4.9.184-linuxkit-x86_64-with-Ubuntu-18.04-bionic) msrest/0.6.8
        msrest_azure/0.4.34 azure-mgmt-storage/8.0.0 Azure-SDK-For-Python
      accept-language:
      - en-US
    method: PUT
    uri: https://management.azure.com/subscriptions/00000000-0000-0000-0000-000000000000/resourceGroups/test_mgmt_compute_test_virtual_machine_capturec0f9130c/providers/Microsoft.Storage/storageAccounts/pyvmirstorc0f9130c?api-version=2019-06-01
  response:
    body:
      string: ''
    headers:
      cache-control:
      - no-cache
      content-length:
      - '0'
      content-type:
      - text/plain; charset=utf-8
      date:
      - Wed, 25 Mar 2020 02:04:33 GMT
      expires:
      - '-1'
      location:
      - https://management.azure.com/subscriptions/00000000-0000-0000-0000-000000000000/providers/Microsoft.Storage/locations/westus/asyncoperations/df5b0343-9f59-46f7-af50-a4f301d5a607?monitor=true&api-version=2019-06-01
      pragma:
      - no-cache
      server:
      - Microsoft-Azure-Storage-Resource-Provider/1.0,Microsoft-HTTPAPI/2.0 Microsoft-HTTPAPI/2.0
      strict-transport-security:
      - max-age=31536000; includeSubDomains
      x-content-type-options:
      - nosniff
      x-ms-ratelimit-remaining-subscription-writes:
      - '1199'
    status:
      code: 202
      message: Accepted
- request:
    body: null
    headers:
      Accept:
      - application/json
      Accept-Encoding:
      - gzip, deflate
      Connection:
      - keep-alive
      User-Agent:
      - python/3.6.8 (Linux-4.9.184-linuxkit-x86_64-with-Ubuntu-18.04-bionic) msrest/0.6.8
        msrest_azure/0.4.34 azure-mgmt-storage/8.0.0 Azure-SDK-For-Python
    method: GET
    uri: https://management.azure.com/subscriptions/00000000-0000-0000-0000-000000000000/providers/Microsoft.Storage/locations/westus/asyncoperations/df5b0343-9f59-46f7-af50-a4f301d5a607?monitor=true&api-version=2019-06-01
  response:
    body:
      string: ''
    headers:
      cache-control:
      - no-cache
      content-length:
      - '0'
      content-type:
      - text/plain; charset=utf-8
      date:
      - Wed, 25 Mar 2020 02:04:50 GMT
      expires:
      - '-1'
      location:
      - https://management.azure.com/subscriptions/00000000-0000-0000-0000-000000000000/providers/Microsoft.Storage/locations/westus/asyncoperations/df5b0343-9f59-46f7-af50-a4f301d5a607?monitor=true&api-version=2019-06-01
      pragma:
      - no-cache
      server:
      - Microsoft-Azure-Storage-Resource-Provider/1.0,Microsoft-HTTPAPI/2.0 Microsoft-HTTPAPI/2.0
      strict-transport-security:
      - max-age=31536000; includeSubDomains
      x-content-type-options:
      - nosniff
    status:
      code: 202
      message: Accepted
- request:
    body: null
    headers:
      Accept:
      - application/json
      Accept-Encoding:
      - gzip, deflate
      Connection:
      - keep-alive
      User-Agent:
      - python/3.6.8 (Linux-4.9.184-linuxkit-x86_64-with-Ubuntu-18.04-bionic) msrest/0.6.8
        msrest_azure/0.4.34 azure-mgmt-storage/8.0.0 Azure-SDK-For-Python
    method: GET
    uri: https://management.azure.com/subscriptions/00000000-0000-0000-0000-000000000000/providers/Microsoft.Storage/locations/westus/asyncoperations/df5b0343-9f59-46f7-af50-a4f301d5a607?monitor=true&api-version=2019-06-01
  response:
    body:
      string: ''
    headers:
      cache-control:
      - no-cache
      content-length:
      - '0'
      content-type:
      - text/plain; charset=utf-8
      date:
      - Wed, 25 Mar 2020 02:04:54 GMT
      expires:
      - '-1'
      location:
      - https://management.azure.com/subscriptions/00000000-0000-0000-0000-000000000000/providers/Microsoft.Storage/locations/westus/asyncoperations/df5b0343-9f59-46f7-af50-a4f301d5a607?monitor=true&api-version=2019-06-01
      pragma:
      - no-cache
      server:
      - Microsoft-Azure-Storage-Resource-Provider/1.0,Microsoft-HTTPAPI/2.0 Microsoft-HTTPAPI/2.0
      strict-transport-security:
      - max-age=31536000; includeSubDomains
      x-content-type-options:
      - nosniff
    status:
      code: 202
      message: Accepted
- request:
    body: null
    headers:
      Accept:
      - application/json
      Accept-Encoding:
      - gzip, deflate
      Connection:
      - keep-alive
      User-Agent:
      - python/3.6.8 (Linux-4.9.184-linuxkit-x86_64-with-Ubuntu-18.04-bionic) msrest/0.6.8
        msrest_azure/0.4.34 azure-mgmt-storage/8.0.0 Azure-SDK-For-Python
    method: GET
    uri: https://management.azure.com/subscriptions/00000000-0000-0000-0000-000000000000/providers/Microsoft.Storage/locations/westus/asyncoperations/df5b0343-9f59-46f7-af50-a4f301d5a607?monitor=true&api-version=2019-06-01
  response:
    body:
      string: '{"sku":{"name":"Standard_LRS","tier":"Standard"},"kind":"Storage","id":"/subscriptions/00000000-0000-0000-0000-000000000000/resourceGroups/test_mgmt_compute_test_virtual_machine_capturec0f9130c/providers/Microsoft.Storage/storageAccounts/pyvmirstorc0f9130c","name":"pyvmirstorc0f9130c","type":"Microsoft.Storage/storageAccounts","location":"westus","tags":{},"properties":{"privateEndpointConnections":[],"networkAcls":{"bypass":"AzureServices","virtualNetworkRules":[],"ipRules":[],"defaultAction":"Allow"},"supportsHttpsTrafficOnly":true,"encryption":{"services":{"file":{"keyType":"Account","enabled":true,"lastEnabledTime":"2020-03-25T02:04:33.6282260Z"},"blob":{"keyType":"Account","enabled":true,"lastEnabledTime":"2020-03-25T02:04:33.6282260Z"}},"keySource":"Microsoft.Storage"},"provisioningState":"Succeeded","creationTime":"2020-03-25T02:04:33.5345085Z","primaryEndpoints":{"blob":"https://pyvmirstorc0f9130c.blob.core.windows.net/","queue":"https://pyvmirstorc0f9130c.queue.core.windows.net/","table":"https://pyvmirstorc0f9130c.table.core.windows.net/","file":"https://pyvmirstorc0f9130c.file.core.windows.net/"},"primaryLocation":"westus","statusOfPrimary":"available"}}'
    headers:
      cache-control:
      - no-cache
      content-length:
      - '1183'
      content-type:
      - application/json
      date:
      - Wed, 25 Mar 2020 02:04:57 GMT
      expires:
      - '-1'
      pragma:
      - no-cache
      server:
      - Microsoft-Azure-Storage-Resource-Provider/1.0,Microsoft-HTTPAPI/2.0 Microsoft-HTTPAPI/2.0
      strict-transport-security:
      - max-age=31536000; includeSubDomains
      transfer-encoding:
      - chunked
      vary:
      - Accept-Encoding
      x-content-type-options:
      - nosniff
    status:
      code: 200
      message: OK
- request:
    body: '{"location": "westus", "properties": {"addressSpace": {"addressPrefixes":
      ["10.0.0.0/16"]}, "subnets": [{"properties": {"addressPrefix": "10.0.0.0/24"},
      "name": "pyvmirsubc0f9130c"}], "enableDdosProtection": false, "enableVmProtection":
      false}}'
    headers:
      Accept:
      - application/json
      Accept-Encoding:
      - gzip, deflate
      Connection:
      - keep-alive
      Content-Length:
      - '244'
      Content-Type:
      - application/json; charset=utf-8
      User-Agent:
      - python/3.6.8 (Linux-4.9.184-linuxkit-x86_64-with-Ubuntu-18.04-bionic) msrest/0.6.8
        msrest_azure/0.4.34 azure-mgmt-network/9.0.0 Azure-SDK-For-Python
      accept-language:
      - en-US
    method: PUT
    uri: https://management.azure.com/subscriptions/00000000-0000-0000-0000-000000000000/resourceGroups/test_mgmt_compute_test_virtual_machine_capturec0f9130c/providers/Microsoft.Network/virtualNetworks/pyvmirnetc0f9130c?api-version=2019-11-01
  response:
    body:
      string: "{\r\n  \"name\": \"pyvmirnetc0f9130c\",\r\n  \"id\": \"/subscriptions/00000000-0000-0000-0000-000000000000/resourceGroups/test_mgmt_compute_test_virtual_machine_capturec0f9130c/providers/Microsoft.Network/virtualNetworks/pyvmirnetc0f9130c\"\
        ,\r\n  \"etag\": \"W/\\\"19b976c9-a7b3-4728-8b71-0eef66cca39f\\\"\",\r\n \
        \ \"type\": \"Microsoft.Network/virtualNetworks\",\r\n  \"location\": \"westus\"\
        ,\r\n  \"properties\": {\r\n    \"provisioningState\": \"Updating\",\r\n \
        \   \"resourceGuid\": \"74a0c869-10d8-4a42-a23d-da6aa78fc605\",\r\n    \"\
        addressSpace\": {\r\n      \"addressPrefixes\": [\r\n        \"10.0.0.0/16\"\
        \r\n      ]\r\n    },\r\n    \"subnets\": [\r\n      {\r\n        \"name\"\
        : \"pyvmirsubc0f9130c\",\r\n        \"id\": \"/subscriptions/00000000-0000-0000-0000-000000000000/resourceGroups/test_mgmt_compute_test_virtual_machine_capturec0f9130c/providers/Microsoft.Network/virtualNetworks/pyvmirnetc0f9130c/subnets/pyvmirsubc0f9130c\"\
        ,\r\n        \"etag\": \"W/\\\"19b976c9-a7b3-4728-8b71-0eef66cca39f\\\"\"\
        ,\r\n        \"properties\": {\r\n          \"provisioningState\": \"Updating\"\
        ,\r\n          \"addressPrefix\": \"10.0.0.0/24\",\r\n          \"delegations\"\
        : [],\r\n          \"privateEndpointNetworkPolicies\": \"Enabled\",\r\n  \
        \        \"privateLinkServiceNetworkPolicies\": \"Enabled\"\r\n        },\r\
        \n        \"type\": \"Microsoft.Network/virtualNetworks/subnets\"\r\n    \
        \  }\r\n    ],\r\n    \"virtualNetworkPeerings\": [],\r\n    \"enableDdosProtection\"\
        : false,\r\n    \"enableVmProtection\": false\r\n  }\r\n}"
    headers:
      azure-asyncnotification:
      - Enabled
      azure-asyncoperation:
      - https://management.azure.com/subscriptions/00000000-0000-0000-0000-000000000000/providers/Microsoft.Network/locations/westus/operations/d0b88ce9-562d-4a76-b794-7eadfccc0184?api-version=2019-11-01
      cache-control:
      - no-cache
      content-length:
      - '1382'
      content-type:
      - application/json; charset=utf-8
      date:
      - Wed, 25 Mar 2020 02:05:05 GMT
      expires:
      - '-1'
      pragma:
      - no-cache
      server:
      - Microsoft-HTTPAPI/2.0
      - Microsoft-HTTPAPI/2.0
      strict-transport-security:
      - max-age=31536000; includeSubDomains
      x-content-type-options:
      - nosniff
      x-ms-arm-service-request-id:
      - dae35fd0-e1b8-4670-9ecf-fd81e82200e2
      x-ms-ratelimit-remaining-subscription-writes:
      - '1199'
    status:
      code: 201
      message: Created
- request:
    body: null
    headers:
      Accept:
      - application/json
      Accept-Encoding:
      - gzip, deflate
      Connection:
      - keep-alive
      User-Agent:
      - python/3.6.8 (Linux-4.9.184-linuxkit-x86_64-with-Ubuntu-18.04-bionic) msrest/0.6.8
        msrest_azure/0.4.34 azure-mgmt-network/9.0.0 Azure-SDK-For-Python
    method: GET
    uri: https://management.azure.com/subscriptions/00000000-0000-0000-0000-000000000000/providers/Microsoft.Network/locations/westus/operations/d0b88ce9-562d-4a76-b794-7eadfccc0184?api-version=2019-11-01
  response:
    body:
      string: "{\r\n  \"status\": \"Succeeded\"\r\n}"
    headers:
      cache-control:
      - no-cache
      content-length:
      - '29'
      content-type:
      - application/json; charset=utf-8
      date:
      - Wed, 25 Mar 2020 02:05:10 GMT
      expires:
      - '-1'
      pragma:
      - no-cache
      server:
      - Microsoft-HTTPAPI/2.0
      - Microsoft-HTTPAPI/2.0
      strict-transport-security:
      - max-age=31536000; includeSubDomains
      transfer-encoding:
      - chunked
      vary:
      - Accept-Encoding
      x-content-type-options:
      - nosniff
      x-ms-arm-service-request-id:
      - effe7071-3d33-4da0-80d1-991407e38053
    status:
      code: 200
      message: OK
- request:
    body: null
    headers:
      Accept:
      - application/json
      Accept-Encoding:
      - gzip, deflate
      Connection:
      - keep-alive
      User-Agent:
      - python/3.6.8 (Linux-4.9.184-linuxkit-x86_64-with-Ubuntu-18.04-bionic) msrest/0.6.8
        msrest_azure/0.4.34 azure-mgmt-network/9.0.0 Azure-SDK-For-Python
    method: GET
    uri: https://management.azure.com/subscriptions/00000000-0000-0000-0000-000000000000/resourceGroups/test_mgmt_compute_test_virtual_machine_capturec0f9130c/providers/Microsoft.Network/virtualNetworks/pyvmirnetc0f9130c?api-version=2019-11-01
  response:
    body:
      string: "{\r\n  \"name\": \"pyvmirnetc0f9130c\",\r\n  \"id\": \"/subscriptions/00000000-0000-0000-0000-000000000000/resourceGroups/test_mgmt_compute_test_virtual_machine_capturec0f9130c/providers/Microsoft.Network/virtualNetworks/pyvmirnetc0f9130c\"\
        ,\r\n  \"etag\": \"W/\\\"f63e034d-8db0-4a09-b14e-7aed74fdeb73\\\"\",\r\n \
        \ \"type\": \"Microsoft.Network/virtualNetworks\",\r\n  \"location\": \"westus\"\
        ,\r\n  \"properties\": {\r\n    \"provisioningState\": \"Succeeded\",\r\n\
        \    \"resourceGuid\": \"74a0c869-10d8-4a42-a23d-da6aa78fc605\",\r\n    \"\
        addressSpace\": {\r\n      \"addressPrefixes\": [\r\n        \"10.0.0.0/16\"\
        \r\n      ]\r\n    },\r\n    \"subnets\": [\r\n      {\r\n        \"name\"\
        : \"pyvmirsubc0f9130c\",\r\n        \"id\": \"/subscriptions/00000000-0000-0000-0000-000000000000/resourceGroups/test_mgmt_compute_test_virtual_machine_capturec0f9130c/providers/Microsoft.Network/virtualNetworks/pyvmirnetc0f9130c/subnets/pyvmirsubc0f9130c\"\
        ,\r\n        \"etag\": \"W/\\\"f63e034d-8db0-4a09-b14e-7aed74fdeb73\\\"\"\
        ,\r\n        \"properties\": {\r\n          \"provisioningState\": \"Succeeded\"\
        ,\r\n          \"addressPrefix\": \"10.0.0.0/24\",\r\n          \"delegations\"\
        : [],\r\n          \"privateEndpointNetworkPolicies\": \"Enabled\",\r\n  \
        \        \"privateLinkServiceNetworkPolicies\": \"Enabled\"\r\n        },\r\
        \n        \"type\": \"Microsoft.Network/virtualNetworks/subnets\"\r\n    \
        \  }\r\n    ],\r\n    \"virtualNetworkPeerings\": [],\r\n    \"enableDdosProtection\"\
        : false,\r\n    \"enableVmProtection\": false\r\n  }\r\n}"
    headers:
      cache-control:
      - no-cache
      content-length:
      - '1384'
      content-type:
      - application/json; charset=utf-8
      date:
      - Wed, 25 Mar 2020 02:05:10 GMT
      etag:
      - W/"f63e034d-8db0-4a09-b14e-7aed74fdeb73"
      expires:
      - '-1'
      pragma:
      - no-cache
      server:
      - Microsoft-HTTPAPI/2.0
      - Microsoft-HTTPAPI/2.0
      strict-transport-security:
      - max-age=31536000; includeSubDomains
      transfer-encoding:
      - chunked
      vary:
      - Accept-Encoding
      x-content-type-options:
      - nosniff
      x-ms-arm-service-request-id:
      - 4c3cdddb-af97-40c1-8945-4446e4d79c8c
    status:
      code: 200
      message: OK
- request:
    body: null
    headers:
      Accept:
      - application/json
      Accept-Encoding:
      - gzip, deflate
      Connection:
      - keep-alive
      User-Agent:
      - python/3.6.8 (Linux-4.9.184-linuxkit-x86_64-with-Ubuntu-18.04-bionic) msrest/0.6.8
        msrest_azure/0.4.34 azure-mgmt-network/9.0.0 Azure-SDK-For-Python
      accept-language:
      - en-US
    method: GET
    uri: https://management.azure.com/subscriptions/00000000-0000-0000-0000-000000000000/resourceGroups/test_mgmt_compute_test_virtual_machine_capturec0f9130c/providers/Microsoft.Network/virtualNetworks/pyvmirnetc0f9130c/subnets/pyvmirsubc0f9130c?api-version=2019-11-01
  response:
    body:
      string: "{\r\n  \"name\": \"pyvmirsubc0f9130c\",\r\n  \"id\": \"/subscriptions/00000000-0000-0000-0000-000000000000/resourceGroups/test_mgmt_compute_test_virtual_machine_capturec0f9130c/providers/Microsoft.Network/virtualNetworks/pyvmirnetc0f9130c/subnets/pyvmirsubc0f9130c\"\
        ,\r\n  \"etag\": \"W/\\\"f63e034d-8db0-4a09-b14e-7aed74fdeb73\\\"\",\r\n \
        \ \"properties\": {\r\n    \"provisioningState\": \"Succeeded\",\r\n    \"\
        addressPrefix\": \"10.0.0.0/24\",\r\n    \"delegations\": [],\r\n    \"privateEndpointNetworkPolicies\"\
        : \"Enabled\",\r\n    \"privateLinkServiceNetworkPolicies\": \"Enabled\"\r\
        \n  },\r\n  \"type\": \"Microsoft.Network/virtualNetworks/subnets\"\r\n}"
    headers:
      cache-control:
      - no-cache
      content-length:
      - '597'
      content-type:
      - application/json; charset=utf-8
      date:
      - Wed, 25 Mar 2020 02:05:10 GMT
      etag:
      - W/"f63e034d-8db0-4a09-b14e-7aed74fdeb73"
      expires:
      - '-1'
      pragma:
      - no-cache
      server:
      - Microsoft-HTTPAPI/2.0
      - Microsoft-HTTPAPI/2.0
      strict-transport-security:
      - max-age=31536000; includeSubDomains
      transfer-encoding:
      - chunked
      vary:
      - Accept-Encoding
      x-content-type-options:
      - nosniff
      x-ms-arm-service-request-id:
      - c9bdd5f6-c784-471a-8c5f-0633d5f477fd
    status:
      code: 200
      message: OK
- request:
    body: 'b''b\''{"location": "westus", "properties": {"ipConfigurations": [{"properties":
      {"privateIPAllocationMethod": "Dynamic", "subnet": {"id": "/subscriptions/00000000-0000-0000-0000-000000000000/resourceGroups/test_mgmt_compute_test_virtual_machine_capturec0f9130c/providers/Microsoft.Network/virtualNetworks/pyvmirnetc0f9130c/subnets/pyvmirsubc0f9130c",
      "properties": {"addressPrefix": "10.0.0.0/24", "delegations": [], "privateEndpointNetworkPolicies":
      "Enabled", "privateLinkServiceNetworkPolicies": "Enabled"}, "name": "pyvmirsubc0f9130c"}},
      "name": "pyarmconfig"}]}}\'''''
    headers:
      Accept:
      - application/json
      Accept-Encoding:
      - gzip, deflate
      Connection:
      - keep-alive
      Content-Length:
      - '561'
      Content-Type:
      - application/json; charset=utf-8
      User-Agent:
      - python/3.6.8 (Linux-4.9.184-linuxkit-x86_64-with-Ubuntu-18.04-bionic) msrest/0.6.8
        msrest_azure/0.4.34 azure-mgmt-network/9.0.0 Azure-SDK-For-Python
      accept-language:
      - en-US
    method: PUT
    uri: https://management.azure.com/subscriptions/00000000-0000-0000-0000-000000000000/resourceGroups/test_mgmt_compute_test_virtual_machine_capturec0f9130c/providers/Microsoft.Network/networkInterfaces/pyvmirnicc0f9130c?api-version=2019-11-01
  response:
    body:
      string: "{\r\n  \"name\": \"pyvmirnicc0f9130c\",\r\n  \"id\": \"/subscriptions/00000000-0000-0000-0000-000000000000/resourceGroups/test_mgmt_compute_test_virtual_machine_capturec0f9130c/providers/Microsoft.Network/networkInterfaces/pyvmirnicc0f9130c\"\
        ,\r\n  \"etag\": \"W/\\\"b976e421-8c4f-4265-897d-77132decefdd\\\"\",\r\n \
        \ \"location\": \"westus\",\r\n  \"properties\": {\r\n    \"provisioningState\"\
        : \"Succeeded\",\r\n    \"resourceGuid\": \"b4614cf0-b756-4a2d-91de-c3869ead92e1\"\
        ,\r\n    \"ipConfigurations\": [\r\n      {\r\n        \"name\": \"pyarmconfig\"\
        ,\r\n        \"id\": \"/subscriptions/00000000-0000-0000-0000-000000000000/resourceGroups/test_mgmt_compute_test_virtual_machine_capturec0f9130c/providers/Microsoft.Network/networkInterfaces/pyvmirnicc0f9130c/ipConfigurations/pyarmconfig\"\
        ,\r\n        \"etag\": \"W/\\\"b976e421-8c4f-4265-897d-77132decefdd\\\"\"\
        ,\r\n        \"type\": \"Microsoft.Network/networkInterfaces/ipConfigurations\"\
        ,\r\n        \"properties\": {\r\n          \"provisioningState\": \"Succeeded\"\
        ,\r\n          \"privateIPAddress\": \"10.0.0.4\",\r\n          \"privateIPAllocationMethod\"\
        : \"Dynamic\",\r\n          \"subnet\": {\r\n            \"id\": \"/subscriptions/00000000-0000-0000-0000-000000000000/resourceGroups/test_mgmt_compute_test_virtual_machine_capturec0f9130c/providers/Microsoft.Network/virtualNetworks/pyvmirnetc0f9130c/subnets/pyvmirsubc0f9130c\"\
        \r\n          },\r\n          \"primary\": true,\r\n          \"privateIPAddressVersion\"\
        : \"IPv4\"\r\n        }\r\n      }\r\n    ],\r\n    \"dnsSettings\": {\r\n\
        \      \"dnsServers\": [],\r\n      \"appliedDnsServers\": [],\r\n      \"\
        internalDomainNameSuffix\": \"nheka3gycbbevir31jvkpd4gaf.dx.internal.cloudapp.net\"\
        \r\n    },\r\n    \"enableAcceleratedNetworking\": false,\r\n    \"enableIPForwarding\"\
        : false,\r\n    \"hostedWorkloads\": [],\r\n    \"tapConfigurations\": []\r\
        \n  },\r\n  \"type\": \"Microsoft.Network/networkInterfaces\"\r\n}"
    headers:
      azure-asyncnotification:
      - Enabled
      azure-asyncoperation:
      - https://management.azure.com/subscriptions/00000000-0000-0000-0000-000000000000/providers/Microsoft.Network/locations/westus/operations/954f7ace-dbbe-4682-8aec-c2ec4e62e63d?api-version=2019-11-01
      cache-control:
      - no-cache
      content-length:
      - '1770'
      content-type:
      - application/json; charset=utf-8
      date:
      - Wed, 25 Mar 2020 02:05:13 GMT
      expires:
      - '-1'
      pragma:
      - no-cache
      server:
      - Microsoft-HTTPAPI/2.0
      - Microsoft-HTTPAPI/2.0
      strict-transport-security:
      - max-age=31536000; includeSubDomains
      x-content-type-options:
      - nosniff
      x-ms-arm-service-request-id:
      - f09b370b-db4e-4b51-894b-23b7b493ece9
      x-ms-ratelimit-remaining-subscription-writes:
      - '1198'
    status:
      code: 201
      message: Created
- request:
    body: null
    headers:
      Accept:
      - application/json
      Accept-Encoding:
      - gzip, deflate
      Connection:
      - keep-alive
      User-Agent:
      - python/3.6.8 (Linux-4.9.184-linuxkit-x86_64-with-Ubuntu-18.04-bionic) msrest/0.6.8
        msrest_azure/0.4.34 azure-mgmt-network/9.0.0 Azure-SDK-For-Python
    method: GET
    uri: https://management.azure.com/subscriptions/00000000-0000-0000-0000-000000000000/providers/Microsoft.Network/locations/westus/operations/954f7ace-dbbe-4682-8aec-c2ec4e62e63d?api-version=2019-11-01
  response:
    body:
      string: "{\r\n  \"status\": \"Succeeded\"\r\n}"
    headers:
      cache-control:
      - no-cache
      content-length:
      - '29'
      content-type:
      - application/json; charset=utf-8
      date:
      - Wed, 25 Mar 2020 02:05:45 GMT
      expires:
      - '-1'
      pragma:
      - no-cache
      server:
      - Microsoft-HTTPAPI/2.0
      - Microsoft-HTTPAPI/2.0
      strict-transport-security:
      - max-age=31536000; includeSubDomains
      transfer-encoding:
      - chunked
      vary:
      - Accept-Encoding
      x-content-type-options:
      - nosniff
      x-ms-arm-service-request-id:
      - 3d81dabd-326a-4677-b0ee-6988adc0e815
    status:
      code: 200
      message: OK
- request:
    body: null
    headers:
      Accept:
      - application/json
      Accept-Encoding:
      - gzip, deflate
      Connection:
      - keep-alive
      User-Agent:
      - python/3.6.8 (Linux-4.9.184-linuxkit-x86_64-with-Ubuntu-18.04-bionic) msrest/0.6.8
        msrest_azure/0.4.34 azure-mgmt-network/9.0.0 Azure-SDK-For-Python
    method: GET
    uri: https://management.azure.com/subscriptions/00000000-0000-0000-0000-000000000000/resourceGroups/test_mgmt_compute_test_virtual_machine_capturec0f9130c/providers/Microsoft.Network/networkInterfaces/pyvmirnicc0f9130c?api-version=2019-11-01
  response:
    body:
      string: "{\r\n  \"name\": \"pyvmirnicc0f9130c\",\r\n  \"id\": \"/subscriptions/00000000-0000-0000-0000-000000000000/resourceGroups/test_mgmt_compute_test_virtual_machine_capturec0f9130c/providers/Microsoft.Network/networkInterfaces/pyvmirnicc0f9130c\"\
        ,\r\n  \"etag\": \"W/\\\"b976e421-8c4f-4265-897d-77132decefdd\\\"\",\r\n \
        \ \"location\": \"westus\",\r\n  \"properties\": {\r\n    \"provisioningState\"\
        : \"Succeeded\",\r\n    \"resourceGuid\": \"b4614cf0-b756-4a2d-91de-c3869ead92e1\"\
        ,\r\n    \"ipConfigurations\": [\r\n      {\r\n        \"name\": \"pyarmconfig\"\
        ,\r\n        \"id\": \"/subscriptions/00000000-0000-0000-0000-000000000000/resourceGroups/test_mgmt_compute_test_virtual_machine_capturec0f9130c/providers/Microsoft.Network/networkInterfaces/pyvmirnicc0f9130c/ipConfigurations/pyarmconfig\"\
        ,\r\n        \"etag\": \"W/\\\"b976e421-8c4f-4265-897d-77132decefdd\\\"\"\
        ,\r\n        \"type\": \"Microsoft.Network/networkInterfaces/ipConfigurations\"\
        ,\r\n        \"properties\": {\r\n          \"provisioningState\": \"Succeeded\"\
        ,\r\n          \"privateIPAddress\": \"10.0.0.4\",\r\n          \"privateIPAllocationMethod\"\
        : \"Dynamic\",\r\n          \"subnet\": {\r\n            \"id\": \"/subscriptions/00000000-0000-0000-0000-000000000000/resourceGroups/test_mgmt_compute_test_virtual_machine_capturec0f9130c/providers/Microsoft.Network/virtualNetworks/pyvmirnetc0f9130c/subnets/pyvmirsubc0f9130c\"\
        \r\n          },\r\n          \"primary\": true,\r\n          \"privateIPAddressVersion\"\
        : \"IPv4\"\r\n        }\r\n      }\r\n    ],\r\n    \"dnsSettings\": {\r\n\
        \      \"dnsServers\": [],\r\n      \"appliedDnsServers\": [],\r\n      \"\
        internalDomainNameSuffix\": \"nheka3gycbbevir31jvkpd4gaf.dx.internal.cloudapp.net\"\
        \r\n    },\r\n    \"enableAcceleratedNetworking\": false,\r\n    \"enableIPForwarding\"\
        : false,\r\n    \"hostedWorkloads\": [],\r\n    \"tapConfigurations\": []\r\
        \n  },\r\n  \"type\": \"Microsoft.Network/networkInterfaces\"\r\n}"
    headers:
      cache-control:
      - no-cache
      content-length:
      - '1770'
      content-type:
      - application/json; charset=utf-8
      date:
      - Wed, 25 Mar 2020 02:05:45 GMT
      etag:
      - W/"b976e421-8c4f-4265-897d-77132decefdd"
      expires:
      - '-1'
      pragma:
      - no-cache
      server:
      - Microsoft-HTTPAPI/2.0
      - Microsoft-HTTPAPI/2.0
      strict-transport-security:
      - max-age=31536000; includeSubDomains
      transfer-encoding:
      - chunked
      vary:
      - Accept-Encoding
      x-content-type-options:
      - nosniff
      x-ms-arm-service-request-id:
      - 3786f1b8-85f7-4a10-bac3-4dc13ed448fe
    status:
      code: 200
      message: OK
- request:
    body: 'b''b\''{"location": "westus", "properties": {"hardwareProfile": {"vmSize":
      "Standard_A0"}, "storageProfile": {"imageReference": {"publisher": "Canonical",
      "offer": "UbuntuServer", "sku": "16.04.0-LTS", "version": "latest"}, "osDisk":
      {"name": "test", "vhd": {"uri": "https://pyvmirstorc0f9130c.blob.core.windows.net/vhds/osdisk.vhd"},
      "caching": "None", "createOption": "FromImage"}}, "osProfile": {"computerName":
      "test", "adminUsername": "Foo12", "adminPassword": "BaR@123test_mgmt_compute_test_virtual_machine_capturec0f9130c"},
      "networkProfile": {"networkInterfaces": [{"id": "/subscriptions/00000000-0000-0000-0000-000000000000/resourceGroups/test_mgmt_compute_test_virtual_machine_capturec0f9130c/providers/Microsoft.Network/networkInterfaces/pyvmirnicc0f9130c"}]}}}\'''''
    headers:
      Accept:
      - application/json
      Accept-Encoding:
      - gzip, deflate
      Connection:
      - keep-alive
      Content-Length:
      - '765'
      Content-Type:
      - application/json; charset=utf-8
      User-Agent:
      - python/3.6.8 (Linux-4.9.184-linuxkit-x86_64-with-Ubuntu-18.04-bionic) msrest/0.6.8
        msrest_azure/0.4.34 azure-mgmt-compute/12.0.0 Azure-SDK-For-Python
      accept-language:
      - en-US
    method: PUT
    uri: https://management.azure.com/subscriptions/00000000-0000-0000-0000-000000000000/resourceGroups/test_mgmt_compute_test_virtual_machine_capturec0f9130c/providers/Microsoft.Compute/virtualMachines/pyvmirvmc0f9130c?api-version=2019-12-01
  response:
    body:
      string: "{\r\n  \"name\": \"pyvmirvmc0f9130c\",\r\n  \"id\": \"/subscriptions/00000000-0000-0000-0000-000000000000/resourceGroups/test_mgmt_compute_test_virtual_machine_capturec0f9130c/providers/Microsoft.Compute/virtualMachines/pyvmirvmc0f9130c\"\
        ,\r\n  \"type\": \"Microsoft.Compute/virtualMachines\",\r\n  \"location\"\
        : \"westus\",\r\n  \"properties\": {\r\n    \"vmId\": \"0f80a959-aa29-4922-a849-7f0668dc64fb\"\
        ,\r\n    \"hardwareProfile\": {\r\n      \"vmSize\": \"Standard_A0\"\r\n \
        \   },\r\n    \"storageProfile\": {\r\n      \"imageReference\": {\r\n   \
        \     \"publisher\": \"Canonical\",\r\n        \"offer\": \"UbuntuServer\"\
        ,\r\n        \"sku\": \"16.04.0-LTS\",\r\n        \"version\": \"latest\"\
        ,\r\n        \"exactVersion\": \"16.04.202003170\"\r\n      },\r\n      \"\
        osDisk\": {\r\n        \"osType\": \"Linux\",\r\n        \"name\": \"test\"\
        ,\r\n        \"createOption\": \"FromImage\",\r\n        \"vhd\": {\r\n  \
        \        \"uri\": \"https://pyvmirstorc0f9130c.blob.core.windows.net/vhds/osdisk.vhd\"\
        \r\n        },\r\n        \"caching\": \"None\"\r\n      },\r\n      \"dataDisks\"\
        : []\r\n    },\r\n    \"osProfile\": {\r\n      \"computerName\": \"test\"\
        ,\r\n      \"adminUsername\": \"Foo12\",\r\n      \"linuxConfiguration\":\
        \ {\r\n        \"disablePasswordAuthentication\": false,\r\n        \"provisionVMAgent\"\
        : true\r\n      },\r\n      \"secrets\": [],\r\n      \"allowExtensionOperations\"\
        : true,\r\n      \"requireGuestProvisionSignal\": true\r\n    },\r\n    \"\
        networkProfile\": {\"networkInterfaces\":[{\"id\":\"/subscriptions/00000000-0000-0000-0000-000000000000/resourceGroups/test_mgmt_compute_test_virtual_machine_capturec0f9130c/providers/Microsoft.Network/networkInterfaces/pyvmirnicc0f9130c\"\
        }]},\r\n    \"provisioningState\": \"Creating\"\r\n  }\r\n}"
    headers:
      azure-asyncnotification:
      - Enabled
      azure-asyncoperation:
      - https://management.azure.com/subscriptions/00000000-0000-0000-0000-000000000000/providers/Microsoft.Compute/locations/westus/operations/0787c1c4-182b-4308-abad-bb07a78a412b?api-version=2019-12-01
      cache-control:
      - no-cache
      content-length:
      - '1575'
      content-type:
      - application/json; charset=utf-8
      date:
      - Wed, 25 Mar 2020 02:05:50 GMT
      expires:
      - '-1'
      pragma:
      - no-cache
      server:
      - Microsoft-HTTPAPI/2.0
      - Microsoft-HTTPAPI/2.0
      strict-transport-security:
      - max-age=31536000; includeSubDomains
      x-content-type-options:
      - nosniff
      x-ms-ratelimit-remaining-resource:
      - Microsoft.Compute/PutVM3Min;238,Microsoft.Compute/PutVM30Min;1197
      x-ms-ratelimit-remaining-subscription-writes:
      - '1198'
    status:
      code: 201
      message: Created
- request:
    body: null
    headers:
      Accept:
      - application/json
      Accept-Encoding:
      - gzip, deflate
      Connection:
      - keep-alive
      User-Agent:
      - python/3.6.8 (Linux-4.9.184-linuxkit-x86_64-with-Ubuntu-18.04-bionic) msrest/0.6.8
        msrest_azure/0.4.34 azure-mgmt-compute/12.0.0 Azure-SDK-For-Python
    method: GET
    uri: https://management.azure.com/subscriptions/00000000-0000-0000-0000-000000000000/providers/Microsoft.Compute/locations/westus/operations/0787c1c4-182b-4308-abad-bb07a78a412b?api-version=2019-12-01
  response:
    body:
      string: "{\r\n  \"startTime\": \"2020-03-25T02:05:49.8957376+00:00\",\r\n  \"\
        status\": \"InProgress\",\r\n  \"name\": \"0787c1c4-182b-4308-abad-bb07a78a412b\"\
        \r\n}"
    headers:
      cache-control:
      - no-cache
      content-length:
      - '134'
      content-type:
      - application/json; charset=utf-8
      date:
      - Wed, 25 Mar 2020 02:06:01 GMT
      expires:
      - '-1'
      pragma:
      - no-cache
      server:
      - Microsoft-HTTPAPI/2.0
      - Microsoft-HTTPAPI/2.0
      strict-transport-security:
      - max-age=31536000; includeSubDomains
      transfer-encoding:
      - chunked
      vary:
      - Accept-Encoding
      x-content-type-options:
      - nosniff
      x-ms-ratelimit-remaining-resource:
      - Microsoft.Compute/GetOperation3Min;14999,Microsoft.Compute/GetOperation30Min;29999
    status:
      code: 200
      message: OK
- request:
    body: null
    headers:
      Accept:
      - application/json
      Accept-Encoding:
      - gzip, deflate
      Connection:
      - keep-alive
      User-Agent:
      - python/3.6.8 (Linux-4.9.184-linuxkit-x86_64-with-Ubuntu-18.04-bionic) msrest/0.6.8
        msrest_azure/0.4.34 azure-mgmt-compute/12.0.0 Azure-SDK-For-Python
    method: GET
    uri: https://management.azure.com/subscriptions/00000000-0000-0000-0000-000000000000/providers/Microsoft.Compute/locations/westus/operations/0787c1c4-182b-4308-abad-bb07a78a412b?api-version=2019-12-01
  response:
    body:
      string: "{\r\n  \"startTime\": \"2020-03-25T02:05:49.8957376+00:00\",\r\n  \"\
        status\": \"InProgress\",\r\n  \"name\": \"0787c1c4-182b-4308-abad-bb07a78a412b\"\
        \r\n}"
    headers:
      cache-control:
      - no-cache
      content-length:
      - '134'
      content-type:
      - application/json; charset=utf-8
      date:
      - Wed, 25 Mar 2020 02:06:32 GMT
      expires:
      - '-1'
      pragma:
      - no-cache
      server:
      - Microsoft-HTTPAPI/2.0
      - Microsoft-HTTPAPI/2.0
      strict-transport-security:
      - max-age=31536000; includeSubDomains
      transfer-encoding:
      - chunked
      vary:
      - Accept-Encoding
      x-content-type-options:
      - nosniff
      x-ms-ratelimit-remaining-resource:
      - Microsoft.Compute/GetOperation3Min;14998,Microsoft.Compute/GetOperation30Min;29998
    status:
      code: 200
      message: OK
- request:
    body: null
    headers:
      Accept:
      - application/json
      Accept-Encoding:
      - gzip, deflate
      Connection:
      - keep-alive
      User-Agent:
      - python/3.6.8 (Linux-4.9.184-linuxkit-x86_64-with-Ubuntu-18.04-bionic) msrest/0.6.8
        msrest_azure/0.4.34 azure-mgmt-compute/12.0.0 Azure-SDK-For-Python
    method: GET
    uri: https://management.azure.com/subscriptions/00000000-0000-0000-0000-000000000000/providers/Microsoft.Compute/locations/westus/operations/0787c1c4-182b-4308-abad-bb07a78a412b?api-version=2019-12-01
  response:
    body:
      string: "{\r\n  \"startTime\": \"2020-03-25T02:05:49.8957376+00:00\",\r\n  \"\
        status\": \"InProgress\",\r\n  \"name\": \"0787c1c4-182b-4308-abad-bb07a78a412b\"\
        \r\n}"
    headers:
      cache-control:
      - no-cache
      content-length:
      - '134'
      content-type:
      - application/json; charset=utf-8
      date:
      - Wed, 25 Mar 2020 02:07:02 GMT
      expires:
      - '-1'
      pragma:
      - no-cache
      server:
      - Microsoft-HTTPAPI/2.0
      - Microsoft-HTTPAPI/2.0
      strict-transport-security:
      - max-age=31536000; includeSubDomains
      transfer-encoding:
      - chunked
      vary:
      - Accept-Encoding
      x-content-type-options:
      - nosniff
      x-ms-ratelimit-remaining-resource:
      - Microsoft.Compute/GetOperation3Min;14997,Microsoft.Compute/GetOperation30Min;29997
    status:
      code: 200
      message: OK
- request:
    body: null
    headers:
      Accept:
      - application/json
      Accept-Encoding:
      - gzip, deflate
      Connection:
      - keep-alive
      User-Agent:
      - python/3.6.8 (Linux-4.9.184-linuxkit-x86_64-with-Ubuntu-18.04-bionic) msrest/0.6.8
        msrest_azure/0.4.34 azure-mgmt-compute/12.0.0 Azure-SDK-For-Python
    method: GET
    uri: https://management.azure.com/subscriptions/00000000-0000-0000-0000-000000000000/providers/Microsoft.Compute/locations/westus/operations/0787c1c4-182b-4308-abad-bb07a78a412b?api-version=2019-12-01
  response:
    body:
      string: "{\r\n  \"startTime\": \"2020-03-25T02:05:49.8957376+00:00\",\r\n  \"\
        endTime\": \"2020-03-25T02:07:28.771396+00:00\",\r\n  \"status\": \"Succeeded\"\
        ,\r\n  \"name\": \"0787c1c4-182b-4308-abad-bb07a78a412b\"\r\n}"
    headers:
      cache-control:
      - no-cache
      content-length:
      - '183'
      content-type:
      - application/json; charset=utf-8
      date:
      - Wed, 25 Mar 2020 02:07:32 GMT
      expires:
      - '-1'
      pragma:
      - no-cache
      server:
      - Microsoft-HTTPAPI/2.0
      - Microsoft-HTTPAPI/2.0
      strict-transport-security:
      - max-age=31536000; includeSubDomains
      transfer-encoding:
      - chunked
      vary:
      - Accept-Encoding
      x-content-type-options:
      - nosniff
      x-ms-ratelimit-remaining-resource:
      - Microsoft.Compute/GetOperation3Min;14995,Microsoft.Compute/GetOperation30Min;29995
    status:
      code: 200
      message: OK
- request:
    body: null
    headers:
      Accept:
      - application/json
      Accept-Encoding:
      - gzip, deflate
      Connection:
      - keep-alive
      User-Agent:
      - python/3.6.8 (Linux-4.9.184-linuxkit-x86_64-with-Ubuntu-18.04-bionic) msrest/0.6.8
        msrest_azure/0.4.34 azure-mgmt-compute/12.0.0 Azure-SDK-For-Python
    method: GET
    uri: https://management.azure.com/subscriptions/00000000-0000-0000-0000-000000000000/resourceGroups/test_mgmt_compute_test_virtual_machine_capturec0f9130c/providers/Microsoft.Compute/virtualMachines/pyvmirvmc0f9130c?api-version=2019-12-01
  response:
    body:
      string: "{\r\n  \"name\": \"pyvmirvmc0f9130c\",\r\n  \"id\": \"/subscriptions/00000000-0000-0000-0000-000000000000/resourceGroups/test_mgmt_compute_test_virtual_machine_capturec0f9130c/providers/Microsoft.Compute/virtualMachines/pyvmirvmc0f9130c\"\
        ,\r\n  \"type\": \"Microsoft.Compute/virtualMachines\",\r\n  \"location\"\
        : \"westus\",\r\n  \"properties\": {\r\n    \"vmId\": \"0f80a959-aa29-4922-a849-7f0668dc64fb\"\
        ,\r\n    \"hardwareProfile\": {\r\n      \"vmSize\": \"Standard_A0\"\r\n \
        \   },\r\n    \"storageProfile\": {\r\n      \"imageReference\": {\r\n   \
        \     \"publisher\": \"Canonical\",\r\n        \"offer\": \"UbuntuServer\"\
        ,\r\n        \"sku\": \"16.04.0-LTS\",\r\n        \"version\": \"latest\"\
        ,\r\n        \"exactVersion\": \"16.04.202003170\"\r\n      },\r\n      \"\
        osDisk\": {\r\n        \"osType\": \"Linux\",\r\n        \"name\": \"test\"\
        ,\r\n        \"createOption\": \"FromImage\",\r\n        \"vhd\": {\r\n  \
        \        \"uri\": \"https://pyvmirstorc0f9130c.blob.core.windows.net/vhds/osdisk.vhd\"\
        \r\n        },\r\n        \"caching\": \"None\",\r\n        \"diskSizeGB\"\
        : 30\r\n      },\r\n      \"dataDisks\": []\r\n    },\r\n    \"osProfile\"\
        : {\r\n      \"computerName\": \"test\",\r\n      \"adminUsername\": \"Foo12\"\
        ,\r\n      \"linuxConfiguration\": {\r\n        \"disablePasswordAuthentication\"\
        : false,\r\n        \"provisionVMAgent\": true\r\n      },\r\n      \"secrets\"\
        : [],\r\n      \"allowExtensionOperations\": true,\r\n      \"requireGuestProvisionSignal\"\
        : true\r\n    },\r\n    \"networkProfile\": {\"networkInterfaces\":[{\"id\"\
        :\"/subscriptions/00000000-0000-0000-0000-000000000000/resourceGroups/test_mgmt_compute_test_virtual_machine_capturec0f9130c/providers/Microsoft.Network/networkInterfaces/pyvmirnicc0f9130c\"\
        }]},\r\n    \"provisioningState\": \"Succeeded\"\r\n  }\r\n}"
    headers:
      cache-control:
      - no-cache
      content-length:
      - '1603'
      content-type:
      - application/json; charset=utf-8
      date:
      - Wed, 25 Mar 2020 02:07:33 GMT
      expires:
      - '-1'
      pragma:
      - no-cache
      server:
      - Microsoft-HTTPAPI/2.0
      - Microsoft-HTTPAPI/2.0
      strict-transport-security:
      - max-age=31536000; includeSubDomains
      transfer-encoding:
      - chunked
      vary:
      - Accept-Encoding
      x-content-type-options:
      - nosniff
      x-ms-ratelimit-remaining-resource:
      - Microsoft.Compute/LowCostGet3Min;3998,Microsoft.Compute/LowCostGet30Min;31991
    status:
      code: 200
      message: OK
- request:
    body: null
    headers:
      Accept:
      - application/json
      Accept-Encoding:
      - gzip, deflate
      Connection:
      - keep-alive
      Content-Length:
      - '0'
      User-Agent:
      - python/3.6.8 (Linux-4.9.184-linuxkit-x86_64-with-Ubuntu-18.04-bionic) msrest/0.6.8
        msrest_azure/0.4.34 azure-mgmt-compute/12.0.0 Azure-SDK-For-Python
      accept-language:
      - en-US
    method: POST
    uri: https://management.azure.com/subscriptions/00000000-0000-0000-0000-000000000000/resourceGroups/test_mgmt_compute_test_virtual_machine_capturec0f9130c/providers/Microsoft.Compute/virtualMachines/pyvmirvmc0f9130c/deallocate?api-version=2019-12-01
  response:
    body:
      string: ''
    headers:
      azure-asyncoperation:
      - https://management.azure.com/subscriptions/00000000-0000-0000-0000-000000000000/providers/Microsoft.Compute/locations/westus/operations/2205b815-8c21-4140-961b-9094254319e8?api-version=2019-12-01
      cache-control:
      - no-cache
      content-length:
      - '0'
      date:
      - Wed, 25 Mar 2020 02:07:33 GMT
      expires:
      - '-1'
      location:
      - https://management.azure.com/subscriptions/00000000-0000-0000-0000-000000000000/providers/Microsoft.Compute/locations/westus/operations/2205b815-8c21-4140-961b-9094254319e8?monitor=true&api-version=2019-12-01
      pragma:
      - no-cache
      server:
      - Microsoft-HTTPAPI/2.0
      - Microsoft-HTTPAPI/2.0
      strict-transport-security:
      - max-age=31536000; includeSubDomains
      x-content-type-options:
      - nosniff
      x-ms-ratelimit-remaining-resource:
      - Microsoft.Compute/DeleteVM3Min;239,Microsoft.Compute/DeleteVM30Min;1197
      x-ms-ratelimit-remaining-subscription-writes:
      - '1199'
    status:
      code: 202
      message: Accepted
- request:
    body: null
    headers:
      Accept:
      - application/json
      Accept-Encoding:
      - gzip, deflate
      Connection:
      - keep-alive
      User-Agent:
      - python/3.6.8 (Linux-4.9.184-linuxkit-x86_64-with-Ubuntu-18.04-bionic) msrest/0.6.8
        msrest_azure/0.4.34 azure-mgmt-compute/12.0.0 Azure-SDK-For-Python
    method: GET
    uri: https://management.azure.com/subscriptions/00000000-0000-0000-0000-000000000000/providers/Microsoft.Compute/locations/westus/operations/2205b815-8c21-4140-961b-9094254319e8?api-version=2019-12-01
  response:
    body:
      string: "{\r\n  \"startTime\": \"2020-03-25T02:07:34.0058036+00:00\",\r\n  \"\
        status\": \"InProgress\",\r\n  \"name\": \"2205b815-8c21-4140-961b-9094254319e8\"\
        \r\n}"
    headers:
      cache-control:
      - no-cache
      content-length:
      - '134'
      content-type:
      - application/json; charset=utf-8
      date:
      - Wed, 25 Mar 2020 02:07:44 GMT
      expires:
      - '-1'
      pragma:
      - no-cache
      server:
      - Microsoft-HTTPAPI/2.0
      - Microsoft-HTTPAPI/2.0
      strict-transport-security:
      - max-age=31536000; includeSubDomains
      transfer-encoding:
      - chunked
      vary:
      - Accept-Encoding
      x-content-type-options:
      - nosniff
      x-ms-ratelimit-remaining-resource:
      - Microsoft.Compute/GetOperation3Min;14994,Microsoft.Compute/GetOperation30Min;29994
    status:
      code: 200
      message: OK
- request:
    body: null
    headers:
      Accept:
      - application/json
      Accept-Encoding:
      - gzip, deflate
      Connection:
      - keep-alive
      User-Agent:
      - python/3.6.8 (Linux-4.9.184-linuxkit-x86_64-with-Ubuntu-18.04-bionic) msrest/0.6.8
        msrest_azure/0.4.34 azure-mgmt-compute/12.0.0 Azure-SDK-For-Python
    method: GET
    uri: https://management.azure.com/subscriptions/00000000-0000-0000-0000-000000000000/providers/Microsoft.Compute/locations/westus/operations/2205b815-8c21-4140-961b-9094254319e8?api-version=2019-12-01
  response:
    body:
      string: "{\r\n  \"startTime\": \"2020-03-25T02:07:34.0058036+00:00\",\r\n  \"\
        status\": \"InProgress\",\r\n  \"name\": \"2205b815-8c21-4140-961b-9094254319e8\"\
        \r\n}"
    headers:
      cache-control:
      - no-cache
      content-length:
      - '134'
      content-type:
      - application/json; charset=utf-8
      date:
      - Wed, 25 Mar 2020 02:08:20 GMT
      expires:
      - '-1'
      pragma:
      - no-cache
      server:
      - Microsoft-HTTPAPI/2.0
      - Microsoft-HTTPAPI/2.0
      strict-transport-security:
      - max-age=31536000; includeSubDomains
      transfer-encoding:
      - chunked
      vary:
      - Accept-Encoding
      x-content-type-options:
      - nosniff
      x-ms-ratelimit-remaining-resource:
      - Microsoft.Compute/GetOperation3Min;14990,Microsoft.Compute/GetOperation30Min;29990
    status:
      code: 200
      message: OK
- request:
    body: null
    headers:
      Accept:
      - application/json
      Accept-Encoding:
      - gzip, deflate
      Connection:
      - keep-alive
      User-Agent:
      - python/3.6.8 (Linux-4.9.184-linuxkit-x86_64-with-Ubuntu-18.04-bionic) msrest/0.6.8
        msrest_azure/0.4.34 azure-mgmt-compute/12.0.0 Azure-SDK-For-Python
    method: GET
    uri: https://management.azure.com/subscriptions/00000000-0000-0000-0000-000000000000/providers/Microsoft.Compute/locations/westus/operations/2205b815-8c21-4140-961b-9094254319e8?api-version=2019-12-01
  response:
    body:
      string: "{\r\n  \"startTime\": \"2020-03-25T02:07:34.0058036+00:00\",\r\n  \"\
        endTime\": \"2020-03-25T02:08:34.849973+00:00\",\r\n  \"status\": \"Succeeded\"\
        ,\r\n  \"name\": \"2205b815-8c21-4140-961b-9094254319e8\"\r\n}"
    headers:
      cache-control:
      - no-cache
      content-length:
      - '183'
      content-type:
      - application/json; charset=utf-8
      date:
      - Wed, 25 Mar 2020 02:08:51 GMT
      expires:
      - '-1'
      pragma:
      - no-cache
      server:
      - Microsoft-HTTPAPI/2.0
      - Microsoft-HTTPAPI/2.0
      strict-transport-security:
      - max-age=31536000; includeSubDomains
      transfer-encoding:
      - chunked
      vary:
      - Accept-Encoding
      x-content-type-options:
      - nosniff
      x-ms-ratelimit-remaining-resource:
      - Microsoft.Compute/GetOperation3Min;14988,Microsoft.Compute/GetOperation30Min;29988
    status:
      code: 200
      message: OK
- request:
    body: null
    headers:
      Accept:
      - application/json
      Accept-Encoding:
      - gzip, deflate
      Connection:
      - keep-alive
      Content-Length:
      - '0'
      User-Agent:
      - python/3.6.8 (Linux-4.9.184-linuxkit-x86_64-with-Ubuntu-18.04-bionic) msrest/0.6.8
        msrest_azure/0.4.34 azure-mgmt-compute/12.0.0 Azure-SDK-For-Python
      accept-language:
      - en-US
    method: POST
    uri: https://management.azure.com/subscriptions/00000000-0000-0000-0000-000000000000/resourceGroups/test_mgmt_compute_test_virtual_machine_capturec0f9130c/providers/Microsoft.Compute/virtualMachines/pyvmirvmc0f9130c/generalize?api-version=2019-12-01
  response:
    body:
      string: ''
    headers:
      cache-control:
      - no-cache
      content-length:
      - '0'
      date:
      - Wed, 25 Mar 2020 02:08:51 GMT
      expires:
      - '-1'
      pragma:
      - no-cache
      server:
      - Microsoft-HTTPAPI/2.0
      - Microsoft-HTTPAPI/2.0
      strict-transport-security:
      - max-age=31536000; includeSubDomains
      x-content-type-options:
      - nosniff
      x-ms-ratelimit-remaining-resource:
      - Microsoft.Compute/UpdateVM3Min;239,Microsoft.Compute/UpdateVM30Min;1199
      x-ms-ratelimit-remaining-subscription-writes:
      - '1198'
    status:
      code: 200
      message: OK
- request:
    body: '{"vhdPrefix": "pslib", "destinationContainerName": "dest", "overwriteVhds":
      true}'
    headers:
      Accept:
      - application/json
      Accept-Encoding:
      - gzip, deflate
      Connection:
      - keep-alive
      Content-Length:
      - '81'
      Content-Type:
      - application/json; charset=utf-8
      User-Agent:
      - python/3.6.8 (Linux-4.9.184-linuxkit-x86_64-with-Ubuntu-18.04-bionic) msrest/0.6.8
        msrest_azure/0.4.34 azure-mgmt-compute/12.0.0 Azure-SDK-For-Python
      accept-language:
      - en-US
    method: POST
    uri: https://management.azure.com/subscriptions/00000000-0000-0000-0000-000000000000/resourceGroups/test_mgmt_compute_test_virtual_machine_capturec0f9130c/providers/Microsoft.Compute/virtualMachines/pyvmirvmc0f9130c/capture?api-version=2019-12-01
  response:
    body:
      string: ''
    headers:
      azure-asyncoperation:
      - https://management.azure.com/subscriptions/00000000-0000-0000-0000-000000000000/providers/Microsoft.Compute/locations/westus/operations/3a39c15a-1f8b-4890-b72c-21fe34f3d615?api-version=2019-12-01
      cache-control:
      - no-cache
      content-length:
      - '0'
      date:
      - Wed, 25 Mar 2020 02:08:51 GMT
      expires:
      - '-1'
      location:
      - https://management.azure.com/subscriptions/00000000-0000-0000-0000-000000000000/providers/Microsoft.Compute/locations/westus/operations/3a39c15a-1f8b-4890-b72c-21fe34f3d615?monitor=true&api-version=2019-12-01
      pragma:
      - no-cache
      server:
      - Microsoft-HTTPAPI/2.0
      - Microsoft-HTTPAPI/2.0
      strict-transport-security:
      - max-age=31536000; includeSubDomains
      x-content-type-options:
      - nosniff
      x-ms-ratelimit-remaining-resource:
      - Microsoft.Compute/UpdateVM3Min;238,Microsoft.Compute/UpdateVM30Min;1198
      x-ms-ratelimit-remaining-subscription-writes:
      - '1197'
    status:
      code: 202
      message: Accepted
- request:
    body: null
    headers:
      Accept:
      - application/json
      Accept-Encoding:
      - gzip, deflate
      Connection:
      - keep-alive
      User-Agent:
      - python/3.6.8 (Linux-4.9.184-linuxkit-x86_64-with-Ubuntu-18.04-bionic) msrest/0.6.8
        msrest_azure/0.4.34 azure-mgmt-compute/12.0.0 Azure-SDK-For-Python
    method: GET
    uri: https://management.azure.com/subscriptions/00000000-0000-0000-0000-000000000000/providers/Microsoft.Compute/locations/westus/operations/3a39c15a-1f8b-4890-b72c-21fe34f3d615?api-version=2019-12-01
  response:
    body:
      string: "{\r\n  \"startTime\": \"2020-03-25T02:08:52.1625582+00:00\",\r\n  \"\
        endTime\": \"2020-03-25T02:08:52.4594572+00:00\",\r\n  \"status\": \"Succeeded\"\
        ,\r\n  \"properties\": {\r\n    \"output\": {\"$schema\":\"http://schema.management.azure.com/schemas/2014-04-01-preview/VM_IP.json\"\
        ,\"contentVersion\":\"1.0.0.0\",\"parameters\":{\"vmName\":{\"type\":\"string\"\
        },\"vmSize\":{\"type\":\"string\",\"defaultValue\":\"Standard_A0\"},\"adminUserName\"\
        :{\"type\":\"string\"},\"adminPassword\":{\"type\":\"securestring\"},\"networkInterfaceId\"\
        :{\"type\":\"string\"}},\"resources\":[{\"name\":\"[parameters('vmName')]\"\
        ,\"type\":\"Microsoft.Compute/virtualMachines\",\"location\":\"westus\",\"\
        apiVersion\":\"2019-12-01\",\"properties\":{\"hardwareProfile\":{\"vmSize\"\
        :\"[parameters('vmSize')]\"},\"storageProfile\":{\"osDisk\":{\"osType\":\"\
        Linux\",\"name\":\"pslib-osDisk.0f80a959-aa29-4922-a849-7f0668dc64fb.vhd\"\
        ,\"createOption\":\"FromImage\",\"image\":{\"uri\":\"https://pyvmirstorc0f9130c.blob.core.windows.net/system/Microsoft.Compute/Images/dest/pslib-osDisk.0f80a959-aa29-4922-a849-7f0668dc64fb.vhd\"\
        },\"vhd\":{\"uri\":\"https://pyvmirstorc0f9130c.blob.core.windows.net/vmcontainer1a0de9bf-2109-4733-84d7-adeeb92a27c1/osDisk.1a0de9bf-2109-4733-84d7-adeeb92a27c1.vhd\"\
        },\"caching\":\"None\"}},\"osProfile\":{\"computerName\":\"[parameters('vmName')]\"\
        ,\"adminUsername\":\"[parameters('adminUsername')]\",\"adminPassword\":\"\
        [parameters('adminPassword')]\"},\"networkProfile\":{\"networkInterfaces\"\
        :[{\"id\":\"[parameters('networkInterfaceId')]\"}]},\"provisioningState\"\
        :0}}]}\r\n  },\r\n  \"name\": \"3a39c15a-1f8b-4890-b72c-21fe34f3d615\"\r\n\
        }"
    headers:
      cache-control:
      - no-cache
      content-length:
      - '1485'
      content-type:
      - application/json; charset=utf-8
      date:
      - Wed, 25 Mar 2020 02:09:22 GMT
      expires:
      - '-1'
      pragma:
      - no-cache
      server:
      - Microsoft-HTTPAPI/2.0
      - Microsoft-HTTPAPI/2.0
      strict-transport-security:
      - max-age=31536000; includeSubDomains
      transfer-encoding:
      - chunked
      vary:
      - Accept-Encoding
      x-content-type-options:
      - nosniff
      x-ms-ratelimit-remaining-resource:
      - Microsoft.Compute/GetOperation3Min;14987,Microsoft.Compute/GetOperation30Min;29986
    status:
      code: 200
      message: OK
- request:
    body: null
    headers:
      Accept:
      - application/json
      Accept-Encoding:
      - gzip, deflate
      Connection:
      - keep-alive
      User-Agent:
      - python/3.6.8 (Linux-4.9.184-linuxkit-x86_64-with-Ubuntu-18.04-bionic) msrest/0.6.8
        msrest_azure/0.4.34 azure-mgmt-compute/12.0.0 Azure-SDK-For-Python
    method: GET
    uri: https://management.azure.com/subscriptions/00000000-0000-0000-0000-000000000000/providers/Microsoft.Compute/locations/westus/operations/3a39c15a-1f8b-4890-b72c-21fe34f3d615?monitor=true&api-version=2019-12-01
  response:
    body:
      string: '{"$schema":"http://schema.management.azure.com/schemas/2014-04-01-preview/VM_IP.json","contentVersion":"1.0.0.0","parameters":{"vmName":{"type":"string"},"vmSize":{"type":"string","defaultValue":"Standard_A0"},"adminUserName":{"type":"string"},"adminPassword":{"type":"securestring"},"networkInterfaceId":{"type":"string"}},"resources":[{"name":"[parameters(''vmName'')]","type":"Microsoft.Compute/virtualMachines","location":"westus","apiVersion":"2019-12-01","properties":{"hardwareProfile":{"vmSize":"[parameters(''vmSize'')]"},"storageProfile":{"osDisk":{"osType":"Linux","name":"pslib-osDisk.0f80a959-aa29-4922-a849-7f0668dc64fb.vhd","createOption":"FromImage","image":{"uri":"https://pyvmirstorc0f9130c.blob.core.windows.net/system/Microsoft.Compute/Images/dest/pslib-osDisk.0f80a959-aa29-4922-a849-7f0668dc64fb.vhd"},"vhd":{"uri":"https://pyvmirstorc0f9130c.blob.core.windows.net/vmcontainer1a0de9bf-2109-4733-84d7-adeeb92a27c1/osDisk.1a0de9bf-2109-4733-84d7-adeeb92a27c1.vhd"},"caching":"None"}},"osProfile":{"computerName":"[parameters(''vmName'')]","adminUsername":"[parameters(''adminUsername'')]","adminPassword":"[parameters(''adminPassword'')]"},"networkProfile":{"networkInterfaces":[{"id":"[parameters(''networkInterfaceId'')]"}]},"provisioningState":0}}]}'
    headers:
      cache-control:
      - no-cache
      content-length:
      - '1260'
      content-type:
      - application/json; charset=utf-8
      date:
      - Wed, 25 Mar 2020 02:09:22 GMT
      expires:
      - '-1'
      pragma:
      - no-cache
      server:
      - Microsoft-HTTPAPI/2.0
      - Microsoft-HTTPAPI/2.0
      strict-transport-security:
      - max-age=31536000; includeSubDomains
      transfer-encoding:
      - chunked
      vary:
      - Accept-Encoding
      x-content-type-options:
      - nosniff
      x-ms-ratelimit-remaining-resource:
      - Microsoft.Compute/GetOperation3Min;14986,Microsoft.Compute/GetOperation30Min;29985
    status:
      code: 200
      message: OK
version: 1
