interactions:
- request:
    body: 'b''{"location": "eastus", "properties": {"tenantId": "00000000-0000-0000-0000-000000000000",
      "sku": {"family": "A", "name": "standard"}, "accessPolicies": [{"tenantId":
      "00000000-0000-0000-0000-000000000000", "objectId": "20d81029-94cd-4923-a766-994415ff73bd",
      "permissions": {"keys": ["encrypt", "decrypt", "wrapKey", "unwrapKey", "sign",
      "verify", "get", "list", "create", "update", "import", "delete", "backup", "restore",
      "recover", "purge"]}}], "enabledForDiskEncryption": true}}'''
    headers:
      Accept:
      - application/json
      Accept-Encoding:
      - gzip, deflate
      Connection:
      - keep-alive
      Content-Length:
      - '481'
      Content-Type:
      - application/json; charset=utf-8
      User-Agent:
      - python/3.6.9 (Linux-4.9.184-linuxkit-x86_64-with-Ubuntu-18.04-bionic) msrest/0.6.10
        msrest_azure/0.6.2 azure-mgmt-keyvault/2.2.0 Azure-SDK-For-Python
      accept-language:
      - en-US
    method: PUT
    uri: https://management.azure.com/subscriptions/00000000-0000-0000-0000-000000000000/resourceGroups/test_mgmt_compute_disks_test_compute_disk_encryption3d1e15ac/providers/Microsoft.KeyVault/vaults/keyvaultxmm3d1e15ac?api-version=2019-09-01
  response:
    body:
      string: '{"id":"/subscriptions/00000000-0000-0000-0000-000000000000/resourceGroups/test_mgmt_compute_disks_test_compute_disk_encryption3d1e15ac/providers/Microsoft.KeyVault/vaults/keyvaultxmm3d1e15ac","name":"keyvaultxmm3d1e15ac","type":"Microsoft.KeyVault/vaults","location":"eastus","tags":{},"properties":{"sku":{"family":"A","name":"standard"},"tenantId":"00000000-0000-0000-0000-000000000000","accessPolicies":[{"tenantId":"00000000-0000-0000-0000-000000000000","objectId":"20d81029-94cd-4923-a766-994415ff73bd","permissions":{"keys":["encrypt","decrypt","wrapKey","unwrapKey","sign","verify","get","list","create","update","import","delete","backup","restore","recover","purge"]}}],"enabledForDeployment":false,"enabledForDiskEncryption":true,"enableSoftDelete":true,"vaultUri":"https://keyvaultxmm3d1e15ac.vault.azure.net","provisioningState":"RegisteringDns"}}'
    headers:
      cache-control:
      - no-cache
      content-length:
      - '859'
      content-type:
      - application/json; charset=utf-8
      date:
      - Tue, 19 May 2020 05:11:30 GMT
      expires:
      - '-1'
      pragma:
      - no-cache
      server:
      - Microsoft-IIS/10.0
      strict-transport-security:
      - max-age=31536000; includeSubDomains
      transfer-encoding:
      - chunked
      vary:
      - Accept-Encoding
      x-aspnet-version:
      - 4.0.30319
      x-content-type-options:
      - nosniff
      x-ms-keyvault-service-version:
      - 1.1.0.280
      x-ms-ratelimit-remaining-subscription-writes:
      - '1199'
      x-powered-by:
      - ASP.NET
    status:
      code: 200
      message: OK
- request:
    body: null
    headers:
      Accept:
      - application/json
      Accept-Encoding:
      - gzip, deflate
      Connection:
      - keep-alive
      User-Agent:
      - python/3.6.9 (Linux-4.9.184-linuxkit-x86_64-with-Ubuntu-18.04-bionic) msrest/0.6.10
        msrest_azure/0.6.2 azure-mgmt-keyvault/2.2.0 Azure-SDK-For-Python
    method: GET
    uri: https://management.azure.com/subscriptions/00000000-0000-0000-0000-000000000000/resourceGroups/test_mgmt_compute_disks_test_compute_disk_encryption3d1e15ac/providers/Microsoft.KeyVault/vaults/keyvaultxmm3d1e15ac?api-version=2019-09-01
  response:
    body:
      string: '{"id":"/subscriptions/00000000-0000-0000-0000-000000000000/resourceGroups/test_mgmt_compute_disks_test_compute_disk_encryption3d1e15ac/providers/Microsoft.KeyVault/vaults/keyvaultxmm3d1e15ac","name":"keyvaultxmm3d1e15ac","type":"Microsoft.KeyVault/vaults","location":"eastus","tags":{},"properties":{"sku":{"family":"A","name":"standard"},"tenantId":"00000000-0000-0000-0000-000000000000","accessPolicies":[{"tenantId":"00000000-0000-0000-0000-000000000000","objectId":"20d81029-94cd-4923-a766-994415ff73bd","permissions":{"keys":["encrypt","decrypt","wrapKey","unwrapKey","sign","verify","get","list","create","update","import","delete","backup","restore","recover","purge"]}}],"enabledForDeployment":false,"enabledForDiskEncryption":true,"enableSoftDelete":true,"vaultUri":"https://keyvaultxmm3d1e15ac.vault.azure.net/","provisioningState":"Succeeded"}}'
    headers:
      cache-control:
      - no-cache
      content-length:
      - '855'
      content-type:
      - application/json; charset=utf-8
      date:
      - Tue, 19 May 2020 05:12:01 GMT
      expires:
      - '-1'
      pragma:
      - no-cache
      server:
      - Microsoft-IIS/10.0
      strict-transport-security:
      - max-age=31536000; includeSubDomains
      transfer-encoding:
      - chunked
      vary:
      - Accept-Encoding
      x-aspnet-version:
      - 4.0.30319
      x-content-type-options:
      - nosniff
      x-ms-keyvault-service-version:
      - 1.1.0.280
      x-powered-by:
      - ASP.NET
    status:
      code: 200
      message: OK
- request:
    body: null
    headers:
      Accept:
      - application/json
      Accept-Encoding:
      - gzip, deflate
      Connection:
      - keep-alive
      Content-Length:
      - '0'
      Content-Type:
      - application/json; charset=utf-8
      User-Agent:
      - azsdk-python-keyvault-keys/4.1.0 Python/3.6.9 (Linux-4.9.184-linuxkit-x86_64-with-Ubuntu-18.04-bionic)
    method: POST
    uri: https://keyvaultxmm3d1e15ac.vault.azure.net/keys/testkey/create?api-version=7.0
  response:
    body:
      string: '{"error":{"code":"Unauthorized","message":"Request is missing a Bearer
        or PoP token."}}'
    headers:
      cache-control:
      - no-cache
      content-length:
      - '87'
      content-type:
      - application/json; charset=utf-8
      date:
      - Tue, 19 May 2020 05:12:03 GMT
      expires:
      - '-1'
      pragma:
      - no-cache
      server:
      - Microsoft-IIS/10.0
      strict-transport-security:
      - max-age=31536000;includeSubDomains
      www-authenticate:
      - Bearer authorization="https://login.windows.net/72f988bf-86f1-41af-91ab-2d7cd011db47",
        resource="https://vault.azure.net"
      x-aspnet-version:
      - 4.0.30319
      x-content-type-options:
      - nosniff
      x-ms-keyvault-network-info:
      - conn_type=Ipv4;addr=212.180.204.1;act_addr_fam=InterNetwork;
      x-ms-keyvault-region:
      - eastus
      x-ms-keyvault-service-version:
      - 1.1.3.0
      x-powered-by:
      - ASP.NET
    status:
      code: 401
      message: Unauthorized
- request:
    body: '{"kty": "RSA", "key_size": 2048, "attributes": {"exp": 2527401600}}'
    headers:
      Accept:
      - application/json
      Accept-Encoding:
      - gzip, deflate
      Connection:
      - keep-alive
      Content-Length:
      - '67'
      Content-Type:
      - application/json; charset=utf-8
      User-Agent:
      - azsdk-python-keyvault-keys/4.1.0 Python/3.6.9 (Linux-4.9.184-linuxkit-x86_64-with-Ubuntu-18.04-bionic)
    method: POST
    uri: https://keyvaultxmm3d1e15ac.vault.azure.net/keys/testkey/create?api-version=7.0
  response:
    body:
      string: '{"key":{"kid":"https://keyvaultxmm3d1e15ac.vault.azure.net/keys/testkey/72c4f4b2d7044269ba0f120e69ed5a7e","kty":"RSA","key_ops":["encrypt","decrypt","sign","verify","wrapKey","unwrapKey"],"n":"p8yM0lngJZpSbTSoZVt7Vusy2sqJwjkS2kVY_ahvSuk5z_EVyCAn-8m_Nv_jHMygNFatkHgBa8rpwnqbQgJo_DH4qWOQcMDKPGkcxpiYNRW729FsJ5Wma69bTlcqHTqFQgD66vrSmUzInXhQhxgUBlM2M8ILgBZv5WkypKMe7mx7wm6zYSpuSCBEUFTpKVpclGFKafCiEqF8E9u-1a5pR0CbAVERQjNE1gCPP33IFN3Sp-JyPH0zzo3Hl9rj9CwH_xzxe_el6SOFF_XLlhewLLlxYKEo7zbOF77K1E4w4qMDHZzQaS_P9rH1amekVfZzrSBiAZykaMX2PQ1zdiHkRQ","e":"AQAB"},"attributes":{"enabled":true,"exp":2527401600,"created":1589865123,"updated":1589865123,"recoveryLevel":"Recoverable+Purgeable"}}'
    headers:
      cache-control:
      - no-cache
      content-length:
      - '678'
      content-type:
      - application/json; charset=utf-8
      date:
      - Tue, 19 May 2020 05:12:03 GMT
      expires:
      - '-1'
      pragma:
      - no-cache
      server:
      - Microsoft-IIS/10.0
      strict-transport-security:
      - max-age=31536000;includeSubDomains
      x-aspnet-version:
      - 4.0.30319
      x-content-type-options:
      - nosniff
      x-ms-keyvault-network-info:
      - conn_type=Ipv4;addr=212.180.204.1;act_addr_fam=InterNetwork;
      x-ms-keyvault-region:
      - eastus
      x-ms-keyvault-service-version:
      - 1.1.3.0
      x-powered-by:
      - ASP.NET
    status:
      code: 200
      message: OK
- request:
    body: 'b''{"location": "eastus", "identity": {"type": "SystemAssigned"}, "properties":
      {"activeKey": {"sourceVault": {"id": "/subscriptions/00000000-0000-0000-0000-000000000000/resourceGroups/test_mgmt_compute_disks_test_compute_disk_encryption3d1e15ac/providers/Microsoft.KeyVault/vaults/keyvaultxmm3d1e15ac"},
      "keyUrl": "https://keyvaultxmm3d1e15ac.vault.azure.net/keys/testkey/72c4f4b2d7044269ba0f120e69ed5a7e"}}}'''
    headers:
      Accept:
      - application/json
      Accept-Encoding:
      - gzip, deflate
      Connection:
      - keep-alive
      Content-Length:
      - '406'
      Content-Type:
      - application/json
      User-Agent:
      - azsdk-python-azure-mgmt-compute/0.1.0 Python/3.6.9 (Linux-4.9.184-linuxkit-x86_64-with-Ubuntu-18.04-bionic)
    method: PUT
    uri: https://management.azure.com/subscriptions/00000000-0000-0000-0000-000000000000/resourceGroups/test_mgmt_compute_disks_test_compute_disk_encryption3d1e15ac/providers/Microsoft.Compute/diskEncryptionSets/diskencryptionset3d1e15ac?api-version=2019-11-01
  response:
    body:
      string: "{\r\n  \"location\": \"eastus\",\r\n  \"identity\": {\r\n    \"type\"\
        : \"SystemAssigned\"\r\n  },\r\n  \"properties\": {\r\n    \"activeKey\":\
        \ {\r\n      \"sourceVault\": {\r\n        \"id\": \"/subscriptions/00000000-0000-0000-0000-000000000000/resourceGroups/test_mgmt_compute_disks_test_compute_disk_encryption3d1e15ac/providers/Microsoft.KeyVault/vaults/keyvaultxmm3d1e15ac\"\
        \r\n      },\r\n      \"keyUrl\": \"https://keyvaultxmm3d1e15ac.vault.azure.net/keys/testkey/72c4f4b2d7044269ba0f120e69ed5a7e\"\
        \r\n    },\r\n    \"provisioningState\": \"Updating\"\r\n  }\r\n}"
    headers:
      azure-asyncoperation:
      - https://management.azure.com/subscriptions/00000000-0000-0000-0000-000000000000/providers/Microsoft.Compute/locations/eastus/DiskOperations/aae2a5bf-1357-42aa-bac4-58f6980d1d31?api-version=2019-11-01
      cache-control:
      - no-cache
      content-length:
      - '515'
      content-type:
      - application/json; charset=utf-8
      date:
      - Tue, 19 May 2020 05:12:12 GMT
      expires:
      - '-1'
      pragma:
      - no-cache
      server:
      - Microsoft-HTTPAPI/2.0
      - Microsoft-HTTPAPI/2.0
      strict-transport-security:
      - max-age=31536000; includeSubDomains
      x-content-type-options:
      - nosniff
      x-ms-ratelimit-remaining-resource:
      - Microsoft.Compute/HighCostDiskEncryptionSet3Min;99,Microsoft.Compute/HighCostDiskEncryptionSet30Min;299
      x-ms-ratelimit-remaining-subscription-writes:
      - '1199'
    status:
      code: 201
      message: Created
- request:
    body: null
    headers:
      Accept:
      - '*/*'
      Accept-Encoding:
      - gzip, deflate
      Connection:
      - keep-alive
      User-Agent:
      - azsdk-python-azure-mgmt-compute/0.1.0 Python/3.6.9 (Linux-4.9.184-linuxkit-x86_64-with-Ubuntu-18.04-bionic)
    method: GET
    uri: https://management.azure.com/subscriptions/00000000-0000-0000-0000-000000000000/providers/Microsoft.Compute/locations/eastus/DiskOperations/aae2a5bf-1357-42aa-bac4-58f6980d1d31?api-version=2019-11-01
  response:
    body:
      string: "{\r\n  \"startTime\": \"2020-05-19T05:12:11.6910112+00:00\",\r\n  \"\
        endTime\": \"2020-05-19T05:12:11.7691203+00:00\",\r\n  \"status\": \"Succeeded\"\
        ,\r\n  \"properties\": {\r\n    \"output\": {\"name\":\"diskencryptionset3d1e15ac\"\
        ,\"id\":\"/subscriptions/00000000-0000-0000-0000-000000000000/resourceGroups/test_mgmt_compute_disks_test_compute_disk_encryption3d1e15ac/providers/Microsoft.Compute/diskEncryptionSets/diskencryptionset3d1e15ac\"\
        ,\"type\":\"Microsoft.Compute/diskEncryptionSets\",\"location\":\"eastus\"\
        ,\"identity\":{\"type\":\"SystemAssigned\",\"principalId\":\"1bb4974a-bd32-4f64-8ea6-1ae4de827798\"\
        ,\"tenantId\":\"00000000-0000-0000-0000-000000000000\"},\"properties\":{\"\
        activeKey\":{\"sourceVault\":{\"id\":\"/subscriptions/00000000-0000-0000-0000-000000000000/resourceGroups/test_mgmt_compute_disks_test_compute_disk_encryption3d1e15ac/providers/Microsoft.KeyVault/vaults/keyvaultxmm3d1e15ac\"\
        },\"keyUrl\":\"https://keyvaultxmm3d1e15ac.vault.azure.net/keys/testkey/72c4f4b2d7044269ba0f120e69ed5a7e\"\
        },\"provisioningState\":\"Succeeded\"}}\r\n  },\r\n  \"name\": \"aae2a5bf-1357-42aa-bac4-58f6980d1d31\"\
        \r\n}"
    headers:
      cache-control:
      - no-cache
      content-length:
      - '1044'
      content-type:
      - application/json; charset=utf-8
      date:
      - Tue, 19 May 2020 05:12:42 GMT
      expires:
      - '-1'
      pragma:
      - no-cache
      server:
      - Microsoft-HTTPAPI/2.0
      - Microsoft-HTTPAPI/2.0
      strict-transport-security:
      - max-age=31536000; includeSubDomains
      transfer-encoding:
      - chunked
      vary:
      - Accept-Encoding
      x-content-type-options:
      - nosniff
      x-ms-ratelimit-remaining-resource:
      - Microsoft.Compute/GetOperation3Min;49990,Microsoft.Compute/GetOperation30Min;399964
    status:
      code: 200
      message: OK
- request:
    body: null
    headers:
      Accept:
      - '*/*'
      Accept-Encoding:
      - gzip, deflate
      Connection:
      - keep-alive
      User-Agent:
      - azsdk-python-azure-mgmt-compute/0.1.0 Python/3.6.9 (Linux-4.9.184-linuxkit-x86_64-with-Ubuntu-18.04-bionic)
    method: GET
    uri: https://management.azure.com/subscriptions/00000000-0000-0000-0000-000000000000/resourceGroups/test_mgmt_compute_disks_test_compute_disk_encryption3d1e15ac/providers/Microsoft.Compute/diskEncryptionSets/diskencryptionset3d1e15ac?api-version=2019-11-01
  response:
    body:
      string: "{\r\n  \"name\": \"diskencryptionset3d1e15ac\",\r\n  \"id\": \"/subscriptions/00000000-0000-0000-0000-000000000000/resourceGroups/test_mgmt_compute_disks_test_compute_disk_encryption3d1e15ac/providers/Microsoft.Compute/diskEncryptionSets/diskencryptionset3d1e15ac\"\
        ,\r\n  \"type\": \"Microsoft.Compute/diskEncryptionSets\",\r\n  \"location\"\
        : \"eastus\",\r\n  \"identity\": {\r\n    \"type\": \"SystemAssigned\",\r\n\
        \    \"principalId\": \"1bb4974a-bd32-4f64-8ea6-1ae4de827798\",\r\n    \"\
        tenantId\": \"00000000-0000-0000-0000-000000000000\"\r\n  },\r\n  \"properties\"\
        : {\r\n    \"activeKey\": {\r\n      \"sourceVault\": {\r\n        \"id\"\
        : \"/subscriptions/00000000-0000-0000-0000-000000000000/resourceGroups/test_mgmt_compute_disks_test_compute_disk_encryption3d1e15ac/providers/Microsoft.KeyVault/vaults/keyvaultxmm3d1e15ac\"\
        \r\n      },\r\n      \"keyUrl\": \"https://keyvaultxmm3d1e15ac.vault.azure.net/keys/testkey/72c4f4b2d7044269ba0f120e69ed5a7e\"\
        \r\n    },\r\n    \"provisioningState\": \"Succeeded\"\r\n  }\r\n}"
    headers:
      cache-control:
      - no-cache
      content-length:
      - '937'
      content-type:
      - application/json; charset=utf-8
      date:
      - Tue, 19 May 2020 05:12:42 GMT
      expires:
      - '-1'
      pragma:
      - no-cache
      server:
      - Microsoft-HTTPAPI/2.0
      - Microsoft-HTTPAPI/2.0
      strict-transport-security:
      - max-age=31536000; includeSubDomains
      transfer-encoding:
      - chunked
      vary:
      - Accept-Encoding
      x-content-type-options:
      - nosniff
      x-ms-ratelimit-remaining-resource:
      - Microsoft.Compute/LowCostGet3Min;4993,Microsoft.Compute/LowCostGet30Min;39956
    status:
      code: 200
      message: OK
- request:
    body: null
    headers:
      Accept:
      - application/json
      Accept-Encoding:
      - gzip, deflate
      Connection:
      - keep-alive
      User-Agent:
      - azsdk-python-azure-mgmt-compute/0.1.0 Python/3.6.9 (Linux-4.9.184-linuxkit-x86_64-with-Ubuntu-18.04-bionic)
    method: GET
    uri: https://management.azure.com/subscriptions/00000000-0000-0000-0000-000000000000/resourceGroups/test_mgmt_compute_disks_test_compute_disk_encryption3d1e15ac/providers/Microsoft.Compute/diskEncryptionSets/diskencryptionset3d1e15ac?api-version=2019-11-01
  response:
    body:
      string: "{\r\n  \"name\": \"diskencryptionset3d1e15ac\",\r\n  \"id\": \"/subscriptions/00000000-0000-0000-0000-000000000000/resourceGroups/test_mgmt_compute_disks_test_compute_disk_encryption3d1e15ac/providers/Microsoft.Compute/diskEncryptionSets/diskencryptionset3d1e15ac\"\
        ,\r\n  \"type\": \"Microsoft.Compute/diskEncryptionSets\",\r\n  \"location\"\
        : \"eastus\",\r\n  \"identity\": {\r\n    \"type\": \"SystemAssigned\",\r\n\
        \    \"principalId\": \"1bb4974a-bd32-4f64-8ea6-1ae4de827798\",\r\n    \"\
        tenantId\": \"00000000-0000-0000-0000-000000000000\"\r\n  },\r\n  \"properties\"\
        : {\r\n    \"activeKey\": {\r\n      \"sourceVault\": {\r\n        \"id\"\
        : \"/subscriptions/00000000-0000-0000-0000-000000000000/resourceGroups/test_mgmt_compute_disks_test_compute_disk_encryption3d1e15ac/providers/Microsoft.KeyVault/vaults/keyvaultxmm3d1e15ac\"\
        \r\n      },\r\n      \"keyUrl\": \"https://keyvaultxmm3d1e15ac.vault.azure.net/keys/testkey/72c4f4b2d7044269ba0f120e69ed5a7e\"\
        \r\n    },\r\n    \"provisioningState\": \"Succeeded\"\r\n  }\r\n}"
    headers:
      cache-control:
      - no-cache
      content-length:
      - '937'
      content-type:
      - application/json; charset=utf-8
      date:
      - Tue, 19 May 2020 05:12:42 GMT
      expires:
      - '-1'
      pragma:
      - no-cache
      server:
      - Microsoft-HTTPAPI/2.0
      - Microsoft-HTTPAPI/2.0
      strict-transport-security:
      - max-age=31536000; includeSubDomains
      transfer-encoding:
      - chunked
      vary:
      - Accept-Encoding
      x-content-type-options:
      - nosniff
      x-ms-ratelimit-remaining-resource:
      - Microsoft.Compute/LowCostGet3Min;4992,Microsoft.Compute/LowCostGet30Min;39955
    status:
      code: 200
      message: OK
- request:
    body: 'b''{"tags": {"department": "Development", "project": "Encryption"}, "properties":
      {"activeKey": {"sourceVault": {"id": "/subscriptions/00000000-0000-0000-0000-000000000000/resourceGroups/test_mgmt_compute_disks_test_compute_disk_encryption3d1e15ac/providers/Microsoft.KeyVault/vaults/keyvaultxmm3d1e15ac"},
      "keyUrl": "https://keyvaultxmm3d1e15ac.vault.azure.net/keys/testkey/72c4f4b2d7044269ba0f120e69ed5a7e"}}}'''
    headers:
      Accept:
      - application/json
      Accept-Encoding:
      - gzip, deflate
      Connection:
      - keep-alive
      Content-Length:
      - '408'
      Content-Type:
      - application/json
      User-Agent:
      - azsdk-python-azure-mgmt-compute/0.1.0 Python/3.6.9 (Linux-4.9.184-linuxkit-x86_64-with-Ubuntu-18.04-bionic)
    method: PATCH
    uri: https://management.azure.com/subscriptions/00000000-0000-0000-0000-000000000000/resourceGroups/test_mgmt_compute_disks_test_compute_disk_encryption3d1e15ac/providers/Microsoft.Compute/diskEncryptionSets/diskencryptionset3d1e15ac?api-version=2019-11-01
  response:
    body:
      string: "{\r\n  \"name\": \"diskencryptionset3d1e15ac\",\r\n  \"id\": \"/subscriptions/00000000-0000-0000-0000-000000000000/resourceGroups/test_mgmt_compute_disks_test_compute_disk_encryption3d1e15ac/providers/Microsoft.Compute/diskEncryptionSets/diskencryptionset3d1e15ac\"\
        ,\r\n  \"type\": \"Microsoft.Compute/diskEncryptionSets\",\r\n  \"location\"\
        : \"eastus\",\r\n  \"identity\": {\r\n    \"type\": \"SystemAssigned\",\r\n\
        \    \"principalId\": \"1bb4974a-bd32-4f64-8ea6-1ae4de827798\",\r\n    \"\
        tenantId\": \"00000000-0000-0000-0000-000000000000\"\r\n  },\r\n  \"properties\"\
        : {\r\n    \"activeKey\": {\r\n      \"sourceVault\": {\r\n        \"id\"\
        : \"/subscriptions/00000000-0000-0000-0000-000000000000/resourceGroups/test_mgmt_compute_disks_test_compute_disk_encryption3d1e15ac/providers/Microsoft.KeyVault/vaults/keyvaultxmm3d1e15ac\"\
        \r\n      },\r\n      \"keyUrl\": \"https://keyvaultxmm3d1e15ac.vault.azure.net/keys/testkey/72c4f4b2d7044269ba0f120e69ed5a7e\"\
        \r\n    },\r\n    \"provisioningState\": \"Updating\"\r\n  }\r\n}"
    headers:
      azure-asyncoperation:
      - https://management.azure.com/subscriptions/00000000-0000-0000-0000-000000000000/providers/Microsoft.Compute/locations/eastus/DiskOperations/d8104b85-30b7-4910-8d32-734b959ab2d7?api-version=2019-11-01
      cache-control:
      - no-cache
      content-length:
      - '936'
      content-type:
      - application/json; charset=utf-8
      date:
      - Tue, 19 May 2020 05:12:43 GMT
      expires:
      - '-1'
      location:
      - https://management.azure.com/subscriptions/00000000-0000-0000-0000-000000000000/providers/Microsoft.Compute/locations/eastus/DiskOperations/d8104b85-30b7-4910-8d32-734b959ab2d7?monitor=true&api-version=2019-11-01
      pragma:
      - no-cache
      server:
      - Microsoft-HTTPAPI/2.0
      - Microsoft-HTTPAPI/2.0
      strict-transport-security:
      - max-age=31536000; includeSubDomains
      x-content-type-options:
      - nosniff
      x-ms-ratelimit-remaining-subscription-writes:
      - '1198'
    status:
      code: 202
      message: Accepted
- request:
    body: null
    headers:
      Accept:
      - '*/*'
      Accept-Encoding:
      - gzip, deflate
      Connection:
      - keep-alive
      User-Agent:
      - azsdk-python-azure-mgmt-compute/0.1.0 Python/3.6.9 (Linux-4.9.184-linuxkit-x86_64-with-Ubuntu-18.04-bionic)
    method: GET
    uri: https://management.azure.com/subscriptions/00000000-0000-0000-0000-000000000000/providers/Microsoft.Compute/locations/eastus/DiskOperations/d8104b85-30b7-4910-8d32-734b959ab2d7?api-version=2019-11-01
  response:
    body:
      string: "{\r\n  \"startTime\": \"2020-05-19T05:12:43.8323333+00:00\",\r\n  \"\
        endTime\": \"2020-05-19T05:12:43.894862+00:00\",\r\n  \"status\": \"Succeeded\"\
        ,\r\n  \"properties\": {\r\n    \"output\": {\"name\":\"diskencryptionset3d1e15ac\"\
        ,\"id\":\"/subscriptions/00000000-0000-0000-0000-000000000000/resourceGroups/test_mgmt_compute_disks_test_compute_disk_encryption3d1e15ac/providers/Microsoft.Compute/diskEncryptionSets/diskencryptionset3d1e15ac\"\
        ,\"type\":\"Microsoft.Compute/diskEncryptionSets\",\"location\":\"eastus\"\
        ,\"tags\":{\"department\":\"Development\",\"project\":\"Encryption\"},\"identity\"\
        :{\"type\":\"SystemAssigned\",\"principalId\":\"1bb4974a-bd32-4f64-8ea6-1ae4de827798\"\
        ,\"tenantId\":\"00000000-0000-0000-0000-000000000000\"},\"properties\":{\"\
        activeKey\":{\"sourceVault\":{\"id\":\"/subscriptions/00000000-0000-0000-0000-000000000000/resourceGroups/test_mgmt_compute_disks_test_compute_disk_encryption3d1e15ac/providers/Microsoft.KeyVault/vaults/keyvaultxmm3d1e15ac\"\
        },\"keyUrl\":\"https://keyvaultxmm3d1e15ac.vault.azure.net/keys/testkey/72c4f4b2d7044269ba0f120e69ed5a7e\"\
        },\"provisioningState\":\"Succeeded\"}}\r\n  },\r\n  \"name\": \"d8104b85-30b7-4910-8d32-734b959ab2d7\"\
        \r\n}"
    headers:
      cache-control:
      - no-cache
      content-length:
      - '1102'
      content-type:
      - application/json; charset=utf-8
      date:
      - Tue, 19 May 2020 05:13:13 GMT
      expires:
      - '-1'
      pragma:
      - no-cache
      server:
      - Microsoft-HTTPAPI/2.0
      - Microsoft-HTTPAPI/2.0
      strict-transport-security:
      - max-age=31536000; includeSubDomains
      transfer-encoding:
      - chunked
      vary:
      - Accept-Encoding
      x-content-type-options:
      - nosniff
      x-ms-ratelimit-remaining-resource:
      - Microsoft.Compute/GetOperation3Min;49991,Microsoft.Compute/GetOperation30Min;399962
    status:
      code: 200
      message: OK
- request:
    body: null
    headers:
      Accept:
      - '*/*'
      Accept-Encoding:
      - gzip, deflate
      Connection:
      - keep-alive
      User-Agent:
      - azsdk-python-azure-mgmt-compute/0.1.0 Python/3.6.9 (Linux-4.9.184-linuxkit-x86_64-with-Ubuntu-18.04-bionic)
    method: GET
    uri: https://management.azure.com/subscriptions/00000000-0000-0000-0000-000000000000/resourceGroups/test_mgmt_compute_disks_test_compute_disk_encryption3d1e15ac/providers/Microsoft.Compute/diskEncryptionSets/diskencryptionset3d1e15ac?api-version=2019-11-01
  response:
    body:
      string: "{\r\n  \"name\": \"diskencryptionset3d1e15ac\",\r\n  \"id\": \"/subscriptions/00000000-0000-0000-0000-000000000000/resourceGroups/test_mgmt_compute_disks_test_compute_disk_encryption3d1e15ac/providers/Microsoft.Compute/diskEncryptionSets/diskencryptionset3d1e15ac\"\
        ,\r\n  \"type\": \"Microsoft.Compute/diskEncryptionSets\",\r\n  \"location\"\
        : \"eastus\",\r\n  \"tags\": {\r\n    \"department\": \"Development\",\r\n\
        \    \"project\": \"Encryption\"\r\n  },\r\n  \"identity\": {\r\n    \"type\"\
        : \"SystemAssigned\",\r\n    \"principalId\": \"1bb4974a-bd32-4f64-8ea6-1ae4de827798\"\
        ,\r\n    \"tenantId\": \"00000000-0000-0000-0000-000000000000\"\r\n  },\r\n\
        \  \"properties\": {\r\n    \"activeKey\": {\r\n      \"sourceVault\": {\r\
        \n        \"id\": \"/subscriptions/00000000-0000-0000-0000-000000000000/resourceGroups/test_mgmt_compute_disks_test_compute_disk_encryption3d1e15ac/providers/Microsoft.KeyVault/vaults/keyvaultxmm3d1e15ac\"\
        \r\n      },\r\n      \"keyUrl\": \"https://keyvaultxmm3d1e15ac.vault.azure.net/keys/testkey/72c4f4b2d7044269ba0f120e69ed5a7e\"\
        \r\n    },\r\n    \"provisioningState\": \"Succeeded\"\r\n  }\r\n}"
    headers:
      cache-control:
      - no-cache
      content-length:
      - '1019'
      content-type:
      - application/json; charset=utf-8
      date:
      - Tue, 19 May 2020 05:13:13 GMT
      expires:
      - '-1'
      pragma:
      - no-cache
      server:
      - Microsoft-HTTPAPI/2.0
      - Microsoft-HTTPAPI/2.0
      strict-transport-security:
      - max-age=31536000; includeSubDomains
      transfer-encoding:
      - chunked
      vary:
      - Accept-Encoding
      x-content-type-options:
      - nosniff
      x-ms-ratelimit-remaining-resource:
      - Microsoft.Compute/LowCostGet3Min;4989,Microsoft.Compute/LowCostGet30Min;39952
    status:
      code: 200
      message: OK
- request:
    body: null
    headers:
      Accept:
      - '*/*'
      Accept-Encoding:
      - gzip, deflate
      Connection:
      - keep-alive
      Content-Length:
      - '0'
      User-Agent:
      - azsdk-python-azure-mgmt-compute/0.1.0 Python/3.6.9 (Linux-4.9.184-linuxkit-x86_64-with-Ubuntu-18.04-bionic)
    method: DELETE
    uri: https://management.azure.com/subscriptions/00000000-0000-0000-0000-000000000000/resourceGroups/test_mgmt_compute_disks_test_compute_disk_encryption3d1e15ac/providers/Microsoft.Compute/diskEncryptionSets/diskencryptionset3d1e15ac?api-version=2019-11-01
  response:
    body:
      string: ''
    headers:
      azure-asyncoperation:
      - https://management.azure.com/subscriptions/00000000-0000-0000-0000-000000000000/providers/Microsoft.Compute/locations/eastus/DiskOperations/34684464-03ef-4708-86eb-47d2b4cb80b6?api-version=2019-11-01
      cache-control:
      - no-cache
      content-length:
      - '0'
      date:
      - Tue, 19 May 2020 05:13:15 GMT
      expires:
      - '-1'
      location:
      - https://management.azure.com/subscriptions/00000000-0000-0000-0000-000000000000/providers/Microsoft.Compute/locations/eastus/DiskOperations/34684464-03ef-4708-86eb-47d2b4cb80b6?monitor=true&api-version=2019-11-01
      pragma:
      - no-cache
      server:
      - Microsoft-HTTPAPI/2.0
      - Microsoft-HTTPAPI/2.0
      strict-transport-security:
      - max-age=31536000; includeSubDomains
      x-content-type-options:
      - nosniff
      x-ms-ratelimit-remaining-resource:
      - Microsoft.Compute/HighCostDiskEncryptionSet3Min;98,Microsoft.Compute/HighCostDiskEncryptionSet30Min;298
      x-ms-ratelimit-remaining-subscription-deletes:
      - '14999'
    status:
      code: 202
      message: Accepted
- request:
    body: null
    headers:
      Accept:
      - '*/*'
      Accept-Encoding:
      - gzip, deflate
      Connection:
      - keep-alive
      User-Agent:
      - azsdk-python-azure-mgmt-compute/0.1.0 Python/3.6.9 (Linux-4.9.184-linuxkit-x86_64-with-Ubuntu-18.04-bionic)
    method: GET
    uri: https://management.azure.com/subscriptions/00000000-0000-0000-0000-000000000000/providers/Microsoft.Compute/locations/eastus/DiskOperations/34684464-03ef-4708-86eb-47d2b4cb80b6?api-version=2019-11-01
  response:
    body:
      string: "{\r\n  \"startTime\": \"2020-05-19T05:13:14.9764033+00:00\",\r\n  \"\
        endTime\": \"2020-05-19T05:13:15.0232815+00:00\",\r\n  \"status\": \"Succeeded\"\
        ,\r\n  \"name\": \"34684464-03ef-4708-86eb-47d2b4cb80b6\"\r\n}"
    headers:
      cache-control:
      - no-cache
      content-length:
      - '184'
      content-type:
      - application/json; charset=utf-8
      date:
      - Tue, 19 May 2020 05:13:44 GMT
      expires:
      - '-1'
      pragma:
      - no-cache
      server:
      - Microsoft-HTTPAPI/2.0
      - Microsoft-HTTPAPI/2.0
      strict-transport-security:
      - max-age=31536000; includeSubDomains
      transfer-encoding:
      - chunked
      vary:
      - Accept-Encoding
      x-content-type-options:
      - nosniff
      x-ms-ratelimit-remaining-resource:
      - Microsoft.Compute/GetOperation3Min;49992,Microsoft.Compute/GetOperation30Min;399960
    status:
      code: 200
      message: OK
version: 1
