{
  "Entries": [
    {
      "RequestUri": "https://login.microsoftonline.com/00000000-0000-0000-0000-000000000000/v2.0/.well-known/openid-configuration",
      "RequestMethod": "GET",
      "RequestHeaders": {
        "Accept": "*/*",
        "Accept-Encoding": "gzip, deflate",
        "Connection": "keep-alive",
        "User-Agent": "azsdk-python-identity/1.9.0b2 Python/3.9.8 (Windows-10-10.0.22000)"
      },
      "RequestBody": null,
      "StatusCode": 200,
      "ResponseHeaders": {
        "Access-Control-Allow-Methods": "GET, OPTIONS",
        "Access-Control-Allow-Origin": "*",
        "Cache-Control": "max-age=86400, private",
        "Content-Length": "1753",
        "Content-Type": "application/json; charset=utf-8",
        "Date": "Mon, 21 Mar 2022 05:53:04 GMT",
        "P3P": "CP=\u0022DSP CUR OTPi IND OTRi ONL FIN\u0022",
        "Set-Cookie": "[set-cookie;]",
        "Strict-Transport-Security": "max-age=31536000; includeSubDomains",
        "X-Content-Type-Options": "nosniff",
        "x-ms-ests-server": "2.1.12559.10 - NCUS ProdSlices",
        "x-ms-request-id": "2ae14d47-f778-4098-aeb1-20a2fdd38d00"
      },
      "ResponseBody": {
        "token_endpoint": "https://login.microsoftonline.com/00000000-0000-0000-0000-000000000000/oauth2/v2.0/token",
        "token_endpoint_auth_methods_supported": [
          "client_secret_post",
          "private_key_jwt",
          "client_secret_basic"
        ],
        "jwks_uri": "https://login.microsoftonline.com/00000000-0000-0000-0000-000000000000/discovery/v2.0/keys",
        "response_modes_supported": [
          "query",
          "fragment",
          "form_post"
        ],
        "subject_types_supported": [
          "pairwise"
        ],
        "id_token_signing_alg_values_supported": [
          "RS256"
        ],
        "response_types_supported": [
          "code",
          "id_token",
          "code id_token",
          "id_token token"
        ],
        "scopes_supported": [
          "openid",
          "profile",
          "email",
          "offline_access"
        ],
        "issuer": "https://login.microsoftonline.com/00000000-0000-0000-0000-000000000000/v2.0",
        "request_uri_parameter_supported": false,
        "userinfo_endpoint": "https://graph.microsoft.com/oidc/userinfo",
        "authorization_endpoint": "https://login.microsoftonline.com/00000000-0000-0000-0000-000000000000/oauth2/v2.0/authorize",
        "device_authorization_endpoint": "https://login.microsoftonline.com/00000000-0000-0000-0000-000000000000/oauth2/v2.0/devicecode",
        "http_logout_supported": true,
        "frontchannel_logout_supported": true,
        "end_session_endpoint": "https://login.microsoftonline.com/00000000-0000-0000-0000-000000000000/oauth2/v2.0/logout",
        "claims_supported": [
          "sub",
          "iss",
          "cloud_instance_name",
          "cloud_instance_host_name",
          "cloud_graph_host_name",
          "msgraph_host",
          "aud",
          "exp",
          "iat",
          "auth_time",
          "acr",
          "nonce",
          "preferred_username",
          "name",
          "tid",
          "ver",
          "at_hash",
          "c_hash",
          "email"
        ],
        "kerberos_endpoint": "https://login.microsoftonline.com/00000000-0000-0000-0000-000000000000/kerberos",
        "tenant_region_scope": "NA",
        "cloud_instance_name": "microsoftonline.com",
        "cloud_graph_host_name": "graph.windows.net",
        "msgraph_host": "graph.microsoft.com",
        "rbac_url": "https://pas.windows.net"
      }
    },
    {
      "RequestUri": "https://login.microsoftonline.com/common/discovery/instance?api-version=1.1\u0026authorization_endpoint=https://login.microsoftonline.com/common/oauth2/authorize",
      "RequestMethod": "GET",
      "RequestHeaders": {
        "Accept": "application/json",
        "Accept-Encoding": "gzip, deflate",
        "Connection": "keep-alive",
        "Cookie": "cookie;",
        "User-Agent": "azsdk-python-identity/1.9.0b2 Python/3.9.8 (Windows-10-10.0.22000)"
      },
      "RequestBody": null,
      "StatusCode": 200,
      "ResponseHeaders": {
        "Access-Control-Allow-Methods": "GET, OPTIONS",
        "Access-Control-Allow-Origin": "*",
        "Cache-Control": "max-age=86400, private",
        "Content-Length": "945",
        "Content-Type": "application/json; charset=utf-8",
        "Date": "Mon, 21 Mar 2022 05:53:04 GMT",
        "P3P": "CP=\u0022DSP CUR OTPi IND OTRi ONL FIN\u0022",
        "Set-Cookie": "[set-cookie;]",
        "Strict-Transport-Security": "max-age=31536000; includeSubDomains",
        "X-Content-Type-Options": "nosniff",
        "x-ms-ests-server": "2.1.12570.10 - KRSLR1 ProdSlices",
        "x-ms-request-id": "ee338295-33b2-4c13-8520-b34fa0f32c00"
      },
      "ResponseBody": {
        "tenant_discovery_endpoint": "https://login.microsoftonline.com/common/.well-known/openid-configuration",
        "api-version": "1.1",
        "metadata": [
          {
            "preferred_network": "login.microsoftonline.com",
            "preferred_cache": "login.windows.net",
            "aliases": [
              "login.microsoftonline.com",
              "login.windows.net",
              "login.microsoft.com",
              "sts.windows.net"
            ]
          },
          {
            "preferred_network": "login.partner.microsoftonline.cn",
            "preferred_cache": "login.partner.microsoftonline.cn",
            "aliases": [
              "login.partner.microsoftonline.cn",
              "login.chinacloudapi.cn"
            ]
          },
          {
            "preferred_network": "login.microsoftonline.de",
            "preferred_cache": "login.microsoftonline.de",
            "aliases": [
              "login.microsoftonline.de"
            ]
          },
          {
            "preferred_network": "login.microsoftonline.us",
            "preferred_cache": "login.microsoftonline.us",
            "aliases": [
              "login.microsoftonline.us",
              "login.usgovcloudapi.net"
            ]
          },
          {
            "preferred_network": "login-us.microsoftonline.com",
            "preferred_cache": "login-us.microsoftonline.com",
            "aliases": [
              "login-us.microsoftonline.com"
            ]
          }
        ]
      }
    },
    {
      "RequestUri": "https://login.microsoftonline.com/00000000-0000-0000-0000-000000000000/oauth2/v2.0/token",
      "RequestMethod": "POST",
      "RequestHeaders": {
        "Accept": "application/json",
        "Accept-Encoding": "gzip, deflate",
        "client-request-id": "7f11dca2-0cd3-4859-adfb-8b909978d300",
        "Connection": "keep-alive",
        "Content-Length": "289",
        "Content-Type": "application/x-www-form-urlencoded",
        "Cookie": "cookie;",
        "User-Agent": "azsdk-python-identity/1.9.0b2 Python/3.9.8 (Windows-10-10.0.22000)",
        "x-client-cpu": "x64",
        "x-client-current-telemetry": "4|730,0|",
        "x-client-last-telemetry": "4|0|||",
        "x-client-os": "win32",
        "x-client-sku": "MSAL.Python",
        "x-client-ver": "1.17.0",
        "x-ms-lib-capability": "retry-after, h429"
      },
      "RequestBody": "client_id=a2df54d5-ab03-4725-9b80-9a00b3b1967f\u0026grant_type=client_credentials\u0026client_info=1\u0026client_secret=0vj7Q~IsFayrD0V_8oyOfygU-GE3ELOabq95a\u0026claims=%7B%22access_token%22%3A\u002B%7B%22xms_cc%22%3A\u002B%7B%22values%22%3A\u002B%5B%22CP1%22%5D%7D%7D%7D\u0026scope=https%3A%2F%2Fmanagement.azure.com%2F.default",
      "StatusCode": 200,
      "ResponseHeaders": {
        "Cache-Control": "no-store, no-cache",
        "client-request-id": "7f11dca2-0cd3-4859-adfb-8b909978d300",
        "Content-Length": "93",
        "Content-Type": "application/json; charset=utf-8",
        "Date": "Mon, 21 Mar 2022 05:53:04 GMT",
        "Expires": "-1",
        "P3P": "CP=\u0022DSP CUR OTPi IND OTRi ONL FIN\u0022",
        "Pragma": "no-cache",
        "Set-Cookie": "[set-cookie;]",
        "Strict-Transport-Security": "max-age=31536000; includeSubDomains",
        "X-Content-Type-Options": "nosniff",
        "x-ms-clitelem": "1,0,0,,",
        "x-ms-ests-server": "2.1.12559.10 - NCUS ProdSlices",
        "x-ms-request-id": "2ae14d47-f778-4098-aeb1-20a208d48d00"
      },
      "ResponseBody": {
        "token_type": "Bearer",
        "expires_in": 3599,
        "ext_expires_in": 3599,
        "access_token": "access_token"
      }
    },
    {
      "RequestUri": "https://management.azure.com/subscriptions/00000000-0000-0000-0000-000000000000/resourceGroups/rgname/providers/Microsoft.Compute/disks/diskname4a232cfa?api-version=2021-12-01",
      "RequestMethod": "PUT",
      "RequestHeaders": {
        "Accept": "application/json",
        "Accept-Encoding": "gzip, deflate",
        "Authorization": "Sanitized",
        "Connection": "keep-alive",
        "Content-Length": "100",
        "Content-Type": "application/json",
        "User-Agent": "azsdk-python-azure-mgmt-compute/26.1.0 Python/3.9.8 (Windows-10-10.0.22000)",
        "x-ms-client-request-id": "2bf40e42-a8db-11ec-b0f3-c809a8c836e6"
      },
      "RequestBody": {
        "location": "eastus",
        "properties": {
          "creationData": {
            "createOption": "Empty"
          },
          "diskSizeGB": 200
        }
      },
      "StatusCode": 202,
      "ResponseHeaders": {
        "Azure-AsyncOperation": "https://management.azure.com/subscriptions/00000000-0000-0000-0000-000000000000/providers/Microsoft.Compute/locations/eastus/DiskOperations/7d847210-b438-4bd4-9976-1d59292671dd?p=36ee1309-094c-4cec-b989-37cf5e794c1b\u0026api-version=2021-12-01",
        "Cache-Control": "no-cache",
        "Content-Length": "235",
        "Content-Type": "application/json; charset=utf-8",
        "Date": "Mon, 21 Mar 2022 05:53:07 GMT",
        "Expires": "-1",
        "Location": "https://management.azure.com/subscriptions/00000000-0000-0000-0000-000000000000/providers/Microsoft.Compute/locations/eastus/DiskOperations/7d847210-b438-4bd4-9976-1d59292671dd?p=36ee1309-094c-4cec-b989-37cf5e794c1b\u0026monitor=true\u0026api-version=2021-12-01",
        "Pragma": "no-cache",
        "Retry-After": "2",
        "Server": [
          "Microsoft-HTTPAPI/2.0",
          "Microsoft-HTTPAPI/2.0"
        ],
        "Strict-Transport-Security": "max-age=31536000; includeSubDomains",
        "X-Content-Type-Options": "nosniff",
        "x-ms-correlation-request-id": "99840ad0-1ccc-4a7c-be26-357b31ae1771",
        "x-ms-ratelimit-remaining-resource": "Microsoft.Compute/CreateUpdateDisks3Min;997,Microsoft.Compute/CreateUpdateDisks30Min;7993",
        "x-ms-ratelimit-remaining-subscription-writes": "1192",
        "x-ms-request-id": "7d847210-b438-4bd4-9976-1d59292671dd",
        "x-ms-routing-request-id": "SOUTHEASTASIA:20220321T055308Z:99840ad0-1ccc-4a7c-be26-357b31ae1771",
        "x-ms-served-by": "36ee1309-094c-4cec-b989-37cf5e794c1b_132629837319766262"
      },
      "ResponseBody": {
        "name": "diskname4a232cfa",
        "location": "eastus",
        "properties": {
          "creationData": {
            "createOption": "Empty"
          },
          "diskSizeGB": 200,
          "provisioningState": "Updating",
          "isArmResource": true
        }
      }
    },
    {
      "RequestUri": "https://management.azure.com/subscriptions/00000000-0000-0000-0000-000000000000/providers/Microsoft.Compute/locations/eastus/DiskOperations/7d847210-b438-4bd4-9976-1d59292671dd?p=36ee1309-094c-4cec-b989-37cf5e794c1b\u0026api-version=2021-12-01",
      "RequestMethod": "GET",
      "RequestHeaders": {
        "Accept": "*/*",
        "Accept-Encoding": "gzip, deflate",
        "Authorization": "Sanitized",
        "Connection": "keep-alive",
        "User-Agent": "azsdk-python-azure-mgmt-compute/26.1.0 Python/3.9.8 (Windows-10-10.0.22000)",
        "x-ms-client-request-id": "2bf40e42-a8db-11ec-b0f3-c809a8c836e6"
      },
      "RequestBody": null,
      "StatusCode": 200,
      "ResponseHeaders": {
        "Cache-Control": "no-cache",
        "Content-Encoding": "gzip",
        "Content-Type": "application/json; charset=utf-8",
        "Date": "Mon, 21 Mar 2022 05:53:09 GMT",
        "Expires": "-1",
        "Pragma": "no-cache",
        "Server": [
          "Microsoft-HTTPAPI/2.0",
          "Microsoft-HTTPAPI/2.0"
        ],
        "Strict-Transport-Security": "max-age=31536000; includeSubDomains",
        "Transfer-Encoding": "chunked",
        "Vary": "Accept-Encoding",
        "X-Content-Type-Options": "nosniff",
        "x-ms-correlation-request-id": "7e5e152f-4f60-41b6-9dbd-02722d80fc04",
        "x-ms-ratelimit-remaining-resource": "Microsoft.Compute/GetOperation3Min;49985,Microsoft.Compute/GetOperation30Min;399953",
        "x-ms-ratelimit-remaining-subscription-reads": "11970",
        "x-ms-request-id": "0bd76b95-f2ef-47ae-95fd-21a36cad4769",
        "x-ms-routing-request-id": "SOUTHEASTASIA:20220321T055310Z:7e5e152f-4f60-41b6-9dbd-02722d80fc04",
        "x-ms-served-by": "36ee1309-094c-4cec-b989-37cf5e794c1b_132629837319766262"
      },
      "ResponseBody": {
        "startTime": "2022-03-21T05:53:07.8629993\u002B00:00",
        "endTime": "2022-03-21T05:53:07.987976\u002B00:00",
        "status": "Succeeded",
        "properties": {
          "output": {
            "name": "diskname4a232cfa",
            "id": "/subscriptions/00000000-0000-0000-0000-000000000000/resourceGroups/rgname/providers/Microsoft.Compute/disks/diskname4a232cfa",
            "type": "Microsoft.Compute/disks",
            "location": "eastus",
            "sku": {
              "name": "Standard_LRS",
              "tier": "Standard"
            },
            "properties": {
              "creationData": {
                "createOption": "Empty"
              },
              "diskSizeGB": 200,
              "diskIOPSReadWrite": 500,
              "diskMBpsReadWrite": 60,
              "encryption": {
                "type": "EncryptionAtRestWithPlatformKey"
              },
              "networkAccessPolicy": "AllowAll",
              "publicNetworkAccess": "Enabled",
              "timeCreated": "2022-03-21T05:53:07.8786079\u002B00:00",
              "provisioningState": "Succeeded",
              "diskState": "Unattached",
              "diskSizeBytes": 214748364800,
              "uniqueId": "a3e890d1-49ee-4bc9-8921-0e5cd3ab3c78"
            }
          }
        },
        "name": "7d847210-b438-4bd4-9976-1d59292671dd"
      }
    },
    {
      "RequestUri": "https://management.azure.com/subscriptions/00000000-0000-0000-0000-000000000000/resourceGroups/rgname/providers/Microsoft.Compute/disks/diskname4a232cfa?api-version=2021-12-01",
      "RequestMethod": "GET",
      "RequestHeaders": {
        "Accept": "*/*",
        "Accept-Encoding": "gzip, deflate",
        "Authorization": "Sanitized",
        "Connection": "keep-alive",
        "User-Agent": "azsdk-python-azure-mgmt-compute/26.1.0 Python/3.9.8 (Windows-10-10.0.22000)",
        "x-ms-client-request-id": "2bf40e42-a8db-11ec-b0f3-c809a8c836e6"
      },
      "RequestBody": null,
      "StatusCode": 200,
      "ResponseHeaders": {
        "Cache-Control": "no-cache",
        "Content-Encoding": "gzip",
        "Content-Type": "application/json; charset=utf-8",
        "Date": "Mon, 21 Mar 2022 05:53:10 GMT",
        "Expires": "-1",
        "Pragma": "no-cache",
        "Server": [
          "Microsoft-HTTPAPI/2.0",
          "Microsoft-HTTPAPI/2.0"
        ],
        "Strict-Transport-Security": "max-age=31536000; includeSubDomains",
        "Transfer-Encoding": "chunked",
        "Vary": "Accept-Encoding",
        "X-Content-Type-Options": "nosniff",
        "x-ms-correlation-request-id": "4d04599b-b855-4e8d-9a40-393a251a3a7d",
        "x-ms-ratelimit-remaining-resource": "Microsoft.Compute/LowCostGet3Min;14980,Microsoft.Compute/LowCostGet30Min;119887",
        "x-ms-ratelimit-remaining-subscription-reads": "11969",
        "x-ms-request-id": "3b8b3e4a-7883-41f9-9fb1-2f27c9e85b7c",
        "x-ms-routing-request-id": "SOUTHEASTASIA:20220321T055310Z:4d04599b-b855-4e8d-9a40-393a251a3a7d",
        "x-ms-served-by": "36ee1309-094c-4cec-b989-37cf5e794c1b_132629837319766262"
      },
      "ResponseBody": {
        "name": "diskname4a232cfa",
        "id": "/subscriptions/00000000-0000-0000-0000-000000000000/resourceGroups/rgname/providers/Microsoft.Compute/disks/diskname4a232cfa",
        "type": "Microsoft.Compute/disks",
        "location": "eastus",
        "sku": {
          "name": "Standard_LRS",
          "tier": "Standard"
        },
        "properties": {
          "creationData": {
            "createOption": "Empty"
          },
          "diskSizeGB": 200,
          "diskIOPSReadWrite": 500,
          "diskMBpsReadWrite": 60,
          "encryption": {
            "type": "EncryptionAtRestWithPlatformKey"
          },
          "networkAccessPolicy": "AllowAll",
          "publicNetworkAccess": "Enabled",
          "timeCreated": "2022-03-21T05:53:07.8786079\u002B00:00",
          "provisioningState": "Succeeded",
          "diskState": "Unattached",
          "diskSizeBytes": 214748364800,
          "uniqueId": "a3e890d1-49ee-4bc9-8921-0e5cd3ab3c78"
        }
      }
    },
    {
      "RequestUri": "https://management.azure.com/subscriptions/00000000-0000-0000-0000-000000000000/resourceGroups/rgname/providers/Microsoft.Compute/snapshots/snapshotname4a232cfa?api-version=2021-12-01",
      "RequestMethod": "PUT",
      "RequestHeaders": {
        "Accept": "application/json",
        "Accept-Encoding": "gzip, deflate",
        "Authorization": "Sanitized",
        "Connection": "keep-alive",
        "Content-Length": "221",
        "Content-Type": "application/json",
        "User-Agent": "azsdk-python-azure-mgmt-compute/26.1.0 Python/3.9.8 (Windows-10-10.0.22000)",
        "x-ms-client-request-id": "300f00fd-a8db-11ec-b79f-c809a8c836e6"
      },
      "RequestBody": {
        "location": "eastus",
        "properties": {
          "creationData": {
            "createOption": "Copy",
            "sourceUri": "/subscriptions/00000000-0000-0000-0000-000000000000/resourceGroups/rgname/providers/Microsoft.Compute/disks/diskname4a232cfa"
          }
        }
      },
      "StatusCode": 202,
      "ResponseHeaders": {
        "Azure-AsyncOperation": "https://management.azure.com/subscriptions/00000000-0000-0000-0000-000000000000/providers/Microsoft.Compute/locations/eastus/DiskOperations/7ae51da7-7218-4fe5-bd61-87fabf592405?p=36ee1309-094c-4cec-b989-37cf5e794c1b\u0026api-version=2021-12-01",
        "Cache-Control": "no-cache",
        "Content-Length": "431",
        "Content-Type": "application/json; charset=utf-8",
        "Date": "Mon, 21 Mar 2022 05:53:12 GMT",
        "Expires": "-1",
        "Location": "https://management.azure.com/subscriptions/00000000-0000-0000-0000-000000000000/providers/Microsoft.Compute/locations/eastus/DiskOperations/7ae51da7-7218-4fe5-bd61-87fabf592405?p=36ee1309-094c-4cec-b989-37cf5e794c1b\u0026monitor=true\u0026api-version=2021-12-01",
        "Pragma": "no-cache",
        "Retry-After": "2",
        "Server": [
          "Microsoft-HTTPAPI/2.0",
          "Microsoft-HTTPAPI/2.0"
        ],
        "Strict-Transport-Security": "max-age=31536000; includeSubDomains",
        "X-Content-Type-Options": "nosniff",
        "x-ms-correlation-request-id": "a3c6e4f2-9e16-4310-8405-06ba6a7f4390",
        "x-ms-ratelimit-remaining-resource": "Microsoft.Compute/HighCostSnapshotCreateHydrate3Min;999,Microsoft.Compute/HighCostSnapshotCreateHydrate30Min;7996",
        "x-ms-ratelimit-remaining-subscription-writes": "1191",
        "x-ms-request-id": "7ae51da7-7218-4fe5-bd61-87fabf592405",
        "x-ms-routing-request-id": "SOUTHEASTASIA:20220321T055312Z:a3c6e4f2-9e16-4310-8405-06ba6a7f4390",
        "x-ms-served-by": "36ee1309-094c-4cec-b989-37cf5e794c1b_132629837319766262"
      },
      "ResponseBody": {
        "location": "eastus",
        "properties": {
          "creationData": {
            "createOption": "Copy",
            "sourceUri": "/subscriptions/00000000-0000-0000-0000-000000000000/resourceGroups/rgname/providers/Microsoft.Compute/disks/diskname4a232cfa",
            "sourceUniqueId": "a3e890d1-49ee-4bc9-8921-0e5cd3ab3c78"
          },
          "publicNetworkAccess": "Enabled",
          "provisioningState": "Updating",
          "isArmResource": true
        }
      }
    },
    {
      "RequestUri": "https://management.azure.com/subscriptions/00000000-0000-0000-0000-000000000000/providers/Microsoft.Compute/locations/eastus/DiskOperations/7ae51da7-7218-4fe5-bd61-87fabf592405?p=36ee1309-094c-4cec-b989-37cf5e794c1b\u0026api-version=2021-12-01",
      "RequestMethod": "GET",
      "RequestHeaders": {
        "Accept": "*/*",
        "Accept-Encoding": "gzip, deflate",
        "Authorization": "Sanitized",
        "Connection": "keep-alive",
        "User-Agent": "azsdk-python-azure-mgmt-compute/26.1.0 Python/3.9.8 (Windows-10-10.0.22000)",
        "x-ms-client-request-id": "300f00fd-a8db-11ec-b79f-c809a8c836e6"
      },
      "RequestBody": null,
      "StatusCode": 200,
      "ResponseHeaders": {
        "Cache-Control": "no-cache",
        "Content-Encoding": "gzip",
        "Content-Type": "application/json; charset=utf-8",
        "Date": "Mon, 21 Mar 2022 05:53:14 GMT",
        "Expires": "-1",
        "Pragma": "no-cache",
        "Server": [
          "Microsoft-HTTPAPI/2.0",
          "Microsoft-HTTPAPI/2.0"
        ],
        "Strict-Transport-Security": "max-age=31536000; includeSubDomains",
        "Transfer-Encoding": "chunked",
        "Vary": "Accept-Encoding",
        "X-Content-Type-Options": "nosniff",
        "x-ms-correlation-request-id": "00694edc-c03a-478f-8c7c-08ef2de6e04d",
        "x-ms-ratelimit-remaining-resource": "Microsoft.Compute/GetOperation3Min;49983,Microsoft.Compute/GetOperation30Min;399951",
        "x-ms-ratelimit-remaining-subscription-reads": "11968",
        "x-ms-request-id": "506e28d9-9d28-41e7-93dc-ab14cb9c6a2e",
        "x-ms-routing-request-id": "SOUTHEASTASIA:20220321T055315Z:00694edc-c03a-478f-8c7c-08ef2de6e04d",
        "x-ms-served-by": "36ee1309-094c-4cec-b989-37cf5e794c1b_132629837319766262"
      },
      "ResponseBody": {
        "startTime": "2022-03-21T05:53:12.5973927\u002B00:00",
        "endTime": "2022-03-21T05:53:13.4724075\u002B00:00",
        "status": "Succeeded",
        "properties": {
          "output": {
            "name": "snapshotname4a232cfa",
            "id": "/subscriptions/00000000-0000-0000-0000-000000000000/resourceGroups/rgname/providers/Microsoft.Compute/snapshots/snapshotname4a232cfa",
            "type": "Microsoft.Compute/snapshots",
            "location": "eastus",
            "sku": {
              "name": "Standard_LRS",
              "tier": "Standard"
            },
            "properties": {
              "creationData": {
                "createOption": "Copy",
                "sourceResourceId": "/subscriptions/00000000-0000-0000-0000-000000000000/resourceGroups/rgname/providers/Microsoft.Compute/disks/diskname4a232cfa",
                "sourceUniqueId": "a3e890d1-49ee-4bc9-8921-0e5cd3ab3c78"
              },
              "diskSizeGB": 200,
              "encryption": {
                "type": "EncryptionAtRestWithPlatformKey"
              },
              "incremental": false,
              "networkAccessPolicy": "AllowAll",
              "publicNetworkAccess": "Enabled",
              "timeCreated": "2022-03-21T05:53:12.5973927\u002B00:00",
              "provisioningState": "Succeeded",
              "diskState": "Unattached",
              "diskSizeBytes": 214748364800,
              "uniqueId": "58a8bb65-84a5-4238-bb91-80a2b4a9f0d3"
            }
          }
        },
        "name": "7ae51da7-7218-4fe5-bd61-87fabf592405"
      }
    },
    {
      "RequestUri": "https://management.azure.com/subscriptions/00000000-0000-0000-0000-000000000000/resourceGroups/rgname/providers/Microsoft.Compute/snapshots/snapshotname4a232cfa?api-version=2021-12-01",
      "RequestMethod": "GET",
      "RequestHeaders": {
        "Accept": "*/*",
        "Accept-Encoding": "gzip, deflate",
        "Authorization": "Sanitized",
        "Connection": "keep-alive",
        "User-Agent": "azsdk-python-azure-mgmt-compute/26.1.0 Python/3.9.8 (Windows-10-10.0.22000)",
        "x-ms-client-request-id": "300f00fd-a8db-11ec-b79f-c809a8c836e6"
      },
      "RequestBody": null,
      "StatusCode": 200,
      "ResponseHeaders": {
        "Cache-Control": "no-cache",
        "Content-Encoding": "gzip",
        "Content-Type": "application/json; charset=utf-8",
        "Date": "Mon, 21 Mar 2022 05:53:14 GMT",
        "Expires": "-1",
        "Pragma": "no-cache",
        "Server": [
          "Microsoft-HTTPAPI/2.0",
          "Microsoft-HTTPAPI/2.0"
        ],
        "Strict-Transport-Security": "max-age=31536000; includeSubDomains",
        "Transfer-Encoding": "chunked",
        "Vary": "Accept-Encoding",
        "X-Content-Type-Options": "nosniff",
        "x-ms-correlation-request-id": "ad7cbb40-a6be-40fe-b612-b0f61ffe847b",
        "x-ms-ratelimit-remaining-resource": "Microsoft.Compute/LowCostGet3Min;14978,Microsoft.Compute/LowCostGet30Min;119885",
        "x-ms-ratelimit-remaining-subscription-reads": "11967",
        "x-ms-request-id": "b7365438-b931-4714-920f-27941130b36c",
        "x-ms-routing-request-id": "SOUTHEASTASIA:20220321T055315Z:ad7cbb40-a6be-40fe-b612-b0f61ffe847b",
        "x-ms-served-by": "36ee1309-094c-4cec-b989-37cf5e794c1b_132629837319766262"
      },
      "ResponseBody": {
        "name": "snapshotname4a232cfa",
        "id": "/subscriptions/00000000-0000-0000-0000-000000000000/resourceGroups/rgname/providers/Microsoft.Compute/snapshots/snapshotname4a232cfa",
        "type": "Microsoft.Compute/snapshots",
        "location": "eastus",
        "sku": {
          "name": "Standard_LRS",
          "tier": "Standard"
        },
        "properties": {
          "creationData": {
            "createOption": "Copy",
            "sourceResourceId": "/subscriptions/00000000-0000-0000-0000-000000000000/resourceGroups/rgname/providers/Microsoft.Compute/disks/diskname4a232cfa",
            "sourceUniqueId": "a3e890d1-49ee-4bc9-8921-0e5cd3ab3c78"
          },
          "diskSizeGB": 200,
          "encryption": {
            "type": "EncryptionAtRestWithPlatformKey"
          },
          "incremental": false,
          "networkAccessPolicy": "AllowAll",
          "publicNetworkAccess": "Enabled",
          "timeCreated": "2022-03-21T05:53:12.5973927\u002B00:00",
          "provisioningState": "Succeeded",
          "diskState": "Unattached",
          "diskSizeBytes": 214748364800,
          "uniqueId": "58a8bb65-84a5-4238-bb91-80a2b4a9f0d3"
        }
      }
    },
    {
      "RequestUri": "https://management.azure.com/subscriptions/00000000-0000-0000-0000-000000000000/resourceGroups/rgname/providers/Microsoft.Compute/galleries/galleryname4a232cfa?api-version=2021-10-01",
      "RequestMethod": "PUT",
      "RequestHeaders": {
        "Accept": "application/json",
        "Accept-Encoding": "gzip, deflate",
        "Authorization": "Sanitized",
        "Connection": "keep-alive",
        "Content-Length": "89",
        "Content-Type": "application/json",
        "User-Agent": "azsdk-python-azure-mgmt-compute/26.1.0 Python/3.9.8 (Windows-10-10.0.22000)",
        "x-ms-client-request-id": "32f3c35c-a8db-11ec-a919-c809a8c836e6"
      },
      "RequestBody": {
        "location": "eastus",
        "properties": {
          "description": "This is the gallery description."
        }
      },
      "StatusCode": 201,
      "ResponseHeaders": {
        "Azure-AsyncOperation": "https://management.azure.com/subscriptions/00000000-0000-0000-0000-000000000000/providers/Microsoft.Compute/locations/eastus/capsOperations/159f31fb-0d3e-4209-a270-2f2e5eb31576?api-version=2021-10-01",
        "Cache-Control": "no-cache",
        "Content-Length": "475",
        "Content-Type": "application/json; charset=utf-8",
        "Date": "Mon, 21 Mar 2022 05:53:18 GMT",
        "Expires": "-1",
        "Pragma": "no-cache",
        "Server": [
          "Microsoft-HTTPAPI/2.0",
          "Microsoft-HTTPAPI/2.0"
        ],
        "Strict-Transport-Security": "max-age=31536000; includeSubDomains",
        "X-Content-Type-Options": "nosniff",
        "x-ms-correlation-request-id": "12debfc1-9447-45b9-8bb9-780b1c54dfcc",
        "x-ms-ratelimit-remaining-resource": "Microsoft.Compute/CreateUpdateGallery3Min;49,Microsoft.Compute/CreateUpdateGallery30Min;299",
        "x-ms-ratelimit-remaining-subscription-writes": "1190",
        "x-ms-request-id": "159f31fb-0d3e-4209-a270-2f2e5eb31576",
        "x-ms-routing-request-id": "SOUTHEASTASIA:20220321T055318Z:12debfc1-9447-45b9-8bb9-780b1c54dfcc",
        "x-ms-served-by": "5903d229-c5b7-4ccc-99bb-56b74d1dd58c_132454890361139936,5903d229-c5b7-4ccc-99bb-56b74d1dd58c_132454890361139936"
      },
      "ResponseBody": {
        "name": "galleryname4a232cfa",
        "id": "/subscriptions/00000000-0000-0000-0000-000000000000/resourceGroups/rgname/providers/Microsoft.Compute/galleries/galleryname4a232cfa",
        "type": "Microsoft.Compute/galleries",
        "location": "eastus",
        "properties": {
          "description": "This is the gallery description.",
          "identifier": {
            "uniqueName": "00000000-0000-0000-0000-000000000000-GALLERYNAME4A232CFA"
          },
          "provisioningState": "Creating"
        }
      }
    },
    {
      "RequestUri": "https://management.azure.com/subscriptions/00000000-0000-0000-0000-000000000000/providers/Microsoft.Compute/locations/eastus/capsOperations/159f31fb-0d3e-4209-a270-2f2e5eb31576?api-version=2021-10-01",
      "RequestMethod": "GET",
      "RequestHeaders": {
        "Accept": "*/*",
        "Accept-Encoding": "gzip, deflate",
        "Authorization": "Sanitized",
        "Connection": "keep-alive",
        "User-Agent": "azsdk-python-azure-mgmt-compute/26.1.0 Python/3.9.8 (Windows-10-10.0.22000)",
        "x-ms-client-request-id": "32f3c35c-a8db-11ec-a919-c809a8c836e6"
      },
      "RequestBody": null,
      "StatusCode": 200,
      "ResponseHeaders": {
        "Cache-Control": "no-cache",
        "Content-Encoding": "gzip",
        "Content-Type": "application/json; charset=utf-8",
        "Date": "Mon, 21 Mar 2022 05:53:49 GMT",
        "Expires": "-1",
        "Pragma": "no-cache",
        "Server": [
          "Microsoft-HTTPAPI/2.0",
          "Microsoft-HTTPAPI/2.0"
        ],
        "Strict-Transport-Security": "max-age=31536000; includeSubDomains",
        "Transfer-Encoding": "chunked",
        "Vary": "Accept-Encoding",
        "X-Content-Type-Options": "nosniff",
        "x-ms-correlation-request-id": "2c2bde69-ea5e-444d-9a43-057aefb393b3",
        "x-ms-ratelimit-remaining-resource": "Microsoft.Compute/GetOperationStatus3Min;1198,Microsoft.Compute/GetOperationStatus30Min;4198",
        "x-ms-ratelimit-remaining-subscription-reads": "11966",
        "x-ms-request-id": "dbf673b9-8de1-4ce6-b3a4-c3518923e12b",
        "x-ms-routing-request-id": "SOUTHEASTASIA:20220321T055349Z:2c2bde69-ea5e-444d-9a43-057aefb393b3",
        "x-ms-served-by": "5903d229-c5b7-4ccc-99bb-56b74d1dd58c_132454890361139936,5903d229-c5b7-4ccc-99bb-56b74d1dd58c_132454890361139936"
      },
      "ResponseBody": {
        "startTime": "2022-03-21T05:53:17.4673674\u002B00:00",
        "endTime": "2022-03-21T05:53:17.7017433\u002B00:00",
        "status": "Succeeded",
        "name": "159f31fb-0d3e-4209-a270-2f2e5eb31576"
      }
    },
    {
      "RequestUri": "https://management.azure.com/subscriptions/00000000-0000-0000-0000-000000000000/resourceGroups/rgname/providers/Microsoft.Compute/galleries/galleryname4a232cfa?api-version=2021-10-01",
      "RequestMethod": "GET",
      "RequestHeaders": {
        "Accept": "*/*",
        "Accept-Encoding": "gzip, deflate",
        "Authorization": "Sanitized",
        "Connection": "keep-alive",
        "User-Agent": "azsdk-python-azure-mgmt-compute/26.1.0 Python/3.9.8 (Windows-10-10.0.22000)",
        "x-ms-client-request-id": "32f3c35c-a8db-11ec-a919-c809a8c836e6"
      },
      "RequestBody": null,
      "StatusCode": 200,
      "ResponseHeaders": {
        "Cache-Control": "no-cache",
        "Content-Encoding": "gzip",
        "Content-Type": "application/json; charset=utf-8",
        "Date": "Mon, 21 Mar 2022 05:53:50 GMT",
        "Expires": "-1",
        "Pragma": "no-cache",
        "Server": [
          "Microsoft-HTTPAPI/2.0",
          "Microsoft-HTTPAPI/2.0"
        ],
        "Strict-Transport-Security": "max-age=31536000; includeSubDomains",
        "Transfer-Encoding": "chunked",
        "Vary": "Accept-Encoding",
        "X-Content-Type-Options": "nosniff",
        "x-ms-correlation-request-id": "54baafd9-e343-445e-8617-df7661190a63",
        "x-ms-ratelimit-remaining-resource": "Microsoft.Compute/GetGallery3Min;346,Microsoft.Compute/GetGallery30Min;2496",
        "x-ms-ratelimit-remaining-subscription-reads": "11965",
        "x-ms-request-id": "3fedb9eb-53ea-4d81-b475-d506f8c7f824",
        "x-ms-routing-request-id": "SOUTHEASTASIA:20220321T055350Z:54baafd9-e343-445e-8617-df7661190a63",
        "x-ms-served-by": "5903d229-c5b7-4ccc-99bb-56b74d1dd58c_132454890361139936,5903d229-c5b7-4ccc-99bb-56b74d1dd58c_132454890361139936"
      },
      "ResponseBody": {
        "name": "galleryname4a232cfa",
        "id": "/subscriptions/00000000-0000-0000-0000-000000000000/resourceGroups/rgname/providers/Microsoft.Compute/galleries/galleryname4a232cfa",
        "type": "Microsoft.Compute/galleries",
        "location": "eastus",
        "properties": {
          "description": "This is the gallery description.",
          "identifier": {
            "uniqueName": "00000000-0000-0000-0000-000000000000-GALLERYNAME4A232CFA"
          },
          "provisioningState": "Succeeded"
        }
      }
    },
    {
      "RequestUri": "https://management.azure.com/subscriptions/00000000-0000-0000-0000-000000000000/resourceGroups/rgname/providers/Microsoft.Compute/galleries/galleryname4a232cfa/applications/applicationname4a232cfa?api-version=2021-10-01",
      "RequestMethod": "PUT",
      "RequestHeaders": {
        "Accept": "application/json",
        "Accept-Encoding": "gzip, deflate",
        "Authorization": "Sanitized",
        "Connection": "keep-alive",
        "Content-Length": "180",
        "Content-Type": "application/json",
        "User-Agent": "azsdk-python-azure-mgmt-compute/26.1.0 Python/3.9.8 (Windows-10-10.0.22000)",
        "x-ms-client-request-id": "4790dce3-a8db-11ec-adc7-c809a8c836e6"
      },
      "RequestBody": {
        "location": "eastus",
        "properties": {
          "description": "This is the gallery application description.",
          "eula": "This is the gallery application EULA.",
          "supportedOSType": "Windows"
        }
      },
      "StatusCode": 201,
      "ResponseHeaders": {
        "Cache-Control": "no-cache",
        "Content-Length": "483",
        "Content-Type": "application/json; charset=utf-8",
        "Date": "Mon, 21 Mar 2022 05:53:53 GMT",
        "Expires": "-1",
        "Pragma": "no-cache",
        "Server": [
          "Microsoft-HTTPAPI/2.0",
          "Microsoft-HTTPAPI/2.0"
        ],
        "Strict-Transport-Security": "max-age=31536000; includeSubDomains",
        "X-Content-Type-Options": "nosniff",
        "x-ms-correlation-request-id": "48c372f3-09d8-4c53-8eb0-a498125b8c09",
        "x-ms-ratelimit-remaining-resource": "Microsoft.Compute/CreateUpdateGalleryApplication3Min;149,Microsoft.Compute/CreateUpdateGalleryApplication30Min;749",
        "x-ms-ratelimit-remaining-subscription-writes": "1189",
        "x-ms-request-id": "7eaf043f-d351-4a36-85ec-da449fb73575",
        "x-ms-routing-request-id": "SOUTHEASTASIA:20220321T055353Z:48c372f3-09d8-4c53-8eb0-a498125b8c09",
        "x-ms-served-by": "5903d229-c5b7-4ccc-99bb-56b74d1dd58c_132454890361139936,5903d229-c5b7-4ccc-99bb-56b74d1dd58c_132454890361139936"
      },
      "ResponseBody": {
        "name": "applicationname4a232cfa",
        "id": "/subscriptions/00000000-0000-0000-0000-000000000000/resourceGroups/rgname/providers/Microsoft.Compute/galleries/galleryname4a232cfa/applications/applicationname4a232cfa",
        "type": "Microsoft.Compute/galleries/applications",
        "location": "eastus",
        "properties": {
          "supportedOSType": "Windows",
          "description": "This is the gallery application description.",
          "eula": "This is the gallery application EULA."
        }
      }
    },
    {
      "RequestUri": "https://management.azure.com/subscriptions/00000000-0000-0000-0000-000000000000/resourceGroups/rgname/providers/Microsoft.Compute/galleries/galleryname4a232cfa/applications/applicationname4a232cfa?api-version=2021-10-01",
      "RequestMethod": "GET",
      "RequestHeaders": {
        "Accept": "*/*",
        "Accept-Encoding": "gzip, deflate",
        "Authorization": "Sanitized",
        "Connection": "keep-alive",
        "User-Agent": "azsdk-python-azure-mgmt-compute/26.1.0 Python/3.9.8 (Windows-10-10.0.22000)",
        "x-ms-client-request-id": "4790dce3-a8db-11ec-adc7-c809a8c836e6"
      },
      "RequestBody": null,
      "StatusCode": 200,
      "ResponseHeaders": {
        "Cache-Control": "no-cache",
        "Content-Encoding": "gzip",
        "Content-Type": "application/json; charset=utf-8",
        "Date": "Mon, 21 Mar 2022 05:54:23 GMT",
        "Expires": "-1",
        "Pragma": "no-cache",
        "Server": [
          "Microsoft-HTTPAPI/2.0",
          "Microsoft-HTTPAPI/2.0"
        ],
        "Strict-Transport-Security": "max-age=31536000; includeSubDomains",
        "Transfer-Encoding": "chunked",
        "Vary": "Accept-Encoding",
        "X-Content-Type-Options": "nosniff",
        "x-ms-correlation-request-id": "9460d9cd-af8b-4670-9a3c-2ecdcda6a3c4",
        "x-ms-ratelimit-remaining-resource": "Microsoft.Compute/GetGalleryApplication3Min;298,Microsoft.Compute/GetGalleryApplication30Min;1998",
        "x-ms-ratelimit-remaining-subscription-reads": "11964",
        "x-ms-request-id": "aeab5252-10d2-48c5-8772-e083c3682c52",
        "x-ms-routing-request-id": "SOUTHEASTASIA:20220321T055424Z:9460d9cd-af8b-4670-9a3c-2ecdcda6a3c4",
        "x-ms-served-by": "5903d229-c5b7-4ccc-99bb-56b74d1dd58c_132454890361139936,5903d229-c5b7-4ccc-99bb-56b74d1dd58c_132454890361139936"
      },
      "ResponseBody": {
        "name": "applicationname4a232cfa",
        "id": "/subscriptions/00000000-0000-0000-0000-000000000000/resourceGroups/rgname/providers/Microsoft.Compute/galleries/galleryname4a232cfa/applications/applicationname4a232cfa",
        "type": "Microsoft.Compute/galleries/applications",
        "location": "eastus",
        "properties": {
          "supportedOSType": "Windows",
          "description": "This is the gallery application description.",
          "eula": "This is the gallery application EULA."
        }
      }
    },
    {
      "RequestUri": "https://management.azure.com/subscriptions/00000000-0000-0000-0000-000000000000/resourceGroups/rgname/providers/Microsoft.Compute/galleries/galleryname4a232cfa/images/imagex4a232cfa?api-version=2021-10-01",
      "RequestMethod": "PUT",
      "RequestHeaders": {
        "Accept": "application/json",
        "Accept-Encoding": "gzip, deflate",
        "Authorization": "Sanitized",
        "Connection": "keep-alive",
        "Content-Length": "177",
        "Content-Type": "application/json",
        "User-Agent": "azsdk-python-azure-mgmt-compute/26.1.0 Python/3.9.8 (Windows-10-10.0.22000)",
        "x-ms-client-request-id": "5bc2aa23-a8db-11ec-aa67-c809a8c836e6"
      },
      "RequestBody": {
        "location": "eastus",
        "properties": {
          "osType": "Windows",
          "osState": "Generalized",
          "identifier": {
            "publisher": "myPublisherName",
            "offer": "myOfferName",
            "sku": "mySkuName"
          }
        }
      },
      "StatusCode": 201,
      "ResponseHeaders": {
        "Azure-AsyncOperation": "https://management.azure.com/subscriptions/00000000-0000-0000-0000-000000000000/providers/Microsoft.Compute/locations/eastus/capsOperations/da75df43-d6ac-4fb3-ba3b-983bcc6a54fe?api-version=2021-10-01",
        "Cache-Control": "no-cache",
        "Content-Length": "575",
        "Content-Type": "application/json; charset=utf-8",
        "Date": "Mon, 21 Mar 2022 05:54:26 GMT",
        "Expires": "-1",
        "Pragma": "no-cache",
        "Server": [
          "Microsoft-HTTPAPI/2.0",
          "Microsoft-HTTPAPI/2.0"
        ],
        "Strict-Transport-Security": "max-age=31536000; includeSubDomains",
        "X-Content-Type-Options": "nosniff",
        "x-ms-correlation-request-id": "b5ceda31-04d9-4edd-9dcc-3192c52328c8",
        "x-ms-ratelimit-remaining-resource": "Microsoft.Compute/CreateUpdateGalleryImage3Min;149,Microsoft.Compute/CreateUpdateGalleryImage30Min;749",
        "x-ms-ratelimit-remaining-subscription-writes": "1188",
        "x-ms-request-id": "da75df43-d6ac-4fb3-ba3b-983bcc6a54fe",
        "x-ms-routing-request-id": "SOUTHEASTASIA:20220321T055427Z:b5ceda31-04d9-4edd-9dcc-3192c52328c8",
        "x-ms-served-by": "5903d229-c5b7-4ccc-99bb-56b74d1dd58c_132454890361139936,5903d229-c5b7-4ccc-99bb-56b74d1dd58c_132454890361139936"
      },
      "ResponseBody": {
        "name": "imagex4a232cfa",
        "id": "/subscriptions/00000000-0000-0000-0000-000000000000/resourceGroups/rgname/providers/Microsoft.Compute/galleries/galleryname4a232cfa/images/imagex4a232cfa",
        "type": "Microsoft.Compute/galleries/images",
        "location": "eastus",
        "properties": {
          "hyperVGeneration": "V1",
          "architecture": "x64",
          "osType": "Windows",
          "osState": "Generalized",
          "identifier": {
            "publisher": "myPublisherName",
            "offer": "myOfferName",
            "sku": "mySkuName"
          },
          "provisioningState": "Creating"
        }
      }
    },
    {
      "RequestUri": "https://management.azure.com/subscriptions/00000000-0000-0000-0000-000000000000/providers/Microsoft.Compute/locations/eastus/capsOperations/da75df43-d6ac-4fb3-ba3b-983bcc6a54fe?api-version=2021-10-01",
      "RequestMethod": "GET",
      "RequestHeaders": {
        "Accept": "*/*",
        "Accept-Encoding": "gzip, deflate",
        "Authorization": "Sanitized",
        "Connection": "keep-alive",
        "User-Agent": "azsdk-python-azure-mgmt-compute/26.1.0 Python/3.9.8 (Windows-10-10.0.22000)",
        "x-ms-client-request-id": "5bc2aa23-a8db-11ec-aa67-c809a8c836e6"
      },
      "RequestBody": null,
      "StatusCode": 200,
      "ResponseHeaders": {
        "Cache-Control": "no-cache",
        "Content-Encoding": "gzip",
        "Content-Type": "application/json; charset=utf-8",
        "Date": "Mon, 21 Mar 2022 05:54:56 GMT",
        "Expires": "-1",
        "Pragma": "no-cache",
        "Server": [
          "Microsoft-HTTPAPI/2.0",
          "Microsoft-HTTPAPI/2.0"
        ],
        "Strict-Transport-Security": "max-age=31536000; includeSubDomains",
        "Transfer-Encoding": "chunked",
        "Vary": "Accept-Encoding",
        "X-Content-Type-Options": "nosniff",
        "x-ms-correlation-request-id": "48984dc8-e1af-4e85-8ddc-03820f057e3a",
        "x-ms-ratelimit-remaining-resource": "Microsoft.Compute/GetOperationStatus3Min;1196,Microsoft.Compute/GetOperationStatus30Min;4196",
        "x-ms-ratelimit-remaining-subscription-reads": "11963",
        "x-ms-request-id": "4a581e4b-f304-427a-a817-ccdb549934b7",
        "x-ms-routing-request-id": "SOUTHEASTASIA:20220321T055457Z:48984dc8-e1af-4e85-8ddc-03820f057e3a",
        "x-ms-served-by": "5903d229-c5b7-4ccc-99bb-56b74d1dd58c_132454890361139936,5903d229-c5b7-4ccc-99bb-56b74d1dd58c_132454890361139936"
      },
      "ResponseBody": {
        "startTime": "2022-03-21T05:54:25.9360426\u002B00:00",
        "endTime": "2022-03-21T05:54:26.1079233\u002B00:00",
        "status": "Succeeded",
        "name": "da75df43-d6ac-4fb3-ba3b-983bcc6a54fe"
      }
    },
    {
      "RequestUri": "https://management.azure.com/subscriptions/00000000-0000-0000-0000-000000000000/resourceGroups/rgname/providers/Microsoft.Compute/galleries/galleryname4a232cfa/images/imagex4a232cfa?api-version=2021-10-01",
      "RequestMethod": "GET",
      "RequestHeaders": {
        "Accept": "*/*",
        "Accept-Encoding": "gzip, deflate",
        "Authorization": "Sanitized",
        "Connection": "keep-alive",
        "User-Agent": "azsdk-python-azure-mgmt-compute/26.1.0 Python/3.9.8 (Windows-10-10.0.22000)",
        "x-ms-client-request-id": "5bc2aa23-a8db-11ec-aa67-c809a8c836e6"
      },
      "RequestBody": null,
      "StatusCode": 200,
      "ResponseHeaders": {
        "Cache-Control": "no-cache",
        "Content-Encoding": "gzip",
        "Content-Type": "application/json; charset=utf-8",
        "Date": "Mon, 21 Mar 2022 05:54:57 GMT",
        "Expires": "-1",
        "Pragma": "no-cache",
        "Server": [
          "Microsoft-HTTPAPI/2.0",
          "Microsoft-HTTPAPI/2.0"
        ],
        "Strict-Transport-Security": "max-age=31536000; includeSubDomains",
        "Transfer-Encoding": "chunked",
        "Vary": "Accept-Encoding",
        "X-Content-Type-Options": "nosniff",
        "x-ms-correlation-request-id": "31e3f758-d76e-4d4d-ae74-85c52d6587a5",
        "x-ms-ratelimit-remaining-resource": "Microsoft.Compute/GetGalleryImage3Min;596,Microsoft.Compute/GetGalleryImage30Min;2996",
        "x-ms-ratelimit-remaining-subscription-reads": "11962",
        "x-ms-request-id": "c49a45c5-af42-4b78-9d92-ba4e5e2a6f31",
        "x-ms-routing-request-id": "SOUTHEASTASIA:20220321T055457Z:31e3f758-d76e-4d4d-ae74-85c52d6587a5",
        "x-ms-served-by": "5903d229-c5b7-4ccc-99bb-56b74d1dd58c_132454890361139936,5903d229-c5b7-4ccc-99bb-56b74d1dd58c_132454890361139936"
      },
      "ResponseBody": {
        "name": "imagex4a232cfa",
        "id": "/subscriptions/00000000-0000-0000-0000-000000000000/resourceGroups/rgname/providers/Microsoft.Compute/galleries/galleryname4a232cfa/images/imagex4a232cfa",
        "type": "Microsoft.Compute/galleries/images",
        "location": "eastus",
        "properties": {
          "hyperVGeneration": "V1",
          "architecture": "x64",
          "osType": "Windows",
          "osState": "Generalized",
          "identifier": {
            "publisher": "myPublisherName",
            "offer": "myOfferName",
            "sku": "mySkuName"
          },
          "provisioningState": "Succeeded"
        }
      }
    },
    {
      "RequestUri": "https://management.azure.com/subscriptions/00000000-0000-0000-0000-000000000000/resourceGroups/rgname/providers/Microsoft.Compute/galleries/galleryname4a232cfa/images/imagex4a232cfa/versions/1.0.0?api-version=2021-10-01",
      "RequestMethod": "PUT",
      "RequestHeaders": {
        "Accept": "application/json",
        "Accept-Encoding": "gzip, deflate",
        "Authorization": "Sanitized",
        "Connection": "keep-alive",
        "Content-Length": "384",
        "Content-Type": "application/json",
        "User-Agent": "azsdk-python-azure-mgmt-compute/26.1.0 Python/3.9.8 (Windows-10-10.0.22000)",
        "x-ms-client-request-id": "6ff8bedd-a8db-11ec-af9a-c809a8c836e6"
      },
      "RequestBody": {
        "location": "eastus",
        "properties": {
          "publishingProfile": {
            "targetRegions": [
              {
                "name": "East US",
                "regionalReplicaCount": 2,
                "storageAccountType": "Standard_ZRS"
              }
            ]
          },
          "storageProfile": {
            "osDiskImage": {
              "hostCaching": "ReadOnly",
              "source": {
                "id": "/subscriptions/00000000-0000-0000-0000-000000000000/resourceGroups/rgname/providers/Microsoft.Compute/snapshots/snapshotname4a232cfa"
              }
            }
          }
        }
      },
      "StatusCode": 201,
      "ResponseHeaders": {
        "Azure-AsyncOperation": "https://management.azure.com/subscriptions/00000000-0000-0000-0000-000000000000/providers/Microsoft.Compute/locations/eastus/capsOperations/ce56b373-bb2b-4603-9e14-057a7469e6c3?api-version=2021-10-01",
        "Cache-Control": "no-cache",
        "Content-Length": "1011",
        "Content-Type": "application/json; charset=utf-8",
        "Date": "Mon, 21 Mar 2022 05:55:00 GMT",
        "Expires": "-1",
        "Pragma": "no-cache",
        "Retry-After": "60",
        "Server": [
          "Microsoft-HTTPAPI/2.0",
          "Microsoft-HTTPAPI/2.0"
        ],
        "Strict-Transport-Security": "max-age=31536000; includeSubDomains",
        "X-Content-Type-Options": "nosniff",
        "x-ms-correlation-request-id": "8a7e2d84-4a82-486b-be68-964cab1cdf0c",
        "x-ms-ratelimit-remaining-resource": "Microsoft.Compute/CreateUpdateGalleryImageVersion3Min;374,Microsoft.Compute/CreateUpdateGalleryImageVersion30Min;1199",
        "x-ms-ratelimit-remaining-subscription-writes": "1187",
        "x-ms-request-id": "ce56b373-bb2b-4603-9e14-057a7469e6c3",
        "x-ms-routing-request-id": "SOUTHEASTASIA:20220321T055501Z:8a7e2d84-4a82-486b-be68-964cab1cdf0c",
        "x-ms-served-by": "5903d229-c5b7-4ccc-99bb-56b74d1dd58c_132454890361139936,5903d229-c5b7-4ccc-99bb-56b74d1dd58c_132454890361139936"
      },
      "ResponseBody": {
        "name": "1.0.0",
        "id": "/subscriptions/00000000-0000-0000-0000-000000000000/resourceGroups/rgname/providers/Microsoft.Compute/galleries/galleryname4a232cfa/images/imagex4a232cfa/versions/1.0.0",
        "type": "Microsoft.Compute/galleries/images/versions",
        "location": "eastus",
        "properties": {
          "publishingProfile": {
            "targetRegions": [
              {
                "name": "East US",
                "regionalReplicaCount": 2,
                "storageAccountType": "Standard_ZRS"
              }
            ],
            "replicaCount": 1,
            "excludeFromLatest": false,
            "publishedDate": "2022-03-21T05:54:59.8735134\u002B00:00",
            "storageAccountType": "Standard_LRS"
          },
          "storageProfile": {
            "osDiskImage": {
              "hostCaching": "ReadOnly",
              "source": {
                "id": "/subscriptions/00000000-0000-0000-0000-000000000000/resourceGroups/rgname/providers/Microsoft.Compute/snapshots/snapshotname4a232cfa"
              }
            }
          },
          "provisioningState": "Creating"
        }
      }
    },
    {
      "RequestUri": "https://management.azure.com/subscriptions/00000000-0000-0000-0000-000000000000/providers/Microsoft.Compute/locations/eastus/capsOperations/ce56b373-bb2b-4603-9e14-057a7469e6c3?api-version=2021-10-01",
      "RequestMethod": "GET",
      "RequestHeaders": {
        "Accept": "*/*",
        "Accept-Encoding": "gzip, deflate",
        "Authorization": "Sanitized",
        "Connection": "keep-alive",
        "User-Agent": "azsdk-python-azure-mgmt-compute/26.1.0 Python/3.9.8 (Windows-10-10.0.22000)",
        "x-ms-client-request-id": "6ff8bedd-a8db-11ec-af9a-c809a8c836e6"
      },
      "RequestBody": null,
      "StatusCode": 200,
      "ResponseHeaders": {
        "Cache-Control": "no-cache",
        "Content-Encoding": "gzip",
        "Content-Type": "application/json; charset=utf-8",
        "Date": "Mon, 21 Mar 2022 05:56:01 GMT",
        "Expires": "-1",
        "Pragma": "no-cache",
        "Retry-After": "60",
        "Server": [
          "Microsoft-HTTPAPI/2.0",
          "Microsoft-HTTPAPI/2.0"
        ],
        "Strict-Transport-Security": "max-age=31536000; includeSubDomains",
        "Transfer-Encoding": "chunked",
        "Vary": "Accept-Encoding",
        "X-Content-Type-Options": "nosniff",
        "x-ms-correlation-request-id": "ab44dd6e-07e6-47ea-87d3-2403c1502627",
        "x-ms-ratelimit-remaining-resource": "Microsoft.Compute/GetOperationStatus3Min;1195,Microsoft.Compute/GetOperationStatus30Min;4195",
        "x-ms-ratelimit-remaining-subscription-reads": "11961",
        "x-ms-request-id": "2ba26083-749e-4b30-85d4-5ac4d2e58806",
        "x-ms-routing-request-id": "SOUTHEASTASIA:20220321T055602Z:ab44dd6e-07e6-47ea-87d3-2403c1502627",
        "x-ms-served-by": "5903d229-c5b7-4ccc-99bb-56b74d1dd58c_132454890361139936,5903d229-c5b7-4ccc-99bb-56b74d1dd58c_132454890361139936"
      },
      "ResponseBody": {
        "startTime": "2022-03-21T05:54:59.8579118\u002B00:00",
        "status": "InProgress",
        "name": "ce56b373-bb2b-4603-9e14-057a7469e6c3"
      }
    },
    {
      "RequestUri": "https://management.azure.com/subscriptions/00000000-0000-0000-0000-000000000000/providers/Microsoft.Compute/locations/eastus/capsOperations/ce56b373-bb2b-4603-9e14-057a7469e6c3?api-version=2021-10-01",
      "RequestMethod": "GET",
      "RequestHeaders": {
        "Accept": "*/*",
        "Accept-Encoding": "gzip, deflate",
        "Authorization": "Sanitized",
        "Connection": "keep-alive",
        "User-Agent": "azsdk-python-azure-mgmt-compute/26.1.0 Python/3.9.8 (Windows-10-10.0.22000)",
        "x-ms-client-request-id": "6ff8bedd-a8db-11ec-af9a-c809a8c836e6"
      },
      "RequestBody": null,
      "StatusCode": 200,
      "ResponseHeaders": {
        "Cache-Control": "no-cache",
        "Content-Encoding": "gzip",
        "Content-Type": "application/json; charset=utf-8",
        "Date": "Mon, 21 Mar 2022 05:57:03 GMT",
        "Expires": "-1",
        "Pragma": "no-cache",
        "Retry-After": "60",
        "Server": [
          "Microsoft-HTTPAPI/2.0",
          "Microsoft-HTTPAPI/2.0"
        ],
        "Strict-Transport-Security": "max-age=31536000; includeSubDomains",
        "Transfer-Encoding": "chunked",
        "Vary": "Accept-Encoding",
        "X-Content-Type-Options": "nosniff",
        "x-ms-correlation-request-id": "0682819c-ac9a-40a1-bc60-3448d4dc520b",
        "x-ms-ratelimit-remaining-resource": "Microsoft.Compute/GetOperationStatus3Min;1195,Microsoft.Compute/GetOperationStatus30Min;4193",
        "x-ms-ratelimit-remaining-subscription-reads": "11960",
        "x-ms-request-id": "b44a3121-4441-4755-ad4d-2b59b5fbbb78",
        "x-ms-routing-request-id": "SOUTHEASTASIA:20220321T055703Z:0682819c-ac9a-40a1-bc60-3448d4dc520b",
        "x-ms-served-by": "5903d229-c5b7-4ccc-99bb-56b74d1dd58c_132454890361139936,5903d229-c5b7-4ccc-99bb-56b74d1dd58c_132454890361139936"
      },
      "ResponseBody": {
        "startTime": "2022-03-21T05:54:59.8579118\u002B00:00",
        "status": "InProgress",
        "name": "ce56b373-bb2b-4603-9e14-057a7469e6c3"
      }
    },
    {
      "RequestUri": "https://management.azure.com/subscriptions/00000000-0000-0000-0000-000000000000/providers/Microsoft.Compute/locations/eastus/capsOperations/ce56b373-bb2b-4603-9e14-057a7469e6c3?api-version=2021-10-01",
      "RequestMethod": "GET",
      "RequestHeaders": {
        "Accept": "*/*",
        "Accept-Encoding": "gzip, deflate",
        "Authorization": "Sanitized",
        "Connection": "keep-alive",
        "User-Agent": "azsdk-python-azure-mgmt-compute/26.1.0 Python/3.9.8 (Windows-10-10.0.22000)",
        "x-ms-client-request-id": "6ff8bedd-a8db-11ec-af9a-c809a8c836e6"
      },
      "RequestBody": null,
      "StatusCode": 200,
      "ResponseHeaders": {
        "Cache-Control": "no-cache",
        "Content-Encoding": "gzip",
        "Content-Type": "application/json; charset=utf-8",
        "Date": "Mon, 21 Mar 2022 05:58:03 GMT",
        "Expires": "-1",
        "Pragma": "no-cache",
        "Retry-After": "60",
        "Server": [
          "Microsoft-HTTPAPI/2.0",
          "Microsoft-HTTPAPI/2.0"
        ],
        "Strict-Transport-Security": "max-age=31536000; includeSubDomains",
        "Transfer-Encoding": "chunked",
        "Vary": "Accept-Encoding",
        "X-Content-Type-Options": "nosniff",
        "x-ms-correlation-request-id": "6c5dfeb0-887e-4201-8e5e-2988ca3437d6",
        "x-ms-ratelimit-remaining-resource": "Microsoft.Compute/GetOperationStatus3Min;1195,Microsoft.Compute/GetOperationStatus30Min;4191",
        "x-ms-ratelimit-remaining-subscription-reads": "11959",
        "x-ms-request-id": "54856683-e8b8-4a68-8a35-7a4c91b40a3f",
        "x-ms-routing-request-id": "SOUTHEASTASIA:20220321T055803Z:6c5dfeb0-887e-4201-8e5e-2988ca3437d6",
        "x-ms-served-by": "5903d229-c5b7-4ccc-99bb-56b74d1dd58c_132454890361139936,5903d229-c5b7-4ccc-99bb-56b74d1dd58c_132454890361139936"
      },
      "ResponseBody": {
        "startTime": "2022-03-21T05:54:59.8579118\u002B00:00",
        "status": "InProgress",
        "name": "ce56b373-bb2b-4603-9e14-057a7469e6c3"
      }
    },
    {
      "RequestUri": "https://management.azure.com/subscriptions/00000000-0000-0000-0000-000000000000/providers/Microsoft.Compute/locations/eastus/capsOperations/ce56b373-bb2b-4603-9e14-057a7469e6c3?api-version=2021-10-01",
      "RequestMethod": "GET",
      "RequestHeaders": {
        "Accept": "*/*",
        "Accept-Encoding": "gzip, deflate",
        "Authorization": "Sanitized",
        "Connection": "keep-alive",
        "User-Agent": "azsdk-python-azure-mgmt-compute/26.1.0 Python/3.9.8 (Windows-10-10.0.22000)",
        "x-ms-client-request-id": "6ff8bedd-a8db-11ec-af9a-c809a8c836e6"
      },
      "RequestBody": null,
      "StatusCode": 200,
      "ResponseHeaders": {
        "Cache-Control": "no-cache",
        "Content-Encoding": "gzip",
        "Content-Type": "application/json; charset=utf-8",
        "Date": "Mon, 21 Mar 2022 05:59:03 GMT",
        "Expires": "-1",
        "Pragma": "no-cache",
        "Retry-After": "60",
        "Server": [
          "Microsoft-HTTPAPI/2.0",
          "Microsoft-HTTPAPI/2.0"
        ],
        "Strict-Transport-Security": "max-age=31536000; includeSubDomains",
        "Transfer-Encoding": "chunked",
        "Vary": "Accept-Encoding",
        "X-Content-Type-Options": "nosniff",
        "x-ms-correlation-request-id": "e714efd2-0ef7-4964-afa0-243dcacbe163",
        "x-ms-ratelimit-remaining-resource": "Microsoft.Compute/GetOperationStatus3Min;1195,Microsoft.Compute/GetOperationStatus30Min;4189",
        "x-ms-ratelimit-remaining-subscription-reads": "11958",
        "x-ms-request-id": "fd6947b0-e4b9-451b-a990-43101dfb5c0c",
        "x-ms-routing-request-id": "SOUTHEASTASIA:20220321T055904Z:e714efd2-0ef7-4964-afa0-243dcacbe163",
        "x-ms-served-by": "5903d229-c5b7-4ccc-99bb-56b74d1dd58c_132454890361139936,5903d229-c5b7-4ccc-99bb-56b74d1dd58c_132454890361139936"
      },
      "ResponseBody": {
        "startTime": "2022-03-21T05:54:59.8579118\u002B00:00",
        "status": "InProgress",
        "name": "ce56b373-bb2b-4603-9e14-057a7469e6c3"
      }
    },
    {
      "RequestUri": "https://management.azure.com/subscriptions/00000000-0000-0000-0000-000000000000/providers/Microsoft.Compute/locations/eastus/capsOperations/ce56b373-bb2b-4603-9e14-057a7469e6c3?api-version=2021-10-01",
      "RequestMethod": "GET",
      "RequestHeaders": {
        "Accept": "*/*",
        "Accept-Encoding": "gzip, deflate",
        "Authorization": "Sanitized",
        "Connection": "keep-alive",
        "User-Agent": "azsdk-python-azure-mgmt-compute/26.1.0 Python/3.9.8 (Windows-10-10.0.22000)",
        "x-ms-client-request-id": "6ff8bedd-a8db-11ec-af9a-c809a8c836e6"
      },
      "RequestBody": null,
      "StatusCode": 200,
      "ResponseHeaders": {
        "Cache-Control": "no-cache",
        "Content-Encoding": "gzip",
        "Content-Type": "application/json; charset=utf-8",
        "Date": "Mon, 21 Mar 2022 06:00:04 GMT",
        "Expires": "-1",
        "Pragma": "no-cache",
        "Retry-After": "60",
        "Server": [
          "Microsoft-HTTPAPI/2.0",
          "Microsoft-HTTPAPI/2.0"
        ],
        "Strict-Transport-Security": "max-age=31536000; includeSubDomains",
        "Transfer-Encoding": "chunked",
        "Vary": "Accept-Encoding",
        "X-Content-Type-Options": "nosniff",
        "x-ms-correlation-request-id": "6804819b-c8ed-4c43-bd4e-2395d7e6489d",
        "x-ms-ratelimit-remaining-resource": "Microsoft.Compute/GetOperationStatus3Min;1195,Microsoft.Compute/GetOperationStatus30Min;4187",
        "x-ms-ratelimit-remaining-subscription-reads": "11957",
        "x-ms-request-id": "6af1723b-880d-4ea3-86c5-b018b3b2fafc",
        "x-ms-routing-request-id": "SOUTHEASTASIA:20220321T060004Z:6804819b-c8ed-4c43-bd4e-2395d7e6489d",
        "x-ms-served-by": "5903d229-c5b7-4ccc-99bb-56b74d1dd58c_132454890361139936,5903d229-c5b7-4ccc-99bb-56b74d1dd58c_132454890361139936"
      },
      "ResponseBody": {
        "startTime": "2022-03-21T05:54:59.8579118\u002B00:00",
        "status": "InProgress",
        "name": "ce56b373-bb2b-4603-9e14-057a7469e6c3"
      }
    },
    {
      "RequestUri": "https://management.azure.com/subscriptions/00000000-0000-0000-0000-000000000000/providers/Microsoft.Compute/locations/eastus/capsOperations/ce56b373-bb2b-4603-9e14-057a7469e6c3?api-version=2021-10-01",
      "RequestMethod": "GET",
      "RequestHeaders": {
        "Accept": "*/*",
        "Accept-Encoding": "gzip, deflate",
        "Authorization": "Sanitized",
        "Connection": "keep-alive",
        "User-Agent": "azsdk-python-azure-mgmt-compute/26.1.0 Python/3.9.8 (Windows-10-10.0.22000)",
        "x-ms-client-request-id": "6ff8bedd-a8db-11ec-af9a-c809a8c836e6"
      },
      "RequestBody": null,
      "StatusCode": 200,
      "ResponseHeaders": {
        "Cache-Control": "no-cache",
        "Content-Encoding": "gzip",
        "Content-Type": "application/json; charset=utf-8",
        "Date": "Mon, 21 Mar 2022 06:01:04 GMT",
        "Expires": "-1",
        "Pragma": "no-cache",
        "Retry-After": "60",
        "Server": [
          "Microsoft-HTTPAPI/2.0",
          "Microsoft-HTTPAPI/2.0"
        ],
        "Strict-Transport-Security": "max-age=31536000; includeSubDomains",
        "Transfer-Encoding": "chunked",
        "Vary": "Accept-Encoding",
        "X-Content-Type-Options": "nosniff",
        "x-ms-correlation-request-id": "3093eab5-6d99-4173-b040-3c2bdd4fb0ca",
        "x-ms-ratelimit-remaining-resource": "Microsoft.Compute/GetOperationStatus3Min;1195,Microsoft.Compute/GetOperationStatus30Min;4185",
        "x-ms-ratelimit-remaining-subscription-reads": "11956",
        "x-ms-request-id": "1f4e2177-0ff4-4dfc-b4b9-0934b44a2f25",
        "x-ms-routing-request-id": "SOUTHEASTASIA:20220321T060104Z:3093eab5-6d99-4173-b040-3c2bdd4fb0ca",
        "x-ms-served-by": "5903d229-c5b7-4ccc-99bb-56b74d1dd58c_132454890361139936,5903d229-c5b7-4ccc-99bb-56b74d1dd58c_132454890361139936"
      },
      "ResponseBody": {
        "startTime": "2022-03-21T05:54:59.8579118\u002B00:00",
        "status": "InProgress",
        "name": "ce56b373-bb2b-4603-9e14-057a7469e6c3"
      }
    },
    {
      "RequestUri": "https://management.azure.com/subscriptions/00000000-0000-0000-0000-000000000000/providers/Microsoft.Compute/locations/eastus/capsOperations/ce56b373-bb2b-4603-9e14-057a7469e6c3?api-version=2021-10-01",
      "RequestMethod": "GET",
      "RequestHeaders": {
        "Accept": "*/*",
        "Accept-Encoding": "gzip, deflate",
        "Authorization": "Sanitized",
        "Connection": "keep-alive",
        "User-Agent": "azsdk-python-azure-mgmt-compute/26.1.0 Python/3.9.8 (Windows-10-10.0.22000)",
        "x-ms-client-request-id": "6ff8bedd-a8db-11ec-af9a-c809a8c836e6"
      },
      "RequestBody": null,
      "StatusCode": 200,
      "ResponseHeaders": {
        "Cache-Control": "no-cache",
        "Content-Encoding": "gzip",
        "Content-Type": "application/json; charset=utf-8",
        "Date": "Mon, 21 Mar 2022 06:02:05 GMT",
        "Expires": "-1",
        "Pragma": "no-cache",
        "Retry-After": "60",
        "Server": [
          "Microsoft-HTTPAPI/2.0",
          "Microsoft-HTTPAPI/2.0"
        ],
        "Strict-Transport-Security": "max-age=31536000; includeSubDomains",
        "Transfer-Encoding": "chunked",
        "Vary": "Accept-Encoding",
        "X-Content-Type-Options": "nosniff",
        "x-ms-correlation-request-id": "a5c99782-c960-4fb4-8223-ead2e62ab6d1",
        "x-ms-ratelimit-remaining-resource": "Microsoft.Compute/GetOperationStatus3Min;1195,Microsoft.Compute/GetOperationStatus30Min;4183",
        "x-ms-ratelimit-remaining-subscription-reads": "11955",
        "x-ms-request-id": "6a4e21e9-7926-421d-80ec-81f7888b2b19",
        "x-ms-routing-request-id": "SOUTHEASTASIA:20220321T060205Z:a5c99782-c960-4fb4-8223-ead2e62ab6d1",
        "x-ms-served-by": "5903d229-c5b7-4ccc-99bb-56b74d1dd58c_132454890361139936,5903d229-c5b7-4ccc-99bb-56b74d1dd58c_132454890361139936"
      },
      "ResponseBody": {
        "startTime": "2022-03-21T05:54:59.8579118\u002B00:00",
        "status": "InProgress",
        "name": "ce56b373-bb2b-4603-9e14-057a7469e6c3"
      }
    },
    {
      "RequestUri": "https://management.azure.com/subscriptions/00000000-0000-0000-0000-000000000000/providers/Microsoft.Compute/locations/eastus/capsOperations/ce56b373-bb2b-4603-9e14-057a7469e6c3?api-version=2021-10-01",
      "RequestMethod": "GET",
      "RequestHeaders": {
        "Accept": "*/*",
        "Accept-Encoding": "gzip, deflate",
        "Authorization": "Sanitized",
        "Connection": "keep-alive",
        "User-Agent": "azsdk-python-azure-mgmt-compute/26.1.0 Python/3.9.8 (Windows-10-10.0.22000)",
        "x-ms-client-request-id": "6ff8bedd-a8db-11ec-af9a-c809a8c836e6"
      },
      "RequestBody": null,
      "StatusCode": 200,
      "ResponseHeaders": {
        "Cache-Control": "no-cache",
        "Content-Encoding": "gzip",
        "Content-Type": "application/json; charset=utf-8",
        "Date": "Mon, 21 Mar 2022 06:03:05 GMT",
        "Expires": "-1",
        "Pragma": "no-cache",
        "Server": [
          "Microsoft-HTTPAPI/2.0",
          "Microsoft-HTTPAPI/2.0"
        ],
        "Strict-Transport-Security": "max-age=31536000; includeSubDomains",
        "Transfer-Encoding": "chunked",
        "Vary": "Accept-Encoding",
        "X-Content-Type-Options": "nosniff",
        "x-ms-correlation-request-id": "ef15da2b-06d1-4fbe-915a-a8fa658c3702",
        "x-ms-ratelimit-remaining-resource": "Microsoft.Compute/GetOperationStatus3Min;1195,Microsoft.Compute/GetOperationStatus30Min;4181",
        "x-ms-ratelimit-remaining-subscription-reads": "11954",
        "x-ms-request-id": "b5717b58-f886-4768-a3d7-78e449880004",
        "x-ms-routing-request-id": "SOUTHEASTASIA:20220321T060306Z:ef15da2b-06d1-4fbe-915a-a8fa658c3702",
        "x-ms-served-by": "5903d229-c5b7-4ccc-99bb-56b74d1dd58c_132454890361139936,5903d229-c5b7-4ccc-99bb-56b74d1dd58c_132454890361139936"
      },
      "ResponseBody": {
        "startTime": "2022-03-21T05:54:59.8579118\u002B00:00",
        "endTime": "2022-03-21T06:02:33.5283906\u002B00:00",
        "status": "Succeeded",
        "name": "ce56b373-bb2b-4603-9e14-057a7469e6c3"
      }
    },
    {
      "RequestUri": "https://management.azure.com/subscriptions/00000000-0000-0000-0000-000000000000/resourceGroups/rgname/providers/Microsoft.Compute/galleries/galleryname4a232cfa/images/imagex4a232cfa/versions/1.0.0?api-version=2021-10-01",
      "RequestMethod": "GET",
      "RequestHeaders": {
        "Accept": "*/*",
        "Accept-Encoding": "gzip, deflate",
        "Authorization": "Sanitized",
        "Connection": "keep-alive",
        "User-Agent": "azsdk-python-azure-mgmt-compute/26.1.0 Python/3.9.8 (Windows-10-10.0.22000)",
        "x-ms-client-request-id": "6ff8bedd-a8db-11ec-af9a-c809a8c836e6"
      },
      "RequestBody": null,
      "StatusCode": 200,
      "ResponseHeaders": {
        "Cache-Control": "no-cache",
        "Content-Encoding": "gzip",
        "Content-Type": "application/json; charset=utf-8",
        "Date": "Mon, 21 Mar 2022 06:03:06 GMT",
        "Expires": "-1",
        "Pragma": "no-cache",
        "Server": [
          "Microsoft-HTTPAPI/2.0",
          "Microsoft-HTTPAPI/2.0"
        ],
        "Strict-Transport-Security": "max-age=31536000; includeSubDomains",
        "Transfer-Encoding": "chunked",
        "Vary": "Accept-Encoding",
        "X-Content-Type-Options": "nosniff",
        "x-ms-correlation-request-id": "0f9226e2-ed8c-4734-82e9-e4440cce1f82",
        "x-ms-ratelimit-remaining-resource": "Microsoft.Compute/GetGalleryImageVersion3Min;1999,Microsoft.Compute/GetGalleryImageVersion30Min;9997",
        "x-ms-ratelimit-remaining-subscription-reads": "11953",
        "x-ms-request-id": "a5ebe73c-28c4-48b5-aaad-c5957f4be216",
        "x-ms-routing-request-id": "SOUTHEASTASIA:20220321T060306Z:0f9226e2-ed8c-4734-82e9-e4440cce1f82",
        "x-ms-served-by": "5903d229-c5b7-4ccc-99bb-56b74d1dd58c_132454890361139936,5903d229-c5b7-4ccc-99bb-56b74d1dd58c_132454890361139936"
      },
      "ResponseBody": {
        "name": "1.0.0",
        "id": "/subscriptions/00000000-0000-0000-0000-000000000000/resourceGroups/rgname/providers/Microsoft.Compute/galleries/galleryname4a232cfa/images/imagex4a232cfa/versions/1.0.0",
        "type": "Microsoft.Compute/galleries/images/versions",
        "location": "eastus",
        "properties": {
          "publishingProfile": {
            "targetRegions": [
              {
                "name": "East US",
                "regionalReplicaCount": 2,
                "storageAccountType": "Standard_ZRS"
              }
            ],
            "replicaCount": 1,
            "excludeFromLatest": false,
            "publishedDate": "2022-03-21T05:54:59.8735134\u002B00:00",
            "storageAccountType": "Standard_LRS"
          },
          "storageProfile": {
            "osDiskImage": {
              "sizeInGB": 200,
              "hostCaching": "ReadOnly",
              "source": {
                "id": "/subscriptions/00000000-0000-0000-0000-000000000000/resourceGroups/rgname/providers/Microsoft.Compute/snapshots/snapshotname4a232cfa"
              }
            }
          },
          "provisioningState": "Succeeded"
        }
      }
    },
    {
      "RequestUri": "https://management.azure.com/subscriptions/00000000-0000-0000-0000-000000000000/resourceGroups/rgname/providers/Microsoft.Compute/galleries/galleryname4a232cfa/images/imagex4a232cfa/versions/1.0.0?api-version=2021-10-01",
      "RequestMethod": "GET",
      "RequestHeaders": {
        "Accept": "application/json",
        "Accept-Encoding": "gzip, deflate",
        "Authorization": "Sanitized",
        "Connection": "keep-alive",
        "User-Agent": "azsdk-python-azure-mgmt-compute/26.1.0 Python/3.9.8 (Windows-10-10.0.22000)",
        "x-ms-client-request-id": "933d8b65-a8dc-11ec-a955-c809a8c836e6"
      },
      "RequestBody": null,
      "StatusCode": 200,
      "ResponseHeaders": {
        "Cache-Control": "no-cache",
        "Content-Encoding": "gzip",
        "Content-Type": "application/json; charset=utf-8",
        "Date": "Mon, 21 Mar 2022 06:03:06 GMT",
        "Expires": "-1",
        "Pragma": "no-cache",
        "Server": [
          "Microsoft-HTTPAPI/2.0",
          "Microsoft-HTTPAPI/2.0"
        ],
        "Strict-Transport-Security": "max-age=31536000; includeSubDomains",
        "Transfer-Encoding": "chunked",
        "Vary": "Accept-Encoding",
        "X-Content-Type-Options": "nosniff",
        "x-ms-correlation-request-id": "094c49df-b4d4-438c-b5ed-552f0a90fb1b",
        "x-ms-ratelimit-remaining-resource": "Microsoft.Compute/GetGalleryImageVersion3Min;1998,Microsoft.Compute/GetGalleryImageVersion30Min;9996",
        "x-ms-ratelimit-remaining-subscription-reads": "11952",
        "x-ms-request-id": "925aeddf-31aa-4a82-9e33-d4d0a27c6549",
        "x-ms-routing-request-id": "SOUTHEASTASIA:20220321T060306Z:094c49df-b4d4-438c-b5ed-552f0a90fb1b",
        "x-ms-served-by": "5903d229-c5b7-4ccc-99bb-56b74d1dd58c_132454890361139936,5903d229-c5b7-4ccc-99bb-56b74d1dd58c_132454890361139936"
      },
      "ResponseBody": {
        "name": "1.0.0",
        "id": "/subscriptions/00000000-0000-0000-0000-000000000000/resourceGroups/rgname/providers/Microsoft.Compute/galleries/galleryname4a232cfa/images/imagex4a232cfa/versions/1.0.0",
        "type": "Microsoft.Compute/galleries/images/versions",
        "location": "eastus",
        "properties": {
          "publishingProfile": {
            "targetRegions": [
              {
                "name": "East US",
                "regionalReplicaCount": 2,
                "storageAccountType": "Standard_ZRS"
              }
            ],
            "replicaCount": 1,
            "excludeFromLatest": false,
            "publishedDate": "2022-03-21T05:54:59.8735134\u002B00:00",
            "storageAccountType": "Standard_LRS"
          },
          "storageProfile": {
            "osDiskImage": {
              "sizeInGB": 200,
              "hostCaching": "ReadOnly",
              "source": {
                "id": "/subscriptions/00000000-0000-0000-0000-000000000000/resourceGroups/rgname/providers/Microsoft.Compute/snapshots/snapshotname4a232cfa"
              }
            }
          },
          "provisioningState": "Succeeded"
        }
      }
    },
    {
      "RequestUri": "https://management.azure.com/subscriptions/00000000-0000-0000-0000-000000000000/resourceGroups/rgname/providers/Microsoft.Compute/galleries/galleryname4a232cfa/images/imagex4a232cfa?api-version=2021-10-01",
      "RequestMethod": "GET",
      "RequestHeaders": {
        "Accept": "application/json",
        "Accept-Encoding": "gzip, deflate",
        "Authorization": "Sanitized",
        "Connection": "keep-alive",
        "User-Agent": "azsdk-python-azure-mgmt-compute/26.1.0 Python/3.9.8 (Windows-10-10.0.22000)",
        "x-ms-client-request-id": "937104a3-a8dc-11ec-b36d-c809a8c836e6"
      },
      "RequestBody": null,
      "StatusCode": 200,
      "ResponseHeaders": {
        "Cache-Control": "no-cache",
        "Content-Encoding": "gzip",
        "Content-Type": "application/json; charset=utf-8",
        "Date": "Mon, 21 Mar 2022 06:03:06 GMT",
        "Expires": "-1",
        "Pragma": "no-cache",
        "Server": [
          "Microsoft-HTTPAPI/2.0",
          "Microsoft-HTTPAPI/2.0"
        ],
        "Strict-Transport-Security": "max-age=31536000; includeSubDomains",
        "Transfer-Encoding": "chunked",
        "Vary": "Accept-Encoding",
        "X-Content-Type-Options": "nosniff",
        "x-ms-correlation-request-id": "06bac026-5aaf-47b1-8511-0151f0930c93",
        "x-ms-ratelimit-remaining-resource": "Microsoft.Compute/GetGalleryImage3Min;599,Microsoft.Compute/GetGalleryImage30Min;2994",
        "x-ms-ratelimit-remaining-subscription-reads": "11951",
        "x-ms-request-id": "fe6105e6-0617-411f-a95a-58f6bb566672",
        "x-ms-routing-request-id": "SOUTHEASTASIA:20220321T060307Z:06bac026-5aaf-47b1-8511-0151f0930c93",
        "x-ms-served-by": "5903d229-c5b7-4ccc-99bb-56b74d1dd58c_132454890361139936,5903d229-c5b7-4ccc-99bb-56b74d1dd58c_132454890361139936"
      },
      "ResponseBody": {
        "name": "imagex4a232cfa",
        "id": "/subscriptions/00000000-0000-0000-0000-000000000000/resourceGroups/rgname/providers/Microsoft.Compute/galleries/galleryname4a232cfa/images/imagex4a232cfa",
        "type": "Microsoft.Compute/galleries/images",
        "location": "eastus",
        "properties": {
          "hyperVGeneration": "V1",
          "architecture": "x64",
          "osType": "Windows",
          "osState": "Generalized",
          "identifier": {
            "publisher": "myPublisherName",
            "offer": "myOfferName",
            "sku": "mySkuName"
          },
          "provisioningState": "Succeeded"
        }
      }
    },
    {
      "RequestUri": "https://management.azure.com/subscriptions/00000000-0000-0000-0000-000000000000/resourceGroups/rgname/providers/Microsoft.Compute/galleries/galleryname4a232cfa/applications/applicationname4a232cfa?api-version=2021-10-01",
      "RequestMethod": "GET",
      "RequestHeaders": {
        "Accept": "application/json",
        "Accept-Encoding": "gzip, deflate",
        "Authorization": "Sanitized",
        "Connection": "keep-alive",
        "User-Agent": "azsdk-python-azure-mgmt-compute/26.1.0 Python/3.9.8 (Windows-10-10.0.22000)",
        "x-ms-client-request-id": "93a43531-a8dc-11ec-8782-c809a8c836e6"
      },
      "RequestBody": null,
      "StatusCode": 200,
      "ResponseHeaders": {
        "Cache-Control": "no-cache",
        "Content-Encoding": "gzip",
        "Content-Type": "application/json; charset=utf-8",
        "Date": "Mon, 21 Mar 2022 06:03:07 GMT",
        "Expires": "-1",
        "Pragma": "no-cache",
        "Server": [
          "Microsoft-HTTPAPI/2.0",
          "Microsoft-HTTPAPI/2.0"
        ],
        "Strict-Transport-Security": "max-age=31536000; includeSubDomains",
        "Transfer-Encoding": "chunked",
        "Vary": "Accept-Encoding",
        "X-Content-Type-Options": "nosniff",
        "x-ms-correlation-request-id": "d16e276e-6a77-4256-9877-3a4f6a2119f2",
        "x-ms-ratelimit-remaining-resource": "Microsoft.Compute/GetGalleryApplication3Min;299,Microsoft.Compute/GetGalleryApplication30Min;1996",
        "x-ms-ratelimit-remaining-subscription-reads": "11950",
        "x-ms-request-id": "c35912c2-df18-481b-8ea1-8f177810c93c",
        "x-ms-routing-request-id": "SOUTHEASTASIA:20220321T060307Z:d16e276e-6a77-4256-9877-3a4f6a2119f2",
        "x-ms-served-by": "5903d229-c5b7-4ccc-99bb-56b74d1dd58c_132454890361139936,5903d229-c5b7-4ccc-99bb-56b74d1dd58c_132454890361139936"
      },
      "ResponseBody": {
        "name": "applicationname4a232cfa",
        "id": "/subscriptions/00000000-0000-0000-0000-000000000000/resourceGroups/rgname/providers/Microsoft.Compute/galleries/galleryname4a232cfa/applications/applicationname4a232cfa",
        "type": "Microsoft.Compute/galleries/applications",
        "location": "eastus",
        "properties": {
          "supportedOSType": "Windows",
          "description": "This is the gallery application description.",
          "eula": "This is the gallery application EULA."
        }
      }
    },
    {
      "RequestUri": "https://management.azure.com/subscriptions/00000000-0000-0000-0000-000000000000/resourceGroups/rgname/providers/Microsoft.Compute/galleries/galleryname4a232cfa?api-version=2021-10-01",
      "RequestMethod": "GET",
      "RequestHeaders": {
        "Accept": "application/json",
        "Accept-Encoding": "gzip, deflate",
        "Authorization": "Sanitized",
        "Connection": "keep-alive",
        "User-Agent": "azsdk-python-azure-mgmt-compute/26.1.0 Python/3.9.8 (Windows-10-10.0.22000)",
        "x-ms-client-request-id": "93d6d97b-a8dc-11ec-930d-c809a8c836e6"
      },
      "RequestBody": null,
      "StatusCode": 200,
      "ResponseHeaders": {
        "Cache-Control": "no-cache",
        "Content-Encoding": "gzip",
        "Content-Type": "application/json; charset=utf-8",
        "Date": "Mon, 21 Mar 2022 06:03:07 GMT",
        "Expires": "-1",
        "Pragma": "no-cache",
        "Server": [
          "Microsoft-HTTPAPI/2.0",
          "Microsoft-HTTPAPI/2.0"
        ],
        "Strict-Transport-Security": "max-age=31536000; includeSubDomains",
        "Transfer-Encoding": "chunked",
        "Vary": "Accept-Encoding",
        "X-Content-Type-Options": "nosniff",
        "x-ms-correlation-request-id": "cb15fefe-179d-4779-b80f-25ac9bed4490",
        "x-ms-ratelimit-remaining-resource": "Microsoft.Compute/GetGallery3Min;349,Microsoft.Compute/GetGallery30Min;2494",
        "x-ms-ratelimit-remaining-subscription-reads": "11949",
        "x-ms-request-id": "f6af7cd5-679d-41af-aed5-8dabd5b42701",
        "x-ms-routing-request-id": "SOUTHEASTASIA:20220321T060307Z:cb15fefe-179d-4779-b80f-25ac9bed4490",
        "x-ms-served-by": "5903d229-c5b7-4ccc-99bb-56b74d1dd58c_132454890361139936,5903d229-c5b7-4ccc-99bb-56b74d1dd58c_132454890361139936"
      },
      "ResponseBody": {
        "name": "galleryname4a232cfa",
        "id": "/subscriptions/00000000-0000-0000-0000-000000000000/resourceGroups/rgname/providers/Microsoft.Compute/galleries/galleryname4a232cfa",
        "type": "Microsoft.Compute/galleries",
        "location": "eastus",
        "properties": {
          "description": "This is the gallery description.",
          "identifier": {
            "uniqueName": "00000000-0000-0000-0000-000000000000-GALLERYNAME4A232CFA"
          },
          "provisioningState": "Succeeded"
        }
      }
    },
    {
      "RequestUri": "https://management.azure.com/subscriptions/00000000-0000-0000-0000-000000000000/resourceGroups/rgname/providers/Microsoft.Compute/galleries/galleryname4a232cfa/images/imagex4a232cfa/versions/1.0.0?api-version=2021-10-01",
      "RequestMethod": "PATCH",
      "RequestHeaders": {
        "Accept": "application/json",
        "Accept-Encoding": "gzip, deflate",
        "Authorization": "Sanitized",
        "Connection": "keep-alive",
        "Content-Length": "362",
        "Content-Type": "application/json",
        "User-Agent": "azsdk-python-azure-mgmt-compute/26.1.0 Python/3.9.8 (Windows-10-10.0.22000)",
        "x-ms-client-request-id": "940bd06c-a8dc-11ec-845e-c809a8c836e6"
      },
      "RequestBody": {
        "properties": {
          "publishingProfile": {
            "targetRegions": [
              {
                "name": "East US",
                "regionalReplicaCount": 2,
                "storageAccountType": "Standard_ZRS"
              }
            ]
          },
          "storageProfile": {
            "osDiskImage": {
              "hostCaching": "ReadOnly",
              "source": {
                "id": "/subscriptions/00000000-0000-0000-0000-000000000000/resourceGroups/rgname/providers/Microsoft.Compute/snapshots/snapshotname4a232cfa"
              }
            }
          }
        }
      },
      "StatusCode": 200,
      "ResponseHeaders": {
        "Azure-AsyncOperation": "https://management.azure.com/subscriptions/00000000-0000-0000-0000-000000000000/providers/Microsoft.Compute/locations/eastus/capsOperations/b163671c-6a18-4ccc-9e6e-14a6cc7eb7a8?api-version=2021-10-01",
        "Cache-Control": "no-cache",
        "Content-Encoding": "gzip",
        "Content-Type": "application/json; charset=utf-8",
        "Date": "Mon, 21 Mar 2022 06:03:07 GMT",
        "Expires": "-1",
        "Pragma": "no-cache",
        "Retry-After": "60",
        "Server": [
          "Microsoft-HTTPAPI/2.0",
          "Microsoft-HTTPAPI/2.0"
        ],
        "Strict-Transport-Security": "max-age=31536000; includeSubDomains",
        "Transfer-Encoding": "chunked",
        "Vary": "Accept-Encoding",
        "X-Content-Type-Options": "nosniff",
        "x-ms-correlation-request-id": "6964350a-e6b5-4efd-9e14-dcac8161d11d",
        "x-ms-ratelimit-remaining-resource": "Microsoft.Compute/CreateUpdateGalleryImageVersion3Min;374,Microsoft.Compute/CreateUpdateGalleryImageVersion30Min;1198",
        "x-ms-ratelimit-remaining-subscription-writes": "1186",
        "x-ms-request-id": "b163671c-6a18-4ccc-9e6e-14a6cc7eb7a8",
        "x-ms-routing-request-id": "SOUTHEASTASIA:20220321T060308Z:6964350a-e6b5-4efd-9e14-dcac8161d11d",
        "x-ms-served-by": "5903d229-c5b7-4ccc-99bb-56b74d1dd58c_132454890361139936,5903d229-c5b7-4ccc-99bb-56b74d1dd58c_132454890361139936"
      },
      "ResponseBody": {
        "name": "1.0.0",
        "id": "/subscriptions/00000000-0000-0000-0000-000000000000/resourceGroups/rgname/providers/Microsoft.Compute/galleries/galleryname4a232cfa/images/imagex4a232cfa/versions/1.0.0",
        "type": "Microsoft.Compute/galleries/images/versions",
        "location": "eastus",
        "properties": {
          "publishingProfile": {
            "targetRegions": [
              {
                "name": "East US",
                "regionalReplicaCount": 2,
                "storageAccountType": "Standard_ZRS"
              }
            ],
            "replicaCount": 1,
            "excludeFromLatest": false,
            "publishedDate": "2022-03-21T05:54:59.8735134\u002B00:00",
            "storageAccountType": "Standard_LRS"
          },
          "storageProfile": {
            "osDiskImage": {
              "sizeInGB": 200,
              "hostCaching": "ReadOnly",
              "source": {
                "id": "/subscriptions/00000000-0000-0000-0000-000000000000/resourceGroups/rgname/providers/Microsoft.Compute/snapshots/snapshotname4a232cfa"
              }
            }
          },
          "provisioningState": "Updating"
        }
      }
    },
    {
      "RequestUri": "https://management.azure.com/subscriptions/00000000-0000-0000-0000-000000000000/providers/Microsoft.Compute/locations/eastus/capsOperations/b163671c-6a18-4ccc-9e6e-14a6cc7eb7a8?api-version=2021-10-01",
      "RequestMethod": "GET",
      "RequestHeaders": {
        "Accept": "*/*",
        "Accept-Encoding": "gzip, deflate",
        "Authorization": "Sanitized",
        "Connection": "keep-alive",
        "User-Agent": "azsdk-python-azure-mgmt-compute/26.1.0 Python/3.9.8 (Windows-10-10.0.22000)",
        "x-ms-client-request-id": "940bd06c-a8dc-11ec-845e-c809a8c836e6"
      },
      "RequestBody": null,
      "StatusCode": 200,
      "ResponseHeaders": {
        "Cache-Control": "no-cache",
        "Content-Encoding": "gzip",
        "Content-Type": "application/json; charset=utf-8",
        "Date": "Mon, 21 Mar 2022 06:04:08 GMT",
        "Expires": "-1",
        "Pragma": "no-cache",
        "Retry-After": "60",
        "Server": [
          "Microsoft-HTTPAPI/2.0",
          "Microsoft-HTTPAPI/2.0"
        ],
        "Strict-Transport-Security": "max-age=31536000; includeSubDomains",
        "Transfer-Encoding": "chunked",
        "Vary": "Accept-Encoding",
        "X-Content-Type-Options": "nosniff",
        "x-ms-correlation-request-id": "e7d38206-faf9-4905-9079-5887d33af5bc",
        "x-ms-ratelimit-remaining-resource": "Microsoft.Compute/GetOperationStatus3Min;1195,Microsoft.Compute/GetOperationStatus30Min;4179",
        "x-ms-ratelimit-remaining-subscription-reads": "11948",
        "x-ms-request-id": "fb001655-3670-4a0c-8238-49f5978b9521",
        "x-ms-routing-request-id": "SOUTHEASTASIA:20220321T060408Z:e7d38206-faf9-4905-9079-5887d33af5bc",
        "x-ms-served-by": "5903d229-c5b7-4ccc-99bb-56b74d1dd58c_132454890361139936,5903d229-c5b7-4ccc-99bb-56b74d1dd58c_132454890361139936"
      },
      "ResponseBody": {
        "startTime": "2022-03-21T06:03:08.2314754\u002B00:00",
        "status": "InProgress",
        "name": "b163671c-6a18-4ccc-9e6e-14a6cc7eb7a8"
      }
    },
    {
      "RequestUri": "https://management.azure.com/subscriptions/00000000-0000-0000-0000-000000000000/providers/Microsoft.Compute/locations/eastus/capsOperations/b163671c-6a18-4ccc-9e6e-14a6cc7eb7a8?api-version=2021-10-01",
      "RequestMethod": "GET",
      "RequestHeaders": {
        "Accept": "*/*",
        "Accept-Encoding": "gzip, deflate",
        "Authorization": "Sanitized",
        "Connection": "keep-alive",
        "User-Agent": "azsdk-python-azure-mgmt-compute/26.1.0 Python/3.9.8 (Windows-10-10.0.22000)",
        "x-ms-client-request-id": "940bd06c-a8dc-11ec-845e-c809a8c836e6"
      },
      "RequestBody": null,
      "StatusCode": 200,
      "ResponseHeaders": {
        "Cache-Control": "no-cache",
        "Content-Encoding": "gzip",
        "Content-Type": "application/json; charset=utf-8",
        "Date": "Mon, 21 Mar 2022 06:05:09 GMT",
        "Expires": "-1",
        "Pragma": "no-cache",
        "Retry-After": "60",
        "Server": [
          "Microsoft-HTTPAPI/2.0",
          "Microsoft-HTTPAPI/2.0"
        ],
        "Strict-Transport-Security": "max-age=31536000; includeSubDomains",
        "Transfer-Encoding": "chunked",
        "Vary": "Accept-Encoding",
        "X-Content-Type-Options": "nosniff",
        "x-ms-correlation-request-id": "f6ff92d8-cbbd-4541-b815-23bb10b78a05",
        "x-ms-ratelimit-remaining-resource": "Microsoft.Compute/GetOperationStatus3Min;1196,Microsoft.Compute/GetOperationStatus30Min;4178",
        "x-ms-ratelimit-remaining-subscription-reads": "11947",
        "x-ms-request-id": "6a8933d5-a9f9-4250-ab0a-09e1388094d3",
        "x-ms-routing-request-id": "SOUTHEASTASIA:20220321T060509Z:f6ff92d8-cbbd-4541-b815-23bb10b78a05",
        "x-ms-served-by": "5903d229-c5b7-4ccc-99bb-56b74d1dd58c_132454890361139936,5903d229-c5b7-4ccc-99bb-56b74d1dd58c_132454890361139936"
      },
      "ResponseBody": {
        "startTime": "2022-03-21T06:03:08.2314754\u002B00:00",
        "status": "InProgress",
        "name": "b163671c-6a18-4ccc-9e6e-14a6cc7eb7a8"
      }
    },
    {
      "RequestUri": "https://management.azure.com/subscriptions/00000000-0000-0000-0000-000000000000/providers/Microsoft.Compute/locations/eastus/capsOperations/b163671c-6a18-4ccc-9e6e-14a6cc7eb7a8?api-version=2021-10-01",
      "RequestMethod": "GET",
      "RequestHeaders": {
        "Accept": "*/*",
        "Accept-Encoding": "gzip, deflate",
        "Authorization": "Sanitized",
        "Connection": "keep-alive",
        "User-Agent": "azsdk-python-azure-mgmt-compute/26.1.0 Python/3.9.8 (Windows-10-10.0.22000)",
        "x-ms-client-request-id": "940bd06c-a8dc-11ec-845e-c809a8c836e6"
      },
      "RequestBody": null,
      "StatusCode": 200,
      "ResponseHeaders": {
        "Cache-Control": "no-cache",
        "Content-Encoding": "gzip",
        "Content-Type": "application/json; charset=utf-8",
        "Date": "Mon, 21 Mar 2022 06:06:10 GMT",
        "Expires": "-1",
        "Pragma": "no-cache",
        "Server": [
          "Microsoft-HTTPAPI/2.0",
          "Microsoft-HTTPAPI/2.0"
        ],
        "Strict-Transport-Security": "max-age=31536000; includeSubDomains",
        "Transfer-Encoding": "chunked",
        "Vary": "Accept-Encoding",
        "X-Content-Type-Options": "nosniff",
        "x-ms-correlation-request-id": "41da359c-9914-466b-9960-350757d0a381",
        "x-ms-ratelimit-remaining-resource": "Microsoft.Compute/GetOperationStatus3Min;1197,Microsoft.Compute/GetOperationStatus30Min;4177",
        "x-ms-ratelimit-remaining-subscription-reads": "11946",
        "x-ms-request-id": "b84cf124-5c02-4914-8dbc-7cc85534b41a",
        "x-ms-routing-request-id": "SOUTHEASTASIA:20220321T060610Z:41da359c-9914-466b-9960-350757d0a381",
        "x-ms-served-by": "5903d229-c5b7-4ccc-99bb-56b74d1dd58c_132454890361139936,5903d229-c5b7-4ccc-99bb-56b74d1dd58c_132454890361139936"
      },
      "ResponseBody": {
        "startTime": "2022-03-21T06:03:08.2314754\u002B00:00",
        "endTime": "2022-03-21T06:05:38.434445\u002B00:00",
        "status": "Succeeded",
        "name": "b163671c-6a18-4ccc-9e6e-14a6cc7eb7a8"
      }
    },
    {
      "RequestUri": "https://management.azure.com/subscriptions/00000000-0000-0000-0000-000000000000/resourceGroups/rgname/providers/Microsoft.Compute/galleries/galleryname4a232cfa/images/imagex4a232cfa/versions/1.0.0?api-version=2021-10-01",
      "RequestMethod": "GET",
      "RequestHeaders": {
        "Accept": "*/*",
        "Accept-Encoding": "gzip, deflate",
        "Authorization": "Sanitized",
        "Connection": "keep-alive",
        "User-Agent": "azsdk-python-azure-mgmt-compute/26.1.0 Python/3.9.8 (Windows-10-10.0.22000)",
        "x-ms-client-request-id": "940bd06c-a8dc-11ec-845e-c809a8c836e6"
      },
      "RequestBody": null,
      "StatusCode": 200,
      "ResponseHeaders": {
        "Cache-Control": "no-cache",
        "Content-Encoding": "gzip",
        "Content-Type": "application/json; charset=utf-8",
        "Date": "Mon, 21 Mar 2022 06:06:11 GMT",
        "Expires": "-1",
        "Pragma": "no-cache",
        "Server": [
          "Microsoft-HTTPAPI/2.0",
          "Microsoft-HTTPAPI/2.0"
        ],
        "Strict-Transport-Security": "max-age=31536000; includeSubDomains",
        "Transfer-Encoding": "chunked",
        "Vary": "Accept-Encoding",
        "X-Content-Type-Options": "nosniff",
        "x-ms-correlation-request-id": "fb383faf-2a69-4acf-9a56-273669a380cf",
        "x-ms-ratelimit-remaining-resource": "Microsoft.Compute/GetGalleryImageVersion3Min;1997,Microsoft.Compute/GetGalleryImageVersion30Min;9990",
        "x-ms-ratelimit-remaining-subscription-reads": "11945",
        "x-ms-request-id": "290abd0c-6394-470e-995f-297210173cee",
        "x-ms-routing-request-id": "SOUTHEASTASIA:20220321T060611Z:fb383faf-2a69-4acf-9a56-273669a380cf",
        "x-ms-served-by": "5903d229-c5b7-4ccc-99bb-56b74d1dd58c_132454890361139936,5903d229-c5b7-4ccc-99bb-56b74d1dd58c_132454890361139936"
      },
      "ResponseBody": {
        "name": "1.0.0",
        "id": "/subscriptions/00000000-0000-0000-0000-000000000000/resourceGroups/rgname/providers/Microsoft.Compute/galleries/galleryname4a232cfa/images/imagex4a232cfa/versions/1.0.0",
        "type": "Microsoft.Compute/galleries/images/versions",
        "location": "eastus",
        "properties": {
          "publishingProfile": {
            "targetRegions": [
              {
                "name": "East US",
                "regionalReplicaCount": 2,
                "storageAccountType": "Standard_ZRS"
              }
            ],
            "replicaCount": 1,
            "excludeFromLatest": false,
            "publishedDate": "2022-03-21T05:54:59.8735134\u002B00:00",
            "storageAccountType": "Standard_LRS"
          },
          "storageProfile": {
            "osDiskImage": {
              "sizeInGB": 200,
              "hostCaching": "ReadOnly",
              "source": {
                "id": "/subscriptions/00000000-0000-0000-0000-000000000000/resourceGroups/rgname/providers/Microsoft.Compute/snapshots/snapshotname4a232cfa"
              }
            }
          },
          "provisioningState": "Succeeded"
        }
      }
    },
    {
      "RequestUri": "https://management.azure.com/subscriptions/00000000-0000-0000-0000-000000000000/resourceGroups/rgname/providers/Microsoft.Compute/galleries/galleryname4a232cfa/images/imagex4a232cfa?api-version=2021-10-01",
      "RequestMethod": "PATCH",
      "RequestHeaders": {
        "Accept": "application/json",
        "Accept-Encoding": "gzip, deflate",
        "Authorization": "Sanitized",
        "Connection": "keep-alive",
        "Content-Length": "155",
        "Content-Type": "application/json",
        "User-Agent": "azsdk-python-azure-mgmt-compute/26.1.0 Python/3.9.8 (Windows-10-10.0.22000)",
        "x-ms-client-request-id": "01559f31-a8dd-11ec-a47d-c809a8c836e6"
      },
      "RequestBody": {
        "properties": {
          "osType": "Windows",
          "osState": "Generalized",
          "identifier": {
            "publisher": "myPublisherName",
            "offer": "myOfferName",
            "sku": "mySkuName"
          }
        }
      },
      "StatusCode": 200,
      "ResponseHeaders": {
        "Azure-AsyncOperation": "https://management.azure.com/subscriptions/00000000-0000-0000-0000-000000000000/providers/Microsoft.Compute/locations/eastus/capsOperations/9c0aa6f2-ab63-4f07-8865-d1fdb94a7539?api-version=2021-10-01",
        "Cache-Control": "no-cache",
        "Content-Encoding": "gzip",
        "Content-Type": "application/json; charset=utf-8",
        "Date": "Mon, 21 Mar 2022 06:06:11 GMT",
        "Expires": "-1",
        "Pragma": "no-cache",
        "Server": [
          "Microsoft-HTTPAPI/2.0",
          "Microsoft-HTTPAPI/2.0"
        ],
        "Strict-Transport-Security": "max-age=31536000; includeSubDomains",
        "Transfer-Encoding": "chunked",
        "Vary": "Accept-Encoding",
        "X-Content-Type-Options": "nosniff",
        "x-ms-correlation-request-id": "97d1594b-04b4-446f-8776-80ac0d37e01c",
        "x-ms-ratelimit-remaining-resource": "Microsoft.Compute/CreateUpdateGalleryImage3Min;149,Microsoft.Compute/CreateUpdateGalleryImage30Min;748",
        "x-ms-ratelimit-remaining-subscription-writes": "1185",
        "x-ms-request-id": "9c0aa6f2-ab63-4f07-8865-d1fdb94a7539",
        "x-ms-routing-request-id": "SOUTHEASTASIA:20220321T060611Z:97d1594b-04b4-446f-8776-80ac0d37e01c",
        "x-ms-served-by": "5903d229-c5b7-4ccc-99bb-56b74d1dd58c_132454890361139936,5903d229-c5b7-4ccc-99bb-56b74d1dd58c_132454890361139936"
      },
      "ResponseBody": {
        "name": "imagex4a232cfa",
        "id": "/subscriptions/00000000-0000-0000-0000-000000000000/resourceGroups/rgname/providers/Microsoft.Compute/galleries/galleryname4a232cfa/images/imagex4a232cfa",
        "type": "Microsoft.Compute/galleries/images",
        "location": "eastus",
        "properties": {
          "hyperVGeneration": "V1",
          "architecture": "x64",
          "osType": "Windows",
          "osState": "Generalized",
          "identifier": {
            "publisher": "myPublisherName",
            "offer": "myOfferName",
            "sku": "mySkuName"
          },
          "provisioningState": "Updating"
        }
      }
    },
    {
      "RequestUri": "https://management.azure.com/subscriptions/00000000-0000-0000-0000-000000000000/providers/Microsoft.Compute/locations/eastus/capsOperations/9c0aa6f2-ab63-4f07-8865-d1fdb94a7539?api-version=2021-10-01",
      "RequestMethod": "GET",
      "RequestHeaders": {
        "Accept": "*/*",
        "Accept-Encoding": "gzip, deflate",
        "Authorization": "Sanitized",
        "Connection": "keep-alive",
        "User-Agent": "azsdk-python-azure-mgmt-compute/26.1.0 Python/3.9.8 (Windows-10-10.0.22000)",
        "x-ms-client-request-id": "01559f31-a8dd-11ec-a47d-c809a8c836e6"
      },
      "RequestBody": null,
      "StatusCode": 200,
      "ResponseHeaders": {
        "Cache-Control": "no-cache",
        "Content-Encoding": "gzip",
        "Content-Type": "application/json; charset=utf-8",
        "Date": "Mon, 21 Mar 2022 06:06:41 GMT",
        "Expires": "-1",
        "Pragma": "no-cache",
        "Server": [
          "Microsoft-HTTPAPI/2.0",
          "Microsoft-HTTPAPI/2.0"
        ],
        "Strict-Transport-Security": "max-age=31536000; includeSubDomains",
        "Transfer-Encoding": "chunked",
        "Vary": "Accept-Encoding",
        "X-Content-Type-Options": "nosniff",
        "x-ms-correlation-request-id": "dd704dea-6fd1-4872-8b85-23b407686389",
        "x-ms-ratelimit-remaining-resource": "Microsoft.Compute/GetOperationStatus3Min;1196,Microsoft.Compute/GetOperationStatus30Min;4176",
        "x-ms-ratelimit-remaining-subscription-reads": "11944",
        "x-ms-request-id": "83ed6371-8351-4883-92ec-f354a9108805",
        "x-ms-routing-request-id": "SOUTHEASTASIA:20220321T060642Z:dd704dea-6fd1-4872-8b85-23b407686389",
        "x-ms-served-by": "5903d229-c5b7-4ccc-99bb-56b74d1dd58c_132454890361139936,5903d229-c5b7-4ccc-99bb-56b74d1dd58c_132454890361139936"
      },
      "ResponseBody": {
        "startTime": "2022-03-21T06:06:11.5750517\u002B00:00",
        "endTime": "2022-03-21T06:06:11.6219323\u002B00:00",
        "status": "Succeeded",
        "name": "9c0aa6f2-ab63-4f07-8865-d1fdb94a7539"
      }
    },
    {
      "RequestUri": "https://management.azure.com/subscriptions/00000000-0000-0000-0000-000000000000/resourceGroups/rgname/providers/Microsoft.Compute/galleries/galleryname4a232cfa/images/imagex4a232cfa?api-version=2021-10-01",
      "RequestMethod": "GET",
      "RequestHeaders": {
        "Accept": "*/*",
        "Accept-Encoding": "gzip, deflate",
        "Authorization": "Sanitized",
        "Connection": "keep-alive",
        "User-Agent": "azsdk-python-azure-mgmt-compute/26.1.0 Python/3.9.8 (Windows-10-10.0.22000)",
        "x-ms-client-request-id": "01559f31-a8dd-11ec-a47d-c809a8c836e6"
      },
      "RequestBody": null,
      "StatusCode": 200,
      "ResponseHeaders": {
        "Cache-Control": "no-cache",
        "Content-Encoding": "gzip",
        "Content-Type": "application/json; charset=utf-8",
        "Date": "Mon, 21 Mar 2022 06:06:41 GMT",
        "Expires": "-1",
        "Pragma": "no-cache",
        "Server": [
          "Microsoft-HTTPAPI/2.0",
          "Microsoft-HTTPAPI/2.0"
        ],
        "Strict-Transport-Security": "max-age=31536000; includeSubDomains",
        "Transfer-Encoding": "chunked",
        "Vary": "Accept-Encoding",
        "X-Content-Type-Options": "nosniff",
        "x-ms-correlation-request-id": "5b0d796f-ff76-4ec6-9212-a00ce8d33545",
        "x-ms-ratelimit-remaining-resource": "Microsoft.Compute/GetGalleryImage3Min;593,Microsoft.Compute/GetGalleryImage30Min;2987",
        "x-ms-ratelimit-remaining-subscription-reads": "11943",
        "x-ms-request-id": "8863261a-da33-4eeb-8cc6-1ca28aef143f",
        "x-ms-routing-request-id": "SOUTHEASTASIA:20220321T060642Z:5b0d796f-ff76-4ec6-9212-a00ce8d33545",
        "x-ms-served-by": "5903d229-c5b7-4ccc-99bb-56b74d1dd58c_132454890361139936,5903d229-c5b7-4ccc-99bb-56b74d1dd58c_132454890361139936"
      },
      "ResponseBody": {
        "name": "imagex4a232cfa",
        "id": "/subscriptions/00000000-0000-0000-0000-000000000000/resourceGroups/rgname/providers/Microsoft.Compute/galleries/galleryname4a232cfa/images/imagex4a232cfa",
        "type": "Microsoft.Compute/galleries/images",
        "location": "eastus",
        "properties": {
          "hyperVGeneration": "V1",
          "architecture": "x64",
          "osType": "Windows",
          "osState": "Generalized",
          "identifier": {
            "publisher": "myPublisherName",
            "offer": "myOfferName",
            "sku": "mySkuName"
          },
          "provisioningState": "Succeeded"
        }
      }
    },
    {
      "RequestUri": "https://management.azure.com/subscriptions/00000000-0000-0000-0000-000000000000/resourceGroups/rgname/providers/Microsoft.Compute/galleries/galleryname4a232cfa/applications/applicationname4a232cfa?api-version=2021-10-01",
      "RequestMethod": "PATCH",
      "RequestHeaders": {
        "Accept": "application/json",
        "Accept-Encoding": "gzip, deflate",
        "Authorization": "Sanitized",
        "Connection": "keep-alive",
        "Content-Length": "184",
        "Content-Type": "application/json",
        "User-Agent": "azsdk-python-azure-mgmt-compute/26.1.0 Python/3.9.8 (Windows-10-10.0.22000)",
        "x-ms-client-request-id": "13eb564a-a8dd-11ec-b1ad-c809a8c836e6"
      },
      "RequestBody": {
        "tags": {
          "tag1": "tag1"
        },
        "properties": {
          "description": "This is the gallery application description.",
          "eula": "This is the gallery application EULA.",
          "supportedOSType": "Windows"
        }
      },
      "StatusCode": 200,
      "ResponseHeaders": {
        "Cache-Control": "no-cache",
        "Content-Encoding": "gzip",
        "Content-Type": "application/json; charset=utf-8",
        "Date": "Mon, 21 Mar 2022 06:06:44 GMT",
        "Expires": "-1",
        "Pragma": "no-cache",
        "Server": [
          "Microsoft-HTTPAPI/2.0",
          "Microsoft-HTTPAPI/2.0"
        ],
        "Strict-Transport-Security": "max-age=31536000; includeSubDomains",
        "Transfer-Encoding": "chunked",
        "Vary": "Accept-Encoding",
        "X-Content-Type-Options": "nosniff",
        "x-ms-correlation-request-id": "9029fc8d-f79c-4547-b9bf-649512f12700",
        "x-ms-ratelimit-remaining-resource": "Microsoft.Compute/CreateUpdateGalleryApplication3Min;149,Microsoft.Compute/CreateUpdateGalleryApplication30Min;748",
        "x-ms-ratelimit-remaining-subscription-writes": "1184",
        "x-ms-request-id": "33f46874-858a-4a08-8668-d9206a13e41b",
        "x-ms-routing-request-id": "SOUTHEASTASIA:20220321T060645Z:9029fc8d-f79c-4547-b9bf-649512f12700",
        "x-ms-served-by": "5903d229-c5b7-4ccc-99bb-56b74d1dd58c_132454890361139936,5903d229-c5b7-4ccc-99bb-56b74d1dd58c_132454890361139936"
      },
      "ResponseBody": {
        "name": "applicationname4a232cfa",
        "id": "/subscriptions/00000000-0000-0000-0000-000000000000/resourceGroups/rgname/providers/Microsoft.Compute/galleries/galleryname4a232cfa/applications/applicationname4a232cfa",
        "type": "Microsoft.Compute/galleries/applications",
        "location": "eastus",
        "tags": {
          "tag1": "tag1"
        },
        "properties": {
          "supportedOSType": "Windows",
          "description": "This is the gallery application description.",
          "eula": "This is the gallery application EULA."
        }
      }
    },
    {
      "RequestUri": "https://management.azure.com/subscriptions/00000000-0000-0000-0000-000000000000/resourceGroups/rgname/providers/Microsoft.Compute/galleries/galleryname4a232cfa?api-version=2021-10-01",
      "RequestMethod": "PATCH",
      "RequestHeaders": {
        "Accept": "application/json",
        "Accept-Encoding": "gzip, deflate",
        "Authorization": "Sanitized",
        "Connection": "keep-alive",
        "Content-Length": "67",
        "Content-Type": "application/json",
        "User-Agent": "azsdk-python-azure-mgmt-compute/26.1.0 Python/3.9.8 (Windows-10-10.0.22000)",
        "x-ms-client-request-id": "15c0eadb-a8dd-11ec-a182-c809a8c836e6"
      },
      "RequestBody": {
        "properties": {
          "description": "This is the gallery description."
        }
      },
      "StatusCode": 200,
      "ResponseHeaders": {
        "Azure-AsyncOperation": "https://management.azure.com/subscriptions/00000000-0000-0000-0000-000000000000/providers/Microsoft.Compute/locations/eastus/capsOperations/d63e6dd9-5178-4903-8435-ee3a003a2e1a?api-version=2021-10-01",
        "Cache-Control": "no-cache",
        "Content-Encoding": "gzip",
        "Content-Type": "application/json; charset=utf-8",
        "Date": "Mon, 21 Mar 2022 06:06:45 GMT",
        "Expires": "-1",
        "Pragma": "no-cache",
        "Server": [
          "Microsoft-HTTPAPI/2.0",
          "Microsoft-HTTPAPI/2.0"
        ],
        "Strict-Transport-Security": "max-age=31536000; includeSubDomains",
        "Transfer-Encoding": "chunked",
        "Vary": "Accept-Encoding",
        "X-Content-Type-Options": "nosniff",
        "x-ms-correlation-request-id": "ed71df00-c683-4152-97b3-4e041e188ce2",
        "x-ms-ratelimit-remaining-resource": "Microsoft.Compute/CreateUpdateGallery3Min;49,Microsoft.Compute/CreateUpdateGallery30Min;298",
        "x-ms-ratelimit-remaining-subscription-writes": "1183",
        "x-ms-request-id": "d63e6dd9-5178-4903-8435-ee3a003a2e1a",
        "x-ms-routing-request-id": "SOUTHEASTASIA:20220321T060646Z:ed71df00-c683-4152-97b3-4e041e188ce2",
        "x-ms-served-by": "5903d229-c5b7-4ccc-99bb-56b74d1dd58c_132454890361139936,5903d229-c5b7-4ccc-99bb-56b74d1dd58c_132454890361139936"
      },
      "ResponseBody": {
        "name": "galleryname4a232cfa",
        "id": "/subscriptions/00000000-0000-0000-0000-000000000000/resourceGroups/rgname/providers/Microsoft.Compute/galleries/galleryname4a232cfa",
        "type": "Microsoft.Compute/galleries",
        "location": "eastus",
        "properties": {
          "description": "This is the gallery description.",
          "identifier": {
            "uniqueName": "00000000-0000-0000-0000-000000000000-GALLERYNAME4A232CFA"
          },
          "provisioningState": "Succeeded"
        }
      }
    },
    {
      "RequestUri": "https://management.azure.com/subscriptions/00000000-0000-0000-0000-000000000000/providers/Microsoft.Compute/locations/eastus/capsOperations/d63e6dd9-5178-4903-8435-ee3a003a2e1a?api-version=2021-10-01",
      "RequestMethod": "GET",
      "RequestHeaders": {
        "Accept": "*/*",
        "Accept-Encoding": "gzip, deflate",
        "Authorization": "Sanitized",
        "Connection": "keep-alive",
        "User-Agent": "azsdk-python-azure-mgmt-compute/26.1.0 Python/3.9.8 (Windows-10-10.0.22000)",
        "x-ms-client-request-id": "15c0eadb-a8dd-11ec-a182-c809a8c836e6"
      },
      "RequestBody": null,
      "StatusCode": 200,
      "ResponseHeaders": {
        "Cache-Control": "no-cache",
        "Content-Encoding": "gzip",
        "Content-Type": "application/json; charset=utf-8",
        "Date": "Mon, 21 Mar 2022 06:07:15 GMT",
        "Expires": "-1",
        "Pragma": "no-cache",
        "Server": [
          "Microsoft-HTTPAPI/2.0",
          "Microsoft-HTTPAPI/2.0"
        ],
        "Strict-Transport-Security": "max-age=31536000; includeSubDomains",
        "Transfer-Encoding": "chunked",
        "Vary": "Accept-Encoding",
        "X-Content-Type-Options": "nosniff",
        "x-ms-correlation-request-id": "ddec2895-5420-4058-a630-e05ce2539b33",
        "x-ms-ratelimit-remaining-resource": "Microsoft.Compute/GetOperationStatus3Min;1196,Microsoft.Compute/GetOperationStatus30Min;4175",
        "x-ms-ratelimit-remaining-subscription-reads": "11942",
        "x-ms-request-id": "f2c3184a-b800-40de-bd33-ed5c930ee761",
        "x-ms-routing-request-id": "SOUTHEASTASIA:20220321T060716Z:ddec2895-5420-4058-a630-e05ce2539b33",
        "x-ms-served-by": "5903d229-c5b7-4ccc-99bb-56b74d1dd58c_132454890361139936,5903d229-c5b7-4ccc-99bb-56b74d1dd58c_132454890361139936"
      },
      "ResponseBody": {
        "startTime": "2022-03-21T06:06:45.8719143\u002B00:00",
        "endTime": "2022-03-21T06:06:45.9031118\u002B00:00",
        "status": "Succeeded",
        "name": "d63e6dd9-5178-4903-8435-ee3a003a2e1a"
      }
    },
    {
      "RequestUri": "https://management.azure.com/subscriptions/00000000-0000-0000-0000-000000000000/resourceGroups/rgname/providers/Microsoft.Compute/galleries/galleryname4a232cfa?api-version=2021-10-01",
      "RequestMethod": "GET",
      "RequestHeaders": {
        "Accept": "*/*",
        "Accept-Encoding": "gzip, deflate",
        "Authorization": "Sanitized",
        "Connection": "keep-alive",
        "User-Agent": "azsdk-python-azure-mgmt-compute/26.1.0 Python/3.9.8 (Windows-10-10.0.22000)",
        "x-ms-client-request-id": "15c0eadb-a8dd-11ec-a182-c809a8c836e6"
      },
      "RequestBody": null,
      "StatusCode": 200,
      "ResponseHeaders": {
        "Cache-Control": "no-cache",
        "Content-Encoding": "gzip",
        "Content-Type": "application/json; charset=utf-8",
        "Date": "Mon, 21 Mar 2022 06:07:15 GMT",
        "Expires": "-1",
        "Pragma": "no-cache",
        "Server": [
          "Microsoft-HTTPAPI/2.0",
          "Microsoft-HTTPAPI/2.0"
        ],
        "Strict-Transport-Security": "max-age=31536000; includeSubDomains",
        "Transfer-Encoding": "chunked",
        "Vary": "Accept-Encoding",
        "X-Content-Type-Options": "nosniff",
        "x-ms-correlation-request-id": "67f1282c-b8d6-42a3-b640-64e701392ec4",
        "x-ms-ratelimit-remaining-resource": "Microsoft.Compute/GetGallery3Min;348,Microsoft.Compute/GetGallery30Min;2487",
        "x-ms-ratelimit-remaining-subscription-reads": "11941",
        "x-ms-request-id": "20dd143a-497d-4401-9755-cc1c6ac42886",
        "x-ms-routing-request-id": "SOUTHEASTASIA:20220321T060716Z:67f1282c-b8d6-42a3-b640-64e701392ec4",
        "x-ms-served-by": "5903d229-c5b7-4ccc-99bb-56b74d1dd58c_132454890361139936,5903d229-c5b7-4ccc-99bb-56b74d1dd58c_132454890361139936"
      },
      "ResponseBody": {
        "name": "galleryname4a232cfa",
        "id": "/subscriptions/00000000-0000-0000-0000-000000000000/resourceGroups/rgname/providers/Microsoft.Compute/galleries/galleryname4a232cfa",
        "type": "Microsoft.Compute/galleries",
        "location": "eastus",
        "properties": {
          "description": "This is the gallery description.",
          "identifier": {
            "uniqueName": "00000000-0000-0000-0000-000000000000-GALLERYNAME4A232CFA"
          },
          "provisioningState": "Succeeded"
        }
      }
    },
    {
      "RequestUri": "https://management.azure.com/subscriptions/00000000-0000-0000-0000-000000000000/resourceGroups/rgname/providers/Microsoft.Compute/galleries/galleryname4a232cfa/images/imagex4a232cfa/versions/1.0.0?api-version=2021-10-01",
      "RequestMethod": "DELETE",
      "RequestHeaders": {
        "Accept": "application/json",
        "Accept-Encoding": "gzip, deflate",
        "Authorization": "Sanitized",
        "Connection": "keep-alive",
        "Content-Length": "0",
        "User-Agent": "azsdk-python-azure-mgmt-compute/26.1.0 Python/3.9.8 (Windows-10-10.0.22000)",
        "x-ms-client-request-id": "284d7f1c-a8dd-11ec-b2fe-c809a8c836e6"
      },
      "RequestBody": null,
      "StatusCode": 202,
      "ResponseHeaders": {
        "Azure-AsyncOperation": "https://management.azure.com/subscriptions/00000000-0000-0000-0000-000000000000/providers/Microsoft.Compute/locations/eastus/capsOperations/a3e83af3-1a7b-45ea-9516-ef641c35611d?api-version=2021-10-01",
        "Cache-Control": "no-cache",
        "Content-Length": "0",
        "Date": "Mon, 21 Mar 2022 06:07:16 GMT",
        "Expires": "-1",
        "Location": "https://management.azure.com/subscriptions/00000000-0000-0000-0000-000000000000/providers/Microsoft.Compute/locations/eastus/capsOperations/a3e83af3-1a7b-45ea-9516-ef641c35611d?monitor=true\u0026api-version=2021-10-01",
        "Pragma": "no-cache",
        "Retry-After": "60",
        "Server": [
          "Microsoft-HTTPAPI/2.0",
          "Microsoft-HTTPAPI/2.0"
        ],
        "Strict-Transport-Security": "max-age=31536000; includeSubDomains",
        "X-Content-Type-Options": "nosniff",
        "x-ms-correlation-request-id": "dddb10bc-5072-4c85-89b6-a72078082a69",
        "x-ms-ratelimit-remaining-resource": "Microsoft.Compute/DeleteGalleryImageVersion3Min;149,Microsoft.Compute/DeleteGalleryImageVersion30Min;999",
        "x-ms-ratelimit-remaining-subscription-deletes": "14996",
        "x-ms-request-id": "a3e83af3-1a7b-45ea-9516-ef641c35611d",
        "x-ms-routing-request-id": "SOUTHEASTASIA:20220321T060717Z:dddb10bc-5072-4c85-89b6-a72078082a69",
        "x-ms-served-by": "5903d229-c5b7-4ccc-99bb-56b74d1dd58c_132454890361139936,5903d229-c5b7-4ccc-99bb-56b74d1dd58c_132454890361139936"
      },
      "ResponseBody": null
    },
    {
      "RequestUri": "https://management.azure.com/subscriptions/00000000-0000-0000-0000-000000000000/providers/Microsoft.Compute/locations/eastus/capsOperations/a3e83af3-1a7b-45ea-9516-ef641c35611d?api-version=2021-10-01",
      "RequestMethod": "GET",
      "RequestHeaders": {
        "Accept": "*/*",
        "Accept-Encoding": "gzip, deflate",
        "Authorization": "Sanitized",
        "Connection": "keep-alive",
        "User-Agent": "azsdk-python-azure-mgmt-compute/26.1.0 Python/3.9.8 (Windows-10-10.0.22000)",
        "x-ms-client-request-id": "284d7f1c-a8dd-11ec-b2fe-c809a8c836e6"
      },
      "RequestBody": null,
      "StatusCode": 200,
      "ResponseHeaders": {
        "Cache-Control": "no-cache",
        "Content-Encoding": "gzip",
        "Content-Type": "application/json; charset=utf-8",
        "Date": "Mon, 21 Mar 2022 06:08:17 GMT",
        "Expires": "-1",
        "Pragma": "no-cache",
        "Retry-After": "60",
        "Server": [
          "Microsoft-HTTPAPI/2.0",
          "Microsoft-HTTPAPI/2.0"
        ],
        "Strict-Transport-Security": "max-age=31536000; includeSubDomains",
        "Transfer-Encoding": "chunked",
        "Vary": "Accept-Encoding",
        "X-Content-Type-Options": "nosniff",
        "x-ms-correlation-request-id": "72aef117-c8bf-4925-9001-16c5d6e252c8",
        "x-ms-ratelimit-remaining-resource": "Microsoft.Compute/GetOperationStatus3Min;1196,Microsoft.Compute/GetOperationStatus30Min;4174",
        "x-ms-ratelimit-remaining-subscription-reads": "11940",
        "x-ms-request-id": "d6b1f3fa-1fb5-4fcd-853a-7f08ab99a29f",
        "x-ms-routing-request-id": "SOUTHEASTASIA:20220321T060818Z:72aef117-c8bf-4925-9001-16c5d6e252c8",
        "x-ms-served-by": "5903d229-c5b7-4ccc-99bb-56b74d1dd58c_132454890361139936,5903d229-c5b7-4ccc-99bb-56b74d1dd58c_132454890361139936"
      },
      "ResponseBody": {
        "startTime": "2022-03-21T06:07:17.449952\u002B00:00",
        "status": "InProgress",
        "name": "a3e83af3-1a7b-45ea-9516-ef641c35611d"
      }
    },
    {
      "RequestUri": "https://management.azure.com/subscriptions/00000000-0000-0000-0000-000000000000/providers/Microsoft.Compute/locations/eastus/capsOperations/a3e83af3-1a7b-45ea-9516-ef641c35611d?api-version=2021-10-01",
      "RequestMethod": "GET",
      "RequestHeaders": {
        "Accept": "*/*",
        "Accept-Encoding": "gzip, deflate",
        "Authorization": "Sanitized",
        "Connection": "keep-alive",
        "User-Agent": "azsdk-python-azure-mgmt-compute/26.1.0 Python/3.9.8 (Windows-10-10.0.22000)",
        "x-ms-client-request-id": "284d7f1c-a8dd-11ec-b2fe-c809a8c836e6"
      },
      "RequestBody": null,
      "StatusCode": 200,
      "ResponseHeaders": {
        "Cache-Control": "no-cache",
        "Content-Encoding": "gzip",
        "Content-Type": "application/json; charset=utf-8",
        "Date": "Mon, 21 Mar 2022 06:09:18 GMT",
        "Expires": "-1",
        "Pragma": "no-cache",
        "Server": [
          "Microsoft-HTTPAPI/2.0",
          "Microsoft-HTTPAPI/2.0"
        ],
        "Strict-Transport-Security": "max-age=31536000; includeSubDomains",
        "Transfer-Encoding": "chunked",
        "Vary": "Accept-Encoding",
        "X-Content-Type-Options": "nosniff",
        "x-ms-correlation-request-id": "b1991c0f-2825-4138-afa5-cb4b6d51bbd6",
        "x-ms-ratelimit-remaining-resource": "Microsoft.Compute/GetOperationStatus3Min;1195,Microsoft.Compute/GetOperationStatus30Min;4172",
        "x-ms-ratelimit-remaining-subscription-reads": "11939",
        "x-ms-request-id": "ef704c98-6b3f-4f1b-b71d-328d67468062",
        "x-ms-routing-request-id": "SOUTHEASTASIA:20220321T060918Z:b1991c0f-2825-4138-afa5-cb4b6d51bbd6",
        "x-ms-served-by": "5903d229-c5b7-4ccc-99bb-56b74d1dd58c_132454890361139936,5903d229-c5b7-4ccc-99bb-56b74d1dd58c_132454890361139936"
      },
      "ResponseBody": {
        "startTime": "2022-03-21T06:07:17.449952\u002B00:00",
        "endTime": "2022-03-21T06:08:47.6530309\u002B00:00",
        "status": "Succeeded",
        "name": "a3e83af3-1a7b-45ea-9516-ef641c35611d"
      }
    },
    {
      "RequestUri": "https://management.azure.com/subscriptions/00000000-0000-0000-0000-000000000000/resourceGroups/rgname/providers/Microsoft.Compute/galleries/galleryname4a232cfa/applications/applicationname4a232cfa?api-version=2021-10-01",
      "RequestMethod": "DELETE",
      "RequestHeaders": {
        "Accept": "application/json",
        "Accept-Encoding": "gzip, deflate",
        "Authorization": "Sanitized",
        "Connection": "keep-alive",
        "Content-Length": "0",
        "User-Agent": "azsdk-python-azure-mgmt-compute/26.1.0 Python/3.9.8 (Windows-10-10.0.22000)",
        "x-ms-client-request-id": "70d39557-a8dd-11ec-b6d8-c809a8c836e6"
      },
      "RequestBody": null,
      "StatusCode": 200,
      "ResponseHeaders": {
        "Cache-Control": "no-cache",
        "Content-Length": "0",
        "Date": "Mon, 21 Mar 2022 06:09:22 GMT",
        "Expires": "-1",
        "Pragma": "no-cache",
        "Server": [
          "Microsoft-HTTPAPI/2.0",
          "Microsoft-HTTPAPI/2.0"
        ],
        "Strict-Transport-Security": "max-age=31536000; includeSubDomains",
        "X-Content-Type-Options": "nosniff",
        "x-ms-correlation-request-id": "4929607e-774e-4467-b090-fb67ead7435c",
        "x-ms-ratelimit-remaining-resource": "Microsoft.Compute/DeleteGalleryApplication3Min;49,Microsoft.Compute/DeleteGalleryApplication30Min;299",
        "x-ms-ratelimit-remaining-subscription-deletes": "14995",
        "x-ms-request-id": "ea3b41fc-9edc-4820-a6b7-9ecd24bb7ad6",
        "x-ms-routing-request-id": "SOUTHEASTASIA:20220321T060922Z:4929607e-774e-4467-b090-fb67ead7435c",
        "x-ms-served-by": "5903d229-c5b7-4ccc-99bb-56b74d1dd58c_132454890361139936,5903d229-c5b7-4ccc-99bb-56b74d1dd58c_132454890361139936"
      },
      "ResponseBody": null
    },
    {
      "RequestUri": "https://management.azure.com/subscriptions/00000000-0000-0000-0000-000000000000/resourceGroups/rgname/providers/Microsoft.Compute/snapshots/snapshotname4a232cfa/endGetAccess?api-version=2021-12-01",
      "RequestMethod": "POST",
      "RequestHeaders": {
        "Accept": "*/*",
        "Accept-Encoding": "gzip, deflate",
        "Authorization": "Sanitized",
        "Connection": "keep-alive",
        "Content-Length": "0",
        "User-Agent": "azsdk-python-azure-mgmt-compute/26.1.0 Python/3.9.8 (Windows-10-10.0.22000)",
        "x-ms-client-request-id": "731b8dbb-a8dd-11ec-ba38-c809a8c836e6"
      },
      "RequestBody": null,
      "StatusCode": 202,
      "ResponseHeaders": {
        "Azure-AsyncOperation": "https://management.azure.com/subscriptions/00000000-0000-0000-0000-000000000000/providers/Microsoft.Compute/locations/eastus/DiskOperations/916aaabc-5adb-433a-831a-cc74e3f01205?p=36ee1309-094c-4cec-b989-37cf5e794c1b\u0026api-version=2021-12-01",
        "Cache-Control": "no-cache",
        "Content-Length": "0",
        "Date": "Mon, 21 Mar 2022 06:09:22 GMT",
        "Expires": "-1",
        "Location": "https://management.azure.com/subscriptions/00000000-0000-0000-0000-000000000000/providers/Microsoft.Compute/locations/eastus/DiskOperations/916aaabc-5adb-433a-831a-cc74e3f01205?p=36ee1309-094c-4cec-b989-37cf5e794c1b\u0026monitor=true\u0026api-version=2021-12-01",
        "Pragma": "no-cache",
        "Server": [
          "Microsoft-HTTPAPI/2.0",
          "Microsoft-HTTPAPI/2.0"
        ],
        "Strict-Transport-Security": "max-age=31536000; includeSubDomains",
        "X-Content-Type-Options": "nosniff",
        "x-ms-correlation-request-id": "79b73eac-beb1-4569-a773-64da942e0381",
        "x-ms-ratelimit-remaining-resource": "Microsoft.Compute/HighCostSnapshotCreateHydrate3Min;999,Microsoft.Compute/HighCostSnapshotCreateHydrate30Min;7994",
        "x-ms-ratelimit-remaining-subscription-writes": "1195",
        "x-ms-request-id": "916aaabc-5adb-433a-831a-cc74e3f01205",
        "x-ms-routing-request-id": "SOUTHEASTASIA:20220321T060922Z:79b73eac-beb1-4569-a773-64da942e0381",
        "x-ms-served-by": "36ee1309-094c-4cec-b989-37cf5e794c1b_132629837319766262"
      },
      "ResponseBody": null
    },
    {
      "RequestUri": "https://management.azure.com/subscriptions/00000000-0000-0000-0000-000000000000/providers/Microsoft.Compute/locations/eastus/DiskOperations/916aaabc-5adb-433a-831a-cc74e3f01205?p=36ee1309-094c-4cec-b989-37cf5e794c1b\u0026api-version=2021-12-01",
      "RequestMethod": "GET",
      "RequestHeaders": {
        "Accept": "*/*",
        "Accept-Encoding": "gzip, deflate",
        "Authorization": "Sanitized",
        "Connection": "keep-alive",
        "User-Agent": "azsdk-python-azure-mgmt-compute/26.1.0 Python/3.9.8 (Windows-10-10.0.22000)",
        "x-ms-client-request-id": "731b8dbb-a8dd-11ec-ba38-c809a8c836e6"
      },
      "RequestBody": null,
      "StatusCode": 200,
      "ResponseHeaders": {
        "Cache-Control": "no-cache",
        "Content-Encoding": "gzip",
        "Content-Type": "application/json; charset=utf-8",
        "Date": "Mon, 21 Mar 2022 06:09:52 GMT",
        "Expires": "-1",
        "Pragma": "no-cache",
        "Server": [
          "Microsoft-HTTPAPI/2.0",
          "Microsoft-HTTPAPI/2.0"
        ],
        "Strict-Transport-Security": "max-age=31536000; includeSubDomains",
        "Transfer-Encoding": "chunked",
        "Vary": "Accept-Encoding",
        "X-Content-Type-Options": "nosniff",
        "x-ms-correlation-request-id": "4c0cdad7-379d-4c97-9ccd-29016e505e64",
        "x-ms-ratelimit-remaining-resource": "Microsoft.Compute/GetOperation3Min;49996,Microsoft.Compute/GetOperation30Min;399920",
        "x-ms-ratelimit-remaining-subscription-reads": "11938",
        "x-ms-request-id": "057071eb-4334-4d1e-b0ba-e129296b42be",
        "x-ms-routing-request-id": "SOUTHEASTASIA:20220321T060953Z:4c0cdad7-379d-4c97-9ccd-29016e505e64",
        "x-ms-served-by": "36ee1309-094c-4cec-b989-37cf5e794c1b_132629837319766262"
      },
      "ResponseBody": {
        "startTime": "2022-03-21T06:09:22.478987\u002B00:00",
        "endTime": "2022-03-21T06:09:22.5727002\u002B00:00",
        "status": "Succeeded",
        "name": "916aaabc-5adb-433a-831a-cc74e3f01205"
      }
    },
    {
      "RequestUri": "https://management.azure.com/subscriptions/00000000-0000-0000-0000-000000000000/providers/Microsoft.Compute/locations/eastus/DiskOperations/916aaabc-5adb-433a-831a-cc74e3f01205?p=36ee1309-094c-4cec-b989-37cf5e794c1b\u0026monitor=true\u0026api-version=2021-12-01",
      "RequestMethod": "GET",
      "RequestHeaders": {
        "Accept": "*/*",
        "Accept-Encoding": "gzip, deflate",
        "Authorization": "Sanitized",
        "Connection": "keep-alive",
        "User-Agent": "azsdk-python-azure-mgmt-compute/26.1.0 Python/3.9.8 (Windows-10-10.0.22000)",
        "x-ms-client-request-id": "731b8dbb-a8dd-11ec-ba38-c809a8c836e6"
      },
      "RequestBody": null,
      "StatusCode": 200,
      "ResponseHeaders": {
        "Cache-Control": "no-cache",
        "Content-Length": "0",
        "Date": "Mon, 21 Mar 2022 06:09:53 GMT",
        "Expires": "-1",
        "Pragma": "no-cache",
        "Server": [
          "Microsoft-HTTPAPI/2.0",
          "Microsoft-HTTPAPI/2.0"
        ],
        "Strict-Transport-Security": "max-age=31536000; includeSubDomains",
        "X-Content-Type-Options": "nosniff",
        "x-ms-correlation-request-id": "370b3c40-18c8-4b74-9f73-c5d088fb3090",
        "x-ms-ratelimit-remaining-resource": "Microsoft.Compute/GetOperation3Min;49995,Microsoft.Compute/GetOperation30Min;399919",
        "x-ms-ratelimit-remaining-subscription-reads": "11937",
        "x-ms-request-id": "575200e1-04e1-4e93-b767-6d23e7ef594d",
        "x-ms-routing-request-id": "SOUTHEASTASIA:20220321T060953Z:370b3c40-18c8-4b74-9f73-c5d088fb3090",
        "x-ms-served-by": "36ee1309-094c-4cec-b989-37cf5e794c1b_132629837319766262"
      },
      "ResponseBody": null
    },
    {
      "RequestUri": "https://management.azure.com/subscriptions/00000000-0000-0000-0000-000000000000/resourceGroups/rgname/providers/Microsoft.Compute/snapshots/snapshotname4a232cfa?api-version=2021-12-01",
      "RequestMethod": "DELETE",
      "RequestHeaders": {
        "Accept": "*/*",
        "Accept-Encoding": "gzip, deflate",
        "Authorization": "Sanitized",
        "Connection": "keep-alive",
        "Content-Length": "0",
        "User-Agent": "azsdk-python-azure-mgmt-compute/26.1.0 Python/3.9.8 (Windows-10-10.0.22000)",
        "x-ms-client-request-id": "85ad959c-a8dd-11ec-88e5-c809a8c836e6"
      },
      "RequestBody": null,
      "StatusCode": 202,
      "ResponseHeaders": {
        "Azure-AsyncOperation": "https://management.azure.com/subscriptions/00000000-0000-0000-0000-000000000000/providers/Microsoft.Compute/locations/eastus/DiskOperations/732fd927-345d-4bd8-bf1f-2d42f684f4d5?p=36ee1309-094c-4cec-b989-37cf5e794c1b\u0026api-version=2021-12-01",
        "Cache-Control": "no-cache",
        "Content-Length": "0",
        "Date": "Mon, 21 Mar 2022 06:09:54 GMT",
        "Expires": "-1",
        "Location": "https://management.azure.com/subscriptions/00000000-0000-0000-0000-000000000000/providers/Microsoft.Compute/locations/eastus/DiskOperations/732fd927-345d-4bd8-bf1f-2d42f684f4d5?p=36ee1309-094c-4cec-b989-37cf5e794c1b\u0026monitor=true\u0026api-version=2021-12-01",
        "Pragma": "no-cache",
        "Server": [
          "Microsoft-HTTPAPI/2.0",
          "Microsoft-HTTPAPI/2.0"
        ],
        "Strict-Transport-Security": "max-age=31536000; includeSubDomains",
        "X-Content-Type-Options": "nosniff",
        "x-ms-correlation-request-id": "67a0b973-27cc-4c5a-95b1-18e5106a4090",
        "x-ms-ratelimit-remaining-resource": "Microsoft.Compute/DeleteDisks3Min;2996,Microsoft.Compute/DeleteDisks30Min;23989",
        "x-ms-ratelimit-remaining-subscription-deletes": "14994",
        "x-ms-request-id": "732fd927-345d-4bd8-bf1f-2d42f684f4d5",
        "x-ms-routing-request-id": "SOUTHEASTASIA:20220321T060954Z:67a0b973-27cc-4c5a-95b1-18e5106a4090",
        "x-ms-served-by": "36ee1309-094c-4cec-b989-37cf5e794c1b_132629837319766262"
      },
      "ResponseBody": null
    },
    {
      "RequestUri": "https://management.azure.com/subscriptions/00000000-0000-0000-0000-000000000000/providers/Microsoft.Compute/locations/eastus/DiskOperations/732fd927-345d-4bd8-bf1f-2d42f684f4d5?p=36ee1309-094c-4cec-b989-37cf5e794c1b\u0026api-version=2021-12-01",
      "RequestMethod": "GET",
      "RequestHeaders": {
        "Accept": "*/*",
        "Accept-Encoding": "gzip, deflate",
        "Authorization": "Sanitized",
        "Connection": "keep-alive",
        "User-Agent": "azsdk-python-azure-mgmt-compute/26.1.0 Python/3.9.8 (Windows-10-10.0.22000)",
        "x-ms-client-request-id": "85ad959c-a8dd-11ec-88e5-c809a8c836e6"
      },
      "RequestBody": null,
      "StatusCode": 200,
      "ResponseHeaders": {
        "Cache-Control": "no-cache",
        "Content-Encoding": "gzip",
        "Content-Type": "application/json; charset=utf-8",
        "Date": "Mon, 21 Mar 2022 06:10:24 GMT",
        "Expires": "-1",
        "Pragma": "no-cache",
        "Server": [
          "Microsoft-HTTPAPI/2.0",
          "Microsoft-HTTPAPI/2.0"
        ],
        "Strict-Transport-Security": "max-age=31536000; includeSubDomains",
        "Transfer-Encoding": "chunked",
        "Vary": "Accept-Encoding",
        "X-Content-Type-Options": "nosniff",
        "x-ms-correlation-request-id": "03b07537-2694-4edd-a778-3c21ff9bf49c",
        "x-ms-ratelimit-remaining-resource": "Microsoft.Compute/GetOperation3Min;49993,Microsoft.Compute/GetOperation30Min;399917",
        "x-ms-ratelimit-remaining-subscription-reads": "11936",
        "x-ms-request-id": "8e8cc953-dfcc-4b3c-92ca-d3e32b5142ee",
        "x-ms-routing-request-id": "SOUTHEASTASIA:20220321T061025Z:03b07537-2694-4edd-a778-3c21ff9bf49c",
        "x-ms-served-by": "36ee1309-094c-4cec-b989-37cf5e794c1b_132629837319766262"
      },
      "ResponseBody": {
        "startTime": "2022-03-21T06:09:54.7635062\u002B00:00",
        "endTime": "2022-03-21T06:09:54.9510685\u002B00:00",
        "status": "Succeeded",
        "name": "732fd927-345d-4bd8-bf1f-2d42f684f4d5"
      }
    },
    {
      "RequestUri": "https://management.azure.com/subscriptions/00000000-0000-0000-0000-000000000000/resourceGroups/rgname/providers/Microsoft.Compute/galleries/galleryname4a232cfa/images/imagex4a232cfa?api-version=2021-10-01",
      "RequestMethod": "DELETE",
      "RequestHeaders": {
        "Accept": "application/json",
        "Accept-Encoding": "gzip, deflate",
        "Authorization": "Sanitized",
        "Connection": "keep-alive",
        "Content-Length": "0",
        "User-Agent": "azsdk-python-azure-mgmt-compute/26.1.0 Python/3.9.8 (Windows-10-10.0.22000)",
        "x-ms-client-request-id": "98b28130-a8dd-11ec-b81c-c809a8c836e6"
      },
      "RequestBody": null,
      "StatusCode": 202,
      "ResponseHeaders": {
        "Azure-AsyncOperation": "https://management.azure.com/subscriptions/00000000-0000-0000-0000-000000000000/providers/Microsoft.Compute/locations/eastus/capsOperations/4c244f54-4147-4f0c-858c-c66ad46db20a?api-version=2021-10-01",
        "Cache-Control": "no-cache",
        "Content-Length": "0",
        "Date": "Mon, 21 Mar 2022 06:10:25 GMT",
        "Expires": "-1",
        "Location": "https://management.azure.com/subscriptions/00000000-0000-0000-0000-000000000000/providers/Microsoft.Compute/locations/eastus/capsOperations/4c244f54-4147-4f0c-858c-c66ad46db20a?monitor=true\u0026api-version=2021-10-01",
        "Pragma": "no-cache",
        "Server": [
          "Microsoft-HTTPAPI/2.0",
          "Microsoft-HTTPAPI/2.0"
        ],
        "Strict-Transport-Security": "max-age=31536000; includeSubDomains",
        "X-Content-Type-Options": "nosniff",
        "x-ms-correlation-request-id": "3008b5b8-4959-4065-b2d9-d32d03651233",
        "x-ms-ratelimit-remaining-resource": "Microsoft.Compute/DeleteGalleryImage3Min;49,Microsoft.Compute/DeleteGalleryImage30Min;299",
        "x-ms-ratelimit-remaining-subscription-deletes": "14993",
        "x-ms-request-id": "4c244f54-4147-4f0c-858c-c66ad46db20a",
        "x-ms-routing-request-id": "SOUTHEASTASIA:20220321T061026Z:3008b5b8-4959-4065-b2d9-d32d03651233",
        "x-ms-served-by": "5903d229-c5b7-4ccc-99bb-56b74d1dd58c_132454890361139936,5903d229-c5b7-4ccc-99bb-56b74d1dd58c_132454890361139936"
      },
      "ResponseBody": null
    },
    {
      "RequestUri": "https://management.azure.com/subscriptions/00000000-0000-0000-0000-000000000000/providers/Microsoft.Compute/locations/eastus/capsOperations/4c244f54-4147-4f0c-858c-c66ad46db20a?api-version=2021-10-01",
      "RequestMethod": "GET",
      "RequestHeaders": {
        "Accept": "*/*",
        "Accept-Encoding": "gzip, deflate",
        "Authorization": "Sanitized",
        "Connection": "keep-alive",
        "User-Agent": "azsdk-python-azure-mgmt-compute/26.1.0 Python/3.9.8 (Windows-10-10.0.22000)",
        "x-ms-client-request-id": "98b28130-a8dd-11ec-b81c-c809a8c836e6"
      },
      "RequestBody": null,
      "StatusCode": 200,
      "ResponseHeaders": {
        "Cache-Control": "no-cache",
        "Content-Encoding": "gzip",
        "Content-Type": "application/json; charset=utf-8",
        "Date": "Mon, 21 Mar 2022 06:10:55 GMT",
        "Expires": "-1",
        "Pragma": "no-cache",
        "Server": [
          "Microsoft-HTTPAPI/2.0",
          "Microsoft-HTTPAPI/2.0"
        ],
        "Strict-Transport-Security": "max-age=31536000; includeSubDomains",
        "Transfer-Encoding": "chunked",
        "Vary": "Accept-Encoding",
        "X-Content-Type-Options": "nosniff",
        "x-ms-correlation-request-id": "b1cca7aa-b904-44c4-bcce-82d8bad2d0b8",
        "x-ms-ratelimit-remaining-resource": "Microsoft.Compute/GetOperationStatus3Min;1194,Microsoft.Compute/GetOperationStatus30Min;4169",
        "x-ms-ratelimit-remaining-subscription-reads": "11935",
        "x-ms-request-id": "178bbe61-c3ea-42cb-8db1-ae6725bdef46",
        "x-ms-routing-request-id": "SOUTHEASTASIA:20220321T061056Z:b1cca7aa-b904-44c4-bcce-82d8bad2d0b8",
        "x-ms-served-by": "5903d229-c5b7-4ccc-99bb-56b74d1dd58c_132454890361139936,5903d229-c5b7-4ccc-99bb-56b74d1dd58c_132454890361139936"
      },
      "ResponseBody": {
        "startTime": "2022-03-21T06:10:26.0122662\u002B00:00",
        "endTime": "2022-03-21T06:10:26.2779252\u002B00:00",
        "status": "Succeeded",
        "name": "4c244f54-4147-4f0c-858c-c66ad46db20a"
      }
    },
    {
      "RequestUri": "https://management.azure.com/subscriptions/00000000-0000-0000-0000-000000000000/resourceGroups/rgname/providers/Microsoft.Compute/galleries/galleryname4a232cfa?api-version=2021-10-01",
      "RequestMethod": "DELETE",
      "RequestHeaders": {
        "Accept": "application/json",
        "Accept-Encoding": "gzip, deflate",
        "Authorization": "Sanitized",
        "Connection": "keep-alive",
        "Content-Length": "0",
        "User-Agent": "azsdk-python-azure-mgmt-compute/26.1.0 Python/3.9.8 (Windows-10-10.0.22000)",
        "x-ms-client-request-id": "ab535286-a8dd-11ec-808a-c809a8c836e6"
      },
      "RequestBody": null,
      "StatusCode": 202,
      "ResponseHeaders": {
        "Azure-AsyncOperation": "https://management.azure.com/subscriptions/00000000-0000-0000-0000-000000000000/providers/Microsoft.Compute/locations/eastus/capsOperations/b8bfff4f-4869-48c7-8860-84436d8ca5be?api-version=2021-10-01",
        "Cache-Control": "no-cache",
        "Content-Length": "0",
        "Date": "Mon, 21 Mar 2022 06:10:56 GMT",
        "Expires": "-1",
        "Location": "https://management.azure.com/subscriptions/00000000-0000-0000-0000-000000000000/providers/Microsoft.Compute/locations/eastus/capsOperations/b8bfff4f-4869-48c7-8860-84436d8ca5be?monitor=true\u0026api-version=2021-10-01",
        "Pragma": "no-cache",
        "Server": [
          "Microsoft-HTTPAPI/2.0",
          "Microsoft-HTTPAPI/2.0"
        ],
        "Strict-Transport-Security": "max-age=31536000; includeSubDomains",
        "X-Content-Type-Options": "nosniff",
        "x-ms-correlation-request-id": "fd4e4e03-d88c-4dcb-a925-30780d04ee25",
        "x-ms-ratelimit-remaining-resource": "Microsoft.Compute/DeleteGallery3Min;49,Microsoft.Compute/DeleteGallery30Min;299",
        "x-ms-ratelimit-remaining-subscription-deletes": "14992",
        "x-ms-request-id": "b8bfff4f-4869-48c7-8860-84436d8ca5be",
        "x-ms-routing-request-id": "SOUTHEASTASIA:20220321T061057Z:fd4e4e03-d88c-4dcb-a925-30780d04ee25",
        "x-ms-served-by": "5903d229-c5b7-4ccc-99bb-56b74d1dd58c_132454890361139936,5903d229-c5b7-4ccc-99bb-56b74d1dd58c_132454890361139936"
      },
      "ResponseBody": null
    },
    {
      "RequestUri": "https://management.azure.com/subscriptions/00000000-0000-0000-0000-000000000000/providers/Microsoft.Compute/locations/eastus/capsOperations/b8bfff4f-4869-48c7-8860-84436d8ca5be?api-version=2021-10-01",
      "RequestMethod": "GET",
      "RequestHeaders": {
        "Accept": "*/*",
        "Accept-Encoding": "gzip, deflate",
        "Authorization": "Sanitized",
        "Connection": "keep-alive",
        "User-Agent": "azsdk-python-azure-mgmt-compute/26.1.0 Python/3.9.8 (Windows-10-10.0.22000)",
        "x-ms-client-request-id": "ab535286-a8dd-11ec-808a-c809a8c836e6"
      },
      "RequestBody": null,
      "StatusCode": 200,
      "ResponseHeaders": {
        "Cache-Control": "no-cache",
        "Content-Encoding": "gzip",
        "Content-Type": "application/json; charset=utf-8",
        "Date": "Mon, 21 Mar 2022 06:11:27 GMT",
        "Expires": "-1",
        "Pragma": "no-cache",
        "Server": [
          "Microsoft-HTTPAPI/2.0",
          "Microsoft-HTTPAPI/2.0"
        ],
        "Strict-Transport-Security": "max-age=31536000; includeSubDomains",
        "Transfer-Encoding": "chunked",
        "Vary": "Accept-Encoding",
        "X-Content-Type-Options": "nosniff",
        "x-ms-correlation-request-id": "182c4935-3572-45b5-87b4-92a09b8a1bb9",
        "x-ms-ratelimit-remaining-resource": "Microsoft.Compute/GetOperationStatus3Min;1194,Microsoft.Compute/GetOperationStatus30Min;4167",
        "x-ms-ratelimit-remaining-subscription-reads": "11934",
        "x-ms-request-id": "e778be39-35c0-40eb-9fdd-cf6a35d062de",
        "x-ms-routing-request-id": "SOUTHEASTASIA:20220321T061127Z:182c4935-3572-45b5-87b4-92a09b8a1bb9",
        "x-ms-served-by": "5903d229-c5b7-4ccc-99bb-56b74d1dd58c_132454890361139936,5903d229-c5b7-4ccc-99bb-56b74d1dd58c_132454890361139936"
      },
      "ResponseBody": {
        "startTime": "2022-03-21T06:10:57.2466269\u002B00:00",
        "endTime": "2022-03-21T06:10:57.402898\u002B00:00",
        "status": "Succeeded",
        "name": "b8bfff4f-4869-48c7-8860-84436d8ca5be"
      }
    }
  ],
  "Variables": {}
}
