interactions:
- request:
    body: '{"location": "westus", "properties": {"creationData": {"createOption":
      "Empty"}, "diskSizeGB": 20}}'
    headers:
      Accept:
      - application/json
      Accept-Encoding:
      - gzip, deflate
      Connection:
      - keep-alive
      Content-Length:
      - '99'
      Content-Type:
      - application/json; charset=utf-8
      User-Agent:
      - python/3.6.8 (Linux-4.9.125-linuxkit-x86_64-with-Ubuntu-18.04-bionic) msrest/0.6.8
        msrest_azure/0.4.34 azure-mgmt-compute/9.0.0 Azure-SDK-For-Python
      accept-language:
      - en-US
    method: PUT
    uri: https://management.azure.com/subscriptions/00000000-0000-0000-0000-000000000000/resourceGroups/test_mgmt_managed_disks_test_create_snapshot9571120e/providers/Microsoft.Compute/disks/myDisk?api-version=2019-07-01
  response:
    body:
      string: "{\r\n  \"name\": \"myDisk\",\r\n  \"location\": \"westus\",\r\n  \"\
        properties\": {\r\n    \"creationData\": {\r\n      \"createOption\": \"Empty\"\
        \r\n    },\r\n    \"diskSizeGB\": 20,\r\n    \"provisioningState\": \"Updating\"\
        ,\r\n    \"isArmResource\": true\r\n  }\r\n}"
    headers:
      azure-asyncoperation:
      - https://management.azure.com/subscriptions/00000000-0000-0000-0000-000000000000/providers/Microsoft.Compute/locations/westus/DiskOperations/1ff5da71-e0a5-4c7a-98e0-bc355cf5c70f?api-version=2019-07-01
      cache-control:
      - no-cache
      content-length:
      - '224'
      content-type:
      - application/json; charset=utf-8
      date:
      - Tue, 22 Oct 2019 06:40:07 GMT
      expires:
      - '-1'
      location:
      - https://management.azure.com/subscriptions/00000000-0000-0000-0000-000000000000/providers/Microsoft.Compute/locations/westus/DiskOperations/1ff5da71-e0a5-4c7a-98e0-bc355cf5c70f?monitor=true&api-version=2019-07-01
      pragma:
      - no-cache
      server:
      - Microsoft-HTTPAPI/2.0
      - Microsoft-HTTPAPI/2.0
      strict-transport-security:
      - max-age=31536000; includeSubDomains
      x-content-type-options:
      - nosniff
      x-ms-ratelimit-remaining-resource:
      - Microsoft.Compute/CreateUpdateDisks3Min;997,Microsoft.Compute/CreateUpdateDisks30Min;7997
      x-ms-ratelimit-remaining-subscription-writes:
      - '1198'
    status:
      code: 202
      message: Accepted
- request:
    body: null
    headers:
      Accept:
      - application/json
      Accept-Encoding:
      - gzip, deflate
      Connection:
      - keep-alive
      User-Agent:
      - python/3.6.8 (Linux-4.9.125-linuxkit-x86_64-with-Ubuntu-18.04-bionic) msrest/0.6.8
        msrest_azure/0.4.34 azure-mgmt-compute/9.0.0 Azure-SDK-For-Python
    method: GET
    uri: https://management.azure.com/subscriptions/00000000-0000-0000-0000-000000000000/providers/Microsoft.Compute/locations/westus/DiskOperations/1ff5da71-e0a5-4c7a-98e0-bc355cf5c70f?api-version=2019-07-01
  response:
    body:
      string: "{\r\n  \"startTime\": \"2019-10-22T06:40:07.6149165+00:00\",\r\n  \"\
        endTime\": \"2019-10-22T06:40:07.7399212+00:00\",\r\n  \"status\": \"Succeeded\"\
        ,\r\n  \"properties\": {\r\n    \"output\": {\r\n  \"name\": \"myDisk\",\r\
        \n  \"id\": \"/subscriptions/00000000-0000-0000-0000-000000000000/resourceGroups/test_mgmt_managed_disks_test_create_snapshot9571120e/providers/Microsoft.Compute/disks/myDisk\"\
        ,\r\n  \"type\": \"Microsoft.Compute/disks\",\r\n  \"location\": \"westus\"\
        ,\r\n  \"sku\": {\r\n    \"name\": \"Standard_LRS\",\r\n    \"tier\": \"Standard\"\
        \r\n  },\r\n  \"properties\": {\r\n    \"creationData\": {\r\n      \"createOption\"\
        : \"Empty\"\r\n    },\r\n    \"diskSizeGB\": 20,\r\n    \"diskIOPSReadWrite\"\
        : 500,\r\n    \"diskMBpsReadWrite\": 60,\r\n    \"encryption\": {\r\n    \
        \  \"type\": \"EncryptionAtRestWithPlatformKey\"\r\n    },\r\n    \"timeCreated\"\
        : \"2019-10-22T06:40:07.6149165+00:00\",\r\n    \"provisioningState\": \"\
        Succeeded\",\r\n    \"diskState\": \"Unattached\",\r\n    \"diskSizeBytes\"\
        : 21474836480,\r\n    \"uniqueId\": \"572b3bae-ae7a-4e93-aa5a-9b42edb85abd\"\
        \r\n  }\r\n}\r\n  },\r\n  \"name\": \"1ff5da71-e0a5-4c7a-98e0-bc355cf5c70f\"\
        \r\n}"
    headers:
      cache-control:
      - no-cache
      content-length:
      - '1024'
      content-type:
      - application/json; charset=utf-8
      date:
      - Tue, 22 Oct 2019 06:40:09 GMT
      expires:
      - '-1'
      pragma:
      - no-cache
      server:
      - Microsoft-HTTPAPI/2.0
      - Microsoft-HTTPAPI/2.0
      strict-transport-security:
      - max-age=31536000; includeSubDomains
      transfer-encoding:
      - chunked
      vary:
      - Accept-Encoding
      x-content-type-options:
      - nosniff
      x-ms-ratelimit-remaining-resource:
      - Microsoft.Compute/GetOperation3Min;49993,Microsoft.Compute/GetOperation30Min;399993
    status:
      code: 200
      message: OK
- request:
    body: null
    headers:
      Accept:
      - application/json
      Accept-Encoding:
      - gzip, deflate
      Connection:
      - keep-alive
      User-Agent:
      - python/3.6.8 (Linux-4.9.125-linuxkit-x86_64-with-Ubuntu-18.04-bionic) msrest/0.6.8
        msrest_azure/0.4.34 azure-mgmt-compute/9.0.0 Azure-SDK-For-Python
    method: GET
    uri: https://management.azure.com/subscriptions/00000000-0000-0000-0000-000000000000/resourceGroups/test_mgmt_managed_disks_test_create_snapshot9571120e/providers/Microsoft.Compute/disks/myDisk?api-version=2019-07-01
  response:
    body:
      string: "{\r\n  \"name\": \"myDisk\",\r\n  \"id\": \"/subscriptions/00000000-0000-0000-0000-000000000000/resourceGroups/test_mgmt_managed_disks_test_create_snapshot9571120e/providers/Microsoft.Compute/disks/myDisk\"\
        ,\r\n  \"type\": \"Microsoft.Compute/disks\",\r\n  \"location\": \"westus\"\
        ,\r\n  \"sku\": {\r\n    \"name\": \"Standard_LRS\",\r\n    \"tier\": \"Standard\"\
        \r\n  },\r\n  \"properties\": {\r\n    \"creationData\": {\r\n      \"createOption\"\
        : \"Empty\"\r\n    },\r\n    \"diskSizeGB\": 20,\r\n    \"diskIOPSReadWrite\"\
        : 500,\r\n    \"diskMBpsReadWrite\": 60,\r\n    \"encryption\": {\r\n    \
        \  \"type\": \"EncryptionAtRestWithPlatformKey\"\r\n    },\r\n    \"timeCreated\"\
        : \"2019-10-22T06:40:07.6149165+00:00\",\r\n    \"provisioningState\": \"\
        Succeeded\",\r\n    \"diskState\": \"Unattached\",\r\n    \"diskSizeBytes\"\
        : 21474836480,\r\n    \"uniqueId\": \"572b3bae-ae7a-4e93-aa5a-9b42edb85abd\"\
        \r\n  }\r\n}"
    headers:
      cache-control:
      - no-cache
      content-length:
      - '799'
      content-type:
      - application/json; charset=utf-8
      date:
      - Tue, 22 Oct 2019 06:40:10 GMT
      expires:
      - '-1'
      pragma:
      - no-cache
      server:
      - Microsoft-HTTPAPI/2.0
      - Microsoft-HTTPAPI/2.0
      strict-transport-security:
      - max-age=31536000; includeSubDomains
      transfer-encoding:
      - chunked
      vary:
      - Accept-Encoding
      x-content-type-options:
      - nosniff
      x-ms-ratelimit-remaining-resource:
      - Microsoft.Compute/LowCostGet3Min;4991,Microsoft.Compute/LowCostGet30Min;39991
    status:
      code: 200
      message: OK
- request:
    body: null
    headers:
      Accept:
      - application/json
      Accept-Encoding:
      - gzip, deflate
      Connection:
      - keep-alive
      User-Agent:
      - python/3.6.8 (Linux-4.9.125-linuxkit-x86_64-with-Ubuntu-18.04-bionic) msrest/0.6.8
        msrest_azure/0.4.34 azure-mgmt-compute/9.0.0 Azure-SDK-For-Python
      accept-language:
      - en-US
    method: GET
    uri: https://management.azure.com/subscriptions/00000000-0000-0000-0000-000000000000/resourceGroups/test_mgmt_managed_disks_test_create_snapshot9571120e/providers/Microsoft.Compute/disks/myDisk?api-version=2019-07-01
  response:
    body:
      string: "{\r\n  \"name\": \"myDisk\",\r\n  \"id\": \"/subscriptions/00000000-0000-0000-0000-000000000000/resourceGroups/test_mgmt_managed_disks_test_create_snapshot9571120e/providers/Microsoft.Compute/disks/myDisk\"\
        ,\r\n  \"type\": \"Microsoft.Compute/disks\",\r\n  \"location\": \"westus\"\
        ,\r\n  \"sku\": {\r\n    \"name\": \"Standard_LRS\",\r\n    \"tier\": \"Standard\"\
        \r\n  },\r\n  \"properties\": {\r\n    \"creationData\": {\r\n      \"createOption\"\
        : \"Empty\"\r\n    },\r\n    \"diskSizeGB\": 20,\r\n    \"diskIOPSReadWrite\"\
        : 500,\r\n    \"diskMBpsReadWrite\": 60,\r\n    \"encryption\": {\r\n    \
        \  \"type\": \"EncryptionAtRestWithPlatformKey\"\r\n    },\r\n    \"timeCreated\"\
        : \"2019-10-22T06:40:07.6149165+00:00\",\r\n    \"provisioningState\": \"\
        Succeeded\",\r\n    \"diskState\": \"Unattached\",\r\n    \"diskSizeBytes\"\
        : 21474836480,\r\n    \"uniqueId\": \"572b3bae-ae7a-4e93-aa5a-9b42edb85abd\"\
        \r\n  }\r\n}"
    headers:
      cache-control:
      - no-cache
      content-length:
      - '799'
      content-type:
      - application/json; charset=utf-8
      date:
      - Tue, 22 Oct 2019 06:40:11 GMT
      expires:
      - '-1'
      pragma:
      - no-cache
      server:
      - Microsoft-HTTPAPI/2.0
      - Microsoft-HTTPAPI/2.0
      strict-transport-security:
      - max-age=31536000; includeSubDomains
      transfer-encoding:
      - chunked
      vary:
      - Accept-Encoding
      x-content-type-options:
      - nosniff
      x-ms-ratelimit-remaining-resource:
      - Microsoft.Compute/LowCostGet3Min;4990,Microsoft.Compute/LowCostGet30Min;39990
    status:
      code: 200
      message: OK
- request:
    body: '{"location": "westus", "properties": {"creationData": {"createOption":
      "Copy", "sourceUri": "/subscriptions/00000000-0000-0000-0000-000000000000/resourceGroups/test_mgmt_managed_disks_test_create_snapshot9571120e/providers/Microsoft.Compute/disks/myDisk"}}}'
    headers:
      Accept:
      - application/json
      Accept-Encoding:
      - gzip, deflate
      Connection:
      - keep-alive
      Content-Length:
      - '257'
      Content-Type:
      - application/json; charset=utf-8
      User-Agent:
      - python/3.6.8 (Linux-4.9.125-linuxkit-x86_64-with-Ubuntu-18.04-bionic) msrest/0.6.8
        msrest_azure/0.4.34 azure-mgmt-compute/9.0.0 Azure-SDK-For-Python
      accept-language:
      - en-US
    method: PUT
    uri: https://management.azure.com/subscriptions/00000000-0000-0000-0000-000000000000/resourceGroups/test_mgmt_managed_disks_test_create_snapshot9571120e/providers/Microsoft.Compute/snapshots/mySnapshot?api-version=2019-07-01
  response:
    body:
      string: "{\r\n  \"location\": \"westus\",\r\n  \"properties\": {\r\n    \"creationData\"\
        : {\r\n      \"createOption\": \"Copy\",\r\n      \"sourceUri\": \"/subscriptions/00000000-0000-0000-0000-000000000000/resourceGroups/test_mgmt_managed_disks_test_create_snapshot9571120e/providers/Microsoft.Compute/disks/myDisk\"\
        ,\r\n      \"sourceUniqueId\": \"572b3bae-ae7a-4e93-aa5a-9b42edb85abd\"\r\n\
        \    },\r\n    \"provisioningState\": \"Updating\",\r\n    \"isArmResource\"\
        : true\r\n  }\r\n}"
    headers:
      azure-asyncoperation:
      - https://management.azure.com/subscriptions/00000000-0000-0000-0000-000000000000/providers/Microsoft.Compute/locations/westus/DiskOperations/ecc9062d-10ae-4b32-b827-f23c85e8ab5d?api-version=2019-07-01
      cache-control:
      - no-cache
      content-length:
      - '428'
      content-type:
      - application/json; charset=utf-8
      date:
      - Tue, 22 Oct 2019 06:40:12 GMT
      expires:
      - '-1'
      location:
      - https://management.azure.com/subscriptions/00000000-0000-0000-0000-000000000000/providers/Microsoft.Compute/locations/westus/DiskOperations/ecc9062d-10ae-4b32-b827-f23c85e8ab5d?monitor=true&api-version=2019-07-01
      pragma:
      - no-cache
      server:
      - Microsoft-HTTPAPI/2.0
      - Microsoft-HTTPAPI/2.0
      strict-transport-security:
      - max-age=31536000; includeSubDomains
      x-content-type-options:
      - nosniff
      x-ms-ratelimit-remaining-resource:
      - Microsoft.Compute/HighCostSnapshotCreateHydrate3Min;239,Microsoft.Compute/HighCostSnapshotCreateHydrate30Min;1919
      x-ms-ratelimit-remaining-subscription-writes:
      - '1197'
    status:
      code: 202
      message: Accepted
- request:
    body: null
    headers:
      Accept:
      - application/json
      Accept-Encoding:
      - gzip, deflate
      Connection:
      - keep-alive
      User-Agent:
      - python/3.6.8 (Linux-4.9.125-linuxkit-x86_64-with-Ubuntu-18.04-bionic) msrest/0.6.8
        msrest_azure/0.4.34 azure-mgmt-compute/9.0.0 Azure-SDK-For-Python
    method: GET
    uri: https://management.azure.com/subscriptions/00000000-0000-0000-0000-000000000000/providers/Microsoft.Compute/locations/westus/DiskOperations/ecc9062d-10ae-4b32-b827-f23c85e8ab5d?api-version=2019-07-01
  response:
    body:
      string: "{\r\n  \"startTime\": \"2019-10-22T06:40:12.7243414+00:00\",\r\n  \"\
        endTime\": \"2019-10-22T06:40:14.3337452+00:00\",\r\n  \"status\": \"Succeeded\"\
        ,\r\n  \"properties\": {\r\n    \"output\": {\r\n  \"name\": \"mySnapshot\"\
        ,\r\n  \"id\": \"/subscriptions/00000000-0000-0000-0000-000000000000/resourceGroups/test_mgmt_managed_disks_test_create_snapshot9571120e/providers/Microsoft.Compute/snapshots/mySnapshot\"\
        ,\r\n  \"type\": \"Microsoft.Compute/snapshots\",\r\n  \"location\": \"westus\"\
        ,\r\n  \"sku\": {\r\n    \"name\": \"Standard_LRS\",\r\n    \"tier\": \"Standard\"\
        \r\n  },\r\n  \"properties\": {\r\n    \"creationData\": {\r\n      \"createOption\"\
        : \"Copy\",\r\n      \"sourceResourceId\": \"/subscriptions/00000000-0000-0000-0000-000000000000/resourceGroups/test_mgmt_managed_disks_test_create_snapshot9571120e/providers/Microsoft.Compute/disks/myDisk\"\
        ,\r\n      \"sourceUniqueId\": \"572b3bae-ae7a-4e93-aa5a-9b42edb85abd\"\r\n\
        \    },\r\n    \"diskSizeGB\": 20,\r\n    \"encryption\": {\r\n      \"type\"\
        : \"EncryptionAtRestWithPlatformKey\"\r\n    },\r\n    \"incremental\": false,\r\
        \n    \"timeCreated\": \"2019-10-22T06:40:12.7399869+00:00\",\r\n    \"provisioningState\"\
        : \"Succeeded\",\r\n    \"diskState\": \"Unattached\",\r\n    \"diskSizeBytes\"\
        : 21474836480,\r\n    \"uniqueId\": \"faaafab0-c75c-4da9-bf10-fea6a47b4c1e\"\
        \r\n  }\r\n}\r\n  },\r\n  \"name\": \"ecc9062d-10ae-4b32-b827-f23c85e8ab5d\"\
        \r\n}"
    headers:
      cache-control:
      - no-cache
      content-length:
      - '1261'
      content-type:
      - application/json; charset=utf-8
      date:
      - Tue, 22 Oct 2019 06:40:15 GMT
      expires:
      - '-1'
      pragma:
      - no-cache
      server:
      - Microsoft-HTTPAPI/2.0
      - Microsoft-HTTPAPI/2.0
      strict-transport-security:
      - max-age=31536000; includeSubDomains
      transfer-encoding:
      - chunked
      vary:
      - Accept-Encoding
      x-content-type-options:
      - nosniff
      x-ms-ratelimit-remaining-resource:
      - Microsoft.Compute/GetOperation3Min;49990,Microsoft.Compute/GetOperation30Min;399990
    status:
      code: 200
      message: OK
- request:
    body: null
    headers:
      Accept:
      - application/json
      Accept-Encoding:
      - gzip, deflate
      Connection:
      - keep-alive
      User-Agent:
      - python/3.6.8 (Linux-4.9.125-linuxkit-x86_64-with-Ubuntu-18.04-bionic) msrest/0.6.8
        msrest_azure/0.4.34 azure-mgmt-compute/9.0.0 Azure-SDK-For-Python
    method: GET
    uri: https://management.azure.com/subscriptions/00000000-0000-0000-0000-000000000000/resourceGroups/test_mgmt_managed_disks_test_create_snapshot9571120e/providers/Microsoft.Compute/snapshots/mySnapshot?api-version=2019-07-01
  response:
    body:
      string: "{\r\n  \"name\": \"mySnapshot\",\r\n  \"id\": \"/subscriptions/00000000-0000-0000-0000-000000000000/resourceGroups/test_mgmt_managed_disks_test_create_snapshot9571120e/providers/Microsoft.Compute/snapshots/mySnapshot\"\
        ,\r\n  \"type\": \"Microsoft.Compute/snapshots\",\r\n  \"location\": \"westus\"\
        ,\r\n  \"sku\": {\r\n    \"name\": \"Standard_LRS\",\r\n    \"tier\": \"Standard\"\
        \r\n  },\r\n  \"properties\": {\r\n    \"creationData\": {\r\n      \"createOption\"\
        : \"Copy\",\r\n      \"sourceResourceId\": \"/subscriptions/00000000-0000-0000-0000-000000000000/resourceGroups/test_mgmt_managed_disks_test_create_snapshot9571120e/providers/Microsoft.Compute/disks/myDisk\"\
        ,\r\n      \"sourceUniqueId\": \"572b3bae-ae7a-4e93-aa5a-9b42edb85abd\"\r\n\
        \    },\r\n    \"diskSizeGB\": 20,\r\n    \"encryption\": {\r\n      \"type\"\
        : \"EncryptionAtRestWithPlatformKey\"\r\n    },\r\n    \"incremental\": false,\r\
        \n    \"timeCreated\": \"2019-10-22T06:40:12.7399869+00:00\",\r\n    \"provisioningState\"\
        : \"Succeeded\",\r\n    \"diskState\": \"Unattached\",\r\n    \"diskSizeBytes\"\
        : 21474836480,\r\n    \"uniqueId\": \"faaafab0-c75c-4da9-bf10-fea6a47b4c1e\"\
        \r\n  }\r\n}"
    headers:
      cache-control:
      - no-cache
      content-length:
      - '1036'
      content-type:
      - application/json; charset=utf-8
      date:
      - Tue, 22 Oct 2019 06:40:16 GMT
      expires:
      - '-1'
      pragma:
      - no-cache
      server:
      - Microsoft-HTTPAPI/2.0
      - Microsoft-HTTPAPI/2.0
      strict-transport-security:
      - max-age=31536000; includeSubDomains
      transfer-encoding:
      - chunked
      vary:
      - Accept-Encoding
      x-content-type-options:
      - nosniff
      x-ms-ratelimit-remaining-resource:
      - Microsoft.Compute/LowCostGet3Min;4987,Microsoft.Compute/LowCostGet30Min;39987
    status:
      code: 200
      message: OK
version: 1
