{
  "Entries": [
    {
      "RequestUri": "https://login.microsoftonline.com/00000000-0000-0000-0000-000000000000/v2.0/.well-known/openid-configuration",
      "RequestMethod": "GET",
      "RequestHeaders": {
        "Accept": "*/*",
        "Accept-Encoding": "gzip, deflate",
        "Connection": "keep-alive",
        "User-Agent": "azsdk-python-identity/1.13.0b4 Python/3.8.16 (Linux-5.15.0-1034-azure-x86_64-with-glibc2.2.5) VSTS_0fb41ef4-5012-48a9-bf39-4ee3de03ee35_build_2500_0"
      },
      "RequestBody": null,
      "StatusCode": 200,
      "ResponseHeaders": {
        "Access-Control-Allow-Methods": "GET, OPTIONS",
        "Access-Control-Allow-Origin": "*",
        "Cache-Control": "max-age=86400, private",
        "Content-Length": "1753",
        "Content-Type": "application/json; charset=utf-8",
        "Date": "Mon, 03 Apr 2023 06:41:33 GMT",
        "P3P": "CP=\u0022DSP CUR OTPi IND OTRi ONL FIN\u0022",
        "Set-Cookie": "[set-cookie;]",
        "Strict-Transport-Security": "max-age=31536000; includeSubDomains",
        "X-Content-Type-Options": "nosniff",
        "x-ms-ests-server": "2.1.14939.4 - EUS ProdSlices",
        "X-XSS-Protection": "0"
      },
      "ResponseBody": {
        "token_endpoint": "https://login.microsoftonline.com/00000000-0000-0000-0000-000000000000/oauth2/v2.0/token",
        "token_endpoint_auth_methods_supported": [
          "client_secret_post",
          "private_key_jwt",
          "client_secret_basic"
        ],
        "jwks_uri": "https://login.microsoftonline.com/00000000-0000-0000-0000-000000000000/discovery/v2.0/keys",
        "response_modes_supported": [
          "query",
          "fragment",
          "form_post"
        ],
        "subject_types_supported": [
          "pairwise"
        ],
        "id_token_signing_alg_values_supported": [
          "RS256"
        ],
        "response_types_supported": [
          "code",
          "id_token",
          "code id_token",
          "id_token token"
        ],
        "scopes_supported": [
          "openid",
          "profile",
          "email",
          "offline_access"
        ],
        "issuer": "https://login.microsoftonline.com/00000000-0000-0000-0000-000000000000/v2.0",
        "request_uri_parameter_supported": false,
        "userinfo_endpoint": "https://graph.microsoft.com/oidc/userinfo",
        "authorization_endpoint": "https://login.microsoftonline.com/00000000-0000-0000-0000-000000000000/oauth2/v2.0/authorize",
        "device_authorization_endpoint": "https://login.microsoftonline.com/00000000-0000-0000-0000-000000000000/oauth2/v2.0/devicecode",
        "http_logout_supported": true,
        "frontchannel_logout_supported": true,
        "end_session_endpoint": "https://login.microsoftonline.com/00000000-0000-0000-0000-000000000000/oauth2/v2.0/logout",
        "claims_supported": [
          "sub",
          "iss",
          "cloud_instance_name",
          "cloud_instance_host_name",
          "cloud_graph_host_name",
          "msgraph_host",
          "aud",
          "exp",
          "iat",
          "auth_time",
          "acr",
          "nonce",
          "preferred_username",
          "name",
          "tid",
          "ver",
          "at_hash",
          "c_hash",
          "email"
        ],
        "kerberos_endpoint": "https://login.microsoftonline.com/00000000-0000-0000-0000-000000000000/kerberos",
        "tenant_region_scope": "WW",
        "cloud_instance_name": "microsoftonline.com",
        "cloud_graph_host_name": "graph.windows.net",
        "msgraph_host": "graph.microsoft.com",
        "rbac_url": "https://pas.windows.net"
      }
    },
    {
      "RequestUri": "https://login.microsoftonline.com/common/discovery/instance?api-version=1.1\u0026authorization_endpoint=https://login.microsoftonline.com/common/oauth2/authorize",
      "RequestMethod": "GET",
      "RequestHeaders": {
        "Accept": "application/json",
        "Accept-Encoding": "gzip, deflate",
        "Connection": "keep-alive",
        "Cookie": "cookie;",
        "User-Agent": "azsdk-python-identity/1.13.0b4 Python/3.8.16 (Linux-5.15.0-1034-azure-x86_64-with-glibc2.2.5) VSTS_0fb41ef4-5012-48a9-bf39-4ee3de03ee35_build_2500_0"
      },
      "RequestBody": null,
      "StatusCode": 200,
      "ResponseHeaders": {
        "Access-Control-Allow-Methods": "GET, OPTIONS",
        "Access-Control-Allow-Origin": "*",
        "Cache-Control": "max-age=86400, private",
        "Content-Length": "945",
        "Content-Type": "application/json; charset=utf-8",
        "Date": "Mon, 03 Apr 2023 06:41:33 GMT",
        "P3P": "CP=\u0022DSP CUR OTPi IND OTRi ONL FIN\u0022",
        "Set-Cookie": "[set-cookie;]",
        "Strict-Transport-Security": "max-age=31536000; includeSubDomains",
        "X-Content-Type-Options": "nosniff",
        "x-ms-ests-server": "2.1.14939.4 - SCUS ProdSlices",
        "X-XSS-Protection": "0"
      },
      "ResponseBody": {
        "tenant_discovery_endpoint": "https://login.microsoftonline.com/common/.well-known/openid-configuration",
        "api-version": "1.1",
        "metadata": [
          {
            "preferred_network": "login.microsoftonline.com",
            "preferred_cache": "login.windows.net",
            "aliases": [
              "login.microsoftonline.com",
              "login.windows.net",
              "login.microsoft.com",
              "sts.windows.net"
            ]
          },
          {
            "preferred_network": "login.partner.microsoftonline.cn",
            "preferred_cache": "login.partner.microsoftonline.cn",
            "aliases": [
              "login.partner.microsoftonline.cn",
              "login.chinacloudapi.cn"
            ]
          },
          {
            "preferred_network": "login.microsoftonline.de",
            "preferred_cache": "login.microsoftonline.de",
            "aliases": [
              "login.microsoftonline.de"
            ]
          },
          {
            "preferred_network": "login.microsoftonline.us",
            "preferred_cache": "login.microsoftonline.us",
            "aliases": [
              "login.microsoftonline.us",
              "login.usgovcloudapi.net"
            ]
          },
          {
            "preferred_network": "login-us.microsoftonline.com",
            "preferred_cache": "login-us.microsoftonline.com",
            "aliases": [
              "login-us.microsoftonline.com"
            ]
          }
        ]
      }
    },
    {
      "RequestUri": "https://login.microsoftonline.com/00000000-0000-0000-0000-000000000000/oauth2/v2.0/token",
      "RequestMethod": "POST",
      "RequestHeaders": {
        "Accept": "application/json",
        "Accept-Encoding": "gzip, deflate",
        "client-request-id": "811404f2-e7c2-4008-8a24-77c6518ff2ff",
        "Connection": "keep-alive",
        "Content-Length": "288",
        "Content-Type": "application/x-www-form-urlencoded",
        "Cookie": "cookie;",
        "User-Agent": "azsdk-python-identity/1.13.0b4 Python/3.8.16 (Linux-5.15.0-1034-azure-x86_64-with-glibc2.2.5) VSTS_0fb41ef4-5012-48a9-bf39-4ee3de03ee35_build_2500_0",
        "x-client-cpu": "x64",
        "x-client-current-telemetry": "4|730,0|",
        "x-client-last-telemetry": "4|0|||",
        "x-client-os": "linux",
        "x-client-sku": "MSAL.Python",
        "x-client-ver": "1.21.0",
        "x-ms-lib-capability": "retry-after, h429"
      },
      "RequestBody": "client_id=00000000-0000-0000-0000-000000000000\u0026grant_type=client_credentials\u0026client_info=1\u0026client_secret=00000000-0000-0000-0000-000000000000\u0026claims=%7B%22access_token%22%3A\u002B%7B%22xms_cc%22%3A\u002B%7B%22values%22%3A\u002B%5B%22CP1%22%5D%7D%7D%7D\u0026scope=https%3A%2F%2Fmanagement.azure.com%2F.default",
      "StatusCode": 200,
      "ResponseHeaders": {
        "Cache-Control": "no-store, no-cache",
        "client-request-id": "811404f2-e7c2-4008-8a24-77c6518ff2ff",
        "Content-Length": "114",
        "Content-Type": "application/json; charset=utf-8",
        "Date": "Mon, 03 Apr 2023 06:41:33 GMT",
        "Expires": "-1",
        "P3P": "CP=\u0022DSP CUR OTPi IND OTRi ONL FIN\u0022",
        "Pragma": "no-cache",
        "Set-Cookie": "[set-cookie;]",
        "Strict-Transport-Security": "max-age=31536000; includeSubDomains",
        "X-Content-Type-Options": "nosniff",
        "x-ms-clitelem": "1,0,0,,",
        "x-ms-ests-server": "2.1.14939.4 - SCUS ProdSlices",
        "X-XSS-Protection": "0"
      },
      "ResponseBody": {
        "token_type": "Bearer",
        "expires_in": 86399,
        "ext_expires_in": 86399,
        "refresh_in": 43199,
        "access_token": "access_token"
      }
    },
    {
      "RequestUri": "https://management.azure.com/subscriptions/00000000-0000-0000-0000-000000000000/resourceGroups/rgname/providers/Microsoft.Network/virtualNetworks/networknamex6c0d2aef?api-version=2022-09-01",
      "RequestMethod": "PUT",
      "RequestHeaders": {
        "Accept": "application/json",
        "Accept-Encoding": "gzip, deflate",
        "Connection": "keep-alive",
        "Content-Length": "92",
        "Content-Type": "application/json",
        "User-Agent": "azsdk-python-mgmt-network/23.0.0 Python/3.8.16 (Linux-5.15.0-1034-azure-x86_64-with-glibc2.2.5) VSTS_0fb41ef4-5012-48a9-bf39-4ee3de03ee35_build_2500_0"
      },
      "RequestBody": {
        "location": "eastus",
        "properties": {
          "addressSpace": {
            "addressPrefixes": [
              "10.0.0.0/16"
            ]
          }
        }
      },
      "StatusCode": 201,
      "ResponseHeaders": {
        "Azure-AsyncNotification": "Enabled",
        "Azure-AsyncOperation": "https://management.azure.com/subscriptions/00000000-0000-0000-0000-000000000000/providers/Microsoft.Network/locations/eastus/operations/e191d5ff-10d6-470f-9b8e-9a6b0897390e?api-version=2022-09-01",
        "Cache-Control": "no-cache",
        "Content-Length": "624",
        "Content-Type": "application/json; charset=utf-8",
        "Date": "Mon, 03 Apr 2023 06:41:34 GMT",
        "Expires": "-1",
        "Pragma": "no-cache",
        "Retry-After": "3",
        "Server": [
          "Microsoft-HTTPAPI/2.0",
          "Microsoft-HTTPAPI/2.0"
        ],
        "Strict-Transport-Security": "max-age=31536000; includeSubDomains",
        "X-Content-Type-Options": "nosniff",
        "x-ms-arm-service-request-id": "532f8295-3489-44f1-b5f0-227653494295",
        "x-ms-correlation-request-id": "85a69e85-88dd-401d-9984-9122e4bd92d5",
        "x-ms-ratelimit-remaining-subscription-writes": "1197",
        "x-ms-routing-request-id": "SOUTHCENTRALUS:20230403T064134Z:85a69e85-88dd-401d-9984-9122e4bd92d5"
      },
      "ResponseBody": {
        "name": "networknamex6c0d2aef",
        "id": "/subscriptions/00000000-0000-0000-0000-000000000000/resourceGroups/rgname/providers/Microsoft.Network/virtualNetworks/networknamex6c0d2aef",
        "etag": "W/\u0022e143c401-8ac3-42ab-a13f-0cbf19b1faa0\u0022",
        "type": "Microsoft.Network/virtualNetworks",
        "location": "eastus",
        "properties": {
          "provisioningState": "Updating",
          "resourceGuid": "bad4ed40-8232-4cbb-827b-9d16f713caa4",
          "addressSpace": {
            "addressPrefixes": [
              "10.0.0.0/16"
            ]
          },
          "subnets": [],
          "virtualNetworkPeerings": [],
          "enableDdosProtection": false
        }
      }
    },
    {
      "RequestUri": "https://management.azure.com/subscriptions/00000000-0000-0000-0000-000000000000/providers/Microsoft.Network/locations/eastus/operations/e191d5ff-10d6-470f-9b8e-9a6b0897390e?api-version=2022-09-01",
      "RequestMethod": "GET",
      "RequestHeaders": {
        "Accept": "*/*",
        "Accept-Encoding": "gzip, deflate",
        "Connection": "keep-alive",
        "User-Agent": "azsdk-python-mgmt-network/23.0.0 Python/3.8.16 (Linux-5.15.0-1034-azure-x86_64-with-glibc2.2.5) VSTS_0fb41ef4-5012-48a9-bf39-4ee3de03ee35_build_2500_0"
      },
      "RequestBody": null,
      "StatusCode": 200,
      "ResponseHeaders": {
        "Cache-Control": "no-cache",
        "Content-Encoding": "gzip",
        "Content-Type": "application/json; charset=utf-8",
        "Date": "Mon, 03 Apr 2023 06:41:34 GMT",
        "Expires": "-1",
        "Pragma": "no-cache",
        "Retry-After": "10",
        "Server": [
          "Microsoft-HTTPAPI/2.0",
          "Microsoft-HTTPAPI/2.0"
        ],
        "Strict-Transport-Security": "max-age=31536000; includeSubDomains",
        "Transfer-Encoding": "chunked",
        "Vary": "Accept-Encoding",
        "X-Content-Type-Options": "nosniff",
        "x-ms-arm-service-request-id": "f5064d75-bd17-4ae8-849f-33e8dfbe4677",
        "x-ms-correlation-request-id": "daf7c15d-9807-45dc-b0fb-1bb242906959",
        "x-ms-ratelimit-remaining-subscription-reads": "11965",
        "x-ms-routing-request-id": "SOUTHCENTRALUS:20230403T064134Z:daf7c15d-9807-45dc-b0fb-1bb242906959"
      },
      "ResponseBody": {
        "status": "InProgress"
      }
    },
    {
      "RequestUri": "https://management.azure.com/subscriptions/00000000-0000-0000-0000-000000000000/providers/Microsoft.Network/locations/eastus/operations/e191d5ff-10d6-470f-9b8e-9a6b0897390e?api-version=2022-09-01",
      "RequestMethod": "GET",
      "RequestHeaders": {
        "Accept": "*/*",
        "Accept-Encoding": "gzip, deflate",
        "Connection": "keep-alive",
        "User-Agent": "azsdk-python-mgmt-network/23.0.0 Python/3.8.16 (Linux-5.15.0-1034-azure-x86_64-with-glibc2.2.5) VSTS_0fb41ef4-5012-48a9-bf39-4ee3de03ee35_build_2500_0"
      },
      "RequestBody": null,
      "StatusCode": 200,
      "ResponseHeaders": {
        "Cache-Control": "no-cache",
        "Content-Encoding": "gzip",
        "Content-Type": "application/json; charset=utf-8",
        "Date": "Mon, 03 Apr 2023 06:41:44 GMT",
        "Expires": "-1",
        "Pragma": "no-cache",
        "Server": [
          "Microsoft-HTTPAPI/2.0",
          "Microsoft-HTTPAPI/2.0"
        ],
        "Strict-Transport-Security": "max-age=31536000; includeSubDomains",
        "Transfer-Encoding": "chunked",
        "Vary": "Accept-Encoding",
        "X-Content-Type-Options": "nosniff",
        "x-ms-arm-service-request-id": "1065587d-9437-48eb-bdfb-1ce3202c6a97",
        "x-ms-correlation-request-id": "c11dce36-26bb-4dce-bbf6-e69e29aa6fcc",
        "x-ms-ratelimit-remaining-subscription-reads": "11964",
        "x-ms-routing-request-id": "SOUTHCENTRALUS:20230403T064145Z:c11dce36-26bb-4dce-bbf6-e69e29aa6fcc"
      },
      "ResponseBody": {
        "status": "Succeeded"
      }
    },
    {
      "RequestUri": "https://management.azure.com/subscriptions/00000000-0000-0000-0000-000000000000/resourceGroups/rgname/providers/Microsoft.Network/virtualNetworks/networknamex6c0d2aef?api-version=2022-09-01",
      "RequestMethod": "GET",
      "RequestHeaders": {
        "Accept": "*/*",
        "Accept-Encoding": "gzip, deflate",
        "Connection": "keep-alive",
        "User-Agent": "azsdk-python-mgmt-network/23.0.0 Python/3.8.16 (Linux-5.15.0-1034-azure-x86_64-with-glibc2.2.5) VSTS_0fb41ef4-5012-48a9-bf39-4ee3de03ee35_build_2500_0"
      },
      "RequestBody": null,
      "StatusCode": 200,
      "ResponseHeaders": {
        "Cache-Control": "no-cache",
        "Content-Encoding": "gzip",
        "Content-Type": "application/json; charset=utf-8",
        "Date": "Mon, 03 Apr 2023 06:41:44 GMT",
        "ETag": "W/\u00229cbe7839-de66-4119-961a-dd0387b1fa81\u0022",
        "Expires": "-1",
        "Pragma": "no-cache",
        "Server": [
          "Microsoft-HTTPAPI/2.0",
          "Microsoft-HTTPAPI/2.0"
        ],
        "Strict-Transport-Security": "max-age=31536000; includeSubDomains",
        "Transfer-Encoding": "chunked",
        "Vary": "Accept-Encoding",
        "X-Content-Type-Options": "nosniff",
        "x-ms-arm-service-request-id": "101ad8e0-1aec-46b7-8403-3d4ee9d30209",
        "x-ms-correlation-request-id": "8bf93562-242b-4a6c-b6c9-39bcfae8dadd",
        "x-ms-ratelimit-remaining-subscription-reads": "11963",
        "x-ms-routing-request-id": "SOUTHCENTRALUS:20230403T064145Z:8bf93562-242b-4a6c-b6c9-39bcfae8dadd"
      },
      "ResponseBody": {
        "name": "networknamex6c0d2aef",
        "id": "/subscriptions/00000000-0000-0000-0000-000000000000/resourceGroups/rgname/providers/Microsoft.Network/virtualNetworks/networknamex6c0d2aef",
        "etag": "W/\u00229cbe7839-de66-4119-961a-dd0387b1fa81\u0022",
        "type": "Microsoft.Network/virtualNetworks",
        "location": "eastus",
        "properties": {
          "provisioningState": "Succeeded",
          "resourceGuid": "bad4ed40-8232-4cbb-827b-9d16f713caa4",
          "addressSpace": {
            "addressPrefixes": [
              "10.0.0.0/16"
            ]
          },
          "subnets": [],
          "virtualNetworkPeerings": [],
          "enableDdosProtection": false
        }
      }
    },
    {
      "RequestUri": "https://management.azure.com/subscriptions/00000000-0000-0000-0000-000000000000/resourceGroups/rgname/providers/Microsoft.Network/virtualNetworks/networknamex6c0d2aef/subnets/subnetnamex6c0d2aef?api-version=2022-09-01",
      "RequestMethod": "PUT",
      "RequestHeaders": {
        "Accept": "application/json",
        "Accept-Encoding": "gzip, deflate",
        "Connection": "keep-alive",
        "Content-Length": "48",
        "Content-Type": "application/json",
        "User-Agent": "azsdk-python-mgmt-network/23.0.0 Python/3.8.16 (Linux-5.15.0-1034-azure-x86_64-with-glibc2.2.5) VSTS_0fb41ef4-5012-48a9-bf39-4ee3de03ee35_build_2500_0"
      },
      "RequestBody": {
        "properties": {
          "addressPrefix": "10.0.0.0/24"
        }
      },
      "StatusCode": 201,
      "ResponseHeaders": {
        "Azure-AsyncNotification": "Enabled",
        "Azure-AsyncOperation": "https://management.azure.com/subscriptions/00000000-0000-0000-0000-000000000000/providers/Microsoft.Network/locations/eastus/operations/f5976823-f7be-45f8-bc0c-ff5618fa57ba?api-version=2022-09-01",
        "Cache-Control": "no-cache",
        "Content-Length": "556",
        "Content-Type": "application/json; charset=utf-8",
        "Date": "Mon, 03 Apr 2023 06:41:44 GMT",
        "Expires": "-1",
        "Pragma": "no-cache",
        "Retry-After": "3",
        "Server": [
          "Microsoft-HTTPAPI/2.0",
          "Microsoft-HTTPAPI/2.0"
        ],
        "Strict-Transport-Security": "max-age=31536000; includeSubDomains",
        "X-Content-Type-Options": "nosniff",
        "x-ms-arm-service-request-id": "ba1fcf83-114f-4148-b4f1-7d6548bac1a1",
        "x-ms-correlation-request-id": "61f58088-5bef-4d3a-8a62-e36d0d814942",
        "x-ms-ratelimit-remaining-subscription-writes": "1196",
        "x-ms-routing-request-id": "SOUTHCENTRALUS:20230403T064145Z:61f58088-5bef-4d3a-8a62-e36d0d814942"
      },
      "ResponseBody": {
        "name": "subnetnamex6c0d2aef",
        "id": "/subscriptions/00000000-0000-0000-0000-000000000000/resourceGroups/rgname/providers/Microsoft.Network/virtualNetworks/networknamex6c0d2aef/subnets/subnetnamex6c0d2aef",
        "etag": "W/\u0022da8a59ee-7a69-4e38-a5be-c5043ea90981\u0022",
        "properties": {
          "provisioningState": "Updating",
          "addressPrefix": "10.0.0.0/24",
          "delegations": [],
          "privateEndpointNetworkPolicies": "Disabled",
          "privateLinkServiceNetworkPolicies": "Enabled"
        },
        "type": "Microsoft.Network/virtualNetworks/subnets"
      }
    },
    {
      "RequestUri": "https://management.azure.com/subscriptions/00000000-0000-0000-0000-000000000000/providers/Microsoft.Network/locations/eastus/operations/f5976823-f7be-45f8-bc0c-ff5618fa57ba?api-version=2022-09-01",
      "RequestMethod": "GET",
      "RequestHeaders": {
        "Accept": "*/*",
        "Accept-Encoding": "gzip, deflate",
        "Connection": "keep-alive",
        "User-Agent": "azsdk-python-mgmt-network/23.0.0 Python/3.8.16 (Linux-5.15.0-1034-azure-x86_64-with-glibc2.2.5) VSTS_0fb41ef4-5012-48a9-bf39-4ee3de03ee35_build_2500_0"
      },
      "RequestBody": null,
      "StatusCode": 200,
      "ResponseHeaders": {
        "Cache-Control": "no-cache",
        "Content-Encoding": "gzip",
        "Content-Type": "application/json; charset=utf-8",
        "Date": "Mon, 03 Apr 2023 06:41:44 GMT",
        "Expires": "-1",
        "Pragma": "no-cache",
        "Retry-After": "10",
        "Server": [
          "Microsoft-HTTPAPI/2.0",
          "Microsoft-HTTPAPI/2.0"
        ],
        "Strict-Transport-Security": "max-age=31536000; includeSubDomains",
        "Transfer-Encoding": "chunked",
        "Vary": "Accept-Encoding",
        "X-Content-Type-Options": "nosniff",
        "x-ms-arm-service-request-id": "18300b4e-bd82-40a1-8969-87aa7d885700",
        "x-ms-correlation-request-id": "2865983f-b85f-4ac2-809b-b65a3b95fd0b",
        "x-ms-ratelimit-remaining-subscription-reads": "11962",
        "x-ms-routing-request-id": "SOUTHCENTRALUS:20230403T064145Z:2865983f-b85f-4ac2-809b-b65a3b95fd0b"
      },
      "ResponseBody": {
        "status": "InProgress"
      }
    },
    {
      "RequestUri": "https://management.azure.com/subscriptions/00000000-0000-0000-0000-000000000000/providers/Microsoft.Network/locations/eastus/operations/f5976823-f7be-45f8-bc0c-ff5618fa57ba?api-version=2022-09-01",
      "RequestMethod": "GET",
      "RequestHeaders": {
        "Accept": "*/*",
        "Accept-Encoding": "gzip, deflate",
        "Connection": "keep-alive",
        "User-Agent": "azsdk-python-mgmt-network/23.0.0 Python/3.8.16 (Linux-5.15.0-1034-azure-x86_64-with-glibc2.2.5) VSTS_0fb41ef4-5012-48a9-bf39-4ee3de03ee35_build_2500_0"
      },
      "RequestBody": null,
      "StatusCode": 200,
      "ResponseHeaders": {
        "Cache-Control": "no-cache",
        "Content-Encoding": "gzip",
        "Content-Type": "application/json; charset=utf-8",
        "Date": "Mon, 03 Apr 2023 06:41:54 GMT",
        "Expires": "-1",
        "Pragma": "no-cache",
        "Server": [
          "Microsoft-HTTPAPI/2.0",
          "Microsoft-HTTPAPI/2.0"
        ],
        "Strict-Transport-Security": "max-age=31536000; includeSubDomains",
        "Transfer-Encoding": "chunked",
        "Vary": "Accept-Encoding",
        "X-Content-Type-Options": "nosniff",
        "x-ms-arm-service-request-id": "873aff01-d88a-4a85-be66-083a1ead5e0b",
        "x-ms-correlation-request-id": "4459b0e6-90e0-4adb-ae59-dd5d3609a55a",
        "x-ms-ratelimit-remaining-subscription-reads": "11961",
        "x-ms-routing-request-id": "SOUTHCENTRALUS:20230403T064155Z:4459b0e6-90e0-4adb-ae59-dd5d3609a55a"
      },
      "ResponseBody": {
        "status": "Succeeded"
      }
    },
    {
      "RequestUri": "https://management.azure.com/subscriptions/00000000-0000-0000-0000-000000000000/resourceGroups/rgname/providers/Microsoft.Network/virtualNetworks/networknamex6c0d2aef/subnets/subnetnamex6c0d2aef?api-version=2022-09-01",
      "RequestMethod": "GET",
      "RequestHeaders": {
        "Accept": "*/*",
        "Accept-Encoding": "gzip, deflate",
        "Connection": "keep-alive",
        "User-Agent": "azsdk-python-mgmt-network/23.0.0 Python/3.8.16 (Linux-5.15.0-1034-azure-x86_64-with-glibc2.2.5) VSTS_0fb41ef4-5012-48a9-bf39-4ee3de03ee35_build_2500_0"
      },
      "RequestBody": null,
      "StatusCode": 200,
      "ResponseHeaders": {
        "Cache-Control": "no-cache",
        "Content-Encoding": "gzip",
        "Content-Type": "application/json; charset=utf-8",
        "Date": "Mon, 03 Apr 2023 06:41:54 GMT",
        "ETag": "W/\u0022fd4cdbb2-87cc-4d32-af67-a5aa01d3c655\u0022",
        "Expires": "-1",
        "Pragma": "no-cache",
        "Server": [
          "Microsoft-HTTPAPI/2.0",
          "Microsoft-HTTPAPI/2.0"
        ],
        "Strict-Transport-Security": "max-age=31536000; includeSubDomains",
        "Transfer-Encoding": "chunked",
        "Vary": "Accept-Encoding",
        "X-Content-Type-Options": "nosniff",
        "x-ms-arm-service-request-id": "e06816d6-dc8a-4f7a-a926-c4ab434365dd",
        "x-ms-correlation-request-id": "67bb27d7-2a82-48e7-a815-3b94bfe3a803",
        "x-ms-ratelimit-remaining-subscription-reads": "11960",
        "x-ms-routing-request-id": "SOUTHCENTRALUS:20230403T064155Z:67bb27d7-2a82-48e7-a815-3b94bfe3a803"
      },
      "ResponseBody": {
        "name": "subnetnamex6c0d2aef",
        "id": "/subscriptions/00000000-0000-0000-0000-000000000000/resourceGroups/rgname/providers/Microsoft.Network/virtualNetworks/networknamex6c0d2aef/subnets/subnetnamex6c0d2aef",
        "etag": "W/\u0022fd4cdbb2-87cc-4d32-af67-a5aa01d3c655\u0022",
        "properties": {
          "provisioningState": "Succeeded",
          "addressPrefix": "10.0.0.0/24",
          "delegations": [],
          "privateEndpointNetworkPolicies": "Disabled",
          "privateLinkServiceNetworkPolicies": "Enabled"
        },
        "type": "Microsoft.Network/virtualNetworks/subnets"
      }
    },
    {
      "RequestUri": "https://login.microsoftonline.com/00000000-0000-0000-0000-000000000000/v2.0/.well-known/openid-configuration",
      "RequestMethod": "GET",
      "RequestHeaders": {
        "Accept": "*/*",
        "Accept-Encoding": "gzip, deflate",
        "Connection": "keep-alive",
        "User-Agent": "azsdk-python-identity/1.13.0b4 Python/3.8.16 (Linux-5.15.0-1034-azure-x86_64-with-glibc2.2.5) VSTS_0fb41ef4-5012-48a9-bf39-4ee3de03ee35_build_2500_0"
      },
      "RequestBody": null,
      "StatusCode": 200,
      "ResponseHeaders": {
        "Access-Control-Allow-Methods": "GET, OPTIONS",
        "Access-Control-Allow-Origin": "*",
        "Cache-Control": "max-age=86400, private",
        "Content-Length": "1753",
        "Content-Type": "application/json; charset=utf-8",
        "Date": "Mon, 03 Apr 2023 06:41:55 GMT",
        "P3P": "CP=\u0022DSP CUR OTPi IND OTRi ONL FIN\u0022",
        "Set-Cookie": "[set-cookie;]",
        "Strict-Transport-Security": "max-age=31536000; includeSubDomains",
        "X-Content-Type-Options": "nosniff",
        "x-ms-ests-server": "2.1.14939.4 - WUS2 ProdSlices",
        "X-XSS-Protection": "0"
      },
      "ResponseBody": {
        "token_endpoint": "https://login.microsoftonline.com/00000000-0000-0000-0000-000000000000/oauth2/v2.0/token",
        "token_endpoint_auth_methods_supported": [
          "client_secret_post",
          "private_key_jwt",
          "client_secret_basic"
        ],
        "jwks_uri": "https://login.microsoftonline.com/00000000-0000-0000-0000-000000000000/discovery/v2.0/keys",
        "response_modes_supported": [
          "query",
          "fragment",
          "form_post"
        ],
        "subject_types_supported": [
          "pairwise"
        ],
        "id_token_signing_alg_values_supported": [
          "RS256"
        ],
        "response_types_supported": [
          "code",
          "id_token",
          "code id_token",
          "id_token token"
        ],
        "scopes_supported": [
          "openid",
          "profile",
          "email",
          "offline_access"
        ],
        "issuer": "https://login.microsoftonline.com/00000000-0000-0000-0000-000000000000/v2.0",
        "request_uri_parameter_supported": false,
        "userinfo_endpoint": "https://graph.microsoft.com/oidc/userinfo",
        "authorization_endpoint": "https://login.microsoftonline.com/00000000-0000-0000-0000-000000000000/oauth2/v2.0/authorize",
        "device_authorization_endpoint": "https://login.microsoftonline.com/00000000-0000-0000-0000-000000000000/oauth2/v2.0/devicecode",
        "http_logout_supported": true,
        "frontchannel_logout_supported": true,
        "end_session_endpoint": "https://login.microsoftonline.com/00000000-0000-0000-0000-000000000000/oauth2/v2.0/logout",
        "claims_supported": [
          "sub",
          "iss",
          "cloud_instance_name",
          "cloud_instance_host_name",
          "cloud_graph_host_name",
          "msgraph_host",
          "aud",
          "exp",
          "iat",
          "auth_time",
          "acr",
          "nonce",
          "preferred_username",
          "name",
          "tid",
          "ver",
          "at_hash",
          "c_hash",
          "email"
        ],
        "kerberos_endpoint": "https://login.microsoftonline.com/00000000-0000-0000-0000-000000000000/kerberos",
        "tenant_region_scope": "WW",
        "cloud_instance_name": "microsoftonline.com",
        "cloud_graph_host_name": "graph.windows.net",
        "msgraph_host": "graph.microsoft.com",
        "rbac_url": "https://pas.windows.net"
      }
    },
    {
      "RequestUri": "https://login.microsoftonline.com/common/discovery/instance?api-version=1.1\u0026authorization_endpoint=https://login.microsoftonline.com/common/oauth2/authorize",
      "RequestMethod": "GET",
      "RequestHeaders": {
        "Accept": "application/json",
        "Accept-Encoding": "gzip, deflate",
        "Connection": "keep-alive",
        "Cookie": "cookie;",
        "User-Agent": "azsdk-python-identity/1.13.0b4 Python/3.8.16 (Linux-5.15.0-1034-azure-x86_64-with-glibc2.2.5) VSTS_0fb41ef4-5012-48a9-bf39-4ee3de03ee35_build_2500_0"
      },
      "RequestBody": null,
      "StatusCode": 200,
      "ResponseHeaders": {
        "Access-Control-Allow-Methods": "GET, OPTIONS",
        "Access-Control-Allow-Origin": "*",
        "Cache-Control": "max-age=86400, private",
        "Content-Length": "945",
        "Content-Type": "application/json; charset=utf-8",
        "Date": "Mon, 03 Apr 2023 06:41:55 GMT",
        "P3P": "CP=\u0022DSP CUR OTPi IND OTRi ONL FIN\u0022",
        "Set-Cookie": "[set-cookie;]",
        "Strict-Transport-Security": "max-age=31536000; includeSubDomains",
        "X-Content-Type-Options": "nosniff",
        "x-ms-ests-server": "2.1.14939.4 - SCUS ProdSlices",
        "X-XSS-Protection": "0"
      },
      "ResponseBody": {
        "tenant_discovery_endpoint": "https://login.microsoftonline.com/common/.well-known/openid-configuration",
        "api-version": "1.1",
        "metadata": [
          {
            "preferred_network": "login.microsoftonline.com",
            "preferred_cache": "login.windows.net",
            "aliases": [
              "login.microsoftonline.com",
              "login.windows.net",
              "login.microsoft.com",
              "sts.windows.net"
            ]
          },
          {
            "preferred_network": "login.partner.microsoftonline.cn",
            "preferred_cache": "login.partner.microsoftonline.cn",
            "aliases": [
              "login.partner.microsoftonline.cn",
              "login.chinacloudapi.cn"
            ]
          },
          {
            "preferred_network": "login.microsoftonline.de",
            "preferred_cache": "login.microsoftonline.de",
            "aliases": [
              "login.microsoftonline.de"
            ]
          },
          {
            "preferred_network": "login.microsoftonline.us",
            "preferred_cache": "login.microsoftonline.us",
            "aliases": [
              "login.microsoftonline.us",
              "login.usgovcloudapi.net"
            ]
          },
          {
            "preferred_network": "login-us.microsoftonline.com",
            "preferred_cache": "login-us.microsoftonline.com",
            "aliases": [
              "login-us.microsoftonline.com"
            ]
          }
        ]
      }
    },
    {
      "RequestUri": "https://login.microsoftonline.com/00000000-0000-0000-0000-000000000000/oauth2/v2.0/token",
      "RequestMethod": "POST",
      "RequestHeaders": {
        "Accept": "application/json",
        "Accept-Encoding": "gzip, deflate",
        "client-request-id": "fc224ca8-1ad1-4750-b760-35478a3a3d5a",
        "Connection": "keep-alive",
        "Content-Length": "288",
        "Content-Type": "application/x-www-form-urlencoded",
        "Cookie": "cookie;",
        "User-Agent": "azsdk-python-identity/1.13.0b4 Python/3.8.16 (Linux-5.15.0-1034-azure-x86_64-with-glibc2.2.5) VSTS_0fb41ef4-5012-48a9-bf39-4ee3de03ee35_build_2500_0",
        "x-client-cpu": "x64",
        "x-client-current-telemetry": "4|730,0|",
        "x-client-last-telemetry": "4|0|||",
        "x-client-os": "linux",
        "x-client-sku": "MSAL.Python",
        "x-client-ver": "1.21.0",
        "x-ms-lib-capability": "retry-after, h429"
      },
      "RequestBody": "client_id=00000000-0000-0000-0000-000000000000\u0026grant_type=client_credentials\u0026client_info=1\u0026client_secret=00000000-0000-0000-0000-000000000000\u0026claims=%7B%22access_token%22%3A\u002B%7B%22xms_cc%22%3A\u002B%7B%22values%22%3A\u002B%5B%22CP1%22%5D%7D%7D%7D\u0026scope=https%3A%2F%2Fmanagement.azure.com%2F.default",
      "StatusCode": 200,
      "ResponseHeaders": {
        "Cache-Control": "no-store, no-cache",
        "client-request-id": "fc224ca8-1ad1-4750-b760-35478a3a3d5a",
        "Content-Length": "114",
        "Content-Type": "application/json; charset=utf-8",
        "Date": "Mon, 03 Apr 2023 06:41:55 GMT",
        "Expires": "-1",
        "P3P": "CP=\u0022DSP CUR OTPi IND OTRi ONL FIN\u0022",
        "Pragma": "no-cache",
        "Set-Cookie": "[set-cookie;]",
        "Strict-Transport-Security": "max-age=31536000; includeSubDomains",
        "X-Content-Type-Options": "nosniff",
        "x-ms-clitelem": "1,0,0,,",
        "x-ms-ests-server": "2.1.14939.4 - SCUS ProdSlices",
        "X-XSS-Protection": "0"
      },
      "ResponseBody": {
        "token_type": "Bearer",
        "expires_in": 86399,
        "ext_expires_in": 86399,
        "refresh_in": 43199,
        "access_token": "access_token"
      }
    },
    {
      "RequestUri": "https://management.azure.com/subscriptions/00000000-0000-0000-0000-000000000000/resourceGroups/rgname/providers/Microsoft.Compute/virtualMachineScaleSets/virtualmachinescaleset6c0d2aef?api-version=2022-11-01",
      "RequestMethod": "PUT",
      "RequestHeaders": {
        "Accept": "application/json",
        "Accept-Encoding": "gzip, deflate",
        "Connection": "keep-alive",
        "Content-Length": "948",
        "Content-Type": "application/json",
        "User-Agent": "azsdk-python-azure-mgmt-compute/29.2.0 Python/3.8.16 (Linux-5.15.0-1034-azure-x86_64-with-glibc2.2.5) VSTS_0fb41ef4-5012-48a9-bf39-4ee3de03ee35_build_2500_0"
      },
      "RequestBody": {
        "location": "eastus",
        "sku": {
          "name": "Standard_D1_v2",
          "tier": "Standard",
          "capacity": 1
        },
        "properties": {
          "upgradePolicy": {
            "mode": "Manual"
          },
          "virtualMachineProfile": {
            "osProfile": {
              "computerNamePrefix": "testPC",
              "adminUsername": "testuser",
              "adminPassword": "Aa!1()-xyz"
            },
            "storageProfile": {
              "imageReference": {
                "publisher": "MicrosoftWindowsServer",
                "offer": "WindowsServer",
                "sku": "2016-Datacenter",
                "version": "latest"
              },
              "osDisk": {
                "caching": "ReadWrite",
                "createOption": "FromImage",
                "diskSizeGB": 512,
                "managedDisk": {
                  "storageAccountType": "Standard_LRS"
                }
              }
            },
            "networkProfile": {
              "networkInterfaceConfigurations": [
                {
                  "name": "testPC",
                  "properties": {
                    "primary": true,
                    "ipConfigurations": [
                      {
                        "name": "testPC",
                        "properties": {
                          "subnet": {
                            "id": "/subscriptions/00000000-0000-0000-0000-000000000000/resourceGroups/rgname/providers/Microsoft.Network/virtualNetworks/networknamex6c0d2aef/subnets/subnetnamex6c0d2aef"
                          }
                        }
                      }
                    ]
                  }
                }
              ]
            }
          },
          "overprovision": true
        }
      },
      "StatusCode": 201,
      "ResponseHeaders": {
        "Azure-AsyncNotification": "Enabled",
        "Azure-AsyncOperation": "https://management.azure.com/subscriptions/00000000-0000-0000-0000-000000000000/providers/Microsoft.Compute/locations/eastus/operations/913bb610-33a3-4ae4-9231-59123bfabea1?p=c9e32605-d294-4c79-ab2e-5091dea588f3\u0026api-version=2022-11-01",
        "Cache-Control": "no-cache",
        "Content-Length": "3292",
        "Content-Type": "application/json; charset=utf-8",
        "Date": "Mon, 03 Apr 2023 06:41:57 GMT",
        "Expires": "-1",
        "Pragma": "no-cache",
        "Retry-After": "10",
        "Server": [
          "Microsoft-HTTPAPI/2.0",
          "Microsoft-HTTPAPI/2.0"
        ],
        "Strict-Transport-Security": "max-age=31536000; includeSubDomains",
        "X-Content-Type-Options": "nosniff",
        "x-ms-correlation-request-id": "f506db68-cb45-425c-b2d0-d735a41bbe2f",
        "x-ms-ratelimit-remaining-resource": "Microsoft.Compute/CreateVMScaleSet3Min;59,Microsoft.Compute/CreateVMScaleSet30Min;297,Microsoft.Compute/VMScaleSetBatchedVMRequests5Min;1195,Microsoft.Compute/VmssQueuedVMOperations;0",
        "x-ms-ratelimit-remaining-subscription-writes": "1195",
        "x-ms-request-charge": "2",
        "x-ms-routing-request-id": "SOUTHCENTRALUS:20230403T064157Z:f506db68-cb45-425c-b2d0-d735a41bbe2f"
      },
      "ResponseBody": {
        "name": "virtualmachinescaleset6c0d2aef",
        "id": "/subscriptions/00000000-0000-0000-0000-000000000000/resourceGroups/rgname/providers/Microsoft.Compute/virtualMachineScaleSets/virtualmachinescaleset6c0d2aef",
        "type": "Microsoft.Compute/virtualMachineScaleSets",
        "location": "eastus",
        "tags": {
          "azsecpack": "nonprod",
          "platformsettings.host_environment.service.platform_optedin_for_rootcerts": "true"
        },
        "sku": {
          "name": "Standard_D1_v2",
          "tier": "Standard",
          "capacity": 1
        },
        "properties": {
          "singlePlacementGroup": true,
          "orchestrationMode": "Uniform",
          "upgradePolicy": {
            "mode": "Manual"
          },
          "virtualMachineProfile": {
            "osProfile": {
              "computerNamePrefix": "testPC",
              "adminUsername": "testuser",
              "windowsConfiguration": {
                "provisionVMAgent": true,
                "enableAutomaticUpdates": true,
                "enableVMAgentPlatformUpdates": false
              },
              "secrets": [],
              "allowExtensionOperations": true,
              "requireGuestProvisionSignal": true
            },
            "storageProfile": {
              "osDisk": {
                "osType": "Windows",
                "createOption": "FromImage",
                "caching": "ReadWrite",
                "managedDisk": {
                  "storageAccountType": "Standard_LRS"
                },
                "diskSizeGB": 512
              },
              "imageReference": {
                "publisher": "MicrosoftWindowsServer",
                "offer": "WindowsServer",
                "sku": "2016-Datacenter",
                "version": "latest"
              }
            },
            "networkProfile": {
              "networkInterfaceConfigurations": [
                {
                  "name": "testPC",
                  "properties": {
                    "primary": true,
                    "enableAcceleratedNetworking": false,
                    "disableTcpStateTracking": false,
                    "dnsSettings": {
                      "dnsServers": []
                    },
                    "enableIPForwarding": false,
                    "ipConfigurations": [
                      {
                        "name": "testPC",
                        "properties": {
                          "subnet": {
                            "id": "/subscriptions/00000000-0000-0000-0000-000000000000/resourceGroups/rgname/providers/Microsoft.Network/virtualNetworks/networknamex6c0d2aef/subnets/subnetnamex6c0d2aef"
                          },
                          "privateIPAddressVersion": "IPv4"
                        }
                      }
                    ]
                  }
                }
              ]
            },
            "extensionProfile": {
              "extensions": [
                {
                  "name": "Microsoft.Azure.Security.AntimalwareSignature.AntimalwareConfiguration",
                  "properties": {
                    "autoUpgradeMinorVersion": true,
                    "enableAutomaticUpgrade": true,
                    "publisher": "Microsoft.Azure.Security.AntimalwareSignature",
                    "type": "AntimalwareConfiguration",
                    "typeHandlerVersion": "2.0",
                    "settings": {}
                  }
                },
                {
                  "name": "Microsoft.Azure.Geneva.GenevaMonitoring",
                  "properties": {
                    "autoUpgradeMinorVersion": true,
                    "enableAutomaticUpgrade": true,
                    "publisher": "Microsoft.Azure.Geneva",
                    "type": "GenevaMonitoring",
                    "typeHandlerVersion": "2.0",
                    "settings": {}
                  }
                }
              ]
            }
          },
          "provisioningState": "Creating",
          "overprovision": true,
          "doNotRunExtensionsOnOverprovisionedVMs": false,
          "uniqueId": "86783f38-06a4-4868-a023-8af12526540e",
          "timeCreated": "2023-04-03T06:41:57.0817667\u002B00:00"
        }
      }
    },
    {
      "RequestUri": "https://management.azure.com/subscriptions/00000000-0000-0000-0000-000000000000/providers/Microsoft.Compute/locations/eastus/operations/913bb610-33a3-4ae4-9231-59123bfabea1?p=c9e32605-d294-4c79-ab2e-5091dea588f3\u0026api-version=2022-11-01",
      "RequestMethod": "GET",
      "RequestHeaders": {
        "Accept": "*/*",
        "Accept-Encoding": "gzip, deflate",
        "Connection": "keep-alive",
        "User-Agent": "azsdk-python-azure-mgmt-compute/29.2.0 Python/3.8.16 (Linux-5.15.0-1034-azure-x86_64-with-glibc2.2.5) VSTS_0fb41ef4-5012-48a9-bf39-4ee3de03ee35_build_2500_0"
      },
      "RequestBody": null,
      "StatusCode": 200,
      "ResponseHeaders": {
        "Cache-Control": "no-cache",
        "Content-Encoding": "gzip",
        "Content-Type": "application/json; charset=utf-8",
        "Date": "Mon, 03 Apr 2023 06:41:57 GMT",
        "Expires": "-1",
        "Pragma": "no-cache",
        "Retry-After": "97",
        "Server": [
          "Microsoft-HTTPAPI/2.0",
          "Microsoft-HTTPAPI/2.0"
        ],
        "Strict-Transport-Security": "max-age=31536000; includeSubDomains",
        "Transfer-Encoding": "chunked",
        "Vary": "Accept-Encoding",
        "X-Content-Type-Options": "nosniff",
        "x-ms-correlation-request-id": "522e1185-924e-4ef2-aa31-39e16976daaa",
        "x-ms-ratelimit-remaining-resource": "Microsoft.Compute/GetOperation3Min;14983,Microsoft.Compute/GetOperation30Min;29891",
        "x-ms-ratelimit-remaining-subscription-reads": "11959",
        "x-ms-routing-request-id": "SOUTHCENTRALUS:20230403T064157Z:522e1185-924e-4ef2-aa31-39e16976daaa"
      },
      "ResponseBody": {
        "startTime": "2023-04-03T06:41:57.066016\u002B00:00",
        "status": "InProgress",
        "name": "913bb610-33a3-4ae4-9231-59123bfabea1"
      }
    },
    {
      "RequestUri": "https://management.azure.com/subscriptions/00000000-0000-0000-0000-000000000000/providers/Microsoft.Compute/locations/eastus/operations/913bb610-33a3-4ae4-9231-59123bfabea1?p=c9e32605-d294-4c79-ab2e-5091dea588f3\u0026api-version=2022-11-01",
      "RequestMethod": "GET",
      "RequestHeaders": {
        "Accept": "*/*",
        "Accept-Encoding": "gzip, deflate",
        "Connection": "keep-alive",
        "User-Agent": "azsdk-python-azure-mgmt-compute/29.2.0 Python/3.8.16 (Linux-5.15.0-1034-azure-x86_64-with-glibc2.2.5) VSTS_0fb41ef4-5012-48a9-bf39-4ee3de03ee35_build_2500_0"
      },
      "RequestBody": null,
      "StatusCode": 200,
      "ResponseHeaders": {
        "Cache-Control": "no-cache",
        "Content-Encoding": "gzip",
        "Content-Type": "application/json; charset=utf-8",
        "Date": "Mon, 03 Apr 2023 06:43:34 GMT",
        "Expires": "-1",
        "Pragma": "no-cache",
        "Server": [
          "Microsoft-HTTPAPI/2.0",
          "Microsoft-HTTPAPI/2.0"
        ],
        "Strict-Transport-Security": "max-age=31536000; includeSubDomains",
        "Transfer-Encoding": "chunked",
        "Vary": "Accept-Encoding",
        "X-Content-Type-Options": "nosniff",
        "x-ms-correlation-request-id": "3b606b2c-3e9a-4455-999e-dce0b2ac1035",
        "x-ms-ratelimit-remaining-resource": "Microsoft.Compute/GetOperation3Min;14993,Microsoft.Compute/GetOperation30Min;29888",
        "x-ms-ratelimit-remaining-subscription-reads": "11958",
        "x-ms-routing-request-id": "SOUTHCENTRALUS:20230403T064335Z:3b606b2c-3e9a-4455-999e-dce0b2ac1035"
      },
      "ResponseBody": {
        "startTime": "2023-04-03T06:41:57.066016\u002B00:00",
        "status": "InProgress",
        "name": "913bb610-33a3-4ae4-9231-59123bfabea1"
      }
    },
    {
      "RequestUri": "https://management.azure.com/subscriptions/00000000-0000-0000-0000-000000000000/providers/Microsoft.Compute/locations/eastus/operations/913bb610-33a3-4ae4-9231-59123bfabea1?p=c9e32605-d294-4c79-ab2e-5091dea588f3\u0026api-version=2022-11-01",
      "RequestMethod": "GET",
      "RequestHeaders": {
        "Accept": "*/*",
        "Accept-Encoding": "gzip, deflate",
        "Connection": "keep-alive",
        "User-Agent": "azsdk-python-azure-mgmt-compute/29.2.0 Python/3.8.16 (Linux-5.15.0-1034-azure-x86_64-with-glibc2.2.5) VSTS_0fb41ef4-5012-48a9-bf39-4ee3de03ee35_build_2500_0"
      },
      "RequestBody": null,
      "StatusCode": 200,
      "ResponseHeaders": {
        "Cache-Control": "no-cache",
        "Content-Encoding": "gzip",
        "Content-Type": "application/json; charset=utf-8",
        "Date": "Mon, 03 Apr 2023 06:44:04 GMT",
        "Expires": "-1",
        "Pragma": "no-cache",
        "Server": [
          "Microsoft-HTTPAPI/2.0",
          "Microsoft-HTTPAPI/2.0"
        ],
        "Strict-Transport-Security": "max-age=31536000; includeSubDomains",
        "Transfer-Encoding": "chunked",
        "Vary": "Accept-Encoding",
        "X-Content-Type-Options": "nosniff",
        "x-ms-correlation-request-id": "027a00e5-e574-4b23-9f67-1604d124f1ad",
        "x-ms-ratelimit-remaining-resource": "Microsoft.Compute/GetOperation3Min;14993,Microsoft.Compute/GetOperation30Min;29886",
        "x-ms-ratelimit-remaining-subscription-reads": "11957",
        "x-ms-routing-request-id": "SOUTHCENTRALUS:20230403T064405Z:027a00e5-e574-4b23-9f67-1604d124f1ad"
      },
      "ResponseBody": {
        "startTime": "2023-04-03T06:41:57.066016\u002B00:00",
        "status": "InProgress",
        "name": "913bb610-33a3-4ae4-9231-59123bfabea1"
      }
    },
    {
      "RequestUri": "https://management.azure.com/subscriptions/00000000-0000-0000-0000-000000000000/providers/Microsoft.Compute/locations/eastus/operations/913bb610-33a3-4ae4-9231-59123bfabea1?p=c9e32605-d294-4c79-ab2e-5091dea588f3\u0026api-version=2022-11-01",
      "RequestMethod": "GET",
      "RequestHeaders": {
        "Accept": "*/*",
        "Accept-Encoding": "gzip, deflate",
        "Connection": "keep-alive",
        "User-Agent": "azsdk-python-azure-mgmt-compute/29.2.0 Python/3.8.16 (Linux-5.15.0-1034-azure-x86_64-with-glibc2.2.5) VSTS_0fb41ef4-5012-48a9-bf39-4ee3de03ee35_build_2500_0"
      },
      "RequestBody": null,
      "StatusCode": 200,
      "ResponseHeaders": {
        "Cache-Control": "no-cache",
        "Content-Encoding": "gzip",
        "Content-Type": "application/json; charset=utf-8",
        "Date": "Mon, 03 Apr 2023 06:44:35 GMT",
        "Expires": "-1",
        "Pragma": "no-cache",
        "Server": [
          "Microsoft-HTTPAPI/2.0",
          "Microsoft-HTTPAPI/2.0"
        ],
        "Strict-Transport-Security": "max-age=31536000; includeSubDomains",
        "Transfer-Encoding": "chunked",
        "Vary": "Accept-Encoding",
        "X-Content-Type-Options": "nosniff",
        "x-ms-correlation-request-id": "9b9077ee-d26a-40a5-af0b-15150a9511b4",
        "x-ms-ratelimit-remaining-resource": "Microsoft.Compute/GetOperation3Min;14994,Microsoft.Compute/GetOperation30Min;29885",
        "x-ms-ratelimit-remaining-subscription-reads": "11956",
        "x-ms-routing-request-id": "SOUTHCENTRALUS:20230403T064435Z:9b9077ee-d26a-40a5-af0b-15150a9511b4"
      },
      "ResponseBody": {
        "startTime": "2023-04-03T06:41:57.066016\u002B00:00",
        "status": "InProgress",
        "name": "913bb610-33a3-4ae4-9231-59123bfabea1"
      }
    },
    {
      "RequestUri": "https://management.azure.com/subscriptions/00000000-0000-0000-0000-000000000000/providers/Microsoft.Compute/locations/eastus/operations/913bb610-33a3-4ae4-9231-59123bfabea1?p=c9e32605-d294-4c79-ab2e-5091dea588f3\u0026api-version=2022-11-01",
      "RequestMethod": "GET",
      "RequestHeaders": {
        "Accept": "*/*",
        "Accept-Encoding": "gzip, deflate",
        "Connection": "keep-alive",
        "User-Agent": "azsdk-python-azure-mgmt-compute/29.2.0 Python/3.8.16 (Linux-5.15.0-1034-azure-x86_64-with-glibc2.2.5) VSTS_0fb41ef4-5012-48a9-bf39-4ee3de03ee35_build_2500_0"
      },
      "RequestBody": null,
      "StatusCode": 200,
      "ResponseHeaders": {
        "Cache-Control": "no-cache",
        "Content-Encoding": "gzip",
        "Content-Type": "application/json; charset=utf-8",
        "Date": "Mon, 03 Apr 2023 06:45:04 GMT",
        "Expires": "-1",
        "Pragma": "no-cache",
        "Server": [
          "Microsoft-HTTPAPI/2.0",
          "Microsoft-HTTPAPI/2.0"
        ],
        "Strict-Transport-Security": "max-age=31536000; includeSubDomains",
        "Transfer-Encoding": "chunked",
        "Vary": "Accept-Encoding",
        "X-Content-Type-Options": "nosniff",
        "x-ms-correlation-request-id": "9c833274-ec87-457d-9b69-312837cf7299",
        "x-ms-ratelimit-remaining-resource": "Microsoft.Compute/GetOperation3Min;14992,Microsoft.Compute/GetOperation30Min;29915",
        "x-ms-ratelimit-remaining-subscription-reads": "11955",
        "x-ms-routing-request-id": "SOUTHCENTRALUS:20230403T064505Z:9c833274-ec87-457d-9b69-312837cf7299"
      },
      "ResponseBody": {
        "startTime": "2023-04-03T06:41:57.066016\u002B00:00",
        "status": "InProgress",
        "name": "913bb610-33a3-4ae4-9231-59123bfabea1"
      }
    },
    {
      "RequestUri": "https://management.azure.com/subscriptions/00000000-0000-0000-0000-000000000000/providers/Microsoft.Compute/locations/eastus/operations/913bb610-33a3-4ae4-9231-59123bfabea1?p=c9e32605-d294-4c79-ab2e-5091dea588f3\u0026api-version=2022-11-01",
      "RequestMethod": "GET",
      "RequestHeaders": {
        "Accept": "*/*",
        "Accept-Encoding": "gzip, deflate",
        "Connection": "keep-alive",
        "User-Agent": "azsdk-python-azure-mgmt-compute/29.2.0 Python/3.8.16 (Linux-5.15.0-1034-azure-x86_64-with-glibc2.2.5) VSTS_0fb41ef4-5012-48a9-bf39-4ee3de03ee35_build_2500_0"
      },
      "RequestBody": null,
      "StatusCode": 200,
      "ResponseHeaders": {
        "Cache-Control": "no-cache",
        "Content-Encoding": "gzip",
        "Content-Type": "application/json; charset=utf-8",
        "Date": "Mon, 03 Apr 2023 06:45:34 GMT",
        "Expires": "-1",
        "Pragma": "no-cache",
        "Server": [
          "Microsoft-HTTPAPI/2.0",
          "Microsoft-HTTPAPI/2.0"
        ],
        "Strict-Transport-Security": "max-age=31536000; includeSubDomains",
        "Transfer-Encoding": "chunked",
        "Vary": "Accept-Encoding",
        "X-Content-Type-Options": "nosniff",
        "x-ms-correlation-request-id": "7d10d8f1-ca22-4f98-8c6b-af828ce869f2",
        "x-ms-ratelimit-remaining-resource": "Microsoft.Compute/GetOperation3Min;14992,Microsoft.Compute/GetOperation30Min;29914",
        "x-ms-ratelimit-remaining-subscription-reads": "11954",
        "x-ms-routing-request-id": "SOUTHCENTRALUS:20230403T064535Z:7d10d8f1-ca22-4f98-8c6b-af828ce869f2"
      },
      "ResponseBody": {
        "startTime": "2023-04-03T06:41:57.066016\u002B00:00",
        "status": "InProgress",
        "name": "913bb610-33a3-4ae4-9231-59123bfabea1"
      }
    },
    {
      "RequestUri": "https://management.azure.com/subscriptions/00000000-0000-0000-0000-000000000000/providers/Microsoft.Compute/locations/eastus/operations/913bb610-33a3-4ae4-9231-59123bfabea1?p=c9e32605-d294-4c79-ab2e-5091dea588f3\u0026api-version=2022-11-01",
      "RequestMethod": "GET",
      "RequestHeaders": {
        "Accept": "*/*",
        "Accept-Encoding": "gzip, deflate",
        "Connection": "keep-alive",
        "User-Agent": "azsdk-python-azure-mgmt-compute/29.2.0 Python/3.8.16 (Linux-5.15.0-1034-azure-x86_64-with-glibc2.2.5) VSTS_0fb41ef4-5012-48a9-bf39-4ee3de03ee35_build_2500_0"
      },
      "RequestBody": null,
      "StatusCode": 200,
      "ResponseHeaders": {
        "Cache-Control": "no-cache",
        "Content-Encoding": "gzip",
        "Content-Type": "application/json; charset=utf-8",
        "Date": "Mon, 03 Apr 2023 06:46:05 GMT",
        "Expires": "-1",
        "Pragma": "no-cache",
        "Server": [
          "Microsoft-HTTPAPI/2.0",
          "Microsoft-HTTPAPI/2.0"
        ],
        "Strict-Transport-Security": "max-age=31536000; includeSubDomains",
        "Transfer-Encoding": "chunked",
        "Vary": "Accept-Encoding",
        "X-Content-Type-Options": "nosniff",
        "x-ms-correlation-request-id": "f7d57ddd-64d5-4dca-83e4-11089305877d",
        "x-ms-ratelimit-remaining-resource": "Microsoft.Compute/GetOperation3Min;14991,Microsoft.Compute/GetOperation30Min;29912",
        "x-ms-ratelimit-remaining-subscription-reads": "11953",
        "x-ms-routing-request-id": "SOUTHCENTRALUS:20230403T064605Z:f7d57ddd-64d5-4dca-83e4-11089305877d"
      },
      "ResponseBody": {
        "startTime": "2023-04-03T06:41:57.066016\u002B00:00",
        "status": "InProgress",
        "name": "913bb610-33a3-4ae4-9231-59123bfabea1"
      }
    },
    {
      "RequestUri": "https://management.azure.com/subscriptions/00000000-0000-0000-0000-000000000000/providers/Microsoft.Compute/locations/eastus/operations/913bb610-33a3-4ae4-9231-59123bfabea1?p=c9e32605-d294-4c79-ab2e-5091dea588f3\u0026api-version=2022-11-01",
      "RequestMethod": "GET",
      "RequestHeaders": {
        "Accept": "*/*",
        "Accept-Encoding": "gzip, deflate",
        "Connection": "keep-alive",
        "User-Agent": "azsdk-python-azure-mgmt-compute/29.2.0 Python/3.8.16 (Linux-5.15.0-1034-azure-x86_64-with-glibc2.2.5) VSTS_0fb41ef4-5012-48a9-bf39-4ee3de03ee35_build_2500_0"
      },
      "RequestBody": null,
      "StatusCode": 200,
      "ResponseHeaders": {
        "Cache-Control": "no-cache",
        "Content-Encoding": "gzip",
        "Content-Type": "application/json; charset=utf-8",
        "Date": "Mon, 03 Apr 2023 06:46:35 GMT",
        "Expires": "-1",
        "Pragma": "no-cache",
        "Server": [
          "Microsoft-HTTPAPI/2.0",
          "Microsoft-HTTPAPI/2.0"
        ],
        "Strict-Transport-Security": "max-age=31536000; includeSubDomains",
        "Transfer-Encoding": "chunked",
        "Vary": "Accept-Encoding",
        "X-Content-Type-Options": "nosniff",
        "x-ms-correlation-request-id": "1a841a63-c3c3-480a-8bc0-5e0ae2e9b7c3",
        "x-ms-ratelimit-remaining-resource": "Microsoft.Compute/GetOperation3Min;14992,Microsoft.Compute/GetOperation30Min;29911",
        "x-ms-ratelimit-remaining-subscription-reads": "11952",
        "x-ms-routing-request-id": "SOUTHCENTRALUS:20230403T064635Z:1a841a63-c3c3-480a-8bc0-5e0ae2e9b7c3"
      },
      "ResponseBody": {
        "startTime": "2023-04-03T06:41:57.066016\u002B00:00",
        "status": "InProgress",
        "name": "913bb610-33a3-4ae4-9231-59123bfabea1"
      }
    },
    {
      "RequestUri": "https://management.azure.com/subscriptions/00000000-0000-0000-0000-000000000000/providers/Microsoft.Compute/locations/eastus/operations/913bb610-33a3-4ae4-9231-59123bfabea1?p=c9e32605-d294-4c79-ab2e-5091dea588f3\u0026api-version=2022-11-01",
      "RequestMethod": "GET",
      "RequestHeaders": {
        "Accept": "*/*",
        "Accept-Encoding": "gzip, deflate",
        "Connection": "keep-alive",
        "User-Agent": "azsdk-python-azure-mgmt-compute/29.2.0 Python/3.8.16 (Linux-5.15.0-1034-azure-x86_64-with-glibc2.2.5) VSTS_0fb41ef4-5012-48a9-bf39-4ee3de03ee35_build_2500_0"
      },
      "RequestBody": null,
      "StatusCode": 200,
      "ResponseHeaders": {
        "Cache-Control": "no-cache",
        "Content-Encoding": "gzip",
        "Content-Type": "application/json; charset=utf-8",
        "Date": "Mon, 03 Apr 2023 06:47:05 GMT",
        "Expires": "-1",
        "Pragma": "no-cache",
        "Server": [
          "Microsoft-HTTPAPI/2.0",
          "Microsoft-HTTPAPI/2.0"
        ],
        "Strict-Transport-Security": "max-age=31536000; includeSubDomains",
        "Transfer-Encoding": "chunked",
        "Vary": "Accept-Encoding",
        "X-Content-Type-Options": "nosniff",
        "x-ms-correlation-request-id": "f5c45e61-9440-40bc-8dcc-08bc272e9b9a",
        "x-ms-ratelimit-remaining-resource": "Microsoft.Compute/GetOperation3Min;14991,Microsoft.Compute/GetOperation30Min;29909",
        "x-ms-ratelimit-remaining-subscription-reads": "11951",
        "x-ms-routing-request-id": "SOUTHCENTRALUS:20230403T064705Z:f5c45e61-9440-40bc-8dcc-08bc272e9b9a"
      },
      "ResponseBody": {
        "startTime": "2023-04-03T06:41:57.066016\u002B00:00",
        "status": "InProgress",
        "name": "913bb610-33a3-4ae4-9231-59123bfabea1"
      }
    },
    {
      "RequestUri": "https://management.azure.com/subscriptions/00000000-0000-0000-0000-000000000000/providers/Microsoft.Compute/locations/eastus/operations/913bb610-33a3-4ae4-9231-59123bfabea1?p=c9e32605-d294-4c79-ab2e-5091dea588f3\u0026api-version=2022-11-01",
      "RequestMethod": "GET",
      "RequestHeaders": {
        "Accept": "*/*",
        "Accept-Encoding": "gzip, deflate",
        "Connection": "keep-alive",
        "User-Agent": "azsdk-python-azure-mgmt-compute/29.2.0 Python/3.8.16 (Linux-5.15.0-1034-azure-x86_64-with-glibc2.2.5) VSTS_0fb41ef4-5012-48a9-bf39-4ee3de03ee35_build_2500_0"
      },
      "RequestBody": null,
      "StatusCode": 200,
      "ResponseHeaders": {
        "Cache-Control": "no-cache",
        "Content-Encoding": "gzip",
        "Content-Type": "application/json; charset=utf-8",
        "Date": "Mon, 03 Apr 2023 06:47:35 GMT",
        "Expires": "-1",
        "Pragma": "no-cache",
        "Server": [
          "Microsoft-HTTPAPI/2.0",
          "Microsoft-HTTPAPI/2.0"
        ],
        "Strict-Transport-Security": "max-age=31536000; includeSubDomains",
        "Transfer-Encoding": "chunked",
        "Vary": "Accept-Encoding",
        "X-Content-Type-Options": "nosniff",
        "x-ms-correlation-request-id": "05bc2156-0cf4-4d57-a30c-0145e04b1e71",
        "x-ms-ratelimit-remaining-resource": "Microsoft.Compute/GetOperation3Min;14992,Microsoft.Compute/GetOperation30Min;29908",
        "x-ms-ratelimit-remaining-subscription-reads": "11950",
        "x-ms-routing-request-id": "SOUTHCENTRALUS:20230403T064735Z:05bc2156-0cf4-4d57-a30c-0145e04b1e71"
      },
      "ResponseBody": {
        "startTime": "2023-04-03T06:41:57.066016\u002B00:00",
        "status": "InProgress",
        "name": "913bb610-33a3-4ae4-9231-59123bfabea1"
      }
    },
    {
      "RequestUri": "https://management.azure.com/subscriptions/00000000-0000-0000-0000-000000000000/providers/Microsoft.Compute/locations/eastus/operations/913bb610-33a3-4ae4-9231-59123bfabea1?p=c9e32605-d294-4c79-ab2e-5091dea588f3\u0026api-version=2022-11-01",
      "RequestMethod": "GET",
      "RequestHeaders": {
        "Accept": "*/*",
        "Accept-Encoding": "gzip, deflate",
        "Connection": "keep-alive",
        "User-Agent": "azsdk-python-azure-mgmt-compute/29.2.0 Python/3.8.16 (Linux-5.15.0-1034-azure-x86_64-with-glibc2.2.5) VSTS_0fb41ef4-5012-48a9-bf39-4ee3de03ee35_build_2500_0"
      },
      "RequestBody": null,
      "StatusCode": 200,
      "ResponseHeaders": {
        "Cache-Control": "no-cache",
        "Content-Encoding": "gzip",
        "Content-Type": "application/json; charset=utf-8",
        "Date": "Mon, 03 Apr 2023 06:48:06 GMT",
        "Expires": "-1",
        "Pragma": "no-cache",
        "Server": [
          "Microsoft-HTTPAPI/2.0",
          "Microsoft-HTTPAPI/2.0"
        ],
        "Strict-Transport-Security": "max-age=31536000; includeSubDomains",
        "Transfer-Encoding": "chunked",
        "Vary": "Accept-Encoding",
        "X-Content-Type-Options": "nosniff",
        "x-ms-correlation-request-id": "01f6b2d2-c08d-4985-b0b2-5277ffe7b8a5",
        "x-ms-ratelimit-remaining-resource": "Microsoft.Compute/GetOperation3Min;14991,Microsoft.Compute/GetOperation30Min;29906",
        "x-ms-ratelimit-remaining-subscription-reads": "11949",
        "x-ms-routing-request-id": "SOUTHCENTRALUS:20230403T064806Z:01f6b2d2-c08d-4985-b0b2-5277ffe7b8a5"
      },
      "ResponseBody": {
        "startTime": "2023-04-03T06:41:57.066016\u002B00:00",
        "status": "InProgress",
        "name": "913bb610-33a3-4ae4-9231-59123bfabea1"
      }
    },
    {
      "RequestUri": "https://management.azure.com/subscriptions/00000000-0000-0000-0000-000000000000/providers/Microsoft.Compute/locations/eastus/operations/913bb610-33a3-4ae4-9231-59123bfabea1?p=c9e32605-d294-4c79-ab2e-5091dea588f3\u0026api-version=2022-11-01",
      "RequestMethod": "GET",
      "RequestHeaders": {
        "Accept": "*/*",
        "Accept-Encoding": "gzip, deflate",
        "Connection": "keep-alive",
        "User-Agent": "azsdk-python-azure-mgmt-compute/29.2.0 Python/3.8.16 (Linux-5.15.0-1034-azure-x86_64-with-glibc2.2.5) VSTS_0fb41ef4-5012-48a9-bf39-4ee3de03ee35_build_2500_0"
      },
      "RequestBody": null,
      "StatusCode": 200,
      "ResponseHeaders": {
        "Cache-Control": "no-cache",
        "Content-Encoding": "gzip",
        "Content-Type": "application/json; charset=utf-8",
        "Date": "Mon, 03 Apr 2023 06:48:36 GMT",
        "Expires": "-1",
        "Pragma": "no-cache",
        "Server": [
          "Microsoft-HTTPAPI/2.0",
          "Microsoft-HTTPAPI/2.0"
        ],
        "Strict-Transport-Security": "max-age=31536000; includeSubDomains",
        "Transfer-Encoding": "chunked",
        "Vary": "Accept-Encoding",
        "X-Content-Type-Options": "nosniff",
        "x-ms-correlation-request-id": "1924c16a-2477-4b08-b5d7-2541b982fe1a",
        "x-ms-ratelimit-remaining-resource": "Microsoft.Compute/GetOperation3Min;14992,Microsoft.Compute/GetOperation30Min;29905",
        "x-ms-ratelimit-remaining-subscription-reads": "11948",
        "x-ms-routing-request-id": "SOUTHCENTRALUS:20230403T064836Z:1924c16a-2477-4b08-b5d7-2541b982fe1a"
      },
      "ResponseBody": {
        "startTime": "2023-04-03T06:41:57.066016\u002B00:00",
        "status": "InProgress",
        "name": "913bb610-33a3-4ae4-9231-59123bfabea1"
      }
    },
    {
      "RequestUri": "https://management.azure.com/subscriptions/00000000-0000-0000-0000-000000000000/providers/Microsoft.Compute/locations/eastus/operations/913bb610-33a3-4ae4-9231-59123bfabea1?p=c9e32605-d294-4c79-ab2e-5091dea588f3\u0026api-version=2022-11-01",
      "RequestMethod": "GET",
      "RequestHeaders": {
        "Accept": "*/*",
        "Accept-Encoding": "gzip, deflate",
        "Connection": "keep-alive",
        "User-Agent": "azsdk-python-azure-mgmt-compute/29.2.0 Python/3.8.16 (Linux-5.15.0-1034-azure-x86_64-with-glibc2.2.5) VSTS_0fb41ef4-5012-48a9-bf39-4ee3de03ee35_build_2500_0"
      },
      "RequestBody": null,
      "StatusCode": 200,
      "ResponseHeaders": {
        "Cache-Control": "no-cache",
        "Content-Encoding": "gzip",
        "Content-Type": "application/json; charset=utf-8",
        "Date": "Mon, 03 Apr 2023 06:49:05 GMT",
        "Expires": "-1",
        "Pragma": "no-cache",
        "Server": [
          "Microsoft-HTTPAPI/2.0",
          "Microsoft-HTTPAPI/2.0"
        ],
        "Strict-Transport-Security": "max-age=31536000; includeSubDomains",
        "Transfer-Encoding": "chunked",
        "Vary": "Accept-Encoding",
        "X-Content-Type-Options": "nosniff",
        "x-ms-correlation-request-id": "3d69993a-3230-4a07-915d-294c0cba8159",
        "x-ms-ratelimit-remaining-resource": "Microsoft.Compute/GetOperation3Min;14991,Microsoft.Compute/GetOperation30Min;29903",
        "x-ms-ratelimit-remaining-subscription-reads": "11947",
        "x-ms-routing-request-id": "SOUTHCENTRALUS:20230403T064906Z:3d69993a-3230-4a07-915d-294c0cba8159"
      },
      "ResponseBody": {
        "startTime": "2023-04-03T06:41:57.066016\u002B00:00",
        "status": "InProgress",
        "name": "913bb610-33a3-4ae4-9231-59123bfabea1"
      }
    },
    {
      "RequestUri": "https://management.azure.com/subscriptions/00000000-0000-0000-0000-000000000000/providers/Microsoft.Compute/locations/eastus/operations/913bb610-33a3-4ae4-9231-59123bfabea1?p=c9e32605-d294-4c79-ab2e-5091dea588f3\u0026api-version=2022-11-01",
      "RequestMethod": "GET",
      "RequestHeaders": {
        "Accept": "*/*",
        "Accept-Encoding": "gzip, deflate",
        "Connection": "keep-alive",
        "User-Agent": "azsdk-python-azure-mgmt-compute/29.2.0 Python/3.8.16 (Linux-5.15.0-1034-azure-x86_64-with-glibc2.2.5) VSTS_0fb41ef4-5012-48a9-bf39-4ee3de03ee35_build_2500_0"
      },
      "RequestBody": null,
      "StatusCode": 200,
      "ResponseHeaders": {
        "Cache-Control": "no-cache",
        "Content-Encoding": "gzip",
        "Content-Type": "application/json; charset=utf-8",
        "Date": "Mon, 03 Apr 2023 06:49:35 GMT",
        "Expires": "-1",
        "Pragma": "no-cache",
        "Server": [
          "Microsoft-HTTPAPI/2.0",
          "Microsoft-HTTPAPI/2.0"
        ],
        "Strict-Transport-Security": "max-age=31536000; includeSubDomains",
        "Transfer-Encoding": "chunked",
        "Vary": "Accept-Encoding",
        "X-Content-Type-Options": "nosniff",
        "x-ms-correlation-request-id": "1029443e-22f3-482a-9310-8a847630867e",
        "x-ms-ratelimit-remaining-resource": "Microsoft.Compute/GetOperation3Min;14992,Microsoft.Compute/GetOperation30Min;29902",
        "x-ms-ratelimit-remaining-subscription-reads": "11946",
        "x-ms-routing-request-id": "SOUTHCENTRALUS:20230403T064936Z:1029443e-22f3-482a-9310-8a847630867e"
      },
      "ResponseBody": {
        "startTime": "2023-04-03T06:41:57.066016\u002B00:00",
        "status": "InProgress",
        "name": "913bb610-33a3-4ae4-9231-59123bfabea1"
      }
    },
    {
      "RequestUri": "https://management.azure.com/subscriptions/00000000-0000-0000-0000-000000000000/providers/Microsoft.Compute/locations/eastus/operations/913bb610-33a3-4ae4-9231-59123bfabea1?p=c9e32605-d294-4c79-ab2e-5091dea588f3\u0026api-version=2022-11-01",
      "RequestMethod": "GET",
      "RequestHeaders": {
        "Accept": "*/*",
        "Accept-Encoding": "gzip, deflate",
        "Connection": "keep-alive",
        "User-Agent": "azsdk-python-azure-mgmt-compute/29.2.0 Python/3.8.16 (Linux-5.15.0-1034-azure-x86_64-with-glibc2.2.5) VSTS_0fb41ef4-5012-48a9-bf39-4ee3de03ee35_build_2500_0"
      },
      "RequestBody": null,
      "StatusCode": 200,
      "ResponseHeaders": {
        "Cache-Control": "no-cache",
        "Content-Encoding": "gzip",
        "Content-Type": "application/json; charset=utf-8",
        "Date": "Mon, 03 Apr 2023 06:50:05 GMT",
        "Expires": "-1",
        "Pragma": "no-cache",
        "Server": [
          "Microsoft-HTTPAPI/2.0",
          "Microsoft-HTTPAPI/2.0"
        ],
        "Strict-Transport-Security": "max-age=31536000; includeSubDomains",
        "Transfer-Encoding": "chunked",
        "Vary": "Accept-Encoding",
        "X-Content-Type-Options": "nosniff",
        "x-ms-correlation-request-id": "9a9f3eb5-ef03-4993-9c5c-70159c691446",
        "x-ms-ratelimit-remaining-resource": "Microsoft.Compute/GetOperation3Min;14991,Microsoft.Compute/GetOperation30Min;29915",
        "x-ms-ratelimit-remaining-subscription-reads": "11945",
        "x-ms-routing-request-id": "SOUTHCENTRALUS:20230403T065006Z:9a9f3eb5-ef03-4993-9c5c-70159c691446"
      },
      "ResponseBody": {
        "startTime": "2023-04-03T06:41:57.066016\u002B00:00",
        "endTime": "2023-04-03T06:49:41.9852192\u002B00:00",
        "status": "Succeeded",
        "name": "913bb610-33a3-4ae4-9231-59123bfabea1"
      }
    },
    {
      "RequestUri": "https://management.azure.com/subscriptions/00000000-0000-0000-0000-000000000000/resourceGroups/rgname/providers/Microsoft.Compute/virtualMachineScaleSets/virtualmachinescaleset6c0d2aef?api-version=2022-11-01",
      "RequestMethod": "GET",
      "RequestHeaders": {
        "Accept": "*/*",
        "Accept-Encoding": "gzip, deflate",
        "Connection": "keep-alive",
        "User-Agent": "azsdk-python-azure-mgmt-compute/29.2.0 Python/3.8.16 (Linux-5.15.0-1034-azure-x86_64-with-glibc2.2.5) VSTS_0fb41ef4-5012-48a9-bf39-4ee3de03ee35_build_2500_0"
      },
      "RequestBody": null,
      "StatusCode": 200,
      "ResponseHeaders": {
        "Cache-Control": "no-cache",
        "Content-Encoding": "gzip",
        "Content-Type": "application/json; charset=utf-8",
        "Date": "Mon, 03 Apr 2023 06:50:05 GMT",
        "Expires": "-1",
        "Pragma": "no-cache",
        "Server": [
          "Microsoft-HTTPAPI/2.0",
          "Microsoft-HTTPAPI/2.0"
        ],
        "Strict-Transport-Security": "max-age=31536000; includeSubDomains",
        "Transfer-Encoding": "chunked",
        "Vary": "Accept-Encoding",
        "X-Content-Type-Options": "nosniff",
        "x-ms-correlation-request-id": "57df1c6b-fc55-43a8-8925-98fb18b2c21c",
        "x-ms-ratelimit-remaining-resource": "Microsoft.Compute/GetVMScaleSet3Min;397,Microsoft.Compute/GetVMScaleSet30Min;2578",
        "x-ms-ratelimit-remaining-subscription-reads": "11944",
        "x-ms-routing-request-id": "SOUTHCENTRALUS:20230403T065006Z:57df1c6b-fc55-43a8-8925-98fb18b2c21c"
      },
      "ResponseBody": {
        "name": "virtualmachinescaleset6c0d2aef",
        "id": "/subscriptions/00000000-0000-0000-0000-000000000000/resourceGroups/rgname/providers/Microsoft.Compute/virtualMachineScaleSets/virtualmachinescaleset6c0d2aef",
        "type": "Microsoft.Compute/virtualMachineScaleSets",
        "location": "eastus",
        "tags": {
          "azsecpack": "nonprod",
          "platformsettings.host_environment.service.platform_optedin_for_rootcerts": "true"
        },
        "sku": {
          "name": "Standard_D1_v2",
          "tier": "Standard",
          "capacity": 1
        },
        "properties": {
          "singlePlacementGroup": true,
          "orchestrationMode": "Uniform",
          "upgradePolicy": {
            "mode": "Manual"
          },
          "virtualMachineProfile": {
            "osProfile": {
              "computerNamePrefix": "testPC",
              "adminUsername": "testuser",
              "windowsConfiguration": {
                "provisionVMAgent": true,
                "enableAutomaticUpdates": true,
                "enableVMAgentPlatformUpdates": false
              },
              "secrets": [],
              "allowExtensionOperations": true,
              "requireGuestProvisionSignal": true
            },
            "storageProfile": {
              "osDisk": {
                "osType": "Windows",
                "createOption": "FromImage",
                "caching": "ReadWrite",
                "managedDisk": {
                  "storageAccountType": "Standard_LRS"
                },
                "diskSizeGB": 512
              },
              "imageReference": {
                "publisher": "MicrosoftWindowsServer",
                "offer": "WindowsServer",
                "sku": "2016-Datacenter",
                "version": "latest"
              }
            },
            "networkProfile": {
              "networkInterfaceConfigurations": [
                {
                  "name": "testPC",
                  "properties": {
                    "primary": true,
                    "enableAcceleratedNetworking": false,
                    "disableTcpStateTracking": false,
                    "dnsSettings": {
                      "dnsServers": []
                    },
                    "enableIPForwarding": false,
                    "ipConfigurations": [
                      {
                        "name": "testPC",
                        "properties": {
                          "subnet": {
                            "id": "/subscriptions/00000000-0000-0000-0000-000000000000/resourceGroups/rgname/providers/Microsoft.Network/virtualNetworks/networknamex6c0d2aef/subnets/subnetnamex6c0d2aef"
                          },
                          "privateIPAddressVersion": "IPv4"
                        }
                      }
                    ]
                  }
                }
              ]
            },
            "extensionProfile": {
              "extensions": [
                {
                  "name": "Microsoft.Azure.Security.AntimalwareSignature.AntimalwareConfiguration",
                  "properties": {
                    "autoUpgradeMinorVersion": true,
                    "enableAutomaticUpgrade": true,
                    "publisher": "Microsoft.Azure.Security.AntimalwareSignature",
                    "type": "AntimalwareConfiguration",
                    "typeHandlerVersion": "2.0",
                    "settings": {}
                  }
                },
                {
                  "name": "Microsoft.Azure.Geneva.GenevaMonitoring",
                  "properties": {
                    "autoUpgradeMinorVersion": true,
                    "enableAutomaticUpgrade": true,
                    "publisher": "Microsoft.Azure.Geneva",
                    "type": "GenevaMonitoring",
                    "typeHandlerVersion": "2.0",
                    "settings": {}
                  }
                }
              ]
            }
          },
          "provisioningState": "Succeeded",
          "overprovision": true,
          "doNotRunExtensionsOnOverprovisionedVMs": false,
          "uniqueId": "86783f38-06a4-4868-a023-8af12526540e",
          "timeCreated": "2023-04-03T06:41:57.0817667\u002B00:00"
        }
      }
    },
    {
      "RequestUri": "https://management.azure.com/subscriptions/00000000-0000-0000-0000-000000000000/resourceGroups/rgname/providers/Microsoft.Compute/virtualMachineScaleSets/virtualmachinescaleset6c0d2aef/virtualMachines/0/instanceView?api-version=2022-11-01",
      "RequestMethod": "GET",
      "RequestHeaders": {
        "Accept": "application/json",
        "Accept-Encoding": "gzip, deflate",
        "Connection": "keep-alive",
        "User-Agent": "azsdk-python-azure-mgmt-compute/29.2.0 Python/3.8.16 (Linux-5.15.0-1034-azure-x86_64-with-glibc2.2.5) VSTS_0fb41ef4-5012-48a9-bf39-4ee3de03ee35_build_2500_0"
      },
      "RequestBody": null,
      "StatusCode": 200,
      "ResponseHeaders": {
        "Cache-Control": "no-cache",
        "Content-Encoding": "gzip",
        "Content-Type": "application/json; charset=utf-8",
        "Date": "Mon, 03 Apr 2023 06:53:06 GMT",
        "Expires": "-1",
        "Pragma": "no-cache",
        "Server": [
          "Microsoft-HTTPAPI/2.0",
          "Microsoft-HTTPAPI/2.0"
        ],
        "Strict-Transport-Security": "max-age=31536000; includeSubDomains",
        "Transfer-Encoding": "chunked",
        "Vary": "Accept-Encoding",
        "X-Content-Type-Options": "nosniff",
        "x-ms-correlation-request-id": "84681606-0e07-4604-aabb-68e311b34825",
        "x-ms-ratelimit-remaining-resource": "Microsoft.Compute/GetVMScaleSetVM3Min;998,Microsoft.Compute/GetVMScaleSetVM30Min;4995,Microsoft.Compute/VMScaleSetVMViews3Min;4998",
        "x-ms-ratelimit-remaining-subscription-reads": "11943",
        "x-ms-request-charge": "1",
        "x-ms-routing-request-id": "SOUTHCENTRALUS:20230403T065307Z:84681606-0e07-4604-aabb-68e311b34825"
      },
      "ResponseBody": {
        "placementGroupId": "f5f0c07b-0406-4e44-8395-9cf66a4e23a8",
        "platformUpdateDomain": 0,
        "platformFaultDomain": 0,
        "computerName": "testPC000000",
        "osName": "Windows Server 2016 Datacenter",
        "osVersion": "10.0.14393.5786",
        "vmAgent": {
          "vmAgentVersion": "2.7.41491.1083",
          "statuses": [
            {
              "code": "ProvisioningState/succeeded",
              "level": "Info",
              "displayStatus": "Ready",
              "message": "GuestAgent is running and processing the extensions.",
              "time": "2023-04-03T06:52:58.605\u002B00:00"
            }
          ],
          "extensionHandlers": [
            {
              "type": "Microsoft.Azure.Geneva.GenevaMonitoring",
              "typeHandlerVersion": "2.38.0.5",
              "status": {
                "code": "ProvisioningState/succeeded",
                "level": "Info",
                "displayStatus": "Ready",
                "message": "ExtensionOperation:enable. Status:Success"
              }
            },
            {
              "type": "Microsoft.Azure.Security.AntimalwareSignature.AntimalwareConfiguration",
              "typeHandlerVersion": "2.61.0.0",
              "status": {
                "code": "ProvisioningState/succeeded",
                "level": "Info",
                "displayStatus": "Ready"
              }
            }
          ]
        },
        "disks": [
          {
            "name": "virtualmachinescalesvirtualmachinescaleseOS__1_ad97f3052b944a5aa4302dc68c195fb4",
            "statuses": [
              {
                "code": "ProvisioningState/succeeded",
                "level": "Info",
                "displayStatus": "Provisioning succeeded",
                "time": "2023-04-03T06:49:42.6570866\u002B00:00"
              }
            ]
          }
        ],
        "extensions": [
          {
            "name": "Microsoft.Azure.Security.AntimalwareSignature.AntimalwareConfiguration",
            "type": "Microsoft.Azure.Security.AntimalwareSignature.AntimalwareConfiguration",
            "typeHandlerVersion": "2.61.0.0",
            "statuses": [
              {
                "code": "ProvisioningState/succeeded",
                "level": "Info",
                "displayStatus": "Provisioning succeeded",
                "message": "Enable AntimalwareSignature extension complete"
              }
            ]
          },
          {
            "name": "Microsoft.Azure.Geneva.GenevaMonitoring",
            "type": "Microsoft.Azure.Geneva.GenevaMonitoring",
            "typeHandlerVersion": "2.38.0.5",
            "statuses": [
              {
                "code": "ProvisioningState/succeeded",
                "level": "Info",
                "displayStatus": "Provisioning succeeded",
                "message": "ExtensionOperation:enable. Status:Success",
                "time": "2023-04-03T06:52:56\u002B00:00"
              }
            ]
          }
        ],
        "hyperVGeneration": "V1",
        "statuses": [
          {
            "code": "ProvisioningState/succeeded",
            "level": "Info",
            "displayStatus": "Provisioning succeeded",
            "time": "2023-04-03T06:51:41.8282973\u002B00:00"
          },
          {
            "code": "PowerState/running",
            "level": "Info",
            "displayStatus": "VM running"
          }
        ]
      }
    },
    {
      "RequestUri": "https://management.azure.com/subscriptions/00000000-0000-0000-0000-000000000000/resourceGroups/rgname/providers/Microsoft.Compute/virtualMachineScaleSets/virtualmachinescaleset6c0d2aef/virtualmachines/0/redeploy?api-version=2022-11-01",
      "RequestMethod": "POST",
      "RequestHeaders": {
        "Accept": "application/json",
        "Accept-Encoding": "gzip, deflate",
        "Connection": "keep-alive",
        "Content-Length": "0",
        "User-Agent": "azsdk-python-azure-mgmt-compute/29.2.0 Python/3.8.16 (Linux-5.15.0-1034-azure-x86_64-with-glibc2.2.5) VSTS_0fb41ef4-5012-48a9-bf39-4ee3de03ee35_build_2500_0"
      },
      "RequestBody": null,
      "StatusCode": 202,
      "ResponseHeaders": {
        "Azure-AsyncNotification": "Enabled",
        "Azure-AsyncOperation": "https://management.azure.com/subscriptions/00000000-0000-0000-0000-000000000000/providers/Microsoft.Compute/locations/eastus/operations/36e9f3d3-cfa4-49af-aaa7-dd0eed66e625?p=c9e32605-d294-4c79-ab2e-5091dea588f3\u0026api-version=2022-11-01",
        "Cache-Control": "no-cache",
        "Content-Length": "0",
        "Date": "Mon, 03 Apr 2023 06:53:07 GMT",
        "Expires": "-1",
        "Location": "https://management.azure.com/subscriptions/00000000-0000-0000-0000-000000000000/providers/Microsoft.Compute/locations/eastus/operations/36e9f3d3-cfa4-49af-aaa7-dd0eed66e625?p=c9e32605-d294-4c79-ab2e-5091dea588f3\u0026monitor=true\u0026api-version=2022-11-01",
        "Pragma": "no-cache",
        "Server": [
          "Microsoft-HTTPAPI/2.0",
          "Microsoft-HTTPAPI/2.0"
        ],
        "Strict-Transport-Security": "max-age=31536000; includeSubDomains",
        "X-Content-Type-Options": "nosniff",
        "x-ms-correlation-request-id": "17905810-0c0c-4a93-a1a4-e1a92ddcbe30",
        "x-ms-ratelimit-remaining-resource": "Microsoft.Compute/VMScaleSetActions3Min;239,Microsoft.Compute/VMScaleSetActions30Min;1193,Microsoft.Compute/VMScaleSetBatchedVMRequests5Min;1199,Microsoft.Compute/VmssQueuedVMOperations;0",
        "x-ms-ratelimit-remaining-subscription-writes": "1192",
        "x-ms-request-charge": "1",
        "x-ms-routing-request-id": "SOUTHCENTRALUS:20230403T065307Z:17905810-0c0c-4a93-a1a4-e1a92ddcbe30"
      },
      "ResponseBody": null
    },
    {
      "RequestUri": "https://management.azure.com/subscriptions/00000000-0000-0000-0000-000000000000/providers/Microsoft.Compute/locations/eastus/operations/36e9f3d3-cfa4-49af-aaa7-dd0eed66e625?p=c9e32605-d294-4c79-ab2e-5091dea588f3\u0026api-version=2022-11-01",
      "RequestMethod": "GET",
      "RequestHeaders": {
        "Accept": "*/*",
        "Accept-Encoding": "gzip, deflate",
        "Connection": "keep-alive",
        "User-Agent": "azsdk-python-azure-mgmt-compute/29.2.0 Python/3.8.16 (Linux-5.15.0-1034-azure-x86_64-with-glibc2.2.5) VSTS_0fb41ef4-5012-48a9-bf39-4ee3de03ee35_build_2500_0"
      },
      "RequestBody": null,
      "StatusCode": 200,
      "ResponseHeaders": {
        "Cache-Control": "no-cache",
        "Content-Encoding": "gzip",
        "Content-Type": "application/json; charset=utf-8",
        "Date": "Mon, 03 Apr 2023 06:53:07 GMT",
        "Expires": "-1",
        "Pragma": "no-cache",
        "Server": [
          "Microsoft-HTTPAPI/2.0",
          "Microsoft-HTTPAPI/2.0"
        ],
        "Strict-Transport-Security": "max-age=31536000; includeSubDomains",
        "Transfer-Encoding": "chunked",
        "Vary": "Accept-Encoding",
        "X-Content-Type-Options": "nosniff",
        "x-ms-correlation-request-id": "23c0c970-9677-4c36-b10d-373ac7f917f2",
        "x-ms-ratelimit-remaining-resource": "Microsoft.Compute/GetOperation3Min;14997,Microsoft.Compute/GetOperation30Min;29912",
        "x-ms-ratelimit-remaining-subscription-reads": "11942",
        "x-ms-routing-request-id": "SOUTHCENTRALUS:20230403T065307Z:23c0c970-9677-4c36-b10d-373ac7f917f2"
      },
      "ResponseBody": {
        "startTime": "2023-04-03T06:53:07.3590676\u002B00:00",
        "status": "InProgress",
        "name": "36e9f3d3-cfa4-49af-aaa7-dd0eed66e625"
      }
    },
    {
      "RequestUri": "https://management.azure.com/subscriptions/00000000-0000-0000-0000-000000000000/providers/Microsoft.Compute/locations/eastus/operations/36e9f3d3-cfa4-49af-aaa7-dd0eed66e625?p=c9e32605-d294-4c79-ab2e-5091dea588f3\u0026api-version=2022-11-01",
      "RequestMethod": "GET",
      "RequestHeaders": {
        "Accept": "*/*",
        "Accept-Encoding": "gzip, deflate",
        "Connection": "keep-alive",
        "User-Agent": "azsdk-python-azure-mgmt-compute/29.2.0 Python/3.8.16 (Linux-5.15.0-1034-azure-x86_64-with-glibc2.2.5) VSTS_0fb41ef4-5012-48a9-bf39-4ee3de03ee35_build_2500_0"
      },
      "RequestBody": null,
      "StatusCode": 200,
      "ResponseHeaders": {
        "Cache-Control": "no-cache",
        "Content-Encoding": "gzip",
        "Content-Type": "application/json; charset=utf-8",
        "Date": "Mon, 03 Apr 2023 06:53:37 GMT",
        "Expires": "-1",
        "Pragma": "no-cache",
        "Server": [
          "Microsoft-HTTPAPI/2.0",
          "Microsoft-HTTPAPI/2.0"
        ],
        "Strict-Transport-Security": "max-age=31536000; includeSubDomains",
        "Transfer-Encoding": "chunked",
        "Vary": "Accept-Encoding",
        "X-Content-Type-Options": "nosniff",
        "x-ms-correlation-request-id": "120fd38e-ae93-48da-b901-0afc1230b064",
        "x-ms-ratelimit-remaining-resource": "Microsoft.Compute/GetOperation3Min;14997,Microsoft.Compute/GetOperation30Min;29911",
        "x-ms-ratelimit-remaining-subscription-reads": "11941",
        "x-ms-routing-request-id": "SOUTHCENTRALUS:20230403T065337Z:120fd38e-ae93-48da-b901-0afc1230b064"
      },
      "ResponseBody": {
        "startTime": "2023-04-03T06:53:07.3590676\u002B00:00",
        "status": "InProgress",
        "name": "36e9f3d3-cfa4-49af-aaa7-dd0eed66e625"
      }
    },
    {
      "RequestUri": "https://management.azure.com/subscriptions/00000000-0000-0000-0000-000000000000/providers/Microsoft.Compute/locations/eastus/operations/36e9f3d3-cfa4-49af-aaa7-dd0eed66e625?p=c9e32605-d294-4c79-ab2e-5091dea588f3\u0026api-version=2022-11-01",
      "RequestMethod": "GET",
      "RequestHeaders": {
        "Accept": "*/*",
        "Accept-Encoding": "gzip, deflate",
        "Connection": "keep-alive",
        "User-Agent": "azsdk-python-azure-mgmt-compute/29.2.0 Python/3.8.16 (Linux-5.15.0-1034-azure-x86_64-with-glibc2.2.5) VSTS_0fb41ef4-5012-48a9-bf39-4ee3de03ee35_build_2500_0"
      },
      "RequestBody": null,
      "StatusCode": 200,
      "ResponseHeaders": {
        "Cache-Control": "no-cache",
        "Content-Encoding": "gzip",
        "Content-Type": "application/json; charset=utf-8",
        "Date": "Mon, 03 Apr 2023 06:54:06 GMT",
        "Expires": "-1",
        "Pragma": "no-cache",
        "Server": [
          "Microsoft-HTTPAPI/2.0",
          "Microsoft-HTTPAPI/2.0"
        ],
        "Strict-Transport-Security": "max-age=31536000; includeSubDomains",
        "Transfer-Encoding": "chunked",
        "Vary": "Accept-Encoding",
        "X-Content-Type-Options": "nosniff",
        "x-ms-correlation-request-id": "f28754b0-7e9b-4c1d-9b35-91bbc81b6a92",
        "x-ms-ratelimit-remaining-resource": "Microsoft.Compute/GetOperation3Min;14995,Microsoft.Compute/GetOperation30Min;29909",
        "x-ms-ratelimit-remaining-subscription-reads": "11940",
        "x-ms-routing-request-id": "SOUTHCENTRALUS:20230403T065407Z:f28754b0-7e9b-4c1d-9b35-91bbc81b6a92"
      },
      "ResponseBody": {
        "startTime": "2023-04-03T06:53:07.3590676\u002B00:00",
        "status": "InProgress",
        "name": "36e9f3d3-cfa4-49af-aaa7-dd0eed66e625"
      }
    },
    {
      "RequestUri": "https://management.azure.com/subscriptions/00000000-0000-0000-0000-000000000000/providers/Microsoft.Compute/locations/eastus/operations/36e9f3d3-cfa4-49af-aaa7-dd0eed66e625?p=c9e32605-d294-4c79-ab2e-5091dea588f3\u0026api-version=2022-11-01",
      "RequestMethod": "GET",
      "RequestHeaders": {
        "Accept": "*/*",
        "Accept-Encoding": "gzip, deflate",
        "Connection": "keep-alive",
        "User-Agent": "azsdk-python-azure-mgmt-compute/29.2.0 Python/3.8.16 (Linux-5.15.0-1034-azure-x86_64-with-glibc2.2.5) VSTS_0fb41ef4-5012-48a9-bf39-4ee3de03ee35_build_2500_0"
      },
      "RequestBody": null,
      "StatusCode": 200,
      "ResponseHeaders": {
        "Cache-Control": "no-cache",
        "Content-Encoding": "gzip",
        "Content-Type": "application/json; charset=utf-8",
        "Date": "Mon, 03 Apr 2023 06:54:37 GMT",
        "Expires": "-1",
        "Pragma": "no-cache",
        "Server": [
          "Microsoft-HTTPAPI/2.0",
          "Microsoft-HTTPAPI/2.0"
        ],
        "Strict-Transport-Security": "max-age=31536000; includeSubDomains",
        "Transfer-Encoding": "chunked",
        "Vary": "Accept-Encoding",
        "X-Content-Type-Options": "nosniff",
        "x-ms-correlation-request-id": "8055c463-dc2b-4318-84ec-0d59bcc3a5b8",
        "x-ms-ratelimit-remaining-resource": "Microsoft.Compute/GetOperation3Min;14995,Microsoft.Compute/GetOperation30Min;29908",
        "x-ms-ratelimit-remaining-subscription-reads": "11939",
        "x-ms-routing-request-id": "SOUTHCENTRALUS:20230403T065437Z:8055c463-dc2b-4318-84ec-0d59bcc3a5b8"
      },
      "ResponseBody": {
        "startTime": "2023-04-03T06:53:07.3590676\u002B00:00",
        "status": "InProgress",
        "name": "36e9f3d3-cfa4-49af-aaa7-dd0eed66e625"
      }
    },
    {
      "RequestUri": "https://management.azure.com/subscriptions/00000000-0000-0000-0000-000000000000/providers/Microsoft.Compute/locations/eastus/operations/36e9f3d3-cfa4-49af-aaa7-dd0eed66e625?p=c9e32605-d294-4c79-ab2e-5091dea588f3\u0026api-version=2022-11-01",
      "RequestMethod": "GET",
      "RequestHeaders": {
        "Accept": "*/*",
        "Accept-Encoding": "gzip, deflate",
        "Connection": "keep-alive",
        "User-Agent": "azsdk-python-azure-mgmt-compute/29.2.0 Python/3.8.16 (Linux-5.15.0-1034-azure-x86_64-with-glibc2.2.5) VSTS_0fb41ef4-5012-48a9-bf39-4ee3de03ee35_build_2500_0"
      },
      "RequestBody": null,
      "StatusCode": 200,
      "ResponseHeaders": {
        "Cache-Control": "no-cache",
        "Content-Encoding": "gzip",
        "Content-Type": "application/json; charset=utf-8",
        "Date": "Mon, 03 Apr 2023 06:55:07 GMT",
        "Expires": "-1",
        "Pragma": "no-cache",
        "Server": [
          "Microsoft-HTTPAPI/2.0",
          "Microsoft-HTTPAPI/2.0"
        ],
        "Strict-Transport-Security": "max-age=31536000; includeSubDomains",
        "Transfer-Encoding": "chunked",
        "Vary": "Accept-Encoding",
        "X-Content-Type-Options": "nosniff",
        "x-ms-correlation-request-id": "3d1aef09-d432-4ea9-8248-84c4e644f472",
        "x-ms-ratelimit-remaining-resource": "Microsoft.Compute/GetOperation3Min;14993,Microsoft.Compute/GetOperation30Min;29921",
        "x-ms-ratelimit-remaining-subscription-reads": "11938",
        "x-ms-routing-request-id": "SOUTHCENTRALUS:20230403T065507Z:3d1aef09-d432-4ea9-8248-84c4e644f472"
      },
      "ResponseBody": {
        "startTime": "2023-04-03T06:53:07.3590676\u002B00:00",
        "endTime": "2023-04-03T06:54:56.7647101\u002B00:00",
        "status": "Succeeded",
        "name": "36e9f3d3-cfa4-49af-aaa7-dd0eed66e625"
      }
    },
    {
      "RequestUri": "https://management.azure.com/subscriptions/00000000-0000-0000-0000-000000000000/providers/Microsoft.Compute/locations/eastus/operations/36e9f3d3-cfa4-49af-aaa7-dd0eed66e625?p=c9e32605-d294-4c79-ab2e-5091dea588f3\u0026monitor=true\u0026api-version=2022-11-01",
      "RequestMethod": "GET",
      "RequestHeaders": {
        "Accept": "*/*",
        "Accept-Encoding": "gzip, deflate",
        "Connection": "keep-alive",
        "User-Agent": "azsdk-python-azure-mgmt-compute/29.2.0 Python/3.8.16 (Linux-5.15.0-1034-azure-x86_64-with-glibc2.2.5) VSTS_0fb41ef4-5012-48a9-bf39-4ee3de03ee35_build_2500_0"
      },
      "RequestBody": null,
      "StatusCode": 200,
      "ResponseHeaders": {
        "Cache-Control": "no-cache",
        "Content-Length": "0",
        "Date": "Mon, 03 Apr 2023 06:55:07 GMT",
        "Expires": "-1",
        "Pragma": "no-cache",
        "Server": [
          "Microsoft-HTTPAPI/2.0",
          "Microsoft-HTTPAPI/2.0"
        ],
        "Strict-Transport-Security": "max-age=31536000; includeSubDomains",
        "X-Content-Type-Options": "nosniff",
        "x-ms-correlation-request-id": "89d55da3-97ee-49ef-bbca-c13b189b58a1",
        "x-ms-ratelimit-remaining-resource": "Microsoft.Compute/GetOperation3Min;14992,Microsoft.Compute/GetOperation30Min;29920",
        "x-ms-ratelimit-remaining-subscription-reads": "11937",
        "x-ms-routing-request-id": "SOUTHCENTRALUS:20230403T065507Z:89d55da3-97ee-49ef-bbca-c13b189b58a1"
      },
      "ResponseBody": null
    },
    {
      "RequestUri": "https://management.azure.com/subscriptions/00000000-0000-0000-0000-000000000000/resourceGroups/rgname/providers/Microsoft.Compute/virtualMachineScaleSets/virtualmachinescaleset6c0d2aef/virtualMachines/0/reimage?api-version=2022-11-01",
      "RequestMethod": "POST",
      "RequestHeaders": {
        "Accept": "application/json",
        "Accept-Encoding": "gzip, deflate",
        "Connection": "keep-alive",
        "Content-Length": "0",
        "Content-Type": "application/json",
        "User-Agent": "azsdk-python-azure-mgmt-compute/29.2.0 Python/3.8.16 (Linux-5.15.0-1034-azure-x86_64-with-glibc2.2.5) VSTS_0fb41ef4-5012-48a9-bf39-4ee3de03ee35_build_2500_0"
      },
      "RequestBody": null,
      "StatusCode": 202,
      "ResponseHeaders": {
        "Azure-AsyncNotification": "Enabled",
        "Azure-AsyncOperation": "https://management.azure.com/subscriptions/00000000-0000-0000-0000-000000000000/providers/Microsoft.Compute/locations/eastus/operations/2f4df825-56dc-4c41-a3c5-9e2c37d9d1fe?p=c9e32605-d294-4c79-ab2e-5091dea588f3\u0026api-version=2022-11-01",
        "Cache-Control": "no-cache",
        "Content-Length": "0",
        "Date": "Mon, 03 Apr 2023 06:55:08 GMT",
        "Expires": "-1",
        "Location": "https://management.azure.com/subscriptions/00000000-0000-0000-0000-000000000000/providers/Microsoft.Compute/locations/eastus/operations/2f4df825-56dc-4c41-a3c5-9e2c37d9d1fe?p=c9e32605-d294-4c79-ab2e-5091dea588f3\u0026monitor=true\u0026api-version=2022-11-01",
        "Pragma": "no-cache",
        "Server": [
          "Microsoft-HTTPAPI/2.0",
          "Microsoft-HTTPAPI/2.0"
        ],
        "Strict-Transport-Security": "max-age=31536000; includeSubDomains",
        "X-Content-Type-Options": "nosniff",
        "x-ms-correlation-request-id": "700cba17-7a54-4a64-8c8f-ab07c4c008d6",
        "x-ms-ratelimit-remaining-resource": "Microsoft.Compute/VMScaleSetActions3Min;238,Microsoft.Compute/VMScaleSetActions30Min;1192,Microsoft.Compute/VMScaleSetVMActions3Min;199,Microsoft.Compute/VMScaleSetVMActions30Min;997,Microsoft.Compute/VMScaleSetBatchedVMRequests5Min;1198,Microsoft.Compute/VmssQueuedVMOperations;0",
        "x-ms-ratelimit-remaining-subscription-writes": "1191",
        "x-ms-request-charge": "1",
        "x-ms-routing-request-id": "SOUTHCENTRALUS:20230403T065508Z:700cba17-7a54-4a64-8c8f-ab07c4c008d6"
      },
      "ResponseBody": null
    },
    {
      "RequestUri": "https://management.azure.com/subscriptions/00000000-0000-0000-0000-000000000000/providers/Microsoft.Compute/locations/eastus/operations/2f4df825-56dc-4c41-a3c5-9e2c37d9d1fe?p=c9e32605-d294-4c79-ab2e-5091dea588f3\u0026api-version=2022-11-01",
      "RequestMethod": "GET",
      "RequestHeaders": {
        "Accept": "*/*",
        "Accept-Encoding": "gzip, deflate",
        "Connection": "keep-alive",
        "User-Agent": "azsdk-python-azure-mgmt-compute/29.2.0 Python/3.8.16 (Linux-5.15.0-1034-azure-x86_64-with-glibc2.2.5) VSTS_0fb41ef4-5012-48a9-bf39-4ee3de03ee35_build_2500_0"
      },
      "RequestBody": null,
      "StatusCode": 200,
      "ResponseHeaders": {
        "Cache-Control": "no-cache",
        "Content-Encoding": "gzip",
        "Content-Type": "application/json; charset=utf-8",
        "Date": "Mon, 03 Apr 2023 06:55:08 GMT",
        "Expires": "-1",
        "Pragma": "no-cache",
        "Server": [
          "Microsoft-HTTPAPI/2.0",
          "Microsoft-HTTPAPI/2.0"
        ],
        "Strict-Transport-Security": "max-age=31536000; includeSubDomains",
        "Transfer-Encoding": "chunked",
        "Vary": "Accept-Encoding",
        "X-Content-Type-Options": "nosniff",
        "x-ms-correlation-request-id": "1046afed-1b49-466d-94cf-9885bfcfa77b",
        "x-ms-ratelimit-remaining-resource": "Microsoft.Compute/GetOperation3Min;14991,Microsoft.Compute/GetOperation30Min;29919",
        "x-ms-ratelimit-remaining-subscription-reads": "11936",
        "x-ms-routing-request-id": "SOUTHCENTRALUS:20230403T065508Z:1046afed-1b49-466d-94cf-9885bfcfa77b"
      },
      "ResponseBody": {
        "startTime": "2023-04-03T06:55:08.0771419\u002B00:00",
        "status": "InProgress",
        "name": "2f4df825-56dc-4c41-a3c5-9e2c37d9d1fe"
      }
    },
    {
      "RequestUri": "https://management.azure.com/subscriptions/00000000-0000-0000-0000-000000000000/providers/Microsoft.Compute/locations/eastus/operations/2f4df825-56dc-4c41-a3c5-9e2c37d9d1fe?p=c9e32605-d294-4c79-ab2e-5091dea588f3\u0026api-version=2022-11-01",
      "RequestMethod": "GET",
      "RequestHeaders": {
        "Accept": "*/*",
        "Accept-Encoding": "gzip, deflate",
        "Connection": "keep-alive",
        "User-Agent": "azsdk-python-azure-mgmt-compute/29.2.0 Python/3.8.16 (Linux-5.15.0-1034-azure-x86_64-with-glibc2.2.5) VSTS_0fb41ef4-5012-48a9-bf39-4ee3de03ee35_build_2500_0"
      },
      "RequestBody": null,
      "StatusCode": 200,
      "ResponseHeaders": {
        "Cache-Control": "no-cache",
        "Content-Encoding": "gzip",
        "Content-Type": "application/json; charset=utf-8",
        "Date": "Mon, 03 Apr 2023 06:55:38 GMT",
        "Expires": "-1",
        "Pragma": "no-cache",
        "Server": [
          "Microsoft-HTTPAPI/2.0",
          "Microsoft-HTTPAPI/2.0"
        ],
        "Strict-Transport-Security": "max-age=31536000; includeSubDomains",
        "Transfer-Encoding": "chunked",
        "Vary": "Accept-Encoding",
        "X-Content-Type-Options": "nosniff",
        "x-ms-correlation-request-id": "2d0b16ad-0caa-4ee9-886d-3f9b3c973eda",
        "x-ms-ratelimit-remaining-resource": "Microsoft.Compute/GetOperation3Min;14990,Microsoft.Compute/GetOperation30Min;29918",
        "x-ms-ratelimit-remaining-subscription-reads": "11935",
        "x-ms-routing-request-id": "SOUTHCENTRALUS:20230403T065538Z:2d0b16ad-0caa-4ee9-886d-3f9b3c973eda"
      },
      "ResponseBody": {
        "startTime": "2023-04-03T06:55:08.0771419\u002B00:00",
        "status": "InProgress",
        "name": "2f4df825-56dc-4c41-a3c5-9e2c37d9d1fe"
      }
    },
    {
      "RequestUri": "https://management.azure.com/subscriptions/00000000-0000-0000-0000-000000000000/providers/Microsoft.Compute/locations/eastus/operations/2f4df825-56dc-4c41-a3c5-9e2c37d9d1fe?p=c9e32605-d294-4c79-ab2e-5091dea588f3\u0026api-version=2022-11-01",
      "RequestMethod": "GET",
      "RequestHeaders": {
        "Accept": "*/*",
        "Accept-Encoding": "gzip, deflate",
        "Connection": "keep-alive",
        "User-Agent": "azsdk-python-azure-mgmt-compute/29.2.0 Python/3.8.16 (Linux-5.15.0-1034-azure-x86_64-with-glibc2.2.5) VSTS_0fb41ef4-5012-48a9-bf39-4ee3de03ee35_build_2500_0"
      },
      "RequestBody": null,
      "StatusCode": 200,
      "ResponseHeaders": {
        "Cache-Control": "no-cache",
        "Content-Encoding": "gzip",
        "Content-Type": "application/json; charset=utf-8",
        "Date": "Mon, 03 Apr 2023 06:56:07 GMT",
        "Expires": "-1",
        "Pragma": "no-cache",
        "Server": [
          "Microsoft-HTTPAPI/2.0",
          "Microsoft-HTTPAPI/2.0"
        ],
        "Strict-Transport-Security": "max-age=31536000; includeSubDomains",
        "Transfer-Encoding": "chunked",
        "Vary": "Accept-Encoding",
        "X-Content-Type-Options": "nosniff",
        "x-ms-correlation-request-id": "369d98b0-ff9c-4758-8480-27fac06c2fe4",
        "x-ms-ratelimit-remaining-resource": "Microsoft.Compute/GetOperation3Min;14990,Microsoft.Compute/GetOperation30Min;29917",
        "x-ms-ratelimit-remaining-subscription-reads": "11934",
        "x-ms-routing-request-id": "SOUTHCENTRALUS:20230403T065608Z:369d98b0-ff9c-4758-8480-27fac06c2fe4"
      },
      "ResponseBody": {
        "startTime": "2023-04-03T06:55:08.0771419\u002B00:00",
        "status": "InProgress",
        "name": "2f4df825-56dc-4c41-a3c5-9e2c37d9d1fe"
      }
    },
    {
      "RequestUri": "https://management.azure.com/subscriptions/00000000-0000-0000-0000-000000000000/providers/Microsoft.Compute/locations/eastus/operations/2f4df825-56dc-4c41-a3c5-9e2c37d9d1fe?p=c9e32605-d294-4c79-ab2e-5091dea588f3\u0026api-version=2022-11-01",
      "RequestMethod": "GET",
      "RequestHeaders": {
        "Accept": "*/*",
        "Accept-Encoding": "gzip, deflate",
        "Connection": "keep-alive",
        "User-Agent": "azsdk-python-azure-mgmt-compute/29.2.0 Python/3.8.16 (Linux-5.15.0-1034-azure-x86_64-with-glibc2.2.5) VSTS_0fb41ef4-5012-48a9-bf39-4ee3de03ee35_build_2500_0"
      },
      "RequestBody": null,
      "StatusCode": 200,
      "ResponseHeaders": {
        "Cache-Control": "no-cache",
        "Content-Encoding": "gzip",
        "Content-Type": "application/json; charset=utf-8",
        "Date": "Mon, 03 Apr 2023 06:56:37 GMT",
        "Expires": "-1",
        "Pragma": "no-cache",
        "Server": [
          "Microsoft-HTTPAPI/2.0",
          "Microsoft-HTTPAPI/2.0"
        ],
        "Strict-Transport-Security": "max-age=31536000; includeSubDomains",
        "Transfer-Encoding": "chunked",
        "Vary": "Accept-Encoding",
        "X-Content-Type-Options": "nosniff",
        "x-ms-correlation-request-id": "cb874b48-6db7-4514-94b7-594759264620",
        "x-ms-ratelimit-remaining-resource": "Microsoft.Compute/GetOperation3Min;14991,Microsoft.Compute/GetOperation30Min;29916",
        "x-ms-ratelimit-remaining-subscription-reads": "11933",
        "x-ms-routing-request-id": "SOUTHCENTRALUS:20230403T065638Z:cb874b48-6db7-4514-94b7-594759264620"
      },
      "ResponseBody": {
        "startTime": "2023-04-03T06:55:08.0771419\u002B00:00",
        "status": "InProgress",
        "name": "2f4df825-56dc-4c41-a3c5-9e2c37d9d1fe"
      }
    },
    {
      "RequestUri": "https://management.azure.com/subscriptions/00000000-0000-0000-0000-000000000000/providers/Microsoft.Compute/locations/eastus/operations/2f4df825-56dc-4c41-a3c5-9e2c37d9d1fe?p=c9e32605-d294-4c79-ab2e-5091dea588f3\u0026api-version=2022-11-01",
      "RequestMethod": "GET",
      "RequestHeaders": {
        "Accept": "*/*",
        "Accept-Encoding": "gzip, deflate",
        "Connection": "keep-alive",
        "User-Agent": "azsdk-python-azure-mgmt-compute/29.2.0 Python/3.8.16 (Linux-5.15.0-1034-azure-x86_64-with-glibc2.2.5) VSTS_0fb41ef4-5012-48a9-bf39-4ee3de03ee35_build_2500_0"
      },
      "RequestBody": null,
      "StatusCode": 200,
      "ResponseHeaders": {
        "Cache-Control": "no-cache",
        "Content-Encoding": "gzip",
        "Content-Type": "application/json; charset=utf-8",
        "Date": "Mon, 03 Apr 2023 06:57:08 GMT",
        "Expires": "-1",
        "Pragma": "no-cache",
        "Server": [
          "Microsoft-HTTPAPI/2.0",
          "Microsoft-HTTPAPI/2.0"
        ],
        "Strict-Transport-Security": "max-age=31536000; includeSubDomains",
        "Transfer-Encoding": "chunked",
        "Vary": "Accept-Encoding",
        "X-Content-Type-Options": "nosniff",
        "x-ms-correlation-request-id": "d9bb7cc8-da15-46fc-937b-83c5ba530a77",
        "x-ms-ratelimit-remaining-resource": "Microsoft.Compute/GetOperation3Min;14990,Microsoft.Compute/GetOperation30Min;29914",
        "x-ms-ratelimit-remaining-subscription-reads": "11932",
        "x-ms-routing-request-id": "SOUTHCENTRALUS:20230403T065708Z:d9bb7cc8-da15-46fc-937b-83c5ba530a77"
      },
      "ResponseBody": {
        "startTime": "2023-04-03T06:55:08.0771419\u002B00:00",
        "status": "InProgress",
        "name": "2f4df825-56dc-4c41-a3c5-9e2c37d9d1fe"
      }
    },
    {
      "RequestUri": "https://management.azure.com/subscriptions/00000000-0000-0000-0000-000000000000/providers/Microsoft.Compute/locations/eastus/operations/2f4df825-56dc-4c41-a3c5-9e2c37d9d1fe?p=c9e32605-d294-4c79-ab2e-5091dea588f3\u0026api-version=2022-11-01",
      "RequestMethod": "GET",
      "RequestHeaders": {
        "Accept": "*/*",
        "Accept-Encoding": "gzip, deflate",
        "Connection": "keep-alive",
        "User-Agent": "azsdk-python-azure-mgmt-compute/29.2.0 Python/3.8.16 (Linux-5.15.0-1034-azure-x86_64-with-glibc2.2.5) VSTS_0fb41ef4-5012-48a9-bf39-4ee3de03ee35_build_2500_0"
      },
      "RequestBody": null,
      "StatusCode": 200,
      "ResponseHeaders": {
        "Cache-Control": "no-cache",
        "Content-Encoding": "gzip",
        "Content-Type": "application/json; charset=utf-8",
        "Date": "Mon, 03 Apr 2023 06:57:38 GMT",
        "Expires": "-1",
        "Pragma": "no-cache",
        "Server": [
          "Microsoft-HTTPAPI/2.0",
          "Microsoft-HTTPAPI/2.0"
        ],
        "Strict-Transport-Security": "max-age=31536000; includeSubDomains",
        "Transfer-Encoding": "chunked",
        "Vary": "Accept-Encoding",
        "X-Content-Type-Options": "nosniff",
        "x-ms-correlation-request-id": "ade05603-b7f9-4306-b1ce-6a31dc7a9f8a",
        "x-ms-ratelimit-remaining-resource": "Microsoft.Compute/GetOperation3Min;14991,Microsoft.Compute/GetOperation30Min;29913",
        "x-ms-ratelimit-remaining-subscription-reads": "11931",
        "x-ms-routing-request-id": "SOUTHCENTRALUS:20230403T065739Z:ade05603-b7f9-4306-b1ce-6a31dc7a9f8a"
      },
      "ResponseBody": {
        "startTime": "2023-04-03T06:55:08.0771419\u002B00:00",
        "status": "InProgress",
        "name": "2f4df825-56dc-4c41-a3c5-9e2c37d9d1fe"
      }
    },
    {
      "RequestUri": "https://management.azure.com/subscriptions/00000000-0000-0000-0000-000000000000/providers/Microsoft.Compute/locations/eastus/operations/2f4df825-56dc-4c41-a3c5-9e2c37d9d1fe?p=c9e32605-d294-4c79-ab2e-5091dea588f3\u0026api-version=2022-11-01",
      "RequestMethod": "GET",
      "RequestHeaders": {
        "Accept": "*/*",
        "Accept-Encoding": "gzip, deflate",
        "Connection": "keep-alive",
        "User-Agent": "azsdk-python-azure-mgmt-compute/29.2.0 Python/3.8.16 (Linux-5.15.0-1034-azure-x86_64-with-glibc2.2.5) VSTS_0fb41ef4-5012-48a9-bf39-4ee3de03ee35_build_2500_0"
      },
      "RequestBody": null,
      "StatusCode": 200,
      "ResponseHeaders": {
        "Cache-Control": "no-cache",
        "Content-Encoding": "gzip",
        "Content-Type": "application/json; charset=utf-8",
        "Date": "Mon, 03 Apr 2023 06:58:08 GMT",
        "Expires": "-1",
        "Pragma": "no-cache",
        "Server": [
          "Microsoft-HTTPAPI/2.0",
          "Microsoft-HTTPAPI/2.0"
        ],
        "Strict-Transport-Security": "max-age=31536000; includeSubDomains",
        "Transfer-Encoding": "chunked",
        "Vary": "Accept-Encoding",
        "X-Content-Type-Options": "nosniff",
        "x-ms-correlation-request-id": "5e290c88-6493-4ea3-943d-b840476c45d1",
        "x-ms-ratelimit-remaining-resource": "Microsoft.Compute/GetOperation3Min;14993,Microsoft.Compute/GetOperation30Min;29912",
        "x-ms-ratelimit-remaining-subscription-reads": "11930",
        "x-ms-routing-request-id": "SOUTHCENTRALUS:20230403T065809Z:5e290c88-6493-4ea3-943d-b840476c45d1"
      },
      "ResponseBody": {
        "startTime": "2023-04-03T06:55:08.0771419\u002B00:00",
        "status": "InProgress",
        "name": "2f4df825-56dc-4c41-a3c5-9e2c37d9d1fe"
      }
    },
    {
      "RequestUri": "https://management.azure.com/subscriptions/00000000-0000-0000-0000-000000000000/providers/Microsoft.Compute/locations/eastus/operations/2f4df825-56dc-4c41-a3c5-9e2c37d9d1fe?p=c9e32605-d294-4c79-ab2e-5091dea588f3\u0026api-version=2022-11-01",
      "RequestMethod": "GET",
      "RequestHeaders": {
        "Accept": "*/*",
        "Accept-Encoding": "gzip, deflate",
        "Connection": "keep-alive",
        "User-Agent": "azsdk-python-azure-mgmt-compute/29.2.0 Python/3.8.16 (Linux-5.15.0-1034-azure-x86_64-with-glibc2.2.5) VSTS_0fb41ef4-5012-48a9-bf39-4ee3de03ee35_build_2500_0"
      },
      "RequestBody": null,
      "StatusCode": 200,
      "ResponseHeaders": {
        "Cache-Control": "no-cache",
        "Content-Encoding": "gzip",
        "Content-Type": "application/json; charset=utf-8",
        "Date": "Mon, 03 Apr 2023 06:58:39 GMT",
        "Expires": "-1",
        "Pragma": "no-cache",
        "Server": [
          "Microsoft-HTTPAPI/2.0",
          "Microsoft-HTTPAPI/2.0"
        ],
        "Strict-Transport-Security": "max-age=31536000; includeSubDomains",
        "Transfer-Encoding": "chunked",
        "Vary": "Accept-Encoding",
        "X-Content-Type-Options": "nosniff",
        "x-ms-correlation-request-id": "fb323284-03a0-409a-84c2-9ce3b7d66cf8",
        "x-ms-ratelimit-remaining-resource": "Microsoft.Compute/GetOperation3Min;14993,Microsoft.Compute/GetOperation30Min;29911",
        "x-ms-ratelimit-remaining-subscription-reads": "11929",
        "x-ms-routing-request-id": "SOUTHCENTRALUS:20230403T065839Z:fb323284-03a0-409a-84c2-9ce3b7d66cf8"
      },
      "ResponseBody": {
        "startTime": "2023-04-03T06:55:08.0771419\u002B00:00",
        "status": "InProgress",
        "name": "2f4df825-56dc-4c41-a3c5-9e2c37d9d1fe"
      }
    },
    {
      "RequestUri": "https://management.azure.com/subscriptions/00000000-0000-0000-0000-000000000000/providers/Microsoft.Compute/locations/eastus/operations/2f4df825-56dc-4c41-a3c5-9e2c37d9d1fe?p=c9e32605-d294-4c79-ab2e-5091dea588f3\u0026api-version=2022-11-01",
      "RequestMethod": "GET",
      "RequestHeaders": {
        "Accept": "*/*",
        "Accept-Encoding": "gzip, deflate",
        "Connection": "keep-alive",
        "User-Agent": "azsdk-python-azure-mgmt-compute/29.2.0 Python/3.8.16 (Linux-5.15.0-1034-azure-x86_64-with-glibc2.2.5) VSTS_0fb41ef4-5012-48a9-bf39-4ee3de03ee35_build_2500_0"
      },
      "RequestBody": null,
      "StatusCode": 200,
      "ResponseHeaders": {
        "Cache-Control": "no-cache",
        "Content-Encoding": "gzip",
        "Content-Type": "application/json; charset=utf-8",
        "Date": "Mon, 03 Apr 2023 06:59:09 GMT",
        "Expires": "-1",
        "Pragma": "no-cache",
        "Server": [
          "Microsoft-HTTPAPI/2.0",
          "Microsoft-HTTPAPI/2.0"
        ],
        "Strict-Transport-Security": "max-age=31536000; includeSubDomains",
        "Transfer-Encoding": "chunked",
        "Vary": "Accept-Encoding",
        "X-Content-Type-Options": "nosniff",
        "x-ms-correlation-request-id": "93e9a055-313b-43c7-8f20-de07f28f7297",
        "x-ms-ratelimit-remaining-resource": "Microsoft.Compute/GetOperation3Min;14992,Microsoft.Compute/GetOperation30Min;29909",
        "x-ms-ratelimit-remaining-subscription-reads": "11928",
        "x-ms-routing-request-id": "SOUTHCENTRALUS:20230403T065909Z:93e9a055-313b-43c7-8f20-de07f28f7297"
      },
      "ResponseBody": {
        "startTime": "2023-04-03T06:55:08.0771419\u002B00:00",
        "status": "InProgress",
        "name": "2f4df825-56dc-4c41-a3c5-9e2c37d9d1fe"
      }
    },
    {
      "RequestUri": "https://management.azure.com/subscriptions/00000000-0000-0000-0000-000000000000/providers/Microsoft.Compute/locations/eastus/operations/2f4df825-56dc-4c41-a3c5-9e2c37d9d1fe?p=c9e32605-d294-4c79-ab2e-5091dea588f3\u0026api-version=2022-11-01",
      "RequestMethod": "GET",
      "RequestHeaders": {
        "Accept": "*/*",
        "Accept-Encoding": "gzip, deflate",
        "Connection": "keep-alive",
        "User-Agent": "azsdk-python-azure-mgmt-compute/29.2.0 Python/3.8.16 (Linux-5.15.0-1034-azure-x86_64-with-glibc2.2.5) VSTS_0fb41ef4-5012-48a9-bf39-4ee3de03ee35_build_2500_0"
      },
      "RequestBody": null,
      "StatusCode": 200,
      "ResponseHeaders": {
        "Cache-Control": "no-cache",
        "Content-Encoding": "gzip",
        "Content-Type": "application/json; charset=utf-8",
        "Date": "Mon, 03 Apr 2023 06:59:39 GMT",
        "Expires": "-1",
        "Pragma": "no-cache",
        "Server": [
          "Microsoft-HTTPAPI/2.0",
          "Microsoft-HTTPAPI/2.0"
        ],
        "Strict-Transport-Security": "max-age=31536000; includeSubDomains",
        "Transfer-Encoding": "chunked",
        "Vary": "Accept-Encoding",
        "X-Content-Type-Options": "nosniff",
        "x-ms-correlation-request-id": "fb2b460e-66a1-4bad-90ba-70d91884587e",
        "x-ms-ratelimit-remaining-resource": "Microsoft.Compute/GetOperation3Min;14992,Microsoft.Compute/GetOperation30Min;29908",
        "x-ms-ratelimit-remaining-subscription-reads": "11927",
        "x-ms-routing-request-id": "SOUTHCENTRALUS:20230403T065939Z:fb2b460e-66a1-4bad-90ba-70d91884587e"
      },
      "ResponseBody": {
        "startTime": "2023-04-03T06:55:08.0771419\u002B00:00",
        "status": "InProgress",
        "name": "2f4df825-56dc-4c41-a3c5-9e2c37d9d1fe"
      }
    },
    {
      "RequestUri": "https://management.azure.com/subscriptions/00000000-0000-0000-0000-000000000000/providers/Microsoft.Compute/locations/eastus/operations/2f4df825-56dc-4c41-a3c5-9e2c37d9d1fe?p=c9e32605-d294-4c79-ab2e-5091dea588f3\u0026api-version=2022-11-01",
      "RequestMethod": "GET",
      "RequestHeaders": {
        "Accept": "*/*",
        "Accept-Encoding": "gzip, deflate",
        "Connection": "keep-alive",
        "User-Agent": "azsdk-python-azure-mgmt-compute/29.2.0 Python/3.8.16 (Linux-5.15.0-1034-azure-x86_64-with-glibc2.2.5) VSTS_0fb41ef4-5012-48a9-bf39-4ee3de03ee35_build_2500_0"
      },
      "RequestBody": null,
      "StatusCode": 200,
      "ResponseHeaders": {
        "Cache-Control": "no-cache",
        "Content-Encoding": "gzip",
        "Content-Type": "application/json; charset=utf-8",
        "Date": "Mon, 03 Apr 2023 07:00:08 GMT",
        "Expires": "-1",
        "Pragma": "no-cache",
        "Server": [
          "Microsoft-HTTPAPI/2.0",
          "Microsoft-HTTPAPI/2.0"
        ],
        "Strict-Transport-Security": "max-age=31536000; includeSubDomains",
        "Transfer-Encoding": "chunked",
        "Vary": "Accept-Encoding",
        "X-Content-Type-Options": "nosniff",
        "x-ms-correlation-request-id": "88974a3f-cc8f-47c5-b80a-e6cbc07ba8b9",
        "x-ms-ratelimit-remaining-resource": "Microsoft.Compute/GetOperation3Min;14993,Microsoft.Compute/GetOperation30Min;29916",
        "x-ms-ratelimit-remaining-subscription-reads": "11926",
        "x-ms-routing-request-id": "SOUTHCENTRALUS:20230403T070009Z:88974a3f-cc8f-47c5-b80a-e6cbc07ba8b9"
      },
      "ResponseBody": {
        "startTime": "2023-04-03T06:55:08.0771419\u002B00:00",
        "status": "InProgress",
        "name": "2f4df825-56dc-4c41-a3c5-9e2c37d9d1fe"
      }
    },
    {
      "RequestUri": "https://management.azure.com/subscriptions/00000000-0000-0000-0000-000000000000/providers/Microsoft.Compute/locations/eastus/operations/2f4df825-56dc-4c41-a3c5-9e2c37d9d1fe?p=c9e32605-d294-4c79-ab2e-5091dea588f3\u0026api-version=2022-11-01",
      "RequestMethod": "GET",
      "RequestHeaders": {
        "Accept": "*/*",
        "Accept-Encoding": "gzip, deflate",
        "Connection": "keep-alive",
        "User-Agent": "azsdk-python-azure-mgmt-compute/29.2.0 Python/3.8.16 (Linux-5.15.0-1034-azure-x86_64-with-glibc2.2.5) VSTS_0fb41ef4-5012-48a9-bf39-4ee3de03ee35_build_2500_0"
      },
      "RequestBody": null,
      "StatusCode": 200,
      "ResponseHeaders": {
        "Cache-Control": "no-cache",
        "Content-Encoding": "gzip",
        "Content-Type": "application/json; charset=utf-8",
        "Date": "Mon, 03 Apr 2023 07:00:39 GMT",
        "Expires": "-1",
        "Pragma": "no-cache",
        "Server": [
          "Microsoft-HTTPAPI/2.0",
          "Microsoft-HTTPAPI/2.0"
        ],
        "Strict-Transport-Security": "max-age=31536000; includeSubDomains",
        "Transfer-Encoding": "chunked",
        "Vary": "Accept-Encoding",
        "X-Content-Type-Options": "nosniff",
        "x-ms-correlation-request-id": "29aa265b-deda-4bd4-a0a0-647f390b4220",
        "x-ms-ratelimit-remaining-resource": "Microsoft.Compute/GetOperation3Min;14993,Microsoft.Compute/GetOperation30Min;29915",
        "x-ms-ratelimit-remaining-subscription-reads": "11925",
        "x-ms-routing-request-id": "SOUTHCENTRALUS:20230403T070039Z:29aa265b-deda-4bd4-a0a0-647f390b4220"
      },
      "ResponseBody": {
        "startTime": "2023-04-03T06:55:08.0771419\u002B00:00",
        "status": "InProgress",
        "name": "2f4df825-56dc-4c41-a3c5-9e2c37d9d1fe"
      }
    },
    {
      "RequestUri": "https://management.azure.com/subscriptions/00000000-0000-0000-0000-000000000000/providers/Microsoft.Compute/locations/eastus/operations/2f4df825-56dc-4c41-a3c5-9e2c37d9d1fe?p=c9e32605-d294-4c79-ab2e-5091dea588f3\u0026api-version=2022-11-01",
      "RequestMethod": "GET",
      "RequestHeaders": {
        "Accept": "*/*",
        "Accept-Encoding": "gzip, deflate",
        "Connection": "keep-alive",
        "User-Agent": "azsdk-python-azure-mgmt-compute/29.2.0 Python/3.8.16 (Linux-5.15.0-1034-azure-x86_64-with-glibc2.2.5) VSTS_0fb41ef4-5012-48a9-bf39-4ee3de03ee35_build_2500_0"
      },
      "RequestBody": null,
      "StatusCode": 200,
      "ResponseHeaders": {
        "Cache-Control": "no-cache",
        "Content-Encoding": "gzip",
        "Content-Type": "application/json; charset=utf-8",
        "Date": "Mon, 03 Apr 2023 07:01:09 GMT",
        "Expires": "-1",
        "Pragma": "no-cache",
        "Server": [
          "Microsoft-HTTPAPI/2.0",
          "Microsoft-HTTPAPI/2.0"
        ],
        "Strict-Transport-Security": "max-age=31536000; includeSubDomains",
        "Transfer-Encoding": "chunked",
        "Vary": "Accept-Encoding",
        "X-Content-Type-Options": "nosniff",
        "x-ms-correlation-request-id": "da9812b8-7c6c-432a-803a-a3547423b22d",
        "x-ms-ratelimit-remaining-resource": "Microsoft.Compute/GetOperation3Min;14992,Microsoft.Compute/GetOperation30Min;29913",
        "x-ms-ratelimit-remaining-subscription-reads": "11924",
        "x-ms-routing-request-id": "SOUTHCENTRALUS:20230403T070109Z:da9812b8-7c6c-432a-803a-a3547423b22d"
      },
      "ResponseBody": {
        "startTime": "2023-04-03T06:55:08.0771419\u002B00:00",
        "status": "InProgress",
        "name": "2f4df825-56dc-4c41-a3c5-9e2c37d9d1fe"
      }
    },
    {
      "RequestUri": "https://management.azure.com/subscriptions/00000000-0000-0000-0000-000000000000/providers/Microsoft.Compute/locations/eastus/operations/2f4df825-56dc-4c41-a3c5-9e2c37d9d1fe?p=c9e32605-d294-4c79-ab2e-5091dea588f3\u0026api-version=2022-11-01",
      "RequestMethod": "GET",
      "RequestHeaders": {
        "Accept": "*/*",
        "Accept-Encoding": "gzip, deflate",
        "Connection": "keep-alive",
        "User-Agent": "azsdk-python-azure-mgmt-compute/29.2.0 Python/3.8.16 (Linux-5.15.0-1034-azure-x86_64-with-glibc2.2.5) VSTS_0fb41ef4-5012-48a9-bf39-4ee3de03ee35_build_2500_0"
      },
      "RequestBody": null,
      "StatusCode": 200,
      "ResponseHeaders": {
        "Cache-Control": "no-cache",
        "Content-Encoding": "gzip",
        "Content-Type": "application/json; charset=utf-8",
        "Date": "Mon, 03 Apr 2023 07:01:39 GMT",
        "Expires": "-1",
        "Pragma": "no-cache",
        "Server": [
          "Microsoft-HTTPAPI/2.0",
          "Microsoft-HTTPAPI/2.0"
        ],
        "Strict-Transport-Security": "max-age=31536000; includeSubDomains",
        "Transfer-Encoding": "chunked",
        "Vary": "Accept-Encoding",
        "X-Content-Type-Options": "nosniff",
        "x-ms-correlation-request-id": "4442a092-a8a9-40c6-8746-673921b51244",
        "x-ms-ratelimit-remaining-resource": "Microsoft.Compute/GetOperation3Min;14992,Microsoft.Compute/GetOperation30Min;29912",
        "x-ms-ratelimit-remaining-subscription-reads": "11923",
        "x-ms-routing-request-id": "SOUTHCENTRALUS:20230403T070140Z:4442a092-a8a9-40c6-8746-673921b51244"
      },
      "ResponseBody": {
        "startTime": "2023-04-03T06:55:08.0771419\u002B00:00",
        "status": "InProgress",
        "name": "2f4df825-56dc-4c41-a3c5-9e2c37d9d1fe"
      }
    },
    {
      "RequestUri": "https://management.azure.com/subscriptions/00000000-0000-0000-0000-000000000000/providers/Microsoft.Compute/locations/eastus/operations/2f4df825-56dc-4c41-a3c5-9e2c37d9d1fe?p=c9e32605-d294-4c79-ab2e-5091dea588f3\u0026api-version=2022-11-01",
      "RequestMethod": "GET",
      "RequestHeaders": {
        "Accept": "*/*",
        "Accept-Encoding": "gzip, deflate",
        "Connection": "keep-alive",
        "User-Agent": "azsdk-python-azure-mgmt-compute/29.2.0 Python/3.8.16 (Linux-5.15.0-1034-azure-x86_64-with-glibc2.2.5) VSTS_0fb41ef4-5012-48a9-bf39-4ee3de03ee35_build_2500_0"
      },
      "RequestBody": null,
      "StatusCode": 200,
      "ResponseHeaders": {
        "Cache-Control": "no-cache",
        "Content-Encoding": "gzip",
        "Content-Type": "application/json; charset=utf-8",
        "Date": "Mon, 03 Apr 2023 07:02:09 GMT",
        "Expires": "-1",
        "Pragma": "no-cache",
        "Server": [
          "Microsoft-HTTPAPI/2.0",
          "Microsoft-HTTPAPI/2.0"
        ],
        "Strict-Transport-Security": "max-age=31536000; includeSubDomains",
        "Transfer-Encoding": "chunked",
        "Vary": "Accept-Encoding",
        "X-Content-Type-Options": "nosniff",
        "x-ms-correlation-request-id": "c86263a3-971c-4d9c-b395-f3fa6fc76c32",
        "x-ms-ratelimit-remaining-resource": "Microsoft.Compute/GetOperation3Min;14993,Microsoft.Compute/GetOperation30Min;29911",
        "x-ms-ratelimit-remaining-subscription-reads": "11922",
        "x-ms-routing-request-id": "SOUTHCENTRALUS:20230403T070210Z:c86263a3-971c-4d9c-b395-f3fa6fc76c32"
      },
      "ResponseBody": {
        "startTime": "2023-04-03T06:55:08.0771419\u002B00:00",
        "status": "InProgress",
        "name": "2f4df825-56dc-4c41-a3c5-9e2c37d9d1fe"
      }
    },
    {
      "RequestUri": "https://management.azure.com/subscriptions/00000000-0000-0000-0000-000000000000/providers/Microsoft.Compute/locations/eastus/operations/2f4df825-56dc-4c41-a3c5-9e2c37d9d1fe?p=c9e32605-d294-4c79-ab2e-5091dea588f3\u0026api-version=2022-11-01",
      "RequestMethod": "GET",
      "RequestHeaders": {
        "Accept": "*/*",
        "Accept-Encoding": "gzip, deflate",
        "Connection": "keep-alive",
        "User-Agent": "azsdk-python-azure-mgmt-compute/29.2.0 Python/3.8.16 (Linux-5.15.0-1034-azure-x86_64-with-glibc2.2.5) VSTS_0fb41ef4-5012-48a9-bf39-4ee3de03ee35_build_2500_0"
      },
      "RequestBody": null,
      "StatusCode": 200,
      "ResponseHeaders": {
        "Cache-Control": "no-cache",
        "Content-Encoding": "gzip",
        "Content-Type": "application/json; charset=utf-8",
        "Date": "Mon, 03 Apr 2023 07:02:39 GMT",
        "Expires": "-1",
        "Pragma": "no-cache",
        "Server": [
          "Microsoft-HTTPAPI/2.0",
          "Microsoft-HTTPAPI/2.0"
        ],
        "Strict-Transport-Security": "max-age=31536000; includeSubDomains",
        "Transfer-Encoding": "chunked",
        "Vary": "Accept-Encoding",
        "X-Content-Type-Options": "nosniff",
        "x-ms-correlation-request-id": "e0d4c1c9-46d0-4700-b53b-67643a30d655",
        "x-ms-ratelimit-remaining-resource": "Microsoft.Compute/GetOperation3Min;14993,Microsoft.Compute/GetOperation30Min;29910",
        "x-ms-ratelimit-remaining-subscription-reads": "11921",
        "x-ms-routing-request-id": "SOUTHCENTRALUS:20230403T070240Z:e0d4c1c9-46d0-4700-b53b-67643a30d655"
      },
      "ResponseBody": {
        "startTime": "2023-04-03T06:55:08.0771419\u002B00:00",
        "status": "InProgress",
        "name": "2f4df825-56dc-4c41-a3c5-9e2c37d9d1fe"
      }
    },
    {
      "RequestUri": "https://management.azure.com/subscriptions/00000000-0000-0000-0000-000000000000/providers/Microsoft.Compute/locations/eastus/operations/2f4df825-56dc-4c41-a3c5-9e2c37d9d1fe?p=c9e32605-d294-4c79-ab2e-5091dea588f3\u0026api-version=2022-11-01",
      "RequestMethod": "GET",
      "RequestHeaders": {
        "Accept": "*/*",
        "Accept-Encoding": "gzip, deflate",
        "Connection": "keep-alive",
        "User-Agent": "azsdk-python-azure-mgmt-compute/29.2.0 Python/3.8.16 (Linux-5.15.0-1034-azure-x86_64-with-glibc2.2.5) VSTS_0fb41ef4-5012-48a9-bf39-4ee3de03ee35_build_2500_0"
      },
      "RequestBody": null,
      "StatusCode": 200,
      "ResponseHeaders": {
        "Cache-Control": "no-cache",
        "Content-Encoding": "gzip",
        "Content-Type": "application/json; charset=utf-8",
        "Date": "Mon, 03 Apr 2023 07:03:10 GMT",
        "Expires": "-1",
        "Pragma": "no-cache",
        "Server": [
          "Microsoft-HTTPAPI/2.0",
          "Microsoft-HTTPAPI/2.0"
        ],
        "Strict-Transport-Security": "max-age=31536000; includeSubDomains",
        "Transfer-Encoding": "chunked",
        "Vary": "Accept-Encoding",
        "X-Content-Type-Options": "nosniff",
        "x-ms-correlation-request-id": "eea04006-7b77-4140-926f-4077a1ecc3b0",
        "x-ms-ratelimit-remaining-resource": "Microsoft.Compute/GetOperation3Min;14992,Microsoft.Compute/GetOperation30Min;29908",
        "x-ms-ratelimit-remaining-subscription-reads": "11920",
        "x-ms-routing-request-id": "SOUTHCENTRALUS:20230403T070310Z:eea04006-7b77-4140-926f-4077a1ecc3b0"
      },
      "ResponseBody": {
        "startTime": "2023-04-03T06:55:08.0771419\u002B00:00",
        "endTime": "2023-04-03T07:02:52.2464632\u002B00:00",
        "status": "Succeeded",
        "name": "2f4df825-56dc-4c41-a3c5-9e2c37d9d1fe"
      }
    },
    {
      "RequestUri": "https://management.azure.com/subscriptions/00000000-0000-0000-0000-000000000000/providers/Microsoft.Compute/locations/eastus/operations/2f4df825-56dc-4c41-a3c5-9e2c37d9d1fe?p=c9e32605-d294-4c79-ab2e-5091dea588f3\u0026monitor=true\u0026api-version=2022-11-01",
      "RequestMethod": "GET",
      "RequestHeaders": {
        "Accept": "*/*",
        "Accept-Encoding": "gzip, deflate",
        "Connection": "keep-alive",
        "User-Agent": "azsdk-python-azure-mgmt-compute/29.2.0 Python/3.8.16 (Linux-5.15.0-1034-azure-x86_64-with-glibc2.2.5) VSTS_0fb41ef4-5012-48a9-bf39-4ee3de03ee35_build_2500_0"
      },
      "RequestBody": null,
      "StatusCode": 200,
      "ResponseHeaders": {
        "Cache-Control": "no-cache",
        "Content-Length": "0",
        "Date": "Mon, 03 Apr 2023 07:03:10 GMT",
        "Expires": "-1",
        "Pragma": "no-cache",
        "Server": [
          "Microsoft-HTTPAPI/2.0",
          "Microsoft-HTTPAPI/2.0"
        ],
        "Strict-Transport-Security": "max-age=31536000; includeSubDomains",
        "X-Content-Type-Options": "nosniff",
        "x-ms-correlation-request-id": "44b4b16b-57c2-4512-b46c-8ef3754c4c68",
        "x-ms-ratelimit-remaining-resource": "Microsoft.Compute/GetOperation3Min;14991,Microsoft.Compute/GetOperation30Min;29907",
        "x-ms-ratelimit-remaining-subscription-reads": "11919",
        "x-ms-routing-request-id": "SOUTHCENTRALUS:20230403T070310Z:44b4b16b-57c2-4512-b46c-8ef3754c4c68"
      },
      "ResponseBody": null
    },
    {
      "RequestUri": "https://management.azure.com/subscriptions/00000000-0000-0000-0000-000000000000/resourceGroups/rgname/providers/Microsoft.Compute/virtualMachineScaleSets/virtualmachinescaleset6c0d2aef/virtualMachines/0/reimageall?api-version=2022-11-01",
      "RequestMethod": "POST",
      "RequestHeaders": {
        "Accept": "application/json",
        "Accept-Encoding": "gzip, deflate",
        "Connection": "keep-alive",
        "Content-Length": "0",
        "User-Agent": "azsdk-python-azure-mgmt-compute/29.2.0 Python/3.8.16 (Linux-5.15.0-1034-azure-x86_64-with-glibc2.2.5) VSTS_0fb41ef4-5012-48a9-bf39-4ee3de03ee35_build_2500_0"
      },
      "RequestBody": null,
      "StatusCode": 202,
      "ResponseHeaders": {
        "Azure-AsyncNotification": "Enabled",
        "Azure-AsyncOperation": "https://management.azure.com/subscriptions/00000000-0000-0000-0000-000000000000/providers/Microsoft.Compute/locations/eastus/operations/7a9a7e58-72de-4abf-aac6-1fb9342b43d7?p=c9e32605-d294-4c79-ab2e-5091dea588f3\u0026api-version=2022-11-01",
        "Cache-Control": "no-cache",
        "Content-Length": "0",
        "Date": "Mon, 03 Apr 2023 07:03:10 GMT",
        "Expires": "-1",
        "Location": "https://management.azure.com/subscriptions/00000000-0000-0000-0000-000000000000/providers/Microsoft.Compute/locations/eastus/operations/7a9a7e58-72de-4abf-aac6-1fb9342b43d7?p=c9e32605-d294-4c79-ab2e-5091dea588f3\u0026monitor=true\u0026api-version=2022-11-01",
        "Pragma": "no-cache",
        "Server": [
          "Microsoft-HTTPAPI/2.0",
          "Microsoft-HTTPAPI/2.0"
        ],
        "Strict-Transport-Security": "max-age=31536000; includeSubDomains",
        "X-Content-Type-Options": "nosniff",
        "x-ms-correlation-request-id": "218b4729-b29a-436b-8f4b-03c7d12fff01",
        "x-ms-ratelimit-remaining-resource": "Microsoft.Compute/VMScaleSetActions3Min;237,Microsoft.Compute/VMScaleSetActions30Min;1191,Microsoft.Compute/VMScaleSetVMActions3Min;199,Microsoft.Compute/VMScaleSetVMActions30Min;997,Microsoft.Compute/VMScaleSetBatchedVMRequests5Min;1199,Microsoft.Compute/VmssQueuedVMOperations;0",
        "x-ms-ratelimit-remaining-subscription-writes": "1190",
        "x-ms-request-charge": "1",
        "x-ms-routing-request-id": "SOUTHCENTRALUS:20230403T070310Z:218b4729-b29a-436b-8f4b-03c7d12fff01"
      },
      "ResponseBody": null
    },
    {
      "RequestUri": "https://management.azure.com/subscriptions/00000000-0000-0000-0000-000000000000/providers/Microsoft.Compute/locations/eastus/operations/7a9a7e58-72de-4abf-aac6-1fb9342b43d7?p=c9e32605-d294-4c79-ab2e-5091dea588f3\u0026api-version=2022-11-01",
      "RequestMethod": "GET",
      "RequestHeaders": {
        "Accept": "*/*",
        "Accept-Encoding": "gzip, deflate",
        "Connection": "keep-alive",
        "User-Agent": "azsdk-python-azure-mgmt-compute/29.2.0 Python/3.8.16 (Linux-5.15.0-1034-azure-x86_64-with-glibc2.2.5) VSTS_0fb41ef4-5012-48a9-bf39-4ee3de03ee35_build_2500_0"
      },
      "RequestBody": null,
      "StatusCode": 200,
      "ResponseHeaders": {
        "Cache-Control": "no-cache",
        "Content-Encoding": "gzip",
        "Content-Type": "application/json; charset=utf-8",
        "Date": "Mon, 03 Apr 2023 07:03:10 GMT",
        "Expires": "-1",
        "Pragma": "no-cache",
        "Server": [
          "Microsoft-HTTPAPI/2.0",
          "Microsoft-HTTPAPI/2.0"
        ],
        "Strict-Transport-Security": "max-age=31536000; includeSubDomains",
        "Transfer-Encoding": "chunked",
        "Vary": "Accept-Encoding",
        "X-Content-Type-Options": "nosniff",
        "x-ms-correlation-request-id": "17a61380-3645-410e-80d4-cbbccbd7ccb0",
        "x-ms-ratelimit-remaining-resource": "Microsoft.Compute/GetOperation3Min;14990,Microsoft.Compute/GetOperation30Min;29906",
        "x-ms-ratelimit-remaining-subscription-reads": "11918",
        "x-ms-routing-request-id": "SOUTHCENTRALUS:20230403T070310Z:17a61380-3645-410e-80d4-cbbccbd7ccb0"
      },
      "ResponseBody": {
        "startTime": "2023-04-03T07:03:10.7151135\u002B00:00",
        "status": "InProgress",
        "name": "7a9a7e58-72de-4abf-aac6-1fb9342b43d7"
      }
    },
    {
      "RequestUri": "https://management.azure.com/subscriptions/00000000-0000-0000-0000-000000000000/providers/Microsoft.Compute/locations/eastus/operations/7a9a7e58-72de-4abf-aac6-1fb9342b43d7?p=c9e32605-d294-4c79-ab2e-5091dea588f3\u0026api-version=2022-11-01",
      "RequestMethod": "GET",
      "RequestHeaders": {
        "Accept": "*/*",
        "Accept-Encoding": "gzip, deflate",
        "Connection": "keep-alive",
        "User-Agent": "azsdk-python-azure-mgmt-compute/29.2.0 Python/3.8.16 (Linux-5.15.0-1034-azure-x86_64-with-glibc2.2.5) VSTS_0fb41ef4-5012-48a9-bf39-4ee3de03ee35_build_2500_0"
      },
      "RequestBody": null,
      "StatusCode": 200,
      "ResponseHeaders": {
        "Cache-Control": "no-cache",
        "Content-Encoding": "gzip",
        "Content-Type": "application/json; charset=utf-8",
        "Date": "Mon, 03 Apr 2023 07:03:40 GMT",
        "Expires": "-1",
        "Pragma": "no-cache",
        "Server": [
          "Microsoft-HTTPAPI/2.0",
          "Microsoft-HTTPAPI/2.0"
        ],
        "Strict-Transport-Security": "max-age=31536000; includeSubDomains",
        "Transfer-Encoding": "chunked",
        "Vary": "Accept-Encoding",
        "X-Content-Type-Options": "nosniff",
        "x-ms-correlation-request-id": "7b088fad-fe7e-4063-9e6f-4fc4a4f472fc",
        "x-ms-ratelimit-remaining-resource": "Microsoft.Compute/GetOperation3Min;14990,Microsoft.Compute/GetOperation30Min;29905",
        "x-ms-ratelimit-remaining-subscription-reads": "11917",
        "x-ms-routing-request-id": "SOUTHCENTRALUS:20230403T070341Z:7b088fad-fe7e-4063-9e6f-4fc4a4f472fc"
      },
      "ResponseBody": {
        "startTime": "2023-04-03T07:03:10.7151135\u002B00:00",
        "status": "InProgress",
        "name": "7a9a7e58-72de-4abf-aac6-1fb9342b43d7"
      }
    },
    {
      "RequestUri": "https://management.azure.com/subscriptions/00000000-0000-0000-0000-000000000000/providers/Microsoft.Compute/locations/eastus/operations/7a9a7e58-72de-4abf-aac6-1fb9342b43d7?p=c9e32605-d294-4c79-ab2e-5091dea588f3\u0026api-version=2022-11-01",
      "RequestMethod": "GET",
      "RequestHeaders": {
        "Accept": "*/*",
        "Accept-Encoding": "gzip, deflate",
        "Connection": "keep-alive",
        "User-Agent": "azsdk-python-azure-mgmt-compute/29.2.0 Python/3.8.16 (Linux-5.15.0-1034-azure-x86_64-with-glibc2.2.5) VSTS_0fb41ef4-5012-48a9-bf39-4ee3de03ee35_build_2500_0"
      },
      "RequestBody": null,
      "StatusCode": 200,
      "ResponseHeaders": {
        "Cache-Control": "no-cache",
        "Content-Encoding": "gzip",
        "Content-Type": "application/json; charset=utf-8",
        "Date": "Mon, 03 Apr 2023 07:04:10 GMT",
        "Expires": "-1",
        "Pragma": "no-cache",
        "Server": [
          "Microsoft-HTTPAPI/2.0",
          "Microsoft-HTTPAPI/2.0"
        ],
        "Strict-Transport-Security": "max-age=31536000; includeSubDomains",
        "Transfer-Encoding": "chunked",
        "Vary": "Accept-Encoding",
        "X-Content-Type-Options": "nosniff",
        "x-ms-correlation-request-id": "d3e59bc6-c9a3-4336-a8f7-a4fa968f880e",
        "x-ms-ratelimit-remaining-resource": "Microsoft.Compute/GetOperation3Min;14991,Microsoft.Compute/GetOperation30Min;29904",
        "x-ms-ratelimit-remaining-subscription-reads": "11916",
        "x-ms-routing-request-id": "SOUTHCENTRALUS:20230403T070411Z:d3e59bc6-c9a3-4336-a8f7-a4fa968f880e"
      },
      "ResponseBody": {
        "startTime": "2023-04-03T07:03:10.7151135\u002B00:00",
        "status": "InProgress",
        "name": "7a9a7e58-72de-4abf-aac6-1fb9342b43d7"
      }
    },
    {
      "RequestUri": "https://management.azure.com/subscriptions/00000000-0000-0000-0000-000000000000/providers/Microsoft.Compute/locations/eastus/operations/7a9a7e58-72de-4abf-aac6-1fb9342b43d7?p=c9e32605-d294-4c79-ab2e-5091dea588f3\u0026api-version=2022-11-01",
      "RequestMethod": "GET",
      "RequestHeaders": {
        "Accept": "*/*",
        "Accept-Encoding": "gzip, deflate",
        "Connection": "keep-alive",
        "User-Agent": "azsdk-python-azure-mgmt-compute/29.2.0 Python/3.8.16 (Linux-5.15.0-1034-azure-x86_64-with-glibc2.2.5) VSTS_0fb41ef4-5012-48a9-bf39-4ee3de03ee35_build_2500_0"
      },
      "RequestBody": null,
      "StatusCode": 200,
      "ResponseHeaders": {
        "Cache-Control": "no-cache",
        "Content-Encoding": "gzip",
        "Content-Type": "application/json; charset=utf-8",
        "Date": "Mon, 03 Apr 2023 07:04:40 GMT",
        "Expires": "-1",
        "Pragma": "no-cache",
        "Server": [
          "Microsoft-HTTPAPI/2.0",
          "Microsoft-HTTPAPI/2.0"
        ],
        "Strict-Transport-Security": "max-age=31536000; includeSubDomains",
        "Transfer-Encoding": "chunked",
        "Vary": "Accept-Encoding",
        "X-Content-Type-Options": "nosniff",
        "x-ms-correlation-request-id": "2b0aa69c-a9c9-4ae1-96d6-6b8220d28a1f",
        "x-ms-ratelimit-remaining-resource": "Microsoft.Compute/GetOperation3Min;14991,Microsoft.Compute/GetOperation30Min;29903",
        "x-ms-ratelimit-remaining-subscription-reads": "11915",
        "x-ms-routing-request-id": "SOUTHCENTRALUS:20230403T070441Z:2b0aa69c-a9c9-4ae1-96d6-6b8220d28a1f"
      },
      "ResponseBody": {
        "startTime": "2023-04-03T07:03:10.7151135\u002B00:00",
        "status": "InProgress",
        "name": "7a9a7e58-72de-4abf-aac6-1fb9342b43d7"
      }
    },
    {
      "RequestUri": "https://management.azure.com/subscriptions/00000000-0000-0000-0000-000000000000/providers/Microsoft.Compute/locations/eastus/operations/7a9a7e58-72de-4abf-aac6-1fb9342b43d7?p=c9e32605-d294-4c79-ab2e-5091dea588f3\u0026api-version=2022-11-01",
      "RequestMethod": "GET",
      "RequestHeaders": {
        "Accept": "*/*",
        "Accept-Encoding": "gzip, deflate",
        "Connection": "keep-alive",
        "User-Agent": "azsdk-python-azure-mgmt-compute/29.2.0 Python/3.8.16 (Linux-5.15.0-1034-azure-x86_64-with-glibc2.2.5) VSTS_0fb41ef4-5012-48a9-bf39-4ee3de03ee35_build_2500_0"
      },
      "RequestBody": null,
      "StatusCode": 200,
      "ResponseHeaders": {
        "Cache-Control": "no-cache",
        "Content-Encoding": "gzip",
        "Content-Type": "application/json; charset=utf-8",
        "Date": "Mon, 03 Apr 2023 07:05:11 GMT",
        "Expires": "-1",
        "Pragma": "no-cache",
        "Server": [
          "Microsoft-HTTPAPI/2.0",
          "Microsoft-HTTPAPI/2.0"
        ],
        "Strict-Transport-Security": "max-age=31536000; includeSubDomains",
        "Transfer-Encoding": "chunked",
        "Vary": "Accept-Encoding",
        "X-Content-Type-Options": "nosniff",
        "x-ms-correlation-request-id": "bd107224-ef09-4df4-a904-34bb9b9fd00a",
        "x-ms-ratelimit-remaining-resource": "Microsoft.Compute/GetOperation3Min;14990,Microsoft.Compute/GetOperation30Min;29927",
        "x-ms-ratelimit-remaining-subscription-reads": "11914",
        "x-ms-routing-request-id": "SOUTHCENTRALUS:20230403T070511Z:bd107224-ef09-4df4-a904-34bb9b9fd00a"
      },
      "ResponseBody": {
        "startTime": "2023-04-03T07:03:10.7151135\u002B00:00",
        "status": "InProgress",
        "name": "7a9a7e58-72de-4abf-aac6-1fb9342b43d7"
      }
    },
    {
      "RequestUri": "https://management.azure.com/subscriptions/00000000-0000-0000-0000-000000000000/providers/Microsoft.Compute/locations/eastus/operations/7a9a7e58-72de-4abf-aac6-1fb9342b43d7?p=c9e32605-d294-4c79-ab2e-5091dea588f3\u0026api-version=2022-11-01",
      "RequestMethod": "GET",
      "RequestHeaders": {
        "Accept": "*/*",
        "Accept-Encoding": "gzip, deflate",
        "Connection": "keep-alive",
        "User-Agent": "azsdk-python-azure-mgmt-compute/29.2.0 Python/3.8.16 (Linux-5.15.0-1034-azure-x86_64-with-glibc2.2.5) VSTS_0fb41ef4-5012-48a9-bf39-4ee3de03ee35_build_2500_0"
      },
      "RequestBody": null,
      "StatusCode": 200,
      "ResponseHeaders": {
        "Cache-Control": "no-cache",
        "Content-Encoding": "gzip",
        "Content-Type": "application/json; charset=utf-8",
        "Date": "Mon, 03 Apr 2023 07:05:41 GMT",
        "Expires": "-1",
        "Pragma": "no-cache",
        "Server": [
          "Microsoft-HTTPAPI/2.0",
          "Microsoft-HTTPAPI/2.0"
        ],
        "Strict-Transport-Security": "max-age=31536000; includeSubDomains",
        "Transfer-Encoding": "chunked",
        "Vary": "Accept-Encoding",
        "X-Content-Type-Options": "nosniff",
        "x-ms-correlation-request-id": "8cb14037-4c3c-4a31-9262-52ecef52c5d6",
        "x-ms-ratelimit-remaining-resource": "Microsoft.Compute/GetOperation3Min;14991,Microsoft.Compute/GetOperation30Min;29926",
        "x-ms-ratelimit-remaining-subscription-reads": "11913",
        "x-ms-routing-request-id": "SOUTHCENTRALUS:20230403T070541Z:8cb14037-4c3c-4a31-9262-52ecef52c5d6"
      },
      "ResponseBody": {
        "startTime": "2023-04-03T07:03:10.7151135\u002B00:00",
        "status": "InProgress",
        "name": "7a9a7e58-72de-4abf-aac6-1fb9342b43d7"
      }
    },
    {
      "RequestUri": "https://management.azure.com/subscriptions/00000000-0000-0000-0000-000000000000/providers/Microsoft.Compute/locations/eastus/operations/7a9a7e58-72de-4abf-aac6-1fb9342b43d7?p=c9e32605-d294-4c79-ab2e-5091dea588f3\u0026api-version=2022-11-01",
      "RequestMethod": "GET",
      "RequestHeaders": {
        "Accept": "*/*",
        "Accept-Encoding": "gzip, deflate",
        "Connection": "keep-alive",
        "User-Agent": "azsdk-python-azure-mgmt-compute/29.2.0 Python/3.8.16 (Linux-5.15.0-1034-azure-x86_64-with-glibc2.2.5) VSTS_0fb41ef4-5012-48a9-bf39-4ee3de03ee35_build_2500_0"
      },
      "RequestBody": null,
      "StatusCode": 200,
      "ResponseHeaders": {
        "Cache-Control": "no-cache",
        "Content-Encoding": "gzip",
        "Content-Type": "application/json; charset=utf-8",
        "Date": "Mon, 03 Apr 2023 07:06:10 GMT",
        "Expires": "-1",
        "Pragma": "no-cache",
        "Server": [
          "Microsoft-HTTPAPI/2.0",
          "Microsoft-HTTPAPI/2.0"
        ],
        "Strict-Transport-Security": "max-age=31536000; includeSubDomains",
        "Transfer-Encoding": "chunked",
        "Vary": "Accept-Encoding",
        "X-Content-Type-Options": "nosniff",
        "x-ms-correlation-request-id": "33711848-1674-4a33-b827-dbdca86e7e07",
        "x-ms-ratelimit-remaining-resource": "Microsoft.Compute/GetOperation3Min;14993,Microsoft.Compute/GetOperation30Min;29925",
        "x-ms-ratelimit-remaining-subscription-reads": "11912",
        "x-ms-routing-request-id": "SOUTHCENTRALUS:20230403T070611Z:33711848-1674-4a33-b827-dbdca86e7e07"
      },
      "ResponseBody": {
        "startTime": "2023-04-03T07:03:10.7151135\u002B00:00",
        "status": "InProgress",
        "name": "7a9a7e58-72de-4abf-aac6-1fb9342b43d7"
      }
    },
    {
      "RequestUri": "https://management.azure.com/subscriptions/00000000-0000-0000-0000-000000000000/providers/Microsoft.Compute/locations/eastus/operations/7a9a7e58-72de-4abf-aac6-1fb9342b43d7?p=c9e32605-d294-4c79-ab2e-5091dea588f3\u0026api-version=2022-11-01",
      "RequestMethod": "GET",
      "RequestHeaders": {
        "Accept": "*/*",
        "Accept-Encoding": "gzip, deflate",
        "Connection": "keep-alive",
        "User-Agent": "azsdk-python-azure-mgmt-compute/29.2.0 Python/3.8.16 (Linux-5.15.0-1034-azure-x86_64-with-glibc2.2.5) VSTS_0fb41ef4-5012-48a9-bf39-4ee3de03ee35_build_2500_0"
      },
      "RequestBody": null,
      "StatusCode": 200,
      "ResponseHeaders": {
        "Cache-Control": "no-cache",
        "Content-Encoding": "gzip",
        "Content-Type": "application/json; charset=utf-8",
        "Date": "Mon, 03 Apr 2023 07:06:40 GMT",
        "Expires": "-1",
        "Pragma": "no-cache",
        "Server": [
          "Microsoft-HTTPAPI/2.0",
          "Microsoft-HTTPAPI/2.0"
        ],
        "Strict-Transport-Security": "max-age=31536000; includeSubDomains",
        "Transfer-Encoding": "chunked",
        "Vary": "Accept-Encoding",
        "X-Content-Type-Options": "nosniff",
        "x-ms-correlation-request-id": "4db68b64-1642-49d6-af37-a014853b83be",
        "x-ms-ratelimit-remaining-resource": "Microsoft.Compute/GetOperation3Min;14993,Microsoft.Compute/GetOperation30Min;29924",
        "x-ms-ratelimit-remaining-subscription-reads": "11911",
        "x-ms-routing-request-id": "SOUTHCENTRALUS:20230403T070641Z:4db68b64-1642-49d6-af37-a014853b83be"
      },
      "ResponseBody": {
        "startTime": "2023-04-03T07:03:10.7151135\u002B00:00",
        "status": "InProgress",
        "name": "7a9a7e58-72de-4abf-aac6-1fb9342b43d7"
      }
    },
    {
      "RequestUri": "https://management.azure.com/subscriptions/00000000-0000-0000-0000-000000000000/providers/Microsoft.Compute/locations/eastus/operations/7a9a7e58-72de-4abf-aac6-1fb9342b43d7?p=c9e32605-d294-4c79-ab2e-5091dea588f3\u0026api-version=2022-11-01",
      "RequestMethod": "GET",
      "RequestHeaders": {
        "Accept": "*/*",
        "Accept-Encoding": "gzip, deflate",
        "Connection": "keep-alive",
        "User-Agent": "azsdk-python-azure-mgmt-compute/29.2.0 Python/3.8.16 (Linux-5.15.0-1034-azure-x86_64-with-glibc2.2.5) VSTS_0fb41ef4-5012-48a9-bf39-4ee3de03ee35_build_2500_0"
      },
      "RequestBody": null,
      "StatusCode": 200,
      "ResponseHeaders": {
        "Cache-Control": "no-cache",
        "Content-Encoding": "gzip",
        "Content-Type": "application/json; charset=utf-8",
        "Date": "Mon, 03 Apr 2023 07:07:11 GMT",
        "Expires": "-1",
        "Pragma": "no-cache",
        "Server": [
          "Microsoft-HTTPAPI/2.0",
          "Microsoft-HTTPAPI/2.0"
        ],
        "Strict-Transport-Security": "max-age=31536000; includeSubDomains",
        "Transfer-Encoding": "chunked",
        "Vary": "Accept-Encoding",
        "X-Content-Type-Options": "nosniff",
        "x-ms-correlation-request-id": "41ec4f74-38a8-40ee-82c8-4af81a3f89b7",
        "x-ms-ratelimit-remaining-resource": "Microsoft.Compute/GetOperation3Min;14992,Microsoft.Compute/GetOperation30Min;29922",
        "x-ms-ratelimit-remaining-subscription-reads": "11910",
        "x-ms-routing-request-id": "SOUTHCENTRALUS:20230403T070711Z:41ec4f74-38a8-40ee-82c8-4af81a3f89b7"
      },
      "ResponseBody": {
        "startTime": "2023-04-03T07:03:10.7151135\u002B00:00",
        "status": "InProgress",
        "name": "7a9a7e58-72de-4abf-aac6-1fb9342b43d7"
      }
    },
    {
      "RequestUri": "https://management.azure.com/subscriptions/00000000-0000-0000-0000-000000000000/providers/Microsoft.Compute/locations/eastus/operations/7a9a7e58-72de-4abf-aac6-1fb9342b43d7?p=c9e32605-d294-4c79-ab2e-5091dea588f3\u0026api-version=2022-11-01",
      "RequestMethod": "GET",
      "RequestHeaders": {
        "Accept": "*/*",
        "Accept-Encoding": "gzip, deflate",
        "Connection": "keep-alive",
        "User-Agent": "azsdk-python-azure-mgmt-compute/29.2.0 Python/3.8.16 (Linux-5.15.0-1034-azure-x86_64-with-glibc2.2.5) VSTS_0fb41ef4-5012-48a9-bf39-4ee3de03ee35_build_2500_0"
      },
      "RequestBody": null,
      "StatusCode": 200,
      "ResponseHeaders": {
        "Cache-Control": "no-cache",
        "Content-Encoding": "gzip",
        "Content-Type": "application/json; charset=utf-8",
        "Date": "Mon, 03 Apr 2023 07:07:41 GMT",
        "Expires": "-1",
        "Pragma": "no-cache",
        "Server": [
          "Microsoft-HTTPAPI/2.0",
          "Microsoft-HTTPAPI/2.0"
        ],
        "Strict-Transport-Security": "max-age=31536000; includeSubDomains",
        "Transfer-Encoding": "chunked",
        "Vary": "Accept-Encoding",
        "X-Content-Type-Options": "nosniff",
        "x-ms-correlation-request-id": "a33e6496-a876-45c3-bb7f-cc2856347426",
        "x-ms-ratelimit-remaining-resource": "Microsoft.Compute/GetOperation3Min;14992,Microsoft.Compute/GetOperation30Min;29921",
        "x-ms-ratelimit-remaining-subscription-reads": "11909",
        "x-ms-routing-request-id": "SOUTHCENTRALUS:20230403T070741Z:a33e6496-a876-45c3-bb7f-cc2856347426"
      },
      "ResponseBody": {
        "startTime": "2023-04-03T07:03:10.7151135\u002B00:00",
        "status": "InProgress",
        "name": "7a9a7e58-72de-4abf-aac6-1fb9342b43d7"
      }
    },
    {
      "RequestUri": "https://management.azure.com/subscriptions/00000000-0000-0000-0000-000000000000/providers/Microsoft.Compute/locations/eastus/operations/7a9a7e58-72de-4abf-aac6-1fb9342b43d7?p=c9e32605-d294-4c79-ab2e-5091dea588f3\u0026api-version=2022-11-01",
      "RequestMethod": "GET",
      "RequestHeaders": {
        "Accept": "*/*",
        "Accept-Encoding": "gzip, deflate",
        "Connection": "keep-alive",
        "User-Agent": "azsdk-python-azure-mgmt-compute/29.2.0 Python/3.8.16 (Linux-5.15.0-1034-azure-x86_64-with-glibc2.2.5) VSTS_0fb41ef4-5012-48a9-bf39-4ee3de03ee35_build_2500_0"
      },
      "RequestBody": null,
      "StatusCode": 200,
      "ResponseHeaders": {
        "Cache-Control": "no-cache",
        "Content-Encoding": "gzip",
        "Content-Type": "application/json; charset=utf-8",
        "Date": "Mon, 03 Apr 2023 07:08:11 GMT",
        "Expires": "-1",
        "Pragma": "no-cache",
        "Server": [
          "Microsoft-HTTPAPI/2.0",
          "Microsoft-HTTPAPI/2.0"
        ],
        "Strict-Transport-Security": "max-age=31536000; includeSubDomains",
        "Transfer-Encoding": "chunked",
        "Vary": "Accept-Encoding",
        "X-Content-Type-Options": "nosniff",
        "x-ms-correlation-request-id": "79a3946c-1f28-4523-b542-7c09f086874d",
        "x-ms-ratelimit-remaining-resource": "Microsoft.Compute/GetOperation3Min;14993,Microsoft.Compute/GetOperation30Min;29920",
        "x-ms-ratelimit-remaining-subscription-reads": "11908",
        "x-ms-routing-request-id": "SOUTHCENTRALUS:20230403T070812Z:79a3946c-1f28-4523-b542-7c09f086874d"
      },
      "ResponseBody": {
        "startTime": "2023-04-03T07:03:10.7151135\u002B00:00",
        "status": "InProgress",
        "name": "7a9a7e58-72de-4abf-aac6-1fb9342b43d7"
      }
    },
    {
      "RequestUri": "https://management.azure.com/subscriptions/00000000-0000-0000-0000-000000000000/providers/Microsoft.Compute/locations/eastus/operations/7a9a7e58-72de-4abf-aac6-1fb9342b43d7?p=c9e32605-d294-4c79-ab2e-5091dea588f3\u0026api-version=2022-11-01",
      "RequestMethod": "GET",
      "RequestHeaders": {
        "Accept": "*/*",
        "Accept-Encoding": "gzip, deflate",
        "Connection": "keep-alive",
        "User-Agent": "azsdk-python-azure-mgmt-compute/29.2.0 Python/3.8.16 (Linux-5.15.0-1034-azure-x86_64-with-glibc2.2.5) VSTS_0fb41ef4-5012-48a9-bf39-4ee3de03ee35_build_2500_0"
      },
      "RequestBody": null,
      "StatusCode": 200,
      "ResponseHeaders": {
        "Cache-Control": "no-cache",
        "Content-Encoding": "gzip",
        "Content-Type": "application/json; charset=utf-8",
        "Date": "Mon, 03 Apr 2023 07:08:42 GMT",
        "Expires": "-1",
        "Pragma": "no-cache",
        "Server": [
          "Microsoft-HTTPAPI/2.0",
          "Microsoft-HTTPAPI/2.0"
        ],
        "Strict-Transport-Security": "max-age=31536000; includeSubDomains",
        "Transfer-Encoding": "chunked",
        "Vary": "Accept-Encoding",
        "X-Content-Type-Options": "nosniff",
        "x-ms-correlation-request-id": "0eb6eb26-4c1c-4531-93d0-210138769fda",
        "x-ms-ratelimit-remaining-resource": "Microsoft.Compute/GetOperation3Min;14993,Microsoft.Compute/GetOperation30Min;29919",
        "x-ms-ratelimit-remaining-subscription-reads": "11907",
        "x-ms-routing-request-id": "SOUTHCENTRALUS:20230403T070842Z:0eb6eb26-4c1c-4531-93d0-210138769fda"
      },
      "ResponseBody": {
        "startTime": "2023-04-03T07:03:10.7151135\u002B00:00",
        "status": "InProgress",
        "name": "7a9a7e58-72de-4abf-aac6-1fb9342b43d7"
      }
    },
    {
      "RequestUri": "https://management.azure.com/subscriptions/00000000-0000-0000-0000-000000000000/providers/Microsoft.Compute/locations/eastus/operations/7a9a7e58-72de-4abf-aac6-1fb9342b43d7?p=c9e32605-d294-4c79-ab2e-5091dea588f3\u0026api-version=2022-11-01",
      "RequestMethod": "GET",
      "RequestHeaders": {
        "Accept": "*/*",
        "Accept-Encoding": "gzip, deflate",
        "Connection": "keep-alive",
        "User-Agent": "azsdk-python-azure-mgmt-compute/29.2.0 Python/3.8.16 (Linux-5.15.0-1034-azure-x86_64-with-glibc2.2.5) VSTS_0fb41ef4-5012-48a9-bf39-4ee3de03ee35_build_2500_0"
      },
      "RequestBody": null,
      "StatusCode": 200,
      "ResponseHeaders": {
        "Cache-Control": "no-cache",
        "Content-Encoding": "gzip",
        "Content-Type": "application/json; charset=utf-8",
        "Date": "Mon, 03 Apr 2023 07:09:12 GMT",
        "Expires": "-1",
        "Pragma": "no-cache",
        "Server": [
          "Microsoft-HTTPAPI/2.0",
          "Microsoft-HTTPAPI/2.0"
        ],
        "Strict-Transport-Security": "max-age=31536000; includeSubDomains",
        "Transfer-Encoding": "chunked",
        "Vary": "Accept-Encoding",
        "X-Content-Type-Options": "nosniff",
        "x-ms-correlation-request-id": "9024ddcd-b392-46bd-91a6-dd2d08b8e785",
        "x-ms-ratelimit-remaining-resource": "Microsoft.Compute/GetOperation3Min;14993,Microsoft.Compute/GetOperation30Min;29918",
        "x-ms-ratelimit-remaining-subscription-reads": "11906",
        "x-ms-routing-request-id": "SOUTHCENTRALUS:20230403T070912Z:9024ddcd-b392-46bd-91a6-dd2d08b8e785"
      },
      "ResponseBody": {
        "startTime": "2023-04-03T07:03:10.7151135\u002B00:00",
        "status": "InProgress",
        "name": "7a9a7e58-72de-4abf-aac6-1fb9342b43d7"
      }
    },
    {
      "RequestUri": "https://management.azure.com/subscriptions/00000000-0000-0000-0000-000000000000/providers/Microsoft.Compute/locations/eastus/operations/7a9a7e58-72de-4abf-aac6-1fb9342b43d7?p=c9e32605-d294-4c79-ab2e-5091dea588f3\u0026api-version=2022-11-01",
      "RequestMethod": "GET",
      "RequestHeaders": {
        "Accept": "*/*",
        "Accept-Encoding": "gzip, deflate",
        "Connection": "keep-alive",
        "User-Agent": "azsdk-python-azure-mgmt-compute/29.2.0 Python/3.8.16 (Linux-5.15.0-1034-azure-x86_64-with-glibc2.2.5) VSTS_0fb41ef4-5012-48a9-bf39-4ee3de03ee35_build_2500_0"
      },
      "RequestBody": null,
      "StatusCode": 200,
      "ResponseHeaders": {
        "Cache-Control": "no-cache",
        "Content-Encoding": "gzip",
        "Content-Type": "application/json; charset=utf-8",
        "Date": "Mon, 03 Apr 2023 07:09:42 GMT",
        "Expires": "-1",
        "Pragma": "no-cache",
        "Server": [
          "Microsoft-HTTPAPI/2.0",
          "Microsoft-HTTPAPI/2.0"
        ],
        "Strict-Transport-Security": "max-age=31536000; includeSubDomains",
        "Transfer-Encoding": "chunked",
        "Vary": "Accept-Encoding",
        "X-Content-Type-Options": "nosniff",
        "x-ms-correlation-request-id": "47723afe-6ddf-4499-96da-379d7254c6f0",
        "x-ms-ratelimit-remaining-resource": "Microsoft.Compute/GetOperation3Min;14992,Microsoft.Compute/GetOperation30Min;29916",
        "x-ms-ratelimit-remaining-subscription-reads": "11905",
        "x-ms-routing-request-id": "SOUTHCENTRALUS:20230403T070942Z:47723afe-6ddf-4499-96da-379d7254c6f0"
      },
      "ResponseBody": {
        "startTime": "2023-04-03T07:03:10.7151135\u002B00:00",
        "status": "InProgress",
        "name": "7a9a7e58-72de-4abf-aac6-1fb9342b43d7"
      }
    },
    {
      "RequestUri": "https://management.azure.com/subscriptions/00000000-0000-0000-0000-000000000000/providers/Microsoft.Compute/locations/eastus/operations/7a9a7e58-72de-4abf-aac6-1fb9342b43d7?p=c9e32605-d294-4c79-ab2e-5091dea588f3\u0026api-version=2022-11-01",
      "RequestMethod": "GET",
      "RequestHeaders": {
        "Accept": "*/*",
        "Accept-Encoding": "gzip, deflate",
        "Connection": "keep-alive",
        "User-Agent": "azsdk-python-azure-mgmt-compute/29.2.0 Python/3.8.16 (Linux-5.15.0-1034-azure-x86_64-with-glibc2.2.5) VSTS_0fb41ef4-5012-48a9-bf39-4ee3de03ee35_build_2500_0"
      },
      "RequestBody": null,
      "StatusCode": 200,
      "ResponseHeaders": {
        "Cache-Control": "no-cache",
        "Content-Encoding": "gzip",
        "Content-Type": "application/json; charset=utf-8",
        "Date": "Mon, 03 Apr 2023 07:10:11 GMT",
        "Expires": "-1",
        "Pragma": "no-cache",
        "Server": [
          "Microsoft-HTTPAPI/2.0",
          "Microsoft-HTTPAPI/2.0"
        ],
        "Strict-Transport-Security": "max-age=31536000; includeSubDomains",
        "Transfer-Encoding": "chunked",
        "Vary": "Accept-Encoding",
        "X-Content-Type-Options": "nosniff",
        "x-ms-correlation-request-id": "ae55d328-337f-49bd-86f3-202010ebccf1",
        "x-ms-ratelimit-remaining-resource": "Microsoft.Compute/GetOperation3Min;14993,Microsoft.Compute/GetOperation30Min;29934",
        "x-ms-ratelimit-remaining-subscription-reads": "11904",
        "x-ms-routing-request-id": "SOUTHCENTRALUS:20230403T071012Z:ae55d328-337f-49bd-86f3-202010ebccf1"
      },
      "ResponseBody": {
        "startTime": "2023-04-03T07:03:10.7151135\u002B00:00",
        "status": "InProgress",
        "name": "7a9a7e58-72de-4abf-aac6-1fb9342b43d7"
      }
    },
    {
      "RequestUri": "https://management.azure.com/subscriptions/00000000-0000-0000-0000-000000000000/providers/Microsoft.Compute/locations/eastus/operations/7a9a7e58-72de-4abf-aac6-1fb9342b43d7?p=c9e32605-d294-4c79-ab2e-5091dea588f3\u0026api-version=2022-11-01",
      "RequestMethod": "GET",
      "RequestHeaders": {
        "Accept": "*/*",
        "Accept-Encoding": "gzip, deflate",
        "Connection": "keep-alive",
        "User-Agent": "azsdk-python-azure-mgmt-compute/29.2.0 Python/3.8.16 (Linux-5.15.0-1034-azure-x86_64-with-glibc2.2.5) VSTS_0fb41ef4-5012-48a9-bf39-4ee3de03ee35_build_2500_0"
      },
      "RequestBody": null,
      "StatusCode": 200,
      "ResponseHeaders": {
        "Cache-Control": "no-cache",
        "Content-Encoding": "gzip",
        "Content-Type": "application/json; charset=utf-8",
        "Date": "Mon, 03 Apr 2023 07:10:41 GMT",
        "Expires": "-1",
        "Pragma": "no-cache",
        "Server": [
          "Microsoft-HTTPAPI/2.0",
          "Microsoft-HTTPAPI/2.0"
        ],
        "Strict-Transport-Security": "max-age=31536000; includeSubDomains",
        "Transfer-Encoding": "chunked",
        "Vary": "Accept-Encoding",
        "X-Content-Type-Options": "nosniff",
        "x-ms-correlation-request-id": "d2809358-e9b0-424f-83ad-3d6934dd9b31",
        "x-ms-ratelimit-remaining-resource": "Microsoft.Compute/GetOperation3Min;14993,Microsoft.Compute/GetOperation30Min;29933",
        "x-ms-ratelimit-remaining-subscription-reads": "11903",
        "x-ms-routing-request-id": "SOUTHCENTRALUS:20230403T071042Z:d2809358-e9b0-424f-83ad-3d6934dd9b31"
      },
      "ResponseBody": {
        "startTime": "2023-04-03T07:03:10.7151135\u002B00:00",
        "status": "InProgress",
        "name": "7a9a7e58-72de-4abf-aac6-1fb9342b43d7"
      }
    },
    {
      "RequestUri": "https://management.azure.com/subscriptions/00000000-0000-0000-0000-000000000000/providers/Microsoft.Compute/locations/eastus/operations/7a9a7e58-72de-4abf-aac6-1fb9342b43d7?p=c9e32605-d294-4c79-ab2e-5091dea588f3\u0026api-version=2022-11-01",
      "RequestMethod": "GET",
      "RequestHeaders": {
        "Accept": "*/*",
        "Accept-Encoding": "gzip, deflate",
        "Connection": "keep-alive",
        "User-Agent": "azsdk-python-azure-mgmt-compute/29.2.0 Python/3.8.16 (Linux-5.15.0-1034-azure-x86_64-with-glibc2.2.5) VSTS_0fb41ef4-5012-48a9-bf39-4ee3de03ee35_build_2500_0"
      },
      "RequestBody": null,
      "StatusCode": 200,
      "ResponseHeaders": {
        "Cache-Control": "no-cache",
        "Content-Encoding": "gzip",
        "Content-Type": "application/json; charset=utf-8",
        "Date": "Mon, 03 Apr 2023 07:11:12 GMT",
        "Expires": "-1",
        "Pragma": "no-cache",
        "Server": [
          "Microsoft-HTTPAPI/2.0",
          "Microsoft-HTTPAPI/2.0"
        ],
        "Strict-Transport-Security": "max-age=31536000; includeSubDomains",
        "Transfer-Encoding": "chunked",
        "Vary": "Accept-Encoding",
        "X-Content-Type-Options": "nosniff",
        "x-ms-correlation-request-id": "5a61bd56-3fda-4eab-8e53-b7b27864bf91",
        "x-ms-ratelimit-remaining-resource": "Microsoft.Compute/GetOperation3Min;14992,Microsoft.Compute/GetOperation30Min;29931",
        "x-ms-ratelimit-remaining-subscription-reads": "11902",
        "x-ms-routing-request-id": "SOUTHCENTRALUS:20230403T071112Z:5a61bd56-3fda-4eab-8e53-b7b27864bf91"
      },
      "ResponseBody": {
        "startTime": "2023-04-03T07:03:10.7151135\u002B00:00",
        "endTime": "2023-04-03T07:10:47.9782265\u002B00:00",
        "status": "Succeeded",
        "name": "7a9a7e58-72de-4abf-aac6-1fb9342b43d7"
      }
    },
    {
      "RequestUri": "https://management.azure.com/subscriptions/00000000-0000-0000-0000-000000000000/providers/Microsoft.Compute/locations/eastus/operations/7a9a7e58-72de-4abf-aac6-1fb9342b43d7?p=c9e32605-d294-4c79-ab2e-5091dea588f3\u0026monitor=true\u0026api-version=2022-11-01",
      "RequestMethod": "GET",
      "RequestHeaders": {
        "Accept": "*/*",
        "Accept-Encoding": "gzip, deflate",
        "Connection": "keep-alive",
        "User-Agent": "azsdk-python-azure-mgmt-compute/29.2.0 Python/3.8.16 (Linux-5.15.0-1034-azure-x86_64-with-glibc2.2.5) VSTS_0fb41ef4-5012-48a9-bf39-4ee3de03ee35_build_2500_0"
      },
      "RequestBody": null,
      "StatusCode": 200,
      "ResponseHeaders": {
        "Cache-Control": "no-cache",
        "Content-Length": "0",
        "Date": "Mon, 03 Apr 2023 07:11:12 GMT",
        "Expires": "-1",
        "Pragma": "no-cache",
        "Server": [
          "Microsoft-HTTPAPI/2.0",
          "Microsoft-HTTPAPI/2.0"
        ],
        "Strict-Transport-Security": "max-age=31536000; includeSubDomains",
        "X-Content-Type-Options": "nosniff",
        "x-ms-correlation-request-id": "eddac403-62f0-4c72-bd38-cf7410713ed5",
        "x-ms-ratelimit-remaining-resource": "Microsoft.Compute/GetOperation3Min;14991,Microsoft.Compute/GetOperation30Min;29930",
        "x-ms-ratelimit-remaining-subscription-reads": "11901",
        "x-ms-routing-request-id": "SOUTHCENTRALUS:20230403T071112Z:eddac403-62f0-4c72-bd38-cf7410713ed5"
      },
      "ResponseBody": null
    },
    {
      "RequestUri": "https://management.azure.com/subscriptions/00000000-0000-0000-0000-000000000000/resourceGroups/rgname/providers/Microsoft.Compute/virtualMachineScaleSets/virtualmachinescaleset6c0d2aef?api-version=2022-11-01",
      "RequestMethod": "DELETE",
      "RequestHeaders": {
        "Accept": "application/json",
        "Accept-Encoding": "gzip, deflate",
        "Connection": "keep-alive",
        "Content-Length": "0",
        "User-Agent": "azsdk-python-azure-mgmt-compute/29.2.0 Python/3.8.16 (Linux-5.15.0-1034-azure-x86_64-with-glibc2.2.5) VSTS_0fb41ef4-5012-48a9-bf39-4ee3de03ee35_build_2500_0"
      },
      "RequestBody": null,
      "StatusCode": 202,
      "ResponseHeaders": {
        "Azure-AsyncNotification": "Enabled",
        "Azure-AsyncOperation": "https://management.azure.com/subscriptions/00000000-0000-0000-0000-000000000000/providers/Microsoft.Compute/locations/eastus/operations/6ab951b0-aa17-4d5a-997e-972aad53fab0?p=c9e32605-d294-4c79-ab2e-5091dea588f3\u0026api-version=2022-11-01",
        "Cache-Control": "no-cache",
        "Content-Length": "0",
        "Date": "Mon, 03 Apr 2023 07:11:12 GMT",
        "Expires": "-1",
        "Location": "https://management.azure.com/subscriptions/00000000-0000-0000-0000-000000000000/providers/Microsoft.Compute/locations/eastus/operations/6ab951b0-aa17-4d5a-997e-972aad53fab0?p=c9e32605-d294-4c79-ab2e-5091dea588f3\u0026monitor=true\u0026api-version=2022-11-01",
        "Pragma": "no-cache",
        "Retry-After": "10",
        "Server": [
          "Microsoft-HTTPAPI/2.0",
          "Microsoft-HTTPAPI/2.0"
        ],
        "Strict-Transport-Security": "max-age=31536000; includeSubDomains",
        "X-Content-Type-Options": "nosniff",
        "x-ms-correlation-request-id": "c5a2d9df-5ddd-4c54-be86-c7d70cb7b6eb",
        "x-ms-ratelimit-remaining-resource": "Microsoft.Compute/DeleteVMScaleSet3Min;79,Microsoft.Compute/DeleteVMScaleSet30Min;399,Microsoft.Compute/VMScaleSetBatchedVMRequests5Min;1199,Microsoft.Compute/VmssQueuedVMOperations;0",
        "x-ms-ratelimit-remaining-subscription-deletes": "14995",
        "x-ms-request-charge": "1",
        "x-ms-routing-request-id": "SOUTHCENTRALUS:20230403T071112Z:c5a2d9df-5ddd-4c54-be86-c7d70cb7b6eb"
      },
      "ResponseBody": null
    },
    {
      "RequestUri": "https://management.azure.com/subscriptions/00000000-0000-0000-0000-000000000000/providers/Microsoft.Compute/locations/eastus/operations/6ab951b0-aa17-4d5a-997e-972aad53fab0?p=c9e32605-d294-4c79-ab2e-5091dea588f3\u0026api-version=2022-11-01",
      "RequestMethod": "GET",
      "RequestHeaders": {
        "Accept": "*/*",
        "Accept-Encoding": "gzip, deflate",
        "Connection": "keep-alive",
        "User-Agent": "azsdk-python-azure-mgmt-compute/29.2.0 Python/3.8.16 (Linux-5.15.0-1034-azure-x86_64-with-glibc2.2.5) VSTS_0fb41ef4-5012-48a9-bf39-4ee3de03ee35_build_2500_0"
      },
      "RequestBody": null,
      "StatusCode": 200,
      "ResponseHeaders": {
        "Cache-Control": "no-cache",
        "Content-Encoding": "gzip",
        "Content-Type": "application/json; charset=utf-8",
        "Date": "Mon, 03 Apr 2023 07:11:12 GMT",
        "Expires": "-1",
        "Pragma": "no-cache",
        "Retry-After": "11",
        "Server": [
          "Microsoft-HTTPAPI/2.0",
          "Microsoft-HTTPAPI/2.0"
        ],
        "Strict-Transport-Security": "max-age=31536000; includeSubDomains",
        "Transfer-Encoding": "chunked",
        "Vary": "Accept-Encoding",
        "X-Content-Type-Options": "nosniff",
        "x-ms-correlation-request-id": "2beb177e-5239-4514-98cf-dba5f8d1f3d3",
        "x-ms-ratelimit-remaining-resource": "Microsoft.Compute/GetOperation3Min;14990,Microsoft.Compute/GetOperation30Min;29929",
        "x-ms-ratelimit-remaining-subscription-reads": "11900",
        "x-ms-routing-request-id": "SOUTHCENTRALUS:20230403T071112Z:2beb177e-5239-4514-98cf-dba5f8d1f3d3"
      },
      "ResponseBody": {
        "startTime": "2023-04-03T07:11:12.8843294\u002B00:00",
        "status": "InProgress",
        "name": "6ab951b0-aa17-4d5a-997e-972aad53fab0"
      }
    },
    {
      "RequestUri": "https://management.azure.com/subscriptions/00000000-0000-0000-0000-000000000000/providers/Microsoft.Compute/locations/eastus/operations/6ab951b0-aa17-4d5a-997e-972aad53fab0?p=c9e32605-d294-4c79-ab2e-5091dea588f3\u0026api-version=2022-11-01",
      "RequestMethod": "GET",
      "RequestHeaders": {
        "Accept": "*/*",
        "Accept-Encoding": "gzip, deflate",
        "Connection": "keep-alive",
        "User-Agent": "azsdk-python-azure-mgmt-compute/29.2.0 Python/3.8.16 (Linux-5.15.0-1034-azure-x86_64-with-glibc2.2.5) VSTS_0fb41ef4-5012-48a9-bf39-4ee3de03ee35_build_2500_0"
      },
      "RequestBody": null,
      "StatusCode": 200,
      "ResponseHeaders": {
        "Cache-Control": "no-cache",
        "Content-Encoding": "gzip",
        "Content-Type": "application/json; charset=utf-8",
        "Date": "Mon, 03 Apr 2023 07:11:23 GMT",
        "Expires": "-1",
        "Pragma": "no-cache",
        "Server": [
          "Microsoft-HTTPAPI/2.0",
          "Microsoft-HTTPAPI/2.0"
        ],
        "Strict-Transport-Security": "max-age=31536000; includeSubDomains",
        "Transfer-Encoding": "chunked",
        "Vary": "Accept-Encoding",
        "X-Content-Type-Options": "nosniff",
        "x-ms-correlation-request-id": "349dada3-c462-4e29-98b1-d42902678209",
        "x-ms-ratelimit-remaining-resource": "Microsoft.Compute/GetOperation3Min;14989,Microsoft.Compute/GetOperation30Min;29928",
        "x-ms-ratelimit-remaining-subscription-reads": "11899",
        "x-ms-routing-request-id": "SOUTHCENTRALUS:20230403T071124Z:349dada3-c462-4e29-98b1-d42902678209"
      },
      "ResponseBody": {
        "startTime": "2023-04-03T07:11:12.8843294\u002B00:00",
        "status": "InProgress",
        "name": "6ab951b0-aa17-4d5a-997e-972aad53fab0"
      }
    },
    {
      "RequestUri": "https://management.azure.com/subscriptions/00000000-0000-0000-0000-000000000000/providers/Microsoft.Compute/locations/eastus/operations/6ab951b0-aa17-4d5a-997e-972aad53fab0?p=c9e32605-d294-4c79-ab2e-5091dea588f3\u0026api-version=2022-11-01",
      "RequestMethod": "GET",
      "RequestHeaders": {
        "Accept": "*/*",
        "Accept-Encoding": "gzip, deflate",
        "Connection": "keep-alive",
        "User-Agent": "azsdk-python-azure-mgmt-compute/29.2.0 Python/3.8.16 (Linux-5.15.0-1034-azure-x86_64-with-glibc2.2.5) VSTS_0fb41ef4-5012-48a9-bf39-4ee3de03ee35_build_2500_0"
      },
      "RequestBody": null,
      "StatusCode": 200,
      "ResponseHeaders": {
        "Cache-Control": "no-cache",
        "Content-Encoding": "gzip",
        "Content-Type": "application/json; charset=utf-8",
        "Date": "Mon, 03 Apr 2023 07:11:53 GMT",
        "Expires": "-1",
        "Pragma": "no-cache",
        "Server": [
          "Microsoft-HTTPAPI/2.0",
          "Microsoft-HTTPAPI/2.0"
        ],
        "Strict-Transport-Security": "max-age=31536000; includeSubDomains",
        "Transfer-Encoding": "chunked",
        "Vary": "Accept-Encoding",
        "X-Content-Type-Options": "nosniff",
        "x-ms-correlation-request-id": "eb397806-1833-4ffb-b5d2-04a9a25121d7",
        "x-ms-ratelimit-remaining-resource": "Microsoft.Compute/GetOperation3Min;14989,Microsoft.Compute/GetOperation30Min;29927",
        "x-ms-ratelimit-remaining-subscription-reads": "11898",
        "x-ms-routing-request-id": "SOUTHCENTRALUS:20230403T071154Z:eb397806-1833-4ffb-b5d2-04a9a25121d7"
      },
      "ResponseBody": {
        "startTime": "2023-04-03T07:11:12.8843294\u002B00:00",
        "endTime": "2023-04-03T07:11:54.0872372\u002B00:00",
        "status": "Succeeded",
        "name": "6ab951b0-aa17-4d5a-997e-972aad53fab0"
      }
    }
  ],
  "Variables": {}
}
