{
  "Entries": [
    {
      "RequestUri": "https://login.microsoftonline.com/00000000-0000-0000-0000-000000000000/v2.0/.well-known/openid-configuration",
      "RequestMethod": "GET",
      "RequestHeaders": {
        "Accept": "*/*",
        "Accept-Encoding": "gzip, deflate",
        "Connection": "keep-alive",
        "User-Agent": "azsdk-python-identity/1.11.0b2 Python/3.8.12 (Linux-5.13.0-1023-azure-x86_64-with-glibc2.2.5) VSTS_0fb41ef4-5012-48a9-bf39-4ee3de03ee35_build_2500_0"
      },
      "RequestBody": null,
      "StatusCode": 200,
      "ResponseHeaders": {
        "Access-Control-Allow-Methods": "GET, OPTIONS",
        "Access-Control-Allow-Origin": "*",
        "Cache-Control": "max-age=86400, private",
        "Content-Length": "1753",
        "Content-Type": "application/json; charset=utf-8",
        "Date": "Tue, 31 May 2022 10:22:49 GMT",
        "P3P": "CP=\u0022DSP CUR OTPi IND OTRi ONL FIN\u0022",
        "Set-Cookie": "[set-cookie;]",
        "Strict-Transport-Security": "max-age=31536000; includeSubDomains",
        "X-Content-Type-Options": "nosniff",
        "x-ms-ests-server": "2.1.12794.7 - SCUS ProdSlices",
        "X-XSS-Protection": "0"
      },
      "ResponseBody": {
        "token_endpoint": "https://login.microsoftonline.com/00000000-0000-0000-0000-000000000000/oauth2/v2.0/token",
        "token_endpoint_auth_methods_supported": [
          "client_secret_post",
          "private_key_jwt",
          "client_secret_basic"
        ],
        "jwks_uri": "https://login.microsoftonline.com/00000000-0000-0000-0000-000000000000/discovery/v2.0/keys",
        "response_modes_supported": [
          "query",
          "fragment",
          "form_post"
        ],
        "subject_types_supported": [
          "pairwise"
        ],
        "id_token_signing_alg_values_supported": [
          "RS256"
        ],
        "response_types_supported": [
          "code",
          "id_token",
          "code id_token",
          "id_token token"
        ],
        "scopes_supported": [
          "openid",
          "profile",
          "email",
          "offline_access"
        ],
        "issuer": "https://login.microsoftonline.com/00000000-0000-0000-0000-000000000000/v2.0",
        "request_uri_parameter_supported": false,
        "userinfo_endpoint": "https://graph.microsoft.com/oidc/userinfo",
        "authorization_endpoint": "https://login.microsoftonline.com/00000000-0000-0000-0000-000000000000/oauth2/v2.0/authorize",
        "device_authorization_endpoint": "https://login.microsoftonline.com/00000000-0000-0000-0000-000000000000/oauth2/v2.0/devicecode",
        "http_logout_supported": true,
        "frontchannel_logout_supported": true,
        "end_session_endpoint": "https://login.microsoftonline.com/00000000-0000-0000-0000-000000000000/oauth2/v2.0/logout",
        "claims_supported": [
          "sub",
          "iss",
          "cloud_instance_name",
          "cloud_instance_host_name",
          "cloud_graph_host_name",
          "msgraph_host",
          "aud",
          "exp",
          "iat",
          "auth_time",
          "acr",
          "nonce",
          "preferred_username",
          "name",
          "tid",
          "ver",
          "at_hash",
          "c_hash",
          "email"
        ],
        "kerberos_endpoint": "https://login.microsoftonline.com/00000000-0000-0000-0000-000000000000/kerberos",
        "tenant_region_scope": "NA",
        "cloud_instance_name": "microsoftonline.com",
        "cloud_graph_host_name": "graph.windows.net",
        "msgraph_host": "graph.microsoft.com",
        "rbac_url": "https://pas.windows.net"
      }
    },
    {
      "RequestUri": "https://login.microsoftonline.com/common/discovery/instance?api-version=1.1\u0026authorization_endpoint=https://login.microsoftonline.com/common/oauth2/authorize",
      "RequestMethod": "GET",
      "RequestHeaders": {
        "Accept": "application/json",
        "Accept-Encoding": "gzip, deflate",
        "Connection": "keep-alive",
        "Cookie": "cookie;",
        "User-Agent": "azsdk-python-identity/1.11.0b2 Python/3.8.12 (Linux-5.13.0-1023-azure-x86_64-with-glibc2.2.5) VSTS_0fb41ef4-5012-48a9-bf39-4ee3de03ee35_build_2500_0"
      },
      "RequestBody": null,
      "StatusCode": 200,
      "ResponseHeaders": {
        "Access-Control-Allow-Methods": "GET, OPTIONS",
        "Access-Control-Allow-Origin": "*",
        "Cache-Control": "max-age=86400, private",
        "Content-Length": "945",
        "Content-Type": "application/json; charset=utf-8",
        "Date": "Tue, 31 May 2022 10:22:49 GMT",
        "P3P": "CP=\u0022DSP CUR OTPi IND OTRi ONL FIN\u0022",
        "Set-Cookie": "[set-cookie;]",
        "Strict-Transport-Security": "max-age=31536000; includeSubDomains",
        "X-Content-Type-Options": "nosniff",
        "x-ms-ests-server": "2.1.12794.7 - NCUS ProdSlices",
        "X-XSS-Protection": "0"
      },
      "ResponseBody": {
        "tenant_discovery_endpoint": "https://login.microsoftonline.com/common/.well-known/openid-configuration",
        "api-version": "1.1",
        "metadata": [
          {
            "preferred_network": "login.microsoftonline.com",
            "preferred_cache": "login.windows.net",
            "aliases": [
              "login.microsoftonline.com",
              "login.windows.net",
              "login.microsoft.com",
              "sts.windows.net"
            ]
          },
          {
            "preferred_network": "login.partner.microsoftonline.cn",
            "preferred_cache": "login.partner.microsoftonline.cn",
            "aliases": [
              "login.partner.microsoftonline.cn",
              "login.chinacloudapi.cn"
            ]
          },
          {
            "preferred_network": "login.microsoftonline.de",
            "preferred_cache": "login.microsoftonline.de",
            "aliases": [
              "login.microsoftonline.de"
            ]
          },
          {
            "preferred_network": "login.microsoftonline.us",
            "preferred_cache": "login.microsoftonline.us",
            "aliases": [
              "login.microsoftonline.us",
              "login.usgovcloudapi.net"
            ]
          },
          {
            "preferred_network": "login-us.microsoftonline.com",
            "preferred_cache": "login-us.microsoftonline.com",
            "aliases": [
              "login-us.microsoftonline.com"
            ]
          }
        ]
      }
    },
    {
      "RequestUri": "https://login.microsoftonline.com/00000000-0000-0000-0000-000000000000/oauth2/v2.0/token",
      "RequestMethod": "POST",
      "RequestHeaders": {
        "Accept": "application/json",
        "Accept-Encoding": "gzip, deflate",
        "client-request-id": "0b694728-1d2c-41da-a6a0-22ff36f6c842",
        "Connection": "keep-alive",
        "Content-Length": "286",
        "Content-Type": "application/x-www-form-urlencoded",
        "Cookie": "cookie;",
        "User-Agent": "azsdk-python-identity/1.11.0b2 Python/3.8.12 (Linux-5.13.0-1023-azure-x86_64-with-glibc2.2.5) VSTS_0fb41ef4-5012-48a9-bf39-4ee3de03ee35_build_2500_0",
        "x-client-cpu": "x64",
        "x-client-current-telemetry": "4|730,0|",
        "x-client-last-telemetry": "4|0|||",
        "x-client-os": "linux",
        "x-client-sku": "MSAL.Python",
        "x-client-ver": "1.17.0",
        "x-ms-lib-capability": "retry-after, h429"
      },
      "RequestBody": "client_id=8c41a920-007a-4844-a189-2d0efe39f51e\u0026grant_type=client_credentials\u0026client_info=1\u0026client_secret=o0XWF_siD-FhI.5AE83-u0GaQHW_GP7cjy\u0026claims=%7B%22access_token%22%3A\u002B%7B%22xms_cc%22%3A\u002B%7B%22values%22%3A\u002B%5B%22CP1%22%5D%7D%7D%7D\u0026scope=https%3A%2F%2Fmanagement.azure.com%2F.default",
      "StatusCode": 200,
      "ResponseHeaders": {
        "Cache-Control": "no-store, no-cache",
        "client-request-id": "0b694728-1d2c-41da-a6a0-22ff36f6c842",
        "Content-Length": "93",
        "Content-Type": "application/json; charset=utf-8",
        "Date": "Tue, 31 May 2022 10:22:49 GMT",
        "Expires": "-1",
        "P3P": "CP=\u0022DSP CUR OTPi IND OTRi ONL FIN\u0022",
        "Pragma": "no-cache",
        "Set-Cookie": "[set-cookie;]",
        "Strict-Transport-Security": "max-age=31536000; includeSubDomains",
        "X-Content-Type-Options": "nosniff",
        "x-ms-clitelem": "1,0,0,,",
        "x-ms-ests-server": "2.1.12794.7 - EUS ProdSlices",
        "X-XSS-Protection": "0"
      },
      "ResponseBody": {
        "token_type": "Bearer",
        "expires_in": 3599,
        "ext_expires_in": 3599,
        "access_token": "access_token"
      }
    },
    {
      "RequestUri": "https://management.azure.com/subscriptions/00000000-0000-0000-0000-000000000000/resourceGroups/rgname/providers/Microsoft.Network/virtualNetworks/networknamexeb772750?api-version=2021-08-01",
      "RequestMethod": "PUT",
      "RequestHeaders": {
        "Accept": "application/json",
        "Accept-Encoding": "gzip, deflate",
        "Connection": "keep-alive",
        "Content-Length": "92",
        "Content-Type": "application/json",
        "User-Agent": "azsdk-python-azure-mgmt-network/20.0.0 Python/3.8.12 (Linux-5.13.0-1023-azure-x86_64-with-glibc2.2.5) VSTS_0fb41ef4-5012-48a9-bf39-4ee3de03ee35_build_2500_0"
      },
      "RequestBody": {
        "location": "eastus",
        "properties": {
          "addressSpace": {
            "addressPrefixes": [
              "10.0.0.0/16"
            ]
          }
        }
      },
      "StatusCode": 201,
      "ResponseHeaders": {
        "Azure-AsyncNotification": "Enabled",
        "Azure-AsyncOperation": "https://management.azure.com/subscriptions/00000000-0000-0000-0000-000000000000/providers/Microsoft.Network/locations/eastus/operations/ed3f869a-2876-40cf-9814-6daf4a2faea0?api-version=2021-08-01",
        "Cache-Control": "no-cache",
        "Content-Length": "624",
        "Content-Type": "application/json; charset=utf-8",
        "Date": "Tue, 31 May 2022 10:22:52 GMT",
        "Expires": "-1",
        "Pragma": "no-cache",
        "Retry-After": "3",
        "Server": [
          "Microsoft-HTTPAPI/2.0",
          "Microsoft-HTTPAPI/2.0"
        ],
        "Strict-Transport-Security": "max-age=31536000; includeSubDomains",
        "X-Content-Type-Options": "nosniff",
        "x-ms-arm-service-request-id": "401528a3-bd4f-4a9e-93fc-207f50e9d248",
        "x-ms-correlation-request-id": "f7775d9d-547e-49c0-91c4-58a20481d987",
        "x-ms-ratelimit-remaining-subscription-writes": "1199",
        "x-ms-routing-request-id": "WESTUS:20220531T102253Z:f7775d9d-547e-49c0-91c4-58a20481d987"
      },
      "ResponseBody": {
        "name": "networknamexeb772750",
        "id": "/subscriptions/00000000-0000-0000-0000-000000000000/resourceGroups/rgname/providers/Microsoft.Network/virtualNetworks/networknamexeb772750",
        "etag": "W/\u00228abd13e8-e1d0-46d3-afd0-27987b3f8667\u0022",
        "type": "Microsoft.Network/virtualNetworks",
        "location": "eastus",
        "properties": {
          "provisioningState": "Updating",
          "resourceGuid": "008770ff-2f13-4f7d-b475-af84b64e6f57",
          "addressSpace": {
            "addressPrefixes": [
              "10.0.0.0/16"
            ]
          },
          "subnets": [],
          "virtualNetworkPeerings": [],
          "enableDdosProtection": false
        }
      }
    },
    {
      "RequestUri": "https://management.azure.com/subscriptions/00000000-0000-0000-0000-000000000000/providers/Microsoft.Network/locations/eastus/operations/ed3f869a-2876-40cf-9814-6daf4a2faea0?api-version=2021-08-01",
      "RequestMethod": "GET",
      "RequestHeaders": {
        "Accept": "*/*",
        "Accept-Encoding": "gzip, deflate",
        "Connection": "keep-alive",
        "User-Agent": "azsdk-python-azure-mgmt-network/20.0.0 Python/3.8.12 (Linux-5.13.0-1023-azure-x86_64-with-glibc2.2.5) VSTS_0fb41ef4-5012-48a9-bf39-4ee3de03ee35_build_2500_0"
      },
      "RequestBody": null,
      "StatusCode": 200,
      "ResponseHeaders": {
        "Cache-Control": "no-cache",
        "Content-Encoding": "gzip",
        "Content-Type": "application/json; charset=utf-8",
        "Date": "Tue, 31 May 2022 10:22:55 GMT",
        "Expires": "-1",
        "Pragma": "no-cache",
        "Server": [
          "Microsoft-HTTPAPI/2.0",
          "Microsoft-HTTPAPI/2.0"
        ],
        "Strict-Transport-Security": "max-age=31536000; includeSubDomains",
        "Transfer-Encoding": "chunked",
        "Vary": "Accept-Encoding",
        "X-Content-Type-Options": "nosniff",
        "x-ms-arm-service-request-id": "c94f3448-6074-4903-ae72-28142a752db1",
        "x-ms-correlation-request-id": "fd883f18-8ed8-436a-8b93-b650c03aa21e",
        "x-ms-ratelimit-remaining-subscription-reads": "11994",
        "x-ms-routing-request-id": "WESTUS:20220531T102256Z:fd883f18-8ed8-436a-8b93-b650c03aa21e"
      },
      "ResponseBody": {
        "status": "Succeeded"
      }
    },
    {
      "RequestUri": "https://management.azure.com/subscriptions/00000000-0000-0000-0000-000000000000/resourceGroups/rgname/providers/Microsoft.Network/virtualNetworks/networknamexeb772750?api-version=2021-08-01",
      "RequestMethod": "GET",
      "RequestHeaders": {
        "Accept": "*/*",
        "Accept-Encoding": "gzip, deflate",
        "Connection": "keep-alive",
        "User-Agent": "azsdk-python-azure-mgmt-network/20.0.0 Python/3.8.12 (Linux-5.13.0-1023-azure-x86_64-with-glibc2.2.5) VSTS_0fb41ef4-5012-48a9-bf39-4ee3de03ee35_build_2500_0"
      },
      "RequestBody": null,
      "StatusCode": 200,
      "ResponseHeaders": {
        "Cache-Control": "no-cache",
        "Content-Encoding": "gzip",
        "Content-Type": "application/json; charset=utf-8",
        "Date": "Tue, 31 May 2022 10:22:55 GMT",
        "ETag": "W/\u0022ab545baf-43be-414c-8e3a-babdaeb90647\u0022",
        "Expires": "-1",
        "Pragma": "no-cache",
        "Server": [
          "Microsoft-HTTPAPI/2.0",
          "Microsoft-HTTPAPI/2.0"
        ],
        "Strict-Transport-Security": "max-age=31536000; includeSubDomains",
        "Transfer-Encoding": "chunked",
        "Vary": "Accept-Encoding",
        "X-Content-Type-Options": "nosniff",
        "x-ms-arm-service-request-id": "f40523b8-5b6d-4358-945c-ae5b5b18b4d6",
        "x-ms-correlation-request-id": "39cb193c-3c7f-447a-be2a-750506530493",
        "x-ms-ratelimit-remaining-subscription-reads": "11993",
        "x-ms-routing-request-id": "WESTUS:20220531T102256Z:39cb193c-3c7f-447a-be2a-750506530493"
      },
      "ResponseBody": {
        "name": "networknamexeb772750",
        "id": "/subscriptions/00000000-0000-0000-0000-000000000000/resourceGroups/rgname/providers/Microsoft.Network/virtualNetworks/networknamexeb772750",
        "etag": "W/\u0022ab545baf-43be-414c-8e3a-babdaeb90647\u0022",
        "type": "Microsoft.Network/virtualNetworks",
        "location": "eastus",
        "properties": {
          "provisioningState": "Succeeded",
          "resourceGuid": "008770ff-2f13-4f7d-b475-af84b64e6f57",
          "addressSpace": {
            "addressPrefixes": [
              "10.0.0.0/16"
            ]
          },
          "subnets": [],
          "virtualNetworkPeerings": [],
          "enableDdosProtection": false
        }
      }
    },
    {
      "RequestUri": "https://management.azure.com/subscriptions/00000000-0000-0000-0000-000000000000/resourceGroups/rgname/providers/Microsoft.Network/virtualNetworks/networknamexeb772750/subnets/subnetxeb772750?api-version=2021-08-01",
      "RequestMethod": "PUT",
      "RequestHeaders": {
        "Accept": "application/json",
        "Accept-Encoding": "gzip, deflate",
        "Connection": "keep-alive",
        "Content-Length": "48",
        "Content-Type": "application/json",
        "User-Agent": "azsdk-python-azure-mgmt-network/20.0.0 Python/3.8.12 (Linux-5.13.0-1023-azure-x86_64-with-glibc2.2.5) VSTS_0fb41ef4-5012-48a9-bf39-4ee3de03ee35_build_2500_0"
      },
      "RequestBody": {
        "properties": {
          "addressPrefix": "10.0.0.0/24"
        }
      },
      "StatusCode": 201,
      "ResponseHeaders": {
        "Azure-AsyncOperation": "https://management.azure.com/subscriptions/00000000-0000-0000-0000-000000000000/providers/Microsoft.Network/locations/eastus/operations/db54fb0e-b678-4467-8d79-057e7b116f07?api-version=2021-08-01",
        "Cache-Control": "no-cache",
        "Content-Length": "547",
        "Content-Type": "application/json; charset=utf-8",
        "Date": "Tue, 31 May 2022 10:22:56 GMT",
        "Expires": "-1",
        "Pragma": "no-cache",
        "Retry-After": "3",
        "Server": [
          "Microsoft-HTTPAPI/2.0",
          "Microsoft-HTTPAPI/2.0"
        ],
        "Strict-Transport-Security": "max-age=31536000; includeSubDomains",
        "X-Content-Type-Options": "nosniff",
        "x-ms-arm-service-request-id": "1f8e49cc-0248-4b1f-b8d9-0aef93bc959e",
        "x-ms-correlation-request-id": "3214802a-0c4f-4fc0-be1b-b4ff9fd60e30",
        "x-ms-ratelimit-remaining-subscription-writes": "1198",
        "x-ms-routing-request-id": "WESTUS:20220531T102256Z:3214802a-0c4f-4fc0-be1b-b4ff9fd60e30"
      },
      "ResponseBody": {
        "name": "subnetxeb772750",
        "id": "/subscriptions/00000000-0000-0000-0000-000000000000/resourceGroups/rgname/providers/Microsoft.Network/virtualNetworks/networknamexeb772750/subnets/subnetxeb772750",
        "etag": "W/\u0022f063c617-af0a-46e5-8e07-880278ec657a\u0022",
        "properties": {
          "provisioningState": "Updating",
          "addressPrefix": "10.0.0.0/24",
          "delegations": [],
          "privateEndpointNetworkPolicies": "Enabled",
          "privateLinkServiceNetworkPolicies": "Enabled"
        },
        "type": "Microsoft.Network/virtualNetworks/subnets"
      }
    },
    {
      "RequestUri": "https://management.azure.com/subscriptions/00000000-0000-0000-0000-000000000000/providers/Microsoft.Network/locations/eastus/operations/db54fb0e-b678-4467-8d79-057e7b116f07?api-version=2021-08-01",
      "RequestMethod": "GET",
      "RequestHeaders": {
        "Accept": "*/*",
        "Accept-Encoding": "gzip, deflate",
        "Connection": "keep-alive",
        "User-Agent": "azsdk-python-azure-mgmt-network/20.0.0 Python/3.8.12 (Linux-5.13.0-1023-azure-x86_64-with-glibc2.2.5) VSTS_0fb41ef4-5012-48a9-bf39-4ee3de03ee35_build_2500_0"
      },
      "RequestBody": null,
      "StatusCode": 200,
      "ResponseHeaders": {
        "Cache-Control": "no-cache",
        "Content-Encoding": "gzip",
        "Content-Type": "application/json; charset=utf-8",
        "Date": "Tue, 31 May 2022 10:22:59 GMT",
        "Expires": "-1",
        "Pragma": "no-cache",
        "Server": [
          "Microsoft-HTTPAPI/2.0",
          "Microsoft-HTTPAPI/2.0"
        ],
        "Strict-Transport-Security": "max-age=31536000; includeSubDomains",
        "Transfer-Encoding": "chunked",
        "Vary": "Accept-Encoding",
        "X-Content-Type-Options": "nosniff",
        "x-ms-arm-service-request-id": "87a0c7a7-8e93-4222-a2e0-a1bc636aea6d",
        "x-ms-correlation-request-id": "6f3f8f5b-6c1b-4ca2-b2d8-0e085ded4a69",
        "x-ms-ratelimit-remaining-subscription-reads": "11992",
        "x-ms-routing-request-id": "WESTUS:20220531T102300Z:6f3f8f5b-6c1b-4ca2-b2d8-0e085ded4a69"
      },
      "ResponseBody": {
        "status": "Succeeded"
      }
    },
    {
      "RequestUri": "https://management.azure.com/subscriptions/00000000-0000-0000-0000-000000000000/resourceGroups/rgname/providers/Microsoft.Network/virtualNetworks/networknamexeb772750/subnets/subnetxeb772750?api-version=2021-08-01",
      "RequestMethod": "GET",
      "RequestHeaders": {
        "Accept": "*/*",
        "Accept-Encoding": "gzip, deflate",
        "Connection": "keep-alive",
        "User-Agent": "azsdk-python-azure-mgmt-network/20.0.0 Python/3.8.12 (Linux-5.13.0-1023-azure-x86_64-with-glibc2.2.5) VSTS_0fb41ef4-5012-48a9-bf39-4ee3de03ee35_build_2500_0"
      },
      "RequestBody": null,
      "StatusCode": 200,
      "ResponseHeaders": {
        "Cache-Control": "no-cache",
        "Content-Encoding": "gzip",
        "Content-Type": "application/json; charset=utf-8",
        "Date": "Tue, 31 May 2022 10:22:59 GMT",
        "ETag": "W/\u0022e2e27cdb-61ff-430a-81bd-b25fa9e286e2\u0022",
        "Expires": "-1",
        "Pragma": "no-cache",
        "Server": [
          "Microsoft-HTTPAPI/2.0",
          "Microsoft-HTTPAPI/2.0"
        ],
        "Strict-Transport-Security": "max-age=31536000; includeSubDomains",
        "Transfer-Encoding": "chunked",
        "Vary": "Accept-Encoding",
        "X-Content-Type-Options": "nosniff",
        "x-ms-arm-service-request-id": "d19ea6c6-ee38-4442-b6fd-8131b60f6fc7",
        "x-ms-correlation-request-id": "7e4db537-c268-4063-b919-acd6bbec71fd",
        "x-ms-ratelimit-remaining-subscription-reads": "11991",
        "x-ms-routing-request-id": "WESTUS:20220531T102300Z:7e4db537-c268-4063-b919-acd6bbec71fd"
      },
      "ResponseBody": {
        "name": "subnetxeb772750",
        "id": "/subscriptions/00000000-0000-0000-0000-000000000000/resourceGroups/rgname/providers/Microsoft.Network/virtualNetworks/networknamexeb772750/subnets/subnetxeb772750",
        "etag": "W/\u0022e2e27cdb-61ff-430a-81bd-b25fa9e286e2\u0022",
        "properties": {
          "provisioningState": "Succeeded",
          "addressPrefix": "10.0.0.0/24",
          "delegations": [],
          "privateEndpointNetworkPolicies": "Enabled",
          "privateLinkServiceNetworkPolicies": "Enabled"
        },
        "type": "Microsoft.Network/virtualNetworks/subnets"
      }
    },
    {
      "RequestUri": "https://management.azure.com/subscriptions/00000000-0000-0000-0000-000000000000/resourceGroups/rgname/providers/Microsoft.Network/networkInterfaces/interfacexeb772750?api-version=2021-08-01",
      "RequestMethod": "PUT",
      "RequestHeaders": {
        "Accept": "application/json",
        "Accept-Encoding": "gzip, deflate",
        "Connection": "keep-alive",
        "Content-Length": "284",
        "Content-Type": "application/json",
        "User-Agent": "azsdk-python-azure-mgmt-network/20.0.0 Python/3.8.12 (Linux-5.13.0-1023-azure-x86_64-with-glibc2.2.5) VSTS_0fb41ef4-5012-48a9-bf39-4ee3de03ee35_build_2500_0"
      },
      "RequestBody": {
        "location": "eastus",
        "properties": {
          "ipConfigurations": [
            {
              "name": "MyIpConfig",
              "properties": {
                "subnet": {
                  "id": "/subscriptions/00000000-0000-0000-0000-000000000000/resourceGroups/rgname/providers/Microsoft.Network/virtualNetworks/networknamexeb772750/subnets/subnetxeb772750"
                }
              }
            }
          ]
        }
      },
      "StatusCode": 201,
      "ResponseHeaders": {
        "Azure-AsyncNotification": "Enabled",
        "Azure-AsyncOperation": "https://management.azure.com/subscriptions/00000000-0000-0000-0000-000000000000/providers/Microsoft.Network/locations/eastus/operations/db9a81df-983c-4e88-8e6f-be0443ad57cc?api-version=2021-08-01",
        "Cache-Control": "no-cache",
        "Content-Length": "1717",
        "Content-Type": "application/json; charset=utf-8",
        "Date": "Tue, 31 May 2022 10:23:01 GMT",
        "Expires": "-1",
        "Pragma": "no-cache",
        "Server": [
          "Microsoft-HTTPAPI/2.0",
          "Microsoft-HTTPAPI/2.0"
        ],
        "Strict-Transport-Security": "max-age=31536000; includeSubDomains",
        "X-Content-Type-Options": "nosniff",
        "x-ms-arm-service-request-id": "60e307cc-a9bd-4bda-bf66-34bdff379c3c",
        "x-ms-correlation-request-id": "f130b295-4359-43b8-b074-aa7d59fead64",
        "x-ms-ratelimit-remaining-subscription-writes": "1197",
        "x-ms-routing-request-id": "WESTUS:20220531T102301Z:f130b295-4359-43b8-b074-aa7d59fead64"
      },
      "ResponseBody": {
        "name": "interfacexeb772750",
        "id": "/subscriptions/00000000-0000-0000-0000-000000000000/resourceGroups/rgname/providers/Microsoft.Network/networkInterfaces/interfacexeb772750",
        "etag": "W/\u0022d1bf5d86-9c4c-4757-a15f-bbfa3480d656\u0022",
        "location": "eastus",
        "properties": {
          "provisioningState": "Succeeded",
          "resourceGuid": "9f5453c0-6eaa-468e-929b-0be8742e098c",
          "ipConfigurations": [
            {
              "name": "MyIpConfig",
              "id": "/subscriptions/00000000-0000-0000-0000-000000000000/resourceGroups/rgname/providers/Microsoft.Network/networkInterfaces/interfacexeb772750/ipConfigurations/MyIpConfig",
              "etag": "W/\u0022d1bf5d86-9c4c-4757-a15f-bbfa3480d656\u0022",
              "type": "Microsoft.Network/networkInterfaces/ipConfigurations",
              "properties": {
                "provisioningState": "Succeeded",
                "privateIPAddress": "10.0.0.4",
                "privateIPAllocationMethod": "Dynamic",
                "subnet": {
                  "id": "/subscriptions/00000000-0000-0000-0000-000000000000/resourceGroups/rgname/providers/Microsoft.Network/virtualNetworks/networknamexeb772750/subnets/subnetxeb772750"
                },
                "primary": true,
                "privateIPAddressVersion": "IPv4"
              }
            }
          ],
          "dnsSettings": {
            "dnsServers": [],
            "appliedDnsServers": [],
            "internalDomainNameSuffix": "53yioaatf34u5ndvv4clmttpkh.bx.internal.cloudapp.net"
          },
          "enableAcceleratedNetworking": false,
          "vnetEncryptionSupported": false,
          "enableIPForwarding": false,
          "hostedWorkloads": [],
          "tapConfigurations": [],
          "nicType": "Standard"
        },
        "type": "Microsoft.Network/networkInterfaces",
        "kind": "Regular"
      }
    },
    {
      "RequestUri": "https://management.azure.com/subscriptions/00000000-0000-0000-0000-000000000000/providers/Microsoft.Network/locations/eastus/operations/db9a81df-983c-4e88-8e6f-be0443ad57cc?api-version=2021-08-01",
      "RequestMethod": "GET",
      "RequestHeaders": {
        "Accept": "*/*",
        "Accept-Encoding": "gzip, deflate",
        "Connection": "keep-alive",
        "User-Agent": "azsdk-python-azure-mgmt-network/20.0.0 Python/3.8.12 (Linux-5.13.0-1023-azure-x86_64-with-glibc2.2.5) VSTS_0fb41ef4-5012-48a9-bf39-4ee3de03ee35_build_2500_0"
      },
      "RequestBody": null,
      "StatusCode": 200,
      "ResponseHeaders": {
        "Cache-Control": "no-cache",
        "Content-Encoding": "gzip",
        "Content-Type": "application/json; charset=utf-8",
        "Date": "Tue, 31 May 2022 10:23:32 GMT",
        "Expires": "-1",
        "Pragma": "no-cache",
        "Server": [
          "Microsoft-HTTPAPI/2.0",
          "Microsoft-HTTPAPI/2.0"
        ],
        "Strict-Transport-Security": "max-age=31536000; includeSubDomains",
        "Transfer-Encoding": "chunked",
        "Vary": "Accept-Encoding",
        "X-Content-Type-Options": "nosniff",
        "x-ms-arm-service-request-id": "7e99f60e-7348-4f29-bd46-79f45cf95bdf",
        "x-ms-correlation-request-id": "9f195405-5fde-4f8f-8664-9d0cb899795f",
        "x-ms-ratelimit-remaining-subscription-reads": "11990",
        "x-ms-routing-request-id": "WESTUS:20220531T102332Z:9f195405-5fde-4f8f-8664-9d0cb899795f"
      },
      "ResponseBody": {
        "status": "Succeeded"
      }
    },
    {
      "RequestUri": "https://management.azure.com/subscriptions/00000000-0000-0000-0000-000000000000/resourceGroups/rgname/providers/Microsoft.Network/networkInterfaces/interfacexeb772750?api-version=2021-08-01",
      "RequestMethod": "GET",
      "RequestHeaders": {
        "Accept": "*/*",
        "Accept-Encoding": "gzip, deflate",
        "Connection": "keep-alive",
        "User-Agent": "azsdk-python-azure-mgmt-network/20.0.0 Python/3.8.12 (Linux-5.13.0-1023-azure-x86_64-with-glibc2.2.5) VSTS_0fb41ef4-5012-48a9-bf39-4ee3de03ee35_build_2500_0"
      },
      "RequestBody": null,
      "StatusCode": 200,
      "ResponseHeaders": {
        "Cache-Control": "no-cache",
        "Content-Encoding": "gzip",
        "Content-Type": "application/json; charset=utf-8",
        "Date": "Tue, 31 May 2022 10:23:32 GMT",
        "ETag": "W/\u0022d1bf5d86-9c4c-4757-a15f-bbfa3480d656\u0022",
        "Expires": "-1",
        "Pragma": "no-cache",
        "Server": [
          "Microsoft-HTTPAPI/2.0",
          "Microsoft-HTTPAPI/2.0"
        ],
        "Strict-Transport-Security": "max-age=31536000; includeSubDomains",
        "Transfer-Encoding": "chunked",
        "Vary": "Accept-Encoding",
        "X-Content-Type-Options": "nosniff",
        "x-ms-arm-service-request-id": "c9c90069-67b4-41f4-b13f-0d43658e931b",
        "x-ms-correlation-request-id": "22f2ea3d-1d94-4d95-9a06-ced3203b78da",
        "x-ms-ratelimit-remaining-subscription-reads": "11989",
        "x-ms-routing-request-id": "WESTUS:20220531T102332Z:22f2ea3d-1d94-4d95-9a06-ced3203b78da"
      },
      "ResponseBody": {
        "name": "interfacexeb772750",
        "id": "/subscriptions/00000000-0000-0000-0000-000000000000/resourceGroups/rgname/providers/Microsoft.Network/networkInterfaces/interfacexeb772750",
        "etag": "W/\u0022d1bf5d86-9c4c-4757-a15f-bbfa3480d656\u0022",
        "location": "eastus",
        "properties": {
          "provisioningState": "Succeeded",
          "resourceGuid": "9f5453c0-6eaa-468e-929b-0be8742e098c",
          "ipConfigurations": [
            {
              "name": "MyIpConfig",
              "id": "/subscriptions/00000000-0000-0000-0000-000000000000/resourceGroups/rgname/providers/Microsoft.Network/networkInterfaces/interfacexeb772750/ipConfigurations/MyIpConfig",
              "etag": "W/\u0022d1bf5d86-9c4c-4757-a15f-bbfa3480d656\u0022",
              "type": "Microsoft.Network/networkInterfaces/ipConfigurations",
              "properties": {
                "provisioningState": "Succeeded",
                "privateIPAddress": "10.0.0.4",
                "privateIPAllocationMethod": "Dynamic",
                "subnet": {
                  "id": "/subscriptions/00000000-0000-0000-0000-000000000000/resourceGroups/rgname/providers/Microsoft.Network/virtualNetworks/networknamexeb772750/subnets/subnetxeb772750"
                },
                "primary": true,
                "privateIPAddressVersion": "IPv4"
              }
            }
          ],
          "dnsSettings": {
            "dnsServers": [],
            "appliedDnsServers": [],
            "internalDomainNameSuffix": "53yioaatf34u5ndvv4clmttpkh.bx.internal.cloudapp.net"
          },
          "enableAcceleratedNetworking": false,
          "vnetEncryptionSupported": false,
          "enableIPForwarding": false,
          "hostedWorkloads": [],
          "tapConfigurations": [],
          "nicType": "Standard"
        },
        "type": "Microsoft.Network/networkInterfaces",
        "kind": "Regular"
      }
    },
    {
      "RequestUri": "https://login.microsoftonline.com/00000000-0000-0000-0000-000000000000/v2.0/.well-known/openid-configuration",
      "RequestMethod": "GET",
      "RequestHeaders": {
        "Accept": "*/*",
        "Accept-Encoding": "gzip, deflate",
        "Connection": "keep-alive",
        "User-Agent": "azsdk-python-identity/1.11.0b2 Python/3.8.12 (Linux-5.13.0-1023-azure-x86_64-with-glibc2.2.5) VSTS_0fb41ef4-5012-48a9-bf39-4ee3de03ee35_build_2500_0"
      },
      "RequestBody": null,
      "StatusCode": 200,
      "ResponseHeaders": {
        "Access-Control-Allow-Methods": "GET, OPTIONS",
        "Access-Control-Allow-Origin": "*",
        "Cache-Control": "max-age=86400, private",
        "Content-Length": "1753",
        "Content-Type": "application/json; charset=utf-8",
        "Date": "Tue, 31 May 2022 10:23:31 GMT",
        "P3P": "CP=\u0022DSP CUR OTPi IND OTRi ONL FIN\u0022",
        "Set-Cookie": "[set-cookie;]",
        "Strict-Transport-Security": "max-age=31536000; includeSubDomains",
        "X-Content-Type-Options": "nosniff",
        "x-ms-ests-server": "2.1.12821.9 - WUS2 ProdSlices",
        "X-XSS-Protection": "0"
      },
      "ResponseBody": {
        "token_endpoint": "https://login.microsoftonline.com/00000000-0000-0000-0000-000000000000/oauth2/v2.0/token",
        "token_endpoint_auth_methods_supported": [
          "client_secret_post",
          "private_key_jwt",
          "client_secret_basic"
        ],
        "jwks_uri": "https://login.microsoftonline.com/00000000-0000-0000-0000-000000000000/discovery/v2.0/keys",
        "response_modes_supported": [
          "query",
          "fragment",
          "form_post"
        ],
        "subject_types_supported": [
          "pairwise"
        ],
        "id_token_signing_alg_values_supported": [
          "RS256"
        ],
        "response_types_supported": [
          "code",
          "id_token",
          "code id_token",
          "id_token token"
        ],
        "scopes_supported": [
          "openid",
          "profile",
          "email",
          "offline_access"
        ],
        "issuer": "https://login.microsoftonline.com/00000000-0000-0000-0000-000000000000/v2.0",
        "request_uri_parameter_supported": false,
        "userinfo_endpoint": "https://graph.microsoft.com/oidc/userinfo",
        "authorization_endpoint": "https://login.microsoftonline.com/00000000-0000-0000-0000-000000000000/oauth2/v2.0/authorize",
        "device_authorization_endpoint": "https://login.microsoftonline.com/00000000-0000-0000-0000-000000000000/oauth2/v2.0/devicecode",
        "http_logout_supported": true,
        "frontchannel_logout_supported": true,
        "end_session_endpoint": "https://login.microsoftonline.com/00000000-0000-0000-0000-000000000000/oauth2/v2.0/logout",
        "claims_supported": [
          "sub",
          "iss",
          "cloud_instance_name",
          "cloud_instance_host_name",
          "cloud_graph_host_name",
          "msgraph_host",
          "aud",
          "exp",
          "iat",
          "auth_time",
          "acr",
          "nonce",
          "preferred_username",
          "name",
          "tid",
          "ver",
          "at_hash",
          "c_hash",
          "email"
        ],
        "kerberos_endpoint": "https://login.microsoftonline.com/00000000-0000-0000-0000-000000000000/kerberos",
        "tenant_region_scope": "NA",
        "cloud_instance_name": "microsoftonline.com",
        "cloud_graph_host_name": "graph.windows.net",
        "msgraph_host": "graph.microsoft.com",
        "rbac_url": "https://pas.windows.net"
      }
    },
    {
      "RequestUri": "https://login.microsoftonline.com/common/discovery/instance?api-version=1.1\u0026authorization_endpoint=https://login.microsoftonline.com/common/oauth2/authorize",
      "RequestMethod": "GET",
      "RequestHeaders": {
        "Accept": "application/json",
        "Accept-Encoding": "gzip, deflate",
        "Connection": "keep-alive",
        "Cookie": "cookie;",
        "User-Agent": "azsdk-python-identity/1.11.0b2 Python/3.8.12 (Linux-5.13.0-1023-azure-x86_64-with-glibc2.2.5) VSTS_0fb41ef4-5012-48a9-bf39-4ee3de03ee35_build_2500_0"
      },
      "RequestBody": null,
      "StatusCode": 200,
      "ResponseHeaders": {
        "Access-Control-Allow-Methods": "GET, OPTIONS",
        "Access-Control-Allow-Origin": "*",
        "Cache-Control": "max-age=86400, private",
        "Content-Length": "945",
        "Content-Type": "application/json; charset=utf-8",
        "Date": "Tue, 31 May 2022 10:23:32 GMT",
        "P3P": "CP=\u0022DSP CUR OTPi IND OTRi ONL FIN\u0022",
        "Set-Cookie": "[set-cookie;]",
        "Strict-Transport-Security": "max-age=31536000; includeSubDomains",
        "X-Content-Type-Options": "nosniff",
        "x-ms-ests-server": "2.1.12821.9 - SCUS ProdSlices",
        "X-XSS-Protection": "0"
      },
      "ResponseBody": {
        "tenant_discovery_endpoint": "https://login.microsoftonline.com/common/.well-known/openid-configuration",
        "api-version": "1.1",
        "metadata": [
          {
            "preferred_network": "login.microsoftonline.com",
            "preferred_cache": "login.windows.net",
            "aliases": [
              "login.microsoftonline.com",
              "login.windows.net",
              "login.microsoft.com",
              "sts.windows.net"
            ]
          },
          {
            "preferred_network": "login.partner.microsoftonline.cn",
            "preferred_cache": "login.partner.microsoftonline.cn",
            "aliases": [
              "login.partner.microsoftonline.cn",
              "login.chinacloudapi.cn"
            ]
          },
          {
            "preferred_network": "login.microsoftonline.de",
            "preferred_cache": "login.microsoftonline.de",
            "aliases": [
              "login.microsoftonline.de"
            ]
          },
          {
            "preferred_network": "login.microsoftonline.us",
            "preferred_cache": "login.microsoftonline.us",
            "aliases": [
              "login.microsoftonline.us",
              "login.usgovcloudapi.net"
            ]
          },
          {
            "preferred_network": "login-us.microsoftonline.com",
            "preferred_cache": "login-us.microsoftonline.com",
            "aliases": [
              "login-us.microsoftonline.com"
            ]
          }
        ]
      }
    },
    {
      "RequestUri": "https://login.microsoftonline.com/00000000-0000-0000-0000-000000000000/oauth2/v2.0/token",
      "RequestMethod": "POST",
      "RequestHeaders": {
        "Accept": "application/json",
        "Accept-Encoding": "gzip, deflate",
        "client-request-id": "aa56e03b-1fc7-489d-918b-c282e433d245",
        "Connection": "keep-alive",
        "Content-Length": "286",
        "Content-Type": "application/x-www-form-urlencoded",
        "Cookie": "cookie;",
        "User-Agent": "azsdk-python-identity/1.11.0b2 Python/3.8.12 (Linux-5.13.0-1023-azure-x86_64-with-glibc2.2.5) VSTS_0fb41ef4-5012-48a9-bf39-4ee3de03ee35_build_2500_0",
        "x-client-cpu": "x64",
        "x-client-current-telemetry": "4|730,0|",
        "x-client-last-telemetry": "4|0|||",
        "x-client-os": "linux",
        "x-client-sku": "MSAL.Python",
        "x-client-ver": "1.17.0",
        "x-ms-lib-capability": "retry-after, h429"
      },
      "RequestBody": "client_id=8c41a920-007a-4844-a189-2d0efe39f51e\u0026grant_type=client_credentials\u0026client_info=1\u0026client_secret=o0XWF_siD-FhI.5AE83-u0GaQHW_GP7cjy\u0026claims=%7B%22access_token%22%3A\u002B%7B%22xms_cc%22%3A\u002B%7B%22values%22%3A\u002B%5B%22CP1%22%5D%7D%7D%7D\u0026scope=https%3A%2F%2Fmanagement.azure.com%2F.default",
      "StatusCode": 200,
      "ResponseHeaders": {
        "Cache-Control": "no-store, no-cache",
        "client-request-id": "aa56e03b-1fc7-489d-918b-c282e433d245",
        "Content-Length": "93",
        "Content-Type": "application/json; charset=utf-8",
        "Date": "Tue, 31 May 2022 10:23:32 GMT",
        "Expires": "-1",
        "P3P": "CP=\u0022DSP CUR OTPi IND OTRi ONL FIN\u0022",
        "Pragma": "no-cache",
        "Set-Cookie": "[set-cookie;]",
        "Strict-Transport-Security": "max-age=31536000; includeSubDomains",
        "X-Content-Type-Options": "nosniff",
        "x-ms-clitelem": "1,0,0,,",
        "x-ms-ests-server": "2.1.12821.9 - WUS2 ProdSlices",
        "X-XSS-Protection": "0"
      },
      "ResponseBody": {
        "token_type": "Bearer",
        "expires_in": 3599,
        "ext_expires_in": 3599,
        "access_token": "access_token"
      }
    },
    {
      "RequestUri": "https://management.azure.com/subscriptions/00000000-0000-0000-0000-000000000000/resourceGroups/rgname/providers/Microsoft.Compute/virtualMachines/virtualmachinexeb772750?api-version=2022-03-01",
      "RequestMethod": "PUT",
      "RequestHeaders": {
        "Accept": "application/json",
        "Accept-Encoding": "gzip, deflate",
        "Connection": "keep-alive",
        "Content-Length": "891",
        "Content-Type": "application/json",
        "User-Agent": "azsdk-python-azure-mgmt-compute/27.1.0 Python/3.8.12 (Linux-5.13.0-1023-azure-x86_64-with-glibc2.2.5) VSTS_0fb41ef4-5012-48a9-bf39-4ee3de03ee35_build_2500_0"
      },
      "RequestBody": {
        "location": "eastus",
        "properties": {
          "hardwareProfile": {
            "vmSize": "Standard_D2_v2"
          },
          "storageProfile": {
            "imageReference": {
              "publisher": "MicrosoftWindowsServer",
              "offer": "WindowsServer",
              "sku": "2016-Datacenter",
              "version": "latest"
            },
            "osDisk": {
              "name": "myVMosdisk",
              "caching": "ReadWrite",
              "createOption": "FromImage",
              "managedDisk": {
                "storageAccountType": "Standard_LRS"
              }
            },
            "dataDisks": [
              {
                "lun": 0,
                "createOption": "Empty",
                "diskSizeGB": 1023
              },
              {
                "lun": 1,
                "createOption": "Empty",
                "diskSizeGB": 1023
              }
            ]
          },
          "osProfile": {
            "computerName": "myVM",
            "adminUsername": "testuser",
            "adminPassword": "Aa1!zyx_",
            "windowsConfiguration": {
              "enableAutomaticUpdates": true
            }
          },
          "networkProfile": {
            "networkInterfaces": [
              {
                "id": "/subscriptions/00000000-0000-0000-0000-000000000000/resourceGroups/rgname/providers/Microsoft.Network/networkInterfaces/interfacexeb772750",
                "properties": {
                  "primary": true
                }
              }
            ]
          }
        }
      },
      "StatusCode": 201,
      "ResponseHeaders": {
        "Azure-AsyncNotification": "Enabled",
        "Azure-AsyncOperation": "https://management.azure.com/subscriptions/00000000-0000-0000-0000-000000000000/providers/Microsoft.Compute/locations/eastus/operations/2f25a11a-11cd-4262-96c1-11dae0cbffa7?p=54253b73-cb53-496f-ab42-5e5ee19426f8\u0026api-version=2022-03-01",
        "Cache-Control": "no-cache",
        "Content-Length": "2434",
        "Content-Type": "application/json; charset=utf-8",
        "Date": "Tue, 31 May 2022 10:23:35 GMT",
        "Expires": "-1",
        "Pragma": "no-cache",
        "Retry-After": "10",
        "Server": [
          "Microsoft-HTTPAPI/2.0",
          "Microsoft-HTTPAPI/2.0"
        ],
        "Strict-Transport-Security": "max-age=31536000; includeSubDomains",
        "X-Content-Type-Options": "nosniff",
        "x-ms-correlation-request-id": "ba4065ea-03fc-4526-80e8-cd79834070ec",
        "x-ms-ratelimit-remaining-resource": "Microsoft.Compute/PutVM3Min;828,Microsoft.Compute/PutVM30Min;4145",
        "x-ms-ratelimit-remaining-subscription-writes": "1196",
        "x-ms-routing-request-id": "WESTUS:20220531T102335Z:ba4065ea-03fc-4526-80e8-cd79834070ec"
      },
      "ResponseBody": {
        "name": "virtualmachinexeb772750",
        "id": "/subscriptions/00000000-0000-0000-0000-000000000000/resourceGroups/rgname/providers/Microsoft.Compute/virtualMachines/virtualmachinexeb772750",
        "type": "Microsoft.Compute/virtualMachines",
        "location": "eastus",
        "properties": {
          "vmId": "3b8fab22-cc6a-443d-aae6-7a33ec0e8e96",
          "hardwareProfile": {
            "vmSize": "Standard_D2_v2"
          },
          "storageProfile": {
            "imageReference": {
              "publisher": "MicrosoftWindowsServer",
              "offer": "WindowsServer",
              "sku": "2016-Datacenter",
              "version": "latest",
              "exactVersion": "14393.5125.220505"
            },
            "osDisk": {
              "osType": "Windows",
              "name": "myVMosdisk",
              "createOption": "FromImage",
              "caching": "ReadWrite",
              "managedDisk": {
                "storageAccountType": "Standard_LRS"
              },
              "deleteOption": "Detach",
              "diskSizeGB": 127
            },
            "dataDisks": [
              {
                "lun": 0,
                "createOption": "Empty",
                "caching": "None",
                "managedDisk": {
                  "storageAccountType": "Standard_LRS"
                },
                "deleteOption": "Detach",
                "diskSizeGB": 1023,
                "toBeDetached": false
              },
              {
                "lun": 1,
                "createOption": "Empty",
                "caching": "None",
                "managedDisk": {
                  "storageAccountType": "Standard_LRS"
                },
                "deleteOption": "Detach",
                "diskSizeGB": 1023,
                "toBeDetached": false
              }
            ]
          },
          "osProfile": {
            "computerName": "myVM",
            "adminUsername": "testuser",
            "windowsConfiguration": {
              "provisionVMAgent": true,
              "enableAutomaticUpdates": true,
              "patchSettings": {
                "patchMode": "AutomaticByOS",
                "assessmentMode": "ImageDefault"
              },
              "enableVMAgentPlatformUpdates": false
            },
            "secrets": [],
            "allowExtensionOperations": true,
            "requireGuestProvisionSignal": true
          },
          "networkProfile": {
            "networkInterfaces": [
              {
                "id": "/subscriptions/00000000-0000-0000-0000-000000000000/resourceGroups/rgname/providers/Microsoft.Network/networkInterfaces/interfacexeb772750",
                "properties": {
                  "primary": true
                }
              }
            ]
          },
          "provisioningState": "Creating",
          "timeCreated": "2022-05-31T10:23:34.6460222\u002B00:00"
        }
      }
    },
    {
      "RequestUri": "https://management.azure.com/subscriptions/00000000-0000-0000-0000-000000000000/providers/Microsoft.Compute/locations/eastus/operations/2f25a11a-11cd-4262-96c1-11dae0cbffa7?p=54253b73-cb53-496f-ab42-5e5ee19426f8\u0026api-version=2022-03-01",
      "RequestMethod": "GET",
      "RequestHeaders": {
        "Accept": "*/*",
        "Accept-Encoding": "gzip, deflate",
        "Connection": "keep-alive",
        "User-Agent": "azsdk-python-azure-mgmt-compute/27.1.0 Python/3.8.12 (Linux-5.13.0-1023-azure-x86_64-with-glibc2.2.5) VSTS_0fb41ef4-5012-48a9-bf39-4ee3de03ee35_build_2500_0"
      },
      "RequestBody": null,
      "StatusCode": 200,
      "ResponseHeaders": {
        "Cache-Control": "no-cache",
        "Content-Encoding": "gzip",
        "Content-Type": "application/json; charset=utf-8",
        "Date": "Tue, 31 May 2022 10:23:45 GMT",
        "Expires": "-1",
        "Pragma": "no-cache",
        "Retry-After": "50",
        "Server": [
          "Microsoft-HTTPAPI/2.0",
          "Microsoft-HTTPAPI/2.0"
        ],
        "Strict-Transport-Security": "max-age=31536000; includeSubDomains",
        "Transfer-Encoding": "chunked",
        "Vary": "Accept-Encoding",
        "X-Content-Type-Options": "nosniff",
        "x-ms-correlation-request-id": "8b759b64-17fe-4922-a29a-1ac249120d9f",
        "x-ms-ratelimit-remaining-resource": "Microsoft.Compute/GetOperation3Min;14999,Microsoft.Compute/GetOperation30Min;29989",
        "x-ms-ratelimit-remaining-subscription-reads": "11988",
        "x-ms-routing-request-id": "WESTUS:20220531T102345Z:8b759b64-17fe-4922-a29a-1ac249120d9f"
      },
      "ResponseBody": {
        "startTime": "2022-05-31T10:23:33.8178953\u002B00:00",
        "status": "InProgress",
        "name": "2f25a11a-11cd-4262-96c1-11dae0cbffa7"
      }
    },
    {
      "RequestUri": "https://management.azure.com/subscriptions/00000000-0000-0000-0000-000000000000/providers/Microsoft.Compute/locations/eastus/operations/2f25a11a-11cd-4262-96c1-11dae0cbffa7?p=54253b73-cb53-496f-ab42-5e5ee19426f8\u0026api-version=2022-03-01",
      "RequestMethod": "GET",
      "RequestHeaders": {
        "Accept": "*/*",
        "Accept-Encoding": "gzip, deflate",
        "Connection": "keep-alive",
        "User-Agent": "azsdk-python-azure-mgmt-compute/27.1.0 Python/3.8.12 (Linux-5.13.0-1023-azure-x86_64-with-glibc2.2.5) VSTS_0fb41ef4-5012-48a9-bf39-4ee3de03ee35_build_2500_0"
      },
      "RequestBody": null,
      "StatusCode": 200,
      "ResponseHeaders": {
        "Cache-Control": "no-cache",
        "Content-Encoding": "gzip",
        "Content-Type": "application/json; charset=utf-8",
        "Date": "Tue, 31 May 2022 10:24:35 GMT",
        "Expires": "-1",
        "Pragma": "no-cache",
        "Server": [
          "Microsoft-HTTPAPI/2.0",
          "Microsoft-HTTPAPI/2.0"
        ],
        "Strict-Transport-Security": "max-age=31536000; includeSubDomains",
        "Transfer-Encoding": "chunked",
        "Vary": "Accept-Encoding",
        "X-Content-Type-Options": "nosniff",
        "x-ms-correlation-request-id": "f1b4f00d-0dca-41d8-90a5-23bcbbe182a1",
        "x-ms-ratelimit-remaining-resource": "Microsoft.Compute/GetOperation3Min;14998,Microsoft.Compute/GetOperation30Min;29988",
        "x-ms-ratelimit-remaining-subscription-reads": "11987",
        "x-ms-routing-request-id": "WESTUS:20220531T102435Z:f1b4f00d-0dca-41d8-90a5-23bcbbe182a1"
      },
      "ResponseBody": {
        "startTime": "2022-05-31T10:23:33.8178953\u002B00:00",
        "status": "InProgress",
        "name": "2f25a11a-11cd-4262-96c1-11dae0cbffa7"
      }
    },
    {
      "RequestUri": "https://management.azure.com/subscriptions/00000000-0000-0000-0000-000000000000/providers/Microsoft.Compute/locations/eastus/operations/2f25a11a-11cd-4262-96c1-11dae0cbffa7?p=54253b73-cb53-496f-ab42-5e5ee19426f8\u0026api-version=2022-03-01",
      "RequestMethod": "GET",
      "RequestHeaders": {
        "Accept": "*/*",
        "Accept-Encoding": "gzip, deflate",
        "Connection": "keep-alive",
        "User-Agent": "azsdk-python-azure-mgmt-compute/27.1.0 Python/3.8.12 (Linux-5.13.0-1023-azure-x86_64-with-glibc2.2.5) VSTS_0fb41ef4-5012-48a9-bf39-4ee3de03ee35_build_2500_0"
      },
      "RequestBody": null,
      "StatusCode": 200,
      "ResponseHeaders": {
        "Cache-Control": "no-cache",
        "Content-Encoding": "gzip",
        "Content-Type": "application/json; charset=utf-8",
        "Date": "Tue, 31 May 2022 10:25:04 GMT",
        "Expires": "-1",
        "Pragma": "no-cache",
        "Server": [
          "Microsoft-HTTPAPI/2.0",
          "Microsoft-HTTPAPI/2.0"
        ],
        "Strict-Transport-Security": "max-age=31536000; includeSubDomains",
        "Transfer-Encoding": "chunked",
        "Vary": "Accept-Encoding",
        "X-Content-Type-Options": "nosniff",
        "x-ms-correlation-request-id": "59bbb8df-9501-4d06-8718-1b517f94131e",
        "x-ms-ratelimit-remaining-resource": "Microsoft.Compute/GetOperation3Min;14997,Microsoft.Compute/GetOperation30Min;29991",
        "x-ms-ratelimit-remaining-subscription-reads": "11986",
        "x-ms-routing-request-id": "WESTUS:20220531T102505Z:59bbb8df-9501-4d06-8718-1b517f94131e"
      },
      "ResponseBody": {
        "startTime": "2022-05-31T10:23:33.8178953\u002B00:00",
        "endTime": "2022-05-31T10:24:54.287059\u002B00:00",
        "status": "Succeeded",
        "name": "2f25a11a-11cd-4262-96c1-11dae0cbffa7"
      }
    },
    {
      "RequestUri": "https://management.azure.com/subscriptions/00000000-0000-0000-0000-000000000000/resourceGroups/rgname/providers/Microsoft.Compute/virtualMachines/virtualmachinexeb772750?api-version=2022-03-01",
      "RequestMethod": "GET",
      "RequestHeaders": {
        "Accept": "*/*",
        "Accept-Encoding": "gzip, deflate",
        "Connection": "keep-alive",
        "User-Agent": "azsdk-python-azure-mgmt-compute/27.1.0 Python/3.8.12 (Linux-5.13.0-1023-azure-x86_64-with-glibc2.2.5) VSTS_0fb41ef4-5012-48a9-bf39-4ee3de03ee35_build_2500_0"
      },
      "RequestBody": null,
      "StatusCode": 200,
      "ResponseHeaders": {
        "Cache-Control": "no-cache",
        "Content-Encoding": "gzip",
        "Content-Type": "application/json; charset=utf-8",
        "Date": "Tue, 31 May 2022 10:25:04 GMT",
        "Expires": "-1",
        "Pragma": "no-cache",
        "Server": [
          "Microsoft-HTTPAPI/2.0",
          "Microsoft-HTTPAPI/2.0"
        ],
        "Strict-Transport-Security": "max-age=31536000; includeSubDomains",
        "Transfer-Encoding": "chunked",
        "Vary": "Accept-Encoding",
        "X-Content-Type-Options": "nosniff",
        "x-ms-correlation-request-id": "1b870829-de75-4323-85e2-bc4852d69291",
        "x-ms-ratelimit-remaining-resource": "Microsoft.Compute/LowCostGet3Min;3998,Microsoft.Compute/LowCostGet30Min;31995",
        "x-ms-ratelimit-remaining-subscription-reads": "11985",
        "x-ms-routing-request-id": "WESTUS:20220531T102505Z:1b870829-de75-4323-85e2-bc4852d69291"
      },
      "ResponseBody": {
        "name": "virtualmachinexeb772750",
        "id": "/subscriptions/00000000-0000-0000-0000-000000000000/resourceGroups/rgname/providers/Microsoft.Compute/virtualMachines/virtualmachinexeb772750",
        "type": "Microsoft.Compute/virtualMachines",
        "location": "eastus",
        "properties": {
          "vmId": "3b8fab22-cc6a-443d-aae6-7a33ec0e8e96",
          "hardwareProfile": {
            "vmSize": "Standard_D2_v2"
          },
          "storageProfile": {
            "imageReference": {
              "publisher": "MicrosoftWindowsServer",
              "offer": "WindowsServer",
              "sku": "2016-Datacenter",
              "version": "latest",
              "exactVersion": "14393.5125.220505"
            },
            "osDisk": {
              "osType": "Windows",
              "name": "myVMosdisk",
              "createOption": "FromImage",
              "caching": "ReadWrite",
              "managedDisk": {
                "storageAccountType": "Standard_LRS",
                "id": "/subscriptions/00000000-0000-0000-0000-000000000000/resourceGroups/rgname/providers/Microsoft.Compute/disks/myVMosdisk"
              },
              "deleteOption": "Detach",
              "diskSizeGB": 127
            },
            "dataDisks": [
              {
                "lun": 0,
                "name": "virtualmachinexeb772750_disk2_0d86769d181c4521b980f878926528c2",
                "createOption": "Empty",
                "caching": "None",
                "managedDisk": {
                  "storageAccountType": "Standard_LRS",
                  "id": "/subscriptions/00000000-0000-0000-0000-000000000000/resourceGroups/rgname/providers/Microsoft.Compute/disks/virtualmachinexeb772750_disk2_0d86769d181c4521b980f878926528c2"
                },
                "deleteOption": "Detach",
                "diskSizeGB": 1023,
                "toBeDetached": false
              },
              {
                "lun": 1,
                "name": "virtualmachinexeb772750_disk3_15c148fb457b49cfae0b899df7b1f715",
                "createOption": "Empty",
                "caching": "None",
                "managedDisk": {
                  "storageAccountType": "Standard_LRS",
                  "id": "/subscriptions/00000000-0000-0000-0000-000000000000/resourceGroups/rgname/providers/Microsoft.Compute/disks/virtualmachinexeb772750_disk3_15c148fb457b49cfae0b899df7b1f715"
                },
                "deleteOption": "Detach",
                "diskSizeGB": 1023,
                "toBeDetached": false
              }
            ]
          },
          "osProfile": {
            "computerName": "myVM",
            "adminUsername": "testuser",
            "windowsConfiguration": {
              "provisionVMAgent": true,
              "enableAutomaticUpdates": true,
              "patchSettings": {
                "patchMode": "AutomaticByOS",
                "assessmentMode": "ImageDefault"
              },
              "enableVMAgentPlatformUpdates": false
            },
            "secrets": [],
            "allowExtensionOperations": true,
            "requireGuestProvisionSignal": true
          },
          "networkProfile": {
            "networkInterfaces": [
              {
                "id": "/subscriptions/00000000-0000-0000-0000-000000000000/resourceGroups/rgname/providers/Microsoft.Network/networkInterfaces/interfacexeb772750",
                "properties": {
                  "primary": true
                }
              }
            ]
          },
          "provisioningState": "Succeeded",
          "timeCreated": "2022-05-31T10:23:34.6460222\u002B00:00"
        }
      }
    },
    {
      "RequestUri": "https://management.azure.com/subscriptions/00000000-0000-0000-0000-000000000000/resourceGroups/rgname/providers/Microsoft.Compute/virtualMachines/virtualmachinexeb772750/extensions/virtualmachineextensionxeb772750?api-version=2022-03-01",
      "RequestMethod": "PUT",
      "RequestHeaders": {
        "Accept": "application/json",
        "Accept-Encoding": "gzip, deflate",
        "Connection": "keep-alive",
        "Content-Length": "185",
        "Content-Type": "application/json",
        "User-Agent": "azsdk-python-azure-mgmt-compute/27.1.0 Python/3.8.12 (Linux-5.13.0-1023-azure-x86_64-with-glibc2.2.5) VSTS_0fb41ef4-5012-48a9-bf39-4ee3de03ee35_build_2500_0"
      },
      "RequestBody": {
        "location": "eastus",
        "properties": {
          "publisher": "Microsoft.Azure.NetworkWatcher",
          "type": "NetworkWatcherAgentWindows",
          "typeHandlerVersion": "1.4",
          "autoUpgradeMinorVersion": true
        }
      },
      "StatusCode": 201,
      "ResponseHeaders": {
        "Azure-AsyncNotification": "Enabled",
        "Azure-AsyncOperation": "https://management.azure.com/subscriptions/00000000-0000-0000-0000-000000000000/providers/Microsoft.Compute/locations/eastus/operations/a2371a31-cccb-40a2-8c88-cd2a853438a3?p=54253b73-cb53-496f-ab42-5e5ee19426f8\u0026api-version=2022-03-01",
        "Cache-Control": "no-cache",
        "Content-Length": "561",
        "Content-Type": "application/json; charset=utf-8",
        "Date": "Tue, 31 May 2022 10:25:06 GMT",
        "Expires": "-1",
        "Pragma": "no-cache",
        "Server": [
          "Microsoft-HTTPAPI/2.0",
          "Microsoft-HTTPAPI/2.0"
        ],
        "Strict-Transport-Security": "max-age=31536000; includeSubDomains",
        "X-Content-Type-Options": "nosniff",
        "x-ms-correlation-request-id": "ddec808f-29fc-4948-ad04-dd715eef392b",
        "x-ms-ratelimit-remaining-resource": "Microsoft.Compute/UpdateVM3Min;239,Microsoft.Compute/UpdateVM30Min;1199",
        "x-ms-ratelimit-remaining-subscription-writes": "1195",
        "x-ms-routing-request-id": "WESTUS:20220531T102507Z:ddec808f-29fc-4948-ad04-dd715eef392b"
      },
      "ResponseBody": {
        "name": "virtualmachineextensionxeb772750",
        "id": "/subscriptions/00000000-0000-0000-0000-000000000000/resourceGroups/rgname/providers/Microsoft.Compute/virtualMachines/virtualmachinexeb772750/extensions/virtualmachineextensionxeb772750",
        "type": "Microsoft.Compute/virtualMachines/extensions",
        "location": "eastus",
        "properties": {
          "autoUpgradeMinorVersion": true,
          "provisioningState": "Creating",
          "publisher": "Microsoft.Azure.NetworkWatcher",
          "type": "NetworkWatcherAgentWindows",
          "typeHandlerVersion": "1.4"
        }
      }
    },
    {
      "RequestUri": "https://management.azure.com/subscriptions/00000000-0000-0000-0000-000000000000/providers/Microsoft.Compute/locations/eastus/operations/a2371a31-cccb-40a2-8c88-cd2a853438a3?p=54253b73-cb53-496f-ab42-5e5ee19426f8\u0026api-version=2022-03-01",
      "RequestMethod": "GET",
      "RequestHeaders": {
        "Accept": "*/*",
        "Accept-Encoding": "gzip, deflate",
        "Connection": "keep-alive",
        "User-Agent": "azsdk-python-azure-mgmt-compute/27.1.0 Python/3.8.12 (Linux-5.13.0-1023-azure-x86_64-with-glibc2.2.5) VSTS_0fb41ef4-5012-48a9-bf39-4ee3de03ee35_build_2500_0"
      },
      "RequestBody": null,
      "StatusCode": 200,
      "ResponseHeaders": {
        "Cache-Control": "no-cache",
        "Content-Encoding": "gzip",
        "Content-Type": "application/json; charset=utf-8",
        "Date": "Tue, 31 May 2022 10:25:36 GMT",
        "Expires": "-1",
        "Pragma": "no-cache",
        "Server": [
          "Microsoft-HTTPAPI/2.0",
          "Microsoft-HTTPAPI/2.0"
        ],
        "Strict-Transport-Security": "max-age=31536000; includeSubDomains",
        "Transfer-Encoding": "chunked",
        "Vary": "Accept-Encoding",
        "X-Content-Type-Options": "nosniff",
        "x-ms-correlation-request-id": "64b69942-0773-4fab-8582-85607f2a9f5b",
        "x-ms-ratelimit-remaining-resource": "Microsoft.Compute/GetOperation3Min;14995,Microsoft.Compute/GetOperation30Min;29989",
        "x-ms-ratelimit-remaining-subscription-reads": "11984",
        "x-ms-routing-request-id": "WESTUS:20220531T102537Z:64b69942-0773-4fab-8582-85607f2a9f5b"
      },
      "ResponseBody": {
        "startTime": "2022-05-31T10:25:06.5214997\u002B00:00",
        "status": "InProgress",
        "name": "a2371a31-cccb-40a2-8c88-cd2a853438a3"
      }
    },
    {
      "RequestUri": "https://management.azure.com/subscriptions/00000000-0000-0000-0000-000000000000/providers/Microsoft.Compute/locations/eastus/operations/a2371a31-cccb-40a2-8c88-cd2a853438a3?p=54253b73-cb53-496f-ab42-5e5ee19426f8\u0026api-version=2022-03-01",
      "RequestMethod": "GET",
      "RequestHeaders": {
        "Accept": "*/*",
        "Accept-Encoding": "gzip, deflate",
        "Connection": "keep-alive",
        "User-Agent": "azsdk-python-azure-mgmt-compute/27.1.0 Python/3.8.12 (Linux-5.13.0-1023-azure-x86_64-with-glibc2.2.5) VSTS_0fb41ef4-5012-48a9-bf39-4ee3de03ee35_build_2500_0"
      },
      "RequestBody": null,
      "StatusCode": 200,
      "ResponseHeaders": {
        "Cache-Control": "no-cache",
        "Content-Encoding": "gzip",
        "Content-Type": "application/json; charset=utf-8",
        "Date": "Tue, 31 May 2022 10:26:06 GMT",
        "Expires": "-1",
        "Pragma": "no-cache",
        "Server": [
          "Microsoft-HTTPAPI/2.0",
          "Microsoft-HTTPAPI/2.0"
        ],
        "Strict-Transport-Security": "max-age=31536000; includeSubDomains",
        "Transfer-Encoding": "chunked",
        "Vary": "Accept-Encoding",
        "X-Content-Type-Options": "nosniff",
        "x-ms-correlation-request-id": "317abfd9-9b99-4305-9ba3-90353971b7ca",
        "x-ms-ratelimit-remaining-resource": "Microsoft.Compute/GetOperation3Min;14994,Microsoft.Compute/GetOperation30Min;29988",
        "x-ms-ratelimit-remaining-subscription-reads": "11983",
        "x-ms-routing-request-id": "WESTUS:20220531T102607Z:317abfd9-9b99-4305-9ba3-90353971b7ca"
      },
      "ResponseBody": {
        "startTime": "2022-05-31T10:25:06.5214997\u002B00:00",
        "status": "InProgress",
        "name": "a2371a31-cccb-40a2-8c88-cd2a853438a3"
      }
    },
    {
      "RequestUri": "https://management.azure.com/subscriptions/00000000-0000-0000-0000-000000000000/providers/Microsoft.Compute/locations/eastus/operations/a2371a31-cccb-40a2-8c88-cd2a853438a3?p=54253b73-cb53-496f-ab42-5e5ee19426f8\u0026api-version=2022-03-01",
      "RequestMethod": "GET",
      "RequestHeaders": {
        "Accept": "*/*",
        "Accept-Encoding": "gzip, deflate",
        "Connection": "keep-alive",
        "User-Agent": "azsdk-python-azure-mgmt-compute/27.1.0 Python/3.8.12 (Linux-5.13.0-1023-azure-x86_64-with-glibc2.2.5) VSTS_0fb41ef4-5012-48a9-bf39-4ee3de03ee35_build_2500_0"
      },
      "RequestBody": null,
      "StatusCode": 200,
      "ResponseHeaders": {
        "Cache-Control": "no-cache",
        "Content-Encoding": "gzip",
        "Content-Type": "application/json; charset=utf-8",
        "Date": "Tue, 31 May 2022 10:26:37 GMT",
        "Expires": "-1",
        "Pragma": "no-cache",
        "Server": [
          "Microsoft-HTTPAPI/2.0",
          "Microsoft-HTTPAPI/2.0"
        ],
        "Strict-Transport-Security": "max-age=31536000; includeSubDomains",
        "Transfer-Encoding": "chunked",
        "Vary": "Accept-Encoding",
        "X-Content-Type-Options": "nosniff",
        "x-ms-correlation-request-id": "6d149b24-c483-40f1-8733-fb5ab7ae7add",
        "x-ms-ratelimit-remaining-resource": "Microsoft.Compute/GetOperation3Min;14994,Microsoft.Compute/GetOperation30Min;29987",
        "x-ms-ratelimit-remaining-subscription-reads": "11982",
        "x-ms-routing-request-id": "WESTUS:20220531T102637Z:6d149b24-c483-40f1-8733-fb5ab7ae7add"
      },
      "ResponseBody": {
        "startTime": "2022-05-31T10:25:06.5214997\u002B00:00",
        "status": "InProgress",
        "name": "a2371a31-cccb-40a2-8c88-cd2a853438a3"
      }
    },
    {
      "RequestUri": "https://management.azure.com/subscriptions/00000000-0000-0000-0000-000000000000/providers/Microsoft.Compute/locations/eastus/operations/a2371a31-cccb-40a2-8c88-cd2a853438a3?p=54253b73-cb53-496f-ab42-5e5ee19426f8\u0026api-version=2022-03-01",
      "RequestMethod": "GET",
      "RequestHeaders": {
        "Accept": "*/*",
        "Accept-Encoding": "gzip, deflate",
        "Connection": "keep-alive",
        "User-Agent": "azsdk-python-azure-mgmt-compute/27.1.0 Python/3.8.12 (Linux-5.13.0-1023-azure-x86_64-with-glibc2.2.5) VSTS_0fb41ef4-5012-48a9-bf39-4ee3de03ee35_build_2500_0"
      },
      "RequestBody": null,
      "StatusCode": 200,
      "ResponseHeaders": {
        "Cache-Control": "no-cache",
        "Content-Encoding": "gzip",
        "Content-Type": "application/json; charset=utf-8",
        "Date": "Tue, 31 May 2022 10:27:06 GMT",
        "Expires": "-1",
        "Pragma": "no-cache",
        "Server": [
          "Microsoft-HTTPAPI/2.0",
          "Microsoft-HTTPAPI/2.0"
        ],
        "Strict-Transport-Security": "max-age=31536000; includeSubDomains",
        "Transfer-Encoding": "chunked",
        "Vary": "Accept-Encoding",
        "X-Content-Type-Options": "nosniff",
        "x-ms-correlation-request-id": "5737aab1-2d7e-4e6e-9d82-90c9064c4f2b",
        "x-ms-ratelimit-remaining-resource": "Microsoft.Compute/GetOperation3Min;14992,Microsoft.Compute/GetOperation30Min;29985",
        "x-ms-ratelimit-remaining-subscription-reads": "11981",
        "x-ms-routing-request-id": "WESTUS:20220531T102707Z:5737aab1-2d7e-4e6e-9d82-90c9064c4f2b"
      },
      "ResponseBody": {
        "startTime": "2022-05-31T10:25:06.5214997\u002B00:00",
        "endTime": "2022-05-31T10:26:42.6782635\u002B00:00",
        "status": "Succeeded",
        "name": "a2371a31-cccb-40a2-8c88-cd2a853438a3"
      }
    },
    {
      "RequestUri": "https://management.azure.com/subscriptions/00000000-0000-0000-0000-000000000000/resourceGroups/rgname/providers/Microsoft.Compute/virtualMachines/virtualmachinexeb772750/extensions/virtualmachineextensionxeb772750?api-version=2022-03-01",
      "RequestMethod": "GET",
      "RequestHeaders": {
        "Accept": "*/*",
        "Accept-Encoding": "gzip, deflate",
        "Connection": "keep-alive",
        "User-Agent": "azsdk-python-azure-mgmt-compute/27.1.0 Python/3.8.12 (Linux-5.13.0-1023-azure-x86_64-with-glibc2.2.5) VSTS_0fb41ef4-5012-48a9-bf39-4ee3de03ee35_build_2500_0"
      },
      "RequestBody": null,
      "StatusCode": 200,
      "ResponseHeaders": {
        "Cache-Control": "no-cache",
        "Content-Encoding": "gzip",
        "Content-Type": "application/json; charset=utf-8",
        "Date": "Tue, 31 May 2022 10:27:06 GMT",
        "Expires": "-1",
        "Pragma": "no-cache",
        "Server": [
          "Microsoft-HTTPAPI/2.0",
          "Microsoft-HTTPAPI/2.0"
        ],
        "Strict-Transport-Security": "max-age=31536000; includeSubDomains",
        "Transfer-Encoding": "chunked",
        "Vary": "Accept-Encoding",
        "X-Content-Type-Options": "nosniff",
        "x-ms-correlation-request-id": "33ed8572-b530-4245-b5c4-f8424fa0b287",
        "x-ms-ratelimit-remaining-resource": "Microsoft.Compute/LowCostGet3Min;3993,Microsoft.Compute/LowCostGet30Min;31991",
        "x-ms-ratelimit-remaining-subscription-reads": "11980",
        "x-ms-routing-request-id": "WESTUS:20220531T102707Z:33ed8572-b530-4245-b5c4-f8424fa0b287"
      },
      "ResponseBody": {
        "name": "virtualmachineextensionxeb772750",
        "id": "/subscriptions/00000000-0000-0000-0000-000000000000/resourceGroups/rgname/providers/Microsoft.Compute/virtualMachines/virtualmachinexeb772750/extensions/virtualmachineextensionxeb772750",
        "type": "Microsoft.Compute/virtualMachines/extensions",
        "location": "eastus",
        "properties": {
          "autoUpgradeMinorVersion": true,
          "provisioningState": "Succeeded",
          "publisher": "Microsoft.Azure.NetworkWatcher",
          "type": "NetworkWatcherAgentWindows",
          "typeHandlerVersion": "1.4"
        }
      }
    },
    {
      "RequestUri": "https://management.azure.com/subscriptions/00000000-0000-0000-0000-000000000000/resourceGroups/rgname/providers/Microsoft.Compute/virtualMachines/virtualmachinexeb772750/instanceView?api-version=2022-03-01",
      "RequestMethod": "GET",
      "RequestHeaders": {
        "Accept": "application/json",
        "Accept-Encoding": "gzip, deflate",
        "Connection": "keep-alive",
        "User-Agent": "azsdk-python-azure-mgmt-compute/27.1.0 Python/3.8.12 (Linux-5.13.0-1023-azure-x86_64-with-glibc2.2.5) VSTS_0fb41ef4-5012-48a9-bf39-4ee3de03ee35_build_2500_0"
      },
      "RequestBody": null,
      "StatusCode": 200,
      "ResponseHeaders": {
        "Cache-Control": "no-cache",
        "Content-Encoding": "gzip",
        "Content-Type": "application/json; charset=utf-8",
        "Date": "Tue, 31 May 2022 10:27:06 GMT",
        "Expires": "-1",
        "Pragma": "no-cache",
        "Server": [
          "Microsoft-HTTPAPI/2.0",
          "Microsoft-HTTPAPI/2.0"
        ],
        "Strict-Transport-Security": "max-age=31536000; includeSubDomains",
        "Transfer-Encoding": "chunked",
        "Vary": "Accept-Encoding",
        "X-Content-Type-Options": "nosniff",
        "x-ms-correlation-request-id": "bd7dcd3f-3339-441f-b2b5-5e961a624fdb",
        "x-ms-ratelimit-remaining-resource": "Microsoft.Compute/LowCostGet3Min;3992,Microsoft.Compute/LowCostGet30Min;31990",
        "x-ms-ratelimit-remaining-subscription-reads": "11979",
        "x-ms-routing-request-id": "WESTUS:20220531T102707Z:bd7dcd3f-3339-441f-b2b5-5e961a624fdb"
      },
      "ResponseBody": {
        "computerName": "myVM",
        "osName": "Windows Server 2016 Datacenter",
        "osVersion": "10.0.14393.5125",
        "vmAgent": {
          "vmAgentVersion": "2.7.41491.1044",
          "statuses": [
            {
              "code": "ProvisioningState/succeeded",
              "level": "Info",
              "displayStatus": "Ready",
              "message": "GuestAgent is running and processing the extensions.",
              "time": "2022-05-31T10:26:34.821\u002B00:00"
            }
          ],
          "extensionHandlers": [
            {
              "type": "Microsoft.Azure.NetworkWatcher.NetworkWatcherAgentWindows",
              "typeHandlerVersion": "1.4.2192.1",
              "status": {
                "code": "ProvisioningState/succeeded",
                "level": "Info",
                "displayStatus": "Ready",
                "message": "Plugin enabled (handler name: Microsoft.Azure.NetworkWatcher.NetworkWatcherAgentWindows, extension name: , version: 1.4.2192.1)."
              }
            }
          ]
        },
        "disks": [
          {
            "name": "myVMosdisk",
            "statuses": [
              {
                "code": "ProvisioningState/succeeded",
                "level": "Info",
                "displayStatus": "Provisioning succeeded",
                "time": "2022-05-31T10:23:36.7241586\u002B00:00"
              }
            ]
          },
          {
            "name": "virtualmachinexeb772750_disk2_0d86769d181c4521b980f878926528c2",
            "statuses": [
              {
                "code": "ProvisioningState/succeeded",
                "level": "Info",
                "displayStatus": "Provisioning succeeded",
                "time": "2022-05-31T10:23:36.7241586\u002B00:00"
              }
            ]
          },
          {
            "name": "virtualmachinexeb772750_disk3_15c148fb457b49cfae0b899df7b1f715",
            "statuses": [
              {
                "code": "ProvisioningState/succeeded",
                "level": "Info",
                "displayStatus": "Provisioning succeeded",
                "time": "2022-05-31T10:23:36.7241586\u002B00:00"
              }
            ]
          }
        ],
        "extensions": [
          {
            "name": "virtualmachineextensionxeb772750",
            "type": "Microsoft.Azure.NetworkWatcher.NetworkWatcherAgentWindows",
            "typeHandlerVersion": "1.4.2192.1",
            "statuses": [
              {
                "code": "ProvisioningState/succeeded",
                "level": "Info",
                "displayStatus": "Provisioning succeeded",
                "message": "Plugin enabled (handler name: Microsoft.Azure.NetworkWatcher.NetworkWatcherAgentWindows, extension name: , version: 1.4.2192.1)."
              }
            ]
          }
        ],
        "hyperVGeneration": "V1",
        "statuses": [
          {
            "code": "ProvisioningState/succeeded",
            "level": "Info",
            "displayStatus": "Provisioning succeeded",
            "time": "2022-05-31T10:26:42.6626213\u002B00:00"
          },
          {
            "code": "PowerState/running",
            "level": "Info",
            "displayStatus": "VM running"
          }
        ]
      }
    },
    {
      "RequestUri": "https://management.azure.com/subscriptions/00000000-0000-0000-0000-000000000000/resourceGroups/rgname/providers/Microsoft.Compute/virtualMachines/virtualmachinexeb772750/extensions/virtualmachineextensionxeb772750?api-version=2022-03-01",
      "RequestMethod": "GET",
      "RequestHeaders": {
        "Accept": "application/json",
        "Accept-Encoding": "gzip, deflate",
        "Connection": "keep-alive",
        "User-Agent": "azsdk-python-azure-mgmt-compute/27.1.0 Python/3.8.12 (Linux-5.13.0-1023-azure-x86_64-with-glibc2.2.5) VSTS_0fb41ef4-5012-48a9-bf39-4ee3de03ee35_build_2500_0"
      },
      "RequestBody": null,
      "StatusCode": 200,
      "ResponseHeaders": {
        "Cache-Control": "no-cache",
        "Content-Encoding": "gzip",
        "Content-Type": "application/json; charset=utf-8",
        "Date": "Tue, 31 May 2022 10:27:07 GMT",
        "Expires": "-1",
        "Pragma": "no-cache",
        "Server": [
          "Microsoft-HTTPAPI/2.0",
          "Microsoft-HTTPAPI/2.0"
        ],
        "Strict-Transport-Security": "max-age=31536000; includeSubDomains",
        "Transfer-Encoding": "chunked",
        "Vary": "Accept-Encoding",
        "X-Content-Type-Options": "nosniff",
        "x-ms-correlation-request-id": "52bd7750-a95b-4927-a365-44ebe05840c6",
        "x-ms-ratelimit-remaining-resource": "Microsoft.Compute/LowCostGet3Min;3991,Microsoft.Compute/LowCostGet30Min;31989",
        "x-ms-ratelimit-remaining-subscription-reads": "11978",
        "x-ms-routing-request-id": "WESTUS:20220531T102707Z:52bd7750-a95b-4927-a365-44ebe05840c6"
      },
      "ResponseBody": {
        "name": "virtualmachineextensionxeb772750",
        "id": "/subscriptions/00000000-0000-0000-0000-000000000000/resourceGroups/rgname/providers/Microsoft.Compute/virtualMachines/virtualmachinexeb772750/extensions/virtualmachineextensionxeb772750",
        "type": "Microsoft.Compute/virtualMachines/extensions",
        "location": "eastus",
        "properties": {
          "autoUpgradeMinorVersion": true,
          "provisioningState": "Succeeded",
          "publisher": "Microsoft.Azure.NetworkWatcher",
          "type": "NetworkWatcherAgentWindows",
          "typeHandlerVersion": "1.4"
        }
      }
    },
    {
      "RequestUri": "https://management.azure.com/subscriptions/00000000-0000-0000-0000-000000000000/providers/Microsoft.Compute/locations/eastus/runCommands/RunPowerShellScript?api-version=2022-03-01",
      "RequestMethod": "GET",
      "RequestHeaders": {
        "Accept": "application/json, text/json",
        "Accept-Encoding": "gzip, deflate",
        "Connection": "keep-alive",
        "User-Agent": "azsdk-python-azure-mgmt-compute/27.1.0 Python/3.8.12 (Linux-5.13.0-1023-azure-x86_64-with-glibc2.2.5) VSTS_0fb41ef4-5012-48a9-bf39-4ee3de03ee35_build_2500_0"
      },
      "RequestBody": null,
      "StatusCode": 200,
      "ResponseHeaders": {
        "Cache-Control": "no-cache",
        "Content-Encoding": "gzip",
        "Content-Type": "application/json; charset=utf-8",
        "Date": "Tue, 31 May 2022 10:27:07 GMT",
        "Expires": "-1",
        "Pragma": "no-cache",
        "Server": [
          "Microsoft-HTTPAPI/2.0",
          "Microsoft-HTTPAPI/2.0"
        ],
        "Strict-Transport-Security": "max-age=31536000; includeSubDomains",
        "Transfer-Encoding": "chunked",
        "Vary": "Accept-Encoding",
        "X-Content-Type-Options": "nosniff",
        "x-ms-correlation-request-id": "1e056393-baf2-48c3-b33d-fadc5d30941f",
        "x-ms-ratelimit-remaining-resource": "Microsoft.Compute/GetSubscriptionInfo3Min;359",
        "x-ms-ratelimit-remaining-subscription-reads": "11977",
        "x-ms-routing-request-id": "WESTUS:20220531T102707Z:1e056393-baf2-48c3-b33d-fadc5d30941f"
      },
      "ResponseBody": {
        "script": [
          "param(\r\n  [string]$arg1,\r\n  [string]$arg2\r\n)\r\nWrite-Host This is a sample script with parameters $arg1 $arg2\r\n\r\n# SIG # Begin signature block\r\n# MIInngYJKoZIhvcNAQcCoIInjzCCJ4sCAQExDzANBglghkgBZQMEAgEFADB5Bgor\r\n# BgEEAYI3AgEEoGswaTA0BgorBgEEAYI3AgEeMCYCAwEAAAQQH8w7YFlLCE63JNLG\r\n# KX7zUQIBAAIBAAIBAAIBAAIBADAxMA0GCWCGSAFlAwQCAQUABCB6jm9GJUxEj/xj\r\n# xRn7NMmK1YlgeGDCHEVx3xVyCBNnmaCCDYEwggX/MIID56ADAgECAhMzAAACUosz\r\n# qviV8znbAAAAAAJSMA0GCSqGSIb3DQEBCwUAMH4xCzAJBgNVBAYTAlVTMRMwEQYD\r\n# VQQIEwpXYXNoaW5ndG9uMRAwDgYDVQQHEwdSZWRtb25kMR4wHAYDVQQKExVNaWNy\r\n# b3NvZnQgQ29ycG9yYXRpb24xKDAmBgNVBAMTH01pY3Jvc29mdCBDb2RlIFNpZ25p\r\n# bmcgUENBIDIwMTEwHhcNMjEwOTAyMTgzMjU5WhcNMjIwOTAxMTgzMjU5WjB0MQsw\r\n# CQYDVQQGEwJVUzETMBEGA1UECBMKV2FzaGluZ3RvbjEQMA4GA1UEBxMHUmVkbW9u\r\n# ZDEeMBwGA1UEChMVTWljcm9zb2Z0IENvcnBvcmF0aW9uMR4wHAYDVQQDExVNaWNy\r\n# b3NvZnQgQ29ycG9yYXRpb24wggEiMA0GCSqGSIb3DQEBAQUAA4IBDwAwggEKAoIB\r\n# AQDQ5M\u002BPs/X7BNuv5B/0I6uoDwj0NJOo1KrVQqO7ggRXccklyTrWL4xMShjIou2I\r\n# sbYnF67wXzVAq5Om4oe\u002BLfzSDOzjcb6ms00gBo0OQaqwQ1BijyJ7NvDf80I1fW9O\r\n# L76Kt0Wpc2zrGhzcHdb7upPrvxvSNNUvxK3sgw7YTt31410vpEp8yfBEl/hd8ZzA\r\n# v47DCgJ5j1zm295s1RVZHNp6MoiQFVOECm4AwK2l28i\u002BYER1JO4IplTH44uvzX9o\r\n# RnJHaMvWzZEpozPy4jNO2DDqbcNs4zh7AWMhE1PWFVA\u002BCHI/En5nASvCvLmuR/t8\r\n# q4bc8XR8QIZJQSp\u002B2U6m2ldNAgMBAAGjggF\u002BMIIBejAfBgNVHSUEGDAWBgorBgEE\r\n# AYI3TAgBBggrBgEFBQcDAzAdBgNVHQ4EFgQUNZJaEUGL2Guwt7ZOAu4efEYXedEw\r\n# UAYDVR0RBEkwR6RFMEMxKTAnBgNVBAsTIE1pY3Jvc29mdCBPcGVyYXRpb25zIFB1\r\n# ZXJ0byBSaWNvMRYwFAYDVQQFEw0yMzAwMTIrNDY3NTk3MB8GA1UdIwQYMBaAFEhu\r\n# ZOVQBdOCqhc3NyK1bajKdQKVMFQGA1UdHwRNMEswSaBHoEWGQ2h0dHA6Ly93d3cu\r\n# bWljcm9zb2Z0LmNvbS9wa2lvcHMvY3JsL01pY0NvZFNpZ1BDQTIwMTFfMjAxMS0w\r\n# Ny0wOC5jcmwwYQYIKwYBBQUHAQEEVTBTMFEGCCsGAQUFBzAChkVodHRwOi8vd3d3\r\n# Lm1pY3Jvc29mdC5jb20vcGtpb3BzL2NlcnRzL01pY0NvZFNpZ1BDQTIwMTFfMjAx\r\n# MS0wNy0wOC5jcnQwDAYDVR0TAQH/BAIwADANBgkqhkiG9w0BAQsFAAOCAgEAFkk3\r\n# uSxkTEBh1NtAl7BivIEsAWdgX1qZ\u002BEdZMYbQKasY6IhSLXRMxF1B3OKdR9K/kccp\r\n# kvNcGl8D7YyYS4mhCUMBR\u002BVLrg3f8PUj38A9V5aiY2/Jok7WZFOAmjPRNNGnyeg7\r\n# l0lTiThFqE\u002B2aOs6\u002BheegqAdelGgNJKRHLWRuhGKuLIw5lkgx9Ky\u002BQvZrn/Ddi8u\r\n# TIgWKp\u002BMGG8xY6PBvvjgt9jQShlnPrZ3UY8Bvwy6rynhXBaV0V0TTL0gEx7eh/K1\r\n# o8Miaru6s/7FyqOLeUS4vTHh9TgBL5DtxCYurXbSBVtL1Fj44\u002BOd/6cmC9mmvrti\r\n# yG709Y3Rd3YdJj2f3GJq7Y7KdWq0QYhatKhBeg4fxjhg0yut2g6aM1mxjNPrE48z\r\n# 6HWCNGu9gMK5ZudldRw4a45Z06Aoktof0CqOyTErvq0YjoE4Xpa0\u002B87T/PVUXNqf\r\n# 7Y\u002BqSU7\u002B9LtLQuMYR4w3cSPjuNusvLf9gBnch5RqM7kaDtYWDgLyB42EfsxeMqwK\r\n# WwA\u002BTVi0HrWRqfSx2olbE56hJcEkMjOSKz3sRuupFCX3UroyYf52L\u002B2iVTrda8XW\r\n# esPG62Mnn3T8AuLfzeJFuAbfOSERx7IFZO92UPoXE1uEjL5skl1yTZB3MubgOA4F\r\n# 8KoRNhviFAEST\u002BnG8c8uIsbZeb08SeYQMqjVEmkwggd6MIIFYqADAgECAgphDpDS\r\n# AAAAAAADMA0GCSqGSIb3DQEBCwUAMIGIMQswCQYDVQQGEwJVUzETMBEGA1UECBMK\r\n# V2FzaGluZ3RvbjEQMA4GA1UEBxMHUmVkbW9uZDEeMBwGA1UEChMVTWljcm9zb2Z0\r\n# IENvcnBvcmF0aW9uMTIwMAYDVQQDEylNaWNyb3NvZnQgUm9vdCBDZXJ0aWZpY2F0\r\n# ZSBBdXRob3JpdHkgMjAxMTAeFw0xMTA3MDgyMDU5MDlaFw0yNjA3MDgyMTA5MDla\r\n# MH4xCzAJBgNVBAYTAlVTMRMwEQYDVQQIEwpXYXNoaW5ndG9uMRAwDgYDVQQHEwdS\r\n# ZWRtb25kMR4wHAYDVQQKExVNaWNyb3NvZnQgQ29ycG9yYXRpb24xKDAmBgNVBAMT\r\n# H01pY3Jvc29mdCBDb2RlIFNpZ25pbmcgUENBIDIwMTEwggIiMA0GCSqGSIb3DQEB\r\n# AQUAA4ICDwAwggIKAoICAQCr8PpyEBwurdhuqoIQTTS68rZYIZ9CGypr6VpQqrgG\r\n# OBoESbp/wwwe3TdrxhLYC/A4wpkGsMg51QEUMULTiQ15ZId\u002BlGAkbK\u002BeSZzpaF7S\r\n# 35tTsgosw6/ZqSuuegmv15ZZymAaBelmdugyUiYSL\u002BerCFDPs0S3XdjELgN1q2jz\r\n# y23zOlyhFvRGuuA4ZKxuZDV4pqBjDy3TQJP4494HDdVceaVJKecNvqATd76UPe/7\r\n# 4ytaEB9NViiienLgEjq3SV7Y7e1DkYPZe7J7hhvZPrGMXeiJT4Qa8qEvWeSQOy2u\r\n# M1jFtz7\u002BMtOzAz2xsq\u002BSOH7SnYAs9U5WkSE1JcM5bmR/U7qcD60ZI4TL9LoDho33\r\n# X/DQUr\u002BMlIe8wCF0JV8YKLbMJyg4JZg5SjbPfLGSrhwjp6lm7GEfauEoSZ1fiOIl\r\n# XdMhSz5SxLVXPyQD8NF6Wy/VI\u002BNwXQ9RRnez\u002BADhvKwCgl/bwBWzvRvUVUvnOaEP\r\n# 6SNJvBi4RHxF5MHDcnrgcuck379GmcXvwhxX24ON7E1JMKerjt/sW5\u002Bv/N2wZuLB\r\n# l4F77dbtS\u002BdJKacTKKanfWeA5opieF\u002ByL4TXV5xcv3coKPHtbcMojyyPQDdPweGF\r\n# RInECUzF1KVDL3SV9274eCBYLBNdYJWaPk8zhNqwiBfenk70lrC8RqBsmNLg1oiM\r\n# CwIDAQABo4IB7TCCAekwEAYJKwYBBAGCNxUBBAMCAQAwHQYDVR0OBBYEFEhuZOVQ\r\n# BdOCqhc3NyK1bajKdQKVMBkGCSsGAQQBgjcUAgQMHgoAUwB1AGIAQwBBMAsGA1Ud\r\n# DwQEAwIBhjAPBgNVHRMBAf8EBTADAQH/MB8GA1UdIwQYMBaAFHItOgIxkEO5FAVO\r\n# 4eqnxzHRI4k0MFoGA1UdHwRTMFEwT6BNoEuGSWh0dHA6Ly9jcmwubWljcm9zb2Z0\r\n# LmNvbS9wa2kvY3JsL3Byb2R1Y3RzL01pY1Jvb0NlckF1dDIwMTFfMjAxMV8wM18y\r\n# Mi5jcmwwXgYIKwYBBQUHAQEEUjBQME4GCCsGAQUFBzAChkJodHRwOi8vd3d3Lm1p\r\n# Y3Jvc29mdC5jb20vcGtpL2NlcnRzL01pY1Jvb0NlckF1dDIwMTFfMjAxMV8wM18y\r\n# Mi5jcnQwgZ8GA1UdIASBlzCBlDCBkQYJKwYBBAGCNy4DMIGDMD8GCCsGAQUFBwIB\r\n# FjNodHRwOi8vd3d3Lm1pY3Jvc29mdC5jb20vcGtpb3BzL2RvY3MvcHJpbWFyeWNw\r\n# cy5odG0wQAYIKwYBBQUHAgIwNB4yIB0ATABlAGcAYQBsAF8AcABvAGwAaQBjAHkA\r\n# XwBzAHQAYQB0AGUAbQBlAG4AdAAuIB0wDQYJKoZIhvcNAQELBQADggIBAGfyhqWY\r\n# 4FR5Gi7T2HRnIpsLlhHhY5KZQpZ90nkMkMFlXy4sPvjDctFtg/6\u002BP\u002BgKyju/R6mj\r\n# 82nbY78iNaWXXWWEkH2LRlBV2AySfNIaSxzzPEKLUtCw/WvjPgcuKZvmPRul1LUd\r\n# d5Q54ulkyUQ9eHoj8xN9ppB0g430yyYCRirCihC7pKkFDJvtaPpoLpWgKj8qa1hJ\r\n# Yx8JaW5amJbkg/TAj/NGK978O9C9Ne9uJa7lryft0N3zDq\u002BZKJeYTQ49C/IIidYf\r\n# wzIY4vDFLc5bnrRJOQrGCsLGra7lstnbFYhRRVg4MnEnGn\u002Bx9Cf43iw6IGmYslmJ\r\n# aG5vp7d0w0AFBqYBKig\u002Bgj8TTWYLwLNN9eGPfxxvFX1Fp3blQCplo8NdUmKGwx1j\r\n# NpeG39rz\u002BPIWoZon4c2ll9DuXWNB41sHnIc\u002BBncG0QaxdR8UvmFhtfDcxhsEvt9B\r\n# xw4o7t5lL\u002ByX9qFcltgA1qFGvVnzl6UJS0gQmYAf0AApxbGbpT9Fdx41xtKiop96\r\n# eiL6SJUfq/tHI4D1nvi/a7dLl\u002BLrdXga7Oo3mXkYS//WsyNodeav\u002BvyL6wuA6mk7\r\n# r/ww7QRMjt/fdW1jkT3RnVZOT7\u002BAVyKheBEyIXrvQQqxP/uozKRdwaGIm1dxVk5I\r\n# RcBCyZt2WwqASGv9eZ/BvW1taslScxMNelDNMYIZczCCGW8CAQEwgZUwfjELMAkG\r\n# A1UEBhMCVVMxEzARBgNVBAgTCldhc2hpbmd0b24xEDAOBgNVBAcTB1JlZG1vbmQx\r\n# HjAcBgNVBAoTFU1pY3Jvc29mdCBDb3Jwb3JhdGlvbjEoMCYGA1UEAxMfTWljcm9z\r\n# b2Z0IENvZGUgU2lnbmluZyBQQ0EgMjAxMQITMwAAAlKLM6r4lfM52wAAAAACUjAN\r\n# BglghkgBZQMEAgEFAKCBrjAZBgkqhkiG9w0BCQMxDAYKKwYBBAGCNwIBBDAcBgor\r\n# BgEEAYI3AgELMQ4wDAYKKwYBBAGCNwIBFTAvBgkqhkiG9w0BCQQxIgQgtFV7nVIA\r\n# MzAyvGRGFyVFPBXkTNlNDitxIkf6V1ugHIUwQgYKKwYBBAGCNwIBDDE0MDKgFIAS\r\n# AE0AaQBjAHIAbwBzAG8AZgB0oRqAGGh0dHA6Ly93d3cubWljcm9zb2Z0LmNvbTAN\r\n# BgkqhkiG9w0BAQEFAASCAQBBF7h/mnGfKvH7cy53p\u002Bm30bTViZnDWrI4X3he8oIP\r\n# g0tU1PpDXsQ0QEY78RlUTvYJwCegxjE2ASi\u002BSUB4UlYcRuAYSncvbWyTIdMawgea\r\n# 2XH91WZx\u002Bj6FmrLOliNGI\u002BD5HLmUqjNQddwQSaboG5H/n9dLM8lR3Q8wBcPk7GDM\r\n# x2D7hKJz0uUHhIL9JvZ5tLtTRP96ZK7HGx1a0ZfCD9M6bcbaNlkoq5z4wKSntIr9\r\n# BGvJF9bnofJE1OmCYOYRXJ462ek14gfKqzAHFQYLnX1\u002BeABPQ4H8dk/G22hhMUDM\r\n# beMBnjaAUEkq\u002B7ae9tBCSEYnBw\u002BqzuYMwfeJqUcP4YnsoYIW/TCCFvkGCisGAQQB\r\n# gjcDAwExghbpMIIW5QYJKoZIhvcNAQcCoIIW1jCCFtICAQMxDzANBglghkgBZQME\r\n# AgEFADCCAVEGCyqGSIb3DQEJEAEEoIIBQASCATwwggE4AgEBBgorBgEEAYRZCgMB\r\n# MDEwDQYJYIZIAWUDBAIBBQAEIHD8JfzhDrdEy3ggHyPkCYTNkOFBMyL5x0/ePpcw\r\n# \u002BNl/AgZiacNXhJUYEzIwMjIwNTEwMTkwMjA2LjI1NVowBIACAfSggdCkgc0wgcox\r\n# CzAJBgNVBAYTAlVTMRMwEQYDVQQIEwpXYXNoaW5ndG9uMRAwDgYDVQQHEwdSZWRt\r\n# b25kMR4wHAYDVQQKExVNaWNyb3NvZnQgQ29ycG9yYXRpb24xJTAjBgNVBAsTHE1p\r\n# Y3Jvc29mdCBBbWVyaWNhIE9wZXJhdGlvbnMxJjAkBgNVBAsTHVRoYWxlcyBUU1Mg\r\n# RVNOOkQ2QkQtRTNFNy0xNjg1MSUwIwYDVQQDExxNaWNyb3NvZnQgVGltZS1TdGFt\r\n# cCBTZXJ2aWNloIIRVDCCBwwwggT0oAMCAQICEzMAAAGe/cIt2DFatrEAAQAAAZ4w\r\n# DQYJKoZIhvcNAQELBQAwfDELMAkGA1UEBhMCVVMxEzARBgNVBAgTCldhc2hpbmd0\r\n# b24xEDAOBgNVBAcTB1JlZG1vbmQxHjAcBgNVBAoTFU1pY3Jvc29mdCBDb3Jwb3Jh\r\n# dGlvbjEmMCQGA1UEAxMdTWljcm9zb2Z0IFRpbWUtU3RhbXAgUENBIDIwMTAwHhcN\r\n# MjExMjAyMTkwNTIwWhcNMjMwMjI4MTkwNTIwWjCByjELMAkGA1UEBhMCVVMxEzAR\r\n# BgNVBAgTCldhc2hpbmd0b24xEDAOBgNVBAcTB1JlZG1vbmQxHjAcBgNVBAoTFU1p\r\n# Y3Jvc29mdCBDb3Jwb3JhdGlvbjElMCMGA1UECxMcTWljcm9zb2Z0IEFtZXJpY2Eg\r\n# T3BlcmF0aW9uczEmMCQGA1UECxMdVGhhbGVzIFRTUyBFU046RDZCRC1FM0U3LTE2\r\n# ODUxJTAjBgNVBAMTHE1pY3Jvc29mdCBUaW1lLVN0YW1wIFNlcnZpY2UwggIiMA0G\r\n# CSqGSIb3DQEBAQUAA4ICDwAwggIKAoICAQDu6VylSHXD8Da8XkVNIqDgwWpTrhL5\r\n# XXBaw2Zzerm2srxV\u002BNpL/Zv7pVASO/TDGhAEMcwZTxyajt8I4vZ4DnnF9TD4tP6E\r\n# E5Qx1LQQoZAjq55UH9qqpc1nwRJNBlQi\u002BWdAV7IiGjQBe8J\u002BWYV3yvDqlEYFC5VM\r\n# e8OsB7yOMpFrAIZq3DhPpTLJM1LRdNEVAtGFlLT5BbBw3FG6EgfQt6DifBYtsZqu\r\n# hPAaER9PIALFQxA138\u002BihNRZJMJUMhXYaAS6oLRN6pYZDDoXy4qqcGGeINsRBRZ9\r\n# 1TN6lQgad8Cna\u002BqH0tDQsQSJQfv74nJdgzkIpvz/DnvUFNZ9vqmh2OxNn82pX4nL\r\n# uzAZCP4\u002BzmFGYPAlo6ycnTc9Y8XNu8XVJYvno8uYYigRdRm2AYIfw04DYFhURE9h\r\n# kckKIhxjqERNRxA0ZeHTUHA5t6ZS3xTOJOWgeB5W3PRhuAQyhITjGaUQUAgSyXzD\r\n# zrOakNTVbjj7\u002BX8OGsFtR8OYPzBe7l31SLvudNOq8Sxh2VA\u002BWoGmdzhf\u002BW7JmIEG\r\n# Ato//9u8HUtnoNzJK/dwS2MYucnimlOrxKVrnq9jv1hpgmHPobWHnnLhAgXnH4Sj\r\n# abyPkF1CZd8I2DLC56I4weWpcrtp\u002BTdhpvwBFvWi6onTs1uSFg4UBAotOVJjdXNK\r\n# \u002B01JVZF7nxs1cQIDAQABo4IBNjCCATIwHQYDVR0OBBYEFGjTPoPRdY6XPtQkSTro\r\n# h9lkZbutMB8GA1UdIwQYMBaAFJ\u002BnFV0AXmJdg/Tl0mWnG1M1GelyMF8GA1UdHwRY\r\n# MFYwVKBSoFCGTmh0dHA6Ly93d3cubWljcm9zb2Z0LmNvbS9wa2lvcHMvY3JsL01p\r\n# Y3Jvc29mdCUyMFRpbWUtU3RhbXAlMjBQQ0ElMjAyMDEwKDEpLmNybDBsBggrBgEF\r\n# BQcBAQRgMF4wXAYIKwYBBQUHMAKGUGh0dHA6Ly93d3cubWljcm9zb2Z0LmNvbS9w\r\n# a2lvcHMvY2VydHMvTWljcm9zb2Z0JTIwVGltZS1TdGFtcCUyMFBDQSUyMDIwMTAo\r\n# MSkuY3J0MAwGA1UdEwEB/wQCMAAwEwYDVR0lBAwwCgYIKwYBBQUHAwgwDQYJKoZI\r\n# hvcNAQELBQADggIBAFS5VY6hmc8GH2D18v\u002BSTQA\u002BA\u002BgT1duE3yuNn1mH41TLquzV\r\n# NLW03AzAvuucYea1VaitRE5UYbIzxUsV9G8sTrXbdiczeVG66IpLullh4Ixqfn\u002Bx\r\n# zGbPOZWUT6wAtgXq3FfMGY9k73qo/IQ5shoToeMhBmHLWeg53\u002BtBcu8SzocSHJTi\r\n# eWcv5KmnAtoJra5SmDdZdFBCz0cP3IUq4kedN0Q2KhKrMDRAeD/CCza2DX8Bj9tR\r\n# ePycTnvfsScCc5VsxDNCannq8tVJ\u002BHQazRVK8ANW2UMDgV63i7SKGb3\u002BslKI/Y92\r\n# ouMrTFhai6h4rCojzSsQtJQTCcnI0QTDoextzmaLsmtKu3jF2Ayh8gFed\u002BKRDiDh\r\n# tNcyZoJm\u002BfmqaKhTIi9guPoed7wvn5zde93Zr6RXBTtXL0dlR0FMw/wPQVJjLVEa\r\n# EnYWnKZH9lU8XZJV\u002BxOmWFBFZkd\u002BRnVOW3ZW5eBGsLeuzDCAamruyotw4PD36T6e\r\n# YGJv5YvrX1iRYADrxXCUYidrZJY2s0IVZFicqGgp5FtYYnAMpE7tyuIj2o4y\u002Bol1\r\n# by3lQV6Ob0P4RnK6gnuECWBfmWSjevOfr\u002B02mkseW8oREHAm9y9XfcdUcQ57vbba\r\n# u8\u002BAQia8wGQcNXpxAnoLDwJ\u002BRAycDlpe3e2Yha9nXuYzcVMk92r/bKI0fyGOMIIH\r\n# cTCCBVmgAwIBAgITMwAAABXF52ueAptJmQAAAAAAFTANBgkqhkiG9w0BAQsFADCB\r\n# iDELMAkGA1UEBhMCVVMxEzARBgNVBAgTCldhc2hpbmd0b24xEDAOBgNVBAcTB1Jl\r\n# ZG1vbmQxHjAcBgNVBAoTFU1pY3Jvc29mdCBDb3Jwb3JhdGlvbjEyMDAGA1UEAxMp\r\n# TWljcm9zb2Z0IFJvb3QgQ2VydGlmaWNhdGUgQXV0aG9yaXR5IDIwMTAwHhcNMjEw\r\n# OTMwMTgyMjI1WhcNMzAwOTMwMTgzMjI1WjB8MQswCQYDVQQGEwJVUzETMBEGA1UE\r\n# CBMKV2FzaGluZ3RvbjEQMA4GA1UEBxMHUmVkbW9uZDEeMBwGA1UEChMVTWljcm9z\r\n# b2Z0IENvcnBvcmF0aW9uMSYwJAYDVQQDEx1NaWNyb3NvZnQgVGltZS1TdGFtcCBQ\r\n# Q0EgMjAxMDCCAiIwDQYJKoZIhvcNAQEBBQADggIPADCCAgoCggIBAOThpkzntHIh\r\n# C3miy9ckeb0O1YLT/e6cBwfSqWxOdcjKNVf2AX9sSuDivbk\u002BF2Az/1xPx2b3lVNx\r\n# WuJ\u002BSlr\u002BuDZnhUYjDLWNE893MsAQGOhgfWpSg0S3po5GawcU88V29YZQ3MFEyHFc\r\n# UTE3oAo4bo3t1w/YJlN8OWECesSq/XJprx2rrPY2vjUmZNqYO7oaezOtgFt\u002BjBAc\r\n# nVL\u002BtuhiJdxqD89d9P6OU8/W7IVWTe/dvI2k45GPsjksUZzpcGkNyjYtcI4xyDUo\r\n# veO0hyTD4MmPfrVUj9z6BVWYbWg7mka97aSueik3rMvrg0XnRm7KMtXAhjBcTyzi\r\n# YrLNueKNiOSWrAFKu75xqRdbZ2De\u002BJKRHh09/SDPc31BmkZ1zcRfNN0Sidb9pSB9\r\n# fvzZnkXftnIv231fgLrbqn427DZM9ituqBJR6L8FA6PRc6ZNN3SUHDSCD/AQ8rdH\r\n# GO2n6Jl8P0zbr17C89XYcz1DTsEzOUyOArxCaC4Q6oRRRuLRvWoYWmEBc8pnol7X\r\n# KHYC4jMYctenIPDC\u002BhIK12NvDMk2ZItboKaDIV1fMHSRlJTYuVD5C4lh8zYGNRiE\r\n# R9vcG9H9stQcxWv2XFJRXRLbJbqvUAV6bMURHXLvjflSxIUXk8A8FdsaN8cIFRg/\r\n# eKtFtvUeh17aj54WcmnGrnu3tz5q4i6tAgMBAAGjggHdMIIB2TASBgkrBgEEAYI3\r\n# FQEEBQIDAQABMCMGCSsGAQQBgjcVAgQWBBQqp1L\u002BZMSavoKRPEY1Kc8Q/y8E7jAd\r\n# BgNVHQ4EFgQUn6cVXQBeYl2D9OXSZacbUzUZ6XIwXAYDVR0gBFUwUzBRBgwrBgEE\r\n# AYI3TIN9AQEwQTA/BggrBgEFBQcCARYzaHR0cDovL3d3dy5taWNyb3NvZnQuY29t\r\n# L3BraW9wcy9Eb2NzL1JlcG9zaXRvcnkuaHRtMBMGA1UdJQQMMAoGCCsGAQUFBwMI\r\n# MBkGCSsGAQQBgjcUAgQMHgoAUwB1AGIAQwBBMAsGA1UdDwQEAwIBhjAPBgNVHRMB\r\n# Af8EBTADAQH/MB8GA1UdIwQYMBaAFNX2VsuP6KJcYmjRPZSQW9fOmhjEMFYGA1Ud\r\n# HwRPME0wS6BJoEeGRWh0dHA6Ly9jcmwubWljcm9zb2Z0LmNvbS9wa2kvY3JsL3By\r\n# b2R1Y3RzL01pY1Jvb0NlckF1dF8yMDEwLTA2LTIzLmNybDBaBggrBgEFBQcBAQRO\r\n# MEwwSgYIKwYBBQUHMAKGPmh0dHA6Ly93d3cubWljcm9zb2Z0LmNvbS9wa2kvY2Vy\r\n# dHMvTWljUm9vQ2VyQXV0XzIwMTAtMDYtMjMuY3J0MA0GCSqGSIb3DQEBCwUAA4IC\r\n# AQCdVX38Kq3hLB9nATEkW\u002BGeckv8qW/qXBS2Pk5HZHixBpOXPTEztTnXwnE2P9pk\r\n# bHzQdTltuw8x5MKP\u002B2zRoZQYIu7pZmc6U03dmLq2HnjYNi6cqYJWAAOwBb6J6Gng\r\n# ugnue99qb74py27YP0h1AdkY3m2CDPVtI1TkeFN1JFe53Z/zjj3G82jfZfakVqr3\r\n# lbYoVSfQJL1AoL8ZthISEV09J\u002BBAljis9/kpicO8F7BUhUKz/AyeixmJ5/ALaoHC\r\n# gRlCGVJ1ijbCHcNhcy4sa3tuPywJeBTpkbKpW99Jo3QMvOyRgNI95ko\u002BZjtPu4b6\r\n# MhrZlvSP9pEB9s7GdP32THJvEKt1MMU0sHrYUP4KWN1APMdUbZ1jdEgssU5HLcEU\r\n# BHG/ZPkkvnNtyo4JvbMBV0lUZNlz138eW0QBjloZkWsNn6Qo3GcZKCS6OEuabvsh\r\n# VGtqRRFHqfG3rsjoiV5PndLQTHa1V1QJsWkBRH58oWFsc/4Ku\u002BxBZj1p/cvBQUl\u002B\r\n# fpO\u002By/g75LcVv7TOPqUxUYS8vwLBgqJ7Fx0ViY1w/ue10CgaiQuPNtq6TPmb/wrp\r\n# NPgkNWcr4A245oyZ1uEi6vAnQj0llOZ0dFtq0Z4\u002B7X6gMTN9vMvpe784cETRkPHI\r\n# qzqKOghif9lwY1NNje6CbaUFEMFxBmoQtB1VM1izoXBm8qGCAsswggI0AgEBMIH4\r\n# oYHQpIHNMIHKMQswCQYDVQQGEwJVUzETMBEGA1UECBMKV2FzaGluZ3RvbjEQMA4G\r\n# A1UEBxMHUmVkbW9uZDEeMBwGA1UEChMVTWljcm9zb2Z0IENvcnBvcmF0aW9uMSUw\r\n# IwYDVQQLExxNaWNyb3NvZnQgQW1lcmljYSBPcGVyYXRpb25zMSYwJAYDVQQLEx1U\r\n# aGFsZXMgVFNTIEVTTjpENkJELUUzRTctMTY4NTElMCMGA1UEAxMcTWljcm9zb2Z0\r\n# IFRpbWUtU3RhbXAgU2VydmljZaIjCgEBMAcGBSsOAwIaAxUAAhXCOZBbDxA/B5Te\r\n# i6Rf80L9GheggYMwgYCkfjB8MQswCQYDVQQGEwJVUzETMBEGA1UECBMKV2FzaGlu\r\n# Z3RvbjEQMA4GA1UEBxMHUmVkbW9uZDEeMBwGA1UEChMVTWljcm9zb2Z0IENvcnBv\r\n# cmF0aW9uMSYwJAYDVQQDEx1NaWNyb3NvZnQgVGltZS1TdGFtcCBQQ0EgMjAxMDAN\r\n# BgkqhkiG9w0BAQUFAAIFAOYkvAYwIhgPMjAyMjA1MTAxODI1MTBaGA8yMDIyMDUx\r\n# MTE4MjUxMFowdDA6BgorBgEEAYRZCgQBMSwwKjAKAgUA5iS8BgIBADAHAgEAAgIT\r\n# YDAHAgEAAgISijAKAgUA5iYNhgIBADA2BgorBgEEAYRZCgQCMSgwJjAMBgorBgEE\r\n# AYRZCgMCoAowCAIBAAIDB6EgoQowCAIBAAIDAYagMA0GCSqGSIb3DQEBBQUAA4GB\r\n# AF0vMOMYp5LbPfwCFPsgnNF1Jglu21LQrRh13PO2z6/tVooVafN6alEyNtejmhDt\r\n# 1aOTFuhxs9enNC209jScWVyFbcwV\u002BgP0lr/Hl/\u002BcLSK7uieUVLMOColCIOweDwhO\r\n# Vb0jN9OYrP8PbEtV\u002BzuX2nN5dUveK/pdB7aJKeZFDZWSMYIEDTCCBAkCAQEwgZMw\r\n# fDELMAkGA1UEBhMCVVMxEzARBgNVBAgTCldhc2hpbmd0b24xEDAOBgNVBAcTB1Jl\r\n# ZG1vbmQxHjAcBgNVBAoTFU1pY3Jvc29mdCBDb3Jwb3JhdGlvbjEmMCQGA1UEAxMd\r\n# TWljcm9zb2Z0IFRpbWUtU3RhbXAgUENBIDIwMTACEzMAAAGe/cIt2DFatrEAAQAA\r\n# AZ4wDQYJYIZIAWUDBAIBBQCgggFKMBoGCSqGSIb3DQEJAzENBgsqhkiG9w0BCRAB\r\n# BDAvBgkqhkiG9w0BCQQxIgQgB1XZwPcMt9TIXSm5s1UzuvbNBWh5A11GVQDnQZmW\r\n# fOQwgfoGCyqGSIb3DQEJEAIvMYHqMIHnMIHkMIG9BCAOxVYyIv5cj0\u002BpZkJurJ\u002By\r\n# Crq0Re5XgrkfStUO/W88GTCBmDCBgKR\u002BMHwxCzAJBgNVBAYTAlVTMRMwEQYDVQQI\r\n# EwpXYXNoaW5ndG9uMRAwDgYDVQQHEwdSZWRtb25kMR4wHAYDVQQKExVNaWNyb3Nv\r\n# ZnQgQ29ycG9yYXRpb24xJjAkBgNVBAMTHU1pY3Jvc29mdCBUaW1lLVN0YW1wIFBD\r\n# QSAyMDEwAhMzAAABnv3CLdgxWraxAAEAAAGeMCIEIPQpTt5DmAfnmB/Froib4rSM\r\n# SL9uQ3S7O08GjuFMlaftMA0GCSqGSIb3DQEBCwUABIICAKzNe4d6iAs1fQnbiY3p\r\n# 1AxUuaGDxXl6c9Th3wPZJnbKo/yfwUeqYLoOiTA7Q07yTc754ZwjVGhtGSgEyn68\r\n# FsyYGFGI\u002BjiSFto7hsE/4RgEiGmJbMHMoH0EsJ5Ji4yOVkSdwO0mZxYkZr8SObZy\r\n# 67v/22ajtG4DFUnDLeG5LUCanDodp54nbj2\u002BlOBp6QkVMtdlDBK\u002B6iJmea/okijA\r\n# 1G05ld2HW2g3wGPrqmOvTPHlLFVoFsPGxZXZ4Tc2wOaid7fWlTmRdMfE\u002B8ilA6Ug\r\n# C5IVnFa8LAkWxihBaWZVKhpg5kI/2SoFkQEBieH0Z/aYp90ga03UFgHZwxD57K1W\r\n# \u002B7XfKng6JKOacupdIHtkQMAez6Ul07JRynRKWdHAywOH7lTGxSzz1ERSdj7qFEu9\r\n# 4MCkbnZ1RGC6eI4L0vnquw12hKgJnT\u002BEF2tx2GKkpG39DMOuq6zn06LTIqRMY0Fg\r\n# 4mpB37s4UG6IJI1mBFNfodUaFldg5yKlNSK\u002B9\u002BKj112sZ1UsktM6m5XOkuPCZndo\r\n# l3XqrCqTma3d3835cbATPEY0y/pxojbjjFTeSo/HdwoyAtjy/P05qD0Nv2/x/Jjn\r\n# vAyQA0D6SRZ3kpSiUBkq4NZzj7FilPcr8GpmO0nEnm3bpognvC1cc1DLGvWt1h0l\r\n# T/1ebypqnfjppmvTsElYO7Wh\r\n# SIG # End signature block\r\n"
        ],
        "parameters": [
          {
            "name": "arg1",
            "type": "string",
            "required": false
          },
          {
            "name": "arg2",
            "type": "string",
            "required": false
          }
        ],
        "$schema": "http://schema.management.azure.com/schemas/2016-11-17/runcommands.json",
        "id": "RunPowerShellScript",
        "osType": "Windows",
        "label": "Executes a PowerShell script",
        "description": "Custom multiline PowerShell script should be defined in script property. Optional parameters can be set in parameters property."
      }
    },
    {
      "RequestUri": "https://management.azure.com/subscriptions/00000000-0000-0000-0000-000000000000/resourceGroups/rgname/providers/Microsoft.Compute/virtualMachines/virtualmachinexeb772750/extensions?api-version=2022-03-01",
      "RequestMethod": "GET",
      "RequestHeaders": {
        "Accept": "application/json",
        "Accept-Encoding": "gzip, deflate",
        "Connection": "keep-alive",
        "User-Agent": "azsdk-python-azure-mgmt-compute/27.1.0 Python/3.8.12 (Linux-5.13.0-1023-azure-x86_64-with-glibc2.2.5) VSTS_0fb41ef4-5012-48a9-bf39-4ee3de03ee35_build_2500_0"
      },
      "RequestBody": null,
      "StatusCode": 200,
      "ResponseHeaders": {
        "Cache-Control": "no-cache",
        "Content-Encoding": "gzip",
        "Content-Type": "application/json; charset=utf-8",
        "Date": "Tue, 31 May 2022 10:27:07 GMT",
        "Expires": "-1",
        "Pragma": "no-cache",
        "Server": [
          "Microsoft-HTTPAPI/2.0",
          "Microsoft-HTTPAPI/2.0"
        ],
        "Strict-Transport-Security": "max-age=31536000; includeSubDomains",
        "Transfer-Encoding": "chunked",
        "Vary": "Accept-Encoding",
        "X-Content-Type-Options": "nosniff",
        "x-ms-correlation-request-id": "8cd97cf4-9d19-40dc-9be0-5a1991165d67",
        "x-ms-ratelimit-remaining-resource": "Microsoft.Compute/LowCostGet3Min;3990,Microsoft.Compute/LowCostGet30Min;31988",
        "x-ms-ratelimit-remaining-subscription-reads": "11976",
        "x-ms-routing-request-id": "WESTUS:20220531T102708Z:8cd97cf4-9d19-40dc-9be0-5a1991165d67"
      },
      "ResponseBody": {
        "value": [
          {
            "name": "virtualmachineextensionxeb772750",
            "id": "/subscriptions/00000000-0000-0000-0000-000000000000/resourceGroups/rgname/providers/Microsoft.Compute/virtualMachines/virtualmachinexeb772750/extensions/virtualmachineextensionxeb772750",
            "type": "Microsoft.Compute/virtualMachines/extensions",
            "location": "eastus",
            "properties": {
              "autoUpgradeMinorVersion": true,
              "provisioningState": "Succeeded",
              "publisher": "Microsoft.Azure.NetworkWatcher",
              "type": "NetworkWatcherAgentWindows",
              "typeHandlerVersion": "1.4"
            }
          }
        ]
      }
    },
    {
      "RequestUri": "https://management.azure.com/subscriptions/00000000-0000-0000-0000-000000000000/resourceGroups/rgname/providers/Microsoft.Compute/virtualMachines/virtualmachinexeb772750?api-version=2022-03-01",
      "RequestMethod": "GET",
      "RequestHeaders": {
        "Accept": "application/json",
        "Accept-Encoding": "gzip, deflate",
        "Connection": "keep-alive",
        "User-Agent": "azsdk-python-azure-mgmt-compute/27.1.0 Python/3.8.12 (Linux-5.13.0-1023-azure-x86_64-with-glibc2.2.5) VSTS_0fb41ef4-5012-48a9-bf39-4ee3de03ee35_build_2500_0"
      },
      "RequestBody": null,
      "StatusCode": 200,
      "ResponseHeaders": {
        "Cache-Control": "no-cache",
        "Content-Encoding": "gzip",
        "Content-Type": "application/json; charset=utf-8",
        "Date": "Tue, 31 May 2022 10:27:07 GMT",
        "Expires": "-1",
        "Pragma": "no-cache",
        "Server": [
          "Microsoft-HTTPAPI/2.0",
          "Microsoft-HTTPAPI/2.0"
        ],
        "Strict-Transport-Security": "max-age=31536000; includeSubDomains",
        "Transfer-Encoding": "chunked",
        "Vary": "Accept-Encoding",
        "X-Content-Type-Options": "nosniff",
        "x-ms-correlation-request-id": "eee70c85-5c2c-4dc8-bf8b-af48a4ac3a9f",
        "x-ms-ratelimit-remaining-resource": "Microsoft.Compute/LowCostGet3Min;3989,Microsoft.Compute/LowCostGet30Min;31987",
        "x-ms-ratelimit-remaining-subscription-reads": "11975",
        "x-ms-routing-request-id": "WESTUS:20220531T102708Z:eee70c85-5c2c-4dc8-bf8b-af48a4ac3a9f"
      },
      "ResponseBody": {
        "name": "virtualmachinexeb772750",
        "id": "/subscriptions/00000000-0000-0000-0000-000000000000/resourceGroups/rgname/providers/Microsoft.Compute/virtualMachines/virtualmachinexeb772750",
        "type": "Microsoft.Compute/virtualMachines",
        "location": "eastus",
        "properties": {
          "vmId": "3b8fab22-cc6a-443d-aae6-7a33ec0e8e96",
          "hardwareProfile": {
            "vmSize": "Standard_D2_v2"
          },
          "storageProfile": {
            "imageReference": {
              "publisher": "MicrosoftWindowsServer",
              "offer": "WindowsServer",
              "sku": "2016-Datacenter",
              "version": "latest",
              "exactVersion": "14393.5125.220505"
            },
            "osDisk": {
              "osType": "Windows",
              "name": "myVMosdisk",
              "createOption": "FromImage",
              "caching": "ReadWrite",
              "managedDisk": {
                "storageAccountType": "Standard_LRS",
                "id": "/subscriptions/00000000-0000-0000-0000-000000000000/resourceGroups/rgname/providers/Microsoft.Compute/disks/myVMosdisk"
              },
              "deleteOption": "Detach",
              "diskSizeGB": 127
            },
            "dataDisks": [
              {
                "lun": 0,
                "name": "virtualmachinexeb772750_disk2_0d86769d181c4521b980f878926528c2",
                "createOption": "Empty",
                "caching": "None",
                "managedDisk": {
                  "storageAccountType": "Standard_LRS",
                  "id": "/subscriptions/00000000-0000-0000-0000-000000000000/resourceGroups/rgname/providers/Microsoft.Compute/disks/virtualmachinexeb772750_disk2_0d86769d181c4521b980f878926528c2"
                },
                "deleteOption": "Detach",
                "diskSizeGB": 1023,
                "toBeDetached": false
              },
              {
                "lun": 1,
                "name": "virtualmachinexeb772750_disk3_15c148fb457b49cfae0b899df7b1f715",
                "createOption": "Empty",
                "caching": "None",
                "managedDisk": {
                  "storageAccountType": "Standard_LRS",
                  "id": "/subscriptions/00000000-0000-0000-0000-000000000000/resourceGroups/rgname/providers/Microsoft.Compute/disks/virtualmachinexeb772750_disk3_15c148fb457b49cfae0b899df7b1f715"
                },
                "deleteOption": "Detach",
                "diskSizeGB": 1023,
                "toBeDetached": false
              }
            ]
          },
          "osProfile": {
            "computerName": "myVM",
            "adminUsername": "testuser",
            "windowsConfiguration": {
              "provisionVMAgent": true,
              "enableAutomaticUpdates": true,
              "patchSettings": {
                "patchMode": "AutomaticByOS",
                "assessmentMode": "ImageDefault"
              },
              "enableVMAgentPlatformUpdates": false
            },
            "secrets": [],
            "allowExtensionOperations": true,
            "requireGuestProvisionSignal": true
          },
          "networkProfile": {
            "networkInterfaces": [
              {
                "id": "/subscriptions/00000000-0000-0000-0000-000000000000/resourceGroups/rgname/providers/Microsoft.Network/networkInterfaces/interfacexeb772750",
                "properties": {
                  "primary": true
                }
              }
            ]
          },
          "provisioningState": "Succeeded",
          "timeCreated": "2022-05-31T10:23:34.6460222\u002B00:00"
        },
        "resources": [
          {
            "name": "virtualmachineextensionxeb772750",
            "id": "/subscriptions/00000000-0000-0000-0000-000000000000/resourceGroups/rgname/providers/Microsoft.Compute/virtualMachines/virtualmachinexeb772750/extensions/virtualmachineextensionxeb772750",
            "type": "Microsoft.Compute/virtualMachines/extensions",
            "location": "eastus",
            "properties": {
              "autoUpgradeMinorVersion": true,
              "provisioningState": "Succeeded",
              "publisher": "Microsoft.Azure.NetworkWatcher",
              "type": "NetworkWatcherAgentWindows",
              "typeHandlerVersion": "1.4"
            }
          }
        ]
      }
    },
    {
      "RequestUri": "https://management.azure.com/subscriptions/00000000-0000-0000-0000-000000000000/resourceGroups/rgname/providers/Microsoft.Compute/virtualMachines/virtualmachinexeb772750/runCommand?api-version=2022-03-01",
      "RequestMethod": "POST",
      "RequestHeaders": {
        "Accept": "application/json, text/json",
        "Accept-Encoding": "gzip, deflate",
        "Connection": "keep-alive",
        "Content-Length": "36",
        "Content-Type": "application/json",
        "User-Agent": "azsdk-python-azure-mgmt-compute/27.1.0 Python/3.8.12 (Linux-5.13.0-1023-azure-x86_64-with-glibc2.2.5) VSTS_0fb41ef4-5012-48a9-bf39-4ee3de03ee35_build_2500_0"
      },
      "RequestBody": {
        "commandId": "RunPowerShellScript"
      },
      "StatusCode": 202,
      "ResponseHeaders": {
        "Azure-AsyncOperation": "https://management.azure.com/subscriptions/00000000-0000-0000-0000-000000000000/providers/Microsoft.Compute/locations/eastus/operations/0cbd20ba-3be4-4f2a-8db4-1190e78a8087?p=54253b73-cb53-496f-ab42-5e5ee19426f8\u0026api-version=2022-03-01",
        "Cache-Control": "no-cache",
        "Content-Length": "0",
        "Date": "Tue, 31 May 2022 10:27:07 GMT",
        "Expires": "-1",
        "Location": "https://management.azure.com/subscriptions/00000000-0000-0000-0000-000000000000/providers/Microsoft.Compute/locations/eastus/operations/0cbd20ba-3be4-4f2a-8db4-1190e78a8087?p=54253b73-cb53-496f-ab42-5e5ee19426f8\u0026monitor=true\u0026api-version=2022-03-01",
        "Pragma": "no-cache",
        "Server": [
          "Microsoft-HTTPAPI/2.0",
          "Microsoft-HTTPAPI/2.0"
        ],
        "Strict-Transport-Security": "max-age=31536000; includeSubDomains",
        "X-Content-Type-Options": "nosniff",
        "x-ms-correlation-request-id": "ec89fb43-165c-4101-b3cc-1f77cb9b6165",
        "x-ms-ratelimit-remaining-resource": "Microsoft.Compute/UpdateVM3Min;238,Microsoft.Compute/UpdateVM30Min;1198",
        "x-ms-ratelimit-remaining-subscription-writes": "1199",
        "x-ms-routing-request-id": "WESTUS:20220531T102708Z:ec89fb43-165c-4101-b3cc-1f77cb9b6165"
      },
      "ResponseBody": null
    },
    {
      "RequestUri": "https://management.azure.com/subscriptions/00000000-0000-0000-0000-000000000000/providers/Microsoft.Compute/locations/eastus/operations/0cbd20ba-3be4-4f2a-8db4-1190e78a8087?p=54253b73-cb53-496f-ab42-5e5ee19426f8\u0026api-version=2022-03-01",
      "RequestMethod": "GET",
      "RequestHeaders": {
        "Accept": "*/*",
        "Accept-Encoding": "gzip, deflate",
        "Connection": "keep-alive",
        "User-Agent": "azsdk-python-azure-mgmt-compute/27.1.0 Python/3.8.12 (Linux-5.13.0-1023-azure-x86_64-with-glibc2.2.5) VSTS_0fb41ef4-5012-48a9-bf39-4ee3de03ee35_build_2500_0"
      },
      "RequestBody": null,
      "StatusCode": 200,
      "ResponseHeaders": {
        "Cache-Control": "no-cache",
        "Content-Encoding": "gzip",
        "Content-Type": "application/json; charset=utf-8",
        "Date": "Tue, 31 May 2022 10:27:38 GMT",
        "Expires": "-1",
        "Pragma": "no-cache",
        "Server": [
          "Microsoft-HTTPAPI/2.0",
          "Microsoft-HTTPAPI/2.0"
        ],
        "Strict-Transport-Security": "max-age=31536000; includeSubDomains",
        "Transfer-Encoding": "chunked",
        "Vary": "Accept-Encoding",
        "X-Content-Type-Options": "nosniff",
        "x-ms-correlation-request-id": "3608acbe-5692-49bf-9cb1-39d97ab550e5",
        "x-ms-ratelimit-remaining-resource": "Microsoft.Compute/GetOperation3Min;14991,Microsoft.Compute/GetOperation30Min;29983",
        "x-ms-ratelimit-remaining-subscription-reads": "11974",
        "x-ms-routing-request-id": "WESTUS:20220531T102738Z:3608acbe-5692-49bf-9cb1-39d97ab550e5"
      },
      "ResponseBody": {
        "startTime": "2022-05-31T10:27:08.2564593\u002B00:00",
        "status": "InProgress",
        "name": "0cbd20ba-3be4-4f2a-8db4-1190e78a8087"
      }
    },
    {
      "RequestUri": "https://management.azure.com/subscriptions/00000000-0000-0000-0000-000000000000/providers/Microsoft.Compute/locations/eastus/operations/0cbd20ba-3be4-4f2a-8db4-1190e78a8087?p=54253b73-cb53-496f-ab42-5e5ee19426f8\u0026api-version=2022-03-01",
      "RequestMethod": "GET",
      "RequestHeaders": {
        "Accept": "*/*",
        "Accept-Encoding": "gzip, deflate",
        "Connection": "keep-alive",
        "User-Agent": "azsdk-python-azure-mgmt-compute/27.1.0 Python/3.8.12 (Linux-5.13.0-1023-azure-x86_64-with-glibc2.2.5) VSTS_0fb41ef4-5012-48a9-bf39-4ee3de03ee35_build_2500_0"
      },
      "RequestBody": null,
      "StatusCode": 200,
      "ResponseHeaders": {
        "Cache-Control": "no-cache",
        "Content-Encoding": "gzip",
        "Content-Type": "application/json; charset=utf-8",
        "Date": "Tue, 31 May 2022 10:28:08 GMT",
        "Expires": "-1",
        "Pragma": "no-cache",
        "Server": [
          "Microsoft-HTTPAPI/2.0",
          "Microsoft-HTTPAPI/2.0"
        ],
        "Strict-Transport-Security": "max-age=31536000; includeSubDomains",
        "Transfer-Encoding": "chunked",
        "Vary": "Accept-Encoding",
        "X-Content-Type-Options": "nosniff",
        "x-ms-correlation-request-id": "8388caa7-5f75-405c-b8fc-c28826e25d78",
        "x-ms-ratelimit-remaining-resource": "Microsoft.Compute/GetOperation3Min;14990,Microsoft.Compute/GetOperation30Min;29981",
        "x-ms-ratelimit-remaining-subscription-reads": "11973",
        "x-ms-routing-request-id": "WESTUS:20220531T102808Z:8388caa7-5f75-405c-b8fc-c28826e25d78"
      },
      "ResponseBody": {
        "startTime": "2022-05-31T10:27:08.2564593\u002B00:00",
        "endTime": "2022-05-31T10:27:38.616063\u002B00:00",
        "status": "Succeeded",
        "properties": {
          "output": {
            "value": [
              {
                "code": "ComponentStatus/StdOut/succeeded",
                "level": "Info",
                "displayStatus": "Provisioning succeeded",
                "message": "This is a sample script with parameters  "
              },
              {
                "code": "ComponentStatus/StdErr/succeeded",
                "level": "Info",
                "displayStatus": "Provisioning succeeded",
                "message": ""
              }
            ]
          }
        },
        "name": "0cbd20ba-3be4-4f2a-8db4-1190e78a8087"
      }
    },
    {
      "RequestUri": "https://management.azure.com/subscriptions/00000000-0000-0000-0000-000000000000/providers/Microsoft.Compute/locations/eastus/operations/0cbd20ba-3be4-4f2a-8db4-1190e78a8087?p=54253b73-cb53-496f-ab42-5e5ee19426f8\u0026monitor=true\u0026api-version=2022-03-01",
      "RequestMethod": "GET",
      "RequestHeaders": {
        "Accept": "*/*",
        "Accept-Encoding": "gzip, deflate",
        "Connection": "keep-alive",
        "User-Agent": "azsdk-python-azure-mgmt-compute/27.1.0 Python/3.8.12 (Linux-5.13.0-1023-azure-x86_64-with-glibc2.2.5) VSTS_0fb41ef4-5012-48a9-bf39-4ee3de03ee35_build_2500_0"
      },
      "RequestBody": null,
      "StatusCode": 200,
      "ResponseHeaders": {
        "Cache-Control": "no-cache",
        "Content-Encoding": "gzip",
        "Content-Type": "application/json; charset=utf-8",
        "Date": "Tue, 31 May 2022 10:28:08 GMT",
        "Expires": "-1",
        "Pragma": "no-cache",
        "Server": [
          "Microsoft-HTTPAPI/2.0",
          "Microsoft-HTTPAPI/2.0"
        ],
        "Strict-Transport-Security": "max-age=31536000; includeSubDomains",
        "Transfer-Encoding": "chunked",
        "Vary": "Accept-Encoding",
        "X-Content-Type-Options": "nosniff",
        "x-ms-correlation-request-id": "9b052763-9a43-4a2a-9bf3-815adf1f5172",
        "x-ms-ratelimit-remaining-resource": "Microsoft.Compute/GetOperation3Min;14989,Microsoft.Compute/GetOperation30Min;29980",
        "x-ms-ratelimit-remaining-subscription-reads": "11972",
        "x-ms-routing-request-id": "WESTUS:20220531T102808Z:9b052763-9a43-4a2a-9bf3-815adf1f5172"
      },
      "ResponseBody": {
        "value": [
          {
            "code": "ComponentStatus/StdOut/succeeded",
            "level": "Info",
            "displayStatus": "Provisioning succeeded",
            "message": "This is a sample script with parameters  "
          },
          {
            "code": "ComponentStatus/StdErr/succeeded",
            "level": "Info",
            "displayStatus": "Provisioning succeeded",
            "message": ""
          }
        ]
      }
    },
    {
      "RequestUri": "https://management.azure.com/subscriptions/00000000-0000-0000-0000-000000000000/resourceGroups/rgname/providers/Microsoft.Compute/virtualMachines/virtualmachinexeb772750/restart?api-version=2022-03-01",
      "RequestMethod": "POST",
      "RequestHeaders": {
        "Accept": "application/json",
        "Accept-Encoding": "gzip, deflate",
        "Connection": "keep-alive",
        "Content-Length": "0",
        "User-Agent": "azsdk-python-azure-mgmt-compute/27.1.0 Python/3.8.12 (Linux-5.13.0-1023-azure-x86_64-with-glibc2.2.5) VSTS_0fb41ef4-5012-48a9-bf39-4ee3de03ee35_build_2500_0"
      },
      "RequestBody": null,
      "StatusCode": 202,
      "ResponseHeaders": {
        "Azure-AsyncOperation": "https://management.azure.com/subscriptions/00000000-0000-0000-0000-000000000000/providers/Microsoft.Compute/locations/eastus/operations/87452f15-d228-461b-8801-772be2a04e6a?p=54253b73-cb53-496f-ab42-5e5ee19426f8\u0026api-version=2022-03-01",
        "Cache-Control": "no-cache",
        "Content-Length": "0",
        "Date": "Tue, 31 May 2022 10:28:08 GMT",
        "Expires": "-1",
        "Location": "https://management.azure.com/subscriptions/00000000-0000-0000-0000-000000000000/providers/Microsoft.Compute/locations/eastus/operations/87452f15-d228-461b-8801-772be2a04e6a?p=54253b73-cb53-496f-ab42-5e5ee19426f8\u0026monitor=true\u0026api-version=2022-03-01",
        "Pragma": "no-cache",
        "Server": [
          "Microsoft-HTTPAPI/2.0",
          "Microsoft-HTTPAPI/2.0"
        ],
        "Strict-Transport-Security": "max-age=31536000; includeSubDomains",
        "X-Content-Type-Options": "nosniff",
        "x-ms-correlation-request-id": "9b416d42-9e90-420a-b686-65180dca484d",
        "x-ms-ratelimit-remaining-resource": "Microsoft.Compute/UpdateVM3Min;238,Microsoft.Compute/UpdateVM30Min;1197",
        "x-ms-ratelimit-remaining-subscription-writes": "1198",
        "x-ms-routing-request-id": "WESTUS:20220531T102809Z:9b416d42-9e90-420a-b686-65180dca484d"
      },
      "ResponseBody": null
    },
    {
      "RequestUri": "https://management.azure.com/subscriptions/00000000-0000-0000-0000-000000000000/providers/Microsoft.Compute/locations/eastus/operations/87452f15-d228-461b-8801-772be2a04e6a?p=54253b73-cb53-496f-ab42-5e5ee19426f8\u0026api-version=2022-03-01",
      "RequestMethod": "GET",
      "RequestHeaders": {
        "Accept": "*/*",
        "Accept-Encoding": "gzip, deflate",
        "Connection": "keep-alive",
        "User-Agent": "azsdk-python-azure-mgmt-compute/27.1.0 Python/3.8.12 (Linux-5.13.0-1023-azure-x86_64-with-glibc2.2.5) VSTS_0fb41ef4-5012-48a9-bf39-4ee3de03ee35_build_2500_0"
      },
      "RequestBody": null,
      "StatusCode": 200,
      "ResponseHeaders": {
        "Cache-Control": "no-cache",
        "Content-Encoding": "gzip",
        "Content-Type": "application/json; charset=utf-8",
        "Date": "Tue, 31 May 2022 10:28:38 GMT",
        "Expires": "-1",
        "Pragma": "no-cache",
        "Server": [
          "Microsoft-HTTPAPI/2.0",
          "Microsoft-HTTPAPI/2.0"
        ],
        "Strict-Transport-Security": "max-age=31536000; includeSubDomains",
        "Transfer-Encoding": "chunked",
        "Vary": "Accept-Encoding",
        "X-Content-Type-Options": "nosniff",
        "x-ms-correlation-request-id": "2570beaf-f7ce-4eb9-88dc-3343bf336a78",
        "x-ms-ratelimit-remaining-resource": "Microsoft.Compute/GetOperation3Min;14989,Microsoft.Compute/GetOperation30Min;29978",
        "x-ms-ratelimit-remaining-subscription-reads": "11971",
        "x-ms-routing-request-id": "WESTUS:20220531T102839Z:2570beaf-f7ce-4eb9-88dc-3343bf336a78"
      },
      "ResponseBody": {
        "startTime": "2022-05-31T10:28:09.22558\u002B00:00",
        "status": "InProgress",
        "name": "87452f15-d228-461b-8801-772be2a04e6a"
      }
    },
    {
      "RequestUri": "https://management.azure.com/subscriptions/00000000-0000-0000-0000-000000000000/providers/Microsoft.Compute/locations/eastus/operations/87452f15-d228-461b-8801-772be2a04e6a?p=54253b73-cb53-496f-ab42-5e5ee19426f8\u0026api-version=2022-03-01",
      "RequestMethod": "GET",
      "RequestHeaders": {
        "Accept": "*/*",
        "Accept-Encoding": "gzip, deflate",
        "Connection": "keep-alive",
        "User-Agent": "azsdk-python-azure-mgmt-compute/27.1.0 Python/3.8.12 (Linux-5.13.0-1023-azure-x86_64-with-glibc2.2.5) VSTS_0fb41ef4-5012-48a9-bf39-4ee3de03ee35_build_2500_0"
      },
      "RequestBody": null,
      "StatusCode": 200,
      "ResponseHeaders": {
        "Cache-Control": "no-cache",
        "Content-Encoding": "gzip",
        "Content-Type": "application/json; charset=utf-8",
        "Date": "Tue, 31 May 2022 10:29:09 GMT",
        "Expires": "-1",
        "Pragma": "no-cache",
        "Server": [
          "Microsoft-HTTPAPI/2.0",
          "Microsoft-HTTPAPI/2.0"
        ],
        "Strict-Transport-Security": "max-age=31536000; includeSubDomains",
        "Transfer-Encoding": "chunked",
        "Vary": "Accept-Encoding",
        "X-Content-Type-Options": "nosniff",
        "x-ms-correlation-request-id": "d25328fe-5887-463b-bd97-ddf8881a1375",
        "x-ms-ratelimit-remaining-resource": "Microsoft.Compute/GetOperation3Min;14987,Microsoft.Compute/GetOperation30Min;29975",
        "x-ms-ratelimit-remaining-subscription-reads": "11970",
        "x-ms-routing-request-id": "WESTUS:20220531T102909Z:d25328fe-5887-463b-bd97-ddf8881a1375"
      },
      "ResponseBody": {
        "startTime": "2022-05-31T10:28:09.22558\u002B00:00",
        "endTime": "2022-05-31T10:28:57.8196005\u002B00:00",
        "status": "Succeeded",
        "name": "87452f15-d228-461b-8801-772be2a04e6a"
      }
    },
    {
      "RequestUri": "https://management.azure.com/subscriptions/00000000-0000-0000-0000-000000000000/providers/Microsoft.Compute/locations/eastus/operations/87452f15-d228-461b-8801-772be2a04e6a?p=54253b73-cb53-496f-ab42-5e5ee19426f8\u0026monitor=true\u0026api-version=2022-03-01",
      "RequestMethod": "GET",
      "RequestHeaders": {
        "Accept": "*/*",
        "Accept-Encoding": "gzip, deflate",
        "Connection": "keep-alive",
        "User-Agent": "azsdk-python-azure-mgmt-compute/27.1.0 Python/3.8.12 (Linux-5.13.0-1023-azure-x86_64-with-glibc2.2.5) VSTS_0fb41ef4-5012-48a9-bf39-4ee3de03ee35_build_2500_0"
      },
      "RequestBody": null,
      "StatusCode": 200,
      "ResponseHeaders": {
        "Cache-Control": "no-cache",
        "Content-Length": "0",
        "Date": "Tue, 31 May 2022 10:29:09 GMT",
        "Expires": "-1",
        "Pragma": "no-cache",
        "Server": [
          "Microsoft-HTTPAPI/2.0",
          "Microsoft-HTTPAPI/2.0"
        ],
        "Strict-Transport-Security": "max-age=31536000; includeSubDomains",
        "X-Content-Type-Options": "nosniff",
        "x-ms-correlation-request-id": "cc28bf93-6396-41a3-8d09-04760f4956ed",
        "x-ms-ratelimit-remaining-resource": "Microsoft.Compute/GetOperation3Min;14986,Microsoft.Compute/GetOperation30Min;29974",
        "x-ms-ratelimit-remaining-subscription-reads": "11969",
        "x-ms-routing-request-id": "WESTUS:20220531T102909Z:cc28bf93-6396-41a3-8d09-04760f4956ed"
      },
      "ResponseBody": null
    },
    {
      "RequestUri": "https://management.azure.com/subscriptions/00000000-0000-0000-0000-000000000000/resourceGroups/rgname/providers/Microsoft.Compute/virtualMachines/virtualmachinexeb772750/powerOff?skipShutdown=false\u0026api-version=2022-03-01",
      "RequestMethod": "POST",
      "RequestHeaders": {
        "Accept": "application/json",
        "Accept-Encoding": "gzip, deflate",
        "Connection": "keep-alive",
        "Content-Length": "0",
        "User-Agent": "azsdk-python-azure-mgmt-compute/27.1.0 Python/3.8.12 (Linux-5.13.0-1023-azure-x86_64-with-glibc2.2.5) VSTS_0fb41ef4-5012-48a9-bf39-4ee3de03ee35_build_2500_0"
      },
      "RequestBody": null,
      "StatusCode": 202,
      "ResponseHeaders": {
        "Azure-AsyncOperation": "https://management.azure.com/subscriptions/00000000-0000-0000-0000-000000000000/providers/Microsoft.Compute/locations/eastus/operations/453a58c2-0e71-4279-8fd3-b8204ff0013e?p=54253b73-cb53-496f-ab42-5e5ee19426f8\u0026api-version=2022-03-01",
        "Cache-Control": "no-cache",
        "Content-Length": "0",
        "Date": "Tue, 31 May 2022 10:29:09 GMT",
        "Expires": "-1",
        "Location": "https://management.azure.com/subscriptions/00000000-0000-0000-0000-000000000000/providers/Microsoft.Compute/locations/eastus/operations/453a58c2-0e71-4279-8fd3-b8204ff0013e?p=54253b73-cb53-496f-ab42-5e5ee19426f8\u0026monitor=true\u0026api-version=2022-03-01",
        "Pragma": "no-cache",
        "Server": [
          "Microsoft-HTTPAPI/2.0",
          "Microsoft-HTTPAPI/2.0"
        ],
        "Strict-Transport-Security": "max-age=31536000; includeSubDomains",
        "X-Content-Type-Options": "nosniff",
        "x-ms-correlation-request-id": "d2fa45c1-ea94-460e-a329-5febc9c7655f",
        "x-ms-ratelimit-remaining-resource": "Microsoft.Compute/UpdateVM3Min;237,Microsoft.Compute/UpdateVM30Min;1196",
        "x-ms-ratelimit-remaining-subscription-writes": "1197",
        "x-ms-routing-request-id": "WESTUS:20220531T102909Z:d2fa45c1-ea94-460e-a329-5febc9c7655f"
      },
      "ResponseBody": null
    },
    {
      "RequestUri": "https://management.azure.com/subscriptions/00000000-0000-0000-0000-000000000000/providers/Microsoft.Compute/locations/eastus/operations/453a58c2-0e71-4279-8fd3-b8204ff0013e?p=54253b73-cb53-496f-ab42-5e5ee19426f8\u0026api-version=2022-03-01",
      "RequestMethod": "GET",
      "RequestHeaders": {
        "Accept": "*/*",
        "Accept-Encoding": "gzip, deflate",
        "Connection": "keep-alive",
        "User-Agent": "azsdk-python-azure-mgmt-compute/27.1.0 Python/3.8.12 (Linux-5.13.0-1023-azure-x86_64-with-glibc2.2.5) VSTS_0fb41ef4-5012-48a9-bf39-4ee3de03ee35_build_2500_0"
      },
      "RequestBody": null,
      "StatusCode": 200,
      "ResponseHeaders": {
        "Cache-Control": "no-cache",
        "Content-Encoding": "gzip",
        "Content-Type": "application/json; charset=utf-8",
        "Date": "Tue, 31 May 2022 10:29:40 GMT",
        "Expires": "-1",
        "Pragma": "no-cache",
        "Server": [
          "Microsoft-HTTPAPI/2.0",
          "Microsoft-HTTPAPI/2.0"
        ],
        "Strict-Transport-Security": "max-age=31536000; includeSubDomains",
        "Transfer-Encoding": "chunked",
        "Vary": "Accept-Encoding",
        "X-Content-Type-Options": "nosniff",
        "x-ms-correlation-request-id": "71a5d35b-96c5-47d6-bddd-3c8149c83515",
        "x-ms-ratelimit-remaining-resource": "Microsoft.Compute/GetOperation3Min;14984,Microsoft.Compute/GetOperation30Min;29971",
        "x-ms-ratelimit-remaining-subscription-reads": "11968",
        "x-ms-routing-request-id": "WESTUS:20220531T102940Z:71a5d35b-96c5-47d6-bddd-3c8149c83515"
      },
      "ResponseBody": {
        "startTime": "2022-05-31T10:29:09.835284\u002B00:00",
        "endTime": "2022-05-31T10:29:21.1947071\u002B00:00",
        "status": "Succeeded",
        "name": "453a58c2-0e71-4279-8fd3-b8204ff0013e"
      }
    },
    {
      "RequestUri": "https://management.azure.com/subscriptions/00000000-0000-0000-0000-000000000000/providers/Microsoft.Compute/locations/eastus/operations/453a58c2-0e71-4279-8fd3-b8204ff0013e?p=54253b73-cb53-496f-ab42-5e5ee19426f8\u0026monitor=true\u0026api-version=2022-03-01",
      "RequestMethod": "GET",
      "RequestHeaders": {
        "Accept": "*/*",
        "Accept-Encoding": "gzip, deflate",
        "Connection": "keep-alive",
        "User-Agent": "azsdk-python-azure-mgmt-compute/27.1.0 Python/3.8.12 (Linux-5.13.0-1023-azure-x86_64-with-glibc2.2.5) VSTS_0fb41ef4-5012-48a9-bf39-4ee3de03ee35_build_2500_0"
      },
      "RequestBody": null,
      "StatusCode": 200,
      "ResponseHeaders": {
        "Cache-Control": "no-cache",
        "Content-Length": "0",
        "Date": "Tue, 31 May 2022 10:29:40 GMT",
        "Expires": "-1",
        "Pragma": "no-cache",
        "Server": [
          "Microsoft-HTTPAPI/2.0",
          "Microsoft-HTTPAPI/2.0"
        ],
        "Strict-Transport-Security": "max-age=31536000; includeSubDomains",
        "X-Content-Type-Options": "nosniff",
        "x-ms-correlation-request-id": "c580035e-598a-4004-94e8-2a1b00995203",
        "x-ms-ratelimit-remaining-resource": "Microsoft.Compute/GetOperation3Min;14983,Microsoft.Compute/GetOperation30Min;29970",
        "x-ms-ratelimit-remaining-subscription-reads": "11967",
        "x-ms-routing-request-id": "WESTUS:20220531T102940Z:c580035e-598a-4004-94e8-2a1b00995203"
      },
      "ResponseBody": null
    },
    {
      "RequestUri": "https://management.azure.com/subscriptions/00000000-0000-0000-0000-000000000000/resourceGroups/rgname/providers/Microsoft.Compute/virtualMachines/virtualmachinexeb772750/start?api-version=2022-03-01",
      "RequestMethod": "POST",
      "RequestHeaders": {
        "Accept": "application/json",
        "Accept-Encoding": "gzip, deflate",
        "Connection": "keep-alive",
        "Content-Length": "0",
        "User-Agent": "azsdk-python-azure-mgmt-compute/27.1.0 Python/3.8.12 (Linux-5.13.0-1023-azure-x86_64-with-glibc2.2.5) VSTS_0fb41ef4-5012-48a9-bf39-4ee3de03ee35_build_2500_0"
      },
      "RequestBody": null,
      "StatusCode": 202,
      "ResponseHeaders": {
        "Azure-AsyncOperation": "https://management.azure.com/subscriptions/00000000-0000-0000-0000-000000000000/providers/Microsoft.Compute/locations/eastus/operations/a6399fca-dcb4-4c1b-af51-91ad6bc4f8db?p=54253b73-cb53-496f-ab42-5e5ee19426f8\u0026api-version=2022-03-01",
        "Cache-Control": "no-cache",
        "Content-Length": "0",
        "Date": "Tue, 31 May 2022 10:29:40 GMT",
        "Expires": "-1",
        "Location": "https://management.azure.com/subscriptions/00000000-0000-0000-0000-000000000000/providers/Microsoft.Compute/locations/eastus/operations/a6399fca-dcb4-4c1b-af51-91ad6bc4f8db?p=54253b73-cb53-496f-ab42-5e5ee19426f8\u0026monitor=true\u0026api-version=2022-03-01",
        "Pragma": "no-cache",
        "Retry-After": "10",
        "Server": [
          "Microsoft-HTTPAPI/2.0",
          "Microsoft-HTTPAPI/2.0"
        ],
        "Strict-Transport-Security": "max-age=31536000; includeSubDomains",
        "X-Content-Type-Options": "nosniff",
        "x-ms-correlation-request-id": "1f99259a-8963-4f92-a64c-f807367c9869",
        "x-ms-ratelimit-remaining-resource": "Microsoft.Compute/UpdateVM3Min;236,Microsoft.Compute/UpdateVM30Min;1195",
        "x-ms-ratelimit-remaining-subscription-writes": "1196",
        "x-ms-routing-request-id": "WESTUS:20220531T102940Z:1f99259a-8963-4f92-a64c-f807367c9869"
      },
      "ResponseBody": null
    },
    {
      "RequestUri": "https://management.azure.com/subscriptions/00000000-0000-0000-0000-000000000000/providers/Microsoft.Compute/locations/eastus/operations/a6399fca-dcb4-4c1b-af51-91ad6bc4f8db?p=54253b73-cb53-496f-ab42-5e5ee19426f8\u0026api-version=2022-03-01",
      "RequestMethod": "GET",
      "RequestHeaders": {
        "Accept": "*/*",
        "Accept-Encoding": "gzip, deflate",
        "Connection": "keep-alive",
        "User-Agent": "azsdk-python-azure-mgmt-compute/27.1.0 Python/3.8.12 (Linux-5.13.0-1023-azure-x86_64-with-glibc2.2.5) VSTS_0fb41ef4-5012-48a9-bf39-4ee3de03ee35_build_2500_0"
      },
      "RequestBody": null,
      "StatusCode": 200,
      "ResponseHeaders": {
        "Cache-Control": "no-cache",
        "Content-Encoding": "gzip",
        "Content-Type": "application/json; charset=utf-8",
        "Date": "Tue, 31 May 2022 10:29:50 GMT",
        "Expires": "-1",
        "Pragma": "no-cache",
        "Retry-After": "9",
        "Server": [
          "Microsoft-HTTPAPI/2.0",
          "Microsoft-HTTPAPI/2.0"
        ],
        "Strict-Transport-Security": "max-age=31536000; includeSubDomains",
        "Transfer-Encoding": "chunked",
        "Vary": "Accept-Encoding",
        "X-Content-Type-Options": "nosniff",
        "x-ms-correlation-request-id": "81f4e091-dac4-49cc-a407-a5427172c9f7",
        "x-ms-ratelimit-remaining-resource": "Microsoft.Compute/GetOperation3Min;14982,Microsoft.Compute/GetOperation30Min;29969",
        "x-ms-ratelimit-remaining-subscription-reads": "11966",
        "x-ms-routing-request-id": "WESTUS:20220531T102950Z:81f4e091-dac4-49cc-a407-a5427172c9f7"
      },
      "ResponseBody": {
        "startTime": "2022-05-31T10:29:40.3040884\u002B00:00",
        "status": "InProgress",
        "name": "a6399fca-dcb4-4c1b-af51-91ad6bc4f8db"
      }
    },
    {
      "RequestUri": "https://management.azure.com/subscriptions/00000000-0000-0000-0000-000000000000/providers/Microsoft.Compute/locations/eastus/operations/a6399fca-dcb4-4c1b-af51-91ad6bc4f8db?p=54253b73-cb53-496f-ab42-5e5ee19426f8\u0026api-version=2022-03-01",
      "RequestMethod": "GET",
      "RequestHeaders": {
        "Accept": "*/*",
        "Accept-Encoding": "gzip, deflate",
        "Connection": "keep-alive",
        "User-Agent": "azsdk-python-azure-mgmt-compute/27.1.0 Python/3.8.12 (Linux-5.13.0-1023-azure-x86_64-with-glibc2.2.5) VSTS_0fb41ef4-5012-48a9-bf39-4ee3de03ee35_build_2500_0"
      },
      "RequestBody": null,
      "StatusCode": 200,
      "ResponseHeaders": {
        "Cache-Control": "no-cache",
        "Content-Encoding": "gzip",
        "Content-Type": "application/json; charset=utf-8",
        "Date": "Tue, 31 May 2022 10:29:59 GMT",
        "Expires": "-1",
        "Pragma": "no-cache",
        "Server": [
          "Microsoft-HTTPAPI/2.0",
          "Microsoft-HTTPAPI/2.0"
        ],
        "Strict-Transport-Security": "max-age=31536000; includeSubDomains",
        "Transfer-Encoding": "chunked",
        "Vary": "Accept-Encoding",
        "X-Content-Type-Options": "nosniff",
        "x-ms-correlation-request-id": "f1c06114-e62f-4481-8259-b49c321d35c9",
        "x-ms-ratelimit-remaining-resource": "Microsoft.Compute/GetOperation3Min;14980,Microsoft.Compute/GetOperation30Min;29967",
        "x-ms-ratelimit-remaining-subscription-reads": "11965",
        "x-ms-routing-request-id": "WESTUS:20220531T102959Z:f1c06114-e62f-4481-8259-b49c321d35c9"
      },
      "ResponseBody": {
        "startTime": "2022-05-31T10:29:40.3040884\u002B00:00",
        "endTime": "2022-05-31T10:29:52.6478508\u002B00:00",
        "status": "Succeeded",
        "name": "a6399fca-dcb4-4c1b-af51-91ad6bc4f8db"
      }
    },
    {
      "RequestUri": "https://management.azure.com/subscriptions/00000000-0000-0000-0000-000000000000/providers/Microsoft.Compute/locations/eastus/operations/a6399fca-dcb4-4c1b-af51-91ad6bc4f8db?p=54253b73-cb53-496f-ab42-5e5ee19426f8\u0026monitor=true\u0026api-version=2022-03-01",
      "RequestMethod": "GET",
      "RequestHeaders": {
        "Accept": "*/*",
        "Accept-Encoding": "gzip, deflate",
        "Connection": "keep-alive",
        "User-Agent": "azsdk-python-azure-mgmt-compute/27.1.0 Python/3.8.12 (Linux-5.13.0-1023-azure-x86_64-with-glibc2.2.5) VSTS_0fb41ef4-5012-48a9-bf39-4ee3de03ee35_build_2500_0"
      },
      "RequestBody": null,
      "StatusCode": 200,
      "ResponseHeaders": {
        "Cache-Control": "no-cache",
        "Content-Length": "0",
        "Date": "Tue, 31 May 2022 10:29:59 GMT",
        "Expires": "-1",
        "Pragma": "no-cache",
        "Server": [
          "Microsoft-HTTPAPI/2.0",
          "Microsoft-HTTPAPI/2.0"
        ],
        "Strict-Transport-Security": "max-age=31536000; includeSubDomains",
        "X-Content-Type-Options": "nosniff",
        "x-ms-correlation-request-id": "b1a998d6-3403-401e-8977-61fb046c4619",
        "x-ms-ratelimit-remaining-resource": "Microsoft.Compute/GetOperation3Min;14979,Microsoft.Compute/GetOperation30Min;29966",
        "x-ms-ratelimit-remaining-subscription-reads": "11964",
        "x-ms-routing-request-id": "WESTUS:20220531T102959Z:b1a998d6-3403-401e-8977-61fb046c4619"
      },
      "ResponseBody": null
    },
    {
      "RequestUri": "https://management.azure.com/subscriptions/00000000-0000-0000-0000-000000000000/resourceGroups/rgname/providers/Microsoft.Compute/virtualMachines/virtualmachinexeb772750/extensions/virtualmachineextensionxeb772750?api-version=2022-03-01",
      "RequestMethod": "PATCH",
      "RequestHeaders": {
        "Accept": "application/json",
        "Accept-Encoding": "gzip, deflate",
        "Connection": "keep-alive",
        "Content-Length": "49",
        "Content-Type": "application/json",
        "User-Agent": "azsdk-python-azure-mgmt-compute/27.1.0 Python/3.8.12 (Linux-5.13.0-1023-azure-x86_64-with-glibc2.2.5) VSTS_0fb41ef4-5012-48a9-bf39-4ee3de03ee35_build_2500_0"
      },
      "RequestBody": {
        "properties": {
          "autoUpgradeMinorVersion": true
        }
      },
      "StatusCode": 200,
      "ResponseHeaders": {
        "Azure-AsyncNotification": "Enabled",
        "Azure-AsyncOperation": "https://management.azure.com/subscriptions/00000000-0000-0000-0000-000000000000/providers/Microsoft.Compute/locations/eastus/operations/208bb28f-76f4-4530-b0c7-2e15a994a0f2?p=54253b73-cb53-496f-ab42-5e5ee19426f8\u0026api-version=2022-03-01",
        "Cache-Control": "no-cache",
        "Content-Encoding": "gzip",
        "Content-Type": "application/json; charset=utf-8",
        "Date": "Tue, 31 May 2022 10:29:59 GMT",
        "Expires": "-1",
        "Pragma": "no-cache",
        "Server": [
          "Microsoft-HTTPAPI/2.0",
          "Microsoft-HTTPAPI/2.0"
        ],
        "Strict-Transport-Security": "max-age=31536000; includeSubDomains",
        "Transfer-Encoding": "chunked",
        "Vary": "Accept-Encoding",
        "X-Content-Type-Options": "nosniff",
        "x-ms-correlation-request-id": "70c10b2e-c9f2-4f88-9d0a-a849246359b3",
        "x-ms-ratelimit-remaining-resource": "Microsoft.Compute/UpdateVM3Min;235,Microsoft.Compute/UpdateVM30Min;1194",
        "x-ms-ratelimit-remaining-subscription-writes": "1194",
        "x-ms-routing-request-id": "WESTUS:20220531T102959Z:70c10b2e-c9f2-4f88-9d0a-a849246359b3"
      },
      "ResponseBody": {
        "name": "virtualmachineextensionxeb772750",
        "id": "/subscriptions/00000000-0000-0000-0000-000000000000/resourceGroups/rgname/providers/Microsoft.Compute/virtualMachines/virtualmachinexeb772750/extensions/virtualmachineextensionxeb772750",
        "type": "Microsoft.Compute/virtualMachines/extensions",
        "location": "eastus",
        "properties": {
          "autoUpgradeMinorVersion": true,
          "provisioningState": "Updating",
          "publisher": "Microsoft.Azure.NetworkWatcher",
          "type": "NetworkWatcherAgentWindows",
          "typeHandlerVersion": "1.4"
        }
      }
    },
    {
      "RequestUri": "https://management.azure.com/subscriptions/00000000-0000-0000-0000-000000000000/providers/Microsoft.Compute/locations/eastus/operations/208bb28f-76f4-4530-b0c7-2e15a994a0f2?p=54253b73-cb53-496f-ab42-5e5ee19426f8\u0026api-version=2022-03-01",
      "RequestMethod": "GET",
      "RequestHeaders": {
        "Accept": "*/*",
        "Accept-Encoding": "gzip, deflate",
        "Connection": "keep-alive",
        "User-Agent": "azsdk-python-azure-mgmt-compute/27.1.0 Python/3.8.12 (Linux-5.13.0-1023-azure-x86_64-with-glibc2.2.5) VSTS_0fb41ef4-5012-48a9-bf39-4ee3de03ee35_build_2500_0"
      },
      "RequestBody": null,
      "StatusCode": 200,
      "ResponseHeaders": {
        "Cache-Control": "no-cache",
        "Content-Encoding": "gzip",
        "Content-Type": "application/json; charset=utf-8",
        "Date": "Tue, 31 May 2022 10:30:29 GMT",
        "Expires": "-1",
        "Pragma": "no-cache",
        "Server": [
          "Microsoft-HTTPAPI/2.0",
          "Microsoft-HTTPAPI/2.0"
        ],
        "Strict-Transport-Security": "max-age=31536000; includeSubDomains",
        "Transfer-Encoding": "chunked",
        "Vary": "Accept-Encoding",
        "X-Content-Type-Options": "nosniff",
        "x-ms-correlation-request-id": "3136fbf4-da85-4f18-a693-eb9be99b94b7",
        "x-ms-ratelimit-remaining-resource": "Microsoft.Compute/GetOperation3Min;14982,Microsoft.Compute/GetOperation30Min;29970",
        "x-ms-ratelimit-remaining-subscription-reads": "11963",
        "x-ms-routing-request-id": "WESTUS:20220531T103030Z:3136fbf4-da85-4f18-a693-eb9be99b94b7"
      },
      "ResponseBody": {
        "startTime": "2022-05-31T10:29:59.8353621\u002B00:00",
        "endTime": "2022-05-31T10:30:00.1322325\u002B00:00",
        "status": "Succeeded",
        "name": "208bb28f-76f4-4530-b0c7-2e15a994a0f2"
      }
    },
    {
      "RequestUri": "https://management.azure.com/subscriptions/00000000-0000-0000-0000-000000000000/resourceGroups/rgname/providers/Microsoft.Compute/virtualMachines/virtualmachinexeb772750/extensions/virtualmachineextensionxeb772750?api-version=2022-03-01",
      "RequestMethod": "GET",
      "RequestHeaders": {
        "Accept": "*/*",
        "Accept-Encoding": "gzip, deflate",
        "Connection": "keep-alive",
        "User-Agent": "azsdk-python-azure-mgmt-compute/27.1.0 Python/3.8.12 (Linux-5.13.0-1023-azure-x86_64-with-glibc2.2.5) VSTS_0fb41ef4-5012-48a9-bf39-4ee3de03ee35_build_2500_0"
      },
      "RequestBody": null,
      "StatusCode": 200,
      "ResponseHeaders": {
        "Cache-Control": "no-cache",
        "Content-Encoding": "gzip",
        "Content-Type": "application/json; charset=utf-8",
        "Date": "Tue, 31 May 2022 10:30:29 GMT",
        "Expires": "-1",
        "Pragma": "no-cache",
        "Server": [
          "Microsoft-HTTPAPI/2.0",
          "Microsoft-HTTPAPI/2.0"
        ],
        "Strict-Transport-Security": "max-age=31536000; includeSubDomains",
        "Transfer-Encoding": "chunked",
        "Vary": "Accept-Encoding",
        "X-Content-Type-Options": "nosniff",
        "x-ms-correlation-request-id": "d96f4719-0ee6-40e5-940a-f69981aa3482",
        "x-ms-ratelimit-remaining-resource": "Microsoft.Compute/LowCostGet3Min;3997,Microsoft.Compute/LowCostGet30Min;31984",
        "x-ms-ratelimit-remaining-subscription-reads": "11962",
        "x-ms-routing-request-id": "WESTUS:20220531T103030Z:d96f4719-0ee6-40e5-940a-f69981aa3482"
      },
      "ResponseBody": {
        "name": "virtualmachineextensionxeb772750",
        "id": "/subscriptions/00000000-0000-0000-0000-000000000000/resourceGroups/rgname/providers/Microsoft.Compute/virtualMachines/virtualmachinexeb772750/extensions/virtualmachineextensionxeb772750",
        "type": "Microsoft.Compute/virtualMachines/extensions",
        "location": "eastus",
        "properties": {
          "autoUpgradeMinorVersion": true,
          "provisioningState": "Succeeded",
          "publisher": "Microsoft.Azure.NetworkWatcher",
          "type": "NetworkWatcherAgentWindows",
          "typeHandlerVersion": "1.4"
        }
      }
    },
    {
      "RequestUri": "https://management.azure.com/subscriptions/00000000-0000-0000-0000-000000000000/resourceGroups/rgname/providers/Microsoft.Compute/virtualMachines/virtualmachinexeb772750/extensions/virtualmachineextensionxeb772750?api-version=2022-03-01",
      "RequestMethod": "DELETE",
      "RequestHeaders": {
        "Accept": "application/json",
        "Accept-Encoding": "gzip, deflate",
        "Connection": "keep-alive",
        "Content-Length": "0",
        "User-Agent": "azsdk-python-azure-mgmt-compute/27.1.0 Python/3.8.12 (Linux-5.13.0-1023-azure-x86_64-with-glibc2.2.5) VSTS_0fb41ef4-5012-48a9-bf39-4ee3de03ee35_build_2500_0"
      },
      "RequestBody": null,
      "StatusCode": 202,
      "ResponseHeaders": {
        "Azure-AsyncNotification": "Enabled",
        "Azure-AsyncOperation": "https://management.azure.com/subscriptions/00000000-0000-0000-0000-000000000000/providers/Microsoft.Compute/locations/eastus/operations/dd72b971-c7a6-4231-ae06-345ff0a0692b?p=54253b73-cb53-496f-ab42-5e5ee19426f8\u0026api-version=2022-03-01",
        "Cache-Control": "no-cache",
        "Content-Length": "0",
        "Date": "Tue, 31 May 2022 10:30:29 GMT",
        "Expires": "-1",
        "Location": "https://management.azure.com/subscriptions/00000000-0000-0000-0000-000000000000/providers/Microsoft.Compute/locations/eastus/operations/dd72b971-c7a6-4231-ae06-345ff0a0692b?p=54253b73-cb53-496f-ab42-5e5ee19426f8\u0026monitor=true\u0026api-version=2022-03-01",
        "Pragma": "no-cache",
        "Server": [
          "Microsoft-HTTPAPI/2.0",
          "Microsoft-HTTPAPI/2.0"
        ],
        "Strict-Transport-Security": "max-age=31536000; includeSubDomains",
        "X-Content-Type-Options": "nosniff",
        "x-ms-correlation-request-id": "c3b0df90-db07-41ed-9d64-e347e2cca89a",
        "x-ms-ratelimit-remaining-resource": "Microsoft.Compute/UpdateVM3Min;235,Microsoft.Compute/UpdateVM30Min;1193",
        "x-ms-ratelimit-remaining-subscription-deletes": "14996",
        "x-ms-routing-request-id": "WESTUS:20220531T103030Z:c3b0df90-db07-41ed-9d64-e347e2cca89a"
      },
      "ResponseBody": null
    },
    {
      "RequestUri": "https://management.azure.com/subscriptions/00000000-0000-0000-0000-000000000000/providers/Microsoft.Compute/locations/eastus/operations/dd72b971-c7a6-4231-ae06-345ff0a0692b?p=54253b73-cb53-496f-ab42-5e5ee19426f8\u0026api-version=2022-03-01",
      "RequestMethod": "GET",
      "RequestHeaders": {
        "Accept": "*/*",
        "Accept-Encoding": "gzip, deflate",
        "Connection": "keep-alive",
        "User-Agent": "azsdk-python-azure-mgmt-compute/27.1.0 Python/3.8.12 (Linux-5.13.0-1023-azure-x86_64-with-glibc2.2.5) VSTS_0fb41ef4-5012-48a9-bf39-4ee3de03ee35_build_2500_0"
      },
      "RequestBody": null,
      "StatusCode": 200,
      "ResponseHeaders": {
        "Cache-Control": "no-cache",
        "Content-Encoding": "gzip",
        "Content-Type": "application/json; charset=utf-8",
        "Date": "Tue, 31 May 2022 10:31:00 GMT",
        "Expires": "-1",
        "Pragma": "no-cache",
        "Server": [
          "Microsoft-HTTPAPI/2.0",
          "Microsoft-HTTPAPI/2.0"
        ],
        "Strict-Transport-Security": "max-age=31536000; includeSubDomains",
        "Transfer-Encoding": "chunked",
        "Vary": "Accept-Encoding",
        "X-Content-Type-Options": "nosniff",
        "x-ms-correlation-request-id": "41eedb23-2b8c-47e0-89ac-e9593e62ddb6",
        "x-ms-ratelimit-remaining-resource": "Microsoft.Compute/GetOperation3Min;14984,Microsoft.Compute/GetOperation30Min;29969",
        "x-ms-ratelimit-remaining-subscription-reads": "11961",
        "x-ms-routing-request-id": "WESTUS:20220531T103100Z:41eedb23-2b8c-47e0-89ac-e9593e62ddb6"
      },
      "ResponseBody": {
        "startTime": "2022-05-31T10:30:30.4291049\u002B00:00",
        "status": "InProgress",
        "name": "dd72b971-c7a6-4231-ae06-345ff0a0692b"
      }
    },
    {
      "RequestUri": "https://management.azure.com/subscriptions/00000000-0000-0000-0000-000000000000/providers/Microsoft.Compute/locations/eastus/operations/dd72b971-c7a6-4231-ae06-345ff0a0692b?p=54253b73-cb53-496f-ab42-5e5ee19426f8\u0026api-version=2022-03-01",
      "RequestMethod": "GET",
      "RequestHeaders": {
        "Accept": "*/*",
        "Accept-Encoding": "gzip, deflate",
        "Connection": "keep-alive",
        "User-Agent": "azsdk-python-azure-mgmt-compute/27.1.0 Python/3.8.12 (Linux-5.13.0-1023-azure-x86_64-with-glibc2.2.5) VSTS_0fb41ef4-5012-48a9-bf39-4ee3de03ee35_build_2500_0"
      },
      "RequestBody": null,
      "StatusCode": 200,
      "ResponseHeaders": {
        "Cache-Control": "no-cache",
        "Content-Encoding": "gzip",
        "Content-Type": "application/json; charset=utf-8",
        "Date": "Tue, 31 May 2022 10:31:30 GMT",
        "Expires": "-1",
        "Pragma": "no-cache",
        "Server": [
          "Microsoft-HTTPAPI/2.0",
          "Microsoft-HTTPAPI/2.0"
        ],
        "Strict-Transport-Security": "max-age=31536000; includeSubDomains",
        "Transfer-Encoding": "chunked",
        "Vary": "Accept-Encoding",
        "X-Content-Type-Options": "nosniff",
        "x-ms-correlation-request-id": "a2e0784f-f6a2-4c67-b2c1-a59dc04bad57",
        "x-ms-ratelimit-remaining-resource": "Microsoft.Compute/GetOperation3Min;14986,Microsoft.Compute/GetOperation30Min;29968",
        "x-ms-ratelimit-remaining-subscription-reads": "11960",
        "x-ms-routing-request-id": "WESTUS:20220531T103130Z:a2e0784f-f6a2-4c67-b2c1-a59dc04bad57"
      },
      "ResponseBody": {
        "startTime": "2022-05-31T10:30:30.4291049\u002B00:00",
        "endTime": "2022-05-31T10:31:20.8197313\u002B00:00",
        "status": "Succeeded",
        "name": "dd72b971-c7a6-4231-ae06-345ff0a0692b"
      }
    },
    {
      "RequestUri": "https://management.azure.com/subscriptions/00000000-0000-0000-0000-000000000000/resourceGroups/rgname/providers/Microsoft.Compute/virtualMachines/virtualmachinexeb772750/powerOff?skipShutdown=false\u0026api-version=2022-03-01",
      "RequestMethod": "POST",
      "RequestHeaders": {
        "Accept": "application/json",
        "Accept-Encoding": "gzip, deflate",
        "Connection": "keep-alive",
        "Content-Length": "0",
        "User-Agent": "azsdk-python-azure-mgmt-compute/27.1.0 Python/3.8.12 (Linux-5.13.0-1023-azure-x86_64-with-glibc2.2.5) VSTS_0fb41ef4-5012-48a9-bf39-4ee3de03ee35_build_2500_0"
      },
      "RequestBody": null,
      "StatusCode": 202,
      "ResponseHeaders": {
        "Azure-AsyncOperation": "https://management.azure.com/subscriptions/00000000-0000-0000-0000-000000000000/providers/Microsoft.Compute/locations/eastus/operations/547c7139-ae12-40e0-b51e-796d83bdb93c?p=54253b73-cb53-496f-ab42-5e5ee19426f8\u0026api-version=2022-03-01",
        "Cache-Control": "no-cache",
        "Content-Length": "0",
        "Date": "Tue, 31 May 2022 10:31:30 GMT",
        "Expires": "-1",
        "Location": "https://management.azure.com/subscriptions/00000000-0000-0000-0000-000000000000/providers/Microsoft.Compute/locations/eastus/operations/547c7139-ae12-40e0-b51e-796d83bdb93c?p=54253b73-cb53-496f-ab42-5e5ee19426f8\u0026monitor=true\u0026api-version=2022-03-01",
        "Pragma": "no-cache",
        "Server": [
          "Microsoft-HTTPAPI/2.0",
          "Microsoft-HTTPAPI/2.0"
        ],
        "Strict-Transport-Security": "max-age=31536000; includeSubDomains",
        "X-Content-Type-Options": "nosniff",
        "x-ms-correlation-request-id": "d2dbfda3-0f56-4f6b-8777-2bc10d6efbfd",
        "x-ms-ratelimit-remaining-resource": "Microsoft.Compute/UpdateVM3Min;235,Microsoft.Compute/UpdateVM30Min;1192",
        "x-ms-ratelimit-remaining-subscription-writes": "1195",
        "x-ms-routing-request-id": "WESTUS:20220531T103130Z:d2dbfda3-0f56-4f6b-8777-2bc10d6efbfd"
      },
      "ResponseBody": null
    },
    {
      "RequestUri": "https://management.azure.com/subscriptions/00000000-0000-0000-0000-000000000000/providers/Microsoft.Compute/locations/eastus/operations/547c7139-ae12-40e0-b51e-796d83bdb93c?p=54253b73-cb53-496f-ab42-5e5ee19426f8\u0026api-version=2022-03-01",
      "RequestMethod": "GET",
      "RequestHeaders": {
        "Accept": "*/*",
        "Accept-Encoding": "gzip, deflate",
        "Connection": "keep-alive",
        "User-Agent": "azsdk-python-azure-mgmt-compute/27.1.0 Python/3.8.12 (Linux-5.13.0-1023-azure-x86_64-with-glibc2.2.5) VSTS_0fb41ef4-5012-48a9-bf39-4ee3de03ee35_build_2500_0"
      },
      "RequestBody": null,
      "StatusCode": 200,
      "ResponseHeaders": {
        "Cache-Control": "no-cache",
        "Content-Encoding": "gzip",
        "Content-Type": "application/json; charset=utf-8",
        "Date": "Tue, 31 May 2022 10:32:00 GMT",
        "Expires": "-1",
        "Pragma": "no-cache",
        "Server": [
          "Microsoft-HTTPAPI/2.0",
          "Microsoft-HTTPAPI/2.0"
        ],
        "Strict-Transport-Security": "max-age=31536000; includeSubDomains",
        "Transfer-Encoding": "chunked",
        "Vary": "Accept-Encoding",
        "X-Content-Type-Options": "nosniff",
        "x-ms-correlation-request-id": "db27b9f5-e854-4a27-8332-bcb1bcd25aa7",
        "x-ms-ratelimit-remaining-resource": "Microsoft.Compute/GetOperation3Min;14988,Microsoft.Compute/GetOperation30Min;29966",
        "x-ms-ratelimit-remaining-subscription-reads": "11959",
        "x-ms-routing-request-id": "WESTUS:20220531T103201Z:db27b9f5-e854-4a27-8332-bcb1bcd25aa7"
      },
      "ResponseBody": {
        "startTime": "2022-05-31T10:31:30.8978701\u002B00:00",
        "endTime": "2022-05-31T10:31:42.2259985\u002B00:00",
        "status": "Succeeded",
        "name": "547c7139-ae12-40e0-b51e-796d83bdb93c"
      }
    },
    {
      "RequestUri": "https://management.azure.com/subscriptions/00000000-0000-0000-0000-000000000000/providers/Microsoft.Compute/locations/eastus/operations/547c7139-ae12-40e0-b51e-796d83bdb93c?p=54253b73-cb53-496f-ab42-5e5ee19426f8\u0026monitor=true\u0026api-version=2022-03-01",
      "RequestMethod": "GET",
      "RequestHeaders": {
        "Accept": "*/*",
        "Accept-Encoding": "gzip, deflate",
        "Connection": "keep-alive",
        "User-Agent": "azsdk-python-azure-mgmt-compute/27.1.0 Python/3.8.12 (Linux-5.13.0-1023-azure-x86_64-with-glibc2.2.5) VSTS_0fb41ef4-5012-48a9-bf39-4ee3de03ee35_build_2500_0"
      },
      "RequestBody": null,
      "StatusCode": 200,
      "ResponseHeaders": {
        "Cache-Control": "no-cache",
        "Content-Length": "0",
        "Date": "Tue, 31 May 2022 10:32:00 GMT",
        "Expires": "-1",
        "Pragma": "no-cache",
        "Server": [
          "Microsoft-HTTPAPI/2.0",
          "Microsoft-HTTPAPI/2.0"
        ],
        "Strict-Transport-Security": "max-age=31536000; includeSubDomains",
        "X-Content-Type-Options": "nosniff",
        "x-ms-correlation-request-id": "0fd20a9d-1f18-4ed8-ad28-21f4bd9ebbd9",
        "x-ms-ratelimit-remaining-resource": "Microsoft.Compute/GetOperation3Min;14987,Microsoft.Compute/GetOperation30Min;29965",
        "x-ms-ratelimit-remaining-subscription-reads": "11958",
        "x-ms-routing-request-id": "WESTUS:20220531T103201Z:0fd20a9d-1f18-4ed8-ad28-21f4bd9ebbd9"
      },
      "ResponseBody": null
    },
    {
      "RequestUri": "https://management.azure.com/subscriptions/00000000-0000-0000-0000-000000000000/resourceGroups/rgname/providers/Microsoft.Compute/virtualMachines/virtualmachinexeb772750/reapply?api-version=2022-03-01",
      "RequestMethod": "POST",
      "RequestHeaders": {
        "Accept": "application/json",
        "Accept-Encoding": "gzip, deflate",
        "Connection": "keep-alive",
        "Content-Length": "0",
        "User-Agent": "azsdk-python-azure-mgmt-compute/27.1.0 Python/3.8.12 (Linux-5.13.0-1023-azure-x86_64-with-glibc2.2.5) VSTS_0fb41ef4-5012-48a9-bf39-4ee3de03ee35_build_2500_0"
      },
      "RequestBody": null,
      "StatusCode": 202,
      "ResponseHeaders": {
        "Azure-AsyncOperation": "https://management.azure.com/subscriptions/00000000-0000-0000-0000-000000000000/providers/Microsoft.Compute/locations/eastus/operations/9476c925-fe6a-4600-b304-04ba5c98dfc0?p=54253b73-cb53-496f-ab42-5e5ee19426f8\u0026api-version=2022-03-01",
        "Cache-Control": "no-cache",
        "Content-Length": "0",
        "Date": "Tue, 31 May 2022 10:32:00 GMT",
        "Expires": "-1",
        "Location": "https://management.azure.com/subscriptions/00000000-0000-0000-0000-000000000000/providers/Microsoft.Compute/locations/eastus/operations/9476c925-fe6a-4600-b304-04ba5c98dfc0?p=54253b73-cb53-496f-ab42-5e5ee19426f8\u0026monitor=true\u0026api-version=2022-03-01",
        "Pragma": "no-cache",
        "Server": [
          "Microsoft-HTTPAPI/2.0",
          "Microsoft-HTTPAPI/2.0"
        ],
        "Strict-Transport-Security": "max-age=31536000; includeSubDomains",
        "X-Content-Type-Options": "nosniff",
        "x-ms-correlation-request-id": "6ec83009-90a0-4b80-830f-d1565c1e13eb",
        "x-ms-ratelimit-remaining-resource": "Microsoft.Compute/UpdateVM3Min;235,Microsoft.Compute/UpdateVM30Min;1191",
        "x-ms-ratelimit-remaining-subscription-writes": "1194",
        "x-ms-routing-request-id": "WESTUS:20220531T103201Z:6ec83009-90a0-4b80-830f-d1565c1e13eb"
      },
      "ResponseBody": null
    },
    {
      "RequestUri": "https://management.azure.com/subscriptions/00000000-0000-0000-0000-000000000000/providers/Microsoft.Compute/locations/eastus/operations/9476c925-fe6a-4600-b304-04ba5c98dfc0?p=54253b73-cb53-496f-ab42-5e5ee19426f8\u0026api-version=2022-03-01",
      "RequestMethod": "GET",
      "RequestHeaders": {
        "Accept": "*/*",
        "Accept-Encoding": "gzip, deflate",
        "Connection": "keep-alive",
        "User-Agent": "azsdk-python-azure-mgmt-compute/27.1.0 Python/3.8.12 (Linux-5.13.0-1023-azure-x86_64-with-glibc2.2.5) VSTS_0fb41ef4-5012-48a9-bf39-4ee3de03ee35_build_2500_0"
      },
      "RequestBody": null,
      "StatusCode": 200,
      "ResponseHeaders": {
        "Cache-Control": "no-cache",
        "Content-Encoding": "gzip",
        "Content-Type": "application/json; charset=utf-8",
        "Date": "Tue, 31 May 2022 10:32:31 GMT",
        "Expires": "-1",
        "Pragma": "no-cache",
        "Server": [
          "Microsoft-HTTPAPI/2.0",
          "Microsoft-HTTPAPI/2.0"
        ],
        "Strict-Transport-Security": "max-age=31536000; includeSubDomains",
        "Transfer-Encoding": "chunked",
        "Vary": "Accept-Encoding",
        "X-Content-Type-Options": "nosniff",
        "x-ms-correlation-request-id": "9c3a4f35-b74e-4fc7-8d09-e773c2bee1d6",
        "x-ms-ratelimit-remaining-resource": "Microsoft.Compute/GetOperation3Min;14990,Microsoft.Compute/GetOperation30Min;29962",
        "x-ms-ratelimit-remaining-subscription-reads": "11957",
        "x-ms-routing-request-id": "WESTUS:20220531T103231Z:9c3a4f35-b74e-4fc7-8d09-e773c2bee1d6"
      },
      "ResponseBody": {
        "startTime": "2022-05-31T10:32:01.3197929\u002B00:00",
        "endTime": "2022-05-31T10:32:02.9760447\u002B00:00",
        "status": "Succeeded",
        "name": "9476c925-fe6a-4600-b304-04ba5c98dfc0"
      }
    },
    {
      "RequestUri": "https://management.azure.com/subscriptions/00000000-0000-0000-0000-000000000000/providers/Microsoft.Compute/locations/eastus/operations/9476c925-fe6a-4600-b304-04ba5c98dfc0?p=54253b73-cb53-496f-ab42-5e5ee19426f8\u0026monitor=true\u0026api-version=2022-03-01",
      "RequestMethod": "GET",
      "RequestHeaders": {
        "Accept": "*/*",
        "Accept-Encoding": "gzip, deflate",
        "Connection": "keep-alive",
        "User-Agent": "azsdk-python-azure-mgmt-compute/27.1.0 Python/3.8.12 (Linux-5.13.0-1023-azure-x86_64-with-glibc2.2.5) VSTS_0fb41ef4-5012-48a9-bf39-4ee3de03ee35_build_2500_0"
      },
      "RequestBody": null,
      "StatusCode": 200,
      "ResponseHeaders": {
        "Cache-Control": "no-cache",
        "Content-Length": "0",
        "Date": "Tue, 31 May 2022 10:32:31 GMT",
        "Expires": "-1",
        "Pragma": "no-cache",
        "Server": [
          "Microsoft-HTTPAPI/2.0",
          "Microsoft-HTTPAPI/2.0"
        ],
        "Strict-Transport-Security": "max-age=31536000; includeSubDomains",
        "X-Content-Type-Options": "nosniff",
        "x-ms-correlation-request-id": "a0e7fa3a-1ad6-48f1-9148-8309493560d7",
        "x-ms-ratelimit-remaining-resource": "Microsoft.Compute/GetOperation3Min;14989,Microsoft.Compute/GetOperation30Min;29961",
        "x-ms-ratelimit-remaining-subscription-reads": "11956",
        "x-ms-routing-request-id": "WESTUS:20220531T103231Z:a0e7fa3a-1ad6-48f1-9148-8309493560d7"
      },
      "ResponseBody": null
    },
    {
      "RequestUri": "https://management.azure.com/subscriptions/00000000-0000-0000-0000-000000000000/resourceGroups/rgname/providers/Microsoft.Compute/virtualMachines/virtualmachinexeb772750/redeploy?api-version=2022-03-01",
      "RequestMethod": "POST",
      "RequestHeaders": {
        "Accept": "application/json",
        "Accept-Encoding": "gzip, deflate",
        "Connection": "keep-alive",
        "Content-Length": "0",
        "User-Agent": "azsdk-python-azure-mgmt-compute/27.1.0 Python/3.8.12 (Linux-5.13.0-1023-azure-x86_64-with-glibc2.2.5) VSTS_0fb41ef4-5012-48a9-bf39-4ee3de03ee35_build_2500_0"
      },
      "RequestBody": null,
      "StatusCode": 202,
      "ResponseHeaders": {
        "Azure-AsyncOperation": "https://management.azure.com/subscriptions/00000000-0000-0000-0000-000000000000/providers/Microsoft.Compute/locations/eastus/operations/c7a27c00-5b73-4285-9b20-71728f22790e?p=54253b73-cb53-496f-ab42-5e5ee19426f8\u0026api-version=2022-03-01",
        "Cache-Control": "no-cache",
        "Content-Length": "0",
        "Date": "Tue, 31 May 2022 10:32:31 GMT",
        "Expires": "-1",
        "Location": "https://management.azure.com/subscriptions/00000000-0000-0000-0000-000000000000/providers/Microsoft.Compute/locations/eastus/operations/c7a27c00-5b73-4285-9b20-71728f22790e?p=54253b73-cb53-496f-ab42-5e5ee19426f8\u0026monitor=true\u0026api-version=2022-03-01",
        "Pragma": "no-cache",
        "Server": [
          "Microsoft-HTTPAPI/2.0",
          "Microsoft-HTTPAPI/2.0"
        ],
        "Strict-Transport-Security": "max-age=31536000; includeSubDomains",
        "X-Content-Type-Options": "nosniff",
        "x-ms-correlation-request-id": "514e8700-1e73-49f3-b656-6e17258b05ba",
        "x-ms-ratelimit-remaining-resource": "Microsoft.Compute/UpdateVM3Min;236,Microsoft.Compute/UpdateVM30Min;1190",
        "x-ms-ratelimit-remaining-subscription-writes": "1193",
        "x-ms-routing-request-id": "WESTUS:20220531T103231Z:514e8700-1e73-49f3-b656-6e17258b05ba"
      },
      "ResponseBody": null
    },
    {
      "RequestUri": "https://management.azure.com/subscriptions/00000000-0000-0000-0000-000000000000/providers/Microsoft.Compute/locations/eastus/operations/c7a27c00-5b73-4285-9b20-71728f22790e?p=54253b73-cb53-496f-ab42-5e5ee19426f8\u0026api-version=2022-03-01",
      "RequestMethod": "GET",
      "RequestHeaders": {
        "Accept": "*/*",
        "Accept-Encoding": "gzip, deflate",
        "Connection": "keep-alive",
        "User-Agent": "azsdk-python-azure-mgmt-compute/27.1.0 Python/3.8.12 (Linux-5.13.0-1023-azure-x86_64-with-glibc2.2.5) VSTS_0fb41ef4-5012-48a9-bf39-4ee3de03ee35_build_2500_0"
      },
      "RequestBody": null,
      "StatusCode": 200,
      "ResponseHeaders": {
        "Cache-Control": "no-cache",
        "Content-Encoding": "gzip",
        "Content-Type": "application/json; charset=utf-8",
        "Date": "Tue, 31 May 2022 10:33:01 GMT",
        "Expires": "-1",
        "Pragma": "no-cache",
        "Server": [
          "Microsoft-HTTPAPI/2.0",
          "Microsoft-HTTPAPI/2.0"
        ],
        "Strict-Transport-Security": "max-age=31536000; includeSubDomains",
        "Transfer-Encoding": "chunked",
        "Vary": "Accept-Encoding",
        "X-Content-Type-Options": "nosniff",
        "x-ms-correlation-request-id": "2d823ccf-ddba-4224-ba63-213a03dcdcfa",
        "x-ms-ratelimit-remaining-resource": "Microsoft.Compute/GetOperation3Min;14988,Microsoft.Compute/GetOperation30Min;29959",
        "x-ms-ratelimit-remaining-subscription-reads": "11955",
        "x-ms-routing-request-id": "WESTUS:20220531T103301Z:2d823ccf-ddba-4224-ba63-213a03dcdcfa"
      },
      "ResponseBody": {
        "startTime": "2022-05-31T10:32:31.7261944\u002B00:00",
        "status": "InProgress",
        "name": "c7a27c00-5b73-4285-9b20-71728f22790e"
      }
    },
    {
      "RequestUri": "https://management.azure.com/subscriptions/00000000-0000-0000-0000-000000000000/providers/Microsoft.Compute/locations/eastus/operations/c7a27c00-5b73-4285-9b20-71728f22790e?p=54253b73-cb53-496f-ab42-5e5ee19426f8\u0026api-version=2022-03-01",
      "RequestMethod": "GET",
      "RequestHeaders": {
        "Accept": "*/*",
        "Accept-Encoding": "gzip, deflate",
        "Connection": "keep-alive",
        "User-Agent": "azsdk-python-azure-mgmt-compute/27.1.0 Python/3.8.12 (Linux-5.13.0-1023-azure-x86_64-with-glibc2.2.5) VSTS_0fb41ef4-5012-48a9-bf39-4ee3de03ee35_build_2500_0"
      },
      "RequestBody": null,
      "StatusCode": 200,
      "ResponseHeaders": {
        "Cache-Control": "no-cache",
        "Content-Encoding": "gzip",
        "Content-Type": "application/json; charset=utf-8",
        "Date": "Tue, 31 May 2022 10:33:31 GMT",
        "Expires": "-1",
        "Pragma": "no-cache",
        "Server": [
          "Microsoft-HTTPAPI/2.0",
          "Microsoft-HTTPAPI/2.0"
        ],
        "Strict-Transport-Security": "max-age=31536000; includeSubDomains",
        "Transfer-Encoding": "chunked",
        "Vary": "Accept-Encoding",
        "X-Content-Type-Options": "nosniff",
        "x-ms-correlation-request-id": "6fb42074-59f8-4512-88d5-095c8c958413",
        "x-ms-ratelimit-remaining-resource": "Microsoft.Compute/GetOperation3Min;14986,Microsoft.Compute/GetOperation30Min;29956",
        "x-ms-ratelimit-remaining-subscription-reads": "11954",
        "x-ms-routing-request-id": "WESTUS:20220531T103332Z:6fb42074-59f8-4512-88d5-095c8c958413"
      },
      "ResponseBody": {
        "startTime": "2022-05-31T10:32:31.7261944\u002B00:00",
        "status": "InProgress",
        "name": "c7a27c00-5b73-4285-9b20-71728f22790e"
      }
    },
    {
      "RequestUri": "https://management.azure.com/subscriptions/00000000-0000-0000-0000-000000000000/providers/Microsoft.Compute/locations/eastus/operations/c7a27c00-5b73-4285-9b20-71728f22790e?p=54253b73-cb53-496f-ab42-5e5ee19426f8\u0026api-version=2022-03-01",
      "RequestMethod": "GET",
      "RequestHeaders": {
        "Accept": "*/*",
        "Accept-Encoding": "gzip, deflate",
        "Connection": "keep-alive",
        "User-Agent": "azsdk-python-azure-mgmt-compute/27.1.0 Python/3.8.12 (Linux-5.13.0-1023-azure-x86_64-with-glibc2.2.5) VSTS_0fb41ef4-5012-48a9-bf39-4ee3de03ee35_build_2500_0"
      },
      "RequestBody": null,
      "StatusCode": 200,
      "ResponseHeaders": {
        "Cache-Control": "no-cache",
        "Content-Encoding": "gzip",
        "Content-Type": "application/json; charset=utf-8",
        "Date": "Tue, 31 May 2022 10:34:01 GMT",
        "Expires": "-1",
        "Pragma": "no-cache",
        "Server": [
          "Microsoft-HTTPAPI/2.0",
          "Microsoft-HTTPAPI/2.0"
        ],
        "Strict-Transport-Security": "max-age=31536000; includeSubDomains",
        "Transfer-Encoding": "chunked",
        "Vary": "Accept-Encoding",
        "X-Content-Type-Options": "nosniff",
        "x-ms-correlation-request-id": "f042d4ee-1ee1-4e77-8fcd-ac2c80f45f60",
        "x-ms-ratelimit-remaining-resource": "Microsoft.Compute/GetOperation3Min;14984,Microsoft.Compute/GetOperation30Min;29953",
        "x-ms-ratelimit-remaining-subscription-reads": "11953",
        "x-ms-routing-request-id": "WESTUS:20220531T103402Z:f042d4ee-1ee1-4e77-8fcd-ac2c80f45f60"
      },
      "ResponseBody": {
        "startTime": "2022-05-31T10:32:31.7261944\u002B00:00",
        "status": "InProgress",
        "name": "c7a27c00-5b73-4285-9b20-71728f22790e"
      }
    },
    {
      "RequestUri": "https://management.azure.com/subscriptions/00000000-0000-0000-0000-000000000000/providers/Microsoft.Compute/locations/eastus/operations/c7a27c00-5b73-4285-9b20-71728f22790e?p=54253b73-cb53-496f-ab42-5e5ee19426f8\u0026api-version=2022-03-01",
      "RequestMethod": "GET",
      "RequestHeaders": {
        "Accept": "*/*",
        "Accept-Encoding": "gzip, deflate",
        "Connection": "keep-alive",
        "User-Agent": "azsdk-python-azure-mgmt-compute/27.1.0 Python/3.8.12 (Linux-5.13.0-1023-azure-x86_64-with-glibc2.2.5) VSTS_0fb41ef4-5012-48a9-bf39-4ee3de03ee35_build_2500_0"
      },
      "RequestBody": null,
      "StatusCode": 200,
      "ResponseHeaders": {
        "Cache-Control": "no-cache",
        "Content-Encoding": "gzip",
        "Content-Type": "application/json; charset=utf-8",
        "Date": "Tue, 31 May 2022 10:34:31 GMT",
        "Expires": "-1",
        "Pragma": "no-cache",
        "Server": [
          "Microsoft-HTTPAPI/2.0",
          "Microsoft-HTTPAPI/2.0"
        ],
        "Strict-Transport-Security": "max-age=31536000; includeSubDomains",
        "Transfer-Encoding": "chunked",
        "Vary": "Accept-Encoding",
        "X-Content-Type-Options": "nosniff",
        "x-ms-correlation-request-id": "3aac9c0f-5996-461f-9da2-053fb8ba8590",
        "x-ms-ratelimit-remaining-resource": "Microsoft.Compute/GetOperation3Min;14983,Microsoft.Compute/GetOperation30Min;29950",
        "x-ms-ratelimit-remaining-subscription-reads": "11952",
        "x-ms-routing-request-id": "WESTUS:20220531T103432Z:3aac9c0f-5996-461f-9da2-053fb8ba8590"
      },
      "ResponseBody": {
        "startTime": "2022-05-31T10:32:31.7261944\u002B00:00",
        "endTime": "2022-05-31T10:34:17.1798536\u002B00:00",
        "status": "Succeeded",
        "name": "c7a27c00-5b73-4285-9b20-71728f22790e"
      }
    },
    {
      "RequestUri": "https://management.azure.com/subscriptions/00000000-0000-0000-0000-000000000000/providers/Microsoft.Compute/locations/eastus/operations/c7a27c00-5b73-4285-9b20-71728f22790e?p=54253b73-cb53-496f-ab42-5e5ee19426f8\u0026monitor=true\u0026api-version=2022-03-01",
      "RequestMethod": "GET",
      "RequestHeaders": {
        "Accept": "*/*",
        "Accept-Encoding": "gzip, deflate",
        "Connection": "keep-alive",
        "User-Agent": "azsdk-python-azure-mgmt-compute/27.1.0 Python/3.8.12 (Linux-5.13.0-1023-azure-x86_64-with-glibc2.2.5) VSTS_0fb41ef4-5012-48a9-bf39-4ee3de03ee35_build_2500_0"
      },
      "RequestBody": null,
      "StatusCode": 200,
      "ResponseHeaders": {
        "Cache-Control": "no-cache",
        "Content-Length": "0",
        "Date": "Tue, 31 May 2022 10:34:31 GMT",
        "Expires": "-1",
        "Pragma": "no-cache",
        "Server": [
          "Microsoft-HTTPAPI/2.0",
          "Microsoft-HTTPAPI/2.0"
        ],
        "Strict-Transport-Security": "max-age=31536000; includeSubDomains",
        "X-Content-Type-Options": "nosniff",
        "x-ms-correlation-request-id": "6712e7ea-da31-4cfc-b029-3109314cff5a",
        "x-ms-ratelimit-remaining-resource": "Microsoft.Compute/GetOperation3Min;14982,Microsoft.Compute/GetOperation30Min;29949",
        "x-ms-ratelimit-remaining-subscription-reads": "11951",
        "x-ms-routing-request-id": "WESTUS:20220531T103432Z:6712e7ea-da31-4cfc-b029-3109314cff5a"
      },
      "ResponseBody": null
    },
    {
      "RequestUri": "https://management.azure.com/subscriptions/00000000-0000-0000-0000-000000000000/resourceGroups/rgname/providers/Microsoft.Compute/virtualMachines/virtualmachinexeb772750?api-version=2022-03-01",
      "RequestMethod": "PATCH",
      "RequestHeaders": {
        "Accept": "application/json",
        "Accept-Encoding": "gzip, deflate",
        "Connection": "keep-alive",
        "Content-Length": "242",
        "Content-Type": "application/json",
        "User-Agent": "azsdk-python-azure-mgmt-compute/27.1.0 Python/3.8.12 (Linux-5.13.0-1023-azure-x86_64-with-glibc2.2.5) VSTS_0fb41ef4-5012-48a9-bf39-4ee3de03ee35_build_2500_0"
      },
      "RequestBody": {
        "properties": {
          "networkProfile": {
            "networkInterfaces": [
              {
                "id": "/subscriptions/00000000-0000-0000-0000-000000000000/resourceGroups/rgname/providers/Microsoft.Network/networkInterfaces/interfacexeb772750",
                "properties": {
                  "primary": true
                }
              }
            ]
          }
        }
      },
      "StatusCode": 200,
      "ResponseHeaders": {
        "Cache-Control": "no-cache",
        "Content-Encoding": "gzip",
        "Content-Type": "application/json; charset=utf-8",
        "Date": "Tue, 31 May 2022 10:34:33 GMT",
        "Expires": "-1",
        "Pragma": "no-cache",
        "Server": [
          "Microsoft-HTTPAPI/2.0",
          "Microsoft-HTTPAPI/2.0"
        ],
        "Strict-Transport-Security": "max-age=31536000; includeSubDomains",
        "Transfer-Encoding": "chunked",
        "Vary": "Accept-Encoding",
        "X-Content-Type-Options": "nosniff",
        "x-ms-correlation-request-id": "647f80f7-31a0-4313-8043-ed20e45ec9d1",
        "x-ms-ratelimit-remaining-resource": "Microsoft.Compute/PutVM3Min;828,Microsoft.Compute/PutVM30Min;4144",
        "x-ms-ratelimit-remaining-subscription-writes": "1193",
        "x-ms-routing-request-id": "WESTUS:20220531T103433Z:647f80f7-31a0-4313-8043-ed20e45ec9d1"
      },
      "ResponseBody": {
        "name": "virtualmachinexeb772750",
        "id": "/subscriptions/00000000-0000-0000-0000-000000000000/resourceGroups/rgname/providers/Microsoft.Compute/virtualMachines/virtualmachinexeb772750",
        "type": "Microsoft.Compute/virtualMachines",
        "location": "eastus",
        "properties": {
          "vmId": "3b8fab22-cc6a-443d-aae6-7a33ec0e8e96",
          "hardwareProfile": {
            "vmSize": "Standard_D2_v2"
          },
          "storageProfile": {
            "imageReference": {
              "publisher": "MicrosoftWindowsServer",
              "offer": "WindowsServer",
              "sku": "2016-Datacenter",
              "version": "latest",
              "exactVersion": "14393.5125.220505"
            },
            "osDisk": {
              "osType": "Windows",
              "name": "myVMosdisk",
              "createOption": "FromImage",
              "caching": "ReadWrite",
              "managedDisk": {
                "storageAccountType": "Standard_LRS",
                "id": "/subscriptions/00000000-0000-0000-0000-000000000000/resourceGroups/rgname/providers/Microsoft.Compute/disks/myVMosdisk"
              },
              "deleteOption": "Detach",
              "diskSizeGB": 127
            },
            "dataDisks": [
              {
                "lun": 0,
                "name": "virtualmachinexeb772750_disk2_0d86769d181c4521b980f878926528c2",
                "createOption": "Empty",
                "caching": "None",
                "managedDisk": {
                  "storageAccountType": "Standard_LRS",
                  "id": "/subscriptions/00000000-0000-0000-0000-000000000000/resourceGroups/rgname/providers/Microsoft.Compute/disks/virtualmachinexeb772750_disk2_0d86769d181c4521b980f878926528c2"
                },
                "deleteOption": "Detach",
                "diskSizeGB": 1023,
                "toBeDetached": false
              },
              {
                "lun": 1,
                "name": "virtualmachinexeb772750_disk3_15c148fb457b49cfae0b899df7b1f715",
                "createOption": "Empty",
                "caching": "None",
                "managedDisk": {
                  "storageAccountType": "Standard_LRS",
                  "id": "/subscriptions/00000000-0000-0000-0000-000000000000/resourceGroups/rgname/providers/Microsoft.Compute/disks/virtualmachinexeb772750_disk3_15c148fb457b49cfae0b899df7b1f715"
                },
                "deleteOption": "Detach",
                "diskSizeGB": 1023,
                "toBeDetached": false
              }
            ]
          },
          "osProfile": {
            "computerName": "myVM",
            "adminUsername": "testuser",
            "windowsConfiguration": {
              "provisionVMAgent": true,
              "enableAutomaticUpdates": true,
              "patchSettings": {
                "patchMode": "AutomaticByOS",
                "assessmentMode": "ImageDefault"
              },
              "enableVMAgentPlatformUpdates": false
            },
            "secrets": [],
            "allowExtensionOperations": true,
            "requireGuestProvisionSignal": true
          },
          "networkProfile": {
            "networkInterfaces": [
              {
                "id": "/subscriptions/00000000-0000-0000-0000-000000000000/resourceGroups/rgname/providers/Microsoft.Network/networkInterfaces/interfacexeb772750",
                "properties": {
                  "primary": true
                }
              }
            ]
          },
          "provisioningState": "Updating",
          "timeCreated": "2022-05-31T10:23:34.6460222\u002B00:00"
        }
      }
    },
    {
      "RequestUri": "https://management.azure.com/subscriptions/00000000-0000-0000-0000-000000000000/resourceGroups/rgname/providers/Microsoft.Compute/virtualMachines/virtualmachinexeb772750?api-version=2022-03-01",
      "RequestMethod": "GET",
      "RequestHeaders": {
        "Accept": "*/*",
        "Accept-Encoding": "gzip, deflate",
        "Connection": "keep-alive",
        "User-Agent": "azsdk-python-azure-mgmt-compute/27.1.0 Python/3.8.12 (Linux-5.13.0-1023-azure-x86_64-with-glibc2.2.5) VSTS_0fb41ef4-5012-48a9-bf39-4ee3de03ee35_build_2500_0"
      },
      "RequestBody": null,
      "StatusCode": 200,
      "ResponseHeaders": {
        "Cache-Control": "no-cache",
        "Content-Encoding": "gzip",
        "Content-Type": "application/json; charset=utf-8",
        "Date": "Tue, 31 May 2022 10:35:03 GMT",
        "Expires": "-1",
        "Pragma": "no-cache",
        "Server": [
          "Microsoft-HTTPAPI/2.0",
          "Microsoft-HTTPAPI/2.0"
        ],
        "Strict-Transport-Security": "max-age=31536000; includeSubDomains",
        "Transfer-Encoding": "chunked",
        "Vary": "Accept-Encoding",
        "X-Content-Type-Options": "nosniff",
        "x-ms-correlation-request-id": "dbfc8ffe-96bd-411f-823a-cb4cc99e2e54",
        "x-ms-ratelimit-remaining-resource": "Microsoft.Compute/LowCostGet3Min;3993,Microsoft.Compute/LowCostGet30Min;31979",
        "x-ms-ratelimit-remaining-subscription-reads": "11950",
        "x-ms-routing-request-id": "WESTUS:20220531T103503Z:dbfc8ffe-96bd-411f-823a-cb4cc99e2e54"
      },
      "ResponseBody": {
        "name": "virtualmachinexeb772750",
        "id": "/subscriptions/00000000-0000-0000-0000-000000000000/resourceGroups/rgname/providers/Microsoft.Compute/virtualMachines/virtualmachinexeb772750",
        "type": "Microsoft.Compute/virtualMachines",
        "location": "eastus",
        "properties": {
          "vmId": "3b8fab22-cc6a-443d-aae6-7a33ec0e8e96",
          "hardwareProfile": {
            "vmSize": "Standard_D2_v2"
          },
          "storageProfile": {
            "imageReference": {
              "publisher": "MicrosoftWindowsServer",
              "offer": "WindowsServer",
              "sku": "2016-Datacenter",
              "version": "latest",
              "exactVersion": "14393.5125.220505"
            },
            "osDisk": {
              "osType": "Windows",
              "name": "myVMosdisk",
              "createOption": "FromImage",
              "caching": "ReadWrite",
              "managedDisk": {
                "storageAccountType": "Standard_LRS",
                "id": "/subscriptions/00000000-0000-0000-0000-000000000000/resourceGroups/rgname/providers/Microsoft.Compute/disks/myVMosdisk"
              },
              "deleteOption": "Detach",
              "diskSizeGB": 127
            },
            "dataDisks": [
              {
                "lun": 0,
                "name": "virtualmachinexeb772750_disk2_0d86769d181c4521b980f878926528c2",
                "createOption": "Empty",
                "caching": "None",
                "managedDisk": {
                  "storageAccountType": "Standard_LRS",
                  "id": "/subscriptions/00000000-0000-0000-0000-000000000000/resourceGroups/rgname/providers/Microsoft.Compute/disks/virtualmachinexeb772750_disk2_0d86769d181c4521b980f878926528c2"
                },
                "deleteOption": "Detach",
                "diskSizeGB": 1023,
                "toBeDetached": false
              },
              {
                "lun": 1,
                "name": "virtualmachinexeb772750_disk3_15c148fb457b49cfae0b899df7b1f715",
                "createOption": "Empty",
                "caching": "None",
                "managedDisk": {
                  "storageAccountType": "Standard_LRS",
                  "id": "/subscriptions/00000000-0000-0000-0000-000000000000/resourceGroups/rgname/providers/Microsoft.Compute/disks/virtualmachinexeb772750_disk3_15c148fb457b49cfae0b899df7b1f715"
                },
                "deleteOption": "Detach",
                "diskSizeGB": 1023,
                "toBeDetached": false
              }
            ]
          },
          "osProfile": {
            "computerName": "myVM",
            "adminUsername": "testuser",
            "windowsConfiguration": {
              "provisionVMAgent": true,
              "enableAutomaticUpdates": true,
              "patchSettings": {
                "patchMode": "AutomaticByOS",
                "assessmentMode": "ImageDefault"
              },
              "enableVMAgentPlatformUpdates": false
            },
            "secrets": [],
            "allowExtensionOperations": true,
            "requireGuestProvisionSignal": true
          },
          "networkProfile": {
            "networkInterfaces": [
              {
                "id": "/subscriptions/00000000-0000-0000-0000-000000000000/resourceGroups/rgname/providers/Microsoft.Network/networkInterfaces/interfacexeb772750",
                "properties": {
                  "primary": true
                }
              }
            ]
          },
          "provisioningState": "Succeeded",
          "timeCreated": "2022-05-31T10:23:34.6460222\u002B00:00"
        }
      }
    },
    {
      "RequestUri": "https://management.azure.com/subscriptions/00000000-0000-0000-0000-000000000000/resourceGroups/rgname/providers/Microsoft.Compute/virtualMachines/virtualmachinexeb772750/generalize?api-version=2022-03-01",
      "RequestMethod": "POST",
      "RequestHeaders": {
        "Accept": "application/json",
        "Accept-Encoding": "gzip, deflate",
        "Connection": "keep-alive",
        "Content-Length": "0",
        "User-Agent": "azsdk-python-azure-mgmt-compute/27.1.0 Python/3.8.12 (Linux-5.13.0-1023-azure-x86_64-with-glibc2.2.5) VSTS_0fb41ef4-5012-48a9-bf39-4ee3de03ee35_build_2500_0"
      },
      "RequestBody": null,
      "StatusCode": 200,
      "ResponseHeaders": {
        "Cache-Control": "no-cache",
        "Content-Length": "0",
        "Date": "Tue, 31 May 2022 10:35:03 GMT",
        "Expires": "-1",
        "Pragma": "no-cache",
        "Server": [
          "Microsoft-HTTPAPI/2.0",
          "Microsoft-HTTPAPI/2.0"
        ],
        "Strict-Transport-Security": "max-age=31536000; includeSubDomains",
        "X-Content-Type-Options": "nosniff",
        "x-ms-correlation-request-id": "7b1b5440-6c93-46b1-adcc-40de6c2b209f",
        "x-ms-ratelimit-remaining-resource": "Microsoft.Compute/UpdateVM3Min;238,Microsoft.Compute/UpdateVM30Min;1189",
        "x-ms-ratelimit-remaining-subscription-writes": "1192",
        "x-ms-routing-request-id": "WESTUS:20220531T103504Z:7b1b5440-6c93-46b1-adcc-40de6c2b209f"
      },
      "ResponseBody": null
    },
    {
      "RequestUri": "https://management.azure.com/subscriptions/00000000-0000-0000-0000-000000000000/resourceGroups/rgname/providers/Microsoft.Compute/virtualMachines/virtualmachinexeb772750/deallocate?api-version=2022-03-01",
      "RequestMethod": "POST",
      "RequestHeaders": {
        "Accept": "application/json",
        "Accept-Encoding": "gzip, deflate",
        "Connection": "keep-alive",
        "Content-Length": "0",
        "User-Agent": "azsdk-python-azure-mgmt-compute/27.1.0 Python/3.8.12 (Linux-5.13.0-1023-azure-x86_64-with-glibc2.2.5) VSTS_0fb41ef4-5012-48a9-bf39-4ee3de03ee35_build_2500_0"
      },
      "RequestBody": null,
      "StatusCode": 202,
      "ResponseHeaders": {
        "Azure-AsyncOperation": "https://management.azure.com/subscriptions/00000000-0000-0000-0000-000000000000/providers/Microsoft.Compute/locations/eastus/operations/5a4c8b26-53c0-4e35-a438-c351148af7cd?p=54253b73-cb53-496f-ab42-5e5ee19426f8\u0026api-version=2022-03-01",
        "Cache-Control": "no-cache",
        "Content-Length": "0",
        "Date": "Tue, 31 May 2022 10:35:04 GMT",
        "Expires": "-1",
        "Location": "https://management.azure.com/subscriptions/00000000-0000-0000-0000-000000000000/providers/Microsoft.Compute/locations/eastus/operations/5a4c8b26-53c0-4e35-a438-c351148af7cd?p=54253b73-cb53-496f-ab42-5e5ee19426f8\u0026monitor=true\u0026api-version=2022-03-01",
        "Pragma": "no-cache",
        "Retry-After": "10",
        "Server": [
          "Microsoft-HTTPAPI/2.0",
          "Microsoft-HTTPAPI/2.0"
        ],
        "Strict-Transport-Security": "max-age=31536000; includeSubDomains",
        "X-Content-Type-Options": "nosniff",
        "x-ms-correlation-request-id": "de6d905a-8729-43ae-bc70-6b19284a6339",
        "x-ms-ratelimit-remaining-resource": "Microsoft.Compute/DeleteVM3Min;239,Microsoft.Compute/DeleteVM30Min;1199",
        "x-ms-ratelimit-remaining-subscription-writes": "1191",
        "x-ms-routing-request-id": "WESTUS:20220531T103504Z:de6d905a-8729-43ae-bc70-6b19284a6339"
      },
      "ResponseBody": null
    },
    {
      "RequestUri": "https://management.azure.com/subscriptions/00000000-0000-0000-0000-000000000000/providers/Microsoft.Compute/locations/eastus/operations/5a4c8b26-53c0-4e35-a438-c351148af7cd?p=54253b73-cb53-496f-ab42-5e5ee19426f8\u0026api-version=2022-03-01",
      "RequestMethod": "GET",
      "RequestHeaders": {
        "Accept": "*/*",
        "Accept-Encoding": "gzip, deflate",
        "Connection": "keep-alive",
        "User-Agent": "azsdk-python-azure-mgmt-compute/27.1.0 Python/3.8.12 (Linux-5.13.0-1023-azure-x86_64-with-glibc2.2.5) VSTS_0fb41ef4-5012-48a9-bf39-4ee3de03ee35_build_2500_0"
      },
      "RequestBody": null,
      "StatusCode": 200,
      "ResponseHeaders": {
        "Cache-Control": "no-cache",
        "Content-Encoding": "gzip",
        "Content-Type": "application/json; charset=utf-8",
        "Date": "Tue, 31 May 2022 10:35:14 GMT",
        "Expires": "-1",
        "Pragma": "no-cache",
        "Server": [
          "Microsoft-HTTPAPI/2.0",
          "Microsoft-HTTPAPI/2.0"
        ],
        "Strict-Transport-Security": "max-age=31536000; includeSubDomains",
        "Transfer-Encoding": "chunked",
        "Vary": "Accept-Encoding",
        "X-Content-Type-Options": "nosniff",
        "x-ms-correlation-request-id": "a5a01ba8-6c8f-4901-90fd-132428e92167",
        "x-ms-ratelimit-remaining-resource": "Microsoft.Compute/GetOperation3Min;14983,Microsoft.Compute/GetOperation30Min;29947",
        "x-ms-ratelimit-remaining-subscription-reads": "11949",
        "x-ms-routing-request-id": "WESTUS:20220531T103514Z:a5a01ba8-6c8f-4901-90fd-132428e92167"
      },
      "ResponseBody": {
        "startTime": "2022-05-31T10:35:04.1019649\u002B00:00",
        "status": "InProgress",
        "name": "5a4c8b26-53c0-4e35-a438-c351148af7cd"
      }
    },
    {
      "RequestUri": "https://management.azure.com/subscriptions/00000000-0000-0000-0000-000000000000/providers/Microsoft.Compute/locations/eastus/operations/5a4c8b26-53c0-4e35-a438-c351148af7cd?p=54253b73-cb53-496f-ab42-5e5ee19426f8\u0026api-version=2022-03-01",
      "RequestMethod": "GET",
      "RequestHeaders": {
        "Accept": "*/*",
        "Accept-Encoding": "gzip, deflate",
        "Connection": "keep-alive",
        "User-Agent": "azsdk-python-azure-mgmt-compute/27.1.0 Python/3.8.12 (Linux-5.13.0-1023-azure-x86_64-with-glibc2.2.5) VSTS_0fb41ef4-5012-48a9-bf39-4ee3de03ee35_build_2500_0"
      },
      "RequestBody": null,
      "StatusCode": 200,
      "ResponseHeaders": {
        "Cache-Control": "no-cache",
        "Content-Encoding": "gzip",
        "Content-Type": "application/json; charset=utf-8",
        "Date": "Tue, 31 May 2022 10:35:43 GMT",
        "Expires": "-1",
        "Pragma": "no-cache",
        "Server": [
          "Microsoft-HTTPAPI/2.0",
          "Microsoft-HTTPAPI/2.0"
        ],
        "Strict-Transport-Security": "max-age=31536000; includeSubDomains",
        "Transfer-Encoding": "chunked",
        "Vary": "Accept-Encoding",
        "X-Content-Type-Options": "nosniff",
        "x-ms-correlation-request-id": "11a3d6e7-6f66-4315-a189-2b84bf0f81b5",
        "x-ms-ratelimit-remaining-resource": "Microsoft.Compute/GetOperation3Min;14986,Microsoft.Compute/GetOperation30Min;29946",
        "x-ms-ratelimit-remaining-subscription-reads": "11948",
        "x-ms-routing-request-id": "WESTUS:20220531T103544Z:11a3d6e7-6f66-4315-a189-2b84bf0f81b5"
      },
      "ResponseBody": {
        "startTime": "2022-05-31T10:35:04.1019649\u002B00:00",
        "endTime": "2022-05-31T10:35:38.9927866\u002B00:00",
        "status": "Succeeded",
        "name": "5a4c8b26-53c0-4e35-a438-c351148af7cd"
      }
    },
    {
      "RequestUri": "https://management.azure.com/subscriptions/00000000-0000-0000-0000-000000000000/providers/Microsoft.Compute/locations/eastus/operations/5a4c8b26-53c0-4e35-a438-c351148af7cd?p=54253b73-cb53-496f-ab42-5e5ee19426f8\u0026monitor=true\u0026api-version=2022-03-01",
      "RequestMethod": "GET",
      "RequestHeaders": {
        "Accept": "*/*",
        "Accept-Encoding": "gzip, deflate",
        "Connection": "keep-alive",
        "User-Agent": "azsdk-python-azure-mgmt-compute/27.1.0 Python/3.8.12 (Linux-5.13.0-1023-azure-x86_64-with-glibc2.2.5) VSTS_0fb41ef4-5012-48a9-bf39-4ee3de03ee35_build_2500_0"
      },
      "RequestBody": null,
      "StatusCode": 200,
      "ResponseHeaders": {
        "Cache-Control": "no-cache",
        "Content-Length": "0",
        "Date": "Tue, 31 May 2022 10:35:43 GMT",
        "Expires": "-1",
        "Pragma": "no-cache",
        "Server": [
          "Microsoft-HTTPAPI/2.0",
          "Microsoft-HTTPAPI/2.0"
        ],
        "Strict-Transport-Security": "max-age=31536000; includeSubDomains",
        "X-Content-Type-Options": "nosniff",
        "x-ms-correlation-request-id": "f2f0073a-027e-49b2-b524-98f426bdb599",
        "x-ms-ratelimit-remaining-resource": "Microsoft.Compute/GetOperation3Min;14985,Microsoft.Compute/GetOperation30Min;29945",
        "x-ms-ratelimit-remaining-subscription-reads": "11947",
        "x-ms-routing-request-id": "WESTUS:20220531T103544Z:f2f0073a-027e-49b2-b524-98f426bdb599"
      },
      "ResponseBody": null
    },
    {
      "RequestUri": "https://management.azure.com/subscriptions/00000000-0000-0000-0000-000000000000/resourceGroups/rgname/providers/Microsoft.Compute/virtualMachines/virtualmachinexeb772750?api-version=2022-03-01",
      "RequestMethod": "DELETE",
      "RequestHeaders": {
        "Accept": "application/json",
        "Accept-Encoding": "gzip, deflate",
        "Connection": "keep-alive",
        "Content-Length": "0",
        "User-Agent": "azsdk-python-azure-mgmt-compute/27.1.0 Python/3.8.12 (Linux-5.13.0-1023-azure-x86_64-with-glibc2.2.5) VSTS_0fb41ef4-5012-48a9-bf39-4ee3de03ee35_build_2500_0"
      },
      "RequestBody": null,
      "StatusCode": 202,
      "ResponseHeaders": {
        "Azure-AsyncNotification": "Enabled",
        "Azure-AsyncOperation": "https://management.azure.com/subscriptions/00000000-0000-0000-0000-000000000000/providers/Microsoft.Compute/locations/eastus/operations/eda6f8a6-94d3-4856-a46a-cc495b87b1e5?p=54253b73-cb53-496f-ab42-5e5ee19426f8\u0026api-version=2022-03-01",
        "Cache-Control": "no-cache",
        "Content-Length": "0",
        "Date": "Tue, 31 May 2022 10:35:44 GMT",
        "Expires": "-1",
        "Location": "https://management.azure.com/subscriptions/00000000-0000-0000-0000-000000000000/providers/Microsoft.Compute/locations/eastus/operations/eda6f8a6-94d3-4856-a46a-cc495b87b1e5?p=54253b73-cb53-496f-ab42-5e5ee19426f8\u0026monitor=true\u0026api-version=2022-03-01",
        "Pragma": "no-cache",
        "Retry-After": "10",
        "Server": [
          "Microsoft-HTTPAPI/2.0",
          "Microsoft-HTTPAPI/2.0"
        ],
        "Strict-Transport-Security": "max-age=31536000; includeSubDomains",
        "X-Content-Type-Options": "nosniff",
        "x-ms-correlation-request-id": "e7330845-98ca-46c0-a9ed-c26d246552c8",
        "x-ms-ratelimit-remaining-resource": "Microsoft.Compute/DeleteVM3Min;238,Microsoft.Compute/DeleteVM30Min;1198",
        "x-ms-ratelimit-remaining-subscription-deletes": "14995",
        "x-ms-routing-request-id": "WESTUS:20220531T103545Z:e7330845-98ca-46c0-a9ed-c26d246552c8"
      },
      "ResponseBody": null
    },
    {
      "RequestUri": "https://management.azure.com/subscriptions/00000000-0000-0000-0000-000000000000/providers/Microsoft.Compute/locations/eastus/operations/eda6f8a6-94d3-4856-a46a-cc495b87b1e5?p=54253b73-cb53-496f-ab42-5e5ee19426f8\u0026api-version=2022-03-01",
      "RequestMethod": "GET",
      "RequestHeaders": {
        "Accept": "*/*",
        "Accept-Encoding": "gzip, deflate",
        "Connection": "keep-alive",
        "User-Agent": "azsdk-python-azure-mgmt-compute/27.1.0 Python/3.8.12 (Linux-5.13.0-1023-azure-x86_64-with-glibc2.2.5) VSTS_0fb41ef4-5012-48a9-bf39-4ee3de03ee35_build_2500_0"
      },
      "RequestBody": null,
      "StatusCode": 200,
      "ResponseHeaders": {
        "Cache-Control": "no-cache",
        "Content-Encoding": "gzip",
        "Content-Type": "application/json; charset=utf-8",
        "Date": "Tue, 31 May 2022 10:35:54 GMT",
        "Expires": "-1",
        "Pragma": "no-cache",
        "Server": [
          "Microsoft-HTTPAPI/2.0",
          "Microsoft-HTTPAPI/2.0"
        ],
        "Strict-Transport-Security": "max-age=31536000; includeSubDomains",
        "Transfer-Encoding": "chunked",
        "Vary": "Accept-Encoding",
        "X-Content-Type-Options": "nosniff",
        "x-ms-correlation-request-id": "ab6fc8ff-b591-4302-bf03-e51123b4fac1",
        "x-ms-ratelimit-remaining-resource": "Microsoft.Compute/GetOperation3Min;14983,Microsoft.Compute/GetOperation30Min;29943",
        "x-ms-ratelimit-remaining-subscription-reads": "11946",
        "x-ms-routing-request-id": "WESTUS:20220531T103555Z:ab6fc8ff-b591-4302-bf03-e51123b4fac1"
      },
      "ResponseBody": {
        "startTime": "2022-05-31T10:35:45.1334421\u002B00:00",
        "endTime": "2022-05-31T10:35:45.633444\u002B00:00",
        "status": "Succeeded",
        "name": "eda6f8a6-94d3-4856-a46a-cc495b87b1e5"
      }
    }
  ],
  "Variables": {}
}
