{
  "Entries": [
    {
      "RequestUri": "https://login.microsoftonline.com/00000000-0000-0000-0000-000000000000/v2.0/.well-known/openid-configuration",
      "RequestMethod": "GET",
      "RequestHeaders": {
        "Accept": "*/*",
        "Accept-Encoding": "gzip, deflate",
        "Connection": "keep-alive",
        "User-Agent": "azsdk-python-identity/1.12.0b1 Python/3.8.13 (Linux-5.15.0-1019-azure-x86_64-with-glibc2.2.5) VSTS_0fb41ef4-5012-48a9-bf39-4ee3de03ee35_build_2500_0"
      },
      "RequestBody": null,
      "StatusCode": 200,
      "ResponseHeaders": {
        "Access-Control-Allow-Methods": "GET, OPTIONS",
        "Access-Control-Allow-Origin": "*",
        "Cache-Control": "max-age=86400, private",
        "Content-Length": "1753",
        "Content-Type": "application/json; charset=utf-8",
        "Date": "Tue, 20 Sep 2022 04:41:03 GMT",
        "P3P": "CP=\u0022DSP CUR OTPi IND OTRi ONL FIN\u0022",
        "Set-Cookie": "[set-cookie;]",
        "Strict-Transport-Security": "max-age=31536000; includeSubDomains",
        "X-Content-Type-Options": "nosniff",
        "x-ms-ests-server": "2.1.13672.7 - WUS2 ProdSlices",
        "X-XSS-Protection": "0"
      },
      "ResponseBody": {
        "token_endpoint": "https://login.microsoftonline.com/00000000-0000-0000-0000-000000000000/oauth2/v2.0/token",
        "token_endpoint_auth_methods_supported": [
          "client_secret_post",
          "private_key_jwt",
          "client_secret_basic"
        ],
        "jwks_uri": "https://login.microsoftonline.com/00000000-0000-0000-0000-000000000000/discovery/v2.0/keys",
        "response_modes_supported": [
          "query",
          "fragment",
          "form_post"
        ],
        "subject_types_supported": [
          "pairwise"
        ],
        "id_token_signing_alg_values_supported": [
          "RS256"
        ],
        "response_types_supported": [
          "code",
          "id_token",
          "code id_token",
          "id_token token"
        ],
        "scopes_supported": [
          "openid",
          "profile",
          "email",
          "offline_access"
        ],
        "issuer": "https://login.microsoftonline.com/00000000-0000-0000-0000-000000000000/v2.0",
        "request_uri_parameter_supported": false,
        "userinfo_endpoint": "https://graph.microsoft.com/oidc/userinfo",
        "authorization_endpoint": "https://login.microsoftonline.com/00000000-0000-0000-0000-000000000000/oauth2/v2.0/authorize",
        "device_authorization_endpoint": "https://login.microsoftonline.com/00000000-0000-0000-0000-000000000000/oauth2/v2.0/devicecode",
        "http_logout_supported": true,
        "frontchannel_logout_supported": true,
        "end_session_endpoint": "https://login.microsoftonline.com/00000000-0000-0000-0000-000000000000/oauth2/v2.0/logout",
        "claims_supported": [
          "sub",
          "iss",
          "cloud_instance_name",
          "cloud_instance_host_name",
          "cloud_graph_host_name",
          "msgraph_host",
          "aud",
          "exp",
          "iat",
          "auth_time",
          "acr",
          "nonce",
          "preferred_username",
          "name",
          "tid",
          "ver",
          "at_hash",
          "c_hash",
          "email"
        ],
        "kerberos_endpoint": "https://login.microsoftonline.com/00000000-0000-0000-0000-000000000000/kerberos",
        "tenant_region_scope": "WW",
        "cloud_instance_name": "microsoftonline.com",
        "cloud_graph_host_name": "graph.windows.net",
        "msgraph_host": "graph.microsoft.com",
        "rbac_url": "https://pas.windows.net"
      }
    },
    {
      "RequestUri": "https://login.microsoftonline.com/common/discovery/instance?api-version=1.1\u0026authorization_endpoint=https://login.microsoftonline.com/common/oauth2/authorize",
      "RequestMethod": "GET",
      "RequestHeaders": {
        "Accept": "application/json",
        "Accept-Encoding": "gzip, deflate",
        "Connection": "keep-alive",
        "Cookie": "cookie;",
        "User-Agent": "azsdk-python-identity/1.12.0b1 Python/3.8.13 (Linux-5.15.0-1019-azure-x86_64-with-glibc2.2.5) VSTS_0fb41ef4-5012-48a9-bf39-4ee3de03ee35_build_2500_0"
      },
      "RequestBody": null,
      "StatusCode": 200,
      "ResponseHeaders": {
        "Access-Control-Allow-Methods": "GET, OPTIONS",
        "Access-Control-Allow-Origin": "*",
        "Cache-Control": "max-age=86400, private",
        "Content-Length": "945",
        "Content-Type": "application/json; charset=utf-8",
        "Date": "Tue, 20 Sep 2022 04:41:04 GMT",
        "P3P": "CP=\u0022DSP CUR OTPi IND OTRi ONL FIN\u0022",
        "Set-Cookie": "[set-cookie;]",
        "Strict-Transport-Security": "max-age=31536000; includeSubDomains",
        "X-Content-Type-Options": "nosniff",
        "x-ms-ests-server": "2.1.13622.7 - SCUS ProdSlices",
        "X-XSS-Protection": "0"
      },
      "ResponseBody": {
        "tenant_discovery_endpoint": "https://login.microsoftonline.com/common/.well-known/openid-configuration",
        "api-version": "1.1",
        "metadata": [
          {
            "preferred_network": "login.microsoftonline.com",
            "preferred_cache": "login.windows.net",
            "aliases": [
              "login.microsoftonline.com",
              "login.windows.net",
              "login.microsoft.com",
              "sts.windows.net"
            ]
          },
          {
            "preferred_network": "login.partner.microsoftonline.cn",
            "preferred_cache": "login.partner.microsoftonline.cn",
            "aliases": [
              "login.partner.microsoftonline.cn",
              "login.chinacloudapi.cn"
            ]
          },
          {
            "preferred_network": "login.microsoftonline.de",
            "preferred_cache": "login.microsoftonline.de",
            "aliases": [
              "login.microsoftonline.de"
            ]
          },
          {
            "preferred_network": "login.microsoftonline.us",
            "preferred_cache": "login.microsoftonline.us",
            "aliases": [
              "login.microsoftonline.us",
              "login.usgovcloudapi.net"
            ]
          },
          {
            "preferred_network": "login-us.microsoftonline.com",
            "preferred_cache": "login-us.microsoftonline.com",
            "aliases": [
              "login-us.microsoftonline.com"
            ]
          }
        ]
      }
    },
    {
      "RequestUri": "https://login.microsoftonline.com/00000000-0000-0000-0000-000000000000/oauth2/v2.0/token",
      "RequestMethod": "POST",
      "RequestHeaders": {
        "Accept": "application/json",
        "Accept-Encoding": "gzip, deflate",
        "client-request-id": "b1b5b8be-6595-4759-a1df-582b6144cd54",
        "Connection": "keep-alive",
        "Content-Length": "288",
        "Content-Type": "application/x-www-form-urlencoded",
        "Cookie": "cookie;",
        "User-Agent": "azsdk-python-identity/1.12.0b1 Python/3.8.13 (Linux-5.15.0-1019-azure-x86_64-with-glibc2.2.5) VSTS_0fb41ef4-5012-48a9-bf39-4ee3de03ee35_build_2500_0",
        "x-client-cpu": "x64",
        "x-client-current-telemetry": "4|730,0|",
        "x-client-last-telemetry": "4|0|||",
        "x-client-os": "linux",
        "x-client-sku": "MSAL.Python",
        "x-client-ver": "1.18.0",
        "x-ms-lib-capability": "retry-after, h429"
      },
      "RequestBody": "client_id=00000000-0000-0000-0000-000000000000\u0026grant_type=client_credentials\u0026client_info=1\u0026client_secret=00000000-0000-0000-0000-000000000000\u0026claims=%7B%22access_token%22%3A\u002B%7B%22xms_cc%22%3A\u002B%7B%22values%22%3A\u002B%5B%22CP1%22%5D%7D%7D%7D\u0026scope=https%3A%2F%2Fmanagement.azure.com%2F.default",
      "StatusCode": 200,
      "ResponseHeaders": {
        "Cache-Control": "no-store, no-cache",
        "client-request-id": "b1b5b8be-6595-4759-a1df-582b6144cd54",
        "Content-Length": "114",
        "Content-Type": "application/json; charset=utf-8",
        "Date": "Tue, 20 Sep 2022 04:41:04 GMT",
        "Expires": "-1",
        "P3P": "CP=\u0022DSP CUR OTPi IND OTRi ONL FIN\u0022",
        "Pragma": "no-cache",
        "Set-Cookie": "[set-cookie;]",
        "Strict-Transport-Security": "max-age=31536000; includeSubDomains",
        "X-Content-Type-Options": "nosniff",
        "x-ms-clitelem": "1,0,0,,",
        "x-ms-ests-server": "2.1.13672.7 - WUS2 ProdSlices",
        "X-XSS-Protection": "0"
      },
      "ResponseBody": {
        "token_type": "Bearer",
        "expires_in": 86399,
        "ext_expires_in": 86399,
        "refresh_in": 43199,
        "access_token": "access_token"
      }
    },
    {
      "RequestUri": "https://management.azure.com/subscriptions/00000000-0000-0000-0000-000000000000/resourceGroups/rgname/providers/Microsoft.Compute/disks/disknamex2e663141?api-version=2019-03-01",
      "RequestMethod": "PUT",
      "RequestHeaders": {
        "Accept": "application/json",
        "Accept-Encoding": "gzip, deflate",
        "Connection": "keep-alive",
        "Content-Length": "100",
        "Content-Type": "application/json",
        "User-Agent": "azsdk-python-azure-mgmt-compute/28.0.0 Python/3.8.13 (Linux-5.15.0-1019-azure-x86_64-with-glibc2.2.5) VSTS_0fb41ef4-5012-48a9-bf39-4ee3de03ee35_build_2500_0"
      },
      "RequestBody": {
        "location": "eastus",
        "properties": {
          "creationData": {
            "createOption": "Empty"
          },
          "diskSizeGB": 200
        }
      },
      "StatusCode": 202,
      "ResponseHeaders": {
        "Azure-AsyncOperation": "https://management.azure.com/subscriptions/00000000-0000-0000-0000-000000000000/providers/Microsoft.Compute/locations/eastus/DiskOperations/8af88ff1-4a66-4702-bead-1ce602da7f85?p=d911c7ed-ab64-4a18-819c-23c3fc88d285\u0026api-version=2019-03-01",
        "Cache-Control": "no-cache",
        "Content-Length": "374",
        "Content-Type": "application/json; charset=utf-8",
        "Date": "Tue, 20 Sep 2022 04:41:06 GMT",
        "Expires": "-1",
        "Location": "https://management.azure.com/subscriptions/00000000-0000-0000-0000-000000000000/providers/Microsoft.Compute/locations/eastus/DiskOperations/8af88ff1-4a66-4702-bead-1ce602da7f85?p=d911c7ed-ab64-4a18-819c-23c3fc88d285\u0026monitor=true\u0026api-version=2019-03-01",
        "Pragma": "no-cache",
        "Retry-After": "2",
        "Server": [
          "Microsoft-HTTPAPI/2.0",
          "Microsoft-HTTPAPI/2.0"
        ],
        "Strict-Transport-Security": "max-age=31536000; includeSubDomains",
        "X-Content-Type-Options": "nosniff",
        "x-ms-correlation-request-id": "1ea68b4e-259d-4f3d-871a-26b767ac45bc",
        "x-ms-ratelimit-remaining-resource": "Microsoft.Compute/CreateUpdateDisks3Min;999,Microsoft.Compute/CreateUpdateDisks30Min;7999",
        "x-ms-ratelimit-remaining-subscription-writes": "1194",
        "x-ms-routing-request-id": "WESTUS:20220920T044106Z:1ea68b4e-259d-4f3d-871a-26b767ac45bc",
        "x-ms-served-by": "d911c7ed-ab64-4a18-819c-23c3fc88d285_133022048975650624"
      },
      "ResponseBody": {
        "name": "disknamex2e663141",
        "id": "/subscriptions/00000000-0000-0000-0000-000000000000/resourceGroups/rgname/providers/Microsoft.Compute/disks/disknamex2e663141",
        "location": "eastus",
        "properties": {
          "creationData": {
            "createOption": "Empty"
          },
          "diskSizeGB": 200,
          "provisioningState": "Updating",
          "isArmResource": true
        }
      }
    },
    {
      "RequestUri": "https://management.azure.com/subscriptions/00000000-0000-0000-0000-000000000000/providers/Microsoft.Compute/locations/eastus/DiskOperations/8af88ff1-4a66-4702-bead-1ce602da7f85?p=d911c7ed-ab64-4a18-819c-23c3fc88d285\u0026api-version=2019-03-01",
      "RequestMethod": "GET",
      "RequestHeaders": {
        "Accept": "*/*",
        "Accept-Encoding": "gzip, deflate",
        "Connection": "keep-alive",
        "User-Agent": "azsdk-python-azure-mgmt-compute/28.0.0 Python/3.8.13 (Linux-5.15.0-1019-azure-x86_64-with-glibc2.2.5) VSTS_0fb41ef4-5012-48a9-bf39-4ee3de03ee35_build_2500_0"
      },
      "RequestBody": null,
      "StatusCode": 200,
      "ResponseHeaders": {
        "Cache-Control": "no-cache",
        "Content-Encoding": "gzip",
        "Content-Type": "application/json; charset=utf-8",
        "Date": "Tue, 20 Sep 2022 04:41:08 GMT",
        "Expires": "-1",
        "Pragma": "no-cache",
        "Server": [
          "Microsoft-HTTPAPI/2.0",
          "Microsoft-HTTPAPI/2.0"
        ],
        "Strict-Transport-Security": "max-age=31536000; includeSubDomains",
        "Transfer-Encoding": "chunked",
        "Vary": "Accept-Encoding",
        "X-Content-Type-Options": "nosniff",
        "x-ms-correlation-request-id": "18108ed4-9257-4367-a3fd-bd3aa5c65a65",
        "x-ms-ratelimit-remaining-resource": "Microsoft.Compute/GetOperation3Min;49999,Microsoft.Compute/GetOperation30Min;399999",
        "x-ms-ratelimit-remaining-subscription-reads": "11997",
        "x-ms-routing-request-id": "WESTUS:20220920T044108Z:18108ed4-9257-4367-a3fd-bd3aa5c65a65",
        "x-ms-served-by": "d911c7ed-ab64-4a18-819c-23c3fc88d285_133022048975650624"
      },
      "ResponseBody": {
        "startTime": "2022-09-20T04:41:06.1628284\u002B00:00",
        "endTime": "2022-09-20T04:41:06.2565623\u002B00:00",
        "status": "Succeeded",
        "properties": {
          "output": {
            "name": "disknamex2e663141",
            "id": "/subscriptions/00000000-0000-0000-0000-000000000000/resourceGroups/rgname/providers/Microsoft.Compute/disks/disknamex2e663141",
            "type": "Microsoft.Compute/disks",
            "location": "eastus",
            "sku": {
              "name": "Standard_LRS",
              "tier": "Standard"
            },
            "properties": {
              "creationData": {
                "createOption": "Empty"
              },
              "diskSizeGB": 200,
              "diskIOPSReadWrite": 500,
              "diskMBpsReadWrite": 60,
              "timeCreated": "2022-09-20T04:41:06.1784545\u002B00:00",
              "provisioningState": "Succeeded",
              "diskState": "Unattached",
              "diskSizeBytes": 214748364800,
              "uniqueId": "88db3e22-7259-46c8-820e-dc68d64e6761"
            }
          }
        },
        "name": "8af88ff1-4a66-4702-bead-1ce602da7f85"
      }
    },
    {
      "RequestUri": "https://management.azure.com/subscriptions/00000000-0000-0000-0000-000000000000/resourceGroups/rgname/providers/Microsoft.Compute/disks/disknamex2e663141?api-version=2019-03-01",
      "RequestMethod": "GET",
      "RequestHeaders": {
        "Accept": "*/*",
        "Accept-Encoding": "gzip, deflate",
        "Connection": "keep-alive",
        "User-Agent": "azsdk-python-azure-mgmt-compute/28.0.0 Python/3.8.13 (Linux-5.15.0-1019-azure-x86_64-with-glibc2.2.5) VSTS_0fb41ef4-5012-48a9-bf39-4ee3de03ee35_build_2500_0"
      },
      "RequestBody": null,
      "StatusCode": 200,
      "ResponseHeaders": {
        "Cache-Control": "no-cache",
        "Content-Encoding": "gzip",
        "Content-Type": "application/json; charset=utf-8",
        "Date": "Tue, 20 Sep 2022 04:41:08 GMT",
        "Expires": "-1",
        "Pragma": "no-cache",
        "Server": [
          "Microsoft-HTTPAPI/2.0",
          "Microsoft-HTTPAPI/2.0"
        ],
        "Strict-Transport-Security": "max-age=31536000; includeSubDomains",
        "Transfer-Encoding": "chunked",
        "Vary": "Accept-Encoding",
        "X-Content-Type-Options": "nosniff",
        "x-ms-correlation-request-id": "ad9765d2-4b2a-46f3-b1c9-85fb0abc02cb",
        "x-ms-ratelimit-remaining-resource": "Microsoft.Compute/LowCostGet3Min;4999,Microsoft.Compute/LowCostGet30Min;39999",
        "x-ms-ratelimit-remaining-subscription-reads": "11996",
        "x-ms-routing-request-id": "WESTUS:20220920T044108Z:ad9765d2-4b2a-46f3-b1c9-85fb0abc02cb",
        "x-ms-served-by": "d911c7ed-ab64-4a18-819c-23c3fc88d285_133022048975650624"
      },
      "ResponseBody": {
        "name": "disknamex2e663141",
        "id": "/subscriptions/00000000-0000-0000-0000-000000000000/resourceGroups/rgname/providers/Microsoft.Compute/disks/disknamex2e663141",
        "type": "Microsoft.Compute/disks",
        "location": "eastus",
        "sku": {
          "name": "Standard_LRS",
          "tier": "Standard"
        },
        "properties": {
          "creationData": {
            "createOption": "Empty"
          },
          "diskSizeGB": 200,
          "diskIOPSReadWrite": 500,
          "diskMBpsReadWrite": 60,
          "timeCreated": "2022-09-20T04:41:06.1784545\u002B00:00",
          "provisioningState": "Succeeded",
          "diskState": "Unattached",
          "diskSizeBytes": 214748364800,
          "uniqueId": "88db3e22-7259-46c8-820e-dc68d64e6761"
        }
      }
    },
    {
      "RequestUri": "https://management.azure.com/subscriptions/00000000-0000-0000-0000-000000000000/resourceGroups/rgname/providers/Microsoft.Compute/disks/disknamex2e663141?api-version=2019-03-01",
      "RequestMethod": "GET",
      "RequestHeaders": {
        "Accept": "application/json",
        "Accept-Encoding": "gzip, deflate",
        "Connection": "keep-alive",
        "User-Agent": "azsdk-python-azure-mgmt-compute/28.0.0 Python/3.8.13 (Linux-5.15.0-1019-azure-x86_64-with-glibc2.2.5) VSTS_0fb41ef4-5012-48a9-bf39-4ee3de03ee35_build_2500_0"
      },
      "RequestBody": null,
      "StatusCode": 200,
      "ResponseHeaders": {
        "Cache-Control": "no-cache",
        "Content-Encoding": "gzip",
        "Content-Type": "application/json; charset=utf-8",
        "Date": "Tue, 20 Sep 2022 04:41:08 GMT",
        "Expires": "-1",
        "Pragma": "no-cache",
        "Server": [
          "Microsoft-HTTPAPI/2.0",
          "Microsoft-HTTPAPI/2.0"
        ],
        "Strict-Transport-Security": "max-age=31536000; includeSubDomains",
        "Transfer-Encoding": "chunked",
        "Vary": "Accept-Encoding",
        "X-Content-Type-Options": "nosniff",
        "x-ms-correlation-request-id": "357df166-527f-44af-90f3-c234e4db5bde",
        "x-ms-ratelimit-remaining-resource": "Microsoft.Compute/LowCostGet3Min;4998,Microsoft.Compute/LowCostGet30Min;39998",
        "x-ms-ratelimit-remaining-subscription-reads": "11995",
        "x-ms-routing-request-id": "WESTUS:20220920T044108Z:357df166-527f-44af-90f3-c234e4db5bde",
        "x-ms-served-by": "d911c7ed-ab64-4a18-819c-23c3fc88d285_133022048975650624"
      },
      "ResponseBody": {
        "name": "disknamex2e663141",
        "id": "/subscriptions/00000000-0000-0000-0000-000000000000/resourceGroups/rgname/providers/Microsoft.Compute/disks/disknamex2e663141",
        "type": "Microsoft.Compute/disks",
        "location": "eastus",
        "sku": {
          "name": "Standard_LRS",
          "tier": "Standard"
        },
        "properties": {
          "creationData": {
            "createOption": "Empty"
          },
          "diskSizeGB": 200,
          "diskIOPSReadWrite": 500,
          "diskMBpsReadWrite": 60,
          "timeCreated": "2022-09-20T04:41:06.1784545\u002B00:00",
          "provisioningState": "Succeeded",
          "diskState": "Unattached",
          "diskSizeBytes": 214748364800,
          "uniqueId": "88db3e22-7259-46c8-820e-dc68d64e6761"
        }
      }
    },
    {
      "RequestUri": "https://management.azure.com/subscriptions/00000000-0000-0000-0000-000000000000/resourceGroups/rgname/providers/Microsoft.Compute/disks/disknamex2e663141?api-version=2019-03-01",
      "RequestMethod": "PATCH",
      "RequestHeaders": {
        "Accept": "application/json",
        "Accept-Encoding": "gzip, deflate",
        "Connection": "keep-alive",
        "Content-Length": "35",
        "Content-Type": "application/json",
        "User-Agent": "azsdk-python-azure-mgmt-compute/28.0.0 Python/3.8.13 (Linux-5.15.0-1019-azure-x86_64-with-glibc2.2.5) VSTS_0fb41ef4-5012-48a9-bf39-4ee3de03ee35_build_2500_0"
      },
      "RequestBody": {
        "properties": {
          "diskSizeGB": 200
        }
      },
      "StatusCode": 202,
      "ResponseHeaders": {
        "Azure-AsyncOperation": "https://management.azure.com/subscriptions/00000000-0000-0000-0000-000000000000/providers/Microsoft.Compute/locations/eastus/DiskOperations/a0ae818f-e093-4cce-aac3-aa88b65f6fe7?p=d911c7ed-ab64-4a18-819c-23c3fc88d285\u0026api-version=2019-03-01",
        "Cache-Control": "no-cache",
        "Content-Length": "479",
        "Content-Type": "application/json; charset=utf-8",
        "Date": "Tue, 20 Sep 2022 04:41:08 GMT",
        "Expires": "-1",
        "Location": "https://management.azure.com/subscriptions/00000000-0000-0000-0000-000000000000/providers/Microsoft.Compute/locations/eastus/DiskOperations/a0ae818f-e093-4cce-aac3-aa88b65f6fe7?p=d911c7ed-ab64-4a18-819c-23c3fc88d285\u0026monitor=true\u0026api-version=2019-03-01",
        "Pragma": "no-cache",
        "Retry-After": "2",
        "Server": [
          "Microsoft-HTTPAPI/2.0",
          "Microsoft-HTTPAPI/2.0"
        ],
        "Strict-Transport-Security": "max-age=31536000; includeSubDomains",
        "X-Content-Type-Options": "nosniff",
        "x-ms-correlation-request-id": "772aa110-8276-43b7-ba0d-cb3d78b704ca",
        "x-ms-ratelimit-remaining-resource": "Microsoft.Compute/CreateUpdateDisks3Min;998,Microsoft.Compute/CreateUpdateDisks30Min;7998",
        "x-ms-ratelimit-remaining-subscription-writes": "1193",
        "x-ms-routing-request-id": "WESTUS:20220920T044108Z:772aa110-8276-43b7-ba0d-cb3d78b704ca",
        "x-ms-served-by": "d911c7ed-ab64-4a18-819c-23c3fc88d285_133022048975650624"
      },
      "ResponseBody": {
        "name": "disknamex2e663141",
        "id": "/subscriptions/00000000-0000-0000-0000-000000000000/resourceGroups/rgname/providers/Microsoft.Compute/disks/disknamex2e663141",
        "location": "eastus",
        "sku": {
          "name": "Standard_LRS",
          "tier": "Standard"
        },
        "properties": {
          "creationData": {
            "createOption": "Empty"
          },
          "diskSizeGB": 200,
          "provisioningState": "Updating",
          "isArmResource": true,
          "colocationConstraints": {}
        }
      }
    },
    {
      "RequestUri": "https://management.azure.com/subscriptions/00000000-0000-0000-0000-000000000000/providers/Microsoft.Compute/locations/eastus/DiskOperations/a0ae818f-e093-4cce-aac3-aa88b65f6fe7?p=d911c7ed-ab64-4a18-819c-23c3fc88d285\u0026api-version=2019-03-01",
      "RequestMethod": "GET",
      "RequestHeaders": {
        "Accept": "*/*",
        "Accept-Encoding": "gzip, deflate",
        "Connection": "keep-alive",
        "User-Agent": "azsdk-python-azure-mgmt-compute/28.0.0 Python/3.8.13 (Linux-5.15.0-1019-azure-x86_64-with-glibc2.2.5) VSTS_0fb41ef4-5012-48a9-bf39-4ee3de03ee35_build_2500_0"
      },
      "RequestBody": null,
      "StatusCode": 200,
      "ResponseHeaders": {
        "Cache-Control": "no-cache",
        "Content-Encoding": "gzip",
        "Content-Type": "application/json; charset=utf-8",
        "Date": "Tue, 20 Sep 2022 04:41:10 GMT",
        "Expires": "-1",
        "Pragma": "no-cache",
        "Server": [
          "Microsoft-HTTPAPI/2.0",
          "Microsoft-HTTPAPI/2.0"
        ],
        "Strict-Transport-Security": "max-age=31536000; includeSubDomains",
        "Transfer-Encoding": "chunked",
        "Vary": "Accept-Encoding",
        "X-Content-Type-Options": "nosniff",
        "x-ms-correlation-request-id": "87755ac0-5ee8-4529-8081-ed1fa485210b",
        "x-ms-ratelimit-remaining-resource": "Microsoft.Compute/GetOperation3Min;49998,Microsoft.Compute/GetOperation30Min;399998",
        "x-ms-ratelimit-remaining-subscription-reads": "11994",
        "x-ms-routing-request-id": "WESTUS:20220920T044111Z:87755ac0-5ee8-4529-8081-ed1fa485210b",
        "x-ms-served-by": "d911c7ed-ab64-4a18-819c-23c3fc88d285_133022048975650624"
      },
      "ResponseBody": {
        "startTime": "2022-09-20T04:41:08.8972426\u002B00:00",
        "endTime": "2022-09-20T04:41:09.0065771\u002B00:00",
        "status": "Succeeded",
        "properties": {
          "output": {
            "name": "disknamex2e663141",
            "id": "/subscriptions/00000000-0000-0000-0000-000000000000/resourceGroups/rgname/providers/Microsoft.Compute/disks/disknamex2e663141",
            "type": "Microsoft.Compute/disks",
            "location": "eastus",
            "sku": {
              "name": "Standard_LRS",
              "tier": "Standard"
            },
            "properties": {
              "creationData": {
                "createOption": "Empty"
              },
              "diskSizeGB": 200,
              "diskIOPSReadWrite": 500,
              "diskMBpsReadWrite": 60,
              "timeCreated": "2022-09-20T04:41:06.1784545\u002B00:00",
              "provisioningState": "Succeeded",
              "diskState": "Unattached",
              "diskSizeBytes": 214748364800,
              "uniqueId": "88db3e22-7259-46c8-820e-dc68d64e6761"
            }
          }
        },
        "name": "a0ae818f-e093-4cce-aac3-aa88b65f6fe7"
      }
    },
    {
      "RequestUri": "https://management.azure.com/subscriptions/00000000-0000-0000-0000-000000000000/resourceGroups/rgname/providers/Microsoft.Compute/disks/disknamex2e663141?api-version=2019-03-01",
      "RequestMethod": "GET",
      "RequestHeaders": {
        "Accept": "*/*",
        "Accept-Encoding": "gzip, deflate",
        "Connection": "keep-alive",
        "User-Agent": "azsdk-python-azure-mgmt-compute/28.0.0 Python/3.8.13 (Linux-5.15.0-1019-azure-x86_64-with-glibc2.2.5) VSTS_0fb41ef4-5012-48a9-bf39-4ee3de03ee35_build_2500_0"
      },
      "RequestBody": null,
      "StatusCode": 200,
      "ResponseHeaders": {
        "Cache-Control": "no-cache",
        "Content-Encoding": "gzip",
        "Content-Type": "application/json; charset=utf-8",
        "Date": "Tue, 20 Sep 2022 04:41:11 GMT",
        "Expires": "-1",
        "Pragma": "no-cache",
        "Server": [
          "Microsoft-HTTPAPI/2.0",
          "Microsoft-HTTPAPI/2.0"
        ],
        "Strict-Transport-Security": "max-age=31536000; includeSubDomains",
        "Transfer-Encoding": "chunked",
        "Vary": "Accept-Encoding",
        "X-Content-Type-Options": "nosniff",
        "x-ms-correlation-request-id": "d8b429e0-f7d2-48bb-9a69-4ca098cec59d",
        "x-ms-ratelimit-remaining-resource": "Microsoft.Compute/LowCostGet3Min;4996,Microsoft.Compute/LowCostGet30Min;39996",
        "x-ms-ratelimit-remaining-subscription-reads": "11993",
        "x-ms-routing-request-id": "WESTUS:20220920T044111Z:d8b429e0-f7d2-48bb-9a69-4ca098cec59d",
        "x-ms-served-by": "d911c7ed-ab64-4a18-819c-23c3fc88d285_133022048975650624"
      },
      "ResponseBody": {
        "name": "disknamex2e663141",
        "id": "/subscriptions/00000000-0000-0000-0000-000000000000/resourceGroups/rgname/providers/Microsoft.Compute/disks/disknamex2e663141",
        "type": "Microsoft.Compute/disks",
        "location": "eastus",
        "sku": {
          "name": "Standard_LRS",
          "tier": "Standard"
        },
        "properties": {
          "creationData": {
            "createOption": "Empty"
          },
          "diskSizeGB": 200,
          "diskIOPSReadWrite": 500,
          "diskMBpsReadWrite": 60,
          "timeCreated": "2022-09-20T04:41:06.1784545\u002B00:00",
          "provisioningState": "Succeeded",
          "diskState": "Unattached",
          "diskSizeBytes": 214748364800,
          "uniqueId": "88db3e22-7259-46c8-820e-dc68d64e6761"
        }
      }
    },
    {
      "RequestUri": "https://management.azure.com/subscriptions/00000000-0000-0000-0000-000000000000/resourceGroups/rgname/providers/Microsoft.Compute/disks/disknamex2e663141/beginGetAccess?api-version=2019-03-01",
      "RequestMethod": "POST",
      "RequestHeaders": {
        "Accept": "application/json",
        "Accept-Encoding": "gzip, deflate",
        "Connection": "keep-alive",
        "Content-Length": "45",
        "Content-Type": "application/json",
        "User-Agent": "azsdk-python-azure-mgmt-compute/28.0.0 Python/3.8.13 (Linux-5.15.0-1019-azure-x86_64-with-glibc2.2.5) VSTS_0fb41ef4-5012-48a9-bf39-4ee3de03ee35_build_2500_0"
      },
      "RequestBody": {
        "access": "Read",
        "durationInSeconds": 1800
      },
      "StatusCode": 202,
      "ResponseHeaders": {
        "Azure-AsyncOperation": "https://management.azure.com/subscriptions/00000000-0000-0000-0000-000000000000/providers/Microsoft.Compute/locations/eastus/DiskOperations/3638c723-95ef-4557-807a-ae90b656b978?p=d911c7ed-ab64-4a18-819c-23c3fc88d285\u0026api-version=2019-03-01",
        "Cache-Control": "no-cache",
        "Content-Length": "0",
        "Date": "Tue, 20 Sep 2022 04:41:11 GMT",
        "Expires": "-1",
        "Location": "https://management.azure.com/subscriptions/00000000-0000-0000-0000-000000000000/providers/Microsoft.Compute/locations/eastus/DiskOperations/3638c723-95ef-4557-807a-ae90b656b978?p=d911c7ed-ab64-4a18-819c-23c3fc88d285\u0026monitor=true\u0026api-version=2019-03-01",
        "Pragma": "no-cache",
        "Server": [
          "Microsoft-HTTPAPI/2.0",
          "Microsoft-HTTPAPI/2.0"
        ],
        "Strict-Transport-Security": "max-age=31536000; includeSubDomains",
        "X-Content-Type-Options": "nosniff",
        "x-ms-correlation-request-id": "ed0855e6-18d7-461f-ae21-b779e7c5ce20",
        "x-ms-ratelimit-remaining-resource": "Microsoft.Compute/HighCostDiskHydrate3Min;999,Microsoft.Compute/HighCostDiskHydrate30Min;7999",
        "x-ms-ratelimit-remaining-subscription-writes": "1199",
        "x-ms-routing-request-id": "WESTUS:20220920T044111Z:ed0855e6-18d7-461f-ae21-b779e7c5ce20",
        "x-ms-served-by": "d911c7ed-ab64-4a18-819c-23c3fc88d285_133022048975650624"
      },
      "ResponseBody": null
    },
    {
      "RequestUri": "https://management.azure.com/subscriptions/00000000-0000-0000-0000-000000000000/providers/Microsoft.Compute/locations/eastus/DiskOperations/3638c723-95ef-4557-807a-ae90b656b978?p=d911c7ed-ab64-4a18-819c-23c3fc88d285\u0026api-version=2019-03-01",
      "RequestMethod": "GET",
      "RequestHeaders": {
        "Accept": "*/*",
        "Accept-Encoding": "gzip, deflate",
        "Connection": "keep-alive",
        "User-Agent": "azsdk-python-azure-mgmt-compute/28.0.0 Python/3.8.13 (Linux-5.15.0-1019-azure-x86_64-with-glibc2.2.5) VSTS_0fb41ef4-5012-48a9-bf39-4ee3de03ee35_build_2500_0"
      },
      "RequestBody": null,
      "StatusCode": 200,
      "ResponseHeaders": {
        "Cache-Control": "no-cache",
        "Content-Encoding": "gzip",
        "Content-Type": "application/json; charset=utf-8",
        "Date": "Tue, 20 Sep 2022 04:41:41 GMT",
        "Expires": "-1",
        "Pragma": "no-cache",
        "Server": [
          "Microsoft-HTTPAPI/2.0",
          "Microsoft-HTTPAPI/2.0"
        ],
        "Strict-Transport-Security": "max-age=31536000; includeSubDomains",
        "Transfer-Encoding": "chunked",
        "Vary": "Accept-Encoding",
        "X-Content-Type-Options": "nosniff",
        "x-ms-correlation-request-id": "7db09df4-d8f9-48ca-ba72-88e82003c222",
        "x-ms-ratelimit-remaining-resource": "Microsoft.Compute/GetOperation3Min;49995,Microsoft.Compute/GetOperation30Min;399995",
        "x-ms-ratelimit-remaining-subscription-reads": "11992",
        "x-ms-routing-request-id": "WESTUS:20220920T044141Z:7db09df4-d8f9-48ca-ba72-88e82003c222",
        "x-ms-served-by": "d911c7ed-ab64-4a18-819c-23c3fc88d285_133022048975650624"
      },
      "ResponseBody": {
        "startTime": "2022-09-20T04:41:11.3972126\u002B00:00",
        "endTime": "2022-09-20T04:41:11.7409712\u002B00:00",
        "status": "Succeeded",
        "properties": {
          "output": {
            "accessSAS": "accessSAS"
          }
        },
        "name": "3638c723-95ef-4557-807a-ae90b656b978"
      }
    },
    {
      "RequestUri": "https://management.azure.com/subscriptions/00000000-0000-0000-0000-000000000000/providers/Microsoft.Compute/locations/eastus/DiskOperations/3638c723-95ef-4557-807a-ae90b656b978?p=d911c7ed-ab64-4a18-819c-23c3fc88d285\u0026monitor=true\u0026api-version=2019-03-01",
      "RequestMethod": "GET",
      "RequestHeaders": {
        "Accept": "*/*",
        "Accept-Encoding": "gzip, deflate",
        "Connection": "keep-alive",
        "User-Agent": "azsdk-python-azure-mgmt-compute/28.0.0 Python/3.8.13 (Linux-5.15.0-1019-azure-x86_64-with-glibc2.2.5) VSTS_0fb41ef4-5012-48a9-bf39-4ee3de03ee35_build_2500_0"
      },
      "RequestBody": null,
      "StatusCode": 200,
      "ResponseHeaders": {
        "Cache-Control": "no-cache",
        "Content-Encoding": "gzip",
        "Content-Type": "application/json; charset=utf-8",
        "Date": "Tue, 20 Sep 2022 04:41:41 GMT",
        "Expires": "-1",
        "Pragma": "no-cache",
        "Server": [
          "Microsoft-HTTPAPI/2.0",
          "Microsoft-HTTPAPI/2.0"
        ],
        "Strict-Transport-Security": "max-age=31536000; includeSubDomains",
        "Transfer-Encoding": "chunked",
        "Vary": "Accept-Encoding",
        "X-Content-Type-Options": "nosniff",
        "x-ms-correlation-request-id": "99d2a10a-3ca6-4cfd-a887-ff556a9cbd7b",
        "x-ms-ratelimit-remaining-resource": "Microsoft.Compute/GetOperation3Min;49994,Microsoft.Compute/GetOperation30Min;399994",
        "x-ms-ratelimit-remaining-subscription-reads": "11991",
        "x-ms-routing-request-id": "WESTUS:20220920T044141Z:99d2a10a-3ca6-4cfd-a887-ff556a9cbd7b",
        "x-ms-served-by": "d911c7ed-ab64-4a18-819c-23c3fc88d285_133022048975650624"
      },
      "ResponseBody": {
        "accessSAS": "accessSAS"
      }
    },
    {
      "RequestUri": "https://management.azure.com/subscriptions/00000000-0000-0000-0000-000000000000/resourceGroups/rgname/providers/Microsoft.Compute/disks/disknamex2e663141/endGetAccess?api-version=2019-03-01",
      "RequestMethod": "POST",
      "RequestHeaders": {
        "Accept": "*/*",
        "Accept-Encoding": "gzip, deflate",
        "Connection": "keep-alive",
        "Content-Length": "0",
        "User-Agent": "azsdk-python-azure-mgmt-compute/28.0.0 Python/3.8.13 (Linux-5.15.0-1019-azure-x86_64-with-glibc2.2.5) VSTS_0fb41ef4-5012-48a9-bf39-4ee3de03ee35_build_2500_0"
      },
      "RequestBody": null,
      "StatusCode": 202,
      "ResponseHeaders": {
        "Azure-AsyncOperation": "https://management.azure.com/subscriptions/00000000-0000-0000-0000-000000000000/providers/Microsoft.Compute/locations/eastus/DiskOperations/714f44d6-e8f1-4789-bf93-c49c941b7fe6?p=d911c7ed-ab64-4a18-819c-23c3fc88d285\u0026api-version=2019-03-01",
        "Cache-Control": "no-cache",
        "Content-Length": "0",
        "Date": "Tue, 20 Sep 2022 04:41:41 GMT",
        "Expires": "-1",
        "Location": "https://management.azure.com/subscriptions/00000000-0000-0000-0000-000000000000/providers/Microsoft.Compute/locations/eastus/DiskOperations/714f44d6-e8f1-4789-bf93-c49c941b7fe6?p=d911c7ed-ab64-4a18-819c-23c3fc88d285\u0026monitor=true\u0026api-version=2019-03-01",
        "Pragma": "no-cache",
        "Server": [
          "Microsoft-HTTPAPI/2.0",
          "Microsoft-HTTPAPI/2.0"
        ],
        "Strict-Transport-Security": "max-age=31536000; includeSubDomains",
        "X-Content-Type-Options": "nosniff",
        "x-ms-correlation-request-id": "6cbfaecb-0de9-425e-b810-7a923d2c363c",
        "x-ms-ratelimit-remaining-resource": "Microsoft.Compute/HighCostDiskHydrate3Min;998,Microsoft.Compute/HighCostDiskHydrate30Min;7998",
        "x-ms-ratelimit-remaining-subscription-writes": "1198",
        "x-ms-routing-request-id": "WESTUS:20220920T044141Z:6cbfaecb-0de9-425e-b810-7a923d2c363c",
        "x-ms-served-by": "d911c7ed-ab64-4a18-819c-23c3fc88d285_133022048975650624"
      },
      "ResponseBody": null
    },
    {
      "RequestUri": "https://management.azure.com/subscriptions/00000000-0000-0000-0000-000000000000/providers/Microsoft.Compute/locations/eastus/DiskOperations/714f44d6-e8f1-4789-bf93-c49c941b7fe6?p=d911c7ed-ab64-4a18-819c-23c3fc88d285\u0026api-version=2019-03-01",
      "RequestMethod": "GET",
      "RequestHeaders": {
        "Accept": "*/*",
        "Accept-Encoding": "gzip, deflate",
        "Connection": "keep-alive",
        "User-Agent": "azsdk-python-azure-mgmt-compute/28.0.0 Python/3.8.13 (Linux-5.15.0-1019-azure-x86_64-with-glibc2.2.5) VSTS_0fb41ef4-5012-48a9-bf39-4ee3de03ee35_build_2500_0"
      },
      "RequestBody": null,
      "StatusCode": 200,
      "ResponseHeaders": {
        "Cache-Control": "no-cache",
        "Content-Encoding": "gzip",
        "Content-Type": "application/json; charset=utf-8",
        "Date": "Tue, 20 Sep 2022 04:42:11 GMT",
        "Expires": "-1",
        "Pragma": "no-cache",
        "Server": [
          "Microsoft-HTTPAPI/2.0",
          "Microsoft-HTTPAPI/2.0"
        ],
        "Strict-Transport-Security": "max-age=31536000; includeSubDomains",
        "Transfer-Encoding": "chunked",
        "Vary": "Accept-Encoding",
        "X-Content-Type-Options": "nosniff",
        "x-ms-correlation-request-id": "b21e0412-23e9-4479-8217-e83a9f550ab9",
        "x-ms-ratelimit-remaining-resource": "Microsoft.Compute/GetOperation3Min;49992,Microsoft.Compute/GetOperation30Min;399992",
        "x-ms-ratelimit-remaining-subscription-reads": "11990",
        "x-ms-routing-request-id": "WESTUS:20220920T044212Z:b21e0412-23e9-4479-8217-e83a9f550ab9",
        "x-ms-served-by": "d911c7ed-ab64-4a18-819c-23c3fc88d285_133022048975650624"
      },
      "ResponseBody": {
        "startTime": "2022-09-20T04:41:41.8505585\u002B00:00",
        "endTime": "2022-09-20T04:41:42.0067973\u002B00:00",
        "status": "Succeeded",
        "name": "714f44d6-e8f1-4789-bf93-c49c941b7fe6"
      }
    },
    {
      "RequestUri": "https://management.azure.com/subscriptions/00000000-0000-0000-0000-000000000000/providers/Microsoft.Compute/locations/eastus/DiskOperations/714f44d6-e8f1-4789-bf93-c49c941b7fe6?p=d911c7ed-ab64-4a18-819c-23c3fc88d285\u0026monitor=true\u0026api-version=2019-03-01",
      "RequestMethod": "GET",
      "RequestHeaders": {
        "Accept": "*/*",
        "Accept-Encoding": "gzip, deflate",
        "Connection": "keep-alive",
        "User-Agent": "azsdk-python-azure-mgmt-compute/28.0.0 Python/3.8.13 (Linux-5.15.0-1019-azure-x86_64-with-glibc2.2.5) VSTS_0fb41ef4-5012-48a9-bf39-4ee3de03ee35_build_2500_0"
      },
      "RequestBody": null,
      "StatusCode": 200,
      "ResponseHeaders": {
        "Cache-Control": "no-cache",
        "Content-Length": "0",
        "Date": "Tue, 20 Sep 2022 04:42:11 GMT",
        "Expires": "-1",
        "Pragma": "no-cache",
        "Server": [
          "Microsoft-HTTPAPI/2.0",
          "Microsoft-HTTPAPI/2.0"
        ],
        "Strict-Transport-Security": "max-age=31536000; includeSubDomains",
        "X-Content-Type-Options": "nosniff",
        "x-ms-correlation-request-id": "9fa74fa1-cfe4-46de-adeb-26d10627ed20",
        "x-ms-ratelimit-remaining-resource": "Microsoft.Compute/GetOperation3Min;49991,Microsoft.Compute/GetOperation30Min;399991",
        "x-ms-ratelimit-remaining-subscription-reads": "11989",
        "x-ms-routing-request-id": "WESTUS:20220920T044212Z:9fa74fa1-cfe4-46de-adeb-26d10627ed20",
        "x-ms-served-by": "d911c7ed-ab64-4a18-819c-23c3fc88d285_133022048975650624"
      },
      "ResponseBody": null
    },
    {
      "RequestUri": "https://management.azure.com/subscriptions/00000000-0000-0000-0000-000000000000/resourceGroups/rgname/providers/Microsoft.Compute/disks/disknamex2e663141?api-version=2019-03-01",
      "RequestMethod": "DELETE",
      "RequestHeaders": {
        "Accept": "*/*",
        "Accept-Encoding": "gzip, deflate",
        "Connection": "keep-alive",
        "Content-Length": "0",
        "User-Agent": "azsdk-python-azure-mgmt-compute/28.0.0 Python/3.8.13 (Linux-5.15.0-1019-azure-x86_64-with-glibc2.2.5) VSTS_0fb41ef4-5012-48a9-bf39-4ee3de03ee35_build_2500_0"
      },
      "RequestBody": null,
      "StatusCode": 202,
      "ResponseHeaders": {
        "Azure-AsyncOperation": "https://management.azure.com/subscriptions/00000000-0000-0000-0000-000000000000/providers/Microsoft.Compute/locations/eastus/DiskOperations/97c3ac4c-568f-4dae-92ba-124264aa7a19?p=d911c7ed-ab64-4a18-819c-23c3fc88d285\u0026api-version=2019-03-01",
        "Cache-Control": "no-cache",
        "Content-Length": "0",
        "Date": "Tue, 20 Sep 2022 04:42:11 GMT",
        "Expires": "-1",
        "Location": "https://management.azure.com/subscriptions/00000000-0000-0000-0000-000000000000/providers/Microsoft.Compute/locations/eastus/DiskOperations/97c3ac4c-568f-4dae-92ba-124264aa7a19?p=d911c7ed-ab64-4a18-819c-23c3fc88d285\u0026monitor=true\u0026api-version=2019-03-01",
        "Pragma": "no-cache",
        "Server": [
          "Microsoft-HTTPAPI/2.0",
          "Microsoft-HTTPAPI/2.0"
        ],
        "Strict-Transport-Security": "max-age=31536000; includeSubDomains",
        "X-Content-Type-Options": "nosniff",
        "x-ms-correlation-request-id": "4a0b952a-24ab-4172-9e3b-dba4dd326b04",
        "x-ms-ratelimit-remaining-resource": "Microsoft.Compute/DeleteDisks3Min;999,Microsoft.Compute/DeleteDisks30Min;7999",
        "x-ms-ratelimit-remaining-subscription-deletes": "14997",
        "x-ms-routing-request-id": "WESTUS:20220920T044212Z:4a0b952a-24ab-4172-9e3b-dba4dd326b04",
        "x-ms-served-by": "d911c7ed-ab64-4a18-819c-23c3fc88d285_133022048975650624"
      },
      "ResponseBody": null
    },
    {
      "RequestUri": "https://management.azure.com/subscriptions/00000000-0000-0000-0000-000000000000/providers/Microsoft.Compute/locations/eastus/DiskOperations/97c3ac4c-568f-4dae-92ba-124264aa7a19?p=d911c7ed-ab64-4a18-819c-23c3fc88d285\u0026api-version=2019-03-01",
      "RequestMethod": "GET",
      "RequestHeaders": {
        "Accept": "*/*",
        "Accept-Encoding": "gzip, deflate",
        "Connection": "keep-alive",
        "User-Agent": "azsdk-python-azure-mgmt-compute/28.0.0 Python/3.8.13 (Linux-5.15.0-1019-azure-x86_64-with-glibc2.2.5) VSTS_0fb41ef4-5012-48a9-bf39-4ee3de03ee35_build_2500_0"
      },
      "RequestBody": null,
      "StatusCode": 200,
      "ResponseHeaders": {
        "Cache-Control": "no-cache",
        "Content-Encoding": "gzip",
        "Content-Type": "application/json; charset=utf-8",
        "Date": "Tue, 20 Sep 2022 04:42:41 GMT",
        "Expires": "-1",
        "Pragma": "no-cache",
        "Server": [
          "Microsoft-HTTPAPI/2.0",
          "Microsoft-HTTPAPI/2.0"
        ],
        "Strict-Transport-Security": "max-age=31536000; includeSubDomains",
        "Transfer-Encoding": "chunked",
        "Vary": "Accept-Encoding",
        "X-Content-Type-Options": "nosniff",
        "x-ms-correlation-request-id": "06b61804-48a6-457d-888e-886d21b81396",
        "x-ms-ratelimit-remaining-resource": "Microsoft.Compute/GetOperation3Min;49989,Microsoft.Compute/GetOperation30Min;399989",
        "x-ms-ratelimit-remaining-subscription-reads": "11988",
        "x-ms-routing-request-id": "WESTUS:20220920T044242Z:06b61804-48a6-457d-888e-886d21b81396",
        "x-ms-served-by": "d911c7ed-ab64-4a18-819c-23c3fc88d285_133022048975650624"
      },
      "ResponseBody": {
        "startTime": "2022-09-20T04:42:12.3819085\u002B00:00",
        "endTime": "2022-09-20T04:42:12.6787989\u002B00:00",
        "status": "Succeeded",
        "name": "97c3ac4c-568f-4dae-92ba-124264aa7a19"
      }
    }
  ],
  "Variables": {}
}
