{
  "Entries": [
    {
      "RequestUri": "https://login.microsoftonline.com/00000000-0000-0000-0000-000000000000/v2.0/.well-known/openid-configuration",
      "RequestMethod": "GET",
      "RequestHeaders": {
        "Accept": "*/*",
        "Accept-Encoding": "gzip, deflate",
        "Connection": "keep-alive",
        "User-Agent": "azsdk-python-identity/1.7.2 Python/3.8.8 (Windows-10-10.0.19041-SP0)"
      },
      "RequestBody": null,
      "StatusCode": 200,
      "ResponseHeaders": {
        "Access-Control-Allow-Methods": "GET, OPTIONS",
        "Access-Control-Allow-Origin": "*",
        "Cache-Control": "max-age=86400, private",
        "Content-Length": "1753",
        "Content-Type": "application/json; charset=utf-8",
        "Date": "Fri, 10 Dec 2021 06:29:29 GMT",
        "P3P": "CP=\u0022DSP CUR OTPi IND OTRi ONL FIN\u0022",
        "Set-Cookie": [
          "fpc=AsK5cACFtxNDkaJ0sUPQ3GrmIjFAAwAAAIzqRNkOAAAA; expires=Sun, 09-Jan-2022 06:29:30 GMT; path=/; secure; HttpOnly; SameSite=None",
          "x-ms-gateway-slice=estsfd; path=/; secure; samesite=none; httponly",
          "stsservicecookie=estsfd; path=/; secure; samesite=none; httponly"
        ],
        "Strict-Transport-Security": "max-age=31536000; includeSubDomains",
        "X-Content-Type-Options": "nosniff",
        "x-ms-ests-server": "2.1.12249.17 - WUS2 ProdSlices",
        "x-ms-request-id": "750be8b5-6549-48f4-b344-2f2574439000"
      },
      "ResponseBody": {
        "token_endpoint": "https://login.microsoftonline.com/00000000-0000-0000-0000-000000000000/oauth2/v2.0/token",
        "token_endpoint_auth_methods_supported": [
          "client_secret_post",
          "private_key_jwt",
          "client_secret_basic"
        ],
        "jwks_uri": "https://login.microsoftonline.com/00000000-0000-0000-0000-000000000000/discovery/v2.0/keys",
        "response_modes_supported": [
          "query",
          "fragment",
          "form_post"
        ],
        "subject_types_supported": [
          "pairwise"
        ],
        "id_token_signing_alg_values_supported": [
          "RS256"
        ],
        "response_types_supported": [
          "code",
          "id_token",
          "code id_token",
          "id_token token"
        ],
        "scopes_supported": [
          "openid",
          "profile",
          "email",
          "offline_access"
        ],
        "issuer": "https://login.microsoftonline.com/00000000-0000-0000-0000-000000000000/v2.0",
        "request_uri_parameter_supported": false,
        "userinfo_endpoint": "https://graph.microsoft.com/oidc/userinfo",
        "authorization_endpoint": "https://login.microsoftonline.com/00000000-0000-0000-0000-000000000000/oauth2/v2.0/authorize",
        "device_authorization_endpoint": "https://login.microsoftonline.com/00000000-0000-0000-0000-000000000000/oauth2/v2.0/devicecode",
        "http_logout_supported": true,
        "frontchannel_logout_supported": true,
        "end_session_endpoint": "https://login.microsoftonline.com/00000000-0000-0000-0000-000000000000/oauth2/v2.0/logout",
        "claims_supported": [
          "sub",
          "iss",
          "cloud_instance_name",
          "cloud_instance_host_name",
          "cloud_graph_host_name",
          "msgraph_host",
          "aud",
          "exp",
          "iat",
          "auth_time",
          "acr",
          "nonce",
          "preferred_username",
          "name",
          "tid",
          "ver",
          "at_hash",
          "c_hash",
          "email"
        ],
        "kerberos_endpoint": "https://login.microsoftonline.com/00000000-0000-0000-0000-000000000000/kerberos",
        "tenant_region_scope": "NA",
        "cloud_instance_name": "microsoftonline.com",
        "cloud_graph_host_name": "graph.windows.net",
        "msgraph_host": "graph.microsoft.com",
        "rbac_url": "https://pas.windows.net"
      }
    },
    {
      "RequestUri": "https://login.microsoftonline.com/common/discovery/instance?api-version=1.1\u0026authorization_endpoint=https://login.microsoftonline.com/common/oauth2/authorize",
      "RequestMethod": "GET",
      "RequestHeaders": {
        "Accept": "application/json",
        "Accept-Encoding": "gzip, deflate",
        "Connection": "keep-alive",
        "Cookie": "fpc=AsK5cACFtxNDkaJ0sUPQ3GrmIjFAAwAAAIzqRNkOAAAA; stsservicecookie=estsfd; x-ms-gateway-slice=estsfd",
        "User-Agent": "azsdk-python-identity/1.7.2 Python/3.8.8 (Windows-10-10.0.19041-SP0)"
      },
      "RequestBody": null,
      "StatusCode": 200,
      "ResponseHeaders": {
        "Access-Control-Allow-Methods": "GET, OPTIONS",
        "Access-Control-Allow-Origin": "*",
        "Cache-Control": "max-age=86400, private",
        "Content-Length": "945",
        "Content-Type": "application/json; charset=utf-8",
        "Date": "Fri, 10 Dec 2021 06:29:29 GMT",
        "P3P": "CP=\u0022DSP CUR OTPi IND OTRi ONL FIN\u0022",
        "Set-Cookie": [
          "fpc=AsK5cACFtxNDkaJ0sUPQ3GrmIjFAAwAAAIzqRNkOAAAA; expires=Sun, 09-Jan-2022 06:29:30 GMT; path=/; secure; HttpOnly; SameSite=None",
          "x-ms-gateway-slice=estsfd; path=/; secure; samesite=none; httponly",
          "stsservicecookie=estsfd; path=/; secure; samesite=none; httponly"
        ],
        "Strict-Transport-Security": "max-age=31536000; includeSubDomains",
        "X-Content-Type-Options": "nosniff",
        "x-ms-ests-server": "2.1.12261.14 - SEASLR2 ProdSlices",
        "x-ms-request-id": "dcd37a9a-d598-498a-ac0d-37729e700b00"
      },
      "ResponseBody": {
        "tenant_discovery_endpoint": "https://login.microsoftonline.com/common/.well-known/openid-configuration",
        "api-version": "1.1",
        "metadata": [
          {
            "preferred_network": "login.microsoftonline.com",
            "preferred_cache": "login.windows.net",
            "aliases": [
              "login.microsoftonline.com",
              "login.windows.net",
              "login.microsoft.com",
              "sts.windows.net"
            ]
          },
          {
            "preferred_network": "login.partner.microsoftonline.cn",
            "preferred_cache": "login.partner.microsoftonline.cn",
            "aliases": [
              "login.partner.microsoftonline.cn",
              "login.chinacloudapi.cn"
            ]
          },
          {
            "preferred_network": "login.microsoftonline.de",
            "preferred_cache": "login.microsoftonline.de",
            "aliases": [
              "login.microsoftonline.de"
            ]
          },
          {
            "preferred_network": "login.microsoftonline.us",
            "preferred_cache": "login.microsoftonline.us",
            "aliases": [
              "login.microsoftonline.us",
              "login.usgovcloudapi.net"
            ]
          },
          {
            "preferred_network": "login-us.microsoftonline.com",
            "preferred_cache": "login-us.microsoftonline.com",
            "aliases": [
              "login-us.microsoftonline.com"
            ]
          }
        ]
      }
    },
    {
      "RequestUri": "https://login.microsoftonline.com/00000000-0000-0000-0000-000000000000/oauth2/v2.0/token",
      "RequestMethod": "POST",
      "RequestHeaders": {
        "Accept": "application/json",
        "Accept-Encoding": "gzip, deflate",
        "client-request-id": "1e305a6e-98f7-4737-9c7d-b74cc9e17003",
        "Connection": "keep-alive",
        "Content-Length": "286",
        "Content-Type": "application/x-www-form-urlencoded",
        "Cookie": "fpc=AsK5cACFtxNDkaJ0sUPQ3GrmIjFAAwAAAIzqRNkOAAAA; stsservicecookie=estsfd; x-ms-gateway-slice=estsfd",
        "User-Agent": "azsdk-python-identity/1.7.2 Python/3.8.8 (Windows-10-10.0.19041-SP0)",
        "x-client-cpu": "x64",
        "x-client-current-telemetry": "4|730,0|",
        "x-client-last-telemetry": "4|0|||",
        "x-client-os": "win32",
        "x-client-sku": "MSAL.Python",
        "x-client-ver": "1.16.0",
        "x-ms-lib-capability": "retry-after, h429"
      },
      "RequestBody": "client_id=8c41a920-007a-4844-a189-2d0efe39f51e\u0026grant_type=client_credentials\u0026client_info=1\u0026client_secret=o0XWF_siD-FhI.5AE83-u0GaQHW_GP7cjy\u0026claims=%7B%22access_token%22%3A\u002B%7B%22xms_cc%22%3A\u002B%7B%22values%22%3A\u002B%5B%22CP1%22%5D%7D%7D%7D\u0026scope=https%3A%2F%2Fmanagement.azure.com%2F.default",
      "StatusCode": 200,
      "ResponseHeaders": {
        "Cache-Control": "no-store, no-cache",
        "client-request-id": "1e305a6e-98f7-4737-9c7d-b74cc9e17003",
        "Content-Length": "1391",
        "Content-Type": "application/json; charset=utf-8",
        "Date": "Fri, 10 Dec 2021 06:29:30 GMT",
        "Expires": "-1",
        "P3P": "CP=\u0022DSP CUR OTPi IND OTRi ONL FIN\u0022",
        "Pragma": "no-cache",
        "Set-Cookie": [
          "fpc=AsK5cACFtxNDkaJ0sUPQ3GrmIjFABAAAAIzqRNkOAAAA; expires=Sun, 09-Jan-2022 06:29:31 GMT; path=/; secure; HttpOnly; SameSite=None",
          "x-ms-gateway-slice=estsfd; path=/; secure; samesite=none; httponly",
          "stsservicecookie=estsfd; path=/; secure; samesite=none; httponly"
        ],
        "Strict-Transport-Security": "max-age=31536000; includeSubDomains",
        "X-Content-Type-Options": "nosniff",
        "x-ms-clitelem": "1,0,0,,",
        "x-ms-ests-server": "2.1.12249.17 - NCUS ProdSlices",
        "x-ms-request-id": "22d9f1a0-a059-49d5-bd2e-7daf85513c00"
      },
      "ResponseBody": {
        "token_type": "Bearer",
        "expires_in": 3599,
        "ext_expires_in": 3599,
        "access_token": "eyJ0eXAiOiJKV1QiLCJhbGciOiJSUzI1NiIsIng1dCI6Imwzc1EtNTBjQ0g0eEJWWkxIVEd3blNSNzY4MCIsImtpZCI6Imwzc1EtNTBjQ0g0eEJWWkxIVEd3blNSNzY4MCJ9.eyJhdWQiOiJodHRwczovL21hbmFnZW1lbnQuYXp1cmUuY29tIiwiaXNzIjoiaHR0cHM6Ly9zdHMud2luZG93cy5uZXQvNTQ4MjZiMjItMzhkNi00ZmIyLWJhZDktYjdiOTNhM2U5YzVhLyIsImlhdCI6MTYzOTExNzQ3MCwibmJmIjoxNjM5MTE3NDcwLCJleHAiOjE2MzkxMjEzNzAsImFpbyI6IkUyWmdZUGk4dnZYM3U0NFFPNFpDa1lndmhpeE5BQT09IiwiYXBwaWQiOiI4YzQxYTkyMC0wMDdhLTQ4NDQtYTE4OS0yZDBlZmUzOWY1MWUiLCJhcHBpZGFjciI6IjEiLCJpZHAiOiJodHRwczovL3N0cy53aW5kb3dzLm5ldC81NDgyNmIyMi0zOGQ2LTRmYjItYmFkOS1iN2I5M2EzZTljNWEvIiwiaWR0eXAiOiJhcHAiLCJvaWQiOiIyMjliZWYwMC02NTM2LTRiNmEtODJkMC1lYzgzYmYxY2RhN2UiLCJyaCI6IjAuQVRjQUltdUNWTlk0c2stNjJiZTVPajZjV2lDcFFZeDZBRVJJb1lrdER2NDU5UjQzQUFBLiIsInN1YiI6IjIyOWJlZjAwLTY1MzYtNGI2YS04MmQwLWVjODNiZjFjZGE3ZSIsInRpZCI6IjU0ODI2YjIyLTM4ZDYtNGZiMi1iYWQ5LWI3YjkzYTNlOWM1YSIsInV0aSI6Im9QSFpJbG1nMVVtOUxuMnZoVkU4QUEiLCJ2ZXIiOiIxLjAiLCJ4bXNfY2MiOlsiQ1AxIl0sInhtc190Y2R0IjoxNDEyMjA2ODQwfQ.DRdRCgJQdq-QY_UvErhbHEnjkk6xLCdqHAS4Lq9M2rE8LvNsRDygIMuNycNKLJyUAWyz4pDvw3TqnKRxoNdusKlYubJySfeiFZ8FQ5Bkw_SasRgBXTKBGeG4uz5NBzzyoscOHuucZTcWX5QtbYc-Zac-DYGjLyAj9EEsGDSakSYqAEPDVVYBZN3dtOVx_6K0ycqEDE_bf3mq8RHTYbLgHIoe1sf7bylYa_5rTRXpJ8K_-bio7xIs_H69iof4Y6joGjAtpuk5P_zhrn7s_D5HT5CQqf3pGZAbLh8kmvrq2GLhSghbYpGPOR22rGHkSpCwgCjI63e0AMq26N8S_FOj1A"
      }
    },
    {
      "RequestUri": "https://management.azure.com/subscriptions/00000000-0000-0000-0000-000000000000/resourceGroups/rgname/providers/Microsoft.Compute/disks/disknamexbc8e2966?api-version=2021-04-01",
      "RequestMethod": "PUT",
      "RequestHeaders": {
        "Accept": "application/json",
        "Accept-Encoding": "gzip, deflate",
        "Authorization": "Sanitized",
        "Connection": "keep-alive",
        "Content-Length": "100",
        "Content-Type": "application/json",
        "User-Agent": "azsdk-python-azure-mgmt-compute/23.1.0 Python/3.8.8 (Windows-10-10.0.19041-SP0)",
        "x-ms-client-request-id": "892a55d4-5982-11ec-8789-70b5e82527ff"
      },
      "RequestBody": "{\u0022location\u0022: \u0022eastus\u0022, \u0022properties\u0022: {\u0022creationData\u0022: {\u0022createOption\u0022: \u0022Empty\u0022}, \u0022diskSizeGB\u0022: 200}}",
      "StatusCode": 202,
      "ResponseHeaders": {
        "Azure-AsyncOperation": "https://management.azure.com/subscriptions/00000000-0000-0000-0000-000000000000/providers/Microsoft.Compute/locations/eastus/DiskOperations/af7ec00a-43cc-4763-aa50-570aeefa9793?p=36ee1309-094c-4cec-b989-37cf5e794c1b\u0026api-version=2021-04-01",
        "Cache-Control": "no-cache",
        "Content-Length": "236",
        "Content-Type": "application/json; charset=utf-8",
        "Date": "Fri, 10 Dec 2021 06:29:33 GMT",
        "Expires": "-1",
        "Location": "https://management.azure.com/subscriptions/00000000-0000-0000-0000-000000000000/providers/Microsoft.Compute/locations/eastus/DiskOperations/af7ec00a-43cc-4763-aa50-570aeefa9793?p=36ee1309-094c-4cec-b989-37cf5e794c1b\u0026monitor=true\u0026api-version=2021-04-01",
        "Pragma": "no-cache",
        "Retry-After": "2",
        "Server": [
          "Microsoft-HTTPAPI/2.0",
          "Microsoft-HTTPAPI/2.0"
        ],
        "Strict-Transport-Security": "max-age=31536000; includeSubDomains",
        "X-Content-Type-Options": "nosniff",
        "x-ms-correlation-request-id": "027809a5-9430-43b9-b2ab-67d25f53bf6f",
        "x-ms-ratelimit-remaining-resource": "Microsoft.Compute/CreateUpdateDisks3Min;998,Microsoft.Compute/CreateUpdateDisks30Min;7996",
        "x-ms-ratelimit-remaining-subscription-writes": "1194",
        "x-ms-request-id": "af7ec00a-43cc-4763-aa50-570aeefa9793",
        "x-ms-routing-request-id": "SOUTHEASTASIA:20211210T062933Z:027809a5-9430-43b9-b2ab-67d25f53bf6f",
        "x-ms-served-by": "36ee1309-094c-4cec-b989-37cf5e794c1b_132769699804929417"
      },
      "ResponseBody": [
        "{\r\n",
        "  \u0022name\u0022: \u0022disknamexbc8e2966\u0022,\r\n",
        "  \u0022location\u0022: \u0022eastus\u0022,\r\n",
        "  \u0022properties\u0022: {\r\n",
        "    \u0022creationData\u0022: {\r\n",
        "      \u0022createOption\u0022: \u0022Empty\u0022\r\n",
        "    },\r\n",
        "    \u0022diskSizeGB\u0022: 200,\r\n",
        "    \u0022provisioningState\u0022: \u0022Updating\u0022,\r\n",
        "    \u0022isArmResource\u0022: true\r\n",
        "  }\r\n",
        "}"
      ]
    },
    {
      "RequestUri": "https://management.azure.com/subscriptions/00000000-0000-0000-0000-000000000000/providers/Microsoft.Compute/locations/eastus/DiskOperations/af7ec00a-43cc-4763-aa50-570aeefa9793?p=36ee1309-094c-4cec-b989-37cf5e794c1b\u0026api-version=2021-04-01",
      "RequestMethod": "GET",
      "RequestHeaders": {
        "Accept": "*/*",
        "Accept-Encoding": "gzip, deflate",
        "Authorization": "Sanitized",
        "Connection": "keep-alive",
        "User-Agent": "azsdk-python-azure-mgmt-compute/23.1.0 Python/3.8.8 (Windows-10-10.0.19041-SP0)",
        "x-ms-client-request-id": "892a55d4-5982-11ec-8789-70b5e82527ff"
      },
      "RequestBody": null,
      "StatusCode": 200,
      "ResponseHeaders": {
        "Cache-Control": "no-cache",
        "Content-Encoding": "gzip",
        "Content-Type": "application/json; charset=utf-8",
        "Date": "Fri, 10 Dec 2021 06:29:35 GMT",
        "Expires": "-1",
        "Pragma": "no-cache",
        "Server": [
          "Microsoft-HTTPAPI/2.0",
          "Microsoft-HTTPAPI/2.0"
        ],
        "Strict-Transport-Security": "max-age=31536000; includeSubDomains",
        "Transfer-Encoding": "chunked",
        "Vary": "Accept-Encoding",
        "X-Content-Type-Options": "nosniff",
        "x-ms-correlation-request-id": "5d1918e5-9a32-45d0-80c0-3e5a13178c93",
        "x-ms-ratelimit-remaining-resource": "Microsoft.Compute/GetOperation3Min;49997,Microsoft.Compute/GetOperation30Min;399969",
        "x-ms-ratelimit-remaining-subscription-reads": "11996",
        "x-ms-request-id": "52732cb3-942b-46c2-af70-fc45fed67667",
        "x-ms-routing-request-id": "SOUTHEASTASIA:20211210T062935Z:5d1918e5-9a32-45d0-80c0-3e5a13178c93",
        "x-ms-served-by": "36ee1309-094c-4cec-b989-37cf5e794c1b_132769699804929417"
      },
      "ResponseBody": [
        "{\r\n",
        "  \u0022startTime\u0022: \u00222021-12-10T06:29:33.0662177\u002B00:00\u0022,\r\n",
        "  \u0022endTime\u0022: \u00222021-12-10T06:29:33.1755868\u002B00:00\u0022,\r\n",
        "  \u0022status\u0022: \u0022Succeeded\u0022,\r\n",
        "  \u0022properties\u0022: {\r\n",
        "    \u0022output\u0022: {\r\n",
        "  \u0022name\u0022: \u0022disknamexbc8e2966\u0022,\r\n",
        "  \u0022id\u0022: \u0022/subscriptions/00000000-0000-0000-0000-000000000000/resourceGroups/rgname/providers/Microsoft.Compute/disks/disknamexbc8e2966\u0022,\r\n",
        "  \u0022type\u0022: \u0022Microsoft.Compute/disks\u0022,\r\n",
        "  \u0022location\u0022: \u0022eastus\u0022,\r\n",
        "  \u0022sku\u0022: {\r\n",
        "    \u0022name\u0022: \u0022Standard_LRS\u0022,\r\n",
        "    \u0022tier\u0022: \u0022Standard\u0022\r\n",
        "  },\r\n",
        "  \u0022properties\u0022: {\r\n",
        "    \u0022creationData\u0022: {\r\n",
        "      \u0022createOption\u0022: \u0022Empty\u0022\r\n",
        "    },\r\n",
        "    \u0022diskSizeGB\u0022: 200,\r\n",
        "    \u0022diskIOPSReadWrite\u0022: 500,\r\n",
        "    \u0022diskMBpsReadWrite\u0022: 60,\r\n",
        "    \u0022encryption\u0022: {\r\n",
        "      \u0022type\u0022: \u0022EncryptionAtRestWithPlatformKey\u0022\r\n",
        "    },\r\n",
        "    \u0022networkAccessPolicy\u0022: \u0022AllowAll\u0022,\r\n",
        "    \u0022publicNetworkAccess\u0022: \u0022Enabled\u0022,\r\n",
        "    \u0022timeCreated\u0022: \u00222021-12-10T06:29:33.0662177\u002B00:00\u0022,\r\n",
        "    \u0022provisioningState\u0022: \u0022Succeeded\u0022,\r\n",
        "    \u0022diskState\u0022: \u0022Unattached\u0022,\r\n",
        "    \u0022diskSizeBytes\u0022: 214748364800,\r\n",
        "    \u0022uniqueId\u0022: \u002232d2a2bb-ec52-4f28-8289-b4a4dcbf37b2\u0022\r\n",
        "  }\r\n",
        "}\r\n",
        "  },\r\n",
        "  \u0022name\u0022: \u0022af7ec00a-43cc-4763-aa50-570aeefa9793\u0022\r\n",
        "}"
      ]
    },
    {
      "RequestUri": "https://localhost:5001/subscriptions/00000000-0000-0000-0000-000000000000/resourceGroups/rgname/providers/Microsoft.Compute/disks/disknamexbc8e2966?api-version=2021-04-01",
      "RequestMethod": "GET",
      "RequestHeaders": {
        "Accept": "*/*",
        "Accept-Encoding": "gzip, deflate",
        "Authorization": "Sanitized",
        "Connection": "keep-alive",
        "User-Agent": "azsdk-python-azure-mgmt-compute/23.1.0 Python/3.8.8 (Windows-10-10.0.19041-SP0)",
        "x-ms-client-request-id": "892a55d4-5982-11ec-8789-70b5e82527ff"
      },
      "RequestBody": null,
      "StatusCode": 404,
      "ResponseHeaders": {
        "Content-Length": "0",
        "Date": "Fri, 10 Dec 2021 06:29:36 GMT",
        "Server": "Kestrel"
      },
      "ResponseBody": null
    }
  ],
  "Variables": {}
}
