interactions:
- request:
    body: '{"location": "eastus", "properties": {"addressSpace": {"addressPrefixes":
      ["10.0.0.0/16"]}}}'
    headers:
      Accept:
      - application/json
      Accept-Encoding:
      - gzip, deflate
      Connection:
      - keep-alive
      Content-Length:
      - '92'
      Content-Type:
      - application/json
      User-Agent:
      - azsdk-python-azure-mgmt-network/18.0.0 Python/3.8.8 (Linux-5.4.0-1041-azure-x86_64-with-glibc2.2.5)
        VSTS_0fb41ef4-5012-48a9-bf39-4ee3de03ee35_build_2384_0
    method: PUT
    uri: https://management.azure.com/subscriptions/00000000-0000-0000-0000-000000000000/resourceGroups/rgname/providers/Microsoft.Network/virtualNetworks/networknamex34bd0f90?api-version=2020-11-01
  response:
    body:
      string: "{\r\n  \"name\": \"networknamex34bd0f90\",\r\n  \"id\": \"/subscriptions/00000000-0000-0000-0000-000000000000/resourceGroups/rgname/providers/Microsoft.Network/virtualNetworks/networknamex34bd0f90\",\r\n
        \ \"etag\": \"W/\\\"d4a73c14-6c28-40ca-a123-a531e6ff8491\\\"\",\r\n  \"type\":
        \"Microsoft.Network/virtualNetworks\",\r\n  \"location\": \"eastus\",\r\n
        \ \"properties\": {\r\n    \"provisioningState\": \"Updating\",\r\n    \"resourceGuid\":
        \"ef12fb78-8bed-4861-b603-ba8ceecbd096\",\r\n    \"addressSpace\": {\r\n      \"addressPrefixes\":
        [\r\n        \"10.0.0.0/16\"\r\n      ]\r\n    },\r\n    \"subnets\": [],\r\n
        \   \"virtualNetworkPeerings\": [],\r\n    \"enableDdosProtection\": false\r\n
        \ }\r\n}"
    headers:
      azure-asyncnotification:
      - Enabled
      azure-asyncoperation:
      - https://management.azure.com/subscriptions/00000000-0000-0000-0000-000000000000/providers/Microsoft.Network/locations/eastus/operations/dacf4222-255e-42df-adcc-712b09b2cecd?api-version=2020-11-01
      cache-control:
      - no-cache
      content-length:
      - '693'
      content-type:
      - application/json; charset=utf-8
      date:
      - Fri, 26 Mar 2021 02:28:10 GMT
      expires:
      - '-1'
      pragma:
      - no-cache
      server:
      - Microsoft-HTTPAPI/2.0
      - Microsoft-HTTPAPI/2.0
      strict-transport-security:
      - max-age=31536000; includeSubDomains
      x-content-type-options:
      - nosniff
      x-ms-arm-service-request-id:
      - ced2265e-110e-4fed-b5fe-b72bdadf6556
      x-ms-ratelimit-remaining-subscription-writes:
      - '1185'
    status:
      code: 201
      message: Created
- request:
    body: null
    headers:
      Accept:
      - '*/*'
      Accept-Encoding:
      - gzip, deflate
      Connection:
      - keep-alive
      User-Agent:
      - azsdk-python-azure-mgmt-network/18.0.0 Python/3.8.8 (Linux-5.4.0-1041-azure-x86_64-with-glibc2.2.5)
        VSTS_0fb41ef4-5012-48a9-bf39-4ee3de03ee35_build_2384_0
    method: GET
    uri: https://management.azure.com/subscriptions/00000000-0000-0000-0000-000000000000/providers/Microsoft.Network/locations/eastus/operations/dacf4222-255e-42df-adcc-712b09b2cecd?api-version=2020-11-01
  response:
    body:
      string: "{\r\n  \"status\": \"Succeeded\"\r\n}"
    headers:
      cache-control:
      - no-cache
      content-length:
      - '29'
      content-type:
      - application/json; charset=utf-8
      date:
      - Fri, 26 Mar 2021 02:28:13 GMT
      expires:
      - '-1'
      pragma:
      - no-cache
      server:
      - Microsoft-HTTPAPI/2.0
      - Microsoft-HTTPAPI/2.0
      strict-transport-security:
      - max-age=31536000; includeSubDomains
      transfer-encoding:
      - chunked
      vary:
      - Accept-Encoding
      x-content-type-options:
      - nosniff
      x-ms-arm-service-request-id:
      - a0c035a9-bad5-42fc-9556-2e8dd60eabf6
    status:
      code: 200
      message: OK
- request:
    body: null
    headers:
      Accept:
      - '*/*'
      Accept-Encoding:
      - gzip, deflate
      Connection:
      - keep-alive
      User-Agent:
      - azsdk-python-azure-mgmt-network/18.0.0 Python/3.8.8 (Linux-5.4.0-1041-azure-x86_64-with-glibc2.2.5)
        VSTS_0fb41ef4-5012-48a9-bf39-4ee3de03ee35_build_2384_0
    method: GET
    uri: https://management.azure.com/subscriptions/00000000-0000-0000-0000-000000000000/resourceGroups/rgname/providers/Microsoft.Network/virtualNetworks/networknamex34bd0f90?api-version=2020-11-01
  response:
    body:
      string: "{\r\n  \"name\": \"networknamex34bd0f90\",\r\n  \"id\": \"/subscriptions/00000000-0000-0000-0000-000000000000/resourceGroups/rgname/providers/Microsoft.Network/virtualNetworks/networknamex34bd0f90\",\r\n
        \ \"etag\": \"W/\\\"fc17e4e9-33b4-466f-9051-667727b239b4\\\"\",\r\n  \"type\":
        \"Microsoft.Network/virtualNetworks\",\r\n  \"location\": \"eastus\",\r\n
        \ \"properties\": {\r\n    \"provisioningState\": \"Succeeded\",\r\n    \"resourceGuid\":
        \"ef12fb78-8bed-4861-b603-ba8ceecbd096\",\r\n    \"addressSpace\": {\r\n      \"addressPrefixes\":
        [\r\n        \"10.0.0.0/16\"\r\n      ]\r\n    },\r\n    \"subnets\": [],\r\n
        \   \"virtualNetworkPeerings\": [],\r\n    \"enableDdosProtection\": false\r\n
        \ }\r\n}"
    headers:
      cache-control:
      - no-cache
      content-length:
      - '694'
      content-type:
      - application/json; charset=utf-8
      date:
      - Fri, 26 Mar 2021 02:28:13 GMT
      etag:
      - W/"fc17e4e9-33b4-466f-9051-667727b239b4"
      expires:
      - '-1'
      pragma:
      - no-cache
      server:
      - Microsoft-HTTPAPI/2.0
      - Microsoft-HTTPAPI/2.0
      strict-transport-security:
      - max-age=31536000; includeSubDomains
      transfer-encoding:
      - chunked
      vary:
      - Accept-Encoding
      x-content-type-options:
      - nosniff
      x-ms-arm-service-request-id:
      - 691dcfea-70c5-46bc-931a-4a10fdfe41e0
    status:
      code: 200
      message: OK
- request:
    body: '{"properties": {"addressPrefix": "10.0.0.0/24"}}'
    headers:
      Accept:
      - application/json
      Accept-Encoding:
      - gzip, deflate
      Connection:
      - keep-alive
      Content-Length:
      - '48'
      Content-Type:
      - application/json
      User-Agent:
      - azsdk-python-azure-mgmt-network/18.0.0 Python/3.8.8 (Linux-5.4.0-1041-azure-x86_64-with-glibc2.2.5)
        VSTS_0fb41ef4-5012-48a9-bf39-4ee3de03ee35_build_2384_0
    method: PUT
    uri: https://management.azure.com/subscriptions/00000000-0000-0000-0000-000000000000/resourceGroups/rgname/providers/Microsoft.Network/virtualNetworks/networknamex34bd0f90/subnets/subnetx34bd0f90?api-version=2020-11-01
  response:
    body:
      string: "{\r\n  \"name\": \"subnetx34bd0f90\",\r\n  \"id\": \"/subscriptions/00000000-0000-0000-0000-000000000000/resourceGroups/rgname/providers/Microsoft.Network/virtualNetworks/networknamex34bd0f90/subnets/subnetx34bd0f90\",\r\n
        \ \"etag\": \"W/\\\"34c02481-f225-410e-9871-e28235be1f09\\\"\",\r\n  \"properties\":
        {\r\n    \"provisioningState\": \"Updating\",\r\n    \"addressPrefix\": \"10.0.0.0/24\",\r\n
        \   \"delegations\": [],\r\n    \"privateEndpointNetworkPolicies\": \"Enabled\",\r\n
        \   \"privateLinkServiceNetworkPolicies\": \"Enabled\"\r\n  },\r\n  \"type\":
        \"Microsoft.Network/virtualNetworks/subnets\"\r\n}"
    headers:
      azure-asyncoperation:
      - https://management.azure.com/subscriptions/00000000-0000-0000-0000-000000000000/providers/Microsoft.Network/locations/eastus/operations/72a4bdee-c88f-432d-8444-d98949c82018?api-version=2020-11-01
      cache-control:
      - no-cache
      content-length:
      - '616'
      content-type:
      - application/json; charset=utf-8
      date:
      - Fri, 26 Mar 2021 02:28:13 GMT
      expires:
      - '-1'
      pragma:
      - no-cache
      server:
      - Microsoft-HTTPAPI/2.0
      - Microsoft-HTTPAPI/2.0
      strict-transport-security:
      - max-age=31536000; includeSubDomains
      x-content-type-options:
      - nosniff
      x-ms-arm-service-request-id:
      - 2b437f4f-c2f5-4195-8785-e09a295b69e3
      x-ms-ratelimit-remaining-subscription-writes:
      - '1184'
    status:
      code: 201
      message: Created
- request:
    body: null
    headers:
      Accept:
      - '*/*'
      Accept-Encoding:
      - gzip, deflate
      Connection:
      - keep-alive
      User-Agent:
      - azsdk-python-azure-mgmt-network/18.0.0 Python/3.8.8 (Linux-5.4.0-1041-azure-x86_64-with-glibc2.2.5)
        VSTS_0fb41ef4-5012-48a9-bf39-4ee3de03ee35_build_2384_0
    method: GET
    uri: https://management.azure.com/subscriptions/00000000-0000-0000-0000-000000000000/providers/Microsoft.Network/locations/eastus/operations/72a4bdee-c88f-432d-8444-d98949c82018?api-version=2020-11-01
  response:
    body:
      string: "{\r\n  \"status\": \"Succeeded\"\r\n}"
    headers:
      cache-control:
      - no-cache
      content-length:
      - '29'
      content-type:
      - application/json; charset=utf-8
      date:
      - Fri, 26 Mar 2021 02:28:16 GMT
      expires:
      - '-1'
      pragma:
      - no-cache
      server:
      - Microsoft-HTTPAPI/2.0
      - Microsoft-HTTPAPI/2.0
      strict-transport-security:
      - max-age=31536000; includeSubDomains
      transfer-encoding:
      - chunked
      vary:
      - Accept-Encoding
      x-content-type-options:
      - nosniff
      x-ms-arm-service-request-id:
      - 2376ad8a-5ee7-487a-a097-ae3b43da62dc
    status:
      code: 200
      message: OK
- request:
    body: null
    headers:
      Accept:
      - '*/*'
      Accept-Encoding:
      - gzip, deflate
      Connection:
      - keep-alive
      User-Agent:
      - azsdk-python-azure-mgmt-network/18.0.0 Python/3.8.8 (Linux-5.4.0-1041-azure-x86_64-with-glibc2.2.5)
        VSTS_0fb41ef4-5012-48a9-bf39-4ee3de03ee35_build_2384_0
    method: GET
    uri: https://management.azure.com/subscriptions/00000000-0000-0000-0000-000000000000/resourceGroups/rgname/providers/Microsoft.Network/virtualNetworks/networknamex34bd0f90/subnets/subnetx34bd0f90?api-version=2020-11-01
  response:
    body:
      string: "{\r\n  \"name\": \"subnetx34bd0f90\",\r\n  \"id\": \"/subscriptions/00000000-0000-0000-0000-000000000000/resourceGroups/rgname/providers/Microsoft.Network/virtualNetworks/networknamex34bd0f90/subnets/subnetx34bd0f90\",\r\n
        \ \"etag\": \"W/\\\"812a606f-d060-4f32-a099-59e287923106\\\"\",\r\n  \"properties\":
        {\r\n    \"provisioningState\": \"Succeeded\",\r\n    \"addressPrefix\": \"10.0.0.0/24\",\r\n
        \   \"delegations\": [],\r\n    \"privateEndpointNetworkPolicies\": \"Enabled\",\r\n
        \   \"privateLinkServiceNetworkPolicies\": \"Enabled\"\r\n  },\r\n  \"type\":
        \"Microsoft.Network/virtualNetworks/subnets\"\r\n}"
    headers:
      cache-control:
      - no-cache
      content-length:
      - '617'
      content-type:
      - application/json; charset=utf-8
      date:
      - Fri, 26 Mar 2021 02:28:16 GMT
      etag:
      - W/"812a606f-d060-4f32-a099-59e287923106"
      expires:
      - '-1'
      pragma:
      - no-cache
      server:
      - Microsoft-HTTPAPI/2.0
      - Microsoft-HTTPAPI/2.0
      strict-transport-security:
      - max-age=31536000; includeSubDomains
      transfer-encoding:
      - chunked
      vary:
      - Accept-Encoding
      x-content-type-options:
      - nosniff
      x-ms-arm-service-request-id:
      - 927df440-aee0-4859-bf74-1fa7fa7e09a0
    status:
      code: 200
      message: OK
- request:
    body: '{"location": "eastus", "properties": {"ipConfigurations": [{"name": "MyIpConfig",
      "properties": {"subnet": {"id": "/subscriptions/00000000-0000-0000-0000-000000000000/resourceGroups/rgname/providers/Microsoft.Network/virtualNetworks/networknamex34bd0f90/subnets/subnetx34bd0f90"}}}]}}'
    headers:
      Accept:
      - application/json
      Accept-Encoding:
      - gzip, deflate
      Connection:
      - keep-alive
      Content-Length:
      - '353'
      Content-Type:
      - application/json
      User-Agent:
      - azsdk-python-azure-mgmt-network/18.0.0 Python/3.8.8 (Linux-5.4.0-1041-azure-x86_64-with-glibc2.2.5)
        VSTS_0fb41ef4-5012-48a9-bf39-4ee3de03ee35_build_2384_0
    method: PUT
    uri: https://management.azure.com/subscriptions/00000000-0000-0000-0000-000000000000/resourceGroups/rgname/providers/Microsoft.Network/networkInterfaces/interfacex34bd0f90?api-version=2020-11-01
  response:
    body:
      string: "{\r\n  \"name\": \"interfacex34bd0f90\",\r\n  \"id\": \"/subscriptions/00000000-0000-0000-0000-000000000000/resourceGroups/rgname/providers/Microsoft.Network/networkInterfaces/interfacex34bd0f90\",\r\n
        \ \"etag\": \"W/\\\"1e523f53-df7f-41fc-afbb-f527922857a4\\\"\",\r\n  \"location\":
        \"eastus\",\r\n  \"properties\": {\r\n    \"provisioningState\": \"Succeeded\",\r\n
        \   \"resourceGuid\": \"5c0df6d2-b727-4ce0-b23e-1e9592cd8e0d\",\r\n    \"ipConfigurations\":
        [\r\n      {\r\n        \"name\": \"MyIpConfig\",\r\n        \"id\": \"/subscriptions/00000000-0000-0000-0000-000000000000/resourceGroups/rgname/providers/Microsoft.Network/networkInterfaces/interfacex34bd0f90/ipConfigurations/MyIpConfig\",\r\n
        \       \"etag\": \"W/\\\"1e523f53-df7f-41fc-afbb-f527922857a4\\\"\",\r\n
        \       \"type\": \"Microsoft.Network/networkInterfaces/ipConfigurations\",\r\n
        \       \"properties\": {\r\n          \"provisioningState\": \"Succeeded\",\r\n
        \         \"privateIPAddress\": \"10.0.0.4\",\r\n          \"privateIPAllocationMethod\":
        \"Dynamic\",\r\n          \"subnet\": {\r\n            \"id\": \"/subscriptions/00000000-0000-0000-0000-000000000000/resourceGroups/rgname/providers/Microsoft.Network/virtualNetworks/networknamex34bd0f90/subnets/subnetx34bd0f90\"\r\n
        \         },\r\n          \"primary\": true,\r\n          \"privateIPAddressVersion\":
        \"IPv4\"\r\n        }\r\n      }\r\n    ],\r\n    \"dnsSettings\": {\r\n      \"dnsServers\":
        [],\r\n      \"appliedDnsServers\": [],\r\n      \"internalDomainNameSuffix\":
        \"pd3rf15nrnqurnqdxkgo3s4qsg.bx.internal.cloudapp.net\"\r\n    },\r\n    \"enableAcceleratedNetworking\":
        false,\r\n    \"enableIPForwarding\": false,\r\n    \"hostedWorkloads\": [],\r\n
        \   \"tapConfigurations\": [],\r\n    \"nicType\": \"Standard\"\r\n  },\r\n
        \ \"type\": \"Microsoft.Network/networkInterfaces\"\r\n}"
    headers:
      azure-asyncnotification:
      - Enabled
      azure-asyncoperation:
      - https://management.azure.com/subscriptions/00000000-0000-0000-0000-000000000000/providers/Microsoft.Network/locations/eastus/operations/5aa3a275-42eb-410d-9883-1c929626ad92?api-version=2020-11-01
      cache-control:
      - no-cache
      content-length:
      - '1863'
      content-type:
      - application/json; charset=utf-8
      date:
      - Fri, 26 Mar 2021 02:28:17 GMT
      expires:
      - '-1'
      pragma:
      - no-cache
      server:
      - Microsoft-HTTPAPI/2.0
      - Microsoft-HTTPAPI/2.0
      strict-transport-security:
      - max-age=31536000; includeSubDomains
      x-content-type-options:
      - nosniff
      x-ms-arm-service-request-id:
      - 96e82e8f-7111-4de5-a194-78701ffabd3e
      x-ms-ratelimit-remaining-subscription-writes:
      - '1183'
    status:
      code: 201
      message: Created
- request:
    body: null
    headers:
      Accept:
      - '*/*'
      Accept-Encoding:
      - gzip, deflate
      Connection:
      - keep-alive
      User-Agent:
      - azsdk-python-azure-mgmt-network/18.0.0 Python/3.8.8 (Linux-5.4.0-1041-azure-x86_64-with-glibc2.2.5)
        VSTS_0fb41ef4-5012-48a9-bf39-4ee3de03ee35_build_2384_0
    method: GET
    uri: https://management.azure.com/subscriptions/00000000-0000-0000-0000-000000000000/providers/Microsoft.Network/locations/eastus/operations/5aa3a275-42eb-410d-9883-1c929626ad92?api-version=2020-11-01
  response:
    body:
      string: "{\r\n  \"status\": \"Succeeded\"\r\n}"
    headers:
      cache-control:
      - no-cache
      content-length:
      - '29'
      content-type:
      - application/json; charset=utf-8
      date:
      - Fri, 26 Mar 2021 02:28:47 GMT
      expires:
      - '-1'
      pragma:
      - no-cache
      server:
      - Microsoft-HTTPAPI/2.0
      - Microsoft-HTTPAPI/2.0
      strict-transport-security:
      - max-age=31536000; includeSubDomains
      transfer-encoding:
      - chunked
      vary:
      - Accept-Encoding
      x-content-type-options:
      - nosniff
      x-ms-arm-service-request-id:
      - 779755c4-c149-4a09-a4f4-b698254c6b4f
    status:
      code: 200
      message: OK
- request:
    body: null
    headers:
      Accept:
      - '*/*'
      Accept-Encoding:
      - gzip, deflate
      Connection:
      - keep-alive
      User-Agent:
      - azsdk-python-azure-mgmt-network/18.0.0 Python/3.8.8 (Linux-5.4.0-1041-azure-x86_64-with-glibc2.2.5)
        VSTS_0fb41ef4-5012-48a9-bf39-4ee3de03ee35_build_2384_0
    method: GET
    uri: https://management.azure.com/subscriptions/00000000-0000-0000-0000-000000000000/resourceGroups/rgname/providers/Microsoft.Network/networkInterfaces/interfacex34bd0f90?api-version=2020-11-01
  response:
    body:
      string: "{\r\n  \"name\": \"interfacex34bd0f90\",\r\n  \"id\": \"/subscriptions/00000000-0000-0000-0000-000000000000/resourceGroups/rgname/providers/Microsoft.Network/networkInterfaces/interfacex34bd0f90\",\r\n
        \ \"etag\": \"W/\\\"1e523f53-df7f-41fc-afbb-f527922857a4\\\"\",\r\n  \"location\":
        \"eastus\",\r\n  \"properties\": {\r\n    \"provisioningState\": \"Succeeded\",\r\n
        \   \"resourceGuid\": \"5c0df6d2-b727-4ce0-b23e-1e9592cd8e0d\",\r\n    \"ipConfigurations\":
        [\r\n      {\r\n        \"name\": \"MyIpConfig\",\r\n        \"id\": \"/subscriptions/00000000-0000-0000-0000-000000000000/resourceGroups/rgname/providers/Microsoft.Network/networkInterfaces/interfacex34bd0f90/ipConfigurations/MyIpConfig\",\r\n
        \       \"etag\": \"W/\\\"1e523f53-df7f-41fc-afbb-f527922857a4\\\"\",\r\n
        \       \"type\": \"Microsoft.Network/networkInterfaces/ipConfigurations\",\r\n
        \       \"properties\": {\r\n          \"provisioningState\": \"Succeeded\",\r\n
        \         \"privateIPAddress\": \"10.0.0.4\",\r\n          \"privateIPAllocationMethod\":
        \"Dynamic\",\r\n          \"subnet\": {\r\n            \"id\": \"/subscriptions/00000000-0000-0000-0000-000000000000/resourceGroups/rgname/providers/Microsoft.Network/virtualNetworks/networknamex34bd0f90/subnets/subnetx34bd0f90\"\r\n
        \         },\r\n          \"primary\": true,\r\n          \"privateIPAddressVersion\":
        \"IPv4\"\r\n        }\r\n      }\r\n    ],\r\n    \"dnsSettings\": {\r\n      \"dnsServers\":
        [],\r\n      \"appliedDnsServers\": [],\r\n      \"internalDomainNameSuffix\":
        \"pd3rf15nrnqurnqdxkgo3s4qsg.bx.internal.cloudapp.net\"\r\n    },\r\n    \"enableAcceleratedNetworking\":
        false,\r\n    \"enableIPForwarding\": false,\r\n    \"hostedWorkloads\": [],\r\n
        \   \"tapConfigurations\": [],\r\n    \"nicType\": \"Standard\"\r\n  },\r\n
        \ \"type\": \"Microsoft.Network/networkInterfaces\"\r\n}"
    headers:
      cache-control:
      - no-cache
      content-length:
      - '1863'
      content-type:
      - application/json; charset=utf-8
      date:
      - Fri, 26 Mar 2021 02:28:47 GMT
      etag:
      - W/"1e523f53-df7f-41fc-afbb-f527922857a4"
      expires:
      - '-1'
      pragma:
      - no-cache
      server:
      - Microsoft-HTTPAPI/2.0
      - Microsoft-HTTPAPI/2.0
      strict-transport-security:
      - max-age=31536000; includeSubDomains
      transfer-encoding:
      - chunked
      vary:
      - Accept-Encoding
      x-content-type-options:
      - nosniff
      x-ms-arm-service-request-id:
      - f1d644c0-21e9-4472-82d5-661bf3efe7e0
    status:
      code: 200
      message: OK
- request:
    body: '{"location": "eastus", "properties": {"hardwareProfile": {"vmSize": "Standard_D2_v2"},
      "storageProfile": {"imageReference": {"publisher": "MicrosoftWindowsServer",
      "offer": "WindowsServer", "sku": "2016-Datacenter", "version": "latest"}, "osDisk":
      {"name": "myVMosdisk", "caching": "ReadWrite", "createOption": "FromImage"}},
      "osProfile": {"computerName": "myVM", "adminUsername": "testuser", "adminPassword":
      "Aa1!zyx_", "windowsConfiguration": {"enableAutomaticUpdates": true}}, "networkProfile":
      {"networkInterfaces": [{"id": "/subscriptions/00000000-0000-0000-0000-000000000000/resourceGroups/rgname/providers/Microsoft.Network/networkInterfaces/interfacex34bd0f90",
      "properties": {"primary": true}}]}, "priority": "Spot", "evictionPolicy": "Deallocate",
      "billingProfile": {"maxPrice": 1.0}}}'
    headers:
      Accept:
      - application/json
      Accept-Encoding:
      - gzip, deflate
      Connection:
      - keep-alive
      Content-Length:
      - '865'
      Content-Type:
      - application/json
      User-Agent:
      - azsdk-python-azure-mgmt-compute/20.0.0 Python/3.8.8 (Linux-5.4.0-1041-azure-x86_64-with-glibc2.2.5)
        VSTS_0fb41ef4-5012-48a9-bf39-4ee3de03ee35_build_2384_0
    method: PUT
    uri: https://management.azure.com/subscriptions/00000000-0000-0000-0000-000000000000/resourceGroups/rgname/providers/Microsoft.Compute/virtualMachines/virtualmachinex34bd0f90?api-version=2020-12-01
  response:
    body:
      string: "{\r\n  \"name\": \"virtualmachinex34bd0f90\",\r\n  \"id\": \"/subscriptions/00000000-0000-0000-0000-000000000000/resourceGroups/rgname/providers/Microsoft.Compute/virtualMachines/virtualmachinex34bd0f90\",\r\n
        \ \"type\": \"Microsoft.Compute/virtualMachines\",\r\n  \"location\": \"eastus\",\r\n
        \ \"properties\": {\r\n    \"vmId\": \"a83d49e3-9fca-45f7-b9e3-eebb03a7844f\",\r\n
        \   \"hardwareProfile\": {\r\n      \"vmSize\": \"Standard_D2_v2\"\r\n    },\r\n
        \   \"storageProfile\": {\r\n      \"imageReference\": {\r\n        \"publisher\":
        \"MicrosoftWindowsServer\",\r\n        \"offer\": \"WindowsServer\",\r\n        \"sku\":
        \"2016-Datacenter\",\r\n        \"version\": \"latest\",\r\n        \"exactVersion\":
        \"14393.4283.2103051830\"\r\n      },\r\n      \"osDisk\": {\r\n        \"osType\":
        \"Windows\",\r\n        \"name\": \"myVMosdisk\",\r\n        \"createOption\":
        \"FromImage\",\r\n        \"caching\": \"ReadWrite\",\r\n        \"managedDisk\":
        {\r\n          \"storageAccountType\": \"Standard_LRS\"\r\n        },\r\n
        \       \"diskSizeGB\": 127\r\n      },\r\n      \"dataDisks\": []\r\n    },\r\n
        \   \"osProfile\": {\r\n      \"computerName\": \"myVM\",\r\n      \"adminUsername\":
        \"testuser\",\r\n      \"windowsConfiguration\": {\r\n        \"provisionVMAgent\":
        true,\r\n        \"enableAutomaticUpdates\": true,\r\n        \"patchSettings\":
        {\r\n          \"patchMode\": \"AutomaticByOS\"\r\n        }\r\n      },\r\n
        \     \"secrets\": [],\r\n      \"allowExtensionOperations\": true,\r\n      \"requireGuestProvisionSignal\":
        true\r\n    },\r\n    \"networkProfile\": {\"networkInterfaces\":[{\"id\":\"/subscriptions/00000000-0000-0000-0000-000000000000/resourceGroups/rgname/providers/Microsoft.Network/networkInterfaces/interfacex34bd0f90\",\"properties\":{\"primary\":true}}]},\r\n
        \   \"provisioningState\": \"Creating\",\r\n    \"priority\": \"Spot\",\r\n
        \   \"evictionPolicy\": \"Deallocate\",\r\n    \"billingProfile\": {\r\n      \"maxPrice\":
        1.0\r\n    }\r\n  }\r\n}"
    headers:
      azure-asyncnotification:
      - Enabled
      azure-asyncoperation:
      - https://management.azure.com/subscriptions/00000000-0000-0000-0000-000000000000/providers/Microsoft.Compute/locations/eastus/operations/32e747f3-442e-416d-890a-774a29642e96?api-version=2020-12-01
      cache-control:
      - no-cache
      content-length:
      - '1896'
      content-type:
      - application/json; charset=utf-8
      date:
      - Fri, 26 Mar 2021 02:28:48 GMT
      expires:
      - '-1'
      pragma:
      - no-cache
      server:
      - Microsoft-HTTPAPI/2.0
      - Microsoft-HTTPAPI/2.0
      strict-transport-security:
      - max-age=31536000; includeSubDomains
      x-content-type-options:
      - nosniff
      x-ms-ratelimit-remaining-resource:
      - Microsoft.Compute/PutVM3Min;743,Microsoft.Compute/PutVM30Min;3726
      x-ms-ratelimit-remaining-subscription-writes:
      - '1188'
    status:
      code: 201
      message: Created
- request:
    body: null
    headers:
      Accept:
      - '*/*'
      Accept-Encoding:
      - gzip, deflate
      Connection:
      - keep-alive
      User-Agent:
      - azsdk-python-azure-mgmt-compute/20.0.0 Python/3.8.8 (Linux-5.4.0-1041-azure-x86_64-with-glibc2.2.5)
        VSTS_0fb41ef4-5012-48a9-bf39-4ee3de03ee35_build_2384_0
    method: GET
    uri: https://management.azure.com/subscriptions/00000000-0000-0000-0000-000000000000/providers/Microsoft.Compute/locations/eastus/operations/32e747f3-442e-416d-890a-774a29642e96?api-version=2020-12-01
  response:
    body:
      string: "{\r\n  \"startTime\": \"2021-03-26T02:28:49.3373778+00:00\",\r\n  \"status\":
        \"InProgress\",\r\n  \"name\": \"32e747f3-442e-416d-890a-774a29642e96\"\r\n}"
    headers:
      cache-control:
      - no-cache
      content-length:
      - '134'
      content-type:
      - application/json; charset=utf-8
      date:
      - Fri, 26 Mar 2021 02:28:59 GMT
      expires:
      - '-1'
      pragma:
      - no-cache
      server:
      - Microsoft-HTTPAPI/2.0
      - Microsoft-HTTPAPI/2.0
      strict-transport-security:
      - max-age=31536000; includeSubDomains
      transfer-encoding:
      - chunked
      vary:
      - Accept-Encoding
      x-content-type-options:
      - nosniff
      x-ms-ratelimit-remaining-resource:
      - Microsoft.Compute/GetOperation3Min;14983,Microsoft.Compute/GetOperation30Min;29951
    status:
      code: 200
      message: OK
- request:
    body: null
    headers:
      Accept:
      - '*/*'
      Accept-Encoding:
      - gzip, deflate
      Connection:
      - keep-alive
      User-Agent:
      - azsdk-python-azure-mgmt-compute/20.0.0 Python/3.8.8 (Linux-5.4.0-1041-azure-x86_64-with-glibc2.2.5)
        VSTS_0fb41ef4-5012-48a9-bf39-4ee3de03ee35_build_2384_0
    method: GET
    uri: https://management.azure.com/subscriptions/00000000-0000-0000-0000-000000000000/providers/Microsoft.Compute/locations/eastus/operations/32e747f3-442e-416d-890a-774a29642e96?api-version=2020-12-01
  response:
    body:
      string: "{\r\n  \"startTime\": \"2021-03-26T02:28:49.3373778+00:00\",\r\n  \"status\":
        \"InProgress\",\r\n  \"name\": \"32e747f3-442e-416d-890a-774a29642e96\"\r\n}"
    headers:
      cache-control:
      - no-cache
      content-length:
      - '134'
      content-type:
      - application/json; charset=utf-8
      date:
      - Fri, 26 Mar 2021 02:29:49 GMT
      expires:
      - '-1'
      pragma:
      - no-cache
      server:
      - Microsoft-HTTPAPI/2.0
      - Microsoft-HTTPAPI/2.0
      strict-transport-security:
      - max-age=31536000; includeSubDomains
      transfer-encoding:
      - chunked
      vary:
      - Accept-Encoding
      x-content-type-options:
      - nosniff
      x-ms-ratelimit-remaining-resource:
      - Microsoft.Compute/GetOperation3Min;14989,Microsoft.Compute/GetOperation30Min;29950
    status:
      code: 200
      message: OK
- request:
    body: null
    headers:
      Accept:
      - '*/*'
      Accept-Encoding:
      - gzip, deflate
      Connection:
      - keep-alive
      User-Agent:
      - azsdk-python-azure-mgmt-compute/20.0.0 Python/3.8.8 (Linux-5.4.0-1041-azure-x86_64-with-glibc2.2.5)
        VSTS_0fb41ef4-5012-48a9-bf39-4ee3de03ee35_build_2384_0
    method: GET
    uri: https://management.azure.com/subscriptions/00000000-0000-0000-0000-000000000000/providers/Microsoft.Compute/locations/eastus/operations/32e747f3-442e-416d-890a-774a29642e96?api-version=2020-12-01
  response:
    body:
      string: "{\r\n  \"startTime\": \"2021-03-26T02:28:49.3373778+00:00\",\r\n  \"status\":
        \"InProgress\",\r\n  \"name\": \"32e747f3-442e-416d-890a-774a29642e96\"\r\n}"
    headers:
      cache-control:
      - no-cache
      content-length:
      - '134'
      content-type:
      - application/json; charset=utf-8
      date:
      - Fri, 26 Mar 2021 02:30:19 GMT
      expires:
      - '-1'
      pragma:
      - no-cache
      server:
      - Microsoft-HTTPAPI/2.0
      - Microsoft-HTTPAPI/2.0
      strict-transport-security:
      - max-age=31536000; includeSubDomains
      transfer-encoding:
      - chunked
      vary:
      - Accept-Encoding
      x-content-type-options:
      - nosniff
      x-ms-ratelimit-remaining-resource:
      - Microsoft.Compute/GetOperation3Min;14991,Microsoft.Compute/GetOperation30Min;29949
    status:
      code: 200
      message: OK
- request:
    body: null
    headers:
      Accept:
      - '*/*'
      Accept-Encoding:
      - gzip, deflate
      Connection:
      - keep-alive
      User-Agent:
      - azsdk-python-azure-mgmt-compute/20.0.0 Python/3.8.8 (Linux-5.4.0-1041-azure-x86_64-with-glibc2.2.5)
        VSTS_0fb41ef4-5012-48a9-bf39-4ee3de03ee35_build_2384_0
    method: GET
    uri: https://management.azure.com/subscriptions/00000000-0000-0000-0000-000000000000/providers/Microsoft.Compute/locations/eastus/operations/32e747f3-442e-416d-890a-774a29642e96?api-version=2020-12-01
  response:
    body:
      string: "{\r\n  \"startTime\": \"2021-03-26T02:28:49.3373778+00:00\",\r\n  \"status\":
        \"InProgress\",\r\n  \"name\": \"32e747f3-442e-416d-890a-774a29642e96\"\r\n}"
    headers:
      cache-control:
      - no-cache
      content-length:
      - '134'
      content-type:
      - application/json; charset=utf-8
      date:
      - Fri, 26 Mar 2021 02:30:49 GMT
      expires:
      - '-1'
      pragma:
      - no-cache
      server:
      - Microsoft-HTTPAPI/2.0
      - Microsoft-HTTPAPI/2.0
      strict-transport-security:
      - max-age=31536000; includeSubDomains
      transfer-encoding:
      - chunked
      vary:
      - Accept-Encoding
      x-content-type-options:
      - nosniff
      x-ms-ratelimit-remaining-resource:
      - Microsoft.Compute/GetOperation3Min;14994,Microsoft.Compute/GetOperation30Min;29947
    status:
      code: 200
      message: OK
- request:
    body: null
    headers:
      Accept:
      - '*/*'
      Accept-Encoding:
      - gzip, deflate
      Connection:
      - keep-alive
      User-Agent:
      - azsdk-python-azure-mgmt-compute/20.0.0 Python/3.8.8 (Linux-5.4.0-1041-azure-x86_64-with-glibc2.2.5)
        VSTS_0fb41ef4-5012-48a9-bf39-4ee3de03ee35_build_2384_0
    method: GET
    uri: https://management.azure.com/subscriptions/00000000-0000-0000-0000-000000000000/providers/Microsoft.Compute/locations/eastus/operations/32e747f3-442e-416d-890a-774a29642e96?api-version=2020-12-01
  response:
    body:
      string: "{\r\n  \"startTime\": \"2021-03-26T02:28:49.3373778+00:00\",\r\n  \"endTime\":
        \"2021-03-26T02:30:50.3845847+00:00\",\r\n  \"status\": \"Succeeded\",\r\n
        \ \"name\": \"32e747f3-442e-416d-890a-774a29642e96\"\r\n}"
    headers:
      cache-control:
      - no-cache
      content-length:
      - '184'
      content-type:
      - application/json; charset=utf-8
      date:
      - Fri, 26 Mar 2021 02:31:19 GMT
      expires:
      - '-1'
      pragma:
      - no-cache
      server:
      - Microsoft-HTTPAPI/2.0
      - Microsoft-HTTPAPI/2.0
      strict-transport-security:
      - max-age=31536000; includeSubDomains
      transfer-encoding:
      - chunked
      vary:
      - Accept-Encoding
      x-content-type-options:
      - nosniff
      x-ms-ratelimit-remaining-resource:
      - Microsoft.Compute/GetOperation3Min;14993,Microsoft.Compute/GetOperation30Min;29945
    status:
      code: 200
      message: OK
- request:
    body: null
    headers:
      Accept:
      - '*/*'
      Accept-Encoding:
      - gzip, deflate
      Connection:
      - keep-alive
      User-Agent:
      - azsdk-python-azure-mgmt-compute/20.0.0 Python/3.8.8 (Linux-5.4.0-1041-azure-x86_64-with-glibc2.2.5)
        VSTS_0fb41ef4-5012-48a9-bf39-4ee3de03ee35_build_2384_0
    method: GET
    uri: https://management.azure.com/subscriptions/00000000-0000-0000-0000-000000000000/resourceGroups/rgname/providers/Microsoft.Compute/virtualMachines/virtualmachinex34bd0f90?api-version=2020-12-01
  response:
    body:
      string: "{\r\n  \"name\": \"virtualmachinex34bd0f90\",\r\n  \"id\": \"/subscriptions/00000000-0000-0000-0000-000000000000/resourceGroups/rgname/providers/Microsoft.Compute/virtualMachines/virtualmachinex34bd0f90\",\r\n
        \ \"type\": \"Microsoft.Compute/virtualMachines\",\r\n  \"location\": \"eastus\",\r\n
        \ \"properties\": {\r\n    \"vmId\": \"a83d49e3-9fca-45f7-b9e3-eebb03a7844f\",\r\n
        \   \"hardwareProfile\": {\r\n      \"vmSize\": \"Standard_D2_v2\"\r\n    },\r\n
        \   \"storageProfile\": {\r\n      \"imageReference\": {\r\n        \"publisher\":
        \"MicrosoftWindowsServer\",\r\n        \"offer\": \"WindowsServer\",\r\n        \"sku\":
        \"2016-Datacenter\",\r\n        \"version\": \"latest\",\r\n        \"exactVersion\":
        \"14393.4283.2103051830\"\r\n      },\r\n      \"osDisk\": {\r\n        \"osType\":
        \"Windows\",\r\n        \"name\": \"myVMosdisk\",\r\n        \"createOption\":
        \"FromImage\",\r\n        \"caching\": \"ReadWrite\",\r\n        \"managedDisk\":
        {\r\n          \"storageAccountType\": \"Standard_LRS\",\r\n          \"id\":
        \"/subscriptions/00000000-0000-0000-0000-000000000000/resourceGroups/rgname/providers/Microsoft.Compute/disks/myVMosdisk\"\r\n
        \       },\r\n        \"diskSizeGB\": 127\r\n      },\r\n      \"dataDisks\":
        []\r\n    },\r\n    \"osProfile\": {\r\n      \"computerName\": \"myVM\",\r\n
        \     \"adminUsername\": \"testuser\",\r\n      \"windowsConfiguration\":
        {\r\n        \"provisionVMAgent\": true,\r\n        \"enableAutomaticUpdates\":
        true,\r\n        \"patchSettings\": {\r\n          \"patchMode\": \"AutomaticByOS\"\r\n
        \       }\r\n      },\r\n      \"secrets\": [],\r\n      \"allowExtensionOperations\":
        true,\r\n      \"requireGuestProvisionSignal\": true\r\n    },\r\n    \"networkProfile\":
        {\"networkInterfaces\":[{\"id\":\"/subscriptions/00000000-0000-0000-0000-000000000000/resourceGroups/rgname/providers/Microsoft.Network/networkInterfaces/interfacex34bd0f90\",\"properties\":{\"primary\":true}}]},\r\n
        \   \"provisioningState\": \"Succeeded\",\r\n    \"priority\": \"Spot\",\r\n
        \   \"evictionPolicy\": \"Deallocate\",\r\n    \"billingProfile\": {\r\n      \"maxPrice\":
        1.0\r\n    }\r\n  }\r\n}"
    headers:
      cache-control:
      - no-cache
      content-length:
      - '2105'
      content-type:
      - application/json; charset=utf-8
      date:
      - Fri, 26 Mar 2021 02:31:20 GMT
      expires:
      - '-1'
      pragma:
      - no-cache
      server:
      - Microsoft-HTTPAPI/2.0
      - Microsoft-HTTPAPI/2.0
      strict-transport-security:
      - max-age=31536000; includeSubDomains
      transfer-encoding:
      - chunked
      vary:
      - Accept-Encoding
      x-content-type-options:
      - nosniff
      x-ms-ratelimit-remaining-resource:
      - Microsoft.Compute/LowCostGet3Min;3996,Microsoft.Compute/LowCostGet30Min;31969
    status:
      code: 200
      message: OK
- request:
    body: null
    headers:
      Accept:
      - '*/*'
      Accept-Encoding:
      - gzip, deflate
      Connection:
      - keep-alive
      Content-Length:
      - '0'
      User-Agent:
      - azsdk-python-azure-mgmt-compute/20.0.0 Python/3.8.8 (Linux-5.4.0-1041-azure-x86_64-with-glibc2.2.5)
        VSTS_0fb41ef4-5012-48a9-bf39-4ee3de03ee35_build_2384_0
    method: POST
    uri: https://management.azure.com/subscriptions/00000000-0000-0000-0000-000000000000/resourceGroups/rgname/providers/Microsoft.Compute/virtualMachines/virtualmachinex34bd0f90/simulateEviction?api-version=2020-12-01
  response:
    body:
      string: ''
    headers:
      cache-control:
      - no-cache
      date:
      - Fri, 26 Mar 2021 02:31:20 GMT
      expires:
      - '-1'
      pragma:
      - no-cache
      server:
      - Microsoft-HTTPAPI/2.0
      - Microsoft-HTTPAPI/2.0
      strict-transport-security:
      - max-age=31536000; includeSubDomains
      x-content-type-options:
      - nosniff
      x-ms-ratelimit-remaining-resource:
      - Microsoft.Compute/DeleteVM3Min;239,Microsoft.Compute/DeleteVM30Min;1197
      x-ms-ratelimit-remaining-subscription-writes:
      - '1197'
    status:
      code: 204
      message: No Content
- request:
    body: null
    headers:
      Accept:
      - '*/*'
      Accept-Encoding:
      - gzip, deflate
      Connection:
      - keep-alive
      Content-Length:
      - '0'
      User-Agent:
      - azsdk-python-azure-mgmt-compute/20.0.0 Python/3.8.8 (Linux-5.4.0-1041-azure-x86_64-with-glibc2.2.5)
        VSTS_0fb41ef4-5012-48a9-bf39-4ee3de03ee35_build_2384_0
    method: POST
    uri: https://management.azure.com/subscriptions/00000000-0000-0000-0000-000000000000/resourceGroups/rgname/providers/Microsoft.Compute/virtualMachines/virtualmachinex34bd0f90/performMaintenance?api-version=2020-12-01
  response:
    body:
      string: "{\r\n  \"error\": {\r\n    \"code\": \"OperationNotAllowed\",\r\n    \"message\":
        \"Operation 'performMaintenance' is not allowed on VM 'virtualmachinex34bd0f90'
        since the Subscription of this VM is not eligible.\"\r\n  }\r\n}"
    headers:
      cache-control:
      - no-cache
      content-length:
      - '206'
      content-type:
      - application/json; charset=utf-8
      date:
      - Fri, 26 Mar 2021 02:31:20 GMT
      expires:
      - '-1'
      pragma:
      - no-cache
      server:
      - Microsoft-HTTPAPI/2.0
      - Microsoft-HTTPAPI/2.0
      strict-transport-security:
      - max-age=31536000; includeSubDomains
      x-content-type-options:
      - nosniff
      x-ms-ratelimit-remaining-resource:
      - Microsoft.Compute/UpdateVM3Min;239,Microsoft.Compute/UpdateVM30Min;1188
      x-ms-ratelimit-remaining-subscription-writes:
      - '1196'
    status:
      code: 409
      message: Conflict
- request:
    body: null
    headers:
      Accept:
      - '*/*'
      Accept-Encoding:
      - gzip, deflate
      Connection:
      - keep-alive
      Content-Length:
      - '0'
      User-Agent:
      - azsdk-python-azure-mgmt-compute/20.0.0 Python/3.8.8 (Linux-5.4.0-1041-azure-x86_64-with-glibc2.2.5)
        VSTS_0fb41ef4-5012-48a9-bf39-4ee3de03ee35_build_2384_0
    method: POST
    uri: https://management.azure.com/subscriptions/00000000-0000-0000-0000-000000000000/resourceGroups/rgname/providers/Microsoft.Compute/virtualMachines/virtualmachinex34bd0f90/convertToManagedDisks?api-version=2020-12-01
  response:
    body:
      string: "{\r\n  \"error\": {\r\n    \"code\": \"OperationNotAllowed\",\r\n    \"message\":
        \"VM 'virtualmachinex34bd0f90' is already using managed disks.\"\r\n  }\r\n}"
    headers:
      cache-control:
      - no-cache
      content-length:
      - '138'
      content-type:
      - application/json; charset=utf-8
      date:
      - Fri, 26 Mar 2021 02:31:20 GMT
      expires:
      - '-1'
      pragma:
      - no-cache
      server:
      - Microsoft-HTTPAPI/2.0
      - Microsoft-HTTPAPI/2.0
      strict-transport-security:
      - max-age=31536000; includeSubDomains
      x-content-type-options:
      - nosniff
      x-ms-ratelimit-remaining-resource:
      - Microsoft.Compute/UpdateVM3Min;238,Microsoft.Compute/UpdateVM30Min;1187
      x-ms-ratelimit-remaining-subscription-writes:
      - '1195'
    status:
      code: 409
      message: Conflict
- request:
    body: null
    headers:
      Accept:
      - '*/*'
      Accept-Encoding:
      - gzip, deflate
      Connection:
      - keep-alive
      Content-Length:
      - '0'
      Content-Type:
      - application/json
      User-Agent:
      - azsdk-python-azure-mgmt-compute/20.0.0 Python/3.8.8 (Linux-5.4.0-1041-azure-x86_64-with-glibc2.2.5)
        VSTS_0fb41ef4-5012-48a9-bf39-4ee3de03ee35_build_2384_0
    method: POST
    uri: https://management.azure.com/subscriptions/00000000-0000-0000-0000-000000000000/resourceGroups/rgname/providers/Microsoft.Compute/virtualMachines/virtualmachinex34bd0f90/reimage?api-version=2020-12-01
  response:
    body:
      string: "{\r\n  \"error\": {\r\n    \"code\": \"OperationNotAllowed\",\r\n    \"message\":
        \"The Reimage and OSUpgrade Virtual Machine actions require that the virtual
        machine has Automatic OS Upgrades enabled.\"\r\n  }\r\n}"
    headers:
      cache-control:
      - no-cache
      content-length:
      - '195'
      content-type:
      - application/json; charset=utf-8
      date:
      - Fri, 26 Mar 2021 02:31:20 GMT
      expires:
      - '-1'
      pragma:
      - no-cache
      server:
      - Microsoft-HTTPAPI/2.0
      - Microsoft-HTTPAPI/2.0
      strict-transport-security:
      - max-age=31536000; includeSubDomains
      x-content-type-options:
      - nosniff
      x-ms-ratelimit-remaining-resource:
      - Microsoft.Compute/UpdateVM3Min;237,Microsoft.Compute/UpdateVM30Min;1186
      x-ms-ratelimit-remaining-subscription-writes:
      - '1194'
    status:
      code: 409
      message: Conflict
- request:
    body: null
    headers:
      Accept:
      - '*/*'
      Accept-Encoding:
      - gzip, deflate
      Connection:
      - keep-alive
      Content-Length:
      - '0'
      User-Agent:
      - azsdk-python-azure-mgmt-compute/20.0.0 Python/3.8.8 (Linux-5.4.0-1041-azure-x86_64-with-glibc2.2.5)
        VSTS_0fb41ef4-5012-48a9-bf39-4ee3de03ee35_build_2384_0
    method: DELETE
    uri: https://management.azure.com/subscriptions/00000000-0000-0000-0000-000000000000/resourceGroups/rgname/providers/Microsoft.Compute/virtualMachines/virtualmachinex34bd0f90?api-version=2020-12-01
  response:
    body:
      string: ''
    headers:
      azure-asyncnotification:
      - Enabled
      azure-asyncoperation:
      - https://management.azure.com/subscriptions/00000000-0000-0000-0000-000000000000/providers/Microsoft.Compute/locations/eastus/operations/a746780e-12a5-49e8-998d-dc10037aac32?api-version=2020-12-01
      cache-control:
      - no-cache
      content-length:
      - '0'
      date:
      - Fri, 26 Mar 2021 02:31:20 GMT
      expires:
      - '-1'
      location:
      - https://management.azure.com/subscriptions/00000000-0000-0000-0000-000000000000/providers/Microsoft.Compute/locations/eastus/operations/a746780e-12a5-49e8-998d-dc10037aac32?monitor=true&api-version=2020-12-01
      pragma:
      - no-cache
      server:
      - Microsoft-HTTPAPI/2.0
      - Microsoft-HTTPAPI/2.0
      strict-transport-security:
      - max-age=31536000; includeSubDomains
      x-content-type-options:
      - nosniff
      x-ms-ratelimit-remaining-resource:
      - Microsoft.Compute/DeleteVM3Min;238,Microsoft.Compute/DeleteVM30Min;1196
      x-ms-ratelimit-remaining-subscription-deletes:
      - '14995'
    status:
      code: 202
      message: Accepted
- request:
    body: null
    headers:
      Accept:
      - '*/*'
      Accept-Encoding:
      - gzip, deflate
      Connection:
      - keep-alive
      User-Agent:
      - azsdk-python-azure-mgmt-compute/20.0.0 Python/3.8.8 (Linux-5.4.0-1041-azure-x86_64-with-glibc2.2.5)
        VSTS_0fb41ef4-5012-48a9-bf39-4ee3de03ee35_build_2384_0
    method: GET
    uri: https://management.azure.com/subscriptions/00000000-0000-0000-0000-000000000000/providers/Microsoft.Compute/locations/eastus/operations/a746780e-12a5-49e8-998d-dc10037aac32?api-version=2020-12-01
  response:
    body:
      string: "{\r\n  \"startTime\": \"2021-03-26T02:31:21.1190507+00:00\",\r\n  \"status\":
        \"InProgress\",\r\n  \"name\": \"a746780e-12a5-49e8-998d-dc10037aac32\"\r\n}"
    headers:
      cache-control:
      - no-cache
      content-length:
      - '134'
      content-type:
      - application/json; charset=utf-8
      date:
      - Fri, 26 Mar 2021 02:31:30 GMT
      expires:
      - '-1'
      pragma:
      - no-cache
      server:
      - Microsoft-HTTPAPI/2.0
      - Microsoft-HTTPAPI/2.0
      strict-transport-security:
      - max-age=31536000; includeSubDomains
      transfer-encoding:
      - chunked
      vary:
      - Accept-Encoding
      x-content-type-options:
      - nosniff
      x-ms-ratelimit-remaining-resource:
      - Microsoft.Compute/GetOperation3Min;14993,Microsoft.Compute/GetOperation30Min;29944
    status:
      code: 200
      message: OK
- request:
    body: null
    headers:
      Accept:
      - '*/*'
      Accept-Encoding:
      - gzip, deflate
      Connection:
      - keep-alive
      User-Agent:
      - azsdk-python-azure-mgmt-compute/20.0.0 Python/3.8.8 (Linux-5.4.0-1041-azure-x86_64-with-glibc2.2.5)
        VSTS_0fb41ef4-5012-48a9-bf39-4ee3de03ee35_build_2384_0
    method: GET
    uri: https://management.azure.com/subscriptions/00000000-0000-0000-0000-000000000000/providers/Microsoft.Compute/locations/eastus/operations/a746780e-12a5-49e8-998d-dc10037aac32?api-version=2020-12-01
  response:
    body:
      string: "{\r\n  \"startTime\": \"2021-03-26T02:31:21.1190507+00:00\",\r\n  \"status\":
        \"InProgress\",\r\n  \"name\": \"a746780e-12a5-49e8-998d-dc10037aac32\"\r\n}"
    headers:
      cache-control:
      - no-cache
      content-length:
      - '134'
      content-type:
      - application/json; charset=utf-8
      date:
      - Fri, 26 Mar 2021 02:32:01 GMT
      expires:
      - '-1'
      pragma:
      - no-cache
      server:
      - Microsoft-HTTPAPI/2.0
      - Microsoft-HTTPAPI/2.0
      strict-transport-security:
      - max-age=31536000; includeSubDomains
      transfer-encoding:
      - chunked
      vary:
      - Accept-Encoding
      x-content-type-options:
      - nosniff
      x-ms-ratelimit-remaining-resource:
      - Microsoft.Compute/GetOperation3Min;14992,Microsoft.Compute/GetOperation30Min;29943
    status:
      code: 200
      message: OK
- request:
    body: null
    headers:
      Accept:
      - '*/*'
      Accept-Encoding:
      - gzip, deflate
      Connection:
      - keep-alive
      User-Agent:
      - azsdk-python-azure-mgmt-compute/20.0.0 Python/3.8.8 (Linux-5.4.0-1041-azure-x86_64-with-glibc2.2.5)
        VSTS_0fb41ef4-5012-48a9-bf39-4ee3de03ee35_build_2384_0
    method: GET
    uri: https://management.azure.com/subscriptions/00000000-0000-0000-0000-000000000000/providers/Microsoft.Compute/locations/eastus/operations/a746780e-12a5-49e8-998d-dc10037aac32?api-version=2020-12-01
  response:
    body:
      string: "{\r\n  \"startTime\": \"2021-03-26T02:31:21.1190507+00:00\",\r\n  \"status\":
        \"InProgress\",\r\n  \"name\": \"a746780e-12a5-49e8-998d-dc10037aac32\"\r\n}"
    headers:
      cache-control:
      - no-cache
      content-length:
      - '134'
      content-type:
      - application/json; charset=utf-8
      date:
      - Fri, 26 Mar 2021 02:32:30 GMT
      expires:
      - '-1'
      pragma:
      - no-cache
      server:
      - Microsoft-HTTPAPI/2.0
      - Microsoft-HTTPAPI/2.0
      strict-transport-security:
      - max-age=31536000; includeSubDomains
      transfer-encoding:
      - chunked
      vary:
      - Accept-Encoding
      x-content-type-options:
      - nosniff
      x-ms-ratelimit-remaining-resource:
      - Microsoft.Compute/GetOperation3Min;14992,Microsoft.Compute/GetOperation30Min;29942
    status:
      code: 200
      message: OK
- request:
    body: null
    headers:
      Accept:
      - '*/*'
      Accept-Encoding:
      - gzip, deflate
      Connection:
      - keep-alive
      User-Agent:
      - azsdk-python-azure-mgmt-compute/20.0.0 Python/3.8.8 (Linux-5.4.0-1041-azure-x86_64-with-glibc2.2.5)
        VSTS_0fb41ef4-5012-48a9-bf39-4ee3de03ee35_build_2384_0
    method: GET
    uri: https://management.azure.com/subscriptions/00000000-0000-0000-0000-000000000000/providers/Microsoft.Compute/locations/eastus/operations/a746780e-12a5-49e8-998d-dc10037aac32?api-version=2020-12-01
  response:
    body:
      string: "{\r\n  \"startTime\": \"2021-03-26T02:31:21.1190507+00:00\",\r\n  \"status\":
        \"InProgress\",\r\n  \"name\": \"a746780e-12a5-49e8-998d-dc10037aac32\"\r\n}"
    headers:
      cache-control:
      - no-cache
      content-length:
      - '134'
      content-type:
      - application/json; charset=utf-8
      date:
      - Fri, 26 Mar 2021 02:33:01 GMT
      expires:
      - '-1'
      pragma:
      - no-cache
      server:
      - Microsoft-HTTPAPI/2.0
      - Microsoft-HTTPAPI/2.0
      strict-transport-security:
      - max-age=31536000; includeSubDomains
      transfer-encoding:
      - chunked
      vary:
      - Accept-Encoding
      x-content-type-options:
      - nosniff
      x-ms-ratelimit-remaining-resource:
      - Microsoft.Compute/GetOperation3Min;14992,Microsoft.Compute/GetOperation30Min;29941
    status:
      code: 200
      message: OK
- request:
    body: null
    headers:
      Accept:
      - '*/*'
      Accept-Encoding:
      - gzip, deflate
      Connection:
      - keep-alive
      User-Agent:
      - azsdk-python-azure-mgmt-compute/20.0.0 Python/3.8.8 (Linux-5.4.0-1041-azure-x86_64-with-glibc2.2.5)
        VSTS_0fb41ef4-5012-48a9-bf39-4ee3de03ee35_build_2384_0
    method: GET
    uri: https://management.azure.com/subscriptions/00000000-0000-0000-0000-000000000000/providers/Microsoft.Compute/locations/eastus/operations/a746780e-12a5-49e8-998d-dc10037aac32?api-version=2020-12-01
  response:
    body:
      string: "{\r\n  \"startTime\": \"2021-03-26T02:31:21.1190507+00:00\",\r\n  \"status\":
        \"InProgress\",\r\n  \"name\": \"a746780e-12a5-49e8-998d-dc10037aac32\"\r\n}"
    headers:
      cache-control:
      - no-cache
      content-length:
      - '134'
      content-type:
      - application/json; charset=utf-8
      date:
      - Fri, 26 Mar 2021 02:33:31 GMT
      expires:
      - '-1'
      pragma:
      - no-cache
      server:
      - Microsoft-HTTPAPI/2.0
      - Microsoft-HTTPAPI/2.0
      strict-transport-security:
      - max-age=31536000; includeSubDomains
      transfer-encoding:
      - chunked
      vary:
      - Accept-Encoding
      x-content-type-options:
      - nosniff
      x-ms-ratelimit-remaining-resource:
      - Microsoft.Compute/GetOperation3Min;14993,Microsoft.Compute/GetOperation30Min;29939
    status:
      code: 200
      message: OK
- request:
    body: null
    headers:
      Accept:
      - '*/*'
      Accept-Encoding:
      - gzip, deflate
      Connection:
      - keep-alive
      User-Agent:
      - azsdk-python-azure-mgmt-compute/20.0.0 Python/3.8.8 (Linux-5.4.0-1041-azure-x86_64-with-glibc2.2.5)
        VSTS_0fb41ef4-5012-48a9-bf39-4ee3de03ee35_build_2384_0
    method: GET
    uri: https://management.azure.com/subscriptions/00000000-0000-0000-0000-000000000000/providers/Microsoft.Compute/locations/eastus/operations/a746780e-12a5-49e8-998d-dc10037aac32?api-version=2020-12-01
  response:
    body:
      string: "{\r\n  \"startTime\": \"2021-03-26T02:31:21.1190507+00:00\",\r\n  \"status\":
        \"InProgress\",\r\n  \"name\": \"a746780e-12a5-49e8-998d-dc10037aac32\"\r\n}"
    headers:
      cache-control:
      - no-cache
      content-length:
      - '134'
      content-type:
      - application/json; charset=utf-8
      date:
      - Fri, 26 Mar 2021 02:34:01 GMT
      expires:
      - '-1'
      pragma:
      - no-cache
      server:
      - Microsoft-HTTPAPI/2.0
      - Microsoft-HTTPAPI/2.0
      strict-transport-security:
      - max-age=31536000; includeSubDomains
      transfer-encoding:
      - chunked
      vary:
      - Accept-Encoding
      x-content-type-options:
      - nosniff
      x-ms-ratelimit-remaining-resource:
      - Microsoft.Compute/GetOperation3Min;14993,Microsoft.Compute/GetOperation30Min;29938
    status:
      code: 200
      message: OK
- request:
    body: null
    headers:
      Accept:
      - '*/*'
      Accept-Encoding:
      - gzip, deflate
      Connection:
      - keep-alive
      User-Agent:
      - azsdk-python-azure-mgmt-compute/20.0.0 Python/3.8.8 (Linux-5.4.0-1041-azure-x86_64-with-glibc2.2.5)
        VSTS_0fb41ef4-5012-48a9-bf39-4ee3de03ee35_build_2384_0
    method: GET
    uri: https://management.azure.com/subscriptions/00000000-0000-0000-0000-000000000000/providers/Microsoft.Compute/locations/eastus/operations/a746780e-12a5-49e8-998d-dc10037aac32?api-version=2020-12-01
  response:
    body:
      string: "{\r\n  \"startTime\": \"2021-03-26T02:31:21.1190507+00:00\",\r\n  \"status\":
        \"InProgress\",\r\n  \"name\": \"a746780e-12a5-49e8-998d-dc10037aac32\"\r\n}"
    headers:
      cache-control:
      - no-cache
      content-length:
      - '134'
      content-type:
      - application/json; charset=utf-8
      date:
      - Fri, 26 Mar 2021 02:34:31 GMT
      expires:
      - '-1'
      pragma:
      - no-cache
      server:
      - Microsoft-HTTPAPI/2.0
      - Microsoft-HTTPAPI/2.0
      strict-transport-security:
      - max-age=31536000; includeSubDomains
      transfer-encoding:
      - chunked
      vary:
      - Accept-Encoding
      x-content-type-options:
      - nosniff
      x-ms-ratelimit-remaining-resource:
      - Microsoft.Compute/GetOperation3Min;14993,Microsoft.Compute/GetOperation30Min;29937
    status:
      code: 200
      message: OK
- request:
    body: null
    headers:
      Accept:
      - '*/*'
      Accept-Encoding:
      - gzip, deflate
      Connection:
      - keep-alive
      User-Agent:
      - azsdk-python-azure-mgmt-compute/20.0.0 Python/3.8.8 (Linux-5.4.0-1041-azure-x86_64-with-glibc2.2.5)
        VSTS_0fb41ef4-5012-48a9-bf39-4ee3de03ee35_build_2384_0
    method: GET
    uri: https://management.azure.com/subscriptions/00000000-0000-0000-0000-000000000000/providers/Microsoft.Compute/locations/eastus/operations/a746780e-12a5-49e8-998d-dc10037aac32?api-version=2020-12-01
  response:
    body:
      string: "{\r\n  \"startTime\": \"2021-03-26T02:31:21.1190507+00:00\",\r\n  \"status\":
        \"InProgress\",\r\n  \"name\": \"a746780e-12a5-49e8-998d-dc10037aac32\"\r\n}"
    headers:
      cache-control:
      - no-cache
      content-length:
      - '134'
      content-type:
      - application/json; charset=utf-8
      date:
      - Fri, 26 Mar 2021 02:35:01 GMT
      expires:
      - '-1'
      pragma:
      - no-cache
      server:
      - Microsoft-HTTPAPI/2.0
      - Microsoft-HTTPAPI/2.0
      strict-transport-security:
      - max-age=31536000; includeSubDomains
      transfer-encoding:
      - chunked
      vary:
      - Accept-Encoding
      x-content-type-options:
      - nosniff
      x-ms-ratelimit-remaining-resource:
      - Microsoft.Compute/GetOperation3Min;14993,Microsoft.Compute/GetOperation30Min;29936
    status:
      code: 200
      message: OK
- request:
    body: null
    headers:
      Accept:
      - '*/*'
      Accept-Encoding:
      - gzip, deflate
      Connection:
      - keep-alive
      User-Agent:
      - azsdk-python-azure-mgmt-compute/20.0.0 Python/3.8.8 (Linux-5.4.0-1041-azure-x86_64-with-glibc2.2.5)
        VSTS_0fb41ef4-5012-48a9-bf39-4ee3de03ee35_build_2384_0
    method: GET
    uri: https://management.azure.com/subscriptions/00000000-0000-0000-0000-000000000000/providers/Microsoft.Compute/locations/eastus/operations/a746780e-12a5-49e8-998d-dc10037aac32?api-version=2020-12-01
  response:
    body:
      string: "{\r\n  \"startTime\": \"2021-03-26T02:31:21.1190507+00:00\",\r\n  \"status\":
        \"InProgress\",\r\n  \"name\": \"a746780e-12a5-49e8-998d-dc10037aac32\"\r\n}"
    headers:
      cache-control:
      - no-cache
      content-length:
      - '134'
      content-type:
      - application/json; charset=utf-8
      date:
      - Fri, 26 Mar 2021 02:35:31 GMT
      expires:
      - '-1'
      pragma:
      - no-cache
      server:
      - Microsoft-HTTPAPI/2.0
      - Microsoft-HTTPAPI/2.0
      strict-transport-security:
      - max-age=31536000; includeSubDomains
      transfer-encoding:
      - chunked
      vary:
      - Accept-Encoding
      x-content-type-options:
      - nosniff
      x-ms-ratelimit-remaining-resource:
      - Microsoft.Compute/GetOperation3Min;14992,Microsoft.Compute/GetOperation30Min;29934
    status:
      code: 200
      message: OK
- request:
    body: null
    headers:
      Accept:
      - '*/*'
      Accept-Encoding:
      - gzip, deflate
      Connection:
      - keep-alive
      User-Agent:
      - azsdk-python-azure-mgmt-compute/20.0.0 Python/3.8.8 (Linux-5.4.0-1041-azure-x86_64-with-glibc2.2.5)
        VSTS_0fb41ef4-5012-48a9-bf39-4ee3de03ee35_build_2384_0
    method: GET
    uri: https://management.azure.com/subscriptions/00000000-0000-0000-0000-000000000000/providers/Microsoft.Compute/locations/eastus/operations/a746780e-12a5-49e8-998d-dc10037aac32?api-version=2020-12-01
  response:
    body:
      string: "{\r\n  \"startTime\": \"2021-03-26T02:31:21.1190507+00:00\",\r\n  \"status\":
        \"InProgress\",\r\n  \"name\": \"a746780e-12a5-49e8-998d-dc10037aac32\"\r\n}"
    headers:
      cache-control:
      - no-cache
      content-length:
      - '134'
      content-type:
      - application/json; charset=utf-8
      date:
      - Fri, 26 Mar 2021 02:36:02 GMT
      expires:
      - '-1'
      pragma:
      - no-cache
      server:
      - Microsoft-HTTPAPI/2.0
      - Microsoft-HTTPAPI/2.0
      strict-transport-security:
      - max-age=31536000; includeSubDomains
      transfer-encoding:
      - chunked
      vary:
      - Accept-Encoding
      x-content-type-options:
      - nosniff
      x-ms-ratelimit-remaining-resource:
      - Microsoft.Compute/GetOperation3Min;14993,Microsoft.Compute/GetOperation30Min;29933
    status:
      code: 200
      message: OK
- request:
    body: null
    headers:
      Accept:
      - '*/*'
      Accept-Encoding:
      - gzip, deflate
      Connection:
      - keep-alive
      User-Agent:
      - azsdk-python-azure-mgmt-compute/20.0.0 Python/3.8.8 (Linux-5.4.0-1041-azure-x86_64-with-glibc2.2.5)
        VSTS_0fb41ef4-5012-48a9-bf39-4ee3de03ee35_build_2384_0
    method: GET
    uri: https://management.azure.com/subscriptions/00000000-0000-0000-0000-000000000000/providers/Microsoft.Compute/locations/eastus/operations/a746780e-12a5-49e8-998d-dc10037aac32?api-version=2020-12-01
  response:
    body:
      string: "{\r\n  \"startTime\": \"2021-03-26T02:31:21.1190507+00:00\",\r\n  \"status\":
        \"InProgress\",\r\n  \"name\": \"a746780e-12a5-49e8-998d-dc10037aac32\"\r\n}"
    headers:
      cache-control:
      - no-cache
      content-length:
      - '134'
      content-type:
      - application/json; charset=utf-8
      date:
      - Fri, 26 Mar 2021 02:36:31 GMT
      expires:
      - '-1'
      pragma:
      - no-cache
      server:
      - Microsoft-HTTPAPI/2.0
      - Microsoft-HTTPAPI/2.0
      strict-transport-security:
      - max-age=31536000; includeSubDomains
      transfer-encoding:
      - chunked
      vary:
      - Accept-Encoding
      x-content-type-options:
      - nosniff
      x-ms-ratelimit-remaining-resource:
      - Microsoft.Compute/GetOperation3Min;14993,Microsoft.Compute/GetOperation30Min;29932
    status:
      code: 200
      message: OK
- request:
    body: null
    headers:
      Accept:
      - '*/*'
      Accept-Encoding:
      - gzip, deflate
      Connection:
      - keep-alive
      User-Agent:
      - azsdk-python-azure-mgmt-compute/20.0.0 Python/3.8.8 (Linux-5.4.0-1041-azure-x86_64-with-glibc2.2.5)
        VSTS_0fb41ef4-5012-48a9-bf39-4ee3de03ee35_build_2384_0
    method: GET
    uri: https://management.azure.com/subscriptions/00000000-0000-0000-0000-000000000000/providers/Microsoft.Compute/locations/eastus/operations/a746780e-12a5-49e8-998d-dc10037aac32?api-version=2020-12-01
  response:
    body:
      string: "{\r\n  \"startTime\": \"2021-03-26T02:31:21.1190507+00:00\",\r\n  \"status\":
        \"InProgress\",\r\n  \"name\": \"a746780e-12a5-49e8-998d-dc10037aac32\"\r\n}"
    headers:
      cache-control:
      - no-cache
      content-length:
      - '134'
      content-type:
      - application/json; charset=utf-8
      date:
      - Fri, 26 Mar 2021 02:37:02 GMT
      expires:
      - '-1'
      pragma:
      - no-cache
      server:
      - Microsoft-HTTPAPI/2.0
      - Microsoft-HTTPAPI/2.0
      strict-transport-security:
      - max-age=31536000; includeSubDomains
      transfer-encoding:
      - chunked
      vary:
      - Accept-Encoding
      x-content-type-options:
      - nosniff
      x-ms-ratelimit-remaining-resource:
      - Microsoft.Compute/GetOperation3Min;14993,Microsoft.Compute/GetOperation30Min;29931
    status:
      code: 200
      message: OK
- request:
    body: null
    headers:
      Accept:
      - '*/*'
      Accept-Encoding:
      - gzip, deflate
      Connection:
      - keep-alive
      User-Agent:
      - azsdk-python-azure-mgmt-compute/20.0.0 Python/3.8.8 (Linux-5.4.0-1041-azure-x86_64-with-glibc2.2.5)
        VSTS_0fb41ef4-5012-48a9-bf39-4ee3de03ee35_build_2384_0
    method: GET
    uri: https://management.azure.com/subscriptions/00000000-0000-0000-0000-000000000000/providers/Microsoft.Compute/locations/eastus/operations/a746780e-12a5-49e8-998d-dc10037aac32?api-version=2020-12-01
  response:
    body:
      string: "{\r\n  \"startTime\": \"2021-03-26T02:31:21.1190507+00:00\",\r\n  \"status\":
        \"InProgress\",\r\n  \"name\": \"a746780e-12a5-49e8-998d-dc10037aac32\"\r\n}"
    headers:
      cache-control:
      - no-cache
      content-length:
      - '134'
      content-type:
      - application/json; charset=utf-8
      date:
      - Fri, 26 Mar 2021 02:37:32 GMT
      expires:
      - '-1'
      pragma:
      - no-cache
      server:
      - Microsoft-HTTPAPI/2.0
      - Microsoft-HTTPAPI/2.0
      strict-transport-security:
      - max-age=31536000; includeSubDomains
      transfer-encoding:
      - chunked
      vary:
      - Accept-Encoding
      x-content-type-options:
      - nosniff
      x-ms-ratelimit-remaining-resource:
      - Microsoft.Compute/GetOperation3Min;14992,Microsoft.Compute/GetOperation30Min;29929
    status:
      code: 200
      message: OK
- request:
    body: null
    headers:
      Accept:
      - '*/*'
      Accept-Encoding:
      - gzip, deflate
      Connection:
      - keep-alive
      User-Agent:
      - azsdk-python-azure-mgmt-compute/20.0.0 Python/3.8.8 (Linux-5.4.0-1041-azure-x86_64-with-glibc2.2.5)
        VSTS_0fb41ef4-5012-48a9-bf39-4ee3de03ee35_build_2384_0
    method: GET
    uri: https://management.azure.com/subscriptions/00000000-0000-0000-0000-000000000000/providers/Microsoft.Compute/locations/eastus/operations/a746780e-12a5-49e8-998d-dc10037aac32?api-version=2020-12-01
  response:
    body:
      string: "{\r\n  \"startTime\": \"2021-03-26T02:31:21.1190507+00:00\",\r\n  \"endTime\":
        \"2021-03-26T02:37:39.6044065+00:00\",\r\n  \"status\": \"Succeeded\",\r\n
        \ \"name\": \"a746780e-12a5-49e8-998d-dc10037aac32\"\r\n}"
    headers:
      cache-control:
      - no-cache
      content-length:
      - '184'
      content-type:
      - application/json; charset=utf-8
      date:
      - Fri, 26 Mar 2021 02:38:02 GMT
      expires:
      - '-1'
      pragma:
      - no-cache
      server:
      - Microsoft-HTTPAPI/2.0
      - Microsoft-HTTPAPI/2.0
      strict-transport-security:
      - max-age=31536000; includeSubDomains
      transfer-encoding:
      - chunked
      vary:
      - Accept-Encoding
      x-content-type-options:
      - nosniff
      x-ms-ratelimit-remaining-resource:
      - Microsoft.Compute/GetOperation3Min;14992,Microsoft.Compute/GetOperation30Min;29927
    status:
      code: 200
      message: OK
version: 1
