{
  "Entries": [
    {
      "RequestUri": "https://login.microsoftonline.com/00000000-0000-0000-0000-000000000000/v2.0/.well-known/openid-configuration",
      "RequestMethod": "GET",
      "RequestHeaders": {
        "Accept": "*/*",
        "Accept-Encoding": "gzip, deflate",
        "Connection": "keep-alive",
        "User-Agent": "azsdk-python-identity/1.7.2 Python/3.8.8 (Windows-10-10.0.19041-SP0)"
      },
      "RequestBody": null,
      "StatusCode": 200,
      "ResponseHeaders": {
        "Access-Control-Allow-Methods": "GET, OPTIONS",
        "Access-Control-Allow-Origin": "*",
        "Cache-Control": "max-age=86400, private",
        "Content-Length": "1753",
        "Content-Type": "application/json; charset=utf-8",
        "Date": "Fri, 24 Dec 2021 06:05:24 GMT",
        "P3P": "CP=\u0022DSP CUR OTPi IND OTRi ONL FIN\u0022",
        "Set-Cookie": [
          "fpc=AqiuwT8TDXJIjD41K9PPZMeZHqKEAgAAAB1ZV9kOAAAA; expires=Sun, 23-Jan-2022 06:05:25 GMT; path=/; secure; HttpOnly; SameSite=None",
          "x-ms-gateway-slice=estsfd; path=/; secure; samesite=none; httponly",
          "stsservicecookie=estsfd; path=/; secure; samesite=none; httponly"
        ],
        "Strict-Transport-Security": "max-age=31536000; includeSubDomains",
        "X-Content-Type-Options": "nosniff",
        "x-ms-ests-server": "2.1.12261.17 - SCUS ProdSlices",
        "x-ms-request-id": "f7b98c02-a867-408f-becf-dfe582f7b500"
      },
      "ResponseBody": {
        "token_endpoint": "https://login.microsoftonline.com/00000000-0000-0000-0000-000000000000/oauth2/v2.0/token",
        "token_endpoint_auth_methods_supported": [
          "client_secret_post",
          "private_key_jwt",
          "client_secret_basic"
        ],
        "jwks_uri": "https://login.microsoftonline.com/00000000-0000-0000-0000-000000000000/discovery/v2.0/keys",
        "response_modes_supported": [
          "query",
          "fragment",
          "form_post"
        ],
        "subject_types_supported": [
          "pairwise"
        ],
        "id_token_signing_alg_values_supported": [
          "RS256"
        ],
        "response_types_supported": [
          "code",
          "id_token",
          "code id_token",
          "id_token token"
        ],
        "scopes_supported": [
          "openid",
          "profile",
          "email",
          "offline_access"
        ],
        "issuer": "https://login.microsoftonline.com/00000000-0000-0000-0000-000000000000/v2.0",
        "request_uri_parameter_supported": false,
        "userinfo_endpoint": "https://graph.microsoft.com/oidc/userinfo",
        "authorization_endpoint": "https://login.microsoftonline.com/00000000-0000-0000-0000-000000000000/oauth2/v2.0/authorize",
        "device_authorization_endpoint": "https://login.microsoftonline.com/00000000-0000-0000-0000-000000000000/oauth2/v2.0/devicecode",
        "http_logout_supported": true,
        "frontchannel_logout_supported": true,
        "end_session_endpoint": "https://login.microsoftonline.com/00000000-0000-0000-0000-000000000000/oauth2/v2.0/logout",
        "claims_supported": [
          "sub",
          "iss",
          "cloud_instance_name",
          "cloud_instance_host_name",
          "cloud_graph_host_name",
          "msgraph_host",
          "aud",
          "exp",
          "iat",
          "auth_time",
          "acr",
          "nonce",
          "preferred_username",
          "name",
          "tid",
          "ver",
          "at_hash",
          "c_hash",
          "email"
        ],
        "kerberos_endpoint": "https://login.microsoftonline.com/00000000-0000-0000-0000-000000000000/kerberos",
        "tenant_region_scope": "NA",
        "cloud_instance_name": "microsoftonline.com",
        "cloud_graph_host_name": "graph.windows.net",
        "msgraph_host": "graph.microsoft.com",
        "rbac_url": "https://pas.windows.net"
      }
    },
    {
      "RequestUri": "https://login.microsoftonline.com/common/discovery/instance?api-version=1.1\u0026authorization_endpoint=https://login.microsoftonline.com/common/oauth2/authorize",
      "RequestMethod": "GET",
      "RequestHeaders": {
        "Accept": "application/json",
        "Accept-Encoding": "gzip, deflate",
        "Connection": "keep-alive",
        "Cookie": "fpc=AqiuwT8TDXJIjD41K9PPZMeZHqKEAgAAAB1ZV9kOAAAA; stsservicecookie=estsfd; x-ms-gateway-slice=estsfd",
        "User-Agent": "azsdk-python-identity/1.7.2 Python/3.8.8 (Windows-10-10.0.19041-SP0)"
      },
      "RequestBody": null,
      "StatusCode": 200,
      "ResponseHeaders": {
        "Access-Control-Allow-Methods": "GET, OPTIONS",
        "Access-Control-Allow-Origin": "*",
        "Cache-Control": "max-age=86400, private",
        "Content-Length": "945",
        "Content-Type": "application/json; charset=utf-8",
        "Date": "Fri, 24 Dec 2021 06:05:24 GMT",
        "P3P": "CP=\u0022DSP CUR OTPi IND OTRi ONL FIN\u0022",
        "Set-Cookie": [
          "fpc=AqiuwT8TDXJIjD41K9PPZMeZHqKEAgAAAB1ZV9kOAAAA; expires=Sun, 23-Jan-2022 06:05:25 GMT; path=/; secure; HttpOnly; SameSite=None",
          "x-ms-gateway-slice=estsfd; path=/; secure; samesite=none; httponly",
          "stsservicecookie=estsfd; path=/; secure; samesite=none; httponly"
        ],
        "Strict-Transport-Security": "max-age=31536000; includeSubDomains",
        "X-Content-Type-Options": "nosniff",
        "x-ms-ests-server": "2.1.12261.17 - KRSLR2 ProdSlices",
        "x-ms-request-id": "65eed48d-5688-4f85-96c3-e740bc5e1b00"
      },
      "ResponseBody": {
        "tenant_discovery_endpoint": "https://login.microsoftonline.com/common/.well-known/openid-configuration",
        "api-version": "1.1",
        "metadata": [
          {
            "preferred_network": "login.microsoftonline.com",
            "preferred_cache": "login.windows.net",
            "aliases": [
              "login.microsoftonline.com",
              "login.windows.net",
              "login.microsoft.com",
              "sts.windows.net"
            ]
          },
          {
            "preferred_network": "login.partner.microsoftonline.cn",
            "preferred_cache": "login.partner.microsoftonline.cn",
            "aliases": [
              "login.partner.microsoftonline.cn",
              "login.chinacloudapi.cn"
            ]
          },
          {
            "preferred_network": "login.microsoftonline.de",
            "preferred_cache": "login.microsoftonline.de",
            "aliases": [
              "login.microsoftonline.de"
            ]
          },
          {
            "preferred_network": "login.microsoftonline.us",
            "preferred_cache": "login.microsoftonline.us",
            "aliases": [
              "login.microsoftonline.us",
              "login.usgovcloudapi.net"
            ]
          },
          {
            "preferred_network": "login-us.microsoftonline.com",
            "preferred_cache": "login-us.microsoftonline.com",
            "aliases": [
              "login-us.microsoftonline.com"
            ]
          }
        ]
      }
    },
    {
      "RequestUri": "https://login.microsoftonline.com/00000000-0000-0000-0000-000000000000/oauth2/v2.0/token",
      "RequestMethod": "POST",
      "RequestHeaders": {
        "Accept": "application/json",
        "Accept-Encoding": "gzip, deflate",
        "client-request-id": "60eb0541-370b-42eb-b7a9-3446820312b6",
        "Connection": "keep-alive",
        "Content-Length": "289",
        "Content-Type": "application/x-www-form-urlencoded",
        "Cookie": "fpc=AqiuwT8TDXJIjD41K9PPZMeZHqKEAgAAAB1ZV9kOAAAA; stsservicecookie=estsfd; x-ms-gateway-slice=estsfd",
        "User-Agent": "azsdk-python-identity/1.7.2 Python/3.8.8 (Windows-10-10.0.19041-SP0)",
        "x-client-cpu": "x64",
        "x-client-current-telemetry": "4|730,0|",
        "x-client-last-telemetry": "4|0|||",
        "x-client-os": "win32",
        "x-client-sku": "MSAL.Python",
        "x-client-ver": "1.16.0",
        "x-ms-lib-capability": "retry-after, h429"
      },
      "RequestBody": "client_id=a2df54d5-ab03-4725-9b80-9a00b3b1967f\u0026grant_type=client_credentials\u0026client_info=1\u0026client_secret=0vj7Q~IsFayrD0V_8oyOfygU-GE3ELOabq95a\u0026claims=%7B%22access_token%22%3A\u002B%7B%22xms_cc%22%3A\u002B%7B%22values%22%3A\u002B%5B%22CP1%22%5D%7D%7D%7D\u0026scope=https%3A%2F%2Fmanagement.azure.com%2F.default",
      "StatusCode": 200,
      "ResponseHeaders": {
        "Cache-Control": "no-store, no-cache",
        "client-request-id": "60eb0541-370b-42eb-b7a9-3446820312b6",
        "Content-Length": "1391",
        "Content-Type": "application/json; charset=utf-8",
        "Date": "Fri, 24 Dec 2021 06:05:24 GMT",
        "Expires": "-1",
        "P3P": "CP=\u0022DSP CUR OTPi IND OTRi ONL FIN\u0022",
        "Pragma": "no-cache",
        "Set-Cookie": [
          "fpc=AqiuwT8TDXJIjD41K9PPZMeZHqKEAwAAAB1ZV9kOAAAA; expires=Sun, 23-Jan-2022 06:05:25 GMT; path=/; secure; HttpOnly; SameSite=None",
          "x-ms-gateway-slice=estsfd; path=/; secure; samesite=none; httponly",
          "stsservicecookie=estsfd; path=/; secure; samesite=none; httponly"
        ],
        "Strict-Transport-Security": "max-age=31536000; includeSubDomains",
        "X-Content-Type-Options": "nosniff",
        "x-ms-clitelem": "1,0,0,,",
        "x-ms-ests-server": "2.1.12261.17 - WUS2 ProdSlices",
        "x-ms-request-id": "e70a0b68-9ef9-4bbe-8409-1789a868cc00"
      },
      "ResponseBody": {
        "token_type": "Bearer",
        "expires_in": 3599,
        "ext_expires_in": 3599,
        "access_token": "eyJ0eXAiOiJKV1QiLCJhbGciOiJSUzI1NiIsIng1dCI6Ik1yNS1BVWliZkJpaTdOZDFqQmViYXhib1hXMCIsImtpZCI6Ik1yNS1BVWliZkJpaTdOZDFqQmViYXhib1hXMCJ9.eyJhdWQiOiJodHRwczovL21hbmFnZW1lbnQuYXp1cmUuY29tIiwiaXNzIjoiaHR0cHM6Ly9zdHMud2luZG93cy5uZXQvNTQ4MjZiMjItMzhkNi00ZmIyLWJhZDktYjdiOTNhM2U5YzVhLyIsImlhdCI6MTY0MDMyNTYyNSwibmJmIjoxNjQwMzI1NjI1LCJleHAiOjE2NDAzMjk1MjUsImFpbyI6IkUyWmdZTmpwY08renA0UTV5L2U0ZGw5cG5xMG5BUT09IiwiYXBwaWQiOiJhMmRmNTRkNS1hYjAzLTQ3MjUtOWI4MC05YTAwYjNiMTk2N2YiLCJhcHBpZGFjciI6IjEiLCJpZHAiOiJodHRwczovL3N0cy53aW5kb3dzLm5ldC81NDgyNmIyMi0zOGQ2LTRmYjItYmFkOS1iN2I5M2EzZTljNWEvIiwiaWR0eXAiOiJhcHAiLCJvaWQiOiI4ODdjNDJiMS03OTQ2LTRjMjItYmFhNi0xNTA0M2U0YjEzMjMiLCJyaCI6IjAuQVRjQUltdUNWTlk0c2stNjJiZTVPajZjV3RWVTM2SURxeVZIbTRDYUFMT3hsbjgzQUFBLiIsInN1YiI6Ijg4N2M0MmIxLTc5NDYtNGMyMi1iYWE2LTE1MDQzZTRiMTMyMyIsInRpZCI6IjU0ODI2YjIyLTM4ZDYtNGZiMi1iYWQ5LWI3YjkzYTNlOWM1YSIsInV0aSI6ImFBc0s1X21ldmt1RUNSZUpxR2pNQUEiLCJ2ZXIiOiIxLjAiLCJ4bXNfY2MiOlsiQ1AxIl0sInhtc190Y2R0IjoxNDEyMjA2ODQwfQ.OPLQVQtNGQPmWCMogzCV_bDeeXkce3XnEDhdRly2sq2xx1cWI0H9Rd0ppeRpGm4y8Ao5AVmI1ueOUCdPNo9JOYWnjJHbYIkbYGpAFic8fxATZpWHvKmHdX5IvIo0HtuMbeVBqISywQQiN0LF-14u_rkTrQMchBtMPh-9pTM1jJYylpHCNhY84DXOqtBYSRUMYns6pfTUtEl1TKU1vNtTUbKTfr2X_E0jjH-fA_KDF_Lru6-78ULgkiiobTYeEifA3f9SD2ANwhAMYdT6-FgDtzRQH7HZ_RFK-0NvrpyN78uoKhd0YNVgfknpVa7pkN_ztHjW5BOsdeZxB2plaQ7d0A"
      }
    },
    {
      "RequestUri": "https://management.azure.com/subscriptions/00000000-0000-0000-0000-000000000000/resourceGroups/rgname/providers/Microsoft.Network/virtualNetworks/networknamex16842a5e?api-version=2021-05-01",
      "RequestMethod": "PUT",
      "RequestHeaders": {
        "Accept": "application/json",
        "Accept-Encoding": "gzip, deflate",
        "Authorization": "Sanitized",
        "Connection": "keep-alive",
        "Content-Length": "92",
        "Content-Type": "application/json",
        "User-Agent": "azsdk-python-azure-mgmt-network/19.3.0 Python/3.8.8 (Windows-10-10.0.19041-SP0)",
        "x-ms-client-request-id": "7c2116fa-647f-11ec-9bf9-70b5e82527ff"
      },
      "RequestBody": "{\u0022location\u0022: \u0022eastus\u0022, \u0022properties\u0022: {\u0022addressSpace\u0022: {\u0022addressPrefixes\u0022: [\u002210.0.0.0/16\u0022]}}}",
      "StatusCode": 201,
      "ResponseHeaders": {
        "Azure-AsyncNotification": "Enabled",
        "Azure-AsyncOperation": "https://management.azure.com/subscriptions/00000000-0000-0000-0000-000000000000/providers/Microsoft.Network/locations/eastus/operations/8e2063fa-4f6e-4096-9703-8fab1e58139e?api-version=2021-05-01",
        "Cache-Control": "no-cache",
        "Content-Length": "624",
        "Content-Type": "application/json; charset=utf-8",
        "Date": "Fri, 24 Dec 2021 06:05:30 GMT",
        "Expires": "-1",
        "Pragma": "no-cache",
        "Retry-After": "3",
        "Server": [
          "Microsoft-HTTPAPI/2.0",
          "Microsoft-HTTPAPI/2.0"
        ],
        "Strict-Transport-Security": "max-age=31536000; includeSubDomains",
        "X-Content-Type-Options": "nosniff",
        "x-ms-arm-service-request-id": "55315963-2a59-47b0-a397-75f7ed5d98c4",
        "x-ms-correlation-request-id": "328d2b38-3c11-40e1-9102-ed812a631a72",
        "x-ms-ratelimit-remaining-subscription-writes": "1168",
        "x-ms-request-id": "8e2063fa-4f6e-4096-9703-8fab1e58139e",
        "x-ms-routing-request-id": "SOUTHEASTASIA:20211224T060530Z:328d2b38-3c11-40e1-9102-ed812a631a72"
      },
      "ResponseBody": [
        "{\r\n",
        "  \u0022name\u0022: \u0022networknamex16842a5e\u0022,\r\n",
        "  \u0022id\u0022: \u0022/subscriptions/00000000-0000-0000-0000-000000000000/resourceGroups/rgname/providers/Microsoft.Network/virtualNetworks/networknamex16842a5e\u0022,\r\n",
        "  \u0022etag\u0022: \u0022W/\\\u0022a52a2392-bbf5-433f-b404-b700abeeebeb\\\u0022\u0022,\r\n",
        "  \u0022type\u0022: \u0022Microsoft.Network/virtualNetworks\u0022,\r\n",
        "  \u0022location\u0022: \u0022eastus\u0022,\r\n",
        "  \u0022properties\u0022: {\r\n",
        "    \u0022provisioningState\u0022: \u0022Updating\u0022,\r\n",
        "    \u0022resourceGuid\u0022: \u00221615cdfe-0b5f-41de-ad30-bc2345e89b71\u0022,\r\n",
        "    \u0022addressSpace\u0022: {\r\n",
        "      \u0022addressPrefixes\u0022: [\r\n",
        "        \u002210.0.0.0/16\u0022\r\n",
        "      ]\r\n",
        "    },\r\n",
        "    \u0022subnets\u0022: [],\r\n",
        "    \u0022virtualNetworkPeerings\u0022: [],\r\n",
        "    \u0022enableDdosProtection\u0022: false\r\n",
        "  }\r\n",
        "}"
      ]
    },
    {
      "RequestUri": "https://management.azure.com/subscriptions/00000000-0000-0000-0000-000000000000/providers/Microsoft.Network/locations/eastus/operations/8e2063fa-4f6e-4096-9703-8fab1e58139e?api-version=2021-05-01",
      "RequestMethod": "GET",
      "RequestHeaders": {
        "Accept": "*/*",
        "Accept-Encoding": "gzip, deflate",
        "Authorization": "Sanitized",
        "Connection": "keep-alive",
        "User-Agent": "azsdk-python-azure-mgmt-network/19.3.0 Python/3.8.8 (Windows-10-10.0.19041-SP0)",
        "x-ms-client-request-id": "7c2116fa-647f-11ec-9bf9-70b5e82527ff"
      },
      "RequestBody": null,
      "StatusCode": 200,
      "ResponseHeaders": {
        "Cache-Control": "no-cache",
        "Content-Encoding": "gzip",
        "Content-Type": "application/json; charset=utf-8",
        "Date": "Fri, 24 Dec 2021 06:05:33 GMT",
        "Expires": "-1",
        "Pragma": "no-cache",
        "Server": [
          "Microsoft-HTTPAPI/2.0",
          "Microsoft-HTTPAPI/2.0"
        ],
        "Strict-Transport-Security": "max-age=31536000; includeSubDomains",
        "Transfer-Encoding": "chunked",
        "Vary": "Accept-Encoding",
        "X-Content-Type-Options": "nosniff",
        "x-ms-arm-service-request-id": "f448e241-8acc-4537-b521-9067c2cb54c3",
        "x-ms-correlation-request-id": "6abc7ed1-3e29-4c3e-9cac-9554385805fe",
        "x-ms-ratelimit-remaining-subscription-reads": "11858",
        "x-ms-request-id": "5929b00e-fe18-4da5-9755-72ecd891584a",
        "x-ms-routing-request-id": "SOUTHEASTASIA:20211224T060533Z:6abc7ed1-3e29-4c3e-9cac-9554385805fe"
      },
      "ResponseBody": [
        "{\r\n",
        "  \u0022status\u0022: \u0022Succeeded\u0022\r\n",
        "}"
      ]
    },
    {
      "RequestUri": "https://management.azure.com/subscriptions/00000000-0000-0000-0000-000000000000/resourceGroups/rgname/providers/Microsoft.Network/virtualNetworks/networknamex16842a5e?api-version=2021-05-01",
      "RequestMethod": "GET",
      "RequestHeaders": {
        "Accept": "*/*",
        "Accept-Encoding": "gzip, deflate",
        "Authorization": "Sanitized",
        "Connection": "keep-alive",
        "User-Agent": "azsdk-python-azure-mgmt-network/19.3.0 Python/3.8.8 (Windows-10-10.0.19041-SP0)",
        "x-ms-client-request-id": "7c2116fa-647f-11ec-9bf9-70b5e82527ff"
      },
      "RequestBody": null,
      "StatusCode": 200,
      "ResponseHeaders": {
        "Cache-Control": "no-cache",
        "Content-Encoding": "gzip",
        "Content-Type": "application/json; charset=utf-8",
        "Date": "Fri, 24 Dec 2021 06:05:34 GMT",
        "ETag": "W/\u0022083c861e-db13-4b93-beb1-69cc2f3828fc\u0022",
        "Expires": "-1",
        "Pragma": "no-cache",
        "Server": [
          "Microsoft-HTTPAPI/2.0",
          "Microsoft-HTTPAPI/2.0"
        ],
        "Strict-Transport-Security": "max-age=31536000; includeSubDomains",
        "Transfer-Encoding": "chunked",
        "Vary": "Accept-Encoding",
        "X-Content-Type-Options": "nosniff",
        "x-ms-arm-service-request-id": "4f94e6fc-4620-414a-95bb-0ae4baef26eb",
        "x-ms-correlation-request-id": "32eceb61-ccdf-4ba8-b6f1-b64feccb2724",
        "x-ms-ratelimit-remaining-subscription-reads": "11857",
        "x-ms-request-id": "c79c6dbe-f61e-4ad3-b972-af9e28619fa3",
        "x-ms-routing-request-id": "SOUTHEASTASIA:20211224T060534Z:32eceb61-ccdf-4ba8-b6f1-b64feccb2724"
      },
      "ResponseBody": [
        "{\r\n",
        "  \u0022name\u0022: \u0022networknamex16842a5e\u0022,\r\n",
        "  \u0022id\u0022: \u0022/subscriptions/00000000-0000-0000-0000-000000000000/resourceGroups/rgname/providers/Microsoft.Network/virtualNetworks/networknamex16842a5e\u0022,\r\n",
        "  \u0022etag\u0022: \u0022W/\\\u0022083c861e-db13-4b93-beb1-69cc2f3828fc\\\u0022\u0022,\r\n",
        "  \u0022type\u0022: \u0022Microsoft.Network/virtualNetworks\u0022,\r\n",
        "  \u0022location\u0022: \u0022eastus\u0022,\r\n",
        "  \u0022properties\u0022: {\r\n",
        "    \u0022provisioningState\u0022: \u0022Succeeded\u0022,\r\n",
        "    \u0022resourceGuid\u0022: \u00221615cdfe-0b5f-41de-ad30-bc2345e89b71\u0022,\r\n",
        "    \u0022addressSpace\u0022: {\r\n",
        "      \u0022addressPrefixes\u0022: [\r\n",
        "        \u002210.0.0.0/16\u0022\r\n",
        "      ]\r\n",
        "    },\r\n",
        "    \u0022subnets\u0022: [],\r\n",
        "    \u0022virtualNetworkPeerings\u0022: [],\r\n",
        "    \u0022enableDdosProtection\u0022: false\r\n",
        "  }\r\n",
        "}"
      ]
    },
    {
      "RequestUri": "https://management.azure.com/subscriptions/00000000-0000-0000-0000-000000000000/resourceGroups/rgname/providers/Microsoft.Network/virtualNetworks/networknamex16842a5e/subnets/subnetnamex16842a5e?api-version=2021-05-01",
      "RequestMethod": "PUT",
      "RequestHeaders": {
        "Accept": "application/json",
        "Accept-Encoding": "gzip, deflate",
        "Authorization": "Sanitized",
        "Connection": "keep-alive",
        "Content-Length": "48",
        "Content-Type": "application/json",
        "User-Agent": "azsdk-python-azure-mgmt-network/19.3.0 Python/3.8.8 (Windows-10-10.0.19041-SP0)",
        "x-ms-client-request-id": "81a64876-647f-11ec-88ee-70b5e82527ff"
      },
      "RequestBody": "{\u0022properties\u0022: {\u0022addressPrefix\u0022: \u002210.0.0.0/24\u0022}}",
      "StatusCode": 201,
      "ResponseHeaders": {
        "Azure-AsyncOperation": "https://management.azure.com/subscriptions/00000000-0000-0000-0000-000000000000/providers/Microsoft.Network/locations/eastus/operations/96dc33e0-2203-4eed-ab70-4632296c4d26?api-version=2021-05-01",
        "Cache-Control": "no-cache",
        "Content-Length": "555",
        "Content-Type": "application/json; charset=utf-8",
        "Date": "Fri, 24 Dec 2021 06:05:34 GMT",
        "Expires": "-1",
        "Pragma": "no-cache",
        "Retry-After": "3",
        "Server": [
          "Microsoft-HTTPAPI/2.0",
          "Microsoft-HTTPAPI/2.0"
        ],
        "Strict-Transport-Security": "max-age=31536000; includeSubDomains",
        "X-Content-Type-Options": "nosniff",
        "x-ms-arm-service-request-id": "80ab5663-804b-4d2c-9685-60dc48e7be84",
        "x-ms-correlation-request-id": "b1d00cbc-1b92-45be-8cea-70f04171d703",
        "x-ms-ratelimit-remaining-subscription-writes": "1167",
        "x-ms-request-id": "96dc33e0-2203-4eed-ab70-4632296c4d26",
        "x-ms-routing-request-id": "SOUTHEASTASIA:20211224T060534Z:b1d00cbc-1b92-45be-8cea-70f04171d703"
      },
      "ResponseBody": [
        "{\r\n",
        "  \u0022name\u0022: \u0022subnetnamex16842a5e\u0022,\r\n",
        "  \u0022id\u0022: \u0022/subscriptions/00000000-0000-0000-0000-000000000000/resourceGroups/rgname/providers/Microsoft.Network/virtualNetworks/networknamex16842a5e/subnets/subnetnamex16842a5e\u0022,\r\n",
        "  \u0022etag\u0022: \u0022W/\\\u00228da2a669-cffb-44ca-bf1b-7d13a13c9ad3\\\u0022\u0022,\r\n",
        "  \u0022properties\u0022: {\r\n",
        "    \u0022provisioningState\u0022: \u0022Updating\u0022,\r\n",
        "    \u0022addressPrefix\u0022: \u002210.0.0.0/24\u0022,\r\n",
        "    \u0022delegations\u0022: [],\r\n",
        "    \u0022privateEndpointNetworkPolicies\u0022: \u0022Enabled\u0022,\r\n",
        "    \u0022privateLinkServiceNetworkPolicies\u0022: \u0022Enabled\u0022\r\n",
        "  },\r\n",
        "  \u0022type\u0022: \u0022Microsoft.Network/virtualNetworks/subnets\u0022\r\n",
        "}"
      ]
    },
    {
      "RequestUri": "https://management.azure.com/subscriptions/00000000-0000-0000-0000-000000000000/providers/Microsoft.Network/locations/eastus/operations/96dc33e0-2203-4eed-ab70-4632296c4d26?api-version=2021-05-01",
      "RequestMethod": "GET",
      "RequestHeaders": {
        "Accept": "*/*",
        "Accept-Encoding": "gzip, deflate",
        "Authorization": "Sanitized",
        "Connection": "keep-alive",
        "User-Agent": "azsdk-python-azure-mgmt-network/19.3.0 Python/3.8.8 (Windows-10-10.0.19041-SP0)",
        "x-ms-client-request-id": "81a64876-647f-11ec-88ee-70b5e82527ff"
      },
      "RequestBody": null,
      "StatusCode": 200,
      "ResponseHeaders": {
        "Cache-Control": "no-cache",
        "Content-Encoding": "gzip",
        "Content-Type": "application/json; charset=utf-8",
        "Date": "Fri, 24 Dec 2021 06:05:38 GMT",
        "Expires": "-1",
        "Pragma": "no-cache",
        "Server": [
          "Microsoft-HTTPAPI/2.0",
          "Microsoft-HTTPAPI/2.0"
        ],
        "Strict-Transport-Security": "max-age=31536000; includeSubDomains",
        "Transfer-Encoding": "chunked",
        "Vary": "Accept-Encoding",
        "X-Content-Type-Options": "nosniff",
        "x-ms-arm-service-request-id": "9bbcd50f-24ca-4a07-8686-b5820c0e6556",
        "x-ms-correlation-request-id": "8bbd9759-9a52-4338-9975-ebb375357d2e",
        "x-ms-ratelimit-remaining-subscription-reads": "11856",
        "x-ms-request-id": "fda891a2-3127-4e70-85d4-8f1fdb3db782",
        "x-ms-routing-request-id": "SOUTHEASTASIA:20211224T060538Z:8bbd9759-9a52-4338-9975-ebb375357d2e"
      },
      "ResponseBody": [
        "{\r\n",
        "  \u0022status\u0022: \u0022Succeeded\u0022\r\n",
        "}"
      ]
    },
    {
      "RequestUri": "https://management.azure.com/subscriptions/00000000-0000-0000-0000-000000000000/resourceGroups/rgname/providers/Microsoft.Network/virtualNetworks/networknamex16842a5e/subnets/subnetnamex16842a5e?api-version=2021-05-01",
      "RequestMethod": "GET",
      "RequestHeaders": {
        "Accept": "*/*",
        "Accept-Encoding": "gzip, deflate",
        "Authorization": "Sanitized",
        "Connection": "keep-alive",
        "User-Agent": "azsdk-python-azure-mgmt-network/19.3.0 Python/3.8.8 (Windows-10-10.0.19041-SP0)",
        "x-ms-client-request-id": "81a64876-647f-11ec-88ee-70b5e82527ff"
      },
      "RequestBody": null,
      "StatusCode": 200,
      "ResponseHeaders": {
        "Cache-Control": "no-cache",
        "Content-Encoding": "gzip",
        "Content-Type": "application/json; charset=utf-8",
        "Date": "Fri, 24 Dec 2021 06:05:38 GMT",
        "ETag": "W/\u0022bbd5e5a7-0dd3-440b-b75d-1ed2c19f4a36\u0022",
        "Expires": "-1",
        "Pragma": "no-cache",
        "Server": [
          "Microsoft-HTTPAPI/2.0",
          "Microsoft-HTTPAPI/2.0"
        ],
        "Strict-Transport-Security": "max-age=31536000; includeSubDomains",
        "Transfer-Encoding": "chunked",
        "Vary": "Accept-Encoding",
        "X-Content-Type-Options": "nosniff",
        "x-ms-arm-service-request-id": "14082b8c-99d0-488d-9514-4f25991b4818",
        "x-ms-correlation-request-id": "9e59b4da-3102-4141-977a-a54591f3dc96",
        "x-ms-ratelimit-remaining-subscription-reads": "11855",
        "x-ms-request-id": "64467aea-764c-48e9-8a8e-0387a40ef79f",
        "x-ms-routing-request-id": "SOUTHEASTASIA:20211224T060538Z:9e59b4da-3102-4141-977a-a54591f3dc96"
      },
      "ResponseBody": [
        "{\r\n",
        "  \u0022name\u0022: \u0022subnetnamex16842a5e\u0022,\r\n",
        "  \u0022id\u0022: \u0022/subscriptions/00000000-0000-0000-0000-000000000000/resourceGroups/rgname/providers/Microsoft.Network/virtualNetworks/networknamex16842a5e/subnets/subnetnamex16842a5e\u0022,\r\n",
        "  \u0022etag\u0022: \u0022W/\\\u0022bbd5e5a7-0dd3-440b-b75d-1ed2c19f4a36\\\u0022\u0022,\r\n",
        "  \u0022properties\u0022: {\r\n",
        "    \u0022provisioningState\u0022: \u0022Succeeded\u0022,\r\n",
        "    \u0022addressPrefix\u0022: \u002210.0.0.0/24\u0022,\r\n",
        "    \u0022delegations\u0022: [],\r\n",
        "    \u0022privateEndpointNetworkPolicies\u0022: \u0022Enabled\u0022,\r\n",
        "    \u0022privateLinkServiceNetworkPolicies\u0022: \u0022Enabled\u0022\r\n",
        "  },\r\n",
        "  \u0022type\u0022: \u0022Microsoft.Network/virtualNetworks/subnets\u0022\r\n",
        "}"
      ]
    },
    {
      "RequestUri": "https://login.microsoftonline.com/00000000-0000-0000-0000-000000000000/v2.0/.well-known/openid-configuration",
      "RequestMethod": "GET",
      "RequestHeaders": {
        "Accept": "*/*",
        "Accept-Encoding": "gzip, deflate",
        "Connection": "keep-alive",
        "User-Agent": "azsdk-python-identity/1.7.2 Python/3.8.8 (Windows-10-10.0.19041-SP0)"
      },
      "RequestBody": null,
      "StatusCode": 200,
      "ResponseHeaders": {
        "Access-Control-Allow-Methods": "GET, OPTIONS",
        "Access-Control-Allow-Origin": "*",
        "Cache-Control": "max-age=86400, private",
        "Content-Length": "1753",
        "Content-Type": "application/json; charset=utf-8",
        "Date": "Fri, 24 Dec 2021 06:05:37 GMT",
        "P3P": "CP=\u0022DSP CUR OTPi IND OTRi ONL FIN\u0022",
        "Set-Cookie": [
          "fpc=AqiuwT8TDXJIjD41K9PPZMeZHqKEAwAAAB1ZV9kOAAAA; expires=Sun, 23-Jan-2022 06:05:38 GMT; path=/; secure; HttpOnly; SameSite=None",
          "x-ms-gateway-slice=estsfd; path=/; secure; samesite=none; httponly",
          "stsservicecookie=estsfd; path=/; secure; samesite=none; httponly"
        ],
        "Strict-Transport-Security": "max-age=31536000; includeSubDomains",
        "X-Content-Type-Options": "nosniff",
        "x-ms-ests-server": "2.1.12261.17 - SCUS ProdSlices",
        "x-ms-request-id": "21fc8441-5a8a-4e05-b0b6-96a687cac500"
      },
      "ResponseBody": {
        "token_endpoint": "https://login.microsoftonline.com/00000000-0000-0000-0000-000000000000/oauth2/v2.0/token",
        "token_endpoint_auth_methods_supported": [
          "client_secret_post",
          "private_key_jwt",
          "client_secret_basic"
        ],
        "jwks_uri": "https://login.microsoftonline.com/00000000-0000-0000-0000-000000000000/discovery/v2.0/keys",
        "response_modes_supported": [
          "query",
          "fragment",
          "form_post"
        ],
        "subject_types_supported": [
          "pairwise"
        ],
        "id_token_signing_alg_values_supported": [
          "RS256"
        ],
        "response_types_supported": [
          "code",
          "id_token",
          "code id_token",
          "id_token token"
        ],
        "scopes_supported": [
          "openid",
          "profile",
          "email",
          "offline_access"
        ],
        "issuer": "https://login.microsoftonline.com/00000000-0000-0000-0000-000000000000/v2.0",
        "request_uri_parameter_supported": false,
        "userinfo_endpoint": "https://graph.microsoft.com/oidc/userinfo",
        "authorization_endpoint": "https://login.microsoftonline.com/00000000-0000-0000-0000-000000000000/oauth2/v2.0/authorize",
        "device_authorization_endpoint": "https://login.microsoftonline.com/00000000-0000-0000-0000-000000000000/oauth2/v2.0/devicecode",
        "http_logout_supported": true,
        "frontchannel_logout_supported": true,
        "end_session_endpoint": "https://login.microsoftonline.com/00000000-0000-0000-0000-000000000000/oauth2/v2.0/logout",
        "claims_supported": [
          "sub",
          "iss",
          "cloud_instance_name",
          "cloud_instance_host_name",
          "cloud_graph_host_name",
          "msgraph_host",
          "aud",
          "exp",
          "iat",
          "auth_time",
          "acr",
          "nonce",
          "preferred_username",
          "name",
          "tid",
          "ver",
          "at_hash",
          "c_hash",
          "email"
        ],
        "kerberos_endpoint": "https://login.microsoftonline.com/00000000-0000-0000-0000-000000000000/kerberos",
        "tenant_region_scope": "NA",
        "cloud_instance_name": "microsoftonline.com",
        "cloud_graph_host_name": "graph.windows.net",
        "msgraph_host": "graph.microsoft.com",
        "rbac_url": "https://pas.windows.net"
      }
    },
    {
      "RequestUri": "https://login.microsoftonline.com/common/discovery/instance?api-version=1.1\u0026authorization_endpoint=https://login.microsoftonline.com/common/oauth2/authorize",
      "RequestMethod": "GET",
      "RequestHeaders": {
        "Accept": "application/json",
        "Accept-Encoding": "gzip, deflate",
        "Connection": "keep-alive",
        "Cookie": "fpc=AqiuwT8TDXJIjD41K9PPZMeZHqKEAwAAAB1ZV9kOAAAA; stsservicecookie=estsfd; x-ms-gateway-slice=estsfd",
        "User-Agent": "azsdk-python-identity/1.7.2 Python/3.8.8 (Windows-10-10.0.19041-SP0)"
      },
      "RequestBody": null,
      "StatusCode": 200,
      "ResponseHeaders": {
        "Access-Control-Allow-Methods": "GET, OPTIONS",
        "Access-Control-Allow-Origin": "*",
        "Cache-Control": "max-age=86400, private",
        "Content-Length": "945",
        "Content-Type": "application/json; charset=utf-8",
        "Date": "Fri, 24 Dec 2021 06:05:37 GMT",
        "P3P": "CP=\u0022DSP CUR OTPi IND OTRi ONL FIN\u0022",
        "Set-Cookie": [
          "fpc=AqiuwT8TDXJIjD41K9PPZMeZHqKEAwAAAB1ZV9kOAAAA; expires=Sun, 23-Jan-2022 06:05:38 GMT; path=/; secure; HttpOnly; SameSite=None",
          "x-ms-gateway-slice=estsfd; path=/; secure; samesite=none; httponly",
          "stsservicecookie=estsfd; path=/; secure; samesite=none; httponly"
        ],
        "Strict-Transport-Security": "max-age=31536000; includeSubDomains",
        "X-Content-Type-Options": "nosniff",
        "x-ms-ests-server": "2.1.12261.17 - SEASLR2 ProdSlices",
        "x-ms-request-id": "1bd63f88-8ecd-4df1-9d86-9bcf0dc52a00"
      },
      "ResponseBody": {
        "tenant_discovery_endpoint": "https://login.microsoftonline.com/common/.well-known/openid-configuration",
        "api-version": "1.1",
        "metadata": [
          {
            "preferred_network": "login.microsoftonline.com",
            "preferred_cache": "login.windows.net",
            "aliases": [
              "login.microsoftonline.com",
              "login.windows.net",
              "login.microsoft.com",
              "sts.windows.net"
            ]
          },
          {
            "preferred_network": "login.partner.microsoftonline.cn",
            "preferred_cache": "login.partner.microsoftonline.cn",
            "aliases": [
              "login.partner.microsoftonline.cn",
              "login.chinacloudapi.cn"
            ]
          },
          {
            "preferred_network": "login.microsoftonline.de",
            "preferred_cache": "login.microsoftonline.de",
            "aliases": [
              "login.microsoftonline.de"
            ]
          },
          {
            "preferred_network": "login.microsoftonline.us",
            "preferred_cache": "login.microsoftonline.us",
            "aliases": [
              "login.microsoftonline.us",
              "login.usgovcloudapi.net"
            ]
          },
          {
            "preferred_network": "login-us.microsoftonline.com",
            "preferred_cache": "login-us.microsoftonline.com",
            "aliases": [
              "login-us.microsoftonline.com"
            ]
          }
        ]
      }
    },
    {
      "RequestUri": "https://login.microsoftonline.com/00000000-0000-0000-0000-000000000000/oauth2/v2.0/token",
      "RequestMethod": "POST",
      "RequestHeaders": {
        "Accept": "application/json",
        "Accept-Encoding": "gzip, deflate",
        "client-request-id": "ebca0dbd-39cb-4ce9-9680-404f3c24e6de",
        "Connection": "keep-alive",
        "Content-Length": "289",
        "Content-Type": "application/x-www-form-urlencoded",
        "Cookie": "fpc=AqiuwT8TDXJIjD41K9PPZMeZHqKEAwAAAB1ZV9kOAAAA; stsservicecookie=estsfd; x-ms-gateway-slice=estsfd",
        "User-Agent": "azsdk-python-identity/1.7.2 Python/3.8.8 (Windows-10-10.0.19041-SP0)",
        "x-client-cpu": "x64",
        "x-client-current-telemetry": "4|730,0|",
        "x-client-last-telemetry": "4|0|||",
        "x-client-os": "win32",
        "x-client-sku": "MSAL.Python",
        "x-client-ver": "1.16.0",
        "x-ms-lib-capability": "retry-after, h429"
      },
      "RequestBody": "client_id=a2df54d5-ab03-4725-9b80-9a00b3b1967f\u0026grant_type=client_credentials\u0026client_info=1\u0026client_secret=0vj7Q~IsFayrD0V_8oyOfygU-GE3ELOabq95a\u0026claims=%7B%22access_token%22%3A\u002B%7B%22xms_cc%22%3A\u002B%7B%22values%22%3A\u002B%5B%22CP1%22%5D%7D%7D%7D\u0026scope=https%3A%2F%2Fmanagement.azure.com%2F.default",
      "StatusCode": 200,
      "ResponseHeaders": {
        "Cache-Control": "no-store, no-cache",
        "client-request-id": "ebca0dbd-39cb-4ce9-9680-404f3c24e6de",
        "Content-Length": "1391",
        "Content-Type": "application/json; charset=utf-8",
        "Date": "Fri, 24 Dec 2021 06:05:38 GMT",
        "Expires": "-1",
        "P3P": "CP=\u0022DSP CUR OTPi IND OTRi ONL FIN\u0022",
        "Pragma": "no-cache",
        "Set-Cookie": [
          "fpc=AqiuwT8TDXJIjD41K9PPZMeZHqKEBAAAAB1ZV9kOAAAA; expires=Sun, 23-Jan-2022 06:05:39 GMT; path=/; secure; HttpOnly; SameSite=None",
          "x-ms-gateway-slice=estsfd; path=/; secure; samesite=none; httponly",
          "stsservicecookie=estsfd; path=/; secure; samesite=none; httponly"
        ],
        "Strict-Transport-Security": "max-age=31536000; includeSubDomains",
        "X-Content-Type-Options": "nosniff",
        "x-ms-clitelem": "1,0,0,,",
        "x-ms-ests-server": "2.1.12261.17 - SCUS ProdSlices",
        "x-ms-request-id": "21fc8441-5a8a-4e05-b0b6-96a695cac500"
      },
      "ResponseBody": {
        "token_type": "Bearer",
        "expires_in": 3599,
        "ext_expires_in": 3599,
        "access_token": "eyJ0eXAiOiJKV1QiLCJhbGciOiJSUzI1NiIsIng1dCI6Ik1yNS1BVWliZkJpaTdOZDFqQmViYXhib1hXMCIsImtpZCI6Ik1yNS1BVWliZkJpaTdOZDFqQmViYXhib1hXMCJ9.eyJhdWQiOiJodHRwczovL21hbmFnZW1lbnQuYXp1cmUuY29tIiwiaXNzIjoiaHR0cHM6Ly9zdHMud2luZG93cy5uZXQvNTQ4MjZiMjItMzhkNi00ZmIyLWJhZDktYjdiOTNhM2U5YzVhLyIsImlhdCI6MTY0MDMyNTYzOSwibmJmIjoxNjQwMzI1NjM5LCJleHAiOjE2NDAzMjk1MzksImFpbyI6IkUyWmdZSmdyN3kzQ0tHb3lkZVVsRTEvT2ZyTmNBQT09IiwiYXBwaWQiOiJhMmRmNTRkNS1hYjAzLTQ3MjUtOWI4MC05YTAwYjNiMTk2N2YiLCJhcHBpZGFjciI6IjEiLCJpZHAiOiJodHRwczovL3N0cy53aW5kb3dzLm5ldC81NDgyNmIyMi0zOGQ2LTRmYjItYmFkOS1iN2I5M2EzZTljNWEvIiwiaWR0eXAiOiJhcHAiLCJvaWQiOiI4ODdjNDJiMS03OTQ2LTRjMjItYmFhNi0xNTA0M2U0YjEzMjMiLCJyaCI6IjAuQVRjQUltdUNWTlk0c2stNjJiZTVPajZjV3RWVTM2SURxeVZIbTRDYUFMT3hsbjgzQUFBLiIsInN1YiI6Ijg4N2M0MmIxLTc5NDYtNGMyMi1iYWE2LTE1MDQzZTRiMTMyMyIsInRpZCI6IjU0ODI2YjIyLTM4ZDYtNGZiMi1iYWQ5LWI3YjkzYTNlOWM1YSIsInV0aSI6IlFZVDhJWXBhQlU2d3RwYW1sY3JGQUEiLCJ2ZXIiOiIxLjAiLCJ4bXNfY2MiOlsiQ1AxIl0sInhtc190Y2R0IjoxNDEyMjA2ODQwfQ.ewVSspjF0TmORskP7nGD_AMDpxE-kGaRLHcrnOOEdlkGWLjRX_ik9UyIBOFPuDADiYVmMR4rV8veN1PU8aSszAXLlhQ0_eT1aQhJLHOPMerm6cj9X_Q6pod_kPY1LUFkjqstqSnca6s9sRsKNTWEyQH1CqC_YI4mmGEA5njrE3wLsT002jKpIcrASqm5jlytHLY776JWlbeRKyaiMRMLOCLXJ6JEqBwueoCxzIwzqzRCMYh2612u10stjA6C7rD2W_YIJaQq3jUpPUkoy7odDemiDI4ElBNeKpgDauVCSy3IU6NFUQv5KhF8idG4aYKjogYMC1N0KB0Zj_ahvx4DPg"
      }
    },
    {
      "RequestUri": "https://management.azure.com/subscriptions/00000000-0000-0000-0000-000000000000/resourceGroups/rgname/providers/Microsoft.Compute/virtualMachineScaleSets/virtualmachinescaleset16842a5e?api-version=2021-07-01",
      "RequestMethod": "PUT",
      "RequestHeaders": {
        "Accept": "application/json",
        "Accept-Encoding": "gzip, deflate",
        "Authorization": "Sanitized",
        "Connection": "keep-alive",
        "Content-Length": "948",
        "Content-Type": "application/json",
        "User-Agent": "azsdk-python-azure-mgmt-compute/23.1.0 Python/3.8.8 (Windows-10-10.0.19041-SP0)",
        "x-ms-client-request-id": "8418bdb2-647f-11ec-8a73-70b5e82527ff"
      },
      "RequestBody": "{\u0022location\u0022: \u0022eastus\u0022, \u0022sku\u0022: {\u0022name\u0022: \u0022Standard_D1_v2\u0022, \u0022tier\u0022: \u0022Standard\u0022, \u0022capacity\u0022: 1}, \u0022properties\u0022: {\u0022upgradePolicy\u0022: {\u0022mode\u0022: \u0022Manual\u0022}, \u0022virtualMachineProfile\u0022: {\u0022osProfile\u0022: {\u0022computerNamePrefix\u0022: \u0022testPC\u0022, \u0022adminUsername\u0022: \u0022testuser\u0022, \u0022adminPassword\u0022: \u0022Aa!1()-xyz\u0022}, \u0022storageProfile\u0022: {\u0022imageReference\u0022: {\u0022publisher\u0022: \u0022MicrosoftWindowsServer\u0022, \u0022offer\u0022: \u0022WindowsServer\u0022, \u0022sku\u0022: \u00222016-Datacenter\u0022, \u0022version\u0022: \u0022latest\u0022}, \u0022osDisk\u0022: {\u0022caching\u0022: \u0022ReadWrite\u0022, \u0022createOption\u0022: \u0022FromImage\u0022, \u0022diskSizeGB\u0022: 512, \u0022managedDisk\u0022: {\u0022storageAccountType\u0022: \u0022Standard_LRS\u0022}}}, \u0022networkProfile\u0022: {\u0022networkInterfaceConfigurations\u0022: [{\u0022name\u0022: \u0022testPC\u0022, \u0022properties\u0022: {\u0022primary\u0022: true, \u0022ipConfigurations\u0022: [{\u0022name\u0022: \u0022testPC\u0022, \u0022properties\u0022: {\u0022subnet\u0022: {\u0022id\u0022: \u0022/subscriptions/00000000-0000-0000-0000-000000000000/resourceGroups/rgname/providers/Microsoft.Network/virtualNetworks/networknamex16842a5e/subnets/subnetnamex16842a5e\u0022}}}]}}]}}, \u0022overprovision\u0022: true}}",
      "StatusCode": 201,
      "ResponseHeaders": {
        "Azure-AsyncNotification": "Enabled",
        "Azure-AsyncOperation": "https://management.azure.com/subscriptions/00000000-0000-0000-0000-000000000000/providers/Microsoft.Compute/locations/eastus/operations/8fc27409-35fc-43e0-a94f-0b8bd7271e05?p=54253b73-cb53-496f-ab42-5e5ee19426f8\u0026api-version=2021-07-01",
        "Cache-Control": "no-cache",
        "Content-Length": "2042",
        "Content-Type": "application/json; charset=utf-8",
        "Date": "Fri, 24 Dec 2021 06:05:43 GMT",
        "Expires": "-1",
        "Pragma": "no-cache",
        "Retry-After": "10",
        "Server": [
          "Microsoft-HTTPAPI/2.0",
          "Microsoft-HTTPAPI/2.0"
        ],
        "Strict-Transport-Security": "max-age=31536000; includeSubDomains",
        "X-Content-Type-Options": "nosniff",
        "x-ms-correlation-request-id": "7f10ece4-6446-4b02-99dc-c3e3fc17a7f1",
        "x-ms-ratelimit-remaining-resource": "Microsoft.Compute/CreateVMScaleSet3Min;185,Microsoft.Compute/CreateVMScaleSet30Min;931,Microsoft.Compute/VMScaleSetBatchedVMRequests5Min;3727,Microsoft.Compute/VmssQueuedVMOperations;0",
        "x-ms-ratelimit-remaining-subscription-writes": "1166",
        "x-ms-request-charge": "2",
        "x-ms-request-id": "8fc27409-35fc-43e0-a94f-0b8bd7271e05",
        "x-ms-routing-request-id": "SOUTHEASTASIA:20211224T060543Z:7f10ece4-6446-4b02-99dc-c3e3fc17a7f1"
      },
      "ResponseBody": [
        "{\r\n",
        "  \u0022name\u0022: \u0022virtualmachinescaleset16842a5e\u0022,\r\n",
        "  \u0022id\u0022: \u0022/subscriptions/00000000-0000-0000-0000-000000000000/resourceGroups/rgname/providers/Microsoft.Compute/virtualMachineScaleSets/virtualmachinescaleset16842a5e\u0022,\r\n",
        "  \u0022type\u0022: \u0022Microsoft.Compute/virtualMachineScaleSets\u0022,\r\n",
        "  \u0022location\u0022: \u0022eastus\u0022,\r\n",
        "  \u0022sku\u0022: {\r\n",
        "    \u0022name\u0022: \u0022Standard_D1_v2\u0022,\r\n",
        "    \u0022tier\u0022: \u0022Standard\u0022,\r\n",
        "    \u0022capacity\u0022: 1\r\n",
        "  },\r\n",
        "  \u0022properties\u0022: {\r\n",
        "    \u0022singlePlacementGroup\u0022: true,\r\n",
        "    \u0022upgradePolicy\u0022: {\r\n",
        "      \u0022mode\u0022: \u0022Manual\u0022\r\n",
        "    },\r\n",
        "    \u0022virtualMachineProfile\u0022: {\r\n",
        "      \u0022osProfile\u0022: {\r\n",
        "        \u0022computerNamePrefix\u0022: \u0022testPC\u0022,\r\n",
        "        \u0022adminUsername\u0022: \u0022testuser\u0022,\r\n",
        "        \u0022windowsConfiguration\u0022: {\r\n",
        "          \u0022provisionVMAgent\u0022: true,\r\n",
        "          \u0022enableAutomaticUpdates\u0022: true\r\n",
        "        },\r\n",
        "        \u0022secrets\u0022: [],\r\n",
        "        \u0022allowExtensionOperations\u0022: true,\r\n",
        "        \u0022requireGuestProvisionSignal\u0022: true\r\n",
        "      },\r\n",
        "      \u0022storageProfile\u0022: {\r\n",
        "        \u0022osDisk\u0022: {\r\n",
        "          \u0022osType\u0022: \u0022Windows\u0022,\r\n",
        "          \u0022createOption\u0022: \u0022FromImage\u0022,\r\n",
        "          \u0022caching\u0022: \u0022ReadWrite\u0022,\r\n",
        "          \u0022managedDisk\u0022: {\r\n",
        "            \u0022storageAccountType\u0022: \u0022Standard_LRS\u0022\r\n",
        "          },\r\n",
        "          \u0022diskSizeGB\u0022: 512\r\n",
        "        },\r\n",
        "        \u0022imageReference\u0022: {\r\n",
        "          \u0022publisher\u0022: \u0022MicrosoftWindowsServer\u0022,\r\n",
        "          \u0022offer\u0022: \u0022WindowsServer\u0022,\r\n",
        "          \u0022sku\u0022: \u00222016-Datacenter\u0022,\r\n",
        "          \u0022version\u0022: \u0022latest\u0022\r\n",
        "        }\r\n",
        "      },\r\n",
        "      \u0022networkProfile\u0022: {\u0022networkInterfaceConfigurations\u0022:[{\u0022name\u0022:\u0022testPC\u0022,\u0022properties\u0022:{\u0022primary\u0022:true,\u0022enableAcceleratedNetworking\u0022:false,\u0022dnsSettings\u0022:{\u0022dnsServers\u0022:[]},\u0022enableIPForwarding\u0022:false,\u0022ipConfigurations\u0022:[{\u0022name\u0022:\u0022testPC\u0022,\u0022properties\u0022:{\u0022subnet\u0022:{\u0022id\u0022:\u0022/subscriptions/00000000-0000-0000-0000-000000000000/resourceGroups/rgname/providers/Microsoft.Network/virtualNetworks/networknamex16842a5e/subnets/subnetnamex16842a5e\u0022},\u0022privateIPAddressVersion\u0022:\u0022IPv4\u0022}}]}}]}\r\n",
        "    },\r\n",
        "    \u0022provisioningState\u0022: \u0022Creating\u0022,\r\n",
        "    \u0022overprovision\u0022: true,\r\n",
        "    \u0022doNotRunExtensionsOnOverprovisionedVMs\u0022: false,\r\n",
        "    \u0022uniqueId\u0022: \u00222dbfcaed-1cc9-45bb-ba6c-a4d968a269e9\u0022\r\n",
        "  }\r\n",
        "}"
      ]
    },
    {
      "RequestUri": "https://management.azure.com/subscriptions/00000000-0000-0000-0000-000000000000/providers/Microsoft.Compute/locations/eastus/operations/8fc27409-35fc-43e0-a94f-0b8bd7271e05?p=54253b73-cb53-496f-ab42-5e5ee19426f8\u0026api-version=2021-07-01",
      "RequestMethod": "GET",
      "RequestHeaders": {
        "Accept": "*/*",
        "Accept-Encoding": "gzip, deflate",
        "Authorization": "Sanitized",
        "Connection": "keep-alive",
        "User-Agent": "azsdk-python-azure-mgmt-compute/23.1.0 Python/3.8.8 (Windows-10-10.0.19041-SP0)",
        "x-ms-client-request-id": "8418bdb2-647f-11ec-8a73-70b5e82527ff"
      },
      "RequestBody": null,
      "StatusCode": 200,
      "ResponseHeaders": {
        "Cache-Control": "no-cache",
        "Content-Encoding": "gzip",
        "Content-Type": "application/json; charset=utf-8",
        "Date": "Fri, 24 Dec 2021 06:05:54 GMT",
        "Expires": "-1",
        "Pragma": "no-cache",
        "Retry-After": "97",
        "Server": [
          "Microsoft-HTTPAPI/2.0",
          "Microsoft-HTTPAPI/2.0"
        ],
        "Strict-Transport-Security": "max-age=31536000; includeSubDomains",
        "Transfer-Encoding": "chunked",
        "Vary": "Accept-Encoding",
        "X-Content-Type-Options": "nosniff",
        "x-ms-correlation-request-id": "6d730339-381c-4745-8220-c2bb1e550f69",
        "x-ms-ratelimit-remaining-resource": "Microsoft.Compute/GetOperation3Min;14989,Microsoft.Compute/GetOperation30Min;29940",
        "x-ms-ratelimit-remaining-subscription-reads": "11854",
        "x-ms-request-id": "7fbfe9d9-64f2-4d3e-a3b3-2d0a633d41f2",
        "x-ms-routing-request-id": "SOUTHEASTASIA:20211224T060554Z:6d730339-381c-4745-8220-c2bb1e550f69"
      },
      "ResponseBody": [
        "{\r\n",
        "  \u0022startTime\u0022: \u00222021-12-24T06:05:41.8509094\u002B00:00\u0022,\r\n",
        "  \u0022status\u0022: \u0022InProgress\u0022,\r\n",
        "  \u0022name\u0022: \u00228fc27409-35fc-43e0-a94f-0b8bd7271e05\u0022\r\n",
        "}"
      ]
    },
    {
      "RequestUri": "https://management.azure.com/subscriptions/00000000-0000-0000-0000-000000000000/providers/Microsoft.Compute/locations/eastus/operations/8fc27409-35fc-43e0-a94f-0b8bd7271e05?p=54253b73-cb53-496f-ab42-5e5ee19426f8\u0026api-version=2021-07-01",
      "RequestMethod": "GET",
      "RequestHeaders": {
        "Accept": "*/*",
        "Accept-Encoding": "gzip, deflate",
        "Authorization": "Sanitized",
        "Connection": "keep-alive",
        "User-Agent": "azsdk-python-azure-mgmt-compute/23.1.0 Python/3.8.8 (Windows-10-10.0.19041-SP0)",
        "x-ms-client-request-id": "8418bdb2-647f-11ec-8a73-70b5e82527ff"
      },
      "RequestBody": null,
      "StatusCode": 200,
      "ResponseHeaders": {
        "Cache-Control": "no-cache",
        "Content-Encoding": "gzip",
        "Content-Type": "application/json; charset=utf-8",
        "Date": "Fri, 24 Dec 2021 06:07:31 GMT",
        "Expires": "-1",
        "Pragma": "no-cache",
        "Server": [
          "Microsoft-HTTPAPI/2.0",
          "Microsoft-HTTPAPI/2.0"
        ],
        "Strict-Transport-Security": "max-age=31536000; includeSubDomains",
        "Transfer-Encoding": "chunked",
        "Vary": "Accept-Encoding",
        "X-Content-Type-Options": "nosniff",
        "x-ms-correlation-request-id": "74790bd9-4c78-4e18-8729-3c090fa04204",
        "x-ms-ratelimit-remaining-resource": "Microsoft.Compute/GetOperation3Min;14997,Microsoft.Compute/GetOperation30Min;29938",
        "x-ms-ratelimit-remaining-subscription-reads": "11853",
        "x-ms-request-id": "c96869b2-13f1-493d-abe0-31d56ae92a30",
        "x-ms-routing-request-id": "SOUTHEASTASIA:20211224T060731Z:74790bd9-4c78-4e18-8729-3c090fa04204"
      },
      "ResponseBody": [
        "{\r\n",
        "  \u0022startTime\u0022: \u00222021-12-24T06:05:41.8509094\u002B00:00\u0022,\r\n",
        "  \u0022status\u0022: \u0022InProgress\u0022,\r\n",
        "  \u0022name\u0022: \u00228fc27409-35fc-43e0-a94f-0b8bd7271e05\u0022\r\n",
        "}"
      ]
    },
    {
      "RequestUri": "https://management.azure.com/subscriptions/00000000-0000-0000-0000-000000000000/providers/Microsoft.Compute/locations/eastus/operations/8fc27409-35fc-43e0-a94f-0b8bd7271e05?p=54253b73-cb53-496f-ab42-5e5ee19426f8\u0026api-version=2021-07-01",
      "RequestMethod": "GET",
      "RequestHeaders": {
        "Accept": "*/*",
        "Accept-Encoding": "gzip, deflate",
        "Authorization": "Sanitized",
        "Connection": "keep-alive",
        "User-Agent": "azsdk-python-azure-mgmt-compute/23.1.0 Python/3.8.8 (Windows-10-10.0.19041-SP0)",
        "x-ms-client-request-id": "8418bdb2-647f-11ec-8a73-70b5e82527ff"
      },
      "RequestBody": null,
      "StatusCode": 200,
      "ResponseHeaders": {
        "Cache-Control": "no-cache",
        "Content-Encoding": "gzip",
        "Content-Type": "application/json; charset=utf-8",
        "Date": "Fri, 24 Dec 2021 06:08:01 GMT",
        "Expires": "-1",
        "Pragma": "no-cache",
        "Server": [
          "Microsoft-HTTPAPI/2.0",
          "Microsoft-HTTPAPI/2.0"
        ],
        "Strict-Transport-Security": "max-age=31536000; includeSubDomains",
        "Transfer-Encoding": "chunked",
        "Vary": "Accept-Encoding",
        "X-Content-Type-Options": "nosniff",
        "x-ms-correlation-request-id": "edb81d92-2bd7-4294-8055-440bfba5b32d",
        "x-ms-ratelimit-remaining-resource": "Microsoft.Compute/GetOperation3Min;14995,Microsoft.Compute/GetOperation30Min;29936",
        "x-ms-ratelimit-remaining-subscription-reads": "11852",
        "x-ms-request-id": "52b4b54f-0917-418a-889f-8619cde23a65",
        "x-ms-routing-request-id": "SOUTHEASTASIA:20211224T060801Z:edb81d92-2bd7-4294-8055-440bfba5b32d"
      },
      "ResponseBody": [
        "{\r\n",
        "  \u0022startTime\u0022: \u00222021-12-24T06:05:41.8509094\u002B00:00\u0022,\r\n",
        "  \u0022endTime\u0022: \u00222021-12-24T06:07:38.7429335\u002B00:00\u0022,\r\n",
        "  \u0022status\u0022: \u0022Succeeded\u0022,\r\n",
        "  \u0022name\u0022: \u00228fc27409-35fc-43e0-a94f-0b8bd7271e05\u0022\r\n",
        "}"
      ]
    },
    {
      "RequestUri": "https://management.azure.com/subscriptions/00000000-0000-0000-0000-000000000000/resourceGroups/rgname/providers/Microsoft.Compute/virtualMachineScaleSets/virtualmachinescaleset16842a5e?api-version=2021-07-01",
      "RequestMethod": "GET",
      "RequestHeaders": {
        "Accept": "*/*",
        "Accept-Encoding": "gzip, deflate",
        "Authorization": "Sanitized",
        "Connection": "keep-alive",
        "User-Agent": "azsdk-python-azure-mgmt-compute/23.1.0 Python/3.8.8 (Windows-10-10.0.19041-SP0)",
        "x-ms-client-request-id": "8418bdb2-647f-11ec-8a73-70b5e82527ff"
      },
      "RequestBody": null,
      "StatusCode": 200,
      "ResponseHeaders": {
        "Cache-Control": "no-cache",
        "Content-Encoding": "gzip",
        "Content-Type": "application/json; charset=utf-8",
        "Date": "Fri, 24 Dec 2021 06:08:01 GMT",
        "Expires": "-1",
        "Pragma": "no-cache",
        "Server": [
          "Microsoft-HTTPAPI/2.0",
          "Microsoft-HTTPAPI/2.0"
        ],
        "Strict-Transport-Security": "max-age=31536000; includeSubDomains",
        "Transfer-Encoding": "chunked",
        "Vary": "Accept-Encoding",
        "X-Content-Type-Options": "nosniff",
        "x-ms-correlation-request-id": "fd758005-ff02-4bcb-9d92-6780e3194b93",
        "x-ms-ratelimit-remaining-resource": "Microsoft.Compute/GetVMScaleSet3Min;397,Microsoft.Compute/GetVMScaleSet30Min;2597",
        "x-ms-ratelimit-remaining-subscription-reads": "11851",
        "x-ms-request-id": "f5277e2b-8d9a-482c-98d3-a744a11a8109",
        "x-ms-routing-request-id": "SOUTHEASTASIA:20211224T060802Z:fd758005-ff02-4bcb-9d92-6780e3194b93"
      },
      "ResponseBody": [
        "{\r\n",
        "  \u0022name\u0022: \u0022virtualmachinescaleset16842a5e\u0022,\r\n",
        "  \u0022id\u0022: \u0022/subscriptions/00000000-0000-0000-0000-000000000000/resourceGroups/rgname/providers/Microsoft.Compute/virtualMachineScaleSets/virtualmachinescaleset16842a5e\u0022,\r\n",
        "  \u0022type\u0022: \u0022Microsoft.Compute/virtualMachineScaleSets\u0022,\r\n",
        "  \u0022location\u0022: \u0022eastus\u0022,\r\n",
        "  \u0022sku\u0022: {\r\n",
        "    \u0022name\u0022: \u0022Standard_D1_v2\u0022,\r\n",
        "    \u0022tier\u0022: \u0022Standard\u0022,\r\n",
        "    \u0022capacity\u0022: 1\r\n",
        "  },\r\n",
        "  \u0022properties\u0022: {\r\n",
        "    \u0022singlePlacementGroup\u0022: true,\r\n",
        "    \u0022upgradePolicy\u0022: {\r\n",
        "      \u0022mode\u0022: \u0022Manual\u0022\r\n",
        "    },\r\n",
        "    \u0022virtualMachineProfile\u0022: {\r\n",
        "      \u0022osProfile\u0022: {\r\n",
        "        \u0022computerNamePrefix\u0022: \u0022testPC\u0022,\r\n",
        "        \u0022adminUsername\u0022: \u0022testuser\u0022,\r\n",
        "        \u0022windowsConfiguration\u0022: {\r\n",
        "          \u0022provisionVMAgent\u0022: true,\r\n",
        "          \u0022enableAutomaticUpdates\u0022: true\r\n",
        "        },\r\n",
        "        \u0022secrets\u0022: [],\r\n",
        "        \u0022allowExtensionOperations\u0022: true,\r\n",
        "        \u0022requireGuestProvisionSignal\u0022: true\r\n",
        "      },\r\n",
        "      \u0022storageProfile\u0022: {\r\n",
        "        \u0022osDisk\u0022: {\r\n",
        "          \u0022osType\u0022: \u0022Windows\u0022,\r\n",
        "          \u0022createOption\u0022: \u0022FromImage\u0022,\r\n",
        "          \u0022caching\u0022: \u0022ReadWrite\u0022,\r\n",
        "          \u0022managedDisk\u0022: {\r\n",
        "            \u0022storageAccountType\u0022: \u0022Standard_LRS\u0022\r\n",
        "          },\r\n",
        "          \u0022diskSizeGB\u0022: 512\r\n",
        "        },\r\n",
        "        \u0022imageReference\u0022: {\r\n",
        "          \u0022publisher\u0022: \u0022MicrosoftWindowsServer\u0022,\r\n",
        "          \u0022offer\u0022: \u0022WindowsServer\u0022,\r\n",
        "          \u0022sku\u0022: \u00222016-Datacenter\u0022,\r\n",
        "          \u0022version\u0022: \u0022latest\u0022\r\n",
        "        }\r\n",
        "      },\r\n",
        "      \u0022networkProfile\u0022: {\u0022networkInterfaceConfigurations\u0022:[{\u0022name\u0022:\u0022testPC\u0022,\u0022properties\u0022:{\u0022primary\u0022:true,\u0022enableAcceleratedNetworking\u0022:false,\u0022dnsSettings\u0022:{\u0022dnsServers\u0022:[]},\u0022enableIPForwarding\u0022:false,\u0022ipConfigurations\u0022:[{\u0022name\u0022:\u0022testPC\u0022,\u0022properties\u0022:{\u0022subnet\u0022:{\u0022id\u0022:\u0022/subscriptions/00000000-0000-0000-0000-000000000000/resourceGroups/rgname/providers/Microsoft.Network/virtualNetworks/networknamex16842a5e/subnets/subnetnamex16842a5e\u0022},\u0022privateIPAddressVersion\u0022:\u0022IPv4\u0022}}]}}]}\r\n",
        "    },\r\n",
        "    \u0022provisioningState\u0022: \u0022Succeeded\u0022,\r\n",
        "    \u0022overprovision\u0022: true,\r\n",
        "    \u0022doNotRunExtensionsOnOverprovisionedVMs\u0022: false,\r\n",
        "    \u0022uniqueId\u0022: \u00222dbfcaed-1cc9-45bb-ba6c-a4d968a269e9\u0022\r\n",
        "  }\r\n",
        "}"
      ]
    },
    {
      "RequestUri": "https://management.azure.com/subscriptions/00000000-0000-0000-0000-000000000000/resourceGroups/rgname/providers/Microsoft.Compute/virtualMachineScaleSets/virtualmachinescaleset16842a5e/virtualmachines/0/instanceView?api-version=2021-07-01",
      "RequestMethod": "GET",
      "RequestHeaders": {
        "Accept": "application/json",
        "Accept-Encoding": "gzip, deflate",
        "Authorization": "Sanitized",
        "Connection": "keep-alive",
        "User-Agent": "azsdk-python-azure-mgmt-compute/23.1.0 Python/3.8.8 (Windows-10-10.0.19041-SP0)",
        "x-ms-client-request-id": "4531ab8e-6480-11ec-b0b8-70b5e82527ff"
      },
      "RequestBody": null,
      "StatusCode": 200,
      "ResponseHeaders": {
        "Cache-Control": "no-cache",
        "Content-Encoding": "gzip",
        "Content-Type": "application/json; charset=utf-8",
        "Date": "Fri, 24 Dec 2021 06:11:02 GMT",
        "Expires": "-1",
        "Pragma": "no-cache",
        "Server": [
          "Microsoft-HTTPAPI/2.0",
          "Microsoft-HTTPAPI/2.0"
        ],
        "Strict-Transport-Security": "max-age=31536000; includeSubDomains",
        "Transfer-Encoding": "chunked",
        "Vary": "Accept-Encoding",
        "X-Content-Type-Options": "nosniff",
        "x-ms-correlation-request-id": "29df1a4c-9f6a-4fdd-aeaf-b847576d474b",
        "x-ms-ratelimit-remaining-resource": "Microsoft.Compute/GetVMScaleSetVM3Min;999,Microsoft.Compute/GetVMScaleSetVM30Min;4999,Microsoft.Compute/VMScaleSetVMViews3Min;4999",
        "x-ms-ratelimit-remaining-subscription-reads": "11999",
        "x-ms-request-charge": "1",
        "x-ms-request-id": "0e89b048-7166-4058-acb1-dfdf966b6ce9",
        "x-ms-routing-request-id": "SOUTHEASTASIA:20211224T061103Z:29df1a4c-9f6a-4fdd-aeaf-b847576d474b"
      },
      "ResponseBody": [
        "{\r\n",
        "  \u0022placementGroupId\u0022: \u0022489bcf41-2ccb-4d90-97dd-3d7e468572f7\u0022,\r\n",
        "  \u0022platformUpdateDomain\u0022: 0,\r\n",
        "  \u0022platformFaultDomain\u0022: 0,\r\n",
        "  \u0022computerName\u0022: \u0022testPC000000\u0022,\r\n",
        "  \u0022osName\u0022: \u0022Windows Server 2016 Datacenter\u0022,\r\n",
        "  \u0022osVersion\u0022: \u002210.0.14393.4825\u0022,\r\n",
        "  \u0022vmAgent\u0022: {\r\n",
        "    \u0022vmAgentVersion\u0022: \u00222.7.41491.1032\u0022,\r\n",
        "    \u0022statuses\u0022: [\r\n",
        "      {\r\n",
        "        \u0022code\u0022: \u0022ProvisioningState/succeeded\u0022,\r\n",
        "        \u0022level\u0022: \u0022Info\u0022,\r\n",
        "        \u0022displayStatus\u0022: \u0022Ready\u0022,\r\n",
        "        \u0022message\u0022: \u0022GuestAgent is running and processing the extensions.\u0022,\r\n",
        "        \u0022time\u0022: \u00222021-12-24T06:11:00.811\u002B00:00\u0022\r\n",
        "      }\r\n",
        "    ]\r\n",
        "  },\r\n",
        "  \u0022disks\u0022: [\r\n",
        "    {\r\n",
        "      \u0022name\u0022: \u0022virtualmachinescalesvirtualmachinescaleseOS__1_9504fab36bee4256b74acb36ccd5f1c0\u0022,\r\n",
        "      \u0022statuses\u0022: [\r\n",
        "        {\r\n",
        "          \u0022code\u0022: \u0022ProvisioningState/succeeded\u0022,\r\n",
        "          \u0022level\u0022: \u0022Info\u0022,\r\n",
        "          \u0022displayStatus\u0022: \u0022Provisioning succeeded\u0022,\r\n",
        "          \u0022time\u0022: \u00222021-12-24T06:07:39.3523251\u002B00:00\u0022\r\n",
        "        }\r\n",
        "      ]\r\n",
        "    }\r\n",
        "  ],\r\n",
        "  \u0022hyperVGeneration\u0022: \u0022V1\u0022,\r\n",
        "  \u0022statuses\u0022: [\r\n",
        "    {\r\n",
        "      \u0022code\u0022: \u0022ProvisioningState/succeeded\u0022,\r\n",
        "      \u0022level\u0022: \u0022Info\u0022,\r\n",
        "      \u0022displayStatus\u0022: \u0022Provisioning succeeded\u0022,\r\n",
        "      \u0022time\u0022: \u00222021-12-24T06:08:21.6028262\u002B00:00\u0022\r\n",
        "    },\r\n",
        "    {\r\n",
        "      \u0022code\u0022: \u0022PowerState/running\u0022,\r\n",
        "      \u0022level\u0022: \u0022Info\u0022,\r\n",
        "      \u0022displayStatus\u0022: \u0022VM running\u0022\r\n",
        "    }\r\n",
        "  ]\r\n",
        "}"
      ]
    },
    {
      "RequestUri": "https://management.azure.com/subscriptions/00000000-0000-0000-0000-000000000000/resourceGroups/rgname/providers/Microsoft.Compute/virtualMachineScaleSets/virtualmachinescaleset16842a5e/virtualmachines/0?api-version=2021-07-01",
      "RequestMethod": "GET",
      "RequestHeaders": {
        "Accept": "application/json",
        "Accept-Encoding": "gzip, deflate",
        "Authorization": "Sanitized",
        "Connection": "keep-alive",
        "User-Agent": "azsdk-python-azure-mgmt-compute/23.1.0 Python/3.8.8 (Windows-10-10.0.19041-SP0)",
        "x-ms-client-request-id": "45dfc297-6480-11ec-aa07-70b5e82527ff"
      },
      "RequestBody": null,
      "StatusCode": 200,
      "ResponseHeaders": {
        "Cache-Control": "no-cache",
        "Content-Encoding": "gzip",
        "Content-Type": "application/json; charset=utf-8",
        "Date": "Fri, 24 Dec 2021 06:11:03 GMT",
        "Expires": "-1",
        "Pragma": "no-cache",
        "Server": [
          "Microsoft-HTTPAPI/2.0",
          "Microsoft-HTTPAPI/2.0"
        ],
        "Strict-Transport-Security": "max-age=31536000; includeSubDomains",
        "Transfer-Encoding": "chunked",
        "Vary": "Accept-Encoding",
        "X-Content-Type-Options": "nosniff",
        "x-ms-correlation-request-id": "da1546df-e5d9-4581-a30a-57dfe5be1502",
        "x-ms-ratelimit-remaining-resource": "Microsoft.Compute/GetVMScaleSetVM3Min;998,Microsoft.Compute/GetVMScaleSetVM30Min;4998,Microsoft.Compute/VMScaleSetVMViews3Min;4998",
        "x-ms-ratelimit-remaining-subscription-reads": "11998",
        "x-ms-request-charge": "1",
        "x-ms-request-id": "e698bf38-4d2c-42b1-90aa-b80654df09a8",
        "x-ms-routing-request-id": "SOUTHEASTASIA:20211224T061103Z:da1546df-e5d9-4581-a30a-57dfe5be1502"
      },
      "ResponseBody": [
        "{\r\n",
        "  \u0022name\u0022: \u0022virtualmachinescaleset16842a5e_0\u0022,\r\n",
        "  \u0022id\u0022: \u0022/subscriptions/00000000-0000-0000-0000-000000000000/resourceGroups/rgname/providers/Microsoft.Compute/virtualMachineScaleSets/virtualmachinescaleset16842a5e/virtualMachines/0\u0022,\r\n",
        "  \u0022type\u0022: \u0022Microsoft.Compute/virtualMachineScaleSets/virtualMachines\u0022,\r\n",
        "  \u0022location\u0022: \u0022eastus\u0022,\r\n",
        "  \u0022instanceId\u0022: \u00220\u0022,\r\n",
        "  \u0022sku\u0022: {\r\n",
        "    \u0022name\u0022: \u0022Standard_D1_v2\u0022,\r\n",
        "    \u0022tier\u0022: \u0022Standard\u0022\r\n",
        "  },\r\n",
        "  \u0022properties\u0022: {\r\n",
        "    \u0022latestModelApplied\u0022: true,\r\n",
        "    \u0022modelDefinitionApplied\u0022: \u0022VirtualMachineScaleSet\u0022,\r\n",
        "    \u0022networkProfileConfiguration\u0022: {\u0022networkInterfaceConfigurations\u0022:[{\u0022name\u0022:\u0022testPC\u0022,\u0022properties\u0022:{\u0022primary\u0022:true,\u0022enableAcceleratedNetworking\u0022:false,\u0022dnsSettings\u0022:{\u0022dnsServers\u0022:[]},\u0022enableIPForwarding\u0022:false,\u0022ipConfigurations\u0022:[{\u0022name\u0022:\u0022testPC\u0022,\u0022properties\u0022:{\u0022subnet\u0022:{\u0022id\u0022:\u0022/subscriptions/00000000-0000-0000-0000-000000000000/resourceGroups/rgname/providers/Microsoft.Network/virtualNetworks/networknamex16842a5e/subnets/subnetnamex16842a5e\u0022},\u0022privateIPAddressVersion\u0022:\u0022IPv4\u0022}}]}}]},\r\n",
        "    \u0022vmId\u0022: \u00222074ada9-01d4-4cfa-953b-2558ce545c6f\u0022,\r\n",
        "    \u0022hardwareProfile\u0022: {},\r\n",
        "    \u0022storageProfile\u0022: {\r\n",
        "      \u0022imageReference\u0022: {\r\n",
        "        \u0022publisher\u0022: \u0022MicrosoftWindowsServer\u0022,\r\n",
        "        \u0022offer\u0022: \u0022WindowsServer\u0022,\r\n",
        "        \u0022sku\u0022: \u00222016-Datacenter\u0022,\r\n",
        "        \u0022version\u0022: \u0022latest\u0022,\r\n",
        "        \u0022exactVersion\u0022: \u002214393.4906.2112080838\u0022\r\n",
        "      },\r\n",
        "      \u0022osDisk\u0022: {\r\n",
        "        \u0022osType\u0022: \u0022Windows\u0022,\r\n",
        "        \u0022name\u0022: \u0022virtualmachinescalesvirtualmachinescaleseOS__1_9504fab36bee4256b74acb36ccd5f1c0\u0022,\r\n",
        "        \u0022createOption\u0022: \u0022FromImage\u0022,\r\n",
        "        \u0022caching\u0022: \u0022ReadWrite\u0022,\r\n",
        "        \u0022managedDisk\u0022: {\r\n",
        "          \u0022storageAccountType\u0022: \u0022Standard_LRS\u0022,\r\n",
        "          \u0022id\u0022: \u0022/subscriptions/00000000-0000-0000-0000-000000000000/resourceGroups/rgname/providers/Microsoft.Compute/disks/virtualmachinescalesvirtualmachinescaleseOS__1_9504fab36bee4256b74acb36ccd5f1c0\u0022\r\n",
        "        },\r\n",
        "        \u0022diskSizeGB\u0022: 512\r\n",
        "      },\r\n",
        "      \u0022dataDisks\u0022: []\r\n",
        "    },\r\n",
        "    \u0022osProfile\u0022: {\r\n",
        "      \u0022computerName\u0022: \u0022testPC000000\u0022,\r\n",
        "      \u0022adminUsername\u0022: \u0022testuser\u0022,\r\n",
        "      \u0022windowsConfiguration\u0022: {\r\n",
        "        \u0022provisionVMAgent\u0022: true,\r\n",
        "        \u0022enableAutomaticUpdates\u0022: true\r\n",
        "      },\r\n",
        "      \u0022secrets\u0022: [],\r\n",
        "      \u0022allowExtensionOperations\u0022: true,\r\n",
        "      \u0022requireGuestProvisionSignal\u0022: true\r\n",
        "    },\r\n",
        "    \u0022networkProfile\u0022: {\u0022networkInterfaces\u0022:[{\u0022id\u0022:\u0022/subscriptions/00000000-0000-0000-0000-000000000000/resourceGroups/rgname/providers/Microsoft.Compute/virtualMachineScaleSets/virtualmachinescaleset16842a5e/virtualMachines/0/networkInterfaces/testPC\u0022}]},\r\n",
        "    \u0022provisioningState\u0022: \u0022Succeeded\u0022\r\n",
        "  }\r\n",
        "}"
      ]
    },
    {
      "RequestUri": "https://management.azure.com/subscriptions/00000000-0000-0000-0000-000000000000/resourceGroups/rgname/providers/Microsoft.Compute/virtualMachineScaleSets/virtualmachinescaleset16842a5e/virtualmachines/0?api-version=2021-07-01",
      "RequestMethod": "PUT",
      "RequestHeaders": {
        "Accept": "application/json",
        "Accept-Encoding": "gzip, deflate",
        "Authorization": "Sanitized",
        "Connection": "keep-alive",
        "Content-Length": "52",
        "Content-Type": "application/json",
        "User-Agent": "azsdk-python-azure-mgmt-compute/23.1.0 Python/3.8.8 (Windows-10-10.0.19041-SP0)",
        "x-ms-client-request-id": "461e6ad0-6480-11ec-ade5-70b5e82527ff"
      },
      "RequestBody": "{\u0022location\u0022: \u0022eastus\u0022, \u0022tags\u0022: {\u0022department\u0022: \u0022HR\u0022}}",
      "StatusCode": 200,
      "ResponseHeaders": {
        "Azure-AsyncOperation": "https://management.azure.com/subscriptions/00000000-0000-0000-0000-000000000000/providers/Microsoft.Compute/locations/eastus/operations/2dffcaa9-6d9d-4fad-8736-3915a37f9ece?p=54253b73-cb53-496f-ab42-5e5ee19426f8\u0026api-version=2021-07-01",
        "Cache-Control": "no-cache",
        "Content-Encoding": "gzip",
        "Content-Type": "application/json; charset=utf-8",
        "Date": "Fri, 24 Dec 2021 06:11:04 GMT",
        "Expires": "-1",
        "Pragma": "no-cache",
        "Server": [
          "Microsoft-HTTPAPI/2.0",
          "Microsoft-HTTPAPI/2.0"
        ],
        "Strict-Transport-Security": "max-age=31536000; includeSubDomains",
        "Transfer-Encoding": "chunked",
        "Vary": "Accept-Encoding",
        "X-Content-Type-Options": "nosniff",
        "x-ms-correlation-request-id": "216616e5-0fa4-4eeb-b34c-b7f02250ba36",
        "x-ms-ratelimit-remaining-resource": "Microsoft.Compute/VMScaleSetActions3Min;239,Microsoft.Compute/VMScaleSetActions30Min;1199,Microsoft.Compute/VmssQueuedVMOperations;0",
        "x-ms-ratelimit-remaining-subscription-writes": "1199",
        "x-ms-request-charge": "0",
        "x-ms-request-id": "2dffcaa9-6d9d-4fad-8736-3915a37f9ece",
        "x-ms-routing-request-id": "SOUTHEASTASIA:20211224T061105Z:216616e5-0fa4-4eeb-b34c-b7f02250ba36"
      },
      "ResponseBody": [
        "{\r\n",
        "  \u0022name\u0022: \u0022virtualmachinescaleset16842a5e_0\u0022,\r\n",
        "  \u0022id\u0022: \u0022/subscriptions/00000000-0000-0000-0000-000000000000/resourceGroups/rgname/providers/Microsoft.Compute/virtualMachineScaleSets/virtualmachinescaleset16842a5e/virtualMachines/0\u0022,\r\n",
        "  \u0022type\u0022: \u0022Microsoft.Compute/virtualMachineScaleSets/virtualMachines\u0022,\r\n",
        "  \u0022location\u0022: \u0022eastus\u0022,\r\n",
        "  \u0022instanceId\u0022: \u00220\u0022,\r\n",
        "  \u0022sku\u0022: {\r\n",
        "    \u0022name\u0022: \u0022Standard_D1_v2\u0022,\r\n",
        "    \u0022tier\u0022: \u0022Standard\u0022\r\n",
        "  },\r\n",
        "  \u0022properties\u0022: {\r\n",
        "    \u0022latestModelApplied\u0022: true,\r\n",
        "    \u0022modelDefinitionApplied\u0022: \u0022VirtualMachineScaleSet\u0022,\r\n",
        "    \u0022networkProfileConfiguration\u0022: {\u0022networkInterfaceConfigurations\u0022:[{\u0022name\u0022:\u0022testPC\u0022,\u0022properties\u0022:{\u0022primary\u0022:true,\u0022enableAcceleratedNetworking\u0022:false,\u0022dnsSettings\u0022:{\u0022dnsServers\u0022:[]},\u0022enableIPForwarding\u0022:false,\u0022ipConfigurations\u0022:[{\u0022name\u0022:\u0022testPC\u0022,\u0022properties\u0022:{\u0022subnet\u0022:{\u0022id\u0022:\u0022/subscriptions/00000000-0000-0000-0000-000000000000/resourceGroups/rgname/providers/Microsoft.Network/virtualNetworks/networknamex16842a5e/subnets/subnetnamex16842a5e\u0022},\u0022privateIPAddressVersion\u0022:\u0022IPv4\u0022}}]}}]},\r\n",
        "    \u0022vmId\u0022: \u00222074ada9-01d4-4cfa-953b-2558ce545c6f\u0022,\r\n",
        "    \u0022hardwareProfile\u0022: {},\r\n",
        "    \u0022storageProfile\u0022: {\r\n",
        "      \u0022imageReference\u0022: {\r\n",
        "        \u0022publisher\u0022: \u0022MicrosoftWindowsServer\u0022,\r\n",
        "        \u0022offer\u0022: \u0022WindowsServer\u0022,\r\n",
        "        \u0022sku\u0022: \u00222016-Datacenter\u0022,\r\n",
        "        \u0022version\u0022: \u0022latest\u0022,\r\n",
        "        \u0022exactVersion\u0022: \u002214393.4906.2112080838\u0022\r\n",
        "      },\r\n",
        "      \u0022osDisk\u0022: {\r\n",
        "        \u0022osType\u0022: \u0022Windows\u0022,\r\n",
        "        \u0022name\u0022: \u0022virtualmachinescalesvirtualmachinescaleseOS__1_9504fab36bee4256b74acb36ccd5f1c0\u0022,\r\n",
        "        \u0022createOption\u0022: \u0022FromImage\u0022,\r\n",
        "        \u0022caching\u0022: \u0022ReadWrite\u0022,\r\n",
        "        \u0022managedDisk\u0022: {\r\n",
        "          \u0022storageAccountType\u0022: \u0022Standard_LRS\u0022,\r\n",
        "          \u0022id\u0022: \u0022/subscriptions/00000000-0000-0000-0000-000000000000/resourceGroups/rgname/providers/Microsoft.Compute/disks/virtualmachinescalesvirtualmachinescaleseOS__1_9504fab36bee4256b74acb36ccd5f1c0\u0022\r\n",
        "        },\r\n",
        "        \u0022diskSizeGB\u0022: 512\r\n",
        "      },\r\n",
        "      \u0022dataDisks\u0022: []\r\n",
        "    },\r\n",
        "    \u0022osProfile\u0022: {\r\n",
        "      \u0022computerName\u0022: \u0022testPC000000\u0022,\r\n",
        "      \u0022adminUsername\u0022: \u0022testuser\u0022,\r\n",
        "      \u0022windowsConfiguration\u0022: {\r\n",
        "        \u0022provisionVMAgent\u0022: true,\r\n",
        "        \u0022enableAutomaticUpdates\u0022: true\r\n",
        "      },\r\n",
        "      \u0022secrets\u0022: [],\r\n",
        "      \u0022allowExtensionOperations\u0022: true,\r\n",
        "      \u0022requireGuestProvisionSignal\u0022: true\r\n",
        "    },\r\n",
        "    \u0022networkProfile\u0022: {\u0022networkInterfaces\u0022:[{\u0022id\u0022:\u0022/subscriptions/00000000-0000-0000-0000-000000000000/resourceGroups/rgname/providers/Microsoft.Compute/virtualMachineScaleSets/virtualmachinescaleset16842a5e/virtualMachines/0/networkInterfaces/testPC\u0022}]},\r\n",
        "    \u0022provisioningState\u0022: \u0022Updating\u0022\r\n",
        "  }\r\n",
        "}"
      ]
    },
    {
      "RequestUri": "https://management.azure.com/subscriptions/00000000-0000-0000-0000-000000000000/providers/Microsoft.Compute/locations/eastus/operations/2dffcaa9-6d9d-4fad-8736-3915a37f9ece?p=54253b73-cb53-496f-ab42-5e5ee19426f8\u0026api-version=2021-07-01",
      "RequestMethod": "GET",
      "RequestHeaders": {
        "Accept": "*/*",
        "Accept-Encoding": "gzip, deflate",
        "Authorization": "Sanitized",
        "Connection": "keep-alive",
        "User-Agent": "azsdk-python-azure-mgmt-compute/23.1.0 Python/3.8.8 (Windows-10-10.0.19041-SP0)",
        "x-ms-client-request-id": "461e6ad0-6480-11ec-ade5-70b5e82527ff"
      },
      "RequestBody": null,
      "StatusCode": 200,
      "ResponseHeaders": {
        "Cache-Control": "no-cache",
        "Content-Encoding": "gzip",
        "Content-Type": "application/json; charset=utf-8",
        "Date": "Fri, 24 Dec 2021 06:11:34 GMT",
        "Expires": "-1",
        "Pragma": "no-cache",
        "Server": [
          "Microsoft-HTTPAPI/2.0",
          "Microsoft-HTTPAPI/2.0"
        ],
        "Strict-Transport-Security": "max-age=31536000; includeSubDomains",
        "Transfer-Encoding": "chunked",
        "Vary": "Accept-Encoding",
        "X-Content-Type-Options": "nosniff",
        "x-ms-correlation-request-id": "b905edbc-2ee9-4cc3-8963-e1560d849961",
        "x-ms-ratelimit-remaining-resource": "Microsoft.Compute/GetOperation3Min;14999,Microsoft.Compute/GetOperation30Min;29935",
        "x-ms-ratelimit-remaining-subscription-reads": "11997",
        "x-ms-request-id": "4a82b75a-39e4-4c76-a5ff-805eff2d1cf7",
        "x-ms-routing-request-id": "SOUTHEASTASIA:20211224T061135Z:b905edbc-2ee9-4cc3-8963-e1560d849961"
      },
      "ResponseBody": [
        "{\r\n",
        "  \u0022startTime\u0022: \u00222021-12-24T06:11:04.2298976\u002B00:00\u0022,\r\n",
        "  \u0022endTime\u0022: \u00222021-12-24T06:11:04.32368\u002B00:00\u0022,\r\n",
        "  \u0022status\u0022: \u0022Succeeded\u0022,\r\n",
        "  \u0022name\u0022: \u00222dffcaa9-6d9d-4fad-8736-3915a37f9ece\u0022\r\n",
        "}"
      ]
    },
    {
      "RequestUri": "https://management.azure.com/subscriptions/00000000-0000-0000-0000-000000000000/resourceGroups/rgname/providers/Microsoft.Compute/virtualMachineScaleSets/virtualmachinescaleset16842a5e/virtualmachines/0?api-version=2021-07-01",
      "RequestMethod": "GET",
      "RequestHeaders": {
        "Accept": "*/*",
        "Accept-Encoding": "gzip, deflate",
        "Authorization": "Sanitized",
        "Connection": "keep-alive",
        "User-Agent": "azsdk-python-azure-mgmt-compute/23.1.0 Python/3.8.8 (Windows-10-10.0.19041-SP0)",
        "x-ms-client-request-id": "461e6ad0-6480-11ec-ade5-70b5e82527ff"
      },
      "RequestBody": null,
      "StatusCode": 200,
      "ResponseHeaders": {
        "Cache-Control": "no-cache",
        "Content-Encoding": "gzip",
        "Content-Type": "application/json; charset=utf-8",
        "Date": "Fri, 24 Dec 2021 06:11:35 GMT",
        "Expires": "-1",
        "Pragma": "no-cache",
        "Server": [
          "Microsoft-HTTPAPI/2.0",
          "Microsoft-HTTPAPI/2.0"
        ],
        "Strict-Transport-Security": "max-age=31536000; includeSubDomains",
        "Transfer-Encoding": "chunked",
        "Vary": "Accept-Encoding",
        "X-Content-Type-Options": "nosniff",
        "x-ms-correlation-request-id": "cda65168-ed98-4e37-b776-129e1aad539e",
        "x-ms-ratelimit-remaining-resource": "Microsoft.Compute/GetVMScaleSetVM3Min;997,Microsoft.Compute/GetVMScaleSetVM30Min;4997,Microsoft.Compute/VMScaleSetVMViews3Min;4997",
        "x-ms-ratelimit-remaining-subscription-reads": "11996",
        "x-ms-request-charge": "1",
        "x-ms-request-id": "6017f222-aa7a-44ef-ad81-7e0d3ae6e20d",
        "x-ms-routing-request-id": "SOUTHEASTASIA:20211224T061136Z:cda65168-ed98-4e37-b776-129e1aad539e"
      },
      "ResponseBody": [
        "{\r\n",
        "  \u0022name\u0022: \u0022virtualmachinescaleset16842a5e_0\u0022,\r\n",
        "  \u0022id\u0022: \u0022/subscriptions/00000000-0000-0000-0000-000000000000/resourceGroups/rgname/providers/Microsoft.Compute/virtualMachineScaleSets/virtualmachinescaleset16842a5e/virtualMachines/0\u0022,\r\n",
        "  \u0022type\u0022: \u0022Microsoft.Compute/virtualMachineScaleSets/virtualMachines\u0022,\r\n",
        "  \u0022location\u0022: \u0022eastus\u0022,\r\n",
        "  \u0022instanceId\u0022: \u00220\u0022,\r\n",
        "  \u0022sku\u0022: {\r\n",
        "    \u0022name\u0022: \u0022Standard_D1_v2\u0022,\r\n",
        "    \u0022tier\u0022: \u0022Standard\u0022\r\n",
        "  },\r\n",
        "  \u0022properties\u0022: {\r\n",
        "    \u0022latestModelApplied\u0022: true,\r\n",
        "    \u0022modelDefinitionApplied\u0022: \u0022VirtualMachineScaleSet\u0022,\r\n",
        "    \u0022networkProfileConfiguration\u0022: {\u0022networkInterfaceConfigurations\u0022:[{\u0022name\u0022:\u0022testPC\u0022,\u0022properties\u0022:{\u0022primary\u0022:true,\u0022enableAcceleratedNetworking\u0022:false,\u0022dnsSettings\u0022:{\u0022dnsServers\u0022:[]},\u0022enableIPForwarding\u0022:false,\u0022ipConfigurations\u0022:[{\u0022name\u0022:\u0022testPC\u0022,\u0022properties\u0022:{\u0022subnet\u0022:{\u0022id\u0022:\u0022/subscriptions/00000000-0000-0000-0000-000000000000/resourceGroups/rgname/providers/Microsoft.Network/virtualNetworks/networknamex16842a5e/subnets/subnetnamex16842a5e\u0022},\u0022privateIPAddressVersion\u0022:\u0022IPv4\u0022}}]}}]},\r\n",
        "    \u0022vmId\u0022: \u00222074ada9-01d4-4cfa-953b-2558ce545c6f\u0022,\r\n",
        "    \u0022hardwareProfile\u0022: {},\r\n",
        "    \u0022storageProfile\u0022: {\r\n",
        "      \u0022imageReference\u0022: {\r\n",
        "        \u0022publisher\u0022: \u0022MicrosoftWindowsServer\u0022,\r\n",
        "        \u0022offer\u0022: \u0022WindowsServer\u0022,\r\n",
        "        \u0022sku\u0022: \u00222016-Datacenter\u0022,\r\n",
        "        \u0022version\u0022: \u0022latest\u0022,\r\n",
        "        \u0022exactVersion\u0022: \u002214393.4906.2112080838\u0022\r\n",
        "      },\r\n",
        "      \u0022osDisk\u0022: {\r\n",
        "        \u0022osType\u0022: \u0022Windows\u0022,\r\n",
        "        \u0022name\u0022: \u0022virtualmachinescalesvirtualmachinescaleseOS__1_9504fab36bee4256b74acb36ccd5f1c0\u0022,\r\n",
        "        \u0022createOption\u0022: \u0022FromImage\u0022,\r\n",
        "        \u0022caching\u0022: \u0022ReadWrite\u0022,\r\n",
        "        \u0022managedDisk\u0022: {\r\n",
        "          \u0022storageAccountType\u0022: \u0022Standard_LRS\u0022,\r\n",
        "          \u0022id\u0022: \u0022/subscriptions/00000000-0000-0000-0000-000000000000/resourceGroups/rgname/providers/Microsoft.Compute/disks/virtualmachinescalesvirtualmachinescaleseOS__1_9504fab36bee4256b74acb36ccd5f1c0\u0022\r\n",
        "        },\r\n",
        "        \u0022diskSizeGB\u0022: 512\r\n",
        "      },\r\n",
        "      \u0022dataDisks\u0022: []\r\n",
        "    },\r\n",
        "    \u0022osProfile\u0022: {\r\n",
        "      \u0022computerName\u0022: \u0022testPC000000\u0022,\r\n",
        "      \u0022adminUsername\u0022: \u0022testuser\u0022,\r\n",
        "      \u0022windowsConfiguration\u0022: {\r\n",
        "        \u0022provisionVMAgent\u0022: true,\r\n",
        "        \u0022enableAutomaticUpdates\u0022: true\r\n",
        "      },\r\n",
        "      \u0022secrets\u0022: [],\r\n",
        "      \u0022allowExtensionOperations\u0022: true,\r\n",
        "      \u0022requireGuestProvisionSignal\u0022: true\r\n",
        "    },\r\n",
        "    \u0022networkProfile\u0022: {\u0022networkInterfaces\u0022:[{\u0022id\u0022:\u0022/subscriptions/00000000-0000-0000-0000-000000000000/resourceGroups/rgname/providers/Microsoft.Compute/virtualMachineScaleSets/virtualmachinescaleset16842a5e/virtualMachines/0/networkInterfaces/testPC\u0022}]},\r\n",
        "    \u0022provisioningState\u0022: \u0022Succeeded\u0022\r\n",
        "  }\r\n",
        "}"
      ]
    },
    {
      "RequestUri": "https://management.azure.com/subscriptions/00000000-0000-0000-0000-000000000000/resourceGroups/rgname/providers/Microsoft.Compute/virtualMachineScaleSets/virtualmachinescaleset16842a5e/virtualmachines/0/restart?api-version=2021-07-01",
      "RequestMethod": "POST",
      "RequestHeaders": {
        "Accept": "*/*",
        "Accept-Encoding": "gzip, deflate",
        "Authorization": "Sanitized",
        "Connection": "keep-alive",
        "Content-Length": "0",
        "User-Agent": "azsdk-python-azure-mgmt-compute/23.1.0 Python/3.8.8 (Windows-10-10.0.19041-SP0)",
        "x-ms-client-request-id": "59491f44-6480-11ec-adac-70b5e82527ff"
      },
      "RequestBody": null,
      "StatusCode": 202,
      "ResponseHeaders": {
        "Azure-AsyncOperation": "https://management.azure.com/subscriptions/00000000-0000-0000-0000-000000000000/providers/Microsoft.Compute/locations/eastus/operations/4d231a9b-20de-47ed-92ee-1db13c52e54b?p=54253b73-cb53-496f-ab42-5e5ee19426f8\u0026api-version=2021-07-01",
        "Cache-Control": "no-cache",
        "Content-Length": "0",
        "Date": "Fri, 24 Dec 2021 06:11:35 GMT",
        "Expires": "-1",
        "Location": "https://management.azure.com/subscriptions/00000000-0000-0000-0000-000000000000/providers/Microsoft.Compute/locations/eastus/operations/4d231a9b-20de-47ed-92ee-1db13c52e54b?p=54253b73-cb53-496f-ab42-5e5ee19426f8\u0026monitor=true\u0026api-version=2021-07-01",
        "Pragma": "no-cache",
        "Server": [
          "Microsoft-HTTPAPI/2.0",
          "Microsoft-HTTPAPI/2.0"
        ],
        "Strict-Transport-Security": "max-age=31536000; includeSubDomains",
        "X-Content-Type-Options": "nosniff",
        "x-ms-correlation-request-id": "119c3e66-a1cc-446d-9ba6-ae7653141d7e",
        "x-ms-ratelimit-remaining-resource": "Microsoft.Compute/VMScaleSetActions3Min;238,Microsoft.Compute/VMScaleSetActions30Min;1198,Microsoft.Compute/VMScaleSetVMActions3Min;199,Microsoft.Compute/VMScaleSetVMActions30Min;999,Microsoft.Compute/VMScaleSetBatchedVMRequests5Min;3728,Microsoft.Compute/VmssQueuedVMOperations;0",
        "x-ms-ratelimit-remaining-subscription-writes": "1199",
        "x-ms-request-charge": "1",
        "x-ms-request-id": "4d231a9b-20de-47ed-92ee-1db13c52e54b",
        "x-ms-routing-request-id": "SOUTHEASTASIA:20211224T061136Z:119c3e66-a1cc-446d-9ba6-ae7653141d7e"
      },
      "ResponseBody": null
    },
    {
      "RequestUri": "https://management.azure.com/subscriptions/00000000-0000-0000-0000-000000000000/providers/Microsoft.Compute/locations/eastus/operations/4d231a9b-20de-47ed-92ee-1db13c52e54b?p=54253b73-cb53-496f-ab42-5e5ee19426f8\u0026api-version=2021-07-01",
      "RequestMethod": "GET",
      "RequestHeaders": {
        "Accept": "*/*",
        "Accept-Encoding": "gzip, deflate",
        "Authorization": "Sanitized",
        "Connection": "keep-alive",
        "User-Agent": "azsdk-python-azure-mgmt-compute/23.1.0 Python/3.8.8 (Windows-10-10.0.19041-SP0)",
        "x-ms-client-request-id": "59491f44-6480-11ec-adac-70b5e82527ff"
      },
      "RequestBody": null,
      "StatusCode": 200,
      "ResponseHeaders": {
        "Cache-Control": "no-cache",
        "Content-Encoding": "gzip",
        "Content-Type": "application/json; charset=utf-8",
        "Date": "Fri, 24 Dec 2021 06:12:06 GMT",
        "Expires": "-1",
        "Pragma": "no-cache",
        "Server": [
          "Microsoft-HTTPAPI/2.0",
          "Microsoft-HTTPAPI/2.0"
        ],
        "Strict-Transport-Security": "max-age=31536000; includeSubDomains",
        "Transfer-Encoding": "chunked",
        "Vary": "Accept-Encoding",
        "X-Content-Type-Options": "nosniff",
        "x-ms-correlation-request-id": "163b587f-56d1-444b-a851-8e6323d2e167",
        "x-ms-ratelimit-remaining-resource": "Microsoft.Compute/GetOperation3Min;14997,Microsoft.Compute/GetOperation30Min;29933",
        "x-ms-ratelimit-remaining-subscription-reads": "11995",
        "x-ms-request-id": "9ff4bdca-392c-4f24-9f43-46f8a687446b",
        "x-ms-routing-request-id": "SOUTHEASTASIA:20211224T061206Z:163b587f-56d1-444b-a851-8e6323d2e167"
      },
      "ResponseBody": [
        "{\r\n",
        "  \u0022startTime\u0022: \u00222021-12-24T06:11:36.4492287\u002B00:00\u0022,\r\n",
        "  \u0022endTime\u0022: \u00222021-12-24T06:11:37.7617441\u002B00:00\u0022,\r\n",
        "  \u0022status\u0022: \u0022Succeeded\u0022,\r\n",
        "  \u0022name\u0022: \u00224d231a9b-20de-47ed-92ee-1db13c52e54b\u0022\r\n",
        "}"
      ]
    },
    {
      "RequestUri": "https://management.azure.com/subscriptions/00000000-0000-0000-0000-000000000000/providers/Microsoft.Compute/locations/eastus/operations/4d231a9b-20de-47ed-92ee-1db13c52e54b?p=54253b73-cb53-496f-ab42-5e5ee19426f8\u0026monitor=true\u0026api-version=2021-07-01",
      "RequestMethod": "GET",
      "RequestHeaders": {
        "Accept": "*/*",
        "Accept-Encoding": "gzip, deflate",
        "Authorization": "Sanitized",
        "Connection": "keep-alive",
        "User-Agent": "azsdk-python-azure-mgmt-compute/23.1.0 Python/3.8.8 (Windows-10-10.0.19041-SP0)",
        "x-ms-client-request-id": "59491f44-6480-11ec-adac-70b5e82527ff"
      },
      "RequestBody": null,
      "StatusCode": 200,
      "ResponseHeaders": {
        "Cache-Control": "no-cache",
        "Content-Length": "0",
        "Date": "Fri, 24 Dec 2021 06:12:07 GMT",
        "Expires": "-1",
        "Pragma": "no-cache",
        "Server": [
          "Microsoft-HTTPAPI/2.0",
          "Microsoft-HTTPAPI/2.0"
        ],
        "Strict-Transport-Security": "max-age=31536000; includeSubDomains",
        "X-Content-Type-Options": "nosniff",
        "x-ms-correlation-request-id": "bb41b895-998c-44b1-aa65-79fd5ee00135",
        "x-ms-ratelimit-remaining-resource": "Microsoft.Compute/GetOperation3Min;14996,Microsoft.Compute/GetOperation30Min;29932",
        "x-ms-ratelimit-remaining-subscription-reads": "11994",
        "x-ms-request-id": "a9f66cc8-748a-49d3-a357-63b66564f804",
        "x-ms-routing-request-id": "SOUTHEASTASIA:20211224T061207Z:bb41b895-998c-44b1-aa65-79fd5ee00135"
      },
      "ResponseBody": null
    },
    {
      "RequestUri": "https://management.azure.com/subscriptions/00000000-0000-0000-0000-000000000000/resourceGroups/rgname/providers/Microsoft.Compute/virtualMachineScaleSets/virtualmachinescaleset16842a5e/virtualmachines/0/poweroff?skipShutdown=false\u0026api-version=2021-07-01",
      "RequestMethod": "POST",
      "RequestHeaders": {
        "Accept": "*/*",
        "Accept-Encoding": "gzip, deflate",
        "Authorization": "Sanitized",
        "Connection": "keep-alive",
        "Content-Length": "0",
        "User-Agent": "azsdk-python-azure-mgmt-compute/23.1.0 Python/3.8.8 (Windows-10-10.0.19041-SP0)",
        "x-ms-client-request-id": "6bdb93ec-6480-11ec-9f7b-70b5e82527ff"
      },
      "RequestBody": null,
      "StatusCode": 202,
      "ResponseHeaders": {
        "Azure-AsyncOperation": "https://management.azure.com/subscriptions/00000000-0000-0000-0000-000000000000/providers/Microsoft.Compute/locations/eastus/operations/e09a0ed8-3e1c-4914-9472-62807052cd31?p=54253b73-cb53-496f-ab42-5e5ee19426f8\u0026api-version=2021-07-01",
        "Cache-Control": "no-cache",
        "Content-Length": "0",
        "Date": "Fri, 24 Dec 2021 06:12:07 GMT",
        "Expires": "-1",
        "Location": "https://management.azure.com/subscriptions/00000000-0000-0000-0000-000000000000/providers/Microsoft.Compute/locations/eastus/operations/e09a0ed8-3e1c-4914-9472-62807052cd31?p=54253b73-cb53-496f-ab42-5e5ee19426f8\u0026monitor=true\u0026api-version=2021-07-01",
        "Pragma": "no-cache",
        "Server": [
          "Microsoft-HTTPAPI/2.0",
          "Microsoft-HTTPAPI/2.0"
        ],
        "Strict-Transport-Security": "max-age=31536000; includeSubDomains",
        "X-Content-Type-Options": "nosniff",
        "x-ms-correlation-request-id": "e4687318-2af7-49fa-a17c-7d94f8e40de9",
        "x-ms-ratelimit-remaining-resource": "Microsoft.Compute/DeleteVMScaleSetVM3Min;239,Microsoft.Compute/DeleteVMScaleSetVM30Min;1199,Microsoft.Compute/VMScaleSetBatchedVMRequests5Min;3727,Microsoft.Compute/VmssQueuedVMOperations;0",
        "x-ms-ratelimit-remaining-subscription-writes": "1198",
        "x-ms-request-charge": "1",
        "x-ms-request-id": "e09a0ed8-3e1c-4914-9472-62807052cd31",
        "x-ms-routing-request-id": "SOUTHEASTASIA:20211224T061207Z:e4687318-2af7-49fa-a17c-7d94f8e40de9"
      },
      "ResponseBody": null
    },
    {
      "RequestUri": "https://management.azure.com/subscriptions/00000000-0000-0000-0000-000000000000/providers/Microsoft.Compute/locations/eastus/operations/e09a0ed8-3e1c-4914-9472-62807052cd31?p=54253b73-cb53-496f-ab42-5e5ee19426f8\u0026api-version=2021-07-01",
      "RequestMethod": "GET",
      "RequestHeaders": {
        "Accept": "*/*",
        "Accept-Encoding": "gzip, deflate",
        "Authorization": "Sanitized",
        "Connection": "keep-alive",
        "User-Agent": "azsdk-python-azure-mgmt-compute/23.1.0 Python/3.8.8 (Windows-10-10.0.19041-SP0)",
        "x-ms-client-request-id": "6bdb93ec-6480-11ec-9f7b-70b5e82527ff"
      },
      "RequestBody": null,
      "StatusCode": 200,
      "ResponseHeaders": {
        "Cache-Control": "no-cache",
        "Content-Encoding": "gzip",
        "Content-Type": "application/json; charset=utf-8",
        "Date": "Fri, 24 Dec 2021 06:12:37 GMT",
        "Expires": "-1",
        "Pragma": "no-cache",
        "Server": [
          "Microsoft-HTTPAPI/2.0",
          "Microsoft-HTTPAPI/2.0"
        ],
        "Strict-Transport-Security": "max-age=31536000; includeSubDomains",
        "Transfer-Encoding": "chunked",
        "Vary": "Accept-Encoding",
        "X-Content-Type-Options": "nosniff",
        "x-ms-correlation-request-id": "ab8ca00f-a17c-440c-a402-394853c034f4",
        "x-ms-ratelimit-remaining-resource": "Microsoft.Compute/GetOperation3Min;14994,Microsoft.Compute/GetOperation30Min;29930",
        "x-ms-ratelimit-remaining-subscription-reads": "11993",
        "x-ms-request-id": "6927546a-0cfd-4d59-9a37-5b30fa40b88f",
        "x-ms-routing-request-id": "SOUTHEASTASIA:20211224T061238Z:ab8ca00f-a17c-440c-a402-394853c034f4"
      },
      "ResponseBody": [
        "{\r\n",
        "  \u0022startTime\u0022: \u00222021-12-24T06:12:07.5434313\u002B00:00\u0022,\r\n",
        "  \u0022endTime\u0022: \u00222021-12-24T06:12:26.4175211\u002B00:00\u0022,\r\n",
        "  \u0022status\u0022: \u0022Succeeded\u0022,\r\n",
        "  \u0022name\u0022: \u0022e09a0ed8-3e1c-4914-9472-62807052cd31\u0022\r\n",
        "}"
      ]
    },
    {
      "RequestUri": "https://management.azure.com/subscriptions/00000000-0000-0000-0000-000000000000/providers/Microsoft.Compute/locations/eastus/operations/e09a0ed8-3e1c-4914-9472-62807052cd31?p=54253b73-cb53-496f-ab42-5e5ee19426f8\u0026monitor=true\u0026api-version=2021-07-01",
      "RequestMethod": "GET",
      "RequestHeaders": {
        "Accept": "*/*",
        "Accept-Encoding": "gzip, deflate",
        "Authorization": "Sanitized",
        "Connection": "keep-alive",
        "User-Agent": "azsdk-python-azure-mgmt-compute/23.1.0 Python/3.8.8 (Windows-10-10.0.19041-SP0)",
        "x-ms-client-request-id": "6bdb93ec-6480-11ec-9f7b-70b5e82527ff"
      },
      "RequestBody": null,
      "StatusCode": 200,
      "ResponseHeaders": {
        "Cache-Control": "no-cache",
        "Content-Length": "0",
        "Date": "Fri, 24 Dec 2021 06:12:37 GMT",
        "Expires": "-1",
        "Pragma": "no-cache",
        "Server": [
          "Microsoft-HTTPAPI/2.0",
          "Microsoft-HTTPAPI/2.0"
        ],
        "Strict-Transport-Security": "max-age=31536000; includeSubDomains",
        "X-Content-Type-Options": "nosniff",
        "x-ms-correlation-request-id": "8df4610a-aa6f-46ea-ad8a-f5933ea649e1",
        "x-ms-ratelimit-remaining-resource": "Microsoft.Compute/GetOperation3Min;14993,Microsoft.Compute/GetOperation30Min;29929",
        "x-ms-ratelimit-remaining-subscription-reads": "11992",
        "x-ms-request-id": "dcb5d0fb-c2ac-498f-9347-96ac98773ebb",
        "x-ms-routing-request-id": "SOUTHEASTASIA:20211224T061238Z:8df4610a-aa6f-46ea-ad8a-f5933ea649e1"
      },
      "ResponseBody": null
    },
    {
      "RequestUri": "https://management.azure.com/subscriptions/00000000-0000-0000-0000-000000000000/resourceGroups/rgname/providers/Microsoft.Compute/virtualMachineScaleSets/virtualmachinescaleset16842a5e/virtualmachines/0/start?api-version=2021-07-01",
      "RequestMethod": "POST",
      "RequestHeaders": {
        "Accept": "*/*",
        "Accept-Encoding": "gzip, deflate",
        "Authorization": "Sanitized",
        "Connection": "keep-alive",
        "Content-Length": "0",
        "User-Agent": "azsdk-python-azure-mgmt-compute/23.1.0 Python/3.8.8 (Windows-10-10.0.19041-SP0)",
        "x-ms-client-request-id": "7e66338d-6480-11ec-9065-70b5e82527ff"
      },
      "RequestBody": null,
      "StatusCode": 202,
      "ResponseHeaders": {
        "Azure-AsyncOperation": "https://management.azure.com/subscriptions/00000000-0000-0000-0000-000000000000/providers/Microsoft.Compute/locations/eastus/operations/0c8c7baa-5a6e-431d-ad8e-0f9302bba8ea?p=54253b73-cb53-496f-ab42-5e5ee19426f8\u0026api-version=2021-07-01",
        "Cache-Control": "no-cache",
        "Content-Length": "0",
        "Date": "Fri, 24 Dec 2021 06:12:38 GMT",
        "Expires": "-1",
        "Location": "https://management.azure.com/subscriptions/00000000-0000-0000-0000-000000000000/providers/Microsoft.Compute/locations/eastus/operations/0c8c7baa-5a6e-431d-ad8e-0f9302bba8ea?p=54253b73-cb53-496f-ab42-5e5ee19426f8\u0026monitor=true\u0026api-version=2021-07-01",
        "Pragma": "no-cache",
        "Server": [
          "Microsoft-HTTPAPI/2.0",
          "Microsoft-HTTPAPI/2.0"
        ],
        "Strict-Transport-Security": "max-age=31536000; includeSubDomains",
        "X-Content-Type-Options": "nosniff",
        "x-ms-correlation-request-id": "3bc3c18d-39ad-4d9b-90a7-87965a0a28dd",
        "x-ms-ratelimit-remaining-resource": "Microsoft.Compute/VMScaleSetActions3Min;237,Microsoft.Compute/VMScaleSetActions30Min;1197,Microsoft.Compute/VMScaleSetVMActions3Min;198,Microsoft.Compute/VMScaleSetVMActions30Min;998,Microsoft.Compute/VMScaleSetBatchedVMRequests5Min;3726,Microsoft.Compute/VmssQueuedVMOperations;0",
        "x-ms-ratelimit-remaining-subscription-writes": "1197",
        "x-ms-request-charge": "1",
        "x-ms-request-id": "0c8c7baa-5a6e-431d-ad8e-0f9302bba8ea",
        "x-ms-routing-request-id": "SOUTHEASTASIA:20211224T061238Z:3bc3c18d-39ad-4d9b-90a7-87965a0a28dd"
      },
      "ResponseBody": null
    },
    {
      "RequestUri": "https://management.azure.com/subscriptions/00000000-0000-0000-0000-000000000000/providers/Microsoft.Compute/locations/eastus/operations/0c8c7baa-5a6e-431d-ad8e-0f9302bba8ea?p=54253b73-cb53-496f-ab42-5e5ee19426f8\u0026api-version=2021-07-01",
      "RequestMethod": "GET",
      "RequestHeaders": {
        "Accept": "*/*",
        "Accept-Encoding": "gzip, deflate",
        "Authorization": "Sanitized",
        "Connection": "keep-alive",
        "User-Agent": "azsdk-python-azure-mgmt-compute/23.1.0 Python/3.8.8 (Windows-10-10.0.19041-SP0)",
        "x-ms-client-request-id": "7e66338d-6480-11ec-9065-70b5e82527ff"
      },
      "RequestBody": null,
      "StatusCode": 200,
      "ResponseHeaders": {
        "Cache-Control": "no-cache",
        "Content-Encoding": "gzip",
        "Content-Type": "application/json; charset=utf-8",
        "Date": "Fri, 24 Dec 2021 06:13:08 GMT",
        "Expires": "-1",
        "Pragma": "no-cache",
        "Server": [
          "Microsoft-HTTPAPI/2.0",
          "Microsoft-HTTPAPI/2.0"
        ],
        "Strict-Transport-Security": "max-age=31536000; includeSubDomains",
        "Transfer-Encoding": "chunked",
        "Vary": "Accept-Encoding",
        "X-Content-Type-Options": "nosniff",
        "x-ms-correlation-request-id": "4de8a452-13d9-4513-9e70-063df9a08718",
        "x-ms-ratelimit-remaining-resource": "Microsoft.Compute/GetOperation3Min;14990,Microsoft.Compute/GetOperation30Min;29926",
        "x-ms-ratelimit-remaining-subscription-reads": "11991",
        "x-ms-request-id": "9f818205-6265-470b-b75c-4b385376fd4c",
        "x-ms-routing-request-id": "SOUTHEASTASIA:20211224T061309Z:4de8a452-13d9-4513-9e70-063df9a08718"
      },
      "ResponseBody": [
        "{\r\n",
        "  \u0022startTime\u0022: \u00222021-12-24T06:12:38.6671124\u002B00:00\u0022,\r\n",
        "  \u0022endTime\u0022: \u00222021-12-24T06:12:41.5111491\u002B00:00\u0022,\r\n",
        "  \u0022status\u0022: \u0022Succeeded\u0022,\r\n",
        "  \u0022name\u0022: \u00220c8c7baa-5a6e-431d-ad8e-0f9302bba8ea\u0022\r\n",
        "}"
      ]
    },
    {
      "RequestUri": "https://management.azure.com/subscriptions/00000000-0000-0000-0000-000000000000/providers/Microsoft.Compute/locations/eastus/operations/0c8c7baa-5a6e-431d-ad8e-0f9302bba8ea?p=54253b73-cb53-496f-ab42-5e5ee19426f8\u0026monitor=true\u0026api-version=2021-07-01",
      "RequestMethod": "GET",
      "RequestHeaders": {
        "Accept": "*/*",
        "Accept-Encoding": "gzip, deflate",
        "Authorization": "Sanitized",
        "Connection": "keep-alive",
        "User-Agent": "azsdk-python-azure-mgmt-compute/23.1.0 Python/3.8.8 (Windows-10-10.0.19041-SP0)",
        "x-ms-client-request-id": "7e66338d-6480-11ec-9065-70b5e82527ff"
      },
      "RequestBody": null,
      "StatusCode": 200,
      "ResponseHeaders": {
        "Cache-Control": "no-cache",
        "Content-Length": "0",
        "Date": "Fri, 24 Dec 2021 06:13:08 GMT",
        "Expires": "-1",
        "Pragma": "no-cache",
        "Server": [
          "Microsoft-HTTPAPI/2.0",
          "Microsoft-HTTPAPI/2.0"
        ],
        "Strict-Transport-Security": "max-age=31536000; includeSubDomains",
        "X-Content-Type-Options": "nosniff",
        "x-ms-correlation-request-id": "4b54397c-3ab0-450a-84f4-24f999822e8d",
        "x-ms-ratelimit-remaining-resource": "Microsoft.Compute/GetOperation3Min;14989,Microsoft.Compute/GetOperation30Min;29925",
        "x-ms-ratelimit-remaining-subscription-reads": "11990",
        "x-ms-request-id": "d4539c4f-6c1c-40dd-9b56-4ed6c26673c1",
        "x-ms-routing-request-id": "SOUTHEASTASIA:20211224T061309Z:4b54397c-3ab0-450a-84f4-24f999822e8d"
      },
      "ResponseBody": null
    },
    {
      "RequestUri": "https://management.azure.com/subscriptions/00000000-0000-0000-0000-000000000000/resourceGroups/rgname/providers/Microsoft.Compute/virtualMachineScaleSets/virtualmachinescaleset16842a5e/virtualmachines/0/runCommand?api-version=2021-07-01",
      "RequestMethod": "POST",
      "RequestHeaders": {
        "Accept": "application/json, text/json",
        "Accept-Encoding": "gzip, deflate",
        "Authorization": "Sanitized",
        "Connection": "keep-alive",
        "Content-Length": "36",
        "Content-Type": "application/json",
        "User-Agent": "azsdk-python-azure-mgmt-compute/23.1.0 Python/3.8.8 (Windows-10-10.0.19041-SP0)",
        "x-ms-client-request-id": "90ec56e3-6480-11ec-a8f6-70b5e82527ff"
      },
      "RequestBody": "{\u0022commandId\u0022: \u0022RunPowerShellScript\u0022}",
      "StatusCode": 202,
      "ResponseHeaders": {
        "Azure-AsyncOperation": "https://management.azure.com/subscriptions/00000000-0000-0000-0000-000000000000/providers/Microsoft.Compute/locations/eastus/operations/1ffc5927-3399-4ba0-8fb2-ad2b58082de4?p=54253b73-cb53-496f-ab42-5e5ee19426f8\u0026api-version=2021-07-01",
        "Cache-Control": "no-cache",
        "Content-Length": "0",
        "Date": "Fri, 24 Dec 2021 06:13:09 GMT",
        "Expires": "-1",
        "Location": "https://management.azure.com/subscriptions/00000000-0000-0000-0000-000000000000/providers/Microsoft.Compute/locations/eastus/operations/1ffc5927-3399-4ba0-8fb2-ad2b58082de4?p=54253b73-cb53-496f-ab42-5e5ee19426f8\u0026monitor=true\u0026api-version=2021-07-01",
        "Pragma": "no-cache",
        "Server": [
          "Microsoft-HTTPAPI/2.0",
          "Microsoft-HTTPAPI/2.0"
        ],
        "Strict-Transport-Security": "max-age=31536000; includeSubDomains",
        "X-Content-Type-Options": "nosniff",
        "x-ms-correlation-request-id": "7d8e4528-9e04-49fe-8998-54c2593cce8f",
        "x-ms-ratelimit-remaining-resource": "Microsoft.Compute/VMScaleSetActions3Min;236,Microsoft.Compute/VMScaleSetActions30Min;1196,Microsoft.Compute/VMScaleSetBatchedVMRequests5Min;3725,Microsoft.Compute/VmssQueuedVMOperations;0",
        "x-ms-ratelimit-remaining-subscription-writes": "1196",
        "x-ms-request-charge": "1",
        "x-ms-request-id": "1ffc5927-3399-4ba0-8fb2-ad2b58082de4",
        "x-ms-routing-request-id": "SOUTHEASTASIA:20211224T061309Z:7d8e4528-9e04-49fe-8998-54c2593cce8f"
      },
      "ResponseBody": null
    },
    {
      "RequestUri": "https://management.azure.com/subscriptions/00000000-0000-0000-0000-000000000000/providers/Microsoft.Compute/locations/eastus/operations/1ffc5927-3399-4ba0-8fb2-ad2b58082de4?p=54253b73-cb53-496f-ab42-5e5ee19426f8\u0026api-version=2021-07-01",
      "RequestMethod": "GET",
      "RequestHeaders": {
        "Accept": "*/*",
        "Accept-Encoding": "gzip, deflate",
        "Authorization": "Sanitized",
        "Connection": "keep-alive",
        "User-Agent": "azsdk-python-azure-mgmt-compute/23.1.0 Python/3.8.8 (Windows-10-10.0.19041-SP0)",
        "x-ms-client-request-id": "90ec56e3-6480-11ec-a8f6-70b5e82527ff"
      },
      "RequestBody": null,
      "StatusCode": 200,
      "ResponseHeaders": {
        "Cache-Control": "no-cache",
        "Content-Encoding": "gzip",
        "Content-Type": "application/json; charset=utf-8",
        "Date": "Fri, 24 Dec 2021 06:13:39 GMT",
        "Expires": "-1",
        "Pragma": "no-cache",
        "Server": [
          "Microsoft-HTTPAPI/2.0",
          "Microsoft-HTTPAPI/2.0"
        ],
        "Strict-Transport-Security": "max-age=31536000; includeSubDomains",
        "Transfer-Encoding": "chunked",
        "Vary": "Accept-Encoding",
        "X-Content-Type-Options": "nosniff",
        "x-ms-correlation-request-id": "e9b4a702-5586-45b7-8b1e-1df8d4fff2eb",
        "x-ms-ratelimit-remaining-resource": "Microsoft.Compute/GetOperation3Min;14987,Microsoft.Compute/GetOperation30Min;29923",
        "x-ms-ratelimit-remaining-subscription-reads": "11989",
        "x-ms-request-id": "75673015-72e2-4047-8b8c-bb21752530e0",
        "x-ms-routing-request-id": "SOUTHEASTASIA:20211224T061340Z:e9b4a702-5586-45b7-8b1e-1df8d4fff2eb"
      },
      "ResponseBody": [
        "{\r\n",
        "  \u0022startTime\u0022: \u00222021-12-24T06:13:09.7471618\u002B00:00\u0022,\r\n",
        "  \u0022status\u0022: \u0022InProgress\u0022,\r\n",
        "  \u0022name\u0022: \u00221ffc5927-3399-4ba0-8fb2-ad2b58082de4\u0022\r\n",
        "}"
      ]
    },
    {
      "RequestUri": "https://management.azure.com/subscriptions/00000000-0000-0000-0000-000000000000/providers/Microsoft.Compute/locations/eastus/operations/1ffc5927-3399-4ba0-8fb2-ad2b58082de4?p=54253b73-cb53-496f-ab42-5e5ee19426f8\u0026api-version=2021-07-01",
      "RequestMethod": "GET",
      "RequestHeaders": {
        "Accept": "*/*",
        "Accept-Encoding": "gzip, deflate",
        "Authorization": "Sanitized",
        "Connection": "keep-alive",
        "User-Agent": "azsdk-python-azure-mgmt-compute/23.1.0 Python/3.8.8 (Windows-10-10.0.19041-SP0)",
        "x-ms-client-request-id": "90ec56e3-6480-11ec-a8f6-70b5e82527ff"
      },
      "RequestBody": null,
      "StatusCode": 200,
      "ResponseHeaders": {
        "Cache-Control": "no-cache",
        "Content-Encoding": "gzip",
        "Content-Type": "application/json; charset=utf-8",
        "Date": "Fri, 24 Dec 2021 06:14:10 GMT",
        "Expires": "-1",
        "Pragma": "no-cache",
        "Server": [
          "Microsoft-HTTPAPI/2.0",
          "Microsoft-HTTPAPI/2.0"
        ],
        "Strict-Transport-Security": "max-age=31536000; includeSubDomains",
        "Transfer-Encoding": "chunked",
        "Vary": "Accept-Encoding",
        "X-Content-Type-Options": "nosniff",
        "x-ms-correlation-request-id": "7d7fe30f-e11d-4456-896d-453430112108",
        "x-ms-ratelimit-remaining-resource": "Microsoft.Compute/GetOperation3Min;14984,Microsoft.Compute/GetOperation30Min;29920",
        "x-ms-ratelimit-remaining-subscription-reads": "11988",
        "x-ms-request-id": "5d899db8-349b-49dc-b389-e4cbbd5a90aa",
        "x-ms-routing-request-id": "SOUTHEASTASIA:20211224T061410Z:7d7fe30f-e11d-4456-896d-453430112108"
      },
      "ResponseBody": [
        "{\r\n",
        "  \u0022startTime\u0022: \u00222021-12-24T06:13:09.7471618\u002B00:00\u0022,\r\n",
        "  \u0022status\u0022: \u0022InProgress\u0022,\r\n",
        "  \u0022name\u0022: \u00221ffc5927-3399-4ba0-8fb2-ad2b58082de4\u0022\r\n",
        "}"
      ]
    },
    {
      "RequestUri": "https://management.azure.com/subscriptions/00000000-0000-0000-0000-000000000000/providers/Microsoft.Compute/locations/eastus/operations/1ffc5927-3399-4ba0-8fb2-ad2b58082de4?p=54253b73-cb53-496f-ab42-5e5ee19426f8\u0026api-version=2021-07-01",
      "RequestMethod": "GET",
      "RequestHeaders": {
        "Accept": "*/*",
        "Accept-Encoding": "gzip, deflate",
        "Authorization": "Sanitized",
        "Connection": "keep-alive",
        "User-Agent": "azsdk-python-azure-mgmt-compute/23.1.0 Python/3.8.8 (Windows-10-10.0.19041-SP0)",
        "x-ms-client-request-id": "90ec56e3-6480-11ec-a8f6-70b5e82527ff"
      },
      "RequestBody": null,
      "StatusCode": 200,
      "ResponseHeaders": {
        "Cache-Control": "no-cache",
        "Content-Encoding": "gzip",
        "Content-Type": "application/json; charset=utf-8",
        "Date": "Fri, 24 Dec 2021 06:14:40 GMT",
        "Expires": "-1",
        "Pragma": "no-cache",
        "Server": [
          "Microsoft-HTTPAPI/2.0",
          "Microsoft-HTTPAPI/2.0"
        ],
        "Strict-Transport-Security": "max-age=31536000; includeSubDomains",
        "Transfer-Encoding": "chunked",
        "Vary": "Accept-Encoding",
        "X-Content-Type-Options": "nosniff",
        "x-ms-correlation-request-id": "d340357e-b33d-4376-afad-d61239f77fe8",
        "x-ms-ratelimit-remaining-resource": "Microsoft.Compute/GetOperation3Min;14983,Microsoft.Compute/GetOperation30Min;29917",
        "x-ms-ratelimit-remaining-subscription-reads": "11987",
        "x-ms-request-id": "c3b8a8b0-3079-456b-a9c7-f994282e3579",
        "x-ms-routing-request-id": "SOUTHEASTASIA:20211224T061441Z:d340357e-b33d-4376-afad-d61239f77fe8"
      },
      "ResponseBody": [
        "{\r\n",
        "  \u0022startTime\u0022: \u00222021-12-24T06:13:09.7471618\u002B00:00\u0022,\r\n",
        "  \u0022status\u0022: \u0022InProgress\u0022,\r\n",
        "  \u0022name\u0022: \u00221ffc5927-3399-4ba0-8fb2-ad2b58082de4\u0022\r\n",
        "}"
      ]
    },
    {
      "RequestUri": "https://management.azure.com/subscriptions/00000000-0000-0000-0000-000000000000/providers/Microsoft.Compute/locations/eastus/operations/1ffc5927-3399-4ba0-8fb2-ad2b58082de4?p=54253b73-cb53-496f-ab42-5e5ee19426f8\u0026api-version=2021-07-01",
      "RequestMethod": "GET",
      "RequestHeaders": {
        "Accept": "*/*",
        "Accept-Encoding": "gzip, deflate",
        "Authorization": "Sanitized",
        "Connection": "keep-alive",
        "User-Agent": "azsdk-python-azure-mgmt-compute/23.1.0 Python/3.8.8 (Windows-10-10.0.19041-SP0)",
        "x-ms-client-request-id": "90ec56e3-6480-11ec-a8f6-70b5e82527ff"
      },
      "RequestBody": null,
      "StatusCode": 200,
      "ResponseHeaders": {
        "Cache-Control": "no-cache",
        "Content-Encoding": "gzip",
        "Content-Type": "application/json; charset=utf-8",
        "Date": "Fri, 24 Dec 2021 06:15:10 GMT",
        "Expires": "-1",
        "Pragma": "no-cache",
        "Server": [
          "Microsoft-HTTPAPI/2.0",
          "Microsoft-HTTPAPI/2.0"
        ],
        "Strict-Transport-Security": "max-age=31536000; includeSubDomains",
        "Transfer-Encoding": "chunked",
        "Vary": "Accept-Encoding",
        "X-Content-Type-Options": "nosniff",
        "x-ms-correlation-request-id": "4ae52479-e411-494c-99fc-604ee0390cd8",
        "x-ms-ratelimit-remaining-resource": "Microsoft.Compute/GetOperation3Min;14984,Microsoft.Compute/GetOperation30Min;29915",
        "x-ms-ratelimit-remaining-subscription-reads": "11986",
        "x-ms-request-id": "fa6215ab-87a7-45de-be85-64c020008268",
        "x-ms-routing-request-id": "SOUTHEASTASIA:20211224T061511Z:4ae52479-e411-494c-99fc-604ee0390cd8"
      },
      "ResponseBody": [
        "{\r\n",
        "  \u0022startTime\u0022: \u00222021-12-24T06:13:09.7471618\u002B00:00\u0022,\r\n",
        "  \u0022endTime\u0022: \u00222021-12-24T06:14:50.6236103\u002B00:00\u0022,\r\n",
        "  \u0022status\u0022: \u0022Succeeded\u0022,\r\n",
        "  \u0022properties\u0022: {\r\n",
        "    \u0022output\u0022: {\u0022value\u0022:[{\u0022code\u0022:\u0022ComponentStatus/StdOut/succeeded\u0022,\u0022level\u0022:\u0022Info\u0022,\u0022displayStatus\u0022:\u0022Provisioning succeeded\u0022,\u0022message\u0022:\u0022This is a sample script with parameters  \u0022},{\u0022code\u0022:\u0022ComponentStatus/StdErr/succeeded\u0022,\u0022level\u0022:\u0022Info\u0022,\u0022displayStatus\u0022:\u0022Provisioning succeeded\u0022,\u0022message\u0022:\u0022\u0022}]}\r\n",
        "  },\r\n",
        "  \u0022name\u0022: \u00221ffc5927-3399-4ba0-8fb2-ad2b58082de4\u0022\r\n",
        "}"
      ]
    },
    {
      "RequestUri": "https://management.azure.com/subscriptions/00000000-0000-0000-0000-000000000000/providers/Microsoft.Compute/locations/eastus/operations/1ffc5927-3399-4ba0-8fb2-ad2b58082de4?p=54253b73-cb53-496f-ab42-5e5ee19426f8\u0026monitor=true\u0026api-version=2021-07-01",
      "RequestMethod": "GET",
      "RequestHeaders": {
        "Accept": "*/*",
        "Accept-Encoding": "gzip, deflate",
        "Authorization": "Sanitized",
        "Connection": "keep-alive",
        "User-Agent": "azsdk-python-azure-mgmt-compute/23.1.0 Python/3.8.8 (Windows-10-10.0.19041-SP0)",
        "x-ms-client-request-id": "90ec56e3-6480-11ec-a8f6-70b5e82527ff"
      },
      "RequestBody": null,
      "StatusCode": 200,
      "ResponseHeaders": {
        "Cache-Control": "no-cache",
        "Content-Encoding": "gzip",
        "Content-Type": "application/json; charset=utf-8",
        "Date": "Fri, 24 Dec 2021 06:15:11 GMT",
        "Expires": "-1",
        "Pragma": "no-cache",
        "Server": [
          "Microsoft-HTTPAPI/2.0",
          "Microsoft-HTTPAPI/2.0"
        ],
        "Strict-Transport-Security": "max-age=31536000; includeSubDomains",
        "Transfer-Encoding": "chunked",
        "Vary": "Accept-Encoding",
        "X-Content-Type-Options": "nosniff",
        "x-ms-correlation-request-id": "241b6151-8d11-4cc6-8ad3-d52a8524b544",
        "x-ms-ratelimit-remaining-resource": "Microsoft.Compute/GetOperation3Min;14983,Microsoft.Compute/GetOperation30Min;29914",
        "x-ms-ratelimit-remaining-subscription-reads": "11985",
        "x-ms-request-id": "d92cc0fa-eec7-4a8c-a80e-dcaa5053c82b",
        "x-ms-routing-request-id": "SOUTHEASTASIA:20211224T061511Z:241b6151-8d11-4cc6-8ad3-d52a8524b544"
      },
      "ResponseBody": {
        "value": [
          {
            "code": "ComponentStatus/StdOut/succeeded",
            "level": "Info",
            "displayStatus": "Provisioning succeeded",
            "message": "This is a sample script with parameters  "
          },
          {
            "code": "ComponentStatus/StdErr/succeeded",
            "level": "Info",
            "displayStatus": "Provisioning succeeded",
            "message": ""
          }
        ]
      }
    },
    {
      "RequestUri": "https://management.azure.com/subscriptions/00000000-0000-0000-0000-000000000000/resourceGroups/rgname/providers/Microsoft.Compute/virtualMachineScaleSets/virtualmachinescaleset16842a5e/manualupgrade?api-version=2021-07-01",
      "RequestMethod": "POST",
      "RequestHeaders": {
        "Accept": "*/*",
        "Accept-Encoding": "gzip, deflate",
        "Authorization": "Sanitized",
        "Connection": "keep-alive",
        "Content-Length": "22",
        "Content-Type": "application/json",
        "User-Agent": "azsdk-python-azure-mgmt-compute/23.1.0 Python/3.8.8 (Windows-10-10.0.19041-SP0)",
        "x-ms-client-request-id": "d9cd58b0-6480-11ec-9e3b-70b5e82527ff"
      },
      "RequestBody": "{\u0022instanceIds\u0022: [\u00220\u0022]}",
      "StatusCode": 202,
      "ResponseHeaders": {
        "Azure-AsyncOperation": "https://management.azure.com/subscriptions/00000000-0000-0000-0000-000000000000/providers/Microsoft.Compute/locations/eastus/operations/5cb6603a-4d70-422e-b676-f512db36de59?p=54253b73-cb53-496f-ab42-5e5ee19426f8\u0026api-version=2021-07-01",
        "Cache-Control": "no-cache",
        "Content-Length": "0",
        "Date": "Fri, 24 Dec 2021 06:15:12 GMT",
        "Expires": "-1",
        "Location": "https://management.azure.com/subscriptions/00000000-0000-0000-0000-000000000000/providers/Microsoft.Compute/locations/eastus/operations/5cb6603a-4d70-422e-b676-f512db36de59?p=54253b73-cb53-496f-ab42-5e5ee19426f8\u0026monitor=true\u0026api-version=2021-07-01",
        "Pragma": "no-cache",
        "Server": [
          "Microsoft-HTTPAPI/2.0",
          "Microsoft-HTTPAPI/2.0"
        ],
        "Strict-Transport-Security": "max-age=31536000; includeSubDomains",
        "X-Content-Type-Options": "nosniff",
        "x-ms-correlation-request-id": "20bdfabf-0837-4a2d-80c0-1cd595da2146",
        "x-ms-ratelimit-remaining-resource": "Microsoft.Compute/VMScaleSetActions3Min;237,Microsoft.Compute/VMScaleSetActions30Min;1195,Microsoft.Compute/VmssQueuedVMOperations;0",
        "x-ms-ratelimit-remaining-subscription-writes": "1195",
        "x-ms-request-charge": "0",
        "x-ms-request-id": "5cb6603a-4d70-422e-b676-f512db36de59",
        "x-ms-routing-request-id": "SOUTHEASTASIA:20211224T061512Z:20bdfabf-0837-4a2d-80c0-1cd595da2146"
      },
      "ResponseBody": null
    },
    {
      "RequestUri": "https://management.azure.com/subscriptions/00000000-0000-0000-0000-000000000000/providers/Microsoft.Compute/locations/eastus/operations/5cb6603a-4d70-422e-b676-f512db36de59?p=54253b73-cb53-496f-ab42-5e5ee19426f8\u0026api-version=2021-07-01",
      "RequestMethod": "GET",
      "RequestHeaders": {
        "Accept": "*/*",
        "Accept-Encoding": "gzip, deflate",
        "Authorization": "Sanitized",
        "Connection": "keep-alive",
        "User-Agent": "azsdk-python-azure-mgmt-compute/23.1.0 Python/3.8.8 (Windows-10-10.0.19041-SP0)",
        "x-ms-client-request-id": "d9cd58b0-6480-11ec-9e3b-70b5e82527ff"
      },
      "RequestBody": null,
      "StatusCode": 200,
      "ResponseHeaders": {
        "Cache-Control": "no-cache",
        "Content-Encoding": "gzip",
        "Content-Type": "application/json; charset=utf-8",
        "Date": "Fri, 24 Dec 2021 06:15:42 GMT",
        "Expires": "-1",
        "Pragma": "no-cache",
        "Server": [
          "Microsoft-HTTPAPI/2.0",
          "Microsoft-HTTPAPI/2.0"
        ],
        "Strict-Transport-Security": "max-age=31536000; includeSubDomains",
        "Transfer-Encoding": "chunked",
        "Vary": "Accept-Encoding",
        "X-Content-Type-Options": "nosniff",
        "x-ms-correlation-request-id": "baea7331-0ec2-4193-975a-7f01c457fc65",
        "x-ms-ratelimit-remaining-resource": "Microsoft.Compute/GetOperation3Min;14985,Microsoft.Compute/GetOperation30Min;29912",
        "x-ms-ratelimit-remaining-subscription-reads": "11984",
        "x-ms-request-id": "848a85a6-cdbd-4127-af31-cd37805c0fab",
        "x-ms-routing-request-id": "SOUTHEASTASIA:20211224T061543Z:baea7331-0ec2-4193-975a-7f01c457fc65"
      },
      "ResponseBody": [
        "{\r\n",
        "  \u0022startTime\u0022: \u00222021-12-24T06:15:12.2176397\u002B00:00\u0022,\r\n",
        "  \u0022endTime\u0022: \u00222021-12-24T06:15:12.3426525\u002B00:00\u0022,\r\n",
        "  \u0022status\u0022: \u0022Succeeded\u0022,\r\n",
        "  \u0022name\u0022: \u00225cb6603a-4d70-422e-b676-f512db36de59\u0022\r\n",
        "}"
      ]
    },
    {
      "RequestUri": "https://management.azure.com/subscriptions/00000000-0000-0000-0000-000000000000/providers/Microsoft.Compute/locations/eastus/operations/5cb6603a-4d70-422e-b676-f512db36de59?p=54253b73-cb53-496f-ab42-5e5ee19426f8\u0026monitor=true\u0026api-version=2021-07-01",
      "RequestMethod": "GET",
      "RequestHeaders": {
        "Accept": "*/*",
        "Accept-Encoding": "gzip, deflate",
        "Authorization": "Sanitized",
        "Connection": "keep-alive",
        "User-Agent": "azsdk-python-azure-mgmt-compute/23.1.0 Python/3.8.8 (Windows-10-10.0.19041-SP0)",
        "x-ms-client-request-id": "d9cd58b0-6480-11ec-9e3b-70b5e82527ff"
      },
      "RequestBody": null,
      "StatusCode": 200,
      "ResponseHeaders": {
        "Cache-Control": "no-cache",
        "Content-Length": "0",
        "Date": "Fri, 24 Dec 2021 06:15:43 GMT",
        "Expires": "-1",
        "Pragma": "no-cache",
        "Server": [
          "Microsoft-HTTPAPI/2.0",
          "Microsoft-HTTPAPI/2.0"
        ],
        "Strict-Transport-Security": "max-age=31536000; includeSubDomains",
        "X-Content-Type-Options": "nosniff",
        "x-ms-correlation-request-id": "ca813431-01ee-4c3c-85a0-f85e522908f9",
        "x-ms-ratelimit-remaining-resource": "Microsoft.Compute/GetOperation3Min;14984,Microsoft.Compute/GetOperation30Min;29911",
        "x-ms-ratelimit-remaining-subscription-reads": "11983",
        "x-ms-request-id": "304d529b-9091-49b6-b148-17b1f1e6b456",
        "x-ms-routing-request-id": "SOUTHEASTASIA:20211224T061543Z:ca813431-01ee-4c3c-85a0-f85e522908f9"
      },
      "ResponseBody": null
    },
    {
      "RequestUri": "https://management.azure.com/subscriptions/00000000-0000-0000-0000-000000000000/resourceGroups/rgname/providers/Microsoft.Compute/virtualMachineScaleSets/virtualmachinescaleset16842a5e/virtualmachines/0/deallocate?api-version=2021-07-01",
      "RequestMethod": "POST",
      "RequestHeaders": {
        "Accept": "*/*",
        "Accept-Encoding": "gzip, deflate",
        "Authorization": "Sanitized",
        "Connection": "keep-alive",
        "Content-Length": "0",
        "User-Agent": "azsdk-python-azure-mgmt-compute/23.1.0 Python/3.8.8 (Windows-10-10.0.19041-SP0)",
        "x-ms-client-request-id": "ecf044c9-6480-11ec-a6e9-70b5e82527ff"
      },
      "RequestBody": null,
      "StatusCode": 202,
      "ResponseHeaders": {
        "Azure-AsyncOperation": "https://management.azure.com/subscriptions/00000000-0000-0000-0000-000000000000/providers/Microsoft.Compute/locations/eastus/operations/3b13b2d5-6c93-4c69-8023-57a171ea343e?p=54253b73-cb53-496f-ab42-5e5ee19426f8\u0026api-version=2021-07-01",
        "Cache-Control": "no-cache",
        "Content-Length": "0",
        "Date": "Fri, 24 Dec 2021 06:15:43 GMT",
        "Expires": "-1",
        "Location": "https://management.azure.com/subscriptions/00000000-0000-0000-0000-000000000000/providers/Microsoft.Compute/locations/eastus/operations/3b13b2d5-6c93-4c69-8023-57a171ea343e?p=54253b73-cb53-496f-ab42-5e5ee19426f8\u0026monitor=true\u0026api-version=2021-07-01",
        "Pragma": "no-cache",
        "Server": [
          "Microsoft-HTTPAPI/2.0",
          "Microsoft-HTTPAPI/2.0"
        ],
        "Strict-Transport-Security": "max-age=31536000; includeSubDomains",
        "X-Content-Type-Options": "nosniff",
        "x-ms-correlation-request-id": "08b74c38-5136-4ca8-9798-5b71bad94c8f",
        "x-ms-ratelimit-remaining-resource": "Microsoft.Compute/DeleteVMScaleSetVM3Min;239,Microsoft.Compute/DeleteVMScaleSetVM30Min;1198,Microsoft.Compute/VMScaleSetBatchedVMRequests5Min;3724,Microsoft.Compute/VmssQueuedVMOperations;0",
        "x-ms-ratelimit-remaining-subscription-writes": "1194",
        "x-ms-request-charge": "1",
        "x-ms-request-id": "3b13b2d5-6c93-4c69-8023-57a171ea343e",
        "x-ms-routing-request-id": "SOUTHEASTASIA:20211224T061544Z:08b74c38-5136-4ca8-9798-5b71bad94c8f"
      },
      "ResponseBody": null
    },
    {
      "RequestUri": "https://management.azure.com/subscriptions/00000000-0000-0000-0000-000000000000/providers/Microsoft.Compute/locations/eastus/operations/3b13b2d5-6c93-4c69-8023-57a171ea343e?p=54253b73-cb53-496f-ab42-5e5ee19426f8\u0026api-version=2021-07-01",
      "RequestMethod": "GET",
      "RequestHeaders": {
        "Accept": "*/*",
        "Accept-Encoding": "gzip, deflate",
        "Authorization": "Sanitized",
        "Connection": "keep-alive",
        "User-Agent": "azsdk-python-azure-mgmt-compute/23.1.0 Python/3.8.8 (Windows-10-10.0.19041-SP0)",
        "x-ms-client-request-id": "ecf044c9-6480-11ec-a6e9-70b5e82527ff"
      },
      "RequestBody": null,
      "StatusCode": 200,
      "ResponseHeaders": {
        "Cache-Control": "no-cache",
        "Content-Encoding": "gzip",
        "Content-Type": "application/json; charset=utf-8",
        "Date": "Fri, 24 Dec 2021 06:16:13 GMT",
        "Expires": "-1",
        "Pragma": "no-cache",
        "Server": [
          "Microsoft-HTTPAPI/2.0",
          "Microsoft-HTTPAPI/2.0"
        ],
        "Strict-Transport-Security": "max-age=31536000; includeSubDomains",
        "Transfer-Encoding": "chunked",
        "Vary": "Accept-Encoding",
        "X-Content-Type-Options": "nosniff",
        "x-ms-correlation-request-id": "0df24cea-8ae7-4ff1-bdd8-cfb2d6f86912",
        "x-ms-ratelimit-remaining-resource": "Microsoft.Compute/GetOperation3Min;14985,Microsoft.Compute/GetOperation30Min;29909",
        "x-ms-ratelimit-remaining-subscription-reads": "11982",
        "x-ms-request-id": "5d3b8776-b434-49dc-8405-06b0fa4f2c70",
        "x-ms-routing-request-id": "SOUTHEASTASIA:20211224T061614Z:0df24cea-8ae7-4ff1-bdd8-cfb2d6f86912"
      },
      "ResponseBody": [
        "{\r\n",
        "  \u0022startTime\u0022: \u00222021-12-24T06:15:44.1086515\u002B00:00\u0022,\r\n",
        "  \u0022status\u0022: \u0022InProgress\u0022,\r\n",
        "  \u0022name\u0022: \u00223b13b2d5-6c93-4c69-8023-57a171ea343e\u0022\r\n",
        "}"
      ]
    },
    {
      "RequestUri": "https://management.azure.com/subscriptions/00000000-0000-0000-0000-000000000000/providers/Microsoft.Compute/locations/eastus/operations/3b13b2d5-6c93-4c69-8023-57a171ea343e?p=54253b73-cb53-496f-ab42-5e5ee19426f8\u0026api-version=2021-07-01",
      "RequestMethod": "GET",
      "RequestHeaders": {
        "Accept": "*/*",
        "Accept-Encoding": "gzip, deflate",
        "Authorization": "Sanitized",
        "Connection": "keep-alive",
        "User-Agent": "azsdk-python-azure-mgmt-compute/23.1.0 Python/3.8.8 (Windows-10-10.0.19041-SP0)",
        "x-ms-client-request-id": "ecf044c9-6480-11ec-a6e9-70b5e82527ff"
      },
      "RequestBody": null,
      "StatusCode": 200,
      "ResponseHeaders": {
        "Cache-Control": "no-cache",
        "Content-Encoding": "gzip",
        "Content-Type": "application/json; charset=utf-8",
        "Date": "Fri, 24 Dec 2021 06:16:44 GMT",
        "Expires": "-1",
        "Pragma": "no-cache",
        "Server": [
          "Microsoft-HTTPAPI/2.0",
          "Microsoft-HTTPAPI/2.0"
        ],
        "Strict-Transport-Security": "max-age=31536000; includeSubDomains",
        "Transfer-Encoding": "chunked",
        "Vary": "Accept-Encoding",
        "X-Content-Type-Options": "nosniff",
        "x-ms-correlation-request-id": "d13ff749-a89c-4d7a-8092-df6ee6e9790f",
        "x-ms-ratelimit-remaining-resource": "Microsoft.Compute/GetOperation3Min;14984,Microsoft.Compute/GetOperation30Min;29906",
        "x-ms-ratelimit-remaining-subscription-reads": "11981",
        "x-ms-request-id": "cfed4b7d-5a1a-4cf7-9db3-c0cb6085e480",
        "x-ms-routing-request-id": "SOUTHEASTASIA:20211224T061644Z:d13ff749-a89c-4d7a-8092-df6ee6e9790f"
      },
      "ResponseBody": [
        "{\r\n",
        "  \u0022startTime\u0022: \u00222021-12-24T06:15:44.1086515\u002B00:00\u0022,\r\n",
        "  \u0022endTime\u0022: \u00222021-12-24T06:16:18.015317\u002B00:00\u0022,\r\n",
        "  \u0022status\u0022: \u0022Succeeded\u0022,\r\n",
        "  \u0022name\u0022: \u00223b13b2d5-6c93-4c69-8023-57a171ea343e\u0022\r\n",
        "}"
      ]
    },
    {
      "RequestUri": "https://management.azure.com/subscriptions/00000000-0000-0000-0000-000000000000/providers/Microsoft.Compute/locations/eastus/operations/3b13b2d5-6c93-4c69-8023-57a171ea343e?p=54253b73-cb53-496f-ab42-5e5ee19426f8\u0026monitor=true\u0026api-version=2021-07-01",
      "RequestMethod": "GET",
      "RequestHeaders": {
        "Accept": "*/*",
        "Accept-Encoding": "gzip, deflate",
        "Authorization": "Sanitized",
        "Connection": "keep-alive",
        "User-Agent": "azsdk-python-azure-mgmt-compute/23.1.0 Python/3.8.8 (Windows-10-10.0.19041-SP0)",
        "x-ms-client-request-id": "ecf044c9-6480-11ec-a6e9-70b5e82527ff"
      },
      "RequestBody": null,
      "StatusCode": 200,
      "ResponseHeaders": {
        "Cache-Control": "no-cache",
        "Content-Length": "0",
        "Date": "Fri, 24 Dec 2021 06:16:45 GMT",
        "Expires": "-1",
        "Pragma": "no-cache",
        "Server": [
          "Microsoft-HTTPAPI/2.0",
          "Microsoft-HTTPAPI/2.0"
        ],
        "Strict-Transport-Security": "max-age=31536000; includeSubDomains",
        "X-Content-Type-Options": "nosniff",
        "x-ms-correlation-request-id": "f6b2ca42-7c43-471e-9280-bcb201bf63d7",
        "x-ms-ratelimit-remaining-resource": "Microsoft.Compute/GetOperation3Min;14983,Microsoft.Compute/GetOperation30Min;29905",
        "x-ms-ratelimit-remaining-subscription-reads": "11980",
        "x-ms-request-id": "4828ba29-e026-448f-a630-19189f0db30e",
        "x-ms-routing-request-id": "SOUTHEASTASIA:20211224T061645Z:f6b2ca42-7c43-471e-9280-bcb201bf63d7"
      },
      "ResponseBody": null
    },
    {
      "RequestUri": "https://management.azure.com/subscriptions/00000000-0000-0000-0000-000000000000/resourceGroups/rgname/providers/Microsoft.Compute/virtualMachineScaleSets/virtualmachinescaleset16842a5e/delete?api-version=2021-07-01",
      "RequestMethod": "POST",
      "RequestHeaders": {
        "Accept": "*/*",
        "Accept-Encoding": "gzip, deflate",
        "Authorization": "Sanitized",
        "Connection": "keep-alive",
        "Content-Length": "22",
        "Content-Type": "application/json",
        "User-Agent": "azsdk-python-azure-mgmt-compute/23.1.0 Python/3.8.8 (Windows-10-10.0.19041-SP0)",
        "x-ms-client-request-id": "1192d46e-6481-11ec-bd5f-70b5e82527ff"
      },
      "RequestBody": "{\u0022instanceIds\u0022: [\u00220\u0022]}",
      "StatusCode": 202,
      "ResponseHeaders": {
        "Azure-AsyncOperation": "https://management.azure.com/subscriptions/00000000-0000-0000-0000-000000000000/providers/Microsoft.Compute/locations/eastus/operations/88a39154-ba54-431b-a4ed-1d547245952b?p=54253b73-cb53-496f-ab42-5e5ee19426f8\u0026api-version=2021-07-01",
        "Cache-Control": "no-cache",
        "Content-Length": "0",
        "Date": "Fri, 24 Dec 2021 06:16:46 GMT",
        "Expires": "-1",
        "Location": "https://management.azure.com/subscriptions/00000000-0000-0000-0000-000000000000/providers/Microsoft.Compute/locations/eastus/operations/88a39154-ba54-431b-a4ed-1d547245952b?p=54253b73-cb53-496f-ab42-5e5ee19426f8\u0026monitor=true\u0026api-version=2021-07-01",
        "Pragma": "no-cache",
        "Server": [
          "Microsoft-HTTPAPI/2.0",
          "Microsoft-HTTPAPI/2.0"
        ],
        "Strict-Transport-Security": "max-age=31536000; includeSubDomains",
        "X-Content-Type-Options": "nosniff",
        "x-ms-correlation-request-id": "4e51d024-b521-4d43-a643-81502ae74a64",
        "x-ms-ratelimit-remaining-resource": "Microsoft.Compute/VMScaleSetActions3Min;238,Microsoft.Compute/VMScaleSetActions30Min;1194,Microsoft.Compute/VMScaleSetBatchedVMRequests5Min;3724,Microsoft.Compute/VmssQueuedVMOperations;0",
        "x-ms-ratelimit-remaining-subscription-writes": "1193",
        "x-ms-request-charge": "1",
        "x-ms-request-id": "88a39154-ba54-431b-a4ed-1d547245952b",
        "x-ms-routing-request-id": "SOUTHEASTASIA:20211224T061646Z:4e51d024-b521-4d43-a643-81502ae74a64"
      },
      "ResponseBody": null
    },
    {
      "RequestUri": "https://management.azure.com/subscriptions/00000000-0000-0000-0000-000000000000/providers/Microsoft.Compute/locations/eastus/operations/88a39154-ba54-431b-a4ed-1d547245952b?p=54253b73-cb53-496f-ab42-5e5ee19426f8\u0026api-version=2021-07-01",
      "RequestMethod": "GET",
      "RequestHeaders": {
        "Accept": "*/*",
        "Accept-Encoding": "gzip, deflate",
        "Authorization": "Sanitized",
        "Connection": "keep-alive",
        "User-Agent": "azsdk-python-azure-mgmt-compute/23.1.0 Python/3.8.8 (Windows-10-10.0.19041-SP0)",
        "x-ms-client-request-id": "1192d46e-6481-11ec-bd5f-70b5e82527ff"
      },
      "RequestBody": null,
      "StatusCode": 200,
      "ResponseHeaders": {
        "Cache-Control": "no-cache",
        "Content-Encoding": "gzip",
        "Content-Type": "application/json; charset=utf-8",
        "Date": "Fri, 24 Dec 2021 06:17:16 GMT",
        "Expires": "-1",
        "Pragma": "no-cache",
        "Server": [
          "Microsoft-HTTPAPI/2.0",
          "Microsoft-HTTPAPI/2.0"
        ],
        "Strict-Transport-Security": "max-age=31536000; includeSubDomains",
        "Transfer-Encoding": "chunked",
        "Vary": "Accept-Encoding",
        "X-Content-Type-Options": "nosniff",
        "x-ms-correlation-request-id": "b2054f41-8004-45ec-822b-6f63955033c1",
        "x-ms-ratelimit-remaining-resource": "Microsoft.Compute/GetOperation3Min;14984,Microsoft.Compute/GetOperation30Min;29903",
        "x-ms-ratelimit-remaining-subscription-reads": "11979",
        "x-ms-request-id": "267cbe42-9a1f-44ee-ab7e-52802a83a3c8",
        "x-ms-routing-request-id": "SOUTHEASTASIA:20211224T061716Z:b2054f41-8004-45ec-822b-6f63955033c1"
      },
      "ResponseBody": [
        "{\r\n",
        "  \u0022startTime\u0022: \u00222021-12-24T06:16:46.3125938\u002B00:00\u0022,\r\n",
        "  \u0022endTime\u0022: \u00222021-12-24T06:16:48.0625872\u002B00:00\u0022,\r\n",
        "  \u0022status\u0022: \u0022Succeeded\u0022,\r\n",
        "  \u0022name\u0022: \u002288a39154-ba54-431b-a4ed-1d547245952b\u0022\r\n",
        "}"
      ]
    },
    {
      "RequestUri": "https://management.azure.com/subscriptions/00000000-0000-0000-0000-000000000000/providers/Microsoft.Compute/locations/eastus/operations/88a39154-ba54-431b-a4ed-1d547245952b?p=54253b73-cb53-496f-ab42-5e5ee19426f8\u0026monitor=true\u0026api-version=2021-07-01",
      "RequestMethod": "GET",
      "RequestHeaders": {
        "Accept": "*/*",
        "Accept-Encoding": "gzip, deflate",
        "Authorization": "Sanitized",
        "Connection": "keep-alive",
        "User-Agent": "azsdk-python-azure-mgmt-compute/23.1.0 Python/3.8.8 (Windows-10-10.0.19041-SP0)",
        "x-ms-client-request-id": "1192d46e-6481-11ec-bd5f-70b5e82527ff"
      },
      "RequestBody": null,
      "StatusCode": 200,
      "ResponseHeaders": {
        "Cache-Control": "no-cache",
        "Content-Length": "0",
        "Date": "Fri, 24 Dec 2021 06:17:16 GMT",
        "Expires": "-1",
        "Pragma": "no-cache",
        "Server": [
          "Microsoft-HTTPAPI/2.0",
          "Microsoft-HTTPAPI/2.0"
        ],
        "Strict-Transport-Security": "max-age=31536000; includeSubDomains",
        "X-Content-Type-Options": "nosniff",
        "x-ms-correlation-request-id": "25ac90f9-11cb-4bbd-a86d-297a12c539b7",
        "x-ms-ratelimit-remaining-resource": "Microsoft.Compute/GetOperation3Min;14983,Microsoft.Compute/GetOperation30Min;29902",
        "x-ms-ratelimit-remaining-subscription-reads": "11978",
        "x-ms-request-id": "3b7dec75-f289-46e7-b3d8-0cc67b80d19a",
        "x-ms-routing-request-id": "SOUTHEASTASIA:20211224T061717Z:25ac90f9-11cb-4bbd-a86d-297a12c539b7"
      },
      "ResponseBody": null
    },
    {
      "RequestUri": "https://management.azure.com/subscriptions/00000000-0000-0000-0000-000000000000/resourceGroups/rgname/providers/Microsoft.Compute/virtualMachineScaleSets/virtualmachinescaleset16842a5e/virtualmachines/0?api-version=2021-07-01",
      "RequestMethod": "DELETE",
      "RequestHeaders": {
        "Accept": "*/*",
        "Accept-Encoding": "gzip, deflate",
        "Authorization": "Sanitized",
        "Connection": "keep-alive",
        "Content-Length": "0",
        "User-Agent": "azsdk-python-azure-mgmt-compute/23.1.0 Python/3.8.8 (Windows-10-10.0.19041-SP0)",
        "x-ms-client-request-id": "248b629c-6481-11ec-b62c-70b5e82527ff"
      },
      "RequestBody": null,
      "StatusCode": 202,
      "ResponseHeaders": {
        "Azure-AsyncOperation": "https://management.azure.com/subscriptions/00000000-0000-0000-0000-000000000000/providers/Microsoft.Compute/locations/eastus/operations/4b7c033c-d42d-4c7e-9f81-8ff5d512a794?p=54253b73-cb53-496f-ab42-5e5ee19426f8\u0026api-version=2021-07-01",
        "Cache-Control": "no-cache",
        "Content-Length": "0",
        "Date": "Fri, 24 Dec 2021 06:17:17 GMT",
        "Expires": "-1",
        "Location": "https://management.azure.com/subscriptions/00000000-0000-0000-0000-000000000000/providers/Microsoft.Compute/locations/eastus/operations/4b7c033c-d42d-4c7e-9f81-8ff5d512a794?p=54253b73-cb53-496f-ab42-5e5ee19426f8\u0026monitor=true\u0026api-version=2021-07-01",
        "Pragma": "no-cache",
        "Server": [
          "Microsoft-HTTPAPI/2.0",
          "Microsoft-HTTPAPI/2.0"
        ],
        "Strict-Transport-Security": "max-age=31536000; includeSubDomains",
        "X-Content-Type-Options": "nosniff",
        "x-ms-correlation-request-id": "a96c020c-2f17-4338-9134-2e5a02e5982c",
        "x-ms-ratelimit-remaining-resource": "Microsoft.Compute/DeleteVMScaleSetVM3Min;238,Microsoft.Compute/DeleteVMScaleSetVM30Min;1197,Microsoft.Compute/VmssQueuedVMOperations;0",
        "x-ms-ratelimit-remaining-subscription-deletes": "14999",
        "x-ms-request-charge": "0",
        "x-ms-request-id": "4b7c033c-d42d-4c7e-9f81-8ff5d512a794",
        "x-ms-routing-request-id": "SOUTHEASTASIA:20211224T061717Z:a96c020c-2f17-4338-9134-2e5a02e5982c"
      },
      "ResponseBody": null
    },
    {
      "RequestUri": "https://management.azure.com/subscriptions/00000000-0000-0000-0000-000000000000/providers/Microsoft.Compute/locations/eastus/operations/4b7c033c-d42d-4c7e-9f81-8ff5d512a794?p=54253b73-cb53-496f-ab42-5e5ee19426f8\u0026api-version=2021-07-01",
      "RequestMethod": "GET",
      "RequestHeaders": {
        "Accept": "*/*",
        "Accept-Encoding": "gzip, deflate",
        "Authorization": "Sanitized",
        "Connection": "keep-alive",
        "User-Agent": "azsdk-python-azure-mgmt-compute/23.1.0 Python/3.8.8 (Windows-10-10.0.19041-SP0)",
        "x-ms-client-request-id": "248b629c-6481-11ec-b62c-70b5e82527ff"
      },
      "RequestBody": null,
      "StatusCode": 200,
      "ResponseHeaders": {
        "Cache-Control": "no-cache",
        "Content-Encoding": "gzip",
        "Content-Type": "application/json; charset=utf-8",
        "Date": "Fri, 24 Dec 2021 06:17:47 GMT",
        "Expires": "-1",
        "Pragma": "no-cache",
        "Server": [
          "Microsoft-HTTPAPI/2.0",
          "Microsoft-HTTPAPI/2.0"
        ],
        "Strict-Transport-Security": "max-age=31536000; includeSubDomains",
        "Transfer-Encoding": "chunked",
        "Vary": "Accept-Encoding",
        "X-Content-Type-Options": "nosniff",
        "x-ms-correlation-request-id": "f3636722-80cb-45aa-a5da-3a63975acdec",
        "x-ms-ratelimit-remaining-resource": "Microsoft.Compute/GetOperation3Min;14984,Microsoft.Compute/GetOperation30Min;29900",
        "x-ms-ratelimit-remaining-subscription-reads": "11977",
        "x-ms-request-id": "d8421665-6365-40e2-910f-937328a693ff",
        "x-ms-routing-request-id": "SOUTHEASTASIA:20211224T061747Z:f3636722-80cb-45aa-a5da-3a63975acdec"
      },
      "ResponseBody": [
        "{\r\n",
        "  \u0022startTime\u0022: \u00222021-12-24T06:17:17.4069404\u002B00:00\u0022,\r\n",
        "  \u0022endTime\u0022: \u00222021-12-24T06:17:17.5160858\u002B00:00\u0022,\r\n",
        "  \u0022status\u0022: \u0022Succeeded\u0022,\r\n",
        "  \u0022name\u0022: \u00224b7c033c-d42d-4c7e-9f81-8ff5d512a794\u0022\r\n",
        "}"
      ]
    },
    {
      "RequestUri": "https://management.azure.com/subscriptions/00000000-0000-0000-0000-000000000000/resourceGroups/rgname/providers/Microsoft.Compute/virtualMachineScaleSets/virtualmachinescaleset16842a5e?api-version=2021-07-01",
      "RequestMethod": "DELETE",
      "RequestHeaders": {
        "Accept": "*/*",
        "Accept-Encoding": "gzip, deflate",
        "Authorization": "Sanitized",
        "Connection": "keep-alive",
        "Content-Length": "0",
        "User-Agent": "azsdk-python-azure-mgmt-compute/23.1.0 Python/3.8.8 (Windows-10-10.0.19041-SP0)",
        "x-ms-client-request-id": "36e5c882-6481-11ec-b2fd-70b5e82527ff"
      },
      "RequestBody": null,
      "StatusCode": 202,
      "ResponseHeaders": {
        "Azure-AsyncNotification": "Enabled",
        "Azure-AsyncOperation": "https://management.azure.com/subscriptions/00000000-0000-0000-0000-000000000000/providers/Microsoft.Compute/locations/eastus/operations/f591d786-8501-4c15-a5a4-a4cd213df6c7?p=54253b73-cb53-496f-ab42-5e5ee19426f8\u0026api-version=2021-07-01",
        "Cache-Control": "no-cache",
        "Content-Length": "0",
        "Date": "Fri, 24 Dec 2021 06:17:47 GMT",
        "Expires": "-1",
        "Location": "https://management.azure.com/subscriptions/00000000-0000-0000-0000-000000000000/providers/Microsoft.Compute/locations/eastus/operations/f591d786-8501-4c15-a5a4-a4cd213df6c7?p=54253b73-cb53-496f-ab42-5e5ee19426f8\u0026monitor=true\u0026api-version=2021-07-01",
        "Pragma": "no-cache",
        "Retry-After": "10",
        "Server": [
          "Microsoft-HTTPAPI/2.0",
          "Microsoft-HTTPAPI/2.0"
        ],
        "Strict-Transport-Security": "max-age=31536000; includeSubDomains",
        "X-Content-Type-Options": "nosniff",
        "x-ms-correlation-request-id": "41fbe251-7e05-4f2f-8336-2f65b48e31ac",
        "x-ms-ratelimit-remaining-resource": "Microsoft.Compute/DeleteVMScaleSet3Min;79,Microsoft.Compute/DeleteVMScaleSet30Min;399,Microsoft.Compute/VmssQueuedVMOperations;0",
        "x-ms-ratelimit-remaining-subscription-deletes": "14998",
        "x-ms-request-charge": "0",
        "x-ms-request-id": "f591d786-8501-4c15-a5a4-a4cd213df6c7",
        "x-ms-routing-request-id": "SOUTHEASTASIA:20211224T061748Z:41fbe251-7e05-4f2f-8336-2f65b48e31ac"
      },
      "ResponseBody": null
    },
    {
      "RequestUri": "https://management.azure.com/subscriptions/00000000-0000-0000-0000-000000000000/providers/Microsoft.Compute/locations/eastus/operations/f591d786-8501-4c15-a5a4-a4cd213df6c7?p=54253b73-cb53-496f-ab42-5e5ee19426f8\u0026api-version=2021-07-01",
      "RequestMethod": "GET",
      "RequestHeaders": {
        "Accept": "*/*",
        "Accept-Encoding": "gzip, deflate",
        "Authorization": "Sanitized",
        "Connection": "keep-alive",
        "User-Agent": "azsdk-python-azure-mgmt-compute/23.1.0 Python/3.8.8 (Windows-10-10.0.19041-SP0)",
        "x-ms-client-request-id": "36e5c882-6481-11ec-b2fd-70b5e82527ff"
      },
      "RequestBody": null,
      "StatusCode": 200,
      "ResponseHeaders": {
        "Cache-Control": "no-cache",
        "Content-Encoding": "gzip",
        "Content-Type": "application/json; charset=utf-8",
        "Date": "Fri, 24 Dec 2021 06:17:58 GMT",
        "Expires": "-1",
        "Pragma": "no-cache",
        "Server": [
          "Microsoft-HTTPAPI/2.0",
          "Microsoft-HTTPAPI/2.0"
        ],
        "Strict-Transport-Security": "max-age=31536000; includeSubDomains",
        "Transfer-Encoding": "chunked",
        "Vary": "Accept-Encoding",
        "X-Content-Type-Options": "nosniff",
        "x-ms-correlation-request-id": "4f37b693-edd5-4689-984d-8cc8dfba3acc",
        "x-ms-ratelimit-remaining-resource": "Microsoft.Compute/GetOperation3Min;14983,Microsoft.Compute/GetOperation30Min;29899",
        "x-ms-ratelimit-remaining-subscription-reads": "11976",
        "x-ms-request-id": "8197b2ff-aca2-4535-9d7d-674f46355271",
        "x-ms-routing-request-id": "SOUTHEASTASIA:20211224T061758Z:4f37b693-edd5-4689-984d-8cc8dfba3acc"
      },
      "ResponseBody": [
        "{\r\n",
        "  \u0022startTime\u0022: \u00222021-12-24T06:17:48.4384021\u002B00:00\u0022,\r\n",
        "  \u0022endTime\u0022: \u00222021-12-24T06:17:48.5477177\u002B00:00\u0022,\r\n",
        "  \u0022status\u0022: \u0022Succeeded\u0022,\r\n",
        "  \u0022name\u0022: \u0022f591d786-8501-4c15-a5a4-a4cd213df6c7\u0022\r\n",
        "}"
      ]
    }
  ],
  "Variables": {}
}
