interactions:
- request:
    body: '{"location": "eastus", "properties": {"addressSpace": {"addressPrefixes":
      ["10.0.0.0/16"]}}}'
    headers:
      Accept:
      - application/json
      Accept-Encoding:
      - gzip, deflate
      Connection:
      - keep-alive
      Content-Length:
      - '92'
      Content-Type:
      - application/json
      User-Agent:
      - azsdk-python-azure-mgmt-network/16.0.0 Python/3.6.9 (Linux-4.9.184-linuxkit-x86_64-with-Ubuntu-18.04-bionic)
    method: PUT
    uri: https://management.azure.com/subscriptions/00000000-0000-0000-0000-000000000000/resourceGroups/rgname/providers/Microsoft.Network/virtualNetworks/networknamex15cf0eff?api-version=2020-06-01
  response:
    body:
      string: "{\r\n  \"name\": \"networknamex15cf0eff\",\r\n  \"id\": \"/subscriptions/00000000-0000-0000-0000-000000000000/resourceGroups/rgname/providers/Microsoft.Network/virtualNetworks/networknamex15cf0eff\"\
        ,\r\n  \"etag\": \"W/\\\"36749651-a214-45a6-9c88-e877587f713f\\\"\",\r\n \
        \ \"type\": \"Microsoft.Network/virtualNetworks\",\r\n  \"location\": \"eastus\"\
        ,\r\n  \"properties\": {\r\n    \"provisioningState\": \"Updating\",\r\n \
        \   \"resourceGuid\": \"549ab2cf-812b-4497-8e53-92af777cd591\",\r\n    \"\
        addressSpace\": {\r\n      \"addressPrefixes\": [\r\n        \"10.0.0.0/16\"\
        \r\n      ]\r\n    },\r\n    \"subnets\": [],\r\n    \"virtualNetworkPeerings\"\
        : [],\r\n    \"enableDdosProtection\": false,\r\n    \"enableVmProtection\"\
        : false\r\n  }\r\n}"
    headers:
      azure-asyncnotification:
      - Enabled
      azure-asyncoperation:
      - https://management.azure.com/subscriptions/00000000-0000-0000-0000-000000000000/providers/Microsoft.Network/locations/eastus/operations/567ff67b-80e3-4933-8f20-4ac619a519fa?api-version=2020-06-01
      cache-control:
      - no-cache
      content-length:
      - '727'
      content-type:
      - application/json; charset=utf-8
      date:
      - Wed, 16 Sep 2020 06:24:35 GMT
      expires:
      - '-1'
      pragma:
      - no-cache
      server:
      - Microsoft-HTTPAPI/2.0
      - Microsoft-HTTPAPI/2.0
      strict-transport-security:
      - max-age=31536000; includeSubDomains
      x-content-type-options:
      - nosniff
      x-ms-arm-service-request-id:
      - 6a7eef99-f2e7-4af6-b0e0-7ff43259aa55
      x-ms-ratelimit-remaining-subscription-writes:
      - '1195'
    status:
      code: 201
      message: Created
- request:
    body: null
    headers:
      Accept:
      - '*/*'
      Accept-Encoding:
      - gzip, deflate
      Connection:
      - keep-alive
      User-Agent:
      - azsdk-python-azure-mgmt-network/16.0.0 Python/3.6.9 (Linux-4.9.184-linuxkit-x86_64-with-Ubuntu-18.04-bionic)
    method: GET
    uri: https://management.azure.com/subscriptions/00000000-0000-0000-0000-000000000000/providers/Microsoft.Network/locations/eastus/operations/567ff67b-80e3-4933-8f20-4ac619a519fa?api-version=2020-06-01
  response:
    body:
      string: "{\r\n  \"status\": \"Succeeded\"\r\n}"
    headers:
      cache-control:
      - no-cache
      content-length:
      - '29'
      content-type:
      - application/json; charset=utf-8
      date:
      - Wed, 16 Sep 2020 06:24:39 GMT
      expires:
      - '-1'
      pragma:
      - no-cache
      server:
      - Microsoft-HTTPAPI/2.0
      - Microsoft-HTTPAPI/2.0
      strict-transport-security:
      - max-age=31536000; includeSubDomains
      transfer-encoding:
      - chunked
      vary:
      - Accept-Encoding
      x-content-type-options:
      - nosniff
      x-ms-arm-service-request-id:
      - 93038688-6025-4b77-bd58-8449fb0998c0
    status:
      code: 200
      message: OK
- request:
    body: null
    headers:
      Accept:
      - '*/*'
      Accept-Encoding:
      - gzip, deflate
      Connection:
      - keep-alive
      User-Agent:
      - azsdk-python-azure-mgmt-network/16.0.0 Python/3.6.9 (Linux-4.9.184-linuxkit-x86_64-with-Ubuntu-18.04-bionic)
    method: GET
    uri: https://management.azure.com/subscriptions/00000000-0000-0000-0000-000000000000/resourceGroups/rgname/providers/Microsoft.Network/virtualNetworks/networknamex15cf0eff?api-version=2020-06-01
  response:
    body:
      string: "{\r\n  \"name\": \"networknamex15cf0eff\",\r\n  \"id\": \"/subscriptions/00000000-0000-0000-0000-000000000000/resourceGroups/rgname/providers/Microsoft.Network/virtualNetworks/networknamex15cf0eff\"\
        ,\r\n  \"etag\": \"W/\\\"099e66d2-f2a1-4e26-bdc0-cc522b2bca4e\\\"\",\r\n \
        \ \"type\": \"Microsoft.Network/virtualNetworks\",\r\n  \"location\": \"eastus\"\
        ,\r\n  \"properties\": {\r\n    \"provisioningState\": \"Succeeded\",\r\n\
        \    \"resourceGuid\": \"549ab2cf-812b-4497-8e53-92af777cd591\",\r\n    \"\
        addressSpace\": {\r\n      \"addressPrefixes\": [\r\n        \"10.0.0.0/16\"\
        \r\n      ]\r\n    },\r\n    \"subnets\": [],\r\n    \"virtualNetworkPeerings\"\
        : [],\r\n    \"enableDdosProtection\": false,\r\n    \"enableVmProtection\"\
        : false\r\n  }\r\n}"
    headers:
      cache-control:
      - no-cache
      content-length:
      - '728'
      content-type:
      - application/json; charset=utf-8
      date:
      - Wed, 16 Sep 2020 06:24:40 GMT
      etag:
      - W/"099e66d2-f2a1-4e26-bdc0-cc522b2bca4e"
      expires:
      - '-1'
      pragma:
      - no-cache
      server:
      - Microsoft-HTTPAPI/2.0
      - Microsoft-HTTPAPI/2.0
      strict-transport-security:
      - max-age=31536000; includeSubDomains
      transfer-encoding:
      - chunked
      vary:
      - Accept-Encoding
      x-content-type-options:
      - nosniff
      x-ms-arm-service-request-id:
      - d26f2f6f-e600-4377-88bd-127fa8816f54
    status:
      code: 200
      message: OK
- request:
    body: '{"properties": {"addressPrefix": "10.0.0.0/24"}}'
    headers:
      Accept:
      - application/json
      Accept-Encoding:
      - gzip, deflate
      Connection:
      - keep-alive
      Content-Length:
      - '48'
      Content-Type:
      - application/json
      User-Agent:
      - azsdk-python-azure-mgmt-network/16.0.0 Python/3.6.9 (Linux-4.9.184-linuxkit-x86_64-with-Ubuntu-18.04-bionic)
    method: PUT
    uri: https://management.azure.com/subscriptions/00000000-0000-0000-0000-000000000000/resourceGroups/rgname/providers/Microsoft.Network/virtualNetworks/networknamex15cf0eff/subnets/subnetx15cf0eff?api-version=2020-06-01
  response:
    body:
      string: "{\r\n  \"name\": \"subnetx15cf0eff\",\r\n  \"id\": \"/subscriptions/00000000-0000-0000-0000-000000000000/resourceGroups/rgname/providers/Microsoft.Network/virtualNetworks/networknamex15cf0eff/subnets/subnetx15cf0eff\"\
        ,\r\n  \"etag\": \"W/\\\"c1b6c345-6083-4db8-b43b-e489646ffc49\\\"\",\r\n \
        \ \"properties\": {\r\n    \"provisioningState\": \"Updating\",\r\n    \"\
        addressPrefix\": \"10.0.0.0/24\",\r\n    \"delegations\": [],\r\n    \"privateEndpointNetworkPolicies\"\
        : \"Enabled\",\r\n    \"privateLinkServiceNetworkPolicies\": \"Enabled\"\r\
        \n  },\r\n  \"type\": \"Microsoft.Network/virtualNetworks/subnets\"\r\n}"
    headers:
      azure-asyncoperation:
      - https://management.azure.com/subscriptions/00000000-0000-0000-0000-000000000000/providers/Microsoft.Network/locations/eastus/operations/7c8f96a8-4642-4d30-9c15-e633d373dca7?api-version=2020-06-01
      cache-control:
      - no-cache
      content-length:
      - '616'
      content-type:
      - application/json; charset=utf-8
      date:
      - Wed, 16 Sep 2020 06:24:40 GMT
      expires:
      - '-1'
      pragma:
      - no-cache
      server:
      - Microsoft-HTTPAPI/2.0
      - Microsoft-HTTPAPI/2.0
      strict-transport-security:
      - max-age=31536000; includeSubDomains
      x-content-type-options:
      - nosniff
      x-ms-arm-service-request-id:
      - 37e78d2e-e375-4fb4-9faa-6374ee925188
      x-ms-ratelimit-remaining-subscription-writes:
      - '1194'
    status:
      code: 201
      message: Created
- request:
    body: null
    headers:
      Accept:
      - '*/*'
      Accept-Encoding:
      - gzip, deflate
      Connection:
      - keep-alive
      User-Agent:
      - azsdk-python-azure-mgmt-network/16.0.0 Python/3.6.9 (Linux-4.9.184-linuxkit-x86_64-with-Ubuntu-18.04-bionic)
    method: GET
    uri: https://management.azure.com/subscriptions/00000000-0000-0000-0000-000000000000/providers/Microsoft.Network/locations/eastus/operations/7c8f96a8-4642-4d30-9c15-e633d373dca7?api-version=2020-06-01
  response:
    body:
      string: "{\r\n  \"status\": \"Succeeded\"\r\n}"
    headers:
      cache-control:
      - no-cache
      content-length:
      - '29'
      content-type:
      - application/json; charset=utf-8
      date:
      - Wed, 16 Sep 2020 06:24:44 GMT
      expires:
      - '-1'
      pragma:
      - no-cache
      server:
      - Microsoft-HTTPAPI/2.0
      - Microsoft-HTTPAPI/2.0
      strict-transport-security:
      - max-age=31536000; includeSubDomains
      transfer-encoding:
      - chunked
      vary:
      - Accept-Encoding
      x-content-type-options:
      - nosniff
      x-ms-arm-service-request-id:
      - 1c0ad23c-a910-4a5e-8b86-959e666f4740
    status:
      code: 200
      message: OK
- request:
    body: null
    headers:
      Accept:
      - '*/*'
      Accept-Encoding:
      - gzip, deflate
      Connection:
      - keep-alive
      User-Agent:
      - azsdk-python-azure-mgmt-network/16.0.0 Python/3.6.9 (Linux-4.9.184-linuxkit-x86_64-with-Ubuntu-18.04-bionic)
    method: GET
    uri: https://management.azure.com/subscriptions/00000000-0000-0000-0000-000000000000/resourceGroups/rgname/providers/Microsoft.Network/virtualNetworks/networknamex15cf0eff/subnets/subnetx15cf0eff?api-version=2020-06-01
  response:
    body:
      string: "{\r\n  \"name\": \"subnetx15cf0eff\",\r\n  \"id\": \"/subscriptions/00000000-0000-0000-0000-000000000000/resourceGroups/rgname/providers/Microsoft.Network/virtualNetworks/networknamex15cf0eff/subnets/subnetx15cf0eff\"\
        ,\r\n  \"etag\": \"W/\\\"1a9d9f06-189f-4e8d-aceb-b40bb2222431\\\"\",\r\n \
        \ \"properties\": {\r\n    \"provisioningState\": \"Succeeded\",\r\n    \"\
        addressPrefix\": \"10.0.0.0/24\",\r\n    \"delegations\": [],\r\n    \"privateEndpointNetworkPolicies\"\
        : \"Enabled\",\r\n    \"privateLinkServiceNetworkPolicies\": \"Enabled\"\r\
        \n  },\r\n  \"type\": \"Microsoft.Network/virtualNetworks/subnets\"\r\n}"
    headers:
      cache-control:
      - no-cache
      content-length:
      - '617'
      content-type:
      - application/json; charset=utf-8
      date:
      - Wed, 16 Sep 2020 06:24:44 GMT
      etag:
      - W/"1a9d9f06-189f-4e8d-aceb-b40bb2222431"
      expires:
      - '-1'
      pragma:
      - no-cache
      server:
      - Microsoft-HTTPAPI/2.0
      - Microsoft-HTTPAPI/2.0
      strict-transport-security:
      - max-age=31536000; includeSubDomains
      transfer-encoding:
      - chunked
      vary:
      - Accept-Encoding
      x-content-type-options:
      - nosniff
      x-ms-arm-service-request-id:
      - 0f15d3d9-89c9-49e7-8cbf-6364dbf05a24
    status:
      code: 200
      message: OK
- request:
    body: 'b''b\''{"location": "eastus", "properties": {"ipConfigurations": [{"name":
      "MyIpConfig", "properties": {"subnet": {"id": "/subscriptions/00000000-0000-0000-0000-000000000000/resourceGroups/rgname/providers/Microsoft.Network/virtualNetworks/networknamex15cf0eff/subnets/subnetx15cf0eff"}}}]}}\'''''
    headers:
      Accept:
      - application/json
      Accept-Encoding:
      - gzip, deflate
      Connection:
      - keep-alive
      Content-Length:
      - '353'
      Content-Type:
      - application/json
      User-Agent:
      - azsdk-python-azure-mgmt-network/16.0.0 Python/3.6.9 (Linux-4.9.184-linuxkit-x86_64-with-Ubuntu-18.04-bionic)
    method: PUT
    uri: https://management.azure.com/subscriptions/00000000-0000-0000-0000-000000000000/resourceGroups/rgname/providers/Microsoft.Network/networkInterfaces/interfacex15cf0eff?api-version=2020-06-01
  response:
    body:
      string: "{\r\n  \"name\": \"interfacex15cf0eff\",\r\n  \"id\": \"/subscriptions/00000000-0000-0000-0000-000000000000/resourceGroups/rgname/providers/Microsoft.Network/networkInterfaces/interfacex15cf0eff\"\
        ,\r\n  \"etag\": \"W/\\\"c13758d0-0415-4152-bbc4-d5c118c7de62\\\"\",\r\n \
        \ \"location\": \"eastus\",\r\n  \"properties\": {\r\n    \"provisioningState\"\
        : \"Succeeded\",\r\n    \"resourceGuid\": \"87dd5f4a-045d-4333-8157-e0466bfbd2b2\"\
        ,\r\n    \"ipConfigurations\": [\r\n      {\r\n        \"name\": \"MyIpConfig\"\
        ,\r\n        \"id\": \"/subscriptions/00000000-0000-0000-0000-000000000000/resourceGroups/rgname/providers/Microsoft.Network/networkInterfaces/interfacex15cf0eff/ipConfigurations/MyIpConfig\"\
        ,\r\n        \"etag\": \"W/\\\"c13758d0-0415-4152-bbc4-d5c118c7de62\\\"\"\
        ,\r\n        \"type\": \"Microsoft.Network/networkInterfaces/ipConfigurations\"\
        ,\r\n        \"properties\": {\r\n          \"provisioningState\": \"Succeeded\"\
        ,\r\n          \"privateIPAddress\": \"10.0.0.4\",\r\n          \"privateIPAllocationMethod\"\
        : \"Dynamic\",\r\n          \"subnet\": {\r\n            \"id\": \"/subscriptions/00000000-0000-0000-0000-000000000000/resourceGroups/rgname/providers/Microsoft.Network/virtualNetworks/networknamex15cf0eff/subnets/subnetx15cf0eff\"\
        \r\n          },\r\n          \"primary\": true,\r\n          \"privateIPAddressVersion\"\
        : \"IPv4\"\r\n        }\r\n      }\r\n    ],\r\n    \"dnsSettings\": {\r\n\
        \      \"dnsServers\": [],\r\n      \"appliedDnsServers\": [],\r\n      \"\
        internalDomainNameSuffix\": \"z4zjuvblqglujdstskxxo5gvsb.bx.internal.cloudapp.net\"\
        \r\n    },\r\n    \"enableAcceleratedNetworking\": false,\r\n    \"enableIPForwarding\"\
        : false,\r\n    \"hostedWorkloads\": [],\r\n    \"tapConfigurations\": [],\r\
        \n    \"nicType\": \"Standard\"\r\n  },\r\n  \"type\": \"Microsoft.Network/networkInterfaces\"\
        \r\n}"
    headers:
      azure-asyncnotification:
      - Enabled
      azure-asyncoperation:
      - https://management.azure.com/subscriptions/00000000-0000-0000-0000-000000000000/providers/Microsoft.Network/locations/eastus/operations/441e5639-7105-4d0b-840f-2ad724ab11dd?api-version=2020-06-01
      cache-control:
      - no-cache
      content-length:
      - '1863'
      content-type:
      - application/json; charset=utf-8
      date:
      - Wed, 16 Sep 2020 06:24:49 GMT
      expires:
      - '-1'
      pragma:
      - no-cache
      server:
      - Microsoft-HTTPAPI/2.0
      - Microsoft-HTTPAPI/2.0
      strict-transport-security:
      - max-age=31536000; includeSubDomains
      x-content-type-options:
      - nosniff
      x-ms-arm-service-request-id:
      - 943c9c3c-8de1-4675-a91a-f2dc6e142df1
      x-ms-ratelimit-remaining-subscription-writes:
      - '1193'
    status:
      code: 201
      message: Created
- request:
    body: null
    headers:
      Accept:
      - '*/*'
      Accept-Encoding:
      - gzip, deflate
      Connection:
      - keep-alive
      User-Agent:
      - azsdk-python-azure-mgmt-network/16.0.0 Python/3.6.9 (Linux-4.9.184-linuxkit-x86_64-with-Ubuntu-18.04-bionic)
    method: GET
    uri: https://management.azure.com/subscriptions/00000000-0000-0000-0000-000000000000/providers/Microsoft.Network/locations/eastus/operations/441e5639-7105-4d0b-840f-2ad724ab11dd?api-version=2020-06-01
  response:
    body:
      string: "{\r\n  \"status\": \"Succeeded\"\r\n}"
    headers:
      cache-control:
      - no-cache
      content-length:
      - '29'
      content-type:
      - application/json; charset=utf-8
      date:
      - Wed, 16 Sep 2020 06:25:20 GMT
      expires:
      - '-1'
      pragma:
      - no-cache
      server:
      - Microsoft-HTTPAPI/2.0
      - Microsoft-HTTPAPI/2.0
      strict-transport-security:
      - max-age=31536000; includeSubDomains
      transfer-encoding:
      - chunked
      vary:
      - Accept-Encoding
      x-content-type-options:
      - nosniff
      x-ms-arm-service-request-id:
      - d171bc48-97b6-4264-8703-cc2ccd439143
    status:
      code: 200
      message: OK
- request:
    body: null
    headers:
      Accept:
      - '*/*'
      Accept-Encoding:
      - gzip, deflate
      Connection:
      - keep-alive
      User-Agent:
      - azsdk-python-azure-mgmt-network/16.0.0 Python/3.6.9 (Linux-4.9.184-linuxkit-x86_64-with-Ubuntu-18.04-bionic)
    method: GET
    uri: https://management.azure.com/subscriptions/00000000-0000-0000-0000-000000000000/resourceGroups/rgname/providers/Microsoft.Network/networkInterfaces/interfacex15cf0eff?api-version=2020-06-01
  response:
    body:
      string: "{\r\n  \"name\": \"interfacex15cf0eff\",\r\n  \"id\": \"/subscriptions/00000000-0000-0000-0000-000000000000/resourceGroups/rgname/providers/Microsoft.Network/networkInterfaces/interfacex15cf0eff\"\
        ,\r\n  \"etag\": \"W/\\\"c13758d0-0415-4152-bbc4-d5c118c7de62\\\"\",\r\n \
        \ \"location\": \"eastus\",\r\n  \"properties\": {\r\n    \"provisioningState\"\
        : \"Succeeded\",\r\n    \"resourceGuid\": \"87dd5f4a-045d-4333-8157-e0466bfbd2b2\"\
        ,\r\n    \"ipConfigurations\": [\r\n      {\r\n        \"name\": \"MyIpConfig\"\
        ,\r\n        \"id\": \"/subscriptions/00000000-0000-0000-0000-000000000000/resourceGroups/rgname/providers/Microsoft.Network/networkInterfaces/interfacex15cf0eff/ipConfigurations/MyIpConfig\"\
        ,\r\n        \"etag\": \"W/\\\"c13758d0-0415-4152-bbc4-d5c118c7de62\\\"\"\
        ,\r\n        \"type\": \"Microsoft.Network/networkInterfaces/ipConfigurations\"\
        ,\r\n        \"properties\": {\r\n          \"provisioningState\": \"Succeeded\"\
        ,\r\n          \"privateIPAddress\": \"10.0.0.4\",\r\n          \"privateIPAllocationMethod\"\
        : \"Dynamic\",\r\n          \"subnet\": {\r\n            \"id\": \"/subscriptions/00000000-0000-0000-0000-000000000000/resourceGroups/rgname/providers/Microsoft.Network/virtualNetworks/networknamex15cf0eff/subnets/subnetx15cf0eff\"\
        \r\n          },\r\n          \"primary\": true,\r\n          \"privateIPAddressVersion\"\
        : \"IPv4\"\r\n        }\r\n      }\r\n    ],\r\n    \"dnsSettings\": {\r\n\
        \      \"dnsServers\": [],\r\n      \"appliedDnsServers\": [],\r\n      \"\
        internalDomainNameSuffix\": \"z4zjuvblqglujdstskxxo5gvsb.bx.internal.cloudapp.net\"\
        \r\n    },\r\n    \"enableAcceleratedNetworking\": false,\r\n    \"enableIPForwarding\"\
        : false,\r\n    \"hostedWorkloads\": [],\r\n    \"tapConfigurations\": [],\r\
        \n    \"nicType\": \"Standard\"\r\n  },\r\n  \"type\": \"Microsoft.Network/networkInterfaces\"\
        \r\n}"
    headers:
      cache-control:
      - no-cache
      content-length:
      - '1863'
      content-type:
      - application/json; charset=utf-8
      date:
      - Wed, 16 Sep 2020 06:25:20 GMT
      etag:
      - W/"c13758d0-0415-4152-bbc4-d5c118c7de62"
      expires:
      - '-1'
      pragma:
      - no-cache
      server:
      - Microsoft-HTTPAPI/2.0
      - Microsoft-HTTPAPI/2.0
      strict-transport-security:
      - max-age=31536000; includeSubDomains
      transfer-encoding:
      - chunked
      vary:
      - Accept-Encoding
      x-content-type-options:
      - nosniff
      x-ms-arm-service-request-id:
      - 51624c31-ad87-43a8-9107-236c2215b51f
    status:
      code: 200
      message: OK
- request:
    body: 'b''b\''{"location": "eastus", "properties": {"hardwareProfile": {"vmSize":
      "Standard_D2_v2"}, "storageProfile": {"imageReference": {"publisher": "MicrosoftWindowsServer",
      "offer": "WindowsServer", "sku": "2016-Datacenter", "version": "latest"}, "osDisk":
      {"name": "myVMosdisk", "caching": "ReadWrite", "createOption": "FromImage",
      "managedDisk": {"storageAccountType": "Standard_LRS"}}, "dataDisks": [{"lun":
      0, "createOption": "Empty", "diskSizeGB": 1023}, {"lun": 1, "createOption":
      "Empty", "diskSizeGB": 1023}]}, "osProfile": {"computerName": "myVM", "adminUsername":
      "testuser", "adminPassword": "Aa1!zyx_", "windowsConfiguration": {"enableAutomaticUpdates":
      true}}, "networkProfile": {"networkInterfaces": [{"id": "/subscriptions/00000000-0000-0000-0000-000000000000/resourceGroups/rgname/providers/Microsoft.Network/networkInterfaces/interfacex15cf0eff",
      "properties": {"primary": true}}]}}}\'''''
    headers:
      Accept:
      - application/json
      Accept-Encoding:
      - gzip, deflate
      Connection:
      - keep-alive
      Content-Length:
      - '960'
      Content-Type:
      - application/json
      User-Agent:
      - azsdk-python-azure-mgmt-compute/17.0.0 Python/3.6.9 (Linux-4.9.184-linuxkit-x86_64-with-Ubuntu-18.04-bionic)
    method: PUT
    uri: https://management.azure.com/subscriptions/00000000-0000-0000-0000-000000000000/resourceGroups/rgname/providers/Microsoft.Compute/virtualMachines/virtualmachinex15cf0eff?api-version=2020-06-01
  response:
    body:
      string: "{\r\n  \"name\": \"virtualmachinex15cf0eff\",\r\n  \"id\": \"/subscriptions/00000000-0000-0000-0000-000000000000/resourceGroups/rgname/providers/Microsoft.Compute/virtualMachines/virtualmachinex15cf0eff\"\
        ,\r\n  \"type\": \"Microsoft.Compute/virtualMachines\",\r\n  \"location\"\
        : \"eastus\",\r\n  \"properties\": {\r\n    \"vmId\": \"d513c9d3-b764-446e-b2cd-7613552ca441\"\
        ,\r\n    \"hardwareProfile\": {\r\n      \"vmSize\": \"Standard_D2_v2\"\r\n\
        \    },\r\n    \"storageProfile\": {\r\n      \"imageReference\": {\r\n  \
        \      \"publisher\": \"MicrosoftWindowsServer\",\r\n        \"offer\": \"\
        WindowsServer\",\r\n        \"sku\": \"2016-Datacenter\",\r\n        \"version\"\
        : \"latest\",\r\n        \"exactVersion\": \"14393.3930.2009041537\"\r\n \
        \     },\r\n      \"osDisk\": {\r\n        \"osType\": \"Windows\",\r\n  \
        \      \"name\": \"myVMosdisk\",\r\n        \"createOption\": \"FromImage\"\
        ,\r\n        \"caching\": \"ReadWrite\",\r\n        \"managedDisk\": {\r\n\
        \          \"storageAccountType\": \"Standard_LRS\"\r\n        },\r\n    \
        \    \"diskSizeGB\": 127\r\n      },\r\n      \"dataDisks\": [\r\n       \
        \ {\r\n          \"lun\": 0,\r\n          \"createOption\": \"Empty\",\r\n\
        \          \"caching\": \"None\",\r\n          \"managedDisk\": {\r\n    \
        \        \"storageAccountType\": \"Standard_LRS\"\r\n          },\r\n    \
        \      \"diskSizeGB\": 1023,\r\n          \"toBeDetached\": false\r\n    \
        \    },\r\n        {\r\n          \"lun\": 1,\r\n          \"createOption\"\
        : \"Empty\",\r\n          \"caching\": \"None\",\r\n          \"managedDisk\"\
        : {\r\n            \"storageAccountType\": \"Standard_LRS\"\r\n          },\r\
        \n          \"diskSizeGB\": 1023,\r\n          \"toBeDetached\": false\r\n\
        \        }\r\n      ]\r\n    },\r\n    \"osProfile\": {\r\n      \"computerName\"\
        : \"myVM\",\r\n      \"adminUsername\": \"testuser\",\r\n      \"windowsConfiguration\"\
        : {\r\n        \"provisionVMAgent\": true,\r\n        \"enableAutomaticUpdates\"\
        : true,\r\n        \"patchSettings\": {\r\n          \"patchMode\": \"AutomaticByOS\"\
        \r\n        }\r\n      },\r\n      \"secrets\": [],\r\n      \"allowExtensionOperations\"\
        : true,\r\n      \"requireGuestProvisionSignal\": true\r\n    },\r\n    \"\
        networkProfile\": {\"networkInterfaces\":[{\"id\":\"/subscriptions/00000000-0000-0000-0000-000000000000/resourceGroups/rgname/providers/Microsoft.Network/networkInterfaces/interfacex15cf0eff\"\
        ,\"properties\":{\"primary\":true}}]},\r\n    \"provisioningState\": \"Creating\"\
        \r\n  }\r\n}"
    headers:
      azure-asyncnotification:
      - Enabled
      azure-asyncoperation:
      - https://management.azure.com/subscriptions/00000000-0000-0000-0000-000000000000/providers/Microsoft.Compute/locations/eastus/operations/f2d158a7-0add-4839-9db6-43fd819c7b0b?api-version=2020-06-01
      cache-control:
      - no-cache
      content-length:
      - '2317'
      content-type:
      - application/json; charset=utf-8
      date:
      - Wed, 16 Sep 2020 06:25:35 GMT
      expires:
      - '-1'
      pragma:
      - no-cache
      server:
      - Microsoft-HTTPAPI/2.0
      - Microsoft-HTTPAPI/2.0
      strict-transport-security:
      - max-age=31536000; includeSubDomains
      x-content-type-options:
      - nosniff
      x-ms-ratelimit-remaining-resource:
      - Microsoft.Compute/PutVM3Min;239,Microsoft.Compute/PutVM30Min;1199
      x-ms-ratelimit-remaining-subscription-writes:
      - '1187'
    status:
      code: 201
      message: Created
- request:
    body: null
    headers:
      Accept:
      - '*/*'
      Accept-Encoding:
      - gzip, deflate
      Connection:
      - keep-alive
      User-Agent:
      - azsdk-python-azure-mgmt-compute/17.0.0 Python/3.6.9 (Linux-4.9.184-linuxkit-x86_64-with-Ubuntu-18.04-bionic)
    method: GET
    uri: https://management.azure.com/subscriptions/00000000-0000-0000-0000-000000000000/providers/Microsoft.Compute/locations/eastus/operations/f2d158a7-0add-4839-9db6-43fd819c7b0b?api-version=2020-06-01
  response:
    body:
      string: "{\r\n  \"startTime\": \"2020-09-16T06:25:34.0252913+00:00\",\r\n  \"\
        status\": \"InProgress\",\r\n  \"name\": \"f2d158a7-0add-4839-9db6-43fd819c7b0b\"\
        \r\n}"
    headers:
      cache-control:
      - no-cache
      content-length:
      - '134'
      content-type:
      - application/json; charset=utf-8
      date:
      - Wed, 16 Sep 2020 06:25:45 GMT
      expires:
      - '-1'
      pragma:
      - no-cache
      server:
      - Microsoft-HTTPAPI/2.0
      - Microsoft-HTTPAPI/2.0
      strict-transport-security:
      - max-age=31536000; includeSubDomains
      transfer-encoding:
      - chunked
      vary:
      - Accept-Encoding
      x-content-type-options:
      - nosniff
      x-ms-ratelimit-remaining-resource:
      - Microsoft.Compute/GetOperation3Min;14999,Microsoft.Compute/GetOperation30Min;29997
    status:
      code: 200
      message: OK
- request:
    body: null
    headers:
      Accept:
      - '*/*'
      Accept-Encoding:
      - gzip, deflate
      Connection:
      - keep-alive
      User-Agent:
      - azsdk-python-azure-mgmt-compute/17.0.0 Python/3.6.9 (Linux-4.9.184-linuxkit-x86_64-with-Ubuntu-18.04-bionic)
    method: GET
    uri: https://management.azure.com/subscriptions/00000000-0000-0000-0000-000000000000/providers/Microsoft.Compute/locations/eastus/operations/f2d158a7-0add-4839-9db6-43fd819c7b0b?api-version=2020-06-01
  response:
    body:
      string: "{\r\n  \"startTime\": \"2020-09-16T06:25:34.0252913+00:00\",\r\n  \"\
        status\": \"InProgress\",\r\n  \"name\": \"f2d158a7-0add-4839-9db6-43fd819c7b0b\"\
        \r\n}"
    headers:
      cache-control:
      - no-cache
      content-length:
      - '134'
      content-type:
      - application/json; charset=utf-8
      date:
      - Wed, 16 Sep 2020 06:26:35 GMT
      expires:
      - '-1'
      pragma:
      - no-cache
      server:
      - Microsoft-HTTPAPI/2.0
      - Microsoft-HTTPAPI/2.0
      strict-transport-security:
      - max-age=31536000; includeSubDomains
      transfer-encoding:
      - chunked
      vary:
      - Accept-Encoding
      x-content-type-options:
      - nosniff
      x-ms-ratelimit-remaining-resource:
      - Microsoft.Compute/GetOperation3Min;14998,Microsoft.Compute/GetOperation30Min;29996
    status:
      code: 200
      message: OK
- request:
    body: null
    headers:
      Accept:
      - '*/*'
      Accept-Encoding:
      - gzip, deflate
      Connection:
      - keep-alive
      User-Agent:
      - azsdk-python-azure-mgmt-compute/17.0.0 Python/3.6.9 (Linux-4.9.184-linuxkit-x86_64-with-Ubuntu-18.04-bionic)
    method: GET
    uri: https://management.azure.com/subscriptions/00000000-0000-0000-0000-000000000000/providers/Microsoft.Compute/locations/eastus/operations/f2d158a7-0add-4839-9db6-43fd819c7b0b?api-version=2020-06-01
  response:
    body:
      string: "{\r\n  \"startTime\": \"2020-09-16T06:25:34.0252913+00:00\",\r\n  \"\
        endTime\": \"2020-09-16T06:26:48.2915372+00:00\",\r\n  \"status\": \"Succeeded\"\
        ,\r\n  \"name\": \"f2d158a7-0add-4839-9db6-43fd819c7b0b\"\r\n}"
    headers:
      cache-control:
      - no-cache
      content-length:
      - '184'
      content-type:
      - application/json; charset=utf-8
      date:
      - Wed, 16 Sep 2020 06:27:05 GMT
      expires:
      - '-1'
      pragma:
      - no-cache
      server:
      - Microsoft-HTTPAPI/2.0
      - Microsoft-HTTPAPI/2.0
      strict-transport-security:
      - max-age=31536000; includeSubDomains
      transfer-encoding:
      - chunked
      vary:
      - Accept-Encoding
      x-content-type-options:
      - nosniff
      x-ms-ratelimit-remaining-resource:
      - Microsoft.Compute/GetOperation3Min;14996,Microsoft.Compute/GetOperation30Min;29994
    status:
      code: 200
      message: OK
- request:
    body: null
    headers:
      Accept:
      - '*/*'
      Accept-Encoding:
      - gzip, deflate
      Connection:
      - keep-alive
      User-Agent:
      - azsdk-python-azure-mgmt-compute/17.0.0 Python/3.6.9 (Linux-4.9.184-linuxkit-x86_64-with-Ubuntu-18.04-bionic)
    method: GET
    uri: https://management.azure.com/subscriptions/00000000-0000-0000-0000-000000000000/resourceGroups/rgname/providers/Microsoft.Compute/virtualMachines/virtualmachinex15cf0eff?api-version=2020-06-01
  response:
    body:
      string: "{\r\n  \"name\": \"virtualmachinex15cf0eff\",\r\n  \"id\": \"/subscriptions/00000000-0000-0000-0000-000000000000/resourceGroups/rgname/providers/Microsoft.Compute/virtualMachines/virtualmachinex15cf0eff\"\
        ,\r\n  \"type\": \"Microsoft.Compute/virtualMachines\",\r\n  \"location\"\
        : \"eastus\",\r\n  \"properties\": {\r\n    \"vmId\": \"d513c9d3-b764-446e-b2cd-7613552ca441\"\
        ,\r\n    \"hardwareProfile\": {\r\n      \"vmSize\": \"Standard_D2_v2\"\r\n\
        \    },\r\n    \"storageProfile\": {\r\n      \"imageReference\": {\r\n  \
        \      \"publisher\": \"MicrosoftWindowsServer\",\r\n        \"offer\": \"\
        WindowsServer\",\r\n        \"sku\": \"2016-Datacenter\",\r\n        \"version\"\
        : \"latest\",\r\n        \"exactVersion\": \"14393.3930.2009041537\"\r\n \
        \     },\r\n      \"osDisk\": {\r\n        \"osType\": \"Windows\",\r\n  \
        \      \"name\": \"myVMosdisk\",\r\n        \"createOption\": \"FromImage\"\
        ,\r\n        \"caching\": \"ReadWrite\",\r\n        \"managedDisk\": {\r\n\
        \          \"storageAccountType\": \"Standard_LRS\",\r\n          \"id\":\
        \ \"/subscriptions/00000000-0000-0000-0000-000000000000/resourceGroups/FAXZB4WAN4C5ZDFF2TSY6FQPLDOK5YNVP7S75Z543ONA77DLSBCJ2FIIF4EPNL6GSZTONVX7NEN/providers/Microsoft.Compute/disks/myVMosdisk\"\
        \r\n        },\r\n        \"diskSizeGB\": 127\r\n      },\r\n      \"dataDisks\"\
        : [\r\n        {\r\n          \"lun\": 0,\r\n          \"name\": \"virtualmachinex15cf0eff_disk2_361599c7f509421eadec1b2964391d52\"\
        ,\r\n          \"createOption\": \"Empty\",\r\n          \"caching\": \"None\"\
        ,\r\n          \"managedDisk\": {\r\n            \"storageAccountType\": \"\
        Standard_LRS\",\r\n            \"id\": \"/subscriptions/00000000-0000-0000-0000-000000000000/resourceGroups/FAXZB4WAN4C5ZDFF2TSY6FQPLDOK5YNVP7S75Z543ONA77DLSBCJ2FIIF4EPNL6GSZTONVX7NEN/providers/Microsoft.Compute/disks/virtualmachinex15cf0eff_disk2_361599c7f509421eadec1b2964391d52\"\
        \r\n          },\r\n          \"diskSizeGB\": 1023,\r\n          \"toBeDetached\"\
        : false\r\n        },\r\n        {\r\n          \"lun\": 1,\r\n          \"\
        name\": \"virtualmachinex15cf0eff_disk3_91f87690dd80480883677659a660dda4\"\
        ,\r\n          \"createOption\": \"Empty\",\r\n          \"caching\": \"None\"\
        ,\r\n          \"managedDisk\": {\r\n            \"storageAccountType\": \"\
        Standard_LRS\",\r\n            \"id\": \"/subscriptions/00000000-0000-0000-0000-000000000000/resourceGroups/FAXZB4WAN4C5ZDFF2TSY6FQPLDOK5YNVP7S75Z543ONA77DLSBCJ2FIIF4EPNL6GSZTONVX7NEN/providers/Microsoft.Compute/disks/virtualmachinex15cf0eff_disk3_91f87690dd80480883677659a660dda4\"\
        \r\n          },\r\n          \"diskSizeGB\": 1023,\r\n          \"toBeDetached\"\
        : false\r\n        }\r\n      ]\r\n    },\r\n    \"osProfile\": {\r\n    \
        \  \"computerName\": \"myVM\",\r\n      \"adminUsername\": \"testuser\",\r\
        \n      \"windowsConfiguration\": {\r\n        \"provisionVMAgent\": true,\r\
        \n        \"enableAutomaticUpdates\": true,\r\n        \"patchSettings\":\
        \ {\r\n          \"patchMode\": \"AutomaticByOS\"\r\n        }\r\n      },\r\
        \n      \"secrets\": [],\r\n      \"allowExtensionOperations\": true,\r\n\
        \      \"requireGuestProvisionSignal\": true\r\n    },\r\n    \"networkProfile\"\
        : {\"networkInterfaces\":[{\"id\":\"/subscriptions/00000000-0000-0000-0000-000000000000/resourceGroups/rgname/providers/Microsoft.Network/networkInterfaces/interfacex15cf0eff\"\
        ,\"properties\":{\"primary\":true}}]},\r\n    \"provisioningState\": \"Succeeded\"\
        \r\n  }\r\n}"
    headers:
      cache-control:
      - no-cache
      content-length:
      - '3220'
      content-type:
      - application/json; charset=utf-8
      date:
      - Wed, 16 Sep 2020 06:27:06 GMT
      expires:
      - '-1'
      pragma:
      - no-cache
      server:
      - Microsoft-HTTPAPI/2.0
      - Microsoft-HTTPAPI/2.0
      strict-transport-security:
      - max-age=31536000; includeSubDomains
      transfer-encoding:
      - chunked
      vary:
      - Accept-Encoding
      x-content-type-options:
      - nosniff
      x-ms-ratelimit-remaining-resource:
      - Microsoft.Compute/LowCostGet3Min;3997,Microsoft.Compute/LowCostGet30Min;31993
    status:
      code: 200
      message: OK
- request:
    body: '{"location": "eastus", "properties": {"publisher": "Microsoft.Azure.NetworkWatcher",
      "type": "NetworkWatcherAgentWindows", "typeHandlerVersion": "1.4", "autoUpgradeMinorVersion":
      true}}'
    headers:
      Accept:
      - application/json
      Accept-Encoding:
      - gzip, deflate
      Connection:
      - keep-alive
      Content-Length:
      - '185'
      Content-Type:
      - application/json
      User-Agent:
      - azsdk-python-azure-mgmt-compute/17.0.0 Python/3.6.9 (Linux-4.9.184-linuxkit-x86_64-with-Ubuntu-18.04-bionic)
    method: PUT
    uri: https://management.azure.com/subscriptions/00000000-0000-0000-0000-000000000000/resourceGroups/rgname/providers/Microsoft.Compute/virtualMachines/virtualmachinex15cf0eff/extensions/virtualmachineextensionx15cf0eff?api-version=2020-06-01
  response:
    body:
      string: "{\r\n  \"name\": \"virtualmachineextensionx15cf0eff\",\r\n  \"id\"\
        : \"/subscriptions/00000000-0000-0000-0000-000000000000/resourceGroups/rgname/providers/Microsoft.Compute/virtualMachines/virtualmachinex15cf0eff/extensions/virtualmachineextensionx15cf0eff\"\
        ,\r\n  \"type\": \"Microsoft.Compute/virtualMachines/extensions\",\r\n  \"\
        location\": \"eastus\",\r\n  \"properties\": {\r\n    \"autoUpgradeMinorVersion\"\
        : true,\r\n    \"provisioningState\": \"Creating\",\r\n    \"publisher\":\
        \ \"Microsoft.Azure.NetworkWatcher\",\r\n    \"type\": \"NetworkWatcherAgentWindows\"\
        ,\r\n    \"typeHandlerVersion\": \"1.4\"\r\n  }\r\n}"
    headers:
      azure-asyncnotification:
      - Enabled
      azure-asyncoperation:
      - https://management.azure.com/subscriptions/00000000-0000-0000-0000-000000000000/providers/Microsoft.Compute/locations/eastus/operations/979aa4e9-da8b-4ec2-99ee-e69f10affeec?api-version=2020-06-01
      cache-control:
      - no-cache
      content-length:
      - '630'
      content-type:
      - application/json; charset=utf-8
      date:
      - Wed, 16 Sep 2020 06:27:13 GMT
      expires:
      - '-1'
      pragma:
      - no-cache
      server:
      - Microsoft-HTTPAPI/2.0
      - Microsoft-HTTPAPI/2.0
      strict-transport-security:
      - max-age=31536000; includeSubDomains
      x-content-type-options:
      - nosniff
      x-ms-ratelimit-remaining-resource:
      - Microsoft.Compute/UpdateVM3Min;239,Microsoft.Compute/UpdateVM30Min;1199
      x-ms-ratelimit-remaining-subscription-writes:
      - '1186'
    status:
      code: 201
      message: Created
- request:
    body: null
    headers:
      Accept:
      - '*/*'
      Accept-Encoding:
      - gzip, deflate
      Connection:
      - keep-alive
      User-Agent:
      - azsdk-python-azure-mgmt-compute/17.0.0 Python/3.6.9 (Linux-4.9.184-linuxkit-x86_64-with-Ubuntu-18.04-bionic)
    method: GET
    uri: https://management.azure.com/subscriptions/00000000-0000-0000-0000-000000000000/providers/Microsoft.Compute/locations/eastus/operations/979aa4e9-da8b-4ec2-99ee-e69f10affeec?api-version=2020-06-01
  response:
    body:
      string: "{\r\n  \"startTime\": \"2020-09-16T06:27:12.9948556+00:00\",\r\n  \"\
        status\": \"InProgress\",\r\n  \"name\": \"979aa4e9-da8b-4ec2-99ee-e69f10affeec\"\
        \r\n}"
    headers:
      cache-control:
      - no-cache
      content-length:
      - '134'
      content-type:
      - application/json; charset=utf-8
      date:
      - Wed, 16 Sep 2020 06:27:44 GMT
      expires:
      - '-1'
      pragma:
      - no-cache
      server:
      - Microsoft-HTTPAPI/2.0
      - Microsoft-HTTPAPI/2.0
      strict-transport-security:
      - max-age=31536000; includeSubDomains
      transfer-encoding:
      - chunked
      vary:
      - Accept-Encoding
      x-content-type-options:
      - nosniff
      x-ms-ratelimit-remaining-resource:
      - Microsoft.Compute/GetOperation3Min;14995,Microsoft.Compute/GetOperation30Min;29993
    status:
      code: 200
      message: OK
- request:
    body: null
    headers:
      Accept:
      - '*/*'
      Accept-Encoding:
      - gzip, deflate
      Connection:
      - keep-alive
      User-Agent:
      - azsdk-python-azure-mgmt-compute/17.0.0 Python/3.6.9 (Linux-4.9.184-linuxkit-x86_64-with-Ubuntu-18.04-bionic)
    method: GET
    uri: https://management.azure.com/subscriptions/00000000-0000-0000-0000-000000000000/providers/Microsoft.Compute/locations/eastus/operations/979aa4e9-da8b-4ec2-99ee-e69f10affeec?api-version=2020-06-01
  response:
    body:
      string: "{\r\n  \"startTime\": \"2020-09-16T06:27:12.9948556+00:00\",\r\n  \"\
        status\": \"InProgress\",\r\n  \"name\": \"979aa4e9-da8b-4ec2-99ee-e69f10affeec\"\
        \r\n}"
    headers:
      cache-control:
      - no-cache
      content-length:
      - '134'
      content-type:
      - application/json; charset=utf-8
      date:
      - Wed, 16 Sep 2020 06:28:14 GMT
      expires:
      - '-1'
      pragma:
      - no-cache
      server:
      - Microsoft-HTTPAPI/2.0
      - Microsoft-HTTPAPI/2.0
      strict-transport-security:
      - max-age=31536000; includeSubDomains
      transfer-encoding:
      - chunked
      vary:
      - Accept-Encoding
      x-content-type-options:
      - nosniff
      x-ms-ratelimit-remaining-resource:
      - Microsoft.Compute/GetOperation3Min;14994,Microsoft.Compute/GetOperation30Min;29992
    status:
      code: 200
      message: OK
- request:
    body: null
    headers:
      Accept:
      - '*/*'
      Accept-Encoding:
      - gzip, deflate
      Connection:
      - keep-alive
      User-Agent:
      - azsdk-python-azure-mgmt-compute/17.0.0 Python/3.6.9 (Linux-4.9.184-linuxkit-x86_64-with-Ubuntu-18.04-bionic)
    method: GET
    uri: https://management.azure.com/subscriptions/00000000-0000-0000-0000-000000000000/providers/Microsoft.Compute/locations/eastus/operations/979aa4e9-da8b-4ec2-99ee-e69f10affeec?api-version=2020-06-01
  response:
    body:
      string: "{\r\n  \"startTime\": \"2020-09-16T06:27:12.9948556+00:00\",\r\n  \"\
        endTime\": \"2020-09-16T06:28:41.1985743+00:00\",\r\n  \"status\": \"Succeeded\"\
        ,\r\n  \"name\": \"979aa4e9-da8b-4ec2-99ee-e69f10affeec\"\r\n}"
    headers:
      cache-control:
      - no-cache
      content-length:
      - '184'
      content-type:
      - application/json; charset=utf-8
      date:
      - Wed, 16 Sep 2020 06:28:44 GMT
      expires:
      - '-1'
      pragma:
      - no-cache
      server:
      - Microsoft-HTTPAPI/2.0
      - Microsoft-HTTPAPI/2.0
      strict-transport-security:
      - max-age=31536000; includeSubDomains
      transfer-encoding:
      - chunked
      vary:
      - Accept-Encoding
      x-content-type-options:
      - nosniff
      x-ms-ratelimit-remaining-resource:
      - Microsoft.Compute/GetOperation3Min;14994,Microsoft.Compute/GetOperation30Min;29991
    status:
      code: 200
      message: OK
- request:
    body: null
    headers:
      Accept:
      - '*/*'
      Accept-Encoding:
      - gzip, deflate
      Connection:
      - keep-alive
      User-Agent:
      - azsdk-python-azure-mgmt-compute/17.0.0 Python/3.6.9 (Linux-4.9.184-linuxkit-x86_64-with-Ubuntu-18.04-bionic)
    method: GET
    uri: https://management.azure.com/subscriptions/00000000-0000-0000-0000-000000000000/resourceGroups/rgname/providers/Microsoft.Compute/virtualMachines/virtualmachinex15cf0eff/extensions/virtualmachineextensionx15cf0eff?api-version=2020-06-01
  response:
    body:
      string: "{\r\n  \"name\": \"virtualmachineextensionx15cf0eff\",\r\n  \"id\"\
        : \"/subscriptions/00000000-0000-0000-0000-000000000000/resourceGroups/rgname/providers/Microsoft.Compute/virtualMachines/virtualmachinex15cf0eff/extensions/virtualmachineextensionx15cf0eff\"\
        ,\r\n  \"type\": \"Microsoft.Compute/virtualMachines/extensions\",\r\n  \"\
        location\": \"eastus\",\r\n  \"properties\": {\r\n    \"autoUpgradeMinorVersion\"\
        : true,\r\n    \"provisioningState\": \"Succeeded\",\r\n    \"publisher\"\
        : \"Microsoft.Azure.NetworkWatcher\",\r\n    \"type\": \"NetworkWatcherAgentWindows\"\
        ,\r\n    \"typeHandlerVersion\": \"1.4\"\r\n  }\r\n}"
    headers:
      cache-control:
      - no-cache
      content-length:
      - '631'
      content-type:
      - application/json; charset=utf-8
      date:
      - Wed, 16 Sep 2020 06:28:45 GMT
      expires:
      - '-1'
      pragma:
      - no-cache
      server:
      - Microsoft-HTTPAPI/2.0
      - Microsoft-HTTPAPI/2.0
      strict-transport-security:
      - max-age=31536000; includeSubDomains
      transfer-encoding:
      - chunked
      vary:
      - Accept-Encoding
      x-content-type-options:
      - nosniff
      x-ms-ratelimit-remaining-resource:
      - Microsoft.Compute/LowCostGet3Min;3996,Microsoft.Compute/LowCostGet30Min;31992
    status:
      code: 200
      message: OK
- request:
    body: null
    headers:
      Accept:
      - application/json
      Accept-Encoding:
      - gzip, deflate
      Connection:
      - keep-alive
      User-Agent:
      - azsdk-python-azure-mgmt-compute/17.0.0 Python/3.6.9 (Linux-4.9.184-linuxkit-x86_64-with-Ubuntu-18.04-bionic)
    method: GET
    uri: https://management.azure.com/subscriptions/00000000-0000-0000-0000-000000000000/resourceGroups/rgname/providers/Microsoft.Compute/virtualMachines/virtualmachinex15cf0eff/instanceView?api-version=2020-06-01
  response:
    body:
      string: "{\r\n  \"computerName\": \"myVM\",\r\n  \"osName\": \"Windows Server\
        \ 2016 Datacenter\",\r\n  \"osVersion\": \"Microsoft Windows NT 10.0.14393.0\"\
        ,\r\n  \"vmAgent\": {\r\n    \"vmAgentVersion\": \"2.7.41491.992\",\r\n  \
        \  \"statuses\": [\r\n      {\r\n        \"code\": \"ProvisioningState/succeeded\"\
        ,\r\n        \"level\": \"Info\",\r\n        \"displayStatus\": \"Ready\"\
        ,\r\n        \"message\": \"GuestAgent is running and processing the extensions.\"\
        ,\r\n        \"time\": \"2020-09-16T06:28:38+00:00\"\r\n      }\r\n    ],\r\
        \n    \"extensionHandlers\": [\r\n      {\r\n        \"type\": \"Microsoft.Azure.NetworkWatcher.NetworkWatcherAgentWindows\"\
        ,\r\n        \"typeHandlerVersion\": \"1.4.1587.1\",\r\n        \"status\"\
        : {\r\n          \"code\": \"ProvisioningState/succeeded\",\r\n          \"\
        level\": \"Info\",\r\n          \"displayStatus\": \"Ready\",\r\n        \
        \  \"message\": \"Plugin enabled (handler name: Microsoft.Azure.NetworkWatcher.NetworkWatcherAgentWindows,\
        \ extension name: , version: 1.4.1587.1).\"\r\n        }\r\n      }\r\n  \
        \  ]\r\n  },\r\n  \"disks\": [\r\n    {\r\n      \"name\": \"myVMosdisk\"\
        ,\r\n      \"statuses\": [\r\n        {\r\n          \"code\": \"ProvisioningState/succeeded\"\
        ,\r\n          \"level\": \"Info\",\r\n          \"displayStatus\": \"Provisioning\
        \ succeeded\",\r\n          \"time\": \"2020-09-16T06:25:35.9159962+00:00\"\
        \r\n        }\r\n      ]\r\n    },\r\n    {\r\n      \"name\": \"virtualmachinex15cf0eff_disk2_361599c7f509421eadec1b2964391d52\"\
        ,\r\n      \"statuses\": [\r\n        {\r\n          \"code\": \"ProvisioningState/succeeded\"\
        ,\r\n          \"level\": \"Info\",\r\n          \"displayStatus\": \"Provisioning\
        \ succeeded\",\r\n          \"time\": \"2020-09-16T06:25:35.9159962+00:00\"\
        \r\n        }\r\n      ]\r\n    },\r\n    {\r\n      \"name\": \"virtualmachinex15cf0eff_disk3_91f87690dd80480883677659a660dda4\"\
        ,\r\n      \"statuses\": [\r\n        {\r\n          \"code\": \"ProvisioningState/succeeded\"\
        ,\r\n          \"level\": \"Info\",\r\n          \"displayStatus\": \"Provisioning\
        \ succeeded\",\r\n          \"time\": \"2020-09-16T06:25:35.9159962+00:00\"\
        \r\n        }\r\n      ]\r\n    }\r\n  ],\r\n  \"extensions\": [\r\n    {\r\
        \n      \"name\": \"virtualmachineextensionx15cf0eff\",\r\n      \"type\"\
        : \"Microsoft.Azure.NetworkWatcher.NetworkWatcherAgentWindows\",\r\n     \
        \ \"typeHandlerVersion\": \"1.4.1587.1\",\r\n      \"statuses\": [\r\n   \
        \     {\r\n          \"code\": \"ProvisioningState/succeeded\",\r\n      \
        \    \"level\": \"Info\",\r\n          \"displayStatus\": \"Provisioning succeeded\"\
        ,\r\n          \"message\": \"Plugin enabled (handler name: Microsoft.Azure.NetworkWatcher.NetworkWatcherAgentWindows,\
        \ extension name: , version: 1.4.1587.1).\"\r\n        }\r\n      ]\r\n  \
        \  }\r\n  ],\r\n  \"hyperVGeneration\": \"V1\",\r\n  \"statuses\": [\r\n \
        \   {\r\n      \"code\": \"ProvisioningState/succeeded\",\r\n      \"level\"\
        : \"Info\",\r\n      \"displayStatus\": \"Provisioning succeeded\",\r\n  \
        \    \"time\": \"2020-09-16T06:28:41.1829637+00:00\"\r\n    },\r\n    {\r\n\
        \      \"code\": \"PowerState/running\",\r\n      \"level\": \"Info\",\r\n\
        \      \"displayStatus\": \"VM running\"\r\n    }\r\n  ]\r\n}"
    headers:
      cache-control:
      - no-cache
      content-length:
      - '2811'
      content-type:
      - application/json; charset=utf-8
      date:
      - Wed, 16 Sep 2020 06:28:45 GMT
      expires:
      - '-1'
      pragma:
      - no-cache
      server:
      - Microsoft-HTTPAPI/2.0
      - Microsoft-HTTPAPI/2.0
      strict-transport-security:
      - max-age=31536000; includeSubDomains
      transfer-encoding:
      - chunked
      vary:
      - Accept-Encoding
      x-content-type-options:
      - nosniff
      x-ms-ratelimit-remaining-resource:
      - Microsoft.Compute/LowCostGet3Min;3995,Microsoft.Compute/LowCostGet30Min;31991
    status:
      code: 200
      message: OK
- request:
    body: null
    headers:
      Accept:
      - application/json
      Accept-Encoding:
      - gzip, deflate
      Connection:
      - keep-alive
      User-Agent:
      - azsdk-python-azure-mgmt-compute/17.0.0 Python/3.6.9 (Linux-4.9.184-linuxkit-x86_64-with-Ubuntu-18.04-bionic)
    method: GET
    uri: https://management.azure.com/subscriptions/00000000-0000-0000-0000-000000000000/resourceGroups/rgname/providers/Microsoft.Compute/virtualMachines/virtualmachinex15cf0eff/extensions/virtualmachineextensionx15cf0eff?api-version=2020-06-01
  response:
    body:
      string: "{\r\n  \"name\": \"virtualmachineextensionx15cf0eff\",\r\n  \"id\"\
        : \"/subscriptions/00000000-0000-0000-0000-000000000000/resourceGroups/rgname/providers/Microsoft.Compute/virtualMachines/virtualmachinex15cf0eff/extensions/virtualmachineextensionx15cf0eff\"\
        ,\r\n  \"type\": \"Microsoft.Compute/virtualMachines/extensions\",\r\n  \"\
        location\": \"eastus\",\r\n  \"properties\": {\r\n    \"autoUpgradeMinorVersion\"\
        : true,\r\n    \"provisioningState\": \"Succeeded\",\r\n    \"publisher\"\
        : \"Microsoft.Azure.NetworkWatcher\",\r\n    \"type\": \"NetworkWatcherAgentWindows\"\
        ,\r\n    \"typeHandlerVersion\": \"1.4\"\r\n  }\r\n}"
    headers:
      cache-control:
      - no-cache
      content-length:
      - '631'
      content-type:
      - application/json; charset=utf-8
      date:
      - Wed, 16 Sep 2020 06:28:45 GMT
      expires:
      - '-1'
      pragma:
      - no-cache
      server:
      - Microsoft-HTTPAPI/2.0
      - Microsoft-HTTPAPI/2.0
      strict-transport-security:
      - max-age=31536000; includeSubDomains
      transfer-encoding:
      - chunked
      vary:
      - Accept-Encoding
      x-content-type-options:
      - nosniff
      x-ms-ratelimit-remaining-resource:
      - Microsoft.Compute/LowCostGet3Min;3993,Microsoft.Compute/LowCostGet30Min;31989
    status:
      code: 200
      message: OK
- request:
    body: null
    headers:
      Accept:
      - application/json, text/json
      Accept-Encoding:
      - gzip, deflate
      Connection:
      - keep-alive
      User-Agent:
      - azsdk-python-azure-mgmt-compute/17.0.0 Python/3.6.9 (Linux-4.9.184-linuxkit-x86_64-with-Ubuntu-18.04-bionic)
    method: GET
    uri: https://management.azure.com/subscriptions/00000000-0000-0000-0000-000000000000/providers/Microsoft.Compute/locations/eastus/runCommands/RunPowerShellScript?api-version=2020-06-01
  response:
    body:
      string: "{\r\n  \"script\": [\r\n    \"param(\",\r\n    \"    [string]$arg1,\"\
        ,\r\n    \"    [string]$arg2\",\r\n    \")\",\r\n    \"Write-Host This is\
        \ a sample script with parameters $arg1 $arg2\"\r\n  ],\r\n  \"parameters\"\
        : [\r\n    {\r\n      \"name\": \"arg1\",\r\n      \"type\": \"string\",\r\
        \n      \"required\": false\r\n    },\r\n    {\r\n      \"name\": \"arg2\"\
        ,\r\n      \"type\": \"string\",\r\n      \"required\": false\r\n    }\r\n\
        \  ],\r\n  \"$schema\": \"http://schema.management.azure.com/schemas/2016-11-17/runcommands.json\"\
        ,\r\n  \"id\": \"RunPowerShellScript\",\r\n  \"osType\": \"Windows\",\r\n\
        \  \"label\": \"Executes a PowerShell script\",\r\n  \"description\": \"Custom\
        \ multiline PowerShell script should be defined in script property. Optional\
        \ parameters can be set in parameters property.\"\r\n}"
    headers:
      cache-control:
      - no-cache
      content-length:
      - '709'
      content-type:
      - application/json; charset=utf-8
      date:
      - Wed, 16 Sep 2020 06:28:46 GMT
      expires:
      - '-1'
      pragma:
      - no-cache
      server:
      - Microsoft-HTTPAPI/2.0
      - Microsoft-HTTPAPI/2.0
      strict-transport-security:
      - max-age=31536000; includeSubDomains
      transfer-encoding:
      - chunked
      vary:
      - Accept-Encoding
      x-content-type-options:
      - nosniff
      x-ms-ratelimit-remaining-resource:
      - Microsoft.Compute/GetSubscriptionInfo3Min;359
    status:
      code: 200
      message: OK
- request:
    body: null
    headers:
      Accept:
      - application/json
      Accept-Encoding:
      - gzip, deflate
      Connection:
      - keep-alive
      User-Agent:
      - azsdk-python-azure-mgmt-compute/17.0.0 Python/3.6.9 (Linux-4.9.184-linuxkit-x86_64-with-Ubuntu-18.04-bionic)
    method: GET
    uri: https://management.azure.com/subscriptions/00000000-0000-0000-0000-000000000000/resourceGroups/rgname/providers/Microsoft.Compute/virtualMachines/virtualmachinex15cf0eff/extensions?api-version=2020-06-01
  response:
    body:
      string: "{\r\n  \"value\": [\r\n    {\r\n      \"name\": \"virtualmachineextensionx15cf0eff\"\
        ,\r\n      \"id\": \"/subscriptions/00000000-0000-0000-0000-000000000000/resourceGroups/rgname/providers/Microsoft.Compute/virtualMachines/virtualmachinex15cf0eff/extensions/virtualmachineextensionx15cf0eff\"\
        ,\r\n      \"type\": \"Microsoft.Compute/virtualMachines/extensions\",\r\n\
        \      \"location\": \"eastus\",\r\n      \"properties\": {\r\n        \"\
        autoUpgradeMinorVersion\": true,\r\n        \"provisioningState\": \"Succeeded\"\
        ,\r\n        \"publisher\": \"Microsoft.Azure.NetworkWatcher\",\r\n      \
        \  \"type\": \"NetworkWatcherAgentWindows\",\r\n        \"typeHandlerVersion\"\
        : \"1.4\"\r\n      }\r\n    }\r\n  ]\r\n}"
    headers:
      cache-control:
      - no-cache
      content-length:
      - '708'
      content-type:
      - application/json; charset=utf-8
      date:
      - Wed, 16 Sep 2020 06:28:48 GMT
      expires:
      - '-1'
      pragma:
      - no-cache
      server:
      - Microsoft-HTTPAPI/2.0
      - Microsoft-HTTPAPI/2.0
      strict-transport-security:
      - max-age=31536000; includeSubDomains
      transfer-encoding:
      - chunked
      vary:
      - Accept-Encoding
      x-content-type-options:
      - nosniff
      x-ms-ratelimit-remaining-resource:
      - Microsoft.Compute/LowCostGet3Min;3992,Microsoft.Compute/LowCostGet30Min;31988
    status:
      code: 200
      message: OK
- request:
    body: null
    headers:
      Accept:
      - application/json
      Accept-Encoding:
      - gzip, deflate
      Connection:
      - keep-alive
      User-Agent:
      - azsdk-python-azure-mgmt-compute/17.0.0 Python/3.6.9 (Linux-4.9.184-linuxkit-x86_64-with-Ubuntu-18.04-bionic)
    method: GET
    uri: https://management.azure.com/subscriptions/00000000-0000-0000-0000-000000000000/resourceGroups/rgname/providers/Microsoft.Compute/virtualMachines/virtualmachinex15cf0eff?$expand=instanceView&api-version=2020-06-01
  response:
    body:
      string: "{\r\n  \"name\": \"virtualmachinex15cf0eff\",\r\n  \"id\": \"/subscriptions/00000000-0000-0000-0000-000000000000/resourceGroups/rgname/providers/Microsoft.Compute/virtualMachines/virtualmachinex15cf0eff\"\
        ,\r\n  \"type\": \"Microsoft.Compute/virtualMachines\",\r\n  \"location\"\
        : \"eastus\",\r\n  \"properties\": {\r\n    \"vmId\": \"d513c9d3-b764-446e-b2cd-7613552ca441\"\
        ,\r\n    \"hardwareProfile\": {\r\n      \"vmSize\": \"Standard_D2_v2\"\r\n\
        \    },\r\n    \"storageProfile\": {\r\n      \"imageReference\": {\r\n  \
        \      \"publisher\": \"MicrosoftWindowsServer\",\r\n        \"offer\": \"\
        WindowsServer\",\r\n        \"sku\": \"2016-Datacenter\",\r\n        \"version\"\
        : \"latest\",\r\n        \"exactVersion\": \"14393.3930.2009041537\"\r\n \
        \     },\r\n      \"osDisk\": {\r\n        \"osType\": \"Windows\",\r\n  \
        \      \"name\": \"myVMosdisk\",\r\n        \"createOption\": \"FromImage\"\
        ,\r\n        \"caching\": \"ReadWrite\",\r\n        \"managedDisk\": {\r\n\
        \          \"storageAccountType\": \"Standard_LRS\",\r\n          \"id\":\
        \ \"/subscriptions/00000000-0000-0000-0000-000000000000/resourceGroups/FAXZB4WAN4C5ZDFF2TSY6FQPLDOK5YNVP7S75Z543ONA77DLSBCJ2FIIF4EPNL6GSZTONVX7NEN/providers/Microsoft.Compute/disks/myVMosdisk\"\
        \r\n        },\r\n        \"diskSizeGB\": 127\r\n      },\r\n      \"dataDisks\"\
        : [\r\n        {\r\n          \"lun\": 0,\r\n          \"name\": \"virtualmachinex15cf0eff_disk2_361599c7f509421eadec1b2964391d52\"\
        ,\r\n          \"createOption\": \"Empty\",\r\n          \"caching\": \"None\"\
        ,\r\n          \"managedDisk\": {\r\n            \"storageAccountType\": \"\
        Standard_LRS\",\r\n            \"id\": \"/subscriptions/00000000-0000-0000-0000-000000000000/resourceGroups/FAXZB4WAN4C5ZDFF2TSY6FQPLDOK5YNVP7S75Z543ONA77DLSBCJ2FIIF4EPNL6GSZTONVX7NEN/providers/Microsoft.Compute/disks/virtualmachinex15cf0eff_disk2_361599c7f509421eadec1b2964391d52\"\
        \r\n          },\r\n          \"diskSizeGB\": 1023,\r\n          \"toBeDetached\"\
        : false\r\n        },\r\n        {\r\n          \"lun\": 1,\r\n          \"\
        name\": \"virtualmachinex15cf0eff_disk3_91f87690dd80480883677659a660dda4\"\
        ,\r\n          \"createOption\": \"Empty\",\r\n          \"caching\": \"None\"\
        ,\r\n          \"managedDisk\": {\r\n            \"storageAccountType\": \"\
        Standard_LRS\",\r\n            \"id\": \"/subscriptions/00000000-0000-0000-0000-000000000000/resourceGroups/FAXZB4WAN4C5ZDFF2TSY6FQPLDOK5YNVP7S75Z543ONA77DLSBCJ2FIIF4EPNL6GSZTONVX7NEN/providers/Microsoft.Compute/disks/virtualmachinex15cf0eff_disk3_91f87690dd80480883677659a660dda4\"\
        \r\n          },\r\n          \"diskSizeGB\": 1023,\r\n          \"toBeDetached\"\
        : false\r\n        }\r\n      ]\r\n    },\r\n    \"osProfile\": {\r\n    \
        \  \"computerName\": \"myVM\",\r\n      \"adminUsername\": \"testuser\",\r\
        \n      \"windowsConfiguration\": {\r\n        \"provisionVMAgent\": true,\r\
        \n        \"enableAutomaticUpdates\": true,\r\n        \"patchSettings\":\
        \ {\r\n          \"patchMode\": \"AutomaticByOS\"\r\n        }\r\n      },\r\
        \n      \"secrets\": [],\r\n      \"allowExtensionOperations\": true,\r\n\
        \      \"requireGuestProvisionSignal\": true\r\n    },\r\n    \"networkProfile\"\
        : {\"networkInterfaces\":[{\"id\":\"/subscriptions/00000000-0000-0000-0000-000000000000/resourceGroups/rgname/providers/Microsoft.Network/networkInterfaces/interfacex15cf0eff\"\
        ,\"properties\":{\"primary\":true}}]},\r\n    \"provisioningState\": \"Succeeded\"\
        ,\r\n    \"instanceView\": {\r\n      \"computerName\": \"myVM\",\r\n    \
        \  \"osName\": \"Windows Server 2016 Datacenter\",\r\n      \"osVersion\"\
        : \"Microsoft Windows NT 10.0.14393.0\",\r\n      \"vmAgent\": {\r\n     \
        \   \"vmAgentVersion\": \"2.7.41491.992\",\r\n        \"statuses\": [\r\n\
        \          {\r\n            \"code\": \"ProvisioningState/succeeded\",\r\n\
        \            \"level\": \"Info\",\r\n            \"displayStatus\": \"Ready\"\
        ,\r\n            \"message\": \"GuestAgent is running and processing the extensions.\"\
        ,\r\n            \"time\": \"2020-09-16T06:28:38+00:00\"\r\n          }\r\n\
        \        ],\r\n        \"extensionHandlers\": [\r\n          {\r\n       \
        \     \"type\": \"Microsoft.Azure.NetworkWatcher.NetworkWatcherAgentWindows\"\
        ,\r\n            \"typeHandlerVersion\": \"1.4.1587.1\",\r\n            \"\
        status\": {\r\n              \"code\": \"ProvisioningState/succeeded\",\r\n\
        \              \"level\": \"Info\",\r\n              \"displayStatus\": \"\
        Ready\",\r\n              \"message\": \"Plugin enabled (handler name: Microsoft.Azure.NetworkWatcher.NetworkWatcherAgentWindows,\
        \ extension name: , version: 1.4.1587.1).\"\r\n            }\r\n         \
        \ }\r\n        ]\r\n      },\r\n      \"disks\": [\r\n        {\r\n      \
        \    \"name\": \"myVMosdisk\",\r\n          \"statuses\": [\r\n          \
        \  {\r\n              \"code\": \"ProvisioningState/succeeded\",\r\n     \
        \         \"level\": \"Info\",\r\n              \"displayStatus\": \"Provisioning\
        \ succeeded\",\r\n              \"time\": \"2020-09-16T06:25:35.9159962+00:00\"\
        \r\n            }\r\n          ]\r\n        },\r\n        {\r\n          \"\
        name\": \"virtualmachinex15cf0eff_disk2_361599c7f509421eadec1b2964391d52\"\
        ,\r\n          \"statuses\": [\r\n            {\r\n              \"code\"\
        : \"ProvisioningState/succeeded\",\r\n              \"level\": \"Info\",\r\
        \n              \"displayStatus\": \"Provisioning succeeded\",\r\n       \
        \       \"time\": \"2020-09-16T06:25:35.9159962+00:00\"\r\n            }\r\
        \n          ]\r\n        },\r\n        {\r\n          \"name\": \"virtualmachinex15cf0eff_disk3_91f87690dd80480883677659a660dda4\"\
        ,\r\n          \"statuses\": [\r\n            {\r\n              \"code\"\
        : \"ProvisioningState/succeeded\",\r\n              \"level\": \"Info\",\r\
        \n              \"displayStatus\": \"Provisioning succeeded\",\r\n       \
        \       \"time\": \"2020-09-16T06:25:35.9159962+00:00\"\r\n            }\r\
        \n          ]\r\n        }\r\n      ],\r\n      \"extensions\": [\r\n    \
        \    {\r\n          \"name\": \"virtualmachineextensionx15cf0eff\",\r\n  \
        \        \"type\": \"Microsoft.Azure.NetworkWatcher.NetworkWatcherAgentWindows\"\
        ,\r\n          \"typeHandlerVersion\": \"1.4.1587.1\",\r\n          \"statuses\"\
        : [\r\n            {\r\n              \"code\": \"ProvisioningState/succeeded\"\
        ,\r\n              \"level\": \"Info\",\r\n              \"displayStatus\"\
        : \"Provisioning succeeded\",\r\n              \"message\": \"Plugin enabled\
        \ (handler name: Microsoft.Azure.NetworkWatcher.NetworkWatcherAgentWindows,\
        \ extension name: , version: 1.4.1587.1).\"\r\n            }\r\n         \
        \ ]\r\n        }\r\n      ],\r\n      \"hyperVGeneration\": \"V1\",\r\n  \
        \    \"statuses\": [\r\n        {\r\n          \"code\": \"ProvisioningState/succeeded\"\
        ,\r\n          \"level\": \"Info\",\r\n          \"displayStatus\": \"Provisioning\
        \ succeeded\",\r\n          \"time\": \"2020-09-16T06:28:41.1829637+00:00\"\
        \r\n        },\r\n        {\r\n          \"code\": \"PowerState/running\"\
        ,\r\n          \"level\": \"Info\",\r\n          \"displayStatus\": \"VM running\"\
        \r\n        }\r\n      ]\r\n    }\r\n  },\r\n  \"resources\": [\r\n    {\r\
        \n      \"name\": \"virtualmachineextensionx15cf0eff\",\r\n      \"id\": \"\
        /subscriptions/00000000-0000-0000-0000-000000000000/resourceGroups/rgname/providers/Microsoft.Compute/virtualMachines/virtualmachinex15cf0eff/extensions/virtualmachineextensionx15cf0eff\"\
        ,\r\n      \"type\": \"Microsoft.Compute/virtualMachines/extensions\",\r\n\
        \      \"location\": \"eastus\",\r\n      \"properties\": {\r\n        \"\
        autoUpgradeMinorVersion\": true,\r\n        \"provisioningState\": \"Succeeded\"\
        ,\r\n        \"publisher\": \"Microsoft.Azure.NetworkWatcher\",\r\n      \
        \  \"type\": \"NetworkWatcherAgentWindows\",\r\n        \"typeHandlerVersion\"\
        : \"1.4\"\r\n      }\r\n    }\r\n  ]\r\n}"
    headers:
      cache-control:
      - no-cache
      content-length:
      - '7131'
      content-type:
      - application/json; charset=utf-8
      date:
      - Wed, 16 Sep 2020 06:28:48 GMT
      expires:
      - '-1'
      pragma:
      - no-cache
      server:
      - Microsoft-HTTPAPI/2.0
      - Microsoft-HTTPAPI/2.0
      strict-transport-security:
      - max-age=31536000; includeSubDomains
      transfer-encoding:
      - chunked
      vary:
      - Accept-Encoding
      x-content-type-options:
      - nosniff
      x-ms-ratelimit-remaining-resource:
      - Microsoft.Compute/LowCostGet3Min;3991,Microsoft.Compute/LowCostGet30Min;31987
    status:
      code: 200
      message: OK
- request:
    body: '{"commandId": "RunPowerShellScript"}'
    headers:
      Accept:
      - application/json, text/json
      Accept-Encoding:
      - gzip, deflate
      Connection:
      - keep-alive
      Content-Length:
      - '36'
      Content-Type:
      - application/json
      User-Agent:
      - azsdk-python-azure-mgmt-compute/17.0.0 Python/3.6.9 (Linux-4.9.184-linuxkit-x86_64-with-Ubuntu-18.04-bionic)
    method: POST
    uri: https://management.azure.com/subscriptions/00000000-0000-0000-0000-000000000000/resourceGroups/rgname/providers/Microsoft.Compute/virtualMachines/virtualmachinex15cf0eff/runCommand?api-version=2020-06-01
  response:
    body:
      string: ''
    headers:
      azure-asyncoperation:
      - https://management.azure.com/subscriptions/00000000-0000-0000-0000-000000000000/providers/Microsoft.Compute/locations/eastus/operations/1ebb8542-b09d-4f2a-a6d1-02dad95e71f3?api-version=2020-06-01
      cache-control:
      - no-cache
      content-length:
      - '0'
      date:
      - Wed, 16 Sep 2020 06:28:49 GMT
      expires:
      - '-1'
      location:
      - https://management.azure.com/subscriptions/00000000-0000-0000-0000-000000000000/providers/Microsoft.Compute/locations/eastus/operations/1ebb8542-b09d-4f2a-a6d1-02dad95e71f3?monitor=true&api-version=2020-06-01
      pragma:
      - no-cache
      server:
      - Microsoft-HTTPAPI/2.0
      - Microsoft-HTTPAPI/2.0
      strict-transport-security:
      - max-age=31536000; includeSubDomains
      x-content-type-options:
      - nosniff
      x-ms-ratelimit-remaining-resource:
      - Microsoft.Compute/UpdateVM3Min;238,Microsoft.Compute/UpdateVM30Min;1198
      x-ms-ratelimit-remaining-subscription-writes:
      - '1196'
    status:
      code: 202
      message: Accepted
- request:
    body: null
    headers:
      Accept:
      - '*/*'
      Accept-Encoding:
      - gzip, deflate
      Connection:
      - keep-alive
      User-Agent:
      - azsdk-python-azure-mgmt-compute/17.0.0 Python/3.6.9 (Linux-4.9.184-linuxkit-x86_64-with-Ubuntu-18.04-bionic)
    method: GET
    uri: https://management.azure.com/subscriptions/00000000-0000-0000-0000-000000000000/providers/Microsoft.Compute/locations/eastus/operations/1ebb8542-b09d-4f2a-a6d1-02dad95e71f3?api-version=2020-06-01
  response:
    body:
      string: "{\r\n  \"startTime\": \"2020-09-16T06:28:49.6830116+00:00\",\r\n  \"\
        endTime\": \"2020-09-16T06:29:20.1207628+00:00\",\r\n  \"status\": \"Succeeded\"\
        ,\r\n  \"properties\": {\r\n    \"output\": {\r\n  \"value\": [\r\n    {\r\
        \n      \"code\": \"ComponentStatus/StdOut/succeeded\",\r\n      \"level\"\
        : \"Info\",\r\n      \"displayStatus\": \"Provisioning succeeded\",\r\n  \
        \    \"message\": \"This is a sample script with parameters  \"\r\n    },\r\
        \n    {\r\n      \"code\": \"ComponentStatus/StdErr/succeeded\",\r\n     \
        \ \"level\": \"Info\",\r\n      \"displayStatus\": \"Provisioning succeeded\"\
        ,\r\n      \"message\": \"\"\r\n    }\r\n  ]\r\n}\r\n  },\r\n  \"name\": \"\
        1ebb8542-b09d-4f2a-a6d1-02dad95e71f3\"\r\n}"
    headers:
      cache-control:
      - no-cache
      content-length:
      - '610'
      content-type:
      - application/json; charset=utf-8
      date:
      - Wed, 16 Sep 2020 06:29:20 GMT
      expires:
      - '-1'
      pragma:
      - no-cache
      server:
      - Microsoft-HTTPAPI/2.0
      - Microsoft-HTTPAPI/2.0
      strict-transport-security:
      - max-age=31536000; includeSubDomains
      transfer-encoding:
      - chunked
      vary:
      - Accept-Encoding
      x-content-type-options:
      - nosniff
      x-ms-ratelimit-remaining-resource:
      - Microsoft.Compute/GetOperation3Min;14991,Microsoft.Compute/GetOperation30Min;29988
    status:
      code: 200
      message: OK
- request:
    body: null
    headers:
      Accept:
      - '*/*'
      Accept-Encoding:
      - gzip, deflate
      Connection:
      - keep-alive
      User-Agent:
      - azsdk-python-azure-mgmt-compute/17.0.0 Python/3.6.9 (Linux-4.9.184-linuxkit-x86_64-with-Ubuntu-18.04-bionic)
    method: GET
    uri: https://management.azure.com/subscriptions/00000000-0000-0000-0000-000000000000/providers/Microsoft.Compute/locations/eastus/operations/1ebb8542-b09d-4f2a-a6d1-02dad95e71f3?monitor=true&api-version=2020-06-01
  response:
    body:
      string: '{"value":[{"code":"ComponentStatus/StdOut/succeeded","level":"Info","displayStatus":"Provisioning
        succeeded","message":"This is a sample script with parameters  "},{"code":"ComponentStatus/StdErr/succeeded","level":"Info","displayStatus":"Provisioning
        succeeded","message":""}]}'
    headers:
      cache-control:
      - no-cache
      content-length:
      - '278'
      content-type:
      - application/json; charset=utf-8
      date:
      - Wed, 16 Sep 2020 06:29:20 GMT
      expires:
      - '-1'
      pragma:
      - no-cache
      server:
      - Microsoft-HTTPAPI/2.0
      - Microsoft-HTTPAPI/2.0
      strict-transport-security:
      - max-age=31536000; includeSubDomains
      transfer-encoding:
      - chunked
      vary:
      - Accept-Encoding
      x-content-type-options:
      - nosniff
      x-ms-ratelimit-remaining-resource:
      - Microsoft.Compute/GetOperation3Min;14990,Microsoft.Compute/GetOperation30Min;29987
    status:
      code: 200
      message: OK
- request:
    body: null
    headers:
      Accept:
      - '*/*'
      Accept-Encoding:
      - gzip, deflate
      Connection:
      - keep-alive
      Content-Length:
      - '0'
      User-Agent:
      - azsdk-python-azure-mgmt-compute/17.0.0 Python/3.6.9 (Linux-4.9.184-linuxkit-x86_64-with-Ubuntu-18.04-bionic)
    method: POST
    uri: https://management.azure.com/subscriptions/00000000-0000-0000-0000-000000000000/resourceGroups/rgname/providers/Microsoft.Compute/virtualMachines/virtualmachinex15cf0eff/restart?api-version=2020-06-01
  response:
    body:
      string: ''
    headers:
      azure-asyncoperation:
      - https://management.azure.com/subscriptions/00000000-0000-0000-0000-000000000000/providers/Microsoft.Compute/locations/eastus/operations/c80b26a4-473b-4194-9a60-eaa99f169a93?api-version=2020-06-01
      cache-control:
      - no-cache
      content-length:
      - '0'
      date:
      - Wed, 16 Sep 2020 06:29:20 GMT
      expires:
      - '-1'
      location:
      - https://management.azure.com/subscriptions/00000000-0000-0000-0000-000000000000/providers/Microsoft.Compute/locations/eastus/operations/c80b26a4-473b-4194-9a60-eaa99f169a93?monitor=true&api-version=2020-06-01
      pragma:
      - no-cache
      server:
      - Microsoft-HTTPAPI/2.0
      - Microsoft-HTTPAPI/2.0
      strict-transport-security:
      - max-age=31536000; includeSubDomains
      x-content-type-options:
      - nosniff
      x-ms-ratelimit-remaining-resource:
      - Microsoft.Compute/UpdateVM3Min;237,Microsoft.Compute/UpdateVM30Min;1197
      x-ms-ratelimit-remaining-subscription-writes:
      - '1195'
    status:
      code: 202
      message: Accepted
- request:
    body: null
    headers:
      Accept:
      - '*/*'
      Accept-Encoding:
      - gzip, deflate
      Connection:
      - keep-alive
      User-Agent:
      - azsdk-python-azure-mgmt-compute/17.0.0 Python/3.6.9 (Linux-4.9.184-linuxkit-x86_64-with-Ubuntu-18.04-bionic)
    method: GET
    uri: https://management.azure.com/subscriptions/00000000-0000-0000-0000-000000000000/providers/Microsoft.Compute/locations/eastus/operations/c80b26a4-473b-4194-9a60-eaa99f169a93?api-version=2020-06-01
  response:
    body:
      string: "{\r\n  \"startTime\": \"2020-09-16T06:29:20.8551366+00:00\",\r\n  \"\
        endTime\": \"2020-09-16T06:29:21.1520132+00:00\",\r\n  \"status\": \"Succeeded\"\
        ,\r\n  \"name\": \"c80b26a4-473b-4194-9a60-eaa99f169a93\"\r\n}"
    headers:
      cache-control:
      - no-cache
      content-length:
      - '184'
      content-type:
      - application/json; charset=utf-8
      date:
      - Wed, 16 Sep 2020 06:29:51 GMT
      expires:
      - '-1'
      pragma:
      - no-cache
      server:
      - Microsoft-HTTPAPI/2.0
      - Microsoft-HTTPAPI/2.0
      strict-transport-security:
      - max-age=31536000; includeSubDomains
      transfer-encoding:
      - chunked
      vary:
      - Accept-Encoding
      x-content-type-options:
      - nosniff
      x-ms-ratelimit-remaining-resource:
      - Microsoft.Compute/GetOperation3Min;14989,Microsoft.Compute/GetOperation30Min;29984
    status:
      code: 200
      message: OK
- request:
    body: null
    headers:
      Accept:
      - '*/*'
      Accept-Encoding:
      - gzip, deflate
      Connection:
      - keep-alive
      User-Agent:
      - azsdk-python-azure-mgmt-compute/17.0.0 Python/3.6.9 (Linux-4.9.184-linuxkit-x86_64-with-Ubuntu-18.04-bionic)
    method: GET
    uri: https://management.azure.com/subscriptions/00000000-0000-0000-0000-000000000000/providers/Microsoft.Compute/locations/eastus/operations/c80b26a4-473b-4194-9a60-eaa99f169a93?monitor=true&api-version=2020-06-01
  response:
    body:
      string: ''
    headers:
      cache-control:
      - no-cache
      content-length:
      - '0'
      date:
      - Wed, 16 Sep 2020 06:29:51 GMT
      expires:
      - '-1'
      pragma:
      - no-cache
      server:
      - Microsoft-HTTPAPI/2.0
      - Microsoft-HTTPAPI/2.0
      strict-transport-security:
      - max-age=31536000; includeSubDomains
      x-content-type-options:
      - nosniff
      x-ms-ratelimit-remaining-resource:
      - Microsoft.Compute/GetOperation3Min;14988,Microsoft.Compute/GetOperation30Min;29983
    status:
      code: 200
      message: OK
- request:
    body: null
    headers:
      Accept:
      - '*/*'
      Accept-Encoding:
      - gzip, deflate
      Connection:
      - keep-alive
      Content-Length:
      - '0'
      User-Agent:
      - azsdk-python-azure-mgmt-compute/17.0.0 Python/3.6.9 (Linux-4.9.184-linuxkit-x86_64-with-Ubuntu-18.04-bionic)
    method: POST
    uri: https://management.azure.com/subscriptions/00000000-0000-0000-0000-000000000000/resourceGroups/rgname/providers/Microsoft.Compute/virtualMachines/virtualmachinex15cf0eff/powerOff?skipShutdown=false&api-version=2020-06-01
  response:
    body:
      string: ''
    headers:
      azure-asyncoperation:
      - https://management.azure.com/subscriptions/00000000-0000-0000-0000-000000000000/providers/Microsoft.Compute/locations/eastus/operations/6c4b76d2-449a-4752-9364-1fa87298fe58?api-version=2020-06-01
      cache-control:
      - no-cache
      content-length:
      - '0'
      date:
      - Wed, 16 Sep 2020 06:29:51 GMT
      expires:
      - '-1'
      location:
      - https://management.azure.com/subscriptions/00000000-0000-0000-0000-000000000000/providers/Microsoft.Compute/locations/eastus/operations/6c4b76d2-449a-4752-9364-1fa87298fe58?monitor=true&api-version=2020-06-01
      pragma:
      - no-cache
      server:
      - Microsoft-HTTPAPI/2.0
      - Microsoft-HTTPAPI/2.0
      strict-transport-security:
      - max-age=31536000; includeSubDomains
      x-content-type-options:
      - nosniff
      x-ms-ratelimit-remaining-resource:
      - Microsoft.Compute/UpdateVM3Min;236,Microsoft.Compute/UpdateVM30Min;1196
      x-ms-ratelimit-remaining-subscription-writes:
      - '1194'
    status:
      code: 202
      message: Accepted
- request:
    body: null
    headers:
      Accept:
      - '*/*'
      Accept-Encoding:
      - gzip, deflate
      Connection:
      - keep-alive
      User-Agent:
      - azsdk-python-azure-mgmt-compute/17.0.0 Python/3.6.9 (Linux-4.9.184-linuxkit-x86_64-with-Ubuntu-18.04-bionic)
    method: GET
    uri: https://management.azure.com/subscriptions/00000000-0000-0000-0000-000000000000/providers/Microsoft.Compute/locations/eastus/operations/6c4b76d2-449a-4752-9364-1fa87298fe58?api-version=2020-06-01
  response:
    body:
      string: "{\r\n  \"startTime\": \"2020-09-16T06:29:51.9647037+00:00\",\r\n  \"\
        endTime\": \"2020-09-16T06:30:12.8554837+00:00\",\r\n  \"status\": \"Succeeded\"\
        ,\r\n  \"name\": \"6c4b76d2-449a-4752-9364-1fa87298fe58\"\r\n}"
    headers:
      cache-control:
      - no-cache
      content-length:
      - '184'
      content-type:
      - application/json; charset=utf-8
      date:
      - Wed, 16 Sep 2020 06:30:21 GMT
      expires:
      - '-1'
      pragma:
      - no-cache
      server:
      - Microsoft-HTTPAPI/2.0
      - Microsoft-HTTPAPI/2.0
      strict-transport-security:
      - max-age=31536000; includeSubDomains
      transfer-encoding:
      - chunked
      vary:
      - Accept-Encoding
      x-content-type-options:
      - nosniff
      x-ms-ratelimit-remaining-resource:
      - Microsoft.Compute/GetOperation3Min;14987,Microsoft.Compute/GetOperation30Min;29983
    status:
      code: 200
      message: OK
- request:
    body: null
    headers:
      Accept:
      - '*/*'
      Accept-Encoding:
      - gzip, deflate
      Connection:
      - keep-alive
      User-Agent:
      - azsdk-python-azure-mgmt-compute/17.0.0 Python/3.6.9 (Linux-4.9.184-linuxkit-x86_64-with-Ubuntu-18.04-bionic)
    method: GET
    uri: https://management.azure.com/subscriptions/00000000-0000-0000-0000-000000000000/providers/Microsoft.Compute/locations/eastus/operations/6c4b76d2-449a-4752-9364-1fa87298fe58?monitor=true&api-version=2020-06-01
  response:
    body:
      string: ''
    headers:
      cache-control:
      - no-cache
      content-length:
      - '0'
      date:
      - Wed, 16 Sep 2020 06:30:22 GMT
      expires:
      - '-1'
      pragma:
      - no-cache
      server:
      - Microsoft-HTTPAPI/2.0
      - Microsoft-HTTPAPI/2.0
      strict-transport-security:
      - max-age=31536000; includeSubDomains
      x-content-type-options:
      - nosniff
      x-ms-ratelimit-remaining-resource:
      - Microsoft.Compute/GetOperation3Min;14986,Microsoft.Compute/GetOperation30Min;29982
    status:
      code: 200
      message: OK
- request:
    body: null
    headers:
      Accept:
      - '*/*'
      Accept-Encoding:
      - gzip, deflate
      Connection:
      - keep-alive
      Content-Length:
      - '0'
      User-Agent:
      - azsdk-python-azure-mgmt-compute/17.0.0 Python/3.6.9 (Linux-4.9.184-linuxkit-x86_64-with-Ubuntu-18.04-bionic)
    method: POST
    uri: https://management.azure.com/subscriptions/00000000-0000-0000-0000-000000000000/resourceGroups/rgname/providers/Microsoft.Compute/virtualMachines/virtualmachinex15cf0eff/start?api-version=2020-06-01
  response:
    body:
      string: ''
    headers:
      azure-asyncoperation:
      - https://management.azure.com/subscriptions/00000000-0000-0000-0000-000000000000/providers/Microsoft.Compute/locations/eastus/operations/2b582f7e-3cf4-4afb-aba7-1522c4d5dba2?api-version=2020-06-01
      cache-control:
      - no-cache
      content-length:
      - '0'
      date:
      - Wed, 16 Sep 2020 06:30:22 GMT
      expires:
      - '-1'
      location:
      - https://management.azure.com/subscriptions/00000000-0000-0000-0000-000000000000/providers/Microsoft.Compute/locations/eastus/operations/2b582f7e-3cf4-4afb-aba7-1522c4d5dba2?monitor=true&api-version=2020-06-01
      pragma:
      - no-cache
      server:
      - Microsoft-HTTPAPI/2.0
      - Microsoft-HTTPAPI/2.0
      strict-transport-security:
      - max-age=31536000; includeSubDomains
      x-content-type-options:
      - nosniff
      x-ms-ratelimit-remaining-resource:
      - Microsoft.Compute/UpdateVM3Min;236,Microsoft.Compute/UpdateVM30Min;1195
      x-ms-ratelimit-remaining-subscription-writes:
      - '1193'
    status:
      code: 202
      message: Accepted
- request:
    body: null
    headers:
      Accept:
      - '*/*'
      Accept-Encoding:
      - gzip, deflate
      Connection:
      - keep-alive
      User-Agent:
      - azsdk-python-azure-mgmt-compute/17.0.0 Python/3.6.9 (Linux-4.9.184-linuxkit-x86_64-with-Ubuntu-18.04-bionic)
    method: GET
    uri: https://management.azure.com/subscriptions/00000000-0000-0000-0000-000000000000/providers/Microsoft.Compute/locations/eastus/operations/2b582f7e-3cf4-4afb-aba7-1522c4d5dba2?api-version=2020-06-01
  response:
    body:
      string: "{\r\n  \"startTime\": \"2020-09-16T06:30:23.1055379+00:00\",\r\n  \"\
        endTime\": \"2020-09-16T06:30:28.05872+00:00\",\r\n  \"status\": \"Succeeded\"\
        ,\r\n  \"name\": \"2b582f7e-3cf4-4afb-aba7-1522c4d5dba2\"\r\n}"
    headers:
      cache-control:
      - no-cache
      content-length:
      - '182'
      content-type:
      - application/json; charset=utf-8
      date:
      - Wed, 16 Sep 2020 06:30:33 GMT
      expires:
      - '-1'
      pragma:
      - no-cache
      server:
      - Microsoft-HTTPAPI/2.0
      - Microsoft-HTTPAPI/2.0
      strict-transport-security:
      - max-age=31536000; includeSubDomains
      transfer-encoding:
      - chunked
      vary:
      - Accept-Encoding
      x-content-type-options:
      - nosniff
      x-ms-ratelimit-remaining-resource:
      - Microsoft.Compute/GetOperation3Min;14984,Microsoft.Compute/GetOperation30Min;29979
    status:
      code: 200
      message: OK
- request:
    body: null
    headers:
      Accept:
      - '*/*'
      Accept-Encoding:
      - gzip, deflate
      Connection:
      - keep-alive
      User-Agent:
      - azsdk-python-azure-mgmt-compute/17.0.0 Python/3.6.9 (Linux-4.9.184-linuxkit-x86_64-with-Ubuntu-18.04-bionic)
    method: GET
    uri: https://management.azure.com/subscriptions/00000000-0000-0000-0000-000000000000/providers/Microsoft.Compute/locations/eastus/operations/2b582f7e-3cf4-4afb-aba7-1522c4d5dba2?monitor=true&api-version=2020-06-01
  response:
    body:
      string: ''
    headers:
      cache-control:
      - no-cache
      content-length:
      - '0'
      date:
      - Wed, 16 Sep 2020 06:30:35 GMT
      expires:
      - '-1'
      pragma:
      - no-cache
      server:
      - Microsoft-HTTPAPI/2.0
      - Microsoft-HTTPAPI/2.0
      strict-transport-security:
      - max-age=31536000; includeSubDomains
      x-content-type-options:
      - nosniff
      x-ms-ratelimit-remaining-resource:
      - Microsoft.Compute/GetOperation3Min;14983,Microsoft.Compute/GetOperation30Min;29978
    status:
      code: 200
      message: OK
- request:
    body: '{"properties": {"autoUpgradeMinorVersion": true}}'
    headers:
      Accept:
      - application/json
      Accept-Encoding:
      - gzip, deflate
      Connection:
      - keep-alive
      Content-Length:
      - '49'
      Content-Type:
      - application/json
      User-Agent:
      - azsdk-python-azure-mgmt-compute/17.0.0 Python/3.6.9 (Linux-4.9.184-linuxkit-x86_64-with-Ubuntu-18.04-bionic)
    method: PATCH
    uri: https://management.azure.com/subscriptions/00000000-0000-0000-0000-000000000000/resourceGroups/rgname/providers/Microsoft.Compute/virtualMachines/virtualmachinex15cf0eff/extensions/virtualmachineextensionx15cf0eff?api-version=2020-06-01
  response:
    body:
      string: "{\r\n  \"name\": \"virtualmachineextensionx15cf0eff\",\r\n  \"id\"\
        : \"/subscriptions/00000000-0000-0000-0000-000000000000/resourceGroups/rgname/providers/Microsoft.Compute/virtualMachines/virtualmachinex15cf0eff/extensions/virtualmachineextensionx15cf0eff\"\
        ,\r\n  \"type\": \"Microsoft.Compute/virtualMachines/extensions\",\r\n  \"\
        location\": \"eastus\",\r\n  \"properties\": {\r\n    \"autoUpgradeMinorVersion\"\
        : true,\r\n    \"provisioningState\": \"Updating\",\r\n    \"publisher\":\
        \ \"Microsoft.Azure.NetworkWatcher\",\r\n    \"type\": \"NetworkWatcherAgentWindows\"\
        ,\r\n    \"typeHandlerVersion\": \"1.4\"\r\n  }\r\n}"
    headers:
      azure-asyncoperation:
      - https://management.azure.com/subscriptions/00000000-0000-0000-0000-000000000000/providers/Microsoft.Compute/locations/eastus/operations/f6fcfbb7-03f0-4437-8b48-7f8782141e0e?api-version=2020-06-01
      cache-control:
      - no-cache
      content-length:
      - '630'
      content-type:
      - application/json; charset=utf-8
      date:
      - Wed, 16 Sep 2020 06:30:35 GMT
      expires:
      - '-1'
      pragma:
      - no-cache
      server:
      - Microsoft-HTTPAPI/2.0
      - Microsoft-HTTPAPI/2.0
      strict-transport-security:
      - max-age=31536000; includeSubDomains
      transfer-encoding:
      - chunked
      vary:
      - Accept-Encoding
      x-content-type-options:
      - nosniff
      x-ms-ratelimit-remaining-resource:
      - Microsoft.Compute/UpdateVM3Min;235,Microsoft.Compute/UpdateVM30Min;1194
      x-ms-ratelimit-remaining-subscription-writes:
      - '1185'
    status:
      code: 200
      message: OK
- request:
    body: null
    headers:
      Accept:
      - '*/*'
      Accept-Encoding:
      - gzip, deflate
      Connection:
      - keep-alive
      User-Agent:
      - azsdk-python-azure-mgmt-compute/17.0.0 Python/3.6.9 (Linux-4.9.184-linuxkit-x86_64-with-Ubuntu-18.04-bionic)
    method: GET
    uri: https://management.azure.com/subscriptions/00000000-0000-0000-0000-000000000000/providers/Microsoft.Compute/locations/eastus/operations/f6fcfbb7-03f0-4437-8b48-7f8782141e0e?api-version=2020-06-01
  response:
    body:
      string: "{\r\n  \"startTime\": \"2020-09-16T06:30:36.0899754+00:00\",\r\n  \"\
        endTime\": \"2020-09-16T06:30:36.4337379+00:00\",\r\n  \"status\": \"Succeeded\"\
        ,\r\n  \"name\": \"f6fcfbb7-03f0-4437-8b48-7f8782141e0e\"\r\n}"
    headers:
      cache-control:
      - no-cache
      content-length:
      - '184'
      content-type:
      - application/json; charset=utf-8
      date:
      - Wed, 16 Sep 2020 06:31:08 GMT
      expires:
      - '-1'
      pragma:
      - no-cache
      server:
      - Microsoft-HTTPAPI/2.0
      - Microsoft-HTTPAPI/2.0
      strict-transport-security:
      - max-age=31536000; includeSubDomains
      transfer-encoding:
      - chunked
      vary:
      - Accept-Encoding
      x-content-type-options:
      - nosniff
      x-ms-ratelimit-remaining-resource:
      - Microsoft.Compute/GetOperation3Min;14983,Microsoft.Compute/GetOperation30Min;29977
    status:
      code: 200
      message: OK
- request:
    body: null
    headers:
      Accept:
      - '*/*'
      Accept-Encoding:
      - gzip, deflate
      Connection:
      - keep-alive
      User-Agent:
      - azsdk-python-azure-mgmt-compute/17.0.0 Python/3.6.9 (Linux-4.9.184-linuxkit-x86_64-with-Ubuntu-18.04-bionic)
    method: GET
    uri: https://management.azure.com/subscriptions/00000000-0000-0000-0000-000000000000/resourceGroups/rgname/providers/Microsoft.Compute/virtualMachines/virtualmachinex15cf0eff/extensions/virtualmachineextensionx15cf0eff?api-version=2020-06-01
  response:
    body:
      string: "{\r\n  \"name\": \"virtualmachineextensionx15cf0eff\",\r\n  \"id\"\
        : \"/subscriptions/00000000-0000-0000-0000-000000000000/resourceGroups/rgname/providers/Microsoft.Compute/virtualMachines/virtualmachinex15cf0eff/extensions/virtualmachineextensionx15cf0eff\"\
        ,\r\n  \"type\": \"Microsoft.Compute/virtualMachines/extensions\",\r\n  \"\
        location\": \"eastus\",\r\n  \"properties\": {\r\n    \"autoUpgradeMinorVersion\"\
        : true,\r\n    \"provisioningState\": \"Succeeded\",\r\n    \"publisher\"\
        : \"Microsoft.Azure.NetworkWatcher\",\r\n    \"type\": \"NetworkWatcherAgentWindows\"\
        ,\r\n    \"typeHandlerVersion\": \"1.4\"\r\n  }\r\n}"
    headers:
      cache-control:
      - no-cache
      content-length:
      - '631'
      content-type:
      - application/json; charset=utf-8
      date:
      - Wed, 16 Sep 2020 06:31:08 GMT
      expires:
      - '-1'
      pragma:
      - no-cache
      server:
      - Microsoft-HTTPAPI/2.0
      - Microsoft-HTTPAPI/2.0
      strict-transport-security:
      - max-age=31536000; includeSubDomains
      transfer-encoding:
      - chunked
      vary:
      - Accept-Encoding
      x-content-type-options:
      - nosniff
      x-ms-ratelimit-remaining-resource:
      - Microsoft.Compute/LowCostGet3Min;3993,Microsoft.Compute/LowCostGet30Min;31990
    status:
      code: 200
      message: OK
- request:
    body: null
    headers:
      Accept:
      - '*/*'
      Accept-Encoding:
      - gzip, deflate
      Connection:
      - keep-alive
      Content-Length:
      - '0'
      User-Agent:
      - azsdk-python-azure-mgmt-compute/17.0.0 Python/3.6.9 (Linux-4.9.184-linuxkit-x86_64-with-Ubuntu-18.04-bionic)
    method: DELETE
    uri: https://management.azure.com/subscriptions/00000000-0000-0000-0000-000000000000/resourceGroups/rgname/providers/Microsoft.Compute/virtualMachines/virtualmachinex15cf0eff/extensions/virtualmachineextensionx15cf0eff?api-version=2020-06-01
  response:
    body:
      string: ''
    headers:
      azure-asyncnotification:
      - Enabled
      azure-asyncoperation:
      - https://management.azure.com/subscriptions/00000000-0000-0000-0000-000000000000/providers/Microsoft.Compute/locations/eastus/operations/27555e7f-108e-40c0-84e6-cab9621cc029?api-version=2020-06-01
      cache-control:
      - no-cache
      content-length:
      - '0'
      date:
      - Wed, 16 Sep 2020 06:31:09 GMT
      expires:
      - '-1'
      location:
      - https://management.azure.com/subscriptions/00000000-0000-0000-0000-000000000000/providers/Microsoft.Compute/locations/eastus/operations/27555e7f-108e-40c0-84e6-cab9621cc029?monitor=true&api-version=2020-06-01
      pragma:
      - no-cache
      server:
      - Microsoft-HTTPAPI/2.0
      - Microsoft-HTTPAPI/2.0
      strict-transport-security:
      - max-age=31536000; includeSubDomains
      x-content-type-options:
      - nosniff
      x-ms-ratelimit-remaining-resource:
      - Microsoft.Compute/UpdateVM3Min;234,Microsoft.Compute/UpdateVM30Min;1193
      x-ms-ratelimit-remaining-subscription-deletes:
      - '14993'
    status:
      code: 202
      message: Accepted
- request:
    body: null
    headers:
      Accept:
      - '*/*'
      Accept-Encoding:
      - gzip, deflate
      Connection:
      - keep-alive
      User-Agent:
      - azsdk-python-azure-mgmt-compute/17.0.0 Python/3.6.9 (Linux-4.9.184-linuxkit-x86_64-with-Ubuntu-18.04-bionic)
    method: GET
    uri: https://management.azure.com/subscriptions/00000000-0000-0000-0000-000000000000/providers/Microsoft.Compute/locations/eastus/operations/27555e7f-108e-40c0-84e6-cab9621cc029?api-version=2020-06-01
  response:
    body:
      string: "{\r\n  \"startTime\": \"2020-09-16T06:31:09.4652045+00:00\",\r\n  \"\
        endTime\": \"2020-09-16T06:31:39.8716594+00:00\",\r\n  \"status\": \"Succeeded\"\
        ,\r\n  \"name\": \"27555e7f-108e-40c0-84e6-cab9621cc029\"\r\n}"
    headers:
      cache-control:
      - no-cache
      content-length:
      - '184'
      content-type:
      - application/json; charset=utf-8
      date:
      - Wed, 16 Sep 2020 06:31:40 GMT
      expires:
      - '-1'
      pragma:
      - no-cache
      server:
      - Microsoft-HTTPAPI/2.0
      - Microsoft-HTTPAPI/2.0
      strict-transport-security:
      - max-age=31536000; includeSubDomains
      transfer-encoding:
      - chunked
      vary:
      - Accept-Encoding
      x-content-type-options:
      - nosniff
      x-ms-ratelimit-remaining-resource:
      - Microsoft.Compute/GetOperation3Min;14984,Microsoft.Compute/GetOperation30Min;29976
    status:
      code: 200
      message: OK
- request:
    body: null
    headers:
      Accept:
      - '*/*'
      Accept-Encoding:
      - gzip, deflate
      Connection:
      - keep-alive
      Content-Length:
      - '0'
      User-Agent:
      - azsdk-python-azure-mgmt-compute/17.0.0 Python/3.6.9 (Linux-4.9.184-linuxkit-x86_64-with-Ubuntu-18.04-bionic)
    method: POST
    uri: https://management.azure.com/subscriptions/00000000-0000-0000-0000-000000000000/resourceGroups/rgname/providers/Microsoft.Compute/virtualMachines/virtualmachinex15cf0eff/powerOff?skipShutdown=false&api-version=2020-06-01
  response:
    body:
      string: ''
    headers:
      azure-asyncoperation:
      - https://management.azure.com/subscriptions/00000000-0000-0000-0000-000000000000/providers/Microsoft.Compute/locations/eastus/operations/c790e5ee-a09a-44d0-a51f-b028af9e2b14?api-version=2020-06-01
      cache-control:
      - no-cache
      content-length:
      - '0'
      date:
      - Wed, 16 Sep 2020 06:31:40 GMT
      expires:
      - '-1'
      location:
      - https://management.azure.com/subscriptions/00000000-0000-0000-0000-000000000000/providers/Microsoft.Compute/locations/eastus/operations/c790e5ee-a09a-44d0-a51f-b028af9e2b14?monitor=true&api-version=2020-06-01
      pragma:
      - no-cache
      server:
      - Microsoft-HTTPAPI/2.0
      - Microsoft-HTTPAPI/2.0
      strict-transport-security:
      - max-age=31536000; includeSubDomains
      x-content-type-options:
      - nosniff
      x-ms-ratelimit-remaining-resource:
      - Microsoft.Compute/UpdateVM3Min;234,Microsoft.Compute/UpdateVM30Min;1192
      x-ms-ratelimit-remaining-subscription-writes:
      - '1192'
    status:
      code: 202
      message: Accepted
- request:
    body: null
    headers:
      Accept:
      - '*/*'
      Accept-Encoding:
      - gzip, deflate
      Connection:
      - keep-alive
      User-Agent:
      - azsdk-python-azure-mgmt-compute/17.0.0 Python/3.6.9 (Linux-4.9.184-linuxkit-x86_64-with-Ubuntu-18.04-bionic)
    method: GET
    uri: https://management.azure.com/subscriptions/00000000-0000-0000-0000-000000000000/providers/Microsoft.Compute/locations/eastus/operations/c790e5ee-a09a-44d0-a51f-b028af9e2b14?api-version=2020-06-01
  response:
    body:
      string: "{\r\n  \"startTime\": \"2020-09-16T06:31:40.9497759+00:00\",\r\n  \"\
        endTime\": \"2020-09-16T06:31:53.0592369+00:00\",\r\n  \"status\": \"Succeeded\"\
        ,\r\n  \"name\": \"c790e5ee-a09a-44d0-a51f-b028af9e2b14\"\r\n}"
    headers:
      cache-control:
      - no-cache
      content-length:
      - '184'
      content-type:
      - application/json; charset=utf-8
      date:
      - Wed, 16 Sep 2020 06:32:11 GMT
      expires:
      - '-1'
      pragma:
      - no-cache
      server:
      - Microsoft-HTTPAPI/2.0
      - Microsoft-HTTPAPI/2.0
      strict-transport-security:
      - max-age=31536000; includeSubDomains
      transfer-encoding:
      - chunked
      vary:
      - Accept-Encoding
      x-content-type-options:
      - nosniff
      x-ms-ratelimit-remaining-resource:
      - Microsoft.Compute/GetOperation3Min;14985,Microsoft.Compute/GetOperation30Min;29973
    status:
      code: 200
      message: OK
- request:
    body: null
    headers:
      Accept:
      - '*/*'
      Accept-Encoding:
      - gzip, deflate
      Connection:
      - keep-alive
      User-Agent:
      - azsdk-python-azure-mgmt-compute/17.0.0 Python/3.6.9 (Linux-4.9.184-linuxkit-x86_64-with-Ubuntu-18.04-bionic)
    method: GET
    uri: https://management.azure.com/subscriptions/00000000-0000-0000-0000-000000000000/providers/Microsoft.Compute/locations/eastus/operations/c790e5ee-a09a-44d0-a51f-b028af9e2b14?monitor=true&api-version=2020-06-01
  response:
    body:
      string: ''
    headers:
      cache-control:
      - no-cache
      content-length:
      - '0'
      date:
      - Wed, 16 Sep 2020 06:32:11 GMT
      expires:
      - '-1'
      pragma:
      - no-cache
      server:
      - Microsoft-HTTPAPI/2.0
      - Microsoft-HTTPAPI/2.0
      strict-transport-security:
      - max-age=31536000; includeSubDomains
      x-content-type-options:
      - nosniff
      x-ms-ratelimit-remaining-resource:
      - Microsoft.Compute/GetOperation3Min;14984,Microsoft.Compute/GetOperation30Min;29972
    status:
      code: 200
      message: OK
- request:
    body: null
    headers:
      Accept:
      - application/json
      Accept-Encoding:
      - gzip, deflate
      Connection:
      - keep-alive
      Content-Length:
      - '0'
      User-Agent:
      - azsdk-python-azure-mgmt-compute/17.0.0 Python/3.6.9 (Linux-4.9.184-linuxkit-x86_64-with-Ubuntu-18.04-bionic)
    method: POST
    uri: https://management.azure.com/subscriptions/00000000-0000-0000-0000-000000000000/resourceGroups/rgname/providers/Microsoft.Compute/virtualMachines/virtualmachinex15cf0eff/reapply?api-version=2020-06-01
  response:
    body:
      string: ''
    headers:
      azure-asyncoperation:
      - https://management.azure.com/subscriptions/00000000-0000-0000-0000-000000000000/providers/Microsoft.Compute/locations/eastus/operations/539e65e0-4d01-4f4f-afc2-6c01968e4512?api-version=2020-06-01
      cache-control:
      - no-cache
      content-length:
      - '0'
      date:
      - Wed, 16 Sep 2020 06:32:12 GMT
      expires:
      - '-1'
      location:
      - https://management.azure.com/subscriptions/00000000-0000-0000-0000-000000000000/providers/Microsoft.Compute/locations/eastus/operations/539e65e0-4d01-4f4f-afc2-6c01968e4512?monitor=true&api-version=2020-06-01
      pragma:
      - no-cache
      server:
      - Microsoft-HTTPAPI/2.0
      - Microsoft-HTTPAPI/2.0
      strict-transport-security:
      - max-age=31536000; includeSubDomains
      x-content-type-options:
      - nosniff
      x-ms-ratelimit-remaining-resource:
      - Microsoft.Compute/UpdateVM3Min;234,Microsoft.Compute/UpdateVM30Min;1191
      x-ms-ratelimit-remaining-subscription-writes:
      - '1191'
    status:
      code: 202
      message: Accepted
- request:
    body: null
    headers:
      Accept:
      - '*/*'
      Accept-Encoding:
      - gzip, deflate
      Connection:
      - keep-alive
      User-Agent:
      - azsdk-python-azure-mgmt-compute/17.0.0 Python/3.6.9 (Linux-4.9.184-linuxkit-x86_64-with-Ubuntu-18.04-bionic)
    method: GET
    uri: https://management.azure.com/subscriptions/00000000-0000-0000-0000-000000000000/providers/Microsoft.Compute/locations/eastus/operations/539e65e0-4d01-4f4f-afc2-6c01968e4512?api-version=2020-06-01
  response:
    body:
      string: "{\r\n  \"startTime\": \"2020-09-16T06:32:12.8562728+00:00\",\r\n  \"\
        endTime\": \"2020-09-16T06:32:14.5750222+00:00\",\r\n  \"status\": \"Succeeded\"\
        ,\r\n  \"name\": \"539e65e0-4d01-4f4f-afc2-6c01968e4512\"\r\n}"
    headers:
      cache-control:
      - no-cache
      content-length:
      - '184'
      content-type:
      - application/json; charset=utf-8
      date:
      - Wed, 16 Sep 2020 06:32:43 GMT
      expires:
      - '-1'
      pragma:
      - no-cache
      server:
      - Microsoft-HTTPAPI/2.0
      - Microsoft-HTTPAPI/2.0
      strict-transport-security:
      - max-age=31536000; includeSubDomains
      transfer-encoding:
      - chunked
      vary:
      - Accept-Encoding
      x-content-type-options:
      - nosniff
      x-ms-ratelimit-remaining-resource:
      - Microsoft.Compute/GetOperation3Min;14985,Microsoft.Compute/GetOperation30Min;29970
    status:
      code: 200
      message: OK
- request:
    body: null
    headers:
      Accept:
      - '*/*'
      Accept-Encoding:
      - gzip, deflate
      Connection:
      - keep-alive
      User-Agent:
      - azsdk-python-azure-mgmt-compute/17.0.0 Python/3.6.9 (Linux-4.9.184-linuxkit-x86_64-with-Ubuntu-18.04-bionic)
    method: GET
    uri: https://management.azure.com/subscriptions/00000000-0000-0000-0000-000000000000/providers/Microsoft.Compute/locations/eastus/operations/539e65e0-4d01-4f4f-afc2-6c01968e4512?monitor=true&api-version=2020-06-01
  response:
    body:
      string: ''
    headers:
      cache-control:
      - no-cache
      content-length:
      - '0'
      date:
      - Wed, 16 Sep 2020 06:32:43 GMT
      expires:
      - '-1'
      pragma:
      - no-cache
      server:
      - Microsoft-HTTPAPI/2.0
      - Microsoft-HTTPAPI/2.0
      strict-transport-security:
      - max-age=31536000; includeSubDomains
      x-content-type-options:
      - nosniff
      x-ms-ratelimit-remaining-resource:
      - Microsoft.Compute/GetOperation3Min;14984,Microsoft.Compute/GetOperation30Min;29969
    status:
      code: 200
      message: OK
- request:
    body: null
    headers:
      Accept:
      - '*/*'
      Accept-Encoding:
      - gzip, deflate
      Connection:
      - keep-alive
      Content-Length:
      - '0'
      User-Agent:
      - azsdk-python-azure-mgmt-compute/17.0.0 Python/3.6.9 (Linux-4.9.184-linuxkit-x86_64-with-Ubuntu-18.04-bionic)
    method: POST
    uri: https://management.azure.com/subscriptions/00000000-0000-0000-0000-000000000000/resourceGroups/rgname/providers/Microsoft.Compute/virtualMachines/virtualmachinex15cf0eff/redeploy?api-version=2020-06-01
  response:
    body:
      string: ''
    headers:
      azure-asyncoperation:
      - https://management.azure.com/subscriptions/00000000-0000-0000-0000-000000000000/providers/Microsoft.Compute/locations/eastus/operations/cc6a8a16-ed53-4a77-a62a-e00d08ab36c1?api-version=2020-06-01
      cache-control:
      - no-cache
      content-length:
      - '0'
      date:
      - Wed, 16 Sep 2020 06:32:43 GMT
      expires:
      - '-1'
      location:
      - https://management.azure.com/subscriptions/00000000-0000-0000-0000-000000000000/providers/Microsoft.Compute/locations/eastus/operations/cc6a8a16-ed53-4a77-a62a-e00d08ab36c1?monitor=true&api-version=2020-06-01
      pragma:
      - no-cache
      server:
      - Microsoft-HTTPAPI/2.0
      - Microsoft-HTTPAPI/2.0
      strict-transport-security:
      - max-age=31536000; includeSubDomains
      x-content-type-options:
      - nosniff
      x-ms-ratelimit-remaining-resource:
      - Microsoft.Compute/UpdateVM3Min;234,Microsoft.Compute/UpdateVM30Min;1190
      x-ms-ratelimit-remaining-subscription-writes:
      - '1190'
    status:
      code: 202
      message: Accepted
- request:
    body: null
    headers:
      Accept:
      - '*/*'
      Accept-Encoding:
      - gzip, deflate
      Connection:
      - keep-alive
      User-Agent:
      - azsdk-python-azure-mgmt-compute/17.0.0 Python/3.6.9 (Linux-4.9.184-linuxkit-x86_64-with-Ubuntu-18.04-bionic)
    method: GET
    uri: https://management.azure.com/subscriptions/00000000-0000-0000-0000-000000000000/providers/Microsoft.Compute/locations/eastus/operations/cc6a8a16-ed53-4a77-a62a-e00d08ab36c1?api-version=2020-06-01
  response:
    body:
      string: "{\r\n  \"startTime\": \"2020-09-16T06:32:43.9955538+00:00\",\r\n  \"\
        status\": \"InProgress\",\r\n  \"name\": \"cc6a8a16-ed53-4a77-a62a-e00d08ab36c1\"\
        \r\n}"
    headers:
      cache-control:
      - no-cache
      content-length:
      - '134'
      content-type:
      - application/json; charset=utf-8
      date:
      - Wed, 16 Sep 2020 06:33:14 GMT
      expires:
      - '-1'
      pragma:
      - no-cache
      server:
      - Microsoft-HTTPAPI/2.0
      - Microsoft-HTTPAPI/2.0
      strict-transport-security:
      - max-age=31536000; includeSubDomains
      transfer-encoding:
      - chunked
      vary:
      - Accept-Encoding
      x-content-type-options:
      - nosniff
      x-ms-ratelimit-remaining-resource:
      - Microsoft.Compute/GetOperation3Min;14986,Microsoft.Compute/GetOperation30Min;29967
    status:
      code: 200
      message: OK
- request:
    body: null
    headers:
      Accept:
      - '*/*'
      Accept-Encoding:
      - gzip, deflate
      Connection:
      - keep-alive
      User-Agent:
      - azsdk-python-azure-mgmt-compute/17.0.0 Python/3.6.9 (Linux-4.9.184-linuxkit-x86_64-with-Ubuntu-18.04-bionic)
    method: GET
    uri: https://management.azure.com/subscriptions/00000000-0000-0000-0000-000000000000/providers/Microsoft.Compute/locations/eastus/operations/cc6a8a16-ed53-4a77-a62a-e00d08ab36c1?api-version=2020-06-01
  response:
    body:
      string: "{\r\n  \"startTime\": \"2020-09-16T06:32:43.9955538+00:00\",\r\n  \"\
        endTime\": \"2020-09-16T06:33:26.4658875+00:00\",\r\n  \"status\": \"Succeeded\"\
        ,\r\n  \"name\": \"cc6a8a16-ed53-4a77-a62a-e00d08ab36c1\"\r\n}"
    headers:
      cache-control:
      - no-cache
      content-length:
      - '184'
      content-type:
      - application/json; charset=utf-8
      date:
      - Wed, 16 Sep 2020 06:33:44 GMT
      expires:
      - '-1'
      pragma:
      - no-cache
      server:
      - Microsoft-HTTPAPI/2.0
      - Microsoft-HTTPAPI/2.0
      strict-transport-security:
      - max-age=31536000; includeSubDomains
      transfer-encoding:
      - chunked
      vary:
      - Accept-Encoding
      x-content-type-options:
      - nosniff
      x-ms-ratelimit-remaining-resource:
      - Microsoft.Compute/GetOperation3Min;14986,Microsoft.Compute/GetOperation30Min;29964
    status:
      code: 200
      message: OK
- request:
    body: null
    headers:
      Accept:
      - '*/*'
      Accept-Encoding:
      - gzip, deflate
      Connection:
      - keep-alive
      User-Agent:
      - azsdk-python-azure-mgmt-compute/17.0.0 Python/3.6.9 (Linux-4.9.184-linuxkit-x86_64-with-Ubuntu-18.04-bionic)
    method: GET
    uri: https://management.azure.com/subscriptions/00000000-0000-0000-0000-000000000000/providers/Microsoft.Compute/locations/eastus/operations/cc6a8a16-ed53-4a77-a62a-e00d08ab36c1?monitor=true&api-version=2020-06-01
  response:
    body:
      string: ''
    headers:
      cache-control:
      - no-cache
      content-length:
      - '0'
      date:
      - Wed, 16 Sep 2020 06:33:44 GMT
      expires:
      - '-1'
      pragma:
      - no-cache
      server:
      - Microsoft-HTTPAPI/2.0
      - Microsoft-HTTPAPI/2.0
      strict-transport-security:
      - max-age=31536000; includeSubDomains
      x-content-type-options:
      - nosniff
      x-ms-ratelimit-remaining-resource:
      - Microsoft.Compute/GetOperation3Min;14985,Microsoft.Compute/GetOperation30Min;29963
    status:
      code: 200
      message: OK
- request:
    body: 'b''b\''{"properties": {"networkProfile": {"networkInterfaces": [{"id":
      "/subscriptions/00000000-0000-0000-0000-000000000000/resourceGroups/rgname/providers/Microsoft.Network/networkInterfaces/interfacex15cf0eff",
      "properties": {"primary": true}}]}}}\'''''
    headers:
      Accept:
      - application/json
      Accept-Encoding:
      - gzip, deflate
      Connection:
      - keep-alive
      Content-Length:
      - '311'
      Content-Type:
      - application/json
      User-Agent:
      - azsdk-python-azure-mgmt-compute/17.0.0 Python/3.6.9 (Linux-4.9.184-linuxkit-x86_64-with-Ubuntu-18.04-bionic)
    method: PATCH
    uri: https://management.azure.com/subscriptions/00000000-0000-0000-0000-000000000000/resourceGroups/rgname/providers/Microsoft.Compute/virtualMachines/virtualmachinex15cf0eff?api-version=2020-06-01
  response:
    body:
      string: "{\r\n  \"name\": \"virtualmachinex15cf0eff\",\r\n  \"id\": \"/subscriptions/00000000-0000-0000-0000-000000000000/resourceGroups/rgname/providers/Microsoft.Compute/virtualMachines/virtualmachinex15cf0eff\"\
        ,\r\n  \"type\": \"Microsoft.Compute/virtualMachines\",\r\n  \"location\"\
        : \"eastus\",\r\n  \"properties\": {\r\n    \"vmId\": \"d513c9d3-b764-446e-b2cd-7613552ca441\"\
        ,\r\n    \"hardwareProfile\": {\r\n      \"vmSize\": \"Standard_D2_v2\"\r\n\
        \    },\r\n    \"storageProfile\": {\r\n      \"imageReference\": {\r\n  \
        \      \"publisher\": \"MicrosoftWindowsServer\",\r\n        \"offer\": \"\
        WindowsServer\",\r\n        \"sku\": \"2016-Datacenter\",\r\n        \"version\"\
        : \"latest\",\r\n        \"exactVersion\": \"14393.3930.2009041537\"\r\n \
        \     },\r\n      \"osDisk\": {\r\n        \"osType\": \"Windows\",\r\n  \
        \      \"name\": \"myVMosdisk\",\r\n        \"createOption\": \"FromImage\"\
        ,\r\n        \"caching\": \"ReadWrite\",\r\n        \"managedDisk\": {\r\n\
        \          \"storageAccountType\": \"Standard_LRS\",\r\n          \"id\":\
        \ \"/subscriptions/00000000-0000-0000-0000-000000000000/resourceGroups/FAXZB4WAN4C5ZDFF2TSY6FQPLDOK5YNVP7S75Z543ONA77DLSBCJ2FIIF4EPNL6GSZTONVX7NEN/providers/Microsoft.Compute/disks/myVMosdisk\"\
        \r\n        },\r\n        \"diskSizeGB\": 127\r\n      },\r\n      \"dataDisks\"\
        : [\r\n        {\r\n          \"lun\": 0,\r\n          \"name\": \"virtualmachinex15cf0eff_disk2_361599c7f509421eadec1b2964391d52\"\
        ,\r\n          \"createOption\": \"Empty\",\r\n          \"caching\": \"None\"\
        ,\r\n          \"managedDisk\": {\r\n            \"storageAccountType\": \"\
        Standard_LRS\",\r\n            \"id\": \"/subscriptions/00000000-0000-0000-0000-000000000000/resourceGroups/FAXZB4WAN4C5ZDFF2TSY6FQPLDOK5YNVP7S75Z543ONA77DLSBCJ2FIIF4EPNL6GSZTONVX7NEN/providers/Microsoft.Compute/disks/virtualmachinex15cf0eff_disk2_361599c7f509421eadec1b2964391d52\"\
        \r\n          },\r\n          \"diskSizeGB\": 1023,\r\n          \"toBeDetached\"\
        : false\r\n        },\r\n        {\r\n          \"lun\": 1,\r\n          \"\
        name\": \"virtualmachinex15cf0eff_disk3_91f87690dd80480883677659a660dda4\"\
        ,\r\n          \"createOption\": \"Empty\",\r\n          \"caching\": \"None\"\
        ,\r\n          \"managedDisk\": {\r\n            \"storageAccountType\": \"\
        Standard_LRS\",\r\n            \"id\": \"/subscriptions/00000000-0000-0000-0000-000000000000/resourceGroups/FAXZB4WAN4C5ZDFF2TSY6FQPLDOK5YNVP7S75Z543ONA77DLSBCJ2FIIF4EPNL6GSZTONVX7NEN/providers/Microsoft.Compute/disks/virtualmachinex15cf0eff_disk3_91f87690dd80480883677659a660dda4\"\
        \r\n          },\r\n          \"diskSizeGB\": 1023,\r\n          \"toBeDetached\"\
        : false\r\n        }\r\n      ]\r\n    },\r\n    \"osProfile\": {\r\n    \
        \  \"computerName\": \"myVM\",\r\n      \"adminUsername\": \"testuser\",\r\
        \n      \"windowsConfiguration\": {\r\n        \"provisionVMAgent\": true,\r\
        \n        \"enableAutomaticUpdates\": true,\r\n        \"patchSettings\":\
        \ {\r\n          \"patchMode\": \"AutomaticByOS\"\r\n        }\r\n      },\r\
        \n      \"secrets\": [],\r\n      \"allowExtensionOperations\": true,\r\n\
        \      \"requireGuestProvisionSignal\": true\r\n    },\r\n    \"networkProfile\"\
        : {\"networkInterfaces\":[{\"id\":\"/subscriptions/00000000-0000-0000-0000-000000000000/resourceGroups/rgname/providers/Microsoft.Network/networkInterfaces/interfacex15cf0eff\"\
        ,\"properties\":{\"primary\":true}}]},\r\n    \"provisioningState\": \"Updating\"\
        \r\n  }\r\n}"
    headers:
      azure-asyncnotification:
      - Enabled
      azure-asyncoperation:
      - https://management.azure.com/subscriptions/00000000-0000-0000-0000-000000000000/providers/Microsoft.Compute/locations/eastus/operations/675929d3-2e03-413b-9bbf-40c207974b3b?api-version=2020-06-01
      cache-control:
      - no-cache
      content-length:
      - '3219'
      content-type:
      - application/json; charset=utf-8
      date:
      - Wed, 16 Sep 2020 06:33:49 GMT
      expires:
      - '-1'
      pragma:
      - no-cache
      server:
      - Microsoft-HTTPAPI/2.0
      - Microsoft-HTTPAPI/2.0
      strict-transport-security:
      - max-age=31536000; includeSubDomains
      transfer-encoding:
      - chunked
      vary:
      - Accept-Encoding
      x-content-type-options:
      - nosniff
      x-ms-ratelimit-remaining-resource:
      - Microsoft.Compute/PutVM3Min;239,Microsoft.Compute/PutVM30Min;1198
      x-ms-ratelimit-remaining-subscription-writes:
      - '1184'
    status:
      code: 200
      message: OK
- request:
    body: null
    headers:
      Accept:
      - '*/*'
      Accept-Encoding:
      - gzip, deflate
      Connection:
      - keep-alive
      User-Agent:
      - azsdk-python-azure-mgmt-compute/17.0.0 Python/3.6.9 (Linux-4.9.184-linuxkit-x86_64-with-Ubuntu-18.04-bionic)
    method: GET
    uri: https://management.azure.com/subscriptions/00000000-0000-0000-0000-000000000000/providers/Microsoft.Compute/locations/eastus/operations/675929d3-2e03-413b-9bbf-40c207974b3b?api-version=2020-06-01
  response:
    body:
      string: "{\r\n  \"startTime\": \"2020-09-16T06:33:47.0442644+00:00\",\r\n  \"\
        endTime\": \"2020-09-16T06:33:47.2010165+00:00\",\r\n  \"status\": \"Succeeded\"\
        ,\r\n  \"name\": \"675929d3-2e03-413b-9bbf-40c207974b3b\"\r\n}"
    headers:
      cache-control:
      - no-cache
      content-length:
      - '184'
      content-type:
      - application/json; charset=utf-8
      date:
      - Wed, 16 Sep 2020 06:34:20 GMT
      expires:
      - '-1'
      pragma:
      - no-cache
      server:
      - Microsoft-HTTPAPI/2.0
      - Microsoft-HTTPAPI/2.0
      strict-transport-security:
      - max-age=31536000; includeSubDomains
      transfer-encoding:
      - chunked
      vary:
      - Accept-Encoding
      x-content-type-options:
      - nosniff
      x-ms-ratelimit-remaining-resource:
      - Microsoft.Compute/GetOperation3Min;14984,Microsoft.Compute/GetOperation30Min;29961
    status:
      code: 200
      message: OK
- request:
    body: null
    headers:
      Accept:
      - '*/*'
      Accept-Encoding:
      - gzip, deflate
      Connection:
      - keep-alive
      User-Agent:
      - azsdk-python-azure-mgmt-compute/17.0.0 Python/3.6.9 (Linux-4.9.184-linuxkit-x86_64-with-Ubuntu-18.04-bionic)
    method: GET
    uri: https://management.azure.com/subscriptions/00000000-0000-0000-0000-000000000000/resourceGroups/rgname/providers/Microsoft.Compute/virtualMachines/virtualmachinex15cf0eff?api-version=2020-06-01
  response:
    body:
      string: "{\r\n  \"name\": \"virtualmachinex15cf0eff\",\r\n  \"id\": \"/subscriptions/00000000-0000-0000-0000-000000000000/resourceGroups/rgname/providers/Microsoft.Compute/virtualMachines/virtualmachinex15cf0eff\"\
        ,\r\n  \"type\": \"Microsoft.Compute/virtualMachines\",\r\n  \"location\"\
        : \"eastus\",\r\n  \"properties\": {\r\n    \"vmId\": \"d513c9d3-b764-446e-b2cd-7613552ca441\"\
        ,\r\n    \"hardwareProfile\": {\r\n      \"vmSize\": \"Standard_D2_v2\"\r\n\
        \    },\r\n    \"storageProfile\": {\r\n      \"imageReference\": {\r\n  \
        \      \"publisher\": \"MicrosoftWindowsServer\",\r\n        \"offer\": \"\
        WindowsServer\",\r\n        \"sku\": \"2016-Datacenter\",\r\n        \"version\"\
        : \"latest\",\r\n        \"exactVersion\": \"14393.3930.2009041537\"\r\n \
        \     },\r\n      \"osDisk\": {\r\n        \"osType\": \"Windows\",\r\n  \
        \      \"name\": \"myVMosdisk\",\r\n        \"createOption\": \"FromImage\"\
        ,\r\n        \"caching\": \"ReadWrite\",\r\n        \"managedDisk\": {\r\n\
        \          \"storageAccountType\": \"Standard_LRS\",\r\n          \"id\":\
        \ \"/subscriptions/00000000-0000-0000-0000-000000000000/resourceGroups/FAXZB4WAN4C5ZDFF2TSY6FQPLDOK5YNVP7S75Z543ONA77DLSBCJ2FIIF4EPNL6GSZTONVX7NEN/providers/Microsoft.Compute/disks/myVMosdisk\"\
        \r\n        },\r\n        \"diskSizeGB\": 127\r\n      },\r\n      \"dataDisks\"\
        : [\r\n        {\r\n          \"lun\": 0,\r\n          \"name\": \"virtualmachinex15cf0eff_disk2_361599c7f509421eadec1b2964391d52\"\
        ,\r\n          \"createOption\": \"Empty\",\r\n          \"caching\": \"None\"\
        ,\r\n          \"managedDisk\": {\r\n            \"storageAccountType\": \"\
        Standard_LRS\",\r\n            \"id\": \"/subscriptions/00000000-0000-0000-0000-000000000000/resourceGroups/FAXZB4WAN4C5ZDFF2TSY6FQPLDOK5YNVP7S75Z543ONA77DLSBCJ2FIIF4EPNL6GSZTONVX7NEN/providers/Microsoft.Compute/disks/virtualmachinex15cf0eff_disk2_361599c7f509421eadec1b2964391d52\"\
        \r\n          },\r\n          \"diskSizeGB\": 1023,\r\n          \"toBeDetached\"\
        : false\r\n        },\r\n        {\r\n          \"lun\": 1,\r\n          \"\
        name\": \"virtualmachinex15cf0eff_disk3_91f87690dd80480883677659a660dda4\"\
        ,\r\n          \"createOption\": \"Empty\",\r\n          \"caching\": \"None\"\
        ,\r\n          \"managedDisk\": {\r\n            \"storageAccountType\": \"\
        Standard_LRS\",\r\n            \"id\": \"/subscriptions/00000000-0000-0000-0000-000000000000/resourceGroups/FAXZB4WAN4C5ZDFF2TSY6FQPLDOK5YNVP7S75Z543ONA77DLSBCJ2FIIF4EPNL6GSZTONVX7NEN/providers/Microsoft.Compute/disks/virtualmachinex15cf0eff_disk3_91f87690dd80480883677659a660dda4\"\
        \r\n          },\r\n          \"diskSizeGB\": 1023,\r\n          \"toBeDetached\"\
        : false\r\n        }\r\n      ]\r\n    },\r\n    \"osProfile\": {\r\n    \
        \  \"computerName\": \"myVM\",\r\n      \"adminUsername\": \"testuser\",\r\
        \n      \"windowsConfiguration\": {\r\n        \"provisionVMAgent\": true,\r\
        \n        \"enableAutomaticUpdates\": true,\r\n        \"patchSettings\":\
        \ {\r\n          \"patchMode\": \"AutomaticByOS\"\r\n        }\r\n      },\r\
        \n      \"secrets\": [],\r\n      \"allowExtensionOperations\": true,\r\n\
        \      \"requireGuestProvisionSignal\": true\r\n    },\r\n    \"networkProfile\"\
        : {\"networkInterfaces\":[{\"id\":\"/subscriptions/00000000-0000-0000-0000-000000000000/resourceGroups/rgname/providers/Microsoft.Network/networkInterfaces/interfacex15cf0eff\"\
        ,\"properties\":{\"primary\":true}}]},\r\n    \"provisioningState\": \"Succeeded\"\
        \r\n  }\r\n}"
    headers:
      cache-control:
      - no-cache
      content-length:
      - '3220'
      content-type:
      - application/json; charset=utf-8
      date:
      - Wed, 16 Sep 2020 06:34:21 GMT
      expires:
      - '-1'
      pragma:
      - no-cache
      server:
      - Microsoft-HTTPAPI/2.0
      - Microsoft-HTTPAPI/2.0
      strict-transport-security:
      - max-age=31536000; includeSubDomains
      transfer-encoding:
      - chunked
      vary:
      - Accept-Encoding
      x-content-type-options:
      - nosniff
      x-ms-ratelimit-remaining-resource:
      - Microsoft.Compute/LowCostGet3Min;3995,Microsoft.Compute/LowCostGet30Min;31985
    status:
      code: 200
      message: OK
- request:
    body: null
    headers:
      Accept:
      - '*/*'
      Accept-Encoding:
      - gzip, deflate
      Connection:
      - keep-alive
      Content-Length:
      - '0'
      User-Agent:
      - azsdk-python-azure-mgmt-compute/17.0.0 Python/3.6.9 (Linux-4.9.184-linuxkit-x86_64-with-Ubuntu-18.04-bionic)
    method: POST
    uri: https://management.azure.com/subscriptions/00000000-0000-0000-0000-000000000000/resourceGroups/rgname/providers/Microsoft.Compute/virtualMachines/virtualmachinex15cf0eff/generalize?api-version=2020-06-01
  response:
    body:
      string: ''
    headers:
      cache-control:
      - no-cache
      content-length:
      - '0'
      date:
      - Wed, 16 Sep 2020 06:34:21 GMT
      expires:
      - '-1'
      pragma:
      - no-cache
      server:
      - Microsoft-HTTPAPI/2.0
      - Microsoft-HTTPAPI/2.0
      strict-transport-security:
      - max-age=31536000; includeSubDomains
      x-content-type-options:
      - nosniff
      x-ms-ratelimit-remaining-resource:
      - Microsoft.Compute/UpdateVM3Min;236,Microsoft.Compute/UpdateVM30Min;1189
      x-ms-ratelimit-remaining-subscription-writes:
      - '1189'
    status:
      code: 200
      message: OK
- request:
    body: null
    headers:
      Accept:
      - '*/*'
      Accept-Encoding:
      - gzip, deflate
      Connection:
      - keep-alive
      Content-Length:
      - '0'
      User-Agent:
      - azsdk-python-azure-mgmt-compute/17.0.0 Python/3.6.9 (Linux-4.9.184-linuxkit-x86_64-with-Ubuntu-18.04-bionic)
    method: POST
    uri: https://management.azure.com/subscriptions/00000000-0000-0000-0000-000000000000/resourceGroups/rgname/providers/Microsoft.Compute/virtualMachines/virtualmachinex15cf0eff/deallocate?api-version=2020-06-01
  response:
    body:
      string: ''
    headers:
      azure-asyncoperation:
      - https://management.azure.com/subscriptions/00000000-0000-0000-0000-000000000000/providers/Microsoft.Compute/locations/eastus/operations/efd9795b-d31a-4f0f-84e3-50d596a20c93?api-version=2020-06-01
      cache-control:
      - no-cache
      content-length:
      - '0'
      date:
      - Wed, 16 Sep 2020 06:34:22 GMT
      expires:
      - '-1'
      location:
      - https://management.azure.com/subscriptions/00000000-0000-0000-0000-000000000000/providers/Microsoft.Compute/locations/eastus/operations/efd9795b-d31a-4f0f-84e3-50d596a20c93?monitor=true&api-version=2020-06-01
      pragma:
      - no-cache
      server:
      - Microsoft-HTTPAPI/2.0
      - Microsoft-HTTPAPI/2.0
      strict-transport-security:
      - max-age=31536000; includeSubDomains
      x-content-type-options:
      - nosniff
      x-ms-ratelimit-remaining-resource:
      - Microsoft.Compute/DeleteVM3Min;239,Microsoft.Compute/DeleteVM30Min;1199
      x-ms-ratelimit-remaining-subscription-writes:
      - '1188'
    status:
      code: 202
      message: Accepted
- request:
    body: null
    headers:
      Accept:
      - '*/*'
      Accept-Encoding:
      - gzip, deflate
      Connection:
      - keep-alive
      User-Agent:
      - azsdk-python-azure-mgmt-compute/17.0.0 Python/3.6.9 (Linux-4.9.184-linuxkit-x86_64-with-Ubuntu-18.04-bionic)
    method: GET
    uri: https://management.azure.com/subscriptions/00000000-0000-0000-0000-000000000000/providers/Microsoft.Compute/locations/eastus/operations/efd9795b-d31a-4f0f-84e3-50d596a20c93?api-version=2020-06-01
  response:
    body:
      string: "{\r\n  \"startTime\": \"2020-09-16T06:34:22.0914429+00:00\",\r\n  \"\
        status\": \"InProgress\",\r\n  \"name\": \"efd9795b-d31a-4f0f-84e3-50d596a20c93\"\
        \r\n}"
    headers:
      cache-control:
      - no-cache
      content-length:
      - '134'
      content-type:
      - application/json; charset=utf-8
      date:
      - Wed, 16 Sep 2020 06:34:32 GMT
      expires:
      - '-1'
      pragma:
      - no-cache
      server:
      - Microsoft-HTTPAPI/2.0
      - Microsoft-HTTPAPI/2.0
      strict-transport-security:
      - max-age=31536000; includeSubDomains
      transfer-encoding:
      - chunked
      vary:
      - Accept-Encoding
      x-content-type-options:
      - nosniff
      x-ms-ratelimit-remaining-resource:
      - Microsoft.Compute/GetOperation3Min;14986,Microsoft.Compute/GetOperation30Min;29960
    status:
      code: 200
      message: OK
- request:
    body: null
    headers:
      Accept:
      - '*/*'
      Accept-Encoding:
      - gzip, deflate
      Connection:
      - keep-alive
      User-Agent:
      - azsdk-python-azure-mgmt-compute/17.0.0 Python/3.6.9 (Linux-4.9.184-linuxkit-x86_64-with-Ubuntu-18.04-bionic)
    method: GET
    uri: https://management.azure.com/subscriptions/00000000-0000-0000-0000-000000000000/providers/Microsoft.Compute/locations/eastus/operations/efd9795b-d31a-4f0f-84e3-50d596a20c93?api-version=2020-06-01
  response:
    body:
      string: "{\r\n  \"startTime\": \"2020-09-16T06:34:22.0914429+00:00\",\r\n  \"\
        endTime\": \"2020-09-16T06:34:50.4822763+00:00\",\r\n  \"status\": \"Succeeded\"\
        ,\r\n  \"name\": \"efd9795b-d31a-4f0f-84e3-50d596a20c93\"\r\n}"
    headers:
      cache-control:
      - no-cache
      content-length:
      - '184'
      content-type:
      - application/json; charset=utf-8
      date:
      - Wed, 16 Sep 2020 06:35:08 GMT
      expires:
      - '-1'
      pragma:
      - no-cache
      server:
      - Microsoft-HTTPAPI/2.0
      - Microsoft-HTTPAPI/2.0
      strict-transport-security:
      - max-age=31536000; includeSubDomains
      transfer-encoding:
      - chunked
      vary:
      - Accept-Encoding
      x-content-type-options:
      - nosniff
      x-ms-ratelimit-remaining-resource:
      - Microsoft.Compute/GetOperation3Min;14985,Microsoft.Compute/GetOperation30Min;29956
    status:
      code: 200
      message: OK
- request:
    body: null
    headers:
      Accept:
      - '*/*'
      Accept-Encoding:
      - gzip, deflate
      Connection:
      - keep-alive
      User-Agent:
      - azsdk-python-azure-mgmt-compute/17.0.0 Python/3.6.9 (Linux-4.9.184-linuxkit-x86_64-with-Ubuntu-18.04-bionic)
    method: GET
    uri: https://management.azure.com/subscriptions/00000000-0000-0000-0000-000000000000/providers/Microsoft.Compute/locations/eastus/operations/efd9795b-d31a-4f0f-84e3-50d596a20c93?monitor=true&api-version=2020-06-01
  response:
    body:
      string: ''
    headers:
      cache-control:
      - no-cache
      content-length:
      - '0'
      date:
      - Wed, 16 Sep 2020 06:35:08 GMT
      expires:
      - '-1'
      pragma:
      - no-cache
      server:
      - Microsoft-HTTPAPI/2.0
      - Microsoft-HTTPAPI/2.0
      strict-transport-security:
      - max-age=31536000; includeSubDomains
      x-content-type-options:
      - nosniff
      x-ms-ratelimit-remaining-resource:
      - Microsoft.Compute/GetOperation3Min;14984,Microsoft.Compute/GetOperation30Min;29955
    status:
      code: 200
      message: OK
- request:
    body: null
    headers:
      Accept:
      - '*/*'
      Accept-Encoding:
      - gzip, deflate
      Connection:
      - keep-alive
      Content-Length:
      - '0'
      User-Agent:
      - azsdk-python-azure-mgmt-compute/17.0.0 Python/3.6.9 (Linux-4.9.184-linuxkit-x86_64-with-Ubuntu-18.04-bionic)
    method: DELETE
    uri: https://management.azure.com/subscriptions/00000000-0000-0000-0000-000000000000/resourceGroups/rgname/providers/Microsoft.Compute/virtualMachines/virtualmachinex15cf0eff?api-version=2020-06-01
  response:
    body:
      string: ''
    headers:
      azure-asyncnotification:
      - Enabled
      azure-asyncoperation:
      - https://management.azure.com/subscriptions/00000000-0000-0000-0000-000000000000/providers/Microsoft.Compute/locations/eastus/operations/faab8e63-e05f-4029-81db-b1b9a1cc6917?api-version=2020-06-01
      cache-control:
      - no-cache
      content-length:
      - '0'
      date:
      - Wed, 16 Sep 2020 06:35:09 GMT
      expires:
      - '-1'
      location:
      - https://management.azure.com/subscriptions/00000000-0000-0000-0000-000000000000/providers/Microsoft.Compute/locations/eastus/operations/faab8e63-e05f-4029-81db-b1b9a1cc6917?monitor=true&api-version=2020-06-01
      pragma:
      - no-cache
      server:
      - Microsoft-HTTPAPI/2.0
      - Microsoft-HTTPAPI/2.0
      strict-transport-security:
      - max-age=31536000; includeSubDomains
      x-content-type-options:
      - nosniff
      x-ms-ratelimit-remaining-resource:
      - Microsoft.Compute/DeleteVM3Min;238,Microsoft.Compute/DeleteVM30Min;1198
      x-ms-ratelimit-remaining-subscription-deletes:
      - '14992'
    status:
      code: 202
      message: Accepted
- request:
    body: null
    headers:
      Accept:
      - '*/*'
      Accept-Encoding:
      - gzip, deflate
      Connection:
      - keep-alive
      User-Agent:
      - azsdk-python-azure-mgmt-compute/17.0.0 Python/3.6.9 (Linux-4.9.184-linuxkit-x86_64-with-Ubuntu-18.04-bionic)
    method: GET
    uri: https://management.azure.com/subscriptions/00000000-0000-0000-0000-000000000000/providers/Microsoft.Compute/locations/eastus/operations/faab8e63-e05f-4029-81db-b1b9a1cc6917?api-version=2020-06-01
  response:
    body:
      string: "{\r\n  \"startTime\": \"2020-09-16T06:35:09.8261516+00:00\",\r\n  \"\
        endTime\": \"2020-09-16T06:35:10.3886556+00:00\",\r\n  \"status\": \"Succeeded\"\
        ,\r\n  \"name\": \"faab8e63-e05f-4029-81db-b1b9a1cc6917\"\r\n}"
    headers:
      cache-control:
      - no-cache
      content-length:
      - '184'
      content-type:
      - application/json; charset=utf-8
      date:
      - Wed, 16 Sep 2020 06:35:19 GMT
      expires:
      - '-1'
      pragma:
      - no-cache
      server:
      - Microsoft-HTTPAPI/2.0
      - Microsoft-HTTPAPI/2.0
      strict-transport-security:
      - max-age=31536000; includeSubDomains
      transfer-encoding:
      - chunked
      vary:
      - Accept-Encoding
      x-content-type-options:
      - nosniff
      x-ms-ratelimit-remaining-resource:
      - Microsoft.Compute/GetOperation3Min;14982,Microsoft.Compute/GetOperation30Min;29953
    status:
      code: 200
      message: OK
version: 1
