interactions:
- request:
    body: '{"location": "westus", "properties": {"addressSpace": {"addressPrefixes":
      ["10.0.0.0/16"]}, "subnets": [{"properties": {"addressPrefix": "10.0.0.0/24"},
      "name": "pyvmirsub5cc18eb"}], "enableDdosProtection": false, "enableVmProtection":
      false}}'
    headers:
      Accept:
      - application/json
      Accept-Encoding:
      - gzip, deflate
      Connection:
      - keep-alive
      Content-Length:
      - '243'
      Content-Type:
      - application/json; charset=utf-8
      User-Agent:
      - python/3.6.8 (Linux-4.9.125-linuxkit-x86_64-with-Ubuntu-18.04-bionic) msrest/0.6.8
        msrest_azure/0.4.34 azure-mgmt-network/6.0.0 Azure-SDK-For-Python
      accept-language:
      - en-US
    method: PUT
    uri: https://management.azure.com/subscriptions/00000000-0000-0000-0000-000000000000/resourceGroups/test_mgmt_managed_disks_test_create_virtual_machine_scale_set5cc18eb/providers/Microsoft.Network/virtualNetworks/pyvmirnet5cc18eb?api-version=2019-08-01
  response:
    body:
      string: "{\r\n  \"name\": \"pyvmirnet5cc18eb\",\r\n  \"id\": \"/subscriptions/00000000-0000-0000-0000-000000000000/resourceGroups/test_mgmt_managed_disks_test_create_virtual_machine_scale_set5cc18eb/providers/Microsoft.Network/virtualNetworks/pyvmirnet5cc18eb\"\
        ,\r\n  \"etag\": \"W/\\\"0b6fef3d-d805-43a7-a942-bebf2382c856\\\"\",\r\n \
        \ \"type\": \"Microsoft.Network/virtualNetworks\",\r\n  \"location\": \"westus\"\
        ,\r\n  \"properties\": {\r\n    \"provisioningState\": \"Updating\",\r\n \
        \   \"resourceGuid\": \"b4065c95-d7b3-4c8f-bc82-3ffa80ab3ce6\",\r\n    \"\
        addressSpace\": {\r\n      \"addressPrefixes\": [\r\n        \"10.0.0.0/16\"\
        \r\n      ]\r\n    },\r\n    \"subnets\": [\r\n      {\r\n        \"name\"\
        : \"pyvmirsub5cc18eb\",\r\n        \"id\": \"/subscriptions/00000000-0000-0000-0000-000000000000/resourceGroups/test_mgmt_managed_disks_test_create_virtual_machine_scale_set5cc18eb/providers/Microsoft.Network/virtualNetworks/pyvmirnet5cc18eb/subnets/pyvmirsub5cc18eb\"\
        ,\r\n        \"etag\": \"W/\\\"0b6fef3d-d805-43a7-a942-bebf2382c856\\\"\"\
        ,\r\n        \"properties\": {\r\n          \"provisioningState\": \"Updating\"\
        ,\r\n          \"addressPrefix\": \"10.0.0.0/24\",\r\n          \"delegations\"\
        : [],\r\n          \"privateEndpointNetworkPolicies\": \"Enabled\",\r\n  \
        \        \"privateLinkServiceNetworkPolicies\": \"Enabled\"\r\n        },\r\
        \n        \"type\": \"Microsoft.Network/virtualNetworks/subnets\"\r\n    \
        \  }\r\n    ],\r\n    \"virtualNetworkPeerings\": [],\r\n    \"enableDdosProtection\"\
        : false,\r\n    \"enableVmProtection\": false\r\n  }\r\n}"
    headers:
      azure-asyncoperation:
      - https://management.azure.com/subscriptions/00000000-0000-0000-0000-000000000000/providers/Microsoft.Network/locations/westus/operations/36ad710b-5df3-4eed-af26-d82e5622f7b7?api-version=2019-08-01
      cache-control:
      - no-cache
      content-length:
      - '1405'
      content-type:
      - application/json; charset=utf-8
      date:
      - Tue, 22 Oct 2019 06:40:30 GMT
      expires:
      - '-1'
      pragma:
      - no-cache
      server:
      - Microsoft-HTTPAPI/2.0
      - Microsoft-HTTPAPI/2.0
      strict-transport-security:
      - max-age=31536000; includeSubDomains
      x-content-type-options:
      - nosniff
      x-ms-arm-service-request-id:
      - 26152727-82bb-434b-ba6f-57cd47cf0287
      x-ms-ratelimit-remaining-subscription-writes:
      - '1198'
    status:
      code: 201
      message: Created
- request:
    body: null
    headers:
      Accept:
      - application/json
      Accept-Encoding:
      - gzip, deflate
      Connection:
      - keep-alive
      User-Agent:
      - python/3.6.8 (Linux-4.9.125-linuxkit-x86_64-with-Ubuntu-18.04-bionic) msrest/0.6.8
        msrest_azure/0.4.34 azure-mgmt-network/6.0.0 Azure-SDK-For-Python
    method: GET
    uri: https://management.azure.com/subscriptions/00000000-0000-0000-0000-000000000000/providers/Microsoft.Network/locations/westus/operations/36ad710b-5df3-4eed-af26-d82e5622f7b7?api-version=2019-08-01
  response:
    body:
      string: "{\r\n  \"status\": \"Succeeded\"\r\n}"
    headers:
      cache-control:
      - no-cache
      content-length:
      - '29'
      content-type:
      - application/json; charset=utf-8
      date:
      - Tue, 22 Oct 2019 06:40:33 GMT
      expires:
      - '-1'
      pragma:
      - no-cache
      server:
      - Microsoft-HTTPAPI/2.0
      - Microsoft-HTTPAPI/2.0
      strict-transport-security:
      - max-age=31536000; includeSubDomains
      transfer-encoding:
      - chunked
      vary:
      - Accept-Encoding
      x-content-type-options:
      - nosniff
      x-ms-arm-service-request-id:
      - 04c56ede-db32-45ad-bf7e-7b50a026d989
    status:
      code: 200
      message: OK
- request:
    body: null
    headers:
      Accept:
      - application/json
      Accept-Encoding:
      - gzip, deflate
      Connection:
      - keep-alive
      User-Agent:
      - python/3.6.8 (Linux-4.9.125-linuxkit-x86_64-with-Ubuntu-18.04-bionic) msrest/0.6.8
        msrest_azure/0.4.34 azure-mgmt-network/6.0.0 Azure-SDK-For-Python
    method: GET
    uri: https://management.azure.com/subscriptions/00000000-0000-0000-0000-000000000000/resourceGroups/test_mgmt_managed_disks_test_create_virtual_machine_scale_set5cc18eb/providers/Microsoft.Network/virtualNetworks/pyvmirnet5cc18eb?api-version=2019-08-01
  response:
    body:
      string: "{\r\n  \"name\": \"pyvmirnet5cc18eb\",\r\n  \"id\": \"/subscriptions/00000000-0000-0000-0000-000000000000/resourceGroups/test_mgmt_managed_disks_test_create_virtual_machine_scale_set5cc18eb/providers/Microsoft.Network/virtualNetworks/pyvmirnet5cc18eb\"\
        ,\r\n  \"etag\": \"W/\\\"987ceb44-3439-433d-8bb8-69e4971bfec8\\\"\",\r\n \
        \ \"type\": \"Microsoft.Network/virtualNetworks\",\r\n  \"location\": \"westus\"\
        ,\r\n  \"properties\": {\r\n    \"provisioningState\": \"Succeeded\",\r\n\
        \    \"resourceGuid\": \"b4065c95-d7b3-4c8f-bc82-3ffa80ab3ce6\",\r\n    \"\
        addressSpace\": {\r\n      \"addressPrefixes\": [\r\n        \"10.0.0.0/16\"\
        \r\n      ]\r\n    },\r\n    \"subnets\": [\r\n      {\r\n        \"name\"\
        : \"pyvmirsub5cc18eb\",\r\n        \"id\": \"/subscriptions/00000000-0000-0000-0000-000000000000/resourceGroups/test_mgmt_managed_disks_test_create_virtual_machine_scale_set5cc18eb/providers/Microsoft.Network/virtualNetworks/pyvmirnet5cc18eb/subnets/pyvmirsub5cc18eb\"\
        ,\r\n        \"etag\": \"W/\\\"987ceb44-3439-433d-8bb8-69e4971bfec8\\\"\"\
        ,\r\n        \"properties\": {\r\n          \"provisioningState\": \"Succeeded\"\
        ,\r\n          \"addressPrefix\": \"10.0.0.0/24\",\r\n          \"delegations\"\
        : [],\r\n          \"privateEndpointNetworkPolicies\": \"Enabled\",\r\n  \
        \        \"privateLinkServiceNetworkPolicies\": \"Enabled\"\r\n        },\r\
        \n        \"type\": \"Microsoft.Network/virtualNetworks/subnets\"\r\n    \
        \  }\r\n    ],\r\n    \"virtualNetworkPeerings\": [],\r\n    \"enableDdosProtection\"\
        : false,\r\n    \"enableVmProtection\": false\r\n  }\r\n}"
    headers:
      cache-control:
      - no-cache
      content-length:
      - '1407'
      content-type:
      - application/json; charset=utf-8
      date:
      - Tue, 22 Oct 2019 06:40:34 GMT
      etag:
      - W/"987ceb44-3439-433d-8bb8-69e4971bfec8"
      expires:
      - '-1'
      pragma:
      - no-cache
      server:
      - Microsoft-HTTPAPI/2.0
      - Microsoft-HTTPAPI/2.0
      strict-transport-security:
      - max-age=31536000; includeSubDomains
      transfer-encoding:
      - chunked
      vary:
      - Accept-Encoding
      x-content-type-options:
      - nosniff
      x-ms-arm-service-request-id:
      - 394f294b-79ae-4961-b483-50c6bed92fc8
    status:
      code: 200
      message: OK
- request:
    body: null
    headers:
      Accept:
      - application/json
      Accept-Encoding:
      - gzip, deflate
      Connection:
      - keep-alive
      User-Agent:
      - python/3.6.8 (Linux-4.9.125-linuxkit-x86_64-with-Ubuntu-18.04-bionic) msrest/0.6.8
        msrest_azure/0.4.34 azure-mgmt-network/6.0.0 Azure-SDK-For-Python
      accept-language:
      - en-US
    method: GET
    uri: https://management.azure.com/subscriptions/00000000-0000-0000-0000-000000000000/resourceGroups/test_mgmt_managed_disks_test_create_virtual_machine_scale_set5cc18eb/providers/Microsoft.Network/virtualNetworks/pyvmirnet5cc18eb/subnets/pyvmirsub5cc18eb?api-version=2019-08-01
  response:
    body:
      string: "{\r\n  \"name\": \"pyvmirsub5cc18eb\",\r\n  \"id\": \"/subscriptions/00000000-0000-0000-0000-000000000000/resourceGroups/test_mgmt_managed_disks_test_create_virtual_machine_scale_set5cc18eb/providers/Microsoft.Network/virtualNetworks/pyvmirnet5cc18eb/subnets/pyvmirsub5cc18eb\"\
        ,\r\n  \"etag\": \"W/\\\"987ceb44-3439-433d-8bb8-69e4971bfec8\\\"\",\r\n \
        \ \"properties\": {\r\n    \"provisioningState\": \"Succeeded\",\r\n    \"\
        addressPrefix\": \"10.0.0.0/24\",\r\n    \"delegations\": [],\r\n    \"privateEndpointNetworkPolicies\"\
        : \"Enabled\",\r\n    \"privateLinkServiceNetworkPolicies\": \"Enabled\"\r\
        \n  },\r\n  \"type\": \"Microsoft.Network/virtualNetworks/subnets\"\r\n}"
    headers:
      cache-control:
      - no-cache
      content-length:
      - '608'
      content-type:
      - application/json; charset=utf-8
      date:
      - Tue, 22 Oct 2019 06:40:34 GMT
      etag:
      - W/"987ceb44-3439-433d-8bb8-69e4971bfec8"
      expires:
      - '-1'
      pragma:
      - no-cache
      server:
      - Microsoft-HTTPAPI/2.0
      - Microsoft-HTTPAPI/2.0
      strict-transport-security:
      - max-age=31536000; includeSubDomains
      transfer-encoding:
      - chunked
      vary:
      - Accept-Encoding
      x-content-type-options:
      - nosniff
      x-ms-arm-service-request-id:
      - bf50b1c9-92cf-4ade-a764-efb3bce34ea3
    status:
      code: 200
      message: OK
- request:
    body: '{"location": "westus", "sku": {"name": "Standard_A1", "tier": "Standard",
      "capacity": 5}, "properties": {"upgradePolicy": {"mode": "Manual"}, "virtualMachineProfile":
      {"osProfile": {"computerNamePrefix": "PyTestInfix", "adminUsername": "Foo12",
      "adminPassword": "BaR@123!!!!"}, "storageProfile": {"imageReference": {"publisher":
      "Canonical", "offer": "UbuntuServer", "sku": "16.04.0-LTS", "version": "latest"}},
      "networkProfile": {"networkInterfaceConfigurations": [{"name": "PyTestInfixnic",
      "properties": {"primary": true, "ipConfigurations": [{"name": "PyTestInfixipconfig",
      "properties": {"subnet": {"id": "/subscriptions/00000000-0000-0000-0000-000000000000/resourceGroups/test_mgmt_managed_disks_test_create_virtual_machine_scale_set5cc18eb/providers/Microsoft.Network/virtualNetworks/pyvmirnet5cc18eb/subnets/pyvmirsub5cc18eb"}}}]}}]}},
      "overprovision": true}}'
    headers:
      Accept:
      - application/json
      Accept-Encoding:
      - gzip, deflate
      Connection:
      - keep-alive
      Content-Length:
      - '867'
      Content-Type:
      - application/json; charset=utf-8
      User-Agent:
      - python/3.6.8 (Linux-4.9.125-linuxkit-x86_64-with-Ubuntu-18.04-bionic) msrest/0.6.8
        msrest_azure/0.4.34 azure-mgmt-compute/9.0.0 Azure-SDK-For-Python
      accept-language:
      - en-US
    method: PUT
    uri: https://management.azure.com/subscriptions/00000000-0000-0000-0000-000000000000/resourceGroups/test_mgmt_managed_disks_test_create_virtual_machine_scale_set5cc18eb/providers/Microsoft.Compute/virtualMachineScaleSets/pyvmirvm5cc18eb?api-version=2019-07-01
  response:
    body:
      string: "{\r\n  \"name\": \"pyvmirvm5cc18eb\",\r\n  \"id\": \"/subscriptions/00000000-0000-0000-0000-000000000000/resourceGroups/test_mgmt_managed_disks_test_create_virtual_machine_scale_set5cc18eb/providers/Microsoft.Compute/virtualMachineScaleSets/pyvmirvm5cc18eb\"\
        ,\r\n  \"type\": \"Microsoft.Compute/virtualMachineScaleSets\",\r\n  \"location\"\
        : \"westus\",\r\n  \"sku\": {\r\n    \"name\": \"Standard_A1\",\r\n    \"\
        tier\": \"Standard\",\r\n    \"capacity\": 5\r\n  },\r\n  \"properties\":\
        \ {\r\n    \"singlePlacementGroup\": true,\r\n    \"upgradePolicy\": {\r\n\
        \      \"mode\": \"Manual\"\r\n    },\r\n    \"virtualMachineProfile\": {\r\
        \n      \"osProfile\": {\r\n        \"computerNamePrefix\": \"PyTestInfix\"\
        ,\r\n        \"adminUsername\": \"Foo12\",\r\n        \"linuxConfiguration\"\
        : {\r\n          \"disablePasswordAuthentication\": false,\r\n          \"\
        provisionVMAgent\": true\r\n        },\r\n        \"secrets\": [],\r\n   \
        \     \"allowExtensionOperations\": true,\r\n        \"requireGuestProvisionSignal\"\
        : true\r\n      },\r\n      \"storageProfile\": {\r\n        \"osDisk\": {\r\
        \n          \"createOption\": \"FromImage\",\r\n          \"caching\": \"\
        None\",\r\n          \"managedDisk\": {\r\n            \"storageAccountType\"\
        : \"Standard_LRS\"\r\n          }\r\n        },\r\n        \"imageReference\"\
        : {\r\n          \"publisher\": \"Canonical\",\r\n          \"offer\": \"\
        UbuntuServer\",\r\n          \"sku\": \"16.04.0-LTS\",\r\n          \"version\"\
        : \"latest\"\r\n        }\r\n      },\r\n      \"networkProfile\": {\"networkInterfaceConfigurations\"\
        :[{\"name\":\"PyTestInfixnic\",\"properties\":{\"primary\":true,\"enableAcceleratedNetworking\"\
        :false,\"dnsSettings\":{\"dnsServers\":[]},\"enableIPForwarding\":false,\"\
        ipConfigurations\":[{\"name\":\"PyTestInfixipconfig\",\"properties\":{\"subnet\"\
        :{\"id\":\"/subscriptions/00000000-0000-0000-0000-000000000000/resourceGroups/test_mgmt_managed_disks_test_create_virtual_machine_scale_set5cc18eb/providers/Microsoft.Network/virtualNetworks/pyvmirnet5cc18eb/subnets/pyvmirsub5cc18eb\"\
        },\"privateIPAddressVersion\":\"IPv4\"}}]}}]}\r\n    },\r\n    \"provisioningState\"\
        : \"Creating\",\r\n    \"overprovision\": true,\r\n    \"doNotRunExtensionsOnOverprovisionedVMs\"\
        : false,\r\n    \"uniqueId\": \"7ff99224-f331-4c1e-ae5a-a31aef4c7203\"\r\n\
        \  }\r\n}"
    headers:
      azure-asyncnotification:
      - Enabled
      azure-asyncoperation:
      - https://management.azure.com/subscriptions/00000000-0000-0000-0000-000000000000/providers/Microsoft.Compute/locations/westus/operations/ece5faf7-a8ab-44e3-b0ea-fc37263dd231?api-version=2019-07-01
      cache-control:
      - no-cache
      content-length:
      - '2070'
      content-type:
      - application/json; charset=utf-8
      date:
      - Tue, 22 Oct 2019 06:40:37 GMT
      expires:
      - '-1'
      pragma:
      - no-cache
      server:
      - Microsoft-HTTPAPI/2.0
      - Microsoft-HTTPAPI/2.0
      strict-transport-security:
      - max-age=31536000; includeSubDomains
      x-content-type-options:
      - nosniff
      x-ms-ratelimit-remaining-resource:
      - Microsoft.Compute/CreateVMScaleSet3Min;59,Microsoft.Compute/CreateVMScaleSet30Min;299,Microsoft.Compute/VMScaleSetBatchedVMRequests5Min;1193,Microsoft.Compute/VmssQueuedVMOperations;4793
      x-ms-ratelimit-remaining-subscription-writes:
      - '1198'
      x-ms-request-charge:
      - '7'
    status:
      code: 201
      message: Created
- request:
    body: null
    headers:
      Accept:
      - application/json
      Accept-Encoding:
      - gzip, deflate
      Connection:
      - keep-alive
      User-Agent:
      - python/3.6.8 (Linux-4.9.125-linuxkit-x86_64-with-Ubuntu-18.04-bionic) msrest/0.6.8
        msrest_azure/0.4.34 azure-mgmt-compute/9.0.0 Azure-SDK-For-Python
    method: GET
    uri: https://management.azure.com/subscriptions/00000000-0000-0000-0000-000000000000/providers/Microsoft.Compute/locations/westus/operations/ece5faf7-a8ab-44e3-b0ea-fc37263dd231?api-version=2019-07-01
  response:
    body:
      string: "{\r\n  \"startTime\": \"2019-10-22T06:40:37.0948654+00:00\",\r\n  \"\
        status\": \"InProgress\",\r\n  \"name\": \"ece5faf7-a8ab-44e3-b0ea-fc37263dd231\"\
        \r\n}"
    headers:
      cache-control:
      - no-cache
      content-length:
      - '134'
      content-type:
      - application/json; charset=utf-8
      date:
      - Tue, 22 Oct 2019 06:40:49 GMT
      expires:
      - '-1'
      pragma:
      - no-cache
      server:
      - Microsoft-HTTPAPI/2.0
      - Microsoft-HTTPAPI/2.0
      strict-transport-security:
      - max-age=31536000; includeSubDomains
      transfer-encoding:
      - chunked
      vary:
      - Accept-Encoding
      x-content-type-options:
      - nosniff
      x-ms-ratelimit-remaining-resource:
      - Microsoft.Compute/GetOperation3Min;14992,Microsoft.Compute/GetOperation30Min;29935
    status:
      code: 200
      message: OK
- request:
    body: null
    headers:
      Accept:
      - application/json
      Accept-Encoding:
      - gzip, deflate
      Connection:
      - keep-alive
      User-Agent:
      - python/3.6.8 (Linux-4.9.125-linuxkit-x86_64-with-Ubuntu-18.04-bionic) msrest/0.6.8
        msrest_azure/0.4.34 azure-mgmt-compute/9.0.0 Azure-SDK-For-Python
    method: GET
    uri: https://management.azure.com/subscriptions/00000000-0000-0000-0000-000000000000/providers/Microsoft.Compute/locations/westus/operations/ece5faf7-a8ab-44e3-b0ea-fc37263dd231?api-version=2019-07-01
  response:
    body:
      string: "{\r\n  \"startTime\": \"2019-10-22T06:40:37.0948654+00:00\",\r\n  \"\
        status\": \"InProgress\",\r\n  \"name\": \"ece5faf7-a8ab-44e3-b0ea-fc37263dd231\"\
        \r\n}"
    headers:
      cache-control:
      - no-cache
      content-length:
      - '134'
      content-type:
      - application/json; charset=utf-8
      date:
      - Tue, 22 Oct 2019 06:41:50 GMT
      expires:
      - '-1'
      pragma:
      - no-cache
      server:
      - Microsoft-HTTPAPI/2.0
      - Microsoft-HTTPAPI/2.0
      strict-transport-security:
      - max-age=31536000; includeSubDomains
      transfer-encoding:
      - chunked
      vary:
      - Accept-Encoding
      x-content-type-options:
      - nosniff
      x-ms-ratelimit-remaining-resource:
      - Microsoft.Compute/GetOperation3Min;14993,Microsoft.Compute/GetOperation30Min;29933
    status:
      code: 200
      message: OK
- request:
    body: null
    headers:
      Accept:
      - application/json
      Accept-Encoding:
      - gzip, deflate
      Connection:
      - keep-alive
      User-Agent:
      - python/3.6.8 (Linux-4.9.125-linuxkit-x86_64-with-Ubuntu-18.04-bionic) msrest/0.6.8
        msrest_azure/0.4.34 azure-mgmt-compute/9.0.0 Azure-SDK-For-Python
    method: GET
    uri: https://management.azure.com/subscriptions/00000000-0000-0000-0000-000000000000/providers/Microsoft.Compute/locations/westus/operations/ece5faf7-a8ab-44e3-b0ea-fc37263dd231?api-version=2019-07-01
  response:
    body:
      string: "{\r\n  \"startTime\": \"2019-10-22T06:40:37.0948654+00:00\",\r\n  \"\
        endTime\": \"2019-10-22T06:42:07.1298271+00:00\",\r\n  \"status\": \"Succeeded\"\
        ,\r\n  \"name\": \"ece5faf7-a8ab-44e3-b0ea-fc37263dd231\"\r\n}"
    headers:
      cache-control:
      - no-cache
      content-length:
      - '184'
      content-type:
      - application/json; charset=utf-8
      date:
      - Tue, 22 Oct 2019 06:42:20 GMT
      expires:
      - '-1'
      pragma:
      - no-cache
      server:
      - Microsoft-HTTPAPI/2.0
      - Microsoft-HTTPAPI/2.0
      strict-transport-security:
      - max-age=31536000; includeSubDomains
      transfer-encoding:
      - chunked
      vary:
      - Accept-Encoding
      x-content-type-options:
      - nosniff
      x-ms-ratelimit-remaining-resource:
      - Microsoft.Compute/GetOperation3Min;14993,Microsoft.Compute/GetOperation30Min;29931
    status:
      code: 200
      message: OK
- request:
    body: null
    headers:
      Accept:
      - application/json
      Accept-Encoding:
      - gzip, deflate
      Connection:
      - keep-alive
      User-Agent:
      - python/3.6.8 (Linux-4.9.125-linuxkit-x86_64-with-Ubuntu-18.04-bionic) msrest/0.6.8
        msrest_azure/0.4.34 azure-mgmt-compute/9.0.0 Azure-SDK-For-Python
    method: GET
    uri: https://management.azure.com/subscriptions/00000000-0000-0000-0000-000000000000/resourceGroups/test_mgmt_managed_disks_test_create_virtual_machine_scale_set5cc18eb/providers/Microsoft.Compute/virtualMachineScaleSets/pyvmirvm5cc18eb?api-version=2019-07-01
  response:
    body:
      string: "{\r\n  \"name\": \"pyvmirvm5cc18eb\",\r\n  \"id\": \"/subscriptions/00000000-0000-0000-0000-000000000000/resourceGroups/test_mgmt_managed_disks_test_create_virtual_machine_scale_set5cc18eb/providers/Microsoft.Compute/virtualMachineScaleSets/pyvmirvm5cc18eb\"\
        ,\r\n  \"type\": \"Microsoft.Compute/virtualMachineScaleSets\",\r\n  \"location\"\
        : \"westus\",\r\n  \"sku\": {\r\n    \"name\": \"Standard_A1\",\r\n    \"\
        tier\": \"Standard\",\r\n    \"capacity\": 5\r\n  },\r\n  \"properties\":\
        \ {\r\n    \"singlePlacementGroup\": true,\r\n    \"upgradePolicy\": {\r\n\
        \      \"mode\": \"Manual\"\r\n    },\r\n    \"virtualMachineProfile\": {\r\
        \n      \"osProfile\": {\r\n        \"computerNamePrefix\": \"PyTestInfix\"\
        ,\r\n        \"adminUsername\": \"Foo12\",\r\n        \"linuxConfiguration\"\
        : {\r\n          \"disablePasswordAuthentication\": false,\r\n          \"\
        provisionVMAgent\": true\r\n        },\r\n        \"secrets\": [],\r\n   \
        \     \"allowExtensionOperations\": true,\r\n        \"requireGuestProvisionSignal\"\
        : true\r\n      },\r\n      \"storageProfile\": {\r\n        \"osDisk\": {\r\
        \n          \"createOption\": \"FromImage\",\r\n          \"caching\": \"\
        None\",\r\n          \"managedDisk\": {\r\n            \"storageAccountType\"\
        : \"Standard_LRS\"\r\n          }\r\n        },\r\n        \"imageReference\"\
        : {\r\n          \"publisher\": \"Canonical\",\r\n          \"offer\": \"\
        UbuntuServer\",\r\n          \"sku\": \"16.04.0-LTS\",\r\n          \"version\"\
        : \"latest\"\r\n        }\r\n      },\r\n      \"networkProfile\": {\"networkInterfaceConfigurations\"\
        :[{\"name\":\"PyTestInfixnic\",\"properties\":{\"primary\":true,\"enableAcceleratedNetworking\"\
        :false,\"dnsSettings\":{\"dnsServers\":[]},\"enableIPForwarding\":false,\"\
        ipConfigurations\":[{\"name\":\"PyTestInfixipconfig\",\"properties\":{\"subnet\"\
        :{\"id\":\"/subscriptions/00000000-0000-0000-0000-000000000000/resourceGroups/test_mgmt_managed_disks_test_create_virtual_machine_scale_set5cc18eb/providers/Microsoft.Network/virtualNetworks/pyvmirnet5cc18eb/subnets/pyvmirsub5cc18eb\"\
        },\"privateIPAddressVersion\":\"IPv4\"}}]}}]}\r\n    },\r\n    \"provisioningState\"\
        : \"Succeeded\",\r\n    \"overprovision\": true,\r\n    \"doNotRunExtensionsOnOverprovisionedVMs\"\
        : false,\r\n    \"uniqueId\": \"7ff99224-f331-4c1e-ae5a-a31aef4c7203\"\r\n\
        \  }\r\n}"
    headers:
      cache-control:
      - no-cache
      content-length:
      - '2071'
      content-type:
      - application/json; charset=utf-8
      date:
      - Tue, 22 Oct 2019 06:42:20 GMT
      expires:
      - '-1'
      pragma:
      - no-cache
      server:
      - Microsoft-HTTPAPI/2.0
      - Microsoft-HTTPAPI/2.0
      strict-transport-security:
      - max-age=31536000; includeSubDomains
      transfer-encoding:
      - chunked
      vary:
      - Accept-Encoding
      x-content-type-options:
      - nosniff
      x-ms-ratelimit-remaining-resource:
      - Microsoft.Compute/GetVMScaleSet3Min;198,Microsoft.Compute/GetVMScaleSet30Min;1298
    status:
      code: 200
      message: OK
version: 1
