interactions:
- request:
    body: '{"location": "westus", "properties": {"creationData": {"createOption":
      "Empty"}, "diskSizeGB": 20}}'
    headers:
      Accept:
      - application/json
      Accept-Encoding:
      - gzip, deflate
      Connection:
      - keep-alive
      Content-Length:
      - '99'
      Content-Type:
      - application/json; charset=utf-8
      User-Agent:
      - python/3.6.8 (Linux-4.9.125-linuxkit-x86_64-with-Ubuntu-18.04-bionic) msrest/0.6.8
        msrest_azure/0.4.34 azure-mgmt-compute/9.0.0 Azure-SDK-For-Python
      accept-language:
      - en-US
    method: PUT
    uri: https://management.azure.com/subscriptions/00000000-0000-0000-0000-000000000000/resourceGroups/test_mgmt_managed_disks_test_resize_md30640f8d/providers/Microsoft.Compute/disks/myDisk?api-version=2019-07-01
  response:
    body:
      string: "{\r\n  \"name\": \"myDisk\",\r\n  \"location\": \"westus\",\r\n  \"\
        properties\": {\r\n    \"creationData\": {\r\n      \"createOption\": \"Empty\"\
        \r\n    },\r\n    \"diskSizeGB\": 20,\r\n    \"provisioningState\": \"Updating\"\
        ,\r\n    \"isArmResource\": true\r\n  }\r\n}"
    headers:
      azure-asyncoperation:
      - https://management.azure.com/subscriptions/00000000-0000-0000-0000-000000000000/providers/Microsoft.Compute/locations/westus/DiskOperations/f78d6f65-a8ef-404c-9bd0-f665ae9d6df8?api-version=2019-07-01
      cache-control:
      - no-cache
      content-length:
      - '224'
      content-type:
      - application/json; charset=utf-8
      date:
      - Tue, 22 Oct 2019 06:47:36 GMT
      expires:
      - '-1'
      location:
      - https://management.azure.com/subscriptions/00000000-0000-0000-0000-000000000000/providers/Microsoft.Compute/locations/westus/DiskOperations/f78d6f65-a8ef-404c-9bd0-f665ae9d6df8?monitor=true&api-version=2019-07-01
      pragma:
      - no-cache
      server:
      - Microsoft-HTTPAPI/2.0
      - Microsoft-HTTPAPI/2.0
      strict-transport-security:
      - max-age=31536000; includeSubDomains
      x-content-type-options:
      - nosniff
      x-ms-ratelimit-remaining-resource:
      - Microsoft.Compute/CreateUpdateDisks3Min;994,Microsoft.Compute/CreateUpdateDisks30Min;7991
      x-ms-ratelimit-remaining-subscription-writes:
      - '1199'
    status:
      code: 202
      message: Accepted
- request:
    body: null
    headers:
      Accept:
      - application/json
      Accept-Encoding:
      - gzip, deflate
      Connection:
      - keep-alive
      User-Agent:
      - python/3.6.8 (Linux-4.9.125-linuxkit-x86_64-with-Ubuntu-18.04-bionic) msrest/0.6.8
        msrest_azure/0.4.34 azure-mgmt-compute/9.0.0 Azure-SDK-For-Python
    method: GET
    uri: https://management.azure.com/subscriptions/00000000-0000-0000-0000-000000000000/providers/Microsoft.Compute/locations/westus/DiskOperations/f78d6f65-a8ef-404c-9bd0-f665ae9d6df8?api-version=2019-07-01
  response:
    body:
      string: "{\r\n  \"startTime\": \"2019-10-22T06:47:36.8870499+00:00\",\r\n  \"\
        endTime\": \"2019-10-22T06:47:37.0120502+00:00\",\r\n  \"status\": \"Succeeded\"\
        ,\r\n  \"properties\": {\r\n    \"output\": {\r\n  \"name\": \"myDisk\",\r\
        \n  \"id\": \"/subscriptions/00000000-0000-0000-0000-000000000000/resourceGroups/test_mgmt_managed_disks_test_resize_md30640f8d/providers/Microsoft.Compute/disks/myDisk\"\
        ,\r\n  \"type\": \"Microsoft.Compute/disks\",\r\n  \"location\": \"westus\"\
        ,\r\n  \"sku\": {\r\n    \"name\": \"Standard_LRS\",\r\n    \"tier\": \"Standard\"\
        \r\n  },\r\n  \"properties\": {\r\n    \"creationData\": {\r\n      \"createOption\"\
        : \"Empty\"\r\n    },\r\n    \"diskSizeGB\": 20,\r\n    \"diskIOPSReadWrite\"\
        : 500,\r\n    \"diskMBpsReadWrite\": 60,\r\n    \"encryption\": {\r\n    \
        \  \"type\": \"EncryptionAtRestWithPlatformKey\"\r\n    },\r\n    \"timeCreated\"\
        : \"2019-10-22T06:47:36.8870499+00:00\",\r\n    \"provisioningState\": \"\
        Succeeded\",\r\n    \"diskState\": \"Unattached\",\r\n    \"diskSizeBytes\"\
        : 21474836480,\r\n    \"uniqueId\": \"4c078ac7-c48b-4c24-a7a3-1ba5477d1c65\"\
        \r\n  }\r\n}\r\n  },\r\n  \"name\": \"f78d6f65-a8ef-404c-9bd0-f665ae9d6df8\"\
        \r\n}"
    headers:
      cache-control:
      - no-cache
      content-length:
      - '1018'
      content-type:
      - application/json; charset=utf-8
      date:
      - Tue, 22 Oct 2019 06:47:39 GMT
      expires:
      - '-1'
      pragma:
      - no-cache
      server:
      - Microsoft-HTTPAPI/2.0
      - Microsoft-HTTPAPI/2.0
      strict-transport-security:
      - max-age=31536000; includeSubDomains
      transfer-encoding:
      - chunked
      vary:
      - Accept-Encoding
      x-content-type-options:
      - nosniff
      x-ms-ratelimit-remaining-resource:
      - Microsoft.Compute/GetOperation3Min;49976,Microsoft.Compute/GetOperation30Min;399948
    status:
      code: 200
      message: OK
- request:
    body: null
    headers:
      Accept:
      - application/json
      Accept-Encoding:
      - gzip, deflate
      Connection:
      - keep-alive
      User-Agent:
      - python/3.6.8 (Linux-4.9.125-linuxkit-x86_64-with-Ubuntu-18.04-bionic) msrest/0.6.8
        msrest_azure/0.4.34 azure-mgmt-compute/9.0.0 Azure-SDK-For-Python
    method: GET
    uri: https://management.azure.com/subscriptions/00000000-0000-0000-0000-000000000000/resourceGroups/test_mgmt_managed_disks_test_resize_md30640f8d/providers/Microsoft.Compute/disks/myDisk?api-version=2019-07-01
  response:
    body:
      string: "{\r\n  \"name\": \"myDisk\",\r\n  \"id\": \"/subscriptions/00000000-0000-0000-0000-000000000000/resourceGroups/test_mgmt_managed_disks_test_resize_md30640f8d/providers/Microsoft.Compute/disks/myDisk\"\
        ,\r\n  \"type\": \"Microsoft.Compute/disks\",\r\n  \"location\": \"westus\"\
        ,\r\n  \"sku\": {\r\n    \"name\": \"Standard_LRS\",\r\n    \"tier\": \"Standard\"\
        \r\n  },\r\n  \"properties\": {\r\n    \"creationData\": {\r\n      \"createOption\"\
        : \"Empty\"\r\n    },\r\n    \"diskSizeGB\": 20,\r\n    \"diskIOPSReadWrite\"\
        : 500,\r\n    \"diskMBpsReadWrite\": 60,\r\n    \"encryption\": {\r\n    \
        \  \"type\": \"EncryptionAtRestWithPlatformKey\"\r\n    },\r\n    \"timeCreated\"\
        : \"2019-10-22T06:47:36.8870499+00:00\",\r\n    \"provisioningState\": \"\
        Succeeded\",\r\n    \"diskState\": \"Unattached\",\r\n    \"diskSizeBytes\"\
        : 21474836480,\r\n    \"uniqueId\": \"4c078ac7-c48b-4c24-a7a3-1ba5477d1c65\"\
        \r\n  }\r\n}"
    headers:
      cache-control:
      - no-cache
      content-length:
      - '793'
      content-type:
      - application/json; charset=utf-8
      date:
      - Tue, 22 Oct 2019 06:47:39 GMT
      expires:
      - '-1'
      pragma:
      - no-cache
      server:
      - Microsoft-HTTPAPI/2.0
      - Microsoft-HTTPAPI/2.0
      strict-transport-security:
      - max-age=31536000; includeSubDomains
      transfer-encoding:
      - chunked
      vary:
      - Accept-Encoding
      x-content-type-options:
      - nosniff
      x-ms-ratelimit-remaining-resource:
      - Microsoft.Compute/LowCostGet3Min;4977,Microsoft.Compute/LowCostGet30Min;39950
    status:
      code: 200
      message: OK
- request:
    body: null
    headers:
      Accept:
      - application/json
      Accept-Encoding:
      - gzip, deflate
      Connection:
      - keep-alive
      User-Agent:
      - python/3.6.8 (Linux-4.9.125-linuxkit-x86_64-with-Ubuntu-18.04-bionic) msrest/0.6.8
        msrest_azure/0.4.34 azure-mgmt-compute/9.0.0 Azure-SDK-For-Python
      accept-language:
      - en-US
    method: GET
    uri: https://management.azure.com/subscriptions/00000000-0000-0000-0000-000000000000/resourceGroups/test_mgmt_managed_disks_test_resize_md30640f8d/providers/Microsoft.Compute/disks/myDisk?api-version=2019-07-01
  response:
    body:
      string: "{\r\n  \"name\": \"myDisk\",\r\n  \"id\": \"/subscriptions/00000000-0000-0000-0000-000000000000/resourceGroups/test_mgmt_managed_disks_test_resize_md30640f8d/providers/Microsoft.Compute/disks/myDisk\"\
        ,\r\n  \"type\": \"Microsoft.Compute/disks\",\r\n  \"location\": \"westus\"\
        ,\r\n  \"sku\": {\r\n    \"name\": \"Standard_LRS\",\r\n    \"tier\": \"Standard\"\
        \r\n  },\r\n  \"properties\": {\r\n    \"creationData\": {\r\n      \"createOption\"\
        : \"Empty\"\r\n    },\r\n    \"diskSizeGB\": 20,\r\n    \"diskIOPSReadWrite\"\
        : 500,\r\n    \"diskMBpsReadWrite\": 60,\r\n    \"encryption\": {\r\n    \
        \  \"type\": \"EncryptionAtRestWithPlatformKey\"\r\n    },\r\n    \"timeCreated\"\
        : \"2019-10-22T06:47:36.8870499+00:00\",\r\n    \"provisioningState\": \"\
        Succeeded\",\r\n    \"diskState\": \"Unattached\",\r\n    \"diskSizeBytes\"\
        : 21474836480,\r\n    \"uniqueId\": \"4c078ac7-c48b-4c24-a7a3-1ba5477d1c65\"\
        \r\n  }\r\n}"
    headers:
      cache-control:
      - no-cache
      content-length:
      - '793'
      content-type:
      - application/json; charset=utf-8
      date:
      - Tue, 22 Oct 2019 06:47:39 GMT
      expires:
      - '-1'
      pragma:
      - no-cache
      server:
      - Microsoft-HTTPAPI/2.0
      - Microsoft-HTTPAPI/2.0
      strict-transport-security:
      - max-age=31536000; includeSubDomains
      transfer-encoding:
      - chunked
      vary:
      - Accept-Encoding
      x-content-type-options:
      - nosniff
      x-ms-ratelimit-remaining-resource:
      - Microsoft.Compute/LowCostGet3Min;4976,Microsoft.Compute/LowCostGet30Min;39949
    status:
      code: 200
      message: OK
- request:
    body: '{"location": "westus", "sku": {"name": "Standard_LRS"}, "properties": {"creationData":
      {"createOption": "Empty"}, "diskSizeGB": 25, "diskIOPSReadWrite": 500, "diskMBpsReadWrite":
      60, "encryption": {"type": "EncryptionAtRestWithPlatformKey"}}}'
    headers:
      Accept:
      - application/json
      Accept-Encoding:
      - gzip, deflate
      Connection:
      - keep-alive
      Content-Length:
      - '242'
      Content-Type:
      - application/json; charset=utf-8
      User-Agent:
      - python/3.6.8 (Linux-4.9.125-linuxkit-x86_64-with-Ubuntu-18.04-bionic) msrest/0.6.8
        msrest_azure/0.4.34 azure-mgmt-compute/9.0.0 Azure-SDK-For-Python
      accept-language:
      - en-US
    method: PUT
    uri: https://management.azure.com/subscriptions/00000000-0000-0000-0000-000000000000/resourceGroups/test_mgmt_managed_disks_test_resize_md30640f8d/providers/Microsoft.Compute/disks/myDisk?api-version=2019-07-01
  response:
    body:
      string: "{\r\n  \"name\": \"myDisk\",\r\n  \"location\": \"westus\",\r\n  \"\
        sku\": {\r\n    \"name\": \"Standard_LRS\"\r\n  },\r\n  \"properties\": {\r\
        \n    \"creationData\": {\r\n      \"createOption\": \"Empty\"\r\n    },\r\
        \n    \"diskSizeGB\": 25,\r\n    \"encryption\": {\r\n      \"type\": \"EncryptionAtRestWithPlatformKey\"\
        \r\n    },\r\n    \"provisioningState\": \"Updating\",\r\n    \"isArmResource\"\
        : true\r\n  }\r\n}"
    headers:
      azure-asyncoperation:
      - https://management.azure.com/subscriptions/00000000-0000-0000-0000-000000000000/providers/Microsoft.Compute/locations/westus/DiskOperations/17b8d2f8-6d8d-4031-9206-61fac373f15c?api-version=2019-07-01
      cache-control:
      - no-cache
      content-length:
      - '348'
      content-type:
      - application/json; charset=utf-8
      date:
      - Tue, 22 Oct 2019 06:47:39 GMT
      expires:
      - '-1'
      location:
      - https://management.azure.com/subscriptions/00000000-0000-0000-0000-000000000000/providers/Microsoft.Compute/locations/westus/DiskOperations/17b8d2f8-6d8d-4031-9206-61fac373f15c?monitor=true&api-version=2019-07-01
      pragma:
      - no-cache
      server:
      - Microsoft-HTTPAPI/2.0
      - Microsoft-HTTPAPI/2.0
      strict-transport-security:
      - max-age=31536000; includeSubDomains
      x-content-type-options:
      - nosniff
      x-ms-ratelimit-remaining-resource:
      - Microsoft.Compute/CreateUpdateDisks3Min;993,Microsoft.Compute/CreateUpdateDisks30Min;7990
      x-ms-ratelimit-remaining-subscription-writes:
      - '1198'
    status:
      code: 202
      message: Accepted
- request:
    body: null
    headers:
      Accept:
      - application/json
      Accept-Encoding:
      - gzip, deflate
      Connection:
      - keep-alive
      User-Agent:
      - python/3.6.8 (Linux-4.9.125-linuxkit-x86_64-with-Ubuntu-18.04-bionic) msrest/0.6.8
        msrest_azure/0.4.34 azure-mgmt-compute/9.0.0 Azure-SDK-For-Python
    method: GET
    uri: https://management.azure.com/subscriptions/00000000-0000-0000-0000-000000000000/providers/Microsoft.Compute/locations/westus/DiskOperations/17b8d2f8-6d8d-4031-9206-61fac373f15c?api-version=2019-07-01
  response:
    body:
      string: "{\r\n  \"startTime\": \"2019-10-22T06:47:40.6683252+00:00\",\r\n  \"\
        endTime\": \"2019-10-22T06:47:40.8089366+00:00\",\r\n  \"status\": \"Succeeded\"\
        ,\r\n  \"properties\": {\r\n    \"output\": {\r\n  \"name\": \"myDisk\",\r\
        \n  \"id\": \"/subscriptions/00000000-0000-0000-0000-000000000000/resourceGroups/test_mgmt_managed_disks_test_resize_md30640f8d/providers/Microsoft.Compute/disks/myDisk\"\
        ,\r\n  \"type\": \"Microsoft.Compute/disks\",\r\n  \"location\": \"westus\"\
        ,\r\n  \"sku\": {\r\n    \"name\": \"Standard_LRS\",\r\n    \"tier\": \"Standard\"\
        \r\n  },\r\n  \"properties\": {\r\n    \"creationData\": {\r\n      \"createOption\"\
        : \"Empty\"\r\n    },\r\n    \"diskSizeGB\": 25,\r\n    \"diskIOPSReadWrite\"\
        : 500,\r\n    \"diskMBpsReadWrite\": 60,\r\n    \"encryption\": {\r\n    \
        \  \"type\": \"EncryptionAtRestWithPlatformKey\"\r\n    },\r\n    \"timeCreated\"\
        : \"2019-10-22T06:47:36.8870499+00:00\",\r\n    \"provisioningState\": \"\
        Succeeded\",\r\n    \"diskState\": \"Unattached\",\r\n    \"diskSizeBytes\"\
        : 26843545600,\r\n    \"uniqueId\": \"4c078ac7-c48b-4c24-a7a3-1ba5477d1c65\"\
        \r\n  }\r\n}\r\n  },\r\n  \"name\": \"17b8d2f8-6d8d-4031-9206-61fac373f15c\"\
        \r\n}"
    headers:
      cache-control:
      - no-cache
      content-length:
      - '1018'
      content-type:
      - application/json; charset=utf-8
      date:
      - Tue, 22 Oct 2019 06:47:43 GMT
      expires:
      - '-1'
      pragma:
      - no-cache
      server:
      - Microsoft-HTTPAPI/2.0
      - Microsoft-HTTPAPI/2.0
      strict-transport-security:
      - max-age=31536000; includeSubDomains
      transfer-encoding:
      - chunked
      vary:
      - Accept-Encoding
      x-content-type-options:
      - nosniff
      x-ms-ratelimit-remaining-resource:
      - Microsoft.Compute/GetOperation3Min;49973,Microsoft.Compute/GetOperation30Min;399945
    status:
      code: 200
      message: OK
- request:
    body: null
    headers:
      Accept:
      - application/json
      Accept-Encoding:
      - gzip, deflate
      Connection:
      - keep-alive
      User-Agent:
      - python/3.6.8 (Linux-4.9.125-linuxkit-x86_64-with-Ubuntu-18.04-bionic) msrest/0.6.8
        msrest_azure/0.4.34 azure-mgmt-compute/9.0.0 Azure-SDK-For-Python
    method: GET
    uri: https://management.azure.com/subscriptions/00000000-0000-0000-0000-000000000000/resourceGroups/test_mgmt_managed_disks_test_resize_md30640f8d/providers/Microsoft.Compute/disks/myDisk?api-version=2019-07-01
  response:
    body:
      string: "{\r\n  \"name\": \"myDisk\",\r\n  \"id\": \"/subscriptions/00000000-0000-0000-0000-000000000000/resourceGroups/test_mgmt_managed_disks_test_resize_md30640f8d/providers/Microsoft.Compute/disks/myDisk\"\
        ,\r\n  \"type\": \"Microsoft.Compute/disks\",\r\n  \"location\": \"westus\"\
        ,\r\n  \"sku\": {\r\n    \"name\": \"Standard_LRS\",\r\n    \"tier\": \"Standard\"\
        \r\n  },\r\n  \"properties\": {\r\n    \"creationData\": {\r\n      \"createOption\"\
        : \"Empty\"\r\n    },\r\n    \"diskSizeGB\": 25,\r\n    \"diskIOPSReadWrite\"\
        : 500,\r\n    \"diskMBpsReadWrite\": 60,\r\n    \"encryption\": {\r\n    \
        \  \"type\": \"EncryptionAtRestWithPlatformKey\"\r\n    },\r\n    \"timeCreated\"\
        : \"2019-10-22T06:47:36.8870499+00:00\",\r\n    \"provisioningState\": \"\
        Succeeded\",\r\n    \"diskState\": \"Unattached\",\r\n    \"diskSizeBytes\"\
        : 26843545600,\r\n    \"uniqueId\": \"4c078ac7-c48b-4c24-a7a3-1ba5477d1c65\"\
        \r\n  }\r\n}"
    headers:
      cache-control:
      - no-cache
      content-length:
      - '793'
      content-type:
      - application/json; charset=utf-8
      date:
      - Tue, 22 Oct 2019 06:47:43 GMT
      expires:
      - '-1'
      pragma:
      - no-cache
      server:
      - Microsoft-HTTPAPI/2.0
      - Microsoft-HTTPAPI/2.0
      strict-transport-security:
      - max-age=31536000; includeSubDomains
      transfer-encoding:
      - chunked
      vary:
      - Accept-Encoding
      x-content-type-options:
      - nosniff
      x-ms-ratelimit-remaining-resource:
      - Microsoft.Compute/LowCostGet3Min;4973,Microsoft.Compute/LowCostGet30Min;39946
    status:
      code: 200
      message: OK
version: 1
