interactions:
- request:
    body: '{"location": "eastus", "properties": {"creationData": {"createOption":
      "Empty"}, "diskSizeGB": 200}}'
    headers:
      Accept:
      - application/json
      Accept-Encoding:
      - gzip, deflate
      Connection:
      - keep-alive
      Content-Length:
      - '100'
      Content-Type:
      - application/json
      User-Agent:
      - azsdk-python-azure-mgmt-compute/23.1.0 Python/3.8.12 (Linux-5.8.0-1042-azure-x86_64-with-glibc2.2.5)
        VSTS_0fb41ef4-5012-48a9-bf39-4ee3de03ee35_build_2500_0
    method: PUT
    uri: https://management.azure.com/subscriptions/00000000-0000-0000-0000-000000000000/resourceGroups/rgname/providers/Microsoft.Compute/disks/diskname10bb14a9?api-version=2020-12-01
  response:
    body:
      string: "{\r\n  \"name\": \"diskname10bb14a9\",\r\n  \"location\": \"eastus\",\r\n
        \ \"properties\": {\r\n    \"creationData\": {\r\n      \"createOption\":
        \"Empty\"\r\n    },\r\n    \"diskSizeGB\": 200,\r\n    \"provisioningState\":
        \"Updating\",\r\n    \"isArmResource\": true\r\n  }\r\n}"
    headers:
      azure-asyncoperation:
      - https://management.azure.com/subscriptions/00000000-0000-0000-0000-000000000000/providers/Microsoft.Compute/locations/eastus/DiskOperations/97bd2ae6-e3dd-465c-983b-248599ff5408?p=36ee1309-094c-4cec-b989-37cf5e794c1b&api-version=2020-12-01
      cache-control:
      - no-cache
      content-length:
      - '235'
      content-type:
      - application/json; charset=utf-8
      date:
      - Sat, 09 Oct 2021 06:30:00 GMT
      expires:
      - '-1'
      location:
      - https://management.azure.com/subscriptions/00000000-0000-0000-0000-000000000000/providers/Microsoft.Compute/locations/eastus/DiskOperations/97bd2ae6-e3dd-465c-983b-248599ff5408?p=36ee1309-094c-4cec-b989-37cf5e794c1b&monitor=true&api-version=2020-12-01
      pragma:
      - no-cache
      server:
      - Microsoft-HTTPAPI/2.0
      - Microsoft-HTTPAPI/2.0
      strict-transport-security:
      - max-age=31536000; includeSubDomains
      x-content-type-options:
      - nosniff
      x-ms-ratelimit-remaining-resource:
      - Microsoft.Compute/CreateUpdateDisks3Min;998,Microsoft.Compute/CreateUpdateDisks30Min;7993
      x-ms-ratelimit-remaining-subscription-writes:
      - '1193'
    status:
      code: 202
      message: Accepted
- request:
    body: null
    headers:
      Accept:
      - '*/*'
      Accept-Encoding:
      - gzip, deflate
      Connection:
      - keep-alive
      User-Agent:
      - azsdk-python-azure-mgmt-compute/23.1.0 Python/3.8.12 (Linux-5.8.0-1042-azure-x86_64-with-glibc2.2.5)
        VSTS_0fb41ef4-5012-48a9-bf39-4ee3de03ee35_build_2500_0
    method: GET
    uri: https://management.azure.com/subscriptions/00000000-0000-0000-0000-000000000000/providers/Microsoft.Compute/locations/eastus/DiskOperations/97bd2ae6-e3dd-465c-983b-248599ff5408?p=36ee1309-094c-4cec-b989-37cf5e794c1b&api-version=2020-12-01
  response:
    body:
      string: "{\r\n  \"startTime\": \"2021-10-09T06:30:00.3035658+00:00\",\r\n  \"endTime\":
        \"2021-10-09T06:30:00.4285416+00:00\",\r\n  \"status\": \"Succeeded\",\r\n
        \ \"properties\": {\r\n    \"output\": {\r\n  \"name\": \"diskname10bb14a9\",\r\n
        \ \"id\": \"/subscriptions/00000000-0000-0000-0000-000000000000/resourceGroups/rgname/providers/Microsoft.Compute/disks/diskname10bb14a9\",\r\n
        \ \"type\": \"Microsoft.Compute/disks\",\r\n  \"location\": \"eastus\",\r\n
        \ \"sku\": {\r\n    \"name\": \"Standard_LRS\",\r\n    \"tier\": \"Standard\"\r\n
        \ },\r\n  \"properties\": {\r\n    \"creationData\": {\r\n      \"createOption\":
        \"Empty\"\r\n    },\r\n    \"diskSizeGB\": 200,\r\n    \"diskIOPSReadWrite\":
        500,\r\n    \"diskMBpsReadWrite\": 60,\r\n    \"encryption\": {\r\n      \"type\":
        \"EncryptionAtRestWithPlatformKey\"\r\n    },\r\n    \"networkAccessPolicy\":
        \"AllowAll\",\r\n    \"timeCreated\": \"2021-10-09T06:30:00.3035658+00:00\",\r\n
        \   \"provisioningState\": \"Succeeded\",\r\n    \"diskState\": \"Unattached\",\r\n
        \   \"diskSizeBytes\": 214748364800,\r\n    \"uniqueId\": \"284433f1-d055-4e0f-99d3-c31b56792246\"\r\n
        \ }\r\n}\r\n  },\r\n  \"name\": \"97bd2ae6-e3dd-465c-983b-248599ff5408\"\r\n}"
    headers:
      cache-control:
      - no-cache
      content-length:
      - '1114'
      content-type:
      - application/json; charset=utf-8
      date:
      - Sat, 09 Oct 2021 06:30:02 GMT
      expires:
      - '-1'
      pragma:
      - no-cache
      server:
      - Microsoft-HTTPAPI/2.0
      - Microsoft-HTTPAPI/2.0
      strict-transport-security:
      - max-age=31536000; includeSubDomains
      transfer-encoding:
      - chunked
      vary:
      - Accept-Encoding
      x-content-type-options:
      - nosniff
      x-ms-ratelimit-remaining-resource:
      - Microsoft.Compute/GetOperation3Min;49987,Microsoft.Compute/GetOperation30Min;399954
    status:
      code: 200
      message: OK
- request:
    body: null
    headers:
      Accept:
      - '*/*'
      Accept-Encoding:
      - gzip, deflate
      Connection:
      - keep-alive
      User-Agent:
      - azsdk-python-azure-mgmt-compute/23.1.0 Python/3.8.12 (Linux-5.8.0-1042-azure-x86_64-with-glibc2.2.5)
        VSTS_0fb41ef4-5012-48a9-bf39-4ee3de03ee35_build_2500_0
    method: GET
    uri: https://management.azure.com/subscriptions/00000000-0000-0000-0000-000000000000/resourceGroups/rgname/providers/Microsoft.Compute/disks/diskname10bb14a9?api-version=2020-12-01
  response:
    body:
      string: "{\r\n  \"name\": \"diskname10bb14a9\",\r\n  \"id\": \"/subscriptions/00000000-0000-0000-0000-000000000000/resourceGroups/rgname/providers/Microsoft.Compute/disks/diskname10bb14a9\",\r\n
        \ \"type\": \"Microsoft.Compute/disks\",\r\n  \"location\": \"eastus\",\r\n
        \ \"sku\": {\r\n    \"name\": \"Standard_LRS\",\r\n    \"tier\": \"Standard\"\r\n
        \ },\r\n  \"properties\": {\r\n    \"creationData\": {\r\n      \"createOption\":
        \"Empty\"\r\n    },\r\n    \"diskSizeGB\": 200,\r\n    \"diskIOPSReadWrite\":
        500,\r\n    \"diskMBpsReadWrite\": 60,\r\n    \"encryption\": {\r\n      \"type\":
        \"EncryptionAtRestWithPlatformKey\"\r\n    },\r\n    \"networkAccessPolicy\":
        \"AllowAll\",\r\n    \"timeCreated\": \"2021-10-09T06:30:00.3035658+00:00\",\r\n
        \   \"provisioningState\": \"Succeeded\",\r\n    \"diskState\": \"Unattached\",\r\n
        \   \"diskSizeBytes\": 214748364800,\r\n    \"uniqueId\": \"284433f1-d055-4e0f-99d3-c31b56792246\"\r\n
        \ }\r\n}"
    headers:
      cache-control:
      - no-cache
      content-length:
      - '889'
      content-type:
      - application/json; charset=utf-8
      date:
      - Sat, 09 Oct 2021 06:30:02 GMT
      expires:
      - '-1'
      pragma:
      - no-cache
      server:
      - Microsoft-HTTPAPI/2.0
      - Microsoft-HTTPAPI/2.0
      strict-transport-security:
      - max-age=31536000; includeSubDomains
      transfer-encoding:
      - chunked
      vary:
      - Accept-Encoding
      x-content-type-options:
      - nosniff
      x-ms-ratelimit-remaining-resource:
      - Microsoft.Compute/LowCostGet3Min;14993,Microsoft.Compute/LowCostGet30Min;119954
    status:
      code: 200
      message: OK
- request:
    body: '{"location": "eastus", "properties": {"creationData": {"createOption":
      "Copy", "sourceUri": "/subscriptions/00000000-0000-0000-0000-000000000000/resourceGroups/rgname/providers/Microsoft.Compute/disks/diskname10bb14a9"}}}'
    headers:
      Accept:
      - application/json
      Accept-Encoding:
      - gzip, deflate
      Connection:
      - keep-alive
      Content-Length:
      - '295'
      Content-Type:
      - application/json
      User-Agent:
      - azsdk-python-azure-mgmt-compute/23.1.0 Python/3.8.12 (Linux-5.8.0-1042-azure-x86_64-with-glibc2.2.5)
        VSTS_0fb41ef4-5012-48a9-bf39-4ee3de03ee35_build_2500_0
    method: PUT
    uri: https://management.azure.com/subscriptions/00000000-0000-0000-0000-000000000000/resourceGroups/rgname/providers/Microsoft.Compute/snapshots/snapshotname10bb14a9?api-version=2020-12-01
  response:
    body:
      string: "{\r\n  \"location\": \"eastus\",\r\n  \"properties\": {\r\n    \"creationData\":
        {\r\n      \"createOption\": \"Copy\",\r\n      \"sourceUri\": \"/subscriptions/00000000-0000-0000-0000-000000000000/resourceGroups/rgname/providers/Microsoft.Compute/disks/diskname10bb14a9\",\r\n
        \     \"sourceUniqueId\": \"284433f1-d055-4e0f-99d3-c31b56792246\"\r\n    },\r\n
        \   \"provisioningState\": \"Updating\",\r\n    \"isArmResource\": true\r\n
        \ }\r\n}"
    headers:
      azure-asyncoperation:
      - https://management.azure.com/subscriptions/00000000-0000-0000-0000-000000000000/providers/Microsoft.Compute/locations/eastus/DiskOperations/753fd3ac-6be7-4ed9-a8bc-5f72624ca4eb?p=36ee1309-094c-4cec-b989-37cf5e794c1b&api-version=2020-12-01
      cache-control:
      - no-cache
      content-length:
      - '466'
      content-type:
      - application/json; charset=utf-8
      date:
      - Sat, 09 Oct 2021 06:30:02 GMT
      expires:
      - '-1'
      location:
      - https://management.azure.com/subscriptions/00000000-0000-0000-0000-000000000000/providers/Microsoft.Compute/locations/eastus/DiskOperations/753fd3ac-6be7-4ed9-a8bc-5f72624ca4eb?p=36ee1309-094c-4cec-b989-37cf5e794c1b&monitor=true&api-version=2020-12-01
      pragma:
      - no-cache
      server:
      - Microsoft-HTTPAPI/2.0
      - Microsoft-HTTPAPI/2.0
      strict-transport-security:
      - max-age=31536000; includeSubDomains
      x-content-type-options:
      - nosniff
      x-ms-ratelimit-remaining-resource:
      - Microsoft.Compute/HighCostSnapshotCreateHydrate3Min;997,Microsoft.Compute/HighCostSnapshotCreateHydrate30Min;7996
      x-ms-ratelimit-remaining-subscription-writes:
      - '1192'
    status:
      code: 202
      message: Accepted
- request:
    body: null
    headers:
      Accept:
      - '*/*'
      Accept-Encoding:
      - gzip, deflate
      Connection:
      - keep-alive
      User-Agent:
      - azsdk-python-azure-mgmt-compute/23.1.0 Python/3.8.12 (Linux-5.8.0-1042-azure-x86_64-with-glibc2.2.5)
        VSTS_0fb41ef4-5012-48a9-bf39-4ee3de03ee35_build_2500_0
    method: GET
    uri: https://management.azure.com/subscriptions/00000000-0000-0000-0000-000000000000/providers/Microsoft.Compute/locations/eastus/DiskOperations/753fd3ac-6be7-4ed9-a8bc-5f72624ca4eb?p=36ee1309-094c-4cec-b989-37cf5e794c1b&api-version=2020-12-01
  response:
    body:
      string: "{\r\n  \"startTime\": \"2021-10-09T06:30:02.662919+00:00\",\r\n  \"endTime\":
        \"2021-10-09T06:30:03.7566873+00:00\",\r\n  \"status\": \"Succeeded\",\r\n
        \ \"properties\": {\r\n    \"output\": {\r\n  \"name\": \"snapshotname10bb14a9\",\r\n
        \ \"id\": \"/subscriptions/00000000-0000-0000-0000-000000000000/resourceGroups/rgname/providers/Microsoft.Compute/snapshots/snapshotname10bb14a9\",\r\n
        \ \"type\": \"Microsoft.Compute/snapshots\",\r\n  \"location\": \"eastus\",\r\n
        \ \"sku\": {\r\n    \"name\": \"Standard_LRS\",\r\n    \"tier\": \"Standard\"\r\n
        \ },\r\n  \"properties\": {\r\n    \"creationData\": {\r\n      \"createOption\":
        \"Copy\",\r\n      \"sourceResourceId\": \"/subscriptions/00000000-0000-0000-0000-000000000000/resourceGroups/rgname/providers/Microsoft.Compute/disks/diskname10bb14a9\",\r\n
        \     \"sourceUniqueId\": \"284433f1-d055-4e0f-99d3-c31b56792246\"\r\n    },\r\n
        \   \"diskSizeGB\": 200,\r\n    \"encryption\": {\r\n      \"type\": \"EncryptionAtRestWithPlatformKey\"\r\n
        \   },\r\n    \"incremental\": false,\r\n    \"networkAccessPolicy\": \"AllowAll\",\r\n
        \   \"timeCreated\": \"2021-10-09T06:30:02.662919+00:00\",\r\n    \"provisioningState\":
        \"Succeeded\",\r\n    \"diskState\": \"Unattached\",\r\n    \"diskSizeBytes\":
        214748364800,\r\n    \"uniqueId\": \"81bf7818-293b-4a56-bd6c-57748255a1dc\"\r\n
        \ }\r\n}\r\n  },\r\n  \"name\": \"753fd3ac-6be7-4ed9-a8bc-5f72624ca4eb\"\r\n}"
    headers:
      cache-control:
      - no-cache
      content-length:
      - '1387'
      content-type:
      - application/json; charset=utf-8
      date:
      - Sat, 09 Oct 2021 06:30:04 GMT
      expires:
      - '-1'
      pragma:
      - no-cache
      server:
      - Microsoft-HTTPAPI/2.0
      - Microsoft-HTTPAPI/2.0
      strict-transport-security:
      - max-age=31536000; includeSubDomains
      transfer-encoding:
      - chunked
      vary:
      - Accept-Encoding
      x-content-type-options:
      - nosniff
      x-ms-ratelimit-remaining-resource:
      - Microsoft.Compute/GetOperation3Min;49986,Microsoft.Compute/GetOperation30Min;399953
    status:
      code: 200
      message: OK
- request:
    body: null
    headers:
      Accept:
      - '*/*'
      Accept-Encoding:
      - gzip, deflate
      Connection:
      - keep-alive
      User-Agent:
      - azsdk-python-azure-mgmt-compute/23.1.0 Python/3.8.12 (Linux-5.8.0-1042-azure-x86_64-with-glibc2.2.5)
        VSTS_0fb41ef4-5012-48a9-bf39-4ee3de03ee35_build_2500_0
    method: GET
    uri: https://management.azure.com/subscriptions/00000000-0000-0000-0000-000000000000/resourceGroups/rgname/providers/Microsoft.Compute/snapshots/snapshotname10bb14a9?api-version=2020-12-01
  response:
    body:
      string: "{\r\n  \"name\": \"snapshotname10bb14a9\",\r\n  \"id\": \"/subscriptions/00000000-0000-0000-0000-000000000000/resourceGroups/rgname/providers/Microsoft.Compute/snapshots/snapshotname10bb14a9\",\r\n
        \ \"type\": \"Microsoft.Compute/snapshots\",\r\n  \"location\": \"eastus\",\r\n
        \ \"sku\": {\r\n    \"name\": \"Standard_LRS\",\r\n    \"tier\": \"Standard\"\r\n
        \ },\r\n  \"properties\": {\r\n    \"creationData\": {\r\n      \"createOption\":
        \"Copy\",\r\n      \"sourceResourceId\": \"/subscriptions/00000000-0000-0000-0000-000000000000/resourceGroups/rgname/providers/Microsoft.Compute/disks/diskname10bb14a9\",\r\n
        \     \"sourceUniqueId\": \"284433f1-d055-4e0f-99d3-c31b56792246\"\r\n    },\r\n
        \   \"diskSizeGB\": 200,\r\n    \"encryption\": {\r\n      \"type\": \"EncryptionAtRestWithPlatformKey\"\r\n
        \   },\r\n    \"incremental\": false,\r\n    \"networkAccessPolicy\": \"AllowAll\",\r\n
        \   \"timeCreated\": \"2021-10-09T06:30:02.662919+00:00\",\r\n    \"provisioningState\":
        \"Succeeded\",\r\n    \"diskState\": \"Unattached\",\r\n    \"diskSizeBytes\":
        214748364800,\r\n    \"uniqueId\": \"81bf7818-293b-4a56-bd6c-57748255a1dc\"\r\n
        \ }\r\n}"
    headers:
      cache-control:
      - no-cache
      content-length:
      - '1163'
      content-type:
      - application/json; charset=utf-8
      date:
      - Sat, 09 Oct 2021 06:30:04 GMT
      expires:
      - '-1'
      pragma:
      - no-cache
      server:
      - Microsoft-HTTPAPI/2.0
      - Microsoft-HTTPAPI/2.0
      strict-transport-security:
      - max-age=31536000; includeSubDomains
      transfer-encoding:
      - chunked
      vary:
      - Accept-Encoding
      x-content-type-options:
      - nosniff
      x-ms-ratelimit-remaining-resource:
      - Microsoft.Compute/LowCostGet3Min;14992,Microsoft.Compute/LowCostGet30Min;119953
    status:
      code: 200
      message: OK
- request:
    body: '{"location": "eastus", "properties": {"description": "This is the gallery
      description."}}'
    headers:
      Accept:
      - application/json
      Accept-Encoding:
      - gzip, deflate
      Connection:
      - keep-alive
      Content-Length:
      - '89'
      Content-Type:
      - application/json
      User-Agent:
      - azsdk-python-azure-mgmt-compute/23.1.0 Python/3.8.12 (Linux-5.8.0-1042-azure-x86_64-with-glibc2.2.5)
        VSTS_0fb41ef4-5012-48a9-bf39-4ee3de03ee35_build_2500_0
    method: PUT
    uri: https://management.azure.com/subscriptions/00000000-0000-0000-0000-000000000000/resourceGroups/rgname/providers/Microsoft.Compute/galleries/galleryname10bb14a9?api-version=2021-07-01
  response:
    body:
      string: "{\r\n  \"name\": \"galleryname10bb14a9\",\r\n  \"id\": \"/subscriptions/00000000-0000-0000-0000-000000000000/resourceGroups/rgname/providers/Microsoft.Compute/galleries/galleryname10bb14a9\",\r\n
        \ \"type\": \"Microsoft.Compute/galleries\",\r\n  \"location\": \"eastus\",\r\n
        \ \"properties\": {\r\n    \"description\": \"This is the gallery description.\",\r\n
        \   \"identifier\": {\r\n      \"uniqueName\": \"00000000-0000-0000-0000-000000000000-GALLERYNAME10BB14A9\"\r\n
        \   },\r\n    \"provisioningState\": \"Creating\",\r\n    \"softDeletePolicy\":
        {\r\n      \"isSoftDeleteEnabled\": false\r\n    }\r\n  }\r\n}"
    headers:
      azure-asyncoperation:
      - https://management.azure.com/subscriptions/00000000-0000-0000-0000-000000000000/providers/Microsoft.Compute/locations/eastus/capsOperations/394b5f15-4744-4feb-896e-9eccedafce4a?api-version=2021-07-01
      cache-control:
      - no-cache
      content-length:
      - '620'
      content-type:
      - application/json; charset=utf-8
      date:
      - Sat, 09 Oct 2021 06:30:05 GMT
      expires:
      - '-1'
      pragma:
      - no-cache
      server:
      - Microsoft-HTTPAPI/2.0
      - Microsoft-HTTPAPI/2.0
      strict-transport-security:
      - max-age=31536000; includeSubDomains
      x-content-type-options:
      - nosniff
      x-ms-ratelimit-remaining-resource:
      - Microsoft.Compute/CreateUpdateGallery3Min;49,Microsoft.Compute/CreateUpdateGallery30Min;299
      x-ms-ratelimit-remaining-subscription-writes:
      - '1191'
    status:
      code: 201
      message: Created
- request:
    body: null
    headers:
      Accept:
      - '*/*'
      Accept-Encoding:
      - gzip, deflate
      Connection:
      - keep-alive
      User-Agent:
      - azsdk-python-azure-mgmt-compute/23.1.0 Python/3.8.12 (Linux-5.8.0-1042-azure-x86_64-with-glibc2.2.5)
        VSTS_0fb41ef4-5012-48a9-bf39-4ee3de03ee35_build_2500_0
    method: GET
    uri: https://management.azure.com/subscriptions/00000000-0000-0000-0000-000000000000/providers/Microsoft.Compute/locations/eastus/capsOperations/394b5f15-4744-4feb-896e-9eccedafce4a?api-version=2021-07-01
  response:
    body:
      string: "{\r\n  \"startTime\": \"2021-10-09T06:30:05.0375821+00:00\",\r\n  \"endTime\":
        \"2021-10-09T06:30:05.5219761+00:00\",\r\n  \"status\": \"Succeeded\",\r\n
        \ \"name\": \"394b5f15-4744-4feb-896e-9eccedafce4a\"\r\n}"
    headers:
      cache-control:
      - no-cache
      content-length:
      - '184'
      content-type:
      - application/json; charset=utf-8
      date:
      - Sat, 09 Oct 2021 06:30:34 GMT
      expires:
      - '-1'
      pragma:
      - no-cache
      server:
      - Microsoft-HTTPAPI/2.0
      - Microsoft-HTTPAPI/2.0
      strict-transport-security:
      - max-age=31536000; includeSubDomains
      transfer-encoding:
      - chunked
      vary:
      - Accept-Encoding
      x-content-type-options:
      - nosniff
      x-ms-ratelimit-remaining-resource:
      - Microsoft.Compute/GetOperationStatus3Min;1198,Microsoft.Compute/GetOperationStatus30Min;4198
    status:
      code: 200
      message: OK
- request:
    body: null
    headers:
      Accept:
      - '*/*'
      Accept-Encoding:
      - gzip, deflate
      Connection:
      - keep-alive
      User-Agent:
      - azsdk-python-azure-mgmt-compute/23.1.0 Python/3.8.12 (Linux-5.8.0-1042-azure-x86_64-with-glibc2.2.5)
        VSTS_0fb41ef4-5012-48a9-bf39-4ee3de03ee35_build_2500_0
    method: GET
    uri: https://management.azure.com/subscriptions/00000000-0000-0000-0000-000000000000/resourceGroups/rgname/providers/Microsoft.Compute/galleries/galleryname10bb14a9?api-version=2021-07-01
  response:
    body:
      string: "{\r\n  \"name\": \"galleryname10bb14a9\",\r\n  \"id\": \"/subscriptions/00000000-0000-0000-0000-000000000000/resourceGroups/rgname/providers/Microsoft.Compute/galleries/galleryname10bb14a9\",\r\n
        \ \"type\": \"Microsoft.Compute/galleries\",\r\n  \"location\": \"eastus\",\r\n
        \ \"properties\": {\r\n    \"description\": \"This is the gallery description.\",\r\n
        \   \"identifier\": {\r\n      \"uniqueName\": \"00000000-0000-0000-0000-000000000000-GALLERYNAME10BB14A9\"\r\n
        \   },\r\n    \"provisioningState\": \"Succeeded\",\r\n    \"softDeletePolicy\":
        {\r\n      \"isSoftDeleteEnabled\": false\r\n    }\r\n  }\r\n}"
    headers:
      cache-control:
      - no-cache
      content-length:
      - '621'
      content-type:
      - application/json; charset=utf-8
      date:
      - Sat, 09 Oct 2021 06:30:34 GMT
      expires:
      - '-1'
      pragma:
      - no-cache
      server:
      - Microsoft-HTTPAPI/2.0
      - Microsoft-HTTPAPI/2.0
      strict-transport-security:
      - max-age=31536000; includeSubDomains
      transfer-encoding:
      - chunked
      vary:
      - Accept-Encoding
      x-content-type-options:
      - nosniff
      x-ms-ratelimit-remaining-resource:
      - Microsoft.Compute/GetGallery3Min;346,Microsoft.Compute/GetGallery30Min;2496
    status:
      code: 200
      message: OK
- request:
    body: '{"location": "eastus", "properties": {"description": "This is the gallery
      application description.", "eula": "This is the gallery application EULA.",
      "supportedOSType": "Windows"}}'
    headers:
      Accept:
      - application/json
      Accept-Encoding:
      - gzip, deflate
      Connection:
      - keep-alive
      Content-Length:
      - '180'
      Content-Type:
      - application/json
      User-Agent:
      - azsdk-python-azure-mgmt-compute/23.1.0 Python/3.8.12 (Linux-5.8.0-1042-azure-x86_64-with-glibc2.2.5)
        VSTS_0fb41ef4-5012-48a9-bf39-4ee3de03ee35_build_2500_0
    method: PUT
    uri: https://management.azure.com/subscriptions/00000000-0000-0000-0000-000000000000/resourceGroups/rgname/providers/Microsoft.Compute/galleries/galleryname10bb14a9/applications/applicationname10bb14a9?api-version=2021-07-01
  response:
    body:
      string: "{\r\n  \"name\": \"applicationname10bb14a9\",\r\n  \"id\": \"/subscriptions/00000000-0000-0000-0000-000000000000/resourceGroups/rgname/providers/Microsoft.Compute/galleries/galleryname10bb14a9/applications/applicationname10bb14a9\",\r\n
        \ \"type\": \"Microsoft.Compute/galleries/applications\",\r\n  \"location\":
        \"eastus\",\r\n  \"properties\": {\r\n    \"supportedOSType\": \"Windows\",\r\n
        \   \"description\": \"This is the gallery application description.\",\r\n
        \   \"eula\": \"This is the gallery application EULA.\"\r\n  }\r\n}"
    headers:
      cache-control:
      - no-cache
      content-length:
      - '557'
      content-type:
      - application/json; charset=utf-8
      date:
      - Sat, 09 Oct 2021 06:30:35 GMT
      expires:
      - '-1'
      pragma:
      - no-cache
      server:
      - Microsoft-HTTPAPI/2.0
      - Microsoft-HTTPAPI/2.0
      strict-transport-security:
      - max-age=31536000; includeSubDomains
      x-content-type-options:
      - nosniff
      x-ms-ratelimit-remaining-resource:
      - Microsoft.Compute/CreateUpdateGalleryApplication3Min;149,Microsoft.Compute/CreateUpdateGalleryApplication30Min;749
      x-ms-ratelimit-remaining-subscription-writes:
      - '1190'
    status:
      code: 201
      message: Created
- request:
    body: null
    headers:
      Accept:
      - '*/*'
      Accept-Encoding:
      - gzip, deflate
      Connection:
      - keep-alive
      User-Agent:
      - azsdk-python-azure-mgmt-compute/23.1.0 Python/3.8.12 (Linux-5.8.0-1042-azure-x86_64-with-glibc2.2.5)
        VSTS_0fb41ef4-5012-48a9-bf39-4ee3de03ee35_build_2500_0
    method: GET
    uri: https://management.azure.com/subscriptions/00000000-0000-0000-0000-000000000000/resourceGroups/rgname/providers/Microsoft.Compute/galleries/galleryname10bb14a9/applications/applicationname10bb14a9?api-version=2021-07-01
  response:
    body:
      string: "{\r\n  \"name\": \"applicationname10bb14a9\",\r\n  \"id\": \"/subscriptions/00000000-0000-0000-0000-000000000000/resourceGroups/rgname/providers/Microsoft.Compute/galleries/galleryname10bb14a9/applications/applicationname10bb14a9\",\r\n
        \ \"type\": \"Microsoft.Compute/galleries/applications\",\r\n  \"location\":
        \"eastus\",\r\n  \"properties\": {\r\n    \"supportedOSType\": \"Windows\",\r\n
        \   \"description\": \"This is the gallery application description.\",\r\n
        \   \"eula\": \"This is the gallery application EULA.\"\r\n  }\r\n}"
    headers:
      cache-control:
      - no-cache
      content-length:
      - '557'
      content-type:
      - application/json; charset=utf-8
      date:
      - Sat, 09 Oct 2021 06:31:04 GMT
      expires:
      - '-1'
      pragma:
      - no-cache
      server:
      - Microsoft-HTTPAPI/2.0
      - Microsoft-HTTPAPI/2.0
      strict-transport-security:
      - max-age=31536000; includeSubDomains
      transfer-encoding:
      - chunked
      vary:
      - Accept-Encoding
      x-content-type-options:
      - nosniff
      x-ms-ratelimit-remaining-resource:
      - Microsoft.Compute/GetGalleryApplication3Min;298,Microsoft.Compute/GetGalleryApplication30Min;1998
    status:
      code: 200
      message: OK
- request:
    body: '{"location": "eastus", "properties": {"osType": "Windows", "osState": "Generalized",
      "identifier": {"publisher": "myPublisherName", "offer": "myOfferName", "sku":
      "mySkuName"}}}'
    headers:
      Accept:
      - application/json
      Accept-Encoding:
      - gzip, deflate
      Connection:
      - keep-alive
      Content-Length:
      - '177'
      Content-Type:
      - application/json
      User-Agent:
      - azsdk-python-azure-mgmt-compute/23.1.0 Python/3.8.12 (Linux-5.8.0-1042-azure-x86_64-with-glibc2.2.5)
        VSTS_0fb41ef4-5012-48a9-bf39-4ee3de03ee35_build_2500_0
    method: PUT
    uri: https://management.azure.com/subscriptions/00000000-0000-0000-0000-000000000000/resourceGroups/rgname/providers/Microsoft.Compute/galleries/galleryname10bb14a9/images/imagex10bb14a9?api-version=2021-07-01
  response:
    body:
      string: "{\r\n  \"name\": \"imagex10bb14a9\",\r\n  \"id\": \"/subscriptions/00000000-0000-0000-0000-000000000000/resourceGroups/rgname/providers/Microsoft.Compute/galleries/galleryname10bb14a9/images/imagex10bb14a9\",\r\n
        \ \"type\": \"Microsoft.Compute/galleries/images\",\r\n  \"location\": \"eastus\",\r\n
        \ \"properties\": {\r\n    \"hyperVGeneration\": \"V1\",\r\n    \"architecture\":
        \"x64\",\r\n    \"osType\": \"Windows\",\r\n    \"osState\": \"Generalized\",\r\n
        \   \"identifier\": {\r\n      \"publisher\": \"myPublisherName\",\r\n      \"offer\":
        \"myOfferName\",\r\n      \"sku\": \"mySkuName\"\r\n    },\r\n    \"provisioningState\":
        \"Creating\"\r\n  }\r\n}"
    headers:
      azure-asyncoperation:
      - https://management.azure.com/subscriptions/00000000-0000-0000-0000-000000000000/providers/Microsoft.Compute/locations/eastus/capsOperations/31f5ba27-81ef-4fe6-83f9-f6620816bf34?api-version=2021-07-01
      cache-control:
      - no-cache
      content-length:
      - '649'
      content-type:
      - application/json; charset=utf-8
      date:
      - Sat, 09 Oct 2021 06:31:05 GMT
      expires:
      - '-1'
      pragma:
      - no-cache
      server:
      - Microsoft-HTTPAPI/2.0
      - Microsoft-HTTPAPI/2.0
      strict-transport-security:
      - max-age=31536000; includeSubDomains
      x-content-type-options:
      - nosniff
      x-ms-ratelimit-remaining-resource:
      - Microsoft.Compute/CreateUpdateGalleryImage3Min;149,Microsoft.Compute/CreateUpdateGalleryImage30Min;749
      x-ms-ratelimit-remaining-subscription-writes:
      - '1189'
    status:
      code: 201
      message: Created
- request:
    body: null
    headers:
      Accept:
      - '*/*'
      Accept-Encoding:
      - gzip, deflate
      Connection:
      - keep-alive
      User-Agent:
      - azsdk-python-azure-mgmt-compute/23.1.0 Python/3.8.12 (Linux-5.8.0-1042-azure-x86_64-with-glibc2.2.5)
        VSTS_0fb41ef4-5012-48a9-bf39-4ee3de03ee35_build_2500_0
    method: GET
    uri: https://management.azure.com/subscriptions/00000000-0000-0000-0000-000000000000/providers/Microsoft.Compute/locations/eastus/capsOperations/31f5ba27-81ef-4fe6-83f9-f6620816bf34?api-version=2021-07-01
  response:
    body:
      string: "{\r\n  \"startTime\": \"2021-10-09T06:31:05.8032185+00:00\",\r\n  \"endTime\":
        \"2021-10-09T06:31:05.9282206+00:00\",\r\n  \"status\": \"Succeeded\",\r\n
        \ \"name\": \"31f5ba27-81ef-4fe6-83f9-f6620816bf34\"\r\n}"
    headers:
      cache-control:
      - no-cache
      content-length:
      - '184'
      content-type:
      - application/json; charset=utf-8
      date:
      - Sat, 09 Oct 2021 06:31:35 GMT
      expires:
      - '-1'
      pragma:
      - no-cache
      server:
      - Microsoft-HTTPAPI/2.0
      - Microsoft-HTTPAPI/2.0
      strict-transport-security:
      - max-age=31536000; includeSubDomains
      transfer-encoding:
      - chunked
      vary:
      - Accept-Encoding
      x-content-type-options:
      - nosniff
      x-ms-ratelimit-remaining-resource:
      - Microsoft.Compute/GetOperationStatus3Min;1196,Microsoft.Compute/GetOperationStatus30Min;4196
    status:
      code: 200
      message: OK
- request:
    body: null
    headers:
      Accept:
      - '*/*'
      Accept-Encoding:
      - gzip, deflate
      Connection:
      - keep-alive
      User-Agent:
      - azsdk-python-azure-mgmt-compute/23.1.0 Python/3.8.12 (Linux-5.8.0-1042-azure-x86_64-with-glibc2.2.5)
        VSTS_0fb41ef4-5012-48a9-bf39-4ee3de03ee35_build_2500_0
    method: GET
    uri: https://management.azure.com/subscriptions/00000000-0000-0000-0000-000000000000/resourceGroups/rgname/providers/Microsoft.Compute/galleries/galleryname10bb14a9/images/imagex10bb14a9?api-version=2021-07-01
  response:
    body:
      string: "{\r\n  \"name\": \"imagex10bb14a9\",\r\n  \"id\": \"/subscriptions/00000000-0000-0000-0000-000000000000/resourceGroups/rgname/providers/Microsoft.Compute/galleries/galleryname10bb14a9/images/imagex10bb14a9\",\r\n
        \ \"type\": \"Microsoft.Compute/galleries/images\",\r\n  \"location\": \"eastus\",\r\n
        \ \"properties\": {\r\n    \"hyperVGeneration\": \"V1\",\r\n    \"architecture\":
        \"x64\",\r\n    \"osType\": \"Windows\",\r\n    \"osState\": \"Generalized\",\r\n
        \   \"identifier\": {\r\n      \"publisher\": \"myPublisherName\",\r\n      \"offer\":
        \"myOfferName\",\r\n      \"sku\": \"mySkuName\"\r\n    },\r\n    \"provisioningState\":
        \"Succeeded\"\r\n  }\r\n}"
    headers:
      cache-control:
      - no-cache
      content-length:
      - '650'
      content-type:
      - application/json; charset=utf-8
      date:
      - Sat, 09 Oct 2021 06:31:36 GMT
      expires:
      - '-1'
      pragma:
      - no-cache
      server:
      - Microsoft-HTTPAPI/2.0
      - Microsoft-HTTPAPI/2.0
      strict-transport-security:
      - max-age=31536000; includeSubDomains
      transfer-encoding:
      - chunked
      vary:
      - Accept-Encoding
      x-content-type-options:
      - nosniff
      x-ms-ratelimit-remaining-resource:
      - Microsoft.Compute/GetGalleryImage3Min;596,Microsoft.Compute/GetGalleryImage30Min;2996
    status:
      code: 200
      message: OK
- request:
    body: '{"location": "eastus", "properties": {"publishingProfile": {"targetRegions":
      [{"name": "East US", "regionalReplicaCount": 2, "storageAccountType": "Standard_ZRS"}]},
      "storageProfile": {"osDiskImage": {"hostCaching": "ReadOnly", "source": {"id":
      "/subscriptions/00000000-0000-0000-0000-000000000000/resourceGroups/rgname/providers/Microsoft.Compute/snapshots/snapshotname10bb14a9"}}}}}'
    headers:
      Accept:
      - application/json
      Accept-Encoding:
      - gzip, deflate
      Connection:
      - keep-alive
      Content-Length:
      - '458'
      Content-Type:
      - application/json
      User-Agent:
      - azsdk-python-azure-mgmt-compute/23.1.0 Python/3.8.12 (Linux-5.8.0-1042-azure-x86_64-with-glibc2.2.5)
        VSTS_0fb41ef4-5012-48a9-bf39-4ee3de03ee35_build_2500_0
    method: PUT
    uri: https://management.azure.com/subscriptions/00000000-0000-0000-0000-000000000000/resourceGroups/rgname/providers/Microsoft.Compute/galleries/galleryname10bb14a9/images/imagex10bb14a9/versions/1.0.0?api-version=2021-07-01
  response:
    body:
      string: "{\r\n  \"name\": \"1.0.0\",\r\n  \"id\": \"/subscriptions/00000000-0000-0000-0000-000000000000/resourceGroups/rgname/providers/Microsoft.Compute/galleries/galleryname10bb14a9/images/imagex10bb14a9/versions/1.0.0\",\r\n
        \ \"type\": \"Microsoft.Compute/galleries/images/versions\",\r\n  \"location\":
        \"eastus\",\r\n  \"properties\": {\r\n    \"publishingProfile\": {\r\n      \"targetRegions\":
        [\r\n        {\r\n          \"name\": \"East US\",\r\n          \"regionalReplicaCount\":
        2,\r\n          \"storageAccountType\": \"Standard_ZRS\"\r\n        }\r\n
        \     ],\r\n      \"replicaCount\": 1,\r\n      \"excludeFromLatest\": false,\r\n
        \     \"publishedDate\": \"2021-10-09T06:31:36.225078+00:00\",\r\n      \"storageAccountType\":
        \"Standard_LRS\"\r\n    },\r\n    \"storageProfile\": {\r\n      \"osDiskImage\":
        {\r\n        \"hostCaching\": \"ReadOnly\",\r\n        \"source\": {\r\n          \"id\":
        \"/subscriptions/00000000-0000-0000-0000-000000000000/resourceGroups/rgname/providers/Microsoft.Compute/snapshots/snapshotname10bb14a9\"\r\n
        \       }\r\n      }\r\n    },\r\n    \"provisioningState\": \"Creating\"\r\n
        \ }\r\n}"
    headers:
      azure-asyncoperation:
      - https://management.azure.com/subscriptions/00000000-0000-0000-0000-000000000000/providers/Microsoft.Compute/locations/eastus/capsOperations/bd3a9469-6928-4c23-a133-60538a24a2ef?api-version=2021-07-01
      cache-control:
      - no-cache
      content-length:
      - '1158'
      content-type:
      - application/json; charset=utf-8
      date:
      - Sat, 09 Oct 2021 06:31:36 GMT
      expires:
      - '-1'
      pragma:
      - no-cache
      server:
      - Microsoft-HTTPAPI/2.0
      - Microsoft-HTTPAPI/2.0
      strict-transport-security:
      - max-age=31536000; includeSubDomains
      x-content-type-options:
      - nosniff
      x-ms-ratelimit-remaining-resource:
      - Microsoft.Compute/CreateUpdateGalleryImageVersion3Min;374,Microsoft.Compute/CreateUpdateGalleryImageVersion30Min;1199
      x-ms-ratelimit-remaining-subscription-writes:
      - '1188'
    status:
      code: 201
      message: Created
- request:
    body: null
    headers:
      Accept:
      - '*/*'
      Accept-Encoding:
      - gzip, deflate
      Connection:
      - keep-alive
      User-Agent:
      - azsdk-python-azure-mgmt-compute/23.1.0 Python/3.8.12 (Linux-5.8.0-1042-azure-x86_64-with-glibc2.2.5)
        VSTS_0fb41ef4-5012-48a9-bf39-4ee3de03ee35_build_2500_0
    method: GET
    uri: https://management.azure.com/subscriptions/00000000-0000-0000-0000-000000000000/providers/Microsoft.Compute/locations/eastus/capsOperations/bd3a9469-6928-4c23-a133-60538a24a2ef?api-version=2021-07-01
  response:
    body:
      string: "{\r\n  \"startTime\": \"2021-10-09T06:31:36.225078+00:00\",\r\n  \"status\":
        \"InProgress\",\r\n  \"name\": \"bd3a9469-6928-4c23-a133-60538a24a2ef\"\r\n}"
    headers:
      cache-control:
      - no-cache
      content-length:
      - '133'
      content-type:
      - application/json; charset=utf-8
      date:
      - Sat, 09 Oct 2021 06:32:35 GMT
      expires:
      - '-1'
      pragma:
      - no-cache
      server:
      - Microsoft-HTTPAPI/2.0
      - Microsoft-HTTPAPI/2.0
      strict-transport-security:
      - max-age=31536000; includeSubDomains
      transfer-encoding:
      - chunked
      vary:
      - Accept-Encoding
      x-content-type-options:
      - nosniff
      x-ms-ratelimit-remaining-resource:
      - Microsoft.Compute/GetOperationStatus3Min;1195,Microsoft.Compute/GetOperationStatus30Min;4195
    status:
      code: 200
      message: OK
- request:
    body: null
    headers:
      Accept:
      - '*/*'
      Accept-Encoding:
      - gzip, deflate
      Connection:
      - keep-alive
      User-Agent:
      - azsdk-python-azure-mgmt-compute/23.1.0 Python/3.8.12 (Linux-5.8.0-1042-azure-x86_64-with-glibc2.2.5)
        VSTS_0fb41ef4-5012-48a9-bf39-4ee3de03ee35_build_2500_0
    method: GET
    uri: https://management.azure.com/subscriptions/00000000-0000-0000-0000-000000000000/providers/Microsoft.Compute/locations/eastus/capsOperations/bd3a9469-6928-4c23-a133-60538a24a2ef?api-version=2021-07-01
  response:
    body:
      string: "{\r\n  \"startTime\": \"2021-10-09T06:31:36.225078+00:00\",\r\n  \"status\":
        \"InProgress\",\r\n  \"name\": \"bd3a9469-6928-4c23-a133-60538a24a2ef\"\r\n}"
    headers:
      cache-control:
      - no-cache
      content-length:
      - '133'
      content-type:
      - application/json; charset=utf-8
      date:
      - Sat, 09 Oct 2021 06:33:36 GMT
      expires:
      - '-1'
      pragma:
      - no-cache
      server:
      - Microsoft-HTTPAPI/2.0
      - Microsoft-HTTPAPI/2.0
      strict-transport-security:
      - max-age=31536000; includeSubDomains
      transfer-encoding:
      - chunked
      vary:
      - Accept-Encoding
      x-content-type-options:
      - nosniff
      x-ms-ratelimit-remaining-resource:
      - Microsoft.Compute/GetOperationStatus3Min;1195,Microsoft.Compute/GetOperationStatus30Min;4193
    status:
      code: 200
      message: OK
- request:
    body: null
    headers:
      Accept:
      - '*/*'
      Accept-Encoding:
      - gzip, deflate
      Connection:
      - keep-alive
      User-Agent:
      - azsdk-python-azure-mgmt-compute/23.1.0 Python/3.8.12 (Linux-5.8.0-1042-azure-x86_64-with-glibc2.2.5)
        VSTS_0fb41ef4-5012-48a9-bf39-4ee3de03ee35_build_2500_0
    method: GET
    uri: https://management.azure.com/subscriptions/00000000-0000-0000-0000-000000000000/providers/Microsoft.Compute/locations/eastus/capsOperations/bd3a9469-6928-4c23-a133-60538a24a2ef?api-version=2021-07-01
  response:
    body:
      string: "{\r\n  \"startTime\": \"2021-10-09T06:31:36.225078+00:00\",\r\n  \"status\":
        \"InProgress\",\r\n  \"name\": \"bd3a9469-6928-4c23-a133-60538a24a2ef\"\r\n}"
    headers:
      cache-control:
      - no-cache
      content-length:
      - '133'
      content-type:
      - application/json; charset=utf-8
      date:
      - Sat, 09 Oct 2021 06:34:36 GMT
      expires:
      - '-1'
      pragma:
      - no-cache
      server:
      - Microsoft-HTTPAPI/2.0
      - Microsoft-HTTPAPI/2.0
      strict-transport-security:
      - max-age=31536000; includeSubDomains
      transfer-encoding:
      - chunked
      vary:
      - Accept-Encoding
      x-content-type-options:
      - nosniff
      x-ms-ratelimit-remaining-resource:
      - Microsoft.Compute/GetOperationStatus3Min;1195,Microsoft.Compute/GetOperationStatus30Min;4191
    status:
      code: 200
      message: OK
- request:
    body: null
    headers:
      Accept:
      - '*/*'
      Accept-Encoding:
      - gzip, deflate
      Connection:
      - keep-alive
      User-Agent:
      - azsdk-python-azure-mgmt-compute/23.1.0 Python/3.8.12 (Linux-5.8.0-1042-azure-x86_64-with-glibc2.2.5)
        VSTS_0fb41ef4-5012-48a9-bf39-4ee3de03ee35_build_2500_0
    method: GET
    uri: https://management.azure.com/subscriptions/00000000-0000-0000-0000-000000000000/providers/Microsoft.Compute/locations/eastus/capsOperations/bd3a9469-6928-4c23-a133-60538a24a2ef?api-version=2021-07-01
  response:
    body:
      string: "{\r\n  \"startTime\": \"2021-10-09T06:31:36.225078+00:00\",\r\n  \"status\":
        \"InProgress\",\r\n  \"name\": \"bd3a9469-6928-4c23-a133-60538a24a2ef\"\r\n}"
    headers:
      cache-control:
      - no-cache
      content-length:
      - '133'
      content-type:
      - application/json; charset=utf-8
      date:
      - Sat, 09 Oct 2021 06:35:36 GMT
      expires:
      - '-1'
      pragma:
      - no-cache
      server:
      - Microsoft-HTTPAPI/2.0
      - Microsoft-HTTPAPI/2.0
      strict-transport-security:
      - max-age=31536000; includeSubDomains
      transfer-encoding:
      - chunked
      vary:
      - Accept-Encoding
      x-content-type-options:
      - nosniff
      x-ms-ratelimit-remaining-resource:
      - Microsoft.Compute/GetOperationStatus3Min;1195,Microsoft.Compute/GetOperationStatus30Min;4189
    status:
      code: 200
      message: OK
- request:
    body: null
    headers:
      Accept:
      - '*/*'
      Accept-Encoding:
      - gzip, deflate
      Connection:
      - keep-alive
      User-Agent:
      - azsdk-python-azure-mgmt-compute/23.1.0 Python/3.8.12 (Linux-5.8.0-1042-azure-x86_64-with-glibc2.2.5)
        VSTS_0fb41ef4-5012-48a9-bf39-4ee3de03ee35_build_2500_0
    method: GET
    uri: https://management.azure.com/subscriptions/00000000-0000-0000-0000-000000000000/providers/Microsoft.Compute/locations/eastus/capsOperations/bd3a9469-6928-4c23-a133-60538a24a2ef?api-version=2021-07-01
  response:
    body:
      string: "{\r\n  \"startTime\": \"2021-10-09T06:31:36.225078+00:00\",\r\n  \"status\":
        \"InProgress\",\r\n  \"name\": \"bd3a9469-6928-4c23-a133-60538a24a2ef\"\r\n}"
    headers:
      cache-control:
      - no-cache
      content-length:
      - '133'
      content-type:
      - application/json; charset=utf-8
      date:
      - Sat, 09 Oct 2021 06:36:36 GMT
      expires:
      - '-1'
      pragma:
      - no-cache
      server:
      - Microsoft-HTTPAPI/2.0
      - Microsoft-HTTPAPI/2.0
      strict-transport-security:
      - max-age=31536000; includeSubDomains
      transfer-encoding:
      - chunked
      vary:
      - Accept-Encoding
      x-content-type-options:
      - nosniff
      x-ms-ratelimit-remaining-resource:
      - Microsoft.Compute/GetOperationStatus3Min;1195,Microsoft.Compute/GetOperationStatus30Min;4187
    status:
      code: 200
      message: OK
- request:
    body: null
    headers:
      Accept:
      - '*/*'
      Accept-Encoding:
      - gzip, deflate
      Connection:
      - keep-alive
      User-Agent:
      - azsdk-python-azure-mgmt-compute/23.1.0 Python/3.8.12 (Linux-5.8.0-1042-azure-x86_64-with-glibc2.2.5)
        VSTS_0fb41ef4-5012-48a9-bf39-4ee3de03ee35_build_2500_0
    method: GET
    uri: https://management.azure.com/subscriptions/00000000-0000-0000-0000-000000000000/providers/Microsoft.Compute/locations/eastus/capsOperations/bd3a9469-6928-4c23-a133-60538a24a2ef?api-version=2021-07-01
  response:
    body:
      string: "{\r\n  \"startTime\": \"2021-10-09T06:31:36.225078+00:00\",\r\n  \"status\":
        \"InProgress\",\r\n  \"name\": \"bd3a9469-6928-4c23-a133-60538a24a2ef\"\r\n}"
    headers:
      cache-control:
      - no-cache
      content-length:
      - '133'
      content-type:
      - application/json; charset=utf-8
      date:
      - Sat, 09 Oct 2021 06:37:36 GMT
      expires:
      - '-1'
      pragma:
      - no-cache
      server:
      - Microsoft-HTTPAPI/2.0
      - Microsoft-HTTPAPI/2.0
      strict-transport-security:
      - max-age=31536000; includeSubDomains
      transfer-encoding:
      - chunked
      vary:
      - Accept-Encoding
      x-content-type-options:
      - nosniff
      x-ms-ratelimit-remaining-resource:
      - Microsoft.Compute/GetOperationStatus3Min;1195,Microsoft.Compute/GetOperationStatus30Min;4185
    status:
      code: 200
      message: OK
- request:
    body: null
    headers:
      Accept:
      - '*/*'
      Accept-Encoding:
      - gzip, deflate
      Connection:
      - keep-alive
      User-Agent:
      - azsdk-python-azure-mgmt-compute/23.1.0 Python/3.8.12 (Linux-5.8.0-1042-azure-x86_64-with-glibc2.2.5)
        VSTS_0fb41ef4-5012-48a9-bf39-4ee3de03ee35_build_2500_0
    method: GET
    uri: https://management.azure.com/subscriptions/00000000-0000-0000-0000-000000000000/providers/Microsoft.Compute/locations/eastus/capsOperations/bd3a9469-6928-4c23-a133-60538a24a2ef?api-version=2021-07-01
  response:
    body:
      string: "{\r\n  \"startTime\": \"2021-10-09T06:31:36.225078+00:00\",\r\n  \"status\":
        \"InProgress\",\r\n  \"name\": \"bd3a9469-6928-4c23-a133-60538a24a2ef\"\r\n}"
    headers:
      cache-control:
      - no-cache
      content-length:
      - '133'
      content-type:
      - application/json; charset=utf-8
      date:
      - Sat, 09 Oct 2021 06:38:36 GMT
      expires:
      - '-1'
      pragma:
      - no-cache
      server:
      - Microsoft-HTTPAPI/2.0
      - Microsoft-HTTPAPI/2.0
      strict-transport-security:
      - max-age=31536000; includeSubDomains
      transfer-encoding:
      - chunked
      vary:
      - Accept-Encoding
      x-content-type-options:
      - nosniff
      x-ms-ratelimit-remaining-resource:
      - Microsoft.Compute/GetOperationStatus3Min;1195,Microsoft.Compute/GetOperationStatus30Min;4183
    status:
      code: 200
      message: OK
- request:
    body: null
    headers:
      Accept:
      - '*/*'
      Accept-Encoding:
      - gzip, deflate
      Connection:
      - keep-alive
      User-Agent:
      - azsdk-python-azure-mgmt-compute/23.1.0 Python/3.8.12 (Linux-5.8.0-1042-azure-x86_64-with-glibc2.2.5)
        VSTS_0fb41ef4-5012-48a9-bf39-4ee3de03ee35_build_2500_0
    method: GET
    uri: https://management.azure.com/subscriptions/00000000-0000-0000-0000-000000000000/providers/Microsoft.Compute/locations/eastus/capsOperations/bd3a9469-6928-4c23-a133-60538a24a2ef?api-version=2021-07-01
  response:
    body:
      string: "{\r\n  \"startTime\": \"2021-10-09T06:31:36.225078+00:00\",\r\n  \"status\":
        \"InProgress\",\r\n  \"name\": \"bd3a9469-6928-4c23-a133-60538a24a2ef\"\r\n}"
    headers:
      cache-control:
      - no-cache
      content-length:
      - '133'
      content-type:
      - application/json; charset=utf-8
      date:
      - Sat, 09 Oct 2021 06:39:36 GMT
      expires:
      - '-1'
      pragma:
      - no-cache
      server:
      - Microsoft-HTTPAPI/2.0
      - Microsoft-HTTPAPI/2.0
      strict-transport-security:
      - max-age=31536000; includeSubDomains
      transfer-encoding:
      - chunked
      vary:
      - Accept-Encoding
      x-content-type-options:
      - nosniff
      x-ms-ratelimit-remaining-resource:
      - Microsoft.Compute/GetOperationStatus3Min;1195,Microsoft.Compute/GetOperationStatus30Min;4181
    status:
      code: 200
      message: OK
- request:
    body: null
    headers:
      Accept:
      - '*/*'
      Accept-Encoding:
      - gzip, deflate
      Connection:
      - keep-alive
      User-Agent:
      - azsdk-python-azure-mgmt-compute/23.1.0 Python/3.8.12 (Linux-5.8.0-1042-azure-x86_64-with-glibc2.2.5)
        VSTS_0fb41ef4-5012-48a9-bf39-4ee3de03ee35_build_2500_0
    method: GET
    uri: https://management.azure.com/subscriptions/00000000-0000-0000-0000-000000000000/providers/Microsoft.Compute/locations/eastus/capsOperations/bd3a9469-6928-4c23-a133-60538a24a2ef?api-version=2021-07-01
  response:
    body:
      string: "{\r\n  \"startTime\": \"2021-10-09T06:31:36.225078+00:00\",\r\n  \"status\":
        \"InProgress\",\r\n  \"name\": \"bd3a9469-6928-4c23-a133-60538a24a2ef\"\r\n}"
    headers:
      cache-control:
      - no-cache
      content-length:
      - '133'
      content-type:
      - application/json; charset=utf-8
      date:
      - Sat, 09 Oct 2021 06:40:36 GMT
      expires:
      - '-1'
      pragma:
      - no-cache
      server:
      - Microsoft-HTTPAPI/2.0
      - Microsoft-HTTPAPI/2.0
      strict-transport-security:
      - max-age=31536000; includeSubDomains
      transfer-encoding:
      - chunked
      vary:
      - Accept-Encoding
      x-content-type-options:
      - nosniff
      x-ms-ratelimit-remaining-resource:
      - Microsoft.Compute/GetOperationStatus3Min;1195,Microsoft.Compute/GetOperationStatus30Min;4179
    status:
      code: 200
      message: OK
- request:
    body: null
    headers:
      Accept:
      - '*/*'
      Accept-Encoding:
      - gzip, deflate
      Connection:
      - keep-alive
      User-Agent:
      - azsdk-python-azure-mgmt-compute/23.1.0 Python/3.8.12 (Linux-5.8.0-1042-azure-x86_64-with-glibc2.2.5)
        VSTS_0fb41ef4-5012-48a9-bf39-4ee3de03ee35_build_2500_0
    method: GET
    uri: https://management.azure.com/subscriptions/00000000-0000-0000-0000-000000000000/providers/Microsoft.Compute/locations/eastus/capsOperations/bd3a9469-6928-4c23-a133-60538a24a2ef?api-version=2021-07-01
  response:
    body:
      string: "{\r\n  \"startTime\": \"2021-10-09T06:31:36.225078+00:00\",\r\n  \"status\":
        \"InProgress\",\r\n  \"name\": \"bd3a9469-6928-4c23-a133-60538a24a2ef\"\r\n}"
    headers:
      cache-control:
      - no-cache
      content-length:
      - '133'
      content-type:
      - application/json; charset=utf-8
      date:
      - Sat, 09 Oct 2021 06:41:36 GMT
      expires:
      - '-1'
      pragma:
      - no-cache
      server:
      - Microsoft-HTTPAPI/2.0
      - Microsoft-HTTPAPI/2.0
      strict-transport-security:
      - max-age=31536000; includeSubDomains
      transfer-encoding:
      - chunked
      vary:
      - Accept-Encoding
      x-content-type-options:
      - nosniff
      x-ms-ratelimit-remaining-resource:
      - Microsoft.Compute/GetOperationStatus3Min;1195,Microsoft.Compute/GetOperationStatus30Min;4177
    status:
      code: 200
      message: OK
- request:
    body: null
    headers:
      Accept:
      - '*/*'
      Accept-Encoding:
      - gzip, deflate
      Connection:
      - keep-alive
      User-Agent:
      - azsdk-python-azure-mgmt-compute/23.1.0 Python/3.8.12 (Linux-5.8.0-1042-azure-x86_64-with-glibc2.2.5)
        VSTS_0fb41ef4-5012-48a9-bf39-4ee3de03ee35_build_2500_0
    method: GET
    uri: https://management.azure.com/subscriptions/00000000-0000-0000-0000-000000000000/providers/Microsoft.Compute/locations/eastus/capsOperations/bd3a9469-6928-4c23-a133-60538a24a2ef?api-version=2021-07-01
  response:
    body:
      string: "{\r\n  \"startTime\": \"2021-10-09T06:31:36.225078+00:00\",\r\n  \"status\":
        \"InProgress\",\r\n  \"name\": \"bd3a9469-6928-4c23-a133-60538a24a2ef\"\r\n}"
    headers:
      cache-control:
      - no-cache
      content-length:
      - '133'
      content-type:
      - application/json; charset=utf-8
      date:
      - Sat, 09 Oct 2021 06:42:37 GMT
      expires:
      - '-1'
      pragma:
      - no-cache
      server:
      - Microsoft-HTTPAPI/2.0
      - Microsoft-HTTPAPI/2.0
      strict-transport-security:
      - max-age=31536000; includeSubDomains
      transfer-encoding:
      - chunked
      vary:
      - Accept-Encoding
      x-content-type-options:
      - nosniff
      x-ms-ratelimit-remaining-resource:
      - Microsoft.Compute/GetOperationStatus3Min;1195,Microsoft.Compute/GetOperationStatus30Min;4175
    status:
      code: 200
      message: OK
- request:
    body: null
    headers:
      Accept:
      - '*/*'
      Accept-Encoding:
      - gzip, deflate
      Connection:
      - keep-alive
      User-Agent:
      - azsdk-python-azure-mgmt-compute/23.1.0 Python/3.8.12 (Linux-5.8.0-1042-azure-x86_64-with-glibc2.2.5)
        VSTS_0fb41ef4-5012-48a9-bf39-4ee3de03ee35_build_2500_0
    method: GET
    uri: https://management.azure.com/subscriptions/00000000-0000-0000-0000-000000000000/providers/Microsoft.Compute/locations/eastus/capsOperations/bd3a9469-6928-4c23-a133-60538a24a2ef?api-version=2021-07-01
  response:
    body:
      string: "{\r\n  \"startTime\": \"2021-10-09T06:31:36.225078+00:00\",\r\n  \"endTime\":
        \"2021-10-09T06:43:37.3058935+00:00\",\r\n  \"status\": \"Succeeded\",\r\n
        \ \"name\": \"bd3a9469-6928-4c23-a133-60538a24a2ef\"\r\n}"
    headers:
      cache-control:
      - no-cache
      content-length:
      - '183'
      content-type:
      - application/json; charset=utf-8
      date:
      - Sat, 09 Oct 2021 06:43:36 GMT
      expires:
      - '-1'
      pragma:
      - no-cache
      server:
      - Microsoft-HTTPAPI/2.0
      - Microsoft-HTTPAPI/2.0
      strict-transport-security:
      - max-age=31536000; includeSubDomains
      transfer-encoding:
      - chunked
      vary:
      - Accept-Encoding
      x-content-type-options:
      - nosniff
      x-ms-ratelimit-remaining-resource:
      - Microsoft.Compute/GetOperationStatus3Min;1195,Microsoft.Compute/GetOperationStatus30Min;4173
    status:
      code: 200
      message: OK
- request:
    body: null
    headers:
      Accept:
      - '*/*'
      Accept-Encoding:
      - gzip, deflate
      Connection:
      - keep-alive
      User-Agent:
      - azsdk-python-azure-mgmt-compute/23.1.0 Python/3.8.12 (Linux-5.8.0-1042-azure-x86_64-with-glibc2.2.5)
        VSTS_0fb41ef4-5012-48a9-bf39-4ee3de03ee35_build_2500_0
    method: GET
    uri: https://management.azure.com/subscriptions/00000000-0000-0000-0000-000000000000/resourceGroups/rgname/providers/Microsoft.Compute/galleries/galleryname10bb14a9/images/imagex10bb14a9/versions/1.0.0?api-version=2021-07-01
  response:
    body:
      string: "{\r\n  \"name\": \"1.0.0\",\r\n  \"id\": \"/subscriptions/00000000-0000-0000-0000-000000000000/resourceGroups/rgname/providers/Microsoft.Compute/galleries/galleryname10bb14a9/images/imagex10bb14a9/versions/1.0.0\",\r\n
        \ \"type\": \"Microsoft.Compute/galleries/images/versions\",\r\n  \"location\":
        \"eastus\",\r\n  \"properties\": {\r\n    \"publishingProfile\": {\r\n      \"targetRegions\":
        [\r\n        {\r\n          \"name\": \"East US\",\r\n          \"regionalReplicaCount\":
        2,\r\n          \"storageAccountType\": \"Standard_ZRS\"\r\n        }\r\n
        \     ],\r\n      \"replicaCount\": 1,\r\n      \"excludeFromLatest\": false,\r\n
        \     \"publishedDate\": \"2021-10-09T06:31:36.225078+00:00\",\r\n      \"storageAccountType\":
        \"Standard_LRS\"\r\n    },\r\n    \"storageProfile\": {\r\n      \"osDiskImage\":
        {\r\n        \"sizeInGB\": 200,\r\n        \"hostCaching\": \"ReadOnly\",\r\n
        \       \"source\": {\r\n          \"id\": \"/subscriptions/00000000-0000-0000-0000-000000000000/resourceGroups/rgname/providers/Microsoft.Compute/snapshots/snapshotname10bb14a9\"\r\n
        \       }\r\n      }\r\n    },\r\n    \"provisioningState\": \"Succeeded\"\r\n
        \ }\r\n}"
    headers:
      cache-control:
      - no-cache
      content-length:
      - '1185'
      content-type:
      - application/json; charset=utf-8
      date:
      - Sat, 09 Oct 2021 06:43:36 GMT
      expires:
      - '-1'
      pragma:
      - no-cache
      server:
      - Microsoft-HTTPAPI/2.0
      - Microsoft-HTTPAPI/2.0
      strict-transport-security:
      - max-age=31536000; includeSubDomains
      transfer-encoding:
      - chunked
      vary:
      - Accept-Encoding
      x-content-type-options:
      - nosniff
      x-ms-ratelimit-remaining-resource:
      - Microsoft.Compute/GetGalleryImageVersion3Min;1999,Microsoft.Compute/GetGalleryImageVersion30Min;9997
    status:
      code: 200
      message: OK
- request:
    body: null
    headers:
      Accept:
      - application/json
      Accept-Encoding:
      - gzip, deflate
      Connection:
      - keep-alive
      User-Agent:
      - azsdk-python-azure-mgmt-compute/23.1.0 Python/3.8.12 (Linux-5.8.0-1042-azure-x86_64-with-glibc2.2.5)
        VSTS_0fb41ef4-5012-48a9-bf39-4ee3de03ee35_build_2500_0
    method: GET
    uri: https://management.azure.com/subscriptions/00000000-0000-0000-0000-000000000000/resourceGroups/rgname/providers/Microsoft.Compute/galleries/galleryname10bb14a9/images/imagex10bb14a9/versions/1.0.0?api-version=2021-07-01
  response:
    body:
      string: "{\r\n  \"name\": \"1.0.0\",\r\n  \"id\": \"/subscriptions/00000000-0000-0000-0000-000000000000/resourceGroups/rgname/providers/Microsoft.Compute/galleries/galleryname10bb14a9/images/imagex10bb14a9/versions/1.0.0\",\r\n
        \ \"type\": \"Microsoft.Compute/galleries/images/versions\",\r\n  \"location\":
        \"eastus\",\r\n  \"properties\": {\r\n    \"publishingProfile\": {\r\n      \"targetRegions\":
        [\r\n        {\r\n          \"name\": \"East US\",\r\n          \"regionalReplicaCount\":
        2,\r\n          \"storageAccountType\": \"Standard_ZRS\"\r\n        }\r\n
        \     ],\r\n      \"replicaCount\": 1,\r\n      \"excludeFromLatest\": false,\r\n
        \     \"publishedDate\": \"2021-10-09T06:31:36.225078+00:00\",\r\n      \"storageAccountType\":
        \"Standard_LRS\"\r\n    },\r\n    \"storageProfile\": {\r\n      \"osDiskImage\":
        {\r\n        \"sizeInGB\": 200,\r\n        \"hostCaching\": \"ReadOnly\",\r\n
        \       \"source\": {\r\n          \"id\": \"/subscriptions/00000000-0000-0000-0000-000000000000/resourceGroups/rgname/providers/Microsoft.Compute/snapshots/snapshotname10bb14a9\"\r\n
        \       }\r\n      }\r\n    },\r\n    \"provisioningState\": \"Succeeded\"\r\n
        \ }\r\n}"
    headers:
      cache-control:
      - no-cache
      content-length:
      - '1185'
      content-type:
      - application/json; charset=utf-8
      date:
      - Sat, 09 Oct 2021 06:43:36 GMT
      expires:
      - '-1'
      pragma:
      - no-cache
      server:
      - Microsoft-HTTPAPI/2.0
      - Microsoft-HTTPAPI/2.0
      strict-transport-security:
      - max-age=31536000; includeSubDomains
      transfer-encoding:
      - chunked
      vary:
      - Accept-Encoding
      x-content-type-options:
      - nosniff
      x-ms-ratelimit-remaining-resource:
      - Microsoft.Compute/GetGalleryImageVersion3Min;1998,Microsoft.Compute/GetGalleryImageVersion30Min;9996
    status:
      code: 200
      message: OK
- request:
    body: null
    headers:
      Accept:
      - application/json
      Accept-Encoding:
      - gzip, deflate
      Connection:
      - keep-alive
      User-Agent:
      - azsdk-python-azure-mgmt-compute/23.1.0 Python/3.8.12 (Linux-5.8.0-1042-azure-x86_64-with-glibc2.2.5)
        VSTS_0fb41ef4-5012-48a9-bf39-4ee3de03ee35_build_2500_0
    method: GET
    uri: https://management.azure.com/subscriptions/00000000-0000-0000-0000-000000000000/resourceGroups/rgname/providers/Microsoft.Compute/galleries/galleryname10bb14a9/images/imagex10bb14a9?api-version=2021-07-01
  response:
    body:
      string: "{\r\n  \"name\": \"imagex10bb14a9\",\r\n  \"id\": \"/subscriptions/00000000-0000-0000-0000-000000000000/resourceGroups/rgname/providers/Microsoft.Compute/galleries/galleryname10bb14a9/images/imagex10bb14a9\",\r\n
        \ \"type\": \"Microsoft.Compute/galleries/images\",\r\n  \"location\": \"eastus\",\r\n
        \ \"properties\": {\r\n    \"hyperVGeneration\": \"V1\",\r\n    \"architecture\":
        \"x64\",\r\n    \"osType\": \"Windows\",\r\n    \"osState\": \"Generalized\",\r\n
        \   \"identifier\": {\r\n      \"publisher\": \"myPublisherName\",\r\n      \"offer\":
        \"myOfferName\",\r\n      \"sku\": \"mySkuName\"\r\n    },\r\n    \"provisioningState\":
        \"Succeeded\"\r\n  }\r\n}"
    headers:
      cache-control:
      - no-cache
      content-length:
      - '650'
      content-type:
      - application/json; charset=utf-8
      date:
      - Sat, 09 Oct 2021 06:43:36 GMT
      expires:
      - '-1'
      pragma:
      - no-cache
      server:
      - Microsoft-HTTPAPI/2.0
      - Microsoft-HTTPAPI/2.0
      strict-transport-security:
      - max-age=31536000; includeSubDomains
      transfer-encoding:
      - chunked
      vary:
      - Accept-Encoding
      x-content-type-options:
      - nosniff
      x-ms-ratelimit-remaining-resource:
      - Microsoft.Compute/GetGalleryImage3Min;595,Microsoft.Compute/GetGalleryImage30Min;2989
    status:
      code: 200
      message: OK
- request:
    body: null
    headers:
      Accept:
      - application/json
      Accept-Encoding:
      - gzip, deflate
      Connection:
      - keep-alive
      User-Agent:
      - azsdk-python-azure-mgmt-compute/23.1.0 Python/3.8.12 (Linux-5.8.0-1042-azure-x86_64-with-glibc2.2.5)
        VSTS_0fb41ef4-5012-48a9-bf39-4ee3de03ee35_build_2500_0
    method: GET
    uri: https://management.azure.com/subscriptions/00000000-0000-0000-0000-000000000000/resourceGroups/rgname/providers/Microsoft.Compute/galleries/galleryname10bb14a9/applications/applicationname10bb14a9?api-version=2021-07-01
  response:
    body:
      string: "{\r\n  \"name\": \"applicationname10bb14a9\",\r\n  \"id\": \"/subscriptions/00000000-0000-0000-0000-000000000000/resourceGroups/rgname/providers/Microsoft.Compute/galleries/galleryname10bb14a9/applications/applicationname10bb14a9\",\r\n
        \ \"type\": \"Microsoft.Compute/galleries/applications\",\r\n  \"location\":
        \"eastus\",\r\n  \"properties\": {\r\n    \"supportedOSType\": \"Windows\",\r\n
        \   \"description\": \"This is the gallery application description.\",\r\n
        \   \"eula\": \"This is the gallery application EULA.\"\r\n  }\r\n}"
    headers:
      cache-control:
      - no-cache
      content-length:
      - '557'
      content-type:
      - application/json; charset=utf-8
      date:
      - Sat, 09 Oct 2021 06:43:36 GMT
      expires:
      - '-1'
      pragma:
      - no-cache
      server:
      - Microsoft-HTTPAPI/2.0
      - Microsoft-HTTPAPI/2.0
      strict-transport-security:
      - max-age=31536000; includeSubDomains
      transfer-encoding:
      - chunked
      vary:
      - Accept-Encoding
      x-content-type-options:
      - nosniff
      x-ms-ratelimit-remaining-resource:
      - Microsoft.Compute/GetGalleryApplication3Min;299,Microsoft.Compute/GetGalleryApplication30Min;1995
    status:
      code: 200
      message: OK
- request:
    body: null
    headers:
      Accept:
      - application/json
      Accept-Encoding:
      - gzip, deflate
      Connection:
      - keep-alive
      User-Agent:
      - azsdk-python-azure-mgmt-compute/23.1.0 Python/3.8.12 (Linux-5.8.0-1042-azure-x86_64-with-glibc2.2.5)
        VSTS_0fb41ef4-5012-48a9-bf39-4ee3de03ee35_build_2500_0
    method: GET
    uri: https://management.azure.com/subscriptions/00000000-0000-0000-0000-000000000000/resourceGroups/rgname/providers/Microsoft.Compute/galleries/galleryname10bb14a9?api-version=2021-07-01
  response:
    body:
      string: "{\r\n  \"name\": \"galleryname10bb14a9\",\r\n  \"id\": \"/subscriptions/00000000-0000-0000-0000-000000000000/resourceGroups/rgname/providers/Microsoft.Compute/galleries/galleryname10bb14a9\",\r\n
        \ \"type\": \"Microsoft.Compute/galleries\",\r\n  \"location\": \"eastus\",\r\n
        \ \"properties\": {\r\n    \"description\": \"This is the gallery description.\",\r\n
        \   \"identifier\": {\r\n      \"uniqueName\": \"00000000-0000-0000-0000-000000000000-GALLERYNAME10BB14A9\"\r\n
        \   },\r\n    \"provisioningState\": \"Succeeded\",\r\n    \"softDeletePolicy\":
        {\r\n      \"isSoftDeleteEnabled\": false\r\n    }\r\n  }\r\n}"
    headers:
      cache-control:
      - no-cache
      content-length:
      - '621'
      content-type:
      - application/json; charset=utf-8
      date:
      - Sat, 09 Oct 2021 06:43:36 GMT
      expires:
      - '-1'
      pragma:
      - no-cache
      server:
      - Microsoft-HTTPAPI/2.0
      - Microsoft-HTTPAPI/2.0
      strict-transport-security:
      - max-age=31536000; includeSubDomains
      transfer-encoding:
      - chunked
      vary:
      - Accept-Encoding
      x-content-type-options:
      - nosniff
      x-ms-ratelimit-remaining-resource:
      - Microsoft.Compute/GetGallery3Min;349,Microsoft.Compute/GetGallery30Min;2489
    status:
      code: 200
      message: OK
- request:
    body: '{"properties": {"publishingProfile": {"targetRegions": [{"name": "East
      US", "regionalReplicaCount": 2, "storageAccountType": "Standard_ZRS"}]}, "storageProfile":
      {"osDiskImage": {"hostCaching": "ReadOnly", "source": {"id": "/subscriptions/00000000-0000-0000-0000-000000000000/resourceGroups/rgname/providers/Microsoft.Compute/snapshots/snapshotname10bb14a9"}}}}}'
    headers:
      Accept:
      - application/json
      Accept-Encoding:
      - gzip, deflate
      Connection:
      - keep-alive
      Content-Length:
      - '436'
      Content-Type:
      - application/json
      User-Agent:
      - azsdk-python-azure-mgmt-compute/23.1.0 Python/3.8.12 (Linux-5.8.0-1042-azure-x86_64-with-glibc2.2.5)
        VSTS_0fb41ef4-5012-48a9-bf39-4ee3de03ee35_build_2500_0
    method: PATCH
    uri: https://management.azure.com/subscriptions/00000000-0000-0000-0000-000000000000/resourceGroups/rgname/providers/Microsoft.Compute/galleries/galleryname10bb14a9/images/imagex10bb14a9/versions/1.0.0?api-version=2021-07-01
  response:
    body:
      string: "{\r\n  \"name\": \"1.0.0\",\r\n  \"id\": \"/subscriptions/00000000-0000-0000-0000-000000000000/resourceGroups/rgname/providers/Microsoft.Compute/galleries/galleryname10bb14a9/images/imagex10bb14a9/versions/1.0.0\",\r\n
        \ \"type\": \"Microsoft.Compute/galleries/images/versions\",\r\n  \"location\":
        \"eastus\",\r\n  \"properties\": {\r\n    \"publishingProfile\": {\r\n      \"targetRegions\":
        [\r\n        {\r\n          \"name\": \"East US\",\r\n          \"regionalReplicaCount\":
        2,\r\n          \"storageAccountType\": \"Standard_ZRS\"\r\n        }\r\n
        \     ],\r\n      \"replicaCount\": 1,\r\n      \"excludeFromLatest\": false,\r\n
        \     \"publishedDate\": \"2021-10-09T06:31:36.225078+00:00\",\r\n      \"storageAccountType\":
        \"Standard_LRS\"\r\n    },\r\n    \"storageProfile\": {\r\n      \"osDiskImage\":
        {\r\n        \"sizeInGB\": 200,\r\n        \"hostCaching\": \"ReadOnly\",\r\n
        \       \"source\": {\r\n          \"id\": \"/subscriptions/00000000-0000-0000-0000-000000000000/resourceGroups/rgname/providers/Microsoft.Compute/snapshots/snapshotname10bb14a9\"\r\n
        \       }\r\n      }\r\n    },\r\n    \"provisioningState\": \"Updating\"\r\n
        \ }\r\n}"
    headers:
      azure-asyncoperation:
      - https://management.azure.com/subscriptions/00000000-0000-0000-0000-000000000000/providers/Microsoft.Compute/locations/eastus/capsOperations/617a9252-d02e-49c4-987b-e8fbf1fcf2c9?api-version=2021-07-01
      cache-control:
      - no-cache
      content-length:
      - '1184'
      content-type:
      - application/json; charset=utf-8
      date:
      - Sat, 09 Oct 2021 06:43:37 GMT
      expires:
      - '-1'
      pragma:
      - no-cache
      server:
      - Microsoft-HTTPAPI/2.0
      - Microsoft-HTTPAPI/2.0
      strict-transport-security:
      - max-age=31536000; includeSubDomains
      transfer-encoding:
      - chunked
      vary:
      - Accept-Encoding
      x-content-type-options:
      - nosniff
      x-ms-ratelimit-remaining-resource:
      - Microsoft.Compute/CreateUpdateGalleryImageVersion3Min;374,Microsoft.Compute/CreateUpdateGalleryImageVersion30Min;1198
      x-ms-ratelimit-remaining-subscription-writes:
      - '1187'
    status:
      code: 200
      message: OK
- request:
    body: null
    headers:
      Accept:
      - '*/*'
      Accept-Encoding:
      - gzip, deflate
      Connection:
      - keep-alive
      User-Agent:
      - azsdk-python-azure-mgmt-compute/23.1.0 Python/3.8.12 (Linux-5.8.0-1042-azure-x86_64-with-glibc2.2.5)
        VSTS_0fb41ef4-5012-48a9-bf39-4ee3de03ee35_build_2500_0
    method: GET
    uri: https://management.azure.com/subscriptions/00000000-0000-0000-0000-000000000000/providers/Microsoft.Compute/locations/eastus/capsOperations/617a9252-d02e-49c4-987b-e8fbf1fcf2c9?api-version=2021-07-01
  response:
    body:
      string: "{\r\n  \"startTime\": \"2021-10-09T06:43:37.9308972+00:00\",\r\n  \"status\":
        \"InProgress\",\r\n  \"name\": \"617a9252-d02e-49c4-987b-e8fbf1fcf2c9\"\r\n}"
    headers:
      cache-control:
      - no-cache
      content-length:
      - '134'
      content-type:
      - application/json; charset=utf-8
      date:
      - Sat, 09 Oct 2021 06:44:37 GMT
      expires:
      - '-1'
      pragma:
      - no-cache
      server:
      - Microsoft-HTTPAPI/2.0
      - Microsoft-HTTPAPI/2.0
      strict-transport-security:
      - max-age=31536000; includeSubDomains
      transfer-encoding:
      - chunked
      vary:
      - Accept-Encoding
      x-content-type-options:
      - nosniff
      x-ms-ratelimit-remaining-resource:
      - Microsoft.Compute/GetOperationStatus3Min;1195,Microsoft.Compute/GetOperationStatus30Min;4171
    status:
      code: 200
      message: OK
- request:
    body: null
    headers:
      Accept:
      - '*/*'
      Accept-Encoding:
      - gzip, deflate
      Connection:
      - keep-alive
      User-Agent:
      - azsdk-python-azure-mgmt-compute/23.1.0 Python/3.8.12 (Linux-5.8.0-1042-azure-x86_64-with-glibc2.2.5)
        VSTS_0fb41ef4-5012-48a9-bf39-4ee3de03ee35_build_2500_0
    method: GET
    uri: https://management.azure.com/subscriptions/00000000-0000-0000-0000-000000000000/providers/Microsoft.Compute/locations/eastus/capsOperations/617a9252-d02e-49c4-987b-e8fbf1fcf2c9?api-version=2021-07-01
  response:
    body:
      string: "{\r\n  \"startTime\": \"2021-10-09T06:43:37.9308972+00:00\",\r\n  \"status\":
        \"InProgress\",\r\n  \"name\": \"617a9252-d02e-49c4-987b-e8fbf1fcf2c9\"\r\n}"
    headers:
      cache-control:
      - no-cache
      content-length:
      - '134'
      content-type:
      - application/json; charset=utf-8
      date:
      - Sat, 09 Oct 2021 06:45:37 GMT
      expires:
      - '-1'
      pragma:
      - no-cache
      server:
      - Microsoft-HTTPAPI/2.0
      - Microsoft-HTTPAPI/2.0
      strict-transport-security:
      - max-age=31536000; includeSubDomains
      transfer-encoding:
      - chunked
      vary:
      - Accept-Encoding
      x-content-type-options:
      - nosniff
      x-ms-ratelimit-remaining-resource:
      - Microsoft.Compute/GetOperationStatus3Min;1196,Microsoft.Compute/GetOperationStatus30Min;4170
    status:
      code: 200
      message: OK
- request:
    body: null
    headers:
      Accept:
      - '*/*'
      Accept-Encoding:
      - gzip, deflate
      Connection:
      - keep-alive
      User-Agent:
      - azsdk-python-azure-mgmt-compute/23.1.0 Python/3.8.12 (Linux-5.8.0-1042-azure-x86_64-with-glibc2.2.5)
        VSTS_0fb41ef4-5012-48a9-bf39-4ee3de03ee35_build_2500_0
    method: GET
    uri: https://management.azure.com/subscriptions/00000000-0000-0000-0000-000000000000/providers/Microsoft.Compute/locations/eastus/capsOperations/617a9252-d02e-49c4-987b-e8fbf1fcf2c9?api-version=2021-07-01
  response:
    body:
      string: "{\r\n  \"startTime\": \"2021-10-09T06:43:37.9308972+00:00\",\r\n  \"endTime\":
        \"2021-10-09T06:46:08.118818+00:00\",\r\n  \"status\": \"Succeeded\",\r\n
        \ \"name\": \"617a9252-d02e-49c4-987b-e8fbf1fcf2c9\"\r\n}"
    headers:
      cache-control:
      - no-cache
      content-length:
      - '183'
      content-type:
      - application/json; charset=utf-8
      date:
      - Sat, 09 Oct 2021 06:46:38 GMT
      expires:
      - '-1'
      pragma:
      - no-cache
      server:
      - Microsoft-HTTPAPI/2.0
      - Microsoft-HTTPAPI/2.0
      strict-transport-security:
      - max-age=31536000; includeSubDomains
      transfer-encoding:
      - chunked
      vary:
      - Accept-Encoding
      x-content-type-options:
      - nosniff
      x-ms-ratelimit-remaining-resource:
      - Microsoft.Compute/GetOperationStatus3Min;1197,Microsoft.Compute/GetOperationStatus30Min;4169
    status:
      code: 200
      message: OK
- request:
    body: null
    headers:
      Accept:
      - '*/*'
      Accept-Encoding:
      - gzip, deflate
      Connection:
      - keep-alive
      User-Agent:
      - azsdk-python-azure-mgmt-compute/23.1.0 Python/3.8.12 (Linux-5.8.0-1042-azure-x86_64-with-glibc2.2.5)
        VSTS_0fb41ef4-5012-48a9-bf39-4ee3de03ee35_build_2500_0
    method: GET
    uri: https://management.azure.com/subscriptions/00000000-0000-0000-0000-000000000000/resourceGroups/rgname/providers/Microsoft.Compute/galleries/galleryname10bb14a9/images/imagex10bb14a9/versions/1.0.0?api-version=2021-07-01
  response:
    body:
      string: "{\r\n  \"name\": \"1.0.0\",\r\n  \"id\": \"/subscriptions/00000000-0000-0000-0000-000000000000/resourceGroups/rgname/providers/Microsoft.Compute/galleries/galleryname10bb14a9/images/imagex10bb14a9/versions/1.0.0\",\r\n
        \ \"type\": \"Microsoft.Compute/galleries/images/versions\",\r\n  \"location\":
        \"eastus\",\r\n  \"properties\": {\r\n    \"publishingProfile\": {\r\n      \"targetRegions\":
        [\r\n        {\r\n          \"name\": \"East US\",\r\n          \"regionalReplicaCount\":
        2,\r\n          \"storageAccountType\": \"Standard_ZRS\"\r\n        }\r\n
        \     ],\r\n      \"replicaCount\": 1,\r\n      \"excludeFromLatest\": false,\r\n
        \     \"publishedDate\": \"2021-10-09T06:31:36.225078+00:00\",\r\n      \"storageAccountType\":
        \"Standard_LRS\"\r\n    },\r\n    \"storageProfile\": {\r\n      \"osDiskImage\":
        {\r\n        \"sizeInGB\": 200,\r\n        \"hostCaching\": \"ReadOnly\",\r\n
        \       \"source\": {\r\n          \"id\": \"/subscriptions/00000000-0000-0000-0000-000000000000/resourceGroups/rgname/providers/Microsoft.Compute/snapshots/snapshotname10bb14a9\"\r\n
        \       }\r\n      }\r\n    },\r\n    \"provisioningState\": \"Succeeded\"\r\n
        \ }\r\n}"
    headers:
      cache-control:
      - no-cache
      content-length:
      - '1185'
      content-type:
      - application/json; charset=utf-8
      date:
      - Sat, 09 Oct 2021 06:46:38 GMT
      expires:
      - '-1'
      pragma:
      - no-cache
      server:
      - Microsoft-HTTPAPI/2.0
      - Microsoft-HTTPAPI/2.0
      strict-transport-security:
      - max-age=31536000; includeSubDomains
      transfer-encoding:
      - chunked
      vary:
      - Accept-Encoding
      x-content-type-options:
      - nosniff
      x-ms-ratelimit-remaining-resource:
      - Microsoft.Compute/GetGalleryImageVersion3Min;1999,Microsoft.Compute/GetGalleryImageVersion30Min;9992
    status:
      code: 200
      message: OK
- request:
    body: '{"properties": {"osType": "Windows", "osState": "Generalized", "identifier":
      {"publisher": "myPublisherName", "offer": "myOfferName", "sku": "mySkuName"}}}'
    headers:
      Accept:
      - application/json
      Accept-Encoding:
      - gzip, deflate
      Connection:
      - keep-alive
      Content-Length:
      - '155'
      Content-Type:
      - application/json
      User-Agent:
      - azsdk-python-azure-mgmt-compute/23.1.0 Python/3.8.12 (Linux-5.8.0-1042-azure-x86_64-with-glibc2.2.5)
        VSTS_0fb41ef4-5012-48a9-bf39-4ee3de03ee35_build_2500_0
    method: PATCH
    uri: https://management.azure.com/subscriptions/00000000-0000-0000-0000-000000000000/resourceGroups/rgname/providers/Microsoft.Compute/galleries/galleryname10bb14a9/images/imagex10bb14a9?api-version=2021-07-01
  response:
    body:
      string: "{\r\n  \"name\": \"imagex10bb14a9\",\r\n  \"id\": \"/subscriptions/00000000-0000-0000-0000-000000000000/resourceGroups/rgname/providers/Microsoft.Compute/galleries/galleryname10bb14a9/images/imagex10bb14a9\",\r\n
        \ \"type\": \"Microsoft.Compute/galleries/images\",\r\n  \"location\": \"eastus\",\r\n
        \ \"properties\": {\r\n    \"hyperVGeneration\": \"V1\",\r\n    \"architecture\":
        \"x64\",\r\n    \"osType\": \"Windows\",\r\n    \"osState\": \"Generalized\",\r\n
        \   \"identifier\": {\r\n      \"publisher\": \"myPublisherName\",\r\n      \"offer\":
        \"myOfferName\",\r\n      \"sku\": \"mySkuName\"\r\n    },\r\n    \"provisioningState\":
        \"Updating\"\r\n  }\r\n}"
    headers:
      azure-asyncoperation:
      - https://management.azure.com/subscriptions/00000000-0000-0000-0000-000000000000/providers/Microsoft.Compute/locations/eastus/capsOperations/5bd8dba2-0449-4d4b-b850-395ebb38832f?api-version=2021-07-01
      cache-control:
      - no-cache
      content-length:
      - '649'
      content-type:
      - application/json; charset=utf-8
      date:
      - Sat, 09 Oct 2021 06:46:38 GMT
      expires:
      - '-1'
      pragma:
      - no-cache
      server:
      - Microsoft-HTTPAPI/2.0
      - Microsoft-HTTPAPI/2.0
      strict-transport-security:
      - max-age=31536000; includeSubDomains
      transfer-encoding:
      - chunked
      vary:
      - Accept-Encoding
      x-content-type-options:
      - nosniff
      x-ms-ratelimit-remaining-resource:
      - Microsoft.Compute/CreateUpdateGalleryImage3Min;149,Microsoft.Compute/CreateUpdateGalleryImage30Min;748
      x-ms-ratelimit-remaining-subscription-writes:
      - '1186'
    status:
      code: 200
      message: OK
- request:
    body: null
    headers:
      Accept:
      - '*/*'
      Accept-Encoding:
      - gzip, deflate
      Connection:
      - keep-alive
      User-Agent:
      - azsdk-python-azure-mgmt-compute/23.1.0 Python/3.8.12 (Linux-5.8.0-1042-azure-x86_64-with-glibc2.2.5)
        VSTS_0fb41ef4-5012-48a9-bf39-4ee3de03ee35_build_2500_0
    method: GET
    uri: https://management.azure.com/subscriptions/00000000-0000-0000-0000-000000000000/providers/Microsoft.Compute/locations/eastus/capsOperations/5bd8dba2-0449-4d4b-b850-395ebb38832f?api-version=2021-07-01
  response:
    body:
      string: "{\r\n  \"startTime\": \"2021-10-09T06:46:38.4937672+00:00\",\r\n  \"endTime\":
        \"2021-10-09T06:46:38.5563214+00:00\",\r\n  \"status\": \"Succeeded\",\r\n
        \ \"name\": \"5bd8dba2-0449-4d4b-b850-395ebb38832f\"\r\n}"
    headers:
      cache-control:
      - no-cache
      content-length:
      - '184'
      content-type:
      - application/json; charset=utf-8
      date:
      - Sat, 09 Oct 2021 06:47:08 GMT
      expires:
      - '-1'
      pragma:
      - no-cache
      server:
      - Microsoft-HTTPAPI/2.0
      - Microsoft-HTTPAPI/2.0
      strict-transport-security:
      - max-age=31536000; includeSubDomains
      transfer-encoding:
      - chunked
      vary:
      - Accept-Encoding
      x-content-type-options:
      - nosniff
      x-ms-ratelimit-remaining-resource:
      - Microsoft.Compute/GetOperationStatus3Min;1196,Microsoft.Compute/GetOperationStatus30Min;4168
    status:
      code: 200
      message: OK
- request:
    body: null
    headers:
      Accept:
      - '*/*'
      Accept-Encoding:
      - gzip, deflate
      Connection:
      - keep-alive
      User-Agent:
      - azsdk-python-azure-mgmt-compute/23.1.0 Python/3.8.12 (Linux-5.8.0-1042-azure-x86_64-with-glibc2.2.5)
        VSTS_0fb41ef4-5012-48a9-bf39-4ee3de03ee35_build_2500_0
    method: GET
    uri: https://management.azure.com/subscriptions/00000000-0000-0000-0000-000000000000/resourceGroups/rgname/providers/Microsoft.Compute/galleries/galleryname10bb14a9/images/imagex10bb14a9?api-version=2021-07-01
  response:
    body:
      string: "{\r\n  \"name\": \"imagex10bb14a9\",\r\n  \"id\": \"/subscriptions/00000000-0000-0000-0000-000000000000/resourceGroups/rgname/providers/Microsoft.Compute/galleries/galleryname10bb14a9/images/imagex10bb14a9\",\r\n
        \ \"type\": \"Microsoft.Compute/galleries/images\",\r\n  \"location\": \"eastus\",\r\n
        \ \"properties\": {\r\n    \"hyperVGeneration\": \"V1\",\r\n    \"architecture\":
        \"x64\",\r\n    \"osType\": \"Windows\",\r\n    \"osState\": \"Generalized\",\r\n
        \   \"identifier\": {\r\n      \"publisher\": \"myPublisherName\",\r\n      \"offer\":
        \"myOfferName\",\r\n      \"sku\": \"mySkuName\"\r\n    },\r\n    \"provisioningState\":
        \"Succeeded\"\r\n  }\r\n}"
    headers:
      cache-control:
      - no-cache
      content-length:
      - '650'
      content-type:
      - application/json; charset=utf-8
      date:
      - Sat, 09 Oct 2021 06:47:08 GMT
      expires:
      - '-1'
      pragma:
      - no-cache
      server:
      - Microsoft-HTTPAPI/2.0
      - Microsoft-HTTPAPI/2.0
      strict-transport-security:
      - max-age=31536000; includeSubDomains
      transfer-encoding:
      - chunked
      vary:
      - Accept-Encoding
      x-content-type-options:
      - nosniff
      x-ms-ratelimit-remaining-resource:
      - Microsoft.Compute/GetGalleryImage3Min;598,Microsoft.Compute/GetGalleryImage30Min;2987
    status:
      code: 200
      message: OK
- request:
    body: '{"tags": {"tag1": "tag1"}, "properties": {"description": "This is the gallery
      application description.", "eula": "This is the gallery application EULA.",
      "supportedOSType": "Windows"}}'
    headers:
      Accept:
      - application/json
      Accept-Encoding:
      - gzip, deflate
      Connection:
      - keep-alive
      Content-Length:
      - '184'
      Content-Type:
      - application/json
      User-Agent:
      - azsdk-python-azure-mgmt-compute/23.1.0 Python/3.8.12 (Linux-5.8.0-1042-azure-x86_64-with-glibc2.2.5)
        VSTS_0fb41ef4-5012-48a9-bf39-4ee3de03ee35_build_2500_0
    method: PATCH
    uri: https://management.azure.com/subscriptions/00000000-0000-0000-0000-000000000000/resourceGroups/rgname/providers/Microsoft.Compute/galleries/galleryname10bb14a9/applications/applicationname10bb14a9?api-version=2021-07-01
  response:
    body:
      string: "{\r\n  \"name\": \"applicationname10bb14a9\",\r\n  \"id\": \"/subscriptions/00000000-0000-0000-0000-000000000000/resourceGroups/rgname/providers/Microsoft.Compute/galleries/galleryname10bb14a9/applications/applicationname10bb14a9\",\r\n
        \ \"type\": \"Microsoft.Compute/galleries/applications\",\r\n  \"location\":
        \"eastus\",\r\n  \"tags\": {\r\n    \"tag1\": \"tag1\"\r\n  },\r\n  \"properties\":
        {\r\n    \"supportedOSType\": \"Windows\",\r\n    \"description\": \"This
        is the gallery application description.\",\r\n    \"eula\": \"This is the
        gallery application EULA.\"\r\n  }\r\n}"
    headers:
      cache-control:
      - no-cache
      content-length:
      - '596'
      content-type:
      - application/json; charset=utf-8
      date:
      - Sat, 09 Oct 2021 06:47:08 GMT
      expires:
      - '-1'
      pragma:
      - no-cache
      server:
      - Microsoft-HTTPAPI/2.0
      - Microsoft-HTTPAPI/2.0
      strict-transport-security:
      - max-age=31536000; includeSubDomains
      transfer-encoding:
      - chunked
      vary:
      - Accept-Encoding
      x-content-type-options:
      - nosniff
      x-ms-ratelimit-remaining-resource:
      - Microsoft.Compute/CreateUpdateGalleryApplication3Min;149,Microsoft.Compute/CreateUpdateGalleryApplication30Min;748
      x-ms-ratelimit-remaining-subscription-writes:
      - '1185'
    status:
      code: 200
      message: OK
- request:
    body: '{"properties": {"description": "This is the gallery description."}}'
    headers:
      Accept:
      - application/json
      Accept-Encoding:
      - gzip, deflate
      Connection:
      - keep-alive
      Content-Length:
      - '67'
      Content-Type:
      - application/json
      User-Agent:
      - azsdk-python-azure-mgmt-compute/23.1.0 Python/3.8.12 (Linux-5.8.0-1042-azure-x86_64-with-glibc2.2.5)
        VSTS_0fb41ef4-5012-48a9-bf39-4ee3de03ee35_build_2500_0
    method: PATCH
    uri: https://management.azure.com/subscriptions/00000000-0000-0000-0000-000000000000/resourceGroups/rgname/providers/Microsoft.Compute/galleries/galleryname10bb14a9?api-version=2021-07-01
  response:
    body:
      string: "{\r\n  \"name\": \"galleryname10bb14a9\",\r\n  \"id\": \"/subscriptions/00000000-0000-0000-0000-000000000000/resourceGroups/rgname/providers/Microsoft.Compute/galleries/galleryname10bb14a9\",\r\n
        \ \"type\": \"Microsoft.Compute/galleries\",\r\n  \"location\": \"eastus\",\r\n
        \ \"properties\": {\r\n    \"description\": \"This is the gallery description.\",\r\n
        \   \"identifier\": {\r\n      \"uniqueName\": \"00000000-0000-0000-0000-000000000000-GALLERYNAME10BB14A9\"\r\n
        \   },\r\n    \"provisioningState\": \"Succeeded\",\r\n    \"softDeletePolicy\":
        {\r\n      \"isSoftDeleteEnabled\": false\r\n    }\r\n  }\r\n}"
    headers:
      azure-asyncoperation:
      - https://management.azure.com/subscriptions/00000000-0000-0000-0000-000000000000/providers/Microsoft.Compute/locations/eastus/capsOperations/bcc36ee5-f833-4b0e-99a2-7dd76f48a8be?api-version=2021-07-01
      cache-control:
      - no-cache
      content-length:
      - '621'
      content-type:
      - application/json; charset=utf-8
      date:
      - Sat, 09 Oct 2021 06:47:08 GMT
      expires:
      - '-1'
      pragma:
      - no-cache
      server:
      - Microsoft-HTTPAPI/2.0
      - Microsoft-HTTPAPI/2.0
      strict-transport-security:
      - max-age=31536000; includeSubDomains
      transfer-encoding:
      - chunked
      vary:
      - Accept-Encoding
      x-content-type-options:
      - nosniff
      x-ms-ratelimit-remaining-resource:
      - Microsoft.Compute/CreateUpdateGallery3Min;49,Microsoft.Compute/CreateUpdateGallery30Min;298
      x-ms-ratelimit-remaining-subscription-writes:
      - '1184'
    status:
      code: 200
      message: OK
- request:
    body: null
    headers:
      Accept:
      - '*/*'
      Accept-Encoding:
      - gzip, deflate
      Connection:
      - keep-alive
      User-Agent:
      - azsdk-python-azure-mgmt-compute/23.1.0 Python/3.8.12 (Linux-5.8.0-1042-azure-x86_64-with-glibc2.2.5)
        VSTS_0fb41ef4-5012-48a9-bf39-4ee3de03ee35_build_2500_0
    method: GET
    uri: https://management.azure.com/subscriptions/00000000-0000-0000-0000-000000000000/providers/Microsoft.Compute/locations/eastus/capsOperations/bcc36ee5-f833-4b0e-99a2-7dd76f48a8be?api-version=2021-07-01
  response:
    body:
      string: "{\r\n  \"startTime\": \"2021-10-09T06:47:08.8375039+00:00\",\r\n  \"endTime\":
        \"2021-10-09T06:47:08.8843783+00:00\",\r\n  \"status\": \"Succeeded\",\r\n
        \ \"name\": \"bcc36ee5-f833-4b0e-99a2-7dd76f48a8be\"\r\n}"
    headers:
      cache-control:
      - no-cache
      content-length:
      - '184'
      content-type:
      - application/json; charset=utf-8
      date:
      - Sat, 09 Oct 2021 06:47:38 GMT
      expires:
      - '-1'
      pragma:
      - no-cache
      server:
      - Microsoft-HTTPAPI/2.0
      - Microsoft-HTTPAPI/2.0
      strict-transport-security:
      - max-age=31536000; includeSubDomains
      transfer-encoding:
      - chunked
      vary:
      - Accept-Encoding
      x-content-type-options:
      - nosniff
      x-ms-ratelimit-remaining-resource:
      - Microsoft.Compute/GetOperationStatus3Min;1196,Microsoft.Compute/GetOperationStatus30Min;4167
    status:
      code: 200
      message: OK
- request:
    body: null
    headers:
      Accept:
      - '*/*'
      Accept-Encoding:
      - gzip, deflate
      Connection:
      - keep-alive
      User-Agent:
      - azsdk-python-azure-mgmt-compute/23.1.0 Python/3.8.12 (Linux-5.8.0-1042-azure-x86_64-with-glibc2.2.5)
        VSTS_0fb41ef4-5012-48a9-bf39-4ee3de03ee35_build_2500_0
    method: GET
    uri: https://management.azure.com/subscriptions/00000000-0000-0000-0000-000000000000/resourceGroups/rgname/providers/Microsoft.Compute/galleries/galleryname10bb14a9?api-version=2021-07-01
  response:
    body:
      string: "{\r\n  \"name\": \"galleryname10bb14a9\",\r\n  \"id\": \"/subscriptions/00000000-0000-0000-0000-000000000000/resourceGroups/rgname/providers/Microsoft.Compute/galleries/galleryname10bb14a9\",\r\n
        \ \"type\": \"Microsoft.Compute/galleries\",\r\n  \"location\": \"eastus\",\r\n
        \ \"properties\": {\r\n    \"description\": \"This is the gallery description.\",\r\n
        \   \"identifier\": {\r\n      \"uniqueName\": \"00000000-0000-0000-0000-000000000000-GALLERYNAME10BB14A9\"\r\n
        \   },\r\n    \"provisioningState\": \"Succeeded\",\r\n    \"softDeletePolicy\":
        {\r\n      \"isSoftDeleteEnabled\": false\r\n    }\r\n  }\r\n}"
    headers:
      cache-control:
      - no-cache
      content-length:
      - '621'
      content-type:
      - application/json; charset=utf-8
      date:
      - Sat, 09 Oct 2021 06:47:38 GMT
      expires:
      - '-1'
      pragma:
      - no-cache
      server:
      - Microsoft-HTTPAPI/2.0
      - Microsoft-HTTPAPI/2.0
      strict-transport-security:
      - max-age=31536000; includeSubDomains
      transfer-encoding:
      - chunked
      vary:
      - Accept-Encoding
      x-content-type-options:
      - nosniff
      x-ms-ratelimit-remaining-resource:
      - Microsoft.Compute/GetGallery3Min;348,Microsoft.Compute/GetGallery30Min;2487
    status:
      code: 200
      message: OK
- request:
    body: null
    headers:
      Accept:
      - application/json
      Accept-Encoding:
      - gzip, deflate
      Connection:
      - keep-alive
      Content-Length:
      - '0'
      User-Agent:
      - azsdk-python-azure-mgmt-compute/23.1.0 Python/3.8.12 (Linux-5.8.0-1042-azure-x86_64-with-glibc2.2.5)
        VSTS_0fb41ef4-5012-48a9-bf39-4ee3de03ee35_build_2500_0
    method: DELETE
    uri: https://management.azure.com/subscriptions/00000000-0000-0000-0000-000000000000/resourceGroups/rgname/providers/Microsoft.Compute/galleries/galleryname10bb14a9/images/imagex10bb14a9/versions/1.0.0?api-version=2021-07-01
  response:
    body:
      string: ''
    headers:
      azure-asyncoperation:
      - https://management.azure.com/subscriptions/00000000-0000-0000-0000-000000000000/providers/Microsoft.Compute/locations/eastus/capsOperations/3f05b5b7-c34c-4714-8580-712b9829cde4?api-version=2021-07-01
      cache-control:
      - no-cache
      content-length:
      - '0'
      date:
      - Sat, 09 Oct 2021 06:47:38 GMT
      expires:
      - '-1'
      location:
      - https://management.azure.com/subscriptions/00000000-0000-0000-0000-000000000000/providers/Microsoft.Compute/locations/eastus/capsOperations/3f05b5b7-c34c-4714-8580-712b9829cde4?monitor=true&api-version=2021-07-01
      pragma:
      - no-cache
      server:
      - Microsoft-HTTPAPI/2.0
      - Microsoft-HTTPAPI/2.0
      strict-transport-security:
      - max-age=31536000; includeSubDomains
      x-content-type-options:
      - nosniff
      x-ms-ratelimit-remaining-resource:
      - Microsoft.Compute/DeleteGalleryImageVersion3Min;149,Microsoft.Compute/DeleteGalleryImageVersion30Min;999
      x-ms-ratelimit-remaining-subscription-deletes:
      - '14996'
    status:
      code: 202
      message: Accepted
- request:
    body: null
    headers:
      Accept:
      - '*/*'
      Accept-Encoding:
      - gzip, deflate
      Connection:
      - keep-alive
      User-Agent:
      - azsdk-python-azure-mgmt-compute/23.1.0 Python/3.8.12 (Linux-5.8.0-1042-azure-x86_64-with-glibc2.2.5)
        VSTS_0fb41ef4-5012-48a9-bf39-4ee3de03ee35_build_2500_0
    method: GET
    uri: https://management.azure.com/subscriptions/00000000-0000-0000-0000-000000000000/providers/Microsoft.Compute/locations/eastus/capsOperations/3f05b5b7-c34c-4714-8580-712b9829cde4?api-version=2021-07-01
  response:
    body:
      string: "{\r\n  \"startTime\": \"2021-10-09T06:47:39.0719267+00:00\",\r\n  \"status\":
        \"InProgress\",\r\n  \"name\": \"3f05b5b7-c34c-4714-8580-712b9829cde4\"\r\n}"
    headers:
      cache-control:
      - no-cache
      content-length:
      - '134'
      content-type:
      - application/json; charset=utf-8
      date:
      - Sat, 09 Oct 2021 06:48:38 GMT
      expires:
      - '-1'
      pragma:
      - no-cache
      server:
      - Microsoft-HTTPAPI/2.0
      - Microsoft-HTTPAPI/2.0
      strict-transport-security:
      - max-age=31536000; includeSubDomains
      transfer-encoding:
      - chunked
      vary:
      - Accept-Encoding
      x-content-type-options:
      - nosniff
      x-ms-ratelimit-remaining-resource:
      - Microsoft.Compute/GetOperationStatus3Min;1196,Microsoft.Compute/GetOperationStatus30Min;4166
    status:
      code: 200
      message: OK
- request:
    body: null
    headers:
      Accept:
      - '*/*'
      Accept-Encoding:
      - gzip, deflate
      Connection:
      - keep-alive
      User-Agent:
      - azsdk-python-azure-mgmt-compute/23.1.0 Python/3.8.12 (Linux-5.8.0-1042-azure-x86_64-with-glibc2.2.5)
        VSTS_0fb41ef4-5012-48a9-bf39-4ee3de03ee35_build_2500_0
    method: GET
    uri: https://management.azure.com/subscriptions/00000000-0000-0000-0000-000000000000/providers/Microsoft.Compute/locations/eastus/capsOperations/3f05b5b7-c34c-4714-8580-712b9829cde4?api-version=2021-07-01
  response:
    body:
      string: "{\r\n  \"startTime\": \"2021-10-09T06:47:39.0719267+00:00\",\r\n  \"endTime\":
        \"2021-10-09T06:49:09.2750186+00:00\",\r\n  \"status\": \"Succeeded\",\r\n
        \ \"name\": \"3f05b5b7-c34c-4714-8580-712b9829cde4\"\r\n}"
    headers:
      cache-control:
      - no-cache
      content-length:
      - '184'
      content-type:
      - application/json; charset=utf-8
      date:
      - Sat, 09 Oct 2021 06:49:39 GMT
      expires:
      - '-1'
      pragma:
      - no-cache
      server:
      - Microsoft-HTTPAPI/2.0
      - Microsoft-HTTPAPI/2.0
      strict-transport-security:
      - max-age=31536000; includeSubDomains
      transfer-encoding:
      - chunked
      vary:
      - Accept-Encoding
      x-content-type-options:
      - nosniff
      x-ms-ratelimit-remaining-resource:
      - Microsoft.Compute/GetOperationStatus3Min;1195,Microsoft.Compute/GetOperationStatus30Min;4164
    status:
      code: 200
      message: OK
- request:
    body: null
    headers:
      Accept:
      - application/json
      Accept-Encoding:
      - gzip, deflate
      Connection:
      - keep-alive
      Content-Length:
      - '0'
      User-Agent:
      - azsdk-python-azure-mgmt-compute/23.1.0 Python/3.8.12 (Linux-5.8.0-1042-azure-x86_64-with-glibc2.2.5)
        VSTS_0fb41ef4-5012-48a9-bf39-4ee3de03ee35_build_2500_0
    method: DELETE
    uri: https://management.azure.com/subscriptions/00000000-0000-0000-0000-000000000000/resourceGroups/rgname/providers/Microsoft.Compute/galleries/galleryname10bb14a9/applications/applicationname10bb14a9?api-version=2021-07-01
  response:
    body:
      string: ''
    headers:
      cache-control:
      - no-cache
      content-length:
      - '0'
      date:
      - Sat, 09 Oct 2021 06:49:39 GMT
      expires:
      - '-1'
      pragma:
      - no-cache
      server:
      - Microsoft-HTTPAPI/2.0
      - Microsoft-HTTPAPI/2.0
      strict-transport-security:
      - max-age=31536000; includeSubDomains
      x-content-type-options:
      - nosniff
      x-ms-ratelimit-remaining-resource:
      - Microsoft.Compute/DeleteGalleryApplication3Min;49,Microsoft.Compute/DeleteGalleryApplication30Min;299
      x-ms-ratelimit-remaining-subscription-deletes:
      - '14995'
    status:
      code: 200
      message: OK
- request:
    body: null
    headers:
      Accept:
      - '*/*'
      Accept-Encoding:
      - gzip, deflate
      Connection:
      - keep-alive
      Content-Length:
      - '0'
      User-Agent:
      - azsdk-python-azure-mgmt-compute/23.1.0 Python/3.8.12 (Linux-5.8.0-1042-azure-x86_64-with-glibc2.2.5)
        VSTS_0fb41ef4-5012-48a9-bf39-4ee3de03ee35_build_2500_0
    method: POST
    uri: https://management.azure.com/subscriptions/00000000-0000-0000-0000-000000000000/resourceGroups/rgname/providers/Microsoft.Compute/snapshots/snapshotname10bb14a9/endGetAccess?api-version=2020-12-01
  response:
    body:
      string: ''
    headers:
      azure-asyncoperation:
      - https://management.azure.com/subscriptions/00000000-0000-0000-0000-000000000000/providers/Microsoft.Compute/locations/eastus/DiskOperations/a39da6f6-db3b-4d0b-bb02-de9bf2c820db?p=36ee1309-094c-4cec-b989-37cf5e794c1b&api-version=2020-12-01
      cache-control:
      - no-cache
      content-length:
      - '0'
      date:
      - Sat, 09 Oct 2021 06:49:39 GMT
      expires:
      - '-1'
      location:
      - https://management.azure.com/subscriptions/00000000-0000-0000-0000-000000000000/providers/Microsoft.Compute/locations/eastus/DiskOperations/a39da6f6-db3b-4d0b-bb02-de9bf2c820db?p=36ee1309-094c-4cec-b989-37cf5e794c1b&monitor=true&api-version=2020-12-01
      pragma:
      - no-cache
      server:
      - Microsoft-HTTPAPI/2.0
      - Microsoft-HTTPAPI/2.0
      strict-transport-security:
      - max-age=31536000; includeSubDomains
      x-content-type-options:
      - nosniff
      x-ms-ratelimit-remaining-resource:
      - Microsoft.Compute/HighCostSnapshotCreateHydrate3Min;999,Microsoft.Compute/HighCostSnapshotCreateHydrate30Min;7994
      x-ms-ratelimit-remaining-subscription-writes:
      - '1197'
    status:
      code: 202
      message: Accepted
- request:
    body: null
    headers:
      Accept:
      - '*/*'
      Accept-Encoding:
      - gzip, deflate
      Connection:
      - keep-alive
      User-Agent:
      - azsdk-python-azure-mgmt-compute/23.1.0 Python/3.8.12 (Linux-5.8.0-1042-azure-x86_64-with-glibc2.2.5)
        VSTS_0fb41ef4-5012-48a9-bf39-4ee3de03ee35_build_2500_0
    method: GET
    uri: https://management.azure.com/subscriptions/00000000-0000-0000-0000-000000000000/providers/Microsoft.Compute/locations/eastus/DiskOperations/a39da6f6-db3b-4d0b-bb02-de9bf2c820db?p=36ee1309-094c-4cec-b989-37cf5e794c1b&api-version=2020-12-01
  response:
    body:
      string: "{\r\n  \"startTime\": \"2021-10-09T06:49:39.5095015+00:00\",\r\n  \"endTime\":
        \"2021-10-09T06:49:39.5876475+00:00\",\r\n  \"status\": \"Succeeded\",\r\n
        \ \"name\": \"a39da6f6-db3b-4d0b-bb02-de9bf2c820db\"\r\n}"
    headers:
      cache-control:
      - no-cache
      content-length:
      - '184'
      content-type:
      - application/json; charset=utf-8
      date:
      - Sat, 09 Oct 2021 06:50:09 GMT
      expires:
      - '-1'
      pragma:
      - no-cache
      server:
      - Microsoft-HTTPAPI/2.0
      - Microsoft-HTTPAPI/2.0
      strict-transport-security:
      - max-age=31536000; includeSubDomains
      transfer-encoding:
      - chunked
      vary:
      - Accept-Encoding
      x-content-type-options:
      - nosniff
      x-ms-ratelimit-remaining-resource:
      - Microsoft.Compute/GetOperation3Min;49996,Microsoft.Compute/GetOperation30Min;399935
    status:
      code: 200
      message: OK
- request:
    body: null
    headers:
      Accept:
      - '*/*'
      Accept-Encoding:
      - gzip, deflate
      Connection:
      - keep-alive
      User-Agent:
      - azsdk-python-azure-mgmt-compute/23.1.0 Python/3.8.12 (Linux-5.8.0-1042-azure-x86_64-with-glibc2.2.5)
        VSTS_0fb41ef4-5012-48a9-bf39-4ee3de03ee35_build_2500_0
    method: GET
    uri: https://management.azure.com/subscriptions/00000000-0000-0000-0000-000000000000/providers/Microsoft.Compute/locations/eastus/DiskOperations/a39da6f6-db3b-4d0b-bb02-de9bf2c820db?p=36ee1309-094c-4cec-b989-37cf5e794c1b&monitor=true&api-version=2020-12-01
  response:
    body:
      string: ''
    headers:
      cache-control:
      - no-cache
      content-length:
      - '0'
      date:
      - Sat, 09 Oct 2021 06:50:09 GMT
      expires:
      - '-1'
      pragma:
      - no-cache
      server:
      - Microsoft-HTTPAPI/2.0
      - Microsoft-HTTPAPI/2.0
      strict-transport-security:
      - max-age=31536000; includeSubDomains
      x-content-type-options:
      - nosniff
      x-ms-ratelimit-remaining-resource:
      - Microsoft.Compute/GetOperation3Min;49995,Microsoft.Compute/GetOperation30Min;399934
    status:
      code: 200
      message: OK
- request:
    body: null
    headers:
      Accept:
      - '*/*'
      Accept-Encoding:
      - gzip, deflate
      Connection:
      - keep-alive
      Content-Length:
      - '0'
      User-Agent:
      - azsdk-python-azure-mgmt-compute/23.1.0 Python/3.8.12 (Linux-5.8.0-1042-azure-x86_64-with-glibc2.2.5)
        VSTS_0fb41ef4-5012-48a9-bf39-4ee3de03ee35_build_2500_0
    method: DELETE
    uri: https://management.azure.com/subscriptions/00000000-0000-0000-0000-000000000000/resourceGroups/rgname/providers/Microsoft.Compute/snapshots/snapshotname10bb14a9?api-version=2020-12-01
  response:
    body:
      string: ''
    headers:
      azure-asyncoperation:
      - https://management.azure.com/subscriptions/00000000-0000-0000-0000-000000000000/providers/Microsoft.Compute/locations/eastus/DiskOperations/0738cd44-9ea5-42f2-a51b-d2ebacc34961?p=36ee1309-094c-4cec-b989-37cf5e794c1b&api-version=2020-12-01
      cache-control:
      - no-cache
      content-length:
      - '0'
      date:
      - Sat, 09 Oct 2021 06:50:09 GMT
      expires:
      - '-1'
      location:
      - https://management.azure.com/subscriptions/00000000-0000-0000-0000-000000000000/providers/Microsoft.Compute/locations/eastus/DiskOperations/0738cd44-9ea5-42f2-a51b-d2ebacc34961?p=36ee1309-094c-4cec-b989-37cf5e794c1b&monitor=true&api-version=2020-12-01
      pragma:
      - no-cache
      server:
      - Microsoft-HTTPAPI/2.0
      - Microsoft-HTTPAPI/2.0
      strict-transport-security:
      - max-age=31536000; includeSubDomains
      x-content-type-options:
      - nosniff
      x-ms-ratelimit-remaining-resource:
      - Microsoft.Compute/DeleteDisks3Min;2996,Microsoft.Compute/DeleteDisks30Min;23990
      x-ms-ratelimit-remaining-subscription-deletes:
      - '14994'
    status:
      code: 202
      message: Accepted
- request:
    body: null
    headers:
      Accept:
      - '*/*'
      Accept-Encoding:
      - gzip, deflate
      Connection:
      - keep-alive
      User-Agent:
      - azsdk-python-azure-mgmt-compute/23.1.0 Python/3.8.12 (Linux-5.8.0-1042-azure-x86_64-with-glibc2.2.5)
        VSTS_0fb41ef4-5012-48a9-bf39-4ee3de03ee35_build_2500_0
    method: GET
    uri: https://management.azure.com/subscriptions/00000000-0000-0000-0000-000000000000/providers/Microsoft.Compute/locations/eastus/DiskOperations/0738cd44-9ea5-42f2-a51b-d2ebacc34961?p=36ee1309-094c-4cec-b989-37cf5e794c1b&api-version=2020-12-01
  response:
    body:
      string: "{\r\n  \"startTime\": \"2021-10-09T06:50:09.8376611+00:00\",\r\n  \"endTime\":
        \"2021-10-09T06:50:09.9938934+00:00\",\r\n  \"status\": \"Succeeded\",\r\n
        \ \"name\": \"0738cd44-9ea5-42f2-a51b-d2ebacc34961\"\r\n}"
    headers:
      cache-control:
      - no-cache
      content-length:
      - '184'
      content-type:
      - application/json; charset=utf-8
      date:
      - Sat, 09 Oct 2021 06:50:39 GMT
      expires:
      - '-1'
      pragma:
      - no-cache
      server:
      - Microsoft-HTTPAPI/2.0
      - Microsoft-HTTPAPI/2.0
      strict-transport-security:
      - max-age=31536000; includeSubDomains
      transfer-encoding:
      - chunked
      vary:
      - Accept-Encoding
      x-content-type-options:
      - nosniff
      x-ms-ratelimit-remaining-resource:
      - Microsoft.Compute/GetOperation3Min;49993,Microsoft.Compute/GetOperation30Min;399932
    status:
      code: 200
      message: OK
- request:
    body: null
    headers:
      Accept:
      - application/json
      Accept-Encoding:
      - gzip, deflate
      Connection:
      - keep-alive
      Content-Length:
      - '0'
      User-Agent:
      - azsdk-python-azure-mgmt-compute/23.1.0 Python/3.8.12 (Linux-5.8.0-1042-azure-x86_64-with-glibc2.2.5)
        VSTS_0fb41ef4-5012-48a9-bf39-4ee3de03ee35_build_2500_0
    method: DELETE
    uri: https://management.azure.com/subscriptions/00000000-0000-0000-0000-000000000000/resourceGroups/rgname/providers/Microsoft.Compute/galleries/galleryname10bb14a9/images/imagex10bb14a9?api-version=2021-07-01
  response:
    body:
      string: ''
    headers:
      azure-asyncoperation:
      - https://management.azure.com/subscriptions/00000000-0000-0000-0000-000000000000/providers/Microsoft.Compute/locations/eastus/capsOperations/491022ff-de92-47fe-b8bb-ff741b9a0e3b?api-version=2021-07-01
      cache-control:
      - no-cache
      content-length:
      - '0'
      date:
      - Sat, 09 Oct 2021 06:50:39 GMT
      expires:
      - '-1'
      location:
      - https://management.azure.com/subscriptions/00000000-0000-0000-0000-000000000000/providers/Microsoft.Compute/locations/eastus/capsOperations/491022ff-de92-47fe-b8bb-ff741b9a0e3b?monitor=true&api-version=2021-07-01
      pragma:
      - no-cache
      server:
      - Microsoft-HTTPAPI/2.0
      - Microsoft-HTTPAPI/2.0
      strict-transport-security:
      - max-age=31536000; includeSubDomains
      x-content-type-options:
      - nosniff
      x-ms-ratelimit-remaining-resource:
      - Microsoft.Compute/DeleteGalleryImage3Min;49,Microsoft.Compute/DeleteGalleryImage30Min;299
      x-ms-ratelimit-remaining-subscription-deletes:
      - '14993'
    status:
      code: 202
      message: Accepted
- request:
    body: null
    headers:
      Accept:
      - '*/*'
      Accept-Encoding:
      - gzip, deflate
      Connection:
      - keep-alive
      User-Agent:
      - azsdk-python-azure-mgmt-compute/23.1.0 Python/3.8.12 (Linux-5.8.0-1042-azure-x86_64-with-glibc2.2.5)
        VSTS_0fb41ef4-5012-48a9-bf39-4ee3de03ee35_build_2500_0
    method: GET
    uri: https://management.azure.com/subscriptions/00000000-0000-0000-0000-000000000000/providers/Microsoft.Compute/locations/eastus/capsOperations/491022ff-de92-47fe-b8bb-ff741b9a0e3b?api-version=2021-07-01
  response:
    body:
      string: "{\r\n  \"startTime\": \"2021-10-09T06:50:40.0878249+00:00\",\r\n  \"endTime\":
        \"2021-10-09T06:50:40.3534694+00:00\",\r\n  \"status\": \"Succeeded\",\r\n
        \ \"name\": \"491022ff-de92-47fe-b8bb-ff741b9a0e3b\"\r\n}"
    headers:
      cache-control:
      - no-cache
      content-length:
      - '184'
      content-type:
      - application/json; charset=utf-8
      date:
      - Sat, 09 Oct 2021 06:51:09 GMT
      expires:
      - '-1'
      pragma:
      - no-cache
      server:
      - Microsoft-HTTPAPI/2.0
      - Microsoft-HTTPAPI/2.0
      strict-transport-security:
      - max-age=31536000; includeSubDomains
      transfer-encoding:
      - chunked
      vary:
      - Accept-Encoding
      x-content-type-options:
      - nosniff
      x-ms-ratelimit-remaining-resource:
      - Microsoft.Compute/GetOperationStatus3Min;1194,Microsoft.Compute/GetOperationStatus30Min;4161
    status:
      code: 200
      message: OK
- request:
    body: null
    headers:
      Accept:
      - application/json
      Accept-Encoding:
      - gzip, deflate
      Connection:
      - keep-alive
      Content-Length:
      - '0'
      User-Agent:
      - azsdk-python-azure-mgmt-compute/23.1.0 Python/3.8.12 (Linux-5.8.0-1042-azure-x86_64-with-glibc2.2.5)
        VSTS_0fb41ef4-5012-48a9-bf39-4ee3de03ee35_build_2500_0
    method: DELETE
    uri: https://management.azure.com/subscriptions/00000000-0000-0000-0000-000000000000/resourceGroups/rgname/providers/Microsoft.Compute/galleries/galleryname10bb14a9?api-version=2021-07-01
  response:
    body:
      string: ''
    headers:
      azure-asyncoperation:
      - https://management.azure.com/subscriptions/00000000-0000-0000-0000-000000000000/providers/Microsoft.Compute/locations/eastus/capsOperations/37f749bb-403d-4b8b-9e51-4a3accb6e983?api-version=2021-07-01
      cache-control:
      - no-cache
      content-length:
      - '0'
      date:
      - Sat, 09 Oct 2021 06:51:09 GMT
      expires:
      - '-1'
      location:
      - https://management.azure.com/subscriptions/00000000-0000-0000-0000-000000000000/providers/Microsoft.Compute/locations/eastus/capsOperations/37f749bb-403d-4b8b-9e51-4a3accb6e983?monitor=true&api-version=2021-07-01
      pragma:
      - no-cache
      server:
      - Microsoft-HTTPAPI/2.0
      - Microsoft-HTTPAPI/2.0
      strict-transport-security:
      - max-age=31536000; includeSubDomains
      x-content-type-options:
      - nosniff
      x-ms-ratelimit-remaining-resource:
      - Microsoft.Compute/DeleteGallery3Min;49,Microsoft.Compute/DeleteGallery30Min;299
      x-ms-ratelimit-remaining-subscription-deletes:
      - '14992'
    status:
      code: 202
      message: Accepted
- request:
    body: null
    headers:
      Accept:
      - '*/*'
      Accept-Encoding:
      - gzip, deflate
      Connection:
      - keep-alive
      User-Agent:
      - azsdk-python-azure-mgmt-compute/23.1.0 Python/3.8.12 (Linux-5.8.0-1042-azure-x86_64-with-glibc2.2.5)
        VSTS_0fb41ef4-5012-48a9-bf39-4ee3de03ee35_build_2500_0
    method: GET
    uri: https://management.azure.com/subscriptions/00000000-0000-0000-0000-000000000000/providers/Microsoft.Compute/locations/eastus/capsOperations/37f749bb-403d-4b8b-9e51-4a3accb6e983?api-version=2021-07-01
  response:
    body:
      string: "{\r\n  \"startTime\": \"2021-10-09T06:51:10.3067138+00:00\",\r\n  \"endTime\":
        \"2021-10-09T06:51:10.4160942+00:00\",\r\n  \"status\": \"Succeeded\",\r\n
        \ \"name\": \"37f749bb-403d-4b8b-9e51-4a3accb6e983\"\r\n}"
    headers:
      cache-control:
      - no-cache
      content-length:
      - '184'
      content-type:
      - application/json; charset=utf-8
      date:
      - Sat, 09 Oct 2021 06:51:40 GMT
      expires:
      - '-1'
      pragma:
      - no-cache
      server:
      - Microsoft-HTTPAPI/2.0
      - Microsoft-HTTPAPI/2.0
      strict-transport-security:
      - max-age=31536000; includeSubDomains
      transfer-encoding:
      - chunked
      vary:
      - Accept-Encoding
      x-content-type-options:
      - nosniff
      x-ms-ratelimit-remaining-resource:
      - Microsoft.Compute/GetOperationStatus3Min;1194,Microsoft.Compute/GetOperationStatus30Min;4159
    status:
      code: 200
      message: OK
version: 1
