{
  "Entries": [
    {
      "RequestUri": "https://login.microsoftonline.com/00000000-0000-0000-0000-000000000000/v2.0/.well-known/openid-configuration",
      "RequestMethod": "GET",
      "RequestHeaders": {
        "Accept": "*/*",
        "Accept-Encoding": "gzip, deflate",
        "Connection": "keep-alive",
        "User-Agent": "azsdk-python-identity/1.13.0b3 Python/3.8.16 (Linux-5.15.0-1031-azure-x86_64-with-glibc2.2.5) VSTS_0fb41ef4-5012-48a9-bf39-4ee3de03ee35_build_2500_0"
      },
      "RequestBody": null,
      "StatusCode": 200,
      "ResponseHeaders": {
        "Access-Control-Allow-Methods": "GET, OPTIONS",
        "Access-Control-Allow-Origin": "*",
        "Cache-Control": "max-age=86400, private",
        "Content-Length": "1753",
        "Content-Type": "application/json; charset=utf-8",
        "Date": "Thu, 16 Feb 2023 06:32:36 GMT",
        "P3P": "CP=\u0022DSP CUR OTPi IND OTRi ONL FIN\u0022",
        "Set-Cookie": "[set-cookie;]",
        "Strict-Transport-Security": "max-age=31536000; includeSubDomains",
        "X-Content-Type-Options": "nosniff",
        "x-ms-ests-server": "2.1.14649.17 - EUS ProdSlices",
        "X-XSS-Protection": "0"
      },
      "ResponseBody": {
        "token_endpoint": "https://login.microsoftonline.com/00000000-0000-0000-0000-000000000000/oauth2/v2.0/token",
        "token_endpoint_auth_methods_supported": [
          "client_secret_post",
          "private_key_jwt",
          "client_secret_basic"
        ],
        "jwks_uri": "https://login.microsoftonline.com/00000000-0000-0000-0000-000000000000/discovery/v2.0/keys",
        "response_modes_supported": [
          "query",
          "fragment",
          "form_post"
        ],
        "subject_types_supported": [
          "pairwise"
        ],
        "id_token_signing_alg_values_supported": [
          "RS256"
        ],
        "response_types_supported": [
          "code",
          "id_token",
          "code id_token",
          "id_token token"
        ],
        "scopes_supported": [
          "openid",
          "profile",
          "email",
          "offline_access"
        ],
        "issuer": "https://login.microsoftonline.com/00000000-0000-0000-0000-000000000000/v2.0",
        "request_uri_parameter_supported": false,
        "userinfo_endpoint": "https://graph.microsoft.com/oidc/userinfo",
        "authorization_endpoint": "https://login.microsoftonline.com/00000000-0000-0000-0000-000000000000/oauth2/v2.0/authorize",
        "device_authorization_endpoint": "https://login.microsoftonline.com/00000000-0000-0000-0000-000000000000/oauth2/v2.0/devicecode",
        "http_logout_supported": true,
        "frontchannel_logout_supported": true,
        "end_session_endpoint": "https://login.microsoftonline.com/00000000-0000-0000-0000-000000000000/oauth2/v2.0/logout",
        "claims_supported": [
          "sub",
          "iss",
          "cloud_instance_name",
          "cloud_instance_host_name",
          "cloud_graph_host_name",
          "msgraph_host",
          "aud",
          "exp",
          "iat",
          "auth_time",
          "acr",
          "nonce",
          "preferred_username",
          "name",
          "tid",
          "ver",
          "at_hash",
          "c_hash",
          "email"
        ],
        "kerberos_endpoint": "https://login.microsoftonline.com/00000000-0000-0000-0000-000000000000/kerberos",
        "tenant_region_scope": "WW",
        "cloud_instance_name": "microsoftonline.com",
        "cloud_graph_host_name": "graph.windows.net",
        "msgraph_host": "graph.microsoft.com",
        "rbac_url": "https://pas.windows.net"
      }
    },
    {
      "RequestUri": "https://login.microsoftonline.com/common/discovery/instance?api-version=1.1\u0026authorization_endpoint=https://login.microsoftonline.com/common/oauth2/authorize",
      "RequestMethod": "GET",
      "RequestHeaders": {
        "Accept": "application/json",
        "Accept-Encoding": "gzip, deflate",
        "Connection": "keep-alive",
        "Cookie": "cookie;",
        "User-Agent": "azsdk-python-identity/1.13.0b3 Python/3.8.16 (Linux-5.15.0-1031-azure-x86_64-with-glibc2.2.5) VSTS_0fb41ef4-5012-48a9-bf39-4ee3de03ee35_build_2500_0"
      },
      "RequestBody": null,
      "StatusCode": 200,
      "ResponseHeaders": {
        "Access-Control-Allow-Methods": "GET, OPTIONS",
        "Access-Control-Allow-Origin": "*",
        "Cache-Control": "max-age=86400, private",
        "Content-Length": "945",
        "Content-Type": "application/json; charset=utf-8",
        "Date": "Thu, 16 Feb 2023 06:32:36 GMT",
        "P3P": "CP=\u0022DSP CUR OTPi IND OTRi ONL FIN\u0022",
        "Set-Cookie": "[set-cookie;]",
        "Strict-Transport-Security": "max-age=31536000; includeSubDomains",
        "X-Content-Type-Options": "nosniff",
        "x-ms-ests-server": "2.1.14649.17 - WUS2 ProdSlices",
        "X-XSS-Protection": "0"
      },
      "ResponseBody": {
        "tenant_discovery_endpoint": "https://login.microsoftonline.com/common/.well-known/openid-configuration",
        "api-version": "1.1",
        "metadata": [
          {
            "preferred_network": "login.microsoftonline.com",
            "preferred_cache": "login.windows.net",
            "aliases": [
              "login.microsoftonline.com",
              "login.windows.net",
              "login.microsoft.com",
              "sts.windows.net"
            ]
          },
          {
            "preferred_network": "login.partner.microsoftonline.cn",
            "preferred_cache": "login.partner.microsoftonline.cn",
            "aliases": [
              "login.partner.microsoftonline.cn",
              "login.chinacloudapi.cn"
            ]
          },
          {
            "preferred_network": "login.microsoftonline.de",
            "preferred_cache": "login.microsoftonline.de",
            "aliases": [
              "login.microsoftonline.de"
            ]
          },
          {
            "preferred_network": "login.microsoftonline.us",
            "preferred_cache": "login.microsoftonline.us",
            "aliases": [
              "login.microsoftonline.us",
              "login.usgovcloudapi.net"
            ]
          },
          {
            "preferred_network": "login-us.microsoftonline.com",
            "preferred_cache": "login-us.microsoftonline.com",
            "aliases": [
              "login-us.microsoftonline.com"
            ]
          }
        ]
      }
    },
    {
      "RequestUri": "https://login.microsoftonline.com/00000000-0000-0000-0000-000000000000/oauth2/v2.0/token",
      "RequestMethod": "POST",
      "RequestHeaders": {
        "Accept": "application/json",
        "Accept-Encoding": "gzip, deflate",
        "client-request-id": "6a58ef09-8d5a-4287-968d-14259e46d106",
        "Connection": "keep-alive",
        "Content-Length": "288",
        "Content-Type": "application/x-www-form-urlencoded",
        "Cookie": "cookie;",
        "User-Agent": "azsdk-python-identity/1.13.0b3 Python/3.8.16 (Linux-5.15.0-1031-azure-x86_64-with-glibc2.2.5) VSTS_0fb41ef4-5012-48a9-bf39-4ee3de03ee35_build_2500_0",
        "x-client-cpu": "x64",
        "x-client-current-telemetry": "4|730,0|",
        "x-client-last-telemetry": "4|0|||",
        "x-client-os": "linux",
        "x-client-sku": "MSAL.Python",
        "x-client-ver": "1.21.0",
        "x-ms-lib-capability": "retry-after, h429"
      },
      "RequestBody": "client_id=00000000-0000-0000-0000-000000000000\u0026grant_type=client_credentials\u0026client_info=1\u0026client_secret=00000000-0000-0000-0000-000000000000\u0026claims=%7B%22access_token%22%3A\u002B%7B%22xms_cc%22%3A\u002B%7B%22values%22%3A\u002B%5B%22CP1%22%5D%7D%7D%7D\u0026scope=https%3A%2F%2Fmanagement.azure.com%2F.default",
      "StatusCode": 200,
      "ResponseHeaders": {
        "Cache-Control": "no-store, no-cache",
        "client-request-id": "6a58ef09-8d5a-4287-968d-14259e46d106",
        "Content-Length": "114",
        "Content-Type": "application/json; charset=utf-8",
        "Date": "Thu, 16 Feb 2023 06:32:37 GMT",
        "Expires": "-1",
        "P3P": "CP=\u0022DSP CUR OTPi IND OTRi ONL FIN\u0022",
        "Pragma": "no-cache",
        "Set-Cookie": "[set-cookie;]",
        "Strict-Transport-Security": "max-age=31536000; includeSubDomains",
        "X-Content-Type-Options": "nosniff",
        "x-ms-clitelem": "1,0,0,,",
        "x-ms-ests-server": "2.1.14649.17 - SCUS ProdSlices",
        "X-XSS-Protection": "0"
      },
      "ResponseBody": {
        "token_type": "Bearer",
        "expires_in": 86399,
        "ext_expires_in": 86399,
        "refresh_in": 43199,
        "access_token": "access_token"
      }
    },
    {
      "RequestUri": "https://management.azure.com/subscriptions/00000000-0000-0000-0000-000000000000/resourceGroups/rgname/providers/Microsoft.Network/virtualNetworks/networknamex6c0d2aef?api-version=2022-07-01",
      "RequestMethod": "PUT",
      "RequestHeaders": {
        "Accept": "application/json",
        "Accept-Encoding": "gzip, deflate",
        "Connection": "keep-alive",
        "Content-Length": "92",
        "Content-Type": "application/json",
        "User-Agent": "azsdk-python-mgmt-network/23.0.0b1 Python/3.8.16 (Linux-5.15.0-1031-azure-x86_64-with-glibc2.2.5) VSTS_0fb41ef4-5012-48a9-bf39-4ee3de03ee35_build_2500_0"
      },
      "RequestBody": {
        "location": "eastus",
        "properties": {
          "addressSpace": {
            "addressPrefixes": [
              "10.0.0.0/16"
            ]
          }
        }
      },
      "StatusCode": 201,
      "ResponseHeaders": {
        "Azure-AsyncNotification": "Enabled",
        "Azure-AsyncOperation": "https://management.azure.com/subscriptions/00000000-0000-0000-0000-000000000000/providers/Microsoft.Network/locations/eastus/operations/8bff8a02-7730-46dc-bb25-e90d2cf75013?api-version=2022-07-01",
        "Cache-Control": "no-cache",
        "Content-Length": "624",
        "Content-Type": "application/json; charset=utf-8",
        "Date": "Thu, 16 Feb 2023 06:32:39 GMT",
        "Expires": "-1",
        "Pragma": "no-cache",
        "Retry-After": "3",
        "Server": [
          "Microsoft-HTTPAPI/2.0",
          "Microsoft-HTTPAPI/2.0"
        ],
        "Strict-Transport-Security": "max-age=31536000; includeSubDomains",
        "X-Content-Type-Options": "nosniff",
        "x-ms-arm-service-request-id": "e6eaee16-b701-4704-af70-162f1b9eaaff",
        "x-ms-correlation-request-id": "ff424bb6-63e4-47e5-9c6e-a63bd6221f41",
        "x-ms-ratelimit-remaining-subscription-writes": "1195",
        "x-ms-routing-request-id": "WESTUS:20230216T063239Z:ff424bb6-63e4-47e5-9c6e-a63bd6221f41"
      },
      "ResponseBody": {
        "name": "networknamex6c0d2aef",
        "id": "/subscriptions/00000000-0000-0000-0000-000000000000/resourceGroups/rgname/providers/Microsoft.Network/virtualNetworks/networknamex6c0d2aef",
        "etag": "W/\u00224de7a04d-7e3d-40c9-ba08-a85fb8592b5e\u0022",
        "type": "Microsoft.Network/virtualNetworks",
        "location": "eastus",
        "properties": {
          "provisioningState": "Updating",
          "resourceGuid": "8f2469bf-c496-4b8d-8038-898c59a2f2f8",
          "addressSpace": {
            "addressPrefixes": [
              "10.0.0.0/16"
            ]
          },
          "subnets": [],
          "virtualNetworkPeerings": [],
          "enableDdosProtection": false
        }
      }
    },
    {
      "RequestUri": "https://management.azure.com/subscriptions/00000000-0000-0000-0000-000000000000/providers/Microsoft.Network/locations/eastus/operations/8bff8a02-7730-46dc-bb25-e90d2cf75013?api-version=2022-07-01",
      "RequestMethod": "GET",
      "RequestHeaders": {
        "Accept": "*/*",
        "Accept-Encoding": "gzip, deflate",
        "Connection": "keep-alive",
        "User-Agent": "azsdk-python-mgmt-network/23.0.0b1 Python/3.8.16 (Linux-5.15.0-1031-azure-x86_64-with-glibc2.2.5) VSTS_0fb41ef4-5012-48a9-bf39-4ee3de03ee35_build_2500_0"
      },
      "RequestBody": null,
      "StatusCode": 200,
      "ResponseHeaders": {
        "Cache-Control": "no-cache",
        "Content-Encoding": "gzip",
        "Content-Type": "application/json; charset=utf-8",
        "Date": "Thu, 16 Feb 2023 06:32:39 GMT",
        "Expires": "-1",
        "Pragma": "no-cache",
        "Retry-After": "10",
        "Server": [
          "Microsoft-HTTPAPI/2.0",
          "Microsoft-HTTPAPI/2.0"
        ],
        "Strict-Transport-Security": "max-age=31536000; includeSubDomains",
        "Transfer-Encoding": "chunked",
        "Vary": "Accept-Encoding",
        "X-Content-Type-Options": "nosniff",
        "x-ms-arm-service-request-id": "29530aea-60cc-4e77-91d7-a89008b86cf0",
        "x-ms-correlation-request-id": "4d948cf5-a648-4728-a3ab-11c1884d326a",
        "x-ms-ratelimit-remaining-subscription-reads": "11966",
        "x-ms-routing-request-id": "WESTUS:20230216T063240Z:4d948cf5-a648-4728-a3ab-11c1884d326a"
      },
      "ResponseBody": {
        "status": "InProgress"
      }
    },
    {
      "RequestUri": "https://management.azure.com/subscriptions/00000000-0000-0000-0000-000000000000/providers/Microsoft.Network/locations/eastus/operations/8bff8a02-7730-46dc-bb25-e90d2cf75013?api-version=2022-07-01",
      "RequestMethod": "GET",
      "RequestHeaders": {
        "Accept": "*/*",
        "Accept-Encoding": "gzip, deflate",
        "Connection": "keep-alive",
        "User-Agent": "azsdk-python-mgmt-network/23.0.0b1 Python/3.8.16 (Linux-5.15.0-1031-azure-x86_64-with-glibc2.2.5) VSTS_0fb41ef4-5012-48a9-bf39-4ee3de03ee35_build_2500_0"
      },
      "RequestBody": null,
      "StatusCode": 200,
      "ResponseHeaders": {
        "Cache-Control": "no-cache",
        "Content-Encoding": "gzip",
        "Content-Type": "application/json; charset=utf-8",
        "Date": "Thu, 16 Feb 2023 06:32:49 GMT",
        "Expires": "-1",
        "Pragma": "no-cache",
        "Server": [
          "Microsoft-HTTPAPI/2.0",
          "Microsoft-HTTPAPI/2.0"
        ],
        "Strict-Transport-Security": "max-age=31536000; includeSubDomains",
        "Transfer-Encoding": "chunked",
        "Vary": "Accept-Encoding",
        "X-Content-Type-Options": "nosniff",
        "x-ms-arm-service-request-id": "e559ac88-afe5-4589-8a40-5866d8bd3e89",
        "x-ms-correlation-request-id": "7f909008-8f1a-4fb7-b4d8-528e92e7563f",
        "x-ms-ratelimit-remaining-subscription-reads": "11965",
        "x-ms-routing-request-id": "WESTUS:20230216T063250Z:7f909008-8f1a-4fb7-b4d8-528e92e7563f"
      },
      "ResponseBody": {
        "status": "Succeeded"
      }
    },
    {
      "RequestUri": "https://management.azure.com/subscriptions/00000000-0000-0000-0000-000000000000/resourceGroups/rgname/providers/Microsoft.Network/virtualNetworks/networknamex6c0d2aef?api-version=2022-07-01",
      "RequestMethod": "GET",
      "RequestHeaders": {
        "Accept": "*/*",
        "Accept-Encoding": "gzip, deflate",
        "Connection": "keep-alive",
        "User-Agent": "azsdk-python-mgmt-network/23.0.0b1 Python/3.8.16 (Linux-5.15.0-1031-azure-x86_64-with-glibc2.2.5) VSTS_0fb41ef4-5012-48a9-bf39-4ee3de03ee35_build_2500_0"
      },
      "RequestBody": null,
      "StatusCode": 200,
      "ResponseHeaders": {
        "Cache-Control": "no-cache",
        "Content-Encoding": "gzip",
        "Content-Type": "application/json; charset=utf-8",
        "Date": "Thu, 16 Feb 2023 06:32:49 GMT",
        "ETag": "W/\u0022297cf365-3f3f-472a-8596-5c51c43bf33c\u0022",
        "Expires": "-1",
        "Pragma": "no-cache",
        "Server": [
          "Microsoft-HTTPAPI/2.0",
          "Microsoft-HTTPAPI/2.0"
        ],
        "Strict-Transport-Security": "max-age=31536000; includeSubDomains",
        "Transfer-Encoding": "chunked",
        "Vary": "Accept-Encoding",
        "X-Content-Type-Options": "nosniff",
        "x-ms-arm-service-request-id": "ccd374b0-becc-439b-955a-7a8b4b1af4b9",
        "x-ms-correlation-request-id": "c634bfb9-061d-4d68-bc4c-f228490e6dfe",
        "x-ms-ratelimit-remaining-subscription-reads": "11964",
        "x-ms-routing-request-id": "WESTUS:20230216T063250Z:c634bfb9-061d-4d68-bc4c-f228490e6dfe"
      },
      "ResponseBody": {
        "name": "networknamex6c0d2aef",
        "id": "/subscriptions/00000000-0000-0000-0000-000000000000/resourceGroups/rgname/providers/Microsoft.Network/virtualNetworks/networknamex6c0d2aef",
        "etag": "W/\u0022297cf365-3f3f-472a-8596-5c51c43bf33c\u0022",
        "type": "Microsoft.Network/virtualNetworks",
        "location": "eastus",
        "properties": {
          "provisioningState": "Succeeded",
          "resourceGuid": "8f2469bf-c496-4b8d-8038-898c59a2f2f8",
          "addressSpace": {
            "addressPrefixes": [
              "10.0.0.0/16"
            ]
          },
          "subnets": [],
          "virtualNetworkPeerings": [],
          "enableDdosProtection": false
        }
      }
    },
    {
      "RequestUri": "https://management.azure.com/subscriptions/00000000-0000-0000-0000-000000000000/resourceGroups/rgname/providers/Microsoft.Network/virtualNetworks/networknamex6c0d2aef/subnets/subnetnamex6c0d2aef?api-version=2022-07-01",
      "RequestMethod": "PUT",
      "RequestHeaders": {
        "Accept": "application/json",
        "Accept-Encoding": "gzip, deflate",
        "Connection": "keep-alive",
        "Content-Length": "48",
        "Content-Type": "application/json",
        "User-Agent": "azsdk-python-mgmt-network/23.0.0b1 Python/3.8.16 (Linux-5.15.0-1031-azure-x86_64-with-glibc2.2.5) VSTS_0fb41ef4-5012-48a9-bf39-4ee3de03ee35_build_2500_0"
      },
      "RequestBody": {
        "properties": {
          "addressPrefix": "10.0.0.0/24"
        }
      },
      "StatusCode": 201,
      "ResponseHeaders": {
        "Azure-AsyncNotification": "Enabled",
        "Azure-AsyncOperation": "https://management.azure.com/subscriptions/00000000-0000-0000-0000-000000000000/providers/Microsoft.Network/locations/eastus/operations/cd8e2339-3bcb-43ba-8cf2-fe5cb65132ba?api-version=2022-07-01",
        "Cache-Control": "no-cache",
        "Content-Length": "556",
        "Content-Type": "application/json; charset=utf-8",
        "Date": "Thu, 16 Feb 2023 06:32:50 GMT",
        "Expires": "-1",
        "Pragma": "no-cache",
        "Retry-After": "3",
        "Server": [
          "Microsoft-HTTPAPI/2.0",
          "Microsoft-HTTPAPI/2.0"
        ],
        "Strict-Transport-Security": "max-age=31536000; includeSubDomains",
        "X-Content-Type-Options": "nosniff",
        "x-ms-arm-service-request-id": "ba6180ae-4be9-42a3-abcd-9086641458a0",
        "x-ms-correlation-request-id": "415e5f34-62be-406c-b8fc-a0ad5b06d328",
        "x-ms-ratelimit-remaining-subscription-writes": "1194",
        "x-ms-routing-request-id": "WESTUS:20230216T063250Z:415e5f34-62be-406c-b8fc-a0ad5b06d328"
      },
      "ResponseBody": {
        "name": "subnetnamex6c0d2aef",
        "id": "/subscriptions/00000000-0000-0000-0000-000000000000/resourceGroups/rgname/providers/Microsoft.Network/virtualNetworks/networknamex6c0d2aef/subnets/subnetnamex6c0d2aef",
        "etag": "W/\u0022c59e295b-37d9-4df1-9e10-409ac57bbb45\u0022",
        "properties": {
          "provisioningState": "Updating",
          "addressPrefix": "10.0.0.0/24",
          "delegations": [],
          "privateEndpointNetworkPolicies": "Disabled",
          "privateLinkServiceNetworkPolicies": "Enabled"
        },
        "type": "Microsoft.Network/virtualNetworks/subnets"
      }
    },
    {
      "RequestUri": "https://management.azure.com/subscriptions/00000000-0000-0000-0000-000000000000/providers/Microsoft.Network/locations/eastus/operations/cd8e2339-3bcb-43ba-8cf2-fe5cb65132ba?api-version=2022-07-01",
      "RequestMethod": "GET",
      "RequestHeaders": {
        "Accept": "*/*",
        "Accept-Encoding": "gzip, deflate",
        "Connection": "keep-alive",
        "User-Agent": "azsdk-python-mgmt-network/23.0.0b1 Python/3.8.16 (Linux-5.15.0-1031-azure-x86_64-with-glibc2.2.5) VSTS_0fb41ef4-5012-48a9-bf39-4ee3de03ee35_build_2500_0"
      },
      "RequestBody": null,
      "StatusCode": 200,
      "ResponseHeaders": {
        "Cache-Control": "no-cache",
        "Content-Encoding": "gzip",
        "Content-Type": "application/json; charset=utf-8",
        "Date": "Thu, 16 Feb 2023 06:32:50 GMT",
        "Expires": "-1",
        "Pragma": "no-cache",
        "Retry-After": "10",
        "Server": [
          "Microsoft-HTTPAPI/2.0",
          "Microsoft-HTTPAPI/2.0"
        ],
        "Strict-Transport-Security": "max-age=31536000; includeSubDomains",
        "Transfer-Encoding": "chunked",
        "Vary": "Accept-Encoding",
        "X-Content-Type-Options": "nosniff",
        "x-ms-arm-service-request-id": "5e30a4d9-1bd7-4c56-9d9f-c93ddcaaa23c",
        "x-ms-correlation-request-id": "3e078c9b-609b-46b0-9410-fb6ec6409c9d",
        "x-ms-ratelimit-remaining-subscription-reads": "11963",
        "x-ms-routing-request-id": "WESTUS:20230216T063251Z:3e078c9b-609b-46b0-9410-fb6ec6409c9d"
      },
      "ResponseBody": {
        "status": "InProgress"
      }
    },
    {
      "RequestUri": "https://management.azure.com/subscriptions/00000000-0000-0000-0000-000000000000/providers/Microsoft.Network/locations/eastus/operations/cd8e2339-3bcb-43ba-8cf2-fe5cb65132ba?api-version=2022-07-01",
      "RequestMethod": "GET",
      "RequestHeaders": {
        "Accept": "*/*",
        "Accept-Encoding": "gzip, deflate",
        "Connection": "keep-alive",
        "User-Agent": "azsdk-python-mgmt-network/23.0.0b1 Python/3.8.16 (Linux-5.15.0-1031-azure-x86_64-with-glibc2.2.5) VSTS_0fb41ef4-5012-48a9-bf39-4ee3de03ee35_build_2500_0"
      },
      "RequestBody": null,
      "StatusCode": 200,
      "ResponseHeaders": {
        "Cache-Control": "no-cache",
        "Content-Encoding": "gzip",
        "Content-Type": "application/json; charset=utf-8",
        "Date": "Thu, 16 Feb 2023 06:33:00 GMT",
        "Expires": "-1",
        "Pragma": "no-cache",
        "Server": [
          "Microsoft-HTTPAPI/2.0",
          "Microsoft-HTTPAPI/2.0"
        ],
        "Strict-Transport-Security": "max-age=31536000; includeSubDomains",
        "Transfer-Encoding": "chunked",
        "Vary": "Accept-Encoding",
        "X-Content-Type-Options": "nosniff",
        "x-ms-arm-service-request-id": "4cb946ab-21a9-4526-b059-c17a28c00a17",
        "x-ms-correlation-request-id": "573087af-a63a-496b-86d8-2db6d3255e65",
        "x-ms-ratelimit-remaining-subscription-reads": "11962",
        "x-ms-routing-request-id": "WESTUS:20230216T063301Z:573087af-a63a-496b-86d8-2db6d3255e65"
      },
      "ResponseBody": {
        "status": "Succeeded"
      }
    },
    {
      "RequestUri": "https://management.azure.com/subscriptions/00000000-0000-0000-0000-000000000000/resourceGroups/rgname/providers/Microsoft.Network/virtualNetworks/networknamex6c0d2aef/subnets/subnetnamex6c0d2aef?api-version=2022-07-01",
      "RequestMethod": "GET",
      "RequestHeaders": {
        "Accept": "*/*",
        "Accept-Encoding": "gzip, deflate",
        "Connection": "keep-alive",
        "User-Agent": "azsdk-python-mgmt-network/23.0.0b1 Python/3.8.16 (Linux-5.15.0-1031-azure-x86_64-with-glibc2.2.5) VSTS_0fb41ef4-5012-48a9-bf39-4ee3de03ee35_build_2500_0"
      },
      "RequestBody": null,
      "StatusCode": 200,
      "ResponseHeaders": {
        "Cache-Control": "no-cache",
        "Content-Encoding": "gzip",
        "Content-Type": "application/json; charset=utf-8",
        "Date": "Thu, 16 Feb 2023 06:33:00 GMT",
        "ETag": "W/\u0022f6e8f506-3a25-4528-b365-280b14ebaa9d\u0022",
        "Expires": "-1",
        "Pragma": "no-cache",
        "Server": [
          "Microsoft-HTTPAPI/2.0",
          "Microsoft-HTTPAPI/2.0"
        ],
        "Strict-Transport-Security": "max-age=31536000; includeSubDomains",
        "Transfer-Encoding": "chunked",
        "Vary": "Accept-Encoding",
        "X-Content-Type-Options": "nosniff",
        "x-ms-arm-service-request-id": "1357c2e4-0e8f-4e8e-be17-3a76e581fc50",
        "x-ms-correlation-request-id": "aa29dc5c-2206-44fa-8882-9928f9e83588",
        "x-ms-ratelimit-remaining-subscription-reads": "11961",
        "x-ms-routing-request-id": "WESTUS:20230216T063301Z:aa29dc5c-2206-44fa-8882-9928f9e83588"
      },
      "ResponseBody": {
        "name": "subnetnamex6c0d2aef",
        "id": "/subscriptions/00000000-0000-0000-0000-000000000000/resourceGroups/rgname/providers/Microsoft.Network/virtualNetworks/networknamex6c0d2aef/subnets/subnetnamex6c0d2aef",
        "etag": "W/\u0022f6e8f506-3a25-4528-b365-280b14ebaa9d\u0022",
        "properties": {
          "provisioningState": "Succeeded",
          "addressPrefix": "10.0.0.0/24",
          "delegations": [],
          "privateEndpointNetworkPolicies": "Disabled",
          "privateLinkServiceNetworkPolicies": "Enabled"
        },
        "type": "Microsoft.Network/virtualNetworks/subnets"
      }
    },
    {
      "RequestUri": "https://login.microsoftonline.com/00000000-0000-0000-0000-000000000000/v2.0/.well-known/openid-configuration",
      "RequestMethod": "GET",
      "RequestHeaders": {
        "Accept": "*/*",
        "Accept-Encoding": "gzip, deflate",
        "Connection": "keep-alive",
        "User-Agent": "azsdk-python-identity/1.13.0b3 Python/3.8.16 (Linux-5.15.0-1031-azure-x86_64-with-glibc2.2.5) VSTS_0fb41ef4-5012-48a9-bf39-4ee3de03ee35_build_2500_0"
      },
      "RequestBody": null,
      "StatusCode": 200,
      "ResponseHeaders": {
        "Access-Control-Allow-Methods": "GET, OPTIONS",
        "Access-Control-Allow-Origin": "*",
        "Cache-Control": "max-age=86400, private",
        "Content-Length": "1753",
        "Content-Type": "application/json; charset=utf-8",
        "Date": "Thu, 16 Feb 2023 06:33:00 GMT",
        "P3P": "CP=\u0022DSP CUR OTPi IND OTRi ONL FIN\u0022",
        "Set-Cookie": "[set-cookie;]",
        "Strict-Transport-Security": "max-age=31536000; includeSubDomains",
        "X-Content-Type-Options": "nosniff",
        "x-ms-ests-server": "2.1.14649.17 - SCUS ProdSlices",
        "X-XSS-Protection": "0"
      },
      "ResponseBody": {
        "token_endpoint": "https://login.microsoftonline.com/00000000-0000-0000-0000-000000000000/oauth2/v2.0/token",
        "token_endpoint_auth_methods_supported": [
          "client_secret_post",
          "private_key_jwt",
          "client_secret_basic"
        ],
        "jwks_uri": "https://login.microsoftonline.com/00000000-0000-0000-0000-000000000000/discovery/v2.0/keys",
        "response_modes_supported": [
          "query",
          "fragment",
          "form_post"
        ],
        "subject_types_supported": [
          "pairwise"
        ],
        "id_token_signing_alg_values_supported": [
          "RS256"
        ],
        "response_types_supported": [
          "code",
          "id_token",
          "code id_token",
          "id_token token"
        ],
        "scopes_supported": [
          "openid",
          "profile",
          "email",
          "offline_access"
        ],
        "issuer": "https://login.microsoftonline.com/00000000-0000-0000-0000-000000000000/v2.0",
        "request_uri_parameter_supported": false,
        "userinfo_endpoint": "https://graph.microsoft.com/oidc/userinfo",
        "authorization_endpoint": "https://login.microsoftonline.com/00000000-0000-0000-0000-000000000000/oauth2/v2.0/authorize",
        "device_authorization_endpoint": "https://login.microsoftonline.com/00000000-0000-0000-0000-000000000000/oauth2/v2.0/devicecode",
        "http_logout_supported": true,
        "frontchannel_logout_supported": true,
        "end_session_endpoint": "https://login.microsoftonline.com/00000000-0000-0000-0000-000000000000/oauth2/v2.0/logout",
        "claims_supported": [
          "sub",
          "iss",
          "cloud_instance_name",
          "cloud_instance_host_name",
          "cloud_graph_host_name",
          "msgraph_host",
          "aud",
          "exp",
          "iat",
          "auth_time",
          "acr",
          "nonce",
          "preferred_username",
          "name",
          "tid",
          "ver",
          "at_hash",
          "c_hash",
          "email"
        ],
        "kerberos_endpoint": "https://login.microsoftonline.com/00000000-0000-0000-0000-000000000000/kerberos",
        "tenant_region_scope": "WW",
        "cloud_instance_name": "microsoftonline.com",
        "cloud_graph_host_name": "graph.windows.net",
        "msgraph_host": "graph.microsoft.com",
        "rbac_url": "https://pas.windows.net"
      }
    },
    {
      "RequestUri": "https://login.microsoftonline.com/common/discovery/instance?api-version=1.1\u0026authorization_endpoint=https://login.microsoftonline.com/common/oauth2/authorize",
      "RequestMethod": "GET",
      "RequestHeaders": {
        "Accept": "application/json",
        "Accept-Encoding": "gzip, deflate",
        "Connection": "keep-alive",
        "Cookie": "cookie;",
        "User-Agent": "azsdk-python-identity/1.13.0b3 Python/3.8.16 (Linux-5.15.0-1031-azure-x86_64-with-glibc2.2.5) VSTS_0fb41ef4-5012-48a9-bf39-4ee3de03ee35_build_2500_0"
      },
      "RequestBody": null,
      "StatusCode": 200,
      "ResponseHeaders": {
        "Access-Control-Allow-Methods": "GET, OPTIONS",
        "Access-Control-Allow-Origin": "*",
        "Cache-Control": "max-age=86400, private",
        "Content-Length": "945",
        "Content-Type": "application/json; charset=utf-8",
        "Date": "Thu, 16 Feb 2023 06:33:00 GMT",
        "P3P": "CP=\u0022DSP CUR OTPi IND OTRi ONL FIN\u0022",
        "Set-Cookie": "[set-cookie;]",
        "Strict-Transport-Security": "max-age=31536000; includeSubDomains",
        "X-Content-Type-Options": "nosniff",
        "x-ms-ests-server": "2.1.14601.8 - NCUS ProdSlices",
        "X-XSS-Protection": "0"
      },
      "ResponseBody": {
        "tenant_discovery_endpoint": "https://login.microsoftonline.com/common/.well-known/openid-configuration",
        "api-version": "1.1",
        "metadata": [
          {
            "preferred_network": "login.microsoftonline.com",
            "preferred_cache": "login.windows.net",
            "aliases": [
              "login.microsoftonline.com",
              "login.windows.net",
              "login.microsoft.com",
              "sts.windows.net"
            ]
          },
          {
            "preferred_network": "login.partner.microsoftonline.cn",
            "preferred_cache": "login.partner.microsoftonline.cn",
            "aliases": [
              "login.partner.microsoftonline.cn",
              "login.chinacloudapi.cn"
            ]
          },
          {
            "preferred_network": "login.microsoftonline.de",
            "preferred_cache": "login.microsoftonline.de",
            "aliases": [
              "login.microsoftonline.de"
            ]
          },
          {
            "preferred_network": "login.microsoftonline.us",
            "preferred_cache": "login.microsoftonline.us",
            "aliases": [
              "login.microsoftonline.us",
              "login.usgovcloudapi.net"
            ]
          },
          {
            "preferred_network": "login-us.microsoftonline.com",
            "preferred_cache": "login-us.microsoftonline.com",
            "aliases": [
              "login-us.microsoftonline.com"
            ]
          }
        ]
      }
    },
    {
      "RequestUri": "https://login.microsoftonline.com/00000000-0000-0000-0000-000000000000/oauth2/v2.0/token",
      "RequestMethod": "POST",
      "RequestHeaders": {
        "Accept": "application/json",
        "Accept-Encoding": "gzip, deflate",
        "client-request-id": "57c58b5b-6c9a-4b9e-a997-378e615ce88e",
        "Connection": "keep-alive",
        "Content-Length": "288",
        "Content-Type": "application/x-www-form-urlencoded",
        "Cookie": "cookie;",
        "User-Agent": "azsdk-python-identity/1.13.0b3 Python/3.8.16 (Linux-5.15.0-1031-azure-x86_64-with-glibc2.2.5) VSTS_0fb41ef4-5012-48a9-bf39-4ee3de03ee35_build_2500_0",
        "x-client-cpu": "x64",
        "x-client-current-telemetry": "4|730,0|",
        "x-client-last-telemetry": "4|0|||",
        "x-client-os": "linux",
        "x-client-sku": "MSAL.Python",
        "x-client-ver": "1.21.0",
        "x-ms-lib-capability": "retry-after, h429"
      },
      "RequestBody": "client_id=00000000-0000-0000-0000-000000000000\u0026grant_type=client_credentials\u0026client_info=1\u0026client_secret=00000000-0000-0000-0000-000000000000\u0026claims=%7B%22access_token%22%3A\u002B%7B%22xms_cc%22%3A\u002B%7B%22values%22%3A\u002B%5B%22CP1%22%5D%7D%7D%7D\u0026scope=https%3A%2F%2Fmanagement.azure.com%2F.default",
      "StatusCode": 200,
      "ResponseHeaders": {
        "Cache-Control": "no-store, no-cache",
        "client-request-id": "57c58b5b-6c9a-4b9e-a997-378e615ce88e",
        "Content-Length": "114",
        "Content-Type": "application/json; charset=utf-8",
        "Date": "Thu, 16 Feb 2023 06:33:01 GMT",
        "Expires": "-1",
        "P3P": "CP=\u0022DSP CUR OTPi IND OTRi ONL FIN\u0022",
        "Pragma": "no-cache",
        "Set-Cookie": "[set-cookie;]",
        "Strict-Transport-Security": "max-age=31536000; includeSubDomains",
        "X-Content-Type-Options": "nosniff",
        "x-ms-clitelem": "1,0,0,,",
        "x-ms-ests-server": "2.1.14649.17 - EUS ProdSlices",
        "X-XSS-Protection": "0"
      },
      "ResponseBody": {
        "token_type": "Bearer",
        "expires_in": 86399,
        "ext_expires_in": 86399,
        "refresh_in": 43199,
        "access_token": "access_token"
      }
    },
    {
      "RequestUri": "https://management.azure.com/subscriptions/00000000-0000-0000-0000-000000000000/resourceGroups/rgname/providers/Microsoft.Compute/virtualMachineScaleSets/virtualmachinescaleset6c0d2aef?api-version=2022-11-01",
      "RequestMethod": "PUT",
      "RequestHeaders": {
        "Accept": "application/json",
        "Accept-Encoding": "gzip, deflate",
        "Connection": "keep-alive",
        "Content-Length": "948",
        "Content-Type": "application/json",
        "User-Agent": "azsdk-python-azure-mgmt-compute/29.2.0 Python/3.8.16 (Linux-5.15.0-1031-azure-x86_64-with-glibc2.2.5) VSTS_0fb41ef4-5012-48a9-bf39-4ee3de03ee35_build_2500_0"
      },
      "RequestBody": {
        "location": "eastus",
        "sku": {
          "name": "Standard_D1_v2",
          "tier": "Standard",
          "capacity": 1
        },
        "properties": {
          "upgradePolicy": {
            "mode": "Manual"
          },
          "virtualMachineProfile": {
            "osProfile": {
              "computerNamePrefix": "testPC",
              "adminUsername": "testuser",
              "adminPassword": "Aa!1()-xyz"
            },
            "storageProfile": {
              "imageReference": {
                "publisher": "MicrosoftWindowsServer",
                "offer": "WindowsServer",
                "sku": "2016-Datacenter",
                "version": "latest"
              },
              "osDisk": {
                "caching": "ReadWrite",
                "createOption": "FromImage",
                "diskSizeGB": 512,
                "managedDisk": {
                  "storageAccountType": "Standard_LRS"
                }
              }
            },
            "networkProfile": {
              "networkInterfaceConfigurations": [
                {
                  "name": "testPC",
                  "properties": {
                    "primary": true,
                    "ipConfigurations": [
                      {
                        "name": "testPC",
                        "properties": {
                          "subnet": {
                            "id": "/subscriptions/00000000-0000-0000-0000-000000000000/resourceGroups/rgname/providers/Microsoft.Network/virtualNetworks/networknamex6c0d2aef/subnets/subnetnamex6c0d2aef"
                          }
                        }
                      }
                    ]
                  }
                }
              ]
            }
          },
          "overprovision": true
        }
      },
      "StatusCode": 201,
      "ResponseHeaders": {
        "Azure-AsyncNotification": "Enabled",
        "Azure-AsyncOperation": "https://management.azure.com/subscriptions/00000000-0000-0000-0000-000000000000/providers/Microsoft.Compute/locations/eastus/operations/ccc5d39a-cdbc-456a-a801-022a8e5152ec?p=c9e32605-d294-4c79-ab2e-5091dea588f3\u0026api-version=2022-11-01",
        "Cache-Control": "no-cache",
        "Content-Length": "3292",
        "Content-Type": "application/json; charset=utf-8",
        "Date": "Thu, 16 Feb 2023 06:33:03 GMT",
        "Expires": "-1",
        "Pragma": "no-cache",
        "Retry-After": "10",
        "Server": [
          "Microsoft-HTTPAPI/2.0",
          "Microsoft-HTTPAPI/2.0"
        ],
        "Strict-Transport-Security": "max-age=31536000; includeSubDomains",
        "X-Content-Type-Options": "nosniff",
        "x-ms-correlation-request-id": "9aee28bd-9164-4844-a480-f2d22fa16ac6",
        "x-ms-ratelimit-remaining-resource": "Microsoft.Compute/CreateVMScaleSet3Min;59,Microsoft.Compute/CreateVMScaleSet30Min;297,Microsoft.Compute/VMScaleSetBatchedVMRequests5Min;1196,Microsoft.Compute/VmssQueuedVMOperations;0",
        "x-ms-ratelimit-remaining-subscription-writes": "1193",
        "x-ms-request-charge": "2",
        "x-ms-routing-request-id": "WESTUS:20230216T063304Z:9aee28bd-9164-4844-a480-f2d22fa16ac6"
      },
      "ResponseBody": {
        "name": "virtualmachinescaleset6c0d2aef",
        "id": "/subscriptions/00000000-0000-0000-0000-000000000000/resourceGroups/rgname/providers/Microsoft.Compute/virtualMachineScaleSets/virtualmachinescaleset6c0d2aef",
        "type": "Microsoft.Compute/virtualMachineScaleSets",
        "location": "eastus",
        "tags": {
          "azsecpack": "nonprod",
          "platformsettings.host_environment.service.platform_optedin_for_rootcerts": "true"
        },
        "sku": {
          "name": "Standard_D1_v2",
          "tier": "Standard",
          "capacity": 1
        },
        "properties": {
          "singlePlacementGroup": true,
          "orchestrationMode": "Uniform",
          "upgradePolicy": {
            "mode": "Manual"
          },
          "virtualMachineProfile": {
            "osProfile": {
              "computerNamePrefix": "testPC",
              "adminUsername": "testuser",
              "windowsConfiguration": {
                "provisionVMAgent": true,
                "enableAutomaticUpdates": true,
                "enableVMAgentPlatformUpdates": false
              },
              "secrets": [],
              "allowExtensionOperations": true,
              "requireGuestProvisionSignal": true
            },
            "storageProfile": {
              "osDisk": {
                "osType": "Windows",
                "createOption": "FromImage",
                "caching": "ReadWrite",
                "managedDisk": {
                  "storageAccountType": "Standard_LRS"
                },
                "diskSizeGB": 512
              },
              "imageReference": {
                "publisher": "MicrosoftWindowsServer",
                "offer": "WindowsServer",
                "sku": "2016-Datacenter",
                "version": "latest"
              }
            },
            "networkProfile": {
              "networkInterfaceConfigurations": [
                {
                  "name": "testPC",
                  "properties": {
                    "primary": true,
                    "enableAcceleratedNetworking": false,
                    "disableTcpStateTracking": false,
                    "dnsSettings": {
                      "dnsServers": []
                    },
                    "enableIPForwarding": false,
                    "ipConfigurations": [
                      {
                        "name": "testPC",
                        "properties": {
                          "subnet": {
                            "id": "/subscriptions/00000000-0000-0000-0000-000000000000/resourceGroups/rgname/providers/Microsoft.Network/virtualNetworks/networknamex6c0d2aef/subnets/subnetnamex6c0d2aef"
                          },
                          "privateIPAddressVersion": "IPv4"
                        }
                      }
                    ]
                  }
                }
              ]
            },
            "extensionProfile": {
              "extensions": [
                {
                  "name": "Microsoft.Azure.Security.AntimalwareSignature.AntimalwareConfiguration",
                  "properties": {
                    "autoUpgradeMinorVersion": true,
                    "enableAutomaticUpgrade": true,
                    "publisher": "Microsoft.Azure.Security.AntimalwareSignature",
                    "type": "AntimalwareConfiguration",
                    "typeHandlerVersion": "2.0",
                    "settings": {}
                  }
                },
                {
                  "name": "Microsoft.Azure.Geneva.GenevaMonitoring",
                  "properties": {
                    "autoUpgradeMinorVersion": true,
                    "enableAutomaticUpgrade": true,
                    "publisher": "Microsoft.Azure.Geneva",
                    "type": "GenevaMonitoring",
                    "typeHandlerVersion": "2.0",
                    "settings": {}
                  }
                }
              ]
            }
          },
          "provisioningState": "Creating",
          "overprovision": true,
          "doNotRunExtensionsOnOverprovisionedVMs": false,
          "uniqueId": "b0a37d10-c6f3-45d7-a3ec-897cba14b7af",
          "timeCreated": "2023-02-16T06:33:03.1363183\u002B00:00"
        }
      }
    },
    {
      "RequestUri": "https://management.azure.com/subscriptions/00000000-0000-0000-0000-000000000000/providers/Microsoft.Compute/locations/eastus/operations/ccc5d39a-cdbc-456a-a801-022a8e5152ec?p=c9e32605-d294-4c79-ab2e-5091dea588f3\u0026api-version=2022-11-01",
      "RequestMethod": "GET",
      "RequestHeaders": {
        "Accept": "*/*",
        "Accept-Encoding": "gzip, deflate",
        "Connection": "keep-alive",
        "User-Agent": "azsdk-python-azure-mgmt-compute/29.2.0 Python/3.8.16 (Linux-5.15.0-1031-azure-x86_64-with-glibc2.2.5) VSTS_0fb41ef4-5012-48a9-bf39-4ee3de03ee35_build_2500_0"
      },
      "RequestBody": null,
      "StatusCode": 200,
      "ResponseHeaders": {
        "Cache-Control": "no-cache",
        "Content-Encoding": "gzip",
        "Content-Type": "application/json; charset=utf-8",
        "Date": "Thu, 16 Feb 2023 06:33:03 GMT",
        "Expires": "-1",
        "Pragma": "no-cache",
        "Retry-After": "97",
        "Server": [
          "Microsoft-HTTPAPI/2.0",
          "Microsoft-HTTPAPI/2.0"
        ],
        "Strict-Transport-Security": "max-age=31536000; includeSubDomains",
        "Transfer-Encoding": "chunked",
        "Vary": "Accept-Encoding",
        "X-Content-Type-Options": "nosniff",
        "x-ms-correlation-request-id": "597004cf-9058-41a9-a6e4-962b9e9ca9fa",
        "x-ms-ratelimit-remaining-resource": "Microsoft.Compute/GetOperation3Min;14986,Microsoft.Compute/GetOperation30Min;29873",
        "x-ms-ratelimit-remaining-subscription-reads": "11960",
        "x-ms-routing-request-id": "WESTUS:20230216T063304Z:597004cf-9058-41a9-a6e4-962b9e9ca9fa"
      },
      "ResponseBody": {
        "startTime": "2023-02-16T06:33:03.1363183\u002B00:00",
        "status": "InProgress",
        "name": "ccc5d39a-cdbc-456a-a801-022a8e5152ec"
      }
    },
    {
      "RequestUri": "https://management.azure.com/subscriptions/00000000-0000-0000-0000-000000000000/providers/Microsoft.Compute/locations/eastus/operations/ccc5d39a-cdbc-456a-a801-022a8e5152ec?p=c9e32605-d294-4c79-ab2e-5091dea588f3\u0026api-version=2022-11-01",
      "RequestMethod": "GET",
      "RequestHeaders": {
        "Accept": "*/*",
        "Accept-Encoding": "gzip, deflate",
        "Connection": "keep-alive",
        "User-Agent": "azsdk-python-azure-mgmt-compute/29.2.0 Python/3.8.16 (Linux-5.15.0-1031-azure-x86_64-with-glibc2.2.5) VSTS_0fb41ef4-5012-48a9-bf39-4ee3de03ee35_build_2500_0"
      },
      "RequestBody": null,
      "StatusCode": 200,
      "ResponseHeaders": {
        "Cache-Control": "no-cache",
        "Content-Encoding": "gzip",
        "Content-Type": "application/json; charset=utf-8",
        "Date": "Thu, 16 Feb 2023 06:34:41 GMT",
        "Expires": "-1",
        "Pragma": "no-cache",
        "Server": [
          "Microsoft-HTTPAPI/2.0",
          "Microsoft-HTTPAPI/2.0"
        ],
        "Strict-Transport-Security": "max-age=31536000; includeSubDomains",
        "Transfer-Encoding": "chunked",
        "Vary": "Accept-Encoding",
        "X-Content-Type-Options": "nosniff",
        "x-ms-correlation-request-id": "19dfa85b-c134-4f83-af9f-a620c662a820",
        "x-ms-ratelimit-remaining-resource": "Microsoft.Compute/GetOperation3Min;14993,Microsoft.Compute/GetOperation30Min;29870",
        "x-ms-ratelimit-remaining-subscription-reads": "11959",
        "x-ms-routing-request-id": "WESTUS:20230216T063441Z:19dfa85b-c134-4f83-af9f-a620c662a820"
      },
      "ResponseBody": {
        "startTime": "2023-02-16T06:33:03.1363183\u002B00:00",
        "status": "InProgress",
        "name": "ccc5d39a-cdbc-456a-a801-022a8e5152ec"
      }
    },
    {
      "RequestUri": "https://management.azure.com/subscriptions/00000000-0000-0000-0000-000000000000/providers/Microsoft.Compute/locations/eastus/operations/ccc5d39a-cdbc-456a-a801-022a8e5152ec?p=c9e32605-d294-4c79-ab2e-5091dea588f3\u0026api-version=2022-11-01",
      "RequestMethod": "GET",
      "RequestHeaders": {
        "Accept": "*/*",
        "Accept-Encoding": "gzip, deflate",
        "Connection": "keep-alive",
        "User-Agent": "azsdk-python-azure-mgmt-compute/29.2.0 Python/3.8.16 (Linux-5.15.0-1031-azure-x86_64-with-glibc2.2.5) VSTS_0fb41ef4-5012-48a9-bf39-4ee3de03ee35_build_2500_0"
      },
      "RequestBody": null,
      "StatusCode": 200,
      "ResponseHeaders": {
        "Cache-Control": "no-cache",
        "Content-Encoding": "gzip",
        "Content-Type": "application/json; charset=utf-8",
        "Date": "Thu, 16 Feb 2023 06:35:11 GMT",
        "Expires": "-1",
        "Pragma": "no-cache",
        "Server": [
          "Microsoft-HTTPAPI/2.0",
          "Microsoft-HTTPAPI/2.0"
        ],
        "Strict-Transport-Security": "max-age=31536000; includeSubDomains",
        "Transfer-Encoding": "chunked",
        "Vary": "Accept-Encoding",
        "X-Content-Type-Options": "nosniff",
        "x-ms-correlation-request-id": "10798dd1-7b9d-482b-8341-def3d874d76b",
        "x-ms-ratelimit-remaining-resource": "Microsoft.Compute/GetOperation3Min;14993,Microsoft.Compute/GetOperation30Min;29899",
        "x-ms-ratelimit-remaining-subscription-reads": "11958",
        "x-ms-routing-request-id": "WESTUS:20230216T063511Z:10798dd1-7b9d-482b-8341-def3d874d76b"
      },
      "ResponseBody": {
        "startTime": "2023-02-16T06:33:03.1363183\u002B00:00",
        "status": "InProgress",
        "name": "ccc5d39a-cdbc-456a-a801-022a8e5152ec"
      }
    },
    {
      "RequestUri": "https://management.azure.com/subscriptions/00000000-0000-0000-0000-000000000000/providers/Microsoft.Compute/locations/eastus/operations/ccc5d39a-cdbc-456a-a801-022a8e5152ec?p=c9e32605-d294-4c79-ab2e-5091dea588f3\u0026api-version=2022-11-01",
      "RequestMethod": "GET",
      "RequestHeaders": {
        "Accept": "*/*",
        "Accept-Encoding": "gzip, deflate",
        "Connection": "keep-alive",
        "User-Agent": "azsdk-python-azure-mgmt-compute/29.2.0 Python/3.8.16 (Linux-5.15.0-1031-azure-x86_64-with-glibc2.2.5) VSTS_0fb41ef4-5012-48a9-bf39-4ee3de03ee35_build_2500_0"
      },
      "RequestBody": null,
      "StatusCode": 200,
      "ResponseHeaders": {
        "Cache-Control": "no-cache",
        "Content-Encoding": "gzip",
        "Content-Type": "application/json; charset=utf-8",
        "Date": "Thu, 16 Feb 2023 06:35:41 GMT",
        "Expires": "-1",
        "Pragma": "no-cache",
        "Server": [
          "Microsoft-HTTPAPI/2.0",
          "Microsoft-HTTPAPI/2.0"
        ],
        "Strict-Transport-Security": "max-age=31536000; includeSubDomains",
        "Transfer-Encoding": "chunked",
        "Vary": "Accept-Encoding",
        "X-Content-Type-Options": "nosniff",
        "x-ms-correlation-request-id": "d9344ef7-8265-4f26-9ed2-f79b3c41ca95",
        "x-ms-ratelimit-remaining-resource": "Microsoft.Compute/GetOperation3Min;14993,Microsoft.Compute/GetOperation30Min;29898",
        "x-ms-ratelimit-remaining-subscription-reads": "11957",
        "x-ms-routing-request-id": "WESTUS:20230216T063541Z:d9344ef7-8265-4f26-9ed2-f79b3c41ca95"
      },
      "ResponseBody": {
        "startTime": "2023-02-16T06:33:03.1363183\u002B00:00",
        "status": "InProgress",
        "name": "ccc5d39a-cdbc-456a-a801-022a8e5152ec"
      }
    },
    {
      "RequestUri": "https://management.azure.com/subscriptions/00000000-0000-0000-0000-000000000000/providers/Microsoft.Compute/locations/eastus/operations/ccc5d39a-cdbc-456a-a801-022a8e5152ec?p=c9e32605-d294-4c79-ab2e-5091dea588f3\u0026api-version=2022-11-01",
      "RequestMethod": "GET",
      "RequestHeaders": {
        "Accept": "*/*",
        "Accept-Encoding": "gzip, deflate",
        "Connection": "keep-alive",
        "User-Agent": "azsdk-python-azure-mgmt-compute/29.2.0 Python/3.8.16 (Linux-5.15.0-1031-azure-x86_64-with-glibc2.2.5) VSTS_0fb41ef4-5012-48a9-bf39-4ee3de03ee35_build_2500_0"
      },
      "RequestBody": null,
      "StatusCode": 200,
      "ResponseHeaders": {
        "Cache-Control": "no-cache",
        "Content-Encoding": "gzip",
        "Content-Type": "application/json; charset=utf-8",
        "Date": "Thu, 16 Feb 2023 06:36:11 GMT",
        "Expires": "-1",
        "Pragma": "no-cache",
        "Server": [
          "Microsoft-HTTPAPI/2.0",
          "Microsoft-HTTPAPI/2.0"
        ],
        "Strict-Transport-Security": "max-age=31536000; includeSubDomains",
        "Transfer-Encoding": "chunked",
        "Vary": "Accept-Encoding",
        "X-Content-Type-Options": "nosniff",
        "x-ms-correlation-request-id": "6f2f29a4-6fbf-4e09-971f-ffd6af45b920",
        "x-ms-ratelimit-remaining-resource": "Microsoft.Compute/GetOperation3Min;14992,Microsoft.Compute/GetOperation30Min;29896",
        "x-ms-ratelimit-remaining-subscription-reads": "11956",
        "x-ms-routing-request-id": "WESTUS:20230216T063611Z:6f2f29a4-6fbf-4e09-971f-ffd6af45b920"
      },
      "ResponseBody": {
        "startTime": "2023-02-16T06:33:03.1363183\u002B00:00",
        "status": "InProgress",
        "name": "ccc5d39a-cdbc-456a-a801-022a8e5152ec"
      }
    },
    {
      "RequestUri": "https://management.azure.com/subscriptions/00000000-0000-0000-0000-000000000000/providers/Microsoft.Compute/locations/eastus/operations/ccc5d39a-cdbc-456a-a801-022a8e5152ec?p=c9e32605-d294-4c79-ab2e-5091dea588f3\u0026api-version=2022-11-01",
      "RequestMethod": "GET",
      "RequestHeaders": {
        "Accept": "*/*",
        "Accept-Encoding": "gzip, deflate",
        "Connection": "keep-alive",
        "User-Agent": "azsdk-python-azure-mgmt-compute/29.2.0 Python/3.8.16 (Linux-5.15.0-1031-azure-x86_64-with-glibc2.2.5) VSTS_0fb41ef4-5012-48a9-bf39-4ee3de03ee35_build_2500_0"
      },
      "RequestBody": null,
      "StatusCode": 200,
      "ResponseHeaders": {
        "Cache-Control": "no-cache",
        "Content-Encoding": "gzip",
        "Content-Type": "application/json; charset=utf-8",
        "Date": "Thu, 16 Feb 2023 06:36:41 GMT",
        "Expires": "-1",
        "Pragma": "no-cache",
        "Server": [
          "Microsoft-HTTPAPI/2.0",
          "Microsoft-HTTPAPI/2.0"
        ],
        "Strict-Transport-Security": "max-age=31536000; includeSubDomains",
        "Transfer-Encoding": "chunked",
        "Vary": "Accept-Encoding",
        "X-Content-Type-Options": "nosniff",
        "x-ms-correlation-request-id": "c833c7c9-95c7-4e3f-826f-809029e43b5f",
        "x-ms-ratelimit-remaining-resource": "Microsoft.Compute/GetOperation3Min;14991,Microsoft.Compute/GetOperation30Min;29895",
        "x-ms-ratelimit-remaining-subscription-reads": "11955",
        "x-ms-routing-request-id": "WESTUS:20230216T063642Z:c833c7c9-95c7-4e3f-826f-809029e43b5f"
      },
      "ResponseBody": {
        "startTime": "2023-02-16T06:33:03.1363183\u002B00:00",
        "status": "InProgress",
        "name": "ccc5d39a-cdbc-456a-a801-022a8e5152ec"
      }
    },
    {
      "RequestUri": "https://management.azure.com/subscriptions/00000000-0000-0000-0000-000000000000/providers/Microsoft.Compute/locations/eastus/operations/ccc5d39a-cdbc-456a-a801-022a8e5152ec?p=c9e32605-d294-4c79-ab2e-5091dea588f3\u0026api-version=2022-11-01",
      "RequestMethod": "GET",
      "RequestHeaders": {
        "Accept": "*/*",
        "Accept-Encoding": "gzip, deflate",
        "Connection": "keep-alive",
        "User-Agent": "azsdk-python-azure-mgmt-compute/29.2.0 Python/3.8.16 (Linux-5.15.0-1031-azure-x86_64-with-glibc2.2.5) VSTS_0fb41ef4-5012-48a9-bf39-4ee3de03ee35_build_2500_0"
      },
      "RequestBody": null,
      "StatusCode": 200,
      "ResponseHeaders": {
        "Cache-Control": "no-cache",
        "Content-Encoding": "gzip",
        "Content-Type": "application/json; charset=utf-8",
        "Date": "Thu, 16 Feb 2023 06:37:11 GMT",
        "Expires": "-1",
        "Pragma": "no-cache",
        "Server": [
          "Microsoft-HTTPAPI/2.0",
          "Microsoft-HTTPAPI/2.0"
        ],
        "Strict-Transport-Security": "max-age=31536000; includeSubDomains",
        "Transfer-Encoding": "chunked",
        "Vary": "Accept-Encoding",
        "X-Content-Type-Options": "nosniff",
        "x-ms-correlation-request-id": "3d3d20a8-9619-4c90-9df1-f2856e508bff",
        "x-ms-ratelimit-remaining-resource": "Microsoft.Compute/GetOperation3Min;14991,Microsoft.Compute/GetOperation30Min;29893",
        "x-ms-ratelimit-remaining-subscription-reads": "11954",
        "x-ms-routing-request-id": "WESTUS:20230216T063712Z:3d3d20a8-9619-4c90-9df1-f2856e508bff"
      },
      "ResponseBody": {
        "startTime": "2023-02-16T06:33:03.1363183\u002B00:00",
        "status": "InProgress",
        "name": "ccc5d39a-cdbc-456a-a801-022a8e5152ec"
      }
    },
    {
      "RequestUri": "https://management.azure.com/subscriptions/00000000-0000-0000-0000-000000000000/providers/Microsoft.Compute/locations/eastus/operations/ccc5d39a-cdbc-456a-a801-022a8e5152ec?p=c9e32605-d294-4c79-ab2e-5091dea588f3\u0026api-version=2022-11-01",
      "RequestMethod": "GET",
      "RequestHeaders": {
        "Accept": "*/*",
        "Accept-Encoding": "gzip, deflate",
        "Connection": "keep-alive",
        "User-Agent": "azsdk-python-azure-mgmt-compute/29.2.0 Python/3.8.16 (Linux-5.15.0-1031-azure-x86_64-with-glibc2.2.5) VSTS_0fb41ef4-5012-48a9-bf39-4ee3de03ee35_build_2500_0"
      },
      "RequestBody": null,
      "StatusCode": 200,
      "ResponseHeaders": {
        "Cache-Control": "no-cache",
        "Content-Encoding": "gzip",
        "Content-Type": "application/json; charset=utf-8",
        "Date": "Thu, 16 Feb 2023 06:37:41 GMT",
        "Expires": "-1",
        "Pragma": "no-cache",
        "Server": [
          "Microsoft-HTTPAPI/2.0",
          "Microsoft-HTTPAPI/2.0"
        ],
        "Strict-Transport-Security": "max-age=31536000; includeSubDomains",
        "Transfer-Encoding": "chunked",
        "Vary": "Accept-Encoding",
        "X-Content-Type-Options": "nosniff",
        "x-ms-correlation-request-id": "1ce4d69b-6b89-47be-a402-b590c0a1ab62",
        "x-ms-ratelimit-remaining-resource": "Microsoft.Compute/GetOperation3Min;14991,Microsoft.Compute/GetOperation30Min;29892",
        "x-ms-ratelimit-remaining-subscription-reads": "11953",
        "x-ms-routing-request-id": "WESTUS:20230216T063742Z:1ce4d69b-6b89-47be-a402-b590c0a1ab62"
      },
      "ResponseBody": {
        "startTime": "2023-02-16T06:33:03.1363183\u002B00:00",
        "status": "InProgress",
        "name": "ccc5d39a-cdbc-456a-a801-022a8e5152ec"
      }
    },
    {
      "RequestUri": "https://management.azure.com/subscriptions/00000000-0000-0000-0000-000000000000/providers/Microsoft.Compute/locations/eastus/operations/ccc5d39a-cdbc-456a-a801-022a8e5152ec?p=c9e32605-d294-4c79-ab2e-5091dea588f3\u0026api-version=2022-11-01",
      "RequestMethod": "GET",
      "RequestHeaders": {
        "Accept": "*/*",
        "Accept-Encoding": "gzip, deflate",
        "Connection": "keep-alive",
        "User-Agent": "azsdk-python-azure-mgmt-compute/29.2.0 Python/3.8.16 (Linux-5.15.0-1031-azure-x86_64-with-glibc2.2.5) VSTS_0fb41ef4-5012-48a9-bf39-4ee3de03ee35_build_2500_0"
      },
      "RequestBody": null,
      "StatusCode": 200,
      "ResponseHeaders": {
        "Cache-Control": "no-cache",
        "Content-Encoding": "gzip",
        "Content-Type": "application/json; charset=utf-8",
        "Date": "Thu, 16 Feb 2023 06:38:11 GMT",
        "Expires": "-1",
        "Pragma": "no-cache",
        "Server": [
          "Microsoft-HTTPAPI/2.0",
          "Microsoft-HTTPAPI/2.0"
        ],
        "Strict-Transport-Security": "max-age=31536000; includeSubDomains",
        "Transfer-Encoding": "chunked",
        "Vary": "Accept-Encoding",
        "X-Content-Type-Options": "nosniff",
        "x-ms-correlation-request-id": "1007b032-2a98-4613-b470-9c7f8b7a13ae",
        "x-ms-ratelimit-remaining-resource": "Microsoft.Compute/GetOperation3Min;14991,Microsoft.Compute/GetOperation30Min;29890",
        "x-ms-ratelimit-remaining-subscription-reads": "11952",
        "x-ms-routing-request-id": "WESTUS:20230216T063812Z:1007b032-2a98-4613-b470-9c7f8b7a13ae"
      },
      "ResponseBody": {
        "startTime": "2023-02-16T06:33:03.1363183\u002B00:00",
        "status": "InProgress",
        "name": "ccc5d39a-cdbc-456a-a801-022a8e5152ec"
      }
    },
    {
      "RequestUri": "https://management.azure.com/subscriptions/00000000-0000-0000-0000-000000000000/providers/Microsoft.Compute/locations/eastus/operations/ccc5d39a-cdbc-456a-a801-022a8e5152ec?p=c9e32605-d294-4c79-ab2e-5091dea588f3\u0026api-version=2022-11-01",
      "RequestMethod": "GET",
      "RequestHeaders": {
        "Accept": "*/*",
        "Accept-Encoding": "gzip, deflate",
        "Connection": "keep-alive",
        "User-Agent": "azsdk-python-azure-mgmt-compute/29.2.0 Python/3.8.16 (Linux-5.15.0-1031-azure-x86_64-with-glibc2.2.5) VSTS_0fb41ef4-5012-48a9-bf39-4ee3de03ee35_build_2500_0"
      },
      "RequestBody": null,
      "StatusCode": 200,
      "ResponseHeaders": {
        "Cache-Control": "no-cache",
        "Content-Encoding": "gzip",
        "Content-Type": "application/json; charset=utf-8",
        "Date": "Thu, 16 Feb 2023 06:38:42 GMT",
        "Expires": "-1",
        "Pragma": "no-cache",
        "Server": [
          "Microsoft-HTTPAPI/2.0",
          "Microsoft-HTTPAPI/2.0"
        ],
        "Strict-Transport-Security": "max-age=31536000; includeSubDomains",
        "Transfer-Encoding": "chunked",
        "Vary": "Accept-Encoding",
        "X-Content-Type-Options": "nosniff",
        "x-ms-correlation-request-id": "fb9a5d27-690e-4ad7-a801-7be0c9999e39",
        "x-ms-ratelimit-remaining-resource": "Microsoft.Compute/GetOperation3Min;14991,Microsoft.Compute/GetOperation30Min;29889",
        "x-ms-ratelimit-remaining-subscription-reads": "11951",
        "x-ms-routing-request-id": "WESTUS:20230216T063842Z:fb9a5d27-690e-4ad7-a801-7be0c9999e39"
      },
      "ResponseBody": {
        "startTime": "2023-02-16T06:33:03.1363183\u002B00:00",
        "status": "InProgress",
        "name": "ccc5d39a-cdbc-456a-a801-022a8e5152ec"
      }
    },
    {
      "RequestUri": "https://management.azure.com/subscriptions/00000000-0000-0000-0000-000000000000/providers/Microsoft.Compute/locations/eastus/operations/ccc5d39a-cdbc-456a-a801-022a8e5152ec?p=c9e32605-d294-4c79-ab2e-5091dea588f3\u0026api-version=2022-11-01",
      "RequestMethod": "GET",
      "RequestHeaders": {
        "Accept": "*/*",
        "Accept-Encoding": "gzip, deflate",
        "Connection": "keep-alive",
        "User-Agent": "azsdk-python-azure-mgmt-compute/29.2.0 Python/3.8.16 (Linux-5.15.0-1031-azure-x86_64-with-glibc2.2.5) VSTS_0fb41ef4-5012-48a9-bf39-4ee3de03ee35_build_2500_0"
      },
      "RequestBody": null,
      "StatusCode": 200,
      "ResponseHeaders": {
        "Cache-Control": "no-cache",
        "Content-Encoding": "gzip",
        "Content-Type": "application/json; charset=utf-8",
        "Date": "Thu, 16 Feb 2023 06:39:12 GMT",
        "Expires": "-1",
        "Pragma": "no-cache",
        "Server": [
          "Microsoft-HTTPAPI/2.0",
          "Microsoft-HTTPAPI/2.0"
        ],
        "Strict-Transport-Security": "max-age=31536000; includeSubDomains",
        "Transfer-Encoding": "chunked",
        "Vary": "Accept-Encoding",
        "X-Content-Type-Options": "nosniff",
        "x-ms-correlation-request-id": "19cb69f3-e754-46bc-b286-bffdf966ad38",
        "x-ms-ratelimit-remaining-resource": "Microsoft.Compute/GetOperation3Min;14991,Microsoft.Compute/GetOperation30Min;29887",
        "x-ms-ratelimit-remaining-subscription-reads": "11950",
        "x-ms-routing-request-id": "WESTUS:20230216T063913Z:19cb69f3-e754-46bc-b286-bffdf966ad38"
      },
      "ResponseBody": {
        "startTime": "2023-02-16T06:33:03.1363183\u002B00:00",
        "status": "InProgress",
        "name": "ccc5d39a-cdbc-456a-a801-022a8e5152ec"
      }
    },
    {
      "RequestUri": "https://management.azure.com/subscriptions/00000000-0000-0000-0000-000000000000/providers/Microsoft.Compute/locations/eastus/operations/ccc5d39a-cdbc-456a-a801-022a8e5152ec?p=c9e32605-d294-4c79-ab2e-5091dea588f3\u0026api-version=2022-11-01",
      "RequestMethod": "GET",
      "RequestHeaders": {
        "Accept": "*/*",
        "Accept-Encoding": "gzip, deflate",
        "Connection": "keep-alive",
        "User-Agent": "azsdk-python-azure-mgmt-compute/29.2.0 Python/3.8.16 (Linux-5.15.0-1031-azure-x86_64-with-glibc2.2.5) VSTS_0fb41ef4-5012-48a9-bf39-4ee3de03ee35_build_2500_0"
      },
      "RequestBody": null,
      "StatusCode": 200,
      "ResponseHeaders": {
        "Cache-Control": "no-cache",
        "Content-Encoding": "gzip",
        "Content-Type": "application/json; charset=utf-8",
        "Date": "Thu, 16 Feb 2023 06:39:42 GMT",
        "Expires": "-1",
        "Pragma": "no-cache",
        "Server": [
          "Microsoft-HTTPAPI/2.0",
          "Microsoft-HTTPAPI/2.0"
        ],
        "Strict-Transport-Security": "max-age=31536000; includeSubDomains",
        "Transfer-Encoding": "chunked",
        "Vary": "Accept-Encoding",
        "X-Content-Type-Options": "nosniff",
        "x-ms-correlation-request-id": "b6bdf289-f713-441e-b864-8a744cc085d4",
        "x-ms-ratelimit-remaining-resource": "Microsoft.Compute/GetOperation3Min;14991,Microsoft.Compute/GetOperation30Min;29886",
        "x-ms-ratelimit-remaining-subscription-reads": "11949",
        "x-ms-routing-request-id": "WESTUS:20230216T063943Z:b6bdf289-f713-441e-b864-8a744cc085d4"
      },
      "ResponseBody": {
        "startTime": "2023-02-16T06:33:03.1363183\u002B00:00",
        "status": "InProgress",
        "name": "ccc5d39a-cdbc-456a-a801-022a8e5152ec"
      }
    },
    {
      "RequestUri": "https://management.azure.com/subscriptions/00000000-0000-0000-0000-000000000000/providers/Microsoft.Compute/locations/eastus/operations/ccc5d39a-cdbc-456a-a801-022a8e5152ec?p=c9e32605-d294-4c79-ab2e-5091dea588f3\u0026api-version=2022-11-01",
      "RequestMethod": "GET",
      "RequestHeaders": {
        "Accept": "*/*",
        "Accept-Encoding": "gzip, deflate",
        "Connection": "keep-alive",
        "User-Agent": "azsdk-python-azure-mgmt-compute/29.2.0 Python/3.8.16 (Linux-5.15.0-1031-azure-x86_64-with-glibc2.2.5) VSTS_0fb41ef4-5012-48a9-bf39-4ee3de03ee35_build_2500_0"
      },
      "RequestBody": null,
      "StatusCode": 200,
      "ResponseHeaders": {
        "Cache-Control": "no-cache",
        "Content-Encoding": "gzip",
        "Content-Type": "application/json; charset=utf-8",
        "Date": "Thu, 16 Feb 2023 06:40:12 GMT",
        "Expires": "-1",
        "Pragma": "no-cache",
        "Server": [
          "Microsoft-HTTPAPI/2.0",
          "Microsoft-HTTPAPI/2.0"
        ],
        "Strict-Transport-Security": "max-age=31536000; includeSubDomains",
        "Transfer-Encoding": "chunked",
        "Vary": "Accept-Encoding",
        "X-Content-Type-Options": "nosniff",
        "x-ms-correlation-request-id": "ed51fc74-809b-43eb-8aed-1743bf1d418d",
        "x-ms-ratelimit-remaining-resource": "Microsoft.Compute/GetOperation3Min;14991,Microsoft.Compute/GetOperation30Min;29910",
        "x-ms-ratelimit-remaining-subscription-reads": "11948",
        "x-ms-routing-request-id": "WESTUS:20230216T064013Z:ed51fc74-809b-43eb-8aed-1743bf1d418d"
      },
      "ResponseBody": {
        "startTime": "2023-02-16T06:33:03.1363183\u002B00:00",
        "endTime": "2023-02-16T06:39:54.8040386\u002B00:00",
        "status": "Succeeded",
        "name": "ccc5d39a-cdbc-456a-a801-022a8e5152ec"
      }
    },
    {
      "RequestUri": "https://management.azure.com/subscriptions/00000000-0000-0000-0000-000000000000/resourceGroups/rgname/providers/Microsoft.Compute/virtualMachineScaleSets/virtualmachinescaleset6c0d2aef?api-version=2022-11-01",
      "RequestMethod": "GET",
      "RequestHeaders": {
        "Accept": "*/*",
        "Accept-Encoding": "gzip, deflate",
        "Connection": "keep-alive",
        "User-Agent": "azsdk-python-azure-mgmt-compute/29.2.0 Python/3.8.16 (Linux-5.15.0-1031-azure-x86_64-with-glibc2.2.5) VSTS_0fb41ef4-5012-48a9-bf39-4ee3de03ee35_build_2500_0"
      },
      "RequestBody": null,
      "StatusCode": 200,
      "ResponseHeaders": {
        "Cache-Control": "no-cache",
        "Content-Encoding": "gzip",
        "Content-Type": "application/json; charset=utf-8",
        "Date": "Thu, 16 Feb 2023 06:40:12 GMT",
        "Expires": "-1",
        "Pragma": "no-cache",
        "Server": [
          "Microsoft-HTTPAPI/2.0",
          "Microsoft-HTTPAPI/2.0"
        ],
        "Strict-Transport-Security": "max-age=31536000; includeSubDomains",
        "Transfer-Encoding": "chunked",
        "Vary": "Accept-Encoding",
        "X-Content-Type-Options": "nosniff",
        "x-ms-correlation-request-id": "97a8a681-4482-4da2-9ec5-d1ff3b82812e",
        "x-ms-ratelimit-remaining-resource": "Microsoft.Compute/GetVMScaleSet3Min;396,Microsoft.Compute/GetVMScaleSet30Min;2577",
        "x-ms-ratelimit-remaining-subscription-reads": "11947",
        "x-ms-routing-request-id": "WESTUS:20230216T064013Z:97a8a681-4482-4da2-9ec5-d1ff3b82812e"
      },
      "ResponseBody": {
        "name": "virtualmachinescaleset6c0d2aef",
        "id": "/subscriptions/00000000-0000-0000-0000-000000000000/resourceGroups/rgname/providers/Microsoft.Compute/virtualMachineScaleSets/virtualmachinescaleset6c0d2aef",
        "type": "Microsoft.Compute/virtualMachineScaleSets",
        "location": "eastus",
        "tags": {
          "azsecpack": "nonprod",
          "platformsettings.host_environment.service.platform_optedin_for_rootcerts": "true"
        },
        "sku": {
          "name": "Standard_D1_v2",
          "tier": "Standard",
          "capacity": 1
        },
        "properties": {
          "singlePlacementGroup": true,
          "orchestrationMode": "Uniform",
          "upgradePolicy": {
            "mode": "Manual"
          },
          "virtualMachineProfile": {
            "osProfile": {
              "computerNamePrefix": "testPC",
              "adminUsername": "testuser",
              "windowsConfiguration": {
                "provisionVMAgent": true,
                "enableAutomaticUpdates": true,
                "enableVMAgentPlatformUpdates": false
              },
              "secrets": [],
              "allowExtensionOperations": true,
              "requireGuestProvisionSignal": true
            },
            "storageProfile": {
              "osDisk": {
                "osType": "Windows",
                "createOption": "FromImage",
                "caching": "ReadWrite",
                "managedDisk": {
                  "storageAccountType": "Standard_LRS"
                },
                "diskSizeGB": 512
              },
              "imageReference": {
                "publisher": "MicrosoftWindowsServer",
                "offer": "WindowsServer",
                "sku": "2016-Datacenter",
                "version": "latest"
              }
            },
            "networkProfile": {
              "networkInterfaceConfigurations": [
                {
                  "name": "testPC",
                  "properties": {
                    "primary": true,
                    "enableAcceleratedNetworking": false,
                    "disableTcpStateTracking": false,
                    "dnsSettings": {
                      "dnsServers": []
                    },
                    "enableIPForwarding": false,
                    "ipConfigurations": [
                      {
                        "name": "testPC",
                        "properties": {
                          "subnet": {
                            "id": "/subscriptions/00000000-0000-0000-0000-000000000000/resourceGroups/rgname/providers/Microsoft.Network/virtualNetworks/networknamex6c0d2aef/subnets/subnetnamex6c0d2aef"
                          },
                          "privateIPAddressVersion": "IPv4"
                        }
                      }
                    ]
                  }
                }
              ]
            },
            "extensionProfile": {
              "extensions": [
                {
                  "name": "Microsoft.Azure.Security.AntimalwareSignature.AntimalwareConfiguration",
                  "properties": {
                    "autoUpgradeMinorVersion": true,
                    "enableAutomaticUpgrade": true,
                    "publisher": "Microsoft.Azure.Security.AntimalwareSignature",
                    "type": "AntimalwareConfiguration",
                    "typeHandlerVersion": "2.0",
                    "settings": {}
                  }
                },
                {
                  "name": "Microsoft.Azure.Geneva.GenevaMonitoring",
                  "properties": {
                    "autoUpgradeMinorVersion": true,
                    "enableAutomaticUpgrade": true,
                    "publisher": "Microsoft.Azure.Geneva",
                    "type": "GenevaMonitoring",
                    "typeHandlerVersion": "2.0",
                    "settings": {}
                  }
                }
              ]
            }
          },
          "provisioningState": "Succeeded",
          "overprovision": true,
          "doNotRunExtensionsOnOverprovisionedVMs": false,
          "uniqueId": "b0a37d10-c6f3-45d7-a3ec-897cba14b7af",
          "timeCreated": "2023-02-16T06:33:03.1363183\u002B00:00"
        }
      }
    },
    {
      "RequestUri": "https://management.azure.com/subscriptions/00000000-0000-0000-0000-000000000000/resourceGroups/rgname/providers/Microsoft.Compute/virtualMachineScaleSets/virtualmachinescaleset6c0d2aef/virtualMachines/0/instanceView?api-version=2022-11-01",
      "RequestMethod": "GET",
      "RequestHeaders": {
        "Accept": "application/json",
        "Accept-Encoding": "gzip, deflate",
        "Connection": "keep-alive",
        "User-Agent": "azsdk-python-azure-mgmt-compute/29.2.0 Python/3.8.16 (Linux-5.15.0-1031-azure-x86_64-with-glibc2.2.5) VSTS_0fb41ef4-5012-48a9-bf39-4ee3de03ee35_build_2500_0"
      },
      "RequestBody": null,
      "StatusCode": 404,
      "ResponseHeaders": {
        "Cache-Control": "no-cache",
        "Content-Length": "115",
        "Content-Type": "application/json; charset=utf-8",
        "Date": "Thu, 16 Feb 2023 06:43:12 GMT",
        "Expires": "-1",
        "Pragma": "no-cache",
        "Server": [
          "Microsoft-HTTPAPI/2.0",
          "Microsoft-HTTPAPI/2.0"
        ],
        "Strict-Transport-Security": "max-age=31536000; includeSubDomains",
        "X-Content-Type-Options": "nosniff",
        "x-ms-correlation-request-id": "b44ea880-ac82-4574-9f13-2553e0180b20",
        "x-ms-ratelimit-remaining-resource": "Microsoft.Compute/GetVMScaleSetVM3Min;999,Microsoft.Compute/GetVMScaleSetVM30Min;4995,Microsoft.Compute/VMScaleSetVMViews3Min;4999",
        "x-ms-ratelimit-remaining-subscription-reads": "11946",
        "x-ms-request-charge": "1",
        "x-ms-routing-request-id": "WESTUS:20230216T064313Z:b44ea880-ac82-4574-9f13-2553e0180b20"
      },
      "ResponseBody": {
        "error": {
          "code": "NotFound",
          "message": "The entity was not found in this Azure location."
        }
      }
    },
    {
      "RequestUri": "https://management.azure.com/subscriptions/00000000-0000-0000-0000-000000000000/resourceGroups/rgname/providers/Microsoft.Compute/virtualMachineScaleSets/virtualmachinescaleset6c0d2aef/virtualMachines/1/instanceView?api-version=2022-11-01",
      "RequestMethod": "GET",
      "RequestHeaders": {
        "Accept": "application/json",
        "Accept-Encoding": "gzip, deflate",
        "Connection": "keep-alive",
        "User-Agent": "azsdk-python-azure-mgmt-compute/29.2.0 Python/3.8.16 (Linux-5.15.0-1031-azure-x86_64-with-glibc2.2.5) VSTS_0fb41ef4-5012-48a9-bf39-4ee3de03ee35_build_2500_0"
      },
      "RequestBody": null,
      "StatusCode": 200,
      "ResponseHeaders": {
        "Cache-Control": "no-cache",
        "Content-Encoding": "gzip",
        "Content-Type": "application/json; charset=utf-8",
        "Date": "Thu, 16 Feb 2023 06:43:13 GMT",
        "Expires": "-1",
        "Pragma": "no-cache",
        "Server": [
          "Microsoft-HTTPAPI/2.0",
          "Microsoft-HTTPAPI/2.0"
        ],
        "Strict-Transport-Security": "max-age=31536000; includeSubDomains",
        "Transfer-Encoding": "chunked",
        "Vary": "Accept-Encoding",
        "X-Content-Type-Options": "nosniff",
        "x-ms-correlation-request-id": "032d4d35-dc9b-4376-9ca2-49a3b985980a",
        "x-ms-ratelimit-remaining-resource": "Microsoft.Compute/GetVMScaleSetVM3Min;998,Microsoft.Compute/GetVMScaleSetVM30Min;4994,Microsoft.Compute/VMScaleSetVMViews3Min;4998",
        "x-ms-ratelimit-remaining-subscription-reads": "11945",
        "x-ms-request-charge": "1",
        "x-ms-routing-request-id": "WESTUS:20230216T064314Z:032d4d35-dc9b-4376-9ca2-49a3b985980a"
      },
      "ResponseBody": {
        "placementGroupId": "4636f33f-ea4d-4904-a662-9b5c9b69882f",
        "platformUpdateDomain": 1,
        "platformFaultDomain": 1,
        "computerName": "testPC000001",
        "osName": "Windows Server 2016 Datacenter",
        "osVersion": "10.0.14393.5717",
        "vmAgent": {
          "vmAgentVersion": "2.7.41491.1071",
          "statuses": [
            {
              "code": "ProvisioningState/succeeded",
              "level": "Info",
              "displayStatus": "Ready",
              "message": "GuestAgent is running and processing the extensions.",
              "time": "2023-02-16T06:42:26.394\u002B00:00"
            }
          ],
          "extensionHandlers": [
            {
              "type": "Microsoft.Azure.Geneva.GenevaMonitoring",
              "typeHandlerVersion": "2.37.0.3",
              "status": {
                "code": "ProvisioningState/succeeded",
                "level": "Info",
                "displayStatus": "Ready",
                "message": "ExtensionOperation:enable. Status:Success"
              }
            },
            {
              "type": "Microsoft.Azure.Security.AntimalwareSignature.AntimalwareConfiguration",
              "typeHandlerVersion": "2.60.1.1",
              "status": {
                "code": "ProvisioningState/succeeded",
                "level": "Info",
                "displayStatus": "Ready"
              }
            }
          ]
        },
        "disks": [
          {
            "name": "virtualmachinescalesvirtualmachinescaleseOS__1_f8dc27217bc14df8b8840fbb9e49d216",
            "statuses": [
              {
                "code": "ProvisioningState/succeeded",
                "level": "Info",
                "displayStatus": "Provisioning succeeded",
                "time": "2023-02-16T06:33:05.9489614\u002B00:00"
              }
            ]
          }
        ],
        "extensions": [
          {
            "name": "Microsoft.Azure.Security.AntimalwareSignature.AntimalwareConfiguration",
            "type": "Microsoft.Azure.Security.AntimalwareSignature.AntimalwareConfiguration",
            "typeHandlerVersion": "2.60.1.1",
            "statuses": [
              {
                "code": "ProvisioningState/succeeded",
                "level": "Info",
                "displayStatus": "Provisioning succeeded",
                "message": "Enable AntimalwareSignature extension complete"
              }
            ]
          },
          {
            "name": "Microsoft.Azure.Geneva.GenevaMonitoring",
            "type": "Microsoft.Azure.Geneva.GenevaMonitoring",
            "typeHandlerVersion": "2.37.0.3",
            "statuses": [
              {
                "code": "ProvisioningState/succeeded",
                "level": "Info",
                "displayStatus": "Provisioning succeeded",
                "message": "ExtensionOperation:enable. Status:Success",
                "time": "2023-02-16T06:42:13\u002B00:00"
              }
            ]
          }
        ],
        "hyperVGeneration": "V1",
        "statuses": [
          {
            "code": "ProvisioningState/succeeded",
            "level": "Info",
            "displayStatus": "Provisioning succeeded",
            "time": "2023-02-16T06:40:46.742511\u002B00:00"
          },
          {
            "code": "PowerState/running",
            "level": "Info",
            "displayStatus": "VM running"
          }
        ]
      }
    },
    {
      "RequestUri": "https://management.azure.com/subscriptions/00000000-0000-0000-0000-000000000000/resourceGroups/rgname/providers/Microsoft.Compute/virtualMachineScaleSets/virtualmachinescaleset6c0d2aef/virtualmachines/1/redeploy?api-version=2022-11-01",
      "RequestMethod": "POST",
      "RequestHeaders": {
        "Accept": "application/json",
        "Accept-Encoding": "gzip, deflate",
        "Connection": "keep-alive",
        "Content-Length": "0",
        "User-Agent": "azsdk-python-azure-mgmt-compute/29.2.0 Python/3.8.16 (Linux-5.15.0-1031-azure-x86_64-with-glibc2.2.5) VSTS_0fb41ef4-5012-48a9-bf39-4ee3de03ee35_build_2500_0"
      },
      "RequestBody": null,
      "StatusCode": 202,
      "ResponseHeaders": {
        "Azure-AsyncNotification": "Enabled",
        "Azure-AsyncOperation": "https://management.azure.com/subscriptions/00000000-0000-0000-0000-000000000000/providers/Microsoft.Compute/locations/eastus/operations/55009890-8541-4392-b5fa-5597c187fe1a?p=c9e32605-d294-4c79-ab2e-5091dea588f3\u0026api-version=2022-11-01",
        "Cache-Control": "no-cache",
        "Content-Length": "0",
        "Date": "Thu, 16 Feb 2023 06:43:13 GMT",
        "Expires": "-1",
        "Location": "https://management.azure.com/subscriptions/00000000-0000-0000-0000-000000000000/providers/Microsoft.Compute/locations/eastus/operations/55009890-8541-4392-b5fa-5597c187fe1a?p=c9e32605-d294-4c79-ab2e-5091dea588f3\u0026monitor=true\u0026api-version=2022-11-01",
        "Pragma": "no-cache",
        "Server": [
          "Microsoft-HTTPAPI/2.0",
          "Microsoft-HTTPAPI/2.0"
        ],
        "Strict-Transport-Security": "max-age=31536000; includeSubDomains",
        "X-Content-Type-Options": "nosniff",
        "x-ms-correlation-request-id": "d2296ca1-ae4a-4edc-9b89-65d452eb68ae",
        "x-ms-ratelimit-remaining-resource": "Microsoft.Compute/VMScaleSetActions3Min;239,Microsoft.Compute/VMScaleSetActions30Min;1193,Microsoft.Compute/VMScaleSetBatchedVMRequests5Min;1199,Microsoft.Compute/VmssQueuedVMOperations;0",
        "x-ms-ratelimit-remaining-subscription-writes": "1192",
        "x-ms-request-charge": "1",
        "x-ms-routing-request-id": "WESTUS:20230216T064314Z:d2296ca1-ae4a-4edc-9b89-65d452eb68ae"
      },
      "ResponseBody": null
    },
    {
      "RequestUri": "https://management.azure.com/subscriptions/00000000-0000-0000-0000-000000000000/providers/Microsoft.Compute/locations/eastus/operations/55009890-8541-4392-b5fa-5597c187fe1a?p=c9e32605-d294-4c79-ab2e-5091dea588f3\u0026api-version=2022-11-01",
      "RequestMethod": "GET",
      "RequestHeaders": {
        "Accept": "*/*",
        "Accept-Encoding": "gzip, deflate",
        "Connection": "keep-alive",
        "User-Agent": "azsdk-python-azure-mgmt-compute/29.2.0 Python/3.8.16 (Linux-5.15.0-1031-azure-x86_64-with-glibc2.2.5) VSTS_0fb41ef4-5012-48a9-bf39-4ee3de03ee35_build_2500_0"
      },
      "RequestBody": null,
      "StatusCode": 200,
      "ResponseHeaders": {
        "Cache-Control": "no-cache",
        "Content-Encoding": "gzip",
        "Content-Type": "application/json; charset=utf-8",
        "Date": "Thu, 16 Feb 2023 06:43:13 GMT",
        "Expires": "-1",
        "Pragma": "no-cache",
        "Server": [
          "Microsoft-HTTPAPI/2.0",
          "Microsoft-HTTPAPI/2.0"
        ],
        "Strict-Transport-Security": "max-age=31536000; includeSubDomains",
        "Transfer-Encoding": "chunked",
        "Vary": "Accept-Encoding",
        "X-Content-Type-Options": "nosniff",
        "x-ms-correlation-request-id": "936f5241-6294-462f-bead-c7e17c540c86",
        "x-ms-ratelimit-remaining-resource": "Microsoft.Compute/GetOperation3Min;14996,Microsoft.Compute/GetOperation30Min;29906",
        "x-ms-ratelimit-remaining-subscription-reads": "11944",
        "x-ms-routing-request-id": "WESTUS:20230216T064314Z:936f5241-6294-462f-bead-c7e17c540c86"
      },
      "ResponseBody": {
        "startTime": "2023-02-16T06:43:14.4487638\u002B00:00",
        "status": "InProgress",
        "name": "55009890-8541-4392-b5fa-5597c187fe1a"
      }
    },
    {
      "RequestUri": "https://management.azure.com/subscriptions/00000000-0000-0000-0000-000000000000/providers/Microsoft.Compute/locations/eastus/operations/55009890-8541-4392-b5fa-5597c187fe1a?p=c9e32605-d294-4c79-ab2e-5091dea588f3\u0026api-version=2022-11-01",
      "RequestMethod": "GET",
      "RequestHeaders": {
        "Accept": "*/*",
        "Accept-Encoding": "gzip, deflate",
        "Connection": "keep-alive",
        "User-Agent": "azsdk-python-azure-mgmt-compute/29.2.0 Python/3.8.16 (Linux-5.15.0-1031-azure-x86_64-with-glibc2.2.5) VSTS_0fb41ef4-5012-48a9-bf39-4ee3de03ee35_build_2500_0"
      },
      "RequestBody": null,
      "StatusCode": 200,
      "ResponseHeaders": {
        "Cache-Control": "no-cache",
        "Content-Encoding": "gzip",
        "Content-Type": "application/json; charset=utf-8",
        "Date": "Thu, 16 Feb 2023 06:43:44 GMT",
        "Expires": "-1",
        "Pragma": "no-cache",
        "Server": [
          "Microsoft-HTTPAPI/2.0",
          "Microsoft-HTTPAPI/2.0"
        ],
        "Strict-Transport-Security": "max-age=31536000; includeSubDomains",
        "Transfer-Encoding": "chunked",
        "Vary": "Accept-Encoding",
        "X-Content-Type-Options": "nosniff",
        "x-ms-correlation-request-id": "7570710d-c537-4848-93bb-8503adc9e74b",
        "x-ms-ratelimit-remaining-resource": "Microsoft.Compute/GetOperation3Min;14995,Microsoft.Compute/GetOperation30Min;29904",
        "x-ms-ratelimit-remaining-subscription-reads": "11943",
        "x-ms-routing-request-id": "WESTUS:20230216T064344Z:7570710d-c537-4848-93bb-8503adc9e74b"
      },
      "ResponseBody": {
        "startTime": "2023-02-16T06:43:14.4487638\u002B00:00",
        "status": "InProgress",
        "name": "55009890-8541-4392-b5fa-5597c187fe1a"
      }
    },
    {
      "RequestUri": "https://management.azure.com/subscriptions/00000000-0000-0000-0000-000000000000/providers/Microsoft.Compute/locations/eastus/operations/55009890-8541-4392-b5fa-5597c187fe1a?p=c9e32605-d294-4c79-ab2e-5091dea588f3\u0026api-version=2022-11-01",
      "RequestMethod": "GET",
      "RequestHeaders": {
        "Accept": "*/*",
        "Accept-Encoding": "gzip, deflate",
        "Connection": "keep-alive",
        "User-Agent": "azsdk-python-azure-mgmt-compute/29.2.0 Python/3.8.16 (Linux-5.15.0-1031-azure-x86_64-with-glibc2.2.5) VSTS_0fb41ef4-5012-48a9-bf39-4ee3de03ee35_build_2500_0"
      },
      "RequestBody": null,
      "StatusCode": 200,
      "ResponseHeaders": {
        "Cache-Control": "no-cache",
        "Content-Encoding": "gzip",
        "Content-Type": "application/json; charset=utf-8",
        "Date": "Thu, 16 Feb 2023 06:44:14 GMT",
        "Expires": "-1",
        "Pragma": "no-cache",
        "Server": [
          "Microsoft-HTTPAPI/2.0",
          "Microsoft-HTTPAPI/2.0"
        ],
        "Strict-Transport-Security": "max-age=31536000; includeSubDomains",
        "Transfer-Encoding": "chunked",
        "Vary": "Accept-Encoding",
        "X-Content-Type-Options": "nosniff",
        "x-ms-correlation-request-id": "9b3337a6-f25d-4cd9-b850-5219259f2b91",
        "x-ms-ratelimit-remaining-resource": "Microsoft.Compute/GetOperation3Min;14995,Microsoft.Compute/GetOperation30Min;29903",
        "x-ms-ratelimit-remaining-subscription-reads": "11942",
        "x-ms-routing-request-id": "WESTUS:20230216T064414Z:9b3337a6-f25d-4cd9-b850-5219259f2b91"
      },
      "ResponseBody": {
        "startTime": "2023-02-16T06:43:14.4487638\u002B00:00",
        "status": "InProgress",
        "name": "55009890-8541-4392-b5fa-5597c187fe1a"
      }
    },
    {
      "RequestUri": "https://management.azure.com/subscriptions/00000000-0000-0000-0000-000000000000/providers/Microsoft.Compute/locations/eastus/operations/55009890-8541-4392-b5fa-5597c187fe1a?p=c9e32605-d294-4c79-ab2e-5091dea588f3\u0026api-version=2022-11-01",
      "RequestMethod": "GET",
      "RequestHeaders": {
        "Accept": "*/*",
        "Accept-Encoding": "gzip, deflate",
        "Connection": "keep-alive",
        "User-Agent": "azsdk-python-azure-mgmt-compute/29.2.0 Python/3.8.16 (Linux-5.15.0-1031-azure-x86_64-with-glibc2.2.5) VSTS_0fb41ef4-5012-48a9-bf39-4ee3de03ee35_build_2500_0"
      },
      "RequestBody": null,
      "StatusCode": 200,
      "ResponseHeaders": {
        "Cache-Control": "no-cache",
        "Content-Encoding": "gzip",
        "Content-Type": "application/json; charset=utf-8",
        "Date": "Thu, 16 Feb 2023 06:44:44 GMT",
        "Expires": "-1",
        "Pragma": "no-cache",
        "Server": [
          "Microsoft-HTTPAPI/2.0",
          "Microsoft-HTTPAPI/2.0"
        ],
        "Strict-Transport-Security": "max-age=31536000; includeSubDomains",
        "Transfer-Encoding": "chunked",
        "Vary": "Accept-Encoding",
        "X-Content-Type-Options": "nosniff",
        "x-ms-correlation-request-id": "1fde08f3-92ac-4f85-9486-9f09954d60b8",
        "x-ms-ratelimit-remaining-resource": "Microsoft.Compute/GetOperation3Min;14994,Microsoft.Compute/GetOperation30Min;29902",
        "x-ms-ratelimit-remaining-subscription-reads": "11941",
        "x-ms-routing-request-id": "WESTUS:20230216T064444Z:1fde08f3-92ac-4f85-9486-9f09954d60b8"
      },
      "ResponseBody": {
        "startTime": "2023-02-16T06:43:14.4487638\u002B00:00",
        "status": "InProgress",
        "name": "55009890-8541-4392-b5fa-5597c187fe1a"
      }
    },
    {
      "RequestUri": "https://management.azure.com/subscriptions/00000000-0000-0000-0000-000000000000/providers/Microsoft.Compute/locations/eastus/operations/55009890-8541-4392-b5fa-5597c187fe1a?p=c9e32605-d294-4c79-ab2e-5091dea588f3\u0026api-version=2022-11-01",
      "RequestMethod": "GET",
      "RequestHeaders": {
        "Accept": "*/*",
        "Accept-Encoding": "gzip, deflate",
        "Connection": "keep-alive",
        "User-Agent": "azsdk-python-azure-mgmt-compute/29.2.0 Python/3.8.16 (Linux-5.15.0-1031-azure-x86_64-with-glibc2.2.5) VSTS_0fb41ef4-5012-48a9-bf39-4ee3de03ee35_build_2500_0"
      },
      "RequestBody": null,
      "StatusCode": 200,
      "ResponseHeaders": {
        "Cache-Control": "no-cache",
        "Content-Encoding": "gzip",
        "Content-Type": "application/json; charset=utf-8",
        "Date": "Thu, 16 Feb 2023 06:45:14 GMT",
        "Expires": "-1",
        "Pragma": "no-cache",
        "Server": [
          "Microsoft-HTTPAPI/2.0",
          "Microsoft-HTTPAPI/2.0"
        ],
        "Strict-Transport-Security": "max-age=31536000; includeSubDomains",
        "Transfer-Encoding": "chunked",
        "Vary": "Accept-Encoding",
        "X-Content-Type-Options": "nosniff",
        "x-ms-correlation-request-id": "326689b8-a372-48aa-985e-f47785d0932b",
        "x-ms-ratelimit-remaining-resource": "Microsoft.Compute/GetOperation3Min;14993,Microsoft.Compute/GetOperation30Min;29915",
        "x-ms-ratelimit-remaining-subscription-reads": "11940",
        "x-ms-routing-request-id": "WESTUS:20230216T064515Z:326689b8-a372-48aa-985e-f47785d0932b"
      },
      "ResponseBody": {
        "startTime": "2023-02-16T06:43:14.4487638\u002B00:00",
        "status": "InProgress",
        "name": "55009890-8541-4392-b5fa-5597c187fe1a"
      }
    },
    {
      "RequestUri": "https://management.azure.com/subscriptions/00000000-0000-0000-0000-000000000000/providers/Microsoft.Compute/locations/eastus/operations/55009890-8541-4392-b5fa-5597c187fe1a?p=c9e32605-d294-4c79-ab2e-5091dea588f3\u0026api-version=2022-11-01",
      "RequestMethod": "GET",
      "RequestHeaders": {
        "Accept": "*/*",
        "Accept-Encoding": "gzip, deflate",
        "Connection": "keep-alive",
        "User-Agent": "azsdk-python-azure-mgmt-compute/29.2.0 Python/3.8.16 (Linux-5.15.0-1031-azure-x86_64-with-glibc2.2.5) VSTS_0fb41ef4-5012-48a9-bf39-4ee3de03ee35_build_2500_0"
      },
      "RequestBody": null,
      "StatusCode": 200,
      "ResponseHeaders": {
        "Cache-Control": "no-cache",
        "Content-Encoding": "gzip",
        "Content-Type": "application/json; charset=utf-8",
        "Date": "Thu, 16 Feb 2023 06:45:45 GMT",
        "Expires": "-1",
        "Pragma": "no-cache",
        "Server": [
          "Microsoft-HTTPAPI/2.0",
          "Microsoft-HTTPAPI/2.0"
        ],
        "Strict-Transport-Security": "max-age=31536000; includeSubDomains",
        "Transfer-Encoding": "chunked",
        "Vary": "Accept-Encoding",
        "X-Content-Type-Options": "nosniff",
        "x-ms-correlation-request-id": "ce7f58d1-a39c-4856-a6d7-65c2e1c527e9",
        "x-ms-ratelimit-remaining-resource": "Microsoft.Compute/GetOperation3Min;14992,Microsoft.Compute/GetOperation30Min;29913",
        "x-ms-ratelimit-remaining-subscription-reads": "11939",
        "x-ms-routing-request-id": "WESTUS:20230216T064545Z:ce7f58d1-a39c-4856-a6d7-65c2e1c527e9"
      },
      "ResponseBody": {
        "startTime": "2023-02-16T06:43:14.4487638\u002B00:00",
        "endTime": "2023-02-16T06:45:22.2325728\u002B00:00",
        "status": "Succeeded",
        "name": "55009890-8541-4392-b5fa-5597c187fe1a"
      }
    },
    {
      "RequestUri": "https://management.azure.com/subscriptions/00000000-0000-0000-0000-000000000000/providers/Microsoft.Compute/locations/eastus/operations/55009890-8541-4392-b5fa-5597c187fe1a?p=c9e32605-d294-4c79-ab2e-5091dea588f3\u0026monitor=true\u0026api-version=2022-11-01",
      "RequestMethod": "GET",
      "RequestHeaders": {
        "Accept": "*/*",
        "Accept-Encoding": "gzip, deflate",
        "Connection": "keep-alive",
        "User-Agent": "azsdk-python-azure-mgmt-compute/29.2.0 Python/3.8.16 (Linux-5.15.0-1031-azure-x86_64-with-glibc2.2.5) VSTS_0fb41ef4-5012-48a9-bf39-4ee3de03ee35_build_2500_0"
      },
      "RequestBody": null,
      "StatusCode": 200,
      "ResponseHeaders": {
        "Cache-Control": "no-cache",
        "Content-Length": "0",
        "Date": "Thu, 16 Feb 2023 06:45:45 GMT",
        "Expires": "-1",
        "Pragma": "no-cache",
        "Server": [
          "Microsoft-HTTPAPI/2.0",
          "Microsoft-HTTPAPI/2.0"
        ],
        "Strict-Transport-Security": "max-age=31536000; includeSubDomains",
        "X-Content-Type-Options": "nosniff",
        "x-ms-correlation-request-id": "ec41562a-d190-41ee-932d-34dcbb580eaf",
        "x-ms-ratelimit-remaining-resource": "Microsoft.Compute/GetOperation3Min;14991,Microsoft.Compute/GetOperation30Min;29912",
        "x-ms-ratelimit-remaining-subscription-reads": "11938",
        "x-ms-routing-request-id": "WESTUS:20230216T064545Z:ec41562a-d190-41ee-932d-34dcbb580eaf"
      },
      "ResponseBody": null
    },
    {
      "RequestUri": "https://management.azure.com/subscriptions/00000000-0000-0000-0000-000000000000/resourceGroups/rgname/providers/Microsoft.Compute/virtualMachineScaleSets/virtualmachinescaleset6c0d2aef/virtualMachines/1/reimage?api-version=2022-11-01",
      "RequestMethod": "POST",
      "RequestHeaders": {
        "Accept": "application/json",
        "Accept-Encoding": "gzip, deflate",
        "Connection": "keep-alive",
        "Content-Length": "0",
        "Content-Type": "application/json",
        "User-Agent": "azsdk-python-azure-mgmt-compute/29.2.0 Python/3.8.16 (Linux-5.15.0-1031-azure-x86_64-with-glibc2.2.5) VSTS_0fb41ef4-5012-48a9-bf39-4ee3de03ee35_build_2500_0"
      },
      "RequestBody": null,
      "StatusCode": 202,
      "ResponseHeaders": {
        "Azure-AsyncNotification": "Enabled",
        "Azure-AsyncOperation": "https://management.azure.com/subscriptions/00000000-0000-0000-0000-000000000000/providers/Microsoft.Compute/locations/eastus/operations/1904d99f-105f-47c7-a255-efc3ba22e845?p=c9e32605-d294-4c79-ab2e-5091dea588f3\u0026api-version=2022-11-01",
        "Cache-Control": "no-cache",
        "Content-Length": "0",
        "Date": "Thu, 16 Feb 2023 06:45:45 GMT",
        "Expires": "-1",
        "Location": "https://management.azure.com/subscriptions/00000000-0000-0000-0000-000000000000/providers/Microsoft.Compute/locations/eastus/operations/1904d99f-105f-47c7-a255-efc3ba22e845?p=c9e32605-d294-4c79-ab2e-5091dea588f3\u0026monitor=true\u0026api-version=2022-11-01",
        "Pragma": "no-cache",
        "Server": [
          "Microsoft-HTTPAPI/2.0",
          "Microsoft-HTTPAPI/2.0"
        ],
        "Strict-Transport-Security": "max-age=31536000; includeSubDomains",
        "X-Content-Type-Options": "nosniff",
        "x-ms-correlation-request-id": "eac9f4c4-8fde-4aab-9ebe-8b845f7bb41d",
        "x-ms-ratelimit-remaining-resource": "Microsoft.Compute/VMScaleSetActions3Min;238,Microsoft.Compute/VMScaleSetActions30Min;1192,Microsoft.Compute/VMScaleSetVMActions3Min;199,Microsoft.Compute/VMScaleSetVMActions30Min;997,Microsoft.Compute/VMScaleSetBatchedVMRequests5Min;1198,Microsoft.Compute/VmssQueuedVMOperations;0",
        "x-ms-ratelimit-remaining-subscription-writes": "1191",
        "x-ms-request-charge": "1",
        "x-ms-routing-request-id": "WESTUS:20230216T064545Z:eac9f4c4-8fde-4aab-9ebe-8b845f7bb41d"
      },
      "ResponseBody": null
    },
    {
      "RequestUri": "https://management.azure.com/subscriptions/00000000-0000-0000-0000-000000000000/providers/Microsoft.Compute/locations/eastus/operations/1904d99f-105f-47c7-a255-efc3ba22e845?p=c9e32605-d294-4c79-ab2e-5091dea588f3\u0026api-version=2022-11-01",
      "RequestMethod": "GET",
      "RequestHeaders": {
        "Accept": "*/*",
        "Accept-Encoding": "gzip, deflate",
        "Connection": "keep-alive",
        "User-Agent": "azsdk-python-azure-mgmt-compute/29.2.0 Python/3.8.16 (Linux-5.15.0-1031-azure-x86_64-with-glibc2.2.5) VSTS_0fb41ef4-5012-48a9-bf39-4ee3de03ee35_build_2500_0"
      },
      "RequestBody": null,
      "StatusCode": 200,
      "ResponseHeaders": {
        "Cache-Control": "no-cache",
        "Content-Encoding": "gzip",
        "Content-Type": "application/json; charset=utf-8",
        "Date": "Thu, 16 Feb 2023 06:45:45 GMT",
        "Expires": "-1",
        "Pragma": "no-cache",
        "Server": [
          "Microsoft-HTTPAPI/2.0",
          "Microsoft-HTTPAPI/2.0"
        ],
        "Strict-Transport-Security": "max-age=31536000; includeSubDomains",
        "Transfer-Encoding": "chunked",
        "Vary": "Accept-Encoding",
        "X-Content-Type-Options": "nosniff",
        "x-ms-correlation-request-id": "23974937-42d0-451b-afcd-c0507b0514cc",
        "x-ms-ratelimit-remaining-resource": "Microsoft.Compute/GetOperation3Min;14990,Microsoft.Compute/GetOperation30Min;29911",
        "x-ms-ratelimit-remaining-subscription-reads": "11937",
        "x-ms-routing-request-id": "WESTUS:20230216T064545Z:23974937-42d0-451b-afcd-c0507b0514cc"
      },
      "ResponseBody": {
        "startTime": "2023-02-16T06:45:45.5454647\u002B00:00",
        "status": "InProgress",
        "name": "1904d99f-105f-47c7-a255-efc3ba22e845"
      }
    },
    {
      "RequestUri": "https://management.azure.com/subscriptions/00000000-0000-0000-0000-000000000000/providers/Microsoft.Compute/locations/eastus/operations/1904d99f-105f-47c7-a255-efc3ba22e845?p=c9e32605-d294-4c79-ab2e-5091dea588f3\u0026api-version=2022-11-01",
      "RequestMethod": "GET",
      "RequestHeaders": {
        "Accept": "*/*",
        "Accept-Encoding": "gzip, deflate",
        "Connection": "keep-alive",
        "User-Agent": "azsdk-python-azure-mgmt-compute/29.2.0 Python/3.8.16 (Linux-5.15.0-1031-azure-x86_64-with-glibc2.2.5) VSTS_0fb41ef4-5012-48a9-bf39-4ee3de03ee35_build_2500_0"
      },
      "RequestBody": null,
      "StatusCode": 200,
      "ResponseHeaders": {
        "Cache-Control": "no-cache",
        "Content-Encoding": "gzip",
        "Content-Type": "application/json; charset=utf-8",
        "Date": "Thu, 16 Feb 2023 06:46:15 GMT",
        "Expires": "-1",
        "Pragma": "no-cache",
        "Server": [
          "Microsoft-HTTPAPI/2.0",
          "Microsoft-HTTPAPI/2.0"
        ],
        "Strict-Transport-Security": "max-age=31536000; includeSubDomains",
        "Transfer-Encoding": "chunked",
        "Vary": "Accept-Encoding",
        "X-Content-Type-Options": "nosniff",
        "x-ms-correlation-request-id": "6557d5c5-643f-4013-a6cf-aeb18499c141",
        "x-ms-ratelimit-remaining-resource": "Microsoft.Compute/GetOperation3Min;14990,Microsoft.Compute/GetOperation30Min;29909",
        "x-ms-ratelimit-remaining-subscription-reads": "11936",
        "x-ms-routing-request-id": "WESTUS:20230216T064615Z:6557d5c5-643f-4013-a6cf-aeb18499c141"
      },
      "ResponseBody": {
        "startTime": "2023-02-16T06:45:45.5454647\u002B00:00",
        "status": "InProgress",
        "name": "1904d99f-105f-47c7-a255-efc3ba22e845"
      }
    },
    {
      "RequestUri": "https://management.azure.com/subscriptions/00000000-0000-0000-0000-000000000000/providers/Microsoft.Compute/locations/eastus/operations/1904d99f-105f-47c7-a255-efc3ba22e845?p=c9e32605-d294-4c79-ab2e-5091dea588f3\u0026api-version=2022-11-01",
      "RequestMethod": "GET",
      "RequestHeaders": {
        "Accept": "*/*",
        "Accept-Encoding": "gzip, deflate",
        "Connection": "keep-alive",
        "User-Agent": "azsdk-python-azure-mgmt-compute/29.2.0 Python/3.8.16 (Linux-5.15.0-1031-azure-x86_64-with-glibc2.2.5) VSTS_0fb41ef4-5012-48a9-bf39-4ee3de03ee35_build_2500_0"
      },
      "RequestBody": null,
      "StatusCode": 200,
      "ResponseHeaders": {
        "Cache-Control": "no-cache",
        "Content-Encoding": "gzip",
        "Content-Type": "application/json; charset=utf-8",
        "Date": "Thu, 16 Feb 2023 06:46:45 GMT",
        "Expires": "-1",
        "Pragma": "no-cache",
        "Server": [
          "Microsoft-HTTPAPI/2.0",
          "Microsoft-HTTPAPI/2.0"
        ],
        "Strict-Transport-Security": "max-age=31536000; includeSubDomains",
        "Transfer-Encoding": "chunked",
        "Vary": "Accept-Encoding",
        "X-Content-Type-Options": "nosniff",
        "x-ms-correlation-request-id": "a596839f-c718-493d-a48b-e284f4200c80",
        "x-ms-ratelimit-remaining-resource": "Microsoft.Compute/GetOperation3Min;14990,Microsoft.Compute/GetOperation30Min;29908",
        "x-ms-ratelimit-remaining-subscription-reads": "11935",
        "x-ms-routing-request-id": "WESTUS:20230216T064645Z:a596839f-c718-493d-a48b-e284f4200c80"
      },
      "ResponseBody": {
        "startTime": "2023-02-16T06:45:45.5454647\u002B00:00",
        "status": "InProgress",
        "name": "1904d99f-105f-47c7-a255-efc3ba22e845"
      }
    },
    {
      "RequestUri": "https://management.azure.com/subscriptions/00000000-0000-0000-0000-000000000000/providers/Microsoft.Compute/locations/eastus/operations/1904d99f-105f-47c7-a255-efc3ba22e845?p=c9e32605-d294-4c79-ab2e-5091dea588f3\u0026api-version=2022-11-01",
      "RequestMethod": "GET",
      "RequestHeaders": {
        "Accept": "*/*",
        "Accept-Encoding": "gzip, deflate",
        "Connection": "keep-alive",
        "User-Agent": "azsdk-python-azure-mgmt-compute/29.2.0 Python/3.8.16 (Linux-5.15.0-1031-azure-x86_64-with-glibc2.2.5) VSTS_0fb41ef4-5012-48a9-bf39-4ee3de03ee35_build_2500_0"
      },
      "RequestBody": null,
      "StatusCode": 200,
      "ResponseHeaders": {
        "Cache-Control": "no-cache",
        "Content-Encoding": "gzip",
        "Content-Type": "application/json; charset=utf-8",
        "Date": "Thu, 16 Feb 2023 06:47:15 GMT",
        "Expires": "-1",
        "Pragma": "no-cache",
        "Server": [
          "Microsoft-HTTPAPI/2.0",
          "Microsoft-HTTPAPI/2.0"
        ],
        "Strict-Transport-Security": "max-age=31536000; includeSubDomains",
        "Transfer-Encoding": "chunked",
        "Vary": "Accept-Encoding",
        "X-Content-Type-Options": "nosniff",
        "x-ms-correlation-request-id": "f6b5f610-de46-4612-a02f-072881c6b5f2",
        "x-ms-ratelimit-remaining-resource": "Microsoft.Compute/GetOperation3Min;14990,Microsoft.Compute/GetOperation30Min;29907",
        "x-ms-ratelimit-remaining-subscription-reads": "11934",
        "x-ms-routing-request-id": "WESTUS:20230216T064716Z:f6b5f610-de46-4612-a02f-072881c6b5f2"
      },
      "ResponseBody": {
        "startTime": "2023-02-16T06:45:45.5454647\u002B00:00",
        "status": "InProgress",
        "name": "1904d99f-105f-47c7-a255-efc3ba22e845"
      }
    },
    {
      "RequestUri": "https://management.azure.com/subscriptions/00000000-0000-0000-0000-000000000000/providers/Microsoft.Compute/locations/eastus/operations/1904d99f-105f-47c7-a255-efc3ba22e845?p=c9e32605-d294-4c79-ab2e-5091dea588f3\u0026api-version=2022-11-01",
      "RequestMethod": "GET",
      "RequestHeaders": {
        "Accept": "*/*",
        "Accept-Encoding": "gzip, deflate",
        "Connection": "keep-alive",
        "User-Agent": "azsdk-python-azure-mgmt-compute/29.2.0 Python/3.8.16 (Linux-5.15.0-1031-azure-x86_64-with-glibc2.2.5) VSTS_0fb41ef4-5012-48a9-bf39-4ee3de03ee35_build_2500_0"
      },
      "RequestBody": null,
      "StatusCode": 200,
      "ResponseHeaders": {
        "Cache-Control": "no-cache",
        "Content-Encoding": "gzip",
        "Content-Type": "application/json; charset=utf-8",
        "Date": "Thu, 16 Feb 2023 06:47:45 GMT",
        "Expires": "-1",
        "Pragma": "no-cache",
        "Server": [
          "Microsoft-HTTPAPI/2.0",
          "Microsoft-HTTPAPI/2.0"
        ],
        "Strict-Transport-Security": "max-age=31536000; includeSubDomains",
        "Transfer-Encoding": "chunked",
        "Vary": "Accept-Encoding",
        "X-Content-Type-Options": "nosniff",
        "x-ms-correlation-request-id": "4dbd7e73-482c-469f-8acc-65081775efe4",
        "x-ms-ratelimit-remaining-resource": "Microsoft.Compute/GetOperation3Min;14990,Microsoft.Compute/GetOperation30Min;29906",
        "x-ms-ratelimit-remaining-subscription-reads": "11933",
        "x-ms-routing-request-id": "WESTUS:20230216T064746Z:4dbd7e73-482c-469f-8acc-65081775efe4"
      },
      "ResponseBody": {
        "startTime": "2023-02-16T06:45:45.5454647\u002B00:00",
        "status": "InProgress",
        "name": "1904d99f-105f-47c7-a255-efc3ba22e845"
      }
    },
    {
      "RequestUri": "https://management.azure.com/subscriptions/00000000-0000-0000-0000-000000000000/providers/Microsoft.Compute/locations/eastus/operations/1904d99f-105f-47c7-a255-efc3ba22e845?p=c9e32605-d294-4c79-ab2e-5091dea588f3\u0026api-version=2022-11-01",
      "RequestMethod": "GET",
      "RequestHeaders": {
        "Accept": "*/*",
        "Accept-Encoding": "gzip, deflate",
        "Connection": "keep-alive",
        "User-Agent": "azsdk-python-azure-mgmt-compute/29.2.0 Python/3.8.16 (Linux-5.15.0-1031-azure-x86_64-with-glibc2.2.5) VSTS_0fb41ef4-5012-48a9-bf39-4ee3de03ee35_build_2500_0"
      },
      "RequestBody": null,
      "StatusCode": 200,
      "ResponseHeaders": {
        "Cache-Control": "no-cache",
        "Content-Encoding": "gzip",
        "Content-Type": "application/json; charset=utf-8",
        "Date": "Thu, 16 Feb 2023 06:48:15 GMT",
        "Expires": "-1",
        "Pragma": "no-cache",
        "Server": [
          "Microsoft-HTTPAPI/2.0",
          "Microsoft-HTTPAPI/2.0"
        ],
        "Strict-Transport-Security": "max-age=31536000; includeSubDomains",
        "Transfer-Encoding": "chunked",
        "Vary": "Accept-Encoding",
        "X-Content-Type-Options": "nosniff",
        "x-ms-correlation-request-id": "4a50f0c2-a79c-43ac-b48b-356c29f5878b",
        "x-ms-ratelimit-remaining-resource": "Microsoft.Compute/GetOperation3Min;14990,Microsoft.Compute/GetOperation30Min;29904",
        "x-ms-ratelimit-remaining-subscription-reads": "11932",
        "x-ms-routing-request-id": "WESTUS:20230216T064816Z:4a50f0c2-a79c-43ac-b48b-356c29f5878b"
      },
      "ResponseBody": {
        "startTime": "2023-02-16T06:45:45.5454647\u002B00:00",
        "status": "InProgress",
        "name": "1904d99f-105f-47c7-a255-efc3ba22e845"
      }
    },
    {
      "RequestUri": "https://management.azure.com/subscriptions/00000000-0000-0000-0000-000000000000/providers/Microsoft.Compute/locations/eastus/operations/1904d99f-105f-47c7-a255-efc3ba22e845?p=c9e32605-d294-4c79-ab2e-5091dea588f3\u0026api-version=2022-11-01",
      "RequestMethod": "GET",
      "RequestHeaders": {
        "Accept": "*/*",
        "Accept-Encoding": "gzip, deflate",
        "Connection": "keep-alive",
        "User-Agent": "azsdk-python-azure-mgmt-compute/29.2.0 Python/3.8.16 (Linux-5.15.0-1031-azure-x86_64-with-glibc2.2.5) VSTS_0fb41ef4-5012-48a9-bf39-4ee3de03ee35_build_2500_0"
      },
      "RequestBody": null,
      "StatusCode": 200,
      "ResponseHeaders": {
        "Cache-Control": "no-cache",
        "Content-Encoding": "gzip",
        "Content-Type": "application/json; charset=utf-8",
        "Date": "Thu, 16 Feb 2023 06:48:46 GMT",
        "Expires": "-1",
        "Pragma": "no-cache",
        "Server": [
          "Microsoft-HTTPAPI/2.0",
          "Microsoft-HTTPAPI/2.0"
        ],
        "Strict-Transport-Security": "max-age=31536000; includeSubDomains",
        "Transfer-Encoding": "chunked",
        "Vary": "Accept-Encoding",
        "X-Content-Type-Options": "nosniff",
        "x-ms-correlation-request-id": "d6fa8954-aa7c-44db-a8db-e061d656e77e",
        "x-ms-ratelimit-remaining-resource": "Microsoft.Compute/GetOperation3Min;14992,Microsoft.Compute/GetOperation30Min;29903",
        "x-ms-ratelimit-remaining-subscription-reads": "11931",
        "x-ms-routing-request-id": "WESTUS:20230216T064846Z:d6fa8954-aa7c-44db-a8db-e061d656e77e"
      },
      "ResponseBody": {
        "startTime": "2023-02-16T06:45:45.5454647\u002B00:00",
        "status": "InProgress",
        "name": "1904d99f-105f-47c7-a255-efc3ba22e845"
      }
    },
    {
      "RequestUri": "https://management.azure.com/subscriptions/00000000-0000-0000-0000-000000000000/providers/Microsoft.Compute/locations/eastus/operations/1904d99f-105f-47c7-a255-efc3ba22e845?p=c9e32605-d294-4c79-ab2e-5091dea588f3\u0026api-version=2022-11-01",
      "RequestMethod": "GET",
      "RequestHeaders": {
        "Accept": "*/*",
        "Accept-Encoding": "gzip, deflate",
        "Connection": "keep-alive",
        "User-Agent": "azsdk-python-azure-mgmt-compute/29.2.0 Python/3.8.16 (Linux-5.15.0-1031-azure-x86_64-with-glibc2.2.5) VSTS_0fb41ef4-5012-48a9-bf39-4ee3de03ee35_build_2500_0"
      },
      "RequestBody": null,
      "StatusCode": 200,
      "ResponseHeaders": {
        "Cache-Control": "no-cache",
        "Content-Encoding": "gzip",
        "Content-Type": "application/json; charset=utf-8",
        "Date": "Thu, 16 Feb 2023 06:49:16 GMT",
        "Expires": "-1",
        "Pragma": "no-cache",
        "Server": [
          "Microsoft-HTTPAPI/2.0",
          "Microsoft-HTTPAPI/2.0"
        ],
        "Strict-Transport-Security": "max-age=31536000; includeSubDomains",
        "Transfer-Encoding": "chunked",
        "Vary": "Accept-Encoding",
        "X-Content-Type-Options": "nosniff",
        "x-ms-correlation-request-id": "4f83ef26-dc46-4bee-9423-8e2102f82d4b",
        "x-ms-ratelimit-remaining-resource": "Microsoft.Compute/GetOperation3Min;14993,Microsoft.Compute/GetOperation30Min;29902",
        "x-ms-ratelimit-remaining-subscription-reads": "11930",
        "x-ms-routing-request-id": "WESTUS:20230216T064916Z:4f83ef26-dc46-4bee-9423-8e2102f82d4b"
      },
      "ResponseBody": {
        "startTime": "2023-02-16T06:45:45.5454647\u002B00:00",
        "status": "InProgress",
        "name": "1904d99f-105f-47c7-a255-efc3ba22e845"
      }
    },
    {
      "RequestUri": "https://management.azure.com/subscriptions/00000000-0000-0000-0000-000000000000/providers/Microsoft.Compute/locations/eastus/operations/1904d99f-105f-47c7-a255-efc3ba22e845?p=c9e32605-d294-4c79-ab2e-5091dea588f3\u0026api-version=2022-11-01",
      "RequestMethod": "GET",
      "RequestHeaders": {
        "Accept": "*/*",
        "Accept-Encoding": "gzip, deflate",
        "Connection": "keep-alive",
        "User-Agent": "azsdk-python-azure-mgmt-compute/29.2.0 Python/3.8.16 (Linux-5.15.0-1031-azure-x86_64-with-glibc2.2.5) VSTS_0fb41ef4-5012-48a9-bf39-4ee3de03ee35_build_2500_0"
      },
      "RequestBody": null,
      "StatusCode": 200,
      "ResponseHeaders": {
        "Cache-Control": "no-cache",
        "Content-Encoding": "gzip",
        "Content-Type": "application/json; charset=utf-8",
        "Date": "Thu, 16 Feb 2023 06:49:46 GMT",
        "Expires": "-1",
        "Pragma": "no-cache",
        "Server": [
          "Microsoft-HTTPAPI/2.0",
          "Microsoft-HTTPAPI/2.0"
        ],
        "Strict-Transport-Security": "max-age=31536000; includeSubDomains",
        "Transfer-Encoding": "chunked",
        "Vary": "Accept-Encoding",
        "X-Content-Type-Options": "nosniff",
        "x-ms-correlation-request-id": "5d6aaa99-70c4-4bd4-90aa-1ff51788897e",
        "x-ms-ratelimit-remaining-resource": "Microsoft.Compute/GetOperation3Min;14993,Microsoft.Compute/GetOperation30Min;29901",
        "x-ms-ratelimit-remaining-subscription-reads": "11929",
        "x-ms-routing-request-id": "WESTUS:20230216T064946Z:5d6aaa99-70c4-4bd4-90aa-1ff51788897e"
      },
      "ResponseBody": {
        "startTime": "2023-02-16T06:45:45.5454647\u002B00:00",
        "status": "InProgress",
        "name": "1904d99f-105f-47c7-a255-efc3ba22e845"
      }
    },
    {
      "RequestUri": "https://management.azure.com/subscriptions/00000000-0000-0000-0000-000000000000/providers/Microsoft.Compute/locations/eastus/operations/1904d99f-105f-47c7-a255-efc3ba22e845?p=c9e32605-d294-4c79-ab2e-5091dea588f3\u0026api-version=2022-11-01",
      "RequestMethod": "GET",
      "RequestHeaders": {
        "Accept": "*/*",
        "Accept-Encoding": "gzip, deflate",
        "Connection": "keep-alive",
        "User-Agent": "azsdk-python-azure-mgmt-compute/29.2.0 Python/3.8.16 (Linux-5.15.0-1031-azure-x86_64-with-glibc2.2.5) VSTS_0fb41ef4-5012-48a9-bf39-4ee3de03ee35_build_2500_0"
      },
      "RequestBody": null,
      "StatusCode": 200,
      "ResponseHeaders": {
        "Cache-Control": "no-cache",
        "Content-Encoding": "gzip",
        "Content-Type": "application/json; charset=utf-8",
        "Date": "Thu, 16 Feb 2023 06:50:16 GMT",
        "Expires": "-1",
        "Pragma": "no-cache",
        "Server": [
          "Microsoft-HTTPAPI/2.0",
          "Microsoft-HTTPAPI/2.0"
        ],
        "Strict-Transport-Security": "max-age=31536000; includeSubDomains",
        "Transfer-Encoding": "chunked",
        "Vary": "Accept-Encoding",
        "X-Content-Type-Options": "nosniff",
        "x-ms-correlation-request-id": "ac3b0496-efd4-44f7-9b28-2bbfef2459c2",
        "x-ms-ratelimit-remaining-resource": "Microsoft.Compute/GetOperation3Min;14992,Microsoft.Compute/GetOperation30Min;29911",
        "x-ms-ratelimit-remaining-subscription-reads": "11928",
        "x-ms-routing-request-id": "WESTUS:20230216T065016Z:ac3b0496-efd4-44f7-9b28-2bbfef2459c2"
      },
      "ResponseBody": {
        "startTime": "2023-02-16T06:45:45.5454647\u002B00:00",
        "status": "InProgress",
        "name": "1904d99f-105f-47c7-a255-efc3ba22e845"
      }
    },
    {
      "RequestUri": "https://management.azure.com/subscriptions/00000000-0000-0000-0000-000000000000/providers/Microsoft.Compute/locations/eastus/operations/1904d99f-105f-47c7-a255-efc3ba22e845?p=c9e32605-d294-4c79-ab2e-5091dea588f3\u0026api-version=2022-11-01",
      "RequestMethod": "GET",
      "RequestHeaders": {
        "Accept": "*/*",
        "Accept-Encoding": "gzip, deflate",
        "Connection": "keep-alive",
        "User-Agent": "azsdk-python-azure-mgmt-compute/29.2.0 Python/3.8.16 (Linux-5.15.0-1031-azure-x86_64-with-glibc2.2.5) VSTS_0fb41ef4-5012-48a9-bf39-4ee3de03ee35_build_2500_0"
      },
      "RequestBody": null,
      "StatusCode": 200,
      "ResponseHeaders": {
        "Cache-Control": "no-cache",
        "Content-Encoding": "gzip",
        "Content-Type": "application/json; charset=utf-8",
        "Date": "Thu, 16 Feb 2023 06:50:46 GMT",
        "Expires": "-1",
        "Pragma": "no-cache",
        "Server": [
          "Microsoft-HTTPAPI/2.0",
          "Microsoft-HTTPAPI/2.0"
        ],
        "Strict-Transport-Security": "max-age=31536000; includeSubDomains",
        "Transfer-Encoding": "chunked",
        "Vary": "Accept-Encoding",
        "X-Content-Type-Options": "nosniff",
        "x-ms-correlation-request-id": "2712b648-40da-4a7e-9a33-ddeabbbc2aa7",
        "x-ms-ratelimit-remaining-resource": "Microsoft.Compute/GetOperation3Min;14991,Microsoft.Compute/GetOperation30Min;29909",
        "x-ms-ratelimit-remaining-subscription-reads": "11927",
        "x-ms-routing-request-id": "WESTUS:20230216T065046Z:2712b648-40da-4a7e-9a33-ddeabbbc2aa7"
      },
      "ResponseBody": {
        "startTime": "2023-02-16T06:45:45.5454647\u002B00:00",
        "endTime": "2023-02-16T06:50:39.3509936\u002B00:00",
        "status": "Succeeded",
        "name": "1904d99f-105f-47c7-a255-efc3ba22e845"
      }
    },
    {
      "RequestUri": "https://management.azure.com/subscriptions/00000000-0000-0000-0000-000000000000/providers/Microsoft.Compute/locations/eastus/operations/1904d99f-105f-47c7-a255-efc3ba22e845?p=c9e32605-d294-4c79-ab2e-5091dea588f3\u0026monitor=true\u0026api-version=2022-11-01",
      "RequestMethod": "GET",
      "RequestHeaders": {
        "Accept": "*/*",
        "Accept-Encoding": "gzip, deflate",
        "Connection": "keep-alive",
        "User-Agent": "azsdk-python-azure-mgmt-compute/29.2.0 Python/3.8.16 (Linux-5.15.0-1031-azure-x86_64-with-glibc2.2.5) VSTS_0fb41ef4-5012-48a9-bf39-4ee3de03ee35_build_2500_0"
      },
      "RequestBody": null,
      "StatusCode": 200,
      "ResponseHeaders": {
        "Cache-Control": "no-cache",
        "Content-Length": "0",
        "Date": "Thu, 16 Feb 2023 06:50:46 GMT",
        "Expires": "-1",
        "Pragma": "no-cache",
        "Server": [
          "Microsoft-HTTPAPI/2.0",
          "Microsoft-HTTPAPI/2.0"
        ],
        "Strict-Transport-Security": "max-age=31536000; includeSubDomains",
        "X-Content-Type-Options": "nosniff",
        "x-ms-correlation-request-id": "96f0aaa3-4dd1-4605-aa42-f1166aa65298",
        "x-ms-ratelimit-remaining-resource": "Microsoft.Compute/GetOperation3Min;14990,Microsoft.Compute/GetOperation30Min;29908",
        "x-ms-ratelimit-remaining-subscription-reads": "11926",
        "x-ms-routing-request-id": "WESTUS:20230216T065047Z:96f0aaa3-4dd1-4605-aa42-f1166aa65298"
      },
      "ResponseBody": null
    },
    {
      "RequestUri": "https://management.azure.com/subscriptions/00000000-0000-0000-0000-000000000000/resourceGroups/rgname/providers/Microsoft.Compute/virtualMachineScaleSets/virtualmachinescaleset6c0d2aef/virtualMachines/1/reimageall?api-version=2022-11-01",
      "RequestMethod": "POST",
      "RequestHeaders": {
        "Accept": "application/json",
        "Accept-Encoding": "gzip, deflate",
        "Connection": "keep-alive",
        "Content-Length": "0",
        "User-Agent": "azsdk-python-azure-mgmt-compute/29.2.0 Python/3.8.16 (Linux-5.15.0-1031-azure-x86_64-with-glibc2.2.5) VSTS_0fb41ef4-5012-48a9-bf39-4ee3de03ee35_build_2500_0"
      },
      "RequestBody": null,
      "StatusCode": 202,
      "ResponseHeaders": {
        "Azure-AsyncNotification": "Enabled",
        "Azure-AsyncOperation": "https://management.azure.com/subscriptions/00000000-0000-0000-0000-000000000000/providers/Microsoft.Compute/locations/eastus/operations/91b7a846-f81d-453c-a4d1-ffe7b0025df6?p=c9e32605-d294-4c79-ab2e-5091dea588f3\u0026api-version=2022-11-01",
        "Cache-Control": "no-cache",
        "Content-Length": "0",
        "Date": "Thu, 16 Feb 2023 06:50:47 GMT",
        "Expires": "-1",
        "Location": "https://management.azure.com/subscriptions/00000000-0000-0000-0000-000000000000/providers/Microsoft.Compute/locations/eastus/operations/91b7a846-f81d-453c-a4d1-ffe7b0025df6?p=c9e32605-d294-4c79-ab2e-5091dea588f3\u0026monitor=true\u0026api-version=2022-11-01",
        "Pragma": "no-cache",
        "Server": [
          "Microsoft-HTTPAPI/2.0",
          "Microsoft-HTTPAPI/2.0"
        ],
        "Strict-Transport-Security": "max-age=31536000; includeSubDomains",
        "X-Content-Type-Options": "nosniff",
        "x-ms-correlation-request-id": "f345030e-27e3-4e56-9b93-9f6be787eb92",
        "x-ms-ratelimit-remaining-resource": "Microsoft.Compute/VMScaleSetActions3Min;237,Microsoft.Compute/VMScaleSetActions30Min;1189,Microsoft.Compute/VMScaleSetVMActions3Min;199,Microsoft.Compute/VMScaleSetVMActions30Min;996,Microsoft.Compute/VMScaleSetBatchedVMRequests5Min;1199,Microsoft.Compute/VmssQueuedVMOperations;0",
        "x-ms-ratelimit-remaining-subscription-writes": "1190",
        "x-ms-request-charge": "1",
        "x-ms-routing-request-id": "WESTUS:20230216T065047Z:f345030e-27e3-4e56-9b93-9f6be787eb92"
      },
      "ResponseBody": null
    },
    {
      "RequestUri": "https://management.azure.com/subscriptions/00000000-0000-0000-0000-000000000000/providers/Microsoft.Compute/locations/eastus/operations/91b7a846-f81d-453c-a4d1-ffe7b0025df6?p=c9e32605-d294-4c79-ab2e-5091dea588f3\u0026api-version=2022-11-01",
      "RequestMethod": "GET",
      "RequestHeaders": {
        "Accept": "*/*",
        "Accept-Encoding": "gzip, deflate",
        "Connection": "keep-alive",
        "User-Agent": "azsdk-python-azure-mgmt-compute/29.2.0 Python/3.8.16 (Linux-5.15.0-1031-azure-x86_64-with-glibc2.2.5) VSTS_0fb41ef4-5012-48a9-bf39-4ee3de03ee35_build_2500_0"
      },
      "RequestBody": null,
      "StatusCode": 200,
      "ResponseHeaders": {
        "Cache-Control": "no-cache",
        "Content-Encoding": "gzip",
        "Content-Type": "application/json; charset=utf-8",
        "Date": "Thu, 16 Feb 2023 06:50:47 GMT",
        "Expires": "-1",
        "Pragma": "no-cache",
        "Server": [
          "Microsoft-HTTPAPI/2.0",
          "Microsoft-HTTPAPI/2.0"
        ],
        "Strict-Transport-Security": "max-age=31536000; includeSubDomains",
        "Transfer-Encoding": "chunked",
        "Vary": "Accept-Encoding",
        "X-Content-Type-Options": "nosniff",
        "x-ms-correlation-request-id": "aa1c6a12-81c0-4af6-87aa-ed44d9b85bfa",
        "x-ms-ratelimit-remaining-resource": "Microsoft.Compute/GetOperation3Min;14989,Microsoft.Compute/GetOperation30Min;29907",
        "x-ms-ratelimit-remaining-subscription-reads": "11925",
        "x-ms-routing-request-id": "WESTUS:20230216T065047Z:aa1c6a12-81c0-4af6-87aa-ed44d9b85bfa"
      },
      "ResponseBody": {
        "startTime": "2023-02-16T06:50:47.398106\u002B00:00",
        "status": "InProgress",
        "name": "91b7a846-f81d-453c-a4d1-ffe7b0025df6"
      }
    },
    {
      "RequestUri": "https://management.azure.com/subscriptions/00000000-0000-0000-0000-000000000000/providers/Microsoft.Compute/locations/eastus/operations/91b7a846-f81d-453c-a4d1-ffe7b0025df6?p=c9e32605-d294-4c79-ab2e-5091dea588f3\u0026api-version=2022-11-01",
      "RequestMethod": "GET",
      "RequestHeaders": {
        "Accept": "*/*",
        "Accept-Encoding": "gzip, deflate",
        "Connection": "keep-alive",
        "User-Agent": "azsdk-python-azure-mgmt-compute/29.2.0 Python/3.8.16 (Linux-5.15.0-1031-azure-x86_64-with-glibc2.2.5) VSTS_0fb41ef4-5012-48a9-bf39-4ee3de03ee35_build_2500_0"
      },
      "RequestBody": null,
      "StatusCode": 200,
      "ResponseHeaders": {
        "Cache-Control": "no-cache",
        "Content-Encoding": "gzip",
        "Content-Type": "application/json; charset=utf-8",
        "Date": "Thu, 16 Feb 2023 06:51:17 GMT",
        "Expires": "-1",
        "Pragma": "no-cache",
        "Server": [
          "Microsoft-HTTPAPI/2.0",
          "Microsoft-HTTPAPI/2.0"
        ],
        "Strict-Transport-Security": "max-age=31536000; includeSubDomains",
        "Transfer-Encoding": "chunked",
        "Vary": "Accept-Encoding",
        "X-Content-Type-Options": "nosniff",
        "x-ms-correlation-request-id": "dd37802f-72c7-4d03-b0b3-250c31ec6662",
        "x-ms-ratelimit-remaining-resource": "Microsoft.Compute/GetOperation3Min;14989,Microsoft.Compute/GetOperation30Min;29905",
        "x-ms-ratelimit-remaining-subscription-reads": "11924",
        "x-ms-routing-request-id": "WESTUS:20230216T065117Z:dd37802f-72c7-4d03-b0b3-250c31ec6662"
      },
      "ResponseBody": {
        "startTime": "2023-02-16T06:50:47.398106\u002B00:00",
        "status": "InProgress",
        "name": "91b7a846-f81d-453c-a4d1-ffe7b0025df6"
      }
    },
    {
      "RequestUri": "https://management.azure.com/subscriptions/00000000-0000-0000-0000-000000000000/providers/Microsoft.Compute/locations/eastus/operations/91b7a846-f81d-453c-a4d1-ffe7b0025df6?p=c9e32605-d294-4c79-ab2e-5091dea588f3\u0026api-version=2022-11-01",
      "RequestMethod": "GET",
      "RequestHeaders": {
        "Accept": "*/*",
        "Accept-Encoding": "gzip, deflate",
        "Connection": "keep-alive",
        "User-Agent": "azsdk-python-azure-mgmt-compute/29.2.0 Python/3.8.16 (Linux-5.15.0-1031-azure-x86_64-with-glibc2.2.5) VSTS_0fb41ef4-5012-48a9-bf39-4ee3de03ee35_build_2500_0"
      },
      "RequestBody": null,
      "StatusCode": 200,
      "ResponseHeaders": {
        "Cache-Control": "no-cache",
        "Content-Encoding": "gzip",
        "Content-Type": "application/json; charset=utf-8",
        "Date": "Thu, 16 Feb 2023 06:51:47 GMT",
        "Expires": "-1",
        "Pragma": "no-cache",
        "Server": [
          "Microsoft-HTTPAPI/2.0",
          "Microsoft-HTTPAPI/2.0"
        ],
        "Strict-Transport-Security": "max-age=31536000; includeSubDomains",
        "Transfer-Encoding": "chunked",
        "Vary": "Accept-Encoding",
        "X-Content-Type-Options": "nosniff",
        "x-ms-correlation-request-id": "f78c811c-137b-4a93-a7a9-ec5beb22a356",
        "x-ms-ratelimit-remaining-resource": "Microsoft.Compute/GetOperation3Min;14989,Microsoft.Compute/GetOperation30Min;29904",
        "x-ms-ratelimit-remaining-subscription-reads": "11923",
        "x-ms-routing-request-id": "WESTUS:20230216T065147Z:f78c811c-137b-4a93-a7a9-ec5beb22a356"
      },
      "ResponseBody": {
        "startTime": "2023-02-16T06:50:47.398106\u002B00:00",
        "status": "InProgress",
        "name": "91b7a846-f81d-453c-a4d1-ffe7b0025df6"
      }
    },
    {
      "RequestUri": "https://management.azure.com/subscriptions/00000000-0000-0000-0000-000000000000/providers/Microsoft.Compute/locations/eastus/operations/91b7a846-f81d-453c-a4d1-ffe7b0025df6?p=c9e32605-d294-4c79-ab2e-5091dea588f3\u0026api-version=2022-11-01",
      "RequestMethod": "GET",
      "RequestHeaders": {
        "Accept": "*/*",
        "Accept-Encoding": "gzip, deflate",
        "Connection": "keep-alive",
        "User-Agent": "azsdk-python-azure-mgmt-compute/29.2.0 Python/3.8.16 (Linux-5.15.0-1031-azure-x86_64-with-glibc2.2.5) VSTS_0fb41ef4-5012-48a9-bf39-4ee3de03ee35_build_2500_0"
      },
      "RequestBody": null,
      "StatusCode": 200,
      "ResponseHeaders": {
        "Cache-Control": "no-cache",
        "Content-Encoding": "gzip",
        "Content-Type": "application/json; charset=utf-8",
        "Date": "Thu, 16 Feb 2023 06:52:17 GMT",
        "Expires": "-1",
        "Pragma": "no-cache",
        "Server": [
          "Microsoft-HTTPAPI/2.0",
          "Microsoft-HTTPAPI/2.0"
        ],
        "Strict-Transport-Security": "max-age=31536000; includeSubDomains",
        "Transfer-Encoding": "chunked",
        "Vary": "Accept-Encoding",
        "X-Content-Type-Options": "nosniff",
        "x-ms-correlation-request-id": "9d3694e3-cc19-47fa-9472-08454ac1a591",
        "x-ms-ratelimit-remaining-resource": "Microsoft.Compute/GetOperation3Min;14989,Microsoft.Compute/GetOperation30Min;29903",
        "x-ms-ratelimit-remaining-subscription-reads": "11922",
        "x-ms-routing-request-id": "WESTUS:20230216T065217Z:9d3694e3-cc19-47fa-9472-08454ac1a591"
      },
      "ResponseBody": {
        "startTime": "2023-02-16T06:50:47.398106\u002B00:00",
        "status": "InProgress",
        "name": "91b7a846-f81d-453c-a4d1-ffe7b0025df6"
      }
    },
    {
      "RequestUri": "https://management.azure.com/subscriptions/00000000-0000-0000-0000-000000000000/providers/Microsoft.Compute/locations/eastus/operations/91b7a846-f81d-453c-a4d1-ffe7b0025df6?p=c9e32605-d294-4c79-ab2e-5091dea588f3\u0026api-version=2022-11-01",
      "RequestMethod": "GET",
      "RequestHeaders": {
        "Accept": "*/*",
        "Accept-Encoding": "gzip, deflate",
        "Connection": "keep-alive",
        "User-Agent": "azsdk-python-azure-mgmt-compute/29.2.0 Python/3.8.16 (Linux-5.15.0-1031-azure-x86_64-with-glibc2.2.5) VSTS_0fb41ef4-5012-48a9-bf39-4ee3de03ee35_build_2500_0"
      },
      "RequestBody": null,
      "StatusCode": 200,
      "ResponseHeaders": {
        "Cache-Control": "no-cache",
        "Content-Encoding": "gzip",
        "Content-Type": "application/json; charset=utf-8",
        "Date": "Thu, 16 Feb 2023 06:52:47 GMT",
        "Expires": "-1",
        "Pragma": "no-cache",
        "Server": [
          "Microsoft-HTTPAPI/2.0",
          "Microsoft-HTTPAPI/2.0"
        ],
        "Strict-Transport-Security": "max-age=31536000; includeSubDomains",
        "Transfer-Encoding": "chunked",
        "Vary": "Accept-Encoding",
        "X-Content-Type-Options": "nosniff",
        "x-ms-correlation-request-id": "970ff469-51ff-4d9a-ab14-32c2390b739d",
        "x-ms-ratelimit-remaining-resource": "Microsoft.Compute/GetOperation3Min;14989,Microsoft.Compute/GetOperation30Min;29902",
        "x-ms-ratelimit-remaining-subscription-reads": "11921",
        "x-ms-routing-request-id": "WESTUS:20230216T065248Z:970ff469-51ff-4d9a-ab14-32c2390b739d"
      },
      "ResponseBody": {
        "startTime": "2023-02-16T06:50:47.398106\u002B00:00",
        "status": "InProgress",
        "name": "91b7a846-f81d-453c-a4d1-ffe7b0025df6"
      }
    },
    {
      "RequestUri": "https://management.azure.com/subscriptions/00000000-0000-0000-0000-000000000000/providers/Microsoft.Compute/locations/eastus/operations/91b7a846-f81d-453c-a4d1-ffe7b0025df6?p=c9e32605-d294-4c79-ab2e-5091dea588f3\u0026api-version=2022-11-01",
      "RequestMethod": "GET",
      "RequestHeaders": {
        "Accept": "*/*",
        "Accept-Encoding": "gzip, deflate",
        "Connection": "keep-alive",
        "User-Agent": "azsdk-python-azure-mgmt-compute/29.2.0 Python/3.8.16 (Linux-5.15.0-1031-azure-x86_64-with-glibc2.2.5) VSTS_0fb41ef4-5012-48a9-bf39-4ee3de03ee35_build_2500_0"
      },
      "RequestBody": null,
      "StatusCode": 200,
      "ResponseHeaders": {
        "Cache-Control": "no-cache",
        "Content-Encoding": "gzip",
        "Content-Type": "application/json; charset=utf-8",
        "Date": "Thu, 16 Feb 2023 06:53:18 GMT",
        "Expires": "-1",
        "Pragma": "no-cache",
        "Server": [
          "Microsoft-HTTPAPI/2.0",
          "Microsoft-HTTPAPI/2.0"
        ],
        "Strict-Transport-Security": "max-age=31536000; includeSubDomains",
        "Transfer-Encoding": "chunked",
        "Vary": "Accept-Encoding",
        "X-Content-Type-Options": "nosniff",
        "x-ms-correlation-request-id": "ca0eeb50-d049-4157-9d74-19906cd23130",
        "x-ms-ratelimit-remaining-resource": "Microsoft.Compute/GetOperation3Min;14989,Microsoft.Compute/GetOperation30Min;29900",
        "x-ms-ratelimit-remaining-subscription-reads": "11920",
        "x-ms-routing-request-id": "WESTUS:20230216T065318Z:ca0eeb50-d049-4157-9d74-19906cd23130"
      },
      "ResponseBody": {
        "startTime": "2023-02-16T06:50:47.398106\u002B00:00",
        "status": "InProgress",
        "name": "91b7a846-f81d-453c-a4d1-ffe7b0025df6"
      }
    },
    {
      "RequestUri": "https://management.azure.com/subscriptions/00000000-0000-0000-0000-000000000000/providers/Microsoft.Compute/locations/eastus/operations/91b7a846-f81d-453c-a4d1-ffe7b0025df6?p=c9e32605-d294-4c79-ab2e-5091dea588f3\u0026api-version=2022-11-01",
      "RequestMethod": "GET",
      "RequestHeaders": {
        "Accept": "*/*",
        "Accept-Encoding": "gzip, deflate",
        "Connection": "keep-alive",
        "User-Agent": "azsdk-python-azure-mgmt-compute/29.2.0 Python/3.8.16 (Linux-5.15.0-1031-azure-x86_64-with-glibc2.2.5) VSTS_0fb41ef4-5012-48a9-bf39-4ee3de03ee35_build_2500_0"
      },
      "RequestBody": null,
      "StatusCode": 200,
      "ResponseHeaders": {
        "Cache-Control": "no-cache",
        "Content-Encoding": "gzip",
        "Content-Type": "application/json; charset=utf-8",
        "Date": "Thu, 16 Feb 2023 06:53:48 GMT",
        "Expires": "-1",
        "Pragma": "no-cache",
        "Server": [
          "Microsoft-HTTPAPI/2.0",
          "Microsoft-HTTPAPI/2.0"
        ],
        "Strict-Transport-Security": "max-age=31536000; includeSubDomains",
        "Transfer-Encoding": "chunked",
        "Vary": "Accept-Encoding",
        "X-Content-Type-Options": "nosniff",
        "x-ms-correlation-request-id": "d8058127-1e66-4a68-aa67-0fd4b8a55fc9",
        "x-ms-ratelimit-remaining-resource": "Microsoft.Compute/GetOperation3Min;14992,Microsoft.Compute/GetOperation30Min;29899",
        "x-ms-ratelimit-remaining-subscription-reads": "11919",
        "x-ms-routing-request-id": "WESTUS:20230216T065348Z:d8058127-1e66-4a68-aa67-0fd4b8a55fc9"
      },
      "ResponseBody": {
        "startTime": "2023-02-16T06:50:47.398106\u002B00:00",
        "status": "InProgress",
        "name": "91b7a846-f81d-453c-a4d1-ffe7b0025df6"
      }
    },
    {
      "RequestUri": "https://management.azure.com/subscriptions/00000000-0000-0000-0000-000000000000/providers/Microsoft.Compute/locations/eastus/operations/91b7a846-f81d-453c-a4d1-ffe7b0025df6?p=c9e32605-d294-4c79-ab2e-5091dea588f3\u0026api-version=2022-11-01",
      "RequestMethod": "GET",
      "RequestHeaders": {
        "Accept": "*/*",
        "Accept-Encoding": "gzip, deflate",
        "Connection": "keep-alive",
        "User-Agent": "azsdk-python-azure-mgmt-compute/29.2.0 Python/3.8.16 (Linux-5.15.0-1031-azure-x86_64-with-glibc2.2.5) VSTS_0fb41ef4-5012-48a9-bf39-4ee3de03ee35_build_2500_0"
      },
      "RequestBody": null,
      "StatusCode": 200,
      "ResponseHeaders": {
        "Cache-Control": "no-cache",
        "Content-Encoding": "gzip",
        "Content-Type": "application/json; charset=utf-8",
        "Date": "Thu, 16 Feb 2023 06:54:18 GMT",
        "Expires": "-1",
        "Pragma": "no-cache",
        "Server": [
          "Microsoft-HTTPAPI/2.0",
          "Microsoft-HTTPAPI/2.0"
        ],
        "Strict-Transport-Security": "max-age=31536000; includeSubDomains",
        "Transfer-Encoding": "chunked",
        "Vary": "Accept-Encoding",
        "X-Content-Type-Options": "nosniff",
        "x-ms-correlation-request-id": "eafbe4e7-454f-4c5e-a114-b5f06ae45ef1",
        "x-ms-ratelimit-remaining-resource": "Microsoft.Compute/GetOperation3Min;14993,Microsoft.Compute/GetOperation30Min;29898",
        "x-ms-ratelimit-remaining-subscription-reads": "11918",
        "x-ms-routing-request-id": "WESTUS:20230216T065418Z:eafbe4e7-454f-4c5e-a114-b5f06ae45ef1"
      },
      "ResponseBody": {
        "startTime": "2023-02-16T06:50:47.398106\u002B00:00",
        "status": "InProgress",
        "name": "91b7a846-f81d-453c-a4d1-ffe7b0025df6"
      }
    },
    {
      "RequestUri": "https://management.azure.com/subscriptions/00000000-0000-0000-0000-000000000000/providers/Microsoft.Compute/locations/eastus/operations/91b7a846-f81d-453c-a4d1-ffe7b0025df6?p=c9e32605-d294-4c79-ab2e-5091dea588f3\u0026api-version=2022-11-01",
      "RequestMethod": "GET",
      "RequestHeaders": {
        "Accept": "*/*",
        "Accept-Encoding": "gzip, deflate",
        "Connection": "keep-alive",
        "User-Agent": "azsdk-python-azure-mgmt-compute/29.2.0 Python/3.8.16 (Linux-5.15.0-1031-azure-x86_64-with-glibc2.2.5) VSTS_0fb41ef4-5012-48a9-bf39-4ee3de03ee35_build_2500_0"
      },
      "RequestBody": null,
      "StatusCode": 200,
      "ResponseHeaders": {
        "Cache-Control": "no-cache",
        "Content-Encoding": "gzip",
        "Content-Type": "application/json; charset=utf-8",
        "Date": "Thu, 16 Feb 2023 06:54:48 GMT",
        "Expires": "-1",
        "Pragma": "no-cache",
        "Server": [
          "Microsoft-HTTPAPI/2.0",
          "Microsoft-HTTPAPI/2.0"
        ],
        "Strict-Transport-Security": "max-age=31536000; includeSubDomains",
        "Transfer-Encoding": "chunked",
        "Vary": "Accept-Encoding",
        "X-Content-Type-Options": "nosniff",
        "x-ms-correlation-request-id": "2038ecd2-6a55-45db-92c9-e6e877b26d71",
        "x-ms-ratelimit-remaining-resource": "Microsoft.Compute/GetOperation3Min;14993,Microsoft.Compute/GetOperation30Min;29897",
        "x-ms-ratelimit-remaining-subscription-reads": "11917",
        "x-ms-routing-request-id": "WESTUS:20230216T065448Z:2038ecd2-6a55-45db-92c9-e6e877b26d71"
      },
      "ResponseBody": {
        "startTime": "2023-02-16T06:50:47.398106\u002B00:00",
        "status": "InProgress",
        "name": "91b7a846-f81d-453c-a4d1-ffe7b0025df6"
      }
    },
    {
      "RequestUri": "https://management.azure.com/subscriptions/00000000-0000-0000-0000-000000000000/providers/Microsoft.Compute/locations/eastus/operations/91b7a846-f81d-453c-a4d1-ffe7b0025df6?p=c9e32605-d294-4c79-ab2e-5091dea588f3\u0026api-version=2022-11-01",
      "RequestMethod": "GET",
      "RequestHeaders": {
        "Accept": "*/*",
        "Accept-Encoding": "gzip, deflate",
        "Connection": "keep-alive",
        "User-Agent": "azsdk-python-azure-mgmt-compute/29.2.0 Python/3.8.16 (Linux-5.15.0-1031-azure-x86_64-with-glibc2.2.5) VSTS_0fb41ef4-5012-48a9-bf39-4ee3de03ee35_build_2500_0"
      },
      "RequestBody": null,
      "StatusCode": 200,
      "ResponseHeaders": {
        "Cache-Control": "no-cache",
        "Content-Encoding": "gzip",
        "Content-Type": "application/json; charset=utf-8",
        "Date": "Thu, 16 Feb 2023 06:55:18 GMT",
        "Expires": "-1",
        "Pragma": "no-cache",
        "Server": [
          "Microsoft-HTTPAPI/2.0",
          "Microsoft-HTTPAPI/2.0"
        ],
        "Strict-Transport-Security": "max-age=31536000; includeSubDomains",
        "Transfer-Encoding": "chunked",
        "Vary": "Accept-Encoding",
        "X-Content-Type-Options": "nosniff",
        "x-ms-correlation-request-id": "7e7f0a0b-b028-4b1f-80d5-9a1ca5f081a5",
        "x-ms-ratelimit-remaining-resource": "Microsoft.Compute/GetOperation3Min;14992,Microsoft.Compute/GetOperation30Min;29921",
        "x-ms-ratelimit-remaining-subscription-reads": "11916",
        "x-ms-routing-request-id": "WESTUS:20230216T065518Z:7e7f0a0b-b028-4b1f-80d5-9a1ca5f081a5"
      },
      "ResponseBody": {
        "startTime": "2023-02-16T06:50:47.398106\u002B00:00",
        "status": "InProgress",
        "name": "91b7a846-f81d-453c-a4d1-ffe7b0025df6"
      }
    },
    {
      "RequestUri": "https://management.azure.com/subscriptions/00000000-0000-0000-0000-000000000000/providers/Microsoft.Compute/locations/eastus/operations/91b7a846-f81d-453c-a4d1-ffe7b0025df6?p=c9e32605-d294-4c79-ab2e-5091dea588f3\u0026api-version=2022-11-01",
      "RequestMethod": "GET",
      "RequestHeaders": {
        "Accept": "*/*",
        "Accept-Encoding": "gzip, deflate",
        "Connection": "keep-alive",
        "User-Agent": "azsdk-python-azure-mgmt-compute/29.2.0 Python/3.8.16 (Linux-5.15.0-1031-azure-x86_64-with-glibc2.2.5) VSTS_0fb41ef4-5012-48a9-bf39-4ee3de03ee35_build_2500_0"
      },
      "RequestBody": null,
      "StatusCode": 200,
      "ResponseHeaders": {
        "Cache-Control": "no-cache",
        "Content-Encoding": "gzip",
        "Content-Type": "application/json; charset=utf-8",
        "Date": "Thu, 16 Feb 2023 06:55:48 GMT",
        "Expires": "-1",
        "Pragma": "no-cache",
        "Server": [
          "Microsoft-HTTPAPI/2.0",
          "Microsoft-HTTPAPI/2.0"
        ],
        "Strict-Transport-Security": "max-age=31536000; includeSubDomains",
        "Transfer-Encoding": "chunked",
        "Vary": "Accept-Encoding",
        "X-Content-Type-Options": "nosniff",
        "x-ms-correlation-request-id": "70f2e2f7-7dda-4bac-9b77-0c49eb2657ba",
        "x-ms-ratelimit-remaining-resource": "Microsoft.Compute/GetOperation3Min;14992,Microsoft.Compute/GetOperation30Min;29920",
        "x-ms-ratelimit-remaining-subscription-reads": "11915",
        "x-ms-routing-request-id": "WESTUS:20230216T065548Z:70f2e2f7-7dda-4bac-9b77-0c49eb2657ba"
      },
      "ResponseBody": {
        "startTime": "2023-02-16T06:50:47.398106\u002B00:00",
        "status": "InProgress",
        "name": "91b7a846-f81d-453c-a4d1-ffe7b0025df6"
      }
    },
    {
      "RequestUri": "https://management.azure.com/subscriptions/00000000-0000-0000-0000-000000000000/providers/Microsoft.Compute/locations/eastus/operations/91b7a846-f81d-453c-a4d1-ffe7b0025df6?p=c9e32605-d294-4c79-ab2e-5091dea588f3\u0026api-version=2022-11-01",
      "RequestMethod": "GET",
      "RequestHeaders": {
        "Accept": "*/*",
        "Accept-Encoding": "gzip, deflate",
        "Connection": "keep-alive",
        "User-Agent": "azsdk-python-azure-mgmt-compute/29.2.0 Python/3.8.16 (Linux-5.15.0-1031-azure-x86_64-with-glibc2.2.5) VSTS_0fb41ef4-5012-48a9-bf39-4ee3de03ee35_build_2500_0"
      },
      "RequestBody": null,
      "StatusCode": 200,
      "ResponseHeaders": {
        "Cache-Control": "no-cache",
        "Content-Encoding": "gzip",
        "Content-Type": "application/json; charset=utf-8",
        "Date": "Thu, 16 Feb 2023 06:56:18 GMT",
        "Expires": "-1",
        "Pragma": "no-cache",
        "Server": [
          "Microsoft-HTTPAPI/2.0",
          "Microsoft-HTTPAPI/2.0"
        ],
        "Strict-Transport-Security": "max-age=31536000; includeSubDomains",
        "Transfer-Encoding": "chunked",
        "Vary": "Accept-Encoding",
        "X-Content-Type-Options": "nosniff",
        "x-ms-correlation-request-id": "9a687f27-ef8e-4114-9222-b075f188eb46",
        "x-ms-ratelimit-remaining-resource": "Microsoft.Compute/GetOperation3Min;14993,Microsoft.Compute/GetOperation30Min;29919",
        "x-ms-ratelimit-remaining-subscription-reads": "11914",
        "x-ms-routing-request-id": "WESTUS:20230216T065618Z:9a687f27-ef8e-4114-9222-b075f188eb46"
      },
      "ResponseBody": {
        "startTime": "2023-02-16T06:50:47.398106\u002B00:00",
        "status": "InProgress",
        "name": "91b7a846-f81d-453c-a4d1-ffe7b0025df6"
      }
    },
    {
      "RequestUri": "https://management.azure.com/subscriptions/00000000-0000-0000-0000-000000000000/providers/Microsoft.Compute/locations/eastus/operations/91b7a846-f81d-453c-a4d1-ffe7b0025df6?p=c9e32605-d294-4c79-ab2e-5091dea588f3\u0026api-version=2022-11-01",
      "RequestMethod": "GET",
      "RequestHeaders": {
        "Accept": "*/*",
        "Accept-Encoding": "gzip, deflate",
        "Connection": "keep-alive",
        "User-Agent": "azsdk-python-azure-mgmt-compute/29.2.0 Python/3.8.16 (Linux-5.15.0-1031-azure-x86_64-with-glibc2.2.5) VSTS_0fb41ef4-5012-48a9-bf39-4ee3de03ee35_build_2500_0"
      },
      "RequestBody": null,
      "StatusCode": 200,
      "ResponseHeaders": {
        "Cache-Control": "no-cache",
        "Content-Encoding": "gzip",
        "Content-Type": "application/json; charset=utf-8",
        "Date": "Thu, 16 Feb 2023 06:56:48 GMT",
        "Expires": "-1",
        "Pragma": "no-cache",
        "Server": [
          "Microsoft-HTTPAPI/2.0",
          "Microsoft-HTTPAPI/2.0"
        ],
        "Strict-Transport-Security": "max-age=31536000; includeSubDomains",
        "Transfer-Encoding": "chunked",
        "Vary": "Accept-Encoding",
        "X-Content-Type-Options": "nosniff",
        "x-ms-correlation-request-id": "e5894bf1-870a-496c-8da2-3d0c68fde611",
        "x-ms-ratelimit-remaining-resource": "Microsoft.Compute/GetOperation3Min;14993,Microsoft.Compute/GetOperation30Min;29918",
        "x-ms-ratelimit-remaining-subscription-reads": "11913",
        "x-ms-routing-request-id": "WESTUS:20230216T065649Z:e5894bf1-870a-496c-8da2-3d0c68fde611"
      },
      "ResponseBody": {
        "startTime": "2023-02-16T06:50:47.398106\u002B00:00",
        "status": "InProgress",
        "name": "91b7a846-f81d-453c-a4d1-ffe7b0025df6"
      }
    },
    {
      "RequestUri": "https://management.azure.com/subscriptions/00000000-0000-0000-0000-000000000000/providers/Microsoft.Compute/locations/eastus/operations/91b7a846-f81d-453c-a4d1-ffe7b0025df6?p=c9e32605-d294-4c79-ab2e-5091dea588f3\u0026api-version=2022-11-01",
      "RequestMethod": "GET",
      "RequestHeaders": {
        "Accept": "*/*",
        "Accept-Encoding": "gzip, deflate",
        "Connection": "keep-alive",
        "User-Agent": "azsdk-python-azure-mgmt-compute/29.2.0 Python/3.8.16 (Linux-5.15.0-1031-azure-x86_64-with-glibc2.2.5) VSTS_0fb41ef4-5012-48a9-bf39-4ee3de03ee35_build_2500_0"
      },
      "RequestBody": null,
      "StatusCode": 200,
      "ResponseHeaders": {
        "Cache-Control": "no-cache",
        "Content-Encoding": "gzip",
        "Content-Type": "application/json; charset=utf-8",
        "Date": "Thu, 16 Feb 2023 06:57:18 GMT",
        "Expires": "-1",
        "Pragma": "no-cache",
        "Server": [
          "Microsoft-HTTPAPI/2.0",
          "Microsoft-HTTPAPI/2.0"
        ],
        "Strict-Transport-Security": "max-age=31536000; includeSubDomains",
        "Transfer-Encoding": "chunked",
        "Vary": "Accept-Encoding",
        "X-Content-Type-Options": "nosniff",
        "x-ms-correlation-request-id": "1f8fa0ab-7553-41c6-b1ad-6453a0d3cbf8",
        "x-ms-ratelimit-remaining-resource": "Microsoft.Compute/GetOperation3Min;14992,Microsoft.Compute/GetOperation30Min;29916",
        "x-ms-ratelimit-remaining-subscription-reads": "11912",
        "x-ms-routing-request-id": "WESTUS:20230216T065719Z:1f8fa0ab-7553-41c6-b1ad-6453a0d3cbf8"
      },
      "ResponseBody": {
        "startTime": "2023-02-16T06:50:47.398106\u002B00:00",
        "status": "InProgress",
        "name": "91b7a846-f81d-453c-a4d1-ffe7b0025df6"
      }
    },
    {
      "RequestUri": "https://management.azure.com/subscriptions/00000000-0000-0000-0000-000000000000/providers/Microsoft.Compute/locations/eastus/operations/91b7a846-f81d-453c-a4d1-ffe7b0025df6?p=c9e32605-d294-4c79-ab2e-5091dea588f3\u0026api-version=2022-11-01",
      "RequestMethod": "GET",
      "RequestHeaders": {
        "Accept": "*/*",
        "Accept-Encoding": "gzip, deflate",
        "Connection": "keep-alive",
        "User-Agent": "azsdk-python-azure-mgmt-compute/29.2.0 Python/3.8.16 (Linux-5.15.0-1031-azure-x86_64-with-glibc2.2.5) VSTS_0fb41ef4-5012-48a9-bf39-4ee3de03ee35_build_2500_0"
      },
      "RequestBody": null,
      "StatusCode": 200,
      "ResponseHeaders": {
        "Cache-Control": "no-cache",
        "Content-Encoding": "gzip",
        "Content-Type": "application/json; charset=utf-8",
        "Date": "Thu, 16 Feb 2023 06:57:48 GMT",
        "Expires": "-1",
        "Pragma": "no-cache",
        "Server": [
          "Microsoft-HTTPAPI/2.0",
          "Microsoft-HTTPAPI/2.0"
        ],
        "Strict-Transport-Security": "max-age=31536000; includeSubDomains",
        "Transfer-Encoding": "chunked",
        "Vary": "Accept-Encoding",
        "X-Content-Type-Options": "nosniff",
        "x-ms-correlation-request-id": "465c5e2c-a941-4786-8dd2-9a89bbb21674",
        "x-ms-ratelimit-remaining-resource": "Microsoft.Compute/GetOperation3Min;14992,Microsoft.Compute/GetOperation30Min;29915",
        "x-ms-ratelimit-remaining-subscription-reads": "11911",
        "x-ms-routing-request-id": "WESTUS:20230216T065749Z:465c5e2c-a941-4786-8dd2-9a89bbb21674"
      },
      "ResponseBody": {
        "startTime": "2023-02-16T06:50:47.398106\u002B00:00",
        "status": "InProgress",
        "name": "91b7a846-f81d-453c-a4d1-ffe7b0025df6"
      }
    },
    {
      "RequestUri": "https://management.azure.com/subscriptions/00000000-0000-0000-0000-000000000000/providers/Microsoft.Compute/locations/eastus/operations/91b7a846-f81d-453c-a4d1-ffe7b0025df6?p=c9e32605-d294-4c79-ab2e-5091dea588f3\u0026api-version=2022-11-01",
      "RequestMethod": "GET",
      "RequestHeaders": {
        "Accept": "*/*",
        "Accept-Encoding": "gzip, deflate",
        "Connection": "keep-alive",
        "User-Agent": "azsdk-python-azure-mgmt-compute/29.2.0 Python/3.8.16 (Linux-5.15.0-1031-azure-x86_64-with-glibc2.2.5) VSTS_0fb41ef4-5012-48a9-bf39-4ee3de03ee35_build_2500_0"
      },
      "RequestBody": null,
      "StatusCode": 200,
      "ResponseHeaders": {
        "Cache-Control": "no-cache",
        "Content-Encoding": "gzip",
        "Content-Type": "application/json; charset=utf-8",
        "Date": "Thu, 16 Feb 2023 06:58:18 GMT",
        "Expires": "-1",
        "Pragma": "no-cache",
        "Server": [
          "Microsoft-HTTPAPI/2.0",
          "Microsoft-HTTPAPI/2.0"
        ],
        "Strict-Transport-Security": "max-age=31536000; includeSubDomains",
        "Transfer-Encoding": "chunked",
        "Vary": "Accept-Encoding",
        "X-Content-Type-Options": "nosniff",
        "x-ms-correlation-request-id": "56221d12-c2f8-4360-a45e-05fde38e4db8",
        "x-ms-ratelimit-remaining-resource": "Microsoft.Compute/GetOperation3Min;14993,Microsoft.Compute/GetOperation30Min;29914",
        "x-ms-ratelimit-remaining-subscription-reads": "11910",
        "x-ms-routing-request-id": "WESTUS:20230216T065819Z:56221d12-c2f8-4360-a45e-05fde38e4db8"
      },
      "ResponseBody": {
        "startTime": "2023-02-16T06:50:47.398106\u002B00:00",
        "status": "InProgress",
        "name": "91b7a846-f81d-453c-a4d1-ffe7b0025df6"
      }
    },
    {
      "RequestUri": "https://management.azure.com/subscriptions/00000000-0000-0000-0000-000000000000/providers/Microsoft.Compute/locations/eastus/operations/91b7a846-f81d-453c-a4d1-ffe7b0025df6?p=c9e32605-d294-4c79-ab2e-5091dea588f3\u0026api-version=2022-11-01",
      "RequestMethod": "GET",
      "RequestHeaders": {
        "Accept": "*/*",
        "Accept-Encoding": "gzip, deflate",
        "Connection": "keep-alive",
        "User-Agent": "azsdk-python-azure-mgmt-compute/29.2.0 Python/3.8.16 (Linux-5.15.0-1031-azure-x86_64-with-glibc2.2.5) VSTS_0fb41ef4-5012-48a9-bf39-4ee3de03ee35_build_2500_0"
      },
      "RequestBody": null,
      "StatusCode": 200,
      "ResponseHeaders": {
        "Cache-Control": "no-cache",
        "Content-Encoding": "gzip",
        "Content-Type": "application/json; charset=utf-8",
        "Date": "Thu, 16 Feb 2023 06:58:49 GMT",
        "Expires": "-1",
        "Pragma": "no-cache",
        "Server": [
          "Microsoft-HTTPAPI/2.0",
          "Microsoft-HTTPAPI/2.0"
        ],
        "Strict-Transport-Security": "max-age=31536000; includeSubDomains",
        "Transfer-Encoding": "chunked",
        "Vary": "Accept-Encoding",
        "X-Content-Type-Options": "nosniff",
        "x-ms-correlation-request-id": "f6ad7a27-a1d1-41e0-9794-33eef23ca8ab",
        "x-ms-ratelimit-remaining-resource": "Microsoft.Compute/GetOperation3Min;14993,Microsoft.Compute/GetOperation30Min;29913",
        "x-ms-ratelimit-remaining-subscription-reads": "11909",
        "x-ms-routing-request-id": "WESTUS:20230216T065849Z:f6ad7a27-a1d1-41e0-9794-33eef23ca8ab"
      },
      "ResponseBody": {
        "startTime": "2023-02-16T06:50:47.398106\u002B00:00",
        "status": "InProgress",
        "name": "91b7a846-f81d-453c-a4d1-ffe7b0025df6"
      }
    },
    {
      "RequestUri": "https://management.azure.com/subscriptions/00000000-0000-0000-0000-000000000000/providers/Microsoft.Compute/locations/eastus/operations/91b7a846-f81d-453c-a4d1-ffe7b0025df6?p=c9e32605-d294-4c79-ab2e-5091dea588f3\u0026api-version=2022-11-01",
      "RequestMethod": "GET",
      "RequestHeaders": {
        "Accept": "*/*",
        "Accept-Encoding": "gzip, deflate",
        "Connection": "keep-alive",
        "User-Agent": "azsdk-python-azure-mgmt-compute/29.2.0 Python/3.8.16 (Linux-5.15.0-1031-azure-x86_64-with-glibc2.2.5) VSTS_0fb41ef4-5012-48a9-bf39-4ee3de03ee35_build_2500_0"
      },
      "RequestBody": null,
      "StatusCode": 200,
      "ResponseHeaders": {
        "Cache-Control": "no-cache",
        "Content-Encoding": "gzip",
        "Content-Type": "application/json; charset=utf-8",
        "Date": "Thu, 16 Feb 2023 06:59:19 GMT",
        "Expires": "-1",
        "Pragma": "no-cache",
        "Server": [
          "Microsoft-HTTPAPI/2.0",
          "Microsoft-HTTPAPI/2.0"
        ],
        "Strict-Transport-Security": "max-age=31536000; includeSubDomains",
        "Transfer-Encoding": "chunked",
        "Vary": "Accept-Encoding",
        "X-Content-Type-Options": "nosniff",
        "x-ms-correlation-request-id": "50a0cb90-1a26-4f08-8960-6b1a8e1f1a6c",
        "x-ms-ratelimit-remaining-resource": "Microsoft.Compute/GetOperation3Min;14992,Microsoft.Compute/GetOperation30Min;29911",
        "x-ms-ratelimit-remaining-subscription-reads": "11908",
        "x-ms-routing-request-id": "WESTUS:20230216T065919Z:50a0cb90-1a26-4f08-8960-6b1a8e1f1a6c"
      },
      "ResponseBody": {
        "startTime": "2023-02-16T06:50:47.398106\u002B00:00",
        "status": "InProgress",
        "name": "91b7a846-f81d-453c-a4d1-ffe7b0025df6"
      }
    },
    {
      "RequestUri": "https://management.azure.com/subscriptions/00000000-0000-0000-0000-000000000000/providers/Microsoft.Compute/locations/eastus/operations/91b7a846-f81d-453c-a4d1-ffe7b0025df6?p=c9e32605-d294-4c79-ab2e-5091dea588f3\u0026api-version=2022-11-01",
      "RequestMethod": "GET",
      "RequestHeaders": {
        "Accept": "*/*",
        "Accept-Encoding": "gzip, deflate",
        "Connection": "keep-alive",
        "User-Agent": "azsdk-python-azure-mgmt-compute/29.2.0 Python/3.8.16 (Linux-5.15.0-1031-azure-x86_64-with-glibc2.2.5) VSTS_0fb41ef4-5012-48a9-bf39-4ee3de03ee35_build_2500_0"
      },
      "RequestBody": null,
      "StatusCode": 200,
      "ResponseHeaders": {
        "Cache-Control": "no-cache",
        "Content-Encoding": "gzip",
        "Content-Type": "application/json; charset=utf-8",
        "Date": "Thu, 16 Feb 2023 06:59:49 GMT",
        "Expires": "-1",
        "Pragma": "no-cache",
        "Server": [
          "Microsoft-HTTPAPI/2.0",
          "Microsoft-HTTPAPI/2.0"
        ],
        "Strict-Transport-Security": "max-age=31536000; includeSubDomains",
        "Transfer-Encoding": "chunked",
        "Vary": "Accept-Encoding",
        "X-Content-Type-Options": "nosniff",
        "x-ms-correlation-request-id": "c139d108-e1ba-4cb0-bb24-2ce702440ca8",
        "x-ms-ratelimit-remaining-resource": "Microsoft.Compute/GetOperation3Min;14992,Microsoft.Compute/GetOperation30Min;29910",
        "x-ms-ratelimit-remaining-subscription-reads": "11907",
        "x-ms-routing-request-id": "WESTUS:20230216T065949Z:c139d108-e1ba-4cb0-bb24-2ce702440ca8"
      },
      "ResponseBody": {
        "startTime": "2023-02-16T06:50:47.398106\u002B00:00",
        "status": "InProgress",
        "name": "91b7a846-f81d-453c-a4d1-ffe7b0025df6"
      }
    },
    {
      "RequestUri": "https://management.azure.com/subscriptions/00000000-0000-0000-0000-000000000000/providers/Microsoft.Compute/locations/eastus/operations/91b7a846-f81d-453c-a4d1-ffe7b0025df6?p=c9e32605-d294-4c79-ab2e-5091dea588f3\u0026api-version=2022-11-01",
      "RequestMethod": "GET",
      "RequestHeaders": {
        "Accept": "*/*",
        "Accept-Encoding": "gzip, deflate",
        "Connection": "keep-alive",
        "User-Agent": "azsdk-python-azure-mgmt-compute/29.2.0 Python/3.8.16 (Linux-5.15.0-1031-azure-x86_64-with-glibc2.2.5) VSTS_0fb41ef4-5012-48a9-bf39-4ee3de03ee35_build_2500_0"
      },
      "RequestBody": null,
      "StatusCode": 200,
      "ResponseHeaders": {
        "Cache-Control": "no-cache",
        "Content-Encoding": "gzip",
        "Content-Type": "application/json; charset=utf-8",
        "Date": "Thu, 16 Feb 2023 07:00:19 GMT",
        "Expires": "-1",
        "Pragma": "no-cache",
        "Server": [
          "Microsoft-HTTPAPI/2.0",
          "Microsoft-HTTPAPI/2.0"
        ],
        "Strict-Transport-Security": "max-age=31536000; includeSubDomains",
        "Transfer-Encoding": "chunked",
        "Vary": "Accept-Encoding",
        "X-Content-Type-Options": "nosniff",
        "x-ms-correlation-request-id": "ad8e9ad1-8dcb-4c4f-b07e-50a69c74e9eb",
        "x-ms-ratelimit-remaining-resource": "Microsoft.Compute/GetOperation3Min;14993,Microsoft.Compute/GetOperation30Min;29930",
        "x-ms-ratelimit-remaining-subscription-reads": "11906",
        "x-ms-routing-request-id": "WESTUS:20230216T070020Z:ad8e9ad1-8dcb-4c4f-b07e-50a69c74e9eb"
      },
      "ResponseBody": {
        "startTime": "2023-02-16T06:50:47.398106\u002B00:00",
        "endTime": "2023-02-16T07:00:19.1787942\u002B00:00",
        "status": "Succeeded",
        "name": "91b7a846-f81d-453c-a4d1-ffe7b0025df6"
      }
    },
    {
      "RequestUri": "https://management.azure.com/subscriptions/00000000-0000-0000-0000-000000000000/providers/Microsoft.Compute/locations/eastus/operations/91b7a846-f81d-453c-a4d1-ffe7b0025df6?p=c9e32605-d294-4c79-ab2e-5091dea588f3\u0026monitor=true\u0026api-version=2022-11-01",
      "RequestMethod": "GET",
      "RequestHeaders": {
        "Accept": "*/*",
        "Accept-Encoding": "gzip, deflate",
        "Connection": "keep-alive",
        "User-Agent": "azsdk-python-azure-mgmt-compute/29.2.0 Python/3.8.16 (Linux-5.15.0-1031-azure-x86_64-with-glibc2.2.5) VSTS_0fb41ef4-5012-48a9-bf39-4ee3de03ee35_build_2500_0"
      },
      "RequestBody": null,
      "StatusCode": 200,
      "ResponseHeaders": {
        "Cache-Control": "no-cache",
        "Content-Length": "0",
        "Date": "Thu, 16 Feb 2023 07:00:19 GMT",
        "Expires": "-1",
        "Pragma": "no-cache",
        "Server": [
          "Microsoft-HTTPAPI/2.0",
          "Microsoft-HTTPAPI/2.0"
        ],
        "Strict-Transport-Security": "max-age=31536000; includeSubDomains",
        "X-Content-Type-Options": "nosniff",
        "x-ms-correlation-request-id": "c4056be1-c57f-4e35-94fc-f8ac8993dcb0",
        "x-ms-ratelimit-remaining-resource": "Microsoft.Compute/GetOperation3Min;14992,Microsoft.Compute/GetOperation30Min;29929",
        "x-ms-ratelimit-remaining-subscription-reads": "11905",
        "x-ms-routing-request-id": "WESTUS:20230216T070020Z:c4056be1-c57f-4e35-94fc-f8ac8993dcb0"
      },
      "ResponseBody": null
    },
    {
      "RequestUri": "https://management.azure.com/subscriptions/00000000-0000-0000-0000-000000000000/resourceGroups/rgname/providers/Microsoft.Compute/virtualMachineScaleSets/virtualmachinescaleset6c0d2aef?api-version=2022-11-01",
      "RequestMethod": "DELETE",
      "RequestHeaders": {
        "Accept": "application/json",
        "Accept-Encoding": "gzip, deflate",
        "Connection": "keep-alive",
        "Content-Length": "0",
        "User-Agent": "azsdk-python-azure-mgmt-compute/29.2.0 Python/3.8.16 (Linux-5.15.0-1031-azure-x86_64-with-glibc2.2.5) VSTS_0fb41ef4-5012-48a9-bf39-4ee3de03ee35_build_2500_0"
      },
      "RequestBody": null,
      "StatusCode": 202,
      "ResponseHeaders": {
        "Azure-AsyncNotification": "Enabled",
        "Azure-AsyncOperation": "https://management.azure.com/subscriptions/00000000-0000-0000-0000-000000000000/providers/Microsoft.Compute/locations/eastus/operations/d655063f-ac17-4745-9d56-e7f00288fb79?p=c9e32605-d294-4c79-ab2e-5091dea588f3\u0026api-version=2022-11-01",
        "Cache-Control": "no-cache",
        "Content-Length": "0",
        "Date": "Thu, 16 Feb 2023 07:00:20 GMT",
        "Expires": "-1",
        "Location": "https://management.azure.com/subscriptions/00000000-0000-0000-0000-000000000000/providers/Microsoft.Compute/locations/eastus/operations/d655063f-ac17-4745-9d56-e7f00288fb79?p=c9e32605-d294-4c79-ab2e-5091dea588f3\u0026monitor=true\u0026api-version=2022-11-01",
        "Pragma": "no-cache",
        "Retry-After": "10",
        "Server": [
          "Microsoft-HTTPAPI/2.0",
          "Microsoft-HTTPAPI/2.0"
        ],
        "Strict-Transport-Security": "max-age=31536000; includeSubDomains",
        "X-Content-Type-Options": "nosniff",
        "x-ms-correlation-request-id": "d922fe30-321b-4cc8-92c2-b20c2973c3b6",
        "x-ms-ratelimit-remaining-resource": "Microsoft.Compute/DeleteVMScaleSet3Min;79,Microsoft.Compute/DeleteVMScaleSet30Min;399,Microsoft.Compute/VMScaleSetBatchedVMRequests5Min;1199,Microsoft.Compute/VmssQueuedVMOperations;0",
        "x-ms-ratelimit-remaining-subscription-deletes": "14996",
        "x-ms-request-charge": "1",
        "x-ms-routing-request-id": "WESTUS:20230216T070020Z:d922fe30-321b-4cc8-92c2-b20c2973c3b6"
      },
      "ResponseBody": null
    },
    {
      "RequestUri": "https://management.azure.com/subscriptions/00000000-0000-0000-0000-000000000000/providers/Microsoft.Compute/locations/eastus/operations/d655063f-ac17-4745-9d56-e7f00288fb79?p=c9e32605-d294-4c79-ab2e-5091dea588f3\u0026api-version=2022-11-01",
      "RequestMethod": "GET",
      "RequestHeaders": {
        "Accept": "*/*",
        "Accept-Encoding": "gzip, deflate",
        "Connection": "keep-alive",
        "User-Agent": "azsdk-python-azure-mgmt-compute/29.2.0 Python/3.8.16 (Linux-5.15.0-1031-azure-x86_64-with-glibc2.2.5) VSTS_0fb41ef4-5012-48a9-bf39-4ee3de03ee35_build_2500_0"
      },
      "RequestBody": null,
      "StatusCode": 200,
      "ResponseHeaders": {
        "Cache-Control": "no-cache",
        "Content-Encoding": "gzip",
        "Content-Type": "application/json; charset=utf-8",
        "Date": "Thu, 16 Feb 2023 07:00:20 GMT",
        "Expires": "-1",
        "Pragma": "no-cache",
        "Retry-After": "11",
        "Server": [
          "Microsoft-HTTPAPI/2.0",
          "Microsoft-HTTPAPI/2.0"
        ],
        "Strict-Transport-Security": "max-age=31536000; includeSubDomains",
        "Transfer-Encoding": "chunked",
        "Vary": "Accept-Encoding",
        "X-Content-Type-Options": "nosniff",
        "x-ms-correlation-request-id": "dda9ef8c-85c4-4a82-9322-1fceaa8e1ea8",
        "x-ms-ratelimit-remaining-resource": "Microsoft.Compute/GetOperation3Min;14990,Microsoft.Compute/GetOperation30Min;29927",
        "x-ms-ratelimit-remaining-subscription-reads": "11904",
        "x-ms-routing-request-id": "WESTUS:20230216T070020Z:dda9ef8c-85c4-4a82-9322-1fceaa8e1ea8"
      },
      "ResponseBody": {
        "startTime": "2023-02-16T07:00:20.4600781\u002B00:00",
        "status": "InProgress",
        "name": "d655063f-ac17-4745-9d56-e7f00288fb79"
      }
    },
    {
      "RequestUri": "https://management.azure.com/subscriptions/00000000-0000-0000-0000-000000000000/providers/Microsoft.Compute/locations/eastus/operations/d655063f-ac17-4745-9d56-e7f00288fb79?p=c9e32605-d294-4c79-ab2e-5091dea588f3\u0026api-version=2022-11-01",
      "RequestMethod": "GET",
      "RequestHeaders": {
        "Accept": "*/*",
        "Accept-Encoding": "gzip, deflate",
        "Connection": "keep-alive",
        "User-Agent": "azsdk-python-azure-mgmt-compute/29.2.0 Python/3.8.16 (Linux-5.15.0-1031-azure-x86_64-with-glibc2.2.5) VSTS_0fb41ef4-5012-48a9-bf39-4ee3de03ee35_build_2500_0"
      },
      "RequestBody": null,
      "StatusCode": 200,
      "ResponseHeaders": {
        "Cache-Control": "no-cache",
        "Content-Encoding": "gzip",
        "Content-Type": "application/json; charset=utf-8",
        "Date": "Thu, 16 Feb 2023 07:00:31 GMT",
        "Expires": "-1",
        "Pragma": "no-cache",
        "Server": [
          "Microsoft-HTTPAPI/2.0",
          "Microsoft-HTTPAPI/2.0"
        ],
        "Strict-Transport-Security": "max-age=31536000; includeSubDomains",
        "Transfer-Encoding": "chunked",
        "Vary": "Accept-Encoding",
        "X-Content-Type-Options": "nosniff",
        "x-ms-correlation-request-id": "5597c2f7-dd73-4d08-b0c1-63a12d045c6e",
        "x-ms-ratelimit-remaining-resource": "Microsoft.Compute/GetOperation3Min;14990,Microsoft.Compute/GetOperation30Min;29926",
        "x-ms-ratelimit-remaining-subscription-reads": "11903",
        "x-ms-routing-request-id": "WESTUS:20230216T070031Z:5597c2f7-dd73-4d08-b0c1-63a12d045c6e"
      },
      "ResponseBody": {
        "startTime": "2023-02-16T07:00:20.4600781\u002B00:00",
        "status": "InProgress",
        "name": "d655063f-ac17-4745-9d56-e7f00288fb79"
      }
    },
    {
      "RequestUri": "https://management.azure.com/subscriptions/00000000-0000-0000-0000-000000000000/providers/Microsoft.Compute/locations/eastus/operations/d655063f-ac17-4745-9d56-e7f00288fb79?p=c9e32605-d294-4c79-ab2e-5091dea588f3\u0026api-version=2022-11-01",
      "RequestMethod": "GET",
      "RequestHeaders": {
        "Accept": "*/*",
        "Accept-Encoding": "gzip, deflate",
        "Connection": "keep-alive",
        "User-Agent": "azsdk-python-azure-mgmt-compute/29.2.0 Python/3.8.16 (Linux-5.15.0-1031-azure-x86_64-with-glibc2.2.5) VSTS_0fb41ef4-5012-48a9-bf39-4ee3de03ee35_build_2500_0"
      },
      "RequestBody": null,
      "StatusCode": 200,
      "ResponseHeaders": {
        "Cache-Control": "no-cache",
        "Content-Encoding": "gzip",
        "Content-Type": "application/json; charset=utf-8",
        "Date": "Thu, 16 Feb 2023 07:01:01 GMT",
        "Expires": "-1",
        "Pragma": "no-cache",
        "Server": [
          "Microsoft-HTTPAPI/2.0",
          "Microsoft-HTTPAPI/2.0"
        ],
        "Strict-Transport-Security": "max-age=31536000; includeSubDomains",
        "Transfer-Encoding": "chunked",
        "Vary": "Accept-Encoding",
        "X-Content-Type-Options": "nosniff",
        "x-ms-correlation-request-id": "d87401f9-984b-41c3-9a8a-3f193920310d",
        "x-ms-ratelimit-remaining-resource": "Microsoft.Compute/GetOperation3Min;14990,Microsoft.Compute/GetOperation30Min;29925",
        "x-ms-ratelimit-remaining-subscription-reads": "11902",
        "x-ms-routing-request-id": "WESTUS:20230216T070101Z:d87401f9-984b-41c3-9a8a-3f193920310d"
      },
      "ResponseBody": {
        "startTime": "2023-02-16T07:00:20.4600781\u002B00:00",
        "endTime": "2023-02-16T07:00:56.0078264\u002B00:00",
        "status": "Succeeded",
        "name": "d655063f-ac17-4745-9d56-e7f00288fb79"
      }
    }
  ],
  "Variables": {}
}
