{
  "Entries": [
    {
      "RequestUri": "https://login.microsoftonline.com/00000000-0000-0000-0000-000000000000/v2.0/.well-known/openid-configuration",
      "RequestMethod": "GET",
      "RequestHeaders": {
        "Accept": "*/*",
        "Accept-Encoding": "gzip, deflate",
        "Connection": "keep-alive",
        "User-Agent": "azsdk-python-identity/1.11.0b2 Python/3.8.12 (Linux-5.13.0-1031-azure-x86_64-with-glibc2.2.5) VSTS_0fb41ef4-5012-48a9-bf39-4ee3de03ee35_build_2500_0"
      },
      "RequestBody": null,
      "StatusCode": 200,
      "ResponseHeaders": {
        "Access-Control-Allow-Methods": "GET, OPTIONS",
        "Access-Control-Allow-Origin": "*",
        "Cache-Control": "max-age=86400, private",
        "Content-Length": "1753",
        "Content-Type": "application/json; charset=utf-8",
        "Date": "Mon, 27 Jun 2022 05:00:18 GMT",
        "P3P": "CP=\u0022DSP CUR OTPi IND OTRi ONL FIN\u0022",
        "Set-Cookie": "[set-cookie;]",
        "Strict-Transport-Security": "max-age=31536000; includeSubDomains",
        "X-Content-Type-Options": "nosniff",
        "x-ms-ests-server": "2.1.13006.6 - WUS2 ProdSlices",
        "X-XSS-Protection": "0"
      },
      "ResponseBody": {
        "token_endpoint": "https://login.microsoftonline.com/00000000-0000-0000-0000-000000000000/oauth2/v2.0/token",
        "token_endpoint_auth_methods_supported": [
          "client_secret_post",
          "private_key_jwt",
          "client_secret_basic"
        ],
        "jwks_uri": "https://login.microsoftonline.com/00000000-0000-0000-0000-000000000000/discovery/v2.0/keys",
        "response_modes_supported": [
          "query",
          "fragment",
          "form_post"
        ],
        "subject_types_supported": [
          "pairwise"
        ],
        "id_token_signing_alg_values_supported": [
          "RS256"
        ],
        "response_types_supported": [
          "code",
          "id_token",
          "code id_token",
          "id_token token"
        ],
        "scopes_supported": [
          "openid",
          "profile",
          "email",
          "offline_access"
        ],
        "issuer": "https://login.microsoftonline.com/00000000-0000-0000-0000-000000000000/v2.0",
        "request_uri_parameter_supported": false,
        "userinfo_endpoint": "https://graph.microsoft.com/oidc/userinfo",
        "authorization_endpoint": "https://login.microsoftonline.com/00000000-0000-0000-0000-000000000000/oauth2/v2.0/authorize",
        "device_authorization_endpoint": "https://login.microsoftonline.com/00000000-0000-0000-0000-000000000000/oauth2/v2.0/devicecode",
        "http_logout_supported": true,
        "frontchannel_logout_supported": true,
        "end_session_endpoint": "https://login.microsoftonline.com/00000000-0000-0000-0000-000000000000/oauth2/v2.0/logout",
        "claims_supported": [
          "sub",
          "iss",
          "cloud_instance_name",
          "cloud_instance_host_name",
          "cloud_graph_host_name",
          "msgraph_host",
          "aud",
          "exp",
          "iat",
          "auth_time",
          "acr",
          "nonce",
          "preferred_username",
          "name",
          "tid",
          "ver",
          "at_hash",
          "c_hash",
          "email"
        ],
        "kerberos_endpoint": "https://login.microsoftonline.com/00000000-0000-0000-0000-000000000000/kerberos",
        "tenant_region_scope": "NA",
        "cloud_instance_name": "microsoftonline.com",
        "cloud_graph_host_name": "graph.windows.net",
        "msgraph_host": "graph.microsoft.com",
        "rbac_url": "https://pas.windows.net"
      }
    },
    {
      "RequestUri": "https://login.microsoftonline.com/common/discovery/instance?api-version=1.1\u0026authorization_endpoint=https://login.microsoftonline.com/common/oauth2/authorize",
      "RequestMethod": "GET",
      "RequestHeaders": {
        "Accept": "application/json",
        "Accept-Encoding": "gzip, deflate",
        "Connection": "keep-alive",
        "Cookie": "cookie;",
        "User-Agent": "azsdk-python-identity/1.11.0b2 Python/3.8.12 (Linux-5.13.0-1031-azure-x86_64-with-glibc2.2.5) VSTS_0fb41ef4-5012-48a9-bf39-4ee3de03ee35_build_2500_0"
      },
      "RequestBody": null,
      "StatusCode": 200,
      "ResponseHeaders": {
        "Access-Control-Allow-Methods": "GET, OPTIONS",
        "Access-Control-Allow-Origin": "*",
        "Cache-Control": "max-age=86400, private",
        "Content-Length": "945",
        "Content-Type": "application/json; charset=utf-8",
        "Date": "Mon, 27 Jun 2022 05:00:18 GMT",
        "P3P": "CP=\u0022DSP CUR OTPi IND OTRi ONL FIN\u0022",
        "Set-Cookie": "[set-cookie;]",
        "Strict-Transport-Security": "max-age=31536000; includeSubDomains",
        "X-Content-Type-Options": "nosniff",
        "x-ms-ests-server": "2.1.13006.6 - NCUS ProdSlices",
        "X-XSS-Protection": "0"
      },
      "ResponseBody": {
        "tenant_discovery_endpoint": "https://login.microsoftonline.com/common/.well-known/openid-configuration",
        "api-version": "1.1",
        "metadata": [
          {
            "preferred_network": "login.microsoftonline.com",
            "preferred_cache": "login.windows.net",
            "aliases": [
              "login.microsoftonline.com",
              "login.windows.net",
              "login.microsoft.com",
              "sts.windows.net"
            ]
          },
          {
            "preferred_network": "login.partner.microsoftonline.cn",
            "preferred_cache": "login.partner.microsoftonline.cn",
            "aliases": [
              "login.partner.microsoftonline.cn",
              "login.chinacloudapi.cn"
            ]
          },
          {
            "preferred_network": "login.microsoftonline.de",
            "preferred_cache": "login.microsoftonline.de",
            "aliases": [
              "login.microsoftonline.de"
            ]
          },
          {
            "preferred_network": "login.microsoftonline.us",
            "preferred_cache": "login.microsoftonline.us",
            "aliases": [
              "login.microsoftonline.us",
              "login.usgovcloudapi.net"
            ]
          },
          {
            "preferred_network": "login-us.microsoftonline.com",
            "preferred_cache": "login-us.microsoftonline.com",
            "aliases": [
              "login-us.microsoftonline.com"
            ]
          }
        ]
      }
    },
    {
      "RequestUri": "https://login.microsoftonline.com/00000000-0000-0000-0000-000000000000/oauth2/v2.0/token",
      "RequestMethod": "POST",
      "RequestHeaders": {
        "Accept": "application/json",
        "Accept-Encoding": "gzip, deflate",
        "client-request-id": "b5cbce48-f16e-4645-877f-8bbb881826da",
        "Connection": "keep-alive",
        "Content-Length": "289",
        "Content-Type": "application/x-www-form-urlencoded",
        "Cookie": "cookie;",
        "User-Agent": "azsdk-python-identity/1.11.0b2 Python/3.8.12 (Linux-5.13.0-1031-azure-x86_64-with-glibc2.2.5) VSTS_0fb41ef4-5012-48a9-bf39-4ee3de03ee35_build_2500_0",
        "x-client-cpu": "x64",
        "x-client-current-telemetry": "4|730,0|",
        "x-client-last-telemetry": "4|0|||",
        "x-client-os": "linux",
        "x-client-sku": "MSAL.Python",
        "x-client-ver": "1.18.0",
        "x-ms-lib-capability": "retry-after, h429"
      },
      "RequestBody": "client_id=a2df54d5-ab03-4725-9b80-9a00b3b1967f\u0026grant_type=client_credentials\u0026client_info=1\u0026client_secret=0vj7Q~IsFayrD0V_8oyOfygU-GE3ELOabq95a\u0026claims=%7B%22access_token%22%3A\u002B%7B%22xms_cc%22%3A\u002B%7B%22values%22%3A\u002B%5B%22CP1%22%5D%7D%7D%7D\u0026scope=https%3A%2F%2Fmanagement.azure.com%2F.default",
      "StatusCode": 200,
      "ResponseHeaders": {
        "Cache-Control": "no-store, no-cache",
        "client-request-id": "b5cbce48-f16e-4645-877f-8bbb881826da",
        "Content-Length": "93",
        "Content-Type": "application/json; charset=utf-8",
        "Date": "Mon, 27 Jun 2022 05:00:19 GMT",
        "Expires": "-1",
        "P3P": "CP=\u0022DSP CUR OTPi IND OTRi ONL FIN\u0022",
        "Pragma": "no-cache",
        "Set-Cookie": "[set-cookie;]",
        "Strict-Transport-Security": "max-age=31536000; includeSubDomains",
        "X-Content-Type-Options": "nosniff",
        "x-ms-clitelem": "1,0,0,,",
        "x-ms-ests-server": "2.1.13006.6 - SCUS ProdSlices",
        "X-XSS-Protection": "0"
      },
      "ResponseBody": {
        "token_type": "Bearer",
        "expires_in": 3599,
        "ext_expires_in": 3599,
        "access_token": "access_token"
      }
    },
    {
      "RequestUri": "https://management.azure.com/subscriptions/00000000-0000-0000-0000-000000000000/resourceGroups/rgname/providers/Microsoft.Compute/disks/disknamexbc8e2966?api-version=2022-03-02",
      "RequestMethod": "PUT",
      "RequestHeaders": {
        "Accept": "application/json",
        "Accept-Encoding": "gzip, deflate",
        "Connection": "keep-alive",
        "Content-Length": "100",
        "Content-Type": "application/json",
        "User-Agent": "azsdk-python-azure-mgmt-compute/27.2.0 Python/3.8.12 (Linux-5.13.0-1031-azure-x86_64-with-glibc2.2.5) VSTS_0fb41ef4-5012-48a9-bf39-4ee3de03ee35_build_2500_0"
      },
      "RequestBody": {
        "location": "eastus",
        "properties": {
          "creationData": {
            "createOption": "Empty"
          },
          "diskSizeGB": 200
        }
      },
      "StatusCode": 202,
      "ResponseHeaders": {
        "Azure-AsyncOperation": "https://management.azure.com/subscriptions/00000000-0000-0000-0000-000000000000/providers/Microsoft.Compute/locations/eastus/DiskOperations/49174911-243c-49e8-83b8-a8705f06fcdb?p=36ee1309-094c-4cec-b989-37cf5e794c1b\u0026api-version=2022-03-02",
        "Cache-Control": "no-cache",
        "Content-Length": "236",
        "Content-Type": "application/json; charset=utf-8",
        "Date": "Mon, 27 Jun 2022 05:00:20 GMT",
        "Expires": "-1",
        "Location": "https://management.azure.com/subscriptions/00000000-0000-0000-0000-000000000000/providers/Microsoft.Compute/locations/eastus/DiskOperations/49174911-243c-49e8-83b8-a8705f06fcdb?p=36ee1309-094c-4cec-b989-37cf5e794c1b\u0026monitor=true\u0026api-version=2022-03-02",
        "Pragma": "no-cache",
        "Retry-After": "2",
        "Server": [
          "Microsoft-HTTPAPI/2.0",
          "Microsoft-HTTPAPI/2.0"
        ],
        "Strict-Transport-Security": "max-age=31536000; includeSubDomains",
        "X-Content-Type-Options": "nosniff",
        "x-ms-correlation-request-id": "086e898f-4aaa-4cc6-8f6a-d22e7af24da5",
        "x-ms-ratelimit-remaining-resource": "Microsoft.Compute/CreateUpdateDisks3Min;997,Microsoft.Compute/CreateUpdateDisks30Min;7997",
        "x-ms-ratelimit-remaining-subscription-writes": "1192",
        "x-ms-routing-request-id": "WESTUS:20220627T050020Z:086e898f-4aaa-4cc6-8f6a-d22e7af24da5",
        "x-ms-served-by": "36ee1309-094c-4cec-b989-37cf5e794c1b_133007216790508771"
      },
      "ResponseBody": {
        "name": "disknamexbc8e2966",
        "location": "eastus",
        "properties": {
          "creationData": {
            "createOption": "Empty"
          },
          "diskSizeGB": 200,
          "provisioningState": "Updating",
          "isArmResource": true
        }
      }
    },
    {
      "RequestUri": "https://management.azure.com/subscriptions/00000000-0000-0000-0000-000000000000/providers/Microsoft.Compute/locations/eastus/DiskOperations/49174911-243c-49e8-83b8-a8705f06fcdb?p=36ee1309-094c-4cec-b989-37cf5e794c1b\u0026api-version=2022-03-02",
      "RequestMethod": "GET",
      "RequestHeaders": {
        "Accept": "*/*",
        "Accept-Encoding": "gzip, deflate",
        "Connection": "keep-alive",
        "User-Agent": "azsdk-python-azure-mgmt-compute/27.2.0 Python/3.8.12 (Linux-5.13.0-1031-azure-x86_64-with-glibc2.2.5) VSTS_0fb41ef4-5012-48a9-bf39-4ee3de03ee35_build_2500_0"
      },
      "RequestBody": null,
      "StatusCode": 200,
      "ResponseHeaders": {
        "Cache-Control": "no-cache",
        "Content-Encoding": "gzip",
        "Content-Type": "application/json; charset=utf-8",
        "Date": "Mon, 27 Jun 2022 05:00:22 GMT",
        "Expires": "-1",
        "Pragma": "no-cache",
        "Server": [
          "Microsoft-HTTPAPI/2.0",
          "Microsoft-HTTPAPI/2.0"
        ],
        "Strict-Transport-Security": "max-age=31536000; includeSubDomains",
        "Transfer-Encoding": "chunked",
        "Vary": "Accept-Encoding",
        "X-Content-Type-Options": "nosniff",
        "x-ms-correlation-request-id": "b4b893c9-135c-48c8-81db-be99af192475",
        "x-ms-ratelimit-remaining-resource": "Microsoft.Compute/GetOperation3Min;49988,Microsoft.Compute/GetOperation30Min;399988",
        "x-ms-ratelimit-remaining-subscription-reads": "11914",
        "x-ms-routing-request-id": "WESTUS:20220627T050022Z:b4b893c9-135c-48c8-81db-be99af192475",
        "x-ms-served-by": "36ee1309-094c-4cec-b989-37cf5e794c1b_133007216790508771"
      },
      "ResponseBody": {
        "startTime": "2022-06-27T05:00:20.4411556\u002B00:00",
        "endTime": "2022-06-27T05:00:20.5345561\u002B00:00",
        "status": "Succeeded",
        "properties": {
          "output": {
            "name": "disknamexbc8e2966",
            "id": "/subscriptions/00000000-0000-0000-0000-000000000000/resourceGroups/rgname/providers/Microsoft.Compute/disks/disknamexbc8e2966",
            "type": "Microsoft.Compute/disks",
            "location": "eastus",
            "sku": {
              "name": "Standard_LRS",
              "tier": "Standard"
            },
            "properties": {
              "creationData": {
                "createOption": "Empty"
              },
              "diskSizeGB": 200,
              "diskIOPSReadWrite": 500,
              "diskMBpsReadWrite": 60,
              "encryption": {
                "type": "EncryptionAtRestWithPlatformKey"
              },
              "networkAccessPolicy": "AllowAll",
              "publicNetworkAccess": "Enabled",
              "timeCreated": "2022-06-27T05:00:20.4411556\u002B00:00",
              "provisioningState": "Succeeded",
              "diskState": "Unattached",
              "diskSizeBytes": 214748364800,
              "uniqueId": "715bed72-af3f-4f07-bae6-3f270f256ded"
            }
          }
        },
        "name": "49174911-243c-49e8-83b8-a8705f06fcdb"
      }
    },
    {
      "RequestUri": "https://management.azure.com/subscriptions/00000000-0000-0000-0000-000000000000/resourceGroups/rgname/providers/Microsoft.Compute/disks/disknamexbc8e2966?api-version=2022-03-02",
      "RequestMethod": "GET",
      "RequestHeaders": {
        "Accept": "*/*",
        "Accept-Encoding": "gzip, deflate",
        "Connection": "keep-alive",
        "User-Agent": "azsdk-python-azure-mgmt-compute/27.2.0 Python/3.8.12 (Linux-5.13.0-1031-azure-x86_64-with-glibc2.2.5) VSTS_0fb41ef4-5012-48a9-bf39-4ee3de03ee35_build_2500_0"
      },
      "RequestBody": null,
      "StatusCode": 200,
      "ResponseHeaders": {
        "Cache-Control": "no-cache",
        "Content-Encoding": "gzip",
        "Content-Type": "application/json; charset=utf-8",
        "Date": "Mon, 27 Jun 2022 05:00:22 GMT",
        "Expires": "-1",
        "Pragma": "no-cache",
        "Server": [
          "Microsoft-HTTPAPI/2.0",
          "Microsoft-HTTPAPI/2.0"
        ],
        "Strict-Transport-Security": "max-age=31536000; includeSubDomains",
        "Transfer-Encoding": "chunked",
        "Vary": "Accept-Encoding",
        "X-Content-Type-Options": "nosniff",
        "x-ms-correlation-request-id": "be0ba9ad-e465-45fc-a8c7-608b22f676cf",
        "x-ms-ratelimit-remaining-resource": "Microsoft.Compute/LowCostGet3Min;14991,Microsoft.Compute/LowCostGet30Min;119991",
        "x-ms-ratelimit-remaining-subscription-reads": "11913",
        "x-ms-routing-request-id": "WESTUS:20220627T050022Z:be0ba9ad-e465-45fc-a8c7-608b22f676cf",
        "x-ms-served-by": "36ee1309-094c-4cec-b989-37cf5e794c1b_133007216790508771"
      },
      "ResponseBody": {
        "name": "disknamexbc8e2966",
        "id": "/subscriptions/00000000-0000-0000-0000-000000000000/resourceGroups/rgname/providers/Microsoft.Compute/disks/disknamexbc8e2966",
        "type": "Microsoft.Compute/disks",
        "location": "eastus",
        "sku": {
          "name": "Standard_LRS",
          "tier": "Standard"
        },
        "properties": {
          "creationData": {
            "createOption": "Empty"
          },
          "diskSizeGB": 200,
          "diskIOPSReadWrite": 500,
          "diskMBpsReadWrite": 60,
          "encryption": {
            "type": "EncryptionAtRestWithPlatformKey"
          },
          "networkAccessPolicy": "AllowAll",
          "publicNetworkAccess": "Enabled",
          "timeCreated": "2022-06-27T05:00:20.4411556\u002B00:00",
          "provisioningState": "Succeeded",
          "diskState": "Unattached",
          "diskSizeBytes": 214748364800,
          "uniqueId": "715bed72-af3f-4f07-bae6-3f270f256ded"
        }
      }
    },
    {
      "RequestUri": "https://management.azure.com/subscriptions/00000000-0000-0000-0000-000000000000/resourceGroups/rgname/providers/Microsoft.Compute/snapshots/snapshotxbc8e2966?api-version=2022-03-02",
      "RequestMethod": "PUT",
      "RequestHeaders": {
        "Accept": "application/json",
        "Accept-Encoding": "gzip, deflate",
        "Connection": "keep-alive",
        "Content-Length": "222",
        "Content-Type": "application/json",
        "User-Agent": "azsdk-python-azure-mgmt-compute/27.2.0 Python/3.8.12 (Linux-5.13.0-1031-azure-x86_64-with-glibc2.2.5) VSTS_0fb41ef4-5012-48a9-bf39-4ee3de03ee35_build_2500_0"
      },
      "RequestBody": {
        "location": "eastus",
        "properties": {
          "creationData": {
            "createOption": "Copy",
            "sourceUri": "/subscriptions/00000000-0000-0000-0000-000000000000/resourceGroups/rgname/providers/Microsoft.Compute/disks/disknamexbc8e2966"
          }
        }
      },
      "StatusCode": 202,
      "ResponseHeaders": {
        "Azure-AsyncOperation": "https://management.azure.com/subscriptions/00000000-0000-0000-0000-000000000000/providers/Microsoft.Compute/locations/eastus/DiskOperations/fa2aaa8c-8ffc-4c77-847b-60fcb6f3c384?p=36ee1309-094c-4cec-b989-37cf5e794c1b\u0026api-version=2022-03-02",
        "Cache-Control": "no-cache",
        "Content-Length": "432",
        "Content-Type": "application/json; charset=utf-8",
        "Date": "Mon, 27 Jun 2022 05:00:23 GMT",
        "Expires": "-1",
        "Location": "https://management.azure.com/subscriptions/00000000-0000-0000-0000-000000000000/providers/Microsoft.Compute/locations/eastus/DiskOperations/fa2aaa8c-8ffc-4c77-847b-60fcb6f3c384?p=36ee1309-094c-4cec-b989-37cf5e794c1b\u0026monitor=true\u0026api-version=2022-03-02",
        "Pragma": "no-cache",
        "Retry-After": "2",
        "Server": [
          "Microsoft-HTTPAPI/2.0",
          "Microsoft-HTTPAPI/2.0"
        ],
        "Strict-Transport-Security": "max-age=31536000; includeSubDomains",
        "X-Content-Type-Options": "nosniff",
        "x-ms-correlation-request-id": "cbf2d97f-7616-43a1-ba97-c5980447d694",
        "x-ms-ratelimit-remaining-resource": "Microsoft.Compute/HighCostSnapshotCreateHydrate3Min;999,Microsoft.Compute/HighCostSnapshotCreateHydrate30Min;7999",
        "x-ms-ratelimit-remaining-subscription-writes": "1191",
        "x-ms-routing-request-id": "WESTUS:20220627T050023Z:cbf2d97f-7616-43a1-ba97-c5980447d694",
        "x-ms-served-by": "36ee1309-094c-4cec-b989-37cf5e794c1b_133007216790508771"
      },
      "ResponseBody": {
        "location": "eastus",
        "properties": {
          "creationData": {
            "createOption": "Copy",
            "sourceUri": "/subscriptions/00000000-0000-0000-0000-000000000000/resourceGroups/rgname/providers/Microsoft.Compute/disks/disknamexbc8e2966",
            "sourceUniqueId": "715bed72-af3f-4f07-bae6-3f270f256ded"
          },
          "publicNetworkAccess": "Enabled",
          "provisioningState": "Updating",
          "isArmResource": true
        }
      }
    },
    {
      "RequestUri": "https://management.azure.com/subscriptions/00000000-0000-0000-0000-000000000000/providers/Microsoft.Compute/locations/eastus/DiskOperations/fa2aaa8c-8ffc-4c77-847b-60fcb6f3c384?p=36ee1309-094c-4cec-b989-37cf5e794c1b\u0026api-version=2022-03-02",
      "RequestMethod": "GET",
      "RequestHeaders": {
        "Accept": "*/*",
        "Accept-Encoding": "gzip, deflate",
        "Connection": "keep-alive",
        "User-Agent": "azsdk-python-azure-mgmt-compute/27.2.0 Python/3.8.12 (Linux-5.13.0-1031-azure-x86_64-with-glibc2.2.5) VSTS_0fb41ef4-5012-48a9-bf39-4ee3de03ee35_build_2500_0"
      },
      "RequestBody": null,
      "StatusCode": 200,
      "ResponseHeaders": {
        "Cache-Control": "no-cache",
        "Content-Encoding": "gzip",
        "Content-Type": "application/json; charset=utf-8",
        "Date": "Mon, 27 Jun 2022 05:00:25 GMT",
        "Expires": "-1",
        "Pragma": "no-cache",
        "Server": [
          "Microsoft-HTTPAPI/2.0",
          "Microsoft-HTTPAPI/2.0"
        ],
        "Strict-Transport-Security": "max-age=31536000; includeSubDomains",
        "Transfer-Encoding": "chunked",
        "Vary": "Accept-Encoding",
        "X-Content-Type-Options": "nosniff",
        "x-ms-correlation-request-id": "9c1ea946-28a0-42dd-aa3f-94d24abf37d1",
        "x-ms-ratelimit-remaining-resource": "Microsoft.Compute/GetOperation3Min;49987,Microsoft.Compute/GetOperation30Min;399987",
        "x-ms-ratelimit-remaining-subscription-reads": "11912",
        "x-ms-routing-request-id": "WESTUS:20220627T050025Z:9c1ea946-28a0-42dd-aa3f-94d24abf37d1",
        "x-ms-served-by": "36ee1309-094c-4cec-b989-37cf5e794c1b_133007216790508771"
      },
      "ResponseBody": {
        "startTime": "2022-06-27T05:00:23.3470598\u002B00:00",
        "endTime": "2022-06-27T05:00:24.4876881\u002B00:00",
        "status": "Succeeded",
        "properties": {
          "output": {
            "name": "snapshotxbc8e2966",
            "id": "/subscriptions/00000000-0000-0000-0000-000000000000/resourceGroups/rgname/providers/Microsoft.Compute/snapshots/snapshotxbc8e2966",
            "type": "Microsoft.Compute/snapshots",
            "location": "eastus",
            "sku": {
              "name": "Standard_LRS",
              "tier": "Standard"
            },
            "properties": {
              "creationData": {
                "createOption": "Copy",
                "sourceResourceId": "/subscriptions/00000000-0000-0000-0000-000000000000/resourceGroups/rgname/providers/Microsoft.Compute/disks/disknamexbc8e2966",
                "sourceUniqueId": "715bed72-af3f-4f07-bae6-3f270f256ded"
              },
              "diskSizeGB": 200,
              "encryption": {
                "type": "EncryptionAtRestWithPlatformKey"
              },
              "incremental": false,
              "networkAccessPolicy": "AllowAll",
              "publicNetworkAccess": "Enabled",
              "timeCreated": "2022-06-27T05:00:23.3626932\u002B00:00",
              "provisioningState": "Succeeded",
              "diskState": "Unattached",
              "diskSizeBytes": 214748364800,
              "uniqueId": "b3b02539-f0fe-4b73-a3d2-354b7a67c347"
            }
          }
        },
        "name": "fa2aaa8c-8ffc-4c77-847b-60fcb6f3c384"
      }
    },
    {
      "RequestUri": "https://management.azure.com/subscriptions/00000000-0000-0000-0000-000000000000/resourceGroups/rgname/providers/Microsoft.Compute/snapshots/snapshotxbc8e2966?api-version=2022-03-02",
      "RequestMethod": "GET",
      "RequestHeaders": {
        "Accept": "*/*",
        "Accept-Encoding": "gzip, deflate",
        "Connection": "keep-alive",
        "User-Agent": "azsdk-python-azure-mgmt-compute/27.2.0 Python/3.8.12 (Linux-5.13.0-1031-azure-x86_64-with-glibc2.2.5) VSTS_0fb41ef4-5012-48a9-bf39-4ee3de03ee35_build_2500_0"
      },
      "RequestBody": null,
      "StatusCode": 200,
      "ResponseHeaders": {
        "Cache-Control": "no-cache",
        "Content-Encoding": "gzip",
        "Content-Type": "application/json; charset=utf-8",
        "Date": "Mon, 27 Jun 2022 05:00:25 GMT",
        "Expires": "-1",
        "Pragma": "no-cache",
        "Server": [
          "Microsoft-HTTPAPI/2.0",
          "Microsoft-HTTPAPI/2.0"
        ],
        "Strict-Transport-Security": "max-age=31536000; includeSubDomains",
        "Transfer-Encoding": "chunked",
        "Vary": "Accept-Encoding",
        "X-Content-Type-Options": "nosniff",
        "x-ms-correlation-request-id": "495aca39-c966-4498-81d9-f82a4d8ee275",
        "x-ms-ratelimit-remaining-resource": "Microsoft.Compute/LowCostGet3Min;14990,Microsoft.Compute/LowCostGet30Min;119990",
        "x-ms-ratelimit-remaining-subscription-reads": "11911",
        "x-ms-routing-request-id": "WESTUS:20220627T050025Z:495aca39-c966-4498-81d9-f82a4d8ee275",
        "x-ms-served-by": "36ee1309-094c-4cec-b989-37cf5e794c1b_133007216790508771"
      },
      "ResponseBody": {
        "name": "snapshotxbc8e2966",
        "id": "/subscriptions/00000000-0000-0000-0000-000000000000/resourceGroups/rgname/providers/Microsoft.Compute/snapshots/snapshotxbc8e2966",
        "type": "Microsoft.Compute/snapshots",
        "location": "eastus",
        "sku": {
          "name": "Standard_LRS",
          "tier": "Standard"
        },
        "properties": {
          "creationData": {
            "createOption": "Copy",
            "sourceResourceId": "/subscriptions/00000000-0000-0000-0000-000000000000/resourceGroups/rgname/providers/Microsoft.Compute/disks/disknamexbc8e2966",
            "sourceUniqueId": "715bed72-af3f-4f07-bae6-3f270f256ded"
          },
          "diskSizeGB": 200,
          "encryption": {
            "type": "EncryptionAtRestWithPlatformKey"
          },
          "incremental": false,
          "networkAccessPolicy": "AllowAll",
          "publicNetworkAccess": "Enabled",
          "timeCreated": "2022-06-27T05:00:23.3626932\u002B00:00",
          "provisioningState": "Succeeded",
          "diskState": "Unattached",
          "diskSizeBytes": 214748364800,
          "uniqueId": "b3b02539-f0fe-4b73-a3d2-354b7a67c347"
        }
      }
    },
    {
      "RequestUri": "https://management.azure.com/subscriptions/00000000-0000-0000-0000-000000000000/resourceGroups/rgname/providers/Microsoft.Compute/images/imagexbc8e2966?api-version=2022-03-01",
      "RequestMethod": "PUT",
      "RequestHeaders": {
        "Accept": "application/json",
        "Accept-Encoding": "gzip, deflate",
        "Connection": "keep-alive",
        "Content-Length": "317",
        "Content-Type": "application/json",
        "User-Agent": "azsdk-python-azure-mgmt-compute/27.2.0 Python/3.8.12 (Linux-5.13.0-1031-azure-x86_64-with-glibc2.2.5) VSTS_0fb41ef4-5012-48a9-bf39-4ee3de03ee35_build_2500_0"
      },
      "RequestBody": {
        "location": "eastus",
        "properties": {
          "storageProfile": {
            "osDisk": {
              "snapshot": {
                "id": "subscriptions/00000000-0000-0000-0000-000000000000/resourceGroups/rgname/providers/Microsoft.Compute/snapshots/snapshotxbc8e2966"
              },
              "osType": "Linux",
              "osState": "Generalized"
            },
            "zoneResilient": false
          },
          "hyperVGeneration": "V1"
        }
      },
      "StatusCode": 201,
      "ResponseHeaders": {
        "Azure-AsyncNotification": "Enabled",
        "Azure-AsyncOperation": "https://management.azure.com/subscriptions/00000000-0000-0000-0000-000000000000/providers/Microsoft.Compute/locations/eastus/operations/bfa44cd1-32de-447c-81b4-e1ea995e90be?p=54253b73-cb53-496f-ab42-5e5ee19426f8\u0026api-version=2022-03-01",
        "Cache-Control": "no-cache",
        "Content-Length": "762",
        "Content-Type": "application/json; charset=utf-8",
        "Date": "Mon, 27 Jun 2022 05:00:26 GMT",
        "Expires": "-1",
        "Pragma": "no-cache",
        "Server": [
          "Microsoft-HTTPAPI/2.0",
          "Microsoft-HTTPAPI/2.0"
        ],
        "Strict-Transport-Security": "max-age=31536000; includeSubDomains",
        "X-Content-Type-Options": "nosniff",
        "x-ms-correlation-request-id": "8988c6bf-6c14-4958-bcdb-0eea0a1fa64a",
        "x-ms-ratelimit-remaining-resource": "Microsoft.Compute/CreateImages3Min;39,Microsoft.Compute/CreateImages30Min;199",
        "x-ms-ratelimit-remaining-subscription-writes": "1190",
        "x-ms-routing-request-id": "WESTUS:20220627T050027Z:8988c6bf-6c14-4958-bcdb-0eea0a1fa64a"
      },
      "ResponseBody": {
        "name": "imagexbc8e2966",
        "id": "/subscriptions/00000000-0000-0000-0000-000000000000/resourceGroups/rgname/providers/Microsoft.Compute/images/imagexbc8e2966",
        "type": "Microsoft.Compute/images",
        "location": "eastus",
        "properties": {
          "storageProfile": {
            "osDisk": {
              "osType": "Linux",
              "osState": "Generalized",
              "snapshot": {
                "id": "/subscriptions/00000000-0000-0000-0000-000000000000/resourceGroups/rgname/providers/Microsoft.Compute/snapshots/snapshotxbc8e2966"
              },
              "caching": "None",
              "storageAccountType": "Standard_LRS"
            },
            "dataDisks": [],
            "zoneResilient": false
          },
          "provisioningState": "Creating",
          "hyperVGeneration": "V1"
        }
      }
    },
    {
      "RequestUri": "https://management.azure.com/subscriptions/00000000-0000-0000-0000-000000000000/providers/Microsoft.Compute/locations/eastus/operations/bfa44cd1-32de-447c-81b4-e1ea995e90be?p=54253b73-cb53-496f-ab42-5e5ee19426f8\u0026api-version=2022-03-01",
      "RequestMethod": "GET",
      "RequestHeaders": {
        "Accept": "*/*",
        "Accept-Encoding": "gzip, deflate",
        "Connection": "keep-alive",
        "User-Agent": "azsdk-python-azure-mgmt-compute/27.2.0 Python/3.8.12 (Linux-5.13.0-1031-azure-x86_64-with-glibc2.2.5) VSTS_0fb41ef4-5012-48a9-bf39-4ee3de03ee35_build_2500_0"
      },
      "RequestBody": null,
      "StatusCode": 200,
      "ResponseHeaders": {
        "Cache-Control": "no-cache",
        "Content-Encoding": "gzip",
        "Content-Type": "application/json; charset=utf-8",
        "Date": "Mon, 27 Jun 2022 05:00:56 GMT",
        "Expires": "-1",
        "Pragma": "no-cache",
        "Server": [
          "Microsoft-HTTPAPI/2.0",
          "Microsoft-HTTPAPI/2.0"
        ],
        "Strict-Transport-Security": "max-age=31536000; includeSubDomains",
        "Transfer-Encoding": "chunked",
        "Vary": "Accept-Encoding",
        "X-Content-Type-Options": "nosniff",
        "x-ms-correlation-request-id": "ccbffed8-b16a-41a7-b9af-5e070cd5911a",
        "x-ms-ratelimit-remaining-resource": "Microsoft.Compute/GetOperation3Min;14996,Microsoft.Compute/GetOperation30Min;29995",
        "x-ms-ratelimit-remaining-subscription-reads": "11910",
        "x-ms-routing-request-id": "WESTUS:20220627T050057Z:ccbffed8-b16a-41a7-b9af-5e070cd5911a"
      },
      "ResponseBody": {
        "startTime": "2022-06-27T05:00:26.4211949\u002B00:00",
        "endTime": "2022-06-27T05:00:31.7806023\u002B00:00",
        "status": "Succeeded",
        "name": "bfa44cd1-32de-447c-81b4-e1ea995e90be"
      }
    },
    {
      "RequestUri": "https://management.azure.com/subscriptions/00000000-0000-0000-0000-000000000000/resourceGroups/rgname/providers/Microsoft.Compute/images/imagexbc8e2966?api-version=2022-03-01",
      "RequestMethod": "GET",
      "RequestHeaders": {
        "Accept": "*/*",
        "Accept-Encoding": "gzip, deflate",
        "Connection": "keep-alive",
        "User-Agent": "azsdk-python-azure-mgmt-compute/27.2.0 Python/3.8.12 (Linux-5.13.0-1031-azure-x86_64-with-glibc2.2.5) VSTS_0fb41ef4-5012-48a9-bf39-4ee3de03ee35_build_2500_0"
      },
      "RequestBody": null,
      "StatusCode": 200,
      "ResponseHeaders": {
        "Cache-Control": "no-cache",
        "Content-Encoding": "gzip",
        "Content-Type": "application/json; charset=utf-8",
        "Date": "Mon, 27 Jun 2022 05:00:56 GMT",
        "Expires": "-1",
        "Pragma": "no-cache",
        "Server": [
          "Microsoft-HTTPAPI/2.0",
          "Microsoft-HTTPAPI/2.0"
        ],
        "Strict-Transport-Security": "max-age=31536000; includeSubDomains",
        "Transfer-Encoding": "chunked",
        "Vary": "Accept-Encoding",
        "X-Content-Type-Options": "nosniff",
        "x-ms-correlation-request-id": "1140dd98-7ac0-42aa-abef-70444c1a14bf",
        "x-ms-ratelimit-remaining-resource": "Microsoft.Compute/GetImages3Min;358,Microsoft.Compute/GetImages30Min;1798",
        "x-ms-ratelimit-remaining-subscription-reads": "11909",
        "x-ms-routing-request-id": "WESTUS:20220627T050057Z:1140dd98-7ac0-42aa-abef-70444c1a14bf"
      },
      "ResponseBody": {
        "name": "imagexbc8e2966",
        "id": "/subscriptions/00000000-0000-0000-0000-000000000000/resourceGroups/rgname/providers/Microsoft.Compute/images/imagexbc8e2966",
        "type": "Microsoft.Compute/images",
        "location": "eastus",
        "properties": {
          "storageProfile": {
            "osDisk": {
              "osType": "Linux",
              "osState": "Generalized",
              "diskSizeGB": 200,
              "snapshot": {
                "id": "/subscriptions/00000000-0000-0000-0000-000000000000/resourceGroups/rgname/providers/Microsoft.Compute/snapshots/snapshotxbc8e2966"
              },
              "caching": "None",
              "storageAccountType": "Standard_LRS"
            },
            "dataDisks": [],
            "zoneResilient": false
          },
          "provisioningState": "Succeeded",
          "hyperVGeneration": "V1"
        }
      }
    },
    {
      "RequestUri": "https://management.azure.com/subscriptions/00000000-0000-0000-0000-000000000000/resourceGroups/rgname/providers/Microsoft.Compute/snapshots/snapshotxbc8e2966?api-version=2022-03-02",
      "RequestMethod": "GET",
      "RequestHeaders": {
        "Accept": "application/json",
        "Accept-Encoding": "gzip, deflate",
        "Connection": "keep-alive",
        "User-Agent": "azsdk-python-azure-mgmt-compute/27.2.0 Python/3.8.12 (Linux-5.13.0-1031-azure-x86_64-with-glibc2.2.5) VSTS_0fb41ef4-5012-48a9-bf39-4ee3de03ee35_build_2500_0"
      },
      "RequestBody": null,
      "StatusCode": 200,
      "ResponseHeaders": {
        "Cache-Control": "no-cache",
        "Content-Encoding": "gzip",
        "Content-Type": "application/json; charset=utf-8",
        "Date": "Mon, 27 Jun 2022 05:00:56 GMT",
        "Expires": "-1",
        "Pragma": "no-cache",
        "Server": [
          "Microsoft-HTTPAPI/2.0",
          "Microsoft-HTTPAPI/2.0"
        ],
        "Strict-Transport-Security": "max-age=31536000; includeSubDomains",
        "Transfer-Encoding": "chunked",
        "Vary": "Accept-Encoding",
        "X-Content-Type-Options": "nosniff",
        "x-ms-correlation-request-id": "3f280fe2-59c0-4c68-b67b-7f80ae9f1c21",
        "x-ms-ratelimit-remaining-resource": "Microsoft.Compute/LowCostGet3Min;14984,Microsoft.Compute/LowCostGet30Min;119984",
        "x-ms-ratelimit-remaining-subscription-reads": "11908",
        "x-ms-routing-request-id": "WESTUS:20220627T050057Z:3f280fe2-59c0-4c68-b67b-7f80ae9f1c21",
        "x-ms-served-by": "36ee1309-094c-4cec-b989-37cf5e794c1b_133007216790508771"
      },
      "ResponseBody": {
        "name": "snapshotxbc8e2966",
        "id": "/subscriptions/00000000-0000-0000-0000-000000000000/resourceGroups/rgname/providers/Microsoft.Compute/snapshots/snapshotxbc8e2966",
        "type": "Microsoft.Compute/snapshots",
        "location": "eastus",
        "sku": {
          "name": "Standard_LRS",
          "tier": "Standard"
        },
        "properties": {
          "creationData": {
            "createOption": "Copy",
            "sourceResourceId": "/subscriptions/00000000-0000-0000-0000-000000000000/resourceGroups/rgname/providers/Microsoft.Compute/disks/disknamexbc8e2966",
            "sourceUniqueId": "715bed72-af3f-4f07-bae6-3f270f256ded"
          },
          "diskSizeGB": 200,
          "encryption": {
            "type": "EncryptionAtRestWithPlatformKey"
          },
          "incremental": false,
          "networkAccessPolicy": "AllowAll",
          "publicNetworkAccess": "Enabled",
          "timeCreated": "2022-06-27T05:00:23.3626932\u002B00:00",
          "provisioningState": "Succeeded",
          "diskState": "Unattached",
          "diskSizeBytes": 214748364800,
          "uniqueId": "b3b02539-f0fe-4b73-a3d2-354b7a67c347"
        }
      }
    },
    {
      "RequestUri": "https://management.azure.com/subscriptions/00000000-0000-0000-0000-000000000000/resourceGroups/rgname/providers/Microsoft.Compute/images/imagexbc8e2966?api-version=2022-03-01",
      "RequestMethod": "GET",
      "RequestHeaders": {
        "Accept": "application/json",
        "Accept-Encoding": "gzip, deflate",
        "Connection": "keep-alive",
        "User-Agent": "azsdk-python-azure-mgmt-compute/27.2.0 Python/3.8.12 (Linux-5.13.0-1031-azure-x86_64-with-glibc2.2.5) VSTS_0fb41ef4-5012-48a9-bf39-4ee3de03ee35_build_2500_0"
      },
      "RequestBody": null,
      "StatusCode": 200,
      "ResponseHeaders": {
        "Cache-Control": "no-cache",
        "Content-Encoding": "gzip",
        "Content-Type": "application/json; charset=utf-8",
        "Date": "Mon, 27 Jun 2022 05:00:57 GMT",
        "Expires": "-1",
        "Pragma": "no-cache",
        "Server": [
          "Microsoft-HTTPAPI/2.0",
          "Microsoft-HTTPAPI/2.0"
        ],
        "Strict-Transport-Security": "max-age=31536000; includeSubDomains",
        "Transfer-Encoding": "chunked",
        "Vary": "Accept-Encoding",
        "X-Content-Type-Options": "nosniff",
        "x-ms-correlation-request-id": "8b962ea8-196b-463f-b6a4-4df3382bb03b",
        "x-ms-ratelimit-remaining-resource": "Microsoft.Compute/GetImages3Min;357,Microsoft.Compute/GetImages30Min;1797",
        "x-ms-ratelimit-remaining-subscription-reads": "11907",
        "x-ms-routing-request-id": "WESTUS:20220627T050057Z:8b962ea8-196b-463f-b6a4-4df3382bb03b"
      },
      "ResponseBody": {
        "name": "imagexbc8e2966",
        "id": "/subscriptions/00000000-0000-0000-0000-000000000000/resourceGroups/rgname/providers/Microsoft.Compute/images/imagexbc8e2966",
        "type": "Microsoft.Compute/images",
        "location": "eastus",
        "properties": {
          "storageProfile": {
            "osDisk": {
              "osType": "Linux",
              "osState": "Generalized",
              "diskSizeGB": 200,
              "snapshot": {
                "id": "/subscriptions/00000000-0000-0000-0000-000000000000/resourceGroups/rgname/providers/Microsoft.Compute/snapshots/snapshotxbc8e2966"
              },
              "caching": "None",
              "storageAccountType": "Standard_LRS"
            },
            "dataDisks": [],
            "zoneResilient": false
          },
          "provisioningState": "Succeeded",
          "hyperVGeneration": "V1"
        }
      }
    },
    {
      "RequestUri": "https://management.azure.com/subscriptions/00000000-0000-0000-0000-000000000000/resourceGroups/rgname/providers/Microsoft.Compute/images/imagexbc8e2966?api-version=2022-03-01",
      "RequestMethod": "PATCH",
      "RequestHeaders": {
        "Accept": "application/json",
        "Accept-Encoding": "gzip, deflate",
        "Connection": "keep-alive",
        "Content-Length": "30",
        "Content-Type": "application/json",
        "User-Agent": "azsdk-python-azure-mgmt-compute/27.2.0 Python/3.8.12 (Linux-5.13.0-1031-azure-x86_64-with-glibc2.2.5) VSTS_0fb41ef4-5012-48a9-bf39-4ee3de03ee35_build_2500_0"
      },
      "RequestBody": {
        "tags": {
          "department": "HR"
        }
      },
      "StatusCode": 200,
      "ResponseHeaders": {
        "Azure-AsyncNotification": "Enabled",
        "Azure-AsyncOperation": "https://management.azure.com/subscriptions/00000000-0000-0000-0000-000000000000/providers/Microsoft.Compute/locations/eastus/operations/d5949c39-ce21-434d-a2fd-f97d137ffee5?p=54253b73-cb53-496f-ab42-5e5ee19426f8\u0026api-version=2022-03-01",
        "Cache-Control": "no-cache",
        "Content-Encoding": "gzip",
        "Content-Type": "application/json; charset=utf-8",
        "Date": "Mon, 27 Jun 2022 05:00:57 GMT",
        "Expires": "-1",
        "Pragma": "no-cache",
        "Server": [
          "Microsoft-HTTPAPI/2.0",
          "Microsoft-HTTPAPI/2.0"
        ],
        "Strict-Transport-Security": "max-age=31536000; includeSubDomains",
        "Transfer-Encoding": "chunked",
        "Vary": "Accept-Encoding",
        "X-Content-Type-Options": "nosniff",
        "x-ms-correlation-request-id": "6c8e1d0a-2576-4d94-9dd1-ec6532e46b9c",
        "x-ms-ratelimit-remaining-resource": "Microsoft.Compute/CreateImages3Min;38,Microsoft.Compute/CreateImages30Min;198",
        "x-ms-ratelimit-remaining-subscription-writes": "1189",
        "x-ms-routing-request-id": "WESTUS:20220627T050058Z:6c8e1d0a-2576-4d94-9dd1-ec6532e46b9c"
      },
      "ResponseBody": {
        "name": "imagexbc8e2966",
        "id": "/subscriptions/00000000-0000-0000-0000-000000000000/resourceGroups/rgname/providers/Microsoft.Compute/images/imagexbc8e2966",
        "type": "Microsoft.Compute/images",
        "location": "eastus",
        "tags": {
          "department": "HR"
        },
        "properties": {
          "storageProfile": {
            "osDisk": {
              "osType": "Linux",
              "osState": "Generalized",
              "diskSizeGB": 200,
              "snapshot": {
                "id": "/subscriptions/00000000-0000-0000-0000-000000000000/resourceGroups/rgname/providers/Microsoft.Compute/snapshots/snapshotxbc8e2966"
              },
              "caching": "None",
              "storageAccountType": "Standard_LRS"
            },
            "dataDisks": [],
            "zoneResilient": false
          },
          "provisioningState": "Updating",
          "hyperVGeneration": "V1"
        }
      }
    },
    {
      "RequestUri": "https://management.azure.com/subscriptions/00000000-0000-0000-0000-000000000000/providers/Microsoft.Compute/locations/eastus/operations/d5949c39-ce21-434d-a2fd-f97d137ffee5?p=54253b73-cb53-496f-ab42-5e5ee19426f8\u0026api-version=2022-03-01",
      "RequestMethod": "GET",
      "RequestHeaders": {
        "Accept": "*/*",
        "Accept-Encoding": "gzip, deflate",
        "Connection": "keep-alive",
        "User-Agent": "azsdk-python-azure-mgmt-compute/27.2.0 Python/3.8.12 (Linux-5.13.0-1031-azure-x86_64-with-glibc2.2.5) VSTS_0fb41ef4-5012-48a9-bf39-4ee3de03ee35_build_2500_0"
      },
      "RequestBody": null,
      "StatusCode": 200,
      "ResponseHeaders": {
        "Cache-Control": "no-cache",
        "Content-Encoding": "gzip",
        "Content-Type": "application/json; charset=utf-8",
        "Date": "Mon, 27 Jun 2022 05:01:27 GMT",
        "Expires": "-1",
        "Pragma": "no-cache",
        "Server": [
          "Microsoft-HTTPAPI/2.0",
          "Microsoft-HTTPAPI/2.0"
        ],
        "Strict-Transport-Security": "max-age=31536000; includeSubDomains",
        "Transfer-Encoding": "chunked",
        "Vary": "Accept-Encoding",
        "X-Content-Type-Options": "nosniff",
        "x-ms-correlation-request-id": "5d023a8a-918d-4941-ad08-daa5a6ea7c79",
        "x-ms-ratelimit-remaining-resource": "Microsoft.Compute/GetOperation3Min;14997,Microsoft.Compute/GetOperation30Min;29994",
        "x-ms-ratelimit-remaining-subscription-reads": "11906",
        "x-ms-routing-request-id": "WESTUS:20220627T050128Z:5d023a8a-918d-4941-ad08-daa5a6ea7c79"
      },
      "ResponseBody": {
        "startTime": "2022-06-27T05:00:57.8120197\u002B00:00",
        "endTime": "2022-06-27T05:01:02.8901692\u002B00:00",
        "status": "Succeeded",
        "name": "d5949c39-ce21-434d-a2fd-f97d137ffee5"
      }
    },
    {
      "RequestUri": "https://management.azure.com/subscriptions/00000000-0000-0000-0000-000000000000/resourceGroups/rgname/providers/Microsoft.Compute/images/imagexbc8e2966?api-version=2022-03-01",
      "RequestMethod": "GET",
      "RequestHeaders": {
        "Accept": "*/*",
        "Accept-Encoding": "gzip, deflate",
        "Connection": "keep-alive",
        "User-Agent": "azsdk-python-azure-mgmt-compute/27.2.0 Python/3.8.12 (Linux-5.13.0-1031-azure-x86_64-with-glibc2.2.5) VSTS_0fb41ef4-5012-48a9-bf39-4ee3de03ee35_build_2500_0"
      },
      "RequestBody": null,
      "StatusCode": 200,
      "ResponseHeaders": {
        "Cache-Control": "no-cache",
        "Content-Encoding": "gzip",
        "Content-Type": "application/json; charset=utf-8",
        "Date": "Mon, 27 Jun 2022 05:01:27 GMT",
        "Expires": "-1",
        "Pragma": "no-cache",
        "Server": [
          "Microsoft-HTTPAPI/2.0",
          "Microsoft-HTTPAPI/2.0"
        ],
        "Strict-Transport-Security": "max-age=31536000; includeSubDomains",
        "Transfer-Encoding": "chunked",
        "Vary": "Accept-Encoding",
        "X-Content-Type-Options": "nosniff",
        "x-ms-correlation-request-id": "520a8b71-5835-494e-b0be-702813fe1d41",
        "x-ms-ratelimit-remaining-resource": "Microsoft.Compute/GetImages3Min;355,Microsoft.Compute/GetImages30Min;1795",
        "x-ms-ratelimit-remaining-subscription-reads": "11905",
        "x-ms-routing-request-id": "WESTUS:20220627T050128Z:520a8b71-5835-494e-b0be-702813fe1d41"
      },
      "ResponseBody": {
        "name": "imagexbc8e2966",
        "id": "/subscriptions/00000000-0000-0000-0000-000000000000/resourceGroups/rgname/providers/Microsoft.Compute/images/imagexbc8e2966",
        "type": "Microsoft.Compute/images",
        "location": "eastus",
        "tags": {
          "department": "HR"
        },
        "properties": {
          "storageProfile": {
            "osDisk": {
              "osType": "Linux",
              "osState": "Generalized",
              "diskSizeGB": 200,
              "snapshot": {
                "id": "/subscriptions/00000000-0000-0000-0000-000000000000/resourceGroups/rgname/providers/Microsoft.Compute/snapshots/snapshotxbc8e2966"
              },
              "caching": "None",
              "storageAccountType": "Standard_LRS"
            },
            "dataDisks": [],
            "zoneResilient": false
          },
          "provisioningState": "Succeeded",
          "hyperVGeneration": "V1"
        }
      }
    },
    {
      "RequestUri": "https://management.azure.com/subscriptions/00000000-0000-0000-0000-000000000000/resourceGroups/rgname/providers/Microsoft.Compute/snapshots/snapshotxbc8e2966?api-version=2022-03-02",
      "RequestMethod": "PATCH",
      "RequestHeaders": {
        "Accept": "application/json",
        "Accept-Encoding": "gzip, deflate",
        "Connection": "keep-alive",
        "Content-Length": "2",
        "Content-Type": "application/json",
        "User-Agent": "azsdk-python-azure-mgmt-compute/27.2.0 Python/3.8.12 (Linux-5.13.0-1031-azure-x86_64-with-glibc2.2.5) VSTS_0fb41ef4-5012-48a9-bf39-4ee3de03ee35_build_2500_0"
      },
      "RequestBody": {},
      "StatusCode": 202,
      "ResponseHeaders": {
        "Azure-AsyncOperation": "https://management.azure.com/subscriptions/00000000-0000-0000-0000-000000000000/providers/Microsoft.Compute/locations/eastus/DiskOperations/bb122b1b-55f3-4d92-94c8-451176d3d704?p=36ee1309-094c-4cec-b989-37cf5e794c1b\u0026api-version=2022-03-02",
        "Cache-Control": "no-cache",
        "Content-Length": "552",
        "Content-Type": "application/json; charset=utf-8",
        "Date": "Mon, 27 Jun 2022 05:01:28 GMT",
        "Expires": "-1",
        "Location": "https://management.azure.com/subscriptions/00000000-0000-0000-0000-000000000000/providers/Microsoft.Compute/locations/eastus/DiskOperations/bb122b1b-55f3-4d92-94c8-451176d3d704?p=36ee1309-094c-4cec-b989-37cf5e794c1b\u0026monitor=true\u0026api-version=2022-03-02",
        "Pragma": "no-cache",
        "Retry-After": "2",
        "Server": [
          "Microsoft-HTTPAPI/2.0",
          "Microsoft-HTTPAPI/2.0"
        ],
        "Strict-Transport-Security": "max-age=31536000; includeSubDomains",
        "X-Content-Type-Options": "nosniff",
        "x-ms-correlation-request-id": "3b0dfca3-ad7c-46c6-84ec-3b00aeb3d934",
        "x-ms-ratelimit-remaining-resource": "Microsoft.Compute/CreateUpdateDisks3Min;996,Microsoft.Compute/CreateUpdateDisks30Min;7996",
        "x-ms-ratelimit-remaining-subscription-writes": "1188",
        "x-ms-routing-request-id": "WESTUS:20220627T050128Z:3b0dfca3-ad7c-46c6-84ec-3b00aeb3d934",
        "x-ms-served-by": "36ee1309-094c-4cec-b989-37cf5e794c1b_133007216790508771"
      },
      "ResponseBody": {
        "location": "eastus",
        "sku": {
          "name": "Standard_LRS",
          "tier": "Standard"
        },
        "properties": {
          "creationData": {
            "createOption": "Copy",
            "sourceResourceId": "/subscriptions/00000000-0000-0000-0000-000000000000/resourceGroups/rgname/providers/Microsoft.Compute/disks/disknamexbc8e2966",
            "sourceUniqueId": "715bed72-af3f-4f07-bae6-3f270f256ded"
          },
          "diskSizeGB": 200,
          "provisioningState": "Updating",
          "isArmResource": true,
          "colocationConstraints": {},
          "faultDomain": 0
        }
      }
    },
    {
      "RequestUri": "https://management.azure.com/subscriptions/00000000-0000-0000-0000-000000000000/providers/Microsoft.Compute/locations/eastus/DiskOperations/bb122b1b-55f3-4d92-94c8-451176d3d704?p=36ee1309-094c-4cec-b989-37cf5e794c1b\u0026api-version=2022-03-02",
      "RequestMethod": "GET",
      "RequestHeaders": {
        "Accept": "*/*",
        "Accept-Encoding": "gzip, deflate",
        "Connection": "keep-alive",
        "User-Agent": "azsdk-python-azure-mgmt-compute/27.2.0 Python/3.8.12 (Linux-5.13.0-1031-azure-x86_64-with-glibc2.2.5) VSTS_0fb41ef4-5012-48a9-bf39-4ee3de03ee35_build_2500_0"
      },
      "RequestBody": null,
      "StatusCode": 200,
      "ResponseHeaders": {
        "Cache-Control": "no-cache",
        "Content-Encoding": "gzip",
        "Content-Type": "application/json; charset=utf-8",
        "Date": "Mon, 27 Jun 2022 05:01:30 GMT",
        "Expires": "-1",
        "Pragma": "no-cache",
        "Server": [
          "Microsoft-HTTPAPI/2.0",
          "Microsoft-HTTPAPI/2.0"
        ],
        "Strict-Transport-Security": "max-age=31536000; includeSubDomains",
        "Transfer-Encoding": "chunked",
        "Vary": "Accept-Encoding",
        "X-Content-Type-Options": "nosniff",
        "x-ms-correlation-request-id": "ec24add9-74f0-41b1-8a00-48ebfe1b285f",
        "x-ms-ratelimit-remaining-resource": "Microsoft.Compute/GetOperation3Min;49983,Microsoft.Compute/GetOperation30Min;399980",
        "x-ms-ratelimit-remaining-subscription-reads": "11904",
        "x-ms-routing-request-id": "WESTUS:20220627T050131Z:ec24add9-74f0-41b1-8a00-48ebfe1b285f",
        "x-ms-served-by": "36ee1309-094c-4cec-b989-37cf5e794c1b_133007216790508771"
      },
      "ResponseBody": {
        "startTime": "2022-06-27T05:01:28.7692447\u002B00:00",
        "endTime": "2022-06-27T05:01:28.8628852\u002B00:00",
        "status": "Succeeded",
        "properties": {
          "output": {
            "name": "snapshotxbc8e2966",
            "id": "/subscriptions/00000000-0000-0000-0000-000000000000/resourceGroups/rgname/providers/Microsoft.Compute/snapshots/snapshotxbc8e2966",
            "type": "Microsoft.Compute/snapshots",
            "location": "eastus",
            "sku": {
              "name": "Standard_LRS",
              "tier": "Standard"
            },
            "properties": {
              "creationData": {
                "createOption": "Copy",
                "sourceResourceId": "/subscriptions/00000000-0000-0000-0000-000000000000/resourceGroups/rgname/providers/Microsoft.Compute/disks/disknamexbc8e2966",
                "sourceUniqueId": "715bed72-af3f-4f07-bae6-3f270f256ded"
              },
              "diskSizeGB": 200,
              "encryption": {
                "type": "EncryptionAtRestWithPlatformKey"
              },
              "incremental": false,
              "networkAccessPolicy": "AllowAll",
              "publicNetworkAccess": "Enabled",
              "timeCreated": "2022-06-27T05:00:23.3626932\u002B00:00",
              "provisioningState": "Succeeded",
              "diskState": "Unattached",
              "diskSizeBytes": 214748364800,
              "uniqueId": "b3b02539-f0fe-4b73-a3d2-354b7a67c347"
            }
          }
        },
        "name": "bb122b1b-55f3-4d92-94c8-451176d3d704"
      }
    },
    {
      "RequestUri": "https://management.azure.com/subscriptions/00000000-0000-0000-0000-000000000000/resourceGroups/rgname/providers/Microsoft.Compute/snapshots/snapshotxbc8e2966?api-version=2022-03-02",
      "RequestMethod": "GET",
      "RequestHeaders": {
        "Accept": "*/*",
        "Accept-Encoding": "gzip, deflate",
        "Connection": "keep-alive",
        "User-Agent": "azsdk-python-azure-mgmt-compute/27.2.0 Python/3.8.12 (Linux-5.13.0-1031-azure-x86_64-with-glibc2.2.5) VSTS_0fb41ef4-5012-48a9-bf39-4ee3de03ee35_build_2500_0"
      },
      "RequestBody": null,
      "StatusCode": 200,
      "ResponseHeaders": {
        "Cache-Control": "no-cache",
        "Content-Encoding": "gzip",
        "Content-Type": "application/json; charset=utf-8",
        "Date": "Mon, 27 Jun 2022 05:01:30 GMT",
        "Expires": "-1",
        "Pragma": "no-cache",
        "Server": [
          "Microsoft-HTTPAPI/2.0",
          "Microsoft-HTTPAPI/2.0"
        ],
        "Strict-Transport-Security": "max-age=31536000; includeSubDomains",
        "Transfer-Encoding": "chunked",
        "Vary": "Accept-Encoding",
        "X-Content-Type-Options": "nosniff",
        "x-ms-correlation-request-id": "ec38f052-0902-43f2-a95c-bf4c6f7632b2",
        "x-ms-ratelimit-remaining-resource": "Microsoft.Compute/LowCostGet3Min;14988,Microsoft.Compute/LowCostGet30Min;119982",
        "x-ms-ratelimit-remaining-subscription-reads": "11903",
        "x-ms-routing-request-id": "WESTUS:20220627T050131Z:ec38f052-0902-43f2-a95c-bf4c6f7632b2",
        "x-ms-served-by": "36ee1309-094c-4cec-b989-37cf5e794c1b_133007216790508771"
      },
      "ResponseBody": {
        "name": "snapshotxbc8e2966",
        "id": "/subscriptions/00000000-0000-0000-0000-000000000000/resourceGroups/rgname/providers/Microsoft.Compute/snapshots/snapshotxbc8e2966",
        "type": "Microsoft.Compute/snapshots",
        "location": "eastus",
        "sku": {
          "name": "Standard_LRS",
          "tier": "Standard"
        },
        "properties": {
          "creationData": {
            "createOption": "Copy",
            "sourceResourceId": "/subscriptions/00000000-0000-0000-0000-000000000000/resourceGroups/rgname/providers/Microsoft.Compute/disks/disknamexbc8e2966",
            "sourceUniqueId": "715bed72-af3f-4f07-bae6-3f270f256ded"
          },
          "diskSizeGB": 200,
          "encryption": {
            "type": "EncryptionAtRestWithPlatformKey"
          },
          "incremental": false,
          "networkAccessPolicy": "AllowAll",
          "publicNetworkAccess": "Enabled",
          "timeCreated": "2022-06-27T05:00:23.3626932\u002B00:00",
          "provisioningState": "Succeeded",
          "diskState": "Unattached",
          "diskSizeBytes": 214748364800,
          "uniqueId": "b3b02539-f0fe-4b73-a3d2-354b7a67c347"
        }
      }
    },
    {
      "RequestUri": "https://management.azure.com/subscriptions/00000000-0000-0000-0000-000000000000/resourceGroups/rgname/providers/Microsoft.Compute/snapshots/snapshotxbc8e2966/beginGetAccess?api-version=2022-03-02",
      "RequestMethod": "POST",
      "RequestHeaders": {
        "Accept": "application/json",
        "Accept-Encoding": "gzip, deflate",
        "Connection": "keep-alive",
        "Content-Length": "45",
        "Content-Type": "application/json",
        "User-Agent": "azsdk-python-azure-mgmt-compute/27.2.0 Python/3.8.12 (Linux-5.13.0-1031-azure-x86_64-with-glibc2.2.5) VSTS_0fb41ef4-5012-48a9-bf39-4ee3de03ee35_build_2500_0"
      },
      "RequestBody": {
        "access": "Read",
        "durationInSeconds": 1800
      },
      "StatusCode": 202,
      "ResponseHeaders": {
        "Azure-AsyncOperation": "https://management.azure.com/subscriptions/00000000-0000-0000-0000-000000000000/providers/Microsoft.Compute/locations/eastus/DiskOperations/1a638ce1-15b1-4ebc-b63f-6efc9a47ad26?p=36ee1309-094c-4cec-b989-37cf5e794c1b\u0026api-version=2022-03-02",
        "Cache-Control": "no-cache",
        "Content-Length": "0",
        "Date": "Mon, 27 Jun 2022 05:01:30 GMT",
        "Expires": "-1",
        "Location": "https://management.azure.com/subscriptions/00000000-0000-0000-0000-000000000000/providers/Microsoft.Compute/locations/eastus/DiskOperations/1a638ce1-15b1-4ebc-b63f-6efc9a47ad26?p=36ee1309-094c-4cec-b989-37cf5e794c1b\u0026monitor=true\u0026api-version=2022-03-02",
        "Pragma": "no-cache",
        "Server": [
          "Microsoft-HTTPAPI/2.0",
          "Microsoft-HTTPAPI/2.0"
        ],
        "Strict-Transport-Security": "max-age=31536000; includeSubDomains",
        "X-Content-Type-Options": "nosniff",
        "x-ms-correlation-request-id": "6612fd6d-c0b7-4a66-bf51-63f27ddda1c2",
        "x-ms-ratelimit-remaining-resource": "Microsoft.Compute/HighCostSnapshotCreateHydrate3Min;998,Microsoft.Compute/HighCostSnapshotCreateHydrate30Min;7998",
        "x-ms-ratelimit-remaining-subscription-writes": "1195",
        "x-ms-routing-request-id": "WESTUS:20220627T050131Z:6612fd6d-c0b7-4a66-bf51-63f27ddda1c2",
        "x-ms-served-by": "36ee1309-094c-4cec-b989-37cf5e794c1b_133007216790508771"
      },
      "ResponseBody": null
    },
    {
      "RequestUri": "https://management.azure.com/subscriptions/00000000-0000-0000-0000-000000000000/providers/Microsoft.Compute/locations/eastus/DiskOperations/1a638ce1-15b1-4ebc-b63f-6efc9a47ad26?p=36ee1309-094c-4cec-b989-37cf5e794c1b\u0026api-version=2022-03-02",
      "RequestMethod": "GET",
      "RequestHeaders": {
        "Accept": "*/*",
        "Accept-Encoding": "gzip, deflate",
        "Connection": "keep-alive",
        "User-Agent": "azsdk-python-azure-mgmt-compute/27.2.0 Python/3.8.12 (Linux-5.13.0-1031-azure-x86_64-with-glibc2.2.5) VSTS_0fb41ef4-5012-48a9-bf39-4ee3de03ee35_build_2500_0"
      },
      "RequestBody": null,
      "StatusCode": 200,
      "ResponseHeaders": {
        "Cache-Control": "no-cache",
        "Content-Encoding": "gzip",
        "Content-Type": "application/json; charset=utf-8",
        "Date": "Mon, 27 Jun 2022 05:02:01 GMT",
        "Expires": "-1",
        "Pragma": "no-cache",
        "Server": [
          "Microsoft-HTTPAPI/2.0",
          "Microsoft-HTTPAPI/2.0"
        ],
        "Strict-Transport-Security": "max-age=31536000; includeSubDomains",
        "Transfer-Encoding": "chunked",
        "Vary": "Accept-Encoding",
        "X-Content-Type-Options": "nosniff",
        "x-ms-correlation-request-id": "d8c714cd-e31b-409d-b572-88af4c10aa37",
        "x-ms-ratelimit-remaining-resource": "Microsoft.Compute/GetOperation3Min;49984,Microsoft.Compute/GetOperation30Min;399978",
        "x-ms-ratelimit-remaining-subscription-reads": "11902",
        "x-ms-routing-request-id": "WESTUS:20220627T050201Z:d8c714cd-e31b-409d-b572-88af4c10aa37",
        "x-ms-served-by": "36ee1309-094c-4cec-b989-37cf5e794c1b_133007216790508771"
      },
      "ResponseBody": {
        "startTime": "2022-06-27T05:01:31.3472607\u002B00:00",
        "endTime": "2022-06-27T05:01:31.4723174\u002B00:00",
        "status": "Succeeded",
        "properties": {
          "output": {
            "accessSAS": "accessSAS"
          }
        },
        "name": "1a638ce1-15b1-4ebc-b63f-6efc9a47ad26"
      }
    },
    {
      "RequestUri": "https://management.azure.com/subscriptions/00000000-0000-0000-0000-000000000000/providers/Microsoft.Compute/locations/eastus/DiskOperations/1a638ce1-15b1-4ebc-b63f-6efc9a47ad26?p=36ee1309-094c-4cec-b989-37cf5e794c1b\u0026monitor=true\u0026api-version=2022-03-02",
      "RequestMethod": "GET",
      "RequestHeaders": {
        "Accept": "*/*",
        "Accept-Encoding": "gzip, deflate",
        "Connection": "keep-alive",
        "User-Agent": "azsdk-python-azure-mgmt-compute/27.2.0 Python/3.8.12 (Linux-5.13.0-1031-azure-x86_64-with-glibc2.2.5) VSTS_0fb41ef4-5012-48a9-bf39-4ee3de03ee35_build_2500_0"
      },
      "RequestBody": null,
      "StatusCode": 200,
      "ResponseHeaders": {
        "Cache-Control": "no-cache",
        "Content-Encoding": "gzip",
        "Content-Type": "application/json; charset=utf-8",
        "Date": "Mon, 27 Jun 2022 05:02:01 GMT",
        "Expires": "-1",
        "Pragma": "no-cache",
        "Server": [
          "Microsoft-HTTPAPI/2.0",
          "Microsoft-HTTPAPI/2.0"
        ],
        "Strict-Transport-Security": "max-age=31536000; includeSubDomains",
        "Transfer-Encoding": "chunked",
        "Vary": "Accept-Encoding",
        "X-Content-Type-Options": "nosniff",
        "x-ms-correlation-request-id": "58b2d14a-342b-4849-b238-38a90c371212",
        "x-ms-ratelimit-remaining-resource": "Microsoft.Compute/GetOperation3Min;49983,Microsoft.Compute/GetOperation30Min;399977",
        "x-ms-ratelimit-remaining-subscription-reads": "11901",
        "x-ms-routing-request-id": "WESTUS:20220627T050201Z:58b2d14a-342b-4849-b238-38a90c371212",
        "x-ms-served-by": "36ee1309-094c-4cec-b989-37cf5e794c1b_133007216790508771"
      },
      "ResponseBody": {
        "accessSAS": "accessSAS"
      }
    },
    {
      "RequestUri": "https://management.azure.com/subscriptions/00000000-0000-0000-0000-000000000000/resourceGroups/rgname/providers/Microsoft.Compute/snapshots/snapshotxbc8e2966/endGetAccess?api-version=2022-03-02",
      "RequestMethod": "POST",
      "RequestHeaders": {
        "Accept": "*/*",
        "Accept-Encoding": "gzip, deflate",
        "Connection": "keep-alive",
        "Content-Length": "0",
        "User-Agent": "azsdk-python-azure-mgmt-compute/27.2.0 Python/3.8.12 (Linux-5.13.0-1031-azure-x86_64-with-glibc2.2.5) VSTS_0fb41ef4-5012-48a9-bf39-4ee3de03ee35_build_2500_0"
      },
      "RequestBody": null,
      "StatusCode": 202,
      "ResponseHeaders": {
        "Azure-AsyncOperation": "https://management.azure.com/subscriptions/00000000-0000-0000-0000-000000000000/providers/Microsoft.Compute/locations/eastus/DiskOperations/966c3b70-1862-4bbd-8bd7-a9baf2ccb3dd?p=36ee1309-094c-4cec-b989-37cf5e794c1b\u0026api-version=2022-03-02",
        "Cache-Control": "no-cache",
        "Content-Length": "0",
        "Date": "Mon, 27 Jun 2022 05:02:01 GMT",
        "Expires": "-1",
        "Location": "https://management.azure.com/subscriptions/00000000-0000-0000-0000-000000000000/providers/Microsoft.Compute/locations/eastus/DiskOperations/966c3b70-1862-4bbd-8bd7-a9baf2ccb3dd?p=36ee1309-094c-4cec-b989-37cf5e794c1b\u0026monitor=true\u0026api-version=2022-03-02",
        "Pragma": "no-cache",
        "Server": [
          "Microsoft-HTTPAPI/2.0",
          "Microsoft-HTTPAPI/2.0"
        ],
        "Strict-Transport-Security": "max-age=31536000; includeSubDomains",
        "X-Content-Type-Options": "nosniff",
        "x-ms-correlation-request-id": "240accec-a2dc-4705-ad4e-15a1de3f526e",
        "x-ms-ratelimit-remaining-resource": "Microsoft.Compute/HighCostSnapshotCreateHydrate3Min;997,Microsoft.Compute/HighCostSnapshotCreateHydrate30Min;7997",
        "x-ms-ratelimit-remaining-subscription-writes": "1194",
        "x-ms-routing-request-id": "WESTUS:20220627T050201Z:240accec-a2dc-4705-ad4e-15a1de3f526e",
        "x-ms-served-by": "36ee1309-094c-4cec-b989-37cf5e794c1b_133007216790508771"
      },
      "ResponseBody": null
    },
    {
      "RequestUri": "https://management.azure.com/subscriptions/00000000-0000-0000-0000-000000000000/providers/Microsoft.Compute/locations/eastus/DiskOperations/966c3b70-1862-4bbd-8bd7-a9baf2ccb3dd?p=36ee1309-094c-4cec-b989-37cf5e794c1b\u0026api-version=2022-03-02",
      "RequestMethod": "GET",
      "RequestHeaders": {
        "Accept": "*/*",
        "Accept-Encoding": "gzip, deflate",
        "Connection": "keep-alive",
        "User-Agent": "azsdk-python-azure-mgmt-compute/27.2.0 Python/3.8.12 (Linux-5.13.0-1031-azure-x86_64-with-glibc2.2.5) VSTS_0fb41ef4-5012-48a9-bf39-4ee3de03ee35_build_2500_0"
      },
      "RequestBody": null,
      "StatusCode": 200,
      "ResponseHeaders": {
        "Cache-Control": "no-cache",
        "Content-Encoding": "gzip",
        "Content-Type": "application/json; charset=utf-8",
        "Date": "Mon, 27 Jun 2022 05:02:31 GMT",
        "Expires": "-1",
        "Pragma": "no-cache",
        "Server": [
          "Microsoft-HTTPAPI/2.0",
          "Microsoft-HTTPAPI/2.0"
        ],
        "Strict-Transport-Security": "max-age=31536000; includeSubDomains",
        "Transfer-Encoding": "chunked",
        "Vary": "Accept-Encoding",
        "X-Content-Type-Options": "nosniff",
        "x-ms-correlation-request-id": "6a1a45a2-32e4-439c-9680-6737a38a78e7",
        "x-ms-ratelimit-remaining-resource": "Microsoft.Compute/GetOperation3Min;49984,Microsoft.Compute/GetOperation30Min;399975",
        "x-ms-ratelimit-remaining-subscription-reads": "11900",
        "x-ms-routing-request-id": "WESTUS:20220627T050232Z:6a1a45a2-32e4-439c-9680-6737a38a78e7",
        "x-ms-served-by": "36ee1309-094c-4cec-b989-37cf5e794c1b_133007216790508771"
      },
      "ResponseBody": {
        "startTime": "2022-06-27T05:02:01.8162368\u002B00:00",
        "endTime": "2022-06-27T05:02:01.9412573\u002B00:00",
        "status": "Succeeded",
        "name": "966c3b70-1862-4bbd-8bd7-a9baf2ccb3dd"
      }
    },
    {
      "RequestUri": "https://management.azure.com/subscriptions/00000000-0000-0000-0000-000000000000/providers/Microsoft.Compute/locations/eastus/DiskOperations/966c3b70-1862-4bbd-8bd7-a9baf2ccb3dd?p=36ee1309-094c-4cec-b989-37cf5e794c1b\u0026monitor=true\u0026api-version=2022-03-02",
      "RequestMethod": "GET",
      "RequestHeaders": {
        "Accept": "*/*",
        "Accept-Encoding": "gzip, deflate",
        "Connection": "keep-alive",
        "User-Agent": "azsdk-python-azure-mgmt-compute/27.2.0 Python/3.8.12 (Linux-5.13.0-1031-azure-x86_64-with-glibc2.2.5) VSTS_0fb41ef4-5012-48a9-bf39-4ee3de03ee35_build_2500_0"
      },
      "RequestBody": null,
      "StatusCode": 200,
      "ResponseHeaders": {
        "Cache-Control": "no-cache",
        "Content-Length": "0",
        "Date": "Mon, 27 Jun 2022 05:02:31 GMT",
        "Expires": "-1",
        "Pragma": "no-cache",
        "Server": [
          "Microsoft-HTTPAPI/2.0",
          "Microsoft-HTTPAPI/2.0"
        ],
        "Strict-Transport-Security": "max-age=31536000; includeSubDomains",
        "X-Content-Type-Options": "nosniff",
        "x-ms-correlation-request-id": "056fc6c6-442b-47ce-8d27-bb646186238d",
        "x-ms-ratelimit-remaining-resource": "Microsoft.Compute/GetOperation3Min;49983,Microsoft.Compute/GetOperation30Min;399974",
        "x-ms-ratelimit-remaining-subscription-reads": "11899",
        "x-ms-routing-request-id": "WESTUS:20220627T050232Z:056fc6c6-442b-47ce-8d27-bb646186238d",
        "x-ms-served-by": "36ee1309-094c-4cec-b989-37cf5e794c1b_133007216790508771"
      },
      "ResponseBody": null
    },
    {
      "RequestUri": "https://management.azure.com/subscriptions/00000000-0000-0000-0000-000000000000/resourceGroups/rgname/providers/Microsoft.Compute/images/imagexbc8e2966?api-version=2022-03-01",
      "RequestMethod": "DELETE",
      "RequestHeaders": {
        "Accept": "application/json",
        "Accept-Encoding": "gzip, deflate",
        "Connection": "keep-alive",
        "Content-Length": "0",
        "User-Agent": "azsdk-python-azure-mgmt-compute/27.2.0 Python/3.8.12 (Linux-5.13.0-1031-azure-x86_64-with-glibc2.2.5) VSTS_0fb41ef4-5012-48a9-bf39-4ee3de03ee35_build_2500_0"
      },
      "RequestBody": null,
      "StatusCode": 202,
      "ResponseHeaders": {
        "Azure-AsyncNotification": "Enabled",
        "Azure-AsyncOperation": "https://management.azure.com/subscriptions/00000000-0000-0000-0000-000000000000/providers/Microsoft.Compute/locations/eastus/operations/a5b85aba-a678-4fc6-9d44-b9156c77b3cb?p=54253b73-cb53-496f-ab42-5e5ee19426f8\u0026api-version=2022-03-01",
        "Cache-Control": "no-cache",
        "Content-Length": "0",
        "Date": "Mon, 27 Jun 2022 05:02:32 GMT",
        "Expires": "-1",
        "Location": "https://management.azure.com/subscriptions/00000000-0000-0000-0000-000000000000/providers/Microsoft.Compute/locations/eastus/operations/a5b85aba-a678-4fc6-9d44-b9156c77b3cb?p=54253b73-cb53-496f-ab42-5e5ee19426f8\u0026monitor=true\u0026api-version=2022-03-01",
        "Pragma": "no-cache",
        "Server": [
          "Microsoft-HTTPAPI/2.0",
          "Microsoft-HTTPAPI/2.0"
        ],
        "Strict-Transport-Security": "max-age=31536000; includeSubDomains",
        "X-Content-Type-Options": "nosniff",
        "x-ms-correlation-request-id": "9f79599f-4b09-43cd-b2ad-d5ed932a56f2",
        "x-ms-ratelimit-remaining-resource": "Microsoft.Compute/DeleteImages3Min;119,Microsoft.Compute/DeleteImages30Min;599",
        "x-ms-ratelimit-remaining-subscription-deletes": "14995",
        "x-ms-routing-request-id": "WESTUS:20220627T050232Z:9f79599f-4b09-43cd-b2ad-d5ed932a56f2"
      },
      "ResponseBody": null
    },
    {
      "RequestUri": "https://management.azure.com/subscriptions/00000000-0000-0000-0000-000000000000/providers/Microsoft.Compute/locations/eastus/operations/a5b85aba-a678-4fc6-9d44-b9156c77b3cb?p=54253b73-cb53-496f-ab42-5e5ee19426f8\u0026api-version=2022-03-01",
      "RequestMethod": "GET",
      "RequestHeaders": {
        "Accept": "*/*",
        "Accept-Encoding": "gzip, deflate",
        "Connection": "keep-alive",
        "User-Agent": "azsdk-python-azure-mgmt-compute/27.2.0 Python/3.8.12 (Linux-5.13.0-1031-azure-x86_64-with-glibc2.2.5) VSTS_0fb41ef4-5012-48a9-bf39-4ee3de03ee35_build_2500_0"
      },
      "RequestBody": null,
      "StatusCode": 200,
      "ResponseHeaders": {
        "Cache-Control": "no-cache",
        "Content-Encoding": "gzip",
        "Content-Type": "application/json; charset=utf-8",
        "Date": "Mon, 27 Jun 2022 05:03:02 GMT",
        "Expires": "-1",
        "Pragma": "no-cache",
        "Server": [
          "Microsoft-HTTPAPI/2.0",
          "Microsoft-HTTPAPI/2.0"
        ],
        "Strict-Transport-Security": "max-age=31536000; includeSubDomains",
        "Transfer-Encoding": "chunked",
        "Vary": "Accept-Encoding",
        "X-Content-Type-Options": "nosniff",
        "x-ms-correlation-request-id": "14c7d1b6-a5b5-44d9-9a02-3ee81a87f2c0",
        "x-ms-ratelimit-remaining-resource": "Microsoft.Compute/GetOperation3Min;14995,Microsoft.Compute/GetOperation30Min;29991",
        "x-ms-ratelimit-remaining-subscription-reads": "11896",
        "x-ms-routing-request-id": "WESTUS:20220627T050302Z:14c7d1b6-a5b5-44d9-9a02-3ee81a87f2c0"
      },
      "ResponseBody": {
        "startTime": "2022-06-27T05:02:32.4218904\u002B00:00",
        "endTime": "2022-06-27T05:02:37.5781413\u002B00:00",
        "status": "Succeeded",
        "name": "a5b85aba-a678-4fc6-9d44-b9156c77b3cb"
      }
    },
    {
      "RequestUri": "https://management.azure.com/subscriptions/00000000-0000-0000-0000-000000000000/resourceGroups/rgname/providers/Microsoft.Compute/snapshots/snapshotxbc8e2966?api-version=2022-03-02",
      "RequestMethod": "DELETE",
      "RequestHeaders": {
        "Accept": "*/*",
        "Accept-Encoding": "gzip, deflate",
        "Connection": "keep-alive",
        "Content-Length": "0",
        "User-Agent": "azsdk-python-azure-mgmt-compute/27.2.0 Python/3.8.12 (Linux-5.13.0-1031-azure-x86_64-with-glibc2.2.5) VSTS_0fb41ef4-5012-48a9-bf39-4ee3de03ee35_build_2500_0"
      },
      "RequestBody": null,
      "StatusCode": 202,
      "ResponseHeaders": {
        "Azure-AsyncOperation": "https://management.azure.com/subscriptions/00000000-0000-0000-0000-000000000000/providers/Microsoft.Compute/locations/eastus/DiskOperations/1c49d6d3-57bb-4c63-9b29-c3e17637611a?p=36ee1309-094c-4cec-b989-37cf5e794c1b\u0026api-version=2022-03-02",
        "Cache-Control": "no-cache",
        "Content-Length": "0",
        "Date": "Mon, 27 Jun 2022 05:03:02 GMT",
        "Expires": "-1",
        "Location": "https://management.azure.com/subscriptions/00000000-0000-0000-0000-000000000000/providers/Microsoft.Compute/locations/eastus/DiskOperations/1c49d6d3-57bb-4c63-9b29-c3e17637611a?p=36ee1309-094c-4cec-b989-37cf5e794c1b\u0026monitor=true\u0026api-version=2022-03-02",
        "Pragma": "no-cache",
        "Server": [
          "Microsoft-HTTPAPI/2.0",
          "Microsoft-HTTPAPI/2.0"
        ],
        "Strict-Transport-Security": "max-age=31536000; includeSubDomains",
        "X-Content-Type-Options": "nosniff",
        "x-ms-correlation-request-id": "53c10318-815c-4536-b2d4-de9c947acd9d",
        "x-ms-ratelimit-remaining-resource": "Microsoft.Compute/DeleteDisks3Min;2999,Microsoft.Compute/DeleteDisks30Min;23998",
        "x-ms-ratelimit-remaining-subscription-deletes": "14994",
        "x-ms-routing-request-id": "WESTUS:20220627T050303Z:53c10318-815c-4536-b2d4-de9c947acd9d",
        "x-ms-served-by": "36ee1309-094c-4cec-b989-37cf5e794c1b_133007216790508771"
      },
      "ResponseBody": null
    },
    {
      "RequestUri": "https://management.azure.com/subscriptions/00000000-0000-0000-0000-000000000000/providers/Microsoft.Compute/locations/eastus/DiskOperations/1c49d6d3-57bb-4c63-9b29-c3e17637611a?p=36ee1309-094c-4cec-b989-37cf5e794c1b\u0026api-version=2022-03-02",
      "RequestMethod": "GET",
      "RequestHeaders": {
        "Accept": "*/*",
        "Accept-Encoding": "gzip, deflate",
        "Connection": "keep-alive",
        "User-Agent": "azsdk-python-azure-mgmt-compute/27.2.0 Python/3.8.12 (Linux-5.13.0-1031-azure-x86_64-with-glibc2.2.5) VSTS_0fb41ef4-5012-48a9-bf39-4ee3de03ee35_build_2500_0"
      },
      "RequestBody": null,
      "StatusCode": 200,
      "ResponseHeaders": {
        "Cache-Control": "no-cache",
        "Content-Encoding": "gzip",
        "Content-Type": "application/json; charset=utf-8",
        "Date": "Mon, 27 Jun 2022 05:03:32 GMT",
        "Expires": "-1",
        "Pragma": "no-cache",
        "Server": [
          "Microsoft-HTTPAPI/2.0",
          "Microsoft-HTTPAPI/2.0"
        ],
        "Strict-Transport-Security": "max-age=31536000; includeSubDomains",
        "Transfer-Encoding": "chunked",
        "Vary": "Accept-Encoding",
        "X-Content-Type-Options": "nosniff",
        "x-ms-correlation-request-id": "1c100e26-2cfa-40ed-a972-2e2186263577",
        "x-ms-ratelimit-remaining-resource": "Microsoft.Compute/GetOperation3Min;49988,Microsoft.Compute/GetOperation30Min;399970",
        "x-ms-ratelimit-remaining-subscription-reads": "11895",
        "x-ms-routing-request-id": "WESTUS:20220627T050333Z:1c100e26-2cfa-40ed-a972-2e2186263577",
        "x-ms-served-by": "36ee1309-094c-4cec-b989-37cf5e794c1b_133007216790508771"
      },
      "ResponseBody": {
        "startTime": "2022-06-27T05:03:02.9574962\u002B00:00",
        "endTime": "2022-06-27T05:03:03.1918629\u002B00:00",
        "status": "Succeeded",
        "name": "1c49d6d3-57bb-4c63-9b29-c3e17637611a"
      }
    }
  ],
  "Variables": {}
}
