interactions:
- request:
    body: '{"location": "eastus", "tags": {"department": "finance"}, "zones": ["1"],
      "properties": {"platformFaultDomainCount": 3}}'
    headers:
      Accept:
      - application/json
      Accept-Encoding:
      - gzip, deflate
      Connection:
      - keep-alive
      Content-Length:
      - '120'
      Content-Type:
      - application/json
      User-Agent:
      - azsdk-python-azure-mgmt-compute/18.0.0 Python/3.6.9 (Linux-4.19.76-linuxkit-x86_64-with-Ubuntu-18.04-bionic)
    method: PUT
    uri: https://management.azure.com/subscriptions/00000000-0000-0000-0000-000000000000/resourceGroups/rgname/providers/Microsoft.Compute/hostGroups/hostgroup640e162b?api-version=2020-06-01
  response:
    body:
      string: "{\r\n  \"name\": \"hostgroup640e162b\",\r\n  \"id\": \"/subscriptions/00000000-0000-0000-0000-000000000000/resourceGroups/CMERTBEV74UADDAOMZZDZWRFN7DIN5DEPVQN7WU7VRAKKLFHVHNA4H43WBWAQYBGVCEJ55OWPV4/providers/Microsoft.Compute/hostGroups/hostgroup640e162b\"\
        ,\r\n  \"type\": \"Microsoft.Compute/hostGroups\",\r\n  \"location\": \"eastus\"\
        ,\r\n  \"tags\": {\r\n    \"department\": \"finance\"\r\n  },\r\n  \"zones\"\
        : [\r\n    \"1\"\r\n  ],\r\n  \"properties\": {\r\n    \"platformFaultDomainCount\"\
        : 3,\r\n    \"supportAutomaticPlacement\": true\r\n  }\r\n}"
    headers:
      cache-control:
      - no-cache
      content-length:
      - '492'
      content-type:
      - application/json; charset=utf-8
      date:
      - Fri, 13 Nov 2020 07:53:42 GMT
      expires:
      - '-1'
      pragma:
      - no-cache
      server:
      - Microsoft-HTTPAPI/2.0
      - Microsoft-HTTPAPI/2.0
      strict-transport-security:
      - max-age=31536000; includeSubDomains
      x-content-type-options:
      - nosniff
      x-ms-ratelimit-remaining-resource:
      - Microsoft.Compute/PutDeleteDedicatedHost3Min;119,Microsoft.Compute/PutDeleteDedicatedHost30Min;599
      x-ms-ratelimit-remaining-subscription-writes:
      - '1196'
    status:
      code: 201
      message: Created
- request:
    body: '{"location": "eastus", "tags": {"department": "HR"}, "sku": {"name": "DSv3-Type1"},
      "properties": {"platformFaultDomain": 1}}'
    headers:
      Accept:
      - application/json
      Accept-Encoding:
      - gzip, deflate
      Connection:
      - keep-alive
      Content-Length:
      - '125'
      Content-Type:
      - application/json
      User-Agent:
      - azsdk-python-azure-mgmt-compute/18.0.0 Python/3.6.9 (Linux-4.19.76-linuxkit-x86_64-with-Ubuntu-18.04-bionic)
    method: PUT
    uri: https://management.azure.com/subscriptions/00000000-0000-0000-0000-000000000000/resourceGroups/rgname/providers/Microsoft.Compute/hostGroups/hostgroup640e162b/hosts/hostname640e162b?api-version=2020-06-01
  response:
    body:
      string: "{\r\n  \"name\": \"hostname640e162b\",\r\n  \"id\": \"/subscriptions/00000000-0000-0000-0000-000000000000/resourceGroups/rgname/providers/Microsoft.Compute/hostGroups/hostgroup640e162b/hosts/hostname640e162b\"\
        ,\r\n  \"type\": \"Microsoft.Compute/hostGroups/hosts\",\r\n  \"location\"\
        : \"eastus\",\r\n  \"tags\": {\r\n    \"department\": \"HR\"\r\n  },\r\n \
        \ \"sku\": {\r\n    \"name\": \"DSv3-Type1\"\r\n  },\r\n  \"properties\":\
        \ {\r\n    \"platformFaultDomain\": 1,\r\n    \"autoReplaceOnFailure\": true,\r\
        \n    \"hostId\": \"7053f724-d7f2-4ebd-ba30-c1b12dfdb7b3\",\r\n    \"provisioningState\"\
        : \"Creating\"\r\n  }\r\n}"
    headers:
      azure-asyncnotification:
      - Enabled
      azure-asyncoperation:
      - https://management.azure.com/subscriptions/00000000-0000-0000-0000-000000000000/providers/Microsoft.Compute/locations/eastus/operations/586c91e5-4d0c-428c-9c45-1c349d65f452?api-version=2020-06-01
      cache-control:
      - no-cache
      content-length:
      - '613'
      content-type:
      - application/json; charset=utf-8
      date:
      - Fri, 13 Nov 2020 07:53:47 GMT
      expires:
      - '-1'
      pragma:
      - no-cache
      server:
      - Microsoft-HTTPAPI/2.0
      - Microsoft-HTTPAPI/2.0
      strict-transport-security:
      - max-age=31536000; includeSubDomains
      x-content-type-options:
      - nosniff
      x-ms-ratelimit-remaining-resource:
      - Microsoft.Compute/PutDeleteDedicatedHost3Min;118,Microsoft.Compute/PutDeleteDedicatedHost30Min;598
      x-ms-ratelimit-remaining-subscription-writes:
      - '1195'
    status:
      code: 201
      message: Created
- request:
    body: null
    headers:
      Accept:
      - '*/*'
      Accept-Encoding:
      - gzip, deflate
      Connection:
      - keep-alive
      User-Agent:
      - azsdk-python-azure-mgmt-compute/18.0.0 Python/3.6.9 (Linux-4.19.76-linuxkit-x86_64-with-Ubuntu-18.04-bionic)
    method: GET
    uri: https://management.azure.com/subscriptions/00000000-0000-0000-0000-000000000000/providers/Microsoft.Compute/locations/eastus/operations/586c91e5-4d0c-428c-9c45-1c349d65f452?api-version=2020-06-01
  response:
    body:
      string: "{\r\n  \"startTime\": \"2020-11-13T07:53:45.2270071+00:00\",\r\n  \"\
        endTime\": \"2020-11-13T07:53:47.7113903+00:00\",\r\n  \"status\": \"Succeeded\"\
        ,\r\n  \"name\": \"586c91e5-4d0c-428c-9c45-1c349d65f452\"\r\n}"
    headers:
      cache-control:
      - no-cache
      content-length:
      - '184'
      content-type:
      - application/json; charset=utf-8
      date:
      - Fri, 13 Nov 2020 07:54:18 GMT
      expires:
      - '-1'
      pragma:
      - no-cache
      server:
      - Microsoft-HTTPAPI/2.0
      - Microsoft-HTTPAPI/2.0
      strict-transport-security:
      - max-age=31536000; includeSubDomains
      transfer-encoding:
      - chunked
      vary:
      - Accept-Encoding
      x-content-type-options:
      - nosniff
      x-ms-ratelimit-remaining-resource:
      - Microsoft.Compute/GetOperation3Min;14984,Microsoft.Compute/GetOperation30Min;29913
    status:
      code: 200
      message: OK
- request:
    body: null
    headers:
      Accept:
      - '*/*'
      Accept-Encoding:
      - gzip, deflate
      Connection:
      - keep-alive
      User-Agent:
      - azsdk-python-azure-mgmt-compute/18.0.0 Python/3.6.9 (Linux-4.19.76-linuxkit-x86_64-with-Ubuntu-18.04-bionic)
    method: GET
    uri: https://management.azure.com/subscriptions/00000000-0000-0000-0000-000000000000/resourceGroups/rgname/providers/Microsoft.Compute/hostGroups/hostgroup640e162b/hosts/hostname640e162b?api-version=2020-06-01
  response:
    body:
      string: "{\r\n  \"name\": \"hostname640e162b\",\r\n  \"id\": \"/subscriptions/00000000-0000-0000-0000-000000000000/resourceGroups/rgname/providers/Microsoft.Compute/hostGroups/hostgroup640e162b/hosts/hostname640e162b\"\
        ,\r\n  \"type\": \"Microsoft.Compute/hostGroups/hosts\",\r\n  \"location\"\
        : \"eastus\",\r\n  \"tags\": {\r\n    \"department\": \"HR\"\r\n  },\r\n \
        \ \"sku\": {\r\n    \"name\": \"DSv3-Type1\"\r\n  },\r\n  \"properties\":\
        \ {\r\n    \"platformFaultDomain\": 1,\r\n    \"autoReplaceOnFailure\": true,\r\
        \n    \"hostId\": \"7053f724-d7f2-4ebd-ba30-c1b12dfdb7b3\",\r\n    \"virtualMachines\"\
        : [],\r\n    \"provisioningTime\": \"2020-11-13T07:53:47.5551462+00:00\",\r\
        \n    \"provisioningState\": \"Succeeded\"\r\n  }\r\n}"
    headers:
      cache-control:
      - no-cache
      content-length:
      - '704'
      content-type:
      - application/json; charset=utf-8
      date:
      - Fri, 13 Nov 2020 07:54:18 GMT
      expires:
      - '-1'
      pragma:
      - no-cache
      server:
      - Microsoft-HTTPAPI/2.0
      - Microsoft-HTTPAPI/2.0
      strict-transport-security:
      - max-age=31536000; includeSubDomains
      transfer-encoding:
      - chunked
      vary:
      - Accept-Encoding
      x-content-type-options:
      - nosniff
      x-ms-ratelimit-remaining-resource:
      - Microsoft.Compute/GetDedicatedHost3Min;247,Microsoft.Compute/GetDedicatedHost30Min;997
    status:
      code: 200
      message: OK
- request:
    body: null
    headers:
      Accept:
      - application/json
      Accept-Encoding:
      - gzip, deflate
      Connection:
      - keep-alive
      User-Agent:
      - azsdk-python-azure-mgmt-compute/18.0.0 Python/3.6.9 (Linux-4.19.76-linuxkit-x86_64-with-Ubuntu-18.04-bionic)
    method: GET
    uri: https://management.azure.com/subscriptions/00000000-0000-0000-0000-000000000000/resourceGroups/rgname/providers/Microsoft.Compute/hostGroups/hostgroup640e162b?$expand=instanceView&api-version=2020-06-01
  response:
    body:
      string: "{\r\n  \"name\": \"hostgroup640e162b\",\r\n  \"id\": \"/subscriptions/00000000-0000-0000-0000-000000000000/resourceGroups/CMERTBEV74UADDAOMZZDZWRFN7DIN5DEPVQN7WU7VRAKKLFHVHNA4H43WBWAQYBGVCEJ55OWPV4/providers/Microsoft.Compute/hostGroups/hostgroup640e162b\"\
        ,\r\n  \"type\": \"Microsoft.Compute/hostGroups\",\r\n  \"location\": \"eastus\"\
        ,\r\n  \"tags\": {\r\n    \"department\": \"finance\"\r\n  },\r\n  \"zones\"\
        : [\r\n    \"1\"\r\n  ],\r\n  \"properties\": {\r\n    \"platformFaultDomainCount\"\
        : 3,\r\n    \"hosts\": [\r\n      {\r\n        \"id\": \"/subscriptions/00000000-0000-0000-0000-000000000000/resourceGroups/CMERTBEV74UADDAOMZZDZWRFN7DIN5DEPVQN7WU7VRAKKLFHVHNA4H43WBWAQYBGVCEJ55OWPV4/providers/Microsoft.Compute/hostGroups/HOSTGROUP640E162B/hosts/HOSTNAME640E162B\"\
        \r\n      }\r\n    ],\r\n    \"supportAutomaticPlacement\": true,\r\n    \"\
        instanceView\": {\r\n      \"hosts\": [\r\n        {\r\n          \"name\"\
        : \"hostname640e162b\",\r\n          \"assetId\": \"a2cb324d-5813-4954-bcc5-b633bc3c8c9f\"\
        ,\r\n          \"availableCapacity\": {\r\n            \"allocatableVMs\"\
        : [\r\n              {\r\n                \"vmSize\": \"Standard_D2s_v3\"\
        ,\r\n                \"count\": 32\r\n              },\r\n              {\r\
        \n                \"vmSize\": \"Standard_D4s_v3\",\r\n                \"count\"\
        : 17\r\n              },\r\n              {\r\n                \"vmSize\"\
        : \"Standard_D8s_v3\",\r\n                \"count\": 8\r\n              },\r\
        \n              {\r\n                \"vmSize\": \"Standard_D16s_v3\",\r\n\
        \                \"count\": 4\r\n              },\r\n              {\r\n \
        \               \"vmSize\": \"Standard_D32s_v3\",\r\n                \"count\"\
        : 2\r\n              },\r\n              {\r\n                \"vmSize\":\
        \ \"Standard_D48s_v3\",\r\n                \"count\": 1\r\n              },\r\
        \n              {\r\n                \"vmSize\": \"Standard_D64s_v3\",\r\n\
        \                \"count\": 1\r\n              }\r\n            ]\r\n    \
        \      },\r\n          \"statuses\": [\r\n            {\r\n              \"\
        code\": \"ProvisioningState/succeeded\",\r\n              \"level\": \"Info\"\
        ,\r\n              \"displayStatus\": \"Provisioning succeeded\",\r\n    \
        \          \"time\": \"2020-11-13T07:53:47.5551462+00:00\"\r\n           \
        \ },\r\n            {\r\n              \"code\": \"HealthState/available\"\
        ,\r\n              \"level\": \"Info\",\r\n              \"displayStatus\"\
        : \"Host available\"\r\n            }\r\n          ]\r\n        }\r\n    \
        \  ]\r\n    }\r\n  }\r\n}"
    headers:
      cache-control:
      - no-cache
      content-length:
      - '2250'
      content-type:
      - application/json; charset=utf-8
      date:
      - Fri, 13 Nov 2020 07:54:18 GMT
      expires:
      - '-1'
      pragma:
      - no-cache
      server:
      - Microsoft-HTTPAPI/2.0
      - Microsoft-HTTPAPI/2.0
      strict-transport-security:
      - max-age=31536000; includeSubDomains
      transfer-encoding:
      - chunked
      vary:
      - Accept-Encoding
      x-content-type-options:
      - nosniff
      x-ms-ratelimit-remaining-resource:
      - Microsoft.Compute/GetDedicatedHost30Min;996
    status:
      code: 200
      message: OK
- request:
    body: null
    headers:
      Accept:
      - application/json
      Accept-Encoding:
      - gzip, deflate
      Connection:
      - keep-alive
      User-Agent:
      - azsdk-python-azure-mgmt-compute/18.0.0 Python/3.6.9 (Linux-4.19.76-linuxkit-x86_64-with-Ubuntu-18.04-bionic)
    method: GET
    uri: https://management.azure.com/subscriptions/00000000-0000-0000-0000-000000000000/resourceGroups/rgname/providers/Microsoft.Compute/hostGroups/hostgroup640e162b/hosts/hostname640e162b?$expand=instanceView&api-version=2020-06-01
  response:
    body:
      string: "{\r\n  \"name\": \"hostname640e162b\",\r\n  \"id\": \"/subscriptions/00000000-0000-0000-0000-000000000000/resourceGroups/rgname/providers/Microsoft.Compute/hostGroups/hostgroup640e162b/hosts/hostname640e162b\"\
        ,\r\n  \"type\": \"Microsoft.Compute/hostGroups/hosts\",\r\n  \"location\"\
        : \"eastus\",\r\n  \"tags\": {\r\n    \"department\": \"HR\"\r\n  },\r\n \
        \ \"sku\": {\r\n    \"name\": \"DSv3-Type1\"\r\n  },\r\n  \"properties\":\
        \ {\r\n    \"platformFaultDomain\": 1,\r\n    \"autoReplaceOnFailure\": true,\r\
        \n    \"hostId\": \"7053f724-d7f2-4ebd-ba30-c1b12dfdb7b3\",\r\n    \"virtualMachines\"\
        : [],\r\n    \"provisioningTime\": \"2020-11-13T07:53:47.5551462+00:00\",\r\
        \n    \"provisioningState\": \"Succeeded\",\r\n    \"instanceView\": {\r\n\
        \      \"assetId\": \"a2cb324d-5813-4954-bcc5-b633bc3c8c9f\",\r\n      \"\
        availableCapacity\": {\r\n        \"allocatableVMs\": [\r\n          {\r\n\
        \            \"vmSize\": \"Standard_D2s_v3\",\r\n            \"count\": 32\r\
        \n          },\r\n          {\r\n            \"vmSize\": \"Standard_D4s_v3\"\
        ,\r\n            \"count\": 17\r\n          },\r\n          {\r\n        \
        \    \"vmSize\": \"Standard_D8s_v3\",\r\n            \"count\": 8\r\n    \
        \      },\r\n          {\r\n            \"vmSize\": \"Standard_D16s_v3\",\r\
        \n            \"count\": 4\r\n          },\r\n          {\r\n            \"\
        vmSize\": \"Standard_D32s_v3\",\r\n            \"count\": 2\r\n          },\r\
        \n          {\r\n            \"vmSize\": \"Standard_D48s_v3\",\r\n       \
        \     \"count\": 1\r\n          },\r\n          {\r\n            \"vmSize\"\
        : \"Standard_D64s_v3\",\r\n            \"count\": 1\r\n          }\r\n   \
        \     ]\r\n      },\r\n      \"statuses\": [\r\n        {\r\n          \"\
        code\": \"ProvisioningState/succeeded\",\r\n          \"level\": \"Info\"\
        ,\r\n          \"displayStatus\": \"Provisioning succeeded\",\r\n        \
        \  \"time\": \"2020-11-13T07:53:47.5551462+00:00\"\r\n        },\r\n     \
        \   {\r\n          \"code\": \"HealthState/available\",\r\n          \"level\"\
        : \"Info\",\r\n          \"displayStatus\": \"Host available\"\r\n       \
        \ }\r\n      ]\r\n    }\r\n  }\r\n}"
    headers:
      cache-control:
      - no-cache
      content-length:
      - '1908'
      content-type:
      - application/json; charset=utf-8
      date:
      - Fri, 13 Nov 2020 07:54:19 GMT
      expires:
      - '-1'
      pragma:
      - no-cache
      server:
      - Microsoft-HTTPAPI/2.0
      - Microsoft-HTTPAPI/2.0
      strict-transport-security:
      - max-age=31536000; includeSubDomains
      transfer-encoding:
      - chunked
      vary:
      - Accept-Encoding
      x-content-type-options:
      - nosniff
      x-ms-ratelimit-remaining-resource:
      - Microsoft.Compute/GetDedicatedHost3Min;246,Microsoft.Compute/GetDedicatedHost30Min;995
    status:
      code: 200
      message: OK
- request:
    body: '{"tags": {"department": "finance"}, "properties": {"platformFaultDomainCount":
      3}}'
    headers:
      Accept:
      - application/json
      Accept-Encoding:
      - gzip, deflate
      Connection:
      - keep-alive
      Content-Length:
      - '82'
      Content-Type:
      - application/json
      User-Agent:
      - azsdk-python-azure-mgmt-compute/18.0.0 Python/3.6.9 (Linux-4.19.76-linuxkit-x86_64-with-Ubuntu-18.04-bionic)
    method: PATCH
    uri: https://management.azure.com/subscriptions/00000000-0000-0000-0000-000000000000/resourceGroups/rgname/providers/Microsoft.Compute/hostGroups/hostgroup640e162b?api-version=2020-06-01
  response:
    body:
      string: "{\r\n  \"name\": \"hostgroup640e162b\",\r\n  \"id\": \"/subscriptions/00000000-0000-0000-0000-000000000000/resourceGroups/CMERTBEV74UADDAOMZZDZWRFN7DIN5DEPVQN7WU7VRAKKLFHVHNA4H43WBWAQYBGVCEJ55OWPV4/providers/Microsoft.Compute/hostGroups/hostgroup640e162b\"\
        ,\r\n  \"type\": \"Microsoft.Compute/hostGroups\",\r\n  \"location\": \"eastus\"\
        ,\r\n  \"tags\": {\r\n    \"department\": \"finance\"\r\n  },\r\n  \"zones\"\
        : [\r\n    \"1\"\r\n  ],\r\n  \"properties\": {\r\n    \"platformFaultDomainCount\"\
        : 3,\r\n    \"supportAutomaticPlacement\": true\r\n  }\r\n}"
    headers:
      cache-control:
      - no-cache
      content-length:
      - '492'
      content-type:
      - application/json; charset=utf-8
      date:
      - Fri, 13 Nov 2020 07:54:21 GMT
      expires:
      - '-1'
      pragma:
      - no-cache
      server:
      - Microsoft-HTTPAPI/2.0
      - Microsoft-HTTPAPI/2.0
      strict-transport-security:
      - max-age=31536000; includeSubDomains
      transfer-encoding:
      - chunked
      vary:
      - Accept-Encoding
      x-content-type-options:
      - nosniff
      x-ms-ratelimit-remaining-resource:
      - Microsoft.Compute/PutDeleteDedicatedHost3Min;117,Microsoft.Compute/PutDeleteDedicatedHost30Min;597
      x-ms-ratelimit-remaining-subscription-writes:
      - '1194'
    status:
      code: 200
      message: OK
- request:
    body: '{"tags": {"department": "HR"}}'
    headers:
      Accept:
      - application/json
      Accept-Encoding:
      - gzip, deflate
      Connection:
      - keep-alive
      Content-Length:
      - '30'
      Content-Type:
      - application/json
      User-Agent:
      - azsdk-python-azure-mgmt-compute/18.0.0 Python/3.6.9 (Linux-4.19.76-linuxkit-x86_64-with-Ubuntu-18.04-bionic)
    method: PATCH
    uri: https://management.azure.com/subscriptions/00000000-0000-0000-0000-000000000000/resourceGroups/rgname/providers/Microsoft.Compute/hostGroups/hostgroup640e162b/hosts/hostname640e162b?api-version=2020-06-01
  response:
    body:
      string: "{\r\n  \"name\": \"hostname640e162b\",\r\n  \"id\": \"/subscriptions/00000000-0000-0000-0000-000000000000/resourceGroups/rgname/providers/Microsoft.Compute/hostGroups/hostgroup640e162b/hosts/hostname640e162b\"\
        ,\r\n  \"type\": \"Microsoft.Compute/hostGroups/hosts\",\r\n  \"location\"\
        : \"eastus\",\r\n  \"tags\": {\r\n    \"department\": \"HR\"\r\n  },\r\n \
        \ \"sku\": {\r\n    \"name\": \"DSv3-Type1\"\r\n  },\r\n  \"properties\":\
        \ {\r\n    \"platformFaultDomain\": 1,\r\n    \"autoReplaceOnFailure\": true,\r\
        \n    \"hostId\": \"7053f724-d7f2-4ebd-ba30-c1b12dfdb7b3\",\r\n    \"provisioningTime\"\
        : \"2020-11-13T07:53:47.5551462+00:00\",\r\n    \"provisioningState\": \"\
        Updating\"\r\n  }\r\n}"
    headers:
      azure-asyncnotification:
      - Enabled
      azure-asyncoperation:
      - https://management.azure.com/subscriptions/00000000-0000-0000-0000-000000000000/providers/Microsoft.Compute/locations/eastus/operations/eddcc555-6607-42ca-b000-244f9a8c8740?api-version=2020-06-01
      cache-control:
      - no-cache
      content-length:
      - '675'
      content-type:
      - application/json; charset=utf-8
      date:
      - Fri, 13 Nov 2020 07:54:22 GMT
      expires:
      - '-1'
      pragma:
      - no-cache
      server:
      - Microsoft-HTTPAPI/2.0
      - Microsoft-HTTPAPI/2.0
      strict-transport-security:
      - max-age=31536000; includeSubDomains
      transfer-encoding:
      - chunked
      vary:
      - Accept-Encoding
      x-content-type-options:
      - nosniff
      x-ms-ratelimit-remaining-resource:
      - Microsoft.Compute/PutDeleteDedicatedHost3Min;116,Microsoft.Compute/PutDeleteDedicatedHost30Min;596
      x-ms-ratelimit-remaining-subscription-writes:
      - '1193'
    status:
      code: 200
      message: OK
- request:
    body: null
    headers:
      Accept:
      - '*/*'
      Accept-Encoding:
      - gzip, deflate
      Connection:
      - keep-alive
      User-Agent:
      - azsdk-python-azure-mgmt-compute/18.0.0 Python/3.6.9 (Linux-4.19.76-linuxkit-x86_64-with-Ubuntu-18.04-bionic)
    method: GET
    uri: https://management.azure.com/subscriptions/00000000-0000-0000-0000-000000000000/providers/Microsoft.Compute/locations/eastus/operations/eddcc555-6607-42ca-b000-244f9a8c8740?api-version=2020-06-01
  response:
    body:
      string: "{\r\n  \"startTime\": \"2020-11-13T07:54:21.617784+00:00\",\r\n  \"\
        endTime\": \"2020-11-13T07:54:21.633406+00:00\",\r\n  \"status\": \"Succeeded\"\
        ,\r\n  \"name\": \"eddcc555-6607-42ca-b000-244f9a8c8740\"\r\n}"
    headers:
      cache-control:
      - no-cache
      content-length:
      - '182'
      content-type:
      - application/json; charset=utf-8
      date:
      - Fri, 13 Nov 2020 07:54:53 GMT
      expires:
      - '-1'
      pragma:
      - no-cache
      server:
      - Microsoft-HTTPAPI/2.0
      - Microsoft-HTTPAPI/2.0
      strict-transport-security:
      - max-age=31536000; includeSubDomains
      transfer-encoding:
      - chunked
      vary:
      - Accept-Encoding
      x-content-type-options:
      - nosniff
      x-ms-ratelimit-remaining-resource:
      - Microsoft.Compute/GetOperation3Min;14987,Microsoft.Compute/GetOperation30Min;29912
    status:
      code: 200
      message: OK
- request:
    body: null
    headers:
      Accept:
      - '*/*'
      Accept-Encoding:
      - gzip, deflate
      Connection:
      - keep-alive
      User-Agent:
      - azsdk-python-azure-mgmt-compute/18.0.0 Python/3.6.9 (Linux-4.19.76-linuxkit-x86_64-with-Ubuntu-18.04-bionic)
    method: GET
    uri: https://management.azure.com/subscriptions/00000000-0000-0000-0000-000000000000/resourceGroups/rgname/providers/Microsoft.Compute/hostGroups/hostgroup640e162b/hosts/hostname640e162b?api-version=2020-06-01
  response:
    body:
      string: "{\r\n  \"name\": \"hostname640e162b\",\r\n  \"id\": \"/subscriptions/00000000-0000-0000-0000-000000000000/resourceGroups/rgname/providers/Microsoft.Compute/hostGroups/hostgroup640e162b/hosts/hostname640e162b\"\
        ,\r\n  \"type\": \"Microsoft.Compute/hostGroups/hosts\",\r\n  \"location\"\
        : \"eastus\",\r\n  \"tags\": {\r\n    \"department\": \"HR\"\r\n  },\r\n \
        \ \"sku\": {\r\n    \"name\": \"DSv3-Type1\"\r\n  },\r\n  \"properties\":\
        \ {\r\n    \"platformFaultDomain\": 1,\r\n    \"autoReplaceOnFailure\": true,\r\
        \n    \"hostId\": \"7053f724-d7f2-4ebd-ba30-c1b12dfdb7b3\",\r\n    \"virtualMachines\"\
        : [],\r\n    \"provisioningTime\": \"2020-11-13T07:53:47.5551462+00:00\",\r\
        \n    \"provisioningState\": \"Succeeded\"\r\n  }\r\n}"
    headers:
      cache-control:
      - no-cache
      content-length:
      - '704'
      content-type:
      - application/json; charset=utf-8
      date:
      - Fri, 13 Nov 2020 07:54:53 GMT
      expires:
      - '-1'
      pragma:
      - no-cache
      server:
      - Microsoft-HTTPAPI/2.0
      - Microsoft-HTTPAPI/2.0
      strict-transport-security:
      - max-age=31536000; includeSubDomains
      transfer-encoding:
      - chunked
      vary:
      - Accept-Encoding
      x-content-type-options:
      - nosniff
      x-ms-ratelimit-remaining-resource:
      - Microsoft.Compute/GetDedicatedHost3Min;245,Microsoft.Compute/GetDedicatedHost30Min;994
    status:
      code: 200
      message: OK
- request:
    body: null
    headers:
      Accept:
      - '*/*'
      Accept-Encoding:
      - gzip, deflate
      Connection:
      - keep-alive
      Content-Length:
      - '0'
      User-Agent:
      - azsdk-python-azure-mgmt-compute/18.0.0 Python/3.6.9 (Linux-4.19.76-linuxkit-x86_64-with-Ubuntu-18.04-bionic)
    method: DELETE
    uri: https://management.azure.com/subscriptions/00000000-0000-0000-0000-000000000000/resourceGroups/rgname/providers/Microsoft.Compute/hostGroups/hostgroup640e162b/hosts/hostname640e162b?api-version=2020-06-01
  response:
    body:
      string: ''
    headers:
      azure-asyncnotification:
      - Enabled
      azure-asyncoperation:
      - https://management.azure.com/subscriptions/00000000-0000-0000-0000-000000000000/providers/Microsoft.Compute/locations/eastus/operations/ba5d08b4-6d58-468c-a170-c70a01d6fd72?api-version=2020-06-01
      cache-control:
      - no-cache
      content-length:
      - '0'
      date:
      - Fri, 13 Nov 2020 07:54:55 GMT
      expires:
      - '-1'
      location:
      - https://management.azure.com/subscriptions/00000000-0000-0000-0000-000000000000/providers/Microsoft.Compute/locations/eastus/operations/ba5d08b4-6d58-468c-a170-c70a01d6fd72?monitor=true&api-version=2020-06-01
      pragma:
      - no-cache
      server:
      - Microsoft-HTTPAPI/2.0
      - Microsoft-HTTPAPI/2.0
      strict-transport-security:
      - max-age=31536000; includeSubDomains
      x-content-type-options:
      - nosniff
      x-ms-ratelimit-remaining-resource:
      - Microsoft.Compute/PutDeleteDedicatedHost3Min;115,Microsoft.Compute/PutDeleteDedicatedHost30Min;595
      x-ms-ratelimit-remaining-subscription-deletes:
      - '14995'
    status:
      code: 202
      message: Accepted
- request:
    body: null
    headers:
      Accept:
      - '*/*'
      Accept-Encoding:
      - gzip, deflate
      Connection:
      - keep-alive
      User-Agent:
      - azsdk-python-azure-mgmt-compute/18.0.0 Python/3.6.9 (Linux-4.19.76-linuxkit-x86_64-with-Ubuntu-18.04-bionic)
    method: GET
    uri: https://management.azure.com/subscriptions/00000000-0000-0000-0000-000000000000/providers/Microsoft.Compute/locations/eastus/operations/ba5d08b4-6d58-468c-a170-c70a01d6fd72?api-version=2020-06-01
  response:
    body:
      string: "{\r\n  \"startTime\": \"2020-11-13T07:54:54.4304078+00:00\",\r\n  \"\
        endTime\": \"2020-11-13T07:54:55.6803958+00:00\",\r\n  \"status\": \"Succeeded\"\
        ,\r\n  \"name\": \"ba5d08b4-6d58-468c-a170-c70a01d6fd72\"\r\n}"
    headers:
      cache-control:
      - no-cache
      content-length:
      - '184'
      content-type:
      - application/json; charset=utf-8
      date:
      - Fri, 13 Nov 2020 07:55:25 GMT
      expires:
      - '-1'
      pragma:
      - no-cache
      server:
      - Microsoft-HTTPAPI/2.0
      - Microsoft-HTTPAPI/2.0
      strict-transport-security:
      - max-age=31536000; includeSubDomains
      transfer-encoding:
      - chunked
      vary:
      - Accept-Encoding
      x-content-type-options:
      - nosniff
      x-ms-ratelimit-remaining-resource:
      - Microsoft.Compute/GetOperation3Min;14985,Microsoft.Compute/GetOperation30Min;29918
    status:
      code: 200
      message: OK
- request:
    body: null
    headers:
      Accept:
      - '*/*'
      Accept-Encoding:
      - gzip, deflate
      Connection:
      - keep-alive
      Content-Length:
      - '0'
      User-Agent:
      - azsdk-python-azure-mgmt-compute/18.0.0 Python/3.6.9 (Linux-4.19.76-linuxkit-x86_64-with-Ubuntu-18.04-bionic)
    method: DELETE
    uri: https://management.azure.com/subscriptions/00000000-0000-0000-0000-000000000000/resourceGroups/rgname/providers/Microsoft.Compute/hostGroups/hostgroup640e162b?api-version=2020-06-01
  response:
    body:
      string: ''
    headers:
      cache-control:
      - no-cache
      content-length:
      - '0'
      date:
      - Fri, 13 Nov 2020 07:55:31 GMT
      expires:
      - '-1'
      pragma:
      - no-cache
      server:
      - Microsoft-HTTPAPI/2.0
      - Microsoft-HTTPAPI/2.0
      strict-transport-security:
      - max-age=31536000; includeSubDomains
      x-content-type-options:
      - nosniff
      x-ms-ratelimit-remaining-resource:
      - Microsoft.Compute/PutDeleteDedicatedHost3Min;114,Microsoft.Compute/PutDeleteDedicatedHost30Min;594
      x-ms-ratelimit-remaining-subscription-deletes:
      - '14994'
    status:
      code: 200
      message: OK
version: 1
