{
  "Entries": [
    {
      "RequestUri": "https://login.microsoftonline.com/00000000-0000-0000-0000-000000000000/v2.0/.well-known/openid-configuration",
      "RequestMethod": "GET",
      "RequestHeaders": {
        "Accept": "*/*",
        "Accept-Encoding": "gzip, deflate",
        "Connection": "keep-alive",
        "User-Agent": "azsdk-python-identity/1.8.0b2 Python/3.8.12 (Linux-5.11.0-1028-azure-x86_64-with-glibc2.2.5) VSTS_0fb41ef4-5012-48a9-bf39-4ee3de03ee35_build_2500_0"
      },
      "RequestBody": null,
      "StatusCode": 200,
      "ResponseHeaders": {
        "Access-Control-Allow-Methods": "GET, OPTIONS",
        "Access-Control-Allow-Origin": "*",
        "Cache-Control": "max-age=86400, private",
        "Content-Length": "1753",
        "Content-Type": "application/json; charset=utf-8",
        "Date": "Mon, 14 Feb 2022 03:52:48 GMT",
        "P3P": "CP=\u0022DSP CUR OTPi IND OTRi ONL FIN\u0022",
        "Set-Cookie": [
          "fpc=AqGweM0U7cZCu-TL4Ua0t-vmIjFAAgAAAH7Fm9kOAAAA; expires=Wed, 16-Mar-2022 03:52:48 GMT; path=/; secure; HttpOnly; SameSite=None",
          "x-ms-gateway-slice=estsfd; path=/; secure; samesite=none; httponly",
          "stsservicecookie=estsfd; path=/; secure; samesite=none; httponly"
        ],
        "Strict-Transport-Security": "max-age=31536000; includeSubDomains",
        "X-Content-Type-Options": "nosniff",
        "x-ms-ests-server": "2.1.12381.24 - NCUS ProdSlices",
        "x-ms-request-id": "5107b6ec-ee86-4a6d-a9a7-4bce23b57a00"
      },
      "ResponseBody": {
        "token_endpoint": "https://login.microsoftonline.com/00000000-0000-0000-0000-000000000000/oauth2/v2.0/token",
        "token_endpoint_auth_methods_supported": [
          "client_secret_post",
          "private_key_jwt",
          "client_secret_basic"
        ],
        "jwks_uri": "https://login.microsoftonline.com/00000000-0000-0000-0000-000000000000/discovery/v2.0/keys",
        "response_modes_supported": [
          "query",
          "fragment",
          "form_post"
        ],
        "subject_types_supported": [
          "pairwise"
        ],
        "id_token_signing_alg_values_supported": [
          "RS256"
        ],
        "response_types_supported": [
          "code",
          "id_token",
          "code id_token",
          "id_token token"
        ],
        "scopes_supported": [
          "openid",
          "profile",
          "email",
          "offline_access"
        ],
        "issuer": "https://login.microsoftonline.com/00000000-0000-0000-0000-000000000000/v2.0",
        "request_uri_parameter_supported": false,
        "userinfo_endpoint": "https://graph.microsoft.com/oidc/userinfo",
        "authorization_endpoint": "https://login.microsoftonline.com/00000000-0000-0000-0000-000000000000/oauth2/v2.0/authorize",
        "device_authorization_endpoint": "https://login.microsoftonline.com/00000000-0000-0000-0000-000000000000/oauth2/v2.0/devicecode",
        "http_logout_supported": true,
        "frontchannel_logout_supported": true,
        "end_session_endpoint": "https://login.microsoftonline.com/00000000-0000-0000-0000-000000000000/oauth2/v2.0/logout",
        "claims_supported": [
          "sub",
          "iss",
          "cloud_instance_name",
          "cloud_instance_host_name",
          "cloud_graph_host_name",
          "msgraph_host",
          "aud",
          "exp",
          "iat",
          "auth_time",
          "acr",
          "nonce",
          "preferred_username",
          "name",
          "tid",
          "ver",
          "at_hash",
          "c_hash",
          "email"
        ],
        "kerberos_endpoint": "https://login.microsoftonline.com/00000000-0000-0000-0000-000000000000/kerberos",
        "tenant_region_scope": "NA",
        "cloud_instance_name": "microsoftonline.com",
        "cloud_graph_host_name": "graph.windows.net",
        "msgraph_host": "graph.microsoft.com",
        "rbac_url": "https://pas.windows.net"
      }
    },
    {
      "RequestUri": "https://login.microsoftonline.com/common/discovery/instance?api-version=1.1\u0026authorization_endpoint=https://login.microsoftonline.com/common/oauth2/authorize",
      "RequestMethod": "GET",
      "RequestHeaders": {
        "Accept": "application/json",
        "Accept-Encoding": "gzip, deflate",
        "Connection": "keep-alive",
        "Cookie": "fpc=AqGweM0U7cZCu-TL4Ua0t-vmIjFAAgAAAH7Fm9kOAAAA; stsservicecookie=estsfd; x-ms-gateway-slice=estsfd",
        "User-Agent": "azsdk-python-identity/1.8.0b2 Python/3.8.12 (Linux-5.11.0-1028-azure-x86_64-with-glibc2.2.5) VSTS_0fb41ef4-5012-48a9-bf39-4ee3de03ee35_build_2500_0"
      },
      "RequestBody": null,
      "StatusCode": 200,
      "ResponseHeaders": {
        "Access-Control-Allow-Methods": "GET, OPTIONS",
        "Access-Control-Allow-Origin": "*",
        "Cache-Control": "max-age=86400, private",
        "Content-Length": "945",
        "Content-Type": "application/json; charset=utf-8",
        "Date": "Mon, 14 Feb 2022 03:52:48 GMT",
        "P3P": "CP=\u0022DSP CUR OTPi IND OTRi ONL FIN\u0022",
        "Set-Cookie": [
          "fpc=AqGweM0U7cZCu-TL4Ua0t-vmIjFAAgAAAH7Fm9kOAAAA; expires=Wed, 16-Mar-2022 03:52:49 GMT; path=/; secure; HttpOnly; SameSite=None",
          "x-ms-gateway-slice=estsfd; path=/; secure; samesite=none; httponly",
          "stsservicecookie=estsfd; path=/; secure; samesite=none; httponly"
        ],
        "Strict-Transport-Security": "max-age=31536000; includeSubDomains",
        "X-Content-Type-Options": "nosniff",
        "x-ms-ests-server": "2.1.12381.24 - NCUS ProdSlices",
        "x-ms-request-id": "536b3904-6e2e-4322-86ec-07b43b035600"
      },
      "ResponseBody": {
        "tenant_discovery_endpoint": "https://login.microsoftonline.com/common/.well-known/openid-configuration",
        "api-version": "1.1",
        "metadata": [
          {
            "preferred_network": "login.microsoftonline.com",
            "preferred_cache": "login.windows.net",
            "aliases": [
              "login.microsoftonline.com",
              "login.windows.net",
              "login.microsoft.com",
              "sts.windows.net"
            ]
          },
          {
            "preferred_network": "login.partner.microsoftonline.cn",
            "preferred_cache": "login.partner.microsoftonline.cn",
            "aliases": [
              "login.partner.microsoftonline.cn",
              "login.chinacloudapi.cn"
            ]
          },
          {
            "preferred_network": "login.microsoftonline.de",
            "preferred_cache": "login.microsoftonline.de",
            "aliases": [
              "login.microsoftonline.de"
            ]
          },
          {
            "preferred_network": "login.microsoftonline.us",
            "preferred_cache": "login.microsoftonline.us",
            "aliases": [
              "login.microsoftonline.us",
              "login.usgovcloudapi.net"
            ]
          },
          {
            "preferred_network": "login-us.microsoftonline.com",
            "preferred_cache": "login-us.microsoftonline.com",
            "aliases": [
              "login-us.microsoftonline.com"
            ]
          }
        ]
      }
    },
    {
      "RequestUri": "https://login.microsoftonline.com/00000000-0000-0000-0000-000000000000/oauth2/v2.0/token",
      "RequestMethod": "POST",
      "RequestHeaders": {
        "Accept": "application/json",
        "Accept-Encoding": "gzip, deflate",
        "client-request-id": "669d45fd-518a-47d6-8a96-4801981f71fe",
        "Connection": "keep-alive",
        "Content-Length": "286",
        "Content-Type": "application/x-www-form-urlencoded",
        "Cookie": "fpc=AqGweM0U7cZCu-TL4Ua0t-vmIjFAAgAAAH7Fm9kOAAAA; stsservicecookie=estsfd; x-ms-gateway-slice=estsfd",
        "User-Agent": "azsdk-python-identity/1.8.0b2 Python/3.8.12 (Linux-5.11.0-1028-azure-x86_64-with-glibc2.2.5) VSTS_0fb41ef4-5012-48a9-bf39-4ee3de03ee35_build_2500_0",
        "x-client-cpu": "x64",
        "x-client-current-telemetry": "4|730,0|",
        "x-client-last-telemetry": "4|0|||",
        "x-client-os": "linux",
        "x-client-sku": "MSAL.Python",
        "x-client-ver": "1.17.0",
        "x-ms-lib-capability": "retry-after, h429"
      },
      "RequestBody": "client_id=8c41a920-007a-4844-a189-2d0efe39f51e\u0026grant_type=client_credentials\u0026client_info=1\u0026client_secret=o0XWF_siD-FhI.5AE83-u0GaQHW_GP7cjy\u0026claims=%7B%22access_token%22%3A\u002B%7B%22xms_cc%22%3A\u002B%7B%22values%22%3A\u002B%5B%22CP1%22%5D%7D%7D%7D\u0026scope=https%3A%2F%2Fmanagement.azure.com%2F.default",
      "StatusCode": 200,
      "ResponseHeaders": {
        "Cache-Control": "no-store, no-cache",
        "client-request-id": "669d45fd-518a-47d6-8a96-4801981f71fe",
        "Content-Length": "1391",
        "Content-Type": "application/json; charset=utf-8",
        "Date": "Mon, 14 Feb 2022 03:52:49 GMT",
        "Expires": "-1",
        "P3P": "CP=\u0022DSP CUR OTPi IND OTRi ONL FIN\u0022",
        "Pragma": "no-cache",
        "Set-Cookie": [
          "fpc=AqGweM0U7cZCu-TL4Ua0t-vmIjFAAQAAAALJm9kOAAAA; expires=Wed, 16-Mar-2022 03:52:49 GMT; path=/; secure; HttpOnly; SameSite=None",
          "x-ms-gateway-slice=estsfd; path=/; secure; samesite=none; httponly",
          "stsservicecookie=estsfd; path=/; secure; samesite=none; httponly"
        ],
        "Strict-Transport-Security": "max-age=31536000; includeSubDomains",
        "X-Content-Type-Options": "nosniff",
        "x-ms-clitelem": "1,0,0,,",
        "x-ms-ests-server": "2.1.12381.24 - SCUS ProdSlices",
        "x-ms-request-id": "6f371fd1-703f-4b60-b7d8-2c7e0a43ab00"
      },
      "ResponseBody": {
        "token_type": "Bearer",
        "expires_in": 3599,
        "ext_expires_in": 3599,
        "access_token": "eyJ0eXAiOiJKV1QiLCJhbGciOiJSUzI1NiIsIng1dCI6Ik1yNS1BVWliZkJpaTdOZDFqQmViYXhib1hXMCIsImtpZCI6Ik1yNS1BVWliZkJpaTdOZDFqQmViYXhib1hXMCJ9.eyJhdWQiOiJodHRwczovL21hbmFnZW1lbnQuYXp1cmUuY29tIiwiaXNzIjoiaHR0cHM6Ly9zdHMud2luZG93cy5uZXQvNTQ4MjZiMjItMzhkNi00ZmIyLWJhZDktYjdiOTNhM2U5YzVhLyIsImlhdCI6MTY0NDgxMDQ2OSwibmJmIjoxNjQ0ODEwNDY5LCJleHAiOjE2NDQ4MTQzNjksImFpbyI6IkUyWmdZTmh6di9XWDd5dC8yYWtUNW5XdlhHc25DZ0E9IiwiYXBwaWQiOiI4YzQxYTkyMC0wMDdhLTQ4NDQtYTE4OS0yZDBlZmUzOWY1MWUiLCJhcHBpZGFjciI6IjEiLCJpZHAiOiJodHRwczovL3N0cy53aW5kb3dzLm5ldC81NDgyNmIyMi0zOGQ2LTRmYjItYmFkOS1iN2I5M2EzZTljNWEvIiwiaWR0eXAiOiJhcHAiLCJvaWQiOiIyMjliZWYwMC02NTM2LTRiNmEtODJkMC1lYzgzYmYxY2RhN2UiLCJyaCI6IjAuQVRjQUltdUNWTlk0c2stNjJiZTVPajZjV2taSWYza0F1dGRQdWtQYXdmajJNQk0zQUFBLiIsInN1YiI6IjIyOWJlZjAwLTY1MzYtNGI2YS04MmQwLWVjODNiZjFjZGE3ZSIsInRpZCI6IjU0ODI2YjIyLTM4ZDYtNGZiMi1iYWQ5LWI3YjkzYTNlOWM1YSIsInV0aSI6IjBSODNiejl3WUV1MzJDeC1Da09yQUEiLCJ2ZXIiOiIxLjAiLCJ4bXNfY2MiOlsiQ1AxIl0sInhtc190Y2R0IjoxNDEyMjA2ODQwfQ.XlqlYm05KLf-Utu6HsyChbfmssFYgvHGLYQzVGobzmaq9nugb1NHh0vw4IEF4wVY4a62cj1WODQIjlFSO6ysonkvAqRzRqBmpnWuGOmsOzkXmPQYk0Fm-Qg9tGdOAb25AJs2lQwpz-PHwqXciufow2Rbw5B9ChlxZqumhrIsstDTgIGU9ErmpAsfdkSoUsl92QeuGwNK7KtxzqtPYJB22CqR9n8NMn6qB_66U7F1I_OOrFNH9T0XmnTKRsuNxiXpjsZcipjyDv2S-UAQlS4idBEYClcklRf2uk63Ye0bxanQyKaQyIJVKS45xibPiLoRIwuy7ahH4flSjDhlolnm5Q"
      }
    },
    {
      "RequestUri": "https://management.azure.com/subscriptions/00000000-0000-0000-0000-000000000000/resourceGroups/rgname/providers/Microsoft.Network/virtualNetworks/networknamex33d53158?api-version=2021-05-01",
      "RequestMethod": "PUT",
      "RequestHeaders": {
        "Accept": "application/json",
        "Accept-Encoding": "gzip, deflate",
        "Authorization": "Sanitized",
        "Connection": "keep-alive",
        "Content-Length": "92",
        "Content-Type": "application/json",
        "User-Agent": "azsdk-python-azure-mgmt-network/19.3.0 Python/3.8.12 (Linux-5.11.0-1028-azure-x86_64-with-glibc2.2.5) VSTS_0fb41ef4-5012-48a9-bf39-4ee3de03ee35_build_2500_0",
        "x-ms-client-request-id": "937b7a66-8d49-11ec-9c9d-439b280b284e"
      },
      "RequestBody": {
        "location": "eastus",
        "properties": {
          "addressSpace": {
            "addressPrefixes": [
              "10.0.0.0/16"
            ]
          }
        }
      },
      "StatusCode": 201,
      "ResponseHeaders": {
        "Azure-AsyncNotification": "Enabled",
        "Azure-AsyncOperation": "https://management.azure.com/subscriptions/00000000-0000-0000-0000-000000000000/providers/Microsoft.Network/locations/eastus/operations/0c2b58b0-232a-42ae-9ddf-067fd4aacf31?api-version=2021-05-01",
        "Cache-Control": "no-cache",
        "Content-Length": "624",
        "Content-Type": "application/json; charset=utf-8",
        "Date": "Mon, 14 Feb 2022 03:52:50 GMT",
        "Expires": "-1",
        "Pragma": "no-cache",
        "Retry-After": "3",
        "Server": [
          "Microsoft-HTTPAPI/2.0",
          "Microsoft-HTTPAPI/2.0"
        ],
        "Strict-Transport-Security": "max-age=31536000; includeSubDomains",
        "X-Content-Type-Options": "nosniff",
        "x-ms-arm-service-request-id": "bb2f0aa6-5260-4be5-92ba-fdc0f306a40f",
        "x-ms-correlation-request-id": "dd2bb11a-4a23-4a84-9d6d-c9f4af634876",
        "x-ms-ratelimit-remaining-subscription-writes": "1193",
        "x-ms-request-id": "0c2b58b0-232a-42ae-9ddf-067fd4aacf31",
        "x-ms-routing-request-id": "WESTUS:20220214T035250Z:dd2bb11a-4a23-4a84-9d6d-c9f4af634876"
      },
      "ResponseBody": {
        "name": "networknamex33d53158",
        "id": "/subscriptions/00000000-0000-0000-0000-000000000000/resourceGroups/rgname/providers/Microsoft.Network/virtualNetworks/networknamex33d53158",
        "etag": "W/\u002214d61a62-30c7-485b-b7da-b5f8afaa6c05\u0022",
        "type": "Microsoft.Network/virtualNetworks",
        "location": "eastus",
        "properties": {
          "provisioningState": "Updating",
          "resourceGuid": "1703db25-43c2-445d-b1bc-6fabc05fd911",
          "addressSpace": {
            "addressPrefixes": [
              "10.0.0.0/16"
            ]
          },
          "subnets": [],
          "virtualNetworkPeerings": [],
          "enableDdosProtection": false
        }
      }
    },
    {
      "RequestUri": "https://management.azure.com/subscriptions/00000000-0000-0000-0000-000000000000/providers/Microsoft.Network/locations/eastus/operations/0c2b58b0-232a-42ae-9ddf-067fd4aacf31?api-version=2021-05-01",
      "RequestMethod": "GET",
      "RequestHeaders": {
        "Accept": "*/*",
        "Accept-Encoding": "gzip, deflate",
        "Authorization": "Sanitized",
        "Connection": "keep-alive",
        "User-Agent": "azsdk-python-azure-mgmt-network/19.3.0 Python/3.8.12 (Linux-5.11.0-1028-azure-x86_64-with-glibc2.2.5) VSTS_0fb41ef4-5012-48a9-bf39-4ee3de03ee35_build_2500_0",
        "x-ms-client-request-id": "937b7a66-8d49-11ec-9c9d-439b280b284e"
      },
      "RequestBody": null,
      "StatusCode": 200,
      "ResponseHeaders": {
        "Cache-Control": "no-cache",
        "Content-Encoding": "gzip",
        "Content-Type": "application/json; charset=utf-8",
        "Date": "Mon, 14 Feb 2022 03:52:53 GMT",
        "Expires": "-1",
        "Pragma": "no-cache",
        "Server": [
          "Microsoft-HTTPAPI/2.0",
          "Microsoft-HTTPAPI/2.0"
        ],
        "Strict-Transport-Security": "max-age=31536000; includeSubDomains",
        "Transfer-Encoding": "chunked",
        "Vary": "Accept-Encoding",
        "X-Content-Type-Options": "nosniff",
        "x-ms-arm-service-request-id": "40713292-9b2e-4e4b-ae6c-faa06ce0cd98",
        "x-ms-correlation-request-id": "4832dcd9-bbf1-41e2-b114-595e3be31074",
        "x-ms-ratelimit-remaining-subscription-reads": "11948",
        "x-ms-request-id": "cf62dfb1-cffe-42e5-b041-3cf62a73fa66",
        "x-ms-routing-request-id": "WESTUS:20220214T035253Z:4832dcd9-bbf1-41e2-b114-595e3be31074"
      },
      "ResponseBody": {
        "status": "Succeeded"
      }
    },
    {
      "RequestUri": "https://management.azure.com/subscriptions/00000000-0000-0000-0000-000000000000/resourceGroups/rgname/providers/Microsoft.Network/virtualNetworks/networknamex33d53158?api-version=2021-05-01",
      "RequestMethod": "GET",
      "RequestHeaders": {
        "Accept": "*/*",
        "Accept-Encoding": "gzip, deflate",
        "Authorization": "Sanitized",
        "Connection": "keep-alive",
        "User-Agent": "azsdk-python-azure-mgmt-network/19.3.0 Python/3.8.12 (Linux-5.11.0-1028-azure-x86_64-with-glibc2.2.5) VSTS_0fb41ef4-5012-48a9-bf39-4ee3de03ee35_build_2500_0",
        "x-ms-client-request-id": "937b7a66-8d49-11ec-9c9d-439b280b284e"
      },
      "RequestBody": null,
      "StatusCode": 200,
      "ResponseHeaders": {
        "Cache-Control": "no-cache",
        "Content-Encoding": "gzip",
        "Content-Type": "application/json; charset=utf-8",
        "Date": "Mon, 14 Feb 2022 03:52:53 GMT",
        "ETag": "W/\u00221334833b-534a-4a96-bc94-6f6500bb6af7\u0022",
        "Expires": "-1",
        "Pragma": "no-cache",
        "Server": [
          "Microsoft-HTTPAPI/2.0",
          "Microsoft-HTTPAPI/2.0"
        ],
        "Strict-Transport-Security": "max-age=31536000; includeSubDomains",
        "Transfer-Encoding": "chunked",
        "Vary": "Accept-Encoding",
        "X-Content-Type-Options": "nosniff",
        "x-ms-arm-service-request-id": "4f48cd0d-b604-4508-b3de-ffb64a3eb098",
        "x-ms-correlation-request-id": "a8fa0cd2-3e4b-40f8-90c6-687aa039afa1",
        "x-ms-ratelimit-remaining-subscription-reads": "11947",
        "x-ms-request-id": "77ad954b-d580-42c3-ada8-ab7630a78b8b",
        "x-ms-routing-request-id": "WESTUS:20220214T035253Z:a8fa0cd2-3e4b-40f8-90c6-687aa039afa1"
      },
      "ResponseBody": {
        "name": "networknamex33d53158",
        "id": "/subscriptions/00000000-0000-0000-0000-000000000000/resourceGroups/rgname/providers/Microsoft.Network/virtualNetworks/networknamex33d53158",
        "etag": "W/\u00221334833b-534a-4a96-bc94-6f6500bb6af7\u0022",
        "type": "Microsoft.Network/virtualNetworks",
        "location": "eastus",
        "properties": {
          "provisioningState": "Succeeded",
          "resourceGuid": "1703db25-43c2-445d-b1bc-6fabc05fd911",
          "addressSpace": {
            "addressPrefixes": [
              "10.0.0.0/16"
            ]
          },
          "subnets": [],
          "virtualNetworkPeerings": [],
          "enableDdosProtection": false
        }
      }
    },
    {
      "RequestUri": "https://management.azure.com/subscriptions/00000000-0000-0000-0000-000000000000/resourceGroups/rgname/providers/Microsoft.Network/virtualNetworks/networknamex33d53158/subnets/subnetnamex33d53158?api-version=2021-05-01",
      "RequestMethod": "PUT",
      "RequestHeaders": {
        "Accept": "application/json",
        "Accept-Encoding": "gzip, deflate",
        "Authorization": "Sanitized",
        "Connection": "keep-alive",
        "Content-Length": "48",
        "Content-Type": "application/json",
        "User-Agent": "azsdk-python-azure-mgmt-network/19.3.0 Python/3.8.12 (Linux-5.11.0-1028-azure-x86_64-with-glibc2.2.5) VSTS_0fb41ef4-5012-48a9-bf39-4ee3de03ee35_build_2500_0",
        "x-ms-client-request-id": "968d00ee-8d49-11ec-9c9d-439b280b284e"
      },
      "RequestBody": {
        "properties": {
          "addressPrefix": "10.0.0.0/24"
        }
      },
      "StatusCode": 201,
      "ResponseHeaders": {
        "Azure-AsyncOperation": "https://management.azure.com/subscriptions/00000000-0000-0000-0000-000000000000/providers/Microsoft.Network/locations/eastus/operations/e11737c5-cd0b-4c15-82d0-988429c76693?api-version=2021-05-01",
        "Cache-Control": "no-cache",
        "Content-Length": "555",
        "Content-Type": "application/json; charset=utf-8",
        "Date": "Mon, 14 Feb 2022 03:52:53 GMT",
        "Expires": "-1",
        "Pragma": "no-cache",
        "Retry-After": "3",
        "Server": [
          "Microsoft-HTTPAPI/2.0",
          "Microsoft-HTTPAPI/2.0"
        ],
        "Strict-Transport-Security": "max-age=31536000; includeSubDomains",
        "X-Content-Type-Options": "nosniff",
        "x-ms-arm-service-request-id": "df2747cd-dd8d-497c-8de8-915af504a815",
        "x-ms-correlation-request-id": "6f2f1fc3-d7b0-4d15-b74f-ef40a1f4c710",
        "x-ms-ratelimit-remaining-subscription-writes": "1192",
        "x-ms-request-id": "e11737c5-cd0b-4c15-82d0-988429c76693",
        "x-ms-routing-request-id": "WESTUS:20220214T035254Z:6f2f1fc3-d7b0-4d15-b74f-ef40a1f4c710"
      },
      "ResponseBody": {
        "name": "subnetnamex33d53158",
        "id": "/subscriptions/00000000-0000-0000-0000-000000000000/resourceGroups/rgname/providers/Microsoft.Network/virtualNetworks/networknamex33d53158/subnets/subnetnamex33d53158",
        "etag": "W/\u0022b32bcfec-8427-451a-8e63-19fcb798c513\u0022",
        "properties": {
          "provisioningState": "Updating",
          "addressPrefix": "10.0.0.0/24",
          "delegations": [],
          "privateEndpointNetworkPolicies": "Enabled",
          "privateLinkServiceNetworkPolicies": "Enabled"
        },
        "type": "Microsoft.Network/virtualNetworks/subnets"
      }
    },
    {
      "RequestUri": "https://management.azure.com/subscriptions/00000000-0000-0000-0000-000000000000/providers/Microsoft.Network/locations/eastus/operations/e11737c5-cd0b-4c15-82d0-988429c76693?api-version=2021-05-01",
      "RequestMethod": "GET",
      "RequestHeaders": {
        "Accept": "*/*",
        "Accept-Encoding": "gzip, deflate",
        "Authorization": "Sanitized",
        "Connection": "keep-alive",
        "User-Agent": "azsdk-python-azure-mgmt-network/19.3.0 Python/3.8.12 (Linux-5.11.0-1028-azure-x86_64-with-glibc2.2.5) VSTS_0fb41ef4-5012-48a9-bf39-4ee3de03ee35_build_2500_0",
        "x-ms-client-request-id": "968d00ee-8d49-11ec-9c9d-439b280b284e"
      },
      "RequestBody": null,
      "StatusCode": 200,
      "ResponseHeaders": {
        "Cache-Control": "no-cache",
        "Content-Encoding": "gzip",
        "Content-Type": "application/json; charset=utf-8",
        "Date": "Mon, 14 Feb 2022 03:52:56 GMT",
        "Expires": "-1",
        "Pragma": "no-cache",
        "Server": [
          "Microsoft-HTTPAPI/2.0",
          "Microsoft-HTTPAPI/2.0"
        ],
        "Strict-Transport-Security": "max-age=31536000; includeSubDomains",
        "Transfer-Encoding": "chunked",
        "Vary": "Accept-Encoding",
        "X-Content-Type-Options": "nosniff",
        "x-ms-arm-service-request-id": "15f4ecec-c2b3-48e7-be10-10fb36dd5e4d",
        "x-ms-correlation-request-id": "5b650ceb-75a7-47bf-acbe-23186210cac1",
        "x-ms-ratelimit-remaining-subscription-reads": "11946",
        "x-ms-request-id": "9779febb-f496-4ff7-9152-cac5f69e572a",
        "x-ms-routing-request-id": "WESTUS:20220214T035257Z:5b650ceb-75a7-47bf-acbe-23186210cac1"
      },
      "ResponseBody": {
        "status": "Succeeded"
      }
    },
    {
      "RequestUri": "https://management.azure.com/subscriptions/00000000-0000-0000-0000-000000000000/resourceGroups/rgname/providers/Microsoft.Network/virtualNetworks/networknamex33d53158/subnets/subnetnamex33d53158?api-version=2021-05-01",
      "RequestMethod": "GET",
      "RequestHeaders": {
        "Accept": "*/*",
        "Accept-Encoding": "gzip, deflate",
        "Authorization": "Sanitized",
        "Connection": "keep-alive",
        "User-Agent": "azsdk-python-azure-mgmt-network/19.3.0 Python/3.8.12 (Linux-5.11.0-1028-azure-x86_64-with-glibc2.2.5) VSTS_0fb41ef4-5012-48a9-bf39-4ee3de03ee35_build_2500_0",
        "x-ms-client-request-id": "968d00ee-8d49-11ec-9c9d-439b280b284e"
      },
      "RequestBody": null,
      "StatusCode": 200,
      "ResponseHeaders": {
        "Cache-Control": "no-cache",
        "Content-Encoding": "gzip",
        "Content-Type": "application/json; charset=utf-8",
        "Date": "Mon, 14 Feb 2022 03:52:57 GMT",
        "ETag": "W/\u0022fb370c7c-18da-4b86-9c0f-f2e9645ffe39\u0022",
        "Expires": "-1",
        "Pragma": "no-cache",
        "Server": [
          "Microsoft-HTTPAPI/2.0",
          "Microsoft-HTTPAPI/2.0"
        ],
        "Strict-Transport-Security": "max-age=31536000; includeSubDomains",
        "Transfer-Encoding": "chunked",
        "Vary": "Accept-Encoding",
        "X-Content-Type-Options": "nosniff",
        "x-ms-arm-service-request-id": "e907c0ce-71ec-409f-91aa-9e8b2fc0841d",
        "x-ms-correlation-request-id": "9a665a4f-b3ef-42b9-a6f8-d3e286c6077e",
        "x-ms-ratelimit-remaining-subscription-reads": "11945",
        "x-ms-request-id": "0f7e7b26-40a5-4c13-af5b-ab11be2de571",
        "x-ms-routing-request-id": "WESTUS:20220214T035257Z:9a665a4f-b3ef-42b9-a6f8-d3e286c6077e"
      },
      "ResponseBody": {
        "name": "subnetnamex33d53158",
        "id": "/subscriptions/00000000-0000-0000-0000-000000000000/resourceGroups/rgname/providers/Microsoft.Network/virtualNetworks/networknamex33d53158/subnets/subnetnamex33d53158",
        "etag": "W/\u0022fb370c7c-18da-4b86-9c0f-f2e9645ffe39\u0022",
        "properties": {
          "provisioningState": "Succeeded",
          "addressPrefix": "10.0.0.0/24",
          "delegations": [],
          "privateEndpointNetworkPolicies": "Enabled",
          "privateLinkServiceNetworkPolicies": "Enabled"
        },
        "type": "Microsoft.Network/virtualNetworks/subnets"
      }
    },
    {
      "RequestUri": "https://login.microsoftonline.com/00000000-0000-0000-0000-000000000000/v2.0/.well-known/openid-configuration",
      "RequestMethod": "GET",
      "RequestHeaders": {
        "Accept": "*/*",
        "Accept-Encoding": "gzip, deflate",
        "Connection": "keep-alive",
        "User-Agent": "azsdk-python-identity/1.8.0b2 Python/3.8.12 (Linux-5.11.0-1028-azure-x86_64-with-glibc2.2.5) VSTS_0fb41ef4-5012-48a9-bf39-4ee3de03ee35_build_2500_0"
      },
      "RequestBody": null,
      "StatusCode": 200,
      "ResponseHeaders": {
        "Access-Control-Allow-Methods": "GET, OPTIONS",
        "Access-Control-Allow-Origin": "*",
        "Cache-Control": "max-age=86400, private",
        "Content-Length": "1753",
        "Content-Type": "application/json; charset=utf-8",
        "Date": "Mon, 14 Feb 2022 03:52:57 GMT",
        "P3P": "CP=\u0022DSP CUR OTPi IND OTRi ONL FIN\u0022",
        "Set-Cookie": [
          "fpc=AqGweM0U7cZCu-TL4Ua0t-vmIjFAAQAAAALJm9kOAAAA; expires=Wed, 16-Mar-2022 03:52:57 GMT; path=/; secure; HttpOnly; SameSite=None",
          "x-ms-gateway-slice=estsfd; path=/; secure; samesite=none; httponly",
          "stsservicecookie=estsfd; path=/; secure; samesite=none; httponly"
        ],
        "Strict-Transport-Security": "max-age=31536000; includeSubDomains",
        "X-Content-Type-Options": "nosniff",
        "x-ms-ests-server": "2.1.12381.24 - SCUS ProdSlices",
        "x-ms-request-id": "9d1a6335-6f1d-4be4-8a9a-2ce5a495a400"
      },
      "ResponseBody": {
        "token_endpoint": "https://login.microsoftonline.com/00000000-0000-0000-0000-000000000000/oauth2/v2.0/token",
        "token_endpoint_auth_methods_supported": [
          "client_secret_post",
          "private_key_jwt",
          "client_secret_basic"
        ],
        "jwks_uri": "https://login.microsoftonline.com/00000000-0000-0000-0000-000000000000/discovery/v2.0/keys",
        "response_modes_supported": [
          "query",
          "fragment",
          "form_post"
        ],
        "subject_types_supported": [
          "pairwise"
        ],
        "id_token_signing_alg_values_supported": [
          "RS256"
        ],
        "response_types_supported": [
          "code",
          "id_token",
          "code id_token",
          "id_token token"
        ],
        "scopes_supported": [
          "openid",
          "profile",
          "email",
          "offline_access"
        ],
        "issuer": "https://login.microsoftonline.com/00000000-0000-0000-0000-000000000000/v2.0",
        "request_uri_parameter_supported": false,
        "userinfo_endpoint": "https://graph.microsoft.com/oidc/userinfo",
        "authorization_endpoint": "https://login.microsoftonline.com/00000000-0000-0000-0000-000000000000/oauth2/v2.0/authorize",
        "device_authorization_endpoint": "https://login.microsoftonline.com/00000000-0000-0000-0000-000000000000/oauth2/v2.0/devicecode",
        "http_logout_supported": true,
        "frontchannel_logout_supported": true,
        "end_session_endpoint": "https://login.microsoftonline.com/00000000-0000-0000-0000-000000000000/oauth2/v2.0/logout",
        "claims_supported": [
          "sub",
          "iss",
          "cloud_instance_name",
          "cloud_instance_host_name",
          "cloud_graph_host_name",
          "msgraph_host",
          "aud",
          "exp",
          "iat",
          "auth_time",
          "acr",
          "nonce",
          "preferred_username",
          "name",
          "tid",
          "ver",
          "at_hash",
          "c_hash",
          "email"
        ],
        "kerberos_endpoint": "https://login.microsoftonline.com/00000000-0000-0000-0000-000000000000/kerberos",
        "tenant_region_scope": "NA",
        "cloud_instance_name": "microsoftonline.com",
        "cloud_graph_host_name": "graph.windows.net",
        "msgraph_host": "graph.microsoft.com",
        "rbac_url": "https://pas.windows.net"
      }
    },
    {
      "RequestUri": "https://login.microsoftonline.com/common/discovery/instance?api-version=1.1\u0026authorization_endpoint=https://login.microsoftonline.com/common/oauth2/authorize",
      "RequestMethod": "GET",
      "RequestHeaders": {
        "Accept": "application/json",
        "Accept-Encoding": "gzip, deflate",
        "Connection": "keep-alive",
        "Cookie": "fpc=AqGweM0U7cZCu-TL4Ua0t-vmIjFAAQAAAALJm9kOAAAA; stsservicecookie=estsfd; x-ms-gateway-slice=estsfd",
        "User-Agent": "azsdk-python-identity/1.8.0b2 Python/3.8.12 (Linux-5.11.0-1028-azure-x86_64-with-glibc2.2.5) VSTS_0fb41ef4-5012-48a9-bf39-4ee3de03ee35_build_2500_0"
      },
      "RequestBody": null,
      "StatusCode": 200,
      "ResponseHeaders": {
        "Access-Control-Allow-Methods": "GET, OPTIONS",
        "Access-Control-Allow-Origin": "*",
        "Cache-Control": "max-age=86400, private",
        "Content-Length": "945",
        "Content-Type": "application/json; charset=utf-8",
        "Date": "Mon, 14 Feb 2022 03:52:57 GMT",
        "P3P": "CP=\u0022DSP CUR OTPi IND OTRi ONL FIN\u0022",
        "Set-Cookie": [
          "fpc=AqGweM0U7cZCu-TL4Ua0t-vmIjFAAQAAAALJm9kOAAAA; expires=Wed, 16-Mar-2022 03:52:57 GMT; path=/; secure; HttpOnly; SameSite=None",
          "x-ms-gateway-slice=estsfd; path=/; secure; samesite=none; httponly",
          "stsservicecookie=estsfd; path=/; secure; samesite=none; httponly"
        ],
        "Strict-Transport-Security": "max-age=31536000; includeSubDomains",
        "X-Content-Type-Options": "nosniff",
        "x-ms-ests-server": "2.1.12381.24 - EUS ProdSlices",
        "x-ms-request-id": "4329eda5-9621-441c-8624-2f8275469b00"
      },
      "ResponseBody": {
        "tenant_discovery_endpoint": "https://login.microsoftonline.com/common/.well-known/openid-configuration",
        "api-version": "1.1",
        "metadata": [
          {
            "preferred_network": "login.microsoftonline.com",
            "preferred_cache": "login.windows.net",
            "aliases": [
              "login.microsoftonline.com",
              "login.windows.net",
              "login.microsoft.com",
              "sts.windows.net"
            ]
          },
          {
            "preferred_network": "login.partner.microsoftonline.cn",
            "preferred_cache": "login.partner.microsoftonline.cn",
            "aliases": [
              "login.partner.microsoftonline.cn",
              "login.chinacloudapi.cn"
            ]
          },
          {
            "preferred_network": "login.microsoftonline.de",
            "preferred_cache": "login.microsoftonline.de",
            "aliases": [
              "login.microsoftonline.de"
            ]
          },
          {
            "preferred_network": "login.microsoftonline.us",
            "preferred_cache": "login.microsoftonline.us",
            "aliases": [
              "login.microsoftonline.us",
              "login.usgovcloudapi.net"
            ]
          },
          {
            "preferred_network": "login-us.microsoftonline.com",
            "preferred_cache": "login-us.microsoftonline.com",
            "aliases": [
              "login-us.microsoftonline.com"
            ]
          }
        ]
      }
    },
    {
      "RequestUri": "https://login.microsoftonline.com/00000000-0000-0000-0000-000000000000/oauth2/v2.0/token",
      "RequestMethod": "POST",
      "RequestHeaders": {
        "Accept": "application/json",
        "Accept-Encoding": "gzip, deflate",
        "client-request-id": "e25f6795-7e4d-4159-9e77-088c9a339a9b",
        "Connection": "keep-alive",
        "Content-Length": "286",
        "Content-Type": "application/x-www-form-urlencoded",
        "Cookie": "fpc=AqGweM0U7cZCu-TL4Ua0t-vmIjFAAQAAAALJm9kOAAAA; stsservicecookie=estsfd; x-ms-gateway-slice=estsfd",
        "User-Agent": "azsdk-python-identity/1.8.0b2 Python/3.8.12 (Linux-5.11.0-1028-azure-x86_64-with-glibc2.2.5) VSTS_0fb41ef4-5012-48a9-bf39-4ee3de03ee35_build_2500_0",
        "x-client-cpu": "x64",
        "x-client-current-telemetry": "4|730,0|",
        "x-client-last-telemetry": "4|0|||",
        "x-client-os": "linux",
        "x-client-sku": "MSAL.Python",
        "x-client-ver": "1.17.0",
        "x-ms-lib-capability": "retry-after, h429"
      },
      "RequestBody": "client_id=8c41a920-007a-4844-a189-2d0efe39f51e\u0026grant_type=client_credentials\u0026client_info=1\u0026client_secret=o0XWF_siD-FhI.5AE83-u0GaQHW_GP7cjy\u0026claims=%7B%22access_token%22%3A\u002B%7B%22xms_cc%22%3A\u002B%7B%22values%22%3A\u002B%5B%22CP1%22%5D%7D%7D%7D\u0026scope=https%3A%2F%2Fmanagement.azure.com%2F.default",
      "StatusCode": 200,
      "ResponseHeaders": {
        "Cache-Control": "no-store, no-cache",
        "client-request-id": "e25f6795-7e4d-4159-9e77-088c9a339a9b",
        "Content-Length": "1391",
        "Content-Type": "application/json; charset=utf-8",
        "Date": "Mon, 14 Feb 2022 03:52:57 GMT",
        "Expires": "-1",
        "P3P": "CP=\u0022DSP CUR OTPi IND OTRi ONL FIN\u0022",
        "Pragma": "no-cache",
        "Set-Cookie": [
          "fpc=AqGweM0U7cZCu-TL4Ua0t-vmIjFAAgAAAALJm9kOAAAA; expires=Wed, 16-Mar-2022 03:52:57 GMT; path=/; secure; HttpOnly; SameSite=None",
          "x-ms-gateway-slice=estsfd; path=/; secure; samesite=none; httponly",
          "stsservicecookie=estsfd; path=/; secure; samesite=none; httponly"
        ],
        "Strict-Transport-Security": "max-age=31536000; includeSubDomains",
        "X-Content-Type-Options": "nosniff",
        "x-ms-clitelem": "1,0,0,,",
        "x-ms-ests-server": "2.1.12470.11 - WUS2 ProdSlices",
        "x-ms-request-id": "b7f4cca1-fd1e-4574-b93c-10b258962300"
      },
      "ResponseBody": {
        "token_type": "Bearer",
        "expires_in": 3599,
        "ext_expires_in": 3599,
        "access_token": "eyJ0eXAiOiJKV1QiLCJhbGciOiJSUzI1NiIsIng1dCI6Ik1yNS1BVWliZkJpaTdOZDFqQmViYXhib1hXMCIsImtpZCI6Ik1yNS1BVWliZkJpaTdOZDFqQmViYXhib1hXMCJ9.eyJhdWQiOiJodHRwczovL21hbmFnZW1lbnQuYXp1cmUuY29tIiwiaXNzIjoiaHR0cHM6Ly9zdHMud2luZG93cy5uZXQvNTQ4MjZiMjItMzhkNi00ZmIyLWJhZDktYjdiOTNhM2U5YzVhLyIsImlhdCI6MTY0NDgxMDQ3NywibmJmIjoxNjQ0ODEwNDc3LCJleHAiOjE2NDQ4MTQzNzcsImFpbyI6IkUyWmdZTGdlSWZmd09MZEUxcVU3dnhmLzNzZm5EUUE9IiwiYXBwaWQiOiI4YzQxYTkyMC0wMDdhLTQ4NDQtYTE4OS0yZDBlZmUzOWY1MWUiLCJhcHBpZGFjciI6IjEiLCJpZHAiOiJodHRwczovL3N0cy53aW5kb3dzLm5ldC81NDgyNmIyMi0zOGQ2LTRmYjItYmFkOS1iN2I5M2EzZTljNWEvIiwiaWR0eXAiOiJhcHAiLCJvaWQiOiIyMjliZWYwMC02NTM2LTRiNmEtODJkMC1lYzgzYmYxY2RhN2UiLCJyaCI6IjAuQVRjQUltdUNWTlk0c2stNjJiZTVPajZjV2taSWYza0F1dGRQdWtQYXdmajJNQk0zQUFBLiIsInN1YiI6IjIyOWJlZjAwLTY1MzYtNGI2YS04MmQwLWVjODNiZjFjZGE3ZSIsInRpZCI6IjU0ODI2YjIyLTM4ZDYtNGZiMi1iYWQ5LWI3YjkzYTNlOWM1YSIsInV0aSI6Im9jejB0eDc5ZEVXNVBCQ3lXSllqQUEiLCJ2ZXIiOiIxLjAiLCJ4bXNfY2MiOlsiQ1AxIl0sInhtc190Y2R0IjoxNDEyMjA2ODQwfQ.p31kPoE1hJHExeyGyEoqutFo0GZ1VkjoSg8x_n_sa44aPFTs83j9zOIGfE3CgdbI-xFq1cnR80Y0qXbgYdvirc8TeHpakpu6CFDfUJnwMZfdADL_0sZ_FLNwojYJwbDKLLlt53IYQDpKPlJBfcOZAFvK2ErxPbhka8jNRI0RqJ3KKAzHI5gEPXV9KaDYU3lTJ2HLVrG7jPWqL2in2OJfxbiL19HA1qZvRyioEI0xw4BccfcRc-Z9a-shptt4G3wRuTHNghiiu91Y-sNzFeN03RBnczp04C-iazo9rtwRZBEbJGL72qDGPKZrBcCgJ8wtqHztkCIivDspXsLJ7HYtrw"
      }
    },
    {
      "RequestUri": "https://management.azure.com/subscriptions/00000000-0000-0000-0000-000000000000/resourceGroups/rgname/providers/Microsoft.Compute/virtualMachineScaleSets/virtualmachinescaleset33d53158?api-version=2021-11-01",
      "RequestMethod": "PUT",
      "RequestHeaders": {
        "Accept": "application/json",
        "Accept-Encoding": "gzip, deflate",
        "Authorization": "Sanitized",
        "Connection": "keep-alive",
        "Content-Length": "948",
        "Content-Type": "application/json",
        "User-Agent": "azsdk-python-azure-mgmt-compute/26.0.0 Python/3.8.12 (Linux-5.11.0-1028-azure-x86_64-with-glibc2.2.5) VSTS_0fb41ef4-5012-48a9-bf39-4ee3de03ee35_build_2500_0",
        "x-ms-client-request-id": "989b9832-8d49-11ec-9c9d-439b280b284e"
      },
      "RequestBody": {
        "location": "eastus",
        "sku": {
          "name": "Standard_D1_v2",
          "tier": "Standard",
          "capacity": 1
        },
        "properties": {
          "upgradePolicy": {
            "mode": "Manual"
          },
          "virtualMachineProfile": {
            "osProfile": {
              "computerNamePrefix": "testPC",
              "adminUsername": "testuser",
              "adminPassword": "Aa!1()-xyz"
            },
            "storageProfile": {
              "imageReference": {
                "publisher": "MicrosoftWindowsServer",
                "offer": "WindowsServer",
                "sku": "2016-Datacenter",
                "version": "latest"
              },
              "osDisk": {
                "caching": "ReadWrite",
                "createOption": "FromImage",
                "diskSizeGB": 512,
                "managedDisk": {
                  "storageAccountType": "Standard_LRS"
                }
              }
            },
            "networkProfile": {
              "networkInterfaceConfigurations": [
                {
                  "name": "testPC",
                  "properties": {
                    "primary": true,
                    "ipConfigurations": [
                      {
                        "name": "testPC",
                        "properties": {
                          "subnet": {
                            "id": "/subscriptions/00000000-0000-0000-0000-000000000000/resourceGroups/rgname/providers/Microsoft.Network/virtualNetworks/networknamex33d53158/subnets/subnetnamex33d53158"
                          }
                        }
                      }
                    ]
                  }
                }
              ]
            }
          },
          "overprovision": true
        }
      },
      "StatusCode": 201,
      "ResponseHeaders": {
        "Azure-AsyncNotification": "Enabled",
        "Azure-AsyncOperation": "https://management.azure.com/subscriptions/00000000-0000-0000-0000-000000000000/providers/Microsoft.Compute/locations/eastus/operations/ec30aacc-b667-4335-9510-755a998311ba?p=54253b73-cb53-496f-ab42-5e5ee19426f8\u0026api-version=2021-11-01",
        "Cache-Control": "no-cache",
        "Content-Length": "2098",
        "Content-Type": "application/json; charset=utf-8",
        "Date": "Mon, 14 Feb 2022 03:52:58 GMT",
        "Expires": "-1",
        "Pragma": "no-cache",
        "Retry-After": "10",
        "Server": [
          "Microsoft-HTTPAPI/2.0",
          "Microsoft-HTTPAPI/2.0"
        ],
        "Strict-Transport-Security": "max-age=31536000; includeSubDomains",
        "X-Content-Type-Options": "nosniff",
        "x-ms-correlation-request-id": "295c12cb-4d9f-4937-8577-c3d768b96cee",
        "x-ms-ratelimit-remaining-resource": "Microsoft.Compute/CreateVMScaleSet3Min;185,Microsoft.Compute/CreateVMScaleSet30Min;929,Microsoft.Compute/VMScaleSetBatchedVMRequests5Min;3724,Microsoft.Compute/VmssQueuedVMOperations;0",
        "x-ms-ratelimit-remaining-subscription-writes": "1191",
        "x-ms-request-charge": "2",
        "x-ms-request-id": "ec30aacc-b667-4335-9510-755a998311ba",
        "x-ms-routing-request-id": "WESTUS:20220214T035258Z:295c12cb-4d9f-4937-8577-c3d768b96cee"
      },
      "ResponseBody": {
        "name": "virtualmachinescaleset33d53158",
        "id": "/subscriptions/00000000-0000-0000-0000-000000000000/resourceGroups/rgname/providers/Microsoft.Compute/virtualMachineScaleSets/virtualmachinescaleset33d53158",
        "type": "Microsoft.Compute/virtualMachineScaleSets",
        "location": "eastus",
        "sku": {
          "name": "Standard_D1_v2",
          "tier": "Standard",
          "capacity": 1
        },
        "properties": {
          "singlePlacementGroup": true,
          "upgradePolicy": {
            "mode": "Manual"
          },
          "virtualMachineProfile": {
            "osProfile": {
              "computerNamePrefix": "testPC",
              "adminUsername": "testuser",
              "windowsConfiguration": {
                "provisionVMAgent": true,
                "enableAutomaticUpdates": true
              },
              "secrets": [],
              "allowExtensionOperations": true,
              "requireGuestProvisionSignal": true
            },
            "storageProfile": {
              "osDisk": {
                "osType": "Windows",
                "createOption": "FromImage",
                "caching": "ReadWrite",
                "managedDisk": {
                  "storageAccountType": "Standard_LRS"
                },
                "diskSizeGB": 512
              },
              "imageReference": {
                "publisher": "MicrosoftWindowsServer",
                "offer": "WindowsServer",
                "sku": "2016-Datacenter",
                "version": "latest"
              }
            },
            "networkProfile": {
              "networkInterfaceConfigurations": [
                {
                  "name": "testPC",
                  "properties": {
                    "primary": true,
                    "enableAcceleratedNetworking": false,
                    "dnsSettings": {
                      "dnsServers": []
                    },
                    "enableIPForwarding": false,
                    "ipConfigurations": [
                      {
                        "name": "testPC",
                        "properties": {
                          "subnet": {
                            "id": "/subscriptions/00000000-0000-0000-0000-000000000000/resourceGroups/rgname/providers/Microsoft.Network/virtualNetworks/networknamex33d53158/subnets/subnetnamex33d53158"
                          },
                          "privateIPAddressVersion": "IPv4"
                        }
                      }
                    ]
                  }
                }
              ]
            }
          },
          "provisioningState": "Creating",
          "overprovision": true,
          "doNotRunExtensionsOnOverprovisionedVMs": false,
          "uniqueId": "f1a2b949-7346-4e6a-94bd-d79a7b6d6360",
          "timeCreated": "2022-02-14T03:52:58.302989\u002B00:00"
        }
      }
    },
    {
      "RequestUri": "https://management.azure.com/subscriptions/00000000-0000-0000-0000-000000000000/providers/Microsoft.Compute/locations/eastus/operations/ec30aacc-b667-4335-9510-755a998311ba?p=54253b73-cb53-496f-ab42-5e5ee19426f8\u0026api-version=2021-11-01",
      "RequestMethod": "GET",
      "RequestHeaders": {
        "Accept": "*/*",
        "Accept-Encoding": "gzip, deflate",
        "Authorization": "Sanitized",
        "Connection": "keep-alive",
        "User-Agent": "azsdk-python-azure-mgmt-compute/26.0.0 Python/3.8.12 (Linux-5.11.0-1028-azure-x86_64-with-glibc2.2.5) VSTS_0fb41ef4-5012-48a9-bf39-4ee3de03ee35_build_2500_0",
        "x-ms-client-request-id": "989b9832-8d49-11ec-9c9d-439b280b284e"
      },
      "RequestBody": null,
      "StatusCode": 200,
      "ResponseHeaders": {
        "Cache-Control": "no-cache",
        "Content-Encoding": "gzip",
        "Content-Type": "application/json; charset=utf-8",
        "Date": "Mon, 14 Feb 2022 03:53:08 GMT",
        "Expires": "-1",
        "Pragma": "no-cache",
        "Retry-After": "97",
        "Server": [
          "Microsoft-HTTPAPI/2.0",
          "Microsoft-HTTPAPI/2.0"
        ],
        "Strict-Transport-Security": "max-age=31536000; includeSubDomains",
        "Transfer-Encoding": "chunked",
        "Vary": "Accept-Encoding",
        "X-Content-Type-Options": "nosniff",
        "x-ms-correlation-request-id": "674e165c-bdcd-40ec-b262-66cb44c7fe7f",
        "x-ms-ratelimit-remaining-resource": "Microsoft.Compute/GetOperation3Min;14986,Microsoft.Compute/GetOperation30Min;29892",
        "x-ms-ratelimit-remaining-subscription-reads": "11944",
        "x-ms-request-id": "66fb6603-06fa-4d1c-9b61-b1181c131759",
        "x-ms-routing-request-id": "WESTUS:20220214T035308Z:674e165c-bdcd-40ec-b262-66cb44c7fe7f"
      },
      "ResponseBody": {
        "startTime": "2022-02-14T03:52:58.287351\u002B00:00",
        "status": "InProgress",
        "name": "ec30aacc-b667-4335-9510-755a998311ba"
      }
    },
    {
      "RequestUri": "https://management.azure.com/subscriptions/00000000-0000-0000-0000-000000000000/providers/Microsoft.Compute/locations/eastus/operations/ec30aacc-b667-4335-9510-755a998311ba?p=54253b73-cb53-496f-ab42-5e5ee19426f8\u0026api-version=2021-11-01",
      "RequestMethod": "GET",
      "RequestHeaders": {
        "Accept": "*/*",
        "Accept-Encoding": "gzip, deflate",
        "Authorization": "Sanitized",
        "Connection": "keep-alive",
        "User-Agent": "azsdk-python-azure-mgmt-compute/26.0.0 Python/3.8.12 (Linux-5.11.0-1028-azure-x86_64-with-glibc2.2.5) VSTS_0fb41ef4-5012-48a9-bf39-4ee3de03ee35_build_2500_0",
        "x-ms-client-request-id": "989b9832-8d49-11ec-9c9d-439b280b284e"
      },
      "RequestBody": null,
      "StatusCode": 200,
      "ResponseHeaders": {
        "Cache-Control": "no-cache",
        "Content-Encoding": "gzip",
        "Content-Type": "application/json; charset=utf-8",
        "Date": "Mon, 14 Feb 2022 03:54:45 GMT",
        "Expires": "-1",
        "Pragma": "no-cache",
        "Server": [
          "Microsoft-HTTPAPI/2.0",
          "Microsoft-HTTPAPI/2.0"
        ],
        "Strict-Transport-Security": "max-age=31536000; includeSubDomains",
        "Transfer-Encoding": "chunked",
        "Vary": "Accept-Encoding",
        "X-Content-Type-Options": "nosniff",
        "x-ms-correlation-request-id": "b449053c-3e38-4917-8231-9f911502a9ae",
        "x-ms-ratelimit-remaining-resource": "Microsoft.Compute/GetOperation3Min;14994,Microsoft.Compute/GetOperation30Min;29890",
        "x-ms-ratelimit-remaining-subscription-reads": "11943",
        "x-ms-request-id": "50e8d542-6793-479e-b7db-9a348fb5330d",
        "x-ms-routing-request-id": "WESTUS:20220214T035446Z:b449053c-3e38-4917-8231-9f911502a9ae"
      },
      "ResponseBody": {
        "startTime": "2022-02-14T03:52:58.287351\u002B00:00",
        "endTime": "2022-02-14T03:54:45.2254427\u002B00:00",
        "status": "Succeeded",
        "name": "ec30aacc-b667-4335-9510-755a998311ba"
      }
    },
    {
      "RequestUri": "https://management.azure.com/subscriptions/00000000-0000-0000-0000-000000000000/resourceGroups/rgname/providers/Microsoft.Compute/virtualMachineScaleSets/virtualmachinescaleset33d53158?api-version=2021-11-01",
      "RequestMethod": "GET",
      "RequestHeaders": {
        "Accept": "*/*",
        "Accept-Encoding": "gzip, deflate",
        "Authorization": "Sanitized",
        "Connection": "keep-alive",
        "User-Agent": "azsdk-python-azure-mgmt-compute/26.0.0 Python/3.8.12 (Linux-5.11.0-1028-azure-x86_64-with-glibc2.2.5) VSTS_0fb41ef4-5012-48a9-bf39-4ee3de03ee35_build_2500_0",
        "x-ms-client-request-id": "989b9832-8d49-11ec-9c9d-439b280b284e"
      },
      "RequestBody": null,
      "StatusCode": 200,
      "ResponseHeaders": {
        "Cache-Control": "no-cache",
        "Content-Encoding": "gzip",
        "Content-Type": "application/json; charset=utf-8",
        "Date": "Mon, 14 Feb 2022 03:54:45 GMT",
        "Expires": "-1",
        "Pragma": "no-cache",
        "Server": [
          "Microsoft-HTTPAPI/2.0",
          "Microsoft-HTTPAPI/2.0"
        ],
        "Strict-Transport-Security": "max-age=31536000; includeSubDomains",
        "Transfer-Encoding": "chunked",
        "Vary": "Accept-Encoding",
        "X-Content-Type-Options": "nosniff",
        "x-ms-correlation-request-id": "373b4634-cc31-4817-9e9b-81fb2dbbab24",
        "x-ms-ratelimit-remaining-resource": "Microsoft.Compute/GetVMScaleSet3Min;395,Microsoft.Compute/GetVMScaleSet30Min;2582",
        "x-ms-ratelimit-remaining-subscription-reads": "11942",
        "x-ms-request-id": "7b31bc77-2c29-4fdc-a3eb-13be41caaaa9",
        "x-ms-routing-request-id": "WESTUS:20220214T035446Z:373b4634-cc31-4817-9e9b-81fb2dbbab24"
      },
      "ResponseBody": {
        "name": "virtualmachinescaleset33d53158",
        "id": "/subscriptions/00000000-0000-0000-0000-000000000000/resourceGroups/rgname/providers/Microsoft.Compute/virtualMachineScaleSets/virtualmachinescaleset33d53158",
        "type": "Microsoft.Compute/virtualMachineScaleSets",
        "location": "eastus",
        "sku": {
          "name": "Standard_D1_v2",
          "tier": "Standard",
          "capacity": 1
        },
        "properties": {
          "singlePlacementGroup": true,
          "upgradePolicy": {
            "mode": "Manual"
          },
          "virtualMachineProfile": {
            "osProfile": {
              "computerNamePrefix": "testPC",
              "adminUsername": "testuser",
              "windowsConfiguration": {
                "provisionVMAgent": true,
                "enableAutomaticUpdates": true
              },
              "secrets": [],
              "allowExtensionOperations": true,
              "requireGuestProvisionSignal": true
            },
            "storageProfile": {
              "osDisk": {
                "osType": "Windows",
                "createOption": "FromImage",
                "caching": "ReadWrite",
                "managedDisk": {
                  "storageAccountType": "Standard_LRS"
                },
                "diskSizeGB": 512
              },
              "imageReference": {
                "publisher": "MicrosoftWindowsServer",
                "offer": "WindowsServer",
                "sku": "2016-Datacenter",
                "version": "latest"
              }
            },
            "networkProfile": {
              "networkInterfaceConfigurations": [
                {
                  "name": "testPC",
                  "properties": {
                    "primary": true,
                    "enableAcceleratedNetworking": false,
                    "dnsSettings": {
                      "dnsServers": []
                    },
                    "enableIPForwarding": false,
                    "ipConfigurations": [
                      {
                        "name": "testPC",
                        "properties": {
                          "subnet": {
                            "id": "/subscriptions/00000000-0000-0000-0000-000000000000/resourceGroups/rgname/providers/Microsoft.Network/virtualNetworks/networknamex33d53158/subnets/subnetnamex33d53158"
                          },
                          "privateIPAddressVersion": "IPv4"
                        }
                      }
                    ]
                  }
                }
              ]
            }
          },
          "provisioningState": "Succeeded",
          "overprovision": true,
          "doNotRunExtensionsOnOverprovisionedVMs": false,
          "uniqueId": "f1a2b949-7346-4e6a-94bd-d79a7b6d6360",
          "timeCreated": "2022-02-14T03:52:58.302989\u002B00:00"
        }
      }
    },
    {
      "RequestUri": "https://management.azure.com/subscriptions/00000000-0000-0000-0000-000000000000/resourceGroups/rgname/providers/Microsoft.Compute/virtualMachineScaleSets/virtualmachinescaleset33d53158/virtualMachines/0/instanceView?api-version=2021-11-01",
      "RequestMethod": "GET",
      "RequestHeaders": {
        "Accept": "application/json",
        "Accept-Encoding": "gzip, deflate",
        "Authorization": "Sanitized",
        "Connection": "keep-alive",
        "User-Agent": "azsdk-python-azure-mgmt-compute/26.0.0 Python/3.8.12 (Linux-5.11.0-1028-azure-x86_64-with-glibc2.2.5) VSTS_0fb41ef4-5012-48a9-bf39-4ee3de03ee35_build_2500_0",
        "x-ms-client-request-id": "44da69e8-8d4a-11ec-9c9d-439b280b284e"
      },
      "RequestBody": null,
      "StatusCode": 200,
      "ResponseHeaders": {
        "Cache-Control": "no-cache",
        "Content-Encoding": "gzip",
        "Content-Type": "application/json; charset=utf-8",
        "Date": "Mon, 14 Feb 2022 03:57:45 GMT",
        "Expires": "-1",
        "Pragma": "no-cache",
        "Server": [
          "Microsoft-HTTPAPI/2.0",
          "Microsoft-HTTPAPI/2.0"
        ],
        "Strict-Transport-Security": "max-age=31536000; includeSubDomains",
        "Transfer-Encoding": "chunked",
        "Vary": "Accept-Encoding",
        "X-Content-Type-Options": "nosniff",
        "x-ms-correlation-request-id": "c099a6ad-00d4-40af-8ce9-48cdac96851e",
        "x-ms-ratelimit-remaining-resource": "Microsoft.Compute/GetVMScaleSetVM3Min;999,Microsoft.Compute/GetVMScaleSetVM30Min;4994,Microsoft.Compute/VMScaleSetVMViews3Min;4999",
        "x-ms-ratelimit-remaining-subscription-reads": "11941",
        "x-ms-request-charge": "1",
        "x-ms-request-id": "f7adb909-288f-48dd-ba53-d3db0c9db151",
        "x-ms-routing-request-id": "WESTUS:20220214T035746Z:c099a6ad-00d4-40af-8ce9-48cdac96851e"
      },
      "ResponseBody": {
        "placementGroupId": "c333114c-6cb7-47a3-80b6-b3de5f97572b",
        "platformUpdateDomain": 0,
        "platformFaultDomain": 0,
        "computerName": "testPC000000",
        "osName": "Windows Server 2016 Datacenter",
        "osVersion": "10.0.14393.4946",
        "vmAgent": {
          "vmAgentVersion": "2.7.41491.1032",
          "statuses": [
            {
              "code": "ProvisioningState/succeeded",
              "level": "Info",
              "displayStatus": "Ready",
              "message": "GuestAgent is running and processing the extensions.",
              "time": "2022-02-14T03:56:50.715\u002B00:00"
            }
          ]
        },
        "disks": [
          {
            "name": "virtualmachinescalesvirtualmachinescaleseOS__1_0e1d0a9dd9e34d24a8bbf9d66c46d250",
            "statuses": [
              {
                "code": "ProvisioningState/succeeded",
                "level": "Info",
                "displayStatus": "Provisioning succeeded",
                "time": "2022-02-14T03:54:45.6629199\u002B00:00"
              }
            ]
          }
        ],
        "hyperVGeneration": "V1",
        "statuses": [
          {
            "code": "ProvisioningState/succeeded",
            "level": "Info",
            "displayStatus": "Provisioning succeeded",
            "time": "2022-02-14T03:55:12.8193484\u002B00:00"
          },
          {
            "code": "PowerState/running",
            "level": "Info",
            "displayStatus": "VM running"
          }
        ]
      }
    },
    {
      "RequestUri": "https://management.azure.com/subscriptions/00000000-0000-0000-0000-000000000000/resourceGroups/rgname/providers/Microsoft.Compute/virtualMachineScaleSets/virtualmachinescaleset33d53158/performMaintenance?api-version=2021-11-01",
      "RequestMethod": "POST",
      "RequestHeaders": {
        "Accept": "application/json",
        "Accept-Encoding": "gzip, deflate",
        "Authorization": "Sanitized",
        "Connection": "keep-alive",
        "Content-Length": "0",
        "Content-Type": "application/json",
        "User-Agent": "azsdk-python-azure-mgmt-compute/26.0.0 Python/3.8.12 (Linux-5.11.0-1028-azure-x86_64-with-glibc2.2.5) VSTS_0fb41ef4-5012-48a9-bf39-4ee3de03ee35_build_2500_0",
        "x-ms-client-request-id": "44da69e9-8d4a-11ec-9c9d-439b280b284e"
      },
      "RequestBody": null,
      "StatusCode": 409,
      "ResponseHeaders": {
        "Cache-Control": "no-cache",
        "Content-Length": "214",
        "Content-Type": "application/json; charset=utf-8",
        "Date": "Mon, 14 Feb 2022 03:57:45 GMT",
        "Expires": "-1",
        "Pragma": "no-cache",
        "Server": [
          "Microsoft-HTTPAPI/2.0",
          "Microsoft-HTTPAPI/2.0"
        ],
        "Strict-Transport-Security": "max-age=31536000; includeSubDomains",
        "X-Content-Type-Options": "nosniff",
        "x-ms-correlation-request-id": "0a1d698a-20a2-48cd-b9cf-7ebb04193993",
        "x-ms-ratelimit-remaining-resource": "Microsoft.Compute/VMScaleSetActions3Min;239,Microsoft.Compute/VMScaleSetActions30Min;1190",
        "x-ms-ratelimit-remaining-subscription-writes": "1189",
        "x-ms-request-id": "08b85c20-6ada-4aad-a4ac-8a2a37f00539",
        "x-ms-routing-request-id": "WESTUS:20220214T035746Z:0a1d698a-20a2-48cd-b9cf-7ebb04193993"
      },
      "ResponseBody": {
        "error": {
          "code": "OperationNotAllowed",
          "message": "Operation \u0027performMaintenance\u0027 is not allowed on VM \u0027virtualmachinescaleset33d53158_0\u0027 as customer initiated maintenance is not allowed."
        }
      }
    },
    {
      "RequestUri": "https://management.azure.com/subscriptions/00000000-0000-0000-0000-000000000000/resourceGroups/rgname/providers/Microsoft.Compute/virtualMachineScaleSets/virtualmachinescaleset33d53158/virtualmachines/0/performMaintenance?api-version=2021-11-01",
      "RequestMethod": "POST",
      "RequestHeaders": {
        "Accept": "application/json",
        "Accept-Encoding": "gzip, deflate",
        "Authorization": "Sanitized",
        "Connection": "keep-alive",
        "Content-Length": "0",
        "User-Agent": "azsdk-python-azure-mgmt-compute/26.0.0 Python/3.8.12 (Linux-5.11.0-1028-azure-x86_64-with-glibc2.2.5) VSTS_0fb41ef4-5012-48a9-bf39-4ee3de03ee35_build_2500_0",
        "x-ms-client-request-id": "44da69ea-8d4a-11ec-9c9d-439b280b284e"
      },
      "RequestBody": null,
      "StatusCode": 409,
      "ResponseHeaders": {
        "Cache-Control": "no-cache",
        "Content-Length": "214",
        "Content-Type": "application/json; charset=utf-8",
        "Date": "Mon, 14 Feb 2022 03:57:46 GMT",
        "Expires": "-1",
        "Pragma": "no-cache",
        "Server": [
          "Microsoft-HTTPAPI/2.0",
          "Microsoft-HTTPAPI/2.0"
        ],
        "Strict-Transport-Security": "max-age=31536000; includeSubDomains",
        "X-Content-Type-Options": "nosniff",
        "x-ms-correlation-request-id": "c113a9e7-a2ae-4b4d-a4ba-7b6bddfb1808",
        "x-ms-ratelimit-remaining-resource": "Microsoft.Compute/VMScaleSetActions3Min;238,Microsoft.Compute/VMScaleSetActions30Min;1189",
        "x-ms-ratelimit-remaining-subscription-writes": "1188",
        "x-ms-request-id": "51d99b5e-9d98-4b65-a8df-a7b8d5bc4222",
        "x-ms-routing-request-id": "WESTUS:20220214T035746Z:c113a9e7-a2ae-4b4d-a4ba-7b6bddfb1808"
      },
      "ResponseBody": {
        "error": {
          "code": "OperationNotAllowed",
          "message": "Operation \u0027performMaintenance\u0027 is not allowed on VM \u0027virtualmachinescaleset33d53158_0\u0027 as customer initiated maintenance is not allowed."
        }
      }
    },
    {
      "RequestUri": "https://management.azure.com/subscriptions/00000000-0000-0000-0000-000000000000/resourceGroups/rgname/providers/Microsoft.Compute/virtualMachineScaleSets/virtualmachinescaleset33d53158?api-version=2021-11-01",
      "RequestMethod": "DELETE",
      "RequestHeaders": {
        "Accept": "application/json",
        "Accept-Encoding": "gzip, deflate",
        "Authorization": "Sanitized",
        "Connection": "keep-alive",
        "Content-Length": "0",
        "User-Agent": "azsdk-python-azure-mgmt-compute/26.0.0 Python/3.8.12 (Linux-5.11.0-1028-azure-x86_64-with-glibc2.2.5) VSTS_0fb41ef4-5012-48a9-bf39-4ee3de03ee35_build_2500_0",
        "x-ms-client-request-id": "44da69eb-8d4a-11ec-9c9d-439b280b284e"
      },
      "RequestBody": null,
      "StatusCode": 202,
      "ResponseHeaders": {
        "Azure-AsyncNotification": "Enabled",
        "Azure-AsyncOperation": "https://management.azure.com/subscriptions/00000000-0000-0000-0000-000000000000/providers/Microsoft.Compute/locations/eastus/operations/5e451d55-9720-473f-92eb-2c92c4d5c862?p=54253b73-cb53-496f-ab42-5e5ee19426f8\u0026api-version=2021-11-01",
        "Cache-Control": "no-cache",
        "Content-Length": "0",
        "Date": "Mon, 14 Feb 2022 03:57:46 GMT",
        "Expires": "-1",
        "Location": "https://management.azure.com/subscriptions/00000000-0000-0000-0000-000000000000/providers/Microsoft.Compute/locations/eastus/operations/5e451d55-9720-473f-92eb-2c92c4d5c862?p=54253b73-cb53-496f-ab42-5e5ee19426f8\u0026monitor=true\u0026api-version=2021-11-01",
        "Pragma": "no-cache",
        "Retry-After": "10",
        "Server": [
          "Microsoft-HTTPAPI/2.0",
          "Microsoft-HTTPAPI/2.0"
        ],
        "Strict-Transport-Security": "max-age=31536000; includeSubDomains",
        "X-Content-Type-Options": "nosniff",
        "x-ms-correlation-request-id": "47f83b38-83aa-4914-8b78-4fb348860333",
        "x-ms-ratelimit-remaining-resource": "Microsoft.Compute/DeleteVMScaleSet3Min;79,Microsoft.Compute/DeleteVMScaleSet30Min;397,Microsoft.Compute/VMScaleSetBatchedVMRequests5Min;3728,Microsoft.Compute/VmssQueuedVMOperations;0",
        "x-ms-ratelimit-remaining-subscription-deletes": "14993",
        "x-ms-request-charge": "1",
        "x-ms-request-id": "5e451d55-9720-473f-92eb-2c92c4d5c862",
        "x-ms-routing-request-id": "WESTUS:20220214T035747Z:47f83b38-83aa-4914-8b78-4fb348860333"
      },
      "ResponseBody": null
    },
    {
      "RequestUri": "https://management.azure.com/subscriptions/00000000-0000-0000-0000-000000000000/providers/Microsoft.Compute/locations/eastus/operations/5e451d55-9720-473f-92eb-2c92c4d5c862?p=54253b73-cb53-496f-ab42-5e5ee19426f8\u0026api-version=2021-11-01",
      "RequestMethod": "GET",
      "RequestHeaders": {
        "Accept": "*/*",
        "Accept-Encoding": "gzip, deflate",
        "Authorization": "Sanitized",
        "Connection": "keep-alive",
        "User-Agent": "azsdk-python-azure-mgmt-compute/26.0.0 Python/3.8.12 (Linux-5.11.0-1028-azure-x86_64-with-glibc2.2.5) VSTS_0fb41ef4-5012-48a9-bf39-4ee3de03ee35_build_2500_0",
        "x-ms-client-request-id": "44da69eb-8d4a-11ec-9c9d-439b280b284e"
      },
      "RequestBody": null,
      "StatusCode": 200,
      "ResponseHeaders": {
        "Cache-Control": "no-cache",
        "Content-Encoding": "gzip",
        "Content-Type": "application/json; charset=utf-8",
        "Date": "Mon, 14 Feb 2022 03:57:56 GMT",
        "Expires": "-1",
        "Pragma": "no-cache",
        "Retry-After": "11",
        "Server": [
          "Microsoft-HTTPAPI/2.0",
          "Microsoft-HTTPAPI/2.0"
        ],
        "Strict-Transport-Security": "max-age=31536000; includeSubDomains",
        "Transfer-Encoding": "chunked",
        "Vary": "Accept-Encoding",
        "X-Content-Type-Options": "nosniff",
        "x-ms-correlation-request-id": "1bc3967c-fb42-434d-9053-8aadcf80f5d6",
        "x-ms-ratelimit-remaining-resource": "Microsoft.Compute/GetOperation3Min;14999,Microsoft.Compute/GetOperation30Min;29915",
        "x-ms-ratelimit-remaining-subscription-reads": "11940",
        "x-ms-request-id": "c482c3cc-304c-4f7d-819a-45f643bddea6",
        "x-ms-routing-request-id": "WESTUS:20220214T035757Z:1bc3967c-fb42-434d-9053-8aadcf80f5d6"
      },
      "ResponseBody": {
        "startTime": "2022-02-14T03:57:47.3045723\u002B00:00",
        "status": "InProgress",
        "name": "5e451d55-9720-473f-92eb-2c92c4d5c862"
      }
    },
    {
      "RequestUri": "https://management.azure.com/subscriptions/00000000-0000-0000-0000-000000000000/providers/Microsoft.Compute/locations/eastus/operations/5e451d55-9720-473f-92eb-2c92c4d5c862?p=54253b73-cb53-496f-ab42-5e5ee19426f8\u0026api-version=2021-11-01",
      "RequestMethod": "GET",
      "RequestHeaders": {
        "Accept": "*/*",
        "Accept-Encoding": "gzip, deflate",
        "Authorization": "Sanitized",
        "Connection": "keep-alive",
        "User-Agent": "azsdk-python-azure-mgmt-compute/26.0.0 Python/3.8.12 (Linux-5.11.0-1028-azure-x86_64-with-glibc2.2.5) VSTS_0fb41ef4-5012-48a9-bf39-4ee3de03ee35_build_2500_0",
        "x-ms-client-request-id": "44da69eb-8d4a-11ec-9c9d-439b280b284e"
      },
      "RequestBody": null,
      "StatusCode": 200,
      "ResponseHeaders": {
        "Cache-Control": "no-cache",
        "Content-Encoding": "gzip",
        "Content-Type": "application/json; charset=utf-8",
        "Date": "Mon, 14 Feb 2022 03:58:07 GMT",
        "Expires": "-1",
        "Pragma": "no-cache",
        "Server": [
          "Microsoft-HTTPAPI/2.0",
          "Microsoft-HTTPAPI/2.0"
        ],
        "Strict-Transport-Security": "max-age=31536000; includeSubDomains",
        "Transfer-Encoding": "chunked",
        "Vary": "Accept-Encoding",
        "X-Content-Type-Options": "nosniff",
        "x-ms-correlation-request-id": "530259b4-c154-4e67-9fca-6281fe82ea9d",
        "x-ms-ratelimit-remaining-resource": "Microsoft.Compute/GetOperation3Min;14998,Microsoft.Compute/GetOperation30Min;29914",
        "x-ms-ratelimit-remaining-subscription-reads": "11939",
        "x-ms-request-id": "1792eaed-96d7-458f-a5e6-e66954a8a433",
        "x-ms-routing-request-id": "WESTUS:20220214T035808Z:530259b4-c154-4e67-9fca-6281fe82ea9d"
      },
      "ResponseBody": {
        "startTime": "2022-02-14T03:57:47.3045723\u002B00:00",
        "status": "InProgress",
        "name": "5e451d55-9720-473f-92eb-2c92c4d5c862"
      }
    },
    {
      "RequestUri": "https://management.azure.com/subscriptions/00000000-0000-0000-0000-000000000000/providers/Microsoft.Compute/locations/eastus/operations/5e451d55-9720-473f-92eb-2c92c4d5c862?p=54253b73-cb53-496f-ab42-5e5ee19426f8\u0026api-version=2021-11-01",
      "RequestMethod": "GET",
      "RequestHeaders": {
        "Accept": "*/*",
        "Accept-Encoding": "gzip, deflate",
        "Authorization": "Sanitized",
        "Connection": "keep-alive",
        "User-Agent": "azsdk-python-azure-mgmt-compute/26.0.0 Python/3.8.12 (Linux-5.11.0-1028-azure-x86_64-with-glibc2.2.5) VSTS_0fb41ef4-5012-48a9-bf39-4ee3de03ee35_build_2500_0",
        "x-ms-client-request-id": "44da69eb-8d4a-11ec-9c9d-439b280b284e"
      },
      "RequestBody": null,
      "StatusCode": 200,
      "ResponseHeaders": {
        "Cache-Control": "no-cache",
        "Content-Encoding": "gzip",
        "Content-Type": "application/json; charset=utf-8",
        "Date": "Mon, 14 Feb 2022 03:58:38 GMT",
        "Expires": "-1",
        "Pragma": "no-cache",
        "Server": [
          "Microsoft-HTTPAPI/2.0",
          "Microsoft-HTTPAPI/2.0"
        ],
        "Strict-Transport-Security": "max-age=31536000; includeSubDomains",
        "Transfer-Encoding": "chunked",
        "Vary": "Accept-Encoding",
        "X-Content-Type-Options": "nosniff",
        "x-ms-correlation-request-id": "b7536807-8308-49c8-9ead-e24bd5a24923",
        "x-ms-ratelimit-remaining-resource": "Microsoft.Compute/GetOperation3Min;14997,Microsoft.Compute/GetOperation30Min;29913",
        "x-ms-ratelimit-remaining-subscription-reads": "11938",
        "x-ms-request-id": "16c667aa-b4a0-4424-bf6c-c129b2326505",
        "x-ms-routing-request-id": "WESTUS:20220214T035838Z:b7536807-8308-49c8-9ead-e24bd5a24923"
      },
      "ResponseBody": {
        "startTime": "2022-02-14T03:57:47.3045723\u002B00:00",
        "endTime": "2022-02-14T03:58:33.8517098\u002B00:00",
        "status": "Succeeded",
        "name": "5e451d55-9720-473f-92eb-2c92c4d5c862"
      }
    }
  ],
  "Variables": {}
}
