{
  "Entries": [
    {
      "RequestUri": "https://login.microsoftonline.com/00000000-0000-0000-0000-000000000000/v2.0/.well-known/openid-configuration",
      "RequestMethod": "GET",
      "RequestHeaders": {
        "Accept": "*/*",
        "Accept-Encoding": "gzip, deflate",
        "Connection": "keep-alive",
        "User-Agent": "azsdk-python-identity/1.11.0b2 Python/3.8.12 (Linux-5.13.0-1031-azure-x86_64-with-glibc2.2.5) VSTS_0fb41ef4-5012-48a9-bf39-4ee3de03ee35_build_2500_0"
      },
      "RequestBody": null,
      "StatusCode": 200,
      "ResponseHeaders": {
        "Access-Control-Allow-Methods": "GET, OPTIONS",
        "Access-Control-Allow-Origin": "*",
        "Cache-Control": "max-age=86400, private",
        "Content-Length": "1753",
        "Content-Type": "application/json; charset=utf-8",
        "Date": "Mon, 27 Jun 2022 05:03:34 GMT",
        "P3P": "CP=\u0022DSP CUR OTPi IND OTRi ONL FIN\u0022",
        "Set-Cookie": "[set-cookie;]",
        "Strict-Transport-Security": "max-age=31536000; includeSubDomains",
        "X-Content-Type-Options": "nosniff",
        "x-ms-ests-server": "2.1.13006.6 - NCUS ProdSlices",
        "X-XSS-Protection": "0"
      },
      "ResponseBody": {
        "token_endpoint": "https://login.microsoftonline.com/00000000-0000-0000-0000-000000000000/oauth2/v2.0/token",
        "token_endpoint_auth_methods_supported": [
          "client_secret_post",
          "private_key_jwt",
          "client_secret_basic"
        ],
        "jwks_uri": "https://login.microsoftonline.com/00000000-0000-0000-0000-000000000000/discovery/v2.0/keys",
        "response_modes_supported": [
          "query",
          "fragment",
          "form_post"
        ],
        "subject_types_supported": [
          "pairwise"
        ],
        "id_token_signing_alg_values_supported": [
          "RS256"
        ],
        "response_types_supported": [
          "code",
          "id_token",
          "code id_token",
          "id_token token"
        ],
        "scopes_supported": [
          "openid",
          "profile",
          "email",
          "offline_access"
        ],
        "issuer": "https://login.microsoftonline.com/00000000-0000-0000-0000-000000000000/v2.0",
        "request_uri_parameter_supported": false,
        "userinfo_endpoint": "https://graph.microsoft.com/oidc/userinfo",
        "authorization_endpoint": "https://login.microsoftonline.com/00000000-0000-0000-0000-000000000000/oauth2/v2.0/authorize",
        "device_authorization_endpoint": "https://login.microsoftonline.com/00000000-0000-0000-0000-000000000000/oauth2/v2.0/devicecode",
        "http_logout_supported": true,
        "frontchannel_logout_supported": true,
        "end_session_endpoint": "https://login.microsoftonline.com/00000000-0000-0000-0000-000000000000/oauth2/v2.0/logout",
        "claims_supported": [
          "sub",
          "iss",
          "cloud_instance_name",
          "cloud_instance_host_name",
          "cloud_graph_host_name",
          "msgraph_host",
          "aud",
          "exp",
          "iat",
          "auth_time",
          "acr",
          "nonce",
          "preferred_username",
          "name",
          "tid",
          "ver",
          "at_hash",
          "c_hash",
          "email"
        ],
        "kerberos_endpoint": "https://login.microsoftonline.com/00000000-0000-0000-0000-000000000000/kerberos",
        "tenant_region_scope": "NA",
        "cloud_instance_name": "microsoftonline.com",
        "cloud_graph_host_name": "graph.windows.net",
        "msgraph_host": "graph.microsoft.com",
        "rbac_url": "https://pas.windows.net"
      }
    },
    {
      "RequestUri": "https://login.microsoftonline.com/common/discovery/instance?api-version=1.1\u0026authorization_endpoint=https://login.microsoftonline.com/common/oauth2/authorize",
      "RequestMethod": "GET",
      "RequestHeaders": {
        "Accept": "application/json",
        "Accept-Encoding": "gzip, deflate",
        "Connection": "keep-alive",
        "Cookie": "cookie;",
        "User-Agent": "azsdk-python-identity/1.11.0b2 Python/3.8.12 (Linux-5.13.0-1031-azure-x86_64-with-glibc2.2.5) VSTS_0fb41ef4-5012-48a9-bf39-4ee3de03ee35_build_2500_0"
      },
      "RequestBody": null,
      "StatusCode": 200,
      "ResponseHeaders": {
        "Access-Control-Allow-Methods": "GET, OPTIONS",
        "Access-Control-Allow-Origin": "*",
        "Cache-Control": "max-age=86400, private",
        "Content-Length": "945",
        "Content-Type": "application/json; charset=utf-8",
        "Date": "Mon, 27 Jun 2022 05:03:34 GMT",
        "P3P": "CP=\u0022DSP CUR OTPi IND OTRi ONL FIN\u0022",
        "Set-Cookie": "[set-cookie;]",
        "Strict-Transport-Security": "max-age=31536000; includeSubDomains",
        "X-Content-Type-Options": "nosniff",
        "x-ms-ests-server": "2.1.13006.6 - EUS ProdSlices",
        "X-XSS-Protection": "0"
      },
      "ResponseBody": {
        "tenant_discovery_endpoint": "https://login.microsoftonline.com/common/.well-known/openid-configuration",
        "api-version": "1.1",
        "metadata": [
          {
            "preferred_network": "login.microsoftonline.com",
            "preferred_cache": "login.windows.net",
            "aliases": [
              "login.microsoftonline.com",
              "login.windows.net",
              "login.microsoft.com",
              "sts.windows.net"
            ]
          },
          {
            "preferred_network": "login.partner.microsoftonline.cn",
            "preferred_cache": "login.partner.microsoftonline.cn",
            "aliases": [
              "login.partner.microsoftonline.cn",
              "login.chinacloudapi.cn"
            ]
          },
          {
            "preferred_network": "login.microsoftonline.de",
            "preferred_cache": "login.microsoftonline.de",
            "aliases": [
              "login.microsoftonline.de"
            ]
          },
          {
            "preferred_network": "login.microsoftonline.us",
            "preferred_cache": "login.microsoftonline.us",
            "aliases": [
              "login.microsoftonline.us",
              "login.usgovcloudapi.net"
            ]
          },
          {
            "preferred_network": "login-us.microsoftonline.com",
            "preferred_cache": "login-us.microsoftonline.com",
            "aliases": [
              "login-us.microsoftonline.com"
            ]
          }
        ]
      }
    },
    {
      "RequestUri": "https://login.microsoftonline.com/00000000-0000-0000-0000-000000000000/oauth2/v2.0/token",
      "RequestMethod": "POST",
      "RequestHeaders": {
        "Accept": "application/json",
        "Accept-Encoding": "gzip, deflate",
        "client-request-id": "4c69d429-6bee-477d-9ea2-8bbb906db3bb",
        "Connection": "keep-alive",
        "Content-Length": "289",
        "Content-Type": "application/x-www-form-urlencoded",
        "Cookie": "cookie;",
        "User-Agent": "azsdk-python-identity/1.11.0b2 Python/3.8.12 (Linux-5.13.0-1031-azure-x86_64-with-glibc2.2.5) VSTS_0fb41ef4-5012-48a9-bf39-4ee3de03ee35_build_2500_0",
        "x-client-cpu": "x64",
        "x-client-current-telemetry": "4|730,0|",
        "x-client-last-telemetry": "4|0|||",
        "x-client-os": "linux",
        "x-client-sku": "MSAL.Python",
        "x-client-ver": "1.18.0",
        "x-ms-lib-capability": "retry-after, h429"
      },
      "RequestBody": "client_id=00000000-0000-0000-0000-000000000000\u0026grant_type=client_credentials\u0026client_info=1\u0026client_secret=00000000-0000-0000-0000-000000000000\u0026claims=%7B%22access_token%22%3A\u002B%7B%22xms_cc%22%3A\u002B%7B%22values%22%3A\u002B%5B%22CP1%22%5D%7D%7D%7D\u0026scope=https%3A%2F%2Fmanagement.azure.com%2F.default",
      "StatusCode": 200,
      "ResponseHeaders": {
        "Cache-Control": "no-store, no-cache",
        "client-request-id": "4c69d429-6bee-477d-9ea2-8bbb906db3bb",
        "Content-Length": "93",
        "Content-Type": "application/json; charset=utf-8",
        "Date": "Mon, 27 Jun 2022 05:03:35 GMT",
        "Expires": "-1",
        "P3P": "CP=\u0022DSP CUR OTPi IND OTRi ONL FIN\u0022",
        "Pragma": "no-cache",
        "Set-Cookie": "[set-cookie;]",
        "Strict-Transport-Security": "max-age=31536000; includeSubDomains",
        "X-Content-Type-Options": "nosniff",
        "x-ms-clitelem": "1,0,0,,",
        "x-ms-ests-server": "2.1.13006.6 - SCUS ProdSlices",
        "X-XSS-Protection": "0"
      },
      "ResponseBody": {
        "token_type": "Bearer",
        "expires_in": 3599,
        "ext_expires_in": 3599,
        "access_token": "access_token"
      }
    },
    {
      "RequestUri": "https://management.azure.com/subscriptions/00000000-0000-0000-0000-000000000000/resourceGroups/rgname/providers/Microsoft.Compute/disks/disknamexe6ad29c6?api-version=2022-03-02",
      "RequestMethod": "PUT",
      "RequestHeaders": {
        "Accept": "application/json",
        "Accept-Encoding": "gzip, deflate",
        "Connection": "keep-alive",
        "Content-Length": "100",
        "Content-Type": "application/json",
        "User-Agent": "azsdk-python-azure-mgmt-compute/27.2.0 Python/3.8.12 (Linux-5.13.0-1031-azure-x86_64-with-glibc2.2.5) VSTS_0fb41ef4-5012-48a9-bf39-4ee3de03ee35_build_2500_0"
      },
      "RequestBody": {
        "location": "eastus",
        "properties": {
          "creationData": {
            "createOption": "Empty"
          },
          "diskSizeGB": 200
        }
      },
      "StatusCode": 202,
      "ResponseHeaders": {
        "Azure-AsyncOperation": "https://management.azure.com/subscriptions/00000000-0000-0000-0000-000000000000/providers/Microsoft.Compute/locations/eastus/DiskOperations/18b7252a-9efd-44e4-a86f-9cfa0e09df7b?p=36ee1309-094c-4cec-b989-37cf5e794c1b\u0026api-version=2022-03-02",
        "Cache-Control": "no-cache",
        "Content-Length": "236",
        "Content-Type": "application/json; charset=utf-8",
        "Date": "Mon, 27 Jun 2022 05:03:35 GMT",
        "Expires": "-1",
        "Location": "https://management.azure.com/subscriptions/00000000-0000-0000-0000-000000000000/providers/Microsoft.Compute/locations/eastus/DiskOperations/18b7252a-9efd-44e4-a86f-9cfa0e09df7b?p=36ee1309-094c-4cec-b989-37cf5e794c1b\u0026monitor=true\u0026api-version=2022-03-02",
        "Pragma": "no-cache",
        "Retry-After": "2",
        "Server": [
          "Microsoft-HTTPAPI/2.0",
          "Microsoft-HTTPAPI/2.0"
        ],
        "Strict-Transport-Security": "max-age=31536000; includeSubDomains",
        "X-Content-Type-Options": "nosniff",
        "x-ms-correlation-request-id": "01b4976a-9e71-43a9-8def-2718fa414356",
        "x-ms-ratelimit-remaining-resource": "Microsoft.Compute/CreateUpdateDisks3Min;998,Microsoft.Compute/CreateUpdateDisks30Min;7995",
        "x-ms-ratelimit-remaining-subscription-writes": "1187",
        "x-ms-routing-request-id": "WESTUS:20220627T050336Z:01b4976a-9e71-43a9-8def-2718fa414356",
        "x-ms-served-by": "36ee1309-094c-4cec-b989-37cf5e794c1b_133007216790508771"
      },
      "ResponseBody": {
        "name": "disknamexe6ad29c6",
        "location": "eastus",
        "properties": {
          "creationData": {
            "createOption": "Empty"
          },
          "diskSizeGB": 200,
          "provisioningState": "Updating",
          "isArmResource": true
        }
      }
    },
    {
      "RequestUri": "https://management.azure.com/subscriptions/00000000-0000-0000-0000-000000000000/providers/Microsoft.Compute/locations/eastus/DiskOperations/18b7252a-9efd-44e4-a86f-9cfa0e09df7b?p=36ee1309-094c-4cec-b989-37cf5e794c1b\u0026api-version=2022-03-02",
      "RequestMethod": "GET",
      "RequestHeaders": {
        "Accept": "*/*",
        "Accept-Encoding": "gzip, deflate",
        "Connection": "keep-alive",
        "User-Agent": "azsdk-python-azure-mgmt-compute/27.2.0 Python/3.8.12 (Linux-5.13.0-1031-azure-x86_64-with-glibc2.2.5) VSTS_0fb41ef4-5012-48a9-bf39-4ee3de03ee35_build_2500_0"
      },
      "RequestBody": null,
      "StatusCode": 200,
      "ResponseHeaders": {
        "Cache-Control": "no-cache",
        "Content-Encoding": "gzip",
        "Content-Type": "application/json; charset=utf-8",
        "Date": "Mon, 27 Jun 2022 05:03:38 GMT",
        "Expires": "-1",
        "Pragma": "no-cache",
        "Server": [
          "Microsoft-HTTPAPI/2.0",
          "Microsoft-HTTPAPI/2.0"
        ],
        "Strict-Transport-Security": "max-age=31536000; includeSubDomains",
        "Transfer-Encoding": "chunked",
        "Vary": "Accept-Encoding",
        "X-Content-Type-Options": "nosniff",
        "x-ms-correlation-request-id": "381ed1c7-ac66-43a7-ad70-78880bf7fe5a",
        "x-ms-ratelimit-remaining-resource": "Microsoft.Compute/GetOperation3Min;49987,Microsoft.Compute/GetOperation30Min;399969",
        "x-ms-ratelimit-remaining-subscription-reads": "11894",
        "x-ms-routing-request-id": "WESTUS:20220627T050338Z:381ed1c7-ac66-43a7-ad70-78880bf7fe5a",
        "x-ms-served-by": "36ee1309-094c-4cec-b989-37cf5e794c1b_133007216790508771"
      },
      "ResponseBody": {
        "startTime": "2022-06-27T05:03:36.7388029\u002B00:00",
        "endTime": "2022-06-27T05:03:36.8481955\u002B00:00",
        "status": "Succeeded",
        "properties": {
          "output": {
            "name": "disknamexe6ad29c6",
            "id": "/subscriptions/00000000-0000-0000-0000-000000000000/resourceGroups/rgname/providers/Microsoft.Compute/disks/disknamexe6ad29c6",
            "type": "Microsoft.Compute/disks",
            "location": "eastus",
            "sku": {
              "name": "Standard_LRS",
              "tier": "Standard"
            },
            "properties": {
              "creationData": {
                "createOption": "Empty"
              },
              "diskSizeGB": 200,
              "diskIOPSReadWrite": 500,
              "diskMBpsReadWrite": 60,
              "encryption": {
                "type": "EncryptionAtRestWithPlatformKey"
              },
              "networkAccessPolicy": "AllowAll",
              "publicNetworkAccess": "Enabled",
              "timeCreated": "2022-06-27T05:03:36.754454\u002B00:00",
              "provisioningState": "Succeeded",
              "diskState": "Unattached",
              "diskSizeBytes": 214748364800,
              "uniqueId": "5d51f88d-f298-418b-bb9d-28d278306352"
            }
          }
        },
        "name": "18b7252a-9efd-44e4-a86f-9cfa0e09df7b"
      }
    },
    {
      "RequestUri": "https://management.azure.com/subscriptions/00000000-0000-0000-0000-000000000000/resourceGroups/rgname/providers/Microsoft.Compute/disks/disknamexe6ad29c6?api-version=2022-03-02",
      "RequestMethod": "GET",
      "RequestHeaders": {
        "Accept": "*/*",
        "Accept-Encoding": "gzip, deflate",
        "Connection": "keep-alive",
        "User-Agent": "azsdk-python-azure-mgmt-compute/27.2.0 Python/3.8.12 (Linux-5.13.0-1031-azure-x86_64-with-glibc2.2.5) VSTS_0fb41ef4-5012-48a9-bf39-4ee3de03ee35_build_2500_0"
      },
      "RequestBody": null,
      "StatusCode": 200,
      "ResponseHeaders": {
        "Cache-Control": "no-cache",
        "Content-Encoding": "gzip",
        "Content-Type": "application/json; charset=utf-8",
        "Date": "Mon, 27 Jun 2022 05:03:38 GMT",
        "Expires": "-1",
        "Pragma": "no-cache",
        "Server": [
          "Microsoft-HTTPAPI/2.0",
          "Microsoft-HTTPAPI/2.0"
        ],
        "Strict-Transport-Security": "max-age=31536000; includeSubDomains",
        "Transfer-Encoding": "chunked",
        "Vary": "Accept-Encoding",
        "X-Content-Type-Options": "nosniff",
        "x-ms-correlation-request-id": "4448e053-ae28-43f2-a9f5-fb553929fb66",
        "x-ms-ratelimit-remaining-resource": "Microsoft.Compute/LowCostGet3Min;14995,Microsoft.Compute/LowCostGet30Min;119979",
        "x-ms-ratelimit-remaining-subscription-reads": "11893",
        "x-ms-routing-request-id": "WESTUS:20220627T050339Z:4448e053-ae28-43f2-a9f5-fb553929fb66",
        "x-ms-served-by": "36ee1309-094c-4cec-b989-37cf5e794c1b_133007216790508771"
      },
      "ResponseBody": {
        "name": "disknamexe6ad29c6",
        "id": "/subscriptions/00000000-0000-0000-0000-000000000000/resourceGroups/rgname/providers/Microsoft.Compute/disks/disknamexe6ad29c6",
        "type": "Microsoft.Compute/disks",
        "location": "eastus",
        "sku": {
          "name": "Standard_LRS",
          "tier": "Standard"
        },
        "properties": {
          "creationData": {
            "createOption": "Empty"
          },
          "diskSizeGB": 200,
          "diskIOPSReadWrite": 500,
          "diskMBpsReadWrite": 60,
          "encryption": {
            "type": "EncryptionAtRestWithPlatformKey"
          },
          "networkAccessPolicy": "AllowAll",
          "publicNetworkAccess": "Enabled",
          "timeCreated": "2022-06-27T05:03:36.754454\u002B00:00",
          "provisioningState": "Succeeded",
          "diskState": "Unattached",
          "diskSizeBytes": 214748364800,
          "uniqueId": "5d51f88d-f298-418b-bb9d-28d278306352"
        }
      }
    },
    {
      "RequestUri": "https://management.azure.com/subscriptions/00000000-0000-0000-0000-000000000000/resourceGroups/rgname/providers/Microsoft.Compute/disks/disknamexe6ad29c6?api-version=2022-03-02",
      "RequestMethod": "GET",
      "RequestHeaders": {
        "Accept": "application/json",
        "Accept-Encoding": "gzip, deflate",
        "Connection": "keep-alive",
        "User-Agent": "azsdk-python-azure-mgmt-compute/27.2.0 Python/3.8.12 (Linux-5.13.0-1031-azure-x86_64-with-glibc2.2.5) VSTS_0fb41ef4-5012-48a9-bf39-4ee3de03ee35_build_2500_0"
      },
      "RequestBody": null,
      "StatusCode": 200,
      "ResponseHeaders": {
        "Cache-Control": "no-cache",
        "Content-Encoding": "gzip",
        "Content-Type": "application/json; charset=utf-8",
        "Date": "Mon, 27 Jun 2022 05:03:38 GMT",
        "Expires": "-1",
        "Pragma": "no-cache",
        "Server": [
          "Microsoft-HTTPAPI/2.0",
          "Microsoft-HTTPAPI/2.0"
        ],
        "Strict-Transport-Security": "max-age=31536000; includeSubDomains",
        "Transfer-Encoding": "chunked",
        "Vary": "Accept-Encoding",
        "X-Content-Type-Options": "nosniff",
        "x-ms-correlation-request-id": "bd42f0e0-2005-4879-8b16-6ea7b489697c",
        "x-ms-ratelimit-remaining-resource": "Microsoft.Compute/LowCostGet3Min;14994,Microsoft.Compute/LowCostGet30Min;119978",
        "x-ms-ratelimit-remaining-subscription-reads": "11892",
        "x-ms-routing-request-id": "WESTUS:20220627T050339Z:bd42f0e0-2005-4879-8b16-6ea7b489697c",
        "x-ms-served-by": "36ee1309-094c-4cec-b989-37cf5e794c1b_133007216790508771"
      },
      "ResponseBody": {
        "name": "disknamexe6ad29c6",
        "id": "/subscriptions/00000000-0000-0000-0000-000000000000/resourceGroups/rgname/providers/Microsoft.Compute/disks/disknamexe6ad29c6",
        "type": "Microsoft.Compute/disks",
        "location": "eastus",
        "sku": {
          "name": "Standard_LRS",
          "tier": "Standard"
        },
        "properties": {
          "creationData": {
            "createOption": "Empty"
          },
          "diskSizeGB": 200,
          "diskIOPSReadWrite": 500,
          "diskMBpsReadWrite": 60,
          "encryption": {
            "type": "EncryptionAtRestWithPlatformKey"
          },
          "networkAccessPolicy": "AllowAll",
          "publicNetworkAccess": "Enabled",
          "timeCreated": "2022-06-27T05:03:36.754454\u002B00:00",
          "provisioningState": "Succeeded",
          "diskState": "Unattached",
          "diskSizeBytes": 214748364800,
          "uniqueId": "5d51f88d-f298-418b-bb9d-28d278306352"
        }
      }
    },
    {
      "RequestUri": "https://management.azure.com/subscriptions/00000000-0000-0000-0000-000000000000/resourceGroups/rgname/providers/Microsoft.Compute/disks/disknamexe6ad29c6?api-version=2022-03-02",
      "RequestMethod": "PATCH",
      "RequestHeaders": {
        "Accept": "application/json",
        "Accept-Encoding": "gzip, deflate",
        "Connection": "keep-alive",
        "Content-Length": "35",
        "Content-Type": "application/json",
        "User-Agent": "azsdk-python-azure-mgmt-compute/27.2.0 Python/3.8.12 (Linux-5.13.0-1031-azure-x86_64-with-glibc2.2.5) VSTS_0fb41ef4-5012-48a9-bf39-4ee3de03ee35_build_2500_0"
      },
      "RequestBody": {
        "properties": {
          "diskSizeGB": 200
        }
      },
      "StatusCode": 202,
      "ResponseHeaders": {
        "Azure-AsyncOperation": "https://management.azure.com/subscriptions/00000000-0000-0000-0000-000000000000/providers/Microsoft.Compute/locations/eastus/DiskOperations/c042accb-d29d-449a-9711-61d180136ff8?p=36ee1309-094c-4cec-b989-37cf5e794c1b\u0026api-version=2022-03-02",
        "Cache-Control": "no-cache",
        "Content-Length": "341",
        "Content-Type": "application/json; charset=utf-8",
        "Date": "Mon, 27 Jun 2022 05:03:38 GMT",
        "Expires": "-1",
        "Location": "https://management.azure.com/subscriptions/00000000-0000-0000-0000-000000000000/providers/Microsoft.Compute/locations/eastus/DiskOperations/c042accb-d29d-449a-9711-61d180136ff8?p=36ee1309-094c-4cec-b989-37cf5e794c1b\u0026monitor=true\u0026api-version=2022-03-02",
        "Pragma": "no-cache",
        "Retry-After": "2",
        "Server": [
          "Microsoft-HTTPAPI/2.0",
          "Microsoft-HTTPAPI/2.0"
        ],
        "Strict-Transport-Security": "max-age=31536000; includeSubDomains",
        "X-Content-Type-Options": "nosniff",
        "x-ms-correlation-request-id": "605f309a-56e5-4a4d-a51e-75e6986c79a7",
        "x-ms-ratelimit-remaining-resource": "Microsoft.Compute/CreateUpdateDisks3Min;997,Microsoft.Compute/CreateUpdateDisks30Min;7994",
        "x-ms-ratelimit-remaining-subscription-writes": "1186",
        "x-ms-routing-request-id": "WESTUS:20220627T050339Z:605f309a-56e5-4a4d-a51e-75e6986c79a7",
        "x-ms-served-by": "36ee1309-094c-4cec-b989-37cf5e794c1b_133007216790508771"
      },
      "ResponseBody": {
        "name": "disknamexe6ad29c6",
        "location": "eastus",
        "sku": {
          "name": "Standard_LRS",
          "tier": "Standard"
        },
        "properties": {
          "creationData": {
            "createOption": "Empty"
          },
          "diskSizeGB": 200,
          "provisioningState": "Updating",
          "isArmResource": true,
          "colocationConstraints": {}
        }
      }
    },
    {
      "RequestUri": "https://management.azure.com/subscriptions/00000000-0000-0000-0000-000000000000/providers/Microsoft.Compute/locations/eastus/DiskOperations/c042accb-d29d-449a-9711-61d180136ff8?p=36ee1309-094c-4cec-b989-37cf5e794c1b\u0026api-version=2022-03-02",
      "RequestMethod": "GET",
      "RequestHeaders": {
        "Accept": "*/*",
        "Accept-Encoding": "gzip, deflate",
        "Connection": "keep-alive",
        "User-Agent": "azsdk-python-azure-mgmt-compute/27.2.0 Python/3.8.12 (Linux-5.13.0-1031-azure-x86_64-with-glibc2.2.5) VSTS_0fb41ef4-5012-48a9-bf39-4ee3de03ee35_build_2500_0"
      },
      "RequestBody": null,
      "StatusCode": 200,
      "ResponseHeaders": {
        "Cache-Control": "no-cache",
        "Content-Encoding": "gzip",
        "Content-Type": "application/json; charset=utf-8",
        "Date": "Mon, 27 Jun 2022 05:03:40 GMT",
        "Expires": "-1",
        "Pragma": "no-cache",
        "Server": [
          "Microsoft-HTTPAPI/2.0",
          "Microsoft-HTTPAPI/2.0"
        ],
        "Strict-Transport-Security": "max-age=31536000; includeSubDomains",
        "Transfer-Encoding": "chunked",
        "Vary": "Accept-Encoding",
        "X-Content-Type-Options": "nosniff",
        "x-ms-correlation-request-id": "24ad987c-6da0-4e67-97ab-2913cb655593",
        "x-ms-ratelimit-remaining-resource": "Microsoft.Compute/GetOperation3Min;49986,Microsoft.Compute/GetOperation30Min;399968",
        "x-ms-ratelimit-remaining-subscription-reads": "11891",
        "x-ms-routing-request-id": "WESTUS:20220627T050341Z:24ad987c-6da0-4e67-97ab-2913cb655593",
        "x-ms-served-by": "36ee1309-094c-4cec-b989-37cf5e794c1b_133007216790508771"
      },
      "ResponseBody": {
        "startTime": "2022-06-27T05:03:39.2544966\u002B00:00",
        "endTime": "2022-06-27T05:03:39.3481825\u002B00:00",
        "status": "Succeeded",
        "properties": {
          "output": {
            "name": "disknamexe6ad29c6",
            "id": "/subscriptions/00000000-0000-0000-0000-000000000000/resourceGroups/rgname/providers/Microsoft.Compute/disks/disknamexe6ad29c6",
            "type": "Microsoft.Compute/disks",
            "location": "eastus",
            "sku": {
              "name": "Standard_LRS",
              "tier": "Standard"
            },
            "properties": {
              "creationData": {
                "createOption": "Empty"
              },
              "diskSizeGB": 200,
              "diskIOPSReadWrite": 500,
              "diskMBpsReadWrite": 60,
              "encryption": {
                "type": "EncryptionAtRestWithPlatformKey"
              },
              "networkAccessPolicy": "AllowAll",
              "publicNetworkAccess": "Enabled",
              "timeCreated": "2022-06-27T05:03:36.754454\u002B00:00",
              "provisioningState": "Succeeded",
              "diskState": "Unattached",
              "diskSizeBytes": 214748364800,
              "uniqueId": "5d51f88d-f298-418b-bb9d-28d278306352"
            }
          }
        },
        "name": "c042accb-d29d-449a-9711-61d180136ff8"
      }
    },
    {
      "RequestUri": "https://management.azure.com/subscriptions/00000000-0000-0000-0000-000000000000/resourceGroups/rgname/providers/Microsoft.Compute/disks/disknamexe6ad29c6?api-version=2022-03-02",
      "RequestMethod": "GET",
      "RequestHeaders": {
        "Accept": "*/*",
        "Accept-Encoding": "gzip, deflate",
        "Connection": "keep-alive",
        "User-Agent": "azsdk-python-azure-mgmt-compute/27.2.0 Python/3.8.12 (Linux-5.13.0-1031-azure-x86_64-with-glibc2.2.5) VSTS_0fb41ef4-5012-48a9-bf39-4ee3de03ee35_build_2500_0"
      },
      "RequestBody": null,
      "StatusCode": 200,
      "ResponseHeaders": {
        "Cache-Control": "no-cache",
        "Content-Encoding": "gzip",
        "Content-Type": "application/json; charset=utf-8",
        "Date": "Mon, 27 Jun 2022 05:03:40 GMT",
        "Expires": "-1",
        "Pragma": "no-cache",
        "Server": [
          "Microsoft-HTTPAPI/2.0",
          "Microsoft-HTTPAPI/2.0"
        ],
        "Strict-Transport-Security": "max-age=31536000; includeSubDomains",
        "Transfer-Encoding": "chunked",
        "Vary": "Accept-Encoding",
        "X-Content-Type-Options": "nosniff",
        "x-ms-correlation-request-id": "4c8ad202-6096-4dbb-86fc-28e686820bf3",
        "x-ms-ratelimit-remaining-resource": "Microsoft.Compute/LowCostGet3Min;14992,Microsoft.Compute/LowCostGet30Min;119976",
        "x-ms-ratelimit-remaining-subscription-reads": "11890",
        "x-ms-routing-request-id": "WESTUS:20220627T050341Z:4c8ad202-6096-4dbb-86fc-28e686820bf3",
        "x-ms-served-by": "36ee1309-094c-4cec-b989-37cf5e794c1b_133007216790508771"
      },
      "ResponseBody": {
        "name": "disknamexe6ad29c6",
        "id": "/subscriptions/00000000-0000-0000-0000-000000000000/resourceGroups/rgname/providers/Microsoft.Compute/disks/disknamexe6ad29c6",
        "type": "Microsoft.Compute/disks",
        "location": "eastus",
        "sku": {
          "name": "Standard_LRS",
          "tier": "Standard"
        },
        "properties": {
          "creationData": {
            "createOption": "Empty"
          },
          "diskSizeGB": 200,
          "diskIOPSReadWrite": 500,
          "diskMBpsReadWrite": 60,
          "encryption": {
            "type": "EncryptionAtRestWithPlatformKey"
          },
          "networkAccessPolicy": "AllowAll",
          "publicNetworkAccess": "Enabled",
          "timeCreated": "2022-06-27T05:03:36.754454\u002B00:00",
          "provisioningState": "Succeeded",
          "diskState": "Unattached",
          "diskSizeBytes": 214748364800,
          "uniqueId": "5d51f88d-f298-418b-bb9d-28d278306352"
        }
      }
    },
    {
      "RequestUri": "https://management.azure.com/subscriptions/00000000-0000-0000-0000-000000000000/resourceGroups/rgname/providers/Microsoft.Compute/disks/disknamexe6ad29c6/beginGetAccess?api-version=2022-03-02",
      "RequestMethod": "POST",
      "RequestHeaders": {
        "Accept": "application/json",
        "Accept-Encoding": "gzip, deflate",
        "Connection": "keep-alive",
        "Content-Length": "45",
        "Content-Type": "application/json",
        "User-Agent": "azsdk-python-azure-mgmt-compute/27.2.0 Python/3.8.12 (Linux-5.13.0-1031-azure-x86_64-with-glibc2.2.5) VSTS_0fb41ef4-5012-48a9-bf39-4ee3de03ee35_build_2500_0"
      },
      "RequestBody": {
        "access": "Read",
        "durationInSeconds": 1800
      },
      "StatusCode": 202,
      "ResponseHeaders": {
        "Azure-AsyncOperation": "https://management.azure.com/subscriptions/00000000-0000-0000-0000-000000000000/providers/Microsoft.Compute/locations/eastus/DiskOperations/cd189c74-c9a6-4ab2-887f-2a7c77d7a69c?p=36ee1309-094c-4cec-b989-37cf5e794c1b\u0026api-version=2022-03-02",
        "Cache-Control": "no-cache",
        "Content-Length": "0",
        "Date": "Mon, 27 Jun 2022 05:03:40 GMT",
        "Expires": "-1",
        "Location": "https://management.azure.com/subscriptions/00000000-0000-0000-0000-000000000000/providers/Microsoft.Compute/locations/eastus/DiskOperations/cd189c74-c9a6-4ab2-887f-2a7c77d7a69c?p=36ee1309-094c-4cec-b989-37cf5e794c1b\u0026monitor=true\u0026api-version=2022-03-02",
        "Pragma": "no-cache",
        "Server": [
          "Microsoft-HTTPAPI/2.0",
          "Microsoft-HTTPAPI/2.0"
        ],
        "Strict-Transport-Security": "max-age=31536000; includeSubDomains",
        "X-Content-Type-Options": "nosniff",
        "x-ms-correlation-request-id": "e4ad83f6-a1d0-4f56-9dcf-a811b755d71f",
        "x-ms-ratelimit-remaining-resource": "Microsoft.Compute/HighCostDiskHydrate3Min;999,Microsoft.Compute/HighCostDiskHydrate30Min;7997",
        "x-ms-ratelimit-remaining-subscription-writes": "1193",
        "x-ms-routing-request-id": "WESTUS:20220627T050341Z:e4ad83f6-a1d0-4f56-9dcf-a811b755d71f",
        "x-ms-served-by": "36ee1309-094c-4cec-b989-37cf5e794c1b_133007216790508771"
      },
      "ResponseBody": null
    },
    {
      "RequestUri": "https://management.azure.com/subscriptions/00000000-0000-0000-0000-000000000000/providers/Microsoft.Compute/locations/eastus/DiskOperations/cd189c74-c9a6-4ab2-887f-2a7c77d7a69c?p=36ee1309-094c-4cec-b989-37cf5e794c1b\u0026api-version=2022-03-02",
      "RequestMethod": "GET",
      "RequestHeaders": {
        "Accept": "*/*",
        "Accept-Encoding": "gzip, deflate",
        "Connection": "keep-alive",
        "User-Agent": "azsdk-python-azure-mgmt-compute/27.2.0 Python/3.8.12 (Linux-5.13.0-1031-azure-x86_64-with-glibc2.2.5) VSTS_0fb41ef4-5012-48a9-bf39-4ee3de03ee35_build_2500_0"
      },
      "RequestBody": null,
      "StatusCode": 200,
      "ResponseHeaders": {
        "Cache-Control": "no-cache",
        "Content-Encoding": "gzip",
        "Content-Type": "application/json; charset=utf-8",
        "Date": "Mon, 27 Jun 2022 05:04:11 GMT",
        "Expires": "-1",
        "Pragma": "no-cache",
        "Server": [
          "Microsoft-HTTPAPI/2.0",
          "Microsoft-HTTPAPI/2.0"
        ],
        "Strict-Transport-Security": "max-age=31536000; includeSubDomains",
        "Transfer-Encoding": "chunked",
        "Vary": "Accept-Encoding",
        "X-Content-Type-Options": "nosniff",
        "x-ms-correlation-request-id": "fe296b40-584c-4200-b244-a01552896e9c",
        "x-ms-ratelimit-remaining-resource": "Microsoft.Compute/GetOperation3Min;49983,Microsoft.Compute/GetOperation30Min;399964",
        "x-ms-ratelimit-remaining-subscription-reads": "11889",
        "x-ms-routing-request-id": "WESTUS:20220627T050411Z:fe296b40-584c-4200-b244-a01552896e9c",
        "x-ms-served-by": "36ee1309-094c-4cec-b989-37cf5e794c1b_133007216790508771"
      },
      "ResponseBody": {
        "startTime": "2022-06-27T05:03:41.6138568\u002B00:00",
        "endTime": "2022-06-27T05:03:41.9419219\u002B00:00",
        "status": "Succeeded",
        "properties": {
          "output": {
            "accessSAS": "accessSAS"
          }
        },
        "name": "cd189c74-c9a6-4ab2-887f-2a7c77d7a69c"
      }
    },
    {
      "RequestUri": "https://management.azure.com/subscriptions/00000000-0000-0000-0000-000000000000/providers/Microsoft.Compute/locations/eastus/DiskOperations/cd189c74-c9a6-4ab2-887f-2a7c77d7a69c?p=36ee1309-094c-4cec-b989-37cf5e794c1b\u0026monitor=true\u0026api-version=2022-03-02",
      "RequestMethod": "GET",
      "RequestHeaders": {
        "Accept": "*/*",
        "Accept-Encoding": "gzip, deflate",
        "Connection": "keep-alive",
        "User-Agent": "azsdk-python-azure-mgmt-compute/27.2.0 Python/3.8.12 (Linux-5.13.0-1031-azure-x86_64-with-glibc2.2.5) VSTS_0fb41ef4-5012-48a9-bf39-4ee3de03ee35_build_2500_0"
      },
      "RequestBody": null,
      "StatusCode": 200,
      "ResponseHeaders": {
        "Cache-Control": "no-cache",
        "Content-Encoding": "gzip",
        "Content-Type": "application/json; charset=utf-8",
        "Date": "Mon, 27 Jun 2022 05:04:11 GMT",
        "Expires": "-1",
        "Pragma": "no-cache",
        "Server": [
          "Microsoft-HTTPAPI/2.0",
          "Microsoft-HTTPAPI/2.0"
        ],
        "Strict-Transport-Security": "max-age=31536000; includeSubDomains",
        "Transfer-Encoding": "chunked",
        "Vary": "Accept-Encoding",
        "X-Content-Type-Options": "nosniff",
        "x-ms-correlation-request-id": "5d78c589-e84b-47a2-9f65-62bd8fb25b62",
        "x-ms-ratelimit-remaining-resource": "Microsoft.Compute/GetOperation3Min;49982,Microsoft.Compute/GetOperation30Min;399963",
        "x-ms-ratelimit-remaining-subscription-reads": "11888",
        "x-ms-routing-request-id": "WESTUS:20220627T050411Z:5d78c589-e84b-47a2-9f65-62bd8fb25b62",
        "x-ms-served-by": "36ee1309-094c-4cec-b989-37cf5e794c1b_133007216790508771"
      },
      "ResponseBody": {
        "accessSAS": "accessSAS"
      }
    },
    {
      "RequestUri": "https://management.azure.com/subscriptions/00000000-0000-0000-0000-000000000000/resourceGroups/rgname/providers/Microsoft.Compute/disks/disknamexe6ad29c6/endGetAccess?api-version=2022-03-02",
      "RequestMethod": "POST",
      "RequestHeaders": {
        "Accept": "*/*",
        "Accept-Encoding": "gzip, deflate",
        "Connection": "keep-alive",
        "Content-Length": "0",
        "User-Agent": "azsdk-python-azure-mgmt-compute/27.2.0 Python/3.8.12 (Linux-5.13.0-1031-azure-x86_64-with-glibc2.2.5) VSTS_0fb41ef4-5012-48a9-bf39-4ee3de03ee35_build_2500_0"
      },
      "RequestBody": null,
      "StatusCode": 202,
      "ResponseHeaders": {
        "Azure-AsyncOperation": "https://management.azure.com/subscriptions/00000000-0000-0000-0000-000000000000/providers/Microsoft.Compute/locations/eastus/DiskOperations/5623191a-42a4-4b5f-ac8d-d56aa6d2fde2?p=36ee1309-094c-4cec-b989-37cf5e794c1b\u0026api-version=2022-03-02",
        "Cache-Control": "no-cache",
        "Content-Length": "0",
        "Date": "Mon, 27 Jun 2022 05:04:11 GMT",
        "Expires": "-1",
        "Location": "https://management.azure.com/subscriptions/00000000-0000-0000-0000-000000000000/providers/Microsoft.Compute/locations/eastus/DiskOperations/5623191a-42a4-4b5f-ac8d-d56aa6d2fde2?p=36ee1309-094c-4cec-b989-37cf5e794c1b\u0026monitor=true\u0026api-version=2022-03-02",
        "Pragma": "no-cache",
        "Server": [
          "Microsoft-HTTPAPI/2.0",
          "Microsoft-HTTPAPI/2.0"
        ],
        "Strict-Transport-Security": "max-age=31536000; includeSubDomains",
        "X-Content-Type-Options": "nosniff",
        "x-ms-correlation-request-id": "828b4be1-cf04-49e6-81c7-1a871054fa3e",
        "x-ms-ratelimit-remaining-resource": "Microsoft.Compute/HighCostDiskHydrate3Min;998,Microsoft.Compute/HighCostDiskHydrate30Min;7996",
        "x-ms-ratelimit-remaining-subscription-writes": "1192",
        "x-ms-routing-request-id": "WESTUS:20220627T050412Z:828b4be1-cf04-49e6-81c7-1a871054fa3e",
        "x-ms-served-by": "36ee1309-094c-4cec-b989-37cf5e794c1b_133007216790508771"
      },
      "ResponseBody": null
    },
    {
      "RequestUri": "https://management.azure.com/subscriptions/00000000-0000-0000-0000-000000000000/providers/Microsoft.Compute/locations/eastus/DiskOperations/5623191a-42a4-4b5f-ac8d-d56aa6d2fde2?p=36ee1309-094c-4cec-b989-37cf5e794c1b\u0026api-version=2022-03-02",
      "RequestMethod": "GET",
      "RequestHeaders": {
        "Accept": "*/*",
        "Accept-Encoding": "gzip, deflate",
        "Connection": "keep-alive",
        "User-Agent": "azsdk-python-azure-mgmt-compute/27.2.0 Python/3.8.12 (Linux-5.13.0-1031-azure-x86_64-with-glibc2.2.5) VSTS_0fb41ef4-5012-48a9-bf39-4ee3de03ee35_build_2500_0"
      },
      "RequestBody": null,
      "StatusCode": 200,
      "ResponseHeaders": {
        "Cache-Control": "no-cache",
        "Content-Encoding": "gzip",
        "Content-Type": "application/json; charset=utf-8",
        "Date": "Mon, 27 Jun 2022 05:04:41 GMT",
        "Expires": "-1",
        "Pragma": "no-cache",
        "Server": [
          "Microsoft-HTTPAPI/2.0",
          "Microsoft-HTTPAPI/2.0"
        ],
        "Strict-Transport-Security": "max-age=31536000; includeSubDomains",
        "Transfer-Encoding": "chunked",
        "Vary": "Accept-Encoding",
        "X-Content-Type-Options": "nosniff",
        "x-ms-correlation-request-id": "ce4d4fe3-2b3e-4fce-bc38-60e45c138c07",
        "x-ms-ratelimit-remaining-resource": "Microsoft.Compute/GetOperation3Min;49982,Microsoft.Compute/GetOperation30Min;399961",
        "x-ms-ratelimit-remaining-subscription-reads": "11887",
        "x-ms-routing-request-id": "WESTUS:20220627T050442Z:ce4d4fe3-2b3e-4fce-bc38-60e45c138c07",
        "x-ms-served-by": "36ee1309-094c-4cec-b989-37cf5e794c1b_133007216790508771"
      },
      "ResponseBody": {
        "startTime": "2022-06-27T05:04:12.0357458\u002B00:00",
        "endTime": "2022-06-27T05:04:12.1919829\u002B00:00",
        "status": "Succeeded",
        "name": "5623191a-42a4-4b5f-ac8d-d56aa6d2fde2"
      }
    },
    {
      "RequestUri": "https://management.azure.com/subscriptions/00000000-0000-0000-0000-000000000000/providers/Microsoft.Compute/locations/eastus/DiskOperations/5623191a-42a4-4b5f-ac8d-d56aa6d2fde2?p=36ee1309-094c-4cec-b989-37cf5e794c1b\u0026monitor=true\u0026api-version=2022-03-02",
      "RequestMethod": "GET",
      "RequestHeaders": {
        "Accept": "*/*",
        "Accept-Encoding": "gzip, deflate",
        "Connection": "keep-alive",
        "User-Agent": "azsdk-python-azure-mgmt-compute/27.2.0 Python/3.8.12 (Linux-5.13.0-1031-azure-x86_64-with-glibc2.2.5) VSTS_0fb41ef4-5012-48a9-bf39-4ee3de03ee35_build_2500_0"
      },
      "RequestBody": null,
      "StatusCode": 200,
      "ResponseHeaders": {
        "Cache-Control": "no-cache",
        "Content-Length": "0",
        "Date": "Mon, 27 Jun 2022 05:04:41 GMT",
        "Expires": "-1",
        "Pragma": "no-cache",
        "Server": [
          "Microsoft-HTTPAPI/2.0",
          "Microsoft-HTTPAPI/2.0"
        ],
        "Strict-Transport-Security": "max-age=31536000; includeSubDomains",
        "X-Content-Type-Options": "nosniff",
        "x-ms-correlation-request-id": "1063e0d5-8b5b-4876-bcc6-8bfdf03fbb58",
        "x-ms-ratelimit-remaining-resource": "Microsoft.Compute/GetOperation3Min;49981,Microsoft.Compute/GetOperation30Min;399960",
        "x-ms-ratelimit-remaining-subscription-reads": "11886",
        "x-ms-routing-request-id": "WESTUS:20220627T050442Z:1063e0d5-8b5b-4876-bcc6-8bfdf03fbb58",
        "x-ms-served-by": "36ee1309-094c-4cec-b989-37cf5e794c1b_133007216790508771"
      },
      "ResponseBody": null
    },
    {
      "RequestUri": "https://management.azure.com/subscriptions/00000000-0000-0000-0000-000000000000/resourceGroups/rgname/providers/Microsoft.Compute/disks/disknamexe6ad29c6?api-version=2022-03-02",
      "RequestMethod": "DELETE",
      "RequestHeaders": {
        "Accept": "*/*",
        "Accept-Encoding": "gzip, deflate",
        "Connection": "keep-alive",
        "Content-Length": "0",
        "User-Agent": "azsdk-python-azure-mgmt-compute/27.2.0 Python/3.8.12 (Linux-5.13.0-1031-azure-x86_64-with-glibc2.2.5) VSTS_0fb41ef4-5012-48a9-bf39-4ee3de03ee35_build_2500_0"
      },
      "RequestBody": null,
      "StatusCode": 202,
      "ResponseHeaders": {
        "Azure-AsyncOperation": "https://management.azure.com/subscriptions/00000000-0000-0000-0000-000000000000/providers/Microsoft.Compute/locations/eastus/DiskOperations/41500c4d-b355-404f-b1d0-e052acc91141?p=36ee1309-094c-4cec-b989-37cf5e794c1b\u0026api-version=2022-03-02",
        "Cache-Control": "no-cache",
        "Content-Length": "0",
        "Date": "Mon, 27 Jun 2022 05:04:42 GMT",
        "Expires": "-1",
        "Location": "https://management.azure.com/subscriptions/00000000-0000-0000-0000-000000000000/providers/Microsoft.Compute/locations/eastus/DiskOperations/41500c4d-b355-404f-b1d0-e052acc91141?p=36ee1309-094c-4cec-b989-37cf5e794c1b\u0026monitor=true\u0026api-version=2022-03-02",
        "Pragma": "no-cache",
        "Server": [
          "Microsoft-HTTPAPI/2.0",
          "Microsoft-HTTPAPI/2.0"
        ],
        "Strict-Transport-Security": "max-age=31536000; includeSubDomains",
        "X-Content-Type-Options": "nosniff",
        "x-ms-correlation-request-id": "dbb20c02-8b35-4713-a19d-37d4b1834433",
        "x-ms-ratelimit-remaining-resource": "Microsoft.Compute/DeleteDisks3Min;2997,Microsoft.Compute/DeleteDisks30Min;23996",
        "x-ms-ratelimit-remaining-subscription-deletes": "14993",
        "x-ms-routing-request-id": "WESTUS:20220627T050442Z:dbb20c02-8b35-4713-a19d-37d4b1834433",
        "x-ms-served-by": "36ee1309-094c-4cec-b989-37cf5e794c1b_133007216790508771"
      },
      "ResponseBody": null
    },
    {
      "RequestUri": "https://management.azure.com/subscriptions/00000000-0000-0000-0000-000000000000/providers/Microsoft.Compute/locations/eastus/DiskOperations/41500c4d-b355-404f-b1d0-e052acc91141?p=36ee1309-094c-4cec-b989-37cf5e794c1b\u0026api-version=2022-03-02",
      "RequestMethod": "GET",
      "RequestHeaders": {
        "Accept": "*/*",
        "Accept-Encoding": "gzip, deflate",
        "Connection": "keep-alive",
        "User-Agent": "azsdk-python-azure-mgmt-compute/27.2.0 Python/3.8.12 (Linux-5.13.0-1031-azure-x86_64-with-glibc2.2.5) VSTS_0fb41ef4-5012-48a9-bf39-4ee3de03ee35_build_2500_0"
      },
      "RequestBody": null,
      "StatusCode": 200,
      "ResponseHeaders": {
        "Cache-Control": "no-cache",
        "Content-Encoding": "gzip",
        "Content-Type": "application/json; charset=utf-8",
        "Date": "Mon, 27 Jun 2022 05:05:11 GMT",
        "Expires": "-1",
        "Pragma": "no-cache",
        "Server": [
          "Microsoft-HTTPAPI/2.0",
          "Microsoft-HTTPAPI/2.0"
        ],
        "Strict-Transport-Security": "max-age=31536000; includeSubDomains",
        "Transfer-Encoding": "chunked",
        "Vary": "Accept-Encoding",
        "X-Content-Type-Options": "nosniff",
        "x-ms-correlation-request-id": "366c8b8f-2ed7-43c1-adcf-8ba2eb279dd8",
        "x-ms-ratelimit-remaining-resource": "Microsoft.Compute/GetOperation3Min;49982,Microsoft.Compute/GetOperation30Min;399958",
        "x-ms-ratelimit-remaining-subscription-reads": "11884",
        "x-ms-routing-request-id": "WESTUS:20220627T050512Z:366c8b8f-2ed7-43c1-adcf-8ba2eb279dd8",
        "x-ms-served-by": "36ee1309-094c-4cec-b989-37cf5e794c1b_133007216790508771"
      },
      "ResponseBody": {
        "startTime": "2022-06-27T05:04:42.5826819\u002B00:00",
        "endTime": "2022-06-27T05:04:42.8326691\u002B00:00",
        "status": "Succeeded",
        "name": "41500c4d-b355-404f-b1d0-e052acc91141"
      }
    }
  ],
  "Variables": {}
}
