{
  "Entries": [
    {
      "RequestUri": "https://login.microsoftonline.com/00000000-0000-0000-0000-000000000000/v2.0/.well-known/openid-configuration",
      "RequestMethod": "GET",
      "RequestHeaders": {
        "Accept": "*/*",
        "Accept-Encoding": "gzip, deflate",
        "Connection": "keep-alive",
        "User-Agent": "azsdk-python-identity/1.9.0b2 Python/3.9.8 (Windows-10-10.0.22000)"
      },
      "RequestBody": null,
      "StatusCode": 200,
      "ResponseHeaders": {
        "Access-Control-Allow-Methods": "GET, OPTIONS",
        "Access-Control-Allow-Origin": "*",
        "Cache-Control": "max-age=86400, private",
        "Content-Length": "1753",
        "Content-Type": "application/json; charset=utf-8",
        "Date": "Mon, 21 Mar 2022 06:28:04 GMT",
        "P3P": "CP=\u0022DSP CUR OTPi IND OTRi ONL FIN\u0022",
        "Set-Cookie": "[set-cookie;]",
        "Strict-Transport-Security": "max-age=31536000; includeSubDomains",
        "X-Content-Type-Options": "nosniff",
        "x-ms-ests-server": "2.1.12559.10 - NCUS ProdSlices",
        "x-ms-request-id": "61b58f5c-c05a-4890-81e8-17cf90c69500"
      },
      "ResponseBody": {
        "token_endpoint": "https://login.microsoftonline.com/00000000-0000-0000-0000-000000000000/oauth2/v2.0/token",
        "token_endpoint_auth_methods_supported": [
          "client_secret_post",
          "private_key_jwt",
          "client_secret_basic"
        ],
        "jwks_uri": "https://login.microsoftonline.com/00000000-0000-0000-0000-000000000000/discovery/v2.0/keys",
        "response_modes_supported": [
          "query",
          "fragment",
          "form_post"
        ],
        "subject_types_supported": [
          "pairwise"
        ],
        "id_token_signing_alg_values_supported": [
          "RS256"
        ],
        "response_types_supported": [
          "code",
          "id_token",
          "code id_token",
          "id_token token"
        ],
        "scopes_supported": [
          "openid",
          "profile",
          "email",
          "offline_access"
        ],
        "issuer": "https://login.microsoftonline.com/00000000-0000-0000-0000-000000000000/v2.0",
        "request_uri_parameter_supported": false,
        "userinfo_endpoint": "https://graph.microsoft.com/oidc/userinfo",
        "authorization_endpoint": "https://login.microsoftonline.com/00000000-0000-0000-0000-000000000000/oauth2/v2.0/authorize",
        "device_authorization_endpoint": "https://login.microsoftonline.com/00000000-0000-0000-0000-000000000000/oauth2/v2.0/devicecode",
        "http_logout_supported": true,
        "frontchannel_logout_supported": true,
        "end_session_endpoint": "https://login.microsoftonline.com/00000000-0000-0000-0000-000000000000/oauth2/v2.0/logout",
        "claims_supported": [
          "sub",
          "iss",
          "cloud_instance_name",
          "cloud_instance_host_name",
          "cloud_graph_host_name",
          "msgraph_host",
          "aud",
          "exp",
          "iat",
          "auth_time",
          "acr",
          "nonce",
          "preferred_username",
          "name",
          "tid",
          "ver",
          "at_hash",
          "c_hash",
          "email"
        ],
        "kerberos_endpoint": "https://login.microsoftonline.com/00000000-0000-0000-0000-000000000000/kerberos",
        "tenant_region_scope": "NA",
        "cloud_instance_name": "microsoftonline.com",
        "cloud_graph_host_name": "graph.windows.net",
        "msgraph_host": "graph.microsoft.com",
        "rbac_url": "https://pas.windows.net"
      }
    },
    {
      "RequestUri": "https://login.microsoftonline.com/common/discovery/instance?api-version=1.1\u0026authorization_endpoint=https://login.microsoftonline.com/common/oauth2/authorize",
      "RequestMethod": "GET",
      "RequestHeaders": {
        "Accept": "application/json",
        "Accept-Encoding": "gzip, deflate",
        "Connection": "keep-alive",
        "Cookie": "cookie;",
        "User-Agent": "azsdk-python-identity/1.9.0b2 Python/3.9.8 (Windows-10-10.0.22000)"
      },
      "RequestBody": null,
      "StatusCode": 200,
      "ResponseHeaders": {
        "Access-Control-Allow-Methods": "GET, OPTIONS",
        "Access-Control-Allow-Origin": "*",
        "Cache-Control": "max-age=86400, private",
        "Content-Length": "945",
        "Content-Type": "application/json; charset=utf-8",
        "Date": "Mon, 21 Mar 2022 06:28:04 GMT",
        "P3P": "CP=\u0022DSP CUR OTPi IND OTRi ONL FIN\u0022",
        "Set-Cookie": "[set-cookie;]",
        "Strict-Transport-Security": "max-age=31536000; includeSubDomains",
        "X-Content-Type-Options": "nosniff",
        "x-ms-ests-server": "2.1.12570.10 - KRSLR2 ProdSlices",
        "x-ms-request-id": "06a17cd6-f4a1-4561-8ddb-5dd0a09f2800"
      },
      "ResponseBody": {
        "tenant_discovery_endpoint": "https://login.microsoftonline.com/common/.well-known/openid-configuration",
        "api-version": "1.1",
        "metadata": [
          {
            "preferred_network": "login.microsoftonline.com",
            "preferred_cache": "login.windows.net",
            "aliases": [
              "login.microsoftonline.com",
              "login.windows.net",
              "login.microsoft.com",
              "sts.windows.net"
            ]
          },
          {
            "preferred_network": "login.partner.microsoftonline.cn",
            "preferred_cache": "login.partner.microsoftonline.cn",
            "aliases": [
              "login.partner.microsoftonline.cn",
              "login.chinacloudapi.cn"
            ]
          },
          {
            "preferred_network": "login.microsoftonline.de",
            "preferred_cache": "login.microsoftonline.de",
            "aliases": [
              "login.microsoftonline.de"
            ]
          },
          {
            "preferred_network": "login.microsoftonline.us",
            "preferred_cache": "login.microsoftonline.us",
            "aliases": [
              "login.microsoftonline.us",
              "login.usgovcloudapi.net"
            ]
          },
          {
            "preferred_network": "login-us.microsoftonline.com",
            "preferred_cache": "login-us.microsoftonline.com",
            "aliases": [
              "login-us.microsoftonline.com"
            ]
          }
        ]
      }
    },
    {
      "RequestUri": "https://login.microsoftonline.com/00000000-0000-0000-0000-000000000000/oauth2/v2.0/token",
      "RequestMethod": "POST",
      "RequestHeaders": {
        "Accept": "application/json",
        "Accept-Encoding": "gzip, deflate",
        "client-request-id": "1885e8c0-15e8-408c-96d5-09b3816a4fdf",
        "Connection": "keep-alive",
        "Content-Length": "289",
        "Content-Type": "application/x-www-form-urlencoded",
        "Cookie": "cookie;",
        "User-Agent": "azsdk-python-identity/1.9.0b2 Python/3.9.8 (Windows-10-10.0.22000)",
        "x-client-cpu": "x64",
        "x-client-current-telemetry": "4|730,0|",
        "x-client-last-telemetry": "4|0|||",
        "x-client-os": "win32",
        "x-client-sku": "MSAL.Python",
        "x-client-ver": "1.17.0",
        "x-ms-lib-capability": "retry-after, h429"
      },
      "RequestBody": "client_id=a2df54d5-ab03-4725-9b80-9a00b3b1967f\u0026grant_type=client_credentials\u0026client_info=1\u0026client_secret=0vj7Q~IsFayrD0V_8oyOfygU-GE3ELOabq95a\u0026claims=%7B%22access_token%22%3A\u002B%7B%22xms_cc%22%3A\u002B%7B%22values%22%3A\u002B%5B%22CP1%22%5D%7D%7D%7D\u0026scope=https%3A%2F%2Fmanagement.azure.com%2F.default",
      "StatusCode": 200,
      "ResponseHeaders": {
        "Cache-Control": "no-store, no-cache",
        "client-request-id": "1885e8c0-15e8-408c-96d5-09b3816a4fdf",
        "Content-Length": "93",
        "Content-Type": "application/json; charset=utf-8",
        "Date": "Mon, 21 Mar 2022 06:28:05 GMT",
        "Expires": "-1",
        "P3P": "CP=\u0022DSP CUR OTPi IND OTRi ONL FIN\u0022",
        "Pragma": "no-cache",
        "Set-Cookie": "[set-cookie;]",
        "Strict-Transport-Security": "max-age=31536000; includeSubDomains",
        "X-Content-Type-Options": "nosniff",
        "x-ms-clitelem": "1,0,0,,",
        "x-ms-ests-server": "2.1.12559.10 - NCUS ProdSlices",
        "x-ms-request-id": "452c0036-3f0a-46c3-bcc2-cea897ea8a00"
      },
      "ResponseBody": {
        "token_type": "Bearer",
        "expires_in": 3599,
        "ext_expires_in": 3599,
        "access_token": "access_token"
      }
    },
    {
      "RequestUri": "https://management.azure.com/subscriptions/00000000-0000-0000-0000-000000000000/providers/Microsoft.Compute/locations/eastus/publishers/Microsoft.Compute/artifacttypes/vmextension/types/VMAccessAgent/versions/1.0.2?api-version=2021-11-01",
      "RequestMethod": "GET",
      "RequestHeaders": {
        "Accept": "application/json",
        "Accept-Encoding": "gzip, deflate",
        "Authorization": "Sanitized",
        "Connection": "keep-alive",
        "User-Agent": "azsdk-python-azure-mgmt-compute/26.1.0 Python/3.9.8 (Windows-10-10.0.22000)",
        "x-ms-client-request-id": "10294820-a8e0-11ec-800c-c809a8c836e6"
      },
      "RequestBody": null,
      "StatusCode": 200,
      "ResponseHeaders": {
        "Cache-Control": "no-cache",
        "Content-Encoding": "gzip",
        "Content-Type": "application/json; charset=utf-8",
        "Date": "Mon, 21 Mar 2022 06:28:05 GMT",
        "Expires": "-1",
        "Pragma": "no-cache",
        "Server": [
          "Microsoft-HTTPAPI/2.0",
          "Microsoft-HTTPAPI/2.0"
        ],
        "Strict-Transport-Security": "max-age=31536000; includeSubDomains",
        "Transfer-Encoding": "chunked",
        "Vary": "Accept-Encoding",
        "X-Content-Type-Options": "nosniff",
        "x-ms-correlation-request-id": "36c47399-f012-47f9-b36d-b58da72ce1f6",
        "x-ms-ratelimit-remaining-resource": "Microsoft.Compute/GetVMExtension3Min;9999,Microsoft.Compute/GetVMExtension30Min;21999",
        "x-ms-ratelimit-remaining-subscription-reads": "11875",
        "x-ms-request-id": "e5205767-cb19-4860-8028-ba012bf2e807",
        "x-ms-routing-request-id": "SOUTHEASTASIA:20220321T062805Z:36c47399-f012-47f9-b36d-b58da72ce1f6",
        "x-ms-served-by": "ab90d441-6939-4ab1-9dfa-bef247d64088_132919491915530086"
      },
      "ResponseBody": {
        "properties": {
          "operatingSystem": "Windows",
          "computeRole": "IaaS",
          "architecture": [
            "x64"
          ],
          "vmScaleSetEnabled": false,
          "supportsMultipleExtensions": false,
          "rollbackSupported": false,
          "isInternalExtension": false,
          "isJsonExtension": false
        },
        "location": "eastus",
        "name": "1.0.2",
        "id": "/Subscriptions/00000000-0000-0000-0000-000000000000/Providers/Microsoft.Compute/Locations/eastus/Publishers/Microsoft.Compute/ArtifactTypes/VMExtension/Types/VMAccessAgent/Versions/1.0.2"
      }
    },
    {
      "RequestUri": "https://management.azure.com/subscriptions/00000000-0000-0000-0000-000000000000/providers/Microsoft.Compute/locations/eastus/publishers/Microsoft.Compute/artifacttypes/vmextension/types?api-version=2021-11-01",
      "RequestMethod": "GET",
      "RequestHeaders": {
        "Accept": "application/json",
        "Accept-Encoding": "gzip, deflate",
        "Authorization": "Sanitized",
        "Connection": "keep-alive",
        "User-Agent": "azsdk-python-azure-mgmt-compute/26.1.0 Python/3.9.8 (Windows-10-10.0.22000)",
        "x-ms-client-request-id": "10efdd5e-a8e0-11ec-841a-c809a8c836e6"
      },
      "RequestBody": null,
      "StatusCode": 200,
      "ResponseHeaders": {
        "Cache-Control": "no-cache",
        "Content-Encoding": "gzip",
        "Content-Type": "application/json; charset=utf-8",
        "Date": "Mon, 21 Mar 2022 06:28:05 GMT",
        "Expires": "-1",
        "Pragma": "no-cache",
        "Server": [
          "Microsoft-HTTPAPI/2.0",
          "Microsoft-HTTPAPI/2.0"
        ],
        "Strict-Transport-Security": "max-age=31536000; includeSubDomains",
        "Transfer-Encoding": "chunked",
        "Vary": "Accept-Encoding",
        "X-Content-Type-Options": "nosniff",
        "x-ms-correlation-request-id": "caddd149-94f5-4d29-bff5-151790ece10b",
        "x-ms-ratelimit-remaining-resource": "Microsoft.Compute/ListVMExtensionTypes3Min;17999,Microsoft.Compute/ListVMExtensionTypes30Min;22499",
        "x-ms-ratelimit-remaining-subscription-reads": "11874",
        "x-ms-request-id": "a44125d5-aa29-4f50-9884-aae04cd1a660",
        "x-ms-routing-request-id": "SOUTHEASTASIA:20220321T062806Z:caddd149-94f5-4d29-bff5-151790ece10b",
        "x-ms-served-by": "ab90d441-6939-4ab1-9dfa-bef247d64088_132919491915530086"
      },
      "ResponseBody": [
        "[\r\n",
        "  {\r\n",
        "    \u0022location\u0022: \u0022eastus\u0022,\r\n",
        "    \u0022name\u0022: \u0022BGInfo\u0022,\r\n",
        "    \u0022id\u0022: \u0022/Subscriptions/00000000-0000-0000-0000-000000000000/Providers/Microsoft.Compute/Locations/eastus/Publishers/Microsoft.Compute/ArtifactTypes/VMExtension/Types/BGInfo\u0022\r\n",
        "  },\r\n",
        "  {\r\n",
        "    \u0022location\u0022: \u0022eastus\u0022,\r\n",
        "    \u0022name\u0022: \u0022CustomScriptExtension\u0022,\r\n",
        "    \u0022id\u0022: \u0022/Subscriptions/00000000-0000-0000-0000-000000000000/Providers/Microsoft.Compute/Locations/eastus/Publishers/Microsoft.Compute/ArtifactTypes/VMExtension/Types/CustomScriptExtension\u0022\r\n",
        "  },\r\n",
        "  {\r\n",
        "    \u0022location\u0022: \u0022eastus\u0022,\r\n",
        "    \u0022name\u0022: \u0022JsonADDomainExtension\u0022,\r\n",
        "    \u0022id\u0022: \u0022/Subscriptions/00000000-0000-0000-0000-000000000000/Providers/Microsoft.Compute/Locations/eastus/Publishers/Microsoft.Compute/ArtifactTypes/VMExtension/Types/JsonADDomainExtension\u0022\r\n",
        "  },\r\n",
        "  {\r\n",
        "    \u0022location\u0022: \u0022eastus\u0022,\r\n",
        "    \u0022name\u0022: \u0022VMAccessAgent\u0022,\r\n",
        "    \u0022id\u0022: \u0022/Subscriptions/00000000-0000-0000-0000-000000000000/Providers/Microsoft.Compute/Locations/eastus/Publishers/Microsoft.Compute/ArtifactTypes/VMExtension/Types/VMAccessAgent\u0022\r\n",
        "  }\r\n",
        "]"
      ]
    },
    {
      "RequestUri": "https://management.azure.com/subscriptions/00000000-0000-0000-0000-000000000000/providers/Microsoft.Compute/locations/eastus/publishers/Microsoft.Compute/artifacttypes/vmextension/types/VMAccessAgent/versions?api-version=2021-11-01",
      "RequestMethod": "GET",
      "RequestHeaders": {
        "Accept": "application/json",
        "Accept-Encoding": "gzip, deflate",
        "Authorization": "Sanitized",
        "Connection": "keep-alive",
        "User-Agent": "azsdk-python-azure-mgmt-compute/26.1.0 Python/3.9.8 (Windows-10-10.0.22000)",
        "x-ms-client-request-id": "1123224e-a8e0-11ec-a056-c809a8c836e6"
      },
      "RequestBody": null,
      "StatusCode": 200,
      "ResponseHeaders": {
        "Cache-Control": "no-cache",
        "Content-Encoding": "gzip",
        "Content-Type": "application/json; charset=utf-8",
        "Date": "Mon, 21 Mar 2022 06:28:05 GMT",
        "Expires": "-1",
        "Pragma": "no-cache",
        "Server": [
          "Microsoft-HTTPAPI/2.0",
          "Microsoft-HTTPAPI/2.0"
        ],
        "Strict-Transport-Security": "max-age=31536000; includeSubDomains",
        "Transfer-Encoding": "chunked",
        "Vary": "Accept-Encoding",
        "X-Content-Type-Options": "nosniff",
        "x-ms-correlation-request-id": "b374f632-cd57-4418-a410-8481d1eedc00",
        "x-ms-ratelimit-remaining-resource": "Microsoft.Compute/ListVMExtensions3Min;9999,Microsoft.Compute/ListVMExtensions30Min;21999",
        "x-ms-ratelimit-remaining-subscription-reads": "11873",
        "x-ms-request-id": "eb68a8e8-4cc6-4f48-95ad-069f35595be8",
        "x-ms-routing-request-id": "SOUTHEASTASIA:20220321T062806Z:b374f632-cd57-4418-a410-8481d1eedc00",
        "x-ms-served-by": "ab90d441-6939-4ab1-9dfa-bef247d64088_132919491915530086"
      },
      "ResponseBody": [
        "[\r\n",
        "  {\r\n",
        "    \u0022location\u0022: \u0022eastus\u0022,\r\n",
        "    \u0022name\u0022: \u00221.0\u0022,\r\n",
        "    \u0022id\u0022: \u0022/Subscriptions/00000000-0000-0000-0000-000000000000/Providers/Microsoft.Compute/Locations/eastus/Publishers/Microsoft.Compute/ArtifactTypes/VMExtension/Types/VMAccessAgent/Versions/1.0\u0022\r\n",
        "  },\r\n",
        "  {\r\n",
        "    \u0022location\u0022: \u0022eastus\u0022,\r\n",
        "    \u0022name\u0022: \u00221.0.2\u0022,\r\n",
        "    \u0022id\u0022: \u0022/Subscriptions/00000000-0000-0000-0000-000000000000/Providers/Microsoft.Compute/Locations/eastus/Publishers/Microsoft.Compute/ArtifactTypes/VMExtension/Types/VMAccessAgent/Versions/1.0.2\u0022\r\n",
        "  },\r\n",
        "  {\r\n",
        "    \u0022location\u0022: \u0022eastus\u0022,\r\n",
        "    \u0022name\u0022: \u00221.0.3\u0022,\r\n",
        "    \u0022id\u0022: \u0022/Subscriptions/00000000-0000-0000-0000-000000000000/Providers/Microsoft.Compute/Locations/eastus/Publishers/Microsoft.Compute/ArtifactTypes/VMExtension/Types/VMAccessAgent/Versions/1.0.3\u0022\r\n",
        "  },\r\n",
        "  {\r\n",
        "    \u0022location\u0022: \u0022eastus\u0022,\r\n",
        "    \u0022name\u0022: \u00222.0\u0022,\r\n",
        "    \u0022id\u0022: \u0022/Subscriptions/00000000-0000-0000-0000-000000000000/Providers/Microsoft.Compute/Locations/eastus/Publishers/Microsoft.Compute/ArtifactTypes/VMExtension/Types/VMAccessAgent/Versions/2.0\u0022\r\n",
        "  },\r\n",
        "  {\r\n",
        "    \u0022location\u0022: \u0022eastus\u0022,\r\n",
        "    \u0022name\u0022: \u00222.0.1\u0022,\r\n",
        "    \u0022id\u0022: \u0022/Subscriptions/00000000-0000-0000-0000-000000000000/Providers/Microsoft.Compute/Locations/eastus/Publishers/Microsoft.Compute/ArtifactTypes/VMExtension/Types/VMAccessAgent/Versions/2.0.1\u0022\r\n",
        "  },\r\n",
        "  {\r\n",
        "    \u0022location\u0022: \u0022eastus\u0022,\r\n",
        "    \u0022name\u0022: \u00222.0.2\u0022,\r\n",
        "    \u0022id\u0022: \u0022/Subscriptions/00000000-0000-0000-0000-000000000000/Providers/Microsoft.Compute/Locations/eastus/Publishers/Microsoft.Compute/ArtifactTypes/VMExtension/Types/VMAccessAgent/Versions/2.0.2\u0022\r\n",
        "  },\r\n",
        "  {\r\n",
        "    \u0022location\u0022: \u0022eastus\u0022,\r\n",
        "    \u0022name\u0022: \u00222.3\u0022,\r\n",
        "    \u0022id\u0022: \u0022/Subscriptions/00000000-0000-0000-0000-000000000000/Providers/Microsoft.Compute/Locations/eastus/Publishers/Microsoft.Compute/ArtifactTypes/VMExtension/Types/VMAccessAgent/Versions/2.3\u0022\r\n",
        "  },\r\n",
        "  {\r\n",
        "    \u0022location\u0022: \u0022eastus\u0022,\r\n",
        "    \u0022name\u0022: \u00222.4\u0022,\r\n",
        "    \u0022id\u0022: \u0022/Subscriptions/00000000-0000-0000-0000-000000000000/Providers/Microsoft.Compute/Locations/eastus/Publishers/Microsoft.Compute/ArtifactTypes/VMExtension/Types/VMAccessAgent/Versions/2.4\u0022\r\n",
        "  },\r\n",
        "  {\r\n",
        "    \u0022location\u0022: \u0022eastus\u0022,\r\n",
        "    \u0022name\u0022: \u00222.4.1\u0022,\r\n",
        "    \u0022id\u0022: \u0022/Subscriptions/00000000-0000-0000-0000-000000000000/Providers/Microsoft.Compute/Locations/eastus/Publishers/Microsoft.Compute/ArtifactTypes/VMExtension/Types/VMAccessAgent/Versions/2.4.1\u0022\r\n",
        "  },\r\n",
        "  {\r\n",
        "    \u0022location\u0022: \u0022eastus\u0022,\r\n",
        "    \u0022name\u0022: \u00222.4.2\u0022,\r\n",
        "    \u0022id\u0022: \u0022/Subscriptions/00000000-0000-0000-0000-000000000000/Providers/Microsoft.Compute/Locations/eastus/Publishers/Microsoft.Compute/ArtifactTypes/VMExtension/Types/VMAccessAgent/Versions/2.4.2\u0022\r\n",
        "  },\r\n",
        "  {\r\n",
        "    \u0022location\u0022: \u0022eastus\u0022,\r\n",
        "    \u0022name\u0022: \u00222.4.3\u0022,\r\n",
        "    \u0022id\u0022: \u0022/Subscriptions/00000000-0000-0000-0000-000000000000/Providers/Microsoft.Compute/Locations/eastus/Publishers/Microsoft.Compute/ArtifactTypes/VMExtension/Types/VMAccessAgent/Versions/2.4.3\u0022\r\n",
        "  },\r\n",
        "  {\r\n",
        "    \u0022location\u0022: \u0022eastus\u0022,\r\n",
        "    \u0022name\u0022: \u00222.4.4\u0022,\r\n",
        "    \u0022id\u0022: \u0022/Subscriptions/00000000-0000-0000-0000-000000000000/Providers/Microsoft.Compute/Locations/eastus/Publishers/Microsoft.Compute/ArtifactTypes/VMExtension/Types/VMAccessAgent/Versions/2.4.4\u0022\r\n",
        "  },\r\n",
        "  {\r\n",
        "    \u0022location\u0022: \u0022eastus\u0022,\r\n",
        "    \u0022name\u0022: \u00222.4.5\u0022,\r\n",
        "    \u0022id\u0022: \u0022/Subscriptions/00000000-0000-0000-0000-000000000000/Providers/Microsoft.Compute/Locations/eastus/Publishers/Microsoft.Compute/ArtifactTypes/VMExtension/Types/VMAccessAgent/Versions/2.4.5\u0022\r\n",
        "  },\r\n",
        "  {\r\n",
        "    \u0022location\u0022: \u0022eastus\u0022,\r\n",
        "    \u0022name\u0022: \u00222.4.7\u0022,\r\n",
        "    \u0022id\u0022: \u0022/Subscriptions/00000000-0000-0000-0000-000000000000/Providers/Microsoft.Compute/Locations/eastus/Publishers/Microsoft.Compute/ArtifactTypes/VMExtension/Types/VMAccessAgent/Versions/2.4.7\u0022\r\n",
        "  },\r\n",
        "  {\r\n",
        "    \u0022location\u0022: \u0022eastus\u0022,\r\n",
        "    \u0022name\u0022: \u00222.4.8\u0022,\r\n",
        "    \u0022id\u0022: \u0022/Subscriptions/00000000-0000-0000-0000-000000000000/Providers/Microsoft.Compute/Locations/eastus/Publishers/Microsoft.Compute/ArtifactTypes/VMExtension/Types/VMAccessAgent/Versions/2.4.8\u0022\r\n",
        "  }\r\n",
        "]"
      ]
    }
  ],
  "Variables": {}
}
