{
  "Entries": [
    {
      "RequestUri": "https://login.microsoftonline.com/00000000-0000-0000-0000-000000000000/v2.0/.well-known/openid-configuration",
      "RequestMethod": "GET",
      "RequestHeaders": {
        "Accept": "*/*",
        "Accept-Encoding": "gzip, deflate",
        "Connection": "keep-alive",
        "User-Agent": "azsdk-python-identity/1.11.0b2 Python/3.8.12 (Linux-5.13.0-1022-azure-x86_64-with-glibc2.2.5) VSTS_0fb41ef4-5012-48a9-bf39-4ee3de03ee35_build_2500_0"
      },
      "RequestBody": null,
      "StatusCode": 200,
      "ResponseHeaders": {
        "Access-Control-Allow-Methods": "GET, OPTIONS",
        "Access-Control-Allow-Origin": "*",
        "Cache-Control": "max-age=86400, private",
        "Content-Length": "1753",
        "Content-Type": "application/json; charset=utf-8",
        "Date": "Tue, 17 May 2022 06:54:49 GMT",
        "P3P": "CP=\u0022DSP CUR OTPi IND OTRi ONL FIN\u0022",
        "Set-Cookie": "[set-cookie;]",
        "Strict-Transport-Security": "max-age=31536000; includeSubDomains",
        "X-Content-Type-Options": "nosniff",
        "x-ms-ests-server": "2.1.12744.11 - NCUS ProdSlices",
        "X-XSS-Protection": "0"
      },
      "ResponseBody": {
        "token_endpoint": "https://login.microsoftonline.com/00000000-0000-0000-0000-000000000000/oauth2/v2.0/token",
        "token_endpoint_auth_methods_supported": [
          "client_secret_post",
          "private_key_jwt",
          "client_secret_basic"
        ],
        "jwks_uri": "https://login.microsoftonline.com/00000000-0000-0000-0000-000000000000/discovery/v2.0/keys",
        "response_modes_supported": [
          "query",
          "fragment",
          "form_post"
        ],
        "subject_types_supported": [
          "pairwise"
        ],
        "id_token_signing_alg_values_supported": [
          "RS256"
        ],
        "response_types_supported": [
          "code",
          "id_token",
          "code id_token",
          "id_token token"
        ],
        "scopes_supported": [
          "openid",
          "profile",
          "email",
          "offline_access"
        ],
        "issuer": "https://login.microsoftonline.com/00000000-0000-0000-0000-000000000000/v2.0",
        "request_uri_parameter_supported": false,
        "userinfo_endpoint": "https://graph.microsoft.com/oidc/userinfo",
        "authorization_endpoint": "https://login.microsoftonline.com/00000000-0000-0000-0000-000000000000/oauth2/v2.0/authorize",
        "device_authorization_endpoint": "https://login.microsoftonline.com/00000000-0000-0000-0000-000000000000/oauth2/v2.0/devicecode",
        "http_logout_supported": true,
        "frontchannel_logout_supported": true,
        "end_session_endpoint": "https://login.microsoftonline.com/00000000-0000-0000-0000-000000000000/oauth2/v2.0/logout",
        "claims_supported": [
          "sub",
          "iss",
          "cloud_instance_name",
          "cloud_instance_host_name",
          "cloud_graph_host_name",
          "msgraph_host",
          "aud",
          "exp",
          "iat",
          "auth_time",
          "acr",
          "nonce",
          "preferred_username",
          "name",
          "tid",
          "ver",
          "at_hash",
          "c_hash",
          "email"
        ],
        "kerberos_endpoint": "https://login.microsoftonline.com/00000000-0000-0000-0000-000000000000/kerberos",
        "tenant_region_scope": "NA",
        "cloud_instance_name": "microsoftonline.com",
        "cloud_graph_host_name": "graph.windows.net",
        "msgraph_host": "graph.microsoft.com",
        "rbac_url": "https://pas.windows.net"
      }
    },
    {
      "RequestUri": "https://login.microsoftonline.com/common/discovery/instance?api-version=1.1\u0026authorization_endpoint=https://login.microsoftonline.com/common/oauth2/authorize",
      "RequestMethod": "GET",
      "RequestHeaders": {
        "Accept": "application/json",
        "Accept-Encoding": "gzip, deflate",
        "Connection": "keep-alive",
        "Cookie": "cookie;",
        "User-Agent": "azsdk-python-identity/1.11.0b2 Python/3.8.12 (Linux-5.13.0-1022-azure-x86_64-with-glibc2.2.5) VSTS_0fb41ef4-5012-48a9-bf39-4ee3de03ee35_build_2500_0"
      },
      "RequestBody": null,
      "StatusCode": 200,
      "ResponseHeaders": {
        "Access-Control-Allow-Methods": "GET, OPTIONS",
        "Access-Control-Allow-Origin": "*",
        "Cache-Control": "max-age=86400, private",
        "Content-Length": "945",
        "Content-Type": "application/json; charset=utf-8",
        "Date": "Tue, 17 May 2022 06:54:49 GMT",
        "P3P": "CP=\u0022DSP CUR OTPi IND OTRi ONL FIN\u0022",
        "Set-Cookie": "[set-cookie;]",
        "Strict-Transport-Security": "max-age=31536000; includeSubDomains",
        "X-Content-Type-Options": "nosniff",
        "x-ms-ests-server": "2.1.12707.12 - WUS2 ProdSlices",
        "X-XSS-Protection": "0"
      },
      "ResponseBody": {
        "tenant_discovery_endpoint": "https://login.microsoftonline.com/common/.well-known/openid-configuration",
        "api-version": "1.1",
        "metadata": [
          {
            "preferred_network": "login.microsoftonline.com",
            "preferred_cache": "login.windows.net",
            "aliases": [
              "login.microsoftonline.com",
              "login.windows.net",
              "login.microsoft.com",
              "sts.windows.net"
            ]
          },
          {
            "preferred_network": "login.partner.microsoftonline.cn",
            "preferred_cache": "login.partner.microsoftonline.cn",
            "aliases": [
              "login.partner.microsoftonline.cn",
              "login.chinacloudapi.cn"
            ]
          },
          {
            "preferred_network": "login.microsoftonline.de",
            "preferred_cache": "login.microsoftonline.de",
            "aliases": [
              "login.microsoftonline.de"
            ]
          },
          {
            "preferred_network": "login.microsoftonline.us",
            "preferred_cache": "login.microsoftonline.us",
            "aliases": [
              "login.microsoftonline.us",
              "login.usgovcloudapi.net"
            ]
          },
          {
            "preferred_network": "login-us.microsoftonline.com",
            "preferred_cache": "login-us.microsoftonline.com",
            "aliases": [
              "login-us.microsoftonline.com"
            ]
          }
        ]
      }
    },
    {
      "RequestUri": "https://login.microsoftonline.com/00000000-0000-0000-0000-000000000000/oauth2/v2.0/token",
      "RequestMethod": "POST",
      "RequestHeaders": {
        "Accept": "application/json",
        "Accept-Encoding": "gzip, deflate",
        "client-request-id": "7927bd8a-7344-4fec-8d7f-043327b4ed57",
        "Connection": "keep-alive",
        "Content-Length": "286",
        "Content-Type": "application/x-www-form-urlencoded",
        "Cookie": "cookie;",
        "User-Agent": "azsdk-python-identity/1.11.0b2 Python/3.8.12 (Linux-5.13.0-1022-azure-x86_64-with-glibc2.2.5) VSTS_0fb41ef4-5012-48a9-bf39-4ee3de03ee35_build_2500_0",
        "x-client-cpu": "x64",
        "x-client-current-telemetry": "4|730,0|",
        "x-client-last-telemetry": "4|0|||",
        "x-client-os": "linux",
        "x-client-sku": "MSAL.Python",
        "x-client-ver": "1.17.0",
        "x-ms-lib-capability": "retry-after, h429"
      },
      "RequestBody": "client_id=8c41a920-007a-4844-a189-2d0efe39f51e\u0026grant_type=client_credentials\u0026client_info=1\u0026client_secret=o0XWF_siD-FhI.5AE83-u0GaQHW_GP7cjy\u0026claims=%7B%22access_token%22%3A\u002B%7B%22xms_cc%22%3A\u002B%7B%22values%22%3A\u002B%5B%22CP1%22%5D%7D%7D%7D\u0026scope=https%3A%2F%2Fmanagement.azure.com%2F.default",
      "StatusCode": 200,
      "ResponseHeaders": {
        "Cache-Control": "no-store, no-cache",
        "client-request-id": "7927bd8a-7344-4fec-8d7f-043327b4ed57",
        "Content-Length": "93",
        "Content-Type": "application/json; charset=utf-8",
        "Date": "Tue, 17 May 2022 06:54:50 GMT",
        "Expires": "-1",
        "P3P": "CP=\u0022DSP CUR OTPi IND OTRi ONL FIN\u0022",
        "Pragma": "no-cache",
        "Set-Cookie": "[set-cookie;]",
        "Strict-Transport-Security": "max-age=31536000; includeSubDomains",
        "X-Content-Type-Options": "nosniff",
        "x-ms-clitelem": "1,0,0,,",
        "x-ms-ests-server": "2.1.12744.11 - SCUS ProdSlices",
        "X-XSS-Protection": "0"
      },
      "ResponseBody": {
        "token_type": "Bearer",
        "expires_in": 3599,
        "ext_expires_in": 3599,
        "access_token": "access_token"
      }
    },
    {
      "RequestUri": "https://management.azure.com/subscriptions/00000000-0000-0000-0000-000000000000/resourceGroups/rgname/providers/Microsoft.Compute/disks/disknamexbc8e2966?api-version=2021-12-01",
      "RequestMethod": "PUT",
      "RequestHeaders": {
        "Accept": "application/json",
        "Accept-Encoding": "gzip, deflate",
        "Connection": "keep-alive",
        "Content-Length": "100",
        "Content-Type": "application/json",
        "User-Agent": "azsdk-python-azure-mgmt-compute/27.0.0 Python/3.8.12 (Linux-5.13.0-1022-azure-x86_64-with-glibc2.2.5) VSTS_0fb41ef4-5012-48a9-bf39-4ee3de03ee35_build_2500_0"
      },
      "RequestBody": {
        "location": "eastus",
        "properties": {
          "creationData": {
            "createOption": "Empty"
          },
          "diskSizeGB": 200
        }
      },
      "StatusCode": 202,
      "ResponseHeaders": {
        "Azure-AsyncOperation": "https://management.azure.com/subscriptions/00000000-0000-0000-0000-000000000000/providers/Microsoft.Compute/locations/eastus/DiskOperations/6cd07bab-8199-4ff9-a638-d920b52a3711?p=36ee1309-094c-4cec-b989-37cf5e794c1b\u0026api-version=2021-12-01",
        "Cache-Control": "no-cache",
        "Content-Length": "236",
        "Content-Type": "application/json; charset=utf-8",
        "Date": "Tue, 17 May 2022 06:54:50 GMT",
        "Expires": "-1",
        "Location": "https://management.azure.com/subscriptions/00000000-0000-0000-0000-000000000000/providers/Microsoft.Compute/locations/eastus/DiskOperations/6cd07bab-8199-4ff9-a638-d920b52a3711?p=36ee1309-094c-4cec-b989-37cf5e794c1b\u0026monitor=true\u0026api-version=2021-12-01",
        "Pragma": "no-cache",
        "Retry-After": "2",
        "Server": [
          "Microsoft-HTTPAPI/2.0",
          "Microsoft-HTTPAPI/2.0"
        ],
        "Strict-Transport-Security": "max-age=31536000; includeSubDomains",
        "X-Content-Type-Options": "nosniff",
        "x-ms-correlation-request-id": "07d10cae-09cb-471e-9e29-8f0dcd10940d",
        "x-ms-ratelimit-remaining-resource": "Microsoft.Compute/CreateUpdateDisks3Min;997,Microsoft.Compute/CreateUpdateDisks30Min;7997",
        "x-ms-ratelimit-remaining-subscription-writes": "1192",
        "x-ms-routing-request-id": "EASTUS2:20220517T065450Z:07d10cae-09cb-471e-9e29-8f0dcd10940d",
        "x-ms-served-by": "36ee1309-094c-4cec-b989-37cf5e794c1b_132859865487696592"
      },
      "ResponseBody": {
        "name": "disknamexbc8e2966",
        "location": "eastus",
        "properties": {
          "creationData": {
            "createOption": "Empty"
          },
          "diskSizeGB": 200,
          "provisioningState": "Updating",
          "isArmResource": true
        }
      }
    },
    {
      "RequestUri": "https://management.azure.com/subscriptions/00000000-0000-0000-0000-000000000000/providers/Microsoft.Compute/locations/eastus/DiskOperations/6cd07bab-8199-4ff9-a638-d920b52a3711?p=36ee1309-094c-4cec-b989-37cf5e794c1b\u0026api-version=2021-12-01",
      "RequestMethod": "GET",
      "RequestHeaders": {
        "Accept": "*/*",
        "Accept-Encoding": "gzip, deflate",
        "Connection": "keep-alive",
        "User-Agent": "azsdk-python-azure-mgmt-compute/27.0.0 Python/3.8.12 (Linux-5.13.0-1022-azure-x86_64-with-glibc2.2.5) VSTS_0fb41ef4-5012-48a9-bf39-4ee3de03ee35_build_2500_0"
      },
      "RequestBody": null,
      "StatusCode": 200,
      "ResponseHeaders": {
        "Cache-Control": "no-cache",
        "Content-Encoding": "gzip",
        "Content-Type": "application/json; charset=utf-8",
        "Date": "Tue, 17 May 2022 06:54:52 GMT",
        "Expires": "-1",
        "Pragma": "no-cache",
        "Server": [
          "Microsoft-HTTPAPI/2.0",
          "Microsoft-HTTPAPI/2.0"
        ],
        "Strict-Transport-Security": "max-age=31536000; includeSubDomains",
        "Transfer-Encoding": "chunked",
        "Vary": "Accept-Encoding",
        "X-Content-Type-Options": "nosniff",
        "x-ms-correlation-request-id": "1e111bb6-59c6-4379-8365-da8b7737767b",
        "x-ms-ratelimit-remaining-resource": "Microsoft.Compute/GetOperation3Min;49988,Microsoft.Compute/GetOperation30Min;399988",
        "x-ms-ratelimit-remaining-subscription-reads": "11984",
        "x-ms-routing-request-id": "EASTUS2:20220517T065452Z:1e111bb6-59c6-4379-8365-da8b7737767b",
        "x-ms-served-by": "36ee1309-094c-4cec-b989-37cf5e794c1b_132859865487696592"
      },
      "ResponseBody": {
        "startTime": "2022-05-17T06:54:50.8454491\u002B00:00",
        "endTime": "2022-05-17T06:54:50.9548306\u002B00:00",
        "status": "Succeeded",
        "properties": {
          "output": {
            "name": "disknamexbc8e2966",
            "id": "/subscriptions/00000000-0000-0000-0000-000000000000/resourceGroups/rgname/providers/Microsoft.Compute/disks/disknamexbc8e2966",
            "type": "Microsoft.Compute/disks",
            "location": "eastus",
            "sku": {
              "name": "Standard_LRS",
              "tier": "Standard"
            },
            "properties": {
              "creationData": {
                "createOption": "Empty"
              },
              "diskSizeGB": 200,
              "diskIOPSReadWrite": 500,
              "diskMBpsReadWrite": 60,
              "encryption": {
                "type": "EncryptionAtRestWithPlatformKey"
              },
              "networkAccessPolicy": "AllowAll",
              "publicNetworkAccess": "Enabled",
              "timeCreated": "2022-05-17T06:54:50.8454491\u002B00:00",
              "provisioningState": "Succeeded",
              "diskState": "Unattached",
              "diskSizeBytes": 214748364800,
              "uniqueId": "60a57be6-81f5-4a23-9a4e-844f831a2f50"
            }
          }
        },
        "name": "6cd07bab-8199-4ff9-a638-d920b52a3711"
      }
    },
    {
      "RequestUri": "https://management.azure.com/subscriptions/00000000-0000-0000-0000-000000000000/resourceGroups/rgname/providers/Microsoft.Compute/disks/disknamexbc8e2966?api-version=2021-12-01",
      "RequestMethod": "GET",
      "RequestHeaders": {
        "Accept": "*/*",
        "Accept-Encoding": "gzip, deflate",
        "Connection": "keep-alive",
        "User-Agent": "azsdk-python-azure-mgmt-compute/27.0.0 Python/3.8.12 (Linux-5.13.0-1022-azure-x86_64-with-glibc2.2.5) VSTS_0fb41ef4-5012-48a9-bf39-4ee3de03ee35_build_2500_0"
      },
      "RequestBody": null,
      "StatusCode": 200,
      "ResponseHeaders": {
        "Cache-Control": "no-cache",
        "Content-Encoding": "gzip",
        "Content-Type": "application/json; charset=utf-8",
        "Date": "Tue, 17 May 2022 06:54:52 GMT",
        "Expires": "-1",
        "Pragma": "no-cache",
        "Server": [
          "Microsoft-HTTPAPI/2.0",
          "Microsoft-HTTPAPI/2.0"
        ],
        "Strict-Transport-Security": "max-age=31536000; includeSubDomains",
        "Transfer-Encoding": "chunked",
        "Vary": "Accept-Encoding",
        "X-Content-Type-Options": "nosniff",
        "x-ms-correlation-request-id": "928fc38b-888d-454d-a97a-24cd4cfbcfd1",
        "x-ms-ratelimit-remaining-resource": "Microsoft.Compute/LowCostGet3Min;14988,Microsoft.Compute/LowCostGet30Min;119952",
        "x-ms-ratelimit-remaining-subscription-reads": "11983",
        "x-ms-routing-request-id": "EASTUS2:20220517T065452Z:928fc38b-888d-454d-a97a-24cd4cfbcfd1",
        "x-ms-served-by": "36ee1309-094c-4cec-b989-37cf5e794c1b_132859865487696592"
      },
      "ResponseBody": {
        "name": "disknamexbc8e2966",
        "id": "/subscriptions/00000000-0000-0000-0000-000000000000/resourceGroups/rgname/providers/Microsoft.Compute/disks/disknamexbc8e2966",
        "type": "Microsoft.Compute/disks",
        "location": "eastus",
        "sku": {
          "name": "Standard_LRS",
          "tier": "Standard"
        },
        "properties": {
          "creationData": {
            "createOption": "Empty"
          },
          "diskSizeGB": 200,
          "diskIOPSReadWrite": 500,
          "diskMBpsReadWrite": 60,
          "encryption": {
            "type": "EncryptionAtRestWithPlatformKey"
          },
          "networkAccessPolicy": "AllowAll",
          "publicNetworkAccess": "Enabled",
          "timeCreated": "2022-05-17T06:54:50.8454491\u002B00:00",
          "provisioningState": "Succeeded",
          "diskState": "Unattached",
          "diskSizeBytes": 214748364800,
          "uniqueId": "60a57be6-81f5-4a23-9a4e-844f831a2f50"
        }
      }
    },
    {
      "RequestUri": "https://management.azure.com/subscriptions/00000000-0000-0000-0000-000000000000/resourceGroups/rgname/providers/Microsoft.Compute/snapshots/snapshotxbc8e2966?api-version=2021-12-01",
      "RequestMethod": "PUT",
      "RequestHeaders": {
        "Accept": "application/json",
        "Accept-Encoding": "gzip, deflate",
        "Connection": "keep-alive",
        "Content-Length": "222",
        "Content-Type": "application/json",
        "User-Agent": "azsdk-python-azure-mgmt-compute/27.0.0 Python/3.8.12 (Linux-5.13.0-1022-azure-x86_64-with-glibc2.2.5) VSTS_0fb41ef4-5012-48a9-bf39-4ee3de03ee35_build_2500_0"
      },
      "RequestBody": {
        "location": "eastus",
        "properties": {
          "creationData": {
            "createOption": "Copy",
            "sourceUri": "/subscriptions/00000000-0000-0000-0000-000000000000/resourceGroups/rgname/providers/Microsoft.Compute/disks/disknamexbc8e2966"
          }
        }
      },
      "StatusCode": 202,
      "ResponseHeaders": {
        "Azure-AsyncOperation": "https://management.azure.com/subscriptions/00000000-0000-0000-0000-000000000000/providers/Microsoft.Compute/locations/eastus/DiskOperations/91f9da5d-837e-482e-be1c-c364a7d9245b?p=36ee1309-094c-4cec-b989-37cf5e794c1b\u0026api-version=2021-12-01",
        "Cache-Control": "no-cache",
        "Content-Length": "432",
        "Content-Type": "application/json; charset=utf-8",
        "Date": "Tue, 17 May 2022 06:54:53 GMT",
        "Expires": "-1",
        "Location": "https://management.azure.com/subscriptions/00000000-0000-0000-0000-000000000000/providers/Microsoft.Compute/locations/eastus/DiskOperations/91f9da5d-837e-482e-be1c-c364a7d9245b?p=36ee1309-094c-4cec-b989-37cf5e794c1b\u0026monitor=true\u0026api-version=2021-12-01",
        "Pragma": "no-cache",
        "Retry-After": "2",
        "Server": [
          "Microsoft-HTTPAPI/2.0",
          "Microsoft-HTTPAPI/2.0"
        ],
        "Strict-Transport-Security": "max-age=31536000; includeSubDomains",
        "X-Content-Type-Options": "nosniff",
        "x-ms-correlation-request-id": "3b8ce877-1839-4a9b-a4d4-23e1a38f50b9",
        "x-ms-ratelimit-remaining-resource": "Microsoft.Compute/HighCostSnapshotCreateHydrate3Min;999,Microsoft.Compute/HighCostSnapshotCreateHydrate30Min;7999",
        "x-ms-ratelimit-remaining-subscription-writes": "1191",
        "x-ms-routing-request-id": "EASTUS2:20220517T065453Z:3b8ce877-1839-4a9b-a4d4-23e1a38f50b9",
        "x-ms-served-by": "36ee1309-094c-4cec-b989-37cf5e794c1b_132859865487696592"
      },
      "ResponseBody": {
        "location": "eastus",
        "properties": {
          "creationData": {
            "createOption": "Copy",
            "sourceUri": "/subscriptions/00000000-0000-0000-0000-000000000000/resourceGroups/rgname/providers/Microsoft.Compute/disks/disknamexbc8e2966",
            "sourceUniqueId": "60a57be6-81f5-4a23-9a4e-844f831a2f50"
          },
          "publicNetworkAccess": "Enabled",
          "provisioningState": "Updating",
          "isArmResource": true
        }
      }
    },
    {
      "RequestUri": "https://management.azure.com/subscriptions/00000000-0000-0000-0000-000000000000/providers/Microsoft.Compute/locations/eastus/DiskOperations/91f9da5d-837e-482e-be1c-c364a7d9245b?p=36ee1309-094c-4cec-b989-37cf5e794c1b\u0026api-version=2021-12-01",
      "RequestMethod": "GET",
      "RequestHeaders": {
        "Accept": "*/*",
        "Accept-Encoding": "gzip, deflate",
        "Connection": "keep-alive",
        "User-Agent": "azsdk-python-azure-mgmt-compute/27.0.0 Python/3.8.12 (Linux-5.13.0-1022-azure-x86_64-with-glibc2.2.5) VSTS_0fb41ef4-5012-48a9-bf39-4ee3de03ee35_build_2500_0"
      },
      "RequestBody": null,
      "StatusCode": 200,
      "ResponseHeaders": {
        "Cache-Control": "no-cache",
        "Content-Encoding": "gzip",
        "Content-Type": "application/json; charset=utf-8",
        "Date": "Tue, 17 May 2022 06:54:55 GMT",
        "Expires": "-1",
        "Pragma": "no-cache",
        "Server": [
          "Microsoft-HTTPAPI/2.0",
          "Microsoft-HTTPAPI/2.0"
        ],
        "Strict-Transport-Security": "max-age=31536000; includeSubDomains",
        "Transfer-Encoding": "chunked",
        "Vary": "Accept-Encoding",
        "X-Content-Type-Options": "nosniff",
        "x-ms-correlation-request-id": "544502f2-cb1d-4126-b1a2-3ac1616e7e8f",
        "x-ms-ratelimit-remaining-resource": "Microsoft.Compute/GetOperation3Min;49987,Microsoft.Compute/GetOperation30Min;399987",
        "x-ms-ratelimit-remaining-subscription-reads": "11982",
        "x-ms-routing-request-id": "EASTUS2:20220517T065455Z:544502f2-cb1d-4126-b1a2-3ac1616e7e8f",
        "x-ms-served-by": "36ee1309-094c-4cec-b989-37cf5e794c1b_132859865487696592"
      },
      "ResponseBody": {
        "startTime": "2022-05-17T06:54:53.1579349\u002B00:00",
        "endTime": "2022-05-17T06:54:54.1891889\u002B00:00",
        "status": "Succeeded",
        "properties": {
          "output": {
            "name": "snapshotxbc8e2966",
            "id": "/subscriptions/00000000-0000-0000-0000-000000000000/resourceGroups/rgname/providers/Microsoft.Compute/snapshots/snapshotxbc8e2966",
            "type": "Microsoft.Compute/snapshots",
            "location": "eastus",
            "sku": {
              "name": "Standard_LRS",
              "tier": "Standard"
            },
            "properties": {
              "creationData": {
                "createOption": "Copy",
                "sourceResourceId": "/subscriptions/00000000-0000-0000-0000-000000000000/resourceGroups/rgname/providers/Microsoft.Compute/disks/disknamexbc8e2966",
                "sourceUniqueId": "60a57be6-81f5-4a23-9a4e-844f831a2f50"
              },
              "diskSizeGB": 200,
              "encryption": {
                "type": "EncryptionAtRestWithPlatformKey"
              },
              "incremental": false,
              "networkAccessPolicy": "AllowAll",
              "publicNetworkAccess": "Enabled",
              "timeCreated": "2022-05-17T06:54:53.1735647\u002B00:00",
              "provisioningState": "Succeeded",
              "diskState": "Unattached",
              "diskSizeBytes": 214748364800,
              "uniqueId": "4c0446d4-02b9-4e39-bc03-a9028be4514e"
            }
          }
        },
        "name": "91f9da5d-837e-482e-be1c-c364a7d9245b"
      }
    },
    {
      "RequestUri": "https://management.azure.com/subscriptions/00000000-0000-0000-0000-000000000000/resourceGroups/rgname/providers/Microsoft.Compute/snapshots/snapshotxbc8e2966?api-version=2021-12-01",
      "RequestMethod": "GET",
      "RequestHeaders": {
        "Accept": "*/*",
        "Accept-Encoding": "gzip, deflate",
        "Connection": "keep-alive",
        "User-Agent": "azsdk-python-azure-mgmt-compute/27.0.0 Python/3.8.12 (Linux-5.13.0-1022-azure-x86_64-with-glibc2.2.5) VSTS_0fb41ef4-5012-48a9-bf39-4ee3de03ee35_build_2500_0"
      },
      "RequestBody": null,
      "StatusCode": 200,
      "ResponseHeaders": {
        "Cache-Control": "no-cache",
        "Content-Encoding": "gzip",
        "Content-Type": "application/json; charset=utf-8",
        "Date": "Tue, 17 May 2022 06:54:55 GMT",
        "Expires": "-1",
        "Pragma": "no-cache",
        "Server": [
          "Microsoft-HTTPAPI/2.0",
          "Microsoft-HTTPAPI/2.0"
        ],
        "Strict-Transport-Security": "max-age=31536000; includeSubDomains",
        "Transfer-Encoding": "chunked",
        "Vary": "Accept-Encoding",
        "X-Content-Type-Options": "nosniff",
        "x-ms-correlation-request-id": "2b2e7205-d44e-46f3-8d86-e36c71f9d912",
        "x-ms-ratelimit-remaining-resource": "Microsoft.Compute/LowCostGet3Min;14987,Microsoft.Compute/LowCostGet30Min;119951",
        "x-ms-ratelimit-remaining-subscription-reads": "11981",
        "x-ms-routing-request-id": "EASTUS2:20220517T065455Z:2b2e7205-d44e-46f3-8d86-e36c71f9d912",
        "x-ms-served-by": "36ee1309-094c-4cec-b989-37cf5e794c1b_132859865487696592"
      },
      "ResponseBody": {
        "name": "snapshotxbc8e2966",
        "id": "/subscriptions/00000000-0000-0000-0000-000000000000/resourceGroups/rgname/providers/Microsoft.Compute/snapshots/snapshotxbc8e2966",
        "type": "Microsoft.Compute/snapshots",
        "location": "eastus",
        "sku": {
          "name": "Standard_LRS",
          "tier": "Standard"
        },
        "properties": {
          "creationData": {
            "createOption": "Copy",
            "sourceResourceId": "/subscriptions/00000000-0000-0000-0000-000000000000/resourceGroups/rgname/providers/Microsoft.Compute/disks/disknamexbc8e2966",
            "sourceUniqueId": "60a57be6-81f5-4a23-9a4e-844f831a2f50"
          },
          "diskSizeGB": 200,
          "encryption": {
            "type": "EncryptionAtRestWithPlatformKey"
          },
          "incremental": false,
          "networkAccessPolicy": "AllowAll",
          "publicNetworkAccess": "Enabled",
          "timeCreated": "2022-05-17T06:54:53.1735647\u002B00:00",
          "provisioningState": "Succeeded",
          "diskState": "Unattached",
          "diskSizeBytes": 214748364800,
          "uniqueId": "4c0446d4-02b9-4e39-bc03-a9028be4514e"
        }
      }
    },
    {
      "RequestUri": "https://management.azure.com/subscriptions/00000000-0000-0000-0000-000000000000/resourceGroups/rgname/providers/Microsoft.Compute/images/imagexbc8e2966?api-version=2022-03-01",
      "RequestMethod": "PUT",
      "RequestHeaders": {
        "Accept": "application/json",
        "Accept-Encoding": "gzip, deflate",
        "Connection": "keep-alive",
        "Content-Length": "317",
        "Content-Type": "application/json",
        "User-Agent": "azsdk-python-azure-mgmt-compute/27.0.0 Python/3.8.12 (Linux-5.13.0-1022-azure-x86_64-with-glibc2.2.5) VSTS_0fb41ef4-5012-48a9-bf39-4ee3de03ee35_build_2500_0"
      },
      "RequestBody": {
        "location": "eastus",
        "properties": {
          "storageProfile": {
            "osDisk": {
              "snapshot": {
                "id": "subscriptions/00000000-0000-0000-0000-000000000000/resourceGroups/rgname/providers/Microsoft.Compute/snapshots/snapshotxbc8e2966"
              },
              "osType": "Linux",
              "osState": "Generalized"
            },
            "zoneResilient": false
          },
          "hyperVGeneration": "V1"
        }
      },
      "StatusCode": 201,
      "ResponseHeaders": {
        "Azure-AsyncNotification": "Enabled",
        "Azure-AsyncOperation": "https://management.azure.com/subscriptions/00000000-0000-0000-0000-000000000000/providers/Microsoft.Compute/locations/eastus/operations/84d43248-190f-434d-a208-cf267bed5bab?p=54253b73-cb53-496f-ab42-5e5ee19426f8\u0026api-version=2022-03-01",
        "Cache-Control": "no-cache",
        "Content-Length": "762",
        "Content-Type": "application/json; charset=utf-8",
        "Date": "Tue, 17 May 2022 06:54:55 GMT",
        "Expires": "-1",
        "Pragma": "no-cache",
        "Server": [
          "Microsoft-HTTPAPI/2.0",
          "Microsoft-HTTPAPI/2.0"
        ],
        "Strict-Transport-Security": "max-age=31536000; includeSubDomains",
        "X-Content-Type-Options": "nosniff",
        "x-ms-correlation-request-id": "18372b94-6ed5-423c-85e9-995570df4601",
        "x-ms-ratelimit-remaining-resource": "Microsoft.Compute/CreateImages3Min;39,Microsoft.Compute/CreateImages30Min;199",
        "x-ms-ratelimit-remaining-subscription-writes": "1190",
        "x-ms-routing-request-id": "EASTUS2:20220517T065455Z:18372b94-6ed5-423c-85e9-995570df4601"
      },
      "ResponseBody": {
        "name": "imagexbc8e2966",
        "id": "/subscriptions/00000000-0000-0000-0000-000000000000/resourceGroups/rgname/providers/Microsoft.Compute/images/imagexbc8e2966",
        "type": "Microsoft.Compute/images",
        "location": "eastus",
        "properties": {
          "storageProfile": {
            "osDisk": {
              "osType": "Linux",
              "osState": "Generalized",
              "snapshot": {
                "id": "/subscriptions/00000000-0000-0000-0000-000000000000/resourceGroups/rgname/providers/Microsoft.Compute/snapshots/snapshotxbc8e2966"
              },
              "caching": "None",
              "storageAccountType": "Standard_LRS"
            },
            "dataDisks": [],
            "zoneResilient": false
          },
          "provisioningState": "Creating",
          "hyperVGeneration": "V1"
        }
      }
    },
    {
      "RequestUri": "https://management.azure.com/subscriptions/00000000-0000-0000-0000-000000000000/providers/Microsoft.Compute/locations/eastus/operations/84d43248-190f-434d-a208-cf267bed5bab?p=54253b73-cb53-496f-ab42-5e5ee19426f8\u0026api-version=2022-03-01",
      "RequestMethod": "GET",
      "RequestHeaders": {
        "Accept": "*/*",
        "Accept-Encoding": "gzip, deflate",
        "Connection": "keep-alive",
        "User-Agent": "azsdk-python-azure-mgmt-compute/27.0.0 Python/3.8.12 (Linux-5.13.0-1022-azure-x86_64-with-glibc2.2.5) VSTS_0fb41ef4-5012-48a9-bf39-4ee3de03ee35_build_2500_0"
      },
      "RequestBody": null,
      "StatusCode": 200,
      "ResponseHeaders": {
        "Cache-Control": "no-cache",
        "Content-Encoding": "gzip",
        "Content-Type": "application/json; charset=utf-8",
        "Date": "Tue, 17 May 2022 06:55:25 GMT",
        "Expires": "-1",
        "Pragma": "no-cache",
        "Server": [
          "Microsoft-HTTPAPI/2.0",
          "Microsoft-HTTPAPI/2.0"
        ],
        "Strict-Transport-Security": "max-age=31536000; includeSubDomains",
        "Transfer-Encoding": "chunked",
        "Vary": "Accept-Encoding",
        "X-Content-Type-Options": "nosniff",
        "x-ms-correlation-request-id": "7429a905-a69c-48cd-a0f3-150cfdb24316",
        "x-ms-ratelimit-remaining-resource": "Microsoft.Compute/GetOperation3Min;14996,Microsoft.Compute/GetOperation30Min;29995",
        "x-ms-ratelimit-remaining-subscription-reads": "11980",
        "x-ms-routing-request-id": "EASTUS2:20220517T065525Z:7429a905-a69c-48cd-a0f3-150cfdb24316"
      },
      "ResponseBody": {
        "startTime": "2022-05-17T06:54:55.5146853\u002B00:00",
        "endTime": "2022-05-17T06:55:00.780338\u002B00:00",
        "status": "Succeeded",
        "name": "84d43248-190f-434d-a208-cf267bed5bab"
      }
    },
    {
      "RequestUri": "https://management.azure.com/subscriptions/00000000-0000-0000-0000-000000000000/resourceGroups/rgname/providers/Microsoft.Compute/images/imagexbc8e2966?api-version=2022-03-01",
      "RequestMethod": "GET",
      "RequestHeaders": {
        "Accept": "*/*",
        "Accept-Encoding": "gzip, deflate",
        "Connection": "keep-alive",
        "User-Agent": "azsdk-python-azure-mgmt-compute/27.0.0 Python/3.8.12 (Linux-5.13.0-1022-azure-x86_64-with-glibc2.2.5) VSTS_0fb41ef4-5012-48a9-bf39-4ee3de03ee35_build_2500_0"
      },
      "RequestBody": null,
      "StatusCode": 200,
      "ResponseHeaders": {
        "Cache-Control": "no-cache",
        "Content-Encoding": "gzip",
        "Content-Type": "application/json; charset=utf-8",
        "Date": "Tue, 17 May 2022 06:55:25 GMT",
        "Expires": "-1",
        "Pragma": "no-cache",
        "Server": [
          "Microsoft-HTTPAPI/2.0",
          "Microsoft-HTTPAPI/2.0"
        ],
        "Strict-Transport-Security": "max-age=31536000; includeSubDomains",
        "Transfer-Encoding": "chunked",
        "Vary": "Accept-Encoding",
        "X-Content-Type-Options": "nosniff",
        "x-ms-correlation-request-id": "6840df75-3e1b-48fc-9ad0-61e44033966c",
        "x-ms-ratelimit-remaining-resource": "Microsoft.Compute/GetImages3Min;358,Microsoft.Compute/GetImages30Min;1798",
        "x-ms-ratelimit-remaining-subscription-reads": "11979",
        "x-ms-routing-request-id": "EASTUS2:20220517T065525Z:6840df75-3e1b-48fc-9ad0-61e44033966c"
      },
      "ResponseBody": {
        "name": "imagexbc8e2966",
        "id": "/subscriptions/00000000-0000-0000-0000-000000000000/resourceGroups/rgname/providers/Microsoft.Compute/images/imagexbc8e2966",
        "type": "Microsoft.Compute/images",
        "location": "eastus",
        "properties": {
          "storageProfile": {
            "osDisk": {
              "osType": "Linux",
              "osState": "Generalized",
              "diskSizeGB": 200,
              "snapshot": {
                "id": "/subscriptions/00000000-0000-0000-0000-000000000000/resourceGroups/rgname/providers/Microsoft.Compute/snapshots/snapshotxbc8e2966"
              },
              "caching": "None",
              "storageAccountType": "Standard_LRS"
            },
            "dataDisks": [],
            "zoneResilient": false
          },
          "provisioningState": "Succeeded",
          "hyperVGeneration": "V1"
        }
      }
    },
    {
      "RequestUri": "https://management.azure.com/subscriptions/00000000-0000-0000-0000-000000000000/resourceGroups/rgname/providers/Microsoft.Compute/snapshots/snapshotxbc8e2966?api-version=2021-12-01",
      "RequestMethod": "GET",
      "RequestHeaders": {
        "Accept": "application/json",
        "Accept-Encoding": "gzip, deflate",
        "Connection": "keep-alive",
        "User-Agent": "azsdk-python-azure-mgmt-compute/27.0.0 Python/3.8.12 (Linux-5.13.0-1022-azure-x86_64-with-glibc2.2.5) VSTS_0fb41ef4-5012-48a9-bf39-4ee3de03ee35_build_2500_0"
      },
      "RequestBody": null,
      "StatusCode": 200,
      "ResponseHeaders": {
        "Cache-Control": "no-cache",
        "Content-Encoding": "gzip",
        "Content-Type": "application/json; charset=utf-8",
        "Date": "Tue, 17 May 2022 06:55:25 GMT",
        "Expires": "-1",
        "Pragma": "no-cache",
        "Server": [
          "Microsoft-HTTPAPI/2.0",
          "Microsoft-HTTPAPI/2.0"
        ],
        "Strict-Transport-Security": "max-age=31536000; includeSubDomains",
        "Transfer-Encoding": "chunked",
        "Vary": "Accept-Encoding",
        "X-Content-Type-Options": "nosniff",
        "x-ms-correlation-request-id": "b48eedc2-464e-48a5-9c8d-744a98c0620e",
        "x-ms-ratelimit-remaining-resource": "Microsoft.Compute/LowCostGet3Min;14981,Microsoft.Compute/LowCostGet30Min;119952",
        "x-ms-ratelimit-remaining-subscription-reads": "11978",
        "x-ms-routing-request-id": "EASTUS2:20220517T065525Z:b48eedc2-464e-48a5-9c8d-744a98c0620e",
        "x-ms-served-by": "36ee1309-094c-4cec-b989-37cf5e794c1b_132859865487696592"
      },
      "ResponseBody": {
        "name": "snapshotxbc8e2966",
        "id": "/subscriptions/00000000-0000-0000-0000-000000000000/resourceGroups/rgname/providers/Microsoft.Compute/snapshots/snapshotxbc8e2966",
        "type": "Microsoft.Compute/snapshots",
        "location": "eastus",
        "sku": {
          "name": "Standard_LRS",
          "tier": "Standard"
        },
        "properties": {
          "creationData": {
            "createOption": "Copy",
            "sourceResourceId": "/subscriptions/00000000-0000-0000-0000-000000000000/resourceGroups/rgname/providers/Microsoft.Compute/disks/disknamexbc8e2966",
            "sourceUniqueId": "60a57be6-81f5-4a23-9a4e-844f831a2f50"
          },
          "diskSizeGB": 200,
          "encryption": {
            "type": "EncryptionAtRestWithPlatformKey"
          },
          "incremental": false,
          "networkAccessPolicy": "AllowAll",
          "publicNetworkAccess": "Enabled",
          "timeCreated": "2022-05-17T06:54:53.1735647\u002B00:00",
          "provisioningState": "Succeeded",
          "diskState": "Unattached",
          "diskSizeBytes": 214748364800,
          "uniqueId": "4c0446d4-02b9-4e39-bc03-a9028be4514e"
        }
      }
    },
    {
      "RequestUri": "https://management.azure.com/subscriptions/00000000-0000-0000-0000-000000000000/resourceGroups/rgname/providers/Microsoft.Compute/images/imagexbc8e2966?api-version=2022-03-01",
      "RequestMethod": "GET",
      "RequestHeaders": {
        "Accept": "application/json",
        "Accept-Encoding": "gzip, deflate",
        "Connection": "keep-alive",
        "User-Agent": "azsdk-python-azure-mgmt-compute/27.0.0 Python/3.8.12 (Linux-5.13.0-1022-azure-x86_64-with-glibc2.2.5) VSTS_0fb41ef4-5012-48a9-bf39-4ee3de03ee35_build_2500_0"
      },
      "RequestBody": null,
      "StatusCode": 200,
      "ResponseHeaders": {
        "Cache-Control": "no-cache",
        "Content-Encoding": "gzip",
        "Content-Type": "application/json; charset=utf-8",
        "Date": "Tue, 17 May 2022 06:55:25 GMT",
        "Expires": "-1",
        "Pragma": "no-cache",
        "Server": [
          "Microsoft-HTTPAPI/2.0",
          "Microsoft-HTTPAPI/2.0"
        ],
        "Strict-Transport-Security": "max-age=31536000; includeSubDomains",
        "Transfer-Encoding": "chunked",
        "Vary": "Accept-Encoding",
        "X-Content-Type-Options": "nosniff",
        "x-ms-correlation-request-id": "9d500f98-74d4-4f51-bacf-c984c687f85d",
        "x-ms-ratelimit-remaining-resource": "Microsoft.Compute/GetImages3Min;357,Microsoft.Compute/GetImages30Min;1797",
        "x-ms-ratelimit-remaining-subscription-reads": "11977",
        "x-ms-routing-request-id": "EASTUS2:20220517T065525Z:9d500f98-74d4-4f51-bacf-c984c687f85d"
      },
      "ResponseBody": {
        "name": "imagexbc8e2966",
        "id": "/subscriptions/00000000-0000-0000-0000-000000000000/resourceGroups/rgname/providers/Microsoft.Compute/images/imagexbc8e2966",
        "type": "Microsoft.Compute/images",
        "location": "eastus",
        "properties": {
          "storageProfile": {
            "osDisk": {
              "osType": "Linux",
              "osState": "Generalized",
              "diskSizeGB": 200,
              "snapshot": {
                "id": "/subscriptions/00000000-0000-0000-0000-000000000000/resourceGroups/rgname/providers/Microsoft.Compute/snapshots/snapshotxbc8e2966"
              },
              "caching": "None",
              "storageAccountType": "Standard_LRS"
            },
            "dataDisks": [],
            "zoneResilient": false
          },
          "provisioningState": "Succeeded",
          "hyperVGeneration": "V1"
        }
      }
    },
    {
      "RequestUri": "https://management.azure.com/subscriptions/00000000-0000-0000-0000-000000000000/resourceGroups/rgname/providers/Microsoft.Compute/images/imagexbc8e2966?api-version=2022-03-01",
      "RequestMethod": "PATCH",
      "RequestHeaders": {
        "Accept": "application/json",
        "Accept-Encoding": "gzip, deflate",
        "Connection": "keep-alive",
        "Content-Length": "30",
        "Content-Type": "application/json",
        "User-Agent": "azsdk-python-azure-mgmt-compute/27.0.0 Python/3.8.12 (Linux-5.13.0-1022-azure-x86_64-with-glibc2.2.5) VSTS_0fb41ef4-5012-48a9-bf39-4ee3de03ee35_build_2500_0"
      },
      "RequestBody": {
        "tags": {
          "department": "HR"
        }
      },
      "StatusCode": 200,
      "ResponseHeaders": {
        "Azure-AsyncNotification": "Enabled",
        "Azure-AsyncOperation": "https://management.azure.com/subscriptions/00000000-0000-0000-0000-000000000000/providers/Microsoft.Compute/locations/eastus/operations/71a452a7-924b-4363-a2e9-2336dba5b4cf?p=54253b73-cb53-496f-ab42-5e5ee19426f8\u0026api-version=2022-03-01",
        "Cache-Control": "no-cache",
        "Content-Encoding": "gzip",
        "Content-Type": "application/json; charset=utf-8",
        "Date": "Tue, 17 May 2022 06:55:25 GMT",
        "Expires": "-1",
        "Pragma": "no-cache",
        "Server": [
          "Microsoft-HTTPAPI/2.0",
          "Microsoft-HTTPAPI/2.0"
        ],
        "Strict-Transport-Security": "max-age=31536000; includeSubDomains",
        "Transfer-Encoding": "chunked",
        "Vary": "Accept-Encoding",
        "X-Content-Type-Options": "nosniff",
        "x-ms-correlation-request-id": "a88f47ff-01e9-4914-9c89-704faf81e3c1",
        "x-ms-ratelimit-remaining-resource": "Microsoft.Compute/CreateImages3Min;38,Microsoft.Compute/CreateImages30Min;198",
        "x-ms-ratelimit-remaining-subscription-writes": "1189",
        "x-ms-routing-request-id": "EASTUS2:20220517T065526Z:a88f47ff-01e9-4914-9c89-704faf81e3c1"
      },
      "ResponseBody": {
        "name": "imagexbc8e2966",
        "id": "/subscriptions/00000000-0000-0000-0000-000000000000/resourceGroups/rgname/providers/Microsoft.Compute/images/imagexbc8e2966",
        "type": "Microsoft.Compute/images",
        "location": "eastus",
        "tags": {
          "department": "HR"
        },
        "properties": {
          "storageProfile": {
            "osDisk": {
              "osType": "Linux",
              "osState": "Generalized",
              "diskSizeGB": 200,
              "snapshot": {
                "id": "/subscriptions/00000000-0000-0000-0000-000000000000/resourceGroups/rgname/providers/Microsoft.Compute/snapshots/snapshotxbc8e2966"
              },
              "caching": "None",
              "storageAccountType": "Standard_LRS"
            },
            "dataDisks": [],
            "zoneResilient": false
          },
          "provisioningState": "Updating",
          "hyperVGeneration": "V1"
        }
      }
    },
    {
      "RequestUri": "https://management.azure.com/subscriptions/00000000-0000-0000-0000-000000000000/providers/Microsoft.Compute/locations/eastus/operations/71a452a7-924b-4363-a2e9-2336dba5b4cf?p=54253b73-cb53-496f-ab42-5e5ee19426f8\u0026api-version=2022-03-01",
      "RequestMethod": "GET",
      "RequestHeaders": {
        "Accept": "*/*",
        "Accept-Encoding": "gzip, deflate",
        "Connection": "keep-alive",
        "User-Agent": "azsdk-python-azure-mgmt-compute/27.0.0 Python/3.8.12 (Linux-5.13.0-1022-azure-x86_64-with-glibc2.2.5) VSTS_0fb41ef4-5012-48a9-bf39-4ee3de03ee35_build_2500_0"
      },
      "RequestBody": null,
      "StatusCode": 200,
      "ResponseHeaders": {
        "Cache-Control": "no-cache",
        "Content-Encoding": "gzip",
        "Content-Type": "application/json; charset=utf-8",
        "Date": "Tue, 17 May 2022 06:55:55 GMT",
        "Expires": "-1",
        "Pragma": "no-cache",
        "Server": [
          "Microsoft-HTTPAPI/2.0",
          "Microsoft-HTTPAPI/2.0"
        ],
        "Strict-Transport-Security": "max-age=31536000; includeSubDomains",
        "Transfer-Encoding": "chunked",
        "Vary": "Accept-Encoding",
        "X-Content-Type-Options": "nosniff",
        "x-ms-correlation-request-id": "1a309388-2bbf-444e-bdfd-3fac4c1cdd2c",
        "x-ms-ratelimit-remaining-resource": "Microsoft.Compute/GetOperation3Min;14997,Microsoft.Compute/GetOperation30Min;29994",
        "x-ms-ratelimit-remaining-subscription-reads": "11976",
        "x-ms-routing-request-id": "EASTUS2:20220517T065556Z:1a309388-2bbf-444e-bdfd-3fac4c1cdd2c"
      },
      "ResponseBody": {
        "startTime": "2022-05-17T06:55:25.9992135\u002B00:00",
        "endTime": "2022-05-17T06:55:31.0773653\u002B00:00",
        "status": "Succeeded",
        "name": "71a452a7-924b-4363-a2e9-2336dba5b4cf"
      }
    },
    {
      "RequestUri": "https://management.azure.com/subscriptions/00000000-0000-0000-0000-000000000000/resourceGroups/rgname/providers/Microsoft.Compute/images/imagexbc8e2966?api-version=2022-03-01",
      "RequestMethod": "GET",
      "RequestHeaders": {
        "Accept": "*/*",
        "Accept-Encoding": "gzip, deflate",
        "Connection": "keep-alive",
        "User-Agent": "azsdk-python-azure-mgmt-compute/27.0.0 Python/3.8.12 (Linux-5.13.0-1022-azure-x86_64-with-glibc2.2.5) VSTS_0fb41ef4-5012-48a9-bf39-4ee3de03ee35_build_2500_0"
      },
      "RequestBody": null,
      "StatusCode": 200,
      "ResponseHeaders": {
        "Cache-Control": "no-cache",
        "Content-Encoding": "gzip",
        "Content-Type": "application/json; charset=utf-8",
        "Date": "Tue, 17 May 2022 06:55:55 GMT",
        "Expires": "-1",
        "Pragma": "no-cache",
        "Server": [
          "Microsoft-HTTPAPI/2.0",
          "Microsoft-HTTPAPI/2.0"
        ],
        "Strict-Transport-Security": "max-age=31536000; includeSubDomains",
        "Transfer-Encoding": "chunked",
        "Vary": "Accept-Encoding",
        "X-Content-Type-Options": "nosniff",
        "x-ms-correlation-request-id": "ac1373f2-5935-4378-b699-0024720b8e9e",
        "x-ms-ratelimit-remaining-resource": "Microsoft.Compute/GetImages3Min;355,Microsoft.Compute/GetImages30Min;1795",
        "x-ms-ratelimit-remaining-subscription-reads": "11975",
        "x-ms-routing-request-id": "EASTUS2:20220517T065556Z:ac1373f2-5935-4378-b699-0024720b8e9e"
      },
      "ResponseBody": {
        "name": "imagexbc8e2966",
        "id": "/subscriptions/00000000-0000-0000-0000-000000000000/resourceGroups/rgname/providers/Microsoft.Compute/images/imagexbc8e2966",
        "type": "Microsoft.Compute/images",
        "location": "eastus",
        "tags": {
          "department": "HR"
        },
        "properties": {
          "storageProfile": {
            "osDisk": {
              "osType": "Linux",
              "osState": "Generalized",
              "diskSizeGB": 200,
              "snapshot": {
                "id": "/subscriptions/00000000-0000-0000-0000-000000000000/resourceGroups/rgname/providers/Microsoft.Compute/snapshots/snapshotxbc8e2966"
              },
              "caching": "None",
              "storageAccountType": "Standard_LRS"
            },
            "dataDisks": [],
            "zoneResilient": false
          },
          "provisioningState": "Succeeded",
          "hyperVGeneration": "V1"
        }
      }
    },
    {
      "RequestUri": "https://management.azure.com/subscriptions/00000000-0000-0000-0000-000000000000/resourceGroups/rgname/providers/Microsoft.Compute/snapshots/snapshotxbc8e2966?api-version=2021-12-01",
      "RequestMethod": "PATCH",
      "RequestHeaders": {
        "Accept": "application/json",
        "Accept-Encoding": "gzip, deflate",
        "Connection": "keep-alive",
        "Content-Length": "2",
        "Content-Type": "application/json",
        "User-Agent": "azsdk-python-azure-mgmt-compute/27.0.0 Python/3.8.12 (Linux-5.13.0-1022-azure-x86_64-with-glibc2.2.5) VSTS_0fb41ef4-5012-48a9-bf39-4ee3de03ee35_build_2500_0"
      },
      "RequestBody": {},
      "StatusCode": 202,
      "ResponseHeaders": {
        "Azure-AsyncOperation": "https://management.azure.com/subscriptions/00000000-0000-0000-0000-000000000000/providers/Microsoft.Compute/locations/eastus/DiskOperations/22e617b4-cd1d-4b13-b4c3-b7276fe307cd?p=36ee1309-094c-4cec-b989-37cf5e794c1b\u0026api-version=2021-12-01",
        "Cache-Control": "no-cache",
        "Content-Length": "552",
        "Content-Type": "application/json; charset=utf-8",
        "Date": "Tue, 17 May 2022 06:55:56 GMT",
        "Expires": "-1",
        "Location": "https://management.azure.com/subscriptions/00000000-0000-0000-0000-000000000000/providers/Microsoft.Compute/locations/eastus/DiskOperations/22e617b4-cd1d-4b13-b4c3-b7276fe307cd?p=36ee1309-094c-4cec-b989-37cf5e794c1b\u0026monitor=true\u0026api-version=2021-12-01",
        "Pragma": "no-cache",
        "Retry-After": "2",
        "Server": [
          "Microsoft-HTTPAPI/2.0",
          "Microsoft-HTTPAPI/2.0"
        ],
        "Strict-Transport-Security": "max-age=31536000; includeSubDomains",
        "X-Content-Type-Options": "nosniff",
        "x-ms-correlation-request-id": "966cb6da-0cb9-4497-8c5a-ebc7ffb5bc90",
        "x-ms-ratelimit-remaining-resource": "Microsoft.Compute/CreateUpdateDisks3Min;996,Microsoft.Compute/CreateUpdateDisks30Min;7996",
        "x-ms-ratelimit-remaining-subscription-writes": "1188",
        "x-ms-routing-request-id": "EASTUS2:20220517T065556Z:966cb6da-0cb9-4497-8c5a-ebc7ffb5bc90",
        "x-ms-served-by": "36ee1309-094c-4cec-b989-37cf5e794c1b_132859865487696592"
      },
      "ResponseBody": {
        "location": "eastus",
        "sku": {
          "name": "Standard_LRS",
          "tier": "Standard"
        },
        "properties": {
          "creationData": {
            "createOption": "Copy",
            "sourceResourceId": "/subscriptions/00000000-0000-0000-0000-000000000000/resourceGroups/rgname/providers/Microsoft.Compute/disks/disknamexbc8e2966",
            "sourceUniqueId": "60a57be6-81f5-4a23-9a4e-844f831a2f50"
          },
          "diskSizeGB": 200,
          "provisioningState": "Updating",
          "isArmResource": true,
          "colocationConstraints": {},
          "faultDomain": 0
        }
      }
    },
    {
      "RequestUri": "https://management.azure.com/subscriptions/00000000-0000-0000-0000-000000000000/providers/Microsoft.Compute/locations/eastus/DiskOperations/22e617b4-cd1d-4b13-b4c3-b7276fe307cd?p=36ee1309-094c-4cec-b989-37cf5e794c1b\u0026api-version=2021-12-01",
      "RequestMethod": "GET",
      "RequestHeaders": {
        "Accept": "*/*",
        "Accept-Encoding": "gzip, deflate",
        "Connection": "keep-alive",
        "User-Agent": "azsdk-python-azure-mgmt-compute/27.0.0 Python/3.8.12 (Linux-5.13.0-1022-azure-x86_64-with-glibc2.2.5) VSTS_0fb41ef4-5012-48a9-bf39-4ee3de03ee35_build_2500_0"
      },
      "RequestBody": null,
      "StatusCode": 200,
      "ResponseHeaders": {
        "Cache-Control": "no-cache",
        "Content-Encoding": "gzip",
        "Content-Type": "application/json; charset=utf-8",
        "Date": "Tue, 17 May 2022 06:55:58 GMT",
        "Expires": "-1",
        "Pragma": "no-cache",
        "Server": [
          "Microsoft-HTTPAPI/2.0",
          "Microsoft-HTTPAPI/2.0"
        ],
        "Strict-Transport-Security": "max-age=31536000; includeSubDomains",
        "Transfer-Encoding": "chunked",
        "Vary": "Accept-Encoding",
        "X-Content-Type-Options": "nosniff",
        "x-ms-correlation-request-id": "77bcabe2-6963-47f2-9da0-03cef823f3d7",
        "x-ms-ratelimit-remaining-resource": "Microsoft.Compute/GetOperation3Min;49980,Microsoft.Compute/GetOperation30Min;399980",
        "x-ms-ratelimit-remaining-subscription-reads": "11974",
        "x-ms-routing-request-id": "EASTUS2:20220517T065558Z:77bcabe2-6963-47f2-9da0-03cef823f3d7",
        "x-ms-served-by": "36ee1309-094c-4cec-b989-37cf5e794c1b_132859865487696592"
      },
      "ResponseBody": {
        "startTime": "2022-05-17T06:55:56.3457189\u002B00:00",
        "endTime": "2022-05-17T06:55:56.470701\u002B00:00",
        "status": "Succeeded",
        "properties": {
          "output": {
            "name": "snapshotxbc8e2966",
            "id": "/subscriptions/00000000-0000-0000-0000-000000000000/resourceGroups/rgname/providers/Microsoft.Compute/snapshots/snapshotxbc8e2966",
            "type": "Microsoft.Compute/snapshots",
            "location": "eastus",
            "sku": {
              "name": "Standard_LRS",
              "tier": "Standard"
            },
            "properties": {
              "creationData": {
                "createOption": "Copy",
                "sourceResourceId": "/subscriptions/00000000-0000-0000-0000-000000000000/resourceGroups/rgname/providers/Microsoft.Compute/disks/disknamexbc8e2966",
                "sourceUniqueId": "60a57be6-81f5-4a23-9a4e-844f831a2f50"
              },
              "diskSizeGB": 200,
              "encryption": {
                "type": "EncryptionAtRestWithPlatformKey"
              },
              "incremental": false,
              "networkAccessPolicy": "AllowAll",
              "publicNetworkAccess": "Enabled",
              "timeCreated": "2022-05-17T06:54:53.1735647\u002B00:00",
              "provisioningState": "Succeeded",
              "diskState": "Unattached",
              "diskSizeBytes": 214748364800,
              "uniqueId": "4c0446d4-02b9-4e39-bc03-a9028be4514e"
            }
          }
        },
        "name": "22e617b4-cd1d-4b13-b4c3-b7276fe307cd"
      }
    },
    {
      "RequestUri": "https://management.azure.com/subscriptions/00000000-0000-0000-0000-000000000000/resourceGroups/rgname/providers/Microsoft.Compute/snapshots/snapshotxbc8e2966?api-version=2021-12-01",
      "RequestMethod": "GET",
      "RequestHeaders": {
        "Accept": "*/*",
        "Accept-Encoding": "gzip, deflate",
        "Connection": "keep-alive",
        "User-Agent": "azsdk-python-azure-mgmt-compute/27.0.0 Python/3.8.12 (Linux-5.13.0-1022-azure-x86_64-with-glibc2.2.5) VSTS_0fb41ef4-5012-48a9-bf39-4ee3de03ee35_build_2500_0"
      },
      "RequestBody": null,
      "StatusCode": 200,
      "ResponseHeaders": {
        "Cache-Control": "no-cache",
        "Content-Encoding": "gzip",
        "Content-Type": "application/json; charset=utf-8",
        "Date": "Tue, 17 May 2022 06:55:58 GMT",
        "Expires": "-1",
        "Pragma": "no-cache",
        "Server": [
          "Microsoft-HTTPAPI/2.0",
          "Microsoft-HTTPAPI/2.0"
        ],
        "Strict-Transport-Security": "max-age=31536000; includeSubDomains",
        "Transfer-Encoding": "chunked",
        "Vary": "Accept-Encoding",
        "X-Content-Type-Options": "nosniff",
        "x-ms-correlation-request-id": "9d92e06d-b95b-4363-a23b-8a083e887f0a",
        "x-ms-ratelimit-remaining-resource": "Microsoft.Compute/LowCostGet3Min;14980,Microsoft.Compute/LowCostGet30Min;119950",
        "x-ms-ratelimit-remaining-subscription-reads": "11973",
        "x-ms-routing-request-id": "EASTUS2:20220517T065558Z:9d92e06d-b95b-4363-a23b-8a083e887f0a",
        "x-ms-served-by": "36ee1309-094c-4cec-b989-37cf5e794c1b_132859865487696592"
      },
      "ResponseBody": {
        "name": "snapshotxbc8e2966",
        "id": "/subscriptions/00000000-0000-0000-0000-000000000000/resourceGroups/rgname/providers/Microsoft.Compute/snapshots/snapshotxbc8e2966",
        "type": "Microsoft.Compute/snapshots",
        "location": "eastus",
        "sku": {
          "name": "Standard_LRS",
          "tier": "Standard"
        },
        "properties": {
          "creationData": {
            "createOption": "Copy",
            "sourceResourceId": "/subscriptions/00000000-0000-0000-0000-000000000000/resourceGroups/rgname/providers/Microsoft.Compute/disks/disknamexbc8e2966",
            "sourceUniqueId": "60a57be6-81f5-4a23-9a4e-844f831a2f50"
          },
          "diskSizeGB": 200,
          "encryption": {
            "type": "EncryptionAtRestWithPlatformKey"
          },
          "incremental": false,
          "networkAccessPolicy": "AllowAll",
          "publicNetworkAccess": "Enabled",
          "timeCreated": "2022-05-17T06:54:53.1735647\u002B00:00",
          "provisioningState": "Succeeded",
          "diskState": "Unattached",
          "diskSizeBytes": 214748364800,
          "uniqueId": "4c0446d4-02b9-4e39-bc03-a9028be4514e"
        }
      }
    },
    {
      "RequestUri": "https://management.azure.com/subscriptions/00000000-0000-0000-0000-000000000000/resourceGroups/rgname/providers/Microsoft.Compute/snapshots/snapshotxbc8e2966/beginGetAccess?api-version=2021-12-01",
      "RequestMethod": "POST",
      "RequestHeaders": {
        "Accept": "application/json",
        "Accept-Encoding": "gzip, deflate",
        "Connection": "keep-alive",
        "Content-Length": "45",
        "Content-Type": "application/json",
        "User-Agent": "azsdk-python-azure-mgmt-compute/27.0.0 Python/3.8.12 (Linux-5.13.0-1022-azure-x86_64-with-glibc2.2.5) VSTS_0fb41ef4-5012-48a9-bf39-4ee3de03ee35_build_2500_0"
      },
      "RequestBody": {
        "access": "Read",
        "durationInSeconds": 1800
      },
      "StatusCode": 202,
      "ResponseHeaders": {
        "Azure-AsyncOperation": "https://management.azure.com/subscriptions/00000000-0000-0000-0000-000000000000/providers/Microsoft.Compute/locations/eastus/DiskOperations/dde6bdd8-f3a5-4e08-ad9a-1c487a384a8e?p=36ee1309-094c-4cec-b989-37cf5e794c1b\u0026api-version=2021-12-01",
        "Cache-Control": "no-cache",
        "Content-Length": "0",
        "Date": "Tue, 17 May 2022 06:55:58 GMT",
        "Expires": "-1",
        "Location": "https://management.azure.com/subscriptions/00000000-0000-0000-0000-000000000000/providers/Microsoft.Compute/locations/eastus/DiskOperations/dde6bdd8-f3a5-4e08-ad9a-1c487a384a8e?p=36ee1309-094c-4cec-b989-37cf5e794c1b\u0026monitor=true\u0026api-version=2021-12-01",
        "Pragma": "no-cache",
        "Server": [
          "Microsoft-HTTPAPI/2.0",
          "Microsoft-HTTPAPI/2.0"
        ],
        "Strict-Transport-Security": "max-age=31536000; includeSubDomains",
        "X-Content-Type-Options": "nosniff",
        "x-ms-correlation-request-id": "76691e63-cfdb-4f4a-88d2-2407c7848da6",
        "x-ms-ratelimit-remaining-resource": "Microsoft.Compute/HighCostSnapshotCreateHydrate3Min;998,Microsoft.Compute/HighCostSnapshotCreateHydrate30Min;7998",
        "x-ms-ratelimit-remaining-subscription-writes": "1195",
        "x-ms-routing-request-id": "EASTUS2:20220517T065558Z:76691e63-cfdb-4f4a-88d2-2407c7848da6",
        "x-ms-served-by": "36ee1309-094c-4cec-b989-37cf5e794c1b_132859865487696592"
      },
      "ResponseBody": null
    },
    {
      "RequestUri": "https://management.azure.com/subscriptions/00000000-0000-0000-0000-000000000000/providers/Microsoft.Compute/locations/eastus/DiskOperations/dde6bdd8-f3a5-4e08-ad9a-1c487a384a8e?p=36ee1309-094c-4cec-b989-37cf5e794c1b\u0026api-version=2021-12-01",
      "RequestMethod": "GET",
      "RequestHeaders": {
        "Accept": "*/*",
        "Accept-Encoding": "gzip, deflate",
        "Connection": "keep-alive",
        "User-Agent": "azsdk-python-azure-mgmt-compute/27.0.0 Python/3.8.12 (Linux-5.13.0-1022-azure-x86_64-with-glibc2.2.5) VSTS_0fb41ef4-5012-48a9-bf39-4ee3de03ee35_build_2500_0"
      },
      "RequestBody": null,
      "StatusCode": 200,
      "ResponseHeaders": {
        "Cache-Control": "no-cache",
        "Content-Encoding": "gzip",
        "Content-Type": "application/json; charset=utf-8",
        "Date": "Tue, 17 May 2022 06:56:27 GMT",
        "Expires": "-1",
        "Pragma": "no-cache",
        "Server": [
          "Microsoft-HTTPAPI/2.0",
          "Microsoft-HTTPAPI/2.0"
        ],
        "Strict-Transport-Security": "max-age=31536000; includeSubDomains",
        "Transfer-Encoding": "chunked",
        "Vary": "Accept-Encoding",
        "X-Content-Type-Options": "nosniff",
        "x-ms-correlation-request-id": "15aa80e2-3450-471e-98ac-719cbcab1efe",
        "x-ms-ratelimit-remaining-resource": "Microsoft.Compute/GetOperation3Min;49981,Microsoft.Compute/GetOperation30Min;399978",
        "x-ms-ratelimit-remaining-subscription-reads": "11972",
        "x-ms-routing-request-id": "EASTUS2:20220517T065628Z:15aa80e2-3450-471e-98ac-719cbcab1efe",
        "x-ms-served-by": "36ee1309-094c-4cec-b989-37cf5e794c1b_132859865487696592"
      },
      "ResponseBody": {
        "startTime": "2022-05-17T06:55:58.5488103\u002B00:00",
        "endTime": "2022-05-17T06:55:58.720726\u002B00:00",
        "status": "Succeeded",
        "properties": {
          "output": {
            "accessSAS": "accessSAS"
          }
        },
        "name": "dde6bdd8-f3a5-4e08-ad9a-1c487a384a8e"
      }
    },
    {
      "RequestUri": "https://management.azure.com/subscriptions/00000000-0000-0000-0000-000000000000/providers/Microsoft.Compute/locations/eastus/DiskOperations/dde6bdd8-f3a5-4e08-ad9a-1c487a384a8e?p=36ee1309-094c-4cec-b989-37cf5e794c1b\u0026monitor=true\u0026api-version=2021-12-01",
      "RequestMethod": "GET",
      "RequestHeaders": {
        "Accept": "*/*",
        "Accept-Encoding": "gzip, deflate",
        "Connection": "keep-alive",
        "User-Agent": "azsdk-python-azure-mgmt-compute/27.0.0 Python/3.8.12 (Linux-5.13.0-1022-azure-x86_64-with-glibc2.2.5) VSTS_0fb41ef4-5012-48a9-bf39-4ee3de03ee35_build_2500_0"
      },
      "RequestBody": null,
      "StatusCode": 200,
      "ResponseHeaders": {
        "Cache-Control": "no-cache",
        "Content-Encoding": "gzip",
        "Content-Type": "application/json; charset=utf-8",
        "Date": "Tue, 17 May 2022 06:56:27 GMT",
        "Expires": "-1",
        "Pragma": "no-cache",
        "Server": [
          "Microsoft-HTTPAPI/2.0",
          "Microsoft-HTTPAPI/2.0"
        ],
        "Strict-Transport-Security": "max-age=31536000; includeSubDomains",
        "Transfer-Encoding": "chunked",
        "Vary": "Accept-Encoding",
        "X-Content-Type-Options": "nosniff",
        "x-ms-correlation-request-id": "350bd049-0a78-4511-b6b0-c743e6bdaef4",
        "x-ms-ratelimit-remaining-resource": "Microsoft.Compute/GetOperation3Min;49980,Microsoft.Compute/GetOperation30Min;399977",
        "x-ms-ratelimit-remaining-subscription-reads": "11971",
        "x-ms-routing-request-id": "EASTUS2:20220517T065628Z:350bd049-0a78-4511-b6b0-c743e6bdaef4",
        "x-ms-served-by": "36ee1309-094c-4cec-b989-37cf5e794c1b_132859865487696592"
      },
      "ResponseBody": {
        "accessSAS": "accessSAS"
      }
    },
    {
      "RequestUri": "https://management.azure.com/subscriptions/00000000-0000-0000-0000-000000000000/resourceGroups/rgname/providers/Microsoft.Compute/snapshots/snapshotxbc8e2966/endGetAccess?api-version=2021-12-01",
      "RequestMethod": "POST",
      "RequestHeaders": {
        "Accept": "*/*",
        "Accept-Encoding": "gzip, deflate",
        "Connection": "keep-alive",
        "Content-Length": "0",
        "User-Agent": "azsdk-python-azure-mgmt-compute/27.0.0 Python/3.8.12 (Linux-5.13.0-1022-azure-x86_64-with-glibc2.2.5) VSTS_0fb41ef4-5012-48a9-bf39-4ee3de03ee35_build_2500_0"
      },
      "RequestBody": null,
      "StatusCode": 202,
      "ResponseHeaders": {
        "Azure-AsyncOperation": "https://management.azure.com/subscriptions/00000000-0000-0000-0000-000000000000/providers/Microsoft.Compute/locations/eastus/DiskOperations/1f9ce083-1198-4f99-9976-8d4b55203ff3?p=36ee1309-094c-4cec-b989-37cf5e794c1b\u0026api-version=2021-12-01",
        "Cache-Control": "no-cache",
        "Content-Length": "0",
        "Date": "Tue, 17 May 2022 06:56:27 GMT",
        "Expires": "-1",
        "Location": "https://management.azure.com/subscriptions/00000000-0000-0000-0000-000000000000/providers/Microsoft.Compute/locations/eastus/DiskOperations/1f9ce083-1198-4f99-9976-8d4b55203ff3?p=36ee1309-094c-4cec-b989-37cf5e794c1b\u0026monitor=true\u0026api-version=2021-12-01",
        "Pragma": "no-cache",
        "Server": [
          "Microsoft-HTTPAPI/2.0",
          "Microsoft-HTTPAPI/2.0"
        ],
        "Strict-Transport-Security": "max-age=31536000; includeSubDomains",
        "X-Content-Type-Options": "nosniff",
        "x-ms-correlation-request-id": "805f4c6d-f7e8-452d-91f0-be90c8388e6b",
        "x-ms-ratelimit-remaining-resource": "Microsoft.Compute/HighCostSnapshotCreateHydrate3Min;997,Microsoft.Compute/HighCostSnapshotCreateHydrate30Min;7997",
        "x-ms-ratelimit-remaining-subscription-writes": "1194",
        "x-ms-routing-request-id": "EASTUS2:20220517T065628Z:805f4c6d-f7e8-452d-91f0-be90c8388e6b",
        "x-ms-served-by": "36ee1309-094c-4cec-b989-37cf5e794c1b_132859865487696592"
      },
      "ResponseBody": null
    },
    {
      "RequestUri": "https://management.azure.com/subscriptions/00000000-0000-0000-0000-000000000000/providers/Microsoft.Compute/locations/eastus/DiskOperations/1f9ce083-1198-4f99-9976-8d4b55203ff3?p=36ee1309-094c-4cec-b989-37cf5e794c1b\u0026api-version=2021-12-01",
      "RequestMethod": "GET",
      "RequestHeaders": {
        "Accept": "*/*",
        "Accept-Encoding": "gzip, deflate",
        "Connection": "keep-alive",
        "User-Agent": "azsdk-python-azure-mgmt-compute/27.0.0 Python/3.8.12 (Linux-5.13.0-1022-azure-x86_64-with-glibc2.2.5) VSTS_0fb41ef4-5012-48a9-bf39-4ee3de03ee35_build_2500_0"
      },
      "RequestBody": null,
      "StatusCode": 200,
      "ResponseHeaders": {
        "Cache-Control": "no-cache",
        "Content-Encoding": "gzip",
        "Content-Type": "application/json; charset=utf-8",
        "Date": "Tue, 17 May 2022 06:56:58 GMT",
        "Expires": "-1",
        "Pragma": "no-cache",
        "Server": [
          "Microsoft-HTTPAPI/2.0",
          "Microsoft-HTTPAPI/2.0"
        ],
        "Strict-Transport-Security": "max-age=31536000; includeSubDomains",
        "Transfer-Encoding": "chunked",
        "Vary": "Accept-Encoding",
        "X-Content-Type-Options": "nosniff",
        "x-ms-correlation-request-id": "c4b7793c-9d80-4325-a731-07710687fcc6",
        "x-ms-ratelimit-remaining-resource": "Microsoft.Compute/GetOperation3Min;49981,Microsoft.Compute/GetOperation30Min;399975",
        "x-ms-ratelimit-remaining-subscription-reads": "11970",
        "x-ms-routing-request-id": "EASTUS2:20220517T065658Z:c4b7793c-9d80-4325-a731-07710687fcc6",
        "x-ms-served-by": "36ee1309-094c-4cec-b989-37cf5e794c1b_132859865487696592"
      },
      "ResponseBody": {
        "startTime": "2022-05-17T06:56:28.7831881\u002B00:00",
        "endTime": "2022-05-17T06:56:28.9394537\u002B00:00",
        "status": "Succeeded",
        "name": "1f9ce083-1198-4f99-9976-8d4b55203ff3"
      }
    },
    {
      "RequestUri": "https://management.azure.com/subscriptions/00000000-0000-0000-0000-000000000000/providers/Microsoft.Compute/locations/eastus/DiskOperations/1f9ce083-1198-4f99-9976-8d4b55203ff3?p=36ee1309-094c-4cec-b989-37cf5e794c1b\u0026monitor=true\u0026api-version=2021-12-01",
      "RequestMethod": "GET",
      "RequestHeaders": {
        "Accept": "*/*",
        "Accept-Encoding": "gzip, deflate",
        "Connection": "keep-alive",
        "User-Agent": "azsdk-python-azure-mgmt-compute/27.0.0 Python/3.8.12 (Linux-5.13.0-1022-azure-x86_64-with-glibc2.2.5) VSTS_0fb41ef4-5012-48a9-bf39-4ee3de03ee35_build_2500_0"
      },
      "RequestBody": null,
      "StatusCode": 200,
      "ResponseHeaders": {
        "Cache-Control": "no-cache",
        "Content-Length": "0",
        "Date": "Tue, 17 May 2022 06:56:58 GMT",
        "Expires": "-1",
        "Pragma": "no-cache",
        "Server": [
          "Microsoft-HTTPAPI/2.0",
          "Microsoft-HTTPAPI/2.0"
        ],
        "Strict-Transport-Security": "max-age=31536000; includeSubDomains",
        "X-Content-Type-Options": "nosniff",
        "x-ms-correlation-request-id": "77db53ba-04e7-48b9-b921-7ebf9fde7e9f",
        "x-ms-ratelimit-remaining-resource": "Microsoft.Compute/GetOperation3Min;49980,Microsoft.Compute/GetOperation30Min;399974",
        "x-ms-ratelimit-remaining-subscription-reads": "11969",
        "x-ms-routing-request-id": "EASTUS2:20220517T065658Z:77db53ba-04e7-48b9-b921-7ebf9fde7e9f",
        "x-ms-served-by": "36ee1309-094c-4cec-b989-37cf5e794c1b_132859865487696592"
      },
      "ResponseBody": null
    },
    {
      "RequestUri": "https://management.azure.com/subscriptions/00000000-0000-0000-0000-000000000000/resourceGroups/rgname/providers/Microsoft.Compute/images/imagexbc8e2966?api-version=2022-03-01",
      "RequestMethod": "DELETE",
      "RequestHeaders": {
        "Accept": "application/json",
        "Accept-Encoding": "gzip, deflate",
        "Connection": "keep-alive",
        "Content-Length": "0",
        "User-Agent": "azsdk-python-azure-mgmt-compute/27.0.0 Python/3.8.12 (Linux-5.13.0-1022-azure-x86_64-with-glibc2.2.5) VSTS_0fb41ef4-5012-48a9-bf39-4ee3de03ee35_build_2500_0"
      },
      "RequestBody": null,
      "StatusCode": 202,
      "ResponseHeaders": {
        "Azure-AsyncNotification": "Enabled",
        "Azure-AsyncOperation": "https://management.azure.com/subscriptions/00000000-0000-0000-0000-000000000000/providers/Microsoft.Compute/locations/eastus/operations/bbf15261-70a8-46a9-ab21-ad8447244926?p=54253b73-cb53-496f-ab42-5e5ee19426f8\u0026api-version=2022-03-01",
        "Cache-Control": "no-cache",
        "Content-Length": "0",
        "Date": "Tue, 17 May 2022 06:56:58 GMT",
        "Expires": "-1",
        "Location": "https://management.azure.com/subscriptions/00000000-0000-0000-0000-000000000000/providers/Microsoft.Compute/locations/eastus/operations/bbf15261-70a8-46a9-ab21-ad8447244926?p=54253b73-cb53-496f-ab42-5e5ee19426f8\u0026monitor=true\u0026api-version=2022-03-01",
        "Pragma": "no-cache",
        "Server": [
          "Microsoft-HTTPAPI/2.0",
          "Microsoft-HTTPAPI/2.0"
        ],
        "Strict-Transport-Security": "max-age=31536000; includeSubDomains",
        "X-Content-Type-Options": "nosniff",
        "x-ms-correlation-request-id": "6414ddb8-0196-45bd-bf4b-ededb30bae4f",
        "x-ms-ratelimit-remaining-resource": "Microsoft.Compute/DeleteImages3Min;119,Microsoft.Compute/DeleteImages30Min;599",
        "x-ms-ratelimit-remaining-subscription-deletes": "14996",
        "x-ms-routing-request-id": "EASTUS2:20220517T065659Z:6414ddb8-0196-45bd-bf4b-ededb30bae4f"
      },
      "ResponseBody": null
    },
    {
      "RequestUri": "https://management.azure.com/subscriptions/00000000-0000-0000-0000-000000000000/providers/Microsoft.Compute/locations/eastus/operations/bbf15261-70a8-46a9-ab21-ad8447244926?p=54253b73-cb53-496f-ab42-5e5ee19426f8\u0026api-version=2022-03-01",
      "RequestMethod": "GET",
      "RequestHeaders": {
        "Accept": "*/*",
        "Accept-Encoding": "gzip, deflate",
        "Connection": "keep-alive",
        "User-Agent": "azsdk-python-azure-mgmt-compute/27.0.0 Python/3.8.12 (Linux-5.13.0-1022-azure-x86_64-with-glibc2.2.5) VSTS_0fb41ef4-5012-48a9-bf39-4ee3de03ee35_build_2500_0"
      },
      "RequestBody": null,
      "StatusCode": 200,
      "ResponseHeaders": {
        "Cache-Control": "no-cache",
        "Content-Encoding": "gzip",
        "Content-Type": "application/json; charset=utf-8",
        "Date": "Tue, 17 May 2022 06:57:28 GMT",
        "Expires": "-1",
        "Pragma": "no-cache",
        "Server": [
          "Microsoft-HTTPAPI/2.0",
          "Microsoft-HTTPAPI/2.0"
        ],
        "Strict-Transport-Security": "max-age=31536000; includeSubDomains",
        "Transfer-Encoding": "chunked",
        "Vary": "Accept-Encoding",
        "X-Content-Type-Options": "nosniff",
        "x-ms-correlation-request-id": "e65b8343-36d8-42ec-91e2-caa1c06a480c",
        "x-ms-ratelimit-remaining-resource": "Microsoft.Compute/GetOperation3Min;14995,Microsoft.Compute/GetOperation30Min;29991",
        "x-ms-ratelimit-remaining-subscription-reads": "11968",
        "x-ms-routing-request-id": "EASTUS2:20220517T065729Z:e65b8343-36d8-42ec-91e2-caa1c06a480c"
      },
      "ResponseBody": {
        "startTime": "2022-05-17T06:56:59.1560197\u002B00:00",
        "endTime": "2022-05-17T06:57:04.2653846\u002B00:00",
        "status": "Succeeded",
        "name": "bbf15261-70a8-46a9-ab21-ad8447244926"
      }
    },
    {
      "RequestUri": "https://management.azure.com/subscriptions/00000000-0000-0000-0000-000000000000/resourceGroups/rgname/providers/Microsoft.Compute/snapshots/snapshotxbc8e2966?api-version=2021-12-01",
      "RequestMethod": "DELETE",
      "RequestHeaders": {
        "Accept": "*/*",
        "Accept-Encoding": "gzip, deflate",
        "Connection": "keep-alive",
        "Content-Length": "0",
        "User-Agent": "azsdk-python-azure-mgmt-compute/27.0.0 Python/3.8.12 (Linux-5.13.0-1022-azure-x86_64-with-glibc2.2.5) VSTS_0fb41ef4-5012-48a9-bf39-4ee3de03ee35_build_2500_0"
      },
      "RequestBody": null,
      "StatusCode": 202,
      "ResponseHeaders": {
        "Azure-AsyncOperation": "https://management.azure.com/subscriptions/00000000-0000-0000-0000-000000000000/providers/Microsoft.Compute/locations/eastus/DiskOperations/fdc020c9-79bc-4924-b01c-e32b9b39bfb7?p=36ee1309-094c-4cec-b989-37cf5e794c1b\u0026api-version=2021-12-01",
        "Cache-Control": "no-cache",
        "Content-Length": "0",
        "Date": "Tue, 17 May 2022 06:57:28 GMT",
        "Expires": "-1",
        "Location": "https://management.azure.com/subscriptions/00000000-0000-0000-0000-000000000000/providers/Microsoft.Compute/locations/eastus/DiskOperations/fdc020c9-79bc-4924-b01c-e32b9b39bfb7?p=36ee1309-094c-4cec-b989-37cf5e794c1b\u0026monitor=true\u0026api-version=2021-12-01",
        "Pragma": "no-cache",
        "Server": [
          "Microsoft-HTTPAPI/2.0",
          "Microsoft-HTTPAPI/2.0"
        ],
        "Strict-Transport-Security": "max-age=31536000; includeSubDomains",
        "X-Content-Type-Options": "nosniff",
        "x-ms-correlation-request-id": "7e959b57-dc84-4365-900b-f4e037e5c468",
        "x-ms-ratelimit-remaining-resource": "Microsoft.Compute/DeleteDisks3Min;2999,Microsoft.Compute/DeleteDisks30Min;23998",
        "x-ms-ratelimit-remaining-subscription-deletes": "14995",
        "x-ms-routing-request-id": "EASTUS2:20220517T065729Z:7e959b57-dc84-4365-900b-f4e037e5c468",
        "x-ms-served-by": "36ee1309-094c-4cec-b989-37cf5e794c1b_132859865487696592"
      },
      "ResponseBody": null
    },
    {
      "RequestUri": "https://management.azure.com/subscriptions/00000000-0000-0000-0000-000000000000/providers/Microsoft.Compute/locations/eastus/DiskOperations/fdc020c9-79bc-4924-b01c-e32b9b39bfb7?p=36ee1309-094c-4cec-b989-37cf5e794c1b\u0026api-version=2021-12-01",
      "RequestMethod": "GET",
      "RequestHeaders": {
        "Accept": "*/*",
        "Accept-Encoding": "gzip, deflate",
        "Connection": "keep-alive",
        "User-Agent": "azsdk-python-azure-mgmt-compute/27.0.0 Python/3.8.12 (Linux-5.13.0-1022-azure-x86_64-with-glibc2.2.5) VSTS_0fb41ef4-5012-48a9-bf39-4ee3de03ee35_build_2500_0"
      },
      "RequestBody": null,
      "StatusCode": 200,
      "ResponseHeaders": {
        "Cache-Control": "no-cache",
        "Content-Encoding": "gzip",
        "Content-Type": "application/json; charset=utf-8",
        "Date": "Tue, 17 May 2022 06:57:58 GMT",
        "Expires": "-1",
        "Pragma": "no-cache",
        "Server": [
          "Microsoft-HTTPAPI/2.0",
          "Microsoft-HTTPAPI/2.0"
        ],
        "Strict-Transport-Security": "max-age=31536000; includeSubDomains",
        "Transfer-Encoding": "chunked",
        "Vary": "Accept-Encoding",
        "X-Content-Type-Options": "nosniff",
        "x-ms-correlation-request-id": "d3724a48-c3d5-4e33-aef8-f21c86f09e50",
        "x-ms-ratelimit-remaining-resource": "Microsoft.Compute/GetOperation3Min;49986,Microsoft.Compute/GetOperation30Min;399970",
        "x-ms-ratelimit-remaining-subscription-reads": "11967",
        "x-ms-routing-request-id": "EASTUS2:20220517T065759Z:d3724a48-c3d5-4e33-aef8-f21c86f09e50",
        "x-ms-served-by": "36ee1309-094c-4cec-b989-37cf5e794c1b_132859865487696592"
      },
      "ResponseBody": {
        "startTime": "2022-05-17T06:57:29.3461473\u002B00:00",
        "endTime": "2022-05-17T06:57:29.5649432\u002B00:00",
        "status": "Succeeded",
        "name": "fdc020c9-79bc-4924-b01c-e32b9b39bfb7"
      }
    }
  ],
  "Variables": {}
}
