interactions:
- request:
    body: null
    headers:
      Accept:
      - application/json
      Accept-Encoding:
      - gzip, deflate
      Connection:
      - keep-alive
      Content-Length:
      - '0'
      Content-Type:
      - application/json
      User-Agent:
      - azsdk-python-communication-identity/1.3.2 Python/3.10.0 (Windows-10-10.0.22621-SP0)
      x-ms-date:
      - Thu, 13 Apr 2023 17:29:58 GMT
      x-ms-return-client-request-id:
      - 'true'
    method: POST
    uri: https://sanitized.communication.azure.com/identities?api-version=2022-10-01
  response:
    body:
      string: '{"identity":{"id":"8:acs:db75ed0c-e801-41a3-99a4-66a0a119a06c_00000018-1b8c-5e29-b688-094822007557"}}'
    headers:
      api-supported-versions:
      - 2020-07-20-preview2, 2021-02-22-preview1, 2021-03-07, 2021-10-31-preview,
        2021-11-01, 2022-06-01, 2022-10-01, 2023-08-01
      content-length:
      - '101'
      content-type:
      - application/json; charset=utf-8
      date:
      - Thu, 13 Apr 2023 17:29:58 GMT
      ms-cv:
      - ARrxCJLkn0m/B3mEpmB69w.0
      request-context:
      - appId=
      strict-transport-security:
      - max-age=2592000
      x-cache:
      - CONFIG_NOCACHE
      x-processing-time:
      - 18ms
    status:
      code: 201
      message: Created
- request:
    body: null
    headers:
      Accept:
      - application/json
      Accept-Encoding:
      - gzip, deflate
      Connection:
      - keep-alive
      Content-Length:
      - '0'
      Content-Type:
      - application/json
      User-Agent:
      - azsdk-python-communication-identity/1.3.2 Python/3.10.0 (Windows-10-10.0.22621-SP0)
      x-ms-date:
      - Thu, 13 Apr 2023 17:29:58 GMT
      x-ms-return-client-request-id:
      - 'true'
    method: POST
    uri: https://sanitized.communication.azure.com/identities?api-version=2022-10-01
  response:
    body:
      string: '{"identity":{"id":"8:acs:db75ed0c-e801-41a3-99a4-66a0a119a06c_00000018-1b8c-5e78-b688-094822007558"}}'
    headers:
      api-supported-versions:
      - 2020-07-20-preview2, 2021-02-22-preview1, 2021-03-07, 2021-10-31-preview,
        2021-11-01, 2022-06-01, 2022-10-01, 2023-08-01
      content-length:
      - '101'
      content-type:
      - application/json; charset=utf-8
      date:
      - Thu, 13 Apr 2023 17:29:58 GMT
      ms-cv:
      - +K6va3ilpUamIBXV0w6hRg.0
      request-context:
      - appId=
      strict-transport-security:
      - max-age=2592000
      x-cache:
      - CONFIG_NOCACHE
      x-processing-time:
      - 18ms
    status:
      code: 201
      message: Created
- request:
    body: null
    headers:
      Accept:
      - application/json
      Accept-Encoding:
      - gzip, deflate
      Connection:
      - keep-alive
      Content-Length:
      - '0'
      Content-Type:
      - application/json
      User-Agent:
      - azsdk-python-communication-identity/1.3.2 Python/3.10.0 (Windows-10-10.0.22621-SP0)
      x-ms-date:
      - Thu, 13 Apr 2023 17:29:58 GMT
      x-ms-return-client-request-id:
      - 'true'
    method: POST
    uri: https://sanitized.communication.azure.com/identities?api-version=2022-10-01
  response:
    body:
      string: '{"identity":{"id":"8:acs:db75ed0c-e801-41a3-99a4-66a0a119a06c_00000018-1b8c-5ec5-b688-094822007559"}}'
    headers:
      api-supported-versions:
      - 2020-07-20-preview2, 2021-02-22-preview1, 2021-03-07, 2021-10-31-preview,
        2021-11-01, 2022-06-01, 2022-10-01, 2023-08-01
      content-length:
      - '101'
      content-type:
      - application/json; charset=utf-8
      date:
      - Thu, 13 Apr 2023 17:29:58 GMT
      ms-cv:
      - CU86Xstx+kKMoYWZlEjlwA.0
      request-context:
      - appId=
      strict-transport-security:
      - max-age=2592000
      x-cache:
      - CONFIG_NOCACHE
      x-processing-time:
      - 18ms
    status:
      code: 201
      message: Created
- request:
    body: null
    headers:
      Accept:
      - application/json
      Accept-Encoding:
      - gzip, deflate
      Connection:
      - keep-alive
      Content-Length:
      - '0'
      Content-Type:
      - application/json
      User-Agent:
      - azsdk-python-communication-identity/1.3.2 Python/3.10.0 (Windows-10-10.0.22621-SP0)
      x-ms-date:
      - Thu, 13 Apr 2023 17:29:58 GMT
      x-ms-return-client-request-id:
      - 'true'
    method: POST
    uri: https://sanitized.communication.azure.com/identities?api-version=2022-10-01
  response:
    body:
      string: '{"identity":{"id":"8:acs:db75ed0c-e801-41a3-99a4-66a0a119a06c_00000018-1b8c-5f17-b688-09482200755a"}}'
    headers:
      api-supported-versions:
      - 2020-07-20-preview2, 2021-02-22-preview1, 2021-03-07, 2021-10-31-preview,
        2021-11-01, 2022-06-01, 2022-10-01, 2023-08-01
      content-length:
      - '101'
      content-type:
      - application/json; charset=utf-8
      date:
      - Thu, 13 Apr 2023 17:29:58 GMT
      ms-cv:
      - dXruburvSU2JoF0/GPDVQA.0
      request-context:
      - appId=
      strict-transport-security:
      - max-age=2592000
      x-cache:
      - CONFIG_NOCACHE
      x-processing-time:
      - 17ms
    status:
      code: 201
      message: Created
- request:
    body: '{"participants": {}}'
    headers:
      Accept:
      - application/json
      Content-Length:
      - '20'
      Content-Type:
      - application/json
      Repeatability-First-Sent:
      - Thu, 13 Apr 2023 17:29:58 GMT
      Repeatability-Request-ID:
      - d0505a02-da20-11ed-ae6f-e45e37e24f59
      User-Agent:
      - azsdk-python-communication-rooms/1.0.0b3 Python/3.10.0 (Windows-10-10.0.22621-SP0)
      x-ms-date:
      - Thu, 13 Apr 2023 17:29:58 GMT
      x-ms-return-client-request-id:
      - 'true'
    method: POST
    uri: https://sanitized.communication.azure.com/rooms?api-version=2023-03-31-preview
  response:
    body:
      string: '{"id":"99426678802403006","createdAt":"2023-04-13T17:29:59.6425607+00:00","validFrom":"2023-04-13T17:29:59.5792312+00:00","validUntil":"2023-10-10T17:29:59.5792312+00:00"}'
    headers:
      api-supported-versions: 2021-04-07, 2022-02-01, 2023-03-31-preview
      content-type: application/json; charset=utf-8
      date: Thu, 13 Apr 2023 17:29:59 GMT
      ms-cv: SuvUMKLxnU62S2vIkUWFNQ.0
      repeatability-result: accepted
      request-context: appId=
      transfer-encoding: chunked
      x-cache: CONFIG_NOCACHE
    status:
      code: 201
      message: Created
    url: https://rooms-ppe-us.ppe.communication.azure.net/rooms?api-version=2023-03-31-preview
- request:
    body: '{"validFrom": "2023-04-16T10:29:59.100268Z", "validUntil": "2023-11-02T10:29:59.100268Z"}'
    headers:
      Accept:
      - application/json
      Content-Length:
      - '89'
      Content-Type:
      - application/merge-patch+json
      User-Agent:
      - azsdk-python-communication-rooms/1.0.0b3 Python/3.10.0 (Windows-10-10.0.22621-SP0)
      x-ms-date:
      - Thu, 13 Apr 2023 17:29:59 GMT
      x-ms-return-client-request-id:
      - 'true'
    method: PATCH
    uri: https://sanitized.communication.azure.com/rooms/99426678802403006?api-version=2023-03-31-preview
  response:
    body:
      string: '{"error":{"code":"BadRequest","message":"The request could not be understood
        by the server due to malformed syntax.","details":[{"code":"BadArgument","message":"The
        time range is incorrect, or larger than 180 days.","target":"ValidUntil"}]}}'
    headers:
      content-type: application/json; charset=utf-8
      date: Thu, 13 Apr 2023 17:29:59 GMT
      ms-cv: U+Zv5EUSzkyxEzT5r5AgWg.0
      request-context: appId=
      transfer-encoding: chunked
      x-cache: CONFIG_NOCACHE
      x-ms-error-code: BadRequest
    status:
      code: 400
      message: Bad Request
    url: https://rooms-ppe-us.ppe.communication.azure.net/rooms/99426678802403006?api-version=2023-03-31-preview
- request:
    body: null
    headers:
      Accept:
      - application/json
      Accept-Encoding:
      - gzip, deflate
      Connection:
      - keep-alive
      Content-Length:
      - '0'
      User-Agent:
      - azsdk-python-communication-identity/1.3.2 Python/3.10.0 (Windows-10-10.0.22621-SP0)
      x-ms-date:
      - Thu, 13 Apr 2023 17:29:59 GMT
      x-ms-return-client-request-id:
      - 'true'
    method: DELETE
    uri: https://sanitized.communication.azure.com/identities/sanitized?api-version=2022-10-01
  response:
    body:
      string: ''
    headers:
      api-supported-versions:
      - 2020-07-20-preview2, 2021-02-22-preview1, 2021-03-07, 2021-10-31-preview,
        2021-11-01, 2022-06-01, 2022-10-01, 2023-08-01
      date:
      - Thu, 13 Apr 2023 17:29:59 GMT
      ms-cv:
      - AEzpoAE0ZEObhP8+ReHwxg.0
      request-context:
      - appId=
      strict-transport-security:
      - max-age=2592000
      x-cache:
      - CONFIG_NOCACHE
      x-processing-time:
      - 88ms
    status:
      code: 204
      message: No Content
- request:
    body: null
    headers:
      Accept:
      - application/json
      Accept-Encoding:
      - gzip, deflate
      Connection:
      - keep-alive
      Content-Length:
      - '0'
      User-Agent:
      - azsdk-python-communication-identity/1.3.2 Python/3.10.0 (Windows-10-10.0.22621-SP0)
      x-ms-date:
      - Thu, 13 Apr 2023 17:29:59 GMT
      x-ms-return-client-request-id:
      - 'true'
    method: DELETE
    uri: https://sanitized.communication.azure.com/identities/sanitized?api-version=2022-10-01
  response:
    body:
      string: ''
    headers:
      api-supported-versions:
      - 2020-07-20-preview2, 2021-02-22-preview1, 2021-03-07, 2021-10-31-preview,
        2021-11-01, 2022-06-01, 2022-10-01, 2023-08-01
      date:
      - Thu, 13 Apr 2023 17:29:59 GMT
      ms-cv:
      - oZTQWIHQ5U2AwbW6CtR71A.0
      request-context:
      - appId=
      strict-transport-security:
      - max-age=2592000
      x-cache:
      - CONFIG_NOCACHE
      x-processing-time:
      - 78ms
    status:
      code: 204
      message: No Content
- request:
    body: null
    headers:
      Accept:
      - application/json
      Accept-Encoding:
      - gzip, deflate
      Connection:
      - keep-alive
      Content-Length:
      - '0'
      User-Agent:
      - azsdk-python-communication-identity/1.3.2 Python/3.10.0 (Windows-10-10.0.22621-SP0)
      x-ms-date:
      - Thu, 13 Apr 2023 17:29:59 GMT
      x-ms-return-client-request-id:
      - 'true'
    method: DELETE
    uri: https://sanitized.communication.azure.com/identities/sanitized?api-version=2022-10-01
  response:
    body:
      string: ''
    headers:
      api-supported-versions:
      - 2020-07-20-preview2, 2021-02-22-preview1, 2021-03-07, 2021-10-31-preview,
        2021-11-01, 2022-06-01, 2022-10-01, 2023-08-01
      date:
      - Thu, 13 Apr 2023 17:29:59 GMT
      ms-cv:
      - o4PX+uCiFUKivctJqtnJaQ.0
      request-context:
      - appId=
      strict-transport-security:
      - max-age=2592000
      x-cache:
      - CONFIG_NOCACHE
      x-processing-time:
      - 81ms
    status:
      code: 204
      message: No Content
version: 1
