interactions:
- request:
    body: '{}'
    headers:
      Accept:
      - application/json
      Accept-Encoding:
      - gzip, deflate
      Connection:
      - keep-alive
      Content-Length:
      - '2'
      Content-Type:
      - application/json
      User-Agent:
      - azsdk-python-communication-identity/1.1.1 Python/3.10.5 (Windows-10-10.0.19044-SP0)
      x-ms-date:
      - Mon, 08 Aug 2022 19:46:54 GMT
      x-ms-return-client-request-id:
      - 'true'
    method: POST
    uri: https://sanitized.ppe.communication.azure.net/identities?api-version=2022-06-01
  response:
    body:
      string: '{"identity":{"id":"sanitized"}}'
    headers:
      api-supported-versions:
      - 2020-07-20-preview2, 2021-02-22-preview1, 2021-03-07, 2021-10-31-preview,
        2021-11-01, 2022-06-01
      content-length:
      - '101'
      content-type:
      - application/json; charset=utf-8
      date:
      - Mon, 08 Aug 2022 19:46:54 GMT
      ms-cv:
      - UxIEZrB8ykS1y0mYJjihzw.0
      request-context:
      - appId=
      strict-transport-security:
      - max-age=2592000
      x-cache:
      - CONFIG_NOCACHE
      x-processing-time:
      - 29ms
    status:
      code: 201
      message: Created
- request:
    body: '{}'
    headers:
      Accept:
      - application/json
      Accept-Encoding:
      - gzip, deflate
      Connection:
      - keep-alive
      Content-Length:
      - '2'
      Content-Type:
      - application/json
      User-Agent:
      - azsdk-python-communication-identity/1.1.1 Python/3.10.5 (Windows-10-10.0.19044-SP0)
      x-ms-date:
      - Mon, 08 Aug 2022 19:46:54 GMT
      x-ms-return-client-request-id:
      - 'true'
    method: POST
    uri: https://sanitized.ppe.communication.azure.net/identities?api-version=2022-06-01
  response:
    body:
      string: '{"identity":{"id":"sanitized"}}'
    headers:
      api-supported-versions:
      - 2020-07-20-preview2, 2021-02-22-preview1, 2021-03-07, 2021-10-31-preview,
        2021-11-01, 2022-06-01
      content-length:
      - '101'
      content-type:
      - application/json; charset=utf-8
      date:
      - Mon, 08 Aug 2022 19:46:54 GMT
      ms-cv:
      - gk9XxBHwYUWTBO8alQpFxg.0
      request-context:
      - appId=
      strict-transport-security:
      - max-age=2592000
      x-cache:
      - CONFIG_NOCACHE
      x-processing-time:
      - 33ms
    status:
      code: 201
      message: Created
- request:
    body: '{}'
    headers:
      Accept:
      - application/json
      Accept-Encoding:
      - gzip, deflate
      Connection:
      - keep-alive
      Content-Length:
      - '2'
      Content-Type:
      - application/json
      User-Agent:
      - azsdk-python-communication-identity/1.1.1 Python/3.10.5 (Windows-10-10.0.19044-SP0)
      x-ms-date:
      - Mon, 08 Aug 2022 19:46:54 GMT
      x-ms-return-client-request-id:
      - 'true'
    method: POST
    uri: https://sanitized.ppe.communication.azure.net/identities?api-version=2022-06-01
  response:
    body:
      string: '{"identity":{"id":"sanitized"}}'
    headers:
      api-supported-versions:
      - 2020-07-20-preview2, 2021-02-22-preview1, 2021-03-07, 2021-10-31-preview,
        2021-11-01, 2022-06-01
      content-length:
      - '101'
      content-type:
      - application/json; charset=utf-8
      date:
      - Mon, 08 Aug 2022 19:46:54 GMT
      ms-cv:
      - g7xyLakl2keEYC7FVYQwxQ.0
      request-context:
      - appId=
      strict-transport-security:
      - max-age=2592000
      x-cache:
      - CONFIG_NOCACHE
      x-processing-time:
      - 30ms
    status:
      code: 201
      message: Created
- request:
    body: '{}'
    headers:
      Accept:
      - application/json
      Accept-Encoding:
      - gzip, deflate
      Connection:
      - keep-alive
      Content-Length:
      - '2'
      Content-Type:
      - application/json
      Repeatability-First-Sent:
      - '2022-08-08T19:46:55.094429Z'
      Repeatability-Request-ID:
      - db374a24-1752-11ed-868e-a864f132484d
      User-Agent:
      - azsdk-python-communication-rooms/1.0.0b1 Python/3.10.5 (Windows-10-10.0.19044-SP0)
      x-ms-date:
      - Mon, 08 Aug 2022 19:46:55 GMT
      x-ms-return-client-request-id:
      - 'true'
    method: POST
    uri: https://sanitized.ppe.communication.azure.net/rooms?api-version=2022-02-01
  response:
    body:
      string: '{"id":"99471548777304367","createdDateTime":"2022-08-08T19:46:55.5198237+00:00","validFrom":"2022-08-08T19:46:55.4884184+00:00","validUntil":"2023-02-04T19:46:55.4884184+00:00","roomJoinPolicy":"InviteOnly","participants":[]}'
    headers:
      api-supported-versions:
      - 2021-04-07, 2022-02-01
      content-type:
      - application/json; charset=utf-8
      date:
      - Mon, 08 Aug 2022 19:46:55 GMT
      ms-cv:
      - +FXZrz1lSkCH7CTc6IXbMw.0
      repeatability-result:
      - accepted
      transfer-encoding:
      - chunked
      x-cache:
      - CONFIG_NOCACHE
    status:
      code: 201
      message: Created
- request:
    body: '{"validUntil": "2023-02-27T15:46:55.488646Z"}'
    headers:
      Accept:
      - application/json
      Accept-Encoding:
      - gzip, deflate
      Connection:
      - keep-alive
      Content-Length:
      - '45'
      Content-Type:
      - application/json
      User-Agent:
      - azsdk-python-communication-rooms/1.0.0b1 Python/3.10.5 (Windows-10-10.0.19044-SP0)
      x-ms-date:
      - Mon, 08 Aug 2022 19:46:55 GMT
      x-ms-return-client-request-id:
      - 'true'
    method: PATCH
    uri: https://sanitized.ppe.communication.azure.net/rooms/99471548777304367?api-version=2022-02-01
  response:
    body:
      string: '{"type":"https://tools.ietf.org/html/rfc7231#section-6.5.1","title":"One
        or more validation errors occurred.","status":400,"traceId":"00-2d3a06b382df31246647b58f5659235c-41fcd88d4700e404-00","errors":{"":["validFrom
        and validUntil should be set together."]}}'
    headers:
      content-type:
      - application/problem+json; charset=utf-8
      date:
      - Mon, 08 Aug 2022 19:46:55 GMT
      ms-cv:
      - SjwejgdGzUmdxfRnmMvt0Q.0
      transfer-encoding:
      - chunked
      x-cache:
      - CONFIG_NOCACHE
    status:
      code: 400
      message: Bad Request
- request:
    body: null
    headers:
      Accept:
      - application/json
      Accept-Encoding:
      - gzip, deflate
      Connection:
      - keep-alive
      Content-Length:
      - '0'
      User-Agent:
      - azsdk-python-communication-rooms/1.0.0b1 Python/3.10.5 (Windows-10-10.0.19044-SP0)
      x-ms-date:
      - Mon, 08 Aug 2022 19:46:55 GMT
      x-ms-return-client-request-id:
      - 'true'
    method: DELETE
    uri: https://sanitized.ppe.communication.azure.net/rooms/99471548777304367?api-version=2022-02-01
  response:
    body:
      string: ''
    headers:
      api-supported-versions:
      - 2021-04-07, 2022-02-01
      date:
      - Mon, 08 Aug 2022 19:46:55 GMT
      ms-cv:
      - ABNRWSdgXkWLga2F59m8aQ.0
      x-cache:
      - CONFIG_NOCACHE
    status:
      code: 204
      message: No Content
- request:
    body: null
    headers:
      Accept:
      - application/json
      Accept-Encoding:
      - gzip, deflate
      Connection:
      - keep-alive
      Content-Length:
      - '0'
      User-Agent:
      - azsdk-python-communication-identity/1.1.1 Python/3.10.5 (Windows-10-10.0.19044-SP0)
      x-ms-date:
      - Mon, 08 Aug 2022 19:46:55 GMT
      x-ms-return-client-request-id:
      - 'true'
    method: DELETE
    uri: https://sanitized.ppe.communication.azure.net/identities/sanitized?api-version=2022-06-01
  response:
    body:
      string: ''
    headers:
      api-supported-versions:
      - 2020-07-20-preview2, 2021-02-22-preview1, 2021-03-07, 2021-10-31-preview,
        2021-11-01, 2022-06-01
      date:
      - Mon, 08 Aug 2022 19:46:55 GMT
      ms-cv:
      - WWUDVcsx4E2YgJSxsI7zUg.0
      request-context:
      - appId=
      strict-transport-security:
      - max-age=2592000
      x-cache:
      - CONFIG_NOCACHE
      x-processing-time:
      - 188ms
    status:
      code: 204
      message: No Content
- request:
    body: null
    headers:
      Accept:
      - application/json
      Accept-Encoding:
      - gzip, deflate
      Connection:
      - keep-alive
      Content-Length:
      - '0'
      User-Agent:
      - azsdk-python-communication-identity/1.1.1 Python/3.10.5 (Windows-10-10.0.19044-SP0)
      x-ms-date:
      - Mon, 08 Aug 2022 19:46:56 GMT
      x-ms-return-client-request-id:
      - 'true'
    method: DELETE
    uri: https://sanitized.ppe.communication.azure.net/identities/sanitized?api-version=2022-06-01
  response:
    body:
      string: ''
    headers:
      api-supported-versions:
      - 2020-07-20-preview2, 2021-02-22-preview1, 2021-03-07, 2021-10-31-preview,
        2021-11-01, 2022-06-01
      date:
      - Mon, 08 Aug 2022 19:46:56 GMT
      ms-cv:
      - taBtXFhfzkq+l15IRZWxDQ.0
      request-context:
      - appId=
      strict-transport-security:
      - max-age=2592000
      x-cache:
      - CONFIG_NOCACHE
      x-processing-time:
      - 211ms
    status:
      code: 204
      message: No Content
- request:
    body: null
    headers:
      Accept:
      - application/json
      Accept-Encoding:
      - gzip, deflate
      Connection:
      - keep-alive
      Content-Length:
      - '0'
      User-Agent:
      - azsdk-python-communication-identity/1.1.1 Python/3.10.5 (Windows-10-10.0.19044-SP0)
      x-ms-date:
      - Mon, 08 Aug 2022 19:46:56 GMT
      x-ms-return-client-request-id:
      - 'true'
    method: DELETE
    uri: https://sanitized.ppe.communication.azure.net/identities/sanitized?api-version=2022-06-01
  response:
    body:
      string: ''
    headers:
      api-supported-versions:
      - 2020-07-20-preview2, 2021-02-22-preview1, 2021-03-07, 2021-10-31-preview,
        2021-11-01, 2022-06-01
      date:
      - Mon, 08 Aug 2022 19:46:56 GMT
      ms-cv:
      - njNtH66UOki/jLpO3VIe5g.0
      request-context:
      - appId=
      strict-transport-security:
      - max-age=2592000
      x-cache:
      - CONFIG_NOCACHE
      x-processing-time:
      - 261ms
    status:
      code: 204
      message: No Content
version: 1
