interactions:
- request:
    body: '{}'
    headers:
      Accept:
      - application/json
      Accept-Encoding:
      - gzip, deflate
      Connection:
      - keep-alive
      Content-Length:
      - '2'
      Content-Type:
      - application/json
      User-Agent:
      - azsdk-python-communication-identity/1.1.1 Python/3.10.5 (Windows-10-10.0.19044-SP0)
      x-ms-date:
      - Mon, 08 Aug 2022 19:45:28 GMT
      x-ms-return-client-request-id:
      - 'true'
    method: POST
    uri: https://sanitized.ppe.communication.azure.net/identities?api-version=2022-06-01
  response:
    body:
      string: '{"identity":{"id":"sanitized"}}'
    headers:
      api-supported-versions:
      - 2020-07-20-preview2, 2021-02-22-preview1, 2021-03-07, 2021-10-31-preview,
        2021-11-01, 2022-06-01
      content-length:
      - '101'
      content-type:
      - application/json; charset=utf-8
      date:
      - Mon, 08 Aug 2022 19:45:28 GMT
      ms-cv:
      - dGYisS08gkq/HoM7Z2/5hg.0
      request-context:
      - appId=
      strict-transport-security:
      - max-age=2592000
      x-cache:
      - CONFIG_NOCACHE
      x-processing-time:
      - 49ms
    status:
      code: 201
      message: Created
- request:
    body: '{}'
    headers:
      Accept:
      - application/json
      Accept-Encoding:
      - gzip, deflate
      Connection:
      - keep-alive
      Content-Length:
      - '2'
      Content-Type:
      - application/json
      User-Agent:
      - azsdk-python-communication-identity/1.1.1 Python/3.10.5 (Windows-10-10.0.19044-SP0)
      x-ms-date:
      - Mon, 08 Aug 2022 19:45:29 GMT
      x-ms-return-client-request-id:
      - 'true'
    method: POST
    uri: https://sanitized.ppe.communication.azure.net/identities?api-version=2022-06-01
  response:
    body:
      string: '{"identity":{"id":"sanitized"}}'
    headers:
      api-supported-versions:
      - 2020-07-20-preview2, 2021-02-22-preview1, 2021-03-07, 2021-10-31-preview,
        2021-11-01, 2022-06-01
      content-length:
      - '101'
      content-type:
      - application/json; charset=utf-8
      date:
      - Mon, 08 Aug 2022 19:45:28 GMT
      ms-cv:
      - y43WPEqqWUC7Q0MIBmrf1w.0
      request-context:
      - appId=
      strict-transport-security:
      - max-age=2592000
      x-cache:
      - CONFIG_NOCACHE
      x-processing-time:
      - 201ms
    status:
      code: 201
      message: Created
- request:
    body: '{}'
    headers:
      Accept:
      - application/json
      Accept-Encoding:
      - gzip, deflate
      Connection:
      - keep-alive
      Content-Length:
      - '2'
      Content-Type:
      - application/json
      User-Agent:
      - azsdk-python-communication-identity/1.1.1 Python/3.10.5 (Windows-10-10.0.19044-SP0)
      x-ms-date:
      - Mon, 08 Aug 2022 19:45:29 GMT
      x-ms-return-client-request-id:
      - 'true'
    method: POST
    uri: https://sanitized.ppe.communication.azure.net/identities?api-version=2022-06-01
  response:
    body:
      string: '{"identity":{"id":"sanitized"}}'
    headers:
      api-supported-versions:
      - 2020-07-20-preview2, 2021-02-22-preview1, 2021-03-07, 2021-10-31-preview,
        2021-11-01, 2022-06-01
      content-length:
      - '101'
      content-type:
      - application/json; charset=utf-8
      date:
      - Mon, 08 Aug 2022 19:45:29 GMT
      ms-cv:
      - gODlZ46dZkOUpyB2jqOnvg.0
      request-context:
      - appId=
      strict-transport-security:
      - max-age=2592000
      x-cache:
      - CONFIG_NOCACHE
      x-processing-time:
      - 30ms
    status:
      code: 201
      message: Created
- request:
    body: '{"validFrom": "2022-08-11T15:45:29.520172Z"}'
    headers:
      Accept:
      - application/json
      Content-Length:
      - '44'
      Content-Type:
      - application/json
      Repeatability-First-Sent:
      - '2022-08-08T19:45:29.520172Z'
      Repeatability-Request-ID:
      - a835b1bd-1752-11ed-8c6a-a864f132484d
      User-Agent:
      - azsdk-python-communication-rooms/1.0.0b1 Python/3.10.5 (Windows-10-10.0.19044-SP0)
      x-ms-date:
      - Mon, 08 Aug 2022 19:45:29 GMT
      x-ms-return-client-request-id:
      - 'true'
    method: POST
    uri: https://sanitized.ppe.communication.azure.net/rooms?api-version=2022-02-01
  response:
    body:
      string: '{"id":"99439611396782842","createdDateTime":"2022-08-08T19:45:30.0205853+00:00","validFrom":"2022-08-11T15:45:29.520172+00:00","validUntil":"2023-02-04T19:45:29.9473844+00:00","roomJoinPolicy":"InviteOnly","participants":[]}'
    headers:
      api-supported-versions: 2021-04-07, 2022-02-01
      content-type: application/json; charset=utf-8
      date: Mon, 08 Aug 2022 19:45:30 GMT
      ms-cv: K/oVKy98t0CCb2WoyAc1Yw.0
      repeatability-result: accepted
      transfer-encoding: chunked
      x-cache: CONFIG_NOCACHE
    status:
      code: 201
      message: Created
    url: https://sanitized.ppe.communication.azure.net/rooms?api-version=2022-02-01
- request:
    body: ''
    headers:
      Accept:
      - application/json
      User-Agent:
      - azsdk-python-communication-rooms/1.0.0b1 Python/3.10.5 (Windows-10-10.0.19044-SP0)
      x-ms-date:
      - Mon, 08 Aug 2022 19:45:30 GMT
      x-ms-return-client-request-id:
      - 'true'
    method: DELETE
    uri: https://sanitized.ppe.communication.azure.net/rooms/99439611396782842?api-version=2022-02-01
  response:
    body:
      string: ''
    headers:
      api-supported-versions: 2021-04-07, 2022-02-01
      date: Mon, 08 Aug 2022 19:45:30 GMT
      ms-cv: ykQw5lAq4UeHRl54X7nSYw.0
      x-cache: CONFIG_NOCACHE
    status:
      code: 204
      message: No Content
    url: https://sanitized.ppe.communication.azure.net/rooms/99439611396782842?api-version=2022-02-01
- request:
    body: null
    headers:
      Accept:
      - application/json
      Accept-Encoding:
      - gzip, deflate
      Connection:
      - keep-alive
      Content-Length:
      - '0'
      User-Agent:
      - azsdk-python-communication-identity/1.1.1 Python/3.10.5 (Windows-10-10.0.19044-SP0)
      x-ms-date:
      - Mon, 08 Aug 2022 19:45:30 GMT
      x-ms-return-client-request-id:
      - 'true'
    method: DELETE
    uri: https://sanitized.ppe.communication.azure.net/identities/sanitized?api-version=2022-06-01
  response:
    body:
      string: ''
    headers:
      api-supported-versions:
      - 2020-07-20-preview2, 2021-02-22-preview1, 2021-03-07, 2021-10-31-preview,
        2021-11-01, 2022-06-01
      date:
      - Mon, 08 Aug 2022 19:45:30 GMT
      ms-cv:
      - T7mdrwfpW0+ZvliCBG2/UA.0
      request-context:
      - appId=
      strict-transport-security:
      - max-age=2592000
      x-cache:
      - CONFIG_NOCACHE
      x-processing-time:
      - 175ms
    status:
      code: 204
      message: No Content
- request:
    body: null
    headers:
      Accept:
      - application/json
      Accept-Encoding:
      - gzip, deflate
      Connection:
      - keep-alive
      Content-Length:
      - '0'
      User-Agent:
      - azsdk-python-communication-identity/1.1.1 Python/3.10.5 (Windows-10-10.0.19044-SP0)
      x-ms-date:
      - Mon, 08 Aug 2022 19:45:30 GMT
      x-ms-return-client-request-id:
      - 'true'
    method: DELETE
    uri: https://sanitized.ppe.communication.azure.net/identities/sanitized?api-version=2022-06-01
  response:
    body:
      string: ''
    headers:
      api-supported-versions:
      - 2020-07-20-preview2, 2021-02-22-preview1, 2021-03-07, 2021-10-31-preview,
        2021-11-01, 2022-06-01
      date:
      - Mon, 08 Aug 2022 19:45:30 GMT
      ms-cv:
      - NtMjZJfG9UmzBrOxWfs1zA.0
      request-context:
      - appId=
      strict-transport-security:
      - max-age=2592000
      x-cache:
      - CONFIG_NOCACHE
      x-processing-time:
      - 193ms
    status:
      code: 204
      message: No Content
- request:
    body: null
    headers:
      Accept:
      - application/json
      Accept-Encoding:
      - gzip, deflate
      Connection:
      - keep-alive
      Content-Length:
      - '0'
      User-Agent:
      - azsdk-python-communication-identity/1.1.1 Python/3.10.5 (Windows-10-10.0.19044-SP0)
      x-ms-date:
      - Mon, 08 Aug 2022 19:45:30 GMT
      x-ms-return-client-request-id:
      - 'true'
    method: DELETE
    uri: https://sanitized.ppe.communication.azure.net/identities/sanitized?api-version=2022-06-01
  response:
    body:
      string: ''
    headers:
      api-supported-versions:
      - 2020-07-20-preview2, 2021-02-22-preview1, 2021-03-07, 2021-10-31-preview,
        2021-11-01, 2022-06-01
      date:
      - Mon, 08 Aug 2022 19:45:30 GMT
      ms-cv:
      - /DerOoPqxki48qTBjy8blQ.0
      request-context:
      - appId=
      strict-transport-security:
      - max-age=2592000
      x-cache:
      - CONFIG_NOCACHE
      x-processing-time:
      - 138ms
    status:
      code: 204
      message: No Content
version: 1
