interactions:
- request:
    body: '{}'
    headers:
      Accept:
      - application/json
      Accept-Encoding:
      - gzip, deflate
      Connection:
      - keep-alive
      Content-Length:
      - '2'
      Content-Type:
      - application/json
      User-Agent:
      - azsdk-python-communication-identity/1.1.1 Python/3.10.5 (Windows-10-10.0.19044-SP0)
      x-ms-date:
      - Mon, 08 Aug 2022 19:46:33 GMT
      x-ms-return-client-request-id:
      - 'true'
    method: POST
    uri: https://sanitized.ppe.communication.azure.net/identities?api-version=2022-06-01
  response:
    body:
      string: '{"identity":{"id":"sanitized"}}'
    headers:
      api-supported-versions:
      - 2020-07-20-preview2, 2021-02-22-preview1, 2021-03-07, 2021-10-31-preview,
        2021-11-01, 2022-06-01
      content-length:
      - '101'
      content-type:
      - application/json; charset=utf-8
      date:
      - Mon, 08 Aug 2022 19:46:32 GMT
      ms-cv:
      - cUmvkX2/7062Jactdbf1ow.0
      request-context:
      - appId=
      strict-transport-security:
      - max-age=2592000
      x-cache:
      - CONFIG_NOCACHE
      x-processing-time:
      - 29ms
    status:
      code: 201
      message: Created
- request:
    body: '{}'
    headers:
      Accept:
      - application/json
      Accept-Encoding:
      - gzip, deflate
      Connection:
      - keep-alive
      Content-Length:
      - '2'
      Content-Type:
      - application/json
      User-Agent:
      - azsdk-python-communication-identity/1.1.1 Python/3.10.5 (Windows-10-10.0.19044-SP0)
      x-ms-date:
      - Mon, 08 Aug 2022 19:46:33 GMT
      x-ms-return-client-request-id:
      - 'true'
    method: POST
    uri: https://sanitized.ppe.communication.azure.net/identities?api-version=2022-06-01
  response:
    body:
      string: '{"identity":{"id":"sanitized"}}'
    headers:
      api-supported-versions:
      - 2020-07-20-preview2, 2021-02-22-preview1, 2021-03-07, 2021-10-31-preview,
        2021-11-01, 2022-06-01
      content-length:
      - '101'
      content-type:
      - application/json; charset=utf-8
      date:
      - Mon, 08 Aug 2022 19:46:32 GMT
      ms-cv:
      - jRJg+ywMLkaNMGfn3YgcpQ.0
      request-context:
      - appId=
      strict-transport-security:
      - max-age=2592000
      x-cache:
      - CONFIG_NOCACHE
      x-processing-time:
      - 34ms
    status:
      code: 201
      message: Created
- request:
    body: '{}'
    headers:
      Accept:
      - application/json
      Accept-Encoding:
      - gzip, deflate
      Connection:
      - keep-alive
      Content-Length:
      - '2'
      Content-Type:
      - application/json
      User-Agent:
      - azsdk-python-communication-identity/1.1.1 Python/3.10.5 (Windows-10-10.0.19044-SP0)
      x-ms-date:
      - Mon, 08 Aug 2022 19:46:33 GMT
      x-ms-return-client-request-id:
      - 'true'
    method: POST
    uri: https://sanitized.ppe.communication.azure.net/identities?api-version=2022-06-01
  response:
    body:
      string: '{"identity":{"id":"sanitized"}}'
    headers:
      api-supported-versions:
      - 2020-07-20-preview2, 2021-02-22-preview1, 2021-03-07, 2021-10-31-preview,
        2021-11-01, 2022-06-01
      content-length:
      - '101'
      content-type:
      - application/json; charset=utf-8
      date:
      - Mon, 08 Aug 2022 19:46:33 GMT
      ms-cv:
      - xUjzsrEKl0C7V9+esUuQsg.0
      request-context:
      - appId=
      strict-transport-security:
      - max-age=2592000
      x-cache:
      - CONFIG_NOCACHE
      x-processing-time:
      - 28ms
    status:
      code: 201
      message: Created
- request:
    body: '{"validUntil": "2022-08-29T15:46:33.63119Z"}'
    headers:
      Accept:
      - application/json
      Accept-Encoding:
      - gzip, deflate
      Connection:
      - keep-alive
      Content-Length:
      - '44'
      Content-Type:
      - application/json
      Repeatability-First-Sent:
      - '2022-08-08T19:46:33.63119Z'
      Repeatability-Request-ID:
      - ce6c4265-1752-11ed-95b3-a864f132484d
      User-Agent:
      - azsdk-python-communication-rooms/1.0.0b1 Python/3.10.5 (Windows-10-10.0.19044-SP0)
      x-ms-date:
      - Mon, 08 Aug 2022 19:46:33 GMT
      x-ms-return-client-request-id:
      - 'true'
    method: POST
    uri: https://sanitized.ppe.communication.azure.net/rooms?api-version=2022-02-01
  response:
    body:
      string: '{"id":"99488752671089369","createdDateTime":"2022-08-08T19:46:34.1884935+00:00","validFrom":"2022-08-08T19:46:34.1519402+00:00","validUntil":"2022-08-29T15:46:33.63119+00:00","roomJoinPolicy":"InviteOnly","participants":[]}'
    headers:
      api-supported-versions:
      - 2021-04-07, 2022-02-01
      content-type:
      - application/json; charset=utf-8
      date:
      - Mon, 08 Aug 2022 19:46:33 GMT
      ms-cv:
      - d4dbl+bUmk2Erp+o2eOqyA.0
      repeatability-result:
      - accepted
      transfer-encoding:
      - chunked
      x-cache:
      - CONFIG_NOCACHE
    status:
      code: 201
      message: Created
- request:
    body: null
    headers:
      Accept:
      - application/json
      Accept-Encoding:
      - gzip, deflate
      Connection:
      - keep-alive
      Content-Length:
      - '0'
      User-Agent:
      - azsdk-python-communication-rooms/1.0.0b1 Python/3.10.5 (Windows-10-10.0.19044-SP0)
      x-ms-date:
      - Mon, 08 Aug 2022 19:46:34 GMT
      x-ms-return-client-request-id:
      - 'true'
    method: DELETE
    uri: https://sanitized.ppe.communication.azure.net/rooms/99488752671089369?api-version=2022-02-01
  response:
    body:
      string: ''
    headers:
      api-supported-versions:
      - 2021-04-07, 2022-02-01
      date:
      - Mon, 08 Aug 2022 19:46:34 GMT
      ms-cv:
      - 3zvGSsY1+UKWgckwZzuPzw.0
      x-cache:
      - CONFIG_NOCACHE
    status:
      code: 204
      message: No Content
- request:
    body: null
    headers:
      Accept:
      - application/json
      Accept-Encoding:
      - gzip, deflate
      Connection:
      - keep-alive
      Content-Length:
      - '0'
      User-Agent:
      - azsdk-python-communication-identity/1.1.1 Python/3.10.5 (Windows-10-10.0.19044-SP0)
      x-ms-date:
      - Mon, 08 Aug 2022 19:46:34 GMT
      x-ms-return-client-request-id:
      - 'true'
    method: DELETE
    uri: https://sanitized.ppe.communication.azure.net/identities/sanitized?api-version=2022-06-01
  response:
    body:
      string: ''
    headers:
      api-supported-versions:
      - 2020-07-20-preview2, 2021-02-22-preview1, 2021-03-07, 2021-10-31-preview,
        2021-11-01, 2022-06-01
      date:
      - Mon, 08 Aug 2022 19:46:34 GMT
      ms-cv:
      - 8lEyt6/ayUGST3FuDEOTTQ.0
      request-context:
      - appId=
      strict-transport-security:
      - max-age=2592000
      x-cache:
      - CONFIG_NOCACHE
      x-processing-time:
      - 201ms
    status:
      code: 204
      message: No Content
- request:
    body: null
    headers:
      Accept:
      - application/json
      Accept-Encoding:
      - gzip, deflate
      Connection:
      - keep-alive
      Content-Length:
      - '0'
      User-Agent:
      - azsdk-python-communication-identity/1.1.1 Python/3.10.5 (Windows-10-10.0.19044-SP0)
      x-ms-date:
      - Mon, 08 Aug 2022 19:46:34 GMT
      x-ms-return-client-request-id:
      - 'true'
    method: DELETE
    uri: https://sanitized.ppe.communication.azure.net/identities/sanitized?api-version=2022-06-01
  response:
    body:
      string: ''
    headers:
      api-supported-versions:
      - 2020-07-20-preview2, 2021-02-22-preview1, 2021-03-07, 2021-10-31-preview,
        2021-11-01, 2022-06-01
      date:
      - Mon, 08 Aug 2022 19:46:34 GMT
      ms-cv:
      - sHmgn8RD1E6me1C7zfEkpw.0
      request-context:
      - appId=
      strict-transport-security:
      - max-age=2592000
      x-cache:
      - CONFIG_NOCACHE
      x-processing-time:
      - 202ms
    status:
      code: 204
      message: No Content
- request:
    body: null
    headers:
      Accept:
      - application/json
      Accept-Encoding:
      - gzip, deflate
      Connection:
      - keep-alive
      Content-Length:
      - '0'
      User-Agent:
      - azsdk-python-communication-identity/1.1.1 Python/3.10.5 (Windows-10-10.0.19044-SP0)
      x-ms-date:
      - Mon, 08 Aug 2022 19:46:35 GMT
      x-ms-return-client-request-id:
      - 'true'
    method: DELETE
    uri: https://sanitized.ppe.communication.azure.net/identities/sanitized?api-version=2022-06-01
  response:
    body:
      string: ''
    headers:
      api-supported-versions:
      - 2020-07-20-preview2, 2021-02-22-preview1, 2021-03-07, 2021-10-31-preview,
        2021-11-01, 2022-06-01
      date:
      - Mon, 08 Aug 2022 19:46:34 GMT
      ms-cv:
      - 5jivwbx2wUGCazt61QG4Uw.0
      request-context:
      - appId=
      strict-transport-security:
      - max-age=2592000
      x-cache:
      - CONFIG_NOCACHE
      x-processing-time:
      - 171ms
    status:
      code: 204
      message: No Content
version: 1
