interactions:
- request:
    body: null
    headers:
      Accept:
      - application/json
      Accept-Encoding:
      - gzip, deflate
      Connection:
      - keep-alive
      Content-Length:
      - '0'
      Content-Type:
      - application/json
      User-Agent:
      - azsdk-python-communication-identity/1.4.0b2 Python/3.10.0 (Windows-10-10.0.22621-SP0)
      x-ms-date:
      - Sat, 22 Apr 2023 04:49:04 GMT
      x-ms-return-client-request-id:
      - 'true'
    method: POST
    uri: https://sanitized.communication.azure.com/identities?api-version=2022-10-01
  response:
    body:
      string: '{"identity":{"id":"8:acs:db75ed0c-e801-41a3-99a4-66a0a119a06c_00000018-472c-f890-1985-09482200949b"}}'
    headers:
      api-supported-versions:
      - 2020-07-20-preview2, 2021-02-22-preview1, 2021-03-07, 2021-10-31-preview,
        2021-11-01, 2022-06-01, 2022-10-01, 2023-08-01
      content-length:
      - '101'
      content-type:
      - application/json; charset=utf-8
      date:
      - Sat, 22 Apr 2023 04:49:03 GMT
      ms-cv:
      - 3zGSQ1unVkavzNDL+sLXdA.0
      request-context:
      - appId=
      strict-transport-security:
      - max-age=2592000
      x-cache:
      - CONFIG_NOCACHE
      x-processing-time:
      - 19ms
    status:
      code: 201
      message: Created
- request:
    body: null
    headers:
      Accept:
      - application/json
      Accept-Encoding:
      - gzip, deflate
      Connection:
      - keep-alive
      Content-Length:
      - '0'
      Content-Type:
      - application/json
      User-Agent:
      - azsdk-python-communication-identity/1.4.0b2 Python/3.10.0 (Windows-10-10.0.22621-SP0)
      x-ms-date:
      - Sat, 22 Apr 2023 04:49:05 GMT
      x-ms-return-client-request-id:
      - 'true'
    method: POST
    uri: https://sanitized.communication.azure.com/identities?api-version=2022-10-01
  response:
    body:
      string: '{"identity":{"id":"8:acs:db75ed0c-e801-41a3-99a4-66a0a119a06c_00000018-472c-f927-1985-09482200949c"}}'
    headers:
      api-supported-versions:
      - 2020-07-20-preview2, 2021-02-22-preview1, 2021-03-07, 2021-10-31-preview,
        2021-11-01, 2022-06-01, 2022-10-01, 2023-08-01
      content-length:
      - '101'
      content-type:
      - application/json; charset=utf-8
      date:
      - Sat, 22 Apr 2023 04:49:03 GMT
      ms-cv:
      - AVP5k+3ZMkmlrsstv3otyA.0
      request-context:
      - appId=
      strict-transport-security:
      - max-age=2592000
      x-cache:
      - CONFIG_NOCACHE
      x-processing-time:
      - 22ms
    status:
      code: 201
      message: Created
- request:
    body: null
    headers:
      Accept:
      - application/json
      Accept-Encoding:
      - gzip, deflate
      Connection:
      - keep-alive
      Content-Length:
      - '0'
      Content-Type:
      - application/json
      User-Agent:
      - azsdk-python-communication-identity/1.4.0b2 Python/3.10.0 (Windows-10-10.0.22621-SP0)
      x-ms-date:
      - Sat, 22 Apr 2023 04:49:05 GMT
      x-ms-return-client-request-id:
      - 'true'
    method: POST
    uri: https://sanitized.communication.azure.com/identities?api-version=2022-10-01
  response:
    body:
      string: '{"identity":{"id":"8:acs:db75ed0c-e801-41a3-99a4-66a0a119a06c_00000018-472c-f979-1985-09482200949d"}}'
    headers:
      api-supported-versions:
      - 2020-07-20-preview2, 2021-02-22-preview1, 2021-03-07, 2021-10-31-preview,
        2021-11-01, 2022-06-01, 2022-10-01, 2023-08-01
      content-length:
      - '101'
      content-type:
      - application/json; charset=utf-8
      date:
      - Sat, 22 Apr 2023 04:49:04 GMT
      ms-cv:
      - loxt5aDWxEeotL9ZpN1okw.0
      request-context:
      - appId=
      strict-transport-security:
      - max-age=2592000
      x-cache:
      - CONFIG_NOCACHE
      x-processing-time:
      - 19ms
    status:
      code: 201
      message: Created
- request:
    body: null
    headers:
      Accept:
      - application/json
      Accept-Encoding:
      - gzip, deflate
      Connection:
      - keep-alive
      Content-Length:
      - '0'
      Content-Type:
      - application/json
      User-Agent:
      - azsdk-python-communication-identity/1.4.0b2 Python/3.10.0 (Windows-10-10.0.22621-SP0)
      x-ms-date:
      - Sat, 22 Apr 2023 04:49:05 GMT
      x-ms-return-client-request-id:
      - 'true'
    method: POST
    uri: https://sanitized.communication.azure.com/identities?api-version=2022-10-01
  response:
    body:
      string: '{"identity":{"id":"8:acs:db75ed0c-e801-41a3-99a4-66a0a119a06c_00000018-472c-f9d1-1985-09482200949e"}}'
    headers:
      api-supported-versions:
      - 2020-07-20-preview2, 2021-02-22-preview1, 2021-03-07, 2021-10-31-preview,
        2021-11-01, 2022-06-01, 2022-10-01, 2023-08-01
      content-length:
      - '101'
      content-type:
      - application/json; charset=utf-8
      date:
      - Sat, 22 Apr 2023 04:49:04 GMT
      ms-cv:
      - Pg+dNobcwUmfhxzg9SzZWw.0
      request-context:
      - appId=
      strict-transport-security:
      - max-age=2592000
      x-cache:
      - CONFIG_NOCACHE
      x-processing-time:
      - 21ms
    status:
      code: 201
      message: Created
- request:
    body: '{"validFrom": null, "validUntil": null, "participants": {"8:acs:db75ed0c-e801-41a3-99a4-66a0a119a06c_00000018-472c-f890-1985-09482200949b":
      {"role": "Consumer"}, "8:acs:db75ed0c-e801-41a3-99a4-66a0a119a06c_00000018-472c-f979-1985-09482200949d":
      {"role": "Attendee"}}}'
    headers:
      Accept:
      - application/json
      Content-Length:
      - '267'
      Content-Type:
      - application/json
      Repeatability-First-Sent:
      - Sat, 22 Apr 2023 04:49:05 GMT
      Repeatability-Request-ID:
      - 02ad1c4f-e0c9-11ed-a686-e45e37e24f59
      User-Agent:
      - azsdk-python-communication-rooms/1.0.0b3 Python/3.10.0 (Windows-10-10.0.22621-SP0)
      x-ms-date:
      - Sat, 22 Apr 2023 04:49:05 GMT
      x-ms-return-client-request-id:
      - 'true'
    method: POST
    uri: https://sanitized.communication.azure.com/rooms?api-version=2023-03-31-preview
  response:
    body:
      string: '{"id":"99474765996343800","createdAt":"2023-04-22T04:49:05.5276114+00:00","validFrom":"2023-04-22T04:49:05.489649+00:00","validUntil":"2023-10-19T04:49:05.489649+00:00"}'
    headers:
      api-supported-versions: 2021-04-07, 2022-02-01, 2023-03-31-preview
      content-type: application/json; charset=utf-8
      date: Sat, 22 Apr 2023 04:49:04 GMT
      ms-cv: 1fl/ajiVk0abqXjaJPTzZQ.0
      repeatability-result: accepted
      request-context: appId=
      transfer-encoding: chunked
      x-cache: CONFIG_NOCACHE
    status:
      code: 201
      message: Created
    url: https://rooms-ppe-us.ppe.communication.azure.net/rooms?api-version=2023-03-31-preview
- request:
    body: '{"participants": {"8:acs:db75ed0c-e801-41a3-99a4-66a0a119a06c_00000018-472c-f890-1985-09482200949b":
      {"role": "Consumer"}, "8:acs:db75ed0c-e801-41a3-99a4-66a0a119a06c_00000018-472c-f927-1985-09482200949c":
      {"role": "Consumer"}}}'
    headers:
      Accept:
      - application/json
      Content-Length:
      - '228'
      Content-Type:
      - application/merge-patch+json
      User-Agent:
      - azsdk-python-communication-rooms/1.0.0b3 Python/3.10.0 (Windows-10-10.0.22621-SP0)
      x-ms-date:
      - Sat, 22 Apr 2023 04:49:06 GMT
      x-ms-return-client-request-id:
      - 'true'
    method: PATCH
    uri: https://sanitized.communication.azure.com/rooms/99474765996343800/participants?api-version=2023-03-31-preview
  response:
    body:
      string: '{}'
    headers:
      api-supported-versions: 2022-02-01, 2023-03-31-preview
      content-type: application/json; charset=utf-8
      date: Sat, 22 Apr 2023 04:49:05 GMT
      ms-cv: 3jZCg7y3RkC0pyba4yQU0A.0
      request-context: appId=
      transfer-encoding: chunked
      x-cache: CONFIG_NOCACHE
    status:
      code: 200
      message: OK
    url: https://rooms-ppe-us.ppe.communication.azure.net/rooms/99474765996343800/participants?api-version=2023-03-31-preview
- request:
    body: ''
    headers:
      Accept:
      - application/json
      User-Agent:
      - azsdk-python-communication-rooms/1.0.0b3 Python/3.10.0 (Windows-10-10.0.22621-SP0)
      x-ms-date:
      - Sat, 22 Apr 2023 04:49:06 GMT
      x-ms-return-client-request-id:
      - 'true'
    method: GET
    uri: https://sanitized.communication.azure.com/rooms/99474765996343800/participants?api-version=2023-03-31-preview
  response:
    body:
      string: '{"value":[{"rawId":"8:acs:db75ed0c-e801-41a3-99a4-66a0a119a06c_00000018-472c-f890-1985-09482200949b","role":"Consumer"},{"rawId":"8:acs:db75ed0c-e801-41a3-99a4-66a0a119a06c_00000018-472c-f979-1985-09482200949d","role":"Attendee"},{"rawId":"8:acs:db75ed0c-e801-41a3-99a4-66a0a119a06c_00000018-472c-f927-1985-09482200949c","role":"Consumer"}]}'
    headers:
      api-supported-versions: 2022-02-01, 2023-03-31-preview
      content-type: application/json; charset=utf-8
      date: Sat, 22 Apr 2023 04:49:05 GMT
      ms-cv: 4LXbTukVSU++sSye+N2a+w.0
      request-context: appId=
      transfer-encoding: chunked
      x-cache: CONFIG_NOCACHE
    status:
      code: 200
      message: OK
    url: https://rooms-ppe-us.ppe.communication.azure.net/rooms/99474765996343800/participants?api-version=2023-03-31-preview
- request:
    body: ''
    headers:
      Accept:
      - application/json
      User-Agent:
      - azsdk-python-communication-rooms/1.0.0b3 Python/3.10.0 (Windows-10-10.0.22621-SP0)
      x-ms-date:
      - Sat, 22 Apr 2023 04:49:07 GMT
      x-ms-return-client-request-id:
      - 'true'
    method: DELETE
    uri: https://sanitized.communication.azure.com/rooms/99474765996343800?api-version=2023-03-31-preview
  response:
    body:
      string: ''
    headers:
      api-supported-versions: 2021-04-07, 2022-02-01, 2023-03-31-preview
      date: Sat, 22 Apr 2023 04:49:06 GMT
      ms-cv: Q7k1c9YS1kS1uQGQy57NJA.0
      request-context: appId=
      x-cache: CONFIG_NOCACHE
    status:
      code: 204
      message: No Content
    url: https://rooms-ppe-us.ppe.communication.azure.net/rooms/99474765996343800?api-version=2023-03-31-preview
- request:
    body: null
    headers:
      Accept:
      - application/json
      Accept-Encoding:
      - gzip, deflate
      Connection:
      - keep-alive
      Content-Length:
      - '0'
      User-Agent:
      - azsdk-python-communication-identity/1.4.0b2 Python/3.10.0 (Windows-10-10.0.22621-SP0)
      x-ms-date:
      - Sat, 22 Apr 2023 04:49:07 GMT
      x-ms-return-client-request-id:
      - 'true'
    method: DELETE
    uri: https://sanitized.communication.azure.com/identities/sanitized?api-version=2022-10-01
  response:
    body:
      string: ''
    headers:
      api-supported-versions:
      - 2020-07-20-preview2, 2021-02-22-preview1, 2021-03-07, 2021-10-31-preview,
        2021-11-01, 2022-06-01, 2022-10-01, 2023-08-01
      date:
      - Sat, 22 Apr 2023 04:49:06 GMT
      ms-cv:
      - EvybmQT5Xk6DgFo46JDukw.0
      request-context:
      - appId=
      strict-transport-security:
      - max-age=2592000
      x-cache:
      - CONFIG_NOCACHE
      x-processing-time:
      - 129ms
    status:
      code: 204
      message: No Content
- request:
    body: null
    headers:
      Accept:
      - application/json
      Accept-Encoding:
      - gzip, deflate
      Connection:
      - keep-alive
      Content-Length:
      - '0'
      User-Agent:
      - azsdk-python-communication-identity/1.4.0b2 Python/3.10.0 (Windows-10-10.0.22621-SP0)
      x-ms-date:
      - Sat, 22 Apr 2023 04:49:07 GMT
      x-ms-return-client-request-id:
      - 'true'
    method: DELETE
    uri: https://sanitized.communication.azure.com/identities/sanitized?api-version=2022-10-01
  response:
    body:
      string: ''
    headers:
      api-supported-versions:
      - 2020-07-20-preview2, 2021-02-22-preview1, 2021-03-07, 2021-10-31-preview,
        2021-11-01, 2022-06-01, 2022-10-01, 2023-08-01
      date:
      - Sat, 22 Apr 2023 04:49:06 GMT
      ms-cv:
      - L3VrgtV48E2XSLad1lHMyg.0
      request-context:
      - appId=
      strict-transport-security:
      - max-age=2592000
      x-cache:
      - CONFIG_NOCACHE
      x-processing-time:
      - 124ms
    status:
      code: 204
      message: No Content
- request:
    body: null
    headers:
      Accept:
      - application/json
      Accept-Encoding:
      - gzip, deflate
      Connection:
      - keep-alive
      Content-Length:
      - '0'
      User-Agent:
      - azsdk-python-communication-identity/1.4.0b2 Python/3.10.0 (Windows-10-10.0.22621-SP0)
      x-ms-date:
      - Sat, 22 Apr 2023 04:49:08 GMT
      x-ms-return-client-request-id:
      - 'true'
    method: DELETE
    uri: https://sanitized.communication.azure.com/identities/sanitized?api-version=2022-10-01
  response:
    body:
      string: ''
    headers:
      api-supported-versions:
      - 2020-07-20-preview2, 2021-02-22-preview1, 2021-03-07, 2021-10-31-preview,
        2021-11-01, 2022-06-01, 2022-10-01, 2023-08-01
      date:
      - Sat, 22 Apr 2023 04:49:06 GMT
      ms-cv:
      - tUFNvxiNS0GaHwM9n0Lcow.0
      request-context:
      - appId=
      strict-transport-security:
      - max-age=2592000
      x-cache:
      - CONFIG_NOCACHE
      x-processing-time:
      - 137ms
    status:
      code: 204
      message: No Content
version: 1
