interactions:
- request:
    body: null
    headers:
      Accept:
      - application/json
      Accept-Encoding:
      - gzip, deflate
      Connection:
      - keep-alive
      Content-Length:
      - '0'
      Content-Type:
      - application/json
      User-Agent:
      - azsdk-python-communication-identity/1.4.0b2 Python/3.10.0 (Windows-10-10.0.22621-SP0)
      x-ms-date:
      - Sat, 22 Apr 2023 04:49:45 GMT
      x-ms-return-client-request-id:
      - 'true'
    method: POST
    uri: https://sanitized.communication.azure.com/identities?api-version=2022-10-01
  response:
    body:
      string: '{"identity":{"id":"8:acs:db75ed0c-e801-41a3-99a4-66a0a119a06c_00000018-472d-969f-1985-0948220094a7"}}'
    headers:
      api-supported-versions:
      - 2020-07-20-preview2, 2021-02-22-preview1, 2021-03-07, 2021-10-31-preview,
        2021-11-01, 2022-06-01, 2022-10-01, 2023-08-01
      connection:
      - keep-alive
      content-length:
      - '101'
      content-type:
      - application/json; charset=utf-8
      date:
      - Sat, 22 Apr 2023 04:49:45 GMT
      ms-cv:
      - VmdPN74oTUu67fjowY+g0Q.0
      request-context:
      - appId=
      strict-transport-security:
      - max-age=2592000
      x-cache:
      - CONFIG_NOCACHE
      x-processing-time:
      - 18ms
    status:
      code: 201
      message: Created
- request:
    body: null
    headers:
      Accept:
      - application/json
      Accept-Encoding:
      - gzip, deflate
      Connection:
      - keep-alive
      Content-Length:
      - '0'
      Content-Type:
      - application/json
      User-Agent:
      - azsdk-python-communication-identity/1.4.0b2 Python/3.10.0 (Windows-10-10.0.22621-SP0)
      x-ms-date:
      - Sat, 22 Apr 2023 04:49:45 GMT
      x-ms-return-client-request-id:
      - 'true'
    method: POST
    uri: https://sanitized.communication.azure.com/identities?api-version=2022-10-01
  response:
    body:
      string: '{"identity":{"id":"8:acs:db75ed0c-e801-41a3-99a4-66a0a119a06c_00000018-472d-96f2-1985-0948220094a8"}}'
    headers:
      api-supported-versions:
      - 2020-07-20-preview2, 2021-02-22-preview1, 2021-03-07, 2021-10-31-preview,
        2021-11-01, 2022-06-01, 2022-10-01, 2023-08-01
      connection:
      - keep-alive
      content-length:
      - '101'
      content-type:
      - application/json; charset=utf-8
      date:
      - Sat, 22 Apr 2023 04:49:45 GMT
      ms-cv:
      - CLdCUbtLsUuW5dQzlKsa8w.0
      request-context:
      - appId=
      strict-transport-security:
      - max-age=2592000
      x-cache:
      - CONFIG_NOCACHE
      x-processing-time:
      - 25ms
    status:
      code: 201
      message: Created
- request:
    body: null
    headers:
      Accept:
      - application/json
      Accept-Encoding:
      - gzip, deflate
      Connection:
      - keep-alive
      Content-Length:
      - '0'
      Content-Type:
      - application/json
      User-Agent:
      - azsdk-python-communication-identity/1.4.0b2 Python/3.10.0 (Windows-10-10.0.22621-SP0)
      x-ms-date:
      - Sat, 22 Apr 2023 04:49:45 GMT
      x-ms-return-client-request-id:
      - 'true'
    method: POST
    uri: https://sanitized.communication.azure.com/identities?api-version=2022-10-01
  response:
    body:
      string: '{"identity":{"id":"8:acs:db75ed0c-e801-41a3-99a4-66a0a119a06c_00000018-472d-9748-1985-0948220094a9"}}'
    headers:
      api-supported-versions:
      - 2020-07-20-preview2, 2021-02-22-preview1, 2021-03-07, 2021-10-31-preview,
        2021-11-01, 2022-06-01, 2022-10-01, 2023-08-01
      connection:
      - keep-alive
      content-length:
      - '101'
      content-type:
      - application/json; charset=utf-8
      date:
      - Sat, 22 Apr 2023 04:49:45 GMT
      ms-cv:
      - Tj2b2yFAz0K43kDIcC+0rw.0
      request-context:
      - appId=
      strict-transport-security:
      - max-age=2592000
      x-cache:
      - CONFIG_NOCACHE
      x-processing-time:
      - 19ms
    status:
      code: 201
      message: Created
- request:
    body: null
    headers:
      Accept:
      - application/json
      Accept-Encoding:
      - gzip, deflate
      Connection:
      - keep-alive
      Content-Length:
      - '0'
      Content-Type:
      - application/json
      User-Agent:
      - azsdk-python-communication-identity/1.4.0b2 Python/3.10.0 (Windows-10-10.0.22621-SP0)
      x-ms-date:
      - Sat, 22 Apr 2023 04:49:45 GMT
      x-ms-return-client-request-id:
      - 'true'
    method: POST
    uri: https://sanitized.communication.azure.com/identities?api-version=2022-10-01
  response:
    body:
      string: '{"identity":{"id":"8:acs:db75ed0c-e801-41a3-99a4-66a0a119a06c_00000018-472d-9797-1985-0948220094aa"}}'
    headers:
      api-supported-versions:
      - 2020-07-20-preview2, 2021-02-22-preview1, 2021-03-07, 2021-10-31-preview,
        2021-11-01, 2022-06-01, 2022-10-01, 2023-08-01
      connection:
      - keep-alive
      content-length:
      - '101'
      content-type:
      - application/json; charset=utf-8
      date:
      - Sat, 22 Apr 2023 04:49:45 GMT
      ms-cv:
      - VwcMsMv1/EKm8PL3wZCqOw.0
      request-context:
      - appId=
      strict-transport-security:
      - max-age=2592000
      x-cache:
      - CONFIG_NOCACHE
      x-processing-time:
      - 25ms
    status:
      code: 201
      message: Created
- request:
    body: '{"validFrom": null, "validUntil": null}'
    headers:
      Accept:
      - application/json
      Content-Length:
      - '39'
      Content-Type:
      - application/json
      Repeatability-First-Sent:
      - Sat, 22 Apr 2023 04:49:46 GMT
      Repeatability-Request-ID:
      - 1ac10bb1-e0c9-11ed-91c0-e45e37e24f59
      User-Agent:
      - azsdk-python-communication-rooms/1.0.0b3 Python/3.10.0 (Windows-10-10.0.22621-SP0)
      x-ms-date:
      - Sat, 22 Apr 2023 04:49:46 GMT
      x-ms-return-client-request-id:
      - 'true'
    method: POST
    uri: https://sanitized.communication.azure.com/rooms?api-version=2023-03-31-preview
  response:
    body:
      string: '{"id":"99451350704626802","createdAt":"2023-04-22T04:49:45.8918081+00:00","validFrom":"2023-04-22T04:49:45.8347046+00:00","validUntil":"2023-10-19T04:49:45.8347046+00:00"}'
    headers:
      api-supported-versions: 2021-04-07, 2022-02-01, 2023-03-31-preview
      content-type: application/json; charset=utf-8
      date: Sat, 22 Apr 2023 04:49:45 GMT
      ms-cv: TzqYM+B4VUSbOELri5cv5g.0
      repeatability-result: accepted
      request-context: appId=
      transfer-encoding: chunked
      x-cache: CONFIG_NOCACHE
    status:
      code: 201
      message: Created
    url: https://rooms-ppe-us.ppe.communication.azure.net/rooms?api-version=2023-03-31-preview
- request:
    body: '{"validFrom": "2023-04-24T21:49:46.735359Z", "validUntil": "2023-11-10T21:49:46.735359Z"}'
    headers:
      Accept:
      - application/json
      Content-Length:
      - '89'
      Content-Type:
      - application/merge-patch+json
      User-Agent:
      - azsdk-python-communication-rooms/1.0.0b3 Python/3.10.0 (Windows-10-10.0.22621-SP0)
      x-ms-date:
      - Sat, 22 Apr 2023 04:49:46 GMT
      x-ms-return-client-request-id:
      - 'true'
    method: PATCH
    uri: https://sanitized.communication.azure.com/rooms/99451350704626802?api-version=2023-03-31-preview
  response:
    body:
      string: '{"error":{"code":"BadRequest","message":"The request could not be understood
        by the server due to malformed syntax.","details":[{"code":"BadArgument","message":"The
        time range is incorrect, or larger than 180 days.","target":"ValidUntil"}]}}'
    headers:
      content-type: application/json; charset=utf-8
      date: Sat, 22 Apr 2023 04:49:45 GMT
      ms-cv: ruxLDEA6RECi9mHnMNej8g.0
      request-context: appId=
      transfer-encoding: chunked
      x-cache: CONFIG_NOCACHE
      x-ms-error-code: BadRequest
    status:
      code: 400
      message: Bad Request
    url: https://rooms-ppe-us.ppe.communication.azure.net/rooms/99451350704626802?api-version=2023-03-31-preview
- request:
    body: null
    headers:
      Accept:
      - application/json
      Accept-Encoding:
      - gzip, deflate
      Connection:
      - keep-alive
      Content-Length:
      - '0'
      User-Agent:
      - azsdk-python-communication-identity/1.4.0b2 Python/3.10.0 (Windows-10-10.0.22621-SP0)
      x-ms-date:
      - Sat, 22 Apr 2023 04:49:46 GMT
      x-ms-return-client-request-id:
      - 'true'
    method: DELETE
    uri: https://sanitized.communication.azure.com/identities/sanitized?api-version=2022-10-01
  response:
    body:
      string: ''
    headers:
      api-supported-versions:
      - 2020-07-20-preview2, 2021-02-22-preview1, 2021-03-07, 2021-10-31-preview,
        2021-11-01, 2022-06-01, 2022-10-01, 2023-08-01
      connection:
      - keep-alive
      date:
      - Sat, 22 Apr 2023 04:49:46 GMT
      ms-cv:
      - eLwwVF1YTEmqyQDUYdte/w.0
      request-context:
      - appId=
      strict-transport-security:
      - max-age=2592000
      x-cache:
      - CONFIG_NOCACHE
      x-processing-time:
      - 156ms
    status:
      code: 204
      message: No Content
- request:
    body: null
    headers:
      Accept:
      - application/json
      Accept-Encoding:
      - gzip, deflate
      Connection:
      - keep-alive
      Content-Length:
      - '0'
      User-Agent:
      - azsdk-python-communication-identity/1.4.0b2 Python/3.10.0 (Windows-10-10.0.22621-SP0)
      x-ms-date:
      - Sat, 22 Apr 2023 04:49:47 GMT
      x-ms-return-client-request-id:
      - 'true'
    method: DELETE
    uri: https://sanitized.communication.azure.com/identities/sanitized?api-version=2022-10-01
  response:
    body:
      string: ''
    headers:
      api-supported-versions:
      - 2020-07-20-preview2, 2021-02-22-preview1, 2021-03-07, 2021-10-31-preview,
        2021-11-01, 2022-06-01, 2022-10-01, 2023-08-01
      connection:
      - keep-alive
      date:
      - Sat, 22 Apr 2023 04:49:46 GMT
      ms-cv:
      - RxEW+6Q8q0K2BvGVkoQgkw.0
      request-context:
      - appId=
      strict-transport-security:
      - max-age=2592000
      x-cache:
      - CONFIG_NOCACHE
      x-processing-time:
      - 125ms
    status:
      code: 204
      message: No Content
- request:
    body: null
    headers:
      Accept:
      - application/json
      Accept-Encoding:
      - gzip, deflate
      Connection:
      - keep-alive
      Content-Length:
      - '0'
      User-Agent:
      - azsdk-python-communication-identity/1.4.0b2 Python/3.10.0 (Windows-10-10.0.22621-SP0)
      x-ms-date:
      - Sat, 22 Apr 2023 04:49:47 GMT
      x-ms-return-client-request-id:
      - 'true'
    method: DELETE
    uri: https://sanitized.communication.azure.com/identities/sanitized?api-version=2022-10-01
  response:
    body:
      string: ''
    headers:
      api-supported-versions:
      - 2020-07-20-preview2, 2021-02-22-preview1, 2021-03-07, 2021-10-31-preview,
        2021-11-01, 2022-06-01, 2022-10-01, 2023-08-01
      connection:
      - keep-alive
      date:
      - Sat, 22 Apr 2023 04:49:47 GMT
      ms-cv:
      - kMbBDtDW5EuT9u0yHRRMLw.0
      request-context:
      - appId=
      strict-transport-security:
      - max-age=2592000
      x-cache:
      - CONFIG_NOCACHE
      x-processing-time:
      - 127ms
    status:
      code: 204
      message: No Content
version: 1
