interactions:
- request:
    body: null
    headers:
      Accept:
      - application/json
      Accept-Encoding:
      - gzip, deflate
      Connection:
      - keep-alive
      Content-Length:
      - '0'
      Content-Type:
      - application/json
      User-Agent:
      - azsdk-python-communication-identity/1.3.2 Python/3.10.0 (Windows-10-10.0.22621-SP0)
      x-ms-date:
      - Tue, 11 Apr 2023 22:40:50 GMT
      x-ms-return-client-request-id:
      - 'true'
    method: POST
    uri: https://sanitized.communication.azure.com/identities?api-version=2022-10-01
  response:
    body:
      string: '{"identity":{"id":"8:acs:db75ed0c-e801-41a3-99a4-66a0a119a06c_00000018-125c-4074-b688-09482200effe"}}'
    headers:
      api-supported-versions:
      - 2020-07-20-preview2, 2021-02-22-preview1, 2021-03-07, 2021-10-31-preview,
        2021-11-01, 2022-06-01, 2022-10-01, 2023-08-01
      content-length:
      - '101'
      content-type:
      - application/json; charset=utf-8
      date:
      - Tue, 11 Apr 2023 22:40:50 GMT
      ms-cv:
      - DpGFgE7WBUap2rM1SH1e1Q.0
      request-context:
      - appId=
      strict-transport-security:
      - max-age=2592000
      x-cache:
      - CONFIG_NOCACHE
      x-processing-time:
      - 17ms
    status:
      code: 201
      message: Created
- request:
    body: null
    headers:
      Accept:
      - application/json
      Accept-Encoding:
      - gzip, deflate
      Connection:
      - keep-alive
      Content-Length:
      - '0'
      Content-Type:
      - application/json
      User-Agent:
      - azsdk-python-communication-identity/1.3.2 Python/3.10.0 (Windows-10-10.0.22621-SP0)
      x-ms-date:
      - Tue, 11 Apr 2023 22:40:50 GMT
      x-ms-return-client-request-id:
      - 'true'
    method: POST
    uri: https://sanitized.communication.azure.com/identities?api-version=2022-10-01
  response:
    body:
      string: '{"identity":{"id":"8:acs:db75ed0c-e801-41a3-99a4-66a0a119a06c_00000018-125c-40d5-b688-09482200efff"}}'
    headers:
      api-supported-versions:
      - 2020-07-20-preview2, 2021-02-22-preview1, 2021-03-07, 2021-10-31-preview,
        2021-11-01, 2022-06-01, 2022-10-01, 2023-08-01
      content-length:
      - '101'
      content-type:
      - application/json; charset=utf-8
      date:
      - Tue, 11 Apr 2023 22:40:50 GMT
      ms-cv:
      - BNx2s9RcJkCUmRXYNYctaQ.0
      request-context:
      - appId=
      strict-transport-security:
      - max-age=2592000
      x-cache:
      - CONFIG_NOCACHE
      x-processing-time:
      - 19ms
    status:
      code: 201
      message: Created
- request:
    body: null
    headers:
      Accept:
      - application/json
      Accept-Encoding:
      - gzip, deflate
      Connection:
      - keep-alive
      Content-Length:
      - '0'
      Content-Type:
      - application/json
      User-Agent:
      - azsdk-python-communication-identity/1.3.2 Python/3.10.0 (Windows-10-10.0.22621-SP0)
      x-ms-date:
      - Tue, 11 Apr 2023 22:40:50 GMT
      x-ms-return-client-request-id:
      - 'true'
    method: POST
    uri: https://sanitized.communication.azure.com/identities?api-version=2022-10-01
  response:
    body:
      string: '{"identity":{"id":"8:acs:db75ed0c-e801-41a3-99a4-66a0a119a06c_00000018-125c-4130-b688-09482200f000"}}'
    headers:
      api-supported-versions:
      - 2020-07-20-preview2, 2021-02-22-preview1, 2021-03-07, 2021-10-31-preview,
        2021-11-01, 2022-06-01, 2022-10-01, 2023-08-01
      content-length:
      - '101'
      content-type:
      - application/json; charset=utf-8
      date:
      - Tue, 11 Apr 2023 22:40:50 GMT
      ms-cv:
      - kA5gQNUIvkO1/iGZAyzilg.0
      request-context:
      - appId=
      strict-transport-security:
      - max-age=2592000
      x-cache:
      - CONFIG_NOCACHE
      x-processing-time:
      - 18ms
    status:
      code: 201
      message: Created
- request:
    body: null
    headers:
      Accept:
      - application/json
      Accept-Encoding:
      - gzip, deflate
      Connection:
      - keep-alive
      Content-Length:
      - '0'
      Content-Type:
      - application/json
      User-Agent:
      - azsdk-python-communication-identity/1.3.2 Python/3.10.0 (Windows-10-10.0.22621-SP0)
      x-ms-date:
      - Tue, 11 Apr 2023 22:40:50 GMT
      x-ms-return-client-request-id:
      - 'true'
    method: POST
    uri: https://sanitized.communication.azure.com/identities?api-version=2022-10-01
  response:
    body:
      string: '{"identity":{"id":"8:acs:db75ed0c-e801-41a3-99a4-66a0a119a06c_00000018-125c-418f-b688-09482200f001"}}'
    headers:
      api-supported-versions:
      - 2020-07-20-preview2, 2021-02-22-preview1, 2021-03-07, 2021-10-31-preview,
        2021-11-01, 2022-06-01, 2022-10-01, 2023-08-01
      content-length:
      - '101'
      content-type:
      - application/json; charset=utf-8
      date:
      - Tue, 11 Apr 2023 22:40:50 GMT
      ms-cv:
      - cl5dwUoIx0u4OsB+ysgVtg.0
      request-context:
      - appId=
      strict-transport-security:
      - max-age=2592000
      x-cache:
      - CONFIG_NOCACHE
      x-processing-time:
      - 18ms
    status:
      code: 201
      message: Created
- request:
    body: '{"participants": {"8:acs:db75ed0c-e801-41a3-99a4-66a0a119a06c_00000018-125c-4074-b688-09482200effe":
      {"role": "Presenter"}, "8:acs:db75ed0c-e801-41a3-99a4-66a0a119a06c_00000018-125c-4130-b688-09482200f000":
      {"role": "Attendee"}}}'
    headers:
      Accept:
      - application/json
      Accept-Encoding:
      - gzip, deflate
      Connection:
      - keep-alive
      Content-Length:
      - '229'
      Content-Type:
      - application/json
      Repeatability-First-Sent:
      - Tue, 11 Apr 2023 22:40:51 GMT
      Repeatability-Request-ID:
      - e921e098-d8b9-11ed-9668-e45e37e24f59
      User-Agent:
      - azsdk-python-communication-rooms/1.0.0b3 Python/3.10.0 (Windows-10-10.0.22621-SP0)
      x-ms-date:
      - Tue, 11 Apr 2023 22:40:51 GMT
      x-ms-return-client-request-id:
      - 'true'
    method: POST
    uri: https://sanitized.communication.azure.com/rooms?api-version=2023-03-31-preview
  response:
    body:
      string: '{"id":"99425154162072645","createdAt":"2023-04-11T22:40:51.4776591+00:00","validFrom":"2023-04-11T22:40:51.3953769+00:00","validUntil":"2023-10-08T22:40:51.3953769+00:00"}'
    headers:
      api-supported-versions:
      - 2021-04-07, 2022-02-01, 2023-03-31-preview
      content-type:
      - application/json; charset=utf-8
      date:
      - Tue, 11 Apr 2023 22:40:51 GMT
      ms-cv:
      - 7ku24ing+EW4j5lqaSrluw.0
      repeatability-result:
      - accepted
      request-context:
      - appId=
      transfer-encoding:
      - chunked
      x-cache:
      - CONFIG_NOCACHE
    status:
      code: 201
      message: Created
- request:
    body: '{"participants": {"8:acs:db75ed0c-e801-41a3-99a4-66a0a119a06c_00000018-125c-4074-b688-09482200effe":
      null}}'
    headers:
      Accept:
      - application/json
      Accept-Encoding:
      - gzip, deflate
      Connection:
      - keep-alive
      Content-Length:
      - '107'
      Content-Type:
      - application/merge-patch+json
      User-Agent:
      - azsdk-python-communication-rooms/1.0.0b3 Python/3.10.0 (Windows-10-10.0.22621-SP0)
      x-ms-date:
      - Tue, 11 Apr 2023 22:40:51 GMT
      x-ms-return-client-request-id:
      - 'true'
    method: PATCH
    uri: https://sanitized.communication.azure.com/rooms/99425154162072645/participants?api-version=2023-03-31-preview
  response:
    body:
      string: '{}'
    headers:
      api-supported-versions:
      - 2022-02-01, 2023-03-31-preview
      content-type:
      - application/json; charset=utf-8
      date:
      - Tue, 11 Apr 2023 22:40:51 GMT
      ms-cv:
      - ZRTgxtOjt0SBPukTA50uGA.0
      request-context:
      - appId=
      transfer-encoding:
      - chunked
      x-cache:
      - CONFIG_NOCACHE
    status:
      code: 200
      message: OK
- request:
    body: null
    headers:
      Accept:
      - application/json
      Accept-Encoding:
      - gzip, deflate
      Connection:
      - keep-alive
      User-Agent:
      - azsdk-python-communication-rooms/1.0.0b3 Python/3.10.0 (Windows-10-10.0.22621-SP0)
      x-ms-date:
      - Tue, 11 Apr 2023 22:40:52 GMT
      x-ms-return-client-request-id:
      - 'true'
    method: GET
    uri: https://sanitized.communication.azure.com/rooms/99425154162072645/participants?api-version=2023-03-31-preview
  response:
    body:
      string: '{"value":[{"rawId":"8:acs:db75ed0c-e801-41a3-99a4-66a0a119a06c_00000018-125c-4130-b688-09482200f000","role":"Attendee"}]}'
    headers:
      api-supported-versions:
      - 2022-02-01, 2023-03-31-preview
      content-type:
      - application/json; charset=utf-8
      date:
      - Tue, 11 Apr 2023 22:40:51 GMT
      ms-cv:
      - m93C1w2pu0+rNvf9DSQyow.0
      request-context:
      - appId=
      transfer-encoding:
      - chunked
      x-cache:
      - CONFIG_NOCACHE
    status:
      code: 200
      message: OK
- request:
    body: null
    headers:
      Accept:
      - application/json
      Accept-Encoding:
      - gzip, deflate
      Connection:
      - keep-alive
      Content-Length:
      - '0'
      User-Agent:
      - azsdk-python-communication-rooms/1.0.0b3 Python/3.10.0 (Windows-10-10.0.22621-SP0)
      x-ms-date:
      - Tue, 11 Apr 2023 22:40:52 GMT
      x-ms-return-client-request-id:
      - 'true'
    method: DELETE
    uri: https://sanitized.communication.azure.com/rooms/99425154162072645?api-version=2023-03-31-preview
  response:
    body:
      string: ''
    headers:
      api-supported-versions:
      - 2021-04-07, 2022-02-01, 2023-03-31-preview
      date:
      - Tue, 11 Apr 2023 22:40:52 GMT
      ms-cv:
      - DisbM59mv06lNMwtCiOM1Q.0
      request-context:
      - appId=
      x-cache:
      - CONFIG_NOCACHE
    status:
      code: 204
      message: No Content
- request:
    body: null
    headers:
      Accept:
      - application/json
      Accept-Encoding:
      - gzip, deflate
      Connection:
      - keep-alive
      Content-Length:
      - '0'
      User-Agent:
      - azsdk-python-communication-identity/1.3.2 Python/3.10.0 (Windows-10-10.0.22621-SP0)
      x-ms-date:
      - Tue, 11 Apr 2023 22:40:52 GMT
      x-ms-return-client-request-id:
      - 'true'
    method: DELETE
    uri: https://sanitized.communication.azure.com/identities/sanitized?api-version=2022-10-01
  response:
    body:
      string: ''
    headers:
      api-supported-versions:
      - 2020-07-20-preview2, 2021-02-22-preview1, 2021-03-07, 2021-10-31-preview,
        2021-11-01, 2022-06-01, 2022-10-01, 2023-08-01
      date:
      - Tue, 11 Apr 2023 22:40:52 GMT
      ms-cv:
      - trL4Pbv55k+rFA09KxBIeQ.0
      request-context:
      - appId=
      strict-transport-security:
      - max-age=2592000
      x-cache:
      - CONFIG_NOCACHE
      x-processing-time:
      - 114ms
    status:
      code: 204
      message: No Content
- request:
    body: null
    headers:
      Accept:
      - application/json
      Accept-Encoding:
      - gzip, deflate
      Connection:
      - keep-alive
      Content-Length:
      - '0'
      User-Agent:
      - azsdk-python-communication-identity/1.3.2 Python/3.10.0 (Windows-10-10.0.22621-SP0)
      x-ms-date:
      - Tue, 11 Apr 2023 22:40:53 GMT
      x-ms-return-client-request-id:
      - 'true'
    method: DELETE
    uri: https://sanitized.communication.azure.com/identities/sanitized?api-version=2022-10-01
  response:
    body:
      string: ''
    headers:
      api-supported-versions:
      - 2020-07-20-preview2, 2021-02-22-preview1, 2021-03-07, 2021-10-31-preview,
        2021-11-01, 2022-06-01, 2022-10-01, 2023-08-01
      date:
      - Tue, 11 Apr 2023 22:40:53 GMT
      ms-cv:
      - mOuIBAppMUChRnPoojZzpA.0
      request-context:
      - appId=
      strict-transport-security:
      - max-age=2592000
      x-cache:
      - CONFIG_NOCACHE
      x-processing-time:
      - 251ms
    status:
      code: 204
      message: No Content
- request:
    body: null
    headers:
      Accept:
      - application/json
      Accept-Encoding:
      - gzip, deflate
      Connection:
      - keep-alive
      Content-Length:
      - '0'
      User-Agent:
      - azsdk-python-communication-identity/1.3.2 Python/3.10.0 (Windows-10-10.0.22621-SP0)
      x-ms-date:
      - Tue, 11 Apr 2023 22:40:53 GMT
      x-ms-return-client-request-id:
      - 'true'
    method: DELETE
    uri: https://sanitized.communication.azure.com/identities/sanitized?api-version=2022-10-01
  response:
    body:
      string: ''
    headers:
      api-supported-versions:
      - 2020-07-20-preview2, 2021-02-22-preview1, 2021-03-07, 2021-10-31-preview,
        2021-11-01, 2022-06-01, 2022-10-01, 2023-08-01
      date:
      - Tue, 11 Apr 2023 22:40:53 GMT
      ms-cv:
      - RPNPynsgBUq6vHx1NeQpEQ.0
      request-context:
      - appId=
      strict-transport-security:
      - max-age=2592000
      x-cache:
      - CONFIG_NOCACHE
      x-processing-time:
      - 116ms
    status:
      code: 204
      message: No Content
version: 1
