interactions:
- request:
    body: null
    headers:
      Accept:
      - application/json
      Accept-Encoding:
      - gzip, deflate
      Connection:
      - keep-alive
      Content-Length:
      - '0'
      Content-Type:
      - application/json
      User-Agent:
      - azsdk-python-communication-identity/1.4.0b2 Python/3.10.0 (Windows-10-10.0.22621-SP0)
      x-ms-date:
      - Thu, 20 Apr 2023 18:34:45 GMT
      x-ms-return-client-request-id:
      - 'true'
    method: POST
    uri: https://sanitized.communication.azure.com/identities?api-version=2022-10-01
  response:
    body:
      string: '{"identity":{"id":"8:acs:db75ed0c-e801-41a3-99a4-66a0a119a06c_00000018-3fd4-2eca-f38d-09482200f47c"}}'
    headers:
      api-supported-versions:
      - 2020-07-20-preview2, 2021-02-22-preview1, 2021-03-07, 2021-10-31-preview,
        2021-11-01, 2022-06-01, 2022-10-01, 2023-08-01
      content-length:
      - '101'
      content-type:
      - application/json; charset=utf-8
      date:
      - Thu, 20 Apr 2023 18:34:44 GMT
      ms-cv:
      - YeMng5C1lkK+W1IfAAj7vQ.0
      request-context:
      - appId=
      strict-transport-security:
      - max-age=2592000
      x-cache:
      - CONFIG_NOCACHE
      x-processing-time:
      - 18ms
    status:
      code: 201
      message: Created
- request:
    body: null
    headers:
      Accept:
      - application/json
      Accept-Encoding:
      - gzip, deflate
      Connection:
      - keep-alive
      Content-Length:
      - '0'
      Content-Type:
      - application/json
      User-Agent:
      - azsdk-python-communication-identity/1.4.0b2 Python/3.10.0 (Windows-10-10.0.22621-SP0)
      x-ms-date:
      - Thu, 20 Apr 2023 18:34:45 GMT
      x-ms-return-client-request-id:
      - 'true'
    method: POST
    uri: https://sanitized.communication.azure.com/identities?api-version=2022-10-01
  response:
    body:
      string: '{"identity":{"id":"8:acs:db75ed0c-e801-41a3-99a4-66a0a119a06c_00000018-3fd4-2f4f-1788-09482200f2d2"}}'
    headers:
      api-supported-versions:
      - 2020-07-20-preview2, 2021-02-22-preview1, 2021-03-07, 2021-10-31-preview,
        2021-11-01, 2022-06-01, 2022-10-01, 2023-08-01
      content-length:
      - '101'
      content-type:
      - application/json; charset=utf-8
      date:
      - Thu, 20 Apr 2023 18:34:45 GMT
      ms-cv:
      - qOf2YyN9q060AYzUrgiD+g.0
      request-context:
      - appId=
      strict-transport-security:
      - max-age=2592000
      x-cache:
      - CONFIG_NOCACHE
      x-processing-time:
      - 18ms
    status:
      code: 201
      message: Created
- request:
    body: null
    headers:
      Accept:
      - application/json
      Accept-Encoding:
      - gzip, deflate
      Connection:
      - keep-alive
      Content-Length:
      - '0'
      Content-Type:
      - application/json
      User-Agent:
      - azsdk-python-communication-identity/1.4.0b2 Python/3.10.0 (Windows-10-10.0.22621-SP0)
      x-ms-date:
      - Thu, 20 Apr 2023 18:34:45 GMT
      x-ms-return-client-request-id:
      - 'true'
    method: POST
    uri: https://sanitized.communication.azure.com/identities?api-version=2022-10-01
  response:
    body:
      string: '{"identity":{"id":"8:acs:db75ed0c-e801-41a3-99a4-66a0a119a06c_00000018-3fd4-2fa4-1788-09482200f2d3"}}'
    headers:
      api-supported-versions:
      - 2020-07-20-preview2, 2021-02-22-preview1, 2021-03-07, 2021-10-31-preview,
        2021-11-01, 2022-06-01, 2022-10-01, 2023-08-01
      content-length:
      - '101'
      content-type:
      - application/json; charset=utf-8
      date:
      - Thu, 20 Apr 2023 18:34:45 GMT
      ms-cv:
      - /BprkxEDW0uAB29vU//LjA.0
      request-context:
      - appId=
      strict-transport-security:
      - max-age=2592000
      x-cache:
      - CONFIG_NOCACHE
      x-processing-time:
      - 17ms
    status:
      code: 201
      message: Created
- request:
    body: null
    headers:
      Accept:
      - application/json
      Accept-Encoding:
      - gzip, deflate
      Connection:
      - keep-alive
      Content-Length:
      - '0'
      Content-Type:
      - application/json
      User-Agent:
      - azsdk-python-communication-identity/1.4.0b2 Python/3.10.0 (Windows-10-10.0.22621-SP0)
      x-ms-date:
      - Thu, 20 Apr 2023 18:34:45 GMT
      x-ms-return-client-request-id:
      - 'true'
    method: POST
    uri: https://sanitized.communication.azure.com/identities?api-version=2022-10-01
  response:
    body:
      string: '{"identity":{"id":"8:acs:db75ed0c-e801-41a3-99a4-66a0a119a06c_00000018-3fd4-3002-1788-09482200f2d4"}}'
    headers:
      api-supported-versions:
      - 2020-07-20-preview2, 2021-02-22-preview1, 2021-03-07, 2021-10-31-preview,
        2021-11-01, 2022-06-01, 2022-10-01, 2023-08-01
      content-length:
      - '101'
      content-type:
      - application/json; charset=utf-8
      date:
      - Thu, 20 Apr 2023 18:34:45 GMT
      ms-cv:
      - Hf2AJnit1UOWJAM69HjWVw.0
      request-context:
      - appId=
      strict-transport-security:
      - max-age=2592000
      x-cache:
      - CONFIG_NOCACHE
      x-processing-time:
      - 19ms
    status:
      code: 201
      message: Created
- request:
    body: '{"participants": {}}'
    headers:
      Accept:
      - application/json
      Accept-Encoding:
      - gzip, deflate
      Connection:
      - keep-alive
      Content-Length:
      - '20'
      Content-Type:
      - application/json
      Repeatability-First-Sent:
      - Thu, 20 Apr 2023 18:34:45 GMT
      Repeatability-Request-ID:
      - 06053158-dfaa-11ed-b0d8-e45e37e24f59
      User-Agent:
      - azsdk-python-communication-rooms/1.0.0b3 Python/3.10.0 (Windows-10-10.0.22621-SP0)
      x-ms-date:
      - Thu, 20 Apr 2023 18:34:45 GMT
      x-ms-return-client-request-id:
      - 'true'
    method: POST
    uri: https://sanitized.communication.azure.com/rooms?api-version=2023-03-31-preview
  response:
    body:
      string: '{"id":"99454170603744762","createdAt":"2023-04-20T18:34:46.3596444+00:00","validFrom":"2023-04-20T18:34:46.0845192+00:00","validUntil":"2023-10-17T18:34:46.0845192+00:00"}'
    headers:
      api-supported-versions:
      - 2021-04-07, 2022-02-01, 2023-03-31-preview
      connection:
      - keep-alive
      content-type:
      - application/json; charset=utf-8
      date:
      - Thu, 20 Apr 2023 18:34:46 GMT
      ms-cv:
      - NoBx1+sN5UOV2DWv6UM4ng.0
      repeatability-result:
      - accepted
      request-context:
      - appId=
      transfer-encoding:
      - chunked
      x-cache:
      - CONFIG_NOCACHE
    status:
      code: 201
      message: Created
- request:
    body: '{"validFrom": "2023-04-23T11:34:46.514971Z", "validUntil": "2023-11-09T11:34:46.514971Z"}'
    headers:
      Accept:
      - application/json
      Accept-Encoding:
      - gzip, deflate
      Connection:
      - keep-alive
      Content-Length:
      - '89'
      Content-Type:
      - application/merge-patch+json
      User-Agent:
      - azsdk-python-communication-rooms/1.0.0b3 Python/3.10.0 (Windows-10-10.0.22621-SP0)
      x-ms-date:
      - Thu, 20 Apr 2023 18:34:46 GMT
      x-ms-return-client-request-id:
      - 'true'
    method: PATCH
    uri: https://sanitized.communication.azure.com/rooms/99454170603744762?api-version=2023-03-31-preview
  response:
    body:
      string: '{"error":{"code":"BadRequest","message":"The request could not be understood
        by the server due to malformed syntax.","details":[{"code":"BadArgument","message":"The
        time range is incorrect, or larger than 180 days.","target":"ValidUntil"}]}}'
    headers:
      connection:
      - keep-alive
      content-type:
      - application/json; charset=utf-8
      date:
      - Thu, 20 Apr 2023 18:34:46 GMT
      ms-cv:
      - Ikki6vNPwUG+eVMRROfMyg.0
      request-context:
      - appId=
      transfer-encoding:
      - chunked
      x-cache:
      - CONFIG_NOCACHE
      x-ms-error-code:
      - BadRequest
    status:
      code: 400
      message: Bad Request
- request:
    body: null
    headers:
      Accept:
      - application/json
      Accept-Encoding:
      - gzip, deflate
      Connection:
      - keep-alive
      Content-Length:
      - '0'
      User-Agent:
      - azsdk-python-communication-rooms/1.0.0b3 Python/3.10.0 (Windows-10-10.0.22621-SP0)
      x-ms-date:
      - Thu, 20 Apr 2023 18:34:46 GMT
      x-ms-return-client-request-id:
      - 'true'
    method: DELETE
    uri: https://sanitized.communication.azure.com/rooms/99454170603744762?api-version=2023-03-31-preview
  response:
    body:
      string: ''
    headers:
      api-supported-versions:
      - 2021-04-07, 2022-02-01, 2023-03-31-preview
      connection:
      - keep-alive
      date:
      - Thu, 20 Apr 2023 18:34:47 GMT
      ms-cv:
      - Ii1IkpqgNU+bRUSfDrbC9Q.0
      request-context:
      - appId=
      x-cache:
      - CONFIG_NOCACHE
    status:
      code: 204
      message: No Content
- request:
    body: null
    headers:
      Accept:
      - application/json
      Accept-Encoding:
      - gzip, deflate
      Connection:
      - keep-alive
      Content-Length:
      - '0'
      User-Agent:
      - azsdk-python-communication-identity/1.4.0b2 Python/3.10.0 (Windows-10-10.0.22621-SP0)
      x-ms-date:
      - Thu, 20 Apr 2023 18:34:47 GMT
      x-ms-return-client-request-id:
      - 'true'
    method: DELETE
    uri: https://sanitized.communication.azure.com/identities/sanitized?api-version=2022-10-01
  response:
    body:
      string: ''
    headers:
      api-supported-versions:
      - 2020-07-20-preview2, 2021-02-22-preview1, 2021-03-07, 2021-10-31-preview,
        2021-11-01, 2022-06-01, 2022-10-01, 2023-08-01
      date:
      - Thu, 20 Apr 2023 18:34:46 GMT
      ms-cv:
      - 9fvW82cTVEyOOAQl/ieVYw.0
      request-context:
      - appId=
      strict-transport-security:
      - max-age=2592000
      x-cache:
      - CONFIG_NOCACHE
      x-processing-time:
      - 140ms
    status:
      code: 204
      message: No Content
- request:
    body: null
    headers:
      Accept:
      - application/json
      Accept-Encoding:
      - gzip, deflate
      Connection:
      - keep-alive
      Content-Length:
      - '0'
      User-Agent:
      - azsdk-python-communication-identity/1.4.0b2 Python/3.10.0 (Windows-10-10.0.22621-SP0)
      x-ms-date:
      - Thu, 20 Apr 2023 18:34:47 GMT
      x-ms-return-client-request-id:
      - 'true'
    method: DELETE
    uri: https://sanitized.communication.azure.com/identities/sanitized?api-version=2022-10-01
  response:
    body:
      string: ''
    headers:
      api-supported-versions:
      - 2020-07-20-preview2, 2021-02-22-preview1, 2021-03-07, 2021-10-31-preview,
        2021-11-01, 2022-06-01, 2022-10-01, 2023-08-01
      date:
      - Thu, 20 Apr 2023 18:34:47 GMT
      ms-cv:
      - 79WIQaq1xEacikD3yZRN7Q.0
      request-context:
      - appId=
      strict-transport-security:
      - max-age=2592000
      x-cache:
      - CONFIG_NOCACHE
      x-processing-time:
      - 145ms
    status:
      code: 204
      message: No Content
- request:
    body: null
    headers:
      Accept:
      - application/json
      Accept-Encoding:
      - gzip, deflate
      Connection:
      - keep-alive
      Content-Length:
      - '0'
      User-Agent:
      - azsdk-python-communication-identity/1.4.0b2 Python/3.10.0 (Windows-10-10.0.22621-SP0)
      x-ms-date:
      - Thu, 20 Apr 2023 18:34:47 GMT
      x-ms-return-client-request-id:
      - 'true'
    method: DELETE
    uri: https://sanitized.communication.azure.com/identities/sanitized?api-version=2022-10-01
  response:
    body:
      string: ''
    headers:
      api-supported-versions:
      - 2020-07-20-preview2, 2021-02-22-preview1, 2021-03-07, 2021-10-31-preview,
        2021-11-01, 2022-06-01, 2022-10-01, 2023-08-01
      date:
      - Thu, 20 Apr 2023 18:34:47 GMT
      ms-cv:
      - UFkPPPUd6kSMOmZ3SZ7+XQ.0
      request-context:
      - appId=
      strict-transport-security:
      - max-age=2592000
      x-cache:
      - CONFIG_NOCACHE
      x-processing-time:
      - 171ms
    status:
      code: 204
      message: No Content
version: 1
