interactions:
- request:
    body: null
    headers:
      Accept:
      - application/json
      Accept-Encoding:
      - gzip, deflate
      Connection:
      - keep-alive
      Content-Length:
      - '0'
      Content-Type:
      - application/json
      User-Agent:
      - azsdk-python-communication-identity/1.4.0b2 Python/3.10.0 (Windows-10-10.0.22621-SP0)
      x-ms-date:
      - Sat, 22 Apr 2023 04:50:45 GMT
      x-ms-return-client-request-id:
      - 'true'
    method: POST
    uri: https://sanitized.communication.azure.com/identities?api-version=2022-10-01
  response:
    body:
      string: '{"identity":{"id":"8:acs:db75ed0c-e801-41a3-99a4-66a0a119a06c_00000018-472e-7f1f-b688-094822009ada"}}'
    headers:
      api-supported-versions:
      - 2020-07-20-preview2, 2021-02-22-preview1, 2021-03-07, 2021-10-31-preview,
        2021-11-01, 2022-06-01, 2022-10-01, 2023-08-01
      connection:
      - keep-alive
      content-length:
      - '101'
      content-type:
      - application/json; charset=utf-8
      date:
      - Sat, 22 Apr 2023 04:50:44 GMT
      ms-cv:
      - c+/DD8r0x0W4DmrSSpz5eA.0
      request-context:
      - appId=
      strict-transport-security:
      - max-age=2592000
      x-cache:
      - CONFIG_NOCACHE
      x-processing-time:
      - 20ms
    status:
      code: 201
      message: Created
- request:
    body: null
    headers:
      Accept:
      - application/json
      Accept-Encoding:
      - gzip, deflate
      Connection:
      - keep-alive
      Content-Length:
      - '0'
      Content-Type:
      - application/json
      User-Agent:
      - azsdk-python-communication-identity/1.4.0b2 Python/3.10.0 (Windows-10-10.0.22621-SP0)
      x-ms-date:
      - Sat, 22 Apr 2023 04:50:45 GMT
      x-ms-return-client-request-id:
      - 'true'
    method: POST
    uri: https://sanitized.communication.azure.com/identities?api-version=2022-10-01
  response:
    body:
      string: '{"identity":{"id":"8:acs:db75ed0c-e801-41a3-99a4-66a0a119a06c_00000018-472e-7f6c-b688-094822009adb"}}'
    headers:
      api-supported-versions:
      - 2020-07-20-preview2, 2021-02-22-preview1, 2021-03-07, 2021-10-31-preview,
        2021-11-01, 2022-06-01, 2022-10-01, 2023-08-01
      connection:
      - keep-alive
      content-length:
      - '101'
      content-type:
      - application/json; charset=utf-8
      date:
      - Sat, 22 Apr 2023 04:50:44 GMT
      ms-cv:
      - YXmd+m//sE6Z1A/p9VkAxg.0
      request-context:
      - appId=
      strict-transport-security:
      - max-age=2592000
      x-cache:
      - CONFIG_NOCACHE
      x-processing-time:
      - 19ms
    status:
      code: 201
      message: Created
- request:
    body: null
    headers:
      Accept:
      - application/json
      Accept-Encoding:
      - gzip, deflate
      Connection:
      - keep-alive
      Content-Length:
      - '0'
      Content-Type:
      - application/json
      User-Agent:
      - azsdk-python-communication-identity/1.4.0b2 Python/3.10.0 (Windows-10-10.0.22621-SP0)
      x-ms-date:
      - Sat, 22 Apr 2023 04:50:45 GMT
      x-ms-return-client-request-id:
      - 'true'
    method: POST
    uri: https://sanitized.communication.azure.com/identities?api-version=2022-10-01
  response:
    body:
      string: '{"identity":{"id":"8:acs:db75ed0c-e801-41a3-99a4-66a0a119a06c_00000018-472e-7fc4-b688-094822009adc"}}'
    headers:
      api-supported-versions:
      - 2020-07-20-preview2, 2021-02-22-preview1, 2021-03-07, 2021-10-31-preview,
        2021-11-01, 2022-06-01, 2022-10-01, 2023-08-01
      connection:
      - keep-alive
      content-length:
      - '101'
      content-type:
      - application/json; charset=utf-8
      date:
      - Sat, 22 Apr 2023 04:50:44 GMT
      ms-cv:
      - MKQBlJt/MUqUolMjlsDstQ.0
      request-context:
      - appId=
      strict-transport-security:
      - max-age=2592000
      x-cache:
      - CONFIG_NOCACHE
      x-processing-time:
      - 22ms
    status:
      code: 201
      message: Created
- request:
    body: null
    headers:
      Accept:
      - application/json
      Accept-Encoding:
      - gzip, deflate
      Connection:
      - keep-alive
      Content-Length:
      - '0'
      Content-Type:
      - application/json
      User-Agent:
      - azsdk-python-communication-identity/1.4.0b2 Python/3.10.0 (Windows-10-10.0.22621-SP0)
      x-ms-date:
      - Sat, 22 Apr 2023 04:50:45 GMT
      x-ms-return-client-request-id:
      - 'true'
    method: POST
    uri: https://sanitized.communication.azure.com/identities?api-version=2022-10-01
  response:
    body:
      string: '{"identity":{"id":"8:acs:db75ed0c-e801-41a3-99a4-66a0a119a06c_00000018-472e-801d-b688-094822009add"}}'
    headers:
      api-supported-versions:
      - 2020-07-20-preview2, 2021-02-22-preview1, 2021-03-07, 2021-10-31-preview,
        2021-11-01, 2022-06-01, 2022-10-01, 2023-08-01
      connection:
      - keep-alive
      content-length:
      - '101'
      content-type:
      - application/json; charset=utf-8
      date:
      - Sat, 22 Apr 2023 04:50:44 GMT
      ms-cv:
      - pDPSzFOF80Kg6KQn9ECEXw.0
      request-context:
      - appId=
      strict-transport-security:
      - max-age=2592000
      x-cache:
      - CONFIG_NOCACHE
      x-processing-time:
      - 20ms
    status:
      code: 201
      message: Created
- request:
    body: '{"validFrom": "2023-04-24T21:50:45.560252Z", "validUntil": "2023-04-28T21:50:45.560252Z"}'
    headers:
      Accept:
      - application/json
      Accept-Encoding:
      - gzip, deflate
      Connection:
      - keep-alive
      Content-Length:
      - '89'
      Content-Type:
      - application/merge-patch+json
      User-Agent:
      - azsdk-python-communication-rooms/1.0.0b3 Python/3.10.0 (Windows-10-10.0.22621-SP0)
      x-ms-date:
      - Sat, 22 Apr 2023 04:50:45 GMT
      x-ms-return-client-request-id:
      - 'true'
    method: PATCH
    uri: https://sanitized.communication.azure.com/rooms/78469124725336262?api-version=2023-03-31-preview
  response:
    body:
      string: '{"error":{"code":"NotFound","message":"The server cannot find the requested
        resource."}}'
    headers:
      api-supported-versions:
      - 2021-04-07, 2022-02-01, 2023-03-31-preview
      connection:
      - keep-alive
      content-type:
      - application/json; charset=utf-8
      date:
      - Sat, 22 Apr 2023 04:50:45 GMT
      ms-cv:
      - Do0CWeXy1kyn0JOi+3mAxA.0
      request-context:
      - appId=
      transfer-encoding:
      - chunked
      x-cache:
      - CONFIG_NOCACHE
      x-ms-error-code:
      - NotFound
    status:
      code: 404
      message: Not Found
- request:
    body: null
    headers:
      Accept:
      - application/json
      Accept-Encoding:
      - gzip, deflate
      Connection:
      - keep-alive
      Content-Length:
      - '0'
      User-Agent:
      - azsdk-python-communication-identity/1.4.0b2 Python/3.10.0 (Windows-10-10.0.22621-SP0)
      x-ms-date:
      - Sat, 22 Apr 2023 04:50:45 GMT
      x-ms-return-client-request-id:
      - 'true'
    method: DELETE
    uri: https://sanitized.communication.azure.com/identities/sanitized?api-version=2022-10-01
  response:
    body:
      string: ''
    headers:
      api-supported-versions:
      - 2020-07-20-preview2, 2021-02-22-preview1, 2021-03-07, 2021-10-31-preview,
        2021-11-01, 2022-06-01, 2022-10-01, 2023-08-01
      connection:
      - keep-alive
      date:
      - Sat, 22 Apr 2023 04:50:45 GMT
      ms-cv:
      - V6eJVyQCCEWV98wzVvz5Kg.0
      request-context:
      - appId=
      strict-transport-security:
      - max-age=2592000
      x-cache:
      - CONFIG_NOCACHE
      x-processing-time:
      - 176ms
    status:
      code: 204
      message: No Content
- request:
    body: null
    headers:
      Accept:
      - application/json
      Accept-Encoding:
      - gzip, deflate
      Connection:
      - keep-alive
      Content-Length:
      - '0'
      User-Agent:
      - azsdk-python-communication-identity/1.4.0b2 Python/3.10.0 (Windows-10-10.0.22621-SP0)
      x-ms-date:
      - Sat, 22 Apr 2023 04:50:46 GMT
      x-ms-return-client-request-id:
      - 'true'
    method: DELETE
    uri: https://sanitized.communication.azure.com/identities/sanitized?api-version=2022-10-01
  response:
    body:
      string: ''
    headers:
      api-supported-versions:
      - 2020-07-20-preview2, 2021-02-22-preview1, 2021-03-07, 2021-10-31-preview,
        2021-11-01, 2022-06-01, 2022-10-01, 2023-08-01
      connection:
      - keep-alive
      date:
      - Sat, 22 Apr 2023 04:50:45 GMT
      ms-cv:
      - VeuR4Y4XxkCwyN4BvEH2TQ.0
      request-context:
      - appId=
      strict-transport-security:
      - max-age=2592000
      x-cache:
      - CONFIG_NOCACHE
      x-processing-time:
      - 211ms
    status:
      code: 204
      message: No Content
- request:
    body: null
    headers:
      Accept:
      - application/json
      Accept-Encoding:
      - gzip, deflate
      Connection:
      - keep-alive
      Content-Length:
      - '0'
      User-Agent:
      - azsdk-python-communication-identity/1.4.0b2 Python/3.10.0 (Windows-10-10.0.22621-SP0)
      x-ms-date:
      - Sat, 22 Apr 2023 04:50:46 GMT
      x-ms-return-client-request-id:
      - 'true'
    method: DELETE
    uri: https://sanitized.communication.azure.com/identities/sanitized?api-version=2022-10-01
  response:
    body:
      string: ''
    headers:
      api-supported-versions:
      - 2020-07-20-preview2, 2021-02-22-preview1, 2021-03-07, 2021-10-31-preview,
        2021-11-01, 2022-06-01, 2022-10-01, 2023-08-01
      connection:
      - keep-alive
      date:
      - Sat, 22 Apr 2023 04:50:46 GMT
      ms-cv:
      - HFB1vi+dmUa++TFDRnDbyw.0
      request-context:
      - appId=
      strict-transport-security:
      - max-age=2592000
      x-cache:
      - CONFIG_NOCACHE
      x-processing-time:
      - 210ms
    status:
      code: 204
      message: No Content
version: 1
