interactions:
- request:
    body: null
    headers:
      Accept:
      - application/json
      Accept-Encoding:
      - gzip, deflate
      Connection:
      - keep-alive
      Content-Length:
      - '0'
      Content-Type:
      - application/json
      User-Agent:
      - azsdk-python-communication-identity/1.3.2 Python/3.10.0 (Windows-10-10.0.22621-SP0)
      x-ms-date:
      - Tue, 11 Apr 2023 22:39:54 GMT
      x-ms-return-client-request-id:
      - 'true'
    method: POST
    uri: https://sanitized.ppe.communication.azure.net/identities?api-version=2022-10-01
  response:
    body:
      string: '{"identity":{"id":"8:acs:db75ed0c-e801-41a3-99a4-66a0a119a06c_00000018-125b-656a-a381-09482200ec77"}}'
    headers:
      api-supported-versions:
      - 2020-07-20-preview2, 2021-02-22-preview1, 2021-03-07, 2021-10-31-preview,
        2021-11-01, 2022-06-01, 2022-10-01, 2023-08-01
      connection:
      - keep-alive
      content-length:
      - '101'
      content-type:
      - application/json; charset=utf-8
      date:
      - Tue, 11 Apr 2023 22:39:54 GMT
      ms-cv:
      - 6pdgEXXxLUWJ0JSm9eAQtg.0
      request-context:
      - appId=
      strict-transport-security:
      - max-age=2592000
      x-cache:
      - CONFIG_NOCACHE
      x-processing-time:
      - 18ms
    status:
      code: 201
      message: Created
- request:
    body: null
    headers:
      Accept:
      - application/json
      Accept-Encoding:
      - gzip, deflate
      Connection:
      - keep-alive
      Content-Length:
      - '0'
      Content-Type:
      - application/json
      User-Agent:
      - azsdk-python-communication-identity/1.3.2 Python/3.10.0 (Windows-10-10.0.22621-SP0)
      x-ms-date:
      - Tue, 11 Apr 2023 22:39:54 GMT
      x-ms-return-client-request-id:
      - 'true'
    method: POST
    uri: https://sanitized.ppe.communication.azure.net/identities?api-version=2022-10-01
  response:
    body:
      string: '{"identity":{"id":"8:acs:db75ed0c-e801-41a3-99a4-66a0a119a06c_00000018-125b-65d6-a381-09482200ec78"}}'
    headers:
      api-supported-versions:
      - 2020-07-20-preview2, 2021-02-22-preview1, 2021-03-07, 2021-10-31-preview,
        2021-11-01, 2022-06-01, 2022-10-01, 2023-08-01
      connection:
      - keep-alive
      content-length:
      - '101'
      content-type:
      - application/json; charset=utf-8
      date:
      - Tue, 11 Apr 2023 22:39:54 GMT
      ms-cv:
      - xDDlDsvoGkKE6c86ZGwayw.0
      request-context:
      - appId=
      strict-transport-security:
      - max-age=2592000
      x-cache:
      - CONFIG_NOCACHE
      x-processing-time:
      - 36ms
    status:
      code: 201
      message: Created
- request:
    body: null
    headers:
      Accept:
      - application/json
      Accept-Encoding:
      - gzip, deflate
      Connection:
      - keep-alive
      Content-Length:
      - '0'
      Content-Type:
      - application/json
      User-Agent:
      - azsdk-python-communication-identity/1.3.2 Python/3.10.0 (Windows-10-10.0.22621-SP0)
      x-ms-date:
      - Tue, 11 Apr 2023 22:39:54 GMT
      x-ms-return-client-request-id:
      - 'true'
    method: POST
    uri: https://sanitized.ppe.communication.azure.net/identities?api-version=2022-10-01
  response:
    body:
      string: '{"identity":{"id":"8:acs:db75ed0c-e801-41a3-99a4-66a0a119a06c_00000018-125b-662c-a381-09482200ec79"}}'
    headers:
      api-supported-versions:
      - 2020-07-20-preview2, 2021-02-22-preview1, 2021-03-07, 2021-10-31-preview,
        2021-11-01, 2022-06-01, 2022-10-01, 2023-08-01
      connection:
      - keep-alive
      content-length:
      - '101'
      content-type:
      - application/json; charset=utf-8
      date:
      - Tue, 11 Apr 2023 22:39:54 GMT
      ms-cv:
      - V0z/lwVF3EOAQB7d6FEJKg.0
      request-context:
      - appId=
      strict-transport-security:
      - max-age=2592000
      x-cache:
      - CONFIG_NOCACHE
      x-processing-time:
      - 19ms
    status:
      code: 201
      message: Created
- request:
    body: null
    headers:
      Accept:
      - application/json
      Accept-Encoding:
      - gzip, deflate
      Connection:
      - keep-alive
      Content-Length:
      - '0'
      Content-Type:
      - application/json
      User-Agent:
      - azsdk-python-communication-identity/1.3.2 Python/3.10.0 (Windows-10-10.0.22621-SP0)
      x-ms-date:
      - Tue, 11 Apr 2023 22:39:54 GMT
      x-ms-return-client-request-id:
      - 'true'
    method: POST
    uri: https://sanitized.ppe.communication.azure.net/identities?api-version=2022-10-01
  response:
    body:
      string: '{"identity":{"id":"8:acs:db75ed0c-e801-41a3-99a4-66a0a119a06c_00000018-125b-6684-a381-09482200ec7a"}}'
    headers:
      api-supported-versions:
      - 2020-07-20-preview2, 2021-02-22-preview1, 2021-03-07, 2021-10-31-preview,
        2021-11-01, 2022-06-01, 2022-10-01, 2023-08-01
      connection:
      - keep-alive
      content-length:
      - '101'
      content-type:
      - application/json; charset=utf-8
      date:
      - Tue, 11 Apr 2023 22:39:55 GMT
      ms-cv:
      - REnpPfZqlUidlb3rDsynXg.0
      request-context:
      - appId=
      strict-transport-security:
      - max-age=2592000
      x-cache:
      - CONFIG_NOCACHE
      x-processing-time:
      - 19ms
    status:
      code: 201
      message: Created
- request:
    body: '{"participants": {"8:acs:db75ed0c-e801-41a3-99a4-66a0a119a06c_00000018-125b-656a-a381-09482200ec77":
      {"role": "Presenter"}, "8:acs:db75ed0c-e801-41a3-99a4-66a0a119a06c_00000018-125b-662c-a381-09482200ec79":
      {"role": "Attendee"}}}'
    headers:
      Accept:
      - application/json
      Content-Length:
      - '229'
      Content-Type:
      - application/json
      Repeatability-First-Sent:
      - Tue, 11 Apr 2023 22:39:54 GMT
      Repeatability-Request-ID:
      - c7b53bc0-d8b9-11ed-a169-e45e37e24f59
      User-Agent:
      - azsdk-python-communication-rooms/1.0.0b3 Python/3.10.0 (Windows-10-10.0.22621-SP0)
      x-ms-date:
      - Tue, 11 Apr 2023 22:39:54 GMT
      x-ms-return-client-request-id:
      - 'true'
    method: POST
    uri: https://sanitized.ppe.communication.azure.net/rooms?api-version=2023-03-31-preview
  response:
    body:
      string: '{"id":"99486914573627002","createdAt":"2023-04-11T22:39:55.609112+00:00","validFrom":"2023-04-11T22:39:55.5113633+00:00","validUntil":"2023-10-08T22:39:55.5113633+00:00"}'
    headers:
      api-supported-versions: 2021-04-07, 2022-02-01, 2023-03-31-preview
      content-type: application/json; charset=utf-8
      date: Tue, 11 Apr 2023 22:39:55 GMT
      ms-cv: KqTqXazQVkaiouFttcOAuw.0
      repeatability-result: accepted
      request-context: appId=
      transfer-encoding: chunked
      x-cache: CONFIG_NOCACHE
    status:
      code: 201
      message: Created
    url: https://rooms-ppe-us.ppe.communication.azure.net/rooms?api-version=2023-03-31-preview
- request:
    body: '{"participants": {"8:acs:db75ed0c-e801-41a3-99a4-66a0a119a06c_00000018-125b-656a-a381-09482200ec77":
      null}}'
    headers:
      Accept:
      - application/json
      Content-Length:
      - '107'
      Content-Type:
      - application/merge-patch+json
      User-Agent:
      - azsdk-python-communication-rooms/1.0.0b3 Python/3.10.0 (Windows-10-10.0.22621-SP0)
      x-ms-date:
      - Tue, 11 Apr 2023 22:39:55 GMT
      x-ms-return-client-request-id:
      - 'true'
    method: PATCH
    uri: https://sanitized.ppe.communication.azure.net/rooms/99486914573627002/participants?api-version=2023-03-31-preview
  response:
    body:
      string: '{}'
    headers:
      api-supported-versions: 2022-02-01, 2023-03-31-preview
      content-type: application/json; charset=utf-8
      date: Tue, 11 Apr 2023 22:39:55 GMT
      ms-cv: lNzKWCXSTEGdX+MBMICpwA.0
      request-context: appId=
      transfer-encoding: chunked
      x-cache: CONFIG_NOCACHE
    status:
      code: 200
      message: OK
    url: https://rooms-ppe-us.ppe.communication.azure.net/rooms/99486914573627002/participants?api-version=2023-03-31-preview
- request:
    body: ''
    headers:
      Accept:
      - application/json
      User-Agent:
      - azsdk-python-communication-rooms/1.0.0b3 Python/3.10.0 (Windows-10-10.0.22621-SP0)
      x-ms-date:
      - Tue, 11 Apr 2023 22:39:56 GMT
      x-ms-return-client-request-id:
      - 'true'
    method: GET
    uri: https://sanitized.ppe.communication.azure.net/rooms/99486914573627002/participants?api-version=2023-03-31-preview
  response:
    body:
      string: '{"value":[{"rawId":"8:acs:db75ed0c-e801-41a3-99a4-66a0a119a06c_00000018-125b-662c-a381-09482200ec79","role":"Attendee"}]}'
    headers:
      api-supported-versions: 2022-02-01, 2023-03-31-preview
      content-type: application/json; charset=utf-8
      date: Tue, 11 Apr 2023 22:39:55 GMT
      ms-cv: tD/i6mPKJ0yeG3N4maQZxA.0
      request-context: appId=
      transfer-encoding: chunked
      x-cache: CONFIG_NOCACHE
    status:
      code: 200
      message: OK
    url: https://rooms-ppe-us.ppe.communication.azure.net/rooms/99486914573627002/participants?api-version=2023-03-31-preview
- request:
    body: ''
    headers:
      Accept:
      - application/json
      User-Agent:
      - azsdk-python-communication-rooms/1.0.0b3 Python/3.10.0 (Windows-10-10.0.22621-SP0)
      x-ms-date:
      - Tue, 11 Apr 2023 22:39:56 GMT
      x-ms-return-client-request-id:
      - 'true'
    method: DELETE
    uri: https://sanitized.ppe.communication.azure.net/rooms/99486914573627002?api-version=2023-03-31-preview
  response:
    body:
      string: ''
    headers:
      api-supported-versions: 2021-04-07, 2022-02-01, 2023-03-31-preview
      date: Tue, 11 Apr 2023 22:39:56 GMT
      ms-cv: Kvb1BATpmku9/It3VauD8A.0
      request-context: appId=
      x-cache: CONFIG_NOCACHE
    status:
      code: 204
      message: No Content
    url: https://rooms-ppe-us.ppe.communication.azure.net/rooms/99486914573627002?api-version=2023-03-31-preview
- request:
    body: null
    headers:
      Accept:
      - application/json
      Accept-Encoding:
      - gzip, deflate
      Connection:
      - keep-alive
      Content-Length:
      - '0'
      User-Agent:
      - azsdk-python-communication-identity/1.3.2 Python/3.10.0 (Windows-10-10.0.22621-SP0)
      x-ms-date:
      - Tue, 11 Apr 2023 22:39:56 GMT
      x-ms-return-client-request-id:
      - 'true'
    method: DELETE
    uri: https://sanitized.ppe.communication.azure.net/identities/sanitized?api-version=2022-10-01
  response:
    body:
      string: ''
    headers:
      api-supported-versions:
      - 2020-07-20-preview2, 2021-02-22-preview1, 2021-03-07, 2021-10-31-preview,
        2021-11-01, 2022-06-01, 2022-10-01, 2023-08-01
      connection:
      - keep-alive
      date:
      - Tue, 11 Apr 2023 22:39:57 GMT
      ms-cv:
      - tKsqoRk3ZkaGoL6NmiJgpQ.0
      request-context:
      - appId=
      strict-transport-security:
      - max-age=2592000
      x-cache:
      - CONFIG_NOCACHE
      x-processing-time:
      - 246ms
    status:
      code: 204
      message: No Content
- request:
    body: null
    headers:
      Accept:
      - application/json
      Accept-Encoding:
      - gzip, deflate
      Connection:
      - keep-alive
      Content-Length:
      - '0'
      User-Agent:
      - azsdk-python-communication-identity/1.3.2 Python/3.10.0 (Windows-10-10.0.22621-SP0)
      x-ms-date:
      - Tue, 11 Apr 2023 22:39:57 GMT
      x-ms-return-client-request-id:
      - 'true'
    method: DELETE
    uri: https://sanitized.ppe.communication.azure.net/identities/sanitized?api-version=2022-10-01
  response:
    body:
      string: ''
    headers:
      api-supported-versions:
      - 2020-07-20-preview2, 2021-02-22-preview1, 2021-03-07, 2021-10-31-preview,
        2021-11-01, 2022-06-01, 2022-10-01, 2023-08-01
      connection:
      - keep-alive
      date:
      - Tue, 11 Apr 2023 22:39:57 GMT
      ms-cv:
      - gq8r3ML0IEC+gr7hAuRaJg.0
      request-context:
      - appId=
      strict-transport-security:
      - max-age=2592000
      x-cache:
      - CONFIG_NOCACHE
      x-processing-time:
      - 110ms
    status:
      code: 204
      message: No Content
- request:
    body: null
    headers:
      Accept:
      - application/json
      Accept-Encoding:
      - gzip, deflate
      Connection:
      - keep-alive
      Content-Length:
      - '0'
      User-Agent:
      - azsdk-python-communication-identity/1.3.2 Python/3.10.0 (Windows-10-10.0.22621-SP0)
      x-ms-date:
      - Tue, 11 Apr 2023 22:39:57 GMT
      x-ms-return-client-request-id:
      - 'true'
    method: DELETE
    uri: https://sanitized.ppe.communication.azure.net/identities/sanitized?api-version=2022-10-01
  response:
    body:
      string: ''
    headers:
      api-supported-versions:
      - 2020-07-20-preview2, 2021-02-22-preview1, 2021-03-07, 2021-10-31-preview,
        2021-11-01, 2022-06-01, 2022-10-01, 2023-08-01
      connection:
      - keep-alive
      date:
      - Tue, 11 Apr 2023 22:39:57 GMT
      ms-cv:
      - fgXBS8+Ypkadgu22dfKiTQ.0
      request-context:
      - appId=
      strict-transport-security:
      - max-age=2592000
      x-cache:
      - CONFIG_NOCACHE
      x-processing-time:
      - 116ms
    status:
      code: 204
      message: No Content
version: 1
