interactions:
- request:
    body: null
    headers:
      Accept:
      - application/json
      Accept-Encoding:
      - gzip, deflate
      Connection:
      - keep-alive
      Content-Length:
      - '0'
      Content-Type:
      - application/json
      User-Agent:
      - azsdk-python-communication-identity/1.3.2 Python/3.10.0 (Windows-10-10.0.22621-SP0)
      x-ms-date:
      - Thu, 13 Apr 2023 17:30:35 GMT
      x-ms-return-client-request-id:
      - 'true'
    method: POST
    uri: https://sanitized.communication.azure.com/identities?api-version=2022-10-01
  response:
    body:
      string: '{"identity":{"id":"8:acs:db75ed0c-e801-41a3-99a4-66a0a119a06c_00000018-1b8c-efd2-a381-094822007445"}}'
    headers:
      api-supported-versions:
      - 2020-07-20-preview2, 2021-02-22-preview1, 2021-03-07, 2021-10-31-preview,
        2021-11-01, 2022-06-01, 2022-10-01, 2023-08-01
      content-length:
      - '101'
      content-type:
      - application/json; charset=utf-8
      date:
      - Thu, 13 Apr 2023 17:30:36 GMT
      ms-cv:
      - Gmy0LsgznkmV13oDztec3Q.0
      request-context:
      - appId=
      strict-transport-security:
      - max-age=2592000
      x-cache:
      - CONFIG_NOCACHE
      x-processing-time:
      - 19ms
    status:
      code: 201
      message: Created
- request:
    body: null
    headers:
      Accept:
      - application/json
      Accept-Encoding:
      - gzip, deflate
      Connection:
      - keep-alive
      Content-Length:
      - '0'
      Content-Type:
      - application/json
      User-Agent:
      - azsdk-python-communication-identity/1.3.2 Python/3.10.0 (Windows-10-10.0.22621-SP0)
      x-ms-date:
      - Thu, 13 Apr 2023 17:30:35 GMT
      x-ms-return-client-request-id:
      - 'true'
    method: POST
    uri: https://sanitized.communication.azure.com/identities?api-version=2022-10-01
  response:
    body:
      string: '{"identity":{"id":"8:acs:db75ed0c-e801-41a3-99a4-66a0a119a06c_00000018-1b8c-f025-a381-094822007446"}}'
    headers:
      api-supported-versions:
      - 2020-07-20-preview2, 2021-02-22-preview1, 2021-03-07, 2021-10-31-preview,
        2021-11-01, 2022-06-01, 2022-10-01, 2023-08-01
      content-length:
      - '101'
      content-type:
      - application/json; charset=utf-8
      date:
      - Thu, 13 Apr 2023 17:30:36 GMT
      ms-cv:
      - wd+CzLgzJkSs62CXpTPz5w.0
      request-context:
      - appId=
      strict-transport-security:
      - max-age=2592000
      x-cache:
      - CONFIG_NOCACHE
      x-processing-time:
      - 18ms
    status:
      code: 201
      message: Created
- request:
    body: null
    headers:
      Accept:
      - application/json
      Accept-Encoding:
      - gzip, deflate
      Connection:
      - keep-alive
      Content-Length:
      - '0'
      Content-Type:
      - application/json
      User-Agent:
      - azsdk-python-communication-identity/1.3.2 Python/3.10.0 (Windows-10-10.0.22621-SP0)
      x-ms-date:
      - Thu, 13 Apr 2023 17:30:35 GMT
      x-ms-return-client-request-id:
      - 'true'
    method: POST
    uri: https://sanitized.communication.azure.com/identities?api-version=2022-10-01
  response:
    body:
      string: '{"identity":{"id":"8:acs:db75ed0c-e801-41a3-99a4-66a0a119a06c_00000018-1b8c-f079-a381-094822007447"}}'
    headers:
      api-supported-versions:
      - 2020-07-20-preview2, 2021-02-22-preview1, 2021-03-07, 2021-10-31-preview,
        2021-11-01, 2022-06-01, 2022-10-01, 2023-08-01
      content-length:
      - '101'
      content-type:
      - application/json; charset=utf-8
      date:
      - Thu, 13 Apr 2023 17:30:36 GMT
      ms-cv:
      - EbBURB1JfUSoUfP06N5Xxw.0
      request-context:
      - appId=
      strict-transport-security:
      - max-age=2592000
      x-cache:
      - CONFIG_NOCACHE
      x-processing-time:
      - 19ms
    status:
      code: 201
      message: Created
- request:
    body: null
    headers:
      Accept:
      - application/json
      Accept-Encoding:
      - gzip, deflate
      Connection:
      - keep-alive
      Content-Length:
      - '0'
      Content-Type:
      - application/json
      User-Agent:
      - azsdk-python-communication-identity/1.3.2 Python/3.10.0 (Windows-10-10.0.22621-SP0)
      x-ms-date:
      - Thu, 13 Apr 2023 17:30:35 GMT
      x-ms-return-client-request-id:
      - 'true'
    method: POST
    uri: https://sanitized.communication.azure.com/identities?api-version=2022-10-01
  response:
    body:
      string: '{"identity":{"id":"8:acs:db75ed0c-e801-41a3-99a4-66a0a119a06c_00000018-1b8c-f0c7-a381-094822007448"}}'
    headers:
      api-supported-versions:
      - 2020-07-20-preview2, 2021-02-22-preview1, 2021-03-07, 2021-10-31-preview,
        2021-11-01, 2022-06-01, 2022-10-01, 2023-08-01
      content-length:
      - '101'
      content-type:
      - application/json; charset=utf-8
      date:
      - Thu, 13 Apr 2023 17:30:36 GMT
      ms-cv:
      - bItPYPjws0+g6j1Y3T5axQ.0
      request-context:
      - appId=
      strict-transport-security:
      - max-age=2592000
      x-cache:
      - CONFIG_NOCACHE
      x-processing-time:
      - 20ms
    status:
      code: 201
      message: Created
- request:
    body: '{"participants": {}}'
    headers:
      Accept:
      - application/json
      Accept-Encoding:
      - gzip, deflate
      Connection:
      - keep-alive
      Content-Length:
      - '20'
      Content-Type:
      - application/json
      Repeatability-First-Sent:
      - Thu, 13 Apr 2023 17:30:35 GMT
      Repeatability-Request-ID:
      - e6865776-da20-11ed-a3c4-e45e37e24f59
      User-Agent:
      - azsdk-python-communication-rooms/1.0.0b3 Python/3.10.0 (Windows-10-10.0.22621-SP0)
      x-ms-date:
      - Thu, 13 Apr 2023 17:30:35 GMT
      x-ms-return-client-request-id:
      - 'true'
    method: POST
    uri: https://sanitized.communication.azure.com/rooms?api-version=2023-03-31-preview
  response:
    body:
      string: '{"id":"99479954875995847","createdAt":"2023-04-13T17:30:36.9339408+00:00","validFrom":"2023-04-13T17:30:36.8763901+00:00","validUntil":"2023-10-10T17:30:36.8763901+00:00"}'
    headers:
      api-supported-versions:
      - 2021-04-07, 2022-02-01, 2023-03-31-preview
      content-type:
      - application/json; charset=utf-8
      date:
      - Thu, 13 Apr 2023 17:30:36 GMT
      ms-cv:
      - v1hjehqkxkWAh3G9SW/6eA.0
      repeatability-result:
      - accepted
      request-context:
      - appId=
      transfer-encoding:
      - chunked
      x-cache:
      - CONFIG_NOCACHE
    status:
      code: 201
      message: Created
- request:
    body: '{"validUntil": "2023-11-02T10:30:36.346772Z"}'
    headers:
      Accept:
      - application/json
      Accept-Encoding:
      - gzip, deflate
      Connection:
      - keep-alive
      Content-Length:
      - '45'
      Content-Type:
      - application/merge-patch+json
      User-Agent:
      - azsdk-python-communication-rooms/1.0.0b3 Python/3.10.0 (Windows-10-10.0.22621-SP0)
      x-ms-date:
      - Thu, 13 Apr 2023 17:30:36 GMT
      x-ms-return-client-request-id:
      - 'true'
    method: PATCH
    uri: https://sanitized.communication.azure.com/rooms/99479954875995847?api-version=2023-03-31-preview
  response:
    body:
      string: '{"error":{"code":"BadRequest","message":"The request could not be understood
        by the server due to malformed syntax.","details":[{"code":"BadArgument","message":"validFrom
        and validUntil should be set together.","target":""}]}}'
    headers:
      content-type:
      - application/json; charset=utf-8
      date:
      - Thu, 13 Apr 2023 17:30:36 GMT
      ms-cv:
      - tP4ide9zKEWmSEnU27F00A.0
      request-context:
      - appId=
      transfer-encoding:
      - chunked
      x-cache:
      - CONFIG_NOCACHE
      x-ms-error-code:
      - BadRequest
    status:
      code: 400
      message: Bad Request
- request:
    body: null
    headers:
      Accept:
      - application/json
      Accept-Encoding:
      - gzip, deflate
      Connection:
      - keep-alive
      Content-Length:
      - '0'
      User-Agent:
      - azsdk-python-communication-rooms/1.0.0b3 Python/3.10.0 (Windows-10-10.0.22621-SP0)
      x-ms-date:
      - Thu, 13 Apr 2023 17:30:36 GMT
      x-ms-return-client-request-id:
      - 'true'
    method: DELETE
    uri: https://sanitized.communication.azure.com/rooms/99479954875995847?api-version=2023-03-31-preview
  response:
    body:
      string: ''
    headers:
      api-supported-versions:
      - 2021-04-07, 2022-02-01, 2023-03-31-preview
      date:
      - Thu, 13 Apr 2023 17:30:37 GMT
      ms-cv:
      - L4LMM2rLBE+OGn37KJnqJg.0
      request-context:
      - appId=
      x-cache:
      - CONFIG_NOCACHE
    status:
      code: 204
      message: No Content
- request:
    body: null
    headers:
      Accept:
      - application/json
      Accept-Encoding:
      - gzip, deflate
      Connection:
      - keep-alive
      Content-Length:
      - '0'
      User-Agent:
      - azsdk-python-communication-identity/1.3.2 Python/3.10.0 (Windows-10-10.0.22621-SP0)
      x-ms-date:
      - Thu, 13 Apr 2023 17:30:36 GMT
      x-ms-return-client-request-id:
      - 'true'
    method: DELETE
    uri: https://sanitized.communication.azure.com/identities/sanitized?api-version=2022-10-01
  response:
    body:
      string: ''
    headers:
      api-supported-versions:
      - 2020-07-20-preview2, 2021-02-22-preview1, 2021-03-07, 2021-10-31-preview,
        2021-11-01, 2022-06-01, 2022-10-01, 2023-08-01
      date:
      - Thu, 13 Apr 2023 17:30:37 GMT
      ms-cv:
      - jyMZabxovkyF6mLQo0NL4g.0
      request-context:
      - appId=
      strict-transport-security:
      - max-age=2592000
      x-cache:
      - CONFIG_NOCACHE
      x-processing-time:
      - 139ms
    status:
      code: 204
      message: No Content
- request:
    body: null
    headers:
      Accept:
      - application/json
      Accept-Encoding:
      - gzip, deflate
      Connection:
      - keep-alive
      Content-Length:
      - '0'
      User-Agent:
      - azsdk-python-communication-identity/1.3.2 Python/3.10.0 (Windows-10-10.0.22621-SP0)
      x-ms-date:
      - Thu, 13 Apr 2023 17:30:37 GMT
      x-ms-return-client-request-id:
      - 'true'
    method: DELETE
    uri: https://sanitized.communication.azure.com/identities/sanitized?api-version=2022-10-01
  response:
    body:
      string: ''
    headers:
      api-supported-versions:
      - 2020-07-20-preview2, 2021-02-22-preview1, 2021-03-07, 2021-10-31-preview,
        2021-11-01, 2022-06-01, 2022-10-01, 2023-08-01
      date:
      - Thu, 13 Apr 2023 17:30:37 GMT
      ms-cv:
      - so8uZM01lkyFRDDE/bkzaQ.0
      request-context:
      - appId=
      strict-transport-security:
      - max-age=2592000
      x-cache:
      - CONFIG_NOCACHE
      x-processing-time:
      - 131ms
    status:
      code: 204
      message: No Content
- request:
    body: null
    headers:
      Accept:
      - application/json
      Accept-Encoding:
      - gzip, deflate
      Connection:
      - keep-alive
      Content-Length:
      - '0'
      User-Agent:
      - azsdk-python-communication-identity/1.3.2 Python/3.10.0 (Windows-10-10.0.22621-SP0)
      x-ms-date:
      - Thu, 13 Apr 2023 17:30:37 GMT
      x-ms-return-client-request-id:
      - 'true'
    method: DELETE
    uri: https://sanitized.communication.azure.com/identities/sanitized?api-version=2022-10-01
  response:
    body:
      string: ''
    headers:
      api-supported-versions:
      - 2020-07-20-preview2, 2021-02-22-preview1, 2021-03-07, 2021-10-31-preview,
        2021-11-01, 2022-06-01, 2022-10-01, 2023-08-01
      date:
      - Thu, 13 Apr 2023 17:30:38 GMT
      ms-cv:
      - 2rxgievMr065XSQxbQQPVQ.0
      request-context:
      - appId=
      strict-transport-security:
      - max-age=2592000
      x-cache:
      - CONFIG_NOCACHE
      x-processing-time:
      - 159ms
    status:
      code: 204
      message: No Content
version: 1
