interactions:
- request:
    body: null
    headers:
      Accept:
      - application/json
      Accept-Encoding:
      - gzip, deflate
      Connection:
      - keep-alive
      Content-Length:
      - '0'
      Content-Type:
      - application/json
      User-Agent:
      - azsdk-python-communication-identity/1.3.2 Python/3.9.6 (Windows-10-10.0.22621-SP0)
      x-ms-date:
      - Wed, 16 Nov 2022 06:01:02 GMT
      x-ms-return-client-request-id:
      - 'true'
    method: POST
    uri: https://sanitized.communication.azure.com/identities?api-version=2022-10-01
  response:
    body:
      string: '{"identity":{"id":"sanitized"}}'
    headers:
      api-supported-versions:
      - 2020-07-20-preview2, 2021-02-22-preview1, 2021-03-07, 2021-10-31-preview,
        2021-11-01, 2022-06-01, 2022-10-01
      content-length:
      - '101'
      content-type:
      - application/json; charset=utf-8
      date:
      - Wed, 16 Nov 2022 06:01:05 GMT
      ms-cv:
      - 2lh0Bb+fvEqpLCJit2csng.2.0
      request-context:
      - appId=
      strict-transport-security:
      - max-age=2592000
      x-cache:
      - CONFIG_NOCACHE
      x-processing-time:
      - 39ms
    status:
      code: 201
      message: Created
- request:
    body: null
    headers:
      Accept:
      - application/json
      Accept-Encoding:
      - gzip, deflate
      Connection:
      - keep-alive
      Content-Length:
      - '0'
      Content-Type:
      - application/json
      User-Agent:
      - azsdk-python-communication-identity/1.3.2 Python/3.9.6 (Windows-10-10.0.22621-SP0)
      x-ms-date:
      - Wed, 16 Nov 2022 06:01:04 GMT
      x-ms-return-client-request-id:
      - 'true'
    method: POST
    uri: https://sanitized.communication.azure.com/identities?api-version=2022-10-01
  response:
    body:
      string: '{"identity":{"id":"sanitized"}}'
    headers:
      api-supported-versions:
      - 2020-07-20-preview2, 2021-02-22-preview1, 2021-03-07, 2021-10-31-preview,
        2021-11-01, 2022-06-01, 2022-10-01
      content-length:
      - '101'
      content-type:
      - application/json; charset=utf-8
      date:
      - Wed, 16 Nov 2022 06:01:06 GMT
      ms-cv:
      - Xu8RLJdy3EC4Fu5Scpvjyg.2.0
      request-context:
      - appId=
      strict-transport-security:
      - max-age=2592000
      x-cache:
      - CONFIG_NOCACHE
      x-processing-time:
      - 41ms
    status:
      code: 201
      message: Created
- request:
    body: null
    headers:
      Accept:
      - application/json
      Accept-Encoding:
      - gzip, deflate
      Connection:
      - keep-alive
      Content-Length:
      - '0'
      Content-Type:
      - application/json
      User-Agent:
      - azsdk-python-communication-identity/1.3.2 Python/3.9.6 (Windows-10-10.0.22621-SP0)
      x-ms-date:
      - Wed, 16 Nov 2022 06:01:04 GMT
      x-ms-return-client-request-id:
      - 'true'
    method: POST
    uri: https://sanitized.communication.azure.com/identities?api-version=2022-10-01
  response:
    body:
      string: '{"identity":{"id":"sanitized"}}'
    headers:
      api-supported-versions:
      - 2020-07-20-preview2, 2021-02-22-preview1, 2021-03-07, 2021-10-31-preview,
        2021-11-01, 2022-06-01, 2022-10-01
      content-length:
      - '101'
      content-type:
      - application/json; charset=utf-8
      date:
      - Wed, 16 Nov 2022 06:01:06 GMT
      ms-cv:
      - Myb+K5lykkukikmC0ouX2A.2.0
      request-context:
      - appId=
      strict-transport-security:
      - max-age=2592000
      x-cache:
      - CONFIG_NOCACHE
      x-processing-time:
      - 240ms
    status:
      code: 201
      message: Created
- request:
    body: '{}'
    headers:
      Accept:
      - application/json
      Accept-Encoding:
      - gzip, deflate
      Connection:
      - keep-alive
      Content-Length:
      - '2'
      Content-Type:
      - application/json
      Repeatability-First-Sent:
      - '2022-11-16T06:01:05.509156Z'
      Repeatability-Request-ID:
      - 0eab976c-6574-11ed-86d3-d03c1f2e0bde
      User-Agent:
      - azsdk-python-communication-rooms/1.0.0b3 Python/3.9.6 (Windows-10-10.0.22621-SP0)
      x-ms-date:
      - Wed, 16 Nov 2022 06:01:05 GMT
      x-ms-return-client-request-id:
      - 'true'
    method: POST
    uri: https://sanitized.communication.azure.com/rooms?api-version=2022-02-01
  response:
    body:
      string: '{"id":"99461640717868521","createdDateTime":"2022-11-16T06:01:08.7146484+00:00","validFrom":"2022-11-16T06:01:08.623467+00:00","validUntil":"2023-05-15T06:01:08.623467+00:00","roomJoinPolicy":"InviteOnly","participants":[]}'
    headers:
      api-supported-versions:
      - 2021-04-07, 2022-02-01
      content-type:
      - application/json; charset=utf-8
      date:
      - Wed, 16 Nov 2022 06:01:08 GMT
      ms-cv:
      - G8DerJS550SPqMh4rTxvAA.0
      repeatability-result:
      - accepted
      transfer-encoding:
      - chunked
      x-cache:
      - CONFIG_NOCACHE
    status:
      code: 201
      message: Created
- request:
    body: '{"participants": [{"communicationIdentifier": {"communicationUser": {"id":
      "wrong_mri"}}, "role": "Attendee"}, {"communicationIdentifier": {"communicationUser":
      {"id": "sanitized"}}, "role": "Presenter"}]}'
    headers:
      Accept:
      - application/json
      Accept-Encoding:
      - gzip, deflate
      Connection:
      - keep-alive
      Content-Length:
      - '275'
      Content-Type:
      - application/json
      User-Agent:
      - azsdk-python-communication-rooms/1.0.0b3 Python/3.9.6 (Windows-10-10.0.22621-SP0)
      x-ms-date:
      - Wed, 16 Nov 2022 06:01:06 GMT
      x-ms-return-client-request-id:
      - 'true'
    method: POST
    uri: https://sanitized.communication.azure.com/rooms/99461640717868521/participants:add?api-version=2022-02-01
  response:
    body:
      string: '{"error":{"code":"InvalidInput","message":"Identifier format is invalid."}}'
    headers:
      api-supported-versions:
      - '2022-02-01'
      content-type:
      - application/json; charset=utf-8
      date:
      - Wed, 16 Nov 2022 06:01:08 GMT
      ms-cv:
      - cloCXxd1kEypAcc+AGKcnw.0
      transfer-encoding:
      - chunked
      x-cache:
      - CONFIG_NOCACHE
      x-ms-error-code:
      - InvalidInput
    status:
      code: 400
      message: Bad Request
- request:
    body: null
    headers:
      Accept:
      - application/json
      Accept-Encoding:
      - gzip, deflate
      Connection:
      - keep-alive
      Content-Length:
      - '0'
      User-Agent:
      - azsdk-python-communication-identity/1.3.2 Python/3.9.6 (Windows-10-10.0.22621-SP0)
      x-ms-date:
      - Wed, 16 Nov 2022 06:01:07 GMT
      x-ms-return-client-request-id:
      - 'true'
    method: DELETE
    uri: https://sanitized.communication.azure.com/identities/sanitized?api-version=2022-10-01
  response:
    body:
      string: ''
    headers:
      api-supported-versions:
      - 2020-07-20-preview2, 2021-02-22-preview1, 2021-03-07, 2021-10-31-preview,
        2021-11-01, 2022-06-01, 2022-10-01
      date:
      - Wed, 16 Nov 2022 06:01:09 GMT
      ms-cv:
      - w7r0+zBUgUKUmwwynuMnNA.2.0
      request-context:
      - appId=
      strict-transport-security:
      - max-age=2592000
      x-cache:
      - CONFIG_NOCACHE
      x-processing-time:
      - 170ms
    status:
      code: 204
      message: No Content
- request:
    body: null
    headers:
      Accept:
      - application/json
      Accept-Encoding:
      - gzip, deflate
      Connection:
      - keep-alive
      Content-Length:
      - '0'
      User-Agent:
      - azsdk-python-communication-identity/1.3.2 Python/3.9.6 (Windows-10-10.0.22621-SP0)
      x-ms-date:
      - Wed, 16 Nov 2022 06:01:07 GMT
      x-ms-return-client-request-id:
      - 'true'
    method: DELETE
    uri: https://sanitized.communication.azure.com/identities/sanitized?api-version=2022-10-01
  response:
    body:
      string: ''
    headers:
      api-supported-versions:
      - 2020-07-20-preview2, 2021-02-22-preview1, 2021-03-07, 2021-10-31-preview,
        2021-11-01, 2022-06-01, 2022-10-01
      date:
      - Wed, 16 Nov 2022 06:01:10 GMT
      ms-cv:
      - zHSFtmz++UawQfCOmTtoCQ.2.0
      request-context:
      - appId=
      strict-transport-security:
      - max-age=2592000
      x-cache:
      - CONFIG_NOCACHE
      x-processing-time:
      - 152ms
    status:
      code: 204
      message: No Content
- request:
    body: null
    headers:
      Accept:
      - application/json
      Accept-Encoding:
      - gzip, deflate
      Connection:
      - keep-alive
      Content-Length:
      - '0'
      User-Agent:
      - azsdk-python-communication-identity/1.3.2 Python/3.9.6 (Windows-10-10.0.22621-SP0)
      x-ms-date:
      - Wed, 16 Nov 2022 06:01:08 GMT
      x-ms-return-client-request-id:
      - 'true'
    method: DELETE
    uri: https://sanitized.communication.azure.com/identities/sanitized?api-version=2022-10-01
  response:
    body:
      string: ''
    headers:
      api-supported-versions:
      - 2020-07-20-preview2, 2021-02-22-preview1, 2021-03-07, 2021-10-31-preview,
        2021-11-01, 2022-06-01, 2022-10-01
      date:
      - Wed, 16 Nov 2022 06:01:10 GMT
      ms-cv:
      - 7XgdquvCZUisEylQbX1yog.2.0
      request-context:
      - appId=
      strict-transport-security:
      - max-age=2592000
      x-cache:
      - CONFIG_NOCACHE
      x-processing-time:
      - 164ms
    status:
      code: 204
      message: No Content
version: 1
