interactions:
- request:
    body: null
    headers:
      Accept:
      - application/json
      Accept-Encoding:
      - gzip, deflate
      Connection:
      - keep-alive
      Content-Length:
      - '0'
      Content-Type:
      - application/json
      User-Agent:
      - azsdk-python-communication-identity/1.3.2 Python/3.10.0 (Windows-10-10.0.22621-SP0)
      x-ms-date:
      - Tue, 04 Apr 2023 20:41:26 GMT
      x-ms-return-client-request-id:
      - 'true'
    method: POST
    uri: https://sanitized.ppe.communication.azure.net/identities?api-version=2022-10-01
  response:
    body:
      string: '{"identity":{"id":"8:acs:db75ed0c-e801-41a3-99a4-66a0a119a06c_00000017-ede2-68af-f38d-094822002334"}}'
    headers:
      api-supported-versions:
      - 2020-07-20-preview2, 2021-02-22-preview1, 2021-03-07, 2021-10-31-preview,
        2021-11-01, 2022-06-01, 2022-10-01, 2023-08-01
      content-length:
      - '101'
      content-type:
      - application/json; charset=utf-8
      date:
      - Tue, 04 Apr 2023 20:41:24 GMT
      ms-cv:
      - uByGNq9aSkyyOPcJYkT5Eg.0
      request-context:
      - appId=
      strict-transport-security:
      - max-age=2592000
      x-cache:
      - CONFIG_NOCACHE
      x-processing-time:
      - 19ms
    status:
      code: 201
      message: Created
- request:
    body: null
    headers:
      Accept:
      - application/json
      Accept-Encoding:
      - gzip, deflate
      Connection:
      - keep-alive
      Content-Length:
      - '0'
      Content-Type:
      - application/json
      User-Agent:
      - azsdk-python-communication-identity/1.3.2 Python/3.10.0 (Windows-10-10.0.22621-SP0)
      x-ms-date:
      - Tue, 04 Apr 2023 20:41:26 GMT
      x-ms-return-client-request-id:
      - 'true'
    method: POST
    uri: https://sanitized.ppe.communication.azure.net/identities?api-version=2022-10-01
  response:
    body:
      string: '{"identity":{"id":"8:acs:db75ed0c-e801-41a3-99a4-66a0a119a06c_00000017-ede2-68fa-f38d-094822002335"}}'
    headers:
      api-supported-versions:
      - 2020-07-20-preview2, 2021-02-22-preview1, 2021-03-07, 2021-10-31-preview,
        2021-11-01, 2022-06-01, 2022-10-01, 2023-08-01
      content-length:
      - '101'
      content-type:
      - application/json; charset=utf-8
      date:
      - Tue, 04 Apr 2023 20:41:25 GMT
      ms-cv:
      - c2+w2edMqUumLJR/yOdjXg.0
      request-context:
      - appId=
      strict-transport-security:
      - max-age=2592000
      x-cache:
      - CONFIG_NOCACHE
      x-processing-time:
      - 20ms
    status:
      code: 201
      message: Created
- request:
    body: null
    headers:
      Accept:
      - application/json
      Accept-Encoding:
      - gzip, deflate
      Connection:
      - keep-alive
      Content-Length:
      - '0'
      Content-Type:
      - application/json
      User-Agent:
      - azsdk-python-communication-identity/1.3.2 Python/3.10.0 (Windows-10-10.0.22621-SP0)
      x-ms-date:
      - Tue, 04 Apr 2023 20:41:26 GMT
      x-ms-return-client-request-id:
      - 'true'
    method: POST
    uri: https://sanitized.ppe.communication.azure.net/identities?api-version=2022-10-01
  response:
    body:
      string: '{"identity":{"id":"8:acs:db75ed0c-e801-41a3-99a4-66a0a119a06c_00000017-ede2-6943-f38d-094822002336"}}'
    headers:
      api-supported-versions:
      - 2020-07-20-preview2, 2021-02-22-preview1, 2021-03-07, 2021-10-31-preview,
        2021-11-01, 2022-06-01, 2022-10-01, 2023-08-01
      content-length:
      - '101'
      content-type:
      - application/json; charset=utf-8
      date:
      - Tue, 04 Apr 2023 20:41:25 GMT
      ms-cv:
      - dvczeIjwxka/sXDE6hjmpQ.0
      request-context:
      - appId=
      strict-transport-security:
      - max-age=2592000
      x-cache:
      - CONFIG_NOCACHE
      x-processing-time:
      - 19ms
    status:
      code: 201
      message: Created
- request:
    body: null
    headers:
      Accept:
      - application/json
      Accept-Encoding:
      - gzip, deflate
      Connection:
      - keep-alive
      Content-Length:
      - '0'
      Content-Type:
      - application/json
      User-Agent:
      - azsdk-python-communication-identity/1.3.2 Python/3.10.0 (Windows-10-10.0.22621-SP0)
      x-ms-date:
      - Tue, 04 Apr 2023 20:41:26 GMT
      x-ms-return-client-request-id:
      - 'true'
    method: POST
    uri: https://sanitized.ppe.communication.azure.net/identities?api-version=2022-10-01
  response:
    body:
      string: '{"identity":{"id":"8:acs:db75ed0c-e801-41a3-99a4-66a0a119a06c_00000017-ede2-699a-f38d-094822002337"}}'
    headers:
      api-supported-versions:
      - 2020-07-20-preview2, 2021-02-22-preview1, 2021-03-07, 2021-10-31-preview,
        2021-11-01, 2022-06-01, 2022-10-01, 2023-08-01
      content-length:
      - '101'
      content-type:
      - application/json; charset=utf-8
      date:
      - Tue, 04 Apr 2023 20:41:25 GMT
      ms-cv:
      - SEqETC8Nxk+NAFEM3JHHAQ.0
      request-context:
      - appId=
      strict-transport-security:
      - max-age=2592000
      x-cache:
      - CONFIG_NOCACHE
      x-processing-time:
      - 18ms
    status:
      code: 201
      message: Created
- request:
    body: '{"participants": {"8:acs:db75ed0c-e801-41a3-99a4-66a0a119a06c_00000017-ede2-68af-f38d-094822002334":
      {}, "8:acs:db75ed0c-e801-41a3-99a4-66a0a119a06c_00000017-ede2-68fa-f38d-094822002335":
      {}, "8:acs:db75ed0c-e801-41a3-99a4-66a0a119a06c_00000017-ede2-6943-f38d-094822002336":
      {"role": "Presenter"}}}'
    headers:
      Accept:
      - application/json
      Content-Length:
      - '298'
      Content-Type:
      - application/json
      Repeatability-First-Sent:
      - Tue, 04 Apr 2023 20:41:26 GMT
      Repeatability-Request-ID:
      - 1200a7f7-d329-11ed-82ce-e45e37e24f59
      User-Agent:
      - azsdk-python-communication-rooms/1.0.0b3 Python/3.10.0 (Windows-10-10.0.22621-SP0)
      x-ms-date:
      - Tue, 04 Apr 2023 20:41:26 GMT
      x-ms-return-client-request-id:
      - 'true'
    method: POST
    uri: https://sanitized.ppe.communication.azure.net/rooms?api-version=2023-03-31-preview
  response:
    body:
      string: '{"id":"99473613906937468","createdAt":"2023-04-04T20:41:26.7688341+00:00","validFrom":"2023-04-04T20:41:26.6650308+00:00","validUntil":"2023-10-01T20:41:26.6650308+00:00"}'
    headers:
      api-supported-versions: 2021-04-07, 2022-02-01, 2023-03-31-preview
      content-type: application/json; charset=utf-8
      date: Tue, 04 Apr 2023 20:41:26 GMT
      ms-cv: X5vce5YftkecpsuzMMWAdg.0
      repeatability-result: accepted
      request-context: appId=
      transfer-encoding: chunked
      x-cache: CONFIG_NOCACHE
    status:
      code: 201
      message: Created
    url: https://rooms-ppe-us.ppe.communication.azure.net/rooms?api-version=2023-03-31-preview
- request:
    body: ''
    headers:
      Accept:
      - application/json
      User-Agent:
      - azsdk-python-communication-rooms/1.0.0b3 Python/3.10.0 (Windows-10-10.0.22621-SP0)
      x-ms-date:
      - Tue, 04 Apr 2023 20:41:27 GMT
      x-ms-return-client-request-id:
      - 'true'
    method: GET
    uri: https://sanitized.ppe.communication.azure.net/rooms/99473613906937468/participants?api-version=2023-03-31-preview
  response:
    body:
      string: '{"value":[{"rawId":"8:acs:db75ed0c-e801-41a3-99a4-66a0a119a06c_00000017-ede2-68af-f38d-094822002334","role":"Attendee"},{"rawId":"8:acs:db75ed0c-e801-41a3-99a4-66a0a119a06c_00000017-ede2-68fa-f38d-094822002335","role":"Attendee"},{"rawId":"8:acs:db75ed0c-e801-41a3-99a4-66a0a119a06c_00000017-ede2-6943-f38d-094822002336","role":"Presenter"}]}'
    headers:
      api-supported-versions: 2022-02-01, 2023-03-31-preview
      content-type: application/json; charset=utf-8
      date: Tue, 04 Apr 2023 20:41:26 GMT
      ms-cv: pPgfhBVtIEyshGBpt3KLzQ.0
      request-context: appId=
      transfer-encoding: chunked
      x-cache: CONFIG_NOCACHE
    status:
      code: 200
      message: OK
    url: https://rooms-ppe-us.ppe.communication.azure.net/rooms/99473613906937468/participants?api-version=2023-03-31-preview
- request:
    body: '{"participants": {"8:acs:db75ed0c-e801-41a3-99a4-66a0a119a06c_00000017-ede2-68af-f38d-094822002334":
      {}, "8:acs:db75ed0c-e801-41a3-99a4-66a0a119a06c_00000017-ede2-6943-f38d-094822002336":
      {}, "8:acs:db75ed0c-e801-41a3-99a4-66a0a119a06c_00000017-ede2-699a-f38d-094822002337":
      {}}}'
    headers:
      Accept:
      - application/json
      Content-Length:
      - '279'
      Content-Type:
      - application/merge-patch+json
      User-Agent:
      - azsdk-python-communication-rooms/1.0.0b3 Python/3.10.0 (Windows-10-10.0.22621-SP0)
      x-ms-date:
      - Tue, 04 Apr 2023 20:41:27 GMT
      x-ms-return-client-request-id:
      - 'true'
    method: PATCH
    uri: https://sanitized.ppe.communication.azure.net/rooms/99473613906937468/participants?api-version=2023-03-31-preview
  response:
    body:
      string: '{}'
    headers:
      api-supported-versions: 2022-02-01, 2023-03-31-preview
      content-type: application/json; charset=utf-8
      date: Tue, 04 Apr 2023 20:41:27 GMT
      ms-cv: BhtlN0scVUeuulOACSp7XA.0
      request-context: appId=
      transfer-encoding: chunked
      x-cache: CONFIG_NOCACHE
    status:
      code: 200
      message: OK
    url: https://rooms-ppe-us.ppe.communication.azure.net/rooms/99473613906937468/participants?api-version=2023-03-31-preview
- request:
    body: ''
    headers:
      Accept:
      - application/json
      User-Agent:
      - azsdk-python-communication-rooms/1.0.0b3 Python/3.10.0 (Windows-10-10.0.22621-SP0)
      x-ms-date:
      - Tue, 04 Apr 2023 20:41:28 GMT
      x-ms-return-client-request-id:
      - 'true'
    method: GET
    uri: https://sanitized.ppe.communication.azure.net/rooms/99473613906937468/participants?api-version=2023-03-31-preview
  response:
    body:
      string: '{"value":[{"rawId":"8:acs:db75ed0c-e801-41a3-99a4-66a0a119a06c_00000017-ede2-68af-f38d-094822002334","role":"Attendee"},{"rawId":"8:acs:db75ed0c-e801-41a3-99a4-66a0a119a06c_00000017-ede2-68fa-f38d-094822002335","role":"Attendee"},{"rawId":"8:acs:db75ed0c-e801-41a3-99a4-66a0a119a06c_00000017-ede2-6943-f38d-094822002336","role":"Presenter"},{"rawId":"8:acs:db75ed0c-e801-41a3-99a4-66a0a119a06c_00000017-ede2-699a-f38d-094822002337","role":"Attendee"}]}'
    headers:
      api-supported-versions: 2022-02-01, 2023-03-31-preview
      content-type: application/json; charset=utf-8
      date: Tue, 04 Apr 2023 20:41:27 GMT
      ms-cv: LpAuht5VnE6XnXqIh9skIA.0
      request-context: appId=
      transfer-encoding: chunked
      x-cache: CONFIG_NOCACHE
    status:
      code: 200
      message: OK
    url: https://rooms-ppe-us.ppe.communication.azure.net/rooms/99473613906937468/participants?api-version=2023-03-31-preview
- request:
    body: ''
    headers:
      Accept:
      - application/json
      User-Agent:
      - azsdk-python-communication-rooms/1.0.0b3 Python/3.10.0 (Windows-10-10.0.22621-SP0)
      x-ms-date:
      - Tue, 04 Apr 2023 20:41:28 GMT
      x-ms-return-client-request-id:
      - 'true'
    method: DELETE
    uri: https://sanitized.ppe.communication.azure.net/rooms/99473613906937468?api-version=2023-03-31-preview
  response:
    body:
      string: ''
    headers:
      api-supported-versions: 2021-04-07, 2022-02-01, 2023-03-31-preview
      date: Tue, 04 Apr 2023 20:41:28 GMT
      ms-cv: RB9mvCLzkkCVGF6OPsdT2w.0
      request-context: appId=
      x-cache: CONFIG_NOCACHE
    status:
      code: 204
      message: No Content
    url: https://rooms-ppe-us.ppe.communication.azure.net/rooms/99473613906937468?api-version=2023-03-31-preview
- request:
    body: null
    headers:
      Accept:
      - application/json
      Accept-Encoding:
      - gzip, deflate
      Connection:
      - keep-alive
      Content-Length:
      - '0'
      User-Agent:
      - azsdk-python-communication-identity/1.3.2 Python/3.10.0 (Windows-10-10.0.22621-SP0)
      x-ms-date:
      - Tue, 04 Apr 2023 20:41:28 GMT
      x-ms-return-client-request-id:
      - 'true'
    method: DELETE
    uri: https://sanitized.ppe.communication.azure.net/identities/sanitized?api-version=2022-10-01
  response:
    body:
      string: ''
    headers:
      api-supported-versions:
      - 2020-07-20-preview2, 2021-02-22-preview1, 2021-03-07, 2021-10-31-preview,
        2021-11-01, 2022-06-01, 2022-10-01, 2023-08-01
      date:
      - Tue, 04 Apr 2023 20:41:27 GMT
      ms-cv:
      - iRNgwaBObkCj8TjNsahxdA.0
      request-context:
      - appId=
      strict-transport-security:
      - max-age=2592000
      x-cache:
      - CONFIG_NOCACHE
      x-processing-time:
      - 110ms
    status:
      code: 204
      message: No Content
- request:
    body: null
    headers:
      Accept:
      - application/json
      Accept-Encoding:
      - gzip, deflate
      Connection:
      - keep-alive
      Content-Length:
      - '0'
      User-Agent:
      - azsdk-python-communication-identity/1.3.2 Python/3.10.0 (Windows-10-10.0.22621-SP0)
      x-ms-date:
      - Tue, 04 Apr 2023 20:41:29 GMT
      x-ms-return-client-request-id:
      - 'true'
    method: DELETE
    uri: https://sanitized.ppe.communication.azure.net/identities/sanitized?api-version=2022-10-01
  response:
    body:
      string: ''
    headers:
      api-supported-versions:
      - 2020-07-20-preview2, 2021-02-22-preview1, 2021-03-07, 2021-10-31-preview,
        2021-11-01, 2022-06-01, 2022-10-01, 2023-08-01
      date:
      - Tue, 04 Apr 2023 20:41:27 GMT
      ms-cv:
      - levgwLWpVUqAsDqB+ie/Yw.0
      request-context:
      - appId=
      strict-transport-security:
      - max-age=2592000
      x-cache:
      - CONFIG_NOCACHE
      x-processing-time:
      - 103ms
    status:
      code: 204
      message: No Content
- request:
    body: null
    headers:
      Accept:
      - application/json
      Accept-Encoding:
      - gzip, deflate
      Connection:
      - keep-alive
      Content-Length:
      - '0'
      User-Agent:
      - azsdk-python-communication-identity/1.3.2 Python/3.10.0 (Windows-10-10.0.22621-SP0)
      x-ms-date:
      - Tue, 04 Apr 2023 20:41:29 GMT
      x-ms-return-client-request-id:
      - 'true'
    method: DELETE
    uri: https://sanitized.ppe.communication.azure.net/identities/sanitized?api-version=2022-10-01
  response:
    body:
      string: ''
    headers:
      api-supported-versions:
      - 2020-07-20-preview2, 2021-02-22-preview1, 2021-03-07, 2021-10-31-preview,
        2021-11-01, 2022-06-01, 2022-10-01, 2023-08-01
      date:
      - Tue, 04 Apr 2023 20:41:27 GMT
      ms-cv:
      - GXyIm1ezLUeo59YYV7rJgA.0
      request-context:
      - appId=
      strict-transport-security:
      - max-age=2592000
      x-cache:
      - CONFIG_NOCACHE
      x-processing-time:
      - 81ms
    status:
      code: 204
      message: No Content
version: 1
