interactions:
- request:
    body: null
    headers:
      Accept:
      - application/json
      Accept-Encoding:
      - gzip, deflate
      Connection:
      - keep-alive
      Content-Length:
      - '0'
      Content-Type:
      - application/json
      User-Agent:
      - azsdk-python-communication-identity/1.4.0b2 Python/3.10.0 (Windows-10-10.0.22621-SP0)
      x-ms-date:
      - Thu, 20 Apr 2023 18:33:05 GMT
      x-ms-return-client-request-id:
      - 'true'
    method: POST
    uri: https://sanitized.communication.azure.com/identities?api-version=2022-10-01
  response:
    body:
      string: '{"identity":{"id":"8:acs:db75ed0c-e801-41a3-99a4-66a0a119a06c_00000018-3fd2-a8c0-b688-09482200f7a4"}}'
    headers:
      api-supported-versions:
      - 2020-07-20-preview2, 2021-02-22-preview1, 2021-03-07, 2021-10-31-preview,
        2021-11-01, 2022-06-01, 2022-10-01, 2023-08-01
      connection:
      - keep-alive
      content-length:
      - '101'
      content-type:
      - application/json; charset=utf-8
      date:
      - Thu, 20 Apr 2023 18:33:05 GMT
      ms-cv:
      - lv3fb2zxiUCASG5GiaJXaw.0
      request-context:
      - appId=
      strict-transport-security:
      - max-age=2592000
      x-cache:
      - CONFIG_NOCACHE
      x-processing-time:
      - 21ms
    status:
      code: 201
      message: Created
- request:
    body: null
    headers:
      Accept:
      - application/json
      Accept-Encoding:
      - gzip, deflate
      Connection:
      - keep-alive
      Content-Length:
      - '0'
      Content-Type:
      - application/json
      User-Agent:
      - azsdk-python-communication-identity/1.4.0b2 Python/3.10.0 (Windows-10-10.0.22621-SP0)
      x-ms-date:
      - Thu, 20 Apr 2023 18:33:05 GMT
      x-ms-return-client-request-id:
      - 'true'
    method: POST
    uri: https://sanitized.communication.azure.com/identities?api-version=2022-10-01
  response:
    body:
      string: '{"identity":{"id":"8:acs:db75ed0c-e801-41a3-99a4-66a0a119a06c_00000018-3fd2-a915-b688-09482200f7a5"}}'
    headers:
      api-supported-versions:
      - 2020-07-20-preview2, 2021-02-22-preview1, 2021-03-07, 2021-10-31-preview,
        2021-11-01, 2022-06-01, 2022-10-01, 2023-08-01
      connection:
      - keep-alive
      content-length:
      - '101'
      content-type:
      - application/json; charset=utf-8
      date:
      - Thu, 20 Apr 2023 18:33:05 GMT
      ms-cv:
      - 2+CKDNthB0uricdKJaJvkA.0
      request-context:
      - appId=
      strict-transport-security:
      - max-age=2592000
      x-cache:
      - CONFIG_NOCACHE
      x-processing-time:
      - 25ms
    status:
      code: 201
      message: Created
- request:
    body: null
    headers:
      Accept:
      - application/json
      Accept-Encoding:
      - gzip, deflate
      Connection:
      - keep-alive
      Content-Length:
      - '0'
      Content-Type:
      - application/json
      User-Agent:
      - azsdk-python-communication-identity/1.4.0b2 Python/3.10.0 (Windows-10-10.0.22621-SP0)
      x-ms-date:
      - Thu, 20 Apr 2023 18:33:05 GMT
      x-ms-return-client-request-id:
      - 'true'
    method: POST
    uri: https://sanitized.communication.azure.com/identities?api-version=2022-10-01
  response:
    body:
      string: '{"identity":{"id":"8:acs:db75ed0c-e801-41a3-99a4-66a0a119a06c_00000018-3fd2-a964-b688-09482200f7a6"}}'
    headers:
      api-supported-versions:
      - 2020-07-20-preview2, 2021-02-22-preview1, 2021-03-07, 2021-10-31-preview,
        2021-11-01, 2022-06-01, 2022-10-01, 2023-08-01
      connection:
      - keep-alive
      content-length:
      - '101'
      content-type:
      - application/json; charset=utf-8
      date:
      - Thu, 20 Apr 2023 18:33:05 GMT
      ms-cv:
      - 8qJU4WHK6keo89fwvtj+pw.0
      request-context:
      - appId=
      strict-transport-security:
      - max-age=2592000
      x-cache:
      - CONFIG_NOCACHE
      x-processing-time:
      - 17ms
    status:
      code: 201
      message: Created
- request:
    body: null
    headers:
      Accept:
      - application/json
      Accept-Encoding:
      - gzip, deflate
      Connection:
      - keep-alive
      Content-Length:
      - '0'
      Content-Type:
      - application/json
      User-Agent:
      - azsdk-python-communication-identity/1.4.0b2 Python/3.10.0 (Windows-10-10.0.22621-SP0)
      x-ms-date:
      - Thu, 20 Apr 2023 18:33:05 GMT
      x-ms-return-client-request-id:
      - 'true'
    method: POST
    uri: https://sanitized.communication.azure.com/identities?api-version=2022-10-01
  response:
    body:
      string: '{"identity":{"id":"8:acs:db75ed0c-e801-41a3-99a4-66a0a119a06c_00000018-3fd2-a9b3-b688-09482200f7a7"}}'
    headers:
      api-supported-versions:
      - 2020-07-20-preview2, 2021-02-22-preview1, 2021-03-07, 2021-10-31-preview,
        2021-11-01, 2022-06-01, 2022-10-01, 2023-08-01
      connection:
      - keep-alive
      content-length:
      - '101'
      content-type:
      - application/json; charset=utf-8
      date:
      - Thu, 20 Apr 2023 18:33:05 GMT
      ms-cv:
      - 8m9FJtQ8aUmTZ9w/mz+BBw.0
      request-context:
      - appId=
      strict-transport-security:
      - max-age=2592000
      x-cache:
      - CONFIG_NOCACHE
      x-processing-time:
      - 19ms
    status:
      code: 201
      message: Created
- request:
    body: '{"participants": {}}'
    headers:
      Accept:
      - application/json
      Content-Length:
      - '20'
      Content-Type:
      - application/json
      Repeatability-First-Sent:
      - Thu, 20 Apr 2023 18:33:05 GMT
      Repeatability-Request-ID:
      - ca76a5a5-dfa9-11ed-aecd-e45e37e24f59
      User-Agent:
      - azsdk-python-communication-rooms/1.0.0b3 Python/3.10.0 (Windows-10-10.0.22621-SP0)
      x-ms-date:
      - Thu, 20 Apr 2023 18:33:05 GMT
      x-ms-return-client-request-id:
      - 'true'
    method: POST
    uri: https://sanitized.communication.azure.com/rooms?api-version=2023-03-31-preview
  response:
    body:
      string: '{"id":"99425658718043327","createdAt":"2023-04-20T18:33:06.220311+00:00","validFrom":"2023-04-20T18:33:05.963254+00:00","validUntil":"2023-10-17T18:33:05.963254+00:00"}'
    headers:
      api-supported-versions: 2021-04-07, 2022-02-01, 2023-03-31-preview
      connection: keep-alive
      content-type: application/json; charset=utf-8
      date: Thu, 20 Apr 2023 18:33:06 GMT
      ms-cv: nKAnBJHOLEi1iCJjI5wAMQ.0
      repeatability-result: accepted
      request-context: appId=
      transfer-encoding: chunked
      x-cache: CONFIG_NOCACHE
    status:
      code: 201
      message: Created
    url: https://rooms-ppe-us.ppe.communication.azure.net/rooms?api-version=2023-03-31-preview
- request:
    body: '{"participants": {"chris": {"role": "kafka"}, "8:acs:db75ed0c-e801-41a3-99a4-66a0a119a06c_00000018-3fd2-a8c0-b688-09482200f7a4":
      {"role": "Presenter"}}}'
    headers:
      Accept:
      - application/json
      Content-Length:
      - '152'
      Content-Type:
      - application/merge-patch+json
      User-Agent:
      - azsdk-python-communication-rooms/1.0.0b3 Python/3.10.0 (Windows-10-10.0.22621-SP0)
      x-ms-date:
      - Thu, 20 Apr 2023 18:33:06 GMT
      x-ms-return-client-request-id:
      - 'true'
    method: PATCH
    uri: https://sanitized.communication.azure.com/rooms/99425658718043327/participants?api-version=2023-03-31-preview
  response:
    body:
      string: '{"error":{"code":"BadRequest","message":"The request could not be understood
        by the server due to malformed syntax.","details":[{"code":"BadArgument","message":"The
        updateParticipantsRequestDto field is required.","target":"updateParticipantsRequestDto"},{"code":"BadArgument","message":"The
        JSON value could not be converted to Microsoft.AzureCommunicationService.Rooms.Api.Contracts.V2023_03_31_Preview.RoleDto.
        Path: $.participants.chris.role | LineNumber: 0 | BytePositionInLine: 43.","target":"$.participants.chris.role"}]}}'
    headers:
      connection: keep-alive
      content-type: application/json; charset=utf-8
      date: Thu, 20 Apr 2023 18:33:06 GMT
      ms-cv: sqb6BO3QzUiMMMub1L2h4A.0
      request-context: appId=
      transfer-encoding: chunked
      x-cache: CONFIG_NOCACHE
      x-ms-error-code: BadRequest
    status:
      code: 400
      message: Bad Request
    url: https://rooms-ppe-us.ppe.communication.azure.net/rooms/99425658718043327/participants?api-version=2023-03-31-preview
- request:
    body: null
    headers:
      Accept:
      - application/json
      Accept-Encoding:
      - gzip, deflate
      Connection:
      - keep-alive
      Content-Length:
      - '0'
      User-Agent:
      - azsdk-python-communication-identity/1.4.0b2 Python/3.10.0 (Windows-10-10.0.22621-SP0)
      x-ms-date:
      - Thu, 20 Apr 2023 18:33:06 GMT
      x-ms-return-client-request-id:
      - 'true'
    method: DELETE
    uri: https://sanitized.communication.azure.com/identities/sanitized?api-version=2022-10-01
  response:
    body:
      string: ''
    headers:
      api-supported-versions:
      - 2020-07-20-preview2, 2021-02-22-preview1, 2021-03-07, 2021-10-31-preview,
        2021-11-01, 2022-06-01, 2022-10-01, 2023-08-01
      connection:
      - keep-alive
      date:
      - Thu, 20 Apr 2023 18:33:06 GMT
      ms-cv:
      - 5FMMUy4XkEWf22+V8NPkbg.0
      request-context:
      - appId=
      strict-transport-security:
      - max-age=2592000
      x-cache:
      - CONFIG_NOCACHE
      x-processing-time:
      - 136ms
    status:
      code: 204
      message: No Content
- request:
    body: null
    headers:
      Accept:
      - application/json
      Accept-Encoding:
      - gzip, deflate
      Connection:
      - keep-alive
      Content-Length:
      - '0'
      User-Agent:
      - azsdk-python-communication-identity/1.4.0b2 Python/3.10.0 (Windows-10-10.0.22621-SP0)
      x-ms-date:
      - Thu, 20 Apr 2023 18:33:06 GMT
      x-ms-return-client-request-id:
      - 'true'
    method: DELETE
    uri: https://sanitized.communication.azure.com/identities/sanitized?api-version=2022-10-01
  response:
    body:
      string: ''
    headers:
      api-supported-versions:
      - 2020-07-20-preview2, 2021-02-22-preview1, 2021-03-07, 2021-10-31-preview,
        2021-11-01, 2022-06-01, 2022-10-01, 2023-08-01
      connection:
      - keep-alive
      date:
      - Thu, 20 Apr 2023 18:33:06 GMT
      ms-cv:
      - OwZIaC43i0WCvIT7WIdJcA.0
      request-context:
      - appId=
      strict-transport-security:
      - max-age=2592000
      x-cache:
      - CONFIG_NOCACHE
      x-processing-time:
      - 136ms
    status:
      code: 204
      message: No Content
- request:
    body: null
    headers:
      Accept:
      - application/json
      Accept-Encoding:
      - gzip, deflate
      Connection:
      - keep-alive
      Content-Length:
      - '0'
      User-Agent:
      - azsdk-python-communication-identity/1.4.0b2 Python/3.10.0 (Windows-10-10.0.22621-SP0)
      x-ms-date:
      - Thu, 20 Apr 2023 18:33:06 GMT
      x-ms-return-client-request-id:
      - 'true'
    method: DELETE
    uri: https://sanitized.communication.azure.com/identities/sanitized?api-version=2022-10-01
  response:
    body:
      string: ''
    headers:
      api-supported-versions:
      - 2020-07-20-preview2, 2021-02-22-preview1, 2021-03-07, 2021-10-31-preview,
        2021-11-01, 2022-06-01, 2022-10-01, 2023-08-01
      connection:
      - keep-alive
      date:
      - Thu, 20 Apr 2023 18:33:07 GMT
      ms-cv:
      - B6Fs5JyCvE2XxRugsTyxFQ.0
      request-context:
      - appId=
      strict-transport-security:
      - max-age=2592000
      x-cache:
      - CONFIG_NOCACHE
      x-processing-time:
      - 133ms
    status:
      code: 204
      message: No Content
version: 1
