{
  "Entries": [
    {
      "RequestUri": "https://login.microsoftonline.com/00000000-0000-0000-0000-000000000000/v2.0/.well-known/openid-configuration",
      "RequestMethod": "GET",
      "RequestHeaders": {
        "Accept": "*/*",
        "Accept-Encoding": "gzip, deflate",
        "Connection": "keep-alive",
        "User-Agent": "azsdk-python-identity/1.7.1 Python/3.8.8 (Windows-10-10.0.19041-SP0)"
      },
      "RequestBody": null,
      "StatusCode": 200,
      "ResponseHeaders": {
        "Access-Control-Allow-Methods": "GET, OPTIONS",
        "Access-Control-Allow-Origin": "*",
        "Cache-Control": "max-age=86400, private",
        "Content-Length": "1753",
        "Content-Type": "application/json; charset=utf-8",
        "Date": "Mon, 22 Nov 2021 07:20:52 GMT",
        "P3P": "CP=\u0022DSP CUR OTPi IND OTRi ONL FIN\u0022",
        "Set-Cookie": [
          "fpc=ApM_LhJPLe9ImWK1FvOL9_8; expires=Wed, 22-Dec-2021 07:20:52 GMT; path=/; secure; HttpOnly; SameSite=None",
          "esctx=AQABAAAAAAD--DLA3VO7QrddgJg7WevrmpZ9BORR0yXriBcC-uOb5NMeAfK6qxCt2BrP7FXkSV3A6EQ2rYIfxaR_lOFm3DvMOQqxAV8jN68fyvBq3VBJx4A6BkF2WmxHiuqrKNr-hKckGEOhXbW40e-cBLK90z9u-oDheOqzj7UiTnPOHOIkb7B8HZPZc2AH3svi4M62boUgAA; domain=.login.microsoftonline.com; path=/; secure; HttpOnly; SameSite=None",
          "x-ms-gateway-slice=estsfd; path=/; secure; samesite=none; httponly",
          "stsservicecookie=estsfd; path=/; secure; samesite=none; httponly"
        ],
        "Strict-Transport-Security": "max-age=31536000; includeSubDomains",
        "X-Content-Type-Options": "nosniff",
        "x-ms-ests-server": "2.1.12231.8 - EUS ProdSlices",
        "x-ms-request-id": "74c29986-97bb-4703-b89c-7f1a4cfcae00"
      },
      "ResponseBody": {
        "token_endpoint": "https://login.microsoftonline.com/00000000-0000-0000-0000-000000000000/oauth2/v2.0/token",
        "token_endpoint_auth_methods_supported": [
          "client_secret_post",
          "private_key_jwt",
          "client_secret_basic"
        ],
        "jwks_uri": "https://login.microsoftonline.com/00000000-0000-0000-0000-000000000000/discovery/v2.0/keys",
        "response_modes_supported": [
          "query",
          "fragment",
          "form_post"
        ],
        "subject_types_supported": [
          "pairwise"
        ],
        "id_token_signing_alg_values_supported": [
          "RS256"
        ],
        "response_types_supported": [
          "code",
          "id_token",
          "code id_token",
          "id_token token"
        ],
        "scopes_supported": [
          "openid",
          "profile",
          "email",
          "offline_access"
        ],
        "issuer": "https://login.microsoftonline.com/00000000-0000-0000-0000-000000000000/v2.0",
        "request_uri_parameter_supported": false,
        "userinfo_endpoint": "https://graph.microsoft.com/oidc/userinfo",
        "authorization_endpoint": "https://login.microsoftonline.com/00000000-0000-0000-0000-000000000000/oauth2/v2.0/authorize",
        "device_authorization_endpoint": "https://login.microsoftonline.com/00000000-0000-0000-0000-000000000000/oauth2/v2.0/devicecode",
        "http_logout_supported": true,
        "frontchannel_logout_supported": true,
        "end_session_endpoint": "https://login.microsoftonline.com/00000000-0000-0000-0000-000000000000/oauth2/v2.0/logout",
        "claims_supported": [
          "sub",
          "iss",
          "cloud_instance_name",
          "cloud_instance_host_name",
          "cloud_graph_host_name",
          "msgraph_host",
          "aud",
          "exp",
          "iat",
          "auth_time",
          "acr",
          "nonce",
          "preferred_username",
          "name",
          "tid",
          "ver",
          "at_hash",
          "c_hash",
          "email"
        ],
        "kerberos_endpoint": "https://login.microsoftonline.com/00000000-0000-0000-0000-000000000000/kerberos",
        "tenant_region_scope": "NA",
        "cloud_instance_name": "microsoftonline.com",
        "cloud_graph_host_name": "graph.windows.net",
        "msgraph_host": "graph.microsoft.com",
        "rbac_url": "https://pas.windows.net"
      }
    },
    {
      "RequestUri": "https://login.microsoftonline.com/common/discovery/instance?api-version=1.1\u0026authorization_endpoint=https://login.microsoftonline.com/common/oauth2/authorize",
      "RequestMethod": "GET",
      "RequestHeaders": {
        "Accept": "application/json",
        "Accept-Encoding": "gzip, deflate",
        "Connection": "keep-alive",
        "Cookie": "fpc=ApM_LhJPLe9ImWK1FvOL9_8; stsservicecookie=estsfd; x-ms-gateway-slice=estsfd",
        "User-Agent": "azsdk-python-identity/1.7.1 Python/3.8.8 (Windows-10-10.0.19041-SP0)"
      },
      "RequestBody": null,
      "StatusCode": 200,
      "ResponseHeaders": {
        "Access-Control-Allow-Methods": "GET, OPTIONS",
        "Access-Control-Allow-Origin": "*",
        "Cache-Control": "max-age=86400, private",
        "Content-Length": "945",
        "Content-Type": "application/json; charset=utf-8",
        "Date": "Mon, 22 Nov 2021 07:20:52 GMT",
        "P3P": "CP=\u0022DSP CUR OTPi IND OTRi ONL FIN\u0022",
        "Set-Cookie": [
          "fpc=ApM_LhJPLe9ImWK1FvOL9_8; expires=Wed, 22-Dec-2021 07:20:52 GMT; path=/; secure; HttpOnly; SameSite=None",
          "x-ms-gateway-slice=estsfd; path=/; secure; samesite=none; httponly",
          "stsservicecookie=estsfd; path=/; secure; samesite=none; httponly"
        ],
        "Strict-Transport-Security": "max-age=31536000; includeSubDomains",
        "X-Content-Type-Options": "nosniff",
        "x-ms-ests-server": "2.1.12249.14 - KRSLR1 ProdSlices",
        "x-ms-request-id": "fddb5c82-0a63-42f8-a0a2-26a633010900"
      },
      "ResponseBody": {
        "tenant_discovery_endpoint": "https://login.microsoftonline.com/common/.well-known/openid-configuration",
        "api-version": "1.1",
        "metadata": [
          {
            "preferred_network": "login.microsoftonline.com",
            "preferred_cache": "login.windows.net",
            "aliases": [
              "login.microsoftonline.com",
              "login.windows.net",
              "login.microsoft.com",
              "sts.windows.net"
            ]
          },
          {
            "preferred_network": "login.partner.microsoftonline.cn",
            "preferred_cache": "login.partner.microsoftonline.cn",
            "aliases": [
              "login.partner.microsoftonline.cn",
              "login.chinacloudapi.cn"
            ]
          },
          {
            "preferred_network": "login.microsoftonline.de",
            "preferred_cache": "login.microsoftonline.de",
            "aliases": [
              "login.microsoftonline.de"
            ]
          },
          {
            "preferred_network": "login.microsoftonline.us",
            "preferred_cache": "login.microsoftonline.us",
            "aliases": [
              "login.microsoftonline.us",
              "login.usgovcloudapi.net"
            ]
          },
          {
            "preferred_network": "login-us.microsoftonline.com",
            "preferred_cache": "login-us.microsoftonline.com",
            "aliases": [
              "login-us.microsoftonline.com"
            ]
          }
        ]
      }
    },
    {
      "RequestUri": "https://login.microsoftonline.com/00000000-0000-0000-0000-000000000000/oauth2/v2.0/token",
      "RequestMethod": "POST",
      "RequestHeaders": {
        "Accept": "application/json",
        "Accept-Encoding": "gzip, deflate",
        "client-request-id": "e42d2593-8299-4424-bbc1-977eadaeadb1",
        "Connection": "keep-alive",
        "Content-Length": "286",
        "Content-Type": "application/x-www-form-urlencoded",
        "Cookie": "fpc=ApM_LhJPLe9ImWK1FvOL9_8; stsservicecookie=estsfd; x-ms-gateway-slice=estsfd",
        "User-Agent": "azsdk-python-identity/1.7.1 Python/3.8.8 (Windows-10-10.0.19041-SP0)",
        "x-client-cpu": "x64",
        "x-client-current-telemetry": "4|730,0|",
        "x-client-last-telemetry": "4|0|||",
        "x-client-os": "win32",
        "x-client-sku": "MSAL.Python",
        "x-client-ver": "1.16.0",
        "x-ms-lib-capability": "retry-after, h429"
      },
      "RequestBody": "client_id=8c41a920-007a-4844-a189-2d0efe39f51e\u0026grant_type=client_credentials\u0026client_info=1\u0026client_secret=o0XWF_siD-FhI.5AE83-u0GaQHW_GP7cjy\u0026claims=%7B%22access_token%22%3A\u002B%7B%22xms_cc%22%3A\u002B%7B%22values%22%3A\u002B%5B%22CP1%22%5D%7D%7D%7D\u0026scope=https%3A%2F%2Fmanagement.azure.com%2F.default",
      "StatusCode": 200,
      "ResponseHeaders": {
        "Cache-Control": "no-store, no-cache",
        "client-request-id": "e42d2593-8299-4424-bbc1-977eadaeadb1",
        "Content-Length": "1349",
        "Content-Type": "application/json; charset=utf-8",
        "Date": "Mon, 22 Nov 2021 07:20:53 GMT",
        "Expires": "-1",
        "P3P": "CP=\u0022DSP CUR OTPi IND OTRi ONL FIN\u0022",
        "Pragma": "no-cache",
        "Set-Cookie": [
          "fpc=ApM_LhJPLe9ImWK1FvOL9__mIjFAAQAAANQ7LdkOAAAA; expires=Wed, 22-Dec-2021 07:20:53 GMT; path=/; secure; HttpOnly; SameSite=None",
          "x-ms-gateway-slice=estsfd; path=/; secure; samesite=none; httponly",
          "stsservicecookie=estsfd; path=/; secure; samesite=none; httponly"
        ],
        "Strict-Transport-Security": "max-age=31536000; includeSubDomains",
        "X-Content-Type-Options": "nosniff",
        "x-ms-clitelem": "1,0,0,,",
        "x-ms-ests-server": "2.1.12231.8 - NCUS ProdSlices",
        "x-ms-request-id": "3c1f9e27-a673-4708-bc40-52c7dc928200"
      },
      "ResponseBody": {
        "token_type": "Bearer",
        "expires_in": 3599,
        "ext_expires_in": 3599,
        "access_token": "eyJ0eXAiOiJKV1QiLCJhbGciOiJSUzI1NiIsIng1dCI6Imwzc1EtNTBjQ0g0eEJWWkxIVEd3blNSNzY4MCIsImtpZCI6Imwzc1EtNTBjQ0g0eEJWWkxIVEd3blNSNzY4MCJ9.eyJhdWQiOiJodHRwczovL21hbmFnZW1lbnQuYXp1cmUuY29tIiwiaXNzIjoiaHR0cHM6Ly9zdHMud2luZG93cy5uZXQvNTQ4MjZiMjItMzhkNi00ZmIyLWJhZDktYjdiOTNhM2U5YzVhLyIsImlhdCI6MTYzNzU2NTM1MywibmJmIjoxNjM3NTY1MzUzLCJleHAiOjE2Mzc1NjkyNTMsImFpbyI6IkUyWmdZTGo2Yy9QZjJ5bEptYUthd2N5VmZDbEpBQT09IiwiYXBwaWQiOiI4YzQxYTkyMC0wMDdhLTQ4NDQtYTE4OS0yZDBlZmUzOWY1MWUiLCJhcHBpZGFjciI6IjEiLCJpZHAiOiJodHRwczovL3N0cy53aW5kb3dzLm5ldC81NDgyNmIyMi0zOGQ2LTRmYjItYmFkOS1iN2I5M2EzZTljNWEvIiwib2lkIjoiMjI5YmVmMDAtNjUzNi00YjZhLTgyZDAtZWM4M2JmMWNkYTdlIiwicmgiOiIwLkFUY0FJbXVDVk5ZNHNrLTYyYmU1T2o2Y1dpQ3BRWXg2QUVSSW9Za3REdjQ1OVI0M0FBQS4iLCJzdWIiOiIyMjliZWYwMC02NTM2LTRiNmEtODJkMC1lYzgzYmYxY2RhN2UiLCJ0aWQiOiI1NDgyNmIyMi0zOGQ2LTRmYjItYmFkOS1iN2I5M2EzZTljNWEiLCJ1dGkiOiJKNTRmUEhPbUNFZThRRkxIM0pLQ0FBIiwidmVyIjoiMS4wIiwieG1zX3RjZHQiOjE0MTIyMDY4NDB9.CpD2OjlFJJlPiyS4TBfUtYVnOhL3lQhA7kbiT16evM_VGFWBQ__p-ykeyifZ5mpOtc2CTGxPDB0ma94KPBcwB4rNnaBau49B5XfpKmgI2OMeORqiYsa9YNnpG9WHPIAgED76z3lEv5m1MmxL6UkBm2ZFsD3oDFyh6SMDbb2VM5B5Nd3Ac3kdgL2pekJG6srs3wVsHyC2DDESMnUZxoksj9G0ZRLUf0YMKz7PGm4eO8XvYGBHnvKm2NN-1-jEFXDq45xzNn50wluIngtL_GGRjS30BHDFeciRVEwlrKIrObU1XykLlmge236KZYpN8Tt0sODEsPQjkrCAGuNnGlQikQ"
      }
    },
    {
      "RequestUri": "https://management.azure.com/subscriptions/00000000-0000-0000-0000-000000000000/resourcegroups/rgname/providers/Microsoft.Resources/deploymentScripts/scripttest?api-version=2019-10-01-preview",
      "RequestMethod": "PUT",
      "RequestHeaders": {
        "Accept": "application/json",
        "Accept-Encoding": "gzip, deflate",
        "Authorization": "Sanitized",
        "Connection": "keep-alive",
        "Content-Length": "591",
        "Content-Type": "application/json",
        "User-Agent": "azsdk-python-azure-mgmt-resource/20.0.0 Python/3.8.8 (Windows-10-10.0.19041-SP0)",
        "x-ms-client-request-id": "b8a5dc77-4b64-11ec-bf89-70b5e82527ff"
      },
      "RequestBody": "{\u0022identity\u0022: {\u0022type\u0022: \u0022UserAssigned\u0022, \u0022userAssignedIdentities\u0022: {\u0022/subscriptions/00000000-0000-0000-0000-000000000000/resourceGroups/rgname/providers/Microsoft.ManagedIdentity/userAssignedIdentities/uai\u0022: {}}}, \u0022location\u0022: \u0022westus\u0022, \u0022kind\u0022: \u0022AzurePowerShell\u0022, \u0022properties\u0022: {\u0022cleanupPreference\u0022: \u0022Always\u0022, \u0022scriptContent\u0022: \u0022Param([string]$Location,[string]$Name) $deploymentScriptOutputs[\u0027test\u0027] = \u0027value\u0027 Get-AzResourceGroup -Location $Location -Name $Name\u0022, \u0022arguments\u0022: \u0022-Location \u0027westus\u0027 -Name \\\u0022*rg2\\\u0022\u0022, \u0022retentionInterval\u0022: \u0022P1DT2H\u0022, \u0022timeout\u0022: \u0022PT30M\u0022, \u0022azPowerShellVersion\u0022: \u00223.0\u0022}}",
      "StatusCode": 201,
      "ResponseHeaders": {
        "Azure-AsyncOperation": "https://management.azure.com/subscriptions/00000000-0000-0000-0000-000000000000/providers/Microsoft.Resources/locations/westus/deploymentScriptOperationResults/3f39f86f-3df0-40e7-9a3c-ecb305163688?api-version=2019-10-01-preview",
        "Cache-Control": "no-cache",
        "Content-Length": "1497",
        "Content-Type": "application/json; charset=utf-8",
        "Date": "Mon, 22 Nov 2021 07:21:02 GMT",
        "Expires": "-1",
        "Pragma": "no-cache",
        "Retry-After": "17",
        "Server": "Microsoft-HTTPAPI/2.0",
        "Strict-Transport-Security": "max-age=31536000; includeSubDomains",
        "X-Content-Type-Options": "nosniff",
        "x-ms-correlation-request-id": "2e82ae6f-3d0b-476f-bef2-956d68e659ad",
        "x-ms-ratelimit-remaining-subscription-writes": "1199",
        "x-ms-request-id": "a17d2dd8-c681-4a30-b4c4-389e5bd6cfb3",
        "x-ms-routing-request-id": "SOUTHEASTASIA:20211122T072103Z:2e82ae6f-3d0b-476f-bef2-956d68e659ad"
      },
      "ResponseBody": [
        "{\r\n",
        "  \u0022kind\u0022: \u0022AzurePowerShell\u0022,\r\n",
        "  \u0022identity\u0022: {\r\n",
        "    \u0022type\u0022: \u0022userAssigned\u0022,\r\n",
        "    \u0022tenantId\u0022: \u002200000000-0000-0000-0000-000000000000\u0022,\r\n",
        "    \u0022userAssignedIdentities\u0022: {\r\n",
        "      \u0022/subscriptions/00000000-0000-0000-0000-000000000000/resourceGroups/rgname/providers/Microsoft.ManagedIdentity/userAssignedIdentities/uai\u0022: {\r\n",
        "        \u0022principalId\u0022: \u0022e57e5c4f-7873-4685-b1ee-e4df3cd75267\u0022,\r\n",
        "        \u0022clientId\u0022: \u002299461135-c78f-4d7e-8090-ef46937ed8de\u0022\r\n",
        "      }\r\n",
        "    }\r\n",
        "  },\r\n",
        "  \u0022location\u0022: \u0022westus\u0022,\r\n",
        "  \u0022properties\u0022: {\r\n",
        "    \u0022provisioningState\u0022: \u0022Creating\u0022,\r\n",
        "    \u0022azPowerShellVersion\u0022: \u00223.0\u0022,\r\n",
        "    \u0022scriptContent\u0022: \u0022Param([string]$Location,[string]$Name) $deploymentScriptOutputs[\u0027test\u0027] = \u0027value\u0027 Get-AzResourceGroup -Location $Location -Name $Name\u0022,\r\n",
        "    \u0022arguments\u0022: \u0022-Location \u0027westus\u0027 -Name \\\u0022*rg2\\\u0022\u0022,\r\n",
        "    \u0022retentionInterval\u0022: \u0022P1DT2H\u0022,\r\n",
        "    \u0022timeout\u0022: \u0022PT30M\u0022,\r\n",
        "    \u0022containerSettings\u0022: {},\r\n",
        "    \u0022status\u0022: {},\r\n",
        "    \u0022cleanupPreference\u0022: \u0022Always\u0022\r\n",
        "  },\r\n",
        "  \u0022systemData\u0022: {\r\n",
        "    \u0022createdBy\u0022: \u00228c41a920-007a-4844-a189-2d0efe39f51e\u0022,\r\n",
        "    \u0022createdByType\u0022: \u0022Application\u0022,\r\n",
        "    \u0022createdAt\u0022: \u00222021-11-22T07:20:59.2826505Z\u0022,\r\n",
        "    \u0022lastModifiedBy\u0022: \u00228c41a920-007a-4844-a189-2d0efe39f51e\u0022,\r\n",
        "    \u0022lastModifiedByType\u0022: \u0022Application\u0022,\r\n",
        "    \u0022lastModifiedAt\u0022: \u00222021-11-22T07:20:59.2826505Z\u0022\r\n",
        "  },\r\n",
        "  \u0022id\u0022: \u0022/subscriptions/00000000-0000-0000-0000-000000000000/resourceGroups/rgname/providers/Microsoft.Resources/deploymentScripts/scripttest\u0022,\r\n",
        "  \u0022type\u0022: \u0022Microsoft.Resources/deploymentScripts\u0022,\r\n",
        "  \u0022name\u0022: \u0022scripttest\u0022\r\n",
        "}"
      ]
    },
    {
      "RequestUri": "https://management.azure.com/subscriptions/00000000-0000-0000-0000-000000000000/providers/Microsoft.Resources/locations/westus/deploymentScriptOperationResults/3f39f86f-3df0-40e7-9a3c-ecb305163688?api-version=2019-10-01-preview",
      "RequestMethod": "GET",
      "RequestHeaders": {
        "Accept": "*/*",
        "Accept-Encoding": "gzip, deflate",
        "Authorization": "Sanitized",
        "Connection": "keep-alive",
        "User-Agent": "azsdk-python-azure-mgmt-resource/20.0.0 Python/3.8.8 (Windows-10-10.0.19041-SP0)",
        "x-ms-client-request-id": "b8a5dc77-4b64-11ec-bf89-70b5e82527ff"
      },
      "RequestBody": null,
      "StatusCode": 200,
      "ResponseHeaders": {
        "Cache-Control": "no-cache",
        "Content-Encoding": "gzip",
        "Content-Type": "application/json; charset=utf-8",
        "Date": "Mon, 22 Nov 2021 07:21:19 GMT",
        "Expires": "-1",
        "Pragma": "no-cache",
        "Server": "Microsoft-HTTPAPI/2.0",
        "Strict-Transport-Security": "max-age=31536000; includeSubDomains",
        "Transfer-Encoding": "chunked",
        "Vary": "Accept-Encoding",
        "X-Content-Type-Options": "nosniff",
        "x-ms-correlation-request-id": "d1217e00-7c03-4f57-bc88-bbbf4804e871",
        "x-ms-ratelimit-remaining-subscription-reads": "11998",
        "x-ms-request-id": "31465037-e6b8-4a05-a5a8-dba57ae0a935",
        "x-ms-routing-request-id": "SOUTHEASTASIA:20211122T072120Z:d1217e00-7c03-4f57-bc88-bbbf4804e871"
      },
      "ResponseBody": [
        "{\r\n",
        "  \u0022id\u0022: \u0022/subscriptions/00000000-0000-0000-0000-000000000000/providers/Microsoft.Resources/locations/westus/deploymentScriptOperationResults/3f39f86f-3df0-40e7-9a3c-ecb305163688\u0022,\r\n",
        "  \u0022name\u0022: \u00223f39f86f-3df0-40e7-9a3c-ecb305163688\u0022,\r\n",
        "  \u0022status\u0022: \u0022provisioningResources\u0022,\r\n",
        "  \u0022error\u0022: {\r\n",
        "    \u0022code\u0022: \u0022DeploymentScriptOperationFailed\u0022,\r\n",
        "    \u0022message\u0022: \u0022The client \u0027e57e5c4f-7873-4685-b1ee-e4df3cd75267\u0027 with object id \u0027e57e5c4f-7873-4685-b1ee-e4df3cd75267\u0027 does not have authorization to perform action \u0027Microsoft.Resources/subscriptions/providers/read\u0027 over scope \u0027/subscriptions/00000000-0000-0000-0000-000000000000\u0027 or the scope is invalid. If access was recently granted, please refresh your credentials.\u0022\r\n",
        "  }\r\n",
        "}"
      ]
    },
    {
      "RequestUri": "https://management.azure.com/subscriptions/00000000-0000-0000-0000-000000000000/providers/Microsoft.Resources/locations/westus/deploymentScriptOperationResults/3f39f86f-3df0-40e7-9a3c-ecb305163688?api-version=2019-10-01-preview",
      "RequestMethod": "GET",
      "RequestHeaders": {
        "Accept": "*/*",
        "Accept-Encoding": "gzip, deflate",
        "Authorization": "Sanitized",
        "Connection": "keep-alive",
        "User-Agent": "azsdk-python-azure-mgmt-resource/20.0.0 Python/3.8.8 (Windows-10-10.0.19041-SP0)",
        "x-ms-client-request-id": "b8a5dc77-4b64-11ec-bf89-70b5e82527ff"
      },
      "RequestBody": null,
      "StatusCode": 200,
      "ResponseHeaders": {
        "Cache-Control": "no-cache",
        "Content-Encoding": "gzip",
        "Content-Type": "application/json; charset=utf-8",
        "Date": "Mon, 22 Nov 2021 07:21:50 GMT",
        "Expires": "-1",
        "Pragma": "no-cache",
        "Server": "Microsoft-HTTPAPI/2.0",
        "Strict-Transport-Security": "max-age=31536000; includeSubDomains",
        "Transfer-Encoding": "chunked",
        "Vary": "Accept-Encoding",
        "X-Content-Type-Options": "nosniff",
        "x-ms-correlation-request-id": "774e130b-3aac-4b64-ae35-c6ad57231e81",
        "x-ms-ratelimit-remaining-subscription-reads": "11997",
        "x-ms-request-id": "0153fd7a-9bfa-4e4d-b45d-d6254ed5d0e6",
        "x-ms-routing-request-id": "SOUTHEASTASIA:20211122T072150Z:774e130b-3aac-4b64-ae35-c6ad57231e81"
      },
      "ResponseBody": [
        "{\r\n",
        "  \u0022id\u0022: \u0022/subscriptions/00000000-0000-0000-0000-000000000000/providers/Microsoft.Resources/locations/westus/deploymentScriptOperationResults/3f39f86f-3df0-40e7-9a3c-ecb305163688\u0022,\r\n",
        "  \u0022name\u0022: \u00223f39f86f-3df0-40e7-9a3c-ecb305163688\u0022,\r\n",
        "  \u0022status\u0022: \u0022provisioningResources\u0022,\r\n",
        "  \u0022error\u0022: {\r\n",
        "    \u0022code\u0022: \u0022DeploymentScriptOperationFailed\u0022,\r\n",
        "    \u0022message\u0022: \u0022The client \u0027e57e5c4f-7873-4685-b1ee-e4df3cd75267\u0027 with object id \u0027e57e5c4f-7873-4685-b1ee-e4df3cd75267\u0027 does not have authorization to perform action \u0027Microsoft.Resources/subscriptions/providers/read\u0027 over scope \u0027/subscriptions/00000000-0000-0000-0000-000000000000\u0027 or the scope is invalid. If access was recently granted, please refresh your credentials.\u0022\r\n",
        "  }\r\n",
        "}"
      ]
    },
    {
      "RequestUri": "https://management.azure.com/subscriptions/00000000-0000-0000-0000-000000000000/providers/Microsoft.Resources/locations/westus/deploymentScriptOperationResults/3f39f86f-3df0-40e7-9a3c-ecb305163688?api-version=2019-10-01-preview",
      "RequestMethod": "GET",
      "RequestHeaders": {
        "Accept": "*/*",
        "Accept-Encoding": "gzip, deflate",
        "Authorization": "Sanitized",
        "Connection": "keep-alive",
        "User-Agent": "azsdk-python-azure-mgmt-resource/20.0.0 Python/3.8.8 (Windows-10-10.0.19041-SP0)",
        "x-ms-client-request-id": "b8a5dc77-4b64-11ec-bf89-70b5e82527ff"
      },
      "RequestBody": null,
      "StatusCode": 200,
      "ResponseHeaders": {
        "Cache-Control": "no-cache",
        "Content-Encoding": "gzip",
        "Content-Type": "application/json; charset=utf-8",
        "Date": "Mon, 22 Nov 2021 07:22:20 GMT",
        "Expires": "-1",
        "Pragma": "no-cache",
        "Server": "Microsoft-HTTPAPI/2.0",
        "Strict-Transport-Security": "max-age=31536000; includeSubDomains",
        "Transfer-Encoding": "chunked",
        "Vary": "Accept-Encoding",
        "X-Content-Type-Options": "nosniff",
        "x-ms-correlation-request-id": "a49294ba-daaa-430d-bd20-9adb2dffd674",
        "x-ms-ratelimit-remaining-subscription-reads": "11996",
        "x-ms-request-id": "fc2e2ecc-83a1-42bd-86ee-4803a159c78a",
        "x-ms-routing-request-id": "SOUTHEASTASIA:20211122T072221Z:a49294ba-daaa-430d-bd20-9adb2dffd674"
      },
      "ResponseBody": [
        "{\r\n",
        "  \u0022id\u0022: \u0022/subscriptions/00000000-0000-0000-0000-000000000000/providers/Microsoft.Resources/locations/westus/deploymentScriptOperationResults/3f39f86f-3df0-40e7-9a3c-ecb305163688\u0022,\r\n",
        "  \u0022name\u0022: \u00223f39f86f-3df0-40e7-9a3c-ecb305163688\u0022,\r\n",
        "  \u0022status\u0022: \u0022failed\u0022,\r\n",
        "  \u0022error\u0022: {\r\n",
        "    \u0022code\u0022: \u0022DeploymentScriptOperationFailed\u0022,\r\n",
        "    \u0022message\u0022: \u0022The client \u0027e57e5c4f-7873-4685-b1ee-e4df3cd75267\u0027 with object id \u0027e57e5c4f-7873-4685-b1ee-e4df3cd75267\u0027 does not have authorization to perform action \u0027Microsoft.Resources/subscriptions/providers/read\u0027 over scope \u0027/subscriptions/00000000-0000-0000-0000-000000000000\u0027 or the scope is invalid. If access was recently granted, please refresh your credentials.\u0022\r\n",
        "  }\r\n",
        "}"
      ]
    },
    {
      "RequestUri": "https://management.azure.com/subscriptions/00000000-0000-0000-0000-000000000000/resourcegroups/rgname/providers/Microsoft.Resources/deploymentScripts/scripttest?api-version=2019-10-01-preview",
      "RequestMethod": "PATCH",
      "RequestHeaders": {
        "Accept": "application/json",
        "Accept-Encoding": "gzip, deflate",
        "Authorization": "Sanitized",
        "Connection": "keep-alive",
        "Content-Length": "28",
        "Content-Type": "application/json",
        "User-Agent": "azsdk-python-azure-mgmt-resource/20.0.0 Python/3.8.8 (Windows-10-10.0.19041-SP0)",
        "x-ms-client-request-id": "ee1928d6-4b64-11ec-aa90-70b5e82527ff"
      },
      "RequestBody": "{\u0022tags\u0022: {\u0022key1\u0022: \u0022value1\u0022}}",
      "StatusCode": 200,
      "ResponseHeaders": {
        "Cache-Control": "no-cache",
        "Content-Encoding": "gzip",
        "Content-Type": "application/json; charset=utf-8",
        "Date": "Mon, 22 Nov 2021 07:22:23 GMT",
        "Expires": "-1",
        "Pragma": "no-cache",
        "Server": "Microsoft-HTTPAPI/2.0",
        "Strict-Transport-Security": "max-age=31536000; includeSubDomains",
        "Transfer-Encoding": "chunked",
        "Vary": "Accept-Encoding",
        "X-Content-Type-Options": "nosniff",
        "x-ms-correlation-request-id": "17ddb024-328c-4c19-a9dd-37277bf97fb4",
        "x-ms-ratelimit-remaining-subscription-writes": "1198",
        "x-ms-request-id": "37cd73bc-1a8d-412f-be5d-d3d00b53738a",
        "x-ms-routing-request-id": "SOUTHEASTASIA:20211122T072224Z:17ddb024-328c-4c19-a9dd-37277bf97fb4"
      },
      "ResponseBody": [
        "{\r\n",
        "  \u0022kind\u0022: \u0022AzurePowerShell\u0022,\r\n",
        "  \u0022identity\u0022: {\r\n",
        "    \u0022type\u0022: \u0022userAssigned\u0022,\r\n",
        "    \u0022tenantId\u0022: \u002200000000-0000-0000-0000-000000000000\u0022,\r\n",
        "    \u0022userAssignedIdentities\u0022: {\r\n",
        "      \u0022/subscriptions/00000000-0000-0000-0000-000000000000/resourceGroups/rgname/providers/Microsoft.ManagedIdentity/userAssignedIdentities/uai\u0022: {\r\n",
        "        \u0022principalId\u0022: \u0022e57e5c4f-7873-4685-b1ee-e4df3cd75267\u0022,\r\n",
        "        \u0022clientId\u0022: \u002299461135-c78f-4d7e-8090-ef46937ed8de\u0022\r\n",
        "      }\r\n",
        "    }\r\n",
        "  },\r\n",
        "  \u0022location\u0022: \u0022westus\u0022,\r\n",
        "  \u0022tags\u0022: {\r\n",
        "    \u0022key1\u0022: \u0022value1\u0022\r\n",
        "  },\r\n",
        "  \u0022properties\u0022: {\r\n",
        "    \u0022provisioningState\u0022: \u0022Failed\u0022,\r\n",
        "    \u0022azPowerShellVersion\u0022: \u00223.0\u0022,\r\n",
        "    \u0022scriptContent\u0022: \u0022Param([string]$Location,[string]$Name) $deploymentScriptOutputs[\u0027test\u0027] = \u0027value\u0027 Get-AzResourceGroup -Location $Location -Name $Name\u0022,\r\n",
        "    \u0022arguments\u0022: \u0022-Location \u0027westus\u0027 -Name \\\u0022*rg2\\\u0022\u0022,\r\n",
        "    \u0022retentionInterval\u0022: \u0022P1DT2H\u0022,\r\n",
        "    \u0022timeout\u0022: \u0022PT30M\u0022,\r\n",
        "    \u0022containerSettings\u0022: {},\r\n",
        "    \u0022status\u0022: {\r\n",
        "      \u0022startTime\u0022: \u00222021-11-22T07:22:19.6198765Z\u0022,\r\n",
        "      \u0022endTime\u0022: \u00222021-11-22T07:22:20.4010998Z\u0022,\r\n",
        "      \u0022expirationTime\u0022: \u00222021-11-23T09:22:20.4010998Z\u0022,\r\n",
        "      \u0022error\u0022: {\r\n",
        "        \u0022code\u0022: \u0022DeploymentScriptOperationFailed\u0022,\r\n",
        "        \u0022message\u0022: \u0022The client \u0027e57e5c4f-7873-4685-b1ee-e4df3cd75267\u0027 with object id \u0027e57e5c4f-7873-4685-b1ee-e4df3cd75267\u0027 does not have authorization to perform action \u0027Microsoft.Resources/subscriptions/providers/read\u0027 over scope \u0027/subscriptions/00000000-0000-0000-0000-000000000000\u0027 or the scope is invalid. If access was recently granted, please refresh your credentials.\u0022\r\n",
        "      }\r\n",
        "    },\r\n",
        "    \u0022cleanupPreference\u0022: \u0022Always\u0022\r\n",
        "  },\r\n",
        "  \u0022systemData\u0022: {\r\n",
        "    \u0022createdBy\u0022: \u00228c41a920-007a-4844-a189-2d0efe39f51e\u0022,\r\n",
        "    \u0022createdByType\u0022: \u0022Application\u0022,\r\n",
        "    \u0022createdAt\u0022: \u00222021-11-22T07:20:59.2826505Z\u0022,\r\n",
        "    \u0022lastModifiedBy\u0022: \u00228c41a920-007a-4844-a189-2d0efe39f51e\u0022,\r\n",
        "    \u0022lastModifiedByType\u0022: \u0022Application\u0022,\r\n",
        "    \u0022lastModifiedAt\u0022: \u00222021-11-22T07:22:22.257916Z\u0022\r\n",
        "  },\r\n",
        "  \u0022id\u0022: \u0022/subscriptions/00000000-0000-0000-0000-000000000000/resourceGroups/rgname/providers/Microsoft.Resources/deploymentScripts/scripttest\u0022,\r\n",
        "  \u0022type\u0022: \u0022Microsoft.Resources/deploymentScripts\u0022,\r\n",
        "  \u0022name\u0022: \u0022scripttest\u0022\r\n",
        "}"
      ]
    },
    {
      "RequestUri": "https://management.azure.com/subscriptions/00000000-0000-0000-0000-000000000000/resourcegroups/rgname/providers/Microsoft.Resources/deploymentScripts/scripttest?api-version=2019-10-01-preview",
      "RequestMethod": "GET",
      "RequestHeaders": {
        "Accept": "application/json",
        "Accept-Encoding": "gzip, deflate",
        "Authorization": "Sanitized",
        "Connection": "keep-alive",
        "User-Agent": "azsdk-python-azure-mgmt-resource/20.0.0 Python/3.8.8 (Windows-10-10.0.19041-SP0)",
        "x-ms-client-request-id": "eff4fd04-4b64-11ec-8b5c-70b5e82527ff"
      },
      "RequestBody": null,
      "StatusCode": 200,
      "ResponseHeaders": {
        "Cache-Control": "no-cache",
        "Content-Encoding": "gzip",
        "Content-Type": "application/json; charset=utf-8",
        "Date": "Mon, 22 Nov 2021 07:22:24 GMT",
        "Expires": "-1",
        "Pragma": "no-cache",
        "Server": "Microsoft-HTTPAPI/2.0",
        "Strict-Transport-Security": "max-age=31536000; includeSubDomains",
        "Transfer-Encoding": "chunked",
        "Vary": "Accept-Encoding",
        "X-Content-Type-Options": "nosniff",
        "x-ms-correlation-request-id": "06d27197-1d54-4b3f-981e-8873ae32d519",
        "x-ms-ratelimit-remaining-subscription-reads": "11995",
        "x-ms-request-id": "95632c5e-b1a8-4f46-961e-175937bdaf20",
        "x-ms-routing-request-id": "SOUTHEASTASIA:20211122T072224Z:06d27197-1d54-4b3f-981e-8873ae32d519"
      },
      "ResponseBody": [
        "{\r\n",
        "  \u0022kind\u0022: \u0022AzurePowerShell\u0022,\r\n",
        "  \u0022identity\u0022: {\r\n",
        "    \u0022type\u0022: \u0022userAssigned\u0022,\r\n",
        "    \u0022tenantId\u0022: \u002200000000-0000-0000-0000-000000000000\u0022,\r\n",
        "    \u0022userAssignedIdentities\u0022: {\r\n",
        "      \u0022/subscriptions/00000000-0000-0000-0000-000000000000/resourceGroups/rgname/providers/Microsoft.ManagedIdentity/userAssignedIdentities/uai\u0022: {\r\n",
        "        \u0022principalId\u0022: \u0022e57e5c4f-7873-4685-b1ee-e4df3cd75267\u0022,\r\n",
        "        \u0022clientId\u0022: \u002299461135-c78f-4d7e-8090-ef46937ed8de\u0022\r\n",
        "      }\r\n",
        "    }\r\n",
        "  },\r\n",
        "  \u0022location\u0022: \u0022westus\u0022,\r\n",
        "  \u0022tags\u0022: {\r\n",
        "    \u0022key1\u0022: \u0022value1\u0022\r\n",
        "  },\r\n",
        "  \u0022properties\u0022: {\r\n",
        "    \u0022provisioningState\u0022: \u0022Failed\u0022,\r\n",
        "    \u0022azPowerShellVersion\u0022: \u00223.0\u0022,\r\n",
        "    \u0022scriptContent\u0022: \u0022Param([string]$Location,[string]$Name) $deploymentScriptOutputs[\u0027test\u0027] = \u0027value\u0027 Get-AzResourceGroup -Location $Location -Name $Name\u0022,\r\n",
        "    \u0022arguments\u0022: \u0022-Location \u0027westus\u0027 -Name \\\u0022*rg2\\\u0022\u0022,\r\n",
        "    \u0022retentionInterval\u0022: \u0022P1DT2H\u0022,\r\n",
        "    \u0022timeout\u0022: \u0022PT30M\u0022,\r\n",
        "    \u0022containerSettings\u0022: {},\r\n",
        "    \u0022status\u0022: {\r\n",
        "      \u0022startTime\u0022: \u00222021-11-22T07:22:19.6198765Z\u0022,\r\n",
        "      \u0022endTime\u0022: \u00222021-11-22T07:22:20.4010998Z\u0022,\r\n",
        "      \u0022expirationTime\u0022: \u00222021-11-23T09:22:20.4010998Z\u0022,\r\n",
        "      \u0022error\u0022: {\r\n",
        "        \u0022code\u0022: \u0022DeploymentScriptOperationFailed\u0022,\r\n",
        "        \u0022message\u0022: \u0022The client \u0027e57e5c4f-7873-4685-b1ee-e4df3cd75267\u0027 with object id \u0027e57e5c4f-7873-4685-b1ee-e4df3cd75267\u0027 does not have authorization to perform action \u0027Microsoft.Resources/subscriptions/providers/read\u0027 over scope \u0027/subscriptions/00000000-0000-0000-0000-000000000000\u0027 or the scope is invalid. If access was recently granted, please refresh your credentials.\u0022\r\n",
        "      }\r\n",
        "    },\r\n",
        "    \u0022cleanupPreference\u0022: \u0022Always\u0022\r\n",
        "  },\r\n",
        "  \u0022systemData\u0022: {\r\n",
        "    \u0022createdBy\u0022: \u00228c41a920-007a-4844-a189-2d0efe39f51e\u0022,\r\n",
        "    \u0022createdByType\u0022: \u0022Application\u0022,\r\n",
        "    \u0022createdAt\u0022: \u00222021-11-22T07:20:59.2826505Z\u0022,\r\n",
        "    \u0022lastModifiedBy\u0022: \u00228c41a920-007a-4844-a189-2d0efe39f51e\u0022,\r\n",
        "    \u0022lastModifiedByType\u0022: \u0022Application\u0022,\r\n",
        "    \u0022lastModifiedAt\u0022: \u00222021-11-22T07:22:22.257916Z\u0022\r\n",
        "  },\r\n",
        "  \u0022id\u0022: \u0022/subscriptions/00000000-0000-0000-0000-000000000000/resourceGroups/rgname/providers/Microsoft.Resources/deploymentScripts/scripttest\u0022,\r\n",
        "  \u0022type\u0022: \u0022Microsoft.Resources/deploymentScripts\u0022,\r\n",
        "  \u0022name\u0022: \u0022scripttest\u0022\r\n",
        "}"
      ]
    },
    {
      "RequestUri": "https://management.azure.com/subscriptions/00000000-0000-0000-0000-000000000000/resourcegroups/rgname/providers/Microsoft.Resources/deploymentScripts/scripttest/logs/default?api-version=2019-10-01-preview",
      "RequestMethod": "GET",
      "RequestHeaders": {
        "Accept": "application/json",
        "Accept-Encoding": "gzip, deflate",
        "Authorization": "Sanitized",
        "Connection": "keep-alive",
        "User-Agent": "azsdk-python-azure-mgmt-resource/20.0.0 Python/3.8.8 (Windows-10-10.0.19041-SP0)",
        "x-ms-client-request-id": "f01d402d-4b64-11ec-8ff5-70b5e82527ff"
      },
      "RequestBody": null,
      "StatusCode": 200,
      "ResponseHeaders": {
        "Cache-Control": "no-cache",
        "Content-Encoding": "gzip",
        "Content-Type": "application/json; charset=utf-8",
        "Date": "Mon, 22 Nov 2021 07:22:24 GMT",
        "Expires": "-1",
        "Pragma": "no-cache",
        "Server": "Microsoft-HTTPAPI/2.0",
        "Strict-Transport-Security": "max-age=31536000; includeSubDomains",
        "Transfer-Encoding": "chunked",
        "Vary": "Accept-Encoding",
        "X-Content-Type-Options": "nosniff",
        "x-ms-correlation-request-id": "bd1462da-438d-4eed-a3a4-ded9bf66b6e8",
        "x-ms-ratelimit-remaining-subscription-reads": "11994",
        "x-ms-request-id": "f6c41924-1128-4686-b762-ba706c95df35",
        "x-ms-routing-request-id": "SOUTHEASTASIA:20211122T072224Z:bd1462da-438d-4eed-a3a4-ded9bf66b6e8"
      },
      "ResponseBody": [
        "{\r\n",
        "  \u0022properties\u0022: {},\r\n",
        "  \u0022id\u0022: \u0022/subscriptions/00000000-0000-0000-0000-000000000000/resourceGroups/rgname/providers/Microsoft.Resources/deploymentScripts/scripttest/logs/default\u0022,\r\n",
        "  \u0022type\u0022: \u0022Microsoft.Resources/deploymentScripts/logs\u0022,\r\n",
        "  \u0022name\u0022: \u0022default\u0022\r\n",
        "}"
      ]
    },
    {
      "RequestUri": "https://management.azure.com/subscriptions/00000000-0000-0000-0000-000000000000/resourcegroups/rgname/providers/Microsoft.Resources/deploymentScripts/scripttest/logs?api-version=2019-10-01-preview",
      "RequestMethod": "GET",
      "RequestHeaders": {
        "Accept": "application/json",
        "Accept-Encoding": "gzip, deflate",
        "Authorization": "Sanitized",
        "Connection": "keep-alive",
        "User-Agent": "azsdk-python-azure-mgmt-resource/20.0.0 Python/3.8.8 (Windows-10-10.0.19041-SP0)",
        "x-ms-client-request-id": "f046199e-4b64-11ec-8a72-70b5e82527ff"
      },
      "RequestBody": null,
      "StatusCode": 200,
      "ResponseHeaders": {
        "Cache-Control": "no-cache",
        "Content-Encoding": "gzip",
        "Content-Type": "application/json; charset=utf-8",
        "Date": "Mon, 22 Nov 2021 07:22:24 GMT",
        "Expires": "-1",
        "Pragma": "no-cache",
        "Server": "Microsoft-HTTPAPI/2.0",
        "Strict-Transport-Security": "max-age=31536000; includeSubDomains",
        "Transfer-Encoding": "chunked",
        "Vary": "Accept-Encoding",
        "X-Content-Type-Options": "nosniff",
        "x-ms-correlation-request-id": "31363068-2dba-4d0e-b825-1e82096accaa",
        "x-ms-ratelimit-remaining-subscription-reads": "11993",
        "x-ms-request-id": "36bd8f98-6fd2-42a5-8450-869cf0595543",
        "x-ms-routing-request-id": "SOUTHEASTASIA:20211122T072225Z:31363068-2dba-4d0e-b825-1e82096accaa"
      },
      "ResponseBody": [
        "{\r\n",
        "  \u0022value\u0022: [\r\n",
        "    {\r\n",
        "      \u0022properties\u0022: {},\r\n",
        "      \u0022id\u0022: \u0022/subscriptions/00000000-0000-0000-0000-000000000000/resourceGroups/rgname/providers/Microsoft.Resources/deploymentScripts/scripttest/logs/default\u0022,\r\n",
        "      \u0022type\u0022: \u0022Microsoft.Resources/deploymentScripts/logs\u0022,\r\n",
        "      \u0022name\u0022: \u0022default\u0022\r\n",
        "    }\r\n",
        "  ]\r\n",
        "}"
      ]
    },
    {
      "RequestUri": "https://management.azure.com/subscriptions/00000000-0000-0000-0000-000000000000/resourcegroups/rgname/providers/Microsoft.Resources/deploymentScripts/scripttest?api-version=2019-10-01-preview",
      "RequestMethod": "DELETE",
      "RequestHeaders": {
        "Accept": "application/json",
        "Accept-Encoding": "gzip, deflate",
        "Authorization": "Sanitized",
        "Connection": "keep-alive",
        "Content-Length": "0",
        "User-Agent": "azsdk-python-azure-mgmt-resource/20.0.0 Python/3.8.8 (Windows-10-10.0.19041-SP0)",
        "x-ms-client-request-id": "f06f81d3-4b64-11ec-ad9e-70b5e82527ff"
      },
      "RequestBody": null,
      "StatusCode": 200,
      "ResponseHeaders": {
        "Cache-Control": "no-cache",
        "Content-Length": "0",
        "Date": "Mon, 22 Nov 2021 07:22:32 GMT",
        "Expires": "-1",
        "Pragma": "no-cache",
        "Server": "Microsoft-HTTPAPI/2.0",
        "Strict-Transport-Security": "max-age=31536000; includeSubDomains",
        "X-Content-Type-Options": "nosniff",
        "x-ms-correlation-request-id": "3dc58efa-280f-4e38-8135-097609730b52",
        "x-ms-ratelimit-remaining-subscription-deletes": "14999",
        "x-ms-request-id": "a2063779-b431-4889-8a2a-275313e8240a",
        "x-ms-routing-request-id": "SOUTHEASTASIA:20211122T072232Z:3dc58efa-280f-4e38-8135-097609730b52"
      },
      "ResponseBody": null
    }
  ],
  "Variables": {}
}
