interactions:
- request:
    body: null
    headers:
      Accept:
      - application/json
      Accept-Encoding:
      - gzip, deflate
      Connection:
      - keep-alive
      User-Agent:
      - azsdk-python-azure-mgmt-resource/17.0.0 Python/3.8.9 (Linux-5.4.0-1046-azure-x86_64-with-glibc2.2.5)
        VSTS_0fb41ef4-5012-48a9-bf39-4ee3de03ee35_build_2384_0
    method: HEAD
    uri: https://management.azure.com/subscriptions/00000000-0000-0000-0000-000000000000/resourcegroups/rgname/providers/Microsoft.Resources/deployments/pytestdeployment667e10fe?api-version=2021-01-01
  response:
    body:
      string: ''
    headers:
      cache-control:
      - no-cache
      content-length:
      - '109'
      content-type:
      - application/json; charset=utf-8
      date:
      - Thu, 29 Apr 2021 07:37:01 GMT
      expires:
      - '-1'
      pragma:
      - no-cache
      strict-transport-security:
      - max-age=31536000; includeSubDomains
      x-content-type-options:
      - nosniff
      x-ms-failure-cause:
      - gateway
    status:
      code: 404
      message: Not Found
- request:
    body: '{"properties": {"template": {"$schema": "https://schema.management.azure.com/schemas/2015-01-01/deploymentTemplate.json#",
      "contentVersion": "1.0.0.0", "parameters": {"location": {"type": "string", "allowedValues":
      ["East US", "West US", "West Europe", "East Asia", "South East Asia"], "metadata":
      {"description": "Location to deploy to"}}}, "resources": [{"type": "Microsoft.Compute/availabilitySets",
      "name": "availabilitySet1", "apiVersion": "2019-07-01", "location": "[parameters(''location'')]",
      "properties": {}}], "outputs": {"myparameter": {"type": "object", "value": "[reference(''Microsoft.Compute/availabilitySets/availabilitySet1'')]"}}},
      "parameters": {"location": {"value": "West US"}}, "mode": "Incremental"}}'
    headers:
      Accept:
      - application/json
      Accept-Encoding:
      - gzip, deflate
      Connection:
      - keep-alive
      Content-Length:
      - '720'
      Content-Type:
      - application/json
      User-Agent:
      - azsdk-python-azure-mgmt-resource/17.0.0 Python/3.8.9 (Linux-5.4.0-1046-azure-x86_64-with-glibc2.2.5)
        VSTS_0fb41ef4-5012-48a9-bf39-4ee3de03ee35_build_2384_0
    method: PUT
    uri: https://management.azure.com/subscriptions/00000000-0000-0000-0000-000000000000/resourcegroups/rgname/providers/Microsoft.Resources/deployments/pytestdeployment667e10fe?api-version=2021-01-01
  response:
    body:
      string: '{"id":"/subscriptions/00000000-0000-0000-0000-000000000000/resourceGroups/rgname/providers/Microsoft.Resources/deployments/pytestdeployment667e10fe","name":"pytestdeployment667e10fe","type":"Microsoft.Resources/deployments","properties":{"templateHash":"16604828588493152528","parameters":{"location":{"type":"String","value":"West
        US"}},"mode":"Incremental","provisioningState":"Accepted","timestamp":"2021-04-29T07:37:03.1327184Z","duration":"PT0.7157334S","correlationId":"10a1f196-4c1a-46ce-bd32-2220daaa53f0","providers":[{"namespace":"Microsoft.Compute","resourceTypes":[{"resourceType":"availabilitySets","locations":["westus"]}]}],"dependencies":[]}}'
    headers:
      azure-asyncoperation:
      - https://management.azure.com/subscriptions/00000000-0000-0000-0000-000000000000/resourcegroups/rgname/providers/Microsoft.Resources/deployments/pytestdeployment667e10fe/operationStatuses/08585819250630606323?api-version=2021-01-01
      cache-control:
      - no-cache
      content-length:
      - '732'
      content-type:
      - application/json; charset=utf-8
      date:
      - Thu, 29 Apr 2021 07:37:02 GMT
      expires:
      - '-1'
      pragma:
      - no-cache
      strict-transport-security:
      - max-age=31536000; includeSubDomains
      x-content-type-options:
      - nosniff
      x-ms-ratelimit-remaining-subscription-writes:
      - '1198'
    status:
      code: 201
      message: Created
- request:
    body: null
    headers:
      Accept:
      - '*/*'
      Accept-Encoding:
      - gzip, deflate
      Connection:
      - keep-alive
      User-Agent:
      - azsdk-python-azure-mgmt-resource/17.0.0 Python/3.8.9 (Linux-5.4.0-1046-azure-x86_64-with-glibc2.2.5)
        VSTS_0fb41ef4-5012-48a9-bf39-4ee3de03ee35_build_2384_0
    method: GET
    uri: https://management.azure.com/subscriptions/00000000-0000-0000-0000-000000000000/resourcegroups/rgname/providers/Microsoft.Resources/deployments/pytestdeployment667e10fe/operationStatuses/08585819250630606323?api-version=2021-01-01
  response:
    body:
      string: '{"status":"Succeeded"}'
    headers:
      cache-control:
      - no-cache
      content-length:
      - '22'
      content-type:
      - application/json; charset=utf-8
      date:
      - Thu, 29 Apr 2021 07:37:32 GMT
      expires:
      - '-1'
      pragma:
      - no-cache
      strict-transport-security:
      - max-age=31536000; includeSubDomains
      vary:
      - Accept-Encoding
      x-content-type-options:
      - nosniff
    status:
      code: 200
      message: OK
- request:
    body: null
    headers:
      Accept:
      - '*/*'
      Accept-Encoding:
      - gzip, deflate
      Connection:
      - keep-alive
      User-Agent:
      - azsdk-python-azure-mgmt-resource/17.0.0 Python/3.8.9 (Linux-5.4.0-1046-azure-x86_64-with-glibc2.2.5)
        VSTS_0fb41ef4-5012-48a9-bf39-4ee3de03ee35_build_2384_0
    method: GET
    uri: https://management.azure.com/subscriptions/00000000-0000-0000-0000-000000000000/resourcegroups/rgname/providers/Microsoft.Resources/deployments/pytestdeployment667e10fe?api-version=2021-01-01
  response:
    body:
      string: '{"id":"/subscriptions/00000000-0000-0000-0000-000000000000/resourceGroups/rgname/providers/Microsoft.Resources/deployments/pytestdeployment667e10fe","name":"pytestdeployment667e10fe","type":"Microsoft.Resources/deployments","properties":{"templateHash":"16604828588493152528","parameters":{"location":{"type":"String","value":"West
        US"}},"mode":"Incremental","provisioningState":"Succeeded","timestamp":"2021-04-29T07:37:05.40386Z","duration":"PT2.986875S","correlationId":"10a1f196-4c1a-46ce-bd32-2220daaa53f0","providers":[{"namespace":"Microsoft.Compute","resourceTypes":[{"resourceType":"availabilitySets","locations":["westus"]}]}],"dependencies":[],"outputs":{"myparameter":{"type":"Object","value":{"platformUpdateDomainCount":5,"platformFaultDomainCount":3}}},"outputResources":[{"id":"/subscriptions/00000000-0000-0000-0000-000000000000/resourceGroups/rgname/providers/Microsoft.Compute/availabilitySets/availabilitySet1"}]}}'
    headers:
      cache-control:
      - no-cache
      content-length:
      - '1082'
      content-type:
      - application/json; charset=utf-8
      date:
      - Thu, 29 Apr 2021 07:37:32 GMT
      expires:
      - '-1'
      pragma:
      - no-cache
      strict-transport-security:
      - max-age=31536000; includeSubDomains
      vary:
      - Accept-Encoding
      x-content-type-options:
      - nosniff
    status:
      code: 200
      message: OK
- request:
    body: null
    headers:
      Accept:
      - application/json
      Accept-Encoding:
      - gzip, deflate
      Connection:
      - keep-alive
      User-Agent:
      - azsdk-python-azure-mgmt-resource/17.0.0 Python/3.8.9 (Linux-5.4.0-1046-azure-x86_64-with-glibc2.2.5)
        VSTS_0fb41ef4-5012-48a9-bf39-4ee3de03ee35_build_2384_0
    method: GET
    uri: https://management.azure.com/subscriptions/00000000-0000-0000-0000-000000000000/resourcegroups/rgname/providers/Microsoft.Resources/deployments/?api-version=2021-01-01
  response:
    body:
      string: '{"value":[{"id":"/subscriptions/00000000-0000-0000-0000-000000000000/resourceGroups/rgname/providers/Microsoft.Resources/deployments/pytestdeployment667e10fe","name":"pytestdeployment667e10fe","type":"Microsoft.Resources/deployments","properties":{"templateHash":"16604828588493152528","parameters":{"location":{"type":"String","value":"West
        US"}},"mode":"Incremental","provisioningState":"Succeeded","timestamp":"2021-04-29T07:37:05.40386Z","duration":"PT2.986875S","correlationId":"10a1f196-4c1a-46ce-bd32-2220daaa53f0","providers":[{"namespace":"Microsoft.Compute","resourceTypes":[{"resourceType":"availabilitySets","locations":["westus"]}]}],"dependencies":[],"outputs":{"myparameter":{"type":"Object","value":{"platformUpdateDomainCount":5,"platformFaultDomainCount":3}}},"outputResources":[{"id":"/subscriptions/00000000-0000-0000-0000-000000000000/resourceGroups/rgname/providers/Microsoft.Compute/availabilitySets/availabilitySet1"}]}}]}'
    headers:
      cache-control:
      - no-cache
      content-length:
      - '1094'
      content-type:
      - application/json; charset=utf-8
      date:
      - Thu, 29 Apr 2021 07:37:33 GMT
      expires:
      - '-1'
      pragma:
      - no-cache
      strict-transport-security:
      - max-age=31536000; includeSubDomains
      vary:
      - Accept-Encoding
      x-content-type-options:
      - nosniff
    status:
      code: 200
      message: OK
- request:
    body: null
    headers:
      Accept:
      - application/json
      Accept-Encoding:
      - gzip, deflate
      Connection:
      - keep-alive
      User-Agent:
      - azsdk-python-azure-mgmt-resource/17.0.0 Python/3.8.9 (Linux-5.4.0-1046-azure-x86_64-with-glibc2.2.5)
        VSTS_0fb41ef4-5012-48a9-bf39-4ee3de03ee35_build_2384_0
    method: GET
    uri: https://management.azure.com/subscriptions/00000000-0000-0000-0000-000000000000/resourcegroups/rgname/providers/Microsoft.Resources/deployments/pytestdeployment667e10fe?api-version=2021-01-01
  response:
    body:
      string: '{"id":"/subscriptions/00000000-0000-0000-0000-000000000000/resourceGroups/rgname/providers/Microsoft.Resources/deployments/pytestdeployment667e10fe","name":"pytestdeployment667e10fe","type":"Microsoft.Resources/deployments","properties":{"templateHash":"16604828588493152528","parameters":{"location":{"type":"String","value":"West
        US"}},"mode":"Incremental","provisioningState":"Succeeded","timestamp":"2021-04-29T07:37:05.40386Z","duration":"PT2.986875S","correlationId":"10a1f196-4c1a-46ce-bd32-2220daaa53f0","providers":[{"namespace":"Microsoft.Compute","resourceTypes":[{"resourceType":"availabilitySets","locations":["westus"]}]}],"dependencies":[],"outputs":{"myparameter":{"type":"Object","value":{"platformUpdateDomainCount":5,"platformFaultDomainCount":3}}},"outputResources":[{"id":"/subscriptions/00000000-0000-0000-0000-000000000000/resourceGroups/rgname/providers/Microsoft.Compute/availabilitySets/availabilitySet1"}]}}'
    headers:
      cache-control:
      - no-cache
      content-length:
      - '1082'
      content-type:
      - application/json; charset=utf-8
      date:
      - Thu, 29 Apr 2021 07:37:33 GMT
      expires:
      - '-1'
      pragma:
      - no-cache
      strict-transport-security:
      - max-age=31536000; includeSubDomains
      vary:
      - Accept-Encoding
      x-content-type-options:
      - nosniff
    status:
      code: 200
      message: OK
- request:
    body: '{"properties": {"template": {"$schema": "https://schema.management.azure.com/schemas/2015-01-01/deploymentTemplate.json#",
      "contentVersion": "1.0.0.0", "parameters": {"location": {"type": "string", "allowedValues":
      ["East US", "West US", "West Europe", "East Asia", "South East Asia"], "metadata":
      {"description": "Location to deploy to"}}}, "resources": [{"type": "Microsoft.Compute/availabilitySets",
      "name": "availabilitySet1", "apiVersion": "2019-07-01", "location": "[parameters(''location'')]",
      "properties": {}}], "outputs": {"myparameter": {"type": "object", "value": "[reference(''Microsoft.Compute/availabilitySets/availabilitySet1'')]"}}},
      "mode": "Incremental"}}'
    headers:
      Accept:
      - application/json
      Accept-Encoding:
      - gzip, deflate
      Connection:
      - keep-alive
      Content-Length:
      - '670'
      Content-Type:
      - application/json
      User-Agent:
      - azsdk-python-azure-mgmt-resource/17.0.0 Python/3.8.9 (Linux-5.4.0-1046-azure-x86_64-with-glibc2.2.5)
        VSTS_0fb41ef4-5012-48a9-bf39-4ee3de03ee35_build_2384_0
    method: POST
    uri: https://management.azure.com/subscriptions/00000000-0000-0000-0000-000000000000/resourcegroups/rgname/providers/Microsoft.Resources/deployments/pytestdeployment667e10fe/whatIf?api-version=2021-01-01
  response:
    body:
      string: ''
    headers:
      cache-control:
      - no-cache
      content-length:
      - '0'
      date:
      - Thu, 29 Apr 2021 07:37:34 GMT
      expires:
      - '-1'
      location:
      - https://management.azure.com/subscriptions/00000000-0000-0000-0000-000000000000/operationresults/eyJqb2JJZCI6IkRlcGxveW1lbnRXaGF0SWZKb2ItUkdQWToyREVXVzJXQkU1QkNEV08yVVBZMlpOM1pVTllYTzUzUURKTVZUMllWSk98MjdCRTMwRTI1NTI1RDFBMS1QWVRFU1RERVBMT1lNRU5UNjY3RTEwRkUtRTEyMzk4RTc6MkRBQkJBOjJENDA3QzoyREExQTU6MkQ3MUM0RTJCRDk0QzIiLCJqb2JMb2NhdGlvbiI6Indlc3R1cyJ9?api-version=2021-01-01
      pragma:
      - no-cache
      strict-transport-security:
      - max-age=31536000; includeSubDomains
      x-content-type-options:
      - nosniff
      x-ms-ratelimit-remaining-subscription-writes:
      - '1196'
    status:
      code: 202
      message: Accepted
- request:
    body: null
    headers:
      Accept:
      - '*/*'
      Accept-Encoding:
      - gzip, deflate
      Connection:
      - keep-alive
      User-Agent:
      - azsdk-python-azure-mgmt-resource/17.0.0 Python/3.8.9 (Linux-5.4.0-1046-azure-x86_64-with-glibc2.2.5)
        VSTS_0fb41ef4-5012-48a9-bf39-4ee3de03ee35_build_2384_0
    method: GET
    uri: https://management.azure.com/subscriptions/00000000-0000-0000-0000-000000000000/operationresults/eyJqb2JJZCI6IkRlcGxveW1lbnRXaGF0SWZKb2ItUkdQWToyREVXVzJXQkU1QkNEV08yVVBZMlpOM1pVTllYTzUzUURKTVZUMllWSk98MjdCRTMwRTI1NTI1RDFBMS1QWVRFU1RERVBMT1lNRU5UNjY3RTEwRkUtRTEyMzk4RTc6MkRBQkJBOjJENDA3QzoyREExQTU6MkQ3MUM0RTJCRDk0QzIiLCJqb2JMb2NhdGlvbiI6Indlc3R1cyJ9?api-version=2021-01-01
  response:
    body:
      string: '{"status":"Failed","error":{"code":"InvalidTemplate","message":"Deployment
        template validation failed: ''The value for the template parameter ''location''
        at line ''1'' and column ''172'' is not provided. Please see https://aka.ms/resource-manager-parameter-files
        for usage details.''.","additionalInfo":[{"type":"TemplateViolation","info":{"lineNumber":1,"linePosition":172,"path":"properties.template.parameters.location"}}]}}'
    headers:
      cache-control:
      - no-cache
      content-length:
      - '420'
      content-type:
      - application/json; charset=utf-8
      date:
      - Thu, 29 Apr 2021 07:37:50 GMT
      expires:
      - '-1'
      pragma:
      - no-cache
      strict-transport-security:
      - max-age=31536000; includeSubDomains
      vary:
      - Accept-Encoding
      x-content-type-options:
      - nosniff
    status:
      code: 200
      message: OK
- request:
    body: null
    headers:
      Accept:
      - application/json
      Accept-Encoding:
      - gzip, deflate
      Connection:
      - keep-alive
      User-Agent:
      - azsdk-python-azure-mgmt-resource/17.0.0 Python/3.8.9 (Linux-5.4.0-1046-azure-x86_64-with-glibc2.2.5)
        VSTS_0fb41ef4-5012-48a9-bf39-4ee3de03ee35_build_2384_0
    method: GET
    uri: https://management.azure.com/subscriptions/00000000-0000-0000-0000-000000000000/resourcegroups/rgname/deployments/pytestdeployment667e10fe/operations?api-version=2021-01-01
  response:
    body:
      string: '{"value":[{"id":"/subscriptions/00000000-0000-0000-0000-000000000000/resourceGroups/rgname/providers/Microsoft.Resources/deployments/pytestdeployment667e10fe/operations/BF7E1CAF3BA12A70","operationId":"BF7E1CAF3BA12A70","properties":{"provisioningOperation":"Create","provisioningState":"Succeeded","timestamp":"2021-04-29T07:37:05.3072691Z","duration":"PT1.5784516S","trackingId":"f0fcecd4-4677-4ac7-9d93-7247ad5b87f8","serviceRequestId":"8b892685-a072-4e57-942e-e5d9a1c65711","statusCode":"OK","targetResource":{"id":"/subscriptions/00000000-0000-0000-0000-000000000000/resourceGroups/rgname/providers/Microsoft.Compute/availabilitySets/availabilitySet1","resourceType":"Microsoft.Compute/availabilitySets","resourceName":"availabilitySet1"}}},{"id":"/subscriptions/00000000-0000-0000-0000-000000000000/resourceGroups/rgname/providers/Microsoft.Resources/deployments/pytestdeployment667e10fe/operations/08585819250630606323","operationId":"08585819250630606323","properties":{"provisioningOperation":"EvaluateDeploymentOutput","provisioningState":"Succeeded","timestamp":"2021-04-29T07:37:05.383805Z","duration":"PT1.6549875S","trackingId":"b8400481-084f-4253-9066-f9f5a77057c3","statusCode":"OK"}}]}'
    headers:
      cache-control:
      - no-cache
      content-length:
      - '1424'
      content-type:
      - application/json; charset=utf-8
      date:
      - Thu, 29 Apr 2021 07:37:50 GMT
      expires:
      - '-1'
      pragma:
      - no-cache
      strict-transport-security:
      - max-age=31536000; includeSubDomains
      vary:
      - Accept-Encoding
      x-content-type-options:
      - nosniff
    status:
      code: 200
      message: OK
- request:
    body: null
    headers:
      Accept:
      - application/json
      Accept-Encoding:
      - gzip, deflate
      Connection:
      - keep-alive
      User-Agent:
      - azsdk-python-azure-mgmt-resource/17.0.0 Python/3.8.9 (Linux-5.4.0-1046-azure-x86_64-with-glibc2.2.5)
        VSTS_0fb41ef4-5012-48a9-bf39-4ee3de03ee35_build_2384_0
    method: GET
    uri: https://management.azure.com/subscriptions/00000000-0000-0000-0000-000000000000/resourcegroups/rgname/deployments/pytestdeployment667e10fe/operations/BF7E1CAF3BA12A70?api-version=2021-01-01
  response:
    body:
      string: '{"id":"/subscriptions/00000000-0000-0000-0000-000000000000/resourceGroups/rgname/providers/Microsoft.Resources/deployments/pytestdeployment667e10fe/operations/BF7E1CAF3BA12A70","operationId":"BF7E1CAF3BA12A70","properties":{"provisioningOperation":"Create","provisioningState":"Succeeded","timestamp":"2021-04-29T07:37:05.3072691Z","duration":"PT1.5784516S","trackingId":"f0fcecd4-4677-4ac7-9d93-7247ad5b87f8","serviceRequestId":"8b892685-a072-4e57-942e-e5d9a1c65711","statusCode":"OK","targetResource":{"id":"/subscriptions/00000000-0000-0000-0000-000000000000/resourceGroups/rgname/providers/Microsoft.Compute/availabilitySets/availabilitySet1","resourceType":"Microsoft.Compute/availabilitySets","resourceName":"availabilitySet1"}}}'
    headers:
      cache-control:
      - no-cache
      content-length:
      - '883'
      content-type:
      - application/json; charset=utf-8
      date:
      - Thu, 29 Apr 2021 07:37:50 GMT
      expires:
      - '-1'
      pragma:
      - no-cache
      strict-transport-security:
      - max-age=31536000; includeSubDomains
      vary:
      - Accept-Encoding
      x-content-type-options:
      - nosniff
    status:
      code: 200
      message: OK
- request:
    body: null
    headers:
      Accept:
      - application/json
      Accept-Encoding:
      - gzip, deflate
      Connection:
      - keep-alive
      Content-Length:
      - '0'
      User-Agent:
      - azsdk-python-azure-mgmt-resource/17.0.0 Python/3.8.9 (Linux-5.4.0-1046-azure-x86_64-with-glibc2.2.5)
        VSTS_0fb41ef4-5012-48a9-bf39-4ee3de03ee35_build_2384_0
    method: POST
    uri: https://management.azure.com/subscriptions/00000000-0000-0000-0000-000000000000/resourcegroups/rgname/providers/Microsoft.Resources/deployments/pytestdeployment667e10fe/cancel?api-version=2021-01-01
  response:
    body:
      string: '{"error":{"code":"DeploymentCannotBeCancelled","message":"The deployment
        ''pytestdeployment667e10fe'' cannot be cancelled because it has provisioning
        state ''Succeeded'' or it has already expired (expiration time is ''5/6/2021
        7:37:02 AM'')."}}'
    headers:
      cache-control:
      - no-cache
      content-length:
      - '238'
      content-type:
      - application/json; charset=utf-8
      date:
      - Thu, 29 Apr 2021 07:37:50 GMT
      expires:
      - '-1'
      pragma:
      - no-cache
      strict-transport-security:
      - max-age=31536000; includeSubDomains
      x-content-type-options:
      - nosniff
      x-ms-failure-cause:
      - gateway
      x-ms-ratelimit-remaining-subscription-writes:
      - '1195'
    status:
      code: 409
      message: Conflict
- request:
    body: '{"properties": {"template": {"$schema": "https://schema.management.azure.com/schemas/2015-01-01/deploymentTemplate.json#",
      "contentVersion": "1.0.0.0", "parameters": {"location": {"type": "string", "allowedValues":
      ["East US", "West US", "West Europe", "East Asia", "South East Asia"], "metadata":
      {"description": "Location to deploy to"}}}, "resources": [{"type": "Microsoft.Compute/availabilitySets",
      "name": "availabilitySet1", "apiVersion": "2019-07-01", "location": "[parameters(''location'')]",
      "properties": {}}], "outputs": {"myparameter": {"type": "object", "value": "[reference(''Microsoft.Compute/availabilitySets/availabilitySet1'')]"}}},
      "parameters": {"location": {"value": "West US"}}, "mode": "Incremental"}}'
    headers:
      Accept:
      - application/json
      Accept-Encoding:
      - gzip, deflate
      Connection:
      - keep-alive
      Content-Length:
      - '720'
      Content-Type:
      - application/json
      User-Agent:
      - azsdk-python-azure-mgmt-resource/17.0.0 Python/3.8.9 (Linux-5.4.0-1046-azure-x86_64-with-glibc2.2.5)
        VSTS_0fb41ef4-5012-48a9-bf39-4ee3de03ee35_build_2384_0
    method: POST
    uri: https://management.azure.com/subscriptions/00000000-0000-0000-0000-000000000000/resourcegroups/rgname/providers/Microsoft.Resources/deployments/pytestdeployment667e10fe/validate?api-version=2021-01-01
  response:
    body:
      string: '{"id":"/subscriptions/00000000-0000-0000-0000-000000000000/resourceGroups/rgname/providers/Microsoft.Resources/deployments/pytestdeployment667e10fe","name":"pytestdeployment667e10fe","type":"Microsoft.Resources/deployments","properties":{"templateHash":"16604828588493152528","parameters":{"location":{"type":"String","value":"West
        US"}},"mode":"Incremental","provisioningState":"Succeeded","timestamp":"2021-04-29T07:37:51.1166157Z","duration":"PT0S","correlationId":"96773d70-bdb6-4a14-bad5-f3dc1de18779","providers":[{"namespace":"Microsoft.Compute","resourceTypes":[{"resourceType":"availabilitySets","locations":["westus"]}]}],"dependencies":[],"validatedResources":[{"id":"/subscriptions/00000000-0000-0000-0000-000000000000/resourceGroups/rgname/providers/Microsoft.Compute/availabilitySets/availabilitySet1"}]}}'
    headers:
      cache-control:
      - no-cache
      content-length:
      - '967'
      content-type:
      - application/json; charset=utf-8
      date:
      - Thu, 29 Apr 2021 07:37:51 GMT
      expires:
      - '-1'
      pragma:
      - no-cache
      strict-transport-security:
      - max-age=31536000; includeSubDomains
      transfer-encoding:
      - chunked
      vary:
      - Accept-Encoding
      x-content-type-options:
      - nosniff
      x-ms-ratelimit-remaining-subscription-writes:
      - '1194'
    status:
      code: 200
      message: OK
- request:
    body: null
    headers:
      Accept:
      - application/json
      Accept-Encoding:
      - gzip, deflate
      Connection:
      - keep-alive
      Content-Length:
      - '0'
      User-Agent:
      - azsdk-python-azure-mgmt-resource/17.0.0 Python/3.8.9 (Linux-5.4.0-1046-azure-x86_64-with-glibc2.2.5)
        VSTS_0fb41ef4-5012-48a9-bf39-4ee3de03ee35_build_2384_0
    method: POST
    uri: https://management.azure.com/subscriptions/00000000-0000-0000-0000-000000000000/resourcegroups/rgname/providers/Microsoft.Resources/deployments/pytestdeployment667e10fe/exportTemplate?api-version=2021-01-01
  response:
    body:
      string: '{"template":{"$schema":"https://schema.management.azure.com/schemas/2015-01-01/deploymentTemplate.json#","contentVersion":"1.0.0.0","parameters":{"location":{"allowedValues":["East
        US","West US","West Europe","East Asia","South East Asia"],"type":"String","metadata":{"description":"Location
        to deploy to"}}},"resources":[{"type":"Microsoft.Compute/availabilitySets","apiVersion":"2019-07-01","name":"availabilitySet1","location":"[parameters(''location'')]","properties":{}}],"outputs":{"myparameter":{"type":"Object","value":"[reference(''Microsoft.Compute/availabilitySets/availabilitySet1'')]"}}}}'
    headers:
      cache-control:
      - no-cache
      content-length:
      - '597'
      content-type:
      - application/json; charset=utf-8
      date:
      - Thu, 29 Apr 2021 07:37:51 GMT
      expires:
      - '-1'
      pragma:
      - no-cache
      strict-transport-security:
      - max-age=31536000; includeSubDomains
      transfer-encoding:
      - chunked
      vary:
      - Accept-Encoding
      x-content-type-options:
      - nosniff
      x-ms-ratelimit-remaining-subscription-writes:
      - '1193'
    status:
      code: 200
      message: OK
- request:
    body: null
    headers:
      Accept:
      - application/json
      Accept-Encoding:
      - gzip, deflate
      Connection:
      - keep-alive
      Content-Length:
      - '0'
      User-Agent:
      - azsdk-python-azure-mgmt-resource/17.0.0 Python/3.8.9 (Linux-5.4.0-1046-azure-x86_64-with-glibc2.2.5)
        VSTS_0fb41ef4-5012-48a9-bf39-4ee3de03ee35_build_2384_0
    method: DELETE
    uri: https://management.azure.com/subscriptions/00000000-0000-0000-0000-000000000000/resourcegroups/rgname/providers/Microsoft.Resources/deployments/pytestdeployment667e10fe?api-version=2021-01-01
  response:
    body:
      string: ''
    headers:
      cache-control:
      - no-cache
      content-length:
      - '0'
      date:
      - Thu, 29 Apr 2021 07:37:52 GMT
      expires:
      - '-1'
      location:
      - https://management.azure.com/subscriptions/00000000-0000-0000-0000-000000000000/operationresults/eyJqb2JJZCI6IkRlcGxveW1lbnREZWxldGlvbkpvYi1HTlMtUkdQWToyREVXVzJXQkU1QkNEV08yVVBZMlpOM1pVTllYTzUzUURKTVZUMllWSk98MjdCRTMwRTI1NTI1RDFBMS1QWVRFU1RERVBMT1lNRU5UNjY3RTEwRkUtIiwiam9iTG9jYXRpb24iOiJ3ZXN0dXMifQ?api-version=2021-01-01
      pragma:
      - no-cache
      strict-transport-security:
      - max-age=31536000; includeSubDomains
      x-content-type-options:
      - nosniff
      x-ms-ratelimit-remaining-subscription-deletes:
      - '14998'
    status:
      code: 202
      message: Accepted
- request:
    body: null
    headers:
      Accept:
      - '*/*'
      Accept-Encoding:
      - gzip, deflate
      Connection:
      - keep-alive
      User-Agent:
      - azsdk-python-azure-mgmt-resource/17.0.0 Python/3.8.9 (Linux-5.4.0-1046-azure-x86_64-with-glibc2.2.5)
        VSTS_0fb41ef4-5012-48a9-bf39-4ee3de03ee35_build_2384_0
    method: GET
    uri: https://management.azure.com/subscriptions/00000000-0000-0000-0000-000000000000/operationresults/eyJqb2JJZCI6IkRlcGxveW1lbnREZWxldGlvbkpvYi1HTlMtUkdQWToyREVXVzJXQkU1QkNEV08yVVBZMlpOM1pVTllYTzUzUURKTVZUMllWSk98MjdCRTMwRTI1NTI1RDFBMS1QWVRFU1RERVBMT1lNRU5UNjY3RTEwRkUtIiwiam9iTG9jYXRpb24iOiJ3ZXN0dXMifQ?api-version=2021-01-01
  response:
    body:
      string: ''
    headers:
      cache-control:
      - no-cache
      date:
      - Thu, 29 Apr 2021 07:38:07 GMT
      expires:
      - '-1'
      pragma:
      - no-cache
      strict-transport-security:
      - max-age=31536000; includeSubDomains
      x-content-type-options:
      - nosniff
    status:
      code: 204
      message: No Content
version: 1
