interactions:
- request:
    body: '{"location": "westus", "tags": {"tag1": "value1"}}'
    headers:
      Accept:
      - application/json
      Accept-Encoding:
      - gzip, deflate
      Connection:
      - keep-alive
      Content-Length:
      - '50'
      Content-Type:
      - application/json
      User-Agent:
      - azsdk-python-azure-mgmt-resource/18.0.0 Python/3.8.10 (Linux-5.4.0-1047-azure-x86_64-with-glibc2.2.5)
        VSTS_0fb41ef4-5012-48a9-bf39-4ee3de03ee35_build_2500_0
    method: PUT
    uri: https://management.azure.com/subscriptions/00000000-0000-0000-0000-000000000000/resourcegroups/test_mgmt_resource_test_resource_groups457f1050?api-version=2021-04-01
  response:
    body:
      string: '{"id":"/subscriptions/00000000-0000-0000-0000-000000000000/resourceGroups/test_mgmt_resource_test_resource_groups457f1050","name":"test_mgmt_resource_test_resource_groups457f1050","type":"Microsoft.Resources/resourceGroups","location":"westus","tags":{"tag1":"value1"},"properties":{"provisioningState":"Succeeded"}}'
    headers:
      cache-control:
      - no-cache
      content-length:
      - '316'
      content-type:
      - application/json; charset=utf-8
      date:
      - Wed, 19 May 2021 05:56:45 GMT
      expires:
      - '-1'
      pragma:
      - no-cache
      strict-transport-security:
      - max-age=31536000; includeSubDomains
      x-content-type-options:
      - nosniff
      x-ms-ratelimit-remaining-subscription-writes:
      - '1199'
    status:
      code: 201
      message: Created
- request:
    body: null
    headers:
      Accept:
      - application/json
      Accept-Encoding:
      - gzip, deflate
      Connection:
      - keep-alive
      User-Agent:
      - azsdk-python-azure-mgmt-resource/18.0.0 Python/3.8.10 (Linux-5.4.0-1047-azure-x86_64-with-glibc2.2.5)
        VSTS_0fb41ef4-5012-48a9-bf39-4ee3de03ee35_build_2500_0
    method: GET
    uri: https://management.azure.com/subscriptions/00000000-0000-0000-0000-000000000000/resourcegroups/test_mgmt_resource_test_resource_groups457f1050?api-version=2021-04-01
  response:
    body:
      string: '{"id":"/subscriptions/00000000-0000-0000-0000-000000000000/resourceGroups/test_mgmt_resource_test_resource_groups457f1050","name":"test_mgmt_resource_test_resource_groups457f1050","type":"Microsoft.Resources/resourceGroups","location":"westus","tags":{"tag1":"value1"},"properties":{"provisioningState":"Succeeded"}}'
    headers:
      cache-control:
      - no-cache
      content-length:
      - '316'
      content-type:
      - application/json; charset=utf-8
      date:
      - Wed, 19 May 2021 05:56:45 GMT
      expires:
      - '-1'
      pragma:
      - no-cache
      strict-transport-security:
      - max-age=31536000; includeSubDomains
      vary:
      - Accept-Encoding
      x-content-type-options:
      - nosniff
    status:
      code: 200
      message: OK
- request:
    body: null
    headers:
      Accept:
      - application/json
      Accept-Encoding:
      - gzip, deflate
      Connection:
      - keep-alive
      User-Agent:
      - azsdk-python-azure-mgmt-resource/18.0.0 Python/3.8.10 (Linux-5.4.0-1047-azure-x86_64-with-glibc2.2.5)
        VSTS_0fb41ef4-5012-48a9-bf39-4ee3de03ee35_build_2500_0
    method: HEAD
    uri: https://management.azure.com/subscriptions/00000000-0000-0000-0000-000000000000/resourcegroups/test_mgmt_resource_test_resource_groups457f1050?api-version=2021-04-01
  response:
    body:
      string: ''
    headers:
      cache-control:
      - no-cache
      content-length:
      - '0'
      date:
      - Wed, 19 May 2021 05:56:45 GMT
      expires:
      - '-1'
      pragma:
      - no-cache
      strict-transport-security:
      - max-age=31536000; includeSubDomains
      x-content-type-options:
      - nosniff
    status:
      code: 204
      message: No Content
- request:
    body: null
    headers:
      Accept:
      - application/json
      Accept-Encoding:
      - gzip, deflate
      Connection:
      - keep-alive
      User-Agent:
      - azsdk-python-azure-mgmt-resource/18.0.0 Python/3.8.10 (Linux-5.4.0-1047-azure-x86_64-with-glibc2.2.5)
        VSTS_0fb41ef4-5012-48a9-bf39-4ee3de03ee35_build_2500_0
    method: HEAD
    uri: https://management.azure.com/subscriptions/00000000-0000-0000-0000-000000000000/resourcegroups/unknowngroup?api-version=2021-04-01
  response:
    body:
      string: ''
    headers:
      cache-control:
      - no-cache
      content-length:
      - '104'
      content-type:
      - application/json; charset=utf-8
      date:
      - Wed, 19 May 2021 05:56:45 GMT
      expires:
      - '-1'
      pragma:
      - no-cache
      strict-transport-security:
      - max-age=31536000; includeSubDomains
      x-content-type-options:
      - nosniff
      x-ms-failure-cause:
      - gateway
    status:
      code: 404
      message: Not Found
- request:
    body: null
    headers:
      Accept:
      - application/json
      Accept-Encoding:
      - gzip, deflate
      Connection:
      - keep-alive
      User-Agent:
      - azsdk-python-azure-mgmt-resource/18.0.0 Python/3.8.10 (Linux-5.4.0-1047-azure-x86_64-with-glibc2.2.5)
        VSTS_0fb41ef4-5012-48a9-bf39-4ee3de03ee35_build_2500_0
    method: GET
    uri: https://management.azure.com/subscriptions/00000000-0000-0000-0000-000000000000/resourcegroups?api-version=2021-04-01
  response:
    body:
      string: '{"value":[{"id":"/subscriptions/00000000-0000-0000-0000-000000000000/resourceGroups/acctestRG-201105133030970486","name":"acctestRG-201105133030970486","type":"Microsoft.Resources/resourceGroups","location":"westeurope","tags":{"StorageType":"Standard_LRS","type":"test"},"properties":{"provisioningState":"Succeeded"}},{"id":"/subscriptions/00000000-0000-0000-0000-000000000000/resourceGroups/zuh","name":"zuh","type":"Microsoft.Resources/resourceGroups","location":"eastus2euap","tags":{},"properties":{"provisioningState":"Succeeded"}},{"id":"/subscriptions/00000000-0000-0000-0000-000000000000/resourceGroups/hdicli-hmylg","name":"hdicli-hmylg","type":"Microsoft.Resources/resourceGroups","location":"eastus2","tags":{"product":"azurecli","cause":"automation","date":"2020-11-23T07:24:07Z"},"properties":{"provisioningState":"Succeeded"}},{"id":"/subscriptions/00000000-0000-0000-0000-000000000000/resourceGroups/cli_test_cross_region_lb_address_pool_addressesmy6qtgk5zsucfq6c3b6umwpmeedn","name":"cli_test_cross_region_lb_address_pool_addressesmy6qtgk5zsucfq6c3b6umwpmeedn","type":"Microsoft.Resources/resourceGroups","location":"eastus2","tags":{"product":"azurecli","cause":"automation","date":"2021-02-25T03:27:06Z"},"properties":{"provisioningState":"Succeeded"}},{"id":"/subscriptions/00000000-0000-0000-0000-000000000000/resourceGroups/CollectionRG","name":"CollectionRG","type":"Microsoft.Resources/resourceGroups","location":"eastus2","properties":{"provisioningState":"Succeeded"}},{"id":"/subscriptions/00000000-0000-0000-0000-000000000000/resourceGroups/cli_test_cross_region_lb_address_pool_addressesfm65azpgfoj4h26v4rf3g6xo7qdb","name":"cli_test_cross_region_lb_address_pool_addressesfm65azpgfoj4h26v4rf3g6xo7qdb","type":"Microsoft.Resources/resourceGroups","location":"eastus2","tags":{"product":"azurecli","cause":"automation","date":"2021-02-25T22:34:49Z"},"properties":{"provisioningState":"Succeeded"}},{"id":"/subscriptions/00000000-0000-0000-0000-000000000000/resourceGroups/cli_test_cross_region_lb_address_pool_addressesoignfq5bvlkrkbe5twew74cnqf4u","name":"cli_test_cross_region_lb_address_pool_addressesoignfq5bvlkrkbe5twew74cnqf4u","type":"Microsoft.Resources/resourceGroups","location":"eastus2","tags":{"product":"azurecli","cause":"automation","date":"2021-02-26T02:22:35Z"},"properties":{"provisioningState":"Succeeded"}},{"id":"/subscriptions/00000000-0000-0000-0000-000000000000/resourceGroups/cli_test_cross_region_lb_address_pool_addresseszfkzun2fx2qfg42djotmmoanpjp7","name":"cli_test_cross_region_lb_address_pool_addresseszfkzun2fx2qfg42djotmmoanpjp7","type":"Microsoft.Resources/resourceGroups","location":"eastus2","tags":{"product":"azurecli","cause":"automation","date":"2021-03-01T13:09:39Z"},"properties":{"provisioningState":"Succeeded"}},{"id":"/subscriptions/00000000-0000-0000-0000-000000000000/resourceGroups/cli_test_cross_region_lb_address_pool_addressesqkyuavqqwin5za2ujunpdcbrbcww","name":"cli_test_cross_region_lb_address_pool_addressesqkyuavqqwin5za2ujunpdcbrbcww","type":"Microsoft.Resources/resourceGroups","location":"eastus2","tags":{"product":"azurecli","cause":"automation","date":"2021-03-04T06:13:17Z"},"properties":{"provisioningState":"Succeeded"}},{"id":"/subscriptions/00000000-0000-0000-0000-000000000000/resourceGroups/cli_test_cross_region_lb_address_pool_addressesdrdvvdd7gc7cfyojr5d25mhmzuyj","name":"cli_test_cross_region_lb_address_pool_addressesdrdvvdd7gc7cfyojr5d25mhmzuyj","type":"Microsoft.Resources/resourceGroups","location":"eastus2","tags":{"product":"azurecli","cause":"automation","date":"2021-03-04T09:25:27Z"},"properties":{"provisioningState":"Succeeded"}},{"id":"/subscriptions/00000000-0000-0000-0000-000000000000/resourceGroups/cli_test_cross_region_lb_address_pool_addressesrqudeuqxhsifw6sqqy2fojahsf4w","name":"cli_test_cross_region_lb_address_pool_addressesrqudeuqxhsifw6sqqy2fojahsf4w","type":"Microsoft.Resources/resourceGroups","location":"eastus2","tags":{"product":"azurecli","cause":"automation","date":"2021-03-04T22:40:30Z"},"properties":{"provisioningState":"Succeeded"}},{"id":"/subscriptions/00000000-0000-0000-0000-000000000000/resourceGroups/cli_test_cross_region_lb_address_pool_addresses76jhg2vitn465djvqxk2gb4ubps7","name":"cli_test_cross_region_lb_address_pool_addresses76jhg2vitn465djvqxk2gb4ubps7","type":"Microsoft.Resources/resourceGroups","location":"eastus2","tags":{"product":"azurecli","cause":"automation","date":"2021-03-11T05:23:32Z"},"properties":{"provisioningState":"Succeeded"}},{"id":"/subscriptions/00000000-0000-0000-0000-000000000000/resourceGroups/cli_test_cross_region_lb_address_pool_addressesj3khcfi6gc7323w35chifz7kg2ev","name":"cli_test_cross_region_lb_address_pool_addressesj3khcfi6gc7323w35chifz7kg2ev","type":"Microsoft.Resources/resourceGroups","location":"eastus2","tags":{"product":"azurecli","cause":"automation","date":"2021-03-11T22:37:41Z"},"properties":{"provisioningState":"Succeeded"}},{"id":"/subscriptions/00000000-0000-0000-0000-000000000000/resourceGroups/clitest.rgl6kzjmeryiey3qq6r3t2fpgbpghqhjxjs53hyzljt5ht53gn6dzdhduqzthm5g5ck","name":"clitest.rgl6kzjmeryiey3qq6r3t2fpgbpghqhjxjs53hyzljt5ht53gn6dzdhduqzthm5g5ck","type":"Microsoft.Resources/resourceGroups","location":"eastus2euap","tags":{"product":"azurecli","cause":"automation","date":"2021-03-11T23:44:39Z"},"properties":{"provisioningState":"Succeeded"}},{"id":"/subscriptions/00000000-0000-0000-0000-000000000000/resourceGroups/clitest.rgvsrrci2gv23pas67rbcxkq3wi3mlj5wohqb6capbzzu6mnlijgtvkrydqtmes4xth","name":"clitest.rgvsrrci2gv23pas67rbcxkq3wi3mlj5wohqb6capbzzu6mnlijgtvkrydqtmes4xth","type":"Microsoft.Resources/resourceGroups","location":"eastus2euap","tags":{"product":"azurecli","cause":"automation","date":"2021-03-11T23:45:45Z"},"properties":{"provisioningState":"Succeeded"}},{"id":"/subscriptions/00000000-0000-0000-0000-000000000000/resourceGroups/cli_test_cross_region_lb_address_pool_addressesotkiar665vufxm7uk6wtbbvlymc3","name":"cli_test_cross_region_lb_address_pool_addressesotkiar665vufxm7uk6wtbbvlymc3","type":"Microsoft.Resources/resourceGroups","location":"eastus2","tags":{"product":"azurecli","cause":"automation","date":"2021-03-18T22:38:58Z"},"properties":{"provisioningState":"Succeeded"}},{"id":"/subscriptions/00000000-0000-0000-0000-000000000000/resourceGroups/cli_test_cross_region_lb_address_pool_addresseswb44v3w4efove3ym7n7rpbiq27ze","name":"cli_test_cross_region_lb_address_pool_addresseswb44v3w4efove3ym7n7rpbiq27ze","type":"Microsoft.Resources/resourceGroups","location":"eastus2","tags":{"product":"azurecli","cause":"automation","date":"2021-03-25T22:59:21Z"},"properties":{"provisioningState":"Succeeded"}},{"id":"/subscriptions/00000000-0000-0000-0000-000000000000/resourceGroups/cli_test_cross_region_lb_address_pool_addressesvyu5n3vm5v4kwtqy2nbo2lbqzxpy","name":"cli_test_cross_region_lb_address_pool_addressesvyu5n3vm5v4kwtqy2nbo2lbqzxpy","type":"Microsoft.Resources/resourceGroups","location":"eastus2","tags":{"product":"azurecli","cause":"automation","date":"2021-03-26T14:40:11Z"},"properties":{"provisioningState":"Succeeded"}},{"id":"/subscriptions/00000000-0000-0000-0000-000000000000/resourceGroups/cli_test_cross_region_lb_address_pool_addresses5jczhp4wxusv7bc7xtsyoob6prc5","name":"cli_test_cross_region_lb_address_pool_addresses5jczhp4wxusv7bc7xtsyoob6prc5","type":"Microsoft.Resources/resourceGroups","location":"eastus2","tags":{"product":"azurecli","cause":"automation","date":"2021-04-01T23:35:08Z"},"properties":{"provisioningState":"Succeeded"}},{"id":"/subscriptions/00000000-0000-0000-0000-000000000000/resourceGroups/cli_test_cross_region_lb_address_pool_addressesmrvt3vrxqgrrpv4xpmo4sdpb4pjr","name":"cli_test_cross_region_lb_address_pool_addressesmrvt3vrxqgrrpv4xpmo4sdpb4pjr","type":"Microsoft.Resources/resourceGroups","location":"eastus2","tags":{"product":"azurecli","cause":"automation","date":"2021-04-08T23:05:49Z"},"properties":{"provisioningState":"Succeeded"}},{"id":"/subscriptions/00000000-0000-0000-0000-000000000000/resourceGroups/cli_test_cross_region_lb_address_pool_addressesay6bkqwdivijakmosbvwpql4v7xw","name":"cli_test_cross_region_lb_address_pool_addressesay6bkqwdivijakmosbvwpql4v7xw","type":"Microsoft.Resources/resourceGroups","location":"eastus2","tags":{"product":"azurecli","cause":"automation","date":"2021-04-19T06:24:21Z"},"properties":{"provisioningState":"Succeeded"}},{"id":"/subscriptions/00000000-0000-0000-0000-000000000000/resourceGroups/cli_test_cross_region_lb_address_pool_addresses3f7w6jmpbqwz2cl2tusshdhu6lol","name":"cli_test_cross_region_lb_address_pool_addresses3f7w6jmpbqwz2cl2tusshdhu6lol","type":"Microsoft.Resources/resourceGroups","location":"eastus2","tags":{"product":"azurecli","cause":"automation","date":"2021-04-21T12:01:44Z"},"properties":{"provisioningState":"Succeeded"}},{"id":"/subscriptions/00000000-0000-0000-0000-000000000000/resourceGroups/cli_test_cross_region_lb_address_pool_addresseskeovrbyzptn36zmo5y7muo6hrtk3","name":"cli_test_cross_region_lb_address_pool_addresseskeovrbyzptn36zmo5y7muo6hrtk3","type":"Microsoft.Resources/resourceGroups","location":"eastus2","tags":{"product":"azurecli","cause":"automation","date":"2021-04-22T22:48:56Z"},"properties":{"provisioningState":"Succeeded"}},{"id":"/subscriptions/00000000-0000-0000-0000-000000000000/resourceGroups/cli_test_cross_region_lb_address_pool_addresses4k7e7akpij4yclaqhhdlp6clcmsc","name":"cli_test_cross_region_lb_address_pool_addresses4k7e7akpij4yclaqhhdlp6clcmsc","type":"Microsoft.Resources/resourceGroups","location":"eastus2","tags":{"product":"azurecli","cause":"automation","date":"2021-04-26T07:32:32Z"},"properties":{"provisioningState":"Succeeded"}},{"id":"/subscriptions/00000000-0000-0000-0000-000000000000/resourceGroups/cli_test_cross_region_lb_address_pool_addresses6735f7sgs3au4byutvtn3cidkqud","name":"cli_test_cross_region_lb_address_pool_addresses6735f7sgs3au4byutvtn3cidkqud","type":"Microsoft.Resources/resourceGroups","location":"eastus2","tags":{"product":"azurecli","cause":"automation","date":"2021-04-29T23:15:46Z"},"properties":{"provisioningState":"Succeeded"}},{"id":"/subscriptions/00000000-0000-0000-0000-000000000000/resourceGroups/sigtest","name":"sigtest","type":"Microsoft.Resources/resourceGroups","location":"eastus2euap","properties":{"provisioningState":"Succeeded"}},{"id":"/subscriptions/00000000-0000-0000-0000-000000000000/resourceGroups/cli_test_cross_region_lb_address_pool_addressesre6iaw25lnxcwadh6kph4ugz3htj","name":"cli_test_cross_region_lb_address_pool_addressesre6iaw25lnxcwadh6kph4ugz3htj","type":"Microsoft.Resources/resourceGroups","location":"eastus2","tags":{"product":"azurecli","cause":"automation","date":"2021-05-06T23:13:34Z"},"properties":{"provisioningState":"Succeeded"}},{"id":"/subscriptions/00000000-0000-0000-0000-000000000000/resourceGroups/cli_test_cross_region_lb_address_pool_addresses2sfaa4oz7x6xpgl2pmr535vgyf4h","name":"cli_test_cross_region_lb_address_pool_addresses2sfaa4oz7x6xpgl2pmr535vgyf4h","type":"Microsoft.Resources/resourceGroups","location":"eastus2","tags":{"product":"azurecli","cause":"automation","date":"2021-05-10T13:43:16Z"},"properties":{"provisioningState":"Succeeded"}},{"id":"/subscriptions/00000000-0000-0000-0000-000000000000/resourceGroups/cli_test_cross_region_lb_address_pool_addressese4sr366ybzgcfmieumqx5xyzwpyc","name":"cli_test_cross_region_lb_address_pool_addressese4sr366ybzgcfmieumqx5xyzwpyc","type":"Microsoft.Resources/resourceGroups","location":"eastus2","tags":{"product":"azurecli","cause":"automation","date":"2021-05-13T23:47:59Z"},"properties":{"provisioningState":"Succeeded"}},{"id":"/subscriptions/00000000-0000-0000-0000-000000000000/resourceGroups/cli_test_cross_region_lb_address_pool_addressesrcrmaqvos66a6pcxelwwvefvyizb","name":"cli_test_cross_region_lb_address_pool_addressesrcrmaqvos66a6pcxelwwvefvyizb","type":"Microsoft.Resources/resourceGroups","location":"eastus2","tags":{"product":"azurecli","cause":"automation","date":"2021-05-14T05:52:02Z"},"properties":{"provisioningState":"Succeeded"}},{"id":"/subscriptions/00000000-0000-0000-0000-000000000000/resourceGroups/yyc-eastus2euap","name":"yyc-eastus2euap","type":"Microsoft.Resources/resourceGroups","location":"eastus2euap","properties":{"provisioningState":"Succeeded"}},{"id":"/subscriptions/00000000-0000-0000-0000-000000000000/resourceGroups/y-eastus2euap","name":"y-eastus2euap","type":"Microsoft.Resources/resourceGroups","location":"eastus2euap","properties":{"provisioningState":"Succeeded"}},{"id":"/subscriptions/00000000-0000-0000-0000-000000000000/resourceGroups/DefaultResourceGroup-CUS","name":"DefaultResourceGroup-CUS","type":"Microsoft.Resources/resourceGroups","location":"centralus","properties":{"provisioningState":"Succeeded"}},{"id":"/subscriptions/00000000-0000-0000-0000-000000000000/resourceGroups/cli-beta","name":"cli-beta","type":"Microsoft.Resources/resourceGroups","location":"eastus","tags":{"StorageType":"Standard_LRS","type":"test"},"properties":{"provisioningState":"Succeeded"}},{"id":"/subscriptions/00000000-0000-0000-0000-000000000000/resourceGroups/clitestresult","name":"clitestresult","type":"Microsoft.Resources/resourceGroups","location":"eastus","tags":{},"properties":{"provisioningState":"Succeeded"}},{"id":"/subscriptions/00000000-0000-0000-0000-000000000000/resourceGroups/xuzhang3","name":"xuzhang3","type":"Microsoft.Resources/resourceGroups","location":"eastus","tags":{"StorageType":"Standard_LRS","type":"test"},"properties":{"provisioningState":"Succeeded"}},{"id":"/subscriptions/00000000-0000-0000-0000-000000000000/resourceGroups/t-yueshi","name":"t-yueshi","type":"Microsoft.Resources/resourceGroups","location":"eastus","tags":{},"properties":{"provisioningState":"Succeeded"}},{"id":"/subscriptions/00000000-0000-0000-0000-000000000000/resourceGroups/portal2cli","name":"portal2cli","type":"Microsoft.Resources/resourceGroups","location":"eastus","tags":{},"properties":{"provisioningState":"Succeeded"}},{"id":"/subscriptions/00000000-0000-0000-0000-000000000000/resourceGroups/rg-weidxu","name":"rg-weidxu","type":"Microsoft.Resources/resourceGroups","location":"eastus","tags":{},"properties":{"provisioningState":"Succeeded"}},{"id":"/subscriptions/00000000-0000-0000-0000-000000000000/resourceGroups/xz3-test","name":"xz3-test","type":"Microsoft.Resources/resourceGroups","location":"eastus","tags":{},"properties":{"provisioningState":"Succeeded"}},{"id":"/subscriptions/00000000-0000-0000-0000-000000000000/resourceGroups/ljin-test","name":"ljin-test","type":"Microsoft.Resources/resourceGroups","location":"eastus","properties":{"provisioningState":"Succeeded"}},{"id":"/subscriptions/00000000-0000-0000-0000-000000000000/resourceGroups/myrg","name":"myrg","type":"Microsoft.Resources/resourceGroups","location":"eastus","properties":{"provisioningState":"Succeeded"}},{"id":"/subscriptions/00000000-0000-0000-0000-000000000000/resourceGroups/yishitest","name":"yishitest","type":"Microsoft.Resources/resourceGroups","location":"eastus","tags":{},"properties":{"provisioningState":"Succeeded"}},{"id":"/subscriptions/00000000-0000-0000-0000-000000000000/resourceGroups/cli_test_aro_creates3iysilcg","name":"cli_test_aro_creates3iysilcg","type":"Microsoft.Resources/resourceGroups","location":"eastus","tags":{"product":"azurecli","cause":"automation","date":"2021-05-19T03:11:45Z"},"properties":{"provisioningState":"Succeeded"}},{"id":"/subscriptions/00000000-0000-0000-0000-000000000000/resourceGroups/cli_test_aro_updatecerdkwnto","name":"cli_test_aro_updatecerdkwnto","type":"Microsoft.Resources/resourceGroups","location":"eastus","tags":{"product":"azurecli","cause":"automation","date":"2021-05-19T03:11:45Z"},"properties":{"provisioningState":"Succeeded"}},{"id":"/subscriptions/00000000-0000-0000-0000-000000000000/resourceGroups/cli_test_aro_showoowllybhmvl","name":"cli_test_aro_showoowllybhmvl","type":"Microsoft.Resources/resourceGroups","location":"eastus","tags":{"product":"azurecli","cause":"automation","date":"2021-05-19T03:11:45Z"},"properties":{"provisioningState":"Succeeded"}},{"id":"/subscriptions/00000000-0000-0000-0000-000000000000/resourceGroups/cli_test_aro_delete7q7uika4x","name":"cli_test_aro_delete7q7uika4x","type":"Microsoft.Resources/resourceGroups","location":"eastus","tags":{"product":"azurecli","cause":"automation","date":"2021-05-19T03:11:45Z"},"properties":{"provisioningState":"Succeeded"}},{"id":"/subscriptions/00000000-0000-0000-0000-000000000000/resourceGroups/cli_test_aro_list_credzgjny4","name":"cli_test_aro_list_credzgjny4","type":"Microsoft.Resources/resourceGroups","location":"eastus","tags":{"product":"azurecli","cause":"automation","date":"2021-05-19T03:11:45Z"},"properties":{"provisioningState":"Succeeded"}},{"id":"/subscriptions/00000000-0000-0000-0000-000000000000/resourceGroups/cli_test_aro_listgkjbhvcuqer","name":"cli_test_aro_listgkjbhvcuqer","type":"Microsoft.Resources/resourceGroups","location":"eastus","tags":{"product":"azurecli","cause":"automation","date":"2021-05-19T03:11:45Z"},"properties":{"provisioningState":"Succeeded"}},{"id":"/subscriptions/00000000-0000-0000-0000-000000000000/resourceGroups/aro-s3jd951f","name":"aro-s3jd951f","type":"Microsoft.Resources/resourceGroups","location":"eastus","managedBy":"/subscriptions/00000000-0000-0000-0000-000000000000/resourceGroups/cli_test_aro_creates3iysilcg/providers/Microsoft.RedHatOpenShift/openShiftClusters/aro7afqqioowrn","properties":{"provisioningState":"Succeeded"}},{"id":"/subscriptions/00000000-0000-0000-0000-000000000000/resourceGroups/aro-py91dexl","name":"aro-py91dexl","type":"Microsoft.Resources/resourceGroups","location":"eastus","managedBy":"/subscriptions/00000000-0000-0000-0000-000000000000/resourceGroups/cli_test_aro_delete7q7uika4x/providers/Microsoft.RedHatOpenShift/openShiftClusters/arojzdghphoa47","properties":{"provisioningState":"Succeeded"}},{"id":"/subscriptions/00000000-0000-0000-0000-000000000000/resourceGroups/aro-v88nfu3u","name":"aro-v88nfu3u","type":"Microsoft.Resources/resourceGroups","location":"eastus","managedBy":"/subscriptions/00000000-0000-0000-0000-000000000000/resourceGroups/cli_test_aro_showoowllybhmvl/providers/Microsoft.RedHatOpenShift/openShiftClusters/aro4lvgzvvcle4","properties":{"provisioningState":"Succeeded"}},{"id":"/subscriptions/00000000-0000-0000-0000-000000000000/resourceGroups/aro-id570e16","name":"aro-id570e16","type":"Microsoft.Resources/resourceGroups","location":"eastus","managedBy":"/subscriptions/00000000-0000-0000-0000-000000000000/resourceGroups/cli_test_aro_list_credzgjny4/providers/Microsoft.RedHatOpenShift/openShiftClusters/arog7ouu7llkvi","properties":{"provisioningState":"Succeeded"}},{"id":"/subscriptions/00000000-0000-0000-0000-000000000000/resourceGroups/aro-srz8bxcd","name":"aro-srz8bxcd","type":"Microsoft.Resources/resourceGroups","location":"eastus","managedBy":"/subscriptions/00000000-0000-0000-0000-000000000000/resourceGroups/cli_test_aro_listgkjbhvcuqer/providers/Microsoft.RedHatOpenShift/openShiftClusters/aroooasv4hee2g","properties":{"provisioningState":"Succeeded"}},{"id":"/subscriptions/00000000-0000-0000-0000-000000000000/resourceGroups/aro-y7dvlice","name":"aro-y7dvlice","type":"Microsoft.Resources/resourceGroups","location":"eastus","managedBy":"/subscriptions/00000000-0000-0000-0000-000000000000/resourceGroups/cli_test_aro_updatecerdkwnto/providers/Microsoft.RedHatOpenShift/openShiftClusters/arowexe2kt2rxu","properties":{"provisioningState":"Succeeded"}},{"id":"/subscriptions/00000000-0000-0000-0000-000000000000/resourceGroups/t-yakou2","name":"t-yakou2","type":"Microsoft.Resources/resourceGroups","location":"japaneast","properties":{"provisioningState":"Succeeded"}},{"id":"/subscriptions/00000000-0000-0000-0000-000000000000/resourceGroups/clitest.rggnjd24vd3426k7xejyyb5lcp6f6zir5trgy7ctsdcy5ea4ibnyyym3puwxifrgvgk","name":"clitest.rggnjd24vd3426k7xejyyb5lcp6f6zir5trgy7ctsdcy5ea4ibnyyym3puwxifrgvgk","type":"Microsoft.Resources/resourceGroups","location":"westus","tags":{"product":"azurecli","cause":"automation","date":"2020-07-07T07:20:04Z"},"properties":{"provisioningState":"Succeeded"}},{"id":"/subscriptions/00000000-0000-0000-0000-000000000000/resourceGroups/clitest.rg4vzcctackr3xkeouuakrlu3v5iahfsyh5tbu6wimbgipsvlnnydknmqqzno4naid6","name":"clitest.rg4vzcctackr3xkeouuakrlu3v5iahfsyh5tbu6wimbgipsvlnnydknmqqzno4naid6","type":"Microsoft.Resources/resourceGroups","location":"westus","tags":{"product":"azurecli","cause":"automation","date":"2020-07-07T07:26:53Z"},"properties":{"provisioningState":"Succeeded"}},{"id":"/subscriptions/00000000-0000-0000-0000-000000000000/resourceGroups/img_tmpl_cancel_bih3hjenbaztofqafczkvch2cz77pxwj6ogo5p3mfprovbvxe7fdpr2dsbu","name":"img_tmpl_cancel_bih3hjenbaztofqafczkvch2cz77pxwj6ogo5p3mfprovbvxe7fdpr2dsbu","type":"Microsoft.Resources/resourceGroups","location":"westus","tags":{"product":"azurecli","cause":"automation","date":"2020-07-13T12:34:07Z","StorageType":"Standard_LRS","type":"test"},"properties":{"provisioningState":"Succeeded"}},{"id":"/subscriptions/00000000-0000-0000-0000-000000000000/resourceGroups/fybot","name":"fybot","type":"Microsoft.Resources/resourceGroups","location":"westus","tags":{},"properties":{"provisioningState":"Succeeded"}},{"id":"/subscriptions/00000000-0000-0000-0000-000000000000/resourceGroups/img_tmpl_cancel_urdoojxztqvku76yl2gtradzpoaxbz4nk5aywhdsyn57wqyuhm2klzetuox","name":"img_tmpl_cancel_urdoojxztqvku76yl2gtradzpoaxbz4nk5aywhdsyn57wqyuhm2klzetuox","type":"Microsoft.Resources/resourceGroups","location":"westus","tags":{"product":"azurecli","cause":"automation","date":"2020-08-14T19:58:12Z","StorageType":"Standard_LRS"},"properties":{"provisioningState":"Succeeded"}},{"id":"/subscriptions/00000000-0000-0000-0000-000000000000/resourceGroups/img_tmpl_cancel_4wijm4tiuhe7w2knhji6aue4q5bnzvr74kgqt6xqdgdrdffmrmt432vrbub","name":"img_tmpl_cancel_4wijm4tiuhe7w2knhji6aue4q5bnzvr74kgqt6xqdgdrdffmrmt432vrbub","type":"Microsoft.Resources/resourceGroups","location":"westus","tags":{"product":"azurecli","cause":"automation","date":"2020-08-17T07:53:26Z","StorageType":"Standard_LRS"},"properties":{"provisioningState":"Succeeded"}},{"id":"/subscriptions/00000000-0000-0000-0000-000000000000/resourceGroups/img_tmpl_cancel_zbc4axbspixutxs4yvo3mj223e7fe6567hqqlxkn6yzmf523oxvh5lgy4c7","name":"img_tmpl_cancel_zbc4axbspixutxs4yvo3mj223e7fe6567hqqlxkn6yzmf523oxvh5lgy4c7","type":"Microsoft.Resources/resourceGroups","location":"westus","tags":{"product":"azurecli","cause":"automation","date":"2020-08-18T11:38:44Z","StorageType":"Standard_LRS"},"properties":{"provisioningState":"Succeeded"}},{"id":"/subscriptions/00000000-0000-0000-0000-000000000000/resourceGroups/img_tmpl_cancel_glbkgtkhlb6zgdgzhnvvmpodcylvquiopkhvd6gbna3yvg4xoxm5glug7d7","name":"img_tmpl_cancel_glbkgtkhlb6zgdgzhnvvmpodcylvquiopkhvd6gbna3yvg4xoxm5glug7d7","type":"Microsoft.Resources/resourceGroups","location":"westus","tags":{"product":"azurecli","cause":"automation","date":"2020-08-28T19:38:38Z"},"properties":{"provisioningState":"Succeeded"}},{"id":"/subscriptions/00000000-0000-0000-0000-000000000000/resourceGroups/img_tmpl_cancel_4mcukdecrb43yzylyrk56bxa3tgvni2ohyqbvx4nscvo4b6pi2cwbk42hlj","name":"img_tmpl_cancel_4mcukdecrb43yzylyrk56bxa3tgvni2ohyqbvx4nscvo4b6pi2cwbk42hlj","type":"Microsoft.Resources/resourceGroups","location":"westus","tags":{"product":"azurecli","cause":"automation","date":"2020-09-02T03:08:21Z"},"properties":{"provisioningState":"Succeeded"}},{"id":"/subscriptions/00000000-0000-0000-0000-000000000000/resourceGroups/img_tmpl_cancel_dv5mpshlpskqake2czy4mhgyjiqg3wm7yx4k7jtyzbyet65oxhjpktizhta","name":"img_tmpl_cancel_dv5mpshlpskqake2czy4mhgyjiqg3wm7yx4k7jtyzbyet65oxhjpktizhta","type":"Microsoft.Resources/resourceGroups","location":"westus","tags":{"product":"azurecli","cause":"automation","date":"2020-09-04T19:39:20Z","StorageType":"Standard_LRS","type":"test"},"properties":{"provisioningState":"Succeeded"}},{"id":"/subscriptions/00000000-0000-0000-0000-000000000000/resourceGroups/cli_test_cross_region_lb_address_pool_addressesd3aexjpxti3bukzb2rqqynhtjptq","name":"cli_test_cross_region_lb_address_pool_addressesd3aexjpxti3bukzb2rqqynhtjptq","type":"Microsoft.Resources/resourceGroups","location":"westus","tags":{"product":"azurecli","cause":"automation","date":"2020-12-02T08:25:33Z"},"properties":{"provisioningState":"Succeeded"}},{"id":"/subscriptions/00000000-0000-0000-0000-000000000000/resourceGroups/cli_test_cross_region_lb_address_pool_addressesvyrgv4r2yw5xrv3a327jhtlxzarx","name":"cli_test_cross_region_lb_address_pool_addressesvyrgv4r2yw5xrv3a327jhtlxzarx","type":"Microsoft.Resources/resourceGroups","location":"westus","tags":{"product":"azurecli","cause":"automation","date":"2020-12-02T08:33:18Z"},"properties":{"provisioningState":"Succeeded"}},{"id":"/subscriptions/00000000-0000-0000-0000-000000000000/resourceGroups/cli_test_cross_region_lb_address_pool_addressesopbetueqhagzmpp4uljksscc3zea","name":"cli_test_cross_region_lb_address_pool_addressesopbetueqhagzmpp4uljksscc3zea","type":"Microsoft.Resources/resourceGroups","location":"westus","tags":{"product":"azurecli","cause":"automation","date":"2020-12-02T08:48:25Z"},"properties":{"provisioningState":"Succeeded"}},{"id":"/subscriptions/00000000-0000-0000-0000-000000000000/resourceGroups/cli_test_cross_region_lb_address_pool_addressess7qzk3wraffcw5jeohhoryzdfdbn","name":"cli_test_cross_region_lb_address_pool_addressess7qzk3wraffcw5jeohhoryzdfdbn","type":"Microsoft.Resources/resourceGroups","location":"westus","tags":{"product":"azurecli","cause":"automation","date":"2020-12-02T10:16:40Z"},"properties":{"provisioningState":"Succeeded"}},{"id":"/subscriptions/00000000-0000-0000-0000-000000000000/resourceGroups/cli_test_cross_region_lb_address_pool_addresses6amluposjhq63wl56nm5uuqagvkm","name":"cli_test_cross_region_lb_address_pool_addresses6amluposjhq63wl56nm5uuqagvkm","type":"Microsoft.Resources/resourceGroups","location":"westus","tags":{"product":"azurecli","cause":"automation","date":"2020-12-10T22:53:32Z"},"properties":{"provisioningState":"Succeeded"}},{"id":"/subscriptions/00000000-0000-0000-0000-000000000000/resourceGroups/cli_test_cross_region_lb_address_pool_addressesxc3jz5jnajip6ymgroiqxt6xzzg5","name":"cli_test_cross_region_lb_address_pool_addressesxc3jz5jnajip6ymgroiqxt6xzzg5","type":"Microsoft.Resources/resourceGroups","location":"westus","tags":{"product":"azurecli","cause":"automation","date":"2020-12-14T04:37:01Z"},"properties":{"provisioningState":"Succeeded"}},{"id":"/subscriptions/00000000-0000-0000-0000-000000000000/resourceGroups/cli_test_cross_region_lb_address_pool_addressesf6mql6vj5l73ihr7d7uogkaq3atk","name":"cli_test_cross_region_lb_address_pool_addressesf6mql6vj5l73ihr7d7uogkaq3atk","type":"Microsoft.Resources/resourceGroups","location":"westus","tags":{"product":"azurecli","cause":"automation","date":"2020-12-14T06:20:19Z"},"properties":{"provisioningState":"Succeeded"}},{"id":"/subscriptions/00000000-0000-0000-0000-000000000000/resourceGroups/cli_test_cross_region_lb_address_pool_addressesfnbu2imlr2kcby76zts45sgtnuou","name":"cli_test_cross_region_lb_address_pool_addressesfnbu2imlr2kcby76zts45sgtnuou","type":"Microsoft.Resources/resourceGroups","location":"westus","tags":{"product":"azurecli","cause":"automation","date":"2020-12-16T06:16:10Z"},"properties":{"provisioningState":"Succeeded"}},{"id":"/subscriptions/00000000-0000-0000-0000-000000000000/resourceGroups/cli_test_cross_region_lb_address_pool_addressesuenpaq5fiaea46gr2npvcwwc2cfb","name":"cli_test_cross_region_lb_address_pool_addressesuenpaq5fiaea46gr2npvcwwc2cfb","type":"Microsoft.Resources/resourceGroups","location":"westus","tags":{"product":"azurecli","cause":"automation","date":"2020-12-17T22:45:01Z"},"properties":{"provisioningState":"Succeeded"}},{"id":"/subscriptions/00000000-0000-0000-0000-000000000000/resourceGroups/cli_test_adls_mgmtc3u7bspjdsazbjn63zrfarkvixs7rdsochnt5sgeo6onz5j6zoizpm6vc","name":"cli_test_adls_mgmtc3u7bspjdsazbjn63zrfarkvixs7rdsochnt5sgeo6onz5j6zoizpm6vc","type":"Microsoft.Resources/resourceGroups","location":"westus","tags":{"product":"azurecli","cause":"automation","date":"2020-12-24T21:04:04Z"},"properties":{"provisioningState":"Succeeded"}},{"id":"/subscriptions/00000000-0000-0000-0000-000000000000/resourceGroups/cli_test_cross_region_lb_address_pool_addressesgsknvtdkrmwttlqodredixgsi6bh","name":"cli_test_cross_region_lb_address_pool_addressesgsknvtdkrmwttlqodredixgsi6bh","type":"Microsoft.Resources/resourceGroups","location":"westus","tags":{"product":"azurecli","cause":"automation","date":"2020-12-24T22:06:56Z"},"properties":{"provisioningState":"Succeeded"}},{"id":"/subscriptions/00000000-0000-0000-0000-000000000000/resourceGroups/cli_test_cross_region_lb_address_pool_addresses5hnlb7t3cisfqh6ygv3xiajgzn4a","name":"cli_test_cross_region_lb_address_pool_addresses5hnlb7t3cisfqh6ygv3xiajgzn4a","type":"Microsoft.Resources/resourceGroups","location":"westus","tags":{"product":"azurecli","cause":"automation","date":"2020-12-31T22:04:35Z"},"properties":{"provisioningState":"Succeeded"}},{"id":"/subscriptions/00000000-0000-0000-0000-000000000000/resourceGroups/cli_test_cross_region_lb_address_pool_addressescldivssh73qdsgwqhy2zz3236pfp","name":"cli_test_cross_region_lb_address_pool_addressescldivssh73qdsgwqhy2zz3236pfp","type":"Microsoft.Resources/resourceGroups","location":"westus","tags":{"product":"azurecli","cause":"automation","date":"2021-01-08T00:14:27Z"},"properties":{"provisioningState":"Succeeded"}},{"id":"/subscriptions/00000000-0000-0000-0000-000000000000/resourceGroups/kairu-persist","name":"kairu-persist","type":"Microsoft.Resources/resourceGroups","location":"westus","properties":{"provisioningState":"Succeeded"}},{"id":"/subscriptions/00000000-0000-0000-0000-000000000000/resourceGroups/azure-cli-edge","name":"azure-cli-edge","type":"Microsoft.Resources/resourceGroups","location":"westus","tags":{},"properties":{"provisioningState":"Succeeded"}},{"id":"/subscriptions/00000000-0000-0000-0000-000000000000/resourceGroups/cli_test_cross_region_lb_address_pool_addresses32d6xsgucbg5imtbdod4xoclof3b","name":"cli_test_cross_region_lb_address_pool_addresses32d6xsgucbg5imtbdod4xoclof3b","type":"Microsoft.Resources/resourceGroups","location":"westus","tags":{"product":"azurecli","cause":"automation","date":"2021-01-15T07:10:11Z"},"properties":{"provisioningState":"Succeeded"}},{"id":"/subscriptions/00000000-0000-0000-0000-000000000000/resourceGroups/cli_test_cross_region_lb_address_pool_addresseswdaazq5357pzccv2mh52buhikdnc","name":"cli_test_cross_region_lb_address_pool_addresseswdaazq5357pzccv2mh52buhikdnc","type":"Microsoft.Resources/resourceGroups","location":"westus","tags":{"product":"azurecli","cause":"automation","date":"2021-01-18T04:56:26Z"},"properties":{"provisioningState":"Succeeded"}},{"id":"/subscriptions/00000000-0000-0000-0000-000000000000/resourceGroups/cli_test_cross_region_lb_address_pool_addressespl3xt34nfw6vt5xfyaxkxirxjevj","name":"cli_test_cross_region_lb_address_pool_addressespl3xt34nfw6vt5xfyaxkxirxjevj","type":"Microsoft.Resources/resourceGroups","location":"westus","tags":{"product":"azurecli","cause":"automation","date":"2021-01-21T22:16:27Z"},"properties":{"provisioningState":"Succeeded"}},{"id":"/subscriptions/00000000-0000-0000-0000-000000000000/resourceGroups/cli_test_cross_region_lb_address_pool_addresseshtwcgm3z3cu3q77liwmn2yoho3rn","name":"cli_test_cross_region_lb_address_pool_addresseshtwcgm3z3cu3q77liwmn2yoho3rn","type":"Microsoft.Resources/resourceGroups","location":"westus","tags":{"product":"azurecli","cause":"automation","date":"2021-01-22T15:54:07Z"},"properties":{"provisioningState":"Succeeded"}},{"id":"/subscriptions/00000000-0000-0000-0000-000000000000/resourceGroups/cli_test_cross_region_lb_address_pool_addressesqgwuc7c7icriidypw6qifpcmgsp7","name":"cli_test_cross_region_lb_address_pool_addressesqgwuc7c7icriidypw6qifpcmgsp7","type":"Microsoft.Resources/resourceGroups","location":"westus","tags":{"product":"azurecli","cause":"automation","date":"2021-01-28T22:21:39Z"},"properties":{"provisioningState":"Succeeded"}},{"id":"/subscriptions/00000000-0000-0000-0000-000000000000/resourceGroups/cli_test_cross_region_lb_address_pool_addressesi2vdjk7hyqvrtkkhi6hnjtv3iaq4","name":"cli_test_cross_region_lb_address_pool_addressesi2vdjk7hyqvrtkkhi6hnjtv3iaq4","type":"Microsoft.Resources/resourceGroups","location":"westus","tags":{"product":"azurecli","cause":"automation","date":"2021-02-04T22:07:58Z"},"properties":{"provisioningState":"Succeeded"}},{"id":"/subscriptions/00000000-0000-0000-0000-000000000000/resourceGroups/cli_test_cross_region_lb_address_pool_addresseszq6ofmau5cowzkmc4cfn4voo5bbw","name":"cli_test_cross_region_lb_address_pool_addresseszq6ofmau5cowzkmc4cfn4voo5bbw","type":"Microsoft.Resources/resourceGroups","location":"westus","tags":{"product":"azurecli","cause":"automation","date":"2021-02-08T06:59:25Z"},"properties":{"provisioningState":"Succeeded"}},{"id":"/subscriptions/00000000-0000-0000-0000-000000000000/resourceGroups/cli_test_cross_region_lb_address_pool_addressesn4ef42fb2zewgwsuxwizvypu6enh","name":"cli_test_cross_region_lb_address_pool_addressesn4ef42fb2zewgwsuxwizvypu6enh","type":"Microsoft.Resources/resourceGroups","location":"westus","tags":{"product":"azurecli","cause":"automation","date":"2021-02-08T07:54:00Z"},"properties":{"provisioningState":"Succeeded"}},{"id":"/subscriptions/00000000-0000-0000-0000-000000000000/resourceGroups/cli_test_cross_region_lb_address_pool_addressessdj5k2myktnd5nbo3qbakrenw5kg","name":"cli_test_cross_region_lb_address_pool_addressessdj5k2myktnd5nbo3qbakrenw5kg","type":"Microsoft.Resources/resourceGroups","location":"westus","tags":{"product":"azurecli","cause":"automation","date":"2021-02-11T22:13:50Z"},"properties":{"provisioningState":"Succeeded"}},{"id":"/subscriptions/00000000-0000-0000-0000-000000000000/resourceGroups/cli_test_cross_region_lb_address_pool_addressess6pmcdeelfzx52vg33377ouswbu3","name":"cli_test_cross_region_lb_address_pool_addressess6pmcdeelfzx52vg33377ouswbu3","type":"Microsoft.Resources/resourceGroups","location":"westus","tags":{"product":"azurecli","cause":"automation","date":"2021-02-18T22:14:02Z"},"properties":{"provisioningState":"Succeeded"}},{"id":"/subscriptions/00000000-0000-0000-0000-000000000000/resourceGroups/cli_test_cross_region_lb_address_pool_addressesnv6vuqrzbvdshvt7kucy7tpmzocf","name":"cli_test_cross_region_lb_address_pool_addressesnv6vuqrzbvdshvt7kucy7tpmzocf","type":"Microsoft.Resources/resourceGroups","location":"westus","tags":{"product":"azurecli","cause":"automation","date":"2021-02-23T09:53:07Z"},"properties":{"provisioningState":"Succeeded"}},{"id":"/subscriptions/00000000-0000-0000-0000-000000000000/resourceGroups/cli_test_cross_region_lb_address_pool_addresses4bgar3de24y4pwudnnq77rvvgd3u","name":"cli_test_cross_region_lb_address_pool_addresses4bgar3de24y4pwudnnq77rvvgd3u","type":"Microsoft.Resources/resourceGroups","location":"westus","tags":{"product":"azurecli","cause":"automation","date":"2021-02-24T05:34:45Z"},"properties":{"provisioningState":"Succeeded"}},{"id":"/subscriptions/00000000-0000-0000-0000-000000000000/resourceGroups/cli_test_cross_region_lb_address_pool_addresses4kvora4kip33pj3fbm3o5vrtueye","name":"cli_test_cross_region_lb_address_pool_addresses4kvora4kip33pj3fbm3o5vrtueye","type":"Microsoft.Resources/resourceGroups","location":"westus","tags":{"product":"azurecli","cause":"automation","date":"2021-02-24T11:56:48Z"},"properties":{"provisioningState":"Succeeded"}},{"id":"/subscriptions/00000000-0000-0000-0000-000000000000/resourceGroups/cli_test_cannotdelete_resource_lockbfuaftaa7m4m77urywe56rs3yfr4sr3ybmrsclix","name":"cli_test_cannotdelete_resource_lockbfuaftaa7m4m77urywe56rs3yfr4sr3ybmrsclix","type":"Microsoft.Resources/resourceGroups","location":"westus","tags":{"product":"azurecli","cause":"automation","date":"2021-03-15T09:32:32Z"},"properties":{"provisioningState":"Succeeded"}},{"id":"/subscriptions/00000000-0000-0000-0000-000000000000/resourceGroups/cli_test_readonly_resource_locklucgtzf5vgc65f5gjnxtn3kf4axeyzdcowlatqmvexq3","name":"cli_test_readonly_resource_locklucgtzf5vgc65f5gjnxtn3kf4axeyzdcowlatqmvexq3","type":"Microsoft.Resources/resourceGroups","location":"westus","tags":{"product":"azurecli","cause":"automation","date":"2021-03-15T09:33:17Z"},"properties":{"provisioningState":"Succeeded"}},{"id":"/subscriptions/00000000-0000-0000-0000-000000000000/resourceGroups/clitest.rgsxsbftpq3zkbq5x63b4c4g7tedc5nuy4mzoelqyznxmlt6fjf73rsv2m2lhjmnqey","name":"clitest.rgsxsbftpq3zkbq5x63b4c4g7tedc5nuy4mzoelqyznxmlt6fjf73rsv2m2lhjmnqey","type":"Microsoft.Resources/resourceGroups","location":"westus","tags":{"product":"azurecli","cause":"automation","date":"2021-04-19T03:58:48Z"},"properties":{"provisioningState":"Succeeded"}},{"id":"/subscriptions/00000000-0000-0000-0000-000000000000/resourceGroups/clitest.rgbap5655emptgeiauav5tqvrta2ubu4uo6nseiwpa73xlebhfdrtjcyrj5vod6ixzm","name":"clitest.rgbap5655emptgeiauav5tqvrta2ubu4uo6nseiwpa73xlebhfdrtjcyrj5vod6ixzm","type":"Microsoft.Resources/resourceGroups","location":"westus","tags":{"product":"azurecli","cause":"automation","date":"2021-04-19T03:59:08Z"},"properties":{"provisioningState":"Succeeded"}},{"id":"/subscriptions/00000000-0000-0000-0000-000000000000/resourceGroups/clitest.rg5waka3ioxigz2xdrwz25rcesr4tgbinuz7ec6cq3lfdixpe56gw2ggciksrsd5qpu","name":"clitest.rg5waka3ioxigz2xdrwz25rcesr4tgbinuz7ec6cq3lfdixpe56gw2ggciksrsd5qpu","type":"Microsoft.Resources/resourceGroups","location":"westus","tags":{"product":"azurecli","cause":"automation","date":"2021-04-19T03:59:30Z"},"properties":{"provisioningState":"Succeeded"}},{"id":"/subscriptions/00000000-0000-0000-0000-000000000000/resourceGroups/clitest.rgnfspzs2rrkyvc5ru7s2hdl2hqzvfdiu4iwx2bp6kfhl5qudu2ok3bbp2x4pouty7v","name":"clitest.rgnfspzs2rrkyvc5ru7s2hdl2hqzvfdiu4iwx2bp6kfhl5qudu2ok3bbp2x4pouty7v","type":"Microsoft.Resources/resourceGroups","location":"westus","tags":{"product":"azurecli","cause":"automation","date":"2021-04-19T03:59:45Z"},"properties":{"provisioningState":"Succeeded"}},{"id":"/subscriptions/00000000-0000-0000-0000-000000000000/resourceGroups/clitest.rgjiympamq6kyxhzoq5uuidnqy5ieqxt4e3h5ejfn54ofjkvemcfn7p264i7xkf5zrb","name":"clitest.rgjiympamq6kyxhzoq5uuidnqy5ieqxt4e3h5ejfn54ofjkvemcfn7p264i7xkf5zrb","type":"Microsoft.Resources/resourceGroups","location":"westus","tags":{"product":"azurecli","cause":"automation","date":"2021-04-19T04:23:43Z"},"properties":{"provisioningState":"Succeeded"}},{"id":"/subscriptions/00000000-0000-0000-0000-000000000000/resourceGroups/cli_test_gallery_image_version_vhddmban3xow2tgyly5j6xaruoliqaj443p3brq46idi","name":"cli_test_gallery_image_version_vhddmban3xow2tgyly5j6xaruoliqaj443p3brq46idi","type":"Microsoft.Resources/resourceGroups","location":"westus","tags":{"product":"azurecli","cause":"automation","date":"2021-04-21T06:49:03Z"},"properties":{"provisioningState":"Succeeded"}},{"id":"/subscriptions/00000000-0000-0000-0000-000000000000/resourceGroups/cli_test_gallery_image_version_vhddqxkb6y7azmjc53fhkyr66se7po4i2ve5es2y46av","name":"cli_test_gallery_image_version_vhddqxkb6y7azmjc53fhkyr66se7po4i2ve5es2y46av","type":"Microsoft.Resources/resourceGroups","location":"westus","tags":{"product":"azurecli","cause":"automation","date":"2021-04-21T07:08:27Z"},"properties":{"provisioningState":"Succeeded"}},{"id":"/subscriptions/00000000-0000-0000-0000-000000000000/resourceGroups/cli_test_sb_migration3sv6onmdlcvbgdrwvokitocsqlv4yfcw2vjjjmvexocyfsrm5irfqz","name":"cli_test_sb_migration3sv6onmdlcvbgdrwvokitocsqlv4yfcw2vjjjmvexocyfsrm5irfqz","type":"Microsoft.Resources/resourceGroups","location":"westus","tags":{"product":"azurecli","cause":"automation","date":"2021-04-22T06:49:27Z"},"properties":{"provisioningState":"Succeeded"}},{"id":"/subscriptions/00000000-0000-0000-0000-000000000000/resourceGroups/cli_test_sb_migrationk5hxn5bq6tbqcvp7bhbm2v4kll237ju2meiwrav4qbwycnzpn3p4rh","name":"cli_test_sb_migrationk5hxn5bq6tbqcvp7bhbm2v4kll237ju2meiwrav4qbwycnzpn3p4rh","type":"Microsoft.Resources/resourceGroups","location":"westus","tags":{"product":"azurecli","cause":"automation","date":"2021-04-22T07:23:14Z"},"properties":{"provisioningState":"Succeeded"}},{"id":"/subscriptions/00000000-0000-0000-0000-000000000000/resourceGroups/cli_test_sb_migrationw34myslcsdhwmot4zkisnjaxff5irbbwwfu7yn7dauxvrmkzu33owa","name":"cli_test_sb_migrationw34myslcsdhwmot4zkisnjaxff5irbbwwfu7yn7dauxvrmkzu33owa","type":"Microsoft.Resources/resourceGroups","location":"westus","tags":{"product":"azurecli","cause":"automation","date":"2021-04-22T08:15:53Z"},"properties":{"provisioningState":"Succeeded"}},{"id":"/subscriptions/00000000-0000-0000-0000-000000000000/resourceGroups/cli_test_sb_migrationleyby6gzdh3zm4q2ka7uit5b6arz2lvetmatjts7gdrchi4xcxntzv","name":"cli_test_sb_migrationleyby6gzdh3zm4q2ka7uit5b6arz2lvetmatjts7gdrchi4xcxntzv","type":"Microsoft.Resources/resourceGroups","location":"westus","tags":{"product":"azurecli","cause":"automation","date":"2021-04-22T08:30:30Z"},"properties":{"provisioningState":"Succeeded"}},{"id":"/subscriptions/00000000-0000-0000-0000-000000000000/resourceGroups/cli_test_sb_migration2xmrp3uvl4sc76qxcnctxokr62wscnq6pyuejcfjxcz3adehdm7cyl","name":"cli_test_sb_migration2xmrp3uvl4sc76qxcnctxokr62wscnq6pyuejcfjxcz3adehdm7cyl","type":"Microsoft.Resources/resourceGroups","location":"westus","tags":{"product":"azurecli","cause":"automation","date":"2021-04-22T08:36:26Z"},"properties":{"provisioningState":"Succeeded"}},{"id":"/subscriptions/00000000-0000-0000-0000-000000000000/resourceGroups/cli_test_sb_migrationno72fowicwoudtjy5v6iq7kyimofqiszv7xamytj2y6nxep3mnfjqv","name":"cli_test_sb_migrationno72fowicwoudtjy5v6iq7kyimofqiszv7xamytj2y6nxep3mnfjqv","type":"Microsoft.Resources/resourceGroups","location":"westus","tags":{"product":"azurecli","cause":"automation","date":"2021-04-22T08:52:56Z"},"properties":{"provisioningState":"Succeeded"}},{"id":"/subscriptions/00000000-0000-0000-0000-000000000000/resourceGroups/cli_test_sb_migrationwfq2dlxqtdkeeq7guwnlqafu7xacznbimsxt37rfq4hpezxiz4mcu3","name":"cli_test_sb_migrationwfq2dlxqtdkeeq7guwnlqafu7xacznbimsxt37rfq4hpezxiz4mcu3","type":"Microsoft.Resources/resourceGroups","location":"westus","tags":{"product":"azurecli","cause":"automation","date":"2021-04-22T09:12:15Z"},"properties":{"provisioningState":"Succeeded"}},{"id":"/subscriptions/00000000-0000-0000-0000-000000000000/resourceGroups/cli_test_sb_migrationn32osy3rxvmmrfttnk73oamjx5jgp7uudwimbybcmttfs7t7izhfp2","name":"cli_test_sb_migrationn32osy3rxvmmrfttnk73oamjx5jgp7uudwimbybcmttfs7t7izhfp2","type":"Microsoft.Resources/resourceGroups","location":"westus","tags":{"product":"azurecli","cause":"automation","date":"2021-04-22T09:29:08Z"},"properties":{"provisioningState":"Succeeded"}},{"id":"/subscriptions/00000000-0000-0000-0000-000000000000/resourceGroups/cli_test_sb_migrationyjsgm4bm25fajschm357ew7p3ahkvr7gsjbcve5cgkmqxu36akvtdg","name":"cli_test_sb_migrationyjsgm4bm25fajschm357ew7p3ahkvr7gsjbcve5cgkmqxu36akvtdg","type":"Microsoft.Resources/resourceGroups","location":"westus","tags":{"product":"azurecli","cause":"automation","date":"2021-04-22T09:44:31Z"},"properties":{"provisioningState":"Succeeded"}},{"id":"/subscriptions/00000000-0000-0000-0000-000000000000/resourceGroups/cli_test_sb_migrationu5wk5kdgfbut4oy2pt4o5quz3mizh7dwpxhkhcvj4azawwakqzrx6g","name":"cli_test_sb_migrationu5wk5kdgfbut4oy2pt4o5quz3mizh7dwpxhkhcvj4azawwakqzrx6g","type":"Microsoft.Resources/resourceGroups","location":"westus","tags":{"product":"azurecli","cause":"automation","date":"2021-04-23T02:43:53Z"},"properties":{"provisioningState":"Succeeded"}},{"id":"/subscriptions/00000000-0000-0000-0000-000000000000/resourceGroups/cli_test_sb_migrationhrqvm26bkrko5u7f6lzyh5zyasa4y3rklhyaitxspfwmdhzibncvee","name":"cli_test_sb_migrationhrqvm26bkrko5u7f6lzyh5zyasa4y3rklhyaitxspfwmdhzibncvee","type":"Microsoft.Resources/resourceGroups","location":"westus","tags":{"product":"azurecli","cause":"automation","date":"2021-04-23T03:08:14Z"},"properties":{"provisioningState":"Succeeded"}},{"id":"/subscriptions/00000000-0000-0000-0000-000000000000/resourceGroups/cli_test_cross_region_lb_address_pool_addresses4lcczcvtof3wotnlysqs4zmnu5qk","name":"cli_test_cross_region_lb_address_pool_addresses4lcczcvtof3wotnlysqs4zmnu5qk","type":"Microsoft.Resources/resourceGroups","location":"westus","tags":{"product":"azurecli","cause":"automation","date":"2021-04-23T06:28:44Z"},"properties":{"provisioningState":"Succeeded"}},{"id":"/subscriptions/00000000-0000-0000-0000-000000000000/resourceGroups/cli_test_sb_migrationowarydnk44jp3buqm3a3fzyzmtkhngwms4o2czrm4aokc7e5q3wwni","name":"cli_test_sb_migrationowarydnk44jp3buqm3a3fzyzmtkhngwms4o2czrm4aokc7e5q3wwni","type":"Microsoft.Resources/resourceGroups","location":"westus","tags":{"product":"azurecli","cause":"automation","date":"2021-04-23T08:46:25Z"},"properties":{"provisioningState":"Succeeded"}},{"id":"/subscriptions/00000000-0000-0000-0000-000000000000/resourceGroups/er-direct-rg-test02","name":"er-direct-rg-test02","type":"Microsoft.Resources/resourceGroups","location":"westus","properties":{"provisioningState":"Succeeded"}},{"id":"/subscriptions/00000000-0000-0000-0000-000000000000/resourceGroups/er-circuit-rg-test02","name":"er-circuit-rg-test02","type":"Microsoft.Resources/resourceGroups","location":"westus","properties":{"provisioningState":"Succeeded"}},{"id":"/subscriptions/00000000-0000-0000-0000-000000000000/resourceGroups/cli_test_sb_migrationgrync2dohr3zf7ickhsst5ycacksmqkjd5ps27ufrl2h7wwnykj73y","name":"cli_test_sb_migrationgrync2dohr3zf7ickhsst5ycacksmqkjd5ps27ufrl2h7wwnykj73y","type":"Microsoft.Resources/resourceGroups","location":"westus","tags":{"product":"azurecli","cause":"automation","date":"2021-04-25T01:40:45Z"},"properties":{"provisioningState":"Succeeded"}},{"id":"/subscriptions/00000000-0000-0000-0000-000000000000/resourceGroups/cli_test_sb_migrationftywp7zzfmdxzxruypg66ini2tkftn4l4lxvyjcvsqsp4kpdq4p46f","name":"cli_test_sb_migrationftywp7zzfmdxzxruypg66ini2tkftn4l4lxvyjcvsqsp4kpdq4p46f","type":"Microsoft.Resources/resourceGroups","location":"westus","tags":{"product":"azurecli","cause":"automation","date":"2021-04-25T01:58:27Z"},"properties":{"provisioningState":"Succeeded"}},{"id":"/subscriptions/00000000-0000-0000-0000-000000000000/resourceGroups/backuptest","name":"backuptest","type":"Microsoft.Resources/resourceGroups","location":"westus","properties":{"provisioningState":"Succeeded"}},{"id":"/subscriptions/00000000-0000-0000-0000-000000000000/resourceGroups/cli_test_cross_region_lb_address_pool_addressesddaq5tknjaaojwqby5slf5z2lvrx","name":"cli_test_cross_region_lb_address_pool_addressesddaq5tknjaaojwqby5slf5z2lvrx","type":"Microsoft.Resources/resourceGroups","location":"westus","tags":{"product":"azurecli","cause":"automation","date":"2021-04-26T13:00:01Z"},"properties":{"provisioningState":"Succeeded"}},{"id":"/subscriptions/00000000-0000-0000-0000-000000000000/resourceGroups/bksql","name":"bksql","type":"Microsoft.Resources/resourceGroups","location":"westus","properties":{"provisioningState":"Succeeded"}},{"id":"/subscriptions/00000000-0000-0000-0000-000000000000/resourceGroups/sftest","name":"sftest","type":"Microsoft.Resources/resourceGroups","location":"westus","properties":{"provisioningState":"Succeeded"}},{"id":"/subscriptions/00000000-0000-0000-0000-000000000000/resourceGroups/rgpy-q64kk7ofsuujsz6cdejirjoujm6getuukdno5qi73a2pxu2ulebvh3kofino27ioeinsmo4otpg","name":"rgpy-q64kk7ofsuujsz6cdejirjoujm6getuukdno5qi73a2pxu2ulebvh3kofino27ioeinsmo4otpg","type":"Microsoft.Resources/resourceGroups","location":"westus","tags":{"DeleteAfter":"2021-05-19T10:36:06","BuildId":"902018","BuildJob":"Live
        Test Python 3.8","BuildNumber":"20210518.1","BuildReason":"Manual"},"properties":{"provisioningState":"Succeeded"}},{"id":"/subscriptions/00000000-0000-0000-0000-000000000000/resourceGroups/rgpy-aweepirl2bapnlhiiii3vin3hblihh2e5omej2yzlkkgpt5zsaj2tlklzruwgcroqhwvrjnbuyq","name":"rgpy-aweepirl2bapnlhiiii3vin3hblihh2e5omej2yzlkkgpt5zsaj2tlklzruwgcroqhwvrjnbuyq","type":"Microsoft.Resources/resourceGroups","location":"westus","tags":{"DeleteAfter":"2021-05-19T10:42:31","BuildId":"902018","BuildJob":"Live
        Test Python 3.8","BuildNumber":"20210518.1","BuildReason":"Manual"},"properties":{"provisioningState":"Succeeded"}},{"id":"/subscriptions/00000000-0000-0000-0000-000000000000/resourceGroups/rgpy-3owuk62yohxfgfgt6vwnmhaardcla4vy622h5l4c3elw6zrzmw2xd65i3jqesazk4kfdc2qt3ps","name":"rgpy-3owuk62yohxfgfgt6vwnmhaardcla4vy622h5l4c3elw6zrzmw2xd65i3jqesazk4kfdc2qt3ps","type":"Microsoft.Resources/resourceGroups","location":"westus","tags":{"DeleteAfter":"2021-05-19T10:44:05","BuildId":"902018","BuildJob":"Live
        Test Python 3.8","BuildNumber":"20210518.1","BuildReason":"Manual"},"properties":{"provisioningState":"Succeeded"}},{"id":"/subscriptions/00000000-0000-0000-0000-000000000000/resourceGroups/rgpy-axfeswrcnbvkr2vhz6jp6whhs2b5b2cky4oxxv4znpdcn2giapybp5wrnpx44g7imkwplwknutv","name":"rgpy-axfeswrcnbvkr2vhz6jp6whhs2b5b2cky4oxxv4znpdcn2giapybp5wrnpx44g7imkwplwknutv","type":"Microsoft.Resources/resourceGroups","location":"westus","tags":{"DeleteAfter":"2021-05-19T10:44:21","BuildId":"902018","BuildJob":"Live
        Test Python 3.8","BuildNumber":"20210518.1","BuildReason":"Manual"},"properties":{"provisioningState":"Succeeded"}},{"id":"/subscriptions/00000000-0000-0000-0000-000000000000/resourceGroups/rgpy-37umw6qxghcehgy2fr2agj7vfaok3mgoikbgowktdtyopinrrxubqhoauwk7pedethtcisumaod","name":"rgpy-37umw6qxghcehgy2fr2agj7vfaok3mgoikbgowktdtyopinrrxubqhoauwk7pedethtcisumaod","type":"Microsoft.Resources/resourceGroups","location":"westus","tags":{"DeleteAfter":"2021-05-19T10:44:23","BuildId":"902018","BuildJob":"Live
        Test Python 3.8","BuildNumber":"20210518.1","BuildReason":"Manual"},"properties":{"provisioningState":"Succeeded"}},{"id":"/subscriptions/00000000-0000-0000-0000-000000000000/resourceGroups/rgpy-b5kr5223xxooiwrgrlag6nwoskyttqbfi2jc4qi5dbjbc64co6rjj7jxjcyftmo4wjjen2r73hv","name":"rgpy-b5kr5223xxooiwrgrlag6nwoskyttqbfi2jc4qi5dbjbc64co6rjj7jxjcyftmo4wjjen2r73hv","type":"Microsoft.Resources/resourceGroups","location":"westus","tags":{"DeleteAfter":"2021-05-19T10:44:31","BuildId":"902018","BuildJob":"Live
        Test Python 3.8","BuildNumber":"20210518.1","BuildReason":"Manual"},"properties":{"provisioningState":"Succeeded"}},{"id":"/subscriptions/00000000-0000-0000-0000-000000000000/resourceGroups/cli_test_vmss_orchestration_mode_fpgxytmu7rkfe3xfowwyiohbo45udmzna3577fgegf","name":"cli_test_vmss_orchestration_mode_fpgxytmu7rkfe3xfowwyiohbo45udmzna3577fgegf","type":"Microsoft.Resources/resourceGroups","location":"westus","tags":{"product":"azurecli","cause":"automation","date":"2021-05-19T02:55:31Z"},"properties":{"provisioningState":"Succeeded"}},{"id":"/subscriptions/00000000-0000-0000-0000-000000000000/resourceGroups/cli_test_vmss_orchestration_mode_serj265jduwuq3ycwloznrglgrvubjx47dvilp6ppx","name":"cli_test_vmss_orchestration_mode_serj265jduwuq3ycwloznrglgrvubjx47dvilp6ppx","type":"Microsoft.Resources/resourceGroups","location":"westus","tags":{"product":"azurecli","cause":"automation","date":"2021-05-19T03:02:11Z"},"properties":{"provisioningState":"Succeeded"}},{"id":"/subscriptions/00000000-0000-0000-0000-000000000000/resourceGroups/cli_test_vmss_orchestration_mode_swm4st733k2tasph5womwwyvuylrsuudwq6vtryiqq","name":"cli_test_vmss_orchestration_mode_swm4st733k2tasph5womwwyvuylrsuudwq6vtryiqq","type":"Microsoft.Resources/resourceGroups","location":"westus","tags":{"product":"azurecli","cause":"automation","date":"2021-05-19T03:06:30Z"},"properties":{"provisioningState":"Succeeded"}},{"id":"/subscriptions/00000000-0000-0000-0000-000000000000/resourceGroups/kairu","name":"kairu","type":"Microsoft.Resources/resourceGroups","location":"westus","tags":{},"properties":{"provisioningState":"Succeeded"}},{"id":"/subscriptions/00000000-0000-0000-0000-000000000000/resourceGroups/test_mgmt_resource_test_resource_groups457f1050","name":"test_mgmt_resource_test_resource_groups457f1050","type":"Microsoft.Resources/resourceGroups","location":"westus","tags":{"tag1":"value1"},"properties":{"provisioningState":"Succeeded"}},{"id":"/subscriptions/00000000-0000-0000-0000-000000000000/resourceGroups/acctestRG-ibt-24","name":"acctestRG-ibt-24","type":"Microsoft.Resources/resourceGroups","location":"westus2","tags":{},"properties":{"provisioningState":"Succeeded"}},{"id":"/subscriptions/00000000-0000-0000-0000-000000000000/resourceGroups/IT_acctestRG-ibt-24_acctest-IBT-0710-2_4ebedb5a-e3b1-4675-aa4c-3c160fe70907","name":"IT_acctestRG-ibt-24_acctest-IBT-0710-2_4ebedb5a-e3b1-4675-aa4c-3c160fe70907","type":"Microsoft.Resources/resourceGroups","location":"westus2","managedBy":"/subscriptions/00000000-0000-0000-0000-000000000000/resourcegroups/acctestRG-ibt-24/providers/Microsoft.VirtualMachineImages/imageTemplates/acctest-IBT-0710-2","tags":{"createdBy":"AzureVMImageBuilder","imageTemplateName":"acctest-IBT-0710-2","imageTemplateResourceGroupName":"acctestRG-ibt-24"},"properties":{"provisioningState":"Succeeded"}},{"id":"/subscriptions/00000000-0000-0000-0000-000000000000/resourceGroups/cli_test_virtual_router7i5huw42zwou3aczqdcerbcubvy4a2yyto6kyqtakyhxgzwszdtv","name":"cli_test_virtual_router7i5huw42zwou3aczqdcerbcubvy4a2yyto6kyqtakyhxgzwszdtv","type":"Microsoft.Resources/resourceGroups","location":"westcentralus","tags":{"product":"azurecli","cause":"automation","date":"2020-09-15T11:43:24Z"},"properties":{"provisioningState":"Succeeded"}},{"id":"/subscriptions/00000000-0000-0000-0000-000000000000/resourceGroups/cli_test_virtual_routeroh7t5sncdhzf5tz2pybikadld3aii24mjytfxnhefltdqd4w6djy","name":"cli_test_virtual_routeroh7t5sncdhzf5tz2pybikadld3aii24mjytfxnhefltdqd4w6djy","type":"Microsoft.Resources/resourceGroups","location":"westcentralus","tags":{"product":"azurecli","cause":"automation","date":"2020-09-15T12:02:24Z"},"properties":{"provisioningState":"Succeeded"}},{"id":"/subscriptions/00000000-0000-0000-0000-000000000000/resourceGroups/cli_test_virtual_routerkavia6zlpypv4eb4df4yt6fqkczgl6f3oh6ceynvxvde4omwl7jk","name":"cli_test_virtual_routerkavia6zlpypv4eb4df4yt6fqkczgl6f3oh6ceynvxvde4omwl7jk","type":"Microsoft.Resources/resourceGroups","location":"westcentralus","tags":{"product":"azurecli","cause":"automation","date":"2020-09-15T12:21:41Z"},"properties":{"provisioningState":"Succeeded"}},{"id":"/subscriptions/00000000-0000-0000-0000-000000000000/resourceGroups/jiasli-cli-dev","name":"jiasli-cli-dev","type":"Microsoft.Resources/resourceGroups","location":"westus2","tags":{},"properties":{"provisioningState":"Succeeded"}},{"id":"/subscriptions/00000000-0000-0000-0000-000000000000/resourceGroups/clitest.rgktqdge5ejbfsqxmn5ndvxksssyoaiim54yoqytc6zbl6pvkwbo345srev7wzwlosl","name":"clitest.rgktqdge5ejbfsqxmn5ndvxksssyoaiim54yoqytc6zbl6pvkwbo345srev7wzwlosl","type":"Microsoft.Resources/resourceGroups","location":"southeastasia","tags":{"product":"azurecli","cause":"automation","date":"2020-09-21T10:26:08Z"},"properties":{"provisioningState":"Succeeded"}},{"id":"/subscriptions/00000000-0000-0000-0000-000000000000/resourceGroups/clitest.rgqbb7oohiug623ibi4qy72xadbg37nvevzblxaea7ez3mait4fp4lfbgv5e5mlrs2z","name":"clitest.rgqbb7oohiug623ibi4qy72xadbg37nvevzblxaea7ez3mait4fp4lfbgv5e5mlrs2z","type":"Microsoft.Resources/resourceGroups","location":"southeastasia","tags":{"product":"azurecli","cause":"automation","date":"2020-10-23T16:31:42Z","StorageType":"Standard_LRS","type":"test"},"properties":{"provisioningState":"Succeeded"}},{"id":"/subscriptions/00000000-0000-0000-0000-000000000000/resourceGroups/clitest.rgztlr5u55tyzz2zje2tgl6tahkxxyrunwxdg7vkdludpwn5x3fd3z2ytjyc5lwc4vb","name":"clitest.rgztlr5u55tyzz2zje2tgl6tahkxxyrunwxdg7vkdludpwn5x3fd3z2ytjyc5lwc4vb","type":"Microsoft.Resources/resourceGroups","location":"southeastasia","tags":{"product":"azurecli","cause":"automation","date":"2020-10-23T16:31:42Z","StorageType":"Standard_LRS","type":"test"},"properties":{"provisioningState":"Succeeded"}},{"id":"/subscriptions/00000000-0000-0000-0000-000000000000/resourceGroups/clitest.rgbr2a2442ouo2khk6uuxheavwfrrdoftt5r4pgj2zgak67hqaxb6lihg4eyx26omka","name":"clitest.rgbr2a2442ouo2khk6uuxheavwfrrdoftt5r4pgj2zgak67hqaxb6lihg4eyx26omka","type":"Microsoft.Resources/resourceGroups","location":"southeastasia","tags":{"product":"azurecli","cause":"automation","date":"2020-10-29T20:08:36Z","StorageType":"Standard_LRS","type":"test"},"properties":{"provisioningState":"Succeeded"}},{"id":"/subscriptions/00000000-0000-0000-0000-000000000000/resourceGroups/clitest.rgjxtwf5stm5umtm5rckttyaegg5io6pununyfagprqp7lnju2gqge6tswaankwnhni","name":"clitest.rgjxtwf5stm5umtm5rckttyaegg5io6pununyfagprqp7lnju2gqge6tswaankwnhni","type":"Microsoft.Resources/resourceGroups","location":"southeastasia","tags":{"product":"azurecli","cause":"automation","date":"2020-10-29T20:08:36Z","StorageType":"Standard_LRS","type":"test"},"properties":{"provisioningState":"Succeeded"}},{"id":"/subscriptions/00000000-0000-0000-0000-000000000000/resourceGroups/clitest.rgad2rkdrk2yhzaptjchzxi4urhl6nptuogvmop47bsemxfupskti624nfybc3s3ihq","name":"clitest.rgad2rkdrk2yhzaptjchzxi4urhl6nptuogvmop47bsemxfupskti624nfybc3s3ihq","type":"Microsoft.Resources/resourceGroups","location":"southeastasia","tags":{"product":"azurecli","cause":"automation","date":"2020-10-29T20:08:36Z","StorageType":"Standard_LRS","type":"test"},"properties":{"provisioningState":"Succeeded"}},{"id":"/subscriptions/00000000-0000-0000-0000-000000000000/resourceGroups/clitest.rgemk3m6yms6gmurrkkob3gdz25k4suv6fh6jh4yklmr2ujlzz42sj5y6ialqhuwywf","name":"clitest.rgemk3m6yms6gmurrkkob3gdz25k4suv6fh6jh4yklmr2ujlzz42sj5y6ialqhuwywf","type":"Microsoft.Resources/resourceGroups","location":"southeastasia","tags":{"product":"azurecli","cause":"automation","date":"2020-11-20T08:56:14Z"},"properties":{"provisioningState":"Succeeded"}},{"id":"/subscriptions/00000000-0000-0000-0000-000000000000/resourceGroups/clitest.rgtgjef77rrkyciukhkwgo7vw7fdvvzeb7jcos2hiv3avuwqvxdzr5itcmt7fiskvgf","name":"clitest.rgtgjef77rrkyciukhkwgo7vw7fdvvzeb7jcos2hiv3avuwqvxdzr5itcmt7fiskvgf","type":"Microsoft.Resources/resourceGroups","location":"southeastasia","tags":{"product":"azurecli","cause":"automation","date":"2020-11-20T08:56:14Z"},"properties":{"provisioningState":"Succeeded"}},{"id":"/subscriptions/00000000-0000-0000-0000-000000000000/resourceGroups/clitest.rg6q2l3p72qqjpfunzm7jjooz6jhbttu5hsrvd3ntvnpziwpzeefe34prc77w3drrzp","name":"clitest.rg6q2l3p72qqjpfunzm7jjooz6jhbttu5hsrvd3ntvnpziwpzeefe34prc77w3drrzp","type":"Microsoft.Resources/resourceGroups","location":"southeastasia","tags":{"product":"azurecli","cause":"automation","date":"2020-11-20T08:56:14Z"},"properties":{"provisioningState":"Succeeded"}},{"id":"/subscriptions/00000000-0000-0000-0000-000000000000/resourceGroups/clitest.rghburwdz4jh4buzg5cpx3d6eryni73eognu2wq4ksembp4e4auxkiu6bbtvygcyult","name":"clitest.rghburwdz4jh4buzg5cpx3d6eryni73eognu2wq4ksembp4e4auxkiu6bbtvygcyult","type":"Microsoft.Resources/resourceGroups","location":"southeastasia","tags":{"product":"azurecli","cause":"automation","date":"2020-11-20T08:56:14Z"},"properties":{"provisioningState":"Succeeded"}},{"id":"/subscriptions/00000000-0000-0000-0000-000000000000/resourceGroups/clitest.rggihmrio7mkr75oe7hhgfzlif36x2foqoaayd64obnotugzqiqrszmyluzk52spfyl","name":"clitest.rggihmrio7mkr75oe7hhgfzlif36x2foqoaayd64obnotugzqiqrszmyluzk52spfyl","type":"Microsoft.Resources/resourceGroups","location":"southeastasia","tags":{"product":"azurecli","cause":"automation","date":"2020-11-20T08:56:14Z"},"properties":{"provisioningState":"Succeeded"}},{"id":"/subscriptions/00000000-0000-0000-0000-000000000000/resourceGroups/clitest.rgy2vkoxuqrkflvumtf2cs42vd4huiiv4pk4o4xmhpyce6ug23j46daynwtwkjn2gs5","name":"clitest.rgy2vkoxuqrkflvumtf2cs42vd4huiiv4pk4o4xmhpyce6ug23j46daynwtwkjn2gs5","type":"Microsoft.Resources/resourceGroups","location":"southeastasia","tags":{"product":"azurecli","cause":"automation","date":"2020-12-18T04:37:54Z"},"properties":{"provisioningState":"Succeeded"}},{"id":"/subscriptions/00000000-0000-0000-0000-000000000000/resourceGroups/clitest.rg4ikwnaqyhmwijajn5xtsc4vjvtztotdvlgqbzlf6a63v6hrlpqdxwqccsjda4o25n","name":"clitest.rg4ikwnaqyhmwijajn5xtsc4vjvtztotdvlgqbzlf6a63v6hrlpqdxwqccsjda4o25n","type":"Microsoft.Resources/resourceGroups","location":"southeastasia","tags":{"product":"azurecli","cause":"automation","date":"2020-12-18T04:37:54Z"},"properties":{"provisioningState":"Succeeded"}},{"id":"/subscriptions/00000000-0000-0000-0000-000000000000/resourceGroups/clitest.rg6zauw27sl6ezzkzhluow5ftph4pjex2cgd5mzzjfv4rviudkm6rw5ey3mh2qkasfn","name":"clitest.rg6zauw27sl6ezzkzhluow5ftph4pjex2cgd5mzzjfv4rviudkm6rw5ey3mh2qkasfn","type":"Microsoft.Resources/resourceGroups","location":"southeastasia","tags":{"product":"azurecli","cause":"automation","date":"2020-12-18T04:37:54Z"},"properties":{"provisioningState":"Succeeded"}},{"id":"/subscriptions/00000000-0000-0000-0000-000000000000/resourceGroups/clitest.rgm2qn6vwwfmea2fe3z3lhmsc37z4eaffax36w5sdka7hf4om6gm4iokxd6hstcl5ph","name":"clitest.rgm2qn6vwwfmea2fe3z3lhmsc37z4eaffax36w5sdka7hf4om6gm4iokxd6hstcl5ph","type":"Microsoft.Resources/resourceGroups","location":"southeastasia","tags":{"product":"azurecli","cause":"automation","date":"2020-12-18T04:37:54Z"},"properties":{"provisioningState":"Succeeded"}},{"id":"/subscriptions/00000000-0000-0000-0000-000000000000/resourceGroups/clitest.rgr2vni5wieelvnlmaav6bphoqa77svqbi6wqxtly6mmvrga2zdpq7swbxhtwdbmhq4","name":"clitest.rgr2vni5wieelvnlmaav6bphoqa77svqbi6wqxtly6mmvrga2zdpq7swbxhtwdbmhq4","type":"Microsoft.Resources/resourceGroups","location":"southeastasia","tags":{"product":"azurecli","cause":"automation","date":"2021-02-24T03:44:33Z"},"properties":{"provisioningState":"Succeeded"}},{"id":"/subscriptions/00000000-0000-0000-0000-000000000000/resourceGroups/clitest.rgnqth46sft7puyvrtnti6gghtzqhbajv3awlqrw63pthciz4gwbsbdlvf752nd2gau","name":"clitest.rgnqth46sft7puyvrtnti6gghtzqhbajv3awlqrw63pthciz4gwbsbdlvf752nd2gau","type":"Microsoft.Resources/resourceGroups","location":"southeastasia","tags":{"product":"azurecli","cause":"automation","date":"2021-02-24T03:44:34Z"},"properties":{"provisioningState":"Succeeded"}},{"id":"/subscriptions/00000000-0000-0000-0000-000000000000/resourceGroups/clitest.rgtiatra4fev6wyhaqqebw4g4i64hoi5ncmv5rg77ff3cqs7c7jm37mbixepek2oef3","name":"clitest.rgtiatra4fev6wyhaqqebw4g4i64hoi5ncmv5rg77ff3cqs7c7jm37mbixepek2oef3","type":"Microsoft.Resources/resourceGroups","location":"southeastasia","tags":{"product":"azurecli","cause":"automation","date":"2021-02-24T03:44:34Z"},"properties":{"provisioningState":"Succeeded"}},{"id":"/subscriptions/00000000-0000-0000-0000-000000000000/resourceGroups/clitest.rgrdbh7rzwz26bty5bjw6z3gclagbkvlbvk4hd6nto3s34uumdhdrhpba3cyx3yidu6","name":"clitest.rgrdbh7rzwz26bty5bjw6z3gclagbkvlbvk4hd6nto3s34uumdhdrhpba3cyx3yidu6","type":"Microsoft.Resources/resourceGroups","location":"southeastasia","tags":{"product":"azurecli","cause":"automation","date":"2021-02-24T03:44:34Z"},"properties":{"provisioningState":"Succeeded"}},{"id":"/subscriptions/00000000-0000-0000-0000-000000000000/resourceGroups/clitest.rg2gou4phnc7exgeyb7hljfdqyk5st2mvcr6ve65j2j2zgqrbndhlnlw4udb6gn4epb","name":"clitest.rg2gou4phnc7exgeyb7hljfdqyk5st2mvcr6ve65j2j2zgqrbndhlnlw4udb6gn4epb","type":"Microsoft.Resources/resourceGroups","location":"southeastasia","tags":{"product":"azurecli","cause":"automation","date":"2021-02-25T03:23:28Z"},"properties":{"provisioningState":"Succeeded"}},{"id":"/subscriptions/00000000-0000-0000-0000-000000000000/resourceGroups/cloud-shell-storage-southeastasia","name":"cloud-shell-storage-southeastasia","type":"Microsoft.Resources/resourceGroups","location":"southeastasia","properties":{"provisioningState":"Succeeded"}},{"id":"/subscriptions/00000000-0000-0000-0000-000000000000/resourceGroups/jl-vm-ssh","name":"jl-vm-ssh","type":"Microsoft.Resources/resourceGroups","location":"southeastasia","tags":{},"properties":{"provisioningState":"Succeeded"}},{"id":"/subscriptions/00000000-0000-0000-0000-000000000000/resourceGroups/clitest.rg5ogmurwwbgvnz3edpldghiz222ztjpoh2i2g7vr3xmf5wf2sgvfxqjgzcmttonyuf","name":"clitest.rg5ogmurwwbgvnz3edpldghiz222ztjpoh2i2g7vr3xmf5wf2sgvfxqjgzcmttonyuf","type":"Microsoft.Resources/resourceGroups","location":"southeastasia","tags":{"product":"azurecli","cause":"automation","date":"2021-04-16T02:27:24Z"},"properties":{"provisioningState":"Succeeded"}},{"id":"/subscriptions/00000000-0000-0000-0000-000000000000/resourceGroups/clitest.rgcyuchmxb3nqblzc2dsmhfgvhb3au4fkftkzyhwozfnmyjnznan5iuxvg5busyq7xr","name":"clitest.rgcyuchmxb3nqblzc2dsmhfgvhb3au4fkftkzyhwozfnmyjnznan5iuxvg5busyq7xr","type":"Microsoft.Resources/resourceGroups","location":"southeastasia","tags":{"product":"azurecli","cause":"automation","date":"2021-04-16T02:27:24Z"},"properties":{"provisioningState":"Succeeded"}},{"id":"/subscriptions/00000000-0000-0000-0000-000000000000/resourceGroups/clitest.rg3ifgvca3bgt7crirwefjsorgjodjshgb4pb62jdizudofnzczkmgwvvf4e47jq6rv","name":"clitest.rg3ifgvca3bgt7crirwefjsorgjodjshgb4pb62jdizudofnzczkmgwvvf4e47jq6rv","type":"Microsoft.Resources/resourceGroups","location":"southeastasia","tags":{"product":"azurecli","cause":"automation","date":"2021-04-16T02:27:24Z"},"properties":{"provisioningState":"Succeeded"}},{"id":"/subscriptions/00000000-0000-0000-0000-000000000000/resourceGroups/clitest.rgh7lopm6fzohq7mlulpvlpqhttihe36cfdsmpja6yjuss6ygtgruojqpkvl3bwxybc","name":"clitest.rgh7lopm6fzohq7mlulpvlpqhttihe36cfdsmpja6yjuss6ygtgruojqpkvl3bwxybc","type":"Microsoft.Resources/resourceGroups","location":"southeastasia","tags":{"product":"azurecli","cause":"automation","date":"2021-04-16T02:27:24Z"},"properties":{"provisioningState":"Succeeded"}},{"id":"/subscriptions/00000000-0000-0000-0000-000000000000/resourceGroups/clitest.rg4y6idhtnlevqyctkcqfeogqplw4ntzoerpjsvbxifr4m7dlelxv4isc2x2wbeaozb","name":"clitest.rg4y6idhtnlevqyctkcqfeogqplw4ntzoerpjsvbxifr4m7dlelxv4isc2x2wbeaozb","type":"Microsoft.Resources/resourceGroups","location":"southeastasia","tags":{"product":"azurecli","cause":"automation","date":"2021-04-16T02:27:24Z"},"properties":{"provisioningState":"Succeeded"}},{"id":"/subscriptions/00000000-0000-0000-0000-000000000000/resourceGroups/clitest.rgh4ph4zy2imewaisnszkiwxynzkxdnjctkzt3wpjqljnhdfvwdvi4epjcn4xptkjc4","name":"clitest.rgh4ph4zy2imewaisnszkiwxynzkxdnjctkzt3wpjqljnhdfvwdvi4epjcn4xptkjc4","type":"Microsoft.Resources/resourceGroups","location":"southeastasia","tags":{"product":"azurecli","cause":"automation","date":"2021-04-16T06:50:41Z"},"properties":{"provisioningState":"Succeeded"}},{"id":"/subscriptions/00000000-0000-0000-0000-000000000000/resourceGroups/clitest.rguwz3fl6ckl3ubtynwzsmm5w62w6e7c6dqsscad6nw4mgvehtnl7jsx3utkvoliwgc","name":"clitest.rguwz3fl6ckl3ubtynwzsmm5w62w6e7c6dqsscad6nw4mgvehtnl7jsx3utkvoliwgc","type":"Microsoft.Resources/resourceGroups","location":"southeastasia","tags":{"product":"azurecli","cause":"automation","date":"2021-04-16T06:50:41Z"},"properties":{"provisioningState":"Succeeded"}},{"id":"/subscriptions/00000000-0000-0000-0000-000000000000/resourceGroups/clitest.rgrr7e5yu4cto6fkllatxyyydgiwjjwfcm4l6cpgkgd4des3xmwtjr4lcucgztueqbv","name":"clitest.rgrr7e5yu4cto6fkllatxyyydgiwjjwfcm4l6cpgkgd4des3xmwtjr4lcucgztueqbv","type":"Microsoft.Resources/resourceGroups","location":"southeastasia","tags":{"product":"azurecli","cause":"automation","date":"2021-04-16T06:50:41Z"},"properties":{"provisioningState":"Succeeded"}},{"id":"/subscriptions/00000000-0000-0000-0000-000000000000/resourceGroups/clitest.rgtsw2ukakywa3q7wujjy5joyqwqaep4ylpsdrpo6ujad25ax4bnpsxg3tvpdvv7nec","name":"clitest.rgtsw2ukakywa3q7wujjy5joyqwqaep4ylpsdrpo6ujad25ax4bnpsxg3tvpdvv7nec","type":"Microsoft.Resources/resourceGroups","location":"southeastasia","tags":{"product":"azurecli","cause":"automation","date":"2021-04-16T06:50:41Z"},"properties":{"provisioningState":"Succeeded"}},{"id":"/subscriptions/00000000-0000-0000-0000-000000000000/resourceGroups/clitest.rgwc7ts3azg6bdqihggw5qdd5ehoxtv7aeg2nhceusvpkck6k4rdp7iscgxfbzlj7c2","name":"clitest.rgwc7ts3azg6bdqihggw5qdd5ehoxtv7aeg2nhceusvpkck6k4rdp7iscgxfbzlj7c2","type":"Microsoft.Resources/resourceGroups","location":"southeastasia","tags":{"product":"azurecli","cause":"automation","date":"2021-04-16T06:50:41Z"},"properties":{"provisioningState":"Succeeded"}},{"id":"/subscriptions/00000000-0000-0000-0000-000000000000/resourceGroups/clitest.rg36lwpm3ij3tluhlodhrj6qmswaoorpio4oruvlvxnxvbai4slgem5tll7vpbgzag7","name":"clitest.rg36lwpm3ij3tluhlodhrj6qmswaoorpio4oruvlvxnxvbai4slgem5tll7vpbgzag7","type":"Microsoft.Resources/resourceGroups","location":"southeastasia","tags":{"product":"azurecli","cause":"automation","date":"2021-04-16T09:03:42Z"},"properties":{"provisioningState":"Succeeded"}},{"id":"/subscriptions/00000000-0000-0000-0000-000000000000/resourceGroups/clitest.rgvps3sf22mukyrzd7x6w4ajs5dk7vyinvdnffr2vzto7vsewldkaf4ytq3yflabwrc","name":"clitest.rgvps3sf22mukyrzd7x6w4ajs5dk7vyinvdnffr2vzto7vsewldkaf4ytq3yflabwrc","type":"Microsoft.Resources/resourceGroups","location":"southeastasia","tags":{"product":"azurecli","cause":"automation","date":"2021-04-16T09:03:42Z"},"properties":{"provisioningState":"Succeeded"}},{"id":"/subscriptions/00000000-0000-0000-0000-000000000000/resourceGroups/clitest.rgvproscgkhupyyrpzzmwyxdhaqqym7fjyj52ps3anzusy3goveigck7enpd36av6rk","name":"clitest.rgvproscgkhupyyrpzzmwyxdhaqqym7fjyj52ps3anzusy3goveigck7enpd36av6rk","type":"Microsoft.Resources/resourceGroups","location":"southeastasia","tags":{"product":"azurecli","cause":"automation","date":"2021-04-16T09:03:42Z"},"properties":{"provisioningState":"Succeeded"}},{"id":"/subscriptions/00000000-0000-0000-0000-000000000000/resourceGroups/clitest.rghwjqtoopozbfxfq4hdcey3unpgoy5oyhqmjisbqotba25knzuco4c34gz4zvmfl4e","name":"clitest.rghwjqtoopozbfxfq4hdcey3unpgoy5oyhqmjisbqotba25knzuco4c34gz4zvmfl4e","type":"Microsoft.Resources/resourceGroups","location":"southeastasia","tags":{"product":"azurecli","cause":"automation","date":"2021-04-16T09:03:42Z"},"properties":{"provisioningState":"Succeeded"}},{"id":"/subscriptions/00000000-0000-0000-0000-000000000000/resourceGroups/clitest.rgrtzybz26h2d2f54vpdsxetvaqh5xqlwqf7djuurxw2cshgkwrmytaplddsvwo7jql","name":"clitest.rgrtzybz26h2d2f54vpdsxetvaqh5xqlwqf7djuurxw2cshgkwrmytaplddsvwo7jql","type":"Microsoft.Resources/resourceGroups","location":"southeastasia","tags":{"product":"azurecli","cause":"automation","date":"2021-04-16T09:03:42Z"},"properties":{"provisioningState":"Succeeded"}},{"id":"/subscriptions/00000000-0000-0000-0000-000000000000/resourceGroups/clitest.rgvjavixfqwz6cxvpkn6u54ajk3fa6jjz4ruxuohjeynusnabiadcmmropup73v5lqw","name":"clitest.rgvjavixfqwz6cxvpkn6u54ajk3fa6jjz4ruxuohjeynusnabiadcmmropup73v5lqw","type":"Microsoft.Resources/resourceGroups","location":"southeastasia","tags":{"product":"azurecli","cause":"automation","date":"2021-04-19T02:46:54Z"},"properties":{"provisioningState":"Succeeded"}},{"id":"/subscriptions/00000000-0000-0000-0000-000000000000/resourceGroups/clitest.rgm36dc7buafab42cit7nllsktfxbc5wwfmmg3njvh6swz4vde6qxnpobg5qnudba7v","name":"clitest.rgm36dc7buafab42cit7nllsktfxbc5wwfmmg3njvh6swz4vde6qxnpobg5qnudba7v","type":"Microsoft.Resources/resourceGroups","location":"southeastasia","tags":{"product":"azurecli","cause":"automation","date":"2021-04-19T02:46:54Z"},"properties":{"provisioningState":"Succeeded"}},{"id":"/subscriptions/00000000-0000-0000-0000-000000000000/resourceGroups/clitest.rgjsmtn6spfh6tuz4jymouqr33xueb3lkbbv7bvfooroy5io7cd6oe3zayn56stpjyn","name":"clitest.rgjsmtn6spfh6tuz4jymouqr33xueb3lkbbv7bvfooroy5io7cd6oe3zayn56stpjyn","type":"Microsoft.Resources/resourceGroups","location":"southeastasia","tags":{"product":"azurecli","cause":"automation","date":"2021-04-19T02:46:54Z"},"properties":{"provisioningState":"Succeeded"}},{"id":"/subscriptions/00000000-0000-0000-0000-000000000000/resourceGroups/clitest.rgztyt5ogttz2mmnfaxyqccdipxxliejfhinf2ffgljnlhywaxxmzzis5hygy3y5yp4","name":"clitest.rgztyt5ogttz2mmnfaxyqccdipxxliejfhinf2ffgljnlhywaxxmzzis5hygy3y5yp4","type":"Microsoft.Resources/resourceGroups","location":"southeastasia","tags":{"product":"azurecli","cause":"automation","date":"2021-04-19T02:46:54Z"},"properties":{"provisioningState":"Succeeded"}},{"id":"/subscriptions/00000000-0000-0000-0000-000000000000/resourceGroups/clitest.rgvt3xx3e4uwhbuq3pmtkf72fl674usgxlhezwreh6vdf4jbsvnf4pwohlb7hyyj6qy","name":"clitest.rgvt3xx3e4uwhbuq3pmtkf72fl674usgxlhezwreh6vdf4jbsvnf4pwohlb7hyyj6qy","type":"Microsoft.Resources/resourceGroups","location":"southeastasia","tags":{"product":"azurecli","cause":"automation","date":"2021-04-19T02:46:54Z"},"properties":{"provisioningState":"Succeeded"}},{"id":"/subscriptions/00000000-0000-0000-0000-000000000000/resourceGroups/clitest.rgfdhl3n5c2qlsirfedrhdfz7sa7hop6bdcvwuid3jb4eit5kt46q6qnqmvwezfqfhe","name":"clitest.rgfdhl3n5c2qlsirfedrhdfz7sa7hop6bdcvwuid3jb4eit5kt46q6qnqmvwezfqfhe","type":"Microsoft.Resources/resourceGroups","location":"southeastasia","tags":{"product":"azurecli","cause":"automation","date":"2021-04-19T09:32:58Z"},"properties":{"provisioningState":"Succeeded"}},{"id":"/subscriptions/00000000-0000-0000-0000-000000000000/resourceGroups/clitest.rgsinwtlontxfjydkt3bx3ygxmbscqqq7ol3565odmurv6eh57qifoapnkbumg7fknb","name":"clitest.rgsinwtlontxfjydkt3bx3ygxmbscqqq7ol3565odmurv6eh57qifoapnkbumg7fknb","type":"Microsoft.Resources/resourceGroups","location":"southeastasia","tags":{"product":"azurecli","cause":"automation","date":"2021-04-20T02:37:30Z"},"properties":{"provisioningState":"Succeeded"}},{"id":"/subscriptions/00000000-0000-0000-0000-000000000000/resourceGroups/clitest.rgcr3hgftl3jffnz7kz3lznx4orhirnjdvcbimbyu5jzqn34n6fapxuv7eynwqcipx3","name":"clitest.rgcr3hgftl3jffnz7kz3lznx4orhirnjdvcbimbyu5jzqn34n6fapxuv7eynwqcipx3","type":"Microsoft.Resources/resourceGroups","location":"southeastasia","tags":{"product":"azurecli","cause":"automation","date":"2021-04-21T01:34:05Z"},"properties":{"provisioningState":"Succeeded"}},{"id":"/subscriptions/00000000-0000-0000-0000-000000000000/resourceGroups/clitest.rgslvw2f4bxm72wkmw2x2k4rplxzv3nprsrawlcesjxigidpygir6h5trew32o66mfg","name":"clitest.rgslvw2f4bxm72wkmw2x2k4rplxzv3nprsrawlcesjxigidpygir6h5trew32o66mfg","type":"Microsoft.Resources/resourceGroups","location":"southeastasia","tags":{"product":"azurecli","cause":"automation","date":"2021-04-21T02:28:59Z"},"properties":{"provisioningState":"Succeeded"}},{"id":"/subscriptions/00000000-0000-0000-0000-000000000000/resourceGroups/clitest.rgmagtow5jdo466n33l3kldhfoyf3yz5xi63e66hmp43z5mksp3zcmswjruah7gddxp","name":"clitest.rgmagtow5jdo466n33l3kldhfoyf3yz5xi63e66hmp43z5mksp3zcmswjruah7gddxp","type":"Microsoft.Resources/resourceGroups","location":"southeastasia","tags":{"product":"azurecli","cause":"automation","date":"2021-04-21T09:44:07Z"},"properties":{"provisioningState":"Succeeded"}},{"id":"/subscriptions/00000000-0000-0000-0000-000000000000/resourceGroups/clitest.rgq27n6whd2zbhglk7engmisjahol67lmggoljx47mamt5i4x6dhbbauio543prkvdn","name":"clitest.rgq27n6whd2zbhglk7engmisjahol67lmggoljx47mamt5i4x6dhbbauio543prkvdn","type":"Microsoft.Resources/resourceGroups","location":"southeastasia","tags":{"product":"azurecli","cause":"automation","date":"2021-04-22T06:01:45Z"},"properties":{"provisioningState":"Succeeded"}},{"id":"/subscriptions/00000000-0000-0000-0000-000000000000/resourceGroups/clitest.rgw5dhiglvdolglnw3dit2ow2ixmwq445xetj43lmxa5ifd73nckm6c55lk7h7pccdh","name":"clitest.rgw5dhiglvdolglnw3dit2ow2ixmwq445xetj43lmxa5ifd73nckm6c55lk7h7pccdh","type":"Microsoft.Resources/resourceGroups","location":"southeastasia","tags":{"product":"azurecli","cause":"automation","date":"2021-04-22T07:54:10Z"},"properties":{"provisioningState":"Succeeded"}},{"id":"/subscriptions/00000000-0000-0000-0000-000000000000/resourceGroups/clitest.rgqipifuxusdjxqu36cl7oupej3st2is3s6wedvsdzxswpoc2fqlt77k4mj36qx6aj6","name":"clitest.rgqipifuxusdjxqu36cl7oupej3st2is3s6wedvsdzxswpoc2fqlt77k4mj36qx6aj6","type":"Microsoft.Resources/resourceGroups","location":"southeastasia","tags":{"product":"azurecli","cause":"automation","date":"2021-04-22T07:54:10Z"},"properties":{"provisioningState":"Succeeded"}},{"id":"/subscriptions/00000000-0000-0000-0000-000000000000/resourceGroups/clitest.rgyy65r2sz5fo634ynjpnltnzyu4sn5nfjo4lwn4lb6z4c6rxqn7jtocew3ah5dnpft","name":"clitest.rgyy65r2sz5fo634ynjpnltnzyu4sn5nfjo4lwn4lb6z4c6rxqn7jtocew3ah5dnpft","type":"Microsoft.Resources/resourceGroups","location":"southeastasia","tags":{"product":"azurecli","cause":"automation","date":"2021-04-22T07:54:10Z"},"properties":{"provisioningState":"Succeeded"}},{"id":"/subscriptions/00000000-0000-0000-0000-000000000000/resourceGroups/clitest.rgp2hvqabczyvptsn6wjtfrqbvrytv7hcqdlo73hd2dv25qdl3cg66yfgbem6jbvynk","name":"clitest.rgp2hvqabczyvptsn6wjtfrqbvrytv7hcqdlo73hd2dv25qdl3cg66yfgbem6jbvynk","type":"Microsoft.Resources/resourceGroups","location":"southeastasia","tags":{"product":"azurecli","cause":"automation","date":"2021-04-22T07:54:10Z"},"properties":{"provisioningState":"Succeeded"}},{"id":"/subscriptions/00000000-0000-0000-0000-000000000000/resourceGroups/clitest.rgre2lwihdrrfy5dirjrvhuzsnkpj2oj5gdcn7bgcqkxaazhepdv2xrvhmgwyw4idjr","name":"clitest.rgre2lwihdrrfy5dirjrvhuzsnkpj2oj5gdcn7bgcqkxaazhepdv2xrvhmgwyw4idjr","type":"Microsoft.Resources/resourceGroups","location":"southeastasia","tags":{"product":"azurecli","cause":"automation","date":"2021-04-22T07:59:34Z"},"properties":{"provisioningState":"Succeeded"}},{"id":"/subscriptions/00000000-0000-0000-0000-000000000000/resourceGroups/clitest.rgl6l3rg6atb","name":"clitest.rgl6l3rg6atb","type":"Microsoft.Resources/resourceGroups","location":"southeastasia","tags":{"product":"azurecli","cause":"automation","date":"2021-04-22T08:02:10Z"},"properties":{"provisioningState":"Succeeded"}},{"id":"/subscriptions/00000000-0000-0000-0000-000000000000/resourceGroups/clitest.rgekim5ct43n","name":"clitest.rgekim5ct43n","type":"Microsoft.Resources/resourceGroups","location":"southeastasia","tags":{"product":"azurecli","cause":"automation","date":"2021-04-22T08:02:10Z"},"properties":{"provisioningState":"Succeeded"}},{"id":"/subscriptions/00000000-0000-0000-0000-000000000000/resourceGroups/clitest.rgdc25pvki6m","name":"clitest.rgdc25pvki6m","type":"Microsoft.Resources/resourceGroups","location":"southeastasia","tags":{"product":"azurecli","cause":"automation","date":"2021-04-22T08:02:10Z"},"properties":{"provisioningState":"Succeeded"}},{"id":"/subscriptions/00000000-0000-0000-0000-000000000000/resourceGroups/clitest.rgptzwacrnwa","name":"clitest.rgptzwacrnwa","type":"Microsoft.Resources/resourceGroups","location":"southeastasia","tags":{"product":"azurecli","cause":"automation","date":"2021-04-22T08:17:34Z"},"properties":{"provisioningState":"Succeeded"}},{"id":"/subscriptions/00000000-0000-0000-0000-000000000000/resourceGroups/clitest.rgrc4sjsrzt4","name":"clitest.rgrc4sjsrzt4","type":"Microsoft.Resources/resourceGroups","location":"southeastasia","tags":{"product":"azurecli","cause":"automation","date":"2021-04-22T08:17:34Z"},"properties":{"provisioningState":"Succeeded"}},{"id":"/subscriptions/00000000-0000-0000-0000-000000000000/resourceGroups/clitest.rgbbt37xr2le","name":"clitest.rgbbt37xr2le","type":"Microsoft.Resources/resourceGroups","location":"southeastasia","tags":{"product":"azurecli","cause":"automation","date":"2021-04-22T08:17:34Z"},"properties":{"provisioningState":"Succeeded"}},{"id":"/subscriptions/00000000-0000-0000-0000-000000000000/resourceGroups/clitest.rggrglkh7zr7","name":"clitest.rggrglkh7zr7","type":"Microsoft.Resources/resourceGroups","location":"southeastasia","tags":{"product":"azurecli","cause":"automation","date":"2021-04-22T08:17:34Z"},"properties":{"provisioningState":"Succeeded"}},{"id":"/subscriptions/00000000-0000-0000-0000-000000000000/resourceGroups/clitest.rgirzkpx2i6lh67zijfkonyp4lvgqlga3twirjnl725ekrwytxazkuwqxay6oq47vv6","name":"clitest.rgirzkpx2i6lh67zijfkonyp4lvgqlga3twirjnl725ekrwytxazkuwqxay6oq47vv6","type":"Microsoft.Resources/resourceGroups","location":"southeastasia","tags":{"product":"azurecli","cause":"automation","date":"2021-04-22T08:17:42Z"},"properties":{"provisioningState":"Succeeded"}},{"id":"/subscriptions/00000000-0000-0000-0000-000000000000/resourceGroups/clitest.rgunjnme2ww5qbwyw4hms5xm4ctkhhugzmtgtphgos4ez6jadd6fltwagzyjrdzokcv","name":"clitest.rgunjnme2ww5qbwyw4hms5xm4ctkhhugzmtgtphgos4ez6jadd6fltwagzyjrdzokcv","type":"Microsoft.Resources/resourceGroups","location":"southeastasia","tags":{"product":"azurecli","cause":"automation","date":"2021-04-23T03:19:11Z"},"properties":{"provisioningState":"Succeeded"}},{"id":"/subscriptions/00000000-0000-0000-0000-000000000000/resourceGroups/clitest.rgytlj3h6ek6u6zcw2vu43mmpfeoc36pfkyguzbfo6t7iewhdpqvw7k4fottksi772t","name":"clitest.rgytlj3h6ek6u6zcw2vu43mmpfeoc36pfkyguzbfo6t7iewhdpqvw7k4fottksi772t","type":"Microsoft.Resources/resourceGroups","location":"southeastasia","tags":{"product":"azurecli","cause":"automation","date":"2021-04-23T03:19:11Z"},"properties":{"provisioningState":"Succeeded"}},{"id":"/subscriptions/00000000-0000-0000-0000-000000000000/resourceGroups/clitest.rgv3m577d7ho","name":"clitest.rgv3m577d7ho","type":"Microsoft.Resources/resourceGroups","location":"southeastasia","tags":{"product":"azurecli","cause":"automation","date":"2021-04-23T03:42:50Z"},"properties":{"provisioningState":"Succeeded"}},{"id":"/subscriptions/00000000-0000-0000-0000-000000000000/resourceGroups/clitest.rg46ia57tmnz","name":"clitest.rg46ia57tmnz","type":"Microsoft.Resources/resourceGroups","location":"southeastasia","tags":{"product":"azurecli","cause":"automation","date":"2021-04-23T03:42:50Z"},"properties":{"provisioningState":"Succeeded"}},{"id":"/subscriptions/00000000-0000-0000-0000-000000000000/resourceGroups/clitest.rgu7jwflzo6g","name":"clitest.rgu7jwflzo6g","type":"Microsoft.Resources/resourceGroups","location":"southeastasia","tags":{"product":"azurecli","cause":"automation","date":"2021-04-23T03:42:50Z"},"properties":{"provisioningState":"Succeeded"}},{"id":"/subscriptions/00000000-0000-0000-0000-000000000000/resourceGroups/clitest.rgiudkrkxpl4","name":"clitest.rgiudkrkxpl4","type":"Microsoft.Resources/resourceGroups","location":"southeastasia","tags":{"product":"azurecli","cause":"automation","date":"2021-04-23T07:13:16Z"},"properties":{"provisioningState":"Succeeded"}},{"id":"/subscriptions/00000000-0000-0000-0000-000000000000/resourceGroups/clitest.rgn6glpfa25c","name":"clitest.rgn6glpfa25c","type":"Microsoft.Resources/resourceGroups","location":"southeastasia","tags":{"product":"azurecli","cause":"automation","date":"2021-04-23T07:13:16Z"},"properties":{"provisioningState":"Succeeded"}},{"id":"/subscriptions/00000000-0000-0000-0000-000000000000/resourceGroups/clitest.rgp6ikwpcsq7","name":"clitest.rgp6ikwpcsq7","type":"Microsoft.Resources/resourceGroups","location":"southeastasia","tags":{"product":"azurecli","cause":"automation","date":"2021-04-23T07:13:16Z"},"properties":{"provisioningState":"Succeeded"}},{"id":"/subscriptions/00000000-0000-0000-0000-000000000000/resourceGroups/clitest.rgh5duq2f6uh","name":"clitest.rgh5duq2f6uh","type":"Microsoft.Resources/resourceGroups","location":"southeastasia","tags":{"product":"azurecli","cause":"automation","date":"2021-04-23T07:13:16Z"},"properties":{"provisioningState":"Succeeded"}},{"id":"/subscriptions/00000000-0000-0000-0000-000000000000/resourceGroups/clitest.rgghkyqf7pb5","name":"clitest.rgghkyqf7pb5","type":"Microsoft.Resources/resourceGroups","location":"southeastasia","tags":{"product":"azurecli","cause":"automation","date":"2021-04-23T07:13:16Z"},"properties":{"provisioningState":"Succeeded"}},{"id":"/subscriptions/00000000-0000-0000-0000-000000000000/resourceGroups/clitest.rgovptfsocfg","name":"clitest.rgovptfsocfg","type":"Microsoft.Resources/resourceGroups","location":"southeastasia","tags":{"product":"azurecli","cause":"automation","date":"2021-04-23T07:13:16Z"},"properties":{"provisioningState":"Succeeded"}},{"id":"/subscriptions/00000000-0000-0000-0000-000000000000/resourceGroups/clitest.rgzjznhcqaoh","name":"clitest.rgzjznhcqaoh","type":"Microsoft.Resources/resourceGroups","location":"southeastasia","tags":{"product":"azurecli","cause":"automation","date":"2021-04-23T07:13:16Z"},"properties":{"provisioningState":"Succeeded"}},{"id":"/subscriptions/00000000-0000-0000-0000-000000000000/resourceGroups/clitest.rgxp7uwuibs5","name":"clitest.rgxp7uwuibs5","type":"Microsoft.Resources/resourceGroups","location":"southeastasia","tags":{"product":"azurecli","cause":"automation","date":"2021-04-23T07:13:16Z"},"properties":{"provisioningState":"Succeeded"}},{"id":"/subscriptions/00000000-0000-0000-0000-000000000000/resourceGroups/bktest","name":"bktest","type":"Microsoft.Resources/resourceGroups","location":"southeastasia","properties":{"provisioningState":"Succeeded"}},{"id":"/subscriptions/00000000-0000-0000-0000-000000000000/resourceGroups/clitest.rgoi4rkmss4v7mz2alxqdoloxwj5nd7ybefnnwfvgy4vcnovo2x2ai4s6cd5ubtieyg","name":"clitest.rgoi4rkmss4v7mz2alxqdoloxwj5nd7ybefnnwfvgy4vcnovo2x2ai4s6cd5ubtieyg","type":"Microsoft.Resources/resourceGroups","location":"southeastasia","tags":{"product":"azurecli","cause":"automation","date":"2021-04-26T07:58:35Z"},"properties":{"provisioningState":"Succeeded"}},{"id":"/subscriptions/00000000-0000-0000-0000-000000000000/resourceGroups/clitest.rgqeivxiczieodb6zvo3ywlvrpj7xsdy3p5p4pf4sj25x6vhhvuvqjdc6exh5tzsyzw","name":"clitest.rgqeivxiczieodb6zvo3ywlvrpj7xsdy3p5p4pf4sj25x6vhhvuvqjdc6exh5tzsyzw","type":"Microsoft.Resources/resourceGroups","location":"southeastasia","tags":{"product":"azurecli","cause":"automation","date":"2021-04-26T14:04:17Z"},"properties":{"provisioningState":"Succeeded"}},{"id":"/subscriptions/00000000-0000-0000-0000-000000000000/resourceGroups/clitest.rgys7jeahafoxuf7e47eh3gqs33cleoo74dhmh3h2gmv6qkmwoqkh3onsc35ovetc36","name":"clitest.rgys7jeahafoxuf7e47eh3gqs33cleoo74dhmh3h2gmv6qkmwoqkh3onsc35ovetc36","type":"Microsoft.Resources/resourceGroups","location":"southeastasia","tags":{"product":"azurecli","cause":"automation","date":"2021-05-06T19:46:00Z"},"properties":{"provisioningState":"Succeeded"}},{"id":"/subscriptions/00000000-0000-0000-0000-000000000000/resourceGroups/clitest.rgpgrpid6dath7k7wi7jkfofswk5dtcxq5gucun5wdvea2vcqwkz7eqomkgsgvvxwe4","name":"clitest.rgpgrpid6dath7k7wi7jkfofswk5dtcxq5gucun5wdvea2vcqwkz7eqomkgsgvvxwe4","type":"Microsoft.Resources/resourceGroups","location":"southeastasia","tags":{"product":"azurecli","cause":"automation","date":"2021-05-06T19:46:00Z"},"properties":{"provisioningState":"Succeeded"}},{"id":"/subscriptions/00000000-0000-0000-0000-000000000000/resourceGroups/clitest.rgd5zm2aygiepfeiq3ywztbbcvnml74tjq26zsy2sw6gcodhldv6m5qozzhxbyqdxmz","name":"clitest.rgd5zm2aygiepfeiq3ywztbbcvnml74tjq26zsy2sw6gcodhldv6m5qozzhxbyqdxmz","type":"Microsoft.Resources/resourceGroups","location":"southeastasia","tags":{"product":"azurecli","cause":"automation","date":"2021-05-06T19:46:00Z"},"properties":{"provisioningState":"Succeeded"}},{"id":"/subscriptions/00000000-0000-0000-0000-000000000000/resourceGroups/clitest.rg6kyfedfcwp6sf5bxrii2gfql2fcrzrb3ykltkpiqnshtslkpb6pxelwf6a2vr2wib","name":"clitest.rg6kyfedfcwp6sf5bxrii2gfql2fcrzrb3ykltkpiqnshtslkpb6pxelwf6a2vr2wib","type":"Microsoft.Resources/resourceGroups","location":"southeastasia","tags":{"product":"azurecli","cause":"automation","date":"2021-05-06T19:46:00Z"},"properties":{"provisioningState":"Succeeded"}},{"id":"/subscriptions/00000000-0000-0000-0000-000000000000/resourceGroups/clitest.rgcruq5do62s7h4cwufwdffsaj7q5p573edxuzppu4yoxpo2oul7pjh6l4feltfhjsk","name":"clitest.rgcruq5do62s7h4cwufwdffsaj7q5p573edxuzppu4yoxpo2oul7pjh6l4feltfhjsk","type":"Microsoft.Resources/resourceGroups","location":"southeastasia","tags":{"product":"azurecli","cause":"automation","date":"2021-05-06T19:46:00Z"},"properties":{"provisioningState":"Succeeded"}},{"id":"/subscriptions/00000000-0000-0000-0000-000000000000/resourceGroups/clitest.rgsoaub62eurnzdifwo7e77bgqrt7fivukaz4yf55nyihuusp22bxvvfaxbg7shr3vj","name":"clitest.rgsoaub62eurnzdifwo7e77bgqrt7fivukaz4yf55nyihuusp22bxvvfaxbg7shr3vj","type":"Microsoft.Resources/resourceGroups","location":"southeastasia","tags":{"product":"azurecli","cause":"automation","date":"2021-05-06T19:58:08Z"},"properties":{"provisioningState":"Succeeded"}},{"id":"/subscriptions/00000000-0000-0000-0000-000000000000/resourceGroups/clitest.rgrj6hk5cmyeuhn7djv4v2kkiz5q3qil4xeygxnu4mkh46jkseyrsp7zgi5rfyryoz4","name":"clitest.rgrj6hk5cmyeuhn7djv4v2kkiz5q3qil4xeygxnu4mkh46jkseyrsp7zgi5rfyryoz4","type":"Microsoft.Resources/resourceGroups","location":"southeastasia","tags":{"product":"azurecli","cause":"automation","date":"2021-05-06T20:53:38Z"},"properties":{"provisioningState":"Succeeded"}},{"id":"/subscriptions/00000000-0000-0000-0000-000000000000/resourceGroups/clitest.rgtkn6ito4cvb46nreqy7hfff2qhvvvkr44igtm6k6l2o4amhwhw6rgpzqeh3633gvv","name":"clitest.rgtkn6ito4cvb46nreqy7hfff2qhvvvkr44igtm6k6l2o4amhwhw6rgpzqeh3633gvv","type":"Microsoft.Resources/resourceGroups","location":"southeastasia","tags":{"product":"azurecli","cause":"automation","date":"2021-05-10T10:15:53Z"},"properties":{"provisioningState":"Succeeded"}},{"id":"/subscriptions/00000000-0000-0000-0000-000000000000/resourceGroups/clitest.rgianr3wcrvocmppkrmlej4pstinc4laxe45krmwaqyhmo2b7gxlwkpfr55vayqxq5y","name":"clitest.rgianr3wcrvocmppkrmlej4pstinc4laxe45krmwaqyhmo2b7gxlwkpfr55vayqxq5y","type":"Microsoft.Resources/resourceGroups","location":"southeastasia","tags":{"product":"azurecli","cause":"automation","date":"2021-05-10T10:15:53Z"},"properties":{"provisioningState":"Succeeded"}},{"id":"/subscriptions/00000000-0000-0000-0000-000000000000/resourceGroups/clitest.rgerd3venp57ix5wmottia4o34avilk3k7b7dynbu5q2dqrciebrfrpsdwjlujjn6lr","name":"clitest.rgerd3venp57ix5wmottia4o34avilk3k7b7dynbu5q2dqrciebrfrpsdwjlujjn6lr","type":"Microsoft.Resources/resourceGroups","location":"southeastasia","tags":{"product":"azurecli","cause":"automation","date":"2021-05-10T10:15:53Z"},"properties":{"provisioningState":"Succeeded"}},{"id":"/subscriptions/00000000-0000-0000-0000-000000000000/resourceGroups/clitest.rg32v2w3fcaybvu6ezskhhtnarwqz25pebnauyfrzs33plt27gjpaayrimkxicaaw7d","name":"clitest.rg32v2w3fcaybvu6ezskhhtnarwqz25pebnauyfrzs33plt27gjpaayrimkxicaaw7d","type":"Microsoft.Resources/resourceGroups","location":"southeastasia","tags":{"product":"azurecli","cause":"automation","date":"2021-05-10T10:15:53Z"},"properties":{"provisioningState":"Succeeded"}},{"id":"/subscriptions/00000000-0000-0000-0000-000000000000/resourceGroups/clitest.rgjwth5cumrwijua4asiceywlfq5ujweham4jmvrtgmmciosupops3pnfp2g2nt472f","name":"clitest.rgjwth5cumrwijua4asiceywlfq5ujweham4jmvrtgmmciosupops3pnfp2g2nt472f","type":"Microsoft.Resources/resourceGroups","location":"southeastasia","tags":{"product":"azurecli","cause":"automation","date":"2021-05-10T10:15:53Z"},"properties":{"provisioningState":"Succeeded"}},{"id":"/subscriptions/00000000-0000-0000-0000-000000000000/resourceGroups/clitest.rgbesxyrbjtdgy3nlamjr3oly65b4dgzbtstwfug3rlucua3hnz3hksyl45kdjscr2w","name":"clitest.rgbesxyrbjtdgy3nlamjr3oly65b4dgzbtstwfug3rlucua3hnz3hksyl45kdjscr2w","type":"Microsoft.Resources/resourceGroups","location":"southeastasia","tags":{"product":"azurecli","cause":"automation","date":"2021-05-10T11:22:13Z"},"properties":{"provisioningState":"Succeeded"}},{"id":"/subscriptions/00000000-0000-0000-0000-000000000000/resourceGroups/clitest.rgkljvq2k4n6fytvislwugdn2amscgl4jnwqv5v5vg4gt3xjher4ng563trwxp6yuu7","name":"clitest.rgkljvq2k4n6fytvislwugdn2amscgl4jnwqv5v5vg4gt3xjher4ng563trwxp6yuu7","type":"Microsoft.Resources/resourceGroups","location":"southeastasia","tags":{"product":"azurecli","cause":"automation","date":"2021-05-10T11:22:20Z"},"properties":{"provisioningState":"Succeeded"}},{"id":"/subscriptions/00000000-0000-0000-0000-000000000000/resourceGroups/clitest.rgltfej7yr4u","name":"clitest.rgltfej7yr4u","type":"Microsoft.Resources/resourceGroups","location":"southeastasia","tags":{"product":"azurecli","cause":"automation","date":"2021-05-13T07:48:26Z"},"properties":{"provisioningState":"Succeeded"}},{"id":"/subscriptions/00000000-0000-0000-0000-000000000000/resourceGroups/clitest.rg3r2ajl3krrgojnywposnu7vhdqj76ycgpknjar7jnrhti4pqcug233wgwxmu3zvux","name":"clitest.rg3r2ajl3krrgojnywposnu7vhdqj76ycgpknjar7jnrhti4pqcug233wgwxmu3zvux","type":"Microsoft.Resources/resourceGroups","location":"southeastasia","tags":{"product":"azurecli","cause":"automation","date":"2021-05-13T09:05:45Z"},"properties":{"provisioningState":"Succeeded"}},{"id":"/subscriptions/00000000-0000-0000-0000-000000000000/resourceGroups/clitest.rgyk6rymen54chxfmrtb6kaau4viqckwvcnl4pzr6zdr2pagi3gnbeguemrtkevo376","name":"clitest.rgyk6rymen54chxfmrtb6kaau4viqckwvcnl4pzr6zdr2pagi3gnbeguemrtkevo376","type":"Microsoft.Resources/resourceGroups","location":"southeastasia","tags":{"product":"azurecli","cause":"automation","date":"2021-05-13T10:04:38Z"},"properties":{"provisioningState":"Succeeded"}},{"id":"/subscriptions/00000000-0000-0000-0000-000000000000/resourceGroups/clitest.rg3xzfyzxirs7odmycxaop6hifpcszxmginvfvgyb4iicxsm65j5evvonszk7oxlchl","name":"clitest.rg3xzfyzxirs7odmycxaop6hifpcszxmginvfvgyb4iicxsm65j5evvonszk7oxlchl","type":"Microsoft.Resources/resourceGroups","location":"southeastasia","tags":{"product":"azurecli","cause":"automation","date":"2021-05-13T19:47:40Z"},"properties":{"provisioningState":"Succeeded"}},{"id":"/subscriptions/00000000-0000-0000-0000-000000000000/resourceGroups/clitest.rgsjwks5ubsup2h7tp7yqs6xlckt6f6izusu5f5xeac7zggb4mbtilnwayaxkxjulgf","name":"clitest.rgsjwks5ubsup2h7tp7yqs6xlckt6f6izusu5f5xeac7zggb4mbtilnwayaxkxjulgf","type":"Microsoft.Resources/resourceGroups","location":"southeastasia","tags":{"product":"azurecli","cause":"automation","date":"2021-05-13T19:47:40Z"},"properties":{"provisioningState":"Succeeded"}},{"id":"/subscriptions/00000000-0000-0000-0000-000000000000/resourceGroups/clitest.rgjyu6dv43m3ss43c7btgbeyv47s3mtllgql7vzctaesl452szjq4g5xsfqdrddytmz","name":"clitest.rgjyu6dv43m3ss43c7btgbeyv47s3mtllgql7vzctaesl452szjq4g5xsfqdrddytmz","type":"Microsoft.Resources/resourceGroups","location":"southeastasia","tags":{"product":"azurecli","cause":"automation","date":"2021-05-13T19:47:40Z"},"properties":{"provisioningState":"Succeeded"}},{"id":"/subscriptions/00000000-0000-0000-0000-000000000000/resourceGroups/clitest.rgckzonrbhv322hmhw2jgieyyxa7svbkcartk6fo3lcdkcwcykkbqmrwnh75br2hox3","name":"clitest.rgckzonrbhv322hmhw2jgieyyxa7svbkcartk6fo3lcdkcwcykkbqmrwnh75br2hox3","type":"Microsoft.Resources/resourceGroups","location":"southeastasia","tags":{"product":"azurecli","cause":"automation","date":"2021-05-13T19:47:40Z"},"properties":{"provisioningState":"Succeeded"}},{"id":"/subscriptions/00000000-0000-0000-0000-000000000000/resourceGroups/clitest.rgvj4x3xwhmxz3pqp5r5wqn5qflymtkma55s3wxse2gdxohpvr3nbgzwvcstvc4ozrt","name":"clitest.rgvj4x3xwhmxz3pqp5r5wqn5qflymtkma55s3wxse2gdxohpvr3nbgzwvcstvc4ozrt","type":"Microsoft.Resources/resourceGroups","location":"southeastasia","tags":{"product":"azurecli","cause":"automation","date":"2021-05-13T19:47:40Z"},"properties":{"provisioningState":"Succeeded"}},{"id":"/subscriptions/00000000-0000-0000-0000-000000000000/resourceGroups/clitest.rgfr4gqrq5e4musvs4xqhiwj3jn2f4kksrbu65hexdinohevbcjemupw6jbo4u6zsdw","name":"clitest.rgfr4gqrq5e4musvs4xqhiwj3jn2f4kksrbu65hexdinohevbcjemupw6jbo4u6zsdw","type":"Microsoft.Resources/resourceGroups","location":"southeastasia","tags":{"product":"azurecli","cause":"automation","date":"2021-05-13T19:53:37Z"},"properties":{"provisioningState":"Succeeded"}},{"id":"/subscriptions/00000000-0000-0000-0000-000000000000/resourceGroups/clitest.rghgpaylamrtsx4xx7zrphjcdju7ulyd3h7mp22yscqroyfywm4lhqckwufpxg4bs5u","name":"clitest.rghgpaylamrtsx4xx7zrphjcdju7ulyd3h7mp22yscqroyfywm4lhqckwufpxg4bs5u","type":"Microsoft.Resources/resourceGroups","location":"southeastasia","tags":{"product":"azurecli","cause":"automation","date":"2021-05-13T21:26:35Z"},"properties":{"provisioningState":"Succeeded"}},{"id":"/subscriptions/00000000-0000-0000-0000-000000000000/resourceGroups/SFC_53fa1219-4786-4165-8bc3-e2d4b8d1bb5c","name":"SFC_53fa1219-4786-4165-8bc3-e2d4b8d1bb5c","type":"Microsoft.Resources/resourceGroups","location":"eastasia","managedBy":"/subscriptions/00000000-0000-0000-0000-000000000000/resourcegroups/sftest/providers/Microsoft.ServiceFabric/managedClusters/clutest","properties":{"provisioningState":"Succeeded"}},{"id":"/subscriptions/00000000-0000-0000-0000-000000000000/resourceGroups/NetworkWatcherRG","name":"NetworkWatcherRG","type":"Microsoft.Resources/resourceGroups","location":"eastasia","properties":{"provisioningState":"Succeeded"}},{"id":"/subscriptions/00000000-0000-0000-0000-000000000000/resourceGroups/fyvm","name":"fyvm","type":"Microsoft.Resources/resourceGroups","location":"eastasia","properties":{"provisioningState":"Succeeded"}},{"id":"/subscriptions/00000000-0000-0000-0000-000000000000/resourceGroups/Default-Networking","name":"Default-Networking","type":"Microsoft.Resources/resourceGroups","location":"westus","properties":{"provisioningState":"Succeeded"}},{"id":"/subscriptions/00000000-0000-0000-0000-000000000000/resourceGroups/javacsmrg46947","name":"javacsmrg46947","type":"Microsoft.Resources/resourceGroups","location":"southcentralus","properties":{"provisioningState":"Succeeded"}},{"id":"/subscriptions/00000000-0000-0000-0000-000000000000/resourceGroups/fanqiu-test","name":"fanqiu-test","type":"Microsoft.Resources/resourceGroups","location":"centralus","tags":{},"properties":{"provisioningState":"Succeeded"}},{"id":"/subscriptions/00000000-0000-0000-0000-000000000000/resourceGroups/qianwens","name":"qianwens","type":"Microsoft.Resources/resourceGroups","location":"eastus","tags":{},"properties":{"provisioningState":"Succeeded"}},{"id":"/subscriptions/00000000-0000-0000-0000-000000000000/resourceGroups/azps-test-group","name":"azps-test-group","type":"Microsoft.Resources/resourceGroups","location":"eastus","tags":{"StorageType":"Standard_LRS","type":"test"},"properties":{"provisioningState":"Succeeded"}},{"id":"/subscriptions/00000000-0000-0000-0000-000000000000/resourceGroups/myResourceGroup","name":"myResourceGroup","type":"Microsoft.Resources/resourceGroups","location":"eastus","tags":{"StorageType":"Standard_LRS","type":"test"},"properties":{"provisioningState":"Succeeded"}},{"id":"/subscriptions/00000000-0000-0000-0000-000000000000/resourceGroups/zhoxing-test","name":"zhoxing-test","type":"Microsoft.Resources/resourceGroups","location":"westus","properties":{"provisioningState":"Succeeded"}},{"id":"/subscriptions/00000000-0000-0000-0000-000000000000/resourceGroups/fytest2","name":"fytest2","type":"Microsoft.Resources/resourceGroups","location":"westus","tags":{"StorageType":"Standard_LRS","type":"test","special_sig":"yes"},"properties":{"provisioningState":"Succeeded"}},{"id":"/subscriptions/00000000-0000-0000-0000-000000000000/resourceGroups/cli_test_azure_firewall_rules_with_ipgroupsqiervqkqdl6gyu4szgpwbyiw7zx3ucbo","name":"cli_test_azure_firewall_rules_with_ipgroupsqiervqkqdl6gyu4szgpwbyiw7zx3ucbo","type":"Microsoft.Resources/resourceGroups","location":"westus","tags":{"product":"azurecli","cause":"automation","date":"2020-04-15T03:15:42Z","StorageType":"Standard_LRS","type":"test"},"properties":{"provisioningState":"Succeeded"}},{"id":"/subscriptions/00000000-0000-0000-0000-000000000000/resourceGroups/fytest3","name":"fytest3","type":"Microsoft.Resources/resourceGroups","location":"westus","tags":{"StorageType":"Standard_LRS","type":"test"},"properties":{"provisioningState":"Succeeded"}},{"id":"/subscriptions/00000000-0000-0000-0000-000000000000/resourceGroups/cli_netappfiles_test_snapshot_vpshzlob7c63iuglneagoxjxa45dqn6eoglhf37oo5cms","name":"cli_netappfiles_test_snapshot_vpshzlob7c63iuglneagoxjxa45dqn6eoglhf37oo5cms","type":"Microsoft.Resources/resourceGroups","location":"westus","tags":{"product":"azurecli","cause":"automation","date":"2020-05-10T06:47:57Z","StorageType":"Standard_LRS","type":"test"},"properties":{"provisioningState":"Succeeded"}},{"id":"/subscriptions/00000000-0000-0000-0000-000000000000/resourceGroups/img_tmpl_cancel_5zgehdqqrr3p3ncb42jj72b5wx3ctruzg7dl4hkbgti6ezji666mhk6t7rx","name":"img_tmpl_cancel_5zgehdqqrr3p3ncb42jj72b5wx3ctruzg7dl4hkbgti6ezji666mhk6t7rx","type":"Microsoft.Resources/resourceGroups","location":"westus","tags":{"product":"azurecli","cause":"automation","date":"2020-06-03T07:10:50Z","StorageType":"Standard_LRS","type":"test"},"properties":{"provisioningState":"Succeeded"}},{"id":"/subscriptions/00000000-0000-0000-0000-000000000000/resourceGroups/emerald-city-bookstore","name":"emerald-city-bookstore","type":"Microsoft.Resources/resourceGroups","location":"westus2","properties":{"provisioningState":"Succeeded"}},{"id":"/subscriptions/00000000-0000-0000-0000-000000000000/resourceGroups/new-experiences","name":"new-experiences","type":"Microsoft.Resources/resourceGroups","location":"westus2","properties":{"provisioningState":"Succeeded"}},{"id":"/subscriptions/00000000-0000-0000-0000-000000000000/resourceGroups/storage-v2rt-repro","name":"storage-v2rt-repro","type":"Microsoft.Resources/resourceGroups","location":"centralus","tags":{},"properties":{"provisioningState":"Succeeded"}},{"id":"/subscriptions/00000000-0000-0000-0000-000000000000/resourceGroups/clitest.rgyreu2qkpgqyrm56i4cocrrcf5xb2uzmvlm2lau226cqk6zetyu5olii7figpx2mix","name":"clitest.rgyreu2qkpgqyrm56i4cocrrcf5xb2uzmvlm2lau226cqk6zetyu5olii7figpx2mix","type":"Microsoft.Resources/resourceGroups","location":"westus","tags":{"product":"azurecli","cause":"automation","date":"2019-10-15T16:54:47Z"},"properties":{"provisioningState":"Succeeded"}},{"id":"/subscriptions/00000000-0000-0000-0000-000000000000/resourceGroups/clitest.rgr5sog7j3q3a5o2vy3r4gpl3ylcovxfcbkttkotqe653iz4mlsrbjns76tv4v4lbqq","name":"clitest.rgr5sog7j3q3a5o2vy3r4gpl3ylcovxfcbkttkotqe653iz4mlsrbjns76tv4v4lbqq","type":"Microsoft.Resources/resourceGroups","location":"westus","tags":{"product":"azurecli","cause":"automation","date":"2019-10-15T16:55:16Z"},"properties":{"provisioningState":"Succeeded"}},{"id":"/subscriptions/00000000-0000-0000-0000-000000000000/resourceGroups/clitest.rguk5hr7imq2zbvjzaogkt7gke2onbbn6sr3ux5rfdiqufofpfrmblbmbzrtd663lkn","name":"clitest.rguk5hr7imq2zbvjzaogkt7gke2onbbn6sr3ux5rfdiqufofpfrmblbmbzrtd663lkn","type":"Microsoft.Resources/resourceGroups","location":"westus","tags":{"product":"azurecli","cause":"automation","date":"2019-10-15T16:56:15Z"},"properties":{"provisioningState":"Succeeded"}},{"id":"/subscriptions/00000000-0000-0000-0000-000000000000/resourceGroups/clitest.rg35pihforqftkb5qllg3t75zoxlztjwsmuftgdsphbiy2r3adx3t3spnkzzs2c5c4s","name":"clitest.rg35pihforqftkb5qllg3t75zoxlztjwsmuftgdsphbiy2r3adx3t3spnkzzs2c5c4s","type":"Microsoft.Resources/resourceGroups","location":"westus","tags":{"product":"azurecli","cause":"automation","date":"2019-10-15T16:56:26Z"},"properties":{"provisioningState":"Succeeded"}},{"id":"/subscriptions/00000000-0000-0000-0000-000000000000/resourceGroups/clitest.rg2qgvxjxy46scnjuh6q5gtypebpi5oeuajfgxb7yrrsggnqxrij6pnc3d7ybz2chih","name":"clitest.rg2qgvxjxy46scnjuh6q5gtypebpi5oeuajfgxb7yrrsggnqxrij6pnc3d7ybz2chih","type":"Microsoft.Resources/resourceGroups","location":"westus","tags":{"product":"azurecli","cause":"automation","date":"2019-10-16T14:48:47Z"},"properties":{"provisioningState":"Succeeded"}},{"id":"/subscriptions/00000000-0000-0000-0000-000000000000/resourceGroups/clitest.rgib3viqdhrawwnaopavpcsc2u3psfod7wlami5tg57borlex2io2b7nolpz4qxhm5p","name":"clitest.rgib3viqdhrawwnaopavpcsc2u3psfod7wlami5tg57borlex2io2b7nolpz4qxhm5p","type":"Microsoft.Resources/resourceGroups","location":"westus","tags":{"product":"azurecli","cause":"automation","date":"2019-10-17T15:42:46Z"},"properties":{"provisioningState":"Succeeded"}},{"id":"/subscriptions/00000000-0000-0000-0000-000000000000/resourceGroups/clitest.rg3s3h2izedr4olwdk4jqjhltn4lkukfixgfalhtfjmiy6u3xndqvdkrr4j4jqhx6hu","name":"clitest.rg3s3h2izedr4olwdk4jqjhltn4lkukfixgfalhtfjmiy6u3xndqvdkrr4j4jqhx6hu","type":"Microsoft.Resources/resourceGroups","location":"westus","tags":{"product":"azurecli","cause":"automation","date":"2019-10-17T15:43:24Z"},"properties":{"provisioningState":"Succeeded"}},{"id":"/subscriptions/00000000-0000-0000-0000-000000000000/resourceGroups/clitest.rgp535jz2dxemblsqlvzwsk4ehth7eprd5yny22fi5rppnick62nncsonvlutvmvbje","name":"clitest.rgp535jz2dxemblsqlvzwsk4ehth7eprd5yny22fi5rppnick62nncsonvlutvmvbje","type":"Microsoft.Resources/resourceGroups","location":"westus","tags":{"product":"azurecli","cause":"automation","date":"2019-10-17T15:44:46Z"},"properties":{"provisioningState":"Succeeded"}},{"id":"/subscriptions/00000000-0000-0000-0000-000000000000/resourceGroups/clitest.rgmjjmywipmiqslgzl7tzax3aje4fcv3q5xr2h7hulg63ehpwno2mu7ij7dokxqbh5x","name":"clitest.rgmjjmywipmiqslgzl7tzax3aje4fcv3q5xr2h7hulg63ehpwno2mu7ij7dokxqbh5x","type":"Microsoft.Resources/resourceGroups","location":"westus","tags":{"product":"azurecli","cause":"automation","date":"2019-10-18T00:59:19Z"},"properties":{"provisioningState":"Succeeded"}},{"id":"/subscriptions/00000000-0000-0000-0000-000000000000/resourceGroups/clitest.rg6mxjzuorkskzxoisjj4q7leopfu5mge2nncxfuw33pn7w5rzgt6nqhx3f2koq427p","name":"clitest.rg6mxjzuorkskzxoisjj4q7leopfu5mge2nncxfuw33pn7w5rzgt6nqhx3f2koq427p","type":"Microsoft.Resources/resourceGroups","location":"westus","tags":{"product":"azurecli","cause":"automation","date":"2019-11-11T08:59:35Z"},"properties":{"provisioningState":"Succeeded"}},{"id":"/subscriptions/00000000-0000-0000-0000-000000000000/resourceGroups/clitest.rgduxuhyeqzrek7s3jfr776qvugv4qtmrxnlqcwiodxu2wihvqvuajr5bvtbfw2c74d","name":"clitest.rgduxuhyeqzrek7s3jfr776qvugv4qtmrxnlqcwiodxu2wihvqvuajr5bvtbfw2c74d","type":"Microsoft.Resources/resourceGroups","location":"westus","tags":{"product":"azurecli","cause":"automation","date":"2019-11-11T08:59:39Z"},"properties":{"provisioningState":"Succeeded"}},{"id":"/subscriptions/00000000-0000-0000-0000-000000000000/resourceGroups/clitest.rgzj3xc6lmggzuorcimokxvkq7lrrxtcty3dilmrxzwdjcq35dqahmc7e7snha4milh","name":"clitest.rgzj3xc6lmggzuorcimokxvkq7lrrxtcty3dilmrxzwdjcq35dqahmc7e7snha4milh","type":"Microsoft.Resources/resourceGroups","location":"westus","tags":{"product":"azurecli","cause":"automation","date":"2019-11-11T08:59:39Z"},"properties":{"provisioningState":"Succeeded"}},{"id":"/subscriptions/00000000-0000-0000-0000-000000000000/resourceGroups/clitest.rgdzk3w2kpwtbjaippkz6nrab53pinz3nbdcoxurf2fm477d5j2qa43kpmvlh34nudn","name":"clitest.rgdzk3w2kpwtbjaippkz6nrab53pinz3nbdcoxurf2fm477d5j2qa43kpmvlh34nudn","type":"Microsoft.Resources/resourceGroups","location":"westus","tags":{"product":"azurecli","cause":"automation","date":"2019-11-11T08:59:40Z"},"properties":{"provisioningState":"Succeeded"}},{"id":"/subscriptions/00000000-0000-0000-0000-000000000000/resourceGroups/sdk-wus2-rg-test","name":"sdk-wus2-rg-test","type":"Microsoft.Resources/resourceGroups","location":"westus2","tags":{},"properties":{"provisioningState":"Succeeded"}},{"id":"/subscriptions/00000000-0000-0000-0000-000000000000/resourceGroups/AzureSDKTest_reserved","name":"AzureSDKTest_reserved","type":"Microsoft.Resources/resourceGroups","location":"westus","properties":{"provisioningState":"Succeeded"}},{"id":"/subscriptions/00000000-0000-0000-0000-000000000000/resourceGroups/fytest","name":"fytest","type":"Microsoft.Resources/resourceGroups","location":"centraluseuap","properties":{"provisioningState":"Succeeded"}},{"id":"/subscriptions/00000000-0000-0000-0000-000000000000/resourceGroups/feng-cli-rg","name":"feng-cli-rg","type":"Microsoft.Resources/resourceGroups","location":"centralus","tags":{},"properties":{"provisioningState":"Succeeded"}},{"id":"/subscriptions/00000000-0000-0000-0000-000000000000/resourceGroups/yu-test-rg","name":"yu-test-rg","type":"Microsoft.Resources/resourceGroups","location":"eastus","tags":{},"properties":{"provisioningState":"Succeeded"}},{"id":"/subscriptions/00000000-0000-0000-0000-000000000000/resourceGroups/cli_test_mixed_realitygv2l3elh76a7brm66drgektfyzfsijxog6smmqzg6dnn2r7ofuf6c","name":"cli_test_mixed_realitygv2l3elh76a7brm66drgektfyzfsijxog6smmqzg6dnn2r7ofuf6c","type":"Microsoft.Resources/resourceGroups","location":"westus","tags":{"product":"azurecli","cause":"automation","date":"2019-12-27T22:15:53Z"},"properties":{"provisioningState":"Succeeded"}},{"id":"/subscriptions/00000000-0000-0000-0000-000000000000/resourceGroups/azure-cli-test-rg","name":"azure-cli-test-rg","type":"Microsoft.Resources/resourceGroups","location":"westus","properties":{"provisioningState":"Succeeded"}},{"id":"/subscriptions/00000000-0000-0000-0000-000000000000/resourceGroups/cli_test_azure_firewall_rules_with_ipgroupse4upfibqoujmdn4odvtgrbuvqqgdvwd7","name":"cli_test_azure_firewall_rules_with_ipgroupse4upfibqoujmdn4odvtgrbuvqqgdvwd7","type":"Microsoft.Resources/resourceGroups","location":"westus","tags":{"product":"azurecli","cause":"automation","date":"2019-12-30T02:24:44Z"},"properties":{"provisioningState":"Succeeded"}},{"id":"/subscriptions/00000000-0000-0000-0000-000000000000/resourceGroups/clitest.rg6i4hl6iakg","name":"clitest.rg6i4hl6iakg","type":"Microsoft.Resources/resourceGroups","location":"southeastasia","tags":{"Cost
        Center":""},"properties":{"provisioningState":"Succeeded"}}]}'
    headers:
      cache-control:
      - no-cache
      content-length:
      - '109632'
      content-type:
      - application/json; charset=utf-8
      date:
      - Wed, 19 May 2021 05:56:46 GMT
      expires:
      - '-1'
      pragma:
      - no-cache
      strict-transport-security:
      - max-age=31536000; includeSubDomains
      vary:
      - Accept-Encoding
      x-content-type-options:
      - nosniff
    status:
      code: 200
      message: OK
- request:
    body: '{"tags": {"tag1": "valueA", "tag2": "valueB"}}'
    headers:
      Accept:
      - application/json
      Accept-Encoding:
      - gzip, deflate
      Connection:
      - keep-alive
      Content-Length:
      - '46'
      Content-Type:
      - application/json
      User-Agent:
      - azsdk-python-azure-mgmt-resource/18.0.0 Python/3.8.10 (Linux-5.4.0-1047-azure-x86_64-with-glibc2.2.5)
        VSTS_0fb41ef4-5012-48a9-bf39-4ee3de03ee35_build_2500_0
    method: PATCH
    uri: https://management.azure.com/subscriptions/00000000-0000-0000-0000-000000000000/resourcegroups/test_mgmt_resource_test_resource_groups457f1050?api-version=2021-04-01
  response:
    body:
      string: '{"id":"/subscriptions/00000000-0000-0000-0000-000000000000/resourceGroups/test_mgmt_resource_test_resource_groups457f1050","name":"test_mgmt_resource_test_resource_groups457f1050","type":"Microsoft.Resources/resourceGroups","location":"westus","tags":{"tag1":"valueA","tag2":"valueB"},"properties":{"provisioningState":"Succeeded"}}'
    headers:
      cache-control:
      - no-cache
      content-length:
      - '332'
      content-type:
      - application/json; charset=utf-8
      date:
      - Wed, 19 May 2021 05:56:46 GMT
      expires:
      - '-1'
      pragma:
      - no-cache
      strict-transport-security:
      - max-age=31536000; includeSubDomains
      transfer-encoding:
      - chunked
      vary:
      - Accept-Encoding
      x-content-type-options:
      - nosniff
      x-ms-ratelimit-remaining-subscription-writes:
      - '1198'
    status:
      code: 200
      message: OK
- request:
    body: null
    headers:
      Accept:
      - application/json
      Accept-Encoding:
      - gzip, deflate
      Connection:
      - keep-alive
      User-Agent:
      - azsdk-python-azure-mgmt-resource/18.0.0 Python/3.8.10 (Linux-5.4.0-1047-azure-x86_64-with-glibc2.2.5)
        VSTS_0fb41ef4-5012-48a9-bf39-4ee3de03ee35_build_2500_0
    method: GET
    uri: https://management.azure.com/subscriptions/00000000-0000-0000-0000-000000000000/resourceGroups/test_mgmt_resource_test_resource_groups457f1050/resources?api-version=2021-04-01
  response:
    body:
      string: '{"value":[]}'
    headers:
      cache-control:
      - no-cache
      content-length:
      - '12'
      content-type:
      - application/json; charset=utf-8
      date:
      - Wed, 19 May 2021 05:56:46 GMT
      expires:
      - '-1'
      pragma:
      - no-cache
      strict-transport-security:
      - max-age=31536000; includeSubDomains
      vary:
      - Accept-Encoding
      x-content-type-options:
      - nosniff
    status:
      code: 200
      message: OK
- request:
    body: '{"resources": ["*"]}'
    headers:
      Accept:
      - application/json
      Accept-Encoding:
      - gzip, deflate
      Connection:
      - keep-alive
      Content-Length:
      - '20'
      Content-Type:
      - application/json
      User-Agent:
      - azsdk-python-azure-mgmt-resource/18.0.0 Python/3.8.10 (Linux-5.4.0-1047-azure-x86_64-with-glibc2.2.5)
        VSTS_0fb41ef4-5012-48a9-bf39-4ee3de03ee35_build_2500_0
    method: POST
    uri: https://management.azure.com/subscriptions/00000000-0000-0000-0000-000000000000/resourcegroups/test_mgmt_resource_test_resource_groups457f1050/exportTemplate?api-version=2021-04-01
  response:
    body:
      string: '{"template":{"$schema":"https://schema.management.azure.com/schemas/2019-04-01/deploymentTemplate.json#","contentVersion":"1.0.0.0","parameters":{},"variables":{},"resources":[]}}'
    headers:
      cache-control:
      - no-cache
      content-length:
      - '179'
      content-type:
      - application/json; charset=utf-8
      date:
      - Wed, 19 May 2021 05:56:47 GMT
      expires:
      - '-1'
      pragma:
      - no-cache
      strict-transport-security:
      - max-age=31536000; includeSubDomains
      vary:
      - Accept-Encoding
      x-content-type-options:
      - nosniff
    status:
      code: 200
      message: OK
- request:
    body: null
    headers:
      Accept:
      - application/json
      Accept-Encoding:
      - gzip, deflate
      Connection:
      - keep-alive
      Content-Length:
      - '0'
      User-Agent:
      - azsdk-python-azure-mgmt-resource/18.0.0 Python/3.8.10 (Linux-5.4.0-1047-azure-x86_64-with-glibc2.2.5)
        VSTS_0fb41ef4-5012-48a9-bf39-4ee3de03ee35_build_2500_0
    method: DELETE
    uri: https://management.azure.com/subscriptions/00000000-0000-0000-0000-000000000000/resourcegroups/test_mgmt_resource_test_resource_groups457f1050?api-version=2021-04-01
  response:
    body:
      string: ''
    headers:
      cache-control:
      - no-cache
      content-length:
      - '0'
      date:
      - Wed, 19 May 2021 05:56:48 GMT
      expires:
      - '-1'
      location:
      - https://management.azure.com/subscriptions/00000000-0000-0000-0000-000000000000/operationresults/eyJqb2JJZCI6IlJFU09VUkNFR1JPVVBERUxFVElPTkpPQi1URVNUOjVGTUdNVDo1RlJFU09VUkNFOjVGVEVTVDo1RlJFU09VUkNFOjVGR1JPVVBTNDU3RjEwNTAtV0VTVFVTIiwiam9iTG9jYXRpb24iOiJ3ZXN0dXMifQ?api-version=2021-04-01
      pragma:
      - no-cache
      strict-transport-security:
      - max-age=31536000; includeSubDomains
      x-content-type-options:
      - nosniff
      x-ms-ratelimit-remaining-subscription-deletes:
      - '14999'
    status:
      code: 202
      message: Accepted
- request:
    body: null
    headers:
      Accept:
      - '*/*'
      Accept-Encoding:
      - gzip, deflate
      Connection:
      - keep-alive
      User-Agent:
      - azsdk-python-azure-mgmt-resource/18.0.0 Python/3.8.10 (Linux-5.4.0-1047-azure-x86_64-with-glibc2.2.5)
        VSTS_0fb41ef4-5012-48a9-bf39-4ee3de03ee35_build_2500_0
    method: GET
    uri: https://management.azure.com/subscriptions/00000000-0000-0000-0000-000000000000/operationresults/eyJqb2JJZCI6IlJFU09VUkNFR1JPVVBERUxFVElPTkpPQi1URVNUOjVGTUdNVDo1RlJFU09VUkNFOjVGVEVTVDo1RlJFU09VUkNFOjVGR1JPVVBTNDU3RjEwNTAtV0VTVFVTIiwiam9iTG9jYXRpb24iOiJ3ZXN0dXMifQ?api-version=2021-04-01
  response:
    body:
      string: ''
    headers:
      cache-control:
      - no-cache
      content-length:
      - '0'
      date:
      - Wed, 19 May 2021 05:57:04 GMT
      expires:
      - '-1'
      location:
      - https://management.azure.com/subscriptions/00000000-0000-0000-0000-000000000000/operationresults/eyJqb2JJZCI6IlJFU09VUkNFR1JPVVBERUxFVElPTkpPQi1URVNUOjVGTUdNVDo1RlJFU09VUkNFOjVGVEVTVDo1RlJFU09VUkNFOjVGR1JPVVBTNDU3RjEwNTAtV0VTVFVTIiwiam9iTG9jYXRpb24iOiJ3ZXN0dXMifQ?api-version=2021-04-01
      pragma:
      - no-cache
      strict-transport-security:
      - max-age=31536000; includeSubDomains
      x-content-type-options:
      - nosniff
    status:
      code: 202
      message: Accepted
- request:
    body: null
    headers:
      Accept:
      - '*/*'
      Accept-Encoding:
      - gzip, deflate
      Connection:
      - keep-alive
      User-Agent:
      - azsdk-python-azure-mgmt-resource/18.0.0 Python/3.8.10 (Linux-5.4.0-1047-azure-x86_64-with-glibc2.2.5)
        VSTS_0fb41ef4-5012-48a9-bf39-4ee3de03ee35_build_2500_0
    method: GET
    uri: https://management.azure.com/subscriptions/00000000-0000-0000-0000-000000000000/operationresults/eyJqb2JJZCI6IlJFU09VUkNFR1JPVVBERUxFVElPTkpPQi1URVNUOjVGTUdNVDo1RlJFU09VUkNFOjVGVEVTVDo1RlJFU09VUkNFOjVGR1JPVVBTNDU3RjEwNTAtV0VTVFVTIiwiam9iTG9jYXRpb24iOiJ3ZXN0dXMifQ?api-version=2021-04-01
  response:
    body:
      string: ''
    headers:
      cache-control:
      - no-cache
      content-length:
      - '0'
      date:
      - Wed, 19 May 2021 05:57:19 GMT
      expires:
      - '-1'
      location:
      - https://management.azure.com/subscriptions/00000000-0000-0000-0000-000000000000/operationresults/eyJqb2JJZCI6IlJFU09VUkNFR1JPVVBERUxFVElPTkpPQi1URVNUOjVGTUdNVDo1RlJFU09VUkNFOjVGVEVTVDo1RlJFU09VUkNFOjVGR1JPVVBTNDU3RjEwNTAtV0VTVFVTIiwiam9iTG9jYXRpb24iOiJ3ZXN0dXMifQ?api-version=2021-04-01
      pragma:
      - no-cache
      strict-transport-security:
      - max-age=31536000; includeSubDomains
      x-content-type-options:
      - nosniff
    status:
      code: 202
      message: Accepted
- request:
    body: null
    headers:
      Accept:
      - '*/*'
      Accept-Encoding:
      - gzip, deflate
      Connection:
      - keep-alive
      User-Agent:
      - azsdk-python-azure-mgmt-resource/18.0.0 Python/3.8.10 (Linux-5.4.0-1047-azure-x86_64-with-glibc2.2.5)
        VSTS_0fb41ef4-5012-48a9-bf39-4ee3de03ee35_build_2500_0
    method: GET
    uri: https://management.azure.com/subscriptions/00000000-0000-0000-0000-000000000000/operationresults/eyJqb2JJZCI6IlJFU09VUkNFR1JPVVBERUxFVElPTkpPQi1URVNUOjVGTUdNVDo1RlJFU09VUkNFOjVGVEVTVDo1RlJFU09VUkNFOjVGR1JPVVBTNDU3RjEwNTAtV0VTVFVTIiwiam9iTG9jYXRpb24iOiJ3ZXN0dXMifQ?api-version=2021-04-01
  response:
    body:
      string: ''
    headers:
      cache-control:
      - no-cache
      content-length:
      - '0'
      date:
      - Wed, 19 May 2021 05:57:34 GMT
      expires:
      - '-1'
      pragma:
      - no-cache
      strict-transport-security:
      - max-age=31536000; includeSubDomains
      x-content-type-options:
      - nosniff
    status:
      code: 200
      message: OK
version: 1
