interactions:
- request:
    body: '{"location": "westus", "tags": {"tag1": "value1"}}'
    headers:
      Accept:
      - application/json
      Accept-Encoding:
      - gzip, deflate
      Connection:
      - keep-alive
      Content-Length:
      - '50'
      Content-Type:
      - application/json; charset=utf-8
      User-Agent:
      - python/3.8.1 (Windows-10-10.0.18362-SP0) msrest/0.6.13 msrest_azure/0.6.3
        azure-mgmt-resource/9.0.0 Azure-SDK-For-Python
      accept-language:
      - en-US
    method: PUT
    uri: https://management.azure.com/subscriptions/00000000-0000-0000-0000-000000000000/resourcegroups/test_mgmt_resource_test_resource_groups457f1050?api-version=2019-10-01
  response:
    body:
      string: '{"id":"/subscriptions/00000000-0000-0000-0000-000000000000/resourceGroups/test_mgmt_resource_test_resource_groups457f1050","name":"test_mgmt_resource_test_resource_groups457f1050","type":"Microsoft.Resources/resourceGroups","location":"westus","tags":{"tag1":"value1"},"properties":{"provisioningState":"Succeeded"}}'
    headers:
      cache-control:
      - no-cache
      content-length:
      - '316'
      content-type:
      - application/json; charset=utf-8
      date:
      - Fri, 15 May 2020 02:24:06 GMT
      expires:
      - '-1'
      pragma:
      - no-cache
      strict-transport-security:
      - max-age=31536000; includeSubDomains
      x-content-type-options:
      - nosniff
      x-ms-ratelimit-remaining-subscription-writes:
      - '1196'
    status:
      code: 201
      message: Created
- request:
    body: null
    headers:
      Accept:
      - application/json
      Accept-Encoding:
      - gzip, deflate
      Connection:
      - keep-alive
      User-Agent:
      - python/3.8.1 (Windows-10-10.0.18362-SP0) msrest/0.6.13 msrest_azure/0.6.3
        azure-mgmt-resource/9.0.0 Azure-SDK-For-Python
      accept-language:
      - en-US
    method: GET
    uri: https://management.azure.com/subscriptions/00000000-0000-0000-0000-000000000000/resourcegroups/test_mgmt_resource_test_resource_groups457f1050?api-version=2019-10-01
  response:
    body:
      string: '{"id":"/subscriptions/00000000-0000-0000-0000-000000000000/resourceGroups/test_mgmt_resource_test_resource_groups457f1050","name":"test_mgmt_resource_test_resource_groups457f1050","type":"Microsoft.Resources/resourceGroups","location":"westus","tags":{"tag1":"value1"},"properties":{"provisioningState":"Succeeded"}}'
    headers:
      cache-control:
      - no-cache
      content-length:
      - '316'
      content-type:
      - application/json; charset=utf-8
      date:
      - Fri, 15 May 2020 02:24:06 GMT
      expires:
      - '-1'
      pragma:
      - no-cache
      strict-transport-security:
      - max-age=31536000; includeSubDomains
      vary:
      - Accept-Encoding
      x-content-type-options:
      - nosniff
    status:
      code: 200
      message: OK
- request:
    body: null
    headers:
      Accept:
      - application/json
      Accept-Encoding:
      - gzip, deflate
      Connection:
      - keep-alive
      User-Agent:
      - python/3.8.1 (Windows-10-10.0.18362-SP0) msrest/0.6.13 msrest_azure/0.6.3
        azure-mgmt-resource/9.0.0 Azure-SDK-For-Python
      accept-language:
      - en-US
    method: HEAD
    uri: https://management.azure.com/subscriptions/00000000-0000-0000-0000-000000000000/resourcegroups/test_mgmt_resource_test_resource_groups457f1050?api-version=2019-10-01
  response:
    body:
      string: ''
    headers:
      cache-control:
      - no-cache
      content-length:
      - '0'
      date:
      - Fri, 15 May 2020 02:24:06 GMT
      expires:
      - '-1'
      pragma:
      - no-cache
      strict-transport-security:
      - max-age=31536000; includeSubDomains
      x-content-type-options:
      - nosniff
    status:
      code: 204
      message: No Content
- request:
    body: null
    headers:
      Accept:
      - application/json
      Accept-Encoding:
      - gzip, deflate
      Connection:
      - keep-alive
      User-Agent:
      - python/3.8.1 (Windows-10-10.0.18362-SP0) msrest/0.6.13 msrest_azure/0.6.3
        azure-mgmt-resource/9.0.0 Azure-SDK-For-Python
      accept-language:
      - en-US
    method: HEAD
    uri: https://management.azure.com/subscriptions/00000000-0000-0000-0000-000000000000/resourcegroups/unknowngroup?api-version=2019-10-01
  response:
    body:
      string: ''
    headers:
      cache-control:
      - no-cache
      content-length:
      - '104'
      content-type:
      - application/json; charset=utf-8
      date:
      - Fri, 15 May 2020 02:24:06 GMT
      expires:
      - '-1'
      pragma:
      - no-cache
      strict-transport-security:
      - max-age=31536000; includeSubDomains
      x-content-type-options:
      - nosniff
      x-ms-failure-cause:
      - gateway
    status:
      code: 404
      message: Not Found
- request:
    body: null
    headers:
      Accept:
      - application/json
      Accept-Encoding:
      - gzip, deflate
      Connection:
      - keep-alive
      User-Agent:
      - python/3.8.1 (Windows-10-10.0.18362-SP0) msrest/0.6.13 msrest_azure/0.6.3
        azure-mgmt-resource/9.0.0 Azure-SDK-For-Python
      accept-language:
      - en-US
    method: GET
    uri: https://management.azure.com/subscriptions/00000000-0000-0000-0000-000000000000/resourcegroups?api-version=2019-10-01
  response:
    body:
      string: '{"value":[{"id":"/subscriptions/00000000-0000-0000-0000-000000000000/resourceGroups/arm-python-RG","name":"arm-python-RG","type":"Microsoft.Resources/resourceGroups","location":"westeurope","properties":{"provisioningState":"Succeeded"}},{"id":"/subscriptions/00000000-0000-0000-0000-000000000000/resourceGroups/lianwtest-rg","name":"lianwtest-rg","type":"Microsoft.Resources/resourceGroups","location":"southcentralus","properties":{"provisioningState":"Succeeded"}},{"id":"/subscriptions/00000000-0000-0000-0000-000000000000/resourceGroups/VstsRG-lianwtestdevops-ffd5","name":"VstsRG-lianwtestdevops-ffd5","type":"Microsoft.Resources/resourceGroups","location":"centralus","properties":{"provisioningState":"Succeeded"}},{"id":"/subscriptions/00000000-0000-0000-0000-000000000000/resourceGroups/qiaozhatest","name":"qiaozhatest","type":"Microsoft.Resources/resourceGroups","location":"eastus","properties":{"provisioningState":"Succeeded"}},{"id":"/subscriptions/00000000-0000-0000-0000-000000000000/resourceGroups/sqlresourceGroupName","name":"sqlresourceGroupName","type":"Microsoft.Resources/resourceGroups","location":"eastus","properties":{"provisioningState":"Succeeded"}},{"id":"/subscriptions/00000000-0000-0000-0000-000000000000/resourceGroups/sdk-net-test-qa2","name":"sdk-net-test-qa2","type":"Microsoft.Resources/resourceGroups","location":"eastus","tags":{},"properties":{"provisioningState":"Succeeded"}},{"id":"/subscriptions/00000000-0000-0000-0000-000000000000/resourceGroups/sdk-test-qa2","name":"sdk-test-qa2","type":"Microsoft.Resources/resourceGroups","location":"eastus","tags":{},"properties":{"provisioningState":"Succeeded"}},{"id":"/subscriptions/00000000-0000-0000-0000-000000000000/resourceGroups/devops_pipeline_resourcename","name":"devops_pipeline_resourcename","type":"Microsoft.Resources/resourceGroups","location":"eastus","tags":{},"properties":{"provisioningState":"Succeeded"}},{"id":"/subscriptions/00000000-0000-0000-0000-000000000000/resourceGroups/devops_pipeline_resourcename2","name":"devops_pipeline_resourcename2","type":"Microsoft.Resources/resourceGroups","location":"eastus","tags":{},"properties":{"provisioningState":"Succeeded"}},{"id":"/subscriptions/00000000-0000-0000-0000-000000000000/resourceGroups/test_cli_mgmt_network_virtual_network_test_network168d14fb","name":"test_cli_mgmt_network_virtual_network_test_network168d14fb","type":"Microsoft.Resources/resourceGroups","location":"eastus","properties":{"provisioningState":"Succeeded"}},{"id":"/subscriptions/00000000-0000-0000-0000-000000000000/resourceGroups/lianw","name":"lianw","type":"Microsoft.Resources/resourceGroups","location":"eastus","tags":{},"properties":{"provisioningState":"Succeeded"}},{"id":"/subscriptions/00000000-0000-0000-0000-000000000000/resourceGroups/cafkkxao3up6mhasfalpf3bya4ckrefgcxmbhec7oejs5zdjihc5x5pabfrlnztzoiqsez6od6i","name":"cafkkxao3up6mhasfalpf3bya4ckrefgcxmbhec7oejs5zdjihc5x5pabfrlnztzoiqsez6od6i","type":"Microsoft.Resources/resourceGroups","location":"eastus","properties":{"provisioningState":"Succeeded"}},{"id":"/subscriptions/00000000-0000-0000-0000-000000000000/resourceGroups/awxdx7x2w42dnihlmciaropy454gia4tuk4kytfdyrhdb7szcu3kbdgzdlg25l67jnqnujjxxsw","name":"awxdx7x2w42dnihlmciaropy454gia4tuk4kytfdyrhdb7szcu3kbdgzdlg25l67jnqnujjxxsw","type":"Microsoft.Resources/resourceGroups","location":"eastus","properties":{"provisioningState":"Succeeded"}},{"id":"/subscriptions/00000000-0000-0000-0000-000000000000/resourceGroups/test-changlong","name":"test-changlong","type":"Microsoft.Resources/resourceGroups","location":"eastus","tags":{},"properties":{"provisioningState":"Succeeded"}},{"id":"/subscriptions/00000000-0000-0000-0000-000000000000/resourceGroups/pcodogvglm7lkk32ymil2uey4ohpexgcexgx5hc4wp7urvjewg3sl6wbebtbkbzocao2rf235t5","name":"pcodogvglm7lkk32ymil2uey4ohpexgcexgx5hc4wp7urvjewg3sl6wbebtbkbzocao2rf235t5","type":"Microsoft.Resources/resourceGroups","location":"eastus","properties":{"provisioningState":"Succeeded"}},{"id":"/subscriptions/00000000-0000-0000-0000-000000000000/resourceGroups/test_mgmt_compute_galleries_test_compute_galleries10bb14a9","name":"test_mgmt_compute_galleries_test_compute_galleries10bb14a9","type":"Microsoft.Resources/resourceGroups","location":"eastus","properties":{"provisioningState":"Succeeded"}},{"id":"/subscriptions/00000000-0000-0000-0000-000000000000/resourceGroups/testgroupvm","name":"testgroupvm","type":"Microsoft.Resources/resourceGroups","location":"eastus","properties":{"provisioningState":"Succeeded"}},{"id":"/subscriptions/00000000-0000-0000-0000-000000000000/resourceGroups/testgroupx","name":"testgroupx","type":"Microsoft.Resources/resourceGroups","location":"eastus","properties":{"provisioningState":"Deleting"}},{"id":"/subscriptions/00000000-0000-0000-0000-000000000000/resourceGroups/acctestRG-backup-200214153104593818-1","name":"acctestRG-backup-200214153104593818-1","type":"Microsoft.Resources/resourceGroups","location":"westus","tags":{},"properties":{"provisioningState":"Succeeded"}},{"id":"/subscriptions/00000000-0000-0000-0000-000000000000/resourceGroups/test_mgmt_managed_disks_test_grant_access609310b8","name":"test_mgmt_managed_disks_test_grant_access609310b8","type":"Microsoft.Resources/resourceGroups","location":"westus","properties":{"provisioningState":"Succeeded"}},{"id":"/subscriptions/00000000-0000-0000-0000-000000000000/resourceGroups/sdk-test-qa2-R","name":"sdk-test-qa2-R","type":"Microsoft.Resources/resourceGroups","location":"westus","tags":{},"properties":{"provisioningState":"Succeeded"}},{"id":"/subscriptions/00000000-0000-0000-0000-000000000000/resourceGroups/IT_cafkkxao3up6mhasfalpf3bya4ckrefgcxmbhec7_4b3f70c7-334e-4380-968d-eeb13c406e05","name":"IT_cafkkxao3up6mhasfalpf3bya4ckrefgcxmbhec7_4b3f70c7-334e-4380-968d-eeb13c406e05","type":"Microsoft.Resources/resourceGroups","location":"westus","managedBy":"/subscriptions/00000000-0000-0000-0000-000000000000/resourcegroups/cafkkxao3up6mhasfalpf3bya4ckrefgcxmbhec7oejs5zdjihc5x5pabfrlnztzoiqsez6od6i/providers/Microsoft.VirtualMachineImages/imageTemplates/MyImageTemplate","tags":{"createdBy":"AzureVMImageBuilder","imageTemplateName":"MyImageTemplate","imageTemplateResourceGroupName":"cafkkxao3up6mhasfalpf3bya4ckrefgcxmbhec7oejs5zdjihc5x5pabfrlnztzoiqsez6od6i"},"properties":{"provisioningState":"Succeeded"}},{"id":"/subscriptions/00000000-0000-0000-0000-000000000000/resourceGroups/IT_awxdx7x2w42dnihlmciaropy454gia4tuk4kytfd_ba3e8225-b61a-4af4-8bcd-2c1827d6fb2e","name":"IT_awxdx7x2w42dnihlmciaropy454gia4tuk4kytfd_ba3e8225-b61a-4af4-8bcd-2c1827d6fb2e","type":"Microsoft.Resources/resourceGroups","location":"westus","managedBy":"/subscriptions/00000000-0000-0000-0000-000000000000/resourcegroups/awxdx7x2w42dnihlmciaropy454gia4tuk4kytfdyrhdb7szcu3kbdgzdlg25l67jnqnujjxxsw/providers/Microsoft.VirtualMachineImages/imageTemplates/MyImageTemplate","tags":{"createdBy":"AzureVMImageBuilder","imageTemplateName":"MyImageTemplate","imageTemplateResourceGroupName":"awxdx7x2w42dnihlmciaropy454gia4tuk4kytfdyrhdb7szcu3kbdgzdlg25l67jnqnujjxxsw"},"properties":{"provisioningState":"Succeeded"}},{"id":"/subscriptions/00000000-0000-0000-0000-000000000000/resourceGroups/IT_pcodogvglm7lkk32ymil2uey4ohpexgcexgx5hc4_e48166ab-9535-46c0-aea5-65ab7ad129bc","name":"IT_pcodogvglm7lkk32ymil2uey4ohpexgcexgx5hc4_e48166ab-9535-46c0-aea5-65ab7ad129bc","type":"Microsoft.Resources/resourceGroups","location":"westus","managedBy":"/subscriptions/00000000-0000-0000-0000-000000000000/resourcegroups/pcodogvglm7lkk32ymil2uey4ohpexgcexgx5hc4wp7urvjewg3sl6wbebtbkbzocao2rf235t5/providers/Microsoft.VirtualMachineImages/imageTemplates/MyNewImageTemplate","tags":{"createdBy":"AzureVMImageBuilder","imageTemplateName":"MyNewImageTemplate","imageTemplateResourceGroupName":"pcodogvglm7lkk32ymil2uey4ohpexgcexgx5hc4wp7urvjewg3sl6wbebtbkbzocao2rf235t5"},"properties":{"provisioningState":"Succeeded"}},{"id":"/subscriptions/00000000-0000-0000-0000-000000000000/resourceGroups/azure-sample-group-virtual-machines","name":"azure-sample-group-virtual-machines","type":"Microsoft.Resources/resourceGroups","location":"westus","properties":{"provisioningState":"Succeeded"}},{"id":"/subscriptions/00000000-0000-0000-0000-000000000000/resourceGroups/test_mgmt_resource_test_deployments_basic667e10fe","name":"test_mgmt_resource_test_deployments_basic667e10fe","type":"Microsoft.Resources/resourceGroups","location":"westus","properties":{"provisioningState":"Deleting"}},{"id":"/subscriptions/00000000-0000-0000-0000-000000000000/resourceGroups/test_mgmt_resource_test_deployments_linked_template27ec152e","name":"test_mgmt_resource_test_deployments_linked_template27ec152e","type":"Microsoft.Resources/resourceGroups","location":"westus","properties":{"provisioningState":"Deleting"}},{"id":"/subscriptions/00000000-0000-0000-0000-000000000000/resourceGroups/test_mgmt_resource_test_deployments_linked_template_errorafa117b7","name":"test_mgmt_resource_test_deployments_linked_template_errorafa117b7","type":"Microsoft.Resources/resourceGroups","location":"westus","properties":{"provisioningState":"Deleting"}},{"id":"/subscriptions/00000000-0000-0000-0000-000000000000/resourceGroups/test_mgmt_resource_test_resource_groups457f1050","name":"test_mgmt_resource_test_resource_groups457f1050","type":"Microsoft.Resources/resourceGroups","location":"westus","tags":{"tag1":"value1"},"properties":{"provisioningState":"Succeeded"}},{"id":"/subscriptions/92F95D8F-3C67-4124-91C7-8CF07CDBF241/resourceGroups/DEFAULT-EVENTGRID","name":"DEFAULT-EVENTGRID","type":"Microsoft.Resources/resourceGroups","location":"westus2","properties":{"provisioningState":"Succeeded"}},{"id":"/subscriptions/00000000-0000-0000-0000-000000000000/resourceGroups/cloud-shell-storage-southeastasia","name":"cloud-shell-storage-southeastasia","type":"Microsoft.Resources/resourceGroups","location":"southeastasia","properties":{"provisioningState":"Succeeded"}},{"id":"/subscriptions/00000000-0000-0000-0000-000000000000/resourceGroups/testresourceGroupName","name":"testresourceGroupName","type":"Microsoft.Resources/resourceGroups","location":"eastasia","properties":{"provisioningState":"Succeeded"}},{"id":"/subscriptions/00000000-0000-0000-0000-000000000000/resourceGroups/myDevopsResourceGroup2","name":"myDevopsResourceGroup2","type":"Microsoft.Resources/resourceGroups","location":"eastasia","tags":{"environment":"Terraform
        Devops Test"},"properties":{"provisioningState":"Succeeded"}},{"id":"/subscriptions/00000000-0000-0000-0000-000000000000/resourceGroups/azure-sdk-for-js","name":"azure-sdk-for-js","type":"Microsoft.Resources/resourceGroups","location":"westus","properties":{"provisioningState":"Succeeded"}},{"id":"/subscriptions/00000000-0000-0000-0000-000000000000/resourceGroups/azure-sdk-for-node","name":"azure-sdk-for-node","type":"Microsoft.Resources/resourceGroups","location":"westus","tags":{},"properties":{"provisioningState":"Succeeded"}},{"id":"/subscriptions/00000000-0000-0000-0000-000000000000/resourceGroups/cleanupservice","name":"cleanupservice","type":"Microsoft.Resources/resourceGroups","location":"westus","tags":{"What
        Is Cleanup Service":"https://aka.ms/WhatIsCleanupService"},"properties":{"provisioningState":"Succeeded"}},{"id":"/subscriptions/00000000-0000-0000-0000-000000000000/resourceGroups/dev-box","name":"dev-box","type":"Microsoft.Resources/resourceGroups","location":"westus","properties":{"provisioningState":"Succeeded"}},{"id":"/subscriptions/00000000-0000-0000-0000-000000000000/resourceGroups/git2gridtemplate","name":"git2gridtemplate","type":"Microsoft.Resources/resourceGroups","location":"westus","properties":{"provisioningState":"Succeeded"}},{"id":"/subscriptions/00000000-0000-0000-0000-000000000000/resourceGroups/git2gridtesting","name":"git2gridtesting","type":"Microsoft.Resources/resourceGroups","location":"westus","properties":{"provisioningState":"Succeeded"}},{"id":"/subscriptions/00000000-0000-0000-0000-000000000000/resourceGroups/ml-test","name":"ml-test","type":"Microsoft.Resources/resourceGroups","location":"southcentralus","properties":{"provisioningState":"Succeeded"}},{"id":"/subscriptions/00000000-0000-0000-0000-000000000000/resourceGroups/msi-test-functions","name":"msi-test-functions","type":"Microsoft.Resources/resourceGroups","location":"westus","properties":{"provisioningState":"Succeeded"}},{"id":"/subscriptions/00000000-0000-0000-0000-000000000000/resourceGroups/vpn","name":"vpn","type":"Microsoft.Resources/resourceGroups","location":"ukwest","properties":{"provisioningState":"Succeeded"}},{"id":"/subscriptions/00000000-0000-0000-0000-000000000000/resourceGroups/vpn-lon","name":"vpn-lon","type":"Microsoft.Resources/resourceGroups","location":"ukwest","properties":{"provisioningState":"Succeeded"}}]}'
    headers:
      cache-control:
      - no-cache
      content-length:
      - '12776'
      content-type:
      - application/json; charset=utf-8
      date:
      - Fri, 15 May 2020 02:24:06 GMT
      expires:
      - '-1'
      pragma:
      - no-cache
      strict-transport-security:
      - max-age=31536000; includeSubDomains
      vary:
      - Accept-Encoding
      x-content-type-options:
      - nosniff
    status:
      code: 200
      message: OK
- request:
    body: null
    headers:
      Accept:
      - application/json
      Accept-Encoding:
      - gzip, deflate
      Connection:
      - keep-alive
      User-Agent:
      - python/3.8.1 (Windows-10-10.0.18362-SP0) msrest/0.6.13 msrest_azure/0.6.3
        azure-mgmt-resource/9.0.0 Azure-SDK-For-Python
      accept-language:
      - en-US
    method: GET
    uri: https://management.azure.com/subscriptions/00000000-0000-0000-0000-000000000000/resourcegroups?$top=2&api-version=2019-10-01
  response:
    body:
      string: '{"value":[{"id":"/subscriptions/00000000-0000-0000-0000-000000000000/resourceGroups/arm-python-RG","name":"arm-python-RG","type":"Microsoft.Resources/resourceGroups","location":"westeurope","properties":{"provisioningState":"Succeeded"}},{"id":"/subscriptions/00000000-0000-0000-0000-000000000000/resourceGroups/lianwtest-rg","name":"lianwtest-rg","type":"Microsoft.Resources/resourceGroups","location":"southcentralus","properties":{"provisioningState":"Succeeded"}}],"nextLink":"https://management.azure.com/subscriptions/00000000-0000-0000-0000-000000000000/resourcegroups?%24top=2&api-version=2019-10-01&%24skiptoken=eyJuZXh0TWFya2VyIjoiK1JJRDp%2bZjdOOUFMc1FYSG9aVE5ZQUFBQWdBdz09I1JUOjEjVFJDOjIjSVNWOjIjSUVPOjY1NTUxI0ZQQzpBZ2haQXdBQWdBd0FBSm9JQUFBQUZBQUFXUU1BQUlBTUFBQUNBQm1NdndVQUFJQU1BQUFDQU9PdnNBWUFBSUFNQUFBQ0FCcVBzZ1lBQUlBTUFBQUtBQldJOFJFQUdNRU5FRUN6QmdBQWdBd0FBQXdBWTVXWWx6YUdrWURoQndFQ3RBWUFBSUFNQUFBR0FDZVRvcElia1FnS0FBQ0FEQUFBQWdEL2hBb0tBQUNBREFBQUFnQWhzUXdLQUFDQURBQUFBZ0Jwc0EwS0FBQ0FEQUFBQmdEMXNadUFyWWdPQ2dBQWdBd0FBQWdBSjV6Q0hRQ2dBd0JGQ2dBQWdBd0FBQUlBMklzcERBQUFnQXdBQUFJQXlwRi9Ed0FBZ0F3QUFBUUFrNkpVakpvSUFBQUFGQUFBQ0FCRElBQXdVMFlFQUE9PSJ9"}'
    headers:
      cache-control:
      - no-cache
      content-length:
      - '1157'
      content-type:
      - application/json; charset=utf-8
      date:
      - Fri, 15 May 2020 02:24:06 GMT
      expires:
      - '-1'
      pragma:
      - no-cache
      strict-transport-security:
      - max-age=31536000; includeSubDomains
      vary:
      - Accept-Encoding
      x-content-type-options:
      - nosniff
    status:
      code: 200
      message: OK
- request:
    body: '{"tags": {"tag1": "valueA", "tag2": "valueB"}}'
    headers:
      Accept:
      - application/json
      Accept-Encoding:
      - gzip, deflate
      Connection:
      - keep-alive
      Content-Length:
      - '46'
      Content-Type:
      - application/json; charset=utf-8
      User-Agent:
      - python/3.8.1 (Windows-10-10.0.18362-SP0) msrest/0.6.13 msrest_azure/0.6.3
        azure-mgmt-resource/9.0.0 Azure-SDK-For-Python
      accept-language:
      - en-US
    method: PATCH
    uri: https://management.azure.com/subscriptions/00000000-0000-0000-0000-000000000000/resourcegroups/test_mgmt_resource_test_resource_groups457f1050?api-version=2019-10-01
  response:
    body:
      string: '{"id":"/subscriptions/00000000-0000-0000-0000-000000000000/resourceGroups/test_mgmt_resource_test_resource_groups457f1050","name":"test_mgmt_resource_test_resource_groups457f1050","type":"Microsoft.Resources/resourceGroups","location":"westus","tags":{"tag1":"valueA","tag2":"valueB"},"properties":{"provisioningState":"Succeeded"}}'
    headers:
      cache-control:
      - no-cache
      content-length:
      - '332'
      content-type:
      - application/json; charset=utf-8
      date:
      - Fri, 15 May 2020 02:24:08 GMT
      expires:
      - '-1'
      pragma:
      - no-cache
      strict-transport-security:
      - max-age=31536000; includeSubDomains
      transfer-encoding:
      - chunked
      vary:
      - Accept-Encoding
      x-content-type-options:
      - nosniff
      x-ms-ratelimit-remaining-subscription-writes:
      - '1195'
    status:
      code: 200
      message: OK
- request:
    body: null
    headers:
      Accept:
      - application/json
      Accept-Encoding:
      - gzip, deflate
      Connection:
      - keep-alive
      User-Agent:
      - python/3.8.1 (Windows-10-10.0.18362-SP0) msrest/0.6.13 msrest_azure/0.6.3
        azure-mgmt-resource/9.0.0 Azure-SDK-For-Python
      accept-language:
      - en-US
    method: GET
    uri: https://management.azure.com/subscriptions/00000000-0000-0000-0000-000000000000/resourceGroups/test_mgmt_resource_test_resource_groups457f1050/resources?api-version=2019-10-01
  response:
    body:
      string: '{"value":[]}'
    headers:
      cache-control:
      - no-cache
      content-length:
      - '12'
      content-type:
      - application/json; charset=utf-8
      date:
      - Fri, 15 May 2020 02:24:08 GMT
      expires:
      - '-1'
      pragma:
      - no-cache
      strict-transport-security:
      - max-age=31536000; includeSubDomains
      vary:
      - Accept-Encoding
      x-content-type-options:
      - nosniff
    status:
      code: 200
      message: OK
- request:
    body: '{"resources": ["*"]}'
    headers:
      Accept:
      - application/json
      Accept-Encoding:
      - gzip, deflate
      Connection:
      - keep-alive
      Content-Length:
      - '20'
      Content-Type:
      - application/json; charset=utf-8
      User-Agent:
      - python/3.8.1 (Windows-10-10.0.18362-SP0) msrest/0.6.13 msrest_azure/0.6.3
        azure-mgmt-resource/9.0.0 Azure-SDK-For-Python
      accept-language:
      - en-US
    method: POST
    uri: https://management.azure.com/subscriptions/00000000-0000-0000-0000-000000000000/resourcegroups/test_mgmt_resource_test_resource_groups457f1050/exportTemplate?api-version=2019-10-01
  response:
    body:
      string: '{"template":{"$schema":"https://schema.management.azure.com/schemas/2015-01-01/deploymentTemplate.json#","contentVersion":"1.0.0.0","parameters":{},"variables":{},"resources":[]}}'
    headers:
      cache-control:
      - no-cache
      content-length:
      - '179'
      content-type:
      - application/json; charset=utf-8
      date:
      - Fri, 15 May 2020 02:24:09 GMT
      expires:
      - '-1'
      pragma:
      - no-cache
      strict-transport-security:
      - max-age=31536000; includeSubDomains
      vary:
      - Accept-Encoding
      x-content-type-options:
      - nosniff
    status:
      code: 200
      message: OK
- request:
    body: null
    headers:
      Accept:
      - application/json
      Accept-Encoding:
      - gzip, deflate
      Connection:
      - keep-alive
      Content-Length:
      - '0'
      User-Agent:
      - python/3.8.1 (Windows-10-10.0.18362-SP0) msrest/0.6.13 msrest_azure/0.6.3
        azure-mgmt-resource/9.0.0 Azure-SDK-For-Python
      accept-language:
      - en-US
    method: DELETE
    uri: https://management.azure.com/subscriptions/00000000-0000-0000-0000-000000000000/resourcegroups/test_mgmt_resource_test_resource_groups457f1050?api-version=2019-10-01
  response:
    body:
      string: ''
    headers:
      cache-control:
      - no-cache
      content-length:
      - '0'
      date:
      - Fri, 15 May 2020 02:24:12 GMT
      expires:
      - '-1'
      location:
      - https://management.azure.com/subscriptions/00000000-0000-0000-0000-000000000000/operationresults/eyJqb2JJZCI6IlJFU09VUkNFR1JPVVBERUxFVElPTkpPQi1URVNUOjVGTUdNVDo1RlJFU09VUkNFOjVGVEVTVDo1RlJFU09VUkNFOjVGR1JPVVBTNDU3RjEwNTAtV0VTVFVTIiwiam9iTG9jYXRpb24iOiJ3ZXN0dXMifQ?api-version=2019-10-01
      pragma:
      - no-cache
      strict-transport-security:
      - max-age=31536000; includeSubDomains
      x-content-type-options:
      - nosniff
      x-ms-ratelimit-remaining-subscription-deletes:
      - '14997'
    status:
      code: 202
      message: Accepted
- request:
    body: null
    headers:
      Accept:
      - application/json
      Accept-Encoding:
      - gzip, deflate
      Connection:
      - keep-alive
      User-Agent:
      - python/3.8.1 (Windows-10-10.0.18362-SP0) msrest/0.6.13 msrest_azure/0.6.3
        azure-mgmt-resource/9.0.0 Azure-SDK-For-Python
    method: GET
    uri: https://management.azure.com/subscriptions/00000000-0000-0000-0000-000000000000/operationresults/eyJqb2JJZCI6IlJFU09VUkNFR1JPVVBERUxFVElPTkpPQi1URVNUOjVGTUdNVDo1RlJFU09VUkNFOjVGVEVTVDo1RlJFU09VUkNFOjVGR1JPVVBTNDU3RjEwNTAtV0VTVFVTIiwiam9iTG9jYXRpb24iOiJ3ZXN0dXMifQ?api-version=2019-10-01
  response:
    body:
      string: ''
    headers:
      cache-control:
      - no-cache
      content-length:
      - '0'
      date:
      - Fri, 15 May 2020 02:24:28 GMT
      expires:
      - '-1'
      location:
      - https://management.azure.com/subscriptions/00000000-0000-0000-0000-000000000000/operationresults/eyJqb2JJZCI6IlJFU09VUkNFR1JPVVBERUxFVElPTkpPQi1URVNUOjVGTUdNVDo1RlJFU09VUkNFOjVGVEVTVDo1RlJFU09VUkNFOjVGR1JPVVBTNDU3RjEwNTAtV0VTVFVTIiwiam9iTG9jYXRpb24iOiJ3ZXN0dXMifQ?api-version=2019-10-01
      pragma:
      - no-cache
      strict-transport-security:
      - max-age=31536000; includeSubDomains
      x-content-type-options:
      - nosniff
    status:
      code: 202
      message: Accepted
- request:
    body: null
    headers:
      Accept:
      - application/json
      Accept-Encoding:
      - gzip, deflate
      Connection:
      - keep-alive
      User-Agent:
      - python/3.8.1 (Windows-10-10.0.18362-SP0) msrest/0.6.13 msrest_azure/0.6.3
        azure-mgmt-resource/9.0.0 Azure-SDK-For-Python
    method: GET
    uri: https://management.azure.com/subscriptions/00000000-0000-0000-0000-000000000000/operationresults/eyJqb2JJZCI6IlJFU09VUkNFR1JPVVBERUxFVElPTkpPQi1URVNUOjVGTUdNVDo1RlJFU09VUkNFOjVGVEVTVDo1RlJFU09VUkNFOjVGR1JPVVBTNDU3RjEwNTAtV0VTVFVTIiwiam9iTG9jYXRpb24iOiJ3ZXN0dXMifQ?api-version=2019-10-01
  response:
    body:
      string: ''
    headers:
      cache-control:
      - no-cache
      content-length:
      - '0'
      date:
      - Fri, 15 May 2020 02:24:44 GMT
      expires:
      - '-1'
      location:
      - https://management.azure.com/subscriptions/00000000-0000-0000-0000-000000000000/operationresults/eyJqb2JJZCI6IlJFU09VUkNFR1JPVVBERUxFVElPTkpPQi1URVNUOjVGTUdNVDo1RlJFU09VUkNFOjVGVEVTVDo1RlJFU09VUkNFOjVGR1JPVVBTNDU3RjEwNTAtV0VTVFVTIiwiam9iTG9jYXRpb24iOiJ3ZXN0dXMifQ?api-version=2019-10-01
      pragma:
      - no-cache
      strict-transport-security:
      - max-age=31536000; includeSubDomains
      x-content-type-options:
      - nosniff
    status:
      code: 202
      message: Accepted
- request:
    body: null
    headers:
      Accept:
      - application/json
      Accept-Encoding:
      - gzip, deflate
      Connection:
      - keep-alive
      User-Agent:
      - python/3.8.1 (Windows-10-10.0.18362-SP0) msrest/0.6.13 msrest_azure/0.6.3
        azure-mgmt-resource/9.0.0 Azure-SDK-For-Python
    method: GET
    uri: https://management.azure.com/subscriptions/00000000-0000-0000-0000-000000000000/operationresults/eyJqb2JJZCI6IlJFU09VUkNFR1JPVVBERUxFVElPTkpPQi1URVNUOjVGTUdNVDo1RlJFU09VUkNFOjVGVEVTVDo1RlJFU09VUkNFOjVGR1JPVVBTNDU3RjEwNTAtV0VTVFVTIiwiam9iTG9jYXRpb24iOiJ3ZXN0dXMifQ?api-version=2019-10-01
  response:
    body:
      string: ''
    headers:
      cache-control:
      - no-cache
      content-length:
      - '0'
      date:
      - Fri, 15 May 2020 02:24:59 GMT
      expires:
      - '-1'
      pragma:
      - no-cache
      strict-transport-security:
      - max-age=31536000; includeSubDomains
      x-content-type-options:
      - nosniff
    status:
      code: 200
      message: OK
version: 1
