interactions:
- request:
    body: null
    headers:
      Accept:
      - application/json
      Accept-Encoding:
      - gzip, deflate
      Connection:
      - keep-alive
      User-Agent:
      - python/3.6.9 (Linux-4.9.184-linuxkit-x86_64-with-Ubuntu-18.04-bionic) msrest/0.6.10
        msrest_azure/0.6.2 azure-mgmt-resource/4.0.0 Azure-SDK-For-Python
      accept-language:
      - en-US
    method: HEAD
    uri: https://management.azure.com/subscriptions/00000000-0000-0000-0000-000000000000/resourcegroups/test_mgmt_resource_test_deployments_basic667e10fe/providers/Microsoft.Resources/deployments/pytestdeployment667e10fe?api-version=2019-08-01
  response:
    body:
      string: ''
    headers:
      cache-control:
      - no-cache
      content-length:
      - '109'
      content-type:
      - application/json; charset=utf-8
      date:
      - Sat, 07 Dec 2019 07:47:06 GMT
      expires:
      - '-1'
      pragma:
      - no-cache
      strict-transport-security:
      - max-age=31536000; includeSubDomains
      x-content-type-options:
      - nosniff
      x-ms-failure-cause:
      - gateway
    status:
      code: 404
      message: Not Found
- request:
    body: '{"properties": {"template": {"$schema": "https://schema.management.azure.com/schemas/2015-01-01/deploymentTemplate.json#",
      "contentVersion": "1.0.0.0", "parameters": {"location": {"type": "string", "allowedValues":
      ["East US", "West US", "West Europe", "East Asia", "South East Asia"], "metadata":
      {"description": "Location to deploy to"}}}, "resources": [{"type": "Microsoft.Compute/availabilitySets",
      "name": "availabilitySet1", "apiVersion": "2015-05-01-preview", "location":
      "[parameters(''location'')]", "properties": {}}], "outputs": {"myparameter":
      {"type": "object", "value": "[reference(''Microsoft.Compute/availabilitySets/availabilitySet1'')]"}}},
      "parameters": {"location": {"value": "West US"}}, "mode": "Incremental"}}'
    headers:
      Accept:
      - application/json
      Accept-Encoding:
      - gzip, deflate
      Connection:
      - keep-alive
      Content-Length:
      - '728'
      Content-Type:
      - application/json; charset=utf-8
      User-Agent:
      - python/3.6.9 (Linux-4.9.184-linuxkit-x86_64-with-Ubuntu-18.04-bionic) msrest/0.6.10
        msrest_azure/0.6.2 azure-mgmt-resource/4.0.0 Azure-SDK-For-Python
      accept-language:
      - en-US
    method: PUT
    uri: https://management.azure.com/subscriptions/00000000-0000-0000-0000-000000000000/resourcegroups/test_mgmt_resource_test_deployments_basic667e10fe/providers/Microsoft.Resources/deployments/pytestdeployment667e10fe?api-version=2019-08-01
  response:
    body:
      string: '{"id":"/subscriptions/00000000-0000-0000-0000-000000000000/resourceGroups/test_mgmt_resource_test_deployments_basic667e10fe/providers/Microsoft.Resources/deployments/pytestdeployment667e10fe","name":"pytestdeployment667e10fe","type":"Microsoft.Resources/deployments","properties":{"templateHash":"7304418104337412796","parameters":{"location":{"type":"String","value":"West
        US"}},"mode":"Incremental","provisioningState":"Accepted","timestamp":"2019-12-07T07:47:13.112254Z","duration":"PT2.2365132S","correlationId":"217ec807-f355-48e9-b492-5c35aff86fe8","providers":[{"namespace":"Microsoft.Compute","resourceTypes":[{"resourceType":"availabilitySets","locations":["westus"]}]}],"dependencies":[]}}'
    headers:
      azure-asyncoperation:
      - https://management.azure.com/subscriptions/00000000-0000-0000-0000-000000000000/resourcegroups/test_mgmt_resource_test_deployments_basic667e10fe/providers/Microsoft.Resources/deployments/pytestdeployment667e10fe/operationStatuses/08586259020546018923?api-version=2019-08-01
      cache-control:
      - no-cache
      content-length:
      - '699'
      content-type:
      - application/json; charset=utf-8
      date:
      - Sat, 07 Dec 2019 07:47:13 GMT
      expires:
      - '-1'
      pragma:
      - no-cache
      strict-transport-security:
      - max-age=31536000; includeSubDomains
      x-content-type-options:
      - nosniff
      x-ms-ratelimit-remaining-subscription-writes:
      - '1199'
    status:
      code: 201
      message: Created
- request:
    body: null
    headers:
      Accept:
      - application/json
      Accept-Encoding:
      - gzip, deflate
      Connection:
      - keep-alive
      User-Agent:
      - python/3.6.9 (Linux-4.9.184-linuxkit-x86_64-with-Ubuntu-18.04-bionic) msrest/0.6.10
        msrest_azure/0.6.2 azure-mgmt-resource/4.0.0 Azure-SDK-For-Python
    method: GET
    uri: https://management.azure.com/subscriptions/00000000-0000-0000-0000-000000000000/resourcegroups/test_mgmt_resource_test_deployments_basic667e10fe/providers/Microsoft.Resources/deployments/pytestdeployment667e10fe/operationStatuses/08586259020546018923?api-version=2019-08-01
  response:
    body:
      string: '{"status":"Succeeded"}'
    headers:
      cache-control:
      - no-cache
      content-length:
      - '22'
      content-type:
      - application/json; charset=utf-8
      date:
      - Sat, 07 Dec 2019 07:47:48 GMT
      expires:
      - '-1'
      pragma:
      - no-cache
      strict-transport-security:
      - max-age=31536000; includeSubDomains
      vary:
      - Accept-Encoding
      x-content-type-options:
      - nosniff
    status:
      code: 200
      message: OK
- request:
    body: null
    headers:
      Accept:
      - application/json
      Accept-Encoding:
      - gzip, deflate
      Connection:
      - keep-alive
      User-Agent:
      - python/3.6.9 (Linux-4.9.184-linuxkit-x86_64-with-Ubuntu-18.04-bionic) msrest/0.6.10
        msrest_azure/0.6.2 azure-mgmt-resource/4.0.0 Azure-SDK-For-Python
    method: GET
    uri: https://management.azure.com/subscriptions/00000000-0000-0000-0000-000000000000/resourcegroups/test_mgmt_resource_test_deployments_basic667e10fe/providers/Microsoft.Resources/deployments/pytestdeployment667e10fe?api-version=2019-08-01
  response:
    body:
      string: '{"id":"/subscriptions/00000000-0000-0000-0000-000000000000/resourceGroups/test_mgmt_resource_test_deployments_basic667e10fe/providers/Microsoft.Resources/deployments/pytestdeployment667e10fe","name":"pytestdeployment667e10fe","type":"Microsoft.Resources/deployments","properties":{"templateHash":"7304418104337412796","parameters":{"location":{"type":"String","value":"West
        US"}},"mode":"Incremental","provisioningState":"Succeeded","timestamp":"2019-12-07T07:47:38.0641152Z","duration":"PT27.1883744S","correlationId":"217ec807-f355-48e9-b492-5c35aff86fe8","providers":[{"namespace":"Microsoft.Compute","resourceTypes":[{"resourceType":"availabilitySets","locations":["westus"]}]}],"dependencies":[],"outputs":{"myparameter":{"type":"Object","value":{"platformUpdateDomainCount":5,"platformFaultDomainCount":3}}},"outputResources":[{"id":"/subscriptions/00000000-0000-0000-0000-000000000000/resourceGroups/test_mgmt_resource_test_deployments_basic667e10fe/providers/Microsoft.Compute/availabilitySets/availabilitySet1"}]}}'
    headers:
      cache-control:
      - no-cache
      content-length:
      - '1023'
      content-type:
      - application/json; charset=utf-8
      date:
      - Sat, 07 Dec 2019 07:47:48 GMT
      expires:
      - '-1'
      pragma:
      - no-cache
      strict-transport-security:
      - max-age=31536000; includeSubDomains
      vary:
      - Accept-Encoding
      x-content-type-options:
      - nosniff
    status:
      code: 200
      message: OK
- request:
    body: null
    headers:
      Accept:
      - application/json
      Accept-Encoding:
      - gzip, deflate
      Connection:
      - keep-alive
      User-Agent:
      - python/3.6.9 (Linux-4.9.184-linuxkit-x86_64-with-Ubuntu-18.04-bionic) msrest/0.6.10
        msrest_azure/0.6.2 azure-mgmt-resource/4.0.0 Azure-SDK-For-Python
      accept-language:
      - en-US
    method: GET
    uri: https://management.azure.com/subscriptions/00000000-0000-0000-0000-000000000000/resourcegroups/test_mgmt_resource_test_deployments_basic667e10fe/providers/Microsoft.Resources/deployments/?api-version=2019-08-01
  response:
    body:
      string: '{"value":[{"id":"/subscriptions/00000000-0000-0000-0000-000000000000/resourceGroups/test_mgmt_resource_test_deployments_basic667e10fe/providers/Microsoft.Resources/deployments/pytestdeployment667e10fe","name":"pytestdeployment667e10fe","type":"Microsoft.Resources/deployments","properties":{"templateHash":"7304418104337412796","parameters":{"location":{"type":"String","value":"West
        US"}},"mode":"Incremental","provisioningState":"Succeeded","timestamp":"2019-12-07T07:47:38.0641152Z","duration":"PT27.1883744S","correlationId":"217ec807-f355-48e9-b492-5c35aff86fe8","providers":[{"namespace":"Microsoft.Compute","resourceTypes":[{"resourceType":"availabilitySets","locations":["westus"]}]}],"dependencies":[],"outputs":{"myparameter":{"type":"Object","value":{"platformUpdateDomainCount":5,"platformFaultDomainCount":3}}},"outputResources":[{"id":"/subscriptions/00000000-0000-0000-0000-000000000000/resourceGroups/test_mgmt_resource_test_deployments_basic667e10fe/providers/Microsoft.Compute/availabilitySets/availabilitySet1"}]}}]}'
    headers:
      cache-control:
      - no-cache
      content-length:
      - '1035'
      content-type:
      - application/json; charset=utf-8
      date:
      - Sat, 07 Dec 2019 07:47:49 GMT
      expires:
      - '-1'
      pragma:
      - no-cache
      strict-transport-security:
      - max-age=31536000; includeSubDomains
      vary:
      - Accept-Encoding
      x-content-type-options:
      - nosniff
    status:
      code: 200
      message: OK
- request:
    body: null
    headers:
      Accept:
      - application/json
      Accept-Encoding:
      - gzip, deflate
      Connection:
      - keep-alive
      User-Agent:
      - python/3.6.9 (Linux-4.9.184-linuxkit-x86_64-with-Ubuntu-18.04-bionic) msrest/0.6.10
        msrest_azure/0.6.2 azure-mgmt-resource/4.0.0 Azure-SDK-For-Python
      accept-language:
      - en-US
    method: GET
    uri: https://management.azure.com/subscriptions/00000000-0000-0000-0000-000000000000/resourcegroups/test_mgmt_resource_test_deployments_basic667e10fe/providers/Microsoft.Resources/deployments/pytestdeployment667e10fe?api-version=2019-08-01
  response:
    body:
      string: '{"id":"/subscriptions/00000000-0000-0000-0000-000000000000/resourceGroups/test_mgmt_resource_test_deployments_basic667e10fe/providers/Microsoft.Resources/deployments/pytestdeployment667e10fe","name":"pytestdeployment667e10fe","type":"Microsoft.Resources/deployments","properties":{"templateHash":"7304418104337412796","parameters":{"location":{"type":"String","value":"West
        US"}},"mode":"Incremental","provisioningState":"Succeeded","timestamp":"2019-12-07T07:47:38.0641152Z","duration":"PT27.1883744S","correlationId":"217ec807-f355-48e9-b492-5c35aff86fe8","providers":[{"namespace":"Microsoft.Compute","resourceTypes":[{"resourceType":"availabilitySets","locations":["westus"]}]}],"dependencies":[],"outputs":{"myparameter":{"type":"Object","value":{"platformUpdateDomainCount":5,"platformFaultDomainCount":3}}},"outputResources":[{"id":"/subscriptions/00000000-0000-0000-0000-000000000000/resourceGroups/test_mgmt_resource_test_deployments_basic667e10fe/providers/Microsoft.Compute/availabilitySets/availabilitySet1"}]}}'
    headers:
      cache-control:
      - no-cache
      content-length:
      - '1023'
      content-type:
      - application/json; charset=utf-8
      date:
      - Sat, 07 Dec 2019 07:47:49 GMT
      expires:
      - '-1'
      pragma:
      - no-cache
      strict-transport-security:
      - max-age=31536000; includeSubDomains
      vary:
      - Accept-Encoding
      x-content-type-options:
      - nosniff
    status:
      code: 200
      message: OK
- request:
    body: null
    headers:
      Accept:
      - application/json
      Accept-Encoding:
      - gzip, deflate
      Connection:
      - keep-alive
      User-Agent:
      - python/3.6.9 (Linux-4.9.184-linuxkit-x86_64-with-Ubuntu-18.04-bionic) msrest/0.6.10
        msrest_azure/0.6.2 azure-mgmt-resource/4.0.0 Azure-SDK-For-Python
      accept-language:
      - en-US
    method: GET
    uri: https://management.azure.com/subscriptions/00000000-0000-0000-0000-000000000000/resourcegroups/test_mgmt_resource_test_deployments_basic667e10fe/deployments/pytestdeployment667e10fe/operations?api-version=2019-08-01
  response:
    body:
      string: '{"value":[{"id":"/subscriptions/00000000-0000-0000-0000-000000000000/resourceGroups/test_mgmt_resource_test_deployments_basic667e10fe/providers/Microsoft.Resources/deployments/pytestdeployment667e10fe/operations/0E73F65A6055882F","operationId":"0E73F65A6055882F","properties":{"provisioningOperation":"Create","provisioningState":"Succeeded","timestamp":"2019-12-07T07:47:37.7595504Z","duration":"PT19.9770714S","trackingId":"fa3b3748-f746-4e68-8536-6e490c76268a","serviceRequestId":"9fa7f435-f264-463e-bdcf-210d90f75a01","statusCode":"OK","targetResource":{"id":"/subscriptions/00000000-0000-0000-0000-000000000000/resourceGroups/test_mgmt_resource_test_deployments_basic667e10fe/providers/Microsoft.Compute/availabilitySets/availabilitySet1","resourceType":"Microsoft.Compute/availabilitySets","resourceName":"availabilitySet1"}}},{"id":"/subscriptions/00000000-0000-0000-0000-000000000000/resourceGroups/test_mgmt_resource_test_deployments_basic667e10fe/providers/Microsoft.Resources/deployments/pytestdeployment667e10fe/operations/08586259020546018923","operationId":"08586259020546018923","properties":{"provisioningOperation":"EvaluateDeploymentOutput","provisioningState":"Succeeded","timestamp":"2019-12-07T07:47:38.0330099Z","duration":"PT0.0387012S","trackingId":"a78ac060-2987-40a3-b187-3d2006e80108","statusCode":"OK","statusMessage":null}}]}'
    headers:
      cache-control:
      - no-cache
      content-length:
      - '1354'
      content-type:
      - application/json; charset=utf-8
      date:
      - Sat, 07 Dec 2019 07:47:50 GMT
      expires:
      - '-1'
      pragma:
      - no-cache
      strict-transport-security:
      - max-age=31536000; includeSubDomains
      vary:
      - Accept-Encoding
      x-content-type-options:
      - nosniff
    status:
      code: 200
      message: OK
- request:
    body: null
    headers:
      Accept:
      - application/json
      Accept-Encoding:
      - gzip, deflate
      Connection:
      - keep-alive
      User-Agent:
      - python/3.6.9 (Linux-4.9.184-linuxkit-x86_64-with-Ubuntu-18.04-bionic) msrest/0.6.10
        msrest_azure/0.6.2 azure-mgmt-resource/4.0.0 Azure-SDK-For-Python
      accept-language:
      - en-US
    method: GET
    uri: https://management.azure.com/subscriptions/00000000-0000-0000-0000-000000000000/resourcegroups/test_mgmt_resource_test_deployments_basic667e10fe/deployments/pytestdeployment667e10fe/operations/0E73F65A6055882F?api-version=2019-08-01
  response:
    body:
      string: '{"id":"/subscriptions/00000000-0000-0000-0000-000000000000/resourceGroups/test_mgmt_resource_test_deployments_basic667e10fe/providers/Microsoft.Resources/deployments/pytestdeployment667e10fe/operations/0E73F65A6055882F","operationId":"0E73F65A6055882F","properties":{"provisioningOperation":"Create","provisioningState":"Succeeded","timestamp":"2019-12-07T07:47:37.7595504Z","duration":"PT19.9770714S","trackingId":"fa3b3748-f746-4e68-8536-6e490c76268a","serviceRequestId":"9fa7f435-f264-463e-bdcf-210d90f75a01","statusCode":"OK","targetResource":{"id":"/subscriptions/00000000-0000-0000-0000-000000000000/resourceGroups/test_mgmt_resource_test_deployments_basic667e10fe/providers/Microsoft.Compute/availabilitySets/availabilitySet1","resourceType":"Microsoft.Compute/availabilitySets","resourceName":"availabilitySet1"}}}'
    headers:
      cache-control:
      - no-cache
      content-length:
      - '822'
      content-type:
      - application/json; charset=utf-8
      date:
      - Sat, 07 Dec 2019 07:47:51 GMT
      expires:
      - '-1'
      pragma:
      - no-cache
      strict-transport-security:
      - max-age=31536000; includeSubDomains
      vary:
      - Accept-Encoding
      x-content-type-options:
      - nosniff
    status:
      code: 200
      message: OK
- request:
    body: null
    headers:
      Accept:
      - application/json
      Accept-Encoding:
      - gzip, deflate
      Connection:
      - keep-alive
      Content-Length:
      - '0'
      User-Agent:
      - python/3.6.9 (Linux-4.9.184-linuxkit-x86_64-with-Ubuntu-18.04-bionic) msrest/0.6.10
        msrest_azure/0.6.2 azure-mgmt-resource/4.0.0 Azure-SDK-For-Python
      accept-language:
      - en-US
    method: POST
    uri: https://management.azure.com/subscriptions/00000000-0000-0000-0000-000000000000/resourcegroups/test_mgmt_resource_test_deployments_basic667e10fe/providers/Microsoft.Resources/deployments/pytestdeployment667e10fe/cancel?api-version=2019-08-01
  response:
    body:
      string: '{"error":{"code":"DeploymentCannotBeCancelled","message":"The deployment
        ''pytestdeployment667e10fe'' cannot be cancelled because it has provisioning
        state ''Succeeded'' or it has already expired (expiration time is ''12/14/2019
        7:47:10 AM'')."}}'
    headers:
      cache-control:
      - no-cache
      content-length:
      - '240'
      content-type:
      - application/json; charset=utf-8
      date:
      - Sat, 07 Dec 2019 07:47:51 GMT
      expires:
      - '-1'
      pragma:
      - no-cache
      strict-transport-security:
      - max-age=31536000; includeSubDomains
      x-content-type-options:
      - nosniff
      x-ms-failure-cause:
      - gateway
      x-ms-ratelimit-remaining-subscription-writes:
      - '1199'
    status:
      code: 409
      message: Conflict
- request:
    body: null
    headers:
      Accept:
      - application/json
      Accept-Encoding:
      - gzip, deflate
      Connection:
      - keep-alive
      Content-Length:
      - '0'
      User-Agent:
      - python/3.6.9 (Linux-4.9.184-linuxkit-x86_64-with-Ubuntu-18.04-bionic) msrest/0.6.10
        msrest_azure/0.6.2 azure-mgmt-resource/4.0.0 Azure-SDK-For-Python
      accept-language:
      - en-US
    method: POST
    uri: https://management.azure.com/subscriptions/00000000-0000-0000-0000-000000000000/resourcegroups/test_mgmt_resource_test_deployments_basic667e10fe/providers/Microsoft.Resources/deployments/pytestdeployment667e10fe/exportTemplate?api-version=2019-08-01
  response:
    body:
      string: '{"template":{"$schema":"https://schema.management.azure.com/schemas/2015-01-01/deploymentTemplate.json#","contentVersion":"1.0.0.0","parameters":{"location":{"allowedValues":["East
        US","West US","West Europe","East Asia","South East Asia"],"type":"String","metadata":{"description":"Location
        to deploy to"}}},"resources":[{"type":"Microsoft.Compute/availabilitySets","apiVersion":"2015-05-01-preview","name":"availabilitySet1","location":"[parameters(''location'')]","properties":{}}],"outputs":{"myparameter":{"type":"Object","value":"[reference(''Microsoft.Compute/availabilitySets/availabilitySet1'')]"}}}}'
    headers:
      cache-control:
      - no-cache
      content-length:
      - '605'
      content-type:
      - application/json; charset=utf-8
      date:
      - Sat, 07 Dec 2019 07:47:52 GMT
      expires:
      - '-1'
      pragma:
      - no-cache
      strict-transport-security:
      - max-age=31536000; includeSubDomains
      transfer-encoding:
      - chunked
      vary:
      - Accept-Encoding
      x-content-type-options:
      - nosniff
      x-ms-ratelimit-remaining-subscription-writes:
      - '1198'
    status:
      code: 200
      message: OK
- request:
    body: null
    headers:
      Accept:
      - application/json
      Accept-Encoding:
      - gzip, deflate
      Connection:
      - keep-alive
      Content-Length:
      - '0'
      User-Agent:
      - python/3.6.9 (Linux-4.9.184-linuxkit-x86_64-with-Ubuntu-18.04-bionic) msrest/0.6.10
        msrest_azure/0.6.2 azure-mgmt-resource/4.0.0 Azure-SDK-For-Python
      accept-language:
      - en-US
    method: DELETE
    uri: https://management.azure.com/subscriptions/00000000-0000-0000-0000-000000000000/resourcegroups/test_mgmt_resource_test_deployments_basic667e10fe/providers/Microsoft.Resources/deployments/pytestdeployment667e10fe?api-version=2019-08-01
  response:
    body:
      string: ''
    headers:
      cache-control:
      - no-cache
      content-length:
      - '0'
      date:
      - Sat, 07 Dec 2019 07:47:54 GMT
      expires:
      - '-1'
      location:
      - https://management.azure.com/subscriptions/00000000-0000-0000-0000-000000000000/operationresults/eyJqb2JJZCI6IkRlcGxveW1lbnREZWxldGlvbkpvYi1HTlMtVEVTVDo1Rk1HTVQ6NUZSRVNPVVJDRTo1RlRFU1Q6NUZERVBMT1lNRU5UUzo1RkJBU0lDNjY3RTEwRkUtUFlURVNUREVQTE9ZTUVOVDY2N0UxMEZFLSIsImpvYkxvY2F0aW9uIjoid2VzdHVzIn0?api-version=2019-08-01
      pragma:
      - no-cache
      strict-transport-security:
      - max-age=31536000; includeSubDomains
      x-content-type-options:
      - nosniff
      x-ms-ratelimit-remaining-subscription-deletes:
      - '14999'
    status:
      code: 202
      message: Accepted
- request:
    body: null
    headers:
      Accept:
      - application/json
      Accept-Encoding:
      - gzip, deflate
      Connection:
      - keep-alive
      User-Agent:
      - python/3.6.9 (Linux-4.9.184-linuxkit-x86_64-with-Ubuntu-18.04-bionic) msrest/0.6.10
        msrest_azure/0.6.2 azure-mgmt-resource/4.0.0 Azure-SDK-For-Python
    method: GET
    uri: https://management.azure.com/subscriptions/00000000-0000-0000-0000-000000000000/operationresults/eyJqb2JJZCI6IkRlcGxveW1lbnREZWxldGlvbkpvYi1HTlMtVEVTVDo1Rk1HTVQ6NUZSRVNPVVJDRTo1RlRFU1Q6NUZERVBMT1lNRU5UUzo1RkJBU0lDNjY3RTEwRkUtUFlURVNUREVQTE9ZTUVOVDY2N0UxMEZFLSIsImpvYkxvY2F0aW9uIjoid2VzdHVzIn0?api-version=2019-08-01
  response:
    body:
      string: ''
    headers:
      cache-control:
      - no-cache
      content-length:
      - '0'
      date:
      - Sat, 07 Dec 2019 07:48:12 GMT
      expires:
      - '-1'
      location:
      - https://management.azure.com/subscriptions/00000000-0000-0000-0000-000000000000/operationresults/eyJqb2JJZCI6IkRlcGxveW1lbnREZWxldGlvbkpvYi1HTlMtVEVTVDo1Rk1HTVQ6NUZSRVNPVVJDRTo1RlRFU1Q6NUZERVBMT1lNRU5UUzo1RkJBU0lDNjY3RTEwRkUtUFlURVNUREVQTE9ZTUVOVDY2N0UxMEZFLSIsImpvYkxvY2F0aW9uIjoid2VzdHVzIn0?api-version=2019-08-01
      pragma:
      - no-cache
      strict-transport-security:
      - max-age=31536000; includeSubDomains
      x-content-type-options:
      - nosniff
    status:
      code: 202
      message: Accepted
- request:
    body: null
    headers:
      Accept:
      - application/json
      Accept-Encoding:
      - gzip, deflate
      Connection:
      - keep-alive
      User-Agent:
      - python/3.6.9 (Linux-4.9.184-linuxkit-x86_64-with-Ubuntu-18.04-bionic) msrest/0.6.10
        msrest_azure/0.6.2 azure-mgmt-resource/4.0.0 Azure-SDK-For-Python
    method: GET
    uri: https://management.azure.com/subscriptions/00000000-0000-0000-0000-000000000000/operationresults/eyJqb2JJZCI6IkRlcGxveW1lbnREZWxldGlvbkpvYi1HTlMtVEVTVDo1Rk1HTVQ6NUZSRVNPVVJDRTo1RlRFU1Q6NUZERVBMT1lNRU5UUzo1RkJBU0lDNjY3RTEwRkUtUFlURVNUREVQTE9ZTUVOVDY2N0UxMEZFLSIsImpvYkxvY2F0aW9uIjoid2VzdHVzIn0?api-version=2019-08-01
  response:
    body:
      string: ''
    headers:
      cache-control:
      - no-cache
      date:
      - Sat, 07 Dec 2019 07:48:30 GMT
      expires:
      - '-1'
      pragma:
      - no-cache
      strict-transport-security:
      - max-age=31536000; includeSubDomains
      x-content-type-options:
      - nosniff
    status:
      code: 204
      message: No Content
version: 1
