{
  "Entries": [
    {
      "RequestUri": "https://login.microsoftonline.com/00000000-0000-0000-0000-000000000000/v2.0/.well-known/openid-configuration",
      "RequestMethod": "GET",
      "RequestHeaders": {
        "Accept": "*/*",
        "Accept-Encoding": "gzip, deflate",
        "Connection": "keep-alive",
        "User-Agent": "azsdk-python-identity/1.7.2 Python/3.7.3 (Windows-10-10.0.22000-SP0)"
      },
      "RequestBody": null,
      "StatusCode": 200,
      "ResponseHeaders": {
        "Access-Control-Allow-Methods": "GET, OPTIONS",
        "Access-Control-Allow-Origin": "*",
        "Cache-Control": "max-age=86400, private",
        "Content-Length": "1753",
        "Content-Type": "application/json; charset=utf-8",
        "Date": "Fri, 26 Nov 2021 06:01:17 GMT",
        "P3P": "CP=\u0022DSP CUR OTPi IND OTRi ONL FIN\u0022",
        "Set-Cookie": [
          "fpc=An2Y5LqswiRFpRHMF0JXn5-ZHqKEAgAAABJvMtkOAAAA; expires=Sun, 26-Dec-2021 06:01:17 GMT; path=/; secure; HttpOnly; SameSite=None",
          "x-ms-gateway-slice=estsfd; path=/; secure; samesite=none; httponly",
          "stsservicecookie=estsfd; path=/; secure; samesite=none; httponly"
        ],
        "Strict-Transport-Security": "max-age=31536000; includeSubDomains",
        "X-Content-Type-Options": "nosniff",
        "x-ms-ests-server": "2.1.12231.8 - EUS ProdSlices",
        "x-ms-request-id": "1ba64202-ee30-4272-bb77-19f5a641b901"
      },
      "ResponseBody": {
        "token_endpoint": "https://login.microsoftonline.com/00000000-0000-0000-0000-000000000000/oauth2/v2.0/token",
        "token_endpoint_auth_methods_supported": [
          "client_secret_post",
          "private_key_jwt",
          "client_secret_basic"
        ],
        "jwks_uri": "https://login.microsoftonline.com/00000000-0000-0000-0000-000000000000/discovery/v2.0/keys",
        "response_modes_supported": [
          "query",
          "fragment",
          "form_post"
        ],
        "subject_types_supported": [
          "pairwise"
        ],
        "id_token_signing_alg_values_supported": [
          "RS256"
        ],
        "response_types_supported": [
          "code",
          "id_token",
          "code id_token",
          "id_token token"
        ],
        "scopes_supported": [
          "openid",
          "profile",
          "email",
          "offline_access"
        ],
        "issuer": "https://login.microsoftonline.com/00000000-0000-0000-0000-000000000000/v2.0",
        "request_uri_parameter_supported": false,
        "userinfo_endpoint": "https://graph.microsoft.com/oidc/userinfo",
        "authorization_endpoint": "https://login.microsoftonline.com/00000000-0000-0000-0000-000000000000/oauth2/v2.0/authorize",
        "device_authorization_endpoint": "https://login.microsoftonline.com/00000000-0000-0000-0000-000000000000/oauth2/v2.0/devicecode",
        "http_logout_supported": true,
        "frontchannel_logout_supported": true,
        "end_session_endpoint": "https://login.microsoftonline.com/00000000-0000-0000-0000-000000000000/oauth2/v2.0/logout",
        "claims_supported": [
          "sub",
          "iss",
          "cloud_instance_name",
          "cloud_instance_host_name",
          "cloud_graph_host_name",
          "msgraph_host",
          "aud",
          "exp",
          "iat",
          "auth_time",
          "acr",
          "nonce",
          "preferred_username",
          "name",
          "tid",
          "ver",
          "at_hash",
          "c_hash",
          "email"
        ],
        "kerberos_endpoint": "https://login.microsoftonline.com/00000000-0000-0000-0000-000000000000/kerberos",
        "tenant_region_scope": "NA",
        "cloud_instance_name": "microsoftonline.com",
        "cloud_graph_host_name": "graph.windows.net",
        "msgraph_host": "graph.microsoft.com",
        "rbac_url": "https://pas.windows.net"
      }
    },
    {
      "RequestUri": "https://login.microsoftonline.com/common/discovery/instance?api-version=1.1\u0026authorization_endpoint=https://login.microsoftonline.com/common/oauth2/authorize",
      "RequestMethod": "GET",
      "RequestHeaders": {
        "Accept": "application/json",
        "Accept-Encoding": "gzip, deflate",
        "Connection": "keep-alive",
        "Cookie": "fpc=An2Y5LqswiRFpRHMF0JXn5-ZHqKEAgAAABJvMtkOAAAA; stsservicecookie=estsfd; x-ms-gateway-slice=estsfd",
        "User-Agent": "azsdk-python-identity/1.7.2 Python/3.7.3 (Windows-10-10.0.22000-SP0)"
      },
      "RequestBody": null,
      "StatusCode": 200,
      "ResponseHeaders": {
        "Access-Control-Allow-Methods": "GET, OPTIONS",
        "Access-Control-Allow-Origin": "*",
        "Cache-Control": "max-age=86400, private",
        "Content-Length": "945",
        "Content-Type": "application/json; charset=utf-8",
        "Date": "Fri, 26 Nov 2021 06:01:17 GMT",
        "P3P": "CP=\u0022DSP CUR OTPi IND OTRi ONL FIN\u0022",
        "Set-Cookie": [
          "fpc=An2Y5LqswiRFpRHMF0JXn5-ZHqKEAgAAABJvMtkOAAAA; expires=Sun, 26-Dec-2021 06:01:17 GMT; path=/; secure; HttpOnly; SameSite=None",
          "x-ms-gateway-slice=estsfd; path=/; secure; samesite=none; httponly",
          "stsservicecookie=estsfd; path=/; secure; samesite=none; httponly"
        ],
        "Strict-Transport-Security": "max-age=31536000; includeSubDomains",
        "X-Content-Type-Options": "nosniff",
        "x-ms-ests-server": "2.1.12249.14 - SEASLR1 ProdSlices",
        "x-ms-request-id": "27598eda-c666-4096-826f-2ceeabca2700"
      },
      "ResponseBody": {
        "tenant_discovery_endpoint": "https://login.microsoftonline.com/common/.well-known/openid-configuration",
        "api-version": "1.1",
        "metadata": [
          {
            "preferred_network": "login.microsoftonline.com",
            "preferred_cache": "login.windows.net",
            "aliases": [
              "login.microsoftonline.com",
              "login.windows.net",
              "login.microsoft.com",
              "sts.windows.net"
            ]
          },
          {
            "preferred_network": "login.partner.microsoftonline.cn",
            "preferred_cache": "login.partner.microsoftonline.cn",
            "aliases": [
              "login.partner.microsoftonline.cn",
              "login.chinacloudapi.cn"
            ]
          },
          {
            "preferred_network": "login.microsoftonline.de",
            "preferred_cache": "login.microsoftonline.de",
            "aliases": [
              "login.microsoftonline.de"
            ]
          },
          {
            "preferred_network": "login.microsoftonline.us",
            "preferred_cache": "login.microsoftonline.us",
            "aliases": [
              "login.microsoftonline.us",
              "login.usgovcloudapi.net"
            ]
          },
          {
            "preferred_network": "login-us.microsoftonline.com",
            "preferred_cache": "login-us.microsoftonline.com",
            "aliases": [
              "login-us.microsoftonline.com"
            ]
          }
        ]
      }
    },
    {
      "RequestUri": "https://login.microsoftonline.com/00000000-0000-0000-0000-000000000000/oauth2/v2.0/token",
      "RequestMethod": "POST",
      "RequestHeaders": {
        "Accept": "application/json",
        "Accept-Encoding": "gzip, deflate",
        "client-request-id": "4bd88abb-2a84-434a-88f0-b853da311e89",
        "Connection": "keep-alive",
        "Content-Length": "289",
        "Content-Type": "application/x-www-form-urlencoded",
        "Cookie": "fpc=An2Y5LqswiRFpRHMF0JXn5-ZHqKEAgAAABJvMtkOAAAA; stsservicecookie=estsfd; x-ms-gateway-slice=estsfd",
        "User-Agent": "azsdk-python-identity/1.7.2 Python/3.7.3 (Windows-10-10.0.22000-SP0)",
        "x-client-cpu": "x64",
        "x-client-current-telemetry": "4|730,0|",
        "x-client-last-telemetry": "4|0|||",
        "x-client-os": "win32",
        "x-client-sku": "MSAL.Python",
        "x-client-ver": "1.16.0",
        "x-ms-lib-capability": "retry-after, h429"
      },
      "RequestBody": "client_id=a2df54d5-ab03-4725-9b80-9a00b3b1967f\u0026grant_type=client_credentials\u0026client_info=1\u0026client_secret=0vj7Q~IsFayrD0V_8oyOfygU-GE3ELOabq95a\u0026claims=%7B%22access_token%22%3A\u002B%7B%22xms_cc%22%3A\u002B%7B%22values%22%3A\u002B%5B%22CP1%22%5D%7D%7D%7D\u0026scope=https%3A%2F%2Fmanagement.azure.com%2F.default",
      "StatusCode": 200,
      "ResponseHeaders": {
        "Cache-Control": "no-store, no-cache",
        "client-request-id": "4bd88abb-2a84-434a-88f0-b853da311e89",
        "Content-Length": "1349",
        "Content-Type": "application/json; charset=utf-8",
        "Date": "Fri, 26 Nov 2021 06:01:17 GMT",
        "Expires": "-1",
        "P3P": "CP=\u0022DSP CUR OTPi IND OTRi ONL FIN\u0022",
        "Pragma": "no-cache",
        "Set-Cookie": [
          "fpc=An2Y5LqswiRFpRHMF0JXn5-ZHqKEAwAAABJvMtkOAAAA; expires=Sun, 26-Dec-2021 06:01:17 GMT; path=/; secure; HttpOnly; SameSite=None",
          "x-ms-gateway-slice=estsfd; path=/; secure; samesite=none; httponly",
          "stsservicecookie=estsfd; path=/; secure; samesite=none; httponly"
        ],
        "Strict-Transport-Security": "max-age=31536000; includeSubDomains",
        "X-Content-Type-Options": "nosniff",
        "x-ms-clitelem": "1,0,0,,",
        "x-ms-ests-server": "2.1.12231.8 - SCUS ProdSlices",
        "x-ms-request-id": "85fa4a5e-8013-4fb1-96c8-c5d3497db401"
      },
      "ResponseBody": {
        "token_type": "Bearer",
        "expires_in": 3599,
        "ext_expires_in": 3599,
        "access_token": "eyJ0eXAiOiJKV1QiLCJhbGciOiJSUzI1NiIsIng1dCI6Imwzc1EtNTBjQ0g0eEJWWkxIVEd3blNSNzY4MCIsImtpZCI6Imwzc1EtNTBjQ0g0eEJWWkxIVEd3blNSNzY4MCJ9.eyJhdWQiOiJodHRwczovL21hbmFnZW1lbnQuYXp1cmUuY29tIiwiaXNzIjoiaHR0cHM6Ly9zdHMud2luZG93cy5uZXQvNTQ4MjZiMjItMzhkNi00ZmIyLWJhZDktYjdiOTNhM2U5YzVhLyIsImlhdCI6MTYzNzkwNjE3NywibmJmIjoxNjM3OTA2MTc3LCJleHAiOjE2Mzc5MTAwNzcsImFpbyI6IkUyWmdZSmcwTzV2djM3eW5HbUhYVjJUZDkwdjVEd0E9IiwiYXBwaWQiOiJhMmRmNTRkNS1hYjAzLTQ3MjUtOWI4MC05YTAwYjNiMTk2N2YiLCJhcHBpZGFjciI6IjEiLCJpZHAiOiJodHRwczovL3N0cy53aW5kb3dzLm5ldC81NDgyNmIyMi0zOGQ2LTRmYjItYmFkOS1iN2I5M2EzZTljNWEvIiwib2lkIjoiODg3YzQyYjEtNzk0Ni00YzIyLWJhYTYtMTUwNDNlNGIxMzIzIiwicmgiOiIwLkFUY0FJbXVDVk5ZNHNrLTYyYmU1T2o2Y1d0VlUzNklEcXlWSG00Q2FBTE94bG44M0FBQS4iLCJzdWIiOiI4ODdjNDJiMS03OTQ2LTRjMjItYmFhNi0xNTA0M2U0YjEzMjMiLCJ0aWQiOiI1NDgyNmIyMi0zOGQ2LTRmYjItYmFkOS1iN2I5M2EzZTljNWEiLCJ1dGkiOiJYa3I2aFJPQXNVLVd5TVhUU1gyMEFRIiwidmVyIjoiMS4wIiwieG1zX3RjZHQiOjE0MTIyMDY4NDB9.R6gsjWLyRD9UJEphYdd1fJlTLJYGqoTkB9ctuPcZX8jbhIgVUpHrTErZC6iNH3Di9LThXZc19zqf6mAysxGEF1AIqh4BUR-_9XCrxvHd4Ac_36Q6VfqFw6bRjXHYWdQgTJo_81TheyBdUMsM6xxjamrTUvJAgZ58uyul2d4h0Sgk7StwKwZs2jPVarUE84WtSVSxqugkoQnJm5bwnxWdwqDoKtZnJqG5lWS62mvFYD5WWlyfpuGye4hCDtBwivhAL7NJzkN3lYC3sDpLW7cLKEcM7B-jsSHGxG2HMmEXAB3qAsQx1mhA_riEk2dYJzL6yuzvNWtVRNQeDXY9RU9aFA"
      }
    },
    {
      "RequestUri": "https://management.azure.com/subscriptions/00000000-0000-0000-0000-000000000000/resourcegroups/rgname/providers/Microsoft.Compute//availabilitySets/pytestavset996031f3?api-version=2019-07-01",
      "RequestMethod": "PUT",
      "RequestHeaders": {
        "Accept": "application/json",
        "Accept-Encoding": "gzip, deflate",
        "Authorization": "Sanitized",
        "Connection": "keep-alive",
        "Content-Length": "22",
        "Content-Type": "application/json",
        "User-Agent": "azsdk-python-azure-mgmt-resource/20.0.0 Python/3.7.3 (Windows-10-10.0.22000-SP0)",
        "x-ms-client-request-id": "45105c52-4e7e-11ec-9992-2cf05d45d152"
      },
      "RequestBody": "{\u0022location\u0022: \u0022westus\u0022}",
      "StatusCode": 200,
      "ResponseHeaders": {
        "Cache-Control": "no-cache",
        "Content-Encoding": "gzip",
        "Content-Type": "application/json; charset=utf-8",
        "Date": "Fri, 26 Nov 2021 06:01:30 GMT",
        "Expires": "-1",
        "Pragma": "no-cache",
        "Server": [
          "Microsoft-HTTPAPI/2.0",
          "Microsoft-HTTPAPI/2.0"
        ],
        "Strict-Transport-Security": "max-age=31536000; includeSubDomains",
        "Transfer-Encoding": "chunked",
        "Vary": "Accept-Encoding",
        "X-Content-Type-Options": "nosniff",
        "x-ms-correlation-request-id": "8e318205-3edb-4567-be26-9cf9387ba6a4",
        "x-ms-ratelimit-remaining-resource": "Microsoft.Compute/PutVM3Min;238,Microsoft.Compute/PutVM30Min;1190",
        "x-ms-ratelimit-remaining-subscription-writes": "1197",
        "x-ms-request-id": "14837124-58e5-4694-a1de-dcde2826913b",
        "x-ms-routing-request-id": "SOUTHEASTASIA:20211126T060131Z:8e318205-3edb-4567-be26-9cf9387ba6a4"
      },
      "ResponseBody": [
        "{\r\n",
        "  \u0022name\u0022: \u0022pytestavset996031f3\u0022,\r\n",
        "  \u0022id\u0022: \u0022/subscriptions/00000000-0000-0000-0000-000000000000/resourceGroups/rgname/providers/Microsoft.Compute/availabilitySets/pytestavset996031f3\u0022,\r\n",
        "  \u0022type\u0022: \u0022Microsoft.Compute/availabilitySets\u0022,\r\n",
        "  \u0022location\u0022: \u0022westus\u0022,\r\n",
        "  \u0022properties\u0022: {\r\n",
        "    \u0022platformUpdateDomainCount\u0022: 5,\r\n",
        "    \u0022platformFaultDomainCount\u0022: 3\r\n",
        "  },\r\n",
        "  \u0022sku\u0022: {\r\n",
        "    \u0022name\u0022: \u0022Classic\u0022\r\n",
        "  }\r\n",
        "}"
      ]
    },
    {
      "RequestUri": "https://login.microsoftonline.com/00000000-0000-0000-0000-000000000000/v2.0/.well-known/openid-configuration",
      "RequestMethod": "GET",
      "RequestHeaders": {
        "Accept": "*/*",
        "Accept-Encoding": "gzip, deflate",
        "Connection": "keep-alive",
        "User-Agent": "azsdk-python-identity/1.7.2 Python/3.7.3 (Windows-10-10.0.22000-SP0)"
      },
      "RequestBody": null,
      "StatusCode": 200,
      "ResponseHeaders": {
        "Access-Control-Allow-Methods": "GET, OPTIONS",
        "Access-Control-Allow-Origin": "*",
        "Cache-Control": "max-age=86400, private",
        "Content-Length": "1753",
        "Content-Type": "application/json; charset=utf-8",
        "Date": "Fri, 26 Nov 2021 06:01:31 GMT",
        "P3P": "CP=\u0022DSP CUR OTPi IND OTRi ONL FIN\u0022",
        "Set-Cookie": [
          "fpc=An2Y5LqswiRFpRHMF0JXn5-ZHqKEAwAAABJvMtkOAAAA; expires=Sun, 26-Dec-2021 06:01:31 GMT; path=/; secure; HttpOnly; SameSite=None",
          "x-ms-gateway-slice=estsfd; path=/; secure; samesite=none; httponly",
          "stsservicecookie=estsfd; path=/; secure; samesite=none; httponly"
        ],
        "Strict-Transport-Security": "max-age=31536000; includeSubDomains",
        "X-Content-Type-Options": "nosniff",
        "x-ms-ests-server": "2.1.12231.8 - NCUS ProdSlices",
        "x-ms-request-id": "ee615dbf-7730-4fc2-8bb8-f78ed8748601"
      },
      "ResponseBody": {
        "token_endpoint": "https://login.microsoftonline.com/00000000-0000-0000-0000-000000000000/oauth2/v2.0/token",
        "token_endpoint_auth_methods_supported": [
          "client_secret_post",
          "private_key_jwt",
          "client_secret_basic"
        ],
        "jwks_uri": "https://login.microsoftonline.com/00000000-0000-0000-0000-000000000000/discovery/v2.0/keys",
        "response_modes_supported": [
          "query",
          "fragment",
          "form_post"
        ],
        "subject_types_supported": [
          "pairwise"
        ],
        "id_token_signing_alg_values_supported": [
          "RS256"
        ],
        "response_types_supported": [
          "code",
          "id_token",
          "code id_token",
          "id_token token"
        ],
        "scopes_supported": [
          "openid",
          "profile",
          "email",
          "offline_access"
        ],
        "issuer": "https://login.microsoftonline.com/00000000-0000-0000-0000-000000000000/v2.0",
        "request_uri_parameter_supported": false,
        "userinfo_endpoint": "https://graph.microsoft.com/oidc/userinfo",
        "authorization_endpoint": "https://login.microsoftonline.com/00000000-0000-0000-0000-000000000000/oauth2/v2.0/authorize",
        "device_authorization_endpoint": "https://login.microsoftonline.com/00000000-0000-0000-0000-000000000000/oauth2/v2.0/devicecode",
        "http_logout_supported": true,
        "frontchannel_logout_supported": true,
        "end_session_endpoint": "https://login.microsoftonline.com/00000000-0000-0000-0000-000000000000/oauth2/v2.0/logout",
        "claims_supported": [
          "sub",
          "iss",
          "cloud_instance_name",
          "cloud_instance_host_name",
          "cloud_graph_host_name",
          "msgraph_host",
          "aud",
          "exp",
          "iat",
          "auth_time",
          "acr",
          "nonce",
          "preferred_username",
          "name",
          "tid",
          "ver",
          "at_hash",
          "c_hash",
          "email"
        ],
        "kerberos_endpoint": "https://login.microsoftonline.com/00000000-0000-0000-0000-000000000000/kerberos",
        "tenant_region_scope": "NA",
        "cloud_instance_name": "microsoftonline.com",
        "cloud_graph_host_name": "graph.windows.net",
        "msgraph_host": "graph.microsoft.com",
        "rbac_url": "https://pas.windows.net"
      }
    },
    {
      "RequestUri": "https://login.microsoftonline.com/common/discovery/instance?api-version=1.1\u0026authorization_endpoint=https://login.microsoftonline.com/common/oauth2/authorize",
      "RequestMethod": "GET",
      "RequestHeaders": {
        "Accept": "application/json",
        "Accept-Encoding": "gzip, deflate",
        "Connection": "keep-alive",
        "Cookie": "fpc=An2Y5LqswiRFpRHMF0JXn5-ZHqKEAwAAABJvMtkOAAAA; stsservicecookie=estsfd; x-ms-gateway-slice=estsfd",
        "User-Agent": "azsdk-python-identity/1.7.2 Python/3.7.3 (Windows-10-10.0.22000-SP0)"
      },
      "RequestBody": null,
      "StatusCode": 200,
      "ResponseHeaders": {
        "Access-Control-Allow-Methods": "GET, OPTIONS",
        "Access-Control-Allow-Origin": "*",
        "Cache-Control": "max-age=86400, private",
        "Content-Length": "945",
        "Content-Type": "application/json; charset=utf-8",
        "Date": "Fri, 26 Nov 2021 06:01:31 GMT",
        "P3P": "CP=\u0022DSP CUR OTPi IND OTRi ONL FIN\u0022",
        "Set-Cookie": [
          "fpc=An2Y5LqswiRFpRHMF0JXn5-ZHqKEAwAAABJvMtkOAAAA; expires=Sun, 26-Dec-2021 06:01:31 GMT; path=/; secure; HttpOnly; SameSite=None",
          "x-ms-gateway-slice=estsfd; path=/; secure; samesite=none; httponly",
          "stsservicecookie=estsfd; path=/; secure; samesite=none; httponly"
        ],
        "Strict-Transport-Security": "max-age=31536000; includeSubDomains",
        "X-Content-Type-Options": "nosniff",
        "x-ms-ests-server": "2.1.12249.14 - SEASLR1 ProdSlices",
        "x-ms-request-id": "27598eda-c666-4096-826f-2cee0acb2700"
      },
      "ResponseBody": {
        "tenant_discovery_endpoint": "https://login.microsoftonline.com/common/.well-known/openid-configuration",
        "api-version": "1.1",
        "metadata": [
          {
            "preferred_network": "login.microsoftonline.com",
            "preferred_cache": "login.windows.net",
            "aliases": [
              "login.microsoftonline.com",
              "login.windows.net",
              "login.microsoft.com",
              "sts.windows.net"
            ]
          },
          {
            "preferred_network": "login.partner.microsoftonline.cn",
            "preferred_cache": "login.partner.microsoftonline.cn",
            "aliases": [
              "login.partner.microsoftonline.cn",
              "login.chinacloudapi.cn"
            ]
          },
          {
            "preferred_network": "login.microsoftonline.de",
            "preferred_cache": "login.microsoftonline.de",
            "aliases": [
              "login.microsoftonline.de"
            ]
          },
          {
            "preferred_network": "login.microsoftonline.us",
            "preferred_cache": "login.microsoftonline.us",
            "aliases": [
              "login.microsoftonline.us",
              "login.usgovcloudapi.net"
            ]
          },
          {
            "preferred_network": "login-us.microsoftonline.com",
            "preferred_cache": "login-us.microsoftonline.com",
            "aliases": [
              "login-us.microsoftonline.com"
            ]
          }
        ]
      }
    },
    {
      "RequestUri": "https://login.microsoftonline.com/00000000-0000-0000-0000-000000000000/oauth2/v2.0/token",
      "RequestMethod": "POST",
      "RequestHeaders": {
        "Accept": "application/json",
        "Accept-Encoding": "gzip, deflate",
        "client-request-id": "e60f0187-ec55-49ce-b60b-0306e10ca0e0",
        "Connection": "keep-alive",
        "Content-Length": "289",
        "Content-Type": "application/x-www-form-urlencoded",
        "Cookie": "fpc=An2Y5LqswiRFpRHMF0JXn5-ZHqKEAwAAABJvMtkOAAAA; stsservicecookie=estsfd; x-ms-gateway-slice=estsfd",
        "User-Agent": "azsdk-python-identity/1.7.2 Python/3.7.3 (Windows-10-10.0.22000-SP0)",
        "x-client-cpu": "x64",
        "x-client-current-telemetry": "4|730,0|",
        "x-client-last-telemetry": "4|0|||",
        "x-client-os": "win32",
        "x-client-sku": "MSAL.Python",
        "x-client-ver": "1.16.0",
        "x-ms-lib-capability": "retry-after, h429"
      },
      "RequestBody": "client_id=a2df54d5-ab03-4725-9b80-9a00b3b1967f\u0026grant_type=client_credentials\u0026client_info=1\u0026client_secret=0vj7Q~IsFayrD0V_8oyOfygU-GE3ELOabq95a\u0026claims=%7B%22access_token%22%3A\u002B%7B%22xms_cc%22%3A\u002B%7B%22values%22%3A\u002B%5B%22CP1%22%5D%7D%7D%7D\u0026scope=https%3A%2F%2Fmanagement.azure.com%2F.default",
      "StatusCode": 200,
      "ResponseHeaders": {
        "Cache-Control": "no-store, no-cache",
        "client-request-id": "e60f0187-ec55-49ce-b60b-0306e10ca0e0",
        "Content-Length": "1349",
        "Content-Type": "application/json; charset=utf-8",
        "Date": "Fri, 26 Nov 2021 06:01:31 GMT",
        "Expires": "-1",
        "P3P": "CP=\u0022DSP CUR OTPi IND OTRi ONL FIN\u0022",
        "Pragma": "no-cache",
        "Set-Cookie": [
          "fpc=An2Y5LqswiRFpRHMF0JXn5-ZHqKEBAAAABJvMtkOAAAA; expires=Sun, 26-Dec-2021 06:01:31 GMT; path=/; secure; HttpOnly; SameSite=None",
          "x-ms-gateway-slice=estsfd; path=/; secure; samesite=none; httponly",
          "stsservicecookie=estsfd; path=/; secure; samesite=none; httponly"
        ],
        "Strict-Transport-Security": "max-age=31536000; includeSubDomains",
        "X-Content-Type-Options": "nosniff",
        "x-ms-clitelem": "1,0,0,,",
        "x-ms-ests-server": "2.1.12231.8 - NCUS ProdSlices",
        "x-ms-request-id": "ee615dbf-7730-4fc2-8bb8-f78edb748601"
      },
      "ResponseBody": {
        "token_type": "Bearer",
        "expires_in": 3599,
        "ext_expires_in": 3599,
        "access_token": "eyJ0eXAiOiJKV1QiLCJhbGciOiJSUzI1NiIsIng1dCI6Imwzc1EtNTBjQ0g0eEJWWkxIVEd3blNSNzY4MCIsImtpZCI6Imwzc1EtNTBjQ0g0eEJWWkxIVEd3blNSNzY4MCJ9.eyJhdWQiOiJodHRwczovL21hbmFnZW1lbnQuYXp1cmUuY29tIiwiaXNzIjoiaHR0cHM6Ly9zdHMud2luZG93cy5uZXQvNTQ4MjZiMjItMzhkNi00ZmIyLWJhZDktYjdiOTNhM2U5YzVhLyIsImlhdCI6MTYzNzkwNjE5MSwibmJmIjoxNjM3OTA2MTkxLCJleHAiOjE2Mzc5MTAwOTEsImFpbyI6IkUyWmdZREEyTG0wK0dhbk9WenpiOFAzcFBSUGVBUUE9IiwiYXBwaWQiOiJhMmRmNTRkNS1hYjAzLTQ3MjUtOWI4MC05YTAwYjNiMTk2N2YiLCJhcHBpZGFjciI6IjEiLCJpZHAiOiJodHRwczovL3N0cy53aW5kb3dzLm5ldC81NDgyNmIyMi0zOGQ2LTRmYjItYmFkOS1iN2I5M2EzZTljNWEvIiwib2lkIjoiODg3YzQyYjEtNzk0Ni00YzIyLWJhYTYtMTUwNDNlNGIxMzIzIiwicmgiOiIwLkFUY0FJbXVDVk5ZNHNrLTYyYmU1T2o2Y1d0VlUzNklEcXlWSG00Q2FBTE94bG44M0FBQS4iLCJzdWIiOiI4ODdjNDJiMS03OTQ2LTRjMjItYmFhNi0xNTA0M2U0YjEzMjMiLCJ0aWQiOiI1NDgyNmIyMi0zOGQ2LTRmYjItYmFkOS1iN2I5M2EzZTljNWEiLCJ1dGkiOiJ2MTFoN2pCM3drLUx1UGVPMjNTR0FRIiwidmVyIjoiMS4wIiwieG1zX3RjZHQiOjE0MTIyMDY4NDB9.TOBj9kL2p4s_u8SQHPLWCLlOHDsGtRbJETyRGonMBP7eTVpqTDDqphOcISlmcZ9AnWHweHrHVjAr5Kr1oetMsjlT71Ji8MdPZtF8jS5UTMUS693CM3h8n0dtwy-POTb2qEUjQruVaZZQEHBgkjlgTRjrCaL4_W_DYANiT7cLXE2J7toTKr7xnAfCFF1humSvqe8DlXYUp2AifhnF3HH25nCvLuTBhTPrQ64mJqg8UH4pZJVgp4G12cG6oS6kn4fY_YxToiCN3PZBkK3RhqWQGgutMZ8z-M5LsS_z4uUAyov7cQoLhQiUwTnd8oFU0-QTSZnGYDChMy-v7_RsZm9jFA"
      }
    },
    {
      "RequestUri": "https://management.azure.com/subscriptions/00000000-0000-0000-0000-000000000000/resourcegroups/rgname/providers/Microsoft.Compute//availabilitySets/pytestavset996031f3/providers/Microsoft.Authorization/locks/pylockrg?api-version=2016-09-01",
      "RequestMethod": "PUT",
      "RequestHeaders": {
        "Accept": "application/json",
        "Accept-Encoding": "gzip, deflate",
        "Authorization": "Sanitized",
        "Connection": "keep-alive",
        "Content-Length": "41",
        "Content-Type": "application/json",
        "User-Agent": "azsdk-python-azure-mgmt-resource/20.0.0 Python/3.7.3 (Windows-10-10.0.22000-SP0)",
        "x-ms-client-request-id": "4d6d6124-4e7e-11ec-8e45-2cf05d45d152"
      },
      "RequestBody": "{\u0022properties\u0022: {\u0022level\u0022: \u0022CanNotDelete\u0022}}",
      "StatusCode": 201,
      "ResponseHeaders": {
        "Cache-Control": "no-cache",
        "Content-Length": "291",
        "Content-Type": "application/json; charset=utf-8",
        "Date": "Fri, 26 Nov 2021 06:01:31 GMT",
        "Expires": "-1",
        "Pragma": "no-cache",
        "Strict-Transport-Security": "max-age=31536000; includeSubDomains",
        "X-Content-Type-Options": "nosniff",
        "x-ms-correlation-request-id": "69993449-75d2-4e89-bd30-907a051ca7fd",
        "x-ms-ratelimit-remaining-subscription-writes": "1196",
        "x-ms-request-id": "southeastasia:0542432c-37f9-4fa5-9cb4-43f9c18f2713",
        "x-ms-routing-request-id": "SOUTHEASTASIA:20211126T060132Z:69993449-75d2-4e89-bd30-907a051ca7fd"
      },
      "ResponseBody": {
        "properties": {
          "level": "CanNotDelete"
        },
        "id": "/subscriptions/00000000-0000-0000-0000-000000000000/resourcegroups/rgname/providers/Microsoft.Compute/availabilitySets/pytestavset996031f3/providers/Microsoft.Authorization/locks/pylockrg",
        "type": "Microsoft.Authorization/locks",
        "name": "pylockrg"
      }
    },
    {
      "RequestUri": "https://management.azure.com/subscriptions/00000000-0000-0000-0000-000000000000/resourcegroups/rgname/providers/Microsoft.Compute//availabilitySets/pytestavset996031f3/providers/Microsoft.Authorization/locks/pylockrg?api-version=2016-09-01",
      "RequestMethod": "GET",
      "RequestHeaders": {
        "Accept": "application/json",
        "Accept-Encoding": "gzip, deflate",
        "Authorization": "Sanitized",
        "Connection": "keep-alive",
        "User-Agent": "azsdk-python-azure-mgmt-resource/20.0.0 Python/3.7.3 (Windows-10-10.0.22000-SP0)",
        "x-ms-client-request-id": "4df7483a-4e7e-11ec-bd05-2cf05d45d152"
      },
      "RequestBody": null,
      "StatusCode": 200,
      "ResponseHeaders": {
        "Cache-Control": "no-cache",
        "Content-Encoding": "gzip",
        "Content-Type": "application/json; charset=utf-8",
        "Date": "Fri, 26 Nov 2021 06:01:31 GMT",
        "Expires": "-1",
        "Pragma": "no-cache",
        "Strict-Transport-Security": "max-age=31536000; includeSubDomains",
        "Transfer-Encoding": "chunked",
        "Vary": [
          "Accept-Encoding",
          "Accept-Encoding"
        ],
        "X-Content-Type-Options": "nosniff",
        "x-ms-correlation-request-id": "eebf3f19-7360-4884-9cdd-e0bf1ab2eca4",
        "x-ms-ratelimit-remaining-subscription-reads": "11998",
        "x-ms-request-id": "southeastasia:87b19709-880b-4816-a046-2f2b3e050a72",
        "x-ms-routing-request-id": "SOUTHEASTASIA:20211126T060132Z:eebf3f19-7360-4884-9cdd-e0bf1ab2eca4"
      },
      "ResponseBody": {
        "properties": {
          "level": "CanNotDelete"
        },
        "id": "/subscriptions/00000000-0000-0000-0000-000000000000/resourcegroups/rgname/providers/Microsoft.Compute/availabilitySets/pytestavset996031f3/providers/Microsoft.Authorization/locks/pylockrg",
        "type": "Microsoft.Authorization/locks",
        "name": "pylockrg"
      }
    },
    {
      "RequestUri": "https://management.azure.com/subscriptions/00000000-0000-0000-0000-000000000000/resourcegroups/rgname/providers/Microsoft.Compute//availabilitySets/pytestavset996031f3/providers/Microsoft.Authorization/locks?api-version=2016-09-01",
      "RequestMethod": "GET",
      "RequestHeaders": {
        "Accept": "application/json",
        "Accept-Encoding": "gzip, deflate",
        "Authorization": "Sanitized",
        "Connection": "keep-alive",
        "User-Agent": "azsdk-python-azure-mgmt-resource/20.0.0 Python/3.7.3 (Windows-10-10.0.22000-SP0)",
        "x-ms-client-request-id": "4e06a1cc-4e7e-11ec-9b06-2cf05d45d152"
      },
      "RequestBody": null,
      "StatusCode": 200,
      "ResponseHeaders": {
        "Cache-Control": "no-cache",
        "Content-Encoding": "gzip",
        "Content-Type": "application/json; charset=utf-8",
        "Date": "Fri, 26 Nov 2021 06:01:31 GMT",
        "Expires": "-1",
        "Pragma": "no-cache",
        "Strict-Transport-Security": "max-age=31536000; includeSubDomains",
        "Transfer-Encoding": "chunked",
        "Vary": [
          "Accept-Encoding",
          "Accept-Encoding"
        ],
        "X-Content-Type-Options": "nosniff",
        "x-ms-correlation-request-id": "bb8a3024-5aa9-4412-92d7-a888554ea84a",
        "x-ms-ratelimit-remaining-subscription-reads": "11997",
        "x-ms-request-id": "southeastasia:40aee0e0-4132-4cfa-815a-23901f209b66",
        "x-ms-routing-request-id": "SOUTHEASTASIA:20211126T060132Z:bb8a3024-5aa9-4412-92d7-a888554ea84a"
      },
      "ResponseBody": {
        "value": [
          {
            "properties": {
              "level": "CanNotDelete"
            },
            "id": "/subscriptions/00000000-0000-0000-0000-000000000000/resourcegroups/rgname/providers/Microsoft.Compute/availabilitySets/pytestavset996031f3/providers/Microsoft.Authorization/locks/pylockrg",
            "type": "Microsoft.Authorization/locks",
            "name": "pylockrg"
          }
        ]
      }
    },
    {
      "RequestUri": "https://management.azure.com/subscriptions/00000000-0000-0000-0000-000000000000/resourcegroups/rgname/providers/Microsoft.Compute//availabilitySets/pytestavset996031f3/providers/Microsoft.Authorization/locks/pylockrg?api-version=2016-09-01",
      "RequestMethod": "DELETE",
      "RequestHeaders": {
        "Accept": "*/*",
        "Accept-Encoding": "gzip, deflate",
        "Authorization": "Sanitized",
        "Connection": "keep-alive",
        "Content-Length": "0",
        "User-Agent": "azsdk-python-azure-mgmt-resource/20.0.0 Python/3.7.3 (Windows-10-10.0.22000-SP0)",
        "x-ms-client-request-id": "4e17f7c6-4e7e-11ec-96ce-2cf05d45d152"
      },
      "RequestBody": null,
      "StatusCode": 200,
      "ResponseHeaders": {
        "Cache-Control": "no-cache",
        "Content-Length": "0",
        "Date": "Fri, 26 Nov 2021 06:01:31 GMT",
        "Expires": "-1",
        "Pragma": "no-cache",
        "Strict-Transport-Security": "max-age=31536000; includeSubDomains",
        "X-Content-Type-Options": "nosniff",
        "x-ms-correlation-request-id": "553b9d78-bd19-4de0-91fe-2cfea00b2b8c",
        "x-ms-ratelimit-remaining-subscription-deletes": "14997",
        "x-ms-request-id": "southeastasia:0685db89-5998-4529-ae68-a9c9769bdac7",
        "x-ms-routing-request-id": "SOUTHEASTASIA:20211126T060132Z:553b9d78-bd19-4de0-91fe-2cfea00b2b8c"
      },
      "ResponseBody": null
    },
    {
      "RequestUri": "https://management.azure.com/subscriptions/00000000-0000-0000-0000-000000000000/resourcegroups/rgname/providers/Microsoft.Compute//availabilitySets/pytestavset996031f3?api-version=2019-07-01",
      "RequestMethod": "DELETE",
      "RequestHeaders": {
        "Accept": "application/json",
        "Accept-Encoding": "gzip, deflate",
        "Authorization": "Sanitized",
        "Connection": "keep-alive",
        "Content-Length": "0",
        "User-Agent": "azsdk-python-azure-mgmt-resource/20.0.0 Python/3.7.3 (Windows-10-10.0.22000-SP0)",
        "x-ms-client-request-id": "4e2bf1f6-4e7e-11ec-84a2-2cf05d45d152"
      },
      "RequestBody": null,
      "StatusCode": 200,
      "ResponseHeaders": {
        "Cache-Control": "no-cache",
        "Content-Length": "0",
        "Date": "Fri, 26 Nov 2021 06:01:35 GMT",
        "Expires": "-1",
        "Pragma": "no-cache",
        "Server": [
          "Microsoft-HTTPAPI/2.0",
          "Microsoft-HTTPAPI/2.0"
        ],
        "Strict-Transport-Security": "max-age=31536000; includeSubDomains",
        "X-Content-Type-Options": "nosniff",
        "x-ms-correlation-request-id": "865117f2-f46b-40da-8ddc-e76c1a388886",
        "x-ms-ratelimit-remaining-resource": "Microsoft.Compute/DeleteVM3Min;238,Microsoft.Compute/DeleteVM30Min;1190",
        "x-ms-ratelimit-remaining-subscription-deletes": "14996",
        "x-ms-request-id": "6fcb0704-a0b6-4e9c-b54f-fbabdef32450",
        "x-ms-routing-request-id": "SOUTHEASTASIA:20211126T060136Z:865117f2-f46b-40da-8ddc-e76c1a388886"
      },
      "ResponseBody": null
    }
  ],
  "Variables": {}
}
