interactions:
- request:
    body: null
    headers:
      Accept:
      - application/json
      Accept-Encoding:
      - gzip, deflate
      Connection:
      - keep-alive
      User-Agent:
      - azsdk-python-azure-mgmt-resource/0.1.0 Python/3.6.9 (Linux-4.9.184-linuxkit-x86_64-with-Ubuntu-18.04-bionic)
    method: HEAD
    uri: https://management.azure.com/subscriptions/00000000-0000-0000-0000-000000000000/resourcegroups/rgname/providers/Microsoft.Resources/deployments/pytestdeployment667e10fe?api-version=2020-06-01
  response:
    body:
      string: ''
    headers:
      cache-control:
      - no-cache
      content-length:
      - '109'
      content-type:
      - application/json; charset=utf-8
      date:
      - Thu, 17 Sep 2020 07:39:18 GMT
      expires:
      - '-1'
      pragma:
      - no-cache
      strict-transport-security:
      - max-age=31536000; includeSubDomains
      x-content-type-options:
      - nosniff
      x-ms-failure-cause:
      - gateway
    status:
      code: 404
      message: Not Found
- request:
    body: '{"properties": {"template": {"$schema": "https://schema.management.azure.com/schemas/2015-01-01/deploymentTemplate.json#",
      "contentVersion": "1.0.0.0", "parameters": {"location": {"type": "string", "allowedValues":
      ["East US", "West US", "West Europe", "East Asia", "South East Asia"], "metadata":
      {"description": "Location to deploy to"}}}, "resources": [{"type": "Microsoft.Compute/availabilitySets",
      "name": "availabilitySet1", "apiVersion": "2019-07-01", "location": "[parameters(''location'')]",
      "properties": {}}], "outputs": {"myparameter": {"type": "object", "value": "[reference(''Microsoft.Compute/availabilitySets/availabilitySet1'')]"}}},
      "parameters": {"location": {"value": "West US"}}, "mode": "Incremental"}}'
    headers:
      Accept:
      - application/json
      Accept-Encoding:
      - gzip, deflate
      Connection:
      - keep-alive
      Content-Length:
      - '720'
      Content-Type:
      - application/json
      User-Agent:
      - azsdk-python-azure-mgmt-resource/0.1.0 Python/3.6.9 (Linux-4.9.184-linuxkit-x86_64-with-Ubuntu-18.04-bionic)
    method: PUT
    uri: https://management.azure.com/subscriptions/00000000-0000-0000-0000-000000000000/resourcegroups/rgname/providers/Microsoft.Resources/deployments/pytestdeployment667e10fe?api-version=2020-06-01
  response:
    body:
      string: '{"id":"/subscriptions/00000000-0000-0000-0000-000000000000/resourceGroups/rgname/providers/Microsoft.Resources/deployments/pytestdeployment667e10fe","name":"pytestdeployment667e10fe","type":"Microsoft.Resources/deployments","properties":{"templateHash":"16604828588493152528","parameters":{"location":{"type":"String","value":"West
        US"}},"mode":"Incremental","provisioningState":"Accepted","timestamp":"2020-09-17T07:39:23.1575068Z","duration":"PT2.6296603S","correlationId":"bc152935-67ed-4c5e-95be-6bfc2fd3098f","providers":[{"namespace":"Microsoft.Compute","resourceTypes":[{"resourceType":"availabilitySets","locations":["westus"]}]}],"dependencies":[]}}'
    headers:
      azure-asyncoperation:
      - https://management.azure.com/subscriptions/00000000-0000-0000-0000-000000000000/resourcegroups/rgname/providers/Microsoft.Resources/deployments/pytestdeployment667e10fe/operationStatuses/08586012785249497645?api-version=2020-06-01
      cache-control:
      - no-cache
      content-length:
      - '727'
      content-type:
      - application/json; charset=utf-8
      date:
      - Thu, 17 Sep 2020 07:39:24 GMT
      expires:
      - '-1'
      pragma:
      - no-cache
      strict-transport-security:
      - max-age=31536000; includeSubDomains
      x-content-type-options:
      - nosniff
      x-ms-ratelimit-remaining-subscription-writes:
      - '1196'
    status:
      code: 201
      message: Created
- request:
    body: null
    headers:
      Accept:
      - '*/*'
      Accept-Encoding:
      - gzip, deflate
      Connection:
      - keep-alive
      User-Agent:
      - azsdk-python-azure-mgmt-resource/0.1.0 Python/3.6.9 (Linux-4.9.184-linuxkit-x86_64-with-Ubuntu-18.04-bionic)
    method: GET
    uri: https://management.azure.com/subscriptions/00000000-0000-0000-0000-000000000000/resourcegroups/rgname/providers/Microsoft.Resources/deployments/pytestdeployment667e10fe/operationStatuses/08586012785249497645?api-version=2020-06-01
  response:
    body:
      string: '{"status":"Succeeded"}'
    headers:
      cache-control:
      - no-cache
      content-length:
      - '22'
      content-type:
      - application/json; charset=utf-8
      date:
      - Thu, 17 Sep 2020 07:39:54 GMT
      expires:
      - '-1'
      pragma:
      - no-cache
      strict-transport-security:
      - max-age=31536000; includeSubDomains
      vary:
      - Accept-Encoding
      x-content-type-options:
      - nosniff
    status:
      code: 200
      message: OK
- request:
    body: null
    headers:
      Accept:
      - '*/*'
      Accept-Encoding:
      - gzip, deflate
      Connection:
      - keep-alive
      User-Agent:
      - azsdk-python-azure-mgmt-resource/0.1.0 Python/3.6.9 (Linux-4.9.184-linuxkit-x86_64-with-Ubuntu-18.04-bionic)
    method: GET
    uri: https://management.azure.com/subscriptions/00000000-0000-0000-0000-000000000000/resourcegroups/rgname/providers/Microsoft.Resources/deployments/pytestdeployment667e10fe?api-version=2020-06-01
  response:
    body:
      string: '{"id":"/subscriptions/00000000-0000-0000-0000-000000000000/resourceGroups/rgname/providers/Microsoft.Resources/deployments/pytestdeployment667e10fe","name":"pytestdeployment667e10fe","type":"Microsoft.Resources/deployments","properties":{"templateHash":"16604828588493152528","parameters":{"location":{"type":"String","value":"West
        US"}},"mode":"Incremental","provisioningState":"Succeeded","timestamp":"2020-09-17T07:39:30.4101582Z","duration":"PT9.8823117S","correlationId":"bc152935-67ed-4c5e-95be-6bfc2fd3098f","providers":[{"namespace":"Microsoft.Compute","resourceTypes":[{"resourceType":"availabilitySets","locations":["westus"]}]}],"dependencies":[],"outputs":{"myparameter":{"type":"Object","value":{"platformUpdateDomainCount":5,"platformFaultDomainCount":3}}},"outputResources":[{"id":"/subscriptions/00000000-0000-0000-0000-000000000000/resourceGroups/rgname/providers/Microsoft.Compute/availabilitySets/availabilitySet1"}]}}'
    headers:
      cache-control:
      - no-cache
      content-length:
      - '1075'
      content-type:
      - application/json; charset=utf-8
      date:
      - Thu, 17 Sep 2020 07:39:54 GMT
      expires:
      - '-1'
      pragma:
      - no-cache
      strict-transport-security:
      - max-age=31536000; includeSubDomains
      vary:
      - Accept-Encoding
      x-content-type-options:
      - nosniff
    status:
      code: 200
      message: OK
- request:
    body: null
    headers:
      Accept:
      - application/json
      Accept-Encoding:
      - gzip, deflate
      Connection:
      - keep-alive
      User-Agent:
      - azsdk-python-azure-mgmt-resource/0.1.0 Python/3.6.9 (Linux-4.9.184-linuxkit-x86_64-with-Ubuntu-18.04-bionic)
    method: GET
    uri: https://management.azure.com/subscriptions/00000000-0000-0000-0000-000000000000/resourcegroups/rgname/providers/Microsoft.Resources/deployments/?api-version=2020-06-01
  response:
    body:
      string: '{"value":[{"id":"/subscriptions/00000000-0000-0000-0000-000000000000/resourceGroups/rgname/providers/Microsoft.Resources/deployments/pytestdeployment667e10fe","name":"pytestdeployment667e10fe","type":"Microsoft.Resources/deployments","properties":{"templateHash":"16604828588493152528","parameters":{"location":{"type":"String","value":"West
        US"}},"mode":"Incremental","provisioningState":"Succeeded","timestamp":"2020-09-17T07:39:30.4101582Z","duration":"PT9.8823117S","correlationId":"bc152935-67ed-4c5e-95be-6bfc2fd3098f","providers":[{"namespace":"Microsoft.Compute","resourceTypes":[{"resourceType":"availabilitySets","locations":["westus"]}]}],"dependencies":[],"outputs":{"myparameter":{"type":"Object","value":{"platformUpdateDomainCount":5,"platformFaultDomainCount":3}}},"outputResources":[{"id":"/subscriptions/00000000-0000-0000-0000-000000000000/resourceGroups/rgname/providers/Microsoft.Compute/availabilitySets/availabilitySet1"}]}}]}'
    headers:
      cache-control:
      - no-cache
      content-length:
      - '1087'
      content-type:
      - application/json; charset=utf-8
      date:
      - Thu, 17 Sep 2020 07:39:55 GMT
      expires:
      - '-1'
      pragma:
      - no-cache
      strict-transport-security:
      - max-age=31536000; includeSubDomains
      vary:
      - Accept-Encoding
      x-content-type-options:
      - nosniff
    status:
      code: 200
      message: OK
- request:
    body: null
    headers:
      Accept:
      - application/json
      Accept-Encoding:
      - gzip, deflate
      Connection:
      - keep-alive
      User-Agent:
      - azsdk-python-azure-mgmt-resource/0.1.0 Python/3.6.9 (Linux-4.9.184-linuxkit-x86_64-with-Ubuntu-18.04-bionic)
    method: GET
    uri: https://management.azure.com/subscriptions/00000000-0000-0000-0000-000000000000/resourcegroups/rgname/providers/Microsoft.Resources/deployments/pytestdeployment667e10fe?api-version=2020-06-01
  response:
    body:
      string: '{"id":"/subscriptions/00000000-0000-0000-0000-000000000000/resourceGroups/rgname/providers/Microsoft.Resources/deployments/pytestdeployment667e10fe","name":"pytestdeployment667e10fe","type":"Microsoft.Resources/deployments","properties":{"templateHash":"16604828588493152528","parameters":{"location":{"type":"String","value":"West
        US"}},"mode":"Incremental","provisioningState":"Succeeded","timestamp":"2020-09-17T07:39:30.4101582Z","duration":"PT9.8823117S","correlationId":"bc152935-67ed-4c5e-95be-6bfc2fd3098f","providers":[{"namespace":"Microsoft.Compute","resourceTypes":[{"resourceType":"availabilitySets","locations":["westus"]}]}],"dependencies":[],"outputs":{"myparameter":{"type":"Object","value":{"platformUpdateDomainCount":5,"platformFaultDomainCount":3}}},"outputResources":[{"id":"/subscriptions/00000000-0000-0000-0000-000000000000/resourceGroups/rgname/providers/Microsoft.Compute/availabilitySets/availabilitySet1"}]}}'
    headers:
      cache-control:
      - no-cache
      content-length:
      - '1075'
      content-type:
      - application/json; charset=utf-8
      date:
      - Thu, 17 Sep 2020 07:39:55 GMT
      expires:
      - '-1'
      pragma:
      - no-cache
      strict-transport-security:
      - max-age=31536000; includeSubDomains
      vary:
      - Accept-Encoding
      x-content-type-options:
      - nosniff
    status:
      code: 200
      message: OK
- request:
    body: '{"properties": {"template": {"$schema": "https://schema.management.azure.com/schemas/2015-01-01/deploymentTemplate.json#",
      "contentVersion": "1.0.0.0", "parameters": {"location": {"type": "string", "allowedValues":
      ["East US", "West US", "West Europe", "East Asia", "South East Asia"], "metadata":
      {"description": "Location to deploy to"}}}, "resources": [{"type": "Microsoft.Compute/availabilitySets",
      "name": "availabilitySet1", "apiVersion": "2019-07-01", "location": "[parameters(''location'')]",
      "properties": {}}], "outputs": {"myparameter": {"type": "object", "value": "[reference(''Microsoft.Compute/availabilitySets/availabilitySet1'')]"}}},
      "mode": "Incremental"}}'
    headers:
      Accept:
      - application/json
      Accept-Encoding:
      - gzip, deflate
      Connection:
      - keep-alive
      Content-Length:
      - '670'
      Content-Type:
      - application/json
      User-Agent:
      - azsdk-python-azure-mgmt-resource/0.1.0 Python/3.6.9 (Linux-4.9.184-linuxkit-x86_64-with-Ubuntu-18.04-bionic)
    method: POST
    uri: https://management.azure.com/subscriptions/00000000-0000-0000-0000-000000000000/resourcegroups/rgname/providers/Microsoft.Resources/deployments/pytestdeployment667e10fe/whatIf?api-version=2020-06-01
  response:
    body:
      string: ''
    headers:
      cache-control:
      - no-cache
      content-length:
      - '0'
      date:
      - Thu, 17 Sep 2020 07:39:57 GMT
      expires:
      - '-1'
      location:
      - https://management.azure.com/subscriptions/00000000-0000-0000-0000-000000000000/operationresults/eyJqb2JJZCI6IkRlcGxveW1lbnRXaGF0SWZKb2ItNDJKWks2Mk9HR0FJUTRPTjY1V1BKM1NQVktMUzZBVjVUQ1NZWU9RT09LSFhKUEN8MDc0OUVENENFMTUyQjc2My1QWVRFU1RERVBMT1lNRU5UNjY3RTEwRkUtRUQwNDg2MEU6MkQ2RUE4OjJENDkyMzoyRDk4RkQ6MkRCMjA3MzkzN0FFMUEiLCJqb2JMb2NhdGlvbiI6Indlc3R1cyJ9?api-version=2020-06-01
      pragma:
      - no-cache
      strict-transport-security:
      - max-age=31536000; includeSubDomains
      x-content-type-options:
      - nosniff
      x-ms-ratelimit-remaining-subscription-writes:
      - '1199'
    status:
      code: 202
      message: Accepted
- request:
    body: null
    headers:
      Accept:
      - '*/*'
      Accept-Encoding:
      - gzip, deflate
      Connection:
      - keep-alive
      User-Agent:
      - azsdk-python-azure-mgmt-resource/0.1.0 Python/3.6.9 (Linux-4.9.184-linuxkit-x86_64-with-Ubuntu-18.04-bionic)
    method: GET
    uri: https://management.azure.com/subscriptions/00000000-0000-0000-0000-000000000000/operationresults/eyJqb2JJZCI6IkRlcGxveW1lbnRXaGF0SWZKb2ItNDJKWks2Mk9HR0FJUTRPTjY1V1BKM1NQVktMUzZBVjVUQ1NZWU9RT09LSFhKUEN8MDc0OUVENENFMTUyQjc2My1QWVRFU1RERVBMT1lNRU5UNjY3RTEwRkUtRUQwNDg2MEU6MkQ2RUE4OjJENDkyMzoyRDk4RkQ6MkRCMjA3MzkzN0FFMUEiLCJqb2JMb2NhdGlvbiI6Indlc3R1cyJ9?api-version=2020-06-01
  response:
    body:
      string: '{"status":"Failed","error":{"code":"InvalidTemplate","message":"Deployment
        template validation failed: ''The value for the template parameter ''location''
        at line ''1'' and column ''172'' is not provided. Please see https://aka.ms/resource-manager-parameter-files
        for usage details.''.","additionalInfo":[{"type":"TemplateViolation","info":{"lineNumber":1,"linePosition":172,"path":"properties.template.parameters.location"}}]}}'
    headers:
      cache-control:
      - no-cache
      content-length:
      - '420'
      content-type:
      - application/json; charset=utf-8
      date:
      - Thu, 17 Sep 2020 07:40:12 GMT
      expires:
      - '-1'
      pragma:
      - no-cache
      strict-transport-security:
      - max-age=31536000; includeSubDomains
      vary:
      - Accept-Encoding
      x-content-type-options:
      - nosniff
    status:
      code: 200
      message: OK
- request:
    body: null
    headers:
      Accept:
      - application/json
      Accept-Encoding:
      - gzip, deflate
      Connection:
      - keep-alive
      User-Agent:
      - azsdk-python-azure-mgmt-resource/0.1.0 Python/3.6.9 (Linux-4.9.184-linuxkit-x86_64-with-Ubuntu-18.04-bionic)
    method: GET
    uri: https://management.azure.com/subscriptions/00000000-0000-0000-0000-000000000000/resourcegroups/rgname/deployments/pytestdeployment667e10fe/operations?api-version=2020-06-01
  response:
    body:
      string: '{"value":[{"id":"/subscriptions/00000000-0000-0000-0000-000000000000/resourceGroups/rgname/providers/Microsoft.Resources/deployments/pytestdeployment667e10fe/operations/6514AFC1A20148BF","operationId":"6514AFC1A20148BF","properties":{"provisioningOperation":"Create","provisioningState":"Succeeded","timestamp":"2020-09-17T07:39:30.3318286Z","duration":"PT5.7415098S","trackingId":"69e72fcc-101b-4129-bcf2-afc9d7839886","serviceRequestId":"1e138a1d-999e-4a9f-bff1-c291cd7db5a0","statusCode":"OK","targetResource":{"id":"/subscriptions/00000000-0000-0000-0000-000000000000/resourceGroups/rgname/providers/Microsoft.Compute/availabilitySets/availabilitySet1","resourceType":"Microsoft.Compute/availabilitySets","resourceName":"availabilitySet1"}}},{"id":"/subscriptions/00000000-0000-0000-0000-000000000000/resourceGroups/rgname/providers/Microsoft.Resources/deployments/pytestdeployment667e10fe/operations/08586012785249497645","operationId":"08586012785249497645","properties":{"provisioningOperation":"EvaluateDeploymentOutput","provisioningState":"Succeeded","timestamp":"2020-09-17T07:39:30.3911266Z","duration":"PT5.8008078S","trackingId":"ef2c67e6-de08-43bc-b0c3-b966eb834f1b","statusCode":"OK"}}]}'
    headers:
      cache-control:
      - no-cache
      content-length:
      - '1410'
      content-type:
      - application/json; charset=utf-8
      date:
      - Thu, 17 Sep 2020 07:40:13 GMT
      expires:
      - '-1'
      pragma:
      - no-cache
      strict-transport-security:
      - max-age=31536000; includeSubDomains
      vary:
      - Accept-Encoding
      x-content-type-options:
      - nosniff
    status:
      code: 200
      message: OK
- request:
    body: null
    headers:
      Accept:
      - application/json
      Accept-Encoding:
      - gzip, deflate
      Connection:
      - keep-alive
      User-Agent:
      - azsdk-python-azure-mgmt-resource/0.1.0 Python/3.6.9 (Linux-4.9.184-linuxkit-x86_64-with-Ubuntu-18.04-bionic)
    method: GET
    uri: https://management.azure.com/subscriptions/00000000-0000-0000-0000-000000000000/resourcegroups/rgname/deployments/pytestdeployment667e10fe/operations/6514AFC1A20148BF?api-version=2020-06-01
  response:
    body:
      string: '{"id":"/subscriptions/00000000-0000-0000-0000-000000000000/resourceGroups/rgname/providers/Microsoft.Resources/deployments/pytestdeployment667e10fe/operations/6514AFC1A20148BF","operationId":"6514AFC1A20148BF","properties":{"provisioningOperation":"Create","provisioningState":"Succeeded","timestamp":"2020-09-17T07:39:30.3318286Z","duration":"PT5.7415098S","trackingId":"69e72fcc-101b-4129-bcf2-afc9d7839886","serviceRequestId":"1e138a1d-999e-4a9f-bff1-c291cd7db5a0","statusCode":"OK","targetResource":{"id":"/subscriptions/00000000-0000-0000-0000-000000000000/resourceGroups/rgname/providers/Microsoft.Compute/availabilitySets/availabilitySet1","resourceType":"Microsoft.Compute/availabilitySets","resourceName":"availabilitySet1"}}}'
    headers:
      cache-control:
      - no-cache
      content-length:
      - '873'
      content-type:
      - application/json; charset=utf-8
      date:
      - Thu, 17 Sep 2020 07:40:14 GMT
      expires:
      - '-1'
      pragma:
      - no-cache
      strict-transport-security:
      - max-age=31536000; includeSubDomains
      vary:
      - Accept-Encoding
      x-content-type-options:
      - nosniff
    status:
      code: 200
      message: OK
- request:
    body: null
    headers:
      Accept:
      - application/json
      Accept-Encoding:
      - gzip, deflate
      Connection:
      - keep-alive
      Content-Length:
      - '0'
      User-Agent:
      - azsdk-python-azure-mgmt-resource/0.1.0 Python/3.6.9 (Linux-4.9.184-linuxkit-x86_64-with-Ubuntu-18.04-bionic)
    method: POST
    uri: https://management.azure.com/subscriptions/00000000-0000-0000-0000-000000000000/resourcegroups/rgname/providers/Microsoft.Resources/deployments/pytestdeployment667e10fe/cancel?api-version=2020-06-01
  response:
    body:
      string: '{"error":{"code":"DeploymentCannotBeCancelled","message":"The deployment
        ''pytestdeployment667e10fe'' cannot be cancelled because it has provisioning
        state ''Succeeded'' or it has already expired (expiration time is ''9/24/2020
        7:39:20 AM'')."}}'
    headers:
      cache-control:
      - no-cache
      content-length:
      - '239'
      content-type:
      - application/json; charset=utf-8
      date:
      - Thu, 17 Sep 2020 07:40:15 GMT
      expires:
      - '-1'
      pragma:
      - no-cache
      strict-transport-security:
      - max-age=31536000; includeSubDomains
      x-content-type-options:
      - nosniff
      x-ms-failure-cause:
      - gateway
      x-ms-ratelimit-remaining-subscription-writes:
      - '1198'
    status:
      code: 409
      message: Conflict
- request:
    body: '{"properties": {"template": {"$schema": "https://schema.management.azure.com/schemas/2015-01-01/deploymentTemplate.json#",
      "contentVersion": "1.0.0.0", "parameters": {"location": {"type": "string", "allowedValues":
      ["East US", "West US", "West Europe", "East Asia", "South East Asia"], "metadata":
      {"description": "Location to deploy to"}}}, "resources": [{"type": "Microsoft.Compute/availabilitySets",
      "name": "availabilitySet1", "apiVersion": "2019-07-01", "location": "[parameters(''location'')]",
      "properties": {}}], "outputs": {"myparameter": {"type": "object", "value": "[reference(''Microsoft.Compute/availabilitySets/availabilitySet1'')]"}}},
      "parameters": {"location": {"value": "West US"}}, "mode": "Incremental"}}'
    headers:
      Accept:
      - application/json
      Accept-Encoding:
      - gzip, deflate
      Connection:
      - keep-alive
      Content-Length:
      - '720'
      Content-Type:
      - application/json
      User-Agent:
      - azsdk-python-azure-mgmt-resource/0.1.0 Python/3.6.9 (Linux-4.9.184-linuxkit-x86_64-with-Ubuntu-18.04-bionic)
    method: POST
    uri: https://management.azure.com/subscriptions/00000000-0000-0000-0000-000000000000/resourcegroups/rgname/providers/Microsoft.Resources/deployments/pytestdeployment667e10fe/validate?api-version=2020-06-01
  response:
    body:
      string: '{"id":"/subscriptions/00000000-0000-0000-0000-000000000000/resourceGroups/rgname/providers/Microsoft.Resources/deployments/pytestdeployment667e10fe","name":"pytestdeployment667e10fe","type":"Microsoft.Resources/deployments","properties":{"templateHash":"16604828588493152528","parameters":{"location":{"type":"String","value":"West
        US"}},"mode":"Incremental","provisioningState":"Succeeded","timestamp":"2020-09-17T07:40:16.8732657Z","duration":"PT0S","correlationId":"accb97f1-dd48-4929-a5fd-7e5e2c40624a","providers":[{"namespace":"Microsoft.Compute","resourceTypes":[{"resourceType":"availabilitySets","locations":["westus"]}]}],"dependencies":[],"validatedResources":[{"id":"/subscriptions/00000000-0000-0000-0000-000000000000/resourceGroups/rgname/providers/Microsoft.Compute/availabilitySets/availabilitySet1"}]}}'
    headers:
      cache-control:
      - no-cache
      content-length:
      - '957'
      content-type:
      - application/json; charset=utf-8
      date:
      - Thu, 17 Sep 2020 07:40:16 GMT
      expires:
      - '-1'
      pragma:
      - no-cache
      strict-transport-security:
      - max-age=31536000; includeSubDomains
      transfer-encoding:
      - chunked
      vary:
      - Accept-Encoding
      x-content-type-options:
      - nosniff
      x-ms-ratelimit-remaining-subscription-writes:
      - '1197'
    status:
      code: 200
      message: OK
- request:
    body: null
    headers:
      Accept:
      - application/json
      Accept-Encoding:
      - gzip, deflate
      Connection:
      - keep-alive
      Content-Length:
      - '0'
      User-Agent:
      - azsdk-python-azure-mgmt-resource/0.1.0 Python/3.6.9 (Linux-4.9.184-linuxkit-x86_64-with-Ubuntu-18.04-bionic)
    method: POST
    uri: https://management.azure.com/subscriptions/00000000-0000-0000-0000-000000000000/resourcegroups/rgname/providers/Microsoft.Resources/deployments/pytestdeployment667e10fe/exportTemplate?api-version=2020-06-01
  response:
    body:
      string: '{"template":{"$schema":"https://schema.management.azure.com/schemas/2015-01-01/deploymentTemplate.json#","contentVersion":"1.0.0.0","parameters":{"location":{"allowedValues":["East
        US","West US","West Europe","East Asia","South East Asia"],"type":"String","metadata":{"description":"Location
        to deploy to"}}},"resources":[{"type":"Microsoft.Compute/availabilitySets","apiVersion":"2019-07-01","name":"availabilitySet1","location":"[parameters(''location'')]","properties":{}}],"outputs":{"myparameter":{"type":"Object","value":"[reference(''Microsoft.Compute/availabilitySets/availabilitySet1'')]"}}}}'
    headers:
      cache-control:
      - no-cache
      content-length:
      - '597'
      content-type:
      - application/json; charset=utf-8
      date:
      - Thu, 17 Sep 2020 07:40:17 GMT
      expires:
      - '-1'
      pragma:
      - no-cache
      strict-transport-security:
      - max-age=31536000; includeSubDomains
      transfer-encoding:
      - chunked
      vary:
      - Accept-Encoding
      x-content-type-options:
      - nosniff
      x-ms-ratelimit-remaining-subscription-writes:
      - '1196'
    status:
      code: 200
      message: OK
- request:
    body: null
    headers:
      Accept:
      - application/json
      Accept-Encoding:
      - gzip, deflate
      Connection:
      - keep-alive
      Content-Length:
      - '0'
      User-Agent:
      - azsdk-python-azure-mgmt-resource/0.1.0 Python/3.6.9 (Linux-4.9.184-linuxkit-x86_64-with-Ubuntu-18.04-bionic)
    method: DELETE
    uri: https://management.azure.com/subscriptions/00000000-0000-0000-0000-000000000000/resourcegroups/rgname/providers/Microsoft.Resources/deployments/pytestdeployment667e10fe?api-version=2020-06-01
  response:
    body:
      string: ''
    headers:
      cache-control:
      - no-cache
      content-length:
      - '0'
      date:
      - Thu, 17 Sep 2020 07:40:19 GMT
      expires:
      - '-1'
      location:
      - https://management.azure.com/subscriptions/00000000-0000-0000-0000-000000000000/operationresults/eyJqb2JJZCI6IkRlcGxveW1lbnREZWxldGlvbkpvYi1HTlMtNDJKWks2Mk9HR0FJUTRPTjY1V1BKM1NQVktMUzZBVjVUQ1NZWU9RT09LSFhKUEN8MDc0OUVENENFMTUyQjc2My1QWVRFU1RERVBMT1lNRU5UNjY3RTEwRkUtIiwiam9iTG9jYXRpb24iOiJ3ZXN0dXMifQ?api-version=2020-06-01
      pragma:
      - no-cache
      strict-transport-security:
      - max-age=31536000; includeSubDomains
      x-content-type-options:
      - nosniff
      x-ms-ratelimit-remaining-subscription-deletes:
      - '14998'
    status:
      code: 202
      message: Accepted
- request:
    body: null
    headers:
      Accept:
      - '*/*'
      Accept-Encoding:
      - gzip, deflate
      Connection:
      - keep-alive
      User-Agent:
      - azsdk-python-azure-mgmt-resource/0.1.0 Python/3.6.9 (Linux-4.9.184-linuxkit-x86_64-with-Ubuntu-18.04-bionic)
    method: GET
    uri: https://management.azure.com/subscriptions/00000000-0000-0000-0000-000000000000/operationresults/eyJqb2JJZCI6IkRlcGxveW1lbnREZWxldGlvbkpvYi1HTlMtNDJKWks2Mk9HR0FJUTRPTjY1V1BKM1NQVktMUzZBVjVUQ1NZWU9RT09LSFhKUEN8MDc0OUVENENFMTUyQjc2My1QWVRFU1RERVBMT1lNRU5UNjY3RTEwRkUtIiwiam9iTG9jYXRpb24iOiJ3ZXN0dXMifQ?api-version=2020-06-01
  response:
    body:
      string: ''
    headers:
      cache-control:
      - no-cache
      date:
      - Thu, 17 Sep 2020 07:40:35 GMT
      expires:
      - '-1'
      pragma:
      - no-cache
      strict-transport-security:
      - max-age=31536000; includeSubDomains
      x-content-type-options:
      - nosniff
    status:
      code: 204
      message: No Content
version: 1
