{
  "Entries": [
    {
      "RequestUri": "https://login.microsoftonline.com/00000000-0000-0000-0000-000000000000/v2.0/.well-known/openid-configuration",
      "RequestMethod": "GET",
      "RequestHeaders": {
        "Accept": "*/*",
        "Accept-Encoding": "gzip, deflate",
        "Connection": "keep-alive",
        "User-Agent": "azsdk-python-identity/1.13.0 Python/3.8.16 (Linux-5.15.0-1038-azure-x86_64-with-glibc2.2.5) VSTS_0fb41ef4-5012-48a9-bf39-4ee3de03ee35_build_2500_0"
      },
      "RequestBody": null,
      "StatusCode": 200,
      "ResponseHeaders": {
        "Access-Control-Allow-Methods": "GET, OPTIONS",
        "Access-Control-Allow-Origin": "*",
        "Cache-Control": "max-age=86400, private",
        "Content-Length": "1753",
        "Content-Type": "application/json; charset=utf-8",
        "Date": "Tue, 06 Jun 2023 07:25:31 GMT",
        "P3P": "CP=\u0022DSP CUR OTPi IND OTRi ONL FIN\u0022",
        "Set-Cookie": "[set-cookie;]",
        "Strict-Transport-Security": "max-age=31536000; includeSubDomains",
        "X-Content-Type-Options": "nosniff",
        "x-ms-ests-server": "2.1.15482.18 - SCUS ProdSlices",
        "X-XSS-Protection": "0"
      },
      "ResponseBody": {
        "token_endpoint": "https://login.microsoftonline.com/00000000-0000-0000-0000-000000000000/oauth2/v2.0/token",
        "token_endpoint_auth_methods_supported": [
          "client_secret_post",
          "private_key_jwt",
          "client_secret_basic"
        ],
        "jwks_uri": "https://login.microsoftonline.com/00000000-0000-0000-0000-000000000000/discovery/v2.0/keys",
        "response_modes_supported": [
          "query",
          "fragment",
          "form_post"
        ],
        "subject_types_supported": [
          "pairwise"
        ],
        "id_token_signing_alg_values_supported": [
          "RS256"
        ],
        "response_types_supported": [
          "code",
          "id_token",
          "code id_token",
          "id_token token"
        ],
        "scopes_supported": [
          "openid",
          "profile",
          "email",
          "offline_access"
        ],
        "issuer": "https://login.microsoftonline.com/00000000-0000-0000-0000-000000000000/v2.0",
        "request_uri_parameter_supported": false,
        "userinfo_endpoint": "https://graph.microsoft.com/oidc/userinfo",
        "authorization_endpoint": "https://login.microsoftonline.com/00000000-0000-0000-0000-000000000000/oauth2/v2.0/authorize",
        "device_authorization_endpoint": "https://login.microsoftonline.com/00000000-0000-0000-0000-000000000000/oauth2/v2.0/devicecode",
        "http_logout_supported": true,
        "frontchannel_logout_supported": true,
        "end_session_endpoint": "https://login.microsoftonline.com/00000000-0000-0000-0000-000000000000/oauth2/v2.0/logout",
        "claims_supported": [
          "sub",
          "iss",
          "cloud_instance_name",
          "cloud_instance_host_name",
          "cloud_graph_host_name",
          "msgraph_host",
          "aud",
          "exp",
          "iat",
          "auth_time",
          "acr",
          "nonce",
          "preferred_username",
          "name",
          "tid",
          "ver",
          "at_hash",
          "c_hash",
          "email"
        ],
        "kerberos_endpoint": "https://login.microsoftonline.com/00000000-0000-0000-0000-000000000000/kerberos",
        "tenant_region_scope": "WW",
        "cloud_instance_name": "microsoftonline.com",
        "cloud_graph_host_name": "graph.windows.net",
        "msgraph_host": "graph.microsoft.com",
        "rbac_url": "https://pas.windows.net"
      }
    },
    {
      "RequestUri": "https://login.microsoftonline.com/common/discovery/instance?api-version=1.1\u0026authorization_endpoint=https://login.microsoftonline.com/common/oauth2/authorize",
      "RequestMethod": "GET",
      "RequestHeaders": {
        "Accept": "application/json",
        "Accept-Encoding": "gzip, deflate",
        "Connection": "keep-alive",
        "Cookie": "cookie;",
        "User-Agent": "azsdk-python-identity/1.13.0 Python/3.8.16 (Linux-5.15.0-1038-azure-x86_64-with-glibc2.2.5) VSTS_0fb41ef4-5012-48a9-bf39-4ee3de03ee35_build_2500_0"
      },
      "RequestBody": null,
      "StatusCode": 200,
      "ResponseHeaders": {
        "Access-Control-Allow-Methods": "GET, OPTIONS",
        "Access-Control-Allow-Origin": "*",
        "Cache-Control": "max-age=86400, private",
        "Content-Length": "945",
        "Content-Type": "application/json; charset=utf-8",
        "Date": "Tue, 06 Jun 2023 07:25:31 GMT",
        "P3P": "CP=\u0022DSP CUR OTPi IND OTRi ONL FIN\u0022",
        "Set-Cookie": "[set-cookie;]",
        "Strict-Transport-Security": "max-age=31536000; includeSubDomains",
        "X-Content-Type-Options": "nosniff",
        "x-ms-ests-server": "2.1.15427.11 - SCUS ProdSlices",
        "X-XSS-Protection": "0"
      },
      "ResponseBody": {
        "tenant_discovery_endpoint": "https://login.microsoftonline.com/common/.well-known/openid-configuration",
        "api-version": "1.1",
        "metadata": [
          {
            "preferred_network": "login.microsoftonline.com",
            "preferred_cache": "login.windows.net",
            "aliases": [
              "login.microsoftonline.com",
              "login.windows.net",
              "login.microsoft.com",
              "sts.windows.net"
            ]
          },
          {
            "preferred_network": "login.partner.microsoftonline.cn",
            "preferred_cache": "login.partner.microsoftonline.cn",
            "aliases": [
              "login.partner.microsoftonline.cn",
              "login.chinacloudapi.cn"
            ]
          },
          {
            "preferred_network": "login.microsoftonline.de",
            "preferred_cache": "login.microsoftonline.de",
            "aliases": [
              "login.microsoftonline.de"
            ]
          },
          {
            "preferred_network": "login.microsoftonline.us",
            "preferred_cache": "login.microsoftonline.us",
            "aliases": [
              "login.microsoftonline.us",
              "login.usgovcloudapi.net"
            ]
          },
          {
            "preferred_network": "login-us.microsoftonline.com",
            "preferred_cache": "login-us.microsoftonline.com",
            "aliases": [
              "login-us.microsoftonline.com"
            ]
          }
        ]
      }
    },
    {
      "RequestUri": "https://login.microsoftonline.com/00000000-0000-0000-0000-000000000000/oauth2/v2.0/token",
      "RequestMethod": "POST",
      "RequestHeaders": {
        "Accept": "application/json",
        "Accept-Encoding": "gzip, deflate",
        "client-request-id": "b7bc0a60-fcfa-41f0-99f6-0f4c2b6c52c7",
        "Connection": "keep-alive",
        "Content-Length": "288",
        "Content-Type": "application/x-www-form-urlencoded",
        "Cookie": "cookie;",
        "User-Agent": "azsdk-python-identity/1.13.0 Python/3.8.16 (Linux-5.15.0-1038-azure-x86_64-with-glibc2.2.5) VSTS_0fb41ef4-5012-48a9-bf39-4ee3de03ee35_build_2500_0",
        "x-client-cpu": "x64",
        "x-client-current-telemetry": "4|730,0|",
        "x-client-last-telemetry": "4|0|||",
        "x-client-os": "linux",
        "x-client-sku": "MSAL.Python",
        "x-client-ver": "1.22.0",
        "x-ms-lib-capability": "retry-after, h429"
      },
      "RequestBody": "client_id=00000000-0000-0000-0000-000000000000\u0026grant_type=client_credentials\u0026client_info=1\u0026client_secret=00000000-0000-0000-0000-000000000000\u0026claims=%7B%22access_token%22%3A\u002B%7B%22xms_cc%22%3A\u002B%7B%22values%22%3A\u002B%5B%22CP1%22%5D%7D%7D%7D\u0026scope=https%3A%2F%2Fmanagement.azure.com%2F.default",
      "StatusCode": 200,
      "ResponseHeaders": {
        "Cache-Control": "no-store, no-cache",
        "client-request-id": "b7bc0a60-fcfa-41f0-99f6-0f4c2b6c52c7",
        "Content-Length": "114",
        "Content-Type": "application/json; charset=utf-8",
        "Date": "Tue, 06 Jun 2023 07:25:31 GMT",
        "Expires": "-1",
        "P3P": "CP=\u0022DSP CUR OTPi IND OTRi ONL FIN\u0022",
        "Pragma": "no-cache",
        "Set-Cookie": "[set-cookie;]",
        "Strict-Transport-Security": "max-age=31536000; includeSubDomains",
        "X-Content-Type-Options": "nosniff",
        "x-ms-clitelem": "1,0,0,,",
        "x-ms-ests-server": "2.1.15482.18 - NCUS ProdSlices",
        "X-XSS-Protection": "0"
      },
      "ResponseBody": {
        "token_type": "Bearer",
        "expires_in": 86399,
        "ext_expires_in": 86399,
        "refresh_in": 43199,
        "access_token": "access_token"
      }
    },
    {
      "RequestUri": "https://management.azure.com/subscriptions/00000000-0000-0000-0000-000000000000/resourcegroups/rgname/providers/Microsoft.Resources/deploymentScripts/scripttest?api-version=2019-10-01-preview",
      "RequestMethod": "PUT",
      "RequestHeaders": {
        "Accept": "application/json",
        "Accept-Encoding": "gzip, deflate",
        "Connection": "keep-alive",
        "Content-Length": "591",
        "Content-Type": "application/json",
        "User-Agent": "azsdk-python-azure-mgmt-resource/23.1.0b2 Python/3.8.16 (Linux-5.15.0-1038-azure-x86_64-with-glibc2.2.5) VSTS_0fb41ef4-5012-48a9-bf39-4ee3de03ee35_build_2500_0"
      },
      "RequestBody": {
        "identity": {
          "type": "UserAssigned",
          "userAssignedIdentities": {
            "/subscriptions/00000000-0000-0000-0000-000000000000/resourceGroups/rgname/providers/Microsoft.ManagedIdentity/userAssignedIdentities/uai": {}
          }
        },
        "location": "westus",
        "kind": "AzurePowerShell",
        "properties": {
          "cleanupPreference": "Always",
          "scriptContent": "Param([string]$Location,[string]$Name) $deploymentScriptOutputs[\u0027test\u0027] = \u0027value\u0027 Get-AzResourceGroup -Location $Location -Name $Name",
          "arguments": "-Location \u0027westus\u0027 -Name \u0022*rg2\u0022",
          "retentionInterval": "P1DT2H",
          "timeout": "PT30M",
          "azPowerShellVersion": "3.0"
        }
      },
      "StatusCode": 201,
      "ResponseHeaders": {
        "Azure-AsyncOperation": "https://management.azure.com/subscriptions/00000000-0000-0000-0000-000000000000/providers/Microsoft.Resources/locations/westus/deploymentScriptOperationResults/73590394-34a4-4f1c-bd00-4ce968970815?api-version=2019-10-01-preview",
        "Cache-Control": "no-cache",
        "Content-Length": "1497",
        "Content-Type": "application/json; charset=utf-8",
        "Date": "Tue, 06 Jun 2023 07:25:35 GMT",
        "Expires": "-1",
        "Pragma": "no-cache",
        "Retry-After": "17",
        "Server": "Microsoft-HTTPAPI/2.0",
        "Strict-Transport-Security": "max-age=31536000; includeSubDomains",
        "X-Content-Type-Options": "nosniff",
        "x-ms-correlation-request-id": "c369e2b4-a6bf-4d38-a590-99bfecd7343e",
        "x-ms-ratelimit-remaining-subscription-writes": "1199",
        "x-ms-routing-request-id": "EASTUS:20230606T072535Z:c369e2b4-a6bf-4d38-a590-99bfecd7343e"
      },
      "ResponseBody": {
        "kind": "AzurePowerShell",
        "identity": {
          "type": "userAssigned",
          "tenantId": "00000000-0000-0000-0000-000000000000",
          "userAssignedIdentities": {
            "/subscriptions/00000000-0000-0000-0000-000000000000/resourceGroups/rgname/providers/Microsoft.ManagedIdentity/userAssignedIdentities/uai": {
              "principalId": "404216a4-ce98-4ccc-b8a8-a16ead99935f",
              "clientId": "c86ff131-e175-4c9f-9cc0-bd78d6650b50"
            }
          }
        },
        "location": "westus",
        "properties": {
          "provisioningState": "Creating",
          "azPowerShellVersion": "3.0",
          "scriptContent": "Param([string]$Location,[string]$Name) $deploymentScriptOutputs[\u0027test\u0027] = \u0027value\u0027 Get-AzResourceGroup -Location $Location -Name $Name",
          "arguments": "-Location \u0027westus\u0027 -Name \u0022*rg2\u0022",
          "retentionInterval": "P1DT2H",
          "timeout": "PT30M",
          "containerSettings": {},
          "status": {},
          "cleanupPreference": "Always"
        },
        "systemData": {
          "createdBy": "00000000-0000-0000-0000-000000000000",
          "createdByType": "Application",
          "createdAt": "2023-06-06T07:25:33.6359965Z",
          "lastModifiedBy": "00000000-0000-0000-0000-000000000000",
          "lastModifiedByType": "Application",
          "lastModifiedAt": "2023-06-06T07:25:33.6359965Z"
        },
        "id": "/subscriptions/00000000-0000-0000-0000-000000000000/resourceGroups/rgname/providers/Microsoft.Resources/deploymentScripts/scripttest",
        "type": "Microsoft.Resources/deploymentScripts",
        "name": "scripttest"
      }
    },
    {
      "RequestUri": "https://management.azure.com/subscriptions/00000000-0000-0000-0000-000000000000/providers/Microsoft.Resources/locations/westus/deploymentScriptOperationResults/73590394-34a4-4f1c-bd00-4ce968970815?api-version=2019-10-01-preview",
      "RequestMethod": "GET",
      "RequestHeaders": {
        "Accept": "*/*",
        "Accept-Encoding": "gzip, deflate",
        "Connection": "keep-alive",
        "User-Agent": "azsdk-python-azure-mgmt-resource/23.1.0b2 Python/3.8.16 (Linux-5.15.0-1038-azure-x86_64-with-glibc2.2.5) VSTS_0fb41ef4-5012-48a9-bf39-4ee3de03ee35_build_2500_0"
      },
      "RequestBody": null,
      "StatusCode": 200,
      "ResponseHeaders": {
        "Cache-Control": "no-cache",
        "Content-Encoding": "gzip",
        "Content-Type": "application/json; charset=utf-8",
        "Date": "Tue, 06 Jun 2023 07:25:35 GMT",
        "Expires": "-1",
        "Pragma": "no-cache",
        "Server": "Microsoft-HTTPAPI/2.0",
        "Strict-Transport-Security": "max-age=31536000; includeSubDomains",
        "Transfer-Encoding": "chunked",
        "Vary": "Accept-Encoding",
        "X-Content-Type-Options": "nosniff",
        "x-ms-correlation-request-id": "8eaa0bac-94ed-4b4c-8074-f27bc62b5575",
        "x-ms-ratelimit-remaining-subscription-reads": "11999",
        "x-ms-routing-request-id": "EASTUS:20230606T072535Z:8eaa0bac-94ed-4b4c-8074-f27bc62b5575"
      },
      "ResponseBody": {
        "id": "/subscriptions/00000000-0000-0000-0000-000000000000/providers/Microsoft.Resources/locations/westus/deploymentScriptOperationResults/73590394-34a4-4f1c-bd00-4ce968970815",
        "name": "73590394-34a4-4f1c-bd00-4ce968970815",
        "status": "creating"
      }
    },
    {
      "RequestUri": "https://management.azure.com/subscriptions/00000000-0000-0000-0000-000000000000/providers/Microsoft.Resources/locations/westus/deploymentScriptOperationResults/73590394-34a4-4f1c-bd00-4ce968970815?api-version=2019-10-01-preview",
      "RequestMethod": "GET",
      "RequestHeaders": {
        "Accept": "*/*",
        "Accept-Encoding": "gzip, deflate",
        "Connection": "keep-alive",
        "User-Agent": "azsdk-python-azure-mgmt-resource/23.1.0b2 Python/3.8.16 (Linux-5.15.0-1038-azure-x86_64-with-glibc2.2.5) VSTS_0fb41ef4-5012-48a9-bf39-4ee3de03ee35_build_2500_0"
      },
      "RequestBody": null,
      "StatusCode": 200,
      "ResponseHeaders": {
        "Cache-Control": "no-cache",
        "Content-Encoding": "gzip",
        "Content-Type": "application/json; charset=utf-8",
        "Date": "Tue, 06 Jun 2023 07:26:05 GMT",
        "Expires": "-1",
        "Pragma": "no-cache",
        "Server": "Microsoft-HTTPAPI/2.0",
        "Strict-Transport-Security": "max-age=31536000; includeSubDomains",
        "Transfer-Encoding": "chunked",
        "Vary": "Accept-Encoding",
        "X-Content-Type-Options": "nosniff",
        "x-ms-correlation-request-id": "7dfcbd7d-7e47-43ab-978a-192dc8f0153d",
        "x-ms-ratelimit-remaining-subscription-reads": "11998",
        "x-ms-routing-request-id": "EASTUS:20230606T072605Z:7dfcbd7d-7e47-43ab-978a-192dc8f0153d"
      },
      "ResponseBody": {
        "id": "/subscriptions/00000000-0000-0000-0000-000000000000/providers/Microsoft.Resources/locations/westus/deploymentScriptOperationResults/73590394-34a4-4f1c-bd00-4ce968970815",
        "name": "73590394-34a4-4f1c-bd00-4ce968970815",
        "status": "provisioningResources",
        "error": {
          "code": "DeploymentScriptOperationFailed",
          "message": "The client \u0027404216a4-ce98-4ccc-b8a8-a16ead99935f\u0027 with object id \u0027404216a4-ce98-4ccc-b8a8-a16ead99935f\u0027 does not have authorization to perform action \u0027Microsoft.Resources/subscriptions/providers/read\u0027 over scope \u0027/subscriptions/00000000-0000-0000-0000-000000000000\u0027 or the scope is invalid. If access was recently granted, please refresh your credentials."
        }
      }
    },
    {
      "RequestUri": "https://management.azure.com/subscriptions/00000000-0000-0000-0000-000000000000/providers/Microsoft.Resources/locations/westus/deploymentScriptOperationResults/73590394-34a4-4f1c-bd00-4ce968970815?api-version=2019-10-01-preview",
      "RequestMethod": "GET",
      "RequestHeaders": {
        "Accept": "*/*",
        "Accept-Encoding": "gzip, deflate",
        "Connection": "keep-alive",
        "User-Agent": "azsdk-python-azure-mgmt-resource/23.1.0b2 Python/3.8.16 (Linux-5.15.0-1038-azure-x86_64-with-glibc2.2.5) VSTS_0fb41ef4-5012-48a9-bf39-4ee3de03ee35_build_2500_0"
      },
      "RequestBody": null,
      "StatusCode": 200,
      "ResponseHeaders": {
        "Cache-Control": "no-cache",
        "Content-Encoding": "gzip",
        "Content-Type": "application/json; charset=utf-8",
        "Date": "Tue, 06 Jun 2023 07:26:35 GMT",
        "Expires": "-1",
        "Pragma": "no-cache",
        "Server": "Microsoft-HTTPAPI/2.0",
        "Strict-Transport-Security": "max-age=31536000; includeSubDomains",
        "Transfer-Encoding": "chunked",
        "Vary": "Accept-Encoding",
        "X-Content-Type-Options": "nosniff",
        "x-ms-correlation-request-id": "aa04dd28-30ea-4578-8664-c5ad9a8a02a9",
        "x-ms-ratelimit-remaining-subscription-reads": "11997",
        "x-ms-routing-request-id": "EASTUS:20230606T072635Z:aa04dd28-30ea-4578-8664-c5ad9a8a02a9"
      },
      "ResponseBody": {
        "id": "/subscriptions/00000000-0000-0000-0000-000000000000/providers/Microsoft.Resources/locations/westus/deploymentScriptOperationResults/73590394-34a4-4f1c-bd00-4ce968970815",
        "name": "73590394-34a4-4f1c-bd00-4ce968970815",
        "status": "provisioningResources",
        "error": {
          "code": "DeploymentScriptOperationFailed",
          "message": "The client \u0027404216a4-ce98-4ccc-b8a8-a16ead99935f\u0027 with object id \u0027404216a4-ce98-4ccc-b8a8-a16ead99935f\u0027 does not have authorization to perform action \u0027Microsoft.Resources/subscriptions/providers/read\u0027 over scope \u0027/subscriptions/00000000-0000-0000-0000-000000000000\u0027 or the scope is invalid. If access was recently granted, please refresh your credentials."
        }
      }
    },
    {
      "RequestUri": "https://management.azure.com/subscriptions/00000000-0000-0000-0000-000000000000/providers/Microsoft.Resources/locations/westus/deploymentScriptOperationResults/73590394-34a4-4f1c-bd00-4ce968970815?api-version=2019-10-01-preview",
      "RequestMethod": "GET",
      "RequestHeaders": {
        "Accept": "*/*",
        "Accept-Encoding": "gzip, deflate",
        "Connection": "keep-alive",
        "User-Agent": "azsdk-python-azure-mgmt-resource/23.1.0b2 Python/3.8.16 (Linux-5.15.0-1038-azure-x86_64-with-glibc2.2.5) VSTS_0fb41ef4-5012-48a9-bf39-4ee3de03ee35_build_2500_0"
      },
      "RequestBody": null,
      "StatusCode": 200,
      "ResponseHeaders": {
        "Cache-Control": "no-cache",
        "Content-Encoding": "gzip",
        "Content-Type": "application/json; charset=utf-8",
        "Date": "Tue, 06 Jun 2023 07:27:05 GMT",
        "Expires": "-1",
        "Pragma": "no-cache",
        "Server": "Microsoft-HTTPAPI/2.0",
        "Strict-Transport-Security": "max-age=31536000; includeSubDomains",
        "Transfer-Encoding": "chunked",
        "Vary": "Accept-Encoding",
        "X-Content-Type-Options": "nosniff",
        "x-ms-correlation-request-id": "26bf7e6f-c977-4edb-b7b1-863e25252eed",
        "x-ms-ratelimit-remaining-subscription-reads": "11996",
        "x-ms-routing-request-id": "EASTUS:20230606T072706Z:26bf7e6f-c977-4edb-b7b1-863e25252eed"
      },
      "ResponseBody": {
        "id": "/subscriptions/00000000-0000-0000-0000-000000000000/providers/Microsoft.Resources/locations/westus/deploymentScriptOperationResults/73590394-34a4-4f1c-bd00-4ce968970815",
        "name": "73590394-34a4-4f1c-bd00-4ce968970815",
        "status": "failed",
        "error": {
          "code": "DeploymentScriptOperationFailed",
          "message": "The client \u0027404216a4-ce98-4ccc-b8a8-a16ead99935f\u0027 with object id \u0027404216a4-ce98-4ccc-b8a8-a16ead99935f\u0027 does not have authorization to perform action \u0027Microsoft.Resources/subscriptions/providers/read\u0027 over scope \u0027/subscriptions/00000000-0000-0000-0000-000000000000\u0027 or the scope is invalid. If access was recently granted, please refresh your credentials."
        }
      }
    },
    {
      "RequestUri": "https://management.azure.com/subscriptions/00000000-0000-0000-0000-000000000000/resourcegroups/rgname/providers/Microsoft.Resources/deploymentScripts/scripttest?api-version=2019-10-01-preview",
      "RequestMethod": "PATCH",
      "RequestHeaders": {
        "Accept": "application/json",
        "Accept-Encoding": "gzip, deflate",
        "Connection": "keep-alive",
        "Content-Length": "28",
        "Content-Type": "application/json",
        "User-Agent": "azsdk-python-azure-mgmt-resource/23.1.0b2 Python/3.8.16 (Linux-5.15.0-1038-azure-x86_64-with-glibc2.2.5) VSTS_0fb41ef4-5012-48a9-bf39-4ee3de03ee35_build_2500_0"
      },
      "RequestBody": {
        "tags": {
          "key1": "value1"
        }
      },
      "StatusCode": 200,
      "ResponseHeaders": {
        "Cache-Control": "no-cache",
        "Content-Encoding": "gzip",
        "Content-Type": "application/json; charset=utf-8",
        "Date": "Tue, 06 Jun 2023 07:27:06 GMT",
        "Expires": "-1",
        "Pragma": "no-cache",
        "Server": "Microsoft-HTTPAPI/2.0",
        "Strict-Transport-Security": "max-age=31536000; includeSubDomains",
        "Transfer-Encoding": "chunked",
        "Vary": "Accept-Encoding",
        "X-Content-Type-Options": "nosniff",
        "x-ms-correlation-request-id": "182f7b28-bdcb-4ddc-a7e2-0fdfaac0b688",
        "x-ms-ratelimit-remaining-subscription-writes": "1198",
        "x-ms-routing-request-id": "EASTUS:20230606T072706Z:182f7b28-bdcb-4ddc-a7e2-0fdfaac0b688"
      },
      "ResponseBody": {
        "kind": "AzurePowerShell",
        "identity": {
          "type": "userAssigned",
          "tenantId": "00000000-0000-0000-0000-000000000000",
          "userAssignedIdentities": {
            "/subscriptions/00000000-0000-0000-0000-000000000000/resourceGroups/rgname/providers/Microsoft.ManagedIdentity/userAssignedIdentities/uai": {
              "principalId": "404216a4-ce98-4ccc-b8a8-a16ead99935f",
              "clientId": "c86ff131-e175-4c9f-9cc0-bd78d6650b50"
            }
          }
        },
        "location": "westus",
        "tags": {
          "key1": "value1"
        },
        "properties": {
          "provisioningState": "Failed",
          "azPowerShellVersion": "3.0",
          "scriptContent": "Param([string]$Location,[string]$Name) $deploymentScriptOutputs[\u0027test\u0027] = \u0027value\u0027 Get-AzResourceGroup -Location $Location -Name $Name",
          "arguments": "-Location \u0027westus\u0027 -Name \u0022*rg2\u0022",
          "retentionInterval": "P1DT2H",
          "timeout": "PT30M",
          "containerSettings": {},
          "status": {
            "startTime": "2023-06-06T07:26:53.0129682Z",
            "endTime": "2023-06-06T07:26:54.2630259Z",
            "expirationTime": "2023-06-07T09:26:54.2630259Z",
            "error": {
              "code": "DeploymentScriptOperationFailed",
              "message": "The client \u0027404216a4-ce98-4ccc-b8a8-a16ead99935f\u0027 with object id \u0027404216a4-ce98-4ccc-b8a8-a16ead99935f\u0027 does not have authorization to perform action \u0027Microsoft.Resources/subscriptions/providers/read\u0027 over scope \u0027/subscriptions/00000000-0000-0000-0000-000000000000\u0027 or the scope is invalid. If access was recently granted, please refresh your credentials."
            }
          },
          "cleanupPreference": "Always"
        },
        "systemData": {
          "createdBy": "00000000-0000-0000-0000-000000000000",
          "createdByType": "Application",
          "createdAt": "2023-06-06T07:25:33.6359965Z",
          "lastModifiedBy": "00000000-0000-0000-0000-000000000000",
          "lastModifiedByType": "Application",
          "lastModifiedAt": "2023-06-06T07:27:06.2158307Z"
        },
        "id": "/subscriptions/00000000-0000-0000-0000-000000000000/resourceGroups/rgname/providers/Microsoft.Resources/deploymentScripts/scripttest",
        "type": "Microsoft.Resources/deploymentScripts",
        "name": "scripttest"
      }
    },
    {
      "RequestUri": "https://management.azure.com/subscriptions/00000000-0000-0000-0000-000000000000/resourcegroups/rgname/providers/Microsoft.Resources/deploymentScripts/scripttest?api-version=2019-10-01-preview",
      "RequestMethod": "GET",
      "RequestHeaders": {
        "Accept": "application/json",
        "Accept-Encoding": "gzip, deflate",
        "Connection": "keep-alive",
        "User-Agent": "azsdk-python-azure-mgmt-resource/23.1.0b2 Python/3.8.16 (Linux-5.15.0-1038-azure-x86_64-with-glibc2.2.5) VSTS_0fb41ef4-5012-48a9-bf39-4ee3de03ee35_build_2500_0"
      },
      "RequestBody": null,
      "StatusCode": 200,
      "ResponseHeaders": {
        "Cache-Control": "no-cache",
        "Content-Encoding": "gzip",
        "Content-Type": "application/json; charset=utf-8",
        "Date": "Tue, 06 Jun 2023 07:27:06 GMT",
        "Expires": "-1",
        "Pragma": "no-cache",
        "Server": "Microsoft-HTTPAPI/2.0",
        "Strict-Transport-Security": "max-age=31536000; includeSubDomains",
        "Transfer-Encoding": "chunked",
        "Vary": "Accept-Encoding",
        "X-Content-Type-Options": "nosniff",
        "x-ms-correlation-request-id": "545f9fa2-007a-40a4-b9c2-28852f11a332",
        "x-ms-ratelimit-remaining-subscription-reads": "11995",
        "x-ms-routing-request-id": "EASTUS:20230606T072707Z:545f9fa2-007a-40a4-b9c2-28852f11a332"
      },
      "ResponseBody": {
        "kind": "AzurePowerShell",
        "identity": {
          "type": "userAssigned",
          "tenantId": "00000000-0000-0000-0000-000000000000",
          "userAssignedIdentities": {
            "/subscriptions/00000000-0000-0000-0000-000000000000/resourceGroups/rgname/providers/Microsoft.ManagedIdentity/userAssignedIdentities/uai": {
              "principalId": "404216a4-ce98-4ccc-b8a8-a16ead99935f",
              "clientId": "c86ff131-e175-4c9f-9cc0-bd78d6650b50"
            }
          }
        },
        "location": "westus",
        "tags": {
          "key1": "value1"
        },
        "properties": {
          "provisioningState": "Failed",
          "azPowerShellVersion": "3.0",
          "scriptContent": "Param([string]$Location,[string]$Name) $deploymentScriptOutputs[\u0027test\u0027] = \u0027value\u0027 Get-AzResourceGroup -Location $Location -Name $Name",
          "arguments": "-Location \u0027westus\u0027 -Name \u0022*rg2\u0022",
          "retentionInterval": "P1DT2H",
          "timeout": "PT30M",
          "containerSettings": {},
          "status": {
            "startTime": "2023-06-06T07:26:53.0129682Z",
            "endTime": "2023-06-06T07:26:54.2630259Z",
            "expirationTime": "2023-06-07T09:26:54.2630259Z",
            "error": {
              "code": "DeploymentScriptOperationFailed",
              "message": "The client \u0027404216a4-ce98-4ccc-b8a8-a16ead99935f\u0027 with object id \u0027404216a4-ce98-4ccc-b8a8-a16ead99935f\u0027 does not have authorization to perform action \u0027Microsoft.Resources/subscriptions/providers/read\u0027 over scope \u0027/subscriptions/00000000-0000-0000-0000-000000000000\u0027 or the scope is invalid. If access was recently granted, please refresh your credentials."
            }
          },
          "cleanupPreference": "Always"
        },
        "systemData": {
          "createdBy": "00000000-0000-0000-0000-000000000000",
          "createdByType": "Application",
          "createdAt": "2023-06-06T07:25:33.6359965Z",
          "lastModifiedBy": "00000000-0000-0000-0000-000000000000",
          "lastModifiedByType": "Application",
          "lastModifiedAt": "2023-06-06T07:27:06.2158307Z"
        },
        "id": "/subscriptions/00000000-0000-0000-0000-000000000000/resourceGroups/rgname/providers/Microsoft.Resources/deploymentScripts/scripttest",
        "type": "Microsoft.Resources/deploymentScripts",
        "name": "scripttest"
      }
    },
    {
      "RequestUri": "https://management.azure.com/subscriptions/00000000-0000-0000-0000-000000000000/resourcegroups/rgname/providers/Microsoft.Resources/deploymentScripts/scripttest/logs/default?api-version=2019-10-01-preview",
      "RequestMethod": "GET",
      "RequestHeaders": {
        "Accept": "application/json",
        "Accept-Encoding": "gzip, deflate",
        "Connection": "keep-alive",
        "User-Agent": "azsdk-python-azure-mgmt-resource/23.1.0b2 Python/3.8.16 (Linux-5.15.0-1038-azure-x86_64-with-glibc2.2.5) VSTS_0fb41ef4-5012-48a9-bf39-4ee3de03ee35_build_2500_0"
      },
      "RequestBody": null,
      "StatusCode": 200,
      "ResponseHeaders": {
        "Cache-Control": "no-cache",
        "Content-Encoding": "gzip",
        "Content-Type": "application/json; charset=utf-8",
        "Date": "Tue, 06 Jun 2023 07:27:06 GMT",
        "Expires": "-1",
        "Pragma": "no-cache",
        "Server": "Microsoft-HTTPAPI/2.0",
        "Strict-Transport-Security": "max-age=31536000; includeSubDomains",
        "Transfer-Encoding": "chunked",
        "Vary": "Accept-Encoding",
        "X-Content-Type-Options": "nosniff",
        "x-ms-correlation-request-id": "e30d767e-d734-42c0-a425-7700935c369a",
        "x-ms-ratelimit-remaining-subscription-reads": "11994",
        "x-ms-routing-request-id": "EASTUS:20230606T072707Z:e30d767e-d734-42c0-a425-7700935c369a"
      },
      "ResponseBody": {
        "properties": {},
        "id": "/subscriptions/00000000-0000-0000-0000-000000000000/resourceGroups/rgname/providers/Microsoft.Resources/deploymentScripts/scripttest/logs/default",
        "type": "Microsoft.Resources/deploymentScripts/logs",
        "name": "default"
      }
    },
    {
      "RequestUri": "https://management.azure.com/subscriptions/00000000-0000-0000-0000-000000000000/resourcegroups/rgname/providers/Microsoft.Resources/deploymentScripts/scripttest/logs?api-version=2019-10-01-preview",
      "RequestMethod": "GET",
      "RequestHeaders": {
        "Accept": "application/json",
        "Accept-Encoding": "gzip, deflate",
        "Connection": "keep-alive",
        "User-Agent": "azsdk-python-azure-mgmt-resource/23.1.0b2 Python/3.8.16 (Linux-5.15.0-1038-azure-x86_64-with-glibc2.2.5) VSTS_0fb41ef4-5012-48a9-bf39-4ee3de03ee35_build_2500_0"
      },
      "RequestBody": null,
      "StatusCode": 200,
      "ResponseHeaders": {
        "Cache-Control": "no-cache",
        "Content-Encoding": "gzip",
        "Content-Type": "application/json; charset=utf-8",
        "Date": "Tue, 06 Jun 2023 07:27:07 GMT",
        "Expires": "-1",
        "Pragma": "no-cache",
        "Server": "Microsoft-HTTPAPI/2.0",
        "Strict-Transport-Security": "max-age=31536000; includeSubDomains",
        "Transfer-Encoding": "chunked",
        "Vary": "Accept-Encoding",
        "X-Content-Type-Options": "nosniff",
        "x-ms-correlation-request-id": "93d95d39-f0a5-4218-b722-33144be8d70a",
        "x-ms-ratelimit-remaining-subscription-reads": "11993",
        "x-ms-routing-request-id": "EASTUS:20230606T072707Z:93d95d39-f0a5-4218-b722-33144be8d70a"
      },
      "ResponseBody": {
        "value": [
          {
            "properties": {},
            "id": "/subscriptions/00000000-0000-0000-0000-000000000000/resourceGroups/rgname/providers/Microsoft.Resources/deploymentScripts/scripttest/logs/default",
            "type": "Microsoft.Resources/deploymentScripts/logs",
            "name": "default"
          }
        ]
      }
    },
    {
      "RequestUri": "https://management.azure.com/subscriptions/00000000-0000-0000-0000-000000000000/resourcegroups/rgname/providers/Microsoft.Resources/deploymentScripts/scripttest?api-version=2019-10-01-preview",
      "RequestMethod": "DELETE",
      "RequestHeaders": {
        "Accept": "application/json",
        "Accept-Encoding": "gzip, deflate",
        "Connection": "keep-alive",
        "Content-Length": "0",
        "User-Agent": "azsdk-python-azure-mgmt-resource/23.1.0b2 Python/3.8.16 (Linux-5.15.0-1038-azure-x86_64-with-glibc2.2.5) VSTS_0fb41ef4-5012-48a9-bf39-4ee3de03ee35_build_2500_0"
      },
      "RequestBody": null,
      "StatusCode": 200,
      "ResponseHeaders": {
        "Cache-Control": "no-cache",
        "Content-Length": "0",
        "Date": "Tue, 06 Jun 2023 07:27:13 GMT",
        "Expires": "-1",
        "Pragma": "no-cache",
        "Server": "Microsoft-HTTPAPI/2.0",
        "Strict-Transport-Security": "max-age=31536000; includeSubDomains",
        "X-Content-Type-Options": "nosniff",
        "x-ms-correlation-request-id": "8c8ea625-76cc-45f3-9e4c-6c4d957942a5",
        "x-ms-ratelimit-remaining-subscription-deletes": "14999",
        "x-ms-routing-request-id": "EASTUS:20230606T072714Z:8c8ea625-76cc-45f3-9e4c-6c4d957942a5"
      },
      "ResponseBody": null
    }
  ],
  "Variables": {}
}
