interactions:
- request:
    body: '{"properties": {"templateLink": {"uri": "https://raw.githubusercontent.com/Azure/azure-quickstart-templates/master/101-availability-set-create-3FDs-20UDs/azuredeploy.json"},
      "parametersLink": {"uri": "https://raw.githubusercontent.com/Azure/azure-quickstart-templates/master/101-availability-set-create-3FDs-20UDs/azuredeploy.parameters.json"},
      "mode": "Incremental"}}'
    headers:
      Accept:
      - application/json
      Accept-Encoding:
      - gzip, deflate
      Connection:
      - keep-alive
      Content-Length:
      - '368'
      Content-Type:
      - application/json; charset=utf-8
      User-Agent:
      - python/3.6.9 (Linux-4.9.184-linuxkit-x86_64-with-Ubuntu-18.04-bionic) msrest/0.6.10
        msrest_azure/0.6.2 azure-mgmt-resource/4.0.0 Azure-SDK-For-Python
      accept-language:
      - en-US
    method: PUT
    uri: https://management.azure.com/subscriptions/00000000-0000-0000-0000-000000000000/resourcegroups/test_mgmt_resource_test_deployments_linked_template27ec152e/providers/Microsoft.Resources/deployments/pytestlinked27ec152e?api-version=2019-08-01
  response:
    body:
      string: '{"id":"/subscriptions/00000000-0000-0000-0000-000000000000/resourceGroups/test_mgmt_resource_test_deployments_linked_template27ec152e/providers/Microsoft.Resources/deployments/pytestlinked27ec152e","name":"pytestlinked27ec152e","type":"Microsoft.Resources/deployments","properties":{"templateLink":{"uri":"https://raw.githubusercontent.com/Azure/azure-quickstart-templates/master/101-availability-set-create-3FDs-20UDs/azuredeploy.json","contentVersion":"1.0.0.0"},"templateHash":"5389577487230661137","parametersLink":{"uri":"https://raw.githubusercontent.com/Azure/azure-quickstart-templates/master/101-availability-set-create-3FDs-20UDs/azuredeploy.parameters.json"},"parameters":{"location":{"type":"String","value":"westus"}},"mode":"Incremental","provisioningState":"Accepted","timestamp":"2019-12-07T13:08:50.7478615Z","duration":"PT2.2793437S","correlationId":"fd335d21-1bb2-4b79-a74c-ee29e694247e","providers":[{"namespace":"Microsoft.Compute","resourceTypes":[{"resourceType":"availabilitySets","locations":["westus"]}]}],"dependencies":[]}}'
    headers:
      azure-asyncoperation:
      - https://management.azure.com/subscriptions/00000000-0000-0000-0000-000000000000/resourcegroups/test_mgmt_resource_test_deployments_linked_template27ec152e/providers/Microsoft.Resources/deployments/pytestlinked27ec152e/operationStatuses/08586258827570090864?api-version=2019-08-01
      cache-control:
      - no-cache
      content-length:
      - '1051'
      content-type:
      - application/json; charset=utf-8
      date:
      - Sat, 07 Dec 2019 13:08:51 GMT
      expires:
      - '-1'
      pragma:
      - no-cache
      strict-transport-security:
      - max-age=31536000; includeSubDomains
      x-content-type-options:
      - nosniff
      x-ms-ratelimit-remaining-subscription-writes:
      - '1199'
    status:
      code: 201
      message: Created
- request:
    body: null
    headers:
      Accept:
      - application/json
      Accept-Encoding:
      - gzip, deflate
      Connection:
      - keep-alive
      User-Agent:
      - python/3.6.9 (Linux-4.9.184-linuxkit-x86_64-with-Ubuntu-18.04-bionic) msrest/0.6.10
        msrest_azure/0.6.2 azure-mgmt-resource/4.0.0 Azure-SDK-For-Python
    method: GET
    uri: https://management.azure.com/subscriptions/00000000-0000-0000-0000-000000000000/resourcegroups/test_mgmt_resource_test_deployments_linked_template27ec152e/providers/Microsoft.Resources/deployments/pytestlinked27ec152e/operationStatuses/08586258827570090864?api-version=2019-08-01
  response:
    body:
      string: '{"status":"Succeeded"}'
    headers:
      cache-control:
      - no-cache
      content-length:
      - '22'
      content-type:
      - application/json; charset=utf-8
      date:
      - Sat, 07 Dec 2019 13:09:22 GMT
      expires:
      - '-1'
      pragma:
      - no-cache
      strict-transport-security:
      - max-age=31536000; includeSubDomains
      vary:
      - Accept-Encoding
      x-content-type-options:
      - nosniff
    status:
      code: 200
      message: OK
- request:
    body: null
    headers:
      Accept:
      - application/json
      Accept-Encoding:
      - gzip, deflate
      Connection:
      - keep-alive
      User-Agent:
      - python/3.6.9 (Linux-4.9.184-linuxkit-x86_64-with-Ubuntu-18.04-bionic) msrest/0.6.10
        msrest_azure/0.6.2 azure-mgmt-resource/4.0.0 Azure-SDK-For-Python
    method: GET
    uri: https://management.azure.com/subscriptions/00000000-0000-0000-0000-000000000000/resourcegroups/test_mgmt_resource_test_deployments_linked_template27ec152e/providers/Microsoft.Resources/deployments/pytestlinked27ec152e?api-version=2019-08-01
  response:
    body:
      string: '{"id":"/subscriptions/00000000-0000-0000-0000-000000000000/resourceGroups/test_mgmt_resource_test_deployments_linked_template27ec152e/providers/Microsoft.Resources/deployments/pytestlinked27ec152e","name":"pytestlinked27ec152e","type":"Microsoft.Resources/deployments","properties":{"templateLink":{"uri":"https://raw.githubusercontent.com/Azure/azure-quickstart-templates/master/101-availability-set-create-3FDs-20UDs/azuredeploy.json","contentVersion":"1.0.0.0"},"templateHash":"5389577487230661137","parametersLink":{"uri":"https://raw.githubusercontent.com/Azure/azure-quickstart-templates/master/101-availability-set-create-3FDs-20UDs/azuredeploy.parameters.json"},"parameters":{"location":{"type":"String","value":"westus"}},"mode":"Incremental","provisioningState":"Succeeded","timestamp":"2019-12-07T13:09:16.4386411Z","duration":"PT27.9701233S","correlationId":"fd335d21-1bb2-4b79-a74c-ee29e694247e","providers":[{"namespace":"Microsoft.Compute","resourceTypes":[{"resourceType":"availabilitySets","locations":["westus"]}]}],"dependencies":[],"outputResources":[{"id":"/subscriptions/00000000-0000-0000-0000-000000000000/resourceGroups/test_mgmt_resource_test_deployments_linked_template27ec152e/providers/Microsoft.Compute/availabilitySets/availabilitySet1"}]}}'
    headers:
      cache-control:
      - no-cache
      content-length:
      - '1271'
      content-type:
      - application/json; charset=utf-8
      date:
      - Sat, 07 Dec 2019 13:09:23 GMT
      expires:
      - '-1'
      pragma:
      - no-cache
      strict-transport-security:
      - max-age=31536000; includeSubDomains
      vary:
      - Accept-Encoding
      x-content-type-options:
      - nosniff
    status:
      code: 200
      message: OK
- request:
    body: null
    headers:
      Accept:
      - application/json
      Accept-Encoding:
      - gzip, deflate
      Connection:
      - keep-alive
      User-Agent:
      - python/3.6.9 (Linux-4.9.184-linuxkit-x86_64-with-Ubuntu-18.04-bionic) msrest/0.6.10
        msrest_azure/0.6.2 azure-mgmt-resource/4.0.0 Azure-SDK-For-Python
      accept-language:
      - en-US
    method: GET
    uri: https://management.azure.com/subscriptions/00000000-0000-0000-0000-000000000000/resourcegroups/test_mgmt_resource_test_deployments_linked_template27ec152e/providers/Microsoft.Resources/deployments/?api-version=2019-08-01
  response:
    body:
      string: '{"value":[{"id":"/subscriptions/00000000-0000-0000-0000-000000000000/resourceGroups/test_mgmt_resource_test_deployments_linked_template27ec152e/providers/Microsoft.Resources/deployments/pytestlinked27ec152e","name":"pytestlinked27ec152e","type":"Microsoft.Resources/deployments","properties":{"templateLink":{"uri":"https://raw.githubusercontent.com/Azure/azure-quickstart-templates/master/101-availability-set-create-3FDs-20UDs/azuredeploy.json","contentVersion":"1.0.0.0"},"templateHash":"5389577487230661137","parametersLink":{"uri":"https://raw.githubusercontent.com/Azure/azure-quickstart-templates/master/101-availability-set-create-3FDs-20UDs/azuredeploy.parameters.json"},"parameters":{"location":{"type":"String","value":"westus"}},"mode":"Incremental","provisioningState":"Succeeded","timestamp":"2019-12-07T13:09:16.4386411Z","duration":"PT27.9701233S","correlationId":"fd335d21-1bb2-4b79-a74c-ee29e694247e","providers":[{"namespace":"Microsoft.Compute","resourceTypes":[{"resourceType":"availabilitySets","locations":["westus"]}]}],"dependencies":[],"outputResources":[{"id":"/subscriptions/00000000-0000-0000-0000-000000000000/resourceGroups/test_mgmt_resource_test_deployments_linked_template27ec152e/providers/Microsoft.Compute/availabilitySets/availabilitySet1"}]}}]}'
    headers:
      cache-control:
      - no-cache
      content-length:
      - '1283'
      content-type:
      - application/json; charset=utf-8
      date:
      - Sat, 07 Dec 2019 13:09:24 GMT
      expires:
      - '-1'
      pragma:
      - no-cache
      strict-transport-security:
      - max-age=31536000; includeSubDomains
      vary:
      - Accept-Encoding
      x-content-type-options:
      - nosniff
    status:
      code: 200
      message: OK
- request:
    body: null
    headers:
      Accept:
      - application/json
      Accept-Encoding:
      - gzip, deflate
      Connection:
      - keep-alive
      User-Agent:
      - python/3.6.9 (Linux-4.9.184-linuxkit-x86_64-with-Ubuntu-18.04-bionic) msrest/0.6.10
        msrest_azure/0.6.2 azure-mgmt-resource/4.0.0 Azure-SDK-For-Python
      accept-language:
      - en-US
    method: GET
    uri: https://management.azure.com/subscriptions/00000000-0000-0000-0000-000000000000/resourcegroups/test_mgmt_resource_test_deployments_linked_template27ec152e/providers/Microsoft.Resources/deployments/pytestlinked27ec152e?api-version=2019-08-01
  response:
    body:
      string: '{"id":"/subscriptions/00000000-0000-0000-0000-000000000000/resourceGroups/test_mgmt_resource_test_deployments_linked_template27ec152e/providers/Microsoft.Resources/deployments/pytestlinked27ec152e","name":"pytestlinked27ec152e","type":"Microsoft.Resources/deployments","properties":{"templateLink":{"uri":"https://raw.githubusercontent.com/Azure/azure-quickstart-templates/master/101-availability-set-create-3FDs-20UDs/azuredeploy.json","contentVersion":"1.0.0.0"},"templateHash":"5389577487230661137","parametersLink":{"uri":"https://raw.githubusercontent.com/Azure/azure-quickstart-templates/master/101-availability-set-create-3FDs-20UDs/azuredeploy.parameters.json"},"parameters":{"location":{"type":"String","value":"westus"}},"mode":"Incremental","provisioningState":"Succeeded","timestamp":"2019-12-07T13:09:16.4386411Z","duration":"PT27.9701233S","correlationId":"fd335d21-1bb2-4b79-a74c-ee29e694247e","providers":[{"namespace":"Microsoft.Compute","resourceTypes":[{"resourceType":"availabilitySets","locations":["westus"]}]}],"dependencies":[],"outputResources":[{"id":"/subscriptions/00000000-0000-0000-0000-000000000000/resourceGroups/test_mgmt_resource_test_deployments_linked_template27ec152e/providers/Microsoft.Compute/availabilitySets/availabilitySet1"}]}}'
    headers:
      cache-control:
      - no-cache
      content-length:
      - '1271'
      content-type:
      - application/json; charset=utf-8
      date:
      - Sat, 07 Dec 2019 13:09:24 GMT
      expires:
      - '-1'
      pragma:
      - no-cache
      strict-transport-security:
      - max-age=31536000; includeSubDomains
      vary:
      - Accept-Encoding
      x-content-type-options:
      - nosniff
    status:
      code: 200
      message: OK
version: 1
