{
  "Entries": [
    {
      "RequestUri": "https://management.azure.com/subscriptions/00000000-0000-0000-0000-000000000/resourceGroups/00000/providers/Microsoft.MachineLearningServices/workspaces/00000?api-version=2022-10-01",
      "RequestMethod": "GET",
      "RequestHeaders": {
        "Accept": "application/json",
        "Accept-Encoding": "gzip, deflate",
        "Connection": "keep-alive",
        "User-Agent": "azure-ai-ml/1.5.0 azsdk-python-mgmt-machinelearningservices/0.1.0 Python/3.7.9 (Windows-10-10.0.22621-SP0)"
      },
      "RequestBody": null,
      "StatusCode": 200,
      "ResponseHeaders": {
        "Cache-Control": "no-cache",
        "Content-Encoding": "gzip",
        "Content-Type": "application/json; charset=utf-8",
        "Date": "Thu, 23 Feb 2023 07:47:14 GMT",
        "Expires": "-1",
        "Pragma": "no-cache",
        "Request-Context": "appId=cid-v1:2d2e8e63-272e-4b3c-8598-4ee570a0e70d",
        "Server-Timing": "traceparent;desc=\u002200-9ca3b0b0cf968cb6268b998e16237df4-a642030c1a9100a1-01\u0022",
        "Strict-Transport-Security": "max-age=31536000; includeSubDomains",
        "Transfer-Encoding": "chunked",
        "Vary": [
          "Accept-Encoding",
          "Accept-Encoding"
        ],
        "x-aml-cluster": "vienna-eastus2-01",
        "X-Content-Type-Options": "nosniff",
        "x-ms-correlation-request-id": "efb88298-7ae3-436a-9f06-1532ffa7e1ef",
        "x-ms-ratelimit-remaining-subscription-reads": "11996",
        "x-ms-response-type": "standard",
        "x-ms-routing-request-id": "WESTUS2:20230223T074715Z:efb88298-7ae3-436a-9f06-1532ffa7e1ef",
        "x-request-time": "0.027"
      },
      "ResponseBody": {
        "id": "/subscriptions/00000000-0000-0000-0000-000000000/resourceGroups/00000/providers/Microsoft.MachineLearningServices/workspaces/00000",
        "name": "00000",
        "type": "Microsoft.MachineLearningServices/workspaces",
        "location": "eastus2",
        "tags": {},
        "etag": null,
        "properties": {
          "friendlyName": "00000",
          "description": "",
          "storageAccount": "/subscriptions/00000000-0000-0000-0000-000000000/resourceGroups/00000/providers/Microsoft.Storage/storageAccounts/saveorz2izv2bas",
          "keyVault": "/subscriptions/00000000-0000-0000-0000-000000000/resourceGroups/00000/providers/Microsoft.Keyvault/vaults/kvtest4k4d3fds6sjxs",
          "applicationInsights": "/subscriptions/00000000-0000-0000-0000-000000000/resourceGroups/00000/providers/Microsoft.insights/components/aiveorz2izv2bas",
          "hbiWorkspace": false,
          "tenantId": "72f988bf-86f1-41af-91ab-2d7cd011db47",
          "imageBuildCompute": null,
          "provisioningState": "Succeeded",
          "v1LegacyMode": false,
          "softDeleteEnabled": false,
          "containerRegistry": "/subscriptions/00000000-0000-0000-0000-000000000/resourceGroups/00000/providers/Microsoft.ContainerRegistry/registries/crveorz2izv2bas",
          "notebookInfo": {
            "resourceId": "0000000-0000-0000-0000-000000000000",
            "fqdn": "ml-sdkvnextcli-eastus2-2d1e66ae-85e3-42c0-be91-34de66397f26.eastus2.notebooks.azure.net",
            "isPrivateLinkEnabled": false,
            "notebookPreparationError": null
          },
          "storageHnsEnabled": false,
          "workspaceId": "2d1e66ae-85e3-42c0-be91-34de66397f26",
          "linkedModelInventoryArmId": null,
          "privateLinkCount": 0,
          "publicNetworkAccess": "Enabled",
          "discoveryUrl": "https://eastus2.api.azureml.ms/discovery",
          "mlFlowTrackingUri": "azureml://eastus2.api.azureml.ms/mlflow/v1.0/subscriptions/00000000-0000-0000-0000-000000000/resourceGroups/00000/providers/Microsoft.MachineLearningServices/workspaces/00000",
          "sdkTelemetryAppInsightsKey": "0000000-0000-0000-0000-000000000000",
          "sasGetterUri": "",
          "enableDataIsolation": false
        },
        "identity": {
          "type": "SystemAssigned",
          "principalId": "0000000-0000-0000-0000-000000000000",
          "tenantId": "72f988bf-86f1-41af-91ab-2d7cd011db47"
        },
        "kind": "Default",
        "sku": {
          "name": "Basic",
          "tier": "Basic"
        },
        "systemData": {
          "createdAt": "2023-02-23T02:09:00.5159669Z",
          "createdBy": "dipeck@microsoft.com",
          "createdByType": "User",
          "lastModifiedAt": "2023-02-23T02:09:00.5159669Z",
          "lastModifiedBy": "dipeck@microsoft.com",
          "lastModifiedByType": "User"
        }
      }
    },
    {
      "RequestUri": "https://eastus2.api.azureml.ms/content/v2.0/subscriptions/00000000-0000-0000-0000-000000000/resourceGroups/00000/providers/Microsoft.MachineLearningServices/workspaces/00000/snapshots/getByHash?hash=cb14f9d6e8f5e64260f29f1d9a05cf823600068d9f905a56541590cdb0abd50b\u0026hashVersion=202208",
      "RequestMethod": "GET",
      "RequestHeaders": {
        "Accept": "*/*",
        "Accept-Encoding": "gzip, deflate",
        "Connection": "keep-alive",
        "Content-Type": "application/json; charset=UTF-8",
        "User-Agent": "azure-ai-ml/1.5.0 azsdk-python-core/1.26.3 Python/3.7.9 (Windows-10-10.0.22621-SP0)"
      },
      "RequestBody": null,
      "StatusCode": 404,
      "ResponseHeaders": {
        "Connection": "keep-alive",
        "Content-Encoding": "gzip",
        "Content-Type": "application/json; charset=utf-8",
        "Date": "Thu, 23 Feb 2023 07:47:17 GMT",
        "Request-Context": "appId=cid-v1:2d2e8e63-272e-4b3c-8598-4ee570a0e70d",
        "Strict-Transport-Security": "max-age=15724800; includeSubDomains; preload",
        "Transfer-Encoding": "chunked",
        "Vary": "Accept-Encoding",
        "x-aml-cluster": "vienna-eastus2-01",
        "X-Content-Type-Options": "nosniff",
        "x-ms-response-type": "error",
        "x-request-time": "0.139"
      },
      "ResponseBody": {
        "error": {
          "code": "UserError",
          "severity": null,
          "message": "Snapshot with hash cb14f9d6e8f5e64260f29f1d9a05cf823600068d9f905a56541590cdb0abd50b was not found",
          "messageFormat": null,
          "messageParameters": null,
          "referenceCode": null,
          "detailsUri": null,
          "target": null,
          "details": [],
          "innerError": {
            "code": "NotFoundError",
            "innerError": null
          },
          "debugInfo": null,
          "additionalInfo": null
        },
        "correlation": {
          "operation": "6d0cd7f3c5a22bb8459e2c7eb0984ecc",
          "request": "b0984ec2582b0c98"
        },
        "environment": "eastus2",
        "location": "eastus2",
        "time": "2023-02-23T07:47:17.3542865\u002B00:00",
        "componentName": "project"
      }
    },
    {
      "RequestUri": "https://eastus2.api.azureml.ms/assetstore/v1.0/temporaryDataReference/createOrGet",
      "RequestMethod": "POST",
      "RequestHeaders": {
        "Accept": "*/*",
        "Accept-Encoding": "gzip, deflate",
        "Connection": "keep-alive",
        "Content-Length": "253",
        "Content-Type": "application/json; charset=UTF-8",
        "User-Agent": "azure-ai-ml/1.5.0 azsdk-python-core/1.26.3 Python/3.7.9 (Windows-10-10.0.22621-SP0)"
      },
      "RequestBody": {
        "assetId": "azureml://locations/eastus2/workspaces/2d1e66ae-85e3-42c0-be91-34de66397f26/codes/38d3bdd3-3972-0aff-771f-c9e322379b4f/versions/1",
        "temporaryDataReferenceId": "000000000000000000000",
        "temporaryDataReferenceType": "TemporaryBlobReference"
      },
      "StatusCode": 403,
      "ResponseHeaders": {
        "Connection": "keep-alive",
        "Content-Encoding": "gzip",
        "Content-Type": "application/json; charset=utf-8",
        "Date": "Thu, 23 Feb 2023 07:47:18 GMT",
        "Request-Context": "appId=cid-v1:2d2e8e63-272e-4b3c-8598-4ee570a0e70d",
        "Strict-Transport-Security": "max-age=15724800; includeSubDomains; preload",
        "Transfer-Encoding": "chunked",
        "Vary": "Accept-Encoding",
        "x-aml-cluster": "vienna-eastus2-01",
        "X-Content-Type-Options": "nosniff",
        "x-ms-response-type": "error",
        "x-request-time": "0.023"
      },
      "ResponseBody": {
        "error": {
          "code": "UserError",
          "severity": null,
          "message": "User is not authorized to access provided resources due to not having read access to specified resources for following asset types: codes.",
          "messageFormat": "User is not authorized to access provided resources due to {reason}.",
          "messageParameters": {
            "reason": "not having read access to specified resources for following asset types: codes"
          },
          "referenceCode": null,
          "detailsUri": null,
          "target": null,
          "details": [],
          "innerError": {
            "code": "Auth",
            "innerError": {
              "code": "Authorization",
              "innerError": null
            }
          },
          "debugInfo": null,
          "additionalInfo": null
        },
        "correlation": {
          "operation": "a72b33798dbffc529dde72826c3fa568",
          "request": "fcb032f769ec98a1"
        },
        "environment": "eastus2",
        "location": "eastus2",
        "time": "2023-02-23T07:47:18.7970515\u002B00:00",
        "componentName": "assetstore"
      }
    },
    {
      "RequestUri": "https://eastus2.api.azureml.ms/assetstore/v1.0/temporaryDataReference/createOrGet",
      "RequestMethod": "POST",
      "RequestHeaders": {
        "Accept": "*/*",
        "Accept-Encoding": "gzip, deflate",
        "Connection": "keep-alive",
        "Content-Length": "253",
        "Content-Type": "application/json; charset=UTF-8",
        "User-Agent": "azure-ai-ml/1.5.0 azsdk-python-core/1.26.3 Python/3.7.9 (Windows-10-10.0.22621-SP0)"
      },
      "RequestBody": {
        "assetId": "azureml://locations/eastus2/workspaces/2d1e66ae-85e3-42c0-be91-34de66397f26/codes/38d3bdd3-3972-0aff-771f-c9e322379b4f/versions/1",
        "temporaryDataReferenceId": "000000000000000000000",
        "temporaryDataReferenceType": "TemporaryBlobReference"
      },
      "StatusCode": 200,
      "ResponseHeaders": {
        "Connection": "keep-alive",
        "Content-Encoding": "gzip",
        "Content-Type": "application/json; charset=utf-8",
        "Date": "Thu, 23 Feb 2023 07:47:20 GMT",
        "Request-Context": "appId=cid-v1:2d2e8e63-272e-4b3c-8598-4ee570a0e70d",
        "Strict-Transport-Security": "max-age=15724800; includeSubDomains; preload",
        "Transfer-Encoding": "chunked",
        "Vary": "Accept-Encoding",
        "x-aml-cluster": "vienna-eastus2-01",
        "X-Content-Type-Options": "nosniff",
        "x-ms-response-type": "standard",
        "x-request-time": "0.155"
      },
      "ResponseBody": {
        "blobReferenceForConsumption": {
          "blobUri": "https://saveorz2izv2bas.blob.core.windows.net:443/2d1e66ae-8-24cdb36c-eebb-5100-9c60-83a7fde25729",
          "storageAccountArmId": "/subscriptions/00000000-0000-0000-0000-000000000/resourceGroups/00000/providers/Microsoft.Storage/storageAccounts/saveorz2izv2bas",
          "credential": {
            "sasUri": "https://saveorz2izv2bas.blob.core.windows.net/2d1e66ae-8-24cdb36c-eebb-5100-9c60-83a7fde25729?skoid=a7dd2c6d-73fb-4c57-85b2-5c1af4f6364a\u0026sktid=72f988bf-86f1-41af-91ab-2d7cd011db47\u0026skt=2023-02-23T02%3A03%3A03Z\u0026ske=2023-02-24T10%3A13%3A03Z\u0026sks=b\u0026skv=2019-07-07\u0026sv=2021-08-06\u0026st=2023-02-23T07%3A37%3A20Z\u0026se=2023-02-23T15%3A47%3A20Z\u0026sr=c\u0026sp=rcwl\u0026sig=000000000000000000000000000000000000",
            "wasbsUri": null,
            "credentialType": "SAS"
          }
        },
        "imageReferenceForConsumption": null,
        "temporaryDataReferenceId": "000000000000000000000",
        "temporaryDataReferenceType": null
      }
    },
    {
      "RequestUri": "https://saveorz2izv2bas.blob.core.windows.net/2d1e66ae-8-24cdb36c-eebb-5100-9c60-83a7fde25729/scope-component/component_spec.yaml?skoid=a7dd2c6d-73fb-4c57-85b2-5c1af4f6364a\u0026sktid=72f988bf-86f1-41af-91ab-2d7cd011db47\u0026skt=2023-02-23T02%3A03%3A03Z\u0026ske=2023-02-24T10%3A13%3A03Z\u0026sks=b\u0026skv=2019-07-07\u0026sv=2021-08-06\u0026st=2023-02-23T07%3A37%3A20Z\u0026se=2023-02-23T15%3A47%3A20Z\u0026sr=c\u0026sp=rcwl\u0026sig=000000000000000000000000000000000000",
      "RequestMethod": "HEAD",
      "RequestHeaders": {
        "Accept": "application/xml",
        "Accept-Encoding": "gzip, deflate",
        "Connection": "keep-alive",
        "User-Agent": "azsdk-python-storage-blob/12.14.1 Python/3.7.9 (Windows-10-10.0.22621-SP0)",
        "x-ms-date": "Thu, 23 Feb 2023 07:47:20 GMT",
        "x-ms-version": "2021-08-06"
      },
      "RequestBody": null,
      "StatusCode": 404,
      "ResponseHeaders": {
        "Date": "Thu, 23 Feb 2023 07:47:20 GMT",
        "Server": [
          "Windows-Azure-Blob/1.0",
          "Microsoft-HTTPAPI/2.0"
        ],
        "Transfer-Encoding": "chunked",
        "Vary": "Origin",
        "x-ms-error-code": "BlobNotFound",
        "x-ms-version": "2021-08-06"
      },
      "ResponseBody": null
    },
    {
      "RequestUri": "https://saveorz2izv2bas.blob.core.windows.net/2d1e66ae-8-24cdb36c-eebb-5100-9c60-83a7fde25729/scope-component/component_spec.yaml?skoid=a7dd2c6d-73fb-4c57-85b2-5c1af4f6364a\u0026sktid=72f988bf-86f1-41af-91ab-2d7cd011db47\u0026skt=2023-02-23T02%3A03%3A03Z\u0026ske=2023-02-24T10%3A13%3A03Z\u0026sks=b\u0026skv=2019-07-07\u0026sv=2021-08-06\u0026st=2023-02-23T07%3A37%3A20Z\u0026se=2023-02-23T15%3A47%3A20Z\u0026sr=c\u0026sp=rcwl\u0026sig=000000000000000000000000000000000000",
      "RequestMethod": "PUT",
      "RequestHeaders": {
        "Accept": "application/xml",
        "Accept-Encoding": "gzip, deflate",
        "Connection": "keep-alive",
        "Content-Length": "916",
        "Content-MD5": "eNzR/ZuYtOLAY/P/4qlaqQ==",
        "Content-Type": "application/octet-stream",
        "If-None-Match": "*",
        "User-Agent": "azsdk-python-storage-blob/12.14.1 Python/3.7.9 (Windows-10-10.0.22621-SP0)",
        "x-ms-blob-type": "BlockBlob",
        "x-ms-date": "Thu, 23 Feb 2023 07:47:20 GMT",
        "x-ms-version": "2021-08-06"
      },
      "RequestBody": "JHNjaGVtYTogaHR0cHM6Ly9jb21wb25lbnRzZGsuYXp1cmVlZGdlLm5ldC9qc29uc2NoZW1hL1Njb3BlQ29tcG9uZW50Lmpzb24KCm5hbWU6IGNvbnZlcnQyc3MKdmVyc2lvbjogMC4wLjEKZGlzcGxheV9uYW1lOiBDb252ZXJ0IFRleHQgdG8gU3RydWN0dXJlU3RyZWFtCgp0eXBlOiBTY29wZUNvbXBvbmVudAoKaXNfZGV0ZXJtaW5pc3RpYzogVHJ1ZQoKdGFnczoKICBvcmc6IGJpbmcKICBwcm9qZWN0OiByZWxldmFuY2UKCmRlc2NyaXB0aW9uOiBDb252ZXJ0IGFkbHMgdGVzdCBkYXRhIHRvIFNTIGZvcm1hdAoKaW5wdXRzOgogIFRleHREYXRhOgogICAgdHlwZTogW0FueUZpbGUsIEFueURpcmVjdG9yeV0KICAgIGRlc2NyaXB0aW9uOiB0ZXh0IGZpbGUgb24gQURMUyBzdG9yYWdlCiAgRXh0cmFjdGlvbkNsYXVzZToKICAgIHR5cGU6IHN0cmluZwogICAgZGVzY3JpcHRpb246IHRoZSBleHRyYWN0aW9uIGNsYXVzZSwgc29tZXRoaW5nIGxpa2UgImNvbHVtbjE6c3RyaW5nLCBjb2x1bW4yOmludCIKb3V0cHV0czoKICBTU1BhdGg6CiAgICB0eXBlOiBDb3Ntb3NTdHJ1Y3R1cmVkU3RyZWFtCiAgICBkZXNjcmlwdGlvbjogdGhlIGNvbnZlcnRlZCBzdHJ1Y3R1cmVkIHN0cmVhbQoKY29kZTogLi8KCnNjb3BlOgogIHNjcmlwdDogY29udmVydDJzcy5zY3JpcHQKICAjIHRvIHJlZmVyZW5jZSB0aGUgaW5wdXRzL291dHB1dHMgaW4geW91ciBzY3JpcHQKICAjIHlvdSBtdXN0IGRlZmluZSB0aGUgYXJndW1lbnQgbmFtZSBvZiB5b3VyIGludHB1cy9vdXRwdXRzIGluIGFyZ3Mgc2VjdGlvbgogIGFyZ3M6ID4tCiAgICBPdXRwdXRfU1NQYXRoIHtvdXRwdXRzLlNTUGF0aH0KICAgIElucHV0X1RleHREYXRhIHtpbnB1dHMuVGV4dERhdGF9CiAgICBFeHRyYWN0aW9uQ2xhdXNlIHtpbnB1dHMuRXh0cmFjdGlvbkNsYXVzZX0KCg==",
      "StatusCode": 201,
      "ResponseHeaders": {
        "Content-Length": "0",
        "Content-MD5": "eNzR/ZuYtOLAY/P/4qlaqQ==",
        "Date": "Thu, 23 Feb 2023 07:47:20 GMT",
        "ETag": "\u00220x8DB157231EE7419\u0022",
        "Last-Modified": "Thu, 23 Feb 2023 07:47:21 GMT",
        "Server": [
          "Windows-Azure-Blob/1.0",
          "Microsoft-HTTPAPI/2.0"
        ],
        "x-ms-content-crc64": "AD/OZROAsrE=",
        "x-ms-request-server-encrypted": "true",
        "x-ms-version": "2021-08-06"
      },
      "ResponseBody": null
    },
    {
      "RequestUri": "https://saveorz2izv2bas.blob.core.windows.net/2d1e66ae-8-24cdb36c-eebb-5100-9c60-83a7fde25729/scope-component/convert2ss.script?skoid=a7dd2c6d-73fb-4c57-85b2-5c1af4f6364a\u0026sktid=72f988bf-86f1-41af-91ab-2d7cd011db47\u0026skt=2023-02-23T02%3A03%3A03Z\u0026ske=2023-02-24T10%3A13%3A03Z\u0026sks=b\u0026skv=2019-07-07\u0026sv=2021-08-06\u0026st=2023-02-23T07%3A37%3A20Z\u0026se=2023-02-23T15%3A47%3A20Z\u0026sr=c\u0026sp=rcwl\u0026sig=000000000000000000000000000000000000",
      "RequestMethod": "PUT",
      "RequestHeaders": {
        "Accept": "application/xml",
        "Accept-Encoding": "gzip, deflate",
        "Connection": "keep-alive",
        "Content-Length": "227",
        "Content-MD5": "\u002BCWeQqiTTZiMS76jgH4yLA==",
        "Content-Type": "application/octet-stream",
        "If-None-Match": "*",
        "User-Agent": "azsdk-python-storage-blob/12.14.1 Python/3.7.9 (Windows-10-10.0.22621-SP0)",
        "x-ms-blob-type": "BlockBlob",
        "x-ms-date": "Thu, 23 Feb 2023 07:47:20 GMT",
        "x-ms-version": "2021-08-06"
      },
      "RequestBody": "I0RFQ0xBUkUgT3V0cHV0X3N0cmVhbSBzdHJpbmcgPSBAQE91dHB1dF9TU1BhdGhAQDsKI0RFQ0xBUkUgSW5fRGF0YSBzdHJpbmcgPUAiQEBJbnB1dF9UZXh0RGF0YUBAIjsKClJhd0RhdGEgPSBFWFRSQUNUIEBARXh0cmFjdGlvbkNsYXVzZUBAIEZST00gQEluX0RhdGEKVVNJTkcgRGVmYXVsdFRleHRFeHRyYWN0b3IoKTsKCgpPVVRQVVQgUmF3RGF0YSBUTyBTU1RSRUFNIEBPdXRwdXRfc3RyZWFtOwo=",
      "StatusCode": 201,
      "ResponseHeaders": {
        "Content-Length": "0",
        "Content-MD5": "\u002BCWeQqiTTZiMS76jgH4yLA==",
        "Date": "Thu, 23 Feb 2023 07:47:21 GMT",
        "ETag": "\u00220x8DB157231F06F9F\u0022",
        "Last-Modified": "Thu, 23 Feb 2023 07:47:21 GMT",
        "Server": [
          "Windows-Azure-Blob/1.0",
          "Microsoft-HTTPAPI/2.0"
        ],
        "x-ms-content-crc64": "Xo84bVHKTF8=",
        "x-ms-request-server-encrypted": "true",
        "x-ms-version": "2021-08-06"
      },
      "ResponseBody": null
    },
    {
      "RequestUri": "https://saveorz2izv2bas.blob.core.windows.net/2d1e66ae-8-24cdb36c-eebb-5100-9c60-83a7fde25729/scope-component/component_spec.yaml?comp=metadata\u0026skoid=a7dd2c6d-73fb-4c57-85b2-5c1af4f6364a\u0026sktid=72f988bf-86f1-41af-91ab-2d7cd011db47\u0026skt=2023-02-23T02%3A03%3A03Z\u0026ske=2023-02-24T10%3A13%3A03Z\u0026sks=b\u0026skv=2019-07-07\u0026sv=2021-08-06\u0026st=2023-02-23T07%3A37%3A20Z\u0026se=2023-02-23T15%3A47%3A20Z\u0026sr=c\u0026sp=rcwl\u0026sig=000000000000000000000000000000000000",
      "RequestMethod": "PUT",
      "RequestHeaders": {
        "Accept": "application/xml",
        "Accept-Encoding": "gzip, deflate",
        "Connection": "keep-alive",
        "Content-Length": "0",
        "User-Agent": "azsdk-python-storage-blob/12.14.1 Python/3.7.9 (Windows-10-10.0.22621-SP0)",
        "x-ms-date": "Thu, 23 Feb 2023 07:47:21 GMT",
        "x-ms-meta-name": "38d3bdd3-3972-0aff-771f-c9e322379b4f",
        "x-ms-meta-upload_status": "completed",
        "x-ms-meta-version": "1",
        "x-ms-version": "2021-08-06"
      },
      "RequestBody": null,
      "StatusCode": 200,
      "ResponseHeaders": {
        "Content-Length": "0",
        "Date": "Thu, 23 Feb 2023 07:47:21 GMT",
        "ETag": "\u00220x8DB1572321AADBA\u0022",
        "Last-Modified": "Thu, 23 Feb 2023 07:47:21 GMT",
        "Server": [
          "Windows-Azure-Blob/1.0",
          "Microsoft-HTTPAPI/2.0"
        ],
        "x-ms-request-server-encrypted": "true",
        "x-ms-version": "2021-08-06"
      },
      "ResponseBody": null
    },
    {
      "RequestUri": "https://management.azure.com/subscriptions/00000000-0000-0000-0000-000000000/resourceGroups/00000/providers/Microsoft.MachineLearningServices/workspaces/00000/codes/38d3bdd3-3972-0aff-771f-c9e322379b4f/versions/1?api-version=2022-05-01",
      "RequestMethod": "PUT",
      "RequestHeaders": {
        "Accept": "application/json",
        "Accept-Encoding": "gzip, deflate",
        "Connection": "keep-alive",
        "Content-Length": "256",
        "Content-Type": "application/json",
        "User-Agent": "azure-ai-ml/1.5.0 azsdk-python-mgmt-machinelearningservices/0.1.0 Python/3.7.9 (Windows-10-10.0.22621-SP0)"
      },
      "RequestBody": {
        "properties": {
          "properties": {
            "hash_sha256": "0000000000000",
            "hash_version": "0000000000000"
          },
          "isAnonymous": true,
          "isArchived": false,
          "codeUri": "https://saveorz2izv2bas.blob.core.windows.net:443/2d1e66ae-8-24cdb36c-eebb-5100-9c60-83a7fde25729/scope-component"
        }
      },
      "StatusCode": 201,
      "ResponseHeaders": {
        "Cache-Control": "no-cache",
        "Content-Length": "782",
        "Content-Type": "application/json; charset=utf-8",
        "Date": "Thu, 23 Feb 2023 07:47:22 GMT",
        "Expires": "-1",
        "Location": "https://management.azure.com/subscriptions/00000000-0000-0000-0000-000000000/resourceGroups/00000/providers/Microsoft.MachineLearningServices/workspaces/00000/codes/38d3bdd3-3972-0aff-771f-c9e322379b4f/versions/1?api-version=2022-05-01",
        "Pragma": "no-cache",
        "Request-Context": "appId=cid-v1:2d2e8e63-272e-4b3c-8598-4ee570a0e70d",
        "Server-Timing": "traceparent;desc=\u002200-225f4790a35f3d7dceb0ca84b274fab5-b991c86175a5658d-01\u0022",
        "Strict-Transport-Security": "max-age=31536000; includeSubDomains",
        "x-aml-cluster": "vienna-eastus2-01",
        "X-Content-Type-Options": "nosniff",
        "x-ms-correlation-request-id": "968d5057-4172-47c9-95ef-970289789f92",
        "x-ms-ratelimit-remaining-subscription-writes": "1195",
        "x-ms-response-type": "standard",
        "x-ms-routing-request-id": "WESTUS2:20230223T074723Z:968d5057-4172-47c9-95ef-970289789f92",
        "x-request-time": "0.225"
      },
      "ResponseBody": {
        "id": "/subscriptions/00000000-0000-0000-0000-000000000/resourceGroups/00000/providers/Microsoft.MachineLearningServices/workspaces/00000/codes/38d3bdd3-3972-0aff-771f-c9e322379b4f/versions/1",
        "name": "1",
        "type": "Microsoft.MachineLearningServices/workspaces/codes/versions",
        "properties": {
          "description": null,
          "tags": {},
          "properties": {
            "hash_sha256": "0000000000000",
            "hash_version": "0000000000000"
          },
          "isArchived": false,
          "isAnonymous": false,
          "codeUri": "https://saveorz2izv2bas.blob.core.windows.net:443/2d1e66ae-8-24cdb36c-eebb-5100-9c60-83a7fde25729/scope-component"
        },
        "systemData": {
          "createdAt": "2023-02-23T07:47:23.565357\u002B00:00",
          "createdBy": "Diondra Peck",
          "createdByType": "User",
          "lastModifiedAt": "2023-02-23T07:47:23.565357\u002B00:00",
          "lastModifiedBy": "Diondra Peck",
          "lastModifiedByType": "User"
        }
      }
    },
    {
      "RequestUri": "https://management.azure.com/subscriptions/00000000-0000-0000-0000-000000000/resourceGroups/00000/providers/Microsoft.MachineLearningServices/workspaces/00000/components/test_511243431765/versions/0.0.1?api-version=2022-10-01",
      "RequestMethod": "PUT",
      "RequestHeaders": {
        "Accept": "application/json",
        "Accept-Encoding": "gzip, deflate",
        "Connection": "keep-alive",
        "Content-Length": "1271",
        "Content-Type": "application/json",
        "User-Agent": "azure-ai-ml/1.5.0 azsdk-python-mgmt-machinelearningservices/0.1.0 Python/3.7.9 (Windows-10-10.0.22621-SP0)"
      },
      "RequestBody": {
        "properties": {
          "description": "Convert adls test data to SS format",
          "properties": {},
          "tags": {
            "org": "bing",
            "project": "relevance"
          },
          "isAnonymous": false,
          "isArchived": false,
          "componentSpec": {
            "name": "test_511243431765",
            "description": "Convert adls test data to SS format",
            "tags": {
              "org": "bing",
              "project": "relevance"
            },
            "version": "0.0.1",
            "$schema": "https://componentsdk.azureedge.net/jsonschema/ScopeComponent.json",
            "display_name": "Convert Text to StructureStream",
            "is_deterministic": true,
            "inputs": {
              "TextData": {
                "type": [
                  "AnyFile",
                  "AnyDirectory"
                ],
                "description": "text file on ADLS storage"
              },
              "ExtractionClause": {
                "type": "string",
                "description": "the extraction clause, something like \u0022column1:string, column2:int\u0022"
              }
            },
            "outputs": {
              "SSPath": {
                "type": "CosmosStructuredStream",
                "description": "the converted structured stream"
              }
            },
            "type": "ScopeComponent",
            "code": "azureml:/subscriptions/00000000-0000-0000-0000-000000000/resourceGroups/00000/providers/Microsoft.MachineLearningServices/workspaces/00000/codes/38d3bdd3-3972-0aff-771f-c9e322379b4f/versions/1",
            "scope": {
              "script": "convert2ss.script",
              "args": "Output_SSPath {outputs.SSPath} Input_TextData {inputs.TextData} ExtractionClause {inputs.ExtractionClause}"
            },
            "_source": "YAML.COMPONENT"
          }
        }
      },
      "StatusCode": 201,
      "ResponseHeaders": {
        "Cache-Control": "no-cache",
        "Content-Length": "2201",
        "Content-Type": "application/json; charset=utf-8",
        "Date": "Thu, 23 Feb 2023 07:47:23 GMT",
        "Expires": "-1",
        "Location": "https://management.azure.com/subscriptions/00000000-0000-0000-0000-000000000/resourceGroups/00000/providers/Microsoft.MachineLearningServices/workspaces/00000/components/test_511243431765/versions/0.0.1?api-version=2022-10-01",
        "Pragma": "no-cache",
        "Request-Context": "appId=cid-v1:2d2e8e63-272e-4b3c-8598-4ee570a0e70d",
        "Server-Timing": "traceparent;desc=\u002200-b20ad61d5102e8cbae64e2089657ee0a-5eaab8e33bb47800-01\u0022",
        "Strict-Transport-Security": "max-age=31536000; includeSubDomains",
        "x-aml-cluster": "vienna-eastus2-01",
        "X-Content-Type-Options": "nosniff",
        "x-ms-correlation-request-id": "a771d675-ad72-4d3b-8fb5-bd986ddc3bda",
        "x-ms-ratelimit-remaining-subscription-writes": "1194",
        "x-ms-response-type": "standard",
        "x-ms-routing-request-id": "WESTUS2:20230223T074724Z:a771d675-ad72-4d3b-8fb5-bd986ddc3bda",
        "x-request-time": "0.391"
      },
      "ResponseBody": {
        "id": "/subscriptions/00000000-0000-0000-0000-000000000/resourceGroups/00000/providers/Microsoft.MachineLearningServices/workspaces/00000/components/test_511243431765/versions/0.0.1",
        "name": "0.0.1",
        "type": "Microsoft.MachineLearningServices/workspaces/components/versions",
        "properties": {
          "description": null,
          "tags": {
            "org": "bing",
            "project": "relevance"
          },
          "properties": {},
          "isArchived": false,
          "isAnonymous": false,
          "componentSpec": {
            "$schema": "https://componentsdk.azureedge.net/jsonschema/ScopeComponent.json",
            "name": "test_511243431765",
            "version": "0.0.1",
            "display_name": "Convert Text to StructureStream",
            "is_deterministic": "True",
            "type": "ScopeComponent",
            "description": "Convert adls test data to SS format",
            "tags": {
              "org": "bing",
              "project": "relevance"
            },
            "inputs": {
              "TextData": {
                "type": [
                  "AnyFile",
                  "AnyDirectory"
                ],
                "optional": "False",
                "description": "text file on ADLS storage",
                "is_resource": "False"
              },
              "ExtractionClause": {
                "type": "String",
                "optional": "False",
                "description": "the extraction clause, something like \u0022column1:string, column2:int\u0022"
              }
            },
            "outputs": {
              "SSPath": {
                "type": "CosmosStructuredStream",
                "description": "the converted structured stream"
              }
            },
            "scope": {
              "args": "Input_TextData {inputs.TextData} Output_SSPath {outputs.SSPath} ExtractionClause {inputs.ExtractionClause}",
              "script": "convert2ss.script"
            },
            "code": "azureml:/subscriptions/00000000-0000-0000-0000-000000000/resourceGroups/00000/providers/Microsoft.MachineLearningServices/workspaces/00000/codes/38d3bdd3-3972-0aff-771f-c9e322379b4f/versions/1"
          }
        },
        "systemData": {
          "createdAt": "2023-02-23T07:47:24.4703271\u002B00:00",
          "createdBy": "Diondra Peck",
          "createdByType": "User",
          "lastModifiedAt": "2023-02-23T07:47:24.5256816\u002B00:00",
          "lastModifiedBy": "Diondra Peck",
          "lastModifiedByType": "User"
        }
      }
    },
    {
      "RequestUri": "https://management.azure.com/subscriptions/00000000-0000-0000-0000-000000000/resourceGroups/00000/providers/Microsoft.MachineLearningServices/workspaces/00000/components/test_511243431765/versions/0.0.1?api-version=2022-10-01",
      "RequestMethod": "GET",
      "RequestHeaders": {
        "Accept": "application/json",
        "Accept-Encoding": "gzip, deflate",
        "Connection": "keep-alive",
        "User-Agent": "azure-ai-ml/1.5.0 azsdk-python-mgmt-machinelearningservices/0.1.0 Python/3.7.9 (Windows-10-10.0.22621-SP0)"
      },
      "RequestBody": null,
      "StatusCode": 200,
      "ResponseHeaders": {
        "Cache-Control": "no-cache",
        "Content-Encoding": "gzip",
        "Content-Type": "application/json; charset=utf-8",
        "Date": "Thu, 23 Feb 2023 07:47:24 GMT",
        "Expires": "-1",
        "Pragma": "no-cache",
        "Request-Context": "appId=cid-v1:2d2e8e63-272e-4b3c-8598-4ee570a0e70d",
        "Server-Timing": "traceparent;desc=\u002200-2c10229bb660877c9f06b9c527984d3a-cb9ca37da20ae21e-01\u0022",
        "Strict-Transport-Security": "max-age=31536000; includeSubDomains",
        "Transfer-Encoding": "chunked",
        "Vary": [
          "Accept-Encoding",
          "Accept-Encoding"
        ],
        "x-aml-cluster": "vienna-eastus2-01",
        "X-Content-Type-Options": "nosniff",
        "x-ms-correlation-request-id": "73863b6e-6262-47e4-b092-f1cb294855bb",
        "x-ms-ratelimit-remaining-subscription-reads": "11995",
        "x-ms-response-type": "standard",
        "x-ms-routing-request-id": "WESTUS2:20230223T074724Z:73863b6e-6262-47e4-b092-f1cb294855bb",
        "x-request-time": "0.059"
      },
      "ResponseBody": {
        "id": "/subscriptions/00000000-0000-0000-0000-000000000/resourceGroups/00000/providers/Microsoft.MachineLearningServices/workspaces/00000/components/test_511243431765/versions/0.0.1",
        "name": "0.0.1",
        "type": "Microsoft.MachineLearningServices/workspaces/components/versions",
        "properties": {
          "description": null,
          "tags": {
            "org": "bing",
            "project": "relevance"
          },
          "properties": {},
          "isArchived": false,
          "isAnonymous": false,
          "componentSpec": {
            "$schema": "https://componentsdk.azureedge.net/jsonschema/ScopeComponent.json",
            "name": "test_511243431765",
            "version": "0.0.1",
            "display_name": "Convert Text to StructureStream",
            "is_deterministic": "True",
            "type": "ScopeComponent",
            "description": "Convert adls test data to SS format",
            "tags": {
              "org": "bing",
              "project": "relevance"
            },
            "inputs": {
              "TextData": {
                "type": [
                  "AnyFile",
                  "AnyDirectory"
                ],
                "optional": "False",
                "description": "text file on ADLS storage",
                "is_resource": "False"
              },
              "ExtractionClause": {
                "type": "String",
                "optional": "False",
                "description": "the extraction clause, something like \u0022column1:string, column2:int\u0022"
              }
            },
            "outputs": {
              "SSPath": {
                "type": "CosmosStructuredStream",
                "description": "the converted structured stream"
              }
            },
            "scope": {
              "args": "Input_TextData {inputs.TextData} Output_SSPath {outputs.SSPath} ExtractionClause {inputs.ExtractionClause}",
              "script": "convert2ss.script"
            },
            "code": "azureml:/subscriptions/00000000-0000-0000-0000-000000000/resourceGroups/00000/providers/Microsoft.MachineLearningServices/workspaces/00000/codes/38d3bdd3-3972-0aff-771f-c9e322379b4f/versions/1"
          }
        },
        "systemData": {
          "createdAt": "2023-02-23T07:47:24.4703271\u002B00:00",
          "createdBy": "Diondra Peck",
          "createdByType": "User",
          "lastModifiedAt": "2023-02-23T07:47:24.5256816\u002B00:00",
          "lastModifiedBy": "Diondra Peck",
          "lastModifiedByType": "User"
        }
      }
    }
  ],
  "Variables": {
    "component_name": "test_511243431765"
  }
}
