{
  "Entries": [
    {
      "RequestUri": "https://management.azure.com/subscriptions/00000000-0000-0000-0000-000000000/resourceGroups/00000/providers/Microsoft.MachineLearningServices/workspaces/00000/datastores/workspaceblobstore?api-version=2022-05-01",
      "RequestMethod": "GET",
      "RequestHeaders": {
        "Accept": "application/json",
        "Accept-Encoding": "gzip, deflate",
        "Connection": "keep-alive",
        "User-Agent": "azure-ai-ml/1.1.0 azsdk-python-mgmt-machinelearningservices/0.1.0 Python/3.8.13 (macOS-12.6-arm64-i386-64bit)"
      },
      "RequestBody": null,
      "StatusCode": 200,
      "ResponseHeaders": {
        "Cache-Control": "no-cache",
        "Content-Encoding": "gzip",
        "Content-Type": "application/json; charset=utf-8",
        "Date": "Tue, 08 Nov 2022 08:43:44 GMT",
        "Expires": "-1",
        "Pragma": "no-cache",
        "Request-Context": "appId=cid-v1:2d2e8e63-272e-4b3c-8598-4ee570a0e70d",
        "Server-Timing": "traceparent;desc=\u002200-c11ceb04b2d698e7a99f27dd9adc6a7c-cf5ebe61bc2b387d-00\u0022",
        "Strict-Transport-Security": "max-age=31536000; includeSubDomains",
        "Transfer-Encoding": "chunked",
        "Vary": [
          "Accept-Encoding",
          "Accept-Encoding"
        ],
        "x-aml-cluster": "vienna-eastus2-02",
        "X-Content-Type-Options": "nosniff",
        "x-ms-correlation-request-id": "2125badb-1eea-462f-b3e3-533c2a8f8f06",
        "x-ms-ratelimit-remaining-subscription-reads": "11993",
        "x-ms-response-type": "standard",
        "x-ms-routing-request-id": "EASTASIA:20221108T084344Z:2125badb-1eea-462f-b3e3-533c2a8f8f06",
        "x-request-time": "0.082"
      },
      "ResponseBody": {
        "id": "/subscriptions/00000000-0000-0000-0000-000000000/resourceGroups/00000/providers/Microsoft.MachineLearningServices/workspaces/00000/datastores/workspaceblobstore",
        "name": "workspaceblobstore",
        "type": "Microsoft.MachineLearningServices/workspaces/datastores",
        "properties": {
          "description": null,
          "tags": null,
          "properties": null,
          "isDefault": true,
          "credentials": {
            "credentialsType": "AccountKey"
          },
          "datastoreType": "AzureBlob",
          "accountName": "sav3u7rijui4cza",
          "containerName": "azureml-blobstore-a6db4a2a-8424-44da-a5a8-d604852f4fc3",
          "endpoint": "core.windows.net",
          "protocol": "https",
          "serviceDataAccessAuthIdentity": "WorkspaceSystemAssignedIdentity"
        },
        "systemData": {
          "createdAt": "2022-10-10T07:43:07.7818269\u002B00:00",
          "createdBy": "779301c0-18b2-4cdc-801b-a0a3368fee0a",
          "createdByType": "Application",
          "lastModifiedAt": "2022-10-10T07:43:08.5293577\u002B00:00",
          "lastModifiedBy": "779301c0-18b2-4cdc-801b-a0a3368fee0a",
          "lastModifiedByType": "Application"
        }
      }
    },
    {
      "RequestUri": "https://management.azure.com/subscriptions/00000000-0000-0000-0000-000000000/resourceGroups/00000/providers/Microsoft.MachineLearningServices/workspaces/00000/datastores/workspaceblobstore/listSecrets?api-version=2022-05-01",
      "RequestMethod": "POST",
      "RequestHeaders": {
        "Accept": "application/json",
        "Accept-Encoding": "gzip, deflate",
        "Connection": "keep-alive",
        "Content-Length": "0",
        "User-Agent": "azure-ai-ml/1.1.0 azsdk-python-mgmt-machinelearningservices/0.1.0 Python/3.8.13 (macOS-12.6-arm64-i386-64bit)"
      },
      "RequestBody": null,
      "StatusCode": 200,
      "ResponseHeaders": {
        "Cache-Control": "no-cache",
        "Content-Encoding": "gzip",
        "Content-Type": "application/json; charset=utf-8",
        "Date": "Tue, 08 Nov 2022 08:43:44 GMT",
        "Expires": "-1",
        "Pragma": "no-cache",
        "Request-Context": "appId=cid-v1:2d2e8e63-272e-4b3c-8598-4ee570a0e70d",
        "Server-Timing": "traceparent;desc=\u002200-f1d06772f4148f34094d9bd8d43ebc50-e25d39513e225adf-00\u0022",
        "Strict-Transport-Security": "max-age=31536000; includeSubDomains",
        "Transfer-Encoding": "chunked",
        "Vary": "Accept-Encoding",
        "x-aml-cluster": "vienna-eastus2-02",
        "X-Content-Type-Options": "nosniff",
        "x-ms-correlation-request-id": "a451789f-2997-4d48-bdeb-858d9dda15a6",
        "x-ms-ratelimit-remaining-subscription-writes": "1196",
        "x-ms-response-type": "standard",
        "x-ms-routing-request-id": "EASTASIA:20221108T084345Z:a451789f-2997-4d48-bdeb-858d9dda15a6",
        "x-request-time": "0.099"
      },
      "ResponseBody": {
        "secretsType": "AccountKey",
        "key": "dGhpcyBpcyBmYWtlIGtleQ=="
      }
    },
    {
      "RequestUri": "https://sav3u7rijui4cza.blob.core.windows.net/azureml-blobstore-a6db4a2a-8424-44da-a5a8-d604852f4fc3/LocalUpload/000000000000000000000000000000000000/scope-component/component_spec.yaml",
      "RequestMethod": "HEAD",
      "RequestHeaders": {
        "Accept": "application/xml",
        "Accept-Encoding": "gzip, deflate",
        "Connection": "keep-alive",
        "User-Agent": "azsdk-python-storage-blob/12.13.1 Python/3.8.13 (macOS-12.6-arm64-i386-64bit)",
        "x-ms-date": "Tue, 08 Nov 2022 08:43:45 GMT",
        "x-ms-version": "2021-08-06"
      },
      "RequestBody": null,
      "StatusCode": 200,
      "ResponseHeaders": {
        "Accept-Ranges": "bytes",
        "Content-Length": "916",
        "Content-MD5": "eNzR/ZuYtOLAY/P/4qlaqQ==",
        "Content-Type": "application/octet-stream",
        "Date": "Tue, 08 Nov 2022 08:43:45 GMT",
        "ETag": "\u00220x8DAC1651CE36A44\u0022",
        "Last-Modified": "Tue, 08 Nov 2022 08:42:04 GMT",
        "Server": [
          "Windows-Azure-Blob/1.0",
          "Microsoft-HTTPAPI/2.0"
        ],
        "Vary": "Origin",
        "x-ms-access-tier": "Hot",
        "x-ms-access-tier-inferred": "true",
        "x-ms-blob-type": "BlockBlob",
        "x-ms-creation-time": "Tue, 08 Nov 2022 08:42:04 GMT",
        "x-ms-lease-state": "available",
        "x-ms-lease-status": "unlocked",
        "x-ms-meta-name": "38d3bdd3-3972-0aff-771f-c9e322379b4f",
        "x-ms-meta-upload_status": "completed",
        "x-ms-meta-version": "1",
        "x-ms-server-encrypted": "true",
        "x-ms-version": "2021-08-06"
      },
      "ResponseBody": null
    },
    {
      "RequestUri": "https://sav3u7rijui4cza.blob.core.windows.net/azureml-blobstore-a6db4a2a-8424-44da-a5a8-d604852f4fc3/az-ml-artifacts/000000000000000000000000000000000000/scope-component/component_spec.yaml",
      "RequestMethod": "HEAD",
      "RequestHeaders": {
        "Accept": "application/xml",
        "Accept-Encoding": "gzip, deflate",
        "Connection": "keep-alive",
        "User-Agent": "azsdk-python-storage-blob/12.13.1 Python/3.8.13 (macOS-12.6-arm64-i386-64bit)",
        "x-ms-date": "Tue, 08 Nov 2022 08:43:45 GMT",
        "x-ms-version": "2021-08-06"
      },
      "RequestBody": null,
      "StatusCode": 404,
      "ResponseHeaders": {
        "Date": "Tue, 08 Nov 2022 08:43:45 GMT",
        "Server": [
          "Windows-Azure-Blob/1.0",
          "Microsoft-HTTPAPI/2.0"
        ],
        "Transfer-Encoding": "chunked",
        "Vary": "Origin",
        "x-ms-error-code": "BlobNotFound",
        "x-ms-version": "2021-08-06"
      },
      "ResponseBody": null
    },
    {
      "RequestUri": "https://management.azure.com/subscriptions/00000000-0000-0000-0000-000000000/resourceGroups/00000/providers/Microsoft.MachineLearningServices/workspaces/00000/codes/38d3bdd3-3972-0aff-771f-c9e322379b4f/versions/1?api-version=2022-05-01",
      "RequestMethod": "PUT",
      "RequestHeaders": {
        "Accept": "application/json",
        "Accept-Encoding": "gzip, deflate",
        "Connection": "keep-alive",
        "Content-Length": "308",
        "Content-Type": "application/json",
        "User-Agent": "azure-ai-ml/1.1.0 azsdk-python-mgmt-machinelearningservices/0.1.0 Python/3.8.13 (macOS-12.6-arm64-i386-64bit)"
      },
      "RequestBody": {
        "properties": {
          "properties": {
            "hash_sha256": "0000000000000",
            "hash_version": "0000000000000"
          },
          "isAnonymous": true,
          "isArchived": false,
          "codeUri": "https://sav3u7rijui4cza.blob.core.windows.net/azureml-blobstore-a6db4a2a-8424-44da-a5a8-d604852f4fc3/LocalUpload/000000000000000000000000000000000000/scope-component"
        }
      },
      "StatusCode": 200,
      "ResponseHeaders": {
        "Cache-Control": "no-cache",
        "Content-Encoding": "gzip",
        "Content-Type": "application/json; charset=utf-8",
        "Date": "Tue, 08 Nov 2022 08:43:46 GMT",
        "Expires": "-1",
        "Pragma": "no-cache",
        "Request-Context": "appId=cid-v1:2d2e8e63-272e-4b3c-8598-4ee570a0e70d",
        "Server-Timing": "traceparent;desc=\u002200-dacab7014bad6195317d430e08780ed5-a90ee679863149bf-00\u0022",
        "Strict-Transport-Security": "max-age=31536000; includeSubDomains",
        "Transfer-Encoding": "chunked",
        "Vary": [
          "Accept-Encoding",
          "Accept-Encoding"
        ],
        "x-aml-cluster": "vienna-eastus2-02",
        "X-Content-Type-Options": "nosniff",
        "x-ms-correlation-request-id": "95a5ba2a-a225-46d6-b606-e1f68afaf74b",
        "x-ms-ratelimit-remaining-subscription-writes": "1193",
        "x-ms-response-type": "standard",
        "x-ms-routing-request-id": "EASTASIA:20221108T084346Z:95a5ba2a-a225-46d6-b606-e1f68afaf74b",
        "x-request-time": "0.114"
      },
      "ResponseBody": {
        "id": "/subscriptions/00000000-0000-0000-0000-000000000/resourceGroups/00000/providers/Microsoft.MachineLearningServices/workspaces/00000/codes/38d3bdd3-3972-0aff-771f-c9e322379b4f/versions/1",
        "name": "1",
        "type": "Microsoft.MachineLearningServices/workspaces/codes/versions",
        "properties": {
          "description": null,
          "tags": {},
          "properties": {
            "hash_sha256": "0000000000000",
            "hash_version": "0000000000000"
          },
          "isArchived": false,
          "isAnonymous": false,
          "codeUri": "https://sav3u7rijui4cza.blob.core.windows.net/azureml-blobstore-a6db4a2a-8424-44da-a5a8-d604852f4fc3/LocalUpload/000000000000000000000000000000000000/scope-component"
        },
        "systemData": {
          "createdAt": "2022-11-08T08:42:05.2892291\u002B00:00",
          "createdBy": "Honglin Du",
          "createdByType": "User",
          "lastModifiedAt": "2022-11-08T08:43:46.7264079\u002B00:00",
          "lastModifiedBy": "Honglin Du",
          "lastModifiedByType": "User"
        }
      }
    },
    {
      "RequestUri": "https://management.azure.com/subscriptions/00000000-0000-0000-0000-000000000/resourceGroups/00000/providers/Microsoft.MachineLearningServices/workspaces/00000/components/test_197641000298/versions/0.0.1?api-version=2022-05-01",
      "RequestMethod": "PUT",
      "RequestHeaders": {
        "Accept": "application/json",
        "Accept-Encoding": "gzip, deflate",
        "Connection": "keep-alive",
        "Content-Length": "1242",
        "Content-Type": "application/json",
        "User-Agent": "azure-ai-ml/1.1.0 azsdk-python-mgmt-machinelearningservices/0.1.0 Python/3.8.13 (macOS-12.6-arm64-i386-64bit)"
      },
      "RequestBody": {
        "properties": {
          "description": "Convert adls test data to SS format",
          "properties": {},
          "tags": {
            "org": "bing",
            "project": "relevance"
          },
          "isAnonymous": false,
          "isArchived": false,
          "componentSpec": {
            "name": "test_197641000298",
            "description": "Convert adls test data to SS format",
            "tags": {
              "org": "bing",
              "project": "relevance"
            },
            "version": "0.0.1",
            "$schema": "https://componentsdk.azureedge.net/jsonschema/ScopeComponent.json",
            "display_name": "Convert Text to StructureStream",
            "is_deterministic": true,
            "inputs": {
              "TextData": {
                "type": [
                  "AnyFile",
                  "AnyDirectory"
                ],
                "description": "text file on ADLS storage"
              },
              "ExtractionClause": {
                "type": "string",
                "description": "the extraction clause, something like \u0022column1:string, column2:int\u0022"
              }
            },
            "outputs": {
              "SSPath": {
                "type": "CosmosStructuredStream",
                "description": "the converted structured stream"
              }
            },
            "type": "ScopeComponent",
            "code": "azureml:/subscriptions/00000000-0000-0000-0000-000000000/resourceGroups/00000/providers/Microsoft.MachineLearningServices/workspaces/00000/codes/38d3bdd3-3972-0aff-771f-c9e322379b4f/versions/1",
            "scope": {
              "script": "convert2ss.script",
              "args": "Output_SSPath {outputs.SSPath} Input_TextData {inputs.TextData} ExtractionClause {inputs.ExtractionClause}"
            }
          }
        }
      },
      "StatusCode": 201,
      "ResponseHeaders": {
        "Cache-Control": "no-cache",
        "Content-Length": "2195",
        "Content-Type": "application/json; charset=utf-8",
        "Date": "Tue, 08 Nov 2022 08:43:47 GMT",
        "Expires": "-1",
        "Location": "https://management.azure.com/subscriptions/00000000-0000-0000-0000-000000000/resourceGroups/00000/providers/Microsoft.MachineLearningServices/workspaces/00000/components/test_197641000298/versions/0.0.1?api-version=2022-05-01",
        "Pragma": "no-cache",
        "Request-Context": "appId=cid-v1:2d2e8e63-272e-4b3c-8598-4ee570a0e70d",
        "Server-Timing": "traceparent;desc=\u002200-a6e6b20ab5f30b60b21e2bd48132917f-ea825ef0d72fd630-00\u0022",
        "Strict-Transport-Security": "max-age=31536000; includeSubDomains",
        "x-aml-cluster": "vienna-eastus2-02",
        "X-Content-Type-Options": "nosniff",
        "x-ms-correlation-request-id": "ec410642-9dac-4ece-945e-99ea6624df70",
        "x-ms-ratelimit-remaining-subscription-writes": "1192",
        "x-ms-response-type": "standard",
        "x-ms-routing-request-id": "EASTASIA:20221108T084348Z:ec410642-9dac-4ece-945e-99ea6624df70",
        "x-request-time": "0.578"
      },
      "ResponseBody": {
        "id": "/subscriptions/00000000-0000-0000-0000-000000000/resourceGroups/00000/providers/Microsoft.MachineLearningServices/workspaces/00000/components/test_197641000298/versions/0.0.1",
        "name": "0.0.1",
        "type": "Microsoft.MachineLearningServices/workspaces/components/versions",
        "properties": {
          "description": null,
          "tags": {
            "org": "bing",
            "project": "relevance"
          },
          "properties": {},
          "isArchived": false,
          "isAnonymous": false,
          "componentSpec": {
            "$schema": "https://componentsdk.azureedge.net/jsonschema/ScopeComponent.json",
            "name": "test_197641000298",
            "version": "0.0.1",
            "display_name": "Convert Text to StructureStream",
            "is_deterministic": "True",
            "type": "ScopeComponent",
            "description": "Convert adls test data to SS format",
            "tags": {
              "org": "bing",
              "project": "relevance"
            },
            "inputs": {
              "TextData": {
                "type": [
                  "AnyFile",
                  "AnyDirectory"
                ],
                "optional": "False",
                "description": "text file on ADLS storage",
                "is_resource": "False"
              },
              "ExtractionClause": {
                "type": "String",
                "optional": "False",
                "description": "the extraction clause, something like \u0022column1:string, column2:int\u0022"
              }
            },
            "outputs": {
              "SSPath": {
                "type": "CosmosStructuredStream",
                "description": "the converted structured stream"
              }
            },
            "scope": {
              "args": "Input_TextData {inputs.TextData} Output_SSPath {outputs.SSPath} ExtractionClause {inputs.ExtractionClause}",
              "script": "convert2ss.script"
            },
            "code": "azureml:/subscriptions/00000000-0000-0000-0000-000000000/resourceGroups/00000/providers/Microsoft.MachineLearningServices/workspaces/00000/codes/38d3bdd3-3972-0aff-771f-c9e322379b4f/versions/1"
          }
        },
        "systemData": {
          "createdAt": "2022-11-08T08:43:47.61833\u002B00:00",
          "createdBy": "Honglin Du",
          "createdByType": "User",
          "lastModifiedAt": "2022-11-08T08:43:47.8032322\u002B00:00",
          "lastModifiedBy": "Honglin Du",
          "lastModifiedByType": "User"
        }
      }
    },
    {
      "RequestUri": "https://management.azure.com/subscriptions/00000000-0000-0000-0000-000000000/resourceGroups/00000/providers/Microsoft.MachineLearningServices/workspaces/00000/components/test_197641000298/versions/0.0.1?api-version=2022-05-01",
      "RequestMethod": "GET",
      "RequestHeaders": {
        "Accept": "application/json",
        "Accept-Encoding": "gzip, deflate",
        "Connection": "keep-alive",
        "User-Agent": "azure-ai-ml/1.1.0 azsdk-python-mgmt-machinelearningservices/0.1.0 Python/3.8.13 (macOS-12.6-arm64-i386-64bit)"
      },
      "RequestBody": null,
      "StatusCode": 200,
      "ResponseHeaders": {
        "Cache-Control": "no-cache",
        "Content-Encoding": "gzip",
        "Content-Type": "application/json; charset=utf-8",
        "Date": "Tue, 08 Nov 2022 08:43:48 GMT",
        "Expires": "-1",
        "Pragma": "no-cache",
        "Request-Context": "appId=cid-v1:2d2e8e63-272e-4b3c-8598-4ee570a0e70d",
        "Server-Timing": "traceparent;desc=\u002200-2a18e63333795fb5909f106f773e7e5e-b8a63849b485fb4f-00\u0022",
        "Strict-Transport-Security": "max-age=31536000; includeSubDomains",
        "Transfer-Encoding": "chunked",
        "Vary": [
          "Accept-Encoding",
          "Accept-Encoding"
        ],
        "x-aml-cluster": "vienna-eastus2-02",
        "X-Content-Type-Options": "nosniff",
        "x-ms-correlation-request-id": "27d9cdd7-8b75-4761-ad19-6cba9d44f4d3",
        "x-ms-ratelimit-remaining-subscription-reads": "11992",
        "x-ms-response-type": "standard",
        "x-ms-routing-request-id": "EASTASIA:20221108T084348Z:27d9cdd7-8b75-4761-ad19-6cba9d44f4d3",
        "x-request-time": "0.116"
      },
      "ResponseBody": {
        "id": "/subscriptions/00000000-0000-0000-0000-000000000/resourceGroups/00000/providers/Microsoft.MachineLearningServices/workspaces/00000/components/test_197641000298/versions/0.0.1",
        "name": "0.0.1",
        "type": "Microsoft.MachineLearningServices/workspaces/components/versions",
        "properties": {
          "description": null,
          "tags": {
            "org": "bing",
            "project": "relevance"
          },
          "properties": {},
          "isArchived": false,
          "isAnonymous": false,
          "componentSpec": {
            "$schema": "https://componentsdk.azureedge.net/jsonschema/ScopeComponent.json",
            "name": "test_197641000298",
            "version": "0.0.1",
            "display_name": "Convert Text to StructureStream",
            "is_deterministic": "True",
            "type": "ScopeComponent",
            "description": "Convert adls test data to SS format",
            "tags": {
              "org": "bing",
              "project": "relevance"
            },
            "inputs": {
              "TextData": {
                "type": [
                  "AnyFile",
                  "AnyDirectory"
                ],
                "optional": "False",
                "description": "text file on ADLS storage",
                "is_resource": "False"
              },
              "ExtractionClause": {
                "type": "String",
                "optional": "False",
                "description": "the extraction clause, something like \u0022column1:string, column2:int\u0022"
              }
            },
            "outputs": {
              "SSPath": {
                "type": "CosmosStructuredStream",
                "description": "the converted structured stream"
              }
            },
            "scope": {
              "args": "Input_TextData {inputs.TextData} Output_SSPath {outputs.SSPath} ExtractionClause {inputs.ExtractionClause}",
              "script": "convert2ss.script"
            },
            "code": "azureml:/subscriptions/00000000-0000-0000-0000-000000000/resourceGroups/00000/providers/Microsoft.MachineLearningServices/workspaces/00000/codes/38d3bdd3-3972-0aff-771f-c9e322379b4f/versions/1"
          }
        },
        "systemData": {
          "createdAt": "2022-11-08T08:43:47.61833\u002B00:00",
          "createdBy": "Honglin Du",
          "createdByType": "User",
          "lastModifiedAt": "2022-11-08T08:43:47.8032322\u002B00:00",
          "lastModifiedBy": "Honglin Du",
          "lastModifiedByType": "User"
        }
      }
    }
  ],
  "Variables": {
    "component_name": "test_197641000298"
  }
}
