interactions:
- request:
    body: '{"value": [{"hotelId": "1000", "rating": 1, "@search.action": "mergeOrUpload"},
      {"hotelId": "4", "rating": 2, "@search.action": "mergeOrUpload"}]}'
    headers:
      Accept:
      - application/json;odata.metadata=none
      Accept-Encoding:
      - gzip, deflate
      Connection:
      - keep-alive
      Content-Length:
      - '146'
      Content-Type:
      - application/json
      User-Agent:
      - azsdk-python-core/1.2.3 Python/3.7.3 (Darwin-19.3.0-x86_64-i386-64bit) azsdk-python-searchindexclient/unknown
      api-key:
      - FF95901067E891DE91A418028E9014A8
    method: POST
    uri: https://search50c51082.search.windows.net/indexes('drgqefsg')/docs/search.index?api-version=2019-05-06
  response:
    body:
      string: '{"value":[{"key":"1000","status":true,"errorMessage":null,"statusCode":201},{"key":"4","status":true,"errorMessage":null,"statusCode":200}]}'
    headers:
      cache-control:
      - no-cache
      content-length:
      - '140'
      content-type:
      - application/json; odata.metadata=none
      date:
      - Fri, 06 Mar 2020 00:05:19 GMT
      elapsed-time:
      - '324'
      expires:
      - '-1'
      odata-version:
      - '4.0'
      pragma:
      - no-cache
      preference-applied:
      - odata.include-annotations="*"
      request-id:
      - 2a6ecf2c-5f3e-11ea-abce-8c8590507855
      strict-transport-security:
      - max-age=15724800; includeSubDomains
      vary:
      - Accept-Encoding
    status:
      code: 200
      message: OK
- request:
    body: null
    headers:
      Accept:
      - application/json;odata.metadata=none
      Accept-Encoding:
      - gzip, deflate
      Connection:
      - keep-alive
      User-Agent:
      - azsdk-python-core/1.2.3 Python/3.7.3 (Darwin-19.3.0-x86_64-i386-64bit) azsdk-python-searchindexclient/unknown
      api-key:
      - FF95901067E891DE91A418028E9014A8
    method: GET
    uri: https://search50c51082.search.windows.net/indexes('drgqefsg')/docs/$count?api-version=2019-05-06
  response:
    body:
      string: "\uFEFF11"
    headers:
      cache-control:
      - no-cache
      content-length:
      - '5'
      content-type:
      - text/plain
      date:
      - Fri, 06 Mar 2020 00:05:22 GMT
      elapsed-time:
      - '3'
      expires:
      - '-1'
      odata-version:
      - '4.0'
      pragma:
      - no-cache
      preference-applied:
      - odata.include-annotations="*"
      request-id:
      - 2c8681d8-5f3e-11ea-abce-8c8590507855
      strict-transport-security:
      - max-age=15724800; includeSubDomains
      vary:
      - Accept-Encoding
    status:
      code: 200
      message: OK
- request:
    body: null
    headers:
      Accept:
      - application/json;odata.metadata=none
      Accept-Encoding:
      - gzip, deflate
      Connection:
      - keep-alive
      User-Agent:
      - azsdk-python-core/1.2.3 Python/3.7.3 (Darwin-19.3.0-x86_64-i386-64bit) azsdk-python-searchindexclient/unknown
      api-key:
      - FF95901067E891DE91A418028E9014A8
    method: GET
    uri: https://search50c51082.search.windows.net/indexes('drgqefsg')/docs('1000')?api-version=2019-05-06
  response:
    body:
      string: '{"hotelId":"1000","hotelName":null,"description":null,"descriptionFr":null,"category":null,"tags":[],"parkingIncluded":null,"smokingAllowed":null,"lastRenovationDate":null,"rating":1,"location":null,"address":null,"rooms":[]}'
    headers:
      cache-control:
      - no-cache
      content-length:
      - '225'
      content-type:
      - application/json; odata.metadata=none
      date:
      - Fri, 06 Mar 2020 00:05:22 GMT
      elapsed-time:
      - '14'
      expires:
      - '-1'
      odata-version:
      - '4.0'
      pragma:
      - no-cache
      preference-applied:
      - odata.include-annotations="*"
      request-id:
      - 2c8e823e-5f3e-11ea-abce-8c8590507855
      strict-transport-security:
      - max-age=15724800; includeSubDomains
      vary:
      - Accept-Encoding
    status:
      code: 200
      message: OK
- request:
    body: null
    headers:
      Accept:
      - application/json;odata.metadata=none
      Accept-Encoding:
      - gzip, deflate
      Connection:
      - keep-alive
      User-Agent:
      - azsdk-python-core/1.2.3 Python/3.7.3 (Darwin-19.3.0-x86_64-i386-64bit) azsdk-python-searchindexclient/unknown
      api-key:
      - FF95901067E891DE91A418028E9014A8
    method: GET
    uri: https://search50c51082.search.windows.net/indexes('drgqefsg')/docs('4')?api-version=2019-05-06
  response:
    body:
      string: '{"hotelId":"4","hotelName":"Express Rooms","description":"Pretty good
        hotel","descriptionFr":"Assez bon h\u00f4tel","category":"Budget","tags":["wifi","budget"],"parkingIncluded":true,"smokingAllowed":false,"lastRenovationDate":"1995-07-01T00:00:00Z","rating":2,"location":{"type":"Point","coordinates":[-122.131577,48.678581],"crs":{"type":"name","properties":{"name":"EPSG:4326"}}},"address":null,"rooms":[]}'
    headers:
      cache-control:
      - no-cache
      content-length:
      - '410'
      content-type:
      - application/json; odata.metadata=none
      date:
      - Fri, 06 Mar 2020 00:05:22 GMT
      elapsed-time:
      - '7'
      expires:
      - '-1'
      odata-version:
      - '4.0'
      pragma:
      - no-cache
      preference-applied:
      - odata.include-annotations="*"
      request-id:
      - 2c98689e-5f3e-11ea-abce-8c8590507855
      strict-transport-security:
      - max-age=15724800; includeSubDomains
      vary:
      - Accept-Encoding
    status:
      code: 200
      message: OK
version: 1
