{
  "Entries": [
    {
      "RequestUri": "https://eastus.api.azureml.ms/registrymanagement/v1.0/registries/testFeed/discovery",
      "RequestMethod": "GET",
      "RequestHeaders": {
        "Accept": "application/json, text/json",
        "Accept-Encoding": "gzip, deflate",
        "Connection": "keep-alive",
        "User-Agent": "azsdk-python-mgmt-machinelearningservices/0.1.0 Python/3.10.7 (Windows-10-10.0.22621-SP0)"
      },
      "RequestBody": null,
      "StatusCode": 200,
      "ResponseHeaders": {
        "Connection": "keep-alive",
        "Content-Encoding": "gzip",
        "Content-Type": "application/json; charset=utf-8",
        "Date": "Wed, 28 Sep 2022 17:26:09 GMT",
        "Request-Context": "appId=cid-v1:2d2e8e63-272e-4b3c-8598-4ee570a0e70d",
        "Strict-Transport-Security": "max-age=15724800; includeSubDomains; preload",
        "Transfer-Encoding": "chunked",
        "Vary": "Accept-Encoding",
        "x-aml-cluster": "vienna-eastus-02",
        "X-Content-Type-Options": "nosniff",
        "x-ms-response-type": "standard",
        "x-request-time": "0.251"
      },
      "ResponseBody": {
        "registryId": "3b513a6b-f110-4e7f-9ce3-472b5aa28170",
        "registryName": "testFeed",
        "tenantId": "72f988bf-86f1-41af-91ab-2d7cd011db47",
        "primaryRegion": "centraluseuap",
        "regions": [
          "centraluseuap"
        ],
        "subscriptionId": "4f26493f-21d2-4726-92ea-1ddd550b1d27",
        "resourceGroup": "test-registries",
        "workspaceName": null,
        "primaryRegionResourceProviderUri": "https://cert-master.experiments.azureml-test.net/",
        "registryFqdns": {
          "centraluseuap": {
            "uri": "https://3b513a6b-f110-4e7f-9ce3-472b5aa28170.registry.master.api.azureml-test.ms"
          }
        }
      }
    },
    {
      "RequestUri": "https://cert-master.experiments.azureml-test.net/mferp/managementfrontend/subscriptions/4f26493f-21d2-4726-92ea-1ddd550b1d27/resourceGroups/test-registries/providers/Microsoft.MachineLearningServices/registries/testFeed/tempdatarefs/env-test-6870434/versions/1?api-version=2021-10-01-dataplanepreview",
      "RequestMethod": "PUT",
      "RequestHeaders": {
        "Accept": "application/json",
        "Accept-Encoding": "gzip, deflate",
        "Connection": "keep-alive",
        "Content-Length": "141",
        "Content-Type": "application/json",
        "User-Agent": "azsdk-python-mgmt-machinelearningservices/0.1.0 Python/3.10.7 (Windows-10-10.0.22621-SP0)"
      },
      "RequestBody": {
        "assetId": "azureml://registries/testFeed/environments/env-test-6870434/versions/1",
        "temporaryDataReferenceType": "TemporaryBlobReference"
      },
      "StatusCode": 200,
      "ResponseHeaders": {
        "Connection": "keep-alive",
        "Content-Encoding": "gzip",
        "Content-Type": "application/json; charset=utf-8",
        "Date": "Wed, 28 Sep 2022 17:26:16 GMT",
        "Request-Context": "appId=cid-v1:512cc15a-13b5-415b-bfd0-dce7accb6bb1",
        "Server-Timing": "traceparent;desc=\u002200-128a7618565704a037dcdfd960200364-09accf1bda872f26-00\u0022",
        "Strict-Transport-Security": "max-age=15724800; includeSubDomains; preload",
        "Transfer-Encoding": "chunked",
        "Vary": "Accept-Encoding",
        "x-aml-cluster": "vienna-test-westus2-02",
        "X-Content-Type-Options": [
          "nosniff",
          "nosniff"
        ],
        "x-ms-response-type": "standard",
        "x-request-time": "1.205"
      },
      "ResponseBody": {
        "blobReferenceForConsumption": {
          "blobUri": "https://feedmaster1.blob.core.windows.net:443/testfeed-beceea0e-f49c-5079-a95f-0ec3522c572a",
          "storageAccountArmId": "/subscriptions/ad203158-bc5d-4e72-b764-2607833a71dc/resourceGroups/vienna-test-westus2/providers/Microsoft.Storage/storageAccounts/feedmaster1",
          "credential": {
            "credentialType": "SAS",
            "sasUri": "https://feedmaster1.blob.core.windows.net/testfeed-beceea0e-f49c-5079-a95f-0ec3522c572a?sv=2019-07-07\u0026sr=c\u0026sig=G%2BkSkhckdO%2Bf403yR3xNo7ny%2Fn7L6kOKJ2%2FP2GKTlO8%3D\u0026spr=https\u0026skoid=e3f42e2c-d581-4b65-a966-631cfa961328\u0026sktid=72f988bf-86f1-41af-91ab-2d7cd011db47\u0026skt=2022-09-28T02%3A53%3A51Z\u0026ske=2022-09-29T11%3A03%3A51Z\u0026sks=b\u0026skv=2019-07-07\u0026st=2022-09-28T17%3A16%3A16Z\u0026se=2022-09-29T01%3A26%3A16Z\u0026sp=rcwl",
            "wasbsUri": null
          }
        },
        "imageReferenceForConsumption": null,
        "temporaryDataReferenceId": "0899c4ce-7391-47e7-be67-314a8d27acd8",
        "temporaryDataReferenceType": null
      }
    },
    {
      "RequestUri": "https://cert-master.experiments.azureml-test.net/mferp/managementfrontend/subscriptions/4f26493f-21d2-4726-92ea-1ddd550b1d27/resourceGroups/test-registries/providers/Microsoft.MachineLearningServices/registries/testFeed/environments/env-test-6870434/versions/1?api-version=2021-10-01-dataplanepreview",
      "RequestMethod": "PUT",
      "RequestHeaders": {
        "Accept": "application/json",
        "Accept-Encoding": "gzip, deflate",
        "Connection": "keep-alive",
        "Content-Length": "339",
        "Content-Type": "application/json",
        "User-Agent": "azsdk-python-mgmt-machinelearningservices/0.1.0 Python/3.10.7 (Windows-10-10.0.22621-SP0)"
      },
      "RequestBody": {
        "properties": {
          "description": "This is description",
          "isAnonymous": false,
          "isArchived": false,
          "condaFile": "channels:\n- conda-forge\ndependencies:\n- python=3.8\n- pip\n- pip:\n  - nbgitpuller\n  - sphinx-gallery\n  - pandas\n  - matplotlib\nname: example-environment\n",
          "image": "mcr.microsoft.com/azureml/openmpi3.1.2-ubuntu18.04"
        }
      },
      "StatusCode": 202,
      "ResponseHeaders": {
        "Connection": "keep-alive",
        "Content-Length": "4",
        "Content-Type": "application/json; charset=utf-8",
        "Date": "Wed, 28 Sep 2022 17:26:18 GMT",
        "Location": "https://master.api.azureml-test.ms/environment/v1.0/operations/testFeed_env-test-6870434_1_1",
        "Request-Context": "appId=cid-v1:512cc15a-13b5-415b-bfd0-dce7accb6bb1",
        "Strict-Transport-Security": "max-age=15724800; includeSubDomains; preload",
        "x-aml-cluster": "vienna-test-westus2-02",
        "X-Content-Type-Options": "nosniff",
        "x-ms-async-operation-timeout": "PT1H",
        "x-ms-response-type": "standard",
        "x-request-time": "1.747"
      },
      "ResponseBody": "null"
    },
    {
      "RequestUri": "https://master.api.azureml-test.ms/environment/v1.0/operations/testFeed_env-test-6870434_1_1",
      "RequestMethod": "GET",
      "RequestHeaders": {
        "Accept": "*/*",
        "Accept-Encoding": "gzip, deflate",
        "Connection": "keep-alive",
        "User-Agent": "azsdk-python-mgmt-machinelearningservices/0.1.0 Python/3.10.7 (Windows-10-10.0.22621-SP0)"
      },
      "RequestBody": null,
      "StatusCode": 202,
      "ResponseHeaders": {
        "Connection": "keep-alive",
        "Content-Length": "0",
        "Date": "Wed, 28 Sep 2022 17:26:20 GMT",
        "Request-Context": "appId=cid-v1:512cc15a-13b5-415b-bfd0-dce7accb6bb1",
        "Strict-Transport-Security": "max-age=15724800; includeSubDomains; preload",
        "x-aml-cluster": "vienna-test-westus2-02",
        "X-Content-Type-Options": "nosniff",
        "x-ms-response-type": "standard",
        "x-request-time": "0.042"
      },
      "ResponseBody": null
    },
    {
      "RequestUri": "https://master.api.azureml-test.ms/environment/v1.0/operations/testFeed_env-test-6870434_1_1",
      "RequestMethod": "GET",
      "RequestHeaders": {
        "Accept": "*/*",
        "Accept-Encoding": "gzip, deflate",
        "Connection": "keep-alive",
        "User-Agent": "azsdk-python-mgmt-machinelearningservices/0.1.0 Python/3.10.7 (Windows-10-10.0.22621-SP0)"
      },
      "RequestBody": null,
      "StatusCode": 202,
      "ResponseHeaders": {
        "Connection": "keep-alive",
        "Content-Length": "0",
        "Date": "Wed, 28 Sep 2022 17:26:51 GMT",
        "Request-Context": "appId=cid-v1:512cc15a-13b5-415b-bfd0-dce7accb6bb1",
        "Strict-Transport-Security": "max-age=15724800; includeSubDomains; preload",
        "x-aml-cluster": "vienna-test-westus2-02",
        "X-Content-Type-Options": "nosniff",
        "x-ms-response-type": "standard",
        "x-request-time": "0.020"
      },
      "ResponseBody": null
    },
    {
      "RequestUri": "https://master.api.azureml-test.ms/environment/v1.0/operations/testFeed_env-test-6870434_1_1",
      "RequestMethod": "GET",
      "RequestHeaders": {
        "Accept": "*/*",
        "Accept-Encoding": "gzip, deflate",
        "Connection": "keep-alive",
        "User-Agent": "azsdk-python-mgmt-machinelearningservices/0.1.0 Python/3.10.7 (Windows-10-10.0.22621-SP0)"
      },
      "RequestBody": null,
      "StatusCode": 202,
      "ResponseHeaders": {
        "Connection": "keep-alive",
        "Content-Length": "0",
        "Date": "Wed, 28 Sep 2022 17:27:21 GMT",
        "Request-Context": "appId=cid-v1:512cc15a-13b5-415b-bfd0-dce7accb6bb1",
        "Strict-Transport-Security": "max-age=15724800; includeSubDomains; preload",
        "x-aml-cluster": "vienna-test-westus2-02",
        "X-Content-Type-Options": "nosniff",
        "x-ms-response-type": "standard",
        "x-request-time": "0.028"
      },
      "ResponseBody": null
    },
    {
      "RequestUri": "https://master.api.azureml-test.ms/environment/v1.0/operations/testFeed_env-test-6870434_1_1",
      "RequestMethod": "GET",
      "RequestHeaders": {
        "Accept": "*/*",
        "Accept-Encoding": "gzip, deflate",
        "Connection": "keep-alive",
        "User-Agent": "azsdk-python-mgmt-machinelearningservices/0.1.0 Python/3.10.7 (Windows-10-10.0.22621-SP0)"
      },
      "RequestBody": null,
      "StatusCode": 202,
      "ResponseHeaders": {
        "Connection": "keep-alive",
        "Content-Length": "0",
        "Date": "Wed, 28 Sep 2022 17:27:52 GMT",
        "Request-Context": "appId=cid-v1:512cc15a-13b5-415b-bfd0-dce7accb6bb1",
        "Strict-Transport-Security": "max-age=15724800; includeSubDomains; preload",
        "x-aml-cluster": "vienna-test-westus2-02",
        "X-Content-Type-Options": "nosniff",
        "x-ms-response-type": "standard",
        "x-request-time": "0.017"
      },
      "ResponseBody": null
    },
    {
      "RequestUri": "https://master.api.azureml-test.ms/environment/v1.0/operations/testFeed_env-test-6870434_1_1",
      "RequestMethod": "GET",
      "RequestHeaders": {
        "Accept": "*/*",
        "Accept-Encoding": "gzip, deflate",
        "Connection": "keep-alive",
        "User-Agent": "azsdk-python-mgmt-machinelearningservices/0.1.0 Python/3.10.7 (Windows-10-10.0.22621-SP0)"
      },
      "RequestBody": null,
      "StatusCode": 202,
      "ResponseHeaders": {
        "Connection": "keep-alive",
        "Content-Length": "0",
        "Date": "Wed, 28 Sep 2022 17:28:22 GMT",
        "Request-Context": "appId=cid-v1:512cc15a-13b5-415b-bfd0-dce7accb6bb1",
        "Strict-Transport-Security": "max-age=15724800; includeSubDomains; preload",
        "x-aml-cluster": "vienna-test-westus2-02",
        "X-Content-Type-Options": "nosniff",
        "x-ms-response-type": "standard",
        "x-request-time": "0.074"
      },
      "ResponseBody": null
    },
    {
      "RequestUri": "https://master.api.azureml-test.ms/environment/v1.0/operations/testFeed_env-test-6870434_1_1",
      "RequestMethod": "GET",
      "RequestHeaders": {
        "Accept": "*/*",
        "Accept-Encoding": "gzip, deflate",
        "Connection": "keep-alive",
        "User-Agent": "azsdk-python-mgmt-machinelearningservices/0.1.0 Python/3.10.7 (Windows-10-10.0.22621-SP0)"
      },
      "RequestBody": null,
      "StatusCode": 202,
      "ResponseHeaders": {
        "Connection": "keep-alive",
        "Content-Length": "0",
        "Date": "Wed, 28 Sep 2022 17:28:52 GMT",
        "Request-Context": "appId=cid-v1:512cc15a-13b5-415b-bfd0-dce7accb6bb1",
        "Strict-Transport-Security": "max-age=15724800; includeSubDomains; preload",
        "x-aml-cluster": "vienna-test-westus2-02",
        "X-Content-Type-Options": "nosniff",
        "x-ms-response-type": "standard",
        "x-request-time": "0.020"
      },
      "ResponseBody": null
    },
    {
      "RequestUri": "https://master.api.azureml-test.ms/environment/v1.0/operations/testFeed_env-test-6870434_1_1",
      "RequestMethod": "GET",
      "RequestHeaders": {
        "Accept": "*/*",
        "Accept-Encoding": "gzip, deflate",
        "Connection": "keep-alive",
        "User-Agent": "azsdk-python-mgmt-machinelearningservices/0.1.0 Python/3.10.7 (Windows-10-10.0.22621-SP0)"
      },
      "RequestBody": null,
      "StatusCode": 202,
      "ResponseHeaders": {
        "Connection": "keep-alive",
        "Content-Length": "0",
        "Date": "Wed, 28 Sep 2022 17:29:23 GMT",
        "Request-Context": "appId=cid-v1:512cc15a-13b5-415b-bfd0-dce7accb6bb1",
        "Strict-Transport-Security": "max-age=15724800; includeSubDomains; preload",
        "x-aml-cluster": "vienna-test-westus2-02",
        "X-Content-Type-Options": "nosniff",
        "x-ms-response-type": "standard",
        "x-request-time": "0.021"
      },
      "ResponseBody": null
    },
    {
      "RequestUri": "https://master.api.azureml-test.ms/environment/v1.0/operations/testFeed_env-test-6870434_1_1",
      "RequestMethod": "GET",
      "RequestHeaders": {
        "Accept": "*/*",
        "Accept-Encoding": "gzip, deflate",
        "Connection": "keep-alive",
        "User-Agent": "azsdk-python-mgmt-machinelearningservices/0.1.0 Python/3.10.7 (Windows-10-10.0.22621-SP0)"
      },
      "RequestBody": null,
      "StatusCode": 202,
      "ResponseHeaders": {
        "Connection": "keep-alive",
        "Content-Length": "0",
        "Date": "Wed, 28 Sep 2022 17:29:53 GMT",
        "Request-Context": "appId=cid-v1:512cc15a-13b5-415b-bfd0-dce7accb6bb1",
        "Strict-Transport-Security": "max-age=15724800; includeSubDomains; preload",
        "x-aml-cluster": "vienna-test-westus2-02",
        "X-Content-Type-Options": "nosniff",
        "x-ms-response-type": "standard",
        "x-request-time": "0.021"
      },
      "ResponseBody": null
    },
    {
      "RequestUri": "https://master.api.azureml-test.ms/environment/v1.0/operations/testFeed_env-test-6870434_1_1",
      "RequestMethod": "GET",
      "RequestHeaders": {
        "Accept": "*/*",
        "Accept-Encoding": "gzip, deflate",
        "Connection": "keep-alive",
        "User-Agent": "azsdk-python-mgmt-machinelearningservices/0.1.0 Python/3.10.7 (Windows-10-10.0.22621-SP0)"
      },
      "RequestBody": null,
      "StatusCode": 200,
      "ResponseHeaders": {
        "Connection": "keep-alive",
        "Content-Length": "0",
        "Date": "Wed, 28 Sep 2022 17:30:24 GMT",
        "Request-Context": "appId=cid-v1:512cc15a-13b5-415b-bfd0-dce7accb6bb1",
        "Strict-Transport-Security": "max-age=15724800; includeSubDomains; preload",
        "x-aml-cluster": "vienna-test-westus2-02",
        "X-Content-Type-Options": "nosniff",
        "x-ms-response-type": "standard",
        "x-request-time": "0.022"
      },
      "ResponseBody": null
    },
    {
      "RequestUri": "https://cert-master.experiments.azureml-test.net/mferp/managementfrontend/subscriptions/4f26493f-21d2-4726-92ea-1ddd550b1d27/resourceGroups/test-registries/providers/Microsoft.MachineLearningServices/registries/testFeed/environments/env-test-6870434/versions/1?api-version=2021-10-01-dataplanepreview",
      "RequestMethod": "GET",
      "RequestHeaders": {
        "Accept": "application/json",
        "Accept-Encoding": "gzip, deflate",
        "Connection": "keep-alive",
        "User-Agent": "azsdk-python-mgmt-machinelearningservices/0.1.0 Python/3.10.7 (Windows-10-10.0.22621-SP0)"
      },
      "RequestBody": null,
      "StatusCode": 200,
      "ResponseHeaders": {
        "Connection": "keep-alive",
        "Content-Encoding": "gzip",
        "Content-Type": "application/json; charset=utf-8",
        "Date": "Wed, 28 Sep 2022 17:30:27 GMT",
        "Request-Context": "appId=cid-v1:512cc15a-13b5-415b-bfd0-dce7accb6bb1",
        "Server-Timing": "traceparent;desc=\u002200-145e965ef184df96421190d9206aa021-70bb438812477a06-00\u0022",
        "Strict-Transport-Security": "max-age=15724800; includeSubDomains; preload",
        "Transfer-Encoding": "chunked",
        "Vary": "Accept-Encoding",
        "x-aml-cluster": "vienna-test-westus2-01",
        "X-Content-Type-Options": [
          "nosniff",
          "nosniff"
        ],
        "x-ms-response-type": "standard",
        "x-request-time": "1.926"
      },
      "ResponseBody": {
        "id": "azureml://registries/testFeed/environments/env-test-6870434/versions/1",
        "name": "1",
        "type": "environments",
        "properties": {
          "description": "This is description",
          "tags": {},
          "properties": {},
          "isArchived": false,
          "isAnonymous": false,
          "environmentType": "UserCreated",
          "image": "mcr.microsoft.com/azureml/openmpi3.1.2-ubuntu18.04",
          "condaFile": "{\n  \u0022channels\u0022: [\n    \u0022conda-forge\u0022\n  ],\n  \u0022dependencies\u0022: [\n    \u0022python=3.8\u0022,\n    \u0022pip\u0022,\n    {\n      \u0022pip\u0022: [\n        \u0022nbgitpuller\u0022,\n        \u0022sphinx-gallery\u0022,\n        \u0022pandas\u0022,\n        \u0022matplotlib\u0022\n      ]\n    }\n  ],\n  \u0022name\u0022: \u0022example-environment\u0022\n}",
          "osType": "Linux"
        },
        "systemData": {
          "createdAt": "2022-09-28T17:29:25.0581023\u002B00:00",
          "createdBy": "Banibrata De",
          "createdByType": "User",
          "lastModifiedAt": "2022-09-28T17:29:25.0581023\u002B00:00",
          "lastModifiedBy": "Banibrata De",
          "lastModifiedByType": "User"
        }
      }
    },
    {
      "RequestUri": "https://cert-master.experiments.azureml-test.net/mferp/managementfrontend/subscriptions/4f26493f-21d2-4726-92ea-1ddd550b1d27/resourceGroups/test-registries/providers/Microsoft.MachineLearningServices/registries/testFeed/environments/env-test-6870434/versions/1?api-version=2021-10-01-dataplanepreview",
      "RequestMethod": "GET",
      "RequestHeaders": {
        "Accept": "application/json",
        "Accept-Encoding": "gzip, deflate",
        "Connection": "keep-alive",
        "User-Agent": "azsdk-python-mgmt-machinelearningservices/0.1.0 Python/3.10.7 (Windows-10-10.0.22621-SP0)"
      },
      "RequestBody": null,
      "StatusCode": 200,
      "ResponseHeaders": {
        "Connection": "keep-alive",
        "Content-Encoding": "gzip",
        "Content-Type": "application/json; charset=utf-8",
        "Date": "Wed, 28 Sep 2022 17:30:30 GMT",
        "Request-Context": "appId=cid-v1:512cc15a-13b5-415b-bfd0-dce7accb6bb1",
        "Server-Timing": "traceparent;desc=\u002200-15e52f083897524dcf14ab2fec3f35a1-c08ab9984e29efa5-00\u0022",
        "Strict-Transport-Security": "max-age=15724800; includeSubDomains; preload",
        "Transfer-Encoding": "chunked",
        "Vary": "Accept-Encoding",
        "x-aml-cluster": "vienna-test-westus2-01",
        "X-Content-Type-Options": [
          "nosniff",
          "nosniff"
        ],
        "x-ms-response-type": "standard",
        "x-request-time": "1.959"
      },
      "ResponseBody": {
        "id": "azureml://registries/testFeed/environments/env-test-6870434/versions/1",
        "name": "1",
        "type": "environments",
        "properties": {
          "description": "This is description",
          "tags": {},
          "properties": {},
          "isArchived": false,
          "isAnonymous": false,
          "environmentType": "UserCreated",
          "image": "mcr.microsoft.com/azureml/openmpi3.1.2-ubuntu18.04",
          "condaFile": "{\n  \u0022channels\u0022: [\n    \u0022conda-forge\u0022\n  ],\n  \u0022dependencies\u0022: [\n    \u0022python=3.8\u0022,\n    \u0022pip\u0022,\n    {\n      \u0022pip\u0022: [\n        \u0022nbgitpuller\u0022,\n        \u0022sphinx-gallery\u0022,\n        \u0022pandas\u0022,\n        \u0022matplotlib\u0022\n      ]\n    }\n  ],\n  \u0022name\u0022: \u0022example-environment\u0022\n}",
          "osType": "Linux"
        },
        "systemData": {
          "createdAt": "2022-09-28T17:29:25.0581023\u002B00:00",
          "createdBy": "Banibrata De",
          "createdByType": "User",
          "lastModifiedAt": "2022-09-28T17:29:25.0581023\u002B00:00",
          "lastModifiedBy": "Banibrata De",
          "lastModifiedByType": "User"
        }
      }
    }
  ],
  "Variables": {
    "name": "env-test-6870434"
  }
}
