{
  "Entries": [
    {
      "RequestUri": "https://management.azure.com/subscriptions/00000000-0000-0000-0000-000000000/resourceGroups/00000/providers/Microsoft.MachineLearningServices/workspaces/00000/environments/test_361603949090/versions/foo?api-version=2022-05-01",
      "RequestMethod": "PUT",
      "RequestHeaders": {
        "Accept": "application/json",
        "Accept-Encoding": "gzip, deflate",
        "Connection": "keep-alive",
        "Content-Length": "372",
        "Content-Type": "application/json",
        "User-Agent": "azure-ai-ml/0.0.139 azsdk-python-mgmt-machinelearningservices/0.1.0 Python/3.8.6 (Windows-10-10.0.22000-SP0)"
      },
      "RequestBody": {
        "properties": {
          "description": "Environment with inline conda definition",
          "isAnonymous": false,
          "isArchived": false,
          "condaFile": "channels:\n- conda-forge\ndependencies:\n- python=3.8\n- pip\n- pip:\n  - nbgitpuller\n  - sphinx-gallery\n  - pandas\n  - matplotlib\n  - mlflow\nname: example-environment\n",
          "image": "mcr.microsoft.com/azureml/openmpi3.1.2-ubuntu18.04"
        }
      },
      "StatusCode": 201,
      "ResponseHeaders": {
        "Cache-Control": "no-cache",
        "Content-Length": "1194",
        "Content-Type": "application/json; charset=utf-8",
        "Date": "Fri, 16 Sep 2022 02:45:14 GMT",
        "Expires": "-1",
        "Location": "https://management.azure.com/subscriptions/00000000-0000-0000-0000-000000000/resourceGroups/00000/providers/Microsoft.MachineLearningServices/workspaces/00000/environments/test_361603949090/versions/foo?api-version=2022-05-01",
        "Pragma": "no-cache",
        "Request-Context": "appId=cid-v1:17d65b70-e9ce-4ed5-9347-1f660ec782e9",
        "Server-Timing": "traceparent;desc=\u002200-ebb15e137c9a06e5b8a150e10b0e296a-c7e865a97ecf230f-01\u0022",
        "Strict-Transport-Security": "max-age=31536000; includeSubDomains",
        "x-aml-cluster": "vienna-eastus2euap-01",
        "X-Content-Type-Options": "nosniff",
        "x-ms-correlation-request-id": "efb17c0c-562b-4dfe-a33d-eb6f2e359305",
        "x-ms-ratelimit-remaining-subscription-writes": "1188",
        "x-ms-response-type": "standard",
        "x-ms-routing-request-id": "CANADACENTRAL:20220916T024514Z:efb17c0c-562b-4dfe-a33d-eb6f2e359305",
        "x-request-time": "1.713"
      },
      "ResponseBody": {
        "id": "/subscriptions/00000000-0000-0000-0000-000000000/resourceGroups/00000/providers/Microsoft.MachineLearningServices/workspaces/00000/environments/test_361603949090/versions/foo",
        "name": "foo",
        "type": "Microsoft.MachineLearningServices/workspaces/environments/versions",
        "properties": {
          "description": "Environment with inline conda definition",
          "tags": {},
          "properties": {},
          "isArchived": false,
          "isAnonymous": false,
          "environmentType": "UserCreated",
          "image": "mcr.microsoft.com/azureml/openmpi3.1.2-ubuntu18.04",
          "condaFile": "{\n  \u0022channels\u0022: [\n    \u0022conda-forge\u0022\n  ],\n  \u0022dependencies\u0022: [\n    \u0022python=3.8\u0022,\n    \u0022pip\u0022,\n    {\n      \u0022pip\u0022: [\n        \u0022nbgitpuller\u0022,\n        \u0022sphinx-gallery\u0022,\n        \u0022pandas\u0022,\n        \u0022matplotlib\u0022,\n        \u0022mlflow\u0022\n      ]\n    }\n  ],\n  \u0022name\u0022: \u0022example-environment\u0022\n}",
          "osType": "Linux"
        },
        "systemData": {
          "createdAt": "2022-09-16T02:45:13.2197908\u002B00:00",
          "createdBy": "Neehar Duvvuri",
          "createdByType": "User",
          "lastModifiedAt": "2022-09-16T02:45:13.2197908\u002B00:00",
          "lastModifiedBy": "Neehar Duvvuri",
          "lastModifiedByType": "User"
        }
      }
    },
    {
      "RequestUri": "https://management.azure.com/subscriptions/00000000-0000-0000-0000-000000000/resourceGroups/00000/providers/Microsoft.MachineLearningServices/workspaces/00000/environments/test_361603949090/versions?api-version=2022-05-01\u0026$orderBy=createdtime%20desc\u0026$top=1",
      "RequestMethod": "GET",
      "RequestHeaders": {
        "Accept": "application/json",
        "Accept-Encoding": "gzip, deflate",
        "Connection": "keep-alive",
        "User-Agent": "azure-ai-ml/0.0.139 azsdk-python-mgmt-machinelearningservices/0.1.0 Python/3.8.6 (Windows-10-10.0.22000-SP0)"
      },
      "RequestBody": null,
      "StatusCode": 200,
      "ResponseHeaders": {
        "Cache-Control": "no-cache",
        "Content-Encoding": "gzip",
        "Content-Type": "application/json; charset=utf-8",
        "Date": "Fri, 16 Sep 2022 02:45:16 GMT",
        "Expires": "-1",
        "Pragma": "no-cache",
        "Request-Context": "appId=cid-v1:17d65b70-e9ce-4ed5-9347-1f660ec782e9",
        "Server-Timing": "traceparent;desc=\u002200-dfe1d73d67a976b6cce163ccbd13953b-bdbbe417e592f8f0-01\u0022",
        "Strict-Transport-Security": "max-age=31536000; includeSubDomains",
        "Transfer-Encoding": "chunked",
        "Vary": [
          "Accept-Encoding",
          "Accept-Encoding"
        ],
        "x-aml-cluster": "vienna-eastus2euap-01",
        "X-Content-Type-Options": "nosniff",
        "x-ms-correlation-request-id": "58798220-081e-4b43-98ea-c53a026974f9",
        "x-ms-ratelimit-remaining-subscription-reads": "11988",
        "x-ms-response-type": "standard",
        "x-ms-routing-request-id": "CANADACENTRAL:20220916T024517Z:58798220-081e-4b43-98ea-c53a026974f9",
        "x-request-time": "0.105"
      },
      "ResponseBody": {
        "value": [
          {
            "id": "/subscriptions/00000000-0000-0000-0000-000000000/resourceGroups/00000/providers/Microsoft.MachineLearningServices/workspaces/00000/environments/test_361603949090/versions/foo",
            "name": "foo",
            "type": "Microsoft.MachineLearningServices/workspaces/environments/versions",
            "properties": {
              "description": "Environment with inline conda definition",
              "tags": {},
              "properties": {},
              "isArchived": false,
              "isAnonymous": false,
              "environmentType": "UserCreated",
              "image": "mcr.microsoft.com/azureml/openmpi3.1.2-ubuntu18.04",
              "condaFile": "{\n  \u0022channels\u0022: [\n    \u0022conda-forge\u0022\n  ],\n  \u0022dependencies\u0022: [\n    \u0022python=3.8\u0022,\n    \u0022pip\u0022,\n    {\n      \u0022pip\u0022: [\n        \u0022nbgitpuller\u0022,\n        \u0022sphinx-gallery\u0022,\n        \u0022pandas\u0022,\n        \u0022matplotlib\u0022,\n        \u0022mlflow\u0022\n      ]\n    }\n  ],\n  \u0022name\u0022: \u0022example-environment\u0022\n}",
              "osType": "Linux"
            },
            "systemData": {
              "createdAt": "2022-09-16T02:45:13.2197908\u002B00:00",
              "createdBy": "Neehar Duvvuri",
              "createdByType": "User",
              "lastModifiedAt": "2022-09-16T02:45:13.2197908\u002B00:00",
              "lastModifiedBy": "Neehar Duvvuri",
              "lastModifiedByType": "User"
            }
          }
        ]
      }
    },
    {
      "RequestUri": "https://management.azure.com/subscriptions/00000000-0000-0000-0000-000000000/resourceGroups/00000/providers/Microsoft.MachineLearningServices/workspaces/00000/environments/test_361603949090/versions/bar?api-version=2022-05-01",
      "RequestMethod": "PUT",
      "RequestHeaders": {
        "Accept": "application/json",
        "Accept-Encoding": "gzip, deflate",
        "Connection": "keep-alive",
        "Content-Length": "372",
        "Content-Type": "application/json",
        "User-Agent": "azure-ai-ml/0.0.139 azsdk-python-mgmt-machinelearningservices/0.1.0 Python/3.8.6 (Windows-10-10.0.22000-SP0)"
      },
      "RequestBody": {
        "properties": {
          "description": "Environment with inline conda definition",
          "isAnonymous": false,
          "isArchived": false,
          "condaFile": "channels:\n- conda-forge\ndependencies:\n- python=3.8\n- pip\n- pip:\n  - nbgitpuller\n  - sphinx-gallery\n  - pandas\n  - matplotlib\n  - mlflow\nname: example-environment\n",
          "image": "mcr.microsoft.com/azureml/openmpi3.1.2-ubuntu18.04"
        }
      },
      "StatusCode": 201,
      "ResponseHeaders": {
        "Cache-Control": "no-cache",
        "Content-Length": "1194",
        "Content-Type": "application/json; charset=utf-8",
        "Date": "Fri, 16 Sep 2022 02:45:17 GMT",
        "Expires": "-1",
        "Location": "https://management.azure.com/subscriptions/00000000-0000-0000-0000-000000000/resourceGroups/00000/providers/Microsoft.MachineLearningServices/workspaces/00000/environments/test_361603949090/versions/bar?api-version=2022-05-01",
        "Pragma": "no-cache",
        "Request-Context": "appId=cid-v1:17d65b70-e9ce-4ed5-9347-1f660ec782e9",
        "Server-Timing": "traceparent;desc=\u002200-dc659ab21edf291f3882228ab8f3d5b5-e6265181d4a834d6-01\u0022",
        "Strict-Transport-Security": "max-age=31536000; includeSubDomains",
        "x-aml-cluster": "vienna-eastus2euap-01",
        "X-Content-Type-Options": "nosniff",
        "x-ms-correlation-request-id": "5412d8ca-b2d8-4835-b2a4-e931728eae29",
        "x-ms-ratelimit-remaining-subscription-writes": "1187",
        "x-ms-response-type": "standard",
        "x-ms-routing-request-id": "CANADACENTRAL:20220916T024517Z:5412d8ca-b2d8-4835-b2a4-e931728eae29",
        "x-request-time": "0.439"
      },
      "ResponseBody": {
        "id": "/subscriptions/00000000-0000-0000-0000-000000000/resourceGroups/00000/providers/Microsoft.MachineLearningServices/workspaces/00000/environments/test_361603949090/versions/bar",
        "name": "bar",
        "type": "Microsoft.MachineLearningServices/workspaces/environments/versions",
        "properties": {
          "description": "Environment with inline conda definition",
          "tags": {},
          "properties": {},
          "isArchived": false,
          "isAnonymous": false,
          "environmentType": "UserCreated",
          "image": "mcr.microsoft.com/azureml/openmpi3.1.2-ubuntu18.04",
          "condaFile": "{\n  \u0022channels\u0022: [\n    \u0022conda-forge\u0022\n  ],\n  \u0022dependencies\u0022: [\n    \u0022python=3.8\u0022,\n    \u0022pip\u0022,\n    {\n      \u0022pip\u0022: [\n        \u0022nbgitpuller\u0022,\n        \u0022sphinx-gallery\u0022,\n        \u0022pandas\u0022,\n        \u0022matplotlib\u0022,\n        \u0022mlflow\u0022\n      ]\n    }\n  ],\n  \u0022name\u0022: \u0022example-environment\u0022\n}",
          "osType": "Linux"
        },
        "systemData": {
          "createdAt": "2022-09-16T02:45:17.3698204\u002B00:00",
          "createdBy": "Neehar Duvvuri",
          "createdByType": "User",
          "lastModifiedAt": "2022-09-16T02:45:17.3698204\u002B00:00",
          "lastModifiedBy": "Neehar Duvvuri",
          "lastModifiedByType": "User"
        }
      }
    },
    {
      "RequestUri": "https://management.azure.com/subscriptions/00000000-0000-0000-0000-000000000/resourceGroups/00000/providers/Microsoft.MachineLearningServices/workspaces/00000/environments/test_361603949090/versions?api-version=2022-05-01\u0026$orderBy=createdtime%20desc\u0026$top=1",
      "RequestMethod": "GET",
      "RequestHeaders": {
        "Accept": "application/json",
        "Accept-Encoding": "gzip, deflate",
        "Connection": "keep-alive",
        "User-Agent": "azure-ai-ml/0.0.139 azsdk-python-mgmt-machinelearningservices/0.1.0 Python/3.8.6 (Windows-10-10.0.22000-SP0)"
      },
      "RequestBody": null,
      "StatusCode": 200,
      "ResponseHeaders": {
        "Cache-Control": "no-cache",
        "Content-Encoding": "gzip",
        "Content-Type": "application/json; charset=utf-8",
        "Date": "Fri, 16 Sep 2022 02:45:19 GMT",
        "Expires": "-1",
        "Pragma": "no-cache",
        "Request-Context": "appId=cid-v1:17d65b70-e9ce-4ed5-9347-1f660ec782e9",
        "Server-Timing": "traceparent;desc=\u002200-3d820447588edb26ce568a0723c03e4c-96d446d36eb80f18-01\u0022",
        "Strict-Transport-Security": "max-age=31536000; includeSubDomains",
        "Transfer-Encoding": "chunked",
        "Vary": [
          "Accept-Encoding",
          "Accept-Encoding"
        ],
        "x-aml-cluster": "vienna-eastus2euap-01",
        "X-Content-Type-Options": "nosniff",
        "x-ms-correlation-request-id": "a8ee4170-6554-4c8b-8431-7c02823829a1",
        "x-ms-ratelimit-remaining-subscription-reads": "11987",
        "x-ms-response-type": "standard",
        "x-ms-routing-request-id": "CANADACENTRAL:20220916T024520Z:a8ee4170-6554-4c8b-8431-7c02823829a1",
        "x-request-time": "0.138"
      },
      "ResponseBody": {
        "value": [
          {
            "id": "/subscriptions/00000000-0000-0000-0000-000000000/resourceGroups/00000/providers/Microsoft.MachineLearningServices/workspaces/00000/environments/test_361603949090/versions/bar",
            "name": "bar",
            "type": "Microsoft.MachineLearningServices/workspaces/environments/versions",
            "properties": {
              "description": "Environment with inline conda definition",
              "tags": {},
              "properties": {},
              "isArchived": false,
              "isAnonymous": false,
              "environmentType": "UserCreated",
              "image": "mcr.microsoft.com/azureml/openmpi3.1.2-ubuntu18.04",
              "condaFile": "{\n  \u0022channels\u0022: [\n    \u0022conda-forge\u0022\n  ],\n  \u0022dependencies\u0022: [\n    \u0022python=3.8\u0022,\n    \u0022pip\u0022,\n    {\n      \u0022pip\u0022: [\n        \u0022nbgitpuller\u0022,\n        \u0022sphinx-gallery\u0022,\n        \u0022pandas\u0022,\n        \u0022matplotlib\u0022,\n        \u0022mlflow\u0022\n      ]\n    }\n  ],\n  \u0022name\u0022: \u0022example-environment\u0022\n}",
              "osType": "Linux"
            },
            "systemData": {
              "createdAt": "2022-09-16T02:45:17.3698204\u002B00:00",
              "createdBy": "Neehar Duvvuri",
              "createdByType": "User",
              "lastModifiedAt": "2022-09-16T02:45:17.3698204\u002B00:00",
              "lastModifiedBy": "Neehar Duvvuri",
              "lastModifiedByType": "User"
            }
          }
        ]
      }
    },
    {
      "RequestUri": "https://management.azure.com/subscriptions/00000000-0000-0000-0000-000000000/resourceGroups/00000/providers/Microsoft.MachineLearningServices/workspaces/00000/environments/test_361603949090/versions/baz?api-version=2022-05-01",
      "RequestMethod": "PUT",
      "RequestHeaders": {
        "Accept": "application/json",
        "Accept-Encoding": "gzip, deflate",
        "Connection": "keep-alive",
        "Content-Length": "372",
        "Content-Type": "application/json",
        "User-Agent": "azure-ai-ml/0.0.139 azsdk-python-mgmt-machinelearningservices/0.1.0 Python/3.8.6 (Windows-10-10.0.22000-SP0)"
      },
      "RequestBody": {
        "properties": {
          "description": "Environment with inline conda definition",
          "isAnonymous": false,
          "isArchived": false,
          "condaFile": "channels:\n- conda-forge\ndependencies:\n- python=3.8\n- pip\n- pip:\n  - nbgitpuller\n  - sphinx-gallery\n  - pandas\n  - matplotlib\n  - mlflow\nname: example-environment\n",
          "image": "mcr.microsoft.com/azureml/openmpi3.1.2-ubuntu18.04"
        }
      },
      "StatusCode": 201,
      "ResponseHeaders": {
        "Cache-Control": "no-cache",
        "Content-Length": "1194",
        "Content-Type": "application/json; charset=utf-8",
        "Date": "Fri, 16 Sep 2022 02:45:19 GMT",
        "Expires": "-1",
        "Location": "https://management.azure.com/subscriptions/00000000-0000-0000-0000-000000000/resourceGroups/00000/providers/Microsoft.MachineLearningServices/workspaces/00000/environments/test_361603949090/versions/baz?api-version=2022-05-01",
        "Pragma": "no-cache",
        "Request-Context": "appId=cid-v1:17d65b70-e9ce-4ed5-9347-1f660ec782e9",
        "Server-Timing": "traceparent;desc=\u002200-b819169ab595577756f55cc7d06cb3a2-aabd5d56b0afeb14-01\u0022",
        "Strict-Transport-Security": "max-age=31536000; includeSubDomains",
        "x-aml-cluster": "vienna-eastus2euap-01",
        "X-Content-Type-Options": "nosniff",
        "x-ms-correlation-request-id": "929eeec0-3095-4a1e-9984-7f6e4d9cb760",
        "x-ms-ratelimit-remaining-subscription-writes": "1186",
        "x-ms-response-type": "standard",
        "x-ms-routing-request-id": "CANADACENTRAL:20220916T024520Z:929eeec0-3095-4a1e-9984-7f6e4d9cb760",
        "x-request-time": "0.309"
      },
      "ResponseBody": {
        "id": "/subscriptions/00000000-0000-0000-0000-000000000/resourceGroups/00000/providers/Microsoft.MachineLearningServices/workspaces/00000/environments/test_361603949090/versions/baz",
        "name": "baz",
        "type": "Microsoft.MachineLearningServices/workspaces/environments/versions",
        "properties": {
          "description": "Environment with inline conda definition",
          "tags": {},
          "properties": {},
          "isArchived": false,
          "isAnonymous": false,
          "environmentType": "UserCreated",
          "image": "mcr.microsoft.com/azureml/openmpi3.1.2-ubuntu18.04",
          "condaFile": "{\n  \u0022channels\u0022: [\n    \u0022conda-forge\u0022\n  ],\n  \u0022dependencies\u0022: [\n    \u0022python=3.8\u0022,\n    \u0022pip\u0022,\n    {\n      \u0022pip\u0022: [\n        \u0022nbgitpuller\u0022,\n        \u0022sphinx-gallery\u0022,\n        \u0022pandas\u0022,\n        \u0022matplotlib\u0022,\n        \u0022mlflow\u0022\n      ]\n    }\n  ],\n  \u0022name\u0022: \u0022example-environment\u0022\n}",
          "osType": "Linux"
        },
        "systemData": {
          "createdAt": "2022-09-16T02:45:20.3007866\u002B00:00",
          "createdBy": "Neehar Duvvuri",
          "createdByType": "User",
          "lastModifiedAt": "2022-09-16T02:45:20.3007866\u002B00:00",
          "lastModifiedBy": "Neehar Duvvuri",
          "lastModifiedByType": "User"
        }
      }
    },
    {
      "RequestUri": "https://management.azure.com/subscriptions/00000000-0000-0000-0000-000000000/resourceGroups/00000/providers/Microsoft.MachineLearningServices/workspaces/00000/environments/test_361603949090/versions?api-version=2022-05-01\u0026$orderBy=createdtime%20desc\u0026$top=1",
      "RequestMethod": "GET",
      "RequestHeaders": {
        "Accept": "application/json",
        "Accept-Encoding": "gzip, deflate",
        "Connection": "keep-alive",
        "User-Agent": "azure-ai-ml/0.0.139 azsdk-python-mgmt-machinelearningservices/0.1.0 Python/3.8.6 (Windows-10-10.0.22000-SP0)"
      },
      "RequestBody": null,
      "StatusCode": 200,
      "ResponseHeaders": {
        "Cache-Control": "no-cache",
        "Content-Encoding": "gzip",
        "Content-Type": "application/json; charset=utf-8",
        "Date": "Fri, 16 Sep 2022 02:45:24 GMT",
        "Expires": "-1",
        "Pragma": "no-cache",
        "Request-Context": "appId=cid-v1:17d65b70-e9ce-4ed5-9347-1f660ec782e9",
        "Server-Timing": "traceparent;desc=\u002200-9279b8fd7e1366ed049df4f1504f7ed3-62f281500a81232b-01\u0022",
        "Strict-Transport-Security": "max-age=31536000; includeSubDomains",
        "Transfer-Encoding": "chunked",
        "Vary": [
          "Accept-Encoding",
          "Accept-Encoding"
        ],
        "x-aml-cluster": "vienna-eastus2euap-01",
        "X-Content-Type-Options": "nosniff",
        "x-ms-correlation-request-id": "982f2434-7d1b-43f8-86b8-fc582053ccfb",
        "x-ms-ratelimit-remaining-subscription-reads": "11986",
        "x-ms-response-type": "standard",
        "x-ms-routing-request-id": "CANADACENTRAL:20220916T024524Z:982f2434-7d1b-43f8-86b8-fc582053ccfb",
        "x-request-time": "0.122"
      },
      "ResponseBody": {
        "value": [
          {
            "id": "/subscriptions/00000000-0000-0000-0000-000000000/resourceGroups/00000/providers/Microsoft.MachineLearningServices/workspaces/00000/environments/test_361603949090/versions/baz",
            "name": "baz",
            "type": "Microsoft.MachineLearningServices/workspaces/environments/versions",
            "properties": {
              "description": "Environment with inline conda definition",
              "tags": {},
              "properties": {},
              "isArchived": false,
              "isAnonymous": false,
              "environmentType": "UserCreated",
              "image": "mcr.microsoft.com/azureml/openmpi3.1.2-ubuntu18.04",
              "condaFile": "{\n  \u0022channels\u0022: [\n    \u0022conda-forge\u0022\n  ],\n  \u0022dependencies\u0022: [\n    \u0022python=3.8\u0022,\n    \u0022pip\u0022,\n    {\n      \u0022pip\u0022: [\n        \u0022nbgitpuller\u0022,\n        \u0022sphinx-gallery\u0022,\n        \u0022pandas\u0022,\n        \u0022matplotlib\u0022,\n        \u0022mlflow\u0022\n      ]\n    }\n  ],\n  \u0022name\u0022: \u0022example-environment\u0022\n}",
              "osType": "Linux"
            },
            "systemData": {
              "createdAt": "2022-09-16T02:45:20.3007866\u002B00:00",
              "createdBy": "Neehar Duvvuri",
              "createdByType": "User",
              "lastModifiedAt": "2022-09-16T02:45:20.3007866\u002B00:00",
              "lastModifiedBy": "Neehar Duvvuri",
              "lastModifiedByType": "User"
            }
          }
        ]
      }
    },
    {
      "RequestUri": "https://management.azure.com/subscriptions/00000000-0000-0000-0000-000000000/resourceGroups/00000/providers/Microsoft.MachineLearningServices/workspaces/00000/environments/test_361603949090/versions/foobar?api-version=2022-05-01",
      "RequestMethod": "PUT",
      "RequestHeaders": {
        "Accept": "application/json",
        "Accept-Encoding": "gzip, deflate",
        "Connection": "keep-alive",
        "Content-Length": "372",
        "Content-Type": "application/json",
        "User-Agent": "azure-ai-ml/0.0.139 azsdk-python-mgmt-machinelearningservices/0.1.0 Python/3.8.6 (Windows-10-10.0.22000-SP0)"
      },
      "RequestBody": {
        "properties": {
          "description": "Environment with inline conda definition",
          "isAnonymous": false,
          "isArchived": false,
          "condaFile": "channels:\n- conda-forge\ndependencies:\n- python=3.8\n- pip\n- pip:\n  - nbgitpuller\n  - sphinx-gallery\n  - pandas\n  - matplotlib\n  - mlflow\nname: example-environment\n",
          "image": "mcr.microsoft.com/azureml/openmpi3.1.2-ubuntu18.04"
        }
      },
      "StatusCode": 201,
      "ResponseHeaders": {
        "Cache-Control": "no-cache",
        "Content-Length": "1200",
        "Content-Type": "application/json; charset=utf-8",
        "Date": "Fri, 16 Sep 2022 02:45:25 GMT",
        "Expires": "-1",
        "Location": "https://management.azure.com/subscriptions/00000000-0000-0000-0000-000000000/resourceGroups/00000/providers/Microsoft.MachineLearningServices/workspaces/00000/environments/test_361603949090/versions/foobar?api-version=2022-05-01",
        "Pragma": "no-cache",
        "Request-Context": "appId=cid-v1:17d65b70-e9ce-4ed5-9347-1f660ec782e9",
        "Server-Timing": "traceparent;desc=\u002200-64df8f82eb7ddc495d69e77ea787587a-3b4d112cfa2b6a34-01\u0022",
        "Strict-Transport-Security": "max-age=31536000; includeSubDomains",
        "x-aml-cluster": "vienna-eastus2euap-01",
        "X-Content-Type-Options": "nosniff",
        "x-ms-correlation-request-id": "97ec92dd-2c7c-455b-826d-36fd0fea5b12",
        "x-ms-ratelimit-remaining-subscription-writes": "1185",
        "x-ms-response-type": "standard",
        "x-ms-routing-request-id": "CANADACENTRAL:20220916T024525Z:97ec92dd-2c7c-455b-826d-36fd0fea5b12",
        "x-request-time": "0.285"
      },
      "ResponseBody": {
        "id": "/subscriptions/00000000-0000-0000-0000-000000000/resourceGroups/00000/providers/Microsoft.MachineLearningServices/workspaces/00000/environments/test_361603949090/versions/foobar",
        "name": "foobar",
        "type": "Microsoft.MachineLearningServices/workspaces/environments/versions",
        "properties": {
          "description": "Environment with inline conda definition",
          "tags": {},
          "properties": {},
          "isArchived": false,
          "isAnonymous": false,
          "environmentType": "UserCreated",
          "image": "mcr.microsoft.com/azureml/openmpi3.1.2-ubuntu18.04",
          "condaFile": "{\n  \u0022channels\u0022: [\n    \u0022conda-forge\u0022\n  ],\n  \u0022dependencies\u0022: [\n    \u0022python=3.8\u0022,\n    \u0022pip\u0022,\n    {\n      \u0022pip\u0022: [\n        \u0022nbgitpuller\u0022,\n        \u0022sphinx-gallery\u0022,\n        \u0022pandas\u0022,\n        \u0022matplotlib\u0022,\n        \u0022mlflow\u0022\n      ]\n    }\n  ],\n  \u0022name\u0022: \u0022example-environment\u0022\n}",
          "osType": "Linux"
        },
        "systemData": {
          "createdAt": "2022-09-16T02:45:25.5260824\u002B00:00",
          "createdBy": "Neehar Duvvuri",
          "createdByType": "User",
          "lastModifiedAt": "2022-09-16T02:45:25.5260824\u002B00:00",
          "lastModifiedBy": "Neehar Duvvuri",
          "lastModifiedByType": "User"
        }
      }
    },
    {
      "RequestUri": "https://management.azure.com/subscriptions/00000000-0000-0000-0000-000000000/resourceGroups/00000/providers/Microsoft.MachineLearningServices/workspaces/00000/environments/test_361603949090/versions?api-version=2022-05-01\u0026$orderBy=createdtime%20desc\u0026$top=1",
      "RequestMethod": "GET",
      "RequestHeaders": {
        "Accept": "application/json",
        "Accept-Encoding": "gzip, deflate",
        "Connection": "keep-alive",
        "User-Agent": "azure-ai-ml/0.0.139 azsdk-python-mgmt-machinelearningservices/0.1.0 Python/3.8.6 (Windows-10-10.0.22000-SP0)"
      },
      "RequestBody": null,
      "StatusCode": 200,
      "ResponseHeaders": {
        "Cache-Control": "no-cache",
        "Content-Encoding": "gzip",
        "Content-Type": "application/json; charset=utf-8",
        "Date": "Fri, 16 Sep 2022 02:45:27 GMT",
        "Expires": "-1",
        "Pragma": "no-cache",
        "Request-Context": "appId=cid-v1:17d65b70-e9ce-4ed5-9347-1f660ec782e9",
        "Server-Timing": "traceparent;desc=\u002200-5d70bc449a631773bd1cd9e610c95999-15d0e826bd491445-01\u0022",
        "Strict-Transport-Security": "max-age=31536000; includeSubDomains",
        "Transfer-Encoding": "chunked",
        "Vary": [
          "Accept-Encoding",
          "Accept-Encoding"
        ],
        "x-aml-cluster": "vienna-eastus2euap-01",
        "X-Content-Type-Options": "nosniff",
        "x-ms-correlation-request-id": "5aa29746-2f87-44aa-b269-163978f05f6e",
        "x-ms-ratelimit-remaining-subscription-reads": "11985",
        "x-ms-response-type": "standard",
        "x-ms-routing-request-id": "CANADACENTRAL:20220916T024528Z:5aa29746-2f87-44aa-b269-163978f05f6e",
        "x-request-time": "0.140"
      },
      "ResponseBody": {
        "value": [
          {
            "id": "/subscriptions/00000000-0000-0000-0000-000000000/resourceGroups/00000/providers/Microsoft.MachineLearningServices/workspaces/00000/environments/test_361603949090/versions/foobar",
            "name": "foobar",
            "type": "Microsoft.MachineLearningServices/workspaces/environments/versions",
            "properties": {
              "description": "Environment with inline conda definition",
              "tags": {},
              "properties": {},
              "isArchived": false,
              "isAnonymous": false,
              "environmentType": "UserCreated",
              "image": "mcr.microsoft.com/azureml/openmpi3.1.2-ubuntu18.04",
              "condaFile": "{\n  \u0022channels\u0022: [\n    \u0022conda-forge\u0022\n  ],\n  \u0022dependencies\u0022: [\n    \u0022python=3.8\u0022,\n    \u0022pip\u0022,\n    {\n      \u0022pip\u0022: [\n        \u0022nbgitpuller\u0022,\n        \u0022sphinx-gallery\u0022,\n        \u0022pandas\u0022,\n        \u0022matplotlib\u0022,\n        \u0022mlflow\u0022\n      ]\n    }\n  ],\n  \u0022name\u0022: \u0022example-environment\u0022\n}",
              "osType": "Linux"
            },
            "systemData": {
              "createdAt": "2022-09-16T02:45:25.5260824\u002B00:00",
              "createdBy": "Neehar Duvvuri",
              "createdByType": "User",
              "lastModifiedAt": "2022-09-16T02:45:25.5260824\u002B00:00",
              "lastModifiedBy": "Neehar Duvvuri",
              "lastModifiedByType": "User"
            }
          }
        ]
      }
    }
  ],
  "Variables": {
    "name": "test_361603949090"
  }
}
