interactions:
- request:
    body: '{"location": "westus", "properties": {"addressSpace": {"addressPrefixes":
      ["10.0.0.0/8"]}}}'
    headers:
      Accept:
      - application/json
      Accept-Encoding:
      - gzip, deflate
      Connection:
      - keep-alive
      Content-Length:
      - '91'
      Content-Type:
      - application/json; charset=utf-8
      User-Agent:
      - python/3.8.2 (Linux-4.19.104-microsoft-standard-x86_64-with-glibc2.29) msrest/0.6.16
        msrest_azure/0.6.3 azure-mgmt-network/10.2.0 Azure-SDK-For-Python
      accept-language:
      - en-US
    method: PUT
    uri: https://management.azure.com/subscriptions/00000000-0000-0000-0000-000000000000/resourceGroups/test_mgmt_containerservice_test_container665810f8/providers/Microsoft.Network/virtualNetworks/vnet?api-version=2020-04-01
  response:
    body:
      string: "{\r\n  \"name\": \"vnet\",\r\n  \"id\": \"/subscriptions/00000000-0000-0000-0000-000000000000/resourceGroups/test_mgmt_containerservice_test_container665810f8/providers/Microsoft.Network/virtualNetworks/vnet\"\
        ,\r\n  \"etag\": \"W/\\\"61eb7d17-7e83-44df-898b-2818d513d8f5\\\"\",\r\n \
        \ \"type\": \"Microsoft.Network/virtualNetworks\",\r\n  \"location\": \"westus\"\
        ,\r\n  \"properties\": {\r\n    \"provisioningState\": \"Updating\",\r\n \
        \   \"resourceGuid\": \"c0fbb365-f851-474f-921c-60fa8a9daa12\",\r\n    \"\
        addressSpace\": {\r\n      \"addressPrefixes\": [\r\n        \"10.0.0.0/8\"\
        \r\n      ]\r\n    },\r\n    \"subnets\": [],\r\n    \"virtualNetworkPeerings\"\
        : [],\r\n    \"enableDdosProtection\": false,\r\n    \"enableVmProtection\"\
        : false\r\n  }\r\n}"
    headers:
      azure-asyncnotification:
      - Enabled
      azure-asyncoperation:
      - https://management.azure.com/subscriptions/00000000-0000-0000-0000-000000000000/providers/Microsoft.Network/locations/westus/operations/46e72418-3fea-4c6c-b1c1-cdfff87eee90?api-version=2020-04-01
      cache-control:
      - no-cache
      content-length:
      - '668'
      content-type:
      - application/json; charset=utf-8
      date:
      - Wed, 24 Jun 2020 04:58:44 GMT
      expires:
      - '-1'
      pragma:
      - no-cache
      server:
      - Microsoft-HTTPAPI/2.0
      - Microsoft-HTTPAPI/2.0
      strict-transport-security:
      - max-age=31536000; includeSubDomains
      x-content-type-options:
      - nosniff
      x-ms-arm-service-request-id:
      - cc5ea910-e0a0-42ba-9b5a-cb82851d69d4
      x-ms-ratelimit-remaining-subscription-writes:
      - '1199'
    status:
      code: 201
      message: Created
- request:
    body: null
    headers:
      Accept:
      - application/json
      Accept-Encoding:
      - gzip, deflate
      Connection:
      - keep-alive
      User-Agent:
      - python/3.8.2 (Linux-4.19.104-microsoft-standard-x86_64-with-glibc2.29) msrest/0.6.16
        msrest_azure/0.6.3 azure-mgmt-network/10.2.0 Azure-SDK-For-Python
    method: GET
    uri: https://management.azure.com/subscriptions/00000000-0000-0000-0000-000000000000/providers/Microsoft.Network/locations/westus/operations/46e72418-3fea-4c6c-b1c1-cdfff87eee90?api-version=2020-04-01
  response:
    body:
      string: "{\r\n  \"status\": \"InProgress\"\r\n}"
    headers:
      cache-control:
      - no-cache
      content-length:
      - '30'
      content-type:
      - application/json; charset=utf-8
      date:
      - Wed, 24 Jun 2020 04:58:48 GMT
      expires:
      - '-1'
      pragma:
      - no-cache
      server:
      - Microsoft-HTTPAPI/2.0
      - Microsoft-HTTPAPI/2.0
      strict-transport-security:
      - max-age=31536000; includeSubDomains
      transfer-encoding:
      - chunked
      vary:
      - Accept-Encoding
      x-content-type-options:
      - nosniff
      x-ms-arm-service-request-id:
      - 323befb8-a07c-4379-816d-265671102ab6
    status:
      code: 200
      message: OK
- request:
    body: null
    headers:
      Accept:
      - application/json
      Accept-Encoding:
      - gzip, deflate
      Connection:
      - keep-alive
      User-Agent:
      - python/3.8.2 (Linux-4.19.104-microsoft-standard-x86_64-with-glibc2.29) msrest/0.6.16
        msrest_azure/0.6.3 azure-mgmt-network/10.2.0 Azure-SDK-For-Python
    method: GET
    uri: https://management.azure.com/subscriptions/00000000-0000-0000-0000-000000000000/providers/Microsoft.Network/locations/westus/operations/46e72418-3fea-4c6c-b1c1-cdfff87eee90?api-version=2020-04-01
  response:
    body:
      string: "{\r\n  \"status\": \"Succeeded\"\r\n}"
    headers:
      cache-control:
      - no-cache
      content-length:
      - '29'
      content-type:
      - application/json; charset=utf-8
      date:
      - Wed, 24 Jun 2020 04:58:59 GMT
      expires:
      - '-1'
      pragma:
      - no-cache
      server:
      - Microsoft-HTTPAPI/2.0
      - Microsoft-HTTPAPI/2.0
      strict-transport-security:
      - max-age=31536000; includeSubDomains
      transfer-encoding:
      - chunked
      vary:
      - Accept-Encoding
      x-content-type-options:
      - nosniff
      x-ms-arm-service-request-id:
      - d70f0d35-a302-48d9-8bf1-f0a4e536b91c
    status:
      code: 200
      message: OK
- request:
    body: null
    headers:
      Accept:
      - application/json
      Accept-Encoding:
      - gzip, deflate
      Connection:
      - keep-alive
      User-Agent:
      - python/3.8.2 (Linux-4.19.104-microsoft-standard-x86_64-with-glibc2.29) msrest/0.6.16
        msrest_azure/0.6.3 azure-mgmt-network/10.2.0 Azure-SDK-For-Python
    method: GET
    uri: https://management.azure.com/subscriptions/00000000-0000-0000-0000-000000000000/resourceGroups/test_mgmt_containerservice_test_container665810f8/providers/Microsoft.Network/virtualNetworks/vnet?api-version=2020-04-01
  response:
    body:
      string: "{\r\n  \"name\": \"vnet\",\r\n  \"id\": \"/subscriptions/00000000-0000-0000-0000-000000000000/resourceGroups/test_mgmt_containerservice_test_container665810f8/providers/Microsoft.Network/virtualNetworks/vnet\"\
        ,\r\n  \"etag\": \"W/\\\"7f31afef-7006-4a4c-a5b5-c426757dec42\\\"\",\r\n \
        \ \"type\": \"Microsoft.Network/virtualNetworks\",\r\n  \"location\": \"westus\"\
        ,\r\n  \"properties\": {\r\n    \"provisioningState\": \"Succeeded\",\r\n\
        \    \"resourceGuid\": \"c0fbb365-f851-474f-921c-60fa8a9daa12\",\r\n    \"\
        addressSpace\": {\r\n      \"addressPrefixes\": [\r\n        \"10.0.0.0/8\"\
        \r\n      ]\r\n    },\r\n    \"subnets\": [],\r\n    \"virtualNetworkPeerings\"\
        : [],\r\n    \"enableDdosProtection\": false,\r\n    \"enableVmProtection\"\
        : false\r\n  }\r\n}"
    headers:
      cache-control:
      - no-cache
      content-length:
      - '669'
      content-type:
      - application/json; charset=utf-8
      date:
      - Wed, 24 Jun 2020 04:58:59 GMT
      etag:
      - W/"7f31afef-7006-4a4c-a5b5-c426757dec42"
      expires:
      - '-1'
      pragma:
      - no-cache
      server:
      - Microsoft-HTTPAPI/2.0
      - Microsoft-HTTPAPI/2.0
      strict-transport-security:
      - max-age=31536000; includeSubDomains
      transfer-encoding:
      - chunked
      vary:
      - Accept-Encoding
      x-content-type-options:
      - nosniff
      x-ms-arm-service-request-id:
      - c0464c73-bf23-4e81-913e-28b938fee622
    status:
      code: 200
      message: OK
- request:
    body: '{"properties": {"addressPrefix": "10.0.0.0/8"}}'
    headers:
      Accept:
      - application/json
      Accept-Encoding:
      - gzip, deflate
      Connection:
      - keep-alive
      Content-Length:
      - '47'
      Content-Type:
      - application/json; charset=utf-8
      User-Agent:
      - python/3.8.2 (Linux-4.19.104-microsoft-standard-x86_64-with-glibc2.29) msrest/0.6.16
        msrest_azure/0.6.3 azure-mgmt-network/10.2.0 Azure-SDK-For-Python
      accept-language:
      - en-US
    method: PUT
    uri: https://management.azure.com/subscriptions/00000000-0000-0000-0000-000000000000/resourceGroups/test_mgmt_containerservice_test_container665810f8/providers/Microsoft.Network/virtualNetworks/vnet/subnets/v-subnet?api-version=2020-04-01
  response:
    body:
      string: "{\r\n  \"name\": \"v-subnet\",\r\n  \"id\": \"/subscriptions/00000000-0000-0000-0000-000000000000/resourceGroups/test_mgmt_containerservice_test_container665810f8/providers/Microsoft.Network/virtualNetworks/vnet/subnets/v-subnet\"\
        ,\r\n  \"etag\": \"W/\\\"4a4fd6ac-fe47-47d1-b272-3b31df836c04\\\"\",\r\n \
        \ \"properties\": {\r\n    \"provisioningState\": \"Updating\",\r\n    \"\
        addressPrefix\": \"10.0.0.0/8\",\r\n    \"delegations\": [],\r\n    \"privateEndpointNetworkPolicies\"\
        : \"Enabled\",\r\n    \"privateLinkServiceNetworkPolicies\": \"Enabled\"\r\
        \n  },\r\n  \"type\": \"Microsoft.Network/virtualNetworks/subnets\"\r\n}"
    headers:
      azure-asyncoperation:
      - https://management.azure.com/subscriptions/00000000-0000-0000-0000-000000000000/providers/Microsoft.Network/locations/westus/operations/545e2a9c-e5d7-45a6-b871-f56e7ad0d041?api-version=2020-04-01
      cache-control:
      - no-cache
      content-length:
      - '559'
      content-type:
      - application/json; charset=utf-8
      date:
      - Wed, 24 Jun 2020 04:58:59 GMT
      expires:
      - '-1'
      pragma:
      - no-cache
      server:
      - Microsoft-HTTPAPI/2.0
      - Microsoft-HTTPAPI/2.0
      strict-transport-security:
      - max-age=31536000; includeSubDomains
      x-content-type-options:
      - nosniff
      x-ms-arm-service-request-id:
      - b4ffa816-c922-48a2-83bf-e7ac8543b2d9
      x-ms-ratelimit-remaining-subscription-writes:
      - '1198'
    status:
      code: 201
      message: Created
- request:
    body: null
    headers:
      Accept:
      - application/json
      Accept-Encoding:
      - gzip, deflate
      Connection:
      - keep-alive
      User-Agent:
      - python/3.8.2 (Linux-4.19.104-microsoft-standard-x86_64-with-glibc2.29) msrest/0.6.16
        msrest_azure/0.6.3 azure-mgmt-network/10.2.0 Azure-SDK-For-Python
    method: GET
    uri: https://management.azure.com/subscriptions/00000000-0000-0000-0000-000000000000/providers/Microsoft.Network/locations/westus/operations/545e2a9c-e5d7-45a6-b871-f56e7ad0d041?api-version=2020-04-01
  response:
    body:
      string: "{\r\n  \"status\": \"Succeeded\"\r\n}"
    headers:
      cache-control:
      - no-cache
      content-length:
      - '29'
      content-type:
      - application/json; charset=utf-8
      date:
      - Wed, 24 Jun 2020 04:59:04 GMT
      expires:
      - '-1'
      pragma:
      - no-cache
      server:
      - Microsoft-HTTPAPI/2.0
      - Microsoft-HTTPAPI/2.0
      strict-transport-security:
      - max-age=31536000; includeSubDomains
      transfer-encoding:
      - chunked
      vary:
      - Accept-Encoding
      x-content-type-options:
      - nosniff
      x-ms-arm-service-request-id:
      - 41818612-d90a-412c-bc47-3f8a6da1cddd
    status:
      code: 200
      message: OK
- request:
    body: null
    headers:
      Accept:
      - application/json
      Accept-Encoding:
      - gzip, deflate
      Connection:
      - keep-alive
      User-Agent:
      - python/3.8.2 (Linux-4.19.104-microsoft-standard-x86_64-with-glibc2.29) msrest/0.6.16
        msrest_azure/0.6.3 azure-mgmt-network/10.2.0 Azure-SDK-For-Python
    method: GET
    uri: https://management.azure.com/subscriptions/00000000-0000-0000-0000-000000000000/resourceGroups/test_mgmt_containerservice_test_container665810f8/providers/Microsoft.Network/virtualNetworks/vnet/subnets/v-subnet?api-version=2020-04-01
  response:
    body:
      string: "{\r\n  \"name\": \"v-subnet\",\r\n  \"id\": \"/subscriptions/00000000-0000-0000-0000-000000000000/resourceGroups/test_mgmt_containerservice_test_container665810f8/providers/Microsoft.Network/virtualNetworks/vnet/subnets/v-subnet\"\
        ,\r\n  \"etag\": \"W/\\\"11c2d8f5-da63-47ad-af99-5464447e8940\\\"\",\r\n \
        \ \"properties\": {\r\n    \"provisioningState\": \"Succeeded\",\r\n    \"\
        addressPrefix\": \"10.0.0.0/8\",\r\n    \"delegations\": [],\r\n    \"privateEndpointNetworkPolicies\"\
        : \"Enabled\",\r\n    \"privateLinkServiceNetworkPolicies\": \"Enabled\"\r\
        \n  },\r\n  \"type\": \"Microsoft.Network/virtualNetworks/subnets\"\r\n}"
    headers:
      cache-control:
      - no-cache
      content-length:
      - '560'
      content-type:
      - application/json; charset=utf-8
      date:
      - Wed, 24 Jun 2020 04:59:04 GMT
      etag:
      - W/"11c2d8f5-da63-47ad-af99-5464447e8940"
      expires:
      - '-1'
      pragma:
      - no-cache
      server:
      - Microsoft-HTTPAPI/2.0
      - Microsoft-HTTPAPI/2.0
      strict-transport-security:
      - max-age=31536000; includeSubDomains
      transfer-encoding:
      - chunked
      vary:
      - Accept-Encoding
      x-content-type-options:
      - nosniff
      x-ms-arm-service-request-id:
      - f981a15b-47d9-4f06-92d5-bedf8c385ffb
    status:
      code: 200
      message: OK
- request:
    body: 'b''b\''{"location": "westus", "properties": {"orchestratorProfile": {"orchestratorType":
      "Swarm"}, "masterProfile": {"count": 1, "dnsPrefix": "MasterPrefixTest", "vmSize":
      "Standard_D2_v2", "vnetSubnetID": "/subscriptions/00000000-0000-0000-0000-000000000000/resourceGroups/test_mgmt_containerservice_test_container665810f8/providers/Microsoft.Network/virtualNetworks/vnet/subnets/v-subnet"},
      "agentPoolProfiles": [{"name": "agentpool0", "count": 3, "vmSize": "Standard_A2_v2",
      "vnetSubnetID": "/subscriptions/00000000-0000-0000-0000-000000000000/resourceGroups/test_mgmt_containerservice_test_container665810f8/providers/Microsoft.Network/virtualNetworks/vnet/subnets/v-subnet"}],
      "linuxProfile": {"adminUsername": "acslinuxadmin", "ssh": {"publicKeys": [{"keyData":
      "ssh-rsa AAAAB3NzaC1yc2EAAAABJQAAAQEAlj9UC6+57XWVu0fd6zqXa256EU9EZdoLGE3TqdZqu9fvUvLQOX2G0d5DmFhDCyTmWLQUx3/ONQ9RotYmHGymBIPQcpx43nnxsuihAILcpGZ5NjCj4IOYnmhdULxN4ti7k00S+udqokrRYpmwt0N4NA4VT9cN+7uJDL8Opqa1FYu0CT/RqSW+3aoQ0nfGj11axoxM37FuOMZ/c7mBSxvuI9NsDmcDQOUmPXjlgNlxrLzf6VcjxnJh4AO83zbyLok37mW/C7CuNK4WowjPO1Ix2kqRHRxBrzxYZ9xqZPc8GpFTw/dxJEYdJ3xlitbOoBoDgrL5gSITv6ESlNqjPk6kHQ==
      azureuser@linuxvm"}]}}}}\'''''
    headers:
      Accept:
      - application/json
      Accept-Encoding:
      - gzip, deflate
      Connection:
      - keep-alive
      Content-Length:
      - '1167'
      Content-Type:
      - application/json; charset=utf-8
      User-Agent:
      - python/3.8.2 (Linux-4.19.104-microsoft-standard-x86_64-with-glibc2.29) msrest/0.6.16
        msrest_azure/0.6.3 azure-mgmt-containerservice/9.2.0 Azure-SDK-For-Python
      accept-language:
      - en-US
    method: PUT
    uri: https://management.azure.com/subscriptions/00000000-0000-0000-0000-000000000000/resourceGroups/test_mgmt_containerservice_test_container665810f8/providers/Microsoft.ContainerService/containerServices/pycontainer665810f8?api-version=2017-07-01
  response:
    body:
      string: "{\n  \"id\": \"/subscriptions/00000000-0000-0000-0000-000000000000/resourcegroups/test_mgmt_containerservice_test_container665810f8/providers/Microsoft.ContainerService/containerServices/pycontainer665810f8\"\
        ,\n  \"location\": \"westus\",\n  \"name\": \"pycontainer665810f8\",\n  \"\
        type\": \"Microsoft.ContainerService/ContainerServices\",\n  \"properties\"\
        : {\n   \"provisioningState\": \"Creating\",\n   \"orchestratorProfile\":\
        \ {\n    \"orchestratorType\": \"Swarm\"\n   },\n   \"masterProfile\": {\n\
        \    \"count\": 1,\n    \"dnsPrefix\": \"MasterPrefixTest\",\n    \"vmSize\"\
        : \"Standard_D2_v2\",\n    \"vnetSubnetID\": \"/subscriptions/00000000-0000-0000-0000-000000000000/resourceGroups/test_mgmt_containerservice_test_container665810f8/providers/Microsoft.Network/virtualNetworks/vnet/subnets/v-subnet\"\
        ,\n    \"firstConsecutiveStaticIP\": \"10.240.255.5\",\n    \"storageProfile\"\
        : \"ManagedDisks\"\n   },\n   \"agentPoolProfiles\": [\n    {\n     \"name\"\
        : \"agentpool0\",\n     \"count\": 3,\n     \"vmSize\": \"Standard_A2_v2\"\
        ,\n     \"dnsPrefix\": \"\",\n     \"fqdn\": \"\",\n     \"storageProfile\"\
        : \"ManagedDisks\",\n     \"vnetSubnetID\": \"/subscriptions/00000000-0000-0000-0000-000000000000/resourceGroups/test_mgmt_containerservice_test_container665810f8/providers/Microsoft.Network/virtualNetworks/vnet/subnets/v-subnet\"\
        ,\n     \"osType\": \"Linux\"\n    }\n   ],\n   \"linuxProfile\": {\n    \"\
        adminUsername\": \"acslinuxadmin\",\n    \"ssh\": {\n     \"publicKeys\":\
        \ [\n      {\n       \"keyData\": \"ssh-rsa AAAAB3NzaC1yc2EAAAABJQAAAQEAlj9UC6+57XWVu0fd6zqXa256EU9EZdoLGE3TqdZqu9fvUvLQOX2G0d5DmFhDCyTmWLQUx3/ONQ9RotYmHGymBIPQcpx43nnxsuihAILcpGZ5NjCj4IOYnmhdULxN4ti7k00S+udqokrRYpmwt0N4NA4VT9cN+7uJDL8Opqa1FYu0CT/RqSW+3aoQ0nfGj11axoxM37FuOMZ/c7mBSxvuI9NsDmcDQOUmPXjlgNlxrLzf6VcjxnJh4AO83zbyLok37mW/C7CuNK4WowjPO1Ix2kqRHRxBrzxYZ9xqZPc8GpFTw/dxJEYdJ3xlitbOoBoDgrL5gSITv6ESlNqjPk6kHQ==\
        \ azureuser@linuxvm\"\n      }\n     ]\n    }\n   }\n  }\n }"
    headers:
      azure-asyncoperation:
      - https://management.azure.com/subscriptions/00000000-0000-0000-0000-000000000000/providers/Microsoft.ContainerService/locations/westus/operations/8f3addd1-4286-4cf0-b045-3eb48a96e806?api-version=2016-03-30
      cache-control:
      - no-cache
      content-length:
      - '1825'
      content-type:
      - application/json
      date:
      - Wed, 24 Jun 2020 04:59:18 GMT
      expires:
      - '-1'
      pragma:
      - no-cache
      server:
      - nginx
      strict-transport-security:
      - max-age=31536000; includeSubDomains
      x-content-type-options:
      - nosniff
      x-ms-ratelimit-remaining-subscription-writes:
      - '1199'
    status:
      code: 201
      message: Created
- request:
    body: null
    headers:
      Accept:
      - application/json
      Accept-Encoding:
      - gzip, deflate
      Connection:
      - keep-alive
      User-Agent:
      - python/3.8.2 (Linux-4.19.104-microsoft-standard-x86_64-with-glibc2.29) msrest/0.6.16
        msrest_azure/0.6.3 azure-mgmt-containerservice/9.2.0 Azure-SDK-For-Python
    method: GET
    uri: https://management.azure.com/subscriptions/00000000-0000-0000-0000-000000000000/providers/Microsoft.ContainerService/locations/westus/operations/8f3addd1-4286-4cf0-b045-3eb48a96e806?api-version=2016-03-30
  response:
    body:
      string: "{\n  \"name\": \"d1dd3a8f-8642-f04c-b045-3eb48a96e806\",\n  \"status\"\
        : \"InProgress\",\n  \"startTime\": \"2020-06-24T04:59:17.4601499Z\"\n }"
    headers:
      cache-control:
      - no-cache
      content-length:
      - '126'
      content-type:
      - application/json
      date:
      - Wed, 24 Jun 2020 04:59:50 GMT
      expires:
      - '-1'
      pragma:
      - no-cache
      server:
      - nginx
      strict-transport-security:
      - max-age=31536000; includeSubDomains
      transfer-encoding:
      - chunked
      vary:
      - Accept-Encoding
      x-content-type-options:
      - nosniff
    status:
      code: 200
      message: OK
- request:
    body: null
    headers:
      Accept:
      - application/json
      Accept-Encoding:
      - gzip, deflate
      Connection:
      - keep-alive
      User-Agent:
      - python/3.8.2 (Linux-4.19.104-microsoft-standard-x86_64-with-glibc2.29) msrest/0.6.16
        msrest_azure/0.6.3 azure-mgmt-containerservice/9.2.0 Azure-SDK-For-Python
    method: GET
    uri: https://management.azure.com/subscriptions/00000000-0000-0000-0000-000000000000/providers/Microsoft.ContainerService/locations/westus/operations/8f3addd1-4286-4cf0-b045-3eb48a96e806?api-version=2016-03-30
  response:
    body:
      string: "{\n  \"name\": \"d1dd3a8f-8642-f04c-b045-3eb48a96e806\",\n  \"status\"\
        : \"InProgress\",\n  \"startTime\": \"2020-06-24T04:59:17.4601499Z\"\n }"
    headers:
      cache-control:
      - no-cache
      content-length:
      - '126'
      content-type:
      - application/json
      date:
      - Wed, 24 Jun 2020 05:00:20 GMT
      expires:
      - '-1'
      pragma:
      - no-cache
      server:
      - nginx
      strict-transport-security:
      - max-age=31536000; includeSubDomains
      transfer-encoding:
      - chunked
      vary:
      - Accept-Encoding
      x-content-type-options:
      - nosniff
    status:
      code: 200
      message: OK
- request:
    body: null
    headers:
      Accept:
      - application/json
      Accept-Encoding:
      - gzip, deflate
      Connection:
      - keep-alive
      User-Agent:
      - python/3.8.2 (Linux-4.19.104-microsoft-standard-x86_64-with-glibc2.29) msrest/0.6.16
        msrest_azure/0.6.3 azure-mgmt-containerservice/9.2.0 Azure-SDK-For-Python
    method: GET
    uri: https://management.azure.com/subscriptions/00000000-0000-0000-0000-000000000000/providers/Microsoft.ContainerService/locations/westus/operations/8f3addd1-4286-4cf0-b045-3eb48a96e806?api-version=2016-03-30
  response:
    body:
      string: "{\n  \"name\": \"d1dd3a8f-8642-f04c-b045-3eb48a96e806\",\n  \"status\"\
        : \"InProgress\",\n  \"startTime\": \"2020-06-24T04:59:17.4601499Z\"\n }"
    headers:
      cache-control:
      - no-cache
      content-length:
      - '126'
      content-type:
      - application/json
      date:
      - Wed, 24 Jun 2020 05:00:50 GMT
      expires:
      - '-1'
      pragma:
      - no-cache
      server:
      - nginx
      strict-transport-security:
      - max-age=31536000; includeSubDomains
      transfer-encoding:
      - chunked
      vary:
      - Accept-Encoding
      x-content-type-options:
      - nosniff
    status:
      code: 200
      message: OK
- request:
    body: null
    headers:
      Accept:
      - application/json
      Accept-Encoding:
      - gzip, deflate
      Connection:
      - keep-alive
      User-Agent:
      - python/3.8.2 (Linux-4.19.104-microsoft-standard-x86_64-with-glibc2.29) msrest/0.6.16
        msrest_azure/0.6.3 azure-mgmt-containerservice/9.2.0 Azure-SDK-For-Python
    method: GET
    uri: https://management.azure.com/subscriptions/00000000-0000-0000-0000-000000000000/providers/Microsoft.ContainerService/locations/westus/operations/8f3addd1-4286-4cf0-b045-3eb48a96e806?api-version=2016-03-30
  response:
    body:
      string: "{\n  \"name\": \"d1dd3a8f-8642-f04c-b045-3eb48a96e806\",\n  \"status\"\
        : \"InProgress\",\n  \"startTime\": \"2020-06-24T04:59:17.4601499Z\"\n }"
    headers:
      cache-control:
      - no-cache
      content-length:
      - '126'
      content-type:
      - application/json
      date:
      - Wed, 24 Jun 2020 05:01:21 GMT
      expires:
      - '-1'
      pragma:
      - no-cache
      server:
      - nginx
      strict-transport-security:
      - max-age=31536000; includeSubDomains
      transfer-encoding:
      - chunked
      vary:
      - Accept-Encoding
      x-content-type-options:
      - nosniff
    status:
      code: 200
      message: OK
- request:
    body: null
    headers:
      Accept:
      - application/json
      Accept-Encoding:
      - gzip, deflate
      Connection:
      - keep-alive
      User-Agent:
      - python/3.8.2 (Linux-4.19.104-microsoft-standard-x86_64-with-glibc2.29) msrest/0.6.16
        msrest_azure/0.6.3 azure-mgmt-containerservice/9.2.0 Azure-SDK-For-Python
    method: GET
    uri: https://management.azure.com/subscriptions/00000000-0000-0000-0000-000000000000/providers/Microsoft.ContainerService/locations/westus/operations/8f3addd1-4286-4cf0-b045-3eb48a96e806?api-version=2016-03-30
  response:
    body:
      string: "{\n  \"name\": \"d1dd3a8f-8642-f04c-b045-3eb48a96e806\",\n  \"status\"\
        : \"InProgress\",\n  \"startTime\": \"2020-06-24T04:59:17.4601499Z\"\n }"
    headers:
      cache-control:
      - no-cache
      content-length:
      - '126'
      content-type:
      - application/json
      date:
      - Wed, 24 Jun 2020 05:01:52 GMT
      expires:
      - '-1'
      pragma:
      - no-cache
      server:
      - nginx
      strict-transport-security:
      - max-age=31536000; includeSubDomains
      transfer-encoding:
      - chunked
      vary:
      - Accept-Encoding
      x-content-type-options:
      - nosniff
    status:
      code: 200
      message: OK
- request:
    body: null
    headers:
      Accept:
      - application/json
      Accept-Encoding:
      - gzip, deflate
      Connection:
      - keep-alive
      User-Agent:
      - python/3.8.2 (Linux-4.19.104-microsoft-standard-x86_64-with-glibc2.29) msrest/0.6.16
        msrest_azure/0.6.3 azure-mgmt-containerservice/9.2.0 Azure-SDK-For-Python
    method: GET
    uri: https://management.azure.com/subscriptions/00000000-0000-0000-0000-000000000000/providers/Microsoft.ContainerService/locations/westus/operations/8f3addd1-4286-4cf0-b045-3eb48a96e806?api-version=2016-03-30
  response:
    body:
      string: "{\n  \"name\": \"d1dd3a8f-8642-f04c-b045-3eb48a96e806\",\n  \"status\"\
        : \"InProgress\",\n  \"startTime\": \"2020-06-24T04:59:17.4601499Z\"\n }"
    headers:
      cache-control:
      - no-cache
      content-length:
      - '126'
      content-type:
      - application/json
      date:
      - Wed, 24 Jun 2020 05:02:22 GMT
      expires:
      - '-1'
      pragma:
      - no-cache
      server:
      - nginx
      strict-transport-security:
      - max-age=31536000; includeSubDomains
      transfer-encoding:
      - chunked
      vary:
      - Accept-Encoding
      x-content-type-options:
      - nosniff
    status:
      code: 200
      message: OK
- request:
    body: null
    headers:
      Accept:
      - application/json
      Accept-Encoding:
      - gzip, deflate
      Connection:
      - keep-alive
      User-Agent:
      - python/3.8.2 (Linux-4.19.104-microsoft-standard-x86_64-with-glibc2.29) msrest/0.6.16
        msrest_azure/0.6.3 azure-mgmt-containerservice/9.2.0 Azure-SDK-For-Python
    method: GET
    uri: https://management.azure.com/subscriptions/00000000-0000-0000-0000-000000000000/providers/Microsoft.ContainerService/locations/westus/operations/8f3addd1-4286-4cf0-b045-3eb48a96e806?api-version=2016-03-30
  response:
    body:
      string: "{\n  \"name\": \"d1dd3a8f-8642-f04c-b045-3eb48a96e806\",\n  \"status\"\
        : \"Succeeded\",\n  \"startTime\": \"2020-06-24T04:59:17.4601499Z\",\n  \"\
        endTime\": \"2020-06-24T05:02:27.2142145Z\"\n }"
    headers:
      cache-control:
      - no-cache
      content-length:
      - '170'
      content-type:
      - application/json
      date:
      - Wed, 24 Jun 2020 05:02:53 GMT
      expires:
      - '-1'
      pragma:
      - no-cache
      server:
      - nginx
      strict-transport-security:
      - max-age=31536000; includeSubDomains
      transfer-encoding:
      - chunked
      vary:
      - Accept-Encoding
      x-content-type-options:
      - nosniff
    status:
      code: 200
      message: OK
- request:
    body: null
    headers:
      Accept:
      - application/json
      Accept-Encoding:
      - gzip, deflate
      Connection:
      - keep-alive
      User-Agent:
      - python/3.8.2 (Linux-4.19.104-microsoft-standard-x86_64-with-glibc2.29) msrest/0.6.16
        msrest_azure/0.6.3 azure-mgmt-containerservice/9.2.0 Azure-SDK-For-Python
    method: GET
    uri: https://management.azure.com/subscriptions/00000000-0000-0000-0000-000000000000/resourceGroups/test_mgmt_containerservice_test_container665810f8/providers/Microsoft.ContainerService/containerServices/pycontainer665810f8?api-version=2017-07-01
  response:
    body:
      string: "{\n  \"id\": \"/subscriptions/00000000-0000-0000-0000-000000000000/resourcegroups/test_mgmt_containerservice_test_container665810f8/providers/Microsoft.ContainerService/containerServices/pycontainer665810f8\"\
        ,\n  \"location\": \"westus\",\n  \"name\": \"pycontainer665810f8\",\n  \"\
        type\": \"Microsoft.ContainerService/ContainerServices\",\n  \"properties\"\
        : {\n   \"provisioningState\": \"Succeeded\",\n   \"orchestratorProfile\"\
        : {\n    \"orchestratorType\": \"Swarm\"\n   },\n   \"masterProfile\": {\n\
        \    \"count\": 1,\n    \"dnsPrefix\": \"MasterPrefixTest\",\n    \"vmSize\"\
        : \"Standard_D2_v2\",\n    \"vnetSubnetID\": \"/subscriptions/00000000-0000-0000-0000-000000000000/resourceGroups/test_mgmt_containerservice_test_container665810f8/providers/Microsoft.Network/virtualNetworks/vnet/subnets/v-subnet\"\
        ,\n    \"firstConsecutiveStaticIP\": \"10.240.255.5\",\n    \"storageProfile\"\
        : \"ManagedDisks\",\n    \"fqdn\": \"masterprefixtest.westus.cloudapp.azure.com\"\
        \n   },\n   \"agentPoolProfiles\": [\n    {\n     \"name\": \"agentpool0\"\
        ,\n     \"count\": 3,\n     \"vmSize\": \"Standard_A2_v2\",\n     \"dnsPrefix\"\
        : \"\",\n     \"fqdn\": \"\",\n     \"storageProfile\": \"ManagedDisks\",\n\
        \     \"vnetSubnetID\": \"/subscriptions/00000000-0000-0000-0000-000000000000/resourceGroups/test_mgmt_containerservice_test_container665810f8/providers/Microsoft.Network/virtualNetworks/vnet/subnets/v-subnet\"\
        ,\n     \"osType\": \"Linux\"\n    }\n   ],\n   \"linuxProfile\": {\n    \"\
        adminUsername\": \"acslinuxadmin\",\n    \"ssh\": {\n     \"publicKeys\":\
        \ [\n      {\n       \"keyData\": \"ssh-rsa AAAAB3NzaC1yc2EAAAABJQAAAQEAlj9UC6+57XWVu0fd6zqXa256EU9EZdoLGE3TqdZqu9fvUvLQOX2G0d5DmFhDCyTmWLQUx3/ONQ9RotYmHGymBIPQcpx43nnxsuihAILcpGZ5NjCj4IOYnmhdULxN4ti7k00S+udqokrRYpmwt0N4NA4VT9cN+7uJDL8Opqa1FYu0CT/RqSW+3aoQ0nfGj11axoxM37FuOMZ/c7mBSxvuI9NsDmcDQOUmPXjlgNlxrLzf6VcjxnJh4AO83zbyLok37mW/C7CuNK4WowjPO1Ix2kqRHRxBrzxYZ9xqZPc8GpFTw/dxJEYdJ3xlitbOoBoDgrL5gSITv6ESlNqjPk6kHQ==\
        \ azureuser@linuxvm\"\n      }\n     ]\n    }\n   }\n  }\n }"
    headers:
      cache-control:
      - no-cache
      content-length:
      - '1884'
      content-type:
      - application/json
      date:
      - Wed, 24 Jun 2020 05:02:54 GMT
      expires:
      - '-1'
      pragma:
      - no-cache
      server:
      - nginx
      strict-transport-security:
      - max-age=31536000; includeSubDomains
      transfer-encoding:
      - chunked
      vary:
      - Accept-Encoding
      x-content-type-options:
      - nosniff
    status:
      code: 200
      message: OK
- request:
    body: null
    headers:
      Accept:
      - application/json
      Accept-Encoding:
      - gzip, deflate
      Connection:
      - keep-alive
      User-Agent:
      - python/3.8.2 (Linux-4.19.104-microsoft-standard-x86_64-with-glibc2.29) msrest/0.6.16
        msrest_azure/0.6.3 azure-mgmt-containerservice/9.2.0 Azure-SDK-For-Python
      accept-language:
      - en-US
    method: GET
    uri: https://management.azure.com/subscriptions/00000000-0000-0000-0000-000000000000/resourceGroups/test_mgmt_containerservice_test_container665810f8/providers/Microsoft.ContainerService/containerServices/pycontainer665810f8?api-version=2017-07-01
  response:
    body:
      string: "{\n  \"id\": \"/subscriptions/00000000-0000-0000-0000-000000000000/resourcegroups/test_mgmt_containerservice_test_container665810f8/providers/Microsoft.ContainerService/containerServices/pycontainer665810f8\"\
        ,\n  \"location\": \"westus\",\n  \"name\": \"pycontainer665810f8\",\n  \"\
        type\": \"Microsoft.ContainerService/ContainerServices\",\n  \"properties\"\
        : {\n   \"provisioningState\": \"Succeeded\",\n   \"orchestratorProfile\"\
        : {\n    \"orchestratorType\": \"Swarm\"\n   },\n   \"masterProfile\": {\n\
        \    \"count\": 1,\n    \"dnsPrefix\": \"MasterPrefixTest\",\n    \"vmSize\"\
        : \"Standard_D2_v2\",\n    \"vnetSubnetID\": \"/subscriptions/00000000-0000-0000-0000-000000000000/resourceGroups/test_mgmt_containerservice_test_container665810f8/providers/Microsoft.Network/virtualNetworks/vnet/subnets/v-subnet\"\
        ,\n    \"firstConsecutiveStaticIP\": \"10.240.255.5\",\n    \"storageProfile\"\
        : \"ManagedDisks\",\n    \"fqdn\": \"masterprefixtest.westus.cloudapp.azure.com\"\
        \n   },\n   \"agentPoolProfiles\": [\n    {\n     \"name\": \"agentpool0\"\
        ,\n     \"count\": 3,\n     \"vmSize\": \"Standard_A2_v2\",\n     \"dnsPrefix\"\
        : \"\",\n     \"fqdn\": \"\",\n     \"storageProfile\": \"ManagedDisks\",\n\
        \     \"vnetSubnetID\": \"/subscriptions/00000000-0000-0000-0000-000000000000/resourceGroups/test_mgmt_containerservice_test_container665810f8/providers/Microsoft.Network/virtualNetworks/vnet/subnets/v-subnet\"\
        ,\n     \"osType\": \"Linux\"\n    }\n   ],\n   \"linuxProfile\": {\n    \"\
        adminUsername\": \"acslinuxadmin\",\n    \"ssh\": {\n     \"publicKeys\":\
        \ [\n      {\n       \"keyData\": \"ssh-rsa AAAAB3NzaC1yc2EAAAABJQAAAQEAlj9UC6+57XWVu0fd6zqXa256EU9EZdoLGE3TqdZqu9fvUvLQOX2G0d5DmFhDCyTmWLQUx3/ONQ9RotYmHGymBIPQcpx43nnxsuihAILcpGZ5NjCj4IOYnmhdULxN4ti7k00S+udqokrRYpmwt0N4NA4VT9cN+7uJDL8Opqa1FYu0CT/RqSW+3aoQ0nfGj11axoxM37FuOMZ/c7mBSxvuI9NsDmcDQOUmPXjlgNlxrLzf6VcjxnJh4AO83zbyLok37mW/C7CuNK4WowjPO1Ix2kqRHRxBrzxYZ9xqZPc8GpFTw/dxJEYdJ3xlitbOoBoDgrL5gSITv6ESlNqjPk6kHQ==\
        \ azureuser@linuxvm\"\n      }\n     ]\n    }\n   }\n  }\n }"
    headers:
      cache-control:
      - no-cache
      content-length:
      - '1884'
      content-type:
      - application/json
      date:
      - Wed, 24 Jun 2020 05:02:55 GMT
      expires:
      - '-1'
      pragma:
      - no-cache
      server:
      - nginx
      strict-transport-security:
      - max-age=31536000; includeSubDomains
      transfer-encoding:
      - chunked
      vary:
      - Accept-Encoding
      x-content-type-options:
      - nosniff
    status:
      code: 200
      message: OK
- request:
    body: null
    headers:
      Accept:
      - application/json
      Accept-Encoding:
      - gzip, deflate
      Connection:
      - keep-alive
      User-Agent:
      - python/3.8.2 (Linux-4.19.104-microsoft-standard-x86_64-with-glibc2.29) msrest/0.6.16
        msrest_azure/0.6.3 azure-mgmt-containerservice/9.2.0 Azure-SDK-For-Python
      accept-language:
      - en-US
    method: GET
    uri: https://management.azure.com/subscriptions/00000000-0000-0000-0000-000000000000/resourceGroups/test_mgmt_containerservice_test_container665810f8/providers/Microsoft.ContainerService/containerServices?api-version=2017-07-01
  response:
    body:
      string: "{\n  \"value\": [\n   {\n    \"id\": \"/subscriptions/00000000-0000-0000-0000-000000000000/resourcegroups/test_mgmt_containerservice_test_container665810f8/providers/Microsoft.ContainerService/containerServices/pycontainer665810f8\"\
        ,\n    \"location\": \"westus\",\n    \"name\": \"pycontainer665810f8\",\n\
        \    \"type\": \"Microsoft.ContainerService/ContainerServices\",\n    \"properties\"\
        : {\n     \"provisioningState\": \"Succeeded\",\n     \"orchestratorProfile\"\
        : {\n      \"orchestratorType\": \"Swarm\"\n     },\n     \"masterProfile\"\
        : {\n      \"count\": 1,\n      \"dnsPrefix\": \"MasterPrefixTest\",\n   \
        \   \"vmSize\": \"Standard_D2_v2\",\n      \"vnetSubnetID\": \"/subscriptions/00000000-0000-0000-0000-000000000000/resourceGroups/test_mgmt_containerservice_test_container665810f8/providers/Microsoft.Network/virtualNetworks/vnet/subnets/v-subnet\"\
        ,\n      \"firstConsecutiveStaticIP\": \"10.240.255.5\",\n      \"storageProfile\"\
        : \"ManagedDisks\",\n      \"fqdn\": \"masterprefixtest.westus.cloudapp.azure.com\"\
        \n     },\n     \"agentPoolProfiles\": [\n      {\n       \"name\": \"agentpool0\"\
        ,\n       \"count\": 3,\n       \"vmSize\": \"Standard_A2_v2\",\n       \"\
        dnsPrefix\": \"\",\n       \"fqdn\": \"\",\n       \"storageProfile\": \"\
        ManagedDisks\",\n       \"vnetSubnetID\": \"/subscriptions/00000000-0000-0000-0000-000000000000/resourceGroups/test_mgmt_containerservice_test_container665810f8/providers/Microsoft.Network/virtualNetworks/vnet/subnets/v-subnet\"\
        ,\n       \"osType\": \"Linux\"\n      }\n     ],\n     \"linuxProfile\":\
        \ {\n      \"adminUsername\": \"acslinuxadmin\",\n      \"ssh\": {\n     \
        \  \"publicKeys\": [\n        {\n         \"keyData\": \"ssh-rsa AAAAB3NzaC1yc2EAAAABJQAAAQEAlj9UC6+57XWVu0fd6zqXa256EU9EZdoLGE3TqdZqu9fvUvLQOX2G0d5DmFhDCyTmWLQUx3/ONQ9RotYmHGymBIPQcpx43nnxsuihAILcpGZ5NjCj4IOYnmhdULxN4ti7k00S+udqokrRYpmwt0N4NA4VT9cN+7uJDL8Opqa1FYu0CT/RqSW+3aoQ0nfGj11axoxM37FuOMZ/c7mBSxvuI9NsDmcDQOUmPXjlgNlxrLzf6VcjxnJh4AO83zbyLok37mW/C7CuNK4WowjPO1Ix2kqRHRxBrzxYZ9xqZPc8GpFTw/dxJEYdJ3xlitbOoBoDgrL5gSITv6ESlNqjPk6kHQ==\
        \ azureuser@linuxvm\"\n        }\n       ]\n      }\n     }\n    }\n   }\n\
        \  ]\n }"
    headers:
      cache-control:
      - no-cache
      content-length:
      - '1993'
      content-type:
      - application/json
      date:
      - Wed, 24 Jun 2020 05:02:56 GMT
      expires:
      - '-1'
      pragma:
      - no-cache
      server:
      - nginx
      strict-transport-security:
      - max-age=31536000; includeSubDomains
      transfer-encoding:
      - chunked
      vary:
      - Accept-Encoding
      x-content-type-options:
      - nosniff
    status:
      code: 200
      message: OK
- request:
    body: null
    headers:
      Accept:
      - application/json
      Accept-Encoding:
      - gzip, deflate
      Connection:
      - keep-alive
      User-Agent:
      - python/3.8.2 (Linux-4.19.104-microsoft-standard-x86_64-with-glibc2.29) msrest/0.6.16
        msrest_azure/0.6.3 azure-mgmt-containerservice/9.2.0 Azure-SDK-For-Python
      accept-language:
      - en-US
    method: GET
    uri: https://management.azure.com/subscriptions/00000000-0000-0000-0000-000000000000/providers/Microsoft.ContainerService/containerServices?api-version=2017-07-01
  response:
    body:
      string: "{\n  \"value\": [\n   {\n    \"id\": \"/subscriptions/00000000-0000-0000-0000-000000000000/resourcegroups/test_mgmt_containerservice_test_container665810f8/providers/Microsoft.ContainerService/containerServices/pycontainer665810f8\"\
        ,\n    \"location\": \"westus\",\n    \"name\": \"pycontainer665810f8\",\n\
        \    \"type\": \"Microsoft.ContainerService/ContainerServices\",\n    \"properties\"\
        : {\n     \"provisioningState\": \"Succeeded\",\n     \"orchestratorProfile\"\
        : {\n      \"orchestratorType\": \"Swarm\"\n     },\n     \"masterProfile\"\
        : {\n      \"count\": 1,\n      \"dnsPrefix\": \"MasterPrefixTest\",\n   \
        \   \"vmSize\": \"Standard_D2_v2\",\n      \"vnetSubnetID\": \"/subscriptions/00000000-0000-0000-0000-000000000000/resourceGroups/test_mgmt_containerservice_test_container665810f8/providers/Microsoft.Network/virtualNetworks/vnet/subnets/v-subnet\"\
        ,\n      \"firstConsecutiveStaticIP\": \"10.240.255.5\",\n      \"storageProfile\"\
        : \"ManagedDisks\",\n      \"fqdn\": \"masterprefixtest.westus.cloudapp.azure.com\"\
        \n     },\n     \"agentPoolProfiles\": [\n      {\n       \"name\": \"agentpool0\"\
        ,\n       \"count\": 3,\n       \"vmSize\": \"Standard_A2_v2\",\n       \"\
        dnsPrefix\": \"\",\n       \"fqdn\": \"\",\n       \"storageProfile\": \"\
        ManagedDisks\",\n       \"vnetSubnetID\": \"/subscriptions/00000000-0000-0000-0000-000000000000/resourceGroups/test_mgmt_containerservice_test_container665810f8/providers/Microsoft.Network/virtualNetworks/vnet/subnets/v-subnet\"\
        ,\n       \"osType\": \"Linux\"\n      }\n     ],\n     \"linuxProfile\":\
        \ {\n      \"adminUsername\": \"acslinuxadmin\",\n      \"ssh\": {\n     \
        \  \"publicKeys\": [\n        {\n         \"keyData\": \"ssh-rsa AAAAB3NzaC1yc2EAAAABJQAAAQEAlj9UC6+57XWVu0fd6zqXa256EU9EZdoLGE3TqdZqu9fvUvLQOX2G0d5DmFhDCyTmWLQUx3/ONQ9RotYmHGymBIPQcpx43nnxsuihAILcpGZ5NjCj4IOYnmhdULxN4ti7k00S+udqokrRYpmwt0N4NA4VT9cN+7uJDL8Opqa1FYu0CT/RqSW+3aoQ0nfGj11axoxM37FuOMZ/c7mBSxvuI9NsDmcDQOUmPXjlgNlxrLzf6VcjxnJh4AO83zbyLok37mW/C7CuNK4WowjPO1Ix2kqRHRxBrzxYZ9xqZPc8GpFTw/dxJEYdJ3xlitbOoBoDgrL5gSITv6ESlNqjPk6kHQ==\
        \ azureuser@linuxvm\"\n        }\n       ]\n      }\n     }\n    }\n   }\n\
        \  ]\n }"
    headers:
      cache-control:
      - no-cache
      content-length:
      - '1993'
      content-type:
      - application/json
      date:
      - Wed, 24 Jun 2020 05:02:56 GMT
      expires:
      - '-1'
      pragma:
      - no-cache
      server:
      - nginx
      strict-transport-security:
      - max-age=31536000; includeSubDomains
      transfer-encoding:
      - chunked
      vary:
      - Accept-Encoding
      x-content-type-options:
      - nosniff
    status:
      code: 200
      message: OK
- request:
    body: null
    headers:
      Accept:
      - application/json
      Accept-Encoding:
      - gzip, deflate
      Connection:
      - keep-alive
      Content-Length:
      - '0'
      User-Agent:
      - python/3.8.2 (Linux-4.19.104-microsoft-standard-x86_64-with-glibc2.29) msrest/0.6.16
        msrest_azure/0.6.3 azure-mgmt-containerservice/9.2.0 Azure-SDK-For-Python
      accept-language:
      - en-US
    method: DELETE
    uri: https://management.azure.com/subscriptions/00000000-0000-0000-0000-000000000000/resourceGroups/test_mgmt_containerservice_test_container665810f8/providers/Microsoft.ContainerService/containerServices/pycontainer665810f8?api-version=2017-07-01
  response:
    body:
      string: "{\n  \"id\": \"/subscriptions/00000000-0000-0000-0000-000000000000/resourcegroups/test_mgmt_containerservice_test_container665810f8/providers/Microsoft.ContainerService/containerServices/pycontainer665810f8\"\
        ,\n  \"location\": \"westus\",\n  \"name\": \"pycontainer665810f8\",\n  \"\
        type\": \"Microsoft.ContainerService/ContainerServices\",\n  \"properties\"\
        : {\n   \"provisioningState\": \"Deleting\",\n   \"orchestratorProfile\":\
        \ {\n    \"orchestratorType\": \"Swarm\"\n   },\n   \"masterProfile\": {\n\
        \    \"count\": 1,\n    \"dnsPrefix\": \"MasterPrefixTest\",\n    \"vmSize\"\
        : \"Standard_D2_v2\",\n    \"vnetSubnetID\": \"/subscriptions/00000000-0000-0000-0000-000000000000/resourceGroups/test_mgmt_containerservice_test_container665810f8/providers/Microsoft.Network/virtualNetworks/vnet/subnets/v-subnet\"\
        ,\n    \"firstConsecutiveStaticIP\": \"10.240.255.5\",\n    \"storageProfile\"\
        : \"ManagedDisks\",\n    \"fqdn\": \"masterprefixtest.westus.cloudapp.azure.com\"\
        \n   },\n   \"agentPoolProfiles\": [\n    {\n     \"name\": \"agentpool0\"\
        ,\n     \"count\": 3,\n     \"vmSize\": \"Standard_A2_v2\",\n     \"dnsPrefix\"\
        : \"\",\n     \"fqdn\": \"\",\n     \"storageProfile\": \"ManagedDisks\",\n\
        \     \"vnetSubnetID\": \"/subscriptions/00000000-0000-0000-0000-000000000000/resourceGroups/test_mgmt_containerservice_test_container665810f8/providers/Microsoft.Network/virtualNetworks/vnet/subnets/v-subnet\"\
        ,\n     \"osType\": \"Linux\"\n    }\n   ],\n   \"linuxProfile\": {\n    \"\
        adminUsername\": \"acslinuxadmin\",\n    \"ssh\": {\n     \"publicKeys\":\
        \ [\n      {\n       \"keyData\": \"ssh-rsa AAAAB3NzaC1yc2EAAAABJQAAAQEAlj9UC6+57XWVu0fd6zqXa256EU9EZdoLGE3TqdZqu9fvUvLQOX2G0d5DmFhDCyTmWLQUx3/ONQ9RotYmHGymBIPQcpx43nnxsuihAILcpGZ5NjCj4IOYnmhdULxN4ti7k00S+udqokrRYpmwt0N4NA4VT9cN+7uJDL8Opqa1FYu0CT/RqSW+3aoQ0nfGj11axoxM37FuOMZ/c7mBSxvuI9NsDmcDQOUmPXjlgNlxrLzf6VcjxnJh4AO83zbyLok37mW/C7CuNK4WowjPO1Ix2kqRHRxBrzxYZ9xqZPc8GpFTw/dxJEYdJ3xlitbOoBoDgrL5gSITv6ESlNqjPk6kHQ==\
        \ azureuser@linuxvm\"\n      }\n     ]\n    }\n   }\n  }\n }"
    headers:
      azure-asyncoperation:
      - https://management.azure.com/subscriptions/00000000-0000-0000-0000-000000000000/providers/Microsoft.ContainerService/locations/westus/operations/14946a45-6c62-4a15-9c05-7481fb3d1363?api-version=2016-03-30
      cache-control:
      - no-cache
      content-length:
      - '1883'
      content-type:
      - application/json
      date:
      - Wed, 24 Jun 2020 05:02:59 GMT
      expires:
      - '-1'
      location:
      - https://management.azure.com/subscriptions/00000000-0000-0000-0000-000000000000/providers/Microsoft.ContainerService/locations/westus/operationresults/14946a45-6c62-4a15-9c05-7481fb3d1363?api-version=2016-03-30
      pragma:
      - no-cache
      server:
      - nginx
      strict-transport-security:
      - max-age=31536000; includeSubDomains
      x-content-type-options:
      - nosniff
      x-ms-ratelimit-remaining-subscription-deletes:
      - '14999'
    status:
      code: 202
      message: Accepted
- request:
    body: null
    headers:
      Accept:
      - application/json
      Accept-Encoding:
      - gzip, deflate
      Connection:
      - keep-alive
      User-Agent:
      - python/3.8.2 (Linux-4.19.104-microsoft-standard-x86_64-with-glibc2.29) msrest/0.6.16
        msrest_azure/0.6.3 azure-mgmt-containerservice/9.2.0 Azure-SDK-For-Python
    method: GET
    uri: https://management.azure.com/subscriptions/00000000-0000-0000-0000-000000000000/providers/Microsoft.ContainerService/locations/westus/operations/14946a45-6c62-4a15-9c05-7481fb3d1363?api-version=2016-03-30
  response:
    body:
      string: "{\n  \"name\": \"456a9414-626c-154a-9c05-7481fb3d1363\",\n  \"status\"\
        : \"InProgress\",\n  \"startTime\": \"2020-06-24T05:02:59.0456365Z\"\n }"
    headers:
      cache-control:
      - no-cache
      content-length:
      - '126'
      content-type:
      - application/json
      date:
      - Wed, 24 Jun 2020 05:03:30 GMT
      expires:
      - '-1'
      pragma:
      - no-cache
      server:
      - nginx
      strict-transport-security:
      - max-age=31536000; includeSubDomains
      transfer-encoding:
      - chunked
      vary:
      - Accept-Encoding
      x-content-type-options:
      - nosniff
    status:
      code: 200
      message: OK
- request:
    body: null
    headers:
      Accept:
      - application/json
      Accept-Encoding:
      - gzip, deflate
      Connection:
      - keep-alive
      User-Agent:
      - python/3.8.2 (Linux-4.19.104-microsoft-standard-x86_64-with-glibc2.29) msrest/0.6.16
        msrest_azure/0.6.3 azure-mgmt-containerservice/9.2.0 Azure-SDK-For-Python
    method: GET
    uri: https://management.azure.com/subscriptions/00000000-0000-0000-0000-000000000000/providers/Microsoft.ContainerService/locations/westus/operations/14946a45-6c62-4a15-9c05-7481fb3d1363?api-version=2016-03-30
  response:
    body:
      string: "{\n  \"name\": \"456a9414-626c-154a-9c05-7481fb3d1363\",\n  \"status\"\
        : \"InProgress\",\n  \"startTime\": \"2020-06-24T05:02:59.0456365Z\"\n }"
    headers:
      cache-control:
      - no-cache
      content-length:
      - '126'
      content-type:
      - application/json
      date:
      - Wed, 24 Jun 2020 05:04:01 GMT
      expires:
      - '-1'
      pragma:
      - no-cache
      server:
      - nginx
      strict-transport-security:
      - max-age=31536000; includeSubDomains
      transfer-encoding:
      - chunked
      vary:
      - Accept-Encoding
      x-content-type-options:
      - nosniff
    status:
      code: 200
      message: OK
- request:
    body: null
    headers:
      Accept:
      - application/json
      Accept-Encoding:
      - gzip, deflate
      Connection:
      - keep-alive
      User-Agent:
      - python/3.8.2 (Linux-4.19.104-microsoft-standard-x86_64-with-glibc2.29) msrest/0.6.16
        msrest_azure/0.6.3 azure-mgmt-containerservice/9.2.0 Azure-SDK-For-Python
    method: GET
    uri: https://management.azure.com/subscriptions/00000000-0000-0000-0000-000000000000/providers/Microsoft.ContainerService/locations/westus/operations/14946a45-6c62-4a15-9c05-7481fb3d1363?api-version=2016-03-30
  response:
    body:
      string: "{\n  \"name\": \"456a9414-626c-154a-9c05-7481fb3d1363\",\n  \"status\"\
        : \"InProgress\",\n  \"startTime\": \"2020-06-24T05:02:59.0456365Z\"\n }"
    headers:
      cache-control:
      - no-cache
      content-length:
      - '126'
      content-type:
      - application/json
      date:
      - Wed, 24 Jun 2020 05:04:31 GMT
      expires:
      - '-1'
      pragma:
      - no-cache
      server:
      - nginx
      strict-transport-security:
      - max-age=31536000; includeSubDomains
      transfer-encoding:
      - chunked
      vary:
      - Accept-Encoding
      x-content-type-options:
      - nosniff
    status:
      code: 200
      message: OK
- request:
    body: null
    headers:
      Accept:
      - application/json
      Accept-Encoding:
      - gzip, deflate
      Connection:
      - keep-alive
      User-Agent:
      - python/3.8.2 (Linux-4.19.104-microsoft-standard-x86_64-with-glibc2.29) msrest/0.6.16
        msrest_azure/0.6.3 azure-mgmt-containerservice/9.2.0 Azure-SDK-For-Python
    method: GET
    uri: https://management.azure.com/subscriptions/00000000-0000-0000-0000-000000000000/providers/Microsoft.ContainerService/locations/westus/operations/14946a45-6c62-4a15-9c05-7481fb3d1363?api-version=2016-03-30
  response:
    body:
      string: "{\n  \"name\": \"456a9414-626c-154a-9c05-7481fb3d1363\",\n  \"status\"\
        : \"InProgress\",\n  \"startTime\": \"2020-06-24T05:02:59.0456365Z\"\n }"
    headers:
      cache-control:
      - no-cache
      content-length:
      - '126'
      content-type:
      - application/json
      date:
      - Wed, 24 Jun 2020 05:05:01 GMT
      expires:
      - '-1'
      pragma:
      - no-cache
      server:
      - nginx
      strict-transport-security:
      - max-age=31536000; includeSubDomains
      transfer-encoding:
      - chunked
      vary:
      - Accept-Encoding
      x-content-type-options:
      - nosniff
    status:
      code: 200
      message: OK
- request:
    body: null
    headers:
      Accept:
      - application/json
      Accept-Encoding:
      - gzip, deflate
      Connection:
      - keep-alive
      User-Agent:
      - python/3.8.2 (Linux-4.19.104-microsoft-standard-x86_64-with-glibc2.29) msrest/0.6.16
        msrest_azure/0.6.3 azure-mgmt-containerservice/9.2.0 Azure-SDK-For-Python
    method: GET
    uri: https://management.azure.com/subscriptions/00000000-0000-0000-0000-000000000000/providers/Microsoft.ContainerService/locations/westus/operations/14946a45-6c62-4a15-9c05-7481fb3d1363?api-version=2016-03-30
  response:
    body:
      string: "{\n  \"name\": \"456a9414-626c-154a-9c05-7481fb3d1363\",\n  \"status\"\
        : \"InProgress\",\n  \"startTime\": \"2020-06-24T05:02:59.0456365Z\"\n }"
    headers:
      cache-control:
      - no-cache
      content-length:
      - '126'
      content-type:
      - application/json
      date:
      - Wed, 24 Jun 2020 05:05:33 GMT
      expires:
      - '-1'
      pragma:
      - no-cache
      server:
      - nginx
      strict-transport-security:
      - max-age=31536000; includeSubDomains
      transfer-encoding:
      - chunked
      vary:
      - Accept-Encoding
      x-content-type-options:
      - nosniff
    status:
      code: 200
      message: OK
- request:
    body: null
    headers:
      Accept:
      - application/json
      Accept-Encoding:
      - gzip, deflate
      Connection:
      - keep-alive
      User-Agent:
      - python/3.8.2 (Linux-4.19.104-microsoft-standard-x86_64-with-glibc2.29) msrest/0.6.16
        msrest_azure/0.6.3 azure-mgmt-containerservice/9.2.0 Azure-SDK-For-Python
    method: GET
    uri: https://management.azure.com/subscriptions/00000000-0000-0000-0000-000000000000/providers/Microsoft.ContainerService/locations/westus/operations/14946a45-6c62-4a15-9c05-7481fb3d1363?api-version=2016-03-30
  response:
    body:
      string: "{\n  \"name\": \"456a9414-626c-154a-9c05-7481fb3d1363\",\n  \"status\"\
        : \"InProgress\",\n  \"startTime\": \"2020-06-24T05:02:59.0456365Z\"\n }"
    headers:
      cache-control:
      - no-cache
      content-length:
      - '126'
      content-type:
      - application/json
      date:
      - Wed, 24 Jun 2020 05:06:03 GMT
      expires:
      - '-1'
      pragma:
      - no-cache
      server:
      - nginx
      strict-transport-security:
      - max-age=31536000; includeSubDomains
      transfer-encoding:
      - chunked
      vary:
      - Accept-Encoding
      x-content-type-options:
      - nosniff
    status:
      code: 200
      message: OK
- request:
    body: null
    headers:
      Accept:
      - application/json
      Accept-Encoding:
      - gzip, deflate
      Connection:
      - keep-alive
      User-Agent:
      - python/3.8.2 (Linux-4.19.104-microsoft-standard-x86_64-with-glibc2.29) msrest/0.6.16
        msrest_azure/0.6.3 azure-mgmt-containerservice/9.2.0 Azure-SDK-For-Python
    method: GET
    uri: https://management.azure.com/subscriptions/00000000-0000-0000-0000-000000000000/providers/Microsoft.ContainerService/locations/westus/operations/14946a45-6c62-4a15-9c05-7481fb3d1363?api-version=2016-03-30
  response:
    body:
      string: "{\n  \"name\": \"456a9414-626c-154a-9c05-7481fb3d1363\",\n  \"status\"\
        : \"InProgress\",\n  \"startTime\": \"2020-06-24T05:02:59.0456365Z\"\n }"
    headers:
      cache-control:
      - no-cache
      content-length:
      - '126'
      content-type:
      - application/json
      date:
      - Wed, 24 Jun 2020 05:06:33 GMT
      expires:
      - '-1'
      pragma:
      - no-cache
      server:
      - nginx
      strict-transport-security:
      - max-age=31536000; includeSubDomains
      transfer-encoding:
      - chunked
      vary:
      - Accept-Encoding
      x-content-type-options:
      - nosniff
    status:
      code: 200
      message: OK
- request:
    body: null
    headers:
      Accept:
      - application/json
      Accept-Encoding:
      - gzip, deflate
      Connection:
      - keep-alive
      User-Agent:
      - python/3.8.2 (Linux-4.19.104-microsoft-standard-x86_64-with-glibc2.29) msrest/0.6.16
        msrest_azure/0.6.3 azure-mgmt-containerservice/9.2.0 Azure-SDK-For-Python
    method: GET
    uri: https://management.azure.com/subscriptions/00000000-0000-0000-0000-000000000000/providers/Microsoft.ContainerService/locations/westus/operations/14946a45-6c62-4a15-9c05-7481fb3d1363?api-version=2016-03-30
  response:
    body:
      string: "{\n  \"name\": \"456a9414-626c-154a-9c05-7481fb3d1363\",\n  \"status\"\
        : \"InProgress\",\n  \"startTime\": \"2020-06-24T05:02:59.0456365Z\"\n }"
    headers:
      cache-control:
      - no-cache
      content-length:
      - '126'
      content-type:
      - application/json
      date:
      - Wed, 24 Jun 2020 05:07:04 GMT
      expires:
      - '-1'
      pragma:
      - no-cache
      server:
      - nginx
      strict-transport-security:
      - max-age=31536000; includeSubDomains
      transfer-encoding:
      - chunked
      vary:
      - Accept-Encoding
      x-content-type-options:
      - nosniff
    status:
      code: 200
      message: OK
- request:
    body: null
    headers:
      Accept:
      - application/json
      Accept-Encoding:
      - gzip, deflate
      Connection:
      - keep-alive
      User-Agent:
      - python/3.8.2 (Linux-4.19.104-microsoft-standard-x86_64-with-glibc2.29) msrest/0.6.16
        msrest_azure/0.6.3 azure-mgmt-containerservice/9.2.0 Azure-SDK-For-Python
    method: GET
    uri: https://management.azure.com/subscriptions/00000000-0000-0000-0000-000000000000/providers/Microsoft.ContainerService/locations/westus/operations/14946a45-6c62-4a15-9c05-7481fb3d1363?api-version=2016-03-30
  response:
    body:
      string: "{\n  \"name\": \"456a9414-626c-154a-9c05-7481fb3d1363\",\n  \"status\"\
        : \"InProgress\",\n  \"startTime\": \"2020-06-24T05:02:59.0456365Z\"\n }"
    headers:
      cache-control:
      - no-cache
      content-length:
      - '126'
      content-type:
      - application/json
      date:
      - Wed, 24 Jun 2020 05:07:35 GMT
      expires:
      - '-1'
      pragma:
      - no-cache
      server:
      - nginx
      strict-transport-security:
      - max-age=31536000; includeSubDomains
      transfer-encoding:
      - chunked
      vary:
      - Accept-Encoding
      x-content-type-options:
      - nosniff
    status:
      code: 200
      message: OK
- request:
    body: null
    headers:
      Accept:
      - application/json
      Accept-Encoding:
      - gzip, deflate
      Connection:
      - keep-alive
      User-Agent:
      - python/3.8.2 (Linux-4.19.104-microsoft-standard-x86_64-with-glibc2.29) msrest/0.6.16
        msrest_azure/0.6.3 azure-mgmt-containerservice/9.2.0 Azure-SDK-For-Python
    method: GET
    uri: https://management.azure.com/subscriptions/00000000-0000-0000-0000-000000000000/providers/Microsoft.ContainerService/locations/westus/operations/14946a45-6c62-4a15-9c05-7481fb3d1363?api-version=2016-03-30
  response:
    body:
      string: "{\n  \"name\": \"456a9414-626c-154a-9c05-7481fb3d1363\",\n  \"status\"\
        : \"Succeeded\",\n  \"startTime\": \"2020-06-24T05:02:59.0456365Z\",\n  \"\
        endTime\": \"2020-06-24T05:07:46.5886668Z\"\n }"
    headers:
      cache-control:
      - no-cache
      content-length:
      - '170'
      content-type:
      - application/json
      date:
      - Wed, 24 Jun 2020 05:08:05 GMT
      expires:
      - '-1'
      pragma:
      - no-cache
      server:
      - nginx
      strict-transport-security:
      - max-age=31536000; includeSubDomains
      transfer-encoding:
      - chunked
      vary:
      - Accept-Encoding
      x-content-type-options:
      - nosniff
    status:
      code: 200
      message: OK
version: 1
