interactions:
- request:
    body: '{"location": "westus", "properties": {"addressSpace": {"addressPrefixes":
      ["10.0.0.0/16"]}, "dhcpOptions": {"dnsServers": ["10.1.1.1", "10.1.2.4"]}, "subnets":
      [{"properties": {"addressPrefix": "10.0.1.0/24"}, "name": "pysubnetonec2cc0c8f"}],
      "enableDdosProtection": false, "enableVmProtection": false}}'
    headers:
      Accept: [application/json]
      Accept-Encoding: ['gzip, deflate']
      Connection: [keep-alive]
      Content-Length: ['303']
      Content-Type: [application/json; charset=utf-8]
      User-Agent: [python/3.6.3 (Windows-10-10.0.17134-SP0) msrest/0.5.4 msrest_azure/0.5.0
          networkmanagementclient/2.0.1 Azure-SDK-For-Python]
      accept-language: [en-US]
    method: PUT
    uri: https://management.azure.com/subscriptions/00000000-0000-0000-0000-000000000000/resourceGroups/test_mgmt_network_test_subnetsc2cc0c8f/providers/Microsoft.Network/virtualNetworks/pysubnetc2cc0c8f?api-version=2018-07-01
  response:
    body: {string: "{\r\n  \"name\": \"pysubnetc2cc0c8f\",\r\n  \"id\": \"/subscriptions/00000000-0000-0000-0000-000000000000/resourceGroups/test_mgmt_network_test_subnetsc2cc0c8f/providers/Microsoft.Network/virtualNetworks/pysubnetc2cc0c8f\"\
        ,\r\n  \"etag\": \"W/\\\"c6812d82-0420-4b34-8fad-680f484fbea8\\\"\",\r\n \
        \ \"type\": \"Microsoft.Network/virtualNetworks\",\r\n  \"location\": \"westus\"\
        ,\r\n  \"properties\": {\r\n    \"provisioningState\": \"Updating\",\r\n \
        \   \"resourceGuid\": \"6719799d-5822-4f32-959a-a33c4a0a5093\",\r\n    \"\
        addressSpace\": {\r\n      \"addressPrefixes\": [\r\n        \"10.0.0.0/16\"\
        \r\n      ]\r\n    },\r\n    \"dhcpOptions\": {\r\n      \"dnsServers\": [\r\
        \n        \"10.1.1.1\",\r\n        \"10.1.2.4\"\r\n      ]\r\n    },\r\n \
        \   \"subnets\": [\r\n      {\r\n        \"name\": \"pysubnetonec2cc0c8f\"\
        ,\r\n        \"id\": \"/subscriptions/00000000-0000-0000-0000-000000000000/resourceGroups/test_mgmt_network_test_subnetsc2cc0c8f/providers/Microsoft.Network/virtualNetworks/pysubnetc2cc0c8f/subnets/pysubnetonec2cc0c8f\"\
        ,\r\n        \"etag\": \"W/\\\"c6812d82-0420-4b34-8fad-680f484fbea8\\\"\"\
        ,\r\n        \"properties\": {\r\n          \"provisioningState\": \"Updating\"\
        ,\r\n          \"addressPrefix\": \"10.0.1.0/24\",\r\n          \"delegations\"\
        : []\r\n        },\r\n        \"type\": \"Microsoft.Network/virtualNetworks/subnets\"\
        \r\n      }\r\n    ],\r\n    \"virtualNetworkPeerings\": [],\r\n    \"enableDdosProtection\"\
        : false,\r\n    \"enableVmProtection\": false\r\n  }\r\n}"}
    headers:
      azure-asyncoperation: ['https://management.azure.com/subscriptions/00000000-0000-0000-0000-000000000000/providers/Microsoft.Network/locations/westus/operations/a6b55fdc-6570-4358-90a7-9df7c651e483?api-version=2018-07-01']
      cache-control: [no-cache]
      content-length: ['1339']
      content-type: [application/json; charset=utf-8]
      date: ['Tue, 28 Aug 2018 17:35:42 GMT']
      expires: ['-1']
      pragma: [no-cache]
      server: [Microsoft-HTTPAPI/2.0, Microsoft-HTTPAPI/2.0]
      strict-transport-security: [max-age=31536000; includeSubDomains]
      x-content-type-options: [nosniff]
      x-ms-ratelimit-remaining-subscription-writes: ['1199']
    status: {code: 201, message: Created}
- request:
    body: null
    headers:
      Accept: [application/json]
      Accept-Encoding: ['gzip, deflate']
      Connection: [keep-alive]
      User-Agent: [python/3.6.3 (Windows-10-10.0.17134-SP0) msrest/0.5.4 msrest_azure/0.5.0
          networkmanagementclient/2.0.1 Azure-SDK-For-Python]
    method: GET
    uri: https://management.azure.com/subscriptions/00000000-0000-0000-0000-000000000000/providers/Microsoft.Network/locations/westus/operations/a6b55fdc-6570-4358-90a7-9df7c651e483?api-version=2018-07-01
  response:
    body: {string: "{\r\n  \"status\": \"InProgress\"\r\n}"}
    headers:
      cache-control: [no-cache]
      content-length: ['30']
      content-type: [application/json; charset=utf-8]
      date: ['Tue, 28 Aug 2018 17:35:45 GMT']
      expires: ['-1']
      pragma: [no-cache]
      server: [Microsoft-HTTPAPI/2.0, Microsoft-HTTPAPI/2.0]
      strict-transport-security: [max-age=31536000; includeSubDomains]
      transfer-encoding: [chunked]
      vary: [Accept-Encoding]
      x-content-type-options: [nosniff]
    status: {code: 200, message: OK}
- request:
    body: null
    headers:
      Accept: [application/json]
      Accept-Encoding: ['gzip, deflate']
      Connection: [keep-alive]
      User-Agent: [python/3.6.3 (Windows-10-10.0.17134-SP0) msrest/0.5.4 msrest_azure/0.5.0
          networkmanagementclient/2.0.1 Azure-SDK-For-Python]
    method: GET
    uri: https://management.azure.com/subscriptions/00000000-0000-0000-0000-000000000000/providers/Microsoft.Network/locations/westus/operations/a6b55fdc-6570-4358-90a7-9df7c651e483?api-version=2018-07-01
  response:
    body: {string: "{\r\n  \"status\": \"Succeeded\"\r\n}"}
    headers:
      cache-control: [no-cache]
      content-length: ['29']
      content-type: [application/json; charset=utf-8]
      date: ['Tue, 28 Aug 2018 17:35:56 GMT']
      expires: ['-1']
      pragma: [no-cache]
      server: [Microsoft-HTTPAPI/2.0, Microsoft-HTTPAPI/2.0]
      strict-transport-security: [max-age=31536000; includeSubDomains]
      transfer-encoding: [chunked]
      vary: [Accept-Encoding]
      x-content-type-options: [nosniff]
    status: {code: 200, message: OK}
- request:
    body: null
    headers:
      Accept: [application/json]
      Accept-Encoding: ['gzip, deflate']
      Connection: [keep-alive]
      User-Agent: [python/3.6.3 (Windows-10-10.0.17134-SP0) msrest/0.5.4 msrest_azure/0.5.0
          networkmanagementclient/2.0.1 Azure-SDK-For-Python]
    method: GET
    uri: https://management.azure.com/subscriptions/00000000-0000-0000-0000-000000000000/resourceGroups/test_mgmt_network_test_subnetsc2cc0c8f/providers/Microsoft.Network/virtualNetworks/pysubnetc2cc0c8f?api-version=2018-07-01
  response:
    body: {string: "{\r\n  \"name\": \"pysubnetc2cc0c8f\",\r\n  \"id\": \"/subscriptions/00000000-0000-0000-0000-000000000000/resourceGroups/test_mgmt_network_test_subnetsc2cc0c8f/providers/Microsoft.Network/virtualNetworks/pysubnetc2cc0c8f\"\
        ,\r\n  \"etag\": \"W/\\\"69ecf2dd-a2ad-46d0-a54d-eb869c114e4b\\\"\",\r\n \
        \ \"type\": \"Microsoft.Network/virtualNetworks\",\r\n  \"location\": \"westus\"\
        ,\r\n  \"properties\": {\r\n    \"provisioningState\": \"Succeeded\",\r\n\
        \    \"resourceGuid\": \"6719799d-5822-4f32-959a-a33c4a0a5093\",\r\n    \"\
        addressSpace\": {\r\n      \"addressPrefixes\": [\r\n        \"10.0.0.0/16\"\
        \r\n      ]\r\n    },\r\n    \"dhcpOptions\": {\r\n      \"dnsServers\": [\r\
        \n        \"10.1.1.1\",\r\n        \"10.1.2.4\"\r\n      ]\r\n    },\r\n \
        \   \"subnets\": [\r\n      {\r\n        \"name\": \"pysubnetonec2cc0c8f\"\
        ,\r\n        \"id\": \"/subscriptions/00000000-0000-0000-0000-000000000000/resourceGroups/test_mgmt_network_test_subnetsc2cc0c8f/providers/Microsoft.Network/virtualNetworks/pysubnetc2cc0c8f/subnets/pysubnetonec2cc0c8f\"\
        ,\r\n        \"etag\": \"W/\\\"69ecf2dd-a2ad-46d0-a54d-eb869c114e4b\\\"\"\
        ,\r\n        \"properties\": {\r\n          \"provisioningState\": \"Succeeded\"\
        ,\r\n          \"addressPrefix\": \"10.0.1.0/24\",\r\n          \"delegations\"\
        : []\r\n        },\r\n        \"type\": \"Microsoft.Network/virtualNetworks/subnets\"\
        \r\n      }\r\n    ],\r\n    \"virtualNetworkPeerings\": [],\r\n    \"enableDdosProtection\"\
        : false,\r\n    \"enableVmProtection\": false\r\n  }\r\n}"}
    headers:
      cache-control: [no-cache]
      content-length: ['1341']
      content-type: [application/json; charset=utf-8]
      date: ['Tue, 28 Aug 2018 17:35:56 GMT']
      etag: [W/"69ecf2dd-a2ad-46d0-a54d-eb869c114e4b"]
      expires: ['-1']
      pragma: [no-cache]
      server: [Microsoft-HTTPAPI/2.0, Microsoft-HTTPAPI/2.0]
      strict-transport-security: [max-age=31536000; includeSubDomains]
      transfer-encoding: [chunked]
      vary: [Accept-Encoding]
      x-content-type-options: [nosniff]
    status: {code: 200, message: OK}
- request:
    body: '{"properties": {"addressPrefix": "10.0.2.0/24"}, "name": "pysubnettwoc2cc0c8f"}'
    headers:
      Accept: [application/json]
      Accept-Encoding: ['gzip, deflate']
      Connection: [keep-alive]
      Content-Length: ['79']
      Content-Type: [application/json; charset=utf-8]
      User-Agent: [python/3.6.3 (Windows-10-10.0.17134-SP0) msrest/0.5.4 msrest_azure/0.5.0
          networkmanagementclient/2.0.1 Azure-SDK-For-Python]
      accept-language: [en-US]
    method: PUT
    uri: https://management.azure.com/subscriptions/00000000-0000-0000-0000-000000000000/resourceGroups/test_mgmt_network_test_subnetsc2cc0c8f/providers/Microsoft.Network/virtualNetworks/pysubnetc2cc0c8f/subnets/pysubnettwoc2cc0c8f?api-version=2018-07-01
  response:
    body: {string: "{\r\n  \"name\": \"pysubnettwoc2cc0c8f\",\r\n  \"id\": \"/subscriptions/00000000-0000-0000-0000-000000000000/resourceGroups/test_mgmt_network_test_subnetsc2cc0c8f/providers/Microsoft.Network/virtualNetworks/pysubnetc2cc0c8f/subnets/pysubnettwoc2cc0c8f\"\
        ,\r\n  \"etag\": \"W/\\\"63eca591-80a3-4fe3-abaa-eb48a365a051\\\"\",\r\n \
        \ \"properties\": {\r\n    \"provisioningState\": \"Updating\",\r\n    \"\
        addressPrefix\": \"10.0.2.0/24\",\r\n    \"delegations\": []\r\n  },\r\n \
        \ \"type\": \"Microsoft.Network/virtualNetworks/subnets\"\r\n}"}
    headers:
      azure-asyncoperation: ['https://management.azure.com/subscriptions/00000000-0000-0000-0000-000000000000/providers/Microsoft.Network/locations/westus/operations/87b64858-8795-487b-8f71-130422eb4259?api-version=2018-07-01']
      cache-control: [no-cache]
      content-length: ['480']
      content-type: [application/json; charset=utf-8]
      date: ['Tue, 28 Aug 2018 17:35:58 GMT']
      expires: ['-1']
      pragma: [no-cache]
      server: [Microsoft-HTTPAPI/2.0, Microsoft-HTTPAPI/2.0]
      strict-transport-security: [max-age=31536000; includeSubDomains]
      x-content-type-options: [nosniff]
      x-ms-ratelimit-remaining-subscription-writes: ['1198']
    status: {code: 201, message: Created}
- request:
    body: null
    headers:
      Accept: [application/json]
      Accept-Encoding: ['gzip, deflate']
      Connection: [keep-alive]
      User-Agent: [python/3.6.3 (Windows-10-10.0.17134-SP0) msrest/0.5.4 msrest_azure/0.5.0
          networkmanagementclient/2.0.1 Azure-SDK-For-Python]
    method: GET
    uri: https://management.azure.com/subscriptions/00000000-0000-0000-0000-000000000000/providers/Microsoft.Network/locations/westus/operations/87b64858-8795-487b-8f71-130422eb4259?api-version=2018-07-01
  response:
    body: {string: "{\r\n  \"status\": \"Succeeded\"\r\n}"}
    headers:
      cache-control: [no-cache]
      content-length: ['29']
      content-type: [application/json; charset=utf-8]
      date: ['Tue, 28 Aug 2018 17:36:02 GMT']
      expires: ['-1']
      pragma: [no-cache]
      server: [Microsoft-HTTPAPI/2.0, Microsoft-HTTPAPI/2.0]
      strict-transport-security: [max-age=31536000; includeSubDomains]
      transfer-encoding: [chunked]
      vary: [Accept-Encoding]
      x-content-type-options: [nosniff]
    status: {code: 200, message: OK}
- request:
    body: null
    headers:
      Accept: [application/json]
      Accept-Encoding: ['gzip, deflate']
      Connection: [keep-alive]
      User-Agent: [python/3.6.3 (Windows-10-10.0.17134-SP0) msrest/0.5.4 msrest_azure/0.5.0
          networkmanagementclient/2.0.1 Azure-SDK-For-Python]
    method: GET
    uri: https://management.azure.com/subscriptions/00000000-0000-0000-0000-000000000000/resourceGroups/test_mgmt_network_test_subnetsc2cc0c8f/providers/Microsoft.Network/virtualNetworks/pysubnetc2cc0c8f/subnets/pysubnettwoc2cc0c8f?api-version=2018-07-01
  response:
    body: {string: "{\r\n  \"name\": \"pysubnettwoc2cc0c8f\",\r\n  \"id\": \"/subscriptions/00000000-0000-0000-0000-000000000000/resourceGroups/test_mgmt_network_test_subnetsc2cc0c8f/providers/Microsoft.Network/virtualNetworks/pysubnetc2cc0c8f/subnets/pysubnettwoc2cc0c8f\"\
        ,\r\n  \"etag\": \"W/\\\"959cd372-5079-4371-929d-901e3e04c3f0\\\"\",\r\n \
        \ \"properties\": {\r\n    \"provisioningState\": \"Succeeded\",\r\n    \"\
        addressPrefix\": \"10.0.2.0/24\",\r\n    \"delegations\": []\r\n  },\r\n \
        \ \"type\": \"Microsoft.Network/virtualNetworks/subnets\"\r\n}"}
    headers:
      cache-control: [no-cache]
      content-length: ['481']
      content-type: [application/json; charset=utf-8]
      date: ['Tue, 28 Aug 2018 17:36:02 GMT']
      etag: [W/"959cd372-5079-4371-929d-901e3e04c3f0"]
      expires: ['-1']
      pragma: [no-cache]
      server: [Microsoft-HTTPAPI/2.0, Microsoft-HTTPAPI/2.0]
      strict-transport-security: [max-age=31536000; includeSubDomains]
      transfer-encoding: [chunked]
      vary: [Accept-Encoding]
      x-content-type-options: [nosniff]
    status: {code: 200, message: OK}
- request:
    body: null
    headers:
      Accept: [application/json]
      Accept-Encoding: ['gzip, deflate']
      Connection: [keep-alive]
      User-Agent: [python/3.6.3 (Windows-10-10.0.17134-SP0) msrest/0.5.4 msrest_azure/0.5.0
          networkmanagementclient/2.0.1 Azure-SDK-For-Python]
      accept-language: [en-US]
    method: GET
    uri: https://management.azure.com/subscriptions/00000000-0000-0000-0000-000000000000/resourceGroups/test_mgmt_network_test_subnetsc2cc0c8f/providers/Microsoft.Network/virtualNetworks/pysubnetc2cc0c8f?api-version=2018-07-01
  response:
    body: {string: "{\r\n  \"name\": \"pysubnetc2cc0c8f\",\r\n  \"id\": \"/subscriptions/00000000-0000-0000-0000-000000000000/resourceGroups/test_mgmt_network_test_subnetsc2cc0c8f/providers/Microsoft.Network/virtualNetworks/pysubnetc2cc0c8f\"\
        ,\r\n  \"etag\": \"W/\\\"959cd372-5079-4371-929d-901e3e04c3f0\\\"\",\r\n \
        \ \"type\": \"Microsoft.Network/virtualNetworks\",\r\n  \"location\": \"westus\"\
        ,\r\n  \"properties\": {\r\n    \"provisioningState\": \"Succeeded\",\r\n\
        \    \"resourceGuid\": \"6719799d-5822-4f32-959a-a33c4a0a5093\",\r\n    \"\
        addressSpace\": {\r\n      \"addressPrefixes\": [\r\n        \"10.0.0.0/16\"\
        \r\n      ]\r\n    },\r\n    \"dhcpOptions\": {\r\n      \"dnsServers\": [\r\
        \n        \"10.1.1.1\",\r\n        \"10.1.2.4\"\r\n      ]\r\n    },\r\n \
        \   \"subnets\": [\r\n      {\r\n        \"name\": \"pysubnetonec2cc0c8f\"\
        ,\r\n        \"id\": \"/subscriptions/00000000-0000-0000-0000-000000000000/resourceGroups/test_mgmt_network_test_subnetsc2cc0c8f/providers/Microsoft.Network/virtualNetworks/pysubnetc2cc0c8f/subnets/pysubnetonec2cc0c8f\"\
        ,\r\n        \"etag\": \"W/\\\"959cd372-5079-4371-929d-901e3e04c3f0\\\"\"\
        ,\r\n        \"properties\": {\r\n          \"provisioningState\": \"Succeeded\"\
        ,\r\n          \"addressPrefix\": \"10.0.1.0/24\",\r\n          \"delegations\"\
        : []\r\n        },\r\n        \"type\": \"Microsoft.Network/virtualNetworks/subnets\"\
        \r\n      },\r\n      {\r\n        \"name\": \"pysubnettwoc2cc0c8f\",\r\n\
        \        \"id\": \"/subscriptions/00000000-0000-0000-0000-000000000000/resourceGroups/test_mgmt_network_test_subnetsc2cc0c8f/providers/Microsoft.Network/virtualNetworks/pysubnetc2cc0c8f/subnets/pysubnettwoc2cc0c8f\"\
        ,\r\n        \"etag\": \"W/\\\"959cd372-5079-4371-929d-901e3e04c3f0\\\"\"\
        ,\r\n        \"properties\": {\r\n          \"provisioningState\": \"Succeeded\"\
        ,\r\n          \"addressPrefix\": \"10.0.2.0/24\",\r\n          \"delegations\"\
        : []\r\n        },\r\n        \"type\": \"Microsoft.Network/virtualNetworks/subnets\"\
        \r\n      }\r\n    ],\r\n    \"virtualNetworkPeerings\": [],\r\n    \"enableDdosProtection\"\
        : false,\r\n    \"enableVmProtection\": false\r\n  }\r\n}"}
    headers:
      cache-control: [no-cache]
      content-length: ['1891']
      content-type: [application/json; charset=utf-8]
      date: ['Tue, 28 Aug 2018 17:36:02 GMT']
      etag: [W/"959cd372-5079-4371-929d-901e3e04c3f0"]
      expires: ['-1']
      pragma: [no-cache]
      server: [Microsoft-HTTPAPI/2.0, Microsoft-HTTPAPI/2.0]
      strict-transport-security: [max-age=31536000; includeSubDomains]
      transfer-encoding: [chunked]
      vary: [Accept-Encoding]
      x-content-type-options: [nosniff]
    status: {code: 200, message: OK}
- request:
    body: null
    headers:
      Accept: [application/json]
      Accept-Encoding: ['gzip, deflate']
      Connection: [keep-alive]
      User-Agent: [python/3.6.3 (Windows-10-10.0.17134-SP0) msrest/0.5.4 msrest_azure/0.5.0
          networkmanagementclient/2.0.1 Azure-SDK-For-Python]
      accept-language: [en-US]
    method: GET
    uri: https://management.azure.com/subscriptions/00000000-0000-0000-0000-000000000000/resourceGroups/test_mgmt_network_test_subnetsc2cc0c8f/providers/Microsoft.Network/virtualNetworks/pysubnetc2cc0c8f/subnets/pysubnettwoc2cc0c8f?api-version=2018-07-01
  response:
    body: {string: "{\r\n  \"name\": \"pysubnettwoc2cc0c8f\",\r\n  \"id\": \"/subscriptions/00000000-0000-0000-0000-000000000000/resourceGroups/test_mgmt_network_test_subnetsc2cc0c8f/providers/Microsoft.Network/virtualNetworks/pysubnetc2cc0c8f/subnets/pysubnettwoc2cc0c8f\"\
        ,\r\n  \"etag\": \"W/\\\"959cd372-5079-4371-929d-901e3e04c3f0\\\"\",\r\n \
        \ \"properties\": {\r\n    \"provisioningState\": \"Succeeded\",\r\n    \"\
        addressPrefix\": \"10.0.2.0/24\",\r\n    \"delegations\": []\r\n  },\r\n \
        \ \"type\": \"Microsoft.Network/virtualNetworks/subnets\"\r\n}"}
    headers:
      cache-control: [no-cache]
      content-length: ['481']
      content-type: [application/json; charset=utf-8]
      date: ['Tue, 28 Aug 2018 17:36:03 GMT']
      etag: [W/"959cd372-5079-4371-929d-901e3e04c3f0"]
      expires: ['-1']
      pragma: [no-cache]
      server: [Microsoft-HTTPAPI/2.0, Microsoft-HTTPAPI/2.0]
      strict-transport-security: [max-age=31536000; includeSubDomains]
      transfer-encoding: [chunked]
      vary: [Accept-Encoding]
      x-content-type-options: [nosniff]
    status: {code: 200, message: OK}
- request:
    body: null
    headers:
      Accept: [application/json]
      Accept-Encoding: ['gzip, deflate']
      Connection: [keep-alive]
      User-Agent: [python/3.6.3 (Windows-10-10.0.17134-SP0) msrest/0.5.4 msrest_azure/0.5.0
          networkmanagementclient/2.0.1 Azure-SDK-For-Python]
      accept-language: [en-US]
    method: GET
    uri: https://management.azure.com/subscriptions/00000000-0000-0000-0000-000000000000/resourceGroups/test_mgmt_network_test_subnetsc2cc0c8f/providers/Microsoft.Network/virtualNetworks/pysubnetc2cc0c8f/subnets?api-version=2018-07-01
  response:
    body: {string: "{\r\n  \"value\": [\r\n    {\r\n      \"name\": \"pysubnetonec2cc0c8f\"\
        ,\r\n      \"id\": \"/subscriptions/00000000-0000-0000-0000-000000000000/resourceGroups/test_mgmt_network_test_subnetsc2cc0c8f/providers/Microsoft.Network/virtualNetworks/pysubnetc2cc0c8f/subnets/pysubnetonec2cc0c8f\"\
        ,\r\n      \"etag\": \"W/\\\"959cd372-5079-4371-929d-901e3e04c3f0\\\"\",\r\
        \n      \"properties\": {\r\n        \"provisioningState\": \"Succeeded\"\
        ,\r\n        \"addressPrefix\": \"10.0.1.0/24\",\r\n        \"delegations\"\
        : []\r\n      },\r\n      \"type\": \"Microsoft.Network/virtualNetworks/subnets\"\
        \r\n    },\r\n    {\r\n      \"name\": \"pysubnettwoc2cc0c8f\",\r\n      \"\
        id\": \"/subscriptions/00000000-0000-0000-0000-000000000000/resourceGroups/test_mgmt_network_test_subnetsc2cc0c8f/providers/Microsoft.Network/virtualNetworks/pysubnetc2cc0c8f/subnets/pysubnettwoc2cc0c8f\"\
        ,\r\n      \"etag\": \"W/\\\"959cd372-5079-4371-929d-901e3e04c3f0\\\"\",\r\
        \n      \"properties\": {\r\n        \"provisioningState\": \"Succeeded\"\
        ,\r\n        \"addressPrefix\": \"10.0.2.0/24\",\r\n        \"delegations\"\
        : []\r\n      },\r\n      \"type\": \"Microsoft.Network/virtualNetworks/subnets\"\
        \r\n    }\r\n  ]\r\n}"}
    headers:
      cache-control: [no-cache]
      content-length: ['1078']
      content-type: [application/json; charset=utf-8]
      date: ['Tue, 28 Aug 2018 17:36:03 GMT']
      expires: ['-1']
      pragma: [no-cache]
      server: [Microsoft-HTTPAPI/2.0, Microsoft-HTTPAPI/2.0]
      strict-transport-security: [max-age=31536000; includeSubDomains]
      transfer-encoding: [chunked]
      vary: [Accept-Encoding]
      x-content-type-options: [nosniff]
    status: {code: 200, message: OK}
- request:
    body: null
    headers:
      Accept: [application/json]
      Accept-Encoding: ['gzip, deflate']
      Connection: [keep-alive]
      Content-Length: ['0']
      User-Agent: [python/3.6.3 (Windows-10-10.0.17134-SP0) msrest/0.5.4 msrest_azure/0.5.0
          networkmanagementclient/2.0.1 Azure-SDK-For-Python]
      accept-language: [en-US]
    method: DELETE
    uri: https://management.azure.com/subscriptions/00000000-0000-0000-0000-000000000000/resourceGroups/test_mgmt_network_test_subnetsc2cc0c8f/providers/Microsoft.Network/virtualNetworks/pysubnetc2cc0c8f/subnets/pysubnettwoc2cc0c8f?api-version=2018-07-01
  response:
    body: {string: ''}
    headers:
      azure-asyncoperation: ['https://management.azure.com/subscriptions/00000000-0000-0000-0000-000000000000/providers/Microsoft.Network/locations/westus/operations/23edc464-b5fd-46d3-967e-c6cb93a93021?api-version=2018-07-01']
      cache-control: [no-cache]
      content-length: ['0']
      date: ['Tue, 28 Aug 2018 17:36:05 GMT']
      expires: ['-1']
      location: ['https://management.azure.com/subscriptions/00000000-0000-0000-0000-000000000000/providers/Microsoft.Network/locations/westus/operationResults/23edc464-b5fd-46d3-967e-c6cb93a93021?api-version=2018-07-01']
      pragma: [no-cache]
      server: [Microsoft-HTTPAPI/2.0, Microsoft-HTTPAPI/2.0]
      strict-transport-security: [max-age=31536000; includeSubDomains]
      x-content-type-options: [nosniff]
      x-ms-ratelimit-remaining-subscription-deletes: ['14999']
    status: {code: 202, message: Accepted}
- request:
    body: null
    headers:
      Accept: [application/json]
      Accept-Encoding: ['gzip, deflate']
      Connection: [keep-alive]
      User-Agent: [python/3.6.3 (Windows-10-10.0.17134-SP0) msrest/0.5.4 msrest_azure/0.5.0
          networkmanagementclient/2.0.1 Azure-SDK-For-Python]
    method: GET
    uri: https://management.azure.com/subscriptions/00000000-0000-0000-0000-000000000000/providers/Microsoft.Network/locations/westus/operations/23edc464-b5fd-46d3-967e-c6cb93a93021?api-version=2018-07-01
  response:
    body: {string: "{\r\n  \"status\": \"Succeeded\"\r\n}"}
    headers:
      cache-control: [no-cache]
      content-length: ['29']
      content-type: [application/json; charset=utf-8]
      date: ['Tue, 28 Aug 2018 17:36:15 GMT']
      expires: ['-1']
      pragma: [no-cache]
      server: [Microsoft-HTTPAPI/2.0, Microsoft-HTTPAPI/2.0]
      strict-transport-security: [max-age=31536000; includeSubDomains]
      transfer-encoding: [chunked]
      vary: [Accept-Encoding]
      x-content-type-options: [nosniff]
    status: {code: 200, message: OK}
version: 1
