interactions:
- request:
    body: '{"location": "westus", "properties": {"addressSpace": {"addressPrefixes":
      ["10.0.0.0/16"]}, "dhcpOptions": {"dnsServers": ["10.1.1.1", "10.1.2.4"]}, "subnets":
      [{"properties": {"addressPrefix": "10.0.1.0/24"}, "name": "pysubnetonec2cc0c8f"}],
      "enableDdosProtection": false, "enableVmProtection": false}}'
    headers:
      Accept: [application/json]
      Accept-Encoding: ['gzip, deflate']
      Connection: [keep-alive]
      Content-Length: ['303']
      Content-Type: [application/json; charset=utf-8]
      User-Agent: [python/3.6.4 (Windows-10-10.0.17134-SP0) requests/2.19.1 msrest/0.5.4
          msrest_azure/0.4.34 networkmanagementclient/2.0.0 Azure-SDK-For-Python]
      accept-language: [en-US]
    method: PUT
    uri: https://management.azure.com/subscriptions/00000000-0000-0000-0000-000000000000/resourceGroups/test_mgmt_network_test_subnetsc2cc0c8f/providers/Microsoft.Network/virtualNetworks/pysubnetc2cc0c8f?api-version=2018-06-01
  response:
    body: {string: "{\r\n  \"name\": \"pysubnetc2cc0c8f\",\r\n  \"id\": \"/subscriptions/00000000-0000-0000-0000-000000000000/resourceGroups/test_mgmt_network_test_subnetsc2cc0c8f/providers/Microsoft.Network/virtualNetworks/pysubnetc2cc0c8f\"\
        ,\r\n  \"etag\": \"W/\\\"cba837c6-4989-4e2a-864e-bc53c64eabde\\\"\",\r\n \
        \ \"type\": \"Microsoft.Network/virtualNetworks\",\r\n  \"location\": \"westus\"\
        ,\r\n  \"properties\": {\r\n    \"provisioningState\": \"Updating\",\r\n \
        \   \"resourceGuid\": \"6dfd0692-2ba9-4a0a-b1d8-3df890f7a1c5\",\r\n    \"\
        addressSpace\": {\r\n      \"addressPrefixes\": [\r\n        \"10.0.0.0/16\"\
        \r\n      ]\r\n    },\r\n    \"dhcpOptions\": {\r\n      \"dnsServers\": [\r\
        \n        \"10.1.1.1\",\r\n        \"10.1.2.4\"\r\n      ]\r\n    },\r\n \
        \   \"subnets\": [\r\n      {\r\n        \"name\": \"pysubnetonec2cc0c8f\"\
        ,\r\n        \"id\": \"/subscriptions/00000000-0000-0000-0000-000000000000/resourceGroups/test_mgmt_network_test_subnetsc2cc0c8f/providers/Microsoft.Network/virtualNetworks/pysubnetc2cc0c8f/subnets/pysubnetonec2cc0c8f\"\
        ,\r\n        \"etag\": \"W/\\\"cba837c6-4989-4e2a-864e-bc53c64eabde\\\"\"\
        ,\r\n        \"properties\": {\r\n          \"provisioningState\": \"Updating\"\
        ,\r\n          \"addressPrefix\": \"10.0.1.0/24\",\r\n          \"delegations\"\
        : []\r\n        }\r\n      }\r\n    ],\r\n    \"virtualNetworkPeerings\":\
        \ [],\r\n    \"enableDdosProtection\": false,\r\n    \"enableVmProtection\"\
        : false\r\n  }\r\n}"}
    headers:
      azure-asyncoperation: ['https://management.azure.com/subscriptions/00000000-0000-0000-0000-000000000000/providers/Microsoft.Network/locations/westus/operations/ba975d71-d3cb-48fd-8766-b065bf7dde2e?api-version=2018-06-01']
      cache-control: [no-cache]
      content-length: ['1277']
      content-type: [application/json; charset=utf-8]
      date: ['Fri, 27 Jul 2018 22:49:15 GMT']
      expires: ['-1']
      pragma: [no-cache]
      server: [Microsoft-HTTPAPI/2.0, Microsoft-HTTPAPI/2.0]
      strict-transport-security: [max-age=31536000; includeSubDomains]
      x-content-type-options: [nosniff]
      x-ms-ratelimit-remaining-subscription-writes: ['1199']
    status: {code: 201, message: Created}
- request:
    body: null
    headers:
      Accept: [application/json]
      Accept-Encoding: ['gzip, deflate']
      Connection: [keep-alive]
      User-Agent: [python/3.6.4 (Windows-10-10.0.17134-SP0) requests/2.19.1 msrest/0.5.4
          msrest_azure/0.4.34 networkmanagementclient/2.0.0 Azure-SDK-For-Python]
    method: GET
    uri: https://management.azure.com/subscriptions/00000000-0000-0000-0000-000000000000/providers/Microsoft.Network/locations/westus/operations/ba975d71-d3cb-48fd-8766-b065bf7dde2e?api-version=2018-06-01
  response:
    body: {string: "{\r\n  \"status\": \"InProgress\"\r\n}"}
    headers:
      cache-control: [no-cache]
      content-length: ['30']
      content-type: [application/json; charset=utf-8]
      date: ['Fri, 27 Jul 2018 22:49:19 GMT']
      expires: ['-1']
      pragma: [no-cache]
      server: [Microsoft-HTTPAPI/2.0, Microsoft-HTTPAPI/2.0]
      strict-transport-security: [max-age=31536000; includeSubDomains]
      transfer-encoding: [chunked]
      vary: [Accept-Encoding]
      x-content-type-options: [nosniff]
    status: {code: 200, message: OK}
- request:
    body: null
    headers:
      Accept: [application/json]
      Accept-Encoding: ['gzip, deflate']
      Connection: [keep-alive]
      User-Agent: [python/3.6.4 (Windows-10-10.0.17134-SP0) requests/2.19.1 msrest/0.5.4
          msrest_azure/0.4.34 networkmanagementclient/2.0.0 Azure-SDK-For-Python]
    method: GET
    uri: https://management.azure.com/subscriptions/00000000-0000-0000-0000-000000000000/providers/Microsoft.Network/locations/westus/operations/ba975d71-d3cb-48fd-8766-b065bf7dde2e?api-version=2018-06-01
  response:
    body: {string: "{\r\n  \"status\": \"Succeeded\"\r\n}"}
    headers:
      cache-control: [no-cache]
      content-length: ['29']
      content-type: [application/json; charset=utf-8]
      date: ['Fri, 27 Jul 2018 22:49:31 GMT']
      expires: ['-1']
      pragma: [no-cache]
      server: [Microsoft-HTTPAPI/2.0, Microsoft-HTTPAPI/2.0]
      strict-transport-security: [max-age=31536000; includeSubDomains]
      transfer-encoding: [chunked]
      vary: [Accept-Encoding]
      x-content-type-options: [nosniff]
    status: {code: 200, message: OK}
- request:
    body: null
    headers:
      Accept: [application/json]
      Accept-Encoding: ['gzip, deflate']
      Connection: [keep-alive]
      User-Agent: [python/3.6.4 (Windows-10-10.0.17134-SP0) requests/2.19.1 msrest/0.5.4
          msrest_azure/0.4.34 networkmanagementclient/2.0.0 Azure-SDK-For-Python]
    method: GET
    uri: https://management.azure.com/subscriptions/00000000-0000-0000-0000-000000000000/resourceGroups/test_mgmt_network_test_subnetsc2cc0c8f/providers/Microsoft.Network/virtualNetworks/pysubnetc2cc0c8f?api-version=2018-06-01
  response:
    body: {string: "{\r\n  \"name\": \"pysubnetc2cc0c8f\",\r\n  \"id\": \"/subscriptions/00000000-0000-0000-0000-000000000000/resourceGroups/test_mgmt_network_test_subnetsc2cc0c8f/providers/Microsoft.Network/virtualNetworks/pysubnetc2cc0c8f\"\
        ,\r\n  \"etag\": \"W/\\\"c85ffd65-2423-4c48-81aa-32e40648bcac\\\"\",\r\n \
        \ \"type\": \"Microsoft.Network/virtualNetworks\",\r\n  \"location\": \"westus\"\
        ,\r\n  \"properties\": {\r\n    \"provisioningState\": \"Succeeded\",\r\n\
        \    \"resourceGuid\": \"6dfd0692-2ba9-4a0a-b1d8-3df890f7a1c5\",\r\n    \"\
        addressSpace\": {\r\n      \"addressPrefixes\": [\r\n        \"10.0.0.0/16\"\
        \r\n      ]\r\n    },\r\n    \"dhcpOptions\": {\r\n      \"dnsServers\": [\r\
        \n        \"10.1.1.1\",\r\n        \"10.1.2.4\"\r\n      ]\r\n    },\r\n \
        \   \"subnets\": [\r\n      {\r\n        \"name\": \"pysubnetonec2cc0c8f\"\
        ,\r\n        \"id\": \"/subscriptions/00000000-0000-0000-0000-000000000000/resourceGroups/test_mgmt_network_test_subnetsc2cc0c8f/providers/Microsoft.Network/virtualNetworks/pysubnetc2cc0c8f/subnets/pysubnetonec2cc0c8f\"\
        ,\r\n        \"etag\": \"W/\\\"c85ffd65-2423-4c48-81aa-32e40648bcac\\\"\"\
        ,\r\n        \"properties\": {\r\n          \"provisioningState\": \"Succeeded\"\
        ,\r\n          \"addressPrefix\": \"10.0.1.0/24\",\r\n          \"delegations\"\
        : []\r\n        }\r\n      }\r\n    ],\r\n    \"virtualNetworkPeerings\":\
        \ [],\r\n    \"enableDdosProtection\": false,\r\n    \"enableVmProtection\"\
        : false\r\n  }\r\n}"}
    headers:
      cache-control: [no-cache]
      content-length: ['1279']
      content-type: [application/json; charset=utf-8]
      date: ['Fri, 27 Jul 2018 22:49:31 GMT']
      etag: [W/"c85ffd65-2423-4c48-81aa-32e40648bcac"]
      expires: ['-1']
      pragma: [no-cache]
      server: [Microsoft-HTTPAPI/2.0, Microsoft-HTTPAPI/2.0]
      strict-transport-security: [max-age=31536000; includeSubDomains]
      transfer-encoding: [chunked]
      vary: [Accept-Encoding]
      x-content-type-options: [nosniff]
    status: {code: 200, message: OK}
- request:
    body: '{"properties": {"addressPrefix": "10.0.2.0/24"}, "name": "pysubnettwoc2cc0c8f"}'
    headers:
      Accept: [application/json]
      Accept-Encoding: ['gzip, deflate']
      Connection: [keep-alive]
      Content-Length: ['79']
      Content-Type: [application/json; charset=utf-8]
      User-Agent: [python/3.6.4 (Windows-10-10.0.17134-SP0) requests/2.19.1 msrest/0.5.4
          msrest_azure/0.4.34 networkmanagementclient/2.0.0 Azure-SDK-For-Python]
      accept-language: [en-US]
    method: PUT
    uri: https://management.azure.com/subscriptions/00000000-0000-0000-0000-000000000000/resourceGroups/test_mgmt_network_test_subnetsc2cc0c8f/providers/Microsoft.Network/virtualNetworks/pysubnetc2cc0c8f/subnets/pysubnettwoc2cc0c8f?api-version=2018-06-01
  response:
    body: {string: "{\r\n  \"name\": \"pysubnettwoc2cc0c8f\",\r\n  \"id\": \"/subscriptions/00000000-0000-0000-0000-000000000000/resourceGroups/test_mgmt_network_test_subnetsc2cc0c8f/providers/Microsoft.Network/virtualNetworks/pysubnetc2cc0c8f/subnets/pysubnettwoc2cc0c8f\"\
        ,\r\n  \"etag\": \"W/\\\"72ae2b76-f848-4c1b-9168-2ba3347877a3\\\"\",\r\n \
        \ \"properties\": {\r\n    \"provisioningState\": \"Updating\",\r\n    \"\
        addressPrefix\": \"10.0.2.0/24\",\r\n    \"delegations\": []\r\n  }\r\n}"}
    headers:
      azure-asyncoperation: ['https://management.azure.com/subscriptions/00000000-0000-0000-0000-000000000000/providers/Microsoft.Network/locations/westus/operations/fd6f312f-f8ba-4217-a29a-42b824b3a51d?api-version=2018-06-01']
      cache-control: [no-cache]
      content-length: ['424']
      content-type: [application/json; charset=utf-8]
      date: ['Fri, 27 Jul 2018 22:49:33 GMT']
      expires: ['-1']
      pragma: [no-cache]
      server: [Microsoft-HTTPAPI/2.0, Microsoft-HTTPAPI/2.0]
      strict-transport-security: [max-age=31536000; includeSubDomains]
      x-content-type-options: [nosniff]
      x-ms-ratelimit-remaining-subscription-writes: ['1199']
    status: {code: 201, message: Created}
- request:
    body: null
    headers:
      Accept: [application/json]
      Accept-Encoding: ['gzip, deflate']
      Connection: [keep-alive]
      User-Agent: [python/3.6.4 (Windows-10-10.0.17134-SP0) requests/2.19.1 msrest/0.5.4
          msrest_azure/0.4.34 networkmanagementclient/2.0.0 Azure-SDK-For-Python]
    method: GET
    uri: https://management.azure.com/subscriptions/00000000-0000-0000-0000-000000000000/providers/Microsoft.Network/locations/westus/operations/fd6f312f-f8ba-4217-a29a-42b824b3a51d?api-version=2018-06-01
  response:
    body: {string: "{\r\n  \"status\": \"Succeeded\"\r\n}"}
    headers:
      cache-control: [no-cache]
      content-length: ['29']
      content-type: [application/json; charset=utf-8]
      date: ['Fri, 27 Jul 2018 22:49:37 GMT']
      expires: ['-1']
      pragma: [no-cache]
      server: [Microsoft-HTTPAPI/2.0, Microsoft-HTTPAPI/2.0]
      strict-transport-security: [max-age=31536000; includeSubDomains]
      transfer-encoding: [chunked]
      vary: [Accept-Encoding]
      x-content-type-options: [nosniff]
    status: {code: 200, message: OK}
- request:
    body: null
    headers:
      Accept: [application/json]
      Accept-Encoding: ['gzip, deflate']
      Connection: [keep-alive]
      User-Agent: [python/3.6.4 (Windows-10-10.0.17134-SP0) requests/2.19.1 msrest/0.5.4
          msrest_azure/0.4.34 networkmanagementclient/2.0.0 Azure-SDK-For-Python]
    method: GET
    uri: https://management.azure.com/subscriptions/00000000-0000-0000-0000-000000000000/resourceGroups/test_mgmt_network_test_subnetsc2cc0c8f/providers/Microsoft.Network/virtualNetworks/pysubnetc2cc0c8f/subnets/pysubnettwoc2cc0c8f?api-version=2018-06-01
  response:
    body: {string: "{\r\n  \"name\": \"pysubnettwoc2cc0c8f\",\r\n  \"id\": \"/subscriptions/00000000-0000-0000-0000-000000000000/resourceGroups/test_mgmt_network_test_subnetsc2cc0c8f/providers/Microsoft.Network/virtualNetworks/pysubnetc2cc0c8f/subnets/pysubnettwoc2cc0c8f\"\
        ,\r\n  \"etag\": \"W/\\\"87c33a43-1383-4649-aa10-d80252276a1a\\\"\",\r\n \
        \ \"properties\": {\r\n    \"provisioningState\": \"Succeeded\",\r\n    \"\
        addressPrefix\": \"10.0.2.0/24\",\r\n    \"delegations\": []\r\n  }\r\n}"}
    headers:
      cache-control: [no-cache]
      content-length: ['425']
      content-type: [application/json; charset=utf-8]
      date: ['Fri, 27 Jul 2018 22:49:38 GMT']
      etag: [W/"87c33a43-1383-4649-aa10-d80252276a1a"]
      expires: ['-1']
      pragma: [no-cache]
      server: [Microsoft-HTTPAPI/2.0, Microsoft-HTTPAPI/2.0]
      strict-transport-security: [max-age=31536000; includeSubDomains]
      transfer-encoding: [chunked]
      vary: [Accept-Encoding]
      x-content-type-options: [nosniff]
    status: {code: 200, message: OK}
- request:
    body: null
    headers:
      Accept: [application/json]
      Accept-Encoding: ['gzip, deflate']
      Connection: [keep-alive]
      Content-Type: [application/json; charset=utf-8]
      User-Agent: [python/3.6.4 (Windows-10-10.0.17134-SP0) requests/2.19.1 msrest/0.5.4
          msrest_azure/0.4.34 networkmanagementclient/2.0.0 Azure-SDK-For-Python]
      accept-language: [en-US]
    method: GET
    uri: https://management.azure.com/subscriptions/00000000-0000-0000-0000-000000000000/resourceGroups/test_mgmt_network_test_subnetsc2cc0c8f/providers/Microsoft.Network/virtualNetworks/pysubnetc2cc0c8f?api-version=2018-06-01
  response:
    body: {string: "{\r\n  \"name\": \"pysubnetc2cc0c8f\",\r\n  \"id\": \"/subscriptions/00000000-0000-0000-0000-000000000000/resourceGroups/test_mgmt_network_test_subnetsc2cc0c8f/providers/Microsoft.Network/virtualNetworks/pysubnetc2cc0c8f\"\
        ,\r\n  \"etag\": \"W/\\\"87c33a43-1383-4649-aa10-d80252276a1a\\\"\",\r\n \
        \ \"type\": \"Microsoft.Network/virtualNetworks\",\r\n  \"location\": \"westus\"\
        ,\r\n  \"properties\": {\r\n    \"provisioningState\": \"Succeeded\",\r\n\
        \    \"resourceGuid\": \"6dfd0692-2ba9-4a0a-b1d8-3df890f7a1c5\",\r\n    \"\
        addressSpace\": {\r\n      \"addressPrefixes\": [\r\n        \"10.0.0.0/16\"\
        \r\n      ]\r\n    },\r\n    \"dhcpOptions\": {\r\n      \"dnsServers\": [\r\
        \n        \"10.1.1.1\",\r\n        \"10.1.2.4\"\r\n      ]\r\n    },\r\n \
        \   \"subnets\": [\r\n      {\r\n        \"name\": \"pysubnetonec2cc0c8f\"\
        ,\r\n        \"id\": \"/subscriptions/00000000-0000-0000-0000-000000000000/resourceGroups/test_mgmt_network_test_subnetsc2cc0c8f/providers/Microsoft.Network/virtualNetworks/pysubnetc2cc0c8f/subnets/pysubnetonec2cc0c8f\"\
        ,\r\n        \"etag\": \"W/\\\"87c33a43-1383-4649-aa10-d80252276a1a\\\"\"\
        ,\r\n        \"properties\": {\r\n          \"provisioningState\": \"Succeeded\"\
        ,\r\n          \"addressPrefix\": \"10.0.1.0/24\",\r\n          \"delegations\"\
        : []\r\n        }\r\n      },\r\n      {\r\n        \"name\": \"pysubnettwoc2cc0c8f\"\
        ,\r\n        \"id\": \"/subscriptions/00000000-0000-0000-0000-000000000000/resourceGroups/test_mgmt_network_test_subnetsc2cc0c8f/providers/Microsoft.Network/virtualNetworks/pysubnetc2cc0c8f/subnets/pysubnettwoc2cc0c8f\"\
        ,\r\n        \"etag\": \"W/\\\"87c33a43-1383-4649-aa10-d80252276a1a\\\"\"\
        ,\r\n        \"properties\": {\r\n          \"provisioningState\": \"Succeeded\"\
        ,\r\n          \"addressPrefix\": \"10.0.2.0/24\",\r\n          \"delegations\"\
        : []\r\n        }\r\n      }\r\n    ],\r\n    \"virtualNetworkPeerings\":\
        \ [],\r\n    \"enableDdosProtection\": false,\r\n    \"enableVmProtection\"\
        : false\r\n  }\r\n}"}
    headers:
      cache-control: [no-cache]
      content-length: ['1767']
      content-type: [application/json; charset=utf-8]
      date: ['Fri, 27 Jul 2018 22:49:39 GMT']
      etag: [W/"87c33a43-1383-4649-aa10-d80252276a1a"]
      expires: ['-1']
      pragma: [no-cache]
      server: [Microsoft-HTTPAPI/2.0, Microsoft-HTTPAPI/2.0]
      strict-transport-security: [max-age=31536000; includeSubDomains]
      transfer-encoding: [chunked]
      vary: [Accept-Encoding]
      x-content-type-options: [nosniff]
    status: {code: 200, message: OK}
- request:
    body: null
    headers:
      Accept: [application/json]
      Accept-Encoding: ['gzip, deflate']
      Connection: [keep-alive]
      Content-Type: [application/json; charset=utf-8]
      User-Agent: [python/3.6.4 (Windows-10-10.0.17134-SP0) requests/2.19.1 msrest/0.5.4
          msrest_azure/0.4.34 networkmanagementclient/2.0.0 Azure-SDK-For-Python]
      accept-language: [en-US]
    method: GET
    uri: https://management.azure.com/subscriptions/00000000-0000-0000-0000-000000000000/resourceGroups/test_mgmt_network_test_subnetsc2cc0c8f/providers/Microsoft.Network/virtualNetworks/pysubnetc2cc0c8f/subnets/pysubnettwoc2cc0c8f?api-version=2018-06-01
  response:
    body: {string: "{\r\n  \"name\": \"pysubnettwoc2cc0c8f\",\r\n  \"id\": \"/subscriptions/00000000-0000-0000-0000-000000000000/resourceGroups/test_mgmt_network_test_subnetsc2cc0c8f/providers/Microsoft.Network/virtualNetworks/pysubnetc2cc0c8f/subnets/pysubnettwoc2cc0c8f\"\
        ,\r\n  \"etag\": \"W/\\\"87c33a43-1383-4649-aa10-d80252276a1a\\\"\",\r\n \
        \ \"properties\": {\r\n    \"provisioningState\": \"Succeeded\",\r\n    \"\
        addressPrefix\": \"10.0.2.0/24\",\r\n    \"delegations\": []\r\n  }\r\n}"}
    headers:
      cache-control: [no-cache]
      content-length: ['425']
      content-type: [application/json; charset=utf-8]
      date: ['Fri, 27 Jul 2018 22:49:40 GMT']
      etag: [W/"87c33a43-1383-4649-aa10-d80252276a1a"]
      expires: ['-1']
      pragma: [no-cache]
      server: [Microsoft-HTTPAPI/2.0, Microsoft-HTTPAPI/2.0]
      strict-transport-security: [max-age=31536000; includeSubDomains]
      transfer-encoding: [chunked]
      vary: [Accept-Encoding]
      x-content-type-options: [nosniff]
    status: {code: 200, message: OK}
- request:
    body: null
    headers:
      Accept: [application/json]
      Accept-Encoding: ['gzip, deflate']
      Connection: [keep-alive]
      Content-Type: [application/json; charset=utf-8]
      User-Agent: [python/3.6.4 (Windows-10-10.0.17134-SP0) requests/2.19.1 msrest/0.5.4
          msrest_azure/0.4.34 networkmanagementclient/2.0.0 Azure-SDK-For-Python]
      accept-language: [en-US]
    method: GET
    uri: https://management.azure.com/subscriptions/00000000-0000-0000-0000-000000000000/resourceGroups/test_mgmt_network_test_subnetsc2cc0c8f/providers/Microsoft.Network/virtualNetworks/pysubnetc2cc0c8f/subnets?api-version=2018-06-01
  response:
    body: {string: "{\r\n  \"value\": [\r\n    {\r\n      \"name\": \"pysubnetonec2cc0c8f\"\
        ,\r\n      \"id\": \"/subscriptions/00000000-0000-0000-0000-000000000000/resourceGroups/test_mgmt_network_test_subnetsc2cc0c8f/providers/Microsoft.Network/virtualNetworks/pysubnetc2cc0c8f/subnets/pysubnetonec2cc0c8f\"\
        ,\r\n      \"etag\": \"W/\\\"87c33a43-1383-4649-aa10-d80252276a1a\\\"\",\r\
        \n      \"properties\": {\r\n        \"provisioningState\": \"Succeeded\"\
        ,\r\n        \"addressPrefix\": \"10.0.1.0/24\",\r\n        \"delegations\"\
        : []\r\n      }\r\n    },\r\n    {\r\n      \"name\": \"pysubnettwoc2cc0c8f\"\
        ,\r\n      \"id\": \"/subscriptions/00000000-0000-0000-0000-000000000000/resourceGroups/test_mgmt_network_test_subnetsc2cc0c8f/providers/Microsoft.Network/virtualNetworks/pysubnetc2cc0c8f/subnets/pysubnettwoc2cc0c8f\"\
        ,\r\n      \"etag\": \"W/\\\"87c33a43-1383-4649-aa10-d80252276a1a\\\"\",\r\
        \n      \"properties\": {\r\n        \"provisioningState\": \"Succeeded\"\
        ,\r\n        \"addressPrefix\": \"10.0.2.0/24\",\r\n        \"delegations\"\
        : []\r\n      }\r\n    }\r\n  ]\r\n}"}
    headers:
      cache-control: [no-cache]
      content-length: ['958']
      content-type: [application/json; charset=utf-8]
      date: ['Fri, 27 Jul 2018 22:49:41 GMT']
      expires: ['-1']
      pragma: [no-cache]
      server: [Microsoft-HTTPAPI/2.0, Microsoft-HTTPAPI/2.0]
      strict-transport-security: [max-age=31536000; includeSubDomains]
      transfer-encoding: [chunked]
      vary: [Accept-Encoding]
      x-content-type-options: [nosniff]
    status: {code: 200, message: OK}
- request:
    body: null
    headers:
      Accept: [application/json]
      Accept-Encoding: ['gzip, deflate']
      Connection: [keep-alive]
      Content-Length: ['0']
      Content-Type: [application/json; charset=utf-8]
      User-Agent: [python/3.6.4 (Windows-10-10.0.17134-SP0) requests/2.19.1 msrest/0.5.4
          msrest_azure/0.4.34 networkmanagementclient/2.0.0 Azure-SDK-For-Python]
      accept-language: [en-US]
    method: DELETE
    uri: https://management.azure.com/subscriptions/00000000-0000-0000-0000-000000000000/resourceGroups/test_mgmt_network_test_subnetsc2cc0c8f/providers/Microsoft.Network/virtualNetworks/pysubnetc2cc0c8f/subnets/pysubnettwoc2cc0c8f?api-version=2018-06-01
  response:
    body: {string: ''}
    headers:
      azure-asyncoperation: ['https://management.azure.com/subscriptions/00000000-0000-0000-0000-000000000000/providers/Microsoft.Network/locations/westus/operations/ba37c26b-ea5a-4d18-a22e-fbc65812ab0d?api-version=2018-06-01']
      cache-control: [no-cache]
      content-length: ['0']
      date: ['Fri, 27 Jul 2018 22:49:42 GMT']
      expires: ['-1']
      location: ['https://management.azure.com/subscriptions/00000000-0000-0000-0000-000000000000/providers/Microsoft.Network/locations/westus/operationResults/ba37c26b-ea5a-4d18-a22e-fbc65812ab0d?api-version=2018-06-01']
      pragma: [no-cache]
      server: [Microsoft-HTTPAPI/2.0, Microsoft-HTTPAPI/2.0]
      strict-transport-security: [max-age=31536000; includeSubDomains]
      x-content-type-options: [nosniff]
      x-ms-ratelimit-remaining-subscription-deletes: ['14999']
    status: {code: 202, message: Accepted}
- request:
    body: null
    headers:
      Accept: [application/json]
      Accept-Encoding: ['gzip, deflate']
      Connection: [keep-alive]
      User-Agent: [python/3.6.4 (Windows-10-10.0.17134-SP0) requests/2.19.1 msrest/0.5.4
          msrest_azure/0.4.34 networkmanagementclient/2.0.0 Azure-SDK-For-Python]
    method: GET
    uri: https://management.azure.com/subscriptions/00000000-0000-0000-0000-000000000000/providers/Microsoft.Network/locations/westus/operations/ba37c26b-ea5a-4d18-a22e-fbc65812ab0d?api-version=2018-06-01
  response:
    body: {string: "{\r\n  \"status\": \"Succeeded\"\r\n}"}
    headers:
      cache-control: [no-cache]
      content-length: ['29']
      content-type: [application/json; charset=utf-8]
      date: ['Fri, 27 Jul 2018 22:49:53 GMT']
      expires: ['-1']
      pragma: [no-cache]
      server: [Microsoft-HTTPAPI/2.0, Microsoft-HTTPAPI/2.0]
      strict-transport-security: [max-age=31536000; includeSubDomains]
      transfer-encoding: [chunked]
      vary: [Accept-Encoding]
      x-content-type-options: [nosniff]
    status: {code: 200, message: OK}
version: 1
