interactions:
- request:
    body: null
    headers:
      Accept:
      - application/xml
      User-Agent:
      - azsdk-python-servicebusmanagementclient/2021-05 Python/3.7.10 (Windows-10-10.0.22000-SP0)
    method: GET
    uri: https://servicebustestsbname.servicebus.windows.net/$Resources/topics?$skip=0&$top=100&api-version=2021-05
  response:
    body:
      string: <feed xmlns="http://www.w3.org/2005/Atom"><title type="text">Topics</title><id>https://servicebustestkjdemkkogk.servicebus.windows.net/$Resources/topics?$skip=0&amp;$top=100&amp;api-version=2021-05</id><updated>2021-10-21T05:23:42Z</updated><link
        rel="self" href="https://servicebustestkjdemkkogk.servicebus.windows.net/$Resources/topics?$skip=0&amp;$top=100&amp;api-version=2021-05"/></feed>
    headers:
      content-type: application/atom+xml;type=feed;charset=utf-8
      date: Thu, 21 Oct 2021 05:23:41 GMT
      server: Microsoft-HTTPAPI/2.0
      transfer-encoding: chunked
    status:
      code: 200
      message: OK
    url: https://servicebustestkjdemkkogk.servicebus.windows.net/$Resources/topics?$skip=0&$top=100&api-version=2021-05
- request:
    body: '<?xml version=''1.0'' encoding=''utf-8''?>

      <ns0:entry xmlns:ns0="http://www.w3.org/2005/Atom" xmlns="http://schemas.microsoft.com/netservices/2010/10/servicebus/connect"><ns0:content
      type="application/xml"><TopicDescription /></ns0:content></ns0:entry>'
    headers:
      Accept:
      - application/xml
      Content-Length:
      - '248'
      Content-Type:
      - application/atom+xml
      User-Agent:
      - azsdk-python-servicebusmanagementclient/2021-05 Python/3.7.10 (Windows-10-10.0.22000-SP0)
    method: PUT
    uri: https://servicebustestsbname.servicebus.windows.net/fjruid?api-version=2021-05
  response:
    body:
      string: <entry xmlns="http://www.w3.org/2005/Atom"><id>https://servicebustestkjdemkkogk.servicebus.windows.net/fjruid?api-version=2021-05</id><title
        type="text">fjruid</title><published>2021-10-21T05:23:42Z</published><updated>2021-10-21T05:23:42Z</updated><author><name>servicebustestkjdemkkogk</name></author><link
        rel="self" href="https://servicebustestkjdemkkogk.servicebus.windows.net/fjruid?api-version=2021-05"/><content
        type="application/xml"><TopicDescription xmlns="http://schemas.microsoft.com/netservices/2010/10/servicebus/connect"
        xmlns:i="http://www.w3.org/2001/XMLSchema-instance"><DefaultMessageTimeToLive>P10675199DT2H48M5.4775807S</DefaultMessageTimeToLive><MaxSizeInMegabytes>1024</MaxSizeInMegabytes><RequiresDuplicateDetection>false</RequiresDuplicateDetection><DuplicateDetectionHistoryTimeWindow>PT10M</DuplicateDetectionHistoryTimeWindow><EnableBatchedOperations>true</EnableBatchedOperations><SizeInBytes>0</SizeInBytes><FilteringMessagesBeforePublishing>false</FilteringMessagesBeforePublishing><IsAnonymousAccessible>false</IsAnonymousAccessible><AuthorizationRules></AuthorizationRules><Status>Active</Status><CreatedAt>2021-10-21T05:23:42.51Z</CreatedAt><UpdatedAt>2021-10-21T05:23:42.603Z</UpdatedAt><SupportOrdering>true</SupportOrdering><AutoDeleteOnIdle>P10675199DT2H48M5.4775807S</AutoDeleteOnIdle><EnablePartitioning>false</EnablePartitioning><EntityAvailabilityStatus>Available</EntityAvailabilityStatus><EnableSubscriptionPartitioning>false</EnableSubscriptionPartitioning><EnableExpress>false</EnableExpress><MaxMessageSizeInKilobytes>256</MaxMessageSizeInKilobytes></TopicDescription></content></entry>
    headers:
      content-type: application/atom+xml;type=entry;charset=utf-8
      date: Thu, 21 Oct 2021 05:23:42 GMT
      server: Microsoft-HTTPAPI/2.0
      strict-transport-security: max-age=31536000
      transfer-encoding: chunked
    status:
      code: 201
      message: Created
    url: https://servicebustestkjdemkkogk.servicebus.windows.net/fjruid?api-version=2021-05
- request:
    body: null
    headers:
      Accept:
      - application/xml
      User-Agent:
      - azsdk-python-servicebusmanagementclient/2021-05 Python/3.7.10 (Windows-10-10.0.22000-SP0)
    method: DELETE
    uri: https://servicebustestsbname.servicebus.windows.net/fjruid?api-version=2021-05
  response:
    body:
      string: ''
    headers:
      content-length: '0'
      date: Thu, 21 Oct 2021 05:23:42 GMT
      etag: '637703906226030000'
      server: Microsoft-HTTPAPI/2.0
      strict-transport-security: max-age=31536000
    status:
      code: 200
      message: OK
    url: https://servicebustestkjdemkkogk.servicebus.windows.net/fjruid?api-version=2021-05
version: 1
