interactions:
- request:
    body: null
    headers:
      Accept:
      - application/xml
      User-Agent:
      - azsdk-python-servicebusmanagementclient/2017-04 Python/3.9.0 (Windows-10-10.0.19041-SP0)
    method: GET
    uri: https://servicebustestsbname.servicebus.windows.net/$Resources/topics?$skip=0&$top=100&api-version=2017-04
  response:
    body:
      string: <feed xmlns="http://www.w3.org/2005/Atom"><title type="text">Topics</title><id>https://servicebustestb5y6ikba5v.servicebus.windows.net/$Resources/topics?$skip=0&amp;$top=100&amp;api-version=2017-04</id><updated>2021-03-19T22:20:51Z</updated><link
        rel="self" href="https://servicebustestb5y6ikba5v.servicebus.windows.net/$Resources/topics?$skip=0&amp;$top=100&amp;api-version=2017-04"/></feed>
    headers:
      content-type: application/atom+xml;type=feed;charset=utf-8
      date: Fri, 19 Mar 2021 22:20:51 GMT
      server: Microsoft-HTTPAPI/2.0
      transfer-encoding: chunked
    status:
      code: 200
      message: OK
    url: https://servicebustestb5y6ikba5v.servicebus.windows.net/$Resources/topics?$skip=0&$top=100&api-version=2017-04
- request:
    body: '<?xml version=''1.0'' encoding=''utf-8''?>

      <ns0:entry xmlns:ns0="http://www.w3.org/2005/Atom" xmlns="http://schemas.microsoft.com/netservices/2010/10/servicebus/connect"><ns0:content
      type="application/xml"><QueueDescription /></ns0:content></ns0:entry>'
    headers:
      Accept:
      - application/xml
      Content-Length:
      - '248'
      Content-Type:
      - application/atom+xml
      User-Agent:
      - azsdk-python-servicebusmanagementclient/2017-04 Python/3.9.0 (Windows-10-10.0.19041-SP0)
    method: PUT
    uri: https://servicebustestsbname.servicebus.windows.net/dfkla?api-version=2017-04
  response:
    body:
      string: <entry xmlns="http://www.w3.org/2005/Atom"><id>https://servicebustestb5y6ikba5v.servicebus.windows.net/dfkla?api-version=2017-04</id><title
        type="text">dfkla</title><published>2021-03-19T22:20:52Z</published><updated>2021-03-19T22:20:52Z</updated><author><name>servicebustestb5y6ikba5v</name></author><link
        rel="self" href="https://servicebustestb5y6ikba5v.servicebus.windows.net/dfkla?api-version=2017-04"/><content
        type="application/xml"><QueueDescription xmlns="http://schemas.microsoft.com/netservices/2010/10/servicebus/connect"
        xmlns:i="http://www.w3.org/2001/XMLSchema-instance"><LockDuration>PT1M</LockDuration><MaxSizeInMegabytes>1024</MaxSizeInMegabytes><RequiresDuplicateDetection>false</RequiresDuplicateDetection><RequiresSession>false</RequiresSession><DefaultMessageTimeToLive>P10675199DT2H48M5.4775807S</DefaultMessageTimeToLive><DeadLetteringOnMessageExpiration>false</DeadLetteringOnMessageExpiration><DuplicateDetectionHistoryTimeWindow>PT10M</DuplicateDetectionHistoryTimeWindow><MaxDeliveryCount>10</MaxDeliveryCount><EnableBatchedOperations>true</EnableBatchedOperations><SizeInBytes>0</SizeInBytes><MessageCount>0</MessageCount><IsAnonymousAccessible>false</IsAnonymousAccessible><AuthorizationRules></AuthorizationRules><Status>Active</Status><CreatedAt>2021-03-19T22:20:52.04Z</CreatedAt><UpdatedAt>2021-03-19T22:20:52.087Z</UpdatedAt><SupportOrdering>true</SupportOrdering><AutoDeleteOnIdle>P10675199DT2H48M5.4775807S</AutoDeleteOnIdle><EnablePartitioning>false</EnablePartitioning><EntityAvailabilityStatus>Available</EntityAvailabilityStatus><EnableExpress>false</EnableExpress></QueueDescription></content></entry>
    headers:
      content-type: application/atom+xml;type=entry;charset=utf-8
      date: Fri, 19 Mar 2021 22:20:52 GMT
      server: Microsoft-HTTPAPI/2.0
      strict-transport-security: max-age=31536000
      transfer-encoding: chunked
    status:
      code: 201
      message: Created
    url: https://servicebustestb5y6ikba5v.servicebus.windows.net/dfkla?api-version=2017-04
- request:
    body: '<?xml version=''1.0'' encoding=''utf-8''?>

      <ns0:entry xmlns:ns0="http://www.w3.org/2005/Atom" xmlns="http://schemas.microsoft.com/netservices/2010/10/servicebus/connect"><ns0:content
      type="application/xml"><TopicDescription /></ns0:content></ns0:entry>'
    headers:
      Accept:
      - application/xml
      Content-Length:
      - '248'
      Content-Type:
      - application/atom+xml
      User-Agent:
      - azsdk-python-servicebusmanagementclient/2017-04 Python/3.9.0 (Windows-10-10.0.19041-SP0)
    method: PUT
    uri: https://servicebustestsbname.servicebus.windows.net/fjrui?api-version=2017-04
  response:
    body:
      string: <entry xmlns="http://www.w3.org/2005/Atom"><id>https://servicebustestb5y6ikba5v.servicebus.windows.net/fjrui?api-version=2017-04</id><title
        type="text">fjrui</title><published>2021-03-19T22:20:52Z</published><updated>2021-03-19T22:20:52Z</updated><author><name>servicebustestb5y6ikba5v</name></author><link
        rel="self" href="https://servicebustestb5y6ikba5v.servicebus.windows.net/fjrui?api-version=2017-04"/><content
        type="application/xml"><TopicDescription xmlns="http://schemas.microsoft.com/netservices/2010/10/servicebus/connect"
        xmlns:i="http://www.w3.org/2001/XMLSchema-instance"><DefaultMessageTimeToLive>P10675199DT2H48M5.4775807S</DefaultMessageTimeToLive><MaxSizeInMegabytes>1024</MaxSizeInMegabytes><RequiresDuplicateDetection>false</RequiresDuplicateDetection><DuplicateDetectionHistoryTimeWindow>PT10M</DuplicateDetectionHistoryTimeWindow><EnableBatchedOperations>true</EnableBatchedOperations><SizeInBytes>0</SizeInBytes><FilteringMessagesBeforePublishing>false</FilteringMessagesBeforePublishing><IsAnonymousAccessible>false</IsAnonymousAccessible><AuthorizationRules></AuthorizationRules><Status>Active</Status><CreatedAt>2021-03-19T22:20:52.927Z</CreatedAt><UpdatedAt>2021-03-19T22:20:52.963Z</UpdatedAt><SupportOrdering>true</SupportOrdering><AutoDeleteOnIdle>P10675199DT2H48M5.4775807S</AutoDeleteOnIdle><EnablePartitioning>false</EnablePartitioning><EntityAvailabilityStatus>Available</EntityAvailabilityStatus><EnableSubscriptionPartitioning>false</EnableSubscriptionPartitioning><EnableExpress>false</EnableExpress></TopicDescription></content></entry>
    headers:
      content-type: application/atom+xml;type=entry;charset=utf-8
      date: Fri, 19 Mar 2021 22:20:53 GMT
      server: Microsoft-HTTPAPI/2.0
      strict-transport-security: max-age=31536000
      transfer-encoding: chunked
    status:
      code: 201
      message: Created
    url: https://servicebustestb5y6ikba5v.servicebus.windows.net/fjrui?api-version=2017-04
- request:
    body: '<?xml version=''1.0'' encoding=''utf-8''?>

      <ns0:entry xmlns:ns0="http://www.w3.org/2005/Atom" xmlns="http://schemas.microsoft.com/netservices/2010/10/servicebus/connect"><ns0:content
      type="application/xml"><SubscriptionDescription /></ns0:content></ns0:entry>'
    headers:
      Accept:
      - application/xml
      Content-Length:
      - '255'
      Content-Type:
      - application/atom+xml
      User-Agent:
      - azsdk-python-servicebusmanagementclient/2017-04 Python/3.9.0 (Windows-10-10.0.19041-SP0)
    method: PUT
    uri: https://servicebustestsbname.servicebus.windows.net/fjrui/subscriptions/eqkovc?api-version=2017-04
  response:
    body:
      string: <entry xmlns="http://www.w3.org/2005/Atom"><id>https://servicebustestb5y6ikba5v.servicebus.windows.net/fjrui/subscriptions/eqkovc?api-version=2017-04</id><title
        type="text">eqkovc</title><published>2021-03-19T22:20:53Z</published><updated>2021-03-19T22:20:53Z</updated><link
        rel="self" href="https://servicebustestb5y6ikba5v.servicebus.windows.net/fjrui/subscriptions/eqkovc?api-version=2017-04"/><content
        type="application/xml"><SubscriptionDescription xmlns="http://schemas.microsoft.com/netservices/2010/10/servicebus/connect"
        xmlns:i="http://www.w3.org/2001/XMLSchema-instance"><LockDuration>PT1M</LockDuration><RequiresSession>false</RequiresSession><DefaultMessageTimeToLive>P10675199DT2H48M5.4775807S</DefaultMessageTimeToLive><DeadLetteringOnMessageExpiration>false</DeadLetteringOnMessageExpiration><DeadLetteringOnFilterEvaluationExceptions>true</DeadLetteringOnFilterEvaluationExceptions><MessageCount>0</MessageCount><MaxDeliveryCount>10</MaxDeliveryCount><EnableBatchedOperations>true</EnableBatchedOperations><Status>Active</Status><CreatedAt>2021-03-19T22:20:53.5161794Z</CreatedAt><UpdatedAt>2021-03-19T22:20:53.5161794Z</UpdatedAt><AccessedAt>0001-01-01T00:00:00</AccessedAt><AutoDeleteOnIdle>P10675199DT2H48M5.4775807S</AutoDeleteOnIdle><EntityAvailabilityStatus>Available</EntityAvailabilityStatus></SubscriptionDescription></content></entry>
    headers:
      content-type: application/atom+xml;type=entry;charset=utf-8
      date: Fri, 19 Mar 2021 22:20:53 GMT
      etag: '637517892529630000'
      server: Microsoft-HTTPAPI/2.0
      strict-transport-security: max-age=31536000
      transfer-encoding: chunked
    status:
      code: 201
      message: Created
    url: https://servicebustestb5y6ikba5v.servicebus.windows.net/fjrui/subscriptions/eqkovc?api-version=2017-04
- request:
    body: '<?xml version=''1.0'' encoding=''utf-8''?>

      <ns0:entry xmlns:ns0="http://www.w3.org/2005/Atom" xmlns="http://schemas.microsoft.com/netservices/2010/10/servicebus/connect"><ns0:content
      type="application/xml"><SubscriptionDescription><LockDuration>PT2M</LockDuration><RequiresSession>false</RequiresSession><DefaultMessageTimeToLive>P10675199DT2H48M5.477539S</DefaultMessageTimeToLive><DeadLetteringOnMessageExpiration>false</DeadLetteringOnMessageExpiration><DeadLetteringOnFilterEvaluationExceptions>true</DeadLetteringOnFilterEvaluationExceptions><MessageCount>0</MessageCount><MaxDeliveryCount>10</MaxDeliveryCount><EnableBatchedOperations>true</EnableBatchedOperations><Status>Active</Status><CreatedAt>2021-03-19T22:20:53.516179Z</CreatedAt><UpdatedAt>2021-03-19T22:20:53.516179Z</UpdatedAt><AccessedAt>0001-01-01T00:00:00.000Z</AccessedAt><AutoDeleteOnIdle>P10675199DT2H48M5.477539S</AutoDeleteOnIdle><EntityAvailabilityStatus>Available</EntityAvailabilityStatus></SubscriptionDescription></ns0:content></ns0:entry>'
    headers:
      Accept:
      - application/xml
      Content-Length:
      - '1015'
      Content-Type:
      - application/atom+xml
      If-Match:
      - '*'
      User-Agent:
      - azsdk-python-servicebusmanagementclient/2017-04 Python/3.9.0 (Windows-10-10.0.19041-SP0)
    method: PUT
    uri: https://servicebustestsbname.servicebus.windows.net/fjrui/subscriptions/eqkovc?api-version=2017-04
  response:
    body:
      string: <entry xmlns="http://www.w3.org/2005/Atom"><id>https://servicebustestb5y6ikba5v.servicebus.windows.net/fjrui/subscriptions/eqkovc?api-version=2017-04</id><title
        type="text">eqkovc</title><published>2021-03-19T22:20:53Z</published><updated>2021-03-19T22:20:53Z</updated><link
        rel="self" href="https://servicebustestb5y6ikba5v.servicebus.windows.net/fjrui/subscriptions/eqkovc?api-version=2017-04"/><content
        type="application/xml"><SubscriptionDescription xmlns="http://schemas.microsoft.com/netservices/2010/10/servicebus/connect"
        xmlns:i="http://www.w3.org/2001/XMLSchema-instance"><LockDuration>PT2M</LockDuration><RequiresSession>false</RequiresSession><DefaultMessageTimeToLive>P10675199DT2H48M5.477539S</DefaultMessageTimeToLive><DeadLetteringOnMessageExpiration>false</DeadLetteringOnMessageExpiration><DeadLetteringOnFilterEvaluationExceptions>true</DeadLetteringOnFilterEvaluationExceptions><MessageCount>0</MessageCount><MaxDeliveryCount>10</MaxDeliveryCount><EnableBatchedOperations>true</EnableBatchedOperations><Status>Active</Status><CreatedAt>2021-03-19T22:20:53.8599592Z</CreatedAt><UpdatedAt>2021-03-19T22:20:53.8599592Z</UpdatedAt><AccessedAt>0001-01-01T00:00:00</AccessedAt><AutoDeleteOnIdle>P10675199DT2H48M5.477539S</AutoDeleteOnIdle><EntityAvailabilityStatus>Available</EntityAvailabilityStatus></SubscriptionDescription></content></entry>
    headers:
      content-type: application/atom+xml;type=entry;charset=utf-8
      date: Fri, 19 Mar 2021 22:20:53 GMT
      etag: '637517892529630000'
      server: Microsoft-HTTPAPI/2.0
      strict-transport-security: max-age=31536000
      transfer-encoding: chunked
    status:
      code: 200
      message: OK
    url: https://servicebustestb5y6ikba5v.servicebus.windows.net/fjrui/subscriptions/eqkovc?api-version=2017-04
- request:
    body: null
    headers:
      Accept:
      - application/xml
      User-Agent:
      - azsdk-python-servicebusmanagementclient/2017-04 Python/3.9.0 (Windows-10-10.0.19041-SP0)
    method: GET
    uri: https://servicebustestsbname.servicebus.windows.net/fjrui/subscriptions/eqkovc?enrich=false&api-version=2017-04
  response:
    body:
      string: <entry xmlns="http://www.w3.org/2005/Atom"><id>sb://servicebustestb5y6ikba5v.servicebus.windows.net/fjrui/subscriptions/eqkovc?enrich=false&amp;api-version=2017-04</id><title
        type="text">eqkovc</title><published>2021-03-19T22:20:53Z</published><updated>2021-03-19T22:20:53Z</updated><link
        rel="self" href="sb://servicebustestb5y6ikba5v.servicebus.windows.net/fjrui/subscriptions/eqkovc?enrich=false&amp;api-version=2017-04"/><content
        type="application/xml"><SubscriptionDescription xmlns="http://schemas.microsoft.com/netservices/2010/10/servicebus/connect"
        xmlns:i="http://www.w3.org/2001/XMLSchema-instance"><LockDuration>PT2M</LockDuration><RequiresSession>false</RequiresSession><DefaultMessageTimeToLive>P10675199DT2H48M5.477539S</DefaultMessageTimeToLive><DeadLetteringOnMessageExpiration>false</DeadLetteringOnMessageExpiration><DeadLetteringOnFilterEvaluationExceptions>true</DeadLetteringOnFilterEvaluationExceptions><MessageCount>0</MessageCount><MaxDeliveryCount>10</MaxDeliveryCount><EnableBatchedOperations>true</EnableBatchedOperations><Status>Active</Status><CreatedAt>2021-03-19T22:20:53.5180653Z</CreatedAt><UpdatedAt>2021-03-19T22:20:53.8618411Z</UpdatedAt><AccessedAt>2021-03-19T22:20:53.5180653Z</AccessedAt><CountDetails
        xmlns:d3p1="http://schemas.microsoft.com/netservices/2011/06/servicebus"><d3p1:ActiveMessageCount>0</d3p1:ActiveMessageCount><d3p1:DeadLetterMessageCount>0</d3p1:DeadLetterMessageCount><d3p1:ScheduledMessageCount>0</d3p1:ScheduledMessageCount><d3p1:TransferMessageCount>0</d3p1:TransferMessageCount><d3p1:TransferDeadLetterMessageCount>0</d3p1:TransferDeadLetterMessageCount></CountDetails><AutoDeleteOnIdle>P10675199DT2H48M5.477539S</AutoDeleteOnIdle><EntityAvailabilityStatus>Available</EntityAvailabilityStatus></SubscriptionDescription></content></entry>
    headers:
      content-type: application/atom+xml;type=entry;charset=utf-8
      date: Fri, 19 Mar 2021 22:20:53 GMT
      etag: '637517892529630000'
      server: Microsoft-HTTPAPI/2.0
      strict-transport-security: max-age=31536000
      transfer-encoding: chunked
    status:
      code: 200
      message: OK
    url: https://servicebustestb5y6ikba5v.servicebus.windows.net/fjrui/subscriptions/eqkovc?enrich=false&api-version=2017-04
- request:
    body: '<?xml version=''1.0'' encoding=''utf-8''?>

      <ns0:entry xmlns:d2p1="http://schemas.microsoft.com/netservices/2011/06/servicebus"
      xmlns:ns0="http://www.w3.org/2005/Atom" xmlns="http://schemas.microsoft.com/netservices/2010/10/servicebus/connect"><ns0:content
      type="application/xml"><SubscriptionDescription><LockDuration>PT12S</LockDuration><RequiresSession>false</RequiresSession><DefaultMessageTimeToLive>PT11M</DefaultMessageTimeToLive><DeadLetteringOnMessageExpiration>true</DeadLetteringOnMessageExpiration><DeadLetteringOnFilterEvaluationExceptions>true</DeadLetteringOnFilterEvaluationExceptions><MessageCount>0</MessageCount><MaxDeliveryCount>14</MaxDeliveryCount><EnableBatchedOperations>true</EnableBatchedOperations><Status>Active</Status><CreatedAt>2021-03-19T22:20:53.518065Z</CreatedAt><UpdatedAt>2021-03-19T22:20:53.861841Z</UpdatedAt><AccessedAt>2021-03-19T22:20:53.518065Z</AccessedAt><CountDetails><d2p1:ActiveMessageCount>0</d2p1:ActiveMessageCount><d2p1:DeadLetterMessageCount>0</d2p1:DeadLetterMessageCount><d2p1:ScheduledMessageCount>0</d2p1:ScheduledMessageCount><d2p1:TransferDeadLetterMessageCount>0</d2p1:TransferDeadLetterMessageCount><d2p1:TransferMessageCount>0</d2p1:TransferMessageCount></CountDetails><AutoDeleteOnIdle>PT10M</AutoDeleteOnIdle><EntityAvailabilityStatus>Available</EntityAvailabilityStatus></SubscriptionDescription></ns0:content></ns0:entry>'
    headers:
      Accept:
      - application/xml
      Content-Length:
      - '1382'
      Content-Type:
      - application/atom+xml
      If-Match:
      - '*'
      User-Agent:
      - azsdk-python-servicebusmanagementclient/2017-04 Python/3.9.0 (Windows-10-10.0.19041-SP0)
    method: PUT
    uri: https://servicebustestsbname.servicebus.windows.net/fjrui/subscriptions/eqkovc?api-version=2017-04
  response:
    body:
      string: <entry xmlns="http://www.w3.org/2005/Atom"><id>https://servicebustestb5y6ikba5v.servicebus.windows.net/fjrui/subscriptions/eqkovc?api-version=2017-04</id><title
        type="text">eqkovc</title><published>2021-03-19T22:20:54Z</published><updated>2021-03-19T22:20:54Z</updated><link
        rel="self" href="https://servicebustestb5y6ikba5v.servicebus.windows.net/fjrui/subscriptions/eqkovc?api-version=2017-04"/><content
        type="application/xml"><SubscriptionDescription xmlns="http://schemas.microsoft.com/netservices/2010/10/servicebus/connect"
        xmlns:i="http://www.w3.org/2001/XMLSchema-instance"><LockDuration>PT12S</LockDuration><RequiresSession>false</RequiresSession><DefaultMessageTimeToLive>PT11M</DefaultMessageTimeToLive><DeadLetteringOnMessageExpiration>true</DeadLetteringOnMessageExpiration><DeadLetteringOnFilterEvaluationExceptions>true</DeadLetteringOnFilterEvaluationExceptions><MessageCount>0</MessageCount><MaxDeliveryCount>14</MaxDeliveryCount><EnableBatchedOperations>true</EnableBatchedOperations><Status>Active</Status><CreatedAt>2021-03-19T22:20:54.1014592Z</CreatedAt><UpdatedAt>2021-03-19T22:20:54.1014592Z</UpdatedAt><AccessedAt>0001-01-01T00:00:00</AccessedAt><AutoDeleteOnIdle>PT10M</AutoDeleteOnIdle><EntityAvailabilityStatus>Available</EntityAvailabilityStatus></SubscriptionDescription></content></entry>
    headers:
      content-type: application/atom+xml;type=entry;charset=utf-8
      date: Fri, 19 Mar 2021 22:20:53 GMT
      etag: '637517892529630000'
      server: Microsoft-HTTPAPI/2.0
      strict-transport-security: max-age=31536000
      transfer-encoding: chunked
    status:
      code: 200
      message: OK
    url: https://servicebustestb5y6ikba5v.servicebus.windows.net/fjrui/subscriptions/eqkovc?api-version=2017-04
- request:
    body: null
    headers:
      Accept:
      - application/xml
      User-Agent:
      - azsdk-python-servicebusmanagementclient/2017-04 Python/3.9.0 (Windows-10-10.0.19041-SP0)
    method: GET
    uri: https://servicebustestsbname.servicebus.windows.net/fjrui/subscriptions/eqkovc?enrich=false&api-version=2017-04
  response:
    body:
      string: <entry xmlns="http://www.w3.org/2005/Atom"><id>sb://servicebustestb5y6ikba5v.servicebus.windows.net/fjrui/subscriptions/eqkovc?enrich=false&amp;api-version=2017-04</id><title
        type="text">eqkovc</title><published>2021-03-19T22:20:53Z</published><updated>2021-03-19T22:20:54Z</updated><link
        rel="self" href="sb://servicebustestb5y6ikba5v.servicebus.windows.net/fjrui/subscriptions/eqkovc?enrich=false&amp;api-version=2017-04"/><content
        type="application/xml"><SubscriptionDescription xmlns="http://schemas.microsoft.com/netservices/2010/10/servicebus/connect"
        xmlns:i="http://www.w3.org/2001/XMLSchema-instance"><LockDuration>PT12S</LockDuration><RequiresSession>false</RequiresSession><DefaultMessageTimeToLive>PT11M</DefaultMessageTimeToLive><DeadLetteringOnMessageExpiration>true</DeadLetteringOnMessageExpiration><DeadLetteringOnFilterEvaluationExceptions>true</DeadLetteringOnFilterEvaluationExceptions><MessageCount>0</MessageCount><MaxDeliveryCount>14</MaxDeliveryCount><EnableBatchedOperations>true</EnableBatchedOperations><Status>Active</Status><CreatedAt>2021-03-19T22:20:53.5180653Z</CreatedAt><UpdatedAt>2021-03-19T22:20:54.0962127Z</UpdatedAt><AccessedAt>2021-03-19T22:20:53.5180653Z</AccessedAt><CountDetails
        xmlns:d3p1="http://schemas.microsoft.com/netservices/2011/06/servicebus"><d3p1:ActiveMessageCount>0</d3p1:ActiveMessageCount><d3p1:DeadLetterMessageCount>0</d3p1:DeadLetterMessageCount><d3p1:ScheduledMessageCount>0</d3p1:ScheduledMessageCount><d3p1:TransferMessageCount>0</d3p1:TransferMessageCount><d3p1:TransferDeadLetterMessageCount>0</d3p1:TransferDeadLetterMessageCount></CountDetails><AutoDeleteOnIdle>PT10M</AutoDeleteOnIdle><EntityAvailabilityStatus>Available</EntityAvailabilityStatus></SubscriptionDescription></content></entry>
    headers:
      content-type: application/atom+xml;type=entry;charset=utf-8
      date: Fri, 19 Mar 2021 22:20:53 GMT
      etag: '637517892529630000'
      server: Microsoft-HTTPAPI/2.0
      strict-transport-security: max-age=31536000
      transfer-encoding: chunked
    status:
      code: 200
      message: OK
    url: https://servicebustestb5y6ikba5v.servicebus.windows.net/fjrui/subscriptions/eqkovc?enrich=false&api-version=2017-04
- request:
    body: '<?xml version=''1.0'' encoding=''utf-8''?>

      <ns0:entry xmlns:d2p1="http://schemas.microsoft.com/netservices/2011/06/servicebus"
      xmlns:ns0="http://www.w3.org/2005/Atom" xmlns="http://schemas.microsoft.com/netservices/2010/10/servicebus/connect"><ns0:content
      type="application/xml"><SubscriptionDescription><LockDuration>PT12S</LockDuration><RequiresSession>false</RequiresSession><DefaultMessageTimeToLive>PT11M</DefaultMessageTimeToLive><DeadLetteringOnMessageExpiration>true</DeadLetteringOnMessageExpiration><DeadLetteringOnFilterEvaluationExceptions>true</DeadLetteringOnFilterEvaluationExceptions><MessageCount>0</MessageCount><MaxDeliveryCount>14</MaxDeliveryCount><EnableBatchedOperations>true</EnableBatchedOperations><Status>Active</Status><ForwardTo>sb://servicebustestb5y6ikba5v.servicebus.windows.net/fjrui</ForwardTo><CreatedAt>2021-03-19T22:20:53.518065Z</CreatedAt><UpdatedAt>2021-03-19T22:20:54.096212Z</UpdatedAt><AccessedAt>2021-03-19T22:20:53.518065Z</AccessedAt><CountDetails><d2p1:ActiveMessageCount>0</d2p1:ActiveMessageCount><d2p1:DeadLetterMessageCount>0</d2p1:DeadLetterMessageCount><d2p1:ScheduledMessageCount>0</d2p1:ScheduledMessageCount><d2p1:TransferDeadLetterMessageCount>0</d2p1:TransferDeadLetterMessageCount><d2p1:TransferMessageCount>0</d2p1:TransferMessageCount></CountDetails><ForwardDeadLetteredMessagesTo>sb://servicebustestb5y6ikba5v.servicebus.windows.net/fjrui</ForwardDeadLetteredMessagesTo><AutoDeleteOnIdle>PT10M</AutoDeleteOnIdle><EntityAvailabilityStatus>Available</EntityAvailabilityStatus></SubscriptionDescription></ns0:content></ns0:entry>'
    headers:
      Accept:
      - application/xml
      Content-Length:
      - '1584'
      Content-Type:
      - application/atom+xml
      If-Match:
      - '*'
      ServiceBusDlqSupplementaryAuthorization:
      - SharedAccessSignature sr=sb%3A%2F%2Fservicebustestb5y6ikba5v.servicebus.windows.net%2Ffjrui&sig=Cl9AHRYsDBU1Q4MWn9bsbA4uzqxmkLvZAA0%2bsjljLfc%3d&se=1616196054&skn=RootManageSharedAccessKey
      ServiceBusSupplementaryAuthorization:
      - SharedAccessSignature sr=sb%3A%2F%2Fservicebustestb5y6ikba5v.servicebus.windows.net%2Ffjrui&sig=Cl9AHRYsDBU1Q4MWn9bsbA4uzqxmkLvZAA0%2bsjljLfc%3d&se=1616196054&skn=RootManageSharedAccessKey
      User-Agent:
      - azsdk-python-servicebusmanagementclient/2017-04 Python/3.9.0 (Windows-10-10.0.19041-SP0)
    method: PUT
    uri: https://servicebustestsbname.servicebus.windows.net/fjrui/subscriptions/eqkovc?api-version=2017-04
  response:
    body:
      string: <entry xmlns="http://www.w3.org/2005/Atom"><id>https://servicebustestb5y6ikba5v.servicebus.windows.net/fjrui/subscriptions/eqkovc?api-version=2017-04</id><title
        type="text">eqkovc</title><published>2021-03-19T22:20:54Z</published><updated>2021-03-19T22:20:54Z</updated><link
        rel="self" href="https://servicebustestb5y6ikba5v.servicebus.windows.net/fjrui/subscriptions/eqkovc?api-version=2017-04"/><content
        type="application/xml"><SubscriptionDescription xmlns="http://schemas.microsoft.com/netservices/2010/10/servicebus/connect"
        xmlns:i="http://www.w3.org/2001/XMLSchema-instance"><LockDuration>PT12S</LockDuration><RequiresSession>false</RequiresSession><DefaultMessageTimeToLive>PT11M</DefaultMessageTimeToLive><DeadLetteringOnMessageExpiration>true</DeadLetteringOnMessageExpiration><DeadLetteringOnFilterEvaluationExceptions>true</DeadLetteringOnFilterEvaluationExceptions><MessageCount>0</MessageCount><MaxDeliveryCount>14</MaxDeliveryCount><EnableBatchedOperations>true</EnableBatchedOperations><Status>Active</Status><ForwardTo>sb://servicebustestb5y6ikba5v.servicebus.windows.net/fjrui</ForwardTo><CreatedAt>2021-03-19T22:20:54.3286804Z</CreatedAt><UpdatedAt>2021-03-19T22:20:54.3286804Z</UpdatedAt><AccessedAt>0001-01-01T00:00:00</AccessedAt><ForwardDeadLetteredMessagesTo>sb://servicebustestb5y6ikba5v.servicebus.windows.net/fjrui</ForwardDeadLetteredMessagesTo><AutoDeleteOnIdle>P10675199DT2H48M5.4775807S</AutoDeleteOnIdle><EntityAvailabilityStatus>Available</EntityAvailabilityStatus></SubscriptionDescription></content></entry>
    headers:
      content-type: application/atom+xml;type=entry;charset=utf-8
      date: Fri, 19 Mar 2021 22:20:53 GMT
      etag: '637517892529630000'
      server: Microsoft-HTTPAPI/2.0
      strict-transport-security: max-age=31536000
      transfer-encoding: chunked
    status:
      code: 200
      message: OK
    url: https://servicebustestb5y6ikba5v.servicebus.windows.net/fjrui/subscriptions/eqkovc?api-version=2017-04
- request:
    body: null
    headers:
      Accept:
      - application/xml
      User-Agent:
      - azsdk-python-servicebusmanagementclient/2017-04 Python/3.9.0 (Windows-10-10.0.19041-SP0)
    method: GET
    uri: https://servicebustestsbname.servicebus.windows.net/fjrui/subscriptions/eqkovc?enrich=false&api-version=2017-04
  response:
    body:
      string: <entry xmlns="http://www.w3.org/2005/Atom"><id>sb://servicebustestb5y6ikba5v.servicebus.windows.net/fjrui/subscriptions/eqkovc?enrich=false&amp;api-version=2017-04</id><title
        type="text">eqkovc</title><published>2021-03-19T22:20:53Z</published><updated>2021-03-19T22:20:54Z</updated><link
        rel="self" href="sb://servicebustestb5y6ikba5v.servicebus.windows.net/fjrui/subscriptions/eqkovc?enrich=false&amp;api-version=2017-04"/><content
        type="application/xml"><SubscriptionDescription xmlns="http://schemas.microsoft.com/netservices/2010/10/servicebus/connect"
        xmlns:i="http://www.w3.org/2001/XMLSchema-instance"><LockDuration>PT12S</LockDuration><RequiresSession>false</RequiresSession><DefaultMessageTimeToLive>PT11M</DefaultMessageTimeToLive><DeadLetteringOnMessageExpiration>true</DeadLetteringOnMessageExpiration><DeadLetteringOnFilterEvaluationExceptions>true</DeadLetteringOnFilterEvaluationExceptions><MessageCount>0</MessageCount><MaxDeliveryCount>14</MaxDeliveryCount><EnableBatchedOperations>true</EnableBatchedOperations><Status>Active</Status><ForwardTo>sb://servicebustestb5y6ikba5v.servicebus.windows.net/fjrui</ForwardTo><CreatedAt>2021-03-19T22:20:53.5180653Z</CreatedAt><UpdatedAt>2021-03-19T22:20:54.3461935Z</UpdatedAt><AccessedAt>2021-03-19T22:20:53.5180653Z</AccessedAt><CountDetails
        xmlns:d3p1="http://schemas.microsoft.com/netservices/2011/06/servicebus"><d3p1:ActiveMessageCount>0</d3p1:ActiveMessageCount><d3p1:DeadLetterMessageCount>0</d3p1:DeadLetterMessageCount><d3p1:ScheduledMessageCount>0</d3p1:ScheduledMessageCount><d3p1:TransferMessageCount>0</d3p1:TransferMessageCount><d3p1:TransferDeadLetterMessageCount>0</d3p1:TransferDeadLetterMessageCount></CountDetails><ForwardDeadLetteredMessagesTo>sb://servicebustestb5y6ikba5v.servicebus.windows.net/fjrui</ForwardDeadLetteredMessagesTo><AutoDeleteOnIdle>P10675199DT2H48M5.4775807S</AutoDeleteOnIdle><EntityAvailabilityStatus>Available</EntityAvailabilityStatus></SubscriptionDescription></content></entry>
    headers:
      content-type: application/atom+xml;type=entry;charset=utf-8
      date: Fri, 19 Mar 2021 22:20:54 GMT
      etag: '637517892529630000'
      server: Microsoft-HTTPAPI/2.0
      strict-transport-security: max-age=31536000
      transfer-encoding: chunked
    status:
      code: 200
      message: OK
    url: https://servicebustestb5y6ikba5v.servicebus.windows.net/fjrui/subscriptions/eqkovc?enrich=false&api-version=2017-04
- request:
    body: '<?xml version=''1.0'' encoding=''utf-8''?>

      <ns0:entry xmlns:d2p1="http://schemas.microsoft.com/netservices/2011/06/servicebus"
      xmlns:ns0="http://www.w3.org/2005/Atom" xmlns="http://schemas.microsoft.com/netservices/2010/10/servicebus/connect"><ns0:content
      type="application/xml"><SubscriptionDescription><LockDuration>PT12S</LockDuration><RequiresSession>false</RequiresSession><DefaultMessageTimeToLive>PT11M</DefaultMessageTimeToLive><DeadLetteringOnMessageExpiration>true</DeadLetteringOnMessageExpiration><DeadLetteringOnFilterEvaluationExceptions>true</DeadLetteringOnFilterEvaluationExceptions><MessageCount>0</MessageCount><MaxDeliveryCount>14</MaxDeliveryCount><EnableBatchedOperations>true</EnableBatchedOperations><Status>Active</Status><ForwardTo>sb://servicebustestb5y6ikba5v.servicebus.windows.net/dfkla</ForwardTo><CreatedAt>2021-03-19T22:20:53.518065Z</CreatedAt><UpdatedAt>2021-03-19T22:20:54.346193Z</UpdatedAt><AccessedAt>2021-03-19T22:20:53.518065Z</AccessedAt><CountDetails><d2p1:ActiveMessageCount>0</d2p1:ActiveMessageCount><d2p1:DeadLetterMessageCount>0</d2p1:DeadLetterMessageCount><d2p1:ScheduledMessageCount>0</d2p1:ScheduledMessageCount><d2p1:TransferDeadLetterMessageCount>0</d2p1:TransferDeadLetterMessageCount><d2p1:TransferMessageCount>0</d2p1:TransferMessageCount></CountDetails><ForwardDeadLetteredMessagesTo>sb://servicebustestb5y6ikba5v.servicebus.windows.net/dfkla</ForwardDeadLetteredMessagesTo><AutoDeleteOnIdle>P10675199DT2H48M5.477539S</AutoDeleteOnIdle><EntityAvailabilityStatus>Available</EntityAvailabilityStatus></SubscriptionDescription></ns0:content></ns0:entry>'
    headers:
      Accept:
      - application/xml
      Content-Length:
      - '1604'
      Content-Type:
      - application/atom+xml
      If-Match:
      - '*'
      ServiceBusDlqSupplementaryAuthorization:
      - SharedAccessSignature sr=sb%3A%2F%2Fservicebustestb5y6ikba5v.servicebus.windows.net%2Fdfkla&sig=8Clfxnojtcejb7dUXc4QI9%2f7XrlEyMT2fLs%2fjUXV4%2fw%3d&se=1616196054&skn=RootManageSharedAccessKey
      ServiceBusSupplementaryAuthorization:
      - SharedAccessSignature sr=sb%3A%2F%2Fservicebustestb5y6ikba5v.servicebus.windows.net%2Fdfkla&sig=8Clfxnojtcejb7dUXc4QI9%2f7XrlEyMT2fLs%2fjUXV4%2fw%3d&se=1616196054&skn=RootManageSharedAccessKey
      User-Agent:
      - azsdk-python-servicebusmanagementclient/2017-04 Python/3.9.0 (Windows-10-10.0.19041-SP0)
    method: PUT
    uri: https://servicebustestsbname.servicebus.windows.net/fjrui/subscriptions/eqkovc?api-version=2017-04
  response:
    body:
      string: <entry xmlns="http://www.w3.org/2005/Atom"><id>https://servicebustestb5y6ikba5v.servicebus.windows.net/fjrui/subscriptions/eqkovc?api-version=2017-04</id><title
        type="text">eqkovc</title><published>2021-03-19T22:20:54Z</published><updated>2021-03-19T22:20:54Z</updated><link
        rel="self" href="https://servicebustestb5y6ikba5v.servicebus.windows.net/fjrui/subscriptions/eqkovc?api-version=2017-04"/><content
        type="application/xml"><SubscriptionDescription xmlns="http://schemas.microsoft.com/netservices/2010/10/servicebus/connect"
        xmlns:i="http://www.w3.org/2001/XMLSchema-instance"><LockDuration>PT12S</LockDuration><RequiresSession>false</RequiresSession><DefaultMessageTimeToLive>PT11M</DefaultMessageTimeToLive><DeadLetteringOnMessageExpiration>true</DeadLetteringOnMessageExpiration><DeadLetteringOnFilterEvaluationExceptions>true</DeadLetteringOnFilterEvaluationExceptions><MessageCount>0</MessageCount><MaxDeliveryCount>14</MaxDeliveryCount><EnableBatchedOperations>true</EnableBatchedOperations><Status>Active</Status><ForwardTo>sb://servicebustestb5y6ikba5v.servicebus.windows.net/dfkla</ForwardTo><CreatedAt>2021-03-19T22:20:54.5943066Z</CreatedAt><UpdatedAt>2021-03-19T22:20:54.5943066Z</UpdatedAt><AccessedAt>0001-01-01T00:00:00</AccessedAt><ForwardDeadLetteredMessagesTo>sb://servicebustestb5y6ikba5v.servicebus.windows.net/dfkla</ForwardDeadLetteredMessagesTo><AutoDeleteOnIdle>P10675199DT2H48M5.4775807S</AutoDeleteOnIdle><EntityAvailabilityStatus>Available</EntityAvailabilityStatus></SubscriptionDescription></content></entry>
    headers:
      content-type: application/atom+xml;type=entry;charset=utf-8
      date: Fri, 19 Mar 2021 22:20:54 GMT
      etag: '637517892529630000'
      server: Microsoft-HTTPAPI/2.0
      strict-transport-security: max-age=31536000
      transfer-encoding: chunked
    status:
      code: 200
      message: OK
    url: https://servicebustestb5y6ikba5v.servicebus.windows.net/fjrui/subscriptions/eqkovc?api-version=2017-04
- request:
    body: null
    headers:
      Accept:
      - application/xml
      User-Agent:
      - azsdk-python-servicebusmanagementclient/2017-04 Python/3.9.0 (Windows-10-10.0.19041-SP0)
    method: GET
    uri: https://servicebustestsbname.servicebus.windows.net/fjrui/subscriptions/eqkovc?enrich=false&api-version=2017-04
  response:
    body:
      string: <entry xmlns="http://www.w3.org/2005/Atom"><id>sb://servicebustestb5y6ikba5v.servicebus.windows.net/fjrui/subscriptions/eqkovc?enrich=false&amp;api-version=2017-04</id><title
        type="text">eqkovc</title><published>2021-03-19T22:20:53Z</published><updated>2021-03-19T22:20:54Z</updated><link
        rel="self" href="sb://servicebustestb5y6ikba5v.servicebus.windows.net/fjrui/subscriptions/eqkovc?enrich=false&amp;api-version=2017-04"/><content
        type="application/xml"><SubscriptionDescription xmlns="http://schemas.microsoft.com/netservices/2010/10/servicebus/connect"
        xmlns:i="http://www.w3.org/2001/XMLSchema-instance"><LockDuration>PT12S</LockDuration><RequiresSession>false</RequiresSession><DefaultMessageTimeToLive>PT11M</DefaultMessageTimeToLive><DeadLetteringOnMessageExpiration>true</DeadLetteringOnMessageExpiration><DeadLetteringOnFilterEvaluationExceptions>true</DeadLetteringOnFilterEvaluationExceptions><MessageCount>0</MessageCount><MaxDeliveryCount>14</MaxDeliveryCount><EnableBatchedOperations>true</EnableBatchedOperations><Status>Active</Status><ForwardTo>sb://servicebustestb5y6ikba5v.servicebus.windows.net/dfkla</ForwardTo><CreatedAt>2021-03-19T22:20:53.5180653Z</CreatedAt><UpdatedAt>2021-03-19T22:20:54.6118148Z</UpdatedAt><AccessedAt>2021-03-19T22:20:53.5180653Z</AccessedAt><CountDetails
        xmlns:d3p1="http://schemas.microsoft.com/netservices/2011/06/servicebus"><d3p1:ActiveMessageCount>0</d3p1:ActiveMessageCount><d3p1:DeadLetterMessageCount>0</d3p1:DeadLetterMessageCount><d3p1:ScheduledMessageCount>0</d3p1:ScheduledMessageCount><d3p1:TransferMessageCount>0</d3p1:TransferMessageCount><d3p1:TransferDeadLetterMessageCount>0</d3p1:TransferDeadLetterMessageCount></CountDetails><ForwardDeadLetteredMessagesTo>sb://servicebustestb5y6ikba5v.servicebus.windows.net/dfkla</ForwardDeadLetteredMessagesTo><AutoDeleteOnIdle>P10675199DT2H48M5.4775807S</AutoDeleteOnIdle><EntityAvailabilityStatus>Available</EntityAvailabilityStatus></SubscriptionDescription></content></entry>
    headers:
      content-type: application/atom+xml;type=entry;charset=utf-8
      date: Fri, 19 Mar 2021 22:20:54 GMT
      etag: '637517892529630000'
      server: Microsoft-HTTPAPI/2.0
      strict-transport-security: max-age=31536000
      transfer-encoding: chunked
    status:
      code: 200
      message: OK
    url: https://servicebustestb5y6ikba5v.servicebus.windows.net/fjrui/subscriptions/eqkovc?enrich=false&api-version=2017-04
- request:
    body: null
    headers:
      Accept:
      - application/xml
      User-Agent:
      - azsdk-python-servicebusmanagementclient/2017-04 Python/3.9.0 (Windows-10-10.0.19041-SP0)
    method: DELETE
    uri: https://servicebustestsbname.servicebus.windows.net/fjrui/subscriptions/eqkovc?api-version=2017-04
  response:
    body:
      string: ''
    headers:
      content-length: '0'
      date: Fri, 19 Mar 2021 22:20:54 GMT
      etag: '637517892529630000'
      server: Microsoft-HTTPAPI/2.0
      strict-transport-security: max-age=31536000
    status:
      code: 200
      message: OK
    url: https://servicebustestb5y6ikba5v.servicebus.windows.net/fjrui/subscriptions/eqkovc?api-version=2017-04
- request:
    body: null
    headers:
      Accept:
      - application/xml
      User-Agent:
      - azsdk-python-servicebusmanagementclient/2017-04 Python/3.9.0 (Windows-10-10.0.19041-SP0)
    method: DELETE
    uri: https://servicebustestsbname.servicebus.windows.net/fjrui?api-version=2017-04
  response:
    body:
      string: ''
    headers:
      content-length: '0'
      date: Fri, 19 Mar 2021 22:20:54 GMT
      etag: '637517892529630000'
      server: Microsoft-HTTPAPI/2.0
      strict-transport-security: max-age=31536000
    status:
      code: 200
      message: OK
    url: https://servicebustestb5y6ikba5v.servicebus.windows.net/fjrui?api-version=2017-04
- request:
    body: null
    headers:
      Accept:
      - application/xml
      User-Agent:
      - azsdk-python-servicebusmanagementclient/2017-04 Python/3.9.0 (Windows-10-10.0.19041-SP0)
    method: DELETE
    uri: https://servicebustestsbname.servicebus.windows.net/dfkla?api-version=2017-04
  response:
    body:
      string: ''
    headers:
      content-length: '0'
      date: Fri, 19 Mar 2021 22:20:55 GMT
      etag: '637517892520870000'
      server: Microsoft-HTTPAPI/2.0
      strict-transport-security: max-age=31536000
    status:
      code: 200
      message: OK
    url: https://servicebustestb5y6ikba5v.servicebus.windows.net/dfkla?api-version=2017-04
version: 1
