interactions:
- request:
    body: null
    headers:
      Accept:
      - application/xml
      User-Agent:
      - azsdk-python-servicebusmanagementclient/2017-04 Python/3.7.9 (Windows-10-10.0.19041-SP0)
    method: GET
    uri: https://servicebustestsbname.servicebus.windows.net/$Resources/topics?$skip=0&$top=100&api-version=2017-04
  response:
    body:
      string: <feed xmlns="http://www.w3.org/2005/Atom"><title type="text">Topics</title><id>https://servicebustestnxl3g6jvwp.servicebus.windows.net/$Resources/topics?$skip=0&amp;$top=100&amp;api-version=2017-04</id><updated>2021-04-15T16:13:34Z</updated><link
        rel="self" href="https://servicebustestnxl3g6jvwp.servicebus.windows.net/$Resources/topics?$skip=0&amp;$top=100&amp;api-version=2017-04"/></feed>
    headers:
      content-type: application/atom+xml;type=feed;charset=utf-8
      date: Thu, 15 Apr 2021 16:13:33 GMT
      server: Microsoft-HTTPAPI/2.0
      transfer-encoding: chunked
    status:
      code: 200
      message: OK
    url: https://servicebustestnxl3g6jvwp.servicebus.windows.net/$Resources/topics?$skip=0&$top=100&api-version=2017-04
- request:
    body: '<?xml version=''1.0'' encoding=''utf-8''?>

      <ns0:entry xmlns:ns0="http://www.w3.org/2005/Atom" xmlns="http://schemas.microsoft.com/netservices/2010/10/servicebus/connect"><ns0:content
      type="application/xml"><TopicDescription /></ns0:content></ns0:entry>'
    headers:
      Accept:
      - application/xml
      Content-Length:
      - '248'
      Content-Type:
      - application/atom+xml
      User-Agent:
      - azsdk-python-servicebusmanagementclient/2017-04 Python/3.7.9 (Windows-10-10.0.19041-SP0)
    method: PUT
    uri: https://servicebustestsbname.servicebus.windows.net/iweidk?api-version=2017-04
  response:
    body:
      string: <entry xmlns="http://www.w3.org/2005/Atom"><id>https://servicebustestnxl3g6jvwp.servicebus.windows.net/iweidk?api-version=2017-04</id><title
        type="text">iweidk</title><published>2021-04-15T16:13:34Z</published><updated>2021-04-15T16:13:34Z</updated><author><name>servicebustestnxl3g6jvwp</name></author><link
        rel="self" href="https://servicebustestnxl3g6jvwp.servicebus.windows.net/iweidk?api-version=2017-04"/><content
        type="application/xml"><TopicDescription xmlns="http://schemas.microsoft.com/netservices/2010/10/servicebus/connect"
        xmlns:i="http://www.w3.org/2001/XMLSchema-instance"><DefaultMessageTimeToLive>P10675199DT2H48M5.4775807S</DefaultMessageTimeToLive><MaxSizeInMegabytes>1024</MaxSizeInMegabytes><RequiresDuplicateDetection>false</RequiresDuplicateDetection><DuplicateDetectionHistoryTimeWindow>PT10M</DuplicateDetectionHistoryTimeWindow><EnableBatchedOperations>true</EnableBatchedOperations><SizeInBytes>0</SizeInBytes><FilteringMessagesBeforePublishing>false</FilteringMessagesBeforePublishing><IsAnonymousAccessible>false</IsAnonymousAccessible><AuthorizationRules></AuthorizationRules><Status>Active</Status><CreatedAt>2021-04-15T16:13:34.743Z</CreatedAt><UpdatedAt>2021-04-15T16:13:34.793Z</UpdatedAt><SupportOrdering>true</SupportOrdering><AutoDeleteOnIdle>P10675199DT2H48M5.4775807S</AutoDeleteOnIdle><EnablePartitioning>false</EnablePartitioning><EntityAvailabilityStatus>Available</EntityAvailabilityStatus><EnableSubscriptionPartitioning>false</EnableSubscriptionPartitioning><EnableExpress>false</EnableExpress></TopicDescription></content></entry>
    headers:
      content-type: application/atom+xml;type=entry;charset=utf-8
      date: Thu, 15 Apr 2021 16:13:34 GMT
      server: Microsoft-HTTPAPI/2.0
      strict-transport-security: max-age=31536000
      transfer-encoding: chunked
    status:
      code: 201
      message: Created
    url: https://servicebustestnxl3g6jvwp.servicebus.windows.net/iweidk?api-version=2017-04
- request:
    body: '<?xml version=''1.0'' encoding=''utf-8''?>

      <ns0:entry xmlns:ns0="http://www.w3.org/2005/Atom" xmlns="http://schemas.microsoft.com/netservices/2010/10/servicebus/connect"><ns0:content
      type="application/xml"><SubscriptionDescription><LockDuration>PT13S</LockDuration><RequiresSession>true</RequiresSession><DefaultMessageTimeToLive>PT11M</DefaultMessageTimeToLive><DeadLetteringOnMessageExpiration>true</DeadLetteringOnMessageExpiration><MaxDeliveryCount>14</MaxDeliveryCount><EnableBatchedOperations>true</EnableBatchedOperations><AutoDeleteOnIdle>PT10M</AutoDeleteOnIdle></SubscriptionDescription></ns0:content></ns0:entry>'
    headers:
      Accept:
      - application/xml
      Content-Length:
      - '619'
      Content-Type:
      - application/atom+xml
      User-Agent:
      - azsdk-python-servicebusmanagementclient/2017-04 Python/3.7.9 (Windows-10-10.0.19041-SP0)
    method: PUT
    uri: https://servicebustestsbname.servicebus.windows.net/iweidk/subscriptions/kdosako?api-version=2017-04
  response:
    body:
      string: <entry xmlns="http://www.w3.org/2005/Atom"><id>https://servicebustestnxl3g6jvwp.servicebus.windows.net/iweidk/subscriptions/kdosako?api-version=2017-04</id><title
        type="text">kdosako</title><published>2021-04-15T16:13:35Z</published><updated>2021-04-15T16:13:35Z</updated><link
        rel="self" href="https://servicebustestnxl3g6jvwp.servicebus.windows.net/iweidk/subscriptions/kdosako?api-version=2017-04"/><content
        type="application/xml"><SubscriptionDescription xmlns="http://schemas.microsoft.com/netservices/2010/10/servicebus/connect"
        xmlns:i="http://www.w3.org/2001/XMLSchema-instance"><LockDuration>PT13S</LockDuration><RequiresSession>true</RequiresSession><DefaultMessageTimeToLive>PT11M</DefaultMessageTimeToLive><DeadLetteringOnMessageExpiration>true</DeadLetteringOnMessageExpiration><DeadLetteringOnFilterEvaluationExceptions>true</DeadLetteringOnFilterEvaluationExceptions><MessageCount>0</MessageCount><MaxDeliveryCount>14</MaxDeliveryCount><EnableBatchedOperations>true</EnableBatchedOperations><Status>Active</Status><CreatedAt>2021-04-15T16:13:35.4324249Z</CreatedAt><UpdatedAt>2021-04-15T16:13:35.4324249Z</UpdatedAt><AccessedAt>0001-01-01T00:00:00</AccessedAt><AutoDeleteOnIdle>PT10M</AutoDeleteOnIdle><EntityAvailabilityStatus>Available</EntityAvailabilityStatus></SubscriptionDescription></content></entry>
    headers:
      content-type: application/atom+xml;type=entry;charset=utf-8
      date: Thu, 15 Apr 2021 16:13:35 GMT
      etag: '637541000147930000'
      server: Microsoft-HTTPAPI/2.0
      strict-transport-security: max-age=31536000
      transfer-encoding: chunked
    status:
      code: 201
      message: Created
    url: https://servicebustestnxl3g6jvwp.servicebus.windows.net/iweidk/subscriptions/kdosako?api-version=2017-04
- request:
    body: null
    headers:
      Accept:
      - application/xml
      User-Agent:
      - azsdk-python-servicebusmanagementclient/2017-04 Python/3.7.9 (Windows-10-10.0.19041-SP0)
    method: GET
    uri: https://servicebustestsbname.servicebus.windows.net/iweidk/subscriptions/kdosako?enrich=false&api-version=2017-04
  response:
    body:
      string: <entry xmlns="http://www.w3.org/2005/Atom"><id>sb://servicebustestnxl3g6jvwp.servicebus.windows.net/iweidk/subscriptions/kdosako?enrich=false&amp;api-version=2017-04</id><title
        type="text">kdosako</title><published>2021-04-15T16:13:35Z</published><updated>2021-04-15T16:13:35Z</updated><link
        rel="self" href="sb://servicebustestnxl3g6jvwp.servicebus.windows.net/iweidk/subscriptions/kdosako?enrich=false&amp;api-version=2017-04"/><content
        type="application/xml"><SubscriptionDescription xmlns="http://schemas.microsoft.com/netservices/2010/10/servicebus/connect"
        xmlns:i="http://www.w3.org/2001/XMLSchema-instance"><LockDuration>PT13S</LockDuration><RequiresSession>true</RequiresSession><DefaultMessageTimeToLive>PT11M</DefaultMessageTimeToLive><DeadLetteringOnMessageExpiration>true</DeadLetteringOnMessageExpiration><DeadLetteringOnFilterEvaluationExceptions>true</DeadLetteringOnFilterEvaluationExceptions><MessageCount>0</MessageCount><MaxDeliveryCount>14</MaxDeliveryCount><EnableBatchedOperations>true</EnableBatchedOperations><Status>Active</Status><CreatedAt>2021-04-15T16:13:35.4356834Z</CreatedAt><UpdatedAt>2021-04-15T16:13:35.4356834Z</UpdatedAt><AccessedAt>2021-04-15T16:13:35.437Z</AccessedAt><CountDetails
        xmlns:d3p1="http://schemas.microsoft.com/netservices/2011/06/servicebus"><d3p1:ActiveMessageCount>0</d3p1:ActiveMessageCount><d3p1:DeadLetterMessageCount>0</d3p1:DeadLetterMessageCount><d3p1:ScheduledMessageCount>0</d3p1:ScheduledMessageCount><d3p1:TransferMessageCount>0</d3p1:TransferMessageCount><d3p1:TransferDeadLetterMessageCount>0</d3p1:TransferDeadLetterMessageCount></CountDetails><AutoDeleteOnIdle>PT10M</AutoDeleteOnIdle><EntityAvailabilityStatus>Available</EntityAvailabilityStatus></SubscriptionDescription></content></entry>
    headers:
      content-type: application/atom+xml;type=entry;charset=utf-8
      date: Thu, 15 Apr 2021 16:13:35 GMT
      etag: '637541000147930000'
      server: Microsoft-HTTPAPI/2.0
      strict-transport-security: max-age=31536000
      transfer-encoding: chunked
    status:
      code: 200
      message: OK
    url: https://servicebustestnxl3g6jvwp.servicebus.windows.net/iweidk/subscriptions/kdosako?enrich=false&api-version=2017-04
- request:
    body: '<?xml version=''1.0'' encoding=''utf-8''?>

      <ns0:entry xmlns:ns0="http://www.w3.org/2005/Atom" xmlns="http://schemas.microsoft.com/netservices/2010/10/servicebus/connect"><ns0:content
      type="application/xml"><SubscriptionDescription><LockDuration>PT13S</LockDuration><RequiresSession>true</RequiresSession><DefaultMessageTimeToLive>PT11M</DefaultMessageTimeToLive><DeadLetteringOnMessageExpiration>true</DeadLetteringOnMessageExpiration><MaxDeliveryCount>14</MaxDeliveryCount><EnableBatchedOperations>true</EnableBatchedOperations><AutoDeleteOnIdle>PT10M</AutoDeleteOnIdle></SubscriptionDescription></ns0:content></ns0:entry>'
    headers:
      Accept:
      - application/xml
      Content-Length:
      - '619'
      Content-Type:
      - application/atom+xml
      User-Agent:
      - azsdk-python-servicebusmanagementclient/2017-04 Python/3.7.9 (Windows-10-10.0.19041-SP0)
    method: PUT
    uri: https://servicebustestsbname.servicebus.windows.net/iweidk/subscriptions/owazmq?api-version=2017-04
  response:
    body:
      string: <entry xmlns="http://www.w3.org/2005/Atom"><id>https://servicebustestnxl3g6jvwp.servicebus.windows.net/iweidk/subscriptions/owazmq?api-version=2017-04</id><title
        type="text">owazmq</title><published>2021-04-15T16:13:36Z</published><updated>2021-04-15T16:13:36Z</updated><link
        rel="self" href="https://servicebustestnxl3g6jvwp.servicebus.windows.net/iweidk/subscriptions/owazmq?api-version=2017-04"/><content
        type="application/xml"><SubscriptionDescription xmlns="http://schemas.microsoft.com/netservices/2010/10/servicebus/connect"
        xmlns:i="http://www.w3.org/2001/XMLSchema-instance"><LockDuration>PT13S</LockDuration><RequiresSession>true</RequiresSession><DefaultMessageTimeToLive>PT11M</DefaultMessageTimeToLive><DeadLetteringOnMessageExpiration>true</DeadLetteringOnMessageExpiration><DeadLetteringOnFilterEvaluationExceptions>true</DeadLetteringOnFilterEvaluationExceptions><MessageCount>0</MessageCount><MaxDeliveryCount>14</MaxDeliveryCount><EnableBatchedOperations>true</EnableBatchedOperations><Status>Active</Status><CreatedAt>2021-04-15T16:13:36.026523Z</CreatedAt><UpdatedAt>2021-04-15T16:13:36.026523Z</UpdatedAt><AccessedAt>0001-01-01T00:00:00</AccessedAt><AutoDeleteOnIdle>PT10M</AutoDeleteOnIdle><EntityAvailabilityStatus>Available</EntityAvailabilityStatus></SubscriptionDescription></content></entry>
    headers:
      content-type: application/atom+xml;type=entry;charset=utf-8
      date: Thu, 15 Apr 2021 16:13:35 GMT
      etag: '637541000147930000'
      server: Microsoft-HTTPAPI/2.0
      strict-transport-security: max-age=31536000
      transfer-encoding: chunked
    status:
      code: 201
      message: Created
    url: https://servicebustestnxl3g6jvwp.servicebus.windows.net/iweidk/subscriptions/owazmq?api-version=2017-04
- request:
    body: null
    headers:
      Accept:
      - application/xml
      User-Agent:
      - azsdk-python-servicebusmanagementclient/2017-04 Python/3.7.9 (Windows-10-10.0.19041-SP0)
    method: GET
    uri: https://servicebustestsbname.servicebus.windows.net/iweidk/subscriptions/owazmq?enrich=false&api-version=2017-04
  response:
    body:
      string: <entry xmlns="http://www.w3.org/2005/Atom"><id>sb://servicebustestnxl3g6jvwp.servicebus.windows.net/iweidk/subscriptions/owazmq?enrich=false&amp;api-version=2017-04</id><title
        type="text">owazmq</title><published>2021-04-15T16:13:36Z</published><updated>2021-04-15T16:13:36Z</updated><link
        rel="self" href="sb://servicebustestnxl3g6jvwp.servicebus.windows.net/iweidk/subscriptions/owazmq?enrich=false&amp;api-version=2017-04"/><content
        type="application/xml"><SubscriptionDescription xmlns="http://schemas.microsoft.com/netservices/2010/10/servicebus/connect"
        xmlns:i="http://www.w3.org/2001/XMLSchema-instance"><LockDuration>PT13S</LockDuration><RequiresSession>true</RequiresSession><DefaultMessageTimeToLive>PT11M</DefaultMessageTimeToLive><DeadLetteringOnMessageExpiration>true</DeadLetteringOnMessageExpiration><DeadLetteringOnFilterEvaluationExceptions>true</DeadLetteringOnFilterEvaluationExceptions><MessageCount>0</MessageCount><MaxDeliveryCount>14</MaxDeliveryCount><EnableBatchedOperations>true</EnableBatchedOperations><Status>Active</Status><CreatedAt>2021-04-15T16:13:36.0295109Z</CreatedAt><UpdatedAt>2021-04-15T16:13:36.0295109Z</UpdatedAt><AccessedAt>2021-04-15T16:13:36.0295109Z</AccessedAt><CountDetails
        xmlns:d3p1="http://schemas.microsoft.com/netservices/2011/06/servicebus"><d3p1:ActiveMessageCount>0</d3p1:ActiveMessageCount><d3p1:DeadLetterMessageCount>0</d3p1:DeadLetterMessageCount><d3p1:ScheduledMessageCount>0</d3p1:ScheduledMessageCount><d3p1:TransferMessageCount>0</d3p1:TransferMessageCount><d3p1:TransferDeadLetterMessageCount>0</d3p1:TransferDeadLetterMessageCount></CountDetails><AutoDeleteOnIdle>PT10M</AutoDeleteOnIdle><EntityAvailabilityStatus>Available</EntityAvailabilityStatus></SubscriptionDescription></content></entry>
    headers:
      content-type: application/atom+xml;type=entry;charset=utf-8
      date: Thu, 15 Apr 2021 16:13:35 GMT
      etag: '637541000147930000'
      server: Microsoft-HTTPAPI/2.0
      strict-transport-security: max-age=31536000
      transfer-encoding: chunked
    status:
      code: 200
      message: OK
    url: https://servicebustestnxl3g6jvwp.servicebus.windows.net/iweidk/subscriptions/owazmq?enrich=false&api-version=2017-04
- request:
    body: null
    headers:
      Accept:
      - application/xml
      User-Agent:
      - azsdk-python-servicebusmanagementclient/2017-04 Python/3.7.9 (Windows-10-10.0.19041-SP0)
    method: DELETE
    uri: https://servicebustestsbname.servicebus.windows.net/iweidk/subscriptions/kdosako?api-version=2017-04
  response:
    body:
      string: ''
    headers:
      content-length: '0'
      date: Thu, 15 Apr 2021 16:13:36 GMT
      etag: '637541000147930000'
      server: Microsoft-HTTPAPI/2.0
      strict-transport-security: max-age=31536000
    status:
      code: 200
      message: OK
    url: https://servicebustestnxl3g6jvwp.servicebus.windows.net/iweidk/subscriptions/kdosako?api-version=2017-04
- request:
    body: null
    headers:
      Accept:
      - application/xml
      User-Agent:
      - azsdk-python-servicebusmanagementclient/2017-04 Python/3.7.9 (Windows-10-10.0.19041-SP0)
    method: DELETE
    uri: https://servicebustestsbname.servicebus.windows.net/iweidk/subscriptions/owazmq?api-version=2017-04
  response:
    body:
      string: ''
    headers:
      content-length: '0'
      date: Thu, 15 Apr 2021 16:13:36 GMT
      etag: '637541000147930000'
      server: Microsoft-HTTPAPI/2.0
      strict-transport-security: max-age=31536000
    status:
      code: 200
      message: OK
    url: https://servicebustestnxl3g6jvwp.servicebus.windows.net/iweidk/subscriptions/owazmq?api-version=2017-04
- request:
    body: null
    headers:
      Accept:
      - application/xml
      User-Agent:
      - azsdk-python-servicebusmanagementclient/2017-04 Python/3.7.9 (Windows-10-10.0.19041-SP0)
    method: DELETE
    uri: https://servicebustestsbname.servicebus.windows.net/iweidk?api-version=2017-04
  response:
    body:
      string: ''
    headers:
      content-length: '0'
      date: Thu, 15 Apr 2021 16:13:37 GMT
      etag: '637541000147930000'
      server: Microsoft-HTTPAPI/2.0
      strict-transport-security: max-age=31536000
    status:
      code: 200
      message: OK
    url: https://servicebustestnxl3g6jvwp.servicebus.windows.net/iweidk?api-version=2017-04
version: 1
