interactions:
- request:
    body: null
    headers:
      Accept:
      - application/xml
      User-Agent:
      - azsdk-python-servicebusmanagementclient/2021-05 Python/3.7.10 (Windows-10-10.0.22000-SP0)
    method: GET
    uri: https://servicebustestsbname.servicebus.windows.net/$Resources/queues?$skip=0&$top=100&api-version=2021-05
  response:
    body:
      string: <feed xmlns="http://www.w3.org/2005/Atom"><title type="text">Queues</title><id>https://servicebustestkv3s7h2dmw.servicebus.windows.net/$Resources/queues?$skip=0&amp;$top=100&amp;api-version=2021-05</id><updated>2021-09-28T19:05:18Z</updated><link
        rel="self" href="https://servicebustestkv3s7h2dmw.servicebus.windows.net/$Resources/queues?$skip=0&amp;$top=100&amp;api-version=2021-05"/></feed>
    headers:
      content-type: application/atom+xml;type=feed;charset=utf-8
      date: Tue, 28 Sep 2021 19:05:18 GMT
      server: Microsoft-HTTPAPI/2.0
      transfer-encoding: chunked
    status:
      code: 200
      message: OK
    url: https://servicebustestkv3s7h2dmw.servicebus.windows.net/$Resources/queues?$skip=0&$top=100&api-version=2021-05
- request:
    body: '<?xml version=''1.0'' encoding=''utf-8''?>

      <ns0:entry xmlns:ns0="http://www.w3.org/2005/Atom" xmlns="http://schemas.microsoft.com/netservices/2010/10/servicebus/connect"><ns0:content
      type="application/xml"><QueueDescription /></ns0:content></ns0:entry>'
    headers:
      Accept:
      - application/xml
      Content-Length:
      - '248'
      Content-Type:
      - application/atom+xml
      User-Agent:
      - azsdk-python-servicebusmanagementclient/2021-05 Python/3.7.10 (Windows-10-10.0.22000-SP0)
    method: PUT
    uri: https://servicebustestsbname.servicebus.windows.net/ewuidfj?api-version=2021-05
  response:
    body:
      string: <entry xmlns="http://www.w3.org/2005/Atom"><id>https://servicebustestkv3s7h2dmw.servicebus.windows.net/ewuidfj?api-version=2021-05</id><title
        type="text">ewuidfj</title><published>2021-09-28T19:05:19Z</published><updated>2021-09-28T19:05:19Z</updated><author><name>servicebustestkv3s7h2dmw</name></author><link
        rel="self" href="https://servicebustestkv3s7h2dmw.servicebus.windows.net/ewuidfj?api-version=2021-05"/><content
        type="application/xml"><QueueDescription xmlns="http://schemas.microsoft.com/netservices/2010/10/servicebus/connect"
        xmlns:i="http://www.w3.org/2001/XMLSchema-instance"><LockDuration>PT1M</LockDuration><MaxSizeInMegabytes>1024</MaxSizeInMegabytes><RequiresDuplicateDetection>false</RequiresDuplicateDetection><RequiresSession>false</RequiresSession><DefaultMessageTimeToLive>P10675199DT2H48M5.4775807S</DefaultMessageTimeToLive><DeadLetteringOnMessageExpiration>false</DeadLetteringOnMessageExpiration><DuplicateDetectionHistoryTimeWindow>PT10M</DuplicateDetectionHistoryTimeWindow><MaxDeliveryCount>10</MaxDeliveryCount><EnableBatchedOperations>true</EnableBatchedOperations><SizeInBytes>0</SizeInBytes><MessageCount>0</MessageCount><IsAnonymousAccessible>false</IsAnonymousAccessible><AuthorizationRules></AuthorizationRules><Status>Active</Status><CreatedAt>2021-09-28T19:05:19.083Z</CreatedAt><UpdatedAt>2021-09-28T19:05:19.15Z</UpdatedAt><SupportOrdering>true</SupportOrdering><AutoDeleteOnIdle>P10675199DT2H48M5.4775807S</AutoDeleteOnIdle><EnablePartitioning>false</EnablePartitioning><EntityAvailabilityStatus>Available</EntityAvailabilityStatus><EnableExpress>false</EnableExpress><MaxMessageSizeInKilobytes>256</MaxMessageSizeInKilobytes></QueueDescription></content></entry>
    headers:
      content-type: application/atom+xml;type=entry;charset=utf-8
      date: Tue, 28 Sep 2021 19:05:19 GMT
      server: Microsoft-HTTPAPI/2.0
      strict-transport-security: max-age=31536000
      transfer-encoding: chunked
    status:
      code: 201
      message: Created
    url: https://servicebustestkv3s7h2dmw.servicebus.windows.net/ewuidfj?api-version=2021-05
- request:
    body: '<?xml version=''1.0'' encoding=''utf-8''?>

      <ns0:entry xmlns:ns0="http://www.w3.org/2005/Atom" xmlns="http://schemas.microsoft.com/netservices/2010/10/servicebus/connect"><ns0:content
      type="application/xml"><TopicDescription /></ns0:content></ns0:entry>'
    headers:
      Accept:
      - application/xml
      Content-Length:
      - '248'
      Content-Type:
      - application/atom+xml
      User-Agent:
      - azsdk-python-servicebusmanagementclient/2021-05 Python/3.7.10 (Windows-10-10.0.22000-SP0)
    method: PUT
    uri: https://servicebustestsbname.servicebus.windows.net/dkfjaks?api-version=2021-05
  response:
    body:
      string: <entry xmlns="http://www.w3.org/2005/Atom"><id>https://servicebustestkv3s7h2dmw.servicebus.windows.net/dkfjaks?api-version=2021-05</id><title
        type="text">dkfjaks</title><published>2021-09-28T19:05:20Z</published><updated>2021-09-28T19:05:20Z</updated><author><name>servicebustestkv3s7h2dmw</name></author><link
        rel="self" href="https://servicebustestkv3s7h2dmw.servicebus.windows.net/dkfjaks?api-version=2021-05"/><content
        type="application/xml"><TopicDescription xmlns="http://schemas.microsoft.com/netservices/2010/10/servicebus/connect"
        xmlns:i="http://www.w3.org/2001/XMLSchema-instance"><DefaultMessageTimeToLive>P10675199DT2H48M5.4775807S</DefaultMessageTimeToLive><MaxSizeInMegabytes>1024</MaxSizeInMegabytes><RequiresDuplicateDetection>false</RequiresDuplicateDetection><DuplicateDetectionHistoryTimeWindow>PT10M</DuplicateDetectionHistoryTimeWindow><EnableBatchedOperations>true</EnableBatchedOperations><SizeInBytes>0</SizeInBytes><FilteringMessagesBeforePublishing>false</FilteringMessagesBeforePublishing><IsAnonymousAccessible>false</IsAnonymousAccessible><AuthorizationRules></AuthorizationRules><Status>Active</Status><CreatedAt>2021-09-28T19:05:20.113Z</CreatedAt><UpdatedAt>2021-09-28T19:05:20.16Z</UpdatedAt><SupportOrdering>true</SupportOrdering><AutoDeleteOnIdle>P10675199DT2H48M5.4775807S</AutoDeleteOnIdle><EnablePartitioning>false</EnablePartitioning><EntityAvailabilityStatus>Available</EntityAvailabilityStatus><EnableSubscriptionPartitioning>false</EnableSubscriptionPartitioning><EnableExpress>false</EnableExpress><MaxMessageSizeInKilobytes>256</MaxMessageSizeInKilobytes></TopicDescription></content></entry>
    headers:
      content-type: application/atom+xml;type=entry;charset=utf-8
      date: Tue, 28 Sep 2021 19:05:20 GMT
      server: Microsoft-HTTPAPI/2.0
      strict-transport-security: max-age=31536000
      transfer-encoding: chunked
    status:
      code: 201
      message: Created
    url: https://servicebustestkv3s7h2dmw.servicebus.windows.net/dkfjaks?api-version=2021-05
- request:
    body: '<?xml version=''1.0'' encoding=''utf-8''?>

      <ns0:entry xmlns:ns0="http://www.w3.org/2005/Atom" xmlns="http://schemas.microsoft.com/netservices/2010/10/servicebus/connect"><ns0:content
      type="application/xml"><QueueDescription><LockDuration>PT2M</LockDuration><MaxSizeInMegabytes>1024</MaxSizeInMegabytes><RequiresDuplicateDetection>false</RequiresDuplicateDetection><RequiresSession>false</RequiresSession><DefaultMessageTimeToLive>P10675199DT2H48M5.477539S</DefaultMessageTimeToLive><DeadLetteringOnMessageExpiration>false</DeadLetteringOnMessageExpiration><DuplicateDetectionHistoryTimeWindow>PT10M</DuplicateDetectionHistoryTimeWindow><MaxDeliveryCount>10</MaxDeliveryCount><EnableBatchedOperations>true</EnableBatchedOperations><SizeInBytes>0</SizeInBytes><MessageCount>0</MessageCount><IsAnonymousAccessible>false</IsAnonymousAccessible><AuthorizationRules
      /><Status>Active</Status><CreatedAt>2021-09-28T19:05:19.083Z</CreatedAt><UpdatedAt>2021-09-28T19:05:19.150Z</UpdatedAt><SupportOrdering>true</SupportOrdering><AutoDeleteOnIdle>P10675199DT2H48M5.477539S</AutoDeleteOnIdle><EnablePartitioning>false</EnablePartitioning><EntityAvailabilityStatus>Available</EntityAvailabilityStatus><EnableExpress>false</EnableExpress><MaxMessageSizeInKilobytes>256</MaxMessageSizeInKilobytes></QueueDescription></ns0:content></ns0:entry>'
    headers:
      Accept:
      - application/xml
      Content-Length:
      - '1323'
      Content-Type:
      - application/atom+xml
      If-Match:
      - '*'
      User-Agent:
      - azsdk-python-servicebusmanagementclient/2021-05 Python/3.7.10 (Windows-10-10.0.22000-SP0)
    method: PUT
    uri: https://servicebustestsbname.servicebus.windows.net/ewuidfj?api-version=2021-05
  response:
    body:
      string: <entry xmlns="http://www.w3.org/2005/Atom"><id>https://servicebustestkv3s7h2dmw.servicebus.windows.net/ewuidfj?api-version=2021-05</id><title
        type="text">ewuidfj</title><updated>2021-09-28T19:05:20Z</updated><author><name>servicebustestkv3s7h2dmw</name></author><link
        rel="self" href="https://servicebustestkv3s7h2dmw.servicebus.windows.net/ewuidfj?api-version=2021-05"/><content
        type="application/xml"><QueueDescription xmlns="http://schemas.microsoft.com/netservices/2010/10/servicebus/connect"
        xmlns:i="http://www.w3.org/2001/XMLSchema-instance"><LockDuration>PT2M</LockDuration><MaxSizeInMegabytes>1024</MaxSizeInMegabytes><RequiresDuplicateDetection>false</RequiresDuplicateDetection><RequiresSession>false</RequiresSession><DefaultMessageTimeToLive>P10675199DT2H48M5.477539S</DefaultMessageTimeToLive><DeadLetteringOnMessageExpiration>false</DeadLetteringOnMessageExpiration><DuplicateDetectionHistoryTimeWindow>PT10M</DuplicateDetectionHistoryTimeWindow><MaxDeliveryCount>10</MaxDeliveryCount><EnableBatchedOperations>true</EnableBatchedOperations><SizeInBytes>0</SizeInBytes><MessageCount>0</MessageCount><IsAnonymousAccessible>false</IsAnonymousAccessible><AuthorizationRules></AuthorizationRules><Status>Active</Status><CreatedAt>2021-09-28T19:05:19.083Z</CreatedAt><UpdatedAt>2021-09-28T19:05:19.15Z</UpdatedAt><SupportOrdering>true</SupportOrdering><AutoDeleteOnIdle>P10675199DT2H48M5.477539S</AutoDeleteOnIdle><EnablePartitioning>false</EnablePartitioning><EntityAvailabilityStatus>Available</EntityAvailabilityStatus><EnableExpress>false</EnableExpress><MaxMessageSizeInKilobytes>256</MaxMessageSizeInKilobytes></QueueDescription></content></entry>
    headers:
      content-type: application/atom+xml;type=entry;charset=utf-8
      date: Tue, 28 Sep 2021 19:05:20 GMT
      etag: '637684527191500000'
      server: Microsoft-HTTPAPI/2.0
      strict-transport-security: max-age=31536000
      transfer-encoding: chunked
    status:
      code: 200
      message: OK
    url: https://servicebustestkv3s7h2dmw.servicebus.windows.net/ewuidfj?api-version=2021-05
- request:
    body: null
    headers:
      Accept:
      - application/xml
      User-Agent:
      - azsdk-python-servicebusmanagementclient/2021-05 Python/3.7.10 (Windows-10-10.0.22000-SP0)
    method: GET
    uri: https://servicebustestsbname.servicebus.windows.net/ewuidfj?enrich=false&api-version=2021-05
  response:
    body:
      string: <entry xmlns="http://www.w3.org/2005/Atom"><id>https://servicebustestkv3s7h2dmw.servicebus.windows.net/ewuidfj?enrich=false&amp;api-version=2021-05</id><title
        type="text">ewuidfj</title><published>2021-09-28T19:05:19Z</published><updated>2021-09-28T19:05:20Z</updated><author><name>servicebustestkv3s7h2dmw</name></author><link
        rel="self" href="https://servicebustestkv3s7h2dmw.servicebus.windows.net/ewuidfj?enrich=false&amp;api-version=2021-05"/><content
        type="application/xml"><QueueDescription xmlns="http://schemas.microsoft.com/netservices/2010/10/servicebus/connect"
        xmlns:i="http://www.w3.org/2001/XMLSchema-instance"><LockDuration>PT2M</LockDuration><MaxSizeInMegabytes>1024</MaxSizeInMegabytes><RequiresDuplicateDetection>false</RequiresDuplicateDetection><RequiresSession>false</RequiresSession><DefaultMessageTimeToLive>P10675199DT2H48M5.477539S</DefaultMessageTimeToLive><DeadLetteringOnMessageExpiration>false</DeadLetteringOnMessageExpiration><DuplicateDetectionHistoryTimeWindow>PT10M</DuplicateDetectionHistoryTimeWindow><MaxDeliveryCount>10</MaxDeliveryCount><EnableBatchedOperations>true</EnableBatchedOperations><SizeInBytes>0</SizeInBytes><MessageCount>0</MessageCount><IsAnonymousAccessible>false</IsAnonymousAccessible><AuthorizationRules></AuthorizationRules><Status>Active</Status><CreatedAt>2021-09-28T19:05:19.083Z</CreatedAt><UpdatedAt>2021-09-28T19:05:20.62Z</UpdatedAt><AccessedAt>0001-01-01T00:00:00Z</AccessedAt><SupportOrdering>true</SupportOrdering><CountDetails
        xmlns:d2p1="http://schemas.microsoft.com/netservices/2011/06/servicebus"><d2p1:ActiveMessageCount>0</d2p1:ActiveMessageCount><d2p1:DeadLetterMessageCount>0</d2p1:DeadLetterMessageCount><d2p1:ScheduledMessageCount>0</d2p1:ScheduledMessageCount><d2p1:TransferMessageCount>0</d2p1:TransferMessageCount><d2p1:TransferDeadLetterMessageCount>0</d2p1:TransferDeadLetterMessageCount></CountDetails><AutoDeleteOnIdle>P10675199DT2H48M5.477539S</AutoDeleteOnIdle><EnablePartitioning>false</EnablePartitioning><EntityAvailabilityStatus>Available</EntityAvailabilityStatus><EnableExpress>false</EnableExpress><MaxMessageSizeInKilobytes>256</MaxMessageSizeInKilobytes></QueueDescription></content></entry>
    headers:
      content-type: application/atom+xml;type=entry;charset=utf-8
      date: Tue, 28 Sep 2021 19:05:20 GMT
      etag: '637684527206200000'
      server: Microsoft-HTTPAPI/2.0
      strict-transport-security: max-age=31536000
      transfer-encoding: chunked
    status:
      code: 200
      message: OK
    url: https://servicebustestkv3s7h2dmw.servicebus.windows.net/ewuidfj?enrich=false&api-version=2021-05
- request:
    body: '<?xml version=''1.0'' encoding=''utf-8''?>

      <ns0:entry xmlns:d2p1="http://schemas.microsoft.com/netservices/2011/06/servicebus"
      xmlns:ns0="http://www.w3.org/2005/Atom" xmlns="http://schemas.microsoft.com/netservices/2010/10/servicebus/connect"><ns0:content
      type="application/xml"><QueueDescription><LockDuration>PT2M</LockDuration><MaxSizeInMegabytes>1024</MaxSizeInMegabytes><RequiresDuplicateDetection>false</RequiresDuplicateDetection><RequiresSession>false</RequiresSession><DefaultMessageTimeToLive>P10675199DT2H48M5.477539S</DefaultMessageTimeToLive><DeadLetteringOnMessageExpiration>false</DeadLetteringOnMessageExpiration><DuplicateDetectionHistoryTimeWindow>PT10M</DuplicateDetectionHistoryTimeWindow><MaxDeliveryCount>10</MaxDeliveryCount><EnableBatchedOperations>true</EnableBatchedOperations><SizeInBytes>0</SizeInBytes><MessageCount>0</MessageCount><IsAnonymousAccessible>false</IsAnonymousAccessible><AuthorizationRules
      /><Status>Active</Status><CreatedAt>2021-09-28T19:05:19.083Z</CreatedAt><UpdatedAt>2021-09-28T19:05:20.620Z</UpdatedAt><AccessedAt>0001-01-01T00:00:00.000Z</AccessedAt><SupportOrdering>true</SupportOrdering><CountDetails><d2p1:ActiveMessageCount>0</d2p1:ActiveMessageCount><d2p1:DeadLetterMessageCount>0</d2p1:DeadLetterMessageCount><d2p1:ScheduledMessageCount>0</d2p1:ScheduledMessageCount><d2p1:TransferDeadLetterMessageCount>0</d2p1:TransferDeadLetterMessageCount><d2p1:TransferMessageCount>0</d2p1:TransferMessageCount></CountDetails><AutoDeleteOnIdle>P10675199DT2H48M5.477539S</AutoDeleteOnIdle><EnablePartitioning>false</EnablePartitioning><EntityAvailabilityStatus>Available</EntityAvailabilityStatus><EnableExpress>false</EnableExpress><ForwardTo>sb://servicebustestkv3s7h2dmw.servicebus.windows.net/dkfjaks</ForwardTo><ForwardDeadLetteredMessagesTo>sb://servicebustestkv3s7h2dmw.servicebus.windows.net/dkfjaks</ForwardDeadLetteredMessagesTo><MaxMessageSizeInKilobytes>256</MaxMessageSizeInKilobytes></QueueDescription></ns0:content></ns0:entry>'
    headers:
      Accept:
      - application/xml
      Content-Length:
      - '1982'
      Content-Type:
      - application/atom+xml
      If-Match:
      - '*'
      ServiceBusDlqSupplementaryAuthorization:
      - SharedAccessSignature sr=sb%3A%2F%2Fservicebustestkv3s7h2dmw.servicebus.windows.net%2Fdkfjaks&sig=88FSQbIHvMlDPM7oL%2fHvwTZYGQuSRLd%2bvxOeE5leplU%3d&se=1632859520&skn=RootManageSharedAccessKey
      ServiceBusSupplementaryAuthorization:
      - SharedAccessSignature sr=sb%3A%2F%2Fservicebustestkv3s7h2dmw.servicebus.windows.net%2Fdkfjaks&sig=88FSQbIHvMlDPM7oL%2fHvwTZYGQuSRLd%2bvxOeE5leplU%3d&se=1632859520&skn=RootManageSharedAccessKey
      User-Agent:
      - azsdk-python-servicebusmanagementclient/2021-05 Python/3.7.10 (Windows-10-10.0.22000-SP0)
    method: PUT
    uri: https://servicebustestsbname.servicebus.windows.net/ewuidfj?api-version=2021-05
  response:
    body:
      string: <entry xmlns="http://www.w3.org/2005/Atom"><id>https://servicebustestkv3s7h2dmw.servicebus.windows.net/ewuidfj?api-version=2021-05</id><title
        type="text">ewuidfj</title><updated>2021-09-28T19:05:20Z</updated><author><name>servicebustestkv3s7h2dmw</name></author><link
        rel="self" href="https://servicebustestkv3s7h2dmw.servicebus.windows.net/ewuidfj?api-version=2021-05"/><content
        type="application/xml"><QueueDescription xmlns="http://schemas.microsoft.com/netservices/2010/10/servicebus/connect"
        xmlns:i="http://www.w3.org/2001/XMLSchema-instance"><LockDuration>PT2M</LockDuration><MaxSizeInMegabytes>1024</MaxSizeInMegabytes><RequiresDuplicateDetection>false</RequiresDuplicateDetection><RequiresSession>false</RequiresSession><DefaultMessageTimeToLive>P10675199DT2H48M5.477539S</DefaultMessageTimeToLive><DeadLetteringOnMessageExpiration>false</DeadLetteringOnMessageExpiration><DuplicateDetectionHistoryTimeWindow>PT10M</DuplicateDetectionHistoryTimeWindow><MaxDeliveryCount>10</MaxDeliveryCount><EnableBatchedOperations>true</EnableBatchedOperations><SizeInBytes>0</SizeInBytes><MessageCount>0</MessageCount><IsAnonymousAccessible>false</IsAnonymousAccessible><AuthorizationRules></AuthorizationRules><Status>Active</Status><CreatedAt>2021-09-28T19:05:19.083Z</CreatedAt><UpdatedAt>2021-09-28T19:05:20.62Z</UpdatedAt><AccessedAt>0001-01-01T00:00:00Z</AccessedAt><SupportOrdering>true</SupportOrdering><CountDetails
        xmlns:d2p1="http://schemas.microsoft.com/netservices/2011/06/servicebus"><d2p1:ActiveMessageCount>0</d2p1:ActiveMessageCount><d2p1:DeadLetterMessageCount>0</d2p1:DeadLetterMessageCount><d2p1:ScheduledMessageCount>0</d2p1:ScheduledMessageCount><d2p1:TransferMessageCount>0</d2p1:TransferMessageCount><d2p1:TransferDeadLetterMessageCount>0</d2p1:TransferDeadLetterMessageCount></CountDetails><AutoDeleteOnIdle>P10675199DT2H48M5.477539S</AutoDeleteOnIdle><EnablePartitioning>false</EnablePartitioning><EntityAvailabilityStatus>Available</EntityAvailabilityStatus><EnableExpress>false</EnableExpress><ForwardTo>sb://servicebustestkv3s7h2dmw.servicebus.windows.net/dkfjaks</ForwardTo><ForwardDeadLetteredMessagesTo>sb://servicebustestkv3s7h2dmw.servicebus.windows.net/dkfjaks</ForwardDeadLetteredMessagesTo><MaxMessageSizeInKilobytes>256</MaxMessageSizeInKilobytes></QueueDescription></content></entry>
    headers:
      content-type: application/atom+xml;type=entry;charset=utf-8
      date: Tue, 28 Sep 2021 19:05:20 GMT
      etag: '637684527206200000'
      server: Microsoft-HTTPAPI/2.0
      strict-transport-security: max-age=31536000
      transfer-encoding: chunked
    status:
      code: 200
      message: OK
    url: https://servicebustestkv3s7h2dmw.servicebus.windows.net/ewuidfj?api-version=2021-05
- request:
    body: null
    headers:
      Accept:
      - application/xml
      User-Agent:
      - azsdk-python-servicebusmanagementclient/2021-05 Python/3.7.10 (Windows-10-10.0.22000-SP0)
    method: GET
    uri: https://servicebustestsbname.servicebus.windows.net/ewuidfj?enrich=false&api-version=2021-05
  response:
    body:
      string: <entry xmlns="http://www.w3.org/2005/Atom"><id>https://servicebustestkv3s7h2dmw.servicebus.windows.net/ewuidfj?enrich=false&amp;api-version=2021-05</id><title
        type="text">ewuidfj</title><published>2021-09-28T19:05:19Z</published><updated>2021-09-28T19:05:20Z</updated><author><name>servicebustestkv3s7h2dmw</name></author><link
        rel="self" href="https://servicebustestkv3s7h2dmw.servicebus.windows.net/ewuidfj?enrich=false&amp;api-version=2021-05"/><content
        type="application/xml"><QueueDescription xmlns="http://schemas.microsoft.com/netservices/2010/10/servicebus/connect"
        xmlns:i="http://www.w3.org/2001/XMLSchema-instance"><LockDuration>PT2M</LockDuration><MaxSizeInMegabytes>1024</MaxSizeInMegabytes><RequiresDuplicateDetection>false</RequiresDuplicateDetection><RequiresSession>false</RequiresSession><DefaultMessageTimeToLive>P10675199DT2H48M5.477539S</DefaultMessageTimeToLive><DeadLetteringOnMessageExpiration>false</DeadLetteringOnMessageExpiration><DuplicateDetectionHistoryTimeWindow>PT10M</DuplicateDetectionHistoryTimeWindow><MaxDeliveryCount>10</MaxDeliveryCount><EnableBatchedOperations>true</EnableBatchedOperations><SizeInBytes>0</SizeInBytes><MessageCount>0</MessageCount><IsAnonymousAccessible>false</IsAnonymousAccessible><AuthorizationRules></AuthorizationRules><Status>Active</Status><CreatedAt>2021-09-28T19:05:19.083Z</CreatedAt><UpdatedAt>2021-09-28T19:05:20.847Z</UpdatedAt><AccessedAt>0001-01-01T00:00:00Z</AccessedAt><SupportOrdering>true</SupportOrdering><CountDetails
        xmlns:d2p1="http://schemas.microsoft.com/netservices/2011/06/servicebus"><d2p1:ActiveMessageCount>0</d2p1:ActiveMessageCount><d2p1:DeadLetterMessageCount>0</d2p1:DeadLetterMessageCount><d2p1:ScheduledMessageCount>0</d2p1:ScheduledMessageCount><d2p1:TransferMessageCount>0</d2p1:TransferMessageCount><d2p1:TransferDeadLetterMessageCount>0</d2p1:TransferDeadLetterMessageCount></CountDetails><AutoDeleteOnIdle>P10675199DT2H48M5.477539S</AutoDeleteOnIdle><EnablePartitioning>false</EnablePartitioning><EntityAvailabilityStatus>Available</EntityAvailabilityStatus><EnableExpress>false</EnableExpress><ForwardTo>sb://servicebustestkv3s7h2dmw.servicebus.windows.net/dkfjaks</ForwardTo><ForwardDeadLetteredMessagesTo>sb://servicebustestkv3s7h2dmw.servicebus.windows.net/dkfjaks</ForwardDeadLetteredMessagesTo><MaxMessageSizeInKilobytes>256</MaxMessageSizeInKilobytes></QueueDescription></content></entry>
    headers:
      content-type: application/atom+xml;type=entry;charset=utf-8
      date: Tue, 28 Sep 2021 19:05:20 GMT
      etag: '637684527208470000'
      server: Microsoft-HTTPAPI/2.0
      strict-transport-security: max-age=31536000
      transfer-encoding: chunked
    status:
      code: 200
      message: OK
    url: https://servicebustestkv3s7h2dmw.servicebus.windows.net/ewuidfj?enrich=false&api-version=2021-05
- request:
    body: '<?xml version=''1.0'' encoding=''utf-8''?>

      <ns0:entry xmlns:d2p1="http://schemas.microsoft.com/netservices/2011/06/servicebus"
      xmlns:ns0="http://www.w3.org/2005/Atom" xmlns="http://schemas.microsoft.com/netservices/2010/10/servicebus/connect"><ns0:content
      type="application/xml"><QueueDescription><LockDuration>PT2M</LockDuration><MaxSizeInMegabytes>1024</MaxSizeInMegabytes><RequiresDuplicateDetection>false</RequiresDuplicateDetection><RequiresSession>false</RequiresSession><DefaultMessageTimeToLive>P10675199DT2H48M5.477539S</DefaultMessageTimeToLive><DeadLetteringOnMessageExpiration>false</DeadLetteringOnMessageExpiration><DuplicateDetectionHistoryTimeWindow>PT10M</DuplicateDetectionHistoryTimeWindow><MaxDeliveryCount>10</MaxDeliveryCount><EnableBatchedOperations>true</EnableBatchedOperations><SizeInBytes>0</SizeInBytes><MessageCount>0</MessageCount><IsAnonymousAccessible>false</IsAnonymousAccessible><AuthorizationRules
      /><Status>Active</Status><CreatedAt>2021-09-28T19:05:19.083Z</CreatedAt><UpdatedAt>2021-09-28T19:05:20.847Z</UpdatedAt><AccessedAt>0001-01-01T00:00:00.000Z</AccessedAt><SupportOrdering>true</SupportOrdering><CountDetails><d2p1:ActiveMessageCount>0</d2p1:ActiveMessageCount><d2p1:DeadLetterMessageCount>0</d2p1:DeadLetterMessageCount><d2p1:ScheduledMessageCount>0</d2p1:ScheduledMessageCount><d2p1:TransferDeadLetterMessageCount>0</d2p1:TransferDeadLetterMessageCount><d2p1:TransferMessageCount>0</d2p1:TransferMessageCount></CountDetails><AutoDeleteOnIdle>P10675199DT2H48M5.477539S</AutoDeleteOnIdle><EnablePartitioning>false</EnablePartitioning><EntityAvailabilityStatus>Available</EntityAvailabilityStatus><EnableExpress>false</EnableExpress><MaxMessageSizeInKilobytes>256</MaxMessageSizeInKilobytes></QueueDescription></ns0:content></ns0:entry>'
    headers:
      Accept:
      - application/xml
      Content-Length:
      - '1776'
      Content-Type:
      - application/atom+xml
      If-Match:
      - '*'
      User-Agent:
      - azsdk-python-servicebusmanagementclient/2021-05 Python/3.7.10 (Windows-10-10.0.22000-SP0)
    method: PUT
    uri: https://servicebustestsbname.servicebus.windows.net/ewuidfj?api-version=2021-05
  response:
    body:
      string: <entry xmlns="http://www.w3.org/2005/Atom"><id>https://servicebustestkv3s7h2dmw.servicebus.windows.net/ewuidfj?api-version=2021-05</id><title
        type="text">ewuidfj</title><updated>2021-09-28T19:05:21Z</updated><author><name>servicebustestkv3s7h2dmw</name></author><link
        rel="self" href="https://servicebustestkv3s7h2dmw.servicebus.windows.net/ewuidfj?api-version=2021-05"/><content
        type="application/xml"><QueueDescription xmlns="http://schemas.microsoft.com/netservices/2010/10/servicebus/connect"
        xmlns:i="http://www.w3.org/2001/XMLSchema-instance"><LockDuration>PT2M</LockDuration><MaxSizeInMegabytes>1024</MaxSizeInMegabytes><RequiresDuplicateDetection>false</RequiresDuplicateDetection><RequiresSession>false</RequiresSession><DefaultMessageTimeToLive>P10675199DT2H48M5.477539S</DefaultMessageTimeToLive><DeadLetteringOnMessageExpiration>false</DeadLetteringOnMessageExpiration><DuplicateDetectionHistoryTimeWindow>PT10M</DuplicateDetectionHistoryTimeWindow><MaxDeliveryCount>10</MaxDeliveryCount><EnableBatchedOperations>true</EnableBatchedOperations><SizeInBytes>0</SizeInBytes><MessageCount>0</MessageCount><IsAnonymousAccessible>false</IsAnonymousAccessible><AuthorizationRules></AuthorizationRules><Status>Active</Status><CreatedAt>2021-09-28T19:05:19.083Z</CreatedAt><UpdatedAt>2021-09-28T19:05:20.847Z</UpdatedAt><AccessedAt>0001-01-01T00:00:00Z</AccessedAt><SupportOrdering>true</SupportOrdering><CountDetails
        xmlns:d2p1="http://schemas.microsoft.com/netservices/2011/06/servicebus"><d2p1:ActiveMessageCount>0</d2p1:ActiveMessageCount><d2p1:DeadLetterMessageCount>0</d2p1:DeadLetterMessageCount><d2p1:ScheduledMessageCount>0</d2p1:ScheduledMessageCount><d2p1:TransferMessageCount>0</d2p1:TransferMessageCount><d2p1:TransferDeadLetterMessageCount>0</d2p1:TransferDeadLetterMessageCount></CountDetails><AutoDeleteOnIdle>P10675199DT2H48M5.477539S</AutoDeleteOnIdle><EnablePartitioning>false</EnablePartitioning><EntityAvailabilityStatus>Available</EntityAvailabilityStatus><EnableExpress>false</EnableExpress><MaxMessageSizeInKilobytes>256</MaxMessageSizeInKilobytes></QueueDescription></content></entry>
    headers:
      content-type: application/atom+xml;type=entry;charset=utf-8
      date: Tue, 28 Sep 2021 19:05:20 GMT
      etag: '637684527208470000'
      server: Microsoft-HTTPAPI/2.0
      strict-transport-security: max-age=31536000
      transfer-encoding: chunked
    status:
      code: 200
      message: OK
    url: https://servicebustestkv3s7h2dmw.servicebus.windows.net/ewuidfj?api-version=2021-05
- request:
    body: null
    headers:
      Accept:
      - application/xml
      User-Agent:
      - azsdk-python-servicebusmanagementclient/2021-05 Python/3.7.10 (Windows-10-10.0.22000-SP0)
    method: GET
    uri: https://servicebustestsbname.servicebus.windows.net/ewuidfj?enrich=false&api-version=2021-05
  response:
    body:
      string: <entry xmlns="http://www.w3.org/2005/Atom"><id>https://servicebustestkv3s7h2dmw.servicebus.windows.net/ewuidfj?enrich=false&amp;api-version=2021-05</id><title
        type="text">ewuidfj</title><published>2021-09-28T19:05:19Z</published><updated>2021-09-28T19:05:21Z</updated><author><name>servicebustestkv3s7h2dmw</name></author><link
        rel="self" href="https://servicebustestkv3s7h2dmw.servicebus.windows.net/ewuidfj?enrich=false&amp;api-version=2021-05"/><content
        type="application/xml"><QueueDescription xmlns="http://schemas.microsoft.com/netservices/2010/10/servicebus/connect"
        xmlns:i="http://www.w3.org/2001/XMLSchema-instance"><LockDuration>PT2M</LockDuration><MaxSizeInMegabytes>1024</MaxSizeInMegabytes><RequiresDuplicateDetection>false</RequiresDuplicateDetection><RequiresSession>false</RequiresSession><DefaultMessageTimeToLive>P10675199DT2H48M5.477539S</DefaultMessageTimeToLive><DeadLetteringOnMessageExpiration>false</DeadLetteringOnMessageExpiration><DuplicateDetectionHistoryTimeWindow>PT10M</DuplicateDetectionHistoryTimeWindow><MaxDeliveryCount>10</MaxDeliveryCount><EnableBatchedOperations>true</EnableBatchedOperations><SizeInBytes>0</SizeInBytes><MessageCount>0</MessageCount><IsAnonymousAccessible>false</IsAnonymousAccessible><AuthorizationRules></AuthorizationRules><Status>Active</Status><CreatedAt>2021-09-28T19:05:19.083Z</CreatedAt><UpdatedAt>2021-09-28T19:05:21.077Z</UpdatedAt><AccessedAt>0001-01-01T00:00:00Z</AccessedAt><SupportOrdering>true</SupportOrdering><CountDetails
        xmlns:d2p1="http://schemas.microsoft.com/netservices/2011/06/servicebus"><d2p1:ActiveMessageCount>0</d2p1:ActiveMessageCount><d2p1:DeadLetterMessageCount>0</d2p1:DeadLetterMessageCount><d2p1:ScheduledMessageCount>0</d2p1:ScheduledMessageCount><d2p1:TransferMessageCount>0</d2p1:TransferMessageCount><d2p1:TransferDeadLetterMessageCount>0</d2p1:TransferDeadLetterMessageCount></CountDetails><AutoDeleteOnIdle>P10675199DT2H48M5.477539S</AutoDeleteOnIdle><EnablePartitioning>false</EnablePartitioning><EntityAvailabilityStatus>Available</EntityAvailabilityStatus><EnableExpress>false</EnableExpress><MaxMessageSizeInKilobytes>256</MaxMessageSizeInKilobytes></QueueDescription></content></entry>
    headers:
      content-type: application/atom+xml;type=entry;charset=utf-8
      date: Tue, 28 Sep 2021 19:05:20 GMT
      etag: '637684527210770000'
      server: Microsoft-HTTPAPI/2.0
      strict-transport-security: max-age=31536000
      transfer-encoding: chunked
    status:
      code: 200
      message: OK
    url: https://servicebustestkv3s7h2dmw.servicebus.windows.net/ewuidfj?enrich=false&api-version=2021-05
- request:
    body: '<?xml version=''1.0'' encoding=''utf-8''?>

      <ns0:entry xmlns:d2p1="http://schemas.microsoft.com/netservices/2011/06/servicebus"
      xmlns:ns0="http://www.w3.org/2005/Atom" xmlns="http://schemas.microsoft.com/netservices/2010/10/servicebus/connect"><ns0:content
      type="application/xml"><QueueDescription><LockDuration>PT13S</LockDuration><MaxSizeInMegabytes>3072</MaxSizeInMegabytes><RequiresDuplicateDetection>false</RequiresDuplicateDetection><RequiresSession>false</RequiresSession><DefaultMessageTimeToLive>PT11M</DefaultMessageTimeToLive><DeadLetteringOnMessageExpiration>true</DeadLetteringOnMessageExpiration><DuplicateDetectionHistoryTimeWindow>PT12M</DuplicateDetectionHistoryTimeWindow><MaxDeliveryCount>14</MaxDeliveryCount><EnableBatchedOperations>true</EnableBatchedOperations><SizeInBytes>0</SizeInBytes><MessageCount>0</MessageCount><IsAnonymousAccessible>false</IsAnonymousAccessible><AuthorizationRules
      /><Status>Active</Status><CreatedAt>2021-09-28T19:05:19.083Z</CreatedAt><UpdatedAt>2021-09-28T19:05:21.077Z</UpdatedAt><AccessedAt>0001-01-01T00:00:00.000Z</AccessedAt><SupportOrdering>true</SupportOrdering><CountDetails><d2p1:ActiveMessageCount>0</d2p1:ActiveMessageCount><d2p1:DeadLetterMessageCount>0</d2p1:DeadLetterMessageCount><d2p1:ScheduledMessageCount>0</d2p1:ScheduledMessageCount><d2p1:TransferDeadLetterMessageCount>0</d2p1:TransferDeadLetterMessageCount><d2p1:TransferMessageCount>0</d2p1:TransferMessageCount></CountDetails><AutoDeleteOnIdle>PT10M</AutoDeleteOnIdle><EnablePartitioning>false</EnablePartitioning><EntityAvailabilityStatus>Available</EntityAvailabilityStatus><EnableExpress>true</EnableExpress><ForwardTo>sb://servicebustestkv3s7h2dmw.servicebus.windows.net/ewuidfj</ForwardTo><ForwardDeadLetteredMessagesTo>sb://servicebustestkv3s7h2dmw.servicebus.windows.net/ewuidfj</ForwardDeadLetteredMessagesTo><MaxMessageSizeInKilobytes>256</MaxMessageSizeInKilobytes></QueueDescription></ns0:content></ns0:entry>'
    headers:
      Accept:
      - application/xml
      Content-Length:
      - '1941'
      Content-Type:
      - application/atom+xml
      If-Match:
      - '*'
      ServiceBusDlqSupplementaryAuthorization:
      - SharedAccessSignature sr=sb%3A%2F%2Fservicebustestkv3s7h2dmw.servicebus.windows.net%2Fewuidfj&sig=GlpwFSg0Lsg6S96fT4pFfRAo%2fjglgYJfZjQrKigu1e0%3d&se=1632859520&skn=RootManageSharedAccessKey
      ServiceBusSupplementaryAuthorization:
      - SharedAccessSignature sr=sb%3A%2F%2Fservicebustestkv3s7h2dmw.servicebus.windows.net%2Fewuidfj&sig=GlpwFSg0Lsg6S96fT4pFfRAo%2fjglgYJfZjQrKigu1e0%3d&se=1632859520&skn=RootManageSharedAccessKey
      User-Agent:
      - azsdk-python-servicebusmanagementclient/2021-05 Python/3.7.10 (Windows-10-10.0.22000-SP0)
    method: PUT
    uri: https://servicebustestsbname.servicebus.windows.net/ewuidfj?api-version=2021-05
  response:
    body:
      string: <entry xmlns="http://www.w3.org/2005/Atom"><id>https://servicebustestkv3s7h2dmw.servicebus.windows.net/ewuidfj?api-version=2021-05</id><title
        type="text">ewuidfj</title><updated>2021-09-28T19:05:21Z</updated><author><name>servicebustestkv3s7h2dmw</name></author><link
        rel="self" href="https://servicebustestkv3s7h2dmw.servicebus.windows.net/ewuidfj?api-version=2021-05"/><content
        type="application/xml"><QueueDescription xmlns="http://schemas.microsoft.com/netservices/2010/10/servicebus/connect"
        xmlns:i="http://www.w3.org/2001/XMLSchema-instance"><LockDuration>PT13S</LockDuration><MaxSizeInMegabytes>3072</MaxSizeInMegabytes><RequiresDuplicateDetection>false</RequiresDuplicateDetection><RequiresSession>false</RequiresSession><DefaultMessageTimeToLive>PT11M</DefaultMessageTimeToLive><DeadLetteringOnMessageExpiration>true</DeadLetteringOnMessageExpiration><DuplicateDetectionHistoryTimeWindow>PT12M</DuplicateDetectionHistoryTimeWindow><MaxDeliveryCount>14</MaxDeliveryCount><EnableBatchedOperations>true</EnableBatchedOperations><SizeInBytes>0</SizeInBytes><MessageCount>0</MessageCount><IsAnonymousAccessible>false</IsAnonymousAccessible><AuthorizationRules></AuthorizationRules><Status>Active</Status><CreatedAt>2021-09-28T19:05:19.083Z</CreatedAt><UpdatedAt>2021-09-28T19:05:21.077Z</UpdatedAt><AccessedAt>0001-01-01T00:00:00Z</AccessedAt><SupportOrdering>true</SupportOrdering><CountDetails
        xmlns:d2p1="http://schemas.microsoft.com/netservices/2011/06/servicebus"><d2p1:ActiveMessageCount>0</d2p1:ActiveMessageCount><d2p1:DeadLetterMessageCount>0</d2p1:DeadLetterMessageCount><d2p1:ScheduledMessageCount>0</d2p1:ScheduledMessageCount><d2p1:TransferMessageCount>0</d2p1:TransferMessageCount><d2p1:TransferDeadLetterMessageCount>0</d2p1:TransferDeadLetterMessageCount></CountDetails><AutoDeleteOnIdle>PT10M</AutoDeleteOnIdle><EnablePartitioning>false</EnablePartitioning><EntityAvailabilityStatus>Available</EntityAvailabilityStatus><EnableExpress>true</EnableExpress><ForwardTo>sb://servicebustestkv3s7h2dmw.servicebus.windows.net/ewuidfj</ForwardTo><ForwardDeadLetteredMessagesTo>sb://servicebustestkv3s7h2dmw.servicebus.windows.net/ewuidfj</ForwardDeadLetteredMessagesTo><MaxMessageSizeInKilobytes>256</MaxMessageSizeInKilobytes></QueueDescription></content></entry>
    headers:
      content-type: application/atom+xml;type=entry;charset=utf-8
      date: Tue, 28 Sep 2021 19:05:20 GMT
      etag: '637684527210770000'
      server: Microsoft-HTTPAPI/2.0
      strict-transport-security: max-age=31536000
      transfer-encoding: chunked
    status:
      code: 200
      message: OK
    url: https://servicebustestkv3s7h2dmw.servicebus.windows.net/ewuidfj?api-version=2021-05
- request:
    body: null
    headers:
      Accept:
      - application/xml
      User-Agent:
      - azsdk-python-servicebusmanagementclient/2021-05 Python/3.7.10 (Windows-10-10.0.22000-SP0)
    method: GET
    uri: https://servicebustestsbname.servicebus.windows.net/ewuidfj?enrich=false&api-version=2021-05
  response:
    body:
      string: <entry xmlns="http://www.w3.org/2005/Atom"><id>https://servicebustestkv3s7h2dmw.servicebus.windows.net/ewuidfj?enrich=false&amp;api-version=2021-05</id><title
        type="text">ewuidfj</title><published>2021-09-28T19:05:19Z</published><updated>2021-09-28T19:05:21Z</updated><author><name>servicebustestkv3s7h2dmw</name></author><link
        rel="self" href="https://servicebustestkv3s7h2dmw.servicebus.windows.net/ewuidfj?enrich=false&amp;api-version=2021-05"/><content
        type="application/xml"><QueueDescription xmlns="http://schemas.microsoft.com/netservices/2010/10/servicebus/connect"
        xmlns:i="http://www.w3.org/2001/XMLSchema-instance"><LockDuration>PT13S</LockDuration><MaxSizeInMegabytes>3072</MaxSizeInMegabytes><RequiresDuplicateDetection>false</RequiresDuplicateDetection><RequiresSession>false</RequiresSession><DefaultMessageTimeToLive>PT11M</DefaultMessageTimeToLive><DeadLetteringOnMessageExpiration>true</DeadLetteringOnMessageExpiration><DuplicateDetectionHistoryTimeWindow>PT12M</DuplicateDetectionHistoryTimeWindow><MaxDeliveryCount>14</MaxDeliveryCount><EnableBatchedOperations>true</EnableBatchedOperations><SizeInBytes>0</SizeInBytes><MessageCount>0</MessageCount><IsAnonymousAccessible>false</IsAnonymousAccessible><AuthorizationRules></AuthorizationRules><Status>Active</Status><CreatedAt>2021-09-28T19:05:19.083Z</CreatedAt><UpdatedAt>2021-09-28T19:05:21.283Z</UpdatedAt><AccessedAt>0001-01-01T00:00:00Z</AccessedAt><SupportOrdering>true</SupportOrdering><CountDetails
        xmlns:d2p1="http://schemas.microsoft.com/netservices/2011/06/servicebus"><d2p1:ActiveMessageCount>0</d2p1:ActiveMessageCount><d2p1:DeadLetterMessageCount>0</d2p1:DeadLetterMessageCount><d2p1:ScheduledMessageCount>0</d2p1:ScheduledMessageCount><d2p1:TransferMessageCount>0</d2p1:TransferMessageCount><d2p1:TransferDeadLetterMessageCount>0</d2p1:TransferDeadLetterMessageCount></CountDetails><AutoDeleteOnIdle>PT10M</AutoDeleteOnIdle><EnablePartitioning>false</EnablePartitioning><EntityAvailabilityStatus>Available</EntityAvailabilityStatus><EnableExpress>true</EnableExpress><ForwardTo>sb://servicebustestkv3s7h2dmw.servicebus.windows.net/ewuidfj</ForwardTo><ForwardDeadLetteredMessagesTo>sb://servicebustestkv3s7h2dmw.servicebus.windows.net/ewuidfj</ForwardDeadLetteredMessagesTo><MaxMessageSizeInKilobytes>256</MaxMessageSizeInKilobytes></QueueDescription></content></entry>
    headers:
      content-type: application/atom+xml;type=entry;charset=utf-8
      date: Tue, 28 Sep 2021 19:05:20 GMT
      etag: '637684527212830000'
      server: Microsoft-HTTPAPI/2.0
      strict-transport-security: max-age=31536000
      transfer-encoding: chunked
    status:
      code: 200
      message: OK
    url: https://servicebustestkv3s7h2dmw.servicebus.windows.net/ewuidfj?enrich=false&api-version=2021-05
- request:
    body: '<?xml version=''1.0'' encoding=''utf-8''?>

      <ns0:entry xmlns:d2p1="http://schemas.microsoft.com/netservices/2011/06/servicebus"
      xmlns:ns0="http://www.w3.org/2005/Atom" xmlns="http://schemas.microsoft.com/netservices/2010/10/servicebus/connect"><ns0:content
      type="application/xml"><QueueDescription><LockDuration>PT13S</LockDuration><MaxSizeInMegabytes>3072</MaxSizeInMegabytes><RequiresDuplicateDetection>false</RequiresDuplicateDetection><RequiresSession>false</RequiresSession><DefaultMessageTimeToLive>PT11M2S</DefaultMessageTimeToLive><DeadLetteringOnMessageExpiration>true</DeadLetteringOnMessageExpiration><DuplicateDetectionHistoryTimeWindow>PT12M3S</DuplicateDetectionHistoryTimeWindow><MaxDeliveryCount>14</MaxDeliveryCount><EnableBatchedOperations>true</EnableBatchedOperations><SizeInBytes>0</SizeInBytes><MessageCount>0</MessageCount><IsAnonymousAccessible>false</IsAnonymousAccessible><AuthorizationRules
      /><Status>Active</Status><CreatedAt>2021-09-28T19:05:19.083Z</CreatedAt><UpdatedAt>2021-09-28T19:05:21.283Z</UpdatedAt><AccessedAt>0001-01-01T00:00:00.000Z</AccessedAt><SupportOrdering>true</SupportOrdering><CountDetails><d2p1:ActiveMessageCount>0</d2p1:ActiveMessageCount><d2p1:DeadLetterMessageCount>0</d2p1:DeadLetterMessageCount><d2p1:ScheduledMessageCount>0</d2p1:ScheduledMessageCount><d2p1:TransferDeadLetterMessageCount>0</d2p1:TransferDeadLetterMessageCount><d2p1:TransferMessageCount>0</d2p1:TransferMessageCount></CountDetails><AutoDeleteOnIdle>PT10M1S</AutoDeleteOnIdle><EnablePartitioning>false</EnablePartitioning><EntityAvailabilityStatus>Available</EntityAvailabilityStatus><EnableExpress>true</EnableExpress><ForwardTo>sb://servicebustestkv3s7h2dmw.servicebus.windows.net/ewuidfj</ForwardTo><ForwardDeadLetteredMessagesTo>sb://servicebustestkv3s7h2dmw.servicebus.windows.net/ewuidfj</ForwardDeadLetteredMessagesTo><MaxMessageSizeInKilobytes>256</MaxMessageSizeInKilobytes></QueueDescription></ns0:content></ns0:entry>'
    headers:
      Accept:
      - application/xml
      Content-Length:
      - '1947'
      Content-Type:
      - application/atom+xml
      If-Match:
      - '*'
      ServiceBusDlqSupplementaryAuthorization:
      - SharedAccessSignature sr=sb%3A%2F%2Fservicebustestkv3s7h2dmw.servicebus.windows.net%2Fewuidfj&sig=O2b%2bdwja8Au9AYjVZ9vOo9n9tHkw1OUb%2beJgdb7O5ng%3d&se=1632859521&skn=RootManageSharedAccessKey
      ServiceBusSupplementaryAuthorization:
      - SharedAccessSignature sr=sb%3A%2F%2Fservicebustestkv3s7h2dmw.servicebus.windows.net%2Fewuidfj&sig=O2b%2bdwja8Au9AYjVZ9vOo9n9tHkw1OUb%2beJgdb7O5ng%3d&se=1632859521&skn=RootManageSharedAccessKey
      User-Agent:
      - azsdk-python-servicebusmanagementclient/2021-05 Python/3.7.10 (Windows-10-10.0.22000-SP0)
    method: PUT
    uri: https://servicebustestsbname.servicebus.windows.net/ewuidfj?api-version=2021-05
  response:
    body:
      string: <entry xmlns="http://www.w3.org/2005/Atom"><id>https://servicebustestkv3s7h2dmw.servicebus.windows.net/ewuidfj?api-version=2021-05</id><title
        type="text">ewuidfj</title><updated>2021-09-28T19:05:21Z</updated><author><name>servicebustestkv3s7h2dmw</name></author><link
        rel="self" href="https://servicebustestkv3s7h2dmw.servicebus.windows.net/ewuidfj?api-version=2021-05"/><content
        type="application/xml"><QueueDescription xmlns="http://schemas.microsoft.com/netservices/2010/10/servicebus/connect"
        xmlns:i="http://www.w3.org/2001/XMLSchema-instance"><LockDuration>PT13S</LockDuration><MaxSizeInMegabytes>3072</MaxSizeInMegabytes><RequiresDuplicateDetection>false</RequiresDuplicateDetection><RequiresSession>false</RequiresSession><DefaultMessageTimeToLive>PT11M2S</DefaultMessageTimeToLive><DeadLetteringOnMessageExpiration>true</DeadLetteringOnMessageExpiration><DuplicateDetectionHistoryTimeWindow>PT12M3S</DuplicateDetectionHistoryTimeWindow><MaxDeliveryCount>14</MaxDeliveryCount><EnableBatchedOperations>true</EnableBatchedOperations><SizeInBytes>0</SizeInBytes><MessageCount>0</MessageCount><IsAnonymousAccessible>false</IsAnonymousAccessible><AuthorizationRules></AuthorizationRules><Status>Active</Status><CreatedAt>2021-09-28T19:05:19.083Z</CreatedAt><UpdatedAt>2021-09-28T19:05:21.283Z</UpdatedAt><AccessedAt>0001-01-01T00:00:00Z</AccessedAt><SupportOrdering>true</SupportOrdering><CountDetails
        xmlns:d2p1="http://schemas.microsoft.com/netservices/2011/06/servicebus"><d2p1:ActiveMessageCount>0</d2p1:ActiveMessageCount><d2p1:DeadLetterMessageCount>0</d2p1:DeadLetterMessageCount><d2p1:ScheduledMessageCount>0</d2p1:ScheduledMessageCount><d2p1:TransferMessageCount>0</d2p1:TransferMessageCount><d2p1:TransferDeadLetterMessageCount>0</d2p1:TransferDeadLetterMessageCount></CountDetails><AutoDeleteOnIdle>PT10M1S</AutoDeleteOnIdle><EnablePartitioning>false</EnablePartitioning><EntityAvailabilityStatus>Available</EntityAvailabilityStatus><EnableExpress>true</EnableExpress><ForwardTo>sb://servicebustestkv3s7h2dmw.servicebus.windows.net/ewuidfj</ForwardTo><ForwardDeadLetteredMessagesTo>sb://servicebustestkv3s7h2dmw.servicebus.windows.net/ewuidfj</ForwardDeadLetteredMessagesTo><MaxMessageSizeInKilobytes>256</MaxMessageSizeInKilobytes></QueueDescription></content></entry>
    headers:
      content-type: application/atom+xml;type=entry;charset=utf-8
      date: Tue, 28 Sep 2021 19:05:20 GMT
      etag: '637684527212830000'
      server: Microsoft-HTTPAPI/2.0
      strict-transport-security: max-age=31536000
      transfer-encoding: chunked
    status:
      code: 200
      message: OK
    url: https://servicebustestkv3s7h2dmw.servicebus.windows.net/ewuidfj?api-version=2021-05
- request:
    body: null
    headers:
      Accept:
      - application/xml
      User-Agent:
      - azsdk-python-servicebusmanagementclient/2021-05 Python/3.7.10 (Windows-10-10.0.22000-SP0)
    method: GET
    uri: https://servicebustestsbname.servicebus.windows.net/ewuidfj?enrich=false&api-version=2021-05
  response:
    body:
      string: <entry xmlns="http://www.w3.org/2005/Atom"><id>https://servicebustestkv3s7h2dmw.servicebus.windows.net/ewuidfj?enrich=false&amp;api-version=2021-05</id><title
        type="text">ewuidfj</title><published>2021-09-28T19:05:19Z</published><updated>2021-09-28T19:05:21Z</updated><author><name>servicebustestkv3s7h2dmw</name></author><link
        rel="self" href="https://servicebustestkv3s7h2dmw.servicebus.windows.net/ewuidfj?enrich=false&amp;api-version=2021-05"/><content
        type="application/xml"><QueueDescription xmlns="http://schemas.microsoft.com/netservices/2010/10/servicebus/connect"
        xmlns:i="http://www.w3.org/2001/XMLSchema-instance"><LockDuration>PT13S</LockDuration><MaxSizeInMegabytes>3072</MaxSizeInMegabytes><RequiresDuplicateDetection>false</RequiresDuplicateDetection><RequiresSession>false</RequiresSession><DefaultMessageTimeToLive>PT11M2S</DefaultMessageTimeToLive><DeadLetteringOnMessageExpiration>true</DeadLetteringOnMessageExpiration><DuplicateDetectionHistoryTimeWindow>PT12M3S</DuplicateDetectionHistoryTimeWindow><MaxDeliveryCount>14</MaxDeliveryCount><EnableBatchedOperations>true</EnableBatchedOperations><SizeInBytes>0</SizeInBytes><MessageCount>0</MessageCount><IsAnonymousAccessible>false</IsAnonymousAccessible><AuthorizationRules></AuthorizationRules><Status>Active</Status><CreatedAt>2021-09-28T19:05:19.083Z</CreatedAt><UpdatedAt>2021-09-28T19:05:21.5Z</UpdatedAt><AccessedAt>0001-01-01T00:00:00Z</AccessedAt><SupportOrdering>true</SupportOrdering><CountDetails
        xmlns:d2p1="http://schemas.microsoft.com/netservices/2011/06/servicebus"><d2p1:ActiveMessageCount>0</d2p1:ActiveMessageCount><d2p1:DeadLetterMessageCount>0</d2p1:DeadLetterMessageCount><d2p1:ScheduledMessageCount>0</d2p1:ScheduledMessageCount><d2p1:TransferMessageCount>0</d2p1:TransferMessageCount><d2p1:TransferDeadLetterMessageCount>0</d2p1:TransferDeadLetterMessageCount></CountDetails><AutoDeleteOnIdle>PT10M1S</AutoDeleteOnIdle><EnablePartitioning>false</EnablePartitioning><EntityAvailabilityStatus>Available</EntityAvailabilityStatus><EnableExpress>true</EnableExpress><ForwardTo>sb://servicebustestkv3s7h2dmw.servicebus.windows.net/ewuidfj</ForwardTo><ForwardDeadLetteredMessagesTo>sb://servicebustestkv3s7h2dmw.servicebus.windows.net/ewuidfj</ForwardDeadLetteredMessagesTo><MaxMessageSizeInKilobytes>256</MaxMessageSizeInKilobytes></QueueDescription></content></entry>
    headers:
      content-type: application/atom+xml;type=entry;charset=utf-8
      date: Tue, 28 Sep 2021 19:05:21 GMT
      etag: '637684527215000000'
      server: Microsoft-HTTPAPI/2.0
      strict-transport-security: max-age=31536000
      transfer-encoding: chunked
    status:
      code: 200
      message: OK
    url: https://servicebustestkv3s7h2dmw.servicebus.windows.net/ewuidfj?enrich=false&api-version=2021-05
- request:
    body: '<?xml version=''1.0'' encoding=''utf-8''?>

      <ns0:entry xmlns:d2p1="http://schemas.microsoft.com/netservices/2011/06/servicebus"
      xmlns:ns0="http://www.w3.org/2005/Atom" xmlns="http://schemas.microsoft.com/netservices/2010/10/servicebus/connect"><ns0:content
      type="application/xml"><QueueDescription><LockDuration>PT18S</LockDuration><MaxSizeInMegabytes>2048</MaxSizeInMegabytes><RequiresDuplicateDetection>false</RequiresDuplicateDetection><RequiresSession>false</RequiresSession><DefaultMessageTimeToLive>PT16M</DefaultMessageTimeToLive><DeadLetteringOnMessageExpiration>false</DeadLetteringOnMessageExpiration><DuplicateDetectionHistoryTimeWindow>PT17M</DuplicateDetectionHistoryTimeWindow><MaxDeliveryCount>15</MaxDeliveryCount><EnableBatchedOperations>false</EnableBatchedOperations><SizeInBytes>0</SizeInBytes><MessageCount>0</MessageCount><IsAnonymousAccessible>false</IsAnonymousAccessible><AuthorizationRules
      /><Status>Active</Status><CreatedAt>2021-09-28T19:05:19.083Z</CreatedAt><UpdatedAt>2021-09-28T19:05:21.500Z</UpdatedAt><AccessedAt>0001-01-01T00:00:00.000Z</AccessedAt><SupportOrdering>true</SupportOrdering><CountDetails><d2p1:ActiveMessageCount>0</d2p1:ActiveMessageCount><d2p1:DeadLetterMessageCount>0</d2p1:DeadLetterMessageCount><d2p1:ScheduledMessageCount>0</d2p1:ScheduledMessageCount><d2p1:TransferDeadLetterMessageCount>0</d2p1:TransferDeadLetterMessageCount><d2p1:TransferMessageCount>0</d2p1:TransferMessageCount></CountDetails><AutoDeleteOnIdle>PT15M</AutoDeleteOnIdle><EnablePartitioning>false</EnablePartitioning><EntityAvailabilityStatus>Available</EntityAvailabilityStatus><EnableExpress>false</EnableExpress><MaxMessageSizeInKilobytes>256</MaxMessageSizeInKilobytes></QueueDescription></ns0:content></ns0:entry>'
    headers:
      Accept:
      - application/xml
      Content-Length:
      - '1738'
      Content-Type:
      - application/atom+xml
      If-Match:
      - '*'
      User-Agent:
      - azsdk-python-servicebusmanagementclient/2021-05 Python/3.7.10 (Windows-10-10.0.22000-SP0)
    method: PUT
    uri: https://servicebustestsbname.servicebus.windows.net/ewuidfj?api-version=2021-05
  response:
    body:
      string: <entry xmlns="http://www.w3.org/2005/Atom"><id>https://servicebustestkv3s7h2dmw.servicebus.windows.net/ewuidfj?api-version=2021-05</id><title
        type="text">ewuidfj</title><updated>2021-09-28T19:05:21Z</updated><author><name>servicebustestkv3s7h2dmw</name></author><link
        rel="self" href="https://servicebustestkv3s7h2dmw.servicebus.windows.net/ewuidfj?api-version=2021-05"/><content
        type="application/xml"><QueueDescription xmlns="http://schemas.microsoft.com/netservices/2010/10/servicebus/connect"
        xmlns:i="http://www.w3.org/2001/XMLSchema-instance"><LockDuration>PT18S</LockDuration><MaxSizeInMegabytes>2048</MaxSizeInMegabytes><RequiresDuplicateDetection>false</RequiresDuplicateDetection><RequiresSession>false</RequiresSession><DefaultMessageTimeToLive>PT16M</DefaultMessageTimeToLive><DeadLetteringOnMessageExpiration>false</DeadLetteringOnMessageExpiration><DuplicateDetectionHistoryTimeWindow>PT17M</DuplicateDetectionHistoryTimeWindow><MaxDeliveryCount>15</MaxDeliveryCount><EnableBatchedOperations>false</EnableBatchedOperations><SizeInBytes>0</SizeInBytes><MessageCount>0</MessageCount><IsAnonymousAccessible>false</IsAnonymousAccessible><AuthorizationRules></AuthorizationRules><Status>Active</Status><CreatedAt>2021-09-28T19:05:19.083Z</CreatedAt><UpdatedAt>2021-09-28T19:05:21.5Z</UpdatedAt><AccessedAt>0001-01-01T00:00:00Z</AccessedAt><SupportOrdering>true</SupportOrdering><CountDetails
        xmlns:d2p1="http://schemas.microsoft.com/netservices/2011/06/servicebus"><d2p1:ActiveMessageCount>0</d2p1:ActiveMessageCount><d2p1:DeadLetterMessageCount>0</d2p1:DeadLetterMessageCount><d2p1:ScheduledMessageCount>0</d2p1:ScheduledMessageCount><d2p1:TransferMessageCount>0</d2p1:TransferMessageCount><d2p1:TransferDeadLetterMessageCount>0</d2p1:TransferDeadLetterMessageCount></CountDetails><AutoDeleteOnIdle>PT15M</AutoDeleteOnIdle><EnablePartitioning>false</EnablePartitioning><EntityAvailabilityStatus>Available</EntityAvailabilityStatus><EnableExpress>false</EnableExpress><MaxMessageSizeInKilobytes>256</MaxMessageSizeInKilobytes></QueueDescription></content></entry>
    headers:
      content-type: application/atom+xml;type=entry;charset=utf-8
      date: Tue, 28 Sep 2021 19:05:21 GMT
      etag: '637684527215000000'
      server: Microsoft-HTTPAPI/2.0
      strict-transport-security: max-age=31536000
      transfer-encoding: chunked
    status:
      code: 200
      message: OK
    url: https://servicebustestkv3s7h2dmw.servicebus.windows.net/ewuidfj?api-version=2021-05
- request:
    body: null
    headers:
      Accept:
      - application/xml
      User-Agent:
      - azsdk-python-servicebusmanagementclient/2021-05 Python/3.7.10 (Windows-10-10.0.22000-SP0)
    method: GET
    uri: https://servicebustestsbname.servicebus.windows.net/ewuidfj?enrich=false&api-version=2021-05
  response:
    body:
      string: <entry xmlns="http://www.w3.org/2005/Atom"><id>https://servicebustestkv3s7h2dmw.servicebus.windows.net/ewuidfj?enrich=false&amp;api-version=2021-05</id><title
        type="text">ewuidfj</title><published>2021-09-28T19:05:19Z</published><updated>2021-09-28T19:05:21Z</updated><author><name>servicebustestkv3s7h2dmw</name></author><link
        rel="self" href="https://servicebustestkv3s7h2dmw.servicebus.windows.net/ewuidfj?enrich=false&amp;api-version=2021-05"/><content
        type="application/xml"><QueueDescription xmlns="http://schemas.microsoft.com/netservices/2010/10/servicebus/connect"
        xmlns:i="http://www.w3.org/2001/XMLSchema-instance"><LockDuration>PT18S</LockDuration><MaxSizeInMegabytes>2048</MaxSizeInMegabytes><RequiresDuplicateDetection>false</RequiresDuplicateDetection><RequiresSession>false</RequiresSession><DefaultMessageTimeToLive>PT16M</DefaultMessageTimeToLive><DeadLetteringOnMessageExpiration>false</DeadLetteringOnMessageExpiration><DuplicateDetectionHistoryTimeWindow>PT17M</DuplicateDetectionHistoryTimeWindow><MaxDeliveryCount>15</MaxDeliveryCount><EnableBatchedOperations>false</EnableBatchedOperations><SizeInBytes>0</SizeInBytes><MessageCount>0</MessageCount><IsAnonymousAccessible>false</IsAnonymousAccessible><AuthorizationRules></AuthorizationRules><Status>Active</Status><CreatedAt>2021-09-28T19:05:19.083Z</CreatedAt><UpdatedAt>2021-09-28T19:05:21.917Z</UpdatedAt><AccessedAt>0001-01-01T00:00:00Z</AccessedAt><SupportOrdering>true</SupportOrdering><CountDetails
        xmlns:d2p1="http://schemas.microsoft.com/netservices/2011/06/servicebus"><d2p1:ActiveMessageCount>0</d2p1:ActiveMessageCount><d2p1:DeadLetterMessageCount>0</d2p1:DeadLetterMessageCount><d2p1:ScheduledMessageCount>0</d2p1:ScheduledMessageCount><d2p1:TransferMessageCount>0</d2p1:TransferMessageCount><d2p1:TransferDeadLetterMessageCount>0</d2p1:TransferDeadLetterMessageCount></CountDetails><AutoDeleteOnIdle>PT15M</AutoDeleteOnIdle><EnablePartitioning>false</EnablePartitioning><EntityAvailabilityStatus>Available</EntityAvailabilityStatus><EnableExpress>false</EnableExpress><MaxMessageSizeInKilobytes>256</MaxMessageSizeInKilobytes></QueueDescription></content></entry>
    headers:
      content-type: application/atom+xml;type=entry;charset=utf-8
      date: Tue, 28 Sep 2021 19:05:21 GMT
      etag: '637684527219170000'
      server: Microsoft-HTTPAPI/2.0
      strict-transport-security: max-age=31536000
      transfer-encoding: chunked
    status:
      code: 200
      message: OK
    url: https://servicebustestkv3s7h2dmw.servicebus.windows.net/ewuidfj?enrich=false&api-version=2021-05
- request:
    body: null
    headers:
      Accept:
      - application/xml
      User-Agent:
      - azsdk-python-servicebusmanagementclient/2021-05 Python/3.7.10 (Windows-10-10.0.22000-SP0)
    method: DELETE
    uri: https://servicebustestsbname.servicebus.windows.net/ewuidfj?api-version=2021-05
  response:
    body:
      string: ''
    headers:
      content-length: '0'
      date: Tue, 28 Sep 2021 19:05:22 GMT
      etag: '637684527219170000'
      server: Microsoft-HTTPAPI/2.0
      strict-transport-security: max-age=31536000
    status:
      code: 200
      message: OK
    url: https://servicebustestkv3s7h2dmw.servicebus.windows.net/ewuidfj?api-version=2021-05
- request:
    body: null
    headers:
      Accept:
      - application/xml
      User-Agent:
      - azsdk-python-servicebusmanagementclient/2021-05 Python/3.7.10 (Windows-10-10.0.22000-SP0)
    method: DELETE
    uri: https://servicebustestsbname.servicebus.windows.net/dkfjaks?api-version=2021-05
  response:
    body:
      string: ''
    headers:
      content-length: '0'
      date: Tue, 28 Sep 2021 19:05:22 GMT
      etag: '637684527201600000'
      server: Microsoft-HTTPAPI/2.0
      strict-transport-security: max-age=31536000
    status:
      code: 200
      message: OK
    url: https://servicebustestkv3s7h2dmw.servicebus.windows.net/dkfjaks?api-version=2021-05
version: 1
