interactions:
- request:
    body: null
    headers:
      Accept: [application/json]
      Accept-Encoding: ['gzip, deflate']
      Connection: [keep-alive]
      Content-Length: ['0']
      Content-Type: [application/json; charset=utf-8]
      User-Agent: [azsdk-python-keyvault-keys/4.0.0b2 Python/3.6.6 (Windows-10-10.0.18362-SP0)]
    method: POST
    uri: https://vaultxvzt110414cf.vault.azure.net/keys/key0/create?api-version=7.0
  response:
    body: {string: '{"error":{"code":"Unauthorized","message":"Request is missing
        a Bearer or PoP token."}}'}
    headers:
      cache-control: [no-cache]
      content-length: ['87']
      content-type: [application/json; charset=utf-8]
      date: ['Wed, 14 Aug 2019 17:17:55 GMT']
      expires: ['-1']
      pragma: [no-cache]
      server: [Microsoft-IIS/10.0]
      strict-transport-security: [max-age=31536000;includeSubDomains]
      www-authenticate: ['Bearer authorization="https://login.windows.net/72f988bf-86f1-41af-91ab-2d7cd011db47",
          resource="https://vault.azure.net"']
      x-aspnet-version: [4.0.30319]
      x-content-type-options: [nosniff]
      x-ms-keyvault-network-info: [addr=131.107.174.72;act_addr_fam=InterNetwork;]
      x-ms-keyvault-region: [westus]
      x-ms-keyvault-service-version: [1.1.0.875]
      x-powered-by: [ASP.NET]
    status: {code: 401, message: Unauthorized}
- request:
    body: '{"kty": "EC"}'
    headers:
      Accept: [application/json]
      Accept-Encoding: ['gzip, deflate']
      Connection: [keep-alive]
      Content-Length: ['13']
      Content-Type: [application/json; charset=utf-8]
      User-Agent: [azsdk-python-keyvault-keys/4.0.0b2 Python/3.6.6 (Windows-10-10.0.18362-SP0)]
    method: POST
    uri: https://vaultxvzt110414cf.vault.azure.net/keys/key0/create?api-version=7.0
  response:
    body: {string: '{"key":{"kid":"https://vaultxvzt110414cf.vault.azure.net/keys/key0/4da43d8426b74a7bbec7d8b52ba4106b","kty":"EC","key_ops":["sign","verify"],"crv":"P-256","x":"t2Ogp6t1uGiMY-P-xda5bNK8t1291azvyJUv6jZIol0","y":"rVEz81ufqT675D2T2ZgzSBDpqJeeAd6Omue4tSn1hJM"},"attributes":{"enabled":true,"created":1565803076,"updated":1565803076,"recoveryLevel":"Recoverable+Purgeable"}}'}
    headers:
      cache-control: [no-cache]
      content-length: ['367']
      content-type: [application/json; charset=utf-8]
      date: ['Wed, 14 Aug 2019 17:17:56 GMT']
      expires: ['-1']
      pragma: [no-cache]
      server: [Microsoft-IIS/10.0]
      strict-transport-security: [max-age=31536000;includeSubDomains]
      x-aspnet-version: [4.0.30319]
      x-content-type-options: [nosniff]
      x-ms-keyvault-network-info: [addr=131.107.174.72;act_addr_fam=InterNetwork;]
      x-ms-keyvault-region: [westus]
      x-ms-keyvault-service-version: [1.1.0.875]
      x-powered-by: [ASP.NET]
    status: {code: 200, message: OK}
- request:
    body: '{"kty": "EC"}'
    headers:
      Accept: [application/json]
      Accept-Encoding: ['gzip, deflate']
      Connection: [keep-alive]
      Content-Length: ['13']
      Content-Type: [application/json; charset=utf-8]
      User-Agent: [azsdk-python-keyvault-keys/4.0.0b2 Python/3.6.6 (Windows-10-10.0.18362-SP0)]
    method: POST
    uri: https://vaultxvzt110414cf.vault.azure.net/keys/key1/create?api-version=7.0
  response:
    body: {string: '{"key":{"kid":"https://vaultxvzt110414cf.vault.azure.net/keys/key1/ffa9dc0d2e124783bf8b77adac66e6c6","kty":"EC","key_ops":["sign","verify"],"crv":"P-256","x":"jbO5iTqH1VcvaZhHhbvzImvbJuA8V40WLc8T9RZpT7A","y":"DGzwWTKVTIGUVNhYOjmXWw2N0hhxm8BrereqN28v6mM"},"attributes":{"enabled":true,"created":1565803076,"updated":1565803076,"recoveryLevel":"Recoverable+Purgeable"}}'}
    headers:
      cache-control: [no-cache]
      content-length: ['367']
      content-type: [application/json; charset=utf-8]
      date: ['Wed, 14 Aug 2019 17:17:56 GMT']
      expires: ['-1']
      pragma: [no-cache]
      server: [Microsoft-IIS/10.0]
      strict-transport-security: [max-age=31536000;includeSubDomains]
      x-aspnet-version: [4.0.30319]
      x-content-type-options: [nosniff]
      x-ms-keyvault-network-info: [addr=131.107.174.72;act_addr_fam=InterNetwork;]
      x-ms-keyvault-region: [westus]
      x-ms-keyvault-service-version: [1.1.0.875]
      x-powered-by: [ASP.NET]
    status: {code: 200, message: OK}
- request:
    body: '{"kty": "EC"}'
    headers:
      Accept: [application/json]
      Accept-Encoding: ['gzip, deflate']
      Connection: [keep-alive]
      Content-Length: ['13']
      Content-Type: [application/json; charset=utf-8]
      User-Agent: [azsdk-python-keyvault-keys/4.0.0b2 Python/3.6.6 (Windows-10-10.0.18362-SP0)]
    method: POST
    uri: https://vaultxvzt110414cf.vault.azure.net/keys/key2/create?api-version=7.0
  response:
    body: {string: '{"key":{"kid":"https://vaultxvzt110414cf.vault.azure.net/keys/key2/39b8cc6348344a28a4fb108853ae0807","kty":"EC","key_ops":["sign","verify"],"crv":"P-256","x":"sQDXizMsskP3CgyCW05-zBSPBeDfLrcTXQu9plTakIE","y":"2jI6bUzOkDgnRvbUkoFCl52784c0ybIpqONd2vx1ExM"},"attributes":{"enabled":true,"created":1565803076,"updated":1565803076,"recoveryLevel":"Recoverable+Purgeable"}}'}
    headers:
      cache-control: [no-cache]
      content-length: ['367']
      content-type: [application/json; charset=utf-8]
      date: ['Wed, 14 Aug 2019 17:17:56 GMT']
      expires: ['-1']
      pragma: [no-cache]
      server: [Microsoft-IIS/10.0]
      strict-transport-security: [max-age=31536000;includeSubDomains]
      x-aspnet-version: [4.0.30319]
      x-content-type-options: [nosniff]
      x-ms-keyvault-network-info: [addr=131.107.174.72;act_addr_fam=InterNetwork;]
      x-ms-keyvault-region: [westus]
      x-ms-keyvault-service-version: [1.1.0.875]
      x-powered-by: [ASP.NET]
    status: {code: 200, message: OK}
- request:
    body: '{"kty": "EC"}'
    headers:
      Accept: [application/json]
      Accept-Encoding: ['gzip, deflate']
      Connection: [keep-alive]
      Content-Length: ['13']
      Content-Type: [application/json; charset=utf-8]
      User-Agent: [azsdk-python-keyvault-keys/4.0.0b2 Python/3.6.6 (Windows-10-10.0.18362-SP0)]
    method: POST
    uri: https://vaultxvzt110414cf.vault.azure.net/keys/key3/create?api-version=7.0
  response:
    body: {string: '{"key":{"kid":"https://vaultxvzt110414cf.vault.azure.net/keys/key3/105da738596e4029bed6206e88bd3b14","kty":"EC","key_ops":["sign","verify"],"crv":"P-256","x":"5XL3A9K0oHaJ3g5I6umfo9_1q_fqrXuUE_8cA6sgj7s","y":"GOVjaX02cWv1TNc2T6umD7byxrLq2tGyq65UWZ_O-Zg"},"attributes":{"enabled":true,"created":1565803076,"updated":1565803076,"recoveryLevel":"Recoverable+Purgeable"}}'}
    headers:
      cache-control: [no-cache]
      content-length: ['367']
      content-type: [application/json; charset=utf-8]
      date: ['Wed, 14 Aug 2019 17:17:56 GMT']
      expires: ['-1']
      pragma: [no-cache]
      server: [Microsoft-IIS/10.0]
      strict-transport-security: [max-age=31536000;includeSubDomains]
      x-aspnet-version: [4.0.30319]
      x-content-type-options: [nosniff]
      x-ms-keyvault-network-info: [addr=131.107.174.72;act_addr_fam=InterNetwork;]
      x-ms-keyvault-region: [westus]
      x-ms-keyvault-service-version: [1.1.0.875]
      x-powered-by: [ASP.NET]
    status: {code: 200, message: OK}
- request:
    body: '{"kty": "RSA"}'
    headers:
      Accept: [application/json]
      Accept-Encoding: ['gzip, deflate']
      Connection: [keep-alive]
      Content-Length: ['14']
      Content-Type: [application/json; charset=utf-8]
      User-Agent: [azsdk-python-keyvault-keys/4.0.0b2 Python/3.6.6 (Windows-10-10.0.18362-SP0)]
    method: POST
    uri: https://vaultxvzt110414cf.vault.azure.net/keys/key0/create?api-version=7.0
  response:
    body: {string: '{"key":{"kid":"https://vaultxvzt110414cf.vault.azure.net/keys/key0/db31118bc0d548cf9efd3508d1fd3c7c","kty":"RSA","key_ops":["encrypt","decrypt","sign","verify","wrapKey","unwrapKey"],"n":"tiCU_39SLHVtT4u7gvn9yNMy1VlS3a9-qdbDSF8iI4LrlxF_nfy8m9MkrBcTqcq9Ie84SgIJDpp4BGUIhB-ShpnO-fy1Hfz0ftzOay-7l-JnD2e6ZSNc9JfXng7-ypSmKanFpmtyvxJDSmoF-XNmLSpTb6uFSq6HLTDy-K-H0vk9zqMly89bo7v70QCTV88UyWHhsXmOBOisl_BLiWlm772NXL3rv-A9HYEjqbDhX-sPDSWV63N5OA3ZOFFtc_13zeKSQpkUoLon6OEXQydi2QI8ZCOihu9Du5x1JunguJCDbzB7ujc8ahCAUH_zIkyu_cn1PUwKKqLTO4hGk_3kvw","e":"AQAB"},"attributes":{"enabled":true,"created":1565803076,"updated":1565803076,"recoveryLevel":"Recoverable+Purgeable"}}'}
    headers:
      cache-control: [no-cache]
      content-length: ['656']
      content-type: [application/json; charset=utf-8]
      date: ['Wed, 14 Aug 2019 17:17:56 GMT']
      expires: ['-1']
      pragma: [no-cache]
      server: [Microsoft-IIS/10.0]
      strict-transport-security: [max-age=31536000;includeSubDomains]
      x-aspnet-version: [4.0.30319]
      x-content-type-options: [nosniff]
      x-ms-keyvault-network-info: [addr=131.107.174.72;act_addr_fam=InterNetwork;]
      x-ms-keyvault-region: [westus]
      x-ms-keyvault-service-version: [1.1.0.875]
      x-powered-by: [ASP.NET]
    status: {code: 200, message: OK}
- request:
    body: '{"kty": "RSA"}'
    headers:
      Accept: [application/json]
      Accept-Encoding: ['gzip, deflate']
      Connection: [keep-alive]
      Content-Length: ['14']
      Content-Type: [application/json; charset=utf-8]
      User-Agent: [azsdk-python-keyvault-keys/4.0.0b2 Python/3.6.6 (Windows-10-10.0.18362-SP0)]
    method: POST
    uri: https://vaultxvzt110414cf.vault.azure.net/keys/key1/create?api-version=7.0
  response:
    body: {string: '{"key":{"kid":"https://vaultxvzt110414cf.vault.azure.net/keys/key1/bea9dead1ef64bc0bf80fa74b8bd7e73","kty":"RSA","key_ops":["encrypt","decrypt","sign","verify","wrapKey","unwrapKey"],"n":"stnBNZX2iITcCtHL2ycqTbSpwYe39L-BktdIkiUvPLaUFjlXg5mfR5jwvYxMSsoy3mVYswJLVf0574SpsJW06sNm1W0Ljguhb1ntA6qVjC-Z20N32F60-VvtAWPsheGEyFb6ifc41w5NXI0cSPTVGbfmozIlF8t6alM2e2g8I7A4RbuoLczm3lkLD1ijzeCAoibsHtlSj38XJQmr9IHSVqa7hnXQOZcAmkqAvITdy74Ycoa5EPuYsQNs4xYUOsr2KlocbGSn7fETFbEPiWXsADgibdrd0QRfnwR-v-NG_X2707IZmpJQJO1rsyNJlhBJfadLxEpJHPyh0OWHiD0Prw","e":"AQAB"},"attributes":{"enabled":true,"created":1565803077,"updated":1565803077,"recoveryLevel":"Recoverable+Purgeable"}}'}
    headers:
      cache-control: [no-cache]
      content-length: ['656']
      content-type: [application/json; charset=utf-8]
      date: ['Wed, 14 Aug 2019 17:17:56 GMT']
      expires: ['-1']
      pragma: [no-cache]
      server: [Microsoft-IIS/10.0]
      strict-transport-security: [max-age=31536000;includeSubDomains]
      x-aspnet-version: [4.0.30319]
      x-content-type-options: [nosniff]
      x-ms-keyvault-network-info: [addr=131.107.174.72;act_addr_fam=InterNetwork;]
      x-ms-keyvault-region: [westus]
      x-ms-keyvault-service-version: [1.1.0.875]
      x-powered-by: [ASP.NET]
    status: {code: 200, message: OK}
- request:
    body: '{"kty": "RSA"}'
    headers:
      Accept: [application/json]
      Accept-Encoding: ['gzip, deflate']
      Connection: [keep-alive]
      Content-Length: ['14']
      Content-Type: [application/json; charset=utf-8]
      User-Agent: [azsdk-python-keyvault-keys/4.0.0b2 Python/3.6.6 (Windows-10-10.0.18362-SP0)]
    method: POST
    uri: https://vaultxvzt110414cf.vault.azure.net/keys/key2/create?api-version=7.0
  response:
    body: {string: '{"key":{"kid":"https://vaultxvzt110414cf.vault.azure.net/keys/key2/d00c4941f0a44a9e8072eaabfd355ccc","kty":"RSA","key_ops":["encrypt","decrypt","sign","verify","wrapKey","unwrapKey"],"n":"suZZ8LZ-wV6tS4L-YuwJbJG5AKMuD_ifz_ij_MM9JREOIhEaxls0TYxPiDPQ5cYIj84ktE8M0c_-nGDG66BAVFTBx1keHSt6ihdu06bBTHLXdcejlJ76g9mNQlpa-7W4a614aw72RAWHSODcRkET089fh2Z7KeQqpafqdHpr66Pdedrm3VUXt8CEQvc7pF5l3qg0yLPyMm7jDIPvlbxyVtdqGnnZyCLfkMJ8Wr8j8EfXfgRwFZX52b7bfVzZXRoeLpAvOCH4YNGSfwNkLlDAwnExtuWOo3f0G8kap0q0O_BJ4P-7fqMp_6Q4h8PMPWQiqgUbi2lrnwS9OKL03tCUpQ","e":"AQAB"},"attributes":{"enabled":true,"created":1565803077,"updated":1565803077,"recoveryLevel":"Recoverable+Purgeable"}}'}
    headers:
      cache-control: [no-cache]
      content-length: ['656']
      content-type: [application/json; charset=utf-8]
      date: ['Wed, 14 Aug 2019 17:17:56 GMT']
      expires: ['-1']
      pragma: [no-cache]
      server: [Microsoft-IIS/10.0]
      strict-transport-security: [max-age=31536000;includeSubDomains]
      x-aspnet-version: [4.0.30319]
      x-content-type-options: [nosniff]
      x-ms-keyvault-network-info: [addr=131.107.174.72;act_addr_fam=InterNetwork;]
      x-ms-keyvault-region: [westus]
      x-ms-keyvault-service-version: [1.1.0.875]
      x-powered-by: [ASP.NET]
    status: {code: 200, message: OK}
- request:
    body: '{"kty": "RSA"}'
    headers:
      Accept: [application/json]
      Accept-Encoding: ['gzip, deflate']
      Connection: [keep-alive]
      Content-Length: ['14']
      Content-Type: [application/json; charset=utf-8]
      User-Agent: [azsdk-python-keyvault-keys/4.0.0b2 Python/3.6.6 (Windows-10-10.0.18362-SP0)]
    method: POST
    uri: https://vaultxvzt110414cf.vault.azure.net/keys/key3/create?api-version=7.0
  response:
    body: {string: '{"key":{"kid":"https://vaultxvzt110414cf.vault.azure.net/keys/key3/c77ca07ea5ad44a5b5c771e8a3fdd98d","kty":"RSA","key_ops":["encrypt","decrypt","sign","verify","wrapKey","unwrapKey"],"n":"y3UlR5xjQ_gAGNS---7JSauKi7e98JNkHuqjWFfDEXZJRzzT7GDRpvDF1qSITEbROws76tHOq9rbI4xF6me0kW3Zfrf6ZyxmlZc54SJgf9Xg-F6A9cUVM2DPXFcwwGY6KxrE9mrvSkqDqI1bn3tOR35md2qmynGEZAxOmTE5SuG0uNK0Aa7txJnb8TupF03QHQ5X5BF9NBsjPjpLIXMdb3tfpEzMAHS3TxugO9poclDdQMMOCvG2kFOp4wr2EKjLoNqq1-7KWnzSjesvNEYm9TstkrxXZkOccZE1_Ju7GquIdb-dGHlTfr2pbgYaHIErcdzhVMFyjXjfc_qx_2ppFQ","e":"AQAB"},"attributes":{"enabled":true,"created":1565803077,"updated":1565803077,"recoveryLevel":"Recoverable+Purgeable"}}'}
    headers:
      cache-control: [no-cache]
      content-length: ['656']
      content-type: [application/json; charset=utf-8]
      date: ['Wed, 14 Aug 2019 17:17:57 GMT']
      expires: ['-1']
      pragma: [no-cache]
      server: [Microsoft-IIS/10.0]
      strict-transport-security: [max-age=31536000;includeSubDomains]
      x-aspnet-version: [4.0.30319]
      x-content-type-options: [nosniff]
      x-ms-keyvault-network-info: [addr=131.107.174.72;act_addr_fam=InterNetwork;]
      x-ms-keyvault-region: [westus]
      x-ms-keyvault-service-version: [1.1.0.875]
      x-powered-by: [ASP.NET]
    status: {code: 200, message: OK}
- request:
    body: null
    headers:
      Accept: [application/json]
      Accept-Encoding: ['gzip, deflate']
      Connection: [keep-alive]
      User-Agent: [azsdk-python-keyvault-keys/4.0.0b2 Python/3.6.6 (Windows-10-10.0.18362-SP0)]
    method: GET
    uri: https://vaultxvzt110414cf.vault.azure.net/keys?api-version=7.0
  response:
    body: {string: '{"value":[{"kid":"https://vaultxvzt110414cf.vault.azure.net/keys/key0","attributes":{"enabled":true,"created":1565803076,"updated":1565803076,"recoveryLevel":"Recoverable+Purgeable"}},{"kid":"https://vaultxvzt110414cf.vault.azure.net/keys/key1","attributes":{"enabled":true,"created":1565803077,"updated":1565803077,"recoveryLevel":"Recoverable+Purgeable"}},{"kid":"https://vaultxvzt110414cf.vault.azure.net/keys/key2","attributes":{"enabled":true,"created":1565803077,"updated":1565803077,"recoveryLevel":"Recoverable+Purgeable"}},{"kid":"https://vaultxvzt110414cf.vault.azure.net/keys/key3","attributes":{"enabled":true,"created":1565803077,"updated":1565803077,"recoveryLevel":"Recoverable+Purgeable"}}],"nextLink":null}'}
    headers:
      cache-control: [no-cache]
      content-length: ['723']
      content-type: [application/json; charset=utf-8]
      date: ['Wed, 14 Aug 2019 17:17:57 GMT']
      expires: ['-1']
      pragma: [no-cache]
      server: [Microsoft-IIS/10.0]
      strict-transport-security: [max-age=31536000;includeSubDomains]
      x-aspnet-version: [4.0.30319]
      x-content-type-options: [nosniff]
      x-ms-keyvault-network-info: [addr=131.107.174.72;act_addr_fam=InterNetwork;]
      x-ms-keyvault-region: [westus]
      x-ms-keyvault-service-version: [1.1.0.875]
      x-powered-by: [ASP.NET]
    status: {code: 200, message: OK}
- request:
    body: null
    headers:
      Accept: [application/json]
      Accept-Encoding: ['gzip, deflate']
      Connection: [keep-alive]
      User-Agent: [azsdk-python-keyvault-keys/4.0.0b2 Python/3.6.6 (Windows-10-10.0.18362-SP0)]
    method: GET
    uri: https://vaultxvzt110414cf.vault.azure.net/keys/key-name/versions?api-version=7.0
  response:
    body: {string: '{"value":[],"nextLink":null}'}
    headers:
      cache-control: [no-cache]
      content-length: ['28']
      content-type: [application/json; charset=utf-8]
      date: ['Wed, 14 Aug 2019 17:17:57 GMT']
      expires: ['-1']
      pragma: [no-cache]
      server: [Microsoft-IIS/10.0]
      strict-transport-security: [max-age=31536000;includeSubDomains]
      x-aspnet-version: [4.0.30319]
      x-content-type-options: [nosniff]
      x-ms-keyvault-network-info: [addr=131.107.174.72;act_addr_fam=InterNetwork;]
      x-ms-keyvault-region: [westus]
      x-ms-keyvault-service-version: [1.1.0.875]
      x-powered-by: [ASP.NET]
    status: {code: 200, message: OK}
- request:
    body: null
    headers:
      Accept: [application/json]
      Accept-Encoding: ['gzip, deflate']
      Connection: [keep-alive]
      User-Agent: [azsdk-python-keyvault-keys/4.0.0b2 Python/3.6.6 (Windows-10-10.0.18362-SP0)]
    method: GET
    uri: https://vaultxvzt110414cf.vault.azure.net/deletedkeys?api-version=7.0
  response:
    body: {string: '{"value":[],"nextLink":null}'}
    headers:
      cache-control: [no-cache]
      content-length: ['28']
      content-type: [application/json; charset=utf-8]
      date: ['Wed, 14 Aug 2019 17:17:57 GMT']
      expires: ['-1']
      pragma: [no-cache]
      server: [Microsoft-IIS/10.0]
      strict-transport-security: [max-age=31536000;includeSubDomains]
      x-aspnet-version: [4.0.30319]
      x-content-type-options: [nosniff]
      x-ms-keyvault-network-info: [addr=131.107.174.72;act_addr_fam=InterNetwork;]
      x-ms-keyvault-region: [westus]
      x-ms-keyvault-service-version: [1.1.0.875]
      x-powered-by: [ASP.NET]
    status: {code: 200, message: OK}
version: 1
