interactions:
- request:
    body: null
    headers:
      Accept: [application/json]
      Accept-Encoding: ['gzip, deflate']
      Connection: [keep-alive]
      Content-Length: ['0']
      Content-Type: [application/json; charset=utf-8]
      User-Agent: [azsdk-python-keyvault-keys/4.0.0b4 Python/3.6.6 (Windows-10-10.0.18362-SP0)]
    method: POST
    uri: https://vault458ad70cc7256a0f5b.vault.azure.net/keys/encrypt-local/create?api-version=7.0
  response:
    body: {string: '{"error":{"code":"Unauthorized","message":"Request is missing
        a Bearer or PoP token."}}'}
    headers:
      cache-control: [no-cache]
      content-length: ['87']
      content-type: [application/json; charset=utf-8]
      date: ['Fri, 04 Oct 2019 18:42:18 GMT']
      expires: ['-1']
      pragma: [no-cache]
      server: [Microsoft-IIS/10.0]
      strict-transport-security: [max-age=31536000;includeSubDomains]
      www-authenticate: ['Bearer authorization="https://login.windows.net/72f988bf-86f1-41af-91ab-2d7cd011db47",
          resource="https://vault.azure.net"']
      x-aspnet-version: [4.0.30319]
      x-content-type-options: [nosniff]
      x-ms-keyvault-network-info: [addr=131.107.160.72;act_addr_fam=InterNetwork;]
      x-ms-keyvault-region: [westus]
      x-ms-keyvault-service-version: [1.1.0.879]
      x-powered-by: [ASP.NET]
    status: {code: 401, message: Unauthorized}
- request:
    body: '{"kty": "RSA", "key_size": 4096}'
    headers:
      Accept: [application/json]
      Accept-Encoding: ['gzip, deflate']
      Connection: [keep-alive]
      Content-Length: ['32']
      Content-Type: [application/json; charset=utf-8]
      User-Agent: [azsdk-python-keyvault-keys/4.0.0b4 Python/3.6.6 (Windows-10-10.0.18362-SP0)]
    method: POST
    uri: https://vault458ad70cc7256a0f5b.vault.azure.net/keys/encrypt-local/create?api-version=7.0
  response:
    body: {string: '{"key":{"kid":"https://vault458ad70cc7256a0f5b.vault.azure.net/keys/encrypt-local/bb4b8f933b874d168198858be353ee48","kty":"RSA","key_ops":["encrypt","decrypt","sign","verify","wrapKey","unwrapKey"],"n":"smJtWxnY48AMHzjv5cauFf7oTNSSQxfIIhN-_dCEFb3hMmAuFoT64G_442tyRi11c1X8KkKnhkPwFkkmJ3oKB_FT3XH_ZKlhliS40UeUMOPd0-ei6sy20AOiB-i4CK5ZcCBPaqCGTcIImZPWRl6m527U-e4c-ss6hnnKtfjR6mHP_RNwg_fi8YmjnSHMYoNk7FHB7zCQIUD-Kl9ydvnK-d_IzG1-Wv4Jy9A54WcFw1KHtg7zIrlHKm_IVSM9wpv5vISKanZ0W5bsozeiGHPqxwjWaez-rG5jb0BUpA8vwrMhilOQjRE6ZpQUysuUTESGphlnnsZCKNxltMVZRMn8lmXBSyLhsqrMc-AbytMCwJPBAaMzFAasc7falVTm3QIT_4dhzJ9BfZz_VeCBNnGaY-8T81YpdvBoAMsqdhhuxjbqEalAcYcfap1SNJi4Vua5WncO5xBWUm8T5QtRV_nG4c5H8ekc1qSkh0qAf-CEG_x0y5B27cyeeLzum-p2gk-PLAHHg1P2zA9uarxAxlEQDTavArZNUiaJB2gEENRCynXRAACQQcXU_a1k3VUlFPNceHdjlxaWrx6VTOK6EkwswlswfCMlZnf0KpQTHEyXJSxj-vQPB8Dx9_nk14r5AEtWcS_T3BAtIiP5hRKlsod7E97DZTR4KINtPWD94E24ESE","e":"AQAB"},"attributes":{"enabled":true,"created":1570214539,"updated":1570214539,"recoveryLevel":"Purgeable"}}'}
    headers:
      cache-control: [no-cache]
      content-length: ['1000']
      content-type: [application/json; charset=utf-8]
      date: ['Fri, 04 Oct 2019 18:42:19 GMT']
      expires: ['-1']
      pragma: [no-cache]
      server: [Microsoft-IIS/10.0]
      strict-transport-security: [max-age=31536000;includeSubDomains]
      x-aspnet-version: [4.0.30319]
      x-content-type-options: [nosniff]
      x-ms-keyvault-network-info: [addr=131.107.160.72;act_addr_fam=InterNetwork;]
      x-ms-keyvault-region: [westus]
      x-ms-keyvault-service-version: [1.1.0.879]
      x-powered-by: [ASP.NET]
    status: {code: 200, message: OK}
- request:
    body: '{"alg": "RSA-OAEP", "value": "nJqoW5ZV4Vc8djHgmYeAttE-rH7r4dtCUqACF89xTQc_9_-h-5qOZUuWD1SeAjPJ47mcH0ZPV6Z5HhlZvFpw0h-r6Aq1b77P-yq3qLmIz7lhEZ2xWTSI30w7svM8tDVm_xotUxDFU-j36lkNoW60TdVoCAYrArKiaG1t7JmWTzlnmrus_8z7eaN_h6H3lznAgDVht66yA4HETo93l10r3YXe9Fp7NMo_iyMfSWFsevP1CUZ2FU2-N9nORjO5SXe8YSCBZEAfni5folxkX9561buy4_ucrKxmZtxDBUmludOYJ73DCS6FLtrf-BfrgIptejvlJzrFJbVVhqNXthSxw8BohZZGanSv_8ofCSyaqEdrYyxThv35k1TA4uWS2omyKZRjNUWuwqmZtYo0g54FXQdaebZFtB5yiTHIYkDZXDp5WfFzMZopwMGCqExHK5O9m49mPG4Fu8ioWragTHpG5F-mqxb3WSdsPRZNu5wucdG82ihRFEjv3kTKDr1-Q1U9KRf4_sCS22N1cgrfsgb5T_WlVVNyFNHx3aM8r2UpJflbx34tVj84agO6tnU5OgZe5TOW3fIDv-9-Pg8FLDQX3zqk7IXgsbaA-9sSU70IU6MHmFMV5K1XizT-dL8Bys0fNzxiMhOBm24iDtJvJNsAkFCQ8VvX__Sa9Xi4DsAIk-k"}'
    headers:
      Accept: [application/json]
      Accept-Encoding: ['gzip, deflate']
      Connection: [keep-alive]
      Content-Length: ['715']
      Content-Type: [application/json; charset=utf-8]
      User-Agent: [azsdk-python-keyvault-keys/4.0.0b4 Python/3.6.6 (Windows-10-10.0.18362-SP0)]
    method: POST
    uri: https://vault458ad70cc7256a0f5b.vault.azure.net/keys/encrypt-local/bb4b8f933b874d168198858be353ee48/decrypt?api-version=7.0
  response:
    body: {string: '{"kid":"https://vault458ad70cc7256a0f5b.vault.azure.net/keys/encrypt-local/bb4b8f933b874d168198858be353ee48","value":"NTA2M2U2YWFhODQ1ZjE1MDIwMDU0Nzk0NGZkMTk5Njc5Yzk4ZWQ2Zjk5ZGEwYTBiMmRhZmVhZjFmNDY4NDQ5NmZkNTMyYzFjMjI5OTY4Y2I5ZGVlNDQ5NTdmY2VmN2NjZWY1OWNlZGEwYjM2MmU1NmJjZDc4ZmQzZmFlZTU3ODFjNjIzYzBiYjIyYjM1YmVhYmRlMDY2NGZkMzBlMGU4MjRhYmEzZGQxYjBhZmZmYzRhM2Q5NTVlZGUyMGNmNmE4NTRkNTJjZmQ"}'}
    headers:
      cache-control: [no-cache]
      content-length: ['387']
      content-type: [application/json; charset=utf-8]
      date: ['Fri, 04 Oct 2019 18:42:19 GMT']
      expires: ['-1']
      pragma: [no-cache]
      server: [Microsoft-IIS/10.0]
      strict-transport-security: [max-age=31536000;includeSubDomains]
      x-aspnet-version: [4.0.30319]
      x-content-type-options: [nosniff]
      x-ms-keyvault-network-info: [addr=131.107.160.72;act_addr_fam=InterNetwork;]
      x-ms-keyvault-region: [westus]
      x-ms-keyvault-service-version: [1.1.0.879]
      x-powered-by: [ASP.NET]
    status: {code: 200, message: OK}
- request:
    body: '{"alg": "RSA-OAEP-256", "value": "dxWpVpz2_ua0yAbIVIOKmp0oUfbIGxD1m6H7uNMdGLuHHutKVLr7634fT2MUk8UtsepIkcfBG2m8ws4dV_IEaoho0ubJtRIAywv35sBE6X0A44M34qrdCV5aAN4lzgxv3hlPkhdAzuiS3-eKbnflc2K7CqVkqDkOeIPNRS47f5988ku9SgQDPq2cJgHCz2YZzFBCBXJ7_LMrORRXsJIj8DElUVDbgwT72tZHDj0Wej2QEvYU5rd2ISZv9DSLMTKBUMD9-YrPgPbKo8eMKAi7HXzaw3D17MsFbJ5AHm9SmPJgMY-pfDHr441u2pssEYF_pX7NyQXlCv_C_WPe9x58gVFZeI9ai07ZzGIAWRKoMkAznZiS8doa85Oy4ViIRzqWgMhd9IjJy-mixcpvv21MkwWH1gJYUAsJlSBbDbVBKOpG1sTf3MERrnBDcse9hiONmLv5K3y1RQtE2Rdp8N61-FiENJV-40hOosVs0OynoujGhQylmL0GiNFbyDUsCciHvTdWvMNSso95SIoQpDcHAIQtlC9PKqOXPPIE1M3N8vJk0_XtxchCMu33gZD6zkhSjaLuiwW6uy5Jx--eM5kwgA8IDyf6tmVn2vKZVYxiztZwtPh15roFxXJsDkfR12BHFRJSnRq0yIpt0RrbCyn3XG7MBy4RAq5POKYPVici6lo"}'
    headers:
      Accept: [application/json]
      Accept-Encoding: ['gzip, deflate']
      Connection: [keep-alive]
      Content-Length: ['719']
      Content-Type: [application/json; charset=utf-8]
      User-Agent: [azsdk-python-keyvault-keys/4.0.0b4 Python/3.6.6 (Windows-10-10.0.18362-SP0)]
    method: POST
    uri: https://vault458ad70cc7256a0f5b.vault.azure.net/keys/encrypt-local/bb4b8f933b874d168198858be353ee48/decrypt?api-version=7.0
  response:
    body: {string: '{"kid":"https://vault458ad70cc7256a0f5b.vault.azure.net/keys/encrypt-local/bb4b8f933b874d168198858be353ee48","value":"NTA2M2U2YWFhODQ1ZjE1MDIwMDU0Nzk0NGZkMTk5Njc5Yzk4ZWQ2Zjk5ZGEwYTBiMmRhZmVhZjFmNDY4NDQ5NmZkNTMyYzFjMjI5OTY4Y2I5ZGVlNDQ5NTdmY2VmN2NjZWY1OWNlZGEwYjM2MmU1NmJjZDc4ZmQzZmFlZTU3ODFjNjIzYzBiYjIyYjM1YmVhYmRlMDY2NGZkMzBlMGU4MjRhYmEzZGQxYjBhZmZmYzRhM2Q5NTVlZGUyMGNmNmE4NTRkNTJjZmQ"}'}
    headers:
      cache-control: [no-cache]
      content-length: ['387']
      content-type: [application/json; charset=utf-8]
      date: ['Fri, 04 Oct 2019 18:42:19 GMT']
      expires: ['-1']
      pragma: [no-cache]
      server: [Microsoft-IIS/10.0]
      strict-transport-security: [max-age=31536000;includeSubDomains]
      x-aspnet-version: [4.0.30319]
      x-content-type-options: [nosniff]
      x-ms-keyvault-network-info: [addr=131.107.160.72;act_addr_fam=InterNetwork;]
      x-ms-keyvault-region: [westus]
      x-ms-keyvault-service-version: [1.1.0.879]
      x-powered-by: [ASP.NET]
    status: {code: 200, message: OK}
- request:
    body: '{"alg": "RSA1_5", "value": "ApZPqX8xGJnVC46uoxNRwOHyFHhpBumopy8IaZ9wHdAGKR8StlBbB1fMB0hhOIn3QtPD5nIOEF5B4Ni2_E6ytYbBFnvSywk_ClxrAGX2nJsgFV3W3r9WfUT1mNkG1XIinHHlqGVfeh-95XP_F41Qgh2rsQyNXGC1Fx26iZxNj_Tx92b2HZhCuy36Z-QYwT4k0bItkd4-P-_era4kvTDqn-I_gH0b1XMGzlXZrihjMVUD30v-ur1M7E7RBFzGnrcSZ-DNx8TDcUg3vQRBu75zgQbb8M-tWDwvgz93PiAwJeDmh050-pfn-fCkKBP90dZBiifTxlZiLXFHnDQW3S8zuRjuFZGa-Hg2-GqLa4m6Db_kfbrZrqtnNKtpVk0U1dtBeFvyVNSKcIix5C4cCnGvpsrvPVsxvA6Lw2VjpMDx-jHnIYH0FoGpeCGgfDDMLWVHOj8XW1xD_gzChnWk6o9dzl6BS1INKlFTpUvLE0Ms77vXpxZ_JJOoDlsaEHMdw1lvXAIVrpnTcMBf5o9VIBKzSzPkS8rT-WhvzyEKEA_H-RyKw4Ub0fjQyA2g-j-vvQbTIOMyUi_PW9VrfWr1jetkeTV1BTVoaObjWmBzht0OFIqQ08ePI-PBpOAv3A0MAvmLpoB7R8_vVmSRlOUkIhrVxat2xnbdwm0JiSLNNk0_PSA"}'
    headers:
      Accept: [application/json]
      Accept-Encoding: ['gzip, deflate']
      Connection: [keep-alive]
      Content-Length: ['713']
      Content-Type: [application/json; charset=utf-8]
      User-Agent: [azsdk-python-keyvault-keys/4.0.0b4 Python/3.6.6 (Windows-10-10.0.18362-SP0)]
    method: POST
    uri: https://vault458ad70cc7256a0f5b.vault.azure.net/keys/encrypt-local/bb4b8f933b874d168198858be353ee48/decrypt?api-version=7.0
  response:
    body: {string: '{"kid":"https://vault458ad70cc7256a0f5b.vault.azure.net/keys/encrypt-local/bb4b8f933b874d168198858be353ee48","value":"NTA2M2U2YWFhODQ1ZjE1MDIwMDU0Nzk0NGZkMTk5Njc5Yzk4ZWQ2Zjk5ZGEwYTBiMmRhZmVhZjFmNDY4NDQ5NmZkNTMyYzFjMjI5OTY4Y2I5ZGVlNDQ5NTdmY2VmN2NjZWY1OWNlZGEwYjM2MmU1NmJjZDc4ZmQzZmFlZTU3ODFjNjIzYzBiYjIyYjM1YmVhYmRlMDY2NGZkMzBlMGU4MjRhYmEzZGQxYjBhZmZmYzRhM2Q5NTVlZGUyMGNmNmE4NTRkNTJjZmQ"}'}
    headers:
      cache-control: [no-cache]
      content-length: ['387']
      content-type: [application/json; charset=utf-8]
      date: ['Fri, 04 Oct 2019 18:42:19 GMT']
      expires: ['-1']
      pragma: [no-cache]
      server: [Microsoft-IIS/10.0]
      strict-transport-security: [max-age=31536000;includeSubDomains]
      x-aspnet-version: [4.0.30319]
      x-content-type-options: [nosniff]
      x-ms-keyvault-network-info: [addr=131.107.160.72;act_addr_fam=InterNetwork;]
      x-ms-keyvault-region: [westus]
      x-ms-keyvault-service-version: [1.1.0.879]
      x-powered-by: [ASP.NET]
    status: {code: 200, message: OK}
version: 1
