interactions:
- request:
    body: null
    headers:
      Accept:
      - application/json
      Content-Length:
      - '0'
      Content-Type:
      - application/json; charset=utf-8
      User-Agent:
      - azsdk-python-keyvault-keys/4.0.0 Python/3.7.4 (Windows-10-10.0.18362-SP0)
    method: POST
    uri: https://vault458ad70cc7a8eb0b9c.vault.azure.net/keys/key0/create?api-version=7.0
  response:
    body:
      string: '{"error":{"code":"Unauthorized","message":"Request is missing a Bearer
        or PoP token."}}'
    headers:
      cache-control: no-cache
      content-length: '87'
      content-type: application/json; charset=utf-8
      date: Wed, 30 Oct 2019 23:22:11 GMT
      expires: '-1'
      pragma: no-cache
      server: Microsoft-IIS/10.0
      strict-transport-security: max-age=31536000;includeSubDomains
      www-authenticate: Bearer authorization="https://login.windows.net/72f988bf-86f1-41af-91ab-2d7cd011db47",
        resource="https://vault.azure.net"
      x-aspnet-version: 4.0.30319
      x-content-type-options: nosniff
      x-ms-keyvault-network-info: addr=131.107.160.72;act_addr_fam=InterNetwork;
      x-ms-keyvault-region: westus
      x-ms-keyvault-service-version: 1.1.0.879
      x-powered-by: ASP.NET
    status:
      code: 401
      message: Unauthorized
    url: !!python/object/new:yarl.URL
      state: !!python/tuple
      - !!python/object/new:urllib.parse.SplitResult
        - https
        - vault458ad70cc7a8eb0b9c.vault.azure.net
        - /keys/key0/create
        - api-version=7.0
        - ''
- request:
    body: '{"kty": "RSA"}'
    headers:
      Accept:
      - application/json
      Content-Length:
      - '14'
      Content-Type:
      - application/json; charset=utf-8
      User-Agent:
      - azsdk-python-keyvault-keys/4.0.0 Python/3.7.4 (Windows-10-10.0.18362-SP0)
    method: POST
    uri: https://vault458ad70cc7a8eb0b9c.vault.azure.net/keys/key0/create?api-version=7.0
  response:
    body:
      string: '{"key":{"kid":"https://vault458ad70cc7a8eb0b9c.vault.azure.net/keys/key0/0d53938a9f6249459ee349005d7ac764","kty":"RSA","key_ops":["encrypt","decrypt","sign","verify","wrapKey","unwrapKey"],"n":"yBqknNUmVzLHGCgUC6rtLcVhjXVdN9h1HjWrG64KQyYpYXltNt1FQg_9NYE7eEqshN9vI4tY8DVkeyBqlWtmPTtv-BPDEhaxChyrK5os8xEI9W4-YsqatRJIoD73k7qdqwPrkJitioI2SwLG5TQo4qVl9Z0Bljqxb772ZAkpQX8Oqiat1Go7qULCk6ivswEWdpWN_yIcIaL1reXZr7v20ok0IDSP-WZa8NhlmwtIGFBJBCOKc2emTpNGRthcby4mDm_dlpQJBJe-IRSqXlcIsneWILJ2sqtmKEa1BYyQKt8UbaqbZ6eu8jUH_eIxcm72mpkbOBKPE98cZd0Wnugeaw","e":"AQAB"},"attributes":{"enabled":true,"created":1572477732,"updated":1572477732,"recoveryLevel":"Recoverable+Purgeable"}}'
    headers:
      cache-control: no-cache
      content-length: '662'
      content-type: application/json; charset=utf-8
      date: Wed, 30 Oct 2019 23:22:11 GMT
      expires: '-1'
      pragma: no-cache
      server: Microsoft-IIS/10.0
      strict-transport-security: max-age=31536000;includeSubDomains
      x-aspnet-version: 4.0.30319
      x-content-type-options: nosniff
      x-ms-keyvault-network-info: addr=131.107.160.72;act_addr_fam=InterNetwork;
      x-ms-keyvault-region: westus
      x-ms-keyvault-service-version: 1.1.0.879
      x-powered-by: ASP.NET
    status:
      code: 200
      message: OK
    url: !!python/object/new:yarl.URL
      state: !!python/tuple
      - !!python/object/new:urllib.parse.SplitResult
        - https
        - vault458ad70cc7a8eb0b9c.vault.azure.net
        - /keys/key0/create
        - api-version=7.0
        - ''
- request:
    body: '{"kty": "RSA"}'
    headers:
      Accept:
      - application/json
      Content-Length:
      - '14'
      Content-Type:
      - application/json; charset=utf-8
      User-Agent:
      - azsdk-python-keyvault-keys/4.0.0 Python/3.7.4 (Windows-10-10.0.18362-SP0)
    method: POST
    uri: https://vault458ad70cc7a8eb0b9c.vault.azure.net/keys/key1/create?api-version=7.0
  response:
    body:
      string: '{"key":{"kid":"https://vault458ad70cc7a8eb0b9c.vault.azure.net/keys/key1/723eb134109245fda696b8b8729c173b","kty":"RSA","key_ops":["encrypt","decrypt","sign","verify","wrapKey","unwrapKey"],"n":"n13mGn0eE3bx1zB_0qq7Dwyq-umJWMNVtx5inApXf_mTJ7tjv4cTiwFxlyGZ9oMJy3eFilFlOIZwtlet4T7n-qwf5-PJkNXYT_UEFdP7YyNf_UZvN0w98Lmq2b72IQQDDfUvBoL4KhCBkMmUUwNeBhhuWsmaeWcR5MP4FM8Z-dH0W3PumSiPHp5fFhnujM5XtbirMM35rU_NkB4a4xTM1VJxf06nkYi3vrgEmmTc4uleLgOowJ4URso2S1p5EExJIlGO4qjQYH53sy9-UECS_42Ijts8GXoR7bSECUrl9xbN3iuEvDgOZ74ZRJrCZ30xJqNGIINOpT_UyKgLOhkorQ","e":"AQAB"},"attributes":{"enabled":true,"created":1572477732,"updated":1572477732,"recoveryLevel":"Recoverable+Purgeable"}}'
    headers:
      cache-control: no-cache
      content-length: '662'
      content-type: application/json; charset=utf-8
      date: Wed, 30 Oct 2019 23:22:12 GMT
      expires: '-1'
      pragma: no-cache
      server: Microsoft-IIS/10.0
      strict-transport-security: max-age=31536000;includeSubDomains
      x-aspnet-version: 4.0.30319
      x-content-type-options: nosniff
      x-ms-keyvault-network-info: addr=131.107.160.72;act_addr_fam=InterNetwork;
      x-ms-keyvault-region: westus
      x-ms-keyvault-service-version: 1.1.0.879
      x-powered-by: ASP.NET
    status:
      code: 200
      message: OK
    url: !!python/object/new:yarl.URL
      state: !!python/tuple
      - !!python/object/new:urllib.parse.SplitResult
        - https
        - vault458ad70cc7a8eb0b9c.vault.azure.net
        - /keys/key1/create
        - api-version=7.0
        - ''
- request:
    body: '{"kty": "RSA"}'
    headers:
      Accept:
      - application/json
      Content-Length:
      - '14'
      Content-Type:
      - application/json; charset=utf-8
      User-Agent:
      - azsdk-python-keyvault-keys/4.0.0 Python/3.7.4 (Windows-10-10.0.18362-SP0)
    method: POST
    uri: https://vault458ad70cc7a8eb0b9c.vault.azure.net/keys/key2/create?api-version=7.0
  response:
    body:
      string: '{"key":{"kid":"https://vault458ad70cc7a8eb0b9c.vault.azure.net/keys/key2/3c369a78fe0047b0a5738971db273277","kty":"RSA","key_ops":["encrypt","decrypt","sign","verify","wrapKey","unwrapKey"],"n":"5VgIKNrBxX1DTc8j4ORaCq5DpEeb9eMDr9QXAYQyuaCLWT5vnQlcApOpoXGhbrHoTwP0Ewhd0s7agM3D_sNPCB9gQ9xddyIZxcMyK_w_g1NBP6qPpPP988JtCKCKKHMKtgFjzx9vbR1PtI54DPKU04tLQ88KYQJwYuBONqJhf7ZgnHdmcIGgbQGr3NX6rr1JwerKvep6Bmy47Y0ynX1GdWXipcO4zeVowMrbaGUjJMOS9mi2CzuMDQ87zH9UVHmf8DDLxwRQzjWov5EFXRR5F2aPH6hIL4fLJGqlRbus_8l-Px7TQgwupkBWALJrCIGlNpBIWr-BxQ1t8Z8_gRWmpQ","e":"AQAB"},"attributes":{"enabled":true,"created":1572477732,"updated":1572477732,"recoveryLevel":"Recoverable+Purgeable"}}'
    headers:
      cache-control: no-cache
      content-length: '662'
      content-type: application/json; charset=utf-8
      date: Wed, 30 Oct 2019 23:22:12 GMT
      expires: '-1'
      pragma: no-cache
      server: Microsoft-IIS/10.0
      strict-transport-security: max-age=31536000;includeSubDomains
      x-aspnet-version: 4.0.30319
      x-content-type-options: nosniff
      x-ms-keyvault-network-info: addr=131.107.160.72;act_addr_fam=InterNetwork;
      x-ms-keyvault-region: westus
      x-ms-keyvault-service-version: 1.1.0.879
      x-powered-by: ASP.NET
    status:
      code: 200
      message: OK
    url: !!python/object/new:yarl.URL
      state: !!python/tuple
      - !!python/object/new:urllib.parse.SplitResult
        - https
        - vault458ad70cc7a8eb0b9c.vault.azure.net
        - /keys/key2/create
        - api-version=7.0
        - ''
- request:
    body: '{"kty": "RSA"}'
    headers:
      Accept:
      - application/json
      Content-Length:
      - '14'
      Content-Type:
      - application/json; charset=utf-8
      User-Agent:
      - azsdk-python-keyvault-keys/4.0.0 Python/3.7.4 (Windows-10-10.0.18362-SP0)
    method: POST
    uri: https://vault458ad70cc7a8eb0b9c.vault.azure.net/keys/key3/create?api-version=7.0
  response:
    body:
      string: '{"key":{"kid":"https://vault458ad70cc7a8eb0b9c.vault.azure.net/keys/key3/2830f9e6730e405b80f8ac5ffeeed33b","kty":"RSA","key_ops":["encrypt","decrypt","sign","verify","wrapKey","unwrapKey"],"n":"37APOTK38L28s35UP5OYi8ZeWnSVKxuU8F2yDYfzbODWV-gHqWSgQyg1GE_CJGZfXAyHjN6bJUMI64cnGwtUNA1lOP0B2HVlA96V4r_yo6_9gGNrMJKBgFz51YrQt8pjBQrLMBFp0YmXxUtgnvQF0vpkx2WoFvlTOqQntjEWsH3UL14u7Q7-iJcpGa-DVY3tXUy9t4PKF2Bx_8lKder79CmuhI-IM6gqNfn7ZdXJkZij3kHsqRtBDvpFwbcuys-y6hgaeXDRflo815WKPfyFXCotIwb9ahP4Oqticfev4_ThNQr_HffIkbmfn6AZjsXXw8NzV5haNf-F8SnYgdCDwQ","e":"AQAB"},"attributes":{"enabled":true,"created":1572477732,"updated":1572477732,"recoveryLevel":"Recoverable+Purgeable"}}'
    headers:
      cache-control: no-cache
      content-length: '662'
      content-type: application/json; charset=utf-8
      date: Wed, 30 Oct 2019 23:22:12 GMT
      expires: '-1'
      pragma: no-cache
      server: Microsoft-IIS/10.0
      strict-transport-security: max-age=31536000;includeSubDomains
      x-aspnet-version: 4.0.30319
      x-content-type-options: nosniff
      x-ms-keyvault-network-info: addr=131.107.160.72;act_addr_fam=InterNetwork;
      x-ms-keyvault-region: westus
      x-ms-keyvault-service-version: 1.1.0.879
      x-powered-by: ASP.NET
    status:
      code: 200
      message: OK
    url: !!python/object/new:yarl.URL
      state: !!python/tuple
      - !!python/object/new:urllib.parse.SplitResult
        - https
        - vault458ad70cc7a8eb0b9c.vault.azure.net
        - /keys/key3/create
        - api-version=7.0
        - ''
- request:
    body: '{"kty": "RSA"}'
    headers:
      Accept:
      - application/json
      Content-Length:
      - '14'
      Content-Type:
      - application/json; charset=utf-8
      User-Agent:
      - azsdk-python-keyvault-keys/4.0.0 Python/3.7.4 (Windows-10-10.0.18362-SP0)
    method: POST
    uri: https://vault458ad70cc7a8eb0b9c.vault.azure.net/keys/key4/create?api-version=7.0
  response:
    body:
      string: '{"key":{"kid":"https://vault458ad70cc7a8eb0b9c.vault.azure.net/keys/key4/2cbcbfa76fa44bb6b429606350cb79a1","kty":"RSA","key_ops":["encrypt","decrypt","sign","verify","wrapKey","unwrapKey"],"n":"ospcc_rLhaa06ot01eWU4pL8Zb85rkXyLt2Yiaf59ijqmrH7_MYANj-2XO_uar3geGVrz3-600hNDnvEj-r-QKcll_Dnrh0oAf6nhNFEQNj_bx8KdPIQJ7zVIUkiwYGdmordfgqXuM1p27E7RPSWAwoMdhZ4u0MQ4bP17eu5iBA5uzkQQpwmxEJ1KjHL77tC2sGl1AQcKbWixpC61kWDdDsvnYBcHbPXFSBYyI5wUqxy2ABlPJAFNFR5_p0zXVrcIOmpNLp4hEj731CwJEIJvXCMNmP5J1Y6icMe6pZp84Ny7LAtnuRzJ78XqMpffVlQ1Ck8INmgNGhRkhRKWY3Ynw","e":"AQAB"},"attributes":{"enabled":true,"created":1572477732,"updated":1572477732,"recoveryLevel":"Recoverable+Purgeable"}}'
    headers:
      cache-control: no-cache
      content-length: '662'
      content-type: application/json; charset=utf-8
      date: Wed, 30 Oct 2019 23:22:12 GMT
      expires: '-1'
      pragma: no-cache
      server: Microsoft-IIS/10.0
      strict-transport-security: max-age=31536000;includeSubDomains
      x-aspnet-version: 4.0.30319
      x-content-type-options: nosniff
      x-ms-keyvault-network-info: addr=131.107.160.72;act_addr_fam=InterNetwork;
      x-ms-keyvault-region: westus
      x-ms-keyvault-service-version: 1.1.0.879
      x-powered-by: ASP.NET
    status:
      code: 200
      message: OK
    url: !!python/object/new:yarl.URL
      state: !!python/tuple
      - !!python/object/new:urllib.parse.SplitResult
        - https
        - vault458ad70cc7a8eb0b9c.vault.azure.net
        - /keys/key4/create
        - api-version=7.0
        - ''
- request:
    body: '{"kty": "RSA"}'
    headers:
      Accept:
      - application/json
      Content-Length:
      - '14'
      Content-Type:
      - application/json; charset=utf-8
      User-Agent:
      - azsdk-python-keyvault-keys/4.0.0 Python/3.7.4 (Windows-10-10.0.18362-SP0)
    method: POST
    uri: https://vault458ad70cc7a8eb0b9c.vault.azure.net/keys/key5/create?api-version=7.0
  response:
    body:
      string: '{"key":{"kid":"https://vault458ad70cc7a8eb0b9c.vault.azure.net/keys/key5/33c1f204462945a587f48321b756a996","kty":"RSA","key_ops":["encrypt","decrypt","sign","verify","wrapKey","unwrapKey"],"n":"xQkKefse9S97Z3UaMBgTo1oWJCoFHJQB_FCksPeWE9wie3j4xS8CDPg51PRrtinbojLKM2Yt8hqSw4k-pm8YibVCyHwB8Fu0pEtYY6-HE18KCj-4zBVoxesA4u6wnZ_GkU32iSoGdIXEWqGSIoCK1gNk1bi6IuBMdltqytf4lKi3c_KpDgAYKS8WNg4jTvn9cFInHRQmkL4RSeS0P8DD3cU4FEQafDTKBJQmMrP723Re2t67TMQ0VKbHlDxkImd7HHunMUD6DiArw8Ul8LYIaynf1P4bxXy6Eh6oFHtIv8YLjjvz4w4Mwc_Cg-6ktBtE3t5shRFZQoc0QTJKPyZ4VQ","e":"AQAB"},"attributes":{"enabled":true,"created":1572477733,"updated":1572477733,"recoveryLevel":"Recoverable+Purgeable"}}'
    headers:
      cache-control: no-cache
      content-length: '662'
      content-type: application/json; charset=utf-8
      date: Wed, 30 Oct 2019 23:22:12 GMT
      expires: '-1'
      pragma: no-cache
      server: Microsoft-IIS/10.0
      strict-transport-security: max-age=31536000;includeSubDomains
      x-aspnet-version: 4.0.30319
      x-content-type-options: nosniff
      x-ms-keyvault-network-info: addr=131.107.160.72;act_addr_fam=InterNetwork;
      x-ms-keyvault-region: westus
      x-ms-keyvault-service-version: 1.1.0.879
      x-powered-by: ASP.NET
    status:
      code: 200
      message: OK
    url: !!python/object/new:yarl.URL
      state: !!python/tuple
      - !!python/object/new:urllib.parse.SplitResult
        - https
        - vault458ad70cc7a8eb0b9c.vault.azure.net
        - /keys/key5/create
        - api-version=7.0
        - ''
- request:
    body: '{"kty": "RSA"}'
    headers:
      Accept:
      - application/json
      Content-Length:
      - '14'
      Content-Type:
      - application/json; charset=utf-8
      User-Agent:
      - azsdk-python-keyvault-keys/4.0.0 Python/3.7.4 (Windows-10-10.0.18362-SP0)
    method: POST
    uri: https://vault458ad70cc7a8eb0b9c.vault.azure.net/keys/key6/create?api-version=7.0
  response:
    body:
      string: '{"key":{"kid":"https://vault458ad70cc7a8eb0b9c.vault.azure.net/keys/key6/0376e0cc89c0490caff4a31408be7c3e","kty":"RSA","key_ops":["encrypt","decrypt","sign","verify","wrapKey","unwrapKey"],"n":"o_rr8oI83NGAz-Rms4ivEZS6KCxq9UXwKD0Au3mU5D36GrVmBMc7tSPdaLofXOW6E2Plh0GE6m3aOfv9SLOFPNxmgK3Ye8WLPTOgfn9sDNiI6Gyny4T6MBL-aN9ANfPCR2_DDWaTxCspQyiEVbk5vldGq2cfdy2Hyfm-z7djjmAmaGNSnZ2vitvIfW_kcD41yS6Qq2getvHusuj79H3cliCCfq-ZE0tHiP_D_3UY2RO5e2a4eFwNR8Raj1FDmQSf51CymiA_uy8zC6b_27CcAL3vf-U0IqXrg8RqSORSF5PL6_mtTGFrydg_dzNYNGMsfl8C0AoHyPZmjHu1NzR3Rw","e":"AQAB"},"attributes":{"enabled":true,"created":1572477733,"updated":1572477733,"recoveryLevel":"Recoverable+Purgeable"}}'
    headers:
      cache-control: no-cache
      content-length: '662'
      content-type: application/json; charset=utf-8
      date: Wed, 30 Oct 2019 23:22:12 GMT
      expires: '-1'
      pragma: no-cache
      server: Microsoft-IIS/10.0
      strict-transport-security: max-age=31536000;includeSubDomains
      x-aspnet-version: 4.0.30319
      x-content-type-options: nosniff
      x-ms-keyvault-network-info: addr=131.107.160.72;act_addr_fam=InterNetwork;
      x-ms-keyvault-region: westus
      x-ms-keyvault-service-version: 1.1.0.879
      x-powered-by: ASP.NET
    status:
      code: 200
      message: OK
    url: !!python/object/new:yarl.URL
      state: !!python/tuple
      - !!python/object/new:urllib.parse.SplitResult
        - https
        - vault458ad70cc7a8eb0b9c.vault.azure.net
        - /keys/key6/create
        - api-version=7.0
        - ''
- request:
    body: null
    headers:
      Accept:
      - application/json
      User-Agent:
      - azsdk-python-keyvault-keys/4.0.0 Python/3.7.4 (Windows-10-10.0.18362-SP0)
    method: DELETE
    uri: https://vault458ad70cc7a8eb0b9c.vault.azure.net/keys/key0?api-version=7.0
  response:
    body:
      string: '{"recoveryId":"https://vault458ad70cc7a8eb0b9c.vault.azure.net/deletedkeys/key0","deletedDate":1572477733,"scheduledPurgeDate":1580253733,"key":{"kid":"https://vault458ad70cc7a8eb0b9c.vault.azure.net/keys/key0/0d53938a9f6249459ee349005d7ac764","kty":"RSA","key_ops":["encrypt","decrypt","sign","verify","wrapKey","unwrapKey"],"n":"yBqknNUmVzLHGCgUC6rtLcVhjXVdN9h1HjWrG64KQyYpYXltNt1FQg_9NYE7eEqshN9vI4tY8DVkeyBqlWtmPTtv-BPDEhaxChyrK5os8xEI9W4-YsqatRJIoD73k7qdqwPrkJitioI2SwLG5TQo4qVl9Z0Bljqxb772ZAkpQX8Oqiat1Go7qULCk6ivswEWdpWN_yIcIaL1reXZr7v20ok0IDSP-WZa8NhlmwtIGFBJBCOKc2emTpNGRthcby4mDm_dlpQJBJe-IRSqXlcIsneWILJ2sqtmKEa1BYyQKt8UbaqbZ6eu8jUH_eIxcm72mpkbOBKPE98cZd0Wnugeaw","e":"AQAB"},"attributes":{"enabled":true,"created":1572477732,"updated":1572477732,"recoveryLevel":"Recoverable+Purgeable"}}'
    headers:
      cache-control: no-cache
      content-length: '799'
      content-type: application/json; charset=utf-8
      date: Wed, 30 Oct 2019 23:22:13 GMT
      expires: '-1'
      pragma: no-cache
      server: Microsoft-IIS/10.0
      strict-transport-security: max-age=31536000;includeSubDomains
      x-aspnet-version: 4.0.30319
      x-content-type-options: nosniff
      x-ms-keyvault-network-info: addr=131.107.160.72;act_addr_fam=InterNetwork;
      x-ms-keyvault-region: westus
      x-ms-keyvault-service-version: 1.1.0.879
      x-powered-by: ASP.NET
    status:
      code: 200
      message: OK
    url: !!python/object/new:yarl.URL
      state: !!python/tuple
      - !!python/object/new:urllib.parse.SplitResult
        - https
        - vault458ad70cc7a8eb0b9c.vault.azure.net
        - /keys/key0
        - api-version=7.0
        - ''
- request:
    body: null
    headers:
      Accept:
      - application/json
      User-Agent:
      - azsdk-python-keyvault-keys/4.0.0 Python/3.7.4 (Windows-10-10.0.18362-SP0)
    method: GET
    uri: https://vault458ad70cc7a8eb0b9c.vault.azure.net/deletedkeys/key0?api-version=7.0
  response:
    body:
      string: '{"error":{"code":"KeyNotFound","message":"Deleted Key not found: key0"}}'
    headers:
      cache-control: no-cache
      content-length: '72'
      content-type: application/json; charset=utf-8
      date: Wed, 30 Oct 2019 23:22:13 GMT
      expires: '-1'
      pragma: no-cache
      server: Microsoft-IIS/10.0
      strict-transport-security: max-age=31536000;includeSubDomains
      x-aspnet-version: 4.0.30319
      x-content-type-options: nosniff
      x-ms-keyvault-network-info: addr=131.107.160.72;act_addr_fam=InterNetwork;
      x-ms-keyvault-region: westus
      x-ms-keyvault-service-version: 1.1.0.879
      x-powered-by: ASP.NET
    status:
      code: 404
      message: Not Found
    url: !!python/object/new:yarl.URL
      state: !!python/tuple
      - !!python/object/new:urllib.parse.SplitResult
        - https
        - vault458ad70cc7a8eb0b9c.vault.azure.net
        - /deletedkeys/key0
        - api-version=7.0
        - ''
version: 1
