interactions:
- request:
    body: null
    headers:
      Accept:
      - application/json
      Content-Length:
      - '0'
      Content-Type:
      - application/json
      User-Agent:
      - azsdk-python-keyvault-keys/4.4.0b4 Python/3.5.3 (Windows-10-10.0.19041-SP0)
    method: POST
    uri: https://vaultname.vault.azure.net/keys/livekvtestrsa-verify-204880c816cb/create?api-version=7.2-preview
  response:
    body:
      string: '{"error":{"code":"Unauthorized","message":"Request is missing a Bearer
        or PoP token."}}'
    headers:
      cache-control: no-cache
      content-length: '87'
      content-type: application/json; charset=utf-8
      date: Fri, 12 Mar 2021 23:20:14 GMT
      expires: '-1'
      pragma: no-cache
      strict-transport-security: max-age=31536000;includeSubDomains
      www-authenticate: Bearer authorization="https://login.windows.net/72f988bf-86f1-41af-91ab-2d7cd011db47",
        resource="https://vault.azure.net"
      x-content-type-options: nosniff
      x-ms-keyvault-network-info: conn_type=Ipv4;addr=172.92.159.124;act_addr_fam=InterNetwork;
      x-ms-keyvault-region: westus2
      x-ms-keyvault-service-version: 1.2.205.0
      x-powered-by: ASP.NET
    status:
      code: 401
      message: Unauthorized
    url: https://mcpatinokv.vault.azure.net/keys/livekvtestrsa-verify-204880c816cb/create?api-version=7.2-preview
- request:
    body: '{"key_ops": ["encrypt", "decrypt", "sign", "verify", "wrapKey", "unwrapKey"],
      "key_size": 2048, "kty": "RSA"}'
    headers:
      Accept:
      - application/json
      Content-Length:
      - '109'
      Content-Type:
      - application/json
      User-Agent:
      - azsdk-python-keyvault-keys/4.4.0b4 Python/3.5.3 (Windows-10-10.0.19041-SP0)
    method: POST
    uri: https://vaultname.vault.azure.net/keys/livekvtestrsa-verify-204880c816cb/create?api-version=7.2-preview
  response:
    body:
      string: '{"key":{"kid":"https://vaultname.vault.azure.net/keys/livekvtestrsa-verify-204880c816cb/d301bb64a9114a5bae04a1f1ca963481","kty":"RSA","key_ops":["encrypt","decrypt","sign","verify","wrapKey","unwrapKey"],"n":"m16sLMuEtPIIde6KR9_TnOoylTd7VN1gSGmwouBNbBrYJbMMcAoaBJ4vSJh6IfiLu0E9Dk7_5fPprW44BE9SYVMd5BoUryCSKsuuptAUSiilyXFbAzJQc0h91ZO_Zk4rCVoRXGKLdpvw3tikQOQGqwJ39WFiKhkBOSsEFX_JCo1RbiWRP82-vGnahpUDSRtHUeMIdxF8qUyKB8YeHx5SumTtNptM-Y5rvt6FBu0ZFqLdYzl3y9teFiLhEKpZYIjA2u-T4y8GaoHZF6SXnLrVRHuIrjzaJ_H7QtUjIfNq3wk02R0zWIIV32vTiZDJt0cQD5uwcQ9VWqnyviP6Ht3krQ","e":"AQAB"},"attributes":{"enabled":true,"created":1615591215,"updated":1615591215,"recoveryLevel":"Recoverable+Purgeable","recoverableDays":90}}'
    headers:
      cache-control: no-cache
      content-length: '699'
      content-type: application/json; charset=utf-8
      date: Fri, 12 Mar 2021 23:20:15 GMT
      expires: '-1'
      pragma: no-cache
      strict-transport-security: max-age=31536000;includeSubDomains
      x-content-type-options: nosniff
      x-ms-keyvault-network-info: conn_type=Ipv4;addr=172.92.159.124;act_addr_fam=InterNetwork;
      x-ms-keyvault-region: westus2
      x-ms-keyvault-service-version: 1.2.205.0
      x-powered-by: ASP.NET
    status:
      code: 200
      message: OK
    url: https://mcpatinokv.vault.azure.net/keys/livekvtestrsa-verify-204880c816cb/create?api-version=7.2-preview
- request:
    body: '{"alg": "PS256", "value": "vgZc0NQUb6WMKX___V2JntcFRO_vszKwSAj7R2rL1zg"}'
    headers:
      Accept:
      - application/json
      Content-Length:
      - '72'
      Content-Type:
      - application/json
      User-Agent:
      - azsdk-python-keyvault-keys/4.4.0b4 Python/3.5.3 (Windows-10-10.0.19041-SP0)
    method: POST
    uri: https://vaultname.vault.azure.net/keys/livekvtestrsa-verify-204880c816cb/d301bb64a9114a5bae04a1f1ca963481/sign?api-version=7.2-preview
  response:
    body:
      string: '{"kid":"https://vaultname.vault.azure.net/keys/livekvtestrsa-verify-204880c816cb/d301bb64a9114a5bae04a1f1ca963481","value":"W6pozmP_4ELdlkVvCBi_wNgZJR0qGelh1B-RMsxsgWmgjY5wyoeZroFWKxBnUwH_Ma_dFpWadhM0fczgaEHiwlBWIokIErVJ6ol4LVyDID5ckhAIU31gFaAPRwIlOoJX98n9HgRPW4xmexvf6_I89KzprkeXCiHN78qsuOlDtQdP8vDSjrRJuDKwF-ye2UxUSMYaDX0yq-4xbXk_oWemzsadht2GVq7JWSmMnc6ZEUUOh-P5iBcCZ2qJaPgiWRu34AgjXiuMB7EjcJ6k8uO30SswRiORfKqsjUOENGn5H8mEigc1hiadiPAhrIE9OzOPZnG8E7iNzOUkpuT-5em00g"}'
    headers:
      cache-control: no-cache
      content-length: '469'
      content-type: application/json; charset=utf-8
      date: Fri, 12 Mar 2021 23:20:15 GMT
      expires: '-1'
      pragma: no-cache
      strict-transport-security: max-age=31536000;includeSubDomains
      x-content-type-options: nosniff
      x-ms-keyvault-network-info: conn_type=Ipv4;addr=172.92.159.124;act_addr_fam=InterNetwork;
      x-ms-keyvault-region: westus2
      x-ms-keyvault-service-version: 1.2.205.0
      x-powered-by: ASP.NET
    status:
      code: 200
      message: OK
    url: https://mcpatinokv.vault.azure.net/keys/livekvtestrsa-verify-204880c816cb/d301bb64a9114a5bae04a1f1ca963481/sign?api-version=7.2-preview
- request:
    body: '{"alg": "PS384", "value": "OnZY76NXJ8_MBkjnc9b9RiaL5OYscmrTal040wQuLFlRrnLvJFecIvZl2KjXqwVB"}'
    headers:
      Accept:
      - application/json
      Content-Length:
      - '93'
      Content-Type:
      - application/json
      User-Agent:
      - azsdk-python-keyvault-keys/4.4.0b4 Python/3.5.3 (Windows-10-10.0.19041-SP0)
    method: POST
    uri: https://vaultname.vault.azure.net/keys/livekvtestrsa-verify-204880c816cb/d301bb64a9114a5bae04a1f1ca963481/sign?api-version=7.2-preview
  response:
    body:
      string: '{"kid":"https://vaultname.vault.azure.net/keys/livekvtestrsa-verify-204880c816cb/d301bb64a9114a5bae04a1f1ca963481","value":"Vj9oXBZfKXEMbfdG99ed_IlhflYaE6kHItzpMpuKVMo3JJpDZOLVMdtYqt6xoiWlc24NHwoGdRDRdMl2i8yBpj6TKZAfSgafHt_eSP1EXoMk5oWtgDABob8gQq4jsWeHD_K76F1UX_P9VckGkYY7IE7wK_W0NQk3J8CODFul_AKFjAMGJu-U1Ijgxb4iMlhT_u6FmUpQqMInN49pPLYkSHXBvkX7eLHufJUqVaR00WZSkHUNkzFOK-SatZgCsxtuWT-EfQDC1n-Ivj-ccAZxWuOzWlKzcYyXluwKKpfOr0u9vP_4dj70qjh17BWA13nrnfQ5jC-GGkHGbF0GrtYdMA"}'
    headers:
      cache-control: no-cache
      content-length: '469'
      content-type: application/json; charset=utf-8
      date: Fri, 12 Mar 2021 23:20:15 GMT
      expires: '-1'
      pragma: no-cache
      strict-transport-security: max-age=31536000;includeSubDomains
      x-content-type-options: nosniff
      x-ms-keyvault-network-info: conn_type=Ipv4;addr=172.92.159.124;act_addr_fam=InterNetwork;
      x-ms-keyvault-region: westus2
      x-ms-keyvault-service-version: 1.2.205.0
      x-powered-by: ASP.NET
    status:
      code: 200
      message: OK
    url: https://mcpatinokv.vault.azure.net/keys/livekvtestrsa-verify-204880c816cb/d301bb64a9114a5bae04a1f1ca963481/sign?api-version=7.2-preview
- request:
    body: '{"alg": "PS512", "value": "zZyL-eOHDnnq34aZaWgBMobx4x2Pm3mPRo4eqnRmLK6sE0jsXZFOFhMXaTcvILQxovTsMMh9JupeojYCnDvfrQ"}'
    headers:
      Accept:
      - application/json
      Content-Length:
      - '115'
      Content-Type:
      - application/json
      User-Agent:
      - azsdk-python-keyvault-keys/4.4.0b4 Python/3.5.3 (Windows-10-10.0.19041-SP0)
    method: POST
    uri: https://vaultname.vault.azure.net/keys/livekvtestrsa-verify-204880c816cb/d301bb64a9114a5bae04a1f1ca963481/sign?api-version=7.2-preview
  response:
    body:
      string: '{"kid":"https://vaultname.vault.azure.net/keys/livekvtestrsa-verify-204880c816cb/d301bb64a9114a5bae04a1f1ca963481","value":"GA92U9HoP4nT-bxUBVWNQ8qquk-6ue6of1sK3SPa_Lq6jjNgGtBqOiaO_UMTepe9iozyL2VSCFMWFLDGBjwXj6vfNyzs5M8QMUxTPXj8hEt2mw53P_wxBf9NkDOOt7oDOOVc0_h2meb1ZZQyd7lih07Qh-5AA1tuRDagA8_pzSVWoWOlk7hAVX8dyAM_jnlPdA2S1KA8w84QuDwWIiU9mCOd1zy3lb4A-fOTMLHgAUZ26QIm_4uEJBVKhJSf5c9gfiLV82C1t4Fjjrr6otbP1HF8qKE6MuhyY9C8N1E2bBIHqMVM33wcM7vOJKpScsYEYfurqwZAoDazR9qHFwIL6A"}'
    headers:
      cache-control: no-cache
      content-length: '469'
      content-type: application/json; charset=utf-8
      date: Fri, 12 Mar 2021 23:20:15 GMT
      expires: '-1'
      pragma: no-cache
      strict-transport-security: max-age=31536000;includeSubDomains
      x-content-type-options: nosniff
      x-ms-keyvault-network-info: conn_type=Ipv4;addr=172.92.159.124;act_addr_fam=InterNetwork;
      x-ms-keyvault-region: westus2
      x-ms-keyvault-service-version: 1.2.205.0
      x-powered-by: ASP.NET
    status:
      code: 200
      message: OK
    url: https://mcpatinokv.vault.azure.net/keys/livekvtestrsa-verify-204880c816cb/d301bb64a9114a5bae04a1f1ca963481/sign?api-version=7.2-preview
- request:
    body: '{"alg": "RS256", "value": "vgZc0NQUb6WMKX___V2JntcFRO_vszKwSAj7R2rL1zg"}'
    headers:
      Accept:
      - application/json
      Content-Length:
      - '72'
      Content-Type:
      - application/json
      User-Agent:
      - azsdk-python-keyvault-keys/4.4.0b4 Python/3.5.3 (Windows-10-10.0.19041-SP0)
    method: POST
    uri: https://vaultname.vault.azure.net/keys/livekvtestrsa-verify-204880c816cb/d301bb64a9114a5bae04a1f1ca963481/sign?api-version=7.2-preview
  response:
    body:
      string: '{"kid":"https://vaultname.vault.azure.net/keys/livekvtestrsa-verify-204880c816cb/d301bb64a9114a5bae04a1f1ca963481","value":"Nz844RslZjsDjH0rZyuzDlseRpWuy96uj5jgeaJlwJUXxflFaOzY9B8agB7qbZHInBxSO0z7gKyrHqy1q0rNnZcOfa-P_VwxNmA1P1GGDEuqq2i38HcazIBEFJRN8PRc6pAk6MuV2ejuiZgGxtN3TaRP8lYdaGXnrzK-lB1HDaIGagWZmM0OLr1t7E5WKFG6dp11Hd1H-MFxI5nDGByEPGzXCqwv80aDgHQM7Ofa4OCOM01dcOmk2M0sQQ9v8mkDP5bvr0fPke1jmGUhx_PitgmZBAsA4L5TWPawBIGisbC1HODOof_W2ft6HE4qPaUHPXAukTIAz0TwpEnyu-aIKg"}'
    headers:
      cache-control: no-cache
      content-length: '469'
      content-type: application/json; charset=utf-8
      date: Fri, 12 Mar 2021 23:20:15 GMT
      expires: '-1'
      pragma: no-cache
      strict-transport-security: max-age=31536000;includeSubDomains
      x-content-type-options: nosniff
      x-ms-keyvault-network-info: conn_type=Ipv4;addr=172.92.159.124;act_addr_fam=InterNetwork;
      x-ms-keyvault-region: westus2
      x-ms-keyvault-service-version: 1.2.205.0
      x-powered-by: ASP.NET
    status:
      code: 200
      message: OK
    url: https://mcpatinokv.vault.azure.net/keys/livekvtestrsa-verify-204880c816cb/d301bb64a9114a5bae04a1f1ca963481/sign?api-version=7.2-preview
- request:
    body: '{"alg": "RS384", "value": "OnZY76NXJ8_MBkjnc9b9RiaL5OYscmrTal040wQuLFlRrnLvJFecIvZl2KjXqwVB"}'
    headers:
      Accept:
      - application/json
      Content-Length:
      - '93'
      Content-Type:
      - application/json
      User-Agent:
      - azsdk-python-keyvault-keys/4.4.0b4 Python/3.5.3 (Windows-10-10.0.19041-SP0)
    method: POST
    uri: https://vaultname.vault.azure.net/keys/livekvtestrsa-verify-204880c816cb/d301bb64a9114a5bae04a1f1ca963481/sign?api-version=7.2-preview
  response:
    body:
      string: '{"kid":"https://vaultname.vault.azure.net/keys/livekvtestrsa-verify-204880c816cb/d301bb64a9114a5bae04a1f1ca963481","value":"l3xvRNNW39fuW0QwIykk3tNGRPc73JW660tC19ADYpM96jaKR302lpM8HFIz4yEbUkPd-VhBhqPwW2uYRNH_hXFaOqOXkDMajmBu-ZILd1QPdCswcS80ORi4TAZXD77v6nZS3R6IoMZaBWRmVSJNVaSCWL5X-FRSI8Gwl-JRG6EKtO0MzuJ9uZLXHVYX5AzAHpEacNG1RtnPp1pdvxCU667U_TGNoIAKnR15V1ni-Rwo3hOk8ETw_-F8fvr-uAw02vxJiGiNezYum7ZyITTYHp3bX9O_UIIEtz_Qj-yJrhb7KlKvd3zVac8SYedylPy_kWou-iE0ETJhVOVgQtSxBA"}'
    headers:
      cache-control: no-cache
      content-length: '469'
      content-type: application/json; charset=utf-8
      date: Fri, 12 Mar 2021 23:20:15 GMT
      expires: '-1'
      pragma: no-cache
      strict-transport-security: max-age=31536000;includeSubDomains
      x-content-type-options: nosniff
      x-ms-keyvault-network-info: conn_type=Ipv4;addr=172.92.159.124;act_addr_fam=InterNetwork;
      x-ms-keyvault-region: westus2
      x-ms-keyvault-service-version: 1.2.205.0
      x-powered-by: ASP.NET
    status:
      code: 200
      message: OK
    url: https://mcpatinokv.vault.azure.net/keys/livekvtestrsa-verify-204880c816cb/d301bb64a9114a5bae04a1f1ca963481/sign?api-version=7.2-preview
- request:
    body: '{"alg": "RS512", "value": "zZyL-eOHDnnq34aZaWgBMobx4x2Pm3mPRo4eqnRmLK6sE0jsXZFOFhMXaTcvILQxovTsMMh9JupeojYCnDvfrQ"}'
    headers:
      Accept:
      - application/json
      Content-Length:
      - '115'
      Content-Type:
      - application/json
      User-Agent:
      - azsdk-python-keyvault-keys/4.4.0b4 Python/3.5.3 (Windows-10-10.0.19041-SP0)
    method: POST
    uri: https://vaultname.vault.azure.net/keys/livekvtestrsa-verify-204880c816cb/d301bb64a9114a5bae04a1f1ca963481/sign?api-version=7.2-preview
  response:
    body:
      string: '{"kid":"https://vaultname.vault.azure.net/keys/livekvtestrsa-verify-204880c816cb/d301bb64a9114a5bae04a1f1ca963481","value":"CzAM8_A7BjV4Fz3N3RieH146RZCWvov35Ur18ITlDA1w9OICSdiQwlbYLg5lilSSbth6SOhocJ6P9GZ57-rd5WelkhDLjNGNVCC93fuVII3g8fOUv3cfKtnJcXndmYHVR25Bw0Rgc4smVfLnOv8YaTVoPTwAHW6hyOGW1g-VYTcvwMsBt6YJKqo_A4TDayNBPGRxZj64C3c9ukV0_AhHqao3Ft4ugGtqQvol7rmn_RiHP4fTmC7psEP6PWGpsyzExXyS2l43TL_sObraSlnVVlwe8_fjo6wBA9Myy2rp9MlgdLMY159MXfQb5INVtgYXK11lQuNR97aUT0TeAQFljw"}'
    headers:
      cache-control: no-cache
      content-length: '469'
      content-type: application/json; charset=utf-8
      date: Fri, 12 Mar 2021 23:20:15 GMT
      expires: '-1'
      pragma: no-cache
      strict-transport-security: max-age=31536000;includeSubDomains
      x-content-type-options: nosniff
      x-ms-keyvault-network-info: conn_type=Ipv4;addr=172.92.159.124;act_addr_fam=InterNetwork;
      x-ms-keyvault-region: westus2
      x-ms-keyvault-service-version: 1.2.205.0
      x-powered-by: ASP.NET
    status:
      code: 200
      message: OK
    url: https://mcpatinokv.vault.azure.net/keys/livekvtestrsa-verify-204880c816cb/d301bb64a9114a5bae04a1f1ca963481/sign?api-version=7.2-preview
- request:
    body: '{"key_ops": ["encrypt", "decrypt", "sign", "verify", "wrapKey", "unwrapKey"],
      "key_size": 3072, "kty": "RSA"}'
    headers:
      Accept:
      - application/json
      Content-Length:
      - '109'
      Content-Type:
      - application/json
      User-Agent:
      - azsdk-python-keyvault-keys/4.4.0b4 Python/3.5.3 (Windows-10-10.0.19041-SP0)
    method: POST
    uri: https://vaultname.vault.azure.net/keys/livekvtestrsa-verify-307280c816cb/create?api-version=7.2-preview
  response:
    body:
      string: '{"key":{"kid":"https://vaultname.vault.azure.net/keys/livekvtestrsa-verify-307280c816cb/fd8771bab8a64669a35fe07438270960","kty":"RSA","key_ops":["encrypt","decrypt","sign","verify","wrapKey","unwrapKey"],"n":"zDT3WTPEB_1DNTS6TAK1HpFEUS0g8o9_r_qTrN0dkFrmPFEwoeFLnjITRobwGmaf1AiDqKMfColJLaUTzwFjXoCnX0VfegGEDtf1tTIOfX6Rzh3gXwE4hYSR91cyTHo5A-FWe7mMizYYBJi-nbdIZ4MRRMxTCYh2ZYb0wf8R_Uh9YWqnRVq9TniUtWgoJZfN2P5mqGC5cl1TeJtHOj2luhYJlw2NtVvX-QR9j8ASNTSdadqv5aacHs7_mvtpMIAlZVw3ye2fbneoXgSt-csWkUHmMcrsH_HxGk1Cq3TEFZ4zYhPSGCE6J3rzVA5CG8SQuNf97TKWhGNfm75GoOUtDWQDMbhFH5x87r08M_UO7g7QOqjUJsVeFgWJRs8iTg5qSom-1UXGpDDFXtutSM3l2q2T7pCOxpI4Y30FQ-7ew_GFtgKDT5obsMr65EBvq_YMV_eZJ1DKfh9OYrq2vbIR0TNxOrPvxLmc9I_Lv19EQEFB5dTNg-tzHhqdTsN-GAqp","e":"AQAB"},"attributes":{"enabled":true,"created":1615591218,"updated":1615591218,"recoveryLevel":"Recoverable+Purgeable","recoverableDays":90}}'
    headers:
      cache-control: no-cache
      content-length: '869'
      content-type: application/json; charset=utf-8
      date: Fri, 12 Mar 2021 23:20:18 GMT
      expires: '-1'
      pragma: no-cache
      strict-transport-security: max-age=31536000;includeSubDomains
      x-content-type-options: nosniff
      x-ms-keyvault-network-info: conn_type=Ipv4;addr=172.92.159.124;act_addr_fam=InterNetwork;
      x-ms-keyvault-region: westus2
      x-ms-keyvault-service-version: 1.2.205.0
      x-powered-by: ASP.NET
    status:
      code: 200
      message: OK
    url: https://mcpatinokv.vault.azure.net/keys/livekvtestrsa-verify-307280c816cb/create?api-version=7.2-preview
- request:
    body: '{"alg": "PS256", "value": "vgZc0NQUb6WMKX___V2JntcFRO_vszKwSAj7R2rL1zg"}'
    headers:
      Accept:
      - application/json
      Content-Length:
      - '72'
      Content-Type:
      - application/json
      User-Agent:
      - azsdk-python-keyvault-keys/4.4.0b4 Python/3.5.3 (Windows-10-10.0.19041-SP0)
    method: POST
    uri: https://vaultname.vault.azure.net/keys/livekvtestrsa-verify-307280c816cb/fd8771bab8a64669a35fe07438270960/sign?api-version=7.2-preview
  response:
    body:
      string: '{"kid":"https://vaultname.vault.azure.net/keys/livekvtestrsa-verify-307280c816cb/fd8771bab8a64669a35fe07438270960","value":"iozlasG12xBs9s9rNvgmQiSOfnPTXlLOk7eaUKYBj327vJIbXlqjgVLfUoqmwZMkeQUu9lbVMfckVHrbsW-IurQpb10jLVDL2KtzB-zR6j3gQdFKekDP4nat0wHfYU0x22GvS_0DlLRJQWGF5yt8X5wQV9au5A68diHbIyS_XrdtW8fXipHSHd1X1PPwcmB3ZGBh1pAw_4Wbi17m-tXpZ7ObKGbuMf_ykERZZU-K-rBjT6G7YPqzAA8axVCdRORQqNgiUk_X48SvpAlbfMq6bWvynLrR1aosXSlgHIV9j0EvKiwUkTt3CV7To0OnwpF9LqYdmEUnzEeC7WRmnCooO_r50COHw9AuyVJzlFz7BcioHK_zfuZkgOj27U-s89I7pfivMnBosj6HhYrqiCSIVTIioHBoQTkUBgWgZy8i99J2sj-6pe6MMomm4iFhKc-uOfPghsZOQNHLIe28QVA4JmEBF2dMS36KL2RQYBGQFlRTCnsGhvbucH24Ru_G3seA"}'
    headers:
      cache-control: no-cache
      content-length: '639'
      content-type: application/json; charset=utf-8
      date: Fri, 12 Mar 2021 23:20:19 GMT
      expires: '-1'
      pragma: no-cache
      strict-transport-security: max-age=31536000;includeSubDomains
      x-content-type-options: nosniff
      x-ms-keyvault-network-info: conn_type=Ipv4;addr=172.92.159.124;act_addr_fam=InterNetwork;
      x-ms-keyvault-region: westus2
      x-ms-keyvault-service-version: 1.2.205.0
      x-powered-by: ASP.NET
    status:
      code: 200
      message: OK
    url: https://mcpatinokv.vault.azure.net/keys/livekvtestrsa-verify-307280c816cb/fd8771bab8a64669a35fe07438270960/sign?api-version=7.2-preview
- request:
    body: '{"alg": "PS384", "value": "OnZY76NXJ8_MBkjnc9b9RiaL5OYscmrTal040wQuLFlRrnLvJFecIvZl2KjXqwVB"}'
    headers:
      Accept:
      - application/json
      Content-Length:
      - '93'
      Content-Type:
      - application/json
      User-Agent:
      - azsdk-python-keyvault-keys/4.4.0b4 Python/3.5.3 (Windows-10-10.0.19041-SP0)
    method: POST
    uri: https://vaultname.vault.azure.net/keys/livekvtestrsa-verify-307280c816cb/fd8771bab8a64669a35fe07438270960/sign?api-version=7.2-preview
  response:
    body:
      string: '{"kid":"https://vaultname.vault.azure.net/keys/livekvtestrsa-verify-307280c816cb/fd8771bab8a64669a35fe07438270960","value":"qyIzJMXAPjHH59oLwNssjYdYDK00Swt-TccfLi0ZWb1dbrTHChF_46xXQgArPuLWQqBX_FMb1gWvn3X80utSdRRC9LcMhDrX_2VUpkou2sp-fxw_pfFf3InLH3lTbL3be2By3NgkPMQ7baxhUKhlyu0_uYvGv4xzG0n1waIDFmEJSVjSiU7y_075foWE1gyPGPSCBMfbx94j-AeC246buG_rBILgazXkrrTTXZD5NdJ44_rU-o0sAM65aJjxd0VkeLyOF0U7NoZTVPzvHaoJuTsTL36wFso7Bi0fJ-TYkJWcf8SigMI0uVdQHhXieuX0Z8ugBHLz6r9KO6r5bpCI8Eln1XjmhdA6MuTVy5RmoWcCqRHR1bW-aHhO_JQiR3JrCe9-mG4DOanxDLhp-zqgdaWKdwG4MeY-7ukZEGanyfSefyW-O3fYSeGv6apmiciDD9XNTJ3L0T1ZP0P60tpZHaAzuLIbDqK3QSMgMdmkdeJBAvM8gCFB79hN1mtwHuWt"}'
    headers:
      cache-control: no-cache
      content-length: '639'
      content-type: application/json; charset=utf-8
      date: Fri, 12 Mar 2021 23:20:19 GMT
      expires: '-1'
      pragma: no-cache
      strict-transport-security: max-age=31536000;includeSubDomains
      x-content-type-options: nosniff
      x-ms-keyvault-network-info: conn_type=Ipv4;addr=172.92.159.124;act_addr_fam=InterNetwork;
      x-ms-keyvault-region: westus2
      x-ms-keyvault-service-version: 1.2.205.0
      x-powered-by: ASP.NET
    status:
      code: 200
      message: OK
    url: https://mcpatinokv.vault.azure.net/keys/livekvtestrsa-verify-307280c816cb/fd8771bab8a64669a35fe07438270960/sign?api-version=7.2-preview
- request:
    body: '{"alg": "PS512", "value": "zZyL-eOHDnnq34aZaWgBMobx4x2Pm3mPRo4eqnRmLK6sE0jsXZFOFhMXaTcvILQxovTsMMh9JupeojYCnDvfrQ"}'
    headers:
      Accept:
      - application/json
      Content-Length:
      - '115'
      Content-Type:
      - application/json
      User-Agent:
      - azsdk-python-keyvault-keys/4.4.0b4 Python/3.5.3 (Windows-10-10.0.19041-SP0)
    method: POST
    uri: https://vaultname.vault.azure.net/keys/livekvtestrsa-verify-307280c816cb/fd8771bab8a64669a35fe07438270960/sign?api-version=7.2-preview
  response:
    body:
      string: '{"kid":"https://vaultname.vault.azure.net/keys/livekvtestrsa-verify-307280c816cb/fd8771bab8a64669a35fe07438270960","value":"Cjye5OvfBVDUOZAWQEAj4du1H7WPje8mal6nFGn-BvplZOMJ0XjorYgiHYjvSH7XCXrBUnKXFkRVjz1J0hmlhmGsJ666GxS3JTJM70vDnh9vlvZvi4GaFoxAssgeKeoBEfoj7xEWwiVBB3CIECg_ajMHYXmOqE_Z6AZqZ81kDZJT5IRYN2sFdIy2-Z8KEl5034BHDr6RWuGxNoGZCSeQHhS7QHLY7cbTQRwydY_wRXxZ5bRRqna_airv1Xp2X_aN123qw6oia7rqVHQxf5ZL7vCbyqY3kadT04QOyAdD1OMhF_Ti3UNvXfzie1pgW98xkjRnWsXMgW7O8jHTdsvZxH-pv9OxMCZsLqcNDgT48yyf__Y-K12RzHDVZIuMsVxpqddgZRLs6W5usrlIkkOHE3FcaDgXVV4RiQniMHBX1DfNbAzc1_qb7V0Bdk8-UoMA1Ud5HLy9DCVMz3J0F-FRE8CX0t2Tmm8NC-2nPXTXzVhkz4Dho3zZZEm6qk74iLno"}'
    headers:
      cache-control: no-cache
      content-length: '639'
      content-type: application/json; charset=utf-8
      date: Fri, 12 Mar 2021 23:20:19 GMT
      expires: '-1'
      pragma: no-cache
      strict-transport-security: max-age=31536000;includeSubDomains
      x-content-type-options: nosniff
      x-ms-keyvault-network-info: conn_type=Ipv4;addr=172.92.159.124;act_addr_fam=InterNetwork;
      x-ms-keyvault-region: westus2
      x-ms-keyvault-service-version: 1.2.205.0
      x-powered-by: ASP.NET
    status:
      code: 200
      message: OK
    url: https://mcpatinokv.vault.azure.net/keys/livekvtestrsa-verify-307280c816cb/fd8771bab8a64669a35fe07438270960/sign?api-version=7.2-preview
- request:
    body: '{"alg": "RS256", "value": "vgZc0NQUb6WMKX___V2JntcFRO_vszKwSAj7R2rL1zg"}'
    headers:
      Accept:
      - application/json
      Content-Length:
      - '72'
      Content-Type:
      - application/json
      User-Agent:
      - azsdk-python-keyvault-keys/4.4.0b4 Python/3.5.3 (Windows-10-10.0.19041-SP0)
    method: POST
    uri: https://vaultname.vault.azure.net/keys/livekvtestrsa-verify-307280c816cb/fd8771bab8a64669a35fe07438270960/sign?api-version=7.2-preview
  response:
    body:
      string: '{"kid":"https://vaultname.vault.azure.net/keys/livekvtestrsa-verify-307280c816cb/fd8771bab8a64669a35fe07438270960","value":"rZ7VFNTitYGUOMuEkcQcQI4Decrwyz1vUQD7RZFpArcO7KW9YOuwVC_OtPywzS17u2fOKNh5juPFsMdsExTkSR0z9i0fTbhfhXntygiYsnMSzxElmJOA-kbSTcblqc2TfwAMLPI94urE9c_wRbCunBqxZ8hFFWOJcYNAX_Bk-8ETHFmLXbijOzKIjtA7NFEyOY9gWeTMTc227KFLXVfyUED_LS3cyDOlH_PV9Vg8OrK8GPn1r32DcrMaRz9nUdvxFLnfW2HOU4vYItsMa0bL2JovYh9tG_TyJHDyjoj_-cGwCdUZtG0Q9WrzNnFCpGIHFKJdfWBr7T94tlIL9BFxkg79EF5BCm1Si2vlfncOvw2qx_FoGIMKCPEDi2jabhDT-GLfwuXQTVe5g9XcVBkSSuMjoXoe51y9yG5S9-Yk1b0jHvx3ZK-FJYhfw3Kyr4szautr0yaPWZ7GSFEoNjL7ZCuZ6j3I_FVG6uKJvvFCxr_O5p5Phi5gMWWgMHfVD58H"}'
    headers:
      cache-control: no-cache
      content-length: '639'
      content-type: application/json; charset=utf-8
      date: Fri, 12 Mar 2021 23:20:19 GMT
      expires: '-1'
      pragma: no-cache
      strict-transport-security: max-age=31536000;includeSubDomains
      x-content-type-options: nosniff
      x-ms-keyvault-network-info: conn_type=Ipv4;addr=172.92.159.124;act_addr_fam=InterNetwork;
      x-ms-keyvault-region: westus2
      x-ms-keyvault-service-version: 1.2.205.0
      x-powered-by: ASP.NET
    status:
      code: 200
      message: OK
    url: https://mcpatinokv.vault.azure.net/keys/livekvtestrsa-verify-307280c816cb/fd8771bab8a64669a35fe07438270960/sign?api-version=7.2-preview
- request:
    body: '{"alg": "RS384", "value": "OnZY76NXJ8_MBkjnc9b9RiaL5OYscmrTal040wQuLFlRrnLvJFecIvZl2KjXqwVB"}'
    headers:
      Accept:
      - application/json
      Content-Length:
      - '93'
      Content-Type:
      - application/json
      User-Agent:
      - azsdk-python-keyvault-keys/4.4.0b4 Python/3.5.3 (Windows-10-10.0.19041-SP0)
    method: POST
    uri: https://vaultname.vault.azure.net/keys/livekvtestrsa-verify-307280c816cb/fd8771bab8a64669a35fe07438270960/sign?api-version=7.2-preview
  response:
    body:
      string: '{"kid":"https://vaultname.vault.azure.net/keys/livekvtestrsa-verify-307280c816cb/fd8771bab8a64669a35fe07438270960","value":"IEkeIpGnoMczlZGCC6pjTjNho51v1C-H8DiRtHQy_6BzyS4eHQZIFvJJwytce4yXW_U7etJcazgN-OMi69HSFEaBuUaOaJkPEpKHrirvSEK0ULQpqz2E1L6-ptXDnuJiMlzP1eUkL4kmm46vtJ2i2RD1rJqfVkfq7LiWw5gz-4tlMEdSmuNFSymLDmsD47PFoOjxJJ24_qTswrvweDBmQfDZyGnVUHpih8KBG3C-efLQ1CXoWdXj7VV8f8Y-esci-wuiqjfnSscfiMbx0Bj45cL-oUiVFIcAj-MtYngPiEcLmvObC84rk8T3AtX4f4WxSjURUJFWCQoWtz5Ps6f91DXeR4eUvLBb2kRWFF6vBTW5zFnL8dHYJ4m8y58CH2GT1_-vTDwh0kEvSqcT3l9s0Ez4rhn62niejlQGI8dHpsb1ooG6DKZR20R530n8V2Q8RB217oE2sastzgvowZuWmSXvwj35l-ZwUkhnv-6MbENxATqsKvXJ6wkaHzY0K2Vp"}'
    headers:
      cache-control: no-cache
      content-length: '639'
      content-type: application/json; charset=utf-8
      date: Fri, 12 Mar 2021 23:20:19 GMT
      expires: '-1'
      pragma: no-cache
      strict-transport-security: max-age=31536000;includeSubDomains
      x-content-type-options: nosniff
      x-ms-keyvault-network-info: conn_type=Ipv4;addr=172.92.159.124;act_addr_fam=InterNetwork;
      x-ms-keyvault-region: westus2
      x-ms-keyvault-service-version: 1.2.205.0
      x-powered-by: ASP.NET
    status:
      code: 200
      message: OK
    url: https://mcpatinokv.vault.azure.net/keys/livekvtestrsa-verify-307280c816cb/fd8771bab8a64669a35fe07438270960/sign?api-version=7.2-preview
- request:
    body: '{"alg": "RS512", "value": "zZyL-eOHDnnq34aZaWgBMobx4x2Pm3mPRo4eqnRmLK6sE0jsXZFOFhMXaTcvILQxovTsMMh9JupeojYCnDvfrQ"}'
    headers:
      Accept:
      - application/json
      Content-Length:
      - '115'
      Content-Type:
      - application/json
      User-Agent:
      - azsdk-python-keyvault-keys/4.4.0b4 Python/3.5.3 (Windows-10-10.0.19041-SP0)
    method: POST
    uri: https://vaultname.vault.azure.net/keys/livekvtestrsa-verify-307280c816cb/fd8771bab8a64669a35fe07438270960/sign?api-version=7.2-preview
  response:
    body:
      string: '{"kid":"https://vaultname.vault.azure.net/keys/livekvtestrsa-verify-307280c816cb/fd8771bab8a64669a35fe07438270960","value":"QODSlSCaeNEkMnJcsj2fQb3rE0gDBMGyPTw1RRaIuBULvdOCgd__tvkiTHfLA9VGMTxEzvADBJ2p98jLH2ZlIfDRq_vm41GRrz299fXGQ1jM8bkz04k6DTSUqeidNj687XLDiHb0iHbdyfezLMx8QVf-E34x4egNk4UjDxobnR0WJvIXcuBk5xSWZpqg1uqwED2CTrU4gcptD-Zp-p4oZrdKbqCG8jK3E_7MwCpALg7I1YxTwQMmG-rdPf1mUdTU4qQ5ueIamLJ0Fy7yJXdkh_SpSIQ9BzohUkBhReFZefE2iJfYytdkHUNWJfYTZdFUIvw4mhto7oszp5D23Kri-3xbEuGGHlzClbWSyvfqnQYt7LojNEDYJNTftXhz1OaXV4EJ5zpAFpjIyWxro7lfMTGlIqiMoJrBZMMrQVaEI4HCHZ9bdX8YdPa9V6LacFHEgBaVeqN5nKIktpVBINjAn2lwHx8wyOsqfnTPwc2PtgSay9AMMCrkWByeyXuoDgId"}'
    headers:
      cache-control: no-cache
      content-length: '639'
      content-type: application/json; charset=utf-8
      date: Fri, 12 Mar 2021 23:20:19 GMT
      expires: '-1'
      pragma: no-cache
      strict-transport-security: max-age=31536000;includeSubDomains
      x-content-type-options: nosniff
      x-ms-keyvault-network-info: conn_type=Ipv4;addr=172.92.159.124;act_addr_fam=InterNetwork;
      x-ms-keyvault-region: westus2
      x-ms-keyvault-service-version: 1.2.205.0
      x-powered-by: ASP.NET
    status:
      code: 200
      message: OK
    url: https://mcpatinokv.vault.azure.net/keys/livekvtestrsa-verify-307280c816cb/fd8771bab8a64669a35fe07438270960/sign?api-version=7.2-preview
- request:
    body: '{"key_ops": ["encrypt", "decrypt", "sign", "verify", "wrapKey", "unwrapKey"],
      "key_size": 4096, "kty": "RSA"}'
    headers:
      Accept:
      - application/json
      Content-Length:
      - '109'
      Content-Type:
      - application/json
      User-Agent:
      - azsdk-python-keyvault-keys/4.4.0b4 Python/3.5.3 (Windows-10-10.0.19041-SP0)
    method: POST
    uri: https://vaultname.vault.azure.net/keys/livekvtestrsa-verify-409680c816cb/create?api-version=7.2-preview
  response:
    body:
      string: '{"key":{"kid":"https://vaultname.vault.azure.net/keys/livekvtestrsa-verify-409680c816cb/f0c806ad32394bf08ebbbd3e64abd156","kty":"RSA","key_ops":["encrypt","decrypt","sign","verify","wrapKey","unwrapKey"],"n":"q77B1MTuBuO7y41n64hob268bDeL_CZYrpBKbh_IY1nyw2JAaNpjeHGpqufLVjhUSPidRSRI-H9KIenrpG9ulGUUeb7vyRdZfu6u80qmijzGc58io0HsOgTSsVQcfukVLDw_7dLVrlUIHbsRLRfv773kqYFcTFEpXlr0MPN5uSpJNhy0fVCLNU18sCGSck2G2PobnP7ObMXaIez8zQNmn2qQQOeiuMngV_eLI6TZrtAK-3TfczQBfRTL3xm93QdA7_sPjRWsrPXqoHDFlxa_tnSvwTJleioNdL-Y_U3ep9j_XXTtDubsj5z4pIcf7IIdFzngYZdeBg3mk-K9kT9J4-05u2VtI8FVSqCGtg8BUfOs3RGhnjTVoktwknV0cJys7vVw5eAntzvzrAXQz2c59_ldp7LRKeJ1icq4tzKHv0idxTHNjXQtyYMp2-FH6EEkE55NbKGpYX5hSAaqPQuR8AMIaAASjogzEbesxbIIh473TMFnScI0AQWg-ve0t9ENcfJKbAZS-o2TmWmI5FU8AJOzObzK9LoJIQl4uEceOMk2EvbsSP4VNXn9VtVNtlkHNq2NDWxuBHPOhd5jnz4zQFv-7lauFnmr-uG92qCpEaUAO1EyfjkoVqJUWSmyi7RbMDegsbZAX2471qPltaK2kHL7IbQNuSTAbbUmtbvuU2E","e":"AQAB"},"attributes":{"enabled":true,"created":1615591221,"updated":1615591221,"recoveryLevel":"Recoverable+Purgeable","recoverableDays":90}}'
    headers:
      cache-control: no-cache
      content-length: '1040'
      content-type: application/json; charset=utf-8
      date: Fri, 12 Mar 2021 23:20:21 GMT
      expires: '-1'
      pragma: no-cache
      strict-transport-security: max-age=31536000;includeSubDomains
      x-content-type-options: nosniff
      x-ms-keyvault-network-info: conn_type=Ipv4;addr=172.92.159.124;act_addr_fam=InterNetwork;
      x-ms-keyvault-region: westus2
      x-ms-keyvault-service-version: 1.2.205.0
      x-powered-by: ASP.NET
    status:
      code: 200
      message: OK
    url: https://mcpatinokv.vault.azure.net/keys/livekvtestrsa-verify-409680c816cb/create?api-version=7.2-preview
- request:
    body: '{"alg": "PS256", "value": "vgZc0NQUb6WMKX___V2JntcFRO_vszKwSAj7R2rL1zg"}'
    headers:
      Accept:
      - application/json
      Content-Length:
      - '72'
      Content-Type:
      - application/json
      User-Agent:
      - azsdk-python-keyvault-keys/4.4.0b4 Python/3.5.3 (Windows-10-10.0.19041-SP0)
    method: POST
    uri: https://vaultname.vault.azure.net/keys/livekvtestrsa-verify-409680c816cb/f0c806ad32394bf08ebbbd3e64abd156/sign?api-version=7.2-preview
  response:
    body:
      string: '{"kid":"https://vaultname.vault.azure.net/keys/livekvtestrsa-verify-409680c816cb/f0c806ad32394bf08ebbbd3e64abd156","value":"DCg_DwX47SEa9WQZbaYD8HMBPkhF5de1I6v1KaNJ2-pRhsEw1H74ru0X8dNwkpbKpdJ85nA58MqEZKp6VxgL8Ob_rYJUurr6cLeQNbxTYNJ5kI6QjVrMzqANdTWSNYi1pd27cIJ4CLAGgL3Lx60L8KUTtpdAyJeG1COqMU3eg3gePo4xWP9yRCqiS_uR9rrtahTsfNsHeM96Nb_uxpjBrm547CQVB1DSkGeAKOYLvtG4VWzIW_SuZ0aszO2GhBgNJQ3h5Otqm3886EhyTWR6iQlUNWC5b1QbHrqpfkA2sVRj4akV8TiEkC-kBwiXkN-Vmcqmz27QJKDT3kj-vqt-zNXfSi5CQ4X6Sc2AdsVuo4BZJUOOGI0L9hW99jXf_iysb9g2HiICuBozOugx-2ktQe7FKZr-UmPFqwt8tokCzgLIHjHyBqH5JpfXbdtQp-TZgX0Nw-qNohOW4nutaGURTIt563PDu45hXyXz742LFWv8-nvumvqdk3ohVnNq9ZZ7TgY4z0tGmJLjtTFzyn9BAZsZ8jDzbMI-My0w16mabT1cnKnZO3YeE7HA1gW3L9QxG7x2551thH8zwi2v7OIL7GzCbuV8TJUatANwLjdc2SmwnjKEYz7gKiF1PV4WkLoalKkPDKn5icb1VS-2LWv9KZ7HbgahGKm-TV0vUJPYpCI"}'
    headers:
      cache-control: no-cache
      content-length: '810'
      content-type: application/json; charset=utf-8
      date: Fri, 12 Mar 2021 23:20:22 GMT
      expires: '-1'
      pragma: no-cache
      strict-transport-security: max-age=31536000;includeSubDomains
      x-content-type-options: nosniff
      x-ms-keyvault-network-info: conn_type=Ipv4;addr=172.92.159.124;act_addr_fam=InterNetwork;
      x-ms-keyvault-region: westus2
      x-ms-keyvault-service-version: 1.2.205.0
      x-powered-by: ASP.NET
    status:
      code: 200
      message: OK
    url: https://mcpatinokv.vault.azure.net/keys/livekvtestrsa-verify-409680c816cb/f0c806ad32394bf08ebbbd3e64abd156/sign?api-version=7.2-preview
- request:
    body: '{"alg": "PS384", "value": "OnZY76NXJ8_MBkjnc9b9RiaL5OYscmrTal040wQuLFlRrnLvJFecIvZl2KjXqwVB"}'
    headers:
      Accept:
      - application/json
      Content-Length:
      - '93'
      Content-Type:
      - application/json
      User-Agent:
      - azsdk-python-keyvault-keys/4.4.0b4 Python/3.5.3 (Windows-10-10.0.19041-SP0)
    method: POST
    uri: https://vaultname.vault.azure.net/keys/livekvtestrsa-verify-409680c816cb/f0c806ad32394bf08ebbbd3e64abd156/sign?api-version=7.2-preview
  response:
    body:
      string: '{"kid":"https://vaultname.vault.azure.net/keys/livekvtestrsa-verify-409680c816cb/f0c806ad32394bf08ebbbd3e64abd156","value":"LWXiowfj2KIDEQRNXds1gZ-MDk3DZDUVvNZykEgXO60zAhYE_f-RtI4sMMSnz3DWNZ0slN9bqovxgmOtq78DHcSwWpfY3C0vFIZr_Ngpc__YltuGwRVVeCExLIGD6qeMfopQiFYxe-EmxmSzA_Jzt-wi08AH3G3H_OymrZPA09tJZQGJLu04J6IJoDHZNIcurVtl_VtV2zhXrTbhm64dXTt_-Eur-HXHWxfEuPoKI2B4P45JMqpAnReB-sDn-XxXFICVqV-VWdlfaPc1EsCbd0Noh4ZVz9Dw76CBmdVmLH6RHEL8zC8c3Xgk82n-AEDZDQsXvwDq_rC00wZsftT4NwPgiAhva10f7lhcMyMZgnKcwChm6fddvobIHKIfX4clu_g_8MwzYdL1IyMxMtEpDeNMTAtfiF8Y3cjmR6YwlsO7zBmgZOiEnYi7OsQeuRenxP6PewvK3RLoqTVOdzEiJMCofaVGQ_zEeqTElveyjtj4Jvm2gKpybvZFqhfyoMBTz7PLtEbdDSw3jlIIrO6ydgmMvWsSSnqoAyEd7lq3TQ12VXtzGD-MwQhyfu_V26NxrJ0Fm5cz-Aq2xKgl-JZ9DxwhNgjQbOhkLP4e92MhV002BavkkDiiyMT2rTLZN91unQNnu4PSwj8WIWjGqTHydiWnR2LENNEHC-q38tyNZco"}'
    headers:
      cache-control: no-cache
      content-length: '810'
      content-type: application/json; charset=utf-8
      date: Fri, 12 Mar 2021 23:20:22 GMT
      expires: '-1'
      pragma: no-cache
      strict-transport-security: max-age=31536000;includeSubDomains
      x-content-type-options: nosniff
      x-ms-keyvault-network-info: conn_type=Ipv4;addr=172.92.159.124;act_addr_fam=InterNetwork;
      x-ms-keyvault-region: westus2
      x-ms-keyvault-service-version: 1.2.205.0
      x-powered-by: ASP.NET
    status:
      code: 200
      message: OK
    url: https://mcpatinokv.vault.azure.net/keys/livekvtestrsa-verify-409680c816cb/f0c806ad32394bf08ebbbd3e64abd156/sign?api-version=7.2-preview
- request:
    body: '{"alg": "PS512", "value": "zZyL-eOHDnnq34aZaWgBMobx4x2Pm3mPRo4eqnRmLK6sE0jsXZFOFhMXaTcvILQxovTsMMh9JupeojYCnDvfrQ"}'
    headers:
      Accept:
      - application/json
      Content-Length:
      - '115'
      Content-Type:
      - application/json
      User-Agent:
      - azsdk-python-keyvault-keys/4.4.0b4 Python/3.5.3 (Windows-10-10.0.19041-SP0)
    method: POST
    uri: https://vaultname.vault.azure.net/keys/livekvtestrsa-verify-409680c816cb/f0c806ad32394bf08ebbbd3e64abd156/sign?api-version=7.2-preview
  response:
    body:
      string: '{"kid":"https://vaultname.vault.azure.net/keys/livekvtestrsa-verify-409680c816cb/f0c806ad32394bf08ebbbd3e64abd156","value":"FRK9xtZ4kXRZKjRFeIyf9bK8S8Luq1NlIqPWMEjWk9kvsX1ydZrX7GU1fyfzw0DeDpM7RHjBIqHl9oCgGfLWLXGWVk3lnfcXacEcRJsNCREJfVKRWatfPG0OmNsxD2X7xU6CiB9z8DEKZ77raREN2i5Cq8uCC9rucptL2hcaihLjvMaZABMaNqr2c8nCgfIOPN28TlMAw08_j4sw05iuXl912sBqN3pfJQMjgMES0kfo8M5kdN_akOYhyz3gqVymJ2qHXhKcMl-Bw85d9NLLsCUn_MKFrXwUxLY15sE3Z-tJjMuXXQgatSvLwRNp-_JnjkC0E9ME7v90HRPVfg2Bozch-3kXESlRH1-wsSxw2SytGD0pHFE0NcZJlsJUglqqa4FwS6nYj7UmHvLTn3KmUMM0ssaYsGy_yLvReaP_b_9hS1yzgy0oE2C2Lj2eKs2mg7EcU5AID9dxzPoE7hbRwrgbjAfudFSGBOSEEApbcHUlLytaAXMj4fTnndehjaHu6TZCK9r7K008fzGC7xEzrcfpmfypXLfVGlqhXXg0lF5GW_lk2mkGlhWXizLmKxSX7wE8PX1Gq3qO880TlO8gd-IwFIfX7W8Qpou8w0rD-_BEFP7exPuEiO4Rio6JtRIGQl5th4kp1gZWDjaqI8K9goDFEqZa2rWgMRNKCR5ln5M"}'
    headers:
      cache-control: no-cache
      content-length: '810'
      content-type: application/json; charset=utf-8
      date: Fri, 12 Mar 2021 23:20:22 GMT
      expires: '-1'
      pragma: no-cache
      strict-transport-security: max-age=31536000;includeSubDomains
      x-content-type-options: nosniff
      x-ms-keyvault-network-info: conn_type=Ipv4;addr=172.92.159.124;act_addr_fam=InterNetwork;
      x-ms-keyvault-region: westus2
      x-ms-keyvault-service-version: 1.2.205.0
      x-powered-by: ASP.NET
    status:
      code: 200
      message: OK
    url: https://mcpatinokv.vault.azure.net/keys/livekvtestrsa-verify-409680c816cb/f0c806ad32394bf08ebbbd3e64abd156/sign?api-version=7.2-preview
- request:
    body: '{"alg": "RS256", "value": "vgZc0NQUb6WMKX___V2JntcFRO_vszKwSAj7R2rL1zg"}'
    headers:
      Accept:
      - application/json
      Content-Length:
      - '72'
      Content-Type:
      - application/json
      User-Agent:
      - azsdk-python-keyvault-keys/4.4.0b4 Python/3.5.3 (Windows-10-10.0.19041-SP0)
    method: POST
    uri: https://vaultname.vault.azure.net/keys/livekvtestrsa-verify-409680c816cb/f0c806ad32394bf08ebbbd3e64abd156/sign?api-version=7.2-preview
  response:
    body:
      string: '{"kid":"https://vaultname.vault.azure.net/keys/livekvtestrsa-verify-409680c816cb/f0c806ad32394bf08ebbbd3e64abd156","value":"W3whwHHGGHD9YsfSK-8Rod9aeyekMpIHwe3LoGDvEUmPoWdR6LCwllWZl-jT2TpRJDID6NlFzeeyAtzhVyMRiT92yRKOY3HiPCt3NTLNGn2s4vLCD6eYJKpL7u1NT5AFe2sHyH98x_UKABtwwNffRgFFQrcYXOhEbA3MDXUjk9UICwvwaFBV985YV_M9NEMl-Jue3uhNqNr2E9nrS9goo_PI-InrNGn6jLHoh25xwlOo5ropWMbM_9F6KYS3ro0TZrOt6KilXrI5PcIM8ksq8piYDtOE8q0I33yQt1jHKDTZFMFtpck49xUDC49QAqNSkrzL9d_-ZfIKGod2JStVKljM5fYpeEMUc7Cnq5WRu7G3v1XheJtVuqiOe1buNEP8eC-KbWyfLCYwRcf1z_YGYR_JOusMhLkOsMp99pAdaaKA0Z_uG9gKlaWkCiOhzn5wG4zugPLRgBQfuEx21RG5nAqKjRmURimqPXJHh2akf8pnnFoHJMwKbW9EFAhrsomGK8minOkBindmSXN1kE3JT3NqxCI6PihcXn-TWb2hBWCN6Eh_n046_LDMyg7AIuGz6RKVg3TiUhOD1A03IEQhk3817h0Ck0XxqytNB7U4DoQao5nS_AehjXJY5Kvc0mmpUD5Q9TLKFJEW9FyEbWoNPaJli7CBzpVpwmgrQUUGlSA"}'
    headers:
      cache-control: no-cache
      content-length: '810'
      content-type: application/json; charset=utf-8
      date: Fri, 12 Mar 2021 23:20:22 GMT
      expires: '-1'
      pragma: no-cache
      strict-transport-security: max-age=31536000;includeSubDomains
      x-content-type-options: nosniff
      x-ms-keyvault-network-info: conn_type=Ipv4;addr=172.92.159.124;act_addr_fam=InterNetwork;
      x-ms-keyvault-region: westus2
      x-ms-keyvault-service-version: 1.2.205.0
      x-powered-by: ASP.NET
    status:
      code: 200
      message: OK
    url: https://mcpatinokv.vault.azure.net/keys/livekvtestrsa-verify-409680c816cb/f0c806ad32394bf08ebbbd3e64abd156/sign?api-version=7.2-preview
- request:
    body: '{"alg": "RS384", "value": "OnZY76NXJ8_MBkjnc9b9RiaL5OYscmrTal040wQuLFlRrnLvJFecIvZl2KjXqwVB"}'
    headers:
      Accept:
      - application/json
      Content-Length:
      - '93'
      Content-Type:
      - application/json
      User-Agent:
      - azsdk-python-keyvault-keys/4.4.0b4 Python/3.5.3 (Windows-10-10.0.19041-SP0)
    method: POST
    uri: https://vaultname.vault.azure.net/keys/livekvtestrsa-verify-409680c816cb/f0c806ad32394bf08ebbbd3e64abd156/sign?api-version=7.2-preview
  response:
    body:
      string: '{"kid":"https://vaultname.vault.azure.net/keys/livekvtestrsa-verify-409680c816cb/f0c806ad32394bf08ebbbd3e64abd156","value":"JM_X3ARsBtr1QwWRcJOfEOVVrIljZUxG514ssHKwMHsW5T_heXqx8E3O1DwjVXt-sfMA_ybtXB1DL-6QDpYccob4mw3_W34Eai3ppozdy4qx8n-XH5gUsFOieRstNuHbEGIpb7H33cHsLcJiRbdtrF5EpVO9ZTYsmM-BrL1sh0S0ajI_EcDp_eDS4A3sAqH3Y_XhgTbUjkjEW3xvRWe61IvnE7rS8IicqmpIk3KiDDZKXUMaNGZdsGcMZvJv7ye-ODRZGllHEe72PS4cVLOoeoqPqJHssJIJkptyMbdEtIFFgT35bMkl2M8k2ZKgdMVcC8sa_lC2QHV1m1_H8lbK_VIKqrLv2zT6XSUf593zWVku8BTj3DkKAr-P19VDNDS8t7rW0rWVyzWWGzRN7Rw8e7tj2THCYZ43BqS7hqHSFf-fMp0bsC93R3AUmYQoOS_AMCENw7Z7SR0O06OCyfW_j7Zzmg3Bbp5iSU1ZwDmPd_sL-VQb81KIIXOvBFtkDa7XAl0NDz_mjJcwquq3hon6hI0QPGv4jsw5x1EVNonwIXGcrRNCv2f7orZC--qWHSypSl9DN8X2xIot2i2AJefPSXnb2c8nCaPkXIplWx_TeFlTOeqHjTLk85-pIj22gNTKwVqIK7iWFCEdxL5Ejgewr1sCdJ2C5Ukj2WbWGzp3G1w"}'
    headers:
      cache-control: no-cache
      content-length: '810'
      content-type: application/json; charset=utf-8
      date: Fri, 12 Mar 2021 23:20:22 GMT
      expires: '-1'
      pragma: no-cache
      strict-transport-security: max-age=31536000;includeSubDomains
      x-content-type-options: nosniff
      x-ms-keyvault-network-info: conn_type=Ipv4;addr=172.92.159.124;act_addr_fam=InterNetwork;
      x-ms-keyvault-region: westus2
      x-ms-keyvault-service-version: 1.2.205.0
      x-powered-by: ASP.NET
    status:
      code: 200
      message: OK
    url: https://mcpatinokv.vault.azure.net/keys/livekvtestrsa-verify-409680c816cb/f0c806ad32394bf08ebbbd3e64abd156/sign?api-version=7.2-preview
- request:
    body: '{"alg": "RS512", "value": "zZyL-eOHDnnq34aZaWgBMobx4x2Pm3mPRo4eqnRmLK6sE0jsXZFOFhMXaTcvILQxovTsMMh9JupeojYCnDvfrQ"}'
    headers:
      Accept:
      - application/json
      Content-Length:
      - '115'
      Content-Type:
      - application/json
      User-Agent:
      - azsdk-python-keyvault-keys/4.4.0b4 Python/3.5.3 (Windows-10-10.0.19041-SP0)
    method: POST
    uri: https://vaultname.vault.azure.net/keys/livekvtestrsa-verify-409680c816cb/f0c806ad32394bf08ebbbd3e64abd156/sign?api-version=7.2-preview
  response:
    body:
      string: '{"kid":"https://vaultname.vault.azure.net/keys/livekvtestrsa-verify-409680c816cb/f0c806ad32394bf08ebbbd3e64abd156","value":"Czxkc-xSAZqWp9ZSMcpWNRYVRx5xnIrNjWrMFZqpjMiKusITK0uSK9ZmYzVG0pfxD0gUv3O7eFHdApHeuzmjrpu8DPiJwVejU9xuS8rXR4qnwLC9COw3s92YkKlcpgKjEWjCL1GTDpEcSbxNjVxqryPtBFxrWg7BWnZFIV29MEH_l2T6FOrCL5NKAZ1btVLJ-AFG2BLF3vaqW0ruLbhdOzmYxaKqfyojSfDS0caAKAYhP8-AU-TTYc6CSqvIhnydFMlaIhJuqvHtdQRtv1CLKTsEC4KCWgdrbC0S_jjBit8198GqVQGHj6KEwAZ3vEhPCLeq5v6Hche6TeIiUTDV8Df0WHh7ae5vyAP-jCfAvgfA3WYvyJnU5S5jTdP_MY7u81MYCi2aS8rk7m8IQpQZ7NU07YJ45n9rDzyNW93xoBjqJTYRB-c1_dd_xzB6PE-3hm9584cvhRoGbdR_Avnr3j1P2dQiwvLl4KiOi7edduWqKrCa0VAz47qsEPJk28xYohaplGkhlH2NF_N0FEl0TavwuQH0OX6JCB__HYQwN_7ZkLAcxSWXskJWpUlhRjVGsckvXkPM5cp1lb_SbgqDsHecWNEx5qTuwyDERvrPlkOZ23clEh-2R0q0um1Q4GZy0GO3JopmfIwqbrZoAwrzU5VEpLwrIlE-xPVES89SHNc"}'
    headers:
      cache-control: no-cache
      content-length: '810'
      content-type: application/json; charset=utf-8
      date: Fri, 12 Mar 2021 23:20:22 GMT
      expires: '-1'
      pragma: no-cache
      strict-transport-security: max-age=31536000;includeSubDomains
      x-content-type-options: nosniff
      x-ms-keyvault-network-info: conn_type=Ipv4;addr=172.92.159.124;act_addr_fam=InterNetwork;
      x-ms-keyvault-region: westus2
      x-ms-keyvault-service-version: 1.2.205.0
      x-powered-by: ASP.NET
    status:
      code: 200
      message: OK
    url: https://mcpatinokv.vault.azure.net/keys/livekvtestrsa-verify-409680c816cb/f0c806ad32394bf08ebbbd3e64abd156/sign?api-version=7.2-preview
version: 1
