interactions:
- request:
    body: null
    headers:
      Accept:
      - application/json
      Content-Length:
      - '0'
      Content-Type:
      - application/json
      User-Agent:
      - azsdk-python-keyvault-keys/4.3.2 Python/3.5.3 (Windows-10-10.0.19041-SP0)
    method: POST
    uri: https://vaultname.vault.azure.netkeys/livekvtestencrypt-local8b0011d8/create?api-version=7.1
  response:
    body:
      string: '{"error":{"code":"Unauthorized","message":"Request is missing a Bearer
        or PoP token."}}'
    headers:
      cache-control: no-cache
      content-length: '87'
      content-type: application/json; charset=utf-8
      date: Fri, 05 Feb 2021 23:53:03 GMT
      expires: '-1'
      pragma: no-cache
      strict-transport-security: max-age=31536000;includeSubDomains
      www-authenticate: Bearer authorization="https://login.windows.net/72f988bf-86f1-41af-91ab-2d7cd011db47",
        resource="https://vault.azure.net"
      x-content-type-options: nosniff
      x-ms-keyvault-network-info: conn_type=Ipv4;addr=174.127.232.53;act_addr_fam=InterNetwork;
      x-ms-keyvault-region: northeurope
      x-ms-keyvault-service-version: 1.2.164.0
      x-powered-by: ASP.NET
    status:
      code: 401
      message: Unauthorized
    url: https://mcpatinotest.vault.azure.net/keys/livekvtestencrypt-local8b0011d8/create?api-version=7.1
- request:
    body: '{"key_size": 4096, "kty": "RSA"}'
    headers:
      Accept:
      - application/json
      Content-Length:
      - '32'
      Content-Type:
      - application/json
      User-Agent:
      - azsdk-python-keyvault-keys/4.3.2 Python/3.5.3 (Windows-10-10.0.19041-SP0)
    method: POST
    uri: https://vaultname.vault.azure.netkeys/livekvtestencrypt-local8b0011d8/create?api-version=7.1
  response:
    body:
      string: '{"key":{"kid":"https://vaultname.vault.azure.netkeys/livekvtestencrypt-local8b0011d8/da707394ee074c2599461efb3c69ba88","kty":"RSA","key_ops":["encrypt","decrypt","sign","verify","wrapKey","unwrapKey"],"n":"yaz1tLvZPyeojGBZlOIKGSxh5ox8weQkVAaroMA3jsUNN2hhUGoNVBNEXyyHTusM5p88AzcButmWE8fjCa9SyJdD2vUGurygcvko-1HkMG9knAQqnrZnUo3BOfvEgYsYycMsg7Pq2R8ymSptZHIGMC0XeRZWaO1r4rmyFPVARk4OBKQguWM9jlwi6G3WKKkC5Mq4N4xRsgLlFjbxbXmwl7pT0qZJBmI7-WCVP8AC7oKRMlb7VXL8A_G_4uvgbLsix3b4-Tgib1v0C6gMLHd5KKufBtvZtrEczD7mZMxXDN3rJE-QWGm5s9UERFSJDI6TDFxDzqKUrSkjM6KlmawZK8rwRdFlKwoXq7UyEkQS-tNoXgJnTHSNlroRVVEJ33gKLq60eeOSQMutTDXLs7E22WbrCrw8VwXdUgeUM6922R28Xw9BKToNfSarotDd2gUl83zgVHw-JFicGhbBOWMvJvx1PQ8zCAWCZOkGK6TUCW8qi7Amzu5kmPkY2O9NYXtxwGJ3h1gCUdcEO-tsx2-7m8ybbFGr-dsSekprEXrO40XkvNSmKRZ5NXsbeb6lLAxgcDnZaJsmbD4wcliA1AhNKh-WiSkOTddvMALyuwOZZrC--uWWPQUHsMlNt9etL3rbjfJbmhgNvJzUjadmHiSpmRwd_7WrPOV0kD8LZ2HfuZk","e":"AQAB"},"attributes":{"enabled":true,"created":1612569183,"updated":1612569183,"recoveryLevel":"Recoverable+Purgeable","recoverableDays":90}}'
    headers:
      cache-control: no-cache
      content-length: '1040'
      content-type: application/json; charset=utf-8
      date: Fri, 05 Feb 2021 23:53:04 GMT
      expires: '-1'
      pragma: no-cache
      strict-transport-security: max-age=31536000;includeSubDomains
      x-content-type-options: nosniff
      x-ms-keyvault-network-info: conn_type=Ipv4;addr=174.127.232.53;act_addr_fam=InterNetwork;
      x-ms-keyvault-region: northeurope
      x-ms-keyvault-service-version: 1.2.164.0
      x-powered-by: ASP.NET
    status:
      code: 200
      message: OK
    url: https://mcpatinotest.vault.azure.net/keys/livekvtestencrypt-local8b0011d8/create?api-version=7.1
- request:
    body: '{"alg": "RSA-OAEP", "value": "LmyZxw6tfdj23uRG7cQWuf8XBH-g-QzzudHc4B1ptPkgsu_SEMAbwPwSQRmYiNYXDUfrlZ86LOwCsd7gtpguIpNiIv2Xztq9LxO6PufHUUMYfmjvILDZevqAWdUFz1B4-niMvFVLm2DjDq74qlynjs-2JD8EFHjBS8QNOKgSKVQC2iTgfVwCiNnsPKZXWkHBCuNibgh0xiY17WqRHJcZzeOK_jq9a-Fx_Gac_CGoH3BzYolc-mjXc1blzW2GRrzlKcteBDG5vhqYJOlek0wWWMJKkQFHOJDpqvTmV6seXvsCGs9gzA96hWWNttJl70YAq9y-QwKtwst5VO1zl-Z5nu66vmPyvW06HiAdkBIeUZnPYAldlbqDJi1XyvdBA6H_PWQQ7JO0OCyxQI-fSkSIDOOrQ9w7rf5ixizfrXoSY-zCM2Bnn3Uuar-ZVMucVZrO--TEc6PXYo6S1pTeRBx8hlcpHT3KnGXpDJzz2fSXF5Sf-4RbNnwhVyYKA8JOCEMfL6Cn7z5LdnVEDSXGx62d1OED8hBLlWA65TXev4eywiR5VQizCPhTKXAYcM0HDAPKnNx7L7rShRxJM15C7o3lXWyJa-qJQurTufRmu5eVTZ0Ki50YxXWWNW8-qyt9-FbB6YeEOEMq7yQE_ZAQt6aHN2omCTj-4Nm-PDOmojy-OvE"}'
    headers:
      Accept:
      - application/json
      Content-Length:
      - '715'
      Content-Type:
      - application/json
      User-Agent:
      - azsdk-python-keyvault-keys/4.3.2 Python/3.5.3 (Windows-10-10.0.19041-SP0)
    method: POST
    uri: https://vaultname.vault.azure.netkeys/livekvtestencrypt-local8b0011d8/da707394ee074c2599461efb3c69ba88/decrypt?api-version=7.1
  response:
    body:
      string: '{"kid":"https://vaultname.vault.azure.netkeys/livekvtestencrypt-local8b0011d8/da707394ee074c2599461efb3c69ba88","value":"NTA2M2U2YWFhODQ1ZjE1MDIwMDU0Nzk0NGZkMTk5Njc5Yzk4ZWQ2Zjk5ZGEwYTBiMmRhZmVhZjFmNDY4NDQ5NmZkNTMyYzFjMjI5OTY4Y2I5ZGVlNDQ5NTdmY2VmN2NjZWY1OWNlZGEwYjM2MmU1NmJjZDc4ZmQzZmFlZTU3ODFjNjIzYzBiYjIyYjM1YmVhYmRlMDY2NGZkMzBlMGU4MjRhYmEzZGQxYjBhZmZmYzRhM2Q5NTVlZGUyMGNmNmE4NTRkNTJjZmQ"}'
    headers:
      cache-control: no-cache
      content-length: '394'
      content-type: application/json; charset=utf-8
      date: Fri, 05 Feb 2021 23:53:05 GMT
      expires: '-1'
      pragma: no-cache
      strict-transport-security: max-age=31536000;includeSubDomains
      x-content-type-options: nosniff
      x-ms-keyvault-network-info: conn_type=Ipv4;addr=174.127.232.53;act_addr_fam=InterNetwork;
      x-ms-keyvault-region: northeurope
      x-ms-keyvault-service-version: 1.2.164.0
      x-powered-by: ASP.NET
    status:
      code: 200
      message: OK
    url: https://mcpatinotest.vault.azure.net/keys/livekvtestencrypt-local8b0011d8/da707394ee074c2599461efb3c69ba88/decrypt?api-version=7.1
- request:
    body: '{"alg": "RSA-OAEP-256", "value": "K0pELH5DU8qCtq06K991VdFmWf1qmIVsRyL_AmgB6ZFTLr_-O6hqXYC3PqRDykv8bd4upQhYdm-U7j7rR_x1T0VPKLorKzwyskSwP1FgkWhpZdKrPTh8cj4q1IIPjZ4W_Dyq9DP_UMxOiRwJ9uBzNMVKCHilmxA3qV5WS6y9ChCXOUZY26qfdc0K7G1OFCcYQ5_tHn7b_Ir9ao0Do8aBjpv7307ZXy8fb-2iP4arY1yiEYCtKRos-bjDfUDmOfatLtXJz7suRnb1API3v9nzYBvamXv_28hpPIGXBc3VicpzYgX7_qxUydIDBHZrNCzTkyUhuXgNtgQO7VApiGx1DZuKxsfBBt83kcOuWPyb1OQQfMUGcHmqVwJkLcCc37xLM9b5agQUHPkm68bs0DLxFq4iwUHI2o0FikbDelVZ2W3V-3qWR3q6a6DiCA4f6J7w0Uhxti57N1TldI7FL2xO0d8UrLOxVbv-hVLHGfHqgzE1qH3uhi5rWUVdHX4Sgha8YOQp3LigOEyAA2y70c0rUYQzvqQkctK3kriGXM_DuV6bHWR_HuZzt7OZbKKmeUUIaFxTH3bxUFySY3_TQK56KaPppwrEq3Q6FzXjRtzNdRGMgGK8Jc4nYV7TFASBXEdO1uxVKB87cTIfGveXmFEPRQbnH9qjUu64tk-SgF816lw"}'
    headers:
      Accept:
      - application/json
      Content-Length:
      - '719'
      Content-Type:
      - application/json
      User-Agent:
      - azsdk-python-keyvault-keys/4.3.2 Python/3.5.3 (Windows-10-10.0.19041-SP0)
    method: POST
    uri: https://vaultname.vault.azure.netkeys/livekvtestencrypt-local8b0011d8/da707394ee074c2599461efb3c69ba88/decrypt?api-version=7.1
  response:
    body:
      string: '{"kid":"https://vaultname.vault.azure.netkeys/livekvtestencrypt-local8b0011d8/da707394ee074c2599461efb3c69ba88","value":"NTA2M2U2YWFhODQ1ZjE1MDIwMDU0Nzk0NGZkMTk5Njc5Yzk4ZWQ2Zjk5ZGEwYTBiMmRhZmVhZjFmNDY4NDQ5NmZkNTMyYzFjMjI5OTY4Y2I5ZGVlNDQ5NTdmY2VmN2NjZWY1OWNlZGEwYjM2MmU1NmJjZDc4ZmQzZmFlZTU3ODFjNjIzYzBiYjIyYjM1YmVhYmRlMDY2NGZkMzBlMGU4MjRhYmEzZGQxYjBhZmZmYzRhM2Q5NTVlZGUyMGNmNmE4NTRkNTJjZmQ"}'
    headers:
      cache-control: no-cache
      content-length: '394'
      content-type: application/json; charset=utf-8
      date: Fri, 05 Feb 2021 23:53:05 GMT
      expires: '-1'
      pragma: no-cache
      strict-transport-security: max-age=31536000;includeSubDomains
      x-content-type-options: nosniff
      x-ms-keyvault-network-info: conn_type=Ipv4;addr=174.127.232.53;act_addr_fam=InterNetwork;
      x-ms-keyvault-region: northeurope
      x-ms-keyvault-service-version: 1.2.164.0
      x-powered-by: ASP.NET
    status:
      code: 200
      message: OK
    url: https://mcpatinotest.vault.azure.net/keys/livekvtestencrypt-local8b0011d8/da707394ee074c2599461efb3c69ba88/decrypt?api-version=7.1
- request:
    body: '{"alg": "RSA1_5", "value": "D01VJU2JrcuYDwQwTq0ddJVYxdtp4oMuBsQHXPPNUDzZrWLHgwJAKPnKn8d2K0K8AxVaPQ2sLMNWvcHJtw_ObwLb3VQZlCfMZdsVP21J8nfe8rYfTTvoPzxigdq7PfAj6uz7zIz2yRbNL02hUAscRzTwk6ER3FIeZymsYlsbIdTeq7XsrYQ1FZmAGGMc78vnRcoP2JcFOhjF5W1jQaO7N6y4woRJlrjwhHRAJxWQLcuzjwjivWbVc5xJvN_IDbo_Xn9aCLUfFRRyAnblEKK3oNu4rNkCB-cPBeelsGFzf-SoFzUeyW2YIjJPM6Dh9h2JDZGixT93uCTa5lTosbvCjHcUv064czplf95-GO_rctsi08CWX4cTZ2iD8h9dozRThF7RopKKNowTogrZoKQChAJLFI2X9ovCi9EA5pEUJ4TtZHiFI0EG1KhWPFCiHmo4ezPj8ZfhkHXQnE0_FyOknySuoYfvceuhP1R3M_wJ9Rrqm1kFUbCP1YLf-QiLLEDp6hNlbxBX7Rg9i6Oadz4TbmSTipBpZKQW71XEm-3fTW6WVDnPEkyMwjvlY5uClX6usZKeI9ztS-pOxdgsVJfBNoYwrYrQdU-kp6bgsLS1LuHUaJHNUKr7pe-MP9OQtBDjRYEX6Lz2eJVJ_zz_7NNZFQkTnEngjYtJQ6UPLUORzaM"}'
    headers:
      Accept:
      - application/json
      Content-Length:
      - '713'
      Content-Type:
      - application/json
      User-Agent:
      - azsdk-python-keyvault-keys/4.3.2 Python/3.5.3 (Windows-10-10.0.19041-SP0)
    method: POST
    uri: https://vaultname.vault.azure.netkeys/livekvtestencrypt-local8b0011d8/da707394ee074c2599461efb3c69ba88/decrypt?api-version=7.1
  response:
    body:
      string: '{"kid":"https://vaultname.vault.azure.netkeys/livekvtestencrypt-local8b0011d8/da707394ee074c2599461efb3c69ba88","value":"NTA2M2U2YWFhODQ1ZjE1MDIwMDU0Nzk0NGZkMTk5Njc5Yzk4ZWQ2Zjk5ZGEwYTBiMmRhZmVhZjFmNDY4NDQ5NmZkNTMyYzFjMjI5OTY4Y2I5ZGVlNDQ5NTdmY2VmN2NjZWY1OWNlZGEwYjM2MmU1NmJjZDc4ZmQzZmFlZTU3ODFjNjIzYzBiYjIyYjM1YmVhYmRlMDY2NGZkMzBlMGU4MjRhYmEzZGQxYjBhZmZmYzRhM2Q5NTVlZGUyMGNmNmE4NTRkNTJjZmQ"}'
    headers:
      cache-control: no-cache
      content-length: '394'
      content-type: application/json; charset=utf-8
      date: Fri, 05 Feb 2021 23:53:05 GMT
      expires: '-1'
      pragma: no-cache
      strict-transport-security: max-age=31536000;includeSubDomains
      x-content-type-options: nosniff
      x-ms-keyvault-network-info: conn_type=Ipv4;addr=174.127.232.53;act_addr_fam=InterNetwork;
      x-ms-keyvault-region: northeurope
      x-ms-keyvault-service-version: 1.2.164.0
      x-powered-by: ASP.NET
    status:
      code: 200
      message: OK
    url: https://mcpatinotest.vault.azure.net/keys/livekvtestencrypt-local8b0011d8/da707394ee074c2599461efb3c69ba88/decrypt?api-version=7.1
version: 1
